2025-12-24T06:36:35.7562247Z Current runner version: '2.330.0'
2025-12-24T06:36:35.7586408Z ##[group]Runner Image Provisioner
2025-12-24T06:36:35.7587282Z Hosted Compute Agent
2025-12-24T06:36:35.7587987Z Version: 20251211.462
2025-12-24T06:36:35.7588605Z Commit: 6cbad8c2bb55d58165063d031ccabf57e2d2db61
2025-12-24T06:36:35.7589363Z Build Date: 2025-12-11T16:28:49Z
2025-12-24T06:36:35.7590130Z Worker ID: {22b43b1f-21f0-4568-b10a-c6ae5da4c273}
2025-12-24T06:36:35.7590806Z ##[endgroup]
2025-12-24T06:36:35.7591408Z ##[group]Operating System
2025-12-24T06:36:35.7591988Z Ubuntu
2025-12-24T06:36:35.7592490Z 24.04.3
2025-12-24T06:36:35.7593089Z LTS
2025-12-24T06:36:35.7593570Z ##[endgroup]
2025-12-24T06:36:35.7594090Z ##[group]Runner Image
2025-12-24T06:36:35.7595143Z Image: ubuntu-24.04
2025-12-24T06:36:35.7595714Z Version: 20251215.174.1
2025-12-24T06:36:35.7596811Z Included Software: https://github.com/actions/runner-images/blob/ubuntu24/20251215.174/images/ubuntu/Ubuntu2404-Readme.md
2025-12-24T06:36:35.7598467Z Image Release: https://github.com/actions/runner-images/releases/tag/ubuntu24%2F20251215.174
2025-12-24T06:36:35.7599492Z ##[endgroup]
2025-12-24T06:36:35.7602204Z ##[group]GITHUB_TOKEN Permissions
2025-12-24T06:36:35.7604176Z Actions: write
2025-12-24T06:36:35.7605304Z ArtifactMetadata: write
2025-12-24T06:36:35.7605881Z Attestations: write
2025-12-24T06:36:35.7606430Z Checks: write
2025-12-24T06:36:35.7607028Z Contents: write
2025-12-24T06:36:35.7607536Z Deployments: write
2025-12-24T06:36:35.7608136Z Discussions: write
2025-12-24T06:36:35.7608687Z Issues: write
2025-12-24T06:36:35.7609219Z Metadata: read
2025-12-24T06:36:35.7609760Z Models: read
2025-12-24T06:36:35.7610290Z Packages: write
2025-12-24T06:36:35.7610865Z Pages: write
2025-12-24T06:36:35.7611449Z PullRequests: write
2025-12-24T06:36:35.7612152Z RepositoryProjects: write
2025-12-24T06:36:35.7612795Z SecurityEvents: write
2025-12-24T06:36:35.7613394Z Statuses: write
2025-12-24T06:36:35.7614168Z ##[endgroup]
2025-12-24T06:36:35.7616949Z Secret source: Actions
2025-12-24T06:36:35.7617724Z Prepare workflow directory
2025-12-24T06:36:35.7940522Z Prepare all required actions
2025-12-24T06:36:35.7979383Z Getting action download info
2025-12-24T06:36:36.1330846Z Download action repository 'actions/checkout@v6.0.1' (SHA:8e8c483db84b4bee98b60c0593521ed34d9990e8)
2025-12-24T06:36:36.3540120Z Download action repository 'actions/setup-python@v6.1.0' (SHA:83679a892e2d95755f2dac6acb0bfd1e9ac5d548)
2025-12-24T06:36:36.4366991Z Download action repository 'bossOfCode/install-scratchattach@v1.0.3' (SHA:be17a7cf1ecb5a7040eb42ef26c2e1fbe72bb25a)
2025-12-24T06:36:36.8100065Z Complete job name: Run 1
2025-12-24T06:36:36.8814564Z ##[group]Run actions/checkout@v6.0.1
2025-12-24T06:36:36.8815526Z with:
2025-12-24T06:36:36.8815995Z   ref: main
2025-12-24T06:36:36.8816434Z   repository: Boss-1s/scratchattach
2025-12-24T06:36:36.8817163Z   token: ***
2025-12-24T06:36:36.8817610Z   ssh-strict: true
2025-12-24T06:36:36.8818041Z   ssh-user: git
2025-12-24T06:36:36.8818494Z   persist-credentials: true
2025-12-24T06:36:36.8819019Z   clean: true
2025-12-24T06:36:36.8819463Z   sparse-checkout-cone-mode: true
2025-12-24T06:36:36.8820002Z   fetch-depth: 1
2025-12-24T06:36:36.8820441Z   fetch-tags: false
2025-12-24T06:36:36.8820886Z   show-progress: true
2025-12-24T06:36:36.8821347Z   lfs: false
2025-12-24T06:36:36.8821772Z   submodules: false
2025-12-24T06:36:36.8822223Z   set-safe-directory: true
2025-12-24T06:36:36.8822937Z ##[endgroup]
2025-12-24T06:36:36.9759283Z Syncing repository: Boss-1s/scratchattach
2025-12-24T06:36:36.9761644Z ##[group]Getting Git version info
2025-12-24T06:36:36.9762621Z Working directory is '/home/runner/work/scratchattach/scratchattach'
2025-12-24T06:36:36.9763754Z [command]/usr/bin/git version
2025-12-24T06:36:36.9812773Z git version 2.52.0
2025-12-24T06:36:36.9835125Z ##[endgroup]
2025-12-24T06:36:36.9849504Z Temporarily overriding HOME='/home/runner/work/_temp/724ff278-bc4b-4e5f-9d42-ea98ec2d299b' before making global git config changes
2025-12-24T06:36:36.9851450Z Adding repository directory to the temporary git global config as a safe directory
2025-12-24T06:36:36.9854218Z [command]/usr/bin/git config --global --add safe.directory /home/runner/work/scratchattach/scratchattach
2025-12-24T06:36:36.9893932Z Deleting the contents of '/home/runner/work/scratchattach/scratchattach'
2025-12-24T06:36:36.9897434Z ##[group]Initializing the repository
2025-12-24T06:36:36.9902138Z [command]/usr/bin/git init /home/runner/work/scratchattach/scratchattach
2025-12-24T06:36:37.0029460Z hint: Using 'master' as the name for the initial branch. This default branch name
2025-12-24T06:36:37.0030834Z hint: will change to "main" in Git 3.0. To configure the initial branch name
2025-12-24T06:36:37.0032732Z hint: to use in all of your new repositories, which will suppress this warning,
2025-12-24T06:36:37.0034128Z hint: call:
2025-12-24T06:36:37.0035305Z hint:
2025-12-24T06:36:37.0036616Z hint: 	git config --global init.defaultBranch <name>
2025-12-24T06:36:37.0038168Z hint:
2025-12-24T06:36:37.0039615Z hint: Names commonly chosen instead of 'master' are 'main', 'trunk' and
2025-12-24T06:36:37.0042341Z hint: 'development'. The just-created branch can be renamed via this command:
2025-12-24T06:36:37.0044608Z hint:
2025-12-24T06:36:37.0045638Z hint: 	git branch -m <name>
2025-12-24T06:36:37.0046689Z hint:
2025-12-24T06:36:37.0047910Z hint: Disable this message with "git config set advice.defaultBranchName false"
2025-12-24T06:36:37.0049869Z Initialized empty Git repository in /home/runner/work/scratchattach/scratchattach/.git/
2025-12-24T06:36:37.0052821Z [command]/usr/bin/git remote add origin https://github.com/Boss-1s/scratchattach
2025-12-24T06:36:37.0081804Z ##[endgroup]
2025-12-24T06:36:37.0083156Z ##[group]Disabling automatic garbage collection
2025-12-24T06:36:37.0085965Z [command]/usr/bin/git config --local gc.auto 0
2025-12-24T06:36:37.0113457Z ##[endgroup]
2025-12-24T06:36:37.0114515Z ##[group]Setting up auth
2025-12-24T06:36:37.0115275Z Removing SSH command configuration
2025-12-24T06:36:37.0122111Z [command]/usr/bin/git config --local --name-only --get-regexp core\.sshCommand
2025-12-24T06:36:37.0153486Z [command]/usr/bin/git submodule foreach --recursive sh -c "git config --local --name-only --get-regexp 'core\.sshCommand' && git config --local --unset-all 'core.sshCommand' || :"
2025-12-24T06:36:37.0470937Z Removing HTTP extra header
2025-12-24T06:36:37.0477018Z [command]/usr/bin/git config --local --name-only --get-regexp http\.https\:\/\/github\.com\/\.extraheader
2025-12-24T06:36:37.0506635Z [command]/usr/bin/git submodule foreach --recursive sh -c "git config --local --name-only --get-regexp 'http\.https\:\/\/github\.com\/\.extraheader' && git config --local --unset-all 'http.https://github.com/.extraheader' || :"
2025-12-24T06:36:37.0720249Z Removing includeIf entries pointing to credentials config files
2025-12-24T06:36:37.0727336Z [command]/usr/bin/git config --local --name-only --get-regexp ^includeIf\.gitdir:
2025-12-24T06:36:37.0759130Z [command]/usr/bin/git submodule foreach --recursive git config --local --show-origin --name-only --get-regexp remote.origin.url
2025-12-24T06:36:37.0981450Z [command]/usr/bin/git config --file /home/runner/work/_temp/git-credentials-29e3485d-e44b-4b01-bb46-c39682503f2b.config http.https://github.com/.extraheader AUTHORIZATION: basic ***
2025-12-24T06:36:37.1016871Z [command]/usr/bin/git config --local includeIf.gitdir:/home/runner/work/scratchattach/scratchattach/.git.path /home/runner/work/_temp/git-credentials-29e3485d-e44b-4b01-bb46-c39682503f2b.config
2025-12-24T06:36:37.1047646Z [command]/usr/bin/git config --local includeIf.gitdir:/home/runner/work/scratchattach/scratchattach/.git/worktrees/*.path /home/runner/work/_temp/git-credentials-29e3485d-e44b-4b01-bb46-c39682503f2b.config
2025-12-24T06:36:37.1078050Z [command]/usr/bin/git config --local includeIf.gitdir:/github/workspace/.git.path /github/runner_temp/git-credentials-29e3485d-e44b-4b01-bb46-c39682503f2b.config
2025-12-24T06:36:37.1108207Z [command]/usr/bin/git config --local includeIf.gitdir:/github/workspace/.git/worktrees/*.path /github/runner_temp/git-credentials-29e3485d-e44b-4b01-bb46-c39682503f2b.config
2025-12-24T06:36:37.1133978Z ##[endgroup]
2025-12-24T06:36:37.1135595Z ##[group]Fetching the repository
2025-12-24T06:36:37.1144268Z [command]/usr/bin/git -c protocol.version=2 fetch --no-tags --prune --no-recurse-submodules --depth=1 origin +refs/heads/main*:refs/remotes/origin/main* +refs/tags/main*:refs/tags/main*
2025-12-24T06:36:39.8184909Z From https://github.com/Boss-1s/scratchattach
2025-12-24T06:36:39.8186771Z  * [new branch]      main       -> origin/main
2025-12-24T06:36:39.8216330Z ##[endgroup]
2025-12-24T06:36:39.8217084Z ##[group]Determining the checkout info
2025-12-24T06:36:39.8223254Z [command]/usr/bin/git branch --list --remote origin/main
2025-12-24T06:36:39.8253624Z   origin/main
2025-12-24T06:36:39.8258553Z ##[endgroup]
2025-12-24T06:36:39.8262669Z [command]/usr/bin/git sparse-checkout disable
2025-12-24T06:36:39.8336792Z [command]/usr/bin/git config --local --unset-all extensions.worktreeConfig
2025-12-24T06:36:39.8363204Z ##[group]Checking out the ref
2025-12-24T06:36:39.8367408Z [command]/usr/bin/git checkout --progress --force -B main refs/remotes/origin/main
2025-12-24T06:36:40.4952883Z Switched to a new branch 'main'
2025-12-24T06:36:40.4953554Z branch 'main' set up to track 'origin/main'.
2025-12-24T06:36:40.5013679Z ##[endgroup]
2025-12-24T06:36:40.5056184Z [command]/usr/bin/git log -1 --format=%H
2025-12-24T06:36:40.5081283Z 6fa2444b66a7ed19ec702446d8708b272000ce72
2025-12-24T06:36:40.5315155Z ##[group]Run actions/setup-python@v6.1.0
2025-12-24T06:36:40.5315485Z with:
2025-12-24T06:36:40.5315678Z   python-version: 3.13
2025-12-24T06:36:40.5315908Z   check-latest: false
2025-12-24T06:36:40.5316229Z   token: ***
2025-12-24T06:36:40.5316423Z   update-environment: true
2025-12-24T06:36:40.5316653Z   allow-prereleases: false
2025-12-24T06:36:40.5316878Z   freethreaded: false
2025-12-24T06:36:40.5317076Z ##[endgroup]
2025-12-24T06:36:40.6572011Z ##[group]Installed versions
2025-12-24T06:36:40.6672089Z (node:2120) [DEP0040] DeprecationWarning: The `punycode` module is deprecated. Please use a userland alternative instead.
2025-12-24T06:36:40.6672983Z (Use `node --trace-deprecation ...` to show where the warning was created)
2025-12-24T06:36:40.6673607Z Successfully set up CPython (3.13.11)
2025-12-24T06:36:40.6674519Z ##[endgroup]
2025-12-24T06:36:40.6809066Z ##[group]Run bossOfCode/install-scratchattach@v1.0.3
2025-12-24T06:36:40.6809408Z env:
2025-12-24T06:36:40.6809666Z   pythonLocation: /opt/hostedtoolcache/Python/3.13.11/x64
2025-12-24T06:36:40.6810098Z   PKG_CONFIG_PATH: /opt/hostedtoolcache/Python/3.13.11/x64/lib/pkgconfig
2025-12-24T06:36:40.6810506Z   Python_ROOT_DIR: /opt/hostedtoolcache/Python/3.13.11/x64
2025-12-24T06:36:40.6810854Z   Python2_ROOT_DIR: /opt/hostedtoolcache/Python/3.13.11/x64
2025-12-24T06:36:40.6811232Z   Python3_ROOT_DIR: /opt/hostedtoolcache/Python/3.13.11/x64
2025-12-24T06:36:40.6811595Z   LD_LIBRARY_PATH: /opt/hostedtoolcache/Python/3.13.11/x64/lib
2025-12-24T06:36:40.6811915Z ##[endgroup]
2025-12-24T06:36:40.6959191Z ##[group]Run python3 -m pip install --upgrade pip
2025-12-24T06:36:40.6959832Z [36;1mpython3 -m pip install --upgrade pip[0m
2025-12-24T06:36:40.7005409Z shell: /usr/bin/bash --noprofile --norc -e -o pipefail {0}
2025-12-24T06:36:40.7005755Z env:
2025-12-24T06:36:40.7006062Z   pythonLocation: /opt/hostedtoolcache/Python/3.13.11/x64
2025-12-24T06:36:40.7006476Z   PKG_CONFIG_PATH: /opt/hostedtoolcache/Python/3.13.11/x64/lib/pkgconfig
2025-12-24T06:36:40.7006883Z   Python_ROOT_DIR: /opt/hostedtoolcache/Python/3.13.11/x64
2025-12-24T06:36:40.7007234Z   Python2_ROOT_DIR: /opt/hostedtoolcache/Python/3.13.11/x64
2025-12-24T06:36:40.7007594Z   Python3_ROOT_DIR: /opt/hostedtoolcache/Python/3.13.11/x64
2025-12-24T06:36:40.7007981Z   LD_LIBRARY_PATH: /opt/hostedtoolcache/Python/3.13.11/x64/lib
2025-12-24T06:36:40.7008281Z ##[endgroup]
2025-12-24T06:36:44.0531990Z Requirement already satisfied: pip in /opt/hostedtoolcache/Python/3.13.11/x64/lib/python3.13/site-packages (25.3)
2025-12-24T06:36:44.3203339Z ##[group]Run pip install -U scratchattach
2025-12-24T06:36:44.3203675Z [36;1mpip install -U scratchattach[0m
2025-12-24T06:36:44.3236635Z shell: /usr/bin/bash --noprofile --norc -e -o pipefail {0}
2025-12-24T06:36:44.3236949Z env:
2025-12-24T06:36:44.3237217Z   pythonLocation: /opt/hostedtoolcache/Python/3.13.11/x64
2025-12-24T06:36:44.3237619Z   PKG_CONFIG_PATH: /opt/hostedtoolcache/Python/3.13.11/x64/lib/pkgconfig
2025-12-24T06:36:44.3238024Z   Python_ROOT_DIR: /opt/hostedtoolcache/Python/3.13.11/x64
2025-12-24T06:36:44.3238380Z   Python2_ROOT_DIR: /opt/hostedtoolcache/Python/3.13.11/x64
2025-12-24T06:36:44.3238735Z   Python3_ROOT_DIR: /opt/hostedtoolcache/Python/3.13.11/x64
2025-12-24T06:36:44.3239095Z   LD_LIBRARY_PATH: /opt/hostedtoolcache/Python/3.13.11/x64/lib
2025-12-24T06:36:44.3239398Z ##[endgroup]
2025-12-24T06:36:44.7895823Z Collecting scratchattach
2025-12-24T06:36:44.8816812Z   Downloading scratchattach-2.1.13-py3-none-any.whl.metadata (5.5 kB)
2025-12-24T06:36:44.9035481Z Collecting websocket-client (from scratchattach)
2025-12-24T06:36:44.9069797Z   Downloading websocket_client-1.9.0-py3-none-any.whl.metadata (8.3 kB)
2025-12-24T06:36:44.9353215Z Collecting requests (from scratchattach)
2025-12-24T06:36:44.9390383Z   Downloading requests-2.32.5-py3-none-any.whl.metadata (4.9 kB)
2025-12-24T06:36:44.9495275Z Collecting bs4 (from scratchattach)
2025-12-24T06:36:44.9526941Z   Downloading bs4-0.0.2-py2.py3-none-any.whl.metadata (411 bytes)
2025-12-24T06:36:44.9627078Z Collecting SimpleWebSocketServer (from scratchattach)
2025-12-24T06:36:44.9666959Z   Downloading SimpleWebSocketServer-0.1.2.tar.gz (10 kB)
2025-12-24T06:36:44.9745309Z   Installing build dependencies: started
2025-12-24T06:36:45.7909351Z   Installing build dependencies: finished with status 'done'
2025-12-24T06:36:45.7915930Z   Getting requirements to build wheel: started
2025-12-24T06:36:46.2117732Z   Getting requirements to build wheel: finished with status 'done'
2025-12-24T06:36:46.2126364Z   Preparing metadata (pyproject.toml): started
2025-12-24T06:36:46.4119759Z   Preparing metadata (pyproject.toml): finished with status 'done'
2025-12-24T06:36:46.4289835Z Collecting typing-extensions (from scratchattach)
2025-12-24T06:36:46.4326968Z   Downloading typing_extensions-4.15.0-py3-none-any.whl.metadata (3.3 kB)
2025-12-24T06:36:46.4509723Z Collecting beautifulsoup4 (from bs4->scratchattach)
2025-12-24T06:36:46.4541508Z   Downloading beautifulsoup4-4.14.3-py3-none-any.whl.metadata (3.8 kB)
2025-12-24T06:36:46.4732173Z Collecting soupsieve>=1.6.1 (from beautifulsoup4->bs4->scratchattach)
2025-12-24T06:36:46.4773437Z   Downloading soupsieve-2.8.1-py3-none-any.whl.metadata (4.6 kB)
2025-12-24T06:36:46.5686727Z Collecting charset_normalizer<4,>=2 (from requests->scratchattach)
2025-12-24T06:36:46.5723699Z   Downloading charset_normalizer-3.4.4-cp313-cp313-manylinux2014_x86_64.manylinux_2_17_x86_64.manylinux_2_28_x86_64.whl.metadata (37 kB)
2025-12-24T06:36:46.5925377Z Collecting idna<4,>=2.5 (from requests->scratchattach)
2025-12-24T06:36:46.5959911Z   Downloading idna-3.11-py3-none-any.whl.metadata (8.4 kB)
2025-12-24T06:36:46.6257949Z Collecting urllib3<3,>=1.21.1 (from requests->scratchattach)
2025-12-24T06:36:46.6291499Z   Downloading urllib3-2.6.2-py3-none-any.whl.metadata (6.6 kB)
2025-12-24T06:36:46.6516403Z Collecting certifi>=2017.4.17 (from requests->scratchattach)
2025-12-24T06:36:46.6555707Z   Downloading certifi-2025.11.12-py3-none-any.whl.metadata (2.5 kB)
2025-12-24T06:36:46.6661030Z Downloading scratchattach-2.1.13-py3-none-any.whl (141 kB)
2025-12-24T06:36:46.6745213Z Downloading bs4-0.0.2-py2.py3-none-any.whl (1.2 kB)
2025-12-24T06:36:46.6802699Z Downloading beautifulsoup4-4.14.3-py3-none-any.whl (107 kB)
2025-12-24T06:36:46.6859901Z Downloading soupsieve-2.8.1-py3-none-any.whl (36 kB)
2025-12-24T06:36:46.6912818Z Downloading typing_extensions-4.15.0-py3-none-any.whl (44 kB)
2025-12-24T06:36:46.6965756Z Downloading requests-2.32.5-py3-none-any.whl (64 kB)
2025-12-24T06:36:46.7019176Z Downloading charset_normalizer-3.4.4-cp313-cp313-manylinux2014_x86_64.manylinux_2_17_x86_64.manylinux_2_28_x86_64.whl (153 kB)
2025-12-24T06:36:46.7077107Z Downloading idna-3.11-py3-none-any.whl (71 kB)
2025-12-24T06:36:46.7131363Z Downloading urllib3-2.6.2-py3-none-any.whl (131 kB)
2025-12-24T06:36:46.7190374Z Downloading certifi-2025.11.12-py3-none-any.whl (159 kB)
2025-12-24T06:36:46.7248764Z Downloading websocket_client-1.9.0-py3-none-any.whl (82 kB)
2025-12-24T06:36:46.7382039Z Building wheels for collected packages: SimpleWebSocketServer
2025-12-24T06:36:46.7390922Z   Building wheel for SimpleWebSocketServer (pyproject.toml): started
2025-12-24T06:36:46.9643130Z   Building wheel for SimpleWebSocketServer (pyproject.toml): finished with status 'done'
2025-12-24T06:36:46.9648831Z   Created wheel for SimpleWebSocketServer: filename=simplewebsocketserver-0.1.2-py3-none-any.whl size=9715 sha256=ed00be8121739edd2b1ae82ffaf6cb1de90985ed92f791286fec81ec41deb251
2025-12-24T06:36:46.9650146Z   Stored in directory: /home/runner/.cache/pip/wheels/c4/5b/e8/4f2c15a82edc4923058056f6681373168be02a0c00389a6dcf
2025-12-24T06:36:46.9668106Z Successfully built SimpleWebSocketServer
2025-12-24T06:36:46.9850252Z Installing collected packages: SimpleWebSocketServer, websocket-client, urllib3, typing-extensions, soupsieve, idna, charset_normalizer, certifi, requests, beautifulsoup4, bs4, scratchattach
2025-12-24T06:36:47.5778935Z 
2025-12-24T06:36:47.5801472Z Successfully installed SimpleWebSocketServer-0.1.2 beautifulsoup4-4.14.3 bs4-0.0.2 certifi-2025.11.12 charset_normalizer-3.4.4 idna-3.11 requests-2.32.5 scratchattach-2.1.13 soupsieve-2.8.1 typing-extensions-4.15.0 urllib3-2.6.2 websocket-client-1.9.0
2025-12-24T06:36:47.6622337Z ##[group]Run actions/checkout@v6.0.1
2025-12-24T06:36:47.6622607Z with:
2025-12-24T06:36:47.6622785Z   ref: main
2025-12-24T06:36:47.6622979Z   repository: Boss-1s/scratchattach
2025-12-24T06:36:47.6623322Z   token: ***
2025-12-24T06:36:47.6623506Z   ssh-strict: true
2025-12-24T06:36:47.6623692Z   ssh-user: git
2025-12-24T06:36:47.6623905Z   persist-credentials: true
2025-12-24T06:36:47.6624124Z   clean: true
2025-12-24T06:36:47.6624685Z   sparse-checkout-cone-mode: true
2025-12-24T06:36:47.6624944Z   fetch-depth: 1
2025-12-24T06:36:47.6625134Z   fetch-tags: false
2025-12-24T06:36:47.6625321Z   show-progress: true
2025-12-24T06:36:47.6625516Z   lfs: false
2025-12-24T06:36:47.6625692Z   submodules: false
2025-12-24T06:36:47.6625882Z   set-safe-directory: true
2025-12-24T06:36:47.6626090Z env:
2025-12-24T06:36:47.6626325Z   pythonLocation: /opt/hostedtoolcache/Python/3.13.11/x64
2025-12-24T06:36:47.6626724Z   PKG_CONFIG_PATH: /opt/hostedtoolcache/Python/3.13.11/x64/lib/pkgconfig
2025-12-24T06:36:47.6627142Z   Python_ROOT_DIR: /opt/hostedtoolcache/Python/3.13.11/x64
2025-12-24T06:36:47.6627486Z   Python2_ROOT_DIR: /opt/hostedtoolcache/Python/3.13.11/x64
2025-12-24T06:36:47.6627833Z   Python3_ROOT_DIR: /opt/hostedtoolcache/Python/3.13.11/x64
2025-12-24T06:36:47.6628179Z   LD_LIBRARY_PATH: /opt/hostedtoolcache/Python/3.13.11/x64/lib
2025-12-24T06:36:47.6628472Z ##[endgroup]
2025-12-24T06:36:47.7383044Z Syncing repository: Boss-1s/scratchattach
2025-12-24T06:36:47.7385489Z ##[group]Getting Git version info
2025-12-24T06:36:47.7385870Z Working directory is '/home/runner/work/scratchattach/scratchattach'
2025-12-24T06:36:47.7419577Z [command]/usr/bin/git version
2025-12-24T06:36:47.7456791Z git version 2.52.0
2025-12-24T06:36:47.7477241Z ##[endgroup]
2025-12-24T06:36:47.7491497Z Temporarily overriding HOME='/home/runner/work/_temp/3879cfab-8157-44ac-9692-6b3c3bbda449' before making global git config changes
2025-12-24T06:36:47.7492806Z Adding repository directory to the temporary git global config as a safe directory
2025-12-24T06:36:47.7497773Z [command]/usr/bin/git config --global --add safe.directory /home/runner/work/scratchattach/scratchattach
2025-12-24T06:36:47.7535334Z [command]/usr/bin/git config --local --get remote.origin.url
2025-12-24T06:36:47.7556208Z https://github.com/Boss-1s/scratchattach
2025-12-24T06:36:47.7569714Z ##[group]Removing previously created refs, to avoid conflicts
2025-12-24T06:36:47.7574155Z [command]/usr/bin/git rev-parse --symbolic-full-name --verify --quiet HEAD
2025-12-24T06:36:47.7596094Z refs/heads/main
2025-12-24T06:36:47.7605763Z [command]/usr/bin/git checkout --detach
2025-12-24T06:36:48.1765081Z HEAD is now at 6fa2444 [BOT] Download Logs
2025-12-24T06:36:48.1819031Z [command]/usr/bin/git branch --delete --force main
2025-12-24T06:36:48.1849249Z Deleted branch main (was 6fa2444).
2025-12-24T06:36:48.1886089Z ##[endgroup]
2025-12-24T06:36:48.1890141Z [command]/usr/bin/git submodule status
2025-12-24T06:36:48.2124831Z ##[group]Cleaning the repository
2025-12-24T06:36:48.2130117Z [command]/usr/bin/git clean -ffdx
2025-12-24T06:36:48.2181371Z [command]/usr/bin/git reset --hard HEAD
2025-12-24T06:36:48.2277155Z HEAD is now at 6fa2444 [BOT] Download Logs
2025-12-24T06:36:48.2282927Z ##[endgroup]
2025-12-24T06:36:48.2285165Z ##[group]Disabling automatic garbage collection
2025-12-24T06:36:48.2289345Z [command]/usr/bin/git config --local gc.auto 0
2025-12-24T06:36:48.2317778Z ##[endgroup]
2025-12-24T06:36:48.2318353Z ##[group]Setting up auth
2025-12-24T06:36:48.2320334Z Removing SSH command configuration
2025-12-24T06:36:48.2326773Z [command]/usr/bin/git config --local --name-only --get-regexp core\.sshCommand
2025-12-24T06:36:48.2358315Z [command]/usr/bin/git submodule foreach --recursive sh -c "git config --local --name-only --get-regexp 'core\.sshCommand' && git config --local --unset-all 'core.sshCommand' || :"
2025-12-24T06:36:48.2613160Z Removing HTTP extra header
2025-12-24T06:36:48.2620416Z [command]/usr/bin/git config --local --name-only --get-regexp http\.https\:\/\/github\.com\/\.extraheader
2025-12-24T06:36:48.2653823Z [command]/usr/bin/git submodule foreach --recursive sh -c "git config --local --name-only --get-regexp 'http\.https\:\/\/github\.com\/\.extraheader' && git config --local --unset-all 'http.https://github.com/.extraheader' || :"
2025-12-24T06:36:48.2879407Z Removing includeIf entries pointing to credentials config files
2025-12-24T06:36:48.2886236Z [command]/usr/bin/git config --local --name-only --get-regexp ^includeIf\.gitdir:
2025-12-24T06:36:48.2911628Z includeif.gitdir:/home/runner/work/scratchattach/scratchattach/.git.path
2025-12-24T06:36:48.2912618Z includeif.gitdir:/home/runner/work/scratchattach/scratchattach/.git/worktrees/*.path
2025-12-24T06:36:48.2913464Z includeif.gitdir:/github/workspace/.git.path
2025-12-24T06:36:48.2914082Z includeif.gitdir:/github/workspace/.git/worktrees/*.path
2025-12-24T06:36:48.2922102Z [command]/usr/bin/git config --local --get-all includeif.gitdir:/home/runner/work/scratchattach/scratchattach/.git.path
2025-12-24T06:36:48.2943932Z /home/runner/work/_temp/git-credentials-29e3485d-e44b-4b01-bb46-c39682503f2b.config
2025-12-24T06:36:48.2954159Z [command]/usr/bin/git config --local --unset includeif.gitdir:/home/runner/work/scratchattach/scratchattach/.git.path /home/runner/work/_temp/git-credentials-29e3485d-e44b-4b01-bb46-c39682503f2b.config
2025-12-24T06:36:48.2985563Z [command]/usr/bin/git config --local --get-all includeif.gitdir:/home/runner/work/scratchattach/scratchattach/.git/worktrees/*.path
2025-12-24T06:36:48.3006968Z /home/runner/work/_temp/git-credentials-29e3485d-e44b-4b01-bb46-c39682503f2b.config
2025-12-24T06:36:48.3015986Z [command]/usr/bin/git config --local --unset includeif.gitdir:/home/runner/work/scratchattach/scratchattach/.git/worktrees/*.path /home/runner/work/_temp/git-credentials-29e3485d-e44b-4b01-bb46-c39682503f2b.config
2025-12-24T06:36:48.3047122Z [command]/usr/bin/git config --local --get-all includeif.gitdir:/github/workspace/.git.path
2025-12-24T06:36:48.3068060Z /github/runner_temp/git-credentials-29e3485d-e44b-4b01-bb46-c39682503f2b.config
2025-12-24T06:36:48.3076228Z [command]/usr/bin/git config --local --unset includeif.gitdir:/github/workspace/.git.path /github/runner_temp/git-credentials-29e3485d-e44b-4b01-bb46-c39682503f2b.config
2025-12-24T06:36:48.3107856Z [command]/usr/bin/git config --local --get-all includeif.gitdir:/github/workspace/.git/worktrees/*.path
2025-12-24T06:36:48.3129480Z /github/runner_temp/git-credentials-29e3485d-e44b-4b01-bb46-c39682503f2b.config
2025-12-24T06:36:48.3139508Z [command]/usr/bin/git config --local --unset includeif.gitdir:/github/workspace/.git/worktrees/*.path /github/runner_temp/git-credentials-29e3485d-e44b-4b01-bb46-c39682503f2b.config
2025-12-24T06:36:48.3171864Z [command]/usr/bin/git submodule foreach --recursive git config --local --show-origin --name-only --get-regexp remote.origin.url
2025-12-24T06:36:48.3395015Z Removing credentials config '/home/runner/work/_temp/git-credentials-29e3485d-e44b-4b01-bb46-c39682503f2b.config'
2025-12-24T06:36:48.3408797Z [command]/usr/bin/git config --file /home/runner/work/_temp/git-credentials-ea7c794a-1bdc-4599-b4b3-bde29f1bb2c6.config http.https://github.com/.extraheader AUTHORIZATION: basic ***
2025-12-24T06:36:48.3445299Z [command]/usr/bin/git config --local includeIf.gitdir:/home/runner/work/scratchattach/scratchattach/.git.path /home/runner/work/_temp/git-credentials-ea7c794a-1bdc-4599-b4b3-bde29f1bb2c6.config
2025-12-24T06:36:48.3476425Z [command]/usr/bin/git config --local includeIf.gitdir:/home/runner/work/scratchattach/scratchattach/.git/worktrees/*.path /home/runner/work/_temp/git-credentials-ea7c794a-1bdc-4599-b4b3-bde29f1bb2c6.config
2025-12-24T06:36:48.3506530Z [command]/usr/bin/git config --local includeIf.gitdir:/github/workspace/.git.path /github/runner_temp/git-credentials-ea7c794a-1bdc-4599-b4b3-bde29f1bb2c6.config
2025-12-24T06:36:48.3536749Z [command]/usr/bin/git config --local includeIf.gitdir:/github/workspace/.git/worktrees/*.path /github/runner_temp/git-credentials-ea7c794a-1bdc-4599-b4b3-bde29f1bb2c6.config
2025-12-24T06:36:48.3562780Z ##[endgroup]
2025-12-24T06:36:48.3563351Z ##[group]Fetching the repository
2025-12-24T06:36:48.3605242Z [command]/usr/bin/git -c protocol.version=2 fetch --no-tags --prune --no-recurse-submodules --depth=1 origin +refs/heads/main*:refs/remotes/origin/main* +refs/tags/main*:refs/tags/main*
2025-12-24T06:36:48.5279618Z ##[endgroup]
2025-12-24T06:36:48.5280173Z ##[group]Determining the checkout info
2025-12-24T06:36:48.5287224Z [command]/usr/bin/git branch --list --remote origin/main
2025-12-24T06:36:48.5313834Z   origin/main
2025-12-24T06:36:48.5318565Z ##[endgroup]
2025-12-24T06:36:48.5323417Z [command]/usr/bin/git sparse-checkout disable
2025-12-24T06:36:48.5385988Z [command]/usr/bin/git config --local --unset-all extensions.worktreeConfig
2025-12-24T06:36:48.5412810Z ##[group]Checking out the ref
2025-12-24T06:36:48.5418395Z [command]/usr/bin/git checkout --progress --force -B main refs/remotes/origin/main
2025-12-24T06:36:48.5487788Z Switched to a new branch 'main'
2025-12-24T06:36:48.5490024Z branch 'main' set up to track 'origin/main'.
2025-12-24T06:36:48.5495402Z ##[endgroup]
2025-12-24T06:36:48.5539720Z [command]/usr/bin/git log -1 --format=%H
2025-12-24T06:36:48.5563056Z 6fa2444b66a7ed19ec702446d8708b272000ce72
2025-12-24T06:36:48.5675404Z ##[group]Run timeout 359m python3 message_viewer.py || { [[ $? -eq 124 ]] && exit 0; }
2025-12-24T06:36:48.5676023Z [36;1mtimeout 359m python3 message_viewer.py || { [[ $? -eq 124 ]] && exit 0; }[0m
2025-12-24T06:36:48.5710532Z shell: /usr/bin/bash -e {0}
2025-12-24T06:36:48.5710766Z env:
2025-12-24T06:36:48.5711028Z   pythonLocation: /opt/hostedtoolcache/Python/3.13.11/x64
2025-12-24T06:36:48.5711487Z   PKG_CONFIG_PATH: /opt/hostedtoolcache/Python/3.13.11/x64/lib/pkgconfig
2025-12-24T06:36:48.5711883Z   Python_ROOT_DIR: /opt/hostedtoolcache/Python/3.13.11/x64
2025-12-24T06:36:48.5712245Z   Python2_ROOT_DIR: /opt/hostedtoolcache/Python/3.13.11/x64
2025-12-24T06:36:48.5712595Z   Python3_ROOT_DIR: /opt/hostedtoolcache/Python/3.13.11/x64
2025-12-24T06:36:48.5712966Z   LD_LIBRARY_PATH: /opt/hostedtoolcache/Python/3.13.11/x64/lib
2025-12-24T06:36:48.5713449Z   PASS: ***
2025-12-24T06:36:48.5713634Z ##[endgroup]
2025-12-24T06:36:49.7963873Z Thanks for giving credit for CloudRequests!
2025-12-24T06:36:49.7970003Z Request handler is running
2025-12-24T07:15:39.9104813Z CloudEvents: Disconnected. Reconnecting ... 1766558269.7279723
2025-12-24T07:15:39.9105419Z CloudEvents: Reconnected. 1766558269.8281593
2025-12-24T07:15:39.9105893Z CloudEvents: Disconnected. Reconnecting ... 1766558304.8449414
2025-12-24T07:15:39.9106354Z CloudEvents: Reconnected. 1766558304.9451
2025-12-24T07:15:39.9106790Z CloudEvents: Disconnected. Reconnecting ... 1766558380.820567
2025-12-24T07:15:39.9107233Z CloudEvents: Reconnected. 1766558380.9207332
2025-12-24T07:15:39.9107673Z CloudEvents: Disconnected. Reconnecting ... 1766558381.3230648
2025-12-24T07:15:39.9108128Z CloudEvents: Reconnected. 1766558381.4232073
2025-12-24T07:15:39.9108555Z CloudEvents: Disconnected. Reconnecting ... 1766558437.9397566
2025-12-24T07:15:39.9108998Z CloudEvents: Reconnected. 1766558438.0399146
2025-12-24T07:15:39.9109428Z CloudEvents: Disconnected. Reconnecting ... 1766558438.3838322
2025-12-24T07:15:39.9109901Z CloudEvents: Reconnected. 1766558438.4840147
2025-12-24T07:15:39.9110371Z CloudEvents: Disconnected. Reconnecting ... 1766558487.5294127
2025-12-24T07:15:39.9110809Z CloudEvents: Reconnected. 1766558487.629583
2025-12-24T07:15:39.9111244Z CloudEvents: Disconnected. Reconnecting ... 1766558487.9904819
2025-12-24T07:15:39.9111686Z CloudEvents: Reconnected. 1766558488.090654
2025-12-24T07:15:39.9112108Z CloudEvents: Disconnected. Reconnecting ... 1766558501.2582927
2025-12-24T07:15:39.9112584Z CloudEvents: Reconnected. 1766558501.3584723
2025-12-24T07:15:39.9112982Z CloudEvents: Disconnected. Reconnecting ... 1766558508.3882651
2025-12-24T07:15:39.9113360Z CloudEvents: Reconnected. 1766558508.4884605
2025-12-24T07:15:39.9113730Z CloudEvents: Disconnected. Reconnecting ... 1766558512.8046484
2025-12-24T07:15:39.9114110Z CloudEvents: Reconnected. 1766558512.9048026
2025-12-24T07:15:39.9114627Z CloudEvents: Disconnected. Reconnecting ... 1766558513.2613237
2025-12-24T07:15:39.9115038Z CloudEvents: Reconnected. 1766558513.3614905
2025-12-24T07:15:39.9115415Z CloudEvents: Disconnected. Reconnecting ... 1766558517.2111297
2025-12-24T07:15:39.9115801Z CloudEvents: Reconnected. 1766558517.3112955
2025-12-24T07:15:39.9116166Z CloudEvents: Disconnected. Reconnecting ... 1766558517.6752489
2025-12-24T07:15:39.9116542Z CloudEvents: Reconnected. 1766558517.775795
2025-12-24T07:15:39.9116909Z CloudEvents: Disconnected. Reconnecting ... 1766558570.695875
2025-12-24T07:15:39.9117283Z CloudEvents: Reconnected. 1766558570.7960422
2025-12-24T07:15:39.9117671Z CloudEvents: Disconnected. Reconnecting ... 1766558575.4778304
2025-12-24T07:15:39.9118060Z CloudEvents: Reconnected. 1766558575.5779881
2025-12-24T07:15:39.9118429Z CloudEvents: Disconnected. Reconnecting ... 1766558575.9345448
2025-12-24T07:15:39.9118810Z CloudEvents: Reconnected. 1766558576.034742
2025-12-24T07:15:39.9119173Z CloudEvents: Disconnected. Reconnecting ... 1766558593.7418501
2025-12-24T07:15:39.9119554Z CloudEvents: Reconnected. 1766558593.8420186
2025-12-24T07:15:39.9120332Z CloudEvents: Disconnected. Reconnecting ... 1766558626.8070197
2025-12-24T07:15:39.9120716Z CloudEvents: Reconnected. 1766558626.907173
2025-12-24T07:15:39.9121087Z CloudEvents: Disconnected. Reconnecting ... 1766558627.2671103
2025-12-24T07:15:39.9121470Z CloudEvents: Reconnected. 1766558627.3672664
2025-12-24T07:15:39.9121838Z CloudEvents: Disconnected. Reconnecting ... 1766558636.130286
2025-12-24T07:15:39.9122218Z CloudEvents: Reconnected. 1766558636.2304728
2025-12-24T07:15:39.9122588Z CloudEvents: Disconnected. Reconnecting ... 1766558636.6426554
2025-12-24T07:15:39.9122971Z CloudEvents: Reconnected. 1766558636.7428133
2025-12-24T07:15:39.9123338Z CloudEvents: Disconnected. Reconnecting ... 1766558641.407037
2025-12-24T07:15:39.9123667Z CloudEvents: Reconnected. 1766558641.5072005
2025-12-24T07:15:39.9123985Z CloudEvents: Disconnected. Reconnecting ... 1766558641.8941402
2025-12-24T07:15:39.9124312Z CloudEvents: Reconnected. 1766558641.994289
2025-12-24T07:15:39.9124744Z CloudEvents: Disconnected. Reconnecting ... 1766558658.779205
2025-12-24T07:15:39.9125062Z CloudEvents: Reconnected. 1766558658.8793619
2025-12-24T07:15:39.9125542Z CloudEvents: Disconnected. Reconnecting ... 1766558659.2173758
2025-12-24T07:15:39.9125852Z CloudEvents: Reconnected. 1766558659.3175254
2025-12-24T07:15:39.9126160Z CloudEvents: Disconnected. Reconnecting ... 1766558673.2217383
2025-12-24T07:15:39.9126477Z CloudEvents: Reconnected. 1766558673.3219123
2025-12-24T07:15:39.9126777Z CloudEvents: Disconnected. Reconnecting ... 1766558673.6574144
2025-12-24T07:15:39.9127094Z CloudEvents: Reconnected. 1766558673.7575588
2025-12-24T07:15:39.9127412Z CloudEvents: Disconnected. Reconnecting ... 1766558689.9035656
2025-12-24T07:15:39.9127734Z CloudEvents: Reconnected. 1766558690.00373
2025-12-24T07:15:39.9128044Z CloudEvents: Disconnected. Reconnecting ... 1766558690.34002
2025-12-24T07:15:39.9128362Z CloudEvents: Reconnected. 1766558690.4401956
2025-12-24T07:15:39.9128673Z CloudEvents: Disconnected. Reconnecting ... 1766558812.3198702
2025-12-24T07:15:39.9129006Z CloudEvents: Reconnected. 1766558812.4200304
2025-12-24T07:15:39.9129319Z CloudEvents: Disconnected. Reconnecting ... 1766558823.2353444
2025-12-24T07:15:39.9129643Z CloudEvents: Reconnected. 1766558823.335531
2025-12-24T07:15:39.9129954Z CloudEvents: Disconnected. Reconnecting ... 1766558823.6676269
2025-12-24T07:15:39.9130320Z CloudEvents: Reconnected. 1766558823.7677736
2025-12-24T07:15:39.9130659Z CloudEvents: Disconnected. Reconnecting ... 1766558835.120708
2025-12-24T07:15:39.9130976Z CloudEvents: Reconnected. 1766558835.2208712
2025-12-24T07:15:39.9131281Z CloudEvents: Disconnected. Reconnecting ... 1766558835.5703187
2025-12-24T07:15:39.9131588Z CloudEvents: Reconnected. 1766558835.670488
2025-12-24T07:15:39.9131895Z CloudEvents: Disconnected. Reconnecting ... 1766558840.7604136
2025-12-24T07:15:39.9132207Z CloudEvents: Reconnected. 1766558840.8605502
2025-12-24T07:15:39.9132511Z CloudEvents: Disconnected. Reconnecting ... 1766558841.2047765
2025-12-24T07:15:39.9132835Z CloudEvents: Reconnected. 1766558841.3049324
2025-12-24T07:15:39.9133142Z CloudEvents: Disconnected. Reconnecting ... 1766558910.8701763
2025-12-24T07:15:39.9133455Z CloudEvents: Reconnected. 1766558910.9703557
2025-12-24T07:15:39.9133761Z CloudEvents: Disconnected. Reconnecting ... 1766558911.3162415
2025-12-24T07:15:39.9134070Z CloudEvents: Reconnected. 1766558911.4164176
2025-12-24T07:15:39.9134471Z CloudEvents: Disconnected. Reconnecting ... 1766559098.126837
2025-12-24T07:15:39.9134787Z CloudEvents: Reconnected. 1766559098.2270055
2025-12-24T07:15:39.9135161Z CloudEvents: Disconnected. Reconnecting ... 1766559098.6249135
2025-12-24T07:15:39.9135475Z CloudEvents: Reconnected. 1766559098.725087
2025-12-24T07:15:39.9135782Z CloudEvents: Disconnected. Reconnecting ... 1766559168.0441663
2025-12-24T07:15:39.9136093Z CloudEvents: Reconnected. 1766559168.144335
2025-12-24T07:15:39.9136396Z CloudEvents: Disconnected. Reconnecting ... 1766559410.1231906
2025-12-24T07:15:39.9136850Z CloudEvents: Reconnected. 1766559410.223356
2025-12-24T07:15:39.9137159Z CloudEvents: Disconnected. Reconnecting ... 1766559410.5866206
2025-12-24T07:15:39.9137483Z CloudEvents: Reconnected. 1766559410.6867933
2025-12-24T07:15:39.9137784Z CloudEvents: Disconnected. Reconnecting ... 1766559495.99999
2025-12-24T07:15:39.9138094Z CloudEvents: Reconnected. 1766559496.1001582
2025-12-24T07:15:39.9138400Z CloudEvents: Disconnected. Reconnecting ... 1766559496.5008757
2025-12-24T07:15:39.9138704Z CloudEvents: Reconnected. 1766559496.601022
2025-12-24T07:15:39.9139010Z CloudEvents: Disconnected. Reconnecting ... 1766559516.4532838
2025-12-24T07:15:39.9139325Z CloudEvents: Reconnected. 1766559516.55347
2025-12-24T07:15:39.9139624Z CloudEvents: Disconnected. Reconnecting ... 1766559516.9002745
2025-12-24T07:15:39.9139933Z CloudEvents: Reconnected. 1766559517.00043
2025-12-24T07:15:39.9140235Z CloudEvents: Disconnected. Reconnecting ... 1766559558.2566519
2025-12-24T07:15:39.9140547Z CloudEvents: Reconnected. 1766559558.356815
2025-12-24T07:15:39.9140853Z CloudEvents: Disconnected. Reconnecting ... 1766559567.7258594
2025-12-24T07:15:39.9141309Z CloudEvents: Reconnected. 1766559567.8260303
2025-12-24T07:15:39.9141612Z CloudEvents: Disconnected. Reconnecting ... 1766559577.8236542
2025-12-24T07:15:39.9141923Z CloudEvents: Reconnected. 1766559577.9238245
2025-12-24T07:15:39.9142223Z CloudEvents: Disconnected. Reconnecting ... 1766559578.273688
2025-12-24T07:15:39.9142537Z CloudEvents: Reconnected. 1766559578.3738391
2025-12-24T07:15:39.9142851Z CloudEvents: Disconnected. Reconnecting ... 1766559759.1830487
2025-12-24T07:15:39.9143156Z CloudEvents: Reconnected. 1766559759.2832146
2025-12-24T07:15:39.9143465Z CloudEvents: Disconnected. Reconnecting ... 1766559759.646146
2025-12-24T07:15:39.9143778Z CloudEvents: Reconnected. 1766559759.7463238
2025-12-24T07:15:39.9144078Z CloudEvents: Disconnected. Reconnecting ... 1766559764.9019802
2025-12-24T07:15:39.9144496Z CloudEvents: Reconnected. 1766559765.002147
2025-12-24T07:15:39.9144806Z CloudEvents: Disconnected. Reconnecting ... 1766559765.3518224
2025-12-24T07:15:39.9145117Z CloudEvents: Reconnected. 1766559765.451998
2025-12-24T07:15:39.9145422Z CloudEvents: Disconnected. Reconnecting ... 1766559875.566831
2025-12-24T07:15:39.9145734Z CloudEvents: Reconnected. 1766559875.6669958
2025-12-24T07:15:39.9146035Z CloudEvents: Disconnected. Reconnecting ... 1766559900.9431262
2025-12-24T07:15:39.9146351Z CloudEvents: Reconnected. 1766559901.0433018
2025-12-24T07:15:39.9146653Z CloudEvents: Disconnected. Reconnecting ... 1766559991.8503847
2025-12-24T07:15:39.9146967Z CloudEvents: Reconnected. 1766559991.9505486
2025-12-24T07:15:39.9147271Z CloudEvents: Disconnected. Reconnecting ... 1766559992.309766
2025-12-24T07:15:39.9147575Z CloudEvents: Reconnected. 1766559992.409946
2025-12-24T07:15:39.9147876Z CloudEvents: Disconnected. Reconnecting ... 1766560069.941197
2025-12-24T07:15:39.9148187Z CloudEvents: Reconnected. 1766560070.0413785
2025-12-24T07:15:39.9148492Z CloudEvents: Disconnected. Reconnecting ... 1766560070.3808463
2025-12-24T07:15:39.9148811Z CloudEvents: Reconnected. 1766560070.4810305
2025-12-24T07:15:39.9149119Z CloudEvents: Disconnected. Reconnecting ... 1766560078.918794
2025-12-24T07:15:39.9149425Z CloudEvents: Reconnected. 1766560079.0189602
2025-12-24T07:15:39.9149729Z CloudEvents: Disconnected. Reconnecting ... 1766560079.357879
2025-12-24T07:15:39.9150040Z CloudEvents: Reconnected. 1766560079.4580343
2025-12-24T07:15:39.9150342Z CloudEvents: Disconnected. Reconnecting ... 1766560108.2461321
2025-12-24T07:15:39.9150655Z CloudEvents: Reconnected. 1766560108.3462443
2025-12-24T07:15:39.9150954Z CloudEvents: Disconnected. Reconnecting ... 1766560108.684492
2025-12-24T07:15:39.9151266Z CloudEvents: Reconnected. 1766560108.7846434
2025-12-24T07:15:39.9151570Z CloudEvents: Disconnected. Reconnecting ... 1766560118.917017
2025-12-24T07:15:39.9151874Z CloudEvents: Reconnected. 1766560119.0171728
2025-12-24T07:15:39.9152179Z CloudEvents: Disconnected. Reconnecting ... 1766560119.3589573
2025-12-24T07:15:39.9152617Z CloudEvents: Reconnected. 1766560119.4591317
2025-12-24T07:15:39.9152929Z CloudEvents: Disconnected. Reconnecting ... 1766560175.6866832
2025-12-24T07:15:39.9153243Z CloudEvents: Reconnected. 1766560175.7868435
2025-12-24T07:15:39.9153546Z CloudEvents: Disconnected. Reconnecting ... 1766560176.15196
2025-12-24T07:15:39.9153850Z CloudEvents: Reconnected. 1766560176.2521274
2025-12-24T07:15:39.9154156Z CloudEvents: Disconnected. Reconnecting ... 1766560428.822675
2025-12-24T07:15:39.9154587Z CloudEvents: Reconnected. 1766560428.9228272
2025-12-24T07:15:39.9154889Z CloudEvents: Disconnected. Reconnecting ... 1766560429.2652602
2025-12-24T07:15:39.9155201Z CloudEvents: Reconnected. 1766560429.365415
2025-12-24T07:15:39.9155500Z CloudEvents: Disconnected. Reconnecting ... 1766560515.2188609
2025-12-24T07:15:39.9155813Z CloudEvents: Reconnected. 1766560515.3189986
2025-12-24T07:15:39.9156122Z CloudEvents: Disconnected. Reconnecting ... 1766560515.6850321
2025-12-24T07:15:39.9156436Z CloudEvents: Reconnected. 1766560515.7851717
2025-12-24T07:15:39.9156743Z CloudEvents: Disconnected. Reconnecting ... 1766560521.4379396
2025-12-24T07:15:39.9157206Z CloudEvents: Reconnected. 1766560521.5381033
2025-12-24T07:15:39.9157506Z CloudEvents: Disconnected. Reconnecting ... 1766560521.8856535
2025-12-24T07:15:39.9157816Z CloudEvents: Reconnected. 1766560521.9858098
2025-12-24T07:49:53.3045074Z CloudEvents: Disconnected. Reconnecting ... 1766560539.9102082
2025-12-24T07:49:53.3046224Z CloudEvents: Reconnected. 1766560540.0104656
2025-12-24T07:49:53.3047095Z CloudEvents: Disconnected. Reconnecting ... 1766560540.351287
2025-12-24T07:49:53.3047676Z CloudEvents: Reconnected. 1766560540.4514296
2025-12-24T07:49:53.3048241Z CloudEvents: Disconnected. Reconnecting ... 1766560658.4590592
2025-12-24T07:49:53.3048816Z CloudEvents: Reconnected. 1766560658.559221
2025-12-24T07:49:53.3049383Z CloudEvents: Disconnected. Reconnecting ... 1766560658.9211257
2025-12-24T07:49:53.3049965Z CloudEvents: Reconnected. 1766560659.0212672
2025-12-24T07:49:53.3050553Z CloudEvents: Disconnected. Reconnecting ... 1766560704.5219438
2025-12-24T07:49:53.3051144Z CloudEvents: Reconnected. 1766560704.6221137
2025-12-24T07:49:53.3051704Z CloudEvents: Disconnected. Reconnecting ... 1766560704.9729712
2025-12-24T07:49:53.3052269Z CloudEvents: Reconnected. 1766560705.0731285
2025-12-24T07:49:53.3052825Z CloudEvents: Disconnected. Reconnecting ... 1766560860.6652534
2025-12-24T07:49:53.3053391Z CloudEvents: Reconnected. 1766560860.7654092
2025-12-24T07:49:53.3053938Z CloudEvents: Disconnected. Reconnecting ... 1766560872.8699174
2025-12-24T07:49:53.3054817Z CloudEvents: Reconnected. 1766560872.970077
2025-12-24T07:49:53.3055393Z CloudEvents: Disconnected. Reconnecting ... 1766560873.385147
2025-12-24T07:49:53.3055958Z CloudEvents: Reconnected. 1766560873.4853256
2025-12-24T07:49:53.3056512Z CloudEvents: Disconnected. Reconnecting ... 1766560879.5377922
2025-12-24T07:49:53.3057232Z CloudEvents: Reconnected. 1766560879.6379461
2025-12-24T07:49:53.3058100Z CloudEvents: Disconnected. Reconnecting ... 1766560879.9866805
2025-12-24T07:49:53.3059108Z CloudEvents: Reconnected. 1766560880.0868251
2025-12-24T07:49:53.3060030Z CloudEvents: Disconnected. Reconnecting ... 1766560923.3826065
2025-12-24T07:49:53.3060875Z CloudEvents: Reconnected. 1766560923.4827895
2025-12-24T07:49:53.3061779Z CloudEvents: Disconnected. Reconnecting ... 1766560923.8475914
2025-12-24T07:49:53.3062729Z CloudEvents: Reconnected. 1766560923.9477317
2025-12-24T07:49:53.3063486Z CloudEvents: Disconnected. Reconnecting ... 1766560948.0168993
2025-12-24T07:49:53.3064105Z CloudEvents: Reconnected. 1766560948.1170518
2025-12-24T07:49:53.3064700Z CloudEvents: Disconnected. Reconnecting ... 1766560948.4497533
2025-12-24T07:49:53.3065158Z CloudEvents: Reconnected. 1766560948.5499082
2025-12-24T07:49:53.3065606Z CloudEvents: Disconnected. Reconnecting ... 1766560953.9407878
2025-12-24T07:49:53.3066059Z CloudEvents: Reconnected. 1766560954.0409396
2025-12-24T07:49:53.3066866Z CloudEvents: Disconnected. Reconnecting ... 1766560989.9914196
2025-12-24T07:49:53.3067324Z CloudEvents: Reconnected. 1766560990.0916467
2025-12-24T07:49:53.3067786Z CloudEvents: Disconnected. Reconnecting ... 1766560990.4364142
2025-12-24T07:49:53.3068203Z CloudEvents: Reconnected. 1766560990.5365474
2025-12-24T07:49:53.3068554Z CloudEvents: Disconnected. Reconnecting ... 1766561198.4753528
2025-12-24T07:49:53.3068884Z CloudEvents: Reconnected. 1766561198.5755115
2025-12-24T07:49:53.3069210Z CloudEvents: Disconnected. Reconnecting ... 1766561198.9307373
2025-12-24T07:49:53.3069544Z CloudEvents: Reconnected. 1766561199.0308697
2025-12-24T07:49:53.3069871Z CloudEvents: Disconnected. Reconnecting ... 1766561254.5183194
2025-12-24T07:49:53.3070203Z CloudEvents: Reconnected. 1766561254.6185167
2025-12-24T07:49:53.3070526Z CloudEvents: Disconnected. Reconnecting ... 1766561254.9587996
2025-12-24T07:49:53.3070851Z CloudEvents: Reconnected. 1766561255.0589604
2025-12-24T07:49:53.3071175Z CloudEvents: Disconnected. Reconnecting ... 1766561378.7078524
2025-12-24T07:49:53.3071507Z CloudEvents: Reconnected. 1766561378.808032
2025-12-24T07:49:53.3073649Z CloudEvents: Disconnected. Reconnecting ... 1766561379.169515
2025-12-24T07:49:53.3074014Z CloudEvents: Reconnected. 1766561379.2696779
2025-12-24T07:49:53.3074524Z CloudEvents: Disconnected. Reconnecting ... 1766561407.084529
2025-12-24T07:49:53.3074874Z CloudEvents: Reconnected. 1766561407.1847007
2025-12-24T07:49:53.3075212Z CloudEvents: Disconnected. Reconnecting ... 1766561407.5289679
2025-12-24T07:49:53.3075552Z CloudEvents: Reconnected. 1766561407.6291358
2025-12-24T07:49:53.3075880Z CloudEvents: Disconnected. Reconnecting ... 1766561411.818882
2025-12-24T07:49:53.3076215Z CloudEvents: Reconnected. 1766561411.9190347
2025-12-24T07:49:53.3076538Z CloudEvents: Disconnected. Reconnecting ... 1766561412.2577343
2025-12-24T07:49:53.3076875Z CloudEvents: Reconnected. 1766561412.357878
2025-12-24T07:49:53.3077203Z CloudEvents: Disconnected. Reconnecting ... 1766561478.6707072
2025-12-24T07:49:53.3077528Z CloudEvents: Reconnected. 1766561478.7708685
2025-12-24T07:49:53.3077838Z CloudEvents: Disconnected. Reconnecting ... 1766561479.17237
2025-12-24T07:49:53.3078154Z CloudEvents: Reconnected. 1766561479.2725267
2025-12-24T07:49:53.3078462Z CloudEvents: Disconnected. Reconnecting ... 1766561569.8311853
2025-12-24T07:49:53.3078779Z CloudEvents: Reconnected. 1766561569.931342
2025-12-24T07:49:53.3079083Z CloudEvents: Disconnected. Reconnecting ... 1766561570.2996821
2025-12-24T07:49:53.3079394Z CloudEvents: Reconnected. 1766561570.399855
2025-12-24T07:49:53.3079697Z CloudEvents: Disconnected. Reconnecting ... 1766561659.665834
2025-12-24T07:49:53.3080002Z CloudEvents: Reconnected. 1766561659.765996
2025-12-24T07:49:53.3080305Z CloudEvents: Disconnected. Reconnecting ... 1766561688.7849267
2025-12-24T07:49:53.3080620Z CloudEvents: Reconnected. 1766561688.885085
2025-12-24T07:49:53.3080916Z CloudEvents: Disconnected. Reconnecting ... 1766561689.22506
2025-12-24T07:49:53.3081233Z CloudEvents: Reconnected. 1766561689.3252418
2025-12-24T07:49:53.3081550Z CloudEvents: Disconnected. Reconnecting ... 1766561711.6242905
2025-12-24T07:49:53.3081868Z CloudEvents: Reconnected. 1766561711.724474
2025-12-24T07:49:53.3082174Z CloudEvents: Disconnected. Reconnecting ... 1766561746.7713714
2025-12-24T07:49:53.3082483Z CloudEvents: Reconnected. 1766561746.8715193
2025-12-24T07:49:53.3082793Z CloudEvents: Disconnected. Reconnecting ... 1766561747.3091636
2025-12-24T07:49:53.3083110Z CloudEvents: Reconnected. 1766561747.4093282
2025-12-24T07:49:53.3083412Z CloudEvents: Disconnected. Reconnecting ... 1766561811.487789
2025-12-24T07:49:53.3083725Z CloudEvents: Reconnected. 1766561811.5879421
2025-12-24T07:49:53.3084035Z CloudEvents: Disconnected. Reconnecting ... 1766561852.231035
2025-12-24T07:49:53.3084451Z CloudEvents: Reconnected. 1766561852.3311925
2025-12-24T07:49:53.3084761Z CloudEvents: Disconnected. Reconnecting ... 1766561852.6718395
2025-12-24T07:49:53.3085073Z CloudEvents: Reconnected. 1766561852.7719862
2025-12-24T07:49:53.3085662Z CloudEvents: Disconnected. Reconnecting ... 1766561930.4236438
2025-12-24T07:49:53.3085998Z CloudEvents: Reconnected. 1766561930.5238154
2025-12-24T07:49:53.3086304Z CloudEvents: Disconnected. Reconnecting ... 1766561957.6488268
2025-12-24T07:49:53.3086609Z CloudEvents: Reconnected. 1766561957.748992
2025-12-24T07:49:53.3086914Z CloudEvents: Disconnected. Reconnecting ... 1766561958.0827413
2025-12-24T07:49:53.3087230Z CloudEvents: Reconnected. 1766561958.1828973
2025-12-24T07:49:53.3087535Z CloudEvents: Disconnected. Reconnecting ... 1766562117.9049695
2025-12-24T07:49:53.3087847Z CloudEvents: Reconnected. 1766562118.0051336
2025-12-24T07:49:53.3088146Z CloudEvents: Disconnected. Reconnecting ... 1766562118.4323728
2025-12-24T07:49:53.3088460Z CloudEvents: Reconnected. 1766562118.5325184
2025-12-24T07:49:53.3088765Z CloudEvents: Disconnected. Reconnecting ... 1766562133.8056698
2025-12-24T07:49:53.3089073Z CloudEvents: Reconnected. 1766562133.9058385
2025-12-24T07:49:53.3089385Z CloudEvents: Disconnected. Reconnecting ... 1766562134.2485373
2025-12-24T07:49:53.3089698Z CloudEvents: Reconnected. 1766562134.3487325
2025-12-24T07:49:53.3090125Z CloudEvents: Disconnected. Reconnecting ... 1766562146.2883868
2025-12-24T07:49:53.3090440Z CloudEvents: Reconnected. 1766562146.3885684
2025-12-24T07:49:53.3090747Z CloudEvents: Disconnected. Reconnecting ... 1766562205.9727347
2025-12-24T07:49:53.3091056Z CloudEvents: Reconnected. 1766562206.0729182
2025-12-24T07:49:53.3091363Z CloudEvents: Disconnected. Reconnecting ... 1766562206.422317
2025-12-24T07:49:53.3091672Z CloudEvents: Reconnected. 1766562206.5225158
2025-12-24T07:49:53.3091972Z CloudEvents: Disconnected. Reconnecting ... 1766562274.4859188
2025-12-24T07:49:53.3092286Z CloudEvents: Reconnected. 1766562274.586076
2025-12-24T07:49:53.3092585Z CloudEvents: Disconnected. Reconnecting ... 1766562274.925935
2025-12-24T07:49:53.3092897Z CloudEvents: Reconnected. 1766562275.026077
2025-12-24T07:49:53.3093199Z CloudEvents: Disconnected. Reconnecting ... 1766562292.211665
2025-12-24T07:49:53.3093509Z CloudEvents: Reconnected. 1766562292.3118193
2025-12-24T07:49:53.3093822Z CloudEvents: Disconnected. Reconnecting ... 1766562292.6628735
2025-12-24T07:49:53.3094137Z CloudEvents: Reconnected. 1766562292.7630088
2025-12-24T07:49:53.3094624Z CloudEvents: Disconnected. Reconnecting ... 1766562337.150354
2025-12-24T07:49:53.3095038Z CloudEvents: Reconnected. 1766562337.2505152
2025-12-24T07:49:53.3095347Z CloudEvents: Disconnected. Reconnecting ... 1766562337.6095393
2025-12-24T07:49:53.3095653Z CloudEvents: Reconnected. 1766562337.709696
2025-12-24T07:49:53.3095954Z CloudEvents: Disconnected. Reconnecting ... 1766562341.813758
2025-12-24T07:49:53.3096264Z CloudEvents: Reconnected. 1766562341.9139278
2025-12-24T07:49:53.3096567Z CloudEvents: Disconnected. Reconnecting ... 1766562342.3203263
2025-12-24T07:49:53.3096884Z CloudEvents: Reconnected. 1766562342.4205031
2025-12-24T07:49:53.3097184Z CloudEvents: Disconnected. Reconnecting ... 1766562369.3875842
2025-12-24T07:49:53.3097501Z CloudEvents: Reconnected. 1766562369.487758
2025-12-24T07:49:53.3097810Z CloudEvents: Disconnected. Reconnecting ... 1766562398.1974225
2025-12-24T07:49:53.3098116Z CloudEvents: Reconnected. 1766562398.2976398
2025-12-24T07:49:53.3098420Z CloudEvents: Disconnected. Reconnecting ... 1766562398.7016857
2025-12-24T07:49:53.3098731Z CloudEvents: Reconnected. 1766562398.8018394
2025-12-24T07:49:53.3099068Z CloudEvents: Disconnected. Reconnecting ... 1766562402.2343597
2025-12-24T07:49:53.3099379Z CloudEvents: Reconnected. 1766562402.3345299
2025-12-24T07:49:53.3099686Z CloudEvents: Disconnected. Reconnecting ... 1766562402.6697674
2025-12-24T07:49:53.3099992Z CloudEvents: Reconnected. 1766562402.7699041
2025-12-24T07:49:53.3100296Z CloudEvents: Disconnected. Reconnecting ... 1766562405.6506114
2025-12-24T07:49:53.3100647Z CloudEvents: Reconnected. 1766562405.7507622
2025-12-24T07:49:53.3100957Z CloudEvents: Disconnected. Reconnecting ... 1766562406.0839915
2025-12-24T07:49:53.3101264Z CloudEvents: Reconnected. 1766562406.1841357
2025-12-24T07:49:53.3101696Z CloudEvents: Disconnected. Reconnecting ... 1766562426.716525
2025-12-24T07:49:53.3102017Z CloudEvents: Reconnected. 1766562426.8167014
2025-12-24T07:49:53.3102316Z CloudEvents: Disconnected. Reconnecting ... 1766562427.175905
2025-12-24T07:49:53.3102628Z CloudEvents: Reconnected. 1766562427.2760632
2025-12-24T07:49:53.3102935Z CloudEvents: Disconnected. Reconnecting ... 1766562527.7317889
2025-12-24T07:49:53.3103242Z CloudEvents: Reconnected. 1766562527.8319519
2025-12-24T07:49:53.3103544Z CloudEvents: Disconnected. Reconnecting ... 1766562528.19501
2025-12-24T07:49:53.3103848Z CloudEvents: Reconnected. 1766562528.2951486
2025-12-24T07:49:53.3104153Z CloudEvents: Disconnected. Reconnecting ... 1766562550.8472865
2025-12-24T07:49:53.3104571Z CloudEvents: Reconnected. 1766562550.9474797
2025-12-24T07:49:53.3104871Z CloudEvents: Disconnected. Reconnecting ... 1766562578.124599
2025-12-24T07:49:53.3105198Z CloudEvents: Reconnected. 1766562578.2247524
2025-12-24T07:49:53.3105518Z CloudEvents: Disconnected. Reconnecting ... 1766562578.533836
2025-12-24T07:49:53.3105943Z CloudEvents: Reconnected. 1766562578.6339738
2025-12-24T07:49:53.3106257Z CloudEvents: Disconnected. Reconnecting ... 1766562580.8373578
2025-12-24T07:49:53.3106573Z CloudEvents: Reconnected. 1766562580.9375143
2025-12-24T07:49:53.3106873Z CloudEvents: Disconnected. Reconnecting ... 1766562581.3041232
2025-12-24T07:49:53.3107187Z CloudEvents: Reconnected. 1766562581.404295
2025-12-24T07:49:53.3107507Z CloudEvents: Disconnected. Reconnecting ... 1766562592.7356164
2025-12-24T07:49:53.3107826Z CloudEvents: Reconnected. 1766562592.8357701
2025-12-24T07:49:53.3108142Z CloudEvents: Disconnected. Reconnecting ... 1766562593.2040725
2025-12-24T08:06:58.3743124Z CloudEvents: Reconnected. 1766562593.3042212
2025-12-24T08:06:58.3744011Z CloudEvents: Disconnected. Reconnecting ... 1766562659.167552
2025-12-24T08:06:58.3744936Z CloudEvents: Reconnected. 1766562659.2677038
2025-12-24T08:06:58.3745438Z CloudEvents: Disconnected. Reconnecting ... 1766562659.6078403
2025-12-24T08:06:58.3745929Z CloudEvents: Reconnected. 1766562659.7080102
2025-12-24T08:06:58.3746389Z CloudEvents: Disconnected. Reconnecting ... 1766562662.6188617
2025-12-24T08:06:58.3746849Z CloudEvents: Reconnected. 1766562662.7190247
2025-12-24T08:06:58.3747299Z CloudEvents: Disconnected. Reconnecting ... 1766562666.6717625
2025-12-24T08:06:58.3747764Z CloudEvents: Reconnected. 1766562666.7719269
2025-12-24T08:06:58.3748211Z CloudEvents: Disconnected. Reconnecting ... 1766562667.098637
2025-12-24T08:06:58.3748670Z CloudEvents: Reconnected. 1766562667.1987715
2025-12-24T08:06:58.3749114Z CloudEvents: Disconnected. Reconnecting ... 1766562672.551316
2025-12-24T08:06:58.3749566Z CloudEvents: Reconnected. 1766562672.6514988
2025-12-24T08:06:58.3750013Z CloudEvents: Disconnected. Reconnecting ... 1766562672.9592106
2025-12-24T08:06:58.3750465Z CloudEvents: Reconnected. 1766562673.0593605
2025-12-24T08:06:58.3750911Z CloudEvents: Disconnected. Reconnecting ... 1766562690.4523942
2025-12-24T08:06:58.3751372Z CloudEvents: Reconnected. 1766562690.5525572
2025-12-24T08:06:58.3751816Z CloudEvents: Disconnected. Reconnecting ... 1766562779.138579
2025-12-24T08:06:58.3752274Z CloudEvents: Reconnected. 1766562779.2387345
2025-12-24T08:06:58.3752727Z CloudEvents: Disconnected. Reconnecting ... 1766562808.303628
2025-12-24T08:06:58.3753179Z CloudEvents: Reconnected. 1766562808.4037948
2025-12-24T08:06:58.3753620Z CloudEvents: Disconnected. Reconnecting ... 1766562813.720249
2025-12-24T08:06:58.3754012Z CloudEvents: Reconnected. 1766562813.820389
2025-12-24T08:06:58.3754532Z CloudEvents: Disconnected. Reconnecting ... 1766562814.2081969
2025-12-24T08:06:58.3754947Z CloudEvents: Reconnected. 1766562814.3083332
2025-12-24T08:06:58.3755292Z CloudEvents: Disconnected. Reconnecting ... 1766562924.5306187
2025-12-24T08:06:58.3755625Z CloudEvents: Reconnected. 1766562924.630768
2025-12-24T08:06:58.3755953Z CloudEvents: Disconnected. Reconnecting ... 1766562924.9774933
2025-12-24T08:06:58.3756662Z CloudEvents: Reconnected. 1766562925.0776699
2025-12-24T08:06:58.3757009Z CloudEvents: Disconnected. Reconnecting ... 1766562941.424579
2025-12-24T08:06:58.3757340Z CloudEvents: Reconnected. 1766562941.524749
2025-12-24T08:06:58.3757661Z CloudEvents: Disconnected. Reconnecting ... 1766562941.860748
2025-12-24T08:06:58.3757987Z CloudEvents: Reconnected. 1766562941.960892
2025-12-24T08:06:58.3758309Z CloudEvents: Disconnected. Reconnecting ... 1766562974.95035
2025-12-24T08:06:58.3758637Z CloudEvents: Reconnected. 1766562975.0505092
2025-12-24T08:06:58.3758970Z CloudEvents: Disconnected. Reconnecting ... 1766563004.8157575
2025-12-24T08:06:58.3759301Z CloudEvents: Reconnected. 1766563004.915922
2025-12-24T08:06:58.3759620Z CloudEvents: Disconnected. Reconnecting ... 1766563005.2884104
2025-12-24T08:06:58.3759950Z CloudEvents: Reconnected. 1766563005.388596
2025-12-24T08:06:58.3760277Z CloudEvents: Disconnected. Reconnecting ... 1766563010.4401023
2025-12-24T08:06:58.3760609Z CloudEvents: Reconnected. 1766563010.5402634
2025-12-24T08:06:58.3760941Z CloudEvents: Disconnected. Reconnecting ... 1766563015.5403438
2025-12-24T08:06:58.3761418Z CloudEvents: Reconnected. 1766563015.640505
2025-12-24T08:06:58.3761741Z CloudEvents: Disconnected. Reconnecting ... 1766563039.7265344
2025-12-24T08:06:58.3762085Z CloudEvents: Reconnected. 1766563039.8266778
2025-12-24T08:06:58.3762408Z CloudEvents: Disconnected. Reconnecting ... 1766563040.1629665
2025-12-24T08:06:58.3762742Z CloudEvents: Reconnected. 1766563040.2631323
2025-12-24T08:06:58.3763070Z CloudEvents: Disconnected. Reconnecting ... 1766563053.1762433
2025-12-24T08:06:58.3763379Z CloudEvents: Reconnected. 1766563053.2764072
2025-12-24T08:06:58.3763687Z CloudEvents: Disconnected. Reconnecting ... 1766563053.6399446
2025-12-24T08:06:58.3764002Z CloudEvents: Reconnected. 1766563053.7401204
2025-12-24T08:06:58.3764303Z CloudEvents: Disconnected. Reconnecting ... 1766563073.8577087
2025-12-24T08:06:58.3764883Z CloudEvents: Reconnected. 1766563073.9578605
2025-12-24T08:06:58.3765202Z CloudEvents: Disconnected. Reconnecting ... 1766563074.4039822
2025-12-24T08:06:58.3765520Z CloudEvents: Reconnected. 1766563074.5041525
2025-12-24T08:06:58.3765826Z CloudEvents: Disconnected. Reconnecting ... 1766563078.970014
2025-12-24T08:06:58.3766131Z CloudEvents: Reconnected. 1766563079.0701923
2025-12-24T08:06:58.3766439Z CloudEvents: Disconnected. Reconnecting ... 1766563079.422641
2025-12-24T08:06:58.3766751Z CloudEvents: Reconnected. 1766563079.5228014
2025-12-24T08:06:58.3767054Z CloudEvents: Disconnected. Reconnecting ... 1766563098.8598344
2025-12-24T08:06:58.3767366Z CloudEvents: Reconnected. 1766563098.9599812
2025-12-24T08:06:58.3767675Z CloudEvents: Disconnected. Reconnecting ... 1766563110.473508
2025-12-24T08:06:58.3767981Z CloudEvents: Reconnected. 1766563110.5736542
2025-12-24T08:06:58.3768292Z CloudEvents: Disconnected. Reconnecting ... 1766563110.9050133
2025-12-24T08:06:58.3768606Z CloudEvents: Reconnected. 1766563111.0051527
2025-12-24T08:06:58.3768914Z CloudEvents: Disconnected. Reconnecting ... 1766563117.7527032
2025-12-24T08:06:58.3769233Z CloudEvents: Reconnected. 1766563117.8528583
2025-12-24T08:06:58.3769542Z CloudEvents: Disconnected. Reconnecting ... 1766563126.0192826
2025-12-24T08:06:58.3769848Z CloudEvents: Reconnected. 1766563126.1194904
2025-12-24T08:06:58.3770158Z CloudEvents: Disconnected. Reconnecting ... 1766563126.4855597
2025-12-24T08:06:58.3770471Z CloudEvents: Reconnected. 1766563126.5857248
2025-12-24T08:06:58.3770779Z CloudEvents: Disconnected. Reconnecting ... 1766563134.2606428
2025-12-24T08:06:58.3771093Z CloudEvents: Reconnected. 1766563134.3608084
2025-12-24T08:06:58.3771399Z CloudEvents: Disconnected. Reconnecting ... 1766563134.72279
2025-12-24T08:06:58.3771710Z CloudEvents: Reconnected. 1766563134.8229556
2025-12-24T08:06:58.3772016Z CloudEvents: Disconnected. Reconnecting ... 1766563146.90437
2025-12-24T08:06:58.3772325Z CloudEvents: Reconnected. 1766563147.0045354
2025-12-24T08:06:58.3772641Z CloudEvents: Disconnected. Reconnecting ... 1766563147.3394773
2025-12-24T08:06:58.3773089Z CloudEvents: Reconnected. 1766563147.4396648
2025-12-24T08:06:58.3773666Z CloudEvents: Disconnected. Reconnecting ... 1766563180.2537472
2025-12-24T08:06:58.3773995Z CloudEvents: Reconnected. 1766563180.3539228
2025-12-24T08:06:58.3774310Z CloudEvents: Disconnected. Reconnecting ... 1766563180.6878767
2025-12-24T08:06:58.3774948Z CloudEvents: Reconnected. 1766563180.788021
2025-12-24T08:06:58.3775266Z CloudEvents: Disconnected. Reconnecting ... 1766563181.1217668
2025-12-24T08:06:58.3775580Z CloudEvents: Reconnected. 1766563181.2219052
2025-12-24T08:06:58.3775900Z CloudEvents: Disconnected. Reconnecting ... 1766563218.5498106
2025-12-24T08:06:58.3776215Z CloudEvents: Reconnected. 1766563218.6499753
2025-12-24T08:06:58.3776521Z CloudEvents: Disconnected. Reconnecting ... 1766563219.0906637
2025-12-24T08:06:58.3776834Z CloudEvents: Reconnected. 1766563219.1908083
2025-12-24T08:06:58.3777144Z CloudEvents: Disconnected. Reconnecting ... 1766563223.8951857
2025-12-24T08:06:58.3777460Z CloudEvents: Reconnected. 1766563223.9953313
2025-12-24T08:06:58.3777922Z CloudEvents: Disconnected. Reconnecting ... 1766563306.021399
2025-12-24T08:06:58.3778242Z CloudEvents: Reconnected. 1766563306.1215641
2025-12-24T08:06:58.3778549Z CloudEvents: Disconnected. Reconnecting ... 1766563306.5331943
2025-12-24T08:06:58.3778864Z CloudEvents: Reconnected. 1766563306.6333659
2025-12-24T08:06:58.3779177Z CloudEvents: Disconnected. Reconnecting ... 1766563320.5625954
2025-12-24T08:06:58.3779490Z CloudEvents: Reconnected. 1766563320.6627533
2025-12-24T08:06:58.3779797Z CloudEvents: Disconnected. Reconnecting ... 1766563321.0509658
2025-12-24T08:06:58.3780104Z CloudEvents: Reconnected. 1766563321.1511421
2025-12-24T08:06:58.3780416Z CloudEvents: Disconnected. Reconnecting ... 1766563327.1466317
2025-12-24T08:06:58.3780733Z CloudEvents: Reconnected. 1766563327.2467947
2025-12-24T08:06:58.3781036Z CloudEvents: Disconnected. Reconnecting ... 1766563346.6532547
2025-12-24T08:06:58.3781359Z CloudEvents: Reconnected. 1766563346.7534108
2025-12-24T08:06:58.3781670Z CloudEvents: Disconnected. Reconnecting ... 1766563347.0892255
2025-12-24T08:06:58.3781988Z CloudEvents: Reconnected. 1766563347.1893837
2025-12-24T08:06:58.3782301Z CloudEvents: Disconnected. Reconnecting ... 1766563355.1795158
2025-12-24T08:06:58.3782619Z CloudEvents: Reconnected. 1766563355.2797053
2025-12-24T08:06:58.3782945Z CloudEvents: Disconnected. Reconnecting ... 1766563355.6413355
2025-12-24T08:06:58.3783260Z CloudEvents: Reconnected. 1766563355.7414837
2025-12-24T08:06:58.3783563Z CloudEvents: Disconnected. Reconnecting ... 1766563386.4652078
2025-12-24T08:06:58.3783879Z CloudEvents: Reconnected. 1766563386.5653617
2025-12-24T08:06:58.3784187Z CloudEvents: Disconnected. Reconnecting ... 1766563405.1624928
2025-12-24T08:06:58.3784788Z CloudEvents: Reconnected. 1766563405.2626648
2025-12-24T08:06:58.3785125Z CloudEvents: Disconnected. Reconnecting ... 1766563405.5972793
2025-12-24T08:06:58.3785441Z CloudEvents: Reconnected. 1766563405.6974192
2025-12-24T08:06:58.3785750Z CloudEvents: Disconnected. Reconnecting ... 1766563410.2081437
2025-12-24T08:06:58.3786071Z CloudEvents: Reconnected. 1766563410.3083272
2025-12-24T08:06:58.3786376Z CloudEvents: Disconnected. Reconnecting ... 1766563410.7218964
2025-12-24T08:06:58.3786691Z CloudEvents: Reconnected. 1766563410.8220608
2025-12-24T08:06:58.3787002Z CloudEvents: Disconnected. Reconnecting ... 1766563424.843269
2025-12-24T08:06:58.3787311Z CloudEvents: Reconnected. 1766563424.943459
2025-12-24T08:06:58.3787620Z CloudEvents: Disconnected. Reconnecting ... 1766563430.2704878
2025-12-24T08:06:58.3787935Z CloudEvents: Reconnected. 1766563430.370652
2025-12-24T08:06:58.3788241Z CloudEvents: Disconnected. Reconnecting ... 1766563430.7060971
2025-12-24T08:06:58.3788555Z CloudEvents: Reconnected. 1766563430.8062627
2025-12-24T08:06:58.3788871Z CloudEvents: Disconnected. Reconnecting ... 1766563471.1064882
2025-12-24T08:06:58.3789178Z CloudEvents: Reconnected. 1766563471.206659
2025-12-24T08:06:58.3789616Z CloudEvents: Disconnected. Reconnecting ... 1766563471.6207054
2025-12-24T08:06:58.3789943Z CloudEvents: Reconnected. 1766563471.72084
2025-12-24T08:06:58.3790245Z CloudEvents: Disconnected. Reconnecting ... 1766563483.6322267
2025-12-24T08:06:58.3790557Z CloudEvents: Reconnected. 1766563483.732404
2025-12-24T08:06:58.3790857Z CloudEvents: Disconnected. Reconnecting ... 1766563484.070217
2025-12-24T08:06:58.3791171Z CloudEvents: Reconnected. 1766563484.1703696
2025-12-24T08:06:58.3791478Z CloudEvents: Disconnected. Reconnecting ... 1766563514.8097045
2025-12-24T08:06:58.3791789Z CloudEvents: Reconnected. 1766563514.9098654
2025-12-24T08:06:58.3792097Z CloudEvents: Disconnected. Reconnecting ... 1766563515.3143435
2025-12-24T08:06:58.3792408Z CloudEvents: Reconnected. 1766563515.414523
2025-12-24T08:06:58.3792703Z CloudEvents: Disconnected. Reconnecting ... 1766563576.512
2025-12-24T08:06:58.3793011Z CloudEvents: Reconnected. 1766563576.6121607
2025-12-24T08:06:58.3793324Z CloudEvents: Disconnected. Reconnecting ... 1766563602.7358694
2025-12-24T08:06:58.3793633Z CloudEvents: Reconnected. 1766563602.836038
2025-12-24T08:06:58.3794056Z CloudEvents: Disconnected. Reconnecting ... 1766563603.1801054
2025-12-24T08:06:58.3794578Z CloudEvents: Reconnected. 1766563603.280278
2025-12-24T08:06:58.3794954Z CloudEvents: Disconnected. Reconnecting ... 1766563607.0026295
2025-12-24T08:06:58.3795274Z CloudEvents: Reconnected. 1766563607.1028035
2025-12-24T08:06:58.3795581Z CloudEvents: Disconnected. Reconnecting ... 1766563607.4546268
2025-12-24T08:06:58.3795893Z CloudEvents: Reconnected. 1766563607.5547945
2025-12-24T08:06:58.3796198Z CloudEvents: Disconnected. Reconnecting ... 1766563613.0315065
2025-12-24T08:06:58.3796506Z CloudEvents: Reconnected. 1766563613.1316674
2025-12-24T08:06:58.3796813Z CloudEvents: Disconnected. Reconnecting ... 1766563613.465892
2025-12-24T08:06:58.3797127Z CloudEvents: Reconnected. 1766563613.5660436
2025-12-24T08:06:58.3797428Z CloudEvents: Disconnected. Reconnecting ... 1766563617.924639
2025-12-24T08:06:58.3797747Z CloudEvents: Reconnected. 1766563618.0247924
2025-12-24T08:57:12.5461683Z CloudEvents: Disconnected. Reconnecting ... 1766563618.3740587
2025-12-24T08:57:12.5462373Z CloudEvents: Reconnected. 1766563618.4742596
2025-12-24T08:57:12.5462812Z CloudEvents: Disconnected. Reconnecting ... 1766563643.2861657
2025-12-24T08:57:12.5463255Z CloudEvents: Reconnected. 1766563643.3863244
2025-12-24T08:57:12.5463672Z CloudEvents: Disconnected. Reconnecting ... 1766563643.7535841
2025-12-24T08:57:12.5464088Z CloudEvents: Reconnected. 1766563643.8537238
2025-12-24T08:57:12.5464784Z CloudEvents: Disconnected. Reconnecting ... 1766563649.512116
2025-12-24T08:57:12.5465211Z CloudEvents: Reconnected. 1766563649.6122842
2025-12-24T08:57:12.5465646Z CloudEvents: Disconnected. Reconnecting ... 1766563649.9501061
2025-12-24T08:57:12.5466087Z CloudEvents: Reconnected. 1766563650.0502753
2025-12-24T08:57:12.5466498Z CloudEvents: Disconnected. Reconnecting ... 1766563650.3838162
2025-12-24T08:57:12.5466943Z CloudEvents: Reconnected. 1766563650.483953
2025-12-24T08:57:12.5467361Z CloudEvents: Disconnected. Reconnecting ... 1766563700.2421672
2025-12-24T08:57:12.5467801Z CloudEvents: Reconnected. 1766563700.3423522
2025-12-24T08:57:12.5468219Z CloudEvents: Disconnected. Reconnecting ... 1766563700.681843
2025-12-24T08:57:12.5468640Z CloudEvents: Reconnected. 1766563700.7819817
2025-12-24T08:57:12.5469045Z CloudEvents: Disconnected. Reconnecting ... 1766564058.5422604
2025-12-24T08:57:12.5469463Z CloudEvents: Reconnected. 1766564058.642457
2025-12-24T08:57:12.5469870Z CloudEvents: Disconnected. Reconnecting ... 1766564059.1153188
2025-12-24T08:57:12.5470284Z CloudEvents: Reconnected. 1766564059.2154732
2025-12-24T08:57:12.5470689Z CloudEvents: Disconnected. Reconnecting ... 1766564146.713889
2025-12-24T08:57:12.5471101Z CloudEvents: Reconnected. 1766564146.8140655
2025-12-24T08:57:12.5471497Z CloudEvents: Disconnected. Reconnecting ... 1766564147.174843
2025-12-24T08:57:12.5471908Z CloudEvents: Reconnected. 1766564147.2750056
2025-12-24T08:57:12.5472699Z CloudEvents: Disconnected. Reconnecting ... 1766564223.6816359
2025-12-24T08:57:12.5473102Z CloudEvents: Reconnected. 1766564223.7818036
2025-12-24T08:57:12.5473478Z CloudEvents: Disconnected. Reconnecting ... 1766564224.2174258
2025-12-24T08:57:12.5473858Z CloudEvents: Reconnected. 1766564224.317624
2025-12-24T08:57:12.5474231Z CloudEvents: Disconnected. Reconnecting ... 1766564229.4346697
2025-12-24T08:57:12.5474765Z CloudEvents: Reconnected. 1766564229.5348363
2025-12-24T08:57:12.5475146Z CloudEvents: Disconnected. Reconnecting ... 1766564229.871749
2025-12-24T08:57:12.5475528Z CloudEvents: Reconnected. 1766564229.9718735
2025-12-24T08:57:12.5475907Z CloudEvents: Disconnected. Reconnecting ... 1766564269.4965541
2025-12-24T08:57:12.5476287Z CloudEvents: Reconnected. 1766564269.5967078
2025-12-24T08:57:12.5476660Z CloudEvents: Disconnected. Reconnecting ... 1766564295.0788581
2025-12-24T08:57:12.5477041Z CloudEvents: Reconnected. 1766564295.1790226
2025-12-24T08:57:12.5477417Z CloudEvents: Disconnected. Reconnecting ... 1766564404.2548113
2025-12-24T08:57:12.5477962Z CloudEvents: Reconnected. 1766564404.3549747
2025-12-24T08:57:12.5478336Z CloudEvents: Disconnected. Reconnecting ... 1766564404.6984813
2025-12-24T08:57:12.5478723Z CloudEvents: Reconnected. 1766564404.7986255
2025-12-24T08:57:12.5479097Z CloudEvents: Disconnected. Reconnecting ... 1766564511.0156286
2025-12-24T08:57:12.5479475Z CloudEvents: Reconnected. 1766564511.1158016
2025-12-24T08:57:12.5479850Z CloudEvents: Disconnected. Reconnecting ... 1766564511.4614844
2025-12-24T08:57:12.5480233Z CloudEvents: Reconnected. 1766564511.561644
2025-12-24T08:57:12.5480599Z CloudEvents: Disconnected. Reconnecting ... 1766564746.0541835
2025-12-24T08:57:12.5480978Z CloudEvents: Reconnected. 1766564746.1543386
2025-12-24T08:57:12.5481351Z CloudEvents: Disconnected. Reconnecting ... 1766564746.5046935
2025-12-24T08:57:12.5481726Z CloudEvents: Reconnected. 1766564746.6048577
2025-12-24T08:57:12.5482105Z CloudEvents: Disconnected. Reconnecting ... 1766564751.9983437
2025-12-24T08:57:12.5482494Z CloudEvents: Reconnected. 1766564752.0985074
2025-12-24T08:57:12.5482866Z CloudEvents: Disconnected. Reconnecting ... 1766564779.5465994
2025-12-24T08:57:12.5483227Z CloudEvents: Reconnected. 1766564779.646744
2025-12-24T08:57:12.5483549Z CloudEvents: Disconnected. Reconnecting ... 1766564793.748529
2025-12-24T08:57:12.5483870Z CloudEvents: Reconnected. 1766564793.8486676
2025-12-24T08:57:12.5484182Z CloudEvents: Disconnected. Reconnecting ... 1766564927.2499413
2025-12-24T08:57:12.5484613Z CloudEvents: Reconnected. 1766564927.3500876
2025-12-24T08:57:12.5484932Z CloudEvents: Disconnected. Reconnecting ... 1766564946.2252324
2025-12-24T08:57:12.5485252Z CloudEvents: Reconnected. 1766564946.3254015
2025-12-24T08:57:12.5485559Z CloudEvents: Disconnected. Reconnecting ... 1766564946.6507761
2025-12-24T08:57:12.5485877Z CloudEvents: Reconnected. 1766564946.7509627
2025-12-24T08:57:12.5486188Z CloudEvents: Disconnected. Reconnecting ... 1766565016.2024317
2025-12-24T08:57:12.5486503Z CloudEvents: Reconnected. 1766565016.3026423
2025-12-24T08:57:12.5486817Z CloudEvents: Disconnected. Reconnecting ... 1766565016.6678195
2025-12-24T08:57:12.5487131Z CloudEvents: Reconnected. 1766565016.7679818
2025-12-24T08:57:12.5487434Z CloudEvents: Disconnected. Reconnecting ... 1766565021.093923
2025-12-24T08:57:12.5487751Z CloudEvents: Reconnected. 1766565021.1940749
2025-12-24T08:57:12.5488058Z CloudEvents: Disconnected. Reconnecting ... 1766565021.5298092
2025-12-24T08:57:12.5488368Z CloudEvents: Reconnected. 1766565021.6299753
2025-12-24T08:57:12.5488680Z CloudEvents: Disconnected. Reconnecting ... 1766565079.1265922
2025-12-24T08:57:12.5488990Z CloudEvents: Reconnected. 1766565079.2267556
2025-12-24T08:57:12.5489299Z CloudEvents: Disconnected. Reconnecting ... 1766565079.6088555
2025-12-24T08:57:12.5489611Z CloudEvents: Reconnected. 1766565079.708995
2025-12-24T08:57:12.5489912Z CloudEvents: Disconnected. Reconnecting ... 1766565089.071361
2025-12-24T08:57:12.5490432Z CloudEvents: Reconnected. 1766565089.1715434
2025-12-24T08:57:12.5490753Z CloudEvents: Disconnected. Reconnecting ... 1766565089.495868
2025-12-24T08:57:12.5491065Z CloudEvents: Reconnected. 1766565089.5960295
2025-12-24T08:57:12.5491374Z CloudEvents: Disconnected. Reconnecting ... 1766565122.1712184
2025-12-24T08:57:12.5491688Z CloudEvents: Reconnected. 1766565122.2713904
2025-12-24T08:57:12.5491994Z CloudEvents: Disconnected. Reconnecting ... 1766565122.5847378
2025-12-24T08:57:12.5492309Z CloudEvents: Reconnected. 1766565122.6849022
2025-12-24T08:57:12.5492624Z CloudEvents: Disconnected. Reconnecting ... 1766565131.2002478
2025-12-24T08:57:12.5492933Z CloudEvents: Reconnected. 1766565131.3003879
2025-12-24T08:57:12.5493240Z CloudEvents: Disconnected. Reconnecting ... 1766565162.9288893
2025-12-24T08:57:12.5493550Z CloudEvents: Reconnected. 1766565163.0290446
2025-12-24T08:57:12.5493859Z CloudEvents: Disconnected. Reconnecting ... 1766565163.350888
2025-12-24T08:57:12.5494178Z CloudEvents: Reconnected. 1766565163.4510195
2025-12-24T08:57:12.5494585Z CloudEvents: Disconnected. Reconnecting ... 1766565196.2815568
2025-12-24T08:57:12.5495040Z CloudEvents: Reconnected. 1766565196.3817225
2025-12-24T08:57:12.5495349Z CloudEvents: Disconnected. Reconnecting ... 1766565344.477696
2025-12-24T08:57:12.5495658Z CloudEvents: Reconnected. 1766565344.5778728
2025-12-24T08:57:12.5495968Z CloudEvents: Disconnected. Reconnecting ... 1766565355.9527318
2025-12-24T08:57:12.5496284Z CloudEvents: Reconnected. 1766565356.0529106
2025-12-24T08:57:12.5496584Z CloudEvents: Disconnected. Reconnecting ... 1766565356.4170287
2025-12-24T08:57:12.5496903Z CloudEvents: Reconnected. 1766565356.5171998
2025-12-24T08:57:12.5497212Z CloudEvents: Disconnected. Reconnecting ... 1766565370.5045338
2025-12-24T08:57:12.5497524Z CloudEvents: Reconnected. 1766565370.6046822
2025-12-24T08:57:12.5497845Z CloudEvents: Disconnected. Reconnecting ... 1766565370.9596512
2025-12-24T08:57:12.5498156Z CloudEvents: Reconnected. 1766565371.059816
2025-12-24T08:57:12.5498466Z CloudEvents: Disconnected. Reconnecting ... 1766565447.9878771
2025-12-24T08:57:12.5498790Z CloudEvents: Reconnected. 1766565448.0880423
2025-12-24T08:57:12.5499097Z CloudEvents: Disconnected. Reconnecting ... 1766565448.414777
2025-12-24T08:57:12.5499404Z CloudEvents: Reconnected. 1766565448.514922
2025-12-24T08:57:12.5499713Z CloudEvents: Disconnected. Reconnecting ... 1766565805.3365488
2025-12-24T08:57:12.5500027Z CloudEvents: Reconnected. 1766565805.4367335
2025-12-24T08:57:12.5500335Z CloudEvents: Disconnected. Reconnecting ... 1766565849.8641016
2025-12-24T08:57:12.5500650Z CloudEvents: Reconnected. 1766565849.9642637
2025-12-24T08:57:12.5500959Z CloudEvents: Disconnected. Reconnecting ... 1766565850.3016322
2025-12-24T08:57:12.5501270Z CloudEvents: Reconnected. 1766565850.4017978
2025-12-24T08:57:12.5501576Z CloudEvents: Disconnected. Reconnecting ... 1766566146.166374
2025-12-24T08:57:12.5501891Z CloudEvents: Reconnected. 1766566146.2665453
2025-12-24T08:57:12.5502200Z CloudEvents: Disconnected. Reconnecting ... 1766566146.6966794
2025-12-24T08:57:12.5502529Z CloudEvents: Reconnected. 1766566146.7968667
2025-12-24T08:57:12.5502838Z CloudEvents: Disconnected. Reconnecting ... 1766566222.2674778
2025-12-24T08:57:12.5503156Z CloudEvents: Reconnected. 1766566222.3676732
2025-12-24T08:57:12.5503464Z CloudEvents: Disconnected. Reconnecting ... 1766566222.7165172
2025-12-24T08:57:12.5503773Z CloudEvents: Reconnected. 1766566222.8166697
2025-12-24T08:57:12.5504080Z CloudEvents: Disconnected. Reconnecting ... 1766566227.8846958
2025-12-24T08:57:12.5504489Z CloudEvents: Reconnected. 1766566227.984876
2025-12-24T08:57:12.5504791Z CloudEvents: Disconnected. Reconnecting ... 1766566228.3302622
2025-12-24T08:57:12.5505102Z CloudEvents: Reconnected. 1766566228.430431
2025-12-24T08:57:12.5505411Z CloudEvents: Disconnected. Reconnecting ... 1766566255.257021
2025-12-24T08:57:12.5505718Z CloudEvents: Reconnected. 1766566255.3571854
2025-12-24T08:57:12.5507883Z CloudEvents: Disconnected. Reconnecting ... 1766566255.7994678
2025-12-24T08:57:12.5508301Z CloudEvents: Reconnected. 1766566255.8996303
2025-12-24T08:57:12.5508640Z CloudEvents: Disconnected. Reconnecting ... 1766566317.6989536
2025-12-24T08:57:12.5508965Z CloudEvents: Reconnected. 1766566317.799099
2025-12-24T08:57:12.5509279Z CloudEvents: Disconnected. Reconnecting ... 1766566318.2715387
2025-12-24T08:57:12.5509597Z CloudEvents: Reconnected. 1766566318.3717234
2025-12-24T08:57:12.5509911Z CloudEvents: Disconnected. Reconnecting ... 1766566337.4738305
2025-12-24T08:57:12.5510227Z CloudEvents: Reconnected. 1766566337.5740151
2025-12-24T08:57:12.5510537Z CloudEvents: Disconnected. Reconnecting ... 1766566337.9342177
2025-12-24T08:57:12.5510850Z CloudEvents: Reconnected. 1766566338.034369
2025-12-24T08:57:12.5511150Z CloudEvents: Disconnected. Reconnecting ... 1766566350.4716733
2025-12-24T08:57:12.5511463Z CloudEvents: Reconnected. 1766566350.5718381
2025-12-24T08:57:12.5511771Z CloudEvents: Disconnected. Reconnecting ... 1766566376.1232347
2025-12-24T08:57:12.5512090Z CloudEvents: Reconnected. 1766566376.223398
2025-12-24T08:57:12.5512538Z CloudEvents: Disconnected. Reconnecting ... 1766566521.6589465
2025-12-24T08:57:12.5512868Z CloudEvents: Reconnected. 1766566521.7591183
2025-12-24T08:57:12.5513183Z CloudEvents: Disconnected. Reconnecting ... 1766566522.1353633
2025-12-24T08:57:12.5513501Z CloudEvents: Reconnected. 1766566522.2354999
2025-12-24T08:57:12.5513805Z CloudEvents: Disconnected. Reconnecting ... 1766566597.6090155
2025-12-24T08:57:12.5514120Z CloudEvents: Reconnected. 1766566597.7091827
2025-12-24T08:57:12.5514736Z CloudEvents: Disconnected. Reconnecting ... 1766566598.1188488
2025-12-24T08:57:12.5515135Z CloudEvents: Reconnected. 1766566598.2189941
2025-12-24T08:57:12.5515443Z CloudEvents: Disconnected. Reconnecting ... 1766566606.8149188
2025-12-24T08:57:12.5515759Z CloudEvents: Reconnected. 1766566606.9150715
2025-12-24T08:57:12.5516066Z CloudEvents: Disconnected. Reconnecting ... 1766566607.251509
2025-12-24T08:57:12.5516390Z CloudEvents: Reconnected. 1766566607.3516676
2025-12-24T08:57:12.5516695Z CloudEvents: Disconnected. Reconnecting ... 1766566623.407351
2025-12-24T08:57:12.5517009Z CloudEvents: Reconnected. 1766566623.507517
2025-12-24T08:57:12.5517318Z CloudEvents: Disconnected. Reconnecting ... 1766566623.8801692
2025-12-24T08:57:12.5517631Z CloudEvents: Reconnected. 1766566623.9803205
2025-12-24T09:41:30.7990020Z CloudEvents: Disconnected. Reconnecting ... 1766566632.5458965
2025-12-24T09:41:30.7990976Z CloudEvents: Reconnected. 1766566632.6461422
2025-12-24T09:41:30.7991806Z CloudEvents: Disconnected. Reconnecting ... 1766566632.9852366
2025-12-24T09:41:30.7992655Z CloudEvents: Reconnected. 1766566633.0854073
2025-12-24T09:41:30.7993472Z CloudEvents: Disconnected. Reconnecting ... 1766566703.4658785
2025-12-24T09:41:30.7994305Z CloudEvents: Reconnected. 1766566703.5660305
2025-12-24T09:41:30.7995119Z CloudEvents: Disconnected. Reconnecting ... 1766566703.909321
2025-12-24T09:41:30.7995607Z CloudEvents: Reconnected. 1766566704.0094745
2025-12-24T09:41:30.7996044Z CloudEvents: Disconnected. Reconnecting ... 1766566787.1933095
2025-12-24T09:41:30.7996482Z CloudEvents: Reconnected. 1766566787.293491
2025-12-24T09:41:30.7996897Z CloudEvents: Disconnected. Reconnecting ... 1766566791.3427238
2025-12-24T09:41:30.7997308Z CloudEvents: Reconnected. 1766566791.442904
2025-12-24T09:41:30.7997712Z CloudEvents: Disconnected. Reconnecting ... 1766566791.9029078
2025-12-24T09:41:30.7998131Z CloudEvents: Reconnected. 1766566792.0030825
2025-12-24T09:41:30.7998535Z CloudEvents: Disconnected. Reconnecting ... 1766566801.5513186
2025-12-24T09:41:30.7999131Z CloudEvents: Reconnected. 1766566801.6515203
2025-12-24T09:41:30.7999553Z CloudEvents: Disconnected. Reconnecting ... 1766566801.9967782
2025-12-24T09:41:30.8000085Z CloudEvents: Reconnected. 1766566802.0969377
2025-12-24T09:41:30.8000491Z CloudEvents: Disconnected. Reconnecting ... 1766566983.2745981
2025-12-24T09:41:30.8000900Z CloudEvents: Reconnected. 1766566983.3747506
2025-12-24T09:41:30.8001671Z CloudEvents: Disconnected. Reconnecting ... 1766567067.2238076
2025-12-24T09:41:30.8002117Z CloudEvents: Reconnected. 1766567067.323966
2025-12-24T09:41:30.8002614Z CloudEvents: Disconnected. Reconnecting ... 1766567153.6037962
2025-12-24T09:41:30.8003172Z CloudEvents: Reconnected. 1766567153.703929
2025-12-24T09:41:30.8003792Z CloudEvents: Disconnected. Reconnecting ... 1766567154.0840468
2025-12-24T09:41:30.8004650Z CloudEvents: Reconnected. 1766567154.1842096
2025-12-24T09:41:30.8005322Z CloudEvents: Disconnected. Reconnecting ... 1766567206.0546584
2025-12-24T09:41:30.8005914Z CloudEvents: Reconnected. 1766567206.1548116
2025-12-24T09:41:30.8006462Z CloudEvents: Disconnected. Reconnecting ... 1766567222.886892
2025-12-24T09:41:30.8007035Z CloudEvents: Reconnected. 1766567222.9870644
2025-12-24T09:41:30.8007697Z CloudEvents: Disconnected. Reconnecting ... 1766567223.354027
2025-12-24T09:41:30.8008096Z CloudEvents: Reconnected. 1766567223.4541836
2025-12-24T09:41:30.8008417Z CloudEvents: Disconnected. Reconnecting ... 1766567228.019617
2025-12-24T09:41:30.8008732Z CloudEvents: Reconnected. 1766567228.1197913
2025-12-24T09:41:30.8009264Z CloudEvents: Disconnected. Reconnecting ... 1766567228.459305
2025-12-24T09:41:30.8009583Z CloudEvents: Reconnected. 1766567228.559471
2025-12-24T09:41:30.8009889Z CloudEvents: Disconnected. Reconnecting ... 1766567264.531806
2025-12-24T09:41:30.8010203Z CloudEvents: Reconnected. 1766567264.6319757
2025-12-24T09:41:30.8010515Z CloudEvents: Disconnected. Reconnecting ... 1766567264.9694996
2025-12-24T09:41:30.8010836Z CloudEvents: Reconnected. 1766567265.0696583
2025-12-24T09:41:30.8011157Z CloudEvents: Disconnected. Reconnecting ... 1766567265.41323
2025-12-24T09:41:30.8011477Z CloudEvents: Reconnected. 1766567265.5133674
2025-12-24T09:41:30.8011781Z CloudEvents: Disconnected. Reconnecting ... 1766567339.3707535
2025-12-24T09:41:30.8012096Z CloudEvents: Reconnected. 1766567339.4709294
2025-12-24T09:41:30.8012397Z CloudEvents: Disconnected. Reconnecting ... 1766567339.8374224
2025-12-24T09:41:30.8012715Z CloudEvents: Reconnected. 1766567339.9375923
2025-12-24T09:41:30.8013028Z CloudEvents: Disconnected. Reconnecting ... 1766567494.6848261
2025-12-24T09:41:30.8013336Z CloudEvents: Reconnected. 1766567494.784978
2025-12-24T09:41:30.8013643Z CloudEvents: Disconnected. Reconnecting ... 1766567495.3095531
2025-12-24T09:41:30.8013957Z CloudEvents: Reconnected. 1766567495.4097283
2025-12-24T09:41:30.8014259Z CloudEvents: Disconnected. Reconnecting ... 1766567842.499346
2025-12-24T09:41:30.8014739Z CloudEvents: Reconnected. 1766567842.5995152
2025-12-24T09:41:30.8015047Z CloudEvents: Disconnected. Reconnecting ... 1766567842.9469612
2025-12-24T09:41:30.8015364Z CloudEvents: Reconnected. 1766567843.0471349
2025-12-24T09:41:30.8015670Z CloudEvents: Disconnected. Reconnecting ... 1766568093.836913
2025-12-24T09:41:30.8015982Z CloudEvents: Reconnected. 1766568093.9370754
2025-12-24T09:41:30.8016283Z CloudEvents: Disconnected. Reconnecting ... 1766568094.2782698
2025-12-24T09:41:30.8016599Z CloudEvents: Reconnected. 1766568094.3784232
2025-12-24T09:41:30.8016905Z CloudEvents: Disconnected. Reconnecting ... 1766568117.0527008
2025-12-24T09:41:30.8017214Z CloudEvents: Reconnected. 1766568117.152853
2025-12-24T09:41:30.8017518Z CloudEvents: Disconnected. Reconnecting ... 1766568117.4847586
2025-12-24T09:41:30.8017826Z CloudEvents: Reconnected. 1766568117.5849159
2025-12-24T09:41:30.8018131Z CloudEvents: Disconnected. Reconnecting ... 1766568368.0029168
2025-12-24T09:41:30.8018444Z CloudEvents: Reconnected. 1766568368.1030557
2025-12-24T09:41:30.8018747Z CloudEvents: Disconnected. Reconnecting ... 1766568368.5618498
2025-12-24T09:41:30.8019058Z CloudEvents: Reconnected. 1766568368.662003
2025-12-24T09:41:30.8019367Z CloudEvents: Disconnected. Reconnecting ... 1766568388.5094883
2025-12-24T09:41:30.8019674Z CloudEvents: Reconnected. 1766568388.6096418
2025-12-24T09:41:30.8019981Z CloudEvents: Disconnected. Reconnecting ... 1766568423.378347
2025-12-24T09:41:30.8020330Z CloudEvents: Reconnected. 1766568423.4785163
2025-12-24T09:41:30.8021144Z CloudEvents: Disconnected. Reconnecting ... 1766568423.8432035
2025-12-24T09:41:30.8021808Z CloudEvents: Reconnected. 1766568423.943362
2025-12-24T09:41:30.8022178Z CloudEvents: Disconnected. Reconnecting ... 1766568475.892939
2025-12-24T09:41:30.8022497Z CloudEvents: Reconnected. 1766568475.993106
2025-12-24T09:41:30.8022803Z CloudEvents: Disconnected. Reconnecting ... 1766568476.3366382
2025-12-24T09:41:30.8023115Z CloudEvents: Reconnected. 1766568476.4368076
2025-12-24T09:41:30.8023426Z CloudEvents: Disconnected. Reconnecting ... 1766568492.314229
2025-12-24T09:41:30.8023737Z CloudEvents: Reconnected. 1766568492.4143827
2025-12-24T09:41:30.8024041Z CloudEvents: Disconnected. Reconnecting ... 1766568492.7668817
2025-12-24T09:41:30.8024538Z CloudEvents: Reconnected. 1766568492.8670254
2025-12-24T09:41:30.8024900Z CloudEvents: Disconnected. Reconnecting ... 1766568545.94061
2025-12-24T09:41:30.8025218Z CloudEvents: Reconnected. 1766568546.0407603
2025-12-24T09:41:30.8025544Z CloudEvents: Disconnected. Reconnecting ... 1766568546.4047785
2025-12-24T09:41:30.8026010Z CloudEvents: Reconnected. 1766568546.504942
2025-12-24T09:41:30.8026309Z CloudEvents: Disconnected. Reconnecting ... 1766568555.4953127
2025-12-24T09:41:30.8026628Z CloudEvents: Reconnected. 1766568555.5955396
2025-12-24T09:41:30.8026930Z CloudEvents: Disconnected. Reconnecting ... 1766568555.9575284
2025-12-24T09:41:30.8027248Z CloudEvents: Reconnected. 1766568556.057688
2025-12-24T09:41:30.8027551Z CloudEvents: Disconnected. Reconnecting ... 1766568610.662049
2025-12-24T09:41:30.8027856Z CloudEvents: Reconnected. 1766568610.762224
2025-12-24T09:41:30.8028177Z CloudEvents: Disconnected. Reconnecting ... 1766568611.173043
2025-12-24T09:41:30.8028489Z CloudEvents: Reconnected. 1766568611.2731671
2025-12-24T09:41:30.8028791Z CloudEvents: Disconnected. Reconnecting ... 1766568674.4045608
2025-12-24T09:41:30.8029109Z CloudEvents: Reconnected. 1766568674.504722
2025-12-24T09:41:30.8029421Z CloudEvents: Disconnected. Reconnecting ... 1766568757.689489
2025-12-24T09:41:30.8029729Z CloudEvents: Reconnected. 1766568757.7896564
2025-12-24T09:41:30.8030048Z CloudEvents: Disconnected. Reconnecting ... 1766568758.1341639
2025-12-24T09:41:30.8030361Z CloudEvents: Reconnected. 1766568758.2343032
2025-12-24T09:41:30.8030661Z CloudEvents: Disconnected. Reconnecting ... 1766568861.598471
2025-12-24T09:41:30.8030971Z CloudEvents: Reconnected. 1766568861.6986308
2025-12-24T09:41:30.8031274Z CloudEvents: Disconnected. Reconnecting ... 1766568862.1285264
2025-12-24T09:41:30.8031588Z CloudEvents: Reconnected. 1766568862.2286794
2025-12-24T09:41:30.8031899Z CloudEvents: Disconnected. Reconnecting ... 1766568957.4455824
2025-12-24T09:41:30.8032210Z CloudEvents: Reconnected. 1766568957.545742
2025-12-24T09:41:30.8032513Z CloudEvents: Disconnected. Reconnecting ... 1766568958.0032573
2025-12-24T09:41:30.8032824Z CloudEvents: Reconnected. 1766568958.1033883
2025-12-24T09:41:30.8033126Z CloudEvents: Disconnected. Reconnecting ... 1766568984.41691
2025-12-24T09:41:30.8033440Z CloudEvents: Reconnected. 1766568984.5170789
2025-12-24T09:41:30.8033754Z CloudEvents: Disconnected. Reconnecting ... 1766568984.9196277
2025-12-24T09:41:30.8034063Z CloudEvents: Reconnected. 1766568985.0197878
2025-12-24T09:41:30.8034568Z CloudEvents: Disconnected. Reconnecting ... 1766568988.9651678
2025-12-24T09:41:30.8034893Z CloudEvents: Reconnected. 1766568989.0653265
2025-12-24T09:41:30.8035196Z CloudEvents: Disconnected. Reconnecting ... 1766568989.4890413
2025-12-24T09:41:30.8035517Z CloudEvents: Reconnected. 1766568989.5891967
2025-12-24T09:41:30.8035819Z CloudEvents: Disconnected. Reconnecting ... 1766569008.7593267
2025-12-24T09:41:30.8036131Z CloudEvents: Reconnected. 1766569008.8595047
2025-12-24T09:41:30.8036436Z CloudEvents: Disconnected. Reconnecting ... 1766569009.1996202
2025-12-24T09:41:30.8036742Z CloudEvents: Reconnected. 1766569009.2997668
2025-12-24T09:41:30.8037051Z CloudEvents: Disconnected. Reconnecting ... 1766569052.6210258
2025-12-24T09:41:30.8037490Z CloudEvents: Reconnected. 1766569052.7211862
2025-12-24T09:41:30.8037804Z CloudEvents: Disconnected. Reconnecting ... 1766569053.0593166
2025-12-24T09:41:30.8038118Z CloudEvents: Reconnected. 1766569053.1595242
2025-12-24T09:41:30.8038423Z CloudEvents: Disconnected. Reconnecting ... 1766569067.1856554
2025-12-24T09:41:30.8038730Z CloudEvents: Reconnected. 1766569067.285822
2025-12-24T09:41:30.8039036Z CloudEvents: Disconnected. Reconnecting ... 1766569067.6471133
2025-12-24T09:41:30.8039346Z CloudEvents: Reconnected. 1766569067.747249
2025-12-24T09:41:30.8039645Z CloudEvents: Disconnected. Reconnecting ... 1766569086.7357385
2025-12-24T09:41:30.8039958Z CloudEvents: Reconnected. 1766569086.8359118
2025-12-24T09:41:30.8040261Z CloudEvents: Disconnected. Reconnecting ... 1766569087.186149
2025-12-24T09:41:30.8040576Z CloudEvents: Reconnected. 1766569087.286301
2025-12-24T09:41:30.8040885Z CloudEvents: Disconnected. Reconnecting ... 1766569111.3307042
2025-12-24T09:41:30.8041201Z CloudEvents: Reconnected. 1766569111.4308703
2025-12-24T09:41:30.8041508Z CloudEvents: Disconnected. Reconnecting ... 1766569111.763127
2025-12-24T09:41:30.8041948Z CloudEvents: Reconnected. 1766569111.8632636
2025-12-24T09:41:30.8042249Z CloudEvents: Disconnected. Reconnecting ... 1766569141.0878077
2025-12-24T09:41:30.8042561Z CloudEvents: Reconnected. 1766569141.1879778
2025-12-24T09:41:30.8042866Z CloudEvents: Disconnected. Reconnecting ... 1766569141.547129
2025-12-24T09:41:30.8043173Z CloudEvents: Reconnected. 1766569141.6473029
2025-12-24T09:41:30.8043478Z CloudEvents: Disconnected. Reconnecting ... 1766569158.9946582
2025-12-24T09:41:30.8043793Z CloudEvents: Reconnected. 1766569159.0948198
2025-12-24T09:41:30.8044094Z CloudEvents: Disconnected. Reconnecting ... 1766569159.5421646
2025-12-24T09:41:30.8044596Z CloudEvents: Reconnected. 1766569159.642308
2025-12-24T09:41:30.8044900Z CloudEvents: Disconnected. Reconnecting ... 1766569207.274541
2025-12-24T09:41:30.8045213Z CloudEvents: Reconnected. 1766569207.3747153
2025-12-24T09:41:30.8045528Z CloudEvents: Disconnected. Reconnecting ... 1766569268.902738
2025-12-24T09:41:30.8045842Z CloudEvents: Reconnected. 1766569269.002913
2025-12-24T09:41:30.8046146Z CloudEvents: Disconnected. Reconnecting ... 1766569276.1752079
2025-12-24T09:41:30.8046460Z CloudEvents: Reconnected. 1766569276.2753873
2025-12-24T09:41:30.8046761Z CloudEvents: Disconnected. Reconnecting ... 1766569276.6172788
2025-12-24T09:41:30.8047071Z CloudEvents: Reconnected. 1766569276.7174635
2025-12-24T09:41:30.8047377Z CloudEvents: Disconnected. Reconnecting ... 1766569290.2335846
2025-12-24T09:41:30.8047686Z CloudEvents: Reconnected. 1766569290.3337452
2025-12-24T09:41:30.8047992Z CloudEvents: Disconnected. Reconnecting ... 1766569290.6985939
2025-12-24T10:09:11.6955378Z CloudEvents: Reconnected. 1766569290.7987404
2025-12-24T10:09:11.6955999Z CloudEvents: Disconnected. Reconnecting ... 1766569299.1475465
2025-12-24T10:09:11.6956510Z CloudEvents: Reconnected. 1766569299.2477272
2025-12-24T10:09:11.6957033Z CloudEvents: Disconnected. Reconnecting ... 1766569299.703921
2025-12-24T10:09:11.6957536Z CloudEvents: Reconnected. 1766569299.8040683
2025-12-24T10:09:11.6957998Z CloudEvents: Disconnected. Reconnecting ... 1766569310.502085
2025-12-24T10:09:11.6958466Z CloudEvents: Reconnected. 1766569310.6022556
2025-12-24T10:09:11.6958924Z CloudEvents: Disconnected. Reconnecting ... 1766569310.938087
2025-12-24T10:09:11.6959393Z CloudEvents: Reconnected. 1766569311.038265
2025-12-24T10:09:11.6959812Z CloudEvents: Disconnected. Reconnecting ... 1766569311.3717961
2025-12-24T10:09:11.6960194Z CloudEvents: Reconnected. 1766569311.471917
2025-12-24T10:09:11.6960561Z CloudEvents: Disconnected. Reconnecting ... 1766569375.931986
2025-12-24T10:09:11.6960935Z CloudEvents: Reconnected. 1766569376.0321376
2025-12-24T10:09:11.6961307Z CloudEvents: Disconnected. Reconnecting ... 1766569435.7470932
2025-12-24T10:09:11.6961682Z CloudEvents: Reconnected. 1766569435.8472724
2025-12-24T10:09:11.6962051Z CloudEvents: Disconnected. Reconnecting ... 1766569436.191153
2025-12-24T10:09:11.6962790Z CloudEvents: Reconnected. 1766569436.2913022
2025-12-24T10:09:11.6963174Z CloudEvents: Disconnected. Reconnecting ... 1766569438.8715446
2025-12-24T10:09:11.6963561Z CloudEvents: Reconnected. 1766569438.9716985
2025-12-24T10:09:11.6963934Z CloudEvents: Disconnected. Reconnecting ... 1766569439.3100004
2025-12-24T10:09:11.6964310Z CloudEvents: Reconnected. 1766569439.410151
2025-12-24T10:09:11.6964938Z CloudEvents: Disconnected. Reconnecting ... 1766569689.1453125
2025-12-24T10:09:11.6965333Z CloudEvents: Reconnected. 1766569689.2455068
2025-12-24T10:09:11.6965697Z CloudEvents: Disconnected. Reconnecting ... 1766569689.6069684
2025-12-24T10:09:11.6966081Z CloudEvents: Reconnected. 1766569689.7071064
2025-12-24T10:09:11.6966450Z CloudEvents: Disconnected. Reconnecting ... 1766569700.5599668
2025-12-24T10:09:11.6966826Z CloudEvents: Reconnected. 1766569700.6601365
2025-12-24T10:09:11.6967197Z CloudEvents: Disconnected. Reconnecting ... 1766569700.9987175
2025-12-24T10:09:11.6967581Z CloudEvents: Reconnected. 1766569701.0988648
2025-12-24T10:09:11.6968111Z CloudEvents: Disconnected. Reconnecting ... 1766569706.3169506
2025-12-24T10:09:11.6968492Z CloudEvents: Reconnected. 1766569706.4171119
2025-12-24T10:09:11.6968855Z CloudEvents: Disconnected. Reconnecting ... 1766569706.7560403
2025-12-24T10:09:11.6969234Z CloudEvents: Reconnected. 1766569706.8561962
2025-12-24T10:09:11.6969613Z CloudEvents: Disconnected. Reconnecting ... 1766569718.953759
2025-12-24T10:09:11.6969984Z CloudEvents: Reconnected. 1766569719.0539246
2025-12-24T10:09:11.6970328Z CloudEvents: Disconnected. Reconnecting ... 1766569729.8337972
2025-12-24T10:09:11.6970650Z CloudEvents: Reconnected. 1766569729.9339714
2025-12-24T10:09:11.6970950Z CloudEvents: Disconnected. Reconnecting ... 1766569730.2706146
2025-12-24T10:09:11.6971260Z CloudEvents: Reconnected. 1766569730.3708034
2025-12-24T10:09:11.6971565Z CloudEvents: Disconnected. Reconnecting ... 1766569756.134967
2025-12-24T10:09:11.6971875Z CloudEvents: Reconnected. 1766569756.235122
2025-12-24T10:09:11.6972179Z CloudEvents: Disconnected. Reconnecting ... 1766569756.5968847
2025-12-24T10:09:11.6972497Z CloudEvents: Reconnected. 1766569756.6970606
2025-12-24T10:09:11.6972798Z CloudEvents: Disconnected. Reconnecting ... 1766569765.7813997
2025-12-24T10:09:11.6973107Z CloudEvents: Reconnected. 1766569765.8815684
2025-12-24T10:09:11.6973407Z CloudEvents: Disconnected. Reconnecting ... 1766569766.2433405
2025-12-24T10:09:11.6973719Z CloudEvents: Reconnected. 1766569766.3435285
2025-12-24T10:09:11.6974028Z CloudEvents: Disconnected. Reconnecting ... 1766569811.7702396
2025-12-24T10:09:11.6974459Z CloudEvents: Reconnected. 1766569811.870404
2025-12-24T10:09:11.6974770Z CloudEvents: Disconnected. Reconnecting ... 1766569812.232209
2025-12-24T10:09:11.6975080Z CloudEvents: Reconnected. 1766569812.3323472
2025-12-24T10:09:11.6975378Z CloudEvents: Disconnected. Reconnecting ... 1766569830.9785497
2025-12-24T10:09:11.6975689Z CloudEvents: Reconnected. 1766569831.0787015
2025-12-24T10:09:11.6975996Z CloudEvents: Disconnected. Reconnecting ... 1766569831.4299383
2025-12-24T10:09:11.6976305Z CloudEvents: Reconnected. 1766569831.5300756
2025-12-24T10:09:11.6976611Z CloudEvents: Disconnected. Reconnecting ... 1766569873.0853505
2025-12-24T10:09:11.6976921Z CloudEvents: Reconnected. 1766569873.1855435
2025-12-24T10:09:11.6977220Z CloudEvents: Disconnected. Reconnecting ... 1766569873.5357258
2025-12-24T10:09:11.6977530Z CloudEvents: Reconnected. 1766569873.6358974
2025-12-24T10:09:11.6977827Z CloudEvents: Disconnected. Reconnecting ... 1766569931.2185984
2025-12-24T10:09:11.6978135Z CloudEvents: Reconnected. 1766569931.318778
2025-12-24T10:09:11.6978460Z CloudEvents: Disconnected. Reconnecting ... 1766569931.6776705
2025-12-24T10:09:11.6978774Z CloudEvents: Reconnected. 1766569931.777825
2025-12-24T10:09:11.6979071Z CloudEvents: Disconnected. Reconnecting ... 1766569938.3033817
2025-12-24T10:09:11.6979393Z CloudEvents: Reconnected. 1766569938.403549
2025-12-24T10:09:11.6979824Z CloudEvents: Disconnected. Reconnecting ... 1766569938.7631524
2025-12-24T10:09:11.6980142Z CloudEvents: Reconnected. 1766569938.8632915
2025-12-24T10:09:11.6980448Z CloudEvents: Disconnected. Reconnecting ... 1766569943.1978068
2025-12-24T10:09:11.6980757Z CloudEvents: Reconnected. 1766569943.2980044
2025-12-24T10:09:11.6981054Z CloudEvents: Disconnected. Reconnecting ... 1766569943.6395652
2025-12-24T10:09:11.6981365Z CloudEvents: Reconnected. 1766569943.7397404
2025-12-24T10:09:11.6981667Z CloudEvents: Disconnected. Reconnecting ... 1766569949.8265069
2025-12-24T10:09:11.6981976Z CloudEvents: Reconnected. 1766569949.9266567
2025-12-24T10:09:11.6982281Z CloudEvents: Disconnected. Reconnecting ... 1766569950.2853425
2025-12-24T10:09:11.6982591Z CloudEvents: Reconnected. 1766569950.3854911
2025-12-24T10:09:11.6982900Z CloudEvents: Disconnected. Reconnecting ... 1766569955.11617
2025-12-24T10:09:11.6983212Z CloudEvents: Reconnected. 1766569955.2163467
2025-12-24T10:09:11.6983519Z CloudEvents: Disconnected. Reconnecting ... 1766569962.5018964
2025-12-24T10:09:11.6983828Z CloudEvents: Reconnected. 1766569962.6020539
2025-12-24T10:09:11.6984254Z CloudEvents: Disconnected. Reconnecting ... 1766569962.9670174
2025-12-24T10:09:11.6984695Z CloudEvents: Reconnected. 1766569963.0671606
2025-12-24T10:09:11.6985006Z CloudEvents: Disconnected. Reconnecting ... 1766569971.0057173
2025-12-24T10:09:11.6985319Z CloudEvents: Reconnected. 1766569971.1059034
2025-12-24T10:09:11.6985616Z CloudEvents: Disconnected. Reconnecting ... 1766569971.4418716
2025-12-24T10:09:11.6985926Z CloudEvents: Reconnected. 1766569971.5420084
2025-12-24T10:09:11.6986224Z CloudEvents: Disconnected. Reconnecting ... 1766569977.5724876
2025-12-24T10:09:11.6986536Z CloudEvents: Reconnected. 1766569977.6726813
2025-12-24T10:09:11.6986843Z CloudEvents: Disconnected. Reconnecting ... 1766569978.0088096
2025-12-24T10:09:11.6987149Z CloudEvents: Reconnected. 1766569978.1089342
2025-12-24T10:09:11.6987453Z CloudEvents: Disconnected. Reconnecting ... 1766570007.0896862
2025-12-24T10:09:11.6987772Z CloudEvents: Reconnected. 1766570007.1898808
2025-12-24T10:09:11.6988076Z CloudEvents: Disconnected. Reconnecting ... 1766570124.431342
2025-12-24T10:09:11.6988389Z CloudEvents: Reconnected. 1766570124.5315366
2025-12-24T10:09:11.6988695Z CloudEvents: Disconnected. Reconnecting ... 1766570174.438071
2025-12-24T10:09:11.6989000Z CloudEvents: Reconnected. 1766570174.5382235
2025-12-24T10:09:11.6989304Z CloudEvents: Disconnected. Reconnecting ... 1766570174.8718307
2025-12-24T10:09:11.6989618Z CloudEvents: Reconnected. 1766570174.971978
2025-12-24T10:09:11.6989918Z CloudEvents: Disconnected. Reconnecting ... 1766570210.3353782
2025-12-24T10:09:11.6990229Z CloudEvents: Reconnected. 1766570210.435563
2025-12-24T10:09:11.6990528Z CloudEvents: Disconnected. Reconnecting ... 1766570210.7773454
2025-12-24T10:09:11.6990839Z CloudEvents: Reconnected. 1766570210.8775105
2025-12-24T10:09:11.6991145Z CloudEvents: Disconnected. Reconnecting ... 1766570225.883915
2025-12-24T10:09:11.6991454Z CloudEvents: Reconnected. 1766570225.9840767
2025-12-24T10:09:11.6991764Z CloudEvents: Disconnected. Reconnecting ... 1766570226.3219922
2025-12-24T10:09:11.6992080Z CloudEvents: Reconnected. 1766570226.4221666
2025-12-24T10:09:11.6992380Z CloudEvents: Disconnected. Reconnecting ... 1766570281.8689327
2025-12-24T10:09:11.6992689Z CloudEvents: Reconnected. 1766570281.9690974
2025-12-24T10:09:11.6992994Z CloudEvents: Disconnected. Reconnecting ... 1766570282.30384
2025-12-24T10:09:11.6993297Z CloudEvents: Reconnected. 1766570282.4040017
2025-12-24T10:09:11.6993602Z CloudEvents: Disconnected. Reconnecting ... 1766570429.6705582
2025-12-24T10:09:11.6993915Z CloudEvents: Reconnected. 1766570429.7707295
2025-12-24T10:09:11.6994215Z CloudEvents: Disconnected. Reconnecting ... 1766570430.2436547
2025-12-24T10:09:11.6994632Z CloudEvents: Reconnected. 1766570430.3437917
2025-12-24T10:09:11.6994932Z CloudEvents: Disconnected. Reconnecting ... 1766570466.6131136
2025-12-24T10:09:11.6995242Z CloudEvents: Reconnected. 1766570466.7132823
2025-12-24T10:09:11.6995680Z CloudEvents: Disconnected. Reconnecting ... 1766570467.0239835
2025-12-24T10:09:11.6995995Z CloudEvents: Reconnected. 1766570467.124147
2025-12-24T10:09:11.6996297Z CloudEvents: Disconnected. Reconnecting ... 1766570496.000688
2025-12-24T10:09:11.6996618Z CloudEvents: Reconnected. 1766570496.1008654
2025-12-24T10:09:11.6996933Z CloudEvents: Disconnected. Reconnecting ... 1766570496.4623938
2025-12-24T10:09:11.6997256Z CloudEvents: Reconnected. 1766570496.5625634
2025-12-24T10:09:11.6997569Z CloudEvents: Disconnected. Reconnecting ... 1766570544.5050547
2025-12-24T10:09:11.6997879Z CloudEvents: Reconnected. 1766570544.6052167
2025-12-24T10:09:11.6998189Z CloudEvents: Disconnected. Reconnecting ... 1766570641.3095598
2025-12-24T10:09:11.6998500Z CloudEvents: Reconnected. 1766570641.4097266
2025-12-24T10:09:11.6998800Z CloudEvents: Disconnected. Reconnecting ... 1766570641.9668624
2025-12-24T10:09:11.6999113Z CloudEvents: Reconnected. 1766570642.0670202
2025-12-24T10:09:11.6999421Z CloudEvents: Disconnected. Reconnecting ... 1766570680.5243995
2025-12-24T10:09:11.6999891Z CloudEvents: Reconnected. 1766570680.624543
2025-12-24T10:09:11.7000200Z CloudEvents: Disconnected. Reconnecting ... 1766570681.1514895
2025-12-24T10:09:11.7000506Z CloudEvents: Reconnected. 1766570681.2516453
2025-12-24T10:09:11.7000813Z CloudEvents: Disconnected. Reconnecting ... 1766570695.1423495
2025-12-24T10:09:11.7001123Z CloudEvents: Reconnected. 1766570695.2425203
2025-12-24T10:09:11.7001421Z CloudEvents: Disconnected. Reconnecting ... 1766570725.2228196
2025-12-24T10:09:11.7001731Z CloudEvents: Reconnected. 1766570725.32299
2025-12-24T10:09:11.7002038Z CloudEvents: Disconnected. Reconnecting ... 1766570725.67578
2025-12-24T10:09:11.7002349Z CloudEvents: Reconnected. 1766570725.7759545
2025-12-24T10:09:11.7002657Z CloudEvents: Disconnected. Reconnecting ... 1766570748.8568628
2025-12-24T10:09:11.7002968Z CloudEvents: Reconnected. 1766570748.9570267
2025-12-24T10:09:11.7003273Z CloudEvents: Disconnected. Reconnecting ... 1766570749.2665706
2025-12-24T10:09:11.7003591Z CloudEvents: Reconnected. 1766570749.3667147
2025-12-24T10:09:11.7003896Z CloudEvents: Disconnected. Reconnecting ... 1766570782.026901
2025-12-24T10:09:11.7004208Z CloudEvents: Reconnected. 1766570782.127068
2025-12-24T10:09:11.7004624Z CloudEvents: Disconnected. Reconnecting ... 1766570782.463298
2025-12-24T10:09:11.7004945Z CloudEvents: Reconnected. 1766570782.5634553
2025-12-24T10:09:11.7005243Z CloudEvents: Disconnected. Reconnecting ... 1766570858.718202
2025-12-24T10:09:11.7005553Z CloudEvents: Reconnected. 1766570858.8183641
2025-12-24T10:09:11.7005863Z CloudEvents: Disconnected. Reconnecting ... 1766570859.2633383
2025-12-24T10:09:11.7006173Z CloudEvents: Reconnected. 1766570859.3635092
2025-12-24T10:09:11.7006479Z CloudEvents: Disconnected. Reconnecting ... 1766570863.6537678
2025-12-24T10:09:11.7006789Z CloudEvents: Reconnected. 1766570863.7538984
2025-12-24T10:09:11.7007089Z CloudEvents: Disconnected. Reconnecting ... 1766570864.1259391
2025-12-24T10:09:11.7007412Z CloudEvents: Reconnected. 1766570864.226127
2025-12-24T10:41:08.0898355Z CloudEvents: Disconnected. Reconnecting ... 1766570951.695289
2025-12-24T10:41:08.0899397Z CloudEvents: Reconnected. 1766570951.7955096
2025-12-24T10:41:08.0900086Z CloudEvents: Disconnected. Reconnecting ... 1766570952.1632318
2025-12-24T10:41:08.0900665Z CloudEvents: Reconnected. 1766570952.2633646
2025-12-24T10:41:08.0901258Z CloudEvents: Disconnected. Reconnecting ... 1766570968.5262165
2025-12-24T10:41:08.0901862Z CloudEvents: Reconnected. 1766570968.6263692
2025-12-24T10:41:08.0902321Z CloudEvents: Disconnected. Reconnecting ... 1766571085.6730068
2025-12-24T10:41:08.0902778Z CloudEvents: Reconnected. 1766571085.7731593
2025-12-24T10:41:08.0903229Z CloudEvents: Disconnected. Reconnecting ... 1766571086.212381
2025-12-24T10:41:08.0903691Z CloudEvents: Reconnected. 1766571086.312536
2025-12-24T10:41:08.0904139Z CloudEvents: Disconnected. Reconnecting ... 1766571100.9832487
2025-12-24T10:41:08.0905258Z CloudEvents: Reconnected. 1766571101.083413
2025-12-24T10:41:08.0905757Z CloudEvents: Disconnected. Reconnecting ... 1766571101.4322248
2025-12-24T10:41:08.0906234Z CloudEvents: Reconnected. 1766571101.5323822
2025-12-24T10:41:08.0906694Z CloudEvents: Disconnected. Reconnecting ... 1766571133.9537954
2025-12-24T10:41:08.0907152Z CloudEvents: Reconnected. 1766571134.0539498
2025-12-24T10:41:08.0907612Z CloudEvents: Disconnected. Reconnecting ... 1766571145.3142338
2025-12-24T10:41:08.0908073Z CloudEvents: Reconnected. 1766571145.4143987
2025-12-24T10:41:08.0908517Z CloudEvents: Disconnected. Reconnecting ... 1766571145.8284767
2025-12-24T10:41:08.0908977Z CloudEvents: Reconnected. 1766571145.9286177
2025-12-24T10:41:08.0909424Z CloudEvents: Disconnected. Reconnecting ... 1766571308.3859713
2025-12-24T10:41:08.0909873Z CloudEvents: Reconnected. 1766571308.4861453
2025-12-24T10:41:08.0910321Z CloudEvents: Disconnected. Reconnecting ... 1766571308.8322062
2025-12-24T10:41:08.0910785Z CloudEvents: Reconnected. 1766571308.9323578
2025-12-24T10:41:08.0911239Z CloudEvents: Disconnected. Reconnecting ... 1766571450.6268172
2025-12-24T10:41:08.0911844Z CloudEvents: Reconnected. 1766571450.726986
2025-12-24T10:41:08.0912191Z CloudEvents: Disconnected. Reconnecting ... 1766571451.0910323
2025-12-24T10:41:08.0912522Z CloudEvents: Reconnected. 1766571451.1911643
2025-12-24T10:41:08.0912865Z CloudEvents: Disconnected. Reconnecting ... 1766571632.6640003
2025-12-24T10:41:08.0913199Z CloudEvents: Reconnected. 1766571632.7641475
2025-12-24T10:41:08.0913519Z CloudEvents: Disconnected. Reconnecting ... 1766571633.1681848
2025-12-24T10:41:08.0913854Z CloudEvents: Reconnected. 1766571633.2683313
2025-12-24T10:41:08.0914173Z CloudEvents: Disconnected. Reconnecting ... 1766571645.1482472
2025-12-24T10:41:08.0914764Z CloudEvents: Reconnected. 1766571645.2484248
2025-12-24T10:41:08.0915092Z CloudEvents: Disconnected. Reconnecting ... 1766571645.5834312
2025-12-24T10:41:08.0915424Z CloudEvents: Reconnected. 1766571645.6836066
2025-12-24T10:41:08.0915756Z CloudEvents: Disconnected. Reconnecting ... 1766571669.8346884
2025-12-24T10:41:08.0916095Z CloudEvents: Reconnected. 1766571669.9348645
2025-12-24T10:41:08.0916420Z CloudEvents: Disconnected. Reconnecting ... 1766571802.8856437
2025-12-24T10:41:08.0916765Z CloudEvents: Reconnected. 1766571802.9858103
2025-12-24T10:41:08.0917085Z CloudEvents: Disconnected. Reconnecting ... 1766571803.3732834
2025-12-24T10:41:08.0917419Z CloudEvents: Reconnected. 1766571803.473477
2025-12-24T10:41:08.0917743Z CloudEvents: Disconnected. Reconnecting ... 1766571807.3500113
2025-12-24T10:41:08.0918071Z CloudEvents: Reconnected. 1766571807.4501684
2025-12-24T10:41:08.0918395Z CloudEvents: Disconnected. Reconnecting ... 1766571807.7964234
2025-12-24T10:41:08.0918728Z CloudEvents: Reconnected. 1766571807.8966012
2025-12-24T10:41:08.0919051Z CloudEvents: Disconnected. Reconnecting ... 1766571844.621184
2025-12-24T10:41:08.0919384Z CloudEvents: Reconnected. 1766571844.721354
2025-12-24T10:41:08.0919707Z CloudEvents: Disconnected. Reconnecting ... 1766571850.1021128
2025-12-24T10:41:08.0920045Z CloudEvents: Reconnected. 1766571850.2022758
2025-12-24T10:41:08.0920369Z CloudEvents: Disconnected. Reconnecting ... 1766571946.8493574
2025-12-24T10:41:08.0920697Z CloudEvents: Reconnected. 1766571946.9495296
2025-12-24T10:41:08.0921019Z CloudEvents: Disconnected. Reconnecting ... 1766571950.779415
2025-12-24T10:41:08.0921353Z CloudEvents: Reconnected. 1766571950.8795795
2025-12-24T10:41:08.0921672Z CloudEvents: Disconnected. Reconnecting ... 1766571951.2216318
2025-12-24T10:41:08.0922005Z CloudEvents: Reconnected. 1766571951.3218365
2025-12-24T10:41:08.0922322Z CloudEvents: Disconnected. Reconnecting ... 1766572068.5123518
2025-12-24T10:41:08.0922635Z CloudEvents: Reconnected. 1766572068.6125264
2025-12-24T10:41:08.0922943Z CloudEvents: Disconnected. Reconnecting ... 1766572068.98069
2025-12-24T10:41:08.0923259Z CloudEvents: Reconnected. 1766572069.0808687
2025-12-24T10:41:08.0923685Z CloudEvents: Disconnected. Reconnecting ... 1766572109.8611615
2025-12-24T10:41:08.0924008Z CloudEvents: Reconnected. 1766572109.9613142
2025-12-24T10:41:08.0924456Z CloudEvents: Disconnected. Reconnecting ... 1766572110.3309898
2025-12-24T10:41:08.0924907Z CloudEvents: Reconnected. 1766572110.4311485
2025-12-24T10:41:08.0925216Z CloudEvents: Disconnected. Reconnecting ... 1766572230.4112294
2025-12-24T10:41:08.0925525Z CloudEvents: Reconnected. 1766572230.5113845
2025-12-24T10:41:08.0925832Z CloudEvents: Disconnected. Reconnecting ... 1766572416.571372
2025-12-24T10:41:08.0926145Z CloudEvents: Reconnected. 1766572416.6715276
2025-12-24T10:41:08.0926445Z CloudEvents: Disconnected. Reconnecting ... 1766572417.0337136
2025-12-24T10:41:08.0926761Z CloudEvents: Reconnected. 1766572417.133849
2025-12-24T10:41:08.0927065Z CloudEvents: Disconnected. Reconnecting ... 1766572420.9831953
2025-12-24T10:41:08.0927374Z CloudEvents: Reconnected. 1766572421.0833602
2025-12-24T10:41:08.0927681Z CloudEvents: Disconnected. Reconnecting ... 1766572421.4489193
2025-12-24T10:41:08.0927997Z CloudEvents: Reconnected. 1766572421.5490637
2025-12-24T10:41:08.0928424Z CloudEvents: Disconnected. Reconnecting ... 1766572424.948692
2025-12-24T10:41:08.0928733Z CloudEvents: Reconnected. 1766572425.048852
2025-12-24T10:41:08.0929034Z CloudEvents: Disconnected. Reconnecting ... 1766572425.4555714
2025-12-24T10:41:08.0929345Z CloudEvents: Reconnected. 1766572425.5557427
2025-12-24T10:41:08.0929653Z CloudEvents: Disconnected. Reconnecting ... 1766572428.8830287
2025-12-24T10:41:08.0929961Z CloudEvents: Reconnected. 1766572428.9831798
2025-12-24T10:41:08.0930267Z CloudEvents: Disconnected. Reconnecting ... 1766572429.3351455
2025-12-24T10:41:08.0930579Z CloudEvents: Reconnected. 1766572429.4353027
2025-12-24T10:41:08.0930883Z CloudEvents: Disconnected. Reconnecting ... 1766572432.22503
2025-12-24T10:41:08.0931192Z CloudEvents: Reconnected. 1766572432.3251832
2025-12-24T10:41:08.0931500Z CloudEvents: Disconnected. Reconnecting ... 1766572432.6656713
2025-12-24T10:41:08.0931813Z CloudEvents: Reconnected. 1766572432.7658782
2025-12-24T10:41:08.0932119Z CloudEvents: Disconnected. Reconnecting ... 1766572435.3649688
2025-12-24T10:41:08.0932440Z CloudEvents: Reconnected. 1766572435.4651322
2025-12-24T10:41:08.0932740Z CloudEvents: Disconnected. Reconnecting ... 1766572435.8024786
2025-12-24T10:41:08.0933052Z CloudEvents: Reconnected. 1766572435.9026458
2025-12-24T10:41:08.0933354Z CloudEvents: Disconnected. Reconnecting ... 1766572438.9365652
2025-12-24T10:41:08.0933667Z CloudEvents: Reconnected. 1766572439.036692
2025-12-24T10:41:08.0933974Z CloudEvents: Disconnected. Reconnecting ... 1766572439.3882875
2025-12-24T10:41:08.0934280Z CloudEvents: Reconnected. 1766572439.4884512
2025-12-24T10:41:08.0934819Z CloudEvents: Disconnected. Reconnecting ... 1766572442.8458815
2025-12-24T10:41:08.0935135Z CloudEvents: Reconnected. 1766572442.9460452
2025-12-24T10:41:08.0935447Z CloudEvents: Disconnected. Reconnecting ... 1766572443.3114984
2025-12-24T10:41:08.0935769Z CloudEvents: Reconnected. 1766572443.4116755
2025-12-24T10:41:08.0936088Z CloudEvents: Disconnected. Reconnecting ... 1766572446.8896546
2025-12-24T10:41:08.0936407Z CloudEvents: Reconnected. 1766572446.9898188
2025-12-24T10:41:08.0936720Z CloudEvents: Disconnected. Reconnecting ... 1766572447.325698
2025-12-24T10:41:08.0937038Z CloudEvents: Reconnected. 1766572447.425866
2025-12-24T10:41:08.0937350Z CloudEvents: Disconnected. Reconnecting ... 1766572449.9399395
2025-12-24T10:41:08.0937671Z CloudEvents: Reconnected. 1766572450.0400982
2025-12-24T10:41:08.0937977Z CloudEvents: Disconnected. Reconnecting ... 1766572460.731648
2025-12-24T10:41:08.0938291Z CloudEvents: Reconnected. 1766572460.8318164
2025-12-24T10:41:08.0938600Z CloudEvents: Disconnected. Reconnecting ... 1766572461.1822348
2025-12-24T10:41:08.0938911Z CloudEvents: Reconnected. 1766572461.2823954
2025-12-24T10:41:08.0939215Z CloudEvents: Disconnected. Reconnecting ... 1766572467.793595
2025-12-24T10:41:08.0939529Z CloudEvents: Reconnected. 1766572467.8937545
2025-12-24T10:41:08.0939951Z CloudEvents: Disconnected. Reconnecting ... 1766572468.2298899
2025-12-24T10:41:08.0940273Z CloudEvents: Reconnected. 1766572468.3300464
2025-12-24T10:41:08.0940579Z CloudEvents: Disconnected. Reconnecting ... 1766572472.7568855
2025-12-24T10:41:08.0940886Z CloudEvents: Reconnected. 1766572472.8570411
2025-12-24T10:41:08.0941190Z CloudEvents: Disconnected. Reconnecting ... 1766572473.1937628
2025-12-24T10:41:08.0941508Z CloudEvents: Reconnected. 1766572473.2939148
2025-12-24T10:41:08.0941811Z CloudEvents: Disconnected. Reconnecting ... 1766572542.7881696
2025-12-24T10:41:08.0942123Z CloudEvents: Reconnected. 1766572542.888325
2025-12-24T10:41:08.0942431Z CloudEvents: Disconnected. Reconnecting ... 1766572543.2681143
2025-12-24T10:41:08.0942745Z CloudEvents: Reconnected. 1766572543.368269
2025-12-24T10:41:08.0943049Z CloudEvents: Disconnected. Reconnecting ... 1766572550.664986
2025-12-24T10:41:08.0943357Z CloudEvents: Reconnected. 1766572550.7651503
2025-12-24T10:41:08.0943668Z CloudEvents: Disconnected. Reconnecting ... 1766572551.1391156
2025-12-24T10:41:08.0943980Z CloudEvents: Reconnected. 1766572551.239254
2025-12-24T10:41:08.0944601Z CloudEvents: Disconnected. Reconnecting ... 1766572584.2261205
2025-12-24T10:41:08.0944952Z CloudEvents: Reconnected. 1766572584.3262823
2025-12-24T10:41:08.0945258Z CloudEvents: Disconnected. Reconnecting ... 1766572584.6513054
2025-12-24T10:41:08.0945567Z CloudEvents: Reconnected. 1766572584.7515059
2025-12-24T10:41:08.0945874Z CloudEvents: Disconnected. Reconnecting ... 1766572683.2828248
2025-12-24T10:41:08.0946189Z CloudEvents: Reconnected. 1766572683.3830073
2025-12-24T10:41:08.0946490Z CloudEvents: Disconnected. Reconnecting ... 1766572683.7237005
2025-12-24T10:41:08.0946799Z CloudEvents: Reconnected. 1766572683.823847
2025-12-24T10:41:08.0947097Z CloudEvents: Disconnected. Reconnecting ... 1766572704.7499979
2025-12-24T10:41:08.0947412Z CloudEvents: Reconnected. 1766572704.8501525
2025-12-24T10:41:08.0947716Z CloudEvents: Disconnected. Reconnecting ... 1766572724.8893192
2025-12-24T10:41:08.0948028Z CloudEvents: Reconnected. 1766572724.989477
2025-12-24T10:41:08.0948338Z CloudEvents: Disconnected. Reconnecting ... 1766572725.32527
2025-12-24T10:41:08.0948650Z CloudEvents: Reconnected. 1766572725.4254713
2025-12-24T10:41:08.0948952Z CloudEvents: Disconnected. Reconnecting ... 1766572731.1229963
2025-12-24T10:41:08.0949268Z CloudEvents: Reconnected. 1766572731.2231574
2025-12-24T10:41:08.0949573Z CloudEvents: Disconnected. Reconnecting ... 1766572731.534321
2025-12-24T10:41:08.0949882Z CloudEvents: Reconnected. 1766572731.6344855
2025-12-24T10:41:08.0950190Z CloudEvents: Disconnected. Reconnecting ... 1766572748.5636227
2025-12-24T10:41:08.0950502Z CloudEvents: Reconnected. 1766572748.6637714
2025-12-24T10:41:08.0950807Z CloudEvents: Disconnected. Reconnecting ... 1766572752.8126223
2025-12-24T10:41:08.0951119Z CloudEvents: Reconnected. 1766572752.9128072
2025-12-24T10:41:08.0951426Z CloudEvents: Disconnected. Reconnecting ... 1766572753.2519536
2025-12-24T10:41:08.0951738Z CloudEvents: Reconnected. 1766572753.3521106
2025-12-24T10:41:08.0952050Z CloudEvents: Disconnected. Reconnecting ... 1766572766.7864697
2025-12-24T10:41:08.0952354Z CloudEvents: Reconnected. 1766572766.886655
2025-12-24T10:41:08.0952658Z CloudEvents: Disconnected. Reconnecting ... 1766572867.6738338
2025-12-24T10:41:08.0952971Z CloudEvents: Reconnected. 1766572867.7739968
2025-12-24T11:24:50.7800961Z CloudEvents: Disconnected. Reconnecting ... 1766572868.0895295
2025-12-24T11:24:50.7801903Z CloudEvents: Reconnected. 1766572868.1897573
2025-12-24T11:24:50.7802665Z CloudEvents: Disconnected. Reconnecting ... 1766573056.425641
2025-12-24T11:24:50.7803176Z CloudEvents: Reconnected. 1766573056.5258143
2025-12-24T11:24:50.7803644Z CloudEvents: Disconnected. Reconnecting ... 1766573056.9556928
2025-12-24T11:24:50.7804035Z CloudEvents: Reconnected. 1766573057.0558605
2025-12-24T11:24:50.7804667Z CloudEvents: Disconnected. Reconnecting ... 1766573165.1743972
2025-12-24T11:24:50.7805064Z CloudEvents: Reconnected. 1766573165.2745423
2025-12-24T11:24:50.7805817Z CloudEvents: Disconnected. Reconnecting ... 1766573172.619654
2025-12-24T11:24:50.7806221Z CloudEvents: Reconnected. 1766573172.7198231
2025-12-24T11:24:50.7806593Z CloudEvents: Disconnected. Reconnecting ... 1766573286.2365
2025-12-24T11:24:50.7806970Z CloudEvents: Reconnected. 1766573286.3366675
2025-12-24T11:24:50.7807342Z CloudEvents: Disconnected. Reconnecting ... 1766573286.6624188
2025-12-24T11:24:50.7807729Z CloudEvents: Reconnected. 1766573286.7625322
2025-12-24T11:24:50.7808103Z CloudEvents: Disconnected. Reconnecting ... 1766573335.5565982
2025-12-24T11:24:50.7808479Z CloudEvents: Reconnected. 1766573335.6567698
2025-12-24T11:24:50.7808849Z CloudEvents: Disconnected. Reconnecting ... 1766573336.0029821
2025-12-24T11:24:50.7809229Z CloudEvents: Reconnected. 1766573336.1031845
2025-12-24T11:24:50.7809595Z CloudEvents: Disconnected. Reconnecting ... 1766573407.4096587
2025-12-24T11:24:50.7809977Z CloudEvents: Reconnected. 1766573407.509824
2025-12-24T11:24:50.7810361Z CloudEvents: Disconnected. Reconnecting ... 1766573407.857104
2025-12-24T11:24:50.7810885Z CloudEvents: Reconnected. 1766573407.9572437
2025-12-24T11:24:50.7811256Z CloudEvents: Disconnected. Reconnecting ... 1766573412.0306325
2025-12-24T11:24:50.7811633Z CloudEvents: Reconnected. 1766573412.1307929
2025-12-24T11:24:50.7812006Z CloudEvents: Disconnected. Reconnecting ... 1766573412.4925296
2025-12-24T11:24:50.7812384Z CloudEvents: Reconnected. 1766573412.5926702
2025-12-24T11:24:50.7812750Z CloudEvents: Disconnected. Reconnecting ... 1766573420.448634
2025-12-24T11:24:50.7813105Z CloudEvents: Reconnected. 1766573420.5488033
2025-12-24T11:24:50.7813422Z CloudEvents: Disconnected. Reconnecting ... 1766573425.3209193
2025-12-24T11:24:50.7813744Z CloudEvents: Reconnected. 1766573425.4210842
2025-12-24T11:24:50.7814055Z CloudEvents: Disconnected. Reconnecting ... 1766573589.4516985
2025-12-24T11:24:50.7814510Z CloudEvents: Reconnected. 1766573589.551864
2025-12-24T11:24:50.7814826Z CloudEvents: Disconnected. Reconnecting ... 1766573589.9187682
2025-12-24T11:24:50.7815222Z CloudEvents: Reconnected. 1766573590.018955
2025-12-24T11:24:50.7815703Z CloudEvents: Disconnected. Reconnecting ... 1766573593.742763
2025-12-24T11:24:50.7816227Z CloudEvents: Reconnected. 1766573593.8429468
2025-12-24T11:24:50.7816761Z CloudEvents: Disconnected. Reconnecting ... 1766573596.821569
2025-12-24T11:24:50.7817314Z CloudEvents: Reconnected. 1766573596.9217284
2025-12-24T11:24:50.7817877Z CloudEvents: Disconnected. Reconnecting ... 1766573612.5961177
2025-12-24T11:24:50.7818408Z CloudEvents: Reconnected. 1766573612.6962647
2025-12-24T11:24:50.7818950Z CloudEvents: Disconnected. Reconnecting ... 1766573620.7916298
2025-12-24T11:24:50.7819525Z CloudEvents: Reconnected. 1766573620.8917947
2025-12-24T11:24:50.7820121Z CloudEvents: Disconnected. Reconnecting ... 1766573621.3305407
2025-12-24T11:24:50.7820677Z CloudEvents: Reconnected. 1766573621.4307227
2025-12-24T11:24:50.7820994Z CloudEvents: Disconnected. Reconnecting ... 1766573627.2077234
2025-12-24T11:24:50.7821320Z CloudEvents: Reconnected. 1766573627.3078802
2025-12-24T11:24:50.7821630Z CloudEvents: Disconnected. Reconnecting ... 1766573627.6418128
2025-12-24T11:24:50.7821947Z CloudEvents: Reconnected. 1766573627.7419739
2025-12-24T11:24:50.7822253Z CloudEvents: Disconnected. Reconnecting ... 1766573633.7198834
2025-12-24T11:24:50.7822572Z CloudEvents: Reconnected. 1766573633.8200574
2025-12-24T11:24:50.7822880Z CloudEvents: Disconnected. Reconnecting ... 1766573634.2986226
2025-12-24T11:24:50.7823191Z CloudEvents: Reconnected. 1766573634.3987684
2025-12-24T11:24:50.7823498Z CloudEvents: Disconnected. Reconnecting ... 1766573639.7668602
2025-12-24T11:24:50.7823817Z CloudEvents: Reconnected. 1766573639.8670325
2025-12-24T11:24:50.7824118Z CloudEvents: Disconnected. Reconnecting ... 1766573640.2798984
2025-12-24T11:24:50.7824671Z CloudEvents: Reconnected. 1766573640.3800478
2025-12-24T11:24:50.7824981Z CloudEvents: Disconnected. Reconnecting ... 1766573725.1293437
2025-12-24T11:24:50.7825469Z CloudEvents: Reconnected. 1766573725.2294958
2025-12-24T11:24:50.7825796Z CloudEvents: Disconnected. Reconnecting ... 1766573731.432383
2025-12-24T11:24:50.7826113Z CloudEvents: Reconnected. 1766573731.5325537
2025-12-24T11:24:50.7826414Z CloudEvents: Disconnected. Reconnecting ... 1766573731.8808708
2025-12-24T11:24:50.7826749Z CloudEvents: Reconnected. 1766573731.9810224
2025-12-24T11:24:50.7827058Z CloudEvents: Disconnected. Reconnecting ... 1766573749.0630329
2025-12-24T11:24:50.7827368Z CloudEvents: Reconnected. 1766573749.163184
2025-12-24T11:24:50.7827678Z CloudEvents: Disconnected. Reconnecting ... 1766573753.8146312
2025-12-24T11:24:50.7827987Z CloudEvents: Reconnected. 1766573753.9147897
2025-12-24T11:24:50.7828294Z CloudEvents: Disconnected. Reconnecting ... 1766573754.277953
2025-12-24T11:24:50.7828606Z CloudEvents: Reconnected. 1766573754.378139
2025-12-24T11:24:50.7828907Z CloudEvents: Disconnected. Reconnecting ... 1766573759.9114184
2025-12-24T11:24:50.7829227Z CloudEvents: Reconnected. 1766573760.0116227
2025-12-24T11:24:50.7829533Z CloudEvents: Disconnected. Reconnecting ... 1766573760.345771
2025-12-24T11:24:50.7829960Z CloudEvents: Reconnected. 1766573760.4459279
2025-12-24T11:24:50.7830266Z CloudEvents: Disconnected. Reconnecting ... 1766573764.5939236
2025-12-24T11:24:50.7830578Z CloudEvents: Reconnected. 1766573764.694076
2025-12-24T11:24:50.7830878Z CloudEvents: Disconnected. Reconnecting ... 1766573765.043623
2025-12-24T11:24:50.7831188Z CloudEvents: Reconnected. 1766573765.1437654
2025-12-24T11:24:50.7831494Z CloudEvents: Disconnected. Reconnecting ... 1766573774.6962643
2025-12-24T11:24:50.7831803Z CloudEvents: Reconnected. 1766573774.796429
2025-12-24T11:24:50.7832106Z CloudEvents: Disconnected. Reconnecting ... 1766573829.8582995
2025-12-24T11:24:50.7832415Z CloudEvents: Reconnected. 1766573829.9584696
2025-12-24T11:24:50.7832723Z CloudEvents: Disconnected. Reconnecting ... 1766573830.3141727
2025-12-24T11:24:50.7833036Z CloudEvents: Reconnected. 1766573830.414313
2025-12-24T11:24:50.7833339Z CloudEvents: Disconnected. Reconnecting ... 1766573898.1749117
2025-12-24T11:24:50.7833657Z CloudEvents: Reconnected. 1766573898.275075
2025-12-24T11:24:50.7833963Z CloudEvents: Disconnected. Reconnecting ... 1766573898.7178385
2025-12-24T11:24:50.7834272Z CloudEvents: Reconnected. 1766573898.8179827
2025-12-24T11:24:50.7834690Z CloudEvents: Disconnected. Reconnecting ... 1766573956.297847
2025-12-24T11:24:50.7835004Z CloudEvents: Reconnected. 1766573956.3980167
2025-12-24T11:24:50.7835307Z CloudEvents: Disconnected. Reconnecting ... 1766574133.2395911
2025-12-24T11:24:50.7835623Z CloudEvents: Reconnected. 1766574133.339771
2025-12-24T11:24:50.7835925Z CloudEvents: Disconnected. Reconnecting ... 1766574133.732595
2025-12-24T11:24:50.7836230Z CloudEvents: Reconnected. 1766574133.83276
2025-12-24T11:24:50.7836537Z CloudEvents: Disconnected. Reconnecting ... 1766574148.5178633
2025-12-24T11:24:50.7836858Z CloudEvents: Reconnected. 1766574148.6180265
2025-12-24T11:24:50.7837174Z CloudEvents: Disconnected. Reconnecting ... 1766574148.9525535
2025-12-24T11:24:50.7837496Z CloudEvents: Reconnected. 1766574149.052725
2025-12-24T11:24:50.7837803Z CloudEvents: Disconnected. Reconnecting ... 1766574316.200956
2025-12-24T11:24:50.7838115Z CloudEvents: Reconnected. 1766574316.301124
2025-12-24T11:24:50.7838419Z CloudEvents: Disconnected. Reconnecting ... 1766574316.6727371
2025-12-24T11:24:50.7838726Z CloudEvents: Reconnected. 1766574316.7729018
2025-12-24T11:24:50.7839032Z CloudEvents: Disconnected. Reconnecting ... 1766574478.406866
2025-12-24T11:24:50.7839345Z CloudEvents: Reconnected. 1766574478.5070238
2025-12-24T11:24:50.7839647Z CloudEvents: Disconnected. Reconnecting ... 1766574653.4406068
2025-12-24T11:24:50.7839962Z CloudEvents: Reconnected. 1766574653.540764
2025-12-24T11:24:50.7840269Z CloudEvents: Disconnected. Reconnecting ... 1766574653.9130588
2025-12-24T11:24:50.7840572Z CloudEvents: Reconnected. 1766574654.013195
2025-12-24T11:24:50.7840994Z CloudEvents: Disconnected. Reconnecting ... 1766574702.638306
2025-12-24T11:24:50.7841306Z CloudEvents: Reconnected. 1766574702.7384965
2025-12-24T11:24:50.7841620Z CloudEvents: Disconnected. Reconnecting ... 1766574703.1007318
2025-12-24T11:24:50.7841932Z CloudEvents: Reconnected. 1766574703.20088
2025-12-24T11:24:50.7842230Z CloudEvents: Disconnected. Reconnecting ... 1766574756.003307
2025-12-24T11:24:50.7842542Z CloudEvents: Reconnected. 1766574756.1035192
2025-12-24T11:24:50.7842848Z CloudEvents: Disconnected. Reconnecting ... 1766574803.5333886
2025-12-24T11:24:50.7843155Z CloudEvents: Reconnected. 1766574803.63358
2025-12-24T11:24:50.7843463Z CloudEvents: Disconnected. Reconnecting ... 1766574834.813646
2025-12-24T11:24:50.7843777Z CloudEvents: Reconnected. 1766574834.913817
2025-12-24T11:24:50.7844089Z CloudEvents: Disconnected. Reconnecting ... 1766574835.3738637
2025-12-24T11:24:50.7844662Z CloudEvents: Reconnected. 1766574835.474028
2025-12-24T11:24:50.7844978Z CloudEvents: Disconnected. Reconnecting ... 1766574870.6577272
2025-12-24T11:24:50.7845302Z CloudEvents: Reconnected. 1766574870.7579165
2025-12-24T11:24:50.7845760Z CloudEvents: Disconnected. Reconnecting ... 1766574871.0836966
2025-12-24T11:24:50.7846074Z CloudEvents: Reconnected. 1766574871.1838481
2025-12-24T11:24:50.7846388Z CloudEvents: Disconnected. Reconnecting ... 1766574888.5962348
2025-12-24T11:24:50.7846703Z CloudEvents: Reconnected. 1766574888.6963737
2025-12-24T11:24:50.7847008Z CloudEvents: Disconnected. Reconnecting ... 1766574889.0601907
2025-12-24T11:24:50.7847321Z CloudEvents: Reconnected. 1766574889.160365
2025-12-24T11:24:50.7847633Z CloudEvents: Disconnected. Reconnecting ... 1766574958.369075
2025-12-24T11:24:50.7847944Z CloudEvents: Reconnected. 1766574958.4692612
2025-12-24T11:24:50.7848257Z CloudEvents: Disconnected. Reconnecting ... 1766574958.8237329
2025-12-24T11:24:50.7848570Z CloudEvents: Reconnected. 1766574958.9238505
2025-12-24T11:24:50.7848881Z CloudEvents: Disconnected. Reconnecting ... 1766575042.0413113
2025-12-24T11:24:50.7849213Z CloudEvents: Reconnected. 1766575042.1415107
2025-12-24T11:24:50.7849521Z CloudEvents: Disconnected. Reconnecting ... 1766575042.5097692
2025-12-24T11:24:50.7849838Z CloudEvents: Reconnected. 1766575042.6099274
2025-12-24T11:24:50.7850141Z CloudEvents: Disconnected. Reconnecting ... 1766575079.9362507
2025-12-24T11:24:50.7850453Z CloudEvents: Reconnected. 1766575080.0364783
2025-12-24T11:24:50.7850754Z CloudEvents: Disconnected. Reconnecting ... 1766575080.3818407
2025-12-24T11:24:50.7851070Z CloudEvents: Reconnected. 1766575080.482039
2025-12-24T11:24:50.7851375Z CloudEvents: Disconnected. Reconnecting ... 1766575106.4108818
2025-12-24T11:24:50.7851681Z CloudEvents: Reconnected. 1766575106.5110607
2025-12-24T11:24:50.7851989Z CloudEvents: Disconnected. Reconnecting ... 1766575106.893628
2025-12-24T11:24:50.7852303Z CloudEvents: Reconnected. 1766575106.9938028
2025-12-24T11:24:50.7852605Z CloudEvents: Disconnected. Reconnecting ... 1766575135.3874009
2025-12-24T11:24:50.7852917Z CloudEvents: Reconnected. 1766575135.4875784
2025-12-24T11:24:50.7853231Z CloudEvents: Disconnected. Reconnecting ... 1766575135.8895855
2025-12-24T11:24:50.7853544Z CloudEvents: Reconnected. 1766575135.9897776
2025-12-24T11:24:50.7853853Z CloudEvents: Disconnected. Reconnecting ... 1766575380.22994
2025-12-24T11:24:50.7854165Z CloudEvents: Reconnected. 1766575380.3301117
2025-12-24T11:24:50.7854577Z CloudEvents: Disconnected. Reconnecting ... 1766575479.30576
2025-12-24T11:24:50.7854887Z CloudEvents: Reconnected. 1766575479.4059215
2025-12-24T11:24:50.7855189Z CloudEvents: Disconnected. Reconnecting ... 1766575479.838063
2025-12-24T11:24:50.7855500Z CloudEvents: Reconnected. 1766575479.938219
2025-12-24T11:24:50.7855806Z CloudEvents: Disconnected. Reconnecting ... 1766575490.6796389
2025-12-24T12:15:43.8474016Z CloudEvents: Reconnected. 1766575490.779808
2025-12-24T12:15:43.8475372Z CloudEvents: Disconnected. Reconnecting ... 1766575519.2210498
2025-12-24T12:15:43.8475921Z CloudEvents: Reconnected. 1766575519.3212204
2025-12-24T12:15:43.8476705Z CloudEvents: Disconnected. Reconnecting ... 1766575524.2865708
2025-12-24T12:15:43.8477148Z CloudEvents: Reconnected. 1766575524.386741
2025-12-24T12:15:43.8477559Z CloudEvents: Disconnected. Reconnecting ... 1766575524.7243435
2025-12-24T12:15:43.8477972Z CloudEvents: Reconnected. 1766575524.8244975
2025-12-24T12:15:43.8478382Z CloudEvents: Disconnected. Reconnecting ... 1766575553.516521
2025-12-24T12:15:43.8478794Z CloudEvents: Reconnected. 1766575553.6167102
2025-12-24T12:15:43.8479194Z CloudEvents: Disconnected. Reconnecting ... 1766575554.0364947
2025-12-24T12:15:43.8479605Z CloudEvents: Reconnected. 1766575554.1366615
2025-12-24T12:15:43.8480007Z CloudEvents: Disconnected. Reconnecting ... 1766575581.30505
2025-12-24T12:15:43.8480412Z CloudEvents: Reconnected. 1766575581.4052267
2025-12-24T12:15:43.8480816Z CloudEvents: Disconnected. Reconnecting ... 1766575581.737995
2025-12-24T12:15:43.8481222Z CloudEvents: Reconnected. 1766575581.8381677
2025-12-24T12:15:43.8481634Z CloudEvents: Disconnected. Reconnecting ... 1766575705.6065726
2025-12-24T12:15:43.8482046Z CloudEvents: Reconnected. 1766575705.7067404
2025-12-24T12:15:43.8482587Z CloudEvents: Disconnected. Reconnecting ... 1766575706.07116
2025-12-24T12:15:43.8483004Z CloudEvents: Reconnected. 1766575706.1713295
2025-12-24T12:15:43.8483408Z CloudEvents: Disconnected. Reconnecting ... 1766575721.6252956
2025-12-24T12:15:43.8483818Z CloudEvents: Reconnected. 1766575721.7254817
2025-12-24T12:15:43.8484221Z CloudEvents: Disconnected. Reconnecting ... 1766575785.0510979
2025-12-24T12:15:43.8484794Z CloudEvents: Reconnected. 1766575785.151273
2025-12-24T12:15:43.8485203Z CloudEvents: Disconnected. Reconnecting ... 1766575785.4950767
2025-12-24T12:15:43.8485593Z CloudEvents: Reconnected. 1766575785.5952437
2025-12-24T12:15:43.8485902Z CloudEvents: Disconnected. Reconnecting ... 1766575826.171956
2025-12-24T12:15:43.8486213Z CloudEvents: Reconnected. 1766575826.2721245
2025-12-24T12:15:43.8486535Z CloudEvents: Disconnected. Reconnecting ... 1766575826.618121
2025-12-24T12:15:43.8486859Z CloudEvents: Reconnected. 1766575826.718318
2025-12-24T12:15:43.8487177Z CloudEvents: Disconnected. Reconnecting ... 1766575860.4796507
2025-12-24T12:15:43.8487497Z CloudEvents: Reconnected. 1766575860.579818
2025-12-24T12:15:43.8487803Z CloudEvents: Disconnected. Reconnecting ... 1766575860.9570644
2025-12-24T12:15:43.8488126Z CloudEvents: Reconnected. 1766575861.0572371
2025-12-24T12:15:43.8488439Z CloudEvents: Disconnected. Reconnecting ... 1766575893.3701284
2025-12-24T12:15:43.8488752Z CloudEvents: Reconnected. 1766575893.4703007
2025-12-24T12:15:43.8489064Z CloudEvents: Disconnected. Reconnecting ... 1766575893.8011725
2025-12-24T12:15:43.8489382Z CloudEvents: Reconnected. 1766575893.9013495
2025-12-24T12:15:43.8489688Z CloudEvents: Disconnected. Reconnecting ... 1766575906.6139774
2025-12-24T12:15:43.8490005Z CloudEvents: Reconnected. 1766575906.714144
2025-12-24T12:15:43.8490315Z CloudEvents: Disconnected. Reconnecting ... 1766575907.0512104
2025-12-24T12:15:43.8490650Z CloudEvents: Reconnected. 1766575907.151408
2025-12-24T12:15:43.8490960Z CloudEvents: Disconnected. Reconnecting ... 1766575907.4890091
2025-12-24T12:15:43.8491282Z CloudEvents: Reconnected. 1766575907.5891778
2025-12-24T12:15:43.8491594Z CloudEvents: Disconnected. Reconnecting ... 1766575940.2346482
2025-12-24T12:15:43.8491917Z CloudEvents: Reconnected. 1766575940.3348184
2025-12-24T12:15:43.8492225Z CloudEvents: Disconnected. Reconnecting ... 1766575940.6794755
2025-12-24T12:15:43.8492545Z CloudEvents: Reconnected. 1766575940.7796404
2025-12-24T12:15:43.8492857Z CloudEvents: Disconnected. Reconnecting ... 1766575954.6742835
2025-12-24T12:15:43.8493171Z CloudEvents: Reconnected. 1766575954.7744627
2025-12-24T12:15:43.8493482Z CloudEvents: Disconnected. Reconnecting ... 1766575955.1115787
2025-12-24T12:15:43.8493800Z CloudEvents: Reconnected. 1766575955.2117455
2025-12-24T12:15:43.8494105Z CloudEvents: Disconnected. Reconnecting ... 1766576151.4530096
2025-12-24T12:15:43.8494533Z CloudEvents: Reconnected. 1766576151.5532022
2025-12-24T12:15:43.8494966Z CloudEvents: Disconnected. Reconnecting ... 1766576151.9157622
2025-12-24T12:15:43.8495293Z CloudEvents: Reconnected. 1766576152.0159452
2025-12-24T12:15:43.8495605Z CloudEvents: Disconnected. Reconnecting ... 1766576222.7469082
2025-12-24T12:15:43.8495912Z CloudEvents: Reconnected. 1766576222.8470728
2025-12-24T12:15:43.8496214Z CloudEvents: Disconnected. Reconnecting ... 1766576403.411364
2025-12-24T12:15:43.8496523Z CloudEvents: Reconnected. 1766576403.511531
2025-12-24T12:15:43.8496819Z CloudEvents: Disconnected. Reconnecting ... 1766576453.4269753
2025-12-24T12:15:43.8497131Z CloudEvents: Reconnected. 1766576453.5271437
2025-12-24T12:15:43.8497431Z CloudEvents: Disconnected. Reconnecting ... 1766576453.892287
2025-12-24T12:15:43.8497735Z CloudEvents: Reconnected. 1766576453.992413
2025-12-24T12:15:43.8498035Z CloudEvents: Disconnected. Reconnecting ... 1766576536.821804
2025-12-24T12:15:43.8498345Z CloudEvents: Reconnected. 1766576536.9219556
2025-12-24T12:15:43.8498649Z CloudEvents: Disconnected. Reconnecting ... 1766576537.3003442
2025-12-24T12:15:43.8499077Z CloudEvents: Reconnected. 1766576537.4004993
2025-12-24T12:15:43.8499378Z CloudEvents: Disconnected. Reconnecting ... 1766576542.7180853
2025-12-24T12:15:43.8499684Z CloudEvents: Reconnected. 1766576542.8182738
2025-12-24T12:15:43.8499992Z CloudEvents: Disconnected. Reconnecting ... 1766576543.1585317
2025-12-24T12:15:43.8500299Z CloudEvents: Reconnected. 1766576543.2587156
2025-12-24T12:15:43.8500603Z CloudEvents: Disconnected. Reconnecting ... 1766576546.7822423
2025-12-24T12:15:43.8500915Z CloudEvents: Reconnected. 1766576546.8824224
2025-12-24T12:15:43.8501214Z CloudEvents: Disconnected. Reconnecting ... 1766576637.1518238
2025-12-24T12:15:43.8501526Z CloudEvents: Reconnected. 1766576637.25199
2025-12-24T12:15:43.8501830Z CloudEvents: Disconnected. Reconnecting ... 1766576637.655763
2025-12-24T12:15:43.8502140Z CloudEvents: Reconnected. 1766576637.7559335
2025-12-24T12:15:43.8502451Z CloudEvents: Disconnected. Reconnecting ... 1766576742.5149307
2025-12-24T12:15:43.8502766Z CloudEvents: Reconnected. 1766576742.615098
2025-12-24T12:15:43.8503071Z CloudEvents: Disconnected. Reconnecting ... 1766576742.9849021
2025-12-24T12:15:43.8503382Z CloudEvents: Reconnected. 1766576743.0850592
2025-12-24T12:15:43.8503687Z CloudEvents: Disconnected. Reconnecting ... 1766576980.6641052
2025-12-24T12:15:43.8503994Z CloudEvents: Reconnected. 1766576980.764272
2025-12-24T12:15:43.8504295Z CloudEvents: Disconnected. Reconnecting ... 1766576981.1243196
2025-12-24T12:15:43.8504705Z CloudEvents: Reconnected. 1766576981.2245147
2025-12-24T12:15:43.8505016Z CloudEvents: Disconnected. Reconnecting ... 1766577028.576771
2025-12-24T12:15:43.8505330Z CloudEvents: Reconnected. 1766577028.676946
2025-12-24T12:15:43.8505624Z CloudEvents: Disconnected. Reconnecting ... 1766577029.027234
2025-12-24T12:15:43.8505936Z CloudEvents: Reconnected. 1766577029.1274028
2025-12-24T12:15:43.8506239Z CloudEvents: Disconnected. Reconnecting ... 1766577118.2442074
2025-12-24T12:15:43.8506549Z CloudEvents: Reconnected. 1766577118.34437
2025-12-24T12:15:43.8506856Z CloudEvents: Disconnected. Reconnecting ... 1766577118.716605
2025-12-24T12:15:43.8507170Z CloudEvents: Reconnected. 1766577118.8167632
2025-12-24T12:15:43.8507465Z CloudEvents: Disconnected. Reconnecting ... 1766577229.975721
2025-12-24T12:15:43.8507775Z CloudEvents: Reconnected. 1766577230.0758827
2025-12-24T12:15:43.8508078Z CloudEvents: Disconnected. Reconnecting ... 1766577230.4532356
2025-12-24T12:15:43.8508384Z CloudEvents: Reconnected. 1766577230.55341
2025-12-24T12:15:43.8508686Z CloudEvents: Disconnected. Reconnecting ... 1766577264.0579884
2025-12-24T12:15:43.8508990Z CloudEvents: Reconnected. 1766577264.158149
2025-12-24T12:15:43.8509290Z CloudEvents: Disconnected. Reconnecting ... 1766577264.521542
2025-12-24T12:15:43.8509602Z CloudEvents: Reconnected. 1766577264.6217067
2025-12-24T12:15:43.8509901Z CloudEvents: Disconnected. Reconnecting ... 1766577272.7300658
2025-12-24T12:15:43.8510328Z CloudEvents: Reconnected. 1766577272.8302324
2025-12-24T12:15:43.8510637Z CloudEvents: Disconnected. Reconnecting ... 1766577286.3803427
2025-12-24T12:15:43.8510952Z CloudEvents: Reconnected. 1766577286.4805045
2025-12-24T12:15:43.8511263Z CloudEvents: Disconnected. Reconnecting ... 1766577334.419957
2025-12-24T12:15:43.8511583Z CloudEvents: Reconnected. 1766577334.520112
2025-12-24T12:15:43.8511891Z CloudEvents: Disconnected. Reconnecting ... 1766577352.675662
2025-12-24T12:15:43.8512228Z CloudEvents: Reconnected. 1766577352.7758312
2025-12-24T12:15:43.8512543Z CloudEvents: Disconnected. Reconnecting ... 1766577353.0858526
2025-12-24T12:15:43.8512855Z CloudEvents: Reconnected. 1766577353.1859965
2025-12-24T12:15:43.8513165Z CloudEvents: Disconnected. Reconnecting ... 1766577435.0094953
2025-12-24T12:15:43.8513475Z CloudEvents: Reconnected. 1766577435.109671
2025-12-24T12:15:43.8513780Z CloudEvents: Disconnected. Reconnecting ... 1766577696.332493
2025-12-24T12:15:43.8514094Z CloudEvents: Reconnected. 1766577696.4326658
2025-12-24T12:15:43.8514549Z CloudEvents: Disconnected. Reconnecting ... 1766577696.785747
2025-12-24T12:15:43.8514990Z CloudEvents: Reconnected. 1766577696.8859026
2025-12-24T12:15:43.8515304Z CloudEvents: Disconnected. Reconnecting ... 1766577739.7884884
2025-12-24T12:15:43.8515618Z CloudEvents: Reconnected. 1766577739.8886664
2025-12-24T12:15:43.8515923Z CloudEvents: Disconnected. Reconnecting ... 1766577740.2062037
2025-12-24T12:15:43.8516231Z CloudEvents: Reconnected. 1766577740.3063595
2025-12-24T12:15:43.8516531Z CloudEvents: Disconnected. Reconnecting ... 1766577885.4669006
2025-12-24T12:15:43.8516842Z CloudEvents: Reconnected. 1766577885.5670705
2025-12-24T12:15:43.8517144Z CloudEvents: Disconnected. Reconnecting ... 1766577885.9541705
2025-12-24T12:15:43.8517449Z CloudEvents: Reconnected. 1766577886.0543032
2025-12-24T12:15:43.8517754Z CloudEvents: Disconnected. Reconnecting ... 1766578071.5121906
2025-12-24T12:15:43.8518065Z CloudEvents: Reconnected. 1766578071.612368
2025-12-24T12:15:43.8518371Z CloudEvents: Disconnected. Reconnecting ... 1766578120.9913375
2025-12-24T12:15:43.8518686Z CloudEvents: Reconnected. 1766578121.091506
2025-12-24T12:15:43.8518985Z CloudEvents: Disconnected. Reconnecting ... 1766578121.4309397
2025-12-24T12:15:43.8519304Z CloudEvents: Reconnected. 1766578121.5311255
2025-12-24T12:15:43.8519613Z CloudEvents: Disconnected. Reconnecting ... 1766578241.0766037
2025-12-24T12:15:43.8519918Z CloudEvents: Reconnected. 1766578241.1767666
2025-12-24T12:15:43.8520224Z CloudEvents: Disconnected. Reconnecting ... 1766578241.6023252
2025-12-24T12:15:43.8520538Z CloudEvents: Reconnected. 1766578241.7024956
2025-12-24T12:15:43.8520839Z CloudEvents: Disconnected. Reconnecting ... 1766578258.3645968
2025-12-24T12:15:43.8521153Z CloudEvents: Reconnected. 1766578258.4647596
2025-12-24T12:15:43.8521457Z CloudEvents: Disconnected. Reconnecting ... 1766578258.797405
2025-12-24T12:15:43.8521763Z CloudEvents: Reconnected. 1766578258.8974936
2025-12-24T12:15:43.8522071Z CloudEvents: Disconnected. Reconnecting ... 1766578285.482406
2025-12-24T12:15:43.8522380Z CloudEvents: Reconnected. 1766578285.582579
2025-12-24T12:15:43.8522684Z CloudEvents: Disconnected. Reconnecting ... 1766578285.9306476
2025-12-24T12:15:43.8522998Z CloudEvents: Reconnected. 1766578286.0308256
2025-12-24T12:15:43.8523297Z CloudEvents: Disconnected. Reconnecting ... 1766578309.7933605
2025-12-24T12:15:43.8523611Z CloudEvents: Reconnected. 1766578309.8935177
2025-12-24T12:15:43.8523916Z CloudEvents: Disconnected. Reconnecting ... 1766578310.2782426
2025-12-24T12:15:43.8524223Z CloudEvents: Reconnected. 1766578310.3784177
2025-12-24T12:15:43.8524625Z CloudEvents: Disconnected. Reconnecting ... 1766578322.3518806
2025-12-24T12:15:43.8524937Z CloudEvents: Reconnected. 1766578322.452077
2025-12-24T12:15:43.8525233Z CloudEvents: Disconnected. Reconnecting ... 1766578322.815221
2025-12-24T12:15:43.8525550Z CloudEvents: Reconnected. 1766578322.9154093
2025-12-24T12:15:43.8525854Z CloudEvents: Disconnected. Reconnecting ... 1766578543.255088
2025-12-24T12:15:43.8526273Z CloudEvents: Reconnected. 1766578543.355267
2025-12-24T12:35:48.5815283Z CloudEvents: Disconnected. Reconnecting ...
2025-12-24T12:35:48.5874172Z Post job cleanup.
2025-12-24T12:35:48.6731858Z [command]/usr/bin/git version
2025-12-24T12:35:48.6772793Z git version 2.52.0
2025-12-24T12:35:48.6842358Z Temporarily overriding HOME='/home/runner/work/_temp/97cc9449-97b2-463b-bc33-b3d5355aff25' before making global git config changes
2025-12-24T12:35:48.6843611Z Adding repository directory to the temporary git global config as a safe directory
2025-12-24T12:35:48.6848961Z [command]/usr/bin/git config --global --add safe.directory /home/runner/work/scratchattach/scratchattach
2025-12-24T12:35:48.6882637Z Removing SSH command configuration
2025-12-24T12:35:48.6889395Z [command]/usr/bin/git config --local --name-only --get-regexp core\.sshCommand
2025-12-24T12:35:48.6925251Z [command]/usr/bin/git submodule foreach --recursive sh -c "git config --local --name-only --get-regexp 'core\.sshCommand' && git config --local --unset-all 'core.sshCommand' || :"
2025-12-24T12:35:48.7171282Z Removing HTTP extra header
2025-12-24T12:35:48.7176838Z [command]/usr/bin/git config --local --name-only --get-regexp http\.https\:\/\/github\.com\/\.extraheader
2025-12-24T12:35:48.7215035Z [command]/usr/bin/git submodule foreach --recursive sh -c "git config --local --name-only --get-regexp 'http\.https\:\/\/github\.com\/\.extraheader' && git config --local --unset-all 'http.https://github.com/.extraheader' || :"
2025-12-24T12:35:48.7465265Z Removing includeIf entries pointing to credentials config files
2025-12-24T12:35:48.7472251Z [command]/usr/bin/git config --local --name-only --get-regexp ^includeIf\.gitdir:
2025-12-24T12:35:48.7498089Z includeif.gitdir:/home/runner/work/scratchattach/scratchattach/.git.path
2025-12-24T12:35:48.7500216Z includeif.gitdir:/home/runner/work/scratchattach/scratchattach/.git/worktrees/*.path
2025-12-24T12:35:48.7501031Z includeif.gitdir:/github/workspace/.git.path
2025-12-24T12:35:48.7501630Z includeif.gitdir:/github/workspace/.git/worktrees/*.path
2025-12-24T12:35:48.7508995Z [command]/usr/bin/git config --local --get-all includeif.gitdir:/home/runner/work/scratchattach/scratchattach/.git.path
2025-12-24T12:35:48.7530793Z /home/runner/work/_temp/git-credentials-ea7c794a-1bdc-4599-b4b3-bde29f1bb2c6.config
2025-12-24T12:35:48.7541314Z [command]/usr/bin/git config --local --unset includeif.gitdir:/home/runner/work/scratchattach/scratchattach/.git.path /home/runner/work/_temp/git-credentials-ea7c794a-1bdc-4599-b4b3-bde29f1bb2c6.config
2025-12-24T12:35:48.7577540Z [command]/usr/bin/git config --local --get-all includeif.gitdir:/home/runner/work/scratchattach/scratchattach/.git/worktrees/*.path
2025-12-24T12:35:48.7599682Z /home/runner/work/_temp/git-credentials-ea7c794a-1bdc-4599-b4b3-bde29f1bb2c6.config
2025-12-24T12:35:48.7609100Z [command]/usr/bin/git config --local --unset includeif.gitdir:/home/runner/work/scratchattach/scratchattach/.git/worktrees/*.path /home/runner/work/_temp/git-credentials-ea7c794a-1bdc-4599-b4b3-bde29f1bb2c6.config
2025-12-24T12:35:48.7641124Z [command]/usr/bin/git config --local --get-all includeif.gitdir:/github/workspace/.git.path
2025-12-24T12:35:48.7662451Z /github/runner_temp/git-credentials-ea7c794a-1bdc-4599-b4b3-bde29f1bb2c6.config
2025-12-24T12:35:48.7671203Z [command]/usr/bin/git config --local --unset includeif.gitdir:/github/workspace/.git.path /github/runner_temp/git-credentials-ea7c794a-1bdc-4599-b4b3-bde29f1bb2c6.config
2025-12-24T12:35:48.7705434Z [command]/usr/bin/git config --local --get-all includeif.gitdir:/github/workspace/.git/worktrees/*.path
2025-12-24T12:35:48.7727803Z /github/runner_temp/git-credentials-ea7c794a-1bdc-4599-b4b3-bde29f1bb2c6.config
2025-12-24T12:35:48.7738775Z [command]/usr/bin/git config --local --unset includeif.gitdir:/github/workspace/.git/worktrees/*.path /github/runner_temp/git-credentials-ea7c794a-1bdc-4599-b4b3-bde29f1bb2c6.config
2025-12-24T12:35:48.7773696Z [command]/usr/bin/git submodule foreach --recursive git config --local --show-origin --name-only --get-regexp remote.origin.url
2025-12-24T12:35:48.8012914Z Removing credentials config '/home/runner/work/_temp/git-credentials-ea7c794a-1bdc-4599-b4b3-bde29f1bb2c6.config'
2025-12-24T12:35:48.8165098Z Post job cleanup.
2025-12-24T12:35:48.9383268Z (node:5213) [DEP0040] DeprecationWarning: The `punycode` module is deprecated. Please use a userland alternative instead.
2025-12-24T12:35:48.9384672Z (Use `node --trace-deprecation ...` to show where the warning was created)
2025-12-24T12:35:48.9531725Z Post job cleanup.
2025-12-24T12:35:49.0352118Z [command]/usr/bin/git version
2025-12-24T12:35:49.0421072Z git version 2.52.0
2025-12-24T12:35:49.0459884Z Temporarily overriding HOME='/home/runner/work/_temp/5a2dbdba-c703-46c1-ad04-85c391072ede' before making global git config changes
2025-12-24T12:35:49.0460977Z Adding repository directory to the temporary git global config as a safe directory
2025-12-24T12:35:49.0465859Z [command]/usr/bin/git config --global --add safe.directory /home/runner/work/scratchattach/scratchattach
2025-12-24T12:35:49.0495505Z Removing SSH command configuration
2025-12-24T12:35:49.0501937Z [command]/usr/bin/git config --local --name-only --get-regexp core\.sshCommand
2025-12-24T12:35:49.0535800Z [command]/usr/bin/git submodule foreach --recursive sh -c "git config --local --name-only --get-regexp 'core\.sshCommand' && git config --local --unset-all 'core.sshCommand' || :"
2025-12-24T12:35:49.0760909Z Removing HTTP extra header
2025-12-24T12:35:49.0766047Z [command]/usr/bin/git config --local --name-only --get-regexp http\.https\:\/\/github\.com\/\.extraheader
2025-12-24T12:35:49.0798276Z [command]/usr/bin/git submodule foreach --recursive sh -c "git config --local --name-only --get-regexp 'http\.https\:\/\/github\.com\/\.extraheader' && git config --local --unset-all 'http.https://github.com/.extraheader' || :"
2025-12-24T12:35:49.1023915Z Removing includeIf entries pointing to credentials config files
2025-12-24T12:35:49.1030741Z [command]/usr/bin/git config --local --name-only --get-regexp ^includeIf\.gitdir:
2025-12-24T12:35:49.1062896Z [command]/usr/bin/git submodule foreach --recursive git config --local --show-origin --name-only --get-regexp remote.origin.url
2025-12-24T12:35:49.1407776Z Cleaning up orphan processes
