2026-01-16T16:13:55.3991145Z Current runner version: '2.331.0'
2026-01-16T16:13:55.4013641Z ##[group]Runner Image Provisioner
2026-01-16T16:13:55.4014373Z Hosted Compute Agent
2026-01-16T16:13:55.4014922Z Version: 20251211.462
2026-01-16T16:13:55.4015471Z Commit: 6cbad8c2bb55d58165063d031ccabf57e2d2db61
2026-01-16T16:13:55.4016088Z Build Date: 2025-12-11T16:28:49Z
2026-01-16T16:13:55.4016716Z Worker ID: {ac212416-e017-44ce-acf8-d9cffbabe573}
2026-01-16T16:13:55.4017322Z ##[endgroup]
2026-01-16T16:13:55.4017798Z ##[group]Operating System
2026-01-16T16:13:55.4018291Z Ubuntu
2026-01-16T16:13:55.4018745Z 24.04.3
2026-01-16T16:13:55.4019171Z LTS
2026-01-16T16:13:55.4019560Z ##[endgroup]
2026-01-16T16:13:55.4020028Z ##[group]Runner Image
2026-01-16T16:13:55.4020473Z Image: ubuntu-24.04
2026-01-16T16:13:55.4020947Z Version: 20260111.209.1
2026-01-16T16:13:55.4021821Z Included Software: https://github.com/actions/runner-images/blob/ubuntu24/20260111.209/images/ubuntu/Ubuntu2404-Readme.md
2026-01-16T16:13:55.4023625Z Image Release: https://github.com/actions/runner-images/releases/tag/ubuntu24%2F20260111.209
2026-01-16T16:13:55.4024545Z ##[endgroup]
2026-01-16T16:13:55.4025666Z ##[group]GITHUB_TOKEN Permissions
2026-01-16T16:13:55.4027689Z Actions: read
2026-01-16T16:13:55.4028134Z Contents: read
2026-01-16T16:13:55.4028569Z Metadata: read
2026-01-16T16:13:55.4029078Z Packages: read
2026-01-16T16:13:55.4029508Z SecurityEvents: write
2026-01-16T16:13:55.4029979Z ##[endgroup]
2026-01-16T16:13:55.4032018Z Secret source: Actions
2026-01-16T16:13:55.4032765Z Prepare workflow directory
2026-01-16T16:13:55.4502421Z Prepare all required actions
2026-01-16T16:13:55.4542142Z Getting action download info
2026-01-16T16:13:55.8477432Z Download action repository 'actions/checkout@v4' (SHA:34e114876b0b11c390a56381ad16ebd13914f8d5)
2026-01-16T16:13:55.9191952Z Download action repository 'github/codeql-action@v4' (SHA:cdefb33c0f6224e58673d9004f47f7cb3e328b89)
2026-01-16T16:13:57.4503946Z Complete job name: Analyze (python)
2026-01-16T16:13:57.5170904Z ##[group]Run actions/checkout@v4
2026-01-16T16:13:57.5172198Z with:
2026-01-16T16:13:57.5173324Z   repository: Boss-1s/scratchattach
2026-01-16T16:13:57.5174609Z   token: ***
2026-01-16T16:13:57.5175369Z   ssh-strict: true
2026-01-16T16:13:57.5176181Z   ssh-user: git
2026-01-16T16:13:57.5176992Z   persist-credentials: true
2026-01-16T16:13:57.5177874Z   clean: true
2026-01-16T16:13:57.5178640Z   sparse-checkout-cone-mode: true
2026-01-16T16:13:57.5179670Z   fetch-depth: 1
2026-01-16T16:13:57.5180426Z   fetch-tags: false
2026-01-16T16:13:57.5181231Z   show-progress: true
2026-01-16T16:13:57.5182075Z   lfs: false
2026-01-16T16:13:57.5182913Z   submodules: false
2026-01-16T16:13:57.5183703Z   set-safe-directory: true
2026-01-16T16:13:57.5296123Z env:
2026-01-16T16:13:57.5297411Z   CODE_SCANNING_REF: refs/heads/main
2026-01-16T16:13:57.5299030Z   CODE_SCANNING_BASE_BRANCH: 
2026-01-16T16:13:57.5300674Z   CODE_SCANNING_IS_ANALYZING_DEFAULT_BRANCH: true
2026-01-16T16:13:57.5302994Z   CODE_SCANNING_IS_STEADY_STATE_DEFAULT_SETUP: true
2026-01-16T16:13:57.5330947Z   CODE_SCANNING_WORKFLOW_FILE: H4sIAAAAAAAA/6RV32/bNhB+919x8AakfZDzsicBBaY4cuLNsFNJQZcVBUFTJ5mLTKr8kVTt8r8PFKVYWuM5Q/1kHj9+vLvv40nQPYYwncsc36+mE2VF4EM/f/sGJTc7u53hAwoz46K2Rs+YzJFoRoXgoiTKCuLw8PQ0kSKEvBF0z9lkguIhnADMN5cxSefRer1cX5EkXryaGAvH+W+GiyiNyUUSrefXr2XaUo1kq6hgu5cYlymJ1tHq7k+3uIwX0e0q+583cE2ooFXz1S1yLKitzH/fmGZxdHlH0izK4udL0zi7vQnBKIvfnfmwSX5frDYfyGK5il+b16NU90UlH0nBq1ahyV9yq50sPl10fwG83pEPwRvHvadG8S+ziorS0tKdfdtClRU6cDo7UKHk/rd0s37ToZUVAtVbXzJAjWrPteZSaH8PAGWmXYJCmncxJoVBYcbBmrJ7WuI4qJFZxU0TtCXrEB4VNzjpSbiwGEgRoFJShVDQSvtNbRQ1WDZ9FgXlVVBQbYYg6GruQQBcsMrmeAgABNB3JOxrGewCMHePVE0I58/Al3Bby6s82MscQxBS4GjTtzGEs49Tu7XC2KCiBrWZfjo7kkrdmJ0UJzN5AfZDiWiDdSdt0JlovkN2L60BhbXU3EjVdJRWOzW7ZpyzDvfrwy+TEcFScMNpxb8i+JE0Ou4tf+5c/rkKPNk5F7zl8cBHbnYHyVqfa66Dey5yHYI7GfTv4xnVd0h7X39v/slL/RpAD+EhOMcaRY6CNQGjbMdF6Q/5vs5QPHAlxR6FgXfv4MwXF+ykNpifDYk+W1TcZTedwk9w6QdMG21A2/4NdO+g4GUIfw+E7AZSoNHYOhwpLFU5DgC4IqrAvT8dwsdXDhovCGlPwdMTfBqQmp1CatrmVC1lt9srnrq0oFbySwOFVKCw5Nq4ejsSnod++7QVtKHKBC34mCMO9IQpzFE4u3XCa2QKjZ5dLbPr2wuSxFfLNEuWcUpuks0fd0NJDo/viGPGtr5BVUi17zztZ63m+nRF3aA+VNN9V/3PfSPer3x25HqTZl0d7mHO2jbMpDWtYO2KOHMNyxgR3GySkwS1VMcJ5hGZx0m2XCznURafomKUMFSGF9wNq6Okt8kqPUVlVaUPBGPBD5NwoFQfdIf+CQAA//+2RVGDAgkAAA==
2026-01-16T16:13:57.5350168Z ##[endgroup]
2026-01-16T16:13:57.6412263Z Syncing repository: Boss-1s/scratchattach
2026-01-16T16:13:57.6416113Z ##[group]Getting Git version info
2026-01-16T16:13:57.6418281Z Working directory is '/home/runner/work/scratchattach/scratchattach'
2026-01-16T16:13:57.6420753Z [command]/usr/bin/git version
2026-01-16T16:13:57.6453116Z git version 2.52.0
2026-01-16T16:13:57.6476034Z ##[endgroup]
2026-01-16T16:13:57.6496429Z Temporarily overriding HOME='/home/runner/work/_temp/e70589d9-d94f-4b86-9cb6-d5039cbb52e2' before making global git config changes
2026-01-16T16:13:57.6498819Z Adding repository directory to the temporary git global config as a safe directory
2026-01-16T16:13:57.6501341Z [command]/usr/bin/git config --global --add safe.directory /home/runner/work/scratchattach/scratchattach
2026-01-16T16:13:57.6535467Z Deleting the contents of '/home/runner/work/scratchattach/scratchattach'
2026-01-16T16:13:57.6538479Z ##[group]Initializing the repository
2026-01-16T16:13:57.6542266Z [command]/usr/bin/git init /home/runner/work/scratchattach/scratchattach
2026-01-16T16:13:57.6632831Z hint: Using 'master' as the name for the initial branch. This default branch name
2026-01-16T16:13:57.6635062Z hint: will change to "main" in Git 3.0. To configure the initial branch name
2026-01-16T16:13:57.6637614Z hint: to use in all of your new repositories, which will suppress this warning,
2026-01-16T16:13:57.6639717Z hint: call:
2026-01-16T16:13:57.6640701Z hint:
2026-01-16T16:13:57.6642074Z hint: 	git config --global init.defaultBranch <name>
2026-01-16T16:13:57.6643958Z hint:
2026-01-16T16:13:57.6645517Z hint: Names commonly chosen instead of 'master' are 'main', 'trunk' and
2026-01-16T16:13:57.6648413Z hint: 'development'. The just-created branch can be renamed via this command:
2026-01-16T16:13:57.6650625Z hint:
2026-01-16T16:13:57.6651727Z hint: 	git branch -m <name>
2026-01-16T16:13:57.6653540Z hint:
2026-01-16T16:13:57.6655246Z hint: Disable this message with "git config set advice.defaultBranchName false"
2026-01-16T16:13:57.6657075Z Initialized empty Git repository in /home/runner/work/scratchattach/scratchattach/.git/
2026-01-16T16:13:57.6660719Z [command]/usr/bin/git remote add origin https://github.com/Boss-1s/scratchattach
2026-01-16T16:13:57.6679891Z ##[endgroup]
2026-01-16T16:13:57.6681922Z ##[group]Disabling automatic garbage collection
2026-01-16T16:13:57.6683887Z [command]/usr/bin/git config --local gc.auto 0
2026-01-16T16:13:57.6708837Z ##[endgroup]
2026-01-16T16:13:57.6710741Z ##[group]Setting up auth
2026-01-16T16:13:57.6716794Z [command]/usr/bin/git config --local --name-only --get-regexp core\.sshCommand
2026-01-16T16:13:57.6743622Z [command]/usr/bin/git submodule foreach --recursive sh -c "git config --local --name-only --get-regexp 'core\.sshCommand' && git config --local --unset-all 'core.sshCommand' || :"
2026-01-16T16:13:57.7015219Z [command]/usr/bin/git config --local --name-only --get-regexp http\.https\:\/\/github\.com\/\.extraheader
2026-01-16T16:13:57.7043700Z [command]/usr/bin/git submodule foreach --recursive sh -c "git config --local --name-only --get-regexp 'http\.https\:\/\/github\.com\/\.extraheader' && git config --local --unset-all 'http.https://github.com/.extraheader' || :"
2026-01-16T16:13:57.7212061Z [command]/usr/bin/git config --local --name-only --get-regexp ^includeIf\.gitdir:
2026-01-16T16:13:57.7243242Z [command]/usr/bin/git submodule foreach --recursive git config --local --show-origin --name-only --get-regexp remote.origin.url
2026-01-16T16:13:57.7416815Z [command]/usr/bin/git config --local http.https://github.com/.extraheader AUTHORIZATION: basic ***
2026-01-16T16:13:57.7446020Z ##[endgroup]
2026-01-16T16:13:57.7447287Z ##[group]Fetching the repository
2026-01-16T16:13:57.7454920Z [command]/usr/bin/git -c protocol.version=2 fetch --no-tags --prune --no-recurse-submodules --depth=1 origin +d21d31728c3c84763a4a17c2f1f6f8360ca8ec11:refs/remotes/origin/main
2026-01-16T16:14:34.6741814Z From https://github.com/Boss-1s/scratchattach
2026-01-16T16:14:34.6742680Z  * [new ref]         d21d31728c3c84763a4a17c2f1f6f8360ca8ec11 -> origin/main
2026-01-16T16:14:34.6766126Z ##[endgroup]
2026-01-16T16:14:34.6766706Z ##[group]Determining the checkout info
2026-01-16T16:14:34.6768219Z ##[endgroup]
2026-01-16T16:14:34.6774579Z [command]/usr/bin/git sparse-checkout disable
2026-01-16T16:14:34.6810959Z [command]/usr/bin/git config --local --unset-all extensions.worktreeConfig
2026-01-16T16:14:34.6831646Z ##[group]Checking out the ref
2026-01-16T16:14:34.6836830Z [command]/usr/bin/git checkout --progress --force -B main refs/remotes/origin/main
2026-01-16T16:14:36.0795011Z Updating files:  84% (2611/3102)
2026-01-16T16:14:36.4014905Z Updating files:  85% (2637/3102)
2026-01-16T16:14:36.4046776Z Updating files:  86% (2668/3102)
2026-01-16T16:14:36.4078779Z Updating files:  87% (2699/3102)
2026-01-16T16:14:36.6237910Z Updating files:  88% (2730/3102)
2026-01-16T16:14:36.6261132Z Updating files:  89% (2761/3102)
2026-01-16T16:14:36.6999026Z Updating files:  90% (2792/3102)
2026-01-16T16:14:37.0549721Z Updating files:  90% (2806/3102)
2026-01-16T16:14:37.5156970Z Updating files:  91% (2823/3102)
2026-01-16T16:14:37.6974377Z Updating files:  92% (2854/3102)
2026-01-16T16:14:37.7634682Z Updating files:  92% (2877/3102)
2026-01-16T16:14:38.1091835Z Updating files:  93% (2885/3102)
2026-01-16T16:14:38.2295522Z Updating files:  94% (2916/3102)
2026-01-16T16:14:38.4912802Z Updating files:  95% (2947/3102)
2026-01-16T16:14:38.6921653Z Updating files:  96% (2978/3102)
2026-01-16T16:14:39.2099928Z Updating files:  96% (2990/3102)
2026-01-16T16:14:39.7333032Z Updating files:  97% (3009/3102)
2026-01-16T16:14:40.0333766Z Updating files:  97% (3035/3102)
2026-01-16T16:14:40.4657413Z Updating files:  98% (3040/3102)
2026-01-16T16:14:40.7276022Z Updating files:  99% (3071/3102)
2026-01-16T16:14:40.7390835Z Updating files:  99% (3082/3102)
2026-01-16T16:14:40.7392315Z Updating files: 100% (3102/3102)
2026-01-16T16:14:40.7392801Z Updating files: 100% (3102/3102), done.
2026-01-16T16:14:40.7747144Z Switched to a new branch 'main'
2026-01-16T16:14:40.7748675Z branch 'main' set up to track 'origin/main'.
2026-01-16T16:14:40.7875797Z ##[endgroup]
2026-01-16T16:14:40.7914294Z [command]/usr/bin/git log -1 --format=%H
2026-01-16T16:14:40.7935201Z d21d31728c3c84763a4a17c2f1f6f8360ca8ec11
2026-01-16T16:14:40.8173177Z ##[group]Run github/codeql-action/init@v4
2026-01-16T16:14:40.8173436Z with:
2026-01-16T16:14:40.8173628Z   analysis-kinds: code-scanning
2026-01-16T16:14:40.8173848Z   languages: python
2026-01-16T16:14:40.8174034Z   build-mode: none
2026-01-16T16:14:40.8174225Z   dependency-caching: true
2026-01-16T16:14:40.8174525Z   config: default-setup:
  org:
    model-packs: [  ]
threat-models: [  ]

2026-01-16T16:14:40.8175011Z   token: ***
2026-01-16T16:14:40.8175405Z   matrix: {
  "language": "python",
  "category": "/language:python",
  "build-mode": "none",
  "runner": "[\"ubuntu-latest\"]"
}
2026-01-16T16:14:40.8175875Z   debug: false
2026-01-16T16:14:40.8176045Z env:
2026-01-16T16:14:40.8176211Z   CODE_SCANNING_REF: refs/heads/main
2026-01-16T16:14:40.8176449Z   CODE_SCANNING_BASE_BRANCH: 
2026-01-16T16:14:40.8176686Z   CODE_SCANNING_IS_ANALYZING_DEFAULT_BRANCH: true
2026-01-16T16:14:40.8176980Z   CODE_SCANNING_IS_STEADY_STATE_DEFAULT_SETUP: true
2026-01-16T16:14:40.8182177Z   CODE_SCANNING_WORKFLOW_FILE: H4sIAAAAAAAA/6RV32/bNhB+919x8AakfZDzsicBBaY4cuLNsFNJQZcVBUFTJ5mLTKr8kVTt8r8PFKVYWuM5Q/1kHj9+vLvv40nQPYYwncsc36+mE2VF4EM/f/sGJTc7u53hAwoz46K2Rs+YzJFoRoXgoiTKCuLw8PQ0kSKEvBF0z9lkguIhnADMN5cxSefRer1cX5EkXryaGAvH+W+GiyiNyUUSrefXr2XaUo1kq6hgu5cYlymJ1tHq7k+3uIwX0e0q+583cE2ooFXz1S1yLKitzH/fmGZxdHlH0izK4udL0zi7vQnBKIvfnfmwSX5frDYfyGK5il+b16NU90UlH0nBq1ahyV9yq50sPl10fwG83pEPwRvHvadG8S+ziorS0tKdfdtClRU6cDo7UKHk/rd0s37ToZUVAtVbXzJAjWrPteZSaH8PAGWmXYJCmncxJoVBYcbBmrJ7WuI4qJFZxU0TtCXrEB4VNzjpSbiwGEgRoFJShVDQSvtNbRQ1WDZ9FgXlVVBQbYYg6GruQQBcsMrmeAgABNB3JOxrGewCMHePVE0I58/Al3Bby6s82MscQxBS4GjTtzGEs49Tu7XC2KCiBrWZfjo7kkrdmJ0UJzN5AfZDiWiDdSdt0JlovkN2L60BhbXU3EjVdJRWOzW7ZpyzDvfrwy+TEcFScMNpxb8i+JE0Ou4tf+5c/rkKPNk5F7zl8cBHbnYHyVqfa66Dey5yHYI7GfTv4xnVd0h7X39v/slL/RpAD+EhOMcaRY6CNQGjbMdF6Q/5vs5QPHAlxR6FgXfv4MwXF+ykNpifDYk+W1TcZTedwk9w6QdMG21A2/4NdO+g4GUIfw+E7AZSoNHYOhwpLFU5DgC4IqrAvT8dwsdXDhovCGlPwdMTfBqQmp1CatrmVC1lt9srnrq0oFbySwOFVKCw5Nq4ejsSnod++7QVtKHKBC34mCMO9IQpzFE4u3XCa2QKjZ5dLbPr2wuSxFfLNEuWcUpuks0fd0NJDo/viGPGtr5BVUi17zztZ63m+nRF3aA+VNN9V/3PfSPer3x25HqTZl0d7mHO2jbMpDWtYO2KOHMNyxgR3GySkwS1VMcJ5hGZx0m2XCznURafomKUMFSGF9wNq6Okt8kqPUVlVaUPBGPBD5NwoFQfdIf+CQAA//+2RVGDAgkAAA==
2026-01-16T16:14:40.8187645Z ##[endgroup]
2026-01-16T16:14:41.5637391Z Job run UUID is 5b7c1907-1259-40ea-b9cf-e0eb90a7fb2f.
2026-01-16T16:14:42.1977051Z ##[group]Setup CodeQL tools
2026-01-16T16:14:42.2022737Z [command]/usr/bin/tar --version
2026-01-16T16:14:42.2058870Z tar (GNU tar) 1.35
2026-01-16T16:14:42.2059302Z Copyright (C) 2023 Free Software Foundation, Inc.
2026-01-16T16:14:42.2060024Z License GPLv3+: GNU GPL version 3 or later <https://gnu.org/licenses/gpl.html>.
2026-01-16T16:14:42.2060758Z This is free software: you are free to change and redistribute it.
2026-01-16T16:14:42.2061362Z There is NO WARRANTY, to the extent permitted by law.
2026-01-16T16:14:42.2061686Z 
2026-01-16T16:14:42.2061840Z Written by John Gilmore and Jay Fenlason.
2026-01-16T16:14:42.2069273Z Found gnu tar version 1.35.
2026-01-16T16:14:42.2102957Z Did not find CodeQL tools version 2.23.9 in the toolcache.
2026-01-16T16:14:42.2107715Z Using CodeQL CLI version 2.23.9 sourced from https://github.com/github/codeql-action/releases/download/codeql-bundle-v2.23.9/codeql-bundle-linux64.tar.zst .
2026-01-16T16:14:42.2112514Z Downloading CodeQL tools from https://github.com/github/codeql-action/releases/download/codeql-bundle-v2.23.9/codeql-bundle-linux64.tar.zst . This may take a while.
2026-01-16T16:14:42.2113533Z Streaming the extraction of the CodeQL bundle.
2026-01-16T16:14:42.4905134Z [command]tar -x --zstd --ignore-zeros --warning=no-unknown-keyword --overwrite -f - -C /opt/hostedtoolcache/CodeQL/2.23.9/x64
2026-01-16T16:14:46.3146918Z Finished downloading and extracting CodeQL bundle to /opt/hostedtoolcache/CodeQL/2.23.9/x64 (4.1s).
2026-01-16T16:14:46.3148395Z Created toolcache marker file /opt/hostedtoolcache/CodeQL/2.23.9/x64.complete
2026-01-16T16:14:47.1055348Z [command]/opt/hostedtoolcache/CodeQL/2.23.9/x64/codeql/codeql version --format=json
2026-01-16T16:14:47.6894241Z {
2026-01-16T16:14:47.6896076Z   "productName" : "CodeQL",
2026-01-16T16:14:47.6896458Z   "vendor" : "GitHub",
2026-01-16T16:14:47.6896743Z   "version" : "2.23.9",
2026-01-16T16:14:47.6897128Z   "sha" : "8cc4f2c4a6d9de68fb9e505d3cdb2e830d1dc3d9",
2026-01-16T16:14:47.6897534Z   "branches" : [
2026-01-16T16:14:47.6897832Z     "codeql-cli-2.23.9"
2026-01-16T16:14:47.6898119Z   ],
2026-01-16T16:14:47.6898465Z   "copyright" : "Copyright (C) 2019-2026 GitHub, Inc.",
2026-01-16T16:14:47.6899071Z   "unpackedLocation" : "/opt/hostedtoolcache/CodeQL/2.23.9/x64/codeql",
2026-01-16T16:14:47.6899795Z   "configFileLocation" : "/home/runner/.config/codeql/config",
2026-01-16T16:14:47.6900345Z   "configFileFound" : false,
2026-01-16T16:14:47.6900699Z   "overlayVersion" : 4,
2026-01-16T16:14:47.6901003Z   "features" : {
2026-01-16T16:14:47.6901325Z     "analysisSummaryV2Default" : true,
2026-01-16T16:14:47.6901788Z     "buildModeOption" : true,
2026-01-16T16:14:47.6902212Z     "bundleSupportsIncludeDiagnostics" : true,
2026-01-16T16:14:47.6902861Z     "bundleSupportsIncludeLogs" : true,
2026-01-16T16:14:47.6903302Z     "bundleSupportsOverlay" : true,
2026-01-16T16:14:47.6903884Z     "databaseInterpretResultsSupportsSarifRunProperty" : true,
2026-01-16T16:14:47.6904480Z     "featuresInVersionResult" : true,
2026-01-16T16:14:47.6904990Z     "indirectTracingSupportsStaticBinaries" : false,
2026-01-16T16:14:47.6905549Z     "informsAboutUnsupportedPathFilters" : true,
2026-01-16T16:14:47.6906024Z     "supportsPython312" : true,
2026-01-16T16:14:47.6906734Z     "mrvaPackCreate" : true,
2026-01-16T16:14:47.6907094Z     "threatModelOption" : true,
2026-01-16T16:14:47.6907480Z     "traceCommandUseBuildMode" : true,
2026-01-16T16:14:47.6907874Z     "v2ramSizing" : true,
2026-01-16T16:14:47.6908259Z     "mrvaPackCreateMultipleQueries" : true,
2026-01-16T16:14:47.6908708Z     "setsCodeqlRunnerEnvVar" : true,
2026-01-16T16:14:47.6909155Z     "sarifMergeRunsFromEqualCategory" : true,
2026-01-16T16:14:47.6909626Z     "forceOverwrite" : true,
2026-01-16T16:14:47.6910016Z     "generateSummarySymbolMap" : true,
2026-01-16T16:14:47.6910507Z     "pythonDefaultIsToNotExtractStdlib" : true,
2026-01-16T16:14:47.6910979Z     "queryServerRunQueries" : true,
2026-01-16T16:14:47.6911427Z     "queryServerTrimCacheWithMode" : true,
2026-01-16T16:14:47.6911956Z     "builtinExtractorsSpecifyDefaultQueries" : true,
2026-01-16T16:14:47.6912480Z     "bqrsDiffResultSets" : true
2026-01-16T16:14:47.6912983Z   }
2026-01-16T16:14:47.6913244Z }
2026-01-16T16:14:47.7006236Z ##[endgroup]
2026-01-16T16:14:47.7009488Z ##[group]Load language configuration
2026-01-16T16:14:47.7044968Z [command]/opt/hostedtoolcache/CodeQL/2.23.9/x64/codeql/codeql resolve languages --format=betterjson --extractor-options-verbosity=4 --extractor-include-aliases --filter-to-languages-with-queries
2026-01-16T16:14:48.5469733Z {
2026-01-16T16:14:48.5471879Z   "aliases" : {
2026-01-16T16:14:48.5472224Z     "c" : "cpp",
2026-01-16T16:14:48.5472518Z     "c++" : "cpp",
2026-01-16T16:14:48.5473189Z     "c-c++" : "cpp",
2026-01-16T16:14:48.5473499Z     "c-cpp" : "cpp",
2026-01-16T16:14:48.5473818Z     "c#" : "csharp",
2026-01-16T16:14:48.5474125Z     "java-kotlin" : "java",
2026-01-16T16:14:48.5474477Z     "kotlin" : "java",
2026-01-16T16:14:48.5474832Z     "javascript-typescript" : "javascript",
2026-01-16T16:14:48.5475248Z     "typescript" : "javascript"
2026-01-16T16:14:48.5475565Z   },
2026-01-16T16:14:48.5475805Z   "extractors" : {
2026-01-16T16:14:48.5476073Z     "rust" : [
2026-01-16T16:14:48.5476341Z       {
2026-01-16T16:14:48.5476753Z         "extractor_root" : "/opt/hostedtoolcache/CodeQL/2.23.9/x64/codeql/rust",
2026-01-16T16:14:48.5477342Z         "extractor_options" : {
2026-01-16T16:14:48.5477689Z           "trap" : {
2026-01-16T16:14:48.5478047Z             "title" : "Options pertaining to TRAP.",
2026-01-16T16:14:48.5478565Z             "description" : "Options pertaining to TRAP.",
2026-01-16T16:14:48.5479054Z             "type" : "object",
2026-01-16T16:14:48.5479805Z             "properties" : {
2026-01-16T16:14:48.5480179Z               "compression" : {
2026-01-16T16:14:48.5480734Z                 "title" : "Controls compression for the TRAP files written by the extractor.",
2026-01-16T16:14:48.5482456Z                 "description" : "This option is only intended for use in debugging the extractor. Accepted values are 'gzip' (to write gzip-compressed TRAP) 'zstd' (to write Zstandard-compressed TRAP) and 'none' (the default, to write uncompressed TRAP).\n",
2026-01-16T16:14:48.5484247Z                 "type" : "string",
2026-01-16T16:14:48.5484681Z                 "pattern" : "^(none|gzip|zstd)$"
2026-01-16T16:14:48.5485120Z               }
2026-01-16T16:14:48.5485399Z             }
2026-01-16T16:14:48.5485655Z           },
2026-01-16T16:14:48.5485933Z           "cargo_target_dir" : {
2026-01-16T16:14:48.5486375Z             "title" : "Directory to use for cargo output files.",
2026-01-16T16:14:48.5488283Z             "description" : "This value is an optional path to use as `CARGO_TARGET_DIR` for the internal cargo commands the extractor uses. Pointing it to a persistent directory may reduce execution time of consecutive extractor runs. By default, a new scratch directory is used for each run.\n",
2026-01-16T16:14:48.5490039Z             "type" : "string"
2026-01-16T16:14:48.5490351Z           },
2026-01-16T16:14:48.5490621Z           "cargo_target" : {
2026-01-16T16:14:48.5490970Z             "title" : "Target architecture",
2026-01-16T16:14:48.5491844Z             "description" : "Target architecture to use for analysis, analogous to `cargo --target`. By default the host architecture is used.\n",
2026-01-16T16:14:48.5493203Z             "type" : "string"
2026-01-16T16:14:48.5493523Z           },
2026-01-16T16:14:48.5493804Z           "cargo_features" : {
2026-01-16T16:14:48.5494195Z             "title" : "Cargo features to turn on",
2026-01-16T16:14:48.5495976Z             "description" : "Comma-separated list of features to turn on. By default all features are enabled. If any features are specified, then only those features are enabled. The `default` feature must be explicitly specified if only default features are desired. Can be repeated.\n",
2026-01-16T16:14:48.5497102Z             "type" : "array"
2026-01-16T16:14:48.5497302Z           },
2026-01-16T16:14:48.5497488Z           "cargo_cfg_overrides" : {
2026-01-16T16:14:48.5497727Z             "title" : "Cargo cfg overrides",
2026-01-16T16:14:48.5498224Z             "description" : "Comma-separated list of cfg settings to enable, or disable if prefixed with `-`. Can be repeated.\n",
2026-01-16T16:14:48.5498712Z             "type" : "array"
2026-01-16T16:14:48.5498898Z           },
2026-01-16T16:14:48.5499061Z           "logging" : {
2026-01-16T16:14:48.5499284Z             "title" : "Options pertaining to logging.",
2026-01-16T16:14:48.5499592Z             "description" : "Options pertaining to logging.",
2026-01-16T16:14:48.5499865Z             "type" : "object",
2026-01-16T16:14:48.5500073Z             "properties" : {
2026-01-16T16:14:48.5500273Z               "verbosity" : {
2026-01-16T16:14:48.5500519Z                 "title" : "Extractor logging verbosity level.",
2026-01-16T16:14:48.5501410Z                 "description" : "Controls the level of verbosity of the extractor. The supported levels are (in order of increasing verbosity):\n  - off\n  - errors\n  - warnings\n  - info or progress\n  - debug or progress+\n  - trace or progress++\n  - progress+++\n",
2026-01-16T16:14:48.5502238Z                 "type" : "string",
2026-01-16T16:14:48.5502880Z                 "pattern" : "^(off|errors|warnings|(info|progress)|(debug|progress\\+)|(trace|progress\\+\\+)|progress\\+\\+\\+)$"
2026-01-16T16:14:48.5503319Z               },
2026-01-16T16:14:48.5503508Z               "flamegraph" : {
2026-01-16T16:14:48.5503786Z                 "title" : "[Experimental] File path for write flame graph log",
2026-01-16T16:14:48.5504760Z                 "description" : "Collect flame graph data using the `tracing-flame` crate. To render a flame graph or chart, run the `inferno-flamegraph` command. See also: https://crates.io/crates/tracing-flame\n",
2026-01-16T16:14:48.5505483Z                 "type" : "string"
2026-01-16T16:14:48.5505714Z               }
2026-01-16T16:14:48.5505940Z             }
2026-01-16T16:14:48.5506100Z           },
2026-01-16T16:14:48.5506279Z           "extract_dependencies_as_source" : {
2026-01-16T16:14:48.5506563Z             "title" : "Extract dependencies as source code",
2026-01-16T16:14:48.5507020Z             "description" : "Extract the full source code of dependencies instead of only extracting signatures.\n",
2026-01-16T16:14:48.5507452Z             "type" : "string",
2026-01-16T16:14:48.5507660Z             "pattern" : "^(false|true)$"
2026-01-16T16:14:48.5507881Z           }
2026-01-16T16:14:48.5508038Z         }
2026-01-16T16:14:48.5508194Z       }
2026-01-16T16:14:48.5508372Z     ],
2026-01-16T16:14:48.5508527Z     "python" : [
2026-01-16T16:14:48.5508700Z       {
2026-01-16T16:14:48.5508964Z         "extractor_root" : "/opt/hostedtoolcache/CodeQL/2.23.9/x64/codeql/python",
2026-01-16T16:14:48.5509399Z         "extractor_options" : {
2026-01-16T16:14:48.5509618Z           "logging" : {
2026-01-16T16:14:48.5509846Z             "title" : "Options pertaining to logging.",
2026-01-16T16:14:48.5510157Z             "description" : "Options pertaining to logging.",
2026-01-16T16:14:48.5510423Z             "type" : "object",
2026-01-16T16:14:48.5510635Z             "properties" : {
2026-01-16T16:14:48.5510837Z               "verbosity" : {
2026-01-16T16:14:48.5511175Z                 "title" : "Python extractor logging verbosity level.",
2026-01-16T16:14:48.5512125Z                 "description" : "Controls the level of verbosity of the CodeQL Python extractor.\nThe supported levels are (in order of increasing verbosity):\n\n  - off\n  - errors\n  - warnings\n  - info or progress\n  - debug or progress+\n  - trace or progress++\n  - progress+++\n",
2026-01-16T16:14:48.5513276Z                 "type" : "string",
2026-01-16T16:14:48.5513719Z                 "pattern" : "^(off|errors|warnings|(info|progress)|(debug|progress\\+)|(trace|progress\\+\\+)|progress\\+\\+\\+)$"
2026-01-16T16:14:48.5514151Z               }
2026-01-16T16:14:48.5514321Z             }
2026-01-16T16:14:48.5514477Z           },
2026-01-16T16:14:48.5514655Z           "python_executable_name" : {
2026-01-16T16:14:48.5515020Z             "title" : "Controls the name of the Python executable used by the Python extractor.",
2026-01-16T16:14:48.5516340Z             "description" : "The Python extractor uses platform-dependent heuristics to determine the name of the Python executable to use. Specifying a value for this option overrides the name of the Python executable used by the extractor. Accepted values are py, python and python3. Use this setting with caution, the Python extractor requires Python 3 to run.\n",
2026-01-16T16:14:48.5517498Z             "type" : "string",
2026-01-16T16:14:48.5517717Z             "pattern" : "^(py|python|python3)$"
2026-01-16T16:14:48.5517954Z           }
2026-01-16T16:14:48.5518108Z         }
2026-01-16T16:14:48.5518253Z       }
2026-01-16T16:14:48.5518407Z     ],
2026-01-16T16:14:48.5518553Z     "cpp" : [
2026-01-16T16:14:48.5518711Z       {
2026-01-16T16:14:48.5519070Z         "extractor_root" : "/opt/hostedtoolcache/CodeQL/2.23.9/x64/codeql/cpp",
2026-01-16T16:14:48.5519454Z         "extractor_options" : {
2026-01-16T16:14:48.5519658Z           "trap" : {
2026-01-16T16:14:48.5519858Z             "title" : "TRAP options",
2026-01-16T16:14:48.5520179Z             "description" : "Options about how the extractor handles TRAP files",
2026-01-16T16:14:48.5520604Z             "type" : "object",
2026-01-16T16:14:48.5520914Z             "visibility" : 3,
2026-01-16T16:14:48.5521250Z             "properties" : {
2026-01-16T16:14:48.5521594Z               "cache" : {
2026-01-16T16:14:48.5521907Z                 "title" : "TRAP cache options",
2026-01-16T16:14:48.5522478Z                 "description" : "Options about how the extractor handles its TRAP cache",
2026-01-16T16:14:48.5522934Z                 "type" : "object",
2026-01-16T16:14:48.5523167Z                 "properties" : {
2026-01-16T16:14:48.5523373Z                   "dir" : {
2026-01-16T16:14:48.5523604Z                     "title" : "TRAP cache directory",
2026-01-16T16:14:48.5523928Z                     "description" : "The directory of the TRAP cache to use",
2026-01-16T16:14:48.5524227Z                     "type" : "string"
2026-01-16T16:14:48.5524445Z                   },
2026-01-16T16:14:48.5524628Z                   "bound" : {
2026-01-16T16:14:48.5524853Z                     "title" : "TRAP cache bound",
2026-01-16T16:14:48.5525184Z                     "description" : "A soft limit (in MB) on the size of the TRAP cache",
2026-01-16T16:14:48.5525531Z                     "type" : "string",
2026-01-16T16:14:48.5525756Z                     "pattern" : "[0-9]+"
2026-01-16T16:14:48.5525977Z                   },
2026-01-16T16:14:48.5526152Z                   "write" : {
2026-01-16T16:14:48.5526385Z                     "title" : "TRAP cache writeable",
2026-01-16T16:14:48.5526748Z                     "description" : "Whether to write to the TRAP cache as well as reading it",
2026-01-16T16:14:48.5527090Z                     "type" : "string",
2026-01-16T16:14:48.5527342Z                     "pattern" : "(true|TRUE|false|FALSE)"
2026-01-16T16:14:48.5527579Z                   }
2026-01-16T16:14:48.5527745Z                 }
2026-01-16T16:14:48.5527901Z               }
2026-01-16T16:14:48.5528168Z             }
2026-01-16T16:14:48.5528322Z           },
2026-01-16T16:14:48.5528499Z           "scale_timeouts" : {
2026-01-16T16:14:48.5528785Z             "title" : "Value to scale compiler introspection timeouts with",
2026-01-16T16:14:48.5530085Z             "description" : "The extractor attempts to determine what compiler the source code being extracted is compiled with. To this end the extractor makes additional calls to the compiler, some of which are expected to return within a certain fixed time (either 10s or 15s). On some systems that are under high load this time might be too short, and can be scaled up using this option.\n",
2026-01-16T16:14:48.5531309Z             "type" : "string",
2026-01-16T16:14:48.5531515Z             "pattern" : "[0-9]+"
2026-01-16T16:14:48.5531717Z           },
2026-01-16T16:14:48.5531885Z           "log_verbosity" : {
2026-01-16T16:14:48.5532123Z             "title" : "Verbosity of the extractor logging",
2026-01-16T16:14:48.5532818Z             "description" : "Set the verbosity of the extractor logging to 'quiet' (0), 'normal' (1), 'chatty' (2), or 'noisy' (3). The default is 'normal'.\n",
2026-01-16T16:14:48.5533335Z             "type" : "string",
2026-01-16T16:14:48.5533543Z             "pattern" : "[0-3]"
2026-01-16T16:14:48.5533734Z           },
2026-01-16T16:14:48.5533907Z           "frontend_options" : {
2026-01-16T16:14:48.5534152Z             "title" : "C/C++ extractor frontend options",
2026-01-16T16:14:48.5534677Z             "description" : "Set additional options that should be passed to the C/C++ extractor frontend.\n",
2026-01-16T16:14:48.5535288Z             "type" : "array",
2026-01-16T16:14:48.5535551Z             "visibility" : 3
2026-01-16T16:14:48.5535783Z           }
2026-01-16T16:14:48.5535941Z         }
2026-01-16T16:14:48.5536087Z       }
2026-01-16T16:14:48.5536238Z     ],
2026-01-16T16:14:48.5536387Z     "csharp" : [
2026-01-16T16:14:48.5536553Z       {
2026-01-16T16:14:48.5536806Z         "extractor_root" : "/opt/hostedtoolcache/CodeQL/2.23.9/x64/codeql/csharp",
2026-01-16T16:14:48.5537152Z         "extractor_options" : {
2026-01-16T16:14:48.5537359Z           "trap" : {
2026-01-16T16:14:48.5537564Z             "title" : "Options pertaining to TRAP.",
2026-01-16T16:14:48.5537856Z             "description" : "Options pertaining to TRAP.",
2026-01-16T16:14:48.5538112Z             "type" : "object",
2026-01-16T16:14:48.5538318Z             "properties" : {
2026-01-16T16:14:48.5538517Z               "compression" : {
2026-01-16T16:14:48.5538955Z                 "title" : "Controls compression for the TRAP files written by the extractor.",
2026-01-16T16:14:48.5539827Z                 "description" : "This option is only intended for use in debugging the extractor. Accepted values are 'brotli' (the default, to write brotli-compressed TRAP), 'gzip', and 'none' (to write uncompressed TRAP).\n",
2026-01-16T16:14:48.5540581Z                 "type" : "string",
2026-01-16T16:14:48.5540830Z                 "pattern" : "^(none|gzip|brotli)$"
2026-01-16T16:14:48.5541072Z               }
2026-01-16T16:14:48.5541247Z             }
2026-01-16T16:14:48.5541416Z           },
2026-01-16T16:14:48.5541593Z           "buildless" : {
2026-01-16T16:14:48.5541898Z             "title" : "DEPRECATED - Whether to use buildless (standalone) extraction.",
2026-01-16T16:14:48.5543720Z             "description" : "DEPRECATED: Use `--build-mode none` instead.\nA value indicating, which type of extraction the autobuilder should perform. If 'true', then the standalone extractor will be used, otherwise tracing extraction will be performed. The default is 'false'. Note that buildless extraction will generally yield less accurate analysis results, and should only be used in cases where it is not possible to build the code (for example if it uses inaccessible dependencies).\n",
2026-01-16T16:14:48.5545257Z             "type" : "string",
2026-01-16T16:14:48.5545479Z             "pattern" : "^(false|true)$"
2026-01-16T16:14:48.5545698Z           },
2026-01-16T16:14:48.5545869Z           "logging" : {
2026-01-16T16:14:48.5546158Z             "title" : "Options pertaining to logging.",
2026-01-16T16:14:48.5546459Z             "description" : "Options pertaining to logging.",
2026-01-16T16:14:48.5546723Z             "type" : "object",
2026-01-16T16:14:48.5546926Z             "properties" : {
2026-01-16T16:14:48.5547123Z               "verbosity" : {
2026-01-16T16:14:48.5547370Z                 "title" : "Extractor logging verbosity level.",
2026-01-16T16:14:48.5548254Z                 "description" : "Controls the level of verbosity of the extractor. The supported levels are (in order of increasing verbosity):\n  - off\n  - errors\n  - warnings\n  - info or progress\n  - debug or progress+\n  - trace or progress++\n  - progress+++\n",
2026-01-16T16:14:48.5549869Z                 "type" : "string",
2026-01-16T16:14:48.5550534Z                 "pattern" : "^(off|errors|warnings|(info|progress)|(debug|progress\\+)|(trace|progress\\+\\+)|progress\\+\\+\\+)$"
2026-01-16T16:14:48.5551334Z               }
2026-01-16T16:14:48.5551613Z             }
2026-01-16T16:14:48.5551860Z           },
2026-01-16T16:14:48.5552133Z           "binlog" : {
2026-01-16T16:14:48.5552429Z             "title" : "Binlog",
2026-01-16T16:14:48.5553656Z             "description" : "[EXPERIMENTAL] The value is a path to the MsBuild binary log file that should be extracted. This option only works when `--build-mode none` is also specified.\n",
2026-01-16T16:14:48.5554887Z             "type" : "array"
2026-01-16T16:14:48.5555230Z           },
2026-01-16T16:14:48.5555533Z           "buildless_dependency_dir" : {
2026-01-16T16:14:48.5556252Z             "title" : "The path where buildless (standalone) extraction should keep dependencies.",
2026-01-16T16:14:48.5557261Z             "description" : "If set, the buildless (standalone) extractor will store dependencies in this directory.\n",
2026-01-16T16:14:48.5557999Z             "type" : "string"
2026-01-16T16:14:48.5558308Z           }
2026-01-16T16:14:48.5558539Z         }
2026-01-16T16:14:48.5558786Z       }
2026-01-16T16:14:48.5559021Z     ],
2026-01-16T16:14:48.5559276Z     "java" : [
2026-01-16T16:14:48.5559543Z       {
2026-01-16T16:14:48.5559996Z         "extractor_root" : "/opt/hostedtoolcache/CodeQL/2.23.9/x64/codeql/java",
2026-01-16T16:14:48.5560560Z         "extractor_options" : {
2026-01-16T16:14:48.5560933Z           "exclude" : {
2026-01-16T16:14:48.5561318Z             "title" : "A glob excluding files from analysis.",
2026-01-16T16:14:48.5562807Z             "description" : "A glob indicating what files to exclude from the analysis. This accepts glob patterns that are supported by Java's 'getPathMatcher' implementation.\n",
2026-01-16T16:14:48.5564023Z             "type" : "string"
2026-01-16T16:14:48.5564358Z           },
2026-01-16T16:14:48.5564653Z           "add_prefer_source" : {
2026-01-16T16:14:48.5565201Z             "title" : "Whether to always prefer source files over class files.",
2026-01-16T16:14:48.5567261Z             "description" : "A value indicating whether source files should be preferred over class files. If set to 'true', the extraction adds '-Xprefer:source' to the javac command line. If set to 'false', the extraction uses the default javac behavior ('-Xprefer:newer'). The default is 'true'.\n",
2026-01-16T16:14:48.5569166Z             "type" : "string",
2026-01-16T16:14:48.5569542Z             "pattern" : "^(false|true)$"
2026-01-16T16:14:48.5569948Z           },
2026-01-16T16:14:48.5570232Z           "buildless" : {
2026-01-16T16:14:48.5570802Z             "title" : "Whether to use buildless (standalone) extraction (experimental).",
2026-01-16T16:14:48.5573879Z             "description" : "A value indicating, which type of extraction the autobuilder should perform. If 'true', then the standalone extractor will be used, otherwise tracing extraction will be performed. The default is 'false'. Note that buildless extraction will generally yield less accurate analysis results, and should only be used in cases where it is not possible to build the code (for example if it uses inaccessible dependencies).\n",
2026-01-16T16:14:48.5576739Z             "type" : "string",
2026-01-16T16:14:48.5577127Z             "pattern" : "^(false|true)$"
2026-01-16T16:14:48.5577512Z           },
2026-01-16T16:14:48.5577821Z           "buildless_dependency_dir" : {
2026-01-16T16:14:48.5578510Z             "title" : "The path where buildless (standalone) extraction should keep dependencies.",
2026-01-16T16:14:48.5579658Z             "description" : "If set, the buildless (standalone) extractor will store dependencies in this directory.\n",
2026-01-16T16:14:48.5580475Z             "type" : "string"
2026-01-16T16:14:48.5580798Z           },
2026-01-16T16:14:48.5581093Z           "minimize_dependency_jars" : {
2026-01-16T16:14:48.5581785Z             "title" : "Whether to rewrite and minimize downloaded JAR dependencies (experimental).",
2026-01-16T16:14:48.5583328Z             "description" : "If 'true', JAR dependencies downloaded during extraction will be rewritten to remove unneeded data, such as method bodies. The default is 'false'.\n",
2026-01-16T16:14:48.5584498Z             "type" : "string",
2026-01-16T16:14:48.5584859Z             "pattern" : "^(false|true)$"
2026-01-16T16:14:48.5585247Z           }
2026-01-16T16:14:48.5585502Z         }
2026-01-16T16:14:48.5585756Z       }
2026-01-16T16:14:48.5585981Z     ],
2026-01-16T16:14:48.5586207Z     "go" : [
2026-01-16T16:14:48.5586451Z       {
2026-01-16T16:14:48.5586912Z         "extractor_root" : "/opt/hostedtoolcache/CodeQL/2.23.9/x64/codeql/go",
2026-01-16T16:14:48.5587513Z         "extractor_options" : {
2026-01-16T16:14:48.5587891Z           "extract_tests" : {
2026-01-16T16:14:48.5588430Z             "title" : "Whether to include Go test files in the CodeQL database.",
2026-01-16T16:14:48.5589539Z             "description" : "A value indicating whether Go test files should be included in the CodeQL database. The default is 'false'.\n",
2026-01-16T16:14:48.5590444Z             "type" : "string",
2026-01-16T16:14:48.5590779Z             "pattern" : "^(false|true)$"
2026-01-16T16:14:48.5591188Z           },
2026-01-16T16:14:48.5591471Z           "extract_vendor_dirs" : {
2026-01-16T16:14:48.5592023Z             "title" : "Whether to include Go vendor directories in the CodeQL database.",
2026-01-16T16:14:48.5593153Z             "description" : "A value indicating whether Go vendor directories should be included in the CodeQL database. The default is 'false'.\n",
2026-01-16T16:14:48.5593994Z             "type" : "string",
2026-01-16T16:14:48.5594565Z             "pattern" : "^(false|true)$"
2026-01-16T16:14:48.5594879Z           }
2026-01-16T16:14:48.5595103Z         }
2026-01-16T16:14:48.5595309Z       }
2026-01-16T16:14:48.5595517Z     ],
2026-01-16T16:14:48.5595669Z     "actions" : [
2026-01-16T16:14:48.5595843Z       {
2026-01-16T16:14:48.5596101Z         "extractor_root" : "/opt/hostedtoolcache/CodeQL/2.23.9/x64/codeql/actions",
2026-01-16T16:14:48.5596451Z         "extractor_options" : {
2026-01-16T16:14:48.5596660Z           "trap" : {
2026-01-16T16:14:48.5596860Z             "title" : "TRAP options",
2026-01-16T16:14:48.5597185Z             "description" : "Options about how the extractor handles TRAP files",
2026-01-16T16:14:48.5597506Z             "type" : "object",
2026-01-16T16:14:48.5597715Z             "visibility" : 3,
2026-01-16T16:14:48.5597916Z             "properties" : {
2026-01-16T16:14:48.5598122Z               "cache" : {
2026-01-16T16:14:48.5598330Z                 "title" : "TRAP cache options",
2026-01-16T16:14:48.5598792Z                 "description" : "Options about how the extractor handles its TRAP cache",
2026-01-16T16:14:48.5599296Z                 "type" : "object",
2026-01-16T16:14:48.5599613Z                 "properties" : {
2026-01-16T16:14:48.5599827Z                   "dir" : {
2026-01-16T16:14:48.5600045Z                     "title" : "TRAP cache directory",
2026-01-16T16:14:48.5600357Z                     "description" : "The directory of the TRAP cache to use",
2026-01-16T16:14:48.5600653Z                     "type" : "string"
2026-01-16T16:14:48.5601159Z                   },
2026-01-16T16:14:48.5601343Z                   "bound" : {
2026-01-16T16:14:48.5601564Z                     "title" : "TRAP cache bound",
2026-01-16T16:14:48.5601898Z                     "description" : "A soft limit (in MB) on the size of the TRAP cache",
2026-01-16T16:14:48.5602223Z                     "type" : "string",
2026-01-16T16:14:48.5602453Z                     "pattern" : "[0-9]+"
2026-01-16T16:14:48.5602815Z                   },
2026-01-16T16:14:48.5602994Z                   "write" : {
2026-01-16T16:14:48.5603213Z                     "title" : "TRAP cache writeable",
2026-01-16T16:14:48.5603582Z                     "description" : "Whether to write to the TRAP cache as well as reading it",
2026-01-16T16:14:48.5603925Z                     "type" : "string",
2026-01-16T16:14:48.5604176Z                     "pattern" : "(true|TRUE|false|FALSE)"
2026-01-16T16:14:48.5604415Z                   }
2026-01-16T16:14:48.5604575Z                 }
2026-01-16T16:14:48.5604747Z               }
2026-01-16T16:14:48.5604901Z             }
2026-01-16T16:14:48.5605065Z           }
2026-01-16T16:14:48.5605213Z         }
2026-01-16T16:14:48.5605366Z       }
2026-01-16T16:14:48.5605510Z     ],
2026-01-16T16:14:48.5605668Z     "javascript" : [
2026-01-16T16:14:48.5605834Z       {
2026-01-16T16:14:48.5606106Z         "extractor_root" : "/opt/hostedtoolcache/CodeQL/2.23.9/x64/codeql/javascript",
2026-01-16T16:14:48.5606454Z         "extractor_options" : {
2026-01-16T16:14:48.5606664Z           "trap" : {
2026-01-16T16:14:48.5606855Z             "title" : "TRAP options",
2026-01-16T16:14:48.5607162Z             "description" : "Options about how the extractor handles TRAP files",
2026-01-16T16:14:48.5607485Z             "type" : "object",
2026-01-16T16:14:48.5607686Z             "visibility" : 3,
2026-01-16T16:14:48.5607903Z             "properties" : {
2026-01-16T16:14:48.5608098Z               "cache" : {
2026-01-16T16:14:48.5608317Z                 "title" : "TRAP cache options",
2026-01-16T16:14:48.5608659Z                 "description" : "Options about how the extractor handles its TRAP cache",
2026-01-16T16:14:48.5609005Z                 "type" : "object",
2026-01-16T16:14:48.5609225Z                 "properties" : {
2026-01-16T16:14:48.5609427Z                   "dir" : {
2026-01-16T16:14:48.5609648Z                     "title" : "TRAP cache directory",
2026-01-16T16:14:48.5610028Z                     "description" : "The directory of the TRAP cache to use",
2026-01-16T16:14:48.5610337Z                     "type" : "string"
2026-01-16T16:14:48.5610542Z                   },
2026-01-16T16:14:48.5610726Z                   "bound" : {
2026-01-16T16:14:48.5610943Z                     "title" : "TRAP cache bound",
2026-01-16T16:14:48.5611282Z                     "description" : "A soft limit (in MB) on the size of the TRAP cache",
2026-01-16T16:14:48.5611623Z                     "type" : "string",
2026-01-16T16:14:48.5611855Z                     "pattern" : "[0-9]+"
2026-01-16T16:14:48.5612106Z                   },
2026-01-16T16:14:48.5612337Z                   "write" : {
2026-01-16T16:14:48.5612769Z                     "title" : "TRAP cache writeable",
2026-01-16T16:14:48.5613397Z                     "description" : "Whether to write to the TRAP cache as well as reading it",
2026-01-16T16:14:48.5614001Z                     "type" : "string",
2026-01-16T16:14:48.5614336Z                     "pattern" : "(true|TRUE|false|FALSE)"
2026-01-16T16:14:48.5614581Z                   }
2026-01-16T16:14:48.5614752Z                 }
2026-01-16T16:14:48.5614909Z               }
2026-01-16T16:14:48.5615068Z             }
2026-01-16T16:14:48.5615217Z           },
2026-01-16T16:14:48.5615384Z           "skip_types" : {
2026-01-16T16:14:48.5615624Z             "title" : "Skip type extraction for TypeScript",
2026-01-16T16:14:48.5616031Z             "description" : "Whether to skip the extraction of types in a TypeScript application",
2026-01-16T16:14:48.5616445Z             "type" : "string",
2026-01-16T16:14:48.5616943Z             "pattern" : "^(false|true)$"
2026-01-16T16:14:48.5617247Z           }
2026-01-16T16:14:48.5617489Z         }
2026-01-16T16:14:48.5617718Z       }
2026-01-16T16:14:48.5617945Z     ],
2026-01-16T16:14:48.5618182Z     "swift" : [
2026-01-16T16:14:48.5618368Z       {
2026-01-16T16:14:48.5618623Z         "extractor_root" : "/opt/hostedtoolcache/CodeQL/2.23.9/x64/codeql/swift"
2026-01-16T16:14:48.5618932Z       }
2026-01-16T16:14:48.5619080Z     ],
2026-01-16T16:14:48.5619224Z     "ruby" : [
2026-01-16T16:14:48.5619384Z       {
2026-01-16T16:14:48.5619625Z         "extractor_root" : "/opt/hostedtoolcache/CodeQL/2.23.9/x64/codeql/ruby",
2026-01-16T16:14:48.5619952Z         "extractor_options" : {
2026-01-16T16:14:48.5620152Z           "trap" : {
2026-01-16T16:14:48.5620365Z             "title" : "Options pertaining to TRAP.",
2026-01-16T16:14:48.5620658Z             "description" : "Options pertaining to TRAP.",
2026-01-16T16:14:48.5620917Z             "type" : "object",
2026-01-16T16:14:48.5621132Z             "properties" : {
2026-01-16T16:14:48.5621331Z               "compression" : {
2026-01-16T16:14:48.5621666Z                 "title" : "Controls compression for the TRAP files written by the extractor.",
2026-01-16T16:14:48.5622779Z                 "description" : "This option is only intended for use in debugging the extractor. Accepted values are 'gzip' (the default, to write gzip-compressed TRAP) 'zstd' (to write Zstandard-compressed TRAP) and 'none' (to write uncompressed TRAP).\n",
2026-01-16T16:14:48.5623629Z                 "type" : "string",
2026-01-16T16:14:48.5623875Z                 "pattern" : "^(none|gzip|zstd)$"
2026-01-16T16:14:48.5624170Z               }
2026-01-16T16:14:48.5624432Z             }
2026-01-16T16:14:48.5624679Z           }
2026-01-16T16:14:48.5624844Z         }
2026-01-16T16:14:48.5624989Z       }
2026-01-16T16:14:48.5625139Z     ]
2026-01-16T16:14:48.5625281Z   }
2026-01-16T16:14:48.5625433Z }
2026-01-16T16:14:48.5625904Z Languages from configuration: python
2026-01-16T16:14:48.5626536Z [command]/opt/hostedtoolcache/CodeQL/2.23.9/x64/codeql/codeql resolve languages --format=betterjson --extractor-options-verbosity=4 --extractor-include-aliases
2026-01-16T16:14:49.4604591Z {
2026-01-16T16:14:49.4608245Z   "aliases" : {
2026-01-16T16:14:49.4609976Z     "c" : "cpp",
2026-01-16T16:14:49.4610261Z     "c++" : "cpp",
2026-01-16T16:14:49.4610556Z     "c-c++" : "cpp",
2026-01-16T16:14:49.4610873Z     "c-cpp" : "cpp",
2026-01-16T16:14:49.4613738Z     "c#" : "csharp",
2026-01-16T16:14:49.4614187Z     "java-kotlin" : "java",
2026-01-16T16:14:49.4614531Z     "kotlin" : "java",
2026-01-16T16:14:49.4614900Z     "javascript-typescript" : "javascript",
2026-01-16T16:14:49.4615348Z     "typescript" : "javascript"
2026-01-16T16:14:49.4615696Z   },
2026-01-16T16:14:49.4615959Z   "extractors" : {
2026-01-16T16:14:49.4616263Z     "xml" : [
2026-01-16T16:14:49.4616533Z       {
2026-01-16T16:14:49.4616975Z         "extractor_root" : "/opt/hostedtoolcache/CodeQL/2.23.9/x64/codeql/xml"
2026-01-16T16:14:49.4617542Z       }
2026-01-16T16:14:49.4617771Z     ],
2026-01-16T16:14:49.4618013Z     "python" : [
2026-01-16T16:14:49.4618255Z       {
2026-01-16T16:14:49.4618688Z         "extractor_root" : "/opt/hostedtoolcache/CodeQL/2.23.9/x64/codeql/python",
2026-01-16T16:14:49.4619285Z         "extractor_options" : {
2026-01-16T16:14:49.4619635Z           "logging" : {
2026-01-16T16:14:49.4620013Z             "title" : "Options pertaining to logging.",
2026-01-16T16:14:49.4620536Z             "description" : "Options pertaining to logging.",
2026-01-16T16:14:49.4620997Z             "type" : "object",
2026-01-16T16:14:49.4621339Z             "properties" : {
2026-01-16T16:14:49.4621675Z               "verbosity" : {
2026-01-16T16:14:49.4622107Z                 "title" : "Python extractor logging verbosity level.",
2026-01-16T16:14:49.4623884Z                 "description" : "Controls the level of verbosity of the CodeQL Python extractor.\nThe supported levels are (in order of increasing verbosity):\n\n  - off\n  - errors\n  - warnings\n  - info or progress\n  - debug or progress+\n  - trace or progress++\n  - progress+++\n",
2026-01-16T16:14:49.4625764Z                 "type" : "string",
2026-01-16T16:14:49.4626512Z                 "pattern" : "^(off|errors|warnings|(info|progress)|(debug|progress\\+)|(trace|progress\\+\\+)|progress\\+\\+\\+)$"
2026-01-16T16:14:49.4627274Z               }
2026-01-16T16:14:49.4627540Z             }
2026-01-16T16:14:49.4627803Z           },
2026-01-16T16:14:49.4628070Z           "python_executable_name" : {
2026-01-16T16:14:49.4628669Z             "title" : "Controls the name of the Python executable used by the Python extractor.",
2026-01-16T16:14:49.4631445Z             "description" : "The Python extractor uses platform-dependent heuristics to determine the name of the Python executable to use. Specifying a value for this option overrides the name of the Python executable used by the extractor. Accepted values are py, python and python3. Use this setting with caution, the Python extractor requires Python 3 to run.\n",
2026-01-16T16:14:49.4633719Z             "type" : "string",
2026-01-16T16:14:49.4634114Z             "pattern" : "^(py|python|python3)$"
2026-01-16T16:14:49.4634504Z           }
2026-01-16T16:14:49.4634745Z         }
2026-01-16T16:14:49.4634991Z       }
2026-01-16T16:14:49.4635233Z     ],
2026-01-16T16:14:49.4635485Z     "javascript" : [
2026-01-16T16:14:49.4635802Z       {
2026-01-16T16:14:49.4636290Z         "extractor_root" : "/opt/hostedtoolcache/CodeQL/2.23.9/x64/codeql/javascript",
2026-01-16T16:14:49.4636873Z         "extractor_options" : {
2026-01-16T16:14:49.4637163Z           "trap" : {
2026-01-16T16:14:49.4637355Z             "title" : "TRAP options",
2026-01-16T16:14:49.4637681Z             "description" : "Options about how the extractor handles TRAP files",
2026-01-16T16:14:49.4638003Z             "type" : "object",
2026-01-16T16:14:49.4638269Z             "visibility" : 3,
2026-01-16T16:14:49.4638976Z             "properties" : {
2026-01-16T16:14:49.4639490Z               "cache" : {
2026-01-16T16:14:49.4639834Z                 "title" : "TRAP cache options",
2026-01-16T16:14:49.4640270Z                 "description" : "Options about how the extractor handles its TRAP cache",
2026-01-16T16:14:49.4640618Z                 "type" : "object",
2026-01-16T16:14:49.4640841Z                 "properties" : {
2026-01-16T16:14:49.4641053Z                   "dir" : {
2026-01-16T16:14:49.4641450Z                     "title" : "TRAP cache directory",
2026-01-16T16:14:49.4641780Z                     "description" : "The directory of the TRAP cache to use",
2026-01-16T16:14:49.4642084Z                     "type" : "string"
2026-01-16T16:14:49.4642304Z                   },
2026-01-16T16:14:49.4642489Z                   "bound" : {
2026-01-16T16:14:49.4642881Z                     "title" : "TRAP cache bound",
2026-01-16T16:14:49.4643236Z                     "description" : "A soft limit (in MB) on the size of the TRAP cache",
2026-01-16T16:14:49.4643579Z                     "type" : "string",
2026-01-16T16:14:49.4643819Z                     "pattern" : "[0-9]+"
2026-01-16T16:14:49.4644033Z                   },
2026-01-16T16:14:49.4644217Z                   "write" : {
2026-01-16T16:14:49.4644438Z                     "title" : "TRAP cache writeable",
2026-01-16T16:14:49.4644811Z                     "description" : "Whether to write to the TRAP cache as well as reading it",
2026-01-16T16:14:49.4645170Z                     "type" : "string",
2026-01-16T16:14:49.4645418Z                     "pattern" : "(true|TRUE|false|FALSE)"
2026-01-16T16:14:49.4645658Z                   }
2026-01-16T16:14:49.4645819Z                 }
2026-01-16T16:14:49.4645988Z               }
2026-01-16T16:14:49.4646141Z             }
2026-01-16T16:14:49.4646303Z           },
2026-01-16T16:14:49.4646468Z           "skip_types" : {
2026-01-16T16:14:49.4646713Z             "title" : "Skip type extraction for TypeScript",
2026-01-16T16:14:49.4647120Z             "description" : "Whether to skip the extraction of types in a TypeScript application",
2026-01-16T16:14:49.4647588Z             "type" : "string",
2026-01-16T16:14:49.4647796Z             "pattern" : "^(false|true)$"
2026-01-16T16:14:49.4648039Z           }
2026-01-16T16:14:49.4648200Z         }
2026-01-16T16:14:49.4648359Z       }
2026-01-16T16:14:49.4648508Z     ],
2026-01-16T16:14:49.4648665Z     "rust" : [
2026-01-16T16:14:49.4648823Z       {
2026-01-16T16:14:49.4649085Z         "extractor_root" : "/opt/hostedtoolcache/CodeQL/2.23.9/x64/codeql/rust",
2026-01-16T16:14:49.4649423Z         "extractor_options" : {
2026-01-16T16:14:49.4649627Z           "trap" : {
2026-01-16T16:14:49.4649838Z             "title" : "Options pertaining to TRAP.",
2026-01-16T16:14:49.4650122Z             "description" : "Options pertaining to TRAP.",
2026-01-16T16:14:49.4650384Z             "type" : "object",
2026-01-16T16:14:49.4650585Z             "properties" : {
2026-01-16T16:14:49.4650791Z               "compression" : {
2026-01-16T16:14:49.4651118Z                 "title" : "Controls compression for the TRAP files written by the extractor.",
2026-01-16T16:14:49.4652085Z                 "description" : "This option is only intended for use in debugging the extractor. Accepted values are 'gzip' (to write gzip-compressed TRAP) 'zstd' (to write Zstandard-compressed TRAP) and 'none' (the default, to write uncompressed TRAP).\n",
2026-01-16T16:14:49.4653100Z                 "type" : "string",
2026-01-16T16:14:49.4653336Z                 "pattern" : "^(none|gzip|zstd)$"
2026-01-16T16:14:49.4653574Z               }
2026-01-16T16:14:49.4653731Z             }
2026-01-16T16:14:49.4653897Z           },
2026-01-16T16:14:49.4654062Z           "cargo_target_dir" : {
2026-01-16T16:14:49.4654330Z             "title" : "Directory to use for cargo output files.",
2026-01-16T16:14:49.4655327Z             "description" : "This value is an optional path to use as `CARGO_TARGET_DIR` for the internal cargo commands the extractor uses. Pointing it to a persistent directory may reduce execution time of consecutive extractor runs. By default, a new scratch directory is used for each run.\n",
2026-01-16T16:14:49.4656262Z             "type" : "string"
2026-01-16T16:14:49.4656461Z           },
2026-01-16T16:14:49.4656622Z           "cargo_target" : {
2026-01-16T16:14:49.4656840Z             "title" : "Target architecture",
2026-01-16T16:14:49.4657440Z             "description" : "Target architecture to use for analysis, analogous to `cargo --target`. By default the host architecture is used.\n",
2026-01-16T16:14:49.4657954Z             "type" : "string"
2026-01-16T16:14:49.4658150Z           },
2026-01-16T16:14:49.4658312Z           "cargo_features" : {
2026-01-16T16:14:49.4658540Z             "title" : "Cargo features to turn on",
2026-01-16T16:14:49.4659483Z             "description" : "Comma-separated list of features to turn on. By default all features are enabled. If any features are specified, then only those features are enabled. The `default` feature must be explicitly specified if only default features are desired. Can be repeated.\n",
2026-01-16T16:14:49.4660414Z             "type" : "array"
2026-01-16T16:14:49.4660612Z           },
2026-01-16T16:14:49.4660788Z           "cargo_cfg_overrides" : {
2026-01-16T16:14:49.4661029Z             "title" : "Cargo cfg overrides",
2026-01-16T16:14:49.4661491Z             "description" : "Comma-separated list of cfg settings to enable, or disable if prefixed with `-`. Can be repeated.\n",
2026-01-16T16:14:49.4661960Z             "type" : "array"
2026-01-16T16:14:49.4662144Z           },
2026-01-16T16:14:49.4662310Z           "logging" : {
2026-01-16T16:14:49.4662691Z             "title" : "Options pertaining to logging.",
2026-01-16T16:14:49.4663183Z             "description" : "Options pertaining to logging.",
2026-01-16T16:14:49.4663643Z             "type" : "object",
2026-01-16T16:14:49.4663949Z             "properties" : {
2026-01-16T16:14:49.4664251Z               "verbosity" : {
2026-01-16T16:14:49.4664514Z                 "title" : "Extractor logging verbosity level.",
2026-01-16T16:14:49.4665552Z                 "description" : "Controls the level of verbosity of the extractor. The supported levels are (in order of increasing verbosity):\n  - off\n  - errors\n  - warnings\n  - info or progress\n  - debug or progress+\n  - trace or progress++\n  - progress+++\n",
2026-01-16T16:14:49.4666393Z                 "type" : "string",
2026-01-16T16:14:49.4666841Z                 "pattern" : "^(off|errors|warnings|(info|progress)|(debug|progress\\+)|(trace|progress\\+\\+)|progress\\+\\+\\+)$"
2026-01-16T16:14:49.4667287Z               },
2026-01-16T16:14:49.4667463Z               "flamegraph" : {
2026-01-16T16:14:49.4667746Z                 "title" : "[Experimental] File path for write flame graph log",
2026-01-16T16:14:49.4668547Z                 "description" : "Collect flame graph data using the `tracing-flame` crate. To render a flame graph or chart, run the `inferno-flamegraph` command. See also: https://crates.io/crates/tracing-flame\n",
2026-01-16T16:14:49.4669265Z                 "type" : "string"
2026-01-16T16:14:49.4669473Z               }
2026-01-16T16:14:49.4669637Z             }
2026-01-16T16:14:49.4669793Z           },
2026-01-16T16:14:49.4669975Z           "extract_dependencies_as_source" : {
2026-01-16T16:14:49.4670254Z             "title" : "Extract dependencies as source code",
2026-01-16T16:14:49.4670709Z             "description" : "Extract the full source code of dependencies instead of only extracting signatures.\n",
2026-01-16T16:14:49.4671134Z             "type" : "string",
2026-01-16T16:14:49.4671340Z             "pattern" : "^(false|true)$"
2026-01-16T16:14:49.4671591Z           }
2026-01-16T16:14:49.4671741Z         }
2026-01-16T16:14:49.4671891Z       }
2026-01-16T16:14:49.4672036Z     ],
2026-01-16T16:14:49.4672191Z     "csv" : [
2026-01-16T16:14:49.4672345Z       {
2026-01-16T16:14:49.4672720Z         "extractor_root" : "/opt/hostedtoolcache/CodeQL/2.23.9/x64/codeql/csv"
2026-01-16T16:14:49.4673036Z       }
2026-01-16T16:14:49.4673179Z     ],
2026-01-16T16:14:49.4673333Z     "cpp" : [
2026-01-16T16:14:49.4673485Z       {
2026-01-16T16:14:49.4673732Z         "extractor_root" : "/opt/hostedtoolcache/CodeQL/2.23.9/x64/codeql/cpp",
2026-01-16T16:14:49.4674055Z         "extractor_options" : {
2026-01-16T16:14:49.4674270Z           "trap" : {
2026-01-16T16:14:49.4674458Z             "title" : "TRAP options",
2026-01-16T16:14:49.4674854Z             "description" : "Options about how the extractor handles TRAP files",
2026-01-16T16:14:49.4675182Z             "type" : "object",
2026-01-16T16:14:49.4675385Z             "visibility" : 3,
2026-01-16T16:14:49.4675597Z             "properties" : {
2026-01-16T16:14:49.4675791Z               "cache" : {
2026-01-16T16:14:49.4676013Z                 "title" : "TRAP cache options",
2026-01-16T16:14:49.4676438Z                 "description" : "Options about how the extractor handles its TRAP cache",
2026-01-16T16:14:49.4676775Z                 "type" : "object",
2026-01-16T16:14:49.4677046Z                 "properties" : {
2026-01-16T16:14:49.4677341Z                   "dir" : {
2026-01-16T16:14:49.4677651Z                     "title" : "TRAP cache directory",
2026-01-16T16:14:49.4678096Z                     "description" : "The directory of the TRAP cache to use",
2026-01-16T16:14:49.4678480Z                     "type" : "string"
2026-01-16T16:14:49.4678698Z                   },
2026-01-16T16:14:49.4678874Z                   "bound" : {
2026-01-16T16:14:49.4679103Z                     "title" : "TRAP cache bound",
2026-01-16T16:14:49.4679428Z                     "description" : "A soft limit (in MB) on the size of the TRAP cache",
2026-01-16T16:14:49.4679758Z                     "type" : "string",
2026-01-16T16:14:49.4679997Z                     "pattern" : "[0-9]+"
2026-01-16T16:14:49.4680209Z                   },
2026-01-16T16:14:49.4680395Z                   "write" : {
2026-01-16T16:14:49.4680616Z                     "title" : "TRAP cache writeable",
2026-01-16T16:14:49.4680980Z                     "description" : "Whether to write to the TRAP cache as well as reading it",
2026-01-16T16:14:49.4681433Z                     "type" : "string",
2026-01-16T16:14:49.4681695Z                     "pattern" : "(true|TRUE|false|FALSE)"
2026-01-16T16:14:49.4681938Z                   }
2026-01-16T16:14:49.4682114Z                 }
2026-01-16T16:14:49.4682282Z               }
2026-01-16T16:14:49.4682442Z             }
2026-01-16T16:14:49.4682748Z           },
2026-01-16T16:14:49.4682921Z           "scale_timeouts" : {
2026-01-16T16:14:49.4683209Z             "title" : "Value to scale compiler introspection timeouts with",
2026-01-16T16:14:49.4684508Z             "description" : "The extractor attempts to determine what compiler the source code being extracted is compiled with. To this end the extractor makes additional calls to the compiler, some of which are expected to return within a certain fixed time (either 10s or 15s). On some systems that are under high load this time might be too short, and can be scaled up using this option.\n",
2026-01-16T16:14:49.4685724Z             "type" : "string",
2026-01-16T16:14:49.4685936Z             "pattern" : "[0-9]+"
2026-01-16T16:14:49.4686131Z           },
2026-01-16T16:14:49.4686299Z           "log_verbosity" : {
2026-01-16T16:14:49.4686537Z             "title" : "Verbosity of the extractor logging",
2026-01-16T16:14:49.4687086Z             "description" : "Set the verbosity of the extractor logging to 'quiet' (0), 'normal' (1), 'chatty' (2), or 'noisy' (3). The default is 'normal'.\n",
2026-01-16T16:14:49.4687588Z             "type" : "string",
2026-01-16T16:14:49.4687793Z             "pattern" : "[0-3]"
2026-01-16T16:14:49.4687990Z           },
2026-01-16T16:14:49.4688155Z           "frontend_options" : {
2026-01-16T16:14:49.4688405Z             "title" : "C/C++ extractor frontend options",
2026-01-16T16:14:49.4688830Z             "description" : "Set additional options that should be passed to the C/C++ extractor frontend.\n",
2026-01-16T16:14:49.4689246Z             "type" : "array",
2026-01-16T16:14:49.4689441Z             "visibility" : 3
2026-01-16T16:14:49.4689633Z           }
2026-01-16T16:14:49.4689784Z         }
2026-01-16T16:14:49.4689938Z       }
2026-01-16T16:14:49.4690079Z     ],
2026-01-16T16:14:49.4690229Z     "java" : [
2026-01-16T16:14:49.4690386Z       {
2026-01-16T16:14:49.4690640Z         "extractor_root" : "/opt/hostedtoolcache/CodeQL/2.23.9/x64/codeql/java",
2026-01-16T16:14:49.4690965Z         "extractor_options" : {
2026-01-16T16:14:49.4691921Z           "exclude" : {
2026-01-16T16:14:49.4692177Z             "title" : "A glob excluding files from analysis.",
2026-01-16T16:14:49.4692941Z             "description" : "A glob indicating what files to exclude from the analysis. This accepts glob patterns that are supported by Java's 'getPathMatcher' implementation.\n",
2026-01-16T16:14:49.4693557Z             "type" : "string"
2026-01-16T16:14:49.4693747Z           },
2026-01-16T16:14:49.4693926Z           "add_prefer_source" : {
2026-01-16T16:14:49.4694233Z             "title" : "Whether to always prefer source files over class files.",
2026-01-16T16:14:49.4695268Z             "description" : "A value indicating whether source files should be preferred over class files. If set to 'true', the extraction adds '-Xprefer:source' to the javac command line. If set to 'false', the extraction uses the default javac behavior ('-Xprefer:newer'). The default is 'true'.\n",
2026-01-16T16:14:49.4696214Z             "type" : "string",
2026-01-16T16:14:49.4696427Z             "pattern" : "^(false|true)$"
2026-01-16T16:14:49.4696652Z           },
2026-01-16T16:14:49.4696811Z           "buildless" : {
2026-01-16T16:14:49.4697114Z             "title" : "Whether to use buildless (standalone) extraction (experimental).",
2026-01-16T16:14:49.4698623Z             "description" : "A value indicating, which type of extraction the autobuilder should perform. If 'true', then the standalone extractor will be used, otherwise tracing extraction will be performed. The default is 'false'. Note that buildless extraction will generally yield less accurate analysis results, and should only be used in cases where it is not possible to build the code (for example if it uses inaccessible dependencies).\n",
2026-01-16T16:14:49.4700064Z             "type" : "string",
2026-01-16T16:14:49.4700280Z             "pattern" : "^(false|true)$"
2026-01-16T16:14:49.4700497Z           },
2026-01-16T16:14:49.4700669Z           "buildless_dependency_dir" : {
2026-01-16T16:14:49.4701048Z             "title" : "The path where buildless (standalone) extraction should keep dependencies.",
2026-01-16T16:14:49.4701624Z             "description" : "If set, the buildless (standalone) extractor will store dependencies in this directory.\n",
2026-01-16T16:14:49.4702066Z             "type" : "string"
2026-01-16T16:14:49.4702259Z           },
2026-01-16T16:14:49.4702443Z           "minimize_dependency_jars" : {
2026-01-16T16:14:49.4702912Z             "title" : "Whether to rewrite and minimize downloaded JAR dependencies (experimental).",
2026-01-16T16:14:49.4703659Z             "description" : "If 'true', JAR dependencies downloaded during extraction will be rewritten to remove unneeded data, such as method bodies. The default is 'false'.\n",
2026-01-16T16:14:49.4704256Z             "type" : "string",
2026-01-16T16:14:49.4704465Z             "pattern" : "^(false|true)$"
2026-01-16T16:14:49.4704681Z           }
2026-01-16T16:14:49.4704831Z         }
2026-01-16T16:14:49.4704984Z       }
2026-01-16T16:14:49.4705132Z     ],
2026-01-16T16:14:49.4705286Z     "html" : [
2026-01-16T16:14:49.4705442Z       {
2026-01-16T16:14:49.4705695Z         "extractor_root" : "/opt/hostedtoolcache/CodeQL/2.23.9/x64/codeql/html"
2026-01-16T16:14:49.4706005Z       }
2026-01-16T16:14:49.4706145Z     ],
2026-01-16T16:14:49.4706294Z     "yaml" : [
2026-01-16T16:14:49.4706446Z       {
2026-01-16T16:14:49.4706736Z         "extractor_root" : "/opt/hostedtoolcache/CodeQL/2.23.9/x64/codeql/yaml"
2026-01-16T16:14:49.4707041Z       }
2026-01-16T16:14:49.4707195Z     ],
2026-01-16T16:14:49.4707340Z     "swift" : [
2026-01-16T16:14:49.4707504Z       {
2026-01-16T16:14:49.4707741Z         "extractor_root" : "/opt/hostedtoolcache/CodeQL/2.23.9/x64/codeql/swift"
2026-01-16T16:14:49.4708049Z       }
2026-01-16T16:14:49.4708197Z     ],
2026-01-16T16:14:49.4708346Z     "properties" : [
2026-01-16T16:14:49.4708526Z       {
2026-01-16T16:14:49.4708785Z         "extractor_root" : "/opt/hostedtoolcache/CodeQL/2.23.9/x64/codeql/properties"
2026-01-16T16:14:49.4709200Z       }
2026-01-16T16:14:49.4709347Z     ],
2026-01-16T16:14:49.4709501Z     "ruby" : [
2026-01-16T16:14:49.4709659Z       {
2026-01-16T16:14:49.4709905Z         "extractor_root" : "/opt/hostedtoolcache/CodeQL/2.23.9/x64/codeql/ruby",
2026-01-16T16:14:49.4710223Z         "extractor_options" : {
2026-01-16T16:14:49.4710436Z           "trap" : {
2026-01-16T16:14:49.4710641Z             "title" : "Options pertaining to TRAP.",
2026-01-16T16:14:49.4710937Z             "description" : "Options pertaining to TRAP.",
2026-01-16T16:14:49.4711207Z             "type" : "object",
2026-01-16T16:14:49.4779942Z             "properties" : {
2026-01-16T16:14:49.4780364Z               "compression" : {
2026-01-16T16:14:49.4780861Z                 "title" : "Controls compression for the TRAP files written by the extractor.",
2026-01-16T16:14:49.4782495Z                 "description" : "This option is only intended for use in debugging the extractor. Accepted values are 'gzip' (the default, to write gzip-compressed TRAP) 'zstd' (to write Zstandard-compressed TRAP) and 'none' (to write uncompressed TRAP).\n",
2026-01-16T16:14:49.4784108Z                 "type" : "string",
2026-01-16T16:14:49.4784496Z                 "pattern" : "^(none|gzip|zstd)$"
2026-01-16T16:14:49.4784897Z               }
2026-01-16T16:14:49.4785113Z             }
2026-01-16T16:14:49.4785320Z           }
2026-01-16T16:14:49.4785521Z         }
2026-01-16T16:14:49.4785720Z       }
2026-01-16T16:14:49.4785920Z     ],
2026-01-16T16:14:49.4786124Z     "go" : [
2026-01-16T16:14:49.4786586Z       {
2026-01-16T16:14:49.4786970Z         "extractor_root" : "/opt/hostedtoolcache/CodeQL/2.23.9/x64/codeql/go",
2026-01-16T16:14:49.4787424Z         "extractor_options" : {
2026-01-16T16:14:49.4787733Z           "extract_tests" : {
2026-01-16T16:14:49.4788162Z             "title" : "Whether to include Go test files in the CodeQL database.",
2026-01-16T16:14:49.4789079Z             "description" : "A value indicating whether Go test files should be included in the CodeQL database. The default is 'false'.\n",
2026-01-16T16:14:49.4789880Z             "type" : "string",
2026-01-16T16:14:49.4790202Z             "pattern" : "^(false|true)$"
2026-01-16T16:14:49.4790558Z           },
2026-01-16T16:14:49.4790837Z           "extract_vendor_dirs" : {
2026-01-16T16:14:49.4791433Z             "title" : "Whether to include Go vendor directories in the CodeQL database.",
2026-01-16T16:14:49.4792521Z             "description" : "A value indicating whether Go vendor directories should be included in the CodeQL database. The default is 'false'.\n",
2026-01-16T16:14:49.4794292Z             "type" : "string",
2026-01-16T16:14:49.4794644Z             "pattern" : "^(false|true)$"
2026-01-16T16:14:49.4795012Z           }
2026-01-16T16:14:49.4795279Z         }
2026-01-16T16:14:49.4795524Z       }
2026-01-16T16:14:49.4795793Z     ],
2026-01-16T16:14:49.4796071Z     "csharp" : [
2026-01-16T16:14:49.4796382Z       {
2026-01-16T16:14:49.4796838Z         "extractor_root" : "/opt/hostedtoolcache/CodeQL/2.23.9/x64/codeql/csharp",
2026-01-16T16:14:49.4797444Z         "extractor_options" : {
2026-01-16T16:14:49.4797824Z           "trap" : {
2026-01-16T16:14:49.4798151Z             "title" : "Options pertaining to TRAP.",
2026-01-16T16:14:49.4798694Z             "description" : "Options pertaining to TRAP.",
2026-01-16T16:14:49.4799140Z             "type" : "object",
2026-01-16T16:14:49.4799485Z             "properties" : {
2026-01-16T16:14:49.4799825Z               "compression" : {
2026-01-16T16:14:49.4800352Z                 "title" : "Controls compression for the TRAP files written by the extractor.",
2026-01-16T16:14:49.4801784Z                 "description" : "This option is only intended for use in debugging the extractor. Accepted values are 'brotli' (the default, to write brotli-compressed TRAP), 'gzip', and 'none' (to write uncompressed TRAP).\n",
2026-01-16T16:14:49.4803604Z                 "type" : "string",
2026-01-16T16:14:49.4804044Z                 "pattern" : "^(none|gzip|brotli)$"
2026-01-16T16:14:49.4804685Z               }
2026-01-16T16:14:49.4804965Z             }
2026-01-16T16:14:49.4805216Z           },
2026-01-16T16:14:49.4805449Z           "buildless" : {
2026-01-16T16:14:49.4805944Z             "title" : "DEPRECATED - Whether to use buildless (standalone) extraction.",
2026-01-16T16:14:49.4808230Z             "description" : "DEPRECATED: Use `--build-mode none` instead.\nA value indicating, which type of extraction the autobuilder should perform. If 'true', then the standalone extractor will be used, otherwise tracing extraction will be performed. The default is 'false'. Note that buildless extraction will generally yield less accurate analysis results, and should only be used in cases where it is not possible to build the code (for example if it uses inaccessible dependencies).\n",
2026-01-16T16:14:49.4809766Z             "type" : "string",
2026-01-16T16:14:49.4809983Z             "pattern" : "^(false|true)$"
2026-01-16T16:14:49.4810209Z           },
2026-01-16T16:14:49.4810373Z           "logging" : {
2026-01-16T16:14:49.4810607Z             "title" : "Options pertaining to logging.",
2026-01-16T16:14:49.4810924Z             "description" : "Options pertaining to logging.",
2026-01-16T16:14:49.4811191Z             "type" : "object",
2026-01-16T16:14:49.4811409Z             "properties" : {
2026-01-16T16:14:49.4811619Z               "verbosity" : {
2026-01-16T16:14:49.4811872Z                 "title" : "Extractor logging verbosity level.",
2026-01-16T16:14:49.4812963Z                 "description" : "Controls the level of verbosity of the extractor. The supported levels are (in order of increasing verbosity):\n  - off\n  - errors\n  - warnings\n  - info or progress\n  - debug or progress+\n  - trace or progress++\n  - progress+++\n",
2026-01-16T16:14:49.4814394Z                 "type" : "string",
2026-01-16T16:14:49.4814993Z                 "pattern" : "^(off|errors|warnings|(info|progress)|(debug|progress\\+)|(trace|progress\\+\\+)|progress\\+\\+\\+)$"
2026-01-16T16:14:49.4815707Z               }
2026-01-16T16:14:49.4815879Z             }
2026-01-16T16:14:49.4816036Z           },
2026-01-16T16:14:49.4816205Z           "binlog" : {
2026-01-16T16:14:49.4816389Z             "title" : "Binlog",
2026-01-16T16:14:49.4817255Z             "description" : "[EXPERIMENTAL] The value is a path to the MsBuild binary log file that should be extracted. This option only works when `--build-mode none` is also specified.\n",
2026-01-16T16:14:49.4818093Z             "type" : "array"
2026-01-16T16:14:49.4818279Z           },
2026-01-16T16:14:49.4818469Z           "buildless_dependency_dir" : {
2026-01-16T16:14:49.4818843Z             "title" : "The path where buildless (standalone) extraction should keep dependencies.",
2026-01-16T16:14:49.4819423Z             "description" : "If set, the buildless (standalone) extractor will store dependencies in this directory.\n",
2026-01-16T16:14:49.4819849Z             "type" : "string"
2026-01-16T16:14:49.4820050Z           }
2026-01-16T16:14:49.4820197Z         }
2026-01-16T16:14:49.4820356Z       }
2026-01-16T16:14:49.4820510Z     ],
2026-01-16T16:14:49.4820667Z     "actions" : [
2026-01-16T16:14:49.4820839Z       {
2026-01-16T16:14:49.4821103Z         "extractor_root" : "/opt/hostedtoolcache/CodeQL/2.23.9/x64/codeql/actions",
2026-01-16T16:14:49.4821448Z         "extractor_options" : {
2026-01-16T16:14:49.4821649Z           "trap" : {
2026-01-16T16:14:49.4821848Z             "title" : "TRAP options",
2026-01-16T16:14:49.4822167Z             "description" : "Options about how the extractor handles TRAP files",
2026-01-16T16:14:49.4822498Z             "type" : "object",
2026-01-16T16:14:49.4822877Z             "visibility" : 3,
2026-01-16T16:14:49.4823088Z             "properties" : {
2026-01-16T16:14:49.4823299Z               "cache" : {
2026-01-16T16:14:49.4823511Z                 "title" : "TRAP cache options",
2026-01-16T16:14:49.4823892Z                 "description" : "Options about how the extractor handles its TRAP cache",
2026-01-16T16:14:49.4824349Z                 "type" : "object",
2026-01-16T16:14:49.4824584Z                 "properties" : {
2026-01-16T16:14:49.4824792Z                   "dir" : {
2026-01-16T16:14:49.4825023Z                     "title" : "TRAP cache directory",
2026-01-16T16:14:49.4825346Z                     "description" : "The directory of the TRAP cache to use",
2026-01-16T16:14:49.4825856Z                     "type" : "string"
2026-01-16T16:14:49.4826139Z                   },
2026-01-16T16:14:49.4826316Z                   "bound" : {
2026-01-16T16:14:49.4826546Z                     "title" : "TRAP cache bound",
2026-01-16T16:14:49.4826869Z                     "description" : "A soft limit (in MB) on the size of the TRAP cache",
2026-01-16T16:14:49.4827204Z                     "type" : "string",
2026-01-16T16:14:49.4827426Z                     "pattern" : "[0-9]+"
2026-01-16T16:14:49.4827641Z                   },
2026-01-16T16:14:49.4827816Z                   "write" : {
2026-01-16T16:14:49.4828046Z                     "title" : "TRAP cache writeable",
2026-01-16T16:14:49.4828406Z                     "description" : "Whether to write to the TRAP cache as well as reading it",
2026-01-16T16:14:49.4828757Z                     "type" : "string",
2026-01-16T16:14:49.4829008Z                     "pattern" : "(true|TRUE|false|FALSE)"
2026-01-16T16:14:49.4829244Z                   }
2026-01-16T16:14:49.4829417Z                 }
2026-01-16T16:14:49.4829585Z               }
2026-01-16T16:14:49.4829753Z             }
2026-01-16T16:14:49.4829904Z           }
2026-01-16T16:14:49.4830165Z         }
2026-01-16T16:14:49.4830313Z       }
2026-01-16T16:14:49.4830468Z     ]
2026-01-16T16:14:49.4830610Z   }
2026-01-16T16:14:49.4830772Z }
2026-01-16T16:14:49.4831038Z python does not support TRAP caching (missing option group)
2026-01-16T16:14:49.4831346Z Found 0 languages that support TRAP caching
2026-01-16T16:14:49.4832068Z Using Git version 2.52.0
2026-01-16T16:14:49.4832809Z Using overlay database mode: none without caching.
2026-01-16T16:14:49.4833455Z Not performing diff-informed analysis because we are not analyzing a pull request.
2026-01-16T16:14:49.4833962Z ##[endgroup]
2026-01-16T16:14:49.4834915Z While resolving threads, found a cgroup CPUs file with 4 CPUs in /sys/fs/cgroup/cpuset.cpus.effective.
2026-01-16T16:14:49.4835846Z Skipping download of dependency cache for python as we have no caching configuration for it.
2026-01-16T16:14:49.4836745Z Writing augmented user configuration file to /home/runner/work/_temp/user-config.yaml
2026-01-16T16:14:49.4837621Z ##[group]Augmented user configuration file contents
2026-01-16T16:14:49.4838095Z default-setup:
2026-01-16T16:14:49.4838364Z   org:
2026-01-16T16:14:49.4838628Z     model-packs: []
2026-01-16T16:14:49.4838930Z threat-models: []
2026-01-16T16:14:49.4839136Z 
2026-01-16T16:14:49.4839461Z ##[endgroup]
2026-01-16T16:14:49.4841162Z [command]/opt/hostedtoolcache/CodeQL/2.23.9/x64/codeql/codeql database init --force-overwrite --db-cluster /home/runner/work/_temp/codeql_databases --source-root=/home/runner/work/scratchattach/scratchattach --calculate-language-specific-baseline --extractor-include-aliases --sublanguage-file-coverage --language=python --codescanning-config=/home/runner/work/_temp/user-config.yaml --build-mode=none
2026-01-16T16:14:50.6874374Z Package install location: /home/runner/.codeql/packages
2026-01-16T16:14:50.6874898Z Nothing downloaded.
2026-01-16T16:14:51.3258478Z Calculating baseline information in /home/runner/work/scratchattach/scratchattach
2026-01-16T16:14:51.6323342Z Running command in /home/runner/work/scratchattach/scratchattach: [/opt/hostedtoolcache/CodeQL/2.23.9/x64/codeql/actions/tools/configure-baseline.sh]
2026-01-16T16:14:51.6450477Z Calculated baseline information for languages: actions, python (319ms).
2026-01-16T16:14:54.7625740Z Resolving extractor python.
2026-01-16T16:14:54.7674951Z Successfully loaded extractor Python (python) from /opt/hostedtoolcache/CodeQL/2.23.9/x64/codeql/python.
2026-01-16T16:14:54.7965762Z Created skeleton CodeQL database at /home/runner/work/_temp/codeql_databases/python. This in-progress database is ready to be populated by an extractor.
2026-01-16T16:14:55.2027034Z ##[group]Run github/codeql-action/start-proxy@v4
2026-01-16T16:14:55.2027311Z with:
2026-01-16T16:14:55.2027479Z   language: python
2026-01-16T16:14:55.2027674Z   registry_secrets: []
2026-01-16T16:14:55.2027973Z   token: ***
2026-01-16T16:14:55.2028382Z   matrix: {
  "language": "python",
  "category": "/language:python",
  "build-mode": "none",
  "runner": "[\"ubuntu-latest\"]"
}
2026-01-16T16:14:55.2028843Z env:
2026-01-16T16:14:55.2029013Z   CODE_SCANNING_REF: refs/heads/main
2026-01-16T16:14:55.2029258Z   CODE_SCANNING_BASE_BRANCH: 
2026-01-16T16:14:55.2029499Z   CODE_SCANNING_IS_ANALYZING_DEFAULT_BRANCH: true
2026-01-16T16:14:55.2029796Z   CODE_SCANNING_IS_STEADY_STATE_DEFAULT_SETUP: true
2026-01-16T16:14:55.2035145Z   CODE_SCANNING_WORKFLOW_FILE: H4sIAAAAAAAA/6RV32/bNhB+919x8AakfZDzsicBBaY4cuLNsFNJQZcVBUFTJ5mLTKr8kVTt8r8PFKVYWuM5Q/1kHj9+vLvv40nQPYYwncsc36+mE2VF4EM/f/sGJTc7u53hAwoz46K2Rs+YzJFoRoXgoiTKCuLw8PQ0kSKEvBF0z9lkguIhnADMN5cxSefRer1cX5EkXryaGAvH+W+GiyiNyUUSrefXr2XaUo1kq6hgu5cYlymJ1tHq7k+3uIwX0e0q+583cE2ooFXz1S1yLKitzH/fmGZxdHlH0izK4udL0zi7vQnBKIvfnfmwSX5frDYfyGK5il+b16NU90UlH0nBq1ahyV9yq50sPl10fwG83pEPwRvHvadG8S+ziorS0tKdfdtClRU6cDo7UKHk/rd0s37ToZUVAtVbXzJAjWrPteZSaH8PAGWmXYJCmncxJoVBYcbBmrJ7WuI4qJFZxU0TtCXrEB4VNzjpSbiwGEgRoFJShVDQSvtNbRQ1WDZ9FgXlVVBQbYYg6GruQQBcsMrmeAgABNB3JOxrGewCMHePVE0I58/Al3Bby6s82MscQxBS4GjTtzGEs49Tu7XC2KCiBrWZfjo7kkrdmJ0UJzN5AfZDiWiDdSdt0JlovkN2L60BhbXU3EjVdJRWOzW7ZpyzDvfrwy+TEcFScMNpxb8i+JE0Ou4tf+5c/rkKPNk5F7zl8cBHbnYHyVqfa66Dey5yHYI7GfTv4xnVd0h7X39v/slL/RpAD+EhOMcaRY6CNQGjbMdF6Q/5vs5QPHAlxR6FgXfv4MwXF+ykNpifDYk+W1TcZTedwk9w6QdMG21A2/4NdO+g4GUIfw+E7AZSoNHYOhwpLFU5DgC4IqrAvT8dwsdXDhovCGlPwdMTfBqQmp1CatrmVC1lt9srnrq0oFbySwOFVKCw5Nq4ejsSnod++7QVtKHKBC34mCMO9IQpzFE4u3XCa2QKjZ5dLbPr2wuSxFfLNEuWcUpuks0fd0NJDo/viGPGtr5BVUi17zztZ63m+nRF3aA+VNN9V/3PfSPer3x25HqTZl0d7mHO2jbMpDWtYO2KOHMNyxgR3GySkwS1VMcJ5hGZx0m2XCznURafomKUMFSGF9wNq6Okt8kqPUVlVaUPBGPBD5NwoFQfdIf+CQAA//+2RVGDAgkAAA==
2026-01-16T16:14:55.2040561Z   CODEQL_ACTION_FEATURE_MULTI_LANGUAGE: false
2026-01-16T16:14:55.2040829Z   CODEQL_ACTION_FEATURE_SANDWICH: false
2026-01-16T16:14:55.2041074Z   CODEQL_ACTION_FEATURE_SARIF_COMBINE: true
2026-01-16T16:14:55.2041335Z   CODEQL_ACTION_FEATURE_WILL_UPLOAD: true
2026-01-16T16:14:55.2041576Z   CODEQL_ACTION_VERSION: 4.31.10
2026-01-16T16:14:55.2041826Z   JOB_RUN_UUID: 5b7c1907-1259-40ea-b9cf-e0eb90a7fb2f
2026-01-16T16:14:55.2042083Z   CODEQL_ACTION_INIT_HAS_RUN: true
2026-01-16T16:14:55.2042402Z   CODEQL_ACTION_ANALYSIS_KEY: dynamic/github-code-scanning/codeql:analyze
2026-01-16T16:14:55.2042930Z   CODEQL_WORKFLOW_STARTED_AT: 2026-01-16T16:14:40.973Z
2026-01-16T16:14:55.2043182Z   CODEQL_RAM: 14580
2026-01-16T16:14:55.2043365Z   CODEQL_THREADS: 4
2026-01-16T16:14:55.2043538Z ##[endgroup]
2026-01-16T16:14:55.3686595Z Using registry_secrets input.
2026-01-16T16:14:55.3687815Z No credentials found, skipping proxy setup.
2026-01-16T16:14:55.3813710Z ##[group]Run github/codeql-action/analyze@v4
2026-01-16T16:14:55.3813987Z with:
2026-01-16T16:14:55.3814174Z   category: /language:python
2026-01-16T16:14:55.3814394Z   output: ../results
2026-01-16T16:14:55.3814571Z   upload: always
2026-01-16T16:14:55.3814768Z   skip-queries: false
2026-01-16T16:14:55.3815036Z   checkout_path: /home/runner/work/scratchattach/scratchattach
2026-01-16T16:14:55.3815329Z   upload-database: true
2026-01-16T16:14:55.3815536Z   wait-for-processing: true
2026-01-16T16:14:55.3815897Z   token: ***
2026-01-16T16:14:55.3816312Z   matrix: {
  "language": "python",
  "category": "/language:python",
  "build-mode": "none",
  "runner": "[\"ubuntu-latest\"]"
}
2026-01-16T16:14:55.3816761Z   expect-error: false
2026-01-16T16:14:55.3816948Z env:
2026-01-16T16:14:55.3817121Z   CODE_SCANNING_REF: refs/heads/main
2026-01-16T16:14:55.3817352Z   CODE_SCANNING_BASE_BRANCH: 
2026-01-16T16:14:55.3817599Z   CODE_SCANNING_IS_ANALYZING_DEFAULT_BRANCH: true
2026-01-16T16:14:55.3817929Z   CODE_SCANNING_IS_STEADY_STATE_DEFAULT_SETUP: true
2026-01-16T16:14:55.3823123Z   CODE_SCANNING_WORKFLOW_FILE: H4sIAAAAAAAA/6RV32/bNhB+919x8AakfZDzsicBBaY4cuLNsFNJQZcVBUFTJ5mLTKr8kVTt8r8PFKVYWuM5Q/1kHj9+vLvv40nQPYYwncsc36+mE2VF4EM/f/sGJTc7u53hAwoz46K2Rs+YzJFoRoXgoiTKCuLw8PQ0kSKEvBF0z9lkguIhnADMN5cxSefRer1cX5EkXryaGAvH+W+GiyiNyUUSrefXr2XaUo1kq6hgu5cYlymJ1tHq7k+3uIwX0e0q+583cE2ooFXz1S1yLKitzH/fmGZxdHlH0izK4udL0zi7vQnBKIvfnfmwSX5frDYfyGK5il+b16NU90UlH0nBq1ahyV9yq50sPl10fwG83pEPwRvHvadG8S+ziorS0tKdfdtClRU6cDo7UKHk/rd0s37ToZUVAtVbXzJAjWrPteZSaH8PAGWmXYJCmncxJoVBYcbBmrJ7WuI4qJFZxU0TtCXrEB4VNzjpSbiwGEgRoFJShVDQSvtNbRQ1WDZ9FgXlVVBQbYYg6GruQQBcsMrmeAgABNB3JOxrGewCMHePVE0I58/Al3Bby6s82MscQxBS4GjTtzGEs49Tu7XC2KCiBrWZfjo7kkrdmJ0UJzN5AfZDiWiDdSdt0JlovkN2L60BhbXU3EjVdJRWOzW7ZpyzDvfrwy+TEcFScMNpxb8i+JE0Ou4tf+5c/rkKPNk5F7zl8cBHbnYHyVqfa66Dey5yHYI7GfTv4xnVd0h7X39v/slL/RpAD+EhOMcaRY6CNQGjbMdF6Q/5vs5QPHAlxR6FgXfv4MwXF+ykNpifDYk+W1TcZTedwk9w6QdMG21A2/4NdO+g4GUIfw+E7AZSoNHYOhwpLFU5DgC4IqrAvT8dwsdXDhovCGlPwdMTfBqQmp1CatrmVC1lt9srnrq0oFbySwOFVKCw5Nq4ejsSnod++7QVtKHKBC34mCMO9IQpzFE4u3XCa2QKjZ5dLbPr2wuSxFfLNEuWcUpuks0fd0NJDo/viGPGtr5BVUi17zztZ63m+nRF3aA+VNN9V/3PfSPer3x25HqTZl0d7mHO2jbMpDWtYO2KOHMNyxgR3GySkwS1VMcJ5hGZx0m2XCznURafomKUMFSGF9wNq6Okt8kqPUVlVaUPBGPBD5NwoFQfdIf+CQAA//+2RVGDAgkAAA==
2026-01-16T16:14:55.3828401Z   CODEQL_ACTION_FEATURE_MULTI_LANGUAGE: false
2026-01-16T16:14:55.3828667Z   CODEQL_ACTION_FEATURE_SANDWICH: false
2026-01-16T16:14:55.3828922Z   CODEQL_ACTION_FEATURE_SARIF_COMBINE: true
2026-01-16T16:14:55.3829173Z   CODEQL_ACTION_FEATURE_WILL_UPLOAD: true
2026-01-16T16:14:55.3829551Z   CODEQL_ACTION_VERSION: 4.31.10
2026-01-16T16:14:55.3829814Z   JOB_RUN_UUID: 5b7c1907-1259-40ea-b9cf-e0eb90a7fb2f
2026-01-16T16:14:55.3830079Z   CODEQL_ACTION_INIT_HAS_RUN: true
2026-01-16T16:14:55.3830406Z   CODEQL_ACTION_ANALYSIS_KEY: dynamic/github-code-scanning/codeql:analyze
2026-01-16T16:14:55.3830765Z   CODEQL_WORKFLOW_STARTED_AT: 2026-01-16T16:14:40.973Z
2026-01-16T16:14:55.3831033Z   CODEQL_RAM: 14580
2026-01-16T16:14:55.3831209Z   CODEQL_THREADS: 4
2026-01-16T16:14:55.3831390Z   CODEQL_PROXY_HOST: 
2026-01-16T16:14:55.3831573Z   CODEQL_PROXY_PORT: 
2026-01-16T16:14:55.3831772Z   CODEQL_PROXY_CA_CERTIFICATE: 
2026-01-16T16:14:55.3831982Z   CODEQL_PROXY_URLS: 
2026-01-16T16:14:55.3832157Z ##[endgroup]
2026-01-16T16:14:56.5180528Z While resolving threads, found a cgroup CPUs file with 4 CPUs in /sys/fs/cgroup/cpuset.cpus.effective.
2026-01-16T16:14:56.5213185Z Not performing diff-informed analysis because we are not analyzing a pull request.
2026-01-16T16:14:56.5257756Z ##[group]Extracting python
2026-01-16T16:14:56.5261460Z [command]/opt/hostedtoolcache/CodeQL/2.23.9/x64/codeql/codeql database trace-command --use-build-mode --working-dir /home/runner/work/scratchattach/scratchattach /home/runner/work/_temp/codeql_databases/python
2026-01-16T16:14:57.3108219Z Running command in /home/runner/work/scratchattach/scratchattach: [/opt/hostedtoolcache/CodeQL/2.23.9/x64/codeql/python/tools/autobuild.sh]
2026-01-16T16:14:57.3929341Z [2026-01-16 16:14:57] [build-stderr] /bin/sh: 1: python2: not found
2026-01-16T16:14:57.4374440Z [2026-01-16 16:14:57] [build-stdout] Source root appears to be the real root.
2026-01-16T16:14:57.4382307Z [2026-01-16 16:14:57] [build-stdout] Will try to guess Python version, as it was not specified in `lgtm.yml`
2026-01-16T16:14:57.4383415Z [2026-01-16 16:14:57] [build-stdout] Trying to guess Python version based on Trove classifiers in setup.py
2026-01-16T16:14:57.4384494Z [2026-01-16 16:14:57] [build-stdout] Did not find setup.py (expected it to be at /home/runner/work/scratchattach/scratchattach/setup.py)
2026-01-16T16:14:57.4385488Z [2026-01-16 16:14:57] [build-stdout] Trying to guess Python version based on travis file
2026-01-16T16:14:57.4386985Z [2026-01-16 16:14:57] [build-stdout] Did not find any travis files (expected them at either ['/home/runner/work/scratchattach/scratchattach/.travis.yml', '/home/runner/work/scratchattach/scratchattach/travis.yml'])
2026-01-16T16:14:57.4395295Z [2026-01-16 16:14:57] [build-stdout] Trying to guess Python version based on installed versions
2026-01-16T16:14:57.4397268Z [2026-01-16 16:14:57] [build-stdout] Wanted to run Python 2, but it is not available. Using Python 3 instead
2026-01-16T16:14:57.4398777Z [2026-01-16 16:14:57] [build-stdout] This script is running Python 3, but Python 2 is also available (as 'python3')
2026-01-16T16:14:57.4399866Z [2026-01-16 16:14:57] [build-stdout] Could not guess Python version, will use default: Python 3
2026-01-16T16:14:57.4401906Z [2026-01-16 16:14:57] [build-stdout] Calling python3 -S /opt/hostedtoolcache/CodeQL/2.23.9/x64/codeql/python/tools/python_tracer.py --verbosity 3 -z all -c /home/runner/work/_temp/codeql_databases/python/working/trap_cache -R /home/runner/work/scratchattach/scratchattach
2026-01-16T16:14:57.7847236Z [2026-01-16 16:14:57] [build-stdout] INFO: The Python extractor has recently stopped extracting the standard library by default. If you encounter problems, please let us know by submitting an issue to https://github.com/github/codeql. It is possible to re-enable extraction of the standard library by setting the environment variable CODEQL_EXTRACTOR_PYTHON_EXTRACT_STDLIB.
2026-01-16T16:14:57.7860344Z [2026-01-16 16:14:57] [build-stdout] [INFO] Extraction will use the Python 3 standard library.
2026-01-16T16:14:57.7868070Z [2026-01-16 16:14:57] [build-stdout] [INFO] sys_path is: ['/opt/hostedtoolcache/CodeQL/2.23.9/x64/codeql/python/tools', '/usr/lib/python312.zip', '/usr/lib/python3.12', '/usr/lib/python3.12/lib-dynload']
2026-01-16T16:14:57.7872207Z [2026-01-16 16:14:57] [build-stdout] [INFO] Python version 3.12.3
2026-01-16T16:14:57.7873259Z [2026-01-16 16:14:57] [build-stdout] [INFO] Python extractor version 7.1.6
2026-01-16T16:14:57.8844122Z [2026-01-16 16:14:57] [build-stdout] [INFO] [2] Extracted file /home/runner/work/scratchattach/scratchattach/test2.py in 18ms
2026-01-16T16:14:57.9065413Z [2026-01-16 16:14:57] [build-stdout] [INFO] [3] Extracted file /home/runner/work/scratchattach/scratchattach/test1.py in 13ms
2026-01-16T16:14:57.9244950Z [2026-01-16 16:14:57] [build-stdout] [INFO] [1] Extracted file /home/runner/work/scratchattach/scratchattach/scratch_chat_db.py in 60ms
2026-01-16T16:14:57.9314600Z [2026-01-16 16:14:57] [build-stdout] [INFO] [3] Extracted file /home/runner/work/scratchattach/scratchattach/test3.py in 20ms
2026-01-16T16:14:57.9333613Z [2026-01-16 16:14:57] [build-stdout] [INFO] [3] Extracted file /home/runner/work/scratchattach/scratchattach/install.py in 5ms
2026-01-16T16:14:57.9376006Z [2026-01-16 16:14:57] [build-stdout] [INFO] [4] Extracted file /home/runner/work/scratchattach/scratchattach/scratch_chat_requests.py in 76ms
2026-01-16T16:14:57.9393659Z [2026-01-16 16:14:57] [build-stdout] [INFO] [4] Skipped built-in file /usr/lib/python3.12/warnings.py
2026-01-16T16:14:57.9400945Z [2026-01-16 16:14:57] [build-stdout] [INFO] [4] Skipped built-in file /usr/lib/python3.12/os.py
2026-01-16T16:14:57.9402418Z [2026-01-16 16:14:57] [build-stdout] [INFO] [4] Skipped built-in file /usr/lib/python3.12/json/__init__.py
2026-01-16T16:14:57.9403774Z [2026-01-16 16:14:57] [build-stdout] [INFO] [4] Extracted folder /usr/lib/python3.12/json in 2ms
2026-01-16T16:14:57.9410497Z [2026-01-16 16:14:57] [build-stdout] [INFO] [2] Extracted file /home/runner/work/scratchattach/scratchattach/message_viewer.py in 61ms
2026-01-16T16:14:57.9431755Z [2026-01-16 16:14:57] [build-stdout] [INFO] [4] Extracted module sys in 0ms
2026-01-16T16:14:57.9494494Z [2026-01-16 16:14:57] [build-stdout] [INFO] [2] Extracted folder /usr/lib/python3.12/logging in 1ms
2026-01-16T16:14:57.9508091Z [2026-01-16 16:14:57] [build-stdout] [INFO] [2] Skipped built-in file /usr/lib/python3.12/logging/__init__.py
2026-01-16T16:14:57.9515593Z [2026-01-16 16:14:57] [build-stdout] [INFO] [2] Extracted module time in 9ms
2026-01-16T16:14:57.9586189Z [2026-01-16 16:14:57] [build-stdout] [INFO] [3] Extracted file /home/runner/work/scratchattach/scratchattach/test4.py in 24ms
2026-01-16T16:14:57.9929793Z [2026-01-16 16:14:57] [build-stdout] [INFO] [1] Extracted file /home/runner/work/scratchattach/scratchattach/aesthetic_prioritizing.py in 72ms
2026-01-16T16:14:58.0291986Z [2026-01-16 16:14:58] [build-stdout] [INFO] Processed 17 modules in 0.24s
2026-01-16T16:14:58.0698932Z ##[endgroup]
2026-01-16T16:14:58.0702887Z ##[group]Finalizing python
2026-01-16T16:14:58.0704268Z [command]/opt/hostedtoolcache/CodeQL/2.23.9/x64/codeql/codeql database finalize --finalize-dataset --threads=4 --ram=14580 /home/runner/work/_temp/codeql_databases/python
2026-01-16T16:14:58.8127024Z Running pre-finalize script /opt/hostedtoolcache/CodeQL/2.23.9/x64/codeql/python/tools/pre-finalize.sh in /home/runner/work/scratchattach/scratchattach.
2026-01-16T16:14:58.8903097Z Running command in /home/runner/work/scratchattach/scratchattach: [/opt/hostedtoolcache/CodeQL/2.23.9/x64/codeql/python/tools/pre-finalize.sh]
2026-01-16T16:14:59.6356637Z [2026-01-16 16:14:59] [build-stderr] Scanning for files in /home/runner/work/scratchattach/scratchattach...
2026-01-16T16:14:59.7668195Z [2026-01-16 16:14:59] [build-stderr] /home/runner/work/_temp/codeql_databases/python: Indexing files in in /home/runner/work/scratchattach/scratchattach...
2026-01-16T16:14:59.7990869Z [2026-01-16 16:14:59] [build-stderr] Running command in /home/runner/work/scratchattach/scratchattach: [/opt/hostedtoolcache/CodeQL/2.23.9/x64/codeql/yaml/tools/index-files.sh, /home/runner/work/_temp/codeql_databases/python/working/files-to-index11757496303082779434.list]
2026-01-16T16:15:00.1650548Z Pre-finalize script /opt/hostedtoolcache/CodeQL/2.23.9/x64/codeql/python/tools/pre-finalize.sh completed in 1351 ms.
2026-01-16T16:15:00.1683535Z Running TRAP import for CodeQL database at /home/runner/work/_temp/codeql_databases/python...
2026-01-16T16:15:00.9229228Z Importing TRAP files
2026-01-16T16:15:01.3173380Z Merging relations
2026-01-16T16:15:01.5770924Z Finished writing database (relations: 97.72 KiB; string pool: 2.08 MiB).
2026-01-16T16:15:01.6077414Z TRAP import complete (1.4s).
2026-01-16T16:15:01.7802922Z Finished zipping source archive (11.88 KiB).
2026-01-16T16:15:01.7996891Z ##[endgroup]
2026-01-16T16:15:01.8001995Z ##[group]Running queries for python
2026-01-16T16:15:01.8003665Z [command]/opt/hostedtoolcache/CodeQL/2.23.9/x64/codeql/codeql database run-queries --ram=14580 --threads=4 --expect-discarded-cache /home/runner/work/_temp/codeql_databases/python --min-disk-free=1024 -v
2026-01-16T16:15:02.5191818Z Writing logs to /home/runner/work/_temp/codeql_databases/python/log/database-run-queries-20260116.161502.516.log.
2026-01-16T16:15:02.5676704Z Stringpool size measured as 2179482
2026-01-16T16:15:03.1353783Z Writing logs to /home/runner/work/_temp/codeql_databases/python/log/execute-queries-20260116.161503.132.log.
2026-01-16T16:15:03.4564976Z Recording pack reference codeql/python-queries at /opt/hostedtoolcache/CodeQL/2.23.9/x64/codeql/qlpacks/codeql/python-queries/1.7.4.
2026-01-16T16:15:05.3736130Z Compiling in 3 threads due to RAM limits.
2026-01-16T16:15:05.9665111Z [1/45] Loaded /opt/hostedtoolcache/CodeQL/2.23.9/x64/codeql/qlpacks/codeql/python-queries/1.7.4/Security/CWE-020/IncompleteUrlSubstringSanitization.qlx.
2026-01-16T16:15:06.5661499Z [2/45] Loaded /opt/hostedtoolcache/CodeQL/2.23.9/x64/codeql/qlpacks/codeql/python-queries/1.7.4/Security/CWE-020/IncompleteHostnameRegExp.qlx.
2026-01-16T16:15:06.6801994Z [3/45] Loaded /opt/hostedtoolcache/CodeQL/2.23.9/x64/codeql/qlpacks/codeql/python-queries/1.7.4/Security/CWE-020/OverlyLargeRange.qlx.
2026-01-16T16:15:06.7754488Z [4/45] Loaded /opt/hostedtoolcache/CodeQL/2.23.9/x64/codeql/qlpacks/codeql/python-queries/1.7.4/Security/CWE-312/CleartextLogging.qlx.
2026-01-16T16:15:06.8068005Z [5/45] Loaded /opt/hostedtoolcache/CodeQL/2.23.9/x64/codeql/qlpacks/codeql/python-queries/1.7.4/Security/CWE-312/CleartextStorage.qlx.
2026-01-16T16:15:06.9161501Z [6/45] Loaded /opt/hostedtoolcache/CodeQL/2.23.9/x64/codeql/qlpacks/codeql/python-queries/1.7.4/Security/CWE-1275/SameSiteNoneCookie.qlx.
2026-01-16T16:15:07.0034399Z [7/45] Loaded /opt/hostedtoolcache/CodeQL/2.23.9/x64/codeql/qlpacks/codeql/python-queries/1.7.4/Security/CWE-020/CookieInjection.qlx.
2026-01-16T16:15:07.0263611Z [8/45] Loaded /opt/hostedtoolcache/CodeQL/2.23.9/x64/codeql/qlpacks/codeql/python-queries/1.7.4/Security/CWE-326/WeakCryptoKey.qlx.
2026-01-16T16:15:07.1258425Z [9/45] Loaded /opt/hostedtoolcache/CodeQL/2.23.9/x64/codeql/qlpacks/codeql/python-queries/1.7.4/Security/CWE-776/XmlBomb.qlx.
2026-01-16T16:15:07.2614405Z [10/45] Loaded /opt/hostedtoolcache/CodeQL/2.23.9/x64/codeql/qlpacks/codeql/python-queries/1.7.4/Security/CWE-601/UrlRedirect.qlx.
2026-01-16T16:15:07.2767037Z [11/45] Loaded /opt/hostedtoolcache/CodeQL/2.23.9/x64/codeql/qlpacks/codeql/python-queries/1.7.4/Security/CWE-113/HeaderInjection.qlx.
2026-01-16T16:15:07.3173347Z [12/45] Loaded /opt/hostedtoolcache/CodeQL/2.23.9/x64/codeql/qlpacks/codeql/python-queries/1.7.4/Security/CWE-295/MissingHostKeyValidation.qlx.
2026-01-16T16:15:07.3210314Z [13/45] Loaded /opt/hostedtoolcache/CodeQL/2.23.9/x64/codeql/qlpacks/codeql/python-queries/1.7.4/Security/CWE-078/CommandInjection.qlx.
2026-01-16T16:15:07.5235598Z [14/45] Loaded /opt/hostedtoolcache/CodeQL/2.23.9/x64/codeql/qlpacks/codeql/python-queries/1.7.4/Security/CWE-079/ReflectedXss.qlx.
2026-01-16T16:15:07.5317174Z [15/45] Loaded /opt/hostedtoolcache/CodeQL/2.23.9/x64/codeql/qlpacks/codeql/python-queries/1.7.4/Security/CWE-643/XpathInjection.qlx.
2026-01-16T16:15:07.5794283Z [16/45] Loaded /opt/hostedtoolcache/CodeQL/2.23.9/x64/codeql/qlpacks/codeql/python-queries/1.7.4/Security/CVE-2018-1281/BindToAllInterfaces.qlx.
2026-01-16T16:15:07.6362317Z [17/45] Loaded /opt/hostedtoolcache/CodeQL/2.23.9/x64/codeql/qlpacks/codeql/python-queries/1.7.4/Security/CWE-943/NoSqlInjection.qlx.
2026-01-16T16:15:07.7126156Z [18/45] Loaded /opt/hostedtoolcache/CodeQL/2.23.9/x64/codeql/qlpacks/codeql/python-queries/1.7.4/Security/CWE-089/SqlInjection.qlx.
2026-01-16T16:15:07.8447691Z [19/45] Loaded /opt/hostedtoolcache/CodeQL/2.23.9/x64/codeql/qlpacks/codeql/python-queries/1.7.4/Security/CWE-614/InsecureCookie.qlx.
2026-01-16T16:15:07.8617267Z [20/45] Loaded /opt/hostedtoolcache/CodeQL/2.23.9/x64/codeql/qlpacks/codeql/python-queries/1.7.4/Security/CWE-022/PathInjection.qlx.
2026-01-16T16:15:07.8706054Z [21/45] Loaded /opt/hostedtoolcache/CodeQL/2.23.9/x64/codeql/qlpacks/codeql/python-queries/1.7.4/Security/CWE-1004/NonHttpOnlyCookie.qlx.
2026-01-16T16:15:07.9413066Z [22/45] Loaded /opt/hostedtoolcache/CodeQL/2.23.9/x64/codeql/qlpacks/codeql/python-queries/1.7.4/Security/CWE-352/CSRFProtectionDisabled.qlx.
2026-01-16T16:15:07.9445420Z [23/45] Loaded /opt/hostedtoolcache/CodeQL/2.23.9/x64/codeql/qlpacks/codeql/python-queries/1.7.4/Security/CWE-377/InsecureTemporaryFile.qlx.
2026-01-16T16:15:07.9775678Z [24/45] Loaded /opt/hostedtoolcache/CodeQL/2.23.9/x64/codeql/qlpacks/codeql/python-queries/1.7.4/Security/CWE-116/BadTagFilter.qlx.
2026-01-16T16:15:08.1633926Z [25/45] Loaded /opt/hostedtoolcache/CodeQL/2.23.9/x64/codeql/qlpacks/codeql/python-queries/1.7.4/Security/CWE-730/ReDoS.qlx.
2026-01-16T16:15:08.1964860Z [26/45] Loaded /opt/hostedtoolcache/CodeQL/2.23.9/x64/codeql/qlpacks/codeql/python-queries/1.7.4/Security/CWE-730/PolynomialReDoS.qlx.
2026-01-16T16:15:08.2660647Z [27/45] Loaded /opt/hostedtoolcache/CodeQL/2.23.9/x64/codeql/qlpacks/codeql/python-queries/1.7.4/Security/CWE-730/RegexInjection.qlx.
2026-01-16T16:15:08.2966369Z [28/45] Loaded /opt/hostedtoolcache/CodeQL/2.23.9/x64/codeql/qlpacks/codeql/python-queries/1.7.4/Security/CWE-094/CodeInjection.qlx.
2026-01-16T16:15:08.3363886Z [29/45] Loaded /opt/hostedtoolcache/CodeQL/2.23.9/x64/codeql/qlpacks/codeql/python-queries/1.7.4/Security/CWE-215/FlaskDebug.qlx.
2026-01-16T16:15:08.3451195Z [30/45] Loaded /opt/hostedtoolcache/CodeQL/2.23.9/x64/codeql/qlpacks/codeql/python-queries/1.7.4/Security/CWE-502/UnsafeDeserialization.qlx.
2026-01-16T16:15:08.3847362Z [31/45] Loaded /opt/hostedtoolcache/CodeQL/2.23.9/x64/codeql/qlpacks/codeql/python-queries/1.7.4/Security/CWE-327/InsecureDefaultProtocol.qlx.
2026-01-16T16:15:08.4427583Z [32/45] Loaded /opt/hostedtoolcache/CodeQL/2.23.9/x64/codeql/qlpacks/codeql/python-queries/1.7.4/Security/CWE-074/TemplateInjection.qlx.
2026-01-16T16:15:08.4980363Z [33/45] Loaded /opt/hostedtoolcache/CodeQL/2.23.9/x64/codeql/qlpacks/codeql/python-queries/1.7.4/Security/CWE-327/InsecureProtocol.qlx.
2026-01-16T16:15:08.5022188Z [34/45] Loaded /opt/hostedtoolcache/CodeQL/2.23.9/x64/codeql/qlpacks/codeql/python-queries/1.7.4/Security/CWE-327/BrokenCryptoAlgorithm.qlx.
2026-01-16T16:15:08.5786184Z [35/45] Loaded /opt/hostedtoolcache/CodeQL/2.23.9/x64/codeql/qlpacks/codeql/python-queries/1.7.4/Security/CWE-327/WeakSensitiveDataHashing.qlx.
2026-01-16T16:15:08.7559703Z [36/45] Loaded /opt/hostedtoolcache/CodeQL/2.23.9/x64/codeql/qlpacks/codeql/python-queries/1.7.4/Security/CWE-090/LdapInjection.qlx.
2026-01-16T16:15:08.7926160Z [37/45] Loaded /opt/hostedtoolcache/CodeQL/2.23.9/x64/codeql/qlpacks/codeql/python-queries/1.7.4/Security/CWE-918/FullServerSideRequestForgery.qlx.
2026-01-16T16:15:08.8097251Z [38/45] Loaded /opt/hostedtoolcache/CodeQL/2.23.9/x64/codeql/qlpacks/codeql/python-queries/1.7.4/Security/CWE-285/PamAuthorization.qlx.
2026-01-16T16:15:08.8498320Z [39/45] Loaded /opt/hostedtoolcache/CodeQL/2.23.9/x64/codeql/qlpacks/codeql/python-queries/1.7.4/Expressions/UseofInput.qlx.
2026-01-16T16:15:08.8609887Z [40/45] Loaded /opt/hostedtoolcache/CodeQL/2.23.9/x64/codeql/qlpacks/codeql/python-queries/1.7.4/Diagnostics/ExtractionWarnings.qlx.
2026-01-16T16:15:08.8796584Z [41/45] Loaded /opt/hostedtoolcache/CodeQL/2.23.9/x64/codeql/qlpacks/codeql/python-queries/1.7.4/Diagnostics/ExtractedFiles.qlx.
2026-01-16T16:15:08.9066537Z [42/45] Loaded /opt/hostedtoolcache/CodeQL/2.23.9/x64/codeql/qlpacks/codeql/python-queries/1.7.4/Summary/LinesOfUserCode.qlx.
2026-01-16T16:15:08.9166282Z [43/45] Loaded /opt/hostedtoolcache/CodeQL/2.23.9/x64/codeql/qlpacks/codeql/python-queries/1.7.4/Security/CWE-209/StackTraceExposure.qlx.
2026-01-16T16:15:08.9178846Z [44/45] Loaded /opt/hostedtoolcache/CodeQL/2.23.9/x64/codeql/qlpacks/codeql/python-queries/1.7.4/Summary/LinesOfCode.qlx.
2026-01-16T16:15:08.9738403Z [45/45] Loaded /opt/hostedtoolcache/CodeQL/2.23.9/x64/codeql/qlpacks/codeql/python-queries/1.7.4/Security/CWE-611/Xxe.qlx.
2026-01-16T16:15:09.2714912Z Starting evaluation of codeql/python-queries/Diagnostics/ExtractedFiles.ql.
2026-01-16T16:15:09.2719911Z Starting evaluation of codeql/python-queries/Diagnostics/ExtractionWarnings.ql.
2026-01-16T16:15:09.2722781Z Starting evaluation of codeql/python-queries/Security/CVE-2018-1281/BindToAllInterfaces.ql.
2026-01-16T16:15:09.2727607Z Starting evaluation of codeql/python-queries/Expressions/UseofInput.ql.
2026-01-16T16:15:09.2785918Z Starting evaluation of codeql/python-queries/Security/CWE-020/CookieInjection.ql.
2026-01-16T16:15:09.2793632Z Starting evaluation of codeql/python-queries/Security/CWE-020/IncompleteHostnameRegExp.ql.
2026-01-16T16:15:09.2795447Z Starting evaluation of codeql/python-queries/Security/CWE-020/IncompleteUrlSubstringSanitization.ql.
2026-01-16T16:15:09.5385763Z [1/45 eval 251ms] Evaluation done; writing results to codeql/python-queries/Diagnostics/ExtractionWarnings.bqrs.
2026-01-16T16:15:09.5505357Z [2/45 eval 278ms] Evaluation done; writing results to codeql/python-queries/Diagnostics/ExtractedFiles.bqrs.
2026-01-16T16:15:09.6704840Z [3/45 eval 398ms] Evaluation done; writing results to codeql/python-queries/Security/CVE-2018-1281/BindToAllInterfaces.bqrs.
2026-01-16T16:15:10.2856631Z [4/45 eval 1s] Evaluation done; writing results to codeql/python-queries/Security/CWE-020/IncompleteUrlSubstringSanitization.bqrs.
2026-01-16T16:15:10.3421921Z Starting evaluation of codeql/python-queries/Security/CWE-020/OverlyLargeRange.ql.
2026-01-16T16:15:10.3461279Z Starting evaluation of codeql/python-queries/Security/CWE-022/PathInjection.ql.
2026-01-16T16:15:10.4131004Z Starting evaluation of codeql/python-queries/Security/CWE-074/TemplateInjection.ql.
2026-01-16T16:15:10.4969508Z Starting evaluation of codeql/python-queries/Security/CWE-078/CommandInjection.ql.
2026-01-16T16:15:10.5199566Z Starting evaluation of codeql/python-queries/Security/CWE-079/ReflectedXss.ql.
2026-01-16T16:15:10.5229077Z Starting evaluation of codeql/python-queries/Security/CWE-089/SqlInjection.ql.
2026-01-16T16:15:10.5974328Z Starting evaluation of codeql/python-queries/Security/CWE-090/LdapInjection.ql.
2026-01-16T16:15:10.6298264Z Starting evaluation of codeql/python-queries/Security/CWE-094/CodeInjection.ql.
2026-01-16T16:15:10.6332866Z Starting evaluation of codeql/python-queries/Security/CWE-1004/NonHttpOnlyCookie.ql.
2026-01-16T16:15:10.6336702Z Starting evaluation of codeql/python-queries/Security/CWE-113/HeaderInjection.ql.
2026-01-16T16:15:10.6608253Z Starting evaluation of codeql/python-queries/Security/CWE-116/BadTagFilter.ql.
2026-01-16T16:15:10.6693676Z Starting evaluation of codeql/python-queries/Security/CWE-1275/SameSiteNoneCookie.ql.
2026-01-16T16:15:10.6696033Z Starting evaluation of codeql/python-queries/Security/CWE-209/StackTraceExposure.ql.
2026-01-16T16:15:10.6697166Z Starting evaluation of codeql/python-queries/Security/CWE-215/FlaskDebug.ql.
2026-01-16T16:15:10.6940563Z [5/45 eval 32ms] Evaluation done; writing results to codeql/python-queries/Security/CWE-1275/SameSiteNoneCookie.bqrs.
2026-01-16T16:15:10.7008686Z Starting evaluation of codeql/python-queries/Security/CWE-285/PamAuthorization.ql.
2026-01-16T16:15:10.7157443Z Starting evaluation of codeql/python-queries/Security/CWE-295/MissingHostKeyValidation.ql.
2026-01-16T16:15:10.7178245Z Starting evaluation of codeql/python-queries/Security/CWE-312/CleartextLogging.ql.
2026-01-16T16:15:10.7290061Z Starting evaluation of codeql/python-queries/Security/CWE-312/CleartextStorage.ql.
2026-01-16T16:15:10.7824222Z Starting evaluation of codeql/python-queries/Security/CWE-326/WeakCryptoKey.ql.
2026-01-16T16:15:10.7835957Z Starting evaluation of codeql/python-queries/Security/CWE-327/BrokenCryptoAlgorithm.ql.
2026-01-16T16:15:10.7888121Z Starting evaluation of codeql/python-queries/Security/CWE-327/InsecureDefaultProtocol.ql.
2026-01-16T16:15:10.7889266Z Starting evaluation of codeql/python-queries/Security/CWE-327/InsecureProtocol.ql.
2026-01-16T16:15:10.7915452Z Starting evaluation of codeql/python-queries/Security/CWE-327/WeakSensitiveDataHashing.ql.
2026-01-16T16:15:10.7922172Z Starting evaluation of codeql/python-queries/Security/CWE-352/CSRFProtectionDisabled.ql.
2026-01-16T16:15:10.8034151Z Starting evaluation of codeql/python-queries/Security/CWE-377/InsecureTemporaryFile.ql.
2026-01-16T16:15:10.8048345Z [6/45 eval 12ms] Evaluation done; writing results to codeql/python-queries/Security/CWE-352/CSRFProtectionDisabled.bqrs.
2026-01-16T16:15:10.8049708Z Starting evaluation of codeql/python-queries/Security/CWE-502/UnsafeDeserialization.ql.
2026-01-16T16:15:10.8616409Z Starting evaluation of codeql/python-queries/Security/CWE-601/UrlRedirect.ql.
2026-01-16T16:15:10.8805531Z Starting evaluation of codeql/python-queries/Security/CWE-611/Xxe.ql.
2026-01-16T16:15:10.8929537Z Starting evaluation of codeql/python-queries/Security/CWE-614/InsecureCookie.ql.
2026-01-16T16:15:10.8947018Z Starting evaluation of codeql/python-queries/Security/CWE-643/XpathInjection.ql.
2026-01-16T16:15:10.9105482Z Starting evaluation of codeql/python-queries/Security/CWE-730/PolynomialReDoS.ql.
2026-01-16T16:15:11.1374607Z Starting evaluation of codeql/python-queries/Security/CWE-730/ReDoS.ql.
2026-01-16T16:15:11.1403489Z Starting evaluation of codeql/python-queries/Security/CWE-730/RegexInjection.ql.
2026-01-16T16:15:11.1406954Z Starting evaluation of codeql/python-queries/Security/CWE-918/FullServerSideRequestForgery.ql.
2026-01-16T16:15:11.1410441Z Starting evaluation of codeql/python-queries/Security/CWE-943/NoSqlInjection.ql.
2026-01-16T16:15:11.1417516Z Starting evaluation of codeql/python-queries/Security/CWE-776/XmlBomb.ql.
2026-01-16T16:15:11.3053940Z Starting evaluation of codeql/python-queries/Summary/LinesOfCode.ql.
2026-01-16T16:15:11.3055085Z Starting evaluation of codeql/python-queries/Summary/LinesOfUserCode.ql.
2026-01-16T16:15:11.3056261Z [7/45 eval 3ms] Evaluation done; writing results to codeql/python-queries/Summary/LinesOfCode.bqrs.
2026-01-16T16:15:11.3464474Z [8/45 eval 47ms] Evaluation done; writing results to codeql/python-queries/Summary/LinesOfUserCode.bqrs.
2026-01-16T16:15:11.4641306Z [9/45 eval 676ms] Evaluation done; writing results to codeql/python-queries/Security/CWE-327/InsecureDefaultProtocol.bqrs.
2026-01-16T16:15:11.4654969Z [10/45 eval 2.2s] Evaluation done; writing results to codeql/python-queries/Expressions/UseofInput.bqrs.
2026-01-16T16:15:11.4657667Z [11/45 eval 750ms] Evaluation done; writing results to codeql/python-queries/Security/CWE-295/MissingHostKeyValidation.bqrs.
2026-01-16T16:15:11.6063812Z [12/45 eval 823ms] Evaluation done; writing results to codeql/python-queries/Security/CWE-327/BrokenCryptoAlgorithm.bqrs.
2026-01-16T16:15:11.6139567Z [13/45 eval 831ms] Evaluation done; writing results to codeql/python-queries/Security/CWE-326/WeakCryptoKey.bqrs.
2026-01-16T16:15:11.6946950Z [14/45 eval 901ms] Evaluation done; writing results to codeql/python-queries/Security/CWE-327/WeakSensitiveDataHashing.bqrs.
2026-01-16T16:15:12.0729494Z [15/45 eval 930ms] Evaluation done; writing results to codeql/python-queries/Security/CWE-943/NoSqlInjection.bqrs.
2026-01-16T16:15:12.1182070Z [16/45 eval 1.7s] Evaluation done; writing results to codeql/python-queries/Security/CWE-074/TemplateInjection.bqrs.
2026-01-16T16:15:12.1479156Z [17/45 eval 1.3s] Evaluation done; writing results to codeql/python-queries/Security/CWE-643/XpathInjection.bqrs.
2026-01-16T16:15:12.1708279Z [18/45 eval 1.3s] Evaluation done; writing results to codeql/python-queries/Security/CWE-601/UrlRedirect.bqrs.
2026-01-16T16:15:12.2384907Z [19/45 eval 3s] Evaluation done; writing results to codeql/python-queries/Security/CWE-020/IncompleteHostnameRegExp.bqrs.
2026-01-16T16:15:12.2480199Z [20/45 eval 1.9s] Evaluation done; writing results to codeql/python-queries/Security/CWE-020/OverlyLargeRange.bqrs.
2026-01-16T16:15:12.2481384Z [21/45 eval 1.1s] Evaluation done; writing results to codeql/python-queries/Security/CWE-730/ReDoS.bqrs.
2026-01-16T16:15:12.2525362Z [22/45 eval 1.3s] Evaluation done; writing results to codeql/python-queries/Security/CWE-730/PolynomialReDoS.bqrs.
2026-01-16T16:15:12.2691686Z [23/45 eval 1.6s] Evaluation done; writing results to codeql/python-queries/Security/CWE-116/BadTagFilter.bqrs.
2026-01-16T16:15:12.2693164Z [24/45 eval 3s] Evaluation done; writing results to codeql/python-queries/Security/CWE-020/CookieInjection.bqrs.
2026-01-16T16:15:12.2856840Z [25/45 eval 1.6s] Evaluation done; writing results to codeql/python-queries/Security/CWE-094/CodeInjection.bqrs.
2026-01-16T16:15:12.3201829Z [26/45 eval 1.4s] Evaluation done; writing results to codeql/python-queries/Security/CWE-611/Xxe.bqrs.
2026-01-16T16:15:12.4508032Z [27/45 eval 2.1s] Evaluation done; writing results to codeql/python-queries/Security/CWE-022/PathInjection.bqrs.
2026-01-16T16:15:12.4509859Z [28/45 eval 1.9s] Evaluation done; writing results to codeql/python-queries/Security/CWE-079/ReflectedXss.bqrs.
2026-01-16T16:15:12.4658746Z [29/45 eval 2s] Evaluation done; writing results to codeql/python-queries/Security/CWE-078/CommandInjection.bqrs.
2026-01-16T16:15:12.4932963Z [30/45 eval 2s] Evaluation done; writing results to codeql/python-queries/Security/CWE-089/SqlInjection.bqrs.
2026-01-16T16:15:12.5060883Z [31/45 eval 1.9s] Evaluation done; writing results to codeql/python-queries/Security/CWE-090/LdapInjection.bqrs.
2026-01-16T16:15:12.5259832Z [32/45 eval 1.9s] Evaluation done; writing results to codeql/python-queries/Security/CWE-113/HeaderInjection.bqrs.
2026-01-16T16:15:12.5524798Z [33/45 eval 1.9s] Evaluation done; writing results to codeql/python-queries/Security/CWE-209/StackTraceExposure.bqrs.
2026-01-16T16:15:12.5540697Z [34/45 eval 1.9s] Evaluation done; writing results to codeql/python-queries/Security/CWE-1004/NonHttpOnlyCookie.bqrs.
2026-01-16T16:15:12.5738273Z [35/45 eval 1.9s] Evaluation done; writing results to codeql/python-queries/Security/CWE-285/PamAuthorization.bqrs.
2026-01-16T16:15:12.5739526Z [36/45 eval 1.9s] Evaluation done; writing results to codeql/python-queries/Security/CWE-215/FlaskDebug.bqrs.
2026-01-16T16:15:12.6080844Z [37/45 eval 1.9s] Evaluation done; writing results to codeql/python-queries/Security/CWE-312/CleartextStorage.bqrs.
2026-01-16T16:15:12.6291425Z [38/45 eval 1.8s] Evaluation done; writing results to codeql/python-queries/Security/CWE-377/InsecureTemporaryFile.bqrs.
2026-01-16T16:15:12.6374666Z [39/45 eval 1.7s] Evaluation done; writing results to codeql/python-queries/Security/CWE-614/InsecureCookie.bqrs.
2026-01-16T16:15:12.6474125Z [40/45 eval 1.8s] Evaluation done; writing results to codeql/python-queries/Security/CWE-502/UnsafeDeserialization.bqrs.
2026-01-16T16:15:12.6594164Z [41/45 eval 1.5s] Evaluation done; writing results to codeql/python-queries/Security/CWE-730/RegexInjection.bqrs.
2026-01-16T16:15:12.6851316Z [42/45 eval 1.9s] Evaluation done; writing results to codeql/python-queries/Security/CWE-327/InsecureProtocol.bqrs.
2026-01-16T16:15:12.6852724Z [43/45 eval 1.5s] Evaluation done; writing results to codeql/python-queries/Security/CWE-776/XmlBomb.bqrs.
2026-01-16T16:15:12.7146683Z [44/45 eval 2s] Evaluation done; writing results to codeql/python-queries/Security/CWE-312/CleartextLogging.bqrs.
2026-01-16T16:15:12.7366553Z [45/45 eval 1.6s] Evaluation done; writing results to codeql/python-queries/Security/CWE-918/FullServerSideRequestForgery.bqrs.
2026-01-16T16:15:12.7383514Z Shutting down query evaluator.
2026-01-16T16:15:12.8101372Z Interpreting code scanning results for python
2026-01-16T16:15:13.5177652Z Writing logs to /home/runner/work/_temp/codeql_databases/python/log/database-interpret-results-20260116.161513.514.log.
2026-01-16T16:15:13.6623183Z Recording pack reference codeql/python-queries at /opt/hostedtoolcache/CodeQL/2.23.9/x64/codeql/qlpacks/codeql/python-queries/1.7.4.
2026-01-16T16:15:13.6877956Z Resolving extensions
2026-01-16T16:15:14.7525858Z Interpreting /opt/hostedtoolcache/CodeQL/2.23.9/x64/codeql/qlpacks/codeql/python-queries/1.7.4/Security/CWE-312/CleartextLogging.ql...
2026-01-16T16:15:14.7778454Z  ... found results file at /home/runner/work/_temp/codeql_databases/python/results/codeql/python-queries/Security/CWE-312/CleartextLogging.bqrs.
2026-01-16T16:15:14.7941739Z Interpreting /opt/hostedtoolcache/CodeQL/2.23.9/x64/codeql/qlpacks/codeql/python-queries/1.7.4/Security/CWE-312/CleartextStorage.ql...
2026-01-16T16:15:14.8066568Z  ... found results file at /home/runner/work/_temp/codeql_databases/python/results/codeql/python-queries/Security/CWE-312/CleartextStorage.bqrs.
2026-01-16T16:15:14.8071125Z Interpreting /opt/hostedtoolcache/CodeQL/2.23.9/x64/codeql/qlpacks/codeql/python-queries/1.7.4/Security/CWE-020/IncompleteUrlSubstringSanitization.ql...
2026-01-16T16:15:14.8187241Z  ... found results file at /home/runner/work/_temp/codeql_databases/python/results/codeql/python-queries/Security/CWE-020/IncompleteUrlSubstringSanitization.bqrs.
2026-01-16T16:15:14.8192926Z Interpreting /opt/hostedtoolcache/CodeQL/2.23.9/x64/codeql/qlpacks/codeql/python-queries/1.7.4/Security/CWE-020/IncompleteHostnameRegExp.ql...
2026-01-16T16:15:14.8296246Z  ... found results file at /home/runner/work/_temp/codeql_databases/python/results/codeql/python-queries/Security/CWE-020/IncompleteHostnameRegExp.bqrs.
2026-01-16T16:15:14.8299022Z Interpreting /opt/hostedtoolcache/CodeQL/2.23.9/x64/codeql/qlpacks/codeql/python-queries/1.7.4/Security/CWE-020/OverlyLargeRange.ql...
2026-01-16T16:15:14.8404210Z  ... found results file at /home/runner/work/_temp/codeql_databases/python/results/codeql/python-queries/Security/CWE-020/OverlyLargeRange.bqrs.
2026-01-16T16:15:14.8411258Z Interpreting /opt/hostedtoolcache/CodeQL/2.23.9/x64/codeql/qlpacks/codeql/python-queries/1.7.4/Security/CWE-020/CookieInjection.ql...
2026-01-16T16:15:14.8500266Z  ... found results file at /home/runner/work/_temp/codeql_databases/python/results/codeql/python-queries/Security/CWE-020/CookieInjection.bqrs.
2026-01-16T16:15:14.8507584Z Interpreting /opt/hostedtoolcache/CodeQL/2.23.9/x64/codeql/qlpacks/codeql/python-queries/1.7.4/Security/CWE-1275/SameSiteNoneCookie.ql...
2026-01-16T16:15:14.8604740Z  ... found results file at /home/runner/work/_temp/codeql_databases/python/results/codeql/python-queries/Security/CWE-1275/SameSiteNoneCookie.bqrs.
2026-01-16T16:15:14.8609374Z Interpreting /opt/hostedtoolcache/CodeQL/2.23.9/x64/codeql/qlpacks/codeql/python-queries/1.7.4/Security/CWE-776/XmlBomb.ql...
2026-01-16T16:15:14.8679500Z  ... found results file at /home/runner/work/_temp/codeql_databases/python/results/codeql/python-queries/Security/CWE-776/XmlBomb.bqrs.
2026-01-16T16:15:14.8689552Z Interpreting /opt/hostedtoolcache/CodeQL/2.23.9/x64/codeql/qlpacks/codeql/python-queries/1.7.4/Security/CWE-326/WeakCryptoKey.ql...
2026-01-16T16:15:14.8807325Z  ... found results file at /home/runner/work/_temp/codeql_databases/python/results/codeql/python-queries/Security/CWE-326/WeakCryptoKey.bqrs.
2026-01-16T16:15:14.8810242Z Interpreting /opt/hostedtoolcache/CodeQL/2.23.9/x64/codeql/qlpacks/codeql/python-queries/1.7.4/Security/CWE-113/HeaderInjection.ql...
2026-01-16T16:15:14.8875716Z  ... found results file at /home/runner/work/_temp/codeql_databases/python/results/codeql/python-queries/Security/CWE-113/HeaderInjection.bqrs.
2026-01-16T16:15:14.8888541Z Interpreting /opt/hostedtoolcache/CodeQL/2.23.9/x64/codeql/qlpacks/codeql/python-queries/1.7.4/Security/CWE-601/UrlRedirect.ql...
2026-01-16T16:15:14.8969475Z  ... found results file at /home/runner/work/_temp/codeql_databases/python/results/codeql/python-queries/Security/CWE-601/UrlRedirect.bqrs.
2026-01-16T16:15:14.8983472Z Interpreting /opt/hostedtoolcache/CodeQL/2.23.9/x64/codeql/qlpacks/codeql/python-queries/1.7.4/Security/CWE-078/CommandInjection.ql...
2026-01-16T16:15:14.9082509Z  ... found results file at /home/runner/work/_temp/codeql_databases/python/results/codeql/python-queries/Security/CWE-078/CommandInjection.bqrs.
2026-01-16T16:15:14.9088648Z Interpreting /opt/hostedtoolcache/CodeQL/2.23.9/x64/codeql/qlpacks/codeql/python-queries/1.7.4/Security/CWE-295/MissingHostKeyValidation.ql...
2026-01-16T16:15:14.9147064Z  ... found results file at /home/runner/work/_temp/codeql_databases/python/results/codeql/python-queries/Security/CWE-295/MissingHostKeyValidation.bqrs.
2026-01-16T16:15:14.9151480Z Interpreting /opt/hostedtoolcache/CodeQL/2.23.9/x64/codeql/qlpacks/codeql/python-queries/1.7.4/Security/CWE-943/NoSqlInjection.ql...
2026-01-16T16:15:14.9230743Z  ... found results file at /home/runner/work/_temp/codeql_databases/python/results/codeql/python-queries/Security/CWE-943/NoSqlInjection.bqrs.
2026-01-16T16:15:14.9236145Z Interpreting /opt/hostedtoolcache/CodeQL/2.23.9/x64/codeql/qlpacks/codeql/python-queries/1.7.4/Security/CWE-643/XpathInjection.ql...
2026-01-16T16:15:14.9315120Z  ... found results file at /home/runner/work/_temp/codeql_databases/python/results/codeql/python-queries/Security/CWE-643/XpathInjection.bqrs.
2026-01-16T16:15:14.9319021Z Interpreting /opt/hostedtoolcache/CodeQL/2.23.9/x64/codeql/qlpacks/codeql/python-queries/1.7.4/Security/CWE-079/ReflectedXss.ql...
2026-01-16T16:15:14.9377286Z  ... found results file at /home/runner/work/_temp/codeql_databases/python/results/codeql/python-queries/Security/CWE-079/ReflectedXss.bqrs.
2026-01-16T16:15:14.9387204Z Interpreting /opt/hostedtoolcache/CodeQL/2.23.9/x64/codeql/qlpacks/codeql/python-queries/1.7.4/Security/CWE-089/SqlInjection.ql...
2026-01-16T16:15:14.9466586Z  ... found results file at /home/runner/work/_temp/codeql_databases/python/results/codeql/python-queries/Security/CWE-089/SqlInjection.bqrs.
2026-01-16T16:15:14.9469542Z Interpreting /opt/hostedtoolcache/CodeQL/2.23.9/x64/codeql/qlpacks/codeql/python-queries/1.7.4/Security/CVE-2018-1281/BindToAllInterfaces.ql...
2026-01-16T16:15:14.9536111Z  ... found results file at /home/runner/work/_temp/codeql_databases/python/results/codeql/python-queries/Security/CVE-2018-1281/BindToAllInterfaces.bqrs.
2026-01-16T16:15:14.9542430Z Interpreting /opt/hostedtoolcache/CodeQL/2.23.9/x64/codeql/qlpacks/codeql/python-queries/1.7.4/Security/CWE-022/PathInjection.ql...
2026-01-16T16:15:14.9621220Z  ... found results file at /home/runner/work/_temp/codeql_databases/python/results/codeql/python-queries/Security/CWE-022/PathInjection.bqrs.
2026-01-16T16:15:14.9629404Z Interpreting /opt/hostedtoolcache/CodeQL/2.23.9/x64/codeql/qlpacks/codeql/python-queries/1.7.4/Security/CWE-614/InsecureCookie.ql...
2026-01-16T16:15:14.9698121Z  ... found results file at /home/runner/work/_temp/codeql_databases/python/results/codeql/python-queries/Security/CWE-614/InsecureCookie.bqrs.
2026-01-16T16:15:14.9718353Z Interpreting /opt/hostedtoolcache/CodeQL/2.23.9/x64/codeql/qlpacks/codeql/python-queries/1.7.4/Security/CWE-1004/NonHttpOnlyCookie.ql...
2026-01-16T16:15:14.9774002Z  ... found results file at /home/runner/work/_temp/codeql_databases/python/results/codeql/python-queries/Security/CWE-1004/NonHttpOnlyCookie.bqrs.
2026-01-16T16:15:14.9782094Z Interpreting /opt/hostedtoolcache/CodeQL/2.23.9/x64/codeql/qlpacks/codeql/python-queries/1.7.4/Security/CWE-116/BadTagFilter.ql...
2026-01-16T16:15:14.9845828Z  ... found results file at /home/runner/work/_temp/codeql_databases/python/results/codeql/python-queries/Security/CWE-116/BadTagFilter.bqrs.
2026-01-16T16:15:14.9851606Z Interpreting /opt/hostedtoolcache/CodeQL/2.23.9/x64/codeql/qlpacks/codeql/python-queries/1.7.4/Security/CWE-377/InsecureTemporaryFile.ql...
2026-01-16T16:15:14.9925222Z  ... found results file at /home/runner/work/_temp/codeql_databases/python/results/codeql/python-queries/Security/CWE-377/InsecureTemporaryFile.bqrs.
2026-01-16T16:15:14.9939476Z Interpreting /opt/hostedtoolcache/CodeQL/2.23.9/x64/codeql/qlpacks/codeql/python-queries/1.7.4/Security/CWE-352/CSRFProtectionDisabled.ql...
2026-01-16T16:15:15.0007523Z  ... found results file at /home/runner/work/_temp/codeql_databases/python/results/codeql/python-queries/Security/CWE-352/CSRFProtectionDisabled.bqrs.
2026-01-16T16:15:15.0009481Z Interpreting /opt/hostedtoolcache/CodeQL/2.23.9/x64/codeql/qlpacks/codeql/python-queries/1.7.4/Security/CWE-730/ReDoS.ql...
2026-01-16T16:15:15.0220772Z  ... found results file at /home/runner/work/_temp/codeql_databases/python/results/codeql/python-queries/Security/CWE-730/ReDoS.bqrs.
2026-01-16T16:15:15.0222156Z Interpreting /opt/hostedtoolcache/CodeQL/2.23.9/x64/codeql/qlpacks/codeql/python-queries/1.7.4/Security/CWE-730/PolynomialReDoS.ql...
2026-01-16T16:15:15.0307237Z  ... found results file at /home/runner/work/_temp/codeql_databases/python/results/codeql/python-queries/Security/CWE-730/PolynomialReDoS.bqrs.
2026-01-16T16:15:15.0308925Z Interpreting /opt/hostedtoolcache/CodeQL/2.23.9/x64/codeql/qlpacks/codeql/python-queries/1.7.4/Security/CWE-730/RegexInjection.ql...
2026-01-16T16:15:15.0368803Z  ... found results file at /home/runner/work/_temp/codeql_databases/python/results/codeql/python-queries/Security/CWE-730/RegexInjection.bqrs.
2026-01-16T16:15:15.0377916Z Interpreting /opt/hostedtoolcache/CodeQL/2.23.9/x64/codeql/qlpacks/codeql/python-queries/1.7.4/Security/CWE-094/CodeInjection.ql...
2026-01-16T16:15:15.0442884Z  ... found results file at /home/runner/work/_temp/codeql_databases/python/results/codeql/python-queries/Security/CWE-094/CodeInjection.bqrs.
2026-01-16T16:15:15.0475218Z Interpreting /opt/hostedtoolcache/CodeQL/2.23.9/x64/codeql/qlpacks/codeql/python-queries/1.7.4/Security/CWE-502/UnsafeDeserialization.ql...
2026-01-16T16:15:15.0523987Z  ... found results file at /home/runner/work/_temp/codeql_databases/python/results/codeql/python-queries/Security/CWE-502/UnsafeDeserialization.bqrs.
2026-01-16T16:15:15.0531876Z Interpreting /opt/hostedtoolcache/CodeQL/2.23.9/x64/codeql/qlpacks/codeql/python-queries/1.7.4/Security/CWE-215/FlaskDebug.ql...
2026-01-16T16:15:15.0598457Z  ... found results file at /home/runner/work/_temp/codeql_databases/python/results/codeql/python-queries/Security/CWE-215/FlaskDebug.bqrs.
2026-01-16T16:15:15.0603655Z Interpreting /opt/hostedtoolcache/CodeQL/2.23.9/x64/codeql/qlpacks/codeql/python-queries/1.7.4/Security/CWE-074/TemplateInjection.ql...
2026-01-16T16:15:15.0657280Z  ... found results file at /home/runner/work/_temp/codeql_databases/python/results/codeql/python-queries/Security/CWE-074/TemplateInjection.bqrs.
2026-01-16T16:15:15.0663615Z Interpreting /opt/hostedtoolcache/CodeQL/2.23.9/x64/codeql/qlpacks/codeql/python-queries/1.7.4/Security/CWE-327/InsecureProtocol.ql...
2026-01-16T16:15:15.0739147Z  ... found results file at /home/runner/work/_temp/codeql_databases/python/results/codeql/python-queries/Security/CWE-327/InsecureProtocol.bqrs.
2026-01-16T16:15:15.0765643Z Interpreting /opt/hostedtoolcache/CodeQL/2.23.9/x64/codeql/qlpacks/codeql/python-queries/1.7.4/Security/CWE-327/InsecureDefaultProtocol.ql...
2026-01-16T16:15:15.0820446Z  ... found results file at /home/runner/work/_temp/codeql_databases/python/results/codeql/python-queries/Security/CWE-327/InsecureDefaultProtocol.bqrs.
2026-01-16T16:15:15.0828355Z Interpreting /opt/hostedtoolcache/CodeQL/2.23.9/x64/codeql/qlpacks/codeql/python-queries/1.7.4/Security/CWE-327/WeakSensitiveDataHashing.ql...
2026-01-16T16:15:15.0888464Z  ... found results file at /home/runner/work/_temp/codeql_databases/python/results/codeql/python-queries/Security/CWE-327/WeakSensitiveDataHashing.bqrs.
2026-01-16T16:15:15.0896715Z Interpreting /opt/hostedtoolcache/CodeQL/2.23.9/x64/codeql/qlpacks/codeql/python-queries/1.7.4/Security/CWE-327/BrokenCryptoAlgorithm.ql...
2026-01-16T16:15:15.0951407Z  ... found results file at /home/runner/work/_temp/codeql_databases/python/results/codeql/python-queries/Security/CWE-327/BrokenCryptoAlgorithm.bqrs.
2026-01-16T16:15:15.0962775Z Interpreting /opt/hostedtoolcache/CodeQL/2.23.9/x64/codeql/qlpacks/codeql/python-queries/1.7.4/Security/CWE-918/FullServerSideRequestForgery.ql...
2026-01-16T16:15:15.1024180Z  ... found results file at /home/runner/work/_temp/codeql_databases/python/results/codeql/python-queries/Security/CWE-918/FullServerSideRequestForgery.bqrs.
2026-01-16T16:15:15.1026761Z Interpreting /opt/hostedtoolcache/CodeQL/2.23.9/x64/codeql/qlpacks/codeql/python-queries/1.7.4/Security/CWE-090/LdapInjection.ql...
2026-01-16T16:15:15.1080794Z  ... found results file at /home/runner/work/_temp/codeql_databases/python/results/codeql/python-queries/Security/CWE-090/LdapInjection.bqrs.
2026-01-16T16:15:15.1084460Z Interpreting /opt/hostedtoolcache/CodeQL/2.23.9/x64/codeql/qlpacks/codeql/python-queries/1.7.4/Security/CWE-285/PamAuthorization.ql...
2026-01-16T16:15:15.1149827Z  ... found results file at /home/runner/work/_temp/codeql_databases/python/results/codeql/python-queries/Security/CWE-285/PamAuthorization.bqrs.
2026-01-16T16:15:15.1154756Z Interpreting /opt/hostedtoolcache/CodeQL/2.23.9/x64/codeql/qlpacks/codeql/python-queries/1.7.4/Security/CWE-209/StackTraceExposure.ql...
2026-01-16T16:15:15.1214681Z  ... found results file at /home/runner/work/_temp/codeql_databases/python/results/codeql/python-queries/Security/CWE-209/StackTraceExposure.bqrs.
2026-01-16T16:15:15.1217814Z Interpreting /opt/hostedtoolcache/CodeQL/2.23.9/x64/codeql/qlpacks/codeql/python-queries/1.7.4/Security/CWE-611/Xxe.ql...
2026-01-16T16:15:15.1275719Z  ... found results file at /home/runner/work/_temp/codeql_databases/python/results/codeql/python-queries/Security/CWE-611/Xxe.bqrs.
2026-01-16T16:15:15.1277514Z Interpreting /opt/hostedtoolcache/CodeQL/2.23.9/x64/codeql/qlpacks/codeql/python-queries/1.7.4/Expressions/UseofInput.ql...
2026-01-16T16:15:15.1317708Z  ... found results file at /home/runner/work/_temp/codeql_databases/python/results/codeql/python-queries/Expressions/UseofInput.bqrs.
2026-01-16T16:15:15.1330473Z Interpreting /opt/hostedtoolcache/CodeQL/2.23.9/x64/codeql/qlpacks/codeql/python-queries/1.7.4/Diagnostics/ExtractionWarnings.ql...
2026-01-16T16:15:15.1379048Z  ... found results file at /home/runner/work/_temp/codeql_databases/python/results/codeql/python-queries/Diagnostics/ExtractionWarnings.bqrs.
2026-01-16T16:15:15.1388024Z Interpreting /opt/hostedtoolcache/CodeQL/2.23.9/x64/codeql/qlpacks/codeql/python-queries/1.7.4/Diagnostics/ExtractedFiles.ql...
2026-01-16T16:15:15.1454145Z  ... found results file at /home/runner/work/_temp/codeql_databases/python/results/codeql/python-queries/Diagnostics/ExtractedFiles.bqrs.
2026-01-16T16:15:15.1461242Z Interpreting /opt/hostedtoolcache/CodeQL/2.23.9/x64/codeql/qlpacks/codeql/python-queries/1.7.4/Summary/LinesOfUserCode.ql...
2026-01-16T16:15:15.1532027Z  ... found results file at /home/runner/work/_temp/codeql_databases/python/results/codeql/python-queries/Summary/LinesOfUserCode.bqrs.
2026-01-16T16:15:15.1543998Z Interpreting /opt/hostedtoolcache/CodeQL/2.23.9/x64/codeql/qlpacks/codeql/python-queries/1.7.4/Summary/LinesOfCode.ql...
2026-01-16T16:15:15.1590886Z  ... found results file at /home/runner/work/_temp/codeql_databases/python/results/codeql/python-queries/Summary/LinesOfCode.bqrs.
2026-01-16T16:15:15.2067260Z Interpreted pathproblem query "Clear-text logging of sensitive information" (py/clear-text-logging-sensitive-data) at path /home/runner/work/_temp/codeql_databases/python/results/codeql/python-queries/Security/CWE-312/CleartextLogging.bqrs.
2026-01-16T16:15:15.2074926Z Interpreted pathproblem query "Clear-text storage of sensitive information" (py/clear-text-storage-sensitive-data) at path /home/runner/work/_temp/codeql_databases/python/results/codeql/python-queries/Security/CWE-312/CleartextStorage.bqrs.
2026-01-16T16:15:15.2079959Z Interpreted problem query "Incomplete URL substring sanitization" (py/incomplete-url-substring-sanitization) at path /home/runner/work/_temp/codeql_databases/python/results/codeql/python-queries/Security/CWE-020/IncompleteUrlSubstringSanitization.bqrs.
2026-01-16T16:15:15.2084075Z Interpreted problem query "Incomplete regular expression for hostnames" (py/incomplete-hostname-regexp) at path /home/runner/work/_temp/codeql_databases/python/results/codeql/python-queries/Security/CWE-020/IncompleteHostnameRegExp.bqrs.
2026-01-16T16:15:15.2115727Z Interpreted problem query "Overly permissive regular expression range" (py/overly-large-range) at path /home/runner/work/_temp/codeql_databases/python/results/codeql/python-queries/Security/CWE-020/OverlyLargeRange.bqrs.
2026-01-16T16:15:15.2121700Z Interpreted pathproblem query "Construction of a cookie using user-supplied input" (py/cookie-injection) at path /home/runner/work/_temp/codeql_databases/python/results/codeql/python-queries/Security/CWE-020/CookieInjection.bqrs.
2026-01-16T16:15:15.2128824Z Interpreted problem query "Sensitive cookie with `SameSite` attribute set to `None`" (py/samesite-none-cookie) at path /home/runner/work/_temp/codeql_databases/python/results/codeql/python-queries/Security/CWE-1275/SameSiteNoneCookie.bqrs.
2026-01-16T16:15:15.2131228Z Interpreted pathproblem query "XML internal entity expansion" (py/xml-bomb) at path /home/runner/work/_temp/codeql_databases/python/results/codeql/python-queries/Security/CWE-776/XmlBomb.bqrs.
2026-01-16T16:15:15.2133661Z Interpreted problem query "Use of weak cryptographic key" (py/weak-crypto-key) at path /home/runner/work/_temp/codeql_databases/python/results/codeql/python-queries/Security/CWE-326/WeakCryptoKey.bqrs.
2026-01-16T16:15:15.2136145Z Interpreted pathproblem query "HTTP Response Splitting" (py/http-response-splitting) at path /home/runner/work/_temp/codeql_databases/python/results/codeql/python-queries/Security/CWE-113/HeaderInjection.bqrs.
2026-01-16T16:15:15.2138471Z Interpreted pathproblem query "URL redirection from remote source" (py/url-redirection) at path /home/runner/work/_temp/codeql_databases/python/results/codeql/python-queries/Security/CWE-601/UrlRedirect.bqrs.
2026-01-16T16:15:15.2140884Z Interpreted pathproblem query "Uncontrolled command line" (py/command-line-injection) at path /home/runner/work/_temp/codeql_databases/python/results/codeql/python-queries/Security/CWE-078/CommandInjection.bqrs.
2026-01-16T16:15:15.2143662Z Interpreted problem query "Accepting unknown SSH host keys when using Paramiko" (py/paramiko-missing-host-key-validation) at path /home/runner/work/_temp/codeql_databases/python/results/codeql/python-queries/Security/CWE-295/MissingHostKeyValidation.bqrs.
2026-01-16T16:15:15.2146195Z Interpreted pathproblem query "NoSQL Injection" (py/nosql-injection) at path /home/runner/work/_temp/codeql_databases/python/results/codeql/python-queries/Security/CWE-943/NoSqlInjection.bqrs.
2026-01-16T16:15:15.2150003Z Interpreted pathproblem query "XPath query built from user-controlled sources" (py/xpath-injection) at path /home/runner/work/_temp/codeql_databases/python/results/codeql/python-queries/Security/CWE-643/XpathInjection.bqrs.
2026-01-16T16:15:15.2154006Z Interpreted pathproblem query "Reflected server-side cross-site scripting" (py/reflective-xss) at path /home/runner/work/_temp/codeql_databases/python/results/codeql/python-queries/Security/CWE-079/ReflectedXss.bqrs.
2026-01-16T16:15:15.2157699Z Interpreted pathproblem query "SQL query built from user-controlled sources" (py/sql-injection) at path /home/runner/work/_temp/codeql_databases/python/results/codeql/python-queries/Security/CWE-089/SqlInjection.bqrs.
2026-01-16T16:15:15.2186610Z Interpreted problem query "Binding a socket to all network interfaces" (py/bind-socket-all-network-interfaces) at path /home/runner/work/_temp/codeql_databases/python/results/codeql/python-queries/Security/CVE-2018-1281/BindToAllInterfaces.bqrs.
2026-01-16T16:15:15.2189268Z Interpreted pathproblem query "Uncontrolled data used in path expression" (py/path-injection) at path /home/runner/work/_temp/codeql_databases/python/results/codeql/python-queries/Security/CWE-022/PathInjection.bqrs.
2026-01-16T16:15:15.2191692Z Interpreted problem query "Failure to use secure cookies" (py/insecure-cookie) at path /home/runner/work/_temp/codeql_databases/python/results/codeql/python-queries/Security/CWE-614/InsecureCookie.bqrs.
2026-01-16T16:15:15.2194519Z Interpreted problem query "Sensitive cookie missing `HttpOnly` attribute" (py/client-exposed-cookie) at path /home/runner/work/_temp/codeql_databases/python/results/codeql/python-queries/Security/CWE-1004/NonHttpOnlyCookie.bqrs.
2026-01-16T16:15:15.2196877Z Interpreted problem query "Bad HTML filtering regexp" (py/bad-tag-filter) at path /home/runner/work/_temp/codeql_databases/python/results/codeql/python-queries/Security/CWE-116/BadTagFilter.bqrs.
2026-01-16T16:15:15.2199156Z Interpreted problem query "Insecure temporary file" (py/insecure-temporary-file) at path /home/runner/work/_temp/codeql_databases/python/results/codeql/python-queries/Security/CWE-377/InsecureTemporaryFile.bqrs.
2026-01-16T16:15:15.2201696Z Interpreted problem query "CSRF protection weakened or disabled" (py/csrf-protection-disabled) at path /home/runner/work/_temp/codeql_databases/python/results/codeql/python-queries/Security/CWE-352/CSRFProtectionDisabled.bqrs.
2026-01-16T16:15:15.2204191Z Interpreted problem query "Inefficient regular expression" (py/redos) at path /home/runner/work/_temp/codeql_databases/python/results/codeql/python-queries/Security/CWE-730/ReDoS.bqrs.
2026-01-16T16:15:15.2206731Z Interpreted pathproblem query "Polynomial regular expression used on uncontrolled data" (py/polynomial-redos) at path /home/runner/work/_temp/codeql_databases/python/results/codeql/python-queries/Security/CWE-730/PolynomialReDoS.bqrs.
2026-01-16T16:15:15.2209294Z Interpreted pathproblem query "Regular expression injection" (py/regex-injection) at path /home/runner/work/_temp/codeql_databases/python/results/codeql/python-queries/Security/CWE-730/RegexInjection.bqrs.
2026-01-16T16:15:15.2211540Z Interpreted pathproblem query "Code injection" (py/code-injection) at path /home/runner/work/_temp/codeql_databases/python/results/codeql/python-queries/Security/CWE-094/CodeInjection.bqrs.
2026-01-16T16:15:15.2213980Z Interpreted pathproblem query "Deserialization of user-controlled data" (py/unsafe-deserialization) at path /home/runner/work/_temp/codeql_databases/python/results/codeql/python-queries/Security/CWE-502/UnsafeDeserialization.bqrs.
2026-01-16T16:15:15.2216262Z Interpreted problem query "Flask app is run in debug mode" (py/flask-debug) at path /home/runner/work/_temp/codeql_databases/python/results/codeql/python-queries/Security/CWE-215/FlaskDebug.bqrs.
2026-01-16T16:15:15.2218231Z Interpreted pathproblem query "Server Side Template Injection" (py/template-injection) at path /home/runner/work/_temp/codeql_databases/python/results/codeql/python-queries/Security/CWE-074/TemplateInjection.bqrs.
2026-01-16T16:15:15.2230952Z Interpreted problem query "Use of insecure SSL/TLS version" (py/insecure-protocol) at path /home/runner/work/_temp/codeql_databases/python/results/codeql/python-queries/Security/CWE-327/InsecureProtocol.bqrs.
2026-01-16T16:15:15.2233653Z Interpreted problem query "Default version of SSL/TLS may be insecure" (py/insecure-default-protocol) at path /home/runner/work/_temp/codeql_databases/python/results/codeql/python-queries/Security/CWE-327/InsecureDefaultProtocol.bqrs.
2026-01-16T16:15:15.2237383Z Interpreted pathproblem query "Use of a broken or weak cryptographic hashing algorithm on sensitive data" (py/weak-sensitive-data-hashing) at path /home/runner/work/_temp/codeql_databases/python/results/codeql/python-queries/Security/CWE-327/WeakSensitiveDataHashing.bqrs.
2026-01-16T16:15:15.2240194Z Interpreted problem query "Use of a broken or weak cryptographic algorithm" (py/weak-cryptographic-algorithm) at path /home/runner/work/_temp/codeql_databases/python/results/codeql/python-queries/Security/CWE-327/BrokenCryptoAlgorithm.bqrs.
2026-01-16T16:15:15.2242697Z Interpreted pathproblem query "Full server-side request forgery" (py/full-ssrf) at path /home/runner/work/_temp/codeql_databases/python/results/codeql/python-queries/Security/CWE-918/FullServerSideRequestForgery.bqrs.
2026-01-16T16:15:15.2244916Z Interpreted pathproblem query "LDAP query built from user-controlled sources" (py/ldap-injection) at path /home/runner/work/_temp/codeql_databases/python/results/codeql/python-queries/Security/CWE-090/LdapInjection.bqrs.
2026-01-16T16:15:15.2247538Z Interpreted pathproblem query "PAM authorization bypass due to incorrect usage" (py/pam-auth-bypass) at path /home/runner/work/_temp/codeql_databases/python/results/codeql/python-queries/Security/CWE-285/PamAuthorization.bqrs.
2026-01-16T16:15:15.2250056Z Interpreted pathproblem query "Information exposure through an exception" (py/stack-trace-exposure) at path /home/runner/work/_temp/codeql_databases/python/results/codeql/python-queries/Security/CWE-209/StackTraceExposure.bqrs.
2026-01-16T16:15:15.2252705Z Interpreted pathproblem query "XML external entity expansion" (py/xxe) at path /home/runner/work/_temp/codeql_databases/python/results/codeql/python-queries/Security/CWE-611/Xxe.bqrs.
2026-01-16T16:15:15.2254330Z Interpreted problem query "'input' function used in Python 2" (py/use-of-input) at path /home/runner/work/_temp/codeql_databases/python/results/codeql/python-queries/Expressions/UseofInput.bqrs.
2026-01-16T16:15:15.2269382Z Interpreted diagnostic query "Python extraction warnings" (py/diagnostics/extraction-warnings) at path /home/runner/work/_temp/codeql_databases/python/results/codeql/python-queries/Diagnostics/ExtractionWarnings.bqrs.
2026-01-16T16:15:15.2271754Z Interpreted diagnostic query "Extracted Python files" (py/diagnostics/successfully-extracted-files) at path /home/runner/work/_temp/codeql_databases/python/results/codeql/python-queries/Diagnostics/ExtractedFiles.bqrs.
2026-01-16T16:15:15.2274357Z Interpreted metric query "Total lines of user written Python code in the database" (py/summary/lines-of-user-code) at path /home/runner/work/_temp/codeql_databases/python/results/codeql/python-queries/Summary/LinesOfUserCode.bqrs.
2026-01-16T16:15:15.2276757Z Interpreted metric query "Total lines of Python code in the database" (py/summary/lines-of-code) at path /home/runner/work/_temp/codeql_databases/python/results/codeql/python-queries/Summary/LinesOfCode.bqrs.
2026-01-16T16:15:15.2278148Z Reading source archive /home/runner/work/_temp/codeql_databases/python/src.zip
2026-01-16T16:15:15.2808971Z Interpreting file coverage baseline information
2026-01-16T16:15:15.2831728Z Finished interpreting file coverage baseline information.
2026-01-16T16:15:15.2843299Z Interpreting diagnostic messages...
2026-01-16T16:15:15.3229281Z Found 4 raw diagnostic messages.
2026-01-16T16:15:15.3309883Z Processed diagnostic messages (removed 0 due to limits, created 0 summary diagnostics for status page).
2026-01-16T16:15:15.3333378Z Interpreted diagnostic messages (49ms).
2026-01-16T16:15:15.4827603Z Exporting results to SARIF...
2026-01-16T16:15:15.6014187Z Exported results to SARIF (118ms).
2026-01-16T16:15:15.6285463Z ##[endgroup]
2026-01-16T16:15:15.6286655Z CodeQL scanned 9 out of 9 Python files and 5 out of 5 GitHub Actions files in this invocation. Check the status page for overall coverage information: https://github.com/Boss-1s/scratchattach/security/code-scanning/tools/CodeQL/status/
2026-01-16T16:15:15.6287560Z 
2026-01-16T16:15:15.6295627Z Post-processing sarif files: ["/home/runner/work/scratchattach/results/python.sarif"]
2026-01-16T16:15:15.6318582Z Adding fingerprints to SARIF file. See https://docs.github.com/en/enterprise-cloud@latest/code-security/code-scanning/integrating-with-code-scanning/sarif-support-for-code-scanning#providing-data-to-track-code-scanning-alerts-across-runs for more information.
2026-01-16T16:15:15.6320348Z ##[group]Uploading code scanning results
2026-01-16T16:15:15.6439616Z Uploading results
2026-01-16T16:15:16.1393966Z Successfully uploaded results
2026-01-16T16:15:16.1394473Z ##[endgroup]
2026-01-16T16:15:16.1399072Z ##[group]Cleaning up databases
2026-01-16T16:15:16.1400674Z [command]/opt/hostedtoolcache/CodeQL/2.23.9/x64/codeql/codeql database cleanup /home/runner/work/_temp/codeql_databases/python --cache-cleanup=clear
2026-01-16T16:15:16.8069039Z Cleaning up existing TRAP files after import...
2026-01-16T16:15:16.8118100Z TRAP files cleaned up (3ms).
2026-01-16T16:15:16.8120370Z Cleaning up scratch directory...
2026-01-16T16:15:16.8120788Z Scratch directory cleaned up (0ms).
2026-01-16T16:15:16.8607326Z ##[endgroup]
2026-01-16T16:15:16.8617192Z [command]/opt/hostedtoolcache/CodeQL/2.23.9/x64/codeql/codeql database bundle /home/runner/work/_temp/codeql_databases/python --output=/home/runner/work/_temp/codeql_databases/python.zip --name=python
2026-01-16T16:15:17.6906739Z Creating bundle metadata for /home/runner/work/_temp/codeql_databases/python...
2026-01-16T16:15:17.8627609Z Creating zip file at /home/runner/work/_temp/codeql_databases/python.zip.
2026-01-16T16:15:18.5937020Z Skipping upload of dependency cache for python as we have no caching configuration for it.
2026-01-16T16:15:18.5939122Z ##[group]Waiting for processing to finish
2026-01-16T16:15:18.8284807Z Analysis upload status is complete.
2026-01-16T16:15:18.8285650Z ##[endgroup]
2026-01-16T16:15:19.0716436Z Post job cleanup.
2026-01-16T16:15:19.8887306Z Post job cleanup.
2026-01-16T16:15:20.0955159Z Post job cleanup.
2026-01-16T16:15:21.3189956Z CodeQL job status was success.
2026-01-16T16:15:21.3198819Z Sending status report for init-post step.
2026-01-16T16:15:21.5395887Z Status report sent for init-post step.
2026-01-16T16:15:21.5535320Z Post job cleanup.
2026-01-16T16:15:21.6422274Z [command]/usr/bin/git version
2026-01-16T16:15:21.6455394Z git version 2.52.0
2026-01-16T16:15:21.6496116Z Temporarily overriding HOME='/home/runner/work/_temp/5b0a526b-f168-4ad0-aeab-f27939b0d16c' before making global git config changes
2026-01-16T16:15:21.6498080Z Adding repository directory to the temporary git global config as a safe directory
2026-01-16T16:15:21.6511465Z [command]/usr/bin/git config --global --add safe.directory /home/runner/work/scratchattach/scratchattach
2026-01-16T16:15:21.6543733Z [command]/usr/bin/git config --local --name-only --get-regexp core\.sshCommand
2026-01-16T16:15:21.6573269Z [command]/usr/bin/git submodule foreach --recursive sh -c "git config --local --name-only --get-regexp 'core\.sshCommand' && git config --local --unset-all 'core.sshCommand' || :"
2026-01-16T16:15:21.6755101Z [command]/usr/bin/git config --local --name-only --get-regexp http\.https\:\/\/github\.com\/\.extraheader
2026-01-16T16:15:21.6774357Z http.https://github.com/.extraheader
2026-01-16T16:15:21.6786404Z [command]/usr/bin/git config --local --unset-all http.https://github.com/.extraheader
2026-01-16T16:15:21.6812217Z [command]/usr/bin/git submodule foreach --recursive sh -c "git config --local --name-only --get-regexp 'http\.https\:\/\/github\.com\/\.extraheader' && git config --local --unset-all 'http.https://github.com/.extraheader' || :"
2026-01-16T16:15:21.6992009Z [command]/usr/bin/git config --local --name-only --get-regexp ^includeIf\.gitdir:
2026-01-16T16:15:21.7019282Z [command]/usr/bin/git submodule foreach --recursive git config --local --show-origin --name-only --get-regexp remote.origin.url
2026-01-16T16:15:21.7303508Z Cleaning up orphan processes
