2026-02-10T02:41:34.7516584Z Current runner version: '2.331.0'
2026-02-10T02:41:34.7541495Z ##[group]Runner Image Provisioner
2026-02-10T02:41:34.7542339Z Hosted Compute Agent
2026-02-10T02:41:34.7542858Z Version: 20260123.484
2026-02-10T02:41:34.7543559Z Commit: 6bd6555ca37d84114959e1c76d2c01448ff61c5d
2026-02-10T02:41:34.7544260Z Build Date: 2026-01-23T19:41:17Z
2026-02-10T02:41:34.7544885Z Worker ID: {6134ce7a-15ec-4f30-a9d1-e9d337d8f13d}
2026-02-10T02:41:34.7545716Z Azure Region: westus
2026-02-10T02:41:34.7546264Z ##[endgroup]
2026-02-10T02:41:34.7547567Z ##[group]Operating System
2026-02-10T02:41:34.7548259Z Ubuntu
2026-02-10T02:41:34.7548707Z 24.04.3
2026-02-10T02:41:34.7549166Z LTS
2026-02-10T02:41:34.7550013Z ##[endgroup]
2026-02-10T02:41:34.7550503Z ##[group]Runner Image
2026-02-10T02:41:34.7551050Z Image: ubuntu-24.04
2026-02-10T02:41:34.7551630Z Version: 20260201.15.1
2026-02-10T02:41:34.7552821Z Included Software: https://github.com/actions/runner-images/blob/ubuntu24/20260201.15/images/ubuntu/Ubuntu2404-Readme.md
2026-02-10T02:41:34.7554343Z Image Release: https://github.com/actions/runner-images/releases/tag/ubuntu24%2F20260201.15
2026-02-10T02:41:34.7555257Z ##[endgroup]
2026-02-10T02:41:34.7556321Z ##[group]GITHUB_TOKEN Permissions
2026-02-10T02:41:34.7558071Z Contents: write
2026-02-10T02:41:34.7558601Z Metadata: read
2026-02-10T02:41:34.7559227Z ##[endgroup]
2026-02-10T02:41:34.7561532Z Secret source: Actions
2026-02-10T02:41:34.7562256Z Prepare workflow directory
2026-02-10T02:41:34.7878813Z Prepare all required actions
2026-02-10T02:41:34.7915327Z Getting action download info
2026-02-10T02:41:35.2541684Z Download action repository 'actions/checkout@v6.0.2' (SHA:de0fac2e4500dabe0009e67214ff5f5447ce83dd)
2026-02-10T02:41:35.3528171Z Download action repository 'pawanbahuguna/action-logs@v2.0.0' (SHA:2fb2206c1749d6d09b8799a05519c08ee503660d)
2026-02-10T02:41:36.0843127Z Complete job name: Download GH action logs
2026-02-10T02:41:36.1375701Z ##[group]Build container for action use: '/home/runner/work/_actions/pawanbahuguna/action-logs/v2.0.0/Dockerfile'.
2026-02-10T02:41:36.1426024Z ##[command]/usr/bin/docker build -t 9bdd33:72a8490e4f1448eb8b09a692c4966510 -f "/home/runner/work/_actions/pawanbahuguna/action-logs/v2.0.0/Dockerfile" "/home/runner/work/_actions/pawanbahuguna/action-logs/v2.0.0"
2026-02-10T02:41:36.8218177Z #0 building with "default" instance using docker driver
2026-02-10T02:41:36.8219856Z 
2026-02-10T02:41:36.8220580Z #1 [internal] load build definition from Dockerfile
2026-02-10T02:41:36.8222417Z #1 transferring dockerfile: 347B done
2026-02-10T02:41:36.8223894Z #1 DONE 0.0s
2026-02-10T02:41:36.8224477Z 
2026-02-10T02:41:36.8225356Z #2 [internal] load metadata for docker.io/library/alpine:latest
2026-02-10T02:41:37.0591313Z #2 ...
2026-02-10T02:41:37.0596042Z 
2026-02-10T02:41:37.0597475Z #3 [auth] library/alpine:pull token for registry-1.docker.io
2026-02-10T02:41:37.0599883Z #3 DONE 0.0s
2026-02-10T02:41:37.2079579Z 
2026-02-10T02:41:37.2080696Z #2 [internal] load metadata for docker.io/library/alpine:latest
2026-02-10T02:41:37.6443854Z #2 DONE 1.0s
2026-02-10T02:41:37.7601952Z 
2026-02-10T02:41:37.7602899Z #4 [internal] load .dockerignore
2026-02-10T02:41:37.7603586Z #4 transferring context: 2B done
2026-02-10T02:41:37.7604151Z #4 DONE 0.0s
2026-02-10T02:41:37.7604393Z 
2026-02-10T02:41:37.7604579Z #5 [internal] load build context
2026-02-10T02:41:37.7605145Z #5 transferring context: 2.53kB done
2026-02-10T02:41:37.7605674Z #5 DONE 0.0s
2026-02-10T02:41:37.7605932Z 
2026-02-10T02:41:37.7606603Z #6 [1/4] FROM docker.io/library/alpine:latest@sha256:25109184c71bdad752c8312a8623239686a9a2071e8825f20acb8f2198c3f659
2026-02-10T02:41:37.7608215Z #6 resolve docker.io/library/alpine:latest@sha256:25109184c71bdad752c8312a8623239686a9a2071e8825f20acb8f2198c3f659 done
2026-02-10T02:41:37.7609917Z #6 sha256:25109184c71bdad752c8312a8623239686a9a2071e8825f20acb8f2198c3f659 9.22kB / 9.22kB done
2026-02-10T02:41:37.7611406Z #6 sha256:59855d3dceb3ae53991193bd03301e082b2a7faa56a514b03527ae0ec2ce3a95 1.02kB / 1.02kB done
2026-02-10T02:41:37.7613007Z #6 sha256:a40c03cbb81c59bfb0e0887ab0b1859727075da7b9cc576a1cec2c771f38c5fb 611B / 611B done
2026-02-10T02:41:37.7614167Z #6 sha256:589002ba0eaed121a1dbf42f6648f29e5be55d5c8a6ee0f8eaa0285cc21ac153 0B / 3.86MB 0.1s
2026-02-10T02:41:37.8659162Z #6 sha256:589002ba0eaed121a1dbf42f6648f29e5be55d5c8a6ee0f8eaa0285cc21ac153 3.86MB / 3.86MB 0.1s done
2026-02-10T02:41:37.8661216Z #6 extracting sha256:589002ba0eaed121a1dbf42f6648f29e5be55d5c8a6ee0f8eaa0285cc21ac153 0.1s done
2026-02-10T02:41:38.0460694Z #6 DONE 0.2s
2026-02-10T02:41:38.0461059Z 
2026-02-10T02:41:38.0461324Z #7 [2/4] RUN apk update && apk add --no-cache curl jq
2026-02-10T02:41:38.3424770Z #7 0.446 v3.23.3-77-g7432f520ff4 [https://dl-cdn.alpinelinux.org/alpine/v3.23/main]
2026-02-10T02:41:38.3425812Z #7 0.446 v3.23.3-77-g7432f520ff4 [https://dl-cdn.alpinelinux.org/alpine/v3.23/community]
2026-02-10T02:41:38.3426687Z #7 0.446 OK: 27572 distinct packages available
2026-02-10T02:41:38.6582702Z #7 0.762 ( 1/12) Installing brotli-libs (1.2.0-r0)
2026-02-10T02:41:38.8747034Z #7 0.773 ( 2/12) Installing c-ares (1.34.6-r0)
2026-02-10T02:41:38.8747859Z #7 0.776 ( 3/12) Installing libunistring (1.4.1-r0)
2026-02-10T02:41:38.8748195Z #7 0.787 ( 4/12) Installing libidn2 (2.3.8-r0)
2026-02-10T02:41:38.8748809Z #7 0.790 ( 5/12) Installing nghttp2-libs (1.68.0-r0)
2026-02-10T02:41:38.8749167Z #7 0.792 ( 6/12) Installing nghttp3 (1.13.1-r0)
2026-02-10T02:41:38.8749623Z #7 0.795 ( 7/12) Installing libpsl (0.21.5-r3)
2026-02-10T02:41:38.8749969Z #7 0.797 ( 8/12) Installing zstd-libs (1.5.7-r2)
2026-02-10T02:41:38.8750297Z #7 0.803 ( 9/12) Installing libcurl (8.17.0-r1)
2026-02-10T02:41:38.8750625Z #7 0.810 (10/12) Installing curl (8.17.0-r1)
2026-02-10T02:41:38.8750931Z #7 0.813 (11/12) Installing oniguruma (6.9.10-r0)
2026-02-10T02:41:38.8751239Z #7 0.818 (12/12) Installing jq (1.8.1-r0)
2026-02-10T02:41:38.8751819Z #7 0.822 Executing busybox-1.37.0-r30.trigger
2026-02-10T02:41:38.8752131Z #7 0.828 OK: 14.1 MiB in 28 packages
2026-02-10T02:41:39.4984218Z #7 DONE 1.6s
2026-02-10T02:41:39.6266043Z 
2026-02-10T02:41:39.6266982Z #8 [3/4] COPY entrypoint.sh /entrypoint.sh
2026-02-10T02:41:39.6267984Z #8 DONE 0.0s
2026-02-10T02:41:39.6271535Z 
2026-02-10T02:41:39.6272092Z #9 [4/4] RUN chmod +x /entrypoint.sh
2026-02-10T02:41:39.6272590Z #9 DONE 0.1s
2026-02-10T02:41:39.7787342Z 
2026-02-10T02:41:39.7787785Z #10 exporting to image
2026-02-10T02:41:39.7788396Z #10 exporting layers
2026-02-10T02:41:40.0109621Z #10 exporting layers 0.4s done
2026-02-10T02:41:40.0293404Z #10 writing image sha256:799face7dbc45f4f2df278ae172bba8de7768d7e4b3b126e3dc463fbdf2ca015 done
2026-02-10T02:41:40.0294407Z #10 naming to docker.io/library/9bdd33:72a8490e4f1448eb8b09a692c4966510 done
2026-02-10T02:41:40.0294976Z #10 DONE 0.4s
2026-02-10T02:41:40.0363848Z ##[endgroup]
2026-02-10T02:41:40.0621835Z ##[group]Run actions/checkout@v6.0.2
2026-02-10T02:41:40.0622494Z with:
2026-02-10T02:41:40.0622703Z   repository: Boss-1s/scratchattach
2026-02-10T02:41:40.0623084Z   token: ***
2026-02-10T02:41:40.0623293Z   ssh-strict: true
2026-02-10T02:41:40.0623473Z   ssh-user: git
2026-02-10T02:41:40.0623654Z   persist-credentials: true
2026-02-10T02:41:40.0623868Z   clean: true
2026-02-10T02:41:40.0624065Z   sparse-checkout-cone-mode: true
2026-02-10T02:41:40.0624297Z   fetch-depth: 1
2026-02-10T02:41:40.0624473Z   fetch-tags: false
2026-02-10T02:41:40.0624652Z   show-progress: true
2026-02-10T02:41:40.0624839Z   lfs: false
2026-02-10T02:41:40.0625002Z   submodules: false
2026-02-10T02:41:40.0625181Z   set-safe-directory: true
2026-02-10T02:41:40.0625589Z ##[endgroup]
2026-02-10T02:41:40.1545087Z Syncing repository: Boss-1s/scratchattach
2026-02-10T02:41:40.1547091Z ##[group]Getting Git version info
2026-02-10T02:41:40.1547909Z Working directory is '/home/runner/work/scratchattach/scratchattach'
2026-02-10T02:41:40.1549051Z [command]/usr/bin/git version
2026-02-10T02:41:40.1549905Z git version 2.52.0
2026-02-10T02:41:40.1568823Z ##[endgroup]
2026-02-10T02:41:40.1584004Z Temporarily overriding HOME='/home/runner/work/_temp/52c16f62-c8fb-4cd8-b187-46979517132b' before making global git config changes
2026-02-10T02:41:40.1585852Z Adding repository directory to the temporary git global config as a safe directory
2026-02-10T02:41:40.1589934Z [command]/usr/bin/git config --global --add safe.directory /home/runner/work/scratchattach/scratchattach
2026-02-10T02:41:40.1628355Z Deleting the contents of '/home/runner/work/scratchattach/scratchattach'
2026-02-10T02:41:40.1631947Z ##[group]Initializing the repository
2026-02-10T02:41:40.1636316Z [command]/usr/bin/git init /home/runner/work/scratchattach/scratchattach
2026-02-10T02:41:40.1748601Z hint: Using 'master' as the name for the initial branch. This default branch name
2026-02-10T02:41:40.1749648Z hint: will change to "main" in Git 3.0. To configure the initial branch name
2026-02-10T02:41:40.1750200Z hint: to use in all of your new repositories, which will suppress this warning,
2026-02-10T02:41:40.1750581Z hint: call:
2026-02-10T02:41:40.1750749Z hint:
2026-02-10T02:41:40.1751015Z hint: 	git config --global init.defaultBranch <name>
2026-02-10T02:41:40.1751305Z hint:
2026-02-10T02:41:40.1751589Z hint: Names commonly chosen instead of 'master' are 'main', 'trunk' and
2026-02-10T02:41:40.1752085Z hint: 'development'. The just-created branch can be renamed via this command:
2026-02-10T02:41:40.1752438Z hint:
2026-02-10T02:41:40.1752749Z hint: 	git branch -m <name>
2026-02-10T02:41:40.1753135Z hint:
2026-02-10T02:41:40.1753687Z hint: Disable this message with "git config set advice.defaultBranchName false"
2026-02-10T02:41:40.1754290Z Initialized empty Git repository in /home/runner/work/scratchattach/scratchattach/.git/
2026-02-10T02:41:40.1764191Z [command]/usr/bin/git remote add origin https://github.com/Boss-1s/scratchattach
2026-02-10T02:41:40.1797715Z ##[endgroup]
2026-02-10T02:41:40.1798102Z ##[group]Disabling automatic garbage collection
2026-02-10T02:41:40.1801518Z [command]/usr/bin/git config --local gc.auto 0
2026-02-10T02:41:40.1828894Z ##[endgroup]
2026-02-10T02:41:40.1829755Z ##[group]Setting up auth
2026-02-10T02:41:40.1830830Z Removing SSH command configuration
2026-02-10T02:41:40.1837017Z [command]/usr/bin/git config --local --name-only --get-regexp core\.sshCommand
2026-02-10T02:41:40.1867450Z [command]/usr/bin/git submodule foreach --recursive sh -c "git config --local --name-only --get-regexp 'core\.sshCommand' && git config --local --unset-all 'core.sshCommand' || :"
2026-02-10T02:41:40.2215379Z Removing HTTP extra header
2026-02-10T02:41:40.2220887Z [command]/usr/bin/git config --local --name-only --get-regexp http\.https\:\/\/github\.com\/\.extraheader
2026-02-10T02:41:40.2251772Z [command]/usr/bin/git submodule foreach --recursive sh -c "git config --local --name-only --get-regexp 'http\.https\:\/\/github\.com\/\.extraheader' && git config --local --unset-all 'http.https://github.com/.extraheader' || :"
2026-02-10T02:41:40.2461721Z Removing includeIf entries pointing to credentials config files
2026-02-10T02:41:40.2467357Z [command]/usr/bin/git config --local --name-only --get-regexp ^includeIf\.gitdir:
2026-02-10T02:41:40.2496894Z [command]/usr/bin/git submodule foreach --recursive git config --local --show-origin --name-only --get-regexp remote.origin.url
2026-02-10T02:41:40.2713922Z [command]/usr/bin/git config --file /home/runner/work/_temp/git-credentials-16d968fd-f95f-460c-be31-0e4637cf2a00.config http.https://github.com/.extraheader AUTHORIZATION: basic ***
2026-02-10T02:41:40.2748307Z [command]/usr/bin/git config --local includeIf.gitdir:/home/runner/work/scratchattach/scratchattach/.git.path /home/runner/work/_temp/git-credentials-16d968fd-f95f-460c-be31-0e4637cf2a00.config
2026-02-10T02:41:40.2777447Z [command]/usr/bin/git config --local includeIf.gitdir:/home/runner/work/scratchattach/scratchattach/.git/worktrees/*.path /home/runner/work/_temp/git-credentials-16d968fd-f95f-460c-be31-0e4637cf2a00.config
2026-02-10T02:41:40.2805955Z [command]/usr/bin/git config --local includeIf.gitdir:/github/workspace/.git.path /github/runner_temp/git-credentials-16d968fd-f95f-460c-be31-0e4637cf2a00.config
2026-02-10T02:41:40.2835050Z [command]/usr/bin/git config --local includeIf.gitdir:/github/workspace/.git/worktrees/*.path /github/runner_temp/git-credentials-16d968fd-f95f-460c-be31-0e4637cf2a00.config
2026-02-10T02:41:40.2863312Z ##[endgroup]
2026-02-10T02:41:40.2863867Z ##[group]Fetching the repository
2026-02-10T02:41:40.2872286Z [command]/usr/bin/git -c protocol.version=2 fetch --no-tags --prune --no-recurse-submodules --depth=1 origin +de9e73e969bd1cca8408f4280d12a9c8632791ef:refs/remotes/origin/main
2026-02-10T02:42:14.7519210Z From https://github.com/Boss-1s/scratchattach
2026-02-10T02:42:14.7520226Z  * [new ref]         de9e73e969bd1cca8408f4280d12a9c8632791ef -> origin/main
2026-02-10T02:42:14.7556169Z [command]/usr/bin/git branch --list --remote origin/main
2026-02-10T02:42:14.7588547Z   origin/main
2026-02-10T02:42:14.7597018Z [command]/usr/bin/git rev-parse refs/remotes/origin/main
2026-02-10T02:42:14.7619072Z de9e73e969bd1cca8408f4280d12a9c8632791ef
2026-02-10T02:42:14.7623363Z ##[endgroup]
2026-02-10T02:42:14.7623914Z ##[group]Determining the checkout info
2026-02-10T02:42:14.7625652Z ##[endgroup]
2026-02-10T02:42:14.7629591Z [command]/usr/bin/git sparse-checkout disable
2026-02-10T02:42:14.7671829Z [command]/usr/bin/git config --local --unset-all extensions.worktreeConfig
2026-02-10T02:42:14.7696892Z ##[group]Checking out the ref
2026-02-10T02:42:14.7700965Z [command]/usr/bin/git checkout --progress --force -B main refs/remotes/origin/main
2026-02-10T02:42:15.8184021Z Updating files:  74% (2611/3483)
2026-02-10T02:42:16.1319134Z Updating files:  75% (2613/3483)
2026-02-10T02:42:16.4276907Z Updating files:  76% (2648/3483)
2026-02-10T02:42:16.4324987Z Updating files:  77% (2682/3483)
2026-02-10T02:42:16.6342214Z Updating files:  78% (2717/3483)
2026-02-10T02:42:16.6373422Z Updating files:  79% (2752/3483)
2026-02-10T02:42:16.7807120Z Updating files:  80% (2787/3483)
2026-02-10T02:42:16.9629896Z Updating files:  80% (2809/3483)
2026-02-10T02:42:17.4602826Z Updating files:  81% (2822/3483)
2026-02-10T02:42:17.7052116Z Updating files:  82% (2857/3483)
2026-02-10T02:42:17.7997679Z Updating files:  83% (2891/3483)
2026-02-10T02:42:18.0130820Z Updating files:  83% (2897/3483)
2026-02-10T02:42:18.1787770Z Updating files:  84% (2926/3483)
2026-02-10T02:42:18.6862141Z Updating files:  85% (2961/3483)
2026-02-10T02:42:18.7782967Z Updating files:  86% (2996/3483)
2026-02-10T02:42:19.4468140Z Updating files:  86% (2999/3483)
2026-02-10T02:42:19.7884899Z Updating files:  87% (3031/3483)
2026-02-10T02:42:20.0922258Z Updating files:  87% (3040/3483)
2026-02-10T02:42:20.6688725Z Updating files:  88% (3066/3483)
2026-02-10T02:42:20.7858388Z Updating files:  89% (3100/3483)
2026-02-10T02:42:21.2958489Z Updating files:  89% (3105/3483)
2026-02-10T02:42:21.8057019Z Updating files:  90% (3135/3483)
2026-02-10T02:42:22.0415617Z Updating files:  90% (3160/3483)
2026-02-10T02:42:22.1465612Z Updating files:  91% (3170/3483)
2026-02-10T02:42:22.1684366Z Updating files:  92% (3205/3483)
2026-02-10T02:42:22.1871622Z Updating files:  93% (3240/3483)
2026-02-10T02:42:22.1996614Z Updating files:  94% (3275/3483)
2026-02-10T02:42:22.2132146Z Updating files:  95% (3309/3483)
2026-02-10T02:42:22.8252407Z Updating files:  96% (3344/3483)
2026-02-10T02:42:22.8259203Z Updating files:  96% (3373/3483)
2026-02-10T02:42:23.3462421Z Updating files:  97% (3379/3483)
2026-02-10T02:42:23.5007200Z Updating files:  98% (3414/3483)
2026-02-10T02:42:23.5910616Z Updating files:  99% (3449/3483)
2026-02-10T02:42:23.5911031Z Updating files: 100% (3483/3483)
2026-02-10T02:42:23.5911365Z Updating files: 100% (3483/3483), done.
2026-02-10T02:42:23.5948737Z Switched to a new branch 'main'
2026-02-10T02:42:23.5955652Z branch 'main' set up to track 'origin/main'.
2026-02-10T02:42:23.6153231Z ##[endgroup]
2026-02-10T02:42:23.6194407Z [command]/usr/bin/git log -1 --format=%H
2026-02-10T02:42:23.6219189Z de9e73e969bd1cca8408f4280d12a9c8632791ef
2026-02-10T02:42:23.6400917Z ##[group]Run pawanbahuguna/action-logs@v2.0.0
2026-02-10T02:42:23.6401398Z env:
2026-02-10T02:42:23.6401968Z   GH_TOKEN: ***
2026-02-10T02:42:23.6402163Z   GH_REPO: Boss-1s/scratchattach
2026-02-10T02:42:23.6402388Z   LOGS_DIR: .logs
2026-02-10T02:42:23.6402557Z ##[endgroup]
2026-02-10T02:42:23.6488578Z ##[command]/usr/bin/docker run --name bdd3372a8490e4f1448eb8b09a692c4966510_20f372 --label 9bdd33 --workdir /github/workspace --rm -e "GH_TOKEN" -e "GH_REPO" -e "LOGS_DIR" -e "HOME" -e "GITHUB_JOB" -e "GITHUB_REF" -e "GITHUB_SHA" -e "GITHUB_REPOSITORY" -e "GITHUB_REPOSITORY_OWNER" -e "GITHUB_REPOSITORY_OWNER_ID" -e "GITHUB_RUN_ID" -e "GITHUB_RUN_NUMBER" -e "GITHUB_RETENTION_DAYS" -e "GITHUB_RUN_ATTEMPT" -e "GITHUB_ACTOR_ID" -e "GITHUB_ACTOR" -e "GITHUB_WORKFLOW" -e "GITHUB_HEAD_REF" -e "GITHUB_BASE_REF" -e "GITHUB_EVENT_NAME" -e "GITHUB_SERVER_URL" -e "GITHUB_API_URL" -e "GITHUB_GRAPHQL_URL" -e "GITHUB_REF_NAME" -e "GITHUB_REF_PROTECTED" -e "GITHUB_REF_TYPE" -e "GITHUB_WORKFLOW_REF" -e "GITHUB_WORKFLOW_SHA" -e "GITHUB_REPOSITORY_ID" -e "GITHUB_TRIGGERING_ACTOR" -e "GITHUB_WORKSPACE" -e "GITHUB_ACTION" -e "GITHUB_EVENT_PATH" -e "GITHUB_ACTION_REPOSITORY" -e "GITHUB_ACTION_REF" -e "GITHUB_PATH" -e "GITHUB_ENV" -e "GITHUB_STEP_SUMMARY" -e "GITHUB_STATE" -e "GITHUB_OUTPUT" -e "RUNNER_OS" -e "RUNNER_ARCH" -e "RUNNER_NAME" -e "RUNNER_ENVIRONMENT" -e "RUNNER_TOOL_CACHE" -e "RUNNER_TEMP" -e "RUNNER_WORKSPACE" -e "ACTIONS_RUNTIME_URL" -e "ACTIONS_RUNTIME_TOKEN" -e "ACTIONS_CACHE_URL" -e "ACTIONS_RESULTS_URL" -e "ACTIONS_ORCHESTRATION_ID" -e GITHUB_ACTIONS=true -e CI=true -v "/var/run/docker.sock":"/var/run/docker.sock" -v "/home/runner/work/_temp":"/github/runner_temp" -v "/home/runner/work/_temp/_github_home":"/github/home" -v "/home/runner/work/_temp/_github_workflow":"/github/workflow" -v "/home/runner/work/_temp/_runner_file_commands":"/github/file_commands" -v "/home/runner/work/scratchattach/scratchattach":"/github/workspace" 9bdd33:72a8490e4f1448eb8b09a692c4966510
2026-02-10T02:42:26.9663971Z Will only process 24hrs logs before or equal to 2026-02-09T02:42:26Z
2026-02-10T02:42:26.9664386Z Searching Workflow Runs
2026-02-10T02:42:30.3701920Z Fetching Job IDs
2026-02-10T02:42:33.4154096Z mkdir: can't create directory '.logs': File exists
2026-02-10T02:42:33.4159582Z Writing logs for job 63052884427
2026-02-10T02:42:33.7593295Z Writing logs for job 63022394137
2026-02-10T02:42:34.4878062Z Writing logs for job 63022392077
2026-02-10T02:42:35.2893093Z Writing logs for job 63011912174
2026-02-10T02:42:36.8434483Z Writing logs for job 62972697675
2026-02-10T02:42:38.3011149Z Writing logs for job 62936532320
2026-02-10T02:42:40.2270270Z Writing logs for job 62926891184
2026-02-10T02:42:40.9891105Z Logs Downloaded and saved!
2026-02-10T02:42:40.9891493Z Starting cleanup
2026-02-10T02:42:40.9898331Z cleanup Completed!!
2026-02-10T02:42:41.0767142Z ##[group]Run git config --global user.name 'Boss_1s [via Actions]'
2026-02-10T02:42:41.0767817Z [36;1mgit config --global user.name 'Boss_1s [via Actions]'[0m
2026-02-10T02:42:41.0768298Z [36;1mgit config --global user.email 'Boss-1s[auto]@users.noreply.github.com'[0m
2026-02-10T02:42:41.0768702Z [36;1m[0m
2026-02-10T02:42:41.0768876Z [36;1mgit pull origin main[0m
2026-02-10T02:42:41.0769089Z [36;1m[0m
2026-02-10T02:42:41.0769303Z [36;1mGIT_STATUS_OUTPUT=$(git status --porcelain)[0m
2026-02-10T02:42:41.0769861Z [36;1m[0m
2026-02-10T02:42:41.0770048Z [36;1mif [ -z "$GIT_STATUS_OUTPUT" ]; then[0m
2026-02-10T02:42:41.0770410Z [36;1m  echo "Git working tree is clean (no uncommitted changes)."[0m
2026-02-10T02:42:41.0770745Z [36;1m  exit 0[0m
2026-02-10T02:42:41.0770916Z [36;1melse[0m
2026-02-10T02:42:41.0771135Z [36;1m  echo "Git working tree has uncommitted changes:"[0m
2026-02-10T02:42:41.0771436Z [36;1m  echo "$GIT_STATUS_OUTPUT"[0m
2026-02-10T02:42:41.0771772Z [36;1m  echo "These changes will be pushed to the main branch."[0m
2026-02-10T02:42:41.0772072Z [36;1mfi[0m
2026-02-10T02:42:41.0772225Z [36;1m[0m
2026-02-10T02:42:41.0772369Z [36;1mgit add .[0m
2026-02-10T02:42:41.0772573Z [36;1mgit commit -m "[BOT] Download Logs"[0m
2026-02-10T02:42:41.0773014Z [36;1mgit push origin main[0m
2026-02-10T02:42:41.0808407Z shell: /usr/bin/bash -e {0}
2026-02-10T02:42:41.0808666Z ##[endgroup]
2026-02-10T02:42:41.5079884Z From https://github.com/Boss-1s/scratchattach
2026-02-10T02:42:41.5080452Z  * branch            main       -> FETCH_HEAD
2026-02-10T02:42:41.5153187Z Already up to date.
2026-02-10T02:42:42.2716012Z Git working tree has uncommitted changes:
2026-02-10T02:42:42.2716619Z ?? .logs/logs-62926891184-2026-02-10.txt
2026-02-10T02:42:42.2717052Z ?? .logs/logs-62936532320-2026-02-10.txt
2026-02-10T02:42:42.2717466Z ?? .logs/logs-62972697675-2026-02-10.txt
2026-02-10T02:42:42.2717889Z ?? .logs/logs-63011912174-2026-02-10.txt
2026-02-10T02:42:42.2718256Z ?? .logs/logs-63022392077-2026-02-10.txt
2026-02-10T02:42:42.2718554Z ?? .logs/logs-63022394137-2026-02-10.txt
2026-02-10T02:42:42.2718837Z ?? .logs/logs-63052884427-2026-02-10.txt
2026-02-10T02:42:42.2719154Z These changes will be pushed to the main branch.
2026-02-10T02:42:42.4880441Z [main 080674f] [BOT] Download Logs
2026-02-10T02:42:42.4880941Z  7 files changed, 155210 insertions(+)
2026-02-10T02:42:42.4881451Z  create mode 100644 .logs/logs-62926891184-2026-02-10.txt
2026-02-10T02:42:42.4882011Z  create mode 100644 .logs/logs-62936532320-2026-02-10.txt
2026-02-10T02:42:42.4882563Z  create mode 100644 .logs/logs-62972697675-2026-02-10.txt
2026-02-10T02:42:42.4883128Z  create mode 100644 .logs/logs-63011912174-2026-02-10.txt
2026-02-10T02:42:42.4883676Z  create mode 100644 .logs/logs-63022392077-2026-02-10.txt
2026-02-10T02:42:42.4884191Z  create mode 100644 .logs/logs-63022394137-2026-02-10.txt
2026-02-10T02:42:42.4884597Z  create mode 100644 .logs/logs-63052884427-2026-02-10.txt
2026-02-10T02:42:45.0621222Z To https://github.com/Boss-1s/scratchattach
2026-02-10T02:42:45.0621780Z    de9e73e..080674f  main -> main
2026-02-10T02:42:45.0734362Z Post job cleanup.
2026-02-10T02:42:45.1495600Z [command]/usr/bin/git version
2026-02-10T02:42:45.1531909Z git version 2.52.0
2026-02-10T02:42:45.1564551Z Copying '/home/runner/.gitconfig' to '/home/runner/work/_temp/542ab58c-e68b-4928-905b-67dfbdc6d46f/.gitconfig'
2026-02-10T02:42:45.1573298Z Temporarily overriding HOME='/home/runner/work/_temp/542ab58c-e68b-4928-905b-67dfbdc6d46f' before making global git config changes
2026-02-10T02:42:45.1574348Z Adding repository directory to the temporary git global config as a safe directory
2026-02-10T02:42:45.1578540Z [command]/usr/bin/git config --global --add safe.directory /home/runner/work/scratchattach/scratchattach
2026-02-10T02:42:45.1607751Z Removing SSH command configuration
2026-02-10T02:42:45.1614536Z [command]/usr/bin/git config --local --name-only --get-regexp core\.sshCommand
2026-02-10T02:42:45.1647420Z [command]/usr/bin/git submodule foreach --recursive sh -c "git config --local --name-only --get-regexp 'core\.sshCommand' && git config --local --unset-all 'core.sshCommand' || :"
2026-02-10T02:42:45.1870070Z Removing HTTP extra header
2026-02-10T02:42:45.1874733Z [command]/usr/bin/git config --local --name-only --get-regexp http\.https\:\/\/github\.com\/\.extraheader
2026-02-10T02:42:45.1907353Z [command]/usr/bin/git submodule foreach --recursive sh -c "git config --local --name-only --get-regexp 'http\.https\:\/\/github\.com\/\.extraheader' && git config --local --unset-all 'http.https://github.com/.extraheader' || :"
2026-02-10T02:42:45.2127668Z Removing includeIf entries pointing to credentials config files
2026-02-10T02:42:45.2133620Z [command]/usr/bin/git config --local --name-only --get-regexp ^includeIf\.gitdir:
2026-02-10T02:42:45.2155264Z includeif.gitdir:/home/runner/work/scratchattach/scratchattach/.git.path
2026-02-10T02:42:45.2156143Z includeif.gitdir:/home/runner/work/scratchattach/scratchattach/.git/worktrees/*.path
2026-02-10T02:42:45.2156621Z includeif.gitdir:/github/workspace/.git.path
2026-02-10T02:42:45.2157000Z includeif.gitdir:/github/workspace/.git/worktrees/*.path
2026-02-10T02:42:45.2165542Z [command]/usr/bin/git config --local --get-all includeif.gitdir:/home/runner/work/scratchattach/scratchattach/.git.path
2026-02-10T02:42:45.2186435Z /home/runner/work/_temp/git-credentials-16d968fd-f95f-460c-be31-0e4637cf2a00.config
2026-02-10T02:42:45.2196607Z [command]/usr/bin/git config --local --unset includeif.gitdir:/home/runner/work/scratchattach/scratchattach/.git.path /home/runner/work/_temp/git-credentials-16d968fd-f95f-460c-be31-0e4637cf2a00.config
2026-02-10T02:42:45.2228383Z [command]/usr/bin/git config --local --get-all includeif.gitdir:/home/runner/work/scratchattach/scratchattach/.git/worktrees/*.path
2026-02-10T02:42:45.2249066Z /home/runner/work/_temp/git-credentials-16d968fd-f95f-460c-be31-0e4637cf2a00.config
2026-02-10T02:42:45.2257795Z [command]/usr/bin/git config --local --unset includeif.gitdir:/home/runner/work/scratchattach/scratchattach/.git/worktrees/*.path /home/runner/work/_temp/git-credentials-16d968fd-f95f-460c-be31-0e4637cf2a00.config
2026-02-10T02:42:45.2286834Z [command]/usr/bin/git config --local --get-all includeif.gitdir:/github/workspace/.git.path
2026-02-10T02:42:45.2307087Z /github/runner_temp/git-credentials-16d968fd-f95f-460c-be31-0e4637cf2a00.config
2026-02-10T02:42:45.2314735Z [command]/usr/bin/git config --local --unset includeif.gitdir:/github/workspace/.git.path /github/runner_temp/git-credentials-16d968fd-f95f-460c-be31-0e4637cf2a00.config
2026-02-10T02:42:45.2344244Z [command]/usr/bin/git config --local --get-all includeif.gitdir:/github/workspace/.git/worktrees/*.path
2026-02-10T02:42:45.2363694Z /github/runner_temp/git-credentials-16d968fd-f95f-460c-be31-0e4637cf2a00.config
2026-02-10T02:42:45.2372494Z [command]/usr/bin/git config --local --unset includeif.gitdir:/github/workspace/.git/worktrees/*.path /github/runner_temp/git-credentials-16d968fd-f95f-460c-be31-0e4637cf2a00.config
2026-02-10T02:42:45.2404465Z [command]/usr/bin/git submodule foreach --recursive git config --local --show-origin --name-only --get-regexp remote.origin.url
2026-02-10T02:42:45.2620744Z Removing credentials config '/home/runner/work/_temp/git-credentials-16d968fd-f95f-460c-be31-0e4637cf2a00.config'
2026-02-10T02:42:45.2748749Z Cleaning up orphan processes
