2025-08-31T06:23:24.2446839Z Current runner version: '2.328.0'
2025-08-31T06:23:24.2482551Z ##[group]Runner Image Provisioner
2025-08-31T06:23:24.2483947Z Hosted Compute Agent
2025-08-31T06:23:24.2484626Z Version: 20250821.380
2025-08-31T06:23:24.2485218Z Commit: 438d12cb4fe092871db9867344e3bc0bc5319035
2025-08-31T06:23:24.2485916Z Build Date: 2025-08-21T20:49:43Z
2025-08-31T06:23:24.2486538Z ##[endgroup]
2025-08-31T06:23:24.2487077Z ##[group]Operating System
2025-08-31T06:23:24.2487663Z Ubuntu
2025-08-31T06:23:24.2488142Z 24.04.3
2025-08-31T06:23:24.2488557Z LTS
2025-08-31T06:23:24.2489047Z ##[endgroup]
2025-08-31T06:23:24.2489591Z ##[group]Runner Image
2025-08-31T06:23:24.2490129Z Image: ubuntu-24.04
2025-08-31T06:23:24.2490677Z Version: 20250824.1.0
2025-08-31T06:23:24.2491697Z Included Software: https://github.com/actions/runner-images/blob/ubuntu24/20250824.1/images/ubuntu/Ubuntu2404-Readme.md
2025-08-31T06:23:24.2493456Z Image Release: https://github.com/actions/runner-images/releases/tag/ubuntu24%2F20250824.1
2025-08-31T06:23:24.2494543Z ##[endgroup]
2025-08-31T06:23:24.2496919Z ##[group]GITHUB_TOKEN Permissions
2025-08-31T06:23:24.2499216Z Actions: write
2025-08-31T06:23:24.2499738Z Attestations: write
2025-08-31T06:23:24.2500366Z Checks: write
2025-08-31T06:23:24.2500899Z Contents: write
2025-08-31T06:23:24.2501375Z Deployments: write
2025-08-31T06:23:24.2501935Z Discussions: write
2025-08-31T06:23:24.2502456Z Issues: write
2025-08-31T06:23:24.2503265Z Metadata: read
2025-08-31T06:23:24.2503808Z Models: read
2025-08-31T06:23:24.2504278Z Packages: write
2025-08-31T06:23:24.2504776Z Pages: write
2025-08-31T06:23:24.2505297Z PullRequests: write
2025-08-31T06:23:24.2505837Z RepositoryProjects: write
2025-08-31T06:23:24.2506402Z SecurityEvents: write
2025-08-31T06:23:24.2507062Z Statuses: write
2025-08-31T06:23:24.2507545Z ##[endgroup]
2025-08-31T06:23:24.2509548Z Secret source: Actions
2025-08-31T06:23:24.2510658Z Prepare workflow directory
2025-08-31T06:23:24.2935047Z Prepare all required actions
2025-08-31T06:23:24.2990973Z Getting action download info
2025-08-31T06:23:24.5894447Z Download action repository 'actions/checkout@v5' (SHA:08c6903cd8c0fde910a37f88322edcfb5dd907a8)
2025-08-31T06:23:24.6713949Z Download action repository 'actions/setup-python@v5.6.0' (SHA:a26af69be951a213d495a4c3e4e4022e16d87065)
2025-08-31T06:23:24.7933352Z Download action repository 'bossOfCode/install-scratchattach@v1.0.3' (SHA:be17a7cf1ecb5a7040eb42ef26c2e1fbe72bb25a)
2025-08-31T06:23:25.2243058Z Complete job name: Run 1
2025-08-31T06:23:25.2946362Z ##[group]Run actions/checkout@v5
2025-08-31T06:23:25.2947255Z with:
2025-08-31T06:23:25.2947663Z   ref: main
2025-08-31T06:23:25.2948084Z   repository: Boss-1s/scratchattach
2025-08-31T06:23:25.2948782Z   token: ***
2025-08-31T06:23:25.2949202Z   ssh-strict: true
2025-08-31T06:23:25.2949622Z   ssh-user: git
2025-08-31T06:23:25.2950059Z   persist-credentials: true
2025-08-31T06:23:25.2950550Z   clean: true
2025-08-31T06:23:25.2950985Z   sparse-checkout-cone-mode: true
2025-08-31T06:23:25.2951505Z   fetch-depth: 1
2025-08-31T06:23:25.2951957Z   fetch-tags: false
2025-08-31T06:23:25.2952418Z   show-progress: true
2025-08-31T06:23:25.2953046Z   lfs: false
2025-08-31T06:23:25.2953450Z   submodules: false
2025-08-31T06:23:25.2953897Z   set-safe-directory: true
2025-08-31T06:23:25.2954639Z ##[endgroup]
2025-08-31T06:23:25.3866380Z Syncing repository: Boss-1s/scratchattach
2025-08-31T06:23:25.3868290Z ##[group]Getting Git version info
2025-08-31T06:23:25.3869223Z Working directory is '/home/runner/work/scratchattach/scratchattach'
2025-08-31T06:23:25.3870321Z [command]/usr/bin/git version
2025-08-31T06:23:25.3887363Z git version 2.51.0
2025-08-31T06:23:25.3908170Z ##[endgroup]
2025-08-31T06:23:25.3921466Z Temporarily overriding HOME='/home/runner/work/_temp/2f598885-eb95-4e52-962c-266388c95ba0' before making global git config changes
2025-08-31T06:23:25.3926355Z Adding repository directory to the temporary git global config as a safe directory
2025-08-31T06:23:25.3927690Z [command]/usr/bin/git config --global --add safe.directory /home/runner/work/scratchattach/scratchattach
2025-08-31T06:23:25.3960041Z Deleting the contents of '/home/runner/work/scratchattach/scratchattach'
2025-08-31T06:23:25.3963268Z ##[group]Initializing the repository
2025-08-31T06:23:25.3967510Z [command]/usr/bin/git init /home/runner/work/scratchattach/scratchattach
2025-08-31T06:23:25.4026264Z hint: Using 'master' as the name for the initial branch. This default branch name
2025-08-31T06:23:25.4027512Z hint: is subject to change. To configure the initial branch name to use in all
2025-08-31T06:23:25.4028940Z hint: of your new repositories, which will suppress this warning, call:
2025-08-31T06:23:25.4029898Z hint:
2025-08-31T06:23:25.4030434Z hint: 	git config --global init.defaultBranch <name>
2025-08-31T06:23:25.4031055Z hint:
2025-08-31T06:23:25.4031646Z hint: Names commonly chosen instead of 'master' are 'main', 'trunk' and
2025-08-31T06:23:25.4033327Z hint: 'development'. The just-created branch can be renamed via this command:
2025-08-31T06:23:25.4034595Z hint:
2025-08-31T06:23:25.4035032Z hint: 	git branch -m <name>
2025-08-31T06:23:25.4035507Z hint:
2025-08-31T06:23:25.4036154Z hint: Disable this message with "git config set advice.defaultBranchName false"
2025-08-31T06:23:25.4037245Z Initialized empty Git repository in /home/runner/work/scratchattach/scratchattach/.git/
2025-08-31T06:23:25.4040096Z [command]/usr/bin/git remote add origin https://github.com/Boss-1s/scratchattach
2025-08-31T06:23:25.4070566Z ##[endgroup]
2025-08-31T06:23:25.4071345Z ##[group]Disabling automatic garbage collection
2025-08-31T06:23:25.4073916Z [command]/usr/bin/git config --local gc.auto 0
2025-08-31T06:23:25.4100418Z ##[endgroup]
2025-08-31T06:23:25.4101120Z ##[group]Setting up auth
2025-08-31T06:23:25.4106417Z [command]/usr/bin/git config --local --name-only --get-regexp core\.sshCommand
2025-08-31T06:23:25.4135927Z [command]/usr/bin/git submodule foreach --recursive sh -c "git config --local --name-only --get-regexp 'core\.sshCommand' && git config --local --unset-all 'core.sshCommand' || :"
2025-08-31T06:23:25.4384882Z [command]/usr/bin/git config --local --name-only --get-regexp http\.https\:\/\/github\.com\/\.extraheader
2025-08-31T06:23:25.4414042Z [command]/usr/bin/git submodule foreach --recursive sh -c "git config --local --name-only --get-regexp 'http\.https\:\/\/github\.com\/\.extraheader' && git config --local --unset-all 'http.https://github.com/.extraheader' || :"
2025-08-31T06:23:25.4632359Z [command]/usr/bin/git config --local http.https://github.com/.extraheader AUTHORIZATION: basic ***
2025-08-31T06:23:25.4667237Z ##[endgroup]
2025-08-31T06:23:25.4668647Z ##[group]Fetching the repository
2025-08-31T06:23:25.4677644Z [command]/usr/bin/git -c protocol.version=2 fetch --no-tags --prune --no-recurse-submodules --depth=1 origin +refs/heads/main*:refs/remotes/origin/main* +refs/tags/main*:refs/tags/main*
2025-08-31T06:23:25.8334621Z From https://github.com/Boss-1s/scratchattach
2025-08-31T06:23:25.8336207Z  * [new branch]      main       -> origin/main
2025-08-31T06:23:25.8363306Z ##[endgroup]
2025-08-31T06:23:25.8365086Z ##[group]Determining the checkout info
2025-08-31T06:23:25.8371191Z [command]/usr/bin/git branch --list --remote origin/main
2025-08-31T06:23:25.8394050Z   origin/main
2025-08-31T06:23:25.8399738Z ##[endgroup]
2025-08-31T06:23:25.8403896Z [command]/usr/bin/git sparse-checkout disable
2025-08-31T06:23:25.8440860Z [command]/usr/bin/git config --local --unset-all extensions.worktreeConfig
2025-08-31T06:23:25.8468250Z ##[group]Checking out the ref
2025-08-31T06:23:25.8471231Z [command]/usr/bin/git checkout --progress --force -B main refs/remotes/origin/main
2025-08-31T06:23:25.8737020Z Switched to a new branch 'main'
2025-08-31T06:23:25.8738688Z branch 'main' set up to track 'origin/main'.
2025-08-31T06:23:25.8748266Z ##[endgroup]
2025-08-31T06:23:25.8785892Z [command]/usr/bin/git log -1 --format=%H
2025-08-31T06:23:25.8809448Z 3eb023921985cf6dfeac7d5649881ba10d153d92
2025-08-31T06:23:25.9118995Z ##[group]Run actions/setup-python@v5.6.0
2025-08-31T06:23:25.9120655Z with:
2025-08-31T06:23:25.9121504Z   python-version: 3.12.5
2025-08-31T06:23:25.9122530Z   check-latest: false
2025-08-31T06:23:25.9123962Z   token: ***
2025-08-31T06:23:25.9124894Z   update-environment: true
2025-08-31T06:23:25.9125944Z   allow-prereleases: false
2025-08-31T06:23:25.9126966Z   freethreaded: false
2025-08-31T06:23:25.9127899Z ##[endgroup]
2025-08-31T06:23:26.0850784Z ##[group]Installed versions
2025-08-31T06:23:26.0976329Z Version 3.12.5 was not found in the local cache
2025-08-31T06:23:26.5559529Z Version 3.12.5 is available for downloading
2025-08-31T06:23:26.5562435Z Download from "https://github.com/actions/python-versions/releases/download/3.12.5-10375840348/python-3.12.5-linux-24.04-x64.tar.gz"
2025-08-31T06:23:27.3726140Z Extract downloaded archive
2025-08-31T06:23:27.3827815Z [command]/usr/bin/tar xz --warning=no-unknown-keyword --overwrite -C /home/runner/work/_temp/0778160a-b8f9-4f77-a3fc-50a5eb6a05a5 -f /home/runner/work/_temp/d14473c2-1025-41cd-926b-194ee0974bf5
2025-08-31T06:23:29.3726139Z Execute installation script
2025-08-31T06:23:29.3815657Z Check if Python hostedtoolcache folder exist...
2025-08-31T06:23:29.3816402Z Create Python 3.12.5 folder
2025-08-31T06:23:29.3832408Z Copy Python binaries to hostedtoolcache folder
2025-08-31T06:23:29.9387266Z Create additional symlinks (Required for the UsePythonVersion Azure Pipelines task and the setup-python GitHub Action)
2025-08-31T06:23:29.9429541Z Upgrading pip...
2025-08-31T06:23:32.3775945Z Looking in links: /tmp/tmp4_hf8jwr
2025-08-31T06:23:32.3780153Z Requirement already satisfied: pip in /opt/hostedtoolcache/Python/3.12.5/x64/lib/python3.12/site-packages (24.2)
2025-08-31T06:23:33.9073674Z Collecting pip
2025-08-31T06:23:33.9419391Z Downloading pip-25.2-py3-none-any.whl.metadata (4.7 kB)
2025-08-31T06:23:33.9498899Z Downloading pip-25.2-py3-none-any.whl (1.8 MB)
2025-08-31T06:23:33.9835490Z ━━━━━━━━━━━━━━━━━━━━━━━━━━━━━━━━━━━━━━━━ 1.8/1.8 MB 92.4 MB/s eta 0:00:00
2025-08-31T06:23:33.9836353Z 
2025-08-31T06:23:34.0036752Z Installing collected packages: pip
2025-08-31T06:23:34.0038733Z Attempting uninstall: pip
2025-08-31T06:23:34.0060625Z Found existing installation: pip 24.2
2025-08-31T06:23:34.0415061Z Uninstalling pip-24.2:
2025-08-31T06:23:34.0470454Z Successfully uninstalled pip-24.2
2025-08-31T06:23:34.9157705Z Successfully installed pip-25.2
2025-08-31T06:23:34.9608700Z Create complete file
2025-08-31T06:23:34.9680469Z Successfully set up CPython (3.12.5)
2025-08-31T06:23:34.9681164Z ##[endgroup]
2025-08-31T06:23:34.9878443Z ##[group]Run bossOfCode/install-scratchattach@v1.0.3
2025-08-31T06:23:34.9878779Z env:
2025-08-31T06:23:34.9879012Z   pythonLocation: /opt/hostedtoolcache/Python/3.12.5/x64
2025-08-31T06:23:34.9879424Z   PKG_CONFIG_PATH: /opt/hostedtoolcache/Python/3.12.5/x64/lib/pkgconfig
2025-08-31T06:23:34.9879806Z   Python_ROOT_DIR: /opt/hostedtoolcache/Python/3.12.5/x64
2025-08-31T06:23:34.9880180Z   Python2_ROOT_DIR: /opt/hostedtoolcache/Python/3.12.5/x64
2025-08-31T06:23:34.9880525Z   Python3_ROOT_DIR: /opt/hostedtoolcache/Python/3.12.5/x64
2025-08-31T06:23:34.9880920Z   LD_LIBRARY_PATH: /opt/hostedtoolcache/Python/3.12.5/x64/lib
2025-08-31T06:23:34.9881211Z ##[endgroup]
2025-08-31T06:23:35.0027080Z ##[group]Run python3 -m pip install --upgrade pip
2025-08-31T06:23:35.0027682Z [36;1mpython3 -m pip install --upgrade pip[0m
2025-08-31T06:23:35.0078344Z shell: /usr/bin/bash --noprofile --norc -e -o pipefail {0}
2025-08-31T06:23:35.0078690Z env:
2025-08-31T06:23:35.0078976Z   pythonLocation: /opt/hostedtoolcache/Python/3.12.5/x64
2025-08-31T06:23:35.0079383Z   PKG_CONFIG_PATH: /opt/hostedtoolcache/Python/3.12.5/x64/lib/pkgconfig
2025-08-31T06:23:35.0079766Z   Python_ROOT_DIR: /opt/hostedtoolcache/Python/3.12.5/x64
2025-08-31T06:23:35.0080096Z   Python2_ROOT_DIR: /opt/hostedtoolcache/Python/3.12.5/x64
2025-08-31T06:23:35.0080440Z   Python3_ROOT_DIR: /opt/hostedtoolcache/Python/3.12.5/x64
2025-08-31T06:23:35.0080781Z   LD_LIBRARY_PATH: /opt/hostedtoolcache/Python/3.12.5/x64/lib
2025-08-31T06:23:35.0081064Z ##[endgroup]
2025-08-31T06:23:35.4931443Z Requirement already satisfied: pip in /opt/hostedtoolcache/Python/3.12.5/x64/lib/python3.12/site-packages (25.2)
2025-08-31T06:23:35.6647048Z ##[group]Run pip install -U scratchattach
2025-08-31T06:23:35.6647370Z [36;1mpip install -U scratchattach[0m
2025-08-31T06:23:35.6678272Z shell: /usr/bin/bash --noprofile --norc -e -o pipefail {0}
2025-08-31T06:23:35.6678576Z env:
2025-08-31T06:23:35.6678820Z   pythonLocation: /opt/hostedtoolcache/Python/3.12.5/x64
2025-08-31T06:23:35.6679205Z   PKG_CONFIG_PATH: /opt/hostedtoolcache/Python/3.12.5/x64/lib/pkgconfig
2025-08-31T06:23:35.6679583Z   Python_ROOT_DIR: /opt/hostedtoolcache/Python/3.12.5/x64
2025-08-31T06:23:35.6679908Z   Python2_ROOT_DIR: /opt/hostedtoolcache/Python/3.12.5/x64
2025-08-31T06:23:35.6680241Z   Python3_ROOT_DIR: /opt/hostedtoolcache/Python/3.12.5/x64
2025-08-31T06:23:35.6680578Z   LD_LIBRARY_PATH: /opt/hostedtoolcache/Python/3.12.5/x64/lib
2025-08-31T06:23:35.6680859Z ##[endgroup]
2025-08-31T06:23:36.1274649Z Collecting scratchattach
2025-08-31T06:23:36.1657413Z   Downloading scratchattach-2.1.13-py3-none-any.whl.metadata (5.5 kB)
2025-08-31T06:23:36.1901755Z Collecting websocket-client (from scratchattach)
2025-08-31T06:23:36.1934689Z   Downloading websocket_client-1.8.0-py3-none-any.whl.metadata (8.0 kB)
2025-08-31T06:23:36.2228712Z Collecting requests (from scratchattach)
2025-08-31T06:23:36.2257860Z   Downloading requests-2.32.5-py3-none-any.whl.metadata (4.9 kB)
2025-08-31T06:23:36.2371347Z Collecting bs4 (from scratchattach)
2025-08-31T06:23:36.2401219Z   Downloading bs4-0.0.2-py2.py3-none-any.whl.metadata (411 bytes)
2025-08-31T06:23:36.2681067Z Collecting SimpleWebSocketServer (from scratchattach)
2025-08-31T06:23:36.2723138Z   Downloading SimpleWebSocketServer-0.1.2.tar.gz (10 kB)
2025-08-31T06:23:36.2803164Z   Installing build dependencies: started
2025-08-31T06:23:37.0446220Z   Installing build dependencies: finished with status 'done'
2025-08-31T06:23:37.0451068Z   Getting requirements to build wheel: started
2025-08-31T06:23:37.3987423Z   Getting requirements to build wheel: finished with status 'done'
2025-08-31T06:23:37.3996440Z   Preparing metadata (pyproject.toml): started
2025-08-31T06:23:37.5812846Z   Preparing metadata (pyproject.toml): finished with status 'done'
2025-08-31T06:23:37.5982200Z Collecting typing-extensions (from scratchattach)
2025-08-31T06:23:37.6021102Z   Downloading typing_extensions-4.15.0-py3-none-any.whl.metadata (3.3 kB)
2025-08-31T06:23:37.6191337Z Collecting beautifulsoup4 (from bs4->scratchattach)
2025-08-31T06:23:37.6221577Z   Downloading beautifulsoup4-4.13.5-py3-none-any.whl.metadata (3.8 kB)
2025-08-31T06:23:37.6412533Z Collecting soupsieve>1.2 (from beautifulsoup4->bs4->scratchattach)
2025-08-31T06:23:37.6442008Z   Downloading soupsieve-2.8-py3-none-any.whl.metadata (4.6 kB)
2025-08-31T06:23:37.7426053Z Collecting charset_normalizer<4,>=2 (from requests->scratchattach)
2025-08-31T06:23:37.7459577Z   Downloading charset_normalizer-3.4.3-cp312-cp312-manylinux2014_x86_64.manylinux_2_17_x86_64.manylinux_2_28_x86_64.whl.metadata (36 kB)
2025-08-31T06:23:37.7638607Z Collecting idna<4,>=2.5 (from requests->scratchattach)
2025-08-31T06:23:37.7669528Z   Downloading idna-3.10-py3-none-any.whl.metadata (10 kB)
2025-08-31T06:23:37.7960974Z Collecting urllib3<3,>=1.21.1 (from requests->scratchattach)
2025-08-31T06:23:37.7989471Z   Downloading urllib3-2.5.0-py3-none-any.whl.metadata (6.5 kB)
2025-08-31T06:23:37.8207234Z Collecting certifi>=2017.4.17 (from requests->scratchattach)
2025-08-31T06:23:37.8237540Z   Downloading certifi-2025.8.3-py3-none-any.whl.metadata (2.4 kB)
2025-08-31T06:23:37.8341738Z Downloading scratchattach-2.1.13-py3-none-any.whl (141 kB)
2025-08-31T06:23:37.8439504Z Downloading bs4-0.0.2-py2.py3-none-any.whl (1.2 kB)
2025-08-31T06:23:37.8486837Z Downloading beautifulsoup4-4.13.5-py3-none-any.whl (105 kB)
2025-08-31T06:23:37.8538490Z Downloading soupsieve-2.8-py3-none-any.whl (36 kB)
2025-08-31T06:23:37.8590384Z Downloading typing_extensions-4.15.0-py3-none-any.whl (44 kB)
2025-08-31T06:23:37.8649638Z Downloading requests-2.32.5-py3-none-any.whl (64 kB)
2025-08-31T06:23:37.8705456Z Downloading charset_normalizer-3.4.3-cp312-cp312-manylinux2014_x86_64.manylinux_2_17_x86_64.manylinux_2_28_x86_64.whl (151 kB)
2025-08-31T06:23:37.8760982Z Downloading idna-3.10-py3-none-any.whl (70 kB)
2025-08-31T06:23:37.8811285Z Downloading urllib3-2.5.0-py3-none-any.whl (129 kB)
2025-08-31T06:23:37.8864423Z Downloading certifi-2025.8.3-py3-none-any.whl (161 kB)
2025-08-31T06:23:37.8916281Z Downloading websocket_client-1.8.0-py3-none-any.whl (58 kB)
2025-08-31T06:23:37.9048448Z Building wheels for collected packages: SimpleWebSocketServer
2025-08-31T06:23:37.9057840Z   Building wheel for SimpleWebSocketServer (pyproject.toml): started
2025-08-31T06:23:38.1301415Z   Building wheel for SimpleWebSocketServer (pyproject.toml): finished with status 'done'
2025-08-31T06:23:38.1307757Z   Created wheel for SimpleWebSocketServer: filename=simplewebsocketserver-0.1.2-py3-none-any.whl size=9715 sha256=453e8c646822f48a3dc71bca391a847d75e7302b06341e1f3ded1521fc031258
2025-08-31T06:23:38.1309102Z   Stored in directory: /home/runner/.cache/pip/wheels/81/fd/d8/f145b47bedceb5dff96b76e404a4ee9be956a4f8f150cd8133
2025-08-31T06:23:38.1327515Z Successfully built SimpleWebSocketServer
2025-08-31T06:23:38.1499466Z Installing collected packages: SimpleWebSocketServer, websocket-client, urllib3, typing-extensions, soupsieve, idna, charset_normalizer, certifi, requests, beautifulsoup4, bs4, scratchattach
2025-08-31T06:23:38.7070727Z 
2025-08-31T06:23:38.7090795Z Successfully installed SimpleWebSocketServer-0.1.2 beautifulsoup4-4.13.5 bs4-0.0.2 certifi-2025.8.3 charset_normalizer-3.4.3 idna-3.10 requests-2.32.5 scratchattach-2.1.13 soupsieve-2.8 typing-extensions-4.15.0 urllib3-2.5.0 websocket-client-1.8.0
2025-08-31T06:23:38.7867715Z ##[group]Run actions/checkout@v5
2025-08-31T06:23:38.7867961Z with:
2025-08-31T06:23:38.7868131Z   ref: main
2025-08-31T06:23:38.7868317Z   repository: Boss-1s/scratchattach
2025-08-31T06:23:38.7868693Z   token: ***
2025-08-31T06:23:38.7868873Z   ssh-strict: true
2025-08-31T06:23:38.7869056Z   ssh-user: git
2025-08-31T06:23:38.7869240Z   persist-credentials: true
2025-08-31T06:23:38.7869484Z   clean: true
2025-08-31T06:23:38.7869671Z   sparse-checkout-cone-mode: true
2025-08-31T06:23:38.7869900Z   fetch-depth: 1
2025-08-31T06:23:38.7870080Z   fetch-tags: false
2025-08-31T06:23:38.7870260Z   show-progress: true
2025-08-31T06:23:38.7870445Z   lfs: false
2025-08-31T06:23:38.7870616Z   submodules: false
2025-08-31T06:23:38.7870799Z   set-safe-directory: true
2025-08-31T06:23:38.7870997Z env:
2025-08-31T06:23:38.7871218Z   pythonLocation: /opt/hostedtoolcache/Python/3.12.5/x64
2025-08-31T06:23:38.7871608Z   PKG_CONFIG_PATH: /opt/hostedtoolcache/Python/3.12.5/x64/lib/pkgconfig
2025-08-31T06:23:38.7872018Z   Python_ROOT_DIR: /opt/hostedtoolcache/Python/3.12.5/x64
2025-08-31T06:23:38.7872356Z   Python2_ROOT_DIR: /opt/hostedtoolcache/Python/3.12.5/x64
2025-08-31T06:23:38.7872917Z   Python3_ROOT_DIR: /opt/hostedtoolcache/Python/3.12.5/x64
2025-08-31T06:23:38.7873260Z   LD_LIBRARY_PATH: /opt/hostedtoolcache/Python/3.12.5/x64/lib
2025-08-31T06:23:38.7873549Z ##[endgroup]
2025-08-31T06:23:38.8667198Z Syncing repository: Boss-1s/scratchattach
2025-08-31T06:23:38.8668066Z ##[group]Getting Git version info
2025-08-31T06:23:38.8668718Z Working directory is '/home/runner/work/scratchattach/scratchattach'
2025-08-31T06:23:38.8704110Z [command]/usr/bin/git version
2025-08-31T06:23:38.8739617Z git version 2.51.0
2025-08-31T06:23:38.8760062Z ##[endgroup]
2025-08-31T06:23:38.8773268Z Temporarily overriding HOME='/home/runner/work/_temp/d5090e55-b551-4045-a41f-1f9830326d73' before making global git config changes
2025-08-31T06:23:38.8774202Z Adding repository directory to the temporary git global config as a safe directory
2025-08-31T06:23:38.8778466Z [command]/usr/bin/git config --global --add safe.directory /home/runner/work/scratchattach/scratchattach
2025-08-31T06:23:38.8814914Z [command]/usr/bin/git config --local --get remote.origin.url
2025-08-31T06:23:38.8835471Z https://github.com/Boss-1s/scratchattach
2025-08-31T06:23:38.8848269Z ##[group]Removing previously created refs, to avoid conflicts
2025-08-31T06:23:38.8851987Z [command]/usr/bin/git rev-parse --symbolic-full-name --verify --quiet HEAD
2025-08-31T06:23:38.8872836Z refs/heads/main
2025-08-31T06:23:38.8881883Z [command]/usr/bin/git checkout --detach
2025-08-31T06:23:38.9119133Z HEAD is now at 3eb0239 [BOT] Download Logs
2025-08-31T06:23:38.9163817Z [command]/usr/bin/git branch --delete --force main
2025-08-31T06:23:38.9188137Z Deleted branch main (was 3eb0239).
2025-08-31T06:23:38.9223261Z ##[endgroup]
2025-08-31T06:23:38.9226747Z [command]/usr/bin/git submodule status
2025-08-31T06:23:38.9446509Z ##[group]Cleaning the repository
2025-08-31T06:23:38.9450463Z [command]/usr/bin/git clean -ffdx
2025-08-31T06:23:38.9482259Z [command]/usr/bin/git reset --hard HEAD
2025-08-31T06:23:38.9514540Z HEAD is now at 3eb0239 [BOT] Download Logs
2025-08-31T06:23:38.9519965Z ##[endgroup]
2025-08-31T06:23:38.9521782Z ##[group]Disabling automatic garbage collection
2025-08-31T06:23:38.9526234Z [command]/usr/bin/git config --local gc.auto 0
2025-08-31T06:23:38.9551012Z ##[endgroup]
2025-08-31T06:23:38.9551461Z ##[group]Setting up auth
2025-08-31T06:23:38.9557860Z [command]/usr/bin/git config --local --name-only --get-regexp core\.sshCommand
2025-08-31T06:23:38.9586185Z [command]/usr/bin/git submodule foreach --recursive sh -c "git config --local --name-only --get-regexp 'core\.sshCommand' && git config --local --unset-all 'core.sshCommand' || :"
2025-08-31T06:23:38.9803359Z [command]/usr/bin/git config --local --name-only --get-regexp http\.https\:\/\/github\.com\/\.extraheader
2025-08-31T06:23:38.9824890Z http.https://github.com/.extraheader
2025-08-31T06:23:38.9834446Z [command]/usr/bin/git config --local --unset-all http.https://github.com/.extraheader
2025-08-31T06:23:38.9864901Z [command]/usr/bin/git submodule foreach --recursive sh -c "git config --local --name-only --get-regexp 'http\.https\:\/\/github\.com\/\.extraheader' && git config --local --unset-all 'http.https://github.com/.extraheader' || :"
2025-08-31T06:23:39.0112147Z [command]/usr/bin/git config --local http.https://github.com/.extraheader AUTHORIZATION: basic ***
2025-08-31T06:23:39.0157733Z ##[endgroup]
2025-08-31T06:23:39.0158371Z ##[group]Fetching the repository
2025-08-31T06:23:39.0167290Z [command]/usr/bin/git -c protocol.version=2 fetch --no-tags --prune --no-recurse-submodules --depth=1 origin +refs/heads/main*:refs/remotes/origin/main* +refs/tags/main*:refs/tags/main*
2025-08-31T06:23:39.2710697Z ##[endgroup]
2025-08-31T06:23:39.2711073Z ##[group]Determining the checkout info
2025-08-31T06:23:39.2718492Z [command]/usr/bin/git branch --list --remote origin/main
2025-08-31T06:23:39.2743031Z   origin/main
2025-08-31T06:23:39.2747233Z ##[endgroup]
2025-08-31T06:23:39.2751726Z [command]/usr/bin/git sparse-checkout disable
2025-08-31T06:23:39.2789607Z [command]/usr/bin/git config --local --unset-all extensions.worktreeConfig
2025-08-31T06:23:39.2815427Z ##[group]Checking out the ref
2025-08-31T06:23:39.2819134Z [command]/usr/bin/git checkout --progress --force -B main refs/remotes/origin/main
2025-08-31T06:23:39.2856133Z Switched to a new branch 'main'
2025-08-31T06:23:39.2858791Z branch 'main' set up to track 'origin/main'.
2025-08-31T06:23:39.2865131Z ##[endgroup]
2025-08-31T06:23:39.2899500Z [command]/usr/bin/git log -1 --format=%H
2025-08-31T06:23:39.2922748Z 3eb023921985cf6dfeac7d5649881ba10d153d92
2025-08-31T06:23:39.3037857Z ##[group]Run timeout 359m python3 message_viewer.py || { [[ $? -eq 124 ]] && exit 0; }
2025-08-31T06:23:39.3038395Z [36;1mtimeout 359m python3 message_viewer.py || { [[ $? -eq 124 ]] && exit 0; }[0m
2025-08-31T06:23:39.3069629Z shell: /usr/bin/bash -e {0}
2025-08-31T06:23:39.3069852Z env:
2025-08-31T06:23:39.3070094Z   pythonLocation: /opt/hostedtoolcache/Python/3.12.5/x64
2025-08-31T06:23:39.3070489Z   PKG_CONFIG_PATH: /opt/hostedtoolcache/Python/3.12.5/x64/lib/pkgconfig
2025-08-31T06:23:39.3071038Z   Python_ROOT_DIR: /opt/hostedtoolcache/Python/3.12.5/x64
2025-08-31T06:23:39.3071373Z   Python2_ROOT_DIR: /opt/hostedtoolcache/Python/3.12.5/x64
2025-08-31T06:23:39.3071697Z   Python3_ROOT_DIR: /opt/hostedtoolcache/Python/3.12.5/x64
2025-08-31T06:23:39.3072036Z   LD_LIBRARY_PATH: /opt/hostedtoolcache/Python/3.12.5/x64/lib
2025-08-31T06:23:39.3072483Z   PASS: ***
2025-08-31T06:23:39.3072986Z ##[endgroup]
2025-08-31T06:23:40.3091138Z Thanks for giving credit for CloudRequests!
2025-08-31T06:23:40.3091639Z Request handler is running
2025-08-31T06:23:40.3097872Z Request handler is running
2025-08-31T12:22:39.3228792Z Post job cleanup.
2025-08-31T12:22:39.4031763Z [command]/usr/bin/git version
2025-08-31T12:22:39.4070151Z git version 2.51.0
2025-08-31T12:22:39.4107906Z Temporarily overriding HOME='/home/runner/work/_temp/c33c63ef-8d14-4628-b8f3-d1288e18af44' before making global git config changes
2025-08-31T12:22:39.4109162Z Adding repository directory to the temporary git global config as a safe directory
2025-08-31T12:22:39.4113951Z [command]/usr/bin/git config --global --add safe.directory /home/runner/work/scratchattach/scratchattach
2025-08-31T12:22:39.4150650Z [command]/usr/bin/git config --local --name-only --get-regexp core\.sshCommand
2025-08-31T12:22:39.4183607Z [command]/usr/bin/git submodule foreach --recursive sh -c "git config --local --name-only --get-regexp 'core\.sshCommand' && git config --local --unset-all 'core.sshCommand' || :"
2025-08-31T12:22:39.4410370Z [command]/usr/bin/git config --local --name-only --get-regexp http\.https\:\/\/github\.com\/\.extraheader
2025-08-31T12:22:39.4434078Z http.https://github.com/.extraheader
2025-08-31T12:22:39.4444226Z [command]/usr/bin/git config --local --unset-all http.https://github.com/.extraheader
2025-08-31T12:22:39.4476156Z [command]/usr/bin/git submodule foreach --recursive sh -c "git config --local --name-only --get-regexp 'http\.https\:\/\/github\.com\/\.extraheader' && git config --local --unset-all 'http.https://github.com/.extraheader' || :"
2025-08-31T12:22:39.4813125Z Post job cleanup.
2025-08-31T12:22:39.6407781Z Post job cleanup.
2025-08-31T12:22:39.7171105Z [command]/usr/bin/git version
2025-08-31T12:22:39.7207991Z git version 2.51.0
2025-08-31T12:22:39.7246937Z Temporarily overriding HOME='/home/runner/work/_temp/cbee2c82-c02a-4647-abfe-ffc01aa47fb0' before making global git config changes
2025-08-31T12:22:39.7248230Z Adding repository directory to the temporary git global config as a safe directory
2025-08-31T12:22:39.7252324Z [command]/usr/bin/git config --global --add safe.directory /home/runner/work/scratchattach/scratchattach
2025-08-31T12:22:39.7289899Z [command]/usr/bin/git config --local --name-only --get-regexp core\.sshCommand
2025-08-31T12:22:39.7321050Z [command]/usr/bin/git submodule foreach --recursive sh -c "git config --local --name-only --get-regexp 'core\.sshCommand' && git config --local --unset-all 'core.sshCommand' || :"
2025-08-31T12:22:39.7543377Z [command]/usr/bin/git config --local --name-only --get-regexp http\.https\:\/\/github\.com\/\.extraheader
2025-08-31T12:22:39.7574559Z [command]/usr/bin/git submodule foreach --recursive sh -c "git config --local --name-only --get-regexp 'http\.https\:\/\/github\.com\/\.extraheader' && git config --local --unset-all 'http.https://github.com/.extraheader' || :"
2025-08-31T12:22:39.7920120Z Cleaning up orphan processes
