2025-12-23T15:11:53.3342065Z Current runner version: '2.330.0'
2025-12-23T15:11:53.3374014Z ##[group]Runner Image Provisioner
2025-12-23T15:11:53.3375358Z Hosted Compute Agent
2025-12-23T15:11:53.3376301Z Version: 20251211.462
2025-12-23T15:11:53.3377292Z Commit: 6cbad8c2bb55d58165063d031ccabf57e2d2db61
2025-12-23T15:11:53.3378539Z Build Date: 2025-12-11T16:28:49Z
2025-12-23T15:11:53.3379648Z Worker ID: {d767b3df-efb0-4489-b35a-28c564ade213}
2025-12-23T15:11:53.3380810Z ##[endgroup]
2025-12-23T15:11:53.3381940Z ##[group]Operating System
2025-12-23T15:11:53.3382790Z Ubuntu
2025-12-23T15:11:53.3383524Z 24.04.3
2025-12-23T15:11:53.3384282Z LTS
2025-12-23T15:11:53.3385078Z ##[endgroup]
2025-12-23T15:11:53.3385830Z ##[group]Runner Image
2025-12-23T15:11:53.3386798Z Image: ubuntu-24.04
2025-12-23T15:11:53.3387672Z Version: 20251215.174.1
2025-12-23T15:11:53.3389459Z Included Software: https://github.com/actions/runner-images/blob/ubuntu24/20251215.174/images/ubuntu/Ubuntu2404-Readme.md
2025-12-23T15:11:53.3392583Z Image Release: https://github.com/actions/runner-images/releases/tag/ubuntu24%2F20251215.174
2025-12-23T15:11:53.3394371Z ##[endgroup]
2025-12-23T15:11:53.3398921Z ##[group]GITHUB_TOKEN Permissions
2025-12-23T15:11:53.3402159Z Actions: write
2025-12-23T15:11:53.3403315Z ArtifactMetadata: write
2025-12-23T15:11:53.3404230Z Attestations: write
2025-12-23T15:11:53.3404965Z Checks: write
2025-12-23T15:11:53.3405916Z Contents: write
2025-12-23T15:11:53.3406803Z Deployments: write
2025-12-23T15:11:53.3407657Z Discussions: write
2025-12-23T15:11:53.3408630Z Issues: write
2025-12-23T15:11:53.3409489Z Metadata: read
2025-12-23T15:11:53.3410321Z Models: read
2025-12-23T15:11:53.3411409Z Packages: write
2025-12-23T15:11:53.3412512Z Pages: write
2025-12-23T15:11:53.3413455Z PullRequests: write
2025-12-23T15:11:53.3414661Z RepositoryProjects: write
2025-12-23T15:11:53.3415634Z SecurityEvents: write
2025-12-23T15:11:53.3416442Z Statuses: write
2025-12-23T15:11:53.3417349Z ##[endgroup]
2025-12-23T15:11:53.3420203Z Secret source: Actions
2025-12-23T15:11:53.3422011Z Prepare workflow directory
2025-12-23T15:11:53.3885306Z Prepare all required actions
2025-12-23T15:11:53.3941134Z Getting action download info
2025-12-23T15:11:53.6624557Z Download action repository 'actions/checkout@v6.0.1' (SHA:8e8c483db84b4bee98b60c0593521ed34d9990e8)
2025-12-23T15:11:53.7769597Z Download action repository 'actions/setup-python@v6.1.0' (SHA:83679a892e2d95755f2dac6acb0bfd1e9ac5d548)
2025-12-23T15:11:53.9552453Z Complete job name: build (3.9, ubuntu-latest)
2025-12-23T15:11:54.0217272Z ##[group]Run actions/checkout@v6.0.1
2025-12-23T15:11:54.0218118Z with:
2025-12-23T15:11:54.0218492Z   ref: scratch_chat_dev
2025-12-23T15:11:54.0218942Z   repository: Boss-1s/scratchattach
2025-12-23T15:11:54.0219572Z   token: ***
2025-12-23T15:11:54.0219941Z   ssh-strict: true
2025-12-23T15:11:54.0220328Z   ssh-user: git
2025-12-23T15:11:54.0220721Z   persist-credentials: true
2025-12-23T15:11:54.0221341Z   clean: true
2025-12-23T15:11:54.0221757Z   sparse-checkout-cone-mode: true
2025-12-23T15:11:54.0222249Z   fetch-depth: 1
2025-12-23T15:11:54.0222639Z   fetch-tags: false
2025-12-23T15:11:54.0223029Z   show-progress: true
2025-12-23T15:11:54.0223434Z   lfs: false
2025-12-23T15:11:54.0223796Z   submodules: false
2025-12-23T15:11:54.0224202Z   set-safe-directory: true
2025-12-23T15:11:54.0225221Z ##[endgroup]
2025-12-23T15:11:54.1117635Z Syncing repository: Boss-1s/scratchattach
2025-12-23T15:11:54.1119347Z ##[group]Getting Git version info
2025-12-23T15:11:54.1120149Z Working directory is '/home/runner/work/scratchattach/scratchattach'
2025-12-23T15:11:54.1121138Z [command]/usr/bin/git version
2025-12-23T15:11:54.1175535Z git version 2.52.0
2025-12-23T15:11:54.1227607Z ##[endgroup]
2025-12-23T15:11:54.1240962Z Temporarily overriding HOME='/home/runner/work/_temp/396401fe-e4b5-447b-b5c9-44bc25404c98' before making global git config changes
2025-12-23T15:11:54.1245593Z Adding repository directory to the temporary git global config as a safe directory
2025-12-23T15:11:54.1247384Z [command]/usr/bin/git config --global --add safe.directory /home/runner/work/scratchattach/scratchattach
2025-12-23T15:11:54.1403107Z Deleting the contents of '/home/runner/work/scratchattach/scratchattach'
2025-12-23T15:11:54.1406433Z ##[group]Initializing the repository
2025-12-23T15:11:54.1410916Z [command]/usr/bin/git init /home/runner/work/scratchattach/scratchattach
2025-12-23T15:11:54.1515885Z hint: Using 'master' as the name for the initial branch. This default branch name
2025-12-23T15:11:54.1517072Z hint: will change to "main" in Git 3.0. To configure the initial branch name
2025-12-23T15:11:54.1518061Z hint: to use in all of your new repositories, which will suppress this warning,
2025-12-23T15:11:54.1519193Z hint: call:
2025-12-23T15:11:54.1519825Z hint:
2025-12-23T15:11:54.1520356Z hint: 	git config --global init.defaultBranch <name>
2025-12-23T15:11:54.1521475Z hint:
2025-12-23T15:11:54.1522562Z hint: Names commonly chosen instead of 'master' are 'main', 'trunk' and
2025-12-23T15:11:54.1524419Z hint: 'development'. The just-created branch can be renamed via this command:
2025-12-23T15:11:54.1525862Z hint:
2025-12-23T15:11:54.1526614Z hint: 	git branch -m <name>
2025-12-23T15:11:54.1527578Z hint:
2025-12-23T15:11:54.1528838Z hint: Disable this message with "git config set advice.defaultBranchName false"
2025-12-23T15:11:54.1530959Z Initialized empty Git repository in /home/runner/work/scratchattach/scratchattach/.git/
2025-12-23T15:11:54.1534037Z [command]/usr/bin/git remote add origin https://github.com/Boss-1s/scratchattach
2025-12-23T15:11:54.1566843Z ##[endgroup]
2025-12-23T15:11:54.1568019Z ##[group]Disabling automatic garbage collection
2025-12-23T15:11:54.1570946Z [command]/usr/bin/git config --local gc.auto 0
2025-12-23T15:11:54.1597957Z ##[endgroup]
2025-12-23T15:11:54.1599179Z ##[group]Setting up auth
2025-12-23T15:11:54.1600092Z Removing SSH command configuration
2025-12-23T15:11:54.1605523Z [command]/usr/bin/git config --local --name-only --get-regexp core\.sshCommand
2025-12-23T15:11:54.1636802Z [command]/usr/bin/git submodule foreach --recursive sh -c "git config --local --name-only --get-regexp 'core\.sshCommand' && git config --local --unset-all 'core.sshCommand' || :"
2025-12-23T15:11:54.1954219Z Removing HTTP extra header
2025-12-23T15:11:54.1960098Z [command]/usr/bin/git config --local --name-only --get-regexp http\.https\:\/\/github\.com\/\.extraheader
2025-12-23T15:11:54.1990698Z [command]/usr/bin/git submodule foreach --recursive sh -c "git config --local --name-only --get-regexp 'http\.https\:\/\/github\.com\/\.extraheader' && git config --local --unset-all 'http.https://github.com/.extraheader' || :"
2025-12-23T15:11:54.2200769Z Removing includeIf entries pointing to credentials config files
2025-12-23T15:11:54.2206456Z [command]/usr/bin/git config --local --name-only --get-regexp ^includeIf\.gitdir:
2025-12-23T15:11:54.2236082Z [command]/usr/bin/git submodule foreach --recursive git config --local --show-origin --name-only --get-regexp remote.origin.url
2025-12-23T15:11:54.2452131Z [command]/usr/bin/git config --file /home/runner/work/_temp/git-credentials-cdd94c28-6667-475b-910a-7a66fa4c1d48.config http.https://github.com/.extraheader AUTHORIZATION: basic ***
2025-12-23T15:11:54.2485591Z [command]/usr/bin/git config --local includeIf.gitdir:/home/runner/work/scratchattach/scratchattach/.git.path /home/runner/work/_temp/git-credentials-cdd94c28-6667-475b-910a-7a66fa4c1d48.config
2025-12-23T15:11:54.2513531Z [command]/usr/bin/git config --local includeIf.gitdir:/home/runner/work/scratchattach/scratchattach/.git/worktrees/*.path /home/runner/work/_temp/git-credentials-cdd94c28-6667-475b-910a-7a66fa4c1d48.config
2025-12-23T15:11:54.2543356Z [command]/usr/bin/git config --local includeIf.gitdir:/github/workspace/.git.path /github/runner_temp/git-credentials-cdd94c28-6667-475b-910a-7a66fa4c1d48.config
2025-12-23T15:11:54.2573482Z [command]/usr/bin/git config --local includeIf.gitdir:/github/workspace/.git/worktrees/*.path /github/runner_temp/git-credentials-cdd94c28-6667-475b-910a-7a66fa4c1d48.config
2025-12-23T15:11:54.2599091Z ##[endgroup]
2025-12-23T15:11:54.2600261Z ##[group]Fetching the repository
2025-12-23T15:11:54.2609530Z [command]/usr/bin/git -c protocol.version=2 fetch --no-tags --prune --no-recurse-submodules --depth=1 origin +refs/heads/scratch_chat_dev*:refs/remotes/origin/scratch_chat_dev* +refs/tags/scratch_chat_dev*:refs/tags/scratch_chat_dev*
2025-12-23T15:11:57.0434730Z From https://github.com/Boss-1s/scratchattach
2025-12-23T15:11:57.0435926Z  * [new branch]      scratch_chat_dev -> origin/scratch_chat_dev
2025-12-23T15:11:57.0467560Z ##[endgroup]
2025-12-23T15:11:57.0468747Z ##[group]Determining the checkout info
2025-12-23T15:11:57.0474969Z [command]/usr/bin/git branch --list --remote origin/scratch_chat_dev
2025-12-23T15:11:57.0498949Z   origin/scratch_chat_dev
2025-12-23T15:11:57.0506802Z ##[endgroup]
2025-12-23T15:11:57.0509363Z [command]/usr/bin/git sparse-checkout disable
2025-12-23T15:11:57.0552846Z [command]/usr/bin/git config --local --unset-all extensions.worktreeConfig
2025-12-23T15:11:57.0580682Z ##[group]Checking out the ref
2025-12-23T15:11:57.0586049Z [command]/usr/bin/git checkout --progress --force -B scratch_chat_dev refs/remotes/origin/scratch_chat_dev
2025-12-23T15:11:57.6869070Z Switched to a new branch 'scratch_chat_dev'
2025-12-23T15:11:57.6870695Z branch 'scratch_chat_dev' set up to track 'origin/scratch_chat_dev'.
2025-12-23T15:11:57.6925003Z ##[endgroup]
2025-12-23T15:11:57.6963733Z [command]/usr/bin/git log -1 --format=%H
2025-12-23T15:11:57.6985792Z 8373eabc9f1f7f2763687c624f9935932c2657af
2025-12-23T15:11:57.7204708Z ##[group]Run actions/setup-python@v6.1.0
2025-12-23T15:11:57.7205093Z with:
2025-12-23T15:11:57.7205350Z   python-version: 3.9
2025-12-23T15:11:57.7205635Z   check-latest: false
2025-12-23T15:11:57.7206056Z   token: ***
2025-12-23T15:11:57.7206333Z   update-environment: true
2025-12-23T15:11:57.7206641Z   allow-prereleases: false
2025-12-23T15:11:57.7206945Z   freethreaded: false
2025-12-23T15:11:57.7207212Z ##[endgroup]
2025-12-23T15:11:57.8451834Z ##[group]Installed versions
2025-12-23T15:11:57.8548753Z (node:2129) [DEP0040] DeprecationWarning: The `punycode` module is deprecated. Please use a userland alternative instead.
2025-12-23T15:11:57.8550336Z (Use `node --trace-deprecation ...` to show where the warning was created)
2025-12-23T15:11:57.8551681Z Successfully set up CPython (3.9.25)
2025-12-23T15:11:57.8552947Z ##[endgroup]
2025-12-23T15:11:57.8685111Z ##[group]Run cd test
2025-12-23T15:11:57.8685498Z [36;1mcd test[0m
2025-12-23T15:11:57.8685778Z [36;1mpython3 test5.py[0m
2025-12-23T15:11:57.8799677Z shell: /usr/bin/bash -e {0}
2025-12-23T15:11:57.8800061Z env:
2025-12-23T15:11:57.8800442Z   pythonLocation: /opt/hostedtoolcache/Python/3.9.25/x64
2025-12-23T15:11:57.8801055Z   PKG_CONFIG_PATH: /opt/hostedtoolcache/Python/3.9.25/x64/lib/pkgconfig
2025-12-23T15:11:57.8801873Z   Python_ROOT_DIR: /opt/hostedtoolcache/Python/3.9.25/x64
2025-12-23T15:11:57.8802409Z   Python2_ROOT_DIR: /opt/hostedtoolcache/Python/3.9.25/x64
2025-12-23T15:11:57.8802945Z   Python3_ROOT_DIR: /opt/hostedtoolcache/Python/3.9.25/x64
2025-12-23T15:11:57.8803502Z   LD_LIBRARY_PATH: /opt/hostedtoolcache/Python/3.9.25/x64/lib
2025-12-23T15:11:57.8803942Z ##[endgroup]
2025-12-23T15:11:58.5167274Z Traceback (most recent call last):
2025-12-23T15:11:58.5175259Z   File "/home/runner/work/scratchattach/scratchattach/test/test5.py", line 8, in <module>
2025-12-23T15:11:58.5176134Z     from key_multivalue_storage import Storage as s
2025-12-23T15:11:58.5176957Z   File "/home/runner/work/scratchattach/scratchattach/key_multivalue_storage.py", line 13, in <module>
2025-12-23T15:11:58.5177678Z     class _KeyNotFoundError(Exception):
2025-12-23T15:11:58.5178471Z   File "/home/runner/work/scratchattach/scratchattach/key_multivalue_storage.py", line 15, in _KeyNotFoundError
2025-12-23T15:11:58.5179369Z     def __init__(self, file: str, mkey: str | uuid.UUID, message="") -> None:
2025-12-23T15:11:58.5179975Z TypeError: unsupported operand type(s) for |: 'type' and 'type'
2025-12-23T15:11:58.5224605Z ##[error]Process completed with exit code 1.
2025-12-23T15:11:58.5335399Z Post job cleanup.
2025-12-23T15:11:58.6107194Z [command]/usr/bin/git version
2025-12-23T15:11:58.6173877Z git version 2.52.0
2025-12-23T15:11:58.6211480Z Temporarily overriding HOME='/home/runner/work/_temp/4dc4c942-4273-4091-b3fe-9366017e57f6' before making global git config changes
2025-12-23T15:11:58.6212797Z Adding repository directory to the temporary git global config as a safe directory
2025-12-23T15:11:58.6282579Z [command]/usr/bin/git config --global --add safe.directory /home/runner/work/scratchattach/scratchattach
2025-12-23T15:11:58.6284140Z Removing SSH command configuration
2025-12-23T15:11:58.6284854Z [command]/usr/bin/git config --local --name-only --get-regexp core\.sshCommand
2025-12-23T15:11:58.6288478Z [command]/usr/bin/git submodule foreach --recursive sh -c "git config --local --name-only --get-regexp 'core\.sshCommand' && git config --local --unset-all 'core.sshCommand' || :"
2025-12-23T15:11:58.6518862Z Removing HTTP extra header
2025-12-23T15:11:58.6524373Z [command]/usr/bin/git config --local --name-only --get-regexp http\.https\:\/\/github\.com\/\.extraheader
2025-12-23T15:11:58.6556142Z [command]/usr/bin/git submodule foreach --recursive sh -c "git config --local --name-only --get-regexp 'http\.https\:\/\/github\.com\/\.extraheader' && git config --local --unset-all 'http.https://github.com/.extraheader' || :"
2025-12-23T15:11:58.6776067Z Removing includeIf entries pointing to credentials config files
2025-12-23T15:11:58.6783063Z [command]/usr/bin/git config --local --name-only --get-regexp ^includeIf\.gitdir:
2025-12-23T15:11:58.6804070Z includeif.gitdir:/home/runner/work/scratchattach/scratchattach/.git.path
2025-12-23T15:11:58.6804887Z includeif.gitdir:/home/runner/work/scratchattach/scratchattach/.git/worktrees/*.path
2025-12-23T15:11:58.6805359Z includeif.gitdir:/github/workspace/.git.path
2025-12-23T15:11:58.6805878Z includeif.gitdir:/github/workspace/.git/worktrees/*.path
2025-12-23T15:11:58.6814883Z [command]/usr/bin/git config --local --get-all includeif.gitdir:/home/runner/work/scratchattach/scratchattach/.git.path
2025-12-23T15:11:58.6835792Z /home/runner/work/_temp/git-credentials-cdd94c28-6667-475b-910a-7a66fa4c1d48.config
2025-12-23T15:11:58.6845805Z [command]/usr/bin/git config --local --unset includeif.gitdir:/home/runner/work/scratchattach/scratchattach/.git.path /home/runner/work/_temp/git-credentials-cdd94c28-6667-475b-910a-7a66fa4c1d48.config
2025-12-23T15:11:58.6877071Z [command]/usr/bin/git config --local --get-all includeif.gitdir:/home/runner/work/scratchattach/scratchattach/.git/worktrees/*.path
2025-12-23T15:11:58.6898936Z /home/runner/work/_temp/git-credentials-cdd94c28-6667-475b-910a-7a66fa4c1d48.config
2025-12-23T15:11:58.6907826Z [command]/usr/bin/git config --local --unset includeif.gitdir:/home/runner/work/scratchattach/scratchattach/.git/worktrees/*.path /home/runner/work/_temp/git-credentials-cdd94c28-6667-475b-910a-7a66fa4c1d48.config
2025-12-23T15:11:58.6939236Z [command]/usr/bin/git config --local --get-all includeif.gitdir:/github/workspace/.git.path
2025-12-23T15:11:58.6961901Z /github/runner_temp/git-credentials-cdd94c28-6667-475b-910a-7a66fa4c1d48.config
2025-12-23T15:11:58.6969373Z [command]/usr/bin/git config --local --unset includeif.gitdir:/github/workspace/.git.path /github/runner_temp/git-credentials-cdd94c28-6667-475b-910a-7a66fa4c1d48.config
2025-12-23T15:11:58.7000160Z [command]/usr/bin/git config --local --get-all includeif.gitdir:/github/workspace/.git/worktrees/*.path
2025-12-23T15:11:58.7020611Z /github/runner_temp/git-credentials-cdd94c28-6667-475b-910a-7a66fa4c1d48.config
2025-12-23T15:11:58.7029574Z [command]/usr/bin/git config --local --unset includeif.gitdir:/github/workspace/.git/worktrees/*.path /github/runner_temp/git-credentials-cdd94c28-6667-475b-910a-7a66fa4c1d48.config
2025-12-23T15:11:58.7060243Z [command]/usr/bin/git submodule foreach --recursive git config --local --show-origin --name-only --get-regexp remote.origin.url
2025-12-23T15:11:58.7276342Z Removing credentials config '/home/runner/work/_temp/git-credentials-cdd94c28-6667-475b-910a-7a66fa4c1d48.config'
2025-12-23T15:11:58.7390839Z Cleaning up orphan processes
