2025-10-29T01:49:05.7519906Z Current runner version: '2.328.0'
2025-10-29T01:49:05.7547690Z ##[group]Runner Image Provisioner
2025-10-29T01:49:05.7548544Z Hosted Compute Agent
2025-10-29T01:49:05.7549093Z Version: 20250912.392
2025-10-29T01:49:05.7549652Z Commit: d921fda672a98b64f4f82364647e2f10b2267d0b
2025-10-29T01:49:05.7550395Z Build Date: 2025-09-12T15:23:14Z
2025-10-29T01:49:05.7550987Z ##[endgroup]
2025-10-29T01:49:05.7551499Z ##[group]Operating System
2025-10-29T01:49:05.7552093Z Ubuntu
2025-10-29T01:49:05.7552547Z 24.04.3
2025-10-29T01:49:05.7552953Z LTS
2025-10-29T01:49:05.7553445Z ##[endgroup]
2025-10-29T01:49:05.7554655Z ##[group]Runner Image
2025-10-29T01:49:05.7555617Z Image: ubuntu-24.04
2025-10-29T01:49:05.7556479Z Version: 20250929.60.1
2025-10-29T01:49:05.7558056Z Included Software: https://github.com/actions/runner-images/blob/ubuntu24/20250929.60/images/ubuntu/Ubuntu2404-Readme.md
2025-10-29T01:49:05.7560667Z Image Release: https://github.com/actions/runner-images/releases/tag/ubuntu24%2F20250929.60
2025-10-29T01:49:05.7562287Z ##[endgroup]
2025-10-29T01:49:05.7564106Z ##[group]GITHUB_TOKEN Permissions
2025-10-29T01:49:05.7566525Z Contents: write
2025-10-29T01:49:05.7567340Z Metadata: read
2025-10-29T01:49:05.7568179Z ##[endgroup]
2025-10-29T01:49:05.7571091Z Secret source: Actions
2025-10-29T01:49:05.7572115Z Prepare workflow directory
2025-10-29T01:49:05.8031196Z Prepare all required actions
2025-10-29T01:49:05.8087471Z Getting action download info
2025-10-29T01:49:06.1042565Z Download action repository 'actions/checkout@v5.0.0' (SHA:08c6903cd8c0fde910a37f88322edcfb5dd907a8)
2025-10-29T01:49:06.3006287Z Download action repository 'pawanbahuguna/action-logs@v2.0.0' (SHA:2fb2206c1749d6d09b8799a05519c08ee503660d)
2025-10-29T01:49:06.8773306Z Complete job name: Download GH action logs
2025-10-29T01:49:06.9347129Z ##[group]Build container for action use: '/home/runner/work/_actions/pawanbahuguna/action-logs/v2.0.0/Dockerfile'.
2025-10-29T01:49:06.9400411Z ##[command]/usr/bin/docker build -t 463f9b:64c3664c2435495a9b34ba926ba9c99e -f "/home/runner/work/_actions/pawanbahuguna/action-logs/v2.0.0/Dockerfile" "/home/runner/work/_actions/pawanbahuguna/action-logs/v2.0.0"
2025-10-29T01:49:07.4694992Z #0 building with "default" instance using docker driver
2025-10-29T01:49:07.4696445Z 
2025-10-29T01:49:07.4696861Z #1 [internal] load build definition from Dockerfile
2025-10-29T01:49:07.4697856Z #1 transferring dockerfile: 347B done
2025-10-29T01:49:07.4698679Z #1 DONE 0.0s
2025-10-29T01:49:07.4699021Z 
2025-10-29T01:49:07.4699468Z #2 [auth] library/alpine:pull token for registry-1.docker.io
2025-10-29T01:49:07.6264222Z #2 DONE 0.0s
2025-10-29T01:49:07.6274966Z 
2025-10-29T01:49:07.6275830Z #3 [internal] load metadata for docker.io/library/alpine:latest
2025-10-29T01:49:07.9504365Z #3 DONE 0.6s
2025-10-29T01:49:08.0677507Z 
2025-10-29T01:49:08.0678564Z #4 [internal] load .dockerignore
2025-10-29T01:49:08.0679917Z #4 transferring context: 2B done
2025-10-29T01:49:08.0680987Z #4 DONE 0.0s
2025-10-29T01:49:08.0681520Z 
2025-10-29T01:49:08.0681933Z #5 [internal] load build context
2025-10-29T01:49:08.0683092Z #5 transferring context: 2.53kB done
2025-10-29T01:49:08.0684448Z #5 DONE 0.0s
2025-10-29T01:49:08.0684913Z 
2025-10-29T01:49:08.0686708Z #6 [1/4] FROM docker.io/library/alpine:latest@sha256:4b7ce07002c69e8f3d704a9c5d6fd3053be500b7f1c69fc0d80990c2ad8dd412
2025-10-29T01:49:08.0691531Z #6 resolve docker.io/library/alpine:latest@sha256:4b7ce07002c69e8f3d704a9c5d6fd3053be500b7f1c69fc0d80990c2ad8dd412 done
2025-10-29T01:49:08.0696554Z #6 sha256:4b7ce07002c69e8f3d704a9c5d6fd3053be500b7f1c69fc0d80990c2ad8dd412 9.22kB / 9.22kB done
2025-10-29T01:49:08.0699752Z #6 sha256:85f2b723e106c34644cd5851d7e81ee87da98ac54672b29947c052a45d31dc2f 1.02kB / 1.02kB done
2025-10-29T01:49:08.0702842Z #6 sha256:706db57fb2063f39f69632c5b5c9c439633fda35110e65587c5d85553fd1cc38 581B / 581B done
2025-10-29T01:49:08.0706085Z #6 sha256:2d35ebdb57d9971fea0cac1582aa78935adf8058b2cc32db163c98822e5dfa1b 1.05MB / 3.80MB 0.1s
2025-10-29T01:49:08.1893390Z #6 sha256:2d35ebdb57d9971fea0cac1582aa78935adf8058b2cc32db163c98822e5dfa1b 3.15MB / 3.80MB 0.2s
2025-10-29T01:49:08.1901124Z #6 extracting sha256:2d35ebdb57d9971fea0cac1582aa78935adf8058b2cc32db163c98822e5dfa1b
2025-10-29T01:49:08.3024487Z #6 sha256:2d35ebdb57d9971fea0cac1582aa78935adf8058b2cc32db163c98822e5dfa1b 3.80MB / 3.80MB 0.2s done
2025-10-29T01:49:08.3028288Z #6 extracting sha256:2d35ebdb57d9971fea0cac1582aa78935adf8058b2cc32db163c98822e5dfa1b 0.1s done
2025-10-29T01:49:08.3031466Z #6 DONE 0.3s
2025-10-29T01:49:08.4367512Z 
2025-10-29T01:49:08.4368747Z #7 [2/4] RUN apk update && apk add --no-cache curl jq
2025-10-29T01:49:08.4370989Z #7 0.133 fetch https://dl-cdn.alpinelinux.org/alpine/v3.22/main/x86_64/APKINDEX.tar.gz
2025-10-29T01:49:08.6618312Z #7 0.208 fetch https://dl-cdn.alpinelinux.org/alpine/v3.22/community/x86_64/APKINDEX.tar.gz
2025-10-29T01:49:08.8429885Z #7 0.540 v3.22.2-101-g9c88d4960b1 [https://dl-cdn.alpinelinux.org/alpine/v3.22/main]
2025-10-29T01:49:08.8430781Z #7 0.540 v3.22.2-100-g7c62722e5bc [https://dl-cdn.alpinelinux.org/alpine/v3.22/community]
2025-10-29T01:49:08.8431454Z #7 0.540 OK: 26319 distinct packages available
2025-10-29T01:49:08.9926858Z #7 0.614 fetch https://dl-cdn.alpinelinux.org/alpine/v3.22/main/x86_64/APKINDEX.tar.gz
2025-10-29T01:49:09.3063627Z #7 0.689 fetch https://dl-cdn.alpinelinux.org/alpine/v3.22/community/x86_64/APKINDEX.tar.gz
2025-10-29T01:49:09.3065048Z #7 1.003 (1/11) Installing brotli-libs (1.1.0-r2)
2025-10-29T01:49:09.5359149Z #7 1.016 (2/11) Installing c-ares (1.34.5-r0)
2025-10-29T01:49:09.5359794Z #7 1.020 (3/11) Installing libunistring (1.3-r0)
2025-10-29T01:49:09.5360283Z #7 1.033 (4/11) Installing libidn2 (2.3.7-r0)
2025-10-29T01:49:09.5360763Z #7 1.037 (5/11) Installing nghttp2-libs (1.65.0-r0)
2025-10-29T01:49:09.5361664Z #7 1.041 (6/11) Installing libpsl (0.21.5-r3)
2025-10-29T01:49:09.5362141Z #7 1.044 (7/11) Installing zstd-libs (1.5.7-r0)
2025-10-29T01:49:09.5362607Z #7 1.052 (8/11) Installing libcurl (8.14.1-r2)
2025-10-29T01:49:09.5363067Z #7 1.059 (9/11) Installing curl (8.14.1-r2)
2025-10-29T01:49:09.5363531Z #7 1.065 (10/11) Installing oniguruma (6.9.10-r0)
2025-10-29T01:49:09.5364157Z #7 1.070 (11/11) Installing jq (1.8.0-r0)
2025-10-29T01:49:09.5364596Z #7 1.076 Executing busybox-1.37.0-r19.trigger
2025-10-29T01:49:09.5365029Z #7 1.082 OK: 13 MiB in 27 packages
2025-10-29T01:49:09.8695162Z #7 DONE 1.6s
2025-10-29T01:49:10.0083643Z 
2025-10-29T01:49:10.0084316Z #8 [3/4] COPY entrypoint.sh /entrypoint.sh
2025-10-29T01:49:10.0084804Z #8 DONE 0.0s
2025-10-29T01:49:10.0084983Z 
2025-10-29T01:49:10.0085125Z #9 [4/4] RUN chmod +x /entrypoint.sh
2025-10-29T01:49:10.0085517Z #9 DONE 0.1s
2025-10-29T01:49:10.1597936Z 
2025-10-29T01:49:10.1598456Z #10 exporting to image
2025-10-29T01:49:10.1598825Z #10 exporting layers
2025-10-29T01:49:11.0110541Z #10 exporting layers 1.0s done
2025-10-29T01:49:11.0310153Z #10 writing image sha256:86fd634e4d27f97433c9509621e9e5ee689fee8b0707da2c1907389751fb60e0 done
2025-10-29T01:49:11.0311203Z #10 naming to docker.io/library/463f9b:64c3664c2435495a9b34ba926ba9c99e done
2025-10-29T01:49:11.0311753Z #10 DONE 1.0s
2025-10-29T01:49:11.0371874Z ##[endgroup]
2025-10-29T01:49:11.0619573Z ##[group]Run actions/checkout@v5.0.0
2025-10-29T01:49:11.0620145Z with:
2025-10-29T01:49:11.0620350Z   repository: Boss-1s/scratchattach
2025-10-29T01:49:11.0620781Z   token: ***
2025-10-29T01:49:11.0620963Z   ssh-strict: true
2025-10-29T01:49:11.0621147Z   ssh-user: git
2025-10-29T01:49:11.0621340Z   persist-credentials: true
2025-10-29T01:49:11.0621552Z   clean: true
2025-10-29T01:49:11.0621739Z   sparse-checkout-cone-mode: true
2025-10-29T01:49:11.0621971Z   fetch-depth: 1
2025-10-29T01:49:11.0622148Z   fetch-tags: false
2025-10-29T01:49:11.0622327Z   show-progress: true
2025-10-29T01:49:11.0622514Z   lfs: false
2025-10-29T01:49:11.0622680Z   submodules: false
2025-10-29T01:49:11.0622859Z   set-safe-directory: true
2025-10-29T01:49:11.0623254Z ##[endgroup]
2025-10-29T01:49:11.1524909Z Syncing repository: Boss-1s/scratchattach
2025-10-29T01:49:11.1526224Z ##[group]Getting Git version info
2025-10-29T01:49:11.1527032Z Working directory is '/home/runner/work/scratchattach/scratchattach'
2025-10-29T01:49:11.1527598Z [command]/usr/bin/git version
2025-10-29T01:49:11.1533087Z git version 2.51.0
2025-10-29T01:49:11.1553325Z ##[endgroup]
2025-10-29T01:49:11.1567517Z Temporarily overriding HOME='/home/runner/work/_temp/de571f99-0ce3-4daf-83d6-4376a41e8e0d' before making global git config changes
2025-10-29T01:49:11.1568437Z Adding repository directory to the temporary git global config as a safe directory
2025-10-29T01:49:11.1572571Z [command]/usr/bin/git config --global --add safe.directory /home/runner/work/scratchattach/scratchattach
2025-10-29T01:49:11.1608835Z Deleting the contents of '/home/runner/work/scratchattach/scratchattach'
2025-10-29T01:49:11.1612105Z ##[group]Initializing the repository
2025-10-29T01:49:11.1616915Z [command]/usr/bin/git init /home/runner/work/scratchattach/scratchattach
2025-10-29T01:49:11.1727877Z hint: Using 'master' as the name for the initial branch. This default branch name
2025-10-29T01:49:11.1728931Z hint: is subject to change. To configure the initial branch name to use in all
2025-10-29T01:49:11.1729803Z hint: of your new repositories, which will suppress this warning, call:
2025-10-29T01:49:11.1730450Z hint:
2025-10-29T01:49:11.1730924Z hint: 	git config --global init.defaultBranch <name>
2025-10-29T01:49:11.1731473Z hint:
2025-10-29T01:49:11.1731989Z hint: Names commonly chosen instead of 'master' are 'main', 'trunk' and
2025-10-29T01:49:11.1732960Z hint: 'development'. The just-created branch can be renamed via this command:
2025-10-29T01:49:11.1733886Z hint:
2025-10-29T01:49:11.1734250Z hint: 	git branch -m <name>
2025-10-29T01:49:11.1734684Z hint:
2025-10-29T01:49:11.1735241Z hint: Disable this message with "git config set advice.defaultBranchName false"
2025-10-29T01:49:11.1736132Z Initialized empty Git repository in /home/runner/work/scratchattach/scratchattach/.git/
2025-10-29T01:49:11.1744008Z [command]/usr/bin/git remote add origin https://github.com/Boss-1s/scratchattach
2025-10-29T01:49:11.1778192Z ##[endgroup]
2025-10-29T01:49:11.1778626Z ##[group]Disabling automatic garbage collection
2025-10-29T01:49:11.1783441Z [command]/usr/bin/git config --local gc.auto 0
2025-10-29T01:49:11.1811342Z ##[endgroup]
2025-10-29T01:49:11.1811967Z ##[group]Setting up auth
2025-10-29T01:49:11.1818687Z [command]/usr/bin/git config --local --name-only --get-regexp core\.sshCommand
2025-10-29T01:49:11.1849044Z [command]/usr/bin/git submodule foreach --recursive sh -c "git config --local --name-only --get-regexp 'core\.sshCommand' && git config --local --unset-all 'core.sshCommand' || :"
2025-10-29T01:49:11.2203204Z [command]/usr/bin/git config --local --name-only --get-regexp http\.https\:\/\/github\.com\/\.extraheader
2025-10-29T01:49:11.2233449Z [command]/usr/bin/git submodule foreach --recursive sh -c "git config --local --name-only --get-regexp 'http\.https\:\/\/github\.com\/\.extraheader' && git config --local --unset-all 'http.https://github.com/.extraheader' || :"
2025-10-29T01:49:11.2454564Z [command]/usr/bin/git config --local http.https://github.com/.extraheader AUTHORIZATION: basic ***
2025-10-29T01:49:11.2489468Z ##[endgroup]
2025-10-29T01:49:11.2489971Z ##[group]Fetching the repository
2025-10-29T01:49:11.2499024Z [command]/usr/bin/git -c protocol.version=2 fetch --no-tags --prune --no-recurse-submodules --depth=1 origin +c535ca873543dc9c11fd7d58ae5fbafd4e6fdc56:refs/remotes/origin/main
2025-10-29T01:49:12.4347709Z From https://github.com/Boss-1s/scratchattach
2025-10-29T01:49:12.4377644Z  * [new ref]         c535ca873543dc9c11fd7d58ae5fbafd4e6fdc56 -> origin/main
2025-10-29T01:49:12.4379352Z ##[endgroup]
2025-10-29T01:49:12.4379953Z ##[group]Determining the checkout info
2025-10-29T01:49:12.4382202Z ##[endgroup]
2025-10-29T01:49:12.4388171Z [command]/usr/bin/git sparse-checkout disable
2025-10-29T01:49:12.4431503Z [command]/usr/bin/git config --local --unset-all extensions.worktreeConfig
2025-10-29T01:49:12.4462935Z ##[group]Checking out the ref
2025-10-29T01:49:12.4464178Z [command]/usr/bin/git checkout --progress --force -B main refs/remotes/origin/main
2025-10-29T01:49:12.7333533Z Switched to a new branch 'main'
2025-10-29T01:49:12.7334947Z branch 'main' set up to track 'origin/main'.
2025-10-29T01:49:12.7370428Z ##[endgroup]
2025-10-29T01:49:12.7411162Z [command]/usr/bin/git log -1 --format=%H
2025-10-29T01:49:12.7434251Z c535ca873543dc9c11fd7d58ae5fbafd4e6fdc56
2025-10-29T01:49:12.7618572Z ##[group]Run pawanbahuguna/action-logs@v2.0.0
2025-10-29T01:49:12.7618859Z env:
2025-10-29T01:49:12.7619409Z   GH_TOKEN: ***
2025-10-29T01:49:12.7619614Z   GH_REPO: Boss-1s/scratchattach
2025-10-29T01:49:12.7619833Z   LOGS_DIR: .logs
2025-10-29T01:49:12.7620003Z ##[endgroup]
2025-10-29T01:49:12.7706698Z ##[command]/usr/bin/docker run --name f9b64c3664c2435495a9b34ba926ba9c99e_510387 --label 463f9b --workdir /github/workspace --rm -e "GH_TOKEN" -e "GH_REPO" -e "LOGS_DIR" -e "HOME" -e "GITHUB_JOB" -e "GITHUB_REF" -e "GITHUB_SHA" -e "GITHUB_REPOSITORY" -e "GITHUB_REPOSITORY_OWNER" -e "GITHUB_REPOSITORY_OWNER_ID" -e "GITHUB_RUN_ID" -e "GITHUB_RUN_NUMBER" -e "GITHUB_RETENTION_DAYS" -e "GITHUB_RUN_ATTEMPT" -e "GITHUB_ACTOR_ID" -e "GITHUB_ACTOR" -e "GITHUB_WORKFLOW" -e "GITHUB_HEAD_REF" -e "GITHUB_BASE_REF" -e "GITHUB_EVENT_NAME" -e "GITHUB_SERVER_URL" -e "GITHUB_API_URL" -e "GITHUB_GRAPHQL_URL" -e "GITHUB_REF_NAME" -e "GITHUB_REF_PROTECTED" -e "GITHUB_REF_TYPE" -e "GITHUB_WORKFLOW_REF" -e "GITHUB_WORKFLOW_SHA" -e "GITHUB_REPOSITORY_ID" -e "GITHUB_TRIGGERING_ACTOR" -e "GITHUB_WORKSPACE" -e "GITHUB_ACTION" -e "GITHUB_EVENT_PATH" -e "GITHUB_ACTION_REPOSITORY" -e "GITHUB_ACTION_REF" -e "GITHUB_PATH" -e "GITHUB_ENV" -e "GITHUB_STEP_SUMMARY" -e "GITHUB_STATE" -e "GITHUB_OUTPUT" -e "RUNNER_OS" -e "RUNNER_ARCH" -e "RUNNER_NAME" -e "RUNNER_ENVIRONMENT" -e "RUNNER_TOOL_CACHE" -e "RUNNER_TEMP" -e "RUNNER_WORKSPACE" -e "ACTIONS_RUNTIME_URL" -e "ACTIONS_RUNTIME_TOKEN" -e "ACTIONS_CACHE_URL" -e "ACTIONS_RESULTS_URL" -e GITHUB_ACTIONS=true -e CI=true -v "/var/run/docker.sock":"/var/run/docker.sock" -v "/home/runner/work/_temp/_github_home":"/github/home" -v "/home/runner/work/_temp/_github_workflow":"/github/workflow" -v "/home/runner/work/_temp/_runner_file_commands":"/github/file_commands" -v "/home/runner/work/scratchattach/scratchattach":"/github/workspace" 463f9b:64c3664c2435495a9b34ba926ba9c99e
2025-10-29T01:49:13.0326710Z Will only process 24hrs logs before or equal to 2025-10-28T01:49:13Z
2025-10-29T01:49:13.0330092Z Searching Workflow Runs
2025-10-29T01:49:15.9231143Z Fetching Job IDs
2025-10-29T01:49:18.9219575Z mkdir: can't create directory '.logs': File exists
2025-10-29T01:49:18.9225565Z Writing logs for job 53929140025
2025-10-29T01:49:19.0778724Z Writing logs for job 53928961383
2025-10-29T01:49:19.2534801Z Writing logs for job 53903169716
2025-10-29T01:49:19.8961168Z Writing logs for job 53901271133
2025-10-29T01:49:20.2730438Z Writing logs for job 53899247111
2025-10-29T01:49:20.6302039Z Writing logs for job 53891736239
2025-10-29T01:49:20.9661778Z Writing logs for job 53891725460
2025-10-29T01:49:21.3489054Z Writing logs for job 53866376965
2025-10-29T01:49:21.8110320Z Writing logs for job 53862840822
2025-10-29T01:49:22.2302435Z Writing logs for job 53836862782
2025-10-29T01:49:22.6026530Z Writing logs for job 53835437211
2025-10-29T01:49:22.9811366Z Writing logs for job 53834316114
2025-10-29T01:49:23.4144628Z Writing logs for job 53824467074
2025-10-29T01:49:23.8574136Z Logs Downloaded and saved!
2025-10-29T01:49:23.8574673Z Starting cleanup
2025-10-29T01:49:23.8581862Z cleanup Completed!!
2025-10-29T01:49:23.9393113Z ##[group]Run git config --global user.name 'Boss_1s [via Actions]'
2025-10-29T01:49:23.9393628Z [36;1mgit config --global user.name 'Boss_1s [via Actions]'[0m
2025-10-29T01:49:23.9394372Z [36;1mgit config --global user.email 'Boss-1s[auto]@users.noreply.github.com'[0m
2025-10-29T01:49:23.9394732Z [36;1m[0m
2025-10-29T01:49:23.9394911Z [36;1mgit pull origin main[0m
2025-10-29T01:49:23.9395114Z [36;1m[0m
2025-10-29T01:49:23.9395323Z [36;1mGIT_STATUS_OUTPUT=$(git status --porcelain)[0m
2025-10-29T01:49:23.9395781Z [36;1m[0m
2025-10-29T01:49:23.9395964Z [36;1mif [ -z "$GIT_STATUS_OUTPUT" ]; then[0m
2025-10-29T01:49:23.9396287Z [36;1m  echo "Git working tree is clean (no uncommitted changes)."[0m
2025-10-29T01:49:23.9396584Z [36;1m  exit 0[0m
2025-10-29T01:49:23.9396761Z [36;1melse[0m
2025-10-29T01:49:23.9396977Z [36;1m  echo "Git working tree has uncommitted changes:"[0m
2025-10-29T01:49:23.9397267Z [36;1m  echo "$GIT_STATUS_OUTPUT"[0m
2025-10-29T01:49:23.9397597Z [36;1m  echo "These changes will be pushed to the main branch."[0m
2025-10-29T01:49:23.9397885Z [36;1mfi[0m
2025-10-29T01:49:23.9398047Z [36;1m[0m
2025-10-29T01:49:23.9398200Z [36;1mgit add .[0m
2025-10-29T01:49:23.9398410Z [36;1mgit commit -m "[BOT] Download Logs"[0m
2025-10-29T01:49:23.9398670Z [36;1mgit push origin main[0m
2025-10-29T01:49:23.9435124Z shell: /usr/bin/bash -e {0}
2025-10-29T01:49:23.9435368Z ##[endgroup]
2025-10-29T01:49:24.1433086Z From https://github.com/Boss-1s/scratchattach
2025-10-29T01:49:24.1435421Z  * branch            main       -> FETCH_HEAD
2025-10-29T01:49:24.1672629Z Already up to date.
2025-10-29T01:49:24.4178950Z Git working tree has uncommitted changes:
2025-10-29T01:49:24.4179441Z ?? .logs/logs-53824467074-2025-10-29.txt
2025-10-29T01:49:24.4179869Z ?? .logs/logs-53834316114-2025-10-29.txt
2025-10-29T01:49:24.4180266Z ?? .logs/logs-53835437211-2025-10-29.txt
2025-10-29T01:49:24.4180655Z ?? .logs/logs-53836862782-2025-10-29.txt
2025-10-29T01:49:24.4181061Z ?? .logs/logs-53862840822-2025-10-29.txt
2025-10-29T01:49:24.4181403Z ?? .logs/logs-53866376965-2025-10-29.txt
2025-10-29T01:49:24.4181704Z ?? .logs/logs-53891725460-2025-10-29.txt
2025-10-29T01:49:24.4182030Z ?? .logs/logs-53891736239-2025-10-29.txt
2025-10-29T01:49:24.4182408Z ?? .logs/logs-53899247111-2025-10-29.txt
2025-10-29T01:49:24.4182863Z ?? .logs/logs-53901271133-2025-10-29.txt
2025-10-29T01:49:24.4183257Z ?? .logs/logs-53903169716-2025-10-29.txt
2025-10-29T01:49:24.4183943Z ?? .logs/logs-53928961383-2025-10-29.txt
2025-10-29T01:49:24.4184372Z ?? .logs/logs-53929140025-2025-10-29.txt
2025-10-29T01:49:24.4184847Z These changes will be pushed to the main branch.
2025-10-29T01:49:24.4689449Z [main dccbff4] [BOT] Download Logs
2025-10-29T01:49:24.4689968Z  13 files changed, 30619 insertions(+)
2025-10-29T01:49:24.4690461Z  create mode 100644 .logs/logs-53824467074-2025-10-29.txt
2025-10-29T01:49:24.4691022Z  create mode 100644 .logs/logs-53834316114-2025-10-29.txt
2025-10-29T01:49:24.4691585Z  create mode 100644 .logs/logs-53835437211-2025-10-29.txt
2025-10-29T01:49:24.4692093Z  create mode 100644 .logs/logs-53836862782-2025-10-29.txt
2025-10-29T01:49:24.4692439Z  create mode 100644 .logs/logs-53862840822-2025-10-29.txt
2025-10-29T01:49:24.4692744Z  create mode 100644 .logs/logs-53866376965-2025-10-29.txt
2025-10-29T01:49:24.4693053Z  create mode 100644 .logs/logs-53891725460-2025-10-29.txt
2025-10-29T01:49:24.4693362Z  create mode 100644 .logs/logs-53891736239-2025-10-29.txt
2025-10-29T01:49:24.4693842Z  create mode 100644 .logs/logs-53899247111-2025-10-29.txt
2025-10-29T01:49:24.4694276Z  create mode 100644 .logs/logs-53901271133-2025-10-29.txt
2025-10-29T01:49:24.4694573Z  create mode 100644 .logs/logs-53903169716-2025-10-29.txt
2025-10-29T01:49:24.4694870Z  create mode 100644 .logs/logs-53928961383-2025-10-29.txt
2025-10-29T01:49:24.4695198Z  create mode 100644 .logs/logs-53929140025-2025-10-29.txt
2025-10-29T01:49:25.9502398Z To https://github.com/Boss-1s/scratchattach
2025-10-29T01:49:25.9503209Z    c535ca8..dccbff4  main -> main
2025-10-29T01:49:25.9673067Z Post job cleanup.
2025-10-29T01:49:26.0475419Z [command]/usr/bin/git version
2025-10-29T01:49:26.0511874Z git version 2.51.0
2025-10-29T01:49:26.0544351Z Copying '/home/runner/.gitconfig' to '/home/runner/work/_temp/a4de7457-45fd-472f-87ee-bde44ae342cc/.gitconfig'
2025-10-29T01:49:26.0553183Z Temporarily overriding HOME='/home/runner/work/_temp/a4de7457-45fd-472f-87ee-bde44ae342cc' before making global git config changes
2025-10-29T01:49:26.0554822Z Adding repository directory to the temporary git global config as a safe directory
2025-10-29T01:49:26.0558684Z [command]/usr/bin/git config --global --add safe.directory /home/runner/work/scratchattach/scratchattach
2025-10-29T01:49:26.0593001Z [command]/usr/bin/git config --local --name-only --get-regexp core\.sshCommand
2025-10-29T01:49:26.0625309Z [command]/usr/bin/git submodule foreach --recursive sh -c "git config --local --name-only --get-regexp 'core\.sshCommand' && git config --local --unset-all 'core.sshCommand' || :"
2025-10-29T01:49:26.0852169Z [command]/usr/bin/git config --local --name-only --get-regexp http\.https\:\/\/github\.com\/\.extraheader
2025-10-29T01:49:26.0875667Z http.https://github.com/.extraheader
2025-10-29T01:49:26.0886200Z [command]/usr/bin/git config --local --unset-all http.https://github.com/.extraheader
2025-10-29T01:49:26.0917389Z [command]/usr/bin/git submodule foreach --recursive sh -c "git config --local --name-only --get-regexp 'http\.https\:\/\/github\.com\/\.extraheader' && git config --local --unset-all 'http.https://github.com/.extraheader' || :"
2025-10-29T01:49:26.1249721Z Cleaning up orphan processes
