2025-09-02T09:13:24.2294576Z Current runner version: '2.328.0'
2025-09-02T09:13:24.2327219Z ##[group]Runner Image Provisioner
2025-09-02T09:13:24.2328392Z Hosted Compute Agent
2025-09-02T09:13:24.2329440Z Version: 20250829.383
2025-09-02T09:13:24.2330379Z Commit: 27cb235aab5b0e52e153a26cd86b4742e89dac5d
2025-09-02T09:13:24.2331503Z Build Date: 2025-08-29T13:48:48Z
2025-09-02T09:13:24.2332538Z ##[endgroup]
2025-09-02T09:13:24.2333399Z ##[group]Operating System
2025-09-02T09:13:24.2334236Z Ubuntu
2025-09-02T09:13:24.2335225Z 24.04.3
2025-09-02T09:13:24.2335983Z LTS
2025-09-02T09:13:24.2336838Z ##[endgroup]
2025-09-02T09:13:24.2337589Z ##[group]Runner Image
2025-09-02T09:13:24.2338442Z Image: ubuntu-24.04
2025-09-02T09:13:24.2339396Z Version: 20250824.1.0
2025-09-02T09:13:24.2341054Z Included Software: https://github.com/actions/runner-images/blob/ubuntu24/20250824.1/images/ubuntu/Ubuntu2404-Readme.md
2025-09-02T09:13:24.2343666Z Image Release: https://github.com/actions/runner-images/releases/tag/ubuntu24%2F20250824.1
2025-09-02T09:13:24.2345629Z ##[endgroup]
2025-09-02T09:13:24.2347174Z ##[group]GITHUB_TOKEN Permissions
2025-09-02T09:13:24.2349749Z Contents: write
2025-09-02T09:13:24.2350616Z Metadata: read
2025-09-02T09:13:24.2351443Z ##[endgroup]
2025-09-02T09:13:24.2354340Z Secret source: Actions
2025-09-02T09:13:24.2355676Z Prepare workflow directory
2025-09-02T09:13:24.2804041Z Prepare all required actions
2025-09-02T09:13:24.2860452Z Getting action download info
2025-09-02T09:13:24.6339864Z Download action repository 'actions/checkout@v5' (SHA:08c6903cd8c0fde910a37f88322edcfb5dd907a8)
2025-09-02T09:13:25.1989405Z Download action repository 'actions/setup-python@v5.6.0' (SHA:a26af69be951a213d495a4c3e4e4022e16d87065)
2025-09-02T09:13:25.3111957Z Download action repository 'bossOfCode/install-scratchattach@v1.0.3' (SHA:be17a7cf1ecb5a7040eb42ef26c2e1fbe72bb25a)
2025-09-02T09:13:25.6889311Z Complete job name: Run Prioritzing Handler
2025-09-02T09:13:25.7588769Z ##[group]Run actions/checkout@v5
2025-09-02T09:13:25.7589651Z with:
2025-09-02T09:13:25.7590088Z   ref: main
2025-09-02T09:13:25.7590516Z   repository: Boss-1s/scratchattach
2025-09-02T09:13:25.7591238Z   token: ***
2025-09-02T09:13:25.7591647Z   ssh-strict: true
2025-09-02T09:13:25.7592057Z   ssh-user: git
2025-09-02T09:13:25.7592481Z   persist-credentials: true
2025-09-02T09:13:25.7592963Z   clean: true
2025-09-02T09:13:25.7593392Z   sparse-checkout-cone-mode: true
2025-09-02T09:13:25.7593902Z   fetch-depth: 1
2025-09-02T09:13:25.7594312Z   fetch-tags: false
2025-09-02T09:13:25.7594917Z   show-progress: true
2025-09-02T09:13:25.7595362Z   lfs: false
2025-09-02T09:13:25.7595752Z   submodules: false
2025-09-02T09:13:25.7596188Z   set-safe-directory: true
2025-09-02T09:13:25.7596924Z ##[endgroup]
2025-09-02T09:13:25.8520110Z Syncing repository: Boss-1s/scratchattach
2025-09-02T09:13:25.8521918Z ##[group]Getting Git version info
2025-09-02T09:13:25.8522806Z Working directory is '/home/runner/work/scratchattach/scratchattach'
2025-09-02T09:13:25.8523930Z [command]/usr/bin/git version
2025-09-02T09:13:25.9582999Z git version 2.51.0
2025-09-02T09:13:25.9603923Z ##[endgroup]
2025-09-02T09:13:25.9617872Z Temporarily overriding HOME='/home/runner/work/_temp/24f5e834-940e-4b72-8e9a-6f7bcc945bb8' before making global git config changes
2025-09-02T09:13:25.9619774Z Adding repository directory to the temporary git global config as a safe directory
2025-09-02T09:13:25.9622290Z [command]/usr/bin/git config --global --add safe.directory /home/runner/work/scratchattach/scratchattach
2025-09-02T09:13:26.6035862Z Deleting the contents of '/home/runner/work/scratchattach/scratchattach'
2025-09-02T09:13:26.6040608Z ##[group]Initializing the repository
2025-09-02T09:13:26.6046925Z [command]/usr/bin/git init /home/runner/work/scratchattach/scratchattach
2025-09-02T09:13:26.6541022Z hint: Using 'master' as the name for the initial branch. This default branch name
2025-09-02T09:13:26.6543056Z hint: is subject to change. To configure the initial branch name to use in all
2025-09-02T09:13:26.6544652Z hint: of your new repositories, which will suppress this warning, call:
2025-09-02T09:13:26.6546284Z hint:
2025-09-02T09:13:26.6547049Z hint: 	git config --global init.defaultBranch <name>
2025-09-02T09:13:26.6548090Z hint:
2025-09-02T09:13:26.6549088Z hint: Names commonly chosen instead of 'master' are 'main', 'trunk' and
2025-09-02T09:13:26.6550860Z hint: 'development'. The just-created branch can be renamed via this command:
2025-09-02T09:13:26.6552232Z hint:
2025-09-02T09:13:26.6552869Z hint: 	git branch -m <name>
2025-09-02T09:13:26.6553658Z hint:
2025-09-02T09:13:26.6593081Z hint: Disable this message with "git config set advice.defaultBranchName false"
2025-09-02T09:13:26.6596975Z Initialized empty Git repository in /home/runner/work/scratchattach/scratchattach/.git/
2025-09-02T09:13:26.6605266Z [command]/usr/bin/git remote add origin https://github.com/Boss-1s/scratchattach
2025-09-02T09:13:26.6729470Z ##[endgroup]
2025-09-02T09:13:26.6731939Z ##[group]Disabling automatic garbage collection
2025-09-02T09:13:26.6734219Z [command]/usr/bin/git config --local gc.auto 0
2025-09-02T09:13:26.6762705Z ##[endgroup]
2025-09-02T09:13:26.6765499Z ##[group]Setting up auth
2025-09-02T09:13:26.6769983Z [command]/usr/bin/git config --local --name-only --get-regexp core\.sshCommand
2025-09-02T09:13:26.6803510Z [command]/usr/bin/git submodule foreach --recursive sh -c "git config --local --name-only --get-regexp 'core\.sshCommand' && git config --local --unset-all 'core.sshCommand' || :"
2025-09-02T09:13:26.8669432Z [command]/usr/bin/git config --local --name-only --get-regexp http\.https\:\/\/github\.com\/\.extraheader
2025-09-02T09:13:26.8702777Z [command]/usr/bin/git submodule foreach --recursive sh -c "git config --local --name-only --get-regexp 'http\.https\:\/\/github\.com\/\.extraheader' && git config --local --unset-all 'http.https://github.com/.extraheader' || :"
2025-09-02T09:13:26.8946433Z [command]/usr/bin/git config --local http.https://github.com/.extraheader AUTHORIZATION: basic ***
2025-09-02T09:13:26.8980417Z ##[endgroup]
2025-09-02T09:13:26.8983099Z ##[group]Fetching the repository
2025-09-02T09:13:26.8991734Z [command]/usr/bin/git -c protocol.version=2 fetch --no-tags --prune --no-recurse-submodules --depth=1 origin +refs/heads/main*:refs/remotes/origin/main* +refs/tags/main*:refs/tags/main*
2025-09-02T09:13:27.3576835Z From https://github.com/Boss-1s/scratchattach
2025-09-02T09:13:27.3579673Z  * [new branch]      main       -> origin/main
2025-09-02T09:13:27.3666706Z ##[endgroup]
2025-09-02T09:13:27.3669287Z ##[group]Determining the checkout info
2025-09-02T09:13:27.3672103Z [command]/usr/bin/git branch --list --remote origin/main
2025-09-02T09:13:27.3695872Z   origin/main
2025-09-02T09:13:27.3703229Z ##[endgroup]
2025-09-02T09:13:27.3706238Z [command]/usr/bin/git sparse-checkout disable
2025-09-02T09:13:27.3794064Z [command]/usr/bin/git config --local --unset-all extensions.worktreeConfig
2025-09-02T09:13:27.3823795Z ##[group]Checking out the ref
2025-09-02T09:13:27.3826827Z [command]/usr/bin/git checkout --progress --force -B main refs/remotes/origin/main
2025-09-02T09:13:27.4225340Z Switched to a new branch 'main'
2025-09-02T09:13:27.4228887Z branch 'main' set up to track 'origin/main'.
2025-09-02T09:13:27.4238620Z ##[endgroup]
2025-09-02T09:13:27.4276796Z [command]/usr/bin/git log -1 --format=%H
2025-09-02T09:13:27.4300637Z 7805618378438c87c31f9b226207fa051673afb1
2025-09-02T09:13:27.4606433Z ##[group]Run actions/setup-python@v5.6.0
2025-09-02T09:13:27.4607562Z with:
2025-09-02T09:13:27.4608315Z   python-version: 3.12.5
2025-09-02T09:13:27.4609253Z   check-latest: false
2025-09-02T09:13:27.4610395Z   token: ***
2025-09-02T09:13:27.4611205Z   update-environment: true
2025-09-02T09:13:27.4612174Z   allow-prereleases: false
2025-09-02T09:13:27.4613112Z   freethreaded: false
2025-09-02T09:13:27.4613947Z ##[endgroup]
2025-09-02T09:13:27.6340252Z ##[group]Installed versions
2025-09-02T09:13:27.6474362Z Version 3.12.5 was not found in the local cache
2025-09-02T09:13:28.0220896Z Version 3.12.5 is available for downloading
2025-09-02T09:13:28.0223041Z Download from "https://github.com/actions/python-versions/releases/download/3.12.5-10375840348/python-3.12.5-linux-24.04-x64.tar.gz"
2025-09-02T09:13:28.7087559Z Extract downloaded archive
2025-09-02T09:13:28.7190430Z [command]/usr/bin/tar xz --warning=no-unknown-keyword --overwrite -C /home/runner/work/_temp/bdd8f652-7e24-4903-9b51-820d4825cb2e -f /home/runner/work/_temp/3df2b202-15e8-46bb-8781-323ddbb2255d
2025-09-02T09:13:30.8713024Z Execute installation script
2025-09-02T09:13:30.8807501Z Check if Python hostedtoolcache folder exist...
2025-09-02T09:13:30.8808477Z Create Python 3.12.5 folder
2025-09-02T09:13:30.8870539Z Copy Python binaries to hostedtoolcache folder
2025-09-02T09:13:31.6292425Z Create additional symlinks (Required for the UsePythonVersion Azure Pipelines task and the setup-python GitHub Action)
2025-09-02T09:13:31.6336125Z Upgrading pip...
2025-09-02T09:13:34.0216538Z Looking in links: /tmp/tmpasex6ccm
2025-09-02T09:13:34.0220939Z Requirement already satisfied: pip in /opt/hostedtoolcache/Python/3.12.5/x64/lib/python3.12/site-packages (24.2)
2025-09-02T09:13:35.5495244Z Collecting pip
2025-09-02T09:13:35.6065531Z Downloading pip-25.2-py3-none-any.whl.metadata (4.7 kB)
2025-09-02T09:13:35.6186182Z Downloading pip-25.2-py3-none-any.whl (1.8 MB)
2025-09-02T09:13:35.7250995Z ━━━━━━━━━━━━━━━━━━━━━━━━━━━━━━━━━━━━━━━━ 1.8/1.8 MB 18.7 MB/s eta 0:00:00
2025-09-02T09:13:35.7251419Z 
2025-09-02T09:13:35.7523663Z Installing collected packages: pip
2025-09-02T09:13:35.7525723Z Attempting uninstall: pip
2025-09-02T09:13:35.7546854Z Found existing installation: pip 24.2
2025-09-02T09:13:35.7900173Z Uninstalling pip-24.2:
2025-09-02T09:13:35.7955259Z Successfully uninstalled pip-24.2
2025-09-02T09:13:36.6386414Z Successfully installed pip-25.2
2025-09-02T09:13:36.6838795Z Create complete file
2025-09-02T09:13:36.6873319Z Successfully set up CPython (3.12.5)
2025-09-02T09:13:36.6874909Z ##[endgroup]
2025-09-02T09:13:36.7007066Z ##[group]Run bossOfCode/install-scratchattach@v1.0.3
2025-09-02T09:13:36.7007440Z env:
2025-09-02T09:13:36.7007710Z   pythonLocation: /opt/hostedtoolcache/Python/3.12.5/x64
2025-09-02T09:13:36.7008163Z   PKG_CONFIG_PATH: /opt/hostedtoolcache/Python/3.12.5/x64/lib/pkgconfig
2025-09-02T09:13:36.7008572Z   Python_ROOT_DIR: /opt/hostedtoolcache/Python/3.12.5/x64
2025-09-02T09:13:36.7008955Z   Python2_ROOT_DIR: /opt/hostedtoolcache/Python/3.12.5/x64
2025-09-02T09:13:36.7009316Z   Python3_ROOT_DIR: /opt/hostedtoolcache/Python/3.12.5/x64
2025-09-02T09:13:36.7009677Z   LD_LIBRARY_PATH: /opt/hostedtoolcache/Python/3.12.5/x64/lib
2025-09-02T09:13:36.7009979Z ##[endgroup]
2025-09-02T09:13:36.7086030Z ##[group]Run python3 -m pip install --upgrade pip
2025-09-02T09:13:36.7086486Z [36;1mpython3 -m pip install --upgrade pip[0m
2025-09-02T09:13:36.7243406Z shell: /usr/bin/bash --noprofile --norc -e -o pipefail {0}
2025-09-02T09:13:36.7243773Z env:
2025-09-02T09:13:36.7244084Z   pythonLocation: /opt/hostedtoolcache/Python/3.12.5/x64
2025-09-02T09:13:36.7244534Z   PKG_CONFIG_PATH: /opt/hostedtoolcache/Python/3.12.5/x64/lib/pkgconfig
2025-09-02T09:13:36.7245096Z   Python_ROOT_DIR: /opt/hostedtoolcache/Python/3.12.5/x64
2025-09-02T09:13:36.7245453Z   Python2_ROOT_DIR: /opt/hostedtoolcache/Python/3.12.5/x64
2025-09-02T09:13:36.7245818Z   Python3_ROOT_DIR: /opt/hostedtoolcache/Python/3.12.5/x64
2025-09-02T09:13:36.7246173Z   LD_LIBRARY_PATH: /opt/hostedtoolcache/Python/3.12.5/x64/lib
2025-09-02T09:13:36.7246485Z ##[endgroup]
2025-09-02T09:13:37.5538411Z Requirement already satisfied: pip in /opt/hostedtoolcache/Python/3.12.5/x64/lib/python3.12/site-packages (25.2)
2025-09-02T09:13:37.7661880Z ##[group]Run pip install -U scratchattach
2025-09-02T09:13:37.7662192Z [36;1mpip install -U scratchattach[0m
2025-09-02T09:13:37.7692304Z shell: /usr/bin/bash --noprofile --norc -e -o pipefail {0}
2025-09-02T09:13:37.7692608Z env:
2025-09-02T09:13:37.7692872Z   pythonLocation: /opt/hostedtoolcache/Python/3.12.5/x64
2025-09-02T09:13:37.7693263Z   PKG_CONFIG_PATH: /opt/hostedtoolcache/Python/3.12.5/x64/lib/pkgconfig
2025-09-02T09:13:37.7693841Z   Python_ROOT_DIR: /opt/hostedtoolcache/Python/3.12.5/x64
2025-09-02T09:13:37.7694194Z   Python2_ROOT_DIR: /opt/hostedtoolcache/Python/3.12.5/x64
2025-09-02T09:13:37.7694534Z   Python3_ROOT_DIR: /opt/hostedtoolcache/Python/3.12.5/x64
2025-09-02T09:13:37.7695137Z   LD_LIBRARY_PATH: /opt/hostedtoolcache/Python/3.12.5/x64/lib
2025-09-02T09:13:37.7695423Z ##[endgroup]
2025-09-02T09:13:38.6638890Z Collecting scratchattach
2025-09-02T09:13:38.7122620Z   Downloading scratchattach-2.1.13-py3-none-any.whl.metadata (5.5 kB)
2025-09-02T09:13:38.7380418Z Collecting websocket-client (from scratchattach)
2025-09-02T09:13:38.7452419Z   Downloading websocket_client-1.8.0-py3-none-any.whl.metadata (8.0 kB)
2025-09-02T09:13:38.7805375Z Collecting requests (from scratchattach)
2025-09-02T09:13:38.7878907Z   Downloading requests-2.32.5-py3-none-any.whl.metadata (4.9 kB)
2025-09-02T09:13:38.8028820Z Collecting bs4 (from scratchattach)
2025-09-02T09:13:38.8098792Z   Downloading bs4-0.0.2-py2.py3-none-any.whl.metadata (411 bytes)
2025-09-02T09:13:38.8255185Z Collecting SimpleWebSocketServer (from scratchattach)
2025-09-02T09:13:38.8330186Z   Downloading SimpleWebSocketServer-0.1.2.tar.gz (10 kB)
2025-09-02T09:13:38.8417094Z   Installing build dependencies: started
2025-09-02T09:13:39.6967666Z   Installing build dependencies: finished with status 'done'
2025-09-02T09:13:39.6973756Z   Getting requirements to build wheel: started
2025-09-02T09:13:40.0571846Z   Getting requirements to build wheel: finished with status 'done'
2025-09-02T09:13:40.0580861Z   Preparing metadata (pyproject.toml): started
2025-09-02T09:13:40.2415793Z   Preparing metadata (pyproject.toml): finished with status 'done'
2025-09-02T09:13:40.2633562Z Collecting typing-extensions (from scratchattach)
2025-09-02T09:13:40.2706740Z   Downloading typing_extensions-4.15.0-py3-none-any.whl.metadata (3.3 kB)
2025-09-02T09:13:40.2935043Z Collecting beautifulsoup4 (from bs4->scratchattach)
2025-09-02T09:13:40.3006669Z   Downloading beautifulsoup4-4.13.5-py3-none-any.whl.metadata (3.8 kB)
2025-09-02T09:13:40.3245058Z Collecting soupsieve>1.2 (from beautifulsoup4->bs4->scratchattach)
2025-09-02T09:13:40.3315967Z   Downloading soupsieve-2.8-py3-none-any.whl.metadata (4.6 kB)
2025-09-02T09:13:40.4392120Z Collecting charset_normalizer<4,>=2 (from requests->scratchattach)
2025-09-02T09:13:40.4464335Z   Downloading charset_normalizer-3.4.3-cp312-cp312-manylinux2014_x86_64.manylinux_2_17_x86_64.manylinux_2_28_x86_64.whl.metadata (36 kB)
2025-09-02T09:13:40.4708811Z Collecting idna<4,>=2.5 (from requests->scratchattach)
2025-09-02T09:13:40.4778272Z   Downloading idna-3.10-py3-none-any.whl.metadata (10 kB)
2025-09-02T09:13:40.5114046Z Collecting urllib3<3,>=1.21.1 (from requests->scratchattach)
2025-09-02T09:13:40.5186172Z   Downloading urllib3-2.5.0-py3-none-any.whl.metadata (6.5 kB)
2025-09-02T09:13:40.5445736Z Collecting certifi>=2017.4.17 (from requests->scratchattach)
2025-09-02T09:13:40.5520256Z   Downloading certifi-2025.8.3-py3-none-any.whl.metadata (2.4 kB)
2025-09-02T09:13:40.5665590Z Downloading scratchattach-2.1.13-py3-none-any.whl (141 kB)
2025-09-02T09:13:40.5824010Z Downloading bs4-0.0.2-py2.py3-none-any.whl (1.2 kB)
2025-09-02T09:13:40.5923871Z Downloading beautifulsoup4-4.13.5-py3-none-any.whl (105 kB)
2025-09-02T09:13:40.6017754Z Downloading soupsieve-2.8-py3-none-any.whl (36 kB)
2025-09-02T09:13:40.6107670Z Downloading typing_extensions-4.15.0-py3-none-any.whl (44 kB)
2025-09-02T09:13:40.6200205Z Downloading requests-2.32.5-py3-none-any.whl (64 kB)
2025-09-02T09:13:40.6305766Z Downloading charset_normalizer-3.4.3-cp312-cp312-manylinux2014_x86_64.manylinux_2_17_x86_64.manylinux_2_28_x86_64.whl (151 kB)
2025-09-02T09:13:40.6407275Z Downloading idna-3.10-py3-none-any.whl (70 kB)
2025-09-02T09:13:40.6500929Z Downloading urllib3-2.5.0-py3-none-any.whl (129 kB)
2025-09-02T09:13:40.6599859Z Downloading certifi-2025.8.3-py3-none-any.whl (161 kB)
2025-09-02T09:13:40.6704227Z Downloading websocket_client-1.8.0-py3-none-any.whl (58 kB)
2025-09-02T09:13:40.6842730Z Building wheels for collected packages: SimpleWebSocketServer
2025-09-02T09:13:40.6851321Z   Building wheel for SimpleWebSocketServer (pyproject.toml): started
2025-09-02T09:13:40.9098252Z   Building wheel for SimpleWebSocketServer (pyproject.toml): finished with status 'done'
2025-09-02T09:13:40.9104663Z   Created wheel for SimpleWebSocketServer: filename=simplewebsocketserver-0.1.2-py3-none-any.whl size=9715 sha256=1887a90386e30ca931834720338a36a23e5faace190963c1bde73d2817142362
2025-09-02T09:13:40.9106191Z   Stored in directory: /home/runner/.cache/pip/wheels/81/fd/d8/f145b47bedceb5dff96b76e404a4ee9be956a4f8f150cd8133
2025-09-02T09:13:40.9125072Z Successfully built SimpleWebSocketServer
2025-09-02T09:13:40.9299605Z Installing collected packages: SimpleWebSocketServer, websocket-client, urllib3, typing-extensions, soupsieve, idna, charset_normalizer, certifi, requests, beautifulsoup4, bs4, scratchattach
2025-09-02T09:13:41.5226172Z 
2025-09-02T09:13:41.5247577Z Successfully installed SimpleWebSocketServer-0.1.2 beautifulsoup4-4.13.5 bs4-0.0.2 certifi-2025.8.3 charset_normalizer-3.4.3 idna-3.10 requests-2.32.5 scratchattach-2.1.13 soupsieve-2.8 typing-extensions-4.15.0 urllib3-2.5.0 websocket-client-1.8.0
2025-09-02T09:13:41.5998174Z ##[group]Run actions/checkout@v5
2025-09-02T09:13:41.5998419Z with:
2025-09-02T09:13:41.5998582Z   ref: main
2025-09-02T09:13:41.5998765Z   repository: Boss-1s/scratchattach
2025-09-02T09:13:41.5999122Z   token: ***
2025-09-02T09:13:41.5999302Z   ssh-strict: true
2025-09-02T09:13:41.5999483Z   ssh-user: git
2025-09-02T09:13:41.5999668Z   persist-credentials: true
2025-09-02T09:13:41.5999878Z   clean: true
2025-09-02T09:13:41.6000062Z   sparse-checkout-cone-mode: true
2025-09-02T09:13:41.6000296Z   fetch-depth: 1
2025-09-02T09:13:41.6000476Z   fetch-tags: false
2025-09-02T09:13:41.6000654Z   show-progress: true
2025-09-02T09:13:41.6000842Z   lfs: false
2025-09-02T09:13:41.6001012Z   submodules: false
2025-09-02T09:13:41.6001194Z   set-safe-directory: true
2025-09-02T09:13:41.6001407Z env:
2025-09-02T09:13:41.6001628Z   pythonLocation: /opt/hostedtoolcache/Python/3.12.5/x64
2025-09-02T09:13:41.6002024Z   PKG_CONFIG_PATH: /opt/hostedtoolcache/Python/3.12.5/x64/lib/pkgconfig
2025-09-02T09:13:41.6002448Z   Python_ROOT_DIR: /opt/hostedtoolcache/Python/3.12.5/x64
2025-09-02T09:13:41.6002795Z   Python2_ROOT_DIR: /opt/hostedtoolcache/Python/3.12.5/x64
2025-09-02T09:13:41.6003137Z   Python3_ROOT_DIR: /opt/hostedtoolcache/Python/3.12.5/x64
2025-09-02T09:13:41.6003468Z   LD_LIBRARY_PATH: /opt/hostedtoolcache/Python/3.12.5/x64/lib
2025-09-02T09:13:41.6003755Z ##[endgroup]
2025-09-02T09:13:41.6786378Z Syncing repository: Boss-1s/scratchattach
2025-09-02T09:13:41.6787914Z ##[group]Getting Git version info
2025-09-02T09:13:41.6788399Z Working directory is '/home/runner/work/scratchattach/scratchattach'
2025-09-02T09:13:41.6823122Z [command]/usr/bin/git version
2025-09-02T09:13:41.6858904Z git version 2.51.0
2025-09-02T09:13:41.6879219Z ##[endgroup]
2025-09-02T09:13:41.6892146Z Temporarily overriding HOME='/home/runner/work/_temp/9fa76c43-be75-46ad-900d-77cc2b77fc22' before making global git config changes
2025-09-02T09:13:41.6892895Z Adding repository directory to the temporary git global config as a safe directory
2025-09-02T09:13:41.6897252Z [command]/usr/bin/git config --global --add safe.directory /home/runner/work/scratchattach/scratchattach
2025-09-02T09:13:41.6932671Z [command]/usr/bin/git config --local --get remote.origin.url
2025-09-02T09:13:41.6953343Z https://github.com/Boss-1s/scratchattach
2025-09-02T09:13:41.6966160Z ##[group]Removing previously created refs, to avoid conflicts
2025-09-02T09:13:41.6970366Z [command]/usr/bin/git rev-parse --symbolic-full-name --verify --quiet HEAD
2025-09-02T09:13:41.6991401Z refs/heads/main
2025-09-02T09:13:41.7000643Z [command]/usr/bin/git checkout --detach
2025-09-02T09:13:41.7282746Z HEAD is now at 7805618 [BOT] Download Logs
2025-09-02T09:13:41.7327797Z [command]/usr/bin/git branch --delete --force main
2025-09-02T09:13:41.7352794Z Deleted branch main (was 7805618).
2025-09-02T09:13:41.7386915Z ##[endgroup]
2025-09-02T09:13:41.7390244Z [command]/usr/bin/git submodule status
2025-09-02T09:13:41.7612745Z ##[group]Cleaning the repository
2025-09-02T09:13:41.7617636Z [command]/usr/bin/git clean -ffdx
2025-09-02T09:13:41.7652014Z [command]/usr/bin/git reset --hard HEAD
2025-09-02T09:13:41.7687550Z HEAD is now at 7805618 [BOT] Download Logs
2025-09-02T09:13:41.7692744Z ##[endgroup]
2025-09-02T09:13:41.7694635Z ##[group]Disabling automatic garbage collection
2025-09-02T09:13:41.7698866Z [command]/usr/bin/git config --local gc.auto 0
2025-09-02T09:13:41.7724441Z ##[endgroup]
2025-09-02T09:13:41.7724975Z ##[group]Setting up auth
2025-09-02T09:13:41.7731542Z [command]/usr/bin/git config --local --name-only --get-regexp core\.sshCommand
2025-09-02T09:13:41.7761293Z [command]/usr/bin/git submodule foreach --recursive sh -c "git config --local --name-only --get-regexp 'core\.sshCommand' && git config --local --unset-all 'core.sshCommand' || :"
2025-09-02T09:13:41.7986970Z [command]/usr/bin/git config --local --name-only --get-regexp http\.https\:\/\/github\.com\/\.extraheader
2025-09-02T09:13:41.8008730Z http.https://github.com/.extraheader
2025-09-02T09:13:41.8018120Z [command]/usr/bin/git config --local --unset-all http.https://github.com/.extraheader
2025-09-02T09:13:41.8048390Z [command]/usr/bin/git submodule foreach --recursive sh -c "git config --local --name-only --get-regexp 'http\.https\:\/\/github\.com\/\.extraheader' && git config --local --unset-all 'http.https://github.com/.extraheader' || :"
2025-09-02T09:13:41.8271442Z [command]/usr/bin/git config --local http.https://github.com/.extraheader AUTHORIZATION: basic ***
2025-09-02T09:13:41.8311419Z ##[endgroup]
2025-09-02T09:13:41.8312009Z ##[group]Fetching the repository
2025-09-02T09:13:41.8320144Z [command]/usr/bin/git -c protocol.version=2 fetch --no-tags --prune --no-recurse-submodules --depth=1 origin +refs/heads/main*:refs/remotes/origin/main* +refs/tags/main*:refs/tags/main*
2025-09-02T09:13:42.0575951Z ##[endgroup]
2025-09-02T09:13:42.0576557Z ##[group]Determining the checkout info
2025-09-02T09:13:42.0584368Z [command]/usr/bin/git branch --list --remote origin/main
2025-09-02T09:13:42.0611492Z   origin/main
2025-09-02T09:13:42.0616801Z ##[endgroup]
2025-09-02T09:13:42.0621559Z [command]/usr/bin/git sparse-checkout disable
2025-09-02T09:13:42.0663090Z [command]/usr/bin/git config --local --unset-all extensions.worktreeConfig
2025-09-02T09:13:42.0690271Z ##[group]Checking out the ref
2025-09-02T09:13:42.0694635Z [command]/usr/bin/git checkout --progress --force -B main refs/remotes/origin/main
2025-09-02T09:13:42.0734028Z Switched to a new branch 'main'
2025-09-02T09:13:42.0737057Z branch 'main' set up to track 'origin/main'.
2025-09-02T09:13:42.0744855Z ##[endgroup]
2025-09-02T09:13:42.0783493Z [command]/usr/bin/git log -1 --format=%H
2025-09-02T09:13:42.0805077Z 7805618378438c87c31f9b226207fa051673afb1
2025-09-02T09:13:42.0923434Z ##[group]Run python3 aesthetic_prioritizing.py
2025-09-02T09:13:42.0923788Z [36;1mpython3 aesthetic_prioritizing.py[0m
2025-09-02T09:13:42.0955687Z shell: /usr/bin/bash -e {0}
2025-09-02T09:13:42.0955920Z env:
2025-09-02T09:13:42.0956165Z   pythonLocation: /opt/hostedtoolcache/Python/3.12.5/x64
2025-09-02T09:13:42.0956566Z   PKG_CONFIG_PATH: /opt/hostedtoolcache/Python/3.12.5/x64/lib/pkgconfig
2025-09-02T09:13:42.0956952Z   Python_ROOT_DIR: /opt/hostedtoolcache/Python/3.12.5/x64
2025-09-02T09:13:42.0957292Z   Python2_ROOT_DIR: /opt/hostedtoolcache/Python/3.12.5/x64
2025-09-02T09:13:42.0957621Z   Python3_ROOT_DIR: /opt/hostedtoolcache/Python/3.12.5/x64
2025-09-02T09:13:42.0957961Z   LD_LIBRARY_PATH: /opt/hostedtoolcache/Python/3.12.5/x64/lib
2025-09-02T09:13:42.0958505Z   PASS: ***
2025-09-02T09:13:42.0958679Z ##[endgroup]
2025-09-02T09:13:43.0499678Z Prioritizing: Attempt 1
2025-09-02T09:13:43.0500174Z Projects already on top. No prioritizing needed.
2025-09-02T09:13:43.0500728Z Prioritized projects in your favorite list.
2025-09-02T09:13:43.0825064Z Post job cleanup.
2025-09-02T09:13:43.1620512Z [command]/usr/bin/git version
2025-09-02T09:13:43.1655421Z git version 2.51.0
2025-09-02T09:13:43.1691787Z Temporarily overriding HOME='/home/runner/work/_temp/d1e99242-0b2d-40b7-b0de-84c77cdf0b9f' before making global git config changes
2025-09-02T09:13:43.1693060Z Adding repository directory to the temporary git global config as a safe directory
2025-09-02T09:13:43.1697590Z [command]/usr/bin/git config --global --add safe.directory /home/runner/work/scratchattach/scratchattach
2025-09-02T09:13:43.1732051Z [command]/usr/bin/git config --local --name-only --get-regexp core\.sshCommand
2025-09-02T09:13:43.1764208Z [command]/usr/bin/git submodule foreach --recursive sh -c "git config --local --name-only --get-regexp 'core\.sshCommand' && git config --local --unset-all 'core.sshCommand' || :"
2025-09-02T09:13:43.1987828Z [command]/usr/bin/git config --local --name-only --get-regexp http\.https\:\/\/github\.com\/\.extraheader
2025-09-02T09:13:43.2009466Z http.https://github.com/.extraheader
2025-09-02T09:13:43.2019290Z [command]/usr/bin/git config --local --unset-all http.https://github.com/.extraheader
2025-09-02T09:13:43.2050418Z [command]/usr/bin/git submodule foreach --recursive sh -c "git config --local --name-only --get-regexp 'http\.https\:\/\/github\.com\/\.extraheader' && git config --local --unset-all 'http.https://github.com/.extraheader' || :"
2025-09-02T09:13:43.2390928Z Post job cleanup.
2025-09-02T09:13:43.4047291Z Post job cleanup.
2025-09-02T09:13:43.4830338Z [command]/usr/bin/git version
2025-09-02T09:13:43.4865662Z git version 2.51.0
2025-09-02T09:13:43.4900215Z Temporarily overriding HOME='/home/runner/work/_temp/464a86fe-28ba-4fde-b7a3-7d8a0da393c9' before making global git config changes
2025-09-02T09:13:43.4901089Z Adding repository directory to the temporary git global config as a safe directory
2025-09-02T09:13:43.4905616Z [command]/usr/bin/git config --global --add safe.directory /home/runner/work/scratchattach/scratchattach
2025-09-02T09:13:43.4941643Z [command]/usr/bin/git config --local --name-only --get-regexp core\.sshCommand
2025-09-02T09:13:43.4980835Z [command]/usr/bin/git submodule foreach --recursive sh -c "git config --local --name-only --get-regexp 'core\.sshCommand' && git config --local --unset-all 'core.sshCommand' || :"
2025-09-02T09:13:43.5226864Z [command]/usr/bin/git config --local --name-only --get-regexp http\.https\:\/\/github\.com\/\.extraheader
2025-09-02T09:13:43.5263896Z [command]/usr/bin/git submodule foreach --recursive sh -c "git config --local --name-only --get-regexp 'http\.https\:\/\/github\.com\/\.extraheader' && git config --local --unset-all 'http.https://github.com/.extraheader' || :"
2025-09-02T09:13:43.5611256Z Cleaning up orphan processes
