2025-08-30T00:53:26.8105476Z Current runner version: '2.328.0'
2025-08-30T00:53:26.8128666Z ##[group]Runner Image Provisioner
2025-08-30T00:53:26.8129490Z Hosted Compute Agent
2025-08-30T00:53:26.8130113Z Version: 20250829.383
2025-08-30T00:53:26.8130707Z Commit: 27cb235aab5b0e52e153a26cd86b4742e89dac5d
2025-08-30T00:53:26.8131568Z Build Date: 2025-08-29T13:48:48Z
2025-08-30T00:53:26.8132135Z ##[endgroup]
2025-08-30T00:53:26.8132787Z ##[group]Operating System
2025-08-30T00:53:26.8133360Z Ubuntu
2025-08-30T00:53:26.8133770Z 24.04.3
2025-08-30T00:53:26.8134299Z LTS
2025-08-30T00:53:26.8134759Z ##[endgroup]
2025-08-30T00:53:26.8135202Z ##[group]Runner Image
2025-08-30T00:53:26.8135847Z Image: ubuntu-24.04
2025-08-30T00:53:26.8136364Z Version: 20250824.1.0
2025-08-30T00:53:26.8137313Z Included Software: https://github.com/actions/runner-images/blob/ubuntu24/20250824.1/images/ubuntu/Ubuntu2404-Readme.md
2025-08-30T00:53:26.8138972Z Image Release: https://github.com/actions/runner-images/releases/tag/ubuntu24%2F20250824.1
2025-08-30T00:53:26.8140002Z ##[endgroup]
2025-08-30T00:53:26.8141014Z ##[group]GITHUB_TOKEN Permissions
2025-08-30T00:53:26.8142954Z Contents: write
2025-08-30T00:53:26.8143642Z Metadata: read
2025-08-30T00:53:26.8144118Z ##[endgroup]
2025-08-30T00:53:26.8146375Z Secret source: Actions
2025-08-30T00:53:26.8147296Z Prepare workflow directory
2025-08-30T00:53:26.8458914Z Prepare all required actions
2025-08-30T00:53:26.8498537Z Getting action download info
2025-08-30T00:53:27.3064152Z Download action repository 'actions/checkout@v5' (SHA:08c6903cd8c0fde910a37f88322edcfb5dd907a8)
2025-08-30T00:53:27.4156722Z Download action repository 'actions/setup-python@v5.6.0' (SHA:a26af69be951a213d495a4c3e4e4022e16d87065)
2025-08-30T00:53:27.5273380Z Download action repository 'bossOfCode/install-scratchattach@v1.0.3' (SHA:be17a7cf1ecb5a7040eb42ef26c2e1fbe72bb25a)
2025-08-30T00:53:28.0662919Z Complete job name: Run Prioritzing Handler
2025-08-30T00:53:28.1368084Z ##[group]Run actions/checkout@v5
2025-08-30T00:53:28.1369004Z with:
2025-08-30T00:53:28.1369465Z   ref: main
2025-08-30T00:53:28.1369918Z   repository: Boss-1s/scratchattach
2025-08-30T00:53:28.1370636Z   token: ***
2025-08-30T00:53:28.1371077Z   ssh-strict: true
2025-08-30T00:53:28.1371694Z   ssh-user: git
2025-08-30T00:53:28.1372154Z   persist-credentials: true
2025-08-30T00:53:28.1372661Z   clean: true
2025-08-30T00:53:28.1373112Z   sparse-checkout-cone-mode: true
2025-08-30T00:53:28.1373659Z   fetch-depth: 1
2025-08-30T00:53:28.1374105Z   fetch-tags: false
2025-08-30T00:53:28.1374561Z   show-progress: true
2025-08-30T00:53:28.1375054Z   lfs: false
2025-08-30T00:53:28.1375494Z   submodules: false
2025-08-30T00:53:28.1375943Z   set-safe-directory: true
2025-08-30T00:53:28.1376708Z ##[endgroup]
2025-08-30T00:53:28.2339904Z Syncing repository: Boss-1s/scratchattach
2025-08-30T00:53:28.2342190Z ##[group]Getting Git version info
2025-08-30T00:53:28.2343334Z Working directory is '/home/runner/work/scratchattach/scratchattach'
2025-08-30T00:53:28.2344978Z [command]/usr/bin/git version
2025-08-30T00:53:28.2350556Z git version 2.51.0
2025-08-30T00:53:28.2372825Z ##[endgroup]
2025-08-30T00:53:28.2389555Z Temporarily overriding HOME='/home/runner/work/_temp/d612ab0c-b36a-4d0a-ad32-1210f035cbec' before making global git config changes
2025-08-30T00:53:28.2392508Z Adding repository directory to the temporary git global config as a safe directory
2025-08-30T00:53:28.2395604Z [command]/usr/bin/git config --global --add safe.directory /home/runner/work/scratchattach/scratchattach
2025-08-30T00:53:28.2433916Z Deleting the contents of '/home/runner/work/scratchattach/scratchattach'
2025-08-30T00:53:28.2437807Z ##[group]Initializing the repository
2025-08-30T00:53:28.2442704Z [command]/usr/bin/git init /home/runner/work/scratchattach/scratchattach
2025-08-30T00:53:28.2515958Z hint: Using 'master' as the name for the initial branch. This default branch name
2025-08-30T00:53:28.2517478Z hint: is subject to change. To configure the initial branch name to use in all
2025-08-30T00:53:28.2519033Z hint: of your new repositories, which will suppress this warning, call:
2025-08-30T00:53:28.2520373Z hint:
2025-08-30T00:53:28.2521626Z hint: 	git config --global init.defaultBranch <name>
2025-08-30T00:53:28.2522943Z hint:
2025-08-30T00:53:28.2524175Z hint: Names commonly chosen instead of 'master' are 'main', 'trunk' and
2025-08-30T00:53:28.2526179Z hint: 'development'. The just-created branch can be renamed via this command:
2025-08-30T00:53:28.2527687Z hint:
2025-08-30T00:53:28.2528483Z hint: 	git branch -m <name>
2025-08-30T00:53:28.2529367Z hint:
2025-08-30T00:53:28.2530661Z hint: Disable this message with "git config set advice.defaultBranchName false"
2025-08-30T00:53:28.2533228Z Initialized empty Git repository in /home/runner/work/scratchattach/scratchattach/.git/
2025-08-30T00:53:28.2536545Z [command]/usr/bin/git remote add origin https://github.com/Boss-1s/scratchattach
2025-08-30T00:53:28.2569559Z ##[endgroup]
2025-08-30T00:53:28.2570991Z ##[group]Disabling automatic garbage collection
2025-08-30T00:53:28.2573796Z [command]/usr/bin/git config --local gc.auto 0
2025-08-30T00:53:28.2602275Z ##[endgroup]
2025-08-30T00:53:28.2603755Z ##[group]Setting up auth
2025-08-30T00:53:28.2609513Z [command]/usr/bin/git config --local --name-only --get-regexp core\.sshCommand
2025-08-30T00:53:28.2640839Z [command]/usr/bin/git submodule foreach --recursive sh -c "git config --local --name-only --get-regexp 'core\.sshCommand' && git config --local --unset-all 'core.sshCommand' || :"
2025-08-30T00:53:28.2909267Z [command]/usr/bin/git config --local --name-only --get-regexp http\.https\:\/\/github\.com\/\.extraheader
2025-08-30T00:53:28.2939802Z [command]/usr/bin/git submodule foreach --recursive sh -c "git config --local --name-only --get-regexp 'http\.https\:\/\/github\.com\/\.extraheader' && git config --local --unset-all 'http.https://github.com/.extraheader' || :"
2025-08-30T00:53:28.3160447Z [command]/usr/bin/git config --local http.https://github.com/.extraheader AUTHORIZATION: basic ***
2025-08-30T00:53:28.3195651Z ##[endgroup]
2025-08-30T00:53:28.3197203Z ##[group]Fetching the repository
2025-08-30T00:53:28.3205535Z [command]/usr/bin/git -c protocol.version=2 fetch --no-tags --prune --no-recurse-submodules --depth=1 origin +refs/heads/main*:refs/remotes/origin/main* +refs/tags/main*:refs/tags/main*
2025-08-30T00:53:28.8156209Z From https://github.com/Boss-1s/scratchattach
2025-08-30T00:53:28.8157447Z  * [new branch]      main       -> origin/main
2025-08-30T00:53:28.8186868Z ##[endgroup]
2025-08-30T00:53:28.8187666Z ##[group]Determining the checkout info
2025-08-30T00:53:28.8193966Z [command]/usr/bin/git branch --list --remote origin/main
2025-08-30T00:53:28.8217522Z   origin/main
2025-08-30T00:53:28.8222169Z ##[endgroup]
2025-08-30T00:53:28.8227339Z [command]/usr/bin/git sparse-checkout disable
2025-08-30T00:53:28.8303888Z [command]/usr/bin/git config --local --unset-all extensions.worktreeConfig
2025-08-30T00:53:28.8331879Z ##[group]Checking out the ref
2025-08-30T00:53:28.8334853Z [command]/usr/bin/git checkout --progress --force -B main refs/remotes/origin/main
2025-08-30T00:53:28.8391799Z Switched to a new branch 'main'
2025-08-30T00:53:28.8394653Z branch 'main' set up to track 'origin/main'.
2025-08-30T00:53:28.8400383Z ##[endgroup]
2025-08-30T00:53:28.8435633Z [command]/usr/bin/git log -1 --format=%H
2025-08-30T00:53:28.8458538Z 120459b891f8dd2962b16bd37e3dd29702d3157d
2025-08-30T00:53:28.8728987Z ##[group]Run actions/setup-python@v5.6.0
2025-08-30T00:53:28.8730037Z with:
2025-08-30T00:53:28.8730732Z   python-version: 3.12.5
2025-08-30T00:53:28.8731790Z   check-latest: false
2025-08-30T00:53:28.8732830Z   token: ***
2025-08-30T00:53:28.8733559Z   update-environment: true
2025-08-30T00:53:28.8734401Z   allow-prereleases: false
2025-08-30T00:53:28.8735247Z   freethreaded: false
2025-08-30T00:53:28.8735981Z ##[endgroup]
2025-08-30T00:53:29.0433034Z ##[group]Installed versions
2025-08-30T00:53:29.0450487Z Version 3.12.5 was not found in the local cache
2025-08-30T00:53:30.0499227Z Version 3.12.5 is available for downloading
2025-08-30T00:53:30.0502677Z Download from "https://github.com/actions/python-versions/releases/download/3.12.5-10375840348/python-3.12.5-linux-24.04-x64.tar.gz"
2025-08-30T00:53:31.0799356Z Extract downloaded archive
2025-08-30T00:53:31.0978173Z [command]/usr/bin/tar xz --warning=no-unknown-keyword --overwrite -C /home/runner/work/_temp/bb9b8507-2d0b-4045-8df8-ea168a4b251b -f /home/runner/work/_temp/ef4f9ea7-4625-4d58-af65-b151ff587284
2025-08-30T00:53:33.0902907Z Execute installation script
2025-08-30T00:53:33.0992115Z Check if Python hostedtoolcache folder exist...
2025-08-30T00:53:33.0992857Z Create Python 3.12.5 folder
2025-08-30T00:53:33.1015635Z Copy Python binaries to hostedtoolcache folder
2025-08-30T00:53:33.8258296Z Create additional symlinks (Required for the UsePythonVersion Azure Pipelines task and the setup-python GitHub Action)
2025-08-30T00:53:33.8298145Z Upgrading pip...
2025-08-30T00:53:35.9522278Z Looking in links: /tmp/tmpir2pbypv
2025-08-30T00:53:35.9526285Z Requirement already satisfied: pip in /opt/hostedtoolcache/Python/3.12.5/x64/lib/python3.12/site-packages (24.2)
2025-08-30T00:53:37.0417784Z Collecting pip
2025-08-30T00:53:37.0924584Z Downloading pip-25.2-py3-none-any.whl.metadata (4.7 kB)
2025-08-30T00:53:37.1045822Z Downloading pip-25.2-py3-none-any.whl (1.8 MB)
2025-08-30T00:53:37.1437544Z ━━━━━━━━━━━━━━━━━━━━━━━━━━━━━━━━━━━━━━━━ 1.8/1.8 MB 83.4 MB/s eta 0:00:00
2025-08-30T00:53:37.1438408Z 
2025-08-30T00:53:37.1633316Z Installing collected packages: pip
2025-08-30T00:53:37.1635021Z Attempting uninstall: pip
2025-08-30T00:53:37.1666476Z Found existing installation: pip 24.2
2025-08-30T00:53:37.2033299Z Uninstalling pip-24.2:
2025-08-30T00:53:37.2089183Z Successfully uninstalled pip-24.2
2025-08-30T00:53:38.0794065Z Successfully installed pip-25.2
2025-08-30T00:53:38.1268670Z Create complete file
2025-08-30T00:53:38.1308032Z Successfully set up CPython (3.12.5)
2025-08-30T00:53:38.1308673Z ##[endgroup]
2025-08-30T00:53:38.1461367Z ##[group]Run bossOfCode/install-scratchattach@v1.0.3
2025-08-30T00:53:38.1462102Z env:
2025-08-30T00:53:38.1462352Z   pythonLocation: /opt/hostedtoolcache/Python/3.12.5/x64
2025-08-30T00:53:38.1462774Z   PKG_CONFIG_PATH: /opt/hostedtoolcache/Python/3.12.5/x64/lib/pkgconfig
2025-08-30T00:53:38.1463164Z   Python_ROOT_DIR: /opt/hostedtoolcache/Python/3.12.5/x64
2025-08-30T00:53:38.1463528Z   Python2_ROOT_DIR: /opt/hostedtoolcache/Python/3.12.5/x64
2025-08-30T00:53:38.1463879Z   Python3_ROOT_DIR: /opt/hostedtoolcache/Python/3.12.5/x64
2025-08-30T00:53:38.1464245Z   LD_LIBRARY_PATH: /opt/hostedtoolcache/Python/3.12.5/x64/lib
2025-08-30T00:53:38.1464530Z ##[endgroup]
2025-08-30T00:53:38.1541050Z ##[group]Run python3 -m pip install --upgrade pip
2025-08-30T00:53:38.1541646Z [36;1mpython3 -m pip install --upgrade pip[0m
2025-08-30T00:53:38.1594310Z shell: /usr/bin/bash --noprofile --norc -e -o pipefail {0}
2025-08-30T00:53:38.1594672Z env:
2025-08-30T00:53:38.1594955Z   pythonLocation: /opt/hostedtoolcache/Python/3.12.5/x64
2025-08-30T00:53:38.1595359Z   PKG_CONFIG_PATH: /opt/hostedtoolcache/Python/3.12.5/x64/lib/pkgconfig
2025-08-30T00:53:38.1595740Z   Python_ROOT_DIR: /opt/hostedtoolcache/Python/3.12.5/x64
2025-08-30T00:53:38.1596082Z   Python2_ROOT_DIR: /opt/hostedtoolcache/Python/3.12.5/x64
2025-08-30T00:53:38.1660114Z   Python3_ROOT_DIR: /opt/hostedtoolcache/Python/3.12.5/x64
2025-08-30T00:53:38.1660582Z   LD_LIBRARY_PATH: /opt/hostedtoolcache/Python/3.12.5/x64/lib
2025-08-30T00:53:38.1660926Z ##[endgroup]
2025-08-30T00:53:38.5612002Z Requirement already satisfied: pip in /opt/hostedtoolcache/Python/3.12.5/x64/lib/python3.12/site-packages (25.2)
2025-08-30T00:53:38.7399847Z ##[group]Run pip install -U scratchattach
2025-08-30T00:53:38.7400187Z [36;1mpip install -U scratchattach[0m
2025-08-30T00:53:38.7431516Z shell: /usr/bin/bash --noprofile --norc -e -o pipefail {0}
2025-08-30T00:53:38.7431839Z env:
2025-08-30T00:53:38.7432097Z   pythonLocation: /opt/hostedtoolcache/Python/3.12.5/x64
2025-08-30T00:53:38.7432502Z   PKG_CONFIG_PATH: /opt/hostedtoolcache/Python/3.12.5/x64/lib/pkgconfig
2025-08-30T00:53:38.7433116Z   Python_ROOT_DIR: /opt/hostedtoolcache/Python/3.12.5/x64
2025-08-30T00:53:38.7433453Z   Python2_ROOT_DIR: /opt/hostedtoolcache/Python/3.12.5/x64
2025-08-30T00:53:38.7433790Z   Python3_ROOT_DIR: /opt/hostedtoolcache/Python/3.12.5/x64
2025-08-30T00:53:38.7434133Z   LD_LIBRARY_PATH: /opt/hostedtoolcache/Python/3.12.5/x64/lib
2025-08-30T00:53:38.7434419Z ##[endgroup]
2025-08-30T00:53:39.2620577Z Collecting scratchattach
2025-08-30T00:53:39.2989030Z   Downloading scratchattach-2.1.13-py3-none-any.whl.metadata (5.5 kB)
2025-08-30T00:53:39.3239124Z Collecting websocket-client (from scratchattach)
2025-08-30T00:53:39.3267449Z   Downloading websocket_client-1.8.0-py3-none-any.whl.metadata (8.0 kB)
2025-08-30T00:53:39.3564629Z Collecting requests (from scratchattach)
2025-08-30T00:53:39.3605699Z   Downloading requests-2.32.5-py3-none-any.whl.metadata (4.9 kB)
2025-08-30T00:53:39.3723363Z Collecting bs4 (from scratchattach)
2025-08-30T00:53:39.3766953Z   Downloading bs4-0.0.2-py2.py3-none-any.whl.metadata (411 bytes)
2025-08-30T00:53:39.4487483Z Collecting SimpleWebSocketServer (from scratchattach)
2025-08-30T00:53:39.4529961Z   Downloading SimpleWebSocketServer-0.1.2.tar.gz (10 kB)
2025-08-30T00:53:39.4618347Z   Installing build dependencies: started
2025-08-30T00:53:40.2480982Z   Installing build dependencies: finished with status 'done'
2025-08-30T00:53:40.2485955Z   Getting requirements to build wheel: started
2025-08-30T00:53:40.6085700Z   Getting requirements to build wheel: finished with status 'done'
2025-08-30T00:53:40.6095725Z   Preparing metadata (pyproject.toml): started
2025-08-30T00:53:40.7976891Z   Preparing metadata (pyproject.toml): finished with status 'done'
2025-08-30T00:53:40.8141088Z Collecting typing-extensions (from scratchattach)
2025-08-30T00:53:40.8169007Z   Downloading typing_extensions-4.15.0-py3-none-any.whl.metadata (3.3 kB)
2025-08-30T00:53:40.8345616Z Collecting beautifulsoup4 (from bs4->scratchattach)
2025-08-30T00:53:40.8374586Z   Downloading beautifulsoup4-4.13.5-py3-none-any.whl.metadata (3.8 kB)
2025-08-30T00:53:40.8587524Z Collecting soupsieve>1.2 (from beautifulsoup4->bs4->scratchattach)
2025-08-30T00:53:40.8622854Z   Downloading soupsieve-2.8-py3-none-any.whl.metadata (4.6 kB)
2025-08-30T00:53:40.9595611Z Collecting charset_normalizer<4,>=2 (from requests->scratchattach)
2025-08-30T00:53:40.9626512Z   Downloading charset_normalizer-3.4.3-cp312-cp312-manylinux2014_x86_64.manylinux_2_17_x86_64.manylinux_2_28_x86_64.whl.metadata (36 kB)
2025-08-30T00:53:40.9819365Z Collecting idna<4,>=2.5 (from requests->scratchattach)
2025-08-30T00:53:40.9919290Z   Downloading idna-3.10-py3-none-any.whl.metadata (10 kB)
2025-08-30T00:53:41.0223411Z Collecting urllib3<3,>=1.21.1 (from requests->scratchattach)
2025-08-30T00:53:41.0252274Z   Downloading urllib3-2.5.0-py3-none-any.whl.metadata (6.5 kB)
2025-08-30T00:53:41.0475405Z Collecting certifi>=2017.4.17 (from requests->scratchattach)
2025-08-30T00:53:41.0505762Z   Downloading certifi-2025.8.3-py3-none-any.whl.metadata (2.4 kB)
2025-08-30T00:53:41.0618230Z Downloading scratchattach-2.1.13-py3-none-any.whl (141 kB)
2025-08-30T00:53:41.0746250Z Downloading bs4-0.0.2-py2.py3-none-any.whl (1.2 kB)
2025-08-30T00:53:41.0798719Z Downloading beautifulsoup4-4.13.5-py3-none-any.whl (105 kB)
2025-08-30T00:53:41.0857545Z Downloading soupsieve-2.8-py3-none-any.whl (36 kB)
2025-08-30T00:53:41.0913410Z Downloading typing_extensions-4.15.0-py3-none-any.whl (44 kB)
2025-08-30T00:53:41.0966325Z Downloading requests-2.32.5-py3-none-any.whl (64 kB)
2025-08-30T00:53:41.1022640Z Downloading charset_normalizer-3.4.3-cp312-cp312-manylinux2014_x86_64.manylinux_2_17_x86_64.manylinux_2_28_x86_64.whl (151 kB)
2025-08-30T00:53:41.1079088Z Downloading idna-3.10-py3-none-any.whl (70 kB)
2025-08-30T00:53:41.1131834Z Downloading urllib3-2.5.0-py3-none-any.whl (129 kB)
2025-08-30T00:53:41.1190216Z Downloading certifi-2025.8.3-py3-none-any.whl (161 kB)
2025-08-30T00:53:41.1246381Z Downloading websocket_client-1.8.0-py3-none-any.whl (58 kB)
2025-08-30T00:53:41.1386679Z Building wheels for collected packages: SimpleWebSocketServer
2025-08-30T00:53:41.1395802Z   Building wheel for SimpleWebSocketServer (pyproject.toml): started
2025-08-30T00:53:41.3684176Z   Building wheel for SimpleWebSocketServer (pyproject.toml): finished with status 'done'
2025-08-30T00:53:41.3690966Z   Created wheel for SimpleWebSocketServer: filename=simplewebsocketserver-0.1.2-py3-none-any.whl size=9715 sha256=bf2fe0c510855c7eee8e9bc7323afb17c3ced26945eed5b38606a58646e85a5b
2025-08-30T00:53:41.3693332Z   Stored in directory: /home/runner/.cache/pip/wheels/81/fd/d8/f145b47bedceb5dff96b76e404a4ee9be956a4f8f150cd8133
2025-08-30T00:53:41.3712500Z Successfully built SimpleWebSocketServer
2025-08-30T00:53:41.3888132Z Installing collected packages: SimpleWebSocketServer, websocket-client, urllib3, typing-extensions, soupsieve, idna, charset_normalizer, certifi, requests, beautifulsoup4, bs4, scratchattach
2025-08-30T00:53:41.9694955Z 
2025-08-30T00:53:41.9716402Z Successfully installed SimpleWebSocketServer-0.1.2 beautifulsoup4-4.13.5 bs4-0.0.2 certifi-2025.8.3 charset_normalizer-3.4.3 idna-3.10 requests-2.32.5 scratchattach-2.1.13 soupsieve-2.8 typing-extensions-4.15.0 urllib3-2.5.0 websocket-client-1.8.0
2025-08-30T00:53:42.0532254Z ##[group]Run actions/checkout@v5
2025-08-30T00:53:42.0532524Z with:
2025-08-30T00:53:42.0532694Z   ref: main
2025-08-30T00:53:42.0532884Z   repository: Boss-1s/scratchattach
2025-08-30T00:53:42.0533261Z   token: ***
2025-08-30T00:53:42.0533440Z   ssh-strict: true
2025-08-30T00:53:42.0533618Z   ssh-user: git
2025-08-30T00:53:42.0533801Z   persist-credentials: true
2025-08-30T00:53:42.0534011Z   clean: true
2025-08-30T00:53:42.0534196Z   sparse-checkout-cone-mode: true
2025-08-30T00:53:42.0534430Z   fetch-depth: 1
2025-08-30T00:53:42.0534606Z   fetch-tags: false
2025-08-30T00:53:42.0534788Z   show-progress: true
2025-08-30T00:53:42.0534974Z   lfs: false
2025-08-30T00:53:42.0535140Z   submodules: false
2025-08-30T00:53:42.0535320Z   set-safe-directory: true
2025-08-30T00:53:42.0535540Z env:
2025-08-30T00:53:42.0535761Z   pythonLocation: /opt/hostedtoolcache/Python/3.12.5/x64
2025-08-30T00:53:42.0536171Z   PKG_CONFIG_PATH: /opt/hostedtoolcache/Python/3.12.5/x64/lib/pkgconfig
2025-08-30T00:53:42.0536598Z   Python_ROOT_DIR: /opt/hostedtoolcache/Python/3.12.5/x64
2025-08-30T00:53:42.0536946Z   Python2_ROOT_DIR: /opt/hostedtoolcache/Python/3.12.5/x64
2025-08-30T00:53:42.0537279Z   Python3_ROOT_DIR: /opt/hostedtoolcache/Python/3.12.5/x64
2025-08-30T00:53:42.0537609Z   LD_LIBRARY_PATH: /opt/hostedtoolcache/Python/3.12.5/x64/lib
2025-08-30T00:53:42.0537893Z ##[endgroup]
2025-08-30T00:53:42.1313751Z Syncing repository: Boss-1s/scratchattach
2025-08-30T00:53:42.1315517Z ##[group]Getting Git version info
2025-08-30T00:53:42.1316099Z Working directory is '/home/runner/work/scratchattach/scratchattach'
2025-08-30T00:53:42.1351266Z [command]/usr/bin/git version
2025-08-30T00:53:42.1387468Z git version 2.51.0
2025-08-30T00:53:42.1407830Z ##[endgroup]
2025-08-30T00:53:42.1421642Z Temporarily overriding HOME='/home/runner/work/_temp/4b86edb4-dfbc-431e-8f49-1a18e3b999ab' before making global git config changes
2025-08-30T00:53:42.1422989Z Adding repository directory to the temporary git global config as a safe directory
2025-08-30T00:53:42.1426324Z [command]/usr/bin/git config --global --add safe.directory /home/runner/work/scratchattach/scratchattach
2025-08-30T00:53:42.1463757Z [command]/usr/bin/git config --local --get remote.origin.url
2025-08-30T00:53:42.1484373Z https://github.com/Boss-1s/scratchattach
2025-08-30T00:53:42.1497125Z ##[group]Removing previously created refs, to avoid conflicts
2025-08-30T00:53:42.1500842Z [command]/usr/bin/git rev-parse --symbolic-full-name --verify --quiet HEAD
2025-08-30T00:53:42.1521678Z refs/heads/main
2025-08-30T00:53:42.1531378Z [command]/usr/bin/git checkout --detach
2025-08-30T00:53:42.1564730Z HEAD is now at 120459b Update action2.yml
2025-08-30T00:53:42.1606520Z [command]/usr/bin/git branch --delete --force main
2025-08-30T00:53:42.1631237Z Deleted branch main (was 120459b).
2025-08-30T00:53:42.1665838Z ##[endgroup]
2025-08-30T00:53:42.1669599Z [command]/usr/bin/git submodule status
2025-08-30T00:53:42.1891295Z ##[group]Cleaning the repository
2025-08-30T00:53:42.1896612Z [command]/usr/bin/git clean -ffdx
2025-08-30T00:53:42.1928512Z [command]/usr/bin/git reset --hard HEAD
2025-08-30T00:53:42.1960851Z HEAD is now at 120459b Update action2.yml
2025-08-30T00:53:42.1966427Z ##[endgroup]
2025-08-30T00:53:42.1968639Z ##[group]Disabling automatic garbage collection
2025-08-30T00:53:42.1973254Z [command]/usr/bin/git config --local gc.auto 0
2025-08-30T00:53:42.1999098Z ##[endgroup]
2025-08-30T00:53:42.1999665Z ##[group]Setting up auth
2025-08-30T00:53:42.2006740Z [command]/usr/bin/git config --local --name-only --get-regexp core\.sshCommand
2025-08-30T00:53:42.2035937Z [command]/usr/bin/git submodule foreach --recursive sh -c "git config --local --name-only --get-regexp 'core\.sshCommand' && git config --local --unset-all 'core.sshCommand' || :"
2025-08-30T00:53:42.2255303Z [command]/usr/bin/git config --local --name-only --get-regexp http\.https\:\/\/github\.com\/\.extraheader
2025-08-30T00:53:42.2276160Z http.https://github.com/.extraheader
2025-08-30T00:53:42.2285607Z [command]/usr/bin/git config --local --unset-all http.https://github.com/.extraheader
2025-08-30T00:53:42.2315213Z [command]/usr/bin/git submodule foreach --recursive sh -c "git config --local --name-only --get-regexp 'http\.https\:\/\/github\.com\/\.extraheader' && git config --local --unset-all 'http.https://github.com/.extraheader' || :"
2025-08-30T00:53:42.2538813Z [command]/usr/bin/git config --local http.https://github.com/.extraheader AUTHORIZATION: basic ***
2025-08-30T00:53:42.2610523Z ##[endgroup]
2025-08-30T00:53:42.2611172Z ##[group]Fetching the repository
2025-08-30T00:53:42.2620059Z [command]/usr/bin/git -c protocol.version=2 fetch --no-tags --prune --no-recurse-submodules --depth=1 origin +refs/heads/main*:refs/remotes/origin/main* +refs/tags/main*:refs/tags/main*
2025-08-30T00:53:42.7153046Z ##[endgroup]
2025-08-30T00:53:42.7153653Z ##[group]Determining the checkout info
2025-08-30T00:53:42.7160489Z [command]/usr/bin/git branch --list --remote origin/main
2025-08-30T00:53:42.7185724Z   origin/main
2025-08-30T00:53:42.7189259Z ##[endgroup]
2025-08-30T00:53:42.7193810Z [command]/usr/bin/git sparse-checkout disable
2025-08-30T00:53:42.7230182Z [command]/usr/bin/git config --local --unset-all extensions.worktreeConfig
2025-08-30T00:53:42.7254783Z ##[group]Checking out the ref
2025-08-30T00:53:42.7258451Z [command]/usr/bin/git checkout --progress --force -B main refs/remotes/origin/main
2025-08-30T00:53:42.7293445Z Switched to a new branch 'main'
2025-08-30T00:53:42.7296239Z branch 'main' set up to track 'origin/main'.
2025-08-30T00:53:42.7303053Z ##[endgroup]
2025-08-30T00:53:42.7336682Z [command]/usr/bin/git log -1 --format=%H
2025-08-30T00:53:42.7359371Z 120459b891f8dd2962b16bd37e3dd29702d3157d
2025-08-30T00:53:42.7476428Z ##[group]Run python3 aesthetic_prioritizing.py
2025-08-30T00:53:42.7476787Z [36;1mpython3 aesthetic_prioritizing.py[0m
2025-08-30T00:53:42.7508013Z shell: /usr/bin/bash -e {0}
2025-08-30T00:53:42.7508246Z env:
2025-08-30T00:53:42.7508494Z   pythonLocation: /opt/hostedtoolcache/Python/3.12.5/x64
2025-08-30T00:53:42.7508900Z   PKG_CONFIG_PATH: /opt/hostedtoolcache/Python/3.12.5/x64/lib/pkgconfig
2025-08-30T00:53:42.7509278Z   Python_ROOT_DIR: /opt/hostedtoolcache/Python/3.12.5/x64
2025-08-30T00:53:42.7509616Z   Python2_ROOT_DIR: /opt/hostedtoolcache/Python/3.12.5/x64
2025-08-30T00:53:42.7509942Z   Python3_ROOT_DIR: /opt/hostedtoolcache/Python/3.12.5/x64
2025-08-30T00:53:42.7510281Z   LD_LIBRARY_PATH: /opt/hostedtoolcache/Python/3.12.5/x64/lib
2025-08-30T00:53:42.7510728Z   PASS: ***
2025-08-30T00:53:42.7510897Z ##[endgroup]
2025-08-30T00:53:43.8543567Z Prioritizing: Attempt 1
2025-08-30T00:53:43.8543950Z Projects already on top. No prioritizing needed.
2025-08-30T00:53:43.8544425Z Prioritized projects in your favorite list.
2025-08-30T00:53:43.8858252Z Post job cleanup.
2025-08-30T00:53:43.9633044Z [command]/usr/bin/git version
2025-08-30T00:53:43.9668921Z git version 2.51.0
2025-08-30T00:53:43.9705847Z Temporarily overriding HOME='/home/runner/work/_temp/324ba0c6-b4aa-4ab3-acec-1acd6e9e4414' before making global git config changes
2025-08-30T00:53:43.9707148Z Adding repository directory to the temporary git global config as a safe directory
2025-08-30T00:53:43.9711845Z [command]/usr/bin/git config --global --add safe.directory /home/runner/work/scratchattach/scratchattach
2025-08-30T00:53:43.9746712Z [command]/usr/bin/git config --local --name-only --get-regexp core\.sshCommand
2025-08-30T00:53:43.9777859Z [command]/usr/bin/git submodule foreach --recursive sh -c "git config --local --name-only --get-regexp 'core\.sshCommand' && git config --local --unset-all 'core.sshCommand' || :"
2025-08-30T00:53:44.0031091Z [command]/usr/bin/git config --local --name-only --get-regexp http\.https\:\/\/github\.com\/\.extraheader
2025-08-30T00:53:44.0054745Z http.https://github.com/.extraheader
2025-08-30T00:53:44.0064395Z [command]/usr/bin/git config --local --unset-all http.https://github.com/.extraheader
2025-08-30T00:53:44.0096041Z [command]/usr/bin/git submodule foreach --recursive sh -c "git config --local --name-only --get-regexp 'http\.https\:\/\/github\.com\/\.extraheader' && git config --local --unset-all 'http.https://github.com/.extraheader' || :"
2025-08-30T00:53:44.0430463Z Post job cleanup.
2025-08-30T00:53:44.2056628Z Post job cleanup.
2025-08-30T00:53:44.2872935Z [command]/usr/bin/git version
2025-08-30T00:53:44.2913794Z git version 2.51.0
2025-08-30T00:53:44.2954860Z Temporarily overriding HOME='/home/runner/work/_temp/65ce959e-792f-49c6-b203-31b7799d173c' before making global git config changes
2025-08-30T00:53:44.2958788Z Adding repository directory to the temporary git global config as a safe directory
2025-08-30T00:53:44.2959924Z [command]/usr/bin/git config --global --add safe.directory /home/runner/work/scratchattach/scratchattach
2025-08-30T00:53:44.2995241Z [command]/usr/bin/git config --local --name-only --get-regexp core\.sshCommand
2025-08-30T00:53:44.3028898Z [command]/usr/bin/git submodule foreach --recursive sh -c "git config --local --name-only --get-regexp 'core\.sshCommand' && git config --local --unset-all 'core.sshCommand' || :"
2025-08-30T00:53:44.3274432Z [command]/usr/bin/git config --local --name-only --get-regexp http\.https\:\/\/github\.com\/\.extraheader
2025-08-30T00:53:44.3309336Z [command]/usr/bin/git submodule foreach --recursive sh -c "git config --local --name-only --get-regexp 'http\.https\:\/\/github\.com\/\.extraheader' && git config --local --unset-all 'http.https://github.com/.extraheader' || :"
2025-08-30T00:53:44.3686698Z Cleaning up orphan processes
