2025-09-01T06:53:50.8372698Z Current runner version: '2.328.0'
2025-09-01T06:53:50.8397126Z ##[group]Runner Image Provisioner
2025-09-01T06:53:50.8398040Z Hosted Compute Agent
2025-09-01T06:53:50.8398567Z Version: 20250821.380
2025-09-01T06:53:50.8399158Z Commit: 438d12cb4fe092871db9867344e3bc0bc5319035
2025-09-01T06:53:50.8399932Z Build Date: 2025-08-21T20:49:43Z
2025-09-01T06:53:50.8400495Z ##[endgroup]
2025-09-01T06:53:50.8401083Z ##[group]Operating System
2025-09-01T06:53:50.8401635Z Ubuntu
2025-09-01T06:53:50.8402498Z 24.04.3
2025-09-01T06:53:50.8402973Z LTS
2025-09-01T06:53:50.8403444Z ##[endgroup]
2025-09-01T06:53:50.8403961Z ##[group]Runner Image
2025-09-01T06:53:50.8404535Z Image: ubuntu-24.04
2025-09-01T06:53:50.8405054Z Version: 20250824.1.0
2025-09-01T06:53:50.8406124Z Included Software: https://github.com/actions/runner-images/blob/ubuntu24/20250824.1/images/ubuntu/Ubuntu2404-Readme.md
2025-09-01T06:53:50.8407664Z Image Release: https://github.com/actions/runner-images/releases/tag/ubuntu24%2F20250824.1
2025-09-01T06:53:50.8408752Z ##[endgroup]
2025-09-01T06:53:50.8411300Z ##[group]GITHUB_TOKEN Permissions
2025-09-01T06:53:50.8413734Z Actions: write
2025-09-01T06:53:50.8414288Z Attestations: write
2025-09-01T06:53:50.8414834Z Checks: write
2025-09-01T06:53:50.8415351Z Contents: write
2025-09-01T06:53:50.8415822Z Deployments: write
2025-09-01T06:53:50.8416376Z Discussions: write
2025-09-01T06:53:50.8416945Z Issues: write
2025-09-01T06:53:50.8417397Z Metadata: read
2025-09-01T06:53:50.8417941Z Models: read
2025-09-01T06:53:50.8418446Z Packages: write
2025-09-01T06:53:50.8418912Z Pages: write
2025-09-01T06:53:50.8419459Z PullRequests: write
2025-09-01T06:53:50.8420089Z RepositoryProjects: write
2025-09-01T06:53:50.8420615Z SecurityEvents: write
2025-09-01T06:53:50.8421310Z Statuses: write
2025-09-01T06:53:50.8421999Z ##[endgroup]
2025-09-01T06:53:50.8424044Z Secret source: Actions
2025-09-01T06:53:50.8425215Z Prepare workflow directory
2025-09-01T06:53:50.8747831Z Prepare all required actions
2025-09-01T06:53:50.8787254Z Getting action download info
2025-09-01T06:53:51.2243138Z Download action repository 'actions/checkout@v5' (SHA:08c6903cd8c0fde910a37f88322edcfb5dd907a8)
2025-09-01T06:53:51.3070823Z Download action repository 'actions/setup-python@v5.6.0' (SHA:a26af69be951a213d495a4c3e4e4022e16d87065)
2025-09-01T06:53:51.4831597Z Download action repository 'bossOfCode/install-scratchattach@v1.0.3' (SHA:be17a7cf1ecb5a7040eb42ef26c2e1fbe72bb25a)
2025-09-01T06:53:51.9073794Z Complete job name: Run 1
2025-09-01T06:53:51.9774075Z ##[group]Run actions/checkout@v5
2025-09-01T06:53:51.9774982Z with:
2025-09-01T06:53:51.9775387Z   ref: main
2025-09-01T06:53:51.9775823Z   repository: Boss-1s/scratchattach
2025-09-01T06:53:51.9776531Z   token: ***
2025-09-01T06:53:51.9776949Z   ssh-strict: true
2025-09-01T06:53:51.9777369Z   ssh-user: git
2025-09-01T06:53:51.9777798Z   persist-credentials: true
2025-09-01T06:53:51.9778277Z   clean: true
2025-09-01T06:53:51.9778718Z   sparse-checkout-cone-mode: true
2025-09-01T06:53:51.9779249Z   fetch-depth: 1
2025-09-01T06:53:51.9779686Z   fetch-tags: false
2025-09-01T06:53:51.9780115Z   show-progress: true
2025-09-01T06:53:51.9780590Z   lfs: false
2025-09-01T06:53:51.9781001Z   submodules: false
2025-09-01T06:53:51.9781438Z   set-safe-directory: true
2025-09-01T06:53:51.9782470Z ##[endgroup]
2025-09-01T06:53:52.0674889Z Syncing repository: Boss-1s/scratchattach
2025-09-01T06:53:52.0676946Z ##[group]Getting Git version info
2025-09-01T06:53:52.0677860Z Working directory is '/home/runner/work/scratchattach/scratchattach'
2025-09-01T06:53:52.0678964Z [command]/usr/bin/git version
2025-09-01T06:53:52.0734138Z git version 2.51.0
2025-09-01T06:53:52.0754118Z ##[endgroup]
2025-09-01T06:53:52.0767593Z Temporarily overriding HOME='/home/runner/work/_temp/9fe8a671-e805-4b94-81ca-d507b1de8ef5' before making global git config changes
2025-09-01T06:53:52.0769131Z Adding repository directory to the temporary git global config as a safe directory
2025-09-01T06:53:52.0772488Z [command]/usr/bin/git config --global --add safe.directory /home/runner/work/scratchattach/scratchattach
2025-09-01T06:53:52.0868639Z Deleting the contents of '/home/runner/work/scratchattach/scratchattach'
2025-09-01T06:53:52.0872123Z ##[group]Initializing the repository
2025-09-01T06:53:52.0876451Z [command]/usr/bin/git init /home/runner/work/scratchattach/scratchattach
2025-09-01T06:53:52.0952108Z hint: Using 'master' as the name for the initial branch. This default branch name
2025-09-01T06:53:52.0953354Z hint: is subject to change. To configure the initial branch name to use in all
2025-09-01T06:53:52.0954320Z hint: of your new repositories, which will suppress this warning, call:
2025-09-01T06:53:52.0955019Z hint:
2025-09-01T06:53:52.0955706Z hint: 	git config --global init.defaultBranch <name>
2025-09-01T06:53:52.0956748Z hint:
2025-09-01T06:53:52.0957357Z hint: Names commonly chosen instead of 'master' are 'main', 'trunk' and
2025-09-01T06:53:52.0958313Z hint: 'development'. The just-created branch can be renamed via this command:
2025-09-01T06:53:52.0959096Z hint:
2025-09-01T06:53:52.0959504Z hint: 	git branch -m <name>
2025-09-01T06:53:52.0959981Z hint:
2025-09-01T06:53:52.0960709Z hint: Disable this message with "git config set advice.defaultBranchName false"
2025-09-01T06:53:52.0962653Z Initialized empty Git repository in /home/runner/work/scratchattach/scratchattach/.git/
2025-09-01T06:53:52.0967024Z [command]/usr/bin/git remote add origin https://github.com/Boss-1s/scratchattach
2025-09-01T06:53:52.1002228Z ##[endgroup]
2025-09-01T06:53:52.1003037Z ##[group]Disabling automatic garbage collection
2025-09-01T06:53:52.1006304Z [command]/usr/bin/git config --local gc.auto 0
2025-09-01T06:53:52.1032072Z ##[endgroup]
2025-09-01T06:53:52.1032801Z ##[group]Setting up auth
2025-09-01T06:53:52.1039585Z [command]/usr/bin/git config --local --name-only --get-regexp core\.sshCommand
2025-09-01T06:53:52.1069931Z [command]/usr/bin/git submodule foreach --recursive sh -c "git config --local --name-only --get-regexp 'core\.sshCommand' && git config --local --unset-all 'core.sshCommand' || :"
2025-09-01T06:53:52.1363914Z [command]/usr/bin/git config --local --name-only --get-regexp http\.https\:\/\/github\.com\/\.extraheader
2025-09-01T06:53:52.1392259Z [command]/usr/bin/git submodule foreach --recursive sh -c "git config --local --name-only --get-regexp 'http\.https\:\/\/github\.com\/\.extraheader' && git config --local --unset-all 'http.https://github.com/.extraheader' || :"
2025-09-01T06:53:52.1608392Z [command]/usr/bin/git config --local http.https://github.com/.extraheader AUTHORIZATION: basic ***
2025-09-01T06:53:52.1641458Z ##[endgroup]
2025-09-01T06:53:52.1642833Z ##[group]Fetching the repository
2025-09-01T06:53:52.1650446Z [command]/usr/bin/git -c protocol.version=2 fetch --no-tags --prune --no-recurse-submodules --depth=1 origin +refs/heads/main*:refs/remotes/origin/main* +refs/tags/main*:refs/tags/main*
2025-09-01T06:53:52.5662376Z From https://github.com/Boss-1s/scratchattach
2025-09-01T06:53:52.5664044Z  * [new branch]      main       -> origin/main
2025-09-01T06:53:52.5692431Z ##[endgroup]
2025-09-01T06:53:52.5694235Z ##[group]Determining the checkout info
2025-09-01T06:53:52.5699729Z [command]/usr/bin/git branch --list --remote origin/main
2025-09-01T06:53:52.5722112Z   origin/main
2025-09-01T06:53:52.5728445Z ##[endgroup]
2025-09-01T06:53:52.5732370Z [command]/usr/bin/git sparse-checkout disable
2025-09-01T06:53:52.5770836Z [command]/usr/bin/git config --local --unset-all extensions.worktreeConfig
2025-09-01T06:53:52.5800379Z ##[group]Checking out the ref
2025-09-01T06:53:52.5803987Z [command]/usr/bin/git checkout --progress --force -B main refs/remotes/origin/main
2025-09-01T06:53:52.6089457Z Switched to a new branch 'main'
2025-09-01T06:53:52.6091648Z branch 'main' set up to track 'origin/main'.
2025-09-01T06:53:52.6101342Z ##[endgroup]
2025-09-01T06:53:52.6137243Z [command]/usr/bin/git log -1 --format=%H
2025-09-01T06:53:52.6160308Z bebaa4405341f8aacaaefa4d8383532a8a714152
2025-09-01T06:53:52.6454694Z ##[group]Run actions/setup-python@v5.6.0
2025-09-01T06:53:52.6456301Z with:
2025-09-01T06:53:52.6457161Z   python-version: 3.12.5
2025-09-01T06:53:52.6458184Z   check-latest: false
2025-09-01T06:53:52.6459405Z   token: ***
2025-09-01T06:53:52.6460302Z   update-environment: true
2025-09-01T06:53:52.6461369Z   allow-prereleases: false
2025-09-01T06:53:52.6462568Z   freethreaded: false
2025-09-01T06:53:52.6463545Z ##[endgroup]
2025-09-01T06:53:52.8095578Z ##[group]Installed versions
2025-09-01T06:53:52.8121493Z Version 3.12.5 was not found in the local cache
2025-09-01T06:53:53.3838217Z Version 3.12.5 is available for downloading
2025-09-01T06:53:53.3841016Z Download from "https://github.com/actions/python-versions/releases/download/3.12.5-10375840348/python-3.12.5-linux-24.04-x64.tar.gz"
2025-09-01T06:53:54.0790612Z Extract downloaded archive
2025-09-01T06:53:54.0924159Z [command]/usr/bin/tar xz --warning=no-unknown-keyword --overwrite -C /home/runner/work/_temp/fe641c0b-fae9-42dd-9e9e-61b5f4548b7b -f /home/runner/work/_temp/bdace1c0-16a8-4376-8521-443bbf6a9329
2025-09-01T06:53:56.1078107Z Execute installation script
2025-09-01T06:53:56.1166826Z Check if Python hostedtoolcache folder exist...
2025-09-01T06:53:56.1168624Z Create Python 3.12.5 folder
2025-09-01T06:53:56.1187525Z Copy Python binaries to hostedtoolcache folder
2025-09-01T06:53:56.7500518Z Create additional symlinks (Required for the UsePythonVersion Azure Pipelines task and the setup-python GitHub Action)
2025-09-01T06:53:56.7541990Z Upgrading pip...
2025-09-01T06:53:58.9503694Z Looking in links: /tmp/tmpfelnxm10
2025-09-01T06:53:58.9507570Z Requirement already satisfied: pip in /opt/hostedtoolcache/Python/3.12.5/x64/lib/python3.12/site-packages (24.2)
2025-09-01T06:54:00.0157931Z Collecting pip
2025-09-01T06:54:00.0493444Z Downloading pip-25.2-py3-none-any.whl.metadata (4.7 kB)
2025-09-01T06:54:00.0569976Z Downloading pip-25.2-py3-none-any.whl (1.8 MB)
2025-09-01T06:54:00.1133049Z ━━━━━━━━━━━━━━━━━━━━━━━━━━━━━━━━━━━━━━━━ 1.8/1.8 MB 45.9 MB/s eta 0:00:00
2025-09-01T06:54:00.1133696Z 
2025-09-01T06:54:00.1326900Z Installing collected packages: pip
2025-09-01T06:54:00.1329391Z Attempting uninstall: pip
2025-09-01T06:54:00.1350992Z Found existing installation: pip 24.2
2025-09-01T06:54:00.1700608Z Uninstalling pip-24.2:
2025-09-01T06:54:00.1755319Z Successfully uninstalled pip-24.2
2025-09-01T06:54:01.0293435Z Successfully installed pip-25.2
2025-09-01T06:54:01.0729818Z Create complete file
2025-09-01T06:54:01.0765014Z Successfully set up CPython (3.12.5)
2025-09-01T06:54:01.0765796Z ##[endgroup]
2025-09-01T06:54:01.0916440Z ##[group]Run bossOfCode/install-scratchattach@v1.0.3
2025-09-01T06:54:01.0916794Z env:
2025-09-01T06:54:01.0917050Z   pythonLocation: /opt/hostedtoolcache/Python/3.12.5/x64
2025-09-01T06:54:01.0917466Z   PKG_CONFIG_PATH: /opt/hostedtoolcache/Python/3.12.5/x64/lib/pkgconfig
2025-09-01T06:54:01.0917862Z   Python_ROOT_DIR: /opt/hostedtoolcache/Python/3.12.5/x64
2025-09-01T06:54:01.0918212Z   Python2_ROOT_DIR: /opt/hostedtoolcache/Python/3.12.5/x64
2025-09-01T06:54:01.0918558Z   Python3_ROOT_DIR: /opt/hostedtoolcache/Python/3.12.5/x64
2025-09-01T06:54:01.0918948Z   LD_LIBRARY_PATH: /opt/hostedtoolcache/Python/3.12.5/x64/lib
2025-09-01T06:54:01.0919239Z ##[endgroup]
2025-09-01T06:54:01.1065970Z ##[group]Run python3 -m pip install --upgrade pip
2025-09-01T06:54:01.1066575Z [36;1mpython3 -m pip install --upgrade pip[0m
2025-09-01T06:54:01.1122523Z shell: /usr/bin/bash --noprofile --norc -e -o pipefail {0}
2025-09-01T06:54:01.1122860Z env:
2025-09-01T06:54:01.1123154Z   pythonLocation: /opt/hostedtoolcache/Python/3.12.5/x64
2025-09-01T06:54:01.1123571Z   PKG_CONFIG_PATH: /opt/hostedtoolcache/Python/3.12.5/x64/lib/pkgconfig
2025-09-01T06:54:01.1123982Z   Python_ROOT_DIR: /opt/hostedtoolcache/Python/3.12.5/x64
2025-09-01T06:54:01.1124345Z   Python2_ROOT_DIR: /opt/hostedtoolcache/Python/3.12.5/x64
2025-09-01T06:54:01.1124714Z   Python3_ROOT_DIR: /opt/hostedtoolcache/Python/3.12.5/x64
2025-09-01T06:54:01.1125075Z   LD_LIBRARY_PATH: /opt/hostedtoolcache/Python/3.12.5/x64/lib
2025-09-01T06:54:01.1125365Z ##[endgroup]
2025-09-01T06:54:01.4839063Z Requirement already satisfied: pip in /opt/hostedtoolcache/Python/3.12.5/x64/lib/python3.12/site-packages (25.2)
2025-09-01T06:54:01.6513677Z ##[group]Run pip install -U scratchattach
2025-09-01T06:54:01.6514002Z [36;1mpip install -U scratchattach[0m
2025-09-01T06:54:01.6544994Z shell: /usr/bin/bash --noprofile --norc -e -o pipefail {0}
2025-09-01T06:54:01.6545307Z env:
2025-09-01T06:54:01.6545552Z   pythonLocation: /opt/hostedtoolcache/Python/3.12.5/x64
2025-09-01T06:54:01.6545960Z   PKG_CONFIG_PATH: /opt/hostedtoolcache/Python/3.12.5/x64/lib/pkgconfig
2025-09-01T06:54:01.6546353Z   Python_ROOT_DIR: /opt/hostedtoolcache/Python/3.12.5/x64
2025-09-01T06:54:01.6546694Z   Python2_ROOT_DIR: /opt/hostedtoolcache/Python/3.12.5/x64
2025-09-01T06:54:01.6547047Z   Python3_ROOT_DIR: /opt/hostedtoolcache/Python/3.12.5/x64
2025-09-01T06:54:01.6547407Z   LD_LIBRARY_PATH: /opt/hostedtoolcache/Python/3.12.5/x64/lib
2025-09-01T06:54:01.6547690Z ##[endgroup]
2025-09-01T06:54:02.1323901Z Collecting scratchattach
2025-09-01T06:54:02.1799018Z   Downloading scratchattach-2.1.13-py3-none-any.whl.metadata (5.5 kB)
2025-09-01T06:54:02.2030456Z Collecting websocket-client (from scratchattach)
2025-09-01T06:54:02.2067402Z   Downloading websocket_client-1.8.0-py3-none-any.whl.metadata (8.0 kB)
2025-09-01T06:54:02.2368998Z Collecting requests (from scratchattach)
2025-09-01T06:54:02.2403765Z   Downloading requests-2.32.5-py3-none-any.whl.metadata (4.9 kB)
2025-09-01T06:54:02.2520848Z Collecting bs4 (from scratchattach)
2025-09-01T06:54:02.2557321Z   Downloading bs4-0.0.2-py2.py3-none-any.whl.metadata (411 bytes)
2025-09-01T06:54:02.2902382Z Collecting SimpleWebSocketServer (from scratchattach)
2025-09-01T06:54:02.2953013Z   Downloading SimpleWebSocketServer-0.1.2.tar.gz (10 kB)
2025-09-01T06:54:02.3040076Z   Installing build dependencies: started
2025-09-01T06:54:03.0942383Z   Installing build dependencies: finished with status 'done'
2025-09-01T06:54:03.0948888Z   Getting requirements to build wheel: started
2025-09-01T06:54:03.4728840Z   Getting requirements to build wheel: finished with status 'done'
2025-09-01T06:54:03.4738411Z   Preparing metadata (pyproject.toml): started
2025-09-01T06:54:03.6696137Z   Preparing metadata (pyproject.toml): finished with status 'done'
2025-09-01T06:54:03.6881017Z Collecting typing-extensions (from scratchattach)
2025-09-01T06:54:03.6919287Z   Downloading typing_extensions-4.15.0-py3-none-any.whl.metadata (3.3 kB)
2025-09-01T06:54:03.7106037Z Collecting beautifulsoup4 (from bs4->scratchattach)
2025-09-01T06:54:03.7140962Z   Downloading beautifulsoup4-4.13.5-py3-none-any.whl.metadata (3.8 kB)
2025-09-01T06:54:03.7344881Z Collecting soupsieve>1.2 (from beautifulsoup4->bs4->scratchattach)
2025-09-01T06:54:03.7383037Z   Downloading soupsieve-2.8-py3-none-any.whl.metadata (4.6 kB)
2025-09-01T06:54:03.8619118Z Collecting charset_normalizer<4,>=2 (from requests->scratchattach)
2025-09-01T06:54:03.8657859Z   Downloading charset_normalizer-3.4.3-cp312-cp312-manylinux2014_x86_64.manylinux_2_17_x86_64.manylinux_2_28_x86_64.whl.metadata (36 kB)
2025-09-01T06:54:03.8865874Z Collecting idna<4,>=2.5 (from requests->scratchattach)
2025-09-01T06:54:03.8901656Z   Downloading idna-3.10-py3-none-any.whl.metadata (10 kB)
2025-09-01T06:54:03.9209728Z Collecting urllib3<3,>=1.21.1 (from requests->scratchattach)
2025-09-01T06:54:03.9245234Z   Downloading urllib3-2.5.0-py3-none-any.whl.metadata (6.5 kB)
2025-09-01T06:54:03.9473527Z Collecting certifi>=2017.4.17 (from requests->scratchattach)
2025-09-01T06:54:03.9512727Z   Downloading certifi-2025.8.3-py3-none-any.whl.metadata (2.4 kB)
2025-09-01T06:54:03.9616333Z Downloading scratchattach-2.1.13-py3-none-any.whl (141 kB)
2025-09-01T06:54:03.9725423Z Downloading bs4-0.0.2-py2.py3-none-any.whl (1.2 kB)
2025-09-01T06:54:03.9851710Z Downloading beautifulsoup4-4.13.5-py3-none-any.whl (105 kB)
2025-09-01T06:54:03.9911719Z Downloading soupsieve-2.8-py3-none-any.whl (36 kB)
2025-09-01T06:54:03.9968883Z Downloading typing_extensions-4.15.0-py3-none-any.whl (44 kB)
2025-09-01T06:54:04.0026013Z Downloading requests-2.32.5-py3-none-any.whl (64 kB)
2025-09-01T06:54:04.0085853Z Downloading charset_normalizer-3.4.3-cp312-cp312-manylinux2014_x86_64.manylinux_2_17_x86_64.manylinux_2_28_x86_64.whl (151 kB)
2025-09-01T06:54:04.0147904Z Downloading idna-3.10-py3-none-any.whl (70 kB)
2025-09-01T06:54:04.0205706Z Downloading urllib3-2.5.0-py3-none-any.whl (129 kB)
2025-09-01T06:54:04.0283250Z Downloading certifi-2025.8.3-py3-none-any.whl (161 kB)
2025-09-01T06:54:04.0343511Z Downloading websocket_client-1.8.0-py3-none-any.whl (58 kB)
2025-09-01T06:54:04.0478409Z Building wheels for collected packages: SimpleWebSocketServer
2025-09-01T06:54:04.0487570Z   Building wheel for SimpleWebSocketServer (pyproject.toml): started
2025-09-01T06:54:04.2806103Z   Building wheel for SimpleWebSocketServer (pyproject.toml): finished with status 'done'
2025-09-01T06:54:04.2813238Z   Created wheel for SimpleWebSocketServer: filename=simplewebsocketserver-0.1.2-py3-none-any.whl size=9715 sha256=650d1d94517b79155f05ccc32f01dd5b64720372efeb304946848d2f61dda4d2
2025-09-01T06:54:04.2815801Z   Stored in directory: /home/runner/.cache/pip/wheels/81/fd/d8/f145b47bedceb5dff96b76e404a4ee9be956a4f8f150cd8133
2025-09-01T06:54:04.2842187Z Successfully built SimpleWebSocketServer
2025-09-01T06:54:04.3129736Z Installing collected packages: SimpleWebSocketServer, websocket-client, urllib3, typing-extensions, soupsieve, idna, charset_normalizer, certifi, requests, beautifulsoup4, bs4, scratchattach
2025-09-01T06:54:05.5394657Z 
2025-09-01T06:54:05.5415240Z Successfully installed SimpleWebSocketServer-0.1.2 beautifulsoup4-4.13.5 bs4-0.0.2 certifi-2025.8.3 charset_normalizer-3.4.3 idna-3.10 requests-2.32.5 scratchattach-2.1.13 soupsieve-2.8 typing-extensions-4.15.0 urllib3-2.5.0 websocket-client-1.8.0
2025-09-01T06:54:05.6323642Z ##[group]Run actions/checkout@v5
2025-09-01T06:54:05.6323887Z with:
2025-09-01T06:54:05.6324055Z   ref: main
2025-09-01T06:54:05.6324241Z   repository: Boss-1s/scratchattach
2025-09-01T06:54:05.6324603Z   token: ***
2025-09-01T06:54:05.6324786Z   ssh-strict: true
2025-09-01T06:54:05.6324969Z   ssh-user: git
2025-09-01T06:54:05.6325156Z   persist-credentials: true
2025-09-01T06:54:05.6325363Z   clean: true
2025-09-01T06:54:05.6325547Z   sparse-checkout-cone-mode: true
2025-09-01T06:54:05.6325777Z   fetch-depth: 1
2025-09-01T06:54:05.6325959Z   fetch-tags: false
2025-09-01T06:54:05.6326139Z   show-progress: true
2025-09-01T06:54:05.6326329Z   lfs: false
2025-09-01T06:54:05.6326498Z   submodules: false
2025-09-01T06:54:05.6326679Z   set-safe-directory: true
2025-09-01T06:54:05.6326881Z env:
2025-09-01T06:54:05.6327098Z   pythonLocation: /opt/hostedtoolcache/Python/3.12.5/x64
2025-09-01T06:54:05.6327487Z   PKG_CONFIG_PATH: /opt/hostedtoolcache/Python/3.12.5/x64/lib/pkgconfig
2025-09-01T06:54:05.6327883Z   Python_ROOT_DIR: /opt/hostedtoolcache/Python/3.12.5/x64
2025-09-01T06:54:05.6328219Z   Python2_ROOT_DIR: /opt/hostedtoolcache/Python/3.12.5/x64
2025-09-01T06:54:05.6328552Z   Python3_ROOT_DIR: /opt/hostedtoolcache/Python/3.12.5/x64
2025-09-01T06:54:05.6328887Z   LD_LIBRARY_PATH: /opt/hostedtoolcache/Python/3.12.5/x64/lib
2025-09-01T06:54:05.6329176Z ##[endgroup]
2025-09-01T06:54:05.7075554Z Syncing repository: Boss-1s/scratchattach
2025-09-01T06:54:05.7076726Z ##[group]Getting Git version info
2025-09-01T06:54:05.7077389Z Working directory is '/home/runner/work/scratchattach/scratchattach'
2025-09-01T06:54:05.7112539Z [command]/usr/bin/git version
2025-09-01T06:54:05.7147587Z git version 2.51.0
2025-09-01T06:54:05.7168306Z ##[endgroup]
2025-09-01T06:54:05.7182250Z Temporarily overriding HOME='/home/runner/work/_temp/987830b4-c655-4991-a2a5-cb1559537da0' before making global git config changes
2025-09-01T06:54:05.7183617Z Adding repository directory to the temporary git global config as a safe directory
2025-09-01T06:54:05.7188077Z [command]/usr/bin/git config --global --add safe.directory /home/runner/work/scratchattach/scratchattach
2025-09-01T06:54:05.7224253Z [command]/usr/bin/git config --local --get remote.origin.url
2025-09-01T06:54:05.7244411Z https://github.com/Boss-1s/scratchattach
2025-09-01T06:54:05.7257141Z ##[group]Removing previously created refs, to avoid conflicts
2025-09-01T06:54:05.7261253Z [command]/usr/bin/git rev-parse --symbolic-full-name --verify --quiet HEAD
2025-09-01T06:54:05.7282031Z refs/heads/main
2025-09-01T06:54:05.7291104Z [command]/usr/bin/git checkout --detach
2025-09-01T06:54:05.7537448Z HEAD is now at bebaa44 [BOT] Download Logs
2025-09-01T06:54:05.7579241Z [command]/usr/bin/git branch --delete --force main
2025-09-01T06:54:05.7604449Z Deleted branch main (was bebaa44).
2025-09-01T06:54:05.7638163Z ##[endgroup]
2025-09-01T06:54:05.7642153Z [command]/usr/bin/git submodule status
2025-09-01T06:54:05.7859704Z ##[group]Cleaning the repository
2025-09-01T06:54:05.7864720Z [command]/usr/bin/git clean -ffdx
2025-09-01T06:54:05.7896743Z [command]/usr/bin/git reset --hard HEAD
2025-09-01T06:54:05.7930781Z HEAD is now at bebaa44 [BOT] Download Logs
2025-09-01T06:54:05.7935979Z ##[endgroup]
2025-09-01T06:54:05.7937691Z ##[group]Disabling automatic garbage collection
2025-09-01T06:54:05.7942909Z [command]/usr/bin/git config --local gc.auto 0
2025-09-01T06:54:05.7969020Z ##[endgroup]
2025-09-01T06:54:05.7969603Z ##[group]Setting up auth
2025-09-01T06:54:05.7976582Z [command]/usr/bin/git config --local --name-only --get-regexp core\.sshCommand
2025-09-01T06:54:05.8005467Z [command]/usr/bin/git submodule foreach --recursive sh -c "git config --local --name-only --get-regexp 'core\.sshCommand' && git config --local --unset-all 'core.sshCommand' || :"
2025-09-01T06:54:05.8223220Z [command]/usr/bin/git config --local --name-only --get-regexp http\.https\:\/\/github\.com\/\.extraheader
2025-09-01T06:54:05.8243503Z http.https://github.com/.extraheader
2025-09-01T06:54:05.8252899Z [command]/usr/bin/git config --local --unset-all http.https://github.com/.extraheader
2025-09-01T06:54:05.8283115Z [command]/usr/bin/git submodule foreach --recursive sh -c "git config --local --name-only --get-regexp 'http\.https\:\/\/github\.com\/\.extraheader' && git config --local --unset-all 'http.https://github.com/.extraheader' || :"
2025-09-01T06:54:05.8524582Z [command]/usr/bin/git config --local http.https://github.com/.extraheader AUTHORIZATION: basic ***
2025-09-01T06:54:05.8598371Z ##[endgroup]
2025-09-01T06:54:05.8598951Z ##[group]Fetching the repository
2025-09-01T06:54:05.8607392Z [command]/usr/bin/git -c protocol.version=2 fetch --no-tags --prune --no-recurse-submodules --depth=1 origin +refs/heads/main*:refs/remotes/origin/main* +refs/tags/main*:refs/tags/main*
2025-09-01T06:54:06.1219222Z ##[endgroup]
2025-09-01T06:54:06.1219766Z ##[group]Determining the checkout info
2025-09-01T06:54:06.1226562Z [command]/usr/bin/git branch --list --remote origin/main
2025-09-01T06:54:06.1249835Z   origin/main
2025-09-01T06:54:06.1253865Z ##[endgroup]
2025-09-01T06:54:06.1257880Z [command]/usr/bin/git sparse-checkout disable
2025-09-01T06:54:06.1294056Z [command]/usr/bin/git config --local --unset-all extensions.worktreeConfig
2025-09-01T06:54:06.1318197Z ##[group]Checking out the ref
2025-09-01T06:54:06.1321919Z [command]/usr/bin/git checkout --progress --force -B main refs/remotes/origin/main
2025-09-01T06:54:06.1358398Z Switched to a new branch 'main'
2025-09-01T06:54:06.1361101Z branch 'main' set up to track 'origin/main'.
2025-09-01T06:54:06.1367467Z ##[endgroup]
2025-09-01T06:54:06.1401119Z [command]/usr/bin/git log -1 --format=%H
2025-09-01T06:54:06.1424648Z bebaa4405341f8aacaaefa4d8383532a8a714152
2025-09-01T06:54:06.1529298Z ##[group]Run timeout 359m python3 message_viewer.py || { [[ $? -eq 124 ]] && exit 0; }
2025-09-01T06:54:06.1529842Z [36;1mtimeout 359m python3 message_viewer.py || { [[ $? -eq 124 ]] && exit 0; }[0m
2025-09-01T06:54:06.1561081Z shell: /usr/bin/bash -e {0}
2025-09-01T06:54:06.1561309Z env:
2025-09-01T06:54:06.1561554Z   pythonLocation: /opt/hostedtoolcache/Python/3.12.5/x64
2025-09-01T06:54:06.1562093Z   PKG_CONFIG_PATH: /opt/hostedtoolcache/Python/3.12.5/x64/lib/pkgconfig
2025-09-01T06:54:06.1562659Z   Python_ROOT_DIR: /opt/hostedtoolcache/Python/3.12.5/x64
2025-09-01T06:54:06.1563002Z   Python2_ROOT_DIR: /opt/hostedtoolcache/Python/3.12.5/x64
2025-09-01T06:54:06.1563335Z   Python3_ROOT_DIR: /opt/hostedtoolcache/Python/3.12.5/x64
2025-09-01T06:54:06.1563680Z   LD_LIBRARY_PATH: /opt/hostedtoolcache/Python/3.12.5/x64/lib
2025-09-01T06:54:06.1564122Z   PASS: ***
2025-09-01T06:54:06.1564294Z ##[endgroup]
2025-09-01T06:54:07.3771261Z Thanks for giving credit for CloudRequests!
2025-09-01T06:54:07.3772000Z Request handler is running
2025-09-01T06:54:07.3778532Z Request handler is running
2025-09-01T12:53:06.1711081Z Post job cleanup.
2025-09-01T12:53:06.2482864Z [command]/usr/bin/git version
2025-09-01T12:53:06.2520232Z git version 2.51.0
2025-09-01T12:53:06.2558564Z Temporarily overriding HOME='/home/runner/work/_temp/075180cf-ee24-4c95-a6cc-0a8959eea5dc' before making global git config changes
2025-09-01T12:53:06.2559847Z Adding repository directory to the temporary git global config as a safe directory
2025-09-01T12:53:06.2565460Z [command]/usr/bin/git config --global --add safe.directory /home/runner/work/scratchattach/scratchattach
2025-09-01T12:53:06.2604133Z [command]/usr/bin/git config --local --name-only --get-regexp core\.sshCommand
2025-09-01T12:53:06.2638641Z [command]/usr/bin/git submodule foreach --recursive sh -c "git config --local --name-only --get-regexp 'core\.sshCommand' && git config --local --unset-all 'core.sshCommand' || :"
2025-09-01T12:53:06.2875553Z [command]/usr/bin/git config --local --name-only --get-regexp http\.https\:\/\/github\.com\/\.extraheader
2025-09-01T12:53:06.2901149Z http.https://github.com/.extraheader
2025-09-01T12:53:06.2911890Z [command]/usr/bin/git config --local --unset-all http.https://github.com/.extraheader
2025-09-01T12:53:06.2944403Z [command]/usr/bin/git submodule foreach --recursive sh -c "git config --local --name-only --get-regexp 'http\.https\:\/\/github\.com\/\.extraheader' && git config --local --unset-all 'http.https://github.com/.extraheader' || :"
2025-09-01T12:53:06.3306693Z Post job cleanup.
2025-09-01T12:53:06.5018169Z Post job cleanup.
2025-09-01T12:53:06.5833879Z [command]/usr/bin/git version
2025-09-01T12:53:06.5871325Z git version 2.51.0
2025-09-01T12:53:06.5908633Z Temporarily overriding HOME='/home/runner/work/_temp/d8afb501-c424-4aac-bd49-d7f83749243d' before making global git config changes
2025-09-01T12:53:06.5909895Z Adding repository directory to the temporary git global config as a safe directory
2025-09-01T12:53:06.5914793Z [command]/usr/bin/git config --global --add safe.directory /home/runner/work/scratchattach/scratchattach
2025-09-01T12:53:06.5950406Z [command]/usr/bin/git config --local --name-only --get-regexp core\.sshCommand
2025-09-01T12:53:06.5982075Z [command]/usr/bin/git submodule foreach --recursive sh -c "git config --local --name-only --get-regexp 'core\.sshCommand' && git config --local --unset-all 'core.sshCommand' || :"
2025-09-01T12:53:06.6205999Z [command]/usr/bin/git config --local --name-only --get-regexp http\.https\:\/\/github\.com\/\.extraheader
2025-09-01T12:53:06.6237674Z [command]/usr/bin/git submodule foreach --recursive sh -c "git config --local --name-only --get-regexp 'http\.https\:\/\/github\.com\/\.extraheader' && git config --local --unset-all 'http.https://github.com/.extraheader' || :"
2025-09-01T12:53:06.6576626Z Cleaning up orphan processes
