2025-11-07T03:11:32.2706679Z Current runner version: '2.329.0'
2025-11-07T03:11:32.2746669Z ##[group]Runner Image Provisioner
2025-11-07T03:11:32.2748261Z Hosted Compute Agent
2025-11-07T03:11:32.2749368Z Version: 20251016.436
2025-11-07T03:11:32.2750367Z Commit: 8ab8ac8bfd662a3739dab9fe09456aba92132568
2025-11-07T03:11:32.2751577Z Build Date: 2025-10-15T20:44:12Z
2025-11-07T03:11:32.2752528Z ##[endgroup]
2025-11-07T03:11:32.2753444Z ##[group]Operating System
2025-11-07T03:11:32.2754289Z Ubuntu
2025-11-07T03:11:32.2755063Z 24.04.3
2025-11-07T03:11:32.2755954Z LTS
2025-11-07T03:11:32.2756762Z ##[endgroup]
2025-11-07T03:11:32.2757635Z ##[group]Runner Image
2025-11-07T03:11:32.2758958Z Image: ubuntu-24.04
2025-11-07T03:11:32.2759793Z Version: 20251030.96.2
2025-11-07T03:11:32.2761541Z Included Software: https://github.com/actions/runner-images/blob/ubuntu24/20251030.96/images/ubuntu/Ubuntu2404-Readme.md
2025-11-07T03:11:32.2764498Z Image Release: https://github.com/actions/runner-images/releases/tag/ubuntu24%2F20251030.96
2025-11-07T03:11:32.2766289Z ##[endgroup]
2025-11-07T03:11:32.2768052Z ##[group]GITHUB_TOKEN Permissions
2025-11-07T03:11:32.2770980Z Contents: write
2025-11-07T03:11:32.2771885Z Metadata: read
2025-11-07T03:11:32.2772829Z ##[endgroup]
2025-11-07T03:11:32.2776058Z Secret source: Actions
2025-11-07T03:11:32.2777134Z Prepare workflow directory
2025-11-07T03:11:32.3267874Z Prepare all required actions
2025-11-07T03:11:32.3327168Z Getting action download info
2025-11-07T03:11:32.6144394Z Download action repository 'actions/checkout@v5.0.0' (SHA:08c6903cd8c0fde910a37f88322edcfb5dd907a8)
2025-11-07T03:11:32.7291105Z Download action repository 'actions/setup-python@v6.0.0' (SHA:e797f83bcb11b83ae66e0230d6156d7c80228e7c)
2025-11-07T03:11:33.2712419Z Download action repository 'bossOfCode/install-scratchattach@v1.0.3' (SHA:be17a7cf1ecb5a7040eb42ef26c2e1fbe72bb25a)
2025-11-07T03:11:33.5888391Z Complete job name: Run Prioritzing Handler
2025-11-07T03:11:33.6632487Z ##[group]Run actions/checkout@v5.0.0
2025-11-07T03:11:33.6633741Z with:
2025-11-07T03:11:33.6634444Z   ref: main
2025-11-07T03:11:33.6635099Z   repository: Boss-1s/scratchattach
2025-11-07T03:11:33.6636042Z   token: ***
2025-11-07T03:11:33.6636679Z   ssh-strict: true
2025-11-07T03:11:33.6637320Z   ssh-user: git
2025-11-07T03:11:33.6637973Z   persist-credentials: true
2025-11-07T03:11:33.6638832Z   clean: true
2025-11-07T03:11:33.6639492Z   sparse-checkout-cone-mode: true
2025-11-07T03:11:33.6640233Z   fetch-depth: 1
2025-11-07T03:11:33.6640876Z   fetch-tags: false
2025-11-07T03:11:33.6641535Z   show-progress: true
2025-11-07T03:11:33.6642214Z   lfs: false
2025-11-07T03:11:33.6642839Z   submodules: false
2025-11-07T03:11:33.6643500Z   set-safe-directory: true
2025-11-07T03:11:33.6644459Z ##[endgroup]
2025-11-07T03:11:33.7617821Z Syncing repository: Boss-1s/scratchattach
2025-11-07T03:11:33.7620394Z ##[group]Getting Git version info
2025-11-07T03:11:33.7621496Z Working directory is '/home/runner/work/scratchattach/scratchattach'
2025-11-07T03:11:33.7623025Z [command]/usr/bin/git version
2025-11-07T03:11:33.7663367Z git version 2.51.2
2025-11-07T03:11:33.7684956Z ##[endgroup]
2025-11-07T03:11:33.7700910Z Temporarily overriding HOME='/home/runner/work/_temp/1615b166-86c4-4318-87a0-daf9d5c78de4' before making global git config changes
2025-11-07T03:11:33.7706463Z Adding repository directory to the temporary git global config as a safe directory
2025-11-07T03:11:33.7709249Z [command]/usr/bin/git config --global --add safe.directory /home/runner/work/scratchattach/scratchattach
2025-11-07T03:11:33.7748025Z Deleting the contents of '/home/runner/work/scratchattach/scratchattach'
2025-11-07T03:11:33.7752097Z ##[group]Initializing the repository
2025-11-07T03:11:33.7757267Z [command]/usr/bin/git init /home/runner/work/scratchattach/scratchattach
2025-11-07T03:11:33.7868837Z hint: Using 'master' as the name for the initial branch. This default branch name
2025-11-07T03:11:33.7870281Z hint: is subject to change. To configure the initial branch name to use in all
2025-11-07T03:11:33.7873365Z hint: of your new repositories, which will suppress this warning, call:
2025-11-07T03:11:33.7875617Z hint:
2025-11-07T03:11:33.7877001Z hint: 	git config --global init.defaultBranch <name>
2025-11-07T03:11:33.7878769Z hint:
2025-11-07T03:11:33.7880287Z hint: Names commonly chosen instead of 'master' are 'main', 'trunk' and
2025-11-07T03:11:33.7882326Z hint: 'development'. The just-created branch can be renamed via this command:
2025-11-07T03:11:33.7884142Z hint:
2025-11-07T03:11:33.7885416Z hint: 	git branch -m <name>
2025-11-07T03:11:33.7886712Z hint:
2025-11-07T03:11:33.7888207Z hint: Disable this message with "git config set advice.defaultBranchName false"
2025-11-07T03:11:33.7890663Z Initialized empty Git repository in /home/runner/work/scratchattach/scratchattach/.git/
2025-11-07T03:11:33.7893875Z [command]/usr/bin/git remote add origin https://github.com/Boss-1s/scratchattach
2025-11-07T03:11:33.7923503Z ##[endgroup]
2025-11-07T03:11:33.7925421Z ##[group]Disabling automatic garbage collection
2025-11-07T03:11:33.7927158Z [command]/usr/bin/git config --local gc.auto 0
2025-11-07T03:11:33.7956528Z ##[endgroup]
2025-11-07T03:11:33.7958440Z ##[group]Setting up auth
2025-11-07T03:11:33.7963720Z [command]/usr/bin/git config --local --name-only --get-regexp core\.sshCommand
2025-11-07T03:11:33.7994942Z [command]/usr/bin/git submodule foreach --recursive sh -c "git config --local --name-only --get-regexp 'core\.sshCommand' && git config --local --unset-all 'core.sshCommand' || :"
2025-11-07T03:11:33.8323009Z [command]/usr/bin/git config --local --name-only --get-regexp http\.https\:\/\/github\.com\/\.extraheader
2025-11-07T03:11:33.8355582Z [command]/usr/bin/git submodule foreach --recursive sh -c "git config --local --name-only --get-regexp 'http\.https\:\/\/github\.com\/\.extraheader' && git config --local --unset-all 'http.https://github.com/.extraheader' || :"
2025-11-07T03:11:33.8580972Z [command]/usr/bin/git config --local http.https://github.com/.extraheader AUTHORIZATION: basic ***
2025-11-07T03:11:33.8616002Z ##[endgroup]
2025-11-07T03:11:33.8617164Z ##[group]Fetching the repository
2025-11-07T03:11:33.8625229Z [command]/usr/bin/git -c protocol.version=2 fetch --no-tags --prune --no-recurse-submodules --depth=1 origin +refs/heads/main*:refs/remotes/origin/main* +refs/tags/main*:refs/tags/main*
2025-11-07T03:11:34.7109879Z From https://github.com/Boss-1s/scratchattach
2025-11-07T03:11:34.7111589Z  * [new branch]      main       -> origin/main
2025-11-07T03:11:34.7144858Z ##[endgroup]
2025-11-07T03:11:34.7146296Z ##[group]Determining the checkout info
2025-11-07T03:11:34.7153044Z [command]/usr/bin/git branch --list --remote origin/main
2025-11-07T03:11:34.7177968Z   origin/main
2025-11-07T03:11:34.7183503Z ##[endgroup]
2025-11-07T03:11:34.7187538Z [command]/usr/bin/git sparse-checkout disable
2025-11-07T03:11:34.7226471Z [command]/usr/bin/git config --local --unset-all extensions.worktreeConfig
2025-11-07T03:11:34.7253008Z ##[group]Checking out the ref
2025-11-07T03:11:34.7256612Z [command]/usr/bin/git checkout --progress --force -B main refs/remotes/origin/main
2025-11-07T03:11:35.0694964Z Switched to a new branch 'main'
2025-11-07T03:11:35.0696766Z branch 'main' set up to track 'origin/main'.
2025-11-07T03:11:35.0737666Z ##[endgroup]
2025-11-07T03:11:35.0785519Z [command]/usr/bin/git log -1 --format=%H
2025-11-07T03:11:35.0814072Z 6f61ec028659277054e32f1fe068917ba7406e85
2025-11-07T03:11:35.1110777Z ##[group]Run actions/setup-python@v6.0.0
2025-11-07T03:11:35.1111616Z with:
2025-11-07T03:11:35.1112058Z   python-version: 3.13
2025-11-07T03:11:35.1112632Z   check-latest: false
2025-11-07T03:11:35.1113508Z   token: ***
2025-11-07T03:11:35.1114003Z   update-environment: true
2025-11-07T03:11:35.1114683Z   allow-prereleases: false
2025-11-07T03:11:35.1115339Z   freethreaded: false
2025-11-07T03:11:35.1115875Z ##[endgroup]
2025-11-07T03:11:35.2405323Z ##[group]Installed versions
2025-11-07T03:11:35.2514230Z (node:2046) [DEP0040] DeprecationWarning: The `punycode` module is deprecated. Please use a userland alternative instead.
2025-11-07T03:11:35.2518368Z (Use `node --trace-deprecation ...` to show where the warning was created)
2025-11-07T03:11:35.2524699Z Successfully set up CPython (3.13.9)
2025-11-07T03:11:35.2526971Z ##[endgroup]
2025-11-07T03:11:35.2700876Z ##[group]Run bossOfCode/install-scratchattach@v1.0.3
2025-11-07T03:11:35.2701812Z env:
2025-11-07T03:11:35.2702436Z   pythonLocation: /opt/hostedtoolcache/Python/3.13.9/x64
2025-11-07T03:11:35.2703763Z   PKG_CONFIG_PATH: /opt/hostedtoolcache/Python/3.13.9/x64/lib/pkgconfig
2025-11-07T03:11:35.2705086Z   Python_ROOT_DIR: /opt/hostedtoolcache/Python/3.13.9/x64
2025-11-07T03:11:35.2706230Z   Python2_ROOT_DIR: /opt/hostedtoolcache/Python/3.13.9/x64
2025-11-07T03:11:35.2707383Z   Python3_ROOT_DIR: /opt/hostedtoolcache/Python/3.13.9/x64
2025-11-07T03:11:35.2708766Z   LD_LIBRARY_PATH: /opt/hostedtoolcache/Python/3.13.9/x64/lib
2025-11-07T03:11:35.2709705Z ##[endgroup]
2025-11-07T03:11:35.2801593Z ##[group]Run python3 -m pip install --upgrade pip
2025-11-07T03:11:35.2802695Z [36;1mpython3 -m pip install --upgrade pip[0m
2025-11-07T03:11:35.2850502Z shell: /usr/bin/bash --noprofile --norc -e -o pipefail {0}
2025-11-07T03:11:35.2851471Z env:
2025-11-07T03:11:35.2852139Z   pythonLocation: /opt/hostedtoolcache/Python/3.13.9/x64
2025-11-07T03:11:35.2853437Z   PKG_CONFIG_PATH: /opt/hostedtoolcache/Python/3.13.9/x64/lib/pkgconfig
2025-11-07T03:11:35.2854702Z   Python_ROOT_DIR: /opt/hostedtoolcache/Python/3.13.9/x64
2025-11-07T03:11:35.2855813Z   Python2_ROOT_DIR: /opt/hostedtoolcache/Python/3.13.9/x64
2025-11-07T03:11:35.2856953Z   Python3_ROOT_DIR: /opt/hostedtoolcache/Python/3.13.9/x64
2025-11-07T03:11:35.2858079Z   LD_LIBRARY_PATH: /opt/hostedtoolcache/Python/3.13.9/x64/lib
2025-11-07T03:11:35.2859169Z ##[endgroup]
2025-11-07T03:11:37.8466698Z Requirement already satisfied: pip in /opt/hostedtoolcache/Python/3.13.9/x64/lib/python3.13/site-packages (25.3)
2025-11-07T03:11:38.1092832Z ##[group]Run pip install -U scratchattach
2025-11-07T03:11:38.1093178Z [36;1mpip install -U scratchattach[0m
2025-11-07T03:11:38.1126050Z shell: /usr/bin/bash --noprofile --norc -e -o pipefail {0}
2025-11-07T03:11:38.1126383Z env:
2025-11-07T03:11:38.1126632Z   pythonLocation: /opt/hostedtoolcache/Python/3.13.9/x64
2025-11-07T03:11:38.1127030Z   PKG_CONFIG_PATH: /opt/hostedtoolcache/Python/3.13.9/x64/lib/pkgconfig
2025-11-07T03:11:38.1127415Z   Python_ROOT_DIR: /opt/hostedtoolcache/Python/3.13.9/x64
2025-11-07T03:11:38.1127748Z   Python2_ROOT_DIR: /opt/hostedtoolcache/Python/3.13.9/x64
2025-11-07T03:11:38.1128101Z   Python3_ROOT_DIR: /opt/hostedtoolcache/Python/3.13.9/x64
2025-11-07T03:11:38.1128445Z   LD_LIBRARY_PATH: /opt/hostedtoolcache/Python/3.13.9/x64/lib
2025-11-07T03:11:38.1128859Z ##[endgroup]
2025-11-07T03:11:38.5786337Z Collecting scratchattach
2025-11-07T03:11:38.6433737Z   Downloading scratchattach-2.1.13-py3-none-any.whl.metadata (5.5 kB)
2025-11-07T03:11:38.6665281Z Collecting websocket-client (from scratchattach)
2025-11-07T03:11:38.6699020Z   Downloading websocket_client-1.9.0-py3-none-any.whl.metadata (8.3 kB)
2025-11-07T03:11:38.6997971Z Collecting requests (from scratchattach)
2025-11-07T03:11:38.7033475Z   Downloading requests-2.32.5-py3-none-any.whl.metadata (4.9 kB)
2025-11-07T03:11:38.7146032Z Collecting bs4 (from scratchattach)
2025-11-07T03:11:38.7209592Z   Downloading bs4-0.0.2-py2.py3-none-any.whl.metadata (411 bytes)
2025-11-07T03:11:38.7326701Z Collecting SimpleWebSocketServer (from scratchattach)
2025-11-07T03:11:38.7371281Z   Downloading SimpleWebSocketServer-0.1.2.tar.gz (10 kB)
2025-11-07T03:11:38.7455824Z   Installing build dependencies: started
2025-11-07T03:11:39.6463067Z   Installing build dependencies: finished with status 'done'
2025-11-07T03:11:39.6469923Z   Getting requirements to build wheel: started
2025-11-07T03:11:40.0702134Z   Getting requirements to build wheel: finished with status 'done'
2025-11-07T03:11:40.0711144Z   Preparing metadata (pyproject.toml): started
2025-11-07T03:11:40.2757463Z   Preparing metadata (pyproject.toml): finished with status 'done'
2025-11-07T03:11:40.2936254Z Collecting typing-extensions (from scratchattach)
2025-11-07T03:11:40.2970278Z   Downloading typing_extensions-4.15.0-py3-none-any.whl.metadata (3.3 kB)
2025-11-07T03:11:40.3184922Z Collecting beautifulsoup4 (from bs4->scratchattach)
2025-11-07T03:11:40.3216960Z   Downloading beautifulsoup4-4.14.2-py3-none-any.whl.metadata (3.8 kB)
2025-11-07T03:11:40.3427793Z Collecting soupsieve>1.2 (from beautifulsoup4->bs4->scratchattach)
2025-11-07T03:11:40.3469664Z   Downloading soupsieve-2.8-py3-none-any.whl.metadata (4.6 kB)
2025-11-07T03:11:40.4427229Z Collecting charset_normalizer<4,>=2 (from requests->scratchattach)
2025-11-07T03:11:40.4466334Z   Downloading charset_normalizer-3.4.4-cp313-cp313-manylinux2014_x86_64.manylinux_2_17_x86_64.manylinux_2_28_x86_64.whl.metadata (37 kB)
2025-11-07T03:11:40.4689437Z Collecting idna<4,>=2.5 (from requests->scratchattach)
2025-11-07T03:11:40.4723303Z   Downloading idna-3.11-py3-none-any.whl.metadata (8.4 kB)
2025-11-07T03:11:40.5097191Z Collecting urllib3<3,>=1.21.1 (from requests->scratchattach)
2025-11-07T03:11:40.5140383Z   Downloading urllib3-2.5.0-py3-none-any.whl.metadata (6.5 kB)
2025-11-07T03:11:40.5385509Z Collecting certifi>=2017.4.17 (from requests->scratchattach)
2025-11-07T03:11:40.5423177Z   Downloading certifi-2025.10.5-py3-none-any.whl.metadata (2.5 kB)
2025-11-07T03:11:40.5531325Z Downloading scratchattach-2.1.13-py3-none-any.whl (141 kB)
2025-11-07T03:11:40.5616090Z Downloading bs4-0.0.2-py2.py3-none-any.whl (1.2 kB)
2025-11-07T03:11:40.5667516Z Downloading beautifulsoup4-4.14.2-py3-none-any.whl (106 kB)
2025-11-07T03:11:40.5731394Z Downloading soupsieve-2.8-py3-none-any.whl (36 kB)
2025-11-07T03:11:40.5786807Z Downloading typing_extensions-4.15.0-py3-none-any.whl (44 kB)
2025-11-07T03:11:40.5841677Z Downloading requests-2.32.5-py3-none-any.whl (64 kB)
2025-11-07T03:11:40.5959986Z Downloading charset_normalizer-3.4.4-cp313-cp313-manylinux2014_x86_64.manylinux_2_17_x86_64.manylinux_2_28_x86_64.whl (153 kB)
2025-11-07T03:11:40.6034480Z Downloading idna-3.11-py3-none-any.whl (71 kB)
2025-11-07T03:11:40.6092107Z Downloading urllib3-2.5.0-py3-none-any.whl (129 kB)
2025-11-07T03:11:40.6151195Z Downloading certifi-2025.10.5-py3-none-any.whl (163 kB)
2025-11-07T03:11:40.6222514Z Downloading websocket_client-1.9.0-py3-none-any.whl (82 kB)
2025-11-07T03:11:40.6358877Z Building wheels for collected packages: SimpleWebSocketServer
2025-11-07T03:11:40.6367357Z   Building wheel for SimpleWebSocketServer (pyproject.toml): started
2025-11-07T03:11:40.8641861Z   Building wheel for SimpleWebSocketServer (pyproject.toml): finished with status 'done'
2025-11-07T03:11:40.8647348Z   Created wheel for SimpleWebSocketServer: filename=simplewebsocketserver-0.1.2-py3-none-any.whl size=9715 sha256=35e6a2b7bdb77cf02d049414ba6098ea88261b7c4540df23e230736150304dab
2025-11-07T03:11:40.8649713Z   Stored in directory: /home/runner/.cache/pip/wheels/c4/5b/e8/4f2c15a82edc4923058056f6681373168be02a0c00389a6dcf
2025-11-07T03:11:40.8668139Z Successfully built SimpleWebSocketServer
2025-11-07T03:11:40.8860869Z Installing collected packages: SimpleWebSocketServer, websocket-client, urllib3, typing-extensions, soupsieve, idna, charset_normalizer, certifi, requests, beautifulsoup4, bs4, scratchattach
2025-11-07T03:11:41.5130262Z 
2025-11-07T03:11:41.5152818Z Successfully installed SimpleWebSocketServer-0.1.2 beautifulsoup4-4.14.2 bs4-0.0.2 certifi-2025.10.5 charset_normalizer-3.4.4 idna-3.11 requests-2.32.5 scratchattach-2.1.13 soupsieve-2.8 typing-extensions-4.15.0 urllib3-2.5.0 websocket-client-1.9.0
2025-11-07T03:11:41.6040935Z ##[group]Run actions/checkout@v5.0.0
2025-11-07T03:11:41.6041226Z with:
2025-11-07T03:11:41.6041387Z   ref: main
2025-11-07T03:11:41.6041579Z   repository: Boss-1s/scratchattach
2025-11-07T03:11:41.6041953Z   token: ***
2025-11-07T03:11:41.6042128Z   ssh-strict: true
2025-11-07T03:11:41.6042305Z   ssh-user: git
2025-11-07T03:11:41.6042485Z   persist-credentials: true
2025-11-07T03:11:41.6042690Z   clean: true
2025-11-07T03:11:41.6042875Z   sparse-checkout-cone-mode: true
2025-11-07T03:11:41.6043261Z   fetch-depth: 1
2025-11-07T03:11:41.6043436Z   fetch-tags: false
2025-11-07T03:11:41.6043618Z   show-progress: true
2025-11-07T03:11:41.6043790Z   lfs: false
2025-11-07T03:11:41.6043949Z   submodules: false
2025-11-07T03:11:41.6044123Z   set-safe-directory: true
2025-11-07T03:11:41.6044317Z env:
2025-11-07T03:11:41.6044543Z   pythonLocation: /opt/hostedtoolcache/Python/3.13.9/x64
2025-11-07T03:11:41.6044922Z   PKG_CONFIG_PATH: /opt/hostedtoolcache/Python/3.13.9/x64/lib/pkgconfig
2025-11-07T03:11:41.6045319Z   Python_ROOT_DIR: /opt/hostedtoolcache/Python/3.13.9/x64
2025-11-07T03:11:41.6045650Z   Python2_ROOT_DIR: /opt/hostedtoolcache/Python/3.13.9/x64
2025-11-07T03:11:41.6045984Z   Python3_ROOT_DIR: /opt/hostedtoolcache/Python/3.13.9/x64
2025-11-07T03:11:41.6046318Z   LD_LIBRARY_PATH: /opt/hostedtoolcache/Python/3.13.9/x64/lib
2025-11-07T03:11:41.6046588Z ##[endgroup]
2025-11-07T03:11:41.6825067Z Syncing repository: Boss-1s/scratchattach
2025-11-07T03:11:41.6825930Z ##[group]Getting Git version info
2025-11-07T03:11:41.6826614Z Working directory is '/home/runner/work/scratchattach/scratchattach'
2025-11-07T03:11:41.6862956Z [command]/usr/bin/git version
2025-11-07T03:11:41.6899486Z git version 2.51.2
2025-11-07T03:11:41.6919983Z ##[endgroup]
2025-11-07T03:11:41.6934143Z Temporarily overriding HOME='/home/runner/work/_temp/66bb5b76-1f16-4fd4-9423-68c961cfdcd1' before making global git config changes
2025-11-07T03:11:41.6935407Z Adding repository directory to the temporary git global config as a safe directory
2025-11-07T03:11:41.6940019Z [command]/usr/bin/git config --global --add safe.directory /home/runner/work/scratchattach/scratchattach
2025-11-07T03:11:41.6977028Z [command]/usr/bin/git config --local --get remote.origin.url
2025-11-07T03:11:41.6997551Z https://github.com/Boss-1s/scratchattach
2025-11-07T03:11:41.7010593Z ##[group]Removing previously created refs, to avoid conflicts
2025-11-07T03:11:41.7014367Z [command]/usr/bin/git rev-parse --symbolic-full-name --verify --quiet HEAD
2025-11-07T03:11:41.7035000Z refs/heads/main
2025-11-07T03:11:41.7044055Z [command]/usr/bin/git checkout --detach
2025-11-07T03:11:41.7658151Z HEAD is now at 6f61ec0 [BOT] Download Logs
2025-11-07T03:11:41.7704859Z [command]/usr/bin/git branch --delete --force main
2025-11-07T03:11:41.7730673Z Deleted branch main (was 6f61ec0).
2025-11-07T03:11:41.7766538Z ##[endgroup]
2025-11-07T03:11:41.7771191Z [command]/usr/bin/git submodule status
2025-11-07T03:11:41.8005271Z ##[group]Cleaning the repository
2025-11-07T03:11:41.8009463Z [command]/usr/bin/git clean -ffdx
2025-11-07T03:11:41.8054642Z [command]/usr/bin/git reset --hard HEAD
2025-11-07T03:11:41.8127294Z HEAD is now at 6f61ec0 [BOT] Download Logs
2025-11-07T03:11:41.8134366Z ##[endgroup]
2025-11-07T03:11:41.8135404Z ##[group]Disabling automatic garbage collection
2025-11-07T03:11:41.8140352Z [command]/usr/bin/git config --local gc.auto 0
2025-11-07T03:11:41.8168183Z ##[endgroup]
2025-11-07T03:11:41.8168863Z ##[group]Setting up auth
2025-11-07T03:11:41.8181166Z [command]/usr/bin/git config --local --name-only --get-regexp core\.sshCommand
2025-11-07T03:11:41.8215562Z [command]/usr/bin/git submodule foreach --recursive sh -c "git config --local --name-only --get-regexp 'core\.sshCommand' && git config --local --unset-all 'core.sshCommand' || :"
2025-11-07T03:11:41.8485205Z [command]/usr/bin/git config --local --name-only --get-regexp http\.https\:\/\/github\.com\/\.extraheader
2025-11-07T03:11:41.8507478Z http.https://github.com/.extraheader
2025-11-07T03:11:41.8517017Z [command]/usr/bin/git config --local --unset-all http.https://github.com/.extraheader
2025-11-07T03:11:41.8547006Z [command]/usr/bin/git submodule foreach --recursive sh -c "git config --local --name-only --get-regexp 'http\.https\:\/\/github\.com\/\.extraheader' && git config --local --unset-all 'http.https://github.com/.extraheader' || :"
2025-11-07T03:11:41.8775840Z [command]/usr/bin/git config --local http.https://github.com/.extraheader AUTHORIZATION: basic ***
2025-11-07T03:11:41.8819153Z ##[endgroup]
2025-11-07T03:11:41.8827250Z ##[group]Fetching the repository
2025-11-07T03:11:41.8828016Z [command]/usr/bin/git -c protocol.version=2 fetch --no-tags --prune --no-recurse-submodules --depth=1 origin +refs/heads/main*:refs/remotes/origin/main* +refs/tags/main*:refs/tags/main*
2025-11-07T03:11:42.0381645Z ##[endgroup]
2025-11-07T03:11:42.0382255Z ##[group]Determining the checkout info
2025-11-07T03:11:42.0389643Z [command]/usr/bin/git branch --list --remote origin/main
2025-11-07T03:11:42.0414455Z   origin/main
2025-11-07T03:11:42.0419324Z ##[endgroup]
2025-11-07T03:11:42.0423964Z [command]/usr/bin/git sparse-checkout disable
2025-11-07T03:11:42.0471499Z [command]/usr/bin/git config --local --unset-all extensions.worktreeConfig
2025-11-07T03:11:42.0498897Z ##[group]Checking out the ref
2025-11-07T03:11:42.0503205Z [command]/usr/bin/git checkout --progress --force -B main refs/remotes/origin/main
2025-11-07T03:11:42.0572332Z Switched to a new branch 'main'
2025-11-07T03:11:42.0574907Z branch 'main' set up to track 'origin/main'.
2025-11-07T03:11:42.0583899Z ##[endgroup]
2025-11-07T03:11:42.0634867Z [command]/usr/bin/git log -1 --format=%H
2025-11-07T03:11:42.0671345Z 6f61ec028659277054e32f1fe068917ba7406e85
2025-11-07T03:11:42.0824517Z ##[group]Run python3 aesthetic_prioritizing.py
2025-11-07T03:11:42.0824887Z [36;1mpython3 aesthetic_prioritizing.py[0m
2025-11-07T03:11:42.0859082Z shell: /usr/bin/bash -e {0}
2025-11-07T03:11:42.0859324Z env:
2025-11-07T03:11:42.0859561Z   pythonLocation: /opt/hostedtoolcache/Python/3.13.9/x64
2025-11-07T03:11:42.0859966Z   PKG_CONFIG_PATH: /opt/hostedtoolcache/Python/3.13.9/x64/lib/pkgconfig
2025-11-07T03:11:42.0860362Z   Python_ROOT_DIR: /opt/hostedtoolcache/Python/3.13.9/x64
2025-11-07T03:11:42.0860699Z   Python2_ROOT_DIR: /opt/hostedtoolcache/Python/3.13.9/x64
2025-11-07T03:11:42.0861035Z   Python3_ROOT_DIR: /opt/hostedtoolcache/Python/3.13.9/x64
2025-11-07T03:11:42.0861369Z   LD_LIBRARY_PATH: /opt/hostedtoolcache/Python/3.13.9/x64/lib
2025-11-07T03:11:42.0861819Z   PASS: ***
2025-11-07T03:11:42.0861990Z ##[endgroup]
2025-11-07T03:11:43.3016852Z Prioritizing: Attempt 1
2025-11-07T03:11:43.3023072Z Projects already on top. No prioritizing needed.
2025-11-07T03:11:43.3029633Z Prioritized projects in your favorite list.
2025-11-07T03:11:43.3035833Z Prioritizing: Attempt 1
2025-11-07T03:11:43.6957664Z Unfollowed stuido 50609120
2025-11-07T03:12:18.6969755Z Followed studio 50609120 to move it to the top
2025-11-07T03:13:04.2429223Z Unfollowed stuido 50609126
2025-11-07T03:13:39.2440513Z Followed studio 50609126 to move it to the top
2025-11-07T03:14:24.7485104Z Unfollowed stuido 50609128
2025-11-07T03:14:59.7497567Z Followed studio 50609128 to move it to the top
2025-11-07T03:15:45.1571916Z Unfollowed stuido 50609129
2025-11-07T03:16:20.1584063Z Followed studio 50609129 to move it to the top
2025-11-07T03:17:05.3152740Z Prioritized studios in your favorite list.
2025-11-07T03:17:05.3470506Z Post job cleanup.
2025-11-07T03:17:05.4275531Z [command]/usr/bin/git version
2025-11-07T03:17:05.4317440Z git version 2.51.2
2025-11-07T03:17:05.4393530Z Temporarily overriding HOME='/home/runner/work/_temp/3d372f15-c83b-4ed0-80fb-3c912648a076' before making global git config changes
2025-11-07T03:17:05.4394783Z Adding repository directory to the temporary git global config as a safe directory
2025-11-07T03:17:05.4400271Z [command]/usr/bin/git config --global --add safe.directory /home/runner/work/scratchattach/scratchattach
2025-11-07T03:17:05.4444719Z [command]/usr/bin/git config --local --name-only --get-regexp core\.sshCommand
2025-11-07T03:17:05.4480832Z [command]/usr/bin/git submodule foreach --recursive sh -c "git config --local --name-only --get-regexp 'core\.sshCommand' && git config --local --unset-all 'core.sshCommand' || :"
2025-11-07T03:17:05.4719342Z [command]/usr/bin/git config --local --name-only --get-regexp http\.https\:\/\/github\.com\/\.extraheader
2025-11-07T03:17:05.4745760Z http.https://github.com/.extraheader
2025-11-07T03:17:05.4757655Z [command]/usr/bin/git config --local --unset-all http.https://github.com/.extraheader
2025-11-07T03:17:05.4792046Z [command]/usr/bin/git submodule foreach --recursive sh -c "git config --local --name-only --get-regexp 'http\.https\:\/\/github\.com\/\.extraheader' && git config --local --unset-all 'http.https://github.com/.extraheader' || :"
2025-11-07T03:17:05.5159838Z Post job cleanup.
2025-11-07T03:17:05.6458198Z (node:2448) [DEP0040] DeprecationWarning: The `punycode` module is deprecated. Please use a userland alternative instead.
2025-11-07T03:17:05.6461104Z (Use `node --trace-deprecation ...` to show where the warning was created)
2025-11-07T03:17:05.6612977Z Post job cleanup.
2025-11-07T03:17:05.7496968Z [command]/usr/bin/git version
2025-11-07T03:17:05.7543068Z git version 2.51.2
2025-11-07T03:17:05.7623319Z Temporarily overriding HOME='/home/runner/work/_temp/9fb638e1-5141-484b-a5ba-ff7e3a28f1b9' before making global git config changes
2025-11-07T03:17:05.7624593Z Adding repository directory to the temporary git global config as a safe directory
2025-11-07T03:17:05.7627053Z [command]/usr/bin/git config --global --add safe.directory /home/runner/work/scratchattach/scratchattach
2025-11-07T03:17:05.7681516Z [command]/usr/bin/git config --local --name-only --get-regexp core\.sshCommand
2025-11-07T03:17:05.7733667Z [command]/usr/bin/git submodule foreach --recursive sh -c "git config --local --name-only --get-regexp 'core\.sshCommand' && git config --local --unset-all 'core.sshCommand' || :"
2025-11-07T03:17:05.7998362Z [command]/usr/bin/git config --local --name-only --get-regexp http\.https\:\/\/github\.com\/\.extraheader
2025-11-07T03:17:05.8035241Z [command]/usr/bin/git submodule foreach --recursive sh -c "git config --local --name-only --get-regexp 'http\.https\:\/\/github\.com\/\.extraheader' && git config --local --unset-all 'http.https://github.com/.extraheader' || :"
2025-11-07T03:17:05.8389500Z Cleaning up orphan processes
