2025-12-26T03:26:01.8793071Z Current runner version: '2.330.0'
2025-12-26T03:26:01.8817531Z ##[group]Runner Image Provisioner
2025-12-26T03:26:01.8818439Z Hosted Compute Agent
2025-12-26T03:26:01.8818984Z Version: 20251211.462
2025-12-26T03:26:01.8819577Z Commit: 6cbad8c2bb55d58165063d031ccabf57e2d2db61
2025-12-26T03:26:01.8820362Z Build Date: 2025-12-11T16:28:49Z
2025-12-26T03:26:01.8821174Z Worker ID: {e09e1e2b-e633-44b7-9944-08116e22dd65}
2025-12-26T03:26:01.8821893Z ##[endgroup]
2025-12-26T03:26:01.8822514Z ##[group]Operating System
2025-12-26T03:26:01.8823042Z Ubuntu
2025-12-26T03:26:01.8823502Z 24.04.3
2025-12-26T03:26:01.8824022Z LTS
2025-12-26T03:26:01.8824525Z ##[endgroup]
2025-12-26T03:26:01.8825046Z ##[group]Runner Image
2025-12-26T03:26:01.8825625Z Image: ubuntu-24.04
2025-12-26T03:26:01.8826153Z Version: 20251215.174.1
2025-12-26T03:26:01.8827187Z Included Software: https://github.com/actions/runner-images/blob/ubuntu24/20251215.174/images/ubuntu/Ubuntu2404-Readme.md
2025-12-26T03:26:01.8828793Z Image Release: https://github.com/actions/runner-images/releases/tag/ubuntu24%2F20251215.174
2025-12-26T03:26:01.8829806Z ##[endgroup]
2025-12-26T03:26:01.8831259Z ##[group]GITHUB_TOKEN Permissions
2025-12-26T03:26:01.8833339Z Contents: write
2025-12-26T03:26:01.8834034Z Metadata: read
2025-12-26T03:26:01.8834597Z ##[endgroup]
2025-12-26T03:26:01.8837163Z Secret source: Actions
2025-12-26T03:26:01.8838313Z Prepare workflow directory
2025-12-26T03:26:01.9188552Z Prepare all required actions
2025-12-26T03:26:01.9229352Z Getting action download info
2025-12-26T03:26:02.2814357Z Download action repository 'actions/checkout@v6.0.1' (SHA:8e8c483db84b4bee98b60c0593521ed34d9990e8)
2025-12-26T03:26:02.5652309Z Download action repository 'actions/setup-python@v6.1.0' (SHA:83679a892e2d95755f2dac6acb0bfd1e9ac5d548)
2025-12-26T03:26:02.6562172Z Download action repository 'bossOfCode/install-scratchattach@v1.0.3' (SHA:be17a7cf1ecb5a7040eb42ef26c2e1fbe72bb25a)
2025-12-26T03:26:03.0786977Z Complete job name: Run Prioritzing Handler
2025-12-26T03:26:03.1522106Z ##[group]Run actions/checkout@v6.0.1
2025-12-26T03:26:03.1523145Z with:
2025-12-26T03:26:03.1523582Z   ref: main
2025-12-26T03:26:03.1523996Z   repository: Boss-1s/scratchattach
2025-12-26T03:26:03.1524710Z   token: ***
2025-12-26T03:26:03.1525103Z   ssh-strict: true
2025-12-26T03:26:03.1525501Z   ssh-user: git
2025-12-26T03:26:03.1525934Z   persist-credentials: true
2025-12-26T03:26:03.1526390Z   clean: true
2025-12-26T03:26:03.1526795Z   sparse-checkout-cone-mode: true
2025-12-26T03:26:03.1527281Z   fetch-depth: 1
2025-12-26T03:26:03.1527679Z   fetch-tags: false
2025-12-26T03:26:03.1528132Z   show-progress: true
2025-12-26T03:26:03.1528592Z   lfs: false
2025-12-26T03:26:03.1529010Z   submodules: false
2025-12-26T03:26:03.1529472Z   set-safe-directory: true
2025-12-26T03:26:03.1530189Z ##[endgroup]
2025-12-26T03:26:03.2498612Z Syncing repository: Boss-1s/scratchattach
2025-12-26T03:26:03.2500475Z ##[group]Getting Git version info
2025-12-26T03:26:03.2501587Z Working directory is '/home/runner/work/scratchattach/scratchattach'
2025-12-26T03:26:03.2502699Z [command]/usr/bin/git version
2025-12-26T03:26:03.2590027Z git version 2.52.0
2025-12-26T03:26:03.2612466Z ##[endgroup]
2025-12-26T03:26:03.2627630Z Temporarily overriding HOME='/home/runner/work/_temp/0491faf3-f3f4-405f-b509-45ca66c91bb6' before making global git config changes
2025-12-26T03:26:03.2629540Z Adding repository directory to the temporary git global config as a safe directory
2025-12-26T03:26:03.2633031Z [command]/usr/bin/git config --global --add safe.directory /home/runner/work/scratchattach/scratchattach
2025-12-26T03:26:03.2680424Z Deleting the contents of '/home/runner/work/scratchattach/scratchattach'
2025-12-26T03:26:03.2684951Z ##[group]Initializing the repository
2025-12-26T03:26:03.2689512Z [command]/usr/bin/git init /home/runner/work/scratchattach/scratchattach
2025-12-26T03:26:03.2890152Z hint: Using 'master' as the name for the initial branch. This default branch name
2025-12-26T03:26:03.2892242Z hint: will change to "main" in Git 3.0. To configure the initial branch name
2025-12-26T03:26:03.2894091Z hint: to use in all of your new repositories, which will suppress this warning,
2025-12-26T03:26:03.2895025Z hint: call:
2025-12-26T03:26:03.2895800Z hint:
2025-12-26T03:26:03.2896538Z hint: 	git config --global init.defaultBranch <name>
2025-12-26T03:26:03.2897707Z hint:
2025-12-26T03:26:03.2898550Z hint: Names commonly chosen instead of 'master' are 'main', 'trunk' and
2025-12-26T03:26:03.2899737Z hint: 'development'. The just-created branch can be renamed via this command:
2025-12-26T03:26:03.2900792Z hint:
2025-12-26T03:26:03.2901279Z hint: 	git branch -m <name>
2025-12-26T03:26:03.2901956Z hint:
2025-12-26T03:26:03.2903467Z hint: Disable this message with "git config set advice.defaultBranchName false"
2025-12-26T03:26:03.2904874Z Initialized empty Git repository in /home/runner/work/scratchattach/scratchattach/.git/
2025-12-26T03:26:03.2910490Z [command]/usr/bin/git remote add origin https://github.com/Boss-1s/scratchattach
2025-12-26T03:26:03.2960137Z ##[endgroup]
2025-12-26T03:26:03.2961650Z ##[group]Disabling automatic garbage collection
2025-12-26T03:26:03.2965245Z [command]/usr/bin/git config --local gc.auto 0
2025-12-26T03:26:03.2999993Z ##[endgroup]
2025-12-26T03:26:03.3001441Z ##[group]Setting up auth
2025-12-26T03:26:03.3002429Z Removing SSH command configuration
2025-12-26T03:26:03.3008919Z [command]/usr/bin/git config --local --name-only --get-regexp core\.sshCommand
2025-12-26T03:26:03.3042975Z [command]/usr/bin/git submodule foreach --recursive sh -c "git config --local --name-only --get-regexp 'core\.sshCommand' && git config --local --unset-all 'core.sshCommand' || :"
2025-12-26T03:26:03.3484464Z Removing HTTP extra header
2025-12-26T03:26:03.3491940Z [command]/usr/bin/git config --local --name-only --get-regexp http\.https\:\/\/github\.com\/\.extraheader
2025-12-26T03:26:03.3525359Z [command]/usr/bin/git submodule foreach --recursive sh -c "git config --local --name-only --get-regexp 'http\.https\:\/\/github\.com\/\.extraheader' && git config --local --unset-all 'http.https://github.com/.extraheader' || :"
2025-12-26T03:26:03.3781060Z Removing includeIf entries pointing to credentials config files
2025-12-26T03:26:03.3787243Z [command]/usr/bin/git config --local --name-only --get-regexp ^includeIf\.gitdir:
2025-12-26T03:26:03.3822083Z [command]/usr/bin/git submodule foreach --recursive git config --local --show-origin --name-only --get-regexp remote.origin.url
2025-12-26T03:26:03.4064049Z [command]/usr/bin/git config --file /home/runner/work/_temp/git-credentials-d544da68-9ef2-4508-9dd9-4f1c79a42921.config http.https://github.com/.extraheader AUTHORIZATION: basic ***
2025-12-26T03:26:03.4102492Z [command]/usr/bin/git config --local includeIf.gitdir:/home/runner/work/scratchattach/scratchattach/.git.path /home/runner/work/_temp/git-credentials-d544da68-9ef2-4508-9dd9-4f1c79a42921.config
2025-12-26T03:26:03.4134779Z [command]/usr/bin/git config --local includeIf.gitdir:/home/runner/work/scratchattach/scratchattach/.git/worktrees/*.path /home/runner/work/_temp/git-credentials-d544da68-9ef2-4508-9dd9-4f1c79a42921.config
2025-12-26T03:26:03.4165923Z [command]/usr/bin/git config --local includeIf.gitdir:/github/workspace/.git.path /github/runner_temp/git-credentials-d544da68-9ef2-4508-9dd9-4f1c79a42921.config
2025-12-26T03:26:03.4197493Z [command]/usr/bin/git config --local includeIf.gitdir:/github/workspace/.git/worktrees/*.path /github/runner_temp/git-credentials-d544da68-9ef2-4508-9dd9-4f1c79a42921.config
2025-12-26T03:26:03.4225006Z ##[endgroup]
2025-12-26T03:26:03.4226188Z ##[group]Fetching the repository
2025-12-26T03:26:03.4235488Z [command]/usr/bin/git -c protocol.version=2 fetch --no-tags --prune --no-recurse-submodules --depth=1 origin +refs/heads/main*:refs/remotes/origin/main* +refs/tags/main*:refs/tags/main*
2025-12-26T03:26:06.3416600Z From https://github.com/Boss-1s/scratchattach
2025-12-26T03:26:06.3417726Z  * [new branch]      main       -> origin/main
2025-12-26T03:26:06.3451137Z ##[endgroup]
2025-12-26T03:26:06.3452259Z ##[group]Determining the checkout info
2025-12-26T03:26:06.3458159Z [command]/usr/bin/git branch --list --remote origin/main
2025-12-26T03:26:06.3490821Z   origin/main
2025-12-26T03:26:06.3495496Z ##[endgroup]
2025-12-26T03:26:06.3499811Z [command]/usr/bin/git sparse-checkout disable
2025-12-26T03:26:06.3544803Z [command]/usr/bin/git config --local --unset-all extensions.worktreeConfig
2025-12-26T03:26:06.3574544Z ##[group]Checking out the ref
2025-12-26T03:26:06.3579736Z [command]/usr/bin/git checkout --progress --force -B main refs/remotes/origin/main
2025-12-26T03:26:07.0487824Z Switched to a new branch 'main'
2025-12-26T03:26:07.0488674Z branch 'main' set up to track 'origin/main'.
2025-12-26T03:26:07.0549291Z ##[endgroup]
2025-12-26T03:26:07.0589160Z [command]/usr/bin/git log -1 --format=%H
2025-12-26T03:26:07.0615067Z 4a16a9cd3bc86951eb1c7c872c358dba784c728b
2025-12-26T03:26:07.0849448Z ##[group]Run actions/setup-python@v6.1.0
2025-12-26T03:26:07.0849813Z with:
2025-12-26T03:26:07.0850035Z   python-version: 3.13
2025-12-26T03:26:07.0850330Z   check-latest: false
2025-12-26T03:26:07.0850960Z   token: ***
2025-12-26T03:26:07.0851200Z   update-environment: true
2025-12-26T03:26:07.0851474Z   allow-prereleases: false
2025-12-26T03:26:07.0851738Z   freethreaded: false
2025-12-26T03:26:07.0851967Z ##[endgroup]
2025-12-26T03:26:07.2147883Z ##[group]Installed versions
2025-12-26T03:26:07.2259514Z (node:2120) [DEP0040] DeprecationWarning: The `punycode` module is deprecated. Please use a userland alternative instead.
2025-12-26T03:26:07.2260501Z (Use `node --trace-deprecation ...` to show where the warning was created)
2025-12-26T03:26:07.2261702Z Successfully set up CPython (3.13.11)
2025-12-26T03:26:07.2262699Z ##[endgroup]
2025-12-26T03:26:07.2407769Z ##[group]Run bossOfCode/install-scratchattach@v1.0.3
2025-12-26T03:26:07.2408177Z env:
2025-12-26T03:26:07.2408466Z   pythonLocation: /opt/hostedtoolcache/Python/3.13.11/x64
2025-12-26T03:26:07.2408930Z   PKG_CONFIG_PATH: /opt/hostedtoolcache/Python/3.13.11/x64/lib/pkgconfig
2025-12-26T03:26:07.2409402Z   Python_ROOT_DIR: /opt/hostedtoolcache/Python/3.13.11/x64
2025-12-26T03:26:07.2409787Z   Python2_ROOT_DIR: /opt/hostedtoolcache/Python/3.13.11/x64
2025-12-26T03:26:07.2410181Z   Python3_ROOT_DIR: /opt/hostedtoolcache/Python/3.13.11/x64
2025-12-26T03:26:07.2410806Z   LD_LIBRARY_PATH: /opt/hostedtoolcache/Python/3.13.11/x64/lib
2025-12-26T03:26:07.2411155Z ##[endgroup]
2025-12-26T03:26:07.2575255Z ##[group]Run python3 -m pip install --upgrade pip
2025-12-26T03:26:07.2575858Z [36;1mpython3 -m pip install --upgrade pip[0m
2025-12-26T03:26:07.2624410Z shell: /usr/bin/bash --noprofile --norc -e -o pipefail {0}
2025-12-26T03:26:07.2624828Z env:
2025-12-26T03:26:07.2625200Z   pythonLocation: /opt/hostedtoolcache/Python/3.13.11/x64
2025-12-26T03:26:07.2625673Z   PKG_CONFIG_PATH: /opt/hostedtoolcache/Python/3.13.11/x64/lib/pkgconfig
2025-12-26T03:26:07.2626160Z   Python_ROOT_DIR: /opt/hostedtoolcache/Python/3.13.11/x64
2025-12-26T03:26:07.2626618Z   Python2_ROOT_DIR: /opt/hostedtoolcache/Python/3.13.11/x64
2025-12-26T03:26:07.2627071Z   Python3_ROOT_DIR: /opt/hostedtoolcache/Python/3.13.11/x64
2025-12-26T03:26:07.2627521Z   LD_LIBRARY_PATH: /opt/hostedtoolcache/Python/3.13.11/x64/lib
2025-12-26T03:26:07.2627894Z ##[endgroup]
2025-12-26T03:26:09.4711851Z Requirement already satisfied: pip in /opt/hostedtoolcache/Python/3.13.11/x64/lib/python3.13/site-packages (25.3)
2025-12-26T03:26:09.7389334Z ##[group]Run pip install -U scratchattach
2025-12-26T03:26:09.7389675Z [36;1mpip install -U scratchattach[0m
2025-12-26T03:26:09.7425102Z shell: /usr/bin/bash --noprofile --norc -e -o pipefail {0}
2025-12-26T03:26:09.7425457Z env:
2025-12-26T03:26:09.7425731Z   pythonLocation: /opt/hostedtoolcache/Python/3.13.11/x64
2025-12-26T03:26:09.7426131Z   PKG_CONFIG_PATH: /opt/hostedtoolcache/Python/3.13.11/x64/lib/pkgconfig
2025-12-26T03:26:09.7426532Z   Python_ROOT_DIR: /opt/hostedtoolcache/Python/3.13.11/x64
2025-12-26T03:26:09.7426894Z   Python2_ROOT_DIR: /opt/hostedtoolcache/Python/3.13.11/x64
2025-12-26T03:26:09.7427526Z   Python3_ROOT_DIR: /opt/hostedtoolcache/Python/3.13.11/x64
2025-12-26T03:26:09.7427887Z   LD_LIBRARY_PATH: /opt/hostedtoolcache/Python/3.13.11/x64/lib
2025-12-26T03:26:09.7428186Z ##[endgroup]
2025-12-26T03:26:10.4123490Z Collecting scratchattach
2025-12-26T03:26:10.5161080Z   Downloading scratchattach-2.1.13-py3-none-any.whl.metadata (5.5 kB)
2025-12-26T03:26:10.5406256Z Collecting websocket-client (from scratchattach)
2025-12-26T03:26:10.5601481Z   Downloading websocket_client-1.9.0-py3-none-any.whl.metadata (8.3 kB)
2025-12-26T03:26:10.5946372Z Collecting requests (from scratchattach)
2025-12-26T03:26:10.6143270Z   Downloading requests-2.32.5-py3-none-any.whl.metadata (4.9 kB)
2025-12-26T03:26:10.6278012Z Collecting bs4 (from scratchattach)
2025-12-26T03:26:10.6472774Z   Downloading bs4-0.0.2-py2.py3-none-any.whl.metadata (411 bytes)
2025-12-26T03:26:10.6821864Z Collecting SimpleWebSocketServer (from scratchattach)
2025-12-26T03:26:10.7018386Z   Downloading SimpleWebSocketServer-0.1.2.tar.gz (10 kB)
2025-12-26T03:26:10.7123391Z   Installing build dependencies: started
2025-12-26T03:26:11.6685203Z   Installing build dependencies: finished with status 'done'
2025-12-26T03:26:11.6691548Z   Getting requirements to build wheel: started
2025-12-26T03:26:12.1108070Z   Getting requirements to build wheel: finished with status 'done'
2025-12-26T03:26:12.1118066Z   Preparing metadata (pyproject.toml): started
2025-12-26T03:26:12.3272242Z   Preparing metadata (pyproject.toml): finished with status 'done'
2025-12-26T03:26:12.3453270Z Collecting typing-extensions (from scratchattach)
2025-12-26T03:26:12.3646233Z   Downloading typing_extensions-4.15.0-py3-none-any.whl.metadata (3.3 kB)
2025-12-26T03:26:12.3845310Z Collecting beautifulsoup4 (from bs4->scratchattach)
2025-12-26T03:26:12.4036356Z   Downloading beautifulsoup4-4.14.3-py3-none-any.whl.metadata (3.8 kB)
2025-12-26T03:26:12.4251851Z Collecting soupsieve>=1.6.1 (from beautifulsoup4->bs4->scratchattach)
2025-12-26T03:26:12.4445934Z   Downloading soupsieve-2.8.1-py3-none-any.whl.metadata (4.6 kB)
2025-12-26T03:26:12.5429286Z Collecting charset_normalizer<4,>=2 (from requests->scratchattach)
2025-12-26T03:26:12.5631614Z   Downloading charset_normalizer-3.4.4-cp313-cp313-manylinux2014_x86_64.manylinux_2_17_x86_64.manylinux_2_28_x86_64.whl.metadata (37 kB)
2025-12-26T03:26:12.5911024Z Collecting idna<4,>=2.5 (from requests->scratchattach)
2025-12-26T03:26:12.6107079Z   Downloading idna-3.11-py3-none-any.whl.metadata (8.4 kB)
2025-12-26T03:26:12.6482725Z Collecting urllib3<3,>=1.21.1 (from requests->scratchattach)
2025-12-26T03:26:12.6679187Z   Downloading urllib3-2.6.2-py3-none-any.whl.metadata (6.6 kB)
2025-12-26T03:26:12.6933135Z Collecting certifi>=2017.4.17 (from requests->scratchattach)
2025-12-26T03:26:12.7132969Z   Downloading certifi-2025.11.12-py3-none-any.whl.metadata (2.5 kB)
2025-12-26T03:26:12.7404330Z Downloading scratchattach-2.1.13-py3-none-any.whl (141 kB)
2025-12-26T03:26:12.7853793Z Downloading bs4-0.0.2-py2.py3-none-any.whl (1.2 kB)
2025-12-26T03:26:12.8073801Z Downloading beautifulsoup4-4.14.3-py3-none-any.whl (107 kB)
2025-12-26T03:26:12.8324459Z Downloading soupsieve-2.8.1-py3-none-any.whl (36 kB)
2025-12-26T03:26:12.8544799Z Downloading typing_extensions-4.15.0-py3-none-any.whl (44 kB)
2025-12-26T03:26:12.8762502Z Downloading requests-2.32.5-py3-none-any.whl (64 kB)
2025-12-26T03:26:12.8989659Z Downloading charset_normalizer-3.4.4-cp313-cp313-manylinux2014_x86_64.manylinux_2_17_x86_64.manylinux_2_28_x86_64.whl (153 kB)
2025-12-26T03:26:12.9249220Z Downloading idna-3.11-py3-none-any.whl (71 kB)
2025-12-26T03:26:12.9468829Z Downloading urllib3-2.6.2-py3-none-any.whl (131 kB)
2025-12-26T03:26:12.9710042Z Downloading certifi-2025.11.12-py3-none-any.whl (159 kB)
2025-12-26T03:26:12.9972017Z Downloading websocket_client-1.9.0-py3-none-any.whl (82 kB)
2025-12-26T03:26:13.0117018Z Building wheels for collected packages: SimpleWebSocketServer
2025-12-26T03:26:13.0126040Z   Building wheel for SimpleWebSocketServer (pyproject.toml): started
2025-12-26T03:26:13.2462562Z   Building wheel for SimpleWebSocketServer (pyproject.toml): finished with status 'done'
2025-12-26T03:26:13.2468523Z   Created wheel for SimpleWebSocketServer: filename=simplewebsocketserver-0.1.2-py3-none-any.whl size=9715 sha256=30757cfff6fa45762dfe4e0ac0379a657a499484ce738e825bc64068c5e241e1
2025-12-26T03:26:13.2470521Z   Stored in directory: /home/runner/.cache/pip/wheels/c4/5b/e8/4f2c15a82edc4923058056f6681373168be02a0c00389a6dcf
2025-12-26T03:26:13.2489324Z Successfully built SimpleWebSocketServer
2025-12-26T03:26:13.2680381Z Installing collected packages: SimpleWebSocketServer, websocket-client, urllib3, typing-extensions, soupsieve, idna, charset_normalizer, certifi, requests, beautifulsoup4, bs4, scratchattach
2025-12-26T03:26:13.8919754Z 
2025-12-26T03:26:13.8947284Z Successfully installed SimpleWebSocketServer-0.1.2 beautifulsoup4-4.14.3 bs4-0.0.2 certifi-2025.11.12 charset_normalizer-3.4.4 idna-3.11 requests-2.32.5 scratchattach-2.1.13 soupsieve-2.8.1 typing-extensions-4.15.0 urllib3-2.6.2 websocket-client-1.9.0
2025-12-26T03:26:14.0470346Z ##[group]Run actions/checkout@v6.0.1
2025-12-26T03:26:14.0470771Z with:
2025-12-26T03:26:14.0470945Z   ref: main
2025-12-26T03:26:14.0471124Z   repository: Boss-1s/scratchattach
2025-12-26T03:26:14.0471500Z   token: ***
2025-12-26T03:26:14.0471683Z   ssh-strict: true
2025-12-26T03:26:14.0471857Z   ssh-user: git
2025-12-26T03:26:14.0472046Z   persist-credentials: true
2025-12-26T03:26:14.0472261Z   clean: true
2025-12-26T03:26:14.0472445Z   sparse-checkout-cone-mode: true
2025-12-26T03:26:14.0472674Z   fetch-depth: 1
2025-12-26T03:26:14.0472848Z   fetch-tags: false
2025-12-26T03:26:14.0473034Z   show-progress: true
2025-12-26T03:26:14.0473217Z   lfs: false
2025-12-26T03:26:14.0473379Z   submodules: false
2025-12-26T03:26:14.0473565Z   set-safe-directory: true
2025-12-26T03:26:14.0473760Z env:
2025-12-26T03:26:14.0473983Z   pythonLocation: /opt/hostedtoolcache/Python/3.13.11/x64
2025-12-26T03:26:14.0474376Z   PKG_CONFIG_PATH: /opt/hostedtoolcache/Python/3.13.11/x64/lib/pkgconfig
2025-12-26T03:26:14.0474821Z   Python_ROOT_DIR: /opt/hostedtoolcache/Python/3.13.11/x64
2025-12-26T03:26:14.0475161Z   Python2_ROOT_DIR: /opt/hostedtoolcache/Python/3.13.11/x64
2025-12-26T03:26:14.0475502Z   Python3_ROOT_DIR: /opt/hostedtoolcache/Python/3.13.11/x64
2025-12-26T03:26:14.0475842Z   LD_LIBRARY_PATH: /opt/hostedtoolcache/Python/3.13.11/x64/lib
2025-12-26T03:26:14.0476117Z ##[endgroup]
2025-12-26T03:26:14.1298257Z Syncing repository: Boss-1s/scratchattach
2025-12-26T03:26:14.1300117Z ##[group]Getting Git version info
2025-12-26T03:26:14.1300869Z Working directory is '/home/runner/work/scratchattach/scratchattach'
2025-12-26T03:26:14.1337169Z [command]/usr/bin/git version
2025-12-26T03:26:14.1376366Z git version 2.52.0
2025-12-26T03:26:14.1429460Z ##[endgroup]
2025-12-26T03:26:14.1445131Z Temporarily overriding HOME='/home/runner/work/_temp/3f82ba5f-e27c-4291-9133-cb93e60a8965' before making global git config changes
2025-12-26T03:26:14.1446291Z Adding repository directory to the temporary git global config as a safe directory
2025-12-26T03:26:14.1450333Z [command]/usr/bin/git config --global --add safe.directory /home/runner/work/scratchattach/scratchattach
2025-12-26T03:26:14.1495104Z [command]/usr/bin/git config --local --get remote.origin.url
2025-12-26T03:26:14.1522140Z https://github.com/Boss-1s/scratchattach
2025-12-26T03:26:14.1537555Z ##[group]Removing previously created refs, to avoid conflicts
2025-12-26T03:26:14.1542691Z [command]/usr/bin/git rev-parse --symbolic-full-name --verify --quiet HEAD
2025-12-26T03:26:14.1568170Z refs/heads/main
2025-12-26T03:26:14.1579080Z [command]/usr/bin/git checkout --detach
2025-12-26T03:26:14.2027550Z HEAD is now at 4a16a9c [BOT] Download Logs
2025-12-26T03:26:14.2079935Z [command]/usr/bin/git branch --delete --force main
2025-12-26T03:26:14.2108659Z Deleted branch main (was 4a16a9c).
2025-12-26T03:26:14.2149014Z ##[endgroup]
2025-12-26T03:26:14.2153862Z [command]/usr/bin/git submodule status
2025-12-26T03:26:14.2400520Z ##[group]Cleaning the repository
2025-12-26T03:26:14.2406201Z [command]/usr/bin/git clean -ffdx
2025-12-26T03:26:14.2464867Z [command]/usr/bin/git reset --hard HEAD
2025-12-26T03:26:14.2570119Z HEAD is now at 4a16a9c [BOT] Download Logs
2025-12-26T03:26:14.2576181Z ##[endgroup]
2025-12-26T03:26:14.2578345Z ##[group]Disabling automatic garbage collection
2025-12-26T03:26:14.2583707Z [command]/usr/bin/git config --local gc.auto 0
2025-12-26T03:26:14.2616792Z ##[endgroup]
2025-12-26T03:26:14.2617140Z ##[group]Setting up auth
2025-12-26T03:26:14.2619024Z Removing SSH command configuration
2025-12-26T03:26:14.2625573Z [command]/usr/bin/git config --local --name-only --get-regexp core\.sshCommand
2025-12-26T03:26:14.2660122Z [command]/usr/bin/git submodule foreach --recursive sh -c "git config --local --name-only --get-regexp 'core\.sshCommand' && git config --local --unset-all 'core.sshCommand' || :"
2025-12-26T03:26:14.2900185Z Removing HTTP extra header
2025-12-26T03:26:14.2906443Z [command]/usr/bin/git config --local --name-only --get-regexp http\.https\:\/\/github\.com\/\.extraheader
2025-12-26T03:26:14.2940132Z [command]/usr/bin/git submodule foreach --recursive sh -c "git config --local --name-only --get-regexp 'http\.https\:\/\/github\.com\/\.extraheader' && git config --local --unset-all 'http.https://github.com/.extraheader' || :"
2025-12-26T03:26:14.3167802Z Removing includeIf entries pointing to credentials config files
2025-12-26T03:26:14.3174352Z [command]/usr/bin/git config --local --name-only --get-regexp ^includeIf\.gitdir:
2025-12-26T03:26:14.3198269Z includeif.gitdir:/home/runner/work/scratchattach/scratchattach/.git.path
2025-12-26T03:26:14.3199230Z includeif.gitdir:/home/runner/work/scratchattach/scratchattach/.git/worktrees/*.path
2025-12-26T03:26:14.3199717Z includeif.gitdir:/github/workspace/.git.path
2025-12-26T03:26:14.3200072Z includeif.gitdir:/github/workspace/.git/worktrees/*.path
2025-12-26T03:26:14.3215222Z [command]/usr/bin/git config --local --get-all includeif.gitdir:/home/runner/work/scratchattach/scratchattach/.git.path
2025-12-26T03:26:14.3238077Z /home/runner/work/_temp/git-credentials-d544da68-9ef2-4508-9dd9-4f1c79a42921.config
2025-12-26T03:26:14.3248737Z [command]/usr/bin/git config --local --unset includeif.gitdir:/home/runner/work/scratchattach/scratchattach/.git.path /home/runner/work/_temp/git-credentials-d544da68-9ef2-4508-9dd9-4f1c79a42921.config
2025-12-26T03:26:14.3280789Z [command]/usr/bin/git config --local --get-all includeif.gitdir:/home/runner/work/scratchattach/scratchattach/.git/worktrees/*.path
2025-12-26T03:26:14.3301937Z /home/runner/work/_temp/git-credentials-d544da68-9ef2-4508-9dd9-4f1c79a42921.config
2025-12-26T03:26:14.3309785Z [command]/usr/bin/git config --local --unset includeif.gitdir:/home/runner/work/scratchattach/scratchattach/.git/worktrees/*.path /home/runner/work/_temp/git-credentials-d544da68-9ef2-4508-9dd9-4f1c79a42921.config
2025-12-26T03:26:14.3339994Z [command]/usr/bin/git config --local --get-all includeif.gitdir:/github/workspace/.git.path
2025-12-26T03:26:14.3360822Z /github/runner_temp/git-credentials-d544da68-9ef2-4508-9dd9-4f1c79a42921.config
2025-12-26T03:26:14.3368043Z [command]/usr/bin/git config --local --unset includeif.gitdir:/github/workspace/.git.path /github/runner_temp/git-credentials-d544da68-9ef2-4508-9dd9-4f1c79a42921.config
2025-12-26T03:26:14.3401239Z [command]/usr/bin/git config --local --get-all includeif.gitdir:/github/workspace/.git/worktrees/*.path
2025-12-26T03:26:14.3421411Z /github/runner_temp/git-credentials-d544da68-9ef2-4508-9dd9-4f1c79a42921.config
2025-12-26T03:26:14.3430891Z [command]/usr/bin/git config --local --unset includeif.gitdir:/github/workspace/.git/worktrees/*.path /github/runner_temp/git-credentials-d544da68-9ef2-4508-9dd9-4f1c79a42921.config
2025-12-26T03:26:14.3465140Z [command]/usr/bin/git submodule foreach --recursive git config --local --show-origin --name-only --get-regexp remote.origin.url
2025-12-26T03:26:14.3686974Z Removing credentials config '/home/runner/work/_temp/git-credentials-d544da68-9ef2-4508-9dd9-4f1c79a42921.config'
2025-12-26T03:26:14.3700353Z [command]/usr/bin/git config --file /home/runner/work/_temp/git-credentials-18e6a2b9-3715-44b5-92f4-4838bdec32f7.config http.https://github.com/.extraheader AUTHORIZATION: basic ***
2025-12-26T03:26:14.3736461Z [command]/usr/bin/git config --local includeIf.gitdir:/home/runner/work/scratchattach/scratchattach/.git.path /home/runner/work/_temp/git-credentials-18e6a2b9-3715-44b5-92f4-4838bdec32f7.config
2025-12-26T03:26:14.3768270Z [command]/usr/bin/git config --local includeIf.gitdir:/home/runner/work/scratchattach/scratchattach/.git/worktrees/*.path /home/runner/work/_temp/git-credentials-18e6a2b9-3715-44b5-92f4-4838bdec32f7.config
2025-12-26T03:26:14.3798155Z [command]/usr/bin/git config --local includeIf.gitdir:/github/workspace/.git.path /github/runner_temp/git-credentials-18e6a2b9-3715-44b5-92f4-4838bdec32f7.config
2025-12-26T03:26:14.3828078Z [command]/usr/bin/git config --local includeIf.gitdir:/github/workspace/.git/worktrees/*.path /github/runner_temp/git-credentials-18e6a2b9-3715-44b5-92f4-4838bdec32f7.config
2025-12-26T03:26:14.3853022Z ##[endgroup]
2025-12-26T03:26:14.3853397Z ##[group]Fetching the repository
2025-12-26T03:26:14.3862921Z [command]/usr/bin/git -c protocol.version=2 fetch --no-tags --prune --no-recurse-submodules --depth=1 origin +refs/heads/main*:refs/remotes/origin/main* +refs/tags/main*:refs/tags/main*
2025-12-26T03:26:14.6153296Z ##[endgroup]
2025-12-26T03:26:14.6153816Z ##[group]Determining the checkout info
2025-12-26T03:26:14.6160376Z [command]/usr/bin/git branch --list --remote origin/main
2025-12-26T03:26:14.6189437Z   origin/main
2025-12-26T03:26:14.6194431Z ##[endgroup]
2025-12-26T03:26:14.6199299Z [command]/usr/bin/git sparse-checkout disable
2025-12-26T03:26:14.6262255Z [command]/usr/bin/git config --local --unset-all extensions.worktreeConfig
2025-12-26T03:26:14.6289459Z ##[group]Checking out the ref
2025-12-26T03:26:14.6294425Z [command]/usr/bin/git checkout --progress --force -B main refs/remotes/origin/main
2025-12-26T03:26:14.6375977Z Switched to a new branch 'main'
2025-12-26T03:26:14.6377797Z branch 'main' set up to track 'origin/main'.
2025-12-26T03:26:14.6384657Z ##[endgroup]
2025-12-26T03:26:14.6435425Z [command]/usr/bin/git log -1 --format=%H
2025-12-26T03:26:14.6460516Z 4a16a9cd3bc86951eb1c7c872c358dba784c728b
2025-12-26T03:26:14.6585468Z ##[group]Run python3 aesthetic_prioritizing.py
2025-12-26T03:26:14.6585828Z [36;1mpython3 aesthetic_prioritizing.py[0m
2025-12-26T03:26:14.6619346Z shell: /usr/bin/bash -e {0}
2025-12-26T03:26:14.6619570Z env:
2025-12-26T03:26:14.6619821Z   pythonLocation: /opt/hostedtoolcache/Python/3.13.11/x64
2025-12-26T03:26:14.6620236Z   PKG_CONFIG_PATH: /opt/hostedtoolcache/Python/3.13.11/x64/lib/pkgconfig
2025-12-26T03:26:14.6620959Z   Python_ROOT_DIR: /opt/hostedtoolcache/Python/3.13.11/x64
2025-12-26T03:26:14.6621364Z   Python2_ROOT_DIR: /opt/hostedtoolcache/Python/3.13.11/x64
2025-12-26T03:26:14.6621732Z   Python3_ROOT_DIR: /opt/hostedtoolcache/Python/3.13.11/x64
2025-12-26T03:26:14.6622095Z   LD_LIBRARY_PATH: /opt/hostedtoolcache/Python/3.13.11/x64/lib
2025-12-26T03:26:14.6622513Z   PASS: ***
2025-12-26T03:26:14.6622691Z ##[endgroup]
2025-12-26T03:26:15.7607118Z Prioritizing: Attempt 1
2025-12-26T03:26:15.7613448Z Projects already on top. No prioritizing needed.
2025-12-26T03:26:15.7620528Z Prioritized projects in your favorite list.
2025-12-26T03:26:15.7627467Z Prioritizing: Attempt 1
2025-12-26T03:26:16.2447397Z Unfollowed stuido 50609120
2025-12-26T03:26:51.2459773Z Followed studio 50609120 to move it to the top
2025-12-26T03:27:36.7198463Z Unfollowed stuido 50609126
2025-12-26T03:28:11.7210238Z Followed studio 50609126 to move it to the top
2025-12-26T03:29:04.6071555Z Unfollowed stuido 50609128
2025-12-26T03:29:39.6083005Z Followed studio 50609128 to move it to the top
2025-12-26T03:30:25.0811519Z Unfollowed stuido 50609129
2025-12-26T03:31:00.0824125Z Followed studio 50609129 to move it to the top
2025-12-26T03:31:45.1911414Z Prioritized studios in your favorite list.
2025-12-26T03:31:45.2262241Z Post job cleanup.
2025-12-26T03:31:45.3056034Z [command]/usr/bin/git version
2025-12-26T03:31:45.3091346Z git version 2.52.0
2025-12-26T03:31:45.3127133Z Temporarily overriding HOME='/home/runner/work/_temp/a52b4c38-3cd9-4185-9762-10c0fb03c576' before making global git config changes
2025-12-26T03:31:45.3128234Z Adding repository directory to the temporary git global config as a safe directory
2025-12-26T03:31:45.3133035Z [command]/usr/bin/git config --global --add safe.directory /home/runner/work/scratchattach/scratchattach
2025-12-26T03:31:45.3163623Z Removing SSH command configuration
2025-12-26T03:31:45.3169705Z [command]/usr/bin/git config --local --name-only --get-regexp core\.sshCommand
2025-12-26T03:31:45.3203334Z [command]/usr/bin/git submodule foreach --recursive sh -c "git config --local --name-only --get-regexp 'core\.sshCommand' && git config --local --unset-all 'core.sshCommand' || :"
2025-12-26T03:31:45.3465487Z Removing HTTP extra header
2025-12-26T03:31:45.3469815Z [command]/usr/bin/git config --local --name-only --get-regexp http\.https\:\/\/github\.com\/\.extraheader
2025-12-26T03:31:45.3502192Z [command]/usr/bin/git submodule foreach --recursive sh -c "git config --local --name-only --get-regexp 'http\.https\:\/\/github\.com\/\.extraheader' && git config --local --unset-all 'http.https://github.com/.extraheader' || :"
2025-12-26T03:31:45.3723411Z Removing includeIf entries pointing to credentials config files
2025-12-26T03:31:45.3729948Z [command]/usr/bin/git config --local --name-only --get-regexp ^includeIf\.gitdir:
2025-12-26T03:31:45.3753278Z includeif.gitdir:/home/runner/work/scratchattach/scratchattach/.git.path
2025-12-26T03:31:45.3754338Z includeif.gitdir:/home/runner/work/scratchattach/scratchattach/.git/worktrees/*.path
2025-12-26T03:31:45.3755159Z includeif.gitdir:/github/workspace/.git.path
2025-12-26T03:31:45.3755711Z includeif.gitdir:/github/workspace/.git/worktrees/*.path
2025-12-26T03:31:45.3763429Z [command]/usr/bin/git config --local --get-all includeif.gitdir:/home/runner/work/scratchattach/scratchattach/.git.path
2025-12-26T03:31:45.3784931Z /home/runner/work/_temp/git-credentials-18e6a2b9-3715-44b5-92f4-4838bdec32f7.config
2025-12-26T03:31:45.3795643Z [command]/usr/bin/git config --local --unset includeif.gitdir:/home/runner/work/scratchattach/scratchattach/.git.path /home/runner/work/_temp/git-credentials-18e6a2b9-3715-44b5-92f4-4838bdec32f7.config
2025-12-26T03:31:45.3828749Z [command]/usr/bin/git config --local --get-all includeif.gitdir:/home/runner/work/scratchattach/scratchattach/.git/worktrees/*.path
2025-12-26T03:31:45.3850910Z /home/runner/work/_temp/git-credentials-18e6a2b9-3715-44b5-92f4-4838bdec32f7.config
2025-12-26T03:31:45.3860779Z [command]/usr/bin/git config --local --unset includeif.gitdir:/home/runner/work/scratchattach/scratchattach/.git/worktrees/*.path /home/runner/work/_temp/git-credentials-18e6a2b9-3715-44b5-92f4-4838bdec32f7.config
2025-12-26T03:31:45.3891536Z [command]/usr/bin/git config --local --get-all includeif.gitdir:/github/workspace/.git.path
2025-12-26T03:31:45.3912339Z /github/runner_temp/git-credentials-18e6a2b9-3715-44b5-92f4-4838bdec32f7.config
2025-12-26T03:31:45.3920338Z [command]/usr/bin/git config --local --unset includeif.gitdir:/github/workspace/.git.path /github/runner_temp/git-credentials-18e6a2b9-3715-44b5-92f4-4838bdec32f7.config
2025-12-26T03:31:45.3950489Z [command]/usr/bin/git config --local --get-all includeif.gitdir:/github/workspace/.git/worktrees/*.path
2025-12-26T03:31:45.3971369Z /github/runner_temp/git-credentials-18e6a2b9-3715-44b5-92f4-4838bdec32f7.config
2025-12-26T03:31:45.3980069Z [command]/usr/bin/git config --local --unset includeif.gitdir:/github/workspace/.git/worktrees/*.path /github/runner_temp/git-credentials-18e6a2b9-3715-44b5-92f4-4838bdec32f7.config
2025-12-26T03:31:45.4010145Z [command]/usr/bin/git submodule foreach --recursive git config --local --show-origin --name-only --get-regexp remote.origin.url
2025-12-26T03:31:45.4237995Z Removing credentials config '/home/runner/work/_temp/git-credentials-18e6a2b9-3715-44b5-92f4-4838bdec32f7.config'
2025-12-26T03:31:45.4406412Z Post job cleanup.
2025-12-26T03:31:45.5596402Z (node:2595) [DEP0040] DeprecationWarning: The `punycode` module is deprecated. Please use a userland alternative instead.
2025-12-26T03:31:45.5597250Z (Use `node --trace-deprecation ...` to show where the warning was created)
2025-12-26T03:31:45.5718313Z Post job cleanup.
2025-12-26T03:31:45.6515697Z [command]/usr/bin/git version
2025-12-26T03:31:45.6562471Z git version 2.52.0
2025-12-26T03:31:45.6610747Z Temporarily overriding HOME='/home/runner/work/_temp/122cac19-f39b-463f-a2cd-7e7093a8d609' before making global git config changes
2025-12-26T03:31:45.6612230Z Adding repository directory to the temporary git global config as a safe directory
2025-12-26T03:31:45.6618263Z [command]/usr/bin/git config --global --add safe.directory /home/runner/work/scratchattach/scratchattach
2025-12-26T03:31:45.6651115Z Removing SSH command configuration
2025-12-26T03:31:45.6658958Z [command]/usr/bin/git config --local --name-only --get-regexp core\.sshCommand
2025-12-26T03:31:45.6721782Z [command]/usr/bin/git submodule foreach --recursive sh -c "git config --local --name-only --get-regexp 'core\.sshCommand' && git config --local --unset-all 'core.sshCommand' || :"
2025-12-26T03:31:45.6962590Z Removing HTTP extra header
2025-12-26T03:31:45.6968377Z [command]/usr/bin/git config --local --name-only --get-regexp http\.https\:\/\/github\.com\/\.extraheader
2025-12-26T03:31:45.7003302Z [command]/usr/bin/git submodule foreach --recursive sh -c "git config --local --name-only --get-regexp 'http\.https\:\/\/github\.com\/\.extraheader' && git config --local --unset-all 'http.https://github.com/.extraheader' || :"
2025-12-26T03:31:45.7243276Z Removing includeIf entries pointing to credentials config files
2025-12-26T03:31:45.7250015Z [command]/usr/bin/git config --local --name-only --get-regexp ^includeIf\.gitdir:
2025-12-26T03:31:45.7283383Z [command]/usr/bin/git submodule foreach --recursive git config --local --show-origin --name-only --get-regexp remote.origin.url
2025-12-26T03:31:45.7645973Z Cleaning up orphan processes
