2025-12-25T18:34:29.0796638Z Current runner version: '2.330.0'
2025-12-25T18:34:29.0821417Z ##[group]Runner Image Provisioner
2025-12-25T18:34:29.0822302Z Hosted Compute Agent
2025-12-25T18:34:29.0822923Z Version: 20251211.462
2025-12-25T18:34:29.0823485Z Commit: 6cbad8c2bb55d58165063d031ccabf57e2d2db61
2025-12-25T18:34:29.0824233Z Build Date: 2025-12-11T16:28:49Z
2025-12-25T18:34:29.0824862Z Worker ID: {98f01637-93e0-4dd4-b1bb-45c4a34cc6ca}
2025-12-25T18:34:29.0825557Z ##[endgroup]
2025-12-25T18:34:29.0826035Z ##[group]Operating System
2025-12-25T18:34:29.0826687Z Ubuntu
2025-12-25T18:34:29.0827157Z 24.04.3
2025-12-25T18:34:29.0827552Z LTS
2025-12-25T18:34:29.0828076Z ##[endgroup]
2025-12-25T18:34:29.0828566Z ##[group]Runner Image
2025-12-25T18:34:29.0829085Z Image: ubuntu-24.04
2025-12-25T18:34:29.0829952Z Version: 20251215.174.1
2025-12-25T18:34:29.0831002Z Included Software: https://github.com/actions/runner-images/blob/ubuntu24/20251215.174/images/ubuntu/Ubuntu2404-Readme.md
2025-12-25T18:34:29.0832604Z Image Release: https://github.com/actions/runner-images/releases/tag/ubuntu24%2F20251215.174
2025-12-25T18:34:29.0833612Z ##[endgroup]
2025-12-25T18:34:29.0834668Z ##[group]GITHUB_TOKEN Permissions
2025-12-25T18:34:29.0836707Z Contents: read
2025-12-25T18:34:29.0837262Z Metadata: read
2025-12-25T18:34:29.0837794Z ##[endgroup]
2025-12-25T18:34:29.0840152Z Secret source: Actions
2025-12-25T18:34:29.0840870Z Prepare workflow directory
2025-12-25T18:34:29.1161346Z Prepare all required actions
2025-12-25T18:34:29.1205904Z Getting action download info
2025-12-25T18:34:29.5534945Z Download action repository 'actions/checkout@v6.0.1' (SHA:8e8c483db84b4bee98b60c0593521ed34d9990e8)
2025-12-25T18:34:29.6462138Z Download action repository 'actions/setup-python@v6.1.0' (SHA:83679a892e2d95755f2dac6acb0bfd1e9ac5d548)
2025-12-25T18:34:29.8657963Z Complete job name: build (3.11, ubuntu-latest)
2025-12-25T18:34:29.9322244Z ##[group]Run actions/checkout@v6.0.1
2025-12-25T18:34:29.9323087Z with:
2025-12-25T18:34:29.9323460Z   ref: scratch_chat_dev
2025-12-25T18:34:29.9323920Z   repository: Boss-1s/scratchattach
2025-12-25T18:34:29.9324541Z   token: ***
2025-12-25T18:34:29.9324904Z   ssh-strict: true
2025-12-25T18:34:29.9325269Z   ssh-user: git
2025-12-25T18:34:29.9325650Z   persist-credentials: true
2025-12-25T18:34:29.9326187Z   clean: true
2025-12-25T18:34:29.9326576Z   sparse-checkout-cone-mode: true
2025-12-25T18:34:29.9327048Z   fetch-depth: 1
2025-12-25T18:34:29.9327414Z   fetch-tags: false
2025-12-25T18:34:29.9327791Z   show-progress: true
2025-12-25T18:34:29.9328174Z   lfs: false
2025-12-25T18:34:29.9328527Z   submodules: false
2025-12-25T18:34:29.9328913Z   set-safe-directory: true
2025-12-25T18:34:29.9329947Z ##[endgroup]
2025-12-25T18:34:30.0234713Z Syncing repository: Boss-1s/scratchattach
2025-12-25T18:34:30.0236421Z ##[group]Getting Git version info
2025-12-25T18:34:30.0237213Z Working directory is '/home/runner/work/scratchattach/scratchattach'
2025-12-25T18:34:30.0238172Z [command]/usr/bin/git version
2025-12-25T18:34:30.0335992Z git version 2.52.0
2025-12-25T18:34:30.0356233Z ##[endgroup]
2025-12-25T18:34:30.0370483Z Temporarily overriding HOME='/home/runner/work/_temp/ebd8a244-9b43-4a1a-8012-4a4ca2f1780a' before making global git config changes
2025-12-25T18:34:30.0372037Z Adding repository directory to the temporary git global config as a safe directory
2025-12-25T18:34:30.0375708Z [command]/usr/bin/git config --global --add safe.directory /home/runner/work/scratchattach/scratchattach
2025-12-25T18:34:30.0413255Z Deleting the contents of '/home/runner/work/scratchattach/scratchattach'
2025-12-25T18:34:30.0416373Z ##[group]Initializing the repository
2025-12-25T18:34:30.0421165Z [command]/usr/bin/git init /home/runner/work/scratchattach/scratchattach
2025-12-25T18:34:30.0523622Z hint: Using 'master' as the name for the initial branch. This default branch name
2025-12-25T18:34:30.0524567Z hint: will change to "main" in Git 3.0. To configure the initial branch name
2025-12-25T18:34:30.0525512Z hint: to use in all of your new repositories, which will suppress this warning,
2025-12-25T18:34:30.0526574Z hint: call:
2025-12-25T18:34:30.0527073Z hint:
2025-12-25T18:34:30.0527528Z hint: 	git config --global init.defaultBranch <name>
2025-12-25T18:34:30.0528077Z hint:
2025-12-25T18:34:30.0528598Z hint: Names commonly chosen instead of 'master' are 'main', 'trunk' and
2025-12-25T18:34:30.0530265Z hint: 'development'. The just-created branch can be renamed via this command:
2025-12-25T18:34:30.0531541Z hint:
2025-12-25T18:34:30.0532168Z hint: 	git branch -m <name>
2025-12-25T18:34:30.0532954Z hint:
2025-12-25T18:34:30.0534034Z hint: Disable this message with "git config set advice.defaultBranchName false"
2025-12-25T18:34:30.0535936Z Initialized empty Git repository in /home/runner/work/scratchattach/scratchattach/.git/
2025-12-25T18:34:30.0543241Z [command]/usr/bin/git remote add origin https://github.com/Boss-1s/scratchattach
2025-12-25T18:34:30.0613465Z ##[endgroup]
2025-12-25T18:34:30.0614653Z ##[group]Disabling automatic garbage collection
2025-12-25T18:34:30.0619104Z [command]/usr/bin/git config --local gc.auto 0
2025-12-25T18:34:30.0651099Z ##[endgroup]
2025-12-25T18:34:30.0651751Z ##[group]Setting up auth
2025-12-25T18:34:30.0652485Z Removing SSH command configuration
2025-12-25T18:34:30.0658244Z [command]/usr/bin/git config --local --name-only --get-regexp core\.sshCommand
2025-12-25T18:34:30.0689705Z [command]/usr/bin/git submodule foreach --recursive sh -c "git config --local --name-only --get-regexp 'core\.sshCommand' && git config --local --unset-all 'core.sshCommand' || :"
2025-12-25T18:34:30.1011177Z Removing HTTP extra header
2025-12-25T18:34:30.1016340Z [command]/usr/bin/git config --local --name-only --get-regexp http\.https\:\/\/github\.com\/\.extraheader
2025-12-25T18:34:30.1046651Z [command]/usr/bin/git submodule foreach --recursive sh -c "git config --local --name-only --get-regexp 'http\.https\:\/\/github\.com\/\.extraheader' && git config --local --unset-all 'http.https://github.com/.extraheader' || :"
2025-12-25T18:34:30.1257678Z Removing includeIf entries pointing to credentials config files
2025-12-25T18:34:30.1263486Z [command]/usr/bin/git config --local --name-only --get-regexp ^includeIf\.gitdir:
2025-12-25T18:34:30.1293179Z [command]/usr/bin/git submodule foreach --recursive git config --local --show-origin --name-only --get-regexp remote.origin.url
2025-12-25T18:34:30.1532264Z [command]/usr/bin/git config --file /home/runner/work/_temp/git-credentials-31b876f1-2f30-4c32-8e0a-67a9c9772567.config http.https://github.com/.extraheader AUTHORIZATION: basic ***
2025-12-25T18:34:30.1574677Z [command]/usr/bin/git config --local includeIf.gitdir:/home/runner/work/scratchattach/scratchattach/.git.path /home/runner/work/_temp/git-credentials-31b876f1-2f30-4c32-8e0a-67a9c9772567.config
2025-12-25T18:34:30.1607997Z [command]/usr/bin/git config --local includeIf.gitdir:/home/runner/work/scratchattach/scratchattach/.git/worktrees/*.path /home/runner/work/_temp/git-credentials-31b876f1-2f30-4c32-8e0a-67a9c9772567.config
2025-12-25T18:34:30.1642789Z [command]/usr/bin/git config --local includeIf.gitdir:/github/workspace/.git.path /github/runner_temp/git-credentials-31b876f1-2f30-4c32-8e0a-67a9c9772567.config
2025-12-25T18:34:30.1677905Z [command]/usr/bin/git config --local includeIf.gitdir:/github/workspace/.git/worktrees/*.path /github/runner_temp/git-credentials-31b876f1-2f30-4c32-8e0a-67a9c9772567.config
2025-12-25T18:34:30.1705561Z ##[endgroup]
2025-12-25T18:34:30.1706593Z ##[group]Fetching the repository
2025-12-25T18:34:30.1716226Z [command]/usr/bin/git -c protocol.version=2 fetch --no-tags --prune --no-recurse-submodules --depth=1 origin +refs/heads/scratch_chat_dev*:refs/remotes/origin/scratch_chat_dev* +refs/tags/scratch_chat_dev*:refs/tags/scratch_chat_dev*
2025-12-25T18:34:32.8554182Z From https://github.com/Boss-1s/scratchattach
2025-12-25T18:34:32.8558024Z  * [new branch]      scratch_chat_dev -> origin/scratch_chat_dev
2025-12-25T18:34:32.8584835Z ##[endgroup]
2025-12-25T18:34:32.8586510Z ##[group]Determining the checkout info
2025-12-25T18:34:32.8592404Z [command]/usr/bin/git branch --list --remote origin/scratch_chat_dev
2025-12-25T18:34:32.8622143Z   origin/scratch_chat_dev
2025-12-25T18:34:32.8627590Z ##[endgroup]
2025-12-25T18:34:32.8631133Z [command]/usr/bin/git sparse-checkout disable
2025-12-25T18:34:32.8670296Z [command]/usr/bin/git config --local --unset-all extensions.worktreeConfig
2025-12-25T18:34:32.8696780Z ##[group]Checking out the ref
2025-12-25T18:34:32.8700444Z [command]/usr/bin/git checkout --progress --force -B scratch_chat_dev refs/remotes/origin/scratch_chat_dev
2025-12-25T18:34:33.5352125Z Switched to a new branch 'scratch_chat_dev'
2025-12-25T18:34:33.5353402Z branch 'scratch_chat_dev' set up to track 'origin/scratch_chat_dev'.
2025-12-25T18:34:33.5413361Z ##[endgroup]
2025-12-25T18:34:33.5452959Z [command]/usr/bin/git log -1 --format=%H
2025-12-25T18:34:33.5477049Z f26b60aecc760d5272d36d182f68367aa02c71e2
2025-12-25T18:34:33.5701380Z ##[group]Run actions/setup-python@v6.1.0
2025-12-25T18:34:33.5701743Z with:
2025-12-25T18:34:33.5701978Z   python-version: 3.11
2025-12-25T18:34:33.5702237Z   check-latest: false
2025-12-25T18:34:33.5702610Z   token: ***
2025-12-25T18:34:33.5702845Z   update-environment: true
2025-12-25T18:34:33.5703109Z   allow-prereleases: false
2025-12-25T18:34:33.5703367Z   freethreaded: false
2025-12-25T18:34:33.5703596Z ##[endgroup]
2025-12-25T18:34:33.6946156Z ##[group]Installed versions
2025-12-25T18:34:33.7066855Z (node:2204) [DEP0040] DeprecationWarning: The `punycode` module is deprecated. Please use a userland alternative instead.
2025-12-25T18:34:33.7067783Z (Use `node --trace-deprecation ...` to show where the warning was created)
2025-12-25T18:34:33.7068453Z Successfully set up CPython (3.11.14)
2025-12-25T18:34:33.7069591Z ##[endgroup]
2025-12-25T18:34:33.7196662Z ##[group]Run cd test
2025-12-25T18:34:33.7197015Z [36;1mcd test[0m
2025-12-25T18:34:33.7197257Z [36;1mpython3 test5.py[0m
2025-12-25T18:34:33.7247474Z shell: /usr/bin/bash -e {0}
2025-12-25T18:34:33.7247959Z env:
2025-12-25T18:34:33.7248359Z   pythonLocation: /opt/hostedtoolcache/Python/3.11.14/x64
2025-12-25T18:34:33.7248823Z   PKG_CONFIG_PATH: /opt/hostedtoolcache/Python/3.11.14/x64/lib/pkgconfig
2025-12-25T18:34:33.7249262Z   Python_ROOT_DIR: /opt/hostedtoolcache/Python/3.11.14/x64
2025-12-25T18:34:33.7249861Z   Python2_ROOT_DIR: /opt/hostedtoolcache/Python/3.11.14/x64
2025-12-25T18:34:33.7250251Z   Python3_ROOT_DIR: /opt/hostedtoolcache/Python/3.11.14/x64
2025-12-25T18:34:33.7250637Z   LD_LIBRARY_PATH: /opt/hostedtoolcache/Python/3.11.14/x64/lib
2025-12-25T18:34:33.7250977Z ##[endgroup]
2025-12-25T18:34:33.7775923Z Traceback (most recent call last):
2025-12-25T18:34:33.7784091Z   File "/home/runner/work/scratchattach/scratchattach/test/test5.py", line 8, in <module>
2025-12-25T18:34:33.7785147Z     from key_multivalue_storage import Storage as s
2025-12-25T18:34:33.7786148Z   File "/home/runner/work/scratchattach/scratchattach/key_multivalue_storage.py", line 214
2025-12-25T18:34:33.7786997Z     if ".json" not in file_path:
2025-12-25T18:34:33.7787624Z TabError: inconsistent use of tabs and spaces in indentation
2025-12-25T18:34:33.7828525Z ##[error]Process completed with exit code 1.
2025-12-25T18:34:33.7931679Z Post job cleanup.
2025-12-25T18:34:33.8700613Z [command]/usr/bin/git version
2025-12-25T18:34:33.8735739Z git version 2.52.0
2025-12-25T18:34:33.8773707Z Temporarily overriding HOME='/home/runner/work/_temp/2a8cf4c5-1040-49fe-92cd-7090b68d2277' before making global git config changes
2025-12-25T18:34:33.8775387Z Adding repository directory to the temporary git global config as a safe directory
2025-12-25T18:34:33.8780398Z [command]/usr/bin/git config --global --add safe.directory /home/runner/work/scratchattach/scratchattach
2025-12-25T18:34:33.8811366Z Removing SSH command configuration
2025-12-25T18:34:33.8817015Z [command]/usr/bin/git config --local --name-only --get-regexp core\.sshCommand
2025-12-25T18:34:33.8850627Z [command]/usr/bin/git submodule foreach --recursive sh -c "git config --local --name-only --get-regexp 'core\.sshCommand' && git config --local --unset-all 'core.sshCommand' || :"
2025-12-25T18:34:33.9109194Z Removing HTTP extra header
2025-12-25T18:34:33.9114052Z [command]/usr/bin/git config --local --name-only --get-regexp http\.https\:\/\/github\.com\/\.extraheader
2025-12-25T18:34:33.9146590Z [command]/usr/bin/git submodule foreach --recursive sh -c "git config --local --name-only --get-regexp 'http\.https\:\/\/github\.com\/\.extraheader' && git config --local --unset-all 'http.https://github.com/.extraheader' || :"
2025-12-25T18:34:33.9368012Z Removing includeIf entries pointing to credentials config files
2025-12-25T18:34:33.9374218Z [command]/usr/bin/git config --local --name-only --get-regexp ^includeIf\.gitdir:
2025-12-25T18:34:33.9396009Z includeif.gitdir:/home/runner/work/scratchattach/scratchattach/.git.path
2025-12-25T18:34:33.9396873Z includeif.gitdir:/home/runner/work/scratchattach/scratchattach/.git/worktrees/*.path
2025-12-25T18:34:33.9397405Z includeif.gitdir:/github/workspace/.git.path
2025-12-25T18:34:33.9397850Z includeif.gitdir:/github/workspace/.git/worktrees/*.path
2025-12-25T18:34:33.9465419Z [command]/usr/bin/git config --local --get-all includeif.gitdir:/home/runner/work/scratchattach/scratchattach/.git.path
2025-12-25T18:34:33.9466894Z /home/runner/work/_temp/git-credentials-31b876f1-2f30-4c32-8e0a-67a9c9772567.config
2025-12-25T18:34:33.9469781Z [command]/usr/bin/git config --local --unset includeif.gitdir:/home/runner/work/scratchattach/scratchattach/.git.path /home/runner/work/_temp/git-credentials-31b876f1-2f30-4c32-8e0a-67a9c9772567.config
2025-12-25T18:34:33.9473628Z [command]/usr/bin/git config --local --get-all includeif.gitdir:/home/runner/work/scratchattach/scratchattach/.git/worktrees/*.path
2025-12-25T18:34:33.9497239Z /home/runner/work/_temp/git-credentials-31b876f1-2f30-4c32-8e0a-67a9c9772567.config
2025-12-25T18:34:33.9506732Z [command]/usr/bin/git config --local --unset includeif.gitdir:/home/runner/work/scratchattach/scratchattach/.git/worktrees/*.path /home/runner/work/_temp/git-credentials-31b876f1-2f30-4c32-8e0a-67a9c9772567.config
2025-12-25T18:34:33.9536529Z [command]/usr/bin/git config --local --get-all includeif.gitdir:/github/workspace/.git.path
2025-12-25T18:34:33.9556753Z /github/runner_temp/git-credentials-31b876f1-2f30-4c32-8e0a-67a9c9772567.config
2025-12-25T18:34:33.9565836Z [command]/usr/bin/git config --local --unset includeif.gitdir:/github/workspace/.git.path /github/runner_temp/git-credentials-31b876f1-2f30-4c32-8e0a-67a9c9772567.config
2025-12-25T18:34:33.9597474Z [command]/usr/bin/git config --local --get-all includeif.gitdir:/github/workspace/.git/worktrees/*.path
2025-12-25T18:34:33.9618079Z /github/runner_temp/git-credentials-31b876f1-2f30-4c32-8e0a-67a9c9772567.config
2025-12-25T18:34:33.9627375Z [command]/usr/bin/git config --local --unset includeif.gitdir:/github/workspace/.git/worktrees/*.path /github/runner_temp/git-credentials-31b876f1-2f30-4c32-8e0a-67a9c9772567.config
2025-12-25T18:34:33.9658594Z [command]/usr/bin/git submodule foreach --recursive git config --local --show-origin --name-only --get-regexp remote.origin.url
2025-12-25T18:34:33.9879336Z Removing credentials config '/home/runner/work/_temp/git-credentials-31b876f1-2f30-4c32-8e0a-67a9c9772567.config'
2025-12-25T18:34:33.9992934Z Cleaning up orphan processes
