2025-10-18T07:22:00.2152702Z Current runner version: '2.329.0'
2025-10-18T07:22:00.2176176Z ##[group]Runner Image Provisioner
2025-10-18T07:22:00.2176955Z Hosted Compute Agent
2025-10-18T07:22:00.2177577Z Version: 20251013.424
2025-10-18T07:22:00.2178248Z Commit: cfdd8bfed34d71a55b72df4d2e82343c3fc2bab3
2025-10-18T07:22:00.2178929Z Build Date: 2025-10-13T20:22:23Z
2025-10-18T07:22:00.2179568Z ##[endgroup]
2025-10-18T07:22:00.2180093Z ##[group]Operating System
2025-10-18T07:22:00.2180656Z Ubuntu
2025-10-18T07:22:00.2181175Z 24.04.3
2025-10-18T07:22:00.2181648Z LTS
2025-10-18T07:22:00.2182111Z ##[endgroup]
2025-10-18T07:22:00.2182655Z ##[group]Runner Image
2025-10-18T07:22:00.2183183Z Image: ubuntu-24.04
2025-10-18T07:22:00.2183695Z Version: 20251014.76.1
2025-10-18T07:22:00.2184943Z Included Software: https://github.com/actions/runner-images/blob/ubuntu24/20251014.76/images/ubuntu/Ubuntu2404-Readme.md
2025-10-18T07:22:00.2186503Z Image Release: https://github.com/actions/runner-images/releases/tag/ubuntu24%2F20251014.76
2025-10-18T07:22:00.2187497Z ##[endgroup]
2025-10-18T07:22:00.2189944Z ##[group]GITHUB_TOKEN Permissions
2025-10-18T07:22:00.2192006Z Actions: write
2025-10-18T07:22:00.2192568Z Attestations: write
2025-10-18T07:22:00.2193102Z Checks: write
2025-10-18T07:22:00.2193551Z Contents: write
2025-10-18T07:22:00.2194338Z Deployments: write
2025-10-18T07:22:00.2194883Z Discussions: write
2025-10-18T07:22:00.2195371Z Issues: write
2025-10-18T07:22:00.2196025Z Metadata: read
2025-10-18T07:22:00.2196569Z Models: read
2025-10-18T07:22:00.2197060Z Packages: write
2025-10-18T07:22:00.2197685Z Pages: write
2025-10-18T07:22:00.2198206Z PullRequests: write
2025-10-18T07:22:00.2198818Z RepositoryProjects: write
2025-10-18T07:22:00.2199507Z SecurityEvents: write
2025-10-18T07:22:00.2200154Z Statuses: write
2025-10-18T07:22:00.2200616Z ##[endgroup]
2025-10-18T07:22:00.2203019Z Secret source: Actions
2025-10-18T07:22:00.2203912Z Prepare workflow directory
2025-10-18T07:22:00.2521224Z Prepare all required actions
2025-10-18T07:22:00.2558461Z Getting action download info
2025-10-18T07:22:00.7295855Z Download action repository 'actions/checkout@v5.0.0' (SHA:08c6903cd8c0fde910a37f88322edcfb5dd907a8)
2025-10-18T07:22:00.9667465Z Download action repository 'actions/setup-python@v6.0.0' (SHA:e797f83bcb11b83ae66e0230d6156d7c80228e7c)
2025-10-18T07:22:01.0993329Z Download action repository 'bossOfCode/install-scratchattach@v1.0.3' (SHA:be17a7cf1ecb5a7040eb42ef26c2e1fbe72bb25a)
2025-10-18T07:22:01.6297639Z Complete job name: Run 1
2025-10-18T07:22:01.7012137Z ##[group]Run actions/checkout@v5.0.0
2025-10-18T07:22:01.7013066Z with:
2025-10-18T07:22:01.7013472Z   ref: main
2025-10-18T07:22:01.7013897Z   repository: Boss-1s/scratchattach
2025-10-18T07:22:01.7014788Z   token: ***
2025-10-18T07:22:01.7015214Z   ssh-strict: true
2025-10-18T07:22:01.7015629Z   ssh-user: git
2025-10-18T07:22:01.7016062Z   persist-credentials: true
2025-10-18T07:22:01.7016534Z   clean: true
2025-10-18T07:22:01.7016959Z   sparse-checkout-cone-mode: true
2025-10-18T07:22:01.7017483Z   fetch-depth: 1
2025-10-18T07:22:01.7017924Z   fetch-tags: false
2025-10-18T07:22:01.7018364Z   show-progress: true
2025-10-18T07:22:01.7018807Z   lfs: false
2025-10-18T07:22:01.7019217Z   submodules: false
2025-10-18T07:22:01.7019654Z   set-safe-directory: true
2025-10-18T07:22:01.7020390Z ##[endgroup]
2025-10-18T07:22:01.7942388Z Syncing repository: Boss-1s/scratchattach
2025-10-18T07:22:01.7944601Z ##[group]Getting Git version info
2025-10-18T07:22:01.7945492Z Working directory is '/home/runner/work/scratchattach/scratchattach'
2025-10-18T07:22:01.7946701Z [command]/usr/bin/git version
2025-10-18T07:22:01.8028552Z git version 2.51.0
2025-10-18T07:22:01.8081975Z ##[endgroup]
2025-10-18T07:22:01.8097186Z Temporarily overriding HOME='/home/runner/work/_temp/93bc4999-c399-48cb-a243-64757ced6396' before making global git config changes
2025-10-18T07:22:01.8098777Z Adding repository directory to the temporary git global config as a safe directory
2025-10-18T07:22:01.8102889Z [command]/usr/bin/git config --global --add safe.directory /home/runner/work/scratchattach/scratchattach
2025-10-18T07:22:01.8145992Z Deleting the contents of '/home/runner/work/scratchattach/scratchattach'
2025-10-18T07:22:01.8149868Z ##[group]Initializing the repository
2025-10-18T07:22:01.8155309Z [command]/usr/bin/git init /home/runner/work/scratchattach/scratchattach
2025-10-18T07:22:01.8263836Z hint: Using 'master' as the name for the initial branch. This default branch name
2025-10-18T07:22:01.8265274Z hint: is subject to change. To configure the initial branch name to use in all
2025-10-18T07:22:01.8266164Z hint: of your new repositories, which will suppress this warning, call:
2025-10-18T07:22:01.8267257Z hint:
2025-10-18T07:22:01.8268096Z hint: 	git config --global init.defaultBranch <name>
2025-10-18T07:22:01.8268703Z hint:
2025-10-18T07:22:01.8269526Z hint: Names commonly chosen instead of 'master' are 'main', 'trunk' and
2025-10-18T07:22:01.8271165Z hint: 'development'. The just-created branch can be renamed via this command:
2025-10-18T07:22:01.8272544Z hint:
2025-10-18T07:22:01.8273293Z hint: 	git branch -m <name>
2025-10-18T07:22:01.8274308Z hint:
2025-10-18T07:22:01.8275479Z hint: Disable this message with "git config set advice.defaultBranchName false"
2025-10-18T07:22:01.8277298Z Initialized empty Git repository in /home/runner/work/scratchattach/scratchattach/.git/
2025-10-18T07:22:01.8282648Z [command]/usr/bin/git remote add origin https://github.com/Boss-1s/scratchattach
2025-10-18T07:22:01.8323307Z ##[endgroup]
2025-10-18T07:22:01.8324853Z ##[group]Disabling automatic garbage collection
2025-10-18T07:22:01.8328133Z [command]/usr/bin/git config --local gc.auto 0
2025-10-18T07:22:01.8358326Z ##[endgroup]
2025-10-18T07:22:01.8359601Z ##[group]Setting up auth
2025-10-18T07:22:01.8366028Z [command]/usr/bin/git config --local --name-only --get-regexp core\.sshCommand
2025-10-18T07:22:01.8398253Z [command]/usr/bin/git submodule foreach --recursive sh -c "git config --local --name-only --get-regexp 'core\.sshCommand' && git config --local --unset-all 'core.sshCommand' || :"
2025-10-18T07:22:01.8777991Z [command]/usr/bin/git config --local --name-only --get-regexp http\.https\:\/\/github\.com\/\.extraheader
2025-10-18T07:22:01.8809176Z [command]/usr/bin/git submodule foreach --recursive sh -c "git config --local --name-only --get-regexp 'http\.https\:\/\/github\.com\/\.extraheader' && git config --local --unset-all 'http.https://github.com/.extraheader' || :"
2025-10-18T07:22:01.9036750Z [command]/usr/bin/git config --local http.https://github.com/.extraheader AUTHORIZATION: basic ***
2025-10-18T07:22:01.9075157Z ##[endgroup]
2025-10-18T07:22:01.9075999Z ##[group]Fetching the repository
2025-10-18T07:22:01.9084489Z [command]/usr/bin/git -c protocol.version=2 fetch --no-tags --prune --no-recurse-submodules --depth=1 origin +refs/heads/main*:refs/remotes/origin/main* +refs/tags/main*:refs/tags/main*
2025-10-18T07:22:03.1955357Z From https://github.com/Boss-1s/scratchattach
2025-10-18T07:22:03.1957299Z  * [new branch]      main       -> origin/main
2025-10-18T07:22:03.1993177Z ##[endgroup]
2025-10-18T07:22:03.1995527Z ##[group]Determining the checkout info
2025-10-18T07:22:03.2000976Z [command]/usr/bin/git branch --list --remote origin/main
2025-10-18T07:22:03.2027801Z   origin/main
2025-10-18T07:22:03.2033956Z ##[endgroup]
2025-10-18T07:22:03.2038495Z [command]/usr/bin/git sparse-checkout disable
2025-10-18T07:22:03.2081718Z [command]/usr/bin/git config --local --unset-all extensions.worktreeConfig
2025-10-18T07:22:03.2113031Z ##[group]Checking out the ref
2025-10-18T07:22:03.2116494Z [command]/usr/bin/git checkout --progress --force -B main refs/remotes/origin/main
2025-10-18T07:22:03.4642766Z Switched to a new branch 'main'
2025-10-18T07:22:03.4644692Z branch 'main' set up to track 'origin/main'.
2025-10-18T07:22:03.4675913Z ##[endgroup]
2025-10-18T07:22:03.4719189Z [command]/usr/bin/git log -1 --format=%H
2025-10-18T07:22:03.4746211Z 4b050d89b08ebabfb7cf196706eea55473299971
2025-10-18T07:22:03.4984015Z ##[group]Run actions/setup-python@v6.0.0
2025-10-18T07:22:03.4984848Z with:
2025-10-18T07:22:03.4985051Z   python-version: 3.13
2025-10-18T07:22:03.4985277Z   check-latest: false
2025-10-18T07:22:03.4985644Z   token: ***
2025-10-18T07:22:03.4985847Z   update-environment: true
2025-10-18T07:22:03.4986081Z   allow-prereleases: false
2025-10-18T07:22:03.4986309Z   freethreaded: false
2025-10-18T07:22:03.4986504Z ##[endgroup]
2025-10-18T07:22:03.6256304Z ##[group]Installed versions
2025-10-18T07:22:03.7432169Z (node:2052) [DEP0040] DeprecationWarning: The `punycode` module is deprecated. Please use a userland alternative instead.
2025-10-18T07:22:03.7433098Z (Use `node --trace-deprecation ...` to show where the warning was created)
2025-10-18T07:22:03.7433924Z Successfully set up CPython (3.13.8)
2025-10-18T07:22:03.7434872Z ##[endgroup]
2025-10-18T07:22:03.7579653Z ##[group]Run bossOfCode/install-scratchattach@v1.0.3
2025-10-18T07:22:03.7580024Z env:
2025-10-18T07:22:03.7580299Z   pythonLocation: /opt/hostedtoolcache/Python/3.13.8/x64
2025-10-18T07:22:03.7580756Z   PKG_CONFIG_PATH: /opt/hostedtoolcache/Python/3.13.8/x64/lib/pkgconfig
2025-10-18T07:22:03.7581171Z   Python_ROOT_DIR: /opt/hostedtoolcache/Python/3.13.8/x64
2025-10-18T07:22:03.7581544Z   Python2_ROOT_DIR: /opt/hostedtoolcache/Python/3.13.8/x64
2025-10-18T07:22:03.7581911Z   Python3_ROOT_DIR: /opt/hostedtoolcache/Python/3.13.8/x64
2025-10-18T07:22:03.7582294Z   LD_LIBRARY_PATH: /opt/hostedtoolcache/Python/3.13.8/x64/lib
2025-10-18T07:22:03.7582594Z ##[endgroup]
2025-10-18T07:22:03.7662754Z ##[group]Run python3 -m pip install --upgrade pip
2025-10-18T07:22:03.7663234Z [36;1mpython3 -m pip install --upgrade pip[0m
2025-10-18T07:22:03.7918099Z shell: /usr/bin/bash --noprofile --norc -e -o pipefail {0}
2025-10-18T07:22:03.7918477Z env:
2025-10-18T07:22:03.7918788Z   pythonLocation: /opt/hostedtoolcache/Python/3.13.8/x64
2025-10-18T07:22:03.7919210Z   PKG_CONFIG_PATH: /opt/hostedtoolcache/Python/3.13.8/x64/lib/pkgconfig
2025-10-18T07:22:03.7919607Z   Python_ROOT_DIR: /opt/hostedtoolcache/Python/3.13.8/x64
2025-10-18T07:22:03.7919977Z   Python2_ROOT_DIR: /opt/hostedtoolcache/Python/3.13.8/x64
2025-10-18T07:22:03.7920339Z   Python3_ROOT_DIR: /opt/hostedtoolcache/Python/3.13.8/x64
2025-10-18T07:22:03.7920695Z   LD_LIBRARY_PATH: /opt/hostedtoolcache/Python/3.13.8/x64/lib
2025-10-18T07:22:03.7920992Z ##[endgroup]
2025-10-18T07:22:14.2430713Z Requirement already satisfied: pip in /opt/hostedtoolcache/Python/3.13.8/x64/lib/python3.13/site-packages (25.2)
2025-10-18T07:22:14.5019082Z ##[group]Run pip install -U scratchattach
2025-10-18T07:22:14.5019401Z [36;1mpip install -U scratchattach[0m
2025-10-18T07:22:14.5048701Z shell: /usr/bin/bash --noprofile --norc -e -o pipefail {0}
2025-10-18T07:22:14.5049011Z env:
2025-10-18T07:22:14.5049266Z   pythonLocation: /opt/hostedtoolcache/Python/3.13.8/x64
2025-10-18T07:22:14.5049656Z   PKG_CONFIG_PATH: /opt/hostedtoolcache/Python/3.13.8/x64/lib/pkgconfig
2025-10-18T07:22:14.5050034Z   Python_ROOT_DIR: /opt/hostedtoolcache/Python/3.13.8/x64
2025-10-18T07:22:14.5050363Z   Python2_ROOT_DIR: /opt/hostedtoolcache/Python/3.13.8/x64
2025-10-18T07:22:14.5050714Z   Python3_ROOT_DIR: /opt/hostedtoolcache/Python/3.13.8/x64
2025-10-18T07:22:14.5051045Z   LD_LIBRARY_PATH: /opt/hostedtoolcache/Python/3.13.8/x64/lib
2025-10-18T07:22:14.5051337Z ##[endgroup]
2025-10-18T07:22:15.4815707Z Collecting scratchattach
2025-10-18T07:22:15.5189852Z   Downloading scratchattach-2.1.13-py3-none-any.whl.metadata (5.5 kB)
2025-10-18T07:22:15.5402951Z Collecting websocket-client (from scratchattach)
2025-10-18T07:22:15.5433486Z   Downloading websocket_client-1.9.0-py3-none-any.whl.metadata (8.3 kB)
2025-10-18T07:22:15.5721062Z Collecting requests (from scratchattach)
2025-10-18T07:22:15.5749072Z   Downloading requests-2.32.5-py3-none-any.whl.metadata (4.9 kB)
2025-10-18T07:22:15.5864724Z Collecting bs4 (from scratchattach)
2025-10-18T07:22:15.5894196Z   Downloading bs4-0.0.2-py2.py3-none-any.whl.metadata (411 bytes)
2025-10-18T07:22:15.5993891Z Collecting SimpleWebSocketServer (from scratchattach)
2025-10-18T07:22:15.6034182Z   Downloading SimpleWebSocketServer-0.1.2.tar.gz (10 kB)
2025-10-18T07:22:15.6114721Z   Installing build dependencies: started
2025-10-18T07:22:16.6126581Z   Installing build dependencies: finished with status 'done'
2025-10-18T07:22:16.6134639Z   Getting requirements to build wheel: started
2025-10-18T07:22:17.2311259Z   Getting requirements to build wheel: finished with status 'done'
2025-10-18T07:22:17.2320522Z   Preparing metadata (pyproject.toml): started
2025-10-18T07:22:17.4427704Z   Preparing metadata (pyproject.toml): finished with status 'done'
2025-10-18T07:22:17.4595177Z Collecting typing-extensions (from scratchattach)
2025-10-18T07:22:17.4626611Z   Downloading typing_extensions-4.15.0-py3-none-any.whl.metadata (3.3 kB)
2025-10-18T07:22:17.4814629Z Collecting beautifulsoup4 (from bs4->scratchattach)
2025-10-18T07:22:17.4842161Z   Downloading beautifulsoup4-4.14.2-py3-none-any.whl.metadata (3.8 kB)
2025-10-18T07:22:17.5029287Z Collecting soupsieve>1.2 (from beautifulsoup4->bs4->scratchattach)
2025-10-18T07:22:17.5059032Z   Downloading soupsieve-2.8-py3-none-any.whl.metadata (4.6 kB)
2025-10-18T07:22:17.5965531Z Collecting charset_normalizer<4,>=2 (from requests->scratchattach)
2025-10-18T07:22:17.5997466Z   Downloading charset_normalizer-3.4.4-cp313-cp313-manylinux2014_x86_64.manylinux_2_17_x86_64.manylinux_2_28_x86_64.whl.metadata (37 kB)
2025-10-18T07:22:17.6181158Z Collecting idna<4,>=2.5 (from requests->scratchattach)
2025-10-18T07:22:17.6211631Z   Downloading idna-3.11-py3-none-any.whl.metadata (8.4 kB)
2025-10-18T07:22:17.6503006Z Collecting urllib3<3,>=1.21.1 (from requests->scratchattach)
2025-10-18T07:22:17.6538035Z   Downloading urllib3-2.5.0-py3-none-any.whl.metadata (6.5 kB)
2025-10-18T07:22:17.6761382Z Collecting certifi>=2017.4.17 (from requests->scratchattach)
2025-10-18T07:22:17.6793390Z   Downloading certifi-2025.10.5-py3-none-any.whl.metadata (2.5 kB)
2025-10-18T07:22:17.6896841Z Downloading scratchattach-2.1.13-py3-none-any.whl (141 kB)
2025-10-18T07:22:17.7025683Z Downloading bs4-0.0.2-py2.py3-none-any.whl (1.2 kB)
2025-10-18T07:22:17.7074972Z Downloading beautifulsoup4-4.14.2-py3-none-any.whl (106 kB)
2025-10-18T07:22:17.7149627Z Downloading soupsieve-2.8-py3-none-any.whl (36 kB)
2025-10-18T07:22:17.7199526Z Downloading typing_extensions-4.15.0-py3-none-any.whl (44 kB)
2025-10-18T07:22:17.7254667Z Downloading requests-2.32.5-py3-none-any.whl (64 kB)
2025-10-18T07:22:17.7309127Z Downloading charset_normalizer-3.4.4-cp313-cp313-manylinux2014_x86_64.manylinux_2_17_x86_64.manylinux_2_28_x86_64.whl (153 kB)
2025-10-18T07:22:17.7387174Z Downloading idna-3.11-py3-none-any.whl (71 kB)
2025-10-18T07:22:17.7439576Z Downloading urllib3-2.5.0-py3-none-any.whl (129 kB)
2025-10-18T07:22:17.7506541Z Downloading certifi-2025.10.5-py3-none-any.whl (163 kB)
2025-10-18T07:22:17.7582443Z Downloading websocket_client-1.9.0-py3-none-any.whl (82 kB)
2025-10-18T07:22:17.7719118Z Building wheels for collected packages: SimpleWebSocketServer
2025-10-18T07:22:17.7727815Z   Building wheel for SimpleWebSocketServer (pyproject.toml): started
2025-10-18T07:22:17.9990002Z   Building wheel for SimpleWebSocketServer (pyproject.toml): finished with status 'done'
2025-10-18T07:22:17.9996323Z   Created wheel for SimpleWebSocketServer: filename=simplewebsocketserver-0.1.2-py3-none-any.whl size=9715 sha256=fdbbf5216140dd11698fd8b2bd90095db2c2e1698b9b68d2c6c64004dfce1d38
2025-10-18T07:22:17.9998090Z   Stored in directory: /home/runner/.cache/pip/wheels/c4/5b/e8/4f2c15a82edc4923058056f6681373168be02a0c00389a6dcf
2025-10-18T07:22:18.0017330Z Successfully built SimpleWebSocketServer
2025-10-18T07:22:18.0201900Z Installing collected packages: SimpleWebSocketServer, websocket-client, urllib3, typing-extensions, soupsieve, idna, charset_normalizer, certifi, requests, beautifulsoup4, bs4, scratchattach
2025-10-18T07:22:18.6684944Z 
2025-10-18T07:22:18.6707270Z Successfully installed SimpleWebSocketServer-0.1.2 beautifulsoup4-4.14.2 bs4-0.0.2 certifi-2025.10.5 charset_normalizer-3.4.4 idna-3.11 requests-2.32.5 scratchattach-2.1.13 soupsieve-2.8 typing-extensions-4.15.0 urllib3-2.5.0 websocket-client-1.9.0
2025-10-18T07:22:18.7566406Z ##[group]Run actions/checkout@v5.0.0
2025-10-18T07:22:18.7566692Z with:
2025-10-18T07:22:18.7566868Z   ref: main
2025-10-18T07:22:18.7567074Z   repository: Boss-1s/scratchattach
2025-10-18T07:22:18.7567458Z   token: ***
2025-10-18T07:22:18.7567649Z   ssh-strict: true
2025-10-18T07:22:18.7567853Z   ssh-user: git
2025-10-18T07:22:18.7568066Z   persist-credentials: true
2025-10-18T07:22:18.7568288Z   clean: true
2025-10-18T07:22:18.7568496Z   sparse-checkout-cone-mode: true
2025-10-18T07:22:18.7568738Z   fetch-depth: 1
2025-10-18T07:22:18.7568937Z   fetch-tags: false
2025-10-18T07:22:18.7569145Z   show-progress: true
2025-10-18T07:22:18.7569347Z   lfs: false
2025-10-18T07:22:18.7569535Z   submodules: false
2025-10-18T07:22:18.7569744Z   set-safe-directory: true
2025-10-18T07:22:18.7569956Z env:
2025-10-18T07:22:18.7570202Z   pythonLocation: /opt/hostedtoolcache/Python/3.13.8/x64
2025-10-18T07:22:18.7570622Z   PKG_CONFIG_PATH: /opt/hostedtoolcache/Python/3.13.8/x64/lib/pkgconfig
2025-10-18T07:22:18.7571046Z   Python_ROOT_DIR: /opt/hostedtoolcache/Python/3.13.8/x64
2025-10-18T07:22:18.7571401Z   Python2_ROOT_DIR: /opt/hostedtoolcache/Python/3.13.8/x64
2025-10-18T07:22:18.7571752Z   Python3_ROOT_DIR: /opt/hostedtoolcache/Python/3.13.8/x64
2025-10-18T07:22:18.7572107Z   LD_LIBRARY_PATH: /opt/hostedtoolcache/Python/3.13.8/x64/lib
2025-10-18T07:22:18.7572402Z ##[endgroup]
2025-10-18T07:22:18.8332776Z Syncing repository: Boss-1s/scratchattach
2025-10-18T07:22:18.8333642Z ##[group]Getting Git version info
2025-10-18T07:22:18.8334502Z Working directory is '/home/runner/work/scratchattach/scratchattach'
2025-10-18T07:22:18.8369549Z [command]/usr/bin/git version
2025-10-18T07:22:18.8405294Z git version 2.51.0
2025-10-18T07:22:18.8425428Z ##[endgroup]
2025-10-18T07:22:18.8439878Z Temporarily overriding HOME='/home/runner/work/_temp/bdbfc4f7-670b-4856-b629-078d017b58da' before making global git config changes
2025-10-18T07:22:18.8441214Z Adding repository directory to the temporary git global config as a safe directory
2025-10-18T07:22:18.8445915Z [command]/usr/bin/git config --global --add safe.directory /home/runner/work/scratchattach/scratchattach
2025-10-18T07:22:18.8483580Z [command]/usr/bin/git config --local --get remote.origin.url
2025-10-18T07:22:18.8532860Z https://github.com/Boss-1s/scratchattach
2025-10-18T07:22:18.8545097Z ##[group]Removing previously created refs, to avoid conflicts
2025-10-18T07:22:18.8549678Z [command]/usr/bin/git rev-parse --symbolic-full-name --verify --quiet HEAD
2025-10-18T07:22:18.8571408Z refs/heads/main
2025-10-18T07:22:18.8582220Z [command]/usr/bin/git checkout --detach
2025-10-18T07:22:19.0808948Z HEAD is now at 4b050d8 [BOT] Download Logs
2025-10-18T07:22:19.0859811Z [command]/usr/bin/git branch --delete --force main
2025-10-18T07:22:19.0890168Z Deleted branch main (was 4b050d8).
2025-10-18T07:22:19.0926715Z ##[endgroup]
2025-10-18T07:22:19.0930808Z [command]/usr/bin/git submodule status
2025-10-18T07:22:19.1157100Z ##[group]Cleaning the repository
2025-10-18T07:22:19.1162051Z [command]/usr/bin/git clean -ffdx
2025-10-18T07:22:19.1201754Z [command]/usr/bin/git reset --hard HEAD
2025-10-18T07:22:19.1262555Z HEAD is now at 4b050d8 [BOT] Download Logs
2025-10-18T07:22:19.1268482Z ##[endgroup]
2025-10-18T07:22:19.1270057Z ##[group]Disabling automatic garbage collection
2025-10-18T07:22:19.1274747Z [command]/usr/bin/git config --local gc.auto 0
2025-10-18T07:22:19.1300223Z ##[endgroup]
2025-10-18T07:22:19.1300737Z ##[group]Setting up auth
2025-10-18T07:22:19.1307600Z [command]/usr/bin/git config --local --name-only --get-regexp core\.sshCommand
2025-10-18T07:22:19.1338433Z [command]/usr/bin/git submodule foreach --recursive sh -c "git config --local --name-only --get-regexp 'core\.sshCommand' && git config --local --unset-all 'core.sshCommand' || :"
2025-10-18T07:22:19.1559394Z [command]/usr/bin/git config --local --name-only --get-regexp http\.https\:\/\/github\.com\/\.extraheader
2025-10-18T07:22:19.1581203Z http.https://github.com/.extraheader
2025-10-18T07:22:19.1592029Z [command]/usr/bin/git config --local --unset-all http.https://github.com/.extraheader
2025-10-18T07:22:19.1622636Z [command]/usr/bin/git submodule foreach --recursive sh -c "git config --local --name-only --get-regexp 'http\.https\:\/\/github\.com\/\.extraheader' && git config --local --unset-all 'http.https://github.com/.extraheader' || :"
2025-10-18T07:22:19.1847688Z [command]/usr/bin/git config --local http.https://github.com/.extraheader AUTHORIZATION: basic ***
2025-10-18T07:22:19.1882332Z ##[endgroup]
2025-10-18T07:22:19.1882948Z ##[group]Fetching the repository
2025-10-18T07:22:19.1891589Z [command]/usr/bin/git -c protocol.version=2 fetch --no-tags --prune --no-recurse-submodules --depth=1 origin +refs/heads/main*:refs/remotes/origin/main* +refs/tags/main*:refs/tags/main*
2025-10-18T07:22:19.6588344Z ##[endgroup]
2025-10-18T07:22:19.6588960Z ##[group]Determining the checkout info
2025-10-18T07:22:19.6596216Z [command]/usr/bin/git branch --list --remote origin/main
2025-10-18T07:22:19.6620615Z   origin/main
2025-10-18T07:22:19.6625240Z ##[endgroup]
2025-10-18T07:22:19.6629403Z [command]/usr/bin/git sparse-checkout disable
2025-10-18T07:22:19.6672978Z [command]/usr/bin/git config --local --unset-all extensions.worktreeConfig
2025-10-18T07:22:19.6697902Z ##[group]Checking out the ref
2025-10-18T07:22:19.6702272Z [command]/usr/bin/git checkout --progress --force -B main refs/remotes/origin/main
2025-10-18T07:22:19.6759049Z Switched to a new branch 'main'
2025-10-18T07:22:19.6761682Z branch 'main' set up to track 'origin/main'.
2025-10-18T07:22:19.6768007Z ##[endgroup]
2025-10-18T07:22:19.6802700Z [command]/usr/bin/git log -1 --format=%H
2025-10-18T07:22:19.6826984Z 4b050d89b08ebabfb7cf196706eea55473299971
2025-10-18T07:22:19.6931376Z ##[group]Run timeout 359m python3 message_viewer.py || { [[ $? -eq 124 ]] && exit 0; }
2025-10-18T07:22:19.6931928Z [36;1mtimeout 359m python3 message_viewer.py || { [[ $? -eq 124 ]] && exit 0; }[0m
2025-10-18T07:22:19.6961584Z shell: /usr/bin/bash -e {0}
2025-10-18T07:22:19.6961812Z env:
2025-10-18T07:22:19.6962052Z   pythonLocation: /opt/hostedtoolcache/Python/3.13.8/x64
2025-10-18T07:22:19.6962456Z   PKG_CONFIG_PATH: /opt/hostedtoolcache/Python/3.13.8/x64/lib/pkgconfig
2025-10-18T07:22:19.6962849Z   Python_ROOT_DIR: /opt/hostedtoolcache/Python/3.13.8/x64
2025-10-18T07:22:19.6963203Z   Python2_ROOT_DIR: /opt/hostedtoolcache/Python/3.13.8/x64
2025-10-18T07:22:19.6963537Z   Python3_ROOT_DIR: /opt/hostedtoolcache/Python/3.13.8/x64
2025-10-18T07:22:19.6963877Z   LD_LIBRARY_PATH: /opt/hostedtoolcache/Python/3.13.8/x64/lib
2025-10-18T07:22:19.6964625Z   PASS: ***
2025-10-18T07:22:19.6964814Z ##[endgroup]
2025-10-18T07:22:20.8495630Z Traceback (most recent call last):
2025-10-18T07:22:20.8639006Z   File "/home/runner/work/scratchattach/scratchattach/message_viewer.py", line 20, in <module>
2025-10-18T07:22:20.8639692Z     client = cloud.requests()
2025-10-18T07:22:20.8640451Z   File "/opt/hostedtoolcache/Python/3.13.8/x64/lib/python3.13/site-packages/scratchattach/cloud/_base.py", line 101, in requests
2025-10-18T07:22:20.8641353Z     return CloudRequests(self, used_cloud_vars=used_cloud_vars, no_packet_loss=no_packet_loss,
2025-10-18T07:22:20.8641915Z                          respond_order=respond_order, debug=debug)
2025-10-18T07:22:20.8642776Z   File "/opt/hostedtoolcache/Python/3.13.8/x64/lib/python3.13/site-packages/scratchattach/eventhandlers/cloud_requests.py", line 67, in __init__
2025-10-18T07:22:20.8643446Z     super().__init__(cloud)
2025-10-18T07:22:20.8643675Z     ~~~~~~~~~~~~~~~~^^^^^^^
2025-10-18T07:22:20.8644654Z   File "/opt/hostedtoolcache/Python/3.13.8/x64/lib/python3.13/site-packages/scratchattach/eventhandlers/cloud_events.py", line 19, in __init__
2025-10-18T07:22:20.8645317Z     self.source_stream = cloud.create_event_stream()
2025-10-18T07:22:20.8645622Z                          ~~~~~~~~~~~~~~~~~~~~~~~~~^^
2025-10-18T07:22:20.8646240Z   File "/opt/hostedtoolcache/Python/3.13.8/x64/lib/python3.13/site-packages/scratchattach/cloud/_base.py", line 442, in create_event_stream
2025-10-18T07:22:20.8647112Z     self.event_stream = WebSocketEventStream(self)
2025-10-18T07:22:20.8647407Z                         ~~~~~~~~~~~~~~~~~~~~^^^^^^
2025-10-18T07:22:20.8647977Z   File "/opt/hostedtoolcache/Python/3.13.8/x64/lib/python3.13/site-packages/scratchattach/cloud/_base.py", line 125, in __init__
2025-10-18T07:22:20.8648528Z     self.source_cloud.connect()
2025-10-18T07:22:20.8648764Z     ~~~~~~~~~~~~~~~~~~~~~~~~~^^
2025-10-18T07:22:20.8649320Z   File "/opt/hostedtoolcache/Python/3.13.8/x64/lib/python3.13/site-packages/scratchattach/cloud/cloud.py", line 29, in connect
2025-10-18T07:22:20.8649847Z     super().connect()
2025-10-18T07:22:20.8650047Z     ~~~~~~~~~~~~~~~^^
2025-10-18T07:22:20.8650550Z   File "/opt/hostedtoolcache/Python/3.13.8/x64/lib/python3.13/site-packages/scratchattach/cloud/_base.py", line 305, in connect
2025-10-18T07:22:20.8651084Z     self.websocket.connect(
2025-10-18T07:22:20.8651314Z     ~~~~~~~~~~~~~~~~~~~~~~^
2025-10-18T07:22:20.8651542Z         self.cloud_host,
2025-10-18T07:22:20.8651754Z         ^^^^^^^^^^^^^^^^
2025-10-18T07:22:20.8651947Z     ...<4 lines>...
2025-10-18T07:22:20.8652154Z         header=self.header
2025-10-18T07:22:20.8652362Z         ^^^^^^^^^^^^^^^^^^
2025-10-18T07:22:20.8652560Z     )
2025-10-18T07:22:20.8652729Z     ^
2025-10-18T07:22:20.8653199Z   File "/opt/hostedtoolcache/Python/3.13.8/x64/lib/python3.13/site-packages/websocket/_core.py", line 268, in connect
2025-10-18T07:22:20.8653818Z     self.handshake_response = handshake(self.sock, url, *addrs, **options)
2025-10-18T07:22:20.8654346Z                               ~~~~~~~~~^^^^^^^^^^^^^^^^^^^^^^^^^^^^^^^^^^^
2025-10-18T07:22:20.8655140Z   File "/opt/hostedtoolcache/Python/3.13.8/x64/lib/python3.13/site-packages/websocket/_handshake.py", line 66, in handshake
2025-10-18T07:22:20.8655683Z     status, resp = _get_resp_headers(sock)
2025-10-18T07:22:20.8655954Z                    ~~~~~~~~~~~~~~~~~^^^^^^
2025-10-18T07:22:20.8656548Z   File "/opt/hostedtoolcache/Python/3.13.8/x64/lib/python3.13/site-packages/websocket/_handshake.py", line 158, in _get_resp_headers
2025-10-18T07:22:20.8657136Z     raise WebSocketBadStatusException(
2025-10-18T07:22:20.8657401Z     ...<5 lines>...
2025-10-18T07:22:20.8657590Z     )
2025-10-18T07:22:20.8658790Z websocket._exceptions.WebSocketBadStatusException: Handshake status 502 Bad Gateway -+-+- {'date': 'Sat, 18 Oct 2025 07:22:20 GMT', 'content-type': 'text/html', 'content-length': '157', 'connection': 'keep-alive', 'server': 'nginx/1.22.1'} -+-+- b'<html>\r\n<head><title>502 Bad Gateway</title></head>\r\n<body>\r\n<center><h1>502 Bad Gateway</h1></center>\r\n<hr><center>nginx/1.22.1</center>\r\n</body>\r\n</html>\r\n'
2025-10-18T07:22:20.8900178Z ##[error]Process completed with exit code 1.
2025-10-18T07:22:20.8968755Z Post job cleanup.
2025-10-18T07:22:20.9741997Z [command]/usr/bin/git version
2025-10-18T07:22:20.9778708Z git version 2.51.0
2025-10-18T07:22:20.9818865Z Temporarily overriding HOME='/home/runner/work/_temp/ba239d4c-4896-4d9e-ab54-7a5cdbb384f8' before making global git config changes
2025-10-18T07:22:20.9820112Z Adding repository directory to the temporary git global config as a safe directory
2025-10-18T07:22:20.9825524Z [command]/usr/bin/git config --global --add safe.directory /home/runner/work/scratchattach/scratchattach
2025-10-18T07:22:20.9863450Z [command]/usr/bin/git config --local --name-only --get-regexp core\.sshCommand
2025-10-18T07:22:20.9921256Z [command]/usr/bin/git submodule foreach --recursive sh -c "git config --local --name-only --get-regexp 'core\.sshCommand' && git config --local --unset-all 'core.sshCommand' || :"
2025-10-18T07:22:21.0148568Z [command]/usr/bin/git config --local --name-only --get-regexp http\.https\:\/\/github\.com\/\.extraheader
2025-10-18T07:22:21.0171564Z http.https://github.com/.extraheader
2025-10-18T07:22:21.0182001Z [command]/usr/bin/git config --local --unset-all http.https://github.com/.extraheader
2025-10-18T07:22:21.0214697Z [command]/usr/bin/git submodule foreach --recursive sh -c "git config --local --name-only --get-regexp 'http\.https\:\/\/github\.com\/\.extraheader' && git config --local --unset-all 'http.https://github.com/.extraheader' || :"
2025-10-18T07:22:21.0558174Z Post job cleanup.
2025-10-18T07:22:21.1327101Z [command]/usr/bin/git version
2025-10-18T07:22:21.1363831Z git version 2.51.0
2025-10-18T07:22:21.1401356Z Temporarily overriding HOME='/home/runner/work/_temp/c89bdfb7-b25d-48cc-836f-ce8ea558304a' before making global git config changes
2025-10-18T07:22:21.1402663Z Adding repository directory to the temporary git global config as a safe directory
2025-10-18T07:22:21.1407443Z [command]/usr/bin/git config --global --add safe.directory /home/runner/work/scratchattach/scratchattach
2025-10-18T07:22:21.1444460Z [command]/usr/bin/git config --local --name-only --get-regexp core\.sshCommand
2025-10-18T07:22:21.1476480Z [command]/usr/bin/git submodule foreach --recursive sh -c "git config --local --name-only --get-regexp 'core\.sshCommand' && git config --local --unset-all 'core.sshCommand' || :"
2025-10-18T07:22:21.1709059Z [command]/usr/bin/git config --local --name-only --get-regexp http\.https\:\/\/github\.com\/\.extraheader
2025-10-18T07:22:21.1770103Z [command]/usr/bin/git submodule foreach --recursive sh -c "git config --local --name-only --get-regexp 'http\.https\:\/\/github\.com\/\.extraheader' && git config --local --unset-all 'http.https://github.com/.extraheader' || :"
2025-10-18T07:22:21.2126989Z Cleaning up orphan processes
