2025-08-29T18:16:29.2504537Z Current runner version: '2.328.0'
2025-08-29T18:16:29.2529064Z ##[group]Runner Image Provisioner
2025-08-29T18:16:29.2529877Z Hosted Compute Agent
2025-08-29T18:16:29.2530536Z Version: 20250829.383
2025-08-29T18:16:29.2531341Z Commit: 27cb235aab5b0e52e153a26cd86b4742e89dac5d
2025-08-29T18:16:29.2532038Z Build Date: 2025-08-29T13:48:48Z
2025-08-29T18:16:29.2532681Z ##[endgroup]
2025-08-29T18:16:29.2533245Z ##[group]Operating System
2025-08-29T18:16:29.2533806Z Ubuntu
2025-08-29T18:16:29.2534217Z 24.04.3
2025-08-29T18:16:29.2534743Z LTS
2025-08-29T18:16:29.2535203Z ##[endgroup]
2025-08-29T18:16:29.2535651Z ##[group]Runner Image
2025-08-29T18:16:29.2536319Z Image: ubuntu-24.04
2025-08-29T18:16:29.2536858Z Version: 20250824.1.0
2025-08-29T18:16:29.2537801Z Included Software: https://github.com/actions/runner-images/blob/ubuntu24/20250824.1/images/ubuntu/Ubuntu2404-Readme.md
2025-08-29T18:16:29.2539422Z Image Release: https://github.com/actions/runner-images/releases/tag/ubuntu24%2F20250824.1
2025-08-29T18:16:29.2540507Z ##[endgroup]
2025-08-29T18:16:29.2541846Z ##[group]GITHUB_TOKEN Permissions
2025-08-29T18:16:29.2544000Z Contents: write
2025-08-29T18:16:29.2544635Z Metadata: read
2025-08-29T18:16:29.2545149Z ##[endgroup]
2025-08-29T18:16:29.2547224Z Secret source: Actions
2025-08-29T18:16:29.2547948Z Prepare workflow directory
2025-08-29T18:16:29.2864891Z Prepare all required actions
2025-08-29T18:16:29.2902453Z Getting action download info
2025-08-29T18:16:29.5957605Z Download action repository 'actions/checkout@v5' (SHA:08c6903cd8c0fde910a37f88322edcfb5dd907a8)
2025-08-29T18:16:29.6964155Z Download action repository 'actions/setup-python@v5.6.0' (SHA:a26af69be951a213d495a4c3e4e4022e16d87065)
2025-08-29T18:16:29.7778643Z Download action repository 'bossOfCode/install-scratchattach@v1.0.3' (SHA:be17a7cf1ecb5a7040eb42ef26c2e1fbe72bb25a)
2025-08-29T18:16:30.1307476Z Complete job name: Run Prioritzing Handler
2025-08-29T18:16:30.1967973Z ##[group]Run actions/checkout@v5
2025-08-29T18:16:30.1968789Z with:
2025-08-29T18:16:30.1969180Z   ref: main
2025-08-29T18:16:30.1969576Z   repository: Boss-1s/scratchattach
2025-08-29T18:16:30.1970209Z   token: ***
2025-08-29T18:16:30.1970595Z   ssh-strict: true
2025-08-29T18:16:30.1971208Z   ssh-user: git
2025-08-29T18:16:30.1971616Z   persist-credentials: true
2025-08-29T18:16:30.1972054Z   clean: true
2025-08-29T18:16:30.1972446Z   sparse-checkout-cone-mode: true
2025-08-29T18:16:30.1972928Z   fetch-depth: 1
2025-08-29T18:16:30.1973314Z   fetch-tags: false
2025-08-29T18:16:30.1973705Z   show-progress: true
2025-08-29T18:16:30.1974098Z   lfs: false
2025-08-29T18:16:30.1974468Z   submodules: false
2025-08-29T18:16:30.1974866Z   set-safe-directory: true
2025-08-29T18:16:30.1975545Z ##[endgroup]
2025-08-29T18:16:30.2950780Z Syncing repository: Boss-1s/scratchattach
2025-08-29T18:16:30.2953511Z ##[group]Getting Git version info
2025-08-29T18:16:30.2954834Z Working directory is '/home/runner/work/scratchattach/scratchattach'
2025-08-29T18:16:30.2956671Z [command]/usr/bin/git version
2025-08-29T18:16:30.3050364Z git version 2.51.0
2025-08-29T18:16:30.3071541Z ##[endgroup]
2025-08-29T18:16:30.3086886Z Temporarily overriding HOME='/home/runner/work/_temp/6e207665-53dd-4912-9323-8fee26b4a69a' before making global git config changes
2025-08-29T18:16:30.3089207Z Adding repository directory to the temporary git global config as a safe directory
2025-08-29T18:16:30.3092826Z [command]/usr/bin/git config --global --add safe.directory /home/runner/work/scratchattach/scratchattach
2025-08-29T18:16:30.3129914Z Deleting the contents of '/home/runner/work/scratchattach/scratchattach'
2025-08-29T18:16:30.3134067Z ##[group]Initializing the repository
2025-08-29T18:16:30.3138533Z [command]/usr/bin/git init /home/runner/work/scratchattach/scratchattach
2025-08-29T18:16:30.3264609Z hint: Using 'master' as the name for the initial branch. This default branch name
2025-08-29T18:16:30.3266179Z hint: is subject to change. To configure the initial branch name to use in all
2025-08-29T18:16:30.3267628Z hint: of your new repositories, which will suppress this warning, call:
2025-08-29T18:16:30.3269073Z hint:
2025-08-29T18:16:30.3269803Z hint: 	git config --global init.defaultBranch <name>
2025-08-29T18:16:30.3270716Z hint:
2025-08-29T18:16:30.3271796Z hint: Names commonly chosen instead of 'master' are 'main', 'trunk' and
2025-08-29T18:16:30.3273245Z hint: 'development'. The just-created branch can be renamed via this command:
2025-08-29T18:16:30.3274390Z hint:
2025-08-29T18:16:30.3274991Z hint: 	git branch -m <name>
2025-08-29T18:16:30.3275680Z hint:
2025-08-29T18:16:30.3276642Z hint: Disable this message with "git config set advice.defaultBranchName false"
2025-08-29T18:16:30.3278356Z Initialized empty Git repository in /home/runner/work/scratchattach/scratchattach/.git/
2025-08-29T18:16:30.3283808Z [command]/usr/bin/git remote add origin https://github.com/Boss-1s/scratchattach
2025-08-29T18:16:30.3325182Z ##[endgroup]
2025-08-29T18:16:30.3325900Z ##[group]Disabling automatic garbage collection
2025-08-29T18:16:30.3328511Z [command]/usr/bin/git config --local gc.auto 0
2025-08-29T18:16:30.3355874Z ##[endgroup]
2025-08-29T18:16:30.3357068Z ##[group]Setting up auth
2025-08-29T18:16:30.3363056Z [command]/usr/bin/git config --local --name-only --get-regexp core\.sshCommand
2025-08-29T18:16:30.3393783Z [command]/usr/bin/git submodule foreach --recursive sh -c "git config --local --name-only --get-regexp 'core\.sshCommand' && git config --local --unset-all 'core.sshCommand' || :"
2025-08-29T18:16:30.3756608Z [command]/usr/bin/git config --local --name-only --get-regexp http\.https\:\/\/github\.com\/\.extraheader
2025-08-29T18:16:30.3787035Z [command]/usr/bin/git submodule foreach --recursive sh -c "git config --local --name-only --get-regexp 'http\.https\:\/\/github\.com\/\.extraheader' && git config --local --unset-all 'http.https://github.com/.extraheader' || :"
2025-08-29T18:16:30.4012610Z [command]/usr/bin/git config --local http.https://github.com/.extraheader AUTHORIZATION: basic ***
2025-08-29T18:16:30.4047286Z ##[endgroup]
2025-08-29T18:16:30.4048567Z ##[group]Fetching the repository
2025-08-29T18:16:30.4057528Z [command]/usr/bin/git -c protocol.version=2 fetch --no-tags --prune --no-recurse-submodules --depth=1 origin +refs/heads/main*:refs/remotes/origin/main* +refs/tags/main*:refs/tags/main*
2025-08-29T18:16:30.6528814Z From https://github.com/Boss-1s/scratchattach
2025-08-29T18:16:30.6529943Z  * [new branch]      main       -> origin/main
2025-08-29T18:16:30.6615551Z ##[endgroup]
2025-08-29T18:16:30.6616935Z ##[group]Determining the checkout info
2025-08-29T18:16:30.6618094Z [command]/usr/bin/git branch --list --remote origin/main
2025-08-29T18:16:30.6619171Z   origin/main
2025-08-29T18:16:30.6621883Z ##[endgroup]
2025-08-29T18:16:30.6622812Z [command]/usr/bin/git sparse-checkout disable
2025-08-29T18:16:30.6646072Z [command]/usr/bin/git config --local --unset-all extensions.worktreeConfig
2025-08-29T18:16:30.6675614Z ##[group]Checking out the ref
2025-08-29T18:16:30.6679007Z [command]/usr/bin/git checkout --progress --force -B main refs/remotes/origin/main
2025-08-29T18:16:30.6741136Z Switched to a new branch 'main'
2025-08-29T18:16:30.6744137Z branch 'main' set up to track 'origin/main'.
2025-08-29T18:16:30.6750854Z ##[endgroup]
2025-08-29T18:16:30.6789629Z [command]/usr/bin/git log -1 --format=%H
2025-08-29T18:16:30.6815870Z eb5e61f37fed4bc572f0a487dc9536a3a0745d06
2025-08-29T18:16:30.7119992Z ##[group]Run actions/setup-python@v5.6.0
2025-08-29T18:16:30.7121323Z with:
2025-08-29T18:16:30.7122052Z   python-version: 3.12.5
2025-08-29T18:16:30.7122949Z   check-latest: false
2025-08-29T18:16:30.7124046Z   token: ***
2025-08-29T18:16:30.7124829Z   update-environment: true
2025-08-29T18:16:30.7125771Z   allow-prereleases: false
2025-08-29T18:16:30.7126692Z   freethreaded: false
2025-08-29T18:16:30.7127503Z ##[endgroup]
2025-08-29T18:16:30.8749257Z ##[group]Installed versions
2025-08-29T18:16:30.8776365Z Version 3.12.5 was not found in the local cache
2025-08-29T18:16:31.2204257Z Version 3.12.5 is available for downloading
2025-08-29T18:16:31.2207115Z Download from "https://github.com/actions/python-versions/releases/download/3.12.5-10375840348/python-3.12.5-linux-24.04-x64.tar.gz"
2025-08-29T18:16:31.9256368Z Extract downloaded archive
2025-08-29T18:16:31.9356784Z [command]/usr/bin/tar xz --warning=no-unknown-keyword --overwrite -C /home/runner/work/_temp/d71f656f-ec65-4de7-a8c5-b23a7cd4d760 -f /home/runner/work/_temp/854552ff-e0a0-4cda-9977-c9acc8293dcb
2025-08-29T18:16:33.9301825Z Execute installation script
2025-08-29T18:16:33.9400121Z Check if Python hostedtoolcache folder exist...
2025-08-29T18:16:33.9401174Z Create Python 3.12.5 folder
2025-08-29T18:16:33.9423265Z Copy Python binaries to hostedtoolcache folder
2025-08-29T18:16:34.5889310Z Create additional symlinks (Required for the UsePythonVersion Azure Pipelines task and the setup-python GitHub Action)
2025-08-29T18:16:34.5929714Z Upgrading pip...
2025-08-29T18:16:36.6626192Z Looking in links: /tmp/tmpw6bkzbpy
2025-08-29T18:16:36.6631637Z Requirement already satisfied: pip in /opt/hostedtoolcache/Python/3.12.5/x64/lib/python3.12/site-packages (24.2)
2025-08-29T18:16:37.7356319Z Collecting pip
2025-08-29T18:16:37.7837874Z Downloading pip-25.2-py3-none-any.whl.metadata (4.7 kB)
2025-08-29T18:16:37.7966164Z Downloading pip-25.2-py3-none-any.whl (1.8 MB)
2025-08-29T18:16:37.8739651Z ━━━━━━━━━━━━━━━━━━━━━━━━━━━━━━━━━━━━━━━━ 1.8/1.8 MB 27.5 MB/s eta 0:00:00
2025-08-29T18:16:37.8740366Z 
2025-08-29T18:16:37.8940046Z Installing collected packages: pip
2025-08-29T18:16:37.8940753Z Attempting uninstall: pip
2025-08-29T18:16:37.8963305Z Found existing installation: pip 24.2
2025-08-29T18:16:37.9317599Z Uninstalling pip-24.2:
2025-08-29T18:16:37.9372967Z Successfully uninstalled pip-24.2
2025-08-29T18:16:38.7893098Z Successfully installed pip-25.2
2025-08-29T18:16:38.8385048Z Create complete file
2025-08-29T18:16:38.8420883Z Successfully set up CPython (3.12.5)
2025-08-29T18:16:38.8421975Z ##[endgroup]
2025-08-29T18:16:38.8579890Z ##[group]Run bossOfCode/install-scratchattach@v1.0.3
2025-08-29T18:16:38.8580251Z env:
2025-08-29T18:16:38.8580499Z   pythonLocation: /opt/hostedtoolcache/Python/3.12.5/x64
2025-08-29T18:16:38.8581208Z   PKG_CONFIG_PATH: /opt/hostedtoolcache/Python/3.12.5/x64/lib/pkgconfig
2025-08-29T18:16:38.8581619Z   Python_ROOT_DIR: /opt/hostedtoolcache/Python/3.12.5/x64
2025-08-29T18:16:38.8581965Z   Python2_ROOT_DIR: /opt/hostedtoolcache/Python/3.12.5/x64
2025-08-29T18:16:38.8582314Z   Python3_ROOT_DIR: /opt/hostedtoolcache/Python/3.12.5/x64
2025-08-29T18:16:38.8582653Z   LD_LIBRARY_PATH: /opt/hostedtoolcache/Python/3.12.5/x64/lib
2025-08-29T18:16:38.8582966Z ##[endgroup]
2025-08-29T18:16:38.8661460Z ##[group]Run python3 -m pip install --upgrade pip
2025-08-29T18:16:38.8661885Z [36;1mpython3 -m pip install --upgrade pip[0m
2025-08-29T18:16:38.8718197Z shell: /usr/bin/bash --noprofile --norc -e -o pipefail {0}
2025-08-29T18:16:38.8718555Z env:
2025-08-29T18:16:38.8718847Z   pythonLocation: /opt/hostedtoolcache/Python/3.12.5/x64
2025-08-29T18:16:38.8719253Z   PKG_CONFIG_PATH: /opt/hostedtoolcache/Python/3.12.5/x64/lib/pkgconfig
2025-08-29T18:16:38.8719646Z   Python_ROOT_DIR: /opt/hostedtoolcache/Python/3.12.5/x64
2025-08-29T18:16:38.8720002Z   Python2_ROOT_DIR: /opt/hostedtoolcache/Python/3.12.5/x64
2025-08-29T18:16:38.8720395Z   Python3_ROOT_DIR: /opt/hostedtoolcache/Python/3.12.5/x64
2025-08-29T18:16:38.8720738Z   LD_LIBRARY_PATH: /opt/hostedtoolcache/Python/3.12.5/x64/lib
2025-08-29T18:16:38.8721330Z ##[endgroup]
2025-08-29T18:16:39.2732853Z Requirement already satisfied: pip in /opt/hostedtoolcache/Python/3.12.5/x64/lib/python3.12/site-packages (25.2)
2025-08-29T18:16:39.4688718Z ##[group]Run pip install -U scratchattach
2025-08-29T18:16:39.4689044Z [36;1mpip install -U scratchattach[0m
2025-08-29T18:16:39.4720234Z shell: /usr/bin/bash --noprofile --norc -e -o pipefail {0}
2025-08-29T18:16:39.4720564Z env:
2025-08-29T18:16:39.4720828Z   pythonLocation: /opt/hostedtoolcache/Python/3.12.5/x64
2025-08-29T18:16:39.4721420Z   PKG_CONFIG_PATH: /opt/hostedtoolcache/Python/3.12.5/x64/lib/pkgconfig
2025-08-29T18:16:39.4721989Z   Python_ROOT_DIR: /opt/hostedtoolcache/Python/3.12.5/x64
2025-08-29T18:16:39.4722333Z   Python2_ROOT_DIR: /opt/hostedtoolcache/Python/3.12.5/x64
2025-08-29T18:16:39.4722677Z   Python3_ROOT_DIR: /opt/hostedtoolcache/Python/3.12.5/x64
2025-08-29T18:16:39.4723019Z   LD_LIBRARY_PATH: /opt/hostedtoolcache/Python/3.12.5/x64/lib
2025-08-29T18:16:39.4723338Z ##[endgroup]
2025-08-29T18:16:39.9379357Z Collecting scratchattach
2025-08-29T18:16:39.9831545Z   Downloading scratchattach-2.1.13-py3-none-any.whl.metadata (5.5 kB)
2025-08-29T18:16:40.0099928Z Collecting websocket-client (from scratchattach)
2025-08-29T18:16:40.0172563Z   Downloading websocket_client-1.8.0-py3-none-any.whl.metadata (8.0 kB)
2025-08-29T18:16:40.0525141Z Collecting requests (from scratchattach)
2025-08-29T18:16:40.0595086Z   Downloading requests-2.32.5-py3-none-any.whl.metadata (4.9 kB)
2025-08-29T18:16:40.0756169Z Collecting bs4 (from scratchattach)
2025-08-29T18:16:40.0827559Z   Downloading bs4-0.0.2-py2.py3-none-any.whl.metadata (411 bytes)
2025-08-29T18:16:40.0977757Z Collecting SimpleWebSocketServer (from scratchattach)
2025-08-29T18:16:40.1054056Z   Downloading SimpleWebSocketServer-0.1.2.tar.gz (10 kB)
2025-08-29T18:16:40.1145570Z   Installing build dependencies: started
2025-08-29T18:16:40.9600347Z   Installing build dependencies: finished with status 'done'
2025-08-29T18:16:40.9606773Z   Getting requirements to build wheel: started
2025-08-29T18:16:41.3110886Z   Getting requirements to build wheel: finished with status 'done'
2025-08-29T18:16:41.3120512Z   Preparing metadata (pyproject.toml): started
2025-08-29T18:16:41.4933152Z   Preparing metadata (pyproject.toml): finished with status 'done'
2025-08-29T18:16:41.5146181Z Collecting typing-extensions (from scratchattach)
2025-08-29T18:16:41.5221861Z   Downloading typing_extensions-4.15.0-py3-none-any.whl.metadata (3.3 kB)
2025-08-29T18:16:41.5436501Z Collecting beautifulsoup4 (from bs4->scratchattach)
2025-08-29T18:16:41.5511745Z   Downloading beautifulsoup4-4.13.5-py3-none-any.whl.metadata (3.8 kB)
2025-08-29T18:16:41.5759589Z Collecting soupsieve>1.2 (from beautifulsoup4->bs4->scratchattach)
2025-08-29T18:16:41.5832667Z   Downloading soupsieve-2.8-py3-none-any.whl.metadata (4.6 kB)
2025-08-29T18:16:41.6894408Z Collecting charset_normalizer<4,>=2 (from requests->scratchattach)
2025-08-29T18:16:41.6970035Z   Downloading charset_normalizer-3.4.3-cp312-cp312-manylinux2014_x86_64.manylinux_2_17_x86_64.manylinux_2_28_x86_64.whl.metadata (36 kB)
2025-08-29T18:16:41.7263505Z Collecting idna<4,>=2.5 (from requests->scratchattach)
2025-08-29T18:16:41.7335877Z   Downloading idna-3.10-py3-none-any.whl.metadata (10 kB)
2025-08-29T18:16:41.7701427Z Collecting urllib3<3,>=1.21.1 (from requests->scratchattach)
2025-08-29T18:16:41.7777301Z   Downloading urllib3-2.5.0-py3-none-any.whl.metadata (6.5 kB)
2025-08-29T18:16:41.8059646Z Collecting certifi>=2017.4.17 (from requests->scratchattach)
2025-08-29T18:16:41.8134833Z   Downloading certifi-2025.8.3-py3-none-any.whl.metadata (2.4 kB)
2025-08-29T18:16:41.8283400Z Downloading scratchattach-2.1.13-py3-none-any.whl (141 kB)
2025-08-29T18:16:41.8438567Z Downloading bs4-0.0.2-py2.py3-none-any.whl (1.2 kB)
2025-08-29T18:16:41.8529722Z Downloading beautifulsoup4-4.13.5-py3-none-any.whl (105 kB)
2025-08-29T18:16:41.8625291Z Downloading soupsieve-2.8-py3-none-any.whl (36 kB)
2025-08-29T18:16:41.8723831Z Downloading typing_extensions-4.15.0-py3-none-any.whl (44 kB)
2025-08-29T18:16:41.8821647Z Downloading requests-2.32.5-py3-none-any.whl (64 kB)
2025-08-29T18:16:41.8925798Z Downloading charset_normalizer-3.4.3-cp312-cp312-manylinux2014_x86_64.manylinux_2_17_x86_64.manylinux_2_28_x86_64.whl (151 kB)
2025-08-29T18:16:41.9044681Z Downloading idna-3.10-py3-none-any.whl (70 kB)
2025-08-29T18:16:41.9139763Z Downloading urllib3-2.5.0-py3-none-any.whl (129 kB)
2025-08-29T18:16:41.9240395Z Downloading certifi-2025.8.3-py3-none-any.whl (161 kB)
2025-08-29T18:16:41.9349200Z Downloading websocket_client-1.8.0-py3-none-any.whl (58 kB)
2025-08-29T18:16:41.9489803Z Building wheels for collected packages: SimpleWebSocketServer
2025-08-29T18:16:41.9497713Z   Building wheel for SimpleWebSocketServer (pyproject.toml): started
2025-08-29T18:16:42.1687583Z   Building wheel for SimpleWebSocketServer (pyproject.toml): finished with status 'done'
2025-08-29T18:16:42.1693982Z   Created wheel for SimpleWebSocketServer: filename=simplewebsocketserver-0.1.2-py3-none-any.whl size=9715 sha256=87bf6c4e29fef44bc809d420d1ed4c35013b2e10cc614fa00722e55f55876b3d
2025-08-29T18:16:42.1695284Z   Stored in directory: /home/runner/.cache/pip/wheels/81/fd/d8/f145b47bedceb5dff96b76e404a4ee9be956a4f8f150cd8133
2025-08-29T18:16:42.1714024Z Successfully built SimpleWebSocketServer
2025-08-29T18:16:42.1886145Z Installing collected packages: SimpleWebSocketServer, websocket-client, urllib3, typing-extensions, soupsieve, idna, charset_normalizer, certifi, requests, beautifulsoup4, bs4, scratchattach
2025-08-29T18:16:42.7588932Z 
2025-08-29T18:16:42.7612566Z Successfully installed SimpleWebSocketServer-0.1.2 beautifulsoup4-4.13.5 bs4-0.0.2 certifi-2025.8.3 charset_normalizer-3.4.3 idna-3.10 requests-2.32.5 scratchattach-2.1.13 soupsieve-2.8 typing-extensions-4.15.0 urllib3-2.5.0 websocket-client-1.8.0
2025-08-29T18:16:42.8412208Z ##[group]Run actions/checkout@v5
2025-08-29T18:16:42.8412468Z with:
2025-08-29T18:16:42.8412643Z   ref: main
2025-08-29T18:16:42.8412826Z   repository: Boss-1s/scratchattach
2025-08-29T18:16:42.8413178Z   token: ***
2025-08-29T18:16:42.8413359Z   ssh-strict: true
2025-08-29T18:16:42.8413536Z   ssh-user: git
2025-08-29T18:16:42.8413733Z   persist-credentials: true
2025-08-29T18:16:42.8413942Z   clean: true
2025-08-29T18:16:42.8414142Z   sparse-checkout-cone-mode: true
2025-08-29T18:16:42.8414377Z   fetch-depth: 1
2025-08-29T18:16:42.8414556Z   fetch-tags: false
2025-08-29T18:16:42.8414752Z   show-progress: true
2025-08-29T18:16:42.8414944Z   lfs: false
2025-08-29T18:16:42.8415109Z   submodules: false
2025-08-29T18:16:42.8415301Z   set-safe-directory: true
2025-08-29T18:16:42.8415514Z env:
2025-08-29T18:16:42.8415743Z   pythonLocation: /opt/hostedtoolcache/Python/3.12.5/x64
2025-08-29T18:16:42.8416126Z   PKG_CONFIG_PATH: /opt/hostedtoolcache/Python/3.12.5/x64/lib/pkgconfig
2025-08-29T18:16:42.8416541Z   Python_ROOT_DIR: /opt/hostedtoolcache/Python/3.12.5/x64
2025-08-29T18:16:42.8416879Z   Python2_ROOT_DIR: /opt/hostedtoolcache/Python/3.12.5/x64
2025-08-29T18:16:42.8417215Z   Python3_ROOT_DIR: /opt/hostedtoolcache/Python/3.12.5/x64
2025-08-29T18:16:42.8417558Z   LD_LIBRARY_PATH: /opt/hostedtoolcache/Python/3.12.5/x64/lib
2025-08-29T18:16:42.8417862Z ##[endgroup]
2025-08-29T18:16:42.9208583Z Syncing repository: Boss-1s/scratchattach
2025-08-29T18:16:42.9209127Z ##[group]Getting Git version info
2025-08-29T18:16:42.9209571Z Working directory is '/home/runner/work/scratchattach/scratchattach'
2025-08-29T18:16:42.9239852Z [command]/usr/bin/git version
2025-08-29T18:16:42.9275365Z git version 2.51.0
2025-08-29T18:16:42.9296211Z ##[endgroup]
2025-08-29T18:16:42.9308973Z Temporarily overriding HOME='/home/runner/work/_temp/4e333a57-bad7-4921-a587-6440e63c743e' before making global git config changes
2025-08-29T18:16:42.9309924Z Adding repository directory to the temporary git global config as a safe directory
2025-08-29T18:16:42.9314218Z [command]/usr/bin/git config --global --add safe.directory /home/runner/work/scratchattach/scratchattach
2025-08-29T18:16:42.9350076Z [command]/usr/bin/git config --local --get remote.origin.url
2025-08-29T18:16:42.9371135Z https://github.com/Boss-1s/scratchattach
2025-08-29T18:16:42.9383357Z ##[group]Removing previously created refs, to avoid conflicts
2025-08-29T18:16:42.9387623Z [command]/usr/bin/git rev-parse --symbolic-full-name --verify --quiet HEAD
2025-08-29T18:16:42.9408199Z refs/heads/main
2025-08-29T18:16:42.9417774Z [command]/usr/bin/git checkout --detach
2025-08-29T18:16:42.9451659Z HEAD is now at eb5e61f Update scratch_chat_requests.py
2025-08-29T18:16:42.9493517Z [command]/usr/bin/git branch --delete --force main
2025-08-29T18:16:42.9518623Z Deleted branch main (was eb5e61f).
2025-08-29T18:16:42.9553136Z ##[endgroup]
2025-08-29T18:16:42.9557254Z [command]/usr/bin/git submodule status
2025-08-29T18:16:42.9773764Z ##[group]Cleaning the repository
2025-08-29T18:16:42.9778276Z [command]/usr/bin/git clean -ffdx
2025-08-29T18:16:42.9808958Z [command]/usr/bin/git reset --hard HEAD
2025-08-29T18:16:42.9841893Z HEAD is now at eb5e61f Update scratch_chat_requests.py
2025-08-29T18:16:42.9847111Z ##[endgroup]
2025-08-29T18:16:42.9848585Z ##[group]Disabling automatic garbage collection
2025-08-29T18:16:42.9852658Z [command]/usr/bin/git config --local gc.auto 0
2025-08-29T18:16:42.9877084Z ##[endgroup]
2025-08-29T18:16:42.9877468Z ##[group]Setting up auth
2025-08-29T18:16:42.9883607Z [command]/usr/bin/git config --local --name-only --get-regexp core\.sshCommand
2025-08-29T18:16:42.9911807Z [command]/usr/bin/git submodule foreach --recursive sh -c "git config --local --name-only --get-regexp 'core\.sshCommand' && git config --local --unset-all 'core.sshCommand' || :"
2025-08-29T18:16:43.0129384Z [command]/usr/bin/git config --local --name-only --get-regexp http\.https\:\/\/github\.com\/\.extraheader
2025-08-29T18:16:43.0149809Z http.https://github.com/.extraheader
2025-08-29T18:16:43.0158668Z [command]/usr/bin/git config --local --unset-all http.https://github.com/.extraheader
2025-08-29T18:16:43.0186898Z [command]/usr/bin/git submodule foreach --recursive sh -c "git config --local --name-only --get-regexp 'http\.https\:\/\/github\.com\/\.extraheader' && git config --local --unset-all 'http.https://github.com/.extraheader' || :"
2025-08-29T18:16:43.0410798Z [command]/usr/bin/git config --local http.https://github.com/.extraheader AUTHORIZATION: basic ***
2025-08-29T18:16:43.0455388Z ##[endgroup]
2025-08-29T18:16:43.0456006Z ##[group]Fetching the repository
2025-08-29T18:16:43.0464210Z [command]/usr/bin/git -c protocol.version=2 fetch --no-tags --prune --no-recurse-submodules --depth=1 origin +refs/heads/main*:refs/remotes/origin/main* +refs/tags/main*:refs/tags/main*
2025-08-29T18:16:43.2756156Z ##[endgroup]
2025-08-29T18:16:43.2757475Z ##[group]Determining the checkout info
2025-08-29T18:16:43.2764251Z [command]/usr/bin/git branch --list --remote origin/main
2025-08-29T18:16:43.2789043Z   origin/main
2025-08-29T18:16:43.2793798Z ##[endgroup]
2025-08-29T18:16:43.2798038Z [command]/usr/bin/git sparse-checkout disable
2025-08-29T18:16:43.2834373Z [command]/usr/bin/git config --local --unset-all extensions.worktreeConfig
2025-08-29T18:16:43.2858969Z ##[group]Checking out the ref
2025-08-29T18:16:43.2863041Z [command]/usr/bin/git checkout --progress --force -B main refs/remotes/origin/main
2025-08-29T18:16:43.2897837Z Switched to a new branch 'main'
2025-08-29T18:16:43.2900462Z branch 'main' set up to track 'origin/main'.
2025-08-29T18:16:43.2906110Z ##[endgroup]
2025-08-29T18:16:43.2940844Z [command]/usr/bin/git log -1 --format=%H
2025-08-29T18:16:43.2963669Z eb5e61f37fed4bc572f0a487dc9536a3a0745d06
2025-08-29T18:16:43.3076535Z ##[group]Run python3 aesthetic_prioritizing.py
2025-08-29T18:16:43.3076890Z [36;1mpython3 aesthetic_prioritizing.py[0m
2025-08-29T18:16:43.3108900Z shell: /usr/bin/bash -e {0}
2025-08-29T18:16:43.3109135Z env:
2025-08-29T18:16:43.3109377Z   pythonLocation: /opt/hostedtoolcache/Python/3.12.5/x64
2025-08-29T18:16:43.3109777Z   PKG_CONFIG_PATH: /opt/hostedtoolcache/Python/3.12.5/x64/lib/pkgconfig
2025-08-29T18:16:43.3110161Z   Python_ROOT_DIR: /opt/hostedtoolcache/Python/3.12.5/x64
2025-08-29T18:16:43.3110516Z   Python2_ROOT_DIR: /opt/hostedtoolcache/Python/3.12.5/x64
2025-08-29T18:16:43.3110858Z   Python3_ROOT_DIR: /opt/hostedtoolcache/Python/3.12.5/x64
2025-08-29T18:16:43.3111640Z   LD_LIBRARY_PATH: /opt/hostedtoolcache/Python/3.12.5/x64/lib
2025-08-29T18:16:43.3112054Z   PASS: ***
2025-08-29T18:16:43.3112224Z ##[endgroup]
2025-08-29T18:16:44.5381567Z Prioritizing: Attempt 1
2025-08-29T18:16:44.5382037Z Projects already on top. No prioritizing needed.
2025-08-29T18:16:44.5382602Z Prioritized projects in your favorite list.
2025-08-29T18:16:44.5674118Z Post job cleanup.
2025-08-29T18:16:44.6432225Z [command]/usr/bin/git version
2025-08-29T18:16:44.6467303Z git version 2.51.0
2025-08-29T18:16:44.6504582Z Temporarily overriding HOME='/home/runner/work/_temp/025fbcea-4e44-4a10-bda2-f0ed80bc7022' before making global git config changes
2025-08-29T18:16:44.6505837Z Adding repository directory to the temporary git global config as a safe directory
2025-08-29T18:16:44.6510239Z [command]/usr/bin/git config --global --add safe.directory /home/runner/work/scratchattach/scratchattach
2025-08-29T18:16:44.6545791Z [command]/usr/bin/git config --local --name-only --get-regexp core\.sshCommand
2025-08-29T18:16:44.6578828Z [command]/usr/bin/git submodule foreach --recursive sh -c "git config --local --name-only --get-regexp 'core\.sshCommand' && git config --local --unset-all 'core.sshCommand' || :"
2025-08-29T18:16:44.6799768Z [command]/usr/bin/git config --local --name-only --get-regexp http\.https\:\/\/github\.com\/\.extraheader
2025-08-29T18:16:44.6820819Z http.https://github.com/.extraheader
2025-08-29T18:16:44.6830816Z [command]/usr/bin/git config --local --unset-all http.https://github.com/.extraheader
2025-08-29T18:16:44.6861494Z [command]/usr/bin/git submodule foreach --recursive sh -c "git config --local --name-only --get-regexp 'http\.https\:\/\/github\.com\/\.extraheader' && git config --local --unset-all 'http.https://github.com/.extraheader' || :"
2025-08-29T18:16:44.7190270Z Post job cleanup.
2025-08-29T18:16:44.8854720Z Post job cleanup.
2025-08-29T18:16:44.9633217Z [command]/usr/bin/git version
2025-08-29T18:16:44.9668119Z git version 2.51.0
2025-08-29T18:16:44.9704955Z Temporarily overriding HOME='/home/runner/work/_temp/11d19448-898d-4895-99b5-dc453629951b' before making global git config changes
2025-08-29T18:16:44.9706202Z Adding repository directory to the temporary git global config as a safe directory
2025-08-29T18:16:44.9710889Z [command]/usr/bin/git config --global --add safe.directory /home/runner/work/scratchattach/scratchattach
2025-08-29T18:16:44.9745673Z [command]/usr/bin/git config --local --name-only --get-regexp core\.sshCommand
2025-08-29T18:16:44.9779493Z [command]/usr/bin/git submodule foreach --recursive sh -c "git config --local --name-only --get-regexp 'core\.sshCommand' && git config --local --unset-all 'core.sshCommand' || :"
2025-08-29T18:16:45.0002521Z [command]/usr/bin/git config --local --name-only --get-regexp http\.https\:\/\/github\.com\/\.extraheader
2025-08-29T18:16:45.0032676Z [command]/usr/bin/git submodule foreach --recursive sh -c "git config --local --name-only --get-regexp 'http\.https\:\/\/github\.com\/\.extraheader' && git config --local --unset-all 'http.https://github.com/.extraheader' || :"
2025-08-29T18:16:45.0363446Z Cleaning up orphan processes
