2026-01-01T17:37:47.9994552Z Current runner version: '2.330.0'
2026-01-01T17:37:48.0019417Z ##[group]Runner Image Provisioner
2026-01-01T17:37:48.0020169Z Hosted Compute Agent
2026-01-01T17:37:48.0020632Z Version: 20251211.462
2026-01-01T17:37:48.0021168Z Commit: 6cbad8c2bb55d58165063d031ccabf57e2d2db61
2026-01-01T17:37:48.0021815Z Build Date: 2025-12-11T16:28:49Z
2026-01-01T17:37:48.0022386Z Worker ID: {cb869a8d-3efb-48f2-8637-fc3e528ce2dc}
2026-01-01T17:37:48.0023003Z ##[endgroup]
2026-01-01T17:37:48.0023430Z ##[group]Operating System
2026-01-01T17:37:48.0024000Z Microsoft Windows Server 2025
2026-01-01T17:37:48.0024505Z 10.0.26100
2026-01-01T17:37:48.0024913Z Datacenter
2026-01-01T17:37:48.0025305Z ##[endgroup]
2026-01-01T17:37:48.0025731Z ##[group]Runner Image
2026-01-01T17:37:48.0026191Z Image: windows-2025
2026-01-01T17:37:48.0026653Z Version: 20251216.149.1
2026-01-01T17:37:48.0028771Z Included Software: https://github.com/actions/runner-images/blob/win25/20251216.149/images/windows/Windows2025-Readme.md
2026-01-01T17:37:48.0030941Z Image Release: https://github.com/actions/runner-images/releases/tag/win25%2F20251216.149
2026-01-01T17:37:48.0031784Z ##[endgroup]
2026-01-01T17:37:48.0032728Z ##[group]GITHUB_TOKEN Permissions
2026-01-01T17:37:48.0034518Z Contents: read
2026-01-01T17:37:48.0034988Z Metadata: read
2026-01-01T17:37:48.0035441Z ##[endgroup]
2026-01-01T17:37:48.0037414Z Secret source: Actions
2026-01-01T17:37:48.0038020Z Prepare workflow directory
2026-01-01T17:37:48.0446137Z Prepare all required actions
2026-01-01T17:37:48.0484042Z Getting action download info
2026-01-01T17:37:48.2425533Z Download action repository 'actions/checkout@v6.0.1' (SHA:8e8c483db84b4bee98b60c0593521ed34d9990e8)
2026-01-01T17:37:48.3826494Z Download action repository 'actions/setup-python@v6.1.0' (SHA:83679a892e2d95755f2dac6acb0bfd1e9ac5d548)
2026-01-01T17:37:48.6598440Z Complete job name: build (3.14, windows-latest)
2026-01-01T17:37:48.8216580Z ##[group]Run actions/checkout@v6.0.1
2026-01-01T17:37:48.8217666Z with:
2026-01-01T17:37:48.8218162Z   ref: scratch_chat_dev
2026-01-01T17:37:48.8218713Z   repository: Boss-1s/scratchattach
2026-01-01T17:37:48.8219552Z   token: ***
2026-01-01T17:37:48.8220016Z   ssh-strict: true
2026-01-01T17:37:48.8220609Z   ssh-user: git
2026-01-01T17:37:48.8221527Z   persist-credentials: true
2026-01-01T17:37:48.8222075Z   clean: true
2026-01-01T17:37:48.8222568Z   sparse-checkout-cone-mode: true
2026-01-01T17:37:48.8223175Z   fetch-depth: 1
2026-01-01T17:37:48.8223654Z   fetch-tags: false
2026-01-01T17:37:48.8224155Z   show-progress: true
2026-01-01T17:37:48.8224653Z   lfs: false
2026-01-01T17:37:48.8225094Z   submodules: false
2026-01-01T17:37:48.8225583Z   set-safe-directory: true
2026-01-01T17:37:48.8226446Z ##[endgroup]
2026-01-01T17:37:48.9643788Z Syncing repository: Boss-1s/scratchattach
2026-01-01T17:37:48.9645700Z ##[group]Getting Git version info
2026-01-01T17:37:48.9646408Z Working directory is 'D:\a\scratchattach\scratchattach'
2026-01-01T17:37:49.0884791Z [command]"C:\Program Files\Git\bin\git.exe" version
2026-01-01T17:37:49.4562066Z git version 2.52.0.windows.1
2026-01-01T17:37:49.4608807Z ##[endgroup]
2026-01-01T17:37:49.4630433Z Temporarily overriding HOME='D:\a\_temp\efe732de-dd9d-48df-a6b6-306bcb924b87' before making global git config changes
2026-01-01T17:37:49.4632243Z Adding repository directory to the temporary git global config as a safe directory
2026-01-01T17:37:49.4641964Z [command]"C:\Program Files\Git\bin\git.exe" config --global --add safe.directory D:\a\scratchattach\scratchattach
2026-01-01T17:37:49.5185500Z Deleting the contents of 'D:\a\scratchattach\scratchattach'
2026-01-01T17:37:49.5191622Z ##[group]Initializing the repository
2026-01-01T17:37:49.5201030Z [command]"C:\Program Files\Git\bin\git.exe" init D:\a\scratchattach\scratchattach
2026-01-01T17:37:49.6060594Z Initialized empty Git repository in D:/a/scratchattach/scratchattach/.git/
2026-01-01T17:37:49.6109905Z [command]"C:\Program Files\Git\bin\git.exe" remote add origin https://github.com/Boss-1s/scratchattach
2026-01-01T17:37:49.6648486Z ##[endgroup]
2026-01-01T17:37:49.6649821Z ##[group]Disabling automatic garbage collection
2026-01-01T17:37:49.6656570Z [command]"C:\Program Files\Git\bin\git.exe" config --local gc.auto 0
2026-01-01T17:37:49.6950624Z ##[endgroup]
2026-01-01T17:37:49.6952358Z ##[group]Setting up auth
2026-01-01T17:37:49.6953309Z Removing SSH command configuration
2026-01-01T17:37:49.6963778Z [command]"C:\Program Files\Git\bin\git.exe" config --local --name-only --get-regexp core\.sshCommand
2026-01-01T17:37:49.7270812Z [command]"C:\Program Files\Git\bin\git.exe" submodule foreach --recursive "sh -c \"git config --local --name-only --get-regexp 'core\.sshCommand' && git config --local --unset-all 'core.sshCommand' || :\""
2026-01-01T17:37:51.1466459Z Removing HTTP extra header
2026-01-01T17:37:51.1477976Z [command]"C:\Program Files\Git\bin\git.exe" config --local --name-only --get-regexp http\.https\:\/\/github\.com\/\.extraheader
2026-01-01T17:37:51.1789571Z [command]"C:\Program Files\Git\bin\git.exe" submodule foreach --recursive "sh -c \"git config --local --name-only --get-regexp 'http\.https\:\/\/github\.com\/\.extraheader' && git config --local --unset-all 'http.https://github.com/.extraheader' || :\""
2026-01-01T17:37:51.7035659Z Removing includeIf entries pointing to credentials config files
2026-01-01T17:37:51.7047531Z [command]"C:\Program Files\Git\bin\git.exe" config --local --name-only --get-regexp ^includeIf\.gitdir:
2026-01-01T17:37:51.7356220Z [command]"C:\Program Files\Git\bin\git.exe" submodule foreach --recursive "git config --local --show-origin --name-only --get-regexp remote.origin.url"
2026-01-01T17:37:52.2737330Z [command]"C:\Program Files\Git\bin\git.exe" config --file D:\a\_temp\git-credentials-73ff756a-80d1-44b8-b3b1-c9356b3c6eb4.config http.https://github.com/.extraheader "AUTHORIZATION: basic ***"
2026-01-01T17:37:52.3057030Z [command]"C:\Program Files\Git\bin\git.exe" config --local includeIf.gitdir:D:/a/scratchattach/scratchattach/.git.path D:\a\_temp\git-credentials-73ff756a-80d1-44b8-b3b1-c9356b3c6eb4.config
2026-01-01T17:37:52.3362966Z [command]"C:\Program Files\Git\bin\git.exe" config --local includeIf.gitdir:D:/a/scratchattach/scratchattach/.git/worktrees/*.path D:\a\_temp\git-credentials-73ff756a-80d1-44b8-b3b1-c9356b3c6eb4.config
2026-01-01T17:37:52.3711187Z [command]"C:\Program Files\Git\bin\git.exe" config --local includeIf.gitdir:/github/workspace/.git.path /github/runner_temp/git-credentials-73ff756a-80d1-44b8-b3b1-c9356b3c6eb4.config
2026-01-01T17:37:52.4027046Z [command]"C:\Program Files\Git\bin\git.exe" config --local includeIf.gitdir:/github/workspace/.git/worktrees/*.path /github/runner_temp/git-credentials-73ff756a-80d1-44b8-b3b1-c9356b3c6eb4.config
2026-01-01T17:37:52.4352163Z ##[endgroup]
2026-01-01T17:37:52.4352753Z ##[group]Fetching the repository
2026-01-01T17:37:52.4368786Z [command]"C:\Program Files\Git\bin\git.exe" -c protocol.version=2 fetch --no-tags --prune --no-recurse-submodules --depth=1 origin +refs/heads/scratch_chat_dev*:refs/remotes/origin/scratch_chat_dev* +refs/tags/scratch_chat_dev*:refs/tags/scratch_chat_dev*
2026-01-01T17:37:54.4544269Z From https://github.com/Boss-1s/scratchattach
2026-01-01T17:37:54.4545027Z  * [new branch]      scratch_chat_dev -> origin/scratch_chat_dev
2026-01-01T17:37:54.4882061Z ##[endgroup]
2026-01-01T17:37:54.4882696Z ##[group]Determining the checkout info
2026-01-01T17:37:54.4893788Z [command]"C:\Program Files\Git\bin\git.exe" branch --list --remote origin/scratch_chat_dev
2026-01-01T17:37:54.5242526Z   origin/scratch_chat_dev
2026-01-01T17:37:54.5279347Z ##[endgroup]
2026-01-01T17:37:54.5286654Z [command]"C:\Program Files\Git\bin\git.exe" sparse-checkout disable
2026-01-01T17:37:54.5755789Z [command]"C:\Program Files\Git\bin\git.exe" config --local --unset-all extensions.worktreeConfig
2026-01-01T17:37:54.6052511Z ##[group]Checking out the ref
2026-01-01T17:37:54.6062268Z [command]"C:\Program Files\Git\bin\git.exe" checkout --progress --force -B scratch_chat_dev refs/remotes/origin/scratch_chat_dev
2026-01-01T17:37:55.6569220Z Updating files:  72% (1855/2552)
2026-01-01T17:37:55.6729916Z Updating files:  73% (1863/2552)
2026-01-01T17:37:55.7540650Z Updating files:  74% (1889/2552)
2026-01-01T17:37:55.7667780Z Updating files:  75% (1914/2552)
2026-01-01T17:37:55.7820768Z Updating files:  76% (1940/2552)
2026-01-01T17:37:55.7917483Z Updating files:  77% (1966/2552)
2026-01-01T17:37:55.8019458Z Updating files:  78% (1991/2552)
2026-01-01T17:37:55.8098372Z Updating files:  79% (2017/2552)
2026-01-01T17:37:55.8208865Z Updating files:  80% (2042/2552)
2026-01-01T17:37:55.8304217Z Updating files:  81% (2068/2552)
2026-01-01T17:37:55.8401861Z Updating files:  82% (2093/2552)
2026-01-01T17:37:55.8493296Z Updating files:  83% (2119/2552)
2026-01-01T17:37:55.8585769Z Updating files:  84% (2144/2552)
2026-01-01T17:37:55.8682270Z Updating files:  85% (2170/2552)
2026-01-01T17:37:55.8867663Z Updating files:  86% (2195/2552)
2026-01-01T17:37:55.8995992Z Updating files:  87% (2221/2552)
2026-01-01T17:37:55.9148644Z Updating files:  88% (2246/2552)
2026-01-01T17:37:55.9234023Z Updating files:  89% (2272/2552)
2026-01-01T17:37:55.9307500Z Updating files:  90% (2297/2552)
2026-01-01T17:37:55.9386223Z Updating files:  91% (2323/2552)
2026-01-01T17:37:55.9464543Z Updating files:  92% (2348/2552)
2026-01-01T17:37:55.9539140Z Updating files:  93% (2374/2552)
2026-01-01T17:37:55.9696712Z Updating files:  94% (2399/2552)
2026-01-01T17:37:55.9829666Z Updating files:  95% (2425/2552)
2026-01-01T17:37:55.9977991Z Updating files:  96% (2450/2552)
2026-01-01T17:37:56.0059671Z Updating files:  97% (2476/2552)
2026-01-01T17:37:56.0161248Z Updating files:  98% (2501/2552)
2026-01-01T17:37:56.0254347Z Updating files:  99% (2527/2552)
2026-01-01T17:37:56.0255204Z Updating files: 100% (2552/2552)
2026-01-01T17:37:56.0257190Z Updating files: 100% (2552/2552), done.
2026-01-01T17:37:56.0467772Z branch 'scratch_chat_dev' set up to track 'origin/scratch_chat_dev'.
2026-01-01T17:37:56.0481631Z Switched to a new branch 'scratch_chat_dev'
2026-01-01T17:37:56.0599229Z ##[endgroup]
2026-01-01T17:37:56.0998114Z [command]"C:\Program Files\Git\bin\git.exe" log -1 --format=%H
2026-01-01T17:37:56.1278223Z a1d83958ce82cd3e085bc60f05ba015479948590
2026-01-01T17:37:56.1719507Z ##[group]Run actions/setup-python@v6.1.0
2026-01-01T17:37:56.1719811Z with:
2026-01-01T17:37:56.1719986Z   python-version: 3.14
2026-01-01T17:37:56.1720173Z   check-latest: false
2026-01-01T17:37:56.1720490Z   token: ***
2026-01-01T17:37:56.1720667Z   update-environment: true
2026-01-01T17:37:56.1720879Z   allow-prereleases: false
2026-01-01T17:37:56.1721067Z   freethreaded: false
2026-01-01T17:37:56.1721470Z ##[endgroup]
2026-01-01T17:37:56.3302688Z ##[group]Installed versions
2026-01-01T17:37:56.3678540Z (node:7508) [DEP0040] DeprecationWarning: The `punycode` module is deprecated. Please use a userland alternative instead.
2026-01-01T17:37:56.3680212Z (Use `node --trace-deprecation ...` to show where the warning was created)
2026-01-01T17:37:56.3681102Z Successfully set up CPython (3.14.2)
2026-01-01T17:37:56.3681810Z ##[endgroup]
2026-01-01T17:37:56.3975221Z ##[group]Run cd test
2026-01-01T17:37:56.3975523Z [36;1mcd test[0m
2026-01-01T17:37:56.3975705Z [36;1mpython3 o_test1.py[0m
2026-01-01T17:37:56.4771578Z shell: C:\Program Files\PowerShell\7\pwsh.EXE -command ". '{0}'"
2026-01-01T17:37:56.4772093Z env:
2026-01-01T17:37:56.4772422Z   pythonLocation: C:\hostedtoolcache\windows\Python\3.14.2\x64
2026-01-01T17:37:56.4772960Z   PKG_CONFIG_PATH: C:\hostedtoolcache\windows\Python\3.14.2\x64/lib/pkgconfig
2026-01-01T17:37:56.4773469Z   Python_ROOT_DIR: C:\hostedtoolcache\windows\Python\3.14.2\x64
2026-01-01T17:37:56.4773908Z   Python2_ROOT_DIR: C:\hostedtoolcache\windows\Python\3.14.2\x64
2026-01-01T17:37:56.4774339Z   Python3_ROOT_DIR: C:\hostedtoolcache\windows\Python\3.14.2\x64
2026-01-01T17:37:56.4774686Z ##[endgroup]
2026-01-01T17:38:05.2539158Z File 'otest.json' not found. Creating a new one.
2026-01-01T17:38:05.2618417Z Data for key 'test_top_level_key' stored successfully in 'otest.json'.
2026-01-01T17:38:05.2715625Z Data for key 'test_top_level_key2' stored successfully in 'otest.json'.
2026-01-01T17:38:05.2808876Z Data for key 'test_top_level_key2' stored successfully in 'otest.json'.
2026-01-01T17:38:05.2828040Z File 'otest.json' not found. Creating a new one.
2026-01-01T17:38:05.2829076Z Data for key 'test_top_level_key' stored successfully in 'otest.json'.
2026-01-01T17:38:05.2829822Z Sucessfully added values ['val1', 'skibidi toilet'] to subkeys ['sk1', 'sk2'], respectively.
2026-01-01T17:38:05.2830607Z Data for key 'test_top_level_key2' stored successfully in 'otest.json'.
2026-01-01T17:38:05.2831366Z Sucessfully added values ['val1', 'the fate of sigma'] to subkeys ['sk1', 'sk2'], respectively.
2026-01-01T17:38:05.2832141Z Data for key 'test_top_level_key2' stored successfully in 'otest.json'.
2026-01-01T17:38:05.2832938Z Sucessfully added values ['val3', 'the fate of shard'] to subkeys ['sk3', 'sk4'], respectively.
2026-01-01T17:38:05.2914810Z Traceback (most recent call last):
2026-01-01T17:38:05.3009630Z   File "D:\a\scratchattach\scratchattach\test\o_test1.py", line 79, in <module>
2026-01-01T17:38:05.3011119Z     assert db_get_subkeys_values(file, "test_top_level_key2") == ["sk1: val1","sk2: the fate of sigma","sk3: val3","sk4: the fate of shard"],"Adding subkey-value pairs has failed. Try checking the store method."
2026-01-01T17:38:05.3012337Z            ^^^^^^^^^^^^^^^^^^^^^^^^^^^^^^^^^^^^^^^^^^^^^^^^^^^^^^^^^^^^^^^^^^^^^^^^^^^^^^^^^^^^^^^^^^^^^^^^^^^^^^^^^^^^^^^^^^^^^^^^^^^^^^^^^
2026-01-01T17:38:05.3013488Z AssertionError: Adding subkey-value pairs has failed. Try checking the store method.
2026-01-01T17:38:05.5948523Z ##[error]Process completed with exit code 1.
2026-01-01T17:38:05.6182135Z Post job cleanup.
2026-01-01T17:38:05.8677679Z [command]"C:\Program Files\Git\bin\git.exe" version
2026-01-01T17:38:05.8978319Z git version 2.52.0.windows.1
2026-01-01T17:38:05.9078974Z Temporarily overriding HOME='D:\a\_temp\c8c5819f-1780-40c2-873e-73c76ce8fb1d' before making global git config changes
2026-01-01T17:38:05.9081021Z Adding repository directory to the temporary git global config as a safe directory
2026-01-01T17:38:05.9095077Z [command]"C:\Program Files\Git\bin\git.exe" config --global --add safe.directory D:\a\scratchattach\scratchattach
2026-01-01T17:38:05.9478191Z Removing SSH command configuration
2026-01-01T17:38:05.9491518Z [command]"C:\Program Files\Git\bin\git.exe" config --local --name-only --get-regexp core\.sshCommand
2026-01-01T17:38:05.9837463Z [command]"C:\Program Files\Git\bin\git.exe" submodule foreach --recursive "sh -c \"git config --local --name-only --get-regexp 'core\.sshCommand' && git config --local --unset-all 'core.sshCommand' || :\""
2026-01-01T17:38:06.5573475Z Removing HTTP extra header
2026-01-01T17:38:06.5583447Z [command]"C:\Program Files\Git\bin\git.exe" config --local --name-only --get-regexp http\.https\:\/\/github\.com\/\.extraheader
2026-01-01T17:38:06.5905947Z [command]"C:\Program Files\Git\bin\git.exe" submodule foreach --recursive "sh -c \"git config --local --name-only --get-regexp 'http\.https\:\/\/github\.com\/\.extraheader' && git config --local --unset-all 'http.https://github.com/.extraheader' || :\""
2026-01-01T17:38:07.1923756Z Removing includeIf entries pointing to credentials config files
2026-01-01T17:38:07.1935547Z [command]"C:\Program Files\Git\bin\git.exe" config --local --name-only --get-regexp ^includeIf\.gitdir:
2026-01-01T17:38:07.2204352Z includeif.gitdir:D:/a/scratchattach/scratchattach/.git.path
2026-01-01T17:38:07.2205052Z includeif.gitdir:D:/a/scratchattach/scratchattach/.git/worktrees/*.path
2026-01-01T17:38:07.2205678Z includeif.gitdir:/github/workspace/.git.path
2026-01-01T17:38:07.2206237Z includeif.gitdir:/github/workspace/.git/worktrees/*.path
2026-01-01T17:38:07.2250595Z [command]"C:\Program Files\Git\bin\git.exe" config --local --get-all includeif.gitdir:D:/a/scratchattach/scratchattach/.git.path
2026-01-01T17:38:07.2523079Z D:\a\_temp\git-credentials-73ff756a-80d1-44b8-b3b1-c9356b3c6eb4.config
2026-01-01T17:38:07.2573068Z [command]"C:\Program Files\Git\bin\git.exe" config --local --unset includeif.gitdir:D:/a/scratchattach/scratchattach/.git.path D:\a\_temp\git-credentials-73ff756a-80d1-44b8-b3b1-c9356b3c6eb4.config
2026-01-01T17:38:07.2892715Z [command]"C:\Program Files\Git\bin\git.exe" config --local --get-all includeif.gitdir:D:/a/scratchattach/scratchattach/.git/worktrees/*.path
2026-01-01T17:38:07.3158166Z D:\a\_temp\git-credentials-73ff756a-80d1-44b8-b3b1-c9356b3c6eb4.config
2026-01-01T17:38:07.3199736Z [command]"C:\Program Files\Git\bin\git.exe" config --local --unset includeif.gitdir:D:/a/scratchattach/scratchattach/.git/worktrees/*.path D:\a\_temp\git-credentials-73ff756a-80d1-44b8-b3b1-c9356b3c6eb4.config
2026-01-01T17:38:07.3584109Z [command]"C:\Program Files\Git\bin\git.exe" config --local --get-all includeif.gitdir:/github/workspace/.git.path
2026-01-01T17:38:07.3896235Z /github/runner_temp/git-credentials-73ff756a-80d1-44b8-b3b1-c9356b3c6eb4.config
2026-01-01T17:38:07.3941404Z [command]"C:\Program Files\Git\bin\git.exe" config --local --unset includeif.gitdir:/github/workspace/.git.path /github/runner_temp/git-credentials-73ff756a-80d1-44b8-b3b1-c9356b3c6eb4.config
2026-01-01T17:38:07.4267670Z [command]"C:\Program Files\Git\bin\git.exe" config --local --get-all includeif.gitdir:/github/workspace/.git/worktrees/*.path
2026-01-01T17:38:07.4537805Z /github/runner_temp/git-credentials-73ff756a-80d1-44b8-b3b1-c9356b3c6eb4.config
2026-01-01T17:38:07.4582891Z [command]"C:\Program Files\Git\bin\git.exe" config --local --unset includeif.gitdir:/github/workspace/.git/worktrees/*.path /github/runner_temp/git-credentials-73ff756a-80d1-44b8-b3b1-c9356b3c6eb4.config
2026-01-01T17:38:07.4900419Z [command]"C:\Program Files\Git\bin\git.exe" submodule foreach --recursive "git config --local --show-origin --name-only --get-regexp remote.origin.url"
2026-01-01T17:38:08.0244226Z Removing credentials config 'D:\a\_temp\git-credentials-73ff756a-80d1-44b8-b3b1-c9356b3c6eb4.config'
2026-01-01T17:38:08.0420206Z Cleaning up orphan processes
