2025-11-05T13:22:28.2727997Z Current runner version: '2.329.0'
2025-11-05T13:22:28.2752347Z ##[group]Runner Image Provisioner
2025-11-05T13:22:28.2753211Z Hosted Compute Agent
2025-11-05T13:22:28.2753804Z Version: 20251016.436
2025-11-05T13:22:28.2754381Z Commit: 8ab8ac8bfd662a3739dab9fe09456aba92132568
2025-11-05T13:22:28.2755168Z Build Date: 2025-10-15T20:44:12Z
2025-11-05T13:22:28.2755788Z ##[endgroup]
2025-11-05T13:22:28.2756288Z ##[group]Operating System
2025-11-05T13:22:28.2756880Z Ubuntu
2025-11-05T13:22:28.2757363Z 24.04.3
2025-11-05T13:22:28.2757831Z LTS
2025-11-05T13:22:28.2758865Z ##[endgroup]
2025-11-05T13:22:28.2759384Z ##[group]Runner Image
2025-11-05T13:22:28.2759966Z Image: ubuntu-24.04
2025-11-05T13:22:28.2760526Z Version: 20251030.96.2
2025-11-05T13:22:28.2761524Z Included Software: https://github.com/actions/runner-images/blob/ubuntu24/20251030.96/images/ubuntu/Ubuntu2404-Readme.md
2025-11-05T13:22:28.2763105Z Image Release: https://github.com/actions/runner-images/releases/tag/ubuntu24%2F20251030.96
2025-11-05T13:22:28.2764134Z ##[endgroup]
2025-11-05T13:22:28.2766492Z ##[group]GITHUB_TOKEN Permissions
2025-11-05T13:22:28.2768744Z Actions: write
2025-11-05T13:22:28.2769310Z Attestations: write
2025-11-05T13:22:28.2769930Z Checks: write
2025-11-05T13:22:28.2770427Z Contents: write
2025-11-05T13:22:28.2770939Z Deployments: write
2025-11-05T13:22:28.2771658Z Discussions: write
2025-11-05T13:22:28.2772182Z Issues: write
2025-11-05T13:22:28.2772705Z Metadata: read
2025-11-05T13:22:28.2773233Z Models: read
2025-11-05T13:22:28.2773710Z Packages: write
2025-11-05T13:22:28.2774220Z Pages: write
2025-11-05T13:22:28.2774672Z PullRequests: write
2025-11-05T13:22:28.2775280Z RepositoryProjects: write
2025-11-05T13:22:28.2775905Z SecurityEvents: write
2025-11-05T13:22:28.2776587Z Statuses: write
2025-11-05T13:22:28.2777065Z ##[endgroup]
2025-11-05T13:22:28.2779621Z Secret source: Actions
2025-11-05T13:22:28.2780375Z Prepare workflow directory
2025-11-05T13:22:28.3104769Z Prepare all required actions
2025-11-05T13:22:28.3143411Z Getting action download info
2025-11-05T13:22:28.7183700Z Download action repository 'actions/checkout@v5.0.0' (SHA:08c6903cd8c0fde910a37f88322edcfb5dd907a8)
2025-11-05T13:22:28.7966658Z Download action repository 'actions/setup-python@v6.0.0' (SHA:e797f83bcb11b83ae66e0230d6156d7c80228e7c)
2025-11-05T13:22:28.8824023Z Download action repository 'bossOfCode/install-scratchattach@v1.0.3' (SHA:be17a7cf1ecb5a7040eb42ef26c2e1fbe72bb25a)
2025-11-05T13:22:29.2890466Z Complete job name: Run 1
2025-11-05T13:22:29.3618506Z ##[group]Run actions/checkout@v5.0.0
2025-11-05T13:22:29.3619492Z with:
2025-11-05T13:22:29.3619897Z   ref: main
2025-11-05T13:22:29.3620325Z   repository: Boss-1s/scratchattach
2025-11-05T13:22:29.3621070Z   token: ***
2025-11-05T13:22:29.3621490Z   ssh-strict: true
2025-11-05T13:22:29.3621923Z   ssh-user: git
2025-11-05T13:22:29.3622366Z   persist-credentials: true
2025-11-05T13:22:29.3622854Z   clean: true
2025-11-05T13:22:29.3623291Z   sparse-checkout-cone-mode: true
2025-11-05T13:22:29.3623824Z   fetch-depth: 1
2025-11-05T13:22:29.3624295Z   fetch-tags: false
2025-11-05T13:22:29.3624742Z   show-progress: true
2025-11-05T13:22:29.3625193Z   lfs: false
2025-11-05T13:22:29.3625597Z   submodules: false
2025-11-05T13:22:29.3626042Z   set-safe-directory: true
2025-11-05T13:22:29.3626764Z ##[endgroup]
2025-11-05T13:22:29.4577043Z Syncing repository: Boss-1s/scratchattach
2025-11-05T13:22:29.4579622Z ##[group]Getting Git version info
2025-11-05T13:22:29.4580657Z Working directory is '/home/runner/work/scratchattach/scratchattach'
2025-11-05T13:22:29.4581786Z [command]/usr/bin/git version
2025-11-05T13:22:29.4633689Z git version 2.51.2
2025-11-05T13:22:29.4654665Z ##[endgroup]
2025-11-05T13:22:29.4670144Z Temporarily overriding HOME='/home/runner/work/_temp/4a778c89-7910-4577-9a43-92dd29151351' before making global git config changes
2025-11-05T13:22:29.4675183Z Adding repository directory to the temporary git global config as a safe directory
2025-11-05T13:22:29.4677595Z [command]/usr/bin/git config --global --add safe.directory /home/runner/work/scratchattach/scratchattach
2025-11-05T13:22:29.4715284Z Deleting the contents of '/home/runner/work/scratchattach/scratchattach'
2025-11-05T13:22:29.4719026Z ##[group]Initializing the repository
2025-11-05T13:22:29.4724098Z [command]/usr/bin/git init /home/runner/work/scratchattach/scratchattach
2025-11-05T13:22:29.4822802Z hint: Using 'master' as the name for the initial branch. This default branch name
2025-11-05T13:22:29.4824700Z hint: is subject to change. To configure the initial branch name to use in all
2025-11-05T13:22:29.4826440Z hint: of your new repositories, which will suppress this warning, call:
2025-11-05T13:22:29.4828415Z hint:
2025-11-05T13:22:29.4829737Z hint: 	git config --global init.defaultBranch <name>
2025-11-05T13:22:29.4831242Z hint:
2025-11-05T13:22:29.4832554Z hint: Names commonly chosen instead of 'master' are 'main', 'trunk' and
2025-11-05T13:22:29.4834873Z hint: 'development'. The just-created branch can be renamed via this command:
2025-11-05T13:22:29.4836778Z hint:
2025-11-05T13:22:29.4837499Z hint: 	git branch -m <name>
2025-11-05T13:22:29.4838568Z hint:
2025-11-05T13:22:29.4839867Z hint: Disable this message with "git config set advice.defaultBranchName false"
2025-11-05T13:22:29.4842045Z Initialized empty Git repository in /home/runner/work/scratchattach/scratchattach/.git/
2025-11-05T13:22:29.4845189Z [command]/usr/bin/git remote add origin https://github.com/Boss-1s/scratchattach
2025-11-05T13:22:29.4882284Z ##[endgroup]
2025-11-05T13:22:29.4883711Z ##[group]Disabling automatic garbage collection
2025-11-05T13:22:29.4887181Z [command]/usr/bin/git config --local gc.auto 0
2025-11-05T13:22:29.4919695Z ##[endgroup]
2025-11-05T13:22:29.4920491Z ##[group]Setting up auth
2025-11-05T13:22:29.4926824Z [command]/usr/bin/git config --local --name-only --get-regexp core\.sshCommand
2025-11-05T13:22:29.4959338Z [command]/usr/bin/git submodule foreach --recursive sh -c "git config --local --name-only --get-regexp 'core\.sshCommand' && git config --local --unset-all 'core.sshCommand' || :"
2025-11-05T13:22:29.5303699Z [command]/usr/bin/git config --local --name-only --get-regexp http\.https\:\/\/github\.com\/\.extraheader
2025-11-05T13:22:29.5336070Z [command]/usr/bin/git submodule foreach --recursive sh -c "git config --local --name-only --get-regexp 'http\.https\:\/\/github\.com\/\.extraheader' && git config --local --unset-all 'http.https://github.com/.extraheader' || :"
2025-11-05T13:22:29.5560350Z [command]/usr/bin/git config --local http.https://github.com/.extraheader AUTHORIZATION: basic ***
2025-11-05T13:22:29.5596214Z ##[endgroup]
2025-11-05T13:22:29.5597652Z ##[group]Fetching the repository
2025-11-05T13:22:29.5606414Z [command]/usr/bin/git -c protocol.version=2 fetch --no-tags --prune --no-recurse-submodules --depth=1 origin +refs/heads/main*:refs/remotes/origin/main* +refs/tags/main*:refs/tags/main*
2025-11-05T13:22:30.4138619Z From https://github.com/Boss-1s/scratchattach
2025-11-05T13:22:30.4140329Z  * [new branch]      main       -> origin/main
2025-11-05T13:22:30.4171488Z ##[endgroup]
2025-11-05T13:22:30.4173524Z ##[group]Determining the checkout info
2025-11-05T13:22:30.4179387Z [command]/usr/bin/git branch --list --remote origin/main
2025-11-05T13:22:30.4203166Z   origin/main
2025-11-05T13:22:30.4208883Z ##[endgroup]
2025-11-05T13:22:30.4212704Z [command]/usr/bin/git sparse-checkout disable
2025-11-05T13:22:30.4251094Z [command]/usr/bin/git config --local --unset-all extensions.worktreeConfig
2025-11-05T13:22:30.4276769Z ##[group]Checking out the ref
2025-11-05T13:22:30.4280574Z [command]/usr/bin/git checkout --progress --force -B main refs/remotes/origin/main
2025-11-05T13:22:30.7660863Z Switched to a new branch 'main'
2025-11-05T13:22:30.7664103Z branch 'main' set up to track 'origin/main'.
2025-11-05T13:22:30.7704567Z ##[endgroup]
2025-11-05T13:22:30.7750736Z [command]/usr/bin/git log -1 --format=%H
2025-11-05T13:22:30.7777009Z 9c7d8e30dd620147309669a00d9b7ca3cd10bcc8
2025-11-05T13:22:30.8098900Z ##[group]Run actions/setup-python@v6.0.0
2025-11-05T13:22:30.8100420Z with:
2025-11-05T13:22:30.8101260Z   python-version: 3.13
2025-11-05T13:22:30.8102236Z   check-latest: false
2025-11-05T13:22:30.8103519Z   token: ***
2025-11-05T13:22:30.8104412Z   update-environment: true
2025-11-05T13:22:30.8105505Z   allow-prereleases: false
2025-11-05T13:22:30.8106558Z   freethreaded: false
2025-11-05T13:22:30.8107494Z ##[endgroup]
2025-11-05T13:22:30.9392910Z ##[group]Installed versions
2025-11-05T13:22:30.9500504Z (node:2056) [DEP0040] DeprecationWarning: The `punycode` module is deprecated. Please use a userland alternative instead.
2025-11-05T13:22:30.9504235Z (Use `node --trace-deprecation ...` to show where the warning was created)
2025-11-05T13:22:30.9506989Z Successfully set up CPython (3.13.9)
2025-11-05T13:22:30.9510263Z ##[endgroup]
2025-11-05T13:22:30.9701387Z ##[group]Run bossOfCode/install-scratchattach@v1.0.3
2025-11-05T13:22:30.9702666Z env:
2025-11-05T13:22:30.9703653Z   pythonLocation: /opt/hostedtoolcache/Python/3.13.9/x64
2025-11-05T13:22:30.9705404Z   PKG_CONFIG_PATH: /opt/hostedtoolcache/Python/3.13.9/x64/lib/pkgconfig
2025-11-05T13:22:30.9707109Z   Python_ROOT_DIR: /opt/hostedtoolcache/Python/3.13.9/x64
2025-11-05T13:22:30.9708785Z   Python2_ROOT_DIR: /opt/hostedtoolcache/Python/3.13.9/x64
2025-11-05T13:22:30.9710323Z   Python3_ROOT_DIR: /opt/hostedtoolcache/Python/3.13.9/x64
2025-11-05T13:22:30.9711879Z   LD_LIBRARY_PATH: /opt/hostedtoolcache/Python/3.13.9/x64/lib
2025-11-05T13:22:30.9713175Z ##[endgroup]
2025-11-05T13:22:30.9810070Z ##[group]Run python3 -m pip install --upgrade pip
2025-11-05T13:22:30.9811465Z [36;1mpython3 -m pip install --upgrade pip[0m
2025-11-05T13:22:30.9857396Z shell: /usr/bin/bash --noprofile --norc -e -o pipefail {0}
2025-11-05T13:22:30.9858936Z env:
2025-11-05T13:22:30.9859960Z   pythonLocation: /opt/hostedtoolcache/Python/3.13.9/x64
2025-11-05T13:22:30.9861636Z   PKG_CONFIG_PATH: /opt/hostedtoolcache/Python/3.13.9/x64/lib/pkgconfig
2025-11-05T13:22:30.9863268Z   Python_ROOT_DIR: /opt/hostedtoolcache/Python/3.13.9/x64
2025-11-05T13:22:30.9864749Z   Python2_ROOT_DIR: /opt/hostedtoolcache/Python/3.13.9/x64
2025-11-05T13:22:30.9866233Z   Python3_ROOT_DIR: /opt/hostedtoolcache/Python/3.13.9/x64
2025-11-05T13:22:30.9867705Z   LD_LIBRARY_PATH: /opt/hostedtoolcache/Python/3.13.9/x64/lib
2025-11-05T13:22:30.9869064Z ##[endgroup]
2025-11-05T13:22:35.2681339Z Requirement already satisfied: pip in /opt/hostedtoolcache/Python/3.13.9/x64/lib/python3.13/site-packages (25.3)
2025-11-05T13:22:35.5617347Z ##[group]Run pip install -U scratchattach
2025-11-05T13:22:35.5617695Z [36;1mpip install -U scratchattach[0m
2025-11-05T13:22:35.5650939Z shell: /usr/bin/bash --noprofile --norc -e -o pipefail {0}
2025-11-05T13:22:35.5651275Z env:
2025-11-05T13:22:35.5651542Z   pythonLocation: /opt/hostedtoolcache/Python/3.13.9/x64
2025-11-05T13:22:35.5651945Z   PKG_CONFIG_PATH: /opt/hostedtoolcache/Python/3.13.9/x64/lib/pkgconfig
2025-11-05T13:22:35.5652360Z   Python_ROOT_DIR: /opt/hostedtoolcache/Python/3.13.9/x64
2025-11-05T13:22:35.5652723Z   Python2_ROOT_DIR: /opt/hostedtoolcache/Python/3.13.9/x64
2025-11-05T13:22:35.5653100Z   Python3_ROOT_DIR: /opt/hostedtoolcache/Python/3.13.9/x64
2025-11-05T13:22:35.5653463Z   LD_LIBRARY_PATH: /opt/hostedtoolcache/Python/3.13.9/x64/lib
2025-11-05T13:22:35.5653764Z ##[endgroup]
2025-11-05T13:22:36.0364288Z Collecting scratchattach
2025-11-05T13:22:36.1045972Z   Downloading scratchattach-2.1.13-py3-none-any.whl.metadata (5.5 kB)
2025-11-05T13:22:36.1334613Z Collecting websocket-client (from scratchattach)
2025-11-05T13:22:36.1409166Z   Downloading websocket_client-1.9.0-py3-none-any.whl.metadata (8.3 kB)
2025-11-05T13:22:36.1796301Z Collecting requests (from scratchattach)
2025-11-05T13:22:36.1868827Z   Downloading requests-2.32.5-py3-none-any.whl.metadata (4.9 kB)
2025-11-05T13:22:36.2031484Z Collecting bs4 (from scratchattach)
2025-11-05T13:22:36.2102902Z   Downloading bs4-0.0.2-py2.py3-none-any.whl.metadata (411 bytes)
2025-11-05T13:22:36.2248994Z Collecting SimpleWebSocketServer (from scratchattach)
2025-11-05T13:22:36.2330712Z   Downloading SimpleWebSocketServer-0.1.2.tar.gz (10 kB)
2025-11-05T13:22:36.2429633Z   Installing build dependencies: started
2025-11-05T13:22:37.1485407Z   Installing build dependencies: finished with status 'done'
2025-11-05T13:22:37.1493246Z   Getting requirements to build wheel: started
2025-11-05T13:22:37.7841513Z   Getting requirements to build wheel: finished with status 'done'
2025-11-05T13:22:37.7850411Z   Preparing metadata (pyproject.toml): started
2025-11-05T13:22:38.0089066Z   Preparing metadata (pyproject.toml): finished with status 'done'
2025-11-05T13:22:38.0299740Z Collecting typing-extensions (from scratchattach)
2025-11-05T13:22:38.0374267Z   Downloading typing_extensions-4.15.0-py3-none-any.whl.metadata (3.3 kB)
2025-11-05T13:22:38.0632670Z Collecting beautifulsoup4 (from bs4->scratchattach)
2025-11-05T13:22:38.0703650Z   Downloading beautifulsoup4-4.14.2-py3-none-any.whl.metadata (3.8 kB)
2025-11-05T13:22:38.0938880Z Collecting soupsieve>1.2 (from beautifulsoup4->bs4->scratchattach)
2025-11-05T13:22:38.1013889Z   Downloading soupsieve-2.8-py3-none-any.whl.metadata (4.6 kB)
2025-11-05T13:22:38.2133924Z Collecting charset_normalizer<4,>=2 (from requests->scratchattach)
2025-11-05T13:22:38.2208937Z   Downloading charset_normalizer-3.4.4-cp313-cp313-manylinux2014_x86_64.manylinux_2_17_x86_64.manylinux_2_28_x86_64.whl.metadata (37 kB)
2025-11-05T13:22:38.2481587Z Collecting idna<4,>=2.5 (from requests->scratchattach)
2025-11-05T13:22:38.2553731Z   Downloading idna-3.11-py3-none-any.whl.metadata (8.4 kB)
2025-11-05T13:22:38.2904952Z Collecting urllib3<3,>=1.21.1 (from requests->scratchattach)
2025-11-05T13:22:38.2978093Z   Downloading urllib3-2.5.0-py3-none-any.whl.metadata (6.5 kB)
2025-11-05T13:22:38.3251151Z Collecting certifi>=2017.4.17 (from requests->scratchattach)
2025-11-05T13:22:38.3327294Z   Downloading certifi-2025.10.5-py3-none-any.whl.metadata (2.5 kB)
2025-11-05T13:22:38.3486033Z Downloading scratchattach-2.1.13-py3-none-any.whl (141 kB)
2025-11-05T13:22:38.3664429Z Downloading bs4-0.0.2-py2.py3-none-any.whl (1.2 kB)
2025-11-05T13:22:38.3754844Z Downloading beautifulsoup4-4.14.2-py3-none-any.whl (106 kB)
2025-11-05T13:22:38.3911751Z Downloading soupsieve-2.8-py3-none-any.whl (36 kB)
2025-11-05T13:22:38.4008408Z Downloading typing_extensions-4.15.0-py3-none-any.whl (44 kB)
2025-11-05T13:22:38.4117875Z Downloading requests-2.32.5-py3-none-any.whl (64 kB)
2025-11-05T13:22:38.4233454Z Downloading charset_normalizer-3.4.4-cp313-cp313-manylinux2014_x86_64.manylinux_2_17_x86_64.manylinux_2_28_x86_64.whl (153 kB)
2025-11-05T13:22:38.4407174Z Downloading idna-3.11-py3-none-any.whl (71 kB)
2025-11-05T13:22:38.4513703Z Downloading urllib3-2.5.0-py3-none-any.whl (129 kB)
2025-11-05T13:22:38.4662968Z Downloading certifi-2025.10.5-py3-none-any.whl (163 kB)
2025-11-05T13:22:38.4833022Z Downloading websocket_client-1.9.0-py3-none-any.whl (82 kB)
2025-11-05T13:22:38.4982994Z Building wheels for collected packages: SimpleWebSocketServer
2025-11-05T13:22:38.4992037Z   Building wheel for SimpleWebSocketServer (pyproject.toml): started
2025-11-05T13:22:38.7289565Z   Building wheel for SimpleWebSocketServer (pyproject.toml): finished with status 'done'
2025-11-05T13:22:38.7295227Z   Created wheel for SimpleWebSocketServer: filename=simplewebsocketserver-0.1.2-py3-none-any.whl size=9715 sha256=528f4efdfb13b2b2a0ceaf996223389ca27d44975d54a915cd547f5e9b7efeb3
2025-11-05T13:22:38.7296877Z   Stored in directory: /home/runner/.cache/pip/wheels/c4/5b/e8/4f2c15a82edc4923058056f6681373168be02a0c00389a6dcf
2025-11-05T13:22:38.7316188Z Successfully built SimpleWebSocketServer
2025-11-05T13:22:38.7503495Z Installing collected packages: SimpleWebSocketServer, websocket-client, urllib3, typing-extensions, soupsieve, idna, charset_normalizer, certifi, requests, beautifulsoup4, bs4, scratchattach
2025-11-05T13:22:39.4226415Z 
2025-11-05T13:22:39.4250185Z Successfully installed SimpleWebSocketServer-0.1.2 beautifulsoup4-4.14.2 bs4-0.0.2 certifi-2025.10.5 charset_normalizer-3.4.4 idna-3.11 requests-2.32.5 scratchattach-2.1.13 soupsieve-2.8 typing-extensions-4.15.0 urllib3-2.5.0 websocket-client-1.9.0
2025-11-05T13:22:39.5226967Z ##[group]Run actions/checkout@v5.0.0
2025-11-05T13:22:39.5227239Z with:
2025-11-05T13:22:39.5227411Z   ref: main
2025-11-05T13:22:39.5227607Z   repository: Boss-1s/scratchattach
2025-11-05T13:22:39.5227948Z   token: ***
2025-11-05T13:22:39.5228276Z   ssh-strict: true
2025-11-05T13:22:39.5228468Z   ssh-user: git
2025-11-05T13:22:39.5228658Z   persist-credentials: true
2025-11-05T13:22:39.5228872Z   clean: true
2025-11-05T13:22:39.5229063Z   sparse-checkout-cone-mode: true
2025-11-05T13:22:39.5229302Z   fetch-depth: 1
2025-11-05T13:22:39.5229487Z   fetch-tags: false
2025-11-05T13:22:39.5229672Z   show-progress: true
2025-11-05T13:22:39.5229867Z   lfs: false
2025-11-05T13:22:39.5230039Z   submodules: false
2025-11-05T13:22:39.5230226Z   set-safe-directory: true
2025-11-05T13:22:39.5230430Z env:
2025-11-05T13:22:39.5230651Z   pythonLocation: /opt/hostedtoolcache/Python/3.13.9/x64
2025-11-05T13:22:39.5231058Z   PKG_CONFIG_PATH: /opt/hostedtoolcache/Python/3.13.9/x64/lib/pkgconfig
2025-11-05T13:22:39.5231463Z   Python_ROOT_DIR: /opt/hostedtoolcache/Python/3.13.9/x64
2025-11-05T13:22:39.5231804Z   Python2_ROOT_DIR: /opt/hostedtoolcache/Python/3.13.9/x64
2025-11-05T13:22:39.5232136Z   Python3_ROOT_DIR: /opt/hostedtoolcache/Python/3.13.9/x64
2025-11-05T13:22:39.5232472Z   LD_LIBRARY_PATH: /opt/hostedtoolcache/Python/3.13.9/x64/lib
2025-11-05T13:22:39.5232763Z ##[endgroup]
2025-11-05T13:22:39.6001682Z Syncing repository: Boss-1s/scratchattach
2025-11-05T13:22:39.6002622Z ##[group]Getting Git version info
2025-11-05T13:22:39.6003319Z Working directory is '/home/runner/work/scratchattach/scratchattach'
2025-11-05T13:22:39.6038894Z [command]/usr/bin/git version
2025-11-05T13:22:39.6074632Z git version 2.51.2
2025-11-05T13:22:39.6095213Z ##[endgroup]
2025-11-05T13:22:39.6109901Z Temporarily overriding HOME='/home/runner/work/_temp/84b97fd8-1c36-42e3-8d4c-0dc09e26740c' before making global git config changes
2025-11-05T13:22:39.6111215Z Adding repository directory to the temporary git global config as a safe directory
2025-11-05T13:22:39.6115615Z [command]/usr/bin/git config --global --add safe.directory /home/runner/work/scratchattach/scratchattach
2025-11-05T13:22:39.6155084Z [command]/usr/bin/git config --local --get remote.origin.url
2025-11-05T13:22:39.6203761Z https://github.com/Boss-1s/scratchattach
2025-11-05T13:22:39.6216932Z ##[group]Removing previously created refs, to avoid conflicts
2025-11-05T13:22:39.6221823Z [command]/usr/bin/git rev-parse --symbolic-full-name --verify --quiet HEAD
2025-11-05T13:22:39.6246735Z refs/heads/main
2025-11-05T13:22:39.6257630Z [command]/usr/bin/git checkout --detach
2025-11-05T13:22:39.9071642Z HEAD is now at 9c7d8e3 [BOT] Download Logs
2025-11-05T13:22:39.9131637Z [command]/usr/bin/git branch --delete --force main
2025-11-05T13:22:39.9159572Z Deleted branch main (was 9c7d8e3).
2025-11-05T13:22:39.9207212Z ##[endgroup]
2025-11-05T13:22:39.9211315Z [command]/usr/bin/git submodule status
2025-11-05T13:22:39.9464572Z ##[group]Cleaning the repository
2025-11-05T13:22:39.9471487Z [command]/usr/bin/git clean -ffdx
2025-11-05T13:22:39.9522538Z [command]/usr/bin/git reset --hard HEAD
2025-11-05T13:22:39.9597722Z HEAD is now at 9c7d8e3 [BOT] Download Logs
2025-11-05T13:22:39.9610987Z ##[endgroup]
2025-11-05T13:22:39.9612024Z ##[group]Disabling automatic garbage collection
2025-11-05T13:22:39.9612871Z [command]/usr/bin/git config --local gc.auto 0
2025-11-05T13:22:39.9644672Z ##[endgroup]
2025-11-05T13:22:39.9645243Z ##[group]Setting up auth
2025-11-05T13:22:39.9651949Z [command]/usr/bin/git config --local --name-only --get-regexp core\.sshCommand
2025-11-05T13:22:39.9682174Z [command]/usr/bin/git submodule foreach --recursive sh -c "git config --local --name-only --get-regexp 'core\.sshCommand' && git config --local --unset-all 'core.sshCommand' || :"
2025-11-05T13:22:39.9916452Z [command]/usr/bin/git config --local --name-only --get-regexp http\.https\:\/\/github\.com\/\.extraheader
2025-11-05T13:22:39.9939361Z http.https://github.com/.extraheader
2025-11-05T13:22:39.9948639Z [command]/usr/bin/git config --local --unset-all http.https://github.com/.extraheader
2025-11-05T13:22:39.9977986Z [command]/usr/bin/git submodule foreach --recursive sh -c "git config --local --name-only --get-regexp 'http\.https\:\/\/github\.com\/\.extraheader' && git config --local --unset-all 'http.https://github.com/.extraheader' || :"
2025-11-05T13:22:40.0213197Z [command]/usr/bin/git config --local http.https://github.com/.extraheader AUTHORIZATION: basic ***
2025-11-05T13:22:40.0248881Z ##[endgroup]
2025-11-05T13:22:40.0249507Z ##[group]Fetching the repository
2025-11-05T13:22:40.0257776Z [command]/usr/bin/git -c protocol.version=2 fetch --no-tags --prune --no-recurse-submodules --depth=1 origin +refs/heads/main*:refs/remotes/origin/main* +refs/tags/main*:refs/tags/main*
2025-11-05T13:22:40.2410716Z ##[endgroup]
2025-11-05T13:22:40.2411356Z ##[group]Determining the checkout info
2025-11-05T13:22:40.2418891Z [command]/usr/bin/git branch --list --remote origin/main
2025-11-05T13:22:40.2443006Z   origin/main
2025-11-05T13:22:40.2447105Z ##[endgroup]
2025-11-05T13:22:40.2451709Z [command]/usr/bin/git sparse-checkout disable
2025-11-05T13:22:40.2498100Z [command]/usr/bin/git config --local --unset-all extensions.worktreeConfig
2025-11-05T13:22:40.2524619Z ##[group]Checking out the ref
2025-11-05T13:22:40.2528543Z [command]/usr/bin/git checkout --progress --force -B main refs/remotes/origin/main
2025-11-05T13:22:40.2587109Z Switched to a new branch 'main'
2025-11-05T13:22:40.2589499Z branch 'main' set up to track 'origin/main'.
2025-11-05T13:22:40.2596320Z ##[endgroup]
2025-11-05T13:22:40.2632074Z [command]/usr/bin/git log -1 --format=%H
2025-11-05T13:22:40.2655614Z 9c7d8e30dd620147309669a00d9b7ca3cd10bcc8
2025-11-05T13:22:40.2761924Z ##[group]Run timeout 359m python3 message_viewer.py || { [[ $? -eq 124 ]] && exit 0; }
2025-11-05T13:22:40.2762491Z [36;1mtimeout 359m python3 message_viewer.py || { [[ $? -eq 124 ]] && exit 0; }[0m
2025-11-05T13:22:40.2797807Z shell: /usr/bin/bash -e {0}
2025-11-05T13:22:40.2798037Z env:
2025-11-05T13:22:40.2798536Z   pythonLocation: /opt/hostedtoolcache/Python/3.13.9/x64
2025-11-05T13:22:40.2799177Z   PKG_CONFIG_PATH: /opt/hostedtoolcache/Python/3.13.9/x64/lib/pkgconfig
2025-11-05T13:22:40.2799792Z   Python_ROOT_DIR: /opt/hostedtoolcache/Python/3.13.9/x64
2025-11-05T13:22:40.2800343Z   Python2_ROOT_DIR: /opt/hostedtoolcache/Python/3.13.9/x64
2025-11-05T13:22:40.2800878Z   Python3_ROOT_DIR: /opt/hostedtoolcache/Python/3.13.9/x64
2025-11-05T13:22:40.2801420Z   LD_LIBRARY_PATH: /opt/hostedtoolcache/Python/3.13.9/x64/lib
2025-11-05T13:22:40.2802038Z   PASS: ***
2025-11-05T13:22:40.2802311Z ##[endgroup]
2025-11-05T13:22:41.8067804Z Thanks for giving credit for CloudRequests!
2025-11-05T13:22:41.8075551Z Request handler is running
2025-11-05T16:23:19.3587801Z CloudEvents: Disconnected. Reconnecting ... 1762348973.2713873
2025-11-05T16:23:19.3588608Z CloudEvents: Reconnected. 1762348973.3715868
2025-11-05T16:23:19.3589229Z CloudEvents: Disconnected. Reconnecting ... 1762349225.251424
2025-11-05T16:23:19.3589664Z CloudEvents: Reconnected. 1762349225.3515778
2025-11-05T16:23:19.3590168Z CloudEvents: Disconnected. Reconnecting ... 1762349336.193119
2025-11-05T16:23:19.3590662Z CloudEvents: Reconnected. 1762349336.2933192
2025-11-05T16:23:19.3591175Z CloudEvents: Disconnected. Reconnecting ... 1762349350.4848673
2025-11-05T16:23:19.3591669Z CloudEvents: Reconnected. 1762349350.5850456
2025-11-05T16:23:19.3592162Z CloudEvents: Disconnected. Reconnecting ... 1762349351.0238922
2025-11-05T16:23:19.3592659Z CloudEvents: Reconnected. 1762349351.1240602
2025-11-05T16:23:19.3593125Z CloudEvents: Disconnected. Reconnecting ... 1762349531.12342
2025-11-05T16:23:19.3593606Z CloudEvents: Reconnected. 1762349531.2236178
2025-11-05T16:23:19.3593983Z CloudEvents: Disconnected. Reconnecting ... 1762349687.8231118
2025-11-05T16:23:19.3594370Z CloudEvents: Reconnected. 1762349687.9232888
2025-11-05T16:23:19.3594745Z CloudEvents: Disconnected. Reconnecting ... 1762349811.2628798
2025-11-05T16:23:19.3595504Z CloudEvents: Reconnected. 1762349811.3630607
2025-11-05T16:23:19.3595889Z CloudEvents: Disconnected. Reconnecting ... 1762349828.0221806
2025-11-05T16:23:19.3596278Z CloudEvents: Reconnected. 1762349828.1223567
2025-11-05T16:23:19.3596661Z CloudEvents: Disconnected. Reconnecting ... 1762349988.155576
2025-11-05T16:23:19.3597046Z CloudEvents: Reconnected. 1762349988.2557437
2025-11-05T16:23:19.3597384Z CloudEvents: Disconnected. Reconnecting ... 1762350124.2606304
2025-11-05T16:23:19.3597706Z CloudEvents: Reconnected. 1762350124.3608098
2025-11-05T16:23:19.3598027Z CloudEvents: Disconnected. Reconnecting ... 1762350132.0199058
2025-11-05T16:23:19.3598673Z CloudEvents: Reconnected. 1762350132.1200929
2025-11-05T16:23:19.3598991Z CloudEvents: Disconnected. Reconnecting ... 1762350261.14398
2025-11-05T16:23:19.3599309Z CloudEvents: Reconnected. 1762350261.244171
2025-11-05T16:23:19.3599619Z CloudEvents: Disconnected. Reconnecting ... 1762350289.3020263
2025-11-05T16:23:19.3599953Z CloudEvents: Reconnected. 1762350289.4022136
2025-11-05T16:23:19.3600265Z CloudEvents: Disconnected. Reconnecting ... 1762350310.424948
2025-11-05T16:23:19.3600576Z CloudEvents: Reconnected. 1762350310.525087
2025-11-05T16:23:19.3600887Z CloudEvents: Disconnected. Reconnecting ... 1762350564.1043177
2025-11-05T16:23:19.3601201Z CloudEvents: Reconnected. 1762350564.204477
2025-11-05T16:23:19.3601501Z CloudEvents: Disconnected. Reconnecting ... 1762350656.2419622
2025-11-05T16:23:19.3601819Z CloudEvents: Reconnected. 1762350656.3421478
2025-11-05T16:23:19.3602126Z CloudEvents: Disconnected. Reconnecting ... 1762351060.0543416
2025-11-05T16:23:19.3602442Z CloudEvents: Reconnected. 1762351060.15451
2025-11-05T16:23:19.3602988Z CloudEvents: Disconnected. Reconnecting ... 1762351101.8237348
2025-11-05T16:23:19.3603308Z CloudEvents: Reconnected. 1762351101.9239333
2025-11-05T16:23:19.3603622Z CloudEvents: Disconnected. Reconnecting ... 1762351102.5043805
2025-11-05T16:23:19.3603944Z CloudEvents: Reconnected. 1762351102.6045575
2025-11-05T16:23:19.3604248Z CloudEvents: Disconnected. Reconnecting ... 1762351282.6756775
2025-11-05T16:23:19.3604565Z CloudEvents: Reconnected. 1762351282.7758749
2025-11-05T16:23:19.3604875Z CloudEvents: Disconnected. Reconnecting ... 1762351538.680518
2025-11-05T16:23:19.3605186Z CloudEvents: Reconnected. 1762351538.7806869
2025-11-05T16:23:19.3605495Z CloudEvents: Disconnected. Reconnecting ... 1762351768.0197976
2025-11-05T16:23:19.3605811Z CloudEvents: Reconnected. 1762351768.119967
2025-11-05T16:23:19.3606114Z CloudEvents: Disconnected. Reconnecting ... 1762351904.6856647
2025-11-05T16:23:19.3606439Z CloudEvents: Reconnected. 1762351904.7858527
2025-11-05T16:23:19.3606754Z CloudEvents: Disconnected. Reconnecting ... 1762351928.5543404
2025-11-05T16:23:19.3607069Z CloudEvents: Reconnected. 1762351928.654496
2025-11-05T16:23:19.3607372Z CloudEvents: Disconnected. Reconnecting ... 1762351994.9801085
2025-11-05T16:23:19.3607680Z CloudEvents: Reconnected. 1762351995.0802786
2025-11-05T16:23:19.3607989Z CloudEvents: Disconnected. Reconnecting ... 1762351995.4665825
2025-11-05T16:23:19.3608487Z CloudEvents: Reconnected. 1762351995.5667481
2025-11-05T16:23:19.3608785Z CloudEvents: Disconnected. Reconnecting ... 1762352255.6941
2025-11-05T16:23:19.3609104Z CloudEvents: Reconnected. 1762352255.7942624
2025-11-05T16:23:19.3609410Z CloudEvents: Disconnected. Reconnecting ... 1762352909.161234
2025-11-05T16:23:19.3609715Z CloudEvents: Reconnected. 1762352909.2613783
2025-11-05T16:23:19.3610016Z CloudEvents: Disconnected. Reconnecting ... 1762352910.819441
2025-11-05T16:23:19.3610323Z CloudEvents: Reconnected. 1762352910.9196181
2025-11-05T16:23:19.3610625Z CloudEvents: Disconnected. Reconnecting ... 1762352913.3246741
2025-11-05T16:23:19.3610940Z CloudEvents: Reconnected. 1762352913.4248784
2025-11-05T16:23:19.3611241Z CloudEvents: Disconnected. Reconnecting ... 1762353152.8089561
2025-11-05T16:23:19.3611554Z CloudEvents: Reconnected. 1762353152.9091218
2025-11-05T16:23:19.3611992Z CloudEvents: Disconnected. Reconnecting ... 1762353171.3244987
2025-11-05T16:23:19.3612371Z CloudEvents: Reconnected. 1762353171.424659
2025-11-05T16:23:19.3612705Z CloudEvents: Disconnected. Reconnecting ... 1762353189.1605713
2025-11-05T16:23:19.3613014Z CloudEvents: Reconnected. 1762353189.26075
2025-11-05T16:23:19.3613319Z CloudEvents: Disconnected. Reconnecting ... 1762353189.681693
2025-11-05T16:23:19.3613631Z CloudEvents: Reconnected. 1762353189.7819035
2025-11-05T16:23:19.3613938Z CloudEvents: Disconnected. Reconnecting ... 1762353209.6047544
2025-11-05T16:23:19.3614250Z CloudEvents: Reconnected. 1762353209.7049224
2025-11-05T16:23:19.3614549Z CloudEvents: Disconnected. Reconnecting ... 1762353314.0826445
2025-11-05T16:23:19.3614864Z CloudEvents: Reconnected. 1762353314.1828372
2025-11-05T16:23:19.3615162Z CloudEvents: Disconnected. Reconnecting ... 1762353314.531344
2025-11-05T16:23:19.3615476Z CloudEvents: Reconnected. 1762353314.6315196
2025-11-05T16:23:19.3615790Z CloudEvents: Disconnected. Reconnecting ... 1762353738.4874434
2025-11-05T16:23:19.3616095Z CloudEvents: Reconnected. 1762353738.5876296
2025-11-05T16:23:19.3616397Z CloudEvents: Disconnected. Reconnecting ... 1762353738.951044
2025-11-05T16:23:19.3616712Z CloudEvents: Reconnected. 1762353739.0512364
2025-11-05T16:23:19.3617330Z CloudEvents: Disconnected. Reconnecting ... 1762353966.5220182
2025-11-05T16:23:19.3617882Z CloudEvents: Reconnected. 1762353966.6222107
2025-11-05T16:23:19.3618616Z CloudEvents: Disconnected. Reconnecting ... 1762354044.506769
2025-11-05T16:23:19.3619160Z CloudEvents: Reconnected. 1762354044.6069658
2025-11-05T16:23:19.3619663Z CloudEvents: Disconnected. Reconnecting ... 1762354369.265992
2025-11-05T16:23:19.3619977Z CloudEvents: Reconnected. 1762354369.3661563
2025-11-05T16:23:19.3620485Z CloudEvents: Disconnected. Reconnecting ... 1762354369.751557
2025-11-05T16:23:19.3620804Z CloudEvents: Reconnected. 1762354369.851696
2025-11-05T16:23:19.3621103Z CloudEvents: Disconnected. Reconnecting ... 1762355099.161099
2025-11-05T16:23:19.3621452Z CloudEvents: Reconnected. 1762355099.2612863
2025-11-05T16:23:19.3621764Z CloudEvents: Disconnected. Reconnecting ... 1762355169.1250126
2025-11-05T16:23:19.3622076Z CloudEvents: Reconnected. 1762355169.225183
2025-11-05T16:23:19.3622386Z CloudEvents: Disconnected. Reconnecting ... 1762355171.3464482
2025-11-05T16:23:19.3622696Z CloudEvents: Reconnected. 1762355171.4466157
2025-11-05T16:23:19.3623008Z CloudEvents: Disconnected. Reconnecting ... 1762355432.720726
2025-11-05T16:23:19.3623314Z CloudEvents: Reconnected. 1762355432.8209271
2025-11-05T16:23:19.3623625Z CloudEvents: Disconnected. Reconnecting ... 1762355597.623462
2025-11-05T16:23:19.3623934Z CloudEvents: Reconnected. 1762355597.7236454
2025-11-05T16:23:19.3624241Z CloudEvents: Disconnected. Reconnecting ... 1762355750.7629857
2025-11-05T16:23:19.3633263Z CloudEvents: Reconnected. 1762355750.86318
2025-11-05T16:23:19.3633850Z CloudEvents: Disconnected. Reconnecting ... 1762355977.657761
2025-11-05T16:23:19.3634376Z CloudEvents: Reconnected. 1762355977.7579422
2025-11-05T16:23:19.3634832Z CloudEvents: Disconnected. Reconnecting ... 1762355978.1500752
2025-11-05T16:23:19.3635168Z CloudEvents: Reconnected. 1762355978.2502549
2025-11-05T16:23:19.3635484Z CloudEvents: Disconnected. Reconnecting ... 1762356014.32267
2025-11-05T16:23:19.3635813Z CloudEvents: Reconnected. 1762356014.422883
2025-11-05T16:23:19.3636138Z CloudEvents: Disconnected. Reconnecting ... 1762356067.98603
2025-11-05T16:23:19.3636457Z CloudEvents: Reconnected. 1762356068.086211
2025-11-05T16:23:19.3636766Z CloudEvents: Disconnected. Reconnecting ... 1762356068.4379687
2025-11-05T16:23:19.3637087Z CloudEvents: Reconnected. 1762356068.538135
2025-11-05T16:23:19.3637403Z CloudEvents: Disconnected. Reconnecting ... 1762356478.8708525
2025-11-05T16:23:19.3637719Z CloudEvents: Reconnected. 1762356478.9709935
2025-11-05T16:23:19.3638034Z CloudEvents: Disconnected. Reconnecting ... 1762357030.4783232
2025-11-05T16:23:19.3638581Z CloudEvents: Reconnected. 1762357030.5784914
2025-11-05T16:23:19.3639099Z CloudEvents: Disconnected. Reconnecting ... 1762357030.9746962
2025-11-05T16:23:19.3639425Z CloudEvents: Reconnected. 1762357031.0748549
2025-11-05T16:23:19.3639739Z CloudEvents: Disconnected. Reconnecting ... 1762357035.2462025
2025-11-05T16:23:19.3640055Z CloudEvents: Reconnected. 1762357035.3463528
2025-11-05T16:23:19.3640372Z CloudEvents: Disconnected. Reconnecting ... 1762357060.201927
2025-11-05T16:23:19.3640685Z CloudEvents: Reconnected. 1762357060.3020756
2025-11-05T16:23:19.3640994Z CloudEvents: Disconnected. Reconnecting ... 1762357410.2299006
2025-11-05T16:23:19.3641309Z CloudEvents: Reconnected. 1762357410.3300617
2025-11-05T16:23:19.3641614Z CloudEvents: Disconnected. Reconnecting ... 1762357410.728045
2025-11-05T16:23:19.3641931Z CloudEvents: Reconnected. 1762357410.828184
2025-11-05T16:23:19.3642244Z CloudEvents: Disconnected. Reconnecting ... 1762358013.6643953
2025-11-05T16:23:19.3642554Z CloudEvents: Reconnected. 1762358013.7645464
2025-11-05T16:23:19.3642869Z CloudEvents: Disconnected. Reconnecting ... 1762358254.7137764
2025-11-05T16:23:19.3643176Z CloudEvents: Reconnected. 1762358254.8139307
2025-11-05T16:23:19.3643486Z CloudEvents: Disconnected. Reconnecting ... 1762358310.554505
2025-11-05T16:23:19.3643802Z CloudEvents: Reconnected. 1762358310.6546695
2025-11-05T16:23:19.3644105Z CloudEvents: Disconnected. Reconnecting ... 1762358576.615898
2025-11-05T16:23:19.3644416Z CloudEvents: Reconnected. 1762358576.7160819
2025-11-05T16:23:19.3644725Z CloudEvents: Disconnected. Reconnecting ... 1762358747.7366416
2025-11-05T16:23:19.3645034Z CloudEvents: Reconnected. 1762358747.8368397
2025-11-05T16:23:19.3645339Z CloudEvents: Disconnected. Reconnecting ... 1762359450.0045507
2025-11-05T16:23:19.3645779Z CloudEvents: Reconnected. 1762359450.104745
2025-11-05T16:23:19.3646091Z CloudEvents: Disconnected. Reconnecting ... 1762359706.406779
2025-11-05T16:23:19.3646418Z CloudEvents: Reconnected. 1762359706.506961
2025-11-05T16:23:19.3646750Z CloudEvents: Disconnected. Reconnecting ... 1762359737.0088525
2025-11-05T16:23:19.3647065Z CloudEvents: Reconnected. 1762359737.109058
2025-11-05T16:23:19.3647382Z CloudEvents: Disconnected. Reconnecting ... 1762359762.5291245
2025-11-05T16:23:19.3647693Z CloudEvents: Reconnected. 1762359762.629284
2025-11-05T16:23:19.3648002Z CloudEvents: Disconnected. Reconnecting ... 1762359771.177645
2025-11-05T16:23:19.3648539Z CloudEvents: Reconnected. 1762359771.2778409
2025-11-05T16:23:19.3648856Z CloudEvents: Disconnected. Reconnecting ... 1762359776.1171026
2025-11-05T16:23:19.3649172Z CloudEvents: Reconnected. 1762359776.2173142
2025-11-05T16:23:19.3649488Z CloudEvents: Disconnected. Reconnecting ... 1762359777.6327567
2025-11-05T16:23:19.3649799Z CloudEvents: Reconnected. 1762359777.7329307
2025-11-05T16:23:19.3650114Z CloudEvents: Disconnected. Reconnecting ... 1762359781.67137
2025-11-05T16:23:19.3650426Z CloudEvents: Reconnected. 1762359781.771553
2025-11-05T16:23:19.3650730Z CloudEvents: Disconnected. Reconnecting ... 1762359782.1481707
2025-11-05T16:23:19.3651047Z CloudEvents: Reconnected. 1762359782.2483392
2025-11-05T18:14:40.4708497Z CloudEvents: Disconnected. Reconnecting ... 1762359799.358545
2025-11-05T18:14:40.4709202Z CloudEvents: Reconnected. 1762359799.458778
2025-11-05T18:14:40.4709846Z CloudEvents: Disconnected. Reconnecting ... 1762359799.7921631
2025-11-05T18:14:40.4710324Z CloudEvents: Reconnected. 1762359799.8923416
2025-11-05T18:14:40.4710762Z CloudEvents: Disconnected. Reconnecting ... 1762359803.94487
2025-11-05T18:14:40.4711291Z CloudEvents: Reconnected. 1762359804.0450294
2025-11-05T18:14:40.4711691Z CloudEvents: Disconnected. Reconnecting ... 1762359804.3798728
2025-11-05T18:14:40.4712055Z CloudEvents: Reconnected. 1762359804.4800737
2025-11-05T18:14:40.4712434Z CloudEvents: Disconnected. Reconnecting ... 1762359811.7614958
2025-11-05T18:14:40.4712790Z CloudEvents: Reconnected. 1762359811.8616884
2025-11-05T18:14:40.4713136Z CloudEvents: Disconnected. Reconnecting ... 1762359812.2257323
2025-11-05T18:14:40.4713839Z CloudEvents: Reconnected. 1762359812.3258939
2025-11-05T18:14:40.4714189Z CloudEvents: Disconnected. Reconnecting ... 1762359878.840404
2025-11-05T18:14:40.4714542Z CloudEvents: Reconnected. 1762359878.9405725
2025-11-05T18:14:40.4714891Z CloudEvents: Disconnected. Reconnecting ... 1762360038.0811605
2025-11-05T18:14:40.4715246Z CloudEvents: Reconnected. 1762360038.1813664
2025-11-05T18:14:40.4715588Z CloudEvents: Disconnected. Reconnecting ... 1762360049.4136274
2025-11-05T18:14:40.4715942Z CloudEvents: Reconnected. 1762360049.5137894
2025-11-05T18:14:40.4716288Z CloudEvents: Disconnected. Reconnecting ... 1762360053.7477784
2025-11-05T18:14:40.4716638Z CloudEvents: Reconnected. 1762360053.847968
2025-11-05T18:14:40.4716993Z CloudEvents: Disconnected. Reconnecting ... 1762360320.6909668
2025-11-05T18:14:40.4717352Z CloudEvents: Reconnected. 1762360320.7911644
2025-11-05T18:14:40.4717695Z CloudEvents: Disconnected. Reconnecting ... 1762360321.147022
2025-11-05T18:14:40.4718050Z CloudEvents: Reconnected. 1762360321.2472246
2025-11-05T18:14:40.4718688Z CloudEvents: Disconnected. Reconnecting ... 1762360419.4362454
2025-11-05T18:14:40.4719061Z CloudEvents: Reconnected. 1762360419.5364432
2025-11-05T18:14:40.4719541Z CloudEvents: Disconnected. Reconnecting ... 1762360587.4529507
2025-11-05T18:14:40.4719890Z CloudEvents: Reconnected. 1762360587.5531578
2025-11-05T18:14:40.4720237Z CloudEvents: Disconnected. Reconnecting ... 1762360587.9212024
2025-11-05T18:14:40.4720598Z CloudEvents: Reconnected. 1762360588.0213852
2025-11-05T18:14:40.4721137Z CloudEvents: Disconnected. Reconnecting ... 1762360607.7111506
2025-11-05T18:14:40.4721719Z CloudEvents: Reconnected. 1762360607.8113124
2025-11-05T18:14:40.4722308Z CloudEvents: Disconnected. Reconnecting ... 1762360612.4666717
2025-11-05T18:14:40.4723094Z CloudEvents: Reconnected. 1762360612.566875
2025-11-05T18:14:40.4723432Z CloudEvents: Disconnected. Reconnecting ... 1762360619.3140166
2025-11-05T18:14:40.4723754Z CloudEvents: Reconnected. 1762360619.4141865
2025-11-05T18:14:40.4724069Z CloudEvents: Disconnected. Reconnecting ... 1762360713.2536957
2025-11-05T18:14:40.4724383Z CloudEvents: Reconnected. 1762360713.35389
2025-11-05T18:14:40.4724688Z CloudEvents: Disconnected. Reconnecting ... 1762360822.8803408
2025-11-05T18:14:40.4725005Z CloudEvents: Reconnected. 1762360822.9805393
2025-11-05T18:14:40.4725332Z CloudEvents: Disconnected. Reconnecting ... 1762360823.388721
2025-11-05T18:14:40.4725651Z CloudEvents: Reconnected. 1762360823.4889042
2025-11-05T18:14:40.4725956Z CloudEvents: Disconnected. Reconnecting ... 1762360828.983308
2025-11-05T18:14:40.4726273Z CloudEvents: Reconnected. 1762360829.083475
2025-11-05T18:14:40.4726586Z CloudEvents: Disconnected. Reconnecting ... 1762361016.2497034
2025-11-05T18:14:40.4726916Z CloudEvents: Reconnected. 1762361016.3499029
2025-11-05T18:14:40.4727250Z CloudEvents: Disconnected. Reconnecting ... 1762361075.6006784
2025-11-05T18:14:40.4727573Z CloudEvents: Reconnected. 1762361075.700883
2025-11-05T18:14:40.4727891Z CloudEvents: Disconnected. Reconnecting ... 1762361153.5619397
2025-11-05T18:14:40.4728483Z CloudEvents: Reconnected. 1762361153.6621444
2025-11-05T18:14:40.4728797Z CloudEvents: Disconnected. Reconnecting ... 1762361154.0023177
2025-11-05T18:14:40.4729110Z CloudEvents: Reconnected. 1762361154.1025152
2025-11-05T18:14:40.4729419Z CloudEvents: Disconnected. Reconnecting ... 1762361173.809799
2025-11-05T18:14:40.4729730Z CloudEvents: Reconnected. 1762361173.9099998
2025-11-05T18:14:40.4730036Z CloudEvents: Disconnected. Reconnecting ... 1762361339.951138
2025-11-05T18:14:40.4730345Z CloudEvents: Reconnected. 1762361340.0513113
2025-11-05T18:14:40.4730653Z CloudEvents: Disconnected. Reconnecting ... 1762361356.4786365
2025-11-05T18:14:40.4730964Z CloudEvents: Reconnected. 1762361356.5788498
2025-11-05T18:14:40.4731271Z CloudEvents: Disconnected. Reconnecting ... 1762361383.8943887
2025-11-05T18:14:40.4731583Z CloudEvents: Reconnected. 1762361383.9945898
2025-11-05T18:14:40.4731887Z CloudEvents: Disconnected. Reconnecting ... 1762361384.3425994
2025-11-05T18:14:40.4732339Z CloudEvents: Reconnected. 1762361384.4427884
2025-11-05T18:14:40.4732642Z CloudEvents: Disconnected. Reconnecting ... 1762361443.5532603
2025-11-05T18:14:40.4732949Z CloudEvents: Reconnected. 1762361443.6534822
2025-11-05T18:14:40.4733251Z CloudEvents: Disconnected. Reconnecting ... 1762361477.197692
2025-11-05T18:14:40.4733562Z CloudEvents: Reconnected. 1762361477.2978952
2025-11-05T18:14:40.4733866Z CloudEvents: Disconnected. Reconnecting ... 1762361700.6767747
2025-11-05T18:14:40.4734173Z CloudEvents: Reconnected. 1762361700.776973
2025-11-05T18:14:40.4734481Z CloudEvents: Disconnected. Reconnecting ... 1762361728.9929347
2025-11-05T18:14:40.4734790Z CloudEvents: Reconnected. 1762361729.0931072
2025-11-05T18:14:40.4735092Z CloudEvents: Disconnected. Reconnecting ... 1762361991.590654
2025-11-05T18:14:40.4735403Z CloudEvents: Reconnected. 1762361991.6908586
2025-11-05T18:14:40.4735707Z CloudEvents: Disconnected. Reconnecting ... 1762361995.3711467
2025-11-05T18:14:40.4736023Z CloudEvents: Reconnected. 1762361995.471341
2025-11-05T18:14:40.4736327Z CloudEvents: Disconnected. Reconnecting ... 1762362311.373808
2025-11-05T18:14:40.4736640Z CloudEvents: Reconnected. 1762362311.4740276
2025-11-05T18:14:40.4736968Z CloudEvents: Disconnected. Reconnecting ... 1762362315.056413
2025-11-05T18:14:40.4737301Z CloudEvents: Reconnected. 1762362315.156605
2025-11-05T18:14:40.4737616Z CloudEvents: Disconnected. Reconnecting ... 1762362328.0770788
2025-11-05T18:14:40.4737938Z CloudEvents: Reconnected. 1762362328.177246
2025-11-05T18:14:40.4738376Z CloudEvents: Disconnected. Reconnecting ... 1762362404.8115978
2025-11-05T18:14:40.4738702Z CloudEvents: Reconnected. 1762362404.911793
2025-11-05T18:14:40.4740541Z CloudEvents: Disconnected. Reconnecting ... 1762362524.6236503
2025-11-05T18:14:40.4740954Z CloudEvents: Reconnected. 1762362524.7238827
2025-11-05T18:14:40.4741284Z CloudEvents: Disconnected. Reconnecting ... 1762362650.1646504
2025-11-05T18:14:40.4741613Z CloudEvents: Reconnected. 1762362650.2648616
2025-11-05T18:14:40.4741924Z CloudEvents: Disconnected. Reconnecting ... 1762362676.5828526
2025-11-05T18:14:40.4742248Z CloudEvents: Reconnected. 1762362676.6830482
2025-11-05T18:14:40.4742567Z CloudEvents: Disconnected. Reconnecting ... 1762362677.0219522
2025-11-05T18:14:40.4742879Z CloudEvents: Reconnected. 1762362677.1220946
2025-11-05T18:14:40.4743188Z CloudEvents: Disconnected. Reconnecting ... 1762363170.3705053
2025-11-05T18:14:40.4743500Z CloudEvents: Reconnected. 1762363170.4706936
2025-11-05T18:14:40.4743801Z CloudEvents: Disconnected. Reconnecting ... 1762363243.8059177
2025-11-05T18:14:40.4744116Z CloudEvents: Reconnected. 1762363243.9061162
2025-11-05T18:14:40.4744422Z CloudEvents: Disconnected. Reconnecting ... 1762363491.8903573
2025-11-05T18:14:40.4744735Z CloudEvents: Reconnected. 1762363491.9905083
2025-11-05T18:14:40.4745040Z CloudEvents: Disconnected. Reconnecting ... 1762363530.9181795
2025-11-05T18:14:40.4745352Z CloudEvents: Reconnected. 1762363531.01834
2025-11-05T18:14:40.4745661Z CloudEvents: Disconnected. Reconnecting ... 1762363582.85275
2025-11-05T18:14:40.4745973Z CloudEvents: Reconnected. 1762363582.9528987
2025-11-05T18:14:40.4746274Z CloudEvents: Disconnected. Reconnecting ... 1762363679.8138783
2025-11-05T18:14:40.4746588Z CloudEvents: Reconnected. 1762363679.9140198
2025-11-05T18:14:40.4746895Z CloudEvents: Disconnected. Reconnecting ... 1762363750.668527
2025-11-05T18:14:40.4747200Z CloudEvents: Reconnected. 1762363750.7686918
2025-11-05T18:14:40.4747503Z CloudEvents: Disconnected. Reconnecting ... 1762363814.548369
2025-11-05T18:14:40.4747812Z CloudEvents: Reconnected. 1762363814.6485174
2025-11-05T18:14:40.4748305Z CloudEvents: Disconnected. Reconnecting ... 1762363894.8799398
2025-11-05T18:14:40.4748676Z CloudEvents: Reconnected. 1762363894.9800925
2025-11-05T18:14:40.4748982Z CloudEvents: Disconnected. Reconnecting ... 1762363906.8756297
2025-11-05T18:14:40.4749289Z CloudEvents: Reconnected. 1762363906.9757721
2025-11-05T18:14:40.4749901Z CloudEvents: Disconnected. Reconnecting ... 1762364113.8155444
2025-11-05T18:14:40.4750212Z CloudEvents: Reconnected. 1762364113.915694
2025-11-05T18:14:40.4750516Z CloudEvents: Disconnected. Reconnecting ... 1762364236.8940678
2025-11-05T18:14:40.4750834Z CloudEvents: Reconnected. 1762364236.9942164
2025-11-05T18:14:40.4751133Z CloudEvents: Disconnected. Reconnecting ... 1762364237.3889766
2025-11-05T18:14:40.4751442Z CloudEvents: Reconnected. 1762364237.4891088
2025-11-05T18:14:40.4751744Z CloudEvents: Disconnected. Reconnecting ... 1762364262.002205
2025-11-05T18:14:40.4752044Z CloudEvents: Reconnected. 1762364262.1023524
2025-11-05T18:14:40.4752346Z CloudEvents: Disconnected. Reconnecting ... 1762364317.7817829
2025-11-05T18:14:40.4752679Z CloudEvents: Reconnected. 1762364317.8819292
2025-11-05T18:14:40.4752987Z CloudEvents: Disconnected. Reconnecting ... 1762364380.1874442
2025-11-05T18:14:40.4753293Z CloudEvents: Reconnected. 1762364380.2876077
2025-11-05T18:14:40.4753605Z CloudEvents: Disconnected. Reconnecting ... 1762364397.0907214
2025-11-05T18:14:40.4753923Z CloudEvents: Reconnected. 1762364397.1908739
2025-11-05T18:14:40.4754220Z CloudEvents: Disconnected. Reconnecting ... 1762364784.630524
2025-11-05T18:14:40.4754534Z CloudEvents: Reconnected. 1762364784.7306712
2025-11-05T18:14:40.4754841Z CloudEvents: Disconnected. Reconnecting ... 1762364813.0967517
2025-11-05T18:14:40.4755147Z CloudEvents: Reconnected. 1762364813.1968985
2025-11-05T18:14:40.4755454Z CloudEvents: Disconnected. Reconnecting ... 1762364904.8197124
2025-11-05T18:14:40.4763340Z CloudEvents: Reconnected. 1762364904.9198697
2025-11-05T18:14:40.4763717Z CloudEvents: Disconnected. Reconnecting ... 1762364969.8829758
2025-11-05T18:14:40.4764064Z CloudEvents: Reconnected. 1762364969.983124
2025-11-05T18:14:40.4764572Z CloudEvents: Disconnected. Reconnecting ... 1762365015.0879495
2025-11-05T18:14:40.4764901Z CloudEvents: Reconnected. 1762365015.1881092
2025-11-05T18:14:40.4765215Z CloudEvents: Disconnected. Reconnecting ... 1762365188.7453935
2025-11-05T18:14:40.4765536Z CloudEvents: Reconnected. 1762365188.845537
2025-11-05T18:14:40.4765840Z CloudEvents: Disconnected. Reconnecting ... 1762365246.4857745
2025-11-05T18:14:40.4766155Z CloudEvents: Reconnected. 1762365246.585939
2025-11-05T18:14:40.4766459Z CloudEvents: Disconnected. Reconnecting ... 1762365282.5356688
2025-11-05T18:14:40.4766763Z CloudEvents: Reconnected. 1762365282.635855
2025-11-05T18:14:40.4767067Z CloudEvents: Disconnected. Reconnecting ... 1762365586.1564395
2025-11-05T18:14:40.4767375Z CloudEvents: Reconnected. 1762365586.2565894
2025-11-05T18:14:40.4767689Z CloudEvents: Disconnected. Reconnecting ... 1762365788.0282383
2025-11-05T18:14:40.4768000Z CloudEvents: Reconnected. 1762365788.1283948
2025-11-05T18:14:40.4768564Z CloudEvents: Disconnected. Reconnecting ... 1762365794.7390294
2025-11-05T18:14:40.4768887Z CloudEvents: Reconnected. 1762365794.8391788
2025-11-05T18:14:40.4769199Z CloudEvents: Disconnected. Reconnecting ... 1762365855.8520048
2025-11-05T18:14:40.4769512Z CloudEvents: Reconnected. 1762365855.9521337
2025-11-05T18:14:40.4769819Z CloudEvents: Disconnected. Reconnecting ... 1762365953.0793889
2025-11-05T18:14:40.4770131Z CloudEvents: Reconnected. 1762365953.1795704
2025-11-05T18:14:40.4770436Z CloudEvents: Disconnected. Reconnecting ... 1762365953.5501373
2025-11-05T18:14:40.4770750Z CloudEvents: Reconnected. 1762365953.650265
2025-11-05T18:14:40.4771070Z CloudEvents: Disconnected. Reconnecting ... 1762366480.370436
2025-11-05T19:21:40.2898699Z CloudEvents: Reconnected.
2025-11-05T19:21:40.2951665Z Post job cleanup.
2025-11-05T19:21:40.3718887Z [command]/usr/bin/git version
2025-11-05T19:21:40.3785738Z git version 2.51.2
2025-11-05T19:21:40.3821923Z Temporarily overriding HOME='/home/runner/work/_temp/78c2d2eb-38bc-4523-887e-ad3ffa97b59f' before making global git config changes
2025-11-05T19:21:40.3822893Z Adding repository directory to the temporary git global config as a safe directory
2025-11-05T19:21:40.3827139Z [command]/usr/bin/git config --global --add safe.directory /home/runner/work/scratchattach/scratchattach
2025-11-05T19:21:40.3863079Z [command]/usr/bin/git config --local --name-only --get-regexp core\.sshCommand
2025-11-05T19:21:40.3895062Z [command]/usr/bin/git submodule foreach --recursive sh -c "git config --local --name-only --get-regexp 'core\.sshCommand' && git config --local --unset-all 'core.sshCommand' || :"
2025-11-05T19:21:40.4116234Z [command]/usr/bin/git config --local --name-only --get-regexp http\.https\:\/\/github\.com\/\.extraheader
2025-11-05T19:21:40.4137507Z http.https://github.com/.extraheader
2025-11-05T19:21:40.4147750Z [command]/usr/bin/git config --local --unset-all http.https://github.com/.extraheader
2025-11-05T19:21:40.4176838Z [command]/usr/bin/git submodule foreach --recursive sh -c "git config --local --name-only --get-regexp 'http\.https\:\/\/github\.com\/\.extraheader' && git config --local --unset-all 'http.https://github.com/.extraheader' || :"
2025-11-05T19:21:40.4511662Z Post job cleanup.
2025-11-05T19:21:40.5625364Z (node:4841) [DEP0040] DeprecationWarning: The `punycode` module is deprecated. Please use a userland alternative instead.
2025-11-05T19:21:40.5626555Z (Use `node --trace-deprecation ...` to show where the warning was created)
2025-11-05T19:21:40.5738880Z Post job cleanup.
2025-11-05T19:21:40.6491529Z [command]/usr/bin/git version
2025-11-05T19:21:40.6557904Z git version 2.51.2
2025-11-05T19:21:40.6593931Z Temporarily overriding HOME='/home/runner/work/_temp/81ee0d25-d8f8-4d26-b701-0a8e77392c01' before making global git config changes
2025-11-05T19:21:40.6595219Z Adding repository directory to the temporary git global config as a safe directory
2025-11-05T19:21:40.6600022Z [command]/usr/bin/git config --global --add safe.directory /home/runner/work/scratchattach/scratchattach
2025-11-05T19:21:40.6634317Z [command]/usr/bin/git config --local --name-only --get-regexp core\.sshCommand
2025-11-05T19:21:40.6665829Z [command]/usr/bin/git submodule foreach --recursive sh -c "git config --local --name-only --get-regexp 'core\.sshCommand' && git config --local --unset-all 'core.sshCommand' || :"
2025-11-05T19:21:40.6915894Z [command]/usr/bin/git config --local --name-only --get-regexp http\.https\:\/\/github\.com\/\.extraheader
2025-11-05T19:21:40.6950411Z [command]/usr/bin/git submodule foreach --recursive sh -c "git config --local --name-only --get-regexp 'http\.https\:\/\/github\.com\/\.extraheader' && git config --local --unset-all 'http.https://github.com/.extraheader' || :"
2025-11-05T19:21:40.7293809Z Cleaning up orphan processes
