2025-08-31T09:10:37.7519998Z Current runner version: '2.328.0'
2025-08-31T09:10:37.7543340Z ##[group]Runner Image Provisioner
2025-08-31T09:10:37.7544181Z Hosted Compute Agent
2025-08-31T09:10:37.7544825Z Version: 20250829.383
2025-08-31T09:10:37.7545430Z Commit: 27cb235aab5b0e52e153a26cd86b4742e89dac5d
2025-08-31T09:10:37.7546122Z Build Date: 2025-08-29T13:48:48Z
2025-08-31T09:10:37.7546757Z ##[endgroup]
2025-08-31T09:10:37.7547298Z ##[group]Operating System
2025-08-31T09:10:37.7547857Z Ubuntu
2025-08-31T09:10:37.7548280Z 24.04.3
2025-08-31T09:10:37.7548879Z LTS
2025-08-31T09:10:37.7549356Z ##[endgroup]
2025-08-31T09:10:37.7549801Z ##[group]Runner Image
2025-08-31T09:10:37.7550446Z Image: ubuntu-24.04
2025-08-31T09:10:37.7550976Z Version: 20250824.1.0
2025-08-31T09:10:37.7551956Z Included Software: https://github.com/actions/runner-images/blob/ubuntu24/20250824.1/images/ubuntu/Ubuntu2404-Readme.md
2025-08-31T09:10:37.7553889Z Image Release: https://github.com/actions/runner-images/releases/tag/ubuntu24%2F20250824.1
2025-08-31T09:10:37.7554954Z ##[endgroup]
2025-08-31T09:10:37.7555965Z ##[group]GITHUB_TOKEN Permissions
2025-08-31T09:10:37.7557730Z Contents: write
2025-08-31T09:10:37.7558411Z Metadata: read
2025-08-31T09:10:37.7558888Z ##[endgroup]
2025-08-31T09:10:37.7561216Z Secret source: Actions
2025-08-31T09:10:37.7562176Z Prepare workflow directory
2025-08-31T09:10:37.7884109Z Prepare all required actions
2025-08-31T09:10:37.7928721Z Getting action download info
2025-08-31T09:10:38.2782090Z Download action repository 'actions/checkout@v5' (SHA:08c6903cd8c0fde910a37f88322edcfb5dd907a8)
2025-08-31T09:10:38.3674496Z Download action repository 'actions/setup-python@v5.6.0' (SHA:a26af69be951a213d495a4c3e4e4022e16d87065)
2025-08-31T09:10:38.4489411Z Download action repository 'bossOfCode/install-scratchattach@v1.0.3' (SHA:be17a7cf1ecb5a7040eb42ef26c2e1fbe72bb25a)
2025-08-31T09:10:39.0167389Z Complete job name: Run Prioritzing Handler
2025-08-31T09:10:39.0890233Z ##[group]Run actions/checkout@v5
2025-08-31T09:10:39.0891158Z with:
2025-08-31T09:10:39.0891633Z   ref: main
2025-08-31T09:10:39.0892091Z   repository: Boss-1s/scratchattach
2025-08-31T09:10:39.0892827Z   token: ***
2025-08-31T09:10:39.0893454Z   ssh-strict: true
2025-08-31T09:10:39.0893916Z   ssh-user: git
2025-08-31T09:10:39.0894374Z   persist-credentials: true
2025-08-31T09:10:39.0894877Z   clean: true
2025-08-31T09:10:39.0895332Z   sparse-checkout-cone-mode: true
2025-08-31T09:10:39.0895883Z   fetch-depth: 1
2025-08-31T09:10:39.0896331Z   fetch-tags: false
2025-08-31T09:10:39.0896794Z   show-progress: true
2025-08-31T09:10:39.0897299Z   lfs: false
2025-08-31T09:10:39.0897746Z   submodules: false
2025-08-31T09:10:39.0898214Z   set-safe-directory: true
2025-08-31T09:10:39.0898973Z ##[endgroup]
2025-08-31T09:10:39.1795344Z Syncing repository: Boss-1s/scratchattach
2025-08-31T09:10:39.1797293Z ##[group]Getting Git version info
2025-08-31T09:10:39.1798270Z Working directory is '/home/runner/work/scratchattach/scratchattach'
2025-08-31T09:10:39.1799413Z [command]/usr/bin/git version
2025-08-31T09:10:39.1853387Z git version 2.51.0
2025-08-31T09:10:39.1873567Z ##[endgroup]
2025-08-31T09:10:39.1886766Z Temporarily overriding HOME='/home/runner/work/_temp/e3c9e543-4196-42d8-ba5e-022f51f8d4bd' before making global git config changes
2025-08-31T09:10:39.1888249Z Adding repository directory to the temporary git global config as a safe directory
2025-08-31T09:10:39.1891800Z [command]/usr/bin/git config --global --add safe.directory /home/runner/work/scratchattach/scratchattach
2025-08-31T09:10:39.1927671Z Deleting the contents of '/home/runner/work/scratchattach/scratchattach'
2025-08-31T09:10:39.1931550Z ##[group]Initializing the repository
2025-08-31T09:10:39.1936548Z [command]/usr/bin/git init /home/runner/work/scratchattach/scratchattach
2025-08-31T09:10:39.2013701Z hint: Using 'master' as the name for the initial branch. This default branch name
2025-08-31T09:10:39.2015237Z hint: is subject to change. To configure the initial branch name to use in all
2025-08-31T09:10:39.2017115Z hint: of your new repositories, which will suppress this warning, call:
2025-08-31T09:10:39.2018770Z hint:
2025-08-31T09:10:39.2019715Z hint: 	git config --global init.defaultBranch <name>
2025-08-31T09:10:39.2020406Z hint:
2025-08-31T09:10:39.2021033Z hint: Names commonly chosen instead of 'master' are 'main', 'trunk' and
2025-08-31T09:10:39.2022027Z hint: 'development'. The just-created branch can be renamed via this command:
2025-08-31T09:10:39.2022794Z hint:
2025-08-31T09:10:39.2023564Z hint: 	git branch -m <name>
2025-08-31T09:10:39.2024093Z hint:
2025-08-31T09:10:39.2025254Z hint: Disable this message with "git config set advice.defaultBranchName false"
2025-08-31T09:10:39.2026403Z Initialized empty Git repository in /home/runner/work/scratchattach/scratchattach/.git/
2025-08-31T09:10:39.2029286Z [command]/usr/bin/git remote add origin https://github.com/Boss-1s/scratchattach
2025-08-31T09:10:39.2064034Z ##[endgroup]
2025-08-31T09:10:39.2064872Z ##[group]Disabling automatic garbage collection
2025-08-31T09:10:39.2067222Z [command]/usr/bin/git config --local gc.auto 0
2025-08-31T09:10:39.2094411Z ##[endgroup]
2025-08-31T09:10:39.2095194Z ##[group]Setting up auth
2025-08-31T09:10:39.2100388Z [command]/usr/bin/git config --local --name-only --get-regexp core\.sshCommand
2025-08-31T09:10:39.2129363Z [command]/usr/bin/git submodule foreach --recursive sh -c "git config --local --name-only --get-regexp 'core\.sshCommand' && git config --local --unset-all 'core.sshCommand' || :"
2025-08-31T09:10:39.2419907Z [command]/usr/bin/git config --local --name-only --get-regexp http\.https\:\/\/github\.com\/\.extraheader
2025-08-31T09:10:39.2449555Z [command]/usr/bin/git submodule foreach --recursive sh -c "git config --local --name-only --get-regexp 'http\.https\:\/\/github\.com\/\.extraheader' && git config --local --unset-all 'http.https://github.com/.extraheader' || :"
2025-08-31T09:10:39.2663663Z [command]/usr/bin/git config --local http.https://github.com/.extraheader AUTHORIZATION: basic ***
2025-08-31T09:10:39.2696412Z ##[endgroup]
2025-08-31T09:10:39.2697300Z ##[group]Fetching the repository
2025-08-31T09:10:39.2705162Z [command]/usr/bin/git -c protocol.version=2 fetch --no-tags --prune --no-recurse-submodules --depth=1 origin +refs/heads/main*:refs/remotes/origin/main* +refs/tags/main*:refs/tags/main*
2025-08-31T09:10:39.8801073Z From https://github.com/Boss-1s/scratchattach
2025-08-31T09:10:39.8802624Z  * [new branch]      main       -> origin/main
2025-08-31T09:10:39.8831724Z ##[endgroup]
2025-08-31T09:10:39.8832846Z ##[group]Determining the checkout info
2025-08-31T09:10:39.8838894Z [command]/usr/bin/git branch --list --remote origin/main
2025-08-31T09:10:39.8862155Z   origin/main
2025-08-31T09:10:39.8867831Z ##[endgroup]
2025-08-31T09:10:39.8871563Z [command]/usr/bin/git sparse-checkout disable
2025-08-31T09:10:39.8908733Z [command]/usr/bin/git config --local --unset-all extensions.worktreeConfig
2025-08-31T09:10:39.8936544Z ##[group]Checking out the ref
2025-08-31T09:10:39.8939451Z [command]/usr/bin/git checkout --progress --force -B main refs/remotes/origin/main
2025-08-31T09:10:39.9204511Z Switched to a new branch 'main'
2025-08-31T09:10:39.9206259Z branch 'main' set up to track 'origin/main'.
2025-08-31T09:10:39.9216350Z ##[endgroup]
2025-08-31T09:10:39.9254148Z [command]/usr/bin/git log -1 --format=%H
2025-08-31T09:10:39.9277835Z 3eb023921985cf6dfeac7d5649881ba10d153d92
2025-08-31T09:10:39.9589092Z ##[group]Run actions/setup-python@v5.6.0
2025-08-31T09:10:39.9590366Z with:
2025-08-31T09:10:39.9591205Z   python-version: 3.12.5
2025-08-31T09:10:39.9592231Z   check-latest: false
2025-08-31T09:10:39.9593686Z   token: ***
2025-08-31T09:10:39.9594588Z   update-environment: true
2025-08-31T09:10:39.9595653Z   allow-prereleases: false
2025-08-31T09:10:39.9596698Z   freethreaded: false
2025-08-31T09:10:39.9597635Z ##[endgroup]
2025-08-31T09:10:40.1268005Z ##[group]Installed versions
2025-08-31T09:10:40.1289300Z Version 3.12.5 was not found in the local cache
2025-08-31T09:10:40.8670099Z Version 3.12.5 is available for downloading
2025-08-31T09:10:40.8674967Z Download from "https://github.com/actions/python-versions/releases/download/3.12.5-10375840348/python-3.12.5-linux-24.04-x64.tar.gz"
2025-08-31T09:10:41.7529251Z Extract downloaded archive
2025-08-31T09:10:41.7654680Z [command]/usr/bin/tar xz --warning=no-unknown-keyword --overwrite -C /home/runner/work/_temp/7d6cd70d-780f-4b90-8585-8bfc6a8d38be -f /home/runner/work/_temp/bc92f1f4-18fc-4714-9461-0040521e6be2
2025-08-31T09:10:43.7761692Z Execute installation script
2025-08-31T09:10:43.7857245Z Check if Python hostedtoolcache folder exist...
2025-08-31T09:10:43.7858099Z Create Python 3.12.5 folder
2025-08-31T09:10:43.7879709Z Copy Python binaries to hostedtoolcache folder
2025-08-31T09:10:44.4448935Z Create additional symlinks (Required for the UsePythonVersion Azure Pipelines task and the setup-python GitHub Action)
2025-08-31T09:10:44.4488934Z Upgrading pip...
2025-08-31T09:10:46.5401437Z Looking in links: /tmp/tmpgrw4d4ow
2025-08-31T09:10:46.5406416Z Requirement already satisfied: pip in /opt/hostedtoolcache/Python/3.12.5/x64/lib/python3.12/site-packages (24.2)
2025-08-31T09:10:47.6316113Z Collecting pip
2025-08-31T09:10:47.6627205Z Downloading pip-25.2-py3-none-any.whl.metadata (4.7 kB)
2025-08-31T09:10:47.6695580Z Downloading pip-25.2-py3-none-any.whl (1.8 MB)
2025-08-31T09:10:47.6998539Z ━━━━━━━━━━━━━━━━━━━━━━━━━━━━━━━━━━━━━━━━ 1.8/1.8 MB 128.1 MB/s eta 0:00:00
2025-08-31T09:10:47.6999205Z 
2025-08-31T09:10:47.7191427Z Installing collected packages: pip
2025-08-31T09:10:47.7193418Z Attempting uninstall: pip
2025-08-31T09:10:47.7214806Z Found existing installation: pip 24.2
2025-08-31T09:10:47.7566328Z Uninstalling pip-24.2:
2025-08-31T09:10:47.7620704Z Successfully uninstalled pip-24.2
2025-08-31T09:10:48.6834114Z Successfully installed pip-25.2
2025-08-31T09:10:48.7299116Z Create complete file
2025-08-31T09:10:48.7338365Z Successfully set up CPython (3.12.5)
2025-08-31T09:10:48.7339374Z ##[endgroup]
2025-08-31T09:10:48.7487342Z ##[group]Run bossOfCode/install-scratchattach@v1.0.3
2025-08-31T09:10:48.7487703Z env:
2025-08-31T09:10:48.7487949Z   pythonLocation: /opt/hostedtoolcache/Python/3.12.5/x64
2025-08-31T09:10:48.7488367Z   PKG_CONFIG_PATH: /opt/hostedtoolcache/Python/3.12.5/x64/lib/pkgconfig
2025-08-31T09:10:48.7488751Z   Python_ROOT_DIR: /opt/hostedtoolcache/Python/3.12.5/x64
2025-08-31T09:10:48.7489110Z   Python2_ROOT_DIR: /opt/hostedtoolcache/Python/3.12.5/x64
2025-08-31T09:10:48.7489456Z   Python3_ROOT_DIR: /opt/hostedtoolcache/Python/3.12.5/x64
2025-08-31T09:10:48.7489816Z   LD_LIBRARY_PATH: /opt/hostedtoolcache/Python/3.12.5/x64/lib
2025-08-31T09:10:48.7490102Z ##[endgroup]
2025-08-31T09:10:48.7563712Z ##[group]Run python3 -m pip install --upgrade pip
2025-08-31T09:10:48.7564100Z [36;1mpython3 -m pip install --upgrade pip[0m
2025-08-31T09:10:48.7619005Z shell: /usr/bin/bash --noprofile --norc -e -o pipefail {0}
2025-08-31T09:10:48.7619334Z env:
2025-08-31T09:10:48.7619612Z   pythonLocation: /opt/hostedtoolcache/Python/3.12.5/x64
2025-08-31T09:10:48.7620022Z   PKG_CONFIG_PATH: /opt/hostedtoolcache/Python/3.12.5/x64/lib/pkgconfig
2025-08-31T09:10:48.7620431Z   Python_ROOT_DIR: /opt/hostedtoolcache/Python/3.12.5/x64
2025-08-31T09:10:48.7620778Z   Python2_ROOT_DIR: /opt/hostedtoolcache/Python/3.12.5/x64
2025-08-31T09:10:48.7621116Z   Python3_ROOT_DIR: /opt/hostedtoolcache/Python/3.12.5/x64
2025-08-31T09:10:48.7621446Z   LD_LIBRARY_PATH: /opt/hostedtoolcache/Python/3.12.5/x64/lib
2025-08-31T09:10:48.7621731Z ##[endgroup]
2025-08-31T09:10:49.1404960Z Requirement already satisfied: pip in /opt/hostedtoolcache/Python/3.12.5/x64/lib/python3.12/site-packages (25.2)
2025-08-31T09:10:49.3063097Z ##[group]Run pip install -U scratchattach
2025-08-31T09:10:49.3063429Z [36;1mpip install -U scratchattach[0m
2025-08-31T09:10:49.3094504Z shell: /usr/bin/bash --noprofile --norc -e -o pipefail {0}
2025-08-31T09:10:49.3094814Z env:
2025-08-31T09:10:49.3095074Z   pythonLocation: /opt/hostedtoolcache/Python/3.12.5/x64
2025-08-31T09:10:49.3095473Z   PKG_CONFIG_PATH: /opt/hostedtoolcache/Python/3.12.5/x64/lib/pkgconfig
2025-08-31T09:10:49.3096048Z   Python_ROOT_DIR: /opt/hostedtoolcache/Python/3.12.5/x64
2025-08-31T09:10:49.3096397Z   Python2_ROOT_DIR: /opt/hostedtoolcache/Python/3.12.5/x64
2025-08-31T09:10:49.3096742Z   Python3_ROOT_DIR: /opt/hostedtoolcache/Python/3.12.5/x64
2025-08-31T09:10:49.3097077Z   LD_LIBRARY_PATH: /opt/hostedtoolcache/Python/3.12.5/x64/lib
2025-08-31T09:10:49.3097369Z ##[endgroup]
2025-08-31T09:10:49.8241072Z Collecting scratchattach
2025-08-31T09:10:49.8557039Z   Downloading scratchattach-2.1.13-py3-none-any.whl.metadata (5.5 kB)
2025-08-31T09:10:49.8765891Z Collecting websocket-client (from scratchattach)
2025-08-31T09:10:49.8791927Z   Downloading websocket_client-1.8.0-py3-none-any.whl.metadata (8.0 kB)
2025-08-31T09:10:49.9086247Z Collecting requests (from scratchattach)
2025-08-31T09:10:49.9112276Z   Downloading requests-2.32.5-py3-none-any.whl.metadata (4.9 kB)
2025-08-31T09:10:49.9204325Z Collecting bs4 (from scratchattach)
2025-08-31T09:10:49.9227184Z   Downloading bs4-0.0.2-py2.py3-none-any.whl.metadata (411 bytes)
2025-08-31T09:10:49.9314398Z Collecting SimpleWebSocketServer (from scratchattach)
2025-08-31T09:10:49.9350380Z   Downloading SimpleWebSocketServer-0.1.2.tar.gz (10 kB)
2025-08-31T09:10:49.9433585Z   Installing build dependencies: started
2025-08-31T09:10:50.7118487Z   Installing build dependencies: finished with status 'done'
2025-08-31T09:10:50.7126204Z   Getting requirements to build wheel: started
2025-08-31T09:10:51.0841465Z   Getting requirements to build wheel: finished with status 'done'
2025-08-31T09:10:51.0850058Z   Preparing metadata (pyproject.toml): started
2025-08-31T09:10:51.2699283Z   Preparing metadata (pyproject.toml): finished with status 'done'
2025-08-31T09:10:51.2885522Z Collecting typing-extensions (from scratchattach)
2025-08-31T09:10:51.2914602Z   Downloading typing_extensions-4.15.0-py3-none-any.whl.metadata (3.3 kB)
2025-08-31T09:10:51.3077467Z Collecting beautifulsoup4 (from bs4->scratchattach)
2025-08-31T09:10:51.3103379Z   Downloading beautifulsoup4-4.13.5-py3-none-any.whl.metadata (3.8 kB)
2025-08-31T09:10:51.3282355Z Collecting soupsieve>1.2 (from beautifulsoup4->bs4->scratchattach)
2025-08-31T09:10:51.3307574Z   Downloading soupsieve-2.8-py3-none-any.whl.metadata (4.6 kB)
2025-08-31T09:10:51.4313828Z Collecting charset_normalizer<4,>=2 (from requests->scratchattach)
2025-08-31T09:10:51.4340091Z   Downloading charset_normalizer-3.4.3-cp312-cp312-manylinux2014_x86_64.manylinux_2_17_x86_64.manylinux_2_28_x86_64.whl.metadata (36 kB)
2025-08-31T09:10:51.4514070Z Collecting idna<4,>=2.5 (from requests->scratchattach)
2025-08-31T09:10:51.4543749Z   Downloading idna-3.10-py3-none-any.whl.metadata (10 kB)
2025-08-31T09:10:51.4839617Z Collecting urllib3<3,>=1.21.1 (from requests->scratchattach)
2025-08-31T09:10:51.4863312Z   Downloading urllib3-2.5.0-py3-none-any.whl.metadata (6.5 kB)
2025-08-31T09:10:51.5075597Z Collecting certifi>=2017.4.17 (from requests->scratchattach)
2025-08-31T09:10:51.5108316Z   Downloading certifi-2025.8.3-py3-none-any.whl.metadata (2.4 kB)
2025-08-31T09:10:51.5207162Z Downloading scratchattach-2.1.13-py3-none-any.whl (141 kB)
2025-08-31T09:10:51.5305267Z Downloading bs4-0.0.2-py2.py3-none-any.whl (1.2 kB)
2025-08-31T09:10:51.5350677Z Downloading beautifulsoup4-4.13.5-py3-none-any.whl (105 kB)
2025-08-31T09:10:51.5411137Z Downloading soupsieve-2.8-py3-none-any.whl (36 kB)
2025-08-31T09:10:51.5457281Z Downloading typing_extensions-4.15.0-py3-none-any.whl (44 kB)
2025-08-31T09:10:51.5506907Z Downloading requests-2.32.5-py3-none-any.whl (64 kB)
2025-08-31T09:10:51.5554104Z Downloading charset_normalizer-3.4.3-cp312-cp312-manylinux2014_x86_64.manylinux_2_17_x86_64.manylinux_2_28_x86_64.whl (151 kB)
2025-08-31T09:10:51.5616956Z Downloading idna-3.10-py3-none-any.whl (70 kB)
2025-08-31T09:10:51.5674121Z Downloading urllib3-2.5.0-py3-none-any.whl (129 kB)
2025-08-31T09:10:51.5732353Z Downloading certifi-2025.8.3-py3-none-any.whl (161 kB)
2025-08-31T09:10:51.5789863Z Downloading websocket_client-1.8.0-py3-none-any.whl (58 kB)
2025-08-31T09:10:51.5927210Z Building wheels for collected packages: SimpleWebSocketServer
2025-08-31T09:10:51.5936393Z   Building wheel for SimpleWebSocketServer (pyproject.toml): started
2025-08-31T09:10:51.8209474Z   Building wheel for SimpleWebSocketServer (pyproject.toml): finished with status 'done'
2025-08-31T09:10:51.8215326Z   Created wheel for SimpleWebSocketServer: filename=simplewebsocketserver-0.1.2-py3-none-any.whl size=9715 sha256=4af778a01d0ebfc520d84dd2652ff1578c8bc58a2c520d1d183564c46010952e
2025-08-31T09:10:51.8216567Z   Stored in directory: /home/runner/.cache/pip/wheels/81/fd/d8/f145b47bedceb5dff96b76e404a4ee9be956a4f8f150cd8133
2025-08-31T09:10:51.8235136Z Successfully built SimpleWebSocketServer
2025-08-31T09:10:51.8410182Z Installing collected packages: SimpleWebSocketServer, websocket-client, urllib3, typing-extensions, soupsieve, idna, charset_normalizer, certifi, requests, beautifulsoup4, bs4, scratchattach
2025-08-31T09:10:52.4137876Z 
2025-08-31T09:10:52.4158013Z Successfully installed SimpleWebSocketServer-0.1.2 beautifulsoup4-4.13.5 bs4-0.0.2 certifi-2025.8.3 charset_normalizer-3.4.3 idna-3.10 requests-2.32.5 scratchattach-2.1.13 soupsieve-2.8 typing-extensions-4.15.0 urllib3-2.5.0 websocket-client-1.8.0
2025-08-31T09:10:52.4939623Z ##[group]Run actions/checkout@v5
2025-08-31T09:10:52.4939861Z with:
2025-08-31T09:10:52.4940027Z   ref: main
2025-08-31T09:10:52.4940209Z   repository: Boss-1s/scratchattach
2025-08-31T09:10:52.4940550Z   token: ***
2025-08-31T09:10:52.4940723Z   ssh-strict: true
2025-08-31T09:10:52.4940900Z   ssh-user: git
2025-08-31T09:10:52.4941082Z   persist-credentials: true
2025-08-31T09:10:52.4941287Z   clean: true
2025-08-31T09:10:52.4941466Z   sparse-checkout-cone-mode: true
2025-08-31T09:10:52.4941693Z   fetch-depth: 1
2025-08-31T09:10:52.4941866Z   fetch-tags: false
2025-08-31T09:10:52.4942042Z   show-progress: true
2025-08-31T09:10:52.4942226Z   lfs: false
2025-08-31T09:10:52.4942386Z   submodules: false
2025-08-31T09:10:52.4942564Z   set-safe-directory: true
2025-08-31T09:10:52.4942773Z env:
2025-08-31T09:10:52.4943178Z   pythonLocation: /opt/hostedtoolcache/Python/3.12.5/x64
2025-08-31T09:10:52.4943569Z   PKG_CONFIG_PATH: /opt/hostedtoolcache/Python/3.12.5/x64/lib/pkgconfig
2025-08-31T09:10:52.4943966Z   Python_ROOT_DIR: /opt/hostedtoolcache/Python/3.12.5/x64
2025-08-31T09:10:52.4944296Z   Python2_ROOT_DIR: /opt/hostedtoolcache/Python/3.12.5/x64
2025-08-31T09:10:52.4944619Z   Python3_ROOT_DIR: /opt/hostedtoolcache/Python/3.12.5/x64
2025-08-31T09:10:52.4944944Z   LD_LIBRARY_PATH: /opt/hostedtoolcache/Python/3.12.5/x64/lib
2025-08-31T09:10:52.4945222Z ##[endgroup]
2025-08-31T09:10:52.5734815Z Syncing repository: Boss-1s/scratchattach
2025-08-31T09:10:52.5735683Z ##[group]Getting Git version info
2025-08-31T09:10:52.5736338Z Working directory is '/home/runner/work/scratchattach/scratchattach'
2025-08-31T09:10:52.5769709Z [command]/usr/bin/git version
2025-08-31T09:10:52.5805505Z git version 2.51.0
2025-08-31T09:10:52.5825272Z ##[endgroup]
2025-08-31T09:10:52.5839743Z Temporarily overriding HOME='/home/runner/work/_temp/bf80a1f4-8179-4386-848e-1db417b289e8' before making global git config changes
2025-08-31T09:10:52.5841009Z Adding repository directory to the temporary git global config as a safe directory
2025-08-31T09:10:52.5845670Z [command]/usr/bin/git config --global --add safe.directory /home/runner/work/scratchattach/scratchattach
2025-08-31T09:10:52.5884637Z [command]/usr/bin/git config --local --get remote.origin.url
2025-08-31T09:10:52.5907386Z https://github.com/Boss-1s/scratchattach
2025-08-31T09:10:52.5921101Z ##[group]Removing previously created refs, to avoid conflicts
2025-08-31T09:10:52.5925794Z [command]/usr/bin/git rev-parse --symbolic-full-name --verify --quiet HEAD
2025-08-31T09:10:52.5946438Z refs/heads/main
2025-08-31T09:10:52.5956100Z [command]/usr/bin/git checkout --detach
2025-08-31T09:10:52.6190603Z HEAD is now at 3eb0239 [BOT] Download Logs
2025-08-31T09:10:52.6234279Z [command]/usr/bin/git branch --delete --force main
2025-08-31T09:10:52.6258744Z Deleted branch main (was 3eb0239).
2025-08-31T09:10:52.6292073Z ##[endgroup]
2025-08-31T09:10:52.6295971Z [command]/usr/bin/git submodule status
2025-08-31T09:10:52.6518513Z ##[group]Cleaning the repository
2025-08-31T09:10:52.6523625Z [command]/usr/bin/git clean -ffdx
2025-08-31T09:10:52.6556259Z [command]/usr/bin/git reset --hard HEAD
2025-08-31T09:10:52.6590635Z HEAD is now at 3eb0239 [BOT] Download Logs
2025-08-31T09:10:52.6595879Z ##[endgroup]
2025-08-31T09:10:52.6597857Z ##[group]Disabling automatic garbage collection
2025-08-31T09:10:52.6602236Z [command]/usr/bin/git config --local gc.auto 0
2025-08-31T09:10:52.6628023Z ##[endgroup]
2025-08-31T09:10:52.6628575Z ##[group]Setting up auth
2025-08-31T09:10:52.6635359Z [command]/usr/bin/git config --local --name-only --get-regexp core\.sshCommand
2025-08-31T09:10:52.6664163Z [command]/usr/bin/git submodule foreach --recursive sh -c "git config --local --name-only --get-regexp 'core\.sshCommand' && git config --local --unset-all 'core.sshCommand' || :"
2025-08-31T09:10:52.6883276Z [command]/usr/bin/git config --local --name-only --get-regexp http\.https\:\/\/github\.com\/\.extraheader
2025-08-31T09:10:52.6905116Z http.https://github.com/.extraheader
2025-08-31T09:10:52.6914852Z [command]/usr/bin/git config --local --unset-all http.https://github.com/.extraheader
2025-08-31T09:10:52.6946191Z [command]/usr/bin/git submodule foreach --recursive sh -c "git config --local --name-only --get-regexp 'http\.https\:\/\/github\.com\/\.extraheader' && git config --local --unset-all 'http.https://github.com/.extraheader' || :"
2025-08-31T09:10:52.7185710Z [command]/usr/bin/git config --local http.https://github.com/.extraheader AUTHORIZATION: basic ***
2025-08-31T09:10:52.7231765Z ##[endgroup]
2025-08-31T09:10:52.7232557Z ##[group]Fetching the repository
2025-08-31T09:10:52.7240658Z [command]/usr/bin/git -c protocol.version=2 fetch --no-tags --prune --no-recurse-submodules --depth=1 origin +refs/heads/main*:refs/remotes/origin/main* +refs/tags/main*:refs/tags/main*
2025-08-31T09:10:53.2046926Z ##[endgroup]
2025-08-31T09:10:53.2047514Z ##[group]Determining the checkout info
2025-08-31T09:10:53.2054550Z [command]/usr/bin/git branch --list --remote origin/main
2025-08-31T09:10:53.2079394Z   origin/main
2025-08-31T09:10:53.2083874Z ##[endgroup]
2025-08-31T09:10:53.2087914Z [command]/usr/bin/git sparse-checkout disable
2025-08-31T09:10:53.2125969Z [command]/usr/bin/git config --local --unset-all extensions.worktreeConfig
2025-08-31T09:10:53.2150494Z ##[group]Checking out the ref
2025-08-31T09:10:53.2154315Z [command]/usr/bin/git checkout --progress --force -B main refs/remotes/origin/main
2025-08-31T09:10:53.2190264Z Switched to a new branch 'main'
2025-08-31T09:10:53.2192591Z branch 'main' set up to track 'origin/main'.
2025-08-31T09:10:53.2199812Z ##[endgroup]
2025-08-31T09:10:53.2233672Z [command]/usr/bin/git log -1 --format=%H
2025-08-31T09:10:53.2257333Z 3eb023921985cf6dfeac7d5649881ba10d153d92
2025-08-31T09:10:53.2363816Z ##[group]Run python3 aesthetic_prioritizing.py
2025-08-31T09:10:53.2364191Z [36;1mpython3 aesthetic_prioritizing.py[0m
2025-08-31T09:10:53.2394914Z shell: /usr/bin/bash -e {0}
2025-08-31T09:10:53.2395144Z env:
2025-08-31T09:10:53.2395388Z   pythonLocation: /opt/hostedtoolcache/Python/3.12.5/x64
2025-08-31T09:10:53.2395790Z   PKG_CONFIG_PATH: /opt/hostedtoolcache/Python/3.12.5/x64/lib/pkgconfig
2025-08-31T09:10:53.2396179Z   Python_ROOT_DIR: /opt/hostedtoolcache/Python/3.12.5/x64
2025-08-31T09:10:53.2396512Z   Python2_ROOT_DIR: /opt/hostedtoolcache/Python/3.12.5/x64
2025-08-31T09:10:53.2396839Z   Python3_ROOT_DIR: /opt/hostedtoolcache/Python/3.12.5/x64
2025-08-31T09:10:53.2397173Z   LD_LIBRARY_PATH: /opt/hostedtoolcache/Python/3.12.5/x64/lib
2025-08-31T09:10:53.2397623Z   PASS: ***
2025-08-31T09:10:53.2397790Z ##[endgroup]
2025-08-31T09:10:54.3717852Z Prioritizing: Attempt 1
2025-08-31T09:10:54.3718245Z Projects already on top. No prioritizing needed.
2025-08-31T09:10:54.3718688Z Prioritized projects in your favorite list.
2025-08-31T09:10:54.4014789Z Post job cleanup.
2025-08-31T09:10:54.4790782Z [command]/usr/bin/git version
2025-08-31T09:10:54.4825728Z git version 2.51.0
2025-08-31T09:10:54.4861591Z Temporarily overriding HOME='/home/runner/work/_temp/2042b592-620c-48cf-88a8-053d1de92590' before making global git config changes
2025-08-31T09:10:54.4862405Z Adding repository directory to the temporary git global config as a safe directory
2025-08-31T09:10:54.4866911Z [command]/usr/bin/git config --global --add safe.directory /home/runner/work/scratchattach/scratchattach
2025-08-31T09:10:54.4902083Z [command]/usr/bin/git config --local --name-only --get-regexp core\.sshCommand
2025-08-31T09:10:54.4935152Z [command]/usr/bin/git submodule foreach --recursive sh -c "git config --local --name-only --get-regexp 'core\.sshCommand' && git config --local --unset-all 'core.sshCommand' || :"
2025-08-31T09:10:54.5155781Z [command]/usr/bin/git config --local --name-only --get-regexp http\.https\:\/\/github\.com\/\.extraheader
2025-08-31T09:10:54.5177202Z http.https://github.com/.extraheader
2025-08-31T09:10:54.5187128Z [command]/usr/bin/git config --local --unset-all http.https://github.com/.extraheader
2025-08-31T09:10:54.5218542Z [command]/usr/bin/git submodule foreach --recursive sh -c "git config --local --name-only --get-regexp 'http\.https\:\/\/github\.com\/\.extraheader' && git config --local --unset-all 'http.https://github.com/.extraheader' || :"
2025-08-31T09:10:54.5544404Z Post job cleanup.
2025-08-31T09:10:54.7176266Z Post job cleanup.
2025-08-31T09:10:54.7949235Z [command]/usr/bin/git version
2025-08-31T09:10:54.7990778Z git version 2.51.0
2025-08-31T09:10:54.8028034Z Temporarily overriding HOME='/home/runner/work/_temp/7fa6ad67-2c7a-46f4-88a4-ff5f8290a146' before making global git config changes
2025-08-31T09:10:54.8029327Z Adding repository directory to the temporary git global config as a safe directory
2025-08-31T09:10:54.8033928Z [command]/usr/bin/git config --global --add safe.directory /home/runner/work/scratchattach/scratchattach
2025-08-31T09:10:54.8071067Z [command]/usr/bin/git config --local --name-only --get-regexp core\.sshCommand
2025-08-31T09:10:54.8106119Z [command]/usr/bin/git submodule foreach --recursive sh -c "git config --local --name-only --get-regexp 'core\.sshCommand' && git config --local --unset-all 'core.sshCommand' || :"
2025-08-31T09:10:54.8343806Z [command]/usr/bin/git config --local --name-only --get-regexp http\.https\:\/\/github\.com\/\.extraheader
2025-08-31T09:10:54.8377092Z [command]/usr/bin/git submodule foreach --recursive sh -c "git config --local --name-only --get-regexp 'http\.https\:\/\/github\.com\/\.extraheader' && git config --local --unset-all 'http.https://github.com/.extraheader' || :"
2025-08-31T09:10:54.8732308Z Cleaning up orphan processes
