2025-09-09T06:20:22.9679172Z Current runner version: '2.328.0'
2025-09-09T06:20:22.9705234Z ##[group]Runner Image Provisioner
2025-09-09T06:20:22.9706014Z Hosted Compute Agent
2025-09-09T06:20:22.9706682Z Version: 20250908.385
2025-09-09T06:20:22.9707257Z Commit: cfce01a78eb650f23de9981e2e79cb8dc83e6056
2025-09-09T06:20:22.9707931Z Build Date: 2025-09-08T16:07:37Z
2025-09-09T06:20:22.9708562Z ##[endgroup]
2025-09-09T06:20:22.9709126Z ##[group]Operating System
2025-09-09T06:20:22.9709657Z Ubuntu
2025-09-09T06:20:22.9710163Z 24.04.3
2025-09-09T06:20:22.9710614Z LTS
2025-09-09T06:20:22.9711064Z ##[endgroup]
2025-09-09T06:20:22.9711604Z ##[group]Runner Image
2025-09-09T06:20:22.9712183Z Image: ubuntu-24.04
2025-09-09T06:20:22.9712650Z Version: 20250907.24.1
2025-09-09T06:20:22.9713714Z Included Software: https://github.com/actions/runner-images/blob/ubuntu24/20250907.24/images/ubuntu/Ubuntu2404-Readme.md
2025-09-09T06:20:22.9715500Z Image Release: https://github.com/actions/runner-images/releases/tag/ubuntu24%2F20250907.24
2025-09-09T06:20:22.9716581Z ##[endgroup]
2025-09-09T06:20:22.9717548Z ##[group]GITHUB_TOKEN Permissions
2025-09-09T06:20:22.9719721Z Contents: write
2025-09-09T06:20:22.9720291Z Metadata: read
2025-09-09T06:20:22.9720830Z ##[endgroup]
2025-09-09T06:20:22.9722818Z Secret source: Actions
2025-09-09T06:20:22.9723870Z Prepare workflow directory
2025-09-09T06:20:23.0038981Z Prepare all required actions
2025-09-09T06:20:23.0076226Z Getting action download info
2025-09-09T06:20:23.3050505Z Download action repository 'actions/checkout@v5.0.0' (SHA:08c6903cd8c0fde910a37f88322edcfb5dd907a8)
2025-09-09T06:20:23.6636181Z Download action repository 'actions/setup-python@v6.0.0' (SHA:e797f83bcb11b83ae66e0230d6156d7c80228e7c)
2025-09-09T06:20:23.9651284Z Download action repository 'bossOfCode/install-scratchattach@v1.0.3' (SHA:be17a7cf1ecb5a7040eb42ef26c2e1fbe72bb25a)
2025-09-09T06:20:24.3506614Z Complete job name: Run Prioritzing Handler
2025-09-09T06:20:24.4305592Z ##[group]Run actions/checkout@v5.0.0
2025-09-09T06:20:24.4307076Z with:
2025-09-09T06:20:24.4307819Z   ref: main
2025-09-09T06:20:24.4308624Z   repository: Boss-1s/scratchattach
2025-09-09T06:20:24.4309885Z   token: ***
2025-09-09T06:20:24.4310637Z   ssh-strict: true
2025-09-09T06:20:24.4311421Z   ssh-user: git
2025-09-09T06:20:24.4312219Z   persist-credentials: true
2025-09-09T06:20:24.4313105Z   clean: true
2025-09-09T06:20:24.4313908Z   sparse-checkout-cone-mode: true
2025-09-09T06:20:24.4315115Z   fetch-depth: 1
2025-09-09T06:20:24.4315917Z   fetch-tags: false
2025-09-09T06:20:24.4316742Z   show-progress: true
2025-09-09T06:20:24.4317570Z   lfs: false
2025-09-09T06:20:24.4318325Z   submodules: false
2025-09-09T06:20:24.4319148Z   set-safe-directory: true
2025-09-09T06:20:24.4320304Z ##[endgroup]
2025-09-09T06:20:24.5272497Z Syncing repository: Boss-1s/scratchattach
2025-09-09T06:20:24.5275244Z ##[group]Getting Git version info
2025-09-09T06:20:24.5276797Z Working directory is '/home/runner/work/scratchattach/scratchattach'
2025-09-09T06:20:24.5278773Z [command]/usr/bin/git version
2025-09-09T06:20:24.6183068Z git version 2.51.0
2025-09-09T06:20:24.6206811Z ##[endgroup]
2025-09-09T06:20:24.6223050Z Temporarily overriding HOME='/home/runner/work/_temp/82ef8167-34a9-475c-962b-ba9760daa6c8' before making global git config changes
2025-09-09T06:20:24.6228071Z Adding repository directory to the temporary git global config as a safe directory
2025-09-09T06:20:24.6232047Z [command]/usr/bin/git config --global --add safe.directory /home/runner/work/scratchattach/scratchattach
2025-09-09T06:20:24.6303546Z Deleting the contents of '/home/runner/work/scratchattach/scratchattach'
2025-09-09T06:20:24.6307471Z ##[group]Initializing the repository
2025-09-09T06:20:24.6312207Z [command]/usr/bin/git init /home/runner/work/scratchattach/scratchattach
2025-09-09T06:20:24.6723830Z hint: Using 'master' as the name for the initial branch. This default branch name
2025-09-09T06:20:24.6726644Z hint: is subject to change. To configure the initial branch name to use in all
2025-09-09T06:20:24.6728962Z hint: of your new repositories, which will suppress this warning, call:
2025-09-09T06:20:24.6731019Z hint:
2025-09-09T06:20:24.6732105Z hint: 	git config --global init.defaultBranch <name>
2025-09-09T06:20:24.6733289Z hint:
2025-09-09T06:20:24.6734413Z hint: Names commonly chosen instead of 'master' are 'main', 'trunk' and
2025-09-09T06:20:24.6736399Z hint: 'development'. The just-created branch can be renamed via this command:
2025-09-09T06:20:24.6737863Z hint:
2025-09-09T06:20:24.6738623Z hint: 	git branch -m <name>
2025-09-09T06:20:24.6739510Z hint:
2025-09-09T06:20:24.6740733Z hint: Disable this message with "git config set advice.defaultBranchName false"
2025-09-09T06:20:24.6759768Z Initialized empty Git repository in /home/runner/work/scratchattach/scratchattach/.git/
2025-09-09T06:20:24.6769672Z [command]/usr/bin/git remote add origin https://github.com/Boss-1s/scratchattach
2025-09-09T06:20:24.6895162Z ##[endgroup]
2025-09-09T06:20:24.6897880Z ##[group]Disabling automatic garbage collection
2025-09-09T06:20:24.6900319Z [command]/usr/bin/git config --local gc.auto 0
2025-09-09T06:20:24.6929038Z ##[endgroup]
2025-09-09T06:20:24.6931361Z ##[group]Setting up auth
2025-09-09T06:20:24.6936368Z [command]/usr/bin/git config --local --name-only --get-regexp core\.sshCommand
2025-09-09T06:20:24.6967851Z [command]/usr/bin/git submodule foreach --recursive sh -c "git config --local --name-only --get-regexp 'core\.sshCommand' && git config --local --unset-all 'core.sshCommand' || :"
2025-09-09T06:20:24.8481470Z [command]/usr/bin/git config --local --name-only --get-regexp http\.https\:\/\/github\.com\/\.extraheader
2025-09-09T06:20:24.8514055Z [command]/usr/bin/git submodule foreach --recursive sh -c "git config --local --name-only --get-regexp 'http\.https\:\/\/github\.com\/\.extraheader' && git config --local --unset-all 'http.https://github.com/.extraheader' || :"
2025-09-09T06:20:24.8746165Z [command]/usr/bin/git config --local http.https://github.com/.extraheader AUTHORIZATION: basic ***
2025-09-09T06:20:24.8779267Z ##[endgroup]
2025-09-09T06:20:24.8779905Z ##[group]Fetching the repository
2025-09-09T06:20:24.8787807Z [command]/usr/bin/git -c protocol.version=2 fetch --no-tags --prune --no-recurse-submodules --depth=1 origin +refs/heads/main*:refs/remotes/origin/main* +refs/tags/main*:refs/tags/main*
2025-09-09T06:20:25.4514226Z From https://github.com/Boss-1s/scratchattach
2025-09-09T06:20:25.4515668Z  * [new branch]      main       -> origin/main
2025-09-09T06:20:25.4589730Z ##[endgroup]
2025-09-09T06:20:25.4590846Z ##[group]Determining the checkout info
2025-09-09T06:20:25.4597268Z [command]/usr/bin/git branch --list --remote origin/main
2025-09-09T06:20:25.4620308Z   origin/main
2025-09-09T06:20:25.4624619Z ##[endgroup]
2025-09-09T06:20:25.4629412Z [command]/usr/bin/git sparse-checkout disable
2025-09-09T06:20:25.4711173Z [command]/usr/bin/git config --local --unset-all extensions.worktreeConfig
2025-09-09T06:20:25.4736887Z ##[group]Checking out the ref
2025-09-09T06:20:25.4741469Z [command]/usr/bin/git checkout --progress --force -B main refs/remotes/origin/main
2025-09-09T06:20:25.5587511Z Switched to a new branch 'main'
2025-09-09T06:20:25.5589200Z branch 'main' set up to track 'origin/main'.
2025-09-09T06:20:25.5602730Z ##[endgroup]
2025-09-09T06:20:25.5640188Z [command]/usr/bin/git log -1 --format=%H
2025-09-09T06:20:25.5661802Z 5a3f6f73f63e0b39a1ec4707b5ff75d7e761a1f5
2025-09-09T06:20:25.5883156Z ##[group]Run actions/setup-python@v6.0.0
2025-09-09T06:20:25.5883544Z with:
2025-09-09T06:20:25.5883817Z   python-version: 3.13
2025-09-09T06:20:25.5884114Z   check-latest: false
2025-09-09T06:20:25.5884553Z   token: ***
2025-09-09T06:20:25.5885012Z   update-environment: true
2025-09-09T06:20:25.5885334Z   allow-prereleases: false
2025-09-09T06:20:25.5885646Z   freethreaded: false
2025-09-09T06:20:25.5885925Z ##[endgroup]
2025-09-09T06:20:25.7148040Z ##[group]Installed versions
2025-09-09T06:20:25.8971318Z (node:2090) [DEP0040] DeprecationWarning: The `punycode` module is deprecated. Please use a userland alternative instead.
2025-09-09T06:20:25.8972561Z (Use `node --trace-deprecation ...` to show where the warning was created)
2025-09-09T06:20:25.8973667Z Successfully set up CPython (3.13.7)
2025-09-09T06:20:25.8974596Z ##[endgroup]
2025-09-09T06:20:25.9113984Z ##[group]Run bossOfCode/install-scratchattach@v1.0.3
2025-09-09T06:20:25.9114416Z env:
2025-09-09T06:20:25.9115057Z   pythonLocation: /opt/hostedtoolcache/Python/3.13.7/x64
2025-09-09T06:20:25.9115669Z   PKG_CONFIG_PATH: /opt/hostedtoolcache/Python/3.13.7/x64/lib/pkgconfig
2025-09-09T06:20:25.9116190Z   Python_ROOT_DIR: /opt/hostedtoolcache/Python/3.13.7/x64
2025-09-09T06:20:25.9116642Z   Python2_ROOT_DIR: /opt/hostedtoolcache/Python/3.13.7/x64
2025-09-09T06:20:25.9117102Z   Python3_ROOT_DIR: /opt/hostedtoolcache/Python/3.13.7/x64
2025-09-09T06:20:25.9117554Z   LD_LIBRARY_PATH: /opt/hostedtoolcache/Python/3.13.7/x64/lib
2025-09-09T06:20:25.9117952Z ##[endgroup]
2025-09-09T06:20:25.9195348Z ##[group]Run python3 -m pip install --upgrade pip
2025-09-09T06:20:25.9195860Z [36;1mpython3 -m pip install --upgrade pip[0m
2025-09-09T06:20:25.9599754Z shell: /usr/bin/bash --noprofile --norc -e -o pipefail {0}
2025-09-09T06:20:25.9600217Z env:
2025-09-09T06:20:25.9600596Z   pythonLocation: /opt/hostedtoolcache/Python/3.13.7/x64
2025-09-09T06:20:25.9601142Z   PKG_CONFIG_PATH: /opt/hostedtoolcache/Python/3.13.7/x64/lib/pkgconfig
2025-09-09T06:20:25.9601676Z   Python_ROOT_DIR: /opt/hostedtoolcache/Python/3.13.7/x64
2025-09-09T06:20:25.9602162Z   Python2_ROOT_DIR: /opt/hostedtoolcache/Python/3.13.7/x64
2025-09-09T06:20:25.9602648Z   Python3_ROOT_DIR: /opt/hostedtoolcache/Python/3.13.7/x64
2025-09-09T06:20:25.9603132Z   LD_LIBRARY_PATH: /opt/hostedtoolcache/Python/3.13.7/x64/lib
2025-09-09T06:20:25.9603540Z ##[endgroup]
2025-09-09T06:20:31.6979891Z Requirement already satisfied: pip in /opt/hostedtoolcache/Python/3.13.7/x64/lib/python3.13/site-packages (25.2)
2025-09-09T06:20:32.0139197Z ##[group]Run pip install -U scratchattach
2025-09-09T06:20:32.0139554Z [36;1mpip install -U scratchattach[0m
2025-09-09T06:20:32.0169860Z shell: /usr/bin/bash --noprofile --norc -e -o pipefail {0}
2025-09-09T06:20:32.0170181Z env:
2025-09-09T06:20:32.0170423Z   pythonLocation: /opt/hostedtoolcache/Python/3.13.7/x64
2025-09-09T06:20:32.0170810Z   PKG_CONFIG_PATH: /opt/hostedtoolcache/Python/3.13.7/x64/lib/pkgconfig
2025-09-09T06:20:32.0171188Z   Python_ROOT_DIR: /opt/hostedtoolcache/Python/3.13.7/x64
2025-09-09T06:20:32.0171515Z   Python2_ROOT_DIR: /opt/hostedtoolcache/Python/3.13.7/x64
2025-09-09T06:20:32.0171849Z   Python3_ROOT_DIR: /opt/hostedtoolcache/Python/3.13.7/x64
2025-09-09T06:20:32.0172187Z   LD_LIBRARY_PATH: /opt/hostedtoolcache/Python/3.13.7/x64/lib
2025-09-09T06:20:32.0172467Z ##[endgroup]
2025-09-09T06:20:32.9364079Z Collecting scratchattach
2025-09-09T06:20:32.9827041Z   Downloading scratchattach-2.1.13-py3-none-any.whl.metadata (5.5 kB)
2025-09-09T06:20:33.0095850Z Collecting websocket-client (from scratchattach)
2025-09-09T06:20:33.0170214Z   Downloading websocket_client-1.8.0-py3-none-any.whl.metadata (8.0 kB)
2025-09-09T06:20:33.0527688Z Collecting requests (from scratchattach)
2025-09-09T06:20:33.0597339Z   Downloading requests-2.32.5-py3-none-any.whl.metadata (4.9 kB)
2025-09-09T06:20:33.0744539Z Collecting bs4 (from scratchattach)
2025-09-09T06:20:33.0813959Z   Downloading bs4-0.0.2-py2.py3-none-any.whl.metadata (411 bytes)
2025-09-09T06:20:33.0961237Z Collecting SimpleWebSocketServer (from scratchattach)
2025-09-09T06:20:33.1035364Z   Downloading SimpleWebSocketServer-0.1.2.tar.gz (10 kB)
2025-09-09T06:20:33.1117922Z   Installing build dependencies: started
2025-09-09T06:20:34.4554296Z   Installing build dependencies: finished with status 'done'
2025-09-09T06:20:34.4559802Z   Getting requirements to build wheel: started
2025-09-09T06:20:34.9553739Z   Getting requirements to build wheel: finished with status 'done'
2025-09-09T06:20:34.9564625Z   Preparing metadata (pyproject.toml): started
2025-09-09T06:20:35.1676967Z   Preparing metadata (pyproject.toml): finished with status 'done'
2025-09-09T06:20:35.1878454Z Collecting typing-extensions (from scratchattach)
2025-09-09T06:20:35.1949383Z   Downloading typing_extensions-4.15.0-py3-none-any.whl.metadata (3.3 kB)
2025-09-09T06:20:35.2165143Z Collecting beautifulsoup4 (from bs4->scratchattach)
2025-09-09T06:20:35.2233783Z   Downloading beautifulsoup4-4.13.5-py3-none-any.whl.metadata (3.8 kB)
2025-09-09T06:20:35.2460215Z Collecting soupsieve>1.2 (from beautifulsoup4->bs4->scratchattach)
2025-09-09T06:20:35.2529094Z   Downloading soupsieve-2.8-py3-none-any.whl.metadata (4.6 kB)
2025-09-09T06:20:35.3442024Z Collecting charset_normalizer<4,>=2 (from requests->scratchattach)
2025-09-09T06:20:35.3518672Z   Downloading charset_normalizer-3.4.3-cp313-cp313-manylinux2014_x86_64.manylinux_2_17_x86_64.manylinux_2_28_x86_64.whl.metadata (36 kB)
2025-09-09T06:20:35.3751859Z Collecting idna<4,>=2.5 (from requests->scratchattach)
2025-09-09T06:20:35.3822101Z   Downloading idna-3.10-py3-none-any.whl.metadata (10 kB)
2025-09-09T06:20:35.4147714Z Collecting urllib3<3,>=1.21.1 (from requests->scratchattach)
2025-09-09T06:20:35.4218340Z   Downloading urllib3-2.5.0-py3-none-any.whl.metadata (6.5 kB)
2025-09-09T06:20:35.4492984Z Collecting certifi>=2017.4.17 (from requests->scratchattach)
2025-09-09T06:20:35.4565722Z   Downloading certifi-2025.8.3-py3-none-any.whl.metadata (2.4 kB)
2025-09-09T06:20:35.4717251Z Downloading scratchattach-2.1.13-py3-none-any.whl (141 kB)
2025-09-09T06:20:35.4881571Z Downloading bs4-0.0.2-py2.py3-none-any.whl (1.2 kB)
2025-09-09T06:20:35.4971136Z Downloading beautifulsoup4-4.13.5-py3-none-any.whl (105 kB)
2025-09-09T06:20:35.5068274Z Downloading soupsieve-2.8-py3-none-any.whl (36 kB)
2025-09-09T06:20:35.5161922Z Downloading typing_extensions-4.15.0-py3-none-any.whl (44 kB)
2025-09-09T06:20:35.5250298Z Downloading requests-2.32.5-py3-none-any.whl (64 kB)
2025-09-09T06:20:35.5345105Z Downloading charset_normalizer-3.4.3-cp313-cp313-manylinux2014_x86_64.manylinux_2_17_x86_64.manylinux_2_28_x86_64.whl (151 kB)
2025-09-09T06:20:35.5456948Z Downloading idna-3.10-py3-none-any.whl (70 kB)
2025-09-09T06:20:35.5558788Z Downloading urllib3-2.5.0-py3-none-any.whl (129 kB)
2025-09-09T06:20:35.5660748Z Downloading certifi-2025.8.3-py3-none-any.whl (161 kB)
2025-09-09T06:20:35.5765824Z Downloading websocket_client-1.8.0-py3-none-any.whl (58 kB)
2025-09-09T06:20:35.5904630Z Building wheels for collected packages: SimpleWebSocketServer
2025-09-09T06:20:35.5915511Z   Building wheel for SimpleWebSocketServer (pyproject.toml): started
2025-09-09T06:20:35.8107605Z   Building wheel for SimpleWebSocketServer (pyproject.toml): finished with status 'done'
2025-09-09T06:20:35.8114008Z   Created wheel for SimpleWebSocketServer: filename=simplewebsocketserver-0.1.2-py3-none-any.whl size=9715 sha256=b1adc13e8d4a527fcb773168bfa5780bdf7f4c5a7f082afecaeae5e93b33c7fc
2025-09-09T06:20:35.8116200Z   Stored in directory: /home/runner/.cache/pip/wheels/c4/5b/e8/4f2c15a82edc4923058056f6681373168be02a0c00389a6dcf
2025-09-09T06:20:35.8134488Z Successfully built SimpleWebSocketServer
2025-09-09T06:20:35.8317416Z Installing collected packages: SimpleWebSocketServer, websocket-client, urllib3, typing-extensions, soupsieve, idna, charset_normalizer, certifi, requests, beautifulsoup4, bs4, scratchattach
2025-09-09T06:20:36.4440917Z 
2025-09-09T06:20:36.4461999Z Successfully installed SimpleWebSocketServer-0.1.2 beautifulsoup4-4.13.5 bs4-0.0.2 certifi-2025.8.3 charset_normalizer-3.4.3 idna-3.10 requests-2.32.5 scratchattach-2.1.13 soupsieve-2.8 typing-extensions-4.15.0 urllib3-2.5.0 websocket-client-1.8.0
2025-09-09T06:20:36.5271286Z ##[group]Run actions/checkout@v5.0.0
2025-09-09T06:20:36.5271550Z with:
2025-09-09T06:20:36.5271719Z   ref: main
2025-09-09T06:20:36.5271911Z   repository: Boss-1s/scratchattach
2025-09-09T06:20:36.5272265Z   token: ***
2025-09-09T06:20:36.5272450Z   ssh-strict: true
2025-09-09T06:20:36.5272629Z   ssh-user: git
2025-09-09T06:20:36.5272820Z   persist-credentials: true
2025-09-09T06:20:36.5273029Z   clean: true
2025-09-09T06:20:36.5273219Z   sparse-checkout-cone-mode: true
2025-09-09T06:20:36.5273618Z   fetch-depth: 1
2025-09-09T06:20:36.5273799Z   fetch-tags: false
2025-09-09T06:20:36.5273981Z   show-progress: true
2025-09-09T06:20:36.5274167Z   lfs: false
2025-09-09T06:20:36.5274328Z   submodules: false
2025-09-09T06:20:36.5274520Z   set-safe-directory: true
2025-09-09T06:20:36.5274928Z env:
2025-09-09T06:20:36.5275163Z   pythonLocation: /opt/hostedtoolcache/Python/3.13.7/x64
2025-09-09T06:20:36.5275546Z   PKG_CONFIG_PATH: /opt/hostedtoolcache/Python/3.13.7/x64/lib/pkgconfig
2025-09-09T06:20:36.5275959Z   Python_ROOT_DIR: /opt/hostedtoolcache/Python/3.13.7/x64
2025-09-09T06:20:36.5276299Z   Python2_ROOT_DIR: /opt/hostedtoolcache/Python/3.13.7/x64
2025-09-09T06:20:36.5276622Z   Python3_ROOT_DIR: /opt/hostedtoolcache/Python/3.13.7/x64
2025-09-09T06:20:36.5276959Z   LD_LIBRARY_PATH: /opt/hostedtoolcache/Python/3.13.7/x64/lib
2025-09-09T06:20:36.5277250Z ##[endgroup]
2025-09-09T06:20:36.6035555Z Syncing repository: Boss-1s/scratchattach
2025-09-09T06:20:36.6036479Z ##[group]Getting Git version info
2025-09-09T06:20:36.6037228Z Working directory is '/home/runner/work/scratchattach/scratchattach'
2025-09-09T06:20:36.6073104Z [command]/usr/bin/git version
2025-09-09T06:20:36.6107854Z git version 2.51.0
2025-09-09T06:20:36.6128669Z ##[endgroup]
2025-09-09T06:20:36.6142745Z Temporarily overriding HOME='/home/runner/work/_temp/4b13333a-da17-4e51-b200-7ced24b1d751' before making global git config changes
2025-09-09T06:20:36.6144056Z Adding repository directory to the temporary git global config as a safe directory
2025-09-09T06:20:36.6148537Z [command]/usr/bin/git config --global --add safe.directory /home/runner/work/scratchattach/scratchattach
2025-09-09T06:20:36.6184440Z [command]/usr/bin/git config --local --get remote.origin.url
2025-09-09T06:20:36.6205233Z https://github.com/Boss-1s/scratchattach
2025-09-09T06:20:36.6218214Z ##[group]Removing previously created refs, to avoid conflicts
2025-09-09T06:20:36.6222531Z [command]/usr/bin/git rev-parse --symbolic-full-name --verify --quiet HEAD
2025-09-09T06:20:36.6243168Z refs/heads/main
2025-09-09T06:20:36.6252571Z [command]/usr/bin/git checkout --detach
2025-09-09T06:20:36.6939753Z HEAD is now at 5a3f6f7 [BOT] Download Logs
2025-09-09T06:20:36.6983656Z [command]/usr/bin/git branch --delete --force main
2025-09-09T06:20:36.7008626Z Deleted branch main (was 5a3f6f7).
2025-09-09T06:20:36.7043800Z ##[endgroup]
2025-09-09T06:20:36.7047740Z [command]/usr/bin/git submodule status
2025-09-09T06:20:36.7266743Z ##[group]Cleaning the repository
2025-09-09T06:20:36.7271035Z [command]/usr/bin/git clean -ffdx
2025-09-09T06:20:36.7304569Z [command]/usr/bin/git reset --hard HEAD
2025-09-09T06:20:36.7345703Z HEAD is now at 5a3f6f7 [BOT] Download Logs
2025-09-09T06:20:36.7351184Z ##[endgroup]
2025-09-09T06:20:36.7352629Z ##[group]Disabling automatic garbage collection
2025-09-09T06:20:36.7357274Z [command]/usr/bin/git config --local gc.auto 0
2025-09-09T06:20:36.7382921Z ##[endgroup]
2025-09-09T06:20:36.7383306Z ##[group]Setting up auth
2025-09-09T06:20:36.7390102Z [command]/usr/bin/git config --local --name-only --get-regexp core\.sshCommand
2025-09-09T06:20:36.7418716Z [command]/usr/bin/git submodule foreach --recursive sh -c "git config --local --name-only --get-regexp 'core\.sshCommand' && git config --local --unset-all 'core.sshCommand' || :"
2025-09-09T06:20:36.7634630Z [command]/usr/bin/git config --local --name-only --get-regexp http\.https\:\/\/github\.com\/\.extraheader
2025-09-09T06:20:36.7654450Z http.https://github.com/.extraheader
2025-09-09T06:20:36.7663068Z [command]/usr/bin/git config --local --unset-all http.https://github.com/.extraheader
2025-09-09T06:20:36.7691342Z [command]/usr/bin/git submodule foreach --recursive sh -c "git config --local --name-only --get-regexp 'http\.https\:\/\/github\.com\/\.extraheader' && git config --local --unset-all 'http.https://github.com/.extraheader' || :"
2025-09-09T06:20:36.7910056Z [command]/usr/bin/git config --local http.https://github.com/.extraheader AUTHORIZATION: basic ***
2025-09-09T06:20:36.7948295Z ##[endgroup]
2025-09-09T06:20:36.7948948Z ##[group]Fetching the repository
2025-09-09T06:20:36.7956285Z [command]/usr/bin/git -c protocol.version=2 fetch --no-tags --prune --no-recurse-submodules --depth=1 origin +refs/heads/main*:refs/remotes/origin/main* +refs/tags/main*:refs/tags/main*
2025-09-09T06:20:37.0290851Z ##[endgroup]
2025-09-09T06:20:37.0291485Z ##[group]Determining the checkout info
2025-09-09T06:20:37.0297521Z [command]/usr/bin/git branch --list --remote origin/main
2025-09-09T06:20:37.0322046Z   origin/main
2025-09-09T06:20:37.0326940Z ##[endgroup]
2025-09-09T06:20:37.0331934Z [command]/usr/bin/git sparse-checkout disable
2025-09-09T06:20:37.0371904Z [command]/usr/bin/git config --local --unset-all extensions.worktreeConfig
2025-09-09T06:20:37.0398131Z ##[group]Checking out the ref
2025-09-09T06:20:37.0402368Z [command]/usr/bin/git checkout --progress --force -B main refs/remotes/origin/main
2025-09-09T06:20:37.0447225Z Switched to a new branch 'main'
2025-09-09T06:20:37.0450038Z branch 'main' set up to track 'origin/main'.
2025-09-09T06:20:37.0458057Z ##[endgroup]
2025-09-09T06:20:37.0496166Z [command]/usr/bin/git log -1 --format=%H
2025-09-09T06:20:37.0520175Z 5a3f6f73f63e0b39a1ec4707b5ff75d7e761a1f5
2025-09-09T06:20:37.0634660Z ##[group]Run python3 aesthetic_prioritizing.py
2025-09-09T06:20:37.0635264Z [36;1mpython3 aesthetic_prioritizing.py[0m
2025-09-09T06:20:37.0665936Z shell: /usr/bin/bash -e {0}
2025-09-09T06:20:37.0666165Z env:
2025-09-09T06:20:37.0666406Z   pythonLocation: /opt/hostedtoolcache/Python/3.13.7/x64
2025-09-09T06:20:37.0666818Z   PKG_CONFIG_PATH: /opt/hostedtoolcache/Python/3.13.7/x64/lib/pkgconfig
2025-09-09T06:20:37.0667216Z   Python_ROOT_DIR: /opt/hostedtoolcache/Python/3.13.7/x64
2025-09-09T06:20:37.0667561Z   Python2_ROOT_DIR: /opt/hostedtoolcache/Python/3.13.7/x64
2025-09-09T06:20:37.0667893Z   Python3_ROOT_DIR: /opt/hostedtoolcache/Python/3.13.7/x64
2025-09-09T06:20:37.0668234Z   LD_LIBRARY_PATH: /opt/hostedtoolcache/Python/3.13.7/x64/lib
2025-09-09T06:20:37.0668710Z   PASS: ***
2025-09-09T06:20:37.0668878Z ##[endgroup]
2025-09-09T06:26:00.5142481Z Prioritizing: Attempt 1
2025-09-09T06:26:00.5143171Z Projects already on top. No prioritizing needed.
2025-09-09T06:26:00.5143970Z Prioritized projects in your favorite list.
2025-09-09T06:26:00.5144649Z Prioritizing: Attempt 1
2025-09-09T06:26:00.5145476Z Unfollowed stuido 50609120
2025-09-09T06:26:00.5147582Z Followed studio 50609120 to move it to the top
2025-09-09T06:26:00.5148181Z Unfollowed stuido 50609126
2025-09-09T06:26:00.5150557Z Followed studio 50609126 to move it to the top
2025-09-09T06:26:00.5151290Z Unfollowed stuido 50609128
2025-09-09T06:26:00.5151775Z Followed studio 50609128 to move it to the top
2025-09-09T06:26:00.5152276Z Unfollowed stuido 50609129
2025-09-09T06:26:00.5152572Z Followed studio 50609129 to move it to the top
2025-09-09T06:26:00.5152919Z Prioritized studios in your favorite list.
2025-09-09T06:26:00.5431143Z Post job cleanup.
2025-09-09T06:26:00.6254568Z [command]/usr/bin/git version
2025-09-09T06:26:00.6294528Z git version 2.51.0
2025-09-09T06:26:00.6332398Z Temporarily overriding HOME='/home/runner/work/_temp/b4a68252-48b2-4bf2-88cc-28bd2585d718' before making global git config changes
2025-09-09T06:26:00.6333690Z Adding repository directory to the temporary git global config as a safe directory
2025-09-09T06:26:00.6338486Z [command]/usr/bin/git config --global --add safe.directory /home/runner/work/scratchattach/scratchattach
2025-09-09T06:26:00.6375394Z [command]/usr/bin/git config --local --name-only --get-regexp core\.sshCommand
2025-09-09T06:26:00.6409164Z [command]/usr/bin/git submodule foreach --recursive sh -c "git config --local --name-only --get-regexp 'core\.sshCommand' && git config --local --unset-all 'core.sshCommand' || :"
2025-09-09T06:26:00.6644970Z [command]/usr/bin/git config --local --name-only --get-regexp http\.https\:\/\/github\.com\/\.extraheader
2025-09-09T06:26:00.6667725Z http.https://github.com/.extraheader
2025-09-09T06:26:00.6677511Z [command]/usr/bin/git config --local --unset-all http.https://github.com/.extraheader
2025-09-09T06:26:00.6708444Z [command]/usr/bin/git submodule foreach --recursive sh -c "git config --local --name-only --get-regexp 'http\.https\:\/\/github\.com\/\.extraheader' && git config --local --unset-all 'http.https://github.com/.extraheader' || :"
2025-09-09T06:26:00.7060849Z Post job cleanup.
2025-09-09T06:26:00.8208307Z (node:2488) [DEP0040] DeprecationWarning: The `punycode` module is deprecated. Please use a userland alternative instead.
2025-09-09T06:26:00.8209463Z (Use `node --trace-deprecation ...` to show where the warning was created)
2025-09-09T06:26:00.8321061Z Post job cleanup.
2025-09-09T06:26:00.9164482Z [command]/usr/bin/git version
2025-09-09T06:26:00.9211820Z git version 2.51.0
2025-09-09T06:26:00.9265784Z Temporarily overriding HOME='/home/runner/work/_temp/25b1783d-5071-4bc2-a235-b5e3d8df77da' before making global git config changes
2025-09-09T06:26:00.9268456Z Adding repository directory to the temporary git global config as a safe directory
2025-09-09T06:26:00.9273163Z [command]/usr/bin/git config --global --add safe.directory /home/runner/work/scratchattach/scratchattach
2025-09-09T06:26:00.9316009Z [command]/usr/bin/git config --local --name-only --get-regexp core\.sshCommand
2025-09-09T06:26:00.9352821Z [command]/usr/bin/git submodule foreach --recursive sh -c "git config --local --name-only --get-regexp 'core\.sshCommand' && git config --local --unset-all 'core.sshCommand' || :"
2025-09-09T06:26:00.9594932Z [command]/usr/bin/git config --local --name-only --get-regexp http\.https\:\/\/github\.com\/\.extraheader
2025-09-09T06:26:00.9628426Z [command]/usr/bin/git submodule foreach --recursive sh -c "git config --local --name-only --get-regexp 'http\.https\:\/\/github\.com\/\.extraheader' && git config --local --unset-all 'http.https://github.com/.extraheader' || :"
2025-09-09T06:26:00.9984434Z Cleaning up orphan processes
