2025-12-23T15:02:35.5878620Z Current runner version: '2.330.0'
2025-12-23T15:02:35.5893230Z ##[group]Runner Image Provisioner
2025-12-23T15:02:35.5893740Z Hosted Compute Agent
2025-12-23T15:02:35.5894080Z Version: 20251211.462
2025-12-23T15:02:35.5894460Z Commit: 6cbad8c2bb55d58165063d031ccabf57e2d2db61
2025-12-23T15:02:35.5894940Z Build Date: 2025-12-11T16:28:49Z
2025-12-23T15:02:35.5895350Z Worker ID: {539373d4-9e9d-4d0b-8acb-287072c78c42}
2025-12-23T15:02:35.5895780Z ##[endgroup]
2025-12-23T15:02:35.5896110Z ##[group]Operating System
2025-12-23T15:02:35.5896480Z macOS
2025-12-23T15:02:35.5896770Z 15.7.2
2025-12-23T15:02:35.5897050Z 24G325
2025-12-23T15:02:35.5897350Z ##[endgroup]
2025-12-23T15:02:35.5897650Z ##[group]Runner Image
2025-12-23T15:02:35.5897990Z Image: macos-15-arm64
2025-12-23T15:02:35.5898310Z Version: 20251215.0075.1
2025-12-23T15:02:35.5899100Z Included Software: https://github.com/actions/runner-images/blob/macos-15-arm64/20251215.0075/images/macos/macos-15-arm64-Readme.md
2025-12-23T15:02:35.5900230Z Image Release: https://github.com/actions/runner-images/releases/tag/macos-15-arm64%2F20251215.0075
2025-12-23T15:02:35.5900860Z ##[endgroup]
2025-12-23T15:02:35.5902510Z ##[group]GITHUB_TOKEN Permissions
2025-12-23T15:02:35.5903590Z Actions: write
2025-12-23T15:02:35.5903920Z ArtifactMetadata: write
2025-12-23T15:02:35.5904320Z Attestations: write
2025-12-23T15:02:35.5904650Z Checks: write
2025-12-23T15:02:35.5905070Z Contents: write
2025-12-23T15:02:35.5905540Z Deployments: write
2025-12-23T15:02:35.5905880Z Discussions: write
2025-12-23T15:02:35.5906190Z Issues: write
2025-12-23T15:02:35.5906540Z Metadata: read
2025-12-23T15:02:35.5906920Z Models: read
2025-12-23T15:02:35.5907300Z Packages: write
2025-12-23T15:02:35.5907620Z Pages: write
2025-12-23T15:02:35.5907930Z PullRequests: write
2025-12-23T15:02:35.5908300Z RepositoryProjects: write
2025-12-23T15:02:35.5908670Z SecurityEvents: write
2025-12-23T15:02:35.5908990Z Statuses: write
2025-12-23T15:02:35.5909300Z ##[endgroup]
2025-12-23T15:02:35.5911060Z Secret source: Actions
2025-12-23T15:02:35.5911480Z Prepare workflow directory
2025-12-23T15:02:35.6142440Z Prepare all required actions
2025-12-23T15:02:35.6170100Z Getting action download info
2025-12-23T15:02:35.9709450Z Download action repository 'actions/checkout@v6.0.1' (SHA:8e8c483db84b4bee98b60c0593521ed34d9990e8)
2025-12-23T15:02:36.2203800Z Download action repository 'actions/setup-python@v6.1.0' (SHA:83679a892e2d95755f2dac6acb0bfd1e9ac5d548)
2025-12-23T15:02:36.3651470Z Complete job name: build (3.12, macos-latest)
2025-12-23T15:02:36.4040000Z ##[group]Run actions/checkout@v6.0.1
2025-12-23T15:02:36.4040490Z with:
2025-12-23T15:02:36.4040760Z   ref: scratch_chat_dev
2025-12-23T15:02:36.4041070Z   repository: Boss-1s/scratchattach
2025-12-23T15:02:36.4041510Z   token: ***
2025-12-23T15:02:36.4041770Z   ssh-strict: true
2025-12-23T15:02:36.4042050Z   ssh-user: git
2025-12-23T15:02:36.4042320Z   persist-credentials: true
2025-12-23T15:02:36.4042620Z   clean: true
2025-12-23T15:02:36.4042890Z   sparse-checkout-cone-mode: true
2025-12-23T15:02:36.4043230Z   fetch-depth: 1
2025-12-23T15:02:36.4043510Z   fetch-tags: false
2025-12-23T15:02:36.4043780Z   show-progress: true
2025-12-23T15:02:36.4044060Z   lfs: false
2025-12-23T15:02:36.4044310Z   submodules: false
2025-12-23T15:02:36.4044590Z   set-safe-directory: true
2025-12-23T15:02:36.4044980Z ##[endgroup]
2025-12-23T15:02:36.8605740Z Syncing repository: Boss-1s/scratchattach
2025-12-23T15:02:36.8607130Z ##[group]Getting Git version info
2025-12-23T15:02:36.8607740Z Working directory is '/Users/runner/work/scratchattach/scratchattach'
2025-12-23T15:02:36.8608570Z [command]/opt/homebrew/bin/git version
2025-12-23T15:02:36.8988150Z git version 2.50.1
2025-12-23T15:02:36.9001860Z ##[endgroup]
2025-12-23T15:02:36.9008520Z Copying '/Users/runner/.gitconfig' to '/Users/runner/work/_temp/7df76157-1690-4446-bb09-c35252870687/.gitconfig'
2025-12-23T15:02:36.9015740Z Temporarily overriding HOME='/Users/runner/work/_temp/7df76157-1690-4446-bb09-c35252870687' before making global git config changes
2025-12-23T15:02:36.9017590Z Adding repository directory to the temporary git global config as a safe directory
2025-12-23T15:02:36.9018760Z [command]/opt/homebrew/bin/git config --global --add safe.directory /Users/runner/work/scratchattach/scratchattach
2025-12-23T15:02:36.9347720Z Deleting the contents of '/Users/runner/work/scratchattach/scratchattach'
2025-12-23T15:02:36.9350000Z ##[group]Initializing the repository
2025-12-23T15:02:36.9353350Z [command]/opt/homebrew/bin/git init /Users/runner/work/scratchattach/scratchattach
2025-12-23T15:02:36.9535830Z hint: Using 'master' as the name for the initial branch. This default branch name
2025-12-23T15:02:36.9537090Z hint: is subject to change. To configure the initial branch name to use in all
2025-12-23T15:02:36.9538150Z hint: of your new repositories, which will suppress this warning, call:
2025-12-23T15:02:36.9538640Z hint:
2025-12-23T15:02:36.9539100Z hint: 	git config --global init.defaultBranch <name>
2025-12-23T15:02:36.9539560Z hint:
2025-12-23T15:02:36.9540000Z hint: Names commonly chosen instead of 'master' are 'main', 'trunk' and
2025-12-23T15:02:36.9540610Z hint: 'development'. The just-created branch can be renamed via this command:
2025-12-23T15:02:36.9541130Z hint:
2025-12-23T15:02:36.9541420Z hint: 	git branch -m <name>
2025-12-23T15:02:36.9541740Z hint:
2025-12-23T15:02:36.9542170Z hint: Disable this message with "git config set advice.defaultBranchName false"
2025-12-23T15:02:36.9542890Z Initialized empty Git repository in /Users/runner/work/scratchattach/scratchattach/.git/
2025-12-23T15:02:36.9544160Z [command]/opt/homebrew/bin/git remote add origin https://github.com/Boss-1s/scratchattach
2025-12-23T15:02:36.9615200Z ##[endgroup]
2025-12-23T15:02:36.9615900Z ##[group]Disabling automatic garbage collection
2025-12-23T15:02:36.9616640Z [command]/opt/homebrew/bin/git config --local gc.auto 0
2025-12-23T15:02:36.9692540Z ##[endgroup]
2025-12-23T15:02:36.9693820Z ##[group]Setting up auth
2025-12-23T15:02:36.9698030Z Removing SSH command configuration
2025-12-23T15:02:36.9699690Z [command]/opt/homebrew/bin/git config --local --name-only --get-regexp core\.sshCommand
2025-12-23T15:02:36.9779980Z [command]/opt/homebrew/bin/git submodule foreach --recursive sh -c "git config --local --name-only --get-regexp 'core\.sshCommand' && git config --local --unset-all 'core.sshCommand' || :"
2025-12-23T15:02:37.0615980Z Removing HTTP extra header
2025-12-23T15:02:37.0620750Z [command]/opt/homebrew/bin/git config --local --name-only --get-regexp http\.https\:\/\/github\.com\/\.extraheader
2025-12-23T15:02:37.0678650Z [command]/opt/homebrew/bin/git submodule foreach --recursive sh -c "git config --local --name-only --get-regexp 'http\.https\:\/\/github\.com\/\.extraheader' && git config --local --unset-all 'http.https://github.com/.extraheader' || :"
2025-12-23T15:02:37.1317900Z Removing includeIf entries pointing to credentials config files
2025-12-23T15:02:37.1321710Z [command]/opt/homebrew/bin/git config --local --name-only --get-regexp ^includeIf\.gitdir:
2025-12-23T15:02:37.1372390Z [command]/opt/homebrew/bin/git submodule foreach --recursive git config --local --show-origin --name-only --get-regexp remote.origin.url
2025-12-23T15:02:37.2674340Z [command]/opt/homebrew/bin/git config --file /Users/runner/work/_temp/git-credentials-7f34ea82-66c1-4e5f-aafe-965f1820ff13.config http.https://github.com/.extraheader AUTHORIZATION: basic ***
2025-12-23T15:02:37.2680490Z [command]/opt/homebrew/bin/git config --local includeIf.gitdir:/Users/runner/work/scratchattach/scratchattach/.git.path /Users/runner/work/_temp/git-credentials-7f34ea82-66c1-4e5f-aafe-965f1820ff13.config
2025-12-23T15:02:37.2683090Z [command]/opt/homebrew/bin/git config --local includeIf.gitdir:/Users/runner/work/scratchattach/scratchattach/.git/worktrees/*.path /Users/runner/work/_temp/git-credentials-7f34ea82-66c1-4e5f-aafe-965f1820ff13.config
2025-12-23T15:02:37.2685300Z [command]/opt/homebrew/bin/git config --local includeIf.gitdir:/github/workspace/.git.path /github/runner_temp/git-credentials-7f34ea82-66c1-4e5f-aafe-965f1820ff13.config
2025-12-23T15:02:37.2740870Z [command]/opt/homebrew/bin/git config --local includeIf.gitdir:/github/workspace/.git/worktrees/*.path /github/runner_temp/git-credentials-7f34ea82-66c1-4e5f-aafe-965f1820ff13.config
2025-12-23T15:02:37.2816910Z ##[endgroup]
2025-12-23T15:02:37.2818180Z ##[group]Fetching the repository
2025-12-23T15:02:37.2824750Z [command]/opt/homebrew/bin/git -c protocol.version=2 fetch --no-tags --prune --no-recurse-submodules --depth=1 origin +refs/heads/scratch_chat_dev*:refs/remotes/origin/scratch_chat_dev* +refs/tags/scratch_chat_dev*:refs/tags/scratch_chat_dev*
2025-12-23T15:02:40.1083730Z From https://github.com/Boss-1s/scratchattach
2025-12-23T15:02:40.1084890Z  * [new branch]      scratch_chat_dev -> origin/scratch_chat_dev
2025-12-23T15:02:40.1285760Z ##[endgroup]
2025-12-23T15:02:40.1329430Z ##[group]Determining the checkout info
2025-12-23T15:02:40.1343610Z [command]/opt/homebrew/bin/git branch --list --remote origin/scratch_chat_dev
2025-12-23T15:02:40.1389370Z   origin/scratch_chat_dev
2025-12-23T15:02:40.1446640Z ##[endgroup]
2025-12-23T15:02:40.1452670Z [command]/opt/homebrew/bin/git sparse-checkout disable
2025-12-23T15:02:40.1454970Z [command]/opt/homebrew/bin/git config --local --unset-all extensions.worktreeConfig
2025-12-23T15:02:40.1457690Z ##[group]Checking out the ref
2025-12-23T15:02:40.1458950Z [command]/opt/homebrew/bin/git checkout --progress --force -B scratch_chat_dev refs/remotes/origin/scratch_chat_dev
2025-12-23T15:02:40.6994630Z Switched to a new branch 'scratch_chat_dev'
2025-12-23T15:02:40.7083610Z branch 'scratch_chat_dev' set up to track 'origin/scratch_chat_dev'.
2025-12-23T15:02:40.7085680Z ##[endgroup]
2025-12-23T15:02:40.7139900Z [command]/opt/homebrew/bin/git log -1 --format=%H
2025-12-23T15:02:40.7211700Z 16a62e97f3ec191fa4c688d568866b72cdfc6ad4
2025-12-23T15:02:40.7382700Z ##[group]Run actions/setup-python@v6.1.0
2025-12-23T15:02:40.7383010Z with:
2025-12-23T15:02:40.7383220Z   python-version: 3.12
2025-12-23T15:02:40.7383470Z   check-latest: false
2025-12-23T15:02:40.7383930Z   token: ***
2025-12-23T15:02:40.7384140Z   update-environment: true
2025-12-23T15:02:40.7384350Z   allow-prereleases: false
2025-12-23T15:02:40.7384560Z   freethreaded: false
2025-12-23T15:02:40.7384750Z ##[endgroup]
2025-12-23T15:02:40.8520720Z ##[group]Installed versions
2025-12-23T15:02:40.8587010Z (node:3457) [DEP0040] DeprecationWarning: The `punycode` module is deprecated. Please use a userland alternative instead.
2025-12-23T15:02:40.8587640Z Successfully set up CPython (3.12.10)
2025-12-23T15:02:40.8588120Z (Use `node --trace-deprecation ...` to show where the warning was created)
2025-12-23T15:02:40.8588700Z ##[endgroup]
2025-12-23T15:02:40.8666040Z ##[group]Run cd test
2025-12-23T15:02:40.8666410Z [36;1mcd test[0m
2025-12-23T15:02:40.8666620Z [36;1mpython3 test5.py[0m
2025-12-23T15:02:40.8718830Z shell: /bin/bash -e {0}
2025-12-23T15:02:40.8719100Z env:
2025-12-23T15:02:40.8719440Z   pythonLocation: /Users/runner/hostedtoolcache/Python/3.12.10/arm64
2025-12-23T15:02:40.8719970Z   PKG_CONFIG_PATH: /Users/runner/hostedtoolcache/Python/3.12.10/arm64/lib/pkgconfig
2025-12-23T15:02:40.8720410Z   Python_ROOT_DIR: /Users/runner/hostedtoolcache/Python/3.12.10/arm64
2025-12-23T15:02:40.8720800Z   Python2_ROOT_DIR: /Users/runner/hostedtoolcache/Python/3.12.10/arm64
2025-12-23T15:02:40.8721230Z   Python3_ROOT_DIR: /Users/runner/hostedtoolcache/Python/3.12.10/arm64
2025-12-23T15:02:40.8721530Z ##[endgroup]
2025-12-23T15:02:41.0829040Z   File "/Users/runner/work/scratchattach/scratchattach/test/test5.py", line 1
2025-12-23T15:02:41.0835830Z     from ../key_multivalue_storage import Storage as s
2025-12-23T15:02:41.0836630Z            ^
2025-12-23T15:02:41.0837040Z SyntaxError: invalid syntax
2025-12-23T15:02:41.0857160Z ##[error]Process completed with exit code 1.
2025-12-23T15:02:41.0961230Z Post job cleanup.
2025-12-23T15:02:41.1716500Z [command]/opt/homebrew/bin/git version
2025-12-23T15:02:41.1779050Z git version 2.50.1
2025-12-23T15:02:41.1943270Z Copying '/Users/runner/.gitconfig' to '/Users/runner/work/_temp/b81ae1c3-7461-4882-a2b2-9634c1ced2d1/.gitconfig'
2025-12-23T15:02:41.1949300Z Temporarily overriding HOME='/Users/runner/work/_temp/b81ae1c3-7461-4882-a2b2-9634c1ced2d1' before making global git config changes
2025-12-23T15:02:41.1950250Z Adding repository directory to the temporary git global config as a safe directory
2025-12-23T15:02:41.1951340Z [command]/opt/homebrew/bin/git config --global --add safe.directory /Users/runner/work/scratchattach/scratchattach
2025-12-23T15:02:41.1952910Z Removing SSH command configuration
2025-12-23T15:02:41.1953500Z [command]/opt/homebrew/bin/git config --local --name-only --get-regexp core\.sshCommand
2025-12-23T15:02:41.1955220Z [command]/opt/homebrew/bin/git submodule foreach --recursive sh -c "git config --local --name-only --get-regexp 'core\.sshCommand' && git config --local --unset-all 'core.sshCommand' || :"
2025-12-23T15:02:41.2709960Z Removing HTTP extra header
2025-12-23T15:02:41.2713490Z [command]/opt/homebrew/bin/git config --local --name-only --get-regexp http\.https\:\/\/github\.com\/\.extraheader
2025-12-23T15:02:41.2773590Z [command]/opt/homebrew/bin/git submodule foreach --recursive sh -c "git config --local --name-only --get-regexp 'http\.https\:\/\/github\.com\/\.extraheader' && git config --local --unset-all 'http.https://github.com/.extraheader' || :"
2025-12-23T15:02:41.3924980Z Removing includeIf entries pointing to credentials config files
2025-12-23T15:02:41.3926580Z [command]/opt/homebrew/bin/git config --local --name-only --get-regexp ^includeIf\.gitdir:
2025-12-23T15:02:41.3999990Z includeif.gitdir:/Users/runner/work/scratchattach/scratchattach/.git.path
2025-12-23T15:02:41.4004910Z includeif.gitdir:/Users/runner/work/scratchattach/scratchattach/.git/worktrees/*.path
2025-12-23T15:02:41.4006670Z includeif.gitdir:/github/workspace/.git.path
2025-12-23T15:02:41.4007440Z includeif.gitdir:/github/workspace/.git/worktrees/*.path
2025-12-23T15:02:41.4013870Z [command]/opt/homebrew/bin/git config --local --get-all includeif.gitdir:/Users/runner/work/scratchattach/scratchattach/.git.path
2025-12-23T15:02:41.4070270Z /Users/runner/work/_temp/git-credentials-7f34ea82-66c1-4e5f-aafe-965f1820ff13.config
2025-12-23T15:02:41.4077870Z [command]/opt/homebrew/bin/git config --local --unset includeif.gitdir:/Users/runner/work/scratchattach/scratchattach/.git.path /Users/runner/work/_temp/git-credentials-7f34ea82-66c1-4e5f-aafe-965f1820ff13.config
2025-12-23T15:02:41.4151040Z [command]/opt/homebrew/bin/git config --local --get-all includeif.gitdir:/Users/runner/work/scratchattach/scratchattach/.git/worktrees/*.path
2025-12-23T15:02:41.4215130Z /Users/runner/work/_temp/git-credentials-7f34ea82-66c1-4e5f-aafe-965f1820ff13.config
2025-12-23T15:02:41.4230930Z [command]/opt/homebrew/bin/git config --local --unset includeif.gitdir:/Users/runner/work/scratchattach/scratchattach/.git/worktrees/*.path /Users/runner/work/_temp/git-credentials-7f34ea82-66c1-4e5f-aafe-965f1820ff13.config
2025-12-23T15:02:41.4279510Z [command]/opt/homebrew/bin/git config --local --get-all includeif.gitdir:/github/workspace/.git.path
2025-12-23T15:02:41.4330360Z /github/runner_temp/git-credentials-7f34ea82-66c1-4e5f-aafe-965f1820ff13.config
2025-12-23T15:02:41.4335380Z [command]/opt/homebrew/bin/git config --local --unset includeif.gitdir:/github/workspace/.git.path /github/runner_temp/git-credentials-7f34ea82-66c1-4e5f-aafe-965f1820ff13.config
2025-12-23T15:02:41.4393590Z [command]/opt/homebrew/bin/git config --local --get-all includeif.gitdir:/github/workspace/.git/worktrees/*.path
2025-12-23T15:02:41.4444200Z /github/runner_temp/git-credentials-7f34ea82-66c1-4e5f-aafe-965f1820ff13.config
2025-12-23T15:02:41.4448640Z [command]/opt/homebrew/bin/git config --local --unset includeif.gitdir:/github/workspace/.git/worktrees/*.path /github/runner_temp/git-credentials-7f34ea82-66c1-4e5f-aafe-965f1820ff13.config
2025-12-23T15:02:41.4507140Z [command]/opt/homebrew/bin/git submodule foreach --recursive git config --local --show-origin --name-only --get-regexp remote.origin.url
2025-12-23T15:02:41.5177750Z Removing credentials config '/Users/runner/work/_temp/git-credentials-7f34ea82-66c1-4e5f-aafe-965f1820ff13.config'
2025-12-23T15:02:41.5246830Z Cleaning up orphan processes
