2025-09-29T01:42:11.1964629Z Current runner version: '2.328.0'
2025-09-29T01:42:11.1989975Z ##[group]Runner Image Provisioner
2025-09-29T01:42:11.1990768Z Hosted Compute Agent
2025-09-29T01:42:11.1991414Z Version: 20250912.392
2025-09-29T01:42:11.1991988Z Commit: d921fda672a98b64f4f82364647e2f10b2267d0b
2025-09-29T01:42:11.1992698Z Build Date: 2025-09-12T15:23:14Z
2025-09-29T01:42:11.1993362Z ##[endgroup]
2025-09-29T01:42:11.1994126Z ##[group]Operating System
2025-09-29T01:42:11.1994735Z Ubuntu
2025-09-29T01:42:11.1995284Z 24.04.3
2025-09-29T01:42:11.1995718Z LTS
2025-09-29T01:42:11.1996185Z ##[endgroup]
2025-09-29T01:42:11.1996678Z ##[group]Runner Image
2025-09-29T01:42:11.1997281Z Image: ubuntu-24.04
2025-09-29T01:42:11.1997795Z Version: 20250922.53.1
2025-09-29T01:42:11.1998879Z Included Software: https://github.com/actions/runner-images/blob/ubuntu24/20250922.53/images/ubuntu/Ubuntu2404-Readme.md
2025-09-29T01:42:11.2000578Z Image Release: https://github.com/actions/runner-images/releases/tag/ubuntu24%2F20250922.53
2025-09-29T01:42:11.2001739Z ##[endgroup]
2025-09-29T01:42:11.2002776Z ##[group]GITHUB_TOKEN Permissions
2025-09-29T01:42:11.2004887Z Contents: write
2025-09-29T01:42:11.2005469Z Metadata: read
2025-09-29T01:42:11.2005941Z ##[endgroup]
2025-09-29T01:42:11.2008096Z Secret source: Actions
2025-09-29T01:42:11.2008834Z Prepare workflow directory
2025-09-29T01:42:11.2439164Z Prepare all required actions
2025-09-29T01:42:11.2494273Z Getting action download info
2025-09-29T01:42:11.5900126Z Download action repository 'actions/checkout@v5.0.0' (SHA:08c6903cd8c0fde910a37f88322edcfb5dd907a8)
2025-09-29T01:42:12.2014823Z Download action repository 'pawanbahuguna/action-logs@v2.0.0' (SHA:2fb2206c1749d6d09b8799a05519c08ee503660d)
2025-09-29T01:42:12.6131189Z Complete job name: Download GH action logs
2025-09-29T01:42:12.6679152Z ##[group]Build container for action use: '/home/runner/work/_actions/pawanbahuguna/action-logs/v2.0.0/Dockerfile'.
2025-09-29T01:42:12.6731466Z ##[command]/usr/bin/docker build -t b7b2be:aa384f431af9466c92e7631ed7e0bf15 -f "/home/runner/work/_actions/pawanbahuguna/action-logs/v2.0.0/Dockerfile" "/home/runner/work/_actions/pawanbahuguna/action-logs/v2.0.0"
2025-09-29T01:42:18.0110124Z #0 building with "default" instance using docker driver
2025-09-29T01:42:18.0110753Z 
2025-09-29T01:42:18.0111003Z #1 [internal] load build definition from Dockerfile
2025-09-29T01:42:18.0111607Z #1 transferring dockerfile: 347B done
2025-09-29T01:42:18.0112118Z #1 DONE 0.0s
2025-09-29T01:42:18.0112346Z 
2025-09-29T01:42:18.0112642Z #2 [auth] library/alpine:pull token for registry-1.docker.io
2025-09-29T01:42:18.1608635Z #2 DONE 0.0s
2025-09-29T01:42:18.1609017Z 
2025-09-29T01:42:18.1609386Z #3 [internal] load metadata for docker.io/library/alpine:latest
2025-09-29T01:42:18.4082077Z #3 DONE 0.5s
2025-09-29T01:42:18.5368171Z 
2025-09-29T01:42:18.5368670Z #4 [internal] load .dockerignore
2025-09-29T01:42:18.5369596Z #4 transferring context: 2B done
2025-09-29T01:42:18.5370226Z #4 DONE 0.0s
2025-09-29T01:42:18.5370500Z 
2025-09-29T01:42:18.5370724Z #5 [internal] load build context
2025-09-29T01:42:18.5371297Z #5 transferring context: 2.53kB done
2025-09-29T01:42:18.5371851Z #5 DONE 0.0s
2025-09-29T01:42:18.5372104Z 
2025-09-29T01:42:18.5372878Z #6 [1/4] FROM docker.io/library/alpine:latest@sha256:4bcff63911fcb4448bd4fdacec207030997caf25e9bea4045fa6c8c44de311d1
2025-09-29T01:42:18.5374685Z #6 resolve docker.io/library/alpine:latest@sha256:4bcff63911fcb4448bd4fdacec207030997caf25e9bea4045fa6c8c44de311d1 done
2025-09-29T01:42:18.5376128Z #6 sha256:4bcff63911fcb4448bd4fdacec207030997caf25e9bea4045fa6c8c44de311d1 9.22kB / 9.22kB done
2025-09-29T01:42:18.5377369Z #6 sha256:eafc1edb577d2e9b458664a15f23ea1c370214193226069eb22921169fc7e43f 1.02kB / 1.02kB done
2025-09-29T01:42:18.5378567Z #6 sha256:9234e8fb04c47cfe0f49931e4ac7eb76fa904e33b7f8576aec0501c085f02516 581B / 581B done
2025-09-29T01:42:18.5379783Z #6 sha256:9824c27679d3b27c5e1cb00a73adb6f4f8d556994111c12db3c5d61a0c843df8 3.27MB / 3.80MB 0.1s
2025-09-29T01:42:18.6378149Z #6 sha256:9824c27679d3b27c5e1cb00a73adb6f4f8d556994111c12db3c5d61a0c843df8 3.80MB / 3.80MB 0.1s done
2025-09-29T01:42:18.6379885Z #6 extracting sha256:9824c27679d3b27c5e1cb00a73adb6f4f8d556994111c12db3c5d61a0c843df8
2025-09-29T01:42:18.8666382Z #6 extracting sha256:9824c27679d3b27c5e1cb00a73adb6f4f8d556994111c12db3c5d61a0c843df8 0.1s done
2025-09-29T01:42:18.8667228Z #6 DONE 0.3s
2025-09-29T01:42:18.8667413Z 
2025-09-29T01:42:18.8667601Z #7 [2/4] RUN apk update && apk add --no-cache curl jq
2025-09-29T01:42:18.8986507Z #7 0.183 fetch https://dl-cdn.alpinelinux.org/alpine/v3.22/main/x86_64/APKINDEX.tar.gz
2025-09-29T01:42:19.1362536Z #7 0.270 fetch https://dl-cdn.alpinelinux.org/alpine/v3.22/community/x86_64/APKINDEX.tar.gz
2025-09-29T01:42:19.2911491Z #7 0.575 v3.22.1-496-gf43192d532d [https://dl-cdn.alpinelinux.org/alpine/v3.22/main]
2025-09-29T01:42:19.2913582Z #7 0.575 v3.22.1-497-g65a3a41df18 [https://dl-cdn.alpinelinux.org/alpine/v3.22/community]
2025-09-29T01:42:19.2915262Z #7 0.575 OK: 26326 distinct packages available
2025-09-29T01:42:19.4340279Z #7 0.644 fetch https://dl-cdn.alpinelinux.org/alpine/v3.22/main/x86_64/APKINDEX.tar.gz
2025-09-29T01:42:19.4341956Z #7 0.718 fetch https://dl-cdn.alpinelinux.org/alpine/v3.22/community/x86_64/APKINDEX.tar.gz
2025-09-29T01:42:19.7221969Z #7 1.006 (1/11) Installing brotli-libs (1.1.0-r2)
2025-09-29T01:42:19.9654019Z #7 1.020 (2/11) Installing c-ares (1.34.5-r0)
2025-09-29T01:42:19.9654720Z #7 1.025 (3/11) Installing libunistring (1.3-r0)
2025-09-29T01:42:19.9655518Z #7 1.038 (4/11) Installing libidn2 (2.3.7-r0)
2025-09-29T01:42:19.9656247Z #7 1.043 (5/11) Installing nghttp2-libs (1.65.0-r0)
2025-09-29T01:42:19.9657042Z #7 1.049 (6/11) Installing libpsl (0.21.5-r3)
2025-09-29T01:42:19.9657685Z #7 1.053 (7/11) Installing zstd-libs (1.5.7-r0)
2025-09-29T01:42:19.9658774Z #7 1.062 (8/11) Installing libcurl (8.14.1-r1)
2025-09-29T01:42:19.9659489Z #7 1.072 (9/11) Installing curl (8.14.1-r1)
2025-09-29T01:42:19.9660179Z #7 1.078 (10/11) Installing oniguruma (6.9.10-r0)
2025-09-29T01:42:19.9660889Z #7 1.085 (11/11) Installing jq (1.8.0-r0)
2025-09-29T01:42:19.9661457Z #7 1.093 Executing busybox-1.37.0-r18.trigger
2025-09-29T01:42:19.9662034Z #7 1.099 OK: 13 MiB in 27 packages
2025-09-29T01:42:20.2813442Z #7 DONE 1.6s
2025-09-29T01:42:20.4187238Z 
2025-09-29T01:42:20.4188418Z #8 [3/4] COPY entrypoint.sh /entrypoint.sh
2025-09-29T01:42:20.4189430Z #8 DONE 0.0s
2025-09-29T01:42:20.4190258Z 
2025-09-29T01:42:20.4190738Z #9 [4/4] RUN chmod +x /entrypoint.sh
2025-09-29T01:42:20.4191249Z #9 DONE 0.1s
2025-09-29T01:42:20.5707727Z 
2025-09-29T01:42:20.5708154Z #10 exporting to image
2025-09-29T01:42:20.5708809Z #10 exporting layers
2025-09-29T01:42:21.0119093Z #10 exporting layers 0.6s done
2025-09-29T01:42:21.0427676Z #10 writing image sha256:56aa65462c2ff73051787550f405365b5165a55c3cab1b8b6b79359fa15b5f60 done
2025-09-29T01:42:21.0429022Z #10 naming to docker.io/library/b7b2be:aa384f431af9466c92e7631ed7e0bf15 done
2025-09-29T01:42:21.0429599Z #10 DONE 0.6s
2025-09-29T01:42:21.0539549Z ##[endgroup]
2025-09-29T01:42:21.0801874Z ##[group]Run actions/checkout@v5.0.0
2025-09-29T01:42:21.0802479Z with:
2025-09-29T01:42:21.0802708Z   repository: Boss-1s/scratchattach
2025-09-29T01:42:21.0803229Z   token: ***
2025-09-29T01:42:21.0803430Z   ssh-strict: true
2025-09-29T01:42:21.0803636Z   ssh-user: git
2025-09-29T01:42:21.0803838Z   persist-credentials: true
2025-09-29T01:42:21.0804301Z   clean: true
2025-09-29T01:42:21.0804514Z   sparse-checkout-cone-mode: true
2025-09-29T01:42:21.0804778Z   fetch-depth: 1
2025-09-29T01:42:21.0804975Z   fetch-tags: false
2025-09-29T01:42:21.0805173Z   show-progress: true
2025-09-29T01:42:21.0805380Z   lfs: false
2025-09-29T01:42:21.0805563Z   submodules: false
2025-09-29T01:42:21.0805765Z   set-safe-directory: true
2025-09-29T01:42:21.0806235Z ##[endgroup]
2025-09-29T01:42:21.1737154Z Syncing repository: Boss-1s/scratchattach
2025-09-29T01:42:21.1738415Z ##[group]Getting Git version info
2025-09-29T01:42:21.1738905Z Working directory is '/home/runner/work/scratchattach/scratchattach'
2025-09-29T01:42:21.1739803Z [command]/usr/bin/git version
2025-09-29T01:42:21.1740050Z git version 2.51.0
2025-09-29T01:42:21.1753590Z ##[endgroup]
2025-09-29T01:42:21.1767846Z Temporarily overriding HOME='/home/runner/work/_temp/ac8d0a84-bac7-414f-8e1b-9818785e735e' before making global git config changes
2025-09-29T01:42:21.1768795Z Adding repository directory to the temporary git global config as a safe directory
2025-09-29T01:42:21.1772726Z [command]/usr/bin/git config --global --add safe.directory /home/runner/work/scratchattach/scratchattach
2025-09-29T01:42:21.1883424Z Deleting the contents of '/home/runner/work/scratchattach/scratchattach'
2025-09-29T01:42:21.1887307Z ##[group]Initializing the repository
2025-09-29T01:42:21.1892442Z [command]/usr/bin/git init /home/runner/work/scratchattach/scratchattach
2025-09-29T01:42:21.3128474Z hint: Using 'master' as the name for the initial branch. This default branch name
2025-09-29T01:42:21.3129671Z hint: is subject to change. To configure the initial branch name to use in all
2025-09-29T01:42:21.3130614Z hint: of your new repositories, which will suppress this warning, call:
2025-09-29T01:42:21.3131277Z hint:
2025-09-29T01:42:21.3131733Z hint: 	git config --global init.defaultBranch <name>
2025-09-29T01:42:21.3132285Z hint:
2025-09-29T01:42:21.3132817Z hint: Names commonly chosen instead of 'master' are 'main', 'trunk' and
2025-09-29T01:42:21.3133751Z hint: 'development'. The just-created branch can be renamed via this command:
2025-09-29T01:42:21.3134690Z hint:
2025-09-29T01:42:21.3135068Z hint: 	git branch -m <name>
2025-09-29T01:42:21.3135444Z hint:
2025-09-29T01:42:21.3135981Z hint: Disable this message with "git config set advice.defaultBranchName false"
2025-09-29T01:42:21.3190446Z Initialized empty Git repository in /home/runner/work/scratchattach/scratchattach/.git/
2025-09-29T01:42:21.3204583Z [command]/usr/bin/git remote add origin https://github.com/Boss-1s/scratchattach
2025-09-29T01:42:21.3303559Z ##[endgroup]
2025-09-29T01:42:21.3304577Z ##[group]Disabling automatic garbage collection
2025-09-29T01:42:21.3309790Z [command]/usr/bin/git config --local gc.auto 0
2025-09-29T01:42:21.3343024Z ##[endgroup]
2025-09-29T01:42:21.3343713Z ##[group]Setting up auth
2025-09-29T01:42:21.3351123Z [command]/usr/bin/git config --local --name-only --get-regexp core\.sshCommand
2025-09-29T01:42:21.3383821Z [command]/usr/bin/git submodule foreach --recursive sh -c "git config --local --name-only --get-regexp 'core\.sshCommand' && git config --local --unset-all 'core.sshCommand' || :"
2025-09-29T01:42:21.6530816Z [command]/usr/bin/git config --local --name-only --get-regexp http\.https\:\/\/github\.com\/\.extraheader
2025-09-29T01:42:21.6571104Z [command]/usr/bin/git submodule foreach --recursive sh -c "git config --local --name-only --get-regexp 'http\.https\:\/\/github\.com\/\.extraheader' && git config --local --unset-all 'http.https://github.com/.extraheader' || :"
2025-09-29T01:42:21.6818280Z [command]/usr/bin/git config --local http.https://github.com/.extraheader AUTHORIZATION: basic ***
2025-09-29T01:42:21.6854581Z ##[endgroup]
2025-09-29T01:42:21.6855304Z ##[group]Fetching the repository
2025-09-29T01:42:21.6865132Z [command]/usr/bin/git -c protocol.version=2 fetch --no-tags --prune --no-recurse-submodules --depth=1 origin +1273990fcb153f891cb5d7efef01dce4f4d7d96b:refs/remotes/origin/main
2025-09-29T01:42:22.4972423Z From https://github.com/Boss-1s/scratchattach
2025-09-29T01:42:22.4973493Z  * [new ref]         1273990fcb153f891cb5d7efef01dce4f4d7d96b -> origin/main
2025-09-29T01:42:22.5068254Z ##[endgroup]
2025-09-29T01:42:22.5069006Z ##[group]Determining the checkout info
2025-09-29T01:42:22.5072159Z ##[endgroup]
2025-09-29T01:42:22.5078844Z [command]/usr/bin/git sparse-checkout disable
2025-09-29T01:42:22.5187679Z [command]/usr/bin/git config --local --unset-all extensions.worktreeConfig
2025-09-29T01:42:22.5217410Z ##[group]Checking out the ref
2025-09-29T01:42:22.5221942Z [command]/usr/bin/git checkout --progress --force -B main refs/remotes/origin/main
2025-09-29T01:42:22.6628807Z Switched to a new branch 'main'
2025-09-29T01:42:22.6631007Z branch 'main' set up to track 'origin/main'.
2025-09-29T01:42:22.6650710Z ##[endgroup]
2025-09-29T01:42:22.6694108Z [command]/usr/bin/git log -1 --format=%H
2025-09-29T01:42:22.6718005Z 1273990fcb153f891cb5d7efef01dce4f4d7d96b
2025-09-29T01:42:22.6920933Z ##[group]Run pawanbahuguna/action-logs@v2.0.0
2025-09-29T01:42:22.6921244Z env:
2025-09-29T01:42:22.6921873Z   GH_TOKEN: ***
2025-09-29T01:42:22.6922078Z   GH_REPO: Boss-1s/scratchattach
2025-09-29T01:42:22.6922307Z   LOGS_DIR: .logs
2025-09-29T01:42:22.6922486Z ##[endgroup]
2025-09-29T01:42:22.7011731Z ##[command]/usr/bin/docker run --name b7b2beaa384f431af9466c92e7631ed7e0bf15_4a7e4e --label b7b2be --workdir /github/workspace --rm -e "GH_TOKEN" -e "GH_REPO" -e "LOGS_DIR" -e "HOME" -e "GITHUB_JOB" -e "GITHUB_REF" -e "GITHUB_SHA" -e "GITHUB_REPOSITORY" -e "GITHUB_REPOSITORY_OWNER" -e "GITHUB_REPOSITORY_OWNER_ID" -e "GITHUB_RUN_ID" -e "GITHUB_RUN_NUMBER" -e "GITHUB_RETENTION_DAYS" -e "GITHUB_RUN_ATTEMPT" -e "GITHUB_ACTOR_ID" -e "GITHUB_ACTOR" -e "GITHUB_WORKFLOW" -e "GITHUB_HEAD_REF" -e "GITHUB_BASE_REF" -e "GITHUB_EVENT_NAME" -e "GITHUB_SERVER_URL" -e "GITHUB_API_URL" -e "GITHUB_GRAPHQL_URL" -e "GITHUB_REF_NAME" -e "GITHUB_REF_PROTECTED" -e "GITHUB_REF_TYPE" -e "GITHUB_WORKFLOW_REF" -e "GITHUB_WORKFLOW_SHA" -e "GITHUB_REPOSITORY_ID" -e "GITHUB_TRIGGERING_ACTOR" -e "GITHUB_WORKSPACE" -e "GITHUB_ACTION" -e "GITHUB_EVENT_PATH" -e "GITHUB_ACTION_REPOSITORY" -e "GITHUB_ACTION_REF" -e "GITHUB_PATH" -e "GITHUB_ENV" -e "GITHUB_STEP_SUMMARY" -e "GITHUB_STATE" -e "GITHUB_OUTPUT" -e "RUNNER_OS" -e "RUNNER_ARCH" -e "RUNNER_NAME" -e "RUNNER_ENVIRONMENT" -e "RUNNER_TOOL_CACHE" -e "RUNNER_TEMP" -e "RUNNER_WORKSPACE" -e "ACTIONS_RUNTIME_URL" -e "ACTIONS_RUNTIME_TOKEN" -e "ACTIONS_CACHE_URL" -e "ACTIONS_RESULTS_URL" -e GITHUB_ACTIONS=true -e CI=true -v "/var/run/docker.sock":"/var/run/docker.sock" -v "/home/runner/work/_temp/_github_home":"/github/home" -v "/home/runner/work/_temp/_github_workflow":"/github/workflow" -v "/home/runner/work/_temp/_runner_file_commands":"/github/file_commands" -v "/home/runner/work/scratchattach/scratchattach":"/github/workspace" b7b2be:aa384f431af9466c92e7631ed7e0bf15
2025-09-29T01:42:23.6766541Z Will only process 24hrs logs before or equal to 2025-09-28T01:42:23Z
2025-09-29T01:42:23.6768702Z Searching Workflow Runs
2025-09-29T01:42:26.8987026Z Fetching Job IDs
2025-09-29T01:42:30.8896740Z mkdir: can't create directory '.logs': File exists
2025-09-29T01:42:30.8903378Z Writing logs for job 51449611169
2025-09-29T01:42:31.0730317Z Writing logs for job 51449462528
2025-09-29T01:42:31.2372723Z Writing logs for job 51438748149
2025-09-29T01:42:31.5681629Z Writing logs for job 51438298630
2025-09-29T01:42:32.0677348Z Writing logs for job 51438046097
2025-09-29T01:42:32.3789373Z Writing logs for job 51437590500
2025-09-29T01:42:32.6997835Z Writing logs for job 51429339545
2025-09-29T01:42:33.0005735Z Writing logs for job 51428668447
2025-09-29T01:42:33.3808398Z Writing logs for job 51420880490
2025-09-29T01:42:33.7582044Z Writing logs for job 51420288497
2025-09-29T01:42:34.1847596Z Writing logs for job 51420069087
2025-09-29T01:42:34.5074984Z Writing logs for job 51419612252
2025-09-29T01:42:34.8977129Z Writing logs for job 51414798656
2025-09-29T01:42:35.3140061Z Writing logs for job 51412670264
2025-09-29T01:42:35.6596035Z Writing logs for job 51412670225
2025-09-29T01:42:36.0146341Z Writing logs for job 51412670229
2025-09-29T01:42:36.4025506Z Writing logs for job 51412659853
2025-09-29T01:42:36.7168395Z Writing logs for job 51412566227
2025-09-29T01:42:37.1153312Z Logs Downloaded and saved!
2025-09-29T01:42:37.1154117Z Starting cleanup
2025-09-29T01:42:37.1161043Z cleanup Completed!!
2025-09-29T01:42:37.1965885Z ##[group]Run git config --global user.name 'Boss_1s [via Actions]'
2025-09-29T01:42:37.1966455Z [36;1mgit config --global user.name 'Boss_1s [via Actions]'[0m
2025-09-29T01:42:37.1966963Z [36;1mgit config --global user.email 'Boss-1s[auto]@users.noreply.github.com'[0m
2025-09-29T01:42:37.1967605Z [36;1m[0m
2025-09-29T01:42:37.1967800Z [36;1mgit pull origin main[0m
2025-09-29T01:42:37.1968033Z [36;1m[0m
2025-09-29T01:42:37.1968263Z [36;1mGIT_STATUS_OUTPUT=$(git status --porcelain)[0m
2025-09-29T01:42:37.1968559Z [36;1m[0m
2025-09-29T01:42:37.1968757Z [36;1mif [ -z "$GIT_STATUS_OUTPUT" ]; then[0m
2025-09-29T01:42:37.1969135Z [36;1m  echo "Git working tree is clean (no uncommitted changes)."[0m
2025-09-29T01:42:37.1969491Z [36;1m  exit 0[0m
2025-09-29T01:42:37.1969676Z [36;1melse[0m
2025-09-29T01:42:37.1969922Z [36;1m  echo "Git working tree has uncommitted changes:"[0m
2025-09-29T01:42:37.1970245Z [36;1m  echo "$GIT_STATUS_OUTPUT"[0m
2025-09-29T01:42:37.1970668Z [36;1m  echo "These changes will be pushed to the main branch."[0m
2025-09-29T01:42:37.1971002Z [36;1mfi[0m
2025-09-29T01:42:37.1971176Z [36;1m[0m
2025-09-29T01:42:37.1971349Z [36;1mgit add .[0m
2025-09-29T01:42:37.1971581Z [36;1mgit commit -m "[BOT] Download Logs"[0m
2025-09-29T01:42:37.1971884Z [36;1mgit push origin main[0m
2025-09-29T01:42:37.2010024Z shell: /usr/bin/bash -e {0}
2025-09-29T01:42:37.2010309Z ##[endgroup]
2025-09-29T01:42:37.4178890Z From https://github.com/Boss-1s/scratchattach
2025-09-29T01:42:37.4179307Z  * branch            main       -> FETCH_HEAD
2025-09-29T01:42:37.4331641Z Already up to date.
2025-09-29T01:42:37.5455014Z Git working tree has uncommitted changes:
2025-09-29T01:42:37.5457022Z ?? .logs/logs-51412566227-2025-09-29.txt
2025-09-29T01:42:37.5457408Z ?? .logs/logs-51412659853-2025-09-29.txt
2025-09-29T01:42:37.5457740Z ?? .logs/logs-51412670225-2025-09-29.txt
2025-09-29T01:42:37.5458105Z ?? .logs/logs-51412670229-2025-09-29.txt
2025-09-29T01:42:37.5458668Z ?? .logs/logs-51412670264-2025-09-29.txt
2025-09-29T01:42:37.5459115Z ?? .logs/logs-51414798656-2025-09-29.txt
2025-09-29T01:42:37.5459546Z ?? .logs/logs-51419612252-2025-09-29.txt
2025-09-29T01:42:37.5459976Z ?? .logs/logs-51420069087-2025-09-29.txt
2025-09-29T01:42:37.5460395Z ?? .logs/logs-51420288497-2025-09-29.txt
2025-09-29T01:42:37.5460985Z ?? .logs/logs-51420880490-2025-09-29.txt
2025-09-29T01:42:37.5461429Z ?? .logs/logs-51428668447-2025-09-29.txt
2025-09-29T01:42:37.5461877Z ?? .logs/logs-51429339545-2025-09-29.txt
2025-09-29T01:42:37.5462345Z ?? .logs/logs-51437590500-2025-09-29.txt
2025-09-29T01:42:37.5462808Z ?? .logs/logs-51438046097-2025-09-29.txt
2025-09-29T01:42:37.5463281Z ?? .logs/logs-51438298630-2025-09-29.txt
2025-09-29T01:42:37.5463755Z ?? .logs/logs-51438748149-2025-09-29.txt
2025-09-29T01:42:37.5464677Z ?? .logs/logs-51449462528-2025-09-29.txt
2025-09-29T01:42:37.5465151Z ?? .logs/logs-51449611169-2025-09-29.txt
2025-09-29T01:42:37.5465725Z These changes will be pushed to the main branch.
2025-09-29T01:42:37.5847823Z [main 2e59a4c] [BOT] Download Logs
2025-09-29T01:42:37.5848256Z  18 files changed, 19726 insertions(+)
2025-09-29T01:42:37.5848683Z  create mode 100644 .logs/logs-51412566227-2025-09-29.txt
2025-09-29T01:42:37.5849168Z  create mode 100644 .logs/logs-51412659853-2025-09-29.txt
2025-09-29T01:42:37.5849670Z  create mode 100644 .logs/logs-51412670225-2025-09-29.txt
2025-09-29T01:42:37.5850117Z  create mode 100644 .logs/logs-51412670229-2025-09-29.txt
2025-09-29T01:42:37.5850566Z  create mode 100644 .logs/logs-51412670264-2025-09-29.txt
2025-09-29T01:42:37.5851009Z  create mode 100644 .logs/logs-51414798656-2025-09-29.txt
2025-09-29T01:42:37.5851460Z  create mode 100644 .logs/logs-51419612252-2025-09-29.txt
2025-09-29T01:42:37.5851909Z  create mode 100644 .logs/logs-51420069087-2025-09-29.txt
2025-09-29T01:42:37.5852354Z  create mode 100644 .logs/logs-51420288497-2025-09-29.txt
2025-09-29T01:42:37.5852801Z  create mode 100644 .logs/logs-51420880490-2025-09-29.txt
2025-09-29T01:42:37.5853565Z  create mode 100644 .logs/logs-51428668447-2025-09-29.txt
2025-09-29T01:42:37.5854600Z  create mode 100644 .logs/logs-51429339545-2025-09-29.txt
2025-09-29T01:42:37.5855182Z  create mode 100644 .logs/logs-51437590500-2025-09-29.txt
2025-09-29T01:42:37.5855629Z  create mode 100644 .logs/logs-51438046097-2025-09-29.txt
2025-09-29T01:42:37.5856263Z  create mode 100644 .logs/logs-51438298630-2025-09-29.txt
2025-09-29T01:42:37.5856701Z  create mode 100644 .logs/logs-51438748149-2025-09-29.txt
2025-09-29T01:42:37.5857140Z  create mode 100644 .logs/logs-51449462528-2025-09-29.txt
2025-09-29T01:42:37.5857571Z  create mode 100644 .logs/logs-51449611169-2025-09-29.txt
2025-09-29T01:42:38.4147175Z To https://github.com/Boss-1s/scratchattach
2025-09-29T01:42:38.4147988Z    1273990..2e59a4c  main -> main
2025-09-29T01:42:38.4338224Z Post job cleanup.
2025-09-29T01:42:38.5143708Z [command]/usr/bin/git version
2025-09-29T01:42:38.5181002Z git version 2.51.0
2025-09-29T01:42:38.5213129Z Copying '/home/runner/.gitconfig' to '/home/runner/work/_temp/4af1de3a-d0c9-42ab-8d27-ca04aaeb87bc/.gitconfig'
2025-09-29T01:42:38.5222592Z Temporarily overriding HOME='/home/runner/work/_temp/4af1de3a-d0c9-42ab-8d27-ca04aaeb87bc' before making global git config changes
2025-09-29T01:42:38.5224110Z Adding repository directory to the temporary git global config as a safe directory
2025-09-29T01:42:38.5229231Z [command]/usr/bin/git config --global --add safe.directory /home/runner/work/scratchattach/scratchattach
2025-09-29T01:42:38.5267420Z [command]/usr/bin/git config --local --name-only --get-regexp core\.sshCommand
2025-09-29T01:42:38.5299295Z [command]/usr/bin/git submodule foreach --recursive sh -c "git config --local --name-only --get-regexp 'core\.sshCommand' && git config --local --unset-all 'core.sshCommand' || :"
2025-09-29T01:42:38.5523761Z [command]/usr/bin/git config --local --name-only --get-regexp http\.https\:\/\/github\.com\/\.extraheader
2025-09-29T01:42:38.5546712Z http.https://github.com/.extraheader
2025-09-29T01:42:38.5556878Z [command]/usr/bin/git config --local --unset-all http.https://github.com/.extraheader
2025-09-29T01:42:38.5586866Z [command]/usr/bin/git submodule foreach --recursive sh -c "git config --local --name-only --get-regexp 'http\.https\:\/\/github\.com\/\.extraheader' && git config --local --unset-all 'http.https://github.com/.extraheader' || :"
2025-09-29T01:42:38.5920541Z Cleaning up orphan processes
