2025-10-07T21:15:34.6070327Z Current runner version: '2.328.0'
2025-10-07T21:15:34.6103318Z ##[group]Runner Image Provisioner
2025-10-07T21:15:34.6104092Z Hosted Compute Agent
2025-10-07T21:15:34.6104695Z Version: 20250912.392
2025-10-07T21:15:34.6105591Z Commit: d921fda672a98b64f4f82364647e2f10b2267d0b
2025-10-07T21:15:34.6106335Z Build Date: 2025-09-12T15:23:14Z
2025-10-07T21:15:34.6106970Z ##[endgroup]
2025-10-07T21:15:34.6107576Z ##[group]Operating System
2025-10-07T21:15:34.6108114Z Ubuntu
2025-10-07T21:15:34.6108586Z 24.04.3
2025-10-07T21:15:34.6109103Z LTS
2025-10-07T21:15:34.6109574Z ##[endgroup]
2025-10-07T21:15:34.6110132Z ##[group]Runner Image
2025-10-07T21:15:34.6110672Z Image: ubuntu-24.04
2025-10-07T21:15:34.6111205Z Version: 20250929.60.1
2025-10-07T21:15:34.6112226Z Included Software: https://github.com/actions/runner-images/blob/ubuntu24/20250929.60/images/ubuntu/Ubuntu2404-Readme.md
2025-10-07T21:15:34.6113783Z Image Release: https://github.com/actions/runner-images/releases/tag/ubuntu24%2F20250929.60
2025-10-07T21:15:34.6114829Z ##[endgroup]
2025-10-07T21:15:34.6116143Z ##[group]GITHUB_TOKEN Permissions
2025-10-07T21:15:34.6118227Z Contents: write
2025-10-07T21:15:34.6118871Z Metadata: read
2025-10-07T21:15:34.6119410Z ##[endgroup]
2025-10-07T21:15:34.6121711Z Secret source: Actions
2025-10-07T21:15:34.6122853Z Prepare workflow directory
2025-10-07T21:15:34.6457175Z Prepare all required actions
2025-10-07T21:15:34.6494905Z Getting action download info
2025-10-07T21:15:35.0041833Z Download action repository 'actions/checkout@v5.0.0' (SHA:08c6903cd8c0fde910a37f88322edcfb5dd907a8)
2025-10-07T21:15:35.1885650Z Download action repository 'actions/setup-python@v6.0.0' (SHA:e797f83bcb11b83ae66e0230d6156d7c80228e7c)
2025-10-07T21:15:35.2753836Z Download action repository 'bossOfCode/install-scratchattach@v1.0.3' (SHA:be17a7cf1ecb5a7040eb42ef26c2e1fbe72bb25a)
2025-10-07T21:15:35.6704118Z Complete job name: Run Request/Database Handler
2025-10-07T21:15:35.7425798Z ##[group]Run actions/checkout@v5.0.0
2025-10-07T21:15:35.7427092Z with:
2025-10-07T21:15:35.7427738Z   ref: scratch_chat_dev
2025-10-07T21:15:35.7428456Z   repository: Boss-1s/scratchattach
2025-10-07T21:15:35.7429445Z   token: ***
2025-10-07T21:15:35.7430015Z   ssh-strict: true
2025-10-07T21:15:35.7430623Z   ssh-user: git
2025-10-07T21:15:35.7431265Z   persist-credentials: true
2025-10-07T21:15:35.7431987Z   clean: true
2025-10-07T21:15:35.7432631Z   sparse-checkout-cone-mode: true
2025-10-07T21:15:35.7433393Z   fetch-depth: 1
2025-10-07T21:15:35.7434019Z   fetch-tags: false
2025-10-07T21:15:35.7434659Z   show-progress: true
2025-10-07T21:15:35.7435307Z   lfs: false
2025-10-07T21:15:35.7436136Z   submodules: false
2025-10-07T21:15:35.7436782Z   set-safe-directory: true
2025-10-07T21:15:35.7437709Z ##[endgroup]
2025-10-07T21:15:35.8417297Z Syncing repository: Boss-1s/scratchattach
2025-10-07T21:15:35.8420046Z ##[group]Getting Git version info
2025-10-07T21:15:35.8421381Z Working directory is '/home/runner/work/scratchattach/scratchattach'
2025-10-07T21:15:35.8423060Z [command]/usr/bin/git version
2025-10-07T21:15:36.0911391Z git version 2.51.0
2025-10-07T21:15:36.0936586Z ##[endgroup]
2025-10-07T21:15:36.0952069Z Temporarily overriding HOME='/home/runner/work/_temp/da058592-bf25-43d4-af56-7a6ebfa83fb5' before making global git config changes
2025-10-07T21:15:36.0954579Z Adding repository directory to the temporary git global config as a safe directory
2025-10-07T21:15:36.0958087Z [command]/usr/bin/git config --global --add safe.directory /home/runner/work/scratchattach/scratchattach
2025-10-07T21:15:36.0998753Z Deleting the contents of '/home/runner/work/scratchattach/scratchattach'
2025-10-07T21:15:36.1002037Z ##[group]Initializing the repository
2025-10-07T21:15:36.1006974Z [command]/usr/bin/git init /home/runner/work/scratchattach/scratchattach
2025-10-07T21:15:36.1112876Z hint: Using 'master' as the name for the initial branch. This default branch name
2025-10-07T21:15:36.1114687Z hint: is subject to change. To configure the initial branch name to use in all
2025-10-07T21:15:36.1116973Z hint: of your new repositories, which will suppress this warning, call:
2025-10-07T21:15:36.1117874Z hint:
2025-10-07T21:15:36.1118776Z hint: 	git config --global init.defaultBranch <name>
2025-10-07T21:15:36.1119776Z hint:
2025-10-07T21:15:36.1121018Z hint: Names commonly chosen instead of 'master' are 'main', 'trunk' and
2025-10-07T21:15:36.1122420Z hint: 'development'. The just-created branch can be renamed via this command:
2025-10-07T21:15:36.1123321Z hint:
2025-10-07T21:15:36.1123736Z hint: 	git branch -m <name>
2025-10-07T21:15:36.1124243Z hint:
2025-10-07T21:15:36.1125152Z hint: Disable this message with "git config set advice.defaultBranchName false"
2025-10-07T21:15:36.1127216Z Initialized empty Git repository in /home/runner/work/scratchattach/scratchattach/.git/
2025-10-07T21:15:36.1129325Z [command]/usr/bin/git remote add origin https://github.com/Boss-1s/scratchattach
2025-10-07T21:15:36.1162958Z ##[endgroup]
2025-10-07T21:15:36.1163793Z ##[group]Disabling automatic garbage collection
2025-10-07T21:15:36.1166796Z [command]/usr/bin/git config --local gc.auto 0
2025-10-07T21:15:36.1195263Z ##[endgroup]
2025-10-07T21:15:36.1196880Z ##[group]Setting up auth
2025-10-07T21:15:36.1202698Z [command]/usr/bin/git config --local --name-only --get-regexp core\.sshCommand
2025-10-07T21:15:36.1234130Z [command]/usr/bin/git submodule foreach --recursive sh -c "git config --local --name-only --get-regexp 'core\.sshCommand' && git config --local --unset-all 'core.sshCommand' || :"
2025-10-07T21:15:36.1555849Z [command]/usr/bin/git config --local --name-only --get-regexp http\.https\:\/\/github\.com\/\.extraheader
2025-10-07T21:15:36.1588103Z [command]/usr/bin/git submodule foreach --recursive sh -c "git config --local --name-only --get-regexp 'http\.https\:\/\/github\.com\/\.extraheader' && git config --local --unset-all 'http.https://github.com/.extraheader' || :"
2025-10-07T21:15:36.1814581Z [command]/usr/bin/git config --local http.https://github.com/.extraheader AUTHORIZATION: basic ***
2025-10-07T21:15:36.1849915Z ##[endgroup]
2025-10-07T21:15:36.1851755Z ##[group]Fetching the repository
2025-10-07T21:15:36.1860705Z [command]/usr/bin/git -c protocol.version=2 fetch --no-tags --prune --no-recurse-submodules --depth=1 origin +refs/heads/scratch_chat_dev*:refs/remotes/origin/scratch_chat_dev* +refs/tags/scratch_chat_dev*:refs/tags/scratch_chat_dev*
2025-10-07T21:15:36.9021558Z From https://github.com/Boss-1s/scratchattach
2025-10-07T21:15:36.9023069Z  * [new branch]      scratch_chat_dev -> origin/scratch_chat_dev
2025-10-07T21:15:36.9053183Z ##[endgroup]
2025-10-07T21:15:36.9056721Z ##[group]Determining the checkout info
2025-10-07T21:15:36.9061027Z [command]/usr/bin/git branch --list --remote origin/scratch_chat_dev
2025-10-07T21:15:36.9083788Z   origin/scratch_chat_dev
2025-10-07T21:15:36.9089926Z ##[endgroup]
2025-10-07T21:15:36.9093147Z [command]/usr/bin/git sparse-checkout disable
2025-10-07T21:15:36.9131583Z [command]/usr/bin/git config --local --unset-all extensions.worktreeConfig
2025-10-07T21:15:36.9157841Z ##[group]Checking out the ref
2025-10-07T21:15:36.9161640Z [command]/usr/bin/git checkout --progress --force -B scratch_chat_dev refs/remotes/origin/scratch_chat_dev
2025-10-07T21:15:37.1042074Z Switched to a new branch 'scratch_chat_dev'
2025-10-07T21:15:37.1046161Z branch 'scratch_chat_dev' set up to track 'origin/scratch_chat_dev'.
2025-10-07T21:15:37.1073197Z ##[endgroup]
2025-10-07T21:15:37.1118670Z [command]/usr/bin/git log -1 --format=%H
2025-10-07T21:15:37.1144471Z 7b48a1c20737426255e1246d6f0f173ef279eb6c
2025-10-07T21:15:37.1462151Z ##[group]Run actions/setup-python@v6.0.0
2025-10-07T21:15:37.1463267Z with:
2025-10-07T21:15:37.1464065Z   python-version: 3.13
2025-10-07T21:15:37.1464980Z   check-latest: false
2025-10-07T21:15:37.1466277Z   token: ***
2025-10-07T21:15:37.1467117Z   update-environment: true
2025-10-07T21:15:37.1468077Z   allow-prereleases: false
2025-10-07T21:15:37.1469026Z   freethreaded: false
2025-10-07T21:15:37.1469891Z ##[endgroup]
2025-10-07T21:15:37.2808272Z ##[group]Installed versions
2025-10-07T21:15:37.3056806Z (node:2069) [DEP0040] DeprecationWarning: The `punycode` module is deprecated. Please use a userland alternative instead.
2025-10-07T21:15:37.3059450Z (Use `node --trace-deprecation ...` to show where the warning was created)
2025-10-07T21:15:37.3061629Z Successfully set up CPython (3.13.7)
2025-10-07T21:15:37.3064064Z ##[endgroup]
2025-10-07T21:15:37.3243652Z ##[group]Run bossOfCode/install-scratchattach@v1.0.3
2025-10-07T21:15:37.3244781Z env:
2025-10-07T21:15:37.3245843Z   pythonLocation: /opt/hostedtoolcache/Python/3.13.7/x64
2025-10-07T21:15:37.3247287Z   PKG_CONFIG_PATH: /opt/hostedtoolcache/Python/3.13.7/x64/lib/pkgconfig
2025-10-07T21:15:37.3248728Z   Python_ROOT_DIR: /opt/hostedtoolcache/Python/3.13.7/x64
2025-10-07T21:15:37.3250024Z   Python2_ROOT_DIR: /opt/hostedtoolcache/Python/3.13.7/x64
2025-10-07T21:15:37.3251357Z   Python3_ROOT_DIR: /opt/hostedtoolcache/Python/3.13.7/x64
2025-10-07T21:15:37.3252701Z   LD_LIBRARY_PATH: /opt/hostedtoolcache/Python/3.13.7/x64/lib
2025-10-07T21:15:37.3253836Z ##[endgroup]
2025-10-07T21:15:37.3348583Z ##[group]Run python3 -m pip install --upgrade pip
2025-10-07T21:15:37.3350064Z [36;1mpython3 -m pip install --upgrade pip[0m
2025-10-07T21:15:37.3555903Z shell: /usr/bin/bash --noprofile --norc -e -o pipefail {0}
2025-10-07T21:15:37.3557073Z env:
2025-10-07T21:15:37.3557997Z   pythonLocation: /opt/hostedtoolcache/Python/3.13.7/x64
2025-10-07T21:15:37.3559381Z   PKG_CONFIG_PATH: /opt/hostedtoolcache/Python/3.13.7/x64/lib/pkgconfig
2025-10-07T21:15:37.3560762Z   Python_ROOT_DIR: /opt/hostedtoolcache/Python/3.13.7/x64
2025-10-07T21:15:37.3562006Z   Python2_ROOT_DIR: /opt/hostedtoolcache/Python/3.13.7/x64
2025-10-07T21:15:37.3563277Z   Python3_ROOT_DIR: /opt/hostedtoolcache/Python/3.13.7/x64
2025-10-07T21:15:37.3564547Z   LD_LIBRARY_PATH: /opt/hostedtoolcache/Python/3.13.7/x64/lib
2025-10-07T21:15:37.3565711Z ##[endgroup]
2025-10-07T21:15:41.9457454Z Requirement already satisfied: pip in /opt/hostedtoolcache/Python/3.13.7/x64/lib/python3.13/site-packages (25.2)
2025-10-07T21:15:42.1539186Z ##[group]Run pip install -U scratchattach
2025-10-07T21:15:42.1539501Z [36;1mpip install -U scratchattach[0m
2025-10-07T21:15:42.1573760Z shell: /usr/bin/bash --noprofile --norc -e -o pipefail {0}
2025-10-07T21:15:42.1574069Z env:
2025-10-07T21:15:42.1574314Z   pythonLocation: /opt/hostedtoolcache/Python/3.13.7/x64
2025-10-07T21:15:42.1574712Z   PKG_CONFIG_PATH: /opt/hostedtoolcache/Python/3.13.7/x64/lib/pkgconfig
2025-10-07T21:15:42.1575080Z   Python_ROOT_DIR: /opt/hostedtoolcache/Python/3.13.7/x64
2025-10-07T21:15:42.1575561Z   Python2_ROOT_DIR: /opt/hostedtoolcache/Python/3.13.7/x64
2025-10-07T21:15:42.1575908Z   Python3_ROOT_DIR: /opt/hostedtoolcache/Python/3.13.7/x64
2025-10-07T21:15:42.1576247Z   LD_LIBRARY_PATH: /opt/hostedtoolcache/Python/3.13.7/x64/lib
2025-10-07T21:15:42.1576576Z ##[endgroup]
2025-10-07T21:15:42.6104949Z Collecting scratchattach
2025-10-07T21:15:42.6764132Z   Downloading scratchattach-2.1.13-py3-none-any.whl.metadata (5.5 kB)
2025-10-07T21:15:42.6988684Z Collecting websocket-client (from scratchattach)
2025-10-07T21:15:42.7138290Z   Downloading websocket_client-1.8.0-py3-none-any.whl.metadata (8.0 kB)
2025-10-07T21:15:42.7416773Z Collecting requests (from scratchattach)
2025-10-07T21:15:42.7555883Z   Downloading requests-2.32.5-py3-none-any.whl.metadata (4.9 kB)
2025-10-07T21:15:42.7677775Z Collecting bs4 (from scratchattach)
2025-10-07T21:15:42.7817108Z   Downloading bs4-0.0.2-py2.py3-none-any.whl.metadata (411 bytes)
2025-10-07T21:15:42.7972039Z Collecting SimpleWebSocketServer (from scratchattach)
2025-10-07T21:15:42.8118315Z   Downloading SimpleWebSocketServer-0.1.2.tar.gz (10 kB)
2025-10-07T21:15:42.8202051Z   Installing build dependencies: started
2025-10-07T21:15:43.7196988Z   Installing build dependencies: finished with status 'done'
2025-10-07T21:15:43.7203415Z   Getting requirements to build wheel: started
2025-10-07T21:15:44.2193602Z   Getting requirements to build wheel: finished with status 'done'
2025-10-07T21:15:44.2202387Z   Preparing metadata (pyproject.toml): started
2025-10-07T21:15:44.4562923Z   Preparing metadata (pyproject.toml): finished with status 'done'
2025-10-07T21:15:44.4734504Z Collecting typing-extensions (from scratchattach)
2025-10-07T21:15:44.4875928Z   Downloading typing_extensions-4.15.0-py3-none-any.whl.metadata (3.3 kB)
2025-10-07T21:15:44.5050254Z Collecting beautifulsoup4 (from bs4->scratchattach)
2025-10-07T21:15:44.5190194Z   Downloading beautifulsoup4-4.14.2-py3-none-any.whl.metadata (3.8 kB)
2025-10-07T21:15:44.5400825Z Collecting soupsieve>1.2 (from beautifulsoup4->bs4->scratchattach)
2025-10-07T21:15:44.5538592Z   Downloading soupsieve-2.8-py3-none-any.whl.metadata (4.6 kB)
2025-10-07T21:15:44.6422261Z Collecting charset_normalizer<4,>=2 (from requests->scratchattach)
2025-10-07T21:15:44.6569212Z   Downloading charset_normalizer-3.4.3-cp313-cp313-manylinux2014_x86_64.manylinux_2_17_x86_64.manylinux_2_28_x86_64.whl.metadata (36 kB)
2025-10-07T21:15:44.6829338Z Collecting idna<4,>=2.5 (from requests->scratchattach)
2025-10-07T21:15:44.6969416Z   Downloading idna-3.10-py3-none-any.whl.metadata (10 kB)
2025-10-07T21:15:44.7259381Z Collecting urllib3<3,>=1.21.1 (from requests->scratchattach)
2025-10-07T21:15:44.7398823Z   Downloading urllib3-2.5.0-py3-none-any.whl.metadata (6.5 kB)
2025-10-07T21:15:44.7624789Z Collecting certifi>=2017.4.17 (from requests->scratchattach)
2025-10-07T21:15:44.7763741Z   Downloading certifi-2025.10.5-py3-none-any.whl.metadata (2.5 kB)
2025-10-07T21:15:44.7967189Z Downloading scratchattach-2.1.13-py3-none-any.whl (141 kB)
2025-10-07T21:15:44.8284248Z Downloading bs4-0.0.2-py2.py3-none-any.whl (1.2 kB)
2025-10-07T21:15:44.8442953Z Downloading beautifulsoup4-4.14.2-py3-none-any.whl (106 kB)
2025-10-07T21:15:44.8623128Z Downloading soupsieve-2.8-py3-none-any.whl (36 kB)
2025-10-07T21:15:44.8783219Z Downloading typing_extensions-4.15.0-py3-none-any.whl (44 kB)
2025-10-07T21:15:44.8942533Z Downloading requests-2.32.5-py3-none-any.whl (64 kB)
2025-10-07T21:15:44.9108452Z Downloading charset_normalizer-3.4.3-cp313-cp313-manylinux2014_x86_64.manylinux_2_17_x86_64.manylinux_2_28_x86_64.whl (151 kB)
2025-10-07T21:15:44.9295081Z Downloading idna-3.10-py3-none-any.whl (70 kB)
2025-10-07T21:15:44.9458952Z Downloading urllib3-2.5.0-py3-none-any.whl (129 kB)
2025-10-07T21:15:44.9635849Z Downloading certifi-2025.10.5-py3-none-any.whl (163 kB)
2025-10-07T21:15:44.9821607Z Downloading websocket_client-1.8.0-py3-none-any.whl (58 kB)
2025-10-07T21:15:44.9954794Z Building wheels for collected packages: SimpleWebSocketServer
2025-10-07T21:15:44.9963070Z   Building wheel for SimpleWebSocketServer (pyproject.toml): started
2025-10-07T21:15:45.2191101Z   Building wheel for SimpleWebSocketServer (pyproject.toml): finished with status 'done'
2025-10-07T21:15:45.2197722Z   Created wheel for SimpleWebSocketServer: filename=simplewebsocketserver-0.1.2-py3-none-any.whl size=9715 sha256=511bab71b8bf7edbc9169c954883d06ad25ea93bd8317ef0f58576774648d0a6
2025-10-07T21:15:45.2199626Z   Stored in directory: /home/runner/.cache/pip/wheels/c4/5b/e8/4f2c15a82edc4923058056f6681373168be02a0c00389a6dcf
2025-10-07T21:15:45.2218433Z Successfully built SimpleWebSocketServer
2025-10-07T21:15:45.2401901Z Installing collected packages: SimpleWebSocketServer, websocket-client, urllib3, typing-extensions, soupsieve, idna, charset_normalizer, certifi, requests, beautifulsoup4, bs4, scratchattach
2025-10-07T21:15:45.8345186Z 
2025-10-07T21:15:45.8367640Z Successfully installed SimpleWebSocketServer-0.1.2 beautifulsoup4-4.14.2 bs4-0.0.2 certifi-2025.10.5 charset_normalizer-3.4.3 idna-3.10 requests-2.32.5 scratchattach-2.1.13 soupsieve-2.8 typing-extensions-4.15.0 urllib3-2.5.0 websocket-client-1.8.0
2025-10-07T21:15:45.9223891Z ##[group]Run actions/checkout@v5.0.0
2025-10-07T21:15:45.9224159Z with:
2025-10-07T21:15:45.9224337Z   ref: scratch_chat_dev
2025-10-07T21:15:45.9224558Z   repository: Boss-1s/scratchattach
2025-10-07T21:15:45.9224904Z   token: ***
2025-10-07T21:15:45.9225083Z   ssh-strict: true
2025-10-07T21:15:45.9225588Z   ssh-user: git
2025-10-07T21:15:45.9225777Z   persist-credentials: true
2025-10-07T21:15:45.9225984Z   clean: true
2025-10-07T21:15:45.9226166Z   sparse-checkout-cone-mode: true
2025-10-07T21:15:45.9226397Z   fetch-depth: 1
2025-10-07T21:15:45.9226579Z   fetch-tags: false
2025-10-07T21:15:45.9226758Z   show-progress: true
2025-10-07T21:15:45.9226945Z   lfs: false
2025-10-07T21:15:45.9227111Z   submodules: false
2025-10-07T21:15:45.9227294Z   set-safe-directory: true
2025-10-07T21:15:45.9227498Z env:
2025-10-07T21:15:45.9227717Z   pythonLocation: /opt/hostedtoolcache/Python/3.13.7/x64
2025-10-07T21:15:45.9228146Z   PKG_CONFIG_PATH: /opt/hostedtoolcache/Python/3.13.7/x64/lib/pkgconfig
2025-10-07T21:15:45.9228515Z   Python_ROOT_DIR: /opt/hostedtoolcache/Python/3.13.7/x64
2025-10-07T21:15:45.9228850Z   Python2_ROOT_DIR: /opt/hostedtoolcache/Python/3.13.7/x64
2025-10-07T21:15:45.9229181Z   Python3_ROOT_DIR: /opt/hostedtoolcache/Python/3.13.7/x64
2025-10-07T21:15:45.9229513Z   LD_LIBRARY_PATH: /opt/hostedtoolcache/Python/3.13.7/x64/lib
2025-10-07T21:15:45.9229802Z ##[endgroup]
2025-10-07T21:15:46.0022141Z Syncing repository: Boss-1s/scratchattach
2025-10-07T21:15:46.0022874Z ##[group]Getting Git version info
2025-10-07T21:15:46.0023457Z Working directory is '/home/runner/work/scratchattach/scratchattach'
2025-10-07T21:15:46.0055315Z [command]/usr/bin/git version
2025-10-07T21:15:46.0091571Z git version 2.51.0
2025-10-07T21:15:46.0111996Z ##[endgroup]
2025-10-07T21:15:46.0124987Z Temporarily overriding HOME='/home/runner/work/_temp/3be187f7-5d7a-4f49-ad59-3c74d85359b3' before making global git config changes
2025-10-07T21:15:46.0126284Z Adding repository directory to the temporary git global config as a safe directory
2025-10-07T21:15:46.0130274Z [command]/usr/bin/git config --global --add safe.directory /home/runner/work/scratchattach/scratchattach
2025-10-07T21:15:46.0167301Z [command]/usr/bin/git config --local --get remote.origin.url
2025-10-07T21:15:46.0189023Z https://github.com/Boss-1s/scratchattach
2025-10-07T21:15:46.0201709Z ##[group]Removing previously created refs, to avoid conflicts
2025-10-07T21:15:46.0206250Z [command]/usr/bin/git rev-parse --symbolic-full-name --verify --quiet HEAD
2025-10-07T21:15:46.0226583Z refs/heads/scratch_chat_dev
2025-10-07T21:15:46.0236296Z [command]/usr/bin/git checkout --detach
2025-10-07T21:15:46.1146784Z HEAD is now at 7b48a1c Merge branch 'main' into scratch_chat_dev
2025-10-07T21:15:46.1195056Z [command]/usr/bin/git branch --delete --force scratch_chat_dev
2025-10-07T21:15:46.1221204Z Deleted branch scratch_chat_dev (was 7b48a1c).
2025-10-07T21:15:46.1255311Z ##[endgroup]
2025-10-07T21:15:46.1259117Z [command]/usr/bin/git submodule status
2025-10-07T21:15:46.1483154Z ##[group]Cleaning the repository
2025-10-07T21:15:46.1488495Z [command]/usr/bin/git clean -ffdx
2025-10-07T21:15:46.1526850Z [command]/usr/bin/git reset --hard HEAD
2025-10-07T21:15:46.1582537Z HEAD is now at 7b48a1c Merge branch 'main' into scratch_chat_dev
2025-10-07T21:15:46.1588579Z ##[endgroup]
2025-10-07T21:15:46.1590380Z ##[group]Disabling automatic garbage collection
2025-10-07T21:15:46.1594278Z [command]/usr/bin/git config --local gc.auto 0
2025-10-07T21:15:46.1620219Z ##[endgroup]
2025-10-07T21:15:46.1620772Z ##[group]Setting up auth
2025-10-07T21:15:46.1628294Z [command]/usr/bin/git config --local --name-only --get-regexp core\.sshCommand
2025-10-07T21:15:46.1658135Z [command]/usr/bin/git submodule foreach --recursive sh -c "git config --local --name-only --get-regexp 'core\.sshCommand' && git config --local --unset-all 'core.sshCommand' || :"
2025-10-07T21:15:46.1878019Z [command]/usr/bin/git config --local --name-only --get-regexp http\.https\:\/\/github\.com\/\.extraheader
2025-10-07T21:15:46.1899083Z http.https://github.com/.extraheader
2025-10-07T21:15:46.1908246Z [command]/usr/bin/git config --local --unset-all http.https://github.com/.extraheader
2025-10-07T21:15:46.1938706Z [command]/usr/bin/git submodule foreach --recursive sh -c "git config --local --name-only --get-regexp 'http\.https\:\/\/github\.com\/\.extraheader' && git config --local --unset-all 'http.https://github.com/.extraheader' || :"
2025-10-07T21:15:46.2162165Z [command]/usr/bin/git config --local http.https://github.com/.extraheader AUTHORIZATION: basic ***
2025-10-07T21:15:46.2204412Z ##[endgroup]
2025-10-07T21:15:46.2204948Z ##[group]Fetching the repository
2025-10-07T21:15:46.2213027Z [command]/usr/bin/git -c protocol.version=2 fetch --no-tags --prune --no-recurse-submodules --depth=1 origin +refs/heads/scratch_chat_dev*:refs/remotes/origin/scratch_chat_dev* +refs/tags/scratch_chat_dev*:refs/tags/scratch_chat_dev*
2025-10-07T21:15:46.4924998Z ##[endgroup]
2025-10-07T21:15:46.4925933Z ##[group]Determining the checkout info
2025-10-07T21:15:46.4933174Z [command]/usr/bin/git branch --list --remote origin/scratch_chat_dev
2025-10-07T21:15:46.4958113Z   origin/scratch_chat_dev
2025-10-07T21:15:46.4963011Z ##[endgroup]
2025-10-07T21:15:46.4967827Z [command]/usr/bin/git sparse-checkout disable
2025-10-07T21:15:46.5012307Z [command]/usr/bin/git config --local --unset-all extensions.worktreeConfig
2025-10-07T21:15:46.5039702Z ##[group]Checking out the ref
2025-10-07T21:15:46.5044009Z [command]/usr/bin/git checkout --progress --force -B scratch_chat_dev refs/remotes/origin/scratch_chat_dev
2025-10-07T21:15:46.5101606Z Switched to a new branch 'scratch_chat_dev'
2025-10-07T21:15:46.5104302Z branch 'scratch_chat_dev' set up to track 'origin/scratch_chat_dev'.
2025-10-07T21:15:46.5112125Z ##[endgroup]
2025-10-07T21:15:46.5148744Z [command]/usr/bin/git log -1 --format=%H
2025-10-07T21:15:46.5173213Z 7b48a1c20737426255e1246d6f0f173ef279eb6c
2025-10-07T21:15:46.5293334Z ##[group]Run git config --global user.name 'Boss-1s [via Actions]'
2025-10-07T21:15:46.5293775Z [36;1mgit config --global user.name 'Boss-1s [via Actions]'[0m
2025-10-07T21:15:46.5294204Z [36;1mgit config --global user.email 'Boss-1s[auto]@users.noreply.github.com'[0m
2025-10-07T21:15:46.5294666Z [36;1mtimeout 3m python3 scratch_chat.py || { [[ $? -eq 124 ]] && exit 0; }[0m
2025-10-07T21:15:46.5329380Z shell: /usr/bin/bash -e {0}
2025-10-07T21:15:46.5329599Z env:
2025-10-07T21:15:46.5329834Z   pythonLocation: /opt/hostedtoolcache/Python/3.13.7/x64
2025-10-07T21:15:46.5330238Z   PKG_CONFIG_PATH: /opt/hostedtoolcache/Python/3.13.7/x64/lib/pkgconfig
2025-10-07T21:15:46.5330620Z   Python_ROOT_DIR: /opt/hostedtoolcache/Python/3.13.7/x64
2025-10-07T21:15:46.5330950Z   Python2_ROOT_DIR: /opt/hostedtoolcache/Python/3.13.7/x64
2025-10-07T21:15:46.5331290Z   Python3_ROOT_DIR: /opt/hostedtoolcache/Python/3.13.7/x64
2025-10-07T21:15:46.5331661Z   LD_LIBRARY_PATH: /opt/hostedtoolcache/Python/3.13.7/x64/lib
2025-10-07T21:15:46.5332061Z   PASS: ***
2025-10-07T21:15:46.5332227Z ##[endgroup]
2025-10-07T21:15:47.7886192Z If you use cloud requests or cloud storages, please credit TimMcCool!
2025-10-07T21:15:47.7886652Z Request handler is running
2025-10-07T21:15:47.7892495Z Request handler is running
2025-10-07T21:15:51.6476978Z Received request r_ping, requested by None, args [], timestamp 1759871751646.514, id 690410
2025-10-07T21:15:51.6484888Z Request Handler Pinged
2025-10-07T21:15:53.2152826Z Received request db_get_keys, requested by None, args [settings.json], timestamp 1759871753214.0872, id 836610
2025-10-07T21:15:53.2160427Z client.requester requested keys from database settings.json
2025-10-07T21:15:53.4193363Z Received request db_get_subkeys_values, requested by None, args [settings.json, Boss_1s, True, False], timestamp 1759871753418.1406, id 598010
2025-10-07T21:15:53.4201865Z client.requester requested subkeys under the top level key Boss_1s in database settings.json
2025-10-07T21:15:59.3079441Z Received request r_ping, requested by None, args [], timestamp 1759871759306.7644, id 867130
2025-10-07T21:15:59.3087572Z Request Handler Pinged
2025-10-07T21:16:09.1872523Z Received request r_ping, requested by None, args [], timestamp 1759871769186.1108, id 329030
2025-10-07T21:16:09.1880100Z Request Handler Pinged
2025-10-07T21:16:19.0839532Z Received request r_ping, requested by None, args [], timestamp 1759871779082.884, id 893970
2025-10-07T21:16:19.0847133Z Request Handler Pinged
2025-10-07T21:16:28.9931371Z Received request r_ping, requested by None, args [], timestamp 1759871788991.9922, id 788790
2025-10-07T21:16:28.9938782Z Request Handler Pinged
2025-10-07T21:16:38.8838569Z Received request r_ping, requested by None, args [], timestamp 1759871798882.7124, id 314140
2025-10-07T21:16:38.8845928Z Request Handler Pinged
2025-10-07T21:16:48.7918416Z Received request r_ping, requested by None, args [], timestamp 1759871808790.7324, id 657620
2025-10-07T21:16:48.7925311Z Request Handler Pinged
2025-10-07T21:16:53.4360699Z Received request r_ping, requested by None, args [], timestamp 1759871813434.937, id 692140
2025-10-07T21:16:53.4368383Z Request Handler Pinged
2025-10-07T21:16:54.8235901Z Received request db_get_keys, requested by None, args [settings.json], timestamp 1759871814822.2913, id 800430
2025-10-07T21:16:54.8242910Z client.requester requested keys from database settings.json
2025-10-07T21:16:55.0191653Z Received request db_get_subkeys_values, requested by None, args [settings.json, Boss_1s, True, False], timestamp 1759871815017.9446, id 308480
2025-10-07T21:16:55.0199562Z client.requester requested subkeys under the top level key Boss_1s in database settings.json
2025-10-07T21:17:00.8995149Z Received request r_ping, requested by None, args [], timestamp 1759871820898.3906, id 581470
2025-10-07T21:17:00.9003703Z Request Handler Pinged
2025-10-07T21:17:10.8676367Z Received request r_ping, requested by None, args [], timestamp 1759871830866.429, id 902900
2025-10-07T21:17:10.8684575Z Request Handler Pinged
2025-10-07T21:18:46.5493663Z ##[group]Run bash push.sh
2025-10-07T21:18:46.5493917Z [36;1mbash push.sh[0m
2025-10-07T21:18:46.5527345Z shell: /usr/bin/bash -e {0}
2025-10-07T21:18:46.5527559Z env:
2025-10-07T21:18:46.5527795Z   pythonLocation: /opt/hostedtoolcache/Python/3.13.7/x64
2025-10-07T21:18:46.5528172Z   PKG_CONFIG_PATH: /opt/hostedtoolcache/Python/3.13.7/x64/lib/pkgconfig
2025-10-07T21:18:46.5528558Z   Python_ROOT_DIR: /opt/hostedtoolcache/Python/3.13.7/x64
2025-10-07T21:18:46.5528889Z   Python2_ROOT_DIR: /opt/hostedtoolcache/Python/3.13.7/x64
2025-10-07T21:18:46.5529210Z   Python3_ROOT_DIR: /opt/hostedtoolcache/Python/3.13.7/x64
2025-10-07T21:18:46.5529538Z   LD_LIBRARY_PATH: /opt/hostedtoolcache/Python/3.13.7/x64/lib
2025-10-07T21:18:46.5529815Z ##[endgroup]
2025-10-07T21:18:46.7902163Z From https://github.com/Boss-1s/scratchattach
2025-10-07T21:18:46.7902565Z  * branch            scratch_chat_dev -> FETCH_HEAD
2025-10-07T21:18:46.8102853Z Already up to date.
2025-10-07T21:18:46.8154708Z Git working tree has uncommitted changes:
2025-10-07T21:18:46.8155266Z  M __pycache__/key_multivalue_storage.cpython-313.pyc
2025-10-07T21:18:46.8155999Z These changes will be pushed to the scratch_chat_dev branch.#main
2025-10-07T21:18:46.8270249Z [scratch_chat_dev fbc1049] [BOT] Update file from workflow
2025-10-07T21:18:46.8270661Z  1 file changed, 0 insertions(+), 0 deletions(-)
2025-10-07T21:18:47.3920192Z To https://github.com/Boss-1s/scratchattach
2025-10-07T21:18:47.3920938Z    7b48a1c..fbc1049  scratch_chat_dev -> scratch_chat_dev
2025-10-07T21:18:47.4029249Z Post job cleanup.
2025-10-07T21:18:47.4789178Z [command]/usr/bin/git version
2025-10-07T21:18:47.4825034Z git version 2.51.0
2025-10-07T21:18:47.4856054Z Copying '/home/runner/.gitconfig' to '/home/runner/work/_temp/be5b348e-eaf3-45ef-801f-2114f5cd3cbf/.gitconfig'
2025-10-07T21:18:47.4864933Z Temporarily overriding HOME='/home/runner/work/_temp/be5b348e-eaf3-45ef-801f-2114f5cd3cbf' before making global git config changes
2025-10-07T21:18:47.4866337Z Adding repository directory to the temporary git global config as a safe directory
2025-10-07T21:18:47.4870495Z [command]/usr/bin/git config --global --add safe.directory /home/runner/work/scratchattach/scratchattach
2025-10-07T21:18:47.4907327Z [command]/usr/bin/git config --local --name-only --get-regexp core\.sshCommand
2025-10-07T21:18:47.4940436Z [command]/usr/bin/git submodule foreach --recursive sh -c "git config --local --name-only --get-regexp 'core\.sshCommand' && git config --local --unset-all 'core.sshCommand' || :"
2025-10-07T21:18:47.5171403Z [command]/usr/bin/git config --local --name-only --get-regexp http\.https\:\/\/github\.com\/\.extraheader
2025-10-07T21:18:47.5193550Z http.https://github.com/.extraheader
2025-10-07T21:18:47.5203459Z [command]/usr/bin/git config --local --unset-all http.https://github.com/.extraheader
2025-10-07T21:18:47.5235246Z [command]/usr/bin/git submodule foreach --recursive sh -c "git config --local --name-only --get-regexp 'http\.https\:\/\/github\.com\/\.extraheader' && git config --local --unset-all 'http.https://github.com/.extraheader' || :"
2025-10-07T21:18:47.5571962Z Post job cleanup.
2025-10-07T21:18:47.6709864Z (node:2459) [DEP0040] DeprecationWarning: The `punycode` module is deprecated. Please use a userland alternative instead.
2025-10-07T21:18:47.6710640Z (Use `node --trace-deprecation ...` to show where the warning was created)
2025-10-07T21:18:47.6825104Z Post job cleanup.
2025-10-07T21:18:47.7611894Z [command]/usr/bin/git version
2025-10-07T21:18:47.7653111Z git version 2.51.0
2025-10-07T21:18:47.7716500Z Copying '/home/runner/.gitconfig' to '/home/runner/work/_temp/b7f9449b-57b3-430d-b7b2-53f92c7530ed/.gitconfig'
2025-10-07T21:18:47.7726041Z Temporarily overriding HOME='/home/runner/work/_temp/b7f9449b-57b3-430d-b7b2-53f92c7530ed' before making global git config changes
2025-10-07T21:18:47.7728252Z Adding repository directory to the temporary git global config as a safe directory
2025-10-07T21:18:47.7732271Z [command]/usr/bin/git config --global --add safe.directory /home/runner/work/scratchattach/scratchattach
2025-10-07T21:18:47.7770269Z [command]/usr/bin/git config --local --name-only --get-regexp core\.sshCommand
2025-10-07T21:18:47.7805051Z [command]/usr/bin/git submodule foreach --recursive sh -c "git config --local --name-only --get-regexp 'core\.sshCommand' && git config --local --unset-all 'core.sshCommand' || :"
2025-10-07T21:18:47.8052932Z [command]/usr/bin/git config --local --name-only --get-regexp http\.https\:\/\/github\.com\/\.extraheader
2025-10-07T21:18:47.8088333Z [command]/usr/bin/git submodule foreach --recursive sh -c "git config --local --name-only --get-regexp 'http\.https\:\/\/github\.com\/\.extraheader' && git config --local --unset-all 'http.https://github.com/.extraheader' || :"
2025-10-07T21:18:47.8469128Z Cleaning up orphan processes
