2025-12-23T15:02:36.3377000Z Current runner version: '2.330.0'
2025-12-23T15:02:36.3393400Z ##[group]Runner Image Provisioner
2025-12-23T15:02:36.3393970Z Hosted Compute Agent
2025-12-23T15:02:36.3394340Z Version: 20251211.462
2025-12-23T15:02:36.3394790Z Commit: 6cbad8c2bb55d58165063d031ccabf57e2d2db61
2025-12-23T15:02:36.3395230Z Build Date: 2025-12-11T16:28:49Z
2025-12-23T15:02:36.3395660Z Worker ID: {c549e70d-9589-4cb6-a67a-91685d1ad915}
2025-12-23T15:02:36.3396080Z ##[endgroup]
2025-12-23T15:02:36.3396420Z ##[group]Operating System
2025-12-23T15:02:36.3396840Z macOS
2025-12-23T15:02:36.3397200Z 15.7.2
2025-12-23T15:02:36.3397550Z 24G325
2025-12-23T15:02:36.3397920Z ##[endgroup]
2025-12-23T15:02:36.3398220Z ##[group]Runner Image
2025-12-23T15:02:36.3398640Z Image: macos-15-arm64
2025-12-23T15:02:36.3399040Z Version: 20251215.0075.1
2025-12-23T15:02:36.3399750Z Included Software: https://github.com/actions/runner-images/blob/macos-15-arm64/20251215.0075/images/macos/macos-15-arm64-Readme.md
2025-12-23T15:02:36.3400930Z Image Release: https://github.com/actions/runner-images/releases/tag/macos-15-arm64%2F20251215.0075
2025-12-23T15:02:36.3401700Z ##[endgroup]
2025-12-23T15:02:36.3403370Z ##[group]GITHUB_TOKEN Permissions
2025-12-23T15:02:36.3404500Z Actions: write
2025-12-23T15:02:36.3404970Z ArtifactMetadata: write
2025-12-23T15:02:36.3405300Z Attestations: write
2025-12-23T15:02:36.3405620Z Checks: write
2025-12-23T15:02:36.3406020Z Contents: write
2025-12-23T15:02:36.3406400Z Deployments: write
2025-12-23T15:02:36.3406740Z Discussions: write
2025-12-23T15:02:36.3407120Z Issues: write
2025-12-23T15:02:36.3407440Z Metadata: read
2025-12-23T15:02:36.3407750Z Models: read
2025-12-23T15:02:36.3408130Z Packages: write
2025-12-23T15:02:36.3408540Z Pages: write
2025-12-23T15:02:36.3408960Z PullRequests: write
2025-12-23T15:02:36.3409360Z RepositoryProjects: write
2025-12-23T15:02:36.3409730Z SecurityEvents: write
2025-12-23T15:02:36.3410100Z Statuses: write
2025-12-23T15:02:36.3410430Z ##[endgroup]
2025-12-23T15:02:36.3411770Z Secret source: Actions
2025-12-23T15:02:36.3412190Z Prepare workflow directory
2025-12-23T15:02:36.3877860Z Prepare all required actions
2025-12-23T15:02:36.3943960Z Getting action download info
2025-12-23T15:02:36.6270990Z Download action repository 'actions/checkout@v6.0.1' (SHA:8e8c483db84b4bee98b60c0593521ed34d9990e8)
2025-12-23T15:02:37.0100420Z Download action repository 'actions/setup-python@v6.1.0' (SHA:83679a892e2d95755f2dac6acb0bfd1e9ac5d548)
2025-12-23T15:02:37.3733840Z Complete job name: build (3.14, macos-latest)
2025-12-23T15:02:37.4239510Z ##[group]Run actions/checkout@v6.0.1
2025-12-23T15:02:37.4240040Z with:
2025-12-23T15:02:37.4240320Z   ref: scratch_chat_dev
2025-12-23T15:02:37.4240630Z   repository: Boss-1s/scratchattach
2025-12-23T15:02:37.4241150Z   token: ***
2025-12-23T15:02:37.4241420Z   ssh-strict: true
2025-12-23T15:02:37.4241690Z   ssh-user: git
2025-12-23T15:02:37.4241970Z   persist-credentials: true
2025-12-23T15:02:37.4242270Z   clean: true
2025-12-23T15:02:37.4242550Z   sparse-checkout-cone-mode: true
2025-12-23T15:02:37.4242900Z   fetch-depth: 1
2025-12-23T15:02:37.4243170Z   fetch-tags: false
2025-12-23T15:02:37.4243450Z   show-progress: true
2025-12-23T15:02:37.4243770Z   lfs: false
2025-12-23T15:02:37.4244030Z   submodules: false
2025-12-23T15:02:37.4244320Z   set-safe-directory: true
2025-12-23T15:02:37.4244740Z ##[endgroup]
2025-12-23T15:02:37.9136350Z Syncing repository: Boss-1s/scratchattach
2025-12-23T15:02:37.9137650Z ##[group]Getting Git version info
2025-12-23T15:02:37.9138250Z Working directory is '/Users/runner/work/scratchattach/scratchattach'
2025-12-23T15:02:37.9138950Z [command]/opt/homebrew/bin/git version
2025-12-23T15:02:37.9693800Z git version 2.50.1
2025-12-23T15:02:37.9705520Z ##[endgroup]
2025-12-23T15:02:37.9716040Z Copying '/Users/runner/.gitconfig' to '/Users/runner/work/_temp/295ab923-2ff5-49a8-8407-0c19da8b12df/.gitconfig'
2025-12-23T15:02:37.9731130Z Temporarily overriding HOME='/Users/runner/work/_temp/295ab923-2ff5-49a8-8407-0c19da8b12df' before making global git config changes
2025-12-23T15:02:37.9737360Z Adding repository directory to the temporary git global config as a safe directory
2025-12-23T15:02:37.9742130Z [command]/opt/homebrew/bin/git config --global --add safe.directory /Users/runner/work/scratchattach/scratchattach
2025-12-23T15:02:37.9888300Z Deleting the contents of '/Users/runner/work/scratchattach/scratchattach'
2025-12-23T15:02:37.9891270Z ##[group]Initializing the repository
2025-12-23T15:02:37.9895320Z [command]/opt/homebrew/bin/git init /Users/runner/work/scratchattach/scratchattach
2025-12-23T15:02:38.0240090Z hint: Using 'master' as the name for the initial branch. This default branch name
2025-12-23T15:02:38.0241040Z hint: is subject to change. To configure the initial branch name to use in all
2025-12-23T15:02:38.0241750Z hint: of your new repositories, which will suppress this warning, call:
2025-12-23T15:02:38.0242350Z hint:
2025-12-23T15:02:38.0242780Z hint: 	git config --global init.defaultBranch <name>
2025-12-23T15:02:38.0247450Z hint:
2025-12-23T15:02:38.0249060Z hint: Names commonly chosen instead of 'master' are 'main', 'trunk' and
2025-12-23T15:02:38.0250890Z hint: 'development'. The just-created branch can be renamed via this command:
2025-12-23T15:02:38.0251600Z hint:
2025-12-23T15:02:38.0252000Z hint: 	git branch -m <name>
2025-12-23T15:02:38.0252400Z hint:
2025-12-23T15:02:38.0252920Z hint: Disable this message with "git config set advice.defaultBranchName false"
2025-12-23T15:02:38.0254850Z Initialized empty Git repository in /Users/runner/work/scratchattach/scratchattach/.git/
2025-12-23T15:02:38.0256820Z [command]/opt/homebrew/bin/git remote add origin https://github.com/Boss-1s/scratchattach
2025-12-23T15:02:38.0360990Z ##[endgroup]
2025-12-23T15:02:38.0361610Z ##[group]Disabling automatic garbage collection
2025-12-23T15:02:38.0363600Z [command]/opt/homebrew/bin/git config --local gc.auto 0
2025-12-23T15:02:38.0455310Z ##[endgroup]
2025-12-23T15:02:38.0458830Z ##[group]Setting up auth
2025-12-23T15:02:38.0461460Z Removing SSH command configuration
2025-12-23T15:02:38.0462120Z [command]/opt/homebrew/bin/git config --local --name-only --get-regexp core\.sshCommand
2025-12-23T15:02:38.0529880Z [command]/opt/homebrew/bin/git submodule foreach --recursive sh -c "git config --local --name-only --get-regexp 'core\.sshCommand' && git config --local --unset-all 'core.sshCommand' || :"
2025-12-23T15:02:38.2077480Z Removing HTTP extra header
2025-12-23T15:02:38.2080120Z [command]/opt/homebrew/bin/git config --local --name-only --get-regexp http\.https\:\/\/github\.com\/\.extraheader
2025-12-23T15:02:38.2146510Z [command]/opt/homebrew/bin/git submodule foreach --recursive sh -c "git config --local --name-only --get-regexp 'http\.https\:\/\/github\.com\/\.extraheader' && git config --local --unset-all 'http.https://github.com/.extraheader' || :"
2025-12-23T15:02:38.3114000Z Removing includeIf entries pointing to credentials config files
2025-12-23T15:02:38.3116620Z [command]/opt/homebrew/bin/git config --local --name-only --get-regexp ^includeIf\.gitdir:
2025-12-23T15:02:38.3385790Z [command]/opt/homebrew/bin/git submodule foreach --recursive git config --local --show-origin --name-only --get-regexp remote.origin.url
2025-12-23T15:02:38.5051570Z [command]/opt/homebrew/bin/git config --file /Users/runner/work/_temp/git-credentials-b342550c-693a-4652-8d0d-d3987b12f5ca.config http.https://github.com/.extraheader AUTHORIZATION: basic ***
2025-12-23T15:02:38.5085370Z [command]/opt/homebrew/bin/git config --local includeIf.gitdir:/Users/runner/work/scratchattach/scratchattach/.git.path /Users/runner/work/_temp/git-credentials-b342550c-693a-4652-8d0d-d3987b12f5ca.config
2025-12-23T15:02:38.5090500Z [command]/opt/homebrew/bin/git config --local includeIf.gitdir:/Users/runner/work/scratchattach/scratchattach/.git/worktrees/*.path /Users/runner/work/_temp/git-credentials-b342550c-693a-4652-8d0d-d3987b12f5ca.config
2025-12-23T15:02:38.5095670Z [command]/opt/homebrew/bin/git config --local includeIf.gitdir:/github/workspace/.git.path /github/runner_temp/git-credentials-b342550c-693a-4652-8d0d-d3987b12f5ca.config
2025-12-23T15:02:38.5100810Z [command]/opt/homebrew/bin/git config --local includeIf.gitdir:/github/workspace/.git/worktrees/*.path /github/runner_temp/git-credentials-b342550c-693a-4652-8d0d-d3987b12f5ca.config
2025-12-23T15:02:38.5125600Z ##[endgroup]
2025-12-23T15:02:38.5129100Z ##[group]Fetching the repository
2025-12-23T15:02:38.5132220Z [command]/opt/homebrew/bin/git -c protocol.version=2 fetch --no-tags --prune --no-recurse-submodules --depth=1 origin +refs/heads/scratch_chat_dev*:refs/remotes/origin/scratch_chat_dev* +refs/tags/scratch_chat_dev*:refs/tags/scratch_chat_dev*
2025-12-23T15:02:40.9341070Z From https://github.com/Boss-1s/scratchattach
2025-12-23T15:02:40.9342490Z  * [new branch]      scratch_chat_dev -> origin/scratch_chat_dev
2025-12-23T15:02:40.9418270Z ##[endgroup]
2025-12-23T15:02:40.9419560Z ##[group]Determining the checkout info
2025-12-23T15:02:40.9422300Z [command]/opt/homebrew/bin/git branch --list --remote origin/scratch_chat_dev
2025-12-23T15:02:40.9512880Z   origin/scratch_chat_dev
2025-12-23T15:02:40.9518600Z ##[endgroup]
2025-12-23T15:02:40.9519470Z [command]/opt/homebrew/bin/git sparse-checkout disable
2025-12-23T15:02:40.9639140Z [command]/opt/homebrew/bin/git config --local --unset-all extensions.worktreeConfig
2025-12-23T15:02:40.9717890Z ##[group]Checking out the ref
2025-12-23T15:02:40.9719370Z [command]/opt/homebrew/bin/git checkout --progress --force -B scratch_chat_dev refs/remotes/origin/scratch_chat_dev
2025-12-23T15:02:41.9951570Z Updating files:  89% (2029/2269)
2025-12-23T15:02:42.0040070Z Updating files:  90% (2043/2269)
2025-12-23T15:02:42.0111340Z Updating files:  91% (2065/2269)
2025-12-23T15:02:42.0189700Z Updating files:  92% (2088/2269)
2025-12-23T15:02:42.0317900Z Updating files:  93% (2111/2269)
2025-12-23T15:02:42.0370410Z Updating files:  94% (2133/2269)
2025-12-23T15:02:42.0425230Z Updating files:  95% (2156/2269)
2025-12-23T15:02:42.0472590Z Updating files:  96% (2179/2269)
2025-12-23T15:02:42.0600450Z Updating files:  97% (2201/2269)
2025-12-23T15:02:42.0673600Z Updating files:  98% (2224/2269)
2025-12-23T15:02:42.0702290Z Updating files:  99% (2247/2269)
2025-12-23T15:02:42.0735380Z Updating files: 100% (2269/2269)
2025-12-23T15:02:42.0738040Z Updating files: 100% (2269/2269), done.
2025-12-23T15:02:42.0846120Z Switched to a new branch 'scratch_chat_dev'
2025-12-23T15:02:42.0856320Z branch 'scratch_chat_dev' set up to track 'origin/scratch_chat_dev'.
2025-12-23T15:02:42.1167860Z ##[endgroup]
2025-12-23T15:02:42.1208420Z [command]/opt/homebrew/bin/git log -1 --format=%H
2025-12-23T15:02:42.1296860Z 16a62e97f3ec191fa4c688d568866b72cdfc6ad4
2025-12-23T15:02:42.1562820Z ##[group]Run actions/setup-python@v6.1.0
2025-12-23T15:02:42.1563060Z with:
2025-12-23T15:02:42.1563190Z   python-version: 3.14
2025-12-23T15:02:42.1563330Z   check-latest: false
2025-12-23T15:02:42.1563600Z   token: ***
2025-12-23T15:02:42.1563740Z   update-environment: true
2025-12-23T15:02:42.1563900Z   allow-prereleases: false
2025-12-23T15:02:42.1564100Z   freethreaded: false
2025-12-23T15:02:42.1564250Z ##[endgroup]
2025-12-23T15:02:42.3139510Z ##[group]Installed versions
2025-12-23T15:02:42.3201380Z (node:58895) [DEP0040] DeprecationWarning: The `punycode` module is deprecated. Please use a userland alternative instead.
2025-12-23T15:02:42.3203080Z (Use `node --trace-deprecation ...` to show where the warning was created)
2025-12-23T15:02:42.3203920Z Successfully set up CPython (3.14.2)
2025-12-23T15:02:42.3204960Z ##[endgroup]
2025-12-23T15:02:42.3305170Z ##[group]Run cd test
2025-12-23T15:02:42.3305440Z [36;1mcd test[0m
2025-12-23T15:02:42.3305640Z [36;1mpython3 test5.py[0m
2025-12-23T15:02:42.3374140Z shell: /bin/bash -e {0}
2025-12-23T15:02:42.3374380Z env:
2025-12-23T15:02:42.3374770Z   pythonLocation: /Users/runner/hostedtoolcache/Python/3.14.2/arm64
2025-12-23T15:02:42.3375270Z   PKG_CONFIG_PATH: /Users/runner/hostedtoolcache/Python/3.14.2/arm64/lib/pkgconfig
2025-12-23T15:02:42.3375650Z   Python_ROOT_DIR: /Users/runner/hostedtoolcache/Python/3.14.2/arm64
2025-12-23T15:02:42.3376400Z   Python2_ROOT_DIR: /Users/runner/hostedtoolcache/Python/3.14.2/arm64
2025-12-23T15:02:42.3376780Z   Python3_ROOT_DIR: /Users/runner/hostedtoolcache/Python/3.14.2/arm64
2025-12-23T15:02:42.3377060Z ##[endgroup]
2025-12-23T15:02:42.5967790Z   File "/Users/runner/work/scratchattach/scratchattach/test/test5.py", line 1
2025-12-23T15:02:42.5969120Z     from ../key_multivalue_storage import Storage as s
2025-12-23T15:02:42.5969710Z            ^
2025-12-23T15:02:42.5970410Z SyntaxError: invalid syntax
2025-12-23T15:02:42.6027080Z ##[error]Process completed with exit code 1.
2025-12-23T15:02:42.6144740Z Post job cleanup.
2025-12-23T15:02:42.7026040Z [command]/opt/homebrew/bin/git version
2025-12-23T15:02:42.7092450Z git version 2.50.1
2025-12-23T15:02:42.7110660Z Copying '/Users/runner/.gitconfig' to '/Users/runner/work/_temp/38048030-ae59-45f0-8ea0-f43560607977/.gitconfig'
2025-12-23T15:02:42.7116610Z Temporarily overriding HOME='/Users/runner/work/_temp/38048030-ae59-45f0-8ea0-f43560607977' before making global git config changes
2025-12-23T15:02:42.7118390Z Adding repository directory to the temporary git global config as a safe directory
2025-12-23T15:02:42.7120080Z [command]/opt/homebrew/bin/git config --global --add safe.directory /Users/runner/work/scratchattach/scratchattach
2025-12-23T15:02:42.7188410Z Removing SSH command configuration
2025-12-23T15:02:42.7192850Z [command]/opt/homebrew/bin/git config --local --name-only --get-regexp core\.sshCommand
2025-12-23T15:02:42.7392500Z [command]/opt/homebrew/bin/git submodule foreach --recursive sh -c "git config --local --name-only --get-regexp 'core\.sshCommand' && git config --local --unset-all 'core.sshCommand' || :"
2025-12-23T15:02:42.8340220Z Removing HTTP extra header
2025-12-23T15:02:42.8350550Z [command]/opt/homebrew/bin/git config --local --name-only --get-regexp http\.https\:\/\/github\.com\/\.extraheader
2025-12-23T15:02:42.8417220Z [command]/opt/homebrew/bin/git submodule foreach --recursive sh -c "git config --local --name-only --get-regexp 'http\.https\:\/\/github\.com\/\.extraheader' && git config --local --unset-all 'http.https://github.com/.extraheader' || :"
2025-12-23T15:02:42.9191680Z Removing includeIf entries pointing to credentials config files
2025-12-23T15:02:42.9194520Z [command]/opt/homebrew/bin/git config --local --name-only --get-regexp ^includeIf\.gitdir:
2025-12-23T15:02:42.9257130Z includeif.gitdir:/Users/runner/work/scratchattach/scratchattach/.git.path
2025-12-23T15:02:42.9258480Z includeif.gitdir:/Users/runner/work/scratchattach/scratchattach/.git/worktrees/*.path
2025-12-23T15:02:42.9259540Z includeif.gitdir:/github/workspace/.git.path
2025-12-23T15:02:42.9260260Z includeif.gitdir:/github/workspace/.git/worktrees/*.path
2025-12-23T15:02:42.9263350Z [command]/opt/homebrew/bin/git config --local --get-all includeif.gitdir:/Users/runner/work/scratchattach/scratchattach/.git.path
2025-12-23T15:02:42.9340620Z /Users/runner/work/_temp/git-credentials-b342550c-693a-4652-8d0d-d3987b12f5ca.config
2025-12-23T15:02:42.9361220Z [command]/opt/homebrew/bin/git config --local --unset includeif.gitdir:/Users/runner/work/scratchattach/scratchattach/.git.path /Users/runner/work/_temp/git-credentials-b342550c-693a-4652-8d0d-d3987b12f5ca.config
2025-12-23T15:02:42.9436130Z [command]/opt/homebrew/bin/git config --local --get-all includeif.gitdir:/Users/runner/work/scratchattach/scratchattach/.git/worktrees/*.path
2025-12-23T15:02:42.9517560Z /Users/runner/work/_temp/git-credentials-b342550c-693a-4652-8d0d-d3987b12f5ca.config
2025-12-23T15:02:42.9542740Z [command]/opt/homebrew/bin/git config --local --unset includeif.gitdir:/Users/runner/work/scratchattach/scratchattach/.git/worktrees/*.path /Users/runner/work/_temp/git-credentials-b342550c-693a-4652-8d0d-d3987b12f5ca.config
2025-12-23T15:02:42.9809110Z [command]/opt/homebrew/bin/git config --local --get-all includeif.gitdir:/github/workspace/.git.path
2025-12-23T15:02:42.9827410Z /github/runner_temp/git-credentials-b342550c-693a-4652-8d0d-d3987b12f5ca.config
2025-12-23T15:02:42.9911170Z [command]/opt/homebrew/bin/git config --local --unset includeif.gitdir:/github/workspace/.git.path /github/runner_temp/git-credentials-b342550c-693a-4652-8d0d-d3987b12f5ca.config
2025-12-23T15:02:42.9913160Z [command]/opt/homebrew/bin/git config --local --get-all includeif.gitdir:/github/workspace/.git/worktrees/*.path
2025-12-23T15:02:42.9914100Z /github/runner_temp/git-credentials-b342550c-693a-4652-8d0d-d3987b12f5ca.config
2025-12-23T15:02:42.9916530Z [command]/opt/homebrew/bin/git config --local --unset includeif.gitdir:/github/workspace/.git/worktrees/*.path /github/runner_temp/git-credentials-b342550c-693a-4652-8d0d-d3987b12f5ca.config
2025-12-23T15:02:42.9988720Z [command]/opt/homebrew/bin/git submodule foreach --recursive git config --local --show-origin --name-only --get-regexp remote.origin.url
2025-12-23T15:02:43.0814450Z Removing credentials config '/Users/runner/work/_temp/git-credentials-b342550c-693a-4652-8d0d-d3987b12f5ca.config'
2025-12-23T15:02:43.0895570Z Cleaning up orphan processes
