2025-09-02T19:10:14.4545250Z Current runner version: '2.328.0'
2025-09-02T19:10:14.4570366Z ##[group]Runner Image Provisioner
2025-09-02T19:10:14.4571176Z Hosted Compute Agent
2025-09-02T19:10:14.4571801Z Version: 20250829.383
2025-09-02T19:10:14.4572381Z Commit: 27cb235aab5b0e52e153a26cd86b4742e89dac5d
2025-09-02T19:10:14.4573086Z Build Date: 2025-08-29T13:48:48Z
2025-09-02T19:10:14.4573723Z ##[endgroup]
2025-09-02T19:10:14.4574260Z ##[group]Operating System
2025-09-02T19:10:14.4574801Z Ubuntu
2025-09-02T19:10:14.4575300Z 24.04.3
2025-09-02T19:10:14.4575907Z LTS
2025-09-02T19:10:14.4576385Z ##[endgroup]
2025-09-02T19:10:14.4576823Z ##[group]Runner Image
2025-09-02T19:10:14.4577461Z Image: ubuntu-24.04
2025-09-02T19:10:14.4577965Z Version: 20250831.1.0
2025-09-02T19:10:14.4578913Z Included Software: https://github.com/actions/runner-images/blob/ubuntu24/20250831.1/images/ubuntu/Ubuntu2404-Readme.md
2025-09-02T19:10:14.4580541Z Image Release: https://github.com/actions/runner-images/releases/tag/ubuntu24%2F20250831.1
2025-09-02T19:10:14.4581551Z ##[endgroup]
2025-09-02T19:10:14.4583939Z ##[group]GITHUB_TOKEN Permissions
2025-09-02T19:10:14.4586175Z Actions: write
2025-09-02T19:10:14.4586724Z Attestations: write
2025-09-02T19:10:14.4587246Z Checks: write
2025-09-02T19:10:14.4587703Z Contents: write
2025-09-02T19:10:14.4588367Z Deployments: write
2025-09-02T19:10:14.4588930Z Discussions: write
2025-09-02T19:10:14.4589417Z Issues: write
2025-09-02T19:10:14.4589973Z Metadata: read
2025-09-02T19:10:14.4590465Z Models: read
2025-09-02T19:10:14.4590931Z Packages: write
2025-09-02T19:10:14.4591488Z Pages: write
2025-09-02T19:10:14.4591946Z PullRequests: write
2025-09-02T19:10:14.4592469Z RepositoryProjects: write
2025-09-02T19:10:14.4593093Z SecurityEvents: write
2025-09-02T19:10:14.4593672Z Statuses: write
2025-09-02T19:10:14.4594187Z ##[endgroup]
2025-09-02T19:10:14.4596821Z Secret source: Actions
2025-09-02T19:10:14.4597734Z Prepare workflow directory
2025-09-02T19:10:14.4987820Z Prepare all required actions
2025-09-02T19:10:14.5026006Z Getting action download info
2025-09-02T19:10:14.9124276Z Download action repository 'actions/checkout@v5' (SHA:08c6903cd8c0fde910a37f88322edcfb5dd907a8)
2025-09-02T19:10:15.0761870Z Download action repository 'actions/setup-python@v5.6.0' (SHA:a26af69be951a213d495a4c3e4e4022e16d87065)
2025-09-02T19:10:15.1568680Z Download action repository 'bossOfCode/install-scratchattach@v1.0.3' (SHA:be17a7cf1ecb5a7040eb42ef26c2e1fbe72bb25a)
2025-09-02T19:10:15.7918911Z Complete job name: Run 1
2025-09-02T19:10:15.8623504Z ##[group]Run actions/checkout@v5
2025-09-02T19:10:15.8624392Z with:
2025-09-02T19:10:15.8624805Z   ref: main
2025-09-02T19:10:15.8625241Z   repository: Boss-1s/scratchattach
2025-09-02T19:10:15.8626154Z   token: ***
2025-09-02T19:10:15.8626590Z   ssh-strict: true
2025-09-02T19:10:15.8627008Z   ssh-user: git
2025-09-02T19:10:15.8627455Z   persist-credentials: true
2025-09-02T19:10:15.8627948Z   clean: true
2025-09-02T19:10:15.8628385Z   sparse-checkout-cone-mode: true
2025-09-02T19:10:15.8628943Z   fetch-depth: 1
2025-09-02T19:10:15.8629407Z   fetch-tags: false
2025-09-02T19:10:15.8629844Z   show-progress: true
2025-09-02T19:10:15.8630317Z   lfs: false
2025-09-02T19:10:15.8630733Z   submodules: false
2025-09-02T19:10:15.8631169Z   set-safe-directory: true
2025-09-02T19:10:15.8631912Z ##[endgroup]
2025-09-02T19:10:15.9559888Z Syncing repository: Boss-1s/scratchattach
2025-09-02T19:10:15.9561909Z ##[group]Getting Git version info
2025-09-02T19:10:15.9562810Z Working directory is '/home/runner/work/scratchattach/scratchattach'
2025-09-02T19:10:15.9563885Z [command]/usr/bin/git version
2025-09-02T19:10:15.9623311Z git version 2.51.0
2025-09-02T19:10:15.9644651Z ##[endgroup]
2025-09-02T19:10:15.9658609Z Temporarily overriding HOME='/home/runner/work/_temp/f66a7b60-fec1-42b7-aa6f-854c9724876b' before making global git config changes
2025-09-02T19:10:15.9660706Z Adding repository directory to the temporary git global config as a safe directory
2025-09-02T19:10:15.9663536Z [command]/usr/bin/git config --global --add safe.directory /home/runner/work/scratchattach/scratchattach
2025-09-02T19:10:15.9700032Z Deleting the contents of '/home/runner/work/scratchattach/scratchattach'
2025-09-02T19:10:15.9703279Z ##[group]Initializing the repository
2025-09-02T19:10:15.9707659Z [command]/usr/bin/git init /home/runner/work/scratchattach/scratchattach
2025-09-02T19:10:15.9820446Z hint: Using 'master' as the name for the initial branch. This default branch name
2025-09-02T19:10:15.9821694Z hint: is subject to change. To configure the initial branch name to use in all
2025-09-02T19:10:15.9822673Z hint: of your new repositories, which will suppress this warning, call:
2025-09-02T19:10:15.9823399Z hint:
2025-09-02T19:10:15.9823934Z hint: 	git config --global init.defaultBranch <name>
2025-09-02T19:10:15.9824930Z hint:
2025-09-02T19:10:15.9825996Z hint: Names commonly chosen instead of 'master' are 'main', 'trunk' and
2025-09-02T19:10:15.9827014Z hint: 'development'. The just-created branch can be renamed via this command:
2025-09-02T19:10:15.9827828Z hint:
2025-09-02T19:10:15.9828245Z hint: 	git branch -m <name>
2025-09-02T19:10:15.9828718Z hint:
2025-09-02T19:10:15.9829396Z hint: Disable this message with "git config set advice.defaultBranchName false"
2025-09-02T19:10:15.9830924Z Initialized empty Git repository in /home/runner/work/scratchattach/scratchattach/.git/
2025-09-02T19:10:15.9835546Z [command]/usr/bin/git remote add origin https://github.com/Boss-1s/scratchattach
2025-09-02T19:10:15.9876169Z ##[endgroup]
2025-09-02T19:10:15.9876991Z ##[group]Disabling automatic garbage collection
2025-09-02T19:10:15.9879722Z [command]/usr/bin/git config --local gc.auto 0
2025-09-02T19:10:15.9908209Z ##[endgroup]
2025-09-02T19:10:15.9909614Z ##[group]Setting up auth
2025-09-02T19:10:15.9915318Z [command]/usr/bin/git config --local --name-only --get-regexp core\.sshCommand
2025-09-02T19:10:15.9945185Z [command]/usr/bin/git submodule foreach --recursive sh -c "git config --local --name-only --get-regexp 'core\.sshCommand' && git config --local --unset-all 'core.sshCommand' || :"
2025-09-02T19:10:16.0351758Z [command]/usr/bin/git config --local --name-only --get-regexp http\.https\:\/\/github\.com\/\.extraheader
2025-09-02T19:10:16.0380368Z [command]/usr/bin/git submodule foreach --recursive sh -c "git config --local --name-only --get-regexp 'http\.https\:\/\/github\.com\/\.extraheader' && git config --local --unset-all 'http.https://github.com/.extraheader' || :"
2025-09-02T19:10:16.0597213Z [command]/usr/bin/git config --local http.https://github.com/.extraheader AUTHORIZATION: basic ***
2025-09-02T19:10:16.0629792Z ##[endgroup]
2025-09-02T19:10:16.0630598Z ##[group]Fetching the repository
2025-09-02T19:10:16.0639122Z [command]/usr/bin/git -c protocol.version=2 fetch --no-tags --prune --no-recurse-submodules --depth=1 origin +refs/heads/main*:refs/remotes/origin/main* +refs/tags/main*:refs/tags/main*
2025-09-02T19:10:16.8497345Z From https://github.com/Boss-1s/scratchattach
2025-09-02T19:10:16.8499032Z  * [new branch]      main       -> origin/main
2025-09-02T19:10:16.8531050Z ##[endgroup]
2025-09-02T19:10:16.8532900Z ##[group]Determining the checkout info
2025-09-02T19:10:16.8538965Z [command]/usr/bin/git branch --list --remote origin/main
2025-09-02T19:10:16.8563412Z   origin/main
2025-09-02T19:10:16.8578497Z ##[endgroup]
2025-09-02T19:10:16.8579868Z [command]/usr/bin/git sparse-checkout disable
2025-09-02T19:10:16.8617365Z [command]/usr/bin/git config --local --unset-all extensions.worktreeConfig
2025-09-02T19:10:16.8646880Z ##[group]Checking out the ref
2025-09-02T19:10:16.8649359Z [command]/usr/bin/git checkout --progress --force -B main refs/remotes/origin/main
2025-09-02T19:10:16.8986146Z Switched to a new branch 'main'
2025-09-02T19:10:16.8988258Z branch 'main' set up to track 'origin/main'.
2025-09-02T19:10:16.8998524Z ##[endgroup]
2025-09-02T19:10:16.9036528Z [command]/usr/bin/git log -1 --format=%H
2025-09-02T19:10:16.9059629Z 7805618378438c87c31f9b226207fa051673afb1
2025-09-02T19:10:16.9369392Z ##[group]Run actions/setup-python@v5.6.0
2025-09-02T19:10:16.9370847Z with:
2025-09-02T19:10:16.9371684Z   python-version: 3.12.5
2025-09-02T19:10:16.9372774Z   check-latest: false
2025-09-02T19:10:16.9374013Z   token: ***
2025-09-02T19:10:16.9374912Z   update-environment: true
2025-09-02T19:10:16.9376109Z   allow-prereleases: false
2025-09-02T19:10:16.9377140Z   freethreaded: false
2025-09-02T19:10:16.9378056Z ##[endgroup]
2025-09-02T19:10:17.1059698Z ##[group]Installed versions
2025-09-02T19:10:17.1083468Z Version 3.12.5 was not found in the local cache
2025-09-02T19:10:18.0332250Z Version 3.12.5 is available for downloading
2025-09-02T19:10:18.0334518Z Download from "https://github.com/actions/python-versions/releases/download/3.12.5-10375840348/python-3.12.5-linux-24.04-x64.tar.gz"
2025-09-02T19:10:19.0270545Z Extract downloaded archive
2025-09-02T19:10:19.0378842Z [command]/usr/bin/tar xz --warning=no-unknown-keyword --overwrite -C /home/runner/work/_temp/2b710620-0465-497c-bd2a-aa5572d50763 -f /home/runner/work/_temp/8a8aeacd-d016-40b8-8316-8be53ee2b8a5
2025-09-02T19:10:21.0187358Z Execute installation script
2025-09-02T19:10:21.0282090Z Check if Python hostedtoolcache folder exist...
2025-09-02T19:10:21.0283038Z Create Python 3.12.5 folder
2025-09-02T19:10:21.0295675Z Copy Python binaries to hostedtoolcache folder
2025-09-02T19:10:21.5804538Z Create additional symlinks (Required for the UsePythonVersion Azure Pipelines task and the setup-python GitHub Action)
2025-09-02T19:10:21.5844408Z Upgrading pip...
2025-09-02T19:10:23.7455440Z Looking in links: /tmp/tmp7myeo10f
2025-09-02T19:10:23.7459537Z Requirement already satisfied: pip in /opt/hostedtoolcache/Python/3.12.5/x64/lib/python3.12/site-packages (24.2)
2025-09-02T19:10:24.8472345Z Collecting pip
2025-09-02T19:10:24.9019325Z Downloading pip-25.2-py3-none-any.whl.metadata (4.7 kB)
2025-09-02T19:10:24.9170568Z Downloading pip-25.2-py3-none-any.whl (1.8 MB)
2025-09-02T19:10:24.9699497Z ━━━━━━━━━━━━━━━━━━━━━━━━━━━━━━━━━━━━━━━━ 1.8/1.8 MB 57.7 MB/s eta 0:00:00
2025-09-02T19:10:24.9700008Z 
2025-09-02T19:10:24.9898861Z Installing collected packages: pip
2025-09-02T19:10:24.9906564Z Attempting uninstall: pip
2025-09-02T19:10:24.9923468Z Found existing installation: pip 24.2
2025-09-02T19:10:25.0276233Z Uninstalling pip-24.2:
2025-09-02T19:10:25.0330813Z Successfully uninstalled pip-24.2
2025-09-02T19:10:25.9098615Z Successfully installed pip-25.2
2025-09-02T19:10:25.9594921Z Create complete file
2025-09-02T19:10:25.9631880Z Successfully set up CPython (3.12.5)
2025-09-02T19:10:25.9633193Z ##[endgroup]
2025-09-02T19:10:25.9778243Z ##[group]Run bossOfCode/install-scratchattach@v1.0.3
2025-09-02T19:10:25.9778579Z env:
2025-09-02T19:10:25.9778824Z   pythonLocation: /opt/hostedtoolcache/Python/3.12.5/x64
2025-09-02T19:10:25.9779253Z   PKG_CONFIG_PATH: /opt/hostedtoolcache/Python/3.12.5/x64/lib/pkgconfig
2025-09-02T19:10:25.9779646Z   Python_ROOT_DIR: /opt/hostedtoolcache/Python/3.12.5/x64
2025-09-02T19:10:25.9780003Z   Python2_ROOT_DIR: /opt/hostedtoolcache/Python/3.12.5/x64
2025-09-02T19:10:25.9780345Z   Python3_ROOT_DIR: /opt/hostedtoolcache/Python/3.12.5/x64
2025-09-02T19:10:25.9780700Z   LD_LIBRARY_PATH: /opt/hostedtoolcache/Python/3.12.5/x64/lib
2025-09-02T19:10:25.9780988Z ##[endgroup]
2025-09-02T19:10:25.9927604Z ##[group]Run python3 -m pip install --upgrade pip
2025-09-02T19:10:25.9928028Z [36;1mpython3 -m pip install --upgrade pip[0m
2025-09-02T19:10:25.9987811Z shell: /usr/bin/bash --noprofile --norc -e -o pipefail {0}
2025-09-02T19:10:25.9988140Z env:
2025-09-02T19:10:25.9988432Z   pythonLocation: /opt/hostedtoolcache/Python/3.12.5/x64
2025-09-02T19:10:25.9988831Z   PKG_CONFIG_PATH: /opt/hostedtoolcache/Python/3.12.5/x64/lib/pkgconfig
2025-09-02T19:10:25.9989221Z   Python_ROOT_DIR: /opt/hostedtoolcache/Python/3.12.5/x64
2025-09-02T19:10:25.9989558Z   Python2_ROOT_DIR: /opt/hostedtoolcache/Python/3.12.5/x64
2025-09-02T19:10:25.9989903Z   Python3_ROOT_DIR: /opt/hostedtoolcache/Python/3.12.5/x64
2025-09-02T19:10:25.9990246Z   LD_LIBRARY_PATH: /opt/hostedtoolcache/Python/3.12.5/x64/lib
2025-09-02T19:10:25.9990530Z ##[endgroup]
2025-09-02T19:10:26.3782183Z Requirement already satisfied: pip in /opt/hostedtoolcache/Python/3.12.5/x64/lib/python3.12/site-packages (25.2)
2025-09-02T19:10:26.5959195Z ##[group]Run pip install -U scratchattach
2025-09-02T19:10:26.5959520Z [36;1mpip install -U scratchattach[0m
2025-09-02T19:10:26.5990164Z shell: /usr/bin/bash --noprofile --norc -e -o pipefail {0}
2025-09-02T19:10:26.5990470Z env:
2025-09-02T19:10:26.5990717Z   pythonLocation: /opt/hostedtoolcache/Python/3.12.5/x64
2025-09-02T19:10:26.5991129Z   PKG_CONFIG_PATH: /opt/hostedtoolcache/Python/3.12.5/x64/lib/pkgconfig
2025-09-02T19:10:26.5991541Z   Python_ROOT_DIR: /opt/hostedtoolcache/Python/3.12.5/x64
2025-09-02T19:10:26.5991873Z   Python2_ROOT_DIR: /opt/hostedtoolcache/Python/3.12.5/x64
2025-09-02T19:10:26.5992210Z   Python3_ROOT_DIR: /opt/hostedtoolcache/Python/3.12.5/x64
2025-09-02T19:10:26.5992554Z   LD_LIBRARY_PATH: /opt/hostedtoolcache/Python/3.12.5/x64/lib
2025-09-02T19:10:26.5992834Z ##[endgroup]
2025-09-02T19:10:27.0709626Z Collecting scratchattach
2025-09-02T19:10:27.1248897Z   Downloading scratchattach-2.1.13-py3-none-any.whl.metadata (5.5 kB)
2025-09-02T19:10:27.1615193Z Collecting websocket-client (from scratchattach)
2025-09-02T19:10:27.1716380Z   Downloading websocket_client-1.8.0-py3-none-any.whl.metadata (8.0 kB)
2025-09-02T19:10:27.2129019Z Collecting requests (from scratchattach)
2025-09-02T19:10:27.2230754Z   Downloading requests-2.32.5-py3-none-any.whl.metadata (4.9 kB)
2025-09-02T19:10:27.2419500Z Collecting bs4 (from scratchattach)
2025-09-02T19:10:27.2523016Z   Downloading bs4-0.0.2-py2.py3-none-any.whl.metadata (411 bytes)
2025-09-02T19:10:27.3279687Z Collecting SimpleWebSocketServer (from scratchattach)
2025-09-02T19:10:27.3408973Z   Downloading SimpleWebSocketServer-0.1.2.tar.gz (10 kB)
2025-09-02T19:10:27.3499047Z   Installing build dependencies: started
2025-09-02T19:10:28.2195005Z   Installing build dependencies: finished with status 'done'
2025-09-02T19:10:28.2201819Z   Getting requirements to build wheel: started
2025-09-02T19:10:28.5674119Z   Getting requirements to build wheel: finished with status 'done'
2025-09-02T19:10:28.5682244Z   Preparing metadata (pyproject.toml): started
2025-09-02T19:10:28.7501364Z   Preparing metadata (pyproject.toml): finished with status 'done'
2025-09-02T19:10:28.7764326Z Collecting typing-extensions (from scratchattach)
2025-09-02T19:10:28.7900090Z   Downloading typing_extensions-4.15.0-py3-none-any.whl.metadata (3.3 kB)
2025-09-02T19:10:28.8172797Z Collecting beautifulsoup4 (from bs4->scratchattach)
2025-09-02T19:10:28.8272771Z   Downloading beautifulsoup4-4.13.5-py3-none-any.whl.metadata (3.8 kB)
2025-09-02T19:10:28.8578367Z Collecting soupsieve>1.2 (from beautifulsoup4->bs4->scratchattach)
2025-09-02T19:10:28.8684723Z   Downloading soupsieve-2.8-py3-none-any.whl.metadata (4.6 kB)
2025-09-02T19:10:28.9904849Z Collecting charset_normalizer<4,>=2 (from requests->scratchattach)
2025-09-02T19:10:29.0014878Z   Downloading charset_normalizer-3.4.3-cp312-cp312-manylinux2014_x86_64.manylinux_2_17_x86_64.manylinux_2_28_x86_64.whl.metadata (36 kB)
2025-09-02T19:10:29.0309197Z Collecting idna<4,>=2.5 (from requests->scratchattach)
2025-09-02T19:10:29.0410210Z   Downloading idna-3.10-py3-none-any.whl.metadata (10 kB)
2025-09-02T19:10:29.0791526Z Collecting urllib3<3,>=1.21.1 (from requests->scratchattach)
2025-09-02T19:10:29.0902561Z   Downloading urllib3-2.5.0-py3-none-any.whl.metadata (6.5 kB)
2025-09-02T19:10:29.1297908Z Collecting certifi>=2017.4.17 (from requests->scratchattach)
2025-09-02T19:10:29.1437255Z   Downloading certifi-2025.8.3-py3-none-any.whl.metadata (2.4 kB)
2025-09-02T19:10:29.1647846Z Downloading scratchattach-2.1.13-py3-none-any.whl (141 kB)
2025-09-02T19:10:29.1878177Z Downloading bs4-0.0.2-py2.py3-none-any.whl (1.2 kB)
2025-09-02T19:10:29.2000495Z Downloading beautifulsoup4-4.13.5-py3-none-any.whl (105 kB)
2025-09-02T19:10:29.2146521Z Downloading soupsieve-2.8-py3-none-any.whl (36 kB)
2025-09-02T19:10:29.2275331Z Downloading typing_extensions-4.15.0-py3-none-any.whl (44 kB)
2025-09-02T19:10:29.2399460Z Downloading requests-2.32.5-py3-none-any.whl (64 kB)
2025-09-02T19:10:29.2551943Z Downloading charset_normalizer-3.4.3-cp312-cp312-manylinux2014_x86_64.manylinux_2_17_x86_64.manylinux_2_28_x86_64.whl (151 kB)
2025-09-02T19:10:29.2700095Z Downloading idna-3.10-py3-none-any.whl (70 kB)
2025-09-02T19:10:29.2868923Z Downloading urllib3-2.5.0-py3-none-any.whl (129 kB)
2025-09-02T19:10:29.3002102Z Downloading certifi-2025.8.3-py3-none-any.whl (161 kB)
2025-09-02T19:10:29.3144966Z Downloading websocket_client-1.8.0-py3-none-any.whl (58 kB)
2025-09-02T19:10:29.3286064Z Building wheels for collected packages: SimpleWebSocketServer
2025-09-02T19:10:29.3294390Z   Building wheel for SimpleWebSocketServer (pyproject.toml): started
2025-09-02T19:10:29.5459486Z   Building wheel for SimpleWebSocketServer (pyproject.toml): finished with status 'done'
2025-09-02T19:10:29.5465882Z   Created wheel for SimpleWebSocketServer: filename=simplewebsocketserver-0.1.2-py3-none-any.whl size=9715 sha256=b66c2a159a460faddaac96a4eaa21cab75d337dbde9e13986f446bfa2834e8e4
2025-09-02T19:10:29.5467663Z   Stored in directory: /home/runner/.cache/pip/wheels/81/fd/d8/f145b47bedceb5dff96b76e404a4ee9be956a4f8f150cd8133
2025-09-02T19:10:29.5486428Z Successfully built SimpleWebSocketServer
2025-09-02T19:10:29.5659587Z Installing collected packages: SimpleWebSocketServer, websocket-client, urllib3, typing-extensions, soupsieve, idna, charset_normalizer, certifi, requests, beautifulsoup4, bs4, scratchattach
2025-09-02T19:10:30.1434883Z 
2025-09-02T19:10:30.1455425Z Successfully installed SimpleWebSocketServer-0.1.2 beautifulsoup4-4.13.5 bs4-0.0.2 certifi-2025.8.3 charset_normalizer-3.4.3 idna-3.10 requests-2.32.5 scratchattach-2.1.13 soupsieve-2.8 typing-extensions-4.15.0 urllib3-2.5.0 websocket-client-1.8.0
2025-09-02T19:10:30.2225857Z ##[group]Run actions/checkout@v5
2025-09-02T19:10:30.2226108Z with:
2025-09-02T19:10:30.2226280Z   ref: main
2025-09-02T19:10:30.2226467Z   repository: Boss-1s/scratchattach
2025-09-02T19:10:30.2226833Z   token: ***
2025-09-02T19:10:30.2227012Z   ssh-strict: true
2025-09-02T19:10:30.2227192Z   ssh-user: git
2025-09-02T19:10:30.2227378Z   persist-credentials: true
2025-09-02T19:10:30.2227589Z   clean: true
2025-09-02T19:10:30.2227775Z   sparse-checkout-cone-mode: true
2025-09-02T19:10:30.2228007Z   fetch-depth: 1
2025-09-02T19:10:30.2228195Z   fetch-tags: false
2025-09-02T19:10:30.2228376Z   show-progress: true
2025-09-02T19:10:30.2228562Z   lfs: false
2025-09-02T19:10:30.2228733Z   submodules: false
2025-09-02T19:10:30.2228919Z   set-safe-directory: true
2025-09-02T19:10:30.2229119Z env:
2025-09-02T19:10:30.2229341Z   pythonLocation: /opt/hostedtoolcache/Python/3.12.5/x64
2025-09-02T19:10:30.2229736Z   PKG_CONFIG_PATH: /opt/hostedtoolcache/Python/3.12.5/x64/lib/pkgconfig
2025-09-02T19:10:30.2230140Z   Python_ROOT_DIR: /opt/hostedtoolcache/Python/3.12.5/x64
2025-09-02T19:10:30.2230475Z   Python2_ROOT_DIR: /opt/hostedtoolcache/Python/3.12.5/x64
2025-09-02T19:10:30.2230813Z   Python3_ROOT_DIR: /opt/hostedtoolcache/Python/3.12.5/x64
2025-09-02T19:10:30.2231145Z   LD_LIBRARY_PATH: /opt/hostedtoolcache/Python/3.12.5/x64/lib
2025-09-02T19:10:30.2231431Z ##[endgroup]
2025-09-02T19:10:30.2991260Z Syncing repository: Boss-1s/scratchattach
2025-09-02T19:10:30.2992069Z ##[group]Getting Git version info
2025-09-02T19:10:30.2992711Z Working directory is '/home/runner/work/scratchattach/scratchattach'
2025-09-02T19:10:30.3028754Z [command]/usr/bin/git version
2025-09-02T19:10:30.3063508Z git version 2.51.0
2025-09-02T19:10:30.3083838Z ##[endgroup]
2025-09-02T19:10:30.3097327Z Temporarily overriding HOME='/home/runner/work/_temp/e9007e81-a799-4b7a-9148-096ac9badfa8' before making global git config changes
2025-09-02T19:10:30.3098601Z Adding repository directory to the temporary git global config as a safe directory
2025-09-02T19:10:30.3101942Z [command]/usr/bin/git config --global --add safe.directory /home/runner/work/scratchattach/scratchattach
2025-09-02T19:10:30.3138698Z [command]/usr/bin/git config --local --get remote.origin.url
2025-09-02T19:10:30.3160635Z https://github.com/Boss-1s/scratchattach
2025-09-02T19:10:30.3173440Z ##[group]Removing previously created refs, to avoid conflicts
2025-09-02T19:10:30.3177596Z [command]/usr/bin/git rev-parse --symbolic-full-name --verify --quiet HEAD
2025-09-02T19:10:30.3198039Z refs/heads/main
2025-09-02T19:10:30.3208142Z [command]/usr/bin/git checkout --detach
2025-09-02T19:10:30.3490256Z HEAD is now at 7805618 [BOT] Download Logs
2025-09-02T19:10:30.3534831Z [command]/usr/bin/git branch --delete --force main
2025-09-02T19:10:30.3559691Z Deleted branch main (was 7805618).
2025-09-02T19:10:30.3594313Z ##[endgroup]
2025-09-02T19:10:30.3598630Z [command]/usr/bin/git submodule status
2025-09-02T19:10:30.3818675Z ##[group]Cleaning the repository
2025-09-02T19:10:30.3822865Z [command]/usr/bin/git clean -ffdx
2025-09-02T19:10:30.3858311Z [command]/usr/bin/git reset --hard HEAD
2025-09-02T19:10:30.3892309Z HEAD is now at 7805618 [BOT] Download Logs
2025-09-02T19:10:30.3898355Z ##[endgroup]
2025-09-02T19:10:30.3900383Z ##[group]Disabling automatic garbage collection
2025-09-02T19:10:30.3904758Z [command]/usr/bin/git config --local gc.auto 0
2025-09-02T19:10:30.3930577Z ##[endgroup]
2025-09-02T19:10:30.3931133Z ##[group]Setting up auth
2025-09-02T19:10:30.3938129Z [command]/usr/bin/git config --local --name-only --get-regexp core\.sshCommand
2025-09-02T19:10:30.3967704Z [command]/usr/bin/git submodule foreach --recursive sh -c "git config --local --name-only --get-regexp 'core\.sshCommand' && git config --local --unset-all 'core.sshCommand' || :"
2025-09-02T19:10:30.4186983Z [command]/usr/bin/git config --local --name-only --get-regexp http\.https\:\/\/github\.com\/\.extraheader
2025-09-02T19:10:30.4208298Z http.https://github.com/.extraheader
2025-09-02T19:10:30.4218291Z [command]/usr/bin/git config --local --unset-all http.https://github.com/.extraheader
2025-09-02T19:10:30.4249512Z [command]/usr/bin/git submodule foreach --recursive sh -c "git config --local --name-only --get-regexp 'http\.https\:\/\/github\.com\/\.extraheader' && git config --local --unset-all 'http.https://github.com/.extraheader' || :"
2025-09-02T19:10:30.4470316Z [command]/usr/bin/git config --local http.https://github.com/.extraheader AUTHORIZATION: basic ***
2025-09-02T19:10:30.4510069Z ##[endgroup]
2025-09-02T19:10:30.4510655Z ##[group]Fetching the repository
2025-09-02T19:10:30.4519085Z [command]/usr/bin/git -c protocol.version=2 fetch --no-tags --prune --no-recurse-submodules --depth=1 origin +refs/heads/main*:refs/remotes/origin/main* +refs/tags/main*:refs/tags/main*
2025-09-02T19:10:30.9392059Z ##[endgroup]
2025-09-02T19:10:30.9392455Z ##[group]Determining the checkout info
2025-09-02T19:10:30.9399330Z [command]/usr/bin/git branch --list --remote origin/main
2025-09-02T19:10:30.9423304Z   origin/main
2025-09-02T19:10:30.9428031Z ##[endgroup]
2025-09-02T19:10:30.9432625Z [command]/usr/bin/git sparse-checkout disable
2025-09-02T19:10:30.9471921Z [command]/usr/bin/git config --local --unset-all extensions.worktreeConfig
2025-09-02T19:10:30.9497715Z ##[group]Checking out the ref
2025-09-02T19:10:30.9501801Z [command]/usr/bin/git checkout --progress --force -B main refs/remotes/origin/main
2025-09-02T19:10:30.9566760Z Switched to a new branch 'main'
2025-09-02T19:10:30.9569102Z branch 'main' set up to track 'origin/main'.
2025-09-02T19:10:30.9575365Z ##[endgroup]
2025-09-02T19:10:30.9609837Z [command]/usr/bin/git log -1 --format=%H
2025-09-02T19:10:30.9633543Z 7805618378438c87c31f9b226207fa051673afb1
2025-09-02T19:10:30.9738826Z ##[group]Run timeout 359m python3 message_viewer.py || { [[ $? -eq 124 ]] && exit 0; }
2025-09-02T19:10:30.9739369Z [36;1mtimeout 359m python3 message_viewer.py || { [[ $? -eq 124 ]] && exit 0; }[0m
2025-09-02T19:10:30.9770943Z shell: /usr/bin/bash -e {0}
2025-09-02T19:10:30.9771164Z env:
2025-09-02T19:10:30.9771409Z   pythonLocation: /opt/hostedtoolcache/Python/3.12.5/x64
2025-09-02T19:10:30.9771816Z   PKG_CONFIG_PATH: /opt/hostedtoolcache/Python/3.12.5/x64/lib/pkgconfig
2025-09-02T19:10:30.9772372Z   Python_ROOT_DIR: /opt/hostedtoolcache/Python/3.12.5/x64
2025-09-02T19:10:30.9772710Z   Python2_ROOT_DIR: /opt/hostedtoolcache/Python/3.12.5/x64
2025-09-02T19:10:30.9773043Z   Python3_ROOT_DIR: /opt/hostedtoolcache/Python/3.12.5/x64
2025-09-02T19:10:30.9773387Z   LD_LIBRARY_PATH: /opt/hostedtoolcache/Python/3.12.5/x64/lib
2025-09-02T19:10:30.9773855Z   PASS: ***
2025-09-02T19:10:30.9774030Z ##[endgroup]
2025-09-02T19:10:32.4109755Z Thanks for giving credit for CloudRequests!
2025-09-02T19:10:32.4110211Z Request handler is running
2025-09-02T19:10:32.4116841Z Request handler is running
2025-09-03T01:09:30.9933439Z Post job cleanup.
2025-09-03T01:09:31.0735376Z [command]/usr/bin/git version
2025-09-03T01:09:31.0771868Z git version 2.51.0
2025-09-03T01:09:31.0809865Z Temporarily overriding HOME='/home/runner/work/_temp/ba7ab280-73c6-4df1-9457-3b9ee15cd31c' before making global git config changes
2025-09-03T01:09:31.0811127Z Adding repository directory to the temporary git global config as a safe directory
2025-09-03T01:09:31.0815717Z [command]/usr/bin/git config --global --add safe.directory /home/runner/work/scratchattach/scratchattach
2025-09-03T01:09:31.0851068Z [command]/usr/bin/git config --local --name-only --get-regexp core\.sshCommand
2025-09-03T01:09:31.0884165Z [command]/usr/bin/git submodule foreach --recursive sh -c "git config --local --name-only --get-regexp 'core\.sshCommand' && git config --local --unset-all 'core.sshCommand' || :"
2025-09-03T01:09:31.1109796Z [command]/usr/bin/git config --local --name-only --get-regexp http\.https\:\/\/github\.com\/\.extraheader
2025-09-03T01:09:31.1132006Z http.https://github.com/.extraheader
2025-09-03T01:09:31.1141632Z [command]/usr/bin/git config --local --unset-all http.https://github.com/.extraheader
2025-09-03T01:09:31.1171425Z [command]/usr/bin/git submodule foreach --recursive sh -c "git config --local --name-only --get-regexp 'http\.https\:\/\/github\.com\/\.extraheader' && git config --local --unset-all 'http.https://github.com/.extraheader' || :"
2025-09-03T01:09:31.1497327Z Post job cleanup.
2025-09-03T01:09:31.3104486Z Post job cleanup.
2025-09-03T01:09:31.3881326Z [command]/usr/bin/git version
2025-09-03T01:09:31.3916782Z git version 2.51.0
2025-09-03T01:09:31.3954377Z Temporarily overriding HOME='/home/runner/work/_temp/4445f7b9-e481-4924-9b26-f72a63ca5ece' before making global git config changes
2025-09-03T01:09:31.3955633Z Adding repository directory to the temporary git global config as a safe directory
2025-09-03T01:09:31.3961195Z [command]/usr/bin/git config --global --add safe.directory /home/runner/work/scratchattach/scratchattach
2025-09-03T01:09:31.3998377Z [command]/usr/bin/git config --local --name-only --get-regexp core\.sshCommand
2025-09-03T01:09:31.4031848Z [command]/usr/bin/git submodule foreach --recursive sh -c "git config --local --name-only --get-regexp 'core\.sshCommand' && git config --local --unset-all 'core.sshCommand' || :"
2025-09-03T01:09:31.4280362Z [command]/usr/bin/git config --local --name-only --get-regexp http\.https\:\/\/github\.com\/\.extraheader
2025-09-03T01:09:31.4317227Z [command]/usr/bin/git submodule foreach --recursive sh -c "git config --local --name-only --get-regexp 'http\.https\:\/\/github\.com\/\.extraheader' && git config --local --unset-all 'http.https://github.com/.extraheader' || :"
2025-09-03T01:09:31.4686597Z Cleaning up orphan processes
