2026-01-01T19:35:21.8321446Z Current runner version: '2.330.0'
2026-01-01T19:35:21.8356319Z ##[group]Runner Image Provisioner
2026-01-01T19:35:21.8357452Z Hosted Compute Agent
2026-01-01T19:35:21.8358318Z Version: 20251211.462
2026-01-01T19:35:21.8359159Z Commit: 6cbad8c2bb55d58165063d031ccabf57e2d2db61
2026-01-01T19:35:21.8360242Z Build Date: 2025-12-11T16:28:49Z
2026-01-01T19:35:21.8361288Z Worker ID: {a758d2e8-fef1-487f-aa7f-bde3bb164171}
2026-01-01T19:35:21.8362510Z ##[endgroup]
2026-01-01T19:35:21.8363241Z ##[group]Operating System
2026-01-01T19:35:21.8364168Z Microsoft Windows Server 2025
2026-01-01T19:35:21.8365044Z 10.0.26100
2026-01-01T19:35:21.8365720Z Datacenter
2026-01-01T19:35:21.8366536Z ##[endgroup]
2026-01-01T19:35:21.8367240Z ##[group]Runner Image
2026-01-01T19:35:21.8368396Z Image: windows-2025
2026-01-01T19:35:21.8369144Z Version: 20251216.149.1
2026-01-01T19:35:21.8371777Z Included Software: https://github.com/actions/runner-images/blob/win25/20251216.149/images/windows/Windows2025-Readme.md
2026-01-01T19:35:21.8374411Z Image Release: https://github.com/actions/runner-images/releases/tag/win25%2F20251216.149
2026-01-01T19:35:21.8375915Z ##[endgroup]
2026-01-01T19:35:21.8377505Z ##[group]GITHUB_TOKEN Permissions
2026-01-01T19:35:21.8379903Z Contents: read
2026-01-01T19:35:21.8380665Z Metadata: read
2026-01-01T19:35:21.8381370Z ##[endgroup]
2026-01-01T19:35:21.8383989Z Secret source: Actions
2026-01-01T19:35:21.8384994Z Prepare workflow directory
2026-01-01T19:35:21.8793080Z Prepare all required actions
2026-01-01T19:35:21.8834388Z Getting action download info
2026-01-01T19:35:22.1130646Z Download action repository 'actions/checkout@v6.0.1' (SHA:8e8c483db84b4bee98b60c0593521ed34d9990e8)
2026-01-01T19:35:22.2387157Z Download action repository 'actions/setup-python@v6.1.0' (SHA:83679a892e2d95755f2dac6acb0bfd1e9ac5d548)
2026-01-01T19:35:22.5187457Z Complete job name: build (3.13, windows-latest)
2026-01-01T19:35:22.6698153Z ##[group]Run actions/checkout@v6.0.1
2026-01-01T19:35:22.6699120Z with:
2026-01-01T19:35:22.6699503Z   repository: Boss-1s/scratchattach
2026-01-01T19:35:22.6700130Z   token: ***
2026-01-01T19:35:22.6700479Z   ssh-strict: true
2026-01-01T19:35:22.6700831Z   ssh-user: git
2026-01-01T19:35:22.6701195Z   persist-credentials: true
2026-01-01T19:35:22.6701598Z   clean: true
2026-01-01T19:35:22.6701955Z   sparse-checkout-cone-mode: true
2026-01-01T19:35:22.6702390Z   fetch-depth: 1
2026-01-01T19:35:22.6702739Z   fetch-tags: false
2026-01-01T19:35:22.6703092Z   show-progress: true
2026-01-01T19:35:22.6703461Z   lfs: false
2026-01-01T19:35:22.6703789Z   submodules: false
2026-01-01T19:35:22.6704145Z   set-safe-directory: true
2026-01-01T19:35:22.6704733Z ##[endgroup]
2026-01-01T19:35:22.8132324Z Syncing repository: Boss-1s/scratchattach
2026-01-01T19:35:22.8135517Z ##[group]Getting Git version info
2026-01-01T19:35:22.8136296Z Working directory is 'D:\a\scratchattach\scratchattach'
2026-01-01T19:35:22.9238346Z [command]"C:\Program Files\Git\bin\git.exe" version
2026-01-01T19:35:23.3324864Z git version 2.52.0.windows.1
2026-01-01T19:35:23.3383238Z ##[endgroup]
2026-01-01T19:35:23.3405056Z Temporarily overriding HOME='D:\a\_temp\e65c1535-7877-4b4d-b7a5-b42a5383f27e' before making global git config changes
2026-01-01T19:35:23.3407400Z Adding repository directory to the temporary git global config as a safe directory
2026-01-01T19:35:23.3417703Z [command]"C:\Program Files\Git\bin\git.exe" config --global --add safe.directory D:\a\scratchattach\scratchattach
2026-01-01T19:35:23.4060920Z Deleting the contents of 'D:\a\scratchattach\scratchattach'
2026-01-01T19:35:23.4067324Z ##[group]Initializing the repository
2026-01-01T19:35:23.4077138Z [command]"C:\Program Files\Git\bin\git.exe" init D:\a\scratchattach\scratchattach
2026-01-01T19:35:23.5013155Z Initialized empty Git repository in D:/a/scratchattach/scratchattach/.git/
2026-01-01T19:35:23.5059746Z [command]"C:\Program Files\Git\bin\git.exe" remote add origin https://github.com/Boss-1s/scratchattach
2026-01-01T19:35:23.5630449Z ##[endgroup]
2026-01-01T19:35:23.5632236Z ##[group]Disabling automatic garbage collection
2026-01-01T19:35:23.5639453Z [command]"C:\Program Files\Git\bin\git.exe" config --local gc.auto 0
2026-01-01T19:35:23.5929537Z ##[endgroup]
2026-01-01T19:35:23.5931478Z ##[group]Setting up auth
2026-01-01T19:35:23.5932405Z Removing SSH command configuration
2026-01-01T19:35:23.5942541Z [command]"C:\Program Files\Git\bin\git.exe" config --local --name-only --get-regexp core\.sshCommand
2026-01-01T19:35:23.6237521Z [command]"C:\Program Files\Git\bin\git.exe" submodule foreach --recursive "sh -c \"git config --local --name-only --get-regexp 'core\.sshCommand' && git config --local --unset-all 'core.sshCommand' || :\""
2026-01-01T19:35:25.1137343Z Removing HTTP extra header
2026-01-01T19:35:25.1150778Z [command]"C:\Program Files\Git\bin\git.exe" config --local --name-only --get-regexp http\.https\:\/\/github\.com\/\.extraheader
2026-01-01T19:35:25.1457302Z [command]"C:\Program Files\Git\bin\git.exe" submodule foreach --recursive "sh -c \"git config --local --name-only --get-regexp 'http\.https\:\/\/github\.com\/\.extraheader' && git config --local --unset-all 'http.https://github.com/.extraheader' || :\""
2026-01-01T19:35:25.6885332Z Removing includeIf entries pointing to credentials config files
2026-01-01T19:35:25.6895020Z [command]"C:\Program Files\Git\bin\git.exe" config --local --name-only --get-regexp ^includeIf\.gitdir:
2026-01-01T19:35:25.7204083Z [command]"C:\Program Files\Git\bin\git.exe" submodule foreach --recursive "git config --local --show-origin --name-only --get-regexp remote.origin.url"
2026-01-01T19:35:26.2561279Z [command]"C:\Program Files\Git\bin\git.exe" config --file D:\a\_temp\git-credentials-724afea6-a7e8-422f-912a-6a644cf93ec8.config http.https://github.com/.extraheader "AUTHORIZATION: basic ***"
2026-01-01T19:35:26.2887592Z [command]"C:\Program Files\Git\bin\git.exe" config --local includeIf.gitdir:D:/a/scratchattach/scratchattach/.git.path D:\a\_temp\git-credentials-724afea6-a7e8-422f-912a-6a644cf93ec8.config
2026-01-01T19:35:26.3203010Z [command]"C:\Program Files\Git\bin\git.exe" config --local includeIf.gitdir:D:/a/scratchattach/scratchattach/.git/worktrees/*.path D:\a\_temp\git-credentials-724afea6-a7e8-422f-912a-6a644cf93ec8.config
2026-01-01T19:35:26.3555846Z [command]"C:\Program Files\Git\bin\git.exe" config --local includeIf.gitdir:/github/workspace/.git.path /github/runner_temp/git-credentials-724afea6-a7e8-422f-912a-6a644cf93ec8.config
2026-01-01T19:35:26.3877289Z [command]"C:\Program Files\Git\bin\git.exe" config --local includeIf.gitdir:/github/workspace/.git/worktrees/*.path /github/runner_temp/git-credentials-724afea6-a7e8-422f-912a-6a644cf93ec8.config
2026-01-01T19:35:26.4201775Z ##[endgroup]
2026-01-01T19:35:26.4202362Z ##[group]Fetching the repository
2026-01-01T19:35:26.4216622Z [command]"C:\Program Files\Git\bin\git.exe" -c protocol.version=2 fetch --no-tags --prune --no-recurse-submodules --depth=1 origin +b2347aad6025cd0a833cff90299b9e32ff5868a7:refs/remotes/origin/key_multivalue_storage_refactor
2026-01-01T19:35:30.0000752Z From https://github.com/Boss-1s/scratchattach
2026-01-01T19:35:30.0001584Z  * [new ref]         b2347aad6025cd0a833cff90299b9e32ff5868a7 -> origin/key_multivalue_storage_refactor
2026-01-01T19:35:30.0201476Z ##[endgroup]
2026-01-01T19:35:30.0202031Z ##[group]Determining the checkout info
2026-01-01T19:35:30.0203851Z ##[endgroup]
2026-01-01T19:35:30.0213339Z [command]"C:\Program Files\Git\bin\git.exe" sparse-checkout disable
2026-01-01T19:35:30.0721989Z [command]"C:\Program Files\Git\bin\git.exe" config --local --unset-all extensions.worktreeConfig
2026-01-01T19:35:30.1045551Z ##[group]Checking out the ref
2026-01-01T19:35:30.1055012Z [command]"C:\Program Files\Git\bin\git.exe" checkout --progress --force -B key_multivalue_storage_refactor refs/remotes/origin/key_multivalue_storage_refactor
2026-01-01T19:35:31.2314485Z Updating files:  70% (1885/2681)
2026-01-01T19:35:31.2405405Z Updating files:  71% (1904/2681)
2026-01-01T19:35:31.2506546Z Updating files:  72% (1931/2681)
2026-01-01T19:35:31.2610593Z Updating files:  73% (1958/2681)
2026-01-01T19:35:31.2723558Z Updating files:  74% (1984/2681)
2026-01-01T19:35:31.2809902Z Updating files:  75% (2011/2681)
2026-01-01T19:35:31.2923641Z Updating files:  76% (2038/2681)
2026-01-01T19:35:31.3023066Z Updating files:  77% (2065/2681)
2026-01-01T19:35:31.3128609Z Updating files:  78% (2092/2681)
2026-01-01T19:35:31.3227692Z Updating files:  79% (2118/2681)
2026-01-01T19:35:31.3335707Z Updating files:  80% (2145/2681)
2026-01-01T19:35:31.3436168Z Updating files:  81% (2172/2681)
2026-01-01T19:35:31.3657685Z Updating files:  82% (2199/2681)
2026-01-01T19:35:31.3789871Z Updating files:  83% (2226/2681)
2026-01-01T19:35:31.3944901Z Updating files:  84% (2253/2681)
2026-01-01T19:35:31.4032230Z Updating files:  85% (2279/2681)
2026-01-01T19:35:31.4118828Z Updating files:  86% (2306/2681)
2026-01-01T19:35:31.4200083Z Updating files:  87% (2333/2681)
2026-01-01T19:35:31.4285730Z Updating files:  88% (2360/2681)
2026-01-01T19:35:31.4432191Z Updating files:  89% (2387/2681)
2026-01-01T19:35:31.4554004Z Updating files:  90% (2413/2681)
2026-01-01T19:35:31.4704384Z Updating files:  91% (2440/2681)
2026-01-01T19:35:31.4833257Z Updating files:  92% (2467/2681)
2026-01-01T19:35:31.4934952Z Updating files:  93% (2494/2681)
2026-01-01T19:35:31.5114626Z Updating files:  94% (2521/2681)
2026-01-01T19:35:31.5298867Z Updating files:  95% (2547/2681)
2026-01-01T19:35:31.5481534Z Updating files:  96% (2574/2681)
2026-01-01T19:35:32.1706005Z Updating files:  97% (2601/2681)
2026-01-01T19:35:32.2358258Z Updating files:  97% (2624/2681)
2026-01-01T19:35:32.4496973Z Updating files:  98% (2628/2681)
2026-01-01T19:35:32.6018169Z Updating files:  99% (2655/2681)
2026-01-01T19:35:32.6021034Z Updating files: 100% (2681/2681)
2026-01-01T19:35:32.6022906Z Updating files: 100% (2681/2681), done.
2026-01-01T19:35:32.6232650Z branch 'key_multivalue_storage_refactor' set up to track 'origin/key_multivalue_storage_refactor'.
2026-01-01T19:35:32.6263391Z Switched to a new branch 'key_multivalue_storage_refactor'
2026-01-01T19:35:32.6411059Z ##[endgroup]
2026-01-01T19:35:32.6797505Z [command]"C:\Program Files\Git\bin\git.exe" log -1 --format=%H
2026-01-01T19:35:32.7066838Z b2347aad6025cd0a833cff90299b9e32ff5868a7
2026-01-01T19:35:32.7489746Z ##[group]Run actions/setup-python@v6.1.0
2026-01-01T19:35:32.7490044Z with:
2026-01-01T19:35:32.7490202Z   python-version: 3.13
2026-01-01T19:35:32.7490385Z   check-latest: false
2026-01-01T19:35:32.7490701Z   token: ***
2026-01-01T19:35:32.7490871Z   update-environment: true
2026-01-01T19:35:32.7491069Z   allow-prereleases: false
2026-01-01T19:35:32.7491256Z   freethreaded: false
2026-01-01T19:35:32.7491416Z ##[endgroup]
2026-01-01T19:35:32.9107903Z ##[group]Installed versions
2026-01-01T19:35:32.9346872Z (node:2492) [DEP0040] DeprecationWarning: The `punycode` module is deprecated. Please use a userland alternative instead.
2026-01-01T19:35:32.9360104Z (Use `node --trace-deprecation ...` to show where the warning was created)
2026-01-01T19:35:32.9364567Z Successfully set up CPython (3.13.11)
2026-01-01T19:35:32.9365333Z ##[endgroup]
2026-01-01T19:35:32.9635483Z ##[group]Run cd test
2026-01-01T19:35:32.9635774Z [36;1mcd test[0m
2026-01-01T19:35:32.9635953Z [36;1mpython3 o_test1.py[0m
2026-01-01T19:35:33.0451318Z shell: C:\Program Files\PowerShell\7\pwsh.EXE -command ". '{0}'"
2026-01-01T19:35:33.0451658Z env:
2026-01-01T19:35:33.0451908Z   pythonLocation: C:\hostedtoolcache\windows\Python\3.13.11\x64
2026-01-01T19:35:33.0452387Z   PKG_CONFIG_PATH: C:\hostedtoolcache\windows\Python\3.13.11\x64/lib/pkgconfig
2026-01-01T19:35:33.0452822Z   Python_ROOT_DIR: C:\hostedtoolcache\windows\Python\3.13.11\x64
2026-01-01T19:35:33.0453219Z   Python2_ROOT_DIR: C:\hostedtoolcache\windows\Python\3.13.11\x64
2026-01-01T19:35:33.0453607Z   Python3_ROOT_DIR: C:\hostedtoolcache\windows\Python\3.13.11\x64
2026-01-01T19:35:33.0453917Z ##[endgroup]
2026-01-01T19:35:39.3883930Z Deleted all data from otest.json sucessfully.
2026-01-01T19:35:39.3954225Z Data for key 'test_top_level_key' stored successfully in 'otest.json'.
2026-01-01T19:35:39.4021967Z Data for key 'test_top_level_key2' stored successfully in 'otest.json'.
2026-01-01T19:35:39.4091226Z Data for key 'test_top_level_key2' stored successfully in 'otest.json'.
2026-01-01T19:35:39.4159723Z Data for key 'test_top_level_key' stored successfully in 'otest.json'.
2026-01-01T19:35:39.4224827Z Sucessfully changed value skibidi toilet to sigma under key test_top_level_key.sk2.
2026-01-01T19:35:39.4291424Z Successfully deleted key 'test_top_level_key2' from 'otest.json'.
2026-01-01T19:35:39.4357257Z Deleted all data from otest.json sucessfully.
2026-01-01T19:35:39.4409086Z WARNING:py.warnings:D:\a\scratchattach\scratchattach\key_multivalue_storage.py:631: AdditionFailureWarning: WARNING! You are strongly advised against adding a Storage instance and a dict/list together, as it may break the Storage instance that is created.
2026-01-01T19:35:39.4410570Z   warnings.warn("WARNING! You are strongly advised against adding a Storage "+
2026-01-01T19:35:39.4410849Z 
2026-01-01T19:35:39.4411580Z WARNING:py.warnings:D:\a\scratchattach\scratchattach\key_multivalue_storage.py:638: AdditionFailureWarning: WARNING! You are strongly advised against adding a Storage instance and a dict/list together, as it may break the Storage instance that is created.
2026-01-01T19:35:39.4412558Z   warnings.warn("WARNING! You are strongly advised against adding a Storage "+
2026-01-01T19:35:39.4412817Z 
2026-01-01T19:35:39.4447163Z Deleted all data from otest.json sucessfully.
2026-01-01T19:35:39.4447740Z Sucessfully deleted all data from otest.json.
2026-01-01T19:35:39.4448168Z Begin test
2026-01-01T19:35:39.4448422Z --------------------
2026-01-01T19:35:39.4448832Z Part 1: Storing, Editing, and Deleting via JSON
2026-01-01T19:35:39.4449320Z --------------------
2026-01-01T19:35:39.4449822Z Data for key 'test_top_level_key' stored successfully in 'otest.json'.
2026-01-01T19:35:39.4450721Z Sucessfully added values ['val1', 'skibidi toilet'] to subkeys ['sk1', 'sk2'], respectively.
2026-01-01T19:35:39.4451696Z Data for key 'test_top_level_key2' stored successfully in 'otest.json'.
2026-01-01T19:35:39.4452601Z Sucessfully added values ['val1', 'the fate of sigma'] to subkeys ['sk1', 'sk2'], respectively.
2026-01-01T19:35:39.4453303Z Data for key 'test_top_level_key2' stored successfully in 'otest.json'.
2026-01-01T19:35:39.4453998Z Sucessfully added values ['val3', 'the fate of shard'] to subkeys ['sk3', 'sk4'], respectively.
2026-01-01T19:35:39.4454698Z Data for key 'test_top_level_key' stored successfully in 'otest.json'.
2026-01-01T19:35:39.4455413Z Sucessfully changed value skibidi toilet to sigma under key test_top_level_key.sk2.
2026-01-01T19:35:39.4455986Z Sucessfully set subkey sk2 to value sigma.
2026-01-01T19:35:39.4456481Z Successfully deleted key 'test_top_level_key2' from 'otest.json'.
2026-01-01T19:35:39.4457107Z Sucessfully deleted key test_top_level_key2 and all its child data.
2026-01-01T19:35:39.4457691Z Deleted all data from otest.json sucessfully.
2026-01-01T19:35:39.4460372Z Sucessfully deleted all data from otest.json.
2026-01-01T19:35:39.4460842Z Part 1 passed.
2026-01-01T19:35:39.4461112Z --------------------
2026-01-01T19:35:39.4461960Z Part 2: Storing, Editing, and Deleting via dunder methods
2026-01-01T19:35:39.4462449Z --------------------
2026-01-01T19:35:39.4462709Z Part 2.1: Comparisons
2026-01-01T19:35:39.4462986Z Part 2.1 passed.
2026-01-01T19:35:39.4463241Z Part 2.2: Arithmetic
2026-01-01T19:35:39.4463414Z 
2026-01-01T19:35:39.4463527Z test passed sucessfully
2026-01-01T19:35:39.7883642Z Post job cleanup.
2026-01-01T19:35:39.9295831Z (node:5504) [DEP0040] DeprecationWarning: The `punycode` module is deprecated. Please use a userland alternative instead.
2026-01-01T19:35:39.9296507Z (Use `node --trace-deprecation ...` to show where the warning was created)
2026-01-01T19:35:39.9597725Z Post job cleanup.
2026-01-01T19:35:40.1584967Z [command]"C:\Program Files\Git\bin\git.exe" version
2026-01-01T19:35:40.1852608Z git version 2.52.0.windows.1
2026-01-01T19:35:40.1924246Z Temporarily overriding HOME='D:\a\_temp\6915d8dc-fab0-44af-854c-1a7cb4394d99' before making global git config changes
2026-01-01T19:35:40.1925206Z Adding repository directory to the temporary git global config as a safe directory
2026-01-01T19:35:40.1934665Z [command]"C:\Program Files\Git\bin\git.exe" config --global --add safe.directory D:\a\scratchattach\scratchattach
2026-01-01T19:35:40.2229784Z Removing SSH command configuration
2026-01-01T19:35:40.2240647Z [command]"C:\Program Files\Git\bin\git.exe" config --local --name-only --get-regexp core\.sshCommand
2026-01-01T19:35:40.2566226Z [command]"C:\Program Files\Git\bin\git.exe" submodule foreach --recursive "sh -c \"git config --local --name-only --get-regexp 'core\.sshCommand' && git config --local --unset-all 'core.sshCommand' || :\""
2026-01-01T19:35:40.8105810Z Removing HTTP extra header
2026-01-01T19:35:40.8116343Z [command]"C:\Program Files\Git\bin\git.exe" config --local --name-only --get-regexp http\.https\:\/\/github\.com\/\.extraheader
2026-01-01T19:35:40.8456635Z [command]"C:\Program Files\Git\bin\git.exe" submodule foreach --recursive "sh -c \"git config --local --name-only --get-regexp 'http\.https\:\/\/github\.com\/\.extraheader' && git config --local --unset-all 'http.https://github.com/.extraheader' || :\""
2026-01-01T19:35:41.4104921Z Removing includeIf entries pointing to credentials config files
2026-01-01T19:35:41.4117564Z [command]"C:\Program Files\Git\bin\git.exe" config --local --name-only --get-regexp ^includeIf\.gitdir:
2026-01-01T19:35:41.4368167Z includeif.gitdir:D:/a/scratchattach/scratchattach/.git.path
2026-01-01T19:35:41.4369136Z includeif.gitdir:D:/a/scratchattach/scratchattach/.git/worktrees/*.path
2026-01-01T19:35:41.4369786Z includeif.gitdir:/github/workspace/.git.path
2026-01-01T19:35:41.4370363Z includeif.gitdir:/github/workspace/.git/worktrees/*.path
2026-01-01T19:35:41.4411677Z [command]"C:\Program Files\Git\bin\git.exe" config --local --get-all includeif.gitdir:D:/a/scratchattach/scratchattach/.git.path
2026-01-01T19:35:41.4661771Z D:\a\_temp\git-credentials-724afea6-a7e8-422f-912a-6a644cf93ec8.config
2026-01-01T19:35:41.4705228Z [command]"C:\Program Files\Git\bin\git.exe" config --local --unset includeif.gitdir:D:/a/scratchattach/scratchattach/.git.path D:\a\_temp\git-credentials-724afea6-a7e8-422f-912a-6a644cf93ec8.config
2026-01-01T19:35:41.4994949Z [command]"C:\Program Files\Git\bin\git.exe" config --local --get-all includeif.gitdir:D:/a/scratchattach/scratchattach/.git/worktrees/*.path
2026-01-01T19:35:41.5246042Z D:\a\_temp\git-credentials-724afea6-a7e8-422f-912a-6a644cf93ec8.config
2026-01-01T19:35:41.5288660Z [command]"C:\Program Files\Git\bin\git.exe" config --local --unset includeif.gitdir:D:/a/scratchattach/scratchattach/.git/worktrees/*.path D:\a\_temp\git-credentials-724afea6-a7e8-422f-912a-6a644cf93ec8.config
2026-01-01T19:35:41.5589533Z [command]"C:\Program Files\Git\bin\git.exe" config --local --get-all includeif.gitdir:/github/workspace/.git.path
2026-01-01T19:35:41.5857768Z /github/runner_temp/git-credentials-724afea6-a7e8-422f-912a-6a644cf93ec8.config
2026-01-01T19:35:41.5903839Z [command]"C:\Program Files\Git\bin\git.exe" config --local --unset includeif.gitdir:/github/workspace/.git.path /github/runner_temp/git-credentials-724afea6-a7e8-422f-912a-6a644cf93ec8.config
2026-01-01T19:35:41.6209034Z [command]"C:\Program Files\Git\bin\git.exe" config --local --get-all includeif.gitdir:/github/workspace/.git/worktrees/*.path
2026-01-01T19:35:41.6463780Z /github/runner_temp/git-credentials-724afea6-a7e8-422f-912a-6a644cf93ec8.config
2026-01-01T19:35:41.6507383Z [command]"C:\Program Files\Git\bin\git.exe" config --local --unset includeif.gitdir:/github/workspace/.git/worktrees/*.path /github/runner_temp/git-credentials-724afea6-a7e8-422f-912a-6a644cf93ec8.config
2026-01-01T19:35:41.6808657Z [command]"C:\Program Files\Git\bin\git.exe" submodule foreach --recursive "git config --local --show-origin --name-only --get-regexp remote.origin.url"
2026-01-01T19:35:42.1875604Z Removing credentials config 'D:\a\_temp\git-credentials-724afea6-a7e8-422f-912a-6a644cf93ec8.config'
2026-01-01T19:35:42.2043851Z Cleaning up orphan processes
