2025-12-23T15:02:34.9547326Z Current runner version: '2.330.0'
2025-12-23T15:02:34.9570584Z ##[group]Runner Image Provisioner
2025-12-23T15:02:34.9571460Z Hosted Compute Agent
2025-12-23T15:02:34.9572013Z Version: 20251211.462
2025-12-23T15:02:34.9572567Z Commit: 6cbad8c2bb55d58165063d031ccabf57e2d2db61
2025-12-23T15:02:34.9573307Z Build Date: 2025-12-11T16:28:49Z
2025-12-23T15:02:34.9573941Z Worker ID: {23214461-4924-4232-a166-351e14ae5d27}
2025-12-23T15:02:34.9574591Z ##[endgroup]
2025-12-23T15:02:34.9575160Z ##[group]Operating System
2025-12-23T15:02:34.9575678Z Ubuntu
2025-12-23T15:02:34.9576142Z 24.04.3
2025-12-23T15:02:34.9576579Z LTS
2025-12-23T15:02:34.9577042Z ##[endgroup]
2025-12-23T15:02:34.9577512Z ##[group]Runner Image
2025-12-23T15:02:34.9578077Z Image: ubuntu-24.04
2025-12-23T15:02:34.9578764Z Version: 20251215.174.1
2025-12-23T15:02:34.9579748Z Included Software: https://github.com/actions/runner-images/blob/ubuntu24/20251215.174/images/ubuntu/Ubuntu2404-Readme.md
2025-12-23T15:02:34.9581331Z Image Release: https://github.com/actions/runner-images/releases/tag/ubuntu24%2F20251215.174
2025-12-23T15:02:34.9582290Z ##[endgroup]
2025-12-23T15:02:34.9583581Z ##[group]GITHUB_TOKEN Permissions
2025-12-23T15:02:34.9585592Z Actions: read
2025-12-23T15:02:34.9586070Z Contents: read
2025-12-23T15:02:34.9586726Z Metadata: read
2025-12-23T15:02:34.9587183Z Packages: read
2025-12-23T15:02:34.9587654Z SecurityEvents: write
2025-12-23T15:02:34.9588208Z ##[endgroup]
2025-12-23T15:02:34.9590446Z Secret source: Actions
2025-12-23T15:02:34.9591175Z Prepare workflow directory
2025-12-23T15:02:35.0107637Z Prepare all required actions
2025-12-23T15:02:35.0145603Z Getting action download info
2025-12-23T15:02:35.4290246Z Download action repository 'actions/checkout@v4' (SHA:34e114876b0b11c390a56381ad16ebd13914f8d5)
2025-12-23T15:02:35.5690687Z Download action repository 'github/codeql-action@v4' (SHA:5d4e8d1aca955e8d8589aabd499c5cae939e33c7)
2025-12-23T15:02:36.6820692Z Complete job name: Analyze (actions)
2025-12-23T15:02:36.7539577Z ##[group]Run actions/checkout@v4
2025-12-23T15:02:36.7541135Z with:
2025-12-23T15:02:36.7541893Z   repository: Boss-1s/scratchattach
2025-12-23T15:02:36.7543097Z   token: ***
2025-12-23T15:02:36.7543802Z   ssh-strict: true
2025-12-23T15:02:36.7544526Z   ssh-user: git
2025-12-23T15:02:36.7545307Z   persist-credentials: true
2025-12-23T15:02:36.7546152Z   clean: true
2025-12-23T15:02:36.7546902Z   sparse-checkout-cone-mode: true
2025-12-23T15:02:36.7547825Z   fetch-depth: 1
2025-12-23T15:02:36.7548774Z   fetch-tags: false
2025-12-23T15:02:36.7549539Z   show-progress: true
2025-12-23T15:02:36.7550300Z   lfs: false
2025-12-23T15:02:36.7550993Z   submodules: false
2025-12-23T15:02:36.7551757Z   set-safe-directory: true
2025-12-23T15:02:36.7552855Z env:
2025-12-23T15:02:36.7553555Z   CODE_SCANNING_REF: refs/pull/50/head
2025-12-23T15:02:36.7554601Z   CODE_SCANNING_BASE_BRANCH: main
2025-12-23T15:02:36.7555622Z   CODE_SCANNING_IS_ANALYZING_DEFAULT_BRANCH: false
2025-12-23T15:02:36.7556874Z   CODE_SCANNING_IS_STEADY_STATE_DEFAULT_SETUP: true
2025-12-23T15:02:36.7580065Z   CODE_SCANNING_WORKFLOW_FILE: H4sIAAAAAAAA/6RV32/bNhB+919x8AakfZDzsicBBaY4cuLNsFNJQZcVBUFTJ5mLTKr8kVTt8r8PFKVYWuM5Q/1kHj9+vLvv40nQPYYwncsc36+mE2VF4EM/f/sGJTc7u53hAwoz46K2Rs+YzJFoRoXgoiTKCuLw8PQ0kSKEvBF0z9lkguIhnADMN5cxSefRer1cX5EkXryaGAvH+W+GiyiNyUUSrefXr2XaUo1kq6hgu5cYlymJ1tHq7k+3uIwX0e0q+583cE2ooFXz1S1yLKitzH/fmGZxdHlH0izK4udL0zi7vQnBKIvfnfmwSX5frDYfyGK5il+b16NU90UlH0nBq1ahyV9yq50sPl10fwG83pEPwRvHvadG8S+ziorS0tKdfdtClRU6cDo7UKHk/rd0s37ToZUVAtVbXzJAjWrPteZSaH8PAGWmXYJCmncxJoVBYcbBmrJ7WuI4qJFZxU0TtCXrEB4VNzjpSbiwGEgRoFJShVDQSvtNbRQ1WDZ9FgXlVVBQbYYg6GruQQBcsMrmeAgABNB3JOxrGewCMHePVE0I58/Al3Bby6s82MscQxBS4GjTtzGEs49Tu7XC2KCiBrWZfjo7kkrdmJ0UJzN5AfZDiWiDdSdt0JlovkN2L60BhbXU3EjVdJRWOzW7ZpyzDvfrwy+TEcFScMNpxb8i+JE0Ou4tf+5c/rkKPNk5F7zl8cBHbnYHyVqfa66Dey5yHYI7GfTv4xnVd0h7X39v/slL/RpAD+EhOMcaRY6CNQGjbMdF6Q/5vs5QPHAlxR6FgXfv4MwXF+ykNpifDYk+W1TcZTedwk9w6QdMG21A2/4NdO+g4GUIfw+E7AZSoNHYOhwpLFU5DgC4IqrAvT8dwsdXDhovCGlPwdMTfBqQmp1CatrmVC1lt9srnrq0oFbySwOFVKCw5Nq4ejsSnod++7QVtKHKBC34mCMO9IQpzFE4u3XCa2QKjZ5dLbPr2wuSxFfLNEuWcUpuks0fd0NJDo/viGPGtr5BVUi17zztZ63m+nRF3aA+VNN9V/3PfSPer3x25HqTZl0d7mHO2jbMpDWtYO2KOHMNyxgR3GySkwS1VMcJ5hGZx0m2XCznURafomKUMFSGF9wNq6Okt8kqPUVlVaUPBGPBD5NwoFQfdIf+CQAA//+2RVGDAgkAAA==
2025-12-23T15:02:36.7603299Z ##[endgroup]
2025-12-23T15:02:36.8676276Z Syncing repository: Boss-1s/scratchattach
2025-12-23T15:02:36.8678902Z ##[group]Getting Git version info
2025-12-23T15:02:36.8680313Z Working directory is '/home/runner/work/scratchattach/scratchattach'
2025-12-23T15:02:36.8682189Z [command]/usr/bin/git version
2025-12-23T15:02:36.9756084Z git version 2.52.0
2025-12-23T15:02:36.9783217Z ##[endgroup]
2025-12-23T15:02:36.9797950Z Temporarily overriding HOME='/home/runner/work/_temp/e4bf822a-894c-4ce0-b5e9-e1e4cc7ae5c5' before making global git config changes
2025-12-23T15:02:36.9800750Z Adding repository directory to the temporary git global config as a safe directory
2025-12-23T15:02:36.9811180Z [command]/usr/bin/git config --global --add safe.directory /home/runner/work/scratchattach/scratchattach
2025-12-23T15:02:36.9887125Z Deleting the contents of '/home/runner/work/scratchattach/scratchattach'
2025-12-23T15:02:36.9890481Z ##[group]Initializing the repository
2025-12-23T15:02:36.9895088Z [command]/usr/bin/git init /home/runner/work/scratchattach/scratchattach
2025-12-23T15:02:37.0435893Z hint: Using 'master' as the name for the initial branch. This default branch name
2025-12-23T15:02:37.0437956Z hint: will change to "main" in Git 3.0. To configure the initial branch name
2025-12-23T15:02:37.0440065Z hint: to use in all of your new repositories, which will suppress this warning,
2025-12-23T15:02:37.0441572Z hint: call:
2025-12-23T15:02:37.0442311Z hint:
2025-12-23T15:02:37.0443272Z hint: 	git config --global init.defaultBranch <name>
2025-12-23T15:02:37.0444474Z hint:
2025-12-23T15:02:37.0445483Z hint: Names commonly chosen instead of 'master' are 'main', 'trunk' and
2025-12-23T15:02:37.0447462Z hint: 'development'. The just-created branch can be renamed via this command:
2025-12-23T15:02:37.0449075Z hint:
2025-12-23T15:02:37.0449772Z hint: 	git branch -m <name>
2025-12-23T15:02:37.0450595Z hint:
2025-12-23T15:02:37.0451700Z hint: Disable this message with "git config set advice.defaultBranchName false"
2025-12-23T15:02:37.0480139Z Initialized empty Git repository in /home/runner/work/scratchattach/scratchattach/.git/
2025-12-23T15:02:37.0495077Z [command]/usr/bin/git remote add origin https://github.com/Boss-1s/scratchattach
2025-12-23T15:02:37.0584388Z ##[endgroup]
2025-12-23T15:02:37.0591468Z ##[group]Disabling automatic garbage collection
2025-12-23T15:02:37.0592720Z [command]/usr/bin/git config --local gc.auto 0
2025-12-23T15:02:37.0628666Z ##[endgroup]
2025-12-23T15:02:37.0629933Z ##[group]Setting up auth
2025-12-23T15:02:37.0637971Z [command]/usr/bin/git config --local --name-only --get-regexp core\.sshCommand
2025-12-23T15:02:37.0674439Z [command]/usr/bin/git submodule foreach --recursive sh -c "git config --local --name-only --get-regexp 'core\.sshCommand' && git config --local --unset-all 'core.sshCommand' || :"
2025-12-23T15:02:37.2287797Z [command]/usr/bin/git config --local --name-only --get-regexp http\.https\:\/\/github\.com\/\.extraheader
2025-12-23T15:02:37.2320096Z [command]/usr/bin/git submodule foreach --recursive sh -c "git config --local --name-only --get-regexp 'http\.https\:\/\/github\.com\/\.extraheader' && git config --local --unset-all 'http.https://github.com/.extraheader' || :"
2025-12-23T15:02:37.2535389Z [command]/usr/bin/git config --local --name-only --get-regexp ^includeIf\.gitdir:
2025-12-23T15:02:37.2568639Z [command]/usr/bin/git submodule foreach --recursive git config --local --show-origin --name-only --get-regexp remote.origin.url
2025-12-23T15:02:37.2796023Z [command]/usr/bin/git config --local http.https://github.com/.extraheader AUTHORIZATION: basic ***
2025-12-23T15:02:37.2830658Z ##[endgroup]
2025-12-23T15:02:37.2838402Z ##[group]Fetching the repository
2025-12-23T15:02:37.2841270Z [command]/usr/bin/git -c protocol.version=2 fetch --no-tags --prune --no-recurse-submodules --depth=1 origin +16a62e97f3ec191fa4c688d568866b72cdfc6ad4:refs/remotes/pull/50/head
2025-12-23T15:02:40.3768723Z From https://github.com/Boss-1s/scratchattach
2025-12-23T15:02:40.3771123Z  * [new ref]         16a62e97f3ec191fa4c688d568866b72cdfc6ad4 -> pull/50/head
2025-12-23T15:02:40.3865253Z ##[endgroup]
2025-12-23T15:02:40.3865776Z ##[group]Determining the checkout info
2025-12-23T15:02:40.3867308Z ##[endgroup]
2025-12-23T15:02:40.3872623Z [command]/usr/bin/git sparse-checkout disable
2025-12-23T15:02:40.3954422Z [command]/usr/bin/git config --local --unset-all extensions.worktreeConfig
2025-12-23T15:02:40.3979754Z ##[group]Checking out the ref
2025-12-23T15:02:40.3984000Z [command]/usr/bin/git checkout --progress --force refs/remotes/pull/50/head
2025-12-23T15:02:41.0279930Z Note: switching to 'refs/remotes/pull/50/head'.
2025-12-23T15:02:41.0280503Z 
2025-12-23T15:02:41.0281129Z You are in 'detached HEAD' state. You can look around, make experimental
2025-12-23T15:02:41.0282266Z changes and commit them, and you can discard any commits you make in this
2025-12-23T15:02:41.0283290Z state without impacting any branches by switching back to a branch.
2025-12-23T15:02:41.0283831Z 
2025-12-23T15:02:41.0284183Z If you want to create a new branch to retain commits you create, you may
2025-12-23T15:02:41.0284926Z do so (now or later) by using -c with the switch command. Example:
2025-12-23T15:02:41.0285354Z 
2025-12-23T15:02:41.0285549Z   git switch -c <new-branch-name>
2025-12-23T15:02:41.0285852Z 
2025-12-23T15:02:41.0286039Z Or undo this operation with:
2025-12-23T15:02:41.0286334Z 
2025-12-23T15:02:41.0286488Z   git switch -
2025-12-23T15:02:41.0286724Z 
2025-12-23T15:02:41.0287093Z Turn off this advice by setting config variable advice.detachedHead to false
2025-12-23T15:02:41.0287642Z 
2025-12-23T15:02:41.0287842Z HEAD is now at 16a62e9 fix: relative import
2025-12-23T15:02:41.0339420Z ##[endgroup]
2025-12-23T15:02:41.0385105Z [command]/usr/bin/git log -1 --format=%H
2025-12-23T15:02:41.0407485Z 16a62e97f3ec191fa4c688d568866b72cdfc6ad4
2025-12-23T15:02:41.0686791Z ##[group]Run github/codeql-action/init@v4
2025-12-23T15:02:41.0687113Z with:
2025-12-23T15:02:41.0687310Z   analysis-kinds: code-scanning
2025-12-23T15:02:41.0687540Z   languages: actions
2025-12-23T15:02:41.0687732Z   build-mode: none
2025-12-23T15:02:41.0687926Z   dependency-caching: true
2025-12-23T15:02:41.0688511Z   config: default-setup:
  org:
    model-packs: [  ]
threat-models: [  ]

2025-12-23T15:02:41.0689024Z   token: ***
2025-12-23T15:02:41.0689442Z   matrix: {
  "language": "actions",
  "category": "/language:actions",
  "build-mode": "none",
  "runner": "[\"ubuntu-latest\"]"
}
2025-12-23T15:02:41.0689899Z   debug: false
2025-12-23T15:02:41.0690076Z env:
2025-12-23T15:02:41.0690258Z   CODE_SCANNING_REF: refs/pull/50/head
2025-12-23T15:02:41.0690501Z   CODE_SCANNING_BASE_BRANCH: main
2025-12-23T15:02:41.0690765Z   CODE_SCANNING_IS_ANALYZING_DEFAULT_BRANCH: false
2025-12-23T15:02:41.0691059Z   CODE_SCANNING_IS_STEADY_STATE_DEFAULT_SETUP: true
2025-12-23T15:02:41.0696831Z   CODE_SCANNING_WORKFLOW_FILE: H4sIAAAAAAAA/6RV32/bNhB+919x8AakfZDzsicBBaY4cuLNsFNJQZcVBUFTJ5mLTKr8kVTt8r8PFKVYWuM5Q/1kHj9+vLvv40nQPYYwncsc36+mE2VF4EM/f/sGJTc7u53hAwoz46K2Rs+YzJFoRoXgoiTKCuLw8PQ0kSKEvBF0z9lkguIhnADMN5cxSefRer1cX5EkXryaGAvH+W+GiyiNyUUSrefXr2XaUo1kq6hgu5cYlymJ1tHq7k+3uIwX0e0q+583cE2ooFXz1S1yLKitzH/fmGZxdHlH0izK4udL0zi7vQnBKIvfnfmwSX5frDYfyGK5il+b16NU90UlH0nBq1ahyV9yq50sPl10fwG83pEPwRvHvadG8S+ziorS0tKdfdtClRU6cDo7UKHk/rd0s37ToZUVAtVbXzJAjWrPteZSaH8PAGWmXYJCmncxJoVBYcbBmrJ7WuI4qJFZxU0TtCXrEB4VNzjpSbiwGEgRoFJShVDQSvtNbRQ1WDZ9FgXlVVBQbYYg6GruQQBcsMrmeAgABNB3JOxrGewCMHePVE0I58/Al3Bby6s82MscQxBS4GjTtzGEs49Tu7XC2KCiBrWZfjo7kkrdmJ0UJzN5AfZDiWiDdSdt0JlovkN2L60BhbXU3EjVdJRWOzW7ZpyzDvfrwy+TEcFScMNpxb8i+JE0Ou4tf+5c/rkKPNk5F7zl8cBHbnYHyVqfa66Dey5yHYI7GfTv4xnVd0h7X39v/slL/RpAD+EhOMcaRY6CNQGjbMdF6Q/5vs5QPHAlxR6FgXfv4MwXF+ykNpifDYk+W1TcZTedwk9w6QdMG21A2/4NdO+g4GUIfw+E7AZSoNHYOhwpLFU5DgC4IqrAvT8dwsdXDhovCGlPwdMTfBqQmp1CatrmVC1lt9srnrq0oFbySwOFVKCw5Nq4ejsSnod++7QVtKHKBC34mCMO9IQpzFE4u3XCa2QKjZ5dLbPr2wuSxFfLNEuWcUpuks0fd0NJDo/viGPGtr5BVUi17zztZ63m+nRF3aA+VNN9V/3PfSPer3x25HqTZl0d7mHO2jbMpDWtYO2KOHMNyxgR3GySkwS1VMcJ5hGZx0m2XCznURafomKUMFSGF9wNq6Okt8kqPUVlVaUPBGPBD5NwoFQfdIf+CQAA//+2RVGDAgkAAA==
2025-12-23T15:02:41.0706147Z ##[endgroup]
2025-12-23T15:02:41.7570512Z Job run UUID is 92ba10da-7cbf-4623-81e1-021e247712aa.
2025-12-23T15:02:42.4399685Z ##[group]Setup CodeQL tools
2025-12-23T15:02:42.4464350Z [command]/usr/bin/tar --version
2025-12-23T15:02:42.4509914Z tar (GNU tar) 1.35
2025-12-23T15:02:42.4510704Z Copyright (C) 2023 Free Software Foundation, Inc.
2025-12-23T15:02:42.4511743Z License GPLv3+: GNU GPL version 3 or later <https://gnu.org/licenses/gpl.html>.
2025-12-23T15:02:42.4512578Z This is free software: you are free to change and redistribute it.
2025-12-23T15:02:42.4513249Z There is NO WARRANTY, to the extent permitted by law.
2025-12-23T15:02:42.4513640Z 
2025-12-23T15:02:42.4513824Z Written by John Gilmore and Jay Fenlason.
2025-12-23T15:02:42.4522123Z Found gnu tar version 1.35.
2025-12-23T15:02:42.5126641Z Found CodeQL tools version 2.23.8 in the toolcache.
2025-12-23T15:02:42.5127747Z Using CodeQL CLI version 2.23.8 from toolcache at /opt/hostedtoolcache/CodeQL/2.23.8/x64
2025-12-23T15:02:50.4154081Z [command]/opt/hostedtoolcache/CodeQL/2.23.8/x64/codeql/codeql version --format=json
2025-12-23T15:02:51.0243810Z {
2025-12-23T15:02:51.0244555Z   "productName" : "CodeQL",
2025-12-23T15:02:51.0244999Z   "vendor" : "GitHub",
2025-12-23T15:02:51.0245349Z   "version" : "2.23.8",
2025-12-23T15:02:51.0245742Z   "sha" : "d1011989dbb0da337606a511d9a16ba52ef49122",
2025-12-23T15:02:51.0246202Z   "branches" : [
2025-12-23T15:02:51.0246514Z     "codeql-cli-2.23.8"
2025-12-23T15:02:51.0246821Z   ],
2025-12-23T15:02:51.0247181Z   "copyright" : "Copyright (C) 2019-2025 GitHub, Inc.",
2025-12-23T15:02:51.0247752Z   "unpackedLocation" : "/opt/hostedtoolcache/CodeQL/2.23.8/x64/codeql",
2025-12-23T15:02:51.0248588Z   "configFileLocation" : "/home/runner/.config/codeql/config",
2025-12-23T15:02:51.0249686Z   "configFileFound" : false,
2025-12-23T15:02:51.0250095Z   "overlayVersion" : 4,
2025-12-23T15:02:51.0250419Z   "features" : {
2025-12-23T15:02:51.0250758Z     "analysisSummaryV2Default" : true,
2025-12-23T15:02:51.0251201Z     "buildModeOption" : true,
2025-12-23T15:02:51.0251634Z     "bundleSupportsIncludeDiagnostics" : true,
2025-12-23T15:02:51.0252100Z     "bundleSupportsIncludeLogs" : true,
2025-12-23T15:02:51.0252644Z     "databaseInterpretResultsSupportsSarifRunProperty" : true,
2025-12-23T15:02:51.0253273Z     "featuresInVersionResult" : true,
2025-12-23T15:02:51.0253780Z     "indirectTracingSupportsStaticBinaries" : false,
2025-12-23T15:02:51.0254365Z     "informsAboutUnsupportedPathFilters" : true,
2025-12-23T15:02:51.0254852Z     "supportsPython312" : true,
2025-12-23T15:02:51.0255248Z     "mrvaPackCreate" : true,
2025-12-23T15:02:51.0255647Z     "threatModelOption" : true,
2025-12-23T15:02:51.0256052Z     "traceCommandUseBuildMode" : true,
2025-12-23T15:02:51.0256602Z     "v2ramSizing" : true,
2025-12-23T15:02:51.0257011Z     "mrvaPackCreateMultipleQueries" : true,
2025-12-23T15:02:51.0257510Z     "setsCodeqlRunnerEnvVar" : true,
2025-12-23T15:02:51.0257953Z     "sarifMergeRunsFromEqualCategory" : true,
2025-12-23T15:02:51.0258541Z     "forceOverwrite" : true,
2025-12-23T15:02:51.0258933Z     "generateSummarySymbolMap" : true,
2025-12-23T15:02:51.0259373Z     "pythonDefaultIsToNotExtractStdlib" : true,
2025-12-23T15:02:51.0259912Z     "queryServerRunQueries" : true,
2025-12-23T15:02:51.0260464Z     "queryServerTrimCacheWithMode" : true,
2025-12-23T15:02:51.0260978Z     "builtinExtractorsSpecifyDefaultQueries" : true,
2025-12-23T15:02:51.0261503Z     "bqrsDiffResultSets" : true
2025-12-23T15:02:51.0261857Z   }
2025-12-23T15:02:51.0262099Z }
2025-12-23T15:02:51.0377850Z ##[endgroup]
2025-12-23T15:02:51.0382508Z ##[group]Load language configuration
2025-12-23T15:02:51.0417363Z [command]/opt/hostedtoolcache/CodeQL/2.23.8/x64/codeql/codeql resolve languages --format=betterjson --extractor-options-verbosity=4 --extractor-include-aliases --filter-to-languages-with-queries
2025-12-23T15:02:53.8449667Z {
2025-12-23T15:02:53.8451546Z   "aliases" : {
2025-12-23T15:02:53.8456658Z     "c" : "cpp",
2025-12-23T15:02:53.8457231Z     "c++" : "cpp",
2025-12-23T15:02:53.8457805Z     "c-c++" : "cpp",
2025-12-23T15:02:53.8458491Z     "c-cpp" : "cpp",
2025-12-23T15:02:53.8458971Z     "c#" : "csharp",
2025-12-23T15:02:53.8459427Z     "java-kotlin" : "java",
2025-12-23T15:02:53.8459938Z     "kotlin" : "java",
2025-12-23T15:02:53.8460462Z     "javascript-typescript" : "javascript",
2025-12-23T15:02:53.8461015Z     "typescript" : "javascript"
2025-12-23T15:02:53.8463187Z   },
2025-12-23T15:02:53.8463466Z   "extractors" : {
2025-12-23T15:02:53.8463772Z     "rust" : [
2025-12-23T15:02:53.8464047Z       {
2025-12-23T15:02:53.8464518Z         "extractor_root" : "/opt/hostedtoolcache/CodeQL/2.23.8/x64/codeql/rust",
2025-12-23T15:02:53.8465115Z         "extractor_options" : {
2025-12-23T15:02:53.8465508Z           "trap" : {
2025-12-23T15:02:53.8465878Z             "title" : "Options pertaining to TRAP.",
2025-12-23T15:02:53.8466398Z             "description" : "Options pertaining to TRAP.",
2025-12-23T15:02:53.8466862Z             "type" : "object",
2025-12-23T15:02:53.8467228Z             "properties" : {
2025-12-23T15:02:53.8467585Z               "compression" : {
2025-12-23T15:02:53.8468172Z                 "title" : "Controls compression for the TRAP files written by the extractor.",
2025-12-23T15:02:53.8470029Z                 "description" : "This option is only intended for use in debugging the extractor. Accepted values are 'gzip' (to write gzip-compressed TRAP) 'zstd' (to write Zstandard-compressed TRAP) and 'none' (the default, to write uncompressed TRAP).\n",
2025-12-23T15:02:53.8471521Z                 "type" : "string",
2025-12-23T15:02:53.8471931Z                 "pattern" : "^(none|gzip|zstd)$"
2025-12-23T15:02:53.8472335Z               }
2025-12-23T15:02:53.8472629Z             }
2025-12-23T15:02:53.8472906Z           },
2025-12-23T15:02:53.8473616Z           "cargo_target_dir" : {
2025-12-23T15:02:53.8474090Z             "title" : "Directory to use for cargo output files.",
2025-12-23T15:02:53.8475923Z             "description" : "This value is an optional path to use as `CARGO_TARGET_DIR` for the internal cargo commands the extractor uses. Pointing it to a persistent directory may reduce execution time of consecutive extractor runs. By default, a new scratch directory is used for each run.\n",
2025-12-23T15:02:53.8477614Z             "type" : "string"
2025-12-23T15:02:53.8477964Z           },
2025-12-23T15:02:53.8478464Z           "cargo_target" : {
2025-12-23T15:02:53.8478857Z             "title" : "Target architecture",
2025-12-23T15:02:53.8485003Z             "description" : "Target architecture to use for analysis, analogous to `cargo --target`. By default the host architecture is used.\n",
2025-12-23T15:02:53.8486015Z             "type" : "string"
2025-12-23T15:02:53.8486370Z           },
2025-12-23T15:02:53.8486673Z           "cargo_features" : {
2025-12-23T15:02:53.8487063Z             "title" : "Cargo features to turn on",
2025-12-23T15:02:53.8488973Z             "description" : "Comma-separated list of features to turn on. By default all features are enabled. If any features are specified, then only those features are enabled. The `default` feature must be explicitly specified if only default features are desired. Can be repeated.\n",
2025-12-23T15:02:53.8490666Z             "type" : "array"
2025-12-23T15:02:53.8490997Z           },
2025-12-23T15:02:53.8491292Z           "cargo_cfg_overrides" : {
2025-12-23T15:02:53.8491717Z             "title" : "Cargo cfg overrides",
2025-12-23T15:02:53.8492568Z             "description" : "Comma-separated list of cfg settings to enable, or disable if prefixed with `-`. Can be repeated.\n",
2025-12-23T15:02:53.8493390Z             "type" : "array"
2025-12-23T15:02:53.8493734Z           },
2025-12-23T15:02:53.8494003Z           "logging" : {
2025-12-23T15:02:53.8494629Z             "title" : "Options pertaining to logging.",
2025-12-23T15:02:53.8495154Z             "description" : "Options pertaining to logging.",
2025-12-23T15:02:53.8495624Z             "type" : "object",
2025-12-23T15:02:53.8495973Z             "properties" : {
2025-12-23T15:02:53.8496306Z               "verbosity" : {
2025-12-23T15:02:53.8496713Z                 "title" : "Extractor logging verbosity level.",
2025-12-23T15:02:53.8498414Z                 "description" : "Controls the level of verbosity of the extractor. The supported levels are (in order of increasing verbosity):\n  - off\n  - errors\n  - warnings\n  - info or progress\n  - debug or progress+\n  - trace or progress++\n  - progress+++\n",
2025-12-23T15:02:53.8499893Z                 "type" : "string",
2025-12-23T15:02:53.8500664Z                 "pattern" : "^(off|errors|warnings|(info|progress)|(debug|progress\\+)|(trace|progress\\+\\+)|progress\\+\\+\\+)$"
2025-12-23T15:02:53.8501425Z               },
2025-12-23T15:02:53.8501732Z               "flamegraph" : {
2025-12-23T15:02:53.8502227Z                 "title" : "[Experimental] File path for write flame graph log",
2025-12-23T15:02:53.8503649Z                 "description" : "Collect flame graph data using the `tracing-flame` crate. To render a flame graph or chart, run the `inferno-flamegraph` command. See also: https://crates.io/crates/tracing-flame\n",
2025-12-23T15:02:53.8504891Z                 "type" : "string"
2025-12-23T15:02:53.8505264Z               }
2025-12-23T15:02:53.8505535Z             }
2025-12-23T15:02:53.8505804Z           },
2025-12-23T15:02:53.8506126Z           "extract_dependencies_as_source" : {
2025-12-23T15:02:53.8506632Z             "title" : "Extract dependencies as source code",
2025-12-23T15:02:53.8507461Z             "description" : "Extract the full source code of dependencies instead of only extracting signatures.\n",
2025-12-23T15:02:53.8508435Z             "type" : "string",
2025-12-23T15:02:53.8508930Z             "pattern" : "^(false|true)$"
2025-12-23T15:02:53.8509315Z           }
2025-12-23T15:02:53.8509748Z         }
2025-12-23T15:02:53.8509996Z       }
2025-12-23T15:02:53.8510245Z     ],
2025-12-23T15:02:53.8510491Z     "python" : [
2025-12-23T15:02:53.8510764Z       {
2025-12-23T15:02:53.8511200Z         "extractor_root" : "/opt/hostedtoolcache/CodeQL/2.23.8/x64/codeql/python",
2025-12-23T15:02:53.8511794Z         "extractor_options" : {
2025-12-23T15:02:53.8512137Z           "logging" : {
2025-12-23T15:02:53.8512494Z             "title" : "Options pertaining to logging.",
2025-12-23T15:02:53.8513012Z             "description" : "Options pertaining to logging.",
2025-12-23T15:02:53.8513468Z             "type" : "object",
2025-12-23T15:02:53.8513817Z             "properties" : {
2025-12-23T15:02:53.8514153Z               "verbosity" : {
2025-12-23T15:02:53.8514583Z                 "title" : "Python extractor logging verbosity level.",
2025-12-23T15:02:53.8516202Z                 "description" : "Controls the level of verbosity of the CodeQL Python extractor.\nThe supported levels are (in order of increasing verbosity):\n\n  - off\n  - errors\n  - warnings\n  - info or progress\n  - debug or progress+\n  - trace or progress++\n  - progress+++\n",
2025-12-23T15:02:53.8517728Z                 "type" : "string",
2025-12-23T15:02:53.8518610Z                 "pattern" : "^(off|errors|warnings|(info|progress)|(debug|progress\\+)|(trace|progress\\+\\+)|progress\\+\\+\\+)$"
2025-12-23T15:02:53.8519346Z               }
2025-12-23T15:02:53.8519613Z             }
2025-12-23T15:02:53.8519862Z           },
2025-12-23T15:02:53.8520156Z           "python_executable_name" : {
2025-12-23T15:02:53.8520767Z             "title" : "Controls the name of the Python executable used by the Python extractor.",
2025-12-23T15:02:53.8523109Z             "description" : "The Python extractor uses platform-dependent heuristics to determine the name of the Python executable to use. Specifying a value for this option overrides the name of the Python executable used by the extractor. Accepted values are py, python and python3. Use this setting with caution, the Python extractor requires Python 3 to run.\n",
2025-12-23T15:02:53.8525361Z             "type" : "string",
2025-12-23T15:02:53.8525710Z             "pattern" : "^(py|python|python3)$"
2025-12-23T15:02:53.8525964Z           }
2025-12-23T15:02:53.8526112Z         }
2025-12-23T15:02:53.8526258Z       }
2025-12-23T15:02:53.8526396Z     ],
2025-12-23T15:02:53.8526549Z     "cpp" : [
2025-12-23T15:02:53.8526706Z       {
2025-12-23T15:02:53.8526949Z         "extractor_root" : "/opt/hostedtoolcache/CodeQL/2.23.8/x64/codeql/cpp",
2025-12-23T15:02:53.8527287Z         "extractor_options" : {
2025-12-23T15:02:53.8527498Z           "trap" : {
2025-12-23T15:02:53.8527692Z             "title" : "TRAP options",
2025-12-23T15:02:53.8528004Z             "description" : "Options about how the extractor handles TRAP files",
2025-12-23T15:02:53.8528538Z             "type" : "object",
2025-12-23T15:02:53.8528745Z             "visibility" : 3,
2025-12-23T15:02:53.8528964Z             "properties" : {
2025-12-23T15:02:53.8529166Z               "cache" : {
2025-12-23T15:02:53.8529368Z                 "title" : "TRAP cache options",
2025-12-23T15:02:53.8529706Z                 "description" : "Options about how the extractor handles its TRAP cache",
2025-12-23T15:02:53.8530032Z                 "type" : "object",
2025-12-23T15:02:53.8530243Z                 "properties" : {
2025-12-23T15:02:53.8530440Z                   "dir" : {
2025-12-23T15:02:53.8530653Z                     "title" : "TRAP cache directory",
2025-12-23T15:02:53.8530947Z                     "description" : "The directory of the TRAP cache to use",
2025-12-23T15:02:53.8531237Z                     "type" : "string"
2025-12-23T15:02:53.8531443Z                   },
2025-12-23T15:02:53.8531609Z                   "bound" : {
2025-12-23T15:02:53.8531816Z                     "title" : "TRAP cache bound",
2025-12-23T15:02:53.8532127Z                     "description" : "A soft limit (in MB) on the size of the TRAP cache",
2025-12-23T15:02:53.8532579Z                     "type" : "string",
2025-12-23T15:02:53.8532803Z                     "pattern" : "[0-9]+"
2025-12-23T15:02:53.8533016Z                   },
2025-12-23T15:02:53.8533179Z                   "write" : {
2025-12-23T15:02:53.8533393Z                     "title" : "TRAP cache writeable",
2025-12-23T15:02:53.8533742Z                     "description" : "Whether to write to the TRAP cache as well as reading it",
2025-12-23T15:02:53.8534069Z                     "type" : "string",
2025-12-23T15:02:53.8534309Z                     "pattern" : "(true|TRUE|false|FALSE)"
2025-12-23T15:02:53.8534533Z                   }
2025-12-23T15:02:53.8534693Z                 }
2025-12-23T15:02:53.8534846Z               }
2025-12-23T15:02:53.8535002Z             }
2025-12-23T15:02:53.8535153Z           },
2025-12-23T15:02:53.8535321Z           "scale_timeouts" : {
2025-12-23T15:02:53.8535592Z             "title" : "Value to scale compiler introspection timeouts with",
2025-12-23T15:02:53.8536840Z             "description" : "The extractor attempts to determine what compiler the source code being extracted is compiled with. To this end the extractor makes additional calls to the compiler, some of which are expected to return within a certain fixed time (either 10s or 15s). On some systems that are under high load this time might be too short, and can be scaled up using this option.\n",
2025-12-23T15:02:53.8537990Z             "type" : "string",
2025-12-23T15:02:53.8538189Z             "pattern" : "[0-9]+"
2025-12-23T15:02:53.8538497Z           },
2025-12-23T15:02:53.8538656Z           "log_verbosity" : {
2025-12-23T15:02:53.8538889Z             "title" : "Verbosity of the extractor logging",
2025-12-23T15:02:53.8539412Z             "description" : "Set the verbosity of the extractor logging to 'quiet' (0), 'normal' (1), 'chatty' (2), or 'noisy' (3). The default is 'normal'.\n",
2025-12-23T15:02:53.8539888Z             "type" : "string",
2025-12-23T15:02:53.8540211Z             "pattern" : "[0-3]"
2025-12-23T15:02:53.8540402Z           },
2025-12-23T15:02:53.8540575Z           "frontend_options" : {
2025-12-23T15:02:53.8540808Z             "title" : "C/C++ extractor frontend options",
2025-12-23T15:02:53.8541279Z             "description" : "Set additional options that should be passed to the C/C++ extractor frontend.\n",
2025-12-23T15:02:53.8541677Z             "type" : "array",
2025-12-23T15:02:53.8541878Z             "visibility" : 3
2025-12-23T15:02:53.8542064Z           }
2025-12-23T15:02:53.8542214Z         }
2025-12-23T15:02:53.8542354Z       }
2025-12-23T15:02:53.8542500Z     ],
2025-12-23T15:02:53.8542643Z     "csharp" : [
2025-12-23T15:02:53.8542808Z       {
2025-12-23T15:02:53.8543057Z         "extractor_root" : "/opt/hostedtoolcache/CodeQL/2.23.8/x64/codeql/csharp",
2025-12-23T15:02:53.8543390Z         "extractor_options" : {
2025-12-23T15:02:53.8543585Z           "trap" : {
2025-12-23T15:02:53.8543787Z             "title" : "Options pertaining to TRAP.",
2025-12-23T15:02:53.8544073Z             "description" : "Options pertaining to TRAP.",
2025-12-23T15:02:53.8544321Z             "type" : "object",
2025-12-23T15:02:53.8544521Z             "properties" : {
2025-12-23T15:02:53.8544714Z               "compression" : {
2025-12-23T15:02:53.8545031Z                 "title" : "Controls compression for the TRAP files written by the extractor.",
2025-12-23T15:02:53.8545854Z                 "description" : "This option is only intended for use in debugging the extractor. Accepted values are 'brotli' (the default, to write brotli-compressed TRAP), 'gzip', and 'none' (to write uncompressed TRAP).\n",
2025-12-23T15:02:53.8546554Z                 "type" : "string",
2025-12-23T15:02:53.8546783Z                 "pattern" : "^(none|gzip|brotli)$"
2025-12-23T15:02:53.8547008Z               }
2025-12-23T15:02:53.8547162Z             }
2025-12-23T15:02:53.8547308Z           },
2025-12-23T15:02:53.8547469Z           "buildless" : {
2025-12-23T15:02:53.8547910Z             "title" : "DEPRECATED - Whether to use buildless (standalone) extraction.",
2025-12-23T15:02:53.8549691Z             "description" : "DEPRECATED: Use `--build-mode none` instead.\nA value indicating, which type of extraction the autobuilder should perform. If 'true', then the standalone extractor will be used, otherwise tracing extraction will be performed. The default is 'false'. Note that buildless extraction will generally yield less accurate analysis results, and should only be used in cases where it is not possible to build the code (for example if it uses inaccessible dependencies).\n",
2025-12-23T15:02:53.8551147Z             "type" : "string",
2025-12-23T15:02:53.8551358Z             "pattern" : "^(false|true)$"
2025-12-23T15:02:53.8551574Z           },
2025-12-23T15:02:53.8551731Z           "logging" : {
2025-12-23T15:02:53.8551934Z             "title" : "Options pertaining to logging.",
2025-12-23T15:02:53.8552221Z             "description" : "Options pertaining to logging.",
2025-12-23T15:02:53.8552481Z             "type" : "object",
2025-12-23T15:02:53.8552683Z             "properties" : {
2025-12-23T15:02:53.8552876Z               "verbosity" : {
2025-12-23T15:02:53.8553106Z                 "title" : "Extractor logging verbosity level.",
2025-12-23T15:02:53.8553926Z                 "description" : "Controls the level of verbosity of the extractor. The supported levels are (in order of increasing verbosity):\n  - off\n  - errors\n  - warnings\n  - info or progress\n  - debug or progress+\n  - trace or progress++\n  - progress+++\n",
2025-12-23T15:02:53.8554695Z                 "type" : "string",
2025-12-23T15:02:53.8555113Z                 "pattern" : "^(off|errors|warnings|(info|progress)|(debug|progress\\+)|(trace|progress\\+\\+)|progress\\+\\+\\+)$"
2025-12-23T15:02:53.8555539Z               }
2025-12-23T15:02:53.8555691Z             }
2025-12-23T15:02:53.8555844Z           },
2025-12-23T15:02:53.8556000Z           "binlog" : {
2025-12-23T15:02:53.8556174Z             "title" : "Binlog",
2025-12-23T15:02:53.8556927Z             "description" : "[EXPERIMENTAL] The value is a path to the MsBuild binary log file that should be extracted. This option only works when `--build-mode none` is also specified.\n",
2025-12-23T15:02:53.8557523Z             "type" : "array"
2025-12-23T15:02:53.8557709Z           },
2025-12-23T15:02:53.8557878Z           "buildless_dependency_dir" : {
2025-12-23T15:02:53.8558394Z             "title" : "The path where buildless (standalone) extraction should keep dependencies.",
2025-12-23T15:02:53.8558962Z             "description" : "If set, the buildless (standalone) extractor will store dependencies in this directory.\n",
2025-12-23T15:02:53.8559375Z             "type" : "string"
2025-12-23T15:02:53.8559564Z           }
2025-12-23T15:02:53.8559709Z         }
2025-12-23T15:02:53.8559858Z       }
2025-12-23T15:02:53.8559995Z     ],
2025-12-23T15:02:53.8560144Z     "java" : [
2025-12-23T15:02:53.8560295Z       {
2025-12-23T15:02:53.8560542Z         "extractor_root" : "/opt/hostedtoolcache/CodeQL/2.23.8/x64/codeql/java",
2025-12-23T15:02:53.8560867Z         "extractor_options" : {
2025-12-23T15:02:53.8561069Z           "exclude" : {
2025-12-23T15:02:53.8561280Z             "title" : "A glob excluding files from analysis.",
2025-12-23T15:02:53.8561908Z             "description" : "A glob indicating what files to exclude from the analysis. This accepts glob patterns that are supported by Java's 'getPathMatcher' implementation.\n",
2025-12-23T15:02:53.8562487Z             "type" : "string"
2025-12-23T15:02:53.8562664Z           },
2025-12-23T15:02:53.8562828Z           "add_prefer_source" : {
2025-12-23T15:02:53.8563110Z             "title" : "Whether to always prefer source files over class files.",
2025-12-23T15:02:53.8564087Z             "description" : "A value indicating whether source files should be preferred over class files. If set to 'true', the extraction adds '-Xprefer:source' to the javac command line. If set to 'false', the extraction uses the default javac behavior ('-Xprefer:newer'). The default is 'true'.\n",
2025-12-23T15:02:53.8565093Z             "type" : "string",
2025-12-23T15:02:53.8565297Z             "pattern" : "^(false|true)$"
2025-12-23T15:02:53.8565513Z           },
2025-12-23T15:02:53.8565663Z           "buildless" : {
2025-12-23T15:02:53.8565969Z             "title" : "Whether to use buildless (standalone) extraction (experimental).",
2025-12-23T15:02:53.8567404Z             "description" : "A value indicating, which type of extraction the autobuilder should perform. If 'true', then the standalone extractor will be used, otherwise tracing extraction will be performed. The default is 'false'. Note that buildless extraction will generally yield less accurate analysis results, and should only be used in cases where it is not possible to build the code (for example if it uses inaccessible dependencies).\n",
2025-12-23T15:02:53.8568815Z             "type" : "string",
2025-12-23T15:02:53.8569029Z             "pattern" : "^(false|true)$"
2025-12-23T15:02:53.8569246Z           },
2025-12-23T15:02:53.8569425Z           "buildless_dependency_dir" : {
2025-12-23T15:02:53.8569785Z             "title" : "The path where buildless (standalone) extraction should keep dependencies.",
2025-12-23T15:02:53.8570336Z             "description" : "If set, the buildless (standalone) extractor will store dependencies in this directory.\n",
2025-12-23T15:02:53.8570751Z             "type" : "string"
2025-12-23T15:02:53.8570935Z           },
2025-12-23T15:02:53.8571108Z           "minimize_dependency_jars" : {
2025-12-23T15:02:53.8571469Z             "title" : "Whether to rewrite and minimize downloaded JAR dependencies (experimental).",
2025-12-23T15:02:53.8572189Z             "description" : "If 'true', JAR dependencies downloaded during extraction will be rewritten to remove unneeded data, such as method bodies. The default is 'false'.\n",
2025-12-23T15:02:53.8572769Z             "type" : "string",
2025-12-23T15:02:53.8572970Z             "pattern" : "^(false|true)$"
2025-12-23T15:02:53.8573323Z           }
2025-12-23T15:02:53.8573495Z         }
2025-12-23T15:02:53.8573648Z       }
2025-12-23T15:02:53.8573790Z     ],
2025-12-23T15:02:53.8573937Z     "go" : [
2025-12-23T15:02:53.8574080Z       {
2025-12-23T15:02:53.8574325Z         "extractor_root" : "/opt/hostedtoolcache/CodeQL/2.23.8/x64/codeql/go",
2025-12-23T15:02:53.8574642Z         "extractor_options" : {
2025-12-23T15:02:53.8574849Z           "extract_tests" : {
2025-12-23T15:02:53.8575125Z             "title" : "Whether to include Go test files in the CodeQL database.",
2025-12-23T15:02:53.8575682Z             "description" : "A value indicating whether Go test files should be included in the CodeQL database. The default is 'false'.\n",
2025-12-23T15:02:53.8576156Z             "type" : "string",
2025-12-23T15:02:53.8576358Z             "pattern" : "^(false|true)$"
2025-12-23T15:02:53.8576569Z           },
2025-12-23T15:02:53.8576730Z           "extract_vendor_dirs" : {
2025-12-23T15:02:53.8577045Z             "title" : "Whether to include Go vendor directories in the CodeQL database.",
2025-12-23T15:02:53.8577654Z             "description" : "A value indicating whether Go vendor directories should be included in the CodeQL database. The default is 'false'.\n",
2025-12-23T15:02:53.8578155Z             "type" : "string",
2025-12-23T15:02:53.8578558Z             "pattern" : "^(false|true)$"
2025-12-23T15:02:53.8578768Z           }
2025-12-23T15:02:53.8578916Z         }
2025-12-23T15:02:53.8579057Z       }
2025-12-23T15:02:53.8579210Z     ],
2025-12-23T15:02:53.8579357Z     "actions" : [
2025-12-23T15:02:53.8579519Z       {
2025-12-23T15:02:53.8579766Z         "extractor_root" : "/opt/hostedtoolcache/CodeQL/2.23.8/x64/codeql/actions",
2025-12-23T15:02:53.8580098Z         "extractor_options" : {
2025-12-23T15:02:53.8580299Z           "trap" : {
2025-12-23T15:02:53.8580480Z             "title" : "TRAP options",
2025-12-23T15:02:53.8580789Z             "description" : "Options about how the extractor handles TRAP files",
2025-12-23T15:02:53.8581101Z             "type" : "object",
2025-12-23T15:02:53.8581424Z             "visibility" : 3,
2025-12-23T15:02:53.8581626Z             "properties" : {
2025-12-23T15:02:53.8581821Z               "cache" : {
2025-12-23T15:02:53.8582021Z                 "title" : "TRAP cache options",
2025-12-23T15:02:53.8582355Z                 "description" : "Options about how the extractor handles its TRAP cache",
2025-12-23T15:02:53.8582680Z                 "type" : "object",
2025-12-23T15:02:53.8582889Z                 "properties" : {
2025-12-23T15:02:53.8583095Z                   "dir" : {
2025-12-23T15:02:53.8583304Z                     "title" : "TRAP cache directory",
2025-12-23T15:02:53.8583611Z                     "description" : "The directory of the TRAP cache to use",
2025-12-23T15:02:53.8583897Z                     "type" : "string"
2025-12-23T15:02:53.8584105Z                   },
2025-12-23T15:02:53.8584273Z                   "bound" : {
2025-12-23T15:02:53.8584484Z                     "title" : "TRAP cache bound",
2025-12-23T15:02:53.8584810Z                     "description" : "A soft limit (in MB) on the size of the TRAP cache",
2025-12-23T15:02:53.8585150Z                     "type" : "string",
2025-12-23T15:02:53.8585377Z                     "pattern" : "[0-9]+"
2025-12-23T15:02:53.8585583Z                   },
2025-12-23T15:02:53.8585753Z                   "write" : {
2025-12-23T15:02:53.8585957Z                     "title" : "TRAP cache writeable",
2025-12-23T15:02:53.8586304Z                     "description" : "Whether to write to the TRAP cache as well as reading it",
2025-12-23T15:02:53.8586631Z                     "type" : "string",
2025-12-23T15:02:53.8586867Z                     "pattern" : "(true|TRUE|false|FALSE)"
2025-12-23T15:02:53.8587097Z                   }
2025-12-23T15:02:53.8587253Z                 }
2025-12-23T15:02:53.8587411Z               }
2025-12-23T15:02:53.8587559Z             }
2025-12-23T15:02:53.8587711Z           }
2025-12-23T15:02:53.8587855Z         }
2025-12-23T15:02:53.8588120Z       }
2025-12-23T15:02:53.8588349Z     ],
2025-12-23T15:02:53.8588511Z     "javascript" : [
2025-12-23T15:02:53.8588673Z       {
2025-12-23T15:02:53.8588943Z         "extractor_root" : "/opt/hostedtoolcache/CodeQL/2.23.8/x64/codeql/javascript",
2025-12-23T15:02:53.8589282Z         "extractor_options" : {
2025-12-23T15:02:53.8589487Z           "trap" : {
2025-12-23T15:02:53.8589669Z             "title" : "TRAP options",
2025-12-23T15:02:53.8589972Z             "description" : "Options about how the extractor handles TRAP files",
2025-12-23T15:02:53.8590287Z             "type" : "object",
2025-12-23T15:02:53.8590482Z             "visibility" : 3,
2025-12-23T15:02:53.8590681Z             "properties" : {
2025-12-23T15:02:53.8590871Z               "cache" : {
2025-12-23T15:02:53.8591075Z                 "title" : "TRAP cache options",
2025-12-23T15:02:53.8591404Z                 "description" : "Options about how the extractor handles its TRAP cache",
2025-12-23T15:02:53.8591728Z                 "type" : "object",
2025-12-23T15:02:53.8592052Z                 "properties" : {
2025-12-23T15:02:53.8592251Z                   "dir" : {
2025-12-23T15:02:53.8592461Z                     "title" : "TRAP cache directory",
2025-12-23T15:02:53.8592758Z                     "description" : "The directory of the TRAP cache to use",
2025-12-23T15:02:53.8593052Z                     "type" : "string"
2025-12-23T15:02:53.8593250Z                   },
2025-12-23T15:02:53.8593421Z                   "bound" : {
2025-12-23T15:02:53.8593630Z                     "title" : "TRAP cache bound",
2025-12-23T15:02:53.8593937Z                     "description" : "A soft limit (in MB) on the size of the TRAP cache",
2025-12-23T15:02:53.8594248Z                     "type" : "string",
2025-12-23T15:02:53.8594467Z                     "pattern" : "[0-9]+"
2025-12-23T15:02:53.8594682Z                   },
2025-12-23T15:02:53.8594845Z                   "write" : {
2025-12-23T15:02:53.8595058Z                     "title" : "TRAP cache writeable",
2025-12-23T15:02:53.8595594Z                     "description" : "Whether to write to the TRAP cache as well as reading it",
2025-12-23T15:02:53.8595934Z                     "type" : "string",
2025-12-23T15:02:53.8596167Z                     "pattern" : "(true|TRUE|false|FALSE)"
2025-12-23T15:02:53.8596389Z                   }
2025-12-23T15:02:53.8596548Z                 }
2025-12-23T15:02:53.8596699Z               }
2025-12-23T15:02:53.8596852Z             }
2025-12-23T15:02:53.8596997Z           },
2025-12-23T15:02:53.8597159Z           "skip_types" : {
2025-12-23T15:02:53.8597385Z             "title" : "Skip type extraction for TypeScript",
2025-12-23T15:02:53.8597779Z             "description" : "Whether to skip the extraction of types in a TypeScript application",
2025-12-23T15:02:53.8598132Z             "type" : "string",
2025-12-23T15:02:53.8598442Z             "pattern" : "^(false|true)$"
2025-12-23T15:02:53.8598659Z           }
2025-12-23T15:02:53.8598801Z         }
2025-12-23T15:02:53.8598944Z       }
2025-12-23T15:02:53.8599085Z     ],
2025-12-23T15:02:53.8599237Z     "swift" : [
2025-12-23T15:02:53.8599390Z       {
2025-12-23T15:02:53.8599642Z         "extractor_root" : "/opt/hostedtoolcache/CodeQL/2.23.8/x64/codeql/swift"
2025-12-23T15:02:53.8599937Z       }
2025-12-23T15:02:53.8600080Z     ],
2025-12-23T15:02:53.8600219Z     "ruby" : [
2025-12-23T15:02:53.8600374Z       {
2025-12-23T15:02:53.8600611Z         "extractor_root" : "/opt/hostedtoolcache/CodeQL/2.23.8/x64/codeql/ruby",
2025-12-23T15:02:53.8600927Z         "extractor_options" : {
2025-12-23T15:02:53.8601127Z           "trap" : {
2025-12-23T15:02:53.8601325Z             "title" : "Options pertaining to TRAP.",
2025-12-23T15:02:53.8601607Z             "description" : "Options pertaining to TRAP.",
2025-12-23T15:02:53.8601859Z             "type" : "object",
2025-12-23T15:02:53.8602062Z             "properties" : {
2025-12-23T15:02:53.8602255Z               "compression" : {
2025-12-23T15:02:53.8602570Z                 "title" : "Controls compression for the TRAP files written by the extractor.",
2025-12-23T15:02:53.8603777Z                 "description" : "This option is only intended for use in debugging the extractor. Accepted values are 'gzip' (the default, to write gzip-compressed TRAP) 'zstd' (to write Zstandard-compressed TRAP) and 'none' (to write uncompressed TRAP).\n",
2025-12-23T15:02:53.8604563Z                 "type" : "string",
2025-12-23T15:02:53.8604793Z                 "pattern" : "^(none|gzip|zstd)$"
2025-12-23T15:02:53.8605015Z               }
2025-12-23T15:02:53.8605169Z             }
2025-12-23T15:02:53.8605314Z           }
2025-12-23T15:02:53.8605459Z         }
2025-12-23T15:02:53.8605598Z       }
2025-12-23T15:02:53.8605744Z     ]
2025-12-23T15:02:53.8605881Z   }
2025-12-23T15:02:53.8606031Z }
2025-12-23T15:02:53.8717666Z Languages from configuration: actions
2025-12-23T15:02:53.8725957Z [command]/opt/hostedtoolcache/CodeQL/2.23.8/x64/codeql/codeql resolve languages --format=betterjson --extractor-options-verbosity=4 --extractor-include-aliases
2025-12-23T15:02:54.7752080Z {
2025-12-23T15:02:54.7752877Z   "aliases" : {
2025-12-23T15:02:54.7754528Z     "c" : "cpp",
2025-12-23T15:02:54.7767288Z     "c++" : "cpp",
2025-12-23T15:02:54.7767623Z     "c-c++" : "cpp",
2025-12-23T15:02:54.7767955Z     "c-cpp" : "cpp",
2025-12-23T15:02:54.7768416Z     "c#" : "csharp",
2025-12-23T15:02:54.7772795Z     "java-kotlin" : "java",
2025-12-23T15:02:54.7773652Z     "kotlin" : "java",
2025-12-23T15:02:54.7774169Z     "javascript-typescript" : "javascript",
2025-12-23T15:02:54.7774621Z     "typescript" : "javascript"
2025-12-23T15:02:54.7774960Z   },
2025-12-23T15:02:54.7775224Z   "extractors" : {
2025-12-23T15:02:54.7776733Z     "xml" : [
2025-12-23T15:02:54.7777010Z       {
2025-12-23T15:02:54.7777445Z         "extractor_root" : "/opt/hostedtoolcache/CodeQL/2.23.8/x64/codeql/xml"
2025-12-23T15:02:54.7778068Z       }
2025-12-23T15:02:54.7778463Z     ],
2025-12-23T15:02:54.7778726Z     "python" : [
2025-12-23T15:02:54.7779002Z       {
2025-12-23T15:02:54.7779841Z         "extractor_root" : "/opt/hostedtoolcache/CodeQL/2.23.8/x64/codeql/python",
2025-12-23T15:02:54.7780429Z         "extractor_options" : {
2025-12-23T15:02:54.7780780Z           "logging" : {
2025-12-23T15:02:54.7781146Z             "title" : "Options pertaining to logging.",
2025-12-23T15:02:54.7781608Z             "description" : "Options pertaining to logging.",
2025-12-23T15:02:54.7781904Z             "type" : "object",
2025-12-23T15:02:54.7782121Z             "properties" : {
2025-12-23T15:02:54.7782338Z               "verbosity" : {
2025-12-23T15:02:54.7782596Z                 "title" : "Python extractor logging verbosity level.",
2025-12-23T15:02:54.7783535Z                 "description" : "Controls the level of verbosity of the CodeQL Python extractor.\nThe supported levels are (in order of increasing verbosity):\n\n  - off\n  - errors\n  - warnings\n  - info or progress\n  - debug or progress+\n  - trace or progress++\n  - progress+++\n",
2025-12-23T15:02:54.7784411Z                 "type" : "string",
2025-12-23T15:02:54.7784847Z                 "pattern" : "^(off|errors|warnings|(info|progress)|(debug|progress\\+)|(trace|progress\\+\\+)|progress\\+\\+\\+)$"
2025-12-23T15:02:54.7785265Z               }
2025-12-23T15:02:54.7785422Z             }
2025-12-23T15:02:54.7785578Z           },
2025-12-23T15:02:54.7785758Z           "python_executable_name" : {
2025-12-23T15:02:54.7786121Z             "title" : "Controls the name of the Python executable used by the Python extractor.",
2025-12-23T15:02:54.7787381Z             "description" : "The Python extractor uses platform-dependent heuristics to determine the name of the Python executable to use. Specifying a value for this option overrides the name of the Python executable used by the extractor. Accepted values are py, python and python3. Use this setting with caution, the Python extractor requires Python 3 to run.\n",
2025-12-23T15:02:54.7788707Z             "type" : "string",
2025-12-23T15:02:54.7788935Z             "pattern" : "^(py|python|python3)$"
2025-12-23T15:02:54.7789344Z           }
2025-12-23T15:02:54.7789495Z         }
2025-12-23T15:02:54.7789643Z       }
2025-12-23T15:02:54.7789783Z     ],
2025-12-23T15:02:54.7789935Z     "javascript" : [
2025-12-23T15:02:54.7790103Z       {
2025-12-23T15:02:54.7790377Z         "extractor_root" : "/opt/hostedtoolcache/CodeQL/2.23.8/x64/codeql/javascript",
2025-12-23T15:02:54.7790720Z         "extractor_options" : {
2025-12-23T15:02:54.7790925Z           "trap" : {
2025-12-23T15:02:54.7791107Z             "title" : "TRAP options",
2025-12-23T15:02:54.7791426Z             "description" : "Options about how the extractor handles TRAP files",
2025-12-23T15:02:54.7791741Z             "type" : "object",
2025-12-23T15:02:54.7791941Z             "visibility" : 3,
2025-12-23T15:02:54.7792148Z             "properties" : {
2025-12-23T15:02:54.7792339Z               "cache" : {
2025-12-23T15:02:54.7792543Z                 "title" : "TRAP cache options",
2025-12-23T15:02:54.7792881Z                 "description" : "Options about how the extractor handles its TRAP cache",
2025-12-23T15:02:54.7793218Z                 "type" : "object",
2025-12-23T15:02:54.7793431Z                 "properties" : {
2025-12-23T15:02:54.7793635Z                   "dir" : {
2025-12-23T15:02:54.7793850Z                     "title" : "TRAP cache directory",
2025-12-23T15:02:54.7794150Z                     "description" : "The directory of the TRAP cache to use",
2025-12-23T15:02:54.7794440Z                     "type" : "string"
2025-12-23T15:02:54.7794642Z                   },
2025-12-23T15:02:54.7794813Z                   "bound" : {
2025-12-23T15:02:54.7795017Z                     "title" : "TRAP cache bound",
2025-12-23T15:02:54.7795335Z                     "description" : "A soft limit (in MB) on the size of the TRAP cache",
2025-12-23T15:02:54.7795642Z                     "type" : "string",
2025-12-23T15:02:54.7795868Z                     "pattern" : "[0-9]+"
2025-12-23T15:02:54.7796085Z                   },
2025-12-23T15:02:54.7796256Z                   "write" : {
2025-12-23T15:02:54.7796598Z                     "title" : "TRAP cache writeable",
2025-12-23T15:02:54.7796946Z                     "description" : "Whether to write to the TRAP cache as well as reading it",
2025-12-23T15:02:54.7797277Z                     "type" : "string",
2025-12-23T15:02:54.7797512Z                     "pattern" : "(true|TRUE|false|FALSE)"
2025-12-23T15:02:54.7797748Z                   }
2025-12-23T15:02:54.7797903Z                 }
2025-12-23T15:02:54.7798063Z               }
2025-12-23T15:02:54.7798212Z             }
2025-12-23T15:02:54.7798525Z           },
2025-12-23T15:02:54.7798692Z           "skip_types" : {
2025-12-23T15:02:54.7798920Z             "title" : "Skip type extraction for TypeScript",
2025-12-23T15:02:54.7799312Z             "description" : "Whether to skip the extraction of types in a TypeScript application",
2025-12-23T15:02:54.7799671Z             "type" : "string",
2025-12-23T15:02:54.7799880Z             "pattern" : "^(false|true)$"
2025-12-23T15:02:54.7800098Z           }
2025-12-23T15:02:54.7800253Z         }
2025-12-23T15:02:54.7800398Z       }
2025-12-23T15:02:54.7800543Z     ],
2025-12-23T15:02:54.7800698Z     "rust" : [
2025-12-23T15:02:54.7800859Z       {
2025-12-23T15:02:54.7801106Z         "extractor_root" : "/opt/hostedtoolcache/CodeQL/2.23.8/x64/codeql/rust",
2025-12-23T15:02:54.7801427Z         "extractor_options" : {
2025-12-23T15:02:54.7801628Z           "trap" : {
2025-12-23T15:02:54.7801823Z             "title" : "Options pertaining to TRAP.",
2025-12-23T15:02:54.7802102Z             "description" : "Options pertaining to TRAP.",
2025-12-23T15:02:54.7802352Z             "type" : "object",
2025-12-23T15:02:54.7802554Z             "properties" : {
2025-12-23T15:02:54.7802751Z               "compression" : {
2025-12-23T15:02:54.7803070Z                 "title" : "Controls compression for the TRAP files written by the extractor.",
2025-12-23T15:02:54.7803982Z                 "description" : "This option is only intended for use in debugging the extractor. Accepted values are 'gzip' (to write gzip-compressed TRAP) 'zstd' (to write Zstandard-compressed TRAP) and 'none' (the default, to write uncompressed TRAP).\n",
2025-12-23T15:02:54.7804900Z                 "type" : "string",
2025-12-23T15:02:54.7805129Z                 "pattern" : "^(none|gzip|zstd)$"
2025-12-23T15:02:54.7805353Z               }
2025-12-23T15:02:54.7805513Z             }
2025-12-23T15:02:54.7805661Z           },
2025-12-23T15:02:54.7805828Z           "cargo_target_dir" : {
2025-12-23T15:02:54.7806074Z             "title" : "Directory to use for cargo output files.",
2025-12-23T15:02:54.7807566Z             "description" : "This value is an optional path to use as `CARGO_TARGET_DIR` for the internal cargo commands the extractor uses. Pointing it to a persistent directory may reduce execution time of consecutive extractor runs. By default, a new scratch directory is used for each run.\n",
2025-12-23T15:02:54.7808910Z             "type" : "string"
2025-12-23T15:02:54.7809122Z           },
2025-12-23T15:02:54.7809301Z           "cargo_target" : {
2025-12-23T15:02:54.7809517Z             "title" : "Target architecture",
2025-12-23T15:02:54.7810051Z             "description" : "Target architecture to use for analysis, analogous to `cargo --target`. By default the host architecture is used.\n",
2025-12-23T15:02:54.7810959Z             "type" : "string"
2025-12-23T15:02:54.7811308Z           },
2025-12-23T15:02:54.7811620Z           "cargo_features" : {
2025-12-23T15:02:54.7812024Z             "title" : "Cargo features to turn on",
2025-12-23T15:02:54.7813029Z             "description" : "Comma-separated list of features to turn on. By default all features are enabled. If any features are specified, then only those features are enabled. The `default` feature must be explicitly specified if only default features are desired. Can be repeated.\n",
2025-12-23T15:02:54.7813929Z             "type" : "array"
2025-12-23T15:02:54.7814117Z           },
2025-12-23T15:02:54.7814301Z           "cargo_cfg_overrides" : {
2025-12-23T15:02:54.7814709Z             "title" : "Cargo cfg overrides",
2025-12-23T15:02:54.7815191Z             "description" : "Comma-separated list of cfg settings to enable, or disable if prefixed with `-`. Can be repeated.\n",
2025-12-23T15:02:54.7815655Z             "type" : "array"
2025-12-23T15:02:54.7815853Z           },
2025-12-23T15:02:54.7816011Z           "logging" : {
2025-12-23T15:02:54.7816230Z             "title" : "Options pertaining to logging.",
2025-12-23T15:02:54.7816532Z             "description" : "Options pertaining to logging.",
2025-12-23T15:02:54.7816797Z             "type" : "object",
2025-12-23T15:02:54.7817006Z             "properties" : {
2025-12-23T15:02:54.7817205Z               "verbosity" : {
2025-12-23T15:02:54.7817441Z                 "title" : "Extractor logging verbosity level.",
2025-12-23T15:02:54.7818465Z                 "description" : "Controls the level of verbosity of the extractor. The supported levels are (in order of increasing verbosity):\n  - off\n  - errors\n  - warnings\n  - info or progress\n  - debug or progress+\n  - trace or progress++\n  - progress+++\n",
2025-12-23T15:02:54.7819864Z                 "type" : "string",
2025-12-23T15:02:54.7820580Z                 "pattern" : "^(off|errors|warnings|(info|progress)|(debug|progress\\+)|(trace|progress\\+\\+)|progress\\+\\+\\+)$"
2025-12-23T15:02:54.7821295Z               },
2025-12-23T15:02:54.7821604Z               "flamegraph" : {
2025-12-23T15:02:54.7822077Z                 "title" : "[Experimental] File path for write flame graph log",
2025-12-23T15:02:54.7823523Z                 "description" : "Collect flame graph data using the `tracing-flame` crate. To render a flame graph or chart, run the `inferno-flamegraph` command. See also: https://crates.io/crates/tracing-flame\n",
2025-12-23T15:02:54.7824758Z                 "type" : "string"
2025-12-23T15:02:54.7825111Z               }
2025-12-23T15:02:54.7825381Z             }
2025-12-23T15:02:54.7825637Z           },
2025-12-23T15:02:54.7826209Z           "extract_dependencies_as_source" : {
2025-12-23T15:02:54.7826689Z             "title" : "Extract dependencies as source code",
2025-12-23T15:02:54.7827475Z             "description" : "Extract the full source code of dependencies instead of only extracting signatures.\n",
2025-12-23T15:02:54.7828188Z             "type" : "string",
2025-12-23T15:02:54.7828725Z             "pattern" : "^(false|true)$"
2025-12-23T15:02:54.7829087Z           }
2025-12-23T15:02:54.7829331Z         }
2025-12-23T15:02:54.7829570Z       }
2025-12-23T15:02:54.7829822Z     ],
2025-12-23T15:02:54.7830092Z     "csv" : [
2025-12-23T15:02:54.7830369Z       {
2025-12-23T15:02:54.7830819Z         "extractor_root" : "/opt/hostedtoolcache/CodeQL/2.23.8/x64/codeql/csv"
2025-12-23T15:02:54.7831369Z       }
2025-12-23T15:02:54.7831617Z     ],
2025-12-23T15:02:54.7831871Z     "cpp" : [
2025-12-23T15:02:54.7832157Z       {
2025-12-23T15:02:54.7832584Z         "extractor_root" : "/opt/hostedtoolcache/CodeQL/2.23.8/x64/codeql/cpp",
2025-12-23T15:02:54.7833209Z         "extractor_options" : {
2025-12-23T15:02:54.7833581Z           "trap" : {
2025-12-23T15:02:54.7833934Z             "title" : "TRAP options",
2025-12-23T15:02:54.7834515Z             "description" : "Options about how the extractor handles TRAP files",
2025-12-23T15:02:54.7834996Z             "type" : "object",
2025-12-23T15:02:54.7835219Z             "visibility" : 3,
2025-12-23T15:02:54.7835426Z             "properties" : {
2025-12-23T15:02:54.7835628Z               "cache" : {
2025-12-23T15:02:54.7835834Z                 "title" : "TRAP cache options",
2025-12-23T15:02:54.7836181Z                 "description" : "Options about how the extractor handles its TRAP cache",
2025-12-23T15:02:54.7836512Z                 "type" : "object",
2025-12-23T15:02:54.7836734Z                 "properties" : {
2025-12-23T15:02:54.7836947Z                   "dir" : {
2025-12-23T15:02:54.7837158Z                     "title" : "TRAP cache directory",
2025-12-23T15:02:54.7837674Z                     "description" : "The directory of the TRAP cache to use",
2025-12-23T15:02:54.7837984Z                     "type" : "string"
2025-12-23T15:02:54.7838207Z                   },
2025-12-23T15:02:54.7838634Z                   "bound" : {
2025-12-23T15:02:54.7838855Z                     "title" : "TRAP cache bound",
2025-12-23T15:02:54.7839264Z                     "description" : "A soft limit (in MB) on the size of the TRAP cache",
2025-12-23T15:02:54.7839820Z                     "type" : "string",
2025-12-23T15:02:54.7840226Z                     "pattern" : "[0-9]+"
2025-12-23T15:02:54.7840566Z                   },
2025-12-23T15:02:54.7840862Z                   "write" : {
2025-12-23T15:02:54.7841200Z                     "title" : "TRAP cache writeable",
2025-12-23T15:02:54.7841757Z                     "description" : "Whether to write to the TRAP cache as well as reading it",
2025-12-23T15:02:54.7842290Z                     "type" : "string",
2025-12-23T15:02:54.7842688Z                     "pattern" : "(true|TRUE|false|FALSE)"
2025-12-23T15:02:54.7843073Z                   }
2025-12-23T15:02:54.7843334Z                 }
2025-12-23T15:02:54.7843602Z               }
2025-12-23T15:02:54.7843859Z             }
2025-12-23T15:02:54.7844111Z           },
2025-12-23T15:02:54.7844378Z           "scale_timeouts" : {
2025-12-23T15:02:54.7844819Z             "title" : "Value to scale compiler introspection timeouts with",
2025-12-23T15:02:54.7846914Z             "description" : "The extractor attempts to determine what compiler the source code being extracted is compiled with. To this end the extractor makes additional calls to the compiler, some of which are expected to return within a certain fixed time (either 10s or 15s). On some systems that are under high load this time might be too short, and can be scaled up using this option.\n",
2025-12-23T15:02:54.7849042Z             "type" : "string",
2025-12-23T15:02:54.7849366Z             "pattern" : "[0-9]+"
2025-12-23T15:02:54.7849673Z           },
2025-12-23T15:02:54.7850124Z           "log_verbosity" : {
2025-12-23T15:02:54.7850498Z             "title" : "Verbosity of the extractor logging",
2025-12-23T15:02:54.7851341Z             "description" : "Set the verbosity of the extractor logging to 'quiet' (0), 'normal' (1), 'chatty' (2), or 'noisy' (3). The default is 'normal'.\n",
2025-12-23T15:02:54.7852130Z             "type" : "string",
2025-12-23T15:02:54.7852455Z             "pattern" : "[0-3]"
2025-12-23T15:02:54.7852764Z           },
2025-12-23T15:02:54.7853026Z           "frontend_options" : {
2025-12-23T15:02:54.7853413Z             "title" : "C/C++ extractor frontend options",
2025-12-23T15:02:54.7854130Z             "description" : "Set additional options that should be passed to the C/C++ extractor frontend.\n",
2025-12-23T15:02:54.7854811Z             "type" : "array",
2025-12-23T15:02:54.7855138Z             "visibility" : 3
2025-12-23T15:02:54.7855457Z           }
2025-12-23T15:02:54.7855703Z         }
2025-12-23T15:02:54.7855947Z       }
2025-12-23T15:02:54.7856179Z     ],
2025-12-23T15:02:54.7856424Z     "java" : [
2025-12-23T15:02:54.7856693Z       {
2025-12-23T15:02:54.7857086Z         "extractor_root" : "/opt/hostedtoolcache/CodeQL/2.23.8/x64/codeql/java",
2025-12-23T15:02:54.7857604Z         "extractor_options" : {
2025-12-23T15:02:54.7857934Z           "exclude" : {
2025-12-23T15:02:54.7858436Z             "title" : "A glob excluding files from analysis.",
2025-12-23T15:02:54.7859525Z             "description" : "A glob indicating what files to exclude from the analysis. This accepts glob patterns that are supported by Java's 'getPathMatcher' implementation.\n",
2025-12-23T15:02:54.7860525Z             "type" : "string"
2025-12-23T15:02:54.7860829Z           },
2025-12-23T15:02:54.7861101Z           "add_prefer_source" : {
2025-12-23T15:02:54.7861605Z             "title" : "Whether to always prefer source files over class files.",
2025-12-23T15:02:54.7863505Z             "description" : "A value indicating whether source files should be preferred over class files. If set to 'true', the extraction adds '-Xprefer:source' to the javac command line. If set to 'false', the extraction uses the default javac behavior ('-Xprefer:newer'). The default is 'true'.\n",
2025-12-23T15:02:54.7865121Z             "type" : "string",
2025-12-23T15:02:54.7865475Z             "pattern" : "^(false|true)$"
2025-12-23T15:02:54.7865847Z           },
2025-12-23T15:02:54.7866112Z           "buildless" : {
2025-12-23T15:02:54.7866619Z             "title" : "Whether to use buildless (standalone) extraction (experimental).",
2025-12-23T15:02:54.7869264Z             "description" : "A value indicating, which type of extraction the autobuilder should perform. If 'true', then the standalone extractor will be used, otherwise tracing extraction will be performed. The default is 'false'. Note that buildless extraction will generally yield less accurate analysis results, and should only be used in cases where it is not possible to build the code (for example if it uses inaccessible dependencies).\n",
2025-12-23T15:02:54.7871690Z             "type" : "string",
2025-12-23T15:02:54.7872046Z             "pattern" : "^(false|true)$"
2025-12-23T15:02:54.7872413Z           },
2025-12-23T15:02:54.7872703Z           "buildless_dependency_dir" : {
2025-12-23T15:02:54.7873336Z             "title" : "The path where buildless (standalone) extraction should keep dependencies.",
2025-12-23T15:02:54.7874297Z             "description" : "If set, the buildless (standalone) extractor will store dependencies in this directory.\n",
2025-12-23T15:02:54.7875013Z             "type" : "string"
2025-12-23T15:02:54.7875322Z           },
2025-12-23T15:02:54.7875615Z           "minimize_dependency_jars" : {
2025-12-23T15:02:54.7876252Z             "title" : "Whether to rewrite and minimize downloaded JAR dependencies (experimental).",
2025-12-23T15:02:54.7877532Z             "description" : "If 'true', JAR dependencies downloaded during extraction will be rewritten to remove unneeded data, such as method bodies. The default is 'false'.\n",
2025-12-23T15:02:54.7878877Z             "type" : "string",
2025-12-23T15:02:54.7879230Z             "pattern" : "^(false|true)$"
2025-12-23T15:02:54.7879604Z           }
2025-12-23T15:02:54.7879853Z         }
2025-12-23T15:02:54.7880088Z       }
2025-12-23T15:02:54.7880308Z     ],
2025-12-23T15:02:54.7880550Z     "html" : [
2025-12-23T15:02:54.7880803Z       {
2025-12-23T15:02:54.7881199Z         "extractor_root" : "/opt/hostedtoolcache/CodeQL/2.23.8/x64/codeql/html"
2025-12-23T15:02:54.7881693Z       }
2025-12-23T15:02:54.7881931Z     ],
2025-12-23T15:02:54.7882184Z     "yaml" : [
2025-12-23T15:02:54.7882445Z       {
2025-12-23T15:02:54.7882897Z         "extractor_root" : "/opt/hostedtoolcache/CodeQL/2.23.8/x64/codeql/yaml"
2025-12-23T15:02:54.7883423Z       }
2025-12-23T15:02:54.7883669Z     ],
2025-12-23T15:02:54.7883911Z     "swift" : [
2025-12-23T15:02:54.7884178Z       {
2025-12-23T15:02:54.7884592Z         "extractor_root" : "/opt/hostedtoolcache/CodeQL/2.23.8/x64/codeql/swift"
2025-12-23T15:02:54.7885137Z       }
2025-12-23T15:02:54.7885381Z     ],
2025-12-23T15:02:54.7885640Z     "properties" : [
2025-12-23T15:02:54.7885934Z       {
2025-12-23T15:02:54.7886375Z         "extractor_root" : "/opt/hostedtoolcache/CodeQL/2.23.8/x64/codeql/properties"
2025-12-23T15:02:54.7886913Z       }
2025-12-23T15:02:54.7887134Z     ],
2025-12-23T15:02:54.7887373Z     "ruby" : [
2025-12-23T15:02:54.7887627Z       {
2025-12-23T15:02:54.7888049Z         "extractor_root" : "/opt/hostedtoolcache/CodeQL/2.23.8/x64/codeql/ruby",
2025-12-23T15:02:54.7888739Z         "extractor_options" : {
2025-12-23T15:02:54.7889087Z           "trap" : {
2025-12-23T15:02:54.7889431Z             "title" : "Options pertaining to TRAP.",
2025-12-23T15:02:54.7889913Z             "description" : "Options pertaining to TRAP.",
2025-12-23T15:02:54.7890364Z             "type" : "object",
2025-12-23T15:02:54.7890713Z             "properties" : {
2025-12-23T15:02:54.7891069Z               "compression" : {
2025-12-23T15:02:54.7891787Z                 "title" : "Controls compression for the TRAP files written by the extractor.",
2025-12-23T15:02:54.7893462Z                 "description" : "This option is only intended for use in debugging the extractor. Accepted values are 'gzip' (the default, to write gzip-compressed TRAP) 'zstd' (to write Zstandard-compressed TRAP) and 'none' (to write uncompressed TRAP).\n",
2025-12-23T15:02:54.7894882Z                 "type" : "string",
2025-12-23T15:02:54.7895256Z                 "pattern" : "^(none|gzip|zstd)$"
2025-12-23T15:02:54.7895635Z               }
2025-12-23T15:02:54.7895893Z             }
2025-12-23T15:02:54.7896148Z           }
2025-12-23T15:02:54.7896389Z         }
2025-12-23T15:02:54.7896635Z       }
2025-12-23T15:02:54.7896870Z     ],
2025-12-23T15:02:54.7897115Z     "go" : [
2025-12-23T15:02:54.7897363Z       {
2025-12-23T15:02:54.7897760Z         "extractor_root" : "/opt/hostedtoolcache/CodeQL/2.23.8/x64/codeql/go",
2025-12-23T15:02:54.7898437Z         "extractor_options" : {
2025-12-23T15:02:54.7898798Z           "extract_tests" : {
2025-12-23T15:02:54.7899296Z             "title" : "Whether to include Go test files in the CodeQL database.",
2025-12-23T15:02:54.7900291Z             "description" : "A value indicating whether Go test files should be included in the CodeQL database. The default is 'false'.\n",
2025-12-23T15:02:54.7901099Z             "type" : "string",
2025-12-23T15:02:54.7901454Z             "pattern" : "^(false|true)$"
2025-12-23T15:02:54.7901833Z           },
2025-12-23T15:02:54.7902114Z           "extract_vendor_dirs" : {
2025-12-23T15:02:54.7902675Z             "title" : "Whether to include Go vendor directories in the CodeQL database.",
2025-12-23T15:02:54.7903778Z             "description" : "A value indicating whether Go vendor directories should be included in the CodeQL database. The default is 'false'.\n",
2025-12-23T15:02:54.7904675Z             "type" : "string",
2025-12-23T15:02:54.7905035Z             "pattern" : "^(false|true)$"
2025-12-23T15:02:54.7905560Z           }
2025-12-23T15:02:54.7905818Z         }
2025-12-23T15:02:54.7906061Z       }
2025-12-23T15:02:54.7906303Z     ],
2025-12-23T15:02:54.7906548Z     "csharp" : [
2025-12-23T15:02:54.7906831Z       {
2025-12-23T15:02:54.7907266Z         "extractor_root" : "/opt/hostedtoolcache/CodeQL/2.23.8/x64/codeql/csharp",
2025-12-23T15:02:54.7907811Z         "extractor_options" : {
2025-12-23T15:02:54.7908133Z           "trap" : {
2025-12-23T15:02:54.7908585Z             "title" : "Options pertaining to TRAP.",
2025-12-23T15:02:54.7909048Z             "description" : "Options pertaining to TRAP.",
2025-12-23T15:02:54.7909499Z             "type" : "object",
2025-12-23T15:02:54.7909846Z             "properties" : {
2025-12-23T15:02:54.7910188Z               "compression" : {
2025-12-23T15:02:54.7910748Z                 "title" : "Controls compression for the TRAP files written by the extractor.",
2025-12-23T15:02:54.7912243Z                 "description" : "This option is only intended for use in debugging the extractor. Accepted values are 'brotli' (the default, to write brotli-compressed TRAP), 'gzip', and 'none' (to write uncompressed TRAP).\n",
2025-12-23T15:02:54.7913515Z                 "type" : "string",
2025-12-23T15:02:54.7913907Z                 "pattern" : "^(none|gzip|brotli)$"
2025-12-23T15:02:54.7933546Z               }
2025-12-23T15:02:54.7933839Z             }
2025-12-23T15:02:54.7934013Z           },
2025-12-23T15:02:54.7934198Z           "buildless" : {
2025-12-23T15:02:54.7934534Z             "title" : "DEPRECATED - Whether to use buildless (standalone) extraction.",
2025-12-23T15:02:54.7936328Z             "description" : "DEPRECATED: Use `--build-mode none` instead.\nA value indicating, which type of extraction the autobuilder should perform. If 'true', then the standalone extractor will be used, otherwise tracing extraction will be performed. The default is 'false'. Note that buildless extraction will generally yield less accurate analysis results, and should only be used in cases where it is not possible to build the code (for example if it uses inaccessible dependencies).\n",
2025-12-23T15:02:54.7938875Z             "type" : "string",
2025-12-23T15:02:54.7939274Z             "pattern" : "^(false|true)$"
2025-12-23T15:02:54.7939660Z           },
2025-12-23T15:02:54.7939953Z           "logging" : {
2025-12-23T15:02:54.7940356Z             "title" : "Options pertaining to logging.",
2025-12-23T15:02:54.7940899Z             "description" : "Options pertaining to logging.",
2025-12-23T15:02:54.7941377Z             "type" : "object",
2025-12-23T15:02:54.7941718Z             "properties" : {
2025-12-23T15:02:54.7942063Z               "verbosity" : {
2025-12-23T15:02:54.7942476Z                 "title" : "Extractor logging verbosity level.",
2025-12-23T15:02:54.7943910Z                 "description" : "Controls the level of verbosity of the extractor. The supported levels are (in order of increasing verbosity):\n  - off\n  - errors\n  - warnings\n  - info or progress\n  - debug or progress+\n  - trace or progress++\n  - progress+++\n",
2025-12-23T15:02:54.7945317Z                 "type" : "string",
2025-12-23T15:02:54.7946061Z                 "pattern" : "^(off|errors|warnings|(info|progress)|(debug|progress\\+)|(trace|progress\\+\\+)|progress\\+\\+\\+)$"
2025-12-23T15:02:54.7946735Z               }
2025-12-23T15:02:54.7946985Z             }
2025-12-23T15:02:54.7947240Z           },
2025-12-23T15:02:54.7947506Z           "binlog" : {
2025-12-23T15:02:54.7947817Z             "title" : "Binlog",
2025-12-23T15:02:54.7949035Z             "description" : "[EXPERIMENTAL] The value is a path to the MsBuild binary log file that should be extracted. This option only works when `--build-mode none` is also specified.\n",
2025-12-23T15:02:54.7950155Z             "type" : "array"
2025-12-23T15:02:54.7950494Z           },
2025-12-23T15:02:54.7950825Z           "buildless_dependency_dir" : {
2025-12-23T15:02:54.7951477Z             "title" : "The path where buildless (standalone) extraction should keep dependencies.",
2025-12-23T15:02:54.7952783Z             "description" : "If set, the buildless (standalone) extractor will store dependencies in this directory.\n",
2025-12-23T15:02:54.7953567Z             "type" : "string"
2025-12-23T15:02:54.7953908Z           }
2025-12-23T15:02:54.7954178Z         }
2025-12-23T15:02:54.7954416Z       }
2025-12-23T15:02:54.7954674Z     ],
2025-12-23T15:02:54.7954929Z     "actions" : [
2025-12-23T15:02:54.7955233Z       {
2025-12-23T15:02:54.7955716Z         "extractor_root" : "/opt/hostedtoolcache/CodeQL/2.23.8/x64/codeql/actions",
2025-12-23T15:02:54.7956333Z         "extractor_options" : {
2025-12-23T15:02:54.7956681Z           "trap" : {
2025-12-23T15:02:54.7956985Z             "title" : "TRAP options",
2025-12-23T15:02:54.7957551Z             "description" : "Options about how the extractor handles TRAP files",
2025-12-23T15:02:54.7958130Z             "type" : "object",
2025-12-23T15:02:54.7958689Z             "visibility" : 3,
2025-12-23T15:02:54.7959057Z             "properties" : {
2025-12-23T15:02:54.7959432Z               "cache" : {
2025-12-23T15:02:54.7959813Z                 "title" : "TRAP cache options",
2025-12-23T15:02:54.7960448Z                 "description" : "Options about how the extractor handles its TRAP cache",
2025-12-23T15:02:54.7961053Z                 "type" : "object",
2025-12-23T15:02:54.7961453Z                 "properties" : {
2025-12-23T15:02:54.7961824Z                   "dir" : {
2025-12-23T15:02:54.7962200Z                     "title" : "TRAP cache directory",
2025-12-23T15:02:54.7962764Z                     "description" : "The directory of the TRAP cache to use",
2025-12-23T15:02:54.7963312Z                     "type" : "string"
2025-12-23T15:02:54.7963702Z                   },
2025-12-23T15:02:54.7964013Z                   "bound" : {
2025-12-23T15:02:54.7964391Z                     "title" : "TRAP cache bound",
2025-12-23T15:02:54.7964986Z                     "description" : "A soft limit (in MB) on the size of the TRAP cache",
2025-12-23T15:02:54.7965618Z                     "type" : "string",
2025-12-23T15:02:54.7966286Z                     "pattern" : "[0-9]+"
2025-12-23T15:02:54.7966729Z                   },
2025-12-23T15:02:54.7967068Z                   "write" : {
2025-12-23T15:02:54.7967470Z                     "title" : "TRAP cache writeable",
2025-12-23T15:02:54.7968128Z                     "description" : "Whether to write to the TRAP cache as well as reading it",
2025-12-23T15:02:54.7968968Z                     "type" : "string",
2025-12-23T15:02:54.7969416Z                     "pattern" : "(true|TRUE|false|FALSE)"
2025-12-23T15:02:54.7969831Z                   }
2025-12-23T15:02:54.7970138Z                 }
2025-12-23T15:02:54.7970427Z               }
2025-12-23T15:02:54.7970697Z             }
2025-12-23T15:02:54.7970973Z           }
2025-12-23T15:02:54.7971241Z         }
2025-12-23T15:02:54.7971516Z       }
2025-12-23T15:02:54.7971776Z     ]
2025-12-23T15:02:54.7972032Z   }
2025-12-23T15:02:54.7972285Z }
2025-12-23T15:02:54.7972635Z Found 1 languages that support TRAP caching
2025-12-23T15:02:54.7973369Z Looking in Actions cache for TRAP cache with key codeql-trap-1-2.23.8-actions-unknown
2025-12-23T15:02:55.1033734Z No TRAP cache found in Actions cache for actions
2025-12-23T15:02:55.1040833Z Using overlay database mode: none without caching.
2025-12-23T15:02:55.1042801Z ##[endgroup]
2025-12-23T15:02:55.1058014Z While resolving threads, found a cgroup CPUs file with 4 CPUs in /sys/fs/cgroup/cpuset.cpus.effective.
2025-12-23T15:02:55.1063272Z Skipping download of dependency cache for actions as we have no caching configuration for it.
2025-12-23T15:02:55.1074176Z Writing augmented user configuration file to /home/runner/work/_temp/user-config.yaml
2025-12-23T15:02:55.1075808Z ##[group]Augmented user configuration file contents
2025-12-23T15:02:55.1087322Z default-setup:
2025-12-23T15:02:55.1087860Z   org:
2025-12-23T15:02:55.1088169Z     model-packs: []
2025-12-23T15:02:55.1088805Z threat-models: []
2025-12-23T15:02:55.1089113Z query-filters:
2025-12-23T15:02:55.1089708Z   - exclude:
2025-12-23T15:02:55.1090069Z       tags: exclude-from-incremental
2025-12-23T15:02:55.1090366Z 
2025-12-23T15:02:55.1090737Z ##[endgroup]
2025-12-23T15:02:55.1093384Z [command]/opt/hostedtoolcache/CodeQL/2.23.8/x64/codeql/codeql database init --force-overwrite --db-cluster /home/runner/work/_temp/codeql_databases --source-root=/home/runner/work/scratchattach/scratchattach --calculate-language-specific-baseline --extractor-include-aliases --sublanguage-file-coverage --language=actions --codescanning-config=/home/runner/work/_temp/user-config.yaml --build-mode=none
2025-12-23T15:02:57.2681666Z Package install location: /home/runner/.codeql/packages
2025-12-23T15:02:57.2682633Z Nothing downloaded.
2025-12-23T15:02:58.6426364Z Calculating baseline information in /home/runner/work/scratchattach/scratchattach
2025-12-23T15:03:00.3768457Z Running command in /home/runner/work/scratchattach/scratchattach: [/opt/hostedtoolcache/CodeQL/2.23.8/x64/codeql/actions/tools/configure-baseline.sh]
2025-12-23T15:03:00.4209595Z Calculated baseline information for languages: actions, python (1.8s).
2025-12-23T15:03:04.1502701Z Resolving extractor actions.
2025-12-23T15:03:04.1546950Z Successfully loaded extractor GitHub Actions (actions) from /opt/hostedtoolcache/CodeQL/2.23.8/x64/codeql/actions.
2025-12-23T15:03:04.2130552Z Created skeleton CodeQL database at /home/runner/work/_temp/codeql_databases/actions. This in-progress database is ready to be populated by an extractor.
2025-12-23T15:03:04.5332493Z ##[group]Run github/codeql-action/start-proxy@v4
2025-12-23T15:03:04.5332776Z with:
2025-12-23T15:03:04.5332943Z   language: actions
2025-12-23T15:03:04.5333118Z   registry_secrets: []
2025-12-23T15:03:04.5333419Z   token: ***
2025-12-23T15:03:04.5333812Z   matrix: {
  "language": "actions",
  "category": "/language:actions",
  "build-mode": "none",
  "runner": "[\"ubuntu-latest\"]"
}
2025-12-23T15:03:04.5334253Z env:
2025-12-23T15:03:04.5334428Z   CODE_SCANNING_REF: refs/pull/50/head
2025-12-23T15:03:04.5334681Z   CODE_SCANNING_BASE_BRANCH: main
2025-12-23T15:03:04.5334935Z   CODE_SCANNING_IS_ANALYZING_DEFAULT_BRANCH: false
2025-12-23T15:03:04.5335222Z   CODE_SCANNING_IS_STEADY_STATE_DEFAULT_SETUP: true
2025-12-23T15:03:04.5341051Z   CODE_SCANNING_WORKFLOW_FILE: H4sIAAAAAAAA/6RV32/bNhB+919x8AakfZDzsicBBaY4cuLNsFNJQZcVBUFTJ5mLTKr8kVTt8r8PFKVYWuM5Q/1kHj9+vLvv40nQPYYwncsc36+mE2VF4EM/f/sGJTc7u53hAwoz46K2Rs+YzJFoRoXgoiTKCuLw8PQ0kSKEvBF0z9lkguIhnADMN5cxSefRer1cX5EkXryaGAvH+W+GiyiNyUUSrefXr2XaUo1kq6hgu5cYlymJ1tHq7k+3uIwX0e0q+583cE2ooFXz1S1yLKitzH/fmGZxdHlH0izK4udL0zi7vQnBKIvfnfmwSX5frDYfyGK5il+b16NU90UlH0nBq1ahyV9yq50sPl10fwG83pEPwRvHvadG8S+ziorS0tKdfdtClRU6cDo7UKHk/rd0s37ToZUVAtVbXzJAjWrPteZSaH8PAGWmXYJCmncxJoVBYcbBmrJ7WuI4qJFZxU0TtCXrEB4VNzjpSbiwGEgRoFJShVDQSvtNbRQ1WDZ9FgXlVVBQbYYg6GruQQBcsMrmeAgABNB3JOxrGewCMHePVE0I58/Al3Bby6s82MscQxBS4GjTtzGEs49Tu7XC2KCiBrWZfjo7kkrdmJ0UJzN5AfZDiWiDdSdt0JlovkN2L60BhbXU3EjVdJRWOzW7ZpyzDvfrwy+TEcFScMNpxb8i+JE0Ou4tf+5c/rkKPNk5F7zl8cBHbnYHyVqfa66Dey5yHYI7GfTv4xnVd0h7X39v/slL/RpAD+EhOMcaRY6CNQGjbMdF6Q/5vs5QPHAlxR6FgXfv4MwXF+ykNpifDYk+W1TcZTedwk9w6QdMG21A2/4NdO+g4GUIfw+E7AZSoNHYOhwpLFU5DgC4IqrAvT8dwsdXDhovCGlPwdMTfBqQmp1CatrmVC1lt9srnrq0oFbySwOFVKCw5Nq4ejsSnod++7QVtKHKBC34mCMO9IQpzFE4u3XCa2QKjZ5dLbPr2wuSxFfLNEuWcUpuks0fd0NJDo/viGPGtr5BVUi17zztZ63m+nRF3aA+VNN9V/3PfSPer3x25HqTZl0d7mHO2jbMpDWtYO2KOHMNyxgR3GySkwS1VMcJ5hGZx0m2XCznURafomKUMFSGF9wNq6Okt8kqPUVlVaUPBGPBD5NwoFQfdIf+CQAA//+2RVGDAgkAAA==
2025-12-23T15:03:04.5346867Z   CODEQL_ACTION_FEATURE_MULTI_LANGUAGE: false
2025-12-23T15:03:04.5347127Z   CODEQL_ACTION_FEATURE_SANDWICH: false
2025-12-23T15:03:04.5347367Z   CODEQL_ACTION_FEATURE_SARIF_COMBINE: true
2025-12-23T15:03:04.5347620Z   CODEQL_ACTION_FEATURE_WILL_UPLOAD: true
2025-12-23T15:03:04.5347855Z   CODEQL_ACTION_VERSION: 4.31.9
2025-12-23T15:03:04.5348096Z   JOB_RUN_UUID: 92ba10da-7cbf-4623-81e1-021e247712aa
2025-12-23T15:03:04.5348476Z   CODEQL_ACTION_INIT_HAS_RUN: true
2025-12-23T15:03:04.5348790Z   CODEQL_ACTION_ANALYSIS_KEY: dynamic/github-code-scanning/codeql:analyze
2025-12-23T15:03:04.5349329Z   CODEQL_WORKFLOW_STARTED_AT: 2025-12-23T15:02:41.216Z
2025-12-23T15:03:04.5349578Z   CODEQL_RAM: 14581
2025-12-23T15:03:04.5349752Z   CODEQL_THREADS: 4
2025-12-23T15:03:04.5349914Z ##[endgroup]
2025-12-23T15:03:04.6825304Z Using registry_secrets input.
2025-12-23T15:03:04.6826536Z No credentials found, skipping proxy setup.
2025-12-23T15:03:04.6977263Z ##[group]Run github/codeql-action/analyze@v4
2025-12-23T15:03:04.6977533Z with:
2025-12-23T15:03:04.6977715Z   category: /language:actions
2025-12-23T15:03:04.6977926Z   output: ../results
2025-12-23T15:03:04.6978107Z   upload: always
2025-12-23T15:03:04.6978541Z   skip-queries: false
2025-12-23T15:03:04.6978814Z   checkout_path: /home/runner/work/scratchattach/scratchattach
2025-12-23T15:03:04.6979115Z   upload-database: true
2025-12-23T15:03:04.6979320Z   wait-for-processing: true
2025-12-23T15:03:04.6979645Z   token: ***
2025-12-23T15:03:04.6980034Z   matrix: {
  "language": "actions",
  "category": "/language:actions",
  "build-mode": "none",
  "runner": "[\"ubuntu-latest\"]"
}
2025-12-23T15:03:04.6980498Z   expect-error: false
2025-12-23T15:03:04.6980674Z env:
2025-12-23T15:03:04.6980847Z   CODE_SCANNING_REF: refs/pull/50/head
2025-12-23T15:03:04.6981092Z   CODE_SCANNING_BASE_BRANCH: main
2025-12-23T15:03:04.6981346Z   CODE_SCANNING_IS_ANALYZING_DEFAULT_BRANCH: false
2025-12-23T15:03:04.6981663Z   CODE_SCANNING_IS_STEADY_STATE_DEFAULT_SETUP: true
2025-12-23T15:03:04.6987330Z   CODE_SCANNING_WORKFLOW_FILE: H4sIAAAAAAAA/6RV32/bNhB+919x8AakfZDzsicBBaY4cuLNsFNJQZcVBUFTJ5mLTKr8kVTt8r8PFKVYWuM5Q/1kHj9+vLvv40nQPYYwncsc36+mE2VF4EM/f/sGJTc7u53hAwoz46K2Rs+YzJFoRoXgoiTKCuLw8PQ0kSKEvBF0z9lkguIhnADMN5cxSefRer1cX5EkXryaGAvH+W+GiyiNyUUSrefXr2XaUo1kq6hgu5cYlymJ1tHq7k+3uIwX0e0q+583cE2ooFXz1S1yLKitzH/fmGZxdHlH0izK4udL0zi7vQnBKIvfnfmwSX5frDYfyGK5il+b16NU90UlH0nBq1ahyV9yq50sPl10fwG83pEPwRvHvadG8S+ziorS0tKdfdtClRU6cDo7UKHk/rd0s37ToZUVAtVbXzJAjWrPteZSaH8PAGWmXYJCmncxJoVBYcbBmrJ7WuI4qJFZxU0TtCXrEB4VNzjpSbiwGEgRoFJShVDQSvtNbRQ1WDZ9FgXlVVBQbYYg6GruQQBcsMrmeAgABNB3JOxrGewCMHePVE0I58/Al3Bby6s82MscQxBS4GjTtzGEs49Tu7XC2KCiBrWZfjo7kkrdmJ0UJzN5AfZDiWiDdSdt0JlovkN2L60BhbXU3EjVdJRWOzW7ZpyzDvfrwy+TEcFScMNpxb8i+JE0Ou4tf+5c/rkKPNk5F7zl8cBHbnYHyVqfa66Dey5yHYI7GfTv4xnVd0h7X39v/slL/RpAD+EhOMcaRY6CNQGjbMdF6Q/5vs5QPHAlxR6FgXfv4MwXF+ykNpifDYk+W1TcZTedwk9w6QdMG21A2/4NdO+g4GUIfw+E7AZSoNHYOhwpLFU5DgC4IqrAvT8dwsdXDhovCGlPwdMTfBqQmp1CatrmVC1lt9srnrq0oFbySwOFVKCw5Nq4ejsSnod++7QVtKHKBC34mCMO9IQpzFE4u3XCa2QKjZ5dLbPr2wuSxFfLNEuWcUpuks0fd0NJDo/viGPGtr5BVUi17zztZ63m+nRF3aA+VNN9V/3PfSPer3x25HqTZl0d7mHO2jbMpDWtYO2KOHMNyxgR3GySkwS1VMcJ5hGZx0m2XCznURafomKUMFSGF9wNq6Okt8kqPUVlVaUPBGPBD5NwoFQfdIf+CQAA//+2RVGDAgkAAA==
2025-12-23T15:03:04.6993322Z   CODEQL_ACTION_FEATURE_MULTI_LANGUAGE: false
2025-12-23T15:03:04.6993583Z   CODEQL_ACTION_FEATURE_SANDWICH: false
2025-12-23T15:03:04.6993832Z   CODEQL_ACTION_FEATURE_SARIF_COMBINE: true
2025-12-23T15:03:04.6994079Z   CODEQL_ACTION_FEATURE_WILL_UPLOAD: true
2025-12-23T15:03:04.6994323Z   CODEQL_ACTION_VERSION: 4.31.9
2025-12-23T15:03:04.6994572Z   JOB_RUN_UUID: 92ba10da-7cbf-4623-81e1-021e247712aa
2025-12-23T15:03:04.6994839Z   CODEQL_ACTION_INIT_HAS_RUN: true
2025-12-23T15:03:04.6995150Z   CODEQL_ACTION_ANALYSIS_KEY: dynamic/github-code-scanning/codeql:analyze
2025-12-23T15:03:04.6995520Z   CODEQL_WORKFLOW_STARTED_AT: 2025-12-23T15:02:41.216Z
2025-12-23T15:03:04.6995769Z   CODEQL_RAM: 14581
2025-12-23T15:03:04.6995946Z   CODEQL_THREADS: 4
2025-12-23T15:03:04.6996115Z   CODEQL_PROXY_HOST: 
2025-12-23T15:03:04.6996291Z   CODEQL_PROXY_PORT: 
2025-12-23T15:03:04.6996483Z   CODEQL_PROXY_CA_CERTIFICATE: 
2025-12-23T15:03:04.6996683Z   CODEQL_PROXY_URLS: 
2025-12-23T15:03:04.6996859Z ##[endgroup]
2025-12-23T15:03:05.8212334Z While resolving threads, found a cgroup CPUs file with 4 CPUs in /sys/fs/cgroup/cpuset.cpus.effective.
2025-12-23T15:03:05.8250744Z ##[group]Generating diff range extension pack
2025-12-23T15:03:05.8251324Z Calculating diff ranges for main...refs/pull/50/head
2025-12-23T15:03:06.1361003Z Successfully created diff range extension pack at /home/runner/work/_temp/pr-diff-range.
2025-12-23T15:03:06.1362319Z ##[endgroup]
2025-12-23T15:03:06.1391341Z ##[group]Extracting actions
2025-12-23T15:03:06.1395498Z [command]/opt/hostedtoolcache/CodeQL/2.23.8/x64/codeql/codeql database trace-command --use-build-mode --working-dir /home/runner/work/scratchattach/scratchattach /home/runner/work/_temp/codeql_databases/actions
2025-12-23T15:03:06.9272081Z Running command in /home/runner/work/scratchattach/scratchattach: [/opt/hostedtoolcache/CodeQL/2.23.8/x64/codeql/actions/tools/autobuild.sh]
2025-12-23T15:03:06.9455055Z [2025-12-23 15:03:06] [build-stdout] LGTM_INDEX_FILTERS not set. Using the default filters, and passing through to the JavaScript extractor.
2025-12-23T15:03:07.7953138Z [2025-12-23 15:03:07] [build-stdout] Found JavaScript extractor at '/opt/hostedtoolcache/CodeQL/2.23.8/x64/codeql/javascript'.
2025-12-23T15:03:07.7955172Z [2025-12-23 15:03:07] [build-stdout] Running JavaScript autobuilder at '/opt/hostedtoolcache/CodeQL/2.23.8/x64/codeql/javascript/tools/autobuild.sh'.
2025-12-23T15:03:08.8742055Z [2025-12-23 15:03:08] [build-stdout] Parallel extraction with 4 threads.
2025-12-23T15:03:08.9717583Z [2025-12-23 15:03:08] [build-stdout] Extracting /home/runner/work/scratchattach/scratchattach/.github/workflows/action1.yml
2025-12-23T15:03:08.9728868Z [2025-12-23 15:03:08] [build-stdout] Extracting /home/runner/work/scratchattach/scratchattach/.github/workflows/action2.yml
2025-12-23T15:03:08.9731366Z [2025-12-23 15:03:08] [build-stdout] Extracting /home/runner/work/scratchattach/scratchattach/.github/workflows/action3.yml
2025-12-23T15:03:08.9735985Z [2025-12-23 15:03:08] [build-stdout] Extracting /home/runner/work/scratchattach/scratchattach/.github/workflows/action4.yml
2025-12-23T15:03:09.3387961Z [2025-12-23 15:03:09] [build-stdout] Done extracting /home/runner/work/scratchattach/scratchattach/.github/workflows/action1.yml (364 ms)
2025-12-23T15:03:09.3391048Z [2025-12-23 15:03:09] [build-stdout] Done extracting /home/runner/work/scratchattach/scratchattach/.github/workflows/action3.yml (361 ms)
2025-12-23T15:03:09.3402809Z [2025-12-23 15:03:09] [build-stdout] Done extracting /home/runner/work/scratchattach/scratchattach/.github/workflows/action4.yml (367 ms)
2025-12-23T15:03:09.3436052Z [2025-12-23 15:03:09] [build-stdout] Done extracting /home/runner/work/scratchattach/scratchattach/.github/workflows/action2.yml (371 ms)
2025-12-23T15:03:09.3807731Z ##[endgroup]
2025-12-23T15:03:09.3812519Z ##[group]Finalizing actions
2025-12-23T15:03:09.3814469Z [command]/opt/hostedtoolcache/CodeQL/2.23.8/x64/codeql/codeql database finalize --finalize-dataset --threads=4 --ram=14581 /home/runner/work/_temp/codeql_databases/actions
2025-12-23T15:03:10.1597852Z Running TRAP import for CodeQL database at /home/runner/work/_temp/codeql_databases/actions...
2025-12-23T15:03:11.6417928Z Importing TRAP files
2025-12-23T15:03:12.7323330Z Merging relations
2025-12-23T15:03:12.9649664Z Finished writing database (relations: 6.90 KiB; string pool: 2.05 MiB).
2025-12-23T15:03:12.9986974Z TRAP import complete (2.8s).
2025-12-23T15:03:13.3589956Z Finished zipping source archive (3.38 KiB).
2025-12-23T15:03:13.3807310Z ##[endgroup]
2025-12-23T15:03:13.3813182Z ##[group]Running queries for actions
2025-12-23T15:03:13.3815710Z [command]/opt/hostedtoolcache/CodeQL/2.23.8/x64/codeql/codeql database run-queries --ram=14581 --threads=4 --expect-discarded-cache --additional-packs=/home/runner/work/_temp/pr-diff-range --extension-packs=codeql-action/pr-diff-range /home/runner/work/_temp/codeql_databases/actions --min-disk-free=1024 -v
2025-12-23T15:03:14.1146935Z Writing logs to /home/runner/work/_temp/codeql_databases/actions/log/database-run-queries-20251223.150314.112.log.
2025-12-23T15:03:14.1631249Z Stringpool size measured as 2146714
2025-12-23T15:03:14.7647822Z Writing logs to /home/runner/work/_temp/codeql_databases/actions/log/execute-queries-20251223.150314.761.log.
2025-12-23T15:03:15.0730601Z Recording pack reference codeql/actions-queries at /opt/hostedtoolcache/CodeQL/2.23.8/x64/codeql/qlpacks/codeql/actions-queries/0.6.16.
2025-12-23T15:03:17.7761872Z Compiling in 3 threads due to RAM limits.
2025-12-23T15:03:18.3600375Z [1/18] Loaded /opt/hostedtoolcache/CodeQL/2.23.8/x64/codeql/qlpacks/codeql/actions-queries/0.6.16/Security/CWE-312/UnmaskedSecretExposure.qlx.
2025-12-23T15:03:18.3682593Z [2/18] Loaded /opt/hostedtoolcache/CodeQL/2.23.8/x64/codeql/qlpacks/codeql/actions-queries/0.6.16/Security/CWE-312/ExcessiveSecretsExposure.qlx.
2025-12-23T15:03:18.4201581Z [3/18] Loaded /opt/hostedtoolcache/CodeQL/2.23.8/x64/codeql/qlpacks/codeql/actions-queries/0.6.16/Security/CWE-312/SecretsInArtifacts.qlx.
2025-12-23T15:03:18.9844876Z [4/18] Loaded /opt/hostedtoolcache/CodeQL/2.23.8/x64/codeql/qlpacks/codeql/actions-queries/0.6.16/Security/CWE-829/ArtifactPoisoningCritical.qlx.
2025-12-23T15:03:19.0302893Z [5/18] Loaded /opt/hostedtoolcache/CodeQL/2.23.8/x64/codeql/qlpacks/codeql/actions-queries/0.6.16/Security/CWE-829/UntrustedCheckoutHigh.qlx.
2025-12-23T15:03:19.0370330Z [6/18] Loaded /opt/hostedtoolcache/CodeQL/2.23.8/x64/codeql/qlpacks/codeql/actions-queries/0.6.16/Security/CWE-829/UntrustedCheckoutCritical.qlx.
2025-12-23T15:03:19.0537462Z [7/18] Loaded /opt/hostedtoolcache/CodeQL/2.23.8/x64/codeql/qlpacks/codeql/actions-queries/0.6.16/Security/CWE-1395/UseOfKnownVulnerableAction.qlx.
2025-12-23T15:03:19.2540437Z [8/18] Loaded /opt/hostedtoolcache/CodeQL/2.23.8/x64/codeql/qlpacks/codeql/actions-queries/0.6.16/Security/CWE-367/UntrustedCheckoutTOCTOUHigh.qlx.
2025-12-23T15:03:19.2551222Z [9/18] Loaded /opt/hostedtoolcache/CodeQL/2.23.8/x64/codeql/qlpacks/codeql/actions-queries/0.6.16/Security/CWE-367/UntrustedCheckoutTOCTOUCritical.qlx.
2025-12-23T15:03:19.2729075Z [10/18] Loaded /opt/hostedtoolcache/CodeQL/2.23.8/x64/codeql/qlpacks/codeql/actions-queries/0.6.16/Security/CWE-094/CodeInjectionCritical.qlx.
2025-12-23T15:03:19.2980011Z [11/18] Loaded /opt/hostedtoolcache/CodeQL/2.23.8/x64/codeql/qlpacks/codeql/actions-queries/0.6.16/Security/CWE-275/MissingActionsPermissions.qlx.
2025-12-23T15:03:19.5131846Z [12/18] Loaded /opt/hostedtoolcache/CodeQL/2.23.8/x64/codeql/qlpacks/codeql/actions-queries/0.6.16/Security/CWE-285/ImproperAccessControl.qlx.
2025-12-23T15:03:19.6309399Z [13/18] Loaded /opt/hostedtoolcache/CodeQL/2.23.8/x64/codeql/qlpacks/codeql/actions-queries/0.6.16/Security/CWE-077/EnvPathInjectionCritical.qlx.
2025-12-23T15:03:19.6480063Z [14/18] Loaded /opt/hostedtoolcache/CodeQL/2.23.8/x64/codeql/qlpacks/codeql/actions-queries/0.6.16/Security/CWE-077/EnvVarInjectionCritical.qlx.
2025-12-23T15:03:19.7616493Z [15/18] Loaded /opt/hostedtoolcache/CodeQL/2.23.8/x64/codeql/qlpacks/codeql/actions-queries/0.6.16/Security/CWE-349/CachePoisoningViaCodeInjection.qlx.
2025-12-23T15:03:19.7916488Z [16/18] Loaded /opt/hostedtoolcache/CodeQL/2.23.8/x64/codeql/qlpacks/codeql/actions-queries/0.6.16/Diagnostics/SuccessfullyExtractedFiles.qlx.
2025-12-23T15:03:19.8053646Z [17/18] Loaded /opt/hostedtoolcache/CodeQL/2.23.8/x64/codeql/qlpacks/codeql/actions-queries/0.6.16/Security/CWE-349/CachePoisoningViaPoisonableStep.qlx.
2025-12-23T15:03:19.8661170Z [18/18] Loaded /opt/hostedtoolcache/CodeQL/2.23.8/x64/codeql/qlpacks/codeql/actions-queries/0.6.16/Security/CWE-349/CachePoisoningViaDirectCache.qlx.
2025-12-23T15:03:20.1029105Z Starting evaluation of codeql/actions-queries/Diagnostics/SuccessfullyExtractedFiles.ql.
2025-12-23T15:03:20.1039444Z Starting evaluation of codeql/actions-queries/Security/CWE-077/EnvPathInjectionCritical.ql.
2025-12-23T15:03:20.1041354Z Starting evaluation of codeql/actions-queries/Security/CWE-077/EnvVarInjectionCritical.ql.
2025-12-23T15:03:20.1056264Z Starting evaluation of codeql/actions-queries/Security/CWE-094/CodeInjectionCritical.ql.
2025-12-23T15:03:20.1105596Z Starting evaluation of codeql/actions-queries/Security/CWE-1395/UseOfKnownVulnerableAction.ql.
2025-12-23T15:03:20.1124510Z Starting evaluation of codeql/actions-queries/Security/CWE-275/MissingActionsPermissions.ql.
2025-12-23T15:03:20.3580791Z [1/18 eval 242ms] Evaluation done; writing results to codeql/actions-queries/Diagnostics/SuccessfullyExtractedFiles.bqrs.
2025-12-23T15:03:20.3635805Z Starting evaluation of codeql/actions-queries/Security/CWE-285/ImproperAccessControl.ql.
2025-12-23T15:03:20.3640020Z Starting evaluation of codeql/actions-queries/Security/CWE-312/ExcessiveSecretsExposure.ql.
2025-12-23T15:03:20.3650029Z Starting evaluation of codeql/actions-queries/Security/CWE-312/SecretsInArtifacts.ql.
2025-12-23T15:03:20.3695949Z Starting evaluation of codeql/actions-queries/Security/CWE-312/UnmaskedSecretExposure.ql.
2025-12-23T15:03:20.3701208Z Starting evaluation of codeql/actions-queries/Security/CWE-349/CachePoisoningViaCodeInjection.ql.
2025-12-23T15:03:21.1505547Z [2/18 eval 781ms] Evaluation done; writing results to codeql/actions-queries/Security/CWE-312/UnmaskedSecretExposure.bqrs.
2025-12-23T15:03:21.1590334Z [3/18 eval 1s] Evaluation done; writing results to codeql/actions-queries/Security/CWE-1395/UseOfKnownVulnerableAction.bqrs.
2025-12-23T15:03:21.1599581Z [4/18 eval 793ms] Evaluation done; writing results to codeql/actions-queries/Security/CWE-312/ExcessiveSecretsExposure.bqrs.
2025-12-23T15:03:21.3729487Z [5/18 eval 1s] Evaluation done; writing results to codeql/actions-queries/Security/CWE-312/SecretsInArtifacts.bqrs.
2025-12-23T15:03:21.3848441Z [6/18 eval 1s] Evaluation done; writing results to codeql/actions-queries/Security/CWE-285/ImproperAccessControl.bqrs.
2025-12-23T15:03:21.3866178Z Starting evaluation of codeql/actions-queries/Security/CWE-349/CachePoisoningViaDirectCache.ql.
2025-12-23T15:03:21.3876731Z Starting evaluation of codeql/actions-queries/Security/CWE-349/CachePoisoningViaPoisonableStep.ql.
2025-12-23T15:03:21.3893232Z [7/18 eval 1.3s] Evaluation done; writing results to codeql/actions-queries/Security/CWE-275/MissingActionsPermissions.bqrs.
2025-12-23T15:03:21.4269588Z [8/18 eval 37ms] Evaluation done; writing results to codeql/actions-queries/Security/CWE-349/CachePoisoningViaDirectCache.bqrs.
2025-12-23T15:03:21.4310297Z Starting evaluation of codeql/actions-queries/Security/CWE-367/UntrustedCheckoutTOCTOUCritical.ql.
2025-12-23T15:03:21.4413108Z Starting evaluation of codeql/actions-queries/Security/CWE-367/UntrustedCheckoutTOCTOUHigh.ql.
2025-12-23T15:03:21.5355702Z Starting evaluation of codeql/actions-queries/Security/CWE-829/ArtifactPoisoningCritical.ql.
2025-12-23T15:03:21.5505022Z Starting evaluation of codeql/actions-queries/Security/CWE-829/UntrustedCheckoutCritical.ql.
2025-12-23T15:03:21.5518578Z Starting evaluation of codeql/actions-queries/Security/CWE-829/UntrustedCheckoutHigh.ql.
2025-12-23T15:03:21.7466738Z [9/18 eval 1.6s] Evaluation done; writing results to codeql/actions-queries/Security/CWE-094/CodeInjectionCritical.bqrs.
2025-12-23T15:03:21.7564281Z [10/18 eval 1.7s] Evaluation done; writing results to codeql/actions-queries/Security/CWE-077/EnvPathInjectionCritical.bqrs.
2025-12-23T15:03:21.7717218Z [11/18 eval 1.7s] Evaluation done; writing results to codeql/actions-queries/Security/CWE-077/EnvVarInjectionCritical.bqrs.
2025-12-23T15:03:21.8032727Z [12/18 eval 363ms] Evaluation done; writing results to codeql/actions-queries/Security/CWE-367/UntrustedCheckoutTOCTOUHigh.bqrs.
2025-12-23T15:03:21.8209105Z [13/18 eval 380ms] Evaluation done; writing results to codeql/actions-queries/Security/CWE-367/UntrustedCheckoutTOCTOUCritical.bqrs.
2025-12-23T15:03:21.8218995Z [14/18 eval 263ms] Evaluation done; writing results to codeql/actions-queries/Security/CWE-829/UntrustedCheckoutHigh.bqrs.
2025-12-23T15:03:21.8220436Z [15/18 eval 264ms] Evaluation done; writing results to codeql/actions-queries/Security/CWE-829/UntrustedCheckoutCritical.bqrs.
2025-12-23T15:03:21.8221934Z [16/18 eval 425ms] Evaluation done; writing results to codeql/actions-queries/Security/CWE-349/CachePoisoningViaPoisonableStep.bqrs.
2025-12-23T15:03:21.8275647Z [17/18 eval 1.5s] Evaluation done; writing results to codeql/actions-queries/Security/CWE-349/CachePoisoningViaCodeInjection.bqrs.
2025-12-23T15:03:21.8529432Z [18/18 eval 319ms] Evaluation done; writing results to codeql/actions-queries/Security/CWE-829/ArtifactPoisoningCritical.bqrs.
2025-12-23T15:03:21.8541696Z Shutting down query evaluator.
2025-12-23T15:03:21.9072274Z Interpreting code scanning results for actions
2025-12-23T15:03:22.6743855Z Writing logs to /home/runner/work/_temp/codeql_databases/actions/log/database-interpret-results-20251223.150322.671.log.
2025-12-23T15:03:22.8144092Z Recording pack reference codeql/actions-queries at /opt/hostedtoolcache/CodeQL/2.23.8/x64/codeql/qlpacks/codeql/actions-queries/0.6.16.
2025-12-23T15:03:22.8504038Z Resolving extensions
2025-12-23T15:03:23.7231561Z Interpreting /opt/hostedtoolcache/CodeQL/2.23.8/x64/codeql/qlpacks/codeql/actions-queries/0.6.16/Security/CWE-312/UnmaskedSecretExposure.ql...
2025-12-23T15:03:23.7503540Z  ... found results file at /home/runner/work/_temp/codeql_databases/actions/results/codeql/actions-queries/Security/CWE-312/UnmaskedSecretExposure.bqrs.
2025-12-23T15:03:23.7674429Z Interpreting /opt/hostedtoolcache/CodeQL/2.23.8/x64/codeql/qlpacks/codeql/actions-queries/0.6.16/Security/CWE-312/SecretsInArtifacts.ql...
2025-12-23T15:03:23.7810738Z  ... found results file at /home/runner/work/_temp/codeql_databases/actions/results/codeql/actions-queries/Security/CWE-312/SecretsInArtifacts.bqrs.
2025-12-23T15:03:23.7841033Z Interpreting /opt/hostedtoolcache/CodeQL/2.23.8/x64/codeql/qlpacks/codeql/actions-queries/0.6.16/Security/CWE-312/ExcessiveSecretsExposure.ql...
2025-12-23T15:03:23.7914793Z  ... found results file at /home/runner/work/_temp/codeql_databases/actions/results/codeql/actions-queries/Security/CWE-312/ExcessiveSecretsExposure.bqrs.
2025-12-23T15:03:23.7922220Z Interpreting /opt/hostedtoolcache/CodeQL/2.23.8/x64/codeql/qlpacks/codeql/actions-queries/0.6.16/Security/CWE-829/ArtifactPoisoningCritical.ql...
2025-12-23T15:03:23.8012515Z  ... found results file at /home/runner/work/_temp/codeql_databases/actions/results/codeql/actions-queries/Security/CWE-829/ArtifactPoisoningCritical.bqrs.
2025-12-23T15:03:23.8019094Z Interpreting /opt/hostedtoolcache/CodeQL/2.23.8/x64/codeql/qlpacks/codeql/actions-queries/0.6.16/Security/CWE-829/UntrustedCheckoutCritical.ql...
2025-12-23T15:03:23.8169864Z  ... found results file at /home/runner/work/_temp/codeql_databases/actions/results/codeql/actions-queries/Security/CWE-829/UntrustedCheckoutCritical.bqrs.
2025-12-23T15:03:23.8172333Z Interpreting /opt/hostedtoolcache/CodeQL/2.23.8/x64/codeql/qlpacks/codeql/actions-queries/0.6.16/Security/CWE-829/UntrustedCheckoutHigh.ql...
2025-12-23T15:03:23.8234550Z  ... found results file at /home/runner/work/_temp/codeql_databases/actions/results/codeql/actions-queries/Security/CWE-829/UntrustedCheckoutHigh.bqrs.
2025-12-23T15:03:23.8247669Z Interpreting /opt/hostedtoolcache/CodeQL/2.23.8/x64/codeql/qlpacks/codeql/actions-queries/0.6.16/Security/CWE-1395/UseOfKnownVulnerableAction.ql...
2025-12-23T15:03:23.8352468Z  ... found results file at /home/runner/work/_temp/codeql_databases/actions/results/codeql/actions-queries/Security/CWE-1395/UseOfKnownVulnerableAction.bqrs.
2025-12-23T15:03:23.8361072Z Interpreting /opt/hostedtoolcache/CodeQL/2.23.8/x64/codeql/qlpacks/codeql/actions-queries/0.6.16/Security/CWE-094/CodeInjectionCritical.ql...
2025-12-23T15:03:23.8444549Z  ... found results file at /home/runner/work/_temp/codeql_databases/actions/results/codeql/actions-queries/Security/CWE-094/CodeInjectionCritical.bqrs.
2025-12-23T15:03:23.8459681Z Interpreting /opt/hostedtoolcache/CodeQL/2.23.8/x64/codeql/qlpacks/codeql/actions-queries/0.6.16/Security/CWE-367/UntrustedCheckoutTOCTOUCritical.ql...
2025-12-23T15:03:23.8520232Z  ... found results file at /home/runner/work/_temp/codeql_databases/actions/results/codeql/actions-queries/Security/CWE-367/UntrustedCheckoutTOCTOUCritical.bqrs.
2025-12-23T15:03:23.8526912Z Interpreting /opt/hostedtoolcache/CodeQL/2.23.8/x64/codeql/qlpacks/codeql/actions-queries/0.6.16/Security/CWE-367/UntrustedCheckoutTOCTOUHigh.ql...
2025-12-23T15:03:23.8599373Z  ... found results file at /home/runner/work/_temp/codeql_databases/actions/results/codeql/actions-queries/Security/CWE-367/UntrustedCheckoutTOCTOUHigh.bqrs.
2025-12-23T15:03:23.8605467Z Interpreting /opt/hostedtoolcache/CodeQL/2.23.8/x64/codeql/qlpacks/codeql/actions-queries/0.6.16/Security/CWE-275/MissingActionsPermissions.ql...
2025-12-23T15:03:23.8673822Z  ... found results file at /home/runner/work/_temp/codeql_databases/actions/results/codeql/actions-queries/Security/CWE-275/MissingActionsPermissions.bqrs.
2025-12-23T15:03:23.8689660Z Interpreting /opt/hostedtoolcache/CodeQL/2.23.8/x64/codeql/qlpacks/codeql/actions-queries/0.6.16/Security/CWE-077/EnvVarInjectionCritical.ql...
2025-12-23T15:03:23.8748847Z  ... found results file at /home/runner/work/_temp/codeql_databases/actions/results/codeql/actions-queries/Security/CWE-077/EnvVarInjectionCritical.bqrs.
2025-12-23T15:03:23.8755281Z Interpreting /opt/hostedtoolcache/CodeQL/2.23.8/x64/codeql/qlpacks/codeql/actions-queries/0.6.16/Security/CWE-077/EnvPathInjectionCritical.ql...
2025-12-23T15:03:23.8834028Z  ... found results file at /home/runner/work/_temp/codeql_databases/actions/results/codeql/actions-queries/Security/CWE-077/EnvPathInjectionCritical.bqrs.
2025-12-23T15:03:23.8835970Z Interpreting /opt/hostedtoolcache/CodeQL/2.23.8/x64/codeql/qlpacks/codeql/actions-queries/0.6.16/Security/CWE-285/ImproperAccessControl.ql...
2025-12-23T15:03:23.8884109Z  ... found results file at /home/runner/work/_temp/codeql_databases/actions/results/codeql/actions-queries/Security/CWE-285/ImproperAccessControl.bqrs.
2025-12-23T15:03:23.8889691Z Interpreting /opt/hostedtoolcache/CodeQL/2.23.8/x64/codeql/qlpacks/codeql/actions-queries/0.6.16/Security/CWE-349/CachePoisoningViaCodeInjection.ql...
2025-12-23T15:03:23.8949671Z  ... found results file at /home/runner/work/_temp/codeql_databases/actions/results/codeql/actions-queries/Security/CWE-349/CachePoisoningViaCodeInjection.bqrs.
2025-12-23T15:03:23.8982467Z Interpreting /opt/hostedtoolcache/CodeQL/2.23.8/x64/codeql/qlpacks/codeql/actions-queries/0.6.16/Security/CWE-349/CachePoisoningViaPoisonableStep.ql...
2025-12-23T15:03:23.9016737Z  ... found results file at /home/runner/work/_temp/codeql_databases/actions/results/codeql/actions-queries/Security/CWE-349/CachePoisoningViaPoisonableStep.bqrs.
2025-12-23T15:03:23.9021852Z Interpreting /opt/hostedtoolcache/CodeQL/2.23.8/x64/codeql/qlpacks/codeql/actions-queries/0.6.16/Security/CWE-349/CachePoisoningViaDirectCache.ql...
2025-12-23T15:03:23.9096928Z  ... found results file at /home/runner/work/_temp/codeql_databases/actions/results/codeql/actions-queries/Security/CWE-349/CachePoisoningViaDirectCache.bqrs.
2025-12-23T15:03:23.9099022Z Interpreting /opt/hostedtoolcache/CodeQL/2.23.8/x64/codeql/qlpacks/codeql/actions-queries/0.6.16/Diagnostics/SuccessfullyExtractedFiles.ql...
2025-12-23T15:03:23.9155080Z  ... found results file at /home/runner/work/_temp/codeql_databases/actions/results/codeql/actions-queries/Diagnostics/SuccessfullyExtractedFiles.bqrs.
2025-12-23T15:03:24.0487459Z Interpreted problem query "Unmasked Secret Exposure" (actions/unmasked-secret-exposure) at path /home/runner/work/_temp/codeql_databases/actions/results/codeql/actions-queries/Security/CWE-312/UnmaskedSecretExposure.bqrs.
2025-12-23T15:03:24.0490612Z Interpreted problem query "Storage of sensitive information in GitHub Actions artifact" (actions/secrets-in-artifacts) at path /home/runner/work/_temp/codeql_databases/actions/results/codeql/actions-queries/Security/CWE-312/SecretsInArtifacts.bqrs.
2025-12-23T15:03:24.0493526Z Interpreted problem query "Excessive Secrets Exposure" (actions/excessive-secrets-exposure) at path /home/runner/work/_temp/codeql_databases/actions/results/codeql/actions-queries/Security/CWE-312/ExcessiveSecretsExposure.bqrs.
2025-12-23T15:03:24.0498065Z Interpreted pathproblem query "Artifact poisoning" (actions/artifact-poisoning/critical) at path /home/runner/work/_temp/codeql_databases/actions/results/codeql/actions-queries/Security/CWE-829/ArtifactPoisoningCritical.bqrs.
2025-12-23T15:03:24.0504261Z Interpreted pathproblem query "Checkout of untrusted code in a privileged context" (actions/untrusted-checkout/critical) at path /home/runner/work/_temp/codeql_databases/actions/results/codeql/actions-queries/Security/CWE-829/UntrustedCheckoutCritical.bqrs.
2025-12-23T15:03:24.0514821Z Interpreted problem query "Checkout of untrusted code in trusted context" (actions/untrusted-checkout/high) at path /home/runner/work/_temp/codeql_databases/actions/results/codeql/actions-queries/Security/CWE-829/UntrustedCheckoutHigh.bqrs.
2025-12-23T15:03:24.0524812Z Interpreted problem query "Use of a known vulnerable action" (actions/vulnerable-action) at path /home/runner/work/_temp/codeql_databases/actions/results/codeql/actions-queries/Security/CWE-1395/UseOfKnownVulnerableAction.bqrs.
2025-12-23T15:03:24.0540514Z Interpreted pathproblem query "Code injection" (actions/code-injection/critical) at path /home/runner/work/_temp/codeql_databases/actions/results/codeql/actions-queries/Security/CWE-094/CodeInjectionCritical.bqrs.
2025-12-23T15:03:24.0543359Z Interpreted pathproblem query "Untrusted Checkout TOCTOU" (actions/untrusted-checkout-toctou/critical) at path /home/runner/work/_temp/codeql_databases/actions/results/codeql/actions-queries/Security/CWE-367/UntrustedCheckoutTOCTOUCritical.bqrs.
2025-12-23T15:03:24.0546412Z Interpreted problem query "Untrusted Checkout TOCTOU" (actions/untrusted-checkout-toctou/high) at path /home/runner/work/_temp/codeql_databases/actions/results/codeql/actions-queries/Security/CWE-367/UntrustedCheckoutTOCTOUHigh.bqrs.
2025-12-23T15:03:24.0549405Z Interpreted problem query "Workflow does not contain permissions" (actions/missing-workflow-permissions) at path /home/runner/work/_temp/codeql_databases/actions/results/codeql/actions-queries/Security/CWE-275/MissingActionsPermissions.bqrs.
2025-12-23T15:03:24.0582687Z Interpreted pathproblem query "Environment variable built from user-controlled sources" (actions/envvar-injection/critical) at path /home/runner/work/_temp/codeql_databases/actions/results/codeql/actions-queries/Security/CWE-077/EnvVarInjectionCritical.bqrs.
2025-12-23T15:03:24.0585945Z Interpreted pathproblem query "PATH environment variable built from user-controlled sources" (actions/envpath-injection/critical) at path /home/runner/work/_temp/codeql_databases/actions/results/codeql/actions-queries/Security/CWE-077/EnvPathInjectionCritical.bqrs.
2025-12-23T15:03:24.0588990Z Interpreted problem query "Improper Access Control" (actions/improper-access-control) at path /home/runner/work/_temp/codeql_databases/actions/results/codeql/actions-queries/Security/CWE-285/ImproperAccessControl.bqrs.
2025-12-23T15:03:24.0591942Z Interpreted pathproblem query "Cache Poisoning via low-privileged code injection" (actions/cache-poisoning/code-injection) at path /home/runner/work/_temp/codeql_databases/actions/results/codeql/actions-queries/Security/CWE-349/CachePoisoningViaCodeInjection.bqrs.
2025-12-23T15:03:24.0595107Z Interpreted pathproblem query "Cache Poisoning via execution of untrusted code" (actions/cache-poisoning/poisonable-step) at path /home/runner/work/_temp/codeql_databases/actions/results/codeql/actions-queries/Security/CWE-349/CachePoisoningViaPoisonableStep.bqrs.
2025-12-23T15:03:24.0608120Z Interpreted pathproblem query "Cache Poisoning via caching of untrusted files" (actions/cache-poisoning/direct-cache) at path /home/runner/work/_temp/codeql_databases/actions/results/codeql/actions-queries/Security/CWE-349/CachePoisoningViaDirectCache.bqrs.
2025-12-23T15:03:24.0611297Z Interpreted diagnostic query "Extracted files" (actions/diagnostics/successfully-extracted-files) at path /home/runner/work/_temp/codeql_databases/actions/results/codeql/actions-queries/Diagnostics/SuccessfullyExtractedFiles.bqrs.
2025-12-23T15:03:24.0613138Z Reading source archive /home/runner/work/_temp/codeql_databases/actions/src.zip
2025-12-23T15:03:24.2910633Z Interpreting file coverage baseline information
2025-12-23T15:03:24.2913845Z Finished interpreting file coverage baseline information.
2025-12-23T15:03:24.2922532Z Interpreting diagnostic messages...
2025-12-23T15:03:24.3232996Z Found 3 raw diagnostic messages.
2025-12-23T15:03:24.3321029Z Processed diagnostic messages (removed 0 due to limits, created 0 summary diagnostics for status page).
2025-12-23T15:03:24.3343531Z Interpreted diagnostic messages (39ms).
2025-12-23T15:03:24.6578451Z Exporting results to SARIF...
2025-12-23T15:03:24.7832019Z Exported results to SARIF (125ms).
2025-12-23T15:03:24.8127900Z ##[endgroup]
2025-12-23T15:03:24.8129143Z CodeQL scanned 4 out of 4 GitHub Actions files in this invocation. Check the status page for overall coverage information: https://github.com/Boss-1s/scratchattach/security/code-scanning/tools/CodeQL/status/
2025-12-23T15:03:24.8129858Z 
2025-12-23T15:03:24.8139214Z Post-processing sarif files: ["/home/runner/work/scratchattach/results/actions.sarif"]
2025-12-23T15:03:24.8155981Z Adding fingerprints to SARIF file. See https://docs.github.com/en/enterprise-cloud@latest/code-security/code-scanning/integrating-with-code-scanning/sarif-support-for-code-scanning#providing-data-to-track-code-scanning-alerts-across-runs for more information.
2025-12-23T15:03:24.8158098Z ##[group]Uploading code scanning results
2025-12-23T15:03:24.8259349Z Uploading results
2025-12-23T15:03:25.2807350Z Successfully uploaded results
2025-12-23T15:03:25.2808009Z ##[endgroup]
2025-12-23T15:03:25.2819873Z Skipping upload of dependency cache for actions as we have no caching configuration for it.
2025-12-23T15:03:25.2821421Z ##[group]Waiting for processing to finish
2025-12-23T15:03:25.4960444Z Analysis upload status is pending.
2025-12-23T15:03:30.7734364Z Analysis upload status is complete.
2025-12-23T15:03:30.7734924Z ##[endgroup]
2025-12-23T15:03:31.0176034Z Post job cleanup.
2025-12-23T15:03:31.8511787Z Post job cleanup.
2025-12-23T15:03:32.0452210Z Post job cleanup.
2025-12-23T15:03:32.8525178Z CodeQL job status was success.
2025-12-23T15:03:32.8534097Z Sending status report for init-post step.
2025-12-23T15:03:33.2724907Z Status report sent for init-post step.
2025-12-23T15:03:33.3106004Z Post job cleanup.
2025-12-23T15:03:33.4043383Z [command]/usr/bin/git version
2025-12-23T15:03:33.4080892Z git version 2.52.0
2025-12-23T15:03:33.4122863Z Temporarily overriding HOME='/home/runner/work/_temp/19c12d5a-2350-419c-bc12-c3282b6b275e' before making global git config changes
2025-12-23T15:03:33.4124275Z Adding repository directory to the temporary git global config as a safe directory
2025-12-23T15:03:33.4128573Z [command]/usr/bin/git config --global --add safe.directory /home/runner/work/scratchattach/scratchattach
2025-12-23T15:03:33.4163201Z [command]/usr/bin/git config --local --name-only --get-regexp core\.sshCommand
2025-12-23T15:03:33.4194754Z [command]/usr/bin/git submodule foreach --recursive sh -c "git config --local --name-only --get-regexp 'core\.sshCommand' && git config --local --unset-all 'core.sshCommand' || :"
2025-12-23T15:03:33.4469637Z [command]/usr/bin/git config --local --name-only --get-regexp http\.https\:\/\/github\.com\/\.extraheader
2025-12-23T15:03:33.4493424Z http.https://github.com/.extraheader
2025-12-23T15:03:33.4505758Z [command]/usr/bin/git config --local --unset-all http.https://github.com/.extraheader
2025-12-23T15:03:33.4536345Z [command]/usr/bin/git submodule foreach --recursive sh -c "git config --local --name-only --get-regexp 'http\.https\:\/\/github\.com\/\.extraheader' && git config --local --unset-all 'http.https://github.com/.extraheader' || :"
2025-12-23T15:03:33.4760683Z [command]/usr/bin/git config --local --name-only --get-regexp ^includeIf\.gitdir:
2025-12-23T15:03:33.4792769Z [command]/usr/bin/git submodule foreach --recursive git config --local --show-origin --name-only --get-regexp remote.origin.url
2025-12-23T15:03:33.5124578Z Cleaning up orphan processes
