2025-09-01T03:47:04.8360682Z Current runner version: '2.328.0'
2025-09-01T03:47:04.8386048Z ##[group]Runner Image Provisioner
2025-09-01T03:47:04.8386868Z Hosted Compute Agent
2025-09-01T03:47:04.8387395Z Version: 20250829.383
2025-09-01T03:47:04.8388099Z Commit: 27cb235aab5b0e52e153a26cd86b4742e89dac5d
2025-09-01T03:47:04.8388844Z Build Date: 2025-08-29T13:48:48Z
2025-09-01T03:47:04.8389403Z ##[endgroup]
2025-09-01T03:47:04.8390056Z ##[group]Operating System
2025-09-01T03:47:04.8390579Z Ubuntu
2025-09-01T03:47:04.8391042Z 24.04.3
2025-09-01T03:47:04.8391592Z LTS
2025-09-01T03:47:04.8392068Z ##[endgroup]
2025-09-01T03:47:04.8392603Z ##[group]Runner Image
2025-09-01T03:47:04.8393264Z Image: ubuntu-24.04
2025-09-01T03:47:04.8393748Z Version: 20250824.1.0
2025-09-01T03:47:04.8394756Z Included Software: https://github.com/actions/runner-images/blob/ubuntu24/20250824.1/images/ubuntu/Ubuntu2404-Readme.md
2025-09-01T03:47:04.8396660Z Image Release: https://github.com/actions/runner-images/releases/tag/ubuntu24%2F20250824.1
2025-09-01T03:47:04.8397651Z ##[endgroup]
2025-09-01T03:47:04.8398728Z ##[group]GITHUB_TOKEN Permissions
2025-09-01T03:47:04.8400689Z Contents: write
2025-09-01T03:47:04.8401299Z Metadata: read
2025-09-01T03:47:04.8401823Z ##[endgroup]
2025-09-01T03:47:04.8404032Z Secret source: Actions
2025-09-01T03:47:04.8405065Z Prepare workflow directory
2025-09-01T03:47:04.8734178Z Prepare all required actions
2025-09-01T03:47:04.8772893Z Getting action download info
2025-09-01T03:47:05.1863790Z Download action repository 'actions/checkout@v5' (SHA:08c6903cd8c0fde910a37f88322edcfb5dd907a8)
2025-09-01T03:47:05.2655716Z Download action repository 'actions/setup-python@v5.6.0' (SHA:a26af69be951a213d495a4c3e4e4022e16d87065)
2025-09-01T03:47:05.3433539Z Download action repository 'bossOfCode/install-scratchattach@v1.0.3' (SHA:be17a7cf1ecb5a7040eb42ef26c2e1fbe72bb25a)
2025-09-01T03:47:05.9386217Z Complete job name: Run Prioritzing Handler
2025-09-01T03:47:06.0177772Z ##[group]Run actions/checkout@v5
2025-09-01T03:47:06.0179031Z with:
2025-09-01T03:47:06.0179702Z   ref: main
2025-09-01T03:47:06.0180414Z   repository: Boss-1s/scratchattach
2025-09-01T03:47:06.0181585Z   token: ***
2025-09-01T03:47:06.0182261Z   ssh-strict: true
2025-09-01T03:47:06.0182972Z   ssh-user: git
2025-09-01T03:47:06.0183694Z   persist-credentials: true
2025-09-01T03:47:06.0184514Z   clean: true
2025-09-01T03:47:06.0185230Z   sparse-checkout-cone-mode: true
2025-09-01T03:47:06.0186360Z   fetch-depth: 1
2025-09-01T03:47:06.0187092Z   fetch-tags: false
2025-09-01T03:47:06.0187809Z   show-progress: true
2025-09-01T03:47:06.0188573Z   lfs: false
2025-09-01T03:47:06.0189246Z   submodules: false
2025-09-01T03:47:06.0189977Z   set-safe-directory: true
2025-09-01T03:47:06.0191049Z ##[endgroup]
2025-09-01T03:47:06.1107559Z Syncing repository: Boss-1s/scratchattach
2025-09-01T03:47:06.1110232Z ##[group]Getting Git version info
2025-09-01T03:47:06.1111863Z Working directory is '/home/runner/work/scratchattach/scratchattach'
2025-09-01T03:47:06.1113806Z [command]/usr/bin/git version
2025-09-01T03:47:06.1149141Z git version 2.51.0
2025-09-01T03:47:06.1169632Z ##[endgroup]
2025-09-01T03:47:06.1183172Z Temporarily overriding HOME='/home/runner/work/_temp/647fb908-9aad-4421-95df-3d500e2b7729' before making global git config changes
2025-09-01T03:47:06.1186093Z Adding repository directory to the temporary git global config as a safe directory
2025-09-01T03:47:06.1189442Z [command]/usr/bin/git config --global --add safe.directory /home/runner/work/scratchattach/scratchattach
2025-09-01T03:47:06.1224469Z Deleting the contents of '/home/runner/work/scratchattach/scratchattach'
2025-09-01T03:47:06.1227864Z ##[group]Initializing the repository
2025-09-01T03:47:06.1232162Z [command]/usr/bin/git init /home/runner/work/scratchattach/scratchattach
2025-09-01T03:47:06.1312071Z hint: Using 'master' as the name for the initial branch. This default branch name
2025-09-01T03:47:06.1314831Z hint: is subject to change. To configure the initial branch name to use in all
2025-09-01T03:47:06.1317956Z hint: of your new repositories, which will suppress this warning, call:
2025-09-01T03:47:06.1319599Z hint:
2025-09-01T03:47:06.1320480Z hint: 	git config --global init.defaultBranch <name>
2025-09-01T03:47:06.1321544Z hint:
2025-09-01T03:47:06.1322731Z hint: Names commonly chosen instead of 'master' are 'main', 'trunk' and
2025-09-01T03:47:06.1324738Z hint: 'development'. The just-created branch can be renamed via this command:
2025-09-01T03:47:06.1326708Z hint:
2025-09-01T03:47:06.1327772Z hint: 	git branch -m <name>
2025-09-01T03:47:06.1328582Z hint:
2025-09-01T03:47:06.1329683Z hint: Disable this message with "git config set advice.defaultBranchName false"
2025-09-01T03:47:06.1331651Z Initialized empty Git repository in /home/runner/work/scratchattach/scratchattach/.git/
2025-09-01T03:47:06.1334727Z [command]/usr/bin/git remote add origin https://github.com/Boss-1s/scratchattach
2025-09-01T03:47:06.1362409Z ##[endgroup]
2025-09-01T03:47:06.1363697Z ##[group]Disabling automatic garbage collection
2025-09-01T03:47:06.1365227Z [command]/usr/bin/git config --local gc.auto 0
2025-09-01T03:47:06.1393099Z ##[endgroup]
2025-09-01T03:47:06.1394445Z ##[group]Setting up auth
2025-09-01T03:47:06.1398936Z [command]/usr/bin/git config --local --name-only --get-regexp core\.sshCommand
2025-09-01T03:47:06.1429144Z [command]/usr/bin/git submodule foreach --recursive sh -c "git config --local --name-only --get-regexp 'core\.sshCommand' && git config --local --unset-all 'core.sshCommand' || :"
2025-09-01T03:47:06.1735132Z [command]/usr/bin/git config --local --name-only --get-regexp http\.https\:\/\/github\.com\/\.extraheader
2025-09-01T03:47:06.1767082Z [command]/usr/bin/git submodule foreach --recursive sh -c "git config --local --name-only --get-regexp 'http\.https\:\/\/github\.com\/\.extraheader' && git config --local --unset-all 'http.https://github.com/.extraheader' || :"
2025-09-01T03:47:06.1981806Z [command]/usr/bin/git config --local http.https://github.com/.extraheader AUTHORIZATION: basic ***
2025-09-01T03:47:06.2016995Z ##[endgroup]
2025-09-01T03:47:06.2019269Z ##[group]Fetching the repository
2025-09-01T03:47:06.2027690Z [command]/usr/bin/git -c protocol.version=2 fetch --no-tags --prune --no-recurse-submodules --depth=1 origin +refs/heads/main*:refs/remotes/origin/main* +refs/tags/main*:refs/tags/main*
2025-09-01T03:47:06.4968509Z From https://github.com/Boss-1s/scratchattach
2025-09-01T03:47:06.4969896Z  * [new branch]      main       -> origin/main
2025-09-01T03:47:06.4997650Z ##[endgroup]
2025-09-01T03:47:06.4999159Z ##[group]Determining the checkout info
2025-09-01T03:47:06.5003733Z [command]/usr/bin/git branch --list --remote origin/main
2025-09-01T03:47:06.5026888Z   origin/main
2025-09-01T03:47:06.5031547Z ##[endgroup]
2025-09-01T03:47:06.5036756Z [command]/usr/bin/git sparse-checkout disable
2025-09-01T03:47:06.5073119Z [command]/usr/bin/git config --local --unset-all extensions.worktreeConfig
2025-09-01T03:47:06.5099982Z ##[group]Checking out the ref
2025-09-01T03:47:06.5103149Z [command]/usr/bin/git checkout --progress --force -B main refs/remotes/origin/main
2025-09-01T03:47:06.5448798Z Switched to a new branch 'main'
2025-09-01T03:47:06.5451785Z branch 'main' set up to track 'origin/main'.
2025-09-01T03:47:06.5461234Z ##[endgroup]
2025-09-01T03:47:06.5501193Z [command]/usr/bin/git log -1 --format=%H
2025-09-01T03:47:06.5524718Z bebaa4405341f8aacaaefa4d8383532a8a714152
2025-09-01T03:47:06.5754126Z ##[group]Run actions/setup-python@v5.6.0
2025-09-01T03:47:06.5754651Z with:
2025-09-01T03:47:06.5755015Z   python-version: 3.12.5
2025-09-01T03:47:06.5756007Z   check-latest: false
2025-09-01T03:47:06.5756761Z   token: ***
2025-09-01T03:47:06.5757229Z   update-environment: true
2025-09-01T03:47:06.5757664Z   allow-prereleases: false
2025-09-01T03:47:06.5758078Z   freethreaded: false
2025-09-01T03:47:06.5758456Z ##[endgroup]
2025-09-01T03:47:06.7412815Z ##[group]Installed versions
2025-09-01T03:47:06.7435333Z Version 3.12.5 was not found in the local cache
2025-09-01T03:47:07.0752645Z Version 3.12.5 is available for downloading
2025-09-01T03:47:07.0754617Z Download from "https://github.com/actions/python-versions/releases/download/3.12.5-10375840348/python-3.12.5-linux-24.04-x64.tar.gz"
2025-09-01T03:47:07.8311448Z Extract downloaded archive
2025-09-01T03:47:07.8445156Z [command]/usr/bin/tar xz --warning=no-unknown-keyword --overwrite -C /home/runner/work/_temp/bcfedb24-dae1-4650-a451-beb43e0b9fce -f /home/runner/work/_temp/bf00f2fd-2ec9-46bc-ad2e-68ed64e72cf4
2025-09-01T03:47:09.8323216Z Execute installation script
2025-09-01T03:47:09.8409976Z Check if Python hostedtoolcache folder exist...
2025-09-01T03:47:09.8410726Z Create Python 3.12.5 folder
2025-09-01T03:47:09.8433365Z Copy Python binaries to hostedtoolcache folder
2025-09-01T03:47:10.4939489Z Create additional symlinks (Required for the UsePythonVersion Azure Pipelines task and the setup-python GitHub Action)
2025-09-01T03:47:10.4980922Z Upgrading pip...
2025-09-01T03:47:12.5378977Z Looking in links: /tmp/tmpkn7fc_yx
2025-09-01T03:47:12.5383286Z Requirement already satisfied: pip in /opt/hostedtoolcache/Python/3.12.5/x64/lib/python3.12/site-packages (24.2)
2025-09-01T03:47:13.6564464Z Collecting pip
2025-09-01T03:47:13.7026598Z Downloading pip-25.2-py3-none-any.whl.metadata (4.7 kB)
2025-09-01T03:47:13.7150353Z Downloading pip-25.2-py3-none-any.whl (1.8 MB)
2025-09-01T03:47:13.7568215Z ━━━━━━━━━━━━━━━━━━━━━━━━━━━━━━━━━━━━━━━━ 1.8/1.8 MB 74.3 MB/s eta 0:00:00
2025-09-01T03:47:13.7569784Z 
2025-09-01T03:47:13.7764081Z Installing collected packages: pip
2025-09-01T03:47:13.7765308Z Attempting uninstall: pip
2025-09-01T03:47:13.7792974Z Found existing installation: pip 24.2
2025-09-01T03:47:13.8166768Z Uninstalling pip-24.2:
2025-09-01T03:47:13.8222975Z Successfully uninstalled pip-24.2
2025-09-01T03:47:14.6973546Z Successfully installed pip-25.2
2025-09-01T03:47:14.7442578Z Create complete file
2025-09-01T03:47:14.7481912Z Successfully set up CPython (3.12.5)
2025-09-01T03:47:14.7482900Z ##[endgroup]
2025-09-01T03:47:14.7626668Z ##[group]Run bossOfCode/install-scratchattach@v1.0.3
2025-09-01T03:47:14.7627025Z env:
2025-09-01T03:47:14.7627267Z   pythonLocation: /opt/hostedtoolcache/Python/3.12.5/x64
2025-09-01T03:47:14.7627679Z   PKG_CONFIG_PATH: /opt/hostedtoolcache/Python/3.12.5/x64/lib/pkgconfig
2025-09-01T03:47:14.7628069Z   Python_ROOT_DIR: /opt/hostedtoolcache/Python/3.12.5/x64
2025-09-01T03:47:14.7628431Z   Python2_ROOT_DIR: /opt/hostedtoolcache/Python/3.12.5/x64
2025-09-01T03:47:14.7628774Z   Python3_ROOT_DIR: /opt/hostedtoolcache/Python/3.12.5/x64
2025-09-01T03:47:14.7629136Z   LD_LIBRARY_PATH: /opt/hostedtoolcache/Python/3.12.5/x64/lib
2025-09-01T03:47:14.7629428Z ##[endgroup]
2025-09-01T03:47:14.7705323Z ##[group]Run python3 -m pip install --upgrade pip
2025-09-01T03:47:14.7705946Z [36;1mpython3 -m pip install --upgrade pip[0m
2025-09-01T03:47:14.7760861Z shell: /usr/bin/bash --noprofile --norc -e -o pipefail {0}
2025-09-01T03:47:14.7761200Z env:
2025-09-01T03:47:14.7761542Z   pythonLocation: /opt/hostedtoolcache/Python/3.12.5/x64
2025-09-01T03:47:14.7761944Z   PKG_CONFIG_PATH: /opt/hostedtoolcache/Python/3.12.5/x64/lib/pkgconfig
2025-09-01T03:47:14.7762337Z   Python_ROOT_DIR: /opt/hostedtoolcache/Python/3.12.5/x64
2025-09-01T03:47:14.7762677Z   Python2_ROOT_DIR: /opt/hostedtoolcache/Python/3.12.5/x64
2025-09-01T03:47:14.7763024Z   Python3_ROOT_DIR: /opt/hostedtoolcache/Python/3.12.5/x64
2025-09-01T03:47:14.7763369Z   LD_LIBRARY_PATH: /opt/hostedtoolcache/Python/3.12.5/x64/lib
2025-09-01T03:47:14.7763661Z ##[endgroup]
2025-09-01T03:47:15.1743800Z Requirement already satisfied: pip in /opt/hostedtoolcache/Python/3.12.5/x64/lib/python3.12/site-packages (25.2)
2025-09-01T03:47:15.3720746Z ##[group]Run pip install -U scratchattach
2025-09-01T03:47:15.3721071Z [36;1mpip install -U scratchattach[0m
2025-09-01T03:47:15.3752352Z shell: /usr/bin/bash --noprofile --norc -e -o pipefail {0}
2025-09-01T03:47:15.3752683Z env:
2025-09-01T03:47:15.3752941Z   pythonLocation: /opt/hostedtoolcache/Python/3.12.5/x64
2025-09-01T03:47:15.3753347Z   PKG_CONFIG_PATH: /opt/hostedtoolcache/Python/3.12.5/x64/lib/pkgconfig
2025-09-01T03:47:15.3753924Z   Python_ROOT_DIR: /opt/hostedtoolcache/Python/3.12.5/x64
2025-09-01T03:47:15.3754271Z   Python2_ROOT_DIR: /opt/hostedtoolcache/Python/3.12.5/x64
2025-09-01T03:47:15.3754618Z   Python3_ROOT_DIR: /opt/hostedtoolcache/Python/3.12.5/x64
2025-09-01T03:47:15.3754961Z   LD_LIBRARY_PATH: /opt/hostedtoolcache/Python/3.12.5/x64/lib
2025-09-01T03:47:15.3755246Z ##[endgroup]
2025-09-01T03:47:15.8534200Z Collecting scratchattach
2025-09-01T03:47:15.9055077Z   Downloading scratchattach-2.1.13-py3-none-any.whl.metadata (5.5 kB)
2025-09-01T03:47:15.9324738Z Collecting websocket-client (from scratchattach)
2025-09-01T03:47:15.9397561Z   Downloading websocket_client-1.8.0-py3-none-any.whl.metadata (8.0 kB)
2025-09-01T03:47:15.9753715Z Collecting requests (from scratchattach)
2025-09-01T03:47:15.9825065Z   Downloading requests-2.32.5-py3-none-any.whl.metadata (4.9 kB)
2025-09-01T03:47:15.9983184Z Collecting bs4 (from scratchattach)
2025-09-01T03:47:16.0052800Z   Downloading bs4-0.0.2-py2.py3-none-any.whl.metadata (411 bytes)
2025-09-01T03:47:16.0221119Z Collecting SimpleWebSocketServer (from scratchattach)
2025-09-01T03:47:16.0306453Z   Downloading SimpleWebSocketServer-0.1.2.tar.gz (10 kB)
2025-09-01T03:47:16.0408001Z   Installing build dependencies: started
2025-09-01T03:47:16.9189135Z   Installing build dependencies: finished with status 'done'
2025-09-01T03:47:16.9195226Z   Getting requirements to build wheel: started
2025-09-01T03:47:17.2729702Z   Getting requirements to build wheel: finished with status 'done'
2025-09-01T03:47:17.2737815Z   Preparing metadata (pyproject.toml): started
2025-09-01T03:47:17.4599940Z   Preparing metadata (pyproject.toml): finished with status 'done'
2025-09-01T03:47:17.4816158Z Collecting typing-extensions (from scratchattach)
2025-09-01T03:47:17.4893093Z   Downloading typing_extensions-4.15.0-py3-none-any.whl.metadata (3.3 kB)
2025-09-01T03:47:17.5152110Z Collecting beautifulsoup4 (from bs4->scratchattach)
2025-09-01T03:47:17.5227749Z   Downloading beautifulsoup4-4.13.5-py3-none-any.whl.metadata (3.8 kB)
2025-09-01T03:47:17.5478958Z Collecting soupsieve>1.2 (from beautifulsoup4->bs4->scratchattach)
2025-09-01T03:47:17.5557743Z   Downloading soupsieve-2.8-py3-none-any.whl.metadata (4.6 kB)
2025-09-01T03:47:17.6669542Z Collecting charset_normalizer<4,>=2 (from requests->scratchattach)
2025-09-01T03:47:17.6744748Z   Downloading charset_normalizer-3.4.3-cp312-cp312-manylinux2014_x86_64.manylinux_2_17_x86_64.manylinux_2_28_x86_64.whl.metadata (36 kB)
2025-09-01T03:47:17.7024271Z Collecting idna<4,>=2.5 (from requests->scratchattach)
2025-09-01T03:47:17.7096318Z   Downloading idna-3.10-py3-none-any.whl.metadata (10 kB)
2025-09-01T03:47:17.7478507Z Collecting urllib3<3,>=1.21.1 (from requests->scratchattach)
2025-09-01T03:47:17.7554322Z   Downloading urllib3-2.5.0-py3-none-any.whl.metadata (6.5 kB)
2025-09-01T03:47:17.7849479Z Collecting certifi>=2017.4.17 (from requests->scratchattach)
2025-09-01T03:47:17.7925912Z   Downloading certifi-2025.8.3-py3-none-any.whl.metadata (2.4 kB)
2025-09-01T03:47:17.8083884Z Downloading scratchattach-2.1.13-py3-none-any.whl (141 kB)
2025-09-01T03:47:17.8242166Z Downloading bs4-0.0.2-py2.py3-none-any.whl (1.2 kB)
2025-09-01T03:47:17.8335264Z Downloading beautifulsoup4-4.13.5-py3-none-any.whl (105 kB)
2025-09-01T03:47:17.8437796Z Downloading soupsieve-2.8-py3-none-any.whl (36 kB)
2025-09-01T03:47:17.8571559Z Downloading typing_extensions-4.15.0-py3-none-any.whl (44 kB)
2025-09-01T03:47:17.8673544Z Downloading requests-2.32.5-py3-none-any.whl (64 kB)
2025-09-01T03:47:17.8778574Z Downloading charset_normalizer-3.4.3-cp312-cp312-manylinux2014_x86_64.manylinux_2_17_x86_64.manylinux_2_28_x86_64.whl (151 kB)
2025-09-01T03:47:17.8887658Z Downloading idna-3.10-py3-none-any.whl (70 kB)
2025-09-01T03:47:17.8983978Z Downloading urllib3-2.5.0-py3-none-any.whl (129 kB)
2025-09-01T03:47:17.9091693Z Downloading certifi-2025.8.3-py3-none-any.whl (161 kB)
2025-09-01T03:47:17.9199045Z Downloading websocket_client-1.8.0-py3-none-any.whl (58 kB)
2025-09-01T03:47:17.9341406Z Building wheels for collected packages: SimpleWebSocketServer
2025-09-01T03:47:17.9350423Z   Building wheel for SimpleWebSocketServer (pyproject.toml): started
2025-09-01T03:47:18.1559878Z   Building wheel for SimpleWebSocketServer (pyproject.toml): finished with status 'done'
2025-09-01T03:47:18.1566245Z   Created wheel for SimpleWebSocketServer: filename=simplewebsocketserver-0.1.2-py3-none-any.whl size=9715 sha256=1ff2dea2338078941e555e4cdf22de34e77e38345b989aab8227e654aaa87457
2025-09-01T03:47:18.1567699Z   Stored in directory: /home/runner/.cache/pip/wheels/81/fd/d8/f145b47bedceb5dff96b76e404a4ee9be956a4f8f150cd8133
2025-09-01T03:47:18.1585359Z Successfully built SimpleWebSocketServer
2025-09-01T03:47:18.1757021Z Installing collected packages: SimpleWebSocketServer, websocket-client, urllib3, typing-extensions, soupsieve, idna, charset_normalizer, certifi, requests, beautifulsoup4, bs4, scratchattach
2025-09-01T03:47:18.7616020Z 
2025-09-01T03:47:18.7636267Z Successfully installed SimpleWebSocketServer-0.1.2 beautifulsoup4-4.13.5 bs4-0.0.2 certifi-2025.8.3 charset_normalizer-3.4.3 idna-3.10 requests-2.32.5 scratchattach-2.1.13 soupsieve-2.8 typing-extensions-4.15.0 urllib3-2.5.0 websocket-client-1.8.0
2025-09-01T03:47:18.8419252Z ##[group]Run actions/checkout@v5
2025-09-01T03:47:18.8419496Z with:
2025-09-01T03:47:18.8419662Z   ref: main
2025-09-01T03:47:18.8419853Z   repository: Boss-1s/scratchattach
2025-09-01T03:47:18.8420206Z   token: ***
2025-09-01T03:47:18.8420386Z   ssh-strict: true
2025-09-01T03:47:18.8420565Z   ssh-user: git
2025-09-01T03:47:18.8420753Z   persist-credentials: true
2025-09-01T03:47:18.8420969Z   clean: true
2025-09-01T03:47:18.8421154Z   sparse-checkout-cone-mode: true
2025-09-01T03:47:18.8421381Z   fetch-depth: 1
2025-09-01T03:47:18.8421559Z   fetch-tags: false
2025-09-01T03:47:18.8421738Z   show-progress: true
2025-09-01T03:47:18.8421932Z   lfs: false
2025-09-01T03:47:18.8422125Z   submodules: false
2025-09-01T03:47:18.8422315Z   set-safe-directory: true
2025-09-01T03:47:18.8422528Z env:
2025-09-01T03:47:18.8422744Z   pythonLocation: /opt/hostedtoolcache/Python/3.12.5/x64
2025-09-01T03:47:18.8423125Z   PKG_CONFIG_PATH: /opt/hostedtoolcache/Python/3.12.5/x64/lib/pkgconfig
2025-09-01T03:47:18.8423519Z   Python_ROOT_DIR: /opt/hostedtoolcache/Python/3.12.5/x64
2025-09-01T03:47:18.8423852Z   Python2_ROOT_DIR: /opt/hostedtoolcache/Python/3.12.5/x64
2025-09-01T03:47:18.8424179Z   Python3_ROOT_DIR: /opt/hostedtoolcache/Python/3.12.5/x64
2025-09-01T03:47:18.8424508Z   LD_LIBRARY_PATH: /opt/hostedtoolcache/Python/3.12.5/x64/lib
2025-09-01T03:47:18.8424792Z ##[endgroup]
2025-09-01T03:47:18.9205937Z Syncing repository: Boss-1s/scratchattach
2025-09-01T03:47:18.9207171Z ##[group]Getting Git version info
2025-09-01T03:47:18.9207835Z Working directory is '/home/runner/work/scratchattach/scratchattach'
2025-09-01T03:47:18.9241328Z [command]/usr/bin/git version
2025-09-01T03:47:18.9279472Z git version 2.51.0
2025-09-01T03:47:18.9299413Z ##[endgroup]
2025-09-01T03:47:18.9312338Z Temporarily overriding HOME='/home/runner/work/_temp/7ee0ad8b-60d8-455a-b999-a9875e866bae' before making global git config changes
2025-09-01T03:47:18.9313223Z Adding repository directory to the temporary git global config as a safe directory
2025-09-01T03:47:18.9317610Z [command]/usr/bin/git config --global --add safe.directory /home/runner/work/scratchattach/scratchattach
2025-09-01T03:47:18.9354385Z [command]/usr/bin/git config --local --get remote.origin.url
2025-09-01T03:47:18.9374929Z https://github.com/Boss-1s/scratchattach
2025-09-01T03:47:18.9387852Z ##[group]Removing previously created refs, to avoid conflicts
2025-09-01T03:47:18.9391739Z [command]/usr/bin/git rev-parse --symbolic-full-name --verify --quiet HEAD
2025-09-01T03:47:18.9412162Z refs/heads/main
2025-09-01T03:47:18.9422622Z [command]/usr/bin/git checkout --detach
2025-09-01T03:47:18.9669921Z HEAD is now at bebaa44 [BOT] Download Logs
2025-09-01T03:47:18.9712715Z [command]/usr/bin/git branch --delete --force main
2025-09-01T03:47:18.9737759Z Deleted branch main (was bebaa44).
2025-09-01T03:47:18.9772792Z ##[endgroup]
2025-09-01T03:47:18.9776812Z [command]/usr/bin/git submodule status
2025-09-01T03:47:19.0001342Z ##[group]Cleaning the repository
2025-09-01T03:47:19.0005878Z [command]/usr/bin/git clean -ffdx
2025-09-01T03:47:19.0038462Z [command]/usr/bin/git reset --hard HEAD
2025-09-01T03:47:19.0071499Z HEAD is now at bebaa44 [BOT] Download Logs
2025-09-01T03:47:19.0076776Z ##[endgroup]
2025-09-01T03:47:19.0078473Z ##[group]Disabling automatic garbage collection
2025-09-01T03:47:19.0082171Z [command]/usr/bin/git config --local gc.auto 0
2025-09-01T03:47:19.0107450Z ##[endgroup]
2025-09-01T03:47:19.0107899Z ##[group]Setting up auth
2025-09-01T03:47:19.0113911Z [command]/usr/bin/git config --local --name-only --get-regexp core\.sshCommand
2025-09-01T03:47:19.0143785Z [command]/usr/bin/git submodule foreach --recursive sh -c "git config --local --name-only --get-regexp 'core\.sshCommand' && git config --local --unset-all 'core.sshCommand' || :"
2025-09-01T03:47:19.0362344Z [command]/usr/bin/git config --local --name-only --get-regexp http\.https\:\/\/github\.com\/\.extraheader
2025-09-01T03:47:19.0384089Z http.https://github.com/.extraheader
2025-09-01T03:47:19.0393465Z [command]/usr/bin/git config --local --unset-all http.https://github.com/.extraheader
2025-09-01T03:47:19.0422823Z [command]/usr/bin/git submodule foreach --recursive sh -c "git config --local --name-only --get-regexp 'http\.https\:\/\/github\.com\/\.extraheader' && git config --local --unset-all 'http.https://github.com/.extraheader' || :"
2025-09-01T03:47:19.0649629Z [command]/usr/bin/git config --local http.https://github.com/.extraheader AUTHORIZATION: basic ***
2025-09-01T03:47:19.0688833Z ##[endgroup]
2025-09-01T03:47:19.0689386Z ##[group]Fetching the repository
2025-09-01T03:47:19.0697300Z [command]/usr/bin/git -c protocol.version=2 fetch --no-tags --prune --no-recurse-submodules --depth=1 origin +refs/heads/main*:refs/remotes/origin/main* +refs/tags/main*:refs/tags/main*
2025-09-01T03:47:19.2682303Z ##[endgroup]
2025-09-01T03:47:19.2682900Z ##[group]Determining the checkout info
2025-09-01T03:47:19.2689662Z [command]/usr/bin/git branch --list --remote origin/main
2025-09-01T03:47:19.2714638Z   origin/main
2025-09-01T03:47:19.2719742Z ##[endgroup]
2025-09-01T03:47:19.2724362Z [command]/usr/bin/git sparse-checkout disable
2025-09-01T03:47:19.2767059Z [command]/usr/bin/git config --local --unset-all extensions.worktreeConfig
2025-09-01T03:47:19.2793908Z ##[group]Checking out the ref
2025-09-01T03:47:19.2798214Z [command]/usr/bin/git checkout --progress --force -B main refs/remotes/origin/main
2025-09-01T03:47:19.2840537Z Switched to a new branch 'main'
2025-09-01T03:47:19.2843242Z branch 'main' set up to track 'origin/main'.
2025-09-01T03:47:19.2850941Z ##[endgroup]
2025-09-01T03:47:19.2892688Z [command]/usr/bin/git log -1 --format=%H
2025-09-01T03:47:19.2914043Z bebaa4405341f8aacaaefa4d8383532a8a714152
2025-09-01T03:47:19.3032300Z ##[group]Run python3 aesthetic_prioritizing.py
2025-09-01T03:47:19.3032660Z [36;1mpython3 aesthetic_prioritizing.py[0m
2025-09-01T03:47:19.3063723Z shell: /usr/bin/bash -e {0}
2025-09-01T03:47:19.3063952Z env:
2025-09-01T03:47:19.3064199Z   pythonLocation: /opt/hostedtoolcache/Python/3.12.5/x64
2025-09-01T03:47:19.3064609Z   PKG_CONFIG_PATH: /opt/hostedtoolcache/Python/3.12.5/x64/lib/pkgconfig
2025-09-01T03:47:19.3064997Z   Python_ROOT_DIR: /opt/hostedtoolcache/Python/3.12.5/x64
2025-09-01T03:47:19.3065337Z   Python2_ROOT_DIR: /opt/hostedtoolcache/Python/3.12.5/x64
2025-09-01T03:47:19.3065900Z   Python3_ROOT_DIR: /opt/hostedtoolcache/Python/3.12.5/x64
2025-09-01T03:47:19.3066241Z   LD_LIBRARY_PATH: /opt/hostedtoolcache/Python/3.12.5/x64/lib
2025-09-01T03:47:19.3066695Z   PASS: ***
2025-09-01T03:47:19.3066866Z ##[endgroup]
2025-09-01T03:57:23.3471492Z Prioritizing: Attempt 1
2025-09-01T03:57:23.3474988Z Unfavorited project 1193158560
2025-09-01T03:57:23.3475721Z Favorited project 1193158560 to move it to the top
2025-09-01T03:57:23.3476238Z Unfavorited project 1193158559
2025-09-01T03:57:23.3476993Z Favorited project 1193158559 to move it to the top
2025-09-01T03:57:23.3477387Z Unfavorited project 1193158558
2025-09-01T03:57:23.3477672Z Favorited project 1193158558 to move it to the top
2025-09-01T03:57:23.3477995Z Unfavorited project 1193158567
2025-09-01T03:57:23.3478287Z Favorited project 1193158567 to move it to the top
2025-09-01T03:57:23.3478599Z Unfavorited project 1193158568
2025-09-01T03:57:23.3478889Z Favorited project 1193158568 to move it to the top
2025-09-01T03:57:23.3479228Z Prioritized projects in your favorite list.
2025-09-01T03:57:23.3752722Z Post job cleanup.
2025-09-01T03:57:23.4556674Z [command]/usr/bin/git version
2025-09-01T03:57:23.4591919Z git version 2.51.0
2025-09-01T03:57:23.4629454Z Temporarily overriding HOME='/home/runner/work/_temp/9d0ff1bc-41a7-4928-aaab-219d93d9b058' before making global git config changes
2025-09-01T03:57:23.4630756Z Adding repository directory to the temporary git global config as a safe directory
2025-09-01T03:57:23.4635283Z [command]/usr/bin/git config --global --add safe.directory /home/runner/work/scratchattach/scratchattach
2025-09-01T03:57:23.4670442Z [command]/usr/bin/git config --local --name-only --get-regexp core\.sshCommand
2025-09-01T03:57:23.4702418Z [command]/usr/bin/git submodule foreach --recursive sh -c "git config --local --name-only --get-regexp 'core\.sshCommand' && git config --local --unset-all 'core.sshCommand' || :"
2025-09-01T03:57:23.4924401Z [command]/usr/bin/git config --local --name-only --get-regexp http\.https\:\/\/github\.com\/\.extraheader
2025-09-01T03:57:23.4948664Z http.https://github.com/.extraheader
2025-09-01T03:57:23.4958536Z [command]/usr/bin/git config --local --unset-all http.https://github.com/.extraheader
2025-09-01T03:57:23.4988937Z [command]/usr/bin/git submodule foreach --recursive sh -c "git config --local --name-only --get-regexp 'http\.https\:\/\/github\.com\/\.extraheader' && git config --local --unset-all 'http.https://github.com/.extraheader' || :"
2025-09-01T03:57:23.5319320Z Post job cleanup.
2025-09-01T03:57:23.6930283Z Post job cleanup.
2025-09-01T03:57:23.7763058Z [command]/usr/bin/git version
2025-09-01T03:57:23.7809075Z git version 2.51.0
2025-09-01T03:57:23.7856391Z Temporarily overriding HOME='/home/runner/work/_temp/1a0931e4-a5b4-41fc-93c0-dd26f0b6cd16' before making global git config changes
2025-09-01T03:57:23.7857814Z Adding repository directory to the temporary git global config as a safe directory
2025-09-01T03:57:23.7863276Z [command]/usr/bin/git config --global --add safe.directory /home/runner/work/scratchattach/scratchattach
2025-09-01T03:57:23.7903194Z [command]/usr/bin/git config --local --name-only --get-regexp core\.sshCommand
2025-09-01T03:57:23.7939152Z [command]/usr/bin/git submodule foreach --recursive sh -c "git config --local --name-only --get-regexp 'core\.sshCommand' && git config --local --unset-all 'core.sshCommand' || :"
2025-09-01T03:57:23.8180994Z [command]/usr/bin/git config --local --name-only --get-regexp http\.https\:\/\/github\.com\/\.extraheader
2025-09-01T03:57:23.8216668Z [command]/usr/bin/git submodule foreach --recursive sh -c "git config --local --name-only --get-regexp 'http\.https\:\/\/github\.com\/\.extraheader' && git config --local --unset-all 'http.https://github.com/.extraheader' || :"
2025-09-01T03:57:23.8596005Z Cleaning up orphan processes
