2025-09-02T18:43:05.8133229Z Current runner version: '2.328.0'
2025-09-02T18:43:05.8159060Z ##[group]Runner Image Provisioner
2025-09-02T18:43:05.8159897Z Hosted Compute Agent
2025-09-02T18:43:05.8160529Z Version: 20250829.383
2025-09-02T18:43:05.8161492Z Commit: 27cb235aab5b0e52e153a26cd86b4742e89dac5d
2025-09-02T18:43:05.8162194Z Build Date: 2025-08-29T13:48:48Z
2025-09-02T18:43:05.8162821Z ##[endgroup]
2025-09-02T18:43:05.8163418Z ##[group]Operating System
2025-09-02T18:43:05.8163950Z Ubuntu
2025-09-02T18:43:05.8164464Z 24.04.3
2025-09-02T18:43:05.8164961Z LTS
2025-09-02T18:43:05.8165425Z ##[endgroup]
2025-09-02T18:43:05.8165995Z ##[group]Runner Image
2025-09-02T18:43:05.8166638Z Image: ubuntu-24.04
2025-09-02T18:43:05.8167136Z Version: 20250824.1.0
2025-09-02T18:43:05.8168315Z Included Software: https://github.com/actions/runner-images/blob/ubuntu24/20250824.1/images/ubuntu/Ubuntu2404-Readme.md
2025-09-02T18:43:05.8169870Z Image Release: https://github.com/actions/runner-images/releases/tag/ubuntu24%2F20250824.1
2025-09-02T18:43:05.8171216Z ##[endgroup]
2025-09-02T18:43:05.8173656Z ##[group]GITHUB_TOKEN Permissions
2025-09-02T18:43:05.8175702Z Actions: write
2025-09-02T18:43:05.8176288Z Attestations: write
2025-09-02T18:43:05.8176788Z Checks: write
2025-09-02T18:43:05.8177369Z Contents: write
2025-09-02T18:43:05.8177954Z Deployments: write
2025-09-02T18:43:05.8178524Z Discussions: write
2025-09-02T18:43:05.8179118Z Issues: write
2025-09-02T18:43:05.8179636Z Metadata: read
2025-09-02T18:43:05.8180171Z Models: read
2025-09-02T18:43:05.8180974Z Packages: write
2025-09-02T18:43:05.8181527Z Pages: write
2025-09-02T18:43:05.8182040Z PullRequests: write
2025-09-02T18:43:05.8182623Z RepositoryProjects: write
2025-09-02T18:43:05.8183220Z SecurityEvents: write
2025-09-02T18:43:05.8183901Z Statuses: write
2025-09-02T18:43:05.8184539Z ##[endgroup]
2025-09-02T18:43:05.8187006Z Secret source: Actions
2025-09-02T18:43:05.8187989Z Prepare workflow directory
2025-09-02T18:43:05.8535934Z Prepare all required actions
2025-09-02T18:43:05.8592134Z Getting action download info
2025-09-02T18:43:06.3083687Z Download action repository 'actions/checkout@v5' (SHA:08c6903cd8c0fde910a37f88322edcfb5dd907a8)
2025-09-02T18:43:06.3798251Z Download action repository 'actions/setup-python@v5.6.0' (SHA:a26af69be951a213d495a4c3e4e4022e16d87065)
2025-09-02T18:43:06.4630031Z Download action repository 'bossOfCode/install-scratchattach@v1.0.3' (SHA:be17a7cf1ecb5a7040eb42ef26c2e1fbe72bb25a)
2025-09-02T18:43:07.0524703Z Complete job name: Run 1
2025-09-02T18:43:07.1312705Z ##[group]Run actions/checkout@v5
2025-09-02T18:43:07.1313732Z with:
2025-09-02T18:43:07.1314184Z   ref: main
2025-09-02T18:43:07.1314662Z   repository: Boss-1s/scratchattach
2025-09-02T18:43:07.1315504Z   token: ***
2025-09-02T18:43:07.1315962Z   ssh-strict: true
2025-09-02T18:43:07.1316421Z   ssh-user: git
2025-09-02T18:43:07.1316884Z   persist-credentials: true
2025-09-02T18:43:07.1317397Z   clean: true
2025-09-02T18:43:07.1317896Z   sparse-checkout-cone-mode: true
2025-09-02T18:43:07.1318455Z   fetch-depth: 1
2025-09-02T18:43:07.1318937Z   fetch-tags: false
2025-09-02T18:43:07.1319394Z   show-progress: true
2025-09-02T18:43:07.1319874Z   lfs: false
2025-09-02T18:43:07.1320319Z   submodules: false
2025-09-02T18:43:07.1321230Z   set-safe-directory: true
2025-09-02T18:43:07.1322116Z ##[endgroup]
2025-09-02T18:43:07.2277200Z Syncing repository: Boss-1s/scratchattach
2025-09-02T18:43:07.2279883Z ##[group]Getting Git version info
2025-09-02T18:43:07.2281378Z Working directory is '/home/runner/work/scratchattach/scratchattach'
2025-09-02T18:43:07.2282695Z [command]/usr/bin/git version
2025-09-02T18:43:07.2297574Z git version 2.51.0
2025-09-02T18:43:07.2319089Z ##[endgroup]
2025-09-02T18:43:07.2333875Z Temporarily overriding HOME='/home/runner/work/_temp/0745de02-befd-4310-b995-005deafe14f2' before making global git config changes
2025-09-02T18:43:07.2335356Z Adding repository directory to the temporary git global config as a safe directory
2025-09-02T18:43:07.2339303Z [command]/usr/bin/git config --global --add safe.directory /home/runner/work/scratchattach/scratchattach
2025-09-02T18:43:07.2376717Z Deleting the contents of '/home/runner/work/scratchattach/scratchattach'
2025-09-02T18:43:07.2379802Z ##[group]Initializing the repository
2025-09-02T18:43:07.2384926Z [command]/usr/bin/git init /home/runner/work/scratchattach/scratchattach
2025-09-02T18:43:07.2459406Z hint: Using 'master' as the name for the initial branch. This default branch name
2025-09-02T18:43:07.2462781Z hint: is subject to change. To configure the initial branch name to use in all
2025-09-02T18:43:07.2464970Z hint: of your new repositories, which will suppress this warning, call:
2025-09-02T18:43:07.2466529Z hint:
2025-09-02T18:43:07.2467718Z hint: 	git config --global init.defaultBranch <name>
2025-09-02T18:43:07.2468992Z hint:
2025-09-02T18:43:07.2470158Z hint: Names commonly chosen instead of 'master' are 'main', 'trunk' and
2025-09-02T18:43:07.2472237Z hint: 'development'. The just-created branch can be renamed via this command:
2025-09-02T18:43:07.2473765Z hint:
2025-09-02T18:43:07.2474636Z hint: 	git branch -m <name>
2025-09-02T18:43:07.2475579Z hint:
2025-09-02T18:43:07.2476749Z hint: Disable this message with "git config set advice.defaultBranchName false"
2025-09-02T18:43:07.2478689Z Initialized empty Git repository in /home/runner/work/scratchattach/scratchattach/.git/
2025-09-02T18:43:07.2482264Z [command]/usr/bin/git remote add origin https://github.com/Boss-1s/scratchattach
2025-09-02T18:43:07.2524802Z ##[endgroup]
2025-09-02T18:43:07.2526301Z ##[group]Disabling automatic garbage collection
2025-09-02T18:43:07.2527481Z [command]/usr/bin/git config --local gc.auto 0
2025-09-02T18:43:07.2556354Z ##[endgroup]
2025-09-02T18:43:07.2557815Z ##[group]Setting up auth
2025-09-02T18:43:07.2564510Z [command]/usr/bin/git config --local --name-only --get-regexp core\.sshCommand
2025-09-02T18:43:07.2599074Z [command]/usr/bin/git submodule foreach --recursive sh -c "git config --local --name-only --get-regexp 'core\.sshCommand' && git config --local --unset-all 'core.sshCommand' || :"
2025-09-02T18:43:07.2904765Z [command]/usr/bin/git config --local --name-only --get-regexp http\.https\:\/\/github\.com\/\.extraheader
2025-09-02T18:43:07.2938008Z [command]/usr/bin/git submodule foreach --recursive sh -c "git config --local --name-only --get-regexp 'http\.https\:\/\/github\.com\/\.extraheader' && git config --local --unset-all 'http.https://github.com/.extraheader' || :"
2025-09-02T18:43:07.3169638Z [command]/usr/bin/git config --local http.https://github.com/.extraheader AUTHORIZATION: basic ***
2025-09-02T18:43:07.3205073Z ##[endgroup]
2025-09-02T18:43:07.3213559Z ##[group]Fetching the repository
2025-09-02T18:43:07.3215162Z [command]/usr/bin/git -c protocol.version=2 fetch --no-tags --prune --no-recurse-submodules --depth=1 origin +refs/heads/main*:refs/remotes/origin/main* +refs/tags/main*:refs/tags/main*
2025-09-02T18:43:07.9963920Z From https://github.com/Boss-1s/scratchattach
2025-09-02T18:43:07.9965871Z  * [new branch]      main       -> origin/main
2025-09-02T18:43:07.9997130Z ##[endgroup]
2025-09-02T18:43:07.9999104Z ##[group]Determining the checkout info
2025-09-02T18:43:08.0005118Z [command]/usr/bin/git branch --list --remote origin/main
2025-09-02T18:43:08.0032759Z   origin/main
2025-09-02T18:43:08.0039518Z ##[endgroup]
2025-09-02T18:43:08.0044612Z [command]/usr/bin/git sparse-checkout disable
2025-09-02T18:43:08.0087824Z [command]/usr/bin/git config --local --unset-all extensions.worktreeConfig
2025-09-02T18:43:08.0119402Z ##[group]Checking out the ref
2025-09-02T18:43:08.0124107Z [command]/usr/bin/git checkout --progress --force -B main refs/remotes/origin/main
2025-09-02T18:43:08.0469526Z Switched to a new branch 'main'
2025-09-02T18:43:08.0471549Z branch 'main' set up to track 'origin/main'.
2025-09-02T18:43:08.0482175Z ##[endgroup]
2025-09-02T18:43:08.0524198Z [command]/usr/bin/git log -1 --format=%H
2025-09-02T18:43:08.0551362Z 7805618378438c87c31f9b226207fa051673afb1
2025-09-02T18:43:08.0880551Z ##[group]Run actions/setup-python@v5.6.0
2025-09-02T18:43:08.0882427Z with:
2025-09-02T18:43:08.0883304Z   python-version: 3.12.5
2025-09-02T18:43:08.0884346Z   check-latest: false
2025-09-02T18:43:08.0885654Z   token: ***
2025-09-02T18:43:08.0886579Z   update-environment: true
2025-09-02T18:43:08.0887685Z   allow-prereleases: false
2025-09-02T18:43:08.0888756Z   freethreaded: false
2025-09-02T18:43:08.0889720Z ##[endgroup]
2025-09-02T18:43:08.2704452Z ##[group]Installed versions
2025-09-02T18:43:08.2723762Z Version 3.12.5 was not found in the local cache
2025-09-02T18:43:08.9503559Z Version 3.12.5 is available for downloading
2025-09-02T18:43:08.9506605Z Download from "https://github.com/actions/python-versions/releases/download/3.12.5-10375840348/python-3.12.5-linux-24.04-x64.tar.gz"
2025-09-02T18:43:09.7945998Z Extract downloaded archive
2025-09-02T18:43:09.8055586Z [command]/usr/bin/tar xz --warning=no-unknown-keyword --overwrite -C /home/runner/work/_temp/47e3a2da-34ed-4c3c-ba8b-2fe9b29d8083 -f /home/runner/work/_temp/fbade518-3457-4122-be98-0742bcbe5269
2025-09-02T18:43:11.8362964Z Execute installation script
2025-09-02T18:43:11.8458569Z Check if Python hostedtoolcache folder exist...
2025-09-02T18:43:11.8459192Z Create Python 3.12.5 folder
2025-09-02T18:43:11.8478221Z Copy Python binaries to hostedtoolcache folder
2025-09-02T18:43:12.4422197Z Create additional symlinks (Required for the UsePythonVersion Azure Pipelines task and the setup-python GitHub Action)
2025-09-02T18:43:12.4463835Z Upgrading pip...
2025-09-02T18:43:14.7151396Z Looking in links: /tmp/tmpmqz8ol1b
2025-09-02T18:43:14.7156756Z Requirement already satisfied: pip in /opt/hostedtoolcache/Python/3.12.5/x64/lib/python3.12/site-packages (24.2)
2025-09-02T18:43:15.9287600Z Collecting pip
2025-09-02T18:43:15.9690036Z Downloading pip-25.2-py3-none-any.whl.metadata (4.7 kB)
2025-09-02T18:43:15.9792935Z Downloading pip-25.2-py3-none-any.whl (1.8 MB)
2025-09-02T18:43:16.0154222Z ━━━━━━━━━━━━━━━━━━━━━━━━━━━━━━━━━━━━━━━━ 1.8/1.8 MB 80.3 MB/s eta 0:00:00
2025-09-02T18:43:16.0154767Z 
2025-09-02T18:43:16.0372489Z Installing collected packages: pip
2025-09-02T18:43:16.0374819Z Attempting uninstall: pip
2025-09-02T18:43:16.0396309Z Found existing installation: pip 24.2
2025-09-02T18:43:16.0761582Z Uninstalling pip-24.2:
2025-09-02T18:43:16.0818015Z Successfully uninstalled pip-24.2
2025-09-02T18:43:16.9996231Z Successfully installed pip-25.2
2025-09-02T18:43:17.0690815Z Create complete file
2025-09-02T18:43:17.0728567Z Successfully set up CPython (3.12.5)
2025-09-02T18:43:17.0729359Z ##[endgroup]
2025-09-02T18:43:17.0891493Z ##[group]Run bossOfCode/install-scratchattach@v1.0.3
2025-09-02T18:43:17.0891864Z env:
2025-09-02T18:43:17.0892110Z   pythonLocation: /opt/hostedtoolcache/Python/3.12.5/x64
2025-09-02T18:43:17.0892558Z   PKG_CONFIG_PATH: /opt/hostedtoolcache/Python/3.12.5/x64/lib/pkgconfig
2025-09-02T18:43:17.0892962Z   Python_ROOT_DIR: /opt/hostedtoolcache/Python/3.12.5/x64
2025-09-02T18:43:17.0893343Z   Python2_ROOT_DIR: /opt/hostedtoolcache/Python/3.12.5/x64
2025-09-02T18:43:17.0893685Z   Python3_ROOT_DIR: /opt/hostedtoolcache/Python/3.12.5/x64
2025-09-02T18:43:17.0894053Z   LD_LIBRARY_PATH: /opt/hostedtoolcache/Python/3.12.5/x64/lib
2025-09-02T18:43:17.0894348Z ##[endgroup]
2025-09-02T18:43:17.1058128Z ##[group]Run python3 -m pip install --upgrade pip
2025-09-02T18:43:17.1058558Z [36;1mpython3 -m pip install --upgrade pip[0m
2025-09-02T18:43:17.1112696Z shell: /usr/bin/bash --noprofile --norc -e -o pipefail {0}
2025-09-02T18:43:17.1113065Z env:
2025-09-02T18:43:17.1113400Z   pythonLocation: /opt/hostedtoolcache/Python/3.12.5/x64
2025-09-02T18:43:17.1113806Z   PKG_CONFIG_PATH: /opt/hostedtoolcache/Python/3.12.5/x64/lib/pkgconfig
2025-09-02T18:43:17.1114211Z   Python_ROOT_DIR: /opt/hostedtoolcache/Python/3.12.5/x64
2025-09-02T18:43:17.1114589Z   Python2_ROOT_DIR: /opt/hostedtoolcache/Python/3.12.5/x64
2025-09-02T18:43:17.1114945Z   Python3_ROOT_DIR: /opt/hostedtoolcache/Python/3.12.5/x64
2025-09-02T18:43:17.1115295Z   LD_LIBRARY_PATH: /opt/hostedtoolcache/Python/3.12.5/x64/lib
2025-09-02T18:43:17.1115590Z ##[endgroup]
2025-09-02T18:43:17.5514253Z Requirement already satisfied: pip in /opt/hostedtoolcache/Python/3.12.5/x64/lib/python3.12/site-packages (25.2)
2025-09-02T18:43:17.7390954Z ##[group]Run pip install -U scratchattach
2025-09-02T18:43:17.7391301Z [36;1mpip install -U scratchattach[0m
2025-09-02T18:43:17.7422286Z shell: /usr/bin/bash --noprofile --norc -e -o pipefail {0}
2025-09-02T18:43:17.7422604Z env:
2025-09-02T18:43:17.7422860Z   pythonLocation: /opt/hostedtoolcache/Python/3.12.5/x64
2025-09-02T18:43:17.7423291Z   PKG_CONFIG_PATH: /opt/hostedtoolcache/Python/3.12.5/x64/lib/pkgconfig
2025-09-02T18:43:17.7423698Z   Python_ROOT_DIR: /opt/hostedtoolcache/Python/3.12.5/x64
2025-09-02T18:43:17.7424042Z   Python2_ROOT_DIR: /opt/hostedtoolcache/Python/3.12.5/x64
2025-09-02T18:43:17.7424391Z   Python3_ROOT_DIR: /opt/hostedtoolcache/Python/3.12.5/x64
2025-09-02T18:43:17.7424733Z   LD_LIBRARY_PATH: /opt/hostedtoolcache/Python/3.12.5/x64/lib
2025-09-02T18:43:17.7425029Z ##[endgroup]
2025-09-02T18:43:18.2123200Z Collecting scratchattach
2025-09-02T18:43:18.2468087Z   Downloading scratchattach-2.1.13-py3-none-any.whl.metadata (5.5 kB)
2025-09-02T18:43:18.2706913Z Collecting websocket-client (from scratchattach)
2025-09-02T18:43:18.2741647Z   Downloading websocket_client-1.8.0-py3-none-any.whl.metadata (8.0 kB)
2025-09-02T18:43:18.3047623Z Collecting requests (from scratchattach)
2025-09-02T18:43:18.3083224Z   Downloading requests-2.32.5-py3-none-any.whl.metadata (4.9 kB)
2025-09-02T18:43:18.3212586Z Collecting bs4 (from scratchattach)
2025-09-02T18:43:18.3241756Z   Downloading bs4-0.0.2-py2.py3-none-any.whl.metadata (411 bytes)
2025-09-02T18:43:18.3351763Z Collecting SimpleWebSocketServer (from scratchattach)
2025-09-02T18:43:18.3396464Z   Downloading SimpleWebSocketServer-0.1.2.tar.gz (10 kB)
2025-09-02T18:43:18.3485580Z   Installing build dependencies: started
2025-09-02T18:43:19.2211912Z   Installing build dependencies: finished with status 'done'
2025-09-02T18:43:19.2219218Z   Getting requirements to build wheel: started
2025-09-02T18:43:19.6032600Z   Getting requirements to build wheel: finished with status 'done'
2025-09-02T18:43:19.6041881Z   Preparing metadata (pyproject.toml): started
2025-09-02T18:43:19.8075398Z   Preparing metadata (pyproject.toml): finished with status 'done'
2025-09-02T18:43:19.8250709Z Collecting typing-extensions (from scratchattach)
2025-09-02T18:43:19.8283570Z   Downloading typing_extensions-4.15.0-py3-none-any.whl.metadata (3.3 kB)
2025-09-02T18:43:19.8484053Z Collecting beautifulsoup4 (from bs4->scratchattach)
2025-09-02T18:43:19.8521241Z   Downloading beautifulsoup4-4.13.5-py3-none-any.whl.metadata (3.8 kB)
2025-09-02T18:43:19.8724139Z Collecting soupsieve>1.2 (from beautifulsoup4->bs4->scratchattach)
2025-09-02T18:43:19.8757966Z   Downloading soupsieve-2.8-py3-none-any.whl.metadata (4.6 kB)
2025-09-02T18:43:19.9833303Z Collecting charset_normalizer<4,>=2 (from requests->scratchattach)
2025-09-02T18:43:19.9869280Z   Downloading charset_normalizer-3.4.3-cp312-cp312-manylinux2014_x86_64.manylinux_2_17_x86_64.manylinux_2_28_x86_64.whl.metadata (36 kB)
2025-09-02T18:43:20.0058394Z Collecting idna<4,>=2.5 (from requests->scratchattach)
2025-09-02T18:43:20.0091802Z   Downloading idna-3.10-py3-none-any.whl.metadata (10 kB)
2025-09-02T18:43:20.0402675Z Collecting urllib3<3,>=1.21.1 (from requests->scratchattach)
2025-09-02T18:43:20.0438872Z   Downloading urllib3-2.5.0-py3-none-any.whl.metadata (6.5 kB)
2025-09-02T18:43:20.0702075Z Collecting certifi>=2017.4.17 (from requests->scratchattach)
2025-09-02T18:43:20.0752596Z   Downloading certifi-2025.8.3-py3-none-any.whl.metadata (2.4 kB)
2025-09-02T18:43:20.0883095Z Downloading scratchattach-2.1.13-py3-none-any.whl (141 kB)
2025-09-02T18:43:20.0949829Z Downloading bs4-0.0.2-py2.py3-none-any.whl (1.2 kB)
2025-09-02T18:43:20.0999166Z Downloading beautifulsoup4-4.13.5-py3-none-any.whl (105 kB)
2025-09-02T18:43:20.1057556Z Downloading soupsieve-2.8-py3-none-any.whl (36 kB)
2025-09-02T18:43:20.1108831Z Downloading typing_extensions-4.15.0-py3-none-any.whl (44 kB)
2025-09-02T18:43:20.1163030Z Downloading requests-2.32.5-py3-none-any.whl (64 kB)
2025-09-02T18:43:20.1218888Z Downloading charset_normalizer-3.4.3-cp312-cp312-manylinux2014_x86_64.manylinux_2_17_x86_64.manylinux_2_28_x86_64.whl (151 kB)
2025-09-02T18:43:20.1275344Z Downloading idna-3.10-py3-none-any.whl (70 kB)
2025-09-02T18:43:20.1330458Z Downloading urllib3-2.5.0-py3-none-any.whl (129 kB)
2025-09-02T18:43:20.1390367Z Downloading certifi-2025.8.3-py3-none-any.whl (161 kB)
2025-09-02T18:43:20.1454360Z Downloading websocket_client-1.8.0-py3-none-any.whl (58 kB)
2025-09-02T18:43:20.1602929Z Building wheels for collected packages: SimpleWebSocketServer
2025-09-02T18:43:20.1612808Z   Building wheel for SimpleWebSocketServer (pyproject.toml): started
2025-09-02T18:43:20.4056887Z   Building wheel for SimpleWebSocketServer (pyproject.toml): finished with status 'done'
2025-09-02T18:43:20.4063673Z   Created wheel for SimpleWebSocketServer: filename=simplewebsocketserver-0.1.2-py3-none-any.whl size=9715 sha256=d5d1328b3d9a99fbbd9a7789f0a364bd321d35fe3b9f230fe38943632ec0e4d9
2025-09-02T18:43:20.4065648Z   Stored in directory: /home/runner/.cache/pip/wheels/81/fd/d8/f145b47bedceb5dff96b76e404a4ee9be956a4f8f150cd8133
2025-09-02T18:43:20.4084425Z Successfully built SimpleWebSocketServer
2025-09-02T18:43:20.4260396Z Installing collected packages: SimpleWebSocketServer, websocket-client, urllib3, typing-extensions, soupsieve, idna, charset_normalizer, certifi, requests, beautifulsoup4, bs4, scratchattach
2025-09-02T18:43:21.0534180Z 
2025-09-02T18:43:21.0556313Z Successfully installed SimpleWebSocketServer-0.1.2 beautifulsoup4-4.13.5 bs4-0.0.2 certifi-2025.8.3 charset_normalizer-3.4.3 idna-3.10 requests-2.32.5 scratchattach-2.1.13 soupsieve-2.8 typing-extensions-4.15.0 urllib3-2.5.0 websocket-client-1.8.0
2025-09-02T18:43:21.1479682Z ##[group]Run actions/checkout@v5
2025-09-02T18:43:21.1479923Z with:
2025-09-02T18:43:21.1480087Z   ref: main
2025-09-02T18:43:21.1480272Z   repository: Boss-1s/scratchattach
2025-09-02T18:43:21.1480833Z   token: ***
2025-09-02T18:43:21.1481015Z   ssh-strict: true
2025-09-02T18:43:21.1481193Z   ssh-user: git
2025-09-02T18:43:21.1481376Z   persist-credentials: true
2025-09-02T18:43:21.1481587Z   clean: true
2025-09-02T18:43:21.1481772Z   sparse-checkout-cone-mode: true
2025-09-02T18:43:21.1482001Z   fetch-depth: 1
2025-09-02T18:43:21.1482179Z   fetch-tags: false
2025-09-02T18:43:21.1482355Z   show-progress: true
2025-09-02T18:43:21.1482541Z   lfs: false
2025-09-02T18:43:21.1482709Z   submodules: false
2025-09-02T18:43:21.1482890Z   set-safe-directory: true
2025-09-02T18:43:21.1483089Z env:
2025-09-02T18:43:21.1483309Z   pythonLocation: /opt/hostedtoolcache/Python/3.12.5/x64
2025-09-02T18:43:21.1483699Z   PKG_CONFIG_PATH: /opt/hostedtoolcache/Python/3.12.5/x64/lib/pkgconfig
2025-09-02T18:43:21.1484125Z   Python_ROOT_DIR: /opt/hostedtoolcache/Python/3.12.5/x64
2025-09-02T18:43:21.1484484Z   Python2_ROOT_DIR: /opt/hostedtoolcache/Python/3.12.5/x64
2025-09-02T18:43:21.1484822Z   Python3_ROOT_DIR: /opt/hostedtoolcache/Python/3.12.5/x64
2025-09-02T18:43:21.1485161Z   LD_LIBRARY_PATH: /opt/hostedtoolcache/Python/3.12.5/x64/lib
2025-09-02T18:43:21.1485450Z ##[endgroup]
2025-09-02T18:43:21.2289699Z Syncing repository: Boss-1s/scratchattach
2025-09-02T18:43:21.2291512Z ##[group]Getting Git version info
2025-09-02T18:43:21.2292091Z Working directory is '/home/runner/work/scratchattach/scratchattach'
2025-09-02T18:43:21.2328170Z [command]/usr/bin/git version
2025-09-02T18:43:21.2365181Z git version 2.51.0
2025-09-02T18:43:21.2385549Z ##[endgroup]
2025-09-02T18:43:21.2399578Z Temporarily overriding HOME='/home/runner/work/_temp/7280a0ef-5023-41d6-8c03-076ea6b2e37d' before making global git config changes
2025-09-02T18:43:21.2400757Z Adding repository directory to the temporary git global config as a safe directory
2025-09-02T18:43:21.2404957Z [command]/usr/bin/git config --global --add safe.directory /home/runner/work/scratchattach/scratchattach
2025-09-02T18:43:21.2457966Z [command]/usr/bin/git config --local --get remote.origin.url
2025-09-02T18:43:21.2488216Z https://github.com/Boss-1s/scratchattach
2025-09-02T18:43:21.2504459Z ##[group]Removing previously created refs, to avoid conflicts
2025-09-02T18:43:21.2509150Z [command]/usr/bin/git rev-parse --symbolic-full-name --verify --quiet HEAD
2025-09-02T18:43:21.2534780Z refs/heads/main
2025-09-02T18:43:21.2544619Z [command]/usr/bin/git checkout --detach
2025-09-02T18:43:21.2836690Z HEAD is now at 7805618 [BOT] Download Logs
2025-09-02T18:43:21.2887854Z [command]/usr/bin/git branch --delete --force main
2025-09-02T18:43:21.2917987Z Deleted branch main (was 7805618).
2025-09-02T18:43:21.2957572Z ##[endgroup]
2025-09-02T18:43:21.2963046Z [command]/usr/bin/git submodule status
2025-09-02T18:43:21.3215429Z ##[group]Cleaning the repository
2025-09-02T18:43:21.3221088Z [command]/usr/bin/git clean -ffdx
2025-09-02T18:43:21.3261421Z [command]/usr/bin/git reset --hard HEAD
2025-09-02T18:43:21.3306485Z HEAD is now at 7805618 [BOT] Download Logs
2025-09-02T18:43:21.3312913Z ##[endgroup]
2025-09-02T18:43:21.3315533Z ##[group]Disabling automatic garbage collection
2025-09-02T18:43:21.3320739Z [command]/usr/bin/git config --local gc.auto 0
2025-09-02T18:43:21.3355043Z ##[endgroup]
2025-09-02T18:43:21.3355399Z ##[group]Setting up auth
2025-09-02T18:43:21.3363912Z [command]/usr/bin/git config --local --name-only --get-regexp core\.sshCommand
2025-09-02T18:43:21.3403139Z [command]/usr/bin/git submodule foreach --recursive sh -c "git config --local --name-only --get-regexp 'core\.sshCommand' && git config --local --unset-all 'core.sshCommand' || :"
2025-09-02T18:43:21.3676578Z [command]/usr/bin/git config --local --name-only --get-regexp http\.https\:\/\/github\.com\/\.extraheader
2025-09-02T18:43:21.3705431Z http.https://github.com/.extraheader
2025-09-02T18:43:21.3719625Z [command]/usr/bin/git config --local --unset-all http.https://github.com/.extraheader
2025-09-02T18:43:21.3763106Z [command]/usr/bin/git submodule foreach --recursive sh -c "git config --local --name-only --get-regexp 'http\.https\:\/\/github\.com\/\.extraheader' && git config --local --unset-all 'http.https://github.com/.extraheader' || :"
2025-09-02T18:43:21.4043698Z [command]/usr/bin/git config --local http.https://github.com/.extraheader AUTHORIZATION: basic ***
2025-09-02T18:43:21.4098641Z ##[endgroup]
2025-09-02T18:43:21.4099243Z ##[group]Fetching the repository
2025-09-02T18:43:21.4112014Z [command]/usr/bin/git -c protocol.version=2 fetch --no-tags --prune --no-recurse-submodules --depth=1 origin +refs/heads/main*:refs/remotes/origin/main* +refs/tags/main*:refs/tags/main*
2025-09-02T18:43:21.9576451Z ##[endgroup]
2025-09-02T18:43:21.9577085Z ##[group]Determining the checkout info
2025-09-02T18:43:21.9583568Z [command]/usr/bin/git branch --list --remote origin/main
2025-09-02T18:43:21.9609015Z   origin/main
2025-09-02T18:43:21.9614604Z ##[endgroup]
2025-09-02T18:43:21.9619821Z [command]/usr/bin/git sparse-checkout disable
2025-09-02T18:43:21.9666638Z [command]/usr/bin/git config --local --unset-all extensions.worktreeConfig
2025-09-02T18:43:21.9696630Z ##[group]Checking out the ref
2025-09-02T18:43:21.9702781Z [command]/usr/bin/git checkout --progress --force -B main refs/remotes/origin/main
2025-09-02T18:43:21.9747114Z Switched to a new branch 'main'
2025-09-02T18:43:21.9748760Z branch 'main' set up to track 'origin/main'.
2025-09-02T18:43:21.9756743Z ##[endgroup]
2025-09-02T18:43:21.9796262Z [command]/usr/bin/git log -1 --format=%H
2025-09-02T18:43:21.9822112Z 7805618378438c87c31f9b226207fa051673afb1
2025-09-02T18:43:21.9937527Z ##[group]Run timeout 359m python3 message_viewer.py || { [[ $? -eq 124 ]] && exit 0; }
2025-09-02T18:43:21.9938132Z [36;1mtimeout 359m python3 message_viewer.py || { [[ $? -eq 124 ]] && exit 0; }[0m
2025-09-02T18:43:21.9975044Z shell: /usr/bin/bash -e {0}
2025-09-02T18:43:21.9975322Z env:
2025-09-02T18:43:21.9975610Z   pythonLocation: /opt/hostedtoolcache/Python/3.12.5/x64
2025-09-02T18:43:21.9976030Z   PKG_CONFIG_PATH: /opt/hostedtoolcache/Python/3.12.5/x64/lib/pkgconfig
2025-09-02T18:43:21.9976711Z   Python_ROOT_DIR: /opt/hostedtoolcache/Python/3.12.5/x64
2025-09-02T18:43:21.9977060Z   Python2_ROOT_DIR: /opt/hostedtoolcache/Python/3.12.5/x64
2025-09-02T18:43:21.9977413Z   Python3_ROOT_DIR: /opt/hostedtoolcache/Python/3.12.5/x64
2025-09-02T18:43:21.9977773Z   LD_LIBRARY_PATH: /opt/hostedtoolcache/Python/3.12.5/x64/lib
2025-09-02T18:43:21.9978574Z   PASS: ***
2025-09-02T18:43:21.9978766Z ##[endgroup]
2025-09-02T18:43:23.1274213Z Thanks for giving credit for CloudRequests!
2025-09-02T18:43:23.1274736Z Request handler is running
2025-09-02T18:43:23.1281151Z Request handler is running
2025-09-03T00:31:40.4662667Z CloudEvents: Disconnected. Reconnecting ... 1756838761.1713994
2025-09-03T00:31:40.4663542Z CloudEvents: Reconnected. 1756838761.2715888
2025-09-03T00:31:40.4664147Z CloudEvents: Disconnected. Reconnecting ... 1756839113.0591695
2025-09-03T00:31:40.4664623Z CloudEvents: Reconnected. 1756839113.1593943
2025-09-03T00:31:40.4665095Z CloudEvents: Disconnected. Reconnecting ... 1756839413.8498352
2025-09-03T00:31:40.4665580Z CloudEvents: Reconnected. 1756839413.9500213
2025-09-03T00:31:40.4666016Z CloudEvents: Disconnected. Reconnecting ... 1756839533.7793539
2025-09-03T00:31:40.4666471Z CloudEvents: Reconnected. 1756839533.8795638
2025-09-03T00:31:40.4666803Z CloudEvents: Disconnected. Reconnecting ... 1756840202.0285196
2025-09-03T00:31:40.4667139Z CloudEvents: Reconnected. 1756840202.1286592
2025-09-03T00:31:40.4667478Z CloudEvents: Disconnected. Reconnecting ... 1756840498.213211
2025-09-03T00:31:40.4667815Z CloudEvents: Reconnected. 1756840498.3133743
2025-09-03T00:31:40.4668142Z CloudEvents: Disconnected. Reconnecting ... 1756840903.988166
2025-09-03T00:31:40.4668469Z CloudEvents: Reconnected. 1756840904.0883112
2025-09-03T00:31:40.4668796Z CloudEvents: Disconnected. Reconnecting ... 1756841303.5546691
2025-09-03T00:31:40.4669128Z CloudEvents: Reconnected. 1756841303.654809
2025-09-03T00:31:40.4669447Z CloudEvents: Disconnected. Reconnecting ... 1756841585.273998
2025-09-03T00:31:40.4669784Z CloudEvents: Reconnected. 1756841585.3741484
2025-09-03T00:31:40.4670109Z CloudEvents: Disconnected. Reconnecting ... 1756841585.4832244
2025-09-03T00:31:40.4670443Z CloudEvents: Reconnected. 1756841585.5833614
2025-09-03T00:31:40.4671051Z CloudEvents: Disconnected. Reconnecting ... 1756842573.8261478
2025-09-03T00:31:40.4671407Z CloudEvents: Reconnected. 1756842573.9263744
2025-09-03T00:31:40.4671745Z CloudEvents: Disconnected. Reconnecting ... 1756843542.8022418
2025-09-03T00:31:40.4672087Z CloudEvents: Reconnected. 1756843542.9024382
2025-09-03T00:31:40.4672414Z CloudEvents: Disconnected. Reconnecting ... 1756843626.6360497
2025-09-03T00:31:40.4672749Z CloudEvents: Reconnected. 1756843626.7363126
2025-09-03T00:31:40.4673075Z CloudEvents: Disconnected. Reconnecting ... 1756843848.0912557
2025-09-03T00:31:40.4673401Z CloudEvents: Reconnected. 1756843848.191381
2025-09-03T00:31:40.4673726Z CloudEvents: Disconnected. Reconnecting ... 1756843879.1347466
2025-09-03T00:31:40.4674059Z CloudEvents: Reconnected. 1756843879.2349052
2025-09-03T00:31:40.4674385Z CloudEvents: Disconnected. Reconnecting ... 1756843883.8867898
2025-09-03T00:31:40.4674715Z CloudEvents: Reconnected. 1756843883.9869661
2025-09-03T00:31:40.4675036Z CloudEvents: Disconnected. Reconnecting ... 1756844224.6973062
2025-09-03T00:31:40.4675370Z CloudEvents: Reconnected. 1756844224.7974856
2025-09-03T00:31:40.4675696Z CloudEvents: Disconnected. Reconnecting ... 1756844366.7176054
2025-09-03T00:31:40.4676441Z CloudEvents: Reconnected. 1756844366.817761
2025-09-03T00:31:40.4676793Z CloudEvents: Disconnected. Reconnecting ... 1756844379.995018
2025-09-03T00:31:40.4677103Z CloudEvents: Reconnected. 1756844380.0951972
2025-09-03T00:31:40.4677407Z CloudEvents: Disconnected. Reconnecting ... 1756844619.432912
2025-09-03T00:31:40.4677707Z CloudEvents: Reconnected. 1756844619.5331907
2025-09-03T00:31:40.4678012Z CloudEvents: Disconnected. Reconnecting ... 1756844619.6426053
2025-09-03T00:31:40.4678319Z CloudEvents: Reconnected. 1756844619.7428193
2025-09-03T00:31:40.4678768Z CloudEvents: Disconnected. Reconnecting ... 1756844635.969366
2025-09-03T00:31:40.4679068Z CloudEvents: Reconnected. 1756844636.069849
2025-09-03T00:31:40.4679362Z CloudEvents: Disconnected. Reconnecting ... 1756844816.2332587
2025-09-03T00:31:40.4679669Z CloudEvents: Reconnected. 1756844816.3334577
2025-09-03T00:31:40.4679967Z CloudEvents: Disconnected. Reconnecting ... 1756844824.342561
2025-09-03T00:31:40.4680267Z CloudEvents: Reconnected. 1756844824.442876
2025-09-03T00:31:40.4680720Z CloudEvents: Disconnected. Reconnecting ... 1756844860.8091917
2025-09-03T00:31:40.4681068Z CloudEvents: Reconnected. 1756844860.909394
2025-09-03T00:31:40.4681362Z CloudEvents: Disconnected. Reconnecting ... 1756844861.0284185
2025-09-03T00:31:40.4681669Z CloudEvents: Reconnected. 1756844861.1286206
2025-09-03T00:31:40.4681968Z CloudEvents: Disconnected. Reconnecting ... 1756845285.8690534
2025-09-03T00:31:40.4682266Z CloudEvents: Reconnected. 1756845285.969235
2025-09-03T00:31:40.4682562Z CloudEvents: Disconnected. Reconnecting ... 1756845388.7703316
2025-09-03T00:31:40.4682875Z CloudEvents: Reconnected. 1756845388.8705235
2025-09-03T00:31:40.4683168Z CloudEvents: Disconnected. Reconnecting ... 1756845799.9682963
2025-09-03T00:31:40.4683477Z CloudEvents: Reconnected. 1756845800.068512
2025-09-03T00:31:40.4683773Z CloudEvents: Disconnected. Reconnecting ... 1756845884.6121886
2025-09-03T00:31:40.4684078Z CloudEvents: Reconnected. 1756845884.712408
2025-09-03T00:31:40.4684385Z CloudEvents: Disconnected. Reconnecting ... 1756845884.8203511
2025-09-03T00:31:40.4684687Z CloudEvents: Reconnected. 1756845884.9218614
2025-09-03T00:31:40.4684993Z CloudEvents: Disconnected. Reconnecting ... 1756846496.4079125
2025-09-03T00:31:40.4685299Z CloudEvents: Reconnected. 1756846496.508044
2025-09-03T00:31:40.4685598Z CloudEvents: Disconnected. Reconnecting ... 1756847628.893908
2025-09-03T00:31:40.4685970Z CloudEvents: Reconnected. 1756847628.994049
2025-09-03T00:31:40.4686304Z CloudEvents: Disconnected. Reconnecting ... 1756848793.9960206
2025-09-03T00:31:40.4686612Z CloudEvents: Reconnected. 1756848794.096252
2025-09-03T00:31:40.4686899Z CloudEvents: Disconnected. Reconnecting ... 1756848794.2070372
2025-09-03T00:31:40.4687205Z CloudEvents: Reconnected. 1756848794.3072274
2025-09-03T00:31:40.4687499Z CloudEvents: Disconnected. Reconnecting ... 1756848866.1072674
2025-09-03T00:31:40.4687806Z CloudEvents: Reconnected. 1756848866.2074063
2025-09-03T00:31:40.4688110Z CloudEvents: Disconnected. Reconnecting ... 1756848866.31773
2025-09-03T00:31:40.4688402Z CloudEvents: Reconnected. 1756848866.417857
2025-09-03T00:31:40.4688696Z CloudEvents: Disconnected. Reconnecting ... 1756848938.1795557
2025-09-03T00:31:40.4689003Z CloudEvents: Reconnected. 1756848938.2797446
2025-09-03T00:31:40.4689297Z CloudEvents: Disconnected. Reconnecting ... 1756849466.1859012
2025-09-03T00:31:40.4689631Z CloudEvents: Reconnected. 1756849466.286044
2025-09-03T00:31:40.4689930Z CloudEvents: Disconnected. Reconnecting ... 1756849488.3449097
2025-09-03T00:31:40.4690233Z CloudEvents: Reconnected. 1756849488.4451225
2025-09-03T00:31:40.4692851Z CloudEvents: Disconnected. Reconnecting ... 1756849516.5923798
2025-09-03T00:31:40.4693186Z CloudEvents: Reconnected. 1756849516.6925542
2025-09-03T00:31:40.4693497Z CloudEvents: Disconnected. Reconnecting ... 1756849835.347187
2025-09-03T00:31:40.4693811Z CloudEvents: Reconnected. 1756849835.4473252
2025-09-03T00:31:40.4694116Z CloudEvents: Disconnected. Reconnecting ... 1756850113.1473265
2025-09-03T00:31:40.4694592Z CloudEvents: Reconnected. 1756850113.2474916
2025-09-03T00:31:40.4694903Z CloudEvents: Disconnected. Reconnecting ... 1756850303.9817045
2025-09-03T00:31:40.4695206Z CloudEvents: Reconnected. 1756850304.0818558
2025-09-03T00:31:40.4695504Z CloudEvents: Disconnected. Reconnecting ... 1756850495.848816
2025-09-03T00:31:40.4695808Z CloudEvents: Reconnected. 1756850495.9489505
2025-09-03T00:31:40.4696111Z CloudEvents: Disconnected. Reconnecting ... 1756850510.0138109
2025-09-03T00:31:40.4696421Z CloudEvents: Reconnected. 1756850510.1139505
2025-09-03T00:31:40.4696871Z CloudEvents: Disconnected. Reconnecting ... 1756851193.880984
2025-09-03T00:31:40.4697170Z CloudEvents: Reconnected. 1756851193.9812834
2025-09-03T00:31:40.4697469Z CloudEvents: Disconnected. Reconnecting ... 1756853225.7096753
2025-09-03T00:31:40.4697773Z CloudEvents: Reconnected. 1756853225.809839
2025-09-03T00:31:40.4698069Z CloudEvents: Disconnected. Reconnecting ... 1756853297.3820157
2025-09-03T00:31:40.4698385Z CloudEvents: Reconnected. 1756853297.4821804
2025-09-03T00:31:40.4698682Z CloudEvents: Disconnected. Reconnecting ... 1756853806.4582841
2025-09-03T00:31:40.4698990Z CloudEvents: Reconnected. 1756853806.5584354
2025-09-03T00:31:40.4699286Z CloudEvents: Disconnected. Reconnecting ... 1756854116.655895
2025-09-03T00:31:40.4699584Z CloudEvents: Reconnected. 1756854116.7560954
2025-09-03T00:31:40.4699881Z CloudEvents: Disconnected. Reconnecting ... 1756854267.4635327
2025-09-03T00:31:40.4700183Z CloudEvents: Reconnected. 1756854267.5636828
2025-09-03T00:31:40.4700483Z CloudEvents: Disconnected. Reconnecting ... 1756855081.077394
2025-09-03T00:31:40.4701045Z CloudEvents: Reconnected. 1756855081.1776001
2025-09-03T00:31:40.4701354Z CloudEvents: Disconnected. Reconnecting ... 1756855403.1064277
2025-09-03T00:31:40.4701655Z CloudEvents: Reconnected. 1756855403.2066486
2025-09-03T00:31:40.4701967Z CloudEvents: Disconnected. Reconnecting ... 1756855439.6292598
2025-09-03T00:31:40.4702269Z CloudEvents: Reconnected. 1756855439.7294722
2025-09-03T00:31:40.4702574Z CloudEvents: Disconnected. Reconnecting ... 1756855709.0377471
2025-09-03T00:31:40.4702886Z CloudEvents: Reconnected. 1756855709.137894
2025-09-03T00:31:40.4703187Z CloudEvents: Disconnected. Reconnecting ... 1756855745.0118208
2025-09-03T00:31:40.4703492Z CloudEvents: Reconnected. 1756855745.1119719
2025-09-03T00:31:40.4703794Z CloudEvents: Disconnected. Reconnecting ... 1756855869.5686164
2025-09-03T00:31:40.4704093Z CloudEvents: Reconnected. 1756855869.6687934
2025-09-03T00:31:40.4704392Z CloudEvents: Disconnected. Reconnecting ... 1756856155.584916
2025-09-03T00:31:40.4704705Z CloudEvents: Reconnected. 1756856155.6850753
2025-09-03T00:31:40.4705000Z CloudEvents: Disconnected. Reconnecting ... 1756856216.4950376
2025-09-03T00:31:40.4705305Z CloudEvents: Reconnected. 1756856216.5951827
2025-09-03T00:31:40.4705609Z CloudEvents: Disconnected. Reconnecting ... 1756856270.5480137
2025-09-03T00:31:40.4705907Z CloudEvents: Reconnected. 1756856270.6482024
2025-09-03T00:31:40.4706218Z CloudEvents: Disconnected. Reconnecting ... 1756856360.6274195
2025-09-03T00:31:40.4706530Z CloudEvents: Reconnected. 1756856360.727635
2025-09-03T00:31:40.4706823Z CloudEvents: Disconnected. Reconnecting ... 1756856707.4065413
2025-09-03T00:31:40.4707141Z CloudEvents: Reconnected. 1756856707.506718
2025-09-03T00:31:40.4707438Z CloudEvents: Disconnected. Reconnecting ... 1756856839.794636
2025-09-03T00:31:40.4707748Z CloudEvents: Reconnected. 1756856839.8947787
2025-09-03T00:31:40.4708047Z CloudEvents: Disconnected. Reconnecting ... 1756857041.594676
2025-09-03T00:31:40.4708349Z CloudEvents: Reconnected. 1756857041.6948242
2025-09-03T00:31:40.4708648Z CloudEvents: Disconnected. Reconnecting ... 1756857100.2822983
2025-09-03T00:31:40.4708952Z CloudEvents: Reconnected. 1756857100.3824444
2025-09-03T00:31:40.4709247Z CloudEvents: Disconnected. Reconnecting ... 1756857143.9962761
2025-09-03T00:31:40.4709555Z CloudEvents: Reconnected. 1756857144.0964472
2025-09-03T00:31:40.4709991Z CloudEvents: Disconnected. Reconnecting ... 1756857424.9832664
2025-09-03T00:31:40.4710297Z CloudEvents: Reconnected. 1756857425.0834408
2025-09-03T00:31:40.4710831Z CloudEvents: Disconnected. Reconnecting ... 1756857455.9484165
2025-09-03T00:31:40.4711156Z CloudEvents: Reconnected. 1756857456.0485942
2025-09-03T00:31:40.4711449Z CloudEvents: Disconnected. Reconnecting ... 1756857581.4674375
2025-09-03T00:31:40.4711756Z CloudEvents: Reconnected. 1756857581.5676396
2025-09-03T00:31:40.4712051Z CloudEvents: Disconnected. Reconnecting ... 1756857586.2686274
2025-09-03T00:31:40.4712487Z CloudEvents: Reconnected. 1756857586.3688166
2025-09-03T00:31:40.4712787Z CloudEvents: Disconnected. Reconnecting ... 1756857835.3743157
2025-09-03T00:31:40.4713090Z CloudEvents: Reconnected. 1756857835.4745262
2025-09-03T00:31:40.4713385Z CloudEvents: Disconnected. Reconnecting ... 1756858266.2509084
2025-09-03T00:31:40.4713689Z CloudEvents: Reconnected. 1756858266.3511057
2025-09-03T00:31:40.4713980Z CloudEvents: Disconnected. Reconnecting ... 1756858301.7421534
2025-09-03T00:31:40.4714292Z CloudEvents: Reconnected. 1756858301.8423548
2025-09-03T00:31:40.4714590Z CloudEvents: Disconnected. Reconnecting ... 1756859232.7948081
2025-09-03T00:31:40.4714891Z CloudEvents: Reconnected. 1756859232.8950045
2025-09-03T00:31:40.4715188Z CloudEvents: Disconnected. Reconnecting ... 1756859321.9962556
2025-09-03T00:31:40.4715491Z CloudEvents: Reconnected. 1756859322.0964181
2025-09-03T00:42:22.0084307Z CloudEvents: Disconnected. Reconnecting ...
2025-09-03T00:42:22.0138703Z Post job cleanup.
2025-09-03T00:42:22.0934053Z [command]/usr/bin/git version
2025-09-03T00:42:22.0973859Z git version 2.51.0
2025-09-03T00:42:22.1014080Z Temporarily overriding HOME='/home/runner/work/_temp/c4fae770-4ec5-4e56-b59d-f3f4cc08bada' before making global git config changes
2025-09-03T00:42:22.1015317Z Adding repository directory to the temporary git global config as a safe directory
2025-09-03T00:42:22.1020149Z [command]/usr/bin/git config --global --add safe.directory /home/runner/work/scratchattach/scratchattach
2025-09-03T00:42:22.1057845Z [command]/usr/bin/git config --local --name-only --get-regexp core\.sshCommand
2025-09-03T00:42:22.1091118Z [command]/usr/bin/git submodule foreach --recursive sh -c "git config --local --name-only --get-regexp 'core\.sshCommand' && git config --local --unset-all 'core.sshCommand' || :"
2025-09-03T00:42:22.1320901Z [command]/usr/bin/git config --local --name-only --get-regexp http\.https\:\/\/github\.com\/\.extraheader
2025-09-03T00:42:22.1344089Z http.https://github.com/.extraheader
2025-09-03T00:42:22.1353871Z [command]/usr/bin/git config --local --unset-all http.https://github.com/.extraheader
2025-09-03T00:42:22.1386014Z [command]/usr/bin/git submodule foreach --recursive sh -c "git config --local --name-only --get-regexp 'http\.https\:\/\/github\.com\/\.extraheader' && git config --local --unset-all 'http.https://github.com/.extraheader' || :"
2025-09-03T00:42:22.1726883Z Post job cleanup.
2025-09-03T00:42:22.3504969Z Post job cleanup.
2025-09-03T00:42:22.4420059Z [command]/usr/bin/git version
2025-09-03T00:42:22.4460531Z git version 2.51.0
2025-09-03T00:42:22.4499024Z Temporarily overriding HOME='/home/runner/work/_temp/6fda0e91-9974-4eee-b22d-1712a433237d' before making global git config changes
2025-09-03T00:42:22.4500310Z Adding repository directory to the temporary git global config as a safe directory
2025-09-03T00:42:22.4506017Z [command]/usr/bin/git config --global --add safe.directory /home/runner/work/scratchattach/scratchattach
2025-09-03T00:42:22.4543872Z [command]/usr/bin/git config --local --name-only --get-regexp core\.sshCommand
2025-09-03T00:42:22.4579163Z [command]/usr/bin/git submodule foreach --recursive sh -c "git config --local --name-only --get-regexp 'core\.sshCommand' && git config --local --unset-all 'core.sshCommand' || :"
2025-09-03T00:42:22.4840052Z [command]/usr/bin/git config --local --name-only --get-regexp http\.https\:\/\/github\.com\/\.extraheader
2025-09-03T00:42:22.4874286Z [command]/usr/bin/git submodule foreach --recursive sh -c "git config --local --name-only --get-regexp 'http\.https\:\/\/github\.com\/\.extraheader' && git config --local --unset-all 'http.https://github.com/.extraheader' || :"
2025-09-03T00:42:22.5265405Z Cleaning up orphan processes
