2026-01-01T20:11:48.4878792Z Current runner version: '2.330.0'
2026-01-01T20:11:48.4903694Z ##[group]Runner Image Provisioner
2026-01-01T20:11:48.4904399Z Hosted Compute Agent
2026-01-01T20:11:48.4904882Z Version: 20251211.462
2026-01-01T20:11:48.4905455Z Commit: 6cbad8c2bb55d58165063d031ccabf57e2d2db61
2026-01-01T20:11:48.4906059Z Build Date: 2025-12-11T16:28:49Z
2026-01-01T20:11:48.4906651Z Worker ID: {44e01f09-473b-4947-9ecb-67fd45d16799}
2026-01-01T20:11:48.4907247Z ##[endgroup]
2026-01-01T20:11:48.4907704Z ##[group]Operating System
2026-01-01T20:11:48.4908220Z Microsoft Windows Server 2025
2026-01-01T20:11:48.4908732Z 10.0.26100
2026-01-01T20:11:48.4909117Z Datacenter
2026-01-01T20:11:48.4909517Z ##[endgroup]
2026-01-01T20:11:48.4909948Z ##[group]Runner Image
2026-01-01T20:11:48.4910384Z Image: windows-2025
2026-01-01T20:11:48.4910864Z Version: 20251216.149.1
2026-01-01T20:11:48.4912124Z Included Software: https://github.com/actions/runner-images/blob/win25/20251216.149/images/windows/Windows2025-Readme.md
2026-01-01T20:11:48.4913534Z Image Release: https://github.com/actions/runner-images/releases/tag/win25%2F20251216.149
2026-01-01T20:11:48.4914363Z ##[endgroup]
2026-01-01T20:11:48.4915252Z ##[group]GITHUB_TOKEN Permissions
2026-01-01T20:11:48.4916945Z Contents: read
2026-01-01T20:11:48.4917457Z Metadata: read
2026-01-01T20:11:48.4917894Z ##[endgroup]
2026-01-01T20:11:48.4920186Z Secret source: Actions
2026-01-01T20:11:48.4921058Z Prepare workflow directory
2026-01-01T20:11:48.5273160Z Prepare all required actions
2026-01-01T20:11:48.5327382Z Getting action download info
2026-01-01T20:11:48.9128368Z Download action repository 'actions/checkout@v6.0.1' (SHA:8e8c483db84b4bee98b60c0593521ed34d9990e8)
2026-01-01T20:11:49.0435652Z Download action repository 'actions/setup-python@v6.1.0' (SHA:83679a892e2d95755f2dac6acb0bfd1e9ac5d548)
2026-01-01T20:11:49.3217102Z Complete job name: build (3.12, windows-latest)
2026-01-01T20:11:49.4529087Z ##[group]Run actions/checkout@v6.0.1
2026-01-01T20:11:49.4530074Z with:
2026-01-01T20:11:49.4530460Z   repository: Boss-1s/scratchattach
2026-01-01T20:11:49.4531107Z   token: ***
2026-01-01T20:11:49.4531465Z   ssh-strict: true
2026-01-01T20:11:49.4531909Z   ssh-user: git
2026-01-01T20:11:49.4532362Z   persist-credentials: true
2026-01-01T20:11:49.4532878Z   clean: true
2026-01-01T20:11:49.4533318Z   sparse-checkout-cone-mode: true
2026-01-01T20:11:49.4533866Z   fetch-depth: 1
2026-01-01T20:11:49.4534302Z   fetch-tags: false
2026-01-01T20:11:49.4534747Z   show-progress: true
2026-01-01T20:11:49.4535639Z   lfs: false
2026-01-01T20:11:49.4536092Z   submodules: false
2026-01-01T20:11:49.4536539Z   set-safe-directory: true
2026-01-01T20:11:49.4537347Z ##[endgroup]
2026-01-01T20:11:49.5969712Z Syncing repository: Boss-1s/scratchattach
2026-01-01T20:11:49.5972407Z ##[group]Getting Git version info
2026-01-01T20:11:49.5973924Z Working directory is 'D:\a\scratchattach\scratchattach'
2026-01-01T20:11:49.6867478Z [command]"C:\Program Files\Git\bin\git.exe" version
2026-01-01T20:11:49.9876998Z git version 2.52.0.windows.1
2026-01-01T20:11:49.9928679Z ##[endgroup]
2026-01-01T20:11:49.9947825Z Temporarily overriding HOME='D:\a\_temp\68ba87b3-2cb2-4129-9493-5ea8fce0086e' before making global git config changes
2026-01-01T20:11:49.9949052Z Adding repository directory to the temporary git global config as a safe directory
2026-01-01T20:11:49.9957584Z [command]"C:\Program Files\Git\bin\git.exe" config --global --add safe.directory D:\a\scratchattach\scratchattach
2026-01-01T20:11:50.0463797Z Deleting the contents of 'D:\a\scratchattach\scratchattach'
2026-01-01T20:11:50.0469806Z ##[group]Initializing the repository
2026-01-01T20:11:50.0477794Z [command]"C:\Program Files\Git\bin\git.exe" init D:\a\scratchattach\scratchattach
2026-01-01T20:11:50.1289417Z Initialized empty Git repository in D:/a/scratchattach/scratchattach/.git/
2026-01-01T20:11:50.1334539Z [command]"C:\Program Files\Git\bin\git.exe" remote add origin https://github.com/Boss-1s/scratchattach
2026-01-01T20:11:50.1854890Z ##[endgroup]
2026-01-01T20:11:50.1855603Z ##[group]Disabling automatic garbage collection
2026-01-01T20:11:50.1863797Z [command]"C:\Program Files\Git\bin\git.exe" config --local gc.auto 0
2026-01-01T20:11:50.2161479Z ##[endgroup]
2026-01-01T20:11:50.2162676Z ##[group]Setting up auth
2026-01-01T20:11:50.2163776Z Removing SSH command configuration
2026-01-01T20:11:50.2179107Z [command]"C:\Program Files\Git\bin\git.exe" config --local --name-only --get-regexp core\.sshCommand
2026-01-01T20:11:50.2485854Z [command]"C:\Program Files\Git\bin\git.exe" submodule foreach --recursive "sh -c \"git config --local --name-only --get-regexp 'core\.sshCommand' && git config --local --unset-all 'core.sshCommand' || :\""
2026-01-01T20:11:51.5682537Z Removing HTTP extra header
2026-01-01T20:11:51.5697336Z [command]"C:\Program Files\Git\bin\git.exe" config --local --name-only --get-regexp http\.https\:\/\/github\.com\/\.extraheader
2026-01-01T20:11:51.6002329Z [command]"C:\Program Files\Git\bin\git.exe" submodule foreach --recursive "sh -c \"git config --local --name-only --get-regexp 'http\.https\:\/\/github\.com\/\.extraheader' && git config --local --unset-all 'http.https://github.com/.extraheader' || :\""
2026-01-01T20:11:52.1084954Z Removing includeIf entries pointing to credentials config files
2026-01-01T20:11:52.1095646Z [command]"C:\Program Files\Git\bin\git.exe" config --local --name-only --get-regexp ^includeIf\.gitdir:
2026-01-01T20:11:52.1396298Z [command]"C:\Program Files\Git\bin\git.exe" submodule foreach --recursive "git config --local --show-origin --name-only --get-regexp remote.origin.url"
2026-01-01T20:11:52.6504311Z [command]"C:\Program Files\Git\bin\git.exe" config --file D:\a\_temp\git-credentials-e1c4ef1d-50f5-4b53-bc5f-49a88ec6f5bf.config http.https://github.com/.extraheader "AUTHORIZATION: basic ***"
2026-01-01T20:11:52.6818246Z [command]"C:\Program Files\Git\bin\git.exe" config --local includeIf.gitdir:D:/a/scratchattach/scratchattach/.git.path D:\a\_temp\git-credentials-e1c4ef1d-50f5-4b53-bc5f-49a88ec6f5bf.config
2026-01-01T20:11:52.7130723Z [command]"C:\Program Files\Git\bin\git.exe" config --local includeIf.gitdir:D:/a/scratchattach/scratchattach/.git/worktrees/*.path D:\a\_temp\git-credentials-e1c4ef1d-50f5-4b53-bc5f-49a88ec6f5bf.config
2026-01-01T20:11:52.7485490Z [command]"C:\Program Files\Git\bin\git.exe" config --local includeIf.gitdir:/github/workspace/.git.path /github/runner_temp/git-credentials-e1c4ef1d-50f5-4b53-bc5f-49a88ec6f5bf.config
2026-01-01T20:11:52.7798096Z [command]"C:\Program Files\Git\bin\git.exe" config --local includeIf.gitdir:/github/workspace/.git/worktrees/*.path /github/runner_temp/git-credentials-e1c4ef1d-50f5-4b53-bc5f-49a88ec6f5bf.config
2026-01-01T20:11:52.8087796Z ##[endgroup]
2026-01-01T20:11:52.8088281Z ##[group]Fetching the repository
2026-01-01T20:11:52.8100867Z [command]"C:\Program Files\Git\bin\git.exe" -c protocol.version=2 fetch --no-tags --prune --no-recurse-submodules --depth=1 origin +4cc5419e56a2509e4cbf2e6c4b2d9574a41ea43e:refs/remotes/origin/key_multivalue_storage_refactor
2026-01-01T20:11:56.8977464Z From https://github.com/Boss-1s/scratchattach
2026-01-01T20:11:56.8978485Z  * [new ref]         4cc5419e56a2509e4cbf2e6c4b2d9574a41ea43e -> origin/key_multivalue_storage_refactor
2026-01-01T20:11:56.9235683Z ##[endgroup]
2026-01-01T20:11:56.9236335Z ##[group]Determining the checkout info
2026-01-01T20:11:56.9237400Z ##[endgroup]
2026-01-01T20:11:56.9247360Z [command]"C:\Program Files\Git\bin\git.exe" sparse-checkout disable
2026-01-01T20:11:56.9705527Z [command]"C:\Program Files\Git\bin\git.exe" config --local --unset-all extensions.worktreeConfig
2026-01-01T20:11:56.9991512Z ##[group]Checking out the ref
2026-01-01T20:11:57.0000317Z [command]"C:\Program Files\Git\bin\git.exe" checkout --progress --force -B key_multivalue_storage_refactor refs/remotes/origin/key_multivalue_storage_refactor
2026-01-01T20:11:58.1031038Z Updating files:  70% (1902/2681)
2026-01-01T20:11:58.1153472Z Updating files:  71% (1904/2681)
2026-01-01T20:11:58.1254121Z Updating files:  72% (1931/2681)
2026-01-01T20:11:58.1360802Z Updating files:  73% (1958/2681)
2026-01-01T20:11:58.1475450Z Updating files:  74% (1984/2681)
2026-01-01T20:11:58.1563639Z Updating files:  75% (2011/2681)
2026-01-01T20:11:58.1677107Z Updating files:  76% (2038/2681)
2026-01-01T20:11:58.1825691Z Updating files:  77% (2065/2681)
2026-01-01T20:11:58.1933947Z Updating files:  78% (2092/2681)
2026-01-01T20:11:58.2033311Z Updating files:  79% (2118/2681)
2026-01-01T20:11:58.2131541Z Updating files:  80% (2145/2681)
2026-01-01T20:11:58.2232774Z Updating files:  81% (2172/2681)
2026-01-01T20:11:58.2430956Z Updating files:  82% (2199/2681)
2026-01-01T20:11:58.2560074Z Updating files:  83% (2226/2681)
2026-01-01T20:11:58.2716846Z Updating files:  84% (2253/2681)
2026-01-01T20:11:58.2804267Z Updating files:  85% (2279/2681)
2026-01-01T20:11:58.2883069Z Updating files:  86% (2306/2681)
2026-01-01T20:11:58.2964178Z Updating files:  87% (2333/2681)
2026-01-01T20:11:58.3156442Z Updating files:  88% (2360/2681)
2026-01-01T20:11:58.3300568Z Updating files:  89% (2387/2681)
2026-01-01T20:11:58.3424553Z Updating files:  90% (2413/2681)
2026-01-01T20:11:58.3574723Z Updating files:  91% (2440/2681)
2026-01-01T20:11:58.3699533Z Updating files:  92% (2467/2681)
2026-01-01T20:11:58.3801540Z Updating files:  93% (2494/2681)
2026-01-01T20:11:58.3986215Z Updating files:  94% (2521/2681)
2026-01-01T20:11:58.4142504Z Updating files:  95% (2547/2681)
2026-01-01T20:11:58.4342342Z Updating files:  96% (2574/2681)
2026-01-01T20:11:59.0541672Z Updating files:  97% (2601/2681)
2026-01-01T20:11:59.1190287Z Updating files:  97% (2624/2681)
2026-01-01T20:11:59.3356230Z Updating files:  98% (2628/2681)
2026-01-01T20:11:59.4853698Z Updating files:  99% (2655/2681)
2026-01-01T20:11:59.4856614Z Updating files: 100% (2681/2681)
2026-01-01T20:11:59.4858183Z Updating files: 100% (2681/2681), done.
2026-01-01T20:11:59.5060986Z branch 'key_multivalue_storage_refactor' set up to track 'origin/key_multivalue_storage_refactor'.
2026-01-01T20:11:59.5085788Z Switched to a new branch 'key_multivalue_storage_refactor'
2026-01-01T20:11:59.5232750Z ##[endgroup]
2026-01-01T20:11:59.5609585Z [command]"C:\Program Files\Git\bin\git.exe" log -1 --format=%H
2026-01-01T20:11:59.5882223Z 4cc5419e56a2509e4cbf2e6c4b2d9574a41ea43e
2026-01-01T20:11:59.6297697Z ##[group]Run actions/setup-python@v6.1.0
2026-01-01T20:11:59.6298032Z with:
2026-01-01T20:11:59.6298196Z   python-version: 3.12
2026-01-01T20:11:59.6298402Z   check-latest: false
2026-01-01T20:11:59.6298886Z   token: ***
2026-01-01T20:11:59.6299068Z   update-environment: true
2026-01-01T20:11:59.6299265Z   allow-prereleases: false
2026-01-01T20:11:59.6299451Z   freethreaded: false
2026-01-01T20:11:59.6299626Z ##[endgroup]
2026-01-01T20:11:59.7910678Z ##[group]Installed versions
2026-01-01T20:11:59.8163805Z (node:3644) [DEP0040] DeprecationWarning: The `punycode` module is deprecated. Please use a userland alternative instead.
2026-01-01T20:11:59.8165331Z (Use `node --trace-deprecation ...` to show where the warning was created)
2026-01-01T20:11:59.8165962Z Successfully set up CPython (3.12.10)
2026-01-01T20:11:59.8166624Z ##[endgroup]
2026-01-01T20:11:59.8434007Z ##[group]Run cd test
2026-01-01T20:11:59.8434339Z [36;1mcd test[0m
2026-01-01T20:11:59.8434524Z [36;1mpython3 o_test1.py[0m
2026-01-01T20:11:59.9220885Z shell: C:\Program Files\PowerShell\7\pwsh.EXE -command ". '{0}'"
2026-01-01T20:11:59.9221220Z env:
2026-01-01T20:11:59.9221468Z   pythonLocation: C:\hostedtoolcache\windows\Python\3.12.10\x64
2026-01-01T20:11:59.9221927Z   PKG_CONFIG_PATH: C:\hostedtoolcache\windows\Python\3.12.10\x64/lib/pkgconfig
2026-01-01T20:11:59.9222353Z   Python_ROOT_DIR: C:\hostedtoolcache\windows\Python\3.12.10\x64
2026-01-01T20:11:59.9222735Z   Python2_ROOT_DIR: C:\hostedtoolcache\windows\Python\3.12.10\x64
2026-01-01T20:11:59.9223110Z   Python3_ROOT_DIR: C:\hostedtoolcache\windows\Python\3.12.10\x64
2026-01-01T20:11:59.9223396Z ##[endgroup]
2026-01-01T20:12:07.0562092Z Deleted all data from otest.json sucessfully.
2026-01-01T20:12:07.0636786Z Data for key 'test_top_level_key' stored successfully in 'otest.json'.
2026-01-01T20:12:07.0709537Z Data for key 'test_top_level_key2' stored successfully in 'otest.json'.
2026-01-01T20:12:07.0779968Z Data for key 'test_top_level_key2' stored successfully in 'otest.json'.
2026-01-01T20:12:07.0848687Z Data for key 'test_top_level_key' stored successfully in 'otest.json'.
2026-01-01T20:12:07.0910364Z Sucessfully changed value skibidi toilet to sigma under key test_top_level_key.sk2.
2026-01-01T20:12:07.0977896Z Successfully deleted key 'test_top_level_key2' from 'otest.json'.
2026-01-01T20:12:07.1043944Z Deleted all data from otest.json sucessfully.
2026-01-01T20:12:07.1066578Z WARNING:py.warnings:D:\a\scratchattach\scratchattach\key_multivalue_storage.py:631: AdditionFailureWarning: WARNING! You are strongly advised against adding a Storage instance and a dict/list together, as it may break the Storage instance that is created.
2026-01-01T20:12:07.1067821Z   warnings.warn("WARNING! You are strongly advised against adding a Storage "+
2026-01-01T20:12:07.1068095Z 
2026-01-01T20:12:07.1068834Z WARNING:py.warnings:D:\a\scratchattach\scratchattach\key_multivalue_storage.py:638: AdditionFailureWarning: WARNING! You are strongly advised against adding a Storage instance and a dict/list together, as it may break the Storage instance that is created.
2026-01-01T20:12:07.1069805Z   warnings.warn("WARNING! You are strongly advised against adding a Storage "+
2026-01-01T20:12:07.1070123Z 
2026-01-01T20:12:07.1106275Z Deleted all data from otest.json sucessfully.
2026-01-01T20:12:07.1106853Z Sucessfully deleted all data from otest.json.
2026-01-01T20:12:07.1107218Z Begin test
2026-01-01T20:12:07.1107438Z --------------------
2026-01-01T20:12:07.1107764Z Part 1: Storing, Editing, and Deleting via JSON
2026-01-01T20:12:07.1108165Z --------------------
2026-01-01T20:12:07.1108557Z Data for key 'test_top_level_key' stored successfully in 'otest.json'.
2026-01-01T20:12:07.1109296Z Sucessfully added values ['val1', 'skibidi toilet'] to subkeys ['sk1', 'sk2'], respectively.
2026-01-01T20:12:07.1110028Z Data for key 'test_top_level_key2' stored successfully in 'otest.json'.
2026-01-01T20:12:07.1110995Z Sucessfully added values ['val1', 'the fate of sigma'] to subkeys ['sk1', 'sk2'], respectively.
2026-01-01T20:12:07.1111699Z Data for key 'test_top_level_key2' stored successfully in 'otest.json'.
2026-01-01T20:12:07.1112382Z Sucessfully added values ['val3', 'the fate of shard'] to subkeys ['sk3', 'sk4'], respectively.
2026-01-01T20:12:07.1113070Z Data for key 'test_top_level_key' stored successfully in 'otest.json'.
2026-01-01T20:12:07.1113739Z Sucessfully changed value skibidi toilet to sigma under key test_top_level_key.sk2.
2026-01-01T20:12:07.1114319Z Sucessfully set subkey sk2 to value sigma.
2026-01-01T20:12:07.1114802Z Successfully deleted key 'test_top_level_key2' from 'otest.json'.
2026-01-01T20:12:07.1115394Z Sucessfully deleted key test_top_level_key2 and all its child data.
2026-01-01T20:12:07.1115883Z Deleted all data from otest.json sucessfully.
2026-01-01T20:12:07.1118650Z Sucessfully deleted all data from otest.json.
2026-01-01T20:12:07.1119126Z Part 1 passed.
2026-01-01T20:12:07.1119395Z --------------------
2026-01-01T20:12:07.1119804Z Part 2: Storing, Editing, and Deleting via dunder methods
2026-01-01T20:12:07.1120267Z --------------------
2026-01-01T20:12:07.1120525Z Part 2.1: Comparisons
2026-01-01T20:12:07.1120793Z Part 2.1 passed.
2026-01-01T20:12:07.1121026Z -----
2026-01-01T20:12:07.1121239Z Part 2.2: Arithmetic
2026-01-01T20:12:07.1121491Z Part 2.2 passed.
2026-01-01T20:12:07.1121688Z -----
2026-01-01T20:12:07.1121879Z Part 2.3: Bitwise Operators
2026-01-01T20:12:07.1122118Z Part 2.3 passed.
2026-01-01T20:12:07.1122329Z -----
2026-01-01T20:12:07.1122565Z Part 2.4: Collecting and Containing
2026-01-01T20:12:07.1122818Z 
2026-01-01T20:12:07.1122932Z Test passed sucessfully
2026-01-01T20:12:07.3794029Z Post job cleanup.
2026-01-01T20:12:07.5208460Z (node:3256) [DEP0040] DeprecationWarning: The `punycode` module is deprecated. Please use a userland alternative instead.
2026-01-01T20:12:07.5209077Z (Use `node --trace-deprecation ...` to show where the warning was created)
2026-01-01T20:12:07.5503993Z Post job cleanup.
2026-01-01T20:12:07.7684314Z [command]"C:\Program Files\Git\bin\git.exe" version
2026-01-01T20:12:07.7990223Z git version 2.52.0.windows.1
2026-01-01T20:12:07.8071419Z Temporarily overriding HOME='D:\a\_temp\56b8c94d-bd64-4c4b-bf4c-9ad3b9c190be' before making global git config changes
2026-01-01T20:12:07.8072902Z Adding repository directory to the temporary git global config as a safe directory
2026-01-01T20:12:07.8082278Z [command]"C:\Program Files\Git\bin\git.exe" config --global --add safe.directory D:\a\scratchattach\scratchattach
2026-01-01T20:12:07.8389228Z Removing SSH command configuration
2026-01-01T20:12:07.8399656Z [command]"C:\Program Files\Git\bin\git.exe" config --local --name-only --get-regexp core\.sshCommand
2026-01-01T20:12:07.8718541Z [command]"C:\Program Files\Git\bin\git.exe" submodule foreach --recursive "sh -c \"git config --local --name-only --get-regexp 'core\.sshCommand' && git config --local --unset-all 'core.sshCommand' || :\""
2026-01-01T20:12:08.4441841Z Removing HTTP extra header
2026-01-01T20:12:08.4451764Z [command]"C:\Program Files\Git\bin\git.exe" config --local --name-only --get-regexp http\.https\:\/\/github\.com\/\.extraheader
2026-01-01T20:12:08.4767701Z [command]"C:\Program Files\Git\bin\git.exe" submodule foreach --recursive "sh -c \"git config --local --name-only --get-regexp 'http\.https\:\/\/github\.com\/\.extraheader' && git config --local --unset-all 'http.https://github.com/.extraheader' || :\""
2026-01-01T20:12:08.9997593Z Removing includeIf entries pointing to credentials config files
2026-01-01T20:12:09.0009614Z [command]"C:\Program Files\Git\bin\git.exe" config --local --name-only --get-regexp ^includeIf\.gitdir:
2026-01-01T20:12:09.0277740Z includeif.gitdir:D:/a/scratchattach/scratchattach/.git.path
2026-01-01T20:12:09.0278534Z includeif.gitdir:D:/a/scratchattach/scratchattach/.git/worktrees/*.path
2026-01-01T20:12:09.0279440Z includeif.gitdir:/github/workspace/.git.path
2026-01-01T20:12:09.0280038Z includeif.gitdir:/github/workspace/.git/worktrees/*.path
2026-01-01T20:12:09.0324783Z [command]"C:\Program Files\Git\bin\git.exe" config --local --get-all includeif.gitdir:D:/a/scratchattach/scratchattach/.git.path
2026-01-01T20:12:09.0619810Z D:\a\_temp\git-credentials-e1c4ef1d-50f5-4b53-bc5f-49a88ec6f5bf.config
2026-01-01T20:12:09.0674983Z [command]"C:\Program Files\Git\bin\git.exe" config --local --unset includeif.gitdir:D:/a/scratchattach/scratchattach/.git.path D:\a\_temp\git-credentials-e1c4ef1d-50f5-4b53-bc5f-49a88ec6f5bf.config
2026-01-01T20:12:09.1006394Z [command]"C:\Program Files\Git\bin\git.exe" config --local --get-all includeif.gitdir:D:/a/scratchattach/scratchattach/.git/worktrees/*.path
2026-01-01T20:12:09.1275117Z D:\a\_temp\git-credentials-e1c4ef1d-50f5-4b53-bc5f-49a88ec6f5bf.config
2026-01-01T20:12:09.1321082Z [command]"C:\Program Files\Git\bin\git.exe" config --local --unset includeif.gitdir:D:/a/scratchattach/scratchattach/.git/worktrees/*.path D:\a\_temp\git-credentials-e1c4ef1d-50f5-4b53-bc5f-49a88ec6f5bf.config
2026-01-01T20:12:09.1639596Z [command]"C:\Program Files\Git\bin\git.exe" config --local --get-all includeif.gitdir:/github/workspace/.git.path
2026-01-01T20:12:09.1909713Z /github/runner_temp/git-credentials-e1c4ef1d-50f5-4b53-bc5f-49a88ec6f5bf.config
2026-01-01T20:12:09.1947554Z [command]"C:\Program Files\Git\bin\git.exe" config --local --unset includeif.gitdir:/github/workspace/.git.path /github/runner_temp/git-credentials-e1c4ef1d-50f5-4b53-bc5f-49a88ec6f5bf.config
2026-01-01T20:12:09.2244257Z [command]"C:\Program Files\Git\bin\git.exe" config --local --get-all includeif.gitdir:/github/workspace/.git/worktrees/*.path
2026-01-01T20:12:09.2498061Z /github/runner_temp/git-credentials-e1c4ef1d-50f5-4b53-bc5f-49a88ec6f5bf.config
2026-01-01T20:12:09.2541122Z [command]"C:\Program Files\Git\bin\git.exe" config --local --unset includeif.gitdir:/github/workspace/.git/worktrees/*.path /github/runner_temp/git-credentials-e1c4ef1d-50f5-4b53-bc5f-49a88ec6f5bf.config
2026-01-01T20:12:09.2863998Z [command]"C:\Program Files\Git\bin\git.exe" submodule foreach --recursive "git config --local --show-origin --name-only --get-regexp remote.origin.url"
2026-01-01T20:12:09.8070935Z Removing credentials config 'D:\a\_temp\git-credentials-e1c4ef1d-50f5-4b53-bc5f-49a88ec6f5bf.config'
2026-01-01T20:12:09.8246182Z Cleaning up orphan processes
