2025-11-07T06:53:44.3799469Z Current runner version: '2.329.0'
2025-11-07T06:53:44.3822705Z ##[group]Runner Image Provisioner
2025-11-07T06:53:44.3823548Z Hosted Compute Agent
2025-11-07T06:53:44.3824193Z Version: 20251016.436
2025-11-07T06:53:44.3824813Z Commit: 8ab8ac8bfd662a3739dab9fe09456aba92132568
2025-11-07T06:53:44.3825531Z Build Date: 2025-10-15T20:44:12Z
2025-11-07T06:53:44.3826509Z ##[endgroup]
2025-11-07T06:53:44.3827092Z ##[group]Operating System
2025-11-07T06:53:44.3827661Z Ubuntu
2025-11-07T06:53:44.3828089Z 24.04.3
2025-11-07T06:53:44.3828623Z LTS
2025-11-07T06:53:44.3829128Z ##[endgroup]
2025-11-07T06:53:44.3829584Z ##[group]Runner Image
2025-11-07T06:53:44.3830231Z Image: ubuntu-24.04
2025-11-07T06:53:44.3830762Z Version: 20251102.99.1
2025-11-07T06:53:44.3831732Z Included Software: https://github.com/actions/runner-images/blob/ubuntu24/20251102.99/images/ubuntu/Ubuntu2404-Readme.md
2025-11-07T06:53:44.3833374Z Image Release: https://github.com/actions/runner-images/releases/tag/ubuntu24%2F20251102.99
2025-11-07T06:53:44.3834413Z ##[endgroup]
2025-11-07T06:53:44.3837127Z ##[group]GITHUB_TOKEN Permissions
2025-11-07T06:53:44.3839089Z Actions: write
2025-11-07T06:53:44.3839787Z Attestations: write
2025-11-07T06:53:44.3840331Z Checks: write
2025-11-07T06:53:44.3840786Z Contents: write
2025-11-07T06:53:44.3841413Z Deployments: write
2025-11-07T06:53:44.3841963Z Discussions: write
2025-11-07T06:53:44.3842423Z Issues: write
2025-11-07T06:53:44.3842980Z Metadata: read
2025-11-07T06:53:44.3843467Z Models: read
2025-11-07T06:53:44.3843984Z Packages: write
2025-11-07T06:53:44.3844583Z Pages: write
2025-11-07T06:53:44.3845059Z PullRequests: write
2025-11-07T06:53:44.3845592Z RepositoryProjects: write
2025-11-07T06:53:44.3846552Z SecurityEvents: write
2025-11-07T06:53:44.3847189Z Statuses: write
2025-11-07T06:53:44.3847742Z ##[endgroup]
2025-11-07T06:53:44.3850146Z Secret source: Actions
2025-11-07T06:53:44.3851051Z Prepare workflow directory
2025-11-07T06:53:44.4173579Z Prepare all required actions
2025-11-07T06:53:44.4212646Z Getting action download info
2025-11-07T06:53:44.8856815Z Download action repository 'actions/checkout@v5.0.0' (SHA:08c6903cd8c0fde910a37f88322edcfb5dd907a8)
2025-11-07T06:53:45.0519204Z Download action repository 'actions/setup-python@v6.0.0' (SHA:e797f83bcb11b83ae66e0230d6156d7c80228e7c)
2025-11-07T06:53:45.1789289Z Download action repository 'bossOfCode/install-scratchattach@v1.0.3' (SHA:be17a7cf1ecb5a7040eb42ef26c2e1fbe72bb25a)
2025-11-07T06:53:45.7277986Z Complete job name: Run 1
2025-11-07T06:53:45.7971114Z ##[group]Run actions/checkout@v5.0.0
2025-11-07T06:53:45.7972033Z with:
2025-11-07T06:53:45.7972455Z   ref: main
2025-11-07T06:53:45.7972894Z   repository: Boss-1s/scratchattach
2025-11-07T06:53:45.7973605Z   token: ***
2025-11-07T06:53:45.7974030Z   ssh-strict: true
2025-11-07T06:53:45.7974462Z   ssh-user: git
2025-11-07T06:53:45.7974910Z   persist-credentials: true
2025-11-07T06:53:45.7975412Z   clean: true
2025-11-07T06:53:45.7976105Z   sparse-checkout-cone-mode: true
2025-11-07T06:53:45.7976661Z   fetch-depth: 1
2025-11-07T06:53:45.7977112Z   fetch-tags: false
2025-11-07T06:53:45.7977575Z   show-progress: true
2025-11-07T06:53:45.7978036Z   lfs: false
2025-11-07T06:53:45.7978445Z   submodules: false
2025-11-07T06:53:45.7978900Z   set-safe-directory: true
2025-11-07T06:53:45.7979656Z ##[endgroup]
2025-11-07T06:53:45.8881147Z Syncing repository: Boss-1s/scratchattach
2025-11-07T06:53:45.8883050Z ##[group]Getting Git version info
2025-11-07T06:53:45.8883967Z Working directory is '/home/runner/work/scratchattach/scratchattach'
2025-11-07T06:53:45.8885268Z [command]/usr/bin/git version
2025-11-07T06:53:45.8958601Z git version 2.51.2
2025-11-07T06:53:45.8979817Z ##[endgroup]
2025-11-07T06:53:45.8995378Z Temporarily overriding HOME='/home/runner/work/_temp/45176b88-697d-429d-bf4f-c02af1fcc5f6' before making global git config changes
2025-11-07T06:53:45.8998359Z Adding repository directory to the temporary git global config as a safe directory
2025-11-07T06:53:45.9000947Z [command]/usr/bin/git config --global --add safe.directory /home/runner/work/scratchattach/scratchattach
2025-11-07T06:53:45.9040001Z Deleting the contents of '/home/runner/work/scratchattach/scratchattach'
2025-11-07T06:53:45.9043356Z ##[group]Initializing the repository
2025-11-07T06:53:45.9048604Z [command]/usr/bin/git init /home/runner/work/scratchattach/scratchattach
2025-11-07T06:53:45.9194382Z hint: Using 'master' as the name for the initial branch. This default branch name
2025-11-07T06:53:45.9196042Z hint: is subject to change. To configure the initial branch name to use in all
2025-11-07T06:53:45.9197025Z hint: of your new repositories, which will suppress this warning, call:
2025-11-07T06:53:45.9197852Z hint:
2025-11-07T06:53:45.9198854Z hint: 	git config --global init.defaultBranch <name>
2025-11-07T06:53:45.9199561Z hint:
2025-11-07T06:53:45.9200576Z hint: Names commonly chosen instead of 'master' are 'main', 'trunk' and
2025-11-07T06:53:45.9202483Z hint: 'development'. The just-created branch can be renamed via this command:
2025-11-07T06:53:45.9204109Z hint:
2025-11-07T06:53:45.9204967Z hint: 	git branch -m <name>
2025-11-07T06:53:45.9206161Z hint:
2025-11-07T06:53:45.9207391Z hint: Disable this message with "git config set advice.defaultBranchName false"
2025-11-07T06:53:45.9209492Z Initialized empty Git repository in /home/runner/work/scratchattach/scratchattach/.git/
2025-11-07T06:53:45.9212846Z [command]/usr/bin/git remote add origin https://github.com/Boss-1s/scratchattach
2025-11-07T06:53:45.9248153Z ##[endgroup]
2025-11-07T06:53:45.9249551Z ##[group]Disabling automatic garbage collection
2025-11-07T06:53:45.9252370Z [command]/usr/bin/git config --local gc.auto 0
2025-11-07T06:53:45.9280346Z ##[endgroup]
2025-11-07T06:53:45.9281778Z ##[group]Setting up auth
2025-11-07T06:53:45.9287704Z [command]/usr/bin/git config --local --name-only --get-regexp core\.sshCommand
2025-11-07T06:53:45.9317895Z [command]/usr/bin/git submodule foreach --recursive sh -c "git config --local --name-only --get-regexp 'core\.sshCommand' && git config --local --unset-all 'core.sshCommand' || :"
2025-11-07T06:53:45.9763826Z [command]/usr/bin/git config --local --name-only --get-regexp http\.https\:\/\/github\.com\/\.extraheader
2025-11-07T06:53:45.9792596Z [command]/usr/bin/git submodule foreach --recursive sh -c "git config --local --name-only --get-regexp 'http\.https\:\/\/github\.com\/\.extraheader' && git config --local --unset-all 'http.https://github.com/.extraheader' || :"
2025-11-07T06:53:46.0005155Z [command]/usr/bin/git config --local http.https://github.com/.extraheader AUTHORIZATION: basic ***
2025-11-07T06:53:46.0037438Z ##[endgroup]
2025-11-07T06:53:46.0038359Z ##[group]Fetching the repository
2025-11-07T06:53:46.0046313Z [command]/usr/bin/git -c protocol.version=2 fetch --no-tags --prune --no-recurse-submodules --depth=1 origin +refs/heads/main*:refs/remotes/origin/main* +refs/tags/main*:refs/tags/main*
2025-11-07T06:53:47.1628579Z From https://github.com/Boss-1s/scratchattach
2025-11-07T06:53:47.1631108Z  * [new branch]      main       -> origin/main
2025-11-07T06:53:47.1672346Z ##[endgroup]
2025-11-07T06:53:47.1674331Z ##[group]Determining the checkout info
2025-11-07T06:53:47.1680457Z [command]/usr/bin/git branch --list --remote origin/main
2025-11-07T06:53:47.1704760Z   origin/main
2025-11-07T06:53:47.1711304Z ##[endgroup]
2025-11-07T06:53:47.1714193Z [command]/usr/bin/git sparse-checkout disable
2025-11-07T06:53:47.1759442Z [command]/usr/bin/git config --local --unset-all extensions.worktreeConfig
2025-11-07T06:53:47.1787993Z ##[group]Checking out the ref
2025-11-07T06:53:47.1791963Z [command]/usr/bin/git checkout --progress --force -B main refs/remotes/origin/main
2025-11-07T06:53:47.5209236Z Switched to a new branch 'main'
2025-11-07T06:53:47.5210601Z branch 'main' set up to track 'origin/main'.
2025-11-07T06:53:47.5254832Z ##[endgroup]
2025-11-07T06:53:47.5293775Z [command]/usr/bin/git log -1 --format=%H
2025-11-07T06:53:47.5317810Z 6f61ec028659277054e32f1fe068917ba7406e85
2025-11-07T06:53:47.5583364Z ##[group]Run actions/setup-python@v6.0.0
2025-11-07T06:53:47.5584228Z with:
2025-11-07T06:53:47.5584555Z   python-version: 3.13
2025-11-07T06:53:47.5584994Z   check-latest: false
2025-11-07T06:53:47.5585659Z   token: ***
2025-11-07T06:53:47.5586268Z   update-environment: true
2025-11-07T06:53:47.5586780Z   allow-prereleases: false
2025-11-07T06:53:47.5587282Z   freethreaded: false
2025-11-07T06:53:47.5587684Z ##[endgroup]
2025-11-07T06:53:47.6827808Z ##[group]Installed versions
2025-11-07T06:53:47.6927815Z (node:2055) [DEP0040] DeprecationWarning: The `punycode` module is deprecated. Please use a userland alternative instead.
2025-11-07T06:53:47.6930290Z (Use `node --trace-deprecation ...` to show where the warning was created)
2025-11-07T06:53:47.6931816Z Successfully set up CPython (3.13.9)
2025-11-07T06:53:47.6933211Z ##[endgroup]
2025-11-07T06:53:47.7096291Z ##[group]Run bossOfCode/install-scratchattach@v1.0.3
2025-11-07T06:53:47.7097011Z env:
2025-11-07T06:53:47.7097528Z   pythonLocation: /opt/hostedtoolcache/Python/3.13.9/x64
2025-11-07T06:53:47.7098623Z   PKG_CONFIG_PATH: /opt/hostedtoolcache/Python/3.13.9/x64/lib/pkgconfig
2025-11-07T06:53:47.7099661Z   Python_ROOT_DIR: /opt/hostedtoolcache/Python/3.13.9/x64
2025-11-07T06:53:47.7100552Z   Python2_ROOT_DIR: /opt/hostedtoolcache/Python/3.13.9/x64
2025-11-07T06:53:47.7101481Z   Python3_ROOT_DIR: /opt/hostedtoolcache/Python/3.13.9/x64
2025-11-07T06:53:47.7102421Z   LD_LIBRARY_PATH: /opt/hostedtoolcache/Python/3.13.9/x64/lib
2025-11-07T06:53:47.7103141Z ##[endgroup]
2025-11-07T06:53:47.7188695Z ##[group]Run python3 -m pip install --upgrade pip
2025-11-07T06:53:47.7189528Z [36;1mpython3 -m pip install --upgrade pip[0m
2025-11-07T06:53:47.7426025Z shell: /usr/bin/bash --noprofile --norc -e -o pipefail {0}
2025-11-07T06:53:47.7426774Z env:
2025-11-07T06:53:47.7427323Z   pythonLocation: /opt/hostedtoolcache/Python/3.13.9/x64
2025-11-07T06:53:47.7428330Z   PKG_CONFIG_PATH: /opt/hostedtoolcache/Python/3.13.9/x64/lib/pkgconfig
2025-11-07T06:53:47.7429347Z   Python_ROOT_DIR: /opt/hostedtoolcache/Python/3.13.9/x64
2025-11-07T06:53:47.7430244Z   Python2_ROOT_DIR: /opt/hostedtoolcache/Python/3.13.9/x64
2025-11-07T06:53:47.7431114Z   Python3_ROOT_DIR: /opt/hostedtoolcache/Python/3.13.9/x64
2025-11-07T06:53:47.7432011Z   LD_LIBRARY_PATH: /opt/hostedtoolcache/Python/3.13.9/x64/lib
2025-11-07T06:53:47.7432715Z ##[endgroup]
2025-11-07T06:53:59.4226411Z Requirement already satisfied: pip in /opt/hostedtoolcache/Python/3.13.9/x64/lib/python3.13/site-packages (25.3)
2025-11-07T06:53:59.7327537Z ##[group]Run pip install -U scratchattach
2025-11-07T06:53:59.7327872Z [36;1mpip install -U scratchattach[0m
2025-11-07T06:53:59.7361110Z shell: /usr/bin/bash --noprofile --norc -e -o pipefail {0}
2025-11-07T06:53:59.7361425Z env:
2025-11-07T06:53:59.7361682Z   pythonLocation: /opt/hostedtoolcache/Python/3.13.9/x64
2025-11-07T06:53:59.7362091Z   PKG_CONFIG_PATH: /opt/hostedtoolcache/Python/3.13.9/x64/lib/pkgconfig
2025-11-07T06:53:59.7362494Z   Python_ROOT_DIR: /opt/hostedtoolcache/Python/3.13.9/x64
2025-11-07T06:53:59.7362842Z   Python2_ROOT_DIR: /opt/hostedtoolcache/Python/3.13.9/x64
2025-11-07T06:53:59.7363191Z   Python3_ROOT_DIR: /opt/hostedtoolcache/Python/3.13.9/x64
2025-11-07T06:53:59.7363523Z   LD_LIBRARY_PATH: /opt/hostedtoolcache/Python/3.13.9/x64/lib
2025-11-07T06:53:59.7363813Z ##[endgroup]
2025-11-07T06:54:00.6406889Z Collecting scratchattach
2025-11-07T06:54:00.6956565Z   Downloading scratchattach-2.1.13-py3-none-any.whl.metadata (5.5 kB)
2025-11-07T06:54:00.7164809Z Collecting websocket-client (from scratchattach)
2025-11-07T06:54:00.7189120Z   Downloading websocket_client-1.9.0-py3-none-any.whl.metadata (8.3 kB)
2025-11-07T06:54:00.7470992Z Collecting requests (from scratchattach)
2025-11-07T06:54:00.7497328Z   Downloading requests-2.32.5-py3-none-any.whl.metadata (4.9 kB)
2025-11-07T06:54:00.7616055Z Collecting bs4 (from scratchattach)
2025-11-07T06:54:00.7644512Z   Downloading bs4-0.0.2-py2.py3-none-any.whl.metadata (411 bytes)
2025-11-07T06:54:00.7750328Z Collecting SimpleWebSocketServer (from scratchattach)
2025-11-07T06:54:00.7784142Z   Downloading SimpleWebSocketServer-0.1.2.tar.gz (10 kB)
2025-11-07T06:54:00.7860109Z   Installing build dependencies: started
2025-11-07T06:54:02.0636359Z   Installing build dependencies: finished with status 'done'
2025-11-07T06:54:02.0642959Z   Getting requirements to build wheel: started
2025-11-07T06:54:02.5826492Z   Getting requirements to build wheel: finished with status 'done'
2025-11-07T06:54:02.5836089Z   Preparing metadata (pyproject.toml): started
2025-11-07T06:54:02.7974700Z   Preparing metadata (pyproject.toml): finished with status 'done'
2025-11-07T06:54:02.8143842Z Collecting typing-extensions (from scratchattach)
2025-11-07T06:54:02.8170649Z   Downloading typing_extensions-4.15.0-py3-none-any.whl.metadata (3.3 kB)
2025-11-07T06:54:02.8356777Z Collecting beautifulsoup4 (from bs4->scratchattach)
2025-11-07T06:54:02.8384735Z   Downloading beautifulsoup4-4.14.2-py3-none-any.whl.metadata (3.8 kB)
2025-11-07T06:54:02.8571767Z Collecting soupsieve>1.2 (from beautifulsoup4->bs4->scratchattach)
2025-11-07T06:54:02.8600063Z   Downloading soupsieve-2.8-py3-none-any.whl.metadata (4.6 kB)
2025-11-07T06:54:02.9494728Z Collecting charset_normalizer<4,>=2 (from requests->scratchattach)
2025-11-07T06:54:02.9521991Z   Downloading charset_normalizer-3.4.4-cp313-cp313-manylinux2014_x86_64.manylinux_2_17_x86_64.manylinux_2_28_x86_64.whl.metadata (37 kB)
2025-11-07T06:54:02.9717781Z Collecting idna<4,>=2.5 (from requests->scratchattach)
2025-11-07T06:54:02.9742279Z   Downloading idna-3.11-py3-none-any.whl.metadata (8.4 kB)
2025-11-07T06:54:03.0030553Z Collecting urllib3<3,>=1.21.1 (from requests->scratchattach)
2025-11-07T06:54:03.0061064Z   Downloading urllib3-2.5.0-py3-none-any.whl.metadata (6.5 kB)
2025-11-07T06:54:03.0287650Z Collecting certifi>=2017.4.17 (from requests->scratchattach)
2025-11-07T06:54:03.0314200Z   Downloading certifi-2025.10.5-py3-none-any.whl.metadata (2.5 kB)
2025-11-07T06:54:03.0409684Z Downloading scratchattach-2.1.13-py3-none-any.whl (141 kB)
2025-11-07T06:54:03.0493641Z Downloading bs4-0.0.2-py2.py3-none-any.whl (1.2 kB)
2025-11-07T06:54:03.0540616Z Downloading beautifulsoup4-4.14.2-py3-none-any.whl (106 kB)
2025-11-07T06:54:03.0590951Z Downloading soupsieve-2.8-py3-none-any.whl (36 kB)
2025-11-07T06:54:03.0650707Z Downloading typing_extensions-4.15.0-py3-none-any.whl (44 kB)
2025-11-07T06:54:03.0697518Z Downloading requests-2.32.5-py3-none-any.whl (64 kB)
2025-11-07T06:54:03.0744223Z Downloading charset_normalizer-3.4.4-cp313-cp313-manylinux2014_x86_64.manylinux_2_17_x86_64.manylinux_2_28_x86_64.whl (153 kB)
2025-11-07T06:54:03.0796578Z Downloading idna-3.11-py3-none-any.whl (71 kB)
2025-11-07T06:54:03.0847415Z Downloading urllib3-2.5.0-py3-none-any.whl (129 kB)
2025-11-07T06:54:03.0898255Z Downloading certifi-2025.10.5-py3-none-any.whl (163 kB)
2025-11-07T06:54:03.0950301Z Downloading websocket_client-1.9.0-py3-none-any.whl (82 kB)
2025-11-07T06:54:03.1080745Z Building wheels for collected packages: SimpleWebSocketServer
2025-11-07T06:54:03.1089089Z   Building wheel for SimpleWebSocketServer (pyproject.toml): started
2025-11-07T06:54:03.3266096Z   Building wheel for SimpleWebSocketServer (pyproject.toml): finished with status 'done'
2025-11-07T06:54:03.3271623Z   Created wheel for SimpleWebSocketServer: filename=simplewebsocketserver-0.1.2-py3-none-any.whl size=9715 sha256=2cea5c0be719ea3727a8da17b516536688babdfc1b9a8a2bc42d1f2e92379de9
2025-11-07T06:54:03.3273387Z   Stored in directory: /home/runner/.cache/pip/wheels/c4/5b/e8/4f2c15a82edc4923058056f6681373168be02a0c00389a6dcf
2025-11-07T06:54:03.3291793Z Successfully built SimpleWebSocketServer
2025-11-07T06:54:03.3475307Z Installing collected packages: SimpleWebSocketServer, websocket-client, urllib3, typing-extensions, soupsieve, idna, charset_normalizer, certifi, requests, beautifulsoup4, bs4, scratchattach
2025-11-07T06:54:04.0031590Z 
2025-11-07T06:54:04.0053603Z Successfully installed SimpleWebSocketServer-0.1.2 beautifulsoup4-4.14.2 bs4-0.0.2 certifi-2025.10.5 charset_normalizer-3.4.4 idna-3.11 requests-2.32.5 scratchattach-2.1.13 soupsieve-2.8 typing-extensions-4.15.0 urllib3-2.5.0 websocket-client-1.9.0
2025-11-07T06:54:04.0851846Z ##[group]Run actions/checkout@v5.0.0
2025-11-07T06:54:04.0852104Z with:
2025-11-07T06:54:04.0852268Z   ref: main
2025-11-07T06:54:04.0852449Z   repository: Boss-1s/scratchattach
2025-11-07T06:54:04.0852784Z   token: ***
2025-11-07T06:54:04.0852965Z   ssh-strict: true
2025-11-07T06:54:04.0853141Z   ssh-user: git
2025-11-07T06:54:04.0853321Z   persist-credentials: true
2025-11-07T06:54:04.0853532Z   clean: true
2025-11-07T06:54:04.0853711Z   sparse-checkout-cone-mode: true
2025-11-07T06:54:04.0853938Z   fetch-depth: 1
2025-11-07T06:54:04.0854111Z   fetch-tags: false
2025-11-07T06:54:04.0854287Z   show-progress: true
2025-11-07T06:54:04.0854472Z   lfs: false
2025-11-07T06:54:04.0854637Z   submodules: false
2025-11-07T06:54:04.0854819Z   set-safe-directory: true
2025-11-07T06:54:04.0855014Z env:
2025-11-07T06:54:04.0855228Z   pythonLocation: /opt/hostedtoolcache/Python/3.13.9/x64
2025-11-07T06:54:04.0855622Z   PKG_CONFIG_PATH: /opt/hostedtoolcache/Python/3.13.9/x64/lib/pkgconfig
2025-11-07T06:54:04.0856540Z   Python_ROOT_DIR: /opt/hostedtoolcache/Python/3.13.9/x64
2025-11-07T06:54:04.0856891Z   Python2_ROOT_DIR: /opt/hostedtoolcache/Python/3.13.9/x64
2025-11-07T06:54:04.0857223Z   Python3_ROOT_DIR: /opt/hostedtoolcache/Python/3.13.9/x64
2025-11-07T06:54:04.0857548Z   LD_LIBRARY_PATH: /opt/hostedtoolcache/Python/3.13.9/x64/lib
2025-11-07T06:54:04.0857831Z ##[endgroup]
2025-11-07T06:54:04.1612814Z Syncing repository: Boss-1s/scratchattach
2025-11-07T06:54:04.1614121Z ##[group]Getting Git version info
2025-11-07T06:54:04.1614930Z Working directory is '/home/runner/work/scratchattach/scratchattach'
2025-11-07T06:54:04.1650814Z [command]/usr/bin/git version
2025-11-07T06:54:04.1685661Z git version 2.51.2
2025-11-07T06:54:04.1737918Z ##[endgroup]
2025-11-07T06:54:04.1751682Z Temporarily overriding HOME='/home/runner/work/_temp/c870181f-a40b-486e-8753-721669ae6e4d' before making global git config changes
2025-11-07T06:54:04.1752979Z Adding repository directory to the temporary git global config as a safe directory
2025-11-07T06:54:04.1757583Z [command]/usr/bin/git config --global --add safe.directory /home/runner/work/scratchattach/scratchattach
2025-11-07T06:54:04.1793396Z [command]/usr/bin/git config --local --get remote.origin.url
2025-11-07T06:54:04.1813620Z https://github.com/Boss-1s/scratchattach
2025-11-07T06:54:04.1825461Z ##[group]Removing previously created refs, to avoid conflicts
2025-11-07T06:54:04.1829924Z [command]/usr/bin/git rev-parse --symbolic-full-name --verify --quiet HEAD
2025-11-07T06:54:04.1850933Z refs/heads/main
2025-11-07T06:54:04.1860792Z [command]/usr/bin/git checkout --detach
2025-11-07T06:54:04.4991008Z HEAD is now at 6f61ec0 [BOT] Download Logs
2025-11-07T06:54:04.5038640Z [command]/usr/bin/git branch --delete --force main
2025-11-07T06:54:04.5064126Z Deleted branch main (was 6f61ec0).
2025-11-07T06:54:04.5098248Z ##[endgroup]
2025-11-07T06:54:04.5102542Z [command]/usr/bin/git submodule status
2025-11-07T06:54:04.5326120Z ##[group]Cleaning the repository
2025-11-07T06:54:04.5330593Z [command]/usr/bin/git clean -ffdx
2025-11-07T06:54:04.5371324Z [command]/usr/bin/git reset --hard HEAD
2025-11-07T06:54:04.5440128Z HEAD is now at 6f61ec0 [BOT] Download Logs
2025-11-07T06:54:04.5445269Z ##[endgroup]
2025-11-07T06:54:04.5447235Z ##[group]Disabling automatic garbage collection
2025-11-07T06:54:04.5451215Z [command]/usr/bin/git config --local gc.auto 0
2025-11-07T06:54:04.5477083Z ##[endgroup]
2025-11-07T06:54:04.5477646Z ##[group]Setting up auth
2025-11-07T06:54:04.5484656Z [command]/usr/bin/git config --local --name-only --get-regexp core\.sshCommand
2025-11-07T06:54:04.5513834Z [command]/usr/bin/git submodule foreach --recursive sh -c "git config --local --name-only --get-regexp 'core\.sshCommand' && git config --local --unset-all 'core.sshCommand' || :"
2025-11-07T06:54:04.5731642Z [command]/usr/bin/git config --local --name-only --get-regexp http\.https\:\/\/github\.com\/\.extraheader
2025-11-07T06:54:04.5752767Z http.https://github.com/.extraheader
2025-11-07T06:54:04.5762197Z [command]/usr/bin/git config --local --unset-all http.https://github.com/.extraheader
2025-11-07T06:54:04.5792521Z [command]/usr/bin/git submodule foreach --recursive sh -c "git config --local --name-only --get-regexp 'http\.https\:\/\/github\.com\/\.extraheader' && git config --local --unset-all 'http.https://github.com/.extraheader' || :"
2025-11-07T06:54:04.6023792Z [command]/usr/bin/git config --local http.https://github.com/.extraheader AUTHORIZATION: basic ***
2025-11-07T06:54:04.6057704Z ##[endgroup]
2025-11-07T06:54:04.6058303Z ##[group]Fetching the repository
2025-11-07T06:54:04.6066600Z [command]/usr/bin/git -c protocol.version=2 fetch --no-tags --prune --no-recurse-submodules --depth=1 origin +refs/heads/main*:refs/remotes/origin/main* +refs/tags/main*:refs/tags/main*
2025-11-07T06:54:05.0272472Z ##[endgroup]
2025-11-07T06:54:05.0273110Z ##[group]Determining the checkout info
2025-11-07T06:54:05.0279681Z [command]/usr/bin/git branch --list --remote origin/main
2025-11-07T06:54:05.0303290Z   origin/main
2025-11-07T06:54:05.0308178Z ##[endgroup]
2025-11-07T06:54:05.0313287Z [command]/usr/bin/git sparse-checkout disable
2025-11-07T06:54:05.0360056Z [command]/usr/bin/git config --local --unset-all extensions.worktreeConfig
2025-11-07T06:54:05.0385462Z ##[group]Checking out the ref
2025-11-07T06:54:05.0390079Z [command]/usr/bin/git checkout --progress --force -B main refs/remotes/origin/main
2025-11-07T06:54:05.0448564Z Switched to a new branch 'main'
2025-11-07T06:54:05.0450985Z branch 'main' set up to track 'origin/main'.
2025-11-07T06:54:05.0457952Z ##[endgroup]
2025-11-07T06:54:05.0491910Z [command]/usr/bin/git log -1 --format=%H
2025-11-07T06:54:05.0514275Z 6f61ec028659277054e32f1fe068917ba7406e85
2025-11-07T06:54:05.0622094Z ##[group]Run timeout 359m python3 message_viewer.py || { [[ $? -eq 124 ]] && exit 0; }
2025-11-07T06:54:05.0622646Z [36;1mtimeout 359m python3 message_viewer.py || { [[ $? -eq 124 ]] && exit 0; }[0m
2025-11-07T06:54:05.0658248Z shell: /usr/bin/bash -e {0}
2025-11-07T06:54:05.0658478Z env:
2025-11-07T06:54:05.0658721Z   pythonLocation: /opt/hostedtoolcache/Python/3.13.9/x64
2025-11-07T06:54:05.0659143Z   PKG_CONFIG_PATH: /opt/hostedtoolcache/Python/3.13.9/x64/lib/pkgconfig
2025-11-07T06:54:05.0659551Z   Python_ROOT_DIR: /opt/hostedtoolcache/Python/3.13.9/x64
2025-11-07T06:54:05.0659890Z   Python2_ROOT_DIR: /opt/hostedtoolcache/Python/3.13.9/x64
2025-11-07T06:54:05.0660235Z   Python3_ROOT_DIR: /opt/hostedtoolcache/Python/3.13.9/x64
2025-11-07T06:54:05.0660581Z   LD_LIBRARY_PATH: /opt/hostedtoolcache/Python/3.13.9/x64/lib
2025-11-07T06:54:05.0661028Z   PASS: ***
2025-11-07T06:54:05.0661197Z ##[endgroup]
2025-11-07T06:54:06.4271997Z Thanks for giving credit for CloudRequests!
2025-11-07T06:54:06.4279469Z Request handler is running
2025-11-07T11:44:04.1539024Z CloudEvents: Disconnected. Reconnecting ... 1762498909.5050766
2025-11-07T11:44:04.1539633Z CloudEvents: Reconnected. 1762498909.6052403
2025-11-07T11:44:04.1540095Z CloudEvents: Disconnected. Reconnecting ... 1762499243.1885085
2025-11-07T11:44:04.1540526Z CloudEvents: Reconnected. 1762499243.288667
2025-11-07T11:44:04.1540940Z CloudEvents: Disconnected. Reconnecting ... 1762499243.396472
2025-11-07T11:44:04.1541344Z CloudEvents: Reconnected. 1762499243.496619
2025-11-07T11:44:04.1541748Z CloudEvents: Disconnected. Reconnecting ... 1762500183.4966414
2025-11-07T11:44:04.1542165Z CloudEvents: Reconnected. 1762500183.5968106
2025-11-07T11:44:04.1542565Z CloudEvents: Disconnected. Reconnecting ... 1762501259.9376369
2025-11-07T11:44:04.1542976Z CloudEvents: Reconnected. 1762501260.0377846
2025-11-07T11:44:04.1543388Z CloudEvents: Disconnected. Reconnecting ... 1762501669.50237
2025-11-07T11:44:04.1543797Z CloudEvents: Reconnected. 1762501669.6025066
2025-11-07T11:44:04.1544200Z CloudEvents: Disconnected. Reconnecting ... 1762501810.7623951
2025-11-07T11:44:04.1544601Z CloudEvents: Reconnected. 1762501810.862533
2025-11-07T11:44:04.1544999Z CloudEvents: Disconnected. Reconnecting ... 1762502415.5416694
2025-11-07T11:44:04.1546067Z CloudEvents: Reconnected. 1762502415.641817
2025-11-07T11:44:04.1546461Z CloudEvents: Disconnected. Reconnecting ... 1762502695.1916537
2025-11-07T11:44:04.1546867Z CloudEvents: Reconnected. 1762502695.291803
2025-11-07T11:44:04.1547263Z CloudEvents: Disconnected. Reconnecting ... 1762503223.1457787
2025-11-07T11:44:04.1547666Z CloudEvents: Reconnected. 1762503223.2459238
2025-11-07T11:44:04.1548065Z CloudEvents: Disconnected. Reconnecting ... 1762503223.3922052
2025-11-07T11:44:04.1548468Z CloudEvents: Reconnected. 1762503223.492332
2025-11-07T11:44:04.1548859Z CloudEvents: Disconnected. Reconnecting ... 1762503372.102802
2025-11-07T11:44:04.1549267Z CloudEvents: Reconnected. 1762503372.2029338
2025-11-07T11:44:04.1549676Z CloudEvents: Disconnected. Reconnecting ... 1762503382.923711
2025-11-07T11:44:04.1550076Z CloudEvents: Reconnected. 1762503383.0238605
2025-11-07T11:44:04.1550399Z CloudEvents: Disconnected. Reconnecting ... 1762503503.8833761
2025-11-07T11:44:04.1550728Z CloudEvents: Reconnected. 1762503503.9835196
2025-11-07T11:44:04.1551051Z CloudEvents: Disconnected. Reconnecting ... 1762503504.0913763
2025-11-07T11:44:04.1551365Z CloudEvents: Reconnected. 1762503504.1915038
2025-11-07T11:44:04.1551659Z CloudEvents: Disconnected. Reconnecting ... 1762503504.3051264
2025-11-07T11:44:04.1551981Z CloudEvents: Reconnected. 1762503504.4052463
2025-11-07T11:44:04.1552279Z CloudEvents: Disconnected. Reconnecting ... 1762503504.5113847
2025-11-07T11:44:04.1552578Z CloudEvents: Reconnected. 1762503504.611512
2025-11-07T11:44:04.1552879Z CloudEvents: Disconnected. Reconnecting ... 1762503617.1208663
2025-11-07T11:44:04.1553186Z CloudEvents: Reconnected. 1762503617.2210128
2025-11-07T11:44:04.1553708Z CloudEvents: Disconnected. Reconnecting ... 1762503902.3717558
2025-11-07T11:44:04.1554034Z CloudEvents: Reconnected. 1762503902.4719
2025-11-07T11:44:04.1554333Z CloudEvents: Disconnected. Reconnecting ... 1762503977.6152349
2025-11-07T11:44:04.1554640Z CloudEvents: Reconnected. 1762503977.7153926
2025-11-07T11:44:04.1554952Z CloudEvents: Disconnected. Reconnecting ... 1762504374.5960522
2025-11-07T11:44:04.1555263Z CloudEvents: Reconnected. 1762504374.6962018
2025-11-07T11:44:04.1555578Z CloudEvents: Disconnected. Reconnecting ... 1762504494.3659658
2025-11-07T11:44:04.1556002Z CloudEvents: Reconnected. 1762504494.4660966
2025-11-07T11:44:04.1556297Z CloudEvents: Disconnected. Reconnecting ... 1762504516.5748272
2025-11-07T11:44:04.1556602Z CloudEvents: Reconnected. 1762504516.6749697
2025-11-07T11:44:04.1556904Z CloudEvents: Disconnected. Reconnecting ... 1762504697.430761
2025-11-07T11:44:04.1557205Z CloudEvents: Reconnected. 1762504697.5309038
2025-11-07T11:44:04.1557511Z CloudEvents: Disconnected. Reconnecting ... 1762504707.1125274
2025-11-07T11:44:04.1557816Z CloudEvents: Reconnected. 1762504707.2126827
2025-11-07T11:44:04.1558112Z CloudEvents: Disconnected. Reconnecting ... 1762505002.876641
2025-11-07T11:44:04.1558418Z CloudEvents: Reconnected. 1762505002.976789
2025-11-07T11:44:04.1558726Z CloudEvents: Disconnected. Reconnecting ... 1762505009.870714
2025-11-07T11:44:04.1559023Z CloudEvents: Reconnected. 1762505009.9708424
2025-11-07T11:44:04.1559324Z CloudEvents: Disconnected. Reconnecting ... 1762505092.6210358
2025-11-07T11:44:04.1559622Z CloudEvents: Reconnected. 1762505092.7211816
2025-11-07T11:44:04.1559917Z CloudEvents: Disconnected. Reconnecting ... 1762505092.827525
2025-11-07T11:44:04.1560216Z CloudEvents: Reconnected. 1762505092.9276493
2025-11-07T11:44:04.1560518Z CloudEvents: Disconnected. Reconnecting ... 1762505294.7643294
2025-11-07T11:44:04.1560821Z CloudEvents: Reconnected. 1762505294.8644836
2025-11-07T11:44:04.1561120Z CloudEvents: Disconnected. Reconnecting ... 1762505300.4633267
2025-11-07T11:44:04.1561422Z CloudEvents: Reconnected. 1762505300.5634649
2025-11-07T11:44:04.1561724Z CloudEvents: Disconnected. Reconnecting ... 1762505300.6956468
2025-11-07T11:44:04.1562025Z CloudEvents: Reconnected. 1762505300.7957768
2025-11-07T11:44:04.1562451Z CloudEvents: Disconnected. Reconnecting ... 1762505317.9474308
2025-11-07T11:44:04.1562822Z CloudEvents: Reconnected. 1762505318.0475755
2025-11-07T11:44:04.1563190Z CloudEvents: Disconnected. Reconnecting ... 1762505330.2687502
2025-11-07T11:44:04.1569295Z CloudEvents: Reconnected. 1762505330.3688982
2025-11-07T11:44:04.1569655Z CloudEvents: Disconnected. Reconnecting ... 1762505528.294203
2025-11-07T11:44:04.1569981Z CloudEvents: Reconnected. 1762505528.3943505
2025-11-07T11:44:04.1570305Z CloudEvents: Disconnected. Reconnecting ... 1762505649.2604337
2025-11-07T11:44:04.1570625Z CloudEvents: Reconnected. 1762505649.3606017
2025-11-07T11:44:04.1570921Z CloudEvents: Disconnected. Reconnecting ... 1762505888.310341
2025-11-07T11:44:04.1571240Z CloudEvents: Reconnected. 1762505888.4105089
2025-11-07T11:44:04.1571559Z CloudEvents: Disconnected. Reconnecting ... 1762506137.7672276
2025-11-07T11:44:04.1571868Z CloudEvents: Reconnected. 1762506137.867405
2025-11-07T11:44:04.1572181Z CloudEvents: Disconnected. Reconnecting ... 1762506137.9685721
2025-11-07T11:44:04.1572489Z CloudEvents: Reconnected. 1762506138.0687876
2025-11-07T11:44:04.1572795Z CloudEvents: Disconnected. Reconnecting ... 1762506160.5358014
2025-11-07T11:44:04.1573102Z CloudEvents: Reconnected. 1762506160.6359735
2025-11-07T11:44:04.1573457Z CloudEvents: Disconnected. Reconnecting ... 1762507333.237075
2025-11-07T11:44:04.1573770Z CloudEvents: Reconnected. 1762507333.3372216
2025-11-07T11:44:04.1574068Z CloudEvents: Disconnected. Reconnecting ... 1762507840.6998205
2025-11-07T11:44:04.1574365Z CloudEvents: Reconnected. 1762507840.7999616
2025-11-07T11:44:04.1574668Z CloudEvents: Disconnected. Reconnecting ... 1762507932.3019137
2025-11-07T11:44:04.1574970Z CloudEvents: Reconnected. 1762507932.4020574
2025-11-07T11:44:04.1575448Z CloudEvents: Disconnected. Reconnecting ... 1762508286.546706
2025-11-07T11:44:04.1575767Z CloudEvents: Reconnected. 1762508286.6468523
2025-11-07T11:44:04.1576190Z CloudEvents: Disconnected. Reconnecting ... 1762508370.8798988
2025-11-07T11:44:04.1576496Z CloudEvents: Reconnected. 1762508370.980048
2025-11-07T11:44:04.1576790Z CloudEvents: Disconnected. Reconnecting ... 1762509838.8010604
2025-11-07T11:44:04.1577088Z CloudEvents: Reconnected. 1762509838.9012153
2025-11-07T11:44:04.1577383Z CloudEvents: Disconnected. Reconnecting ... 1762510265.9252257
2025-11-07T11:44:04.1577685Z CloudEvents: Reconnected. 1762510266.0253732
2025-11-07T11:44:04.1577977Z CloudEvents: Disconnected. Reconnecting ... 1762510266.1324131
2025-11-07T11:44:04.1578279Z CloudEvents: Reconnected. 1762510266.2325351
2025-11-07T11:44:04.1578575Z CloudEvents: Disconnected. Reconnecting ... 1762510995.8910437
2025-11-07T11:44:04.1578872Z CloudEvents: Reconnected. 1762510995.9911878
2025-11-07T11:44:04.1579171Z CloudEvents: Disconnected. Reconnecting ... 1762510996.0994778
2025-11-07T11:44:04.1579474Z CloudEvents: Reconnected. 1762510996.1995711
2025-11-07T11:44:04.1579764Z CloudEvents: Disconnected. Reconnecting ... 1762511043.9928036
2025-11-07T11:44:04.1580070Z CloudEvents: Reconnected. 1762511044.092965
2025-11-07T11:44:04.1580368Z CloudEvents: Disconnected. Reconnecting ... 1762511406.0642135
2025-11-07T11:44:04.1580666Z CloudEvents: Reconnected. 1762511406.1643689
2025-11-07T11:44:04.1580962Z CloudEvents: Disconnected. Reconnecting ... 1762511406.281226
2025-11-07T11:44:04.1581259Z CloudEvents: Reconnected. 1762511406.381352
2025-11-07T11:44:04.1581550Z CloudEvents: Disconnected. Reconnecting ... 1762511422.389089
2025-11-07T11:44:04.1581852Z CloudEvents: Reconnected. 1762511422.4892309
2025-11-07T11:44:04.1582143Z CloudEvents: Disconnected. Reconnecting ... 1762511465.2201815
2025-11-07T11:44:04.1582445Z CloudEvents: Reconnected. 1762511465.320322
2025-11-07T11:44:04.1582746Z CloudEvents: Disconnected. Reconnecting ... 1762511465.4212477
2025-11-07T11:44:04.1583043Z CloudEvents: Reconnected. 1762511465.5213742
2025-11-07T11:44:04.1583338Z CloudEvents: Disconnected. Reconnecting ... 1762511573.604691
2025-11-07T11:44:04.1583766Z CloudEvents: Reconnected. 1762511573.7048376
2025-11-07T11:44:04.1584053Z CloudEvents: Disconnected. Reconnecting ... 1762511785.438678
2025-11-07T11:44:04.1584357Z CloudEvents: Reconnected. 1762511785.5388324
2025-11-07T11:44:04.1584657Z CloudEvents: Disconnected. Reconnecting ... 1762512227.4599738
2025-11-07T11:44:04.1584955Z CloudEvents: Reconnected. 1762512227.560122
2025-11-07T11:44:04.1585249Z CloudEvents: Disconnected. Reconnecting ... 1762512343.933075
2025-11-07T11:44:04.1585543Z CloudEvents: Reconnected. 1762512344.033225
2025-11-07T11:44:04.1585962Z CloudEvents: Disconnected. Reconnecting ... 1762512374.989375
2025-11-07T11:44:04.1586302Z CloudEvents: Reconnected. 1762512375.0895236
2025-11-07T11:44:04.1586627Z CloudEvents: Disconnected. Reconnecting ... 1762513217.8657088
2025-11-07T11:44:04.1586959Z CloudEvents: Reconnected. 1762513217.9658542
2025-11-07T11:44:04.1587269Z CloudEvents: Disconnected. Reconnecting ... 1762513723.9588125
2025-11-07T11:44:04.1587574Z CloudEvents: Reconnected. 1762513724.0589578
2025-11-07T11:44:04.1587883Z CloudEvents: Disconnected. Reconnecting ... 1762514003.696857
2025-11-07T11:44:04.1588192Z CloudEvents: Reconnected. 1762514003.7970037
2025-11-07T11:44:04.1588486Z CloudEvents: Disconnected. Reconnecting ... 1762514093.7297342
2025-11-07T11:44:04.1588790Z CloudEvents: Reconnected. 1762514093.8298922
2025-11-07T11:44:04.1589091Z CloudEvents: Disconnected. Reconnecting ... 1762514093.9315383
2025-11-07T11:44:04.1589390Z CloudEvents: Reconnected. 1762514094.031674
2025-11-07T11:44:04.1589692Z CloudEvents: Disconnected. Reconnecting ... 1762514351.55502
2025-11-07T11:44:04.1589991Z CloudEvents: Reconnected. 1762514351.6552067
2025-11-07T11:44:04.1590287Z CloudEvents: Disconnected. Reconnecting ... 1762514359.41431
2025-11-07T11:44:04.1590719Z CloudEvents: Reconnected. 1762514359.51448
2025-11-07T11:44:04.1591030Z CloudEvents: Disconnected. Reconnecting ... 1762514551.8207362
2025-11-07T11:44:04.1591334Z CloudEvents: Reconnected. 1762514551.9209006
2025-11-07T11:44:04.1591631Z CloudEvents: Disconnected. Reconnecting ... 1762515242.5624452
2025-11-07T11:44:04.1591932Z CloudEvents: Reconnected. 1762515242.662642
2025-11-07T11:44:04.1592224Z CloudEvents: Disconnected. Reconnecting ... 1762515242.8117554
2025-11-07T11:44:04.1592527Z CloudEvents: Reconnected. 1762515242.9119277
2025-11-07T11:44:04.1592824Z CloudEvents: Disconnected. Reconnecting ... 1762515243.0522056
2025-11-07T11:44:04.1593122Z CloudEvents: Reconnected. 1762515243.1523962
2025-11-07T11:44:04.1593420Z CloudEvents: Disconnected. Reconnecting ... 1762515428.611562
2025-11-07T11:44:04.1593722Z CloudEvents: Reconnected. 1762515428.7117684
2025-11-07T11:44:04.1594014Z CloudEvents: Disconnected. Reconnecting ... 1762515428.8256576
2025-11-07T11:44:04.1594320Z CloudEvents: Reconnected. 1762515428.9258623
2025-11-07T11:44:04.1594624Z CloudEvents: Disconnected. Reconnecting ... 1762515676.602575
2025-11-07T11:44:04.1594921Z CloudEvents: Reconnected. 1762515676.7027917
2025-11-07T11:44:04.1595217Z CloudEvents: Disconnected. Reconnecting ... 1762515843.9361348
2025-11-07T11:44:04.1595524Z CloudEvents: Reconnected. 1762515844.0363266
2025-11-07T12:53:05.0760424Z CloudEvents: Disconnected. Reconnecting ...
2025-11-07T12:53:05.0815387Z Post job cleanup.
2025-11-07T12:53:05.1616114Z [command]/usr/bin/git version
2025-11-07T12:53:05.1657621Z git version 2.51.2
2025-11-07T12:53:05.1697728Z Temporarily overriding HOME='/home/runner/work/_temp/8b4dc788-9a13-4890-9bea-13aea6287485' before making global git config changes
2025-11-07T12:53:05.1698614Z Adding repository directory to the temporary git global config as a safe directory
2025-11-07T12:53:05.1703291Z [command]/usr/bin/git config --global --add safe.directory /home/runner/work/scratchattach/scratchattach
2025-11-07T12:53:05.1742184Z [command]/usr/bin/git config --local --name-only --get-regexp core\.sshCommand
2025-11-07T12:53:05.1776949Z [command]/usr/bin/git submodule foreach --recursive sh -c "git config --local --name-only --get-regexp 'core\.sshCommand' && git config --local --unset-all 'core.sshCommand' || :"
2025-11-07T12:53:05.2017365Z [command]/usr/bin/git config --local --name-only --get-regexp http\.https\:\/\/github\.com\/\.extraheader
2025-11-07T12:53:05.2041197Z http.https://github.com/.extraheader
2025-11-07T12:53:05.2052478Z [command]/usr/bin/git config --local --unset-all http.https://github.com/.extraheader
2025-11-07T12:53:05.2086070Z [command]/usr/bin/git submodule foreach --recursive sh -c "git config --local --name-only --get-regexp 'http\.https\:\/\/github\.com\/\.extraheader' && git config --local --unset-all 'http.https://github.com/.extraheader' || :"
2025-11-07T12:53:05.2471482Z Post job cleanup.
2025-11-07T12:53:05.3627738Z (node:4638) [DEP0040] DeprecationWarning: The `punycode` module is deprecated. Please use a userland alternative instead.
2025-11-07T12:53:05.3628584Z (Use `node --trace-deprecation ...` to show where the warning was created)
2025-11-07T12:53:05.3742208Z Post job cleanup.
2025-11-07T12:53:05.4805648Z [command]/usr/bin/git version
2025-11-07T12:53:05.4862000Z git version 2.51.2
2025-11-07T12:53:05.4916243Z Temporarily overriding HOME='/home/runner/work/_temp/606989e8-8549-4a2b-af0b-40bed74c0061' before making global git config changes
2025-11-07T12:53:05.4917640Z Adding repository directory to the temporary git global config as a safe directory
2025-11-07T12:53:05.4921676Z [command]/usr/bin/git config --global --add safe.directory /home/runner/work/scratchattach/scratchattach
2025-11-07T12:53:05.4972857Z [command]/usr/bin/git config --local --name-only --get-regexp core\.sshCommand
2025-11-07T12:53:05.5016973Z [command]/usr/bin/git submodule foreach --recursive sh -c "git config --local --name-only --get-regexp 'core\.sshCommand' && git config --local --unset-all 'core.sshCommand' || :"
2025-11-07T12:53:05.5294854Z [command]/usr/bin/git config --local --name-only --get-regexp http\.https\:\/\/github\.com\/\.extraheader
2025-11-07T12:53:05.5333846Z [command]/usr/bin/git submodule foreach --recursive sh -c "git config --local --name-only --get-regexp 'http\.https\:\/\/github\.com\/\.extraheader' && git config --local --unset-all 'http.https://github.com/.extraheader' || :"
2025-11-07T12:53:05.5705353Z Cleaning up orphan processes
