2025-09-21T01:47:23.5617495Z Current runner version: '2.328.0'
2025-09-21T01:47:23.5642415Z ##[group]Runner Image Provisioner
2025-09-21T01:47:23.5643158Z Hosted Compute Agent
2025-09-21T01:47:23.5643711Z Version: 20250829.383
2025-09-21T01:47:23.5644251Z Commit: 27cb235aab5b0e52e153a26cd86b4742e89dac5d
2025-09-21T01:47:23.5645362Z Build Date: 2025-08-29T13:48:48Z
2025-09-21T01:47:23.5645926Z ##[endgroup]
2025-09-21T01:47:23.5646448Z ##[group]Operating System
2025-09-21T01:47:23.5647084Z Ubuntu
2025-09-21T01:47:23.5647521Z 24.04.3
2025-09-21T01:47:23.5647960Z LTS
2025-09-21T01:47:23.5648481Z ##[endgroup]
2025-09-21T01:47:23.5648980Z ##[group]Runner Image
2025-09-21T01:47:23.5649508Z Image: ubuntu-24.04
2025-09-21T01:47:23.5650059Z Version: 20250907.24.1
2025-09-21T01:47:23.5651010Z Included Software: https://github.com/actions/runner-images/blob/ubuntu24/20250907.24/images/ubuntu/Ubuntu2404-Readme.md
2025-09-21T01:47:23.5652596Z Image Release: https://github.com/actions/runner-images/releases/tag/ubuntu24%2F20250907.24
2025-09-21T01:47:23.5653599Z ##[endgroup]
2025-09-21T01:47:23.5655131Z ##[group]GITHUB_TOKEN Permissions
2025-09-21T01:47:23.5657653Z Actions: read
2025-09-21T01:47:23.5658172Z Contents: read
2025-09-21T01:47:23.5658751Z Metadata: read
2025-09-21T01:47:23.5659264Z Packages: read
2025-09-21T01:47:23.5659769Z SecurityEvents: write
2025-09-21T01:47:23.5660345Z ##[endgroup]
2025-09-21T01:47:23.5663109Z Secret source: Actions
2025-09-21T01:47:23.5664071Z Prepare workflow directory
2025-09-21T01:47:23.6158753Z Prepare all required actions
2025-09-21T01:47:23.6196825Z Getting action download info
2025-09-21T01:47:23.8991711Z Download action repository 'actions/checkout@v4' (SHA:08eba0b27e820071cde6df949e0beb9ba4906955)
2025-09-21T01:47:24.1049556Z Download action repository 'github/codeql-action@v3' (SHA:192325c86100d080feab897ff886c34abd4c83a3)
2025-09-21T01:47:24.6823233Z Complete job name: Analyze (python)
2025-09-21T01:47:24.7521365Z ##[group]Run actions/checkout@v4
2025-09-21T01:47:24.7522629Z with:
2025-09-21T01:47:24.7523353Z   repository: Boss-1s/scratchattach
2025-09-21T01:47:24.7524860Z   token: ***
2025-09-21T01:47:24.7525623Z   ssh-strict: true
2025-09-21T01:47:24.7526337Z   ssh-user: git
2025-09-21T01:47:24.7527067Z   persist-credentials: true
2025-09-21T01:47:24.7527896Z   clean: true
2025-09-21T01:47:24.7528622Z   sparse-checkout-cone-mode: true
2025-09-21T01:47:24.7529517Z   fetch-depth: 1
2025-09-21T01:47:24.7530221Z   fetch-tags: false
2025-09-21T01:47:24.7530939Z   show-progress: true
2025-09-21T01:47:24.7531684Z   lfs: false
2025-09-21T01:47:24.7532345Z   submodules: false
2025-09-21T01:47:24.7533151Z   set-safe-directory: true
2025-09-21T01:47:24.7534240Z env:
2025-09-21T01:47:24.7535109Z   CODE_SCANNING_REF: refs/heads/main
2025-09-21T01:47:24.7536057Z   CODE_SCANNING_BASE_BRANCH: 
2025-09-21T01:47:24.7537034Z   CODE_SCANNING_IS_ANALYZING_DEFAULT_BRANCH: true
2025-09-21T01:47:24.7538290Z   CODE_SCANNING_IS_STEADY_STATE_DEFAULT_SETUP: true
2025-09-21T01:47:24.7563826Z   CODE_SCANNING_WORKFLOW_FILE: H4sIAAAAAAAA/6RV32/bNhB+919x8AakfZDzsD0JKFDFkRNvhp1aCrqsKAiaOslcZFLlD6dql/99oCjF0hLPGeon8/jx4919H0+C7jCE8VRm+GExHikrAh/6+ft3KLjZ2s0E9yjMhIvKGj1hMkOiGRWCi4IoK4jDw+PjSIoQslrQHWejEYp9OAKYri5jkkyj5XK+vCLrePZqYswd578ZLqIkJhfraDm9fi3ThmokG0UF277EOE9ItIwWd3+6xWU8i24X6f+8gWtCBS3rb26RYU5taf77xiSNo8s7kqRRGj9dmsTp7U0IRll8dubjav37bLH6SGbzRfzavB6kus9L+UByXjYKjf6SG+1k8emi+wvg9Y58CN447h01in+dlFQUlhbu7NsGqqzQgdPZgXIld78lq+WbFq2sEKje+pIBKlQ7rjWXQvt7ACgzzRIU0qyNMSkMCjMMVpTd0wKHQY3MKm7qoClZh/CguMFRR8KFxUCKAJWSKoScltpvaqOowaLussgpL4OcatMHQVtzBwLggpU2w0MAIICuI2FXS28XgLl7pKpDOH8CvoTbWF5mwU5mGIKQAgebvo0hnH0a240VxgYlNajN+PPZkVSq2mylOJnJC7AfSkQbrFppg9ZE0y2ye2kNKKyk5kaquqW02qnZNuOctbj3+19HA4K54IbTkn9D8CNpcNxb/ty5/EsZeLJzLrh5v/+lBT5wsz1I1vhccx3cc5HpENzJoHsfT6iuQ9r7+rn5Ry/1qwc9hPvgDCsUGQpWB4yyLReFP+T7OkGx50qKHQoD797BmS8u2EptMDvrE32xqLjLbjyGn+DSD5gmWoO23Rto30HOixD+7gnZDqRAo7FVOFBYqmIYAHBFlIF7fzqET68cNF4Q0pyCx0f43CM1W4XUNM0pG8p2t1M8cWlBpeTXGnKpQGHBtXH1tiQ8C/32aStoQ5UJGvAxRxzoCVOYoXB2a4XXyBQaPbmap9e3F2QdX82TdD2PE3KzXv1x15fk8PiOOGZo6xtUuVS71tN+1mquT1fUDupDNe131f/cN+LDwmdHrldJ2tbhHuakacNEWtMI1qyIM1e/jAHBzWp9kqCS6jjBNCLTeJ3OZ/NplManqBglDJXhOXfD6ijp7XqRnKKyqtQHgqHgh0nYU6oLukP/BAAA//+FBaDZAgkAAA==
2025-09-21T01:47:24.7589748Z ##[endgroup]
2025-09-21T01:47:24.8671427Z Syncing repository: Boss-1s/scratchattach
2025-09-21T01:47:24.8673953Z ##[group]Getting Git version info
2025-09-21T01:47:24.8675692Z Working directory is '/home/runner/work/scratchattach/scratchattach'
2025-09-21T01:47:24.8677739Z [command]/usr/bin/git version
2025-09-21T01:47:24.8744159Z git version 2.51.0
2025-09-21T01:47:24.8770509Z ##[endgroup]
2025-09-21T01:47:24.8784844Z Temporarily overriding HOME='/home/runner/work/_temp/b0b3f207-7a26-418e-907c-4473fc860904' before making global git config changes
2025-09-21T01:47:24.8787589Z Adding repository directory to the temporary git global config as a safe directory
2025-09-21T01:47:24.8797256Z [command]/usr/bin/git config --global --add safe.directory /home/runner/work/scratchattach/scratchattach
2025-09-21T01:47:24.8833197Z Deleting the contents of '/home/runner/work/scratchattach/scratchattach'
2025-09-21T01:47:24.8836971Z ##[group]Initializing the repository
2025-09-21T01:47:24.8840991Z [command]/usr/bin/git init /home/runner/work/scratchattach/scratchattach
2025-09-21T01:47:24.8965053Z hint: Using 'master' as the name for the initial branch. This default branch name
2025-09-21T01:47:24.8967337Z hint: is subject to change. To configure the initial branch name to use in all
2025-09-21T01:47:24.8969913Z hint: of your new repositories, which will suppress this warning, call:
2025-09-21T01:47:24.8972353Z hint:
2025-09-21T01:47:24.8974086Z hint: 	git config --global init.defaultBranch <name>
2025-09-21T01:47:24.8976500Z hint:
2025-09-21T01:47:24.8978590Z hint: Names commonly chosen instead of 'master' are 'main', 'trunk' and
2025-09-21T01:47:24.8981608Z hint: 'development'. The just-created branch can be renamed via this command:
2025-09-21T01:47:24.8984337Z hint:
2025-09-21T01:47:24.8985776Z hint: 	git branch -m <name>
2025-09-21T01:47:24.8987109Z hint:
2025-09-21T01:47:24.8988973Z hint: Disable this message with "git config set advice.defaultBranchName false"
2025-09-21T01:47:24.8991553Z Initialized empty Git repository in /home/runner/work/scratchattach/scratchattach/.git/
2025-09-21T01:47:24.8995002Z [command]/usr/bin/git remote add origin https://github.com/Boss-1s/scratchattach
2025-09-21T01:47:24.9023957Z ##[endgroup]
2025-09-21T01:47:24.9026465Z ##[group]Disabling automatic garbage collection
2025-09-21T01:47:24.9028572Z [command]/usr/bin/git config --local gc.auto 0
2025-09-21T01:47:24.9057843Z ##[endgroup]
2025-09-21T01:47:24.9059948Z ##[group]Setting up auth
2025-09-21T01:47:24.9065783Z [command]/usr/bin/git config --local --name-only --get-regexp core\.sshCommand
2025-09-21T01:47:24.9097910Z [command]/usr/bin/git submodule foreach --recursive sh -c "git config --local --name-only --get-regexp 'core\.sshCommand' && git config --local --unset-all 'core.sshCommand' || :"
2025-09-21T01:47:24.9419842Z [command]/usr/bin/git config --local --name-only --get-regexp http\.https\:\/\/github\.com\/\.extraheader
2025-09-21T01:47:24.9451573Z [command]/usr/bin/git submodule foreach --recursive sh -c "git config --local --name-only --get-regexp 'http\.https\:\/\/github\.com\/\.extraheader' && git config --local --unset-all 'http.https://github.com/.extraheader' || :"
2025-09-21T01:47:24.9669514Z [command]/usr/bin/git config --local http.https://github.com/.extraheader AUTHORIZATION: basic ***
2025-09-21T01:47:24.9712674Z ##[endgroup]
2025-09-21T01:47:24.9714090Z ##[group]Fetching the repository
2025-09-21T01:47:24.9721714Z [command]/usr/bin/git -c protocol.version=2 fetch --no-tags --prune --no-recurse-submodules --depth=1 origin +2381af642bf39eef8527da481738fb66755d6934:refs/remotes/origin/main
2025-09-21T01:47:25.3848880Z From https://github.com/Boss-1s/scratchattach
2025-09-21T01:47:25.3850039Z  * [new ref]         2381af642bf39eef8527da481738fb66755d6934 -> origin/main
2025-09-21T01:47:25.3882541Z ##[endgroup]
2025-09-21T01:47:25.3883395Z ##[group]Determining the checkout info
2025-09-21T01:47:25.3885254Z ##[endgroup]
2025-09-21T01:47:25.3890811Z [command]/usr/bin/git sparse-checkout disable
2025-09-21T01:47:25.3931266Z [command]/usr/bin/git config --local --unset-all extensions.worktreeConfig
2025-09-21T01:47:25.3958762Z ##[group]Checking out the ref
2025-09-21T01:47:25.3963009Z [command]/usr/bin/git checkout --progress --force -B main refs/remotes/origin/main
2025-09-21T01:47:25.5066335Z Switched to a new branch 'main'
2025-09-21T01:47:25.5067196Z branch 'main' set up to track 'origin/main'.
2025-09-21T01:47:25.5083463Z ##[endgroup]
2025-09-21T01:47:25.5122398Z [command]/usr/bin/git log -1 --format=%H
2025-09-21T01:47:25.5145210Z 2381af642bf39eef8527da481738fb66755d6934
2025-09-21T01:47:25.5426617Z ##[group]Run github/codeql-action/init@v3
2025-09-21T01:47:25.5427062Z with:
2025-09-21T01:47:25.5427399Z   analysis-kinds: code-scanning
2025-09-21T01:47:25.5427773Z   languages: python
2025-09-21T01:47:25.5428109Z   build-mode: none
2025-09-21T01:47:25.5428447Z   dependency-caching: true
2025-09-21T01:47:25.5428943Z   config: default-setup:
  org:
    model-packs: [  ]
threat-models: [  ]

2025-09-21T01:47:25.5429581Z   token: ***
2025-09-21T01:47:25.5430152Z   matrix: {
  "language": "python",
  "category": "/language:python",
  "build-mode": "none",
  "runner": "[\"ubuntu-latest\"]"
}
2025-09-21T01:47:25.5430782Z   debug: false
2025-09-21T01:47:25.5431098Z env:
2025-09-21T01:47:25.5431411Z   CODE_SCANNING_REF: refs/heads/main
2025-09-21T01:47:25.5431805Z   CODE_SCANNING_BASE_BRANCH: 
2025-09-21T01:47:25.5432203Z   CODE_SCANNING_IS_ANALYZING_DEFAULT_BRANCH: true
2025-09-21T01:47:25.5432656Z   CODE_SCANNING_IS_STEADY_STATE_DEFAULT_SETUP: true
2025-09-21T01:47:25.5439446Z   CODE_SCANNING_WORKFLOW_FILE: H4sIAAAAAAAA/6RV32/bNhB+919x8AakfZDzsD0JKFDFkRNvhp1aCrqsKAiaOslcZFLlD6dql/99oCjF0hLPGeon8/jx4919H0+C7jCE8VRm+GExHikrAh/6+ft3KLjZ2s0E9yjMhIvKGj1hMkOiGRWCi4IoK4jDw+PjSIoQslrQHWejEYp9OAKYri5jkkyj5XK+vCLrePZqYswd578ZLqIkJhfraDm9fi3ThmokG0UF277EOE9ItIwWd3+6xWU8i24X6f+8gWtCBS3rb26RYU5taf77xiSNo8s7kqRRGj9dmsTp7U0IRll8dubjav37bLH6SGbzRfzavB6kus9L+UByXjYKjf6SG+1k8emi+wvg9Y58CN447h01in+dlFQUlhbu7NsGqqzQgdPZgXIld78lq+WbFq2sEKje+pIBKlQ7rjWXQvt7ACgzzRIU0qyNMSkMCjMMVpTd0wKHQY3MKm7qoClZh/CguMFRR8KFxUCKAJWSKoScltpvaqOowaLussgpL4OcatMHQVtzBwLggpU2w0MAIICuI2FXS28XgLl7pKpDOH8CvoTbWF5mwU5mGIKQAgebvo0hnH0a240VxgYlNajN+PPZkVSq2mylOJnJC7AfSkQbrFppg9ZE0y2ye2kNKKyk5kaquqW02qnZNuOctbj3+19HA4K54IbTkn9D8CNpcNxb/ty5/EsZeLJzLrh5v/+lBT5wsz1I1vhccx3cc5HpENzJoHsfT6iuQ9r7+rn5Ry/1qwc9hPvgDCsUGQpWB4yyLReFP+T7OkGx50qKHQoD797BmS8u2EptMDvrE32xqLjLbjyGn+DSD5gmWoO23Rto30HOixD+7gnZDqRAo7FVOFBYqmIYAHBFlIF7fzqET68cNF4Q0pyCx0f43CM1W4XUNM0pG8p2t1M8cWlBpeTXGnKpQGHBtXH1tiQ8C/32aStoQ5UJGvAxRxzoCVOYoXB2a4XXyBQaPbmap9e3F2QdX82TdD2PE3KzXv1x15fk8PiOOGZo6xtUuVS71tN+1mquT1fUDupDNe131f/cN+LDwmdHrldJ2tbhHuakacNEWtMI1qyIM1e/jAHBzWp9kqCS6jjBNCLTeJ3OZ/NplManqBglDJXhOXfD6ijp7XqRnKKyqtQHgqHgh0nYU6oLukP/BAAA//+FBaDZAgkAAA==
2025-09-21T01:47:25.5446249Z ##[endgroup]
2025-09-21T01:47:25.6973144Z Job run UUID is 06c9fdfd-c439-4057-8492-50188fcac2a8.
2025-09-21T01:47:26.2306561Z ##[group]Setup CodeQL tools
2025-09-21T01:47:26.2351352Z [command]/usr/bin/tar --version
2025-09-21T01:47:26.2379282Z tar (GNU tar) 1.35
2025-09-21T01:47:26.2379950Z Copyright (C) 2023 Free Software Foundation, Inc.
2025-09-21T01:47:26.2380633Z License GPLv3+: GNU GPL version 3 or later <https://gnu.org/licenses/gpl.html>.
2025-09-21T01:47:26.2381297Z This is free software: you are free to change and redistribute it.
2025-09-21T01:47:26.2381841Z There is NO WARRANTY, to the extent permitted by law.
2025-09-21T01:47:26.2382156Z 
2025-09-21T01:47:26.2382339Z Written by John Gilmore and Jay Fenlason.
2025-09-21T01:47:26.2388116Z Found gnu tar version 1.35.
2025-09-21T01:47:26.2794154Z Found CodeQL tools version 2.23.0 in the toolcache.
2025-09-21T01:47:26.2795524Z Using CodeQL CLI version 2.23.0 from toolcache at /opt/hostedtoolcache/CodeQL/2.23.0/x64
2025-09-21T01:47:39.3455194Z [command]/opt/hostedtoolcache/CodeQL/2.23.0/x64/codeql/codeql version --format=json
2025-09-21T01:47:39.9459345Z {
2025-09-21T01:47:39.9460134Z   "productName" : "CodeQL",
2025-09-21T01:47:39.9460568Z   "vendor" : "GitHub",
2025-09-21T01:47:39.9460901Z   "version" : "2.23.0",
2025-09-21T01:47:39.9461281Z   "sha" : "407f5b2b71c60a8014fac9861a292050cb059ce6",
2025-09-21T01:47:39.9461735Z   "branches" : [
2025-09-21T01:47:39.9462053Z     "codeql-cli-2.23.0"
2025-09-21T01:47:39.9463272Z   ],
2025-09-21T01:47:39.9463607Z   "copyright" : "Copyright (C) 2019-2025 GitHub, Inc.",
2025-09-21T01:47:39.9464210Z   "unpackedLocation" : "/opt/hostedtoolcache/CodeQL/2.23.0/x64/codeql",
2025-09-21T01:47:39.9465102Z   "configFileLocation" : "/home/runner/.config/codeql/config",
2025-09-21T01:47:39.9466130Z   "configFileFound" : false,
2025-09-21T01:47:39.9466538Z   "overlayVersion" : 4,
2025-09-21T01:47:39.9466863Z   "features" : {
2025-09-21T01:47:39.9467219Z     "analysisSummaryV2Default" : true,
2025-09-21T01:47:39.9468076Z     "buildModeOption" : true,
2025-09-21T01:47:39.9468560Z     "bundleSupportsIncludeDiagnostics" : true,
2025-09-21T01:47:39.9469098Z     "bundleSupportsIncludeLogs" : true,
2025-09-21T01:47:39.9469740Z     "databaseInterpretResultsSupportsSarifRunProperty" : true,
2025-09-21T01:47:39.9470348Z     "featuresInVersionResult" : true,
2025-09-21T01:47:39.9470862Z     "indirectTracingSupportsStaticBinaries" : false,
2025-09-21T01:47:39.9471437Z     "informsAboutUnsupportedPathFilters" : true,
2025-09-21T01:47:39.9471912Z     "supportsPython312" : true,
2025-09-21T01:47:39.9472299Z     "mrvaPackCreate" : true,
2025-09-21T01:47:39.9472658Z     "threatModelOption" : true,
2025-09-21T01:47:39.9473064Z     "traceCommandUseBuildMode" : true,
2025-09-21T01:47:39.9473594Z     "v2ramSizing" : true,
2025-09-21T01:47:39.9474004Z     "mrvaPackCreateMultipleQueries" : true,
2025-09-21T01:47:39.9474754Z     "setsCodeqlRunnerEnvVar" : true,
2025-09-21T01:47:39.9475233Z     "sarifMergeRunsFromEqualCategory" : true,
2025-09-21T01:47:39.9475681Z     "forceOverwrite" : true,
2025-09-21T01:47:39.9476069Z     "generateSummarySymbolMap" : true,
2025-09-21T01:47:39.9476603Z     "pythonDefaultIsToNotExtractStdlib" : true,
2025-09-21T01:47:39.9477110Z     "queryServerRunQueries" : true,
2025-09-21T01:47:39.9477597Z     "queryServerTrimCacheWithMode" : true,
2025-09-21T01:47:39.9478181Z     "resolveLanguagesFilterToLanguagesWithQueries" : true
2025-09-21T01:47:39.9478712Z   }
2025-09-21T01:47:39.9478973Z }
2025-09-21T01:47:39.9594285Z ##[endgroup]
2025-09-21T01:47:39.9595055Z ##[group]Validating workflow
2025-09-21T01:47:39.9636121Z Detected no issues with the code scanning workflow.
2025-09-21T01:47:39.9636745Z ##[endgroup]
2025-09-21T01:47:39.9639600Z ##[group]Load language configuration
2025-09-21T01:47:39.9649999Z [command]/opt/hostedtoolcache/CodeQL/2.23.0/x64/codeql/codeql resolve languages --format=betterjson --extractor-options-verbosity=4 --extractor-include-aliases
2025-09-21T01:47:44.8671779Z {
2025-09-21T01:47:44.8672526Z   "aliases" : {
2025-09-21T01:47:44.8673296Z     "c" : "cpp",
2025-09-21T01:47:44.8673929Z     "c++" : "cpp",
2025-09-21T01:47:44.8674773Z     "c-c++" : "cpp",
2025-09-21T01:47:44.8675295Z     "c-cpp" : "cpp",
2025-09-21T01:47:44.8675843Z     "c#" : "csharp",
2025-09-21T01:47:44.8676459Z     "java-kotlin" : "java",
2025-09-21T01:47:44.8678552Z     "kotlin" : "java",
2025-09-21T01:47:44.8678935Z     "javascript-typescript" : "javascript",
2025-09-21T01:47:44.8679411Z     "typescript" : "javascript"
2025-09-21T01:47:44.8679776Z   },
2025-09-21T01:47:44.8680047Z   "extractors" : {
2025-09-21T01:47:44.8680339Z     "xml" : [
2025-09-21T01:47:44.8680613Z       {
2025-09-21T01:47:44.8681036Z         "extractor_root" : "/opt/hostedtoolcache/CodeQL/2.23.0/x64/codeql/xml"
2025-09-21T01:47:44.8681584Z       }
2025-09-21T01:47:44.8681846Z     ],
2025-09-21T01:47:44.8682108Z     "python" : [
2025-09-21T01:47:44.8682389Z       {
2025-09-21T01:47:44.8682844Z         "extractor_root" : "/opt/hostedtoolcache/CodeQL/2.23.0/x64/codeql/python",
2025-09-21T01:47:44.8683433Z         "extractor_options" : {
2025-09-21T01:47:44.8683808Z           "logging" : {
2025-09-21T01:47:44.8684728Z             "title" : "Options pertaining to logging.",
2025-09-21T01:47:44.8685277Z             "description" : "Options pertaining to logging.",
2025-09-21T01:47:44.8685761Z             "type" : "object",
2025-09-21T01:47:44.8686122Z             "properties" : {
2025-09-21T01:47:44.8686498Z               "verbosity" : {
2025-09-21T01:47:44.8686930Z                 "title" : "Python extractor logging verbosity level.",
2025-09-21T01:47:44.8688787Z                 "description" : "Controls the level of verbosity of the CodeQL Python extractor.\nThe supported levels are (in order of increasing verbosity):\n\n  - off\n  - errors\n  - warnings\n  - info or progress\n  - debug or progress+\n  - trace or progress++\n  - progress+++\n",
2025-09-21T01:47:44.8690363Z                 "type" : "string",
2025-09-21T01:47:44.8691108Z                 "pattern" : "^(off|errors|warnings|(info|progress)|(debug|progress\\+)|(trace|progress\\+\\+)|progress\\+\\+\\+)$"
2025-09-21T01:47:44.8691860Z               }
2025-09-21T01:47:44.8692133Z             }
2025-09-21T01:47:44.8692406Z           },
2025-09-21T01:47:44.8692707Z           "python_executable_name" : {
2025-09-21T01:47:44.8693319Z             "title" : "Controls the name of the Python executable used by the Python extractor.",
2025-09-21T01:47:44.8701985Z             "description" : "The Python extractor uses platform-dependent heuristics to determine the name of the Python executable to use. Specifying a value for this option overrides the name of the Python executable used by the extractor. Accepted values are py, python and python3. Use this setting with caution, the Python extractor requires Python 3 to run.\n",
2025-09-21T01:47:44.8704168Z             "type" : "string",
2025-09-21T01:47:44.8704777Z             "pattern" : "^(py|python|python3)$"
2025-09-21T01:47:44.8705202Z           }
2025-09-21T01:47:44.8705477Z         }
2025-09-21T01:47:44.8705723Z       }
2025-09-21T01:47:44.8705970Z     ],
2025-09-21T01:47:44.8706241Z     "properties" : [
2025-09-21T01:47:44.8706545Z       {
2025-09-21T01:47:44.8707017Z         "extractor_root" : "/opt/hostedtoolcache/CodeQL/2.23.0/x64/codeql/properties"
2025-09-21T01:47:44.8707614Z       }
2025-09-21T01:47:44.8707863Z     ],
2025-09-21T01:47:44.8708116Z     "javascript" : [
2025-09-21T01:47:44.8708418Z       {
2025-09-21T01:47:44.8708876Z         "extractor_root" : "/opt/hostedtoolcache/CodeQL/2.23.0/x64/codeql/javascript",
2025-09-21T01:47:44.8709498Z         "extractor_options" : {
2025-09-21T01:47:44.8709841Z           "trap" : {
2025-09-21T01:47:44.8710172Z             "title" : "TRAP options",
2025-09-21T01:47:44.8710721Z             "description" : "Options about how the extractor handles TRAP files",
2025-09-21T01:47:44.8711283Z             "type" : "object",
2025-09-21T01:47:44.8711642Z             "visibility" : 3,
2025-09-21T01:47:44.8711995Z             "properties" : {
2025-09-21T01:47:44.8712338Z               "cache" : {
2025-09-21T01:47:44.8712686Z                 "title" : "TRAP cache options",
2025-09-21T01:47:44.8713323Z                 "description" : "Options about how the extractor handles its TRAP cache",
2025-09-21T01:47:44.8713907Z                 "type" : "object",
2025-09-21T01:47:44.8714302Z                 "properties" : {
2025-09-21T01:47:44.8714815Z                   "dir" : {
2025-09-21T01:47:44.8715211Z                     "title" : "TRAP cache directory",
2025-09-21T01:47:44.8715866Z                     "description" : "The directory of the TRAP cache to use",
2025-09-21T01:47:44.8716381Z                     "type" : "string"
2025-09-21T01:47:44.8716762Z                   },
2025-09-21T01:47:44.8717058Z                   "bound" : {
2025-09-21T01:47:44.8717438Z                     "title" : "TRAP cache bound",
2025-09-21T01:47:44.8718007Z                     "description" : "A soft limit (in MB) on the size of the TRAP cache",
2025-09-21T01:47:44.8718572Z                     "type" : "string",
2025-09-21T01:47:44.8718970Z                     "pattern" : "[0-9]+"
2025-09-21T01:47:44.8719560Z                   },
2025-09-21T01:47:44.8719868Z                   "write" : {
2025-09-21T01:47:44.8720245Z                     "title" : "TRAP cache writeable",
2025-09-21T01:47:44.8720876Z                     "description" : "Whether to write to the TRAP cache as well as reading it",
2025-09-21T01:47:44.8721473Z                     "type" : "string",
2025-09-21T01:47:44.8721901Z                     "pattern" : "(true|TRUE|false|FALSE)"
2025-09-21T01:47:44.8722326Z                   }
2025-09-21T01:47:44.8722599Z                 }
2025-09-21T01:47:44.8722874Z               }
2025-09-21T01:47:44.8723136Z             }
2025-09-21T01:47:44.8723402Z           },
2025-09-21T01:47:44.8723848Z           "skip_types" : {
2025-09-21T01:47:44.8724271Z             "title" : "Skip type extraction for TypeScript",
2025-09-21T01:47:44.8725135Z             "description" : "Whether to skip the extraction of types in a TypeScript application",
2025-09-21T01:47:44.8725780Z             "type" : "string",
2025-09-21T01:47:44.8726156Z             "pattern" : "^(false|true)$"
2025-09-21T01:47:44.8726546Z           }
2025-09-21T01:47:44.8726805Z         }
2025-09-21T01:47:44.8727054Z       }
2025-09-21T01:47:44.8727300Z     ],
2025-09-21T01:47:44.8727555Z     "csharp" : [
2025-09-21T01:47:44.8727852Z       {
2025-09-21T01:47:44.8728294Z         "extractor_root" : "/opt/hostedtoolcache/CodeQL/2.23.0/x64/codeql/csharp",
2025-09-21T01:47:44.8728897Z         "extractor_options" : {
2025-09-21T01:47:44.8729252Z           "trap" : {
2025-09-21T01:47:44.8729604Z             "title" : "Options pertaining to TRAP.",
2025-09-21T01:47:44.8730099Z             "description" : "Options pertaining to TRAP.",
2025-09-21T01:47:44.8730557Z             "type" : "object",
2025-09-21T01:47:44.8730908Z             "properties" : {
2025-09-21T01:47:44.8731248Z               "compression" : {
2025-09-21T01:47:44.8731824Z                 "title" : "Controls compression for the TRAP files written by the extractor.",
2025-09-21T01:47:44.8733321Z                 "description" : "This option is only intended for use in debugging the extractor. Accepted values are 'brotli' (the default, to write brotli-compressed TRAP), 'gzip', and 'none' (to write uncompressed TRAP).\n",
2025-09-21T01:47:44.8734787Z                 "type" : "string",
2025-09-21T01:47:44.8735187Z                 "pattern" : "^(none|gzip|brotli)$"
2025-09-21T01:47:44.8735595Z               }
2025-09-21T01:47:44.8735868Z             }
2025-09-21T01:47:44.8736122Z           },
2025-09-21T01:47:44.8736402Z           "buildless" : {
2025-09-21T01:47:44.8736922Z             "title" : "DEPRECATED - Whether to use buildless (standalone) extraction.",
2025-09-21T01:47:44.8739875Z             "description" : "DEPRECATED: Use `--build-mode none` instead.\nA value indicating, which type of extraction the autobuilder should perform. If 'true', then the standalone extractor will be used, otherwise tracing extraction will be performed. The default is 'false'. Note that buildless extraction will generally yield less accurate analysis results, and should only be used in cases where it is not possible to build the code (for example if it uses inaccessible dependencies).\n",
2025-09-21T01:47:44.8742499Z             "type" : "string",
2025-09-21T01:47:44.8742858Z             "pattern" : "^(false|true)$"
2025-09-21T01:47:44.8743237Z           },
2025-09-21T01:47:44.8743507Z           "logging" : {
2025-09-21T01:47:44.8743864Z             "title" : "Options pertaining to logging.",
2025-09-21T01:47:44.8744372Z             "description" : "Options pertaining to logging.",
2025-09-21T01:47:44.8745015Z             "type" : "object",
2025-09-21T01:47:44.8745506Z             "properties" : {
2025-09-21T01:47:44.8745858Z               "verbosity" : {
2025-09-21T01:47:44.8746263Z                 "title" : "Extractor logging verbosity level.",
2025-09-21T01:47:44.8747725Z                 "description" : "Controls the level of verbosity of the extractor. The supported levels are (in order of increasing verbosity):\n  - off\n  - errors\n  - warnings\n  - info or progress\n  - debug or progress+\n  - trace or progress++\n  - progress+++\n",
2025-09-21T01:47:44.8749337Z                 "type" : "string",
2025-09-21T01:47:44.8750063Z                 "pattern" : "^(off|errors|warnings|(info|progress)|(debug|progress\\+)|(trace|progress\\+\\+)|progress\\+\\+\\+)$"
2025-09-21T01:47:44.8750791Z               }
2025-09-21T01:47:44.8751060Z             }
2025-09-21T01:47:44.8751331Z           },
2025-09-21T01:47:44.8751622Z           "binlog" : {
2025-09-21T01:47:44.8751835Z             "title" : "Binlog",
2025-09-21T01:47:44.8752570Z             "description" : "[EXPERIMENTAL] The value is a path to the MsBuild binary log file that should be extracted. This option only works when `--build-mode none` is also specified.\n",
2025-09-21T01:47:44.8753195Z             "type" : "array"
2025-09-21T01:47:44.8753388Z           }
2025-09-21T01:47:44.8753545Z         }
2025-09-21T01:47:44.8753691Z       }
2025-09-21T01:47:44.8753845Z     ],
2025-09-21T01:47:44.8753991Z     "rust" : [
2025-09-21T01:47:44.8754152Z       {
2025-09-21T01:47:44.8754403Z         "extractor_root" : "/opt/hostedtoolcache/CodeQL/2.23.0/x64/codeql/rust",
2025-09-21T01:47:44.8754984Z         "extractor_options" : {
2025-09-21T01:47:44.8755189Z           "trap" : {
2025-09-21T01:47:44.8755399Z             "title" : "Options pertaining to TRAP.",
2025-09-21T01:47:44.8755693Z             "description" : "Options pertaining to TRAP.",
2025-09-21T01:47:44.8755949Z             "type" : "object",
2025-09-21T01:47:44.8756151Z             "properties" : {
2025-09-21T01:47:44.8756347Z               "compression" : {
2025-09-21T01:47:44.8756679Z                 "title" : "Controls compression for the TRAP files written by the extractor.",
2025-09-21T01:47:44.8757598Z                 "description" : "This option is only intended for use in debugging the extractor. Accepted values are 'gzip' (to write gzip-compressed TRAP) 'zstd' (to write Zstandard-compressed TRAP) and 'none' (the default, to write uncompressed TRAP).\n",
2025-09-21T01:47:44.8758397Z                 "type" : "string",
2025-09-21T01:47:44.8758629Z                 "pattern" : "^(none|gzip|zstd)$"
2025-09-21T01:47:44.8758858Z               }
2025-09-21T01:47:44.8759017Z             }
2025-09-21T01:47:44.8759169Z           },
2025-09-21T01:47:44.8759338Z           "cargo_target_dir" : {
2025-09-21T01:47:44.8759595Z             "title" : "Directory to use for cargo output files.",
2025-09-21T01:47:44.8760569Z             "description" : "This value is an optional path to use as `CARGO_TARGET_DIR` for the internal cargo commands the extractor uses. Pointing it to a persistent directory may reduce execution time of consecutive extractor runs. By default, a new scratch directory is used for each run.\n",
2025-09-21T01:47:44.8761484Z             "type" : "string"
2025-09-21T01:47:44.8761676Z           },
2025-09-21T01:47:44.8761841Z           "cargo_target" : {
2025-09-21T01:47:44.8762058Z             "title" : "Target architecture",
2025-09-21T01:47:44.8762583Z             "description" : "Target architecture to use for analysis, analogous to `cargo --target`. By default the host architecture is used.\n",
2025-09-21T01:47:44.8763073Z             "type" : "string"
2025-09-21T01:47:44.8763264Z           },
2025-09-21T01:47:44.8763515Z           "cargo_features" : {
2025-09-21T01:47:44.8763738Z             "title" : "Cargo features to turn on",
2025-09-21T01:47:44.8764769Z             "description" : "Comma-separated list of features to turn on. By default all features are enabled. If any features are specified, then only those features are enabled. The `default` feature must be explicitly specified if only default features are desired. Can be repeated.\n",
2025-09-21T01:47:44.8765675Z             "type" : "array"
2025-09-21T01:47:44.8765861Z           },
2025-09-21T01:47:44.8766036Z           "cargo_cfg_overrides" : {
2025-09-21T01:47:44.8766276Z             "title" : "Cargo cfg overrides",
2025-09-21T01:47:44.8766889Z             "description" : "Comma-separated list of cfg settings to enable, or disable if prefixed with `-`. Can be repeated.\n",
2025-09-21T01:47:44.8767356Z             "type" : "array"
2025-09-21T01:47:44.8767545Z           },
2025-09-21T01:47:44.8767706Z           "logging" : {
2025-09-21T01:47:44.8767917Z             "title" : "Options pertaining to logging.",
2025-09-21T01:47:44.8768227Z             "description" : "Options pertaining to logging.",
2025-09-21T01:47:44.8768496Z             "type" : "object",
2025-09-21T01:47:44.8768701Z             "properties" : {
2025-09-21T01:47:44.8768907Z               "verbosity" : {
2025-09-21T01:47:44.8769243Z                 "title" : "Extractor logging verbosity level.",
2025-09-21T01:47:44.8770101Z                 "description" : "Controls the level of verbosity of the extractor. The supported levels are (in order of increasing verbosity):\n  - off\n  - errors\n  - warnings\n  - info or progress\n  - debug or progress+\n  - trace or progress++\n  - progress+++\n",
2025-09-21T01:47:44.8770896Z                 "type" : "string",
2025-09-21T01:47:44.8771320Z                 "pattern" : "^(off|errors|warnings|(info|progress)|(debug|progress\\+)|(trace|progress\\+\\+)|progress\\+\\+\\+)$"
2025-09-21T01:47:44.8771741Z               },
2025-09-21T01:47:44.8771908Z               "flamegraph" : {
2025-09-21T01:47:44.8772185Z                 "title" : "[Experimental] File path for write flame graph log",
2025-09-21T01:47:44.8772986Z                 "description" : "Collect flame graph data using the `tracing-flame` crate. To render a flame graph or chart, run the `inferno-flamegraph` command. See also: https://crates.io/crates/tracing-flame\n",
2025-09-21T01:47:44.8773686Z                 "type" : "string"
2025-09-21T01:47:44.8773888Z               }
2025-09-21T01:47:44.8774048Z             }
2025-09-21T01:47:44.8774197Z           },
2025-09-21T01:47:44.8774403Z           "extract_dependencies_as_source" : {
2025-09-21T01:47:44.8774773Z             "title" : "Extract dependencies as source code",
2025-09-21T01:47:44.8775236Z             "description" : "Extract the full source code of dependencies instead of only extracting signatures.\n",
2025-09-21T01:47:44.8775649Z             "type" : "string",
2025-09-21T01:47:44.8775863Z             "pattern" : "^(false|true)$"
2025-09-21T01:47:44.8776076Z           }
2025-09-21T01:47:44.8776223Z         }
2025-09-21T01:47:44.8776365Z       }
2025-09-21T01:47:44.8776507Z     ],
2025-09-21T01:47:44.8776648Z     "ruby" : [
2025-09-21T01:47:44.8776802Z       {
2025-09-21T01:47:44.8777052Z         "extractor_root" : "/opt/hostedtoolcache/CodeQL/2.23.0/x64/codeql/ruby",
2025-09-21T01:47:44.8777380Z         "extractor_options" : {
2025-09-21T01:47:44.8777593Z           "trap" : {
2025-09-21T01:47:44.8777796Z             "title" : "Options pertaining to TRAP.",
2025-09-21T01:47:44.8778085Z             "description" : "Options pertaining to TRAP.",
2025-09-21T01:47:44.8778344Z             "type" : "object",
2025-09-21T01:47:44.8778550Z             "properties" : {
2025-09-21T01:47:44.8778749Z               "compression" : {
2025-09-21T01:47:44.8779077Z                 "title" : "Controls compression for the TRAP files written by the extractor.",
2025-09-21T01:47:44.8780017Z                 "description" : "This option is only intended for use in debugging the extractor. Accepted values are 'gzip' (the default, to write gzip-compressed TRAP) 'zstd' (to write Zstandard-compressed TRAP) and 'none' (to write uncompressed TRAP).\n",
2025-09-21T01:47:44.8780816Z                 "type" : "string",
2025-09-21T01:47:44.8781048Z                 "pattern" : "^(none|gzip|zstd)$"
2025-09-21T01:47:44.8781273Z               }
2025-09-21T01:47:44.8781435Z             }
2025-09-21T01:47:44.8781583Z           }
2025-09-21T01:47:44.8781734Z         }
2025-09-21T01:47:44.8781875Z       }
2025-09-21T01:47:44.8782018Z     ],
2025-09-21T01:47:44.8782161Z     "go" : [
2025-09-21T01:47:44.8782309Z       {
2025-09-21T01:47:44.8782554Z         "extractor_root" : "/opt/hostedtoolcache/CodeQL/2.23.0/x64/codeql/go",
2025-09-21T01:47:44.8782991Z         "extractor_options" : {
2025-09-21T01:47:44.8783201Z           "extract_tests" : {
2025-09-21T01:47:44.8783489Z             "title" : "Whether to include Go test files in the CodeQL database.",
2025-09-21T01:47:44.8784063Z             "description" : "A value indicating whether Go test files should be included in the CodeQL database. The default is 'false'.\n",
2025-09-21T01:47:44.8784633Z             "type" : "string",
2025-09-21T01:47:44.8784846Z             "pattern" : "^(false|true)$"
2025-09-21T01:47:44.8785069Z           },
2025-09-21T01:47:44.8785232Z           "extract_vendor_dirs" : {
2025-09-21T01:47:44.8785674Z             "title" : "Whether to include Go vendor directories in the CodeQL database.",
2025-09-21T01:47:44.8786298Z             "description" : "A value indicating whether Go vendor directories should be included in the CodeQL database. The default is 'false'.\n",
2025-09-21T01:47:44.8786810Z             "type" : "string",
2025-09-21T01:47:44.8787019Z             "pattern" : "^(false|true)$"
2025-09-21T01:47:44.8787235Z           }
2025-09-21T01:47:44.8787389Z         }
2025-09-21T01:47:44.8787530Z       }
2025-09-21T01:47:44.8787679Z     ],
2025-09-21T01:47:44.8787821Z     "cpp" : [
2025-09-21T01:47:44.8787975Z       {
2025-09-21T01:47:44.8788218Z         "extractor_root" : "/opt/hostedtoolcache/CodeQL/2.23.0/x64/codeql/cpp",
2025-09-21T01:47:44.8788546Z         "extractor_options" : {
2025-09-21T01:47:44.8788741Z           "trap" : {
2025-09-21T01:47:44.8788929Z             "title" : "TRAP options",
2025-09-21T01:47:44.8789241Z             "description" : "Options about how the extractor handles TRAP files",
2025-09-21T01:47:44.8789570Z             "type" : "object",
2025-09-21T01:47:44.8789772Z             "visibility" : 3,
2025-09-21T01:47:44.8789973Z             "properties" : {
2025-09-21T01:47:44.8790171Z               "cache" : {
2025-09-21T01:47:44.8790371Z                 "title" : "TRAP cache options",
2025-09-21T01:47:44.8790721Z                 "description" : "Options about how the extractor handles its TRAP cache",
2025-09-21T01:47:44.8791049Z                 "type" : "object",
2025-09-21T01:47:44.8791266Z                 "properties" : {
2025-09-21T01:47:44.8791468Z                   "dir" : {
2025-09-21T01:47:44.8791684Z                     "title" : "TRAP cache directory",
2025-09-21T01:47:44.8791995Z                     "description" : "The directory of the TRAP cache to use",
2025-09-21T01:47:44.8792288Z                     "type" : "string"
2025-09-21T01:47:44.8792498Z                   },
2025-09-21T01:47:44.8792670Z                   "bound" : {
2025-09-21T01:47:44.8792887Z                     "title" : "TRAP cache bound",
2025-09-21T01:47:44.8793205Z                     "description" : "A soft limit (in MB) on the size of the TRAP cache",
2025-09-21T01:47:44.8793528Z                     "type" : "string",
2025-09-21T01:47:44.8793751Z                     "pattern" : "[0-9]+"
2025-09-21T01:47:44.8793973Z                   },
2025-09-21T01:47:44.8794145Z                   "write" : {
2025-09-21T01:47:44.8794356Z                     "title" : "TRAP cache writeable",
2025-09-21T01:47:44.8794807Z                     "description" : "Whether to write to the TRAP cache as well as reading it",
2025-09-21T01:47:44.8795147Z                     "type" : "string",
2025-09-21T01:47:44.8795389Z                     "pattern" : "(true|TRUE|false|FALSE)"
2025-09-21T01:47:44.8795620Z                   }
2025-09-21T01:47:44.8795785Z                 }
2025-09-21T01:47:44.8795939Z               }
2025-09-21T01:47:44.8796093Z             }
2025-09-21T01:47:44.8796240Z           },
2025-09-21T01:47:44.8796409Z           "scale_timeouts" : {
2025-09-21T01:47:44.8796682Z             "title" : "Value to scale compiler introspection timeouts with",
2025-09-21T01:47:44.8797944Z             "description" : "The extractor attempts to determine what compiler the source code being extracted is compiled with. To this end the extractor makes additional calls to the compiler, some of which are expected to return within a certain fixed time (either 10s or 15s). On some systems that are under high load this time might be too short, and can be scaled up using this option.\n",
2025-09-21T01:47:44.8799253Z             "type" : "string",
2025-09-21T01:47:44.8799458Z             "pattern" : "[0-9]+"
2025-09-21T01:47:44.8799651Z           },
2025-09-21T01:47:44.8799814Z           "log_verbosity" : {
2025-09-21T01:47:44.8800046Z             "title" : "Verbosity of the extractor logging",
2025-09-21T01:47:44.8800679Z             "description" : "Set the verbosity of the extractor logging to 'quiet' (0), 'normal' (1), 'chatty' (2), or 'noisy' (3). The default is 'normal'.\n",
2025-09-21T01:47:44.8801172Z             "type" : "string",
2025-09-21T01:47:44.8801372Z             "pattern" : "[0-3]"
2025-09-21T01:47:44.8801557Z           },
2025-09-21T01:47:44.8801725Z           "frontend_options" : {
2025-09-21T01:47:44.8801970Z             "title" : "C/C++ extractor frontend options",
2025-09-21T01:47:44.8802402Z             "description" : "Set additional options that should be passed to the C/C++ extractor frontend.\n",
2025-09-21T01:47:44.8802807Z             "type" : "array",
2025-09-21T01:47:44.8803001Z             "visibility" : 3
2025-09-21T01:47:44.8803193Z           }
2025-09-21T01:47:44.8803336Z         }
2025-09-21T01:47:44.8803483Z       }
2025-09-21T01:47:44.8803620Z     ],
2025-09-21T01:47:44.8803770Z     "yaml" : [
2025-09-21T01:47:44.8803922Z       {
2025-09-21T01:47:44.8804173Z         "extractor_root" : "/opt/hostedtoolcache/CodeQL/2.23.0/x64/codeql/yaml"
2025-09-21T01:47:44.8804636Z       }
2025-09-21T01:47:44.8804825Z     ],
2025-09-21T01:47:44.8804984Z     "html" : [
2025-09-21T01:47:44.8805135Z       {
2025-09-21T01:47:44.8805379Z         "extractor_root" : "/opt/hostedtoolcache/CodeQL/2.23.0/x64/codeql/html"
2025-09-21T01:47:44.8805678Z       }
2025-09-21T01:47:44.8805820Z     ],
2025-09-21T01:47:44.8805958Z     "swift" : [
2025-09-21T01:47:44.8806120Z       {
2025-09-21T01:47:44.8806357Z         "extractor_root" : "/opt/hostedtoolcache/CodeQL/2.23.0/x64/codeql/swift"
2025-09-21T01:47:44.8806660Z       }
2025-09-21T01:47:44.8806794Z     ],
2025-09-21T01:47:44.8806944Z     "csv" : [
2025-09-21T01:47:44.8807094Z       {
2025-09-21T01:47:44.8807333Z         "extractor_root" : "/opt/hostedtoolcache/CodeQL/2.23.0/x64/codeql/csv"
2025-09-21T01:47:44.8807638Z       }
2025-09-21T01:47:44.8807774Z     ],
2025-09-21T01:47:44.8807921Z     "actions" : [
2025-09-21T01:47:44.8808080Z       {
2025-09-21T01:47:44.8808331Z         "extractor_root" : "/opt/hostedtoolcache/CodeQL/2.23.0/x64/codeql/actions",
2025-09-21T01:47:44.8808669Z         "extractor_options" : {
2025-09-21T01:47:44.8808882Z           "trap" : {
2025-09-21T01:47:44.8809068Z             "title" : "TRAP options",
2025-09-21T01:47:44.8809387Z             "description" : "Options about how the extractor handles TRAP files",
2025-09-21T01:47:44.8809707Z             "type" : "object",
2025-09-21T01:47:44.8809907Z             "visibility" : 3,
2025-09-21T01:47:44.8810109Z             "properties" : {
2025-09-21T01:47:44.8810304Z               "cache" : {
2025-09-21T01:47:44.8810512Z                 "title" : "TRAP cache options",
2025-09-21T01:47:44.8810844Z                 "description" : "Options about how the extractor handles its TRAP cache",
2025-09-21T01:47:44.8811182Z                 "type" : "object",
2025-09-21T01:47:44.8811392Z                 "properties" : {
2025-09-21T01:47:44.8811595Z                   "dir" : {
2025-09-21T01:47:44.8811802Z                     "title" : "TRAP cache directory",
2025-09-21T01:47:44.8812114Z                     "description" : "The directory of the TRAP cache to use",
2025-09-21T01:47:44.8812410Z                     "type" : "string"
2025-09-21T01:47:44.8812614Z                   },
2025-09-21T01:47:44.8812785Z                   "bound" : {
2025-09-21T01:47:44.8812988Z                     "title" : "TRAP cache bound",
2025-09-21T01:47:44.8813308Z                     "description" : "A soft limit (in MB) on the size of the TRAP cache",
2025-09-21T01:47:44.8813859Z                     "type" : "string",
2025-09-21T01:47:44.8814091Z                     "pattern" : "[0-9]+"
2025-09-21T01:47:44.8814304Z                   },
2025-09-21T01:47:44.8814584Z                   "write" : {
2025-09-21T01:47:44.8814808Z                     "title" : "TRAP cache writeable",
2025-09-21T01:47:44.8815155Z                     "description" : "Whether to write to the TRAP cache as well as reading it",
2025-09-21T01:47:44.8815500Z                     "type" : "string",
2025-09-21T01:47:44.8815741Z                     "pattern" : "(true|TRUE|false|FALSE)"
2025-09-21T01:47:44.8816092Z                   }
2025-09-21T01:47:44.8816257Z                 }
2025-09-21T01:47:44.8816420Z               }
2025-09-21T01:47:44.8816573Z             }
2025-09-21T01:47:44.8816729Z           }
2025-09-21T01:47:44.8816876Z         }
2025-09-21T01:47:44.8817016Z       }
2025-09-21T01:47:44.8817165Z     ],
2025-09-21T01:47:44.8817306Z     "java" : [
2025-09-21T01:47:44.8817464Z       {
2025-09-21T01:47:44.8817711Z         "extractor_root" : "/opt/hostedtoolcache/CodeQL/2.23.0/x64/codeql/java",
2025-09-21T01:47:44.8818044Z         "extractor_options" : {
2025-09-21T01:47:44.8818245Z           "exclude" : {
2025-09-21T01:47:44.8818472Z             "title" : "A glob excluding files from analysis.",
2025-09-21T01:47:44.8819117Z             "description" : "A glob indicating what files to exclude from the analysis. This accepts glob patterns that are supported by Java's 'getPathMatcher' implementation.\n",
2025-09-21T01:47:44.8819720Z             "type" : "string"
2025-09-21T01:47:44.8819914Z           },
2025-09-21T01:47:44.8820085Z           "add_prefer_source" : {
2025-09-21T01:47:44.8820391Z             "title" : "Whether to always prefer source files over class files.",
2025-09-21T01:47:44.8821394Z             "description" : "A value indicating whether source files should be preferred over class files. If set to 'true', the extraction adds '-Xprefer:source' to the javac command line. If set to 'false', the extraction uses the default javac behavior ('-Xprefer:newer'). The default is 'true'.\n",
2025-09-21T01:47:44.8822313Z             "type" : "string",
2025-09-21T01:47:44.8822529Z             "pattern" : "^(false|true)$"
2025-09-21T01:47:44.8822744Z           },
2025-09-21T01:47:44.8822906Z           "buildless" : {
2025-09-21T01:47:44.8823202Z             "title" : "Whether to use buildless (standalone) extraction (experimental).",
2025-09-21T01:47:44.8824772Z             "description" : "A value indicating, which type of extraction the autobuilder should perform. If 'true', then the standalone extractor will be used, otherwise tracing extraction will be performed. The default is 'false'. Note that buildless extraction will generally yield less accurate analysis results, and should only be used in cases where it is not possible to build the code (for example if it uses inaccessible dependencies).\n",
2025-09-21T01:47:44.8826124Z             "type" : "string",
2025-09-21T01:47:44.8826326Z             "pattern" : "^(false|true)$"
2025-09-21T01:47:44.8826540Z           },
2025-09-21T01:47:44.8826709Z           "buildless_dependency_dir" : {
2025-09-21T01:47:44.8827086Z             "title" : "The path where buildless (standalone) extraction should keep dependencies.",
2025-09-21T01:47:44.8827650Z             "description" : "If set, the buildless (standalone) extractor will store dependencies in this directory.\n",
2025-09-21T01:47:44.8828079Z             "type" : "string"
2025-09-21T01:47:44.8828268Z           },
2025-09-21T01:47:44.8828436Z           "minimize_dependency_jars" : {
2025-09-21T01:47:44.8828812Z             "title" : "Whether to rewrite and minimize downloaded JAR dependencies (experimental).",
2025-09-21T01:47:44.8829545Z             "description" : "If 'true', JAR dependencies downloaded during extraction will be rewritten to remove unneeded data, such as method bodies. The default is 'false'.\n",
2025-09-21T01:47:44.8830275Z             "type" : "string",
2025-09-21T01:47:44.8830478Z             "pattern" : "^(false|true)$"
2025-09-21T01:47:44.8830690Z           }
2025-09-21T01:47:44.8830835Z         }
2025-09-21T01:47:44.8830981Z       }
2025-09-21T01:47:44.8831133Z     ]
2025-09-21T01:47:44.8831271Z   }
2025-09-21T01:47:44.8831418Z }
2025-09-21T01:47:44.8935519Z Languages from configuration: python
2025-09-21T01:47:44.8941492Z [command]/opt/hostedtoolcache/CodeQL/2.23.0/x64/codeql/codeql resolve languages --format=betterjson --extractor-options-verbosity=4 --extractor-include-aliases
2025-09-21T01:47:45.7795887Z {
2025-09-21T01:47:45.7805108Z   "aliases" : {
2025-09-21T01:47:45.7813103Z     "c" : "cpp",
2025-09-21T01:47:45.7813443Z     "c++" : "cpp",
2025-09-21T01:47:45.7813751Z     "c-c++" : "cpp",
2025-09-21T01:47:45.7814061Z     "c-cpp" : "cpp",
2025-09-21T01:47:45.7814359Z     "c#" : "csharp",
2025-09-21T01:47:45.7814834Z     "java-kotlin" : "java",
2025-09-21T01:47:45.7815169Z     "kotlin" : "java",
2025-09-21T01:47:45.7815530Z     "javascript-typescript" : "javascript",
2025-09-21T01:47:45.7815946Z     "typescript" : "javascript"
2025-09-21T01:47:45.7816267Z   },
2025-09-21T01:47:45.7816516Z   "extractors" : {
2025-09-21T01:47:45.7816787Z     "xml" : [
2025-09-21T01:47:45.7817045Z       {
2025-09-21T01:47:45.7817454Z         "extractor_root" : "/opt/hostedtoolcache/CodeQL/2.23.0/x64/codeql/xml"
2025-09-21T01:47:45.7818096Z       }
2025-09-21T01:47:45.7818332Z     ],
2025-09-21T01:47:45.7818572Z     "python" : [
2025-09-21T01:47:45.7818844Z       {
2025-09-21T01:47:45.7819263Z         "extractor_root" : "/opt/hostedtoolcache/CodeQL/2.23.0/x64/codeql/python",
2025-09-21T01:47:45.7819847Z         "extractor_options" : {
2025-09-21T01:47:45.7820192Z           "logging" : {
2025-09-21T01:47:45.7820558Z             "title" : "Options pertaining to logging.",
2025-09-21T01:47:45.7821061Z             "description" : "Options pertaining to logging.",
2025-09-21T01:47:45.7821534Z             "type" : "object",
2025-09-21T01:47:45.7821885Z             "properties" : {
2025-09-21T01:47:45.7822221Z               "verbosity" : {
2025-09-21T01:47:45.7822667Z                 "title" : "Python extractor logging verbosity level.",
2025-09-21T01:47:45.7824329Z                 "description" : "Controls the level of verbosity of the CodeQL Python extractor.\nThe supported levels are (in order of increasing verbosity):\n\n  - off\n  - errors\n  - warnings\n  - info or progress\n  - debug or progress+\n  - trace or progress++\n  - progress+++\n",
2025-09-21T01:47:45.7826090Z                 "type" : "string",
2025-09-21T01:47:45.7826838Z                 "pattern" : "^(off|errors|warnings|(info|progress)|(debug|progress\\+)|(trace|progress\\+\\+)|progress\\+\\+\\+)$"
2025-09-21T01:47:45.7827580Z               }
2025-09-21T01:47:45.7827864Z             }
2025-09-21T01:47:45.7828126Z           },
2025-09-21T01:47:45.7828432Z           "python_executable_name" : {
2025-09-21T01:47:45.7829052Z             "title" : "Controls the name of the Python executable used by the Python extractor.",
2025-09-21T01:47:45.7831322Z             "description" : "The Python extractor uses platform-dependent heuristics to determine the name of the Python executable to use. Specifying a value for this option overrides the name of the Python executable used by the extractor. Accepted values are py, python and python3. Use this setting with caution, the Python extractor requires Python 3 to run.\n",
2025-09-21T01:47:45.7833333Z             "type" : "string",
2025-09-21T01:47:45.7833711Z             "pattern" : "^(py|python|python3)$"
2025-09-21T01:47:45.7834121Z           }
2025-09-21T01:47:45.7834376Z         }
2025-09-21T01:47:45.7834946Z       }
2025-09-21T01:47:45.7835201Z     ],
2025-09-21T01:47:45.7835467Z     "properties" : [
2025-09-21T01:47:45.7835759Z       {
2025-09-21T01:47:45.7836229Z         "extractor_root" : "/opt/hostedtoolcache/CodeQL/2.23.0/x64/codeql/properties"
2025-09-21T01:47:45.7836816Z       }
2025-09-21T01:47:45.7837297Z     ],
2025-09-21T01:47:45.7837559Z     "javascript" : [
2025-09-21T01:47:45.7837853Z       {
2025-09-21T01:47:45.7838326Z         "extractor_root" : "/opt/hostedtoolcache/CodeQL/2.23.0/x64/codeql/javascript",
2025-09-21T01:47:45.7838940Z         "extractor_options" : {
2025-09-21T01:47:45.7839299Z           "trap" : {
2025-09-21T01:47:45.7839615Z             "title" : "TRAP options",
2025-09-21T01:47:45.7840179Z             "description" : "Options about how the extractor handles TRAP files",
2025-09-21T01:47:45.7840738Z             "type" : "object",
2025-09-21T01:47:45.7841092Z             "visibility" : 3,
2025-09-21T01:47:45.7841460Z             "properties" : {
2025-09-21T01:47:45.7841951Z               "cache" : {
2025-09-21T01:47:45.7842314Z                 "title" : "TRAP cache options",
2025-09-21T01:47:45.7842887Z                 "description" : "Options about how the extractor handles its TRAP cache",
2025-09-21T01:47:45.7843475Z                 "type" : "object",
2025-09-21T01:47:45.7843849Z                 "properties" : {
2025-09-21T01:47:45.7844219Z                   "dir" : {
2025-09-21T01:47:45.7844745Z                     "title" : "TRAP cache directory",
2025-09-21T01:47:45.7845305Z                     "description" : "The directory of the TRAP cache to use",
2025-09-21T01:47:45.7845838Z                     "type" : "string"
2025-09-21T01:47:45.7846216Z                   },
2025-09-21T01:47:45.7846527Z                   "bound" : {
2025-09-21T01:47:45.7846904Z                     "title" : "TRAP cache bound",
2025-09-21T01:47:45.7847478Z                     "description" : "A soft limit (in MB) on the size of the TRAP cache",
2025-09-21T01:47:45.7848017Z                     "type" : "string",
2025-09-21T01:47:45.7848414Z                     "pattern" : "[0-9]+"
2025-09-21T01:47:45.7848773Z                   },
2025-09-21T01:47:45.7849061Z                   "write" : {
2025-09-21T01:47:45.7849416Z                     "title" : "TRAP cache writeable",
2025-09-21T01:47:45.7850006Z                     "description" : "Whether to write to the TRAP cache as well as reading it",
2025-09-21T01:47:45.7850605Z                     "type" : "string",
2025-09-21T01:47:45.7851012Z                     "pattern" : "(true|TRUE|false|FALSE)"
2025-09-21T01:47:45.7851421Z                   }
2025-09-21T01:47:45.7851693Z                 }
2025-09-21T01:47:45.7851972Z               }
2025-09-21T01:47:45.7852235Z             }
2025-09-21T01:47:45.7852493Z           },
2025-09-21T01:47:45.7852761Z           "skip_types" : {
2025-09-21T01:47:45.7853166Z             "title" : "Skip type extraction for TypeScript",
2025-09-21T01:47:45.7853878Z             "description" : "Whether to skip the extraction of types in a TypeScript application",
2025-09-21T01:47:45.7854711Z             "type" : "string",
2025-09-21T01:47:45.7855087Z             "pattern" : "^(false|true)$"
2025-09-21T01:47:45.7855458Z           }
2025-09-21T01:47:45.7855710Z         }
2025-09-21T01:47:45.7855941Z       }
2025-09-21T01:47:45.7856180Z     ],
2025-09-21T01:47:45.7856427Z     "csharp" : [
2025-09-21T01:47:45.7856695Z       {
2025-09-21T01:47:45.7857118Z         "extractor_root" : "/opt/hostedtoolcache/CodeQL/2.23.0/x64/codeql/csharp",
2025-09-21T01:47:45.7857694Z         "extractor_options" : {
2025-09-21T01:47:45.7858041Z           "trap" : {
2025-09-21T01:47:45.7858379Z             "title" : "Options pertaining to TRAP.",
2025-09-21T01:47:45.7858869Z             "description" : "Options pertaining to TRAP.",
2025-09-21T01:47:45.7859311Z             "type" : "object",
2025-09-21T01:47:45.7859659Z             "properties" : {
2025-09-21T01:47:45.7859994Z               "compression" : {
2025-09-21T01:47:45.7860553Z                 "title" : "Controls compression for the TRAP files written by the extractor.",
2025-09-21T01:47:45.7862029Z                 "description" : "This option is only intended for use in debugging the extractor. Accepted values are 'brotli' (the default, to write brotli-compressed TRAP), 'gzip', and 'none' (to write uncompressed TRAP).\n",
2025-09-21T01:47:45.7863565Z                 "type" : "string",
2025-09-21T01:47:45.7863975Z                 "pattern" : "^(none|gzip|brotli)$"
2025-09-21T01:47:45.7864373Z               }
2025-09-21T01:47:45.7864787Z             }
2025-09-21T01:47:45.7865049Z           },
2025-09-21T01:47:45.7865330Z           "buildless" : {
2025-09-21T01:47:45.7865849Z             "title" : "DEPRECATED - Whether to use buildless (standalone) extraction.",
2025-09-21T01:47:45.7868798Z             "description" : "DEPRECATED: Use `--build-mode none` instead.\nA value indicating, which type of extraction the autobuilder should perform. If 'true', then the standalone extractor will be used, otherwise tracing extraction will be performed. The default is 'false'. Note that buildless extraction will generally yield less accurate analysis results, and should only be used in cases where it is not possible to build the code (for example if it uses inaccessible dependencies).\n",
2025-09-21T01:47:45.7871445Z             "type" : "string",
2025-09-21T01:47:45.7871848Z             "pattern" : "^(false|true)$"
2025-09-21T01:47:45.7872238Z           },
2025-09-21T01:47:45.7872532Z           "logging" : {
2025-09-21T01:47:45.7872907Z             "title" : "Options pertaining to logging.",
2025-09-21T01:47:45.7873441Z             "description" : "Options pertaining to logging.",
2025-09-21T01:47:45.7873914Z             "type" : "object",
2025-09-21T01:47:45.7874273Z             "properties" : {
2025-09-21T01:47:45.7874807Z               "verbosity" : {
2025-09-21T01:47:45.7875207Z                 "title" : "Extractor logging verbosity level.",
2025-09-21T01:47:45.7876707Z                 "description" : "Controls the level of verbosity of the extractor. The supported levels are (in order of increasing verbosity):\n  - off\n  - errors\n  - warnings\n  - info or progress\n  - debug or progress+\n  - trace or progress++\n  - progress+++\n",
2025-09-21T01:47:45.7878118Z                 "type" : "string",
2025-09-21T01:47:45.7878850Z                 "pattern" : "^(off|errors|warnings|(info|progress)|(debug|progress\\+)|(trace|progress\\+\\+)|progress\\+\\+\\+)$"
2025-09-21T01:47:45.7879595Z               }
2025-09-21T01:47:45.7879863Z             }
2025-09-21T01:47:45.7880125Z           },
2025-09-21T01:47:45.7880388Z           "binlog" : {
2025-09-21T01:47:45.7880711Z             "title" : "Binlog",
2025-09-21T01:47:45.7881754Z             "description" : "[EXPERIMENTAL] The value is a path to the MsBuild binary log file that should be extracted. This option only works when `--build-mode none` is also specified.\n",
2025-09-21T01:47:45.7882834Z             "type" : "array"
2025-09-21T01:47:45.7883159Z           }
2025-09-21T01:47:45.7883431Z         }
2025-09-21T01:47:45.7883676Z       }
2025-09-21T01:47:45.7883920Z     ],
2025-09-21T01:47:45.7884167Z     "rust" : [
2025-09-21T01:47:45.7884428Z       {
2025-09-21T01:47:45.7885062Z         "extractor_root" : "/opt/hostedtoolcache/CodeQL/2.23.0/x64/codeql/rust",
2025-09-21T01:47:45.7885640Z         "extractor_options" : {
2025-09-21T01:47:45.7886001Z           "trap" : {
2025-09-21T01:47:45.7886343Z             "title" : "Options pertaining to TRAP.",
2025-09-21T01:47:45.7886830Z             "description" : "Options pertaining to TRAP.",
2025-09-21T01:47:45.7887263Z             "type" : "object",
2025-09-21T01:47:45.7887612Z             "properties" : {
2025-09-21T01:47:45.7887953Z               "compression" : {
2025-09-21T01:47:45.7888498Z                 "title" : "Controls compression for the TRAP files written by the extractor.",
2025-09-21T01:47:45.7890129Z                 "description" : "This option is only intended for use in debugging the extractor. Accepted values are 'gzip' (to write gzip-compressed TRAP) 'zstd' (to write Zstandard-compressed TRAP) and 'none' (the default, to write uncompressed TRAP).\n",
2025-09-21T01:47:45.7891560Z                 "type" : "string",
2025-09-21T01:47:45.7891961Z                 "pattern" : "^(none|gzip|zstd)$"
2025-09-21T01:47:45.7892355Z               }
2025-09-21T01:47:45.7892899Z             }
2025-09-21T01:47:45.7893157Z           },
2025-09-21T01:47:45.7893443Z           "cargo_target_dir" : {
2025-09-21T01:47:45.7893884Z             "title" : "Directory to use for cargo output files.",
2025-09-21T01:47:45.7895763Z             "description" : "This value is an optional path to use as `CARGO_TARGET_DIR` for the internal cargo commands the extractor uses. Pointing it to a persistent directory may reduce execution time of consecutive extractor runs. By default, a new scratch directory is used for each run.\n",
2025-09-21T01:47:45.7897345Z             "type" : "string"
2025-09-21T01:47:45.7897542Z           },
2025-09-21T01:47:45.7897850Z           "cargo_target" : {
2025-09-21T01:47:45.7898072Z             "title" : "Target architecture",
2025-09-21T01:47:45.7898587Z             "description" : "Target architecture to use for analysis, analogous to `cargo --target`. By default the host architecture is used.\n",
2025-09-21T01:47:45.7899080Z             "type" : "string"
2025-09-21T01:47:45.7899270Z           },
2025-09-21T01:47:45.7899434Z           "cargo_features" : {
2025-09-21T01:47:45.7899652Z             "title" : "Cargo features to turn on",
2025-09-21T01:47:45.7900568Z             "description" : "Comma-separated list of features to turn on. By default all features are enabled. If any features are specified, then only those features are enabled. The `default` feature must be explicitly specified if only default features are desired. Can be repeated.\n",
2025-09-21T01:47:45.7901461Z             "type" : "array"
2025-09-21T01:47:45.7901643Z           },
2025-09-21T01:47:45.7901814Z           "cargo_cfg_overrides" : {
2025-09-21T01:47:45.7902045Z             "title" : "Cargo cfg overrides",
2025-09-21T01:47:45.7902505Z             "description" : "Comma-separated list of cfg settings to enable, or disable if prefixed with `-`. Can be repeated.\n",
2025-09-21T01:47:45.7902946Z             "type" : "array"
2025-09-21T01:47:45.7903132Z           },
2025-09-21T01:47:45.7903290Z           "logging" : {
2025-09-21T01:47:45.7903507Z             "title" : "Options pertaining to logging.",
2025-09-21T01:47:45.7903803Z             "description" : "Options pertaining to logging.",
2025-09-21T01:47:45.7904067Z             "type" : "object",
2025-09-21T01:47:45.7904281Z             "properties" : {
2025-09-21T01:47:45.7904656Z               "verbosity" : {
2025-09-21T01:47:45.7904917Z                 "title" : "Extractor logging verbosity level.",
2025-09-21T01:47:45.7905757Z                 "description" : "Controls the level of verbosity of the extractor. The supported levels are (in order of increasing verbosity):\n  - off\n  - errors\n  - warnings\n  - info or progress\n  - debug or progress+\n  - trace or progress++\n  - progress+++\n",
2025-09-21T01:47:45.7906546Z                 "type" : "string",
2025-09-21T01:47:45.7906961Z                 "pattern" : "^(off|errors|warnings|(info|progress)|(debug|progress\\+)|(trace|progress\\+\\+)|progress\\+\\+\\+)$"
2025-09-21T01:47:45.7907385Z               },
2025-09-21T01:47:45.7907557Z               "flamegraph" : {
2025-09-21T01:47:45.7907831Z                 "title" : "[Experimental] File path for write flame graph log",
2025-09-21T01:47:45.7908628Z                 "description" : "Collect flame graph data using the `tracing-flame` crate. To render a flame graph or chart, run the `inferno-flamegraph` command. See also: https://crates.io/crates/tracing-flame\n",
2025-09-21T01:47:45.7909345Z                 "type" : "string"
2025-09-21T01:47:45.7909545Z               }
2025-09-21T01:47:45.7909697Z             }
2025-09-21T01:47:45.7909849Z           },
2025-09-21T01:47:45.7910024Z           "extract_dependencies_as_source" : {
2025-09-21T01:47:45.7910308Z             "title" : "Extract dependencies as source code",
2025-09-21T01:47:45.7910752Z             "description" : "Extract the full source code of dependencies instead of only extracting signatures.\n",
2025-09-21T01:47:45.7911176Z             "type" : "string",
2025-09-21T01:47:45.7911505Z             "pattern" : "^(false|true)$"
2025-09-21T01:47:45.7911722Z           }
2025-09-21T01:47:45.7911869Z         }
2025-09-21T01:47:45.7912008Z       }
2025-09-21T01:47:45.7912151Z     ],
2025-09-21T01:47:45.7912291Z     "ruby" : [
2025-09-21T01:47:45.7912447Z       {
2025-09-21T01:47:45.7912689Z         "extractor_root" : "/opt/hostedtoolcache/CodeQL/2.23.0/x64/codeql/ruby",
2025-09-21T01:47:45.7913011Z         "extractor_options" : {
2025-09-21T01:47:45.7913206Z           "trap" : {
2025-09-21T01:47:45.7913407Z             "title" : "Options pertaining to TRAP.",
2025-09-21T01:47:45.7913686Z             "description" : "Options pertaining to TRAP.",
2025-09-21T01:47:45.7914047Z             "type" : "object",
2025-09-21T01:47:45.7914258Z             "properties" : {
2025-09-21T01:47:45.7914452Z               "compression" : {
2025-09-21T01:47:45.7914971Z                 "title" : "Controls compression for the TRAP files written by the extractor.",
2025-09-21T01:47:45.7915894Z                 "description" : "This option is only intended for use in debugging the extractor. Accepted values are 'gzip' (the default, to write gzip-compressed TRAP) 'zstd' (to write Zstandard-compressed TRAP) and 'none' (to write uncompressed TRAP).\n",
2025-09-21T01:47:45.7916695Z                 "type" : "string",
2025-09-21T01:47:45.7916919Z                 "pattern" : "^(none|gzip|zstd)$"
2025-09-21T01:47:45.7917145Z               }
2025-09-21T01:47:45.7917303Z             }
2025-09-21T01:47:45.7917449Z           }
2025-09-21T01:47:45.7917598Z         }
2025-09-21T01:47:45.7917735Z       }
2025-09-21T01:47:45.7917876Z     ],
2025-09-21T01:47:45.7918013Z     "go" : [
2025-09-21T01:47:45.7918166Z       {
2025-09-21T01:47:45.7918405Z         "extractor_root" : "/opt/hostedtoolcache/CodeQL/2.23.0/x64/codeql/go",
2025-09-21T01:47:45.7918724Z         "extractor_options" : {
2025-09-21T01:47:45.7918924Z           "extract_tests" : {
2025-09-21T01:47:45.7919209Z             "title" : "Whether to include Go test files in the CodeQL database.",
2025-09-21T01:47:45.7919774Z             "description" : "A value indicating whether Go test files should be included in the CodeQL database. The default is 'false'.\n",
2025-09-21T01:47:45.7920243Z             "type" : "string",
2025-09-21T01:47:45.7920451Z             "pattern" : "^(false|true)$"
2025-09-21T01:47:45.7920661Z           },
2025-09-21T01:47:45.7920830Z           "extract_vendor_dirs" : {
2025-09-21T01:47:45.7921155Z             "title" : "Whether to include Go vendor directories in the CodeQL database.",
2025-09-21T01:47:45.7921770Z             "description" : "A value indicating whether Go vendor directories should be included in the CodeQL database. The default is 'false'.\n",
2025-09-21T01:47:45.7922275Z             "type" : "string",
2025-09-21T01:47:45.7922475Z             "pattern" : "^(false|true)$"
2025-09-21T01:47:45.7922691Z           }
2025-09-21T01:47:45.7922833Z         }
2025-09-21T01:47:45.7922983Z       }
2025-09-21T01:47:45.7923120Z     ],
2025-09-21T01:47:45.7923274Z     "cpp" : [
2025-09-21T01:47:45.7923419Z       {
2025-09-21T01:47:45.7923660Z         "extractor_root" : "/opt/hostedtoolcache/CodeQL/2.23.0/x64/codeql/cpp",
2025-09-21T01:47:45.7923973Z         "extractor_options" : {
2025-09-21T01:47:45.7924169Z           "trap" : {
2025-09-21T01:47:45.7924348Z             "title" : "TRAP options",
2025-09-21T01:47:45.7924753Z             "description" : "Options about how the extractor handles TRAP files",
2025-09-21T01:47:45.7925066Z             "type" : "object",
2025-09-21T01:47:45.7925255Z             "visibility" : 3,
2025-09-21T01:47:45.7925452Z             "properties" : {
2025-09-21T01:47:45.7925673Z               "cache" : {
2025-09-21T01:47:45.7925879Z                 "title" : "TRAP cache options",
2025-09-21T01:47:45.7926211Z                 "description" : "Options about how the extractor handles its TRAP cache",
2025-09-21T01:47:45.7926537Z                 "type" : "object",
2025-09-21T01:47:45.7926745Z                 "properties" : {
2025-09-21T01:47:45.7927071Z                   "dir" : {
2025-09-21T01:47:45.7927311Z                     "title" : "TRAP cache directory",
2025-09-21T01:47:45.7927611Z                     "description" : "The directory of the TRAP cache to use",
2025-09-21T01:47:45.7927904Z                     "type" : "string"
2025-09-21T01:47:45.7928110Z                   },
2025-09-21T01:47:45.7928288Z                   "bound" : {
2025-09-21T01:47:45.7928499Z                     "title" : "TRAP cache bound",
2025-09-21T01:47:45.7928822Z                     "description" : "A soft limit (in MB) on the size of the TRAP cache",
2025-09-21T01:47:45.7929143Z                     "type" : "string",
2025-09-21T01:47:45.7929467Z                     "pattern" : "[0-9]+"
2025-09-21T01:47:45.7929688Z                   },
2025-09-21T01:47:45.7929859Z                   "write" : {
2025-09-21T01:47:45.7930078Z                     "title" : "TRAP cache writeable",
2025-09-21T01:47:45.7930423Z                     "description" : "Whether to write to the TRAP cache as well as reading it",
2025-09-21T01:47:45.7930764Z                     "type" : "string",
2025-09-21T01:47:45.7930996Z                     "pattern" : "(true|TRUE|false|FALSE)"
2025-09-21T01:47:45.7931239Z                   }
2025-09-21T01:47:45.7931401Z                 }
2025-09-21T01:47:45.7931554Z               }
2025-09-21T01:47:45.7931711Z             }
2025-09-21T01:47:45.7931859Z           },
2025-09-21T01:47:45.7932025Z           "scale_timeouts" : {
2025-09-21T01:47:45.7932298Z             "title" : "Value to scale compiler introspection timeouts with",
2025-09-21T01:47:45.7933562Z             "description" : "The extractor attempts to determine what compiler the source code being extracted is compiled with. To this end the extractor makes additional calls to the compiler, some of which are expected to return within a certain fixed time (either 10s or 15s). On some systems that are under high load this time might be too short, and can be scaled up using this option.\n",
2025-09-21T01:47:45.7934985Z             "type" : "string",
2025-09-21T01:47:45.7935194Z             "pattern" : "[0-9]+"
2025-09-21T01:47:45.7935395Z           },
2025-09-21T01:47:45.7935560Z           "log_verbosity" : {
2025-09-21T01:47:45.7935803Z             "title" : "Verbosity of the extractor logging",
2025-09-21T01:47:45.7936328Z             "description" : "Set the verbosity of the extractor logging to 'quiet' (0), 'normal' (1), 'chatty' (2), or 'noisy' (3). The default is 'normal'.\n",
2025-09-21T01:47:45.7936821Z             "type" : "string",
2025-09-21T01:47:45.7937021Z             "pattern" : "[0-3]"
2025-09-21T01:47:45.7937219Z           },
2025-09-21T01:47:45.7937390Z           "frontend_options" : {
2025-09-21T01:47:45.7937626Z             "title" : "C/C++ extractor frontend options",
2025-09-21T01:47:45.7938053Z             "description" : "Set additional options that should be passed to the C/C++ extractor frontend.\n",
2025-09-21T01:47:45.7938449Z             "type" : "array",
2025-09-21T01:47:45.7938651Z             "visibility" : 3
2025-09-21T01:47:45.7938835Z           }
2025-09-21T01:47:45.7938985Z         }
2025-09-21T01:47:45.7939123Z       }
2025-09-21T01:47:45.7939268Z     ],
2025-09-21T01:47:45.7939411Z     "yaml" : [
2025-09-21T01:47:45.7939569Z       {
2025-09-21T01:47:45.7939815Z         "extractor_root" : "/opt/hostedtoolcache/CodeQL/2.23.0/x64/codeql/yaml"
2025-09-21T01:47:45.7940118Z       }
2025-09-21T01:47:45.7940258Z     ],
2025-09-21T01:47:45.7940399Z     "html" : [
2025-09-21T01:47:45.7940554Z       {
2025-09-21T01:47:45.7940791Z         "extractor_root" : "/opt/hostedtoolcache/CodeQL/2.23.0/x64/codeql/html"
2025-09-21T01:47:45.7941097Z       }
2025-09-21T01:47:45.7941232Z     ],
2025-09-21T01:47:45.7941381Z     "swift" : [
2025-09-21T01:47:45.7941536Z       {
2025-09-21T01:47:45.7941783Z         "extractor_root" : "/opt/hostedtoolcache/CodeQL/2.23.0/x64/codeql/swift"
2025-09-21T01:47:45.7942089Z       }
2025-09-21T01:47:45.7942225Z     ],
2025-09-21T01:47:45.7942370Z     "csv" : [
2025-09-21T01:47:45.7942641Z       {
2025-09-21T01:47:45.7942877Z         "extractor_root" : "/opt/hostedtoolcache/CodeQL/2.23.0/x64/codeql/csv"
2025-09-21T01:47:45.7943170Z       }
2025-09-21T01:47:45.7943309Z     ],
2025-09-21T01:47:45.7943449Z     "actions" : [
2025-09-21T01:47:45.7943610Z       {
2025-09-21T01:47:45.7943855Z         "extractor_root" : "/opt/hostedtoolcache/CodeQL/2.23.0/x64/codeql/actions",
2025-09-21T01:47:45.7944187Z         "extractor_options" : {
2025-09-21T01:47:45.7944385Z           "trap" : {
2025-09-21T01:47:45.7944678Z             "title" : "TRAP options",
2025-09-21T01:47:45.7944996Z             "description" : "Options about how the extractor handles TRAP files",
2025-09-21T01:47:45.7945419Z             "type" : "object",
2025-09-21T01:47:45.7945629Z             "visibility" : 3,
2025-09-21T01:47:45.7945829Z             "properties" : {
2025-09-21T01:47:45.7946035Z               "cache" : {
2025-09-21T01:47:45.7946248Z                 "title" : "TRAP cache options",
2025-09-21T01:47:45.7946594Z                 "description" : "Options about how the extractor handles its TRAP cache",
2025-09-21T01:47:45.7946930Z                 "type" : "object",
2025-09-21T01:47:45.7947152Z                 "properties" : {
2025-09-21T01:47:45.7947354Z                   "dir" : {
2025-09-21T01:47:45.7947564Z                     "title" : "TRAP cache directory",
2025-09-21T01:47:45.7947867Z                     "description" : "The directory of the TRAP cache to use",
2025-09-21T01:47:45.7948152Z                     "type" : "string"
2025-09-21T01:47:45.7948361Z                   },
2025-09-21T01:47:45.7948531Z                   "bound" : {
2025-09-21T01:47:45.7948749Z                     "title" : "TRAP cache bound",
2025-09-21T01:47:45.7949076Z                     "description" : "A soft limit (in MB) on the size of the TRAP cache",
2025-09-21T01:47:45.7949562Z                     "type" : "string",
2025-09-21T01:47:45.7949790Z                     "pattern" : "[0-9]+"
2025-09-21T01:47:45.7950000Z                   },
2025-09-21T01:47:45.7950170Z                   "write" : {
2025-09-21T01:47:45.7950377Z                     "title" : "TRAP cache writeable",
2025-09-21T01:47:45.7950722Z                     "description" : "Whether to write to the TRAP cache as well as reading it",
2025-09-21T01:47:45.7951060Z                     "type" : "string",
2025-09-21T01:47:45.7951294Z                     "pattern" : "(true|TRUE|false|FALSE)"
2025-09-21T01:47:45.7951534Z                   }
2025-09-21T01:47:45.7951689Z                 }
2025-09-21T01:47:45.7951852Z               }
2025-09-21T01:47:45.7952003Z             }
2025-09-21T01:47:45.7952157Z           }
2025-09-21T01:47:45.7952298Z         }
2025-09-21T01:47:45.7952448Z       }
2025-09-21T01:47:45.7952582Z     ],
2025-09-21T01:47:45.7952726Z     "java" : [
2025-09-21T01:47:45.7952875Z       {
2025-09-21T01:47:45.7953121Z         "extractor_root" : "/opt/hostedtoolcache/CodeQL/2.23.0/x64/codeql/java",
2025-09-21T01:47:45.7953444Z         "extractor_options" : {
2025-09-21T01:47:45.7953643Z           "exclude" : {
2025-09-21T01:47:45.7953866Z             "title" : "A glob excluding files from analysis.",
2025-09-21T01:47:45.7954642Z             "description" : "A glob indicating what files to exclude from the analysis. This accepts glob patterns that are supported by Java's 'getPathMatcher' implementation.\n",
2025-09-21T01:47:45.7955259Z             "type" : "string"
2025-09-21T01:47:45.7955447Z           },
2025-09-21T01:47:45.7955622Z           "add_prefer_source" : {
2025-09-21T01:47:45.7955908Z             "title" : "Whether to always prefer source files over class files.",
2025-09-21T01:47:45.7956902Z             "description" : "A value indicating whether source files should be preferred over class files. If set to 'true', the extraction adds '-Xprefer:source' to the javac command line. If set to 'false', the extraction uses the default javac behavior ('-Xprefer:newer'). The default is 'true'.\n",
2025-09-21T01:47:45.7957799Z             "type" : "string",
2025-09-21T01:47:45.7958126Z             "pattern" : "^(false|true)$"
2025-09-21T01:47:45.7958342Z           },
2025-09-21T01:47:45.7958498Z           "buildless" : {
2025-09-21T01:47:45.7958794Z             "title" : "Whether to use buildless (standalone) extraction (experimental).",
2025-09-21T01:47:45.7960364Z             "description" : "A value indicating, which type of extraction the autobuilder should perform. If 'true', then the standalone extractor will be used, otherwise tracing extraction will be performed. The default is 'false'. Note that buildless extraction will generally yield less accurate analysis results, and should only be used in cases where it is not possible to build the code (for example if it uses inaccessible dependencies).\n",
2025-09-21T01:47:45.7961708Z             "type" : "string",
2025-09-21T01:47:45.7961917Z             "pattern" : "^(false|true)$"
2025-09-21T01:47:45.7962127Z           },
2025-09-21T01:47:45.7962571Z           "buildless_dependency_dir" : {
2025-09-21T01:47:45.7978983Z             "title" : "The path where buildless (standalone) extraction should keep dependencies.",
2025-09-21T01:47:45.7979602Z             "description" : "If set, the buildless (standalone) extractor will store dependencies in this directory.\n",
2025-09-21T01:47:45.7980041Z             "type" : "string"
2025-09-21T01:47:45.7980241Z           },
2025-09-21T01:47:45.7980428Z           "minimize_dependency_jars" : {
2025-09-21T01:47:45.7980807Z             "title" : "Whether to rewrite and minimize downloaded JAR dependencies (experimental).",
2025-09-21T01:47:45.7981605Z             "description" : "If 'true', JAR dependencies downloaded during extraction will be rewritten to remove unneeded data, such as method bodies. The default is 'false'.\n",
2025-09-21T01:47:45.7982221Z             "type" : "string",
2025-09-21T01:47:45.7982440Z             "pattern" : "^(false|true)$"
2025-09-21T01:47:45.7982669Z           }
2025-09-21T01:47:45.7982821Z         }
2025-09-21T01:47:45.7982973Z       }
2025-09-21T01:47:45.7983112Z     ]
2025-09-21T01:47:45.7983261Z   }
2025-09-21T01:47:45.7983401Z }
2025-09-21T01:47:45.8063848Z python does not support TRAP caching (missing option group)
2025-09-21T01:47:45.8064277Z Found 0 languages that support TRAP caching
2025-09-21T01:47:45.8070032Z Using overlay database mode: none without caching.
2025-09-21T01:47:45.8074745Z Not performing diff-informed analysis because we are not analyzing a pull request.
2025-09-21T01:47:45.8078556Z ##[endgroup]
2025-09-21T01:47:45.8093538Z While resolving threads, found a cgroup CPUs file with 4 CPUs in /sys/fs/cgroup/cpuset.cpus.effective.
2025-09-21T01:47:45.8099795Z Skipping download of dependency cache for python as we have no caching configuration for it.
2025-09-21T01:47:45.8111782Z Writing augmented user configuration file to /home/runner/work/_temp/user-config.yaml
2025-09-21T01:47:45.8112815Z ##[group]Augmented user configuration file contents
2025-09-21T01:47:45.8124955Z default-setup:
2025-09-21T01:47:45.8125312Z   org:
2025-09-21T01:47:45.8125590Z     model-packs: []
2025-09-21T01:47:45.8125920Z threat-models: []
2025-09-21T01:47:45.8126116Z 
2025-09-21T01:47:45.8126493Z ##[endgroup]
2025-09-21T01:47:45.8130701Z [command]/opt/hostedtoolcache/CodeQL/2.23.0/x64/codeql/codeql database init --force-overwrite --db-cluster /home/runner/work/_temp/codeql_databases --source-root=/home/runner/work/scratchattach/scratchattach --calculate-language-specific-baseline --extractor-include-aliases --sublanguage-file-coverage --language=python --codescanning-config=/home/runner/work/_temp/user-config.yaml --build-mode=none
2025-09-21T01:47:48.4068909Z Package install location: /home/runner/.codeql/packages
2025-09-21T01:47:48.4069974Z Nothing downloaded.
2025-09-21T01:47:59.5406112Z Calculating baseline information in /home/runner/work/scratchattach/scratchattach
2025-09-21T01:48:01.5606673Z Calculated baseline information for languages: python (2s).
2025-09-21T01:48:06.0973555Z Resolving extractor python.
2025-09-21T01:48:06.1004334Z Successfully loaded extractor Python (python) from /opt/hostedtoolcache/CodeQL/2.23.0/x64/codeql/python.
2025-09-21T01:48:06.3010378Z Created skeleton CodeQL database at /home/runner/work/_temp/codeql_databases/python. This in-progress database is ready to be populated by an extractor.
2025-09-21T01:48:06.5361310Z ##[group]Run github/codeql-action/start-proxy@v3
2025-09-21T01:48:06.5361601Z with:
2025-09-21T01:48:06.5361774Z   language: python
2025-09-21T01:48:06.5361952Z   registry_secrets: []
2025-09-21T01:48:06.5362256Z   token: ***
2025-09-21T01:48:06.5362416Z env:
2025-09-21T01:48:06.5362610Z   CODE_SCANNING_REF: refs/heads/main
2025-09-21T01:48:06.5362871Z   CODE_SCANNING_BASE_BRANCH: 
2025-09-21T01:48:06.5363108Z   CODE_SCANNING_IS_ANALYZING_DEFAULT_BRANCH: true
2025-09-21T01:48:06.5363412Z   CODE_SCANNING_IS_STEADY_STATE_DEFAULT_SETUP: true
2025-09-21T01:48:06.5369811Z   CODE_SCANNING_WORKFLOW_FILE: H4sIAAAAAAAA/6RV32/bNhB+919x8AakfZDzsD0JKFDFkRNvhp1aCrqsKAiaOslcZFLlD6dql/99oCjF0hLPGeon8/jx4919H0+C7jCE8VRm+GExHikrAh/6+ft3KLjZ2s0E9yjMhIvKGj1hMkOiGRWCi4IoK4jDw+PjSIoQslrQHWejEYp9OAKYri5jkkyj5XK+vCLrePZqYswd578ZLqIkJhfraDm9fi3ThmokG0UF277EOE9ItIwWd3+6xWU8i24X6f+8gWtCBS3rb26RYU5taf77xiSNo8s7kqRRGj9dmsTp7U0IRll8dubjav37bLH6SGbzRfzavB6kus9L+UByXjYKjf6SG+1k8emi+wvg9Y58CN447h01in+dlFQUlhbu7NsGqqzQgdPZgXIld78lq+WbFq2sEKje+pIBKlQ7rjWXQvt7ACgzzRIU0qyNMSkMCjMMVpTd0wKHQY3MKm7qoClZh/CguMFRR8KFxUCKAJWSKoScltpvaqOowaLussgpL4OcatMHQVtzBwLggpU2w0MAIICuI2FXS28XgLl7pKpDOH8CvoTbWF5mwU5mGIKQAgebvo0hnH0a240VxgYlNajN+PPZkVSq2mylOJnJC7AfSkQbrFppg9ZE0y2ye2kNKKyk5kaquqW02qnZNuOctbj3+19HA4K54IbTkn9D8CNpcNxb/ty5/EsZeLJzLrh5v/+lBT5wsz1I1vhccx3cc5HpENzJoHsfT6iuQ9r7+rn5Ry/1qwc9hPvgDCsUGQpWB4yyLReFP+T7OkGx50qKHQoD797BmS8u2EptMDvrE32xqLjLbjyGn+DSD5gmWoO23Rto30HOixD+7gnZDqRAo7FVOFBYqmIYAHBFlIF7fzqET68cNF4Q0pyCx0f43CM1W4XUNM0pG8p2t1M8cWlBpeTXGnKpQGHBtXH1tiQ8C/32aStoQ5UJGvAxRxzoCVOYoXB2a4XXyBQaPbmap9e3F2QdX82TdD2PE3KzXv1x15fk8PiOOGZo6xtUuVS71tN+1mquT1fUDupDNe131f/cN+LDwmdHrldJ2tbhHuakacNEWtMI1qyIM1e/jAHBzWp9kqCS6jjBNCLTeJ3OZ/NplManqBglDJXhOXfD6ijp7XqRnKKyqtQHgqHgh0nYU6oLukP/BAAA//+FBaDZAgkAAA==
2025-09-21T01:48:06.5376305Z   CODEQL_ACTION_FEATURE_MULTI_LANGUAGE: false
2025-09-21T01:48:06.5376574Z   CODEQL_ACTION_FEATURE_SANDWICH: false
2025-09-21T01:48:06.5376824Z   CODEQL_ACTION_FEATURE_SARIF_COMBINE: true
2025-09-21T01:48:06.5377092Z   CODEQL_ACTION_FEATURE_WILL_UPLOAD: true
2025-09-21T01:48:06.5377332Z   CODEQL_ACTION_VERSION: 3.30.3
2025-09-21T01:48:06.5377580Z   JOB_RUN_UUID: 06c9fdfd-c439-4057-8492-50188fcac2a8
2025-09-21T01:48:06.5377841Z   CODEQL_ACTION_INIT_HAS_RUN: true
2025-09-21T01:48:06.5378160Z   CODEQL_ACTION_ANALYSIS_KEY: dynamic/github-code-scanning/codeql:analyze
2025-09-21T01:48:06.5378528Z   CODEQL_WORKFLOW_STARTED_AT: 2025-09-21T01:47:25.692Z
2025-09-21T01:48:06.5378777Z   CODEQL_RAM: 14581
2025-09-21T01:48:06.5378952Z   CODEQL_THREADS: 4
2025-09-21T01:48:06.5379116Z ##[endgroup]
2025-09-21T01:48:06.6310162Z Using registry_secrets input.
2025-09-21T01:48:06.6312122Z No credentials found, skipping proxy setup.
2025-09-21T01:48:06.6456510Z ##[group]Run github/codeql-action/analyze@v3
2025-09-21T01:48:06.6456786Z with:
2025-09-21T01:48:06.6456974Z   category: /language:python
2025-09-21T01:48:06.6457187Z   output: ../results
2025-09-21T01:48:06.6457369Z   upload: always
2025-09-21T01:48:06.6457542Z   add-snippets: false
2025-09-21T01:48:06.6457728Z   skip-queries: false
2025-09-21T01:48:06.6458009Z   checkout_path: /home/runner/work/scratchattach/scratchattach
2025-09-21T01:48:06.6458308Z   upload-database: true
2025-09-21T01:48:06.6458514Z   wait-for-processing: true
2025-09-21T01:48:06.6458839Z   token: ***
2025-09-21T01:48:06.6459241Z   matrix: {
  "language": "python",
  "category": "/language:python",
  "build-mode": "none",
  "runner": "[\"ubuntu-latest\"]"
}
2025-09-21T01:48:06.6459684Z   expect-error: false
2025-09-21T01:48:06.6459870Z env:
2025-09-21T01:48:06.6460039Z   CODE_SCANNING_REF: refs/heads/main
2025-09-21T01:48:06.6460270Z   CODE_SCANNING_BASE_BRANCH: 
2025-09-21T01:48:06.6460541Z   CODE_SCANNING_IS_ANALYZING_DEFAULT_BRANCH: true
2025-09-21T01:48:06.6461009Z   CODE_SCANNING_IS_STEADY_STATE_DEFAULT_SETUP: true
2025-09-21T01:48:06.6467296Z   CODE_SCANNING_WORKFLOW_FILE: H4sIAAAAAAAA/6RV32/bNhB+919x8AakfZDzsD0JKFDFkRNvhp1aCrqsKAiaOslcZFLlD6dql/99oCjF0hLPGeon8/jx4919H0+C7jCE8VRm+GExHikrAh/6+ft3KLjZ2s0E9yjMhIvKGj1hMkOiGRWCi4IoK4jDw+PjSIoQslrQHWejEYp9OAKYri5jkkyj5XK+vCLrePZqYswd578ZLqIkJhfraDm9fi3ThmokG0UF277EOE9ItIwWd3+6xWU8i24X6f+8gWtCBS3rb26RYU5taf77xiSNo8s7kqRRGj9dmsTp7U0IRll8dubjav37bLH6SGbzRfzavB6kus9L+UByXjYKjf6SG+1k8emi+wvg9Y58CN447h01in+dlFQUlhbu7NsGqqzQgdPZgXIld78lq+WbFq2sEKje+pIBKlQ7rjWXQvt7ACgzzRIU0qyNMSkMCjMMVpTd0wKHQY3MKm7qoClZh/CguMFRR8KFxUCKAJWSKoScltpvaqOowaLussgpL4OcatMHQVtzBwLggpU2w0MAIICuI2FXS28XgLl7pKpDOH8CvoTbWF5mwU5mGIKQAgebvo0hnH0a240VxgYlNajN+PPZkVSq2mylOJnJC7AfSkQbrFppg9ZE0y2ye2kNKKyk5kaquqW02qnZNuOctbj3+19HA4K54IbTkn9D8CNpcNxb/ty5/EsZeLJzLrh5v/+lBT5wsz1I1vhccx3cc5HpENzJoHsfT6iuQ9r7+rn5Ry/1qwc9hPvgDCsUGQpWB4yyLReFP+T7OkGx50qKHQoD797BmS8u2EptMDvrE32xqLjLbjyGn+DSD5gmWoO23Rto30HOixD+7gnZDqRAo7FVOFBYqmIYAHBFlIF7fzqET68cNF4Q0pyCx0f43CM1W4XUNM0pG8p2t1M8cWlBpeTXGnKpQGHBtXH1tiQ8C/32aStoQ5UJGvAxRxzoCVOYoXB2a4XXyBQaPbmap9e3F2QdX82TdD2PE3KzXv1x15fk8PiOOGZo6xtUuVS71tN+1mquT1fUDupDNe131f/cN+LDwmdHrldJ2tbhHuakacNEWtMI1qyIM1e/jAHBzWp9kqCS6jjBNCLTeJ3OZ/NplManqBglDJXhOXfD6ijp7XqRnKKyqtQHgqHgh0nYU6oLukP/BAAA//+FBaDZAgkAAA==
2025-09-21T01:48:06.6473621Z   CODEQL_ACTION_FEATURE_MULTI_LANGUAGE: false
2025-09-21T01:48:06.6473887Z   CODEQL_ACTION_FEATURE_SANDWICH: false
2025-09-21T01:48:06.6474137Z   CODEQL_ACTION_FEATURE_SARIF_COMBINE: true
2025-09-21T01:48:06.6474390Z   CODEQL_ACTION_FEATURE_WILL_UPLOAD: true
2025-09-21T01:48:06.6474722Z   CODEQL_ACTION_VERSION: 3.30.3
2025-09-21T01:48:06.6474965Z   JOB_RUN_UUID: 06c9fdfd-c439-4057-8492-50188fcac2a8
2025-09-21T01:48:06.6475224Z   CODEQL_ACTION_INIT_HAS_RUN: true
2025-09-21T01:48:06.6475549Z   CODEQL_ACTION_ANALYSIS_KEY: dynamic/github-code-scanning/codeql:analyze
2025-09-21T01:48:06.6475916Z   CODEQL_WORKFLOW_STARTED_AT: 2025-09-21T01:47:25.692Z
2025-09-21T01:48:06.6476177Z   CODEQL_RAM: 14581
2025-09-21T01:48:06.6476352Z   CODEQL_THREADS: 4
2025-09-21T01:48:06.6476519Z   CODEQL_PROXY_HOST: 
2025-09-21T01:48:06.6476702Z   CODEQL_PROXY_PORT: 
2025-09-21T01:48:06.6476888Z   CODEQL_PROXY_CA_CERTIFICATE: 
2025-09-21T01:48:06.6477098Z   CODEQL_PROXY_URLS: 
2025-09-21T01:48:06.6477272Z ##[endgroup]
2025-09-21T01:48:07.6553612Z While resolving threads, found a cgroup CPUs file with 4 CPUs in /sys/fs/cgroup/cpuset.cpus.effective.
2025-09-21T01:48:07.6590010Z Not performing diff-informed analysis because we are not analyzing a pull request.
2025-09-21T01:48:07.6679436Z ##[group]Extracting python
2025-09-21T01:48:07.6683110Z [command]/opt/hostedtoolcache/CodeQL/2.23.0/x64/codeql/codeql database trace-command --use-build-mode --working-dir /home/runner/work/scratchattach/scratchattach /home/runner/work/_temp/codeql_databases/python
2025-09-21T01:48:08.4921991Z Running command in /home/runner/work/scratchattach/scratchattach: [/opt/hostedtoolcache/CodeQL/2.23.0/x64/codeql/python/tools/autobuild.sh]
2025-09-21T01:48:08.8225226Z [2025-09-21 01:48:08] [build-stderr] /bin/sh: 1: python2: not found
2025-09-21T01:48:08.8558775Z [2025-09-21 01:48:08] [build-stdout] Source root appears to be the real root.
2025-09-21T01:48:08.8559664Z [2025-09-21 01:48:08] [build-stdout] Will try to guess Python version, as it was not specified in `lgtm.yml`
2025-09-21T01:48:08.8567627Z [2025-09-21 01:48:08] [build-stdout] Trying to guess Python version based on Trove classifiers in setup.py
2025-09-21T01:48:08.8569083Z [2025-09-21 01:48:08] [build-stdout] Did not find setup.py (expected it to be at /home/runner/work/scratchattach/scratchattach/setup.py)
2025-09-21T01:48:08.8570146Z [2025-09-21 01:48:08] [build-stdout] Trying to guess Python version based on travis file
2025-09-21T01:48:08.8571671Z [2025-09-21 01:48:08] [build-stdout] Did not find any travis files (expected them at either ['/home/runner/work/scratchattach/scratchattach/.travis.yml', '/home/runner/work/scratchattach/scratchattach/travis.yml'])
2025-09-21T01:48:08.8573481Z [2025-09-21 01:48:08] [build-stdout] Trying to guess Python version based on installed versions
2025-09-21T01:48:08.8574429Z [2025-09-21 01:48:08] [build-stdout] Wanted to run Python 2, but it is not available. Using Python 3 instead
2025-09-21T01:48:08.8575623Z [2025-09-21 01:48:08] [build-stdout] This script is running Python 3, but Python 2 is also available (as 'python3')
2025-09-21T01:48:08.8576546Z [2025-09-21 01:48:08] [build-stdout] Could not guess Python version, will use default: Python 3
2025-09-21T01:48:08.8578416Z [2025-09-21 01:48:08] [build-stdout] Calling python3 -S /opt/hostedtoolcache/CodeQL/2.23.0/x64/codeql/python/tools/python_tracer.py --verbosity 3 -z all -c /home/runner/work/_temp/codeql_databases/python/working/trap_cache -R /home/runner/work/scratchattach/scratchattach
2025-09-21T01:48:09.8908536Z [2025-09-21 01:48:09] [build-stdout] INFO: The Python extractor has recently stopped extracting the standard library by default. If you encounter problems, please let us know by submitting an issue to https://github.com/github/codeql. It is possible to re-enable extraction of the standard library by setting the environment variable CODEQL_EXTRACTOR_PYTHON_EXTRACT_STDLIB.
2025-09-21T01:48:09.8918421Z [2025-09-21 01:48:09] [build-stdout] [INFO] Extraction will use the Python 3 standard library.
2025-09-21T01:48:09.8926392Z [2025-09-21 01:48:09] [build-stdout] [INFO] sys_path is: ['/opt/hostedtoolcache/CodeQL/2.23.0/x64/codeql/python/tools', '/usr/lib/python312.zip', '/usr/lib/python3.12', '/usr/lib/python3.12/lib-dynload']
2025-09-21T01:48:09.8932925Z [2025-09-21 01:48:09] [build-stdout] [INFO] Python version 3.12.3
2025-09-21T01:48:09.8933622Z [2025-09-21 01:48:09] [build-stdout] [INFO] Python extractor version 7.1.3
2025-09-21T01:48:10.0431188Z [2025-09-21 01:48:10] [build-stdout] [INFO] [4] Extracted file /home/runner/work/scratchattach/scratchattach/test1.py in 75ms
2025-09-21T01:48:10.0432526Z [2025-09-21 01:48:10] [build-stdout] [INFO] [2] Extracted file /home/runner/work/scratchattach/scratchattach/test2.py in 80ms
2025-09-21T01:48:10.0472198Z [2025-09-21 01:48:10] [build-stdout] [INFO] [3] Extracted file /home/runner/work/scratchattach/scratchattach/test3.py in 84ms
2025-09-21T01:48:10.0550479Z [2025-09-21 01:48:10] [build-stdout] [INFO] [1] Extracted file /home/runner/work/scratchattach/scratchattach/test4.py in 85ms
2025-09-21T01:48:10.0601467Z [2025-09-21 01:48:10] [build-stdout] [INFO] [1] Extracted file /home/runner/work/scratchattach/scratchattach/install.py in 4ms
2025-09-21T01:48:10.0959462Z [2025-09-21 01:48:10] [build-stdout] [INFO] [3] Extracted file /home/runner/work/scratchattach/scratchattach/message_viewer.py in 43ms
2025-09-21T01:48:10.0960586Z [2025-09-21 01:48:10] [build-stdout] [INFO] [3] Skipped built-in file /usr/lib/python3.12/os.py
2025-09-21T01:48:10.0969021Z [2025-09-21 01:48:10] [build-stdout] [INFO] [2] Extracted file /home/runner/work/scratchattach/scratchattach/scratch_chat_db.py in 54ms
2025-09-21T01:48:10.0989420Z [2025-09-21 01:48:10] [build-stdout] [INFO] [2] Extracted module sys in 0ms
2025-09-21T01:48:10.1002639Z [2025-09-21 01:48:10] [build-stdout] [INFO] [2] Skipped built-in file /usr/lib/python3.12/warnings.py
2025-09-21T01:48:10.1003644Z [2025-09-21 01:48:10] [build-stdout] [INFO] [2] Skipped built-in file /usr/lib/python3.12/json/__init__.py
2025-09-21T01:48:10.1004773Z [2025-09-21 01:48:10] [build-stdout] [INFO] [2] Extracted folder /usr/lib/python3.12/json in 1ms
2025-09-21T01:48:10.1005584Z [2025-09-21 01:48:10] [build-stdout] [INFO] [3] Extracted module time in 8ms
2025-09-21T01:48:10.1205799Z [2025-09-21 01:48:10] [build-stdout] [INFO] [1] Extracted file /home/runner/work/scratchattach/scratchattach/scratch_chat_requests.py in 60ms
2025-09-21T01:48:10.1271370Z [2025-09-21 01:48:10] [build-stdout] [INFO] [4] Extracted file /home/runner/work/scratchattach/scratchattach/aesthetic_prioritizing.py in 88ms
2025-09-21T01:48:10.2194329Z [2025-09-21 01:48:10] [build-stdout] [INFO] Processed 15 modules in 0.32s
2025-09-21T01:48:10.2612652Z ##[endgroup]
2025-09-21T01:48:10.2623510Z ##[group]Finalizing python
2025-09-21T01:48:10.2625210Z [command]/opt/hostedtoolcache/CodeQL/2.23.0/x64/codeql/codeql database finalize --finalize-dataset --threads=4 --ram=14581 /home/runner/work/_temp/codeql_databases/python
2025-09-21T01:48:11.1130523Z Running pre-finalize script /opt/hostedtoolcache/CodeQL/2.23.0/x64/codeql/python/tools/pre-finalize.sh in /home/runner/work/scratchattach/scratchattach.
2025-09-21T01:48:11.1875031Z Running command in /home/runner/work/scratchattach/scratchattach: [/opt/hostedtoolcache/CodeQL/2.23.0/x64/codeql/python/tools/pre-finalize.sh]
2025-09-21T01:48:11.9728013Z [2025-09-21 01:48:11] [build-stderr] Scanning for files in /home/runner/work/scratchattach/scratchattach...
2025-09-21T01:48:12.0789739Z [2025-09-21 01:48:12] [build-stderr] /home/runner/work/_temp/codeql_databases/python: Indexing files in in /home/runner/work/scratchattach/scratchattach...
2025-09-21T01:48:12.1127576Z [2025-09-21 01:48:12] [build-stderr] Running command in /home/runner/work/scratchattach/scratchattach: [/opt/hostedtoolcache/CodeQL/2.23.0/x64/codeql/yaml/tools/index-files.sh, /home/runner/work/_temp/codeql_databases/python/working/files-to-index12457159127854214353.list]
2025-09-21T01:48:15.3375926Z Pre-finalize script /opt/hostedtoolcache/CodeQL/2.23.0/x64/codeql/python/tools/pre-finalize.sh completed in 4225 ms.
2025-09-21T01:48:15.3811919Z Running TRAP import for CodeQL database at /home/runner/work/_temp/codeql_databases/python...
2025-09-21T01:48:18.0693180Z Importing TRAP files
2025-09-21T01:48:21.1069543Z Merging relations
2025-09-21T01:48:21.8683381Z Finished writing database (relations: 93.20 KiB; string pool: 2.08 MiB).
2025-09-21T01:48:21.8909478Z TRAP import complete (6.5s).
2025-09-21T01:48:22.3681068Z Finished zipping source archive (11.02 KiB).
2025-09-21T01:48:22.4121122Z ##[endgroup]
2025-09-21T01:48:22.4126145Z ##[group]Running queries for python
2025-09-21T01:48:22.4128116Z [command]/opt/hostedtoolcache/CodeQL/2.23.0/x64/codeql/codeql database run-queries --ram=14581 --threads=4 --expect-discarded-cache /home/runner/work/_temp/codeql_databases/python --min-disk-free=1024 -v
2025-09-21T01:48:23.1491910Z Writing logs to /home/runner/work/_temp/codeql_databases/python/log/database-run-queries-20250921.014823.145.log.
2025-09-21T01:48:23.1972094Z Stringpool size measured as 2179482
2025-09-21T01:48:23.8399431Z Writing logs to /home/runner/work/_temp/codeql_databases/python/log/execute-queries-20250921.014823.836.log.
2025-09-21T01:48:24.1725109Z Recording pack reference codeql/python-queries at /opt/hostedtoolcache/CodeQL/2.23.0/x64/codeql/qlpacks/codeql/python-queries/1.6.4.
2025-09-21T01:48:27.3553460Z Compiling in 3 threads due to RAM limits.
2025-09-21T01:48:29.1460174Z [1/43] Loaded /opt/hostedtoolcache/CodeQL/2.23.0/x64/codeql/qlpacks/codeql/python-queries/1.6.4/Security/CWE-116/BadTagFilter.qlx.
2025-09-21T01:48:29.2876213Z [2/43] Loaded /opt/hostedtoolcache/CodeQL/2.23.0/x64/codeql/qlpacks/codeql/python-queries/1.6.4/Security/CWE-209/StackTraceExposure.qlx.
2025-09-21T01:48:29.3420191Z [3/43] Loaded /opt/hostedtoolcache/CodeQL/2.23.0/x64/codeql/qlpacks/codeql/python-queries/1.6.4/Security/CWE-090/LdapInjection.qlx.
2025-09-21T01:48:29.4109074Z [4/43] Loaded /opt/hostedtoolcache/CodeQL/2.23.0/x64/codeql/qlpacks/codeql/python-queries/1.6.4/Security/CWE-327/InsecureProtocol.qlx.
2025-09-21T01:48:29.4501397Z [5/43] Loaded /opt/hostedtoolcache/CodeQL/2.23.0/x64/codeql/qlpacks/codeql/python-queries/1.6.4/Security/CWE-327/InsecureDefaultProtocol.qlx.
2025-09-21T01:48:29.6022018Z [6/43] Loaded /opt/hostedtoolcache/CodeQL/2.23.0/x64/codeql/qlpacks/codeql/python-queries/1.6.4/Security/CWE-327/BrokenCryptoAlgorithm.qlx.
2025-09-21T01:48:29.6684384Z [7/43] Loaded /opt/hostedtoolcache/CodeQL/2.23.0/x64/codeql/qlpacks/codeql/python-queries/1.6.4/Security/CWE-327/WeakSensitiveDataHashing.qlx.
2025-09-21T01:48:29.7968480Z [8/43] Loaded /opt/hostedtoolcache/CodeQL/2.23.0/x64/codeql/qlpacks/codeql/python-queries/1.6.4/Security/CWE-074/TemplateInjection.qlx.
2025-09-21T01:48:29.8321316Z [9/43] Loaded /opt/hostedtoolcache/CodeQL/2.23.0/x64/codeql/qlpacks/codeql/python-queries/1.6.4/Security/CWE-643/XpathInjection.qlx.
2025-09-21T01:48:29.8686849Z [10/43] Loaded /opt/hostedtoolcache/CodeQL/2.23.0/x64/codeql/qlpacks/codeql/python-queries/1.6.4/Security/CWE-776/XmlBomb.qlx.
2025-09-21T01:48:29.8906115Z [11/43] Loaded /opt/hostedtoolcache/CodeQL/2.23.0/x64/codeql/qlpacks/codeql/python-queries/1.6.4/Security/CVE-2018-1281/BindToAllInterfaces.qlx.
2025-09-21T01:48:29.9707207Z [12/43] Loaded /opt/hostedtoolcache/CodeQL/2.23.0/x64/codeql/qlpacks/codeql/python-queries/1.6.4/Security/CWE-295/MissingHostKeyValidation.qlx.
2025-09-21T01:48:29.9796010Z [13/43] Loaded /opt/hostedtoolcache/CodeQL/2.23.0/x64/codeql/qlpacks/codeql/python-queries/1.6.4/Security/CWE-352/CSRFProtectionDisabled.qlx.
2025-09-21T01:48:30.1045030Z [14/43] Loaded /opt/hostedtoolcache/CodeQL/2.23.0/x64/codeql/qlpacks/codeql/python-queries/1.6.4/Security/CWE-094/CodeInjection.qlx.
2025-09-21T01:48:30.2199081Z [15/43] Loaded /opt/hostedtoolcache/CodeQL/2.23.0/x64/codeql/qlpacks/codeql/python-queries/1.6.4/Security/CWE-918/FullServerSideRequestForgery.qlx.
2025-09-21T01:48:30.2506474Z [16/43] Loaded /opt/hostedtoolcache/CodeQL/2.23.0/x64/codeql/qlpacks/codeql/python-queries/1.6.4/Security/CWE-730/PolynomialReDoS.qlx.
2025-09-21T01:48:30.3296074Z [17/43] Loaded /opt/hostedtoolcache/CodeQL/2.23.0/x64/codeql/qlpacks/codeql/python-queries/1.6.4/Security/CWE-730/RegexInjection.qlx.
2025-09-21T01:48:30.3693149Z [18/43] Loaded /opt/hostedtoolcache/CodeQL/2.23.0/x64/codeql/qlpacks/codeql/python-queries/1.6.4/Security/CWE-730/ReDoS.qlx.
2025-09-21T01:48:30.4231167Z [19/43] Loaded /opt/hostedtoolcache/CodeQL/2.23.0/x64/codeql/qlpacks/codeql/python-queries/1.6.4/Security/CWE-502/UnsafeDeserialization.qlx.
2025-09-21T01:48:30.4569425Z [20/43] Loaded /opt/hostedtoolcache/CodeQL/2.23.0/x64/codeql/qlpacks/codeql/python-queries/1.6.4/Security/CWE-614/InsecureCookie.qlx.
2025-09-21T01:48:30.5428259Z [21/43] Loaded /opt/hostedtoolcache/CodeQL/2.23.0/x64/codeql/qlpacks/codeql/python-queries/1.6.4/Security/CWE-078/CommandInjection.qlx.
2025-09-21T01:48:30.6096252Z [22/43] Loaded /opt/hostedtoolcache/CodeQL/2.23.0/x64/codeql/qlpacks/codeql/python-queries/1.6.4/Security/CWE-312/CleartextStorage.qlx.
2025-09-21T01:48:30.6220989Z [23/43] Loaded /opt/hostedtoolcache/CodeQL/2.23.0/x64/codeql/qlpacks/codeql/python-queries/1.6.4/Security/CWE-312/CleartextLogging.qlx.
2025-09-21T01:48:30.6507276Z [24/43] Loaded /opt/hostedtoolcache/CodeQL/2.23.0/x64/codeql/qlpacks/codeql/python-queries/1.6.4/Security/CWE-326/WeakCryptoKey.qlx.
2025-09-21T01:48:30.6987497Z [25/43] Loaded /opt/hostedtoolcache/CodeQL/2.23.0/x64/codeql/qlpacks/codeql/python-queries/1.6.4/Security/CWE-377/InsecureTemporaryFile.qlx.
2025-09-21T01:48:30.7596659Z [26/43] Loaded /opt/hostedtoolcache/CodeQL/2.23.0/x64/codeql/qlpacks/codeql/python-queries/1.6.4/Security/CWE-020/IncompleteUrlSubstringSanitization.qlx.
2025-09-21T01:48:30.7839995Z [27/43] Loaded /opt/hostedtoolcache/CodeQL/2.23.0/x64/codeql/qlpacks/codeql/python-queries/1.6.4/Security/CWE-113/HeaderInjection.qlx.
2025-09-21T01:48:30.9804759Z [28/43] Loaded /opt/hostedtoolcache/CodeQL/2.23.0/x64/codeql/qlpacks/codeql/python-queries/1.6.4/Security/CWE-020/OverlyLargeRange.qlx.
2025-09-21T01:48:30.9875177Z [29/43] Loaded /opt/hostedtoolcache/CodeQL/2.23.0/x64/codeql/qlpacks/codeql/python-queries/1.6.4/Security/CWE-943/NoSqlInjection.qlx.
2025-09-21T01:48:31.0248042Z [30/43] Loaded /opt/hostedtoolcache/CodeQL/2.23.0/x64/codeql/qlpacks/codeql/python-queries/1.6.4/Security/CWE-020/CookieInjection.qlx.
2025-09-21T01:48:31.0762982Z [31/43] Loaded /opt/hostedtoolcache/CodeQL/2.23.0/x64/codeql/qlpacks/codeql/python-queries/1.6.4/Security/CWE-020/IncompleteHostnameRegExp.qlx.
2025-09-21T01:48:31.1589323Z [32/43] Loaded /opt/hostedtoolcache/CodeQL/2.23.0/x64/codeql/qlpacks/codeql/python-queries/1.6.4/Security/CWE-079/ReflectedXss.qlx.
2025-09-21T01:48:31.2067044Z [33/43] Loaded /opt/hostedtoolcache/CodeQL/2.23.0/x64/codeql/qlpacks/codeql/python-queries/1.6.4/Security/CWE-022/PathInjection.qlx.
2025-09-21T01:48:31.2513248Z [34/43] Loaded /opt/hostedtoolcache/CodeQL/2.23.0/x64/codeql/qlpacks/codeql/python-queries/1.6.4/Security/CWE-285/PamAuthorization.qlx.
2025-09-21T01:48:31.2873992Z [35/43] Loaded /opt/hostedtoolcache/CodeQL/2.23.0/x64/codeql/qlpacks/codeql/python-queries/1.6.4/Security/CWE-215/FlaskDebug.qlx.
2025-09-21T01:48:31.3568493Z [36/43] Loaded /opt/hostedtoolcache/CodeQL/2.23.0/x64/codeql/qlpacks/codeql/python-queries/1.6.4/Security/CWE-601/UrlRedirect.qlx.
2025-09-21T01:48:31.4284139Z [37/43] Loaded /opt/hostedtoolcache/CodeQL/2.23.0/x64/codeql/qlpacks/codeql/python-queries/1.6.4/Security/CWE-089/SqlInjection.qlx.
2025-09-21T01:48:31.4645728Z [38/43] Loaded /opt/hostedtoolcache/CodeQL/2.23.0/x64/codeql/qlpacks/codeql/python-queries/1.6.4/Diagnostics/ExtractionWarnings.qlx.
2025-09-21T01:48:31.4647372Z [39/43] Loaded /opt/hostedtoolcache/CodeQL/2.23.0/x64/codeql/qlpacks/codeql/python-queries/1.6.4/Expressions/UseofInput.qlx.
2025-09-21T01:48:31.4689133Z [40/43] Loaded /opt/hostedtoolcache/CodeQL/2.23.0/x64/codeql/qlpacks/codeql/python-queries/1.6.4/Security/CWE-611/Xxe.qlx.
2025-09-21T01:48:31.4922726Z [41/43] Loaded /opt/hostedtoolcache/CodeQL/2.23.0/x64/codeql/qlpacks/codeql/python-queries/1.6.4/Diagnostics/ExtractedFiles.qlx.
2025-09-21T01:48:31.4972240Z [42/43] Loaded /opt/hostedtoolcache/CodeQL/2.23.0/x64/codeql/qlpacks/codeql/python-queries/1.6.4/Summary/LinesOfCode.qlx.
2025-09-21T01:48:31.5015133Z [43/43] Loaded /opt/hostedtoolcache/CodeQL/2.23.0/x64/codeql/qlpacks/codeql/python-queries/1.6.4/Summary/LinesOfUserCode.qlx.
2025-09-21T01:48:31.8185347Z Starting evaluation of codeql/python-queries/Diagnostics/ExtractionWarnings.ql.
2025-09-21T01:48:31.8189599Z Starting evaluation of codeql/python-queries/Expressions/UseofInput.ql.
2025-09-21T01:48:31.8194045Z Starting evaluation of codeql/python-queries/Security/CVE-2018-1281/BindToAllInterfaces.ql.
2025-09-21T01:48:31.8195253Z Starting evaluation of codeql/python-queries/Diagnostics/ExtractedFiles.ql.
2025-09-21T01:48:31.8234368Z Starting evaluation of codeql/python-queries/Security/CWE-020/CookieInjection.ql.
2025-09-21T01:48:31.8237511Z Starting evaluation of codeql/python-queries/Security/CWE-020/IncompleteHostnameRegExp.ql.
2025-09-21T01:48:31.8240151Z Starting evaluation of codeql/python-queries/Security/CWE-020/IncompleteUrlSubstringSanitization.ql.
2025-09-21T01:48:32.1000574Z [1/43 eval 270ms] Evaluation done; writing results to codeql/python-queries/Diagnostics/ExtractedFiles.bqrs.
2025-09-21T01:48:32.1136083Z [2/43 eval 293ms] Evaluation done; writing results to codeql/python-queries/Diagnostics/ExtractionWarnings.bqrs.
2025-09-21T01:48:32.2608853Z [3/43 eval 434ms] Evaluation done; writing results to codeql/python-queries/Security/CWE-020/IncompleteUrlSubstringSanitization.bqrs.
2025-09-21T01:48:32.6188516Z Starting evaluation of codeql/python-queries/Security/CWE-020/OverlyLargeRange.ql.
2025-09-21T01:48:32.6230547Z Starting evaluation of codeql/python-queries/Security/CWE-022/PathInjection.ql.
2025-09-21T01:48:32.6839947Z Starting evaluation of codeql/python-queries/Security/CWE-074/TemplateInjection.ql.
2025-09-21T01:48:32.6866999Z Starting evaluation of codeql/python-queries/Security/CWE-078/CommandInjection.ql.
2025-09-21T01:48:32.7717421Z Starting evaluation of codeql/python-queries/Security/CWE-079/ReflectedXss.ql.
2025-09-21T01:48:32.7897216Z Starting evaluation of codeql/python-queries/Security/CWE-089/SqlInjection.ql.
2025-09-21T01:48:32.8137150Z Starting evaluation of codeql/python-queries/Security/CWE-090/LdapInjection.ql.
2025-09-21T01:48:32.8281088Z Starting evaluation of codeql/python-queries/Security/CWE-094/CodeInjection.ql.
2025-09-21T01:48:32.8347016Z Starting evaluation of codeql/python-queries/Security/CWE-113/HeaderInjection.ql.
2025-09-21T01:48:32.8351680Z Starting evaluation of codeql/python-queries/Security/CWE-116/BadTagFilter.ql.
2025-09-21T01:48:32.8675950Z Starting evaluation of codeql/python-queries/Security/CWE-209/StackTraceExposure.ql.
2025-09-21T01:48:32.8765454Z Starting evaluation of codeql/python-queries/Security/CWE-215/FlaskDebug.ql.
2025-09-21T01:48:32.8786471Z Starting evaluation of codeql/python-queries/Security/CWE-285/PamAuthorization.ql.
2025-09-21T01:48:32.8972001Z Starting evaluation of codeql/python-queries/Security/CWE-295/MissingHostKeyValidation.ql.
2025-09-21T01:48:32.9006645Z Starting evaluation of codeql/python-queries/Security/CWE-312/CleartextLogging.ql.
2025-09-21T01:48:32.9153907Z Starting evaluation of codeql/python-queries/Security/CWE-312/CleartextStorage.ql.
2025-09-21T01:48:32.9650090Z Starting evaluation of codeql/python-queries/Security/CWE-327/BrokenCryptoAlgorithm.ql.
2025-09-21T01:48:32.9671036Z Starting evaluation of codeql/python-queries/Security/CWE-326/WeakCryptoKey.ql.
2025-09-21T01:48:32.9676413Z Starting evaluation of codeql/python-queries/Security/CWE-327/InsecureDefaultProtocol.ql.
2025-09-21T01:48:32.9681711Z Starting evaluation of codeql/python-queries/Security/CWE-327/InsecureProtocol.ql.
2025-09-21T01:48:32.9738571Z Starting evaluation of codeql/python-queries/Security/CWE-327/WeakSensitiveDataHashing.ql.
2025-09-21T01:48:32.9789113Z Starting evaluation of codeql/python-queries/Security/CWE-352/CSRFProtectionDisabled.ql.
2025-09-21T01:48:32.9795720Z Starting evaluation of codeql/python-queries/Security/CWE-377/InsecureTemporaryFile.ql.
2025-09-21T01:48:32.9913034Z [4/43 eval 13ms] Evaluation done; writing results to codeql/python-queries/Security/CWE-352/CSRFProtectionDisabled.bqrs.
2025-09-21T01:48:33.0072968Z Starting evaluation of codeql/python-queries/Security/CWE-502/UnsafeDeserialization.ql.
2025-09-21T01:48:33.0082274Z Starting evaluation of codeql/python-queries/Security/CWE-601/UrlRedirect.ql.
2025-09-21T01:48:33.0090018Z Starting evaluation of codeql/python-queries/Security/CWE-611/Xxe.ql.
2025-09-21T01:48:33.0094769Z Starting evaluation of codeql/python-queries/Security/CWE-614/InsecureCookie.ql.
2025-09-21T01:48:33.0518544Z Starting evaluation of codeql/python-queries/Security/CWE-643/XpathInjection.ql.
2025-09-21T01:48:33.0631014Z Starting evaluation of codeql/python-queries/Security/CWE-730/PolynomialReDoS.ql.
2025-09-21T01:48:33.0763670Z Starting evaluation of codeql/python-queries/Security/CWE-730/ReDoS.ql.
2025-09-21T01:48:33.0827091Z Starting evaluation of codeql/python-queries/Security/CWE-730/RegexInjection.ql.
2025-09-21T01:48:33.2071345Z Starting evaluation of codeql/python-queries/Security/CWE-776/XmlBomb.ql.
2025-09-21T01:48:33.2619130Z Starting evaluation of codeql/python-queries/Security/CWE-943/NoSqlInjection.ql.
2025-09-21T01:48:33.2637762Z Starting evaluation of codeql/python-queries/Security/CWE-918/FullServerSideRequestForgery.ql.
2025-09-21T01:48:33.4146966Z Starting evaluation of codeql/python-queries/Summary/LinesOfCode.ql.
2025-09-21T01:48:33.4164042Z Starting evaluation of codeql/python-queries/Summary/LinesOfUserCode.ql.
2025-09-21T01:48:33.4192182Z [5/43 eval 4ms] Evaluation done; writing results to codeql/python-queries/Summary/LinesOfCode.bqrs.
2025-09-21T01:48:33.4553585Z [6/43 eval 36ms] Evaluation done; writing results to codeql/python-queries/Summary/LinesOfUserCode.bqrs.
2025-09-21T01:48:33.6453765Z [7/43 eval 678ms] Evaluation done; writing results to codeql/python-queries/Security/CWE-327/InsecureDefaultProtocol.bqrs.
2025-09-21T01:48:33.6456525Z [8/43 eval 1.8s] Evaluation done; writing results to codeql/python-queries/Expressions/UseofInput.bqrs.
2025-09-21T01:48:33.6501510Z [9/43 eval 1.8s] Evaluation done; writing results to codeql/python-queries/Security/CVE-2018-1281/BindToAllInterfaces.bqrs.
2025-09-21T01:48:33.6512497Z [10/43 eval 753ms] Evaluation done; writing results to codeql/python-queries/Security/CWE-295/MissingHostKeyValidation.bqrs.
2025-09-21T01:48:33.8116619Z [11/43 eval 842ms] Evaluation done; writing results to codeql/python-queries/Security/CWE-327/BrokenCryptoAlgorithm.bqrs.
2025-09-21T01:48:33.8175647Z [12/43 eval 851ms] Evaluation done; writing results to codeql/python-queries/Security/CWE-326/WeakCryptoKey.bqrs.
2025-09-21T01:48:33.8641377Z [13/43 eval 886ms] Evaluation done; writing results to codeql/python-queries/Security/CWE-327/WeakSensitiveDataHashing.bqrs.
2025-09-21T01:48:34.2362966Z [14/43 eval 973ms] Evaluation done; writing results to codeql/python-queries/Security/CWE-943/NoSqlInjection.bqrs.
2025-09-21T01:48:34.2863850Z [15/43 eval 1.6s] Evaluation done; writing results to codeql/python-queries/Security/CWE-074/TemplateInjection.bqrs.
2025-09-21T01:48:34.3163983Z [16/43 eval 1.3s] Evaluation done; writing results to codeql/python-queries/Security/CWE-643/XpathInjection.bqrs.
2025-09-21T01:48:34.3404888Z [17/43 eval 1.3s] Evaluation done; writing results to codeql/python-queries/Security/CWE-601/UrlRedirect.bqrs.
2025-09-21T01:48:34.4490767Z [18/43 eval 2.6s] Evaluation done; writing results to codeql/python-queries/Security/CWE-020/IncompleteHostnameRegExp.bqrs.
2025-09-21T01:48:34.4648310Z [19/43 eval 1.8s] Evaluation done; writing results to codeql/python-queries/Security/CWE-020/OverlyLargeRange.bqrs.
2025-09-21T01:48:34.4698138Z [20/43 eval 1.4s] Evaluation done; writing results to codeql/python-queries/Security/CWE-730/ReDoS.bqrs.
2025-09-21T01:48:34.4703196Z [21/43 eval 1.4s] Evaluation done; writing results to codeql/python-queries/Security/CWE-730/PolynomialReDoS.bqrs.
2025-09-21T01:48:34.4705998Z [22/43 eval 1.6s] Evaluation done; writing results to codeql/python-queries/Security/CWE-116/BadTagFilter.bqrs.
2025-09-21T01:48:34.4921873Z [23/43 eval 1.7s] Evaluation done; writing results to codeql/python-queries/Security/CWE-094/CodeInjection.bqrs.
2025-09-21T01:48:34.5145730Z [24/43 eval 2.7s] Evaluation done; writing results to codeql/python-queries/Security/CWE-020/CookieInjection.bqrs.
2025-09-21T01:48:34.5788211Z [25/43 eval 1.6s] Evaluation done; writing results to codeql/python-queries/Security/CWE-611/Xxe.bqrs.
2025-09-21T01:48:34.6054127Z [26/43 eval 1.9s] Evaluation done; writing results to codeql/python-queries/Security/CWE-078/CommandInjection.bqrs.
2025-09-21T01:48:34.6164695Z [27/43 eval 2s] Evaluation done; writing results to codeql/python-queries/Security/CWE-022/PathInjection.bqrs.
2025-09-21T01:48:34.6208742Z [28/43 eval 1.8s] Evaluation done; writing results to codeql/python-queries/Security/CWE-089/SqlInjection.bqrs.
2025-09-21T01:48:34.6328032Z [29/43 eval 1.9s] Evaluation done; writing results to codeql/python-queries/Security/CWE-079/ReflectedXss.bqrs.
2025-09-21T01:48:34.6647655Z [30/43 eval 1.9s] Evaluation done; writing results to codeql/python-queries/Security/CWE-090/LdapInjection.bqrs.
2025-09-21T01:48:34.6785665Z [31/43 eval 1.8s] Evaluation done; writing results to codeql/python-queries/Security/CWE-113/HeaderInjection.bqrs.
2025-09-21T01:48:34.6957380Z [32/43 eval 1.8s] Evaluation done; writing results to codeql/python-queries/Security/CWE-285/PamAuthorization.bqrs.
2025-09-21T01:48:34.7002799Z [33/43 eval 1.8s] Evaluation done; writing results to codeql/python-queries/Security/CWE-209/StackTraceExposure.bqrs.
2025-09-21T01:48:34.7072189Z [34/43 eval 1.8s] Evaluation done; writing results to codeql/python-queries/Security/CWE-215/FlaskDebug.bqrs.
2025-09-21T01:48:34.7771926Z [35/43 eval 1.9s] Evaluation done; writing results to codeql/python-queries/Security/CWE-312/CleartextStorage.bqrs.
2025-09-21T01:48:34.7940587Z [36/43 eval 1.8s] Evaluation done; writing results to codeql/python-queries/Security/CWE-377/InsecureTemporaryFile.bqrs.
2025-09-21T01:48:34.8146676Z [37/43 eval 1.8s] Evaluation done; writing results to codeql/python-queries/Security/CWE-327/InsecureProtocol.bqrs.
2025-09-21T01:48:34.8266149Z [38/43 eval 1.8s] Evaluation done; writing results to codeql/python-queries/Security/CWE-502/UnsafeDeserialization.bqrs.
2025-09-21T01:48:34.8427731Z [39/43 eval 1.6s] Evaluation done; writing results to codeql/python-queries/Security/CWE-776/XmlBomb.bqrs.
2025-09-21T01:48:34.8462977Z [40/43 eval 1.8s] Evaluation done; writing results to codeql/python-queries/Security/CWE-730/RegexInjection.bqrs.
2025-09-21T01:48:34.8779261Z [41/43 eval 2s] Evaluation done; writing results to codeql/python-queries/Security/CWE-312/CleartextLogging.bqrs.
2025-09-21T01:48:34.8900987Z [42/43 eval 1.6s] Evaluation done; writing results to codeql/python-queries/Security/CWE-918/FullServerSideRequestForgery.bqrs.
2025-09-21T01:48:34.8976529Z [43/43 eval 1.9s] Evaluation done; writing results to codeql/python-queries/Security/CWE-614/InsecureCookie.bqrs.
2025-09-21T01:48:34.8980360Z Shutting down query evaluator.
2025-09-21T01:48:35.0170789Z Interpreting code scanning results for python
2025-09-21T01:48:35.8324091Z Writing logs to /home/runner/work/_temp/codeql_databases/python/log/database-interpret-results-20250921.014835.829.log.
2025-09-21T01:48:35.9865393Z Recording pack reference codeql/python-queries at /opt/hostedtoolcache/CodeQL/2.23.0/x64/codeql/qlpacks/codeql/python-queries/1.6.4.
2025-09-21T01:48:36.0122827Z Resolving extensions
2025-09-21T01:48:37.2607184Z Interpreting /opt/hostedtoolcache/CodeQL/2.23.0/x64/codeql/qlpacks/codeql/python-queries/1.6.4/Security/CWE-116/BadTagFilter.ql...
2025-09-21T01:48:37.2833147Z  ... found results file at /home/runner/work/_temp/codeql_databases/python/results/codeql/python-queries/Security/CWE-116/BadTagFilter.bqrs.
2025-09-21T01:48:37.2976908Z Interpreting /opt/hostedtoolcache/CodeQL/2.23.0/x64/codeql/qlpacks/codeql/python-queries/1.6.4/Security/CWE-209/StackTraceExposure.ql...
2025-09-21T01:48:37.3109712Z  ... found results file at /home/runner/work/_temp/codeql_databases/python/results/codeql/python-queries/Security/CWE-209/StackTraceExposure.bqrs.
2025-09-21T01:48:37.3135649Z Interpreting /opt/hostedtoolcache/CodeQL/2.23.0/x64/codeql/qlpacks/codeql/python-queries/1.6.4/Security/CWE-090/LdapInjection.ql...
2025-09-21T01:48:37.3228504Z  ... found results file at /home/runner/work/_temp/codeql_databases/python/results/codeql/python-queries/Security/CWE-090/LdapInjection.bqrs.
2025-09-21T01:48:37.3230442Z Interpreting /opt/hostedtoolcache/CodeQL/2.23.0/x64/codeql/qlpacks/codeql/python-queries/1.6.4/Security/CWE-327/InsecureProtocol.ql...
2025-09-21T01:48:37.3401913Z  ... found results file at /home/runner/work/_temp/codeql_databases/python/results/codeql/python-queries/Security/CWE-327/InsecureProtocol.bqrs.
2025-09-21T01:48:37.3415387Z Interpreting /opt/hostedtoolcache/CodeQL/2.23.0/x64/codeql/qlpacks/codeql/python-queries/1.6.4/Security/CWE-327/WeakSensitiveDataHashing.ql...
2025-09-21T01:48:37.3537692Z  ... found results file at /home/runner/work/_temp/codeql_databases/python/results/codeql/python-queries/Security/CWE-327/WeakSensitiveDataHashing.bqrs.
2025-09-21T01:48:37.3539495Z Interpreting /opt/hostedtoolcache/CodeQL/2.23.0/x64/codeql/qlpacks/codeql/python-queries/1.6.4/Security/CWE-327/InsecureDefaultProtocol.ql...
2025-09-21T01:48:37.3619930Z  ... found results file at /home/runner/work/_temp/codeql_databases/python/results/codeql/python-queries/Security/CWE-327/InsecureDefaultProtocol.bqrs.
2025-09-21T01:48:37.3621813Z Interpreting /opt/hostedtoolcache/CodeQL/2.23.0/x64/codeql/qlpacks/codeql/python-queries/1.6.4/Security/CWE-327/BrokenCryptoAlgorithm.ql...
2025-09-21T01:48:37.3693989Z  ... found results file at /home/runner/work/_temp/codeql_databases/python/results/codeql/python-queries/Security/CWE-327/BrokenCryptoAlgorithm.bqrs.
2025-09-21T01:48:37.3701808Z Interpreting /opt/hostedtoolcache/CodeQL/2.23.0/x64/codeql/qlpacks/codeql/python-queries/1.6.4/Security/CWE-074/TemplateInjection.ql...
2025-09-21T01:48:37.3789155Z  ... found results file at /home/runner/work/_temp/codeql_databases/python/results/codeql/python-queries/Security/CWE-074/TemplateInjection.bqrs.
2025-09-21T01:48:37.3798718Z Interpreting /opt/hostedtoolcache/CodeQL/2.23.0/x64/codeql/qlpacks/codeql/python-queries/1.6.4/Security/CWE-643/XpathInjection.ql...
2025-09-21T01:48:37.3875788Z  ... found results file at /home/runner/work/_temp/codeql_databases/python/results/codeql/python-queries/Security/CWE-643/XpathInjection.bqrs.
2025-09-21T01:48:37.3908141Z Interpreting /opt/hostedtoolcache/CodeQL/2.23.0/x64/codeql/qlpacks/codeql/python-queries/1.6.4/Security/CWE-776/XmlBomb.ql...
2025-09-21T01:48:37.3952727Z  ... found results file at /home/runner/work/_temp/codeql_databases/python/results/codeql/python-queries/Security/CWE-776/XmlBomb.bqrs.
2025-09-21T01:48:37.3971885Z Interpreting /opt/hostedtoolcache/CodeQL/2.23.0/x64/codeql/qlpacks/codeql/python-queries/1.6.4/Security/CVE-2018-1281/BindToAllInterfaces.ql...
2025-09-21T01:48:37.4038974Z  ... found results file at /home/runner/work/_temp/codeql_databases/python/results/codeql/python-queries/Security/CVE-2018-1281/BindToAllInterfaces.bqrs.
2025-09-21T01:48:37.4048726Z Interpreting /opt/hostedtoolcache/CodeQL/2.23.0/x64/codeql/qlpacks/codeql/python-queries/1.6.4/Security/CWE-352/CSRFProtectionDisabled.ql...
2025-09-21T01:48:37.4137270Z  ... found results file at /home/runner/work/_temp/codeql_databases/python/results/codeql/python-queries/Security/CWE-352/CSRFProtectionDisabled.bqrs.
2025-09-21T01:48:37.4138993Z Interpreting /opt/hostedtoolcache/CodeQL/2.23.0/x64/codeql/qlpacks/codeql/python-queries/1.6.4/Security/CWE-295/MissingHostKeyValidation.ql...
2025-09-21T01:48:37.4205098Z  ... found results file at /home/runner/work/_temp/codeql_databases/python/results/codeql/python-queries/Security/CWE-295/MissingHostKeyValidation.bqrs.
2025-09-21T01:48:37.4210660Z Interpreting /opt/hostedtoolcache/CodeQL/2.23.0/x64/codeql/qlpacks/codeql/python-queries/1.6.4/Security/CWE-094/CodeInjection.ql...
2025-09-21T01:48:37.4278244Z  ... found results file at /home/runner/work/_temp/codeql_databases/python/results/codeql/python-queries/Security/CWE-094/CodeInjection.bqrs.
2025-09-21T01:48:37.4286241Z Interpreting /opt/hostedtoolcache/CodeQL/2.23.0/x64/codeql/qlpacks/codeql/python-queries/1.6.4/Security/CWE-918/FullServerSideRequestForgery.ql...
2025-09-21T01:48:37.4368583Z  ... found results file at /home/runner/work/_temp/codeql_databases/python/results/codeql/python-queries/Security/CWE-918/FullServerSideRequestForgery.bqrs.
2025-09-21T01:48:37.4384724Z Interpreting /opt/hostedtoolcache/CodeQL/2.23.0/x64/codeql/qlpacks/codeql/python-queries/1.6.4/Security/CWE-730/PolynomialReDoS.ql...
2025-09-21T01:48:37.4443813Z  ... found results file at /home/runner/work/_temp/codeql_databases/python/results/codeql/python-queries/Security/CWE-730/PolynomialReDoS.bqrs.
2025-09-21T01:48:37.4465510Z Interpreting /opt/hostedtoolcache/CodeQL/2.23.0/x64/codeql/qlpacks/codeql/python-queries/1.6.4/Security/CWE-730/RegexInjection.ql...
2025-09-21T01:48:37.4520088Z  ... found results file at /home/runner/work/_temp/codeql_databases/python/results/codeql/python-queries/Security/CWE-730/RegexInjection.bqrs.
2025-09-21T01:48:37.4527783Z Interpreting /opt/hostedtoolcache/CodeQL/2.23.0/x64/codeql/qlpacks/codeql/python-queries/1.6.4/Security/CWE-730/ReDoS.ql...
2025-09-21T01:48:37.4591669Z  ... found results file at /home/runner/work/_temp/codeql_databases/python/results/codeql/python-queries/Security/CWE-730/ReDoS.bqrs.
2025-09-21T01:48:37.4604899Z Interpreting /opt/hostedtoolcache/CodeQL/2.23.0/x64/codeql/qlpacks/codeql/python-queries/1.6.4/Security/CWE-502/UnsafeDeserialization.ql...
2025-09-21T01:48:37.4678489Z  ... found results file at /home/runner/work/_temp/codeql_databases/python/results/codeql/python-queries/Security/CWE-502/UnsafeDeserialization.bqrs.
2025-09-21T01:48:37.4683200Z Interpreting /opt/hostedtoolcache/CodeQL/2.23.0/x64/codeql/qlpacks/codeql/python-queries/1.6.4/Security/CWE-614/InsecureCookie.ql...
2025-09-21T01:48:37.4754225Z  ... found results file at /home/runner/work/_temp/codeql_databases/python/results/codeql/python-queries/Security/CWE-614/InsecureCookie.bqrs.
2025-09-21T01:48:37.4758349Z Interpreting /opt/hostedtoolcache/CodeQL/2.23.0/x64/codeql/qlpacks/codeql/python-queries/1.6.4/Security/CWE-078/CommandInjection.ql...
2025-09-21T01:48:37.4824753Z  ... found results file at /home/runner/work/_temp/codeql_databases/python/results/codeql/python-queries/Security/CWE-078/CommandInjection.bqrs.
2025-09-21T01:48:37.4832091Z Interpreting /opt/hostedtoolcache/CodeQL/2.23.0/x64/codeql/qlpacks/codeql/python-queries/1.6.4/Security/CWE-312/CleartextStorage.ql...
2025-09-21T01:48:37.4887482Z  ... found results file at /home/runner/work/_temp/codeql_databases/python/results/codeql/python-queries/Security/CWE-312/CleartextStorage.bqrs.
2025-09-21T01:48:37.4893761Z Interpreting /opt/hostedtoolcache/CodeQL/2.23.0/x64/codeql/qlpacks/codeql/python-queries/1.6.4/Security/CWE-312/CleartextLogging.ql...
2025-09-21T01:48:37.4938297Z  ... found results file at /home/runner/work/_temp/codeql_databases/python/results/codeql/python-queries/Security/CWE-312/CleartextLogging.bqrs.
2025-09-21T01:48:37.4947080Z Interpreting /opt/hostedtoolcache/CodeQL/2.23.0/x64/codeql/qlpacks/codeql/python-queries/1.6.4/Security/CWE-326/WeakCryptoKey.ql...
2025-09-21T01:48:37.5013459Z  ... found results file at /home/runner/work/_temp/codeql_databases/python/results/codeql/python-queries/Security/CWE-326/WeakCryptoKey.bqrs.
2025-09-21T01:48:37.5033856Z Interpreting /opt/hostedtoolcache/CodeQL/2.23.0/x64/codeql/qlpacks/codeql/python-queries/1.6.4/Security/CWE-113/HeaderInjection.ql...
2025-09-21T01:48:37.5081923Z  ... found results file at /home/runner/work/_temp/codeql_databases/python/results/codeql/python-queries/Security/CWE-113/HeaderInjection.bqrs.
2025-09-21T01:48:37.5088897Z Interpreting /opt/hostedtoolcache/CodeQL/2.23.0/x64/codeql/qlpacks/codeql/python-queries/1.6.4/Security/CWE-377/InsecureTemporaryFile.ql...
2025-09-21T01:48:37.5146841Z  ... found results file at /home/runner/work/_temp/codeql_databases/python/results/codeql/python-queries/Security/CWE-377/InsecureTemporaryFile.bqrs.
2025-09-21T01:48:37.5152900Z Interpreting /opt/hostedtoolcache/CodeQL/2.23.0/x64/codeql/qlpacks/codeql/python-queries/1.6.4/Security/CWE-943/NoSqlInjection.ql...
2025-09-21T01:48:37.5210556Z  ... found results file at /home/runner/work/_temp/codeql_databases/python/results/codeql/python-queries/Security/CWE-943/NoSqlInjection.bqrs.
2025-09-21T01:48:37.5216925Z Interpreting /opt/hostedtoolcache/CodeQL/2.23.0/x64/codeql/qlpacks/codeql/python-queries/1.6.4/Security/CWE-020/IncompleteUrlSubstringSanitization.ql...
2025-09-21T01:48:37.5286805Z  ... found results file at /home/runner/work/_temp/codeql_databases/python/results/codeql/python-queries/Security/CWE-020/IncompleteUrlSubstringSanitization.bqrs.
2025-09-21T01:48:37.5289930Z Interpreting /opt/hostedtoolcache/CodeQL/2.23.0/x64/codeql/qlpacks/codeql/python-queries/1.6.4/Security/CWE-020/OverlyLargeRange.ql...
2025-09-21T01:48:37.5341307Z  ... found results file at /home/runner/work/_temp/codeql_databases/python/results/codeql/python-queries/Security/CWE-020/OverlyLargeRange.bqrs.
2025-09-21T01:48:37.5346635Z Interpreting /opt/hostedtoolcache/CodeQL/2.23.0/x64/codeql/qlpacks/codeql/python-queries/1.6.4/Security/CWE-020/CookieInjection.ql...
2025-09-21T01:48:37.5427407Z  ... found results file at /home/runner/work/_temp/codeql_databases/python/results/codeql/python-queries/Security/CWE-020/CookieInjection.bqrs.
2025-09-21T01:48:37.5431136Z Interpreting /opt/hostedtoolcache/CodeQL/2.23.0/x64/codeql/qlpacks/codeql/python-queries/1.6.4/Security/CWE-020/IncompleteHostnameRegExp.ql...
2025-09-21T01:48:37.5509040Z  ... found results file at /home/runner/work/_temp/codeql_databases/python/results/codeql/python-queries/Security/CWE-020/IncompleteHostnameRegExp.bqrs.
2025-09-21T01:48:37.5512583Z Interpreting /opt/hostedtoolcache/CodeQL/2.23.0/x64/codeql/qlpacks/codeql/python-queries/1.6.4/Security/CWE-079/ReflectedXss.ql...
2025-09-21T01:48:37.5593879Z  ... found results file at /home/runner/work/_temp/codeql_databases/python/results/codeql/python-queries/Security/CWE-079/ReflectedXss.bqrs.
2025-09-21T01:48:37.5597267Z Interpreting /opt/hostedtoolcache/CodeQL/2.23.0/x64/codeql/qlpacks/codeql/python-queries/1.6.4/Security/CWE-022/PathInjection.ql...
2025-09-21T01:48:37.5638861Z  ... found results file at /home/runner/work/_temp/codeql_databases/python/results/codeql/python-queries/Security/CWE-022/PathInjection.bqrs.
2025-09-21T01:48:37.5643757Z Interpreting /opt/hostedtoolcache/CodeQL/2.23.0/x64/codeql/qlpacks/codeql/python-queries/1.6.4/Security/CWE-285/PamAuthorization.ql...
2025-09-21T01:48:37.5708557Z  ... found results file at /home/runner/work/_temp/codeql_databases/python/results/codeql/python-queries/Security/CWE-285/PamAuthorization.bqrs.
2025-09-21T01:48:37.5720051Z Interpreting /opt/hostedtoolcache/CodeQL/2.23.0/x64/codeql/qlpacks/codeql/python-queries/1.6.4/Security/CWE-601/UrlRedirect.ql...
2025-09-21T01:48:37.5767220Z  ... found results file at /home/runner/work/_temp/codeql_databases/python/results/codeql/python-queries/Security/CWE-601/UrlRedirect.bqrs.
2025-09-21T01:48:37.5771556Z Interpreting /opt/hostedtoolcache/CodeQL/2.23.0/x64/codeql/qlpacks/codeql/python-queries/1.6.4/Security/CWE-215/FlaskDebug.ql...
2025-09-21T01:48:37.5825596Z  ... found results file at /home/runner/work/_temp/codeql_databases/python/results/codeql/python-queries/Security/CWE-215/FlaskDebug.bqrs.
2025-09-21T01:48:37.5837026Z Interpreting /opt/hostedtoolcache/CodeQL/2.23.0/x64/codeql/qlpacks/codeql/python-queries/1.6.4/Security/CWE-089/SqlInjection.ql...
2025-09-21T01:48:37.5893112Z  ... found results file at /home/runner/work/_temp/codeql_databases/python/results/codeql/python-queries/Security/CWE-089/SqlInjection.bqrs.
2025-09-21T01:48:37.5898866Z Interpreting /opt/hostedtoolcache/CodeQL/2.23.0/x64/codeql/qlpacks/codeql/python-queries/1.6.4/Security/CWE-611/Xxe.ql...
2025-09-21T01:48:37.5962707Z  ... found results file at /home/runner/work/_temp/codeql_databases/python/results/codeql/python-queries/Security/CWE-611/Xxe.bqrs.
2025-09-21T01:48:37.5969616Z Interpreting /opt/hostedtoolcache/CodeQL/2.23.0/x64/codeql/qlpacks/codeql/python-queries/1.6.4/Expressions/UseofInput.ql...
2025-09-21T01:48:37.6031100Z  ... found results file at /home/runner/work/_temp/codeql_databases/python/results/codeql/python-queries/Expressions/UseofInput.bqrs.
2025-09-21T01:48:37.6038690Z Interpreting /opt/hostedtoolcache/CodeQL/2.23.0/x64/codeql/qlpacks/codeql/python-queries/1.6.4/Diagnostics/ExtractionWarnings.ql...
2025-09-21T01:48:37.6158930Z  ... found results file at /home/runner/work/_temp/codeql_databases/python/results/codeql/python-queries/Diagnostics/ExtractionWarnings.bqrs.
2025-09-21T01:48:37.6162579Z Interpreting /opt/hostedtoolcache/CodeQL/2.23.0/x64/codeql/qlpacks/codeql/python-queries/1.6.4/Diagnostics/ExtractedFiles.ql...
2025-09-21T01:48:37.6239255Z  ... found results file at /home/runner/work/_temp/codeql_databases/python/results/codeql/python-queries/Diagnostics/ExtractedFiles.bqrs.
2025-09-21T01:48:37.6242267Z Interpreting /opt/hostedtoolcache/CodeQL/2.23.0/x64/codeql/qlpacks/codeql/python-queries/1.6.4/Summary/LinesOfCode.ql...
2025-09-21T01:48:37.6286720Z  ... found results file at /home/runner/work/_temp/codeql_databases/python/results/codeql/python-queries/Summary/LinesOfCode.bqrs.
2025-09-21T01:48:37.6292275Z Interpreting /opt/hostedtoolcache/CodeQL/2.23.0/x64/codeql/qlpacks/codeql/python-queries/1.6.4/Summary/LinesOfUserCode.ql...
2025-09-21T01:48:37.6365077Z  ... found results file at /home/runner/work/_temp/codeql_databases/python/results/codeql/python-queries/Summary/LinesOfUserCode.bqrs.
2025-09-21T01:48:37.9875211Z Interpreted problem query "Bad HTML filtering regexp" (py/bad-tag-filter) at path /home/runner/work/_temp/codeql_databases/python/results/codeql/python-queries/Security/CWE-116/BadTagFilter.bqrs.
2025-09-21T01:48:37.9887022Z Interpreted pathproblem query "Information exposure through an exception" (py/stack-trace-exposure) at path /home/runner/work/_temp/codeql_databases/python/results/codeql/python-queries/Security/CWE-209/StackTraceExposure.bqrs.
2025-09-21T01:48:37.9902781Z Interpreted pathproblem query "LDAP query built from user-controlled sources" (py/ldap-injection) at path /home/runner/work/_temp/codeql_databases/python/results/codeql/python-queries/Security/CWE-090/LdapInjection.bqrs.
2025-09-21T01:48:37.9906532Z Interpreted problem query "Use of insecure SSL/TLS version" (py/insecure-protocol) at path /home/runner/work/_temp/codeql_databases/python/results/codeql/python-queries/Security/CWE-327/InsecureProtocol.bqrs.
2025-09-21T01:48:37.9918575Z Interpreted pathproblem query "Use of a broken or weak cryptographic hashing algorithm on sensitive data" (py/weak-sensitive-data-hashing) at path /home/runner/work/_temp/codeql_databases/python/results/codeql/python-queries/Security/CWE-327/WeakSensitiveDataHashing.bqrs.
2025-09-21T01:48:37.9923872Z Interpreted problem query "Default version of SSL/TLS may be insecure" (py/insecure-default-protocol) at path /home/runner/work/_temp/codeql_databases/python/results/codeql/python-queries/Security/CWE-327/InsecureDefaultProtocol.bqrs.
2025-09-21T01:48:37.9926821Z Interpreted problem query "Use of a broken or weak cryptographic algorithm" (py/weak-cryptographic-algorithm) at path /home/runner/work/_temp/codeql_databases/python/results/codeql/python-queries/Security/CWE-327/BrokenCryptoAlgorithm.bqrs.
2025-09-21T01:48:37.9929453Z Interpreted pathproblem query "Server Side Template Injection" (py/template-injection) at path /home/runner/work/_temp/codeql_databases/python/results/codeql/python-queries/Security/CWE-074/TemplateInjection.bqrs.
2025-09-21T01:48:37.9931968Z Interpreted pathproblem query "XPath query built from user-controlled sources" (py/xpath-injection) at path /home/runner/work/_temp/codeql_databases/python/results/codeql/python-queries/Security/CWE-643/XpathInjection.bqrs.
2025-09-21T01:48:37.9934335Z Interpreted pathproblem query "XML internal entity expansion" (py/xml-bomb) at path /home/runner/work/_temp/codeql_databases/python/results/codeql/python-queries/Security/CWE-776/XmlBomb.bqrs.
2025-09-21T01:48:37.9936966Z Interpreted problem query "Binding a socket to all network interfaces" (py/bind-socket-all-network-interfaces) at path /home/runner/work/_temp/codeql_databases/python/results/codeql/python-queries/Security/CVE-2018-1281/BindToAllInterfaces.bqrs.
2025-09-21T01:48:37.9948384Z Interpreted problem query "CSRF protection weakened or disabled" (py/csrf-protection-disabled) at path /home/runner/work/_temp/codeql_databases/python/results/codeql/python-queries/Security/CWE-352/CSRFProtectionDisabled.bqrs.
2025-09-21T01:48:37.9958057Z Interpreted problem query "Accepting unknown SSH host keys when using Paramiko" (py/paramiko-missing-host-key-validation) at path /home/runner/work/_temp/codeql_databases/python/results/codeql/python-queries/Security/CWE-295/MissingHostKeyValidation.bqrs.
2025-09-21T01:48:37.9960741Z Interpreted pathproblem query "Code injection" (py/code-injection) at path /home/runner/work/_temp/codeql_databases/python/results/codeql/python-queries/Security/CWE-094/CodeInjection.bqrs.
2025-09-21T01:48:37.9963148Z Interpreted pathproblem query "Full server-side request forgery" (py/full-ssrf) at path /home/runner/work/_temp/codeql_databases/python/results/codeql/python-queries/Security/CWE-918/FullServerSideRequestForgery.bqrs.
2025-09-21T01:48:37.9974169Z Interpreted pathproblem query "Polynomial regular expression used on uncontrolled data" (py/polynomial-redos) at path /home/runner/work/_temp/codeql_databases/python/results/codeql/python-queries/Security/CWE-730/PolynomialReDoS.bqrs.
2025-09-21T01:48:37.9977235Z Interpreted pathproblem query "Regular expression injection" (py/regex-injection) at path /home/runner/work/_temp/codeql_databases/python/results/codeql/python-queries/Security/CWE-730/RegexInjection.bqrs.
2025-09-21T01:48:37.9979741Z Interpreted problem query "Inefficient regular expression" (py/redos) at path /home/runner/work/_temp/codeql_databases/python/results/codeql/python-queries/Security/CWE-730/ReDoS.bqrs.
2025-09-21T01:48:37.9982154Z Interpreted pathproblem query "Deserialization of user-controlled data" (py/unsafe-deserialization) at path /home/runner/work/_temp/codeql_databases/python/results/codeql/python-queries/Security/CWE-502/UnsafeDeserialization.bqrs.
2025-09-21T01:48:37.9984894Z Interpreted problem query "Failure to use secure cookies" (py/insecure-cookie) at path /home/runner/work/_temp/codeql_databases/python/results/codeql/python-queries/Security/CWE-614/InsecureCookie.bqrs.
2025-09-21T01:48:37.9987531Z Interpreted pathproblem query "Uncontrolled command line" (py/command-line-injection) at path /home/runner/work/_temp/codeql_databases/python/results/codeql/python-queries/Security/CWE-078/CommandInjection.bqrs.
2025-09-21T01:48:37.9990528Z Interpreted pathproblem query "Clear-text storage of sensitive information" (py/clear-text-storage-sensitive-data) at path /home/runner/work/_temp/codeql_databases/python/results/codeql/python-queries/Security/CWE-312/CleartextStorage.bqrs.
2025-09-21T01:48:37.9993408Z Interpreted pathproblem query "Clear-text logging of sensitive information" (py/clear-text-logging-sensitive-data) at path /home/runner/work/_temp/codeql_databases/python/results/codeql/python-queries/Security/CWE-312/CleartextLogging.bqrs.
2025-09-21T01:48:37.9998596Z Interpreted problem query "Use of weak cryptographic key" (py/weak-crypto-key) at path /home/runner/work/_temp/codeql_databases/python/results/codeql/python-queries/Security/CWE-326/WeakCryptoKey.bqrs.
2025-09-21T01:48:38.0006634Z Interpreted pathproblem query "HTTP Response Splitting" (py/http-response-splitting) at path /home/runner/work/_temp/codeql_databases/python/results/codeql/python-queries/Security/CWE-113/HeaderInjection.bqrs.
2025-09-21T01:48:38.0016312Z Interpreted problem query "Insecure temporary file" (py/insecure-temporary-file) at path /home/runner/work/_temp/codeql_databases/python/results/codeql/python-queries/Security/CWE-377/InsecureTemporaryFile.bqrs.
2025-09-21T01:48:38.0037071Z Interpreted pathproblem query "NoSQL Injection" (py/nosql-injection) at path /home/runner/work/_temp/codeql_databases/python/results/codeql/python-queries/Security/CWE-943/NoSqlInjection.bqrs.
2025-09-21T01:48:38.0040658Z Interpreted problem query "Incomplete URL substring sanitization" (py/incomplete-url-substring-sanitization) at path /home/runner/work/_temp/codeql_databases/python/results/codeql/python-queries/Security/CWE-020/IncompleteUrlSubstringSanitization.bqrs.
2025-09-21T01:48:38.0044934Z Interpreted problem query "Overly permissive regular expression range" (py/overly-large-range) at path /home/runner/work/_temp/codeql_databases/python/results/codeql/python-queries/Security/CWE-020/OverlyLargeRange.bqrs.
2025-09-21T01:48:38.0048306Z Interpreted pathproblem query "Construction of a cookie using user-supplied input" (py/cookie-injection) at path /home/runner/work/_temp/codeql_databases/python/results/codeql/python-queries/Security/CWE-020/CookieInjection.bqrs.
2025-09-21T01:48:38.0052657Z Interpreted problem query "Incomplete regular expression for hostnames" (py/incomplete-hostname-regexp) at path /home/runner/work/_temp/codeql_databases/python/results/codeql/python-queries/Security/CWE-020/IncompleteHostnameRegExp.bqrs.
2025-09-21T01:48:38.0056180Z Interpreted pathproblem query "Reflected server-side cross-site scripting" (py/reflective-xss) at path /home/runner/work/_temp/codeql_databases/python/results/codeql/python-queries/Security/CWE-079/ReflectedXss.bqrs.
2025-09-21T01:48:38.0060284Z Interpreted pathproblem query "Uncontrolled data used in path expression" (py/path-injection) at path /home/runner/work/_temp/codeql_databases/python/results/codeql/python-queries/Security/CWE-022/PathInjection.bqrs.
2025-09-21T01:48:38.0063949Z Interpreted pathproblem query "PAM authorization bypass due to incorrect usage" (py/pam-auth-bypass) at path /home/runner/work/_temp/codeql_databases/python/results/codeql/python-queries/Security/CWE-285/PamAuthorization.bqrs.
2025-09-21T01:48:38.0067457Z Interpreted pathproblem query "URL redirection from remote source" (py/url-redirection) at path /home/runner/work/_temp/codeql_databases/python/results/codeql/python-queries/Security/CWE-601/UrlRedirect.bqrs.
2025-09-21T01:48:38.0069669Z Interpreted problem query "Flask app is run in debug mode" (py/flask-debug) at path /home/runner/work/_temp/codeql_databases/python/results/codeql/python-queries/Security/CWE-215/FlaskDebug.bqrs.
2025-09-21T01:48:38.0071952Z Interpreted pathproblem query "SQL query built from user-controlled sources" (py/sql-injection) at path /home/runner/work/_temp/codeql_databases/python/results/codeql/python-queries/Security/CWE-089/SqlInjection.bqrs.
2025-09-21T01:48:38.0081873Z Interpreted pathproblem query "XML external entity expansion" (py/xxe) at path /home/runner/work/_temp/codeql_databases/python/results/codeql/python-queries/Security/CWE-611/Xxe.bqrs.
2025-09-21T01:48:38.0085629Z Interpreted problem query "'input' function used in Python 2" (py/use-of-input) at path /home/runner/work/_temp/codeql_databases/python/results/codeql/python-queries/Expressions/UseofInput.bqrs.
2025-09-21T01:48:38.0101649Z Interpreted diagnostic query "Python extraction warnings" (py/diagnostics/extraction-warnings) at path /home/runner/work/_temp/codeql_databases/python/results/codeql/python-queries/Diagnostics/ExtractionWarnings.bqrs.
2025-09-21T01:48:38.0123602Z Interpreted diagnostic query "Extracted Python files" (py/diagnostics/successfully-extracted-files) at path /home/runner/work/_temp/codeql_databases/python/results/codeql/python-queries/Diagnostics/ExtractedFiles.bqrs.
2025-09-21T01:48:38.0132255Z Interpreted metric query "Total lines of Python code in the database" (py/summary/lines-of-code) at path /home/runner/work/_temp/codeql_databases/python/results/codeql/python-queries/Summary/LinesOfCode.bqrs.
2025-09-21T01:48:38.0134874Z Interpreted metric query "Total lines of user written Python code in the database" (py/summary/lines-of-user-code) at path /home/runner/work/_temp/codeql_databases/python/results/codeql/python-queries/Summary/LinesOfUserCode.bqrs.
2025-09-21T01:48:38.0136598Z Reading source archive /home/runner/work/_temp/codeql_databases/python/src.zip
2025-09-21T01:48:38.9641201Z Interpreting file coverage baseline information
2025-09-21T01:48:38.9646359Z Finished interpreting file coverage baseline information.
2025-09-21T01:48:38.9654819Z Interpreting diagnostic messages...
2025-09-21T01:48:39.0010624Z Found 3 raw diagnostic messages.
2025-09-21T01:48:39.0085545Z Processed diagnostic messages (removed 0 due to limits, created 0 summary diagnostics for status page).
2025-09-21T01:48:39.0105889Z Interpreted diagnostic messages (43ms).
2025-09-21T01:48:39.5336882Z Exporting results to SARIF...
2025-09-21T01:48:39.7551069Z Exported results to SARIF (221ms).
2025-09-21T01:48:39.7889291Z ##[endgroup]
2025-09-21T01:48:39.7890629Z CodeQL scanned 9 out of 9 Python files in this invocation. Check the status page for overall coverage information: https://github.com/Boss-1s/scratchattach/security/code-scanning/tools/CodeQL/status/
2025-09-21T01:48:39.7892003Z 
2025-09-21T01:48:39.7901638Z ##[group]Uploading code scanning results
2025-09-21T01:48:39.7902324Z Processing sarif files: ["/home/runner/work/scratchattach/results/python.sarif"]
2025-09-21T01:48:39.7925227Z Adding fingerprints to SARIF file. See https://docs.github.com/en/enterprise-cloud@latest/code-security/code-scanning/integrating-with-code-scanning/sarif-support-for-code-scanning#providing-data-to-track-code-scanning-alerts-across-runs for more information.
2025-09-21T01:48:39.8059690Z Uploading results
2025-09-21T01:48:40.1827878Z Successfully uploaded results
2025-09-21T01:48:40.1828974Z ##[endgroup]
2025-09-21T01:48:40.1842819Z ##[group]Cleaning up databases
2025-09-21T01:48:40.1844102Z [command]/opt/hostedtoolcache/CodeQL/2.23.0/x64/codeql/codeql database cleanup /home/runner/work/_temp/codeql_databases/python --cache-cleanup=clear
2025-09-21T01:48:40.8952664Z Cleaning up existing TRAP files after import...
2025-09-21T01:48:40.9000746Z TRAP files cleaned up (2ms).
2025-09-21T01:48:40.9001524Z Cleaning up scratch directory...
2025-09-21T01:48:40.9002373Z Scratch directory cleaned up (0ms).
2025-09-21T01:48:40.9610367Z ##[endgroup]
2025-09-21T01:48:40.9619433Z [command]/opt/hostedtoolcache/CodeQL/2.23.0/x64/codeql/codeql database bundle /home/runner/work/_temp/codeql_databases/python --output=/home/runner/work/_temp/codeql_databases/python.zip --name=python
2025-09-21T01:48:41.8011567Z Creating bundle metadata for /home/runner/work/_temp/codeql_databases/python...
2025-09-21T01:48:44.2625862Z Creating zip file at /home/runner/work/_temp/codeql_databases/python.zip.
2025-09-21T01:48:44.7507145Z Skipping upload of dependency cache for python as we have no caching configuration for it.
2025-09-21T01:48:44.7508540Z ##[group]Waiting for processing to finish
2025-09-21T01:48:44.8808843Z Analysis upload status is complete.
2025-09-21T01:48:44.8809471Z ##[endgroup]
2025-09-21T01:48:44.9779521Z Post job cleanup.
2025-09-21T01:48:45.8300586Z Post job cleanup.
2025-09-21T01:48:46.0340883Z Post job cleanup.
2025-09-21T01:48:46.9013530Z CodeQL job status was success.
2025-09-21T01:48:46.9058070Z Sending status report for init-post step.
2025-09-21T01:48:47.0468915Z Status report sent for init-post step.
2025-09-21T01:48:47.1334875Z Post job cleanup.
2025-09-21T01:48:47.2270602Z [command]/usr/bin/git version
2025-09-21T01:48:47.2307092Z git version 2.51.0
2025-09-21T01:48:47.2349000Z Temporarily overriding HOME='/home/runner/work/_temp/b3510e01-6cd5-40d9-850e-1bbbddda5ce8' before making global git config changes
2025-09-21T01:48:47.2350007Z Adding repository directory to the temporary git global config as a safe directory
2025-09-21T01:48:47.2354654Z [command]/usr/bin/git config --global --add safe.directory /home/runner/work/scratchattach/scratchattach
2025-09-21T01:48:47.2394627Z [command]/usr/bin/git config --local --name-only --get-regexp core\.sshCommand
2025-09-21T01:48:47.2427109Z [command]/usr/bin/git submodule foreach --recursive sh -c "git config --local --name-only --get-regexp 'core\.sshCommand' && git config --local --unset-all 'core.sshCommand' || :"
2025-09-21T01:48:47.2653694Z [command]/usr/bin/git config --local --name-only --get-regexp http\.https\:\/\/github\.com\/\.extraheader
2025-09-21T01:48:47.2674460Z http.https://github.com/.extraheader
2025-09-21T01:48:47.2687080Z [command]/usr/bin/git config --local --unset-all http.https://github.com/.extraheader
2025-09-21T01:48:47.2717074Z [command]/usr/bin/git submodule foreach --recursive sh -c "git config --local --name-only --get-regexp 'http\.https\:\/\/github\.com\/\.extraheader' && git config --local --unset-all 'http.https://github.com/.extraheader' || :"
2025-09-21T01:48:47.3037542Z Cleaning up orphan processes
