2025-12-23T15:05:41.6864140Z Current runner version: '2.330.0'
2025-12-23T15:05:41.6903220Z ##[group]Runner Image Provisioner
2025-12-23T15:05:41.6904320Z Hosted Compute Agent
2025-12-23T15:05:41.6904740Z Version: 20251211.462
2025-12-23T15:05:41.6905190Z Commit: 6cbad8c2bb55d58165063d031ccabf57e2d2db61
2025-12-23T15:05:41.6905690Z Build Date: 2025-12-11T16:28:49Z
2025-12-23T15:05:41.6906190Z Worker ID: {ab094d1a-1517-4989-91fa-d0ec2f02c273}
2025-12-23T15:05:41.6906700Z ##[endgroup]
2025-12-23T15:05:41.6907110Z ##[group]Operating System
2025-12-23T15:05:41.6907530Z macOS
2025-12-23T15:05:41.6907890Z 15.7.2
2025-12-23T15:05:41.6908230Z 24G325
2025-12-23T15:05:41.6908600Z ##[endgroup]
2025-12-23T15:05:41.6908970Z ##[group]Runner Image
2025-12-23T15:05:41.6909370Z Image: macos-15-arm64
2025-12-23T15:05:41.6909750Z Version: 20251215.0075.1
2025-12-23T15:05:41.6910510Z Included Software: https://github.com/actions/runner-images/blob/macos-15-arm64/20251215.0075/images/macos/macos-15-arm64-Readme.md
2025-12-23T15:05:41.6911650Z Image Release: https://github.com/actions/runner-images/releases/tag/macos-15-arm64%2F20251215.0075
2025-12-23T15:05:41.6950590Z ##[endgroup]
2025-12-23T15:05:41.6952440Z ##[group]GITHUB_TOKEN Permissions
2025-12-23T15:05:41.6954090Z Actions: write
2025-12-23T15:05:41.6954480Z ArtifactMetadata: write
2025-12-23T15:05:41.6954890Z Attestations: write
2025-12-23T15:05:41.6955830Z Checks: write
2025-12-23T15:05:41.6957120Z Contents: write
2025-12-23T15:05:41.6958020Z Deployments: write
2025-12-23T15:05:41.6958900Z Discussions: write
2025-12-23T15:05:41.6959750Z Issues: write
2025-12-23T15:05:41.6960600Z Metadata: read
2025-12-23T15:05:41.6961730Z Models: read
2025-12-23T15:05:41.6963650Z Packages: write
2025-12-23T15:05:41.6964060Z Pages: write
2025-12-23T15:05:41.6964440Z PullRequests: write
2025-12-23T15:05:41.6964960Z RepositoryProjects: write
2025-12-23T15:05:41.6965400Z SecurityEvents: write
2025-12-23T15:05:41.6965800Z Statuses: write
2025-12-23T15:05:41.6966200Z ##[endgroup]
2025-12-23T15:05:41.6968160Z Secret source: Actions
2025-12-23T15:05:41.6968670Z Prepare workflow directory
2025-12-23T15:05:41.7193960Z Prepare all required actions
2025-12-23T15:05:41.7236980Z Getting action download info
2025-12-23T15:05:42.0244840Z Download action repository 'actions/checkout@v6.0.1' (SHA:8e8c483db84b4bee98b60c0593521ed34d9990e8)
2025-12-23T15:05:42.5134470Z Download action repository 'actions/setup-python@v6.1.0' (SHA:83679a892e2d95755f2dac6acb0bfd1e9ac5d548)
2025-12-23T15:05:42.7894360Z Complete job name: build (3.11, macos-latest)
2025-12-23T15:05:42.8543100Z ##[group]Run actions/checkout@v6.0.1
2025-12-23T15:05:42.8543740Z with:
2025-12-23T15:05:42.8544110Z   ref: scratch_chat_dev
2025-12-23T15:05:42.8544500Z   repository: Boss-1s/scratchattach
2025-12-23T15:05:42.8545110Z   token: ***
2025-12-23T15:05:42.8545460Z   ssh-strict: true
2025-12-23T15:05:42.8545820Z   ssh-user: git
2025-12-23T15:05:42.8546200Z   persist-credentials: true
2025-12-23T15:05:42.8546600Z   clean: true
2025-12-23T15:05:42.8546960Z   sparse-checkout-cone-mode: true
2025-12-23T15:05:42.8547410Z   fetch-depth: 1
2025-12-23T15:05:42.8547760Z   fetch-tags: false
2025-12-23T15:05:42.8548130Z   show-progress: true
2025-12-23T15:05:42.8548500Z   lfs: false
2025-12-23T15:05:42.8548850Z   submodules: false
2025-12-23T15:05:42.8549230Z   set-safe-directory: true
2025-12-23T15:05:42.8549740Z ##[endgroup]
2025-12-23T15:05:43.5853710Z Syncing repository: Boss-1s/scratchattach
2025-12-23T15:05:43.5855660Z ##[group]Getting Git version info
2025-12-23T15:05:43.5856560Z Working directory is '/Users/runner/work/scratchattach/scratchattach'
2025-12-23T15:05:43.5900570Z [command]/opt/homebrew/bin/git version
2025-12-23T15:05:43.6819510Z git version 2.50.1
2025-12-23T15:05:43.7049020Z ##[endgroup]
2025-12-23T15:05:43.7056960Z Copying '/Users/runner/.gitconfig' to '/Users/runner/work/_temp/a329eca7-e982-4cda-8b38-fd425c267642/.gitconfig'
2025-12-23T15:05:43.7060580Z Temporarily overriding HOME='/Users/runner/work/_temp/a329eca7-e982-4cda-8b38-fd425c267642' before making global git config changes
2025-12-23T15:05:43.7065470Z Adding repository directory to the temporary git global config as a safe directory
2025-12-23T15:05:43.7068510Z [command]/opt/homebrew/bin/git config --global --add safe.directory /Users/runner/work/scratchattach/scratchattach
2025-12-23T15:05:43.7121170Z Deleting the contents of '/Users/runner/work/scratchattach/scratchattach'
2025-12-23T15:05:43.7150060Z ##[group]Initializing the repository
2025-12-23T15:05:43.7159500Z [command]/opt/homebrew/bin/git init /Users/runner/work/scratchattach/scratchattach
2025-12-23T15:05:43.7688740Z hint: Using 'master' as the name for the initial branch. This default branch name
2025-12-23T15:05:43.7794910Z hint: is subject to change. To configure the initial branch name to use in all
2025-12-23T15:05:43.7923450Z hint: of your new repositories, which will suppress this warning, call:
2025-12-23T15:05:43.8030130Z hint:
2025-12-23T15:05:43.8093700Z hint: 	git config --global init.defaultBranch <name>
2025-12-23T15:05:43.8097460Z hint:
2025-12-23T15:05:43.8146940Z hint: Names commonly chosen instead of 'master' are 'main', 'trunk' and
2025-12-23T15:05:43.8188280Z hint: 'development'. The just-created branch can be renamed via this command:
2025-12-23T15:05:43.8191380Z hint:
2025-12-23T15:05:43.8200890Z hint: 	git branch -m <name>
2025-12-23T15:05:43.8303530Z hint:
2025-12-23T15:05:43.8364530Z hint: Disable this message with "git config set advice.defaultBranchName false"
2025-12-23T15:05:43.8366760Z Initialized empty Git repository in /Users/runner/work/scratchattach/scratchattach/.git/
2025-12-23T15:05:43.8370840Z [command]/opt/homebrew/bin/git remote add origin https://github.com/Boss-1s/scratchattach
2025-12-23T15:05:43.8373620Z ##[endgroup]
2025-12-23T15:05:43.8392960Z ##[group]Disabling automatic garbage collection
2025-12-23T15:05:43.8394180Z [command]/opt/homebrew/bin/git config --local gc.auto 0
2025-12-23T15:05:43.8397230Z ##[endgroup]
2025-12-23T15:05:43.8398080Z ##[group]Setting up auth
2025-12-23T15:05:43.8425920Z Removing SSH command configuration
2025-12-23T15:05:43.8427310Z [command]/opt/homebrew/bin/git config --local --name-only --get-regexp core\.sshCommand
2025-12-23T15:05:43.8430590Z [command]/opt/homebrew/bin/git submodule foreach --recursive sh -c "git config --local --name-only --get-regexp 'core\.sshCommand' && git config --local --unset-all 'core.sshCommand' || :"
2025-12-23T15:05:44.0764210Z Removing HTTP extra header
2025-12-23T15:05:44.0868960Z [command]/opt/homebrew/bin/git config --local --name-only --get-regexp http\.https\:\/\/github\.com\/\.extraheader
2025-12-23T15:05:44.1141150Z [command]/opt/homebrew/bin/git submodule foreach --recursive sh -c "git config --local --name-only --get-regexp 'http\.https\:\/\/github\.com\/\.extraheader' && git config --local --unset-all 'http.https://github.com/.extraheader' || :"
2025-12-23T15:05:44.2865890Z Removing includeIf entries pointing to credentials config files
2025-12-23T15:05:44.2969280Z [command]/opt/homebrew/bin/git config --local --name-only --get-regexp ^includeIf\.gitdir:
2025-12-23T15:05:44.3281550Z [command]/opt/homebrew/bin/git submodule foreach --recursive git config --local --show-origin --name-only --get-regexp remote.origin.url
2025-12-23T15:05:44.5025970Z [command]/opt/homebrew/bin/git config --file /Users/runner/work/_temp/git-credentials-923c20b3-32d6-456e-89f6-3eeac676c861.config http.https://github.com/.extraheader AUTHORIZATION: basic ***
2025-12-23T15:05:44.5343090Z [command]/opt/homebrew/bin/git config --local includeIf.gitdir:/Users/runner/work/scratchattach/scratchattach/.git.path /Users/runner/work/_temp/git-credentials-923c20b3-32d6-456e-89f6-3eeac676c861.config
2025-12-23T15:05:44.5668520Z [command]/opt/homebrew/bin/git config --local includeIf.gitdir:/Users/runner/work/scratchattach/scratchattach/.git/worktrees/*.path /Users/runner/work/_temp/git-credentials-923c20b3-32d6-456e-89f6-3eeac676c861.config
2025-12-23T15:05:44.5977510Z [command]/opt/homebrew/bin/git config --local includeIf.gitdir:/github/workspace/.git.path /github/runner_temp/git-credentials-923c20b3-32d6-456e-89f6-3eeac676c861.config
2025-12-23T15:05:44.6291770Z [command]/opt/homebrew/bin/git config --local includeIf.gitdir:/github/workspace/.git/worktrees/*.path /github/runner_temp/git-credentials-923c20b3-32d6-456e-89f6-3eeac676c861.config
2025-12-23T15:05:44.6428830Z ##[endgroup]
2025-12-23T15:05:44.6432790Z ##[group]Fetching the repository
2025-12-23T15:05:44.6434130Z [command]/opt/homebrew/bin/git -c protocol.version=2 fetch --no-tags --prune --no-recurse-submodules --depth=1 origin +refs/heads/scratch_chat_dev*:refs/remotes/origin/scratch_chat_dev* +refs/tags/scratch_chat_dev*:refs/tags/scratch_chat_dev*
2025-12-23T15:05:46.9076460Z From https://github.com/Boss-1s/scratchattach
2025-12-23T15:05:46.9077430Z  * [new branch]      scratch_chat_dev -> origin/scratch_chat_dev
2025-12-23T15:05:46.9234490Z ##[endgroup]
2025-12-23T15:05:46.9309810Z ##[group]Determining the checkout info
2025-12-23T15:05:46.9353870Z [command]/opt/homebrew/bin/git branch --list --remote origin/scratch_chat_dev
2025-12-23T15:05:46.9419110Z   origin/scratch_chat_dev
2025-12-23T15:05:46.9441230Z ##[endgroup]
2025-12-23T15:05:46.9475720Z [command]/opt/homebrew/bin/git sparse-checkout disable
2025-12-23T15:05:46.9636430Z [command]/opt/homebrew/bin/git config --local --unset-all extensions.worktreeConfig
2025-12-23T15:05:46.9727700Z ##[group]Checking out the ref
2025-12-23T15:05:46.9728540Z [command]/opt/homebrew/bin/git checkout --progress --force -B scratch_chat_dev refs/remotes/origin/scratch_chat_dev
2025-12-23T15:05:48.0536540Z Updating files:  97% (2209/2269)
2025-12-23T15:05:48.0610000Z Updating files:  98% (2224/2269)
2025-12-23T15:05:48.0645560Z Updating files:  99% (2247/2269)
2025-12-23T15:05:48.0647770Z Updating files: 100% (2269/2269)
2025-12-23T15:05:48.0650290Z Updating files: 100% (2269/2269), done.
2025-12-23T15:05:48.0790910Z Switched to a new branch 'scratch_chat_dev'
2025-12-23T15:05:48.0807350Z branch 'scratch_chat_dev' set up to track 'origin/scratch_chat_dev'.
2025-12-23T15:05:48.0927570Z ##[endgroup]
2025-12-23T15:05:48.1166220Z [command]/opt/homebrew/bin/git log -1 --format=%H
2025-12-23T15:05:48.1328880Z 16a62e97f3ec191fa4c688d568866b72cdfc6ad4
2025-12-23T15:05:48.2158950Z ##[group]Run actions/setup-python@v6.1.0
2025-12-23T15:05:48.2159290Z with:
2025-12-23T15:05:48.2159540Z   python-version: 3.11
2025-12-23T15:05:48.2159740Z   check-latest: false
2025-12-23T15:05:48.2160220Z   token: ***
2025-12-23T15:05:48.2160400Z   update-environment: true
2025-12-23T15:05:48.2160610Z   allow-prereleases: false
2025-12-23T15:05:48.2160780Z   freethreaded: false
2025-12-23T15:05:48.2161150Z ##[endgroup]
2025-12-23T15:05:48.4607800Z ##[group]Installed versions
2025-12-23T15:05:48.4894080Z (node:3547) [DEP0040] DeprecationWarning: The `punycode` module is deprecated. Please use a userland alternative instead.
2025-12-23T15:05:48.4895570Z (Use `node --trace-deprecation ...` to show where the warning was created)
2025-12-23T15:05:48.4896580Z Successfully set up CPython (3.11.9)
2025-12-23T15:05:48.4897920Z ##[endgroup]
2025-12-23T15:05:48.5170650Z ##[group]Run cd test
2025-12-23T15:05:48.5171140Z [36;1mcd test[0m
2025-12-23T15:05:48.5171300Z [36;1mpython3 test5.py[0m
2025-12-23T15:05:48.5294630Z shell: /bin/bash -e {0}
2025-12-23T15:05:48.5294940Z env:
2025-12-23T15:05:48.5295260Z   pythonLocation: /Users/runner/hostedtoolcache/Python/3.11.9/arm64
2025-12-23T15:05:48.5295770Z   PKG_CONFIG_PATH: /Users/runner/hostedtoolcache/Python/3.11.9/arm64/lib/pkgconfig
2025-12-23T15:05:48.5296160Z   Python_ROOT_DIR: /Users/runner/hostedtoolcache/Python/3.11.9/arm64
2025-12-23T15:05:48.5296570Z   Python2_ROOT_DIR: /Users/runner/hostedtoolcache/Python/3.11.9/arm64
2025-12-23T15:05:48.5297010Z   Python3_ROOT_DIR: /Users/runner/hostedtoolcache/Python/3.11.9/arm64
2025-12-23T15:05:48.5297340Z ##[endgroup]
2025-12-23T15:05:48.7984640Z   File "/Users/runner/work/scratchattach/scratchattach/test/test5.py", line 1
2025-12-23T15:05:48.8013830Z     from ../key_multivalue_storage import Storage as s
2025-12-23T15:05:48.8015570Z            ^
2025-12-23T15:05:48.8019070Z SyntaxError: invalid syntax
2025-12-23T15:05:48.8052700Z ##[error]Process completed with exit code 1.
2025-12-23T15:05:48.8149770Z Post job cleanup.
2025-12-23T15:05:48.9402050Z [command]/opt/homebrew/bin/git version
2025-12-23T15:05:48.9473550Z git version 2.50.1
2025-12-23T15:05:48.9510150Z Copying '/Users/runner/.gitconfig' to '/Users/runner/work/_temp/6d660ac0-ac9f-41bf-b67b-f29c541494e6/.gitconfig'
2025-12-23T15:05:48.9512180Z Temporarily overriding HOME='/Users/runner/work/_temp/6d660ac0-ac9f-41bf-b67b-f29c541494e6' before making global git config changes
2025-12-23T15:05:48.9513760Z Adding repository directory to the temporary git global config as a safe directory
2025-12-23T15:05:48.9514340Z [command]/opt/homebrew/bin/git config --global --add safe.directory /Users/runner/work/scratchattach/scratchattach
2025-12-23T15:05:48.9593500Z Removing SSH command configuration
2025-12-23T15:05:48.9602460Z [command]/opt/homebrew/bin/git config --local --name-only --get-regexp core\.sshCommand
2025-12-23T15:05:48.9667130Z [command]/opt/homebrew/bin/git submodule foreach --recursive sh -c "git config --local --name-only --get-regexp 'core\.sshCommand' && git config --local --unset-all 'core.sshCommand' || :"
2025-12-23T15:05:49.2021220Z Removing HTTP extra header
2025-12-23T15:05:49.2127700Z [command]/opt/homebrew/bin/git config --local --name-only --get-regexp http\.https\:\/\/github\.com\/\.extraheader
2025-12-23T15:05:49.2360670Z [command]/opt/homebrew/bin/git submodule foreach --recursive sh -c "git config --local --name-only --get-regexp 'http\.https\:\/\/github\.com\/\.extraheader' && git config --local --unset-all 'http.https://github.com/.extraheader' || :"
2025-12-23T15:05:49.3218420Z Removing includeIf entries pointing to credentials config files
2025-12-23T15:05:49.3223870Z [command]/opt/homebrew/bin/git config --local --name-only --get-regexp ^includeIf\.gitdir:
2025-12-23T15:05:49.3284290Z includeif.gitdir:/Users/runner/work/scratchattach/scratchattach/.git.path
2025-12-23T15:05:49.3287120Z includeif.gitdir:/Users/runner/work/scratchattach/scratchattach/.git/worktrees/*.path
2025-12-23T15:05:49.3287750Z includeif.gitdir:/github/workspace/.git.path
2025-12-23T15:05:49.3288130Z includeif.gitdir:/github/workspace/.git/worktrees/*.path
2025-12-23T15:05:49.3291000Z [command]/opt/homebrew/bin/git config --local --get-all includeif.gitdir:/Users/runner/work/scratchattach/scratchattach/.git.path
2025-12-23T15:05:49.3349930Z /Users/runner/work/_temp/git-credentials-923c20b3-32d6-456e-89f6-3eeac676c861.config
2025-12-23T15:05:49.3358280Z [command]/opt/homebrew/bin/git config --local --unset includeif.gitdir:/Users/runner/work/scratchattach/scratchattach/.git.path /Users/runner/work/_temp/git-credentials-923c20b3-32d6-456e-89f6-3eeac676c861.config
2025-12-23T15:05:49.3429430Z [command]/opt/homebrew/bin/git config --local --get-all includeif.gitdir:/Users/runner/work/scratchattach/scratchattach/.git/worktrees/*.path
2025-12-23T15:05:49.3482600Z /Users/runner/work/_temp/git-credentials-923c20b3-32d6-456e-89f6-3eeac676c861.config
2025-12-23T15:05:49.3553220Z [command]/opt/homebrew/bin/git config --local --unset includeif.gitdir:/Users/runner/work/scratchattach/scratchattach/.git/worktrees/*.path /Users/runner/work/_temp/git-credentials-923c20b3-32d6-456e-89f6-3eeac676c861.config
2025-12-23T15:05:49.3599820Z [command]/opt/homebrew/bin/git config --local --get-all includeif.gitdir:/github/workspace/.git.path
2025-12-23T15:05:49.3713100Z /github/runner_temp/git-credentials-923c20b3-32d6-456e-89f6-3eeac676c861.config
2025-12-23T15:05:49.3784960Z [command]/opt/homebrew/bin/git config --local --unset includeif.gitdir:/github/workspace/.git.path /github/runner_temp/git-credentials-923c20b3-32d6-456e-89f6-3eeac676c861.config
2025-12-23T15:05:49.3853660Z [command]/opt/homebrew/bin/git config --local --get-all includeif.gitdir:/github/workspace/.git/worktrees/*.path
2025-12-23T15:05:49.3919160Z /github/runner_temp/git-credentials-923c20b3-32d6-456e-89f6-3eeac676c861.config
2025-12-23T15:05:49.3932480Z [command]/opt/homebrew/bin/git config --local --unset includeif.gitdir:/github/workspace/.git/worktrees/*.path /github/runner_temp/git-credentials-923c20b3-32d6-456e-89f6-3eeac676c861.config
2025-12-23T15:05:49.4054550Z [command]/opt/homebrew/bin/git submodule foreach --recursive git config --local --show-origin --name-only --get-regexp remote.origin.url
2025-12-23T15:05:49.5000100Z Removing credentials config '/Users/runner/work/_temp/git-credentials-923c20b3-32d6-456e-89f6-3eeac676c861.config'
2025-12-23T15:05:49.5163960Z Cleaning up orphan processes
