2025-12-28T13:20:11.0995279Z Current runner version: '2.330.0'
2025-12-28T13:20:11.1018327Z ##[group]Runner Image Provisioner
2025-12-28T13:20:11.1019168Z Hosted Compute Agent
2025-12-28T13:20:11.1019654Z Version: 20251211.462
2025-12-28T13:20:11.1020564Z Commit: 6cbad8c2bb55d58165063d031ccabf57e2d2db61
2025-12-28T13:20:11.1021258Z Build Date: 2025-12-11T16:28:49Z
2025-12-28T13:20:11.1021835Z Worker ID: {f888afbe-6753-4699-a75f-97e87fc66ab0}
2025-12-28T13:20:11.1022468Z ##[endgroup]
2025-12-28T13:20:11.1022935Z ##[group]Operating System
2025-12-28T13:20:11.1023445Z Ubuntu
2025-12-28T13:20:11.1023857Z 24.04.3
2025-12-28T13:20:11.1024300Z LTS
2025-12-28T13:20:11.1024733Z ##[endgroup]
2025-12-28T13:20:11.1025163Z ##[group]Runner Image
2025-12-28T13:20:11.1025660Z Image: ubuntu-24.04
2025-12-28T13:20:11.1026126Z Version: 20251215.174.1
2025-12-28T13:20:11.1027001Z Included Software: https://github.com/actions/runner-images/blob/ubuntu24/20251215.174/images/ubuntu/Ubuntu2404-Readme.md
2025-12-28T13:20:11.1028458Z Image Release: https://github.com/actions/runner-images/releases/tag/ubuntu24%2F20251215.174
2025-12-28T13:20:11.1029385Z ##[endgroup]
2025-12-28T13:20:11.1031981Z ##[group]GITHUB_TOKEN Permissions
2025-12-28T13:20:11.1034235Z Actions: write
2025-12-28T13:20:11.1034753Z ArtifactMetadata: write
2025-12-28T13:20:11.1035254Z Attestations: write
2025-12-28T13:20:11.1035688Z Checks: write
2025-12-28T13:20:11.1036144Z Contents: write
2025-12-28T13:20:11.1036618Z Deployments: write
2025-12-28T13:20:11.1037070Z Discussions: write
2025-12-28T13:20:11.1037531Z Issues: write
2025-12-28T13:20:11.1037984Z Metadata: read
2025-12-28T13:20:11.1038391Z Models: read
2025-12-28T13:20:11.1038838Z Packages: write
2025-12-28T13:20:11.1039266Z Pages: write
2025-12-28T13:20:11.1039847Z PullRequests: write
2025-12-28T13:20:11.1040429Z RepositoryProjects: write
2025-12-28T13:20:11.1040954Z SecurityEvents: write
2025-12-28T13:20:11.1041388Z Statuses: write
2025-12-28T13:20:11.1041847Z ##[endgroup]
2025-12-28T13:20:11.1043903Z Secret source: Actions
2025-12-28T13:20:11.1044856Z Prepare workflow directory
2025-12-28T13:20:11.1430225Z Prepare all required actions
2025-12-28T13:20:11.1486884Z Getting action download info
2025-12-28T13:20:11.4458487Z Download action repository 'actions/checkout@v6.0.1' (SHA:8e8c483db84b4bee98b60c0593521ed34d9990e8)
2025-12-28T13:20:11.5194142Z Download action repository 'actions/setup-python@v6.1.0' (SHA:83679a892e2d95755f2dac6acb0bfd1e9ac5d548)
2025-12-28T13:20:11.7059667Z Complete job name: Run 1
2025-12-28T13:20:11.7667397Z ##[group]Run actions/checkout@v6.0.1
2025-12-28T13:20:11.7668251Z with:
2025-12-28T13:20:11.7668725Z   ref: main
2025-12-28T13:20:11.7669138Z   repository: Boss-1s/scratchattach
2025-12-28T13:20:11.7670006Z   token: ***
2025-12-28T13:20:11.7670507Z   ssh-strict: true
2025-12-28T13:20:11.7670915Z   ssh-user: git
2025-12-28T13:20:11.7671360Z   persist-credentials: true
2025-12-28T13:20:11.7671826Z   clean: true
2025-12-28T13:20:11.7672288Z   sparse-checkout-cone-mode: true
2025-12-28T13:20:11.7672809Z   fetch-depth: 1
2025-12-28T13:20:11.7673271Z   fetch-tags: false
2025-12-28T13:20:11.7673725Z   show-progress: true
2025-12-28T13:20:11.7674171Z   lfs: false
2025-12-28T13:20:11.7674566Z   submodules: false
2025-12-28T13:20:11.7675033Z   set-safe-directory: true
2025-12-28T13:20:11.7675746Z ##[endgroup]
2025-12-28T13:20:11.8642059Z Syncing repository: Boss-1s/scratchattach
2025-12-28T13:20:11.8643981Z ##[group]Getting Git version info
2025-12-28T13:20:11.8644929Z Working directory is '/home/runner/work/scratchattach/scratchattach'
2025-12-28T13:20:11.8645984Z [command]/usr/bin/git version
2025-12-28T13:20:11.8687307Z git version 2.52.0
2025-12-28T13:20:11.8705612Z ##[endgroup]
2025-12-28T13:20:11.8718551Z Temporarily overriding HOME='/home/runner/work/_temp/7d64b50c-3ad9-4a66-be01-17f678d7ed1b' before making global git config changes
2025-12-28T13:20:11.8720155Z Adding repository directory to the temporary git global config as a safe directory
2025-12-28T13:20:11.8722634Z [command]/usr/bin/git config --global --add safe.directory /home/runner/work/scratchattach/scratchattach
2025-12-28T13:20:11.8762981Z Deleting the contents of '/home/runner/work/scratchattach/scratchattach'
2025-12-28T13:20:11.8765802Z ##[group]Initializing the repository
2025-12-28T13:20:11.8770351Z [command]/usr/bin/git init /home/runner/work/scratchattach/scratchattach
2025-12-28T13:20:11.8859893Z hint: Using 'master' as the name for the initial branch. This default branch name
2025-12-28T13:20:11.8966134Z hint: will change to "main" in Git 3.0. To configure the initial branch name
2025-12-28T13:20:11.8967764Z hint: to use in all of your new repositories, which will suppress this warning,
2025-12-28T13:20:11.8968758Z hint: call:
2025-12-28T13:20:11.8969277Z hint:
2025-12-28T13:20:11.8970091Z hint: 	git config --global init.defaultBranch <name>
2025-12-28T13:20:11.8970915Z hint:
2025-12-28T13:20:11.8971761Z hint: Names commonly chosen instead of 'master' are 'main', 'trunk' and
2025-12-28T13:20:11.8973200Z hint: 'development'. The just-created branch can be renamed via this command:
2025-12-28T13:20:11.8974391Z hint:
2025-12-28T13:20:11.8974998Z hint: 	git branch -m <name>
2025-12-28T13:20:11.8975599Z hint:
2025-12-28T13:20:11.8976324Z hint: Disable this message with "git config set advice.defaultBranchName false"
2025-12-28T13:20:11.8977768Z Initialized empty Git repository in /home/runner/work/scratchattach/scratchattach/.git/
2025-12-28T13:20:11.8980401Z [command]/usr/bin/git remote add origin https://github.com/Boss-1s/scratchattach
2025-12-28T13:20:11.8982766Z ##[endgroup]
2025-12-28T13:20:11.8983852Z ##[group]Disabling automatic garbage collection
2025-12-28T13:20:11.8984833Z [command]/usr/bin/git config --local gc.auto 0
2025-12-28T13:20:11.8986752Z ##[endgroup]
2025-12-28T13:20:11.8987733Z ##[group]Setting up auth
2025-12-28T13:20:11.8988500Z Removing SSH command configuration
2025-12-28T13:20:11.8989615Z [command]/usr/bin/git config --local --name-only --get-regexp core\.sshCommand
2025-12-28T13:20:11.9003930Z [command]/usr/bin/git submodule foreach --recursive sh -c "git config --local --name-only --get-regexp 'core\.sshCommand' && git config --local --unset-all 'core.sshCommand' || :"
2025-12-28T13:20:11.9296460Z Removing HTTP extra header
2025-12-28T13:20:11.9303736Z [command]/usr/bin/git config --local --name-only --get-regexp http\.https\:\/\/github\.com\/\.extraheader
2025-12-28T13:20:11.9328068Z [command]/usr/bin/git submodule foreach --recursive sh -c "git config --local --name-only --get-regexp 'http\.https\:\/\/github\.com\/\.extraheader' && git config --local --unset-all 'http.https://github.com/.extraheader' || :"
2025-12-28T13:20:11.9500972Z Removing includeIf entries pointing to credentials config files
2025-12-28T13:20:11.9501851Z [command]/usr/bin/git config --local --name-only --get-regexp ^includeIf\.gitdir:
2025-12-28T13:20:11.9525556Z [command]/usr/bin/git submodule foreach --recursive git config --local --show-origin --name-only --get-regexp remote.origin.url
2025-12-28T13:20:11.9701828Z [command]/usr/bin/git config --file /home/runner/work/_temp/git-credentials-491a9fca-691d-45c2-ba05-49866a4705e0.config http.https://github.com/.extraheader AUTHORIZATION: basic ***
2025-12-28T13:20:11.9739676Z [command]/usr/bin/git config --local includeIf.gitdir:/home/runner/work/scratchattach/scratchattach/.git.path /home/runner/work/_temp/git-credentials-491a9fca-691d-45c2-ba05-49866a4705e0.config
2025-12-28T13:20:11.9766048Z [command]/usr/bin/git config --local includeIf.gitdir:/home/runner/work/scratchattach/scratchattach/.git/worktrees/*.path /home/runner/work/_temp/git-credentials-491a9fca-691d-45c2-ba05-49866a4705e0.config
2025-12-28T13:20:11.9790052Z [command]/usr/bin/git config --local includeIf.gitdir:/github/workspace/.git.path /github/runner_temp/git-credentials-491a9fca-691d-45c2-ba05-49866a4705e0.config
2025-12-28T13:20:11.9814145Z [command]/usr/bin/git config --local includeIf.gitdir:/github/workspace/.git/worktrees/*.path /github/runner_temp/git-credentials-491a9fca-691d-45c2-ba05-49866a4705e0.config
2025-12-28T13:20:11.9834409Z ##[endgroup]
2025-12-28T13:20:11.9835427Z ##[group]Fetching the repository
2025-12-28T13:20:11.9842609Z [command]/usr/bin/git -c protocol.version=2 fetch --no-tags --prune --no-recurse-submodules --depth=1 origin +refs/heads/main*:refs/remotes/origin/main* +refs/tags/main*:refs/tags/main*
2025-12-28T13:20:14.9953902Z From https://github.com/Boss-1s/scratchattach
2025-12-28T13:20:14.9955546Z  * [new branch]      main       -> origin/main
2025-12-28T13:20:14.9978993Z ##[endgroup]
2025-12-28T13:20:14.9980534Z ##[group]Determining the checkout info
2025-12-28T13:20:14.9984389Z [command]/usr/bin/git branch --list --remote origin/main
2025-12-28T13:20:15.0012462Z   origin/main
2025-12-28T13:20:15.0017153Z ##[endgroup]
2025-12-28T13:20:15.0021413Z [command]/usr/bin/git sparse-checkout disable
2025-12-28T13:20:15.0053940Z [command]/usr/bin/git config --local --unset-all extensions.worktreeConfig
2025-12-28T13:20:15.0075731Z ##[group]Checking out the ref
2025-12-28T13:20:15.0079316Z [command]/usr/bin/git checkout --progress --force -B main refs/remotes/origin/main
2025-12-28T13:20:15.6812149Z Switched to a new branch 'main'
2025-12-28T13:20:15.6813724Z branch 'main' set up to track 'origin/main'.
2025-12-28T13:20:15.6845624Z ##[endgroup]
2025-12-28T13:20:15.6879340Z [command]/usr/bin/git log -1 --format=%H
2025-12-28T13:20:15.6900358Z 7a0b3a93ee43370053e05aacfd8e2b03dd79df5f
2025-12-28T13:20:15.7112539Z ##[group]Run actions/setup-python@v6.1.0
2025-12-28T13:20:15.7112872Z with:
2025-12-28T13:20:15.7113096Z   python-version: 3.13
2025-12-28T13:20:15.7113336Z   check-latest: false
2025-12-28T13:20:15.7113736Z   token: ***
2025-12-28T13:20:15.7113968Z   update-environment: true
2025-12-28T13:20:15.7114235Z   allow-prereleases: false
2025-12-28T13:20:15.7114485Z   freethreaded: false
2025-12-28T13:20:15.7114713Z ##[endgroup]
2025-12-28T13:20:15.8383881Z ##[group]Installed versions
2025-12-28T13:20:15.8814132Z (node:2133) [DEP0040] DeprecationWarning: The `punycode` module is deprecated. Please use a userland alternative instead.
2025-12-28T13:20:15.8815634Z (Use `node --trace-deprecation ...` to show where the warning was created)
2025-12-28T13:20:15.8816428Z Successfully set up CPython (3.13.11)
2025-12-28T13:20:15.8817316Z ##[endgroup]
2025-12-28T13:20:15.8925985Z ##[group]Run pip install -r requirements.txt
2025-12-28T13:20:15.8926481Z [36;1mpip install -r requirements.txt[0m
2025-12-28T13:20:15.8957437Z shell: /usr/bin/bash -e {0}
2025-12-28T13:20:15.8957742Z env:
2025-12-28T13:20:15.8958035Z   pythonLocation: /opt/hostedtoolcache/Python/3.13.11/x64
2025-12-28T13:20:15.8958480Z   PKG_CONFIG_PATH: /opt/hostedtoolcache/Python/3.13.11/x64/lib/pkgconfig
2025-12-28T13:20:15.8958892Z   Python_ROOT_DIR: /opt/hostedtoolcache/Python/3.13.11/x64
2025-12-28T13:20:15.8959261Z   Python2_ROOT_DIR: /opt/hostedtoolcache/Python/3.13.11/x64
2025-12-28T13:20:15.8959618Z   Python3_ROOT_DIR: /opt/hostedtoolcache/Python/3.13.11/x64
2025-12-28T13:20:15.8960295Z   LD_LIBRARY_PATH: /opt/hostedtoolcache/Python/3.13.11/x64/lib
2025-12-28T13:20:15.8960625Z ##[endgroup]
2025-12-28T13:20:18.1016382Z Collecting scratchattach>=2.1.15b0 (from -r requirements.txt (line 1))
2025-12-28T13:20:18.1590658Z   Downloading scratchattach-2.1.15b0-py3-none-any.whl.metadata (5.7 kB)
2025-12-28T13:20:18.1795512Z Collecting websocket-client (from scratchattach>=2.1.15b0->-r requirements.txt (line 1))
2025-12-28T13:20:18.1824814Z   Downloading websocket_client-1.9.0-py3-none-any.whl.metadata (8.3 kB)
2025-12-28T13:20:18.2097298Z Collecting requests (from scratchattach>=2.1.15b0->-r requirements.txt (line 1))
2025-12-28T13:20:18.2127361Z   Downloading requests-2.32.5-py3-none-any.whl.metadata (4.9 kB)
2025-12-28T13:20:18.2231990Z Collecting bs4 (from scratchattach>=2.1.15b0->-r requirements.txt (line 1))
2025-12-28T13:20:18.2260211Z   Downloading bs4-0.0.2-py2.py3-none-any.whl.metadata (411 bytes)
2025-12-28T13:20:18.2351000Z Collecting SimpleWebSocketServer (from scratchattach>=2.1.15b0->-r requirements.txt (line 1))
2025-12-28T13:20:18.2391527Z   Downloading SimpleWebSocketServer-0.1.2.tar.gz (10 kB)
2025-12-28T13:20:18.2460616Z   Installing build dependencies: started
2025-12-28T13:20:19.4647765Z   Installing build dependencies: finished with status 'done'
2025-12-28T13:20:19.4653672Z   Getting requirements to build wheel: started
2025-12-28T13:20:19.8801151Z   Getting requirements to build wheel: finished with status 'done'
2025-12-28T13:20:19.8808866Z   Preparing metadata (pyproject.toml): started
2025-12-28T13:20:20.0658738Z   Preparing metadata (pyproject.toml): finished with status 'done'
2025-12-28T13:20:20.0807372Z Collecting typing-extensions (from scratchattach>=2.1.15b0->-r requirements.txt (line 1))
2025-12-28T13:20:20.0841952Z   Downloading typing_extensions-4.15.0-py3-none-any.whl.metadata (3.3 kB)
2025-12-28T13:20:20.0984601Z Collecting browser_cookie3 (from scratchattach>=2.1.15b0->-r requirements.txt (line 1))
2025-12-28T13:20:20.1018709Z   Downloading browser_cookie3-0.20.1-py3-none-any.whl.metadata (713 bytes)
2025-12-28T13:20:20.1583395Z Collecting lz4 (from browser_cookie3->scratchattach>=2.1.15b0->-r requirements.txt (line 1))
2025-12-28T13:20:20.1630409Z   Downloading lz4-4.4.5-cp313-cp313-manylinux2014_x86_64.manylinux_2_17_x86_64.manylinux_2_28_x86_64.whl.metadata (3.8 kB)
2025-12-28T13:20:20.2291432Z Collecting pycryptodomex (from browser_cookie3->scratchattach>=2.1.15b0->-r requirements.txt (line 1))
2025-12-28T13:20:20.2326677Z   Downloading pycryptodomex-3.23.0-cp37-abi3-manylinux_2_17_x86_64.manylinux2014_x86_64.whl.metadata (3.4 kB)
2025-12-28T13:20:20.2448593Z Collecting jeepney (from browser_cookie3->scratchattach>=2.1.15b0->-r requirements.txt (line 1))
2025-12-28T13:20:20.2476974Z   Downloading jeepney-0.9.0-py3-none-any.whl.metadata (1.2 kB)
2025-12-28T13:20:20.2641043Z Collecting beautifulsoup4 (from bs4->scratchattach>=2.1.15b0->-r requirements.txt (line 1))
2025-12-28T13:20:20.2668743Z   Downloading beautifulsoup4-4.14.3-py3-none-any.whl.metadata (3.8 kB)
2025-12-28T13:20:20.2840645Z Collecting soupsieve>=1.6.1 (from beautifulsoup4->bs4->scratchattach>=2.1.15b0->-r requirements.txt (line 1))
2025-12-28T13:20:20.2868580Z   Downloading soupsieve-2.8.1-py3-none-any.whl.metadata (4.6 kB)
2025-12-28T13:20:20.3656054Z Collecting charset_normalizer<4,>=2 (from requests->scratchattach>=2.1.15b0->-r requirements.txt (line 1))
2025-12-28T13:20:20.3685669Z   Downloading charset_normalizer-3.4.4-cp313-cp313-manylinux2014_x86_64.manylinux_2_17_x86_64.manylinux_2_28_x86_64.whl.metadata (37 kB)
2025-12-28T13:20:20.3854600Z Collecting idna<4,>=2.5 (from requests->scratchattach>=2.1.15b0->-r requirements.txt (line 1))
2025-12-28T13:20:20.3884344Z   Downloading idna-3.11-py3-none-any.whl.metadata (8.4 kB)
2025-12-28T13:20:20.4142052Z Collecting urllib3<3,>=1.21.1 (from requests->scratchattach>=2.1.15b0->-r requirements.txt (line 1))
2025-12-28T13:20:20.4177067Z   Downloading urllib3-2.6.2-py3-none-any.whl.metadata (6.6 kB)
2025-12-28T13:20:20.4373476Z Collecting certifi>=2017.4.17 (from requests->scratchattach>=2.1.15b0->-r requirements.txt (line 1))
2025-12-28T13:20:20.4401034Z   Downloading certifi-2025.11.12-py3-none-any.whl.metadata (2.5 kB)
2025-12-28T13:20:20.4504783Z Downloading scratchattach-2.1.15b0-py3-none-any.whl (145 kB)
2025-12-28T13:20:20.4577360Z Downloading browser_cookie3-0.20.1-py3-none-any.whl (17 kB)
2025-12-28T13:20:20.4621205Z Downloading bs4-0.0.2-py2.py3-none-any.whl (1.2 kB)
2025-12-28T13:20:20.4666203Z Downloading beautifulsoup4-4.14.3-py3-none-any.whl (107 kB)
2025-12-28T13:20:20.4710828Z Downloading soupsieve-2.8.1-py3-none-any.whl (36 kB)
2025-12-28T13:20:20.4755769Z Downloading typing_extensions-4.15.0-py3-none-any.whl (44 kB)
2025-12-28T13:20:20.4800278Z Downloading jeepney-0.9.0-py3-none-any.whl (49 kB)
2025-12-28T13:20:20.4873956Z Downloading lz4-4.4.5-cp313-cp313-manylinux2014_x86_64.manylinux_2_17_x86_64.manylinux_2_28_x86_64.whl (1.4 MB)
2025-12-28T13:20:20.4961207Z    ━━━━━━━━━━━━━━━━━━━━━━━━━━━━━━━━━━━━━━━━ 1.4/1.4 MB 180.1 MB/s  0:00:00
2025-12-28T13:20:20.4996864Z Downloading pycryptodomex-3.23.0-cp37-abi3-manylinux_2_17_x86_64.manylinux2014_x86_64.whl (2.3 MB)
2025-12-28T13:20:20.5123929Z    ━━━━━━━━━━━━━━━━━━━━━━━━━━━━━━━━━━━━━━━━ 2.3/2.3 MB 200.2 MB/s  0:00:00
2025-12-28T13:20:20.5158721Z Downloading requests-2.32.5-py3-none-any.whl (64 kB)
2025-12-28T13:20:20.5206667Z Downloading charset_normalizer-3.4.4-cp313-cp313-manylinux2014_x86_64.manylinux_2_17_x86_64.manylinux_2_28_x86_64.whl (153 kB)
2025-12-28T13:20:20.5253718Z Downloading idna-3.11-py3-none-any.whl (71 kB)
2025-12-28T13:20:20.5301333Z Downloading urllib3-2.6.2-py3-none-any.whl (131 kB)
2025-12-28T13:20:20.5348895Z Downloading certifi-2025.11.12-py3-none-any.whl (159 kB)
2025-12-28T13:20:20.5396377Z Downloading websocket_client-1.9.0-py3-none-any.whl (82 kB)
2025-12-28T13:20:20.5597355Z Building wheels for collected packages: SimpleWebSocketServer
2025-12-28T13:20:20.5603579Z   Building wheel for SimpleWebSocketServer (pyproject.toml): started
2025-12-28T13:20:20.7602210Z   Building wheel for SimpleWebSocketServer (pyproject.toml): finished with status 'done'
2025-12-28T13:20:20.7607754Z   Created wheel for SimpleWebSocketServer: filename=simplewebsocketserver-0.1.2-py3-none-any.whl size=9715 sha256=3c554f9a850ecd6e5aa6736828d2dfa531580bb40f18bef1311696d3c6f7f94c
2025-12-28T13:20:20.7609060Z   Stored in directory: /home/runner/.cache/pip/wheels/c4/5b/e8/4f2c15a82edc4923058056f6681373168be02a0c00389a6dcf
2025-12-28T13:20:20.7626855Z Successfully built SimpleWebSocketServer
2025-12-28T13:20:20.7841052Z Installing collected packages: SimpleWebSocketServer, websocket-client, urllib3, typing-extensions, soupsieve, pycryptodomex, lz4, jeepney, idna, charset_normalizer, certifi, requests, browser_cookie3, beautifulsoup4, bs4, scratchattach
2025-12-28T13:20:21.7390800Z 
2025-12-28T13:20:21.7413994Z Successfully installed SimpleWebSocketServer-0.1.2 beautifulsoup4-4.14.3 browser_cookie3-0.20.1 bs4-0.0.2 certifi-2025.11.12 charset_normalizer-3.4.4 idna-3.11 jeepney-0.9.0 lz4-4.4.5 pycryptodomex-3.23.0 requests-2.32.5 scratchattach-2.1.15b0 soupsieve-2.8.1 typing-extensions-4.15.0 urllib3-2.6.2 websocket-client-1.9.0
2025-12-28T13:20:21.9297653Z ##[group]Run actions/checkout@v6.0.1
2025-12-28T13:20:21.9297908Z with:
2025-12-28T13:20:21.9298072Z   ref: main
2025-12-28T13:20:21.9298258Z   repository: Boss-1s/scratchattach
2025-12-28T13:20:21.9298635Z   token: ***
2025-12-28T13:20:21.9298802Z   ssh-strict: true
2025-12-28T13:20:21.9298976Z   ssh-user: git
2025-12-28T13:20:21.9299161Z   persist-credentials: true
2025-12-28T13:20:21.9299357Z   clean: true
2025-12-28T13:20:21.9299545Z   sparse-checkout-cone-mode: true
2025-12-28T13:20:21.9299969Z   fetch-depth: 1
2025-12-28T13:20:21.9300170Z   fetch-tags: false
2025-12-28T13:20:21.9300354Z   show-progress: true
2025-12-28T13:20:21.9300529Z   lfs: false
2025-12-28T13:20:21.9300696Z   submodules: false
2025-12-28T13:20:21.9300884Z   set-safe-directory: true
2025-12-28T13:20:21.9301084Z env:
2025-12-28T13:20:21.9301311Z   pythonLocation: /opt/hostedtoolcache/Python/3.13.11/x64
2025-12-28T13:20:21.9301686Z   PKG_CONFIG_PATH: /opt/hostedtoolcache/Python/3.13.11/x64/lib/pkgconfig
2025-12-28T13:20:21.9302118Z   Python_ROOT_DIR: /opt/hostedtoolcache/Python/3.13.11/x64
2025-12-28T13:20:21.9302440Z   Python2_ROOT_DIR: /opt/hostedtoolcache/Python/3.13.11/x64
2025-12-28T13:20:21.9302768Z   Python3_ROOT_DIR: /opt/hostedtoolcache/Python/3.13.11/x64
2025-12-28T13:20:21.9303095Z   LD_LIBRARY_PATH: /opt/hostedtoolcache/Python/3.13.11/x64/lib
2025-12-28T13:20:21.9303379Z ##[endgroup]
2025-12-28T13:20:22.0039093Z Syncing repository: Boss-1s/scratchattach
2025-12-28T13:20:22.0039597Z ##[group]Getting Git version info
2025-12-28T13:20:22.0040173Z Working directory is '/home/runner/work/scratchattach/scratchattach'
2025-12-28T13:20:22.0066298Z [command]/usr/bin/git version
2025-12-28T13:20:22.0096679Z git version 2.52.0
2025-12-28T13:20:22.0113662Z ##[endgroup]
2025-12-28T13:20:22.0127139Z Temporarily overriding HOME='/home/runner/work/_temp/7c37b454-83f4-4133-995d-004a3b4a8baa' before making global git config changes
2025-12-28T13:20:22.0128716Z Adding repository directory to the temporary git global config as a safe directory
2025-12-28T13:20:22.0133169Z [command]/usr/bin/git config --global --add safe.directory /home/runner/work/scratchattach/scratchattach
2025-12-28T13:20:22.0167140Z [command]/usr/bin/git config --local --get remote.origin.url
2025-12-28T13:20:22.0185831Z https://github.com/Boss-1s/scratchattach
2025-12-28T13:20:22.0196544Z ##[group]Removing previously created refs, to avoid conflicts
2025-12-28T13:20:22.0200854Z [command]/usr/bin/git rev-parse --symbolic-full-name --verify --quiet HEAD
2025-12-28T13:20:22.0217752Z refs/heads/main
2025-12-28T13:20:22.0224751Z [command]/usr/bin/git checkout --detach
2025-12-28T13:20:22.6952668Z HEAD is now at 7a0b3a9 [BOT] Download Logs
2025-12-28T13:20:22.6992475Z [command]/usr/bin/git branch --delete --force main
2025-12-28T13:20:22.7014463Z Deleted branch main (was 7a0b3a9).
2025-12-28T13:20:22.7043453Z ##[endgroup]
2025-12-28T13:20:22.7046751Z [command]/usr/bin/git submodule status
2025-12-28T13:20:22.7321705Z ##[group]Cleaning the repository
2025-12-28T13:20:22.7325105Z [command]/usr/bin/git clean -ffdx
2025-12-28T13:20:22.7370206Z [command]/usr/bin/git reset --hard HEAD
2025-12-28T13:20:22.7447490Z HEAD is now at 7a0b3a9 [BOT] Download Logs
2025-12-28T13:20:22.7451584Z ##[endgroup]
2025-12-28T13:20:22.7454473Z ##[group]Disabling automatic garbage collection
2025-12-28T13:20:22.7459049Z [command]/usr/bin/git config --local gc.auto 0
2025-12-28T13:20:22.7483488Z ##[endgroup]
2025-12-28T13:20:22.7484014Z ##[group]Setting up auth
2025-12-28T13:20:22.7485543Z Removing SSH command configuration
2025-12-28T13:20:22.7491632Z [command]/usr/bin/git config --local --name-only --get-regexp core\.sshCommand
2025-12-28T13:20:22.7517374Z [command]/usr/bin/git submodule foreach --recursive sh -c "git config --local --name-only --get-regexp 'core\.sshCommand' && git config --local --unset-all 'core.sshCommand' || :"
2025-12-28T13:20:22.7692241Z Removing HTTP extra header
2025-12-28T13:20:22.7701302Z [command]/usr/bin/git config --local --name-only --get-regexp http\.https\:\/\/github\.com\/\.extraheader
2025-12-28T13:20:22.7724716Z [command]/usr/bin/git submodule foreach --recursive sh -c "git config --local --name-only --get-regexp 'http\.https\:\/\/github\.com\/\.extraheader' && git config --local --unset-all 'http.https://github.com/.extraheader' || :"
2025-12-28T13:20:22.7899024Z Removing includeIf entries pointing to credentials config files
2025-12-28T13:20:22.7904936Z [command]/usr/bin/git config --local --name-only --get-regexp ^includeIf\.gitdir:
2025-12-28T13:20:22.7929107Z includeif.gitdir:/home/runner/work/scratchattach/scratchattach/.git.path
2025-12-28T13:20:22.7930175Z includeif.gitdir:/home/runner/work/scratchattach/scratchattach/.git/worktrees/*.path
2025-12-28T13:20:22.7930643Z includeif.gitdir:/github/workspace/.git.path
2025-12-28T13:20:22.7930959Z includeif.gitdir:/github/workspace/.git/worktrees/*.path
2025-12-28T13:20:22.7937352Z [command]/usr/bin/git config --local --get-all includeif.gitdir:/home/runner/work/scratchattach/scratchattach/.git.path
2025-12-28T13:20:22.7954886Z /home/runner/work/_temp/git-credentials-491a9fca-691d-45c2-ba05-49866a4705e0.config
2025-12-28T13:20:22.7994716Z [command]/usr/bin/git config --local --unset includeif.gitdir:/home/runner/work/scratchattach/scratchattach/.git.path /home/runner/work/_temp/git-credentials-491a9fca-691d-45c2-ba05-49866a4705e0.config
2025-12-28T13:20:22.8025241Z [command]/usr/bin/git config --local --get-all includeif.gitdir:/home/runner/work/scratchattach/scratchattach/.git/worktrees/*.path
2025-12-28T13:20:22.8042321Z /home/runner/work/_temp/git-credentials-491a9fca-691d-45c2-ba05-49866a4705e0.config
2025-12-28T13:20:22.8048715Z [command]/usr/bin/git config --local --unset includeif.gitdir:/home/runner/work/scratchattach/scratchattach/.git/worktrees/*.path /home/runner/work/_temp/git-credentials-491a9fca-691d-45c2-ba05-49866a4705e0.config
2025-12-28T13:20:22.8072591Z [command]/usr/bin/git config --local --get-all includeif.gitdir:/github/workspace/.git.path
2025-12-28T13:20:22.8088225Z /github/runner_temp/git-credentials-491a9fca-691d-45c2-ba05-49866a4705e0.config
2025-12-28T13:20:22.8093613Z [command]/usr/bin/git config --local --unset includeif.gitdir:/github/workspace/.git.path /github/runner_temp/git-credentials-491a9fca-691d-45c2-ba05-49866a4705e0.config
2025-12-28T13:20:22.8118178Z [command]/usr/bin/git config --local --get-all includeif.gitdir:/github/workspace/.git/worktrees/*.path
2025-12-28T13:20:22.8135180Z /github/runner_temp/git-credentials-491a9fca-691d-45c2-ba05-49866a4705e0.config
2025-12-28T13:20:22.8143955Z [command]/usr/bin/git config --local --unset includeif.gitdir:/github/workspace/.git/worktrees/*.path /github/runner_temp/git-credentials-491a9fca-691d-45c2-ba05-49866a4705e0.config
2025-12-28T13:20:22.8170677Z [command]/usr/bin/git submodule foreach --recursive git config --local --show-origin --name-only --get-regexp remote.origin.url
2025-12-28T13:20:22.8344421Z Removing credentials config '/home/runner/work/_temp/git-credentials-491a9fca-691d-45c2-ba05-49866a4705e0.config'
2025-12-28T13:20:22.8356955Z [command]/usr/bin/git config --file /home/runner/work/_temp/git-credentials-b2911a18-36d5-4fd9-861c-7188dc6c3814.config http.https://github.com/.extraheader AUTHORIZATION: basic ***
2025-12-28T13:20:22.8386901Z [command]/usr/bin/git config --local includeIf.gitdir:/home/runner/work/scratchattach/scratchattach/.git.path /home/runner/work/_temp/git-credentials-b2911a18-36d5-4fd9-861c-7188dc6c3814.config
2025-12-28T13:20:22.8411844Z [command]/usr/bin/git config --local includeIf.gitdir:/home/runner/work/scratchattach/scratchattach/.git/worktrees/*.path /home/runner/work/_temp/git-credentials-b2911a18-36d5-4fd9-861c-7188dc6c3814.config
2025-12-28T13:20:22.8434608Z [command]/usr/bin/git config --local includeIf.gitdir:/github/workspace/.git.path /github/runner_temp/git-credentials-b2911a18-36d5-4fd9-861c-7188dc6c3814.config
2025-12-28T13:20:22.8459598Z [command]/usr/bin/git config --local includeIf.gitdir:/github/workspace/.git/worktrees/*.path /github/runner_temp/git-credentials-b2911a18-36d5-4fd9-861c-7188dc6c3814.config
2025-12-28T13:20:22.8480111Z ##[endgroup]
2025-12-28T13:20:22.8480447Z ##[group]Fetching the repository
2025-12-28T13:20:22.8488633Z [command]/usr/bin/git -c protocol.version=2 fetch --no-tags --prune --no-recurse-submodules --depth=1 origin +refs/heads/main*:refs/remotes/origin/main* +refs/tags/main*:refs/tags/main*
2025-12-28T13:20:23.0749384Z ##[endgroup]
2025-12-28T13:20:23.0756842Z ##[group]Determining the checkout info
2025-12-28T13:20:23.0757501Z [command]/usr/bin/git branch --list --remote origin/main
2025-12-28T13:20:23.0779677Z   origin/main
2025-12-28T13:20:23.0782926Z ##[endgroup]
2025-12-28T13:20:23.0787987Z [command]/usr/bin/git sparse-checkout disable
2025-12-28T13:20:23.0842184Z [command]/usr/bin/git config --local --unset-all extensions.worktreeConfig
2025-12-28T13:20:23.0865293Z ##[group]Checking out the ref
2025-12-28T13:20:23.0870042Z [command]/usr/bin/git checkout --progress --force -B main refs/remotes/origin/main
2025-12-28T13:20:23.0929342Z Switched to a new branch 'main'
2025-12-28T13:20:23.0930818Z branch 'main' set up to track 'origin/main'.
2025-12-28T13:20:23.0941963Z ##[endgroup]
2025-12-28T13:20:23.0974000Z [command]/usr/bin/git log -1 --format=%H
2025-12-28T13:20:23.0994514Z 7a0b3a93ee43370053e05aacfd8e2b03dd79df5f
2025-12-28T13:20:23.1079092Z ##[group]Run timeout 359m python3 message_viewer.py || { [[ $? -eq 124 ]] && exit 0; }
2025-12-28T13:20:23.1079592Z [36;1mtimeout 359m python3 message_viewer.py || { [[ $? -eq 124 ]] && exit 0; }[0m
2025-12-28T13:20:23.1101400Z shell: /usr/bin/bash -e {0}
2025-12-28T13:20:23.1101625Z env:
2025-12-28T13:20:23.1101912Z   pythonLocation: /opt/hostedtoolcache/Python/3.13.11/x64
2025-12-28T13:20:23.1102299Z   PKG_CONFIG_PATH: /opt/hostedtoolcache/Python/3.13.11/x64/lib/pkgconfig
2025-12-28T13:20:23.1102662Z   Python_ROOT_DIR: /opt/hostedtoolcache/Python/3.13.11/x64
2025-12-28T13:20:23.1102990Z   Python2_ROOT_DIR: /opt/hostedtoolcache/Python/3.13.11/x64
2025-12-28T13:20:23.1103316Z   Python3_ROOT_DIR: /opt/hostedtoolcache/Python/3.13.11/x64
2025-12-28T13:20:23.1103747Z   LD_LIBRARY_PATH: /opt/hostedtoolcache/Python/3.13.11/x64/lib
2025-12-28T13:20:23.1104142Z   PASS: ***
2025-12-28T13:20:23.1104312Z ##[endgroup]
2025-12-28T13:20:24.3775543Z Thanks for giving credit for CloudRequests!
2025-12-28T13:20:24.3781781Z Request handler is running
2025-12-28T13:34:15.5032945Z CloudEvents: Disconnected. Reconnecting ... 1766928030.9997723
2025-12-28T13:34:15.5033489Z CloudEvents: Reconnected. 1766928031.0999467
2025-12-28T13:34:15.5033881Z CloudEvents: Disconnected. Reconnecting ... 1766928035.5348582
2025-12-28T13:34:15.5034340Z CloudEvents: Reconnected. 1766928035.635047
2025-12-28T13:34:15.5034901Z CloudEvents: Disconnected. Reconnecting ... 1766928035.8611217
2025-12-28T13:34:15.5035556Z CloudEvents: Reconnected. 1766928035.9612765
2025-12-28T13:34:15.5036141Z CloudEvents: Disconnected. Reconnecting ... 1766928036.2204459
2025-12-28T13:34:15.5036749Z CloudEvents: Reconnected. 1766928036.3206065
2025-12-28T13:34:15.5037309Z CloudEvents: Disconnected. Reconnecting ... 1766928068.2289279
2025-12-28T13:34:15.5037670Z CloudEvents: Reconnected. 1766928068.3290918
2025-12-28T13:34:15.5038024Z CloudEvents: Disconnected. Reconnecting ... 1766928068.6007943
2025-12-28T13:34:15.5038406Z CloudEvents: Reconnected. 1766928068.700944
2025-12-28T13:34:15.5038757Z CloudEvents: Disconnected. Reconnecting ... 1766928080.9951324
2025-12-28T13:34:15.5039120Z CloudEvents: Reconnected. 1766928081.0952804
2025-12-28T13:34:15.5039483Z CloudEvents: Disconnected. Reconnecting ... 1766928081.344098
2025-12-28T13:34:15.5040111Z CloudEvents: Reconnected. 1766928081.4442523
2025-12-28T13:34:15.5040476Z CloudEvents: Disconnected. Reconnecting ... 1766928096.1786861
2025-12-28T13:34:15.5040843Z CloudEvents: Reconnected. 1766928096.2788498
2025-12-28T13:34:15.5041196Z CloudEvents: Disconnected. Reconnecting ... 1766928183.1190093
2025-12-28T13:34:15.5041560Z CloudEvents: Reconnected. 1766928183.2191627
2025-12-28T13:34:15.5041923Z CloudEvents: Disconnected. Reconnecting ... 1766928183.5021725
2025-12-28T13:34:15.5042288Z CloudEvents: Reconnected. 1766928183.6023262
2025-12-28T13:34:15.5042649Z CloudEvents: Disconnected. Reconnecting ... 1766928221.8142204
2025-12-28T13:34:15.5043008Z CloudEvents: Reconnected. 1766928221.9143558
2025-12-28T13:34:15.5043368Z CloudEvents: Disconnected. Reconnecting ... 1766928229.2712624
2025-12-28T13:34:15.5043727Z CloudEvents: Reconnected. 1766928229.3714106
2025-12-28T13:34:15.5044082Z CloudEvents: Disconnected. Reconnecting ... 1766928264.8538876
2025-12-28T13:34:15.5044442Z CloudEvents: Reconnected. 1766928264.9540539
2025-12-28T13:34:15.5044799Z CloudEvents: Disconnected. Reconnecting ... 1766928287.775963
2025-12-28T13:34:15.5045160Z CloudEvents: Reconnected. 1766928287.8761668
2025-12-28T13:34:15.5045521Z CloudEvents: Disconnected. Reconnecting ... 1766928288.1564326
2025-12-28T13:34:15.5045880Z CloudEvents: Reconnected. 1766928288.2565963
2025-12-28T13:34:15.5046227Z CloudEvents: Disconnected. Reconnecting ... 1766928293.599662
2025-12-28T13:34:15.5046601Z CloudEvents: Reconnected. 1766928293.699879
2025-12-28T13:34:15.5046960Z CloudEvents: Disconnected. Reconnecting ... 1766928330.9331627
2025-12-28T13:34:15.5047320Z CloudEvents: Reconnected. 1766928331.03334
2025-12-28T13:34:15.5048053Z CloudEvents: Disconnected. Reconnecting ... 1766928331.295689
2025-12-28T13:34:15.5048428Z CloudEvents: Reconnected. 1766928331.3958638
2025-12-28T13:34:15.5048785Z CloudEvents: Disconnected. Reconnecting ... 1766928339.8657725
2025-12-28T13:34:15.5049154Z CloudEvents: Reconnected. 1766928339.9659357
2025-12-28T13:34:15.5049514Z CloudEvents: Disconnected. Reconnecting ... 1766928340.2674198
2025-12-28T13:34:15.5049994Z CloudEvents: Reconnected. 1766928340.367571
2025-12-28T13:34:15.5050303Z CloudEvents: Disconnected. Reconnecting ... 1766928340.604517
2025-12-28T13:34:15.5050600Z CloudEvents: Reconnected. 1766928340.7046783
2025-12-28T13:34:15.5050935Z CloudEvents: Disconnected. Reconnecting ... 1766928354.598933
2025-12-28T13:34:15.5051348Z CloudEvents: Reconnected. 1766928354.6990943
2025-12-28T13:34:15.5051642Z CloudEvents: Disconnected. Reconnecting ... 1766928354.944232
2025-12-28T13:34:15.5051942Z CloudEvents: Reconnected. 1766928355.044388
2025-12-28T13:34:15.5052248Z CloudEvents: Disconnected. Reconnecting ... 1766928355.2835107
2025-12-28T13:34:15.5052544Z CloudEvents: Reconnected. 1766928355.3836603
2025-12-28T13:34:15.5052851Z CloudEvents: Disconnected. Reconnecting ... 1766928359.7992568
2025-12-28T13:34:15.5053164Z CloudEvents: Reconnected. 1766928359.8994343
2025-12-28T13:34:15.5053466Z CloudEvents: Disconnected. Reconnecting ... 1766928368.6384487
2025-12-28T13:34:15.5053780Z CloudEvents: Reconnected. 1766928368.73861
2025-12-28T13:34:15.5054074Z CloudEvents: Disconnected. Reconnecting ... 1766928368.9639223
2025-12-28T13:34:15.5054385Z CloudEvents: Reconnected. 1766928369.0640612
2025-12-28T13:34:15.5054688Z CloudEvents: Disconnected. Reconnecting ... 1766928369.299445
2025-12-28T13:34:15.5055038Z CloudEvents: Reconnected. 1766928369.3995824
2025-12-28T13:34:15.5055333Z CloudEvents: Disconnected. Reconnecting ... 1766928413.129461
2025-12-28T13:34:15.5055634Z CloudEvents: Reconnected. 1766928413.2295997
2025-12-28T13:34:15.5055935Z CloudEvents: Disconnected. Reconnecting ... 1766928413.4798677
2025-12-28T13:34:15.5056232Z CloudEvents: Reconnected. 1766928413.5800445
2025-12-28T13:34:15.5056537Z CloudEvents: Disconnected. Reconnecting ... 1766928413.8242886
2025-12-28T13:34:15.5056844Z CloudEvents: Reconnected. 1766928413.9244459
2025-12-28T13:34:15.5057140Z CloudEvents: Disconnected. Reconnecting ... 1766928434.0268261
2025-12-28T13:34:15.5057467Z CloudEvents: Reconnected. 1766928434.127038
2025-12-28T13:34:15.5057861Z CloudEvents: Disconnected. Reconnecting ... 1766928434.3931432
2025-12-28T13:34:15.5058159Z CloudEvents: Reconnected. 1766928434.4933887
2025-12-28T13:34:15.5058460Z CloudEvents: Disconnected. Reconnecting ... 1766928434.7385228
2025-12-28T13:34:15.5058759Z CloudEvents: Reconnected. 1766928434.8386805
2025-12-28T13:34:15.5059058Z CloudEvents: Disconnected. Reconnecting ... 1766928440.5350325
2025-12-28T13:34:15.5059359Z CloudEvents: Reconnected. 1766928440.6352463
2025-12-28T13:34:15.5059665Z CloudEvents: Disconnected. Reconnecting ... 1766928440.8896182
2025-12-28T13:34:15.5060119Z CloudEvents: Reconnected. 1766928440.9897783
2025-12-28T13:34:15.5060420Z CloudEvents: Disconnected. Reconnecting ... 1766928441.228859
2025-12-28T13:34:15.5060722Z CloudEvents: Reconnected. 1766928441.3290527
2025-12-28T13:34:15.5061017Z CloudEvents: Disconnected. Reconnecting ... 1766928478.8956525
2025-12-28T13:34:15.5061321Z CloudEvents: Reconnected. 1766928478.9957938
2025-12-28T13:34:15.5061622Z CloudEvents: Disconnected. Reconnecting ... 1766928479.2918174
2025-12-28T13:34:15.5061916Z CloudEvents: Reconnected. 1766928479.392
2025-12-28T13:34:15.5062329Z CloudEvents: Disconnected. Reconnecting ... 1766928495.0592551
2025-12-28T13:34:15.5062628Z CloudEvents: Reconnected. 1766928495.1594095
2025-12-28T13:34:15.5062938Z CloudEvents: Disconnected. Reconnecting ... 1766928495.3991814
2025-12-28T13:34:15.5063251Z CloudEvents: Reconnected. 1766928495.4993463
2025-12-28T13:34:15.5063547Z CloudEvents: Disconnected. Reconnecting ... 1766928495.750392
2025-12-28T13:34:15.5063854Z CloudEvents: Reconnected. 1766928495.850563
2025-12-28T13:34:15.5064310Z CloudEvents: Disconnected. Reconnecting ... 1766928517.4209185
2025-12-28T13:34:15.5064612Z CloudEvents: Reconnected. 1766928517.5210648
2025-12-28T13:34:15.5064919Z CloudEvents: Disconnected. Reconnecting ... 1766928523.9314182
2025-12-28T13:34:15.5065222Z CloudEvents: Reconnected. 1766928524.0315745
2025-12-28T13:34:15.5065528Z CloudEvents: Disconnected. Reconnecting ... 1766928524.2913842
2025-12-28T13:34:15.5065834Z CloudEvents: Reconnected. 1766928524.3915195
2025-12-28T13:34:15.5066142Z CloudEvents: Disconnected. Reconnecting ... 1766928533.3361692
2025-12-28T13:34:15.5066442Z CloudEvents: Reconnected. 1766928533.436321
2025-12-28T13:34:15.5066748Z CloudEvents: Disconnected. Reconnecting ... 1766928533.6947052
2025-12-28T13:34:15.5067113Z CloudEvents: Reconnected. 1766928533.7948568
2025-12-28T13:34:15.5067415Z CloudEvents: Disconnected. Reconnecting ... 1766928534.0385406
2025-12-28T13:34:15.5137248Z CloudEvents: Reconnected. 1766928534.1387024
2025-12-28T13:34:15.5137856Z CloudEvents: Disconnected. Reconnecting ... 1766928536.9665327
2025-12-28T13:34:15.5138232Z CloudEvents: Reconnected. 1766928537.0666978
2025-12-28T13:34:15.5138563Z CloudEvents: Disconnected. Reconnecting ... 1766928537.2928169
2025-12-28T13:34:15.5138882Z CloudEvents: Reconnected. 1766928537.392947
2025-12-28T13:34:15.5139191Z CloudEvents: Disconnected. Reconnecting ... 1766928540.6844656
2025-12-28T13:34:15.5139486Z CloudEvents: Reconnected. 1766928540.784605
2025-12-28T13:34:15.5139885Z CloudEvents: Disconnected. Reconnecting ... 1766928541.0531397
2025-12-28T13:34:15.5140199Z CloudEvents: Reconnected. 1766928541.1532862
2025-12-28T13:34:15.5140548Z CloudEvents: Disconnected. Reconnecting ... 1766928670.8503997
2025-12-28T13:34:15.5140909Z CloudEvents: Reconnected. 1766928670.9505537
2025-12-28T13:34:15.5141260Z CloudEvents: Disconnected. Reconnecting ... 1766928671.2207391
2025-12-28T13:34:15.5141586Z CloudEvents: Reconnected. 1766928671.3208961
2025-12-28T13:34:15.5141902Z CloudEvents: Disconnected. Reconnecting ... 1766928671.575182
2025-12-28T13:34:15.5142210Z CloudEvents: Reconnected. 1766928671.675324
2025-12-28T13:34:15.5142504Z CloudEvents: Disconnected. Reconnecting ... 1766928679.742898
2025-12-28T13:34:15.5142813Z CloudEvents: Reconnected. 1766928679.8430688
2025-12-28T13:34:15.5143107Z CloudEvents: Disconnected. Reconnecting ... 1766928680.0783856
2025-12-28T13:34:15.5143409Z CloudEvents: Reconnected. 1766928680.178556
2025-12-28T13:34:15.5143706Z CloudEvents: Disconnected. Reconnecting ... 1766928691.6953104
2025-12-28T13:34:15.5144007Z CloudEvents: Reconnected. 1766928691.7954485
2025-12-28T13:34:15.5144317Z CloudEvents: Disconnected. Reconnecting ... 1766928695.603782
2025-12-28T13:34:15.5144624Z CloudEvents: Reconnected. 1766928695.7039502
2025-12-28T13:34:15.5144920Z CloudEvents: Disconnected. Reconnecting ... 1766928695.9482756
2025-12-28T13:34:15.5145225Z CloudEvents: Reconnected. 1766928696.0484622
2025-12-28T13:34:15.5145531Z CloudEvents: Disconnected. Reconnecting ... 1766928696.2759595
2025-12-28T13:34:15.5145831Z CloudEvents: Reconnected. 1766928696.3761632
2025-12-28T13:34:15.5146127Z CloudEvents: Disconnected. Reconnecting ... 1766928700.38174
2025-12-28T13:34:15.5146428Z CloudEvents: Reconnected. 1766928700.4819155
2025-12-28T13:34:15.5146732Z CloudEvents: Disconnected. Reconnecting ... 1766928700.7276874
2025-12-28T13:34:15.5147029Z CloudEvents: Reconnected. 1766928700.8278506
2025-12-28T13:34:15.5147325Z CloudEvents: Disconnected. Reconnecting ... 1766928701.075933
2025-12-28T13:34:15.5147622Z CloudEvents: Reconnected. 1766928701.1760983
2025-12-28T13:34:15.5147914Z CloudEvents: Disconnected. Reconnecting ... 1766928753.6059048
2025-12-28T13:34:15.5148212Z CloudEvents: Reconnected. 1766928753.7060752
2025-12-28T13:34:15.5148513Z CloudEvents: Disconnected. Reconnecting ... 1766928753.9574525
2025-12-28T13:34:15.5148816Z CloudEvents: Reconnected. 1766928754.0576084
2025-12-28T13:34:15.5149115Z CloudEvents: Disconnected. Reconnecting ... 1766928754.303647
2025-12-28T13:34:15.5149644Z CloudEvents: Reconnected. 1766928754.4038103
2025-12-28T13:34:15.5150024Z CloudEvents: Disconnected. Reconnecting ... 1766928758.6761594
2025-12-28T13:34:15.5150326Z CloudEvents: Reconnected. 1766928758.7763174
2025-12-28T13:34:15.5150617Z CloudEvents: Disconnected. Reconnecting ... 1766928759.0238864
2025-12-28T13:34:15.5150941Z CloudEvents: Reconnected. 1766928759.124058
2025-12-28T13:34:15.5151242Z CloudEvents: Disconnected. Reconnecting ... 1766928789.5584683
2025-12-28T13:34:15.5151535Z CloudEvents: Reconnected. 1766928789.658633
2025-12-28T13:34:15.5151839Z CloudEvents: Disconnected. Reconnecting ... 1766928789.8862164
2025-12-28T13:34:15.5152145Z CloudEvents: Reconnected. 1766928789.9863703
2025-12-28T13:34:15.5152546Z CloudEvents: Disconnected. Reconnecting ... 1766928790.2334862
2025-12-28T13:34:15.5152864Z CloudEvents: Reconnected. 1766928790.3336473
2025-12-28T13:34:15.5153188Z CloudEvents: Disconnected. Reconnecting ... 1766928826.568596
2025-12-28T13:34:15.5153488Z CloudEvents: Reconnected. 1766928826.6687481
2025-12-28T13:34:15.5153800Z CloudEvents: Disconnected. Reconnecting ... 1766928851.4521632
2025-12-28T13:34:15.5154098Z CloudEvents: Reconnected. 1766928851.5523205
2025-12-28T13:34:15.5154396Z CloudEvents: Disconnected. Reconnecting ... 1766928855.18055
2025-12-28T13:34:15.5154693Z CloudEvents: Reconnected. 1766928855.2806916
2025-12-28T14:02:50.4664204Z CloudEvents: Disconnected. Reconnecting ... 1766928855.5030758
2025-12-28T14:02:50.4664983Z CloudEvents: Reconnected. 1766928855.6032815
2025-12-28T14:02:50.4665369Z CloudEvents: Disconnected. Reconnecting ... 1766928873.3612993
2025-12-28T14:02:50.4665742Z CloudEvents: Reconnected. 1766928873.4614427
2025-12-28T14:02:50.4666113Z CloudEvents: Disconnected. Reconnecting ... 1766928873.6865134
2025-12-28T14:02:50.4666514Z CloudEvents: Reconnected. 1766928873.7866888
2025-12-28T14:02:50.4666873Z CloudEvents: Disconnected. Reconnecting ... 1766928874.0367467
2025-12-28T14:02:50.4667239Z CloudEvents: Reconnected. 1766928874.1369596
2025-12-28T14:02:50.4667621Z CloudEvents: Disconnected. Reconnecting ... 1766928959.818906
2025-12-28T14:02:50.4667982Z CloudEvents: Reconnected. 1766928959.919064
2025-12-28T14:02:50.4668348Z CloudEvents: Disconnected. Reconnecting ... 1766928982.056456
2025-12-28T14:02:50.4668704Z CloudEvents: Reconnected. 1766928982.1565971
2025-12-28T14:02:50.4669063Z CloudEvents: Disconnected. Reconnecting ... 1766929036.961065
2025-12-28T14:02:50.4669422Z CloudEvents: Reconnected. 1766929037.0613935
2025-12-28T14:02:50.4669981Z CloudEvents: Disconnected. Reconnecting ... 1766929049.6483543
2025-12-28T14:02:50.4670347Z CloudEvents: Reconnected. 1766929049.7485013
2025-12-28T14:02:50.4670708Z CloudEvents: Disconnected. Reconnecting ... 1766929050.054678
2025-12-28T14:02:50.4671071Z CloudEvents: Reconnected. 1766929050.1548223
2025-12-28T14:02:50.4671440Z CloudEvents: Disconnected. Reconnecting ... 1766929050.4235072
2025-12-28T14:02:50.4671805Z CloudEvents: Reconnected. 1766929050.5237055
2025-12-28T14:02:50.4672171Z CloudEvents: Disconnected. Reconnecting ... 1766929168.6083238
2025-12-28T14:02:50.4672543Z CloudEvents: Reconnected. 1766929168.7084641
2025-12-28T14:02:50.4672904Z CloudEvents: Disconnected. Reconnecting ... 1766929168.9564304
2025-12-28T14:02:50.4673261Z CloudEvents: Reconnected. 1766929169.0565965
2025-12-28T14:02:50.4673634Z CloudEvents: Disconnected. Reconnecting ... 1766929169.3162036
2025-12-28T14:02:50.4673993Z CloudEvents: Reconnected. 1766929169.4163625
2025-12-28T14:02:50.4674358Z CloudEvents: Disconnected. Reconnecting ... 1766929495.5764124
2025-12-28T14:02:50.4674720Z CloudEvents: Reconnected. 1766929495.6765738
2025-12-28T14:02:50.4675073Z CloudEvents: Disconnected. Reconnecting ... 1766929508.7560246
2025-12-28T14:02:50.4675441Z CloudEvents: Reconnected. 1766929508.8561804
2025-12-28T14:02:50.4675804Z CloudEvents: Disconnected. Reconnecting ... 1766929509.1046355
2025-12-28T14:02:50.4676163Z CloudEvents: Reconnected. 1766929509.2047873
2025-12-28T14:02:50.4676879Z CloudEvents: Disconnected. Reconnecting ... 1766929509.4639602
2025-12-28T14:02:50.4677257Z CloudEvents: Reconnected. 1766929509.5641549
2025-12-28T14:02:50.4677623Z CloudEvents: Disconnected. Reconnecting ... 1766929515.7627387
2025-12-28T14:02:50.4677991Z CloudEvents: Reconnected. 1766929515.862898
2025-12-28T14:02:50.4678362Z CloudEvents: Disconnected. Reconnecting ... 1766929516.1395686
2025-12-28T14:02:50.4678724Z CloudEvents: Reconnected. 1766929516.2397165
2025-12-28T14:02:50.4679096Z CloudEvents: Disconnected. Reconnecting ... 1766929516.4762948
2025-12-28T14:02:50.4679459Z CloudEvents: Reconnected. 1766929516.5764713
2025-12-28T14:02:50.4679952Z CloudEvents: Disconnected. Reconnecting ... 1766929539.7335947
2025-12-28T14:02:50.4680331Z CloudEvents: Reconnected. 1766929539.8337464
2025-12-28T14:02:50.4680812Z CloudEvents: Disconnected. Reconnecting ... 1766929540.100686
2025-12-28T14:02:50.4681182Z CloudEvents: Reconnected. 1766929540.2010653
2025-12-28T14:02:50.4681549Z CloudEvents: Disconnected. Reconnecting ... 1766929560.7644947
2025-12-28T14:02:50.4681935Z CloudEvents: Reconnected. 1766929560.8647738
2025-12-28T14:02:50.4682313Z CloudEvents: Disconnected. Reconnecting ... 1766929561.136936
2025-12-28T14:02:50.4682685Z CloudEvents: Reconnected. 1766929561.237174
2025-12-28T14:02:50.4683038Z CloudEvents: Disconnected. Reconnecting ... 1766929561.512964
2025-12-28T14:02:50.4683403Z CloudEvents: Reconnected. 1766929561.613272
2025-12-28T14:02:50.4683763Z CloudEvents: Disconnected. Reconnecting ... 1766929596.884041
2025-12-28T14:02:50.4684118Z CloudEvents: Reconnected. 1766929596.984192
2025-12-28T14:02:50.4684484Z CloudEvents: Disconnected. Reconnecting ... 1766929597.2293513
2025-12-28T14:02:50.4684848Z CloudEvents: Reconnected. 1766929597.3296115
2025-12-28T14:02:50.4685216Z CloudEvents: Disconnected. Reconnecting ... 1766929597.5658553
2025-12-28T14:02:50.4685574Z CloudEvents: Reconnected. 1766929597.666044
2025-12-28T14:02:50.4685920Z CloudEvents: Disconnected. Reconnecting ... 1766929623.6367826
2025-12-28T14:02:50.4686288Z CloudEvents: Reconnected. 1766929623.7369304
2025-12-28T14:02:50.4686644Z CloudEvents: Disconnected. Reconnecting ... 1766929623.979193
2025-12-28T14:02:50.4686996Z CloudEvents: Reconnected. 1766929624.0793564
2025-12-28T14:02:50.4687344Z CloudEvents: Disconnected. Reconnecting ... 1766929624.3248994
2025-12-28T14:02:50.4687644Z CloudEvents: Reconnected. 1766929624.4250462
2025-12-28T14:02:50.4687935Z CloudEvents: Disconnected. Reconnecting ... 1766929627.3696945
2025-12-28T14:02:50.4688233Z CloudEvents: Reconnected. 1766929627.4698305
2025-12-28T14:02:50.4688535Z CloudEvents: Disconnected. Reconnecting ... 1766929627.7671492
2025-12-28T14:02:50.4688832Z CloudEvents: Reconnected. 1766929627.8673146
2025-12-28T14:02:50.4689128Z CloudEvents: Disconnected. Reconnecting ... 1766929631.19719
2025-12-28T14:02:50.4689420Z CloudEvents: Reconnected. 1766929631.297376
2025-12-28T14:02:50.4689820Z CloudEvents: Disconnected. Reconnecting ... 1766929657.1815124
2025-12-28T14:02:50.4690130Z CloudEvents: Reconnected. 1766929657.2816732
2025-12-28T14:02:50.4690427Z CloudEvents: Disconnected. Reconnecting ... 1766929657.5322635
2025-12-28T14:02:50.4690731Z CloudEvents: Reconnected. 1766929657.6324027
2025-12-28T14:02:50.4691033Z CloudEvents: Disconnected. Reconnecting ... 1766929672.9811087
2025-12-28T14:02:50.4691326Z CloudEvents: Reconnected. 1766929673.0812697
2025-12-28T14:02:50.4691631Z CloudEvents: Disconnected. Reconnecting ... 1766929673.3741107
2025-12-28T14:02:50.4691936Z CloudEvents: Reconnected. 1766929673.4742513
2025-12-28T14:02:50.4692234Z CloudEvents: Disconnected. Reconnecting ... 1766929682.1601717
2025-12-28T14:02:50.4692536Z CloudEvents: Reconnected. 1766929682.2603333
2025-12-28T14:02:50.4692836Z CloudEvents: Disconnected. Reconnecting ... 1766929682.4924679
2025-12-28T14:02:50.4693143Z CloudEvents: Reconnected. 1766929682.5927165
2025-12-28T14:02:50.4693444Z CloudEvents: Disconnected. Reconnecting ... 1766929682.8393033
2025-12-28T14:02:50.4693736Z CloudEvents: Reconnected. 1766929682.939515
2025-12-28T14:02:50.4694148Z CloudEvents: Disconnected. Reconnecting ... 1766929687.3685594
2025-12-28T14:02:50.4694454Z CloudEvents: Reconnected. 1766929687.4687183
2025-12-28T14:02:50.4694746Z CloudEvents: Disconnected. Reconnecting ... 1766929687.73462
2025-12-28T14:02:50.4695048Z CloudEvents: Reconnected. 1766929687.8347814
2025-12-28T14:02:50.4695347Z CloudEvents: Disconnected. Reconnecting ... 1766929688.0739264
2025-12-28T14:02:50.4695646Z CloudEvents: Reconnected. 1766929688.1740735
2025-12-28T14:02:50.4695948Z CloudEvents: Disconnected. Reconnecting ... 1766929707.8551583
2025-12-28T14:02:50.4696251Z CloudEvents: Reconnected. 1766929707.955478
2025-12-28T14:02:50.4696542Z CloudEvents: Disconnected. Reconnecting ... 1766929708.246395
2025-12-28T14:02:50.4696928Z CloudEvents: Reconnected. 1766929708.346583
2025-12-28T14:02:50.4697230Z CloudEvents: Disconnected. Reconnecting ... 1766929708.5706606
2025-12-28T14:02:50.4697528Z CloudEvents: Reconnected. 1766929708.6708276
2025-12-28T14:02:50.4697833Z CloudEvents: Disconnected. Reconnecting ... 1766929711.274435
2025-12-28T14:02:50.4698144Z CloudEvents: Reconnected. 1766929711.3745909
2025-12-28T14:02:50.4698440Z CloudEvents: Disconnected. Reconnecting ... 1766929720.205556
2025-12-28T14:02:50.4698760Z CloudEvents: Reconnected. 1766929720.305761
2025-12-28T14:02:50.4699065Z CloudEvents: Disconnected. Reconnecting ... 1766929720.5483975
2025-12-28T14:02:50.4699379Z CloudEvents: Reconnected. 1766929720.6485424
2025-12-28T14:02:50.4699693Z CloudEvents: Disconnected. Reconnecting ... 1766929734.7297795
2025-12-28T14:02:50.4700072Z CloudEvents: Reconnected. 1766929734.8299222
2025-12-28T14:02:50.4700377Z CloudEvents: Disconnected. Reconnecting ... 1766929774.841718
2025-12-28T14:02:50.4700684Z CloudEvents: Reconnected. 1766929774.9418728
2025-12-28T14:02:50.4700979Z CloudEvents: Disconnected. Reconnecting ... 1766929775.1863115
2025-12-28T14:02:50.4701278Z CloudEvents: Reconnected. 1766929775.2864711
2025-12-28T14:02:50.4701578Z CloudEvents: Disconnected. Reconnecting ... 1766929775.5284739
2025-12-28T14:02:50.4701878Z CloudEvents: Reconnected. 1766929775.6287737
2025-12-28T14:02:50.4702179Z CloudEvents: Disconnected. Reconnecting ... 1766929794.8294907
2025-12-28T14:02:50.4702481Z CloudEvents: Reconnected. 1766929794.929636
2025-12-28T14:02:50.4702771Z CloudEvents: Disconnected. Reconnecting ... 1766929820.7945046
2025-12-28T14:02:50.4703074Z CloudEvents: Reconnected. 1766929820.8946657
2025-12-28T14:02:50.4703369Z CloudEvents: Disconnected. Reconnecting ... 1766929821.1509335
2025-12-28T14:02:50.4703678Z CloudEvents: Reconnected. 1766929821.2510817
2025-12-28T14:02:50.4703984Z CloudEvents: Disconnected. Reconnecting ... 1766929821.4927049
2025-12-28T14:02:50.4704277Z CloudEvents: Reconnected. 1766929821.5928564
2025-12-28T14:02:50.4704578Z CloudEvents: Disconnected. Reconnecting ... 1766930149.3730946
2025-12-28T14:02:50.4704875Z CloudEvents: Reconnected. 1766930149.4732451
2025-12-28T14:02:50.4705167Z CloudEvents: Disconnected. Reconnecting ... 1766930149.7633317
2025-12-28T14:02:50.4705477Z CloudEvents: Reconnected. 1766930149.8634958
2025-12-28T14:02:50.4705778Z CloudEvents: Disconnected. Reconnecting ... 1766930205.875142
2025-12-28T14:02:50.4706070Z CloudEvents: Reconnected. 1766930205.9753082
2025-12-28T14:02:50.4706367Z CloudEvents: Disconnected. Reconnecting ... 1766930247.7485101
2025-12-28T14:02:50.4706666Z CloudEvents: Reconnected. 1766930247.8486798
2025-12-28T14:02:50.4706957Z CloudEvents: Disconnected. Reconnecting ... 1766930248.128301
2025-12-28T14:02:50.4707262Z CloudEvents: Reconnected. 1766930248.2284527
2025-12-28T14:02:50.4707554Z CloudEvents: Disconnected. Reconnecting ... 1766930259.05301
2025-12-28T14:02:50.4707854Z CloudEvents: Reconnected. 1766930259.1531737
2025-12-28T14:02:50.4708157Z CloudEvents: Disconnected. Reconnecting ... 1766930259.3968444
2025-12-28T14:02:50.4708493Z CloudEvents: Reconnected. 1766930259.4970298
2025-12-28T14:02:50.4708797Z CloudEvents: Disconnected. Reconnecting ... 1766930259.7758205
2025-12-28T14:02:50.4709091Z CloudEvents: Reconnected. 1766930259.8760087
2025-12-28T14:02:50.4709490Z CloudEvents: Disconnected. Reconnecting ... 1766930324.4960341
2025-12-28T14:02:50.4709862Z CloudEvents: Reconnected. 1766930324.5961812
2025-12-28T14:02:50.4710169Z CloudEvents: Disconnected. Reconnecting ... 1766930324.8867178
2025-12-28T14:02:50.4710475Z CloudEvents: Reconnected. 1766930324.9868717
2025-12-28T14:02:50.4710773Z CloudEvents: Disconnected. Reconnecting ... 1766930325.2239187
2025-12-28T14:02:50.4711077Z CloudEvents: Reconnected. 1766930325.324076
2025-12-28T14:02:50.4711379Z CloudEvents: Disconnected. Reconnecting ... 1766930465.5163784
2025-12-28T14:02:50.4711683Z CloudEvents: Reconnected. 1766930465.6165416
2025-12-28T14:02:50.4711992Z CloudEvents: Disconnected. Reconnecting ... 1766930465.8947985
2025-12-28T14:02:50.4712356Z CloudEvents: Reconnected. 1766930465.9949656
2025-12-28T14:02:50.4712652Z CloudEvents: Disconnected. Reconnecting ... 1766930466.2982535
2025-12-28T14:02:50.4712952Z CloudEvents: Reconnected. 1766930466.3983927
2025-12-28T14:02:50.4713253Z CloudEvents: Disconnected. Reconnecting ... 1766930472.9327545
2025-12-28T14:02:50.4713547Z CloudEvents: Reconnected. 1766930473.0329368
2025-12-28T14:02:50.4713847Z CloudEvents: Disconnected. Reconnecting ... 1766930480.0894325
2025-12-28T14:02:50.4714143Z CloudEvents: Reconnected. 1766930480.1895719
2025-12-28T14:02:50.4714441Z CloudEvents: Disconnected. Reconnecting ... 1766930550.964499
2025-12-28T14:02:50.4714749Z CloudEvents: Reconnected. 1766930551.064669
2025-12-28T14:02:50.4715042Z CloudEvents: Disconnected. Reconnecting ... 1766930570.1338582
2025-12-28T14:02:50.4715347Z CloudEvents: Reconnected. 1766930570.2340543
2025-12-28T14:02:50.4715649Z CloudEvents: Disconnected. Reconnecting ... 1766930570.4661882
2025-12-28T14:47:57.2472714Z CloudEvents: Reconnected. 1766930570.5663924
2025-12-28T14:47:57.2473486Z CloudEvents: Disconnected. Reconnecting ... 1766930570.8266358
2025-12-28T14:47:57.2474232Z CloudEvents: Reconnected. 1766930570.9267788
2025-12-28T14:47:57.2474935Z CloudEvents: Disconnected. Reconnecting ... 1766930574.6973083
2025-12-28T14:47:57.2475362Z CloudEvents: Reconnected. 1766930574.7974675
2025-12-28T14:47:57.2475743Z CloudEvents: Disconnected. Reconnecting ... 1766930580.4675555
2025-12-28T14:47:57.2476112Z CloudEvents: Reconnected. 1766930580.5677297
2025-12-28T14:47:57.2476489Z CloudEvents: Disconnected. Reconnecting ... 1766930580.8063157
2025-12-28T14:47:57.2476867Z CloudEvents: Reconnected. 1766930580.9064791
2025-12-28T14:47:57.2477229Z CloudEvents: Disconnected. Reconnecting ... 1766930586.3789027
2025-12-28T14:47:57.2477601Z CloudEvents: Reconnected. 1766930586.47906
2025-12-28T14:47:57.2478029Z CloudEvents: Disconnected. Reconnecting ... 1766930586.705733
2025-12-28T14:47:57.2478397Z CloudEvents: Reconnected. 1766930586.8058982
2025-12-28T14:47:57.2478786Z CloudEvents: Disconnected. Reconnecting ... 1766930587.0287535
2025-12-28T14:47:57.2479157Z CloudEvents: Reconnected. 1766930587.1289227
2025-12-28T14:47:57.2479524Z CloudEvents: Disconnected. Reconnecting ... 1766930592.8271563
2025-12-28T14:47:57.2480098Z CloudEvents: Reconnected. 1766930592.9273005
2025-12-28T14:47:57.2480476Z CloudEvents: Disconnected. Reconnecting ... 1766930598.200477
2025-12-28T14:47:57.2480853Z CloudEvents: Reconnected. 1766930598.3006418
2025-12-28T14:47:57.2481209Z CloudEvents: Disconnected. Reconnecting ... 1766930605.3183727
2025-12-28T14:47:57.2481585Z CloudEvents: Reconnected. 1766930605.418533
2025-12-28T14:47:57.2481961Z CloudEvents: Disconnected. Reconnecting ... 1766930605.7168455
2025-12-28T14:47:57.2482323Z CloudEvents: Reconnected. 1766930605.817038
2025-12-28T14:47:57.2482697Z CloudEvents: Disconnected. Reconnecting ... 1766930610.3888652
2025-12-28T14:47:57.2483095Z CloudEvents: Reconnected. 1766930610.48904
2025-12-28T14:47:57.2483647Z CloudEvents: Disconnected. Reconnecting ... 1766930610.7246218
2025-12-28T14:47:57.2484262Z CloudEvents: Reconnected. 1766930610.8247876
2025-12-28T14:47:57.2484893Z CloudEvents: Disconnected. Reconnecting ... 1766930611.047821
2025-12-28T14:47:57.2485988Z CloudEvents: Reconnected. 1766930611.1479907
2025-12-28T14:47:57.2486585Z CloudEvents: Disconnected. Reconnecting ... 1766930616.9319112
2025-12-28T14:47:57.2487134Z CloudEvents: Reconnected. 1766930617.0320752
2025-12-28T14:47:57.2487634Z CloudEvents: Disconnected. Reconnecting ... 1766930617.2790148
2025-12-28T14:47:57.2488005Z CloudEvents: Reconnected. 1766930617.3791568
2025-12-28T14:47:57.2488358Z CloudEvents: Disconnected. Reconnecting ... 1766930691.1998794
2025-12-28T14:47:57.2488736Z CloudEvents: Reconnected. 1766930691.3000412
2025-12-28T14:47:57.2489098Z CloudEvents: Disconnected. Reconnecting ... 1766930770.981953
2025-12-28T14:47:57.2489453Z CloudEvents: Reconnected. 1766930771.082117
2025-12-28T14:47:57.2490177Z CloudEvents: Disconnected. Reconnecting ... 1766930771.3566158
2025-12-28T14:47:57.2490541Z CloudEvents: Reconnected. 1766930771.456756
2025-12-28T14:47:57.2490913Z CloudEvents: Disconnected. Reconnecting ... 1766930833.768967
2025-12-28T14:47:57.2491281Z CloudEvents: Reconnected. 1766930833.8691516
2025-12-28T14:47:57.2491645Z CloudEvents: Disconnected. Reconnecting ... 1766930834.1144798
2025-12-28T14:47:57.2492007Z CloudEvents: Reconnected. 1766930834.2146244
2025-12-28T14:47:57.2492376Z CloudEvents: Disconnected. Reconnecting ... 1766930834.4574642
2025-12-28T14:47:57.2492735Z CloudEvents: Reconnected. 1766930834.5576267
2025-12-28T14:47:57.2493108Z CloudEvents: Disconnected. Reconnecting ... 1766930860.2616525
2025-12-28T14:47:57.2493483Z CloudEvents: Reconnected. 1766930860.361817
2025-12-28T14:47:57.2493834Z CloudEvents: Disconnected. Reconnecting ... 1766930932.6573446
2025-12-28T14:47:57.2494198Z CloudEvents: Reconnected. 1766930932.7575054
2025-12-28T14:47:57.2494557Z CloudEvents: Disconnected. Reconnecting ... 1766930933.0304658
2025-12-28T14:47:57.2494920Z CloudEvents: Reconnected. 1766930933.1306098
2025-12-28T14:47:57.2495293Z CloudEvents: Disconnected. Reconnecting ... 1766930936.4794054
2025-12-28T14:47:57.2495590Z CloudEvents: Reconnected. 1766930936.5795715
2025-12-28T14:47:57.2495896Z CloudEvents: Disconnected. Reconnecting ... 1766930978.233909
2025-12-28T14:47:57.2496195Z CloudEvents: Reconnected. 1766930978.334076
2025-12-28T14:47:57.2496484Z CloudEvents: Disconnected. Reconnecting ... 1766931088.978667
2025-12-28T14:47:57.2496783Z CloudEvents: Reconnected. 1766931089.0788188
2025-12-28T14:47:57.2497083Z CloudEvents: Disconnected. Reconnecting ... 1766931089.3176491
2025-12-28T14:47:57.2497372Z CloudEvents: Reconnected. 1766931089.417794
2025-12-28T14:47:57.2497673Z CloudEvents: Disconnected. Reconnecting ... 1766931106.6935613
2025-12-28T14:47:57.2497971Z CloudEvents: Reconnected. 1766931106.793735
2025-12-28T14:47:57.2498259Z CloudEvents: Disconnected. Reconnecting ... 1766931107.0643575
2025-12-28T14:47:57.2498571Z CloudEvents: Reconnected. 1766931107.1645207
2025-12-28T14:47:57.2498882Z CloudEvents: Disconnected. Reconnecting ... 1766931140.5148604
2025-12-28T14:47:57.2499172Z CloudEvents: Reconnected. 1766931140.6150515
2025-12-28T14:47:57.2499475Z CloudEvents: Disconnected. Reconnecting ... 1766931140.866278
2025-12-28T14:47:57.2499844Z CloudEvents: Reconnected. 1766931140.9664333
2025-12-28T14:47:57.2500150Z CloudEvents: Disconnected. Reconnecting ... 1766931180.3176694
2025-12-28T14:47:57.2500451Z CloudEvents: Reconnected. 1766931180.4178243
2025-12-28T14:47:57.2500743Z CloudEvents: Disconnected. Reconnecting ... 1766931255.5362558
2025-12-28T14:47:57.2501042Z CloudEvents: Reconnected. 1766931255.6364257
2025-12-28T14:47:57.2501347Z CloudEvents: Disconnected. Reconnecting ... 1766931255.8940196
2025-12-28T14:47:57.2501641Z CloudEvents: Reconnected. 1766931255.994179
2025-12-28T14:47:57.2501949Z CloudEvents: Disconnected. Reconnecting ... 1766931256.236166
2025-12-28T14:47:57.2502254Z CloudEvents: Reconnected. 1766931256.336379
2025-12-28T14:47:57.2502546Z CloudEvents: Disconnected. Reconnecting ... 1766931274.208247
2025-12-28T14:47:57.2502849Z CloudEvents: Reconnected. 1766931274.3083992
2025-12-28T14:47:57.2503270Z CloudEvents: Disconnected. Reconnecting ... 1766931274.534389
2025-12-28T14:47:57.2503568Z CloudEvents: Reconnected. 1766931274.634558
2025-12-28T14:47:57.2503872Z CloudEvents: Disconnected. Reconnecting ... 1766931496.1659644
2025-12-28T14:47:57.2504166Z CloudEvents: Reconnected. 1766931496.266163
2025-12-28T14:47:57.2504473Z CloudEvents: Disconnected. Reconnecting ... 1766931496.5323482
2025-12-28T14:47:57.2504776Z CloudEvents: Reconnected. 1766931496.6325133
2025-12-28T14:47:57.2505070Z CloudEvents: Disconnected. Reconnecting ... 1766931724.1847029
2025-12-28T14:47:57.2505379Z CloudEvents: Reconnected. 1766931724.2848701
2025-12-28T14:47:57.2505677Z CloudEvents: Disconnected. Reconnecting ... 1766931724.6370912
2025-12-28T14:47:57.2505977Z CloudEvents: Reconnected. 1766931724.737253
2025-12-28T14:47:57.2506355Z CloudEvents: Disconnected. Reconnecting ... 1766931736.5478623
2025-12-28T14:47:57.2506657Z CloudEvents: Reconnected. 1766931736.648052
2025-12-28T14:47:57.2506946Z CloudEvents: Disconnected. Reconnecting ... 1766931736.9344058
2025-12-28T14:47:57.2507279Z CloudEvents: Reconnected. 1766931737.0345576
2025-12-28T14:47:57.2507584Z CloudEvents: Disconnected. Reconnecting ... 1766931753.7163332
2025-12-28T14:47:57.2507881Z CloudEvents: Reconnected. 1766931753.8164732
2025-12-28T14:47:57.2508192Z CloudEvents: Disconnected. Reconnecting ... 1766931754.0704317
2025-12-28T14:47:57.2508495Z CloudEvents: Reconnected. 1766931754.1706092
2025-12-28T14:47:57.2508901Z CloudEvents: Disconnected. Reconnecting ... 1766931784.7444527
2025-12-28T14:47:57.2509347Z CloudEvents: Reconnected. 1766931784.844607
2025-12-28T14:47:57.2509921Z CloudEvents: Disconnected. Reconnecting ... 1766931785.0938642
2025-12-28T14:47:57.2510392Z CloudEvents: Reconnected. 1766931785.1940262
2025-12-28T14:47:57.2510702Z CloudEvents: Disconnected. Reconnecting ... 1766931785.4855182
2025-12-28T14:47:57.2510995Z CloudEvents: Reconnected. 1766931785.5856886
2025-12-28T14:47:57.2511326Z CloudEvents: Disconnected. Reconnecting ... 1766931810.3490214
2025-12-28T14:47:57.2511628Z CloudEvents: Reconnected. 1766931810.4492273
2025-12-28T14:47:57.2511928Z CloudEvents: Disconnected. Reconnecting ... 1766931924.2827177
2025-12-28T14:47:57.2512238Z CloudEvents: Reconnected. 1766931924.3828773
2025-12-28T14:47:57.2512534Z CloudEvents: Disconnected. Reconnecting ... 1766931924.658687
2025-12-28T14:47:57.2512836Z CloudEvents: Reconnected. 1766931924.7589426
2025-12-28T14:47:57.2513126Z CloudEvents: Disconnected. Reconnecting ... 1766931925.0375948
2025-12-28T14:47:57.2513425Z CloudEvents: Reconnected. 1766931925.1377532
2025-12-28T14:47:57.2513728Z CloudEvents: Disconnected. Reconnecting ... 1766932348.7831757
2025-12-28T14:47:57.2514020Z CloudEvents: Reconnected. 1766932348.8833454
2025-12-28T14:47:57.2514314Z CloudEvents: Disconnected. Reconnecting ... 1766932349.1544287
2025-12-28T14:47:57.2514622Z CloudEvents: Reconnected. 1766932349.2545898
2025-12-28T14:47:57.2514914Z CloudEvents: Disconnected. Reconnecting ... 1766932349.5111876
2025-12-28T14:47:57.2515213Z CloudEvents: Reconnected. 1766932349.6113508
2025-12-28T14:47:57.2515514Z CloudEvents: Disconnected. Reconnecting ... 1766932360.3701067
2025-12-28T14:47:57.2515815Z CloudEvents: Reconnected. 1766932360.4702485
2025-12-28T14:47:57.2516110Z CloudEvents: Disconnected. Reconnecting ... 1766932360.7475412
2025-12-28T14:47:57.2516405Z CloudEvents: Reconnected. 1766932360.847703
2025-12-28T14:47:57.2516693Z CloudEvents: Disconnected. Reconnecting ... 1766932361.09568
2025-12-28T14:47:57.2516989Z CloudEvents: Reconnected. 1766932361.1958385
2025-12-28T14:47:57.2517280Z CloudEvents: Disconnected. Reconnecting ... 1766932924.9384274
2025-12-28T14:47:57.2517579Z CloudEvents: Reconnected. 1766932925.0386055
2025-12-28T14:47:57.2517880Z CloudEvents: Disconnected. Reconnecting ... 1766932979.4684541
2025-12-28T14:47:57.2518178Z CloudEvents: Reconnected. 1766932979.568725
2025-12-28T14:47:57.2518474Z CloudEvents: Disconnected. Reconnecting ... 1766932979.846363
2025-12-28T14:47:57.2518771Z CloudEvents: Reconnected. 1766932979.946636
2025-12-28T14:47:57.2519235Z CloudEvents: Disconnected. Reconnecting ... 1766932991.6170065
2025-12-28T14:47:57.2519546Z CloudEvents: Reconnected. 1766932991.7172604
2025-12-28T14:47:57.2520025Z CloudEvents: Disconnected. Reconnecting ... 1766932991.9857416
2025-12-28T14:47:57.2520321Z CloudEvents: Reconnected. 1766932992.0859144
2025-12-28T14:47:57.2520620Z CloudEvents: Disconnected. Reconnecting ... 1766932992.328362
2025-12-28T14:47:57.2520918Z CloudEvents: Reconnected. 1766932992.4285204
2025-12-28T14:47:57.2521208Z CloudEvents: Disconnected. Reconnecting ... 1766933006.615023
2025-12-28T14:47:57.2521516Z CloudEvents: Reconnected. 1766933006.7151942
2025-12-28T14:47:57.2521811Z CloudEvents: Disconnected. Reconnecting ... 1766933006.9840746
2025-12-28T14:47:57.2522204Z CloudEvents: Reconnected. 1766933007.084237
2025-12-28T14:47:57.2522504Z CloudEvents: Disconnected. Reconnecting ... 1766933007.3192687
2025-12-28T14:47:57.2522799Z CloudEvents: Reconnected. 1766933007.4194183
2025-12-28T14:47:57.2523110Z CloudEvents: Disconnected. Reconnecting ... 1766933010.7554314
2025-12-28T14:47:57.2523418Z CloudEvents: Reconnected. 1766933010.8555884
2025-12-28T14:47:57.2523707Z CloudEvents: Disconnected. Reconnecting ... 1766933011.131923
2025-12-28T14:47:57.2524023Z CloudEvents: Reconnected. 1766933011.232081
2025-12-28T14:47:57.2524322Z CloudEvents: Disconnected. Reconnecting ... 1766933028.545309
2025-12-28T14:47:57.2524616Z CloudEvents: Reconnected. 1766933028.6455252
2025-12-28T14:47:57.2524919Z CloudEvents: Disconnected. Reconnecting ... 1766933028.8845673
2025-12-28T14:47:57.2525221Z CloudEvents: Reconnected. 1766933028.9848034
2025-12-28T14:47:57.2525518Z CloudEvents: Disconnected. Reconnecting ... 1766933084.3750937
2025-12-28T14:47:57.2525826Z CloudEvents: Reconnected. 1766933084.4754894
2025-12-28T14:47:57.2526121Z CloudEvents: Disconnected. Reconnecting ... 1766933276.795846
2025-12-28T14:47:57.2526433Z CloudEvents: Reconnected. 1766933276.8960445
2025-12-28T14:47:57.2526735Z CloudEvents: Disconnected. Reconnecting ... 1766933277.1468356
2025-12-28T15:34:01.1792939Z CloudEvents: Reconnected. 1766933277.2470372
2025-12-28T15:34:01.1793723Z CloudEvents: Disconnected. Reconnecting ... 1766933287.8228216
2025-12-28T15:34:01.1794277Z CloudEvents: Reconnected. 1766933287.9230306
2025-12-28T15:34:01.1794656Z CloudEvents: Disconnected. Reconnecting ... 1766933288.170143
2025-12-28T15:34:01.1795035Z CloudEvents: Reconnected. 1766933288.270304
2025-12-28T15:34:01.1795400Z CloudEvents: Disconnected. Reconnecting ... 1766933288.5087013
2025-12-28T15:34:01.1795791Z CloudEvents: Reconnected. 1766933288.608863
2025-12-28T15:34:01.1796163Z CloudEvents: Disconnected. Reconnecting ... 1766933339.2702794
2025-12-28T15:34:01.1796532Z CloudEvents: Reconnected. 1766933339.3704422
2025-12-28T15:34:01.1796915Z CloudEvents: Disconnected. Reconnecting ... 1766933339.6474218
2025-12-28T15:34:01.1797283Z CloudEvents: Reconnected. 1766933339.7475812
2025-12-28T15:34:01.1797642Z CloudEvents: Disconnected. Reconnecting ... 1766933339.9849277
2025-12-28T15:34:01.1798017Z CloudEvents: Reconnected. 1766933340.0850909
2025-12-28T15:34:01.1798378Z CloudEvents: Disconnected. Reconnecting ... 1766933442.1963522
2025-12-28T15:34:01.1798734Z CloudEvents: Reconnected. 1766933442.296542
2025-12-28T15:34:01.1799093Z CloudEvents: Disconnected. Reconnecting ... 1766933442.5581353
2025-12-28T15:34:01.1799457Z CloudEvents: Reconnected. 1766933442.658276
2025-12-28T15:34:01.1800007Z CloudEvents: Disconnected. Reconnecting ... 1766933505.1988835
2025-12-28T15:34:01.1800376Z CloudEvents: Reconnected. 1766933505.299048
2025-12-28T15:34:01.1800738Z CloudEvents: Disconnected. Reconnecting ... 1766933552.616408
2025-12-28T15:34:01.1801102Z CloudEvents: Reconnected. 1766933552.716561
2025-12-28T15:34:01.1801461Z CloudEvents: Disconnected. Reconnecting ... 1766933553.0172942
2025-12-28T15:34:01.1801822Z CloudEvents: Reconnected. 1766933553.1174574
2025-12-28T15:34:01.1802186Z CloudEvents: Disconnected. Reconnecting ... 1766933955.5453053
2025-12-28T15:34:01.1802553Z CloudEvents: Reconnected. 1766933955.645469
2025-12-28T15:34:01.1803243Z CloudEvents: Disconnected. Reconnecting ... 1766933955.92376
2025-12-28T15:34:01.1803620Z CloudEvents: Reconnected. 1766933956.023911
2025-12-28T15:34:01.1804015Z CloudEvents: Disconnected. Reconnecting ... 1766933956.2964
2025-12-28T15:34:01.1804384Z CloudEvents: Reconnected. 1766933956.3965666
2025-12-28T15:34:01.1804751Z CloudEvents: Disconnected. Reconnecting ... 1766934097.8588383
2025-12-28T15:34:01.1805115Z CloudEvents: Reconnected. 1766934097.9590085
2025-12-28T15:34:01.1805471Z CloudEvents: Disconnected. Reconnecting ... 1766934098.200233
2025-12-28T15:34:01.1805825Z CloudEvents: Reconnected. 1766934098.300398
2025-12-28T15:34:01.1806176Z CloudEvents: Disconnected. Reconnecting ... 1766934098.5482259
2025-12-28T15:34:01.1806651Z CloudEvents: Reconnected. 1766934098.6483881
2025-12-28T15:34:01.1807010Z CloudEvents: Disconnected. Reconnecting ... 1766934122.8212345
2025-12-28T15:34:01.1807366Z CloudEvents: Reconnected. 1766934122.9214027
2025-12-28T15:34:01.1807730Z CloudEvents: Disconnected. Reconnecting ... 1766934123.1685069
2025-12-28T15:34:01.1808090Z CloudEvents: Reconnected. 1766934123.268678
2025-12-28T15:34:01.1808439Z CloudEvents: Disconnected. Reconnecting ... 1766934123.5608175
2025-12-28T15:34:01.1808811Z CloudEvents: Reconnected. 1766934123.6610045
2025-12-28T15:34:01.1809173Z CloudEvents: Disconnected. Reconnecting ... 1766934131.4791486
2025-12-28T15:34:01.1809534Z CloudEvents: Reconnected. 1766934131.5793176
2025-12-28T15:34:01.1809989Z CloudEvents: Disconnected. Reconnecting ... 1766934220.4111714
2025-12-28T15:34:01.1810349Z CloudEvents: Reconnected. 1766934220.511317
2025-12-28T15:34:01.1810701Z CloudEvents: Disconnected. Reconnecting ... 1766934220.7723825
2025-12-28T15:34:01.1811069Z CloudEvents: Reconnected. 1766934220.8725312
2025-12-28T15:34:01.1811423Z CloudEvents: Disconnected. Reconnecting ... 1766934221.0952313
2025-12-28T15:34:01.1811791Z CloudEvents: Reconnected. 1766934221.1953952
2025-12-28T15:34:01.1812157Z CloudEvents: Disconnected. Reconnecting ... 1766934240.5586967
2025-12-28T15:34:01.1812512Z CloudEvents: Reconnected. 1766934240.6589084
2025-12-28T15:34:01.1812878Z CloudEvents: Disconnected. Reconnecting ... 1766934240.9028287
2025-12-28T15:34:01.1813245Z CloudEvents: Reconnected. 1766934241.0031424
2025-12-28T15:34:01.1813598Z CloudEvents: Disconnected. Reconnecting ... 1766934241.2343812
2025-12-28T15:34:01.1813963Z CloudEvents: Reconnected. 1766934241.3349335
2025-12-28T15:34:01.1814323Z CloudEvents: Disconnected. Reconnecting ... 1766934263.1787965
2025-12-28T15:34:01.1814679Z CloudEvents: Reconnected. 1766934263.2789586
2025-12-28T15:34:01.1815031Z CloudEvents: Disconnected. Reconnecting ... 1766934263.5304432
2025-12-28T15:34:01.1815333Z CloudEvents: Reconnected. 1766934263.630614
2025-12-28T15:34:01.1815632Z CloudEvents: Disconnected. Reconnecting ... 1766934263.871654
2025-12-28T15:34:01.1815937Z CloudEvents: Reconnected. 1766934263.9718282
2025-12-28T15:34:01.1816231Z CloudEvents: Disconnected. Reconnecting ... 1766934285.2299132
2025-12-28T15:34:01.1816537Z CloudEvents: Reconnected. 1766934285.3300781
2025-12-28T15:34:01.1816841Z CloudEvents: Disconnected. Reconnecting ... 1766934285.5670424
2025-12-28T15:34:01.1817135Z CloudEvents: Reconnected. 1766934285.6672013
2025-12-28T15:34:01.1817436Z CloudEvents: Disconnected. Reconnecting ... 1766934307.2402751
2025-12-28T15:34:01.1817740Z CloudEvents: Reconnected. 1766934307.340421
2025-12-28T15:34:01.1818028Z CloudEvents: Disconnected. Reconnecting ... 1766934307.717493
2025-12-28T15:34:01.1818334Z CloudEvents: Reconnected. 1766934307.8176746
2025-12-28T15:34:01.1818636Z CloudEvents: Disconnected. Reconnecting ... 1766934317.3375118
2025-12-28T15:34:01.1818930Z CloudEvents: Reconnected. 1766934317.4376788
2025-12-28T15:34:01.1819234Z CloudEvents: Disconnected. Reconnecting ... 1766934317.6635654
2025-12-28T15:34:01.1819534Z CloudEvents: Reconnected. 1766934317.7637236
2025-12-28T15:34:01.1819899Z CloudEvents: Disconnected. Reconnecting ... 1766934317.9987724
2025-12-28T15:34:01.1820305Z CloudEvents: Reconnected. 1766934318.0989459
2025-12-28T15:34:01.1820599Z CloudEvents: Disconnected. Reconnecting ... 1766934353.7964127
2025-12-28T15:34:01.1820900Z CloudEvents: Reconnected. 1766934353.896581
2025-12-28T15:34:01.1821199Z CloudEvents: Disconnected. Reconnecting ... 1766934370.2936187
2025-12-28T15:34:01.1821490Z CloudEvents: Reconnected. 1766934370.3937967
2025-12-28T15:34:01.1821796Z CloudEvents: Disconnected. Reconnecting ... 1766934370.6372168
2025-12-28T15:34:01.1822106Z CloudEvents: Reconnected. 1766934370.7373724
2025-12-28T15:34:01.1822402Z CloudEvents: Disconnected. Reconnecting ... 1766934371.0156987
2025-12-28T15:34:01.1822707Z CloudEvents: Reconnected. 1766934371.1158674
2025-12-28T15:34:01.1823102Z CloudEvents: Disconnected. Reconnecting ... 1766934483.4758165
2025-12-28T15:34:01.1823396Z CloudEvents: Reconnected. 1766934483.5759587
2025-12-28T15:34:01.1823696Z CloudEvents: Disconnected. Reconnecting ... 1766934483.8993793
2025-12-28T15:34:01.1823999Z CloudEvents: Reconnected. 1766934483.9995422
2025-12-28T15:34:01.1824290Z CloudEvents: Disconnected. Reconnecting ... 1766934564.693758
2025-12-28T15:34:01.1824593Z CloudEvents: Reconnected. 1766934564.7939274
2025-12-28T15:34:01.1824884Z CloudEvents: Disconnected. Reconnecting ... 1766934565.071058
2025-12-28T15:34:01.1825187Z CloudEvents: Reconnected. 1766934565.1712224
2025-12-28T15:34:01.1825489Z CloudEvents: Disconnected. Reconnecting ... 1766934572.007635
2025-12-28T15:34:01.1825782Z CloudEvents: Reconnected. 1766934572.1077647
2025-12-28T15:34:01.1826080Z CloudEvents: Disconnected. Reconnecting ... 1766934572.407786
2025-12-28T15:34:01.1826387Z CloudEvents: Reconnected. 1766934572.507923
2025-12-28T15:34:01.1826680Z CloudEvents: Disconnected. Reconnecting ... 1766934602.2130945
2025-12-28T15:34:01.1826988Z CloudEvents: Reconnected. 1766934602.3132539
2025-12-28T15:34:01.1827288Z CloudEvents: Disconnected. Reconnecting ... 1766934602.5717041
2025-12-28T15:34:01.1827581Z CloudEvents: Reconnected. 1766934602.671865
2025-12-28T15:34:01.1827889Z CloudEvents: Disconnected. Reconnecting ... 1766934635.6791964
2025-12-28T15:34:01.1828191Z CloudEvents: Reconnected. 1766934635.7793667
2025-12-28T15:34:01.1828485Z CloudEvents: Disconnected. Reconnecting ... 1766934636.0243194
2025-12-28T15:34:01.1828789Z CloudEvents: Reconnected. 1766934636.124449
2025-12-28T15:34:01.1829080Z CloudEvents: Disconnected. Reconnecting ... 1766934746.5290976
2025-12-28T15:34:01.1829385Z CloudEvents: Reconnected. 1766934746.629259
2025-12-28T15:34:01.1829688Z CloudEvents: Disconnected. Reconnecting ... 1766934755.8522882
2025-12-28T15:34:01.1830070Z CloudEvents: Reconnected. 1766934755.952438
2025-12-28T15:34:01.1830368Z CloudEvents: Disconnected. Reconnecting ... 1766934889.879078
2025-12-28T15:34:01.1830681Z CloudEvents: Reconnected. 1766934889.979246
2025-12-28T15:34:01.1830984Z CloudEvents: Disconnected. Reconnecting ... 1766934890.2446187
2025-12-28T15:34:01.1831296Z CloudEvents: Reconnected. 1766934890.3447523
2025-12-28T15:34:01.1831610Z CloudEvents: Disconnected. Reconnecting ... 1766934944.0734885
2025-12-28T15:34:01.1831916Z CloudEvents: Reconnected. 1766934944.1736574
2025-12-28T15:34:01.1832230Z CloudEvents: Disconnected. Reconnecting ... 1766934944.4301126
2025-12-28T15:34:01.1832538Z CloudEvents: Reconnected. 1766934944.530279
2025-12-28T15:34:01.1832832Z CloudEvents: Disconnected. Reconnecting ... 1766934944.8220377
2025-12-28T15:34:01.1833139Z CloudEvents: Reconnected. 1766934944.9222257
2025-12-28T15:34:01.1833433Z CloudEvents: Disconnected. Reconnecting ... 1766935158.890273
2025-12-28T15:34:01.1833733Z CloudEvents: Reconnected. 1766935158.9904337
2025-12-28T15:34:01.1834031Z CloudEvents: Disconnected. Reconnecting ... 1766935282.02216
2025-12-28T15:34:01.1834325Z CloudEvents: Reconnected. 1766935282.1223264
2025-12-28T15:34:01.1835044Z CloudEvents: Disconnected. Reconnecting ... 1766935386.645638
2025-12-28T15:34:01.1835625Z CloudEvents: Reconnected. 1766935386.7457933
2025-12-28T15:34:01.1836022Z CloudEvents: Disconnected. Reconnecting ... 1766935421.430618
2025-12-28T15:34:01.1836674Z CloudEvents: Reconnected. 1766935421.5307798
2025-12-28T15:34:01.1837013Z CloudEvents: Disconnected. Reconnecting ... 1766935509.2837584
2025-12-28T15:34:01.1837341Z CloudEvents: Reconnected. 1766935509.383912
2025-12-28T15:34:01.1837661Z CloudEvents: Disconnected. Reconnecting ... 1766935531.3416667
2025-12-28T15:34:01.1837967Z CloudEvents: Reconnected. 1766935531.4418344
2025-12-28T15:34:01.1838266Z CloudEvents: Disconnected. Reconnecting ... 1766935531.6843336
2025-12-28T15:34:01.1838566Z CloudEvents: Reconnected. 1766935531.7845027
2025-12-28T15:34:01.1838857Z CloudEvents: Disconnected. Reconnecting ... 1766935532.0274355
2025-12-28T15:34:01.1839163Z CloudEvents: Reconnected. 1766935532.1276045
2025-12-28T15:34:01.1839548Z CloudEvents: Disconnected. Reconnecting ... 1766935536.6399498
2025-12-28T15:34:01.1840033Z CloudEvents: Reconnected. 1766935536.7401056
2025-12-28T15:34:01.1840342Z CloudEvents: Disconnected. Reconnecting ... 1766935536.9948792
2025-12-28T15:34:01.1840655Z CloudEvents: Reconnected. 1766935537.0950446
2025-12-28T15:34:01.1840954Z CloudEvents: Disconnected. Reconnecting ... 1766935545.6098063
2025-12-28T15:34:01.1841255Z CloudEvents: Reconnected. 1766935545.7099533
2025-12-28T15:34:01.1841559Z CloudEvents: Disconnected. Reconnecting ... 1766935545.9770288
2025-12-28T15:34:01.1841855Z CloudEvents: Reconnected. 1766935546.0771892
2025-12-28T15:34:01.1842156Z CloudEvents: Disconnected. Reconnecting ... 1766935546.3437617
2025-12-28T15:34:01.1842461Z CloudEvents: Reconnected. 1766935546.443913
2025-12-28T15:34:01.1842763Z CloudEvents: Disconnected. Reconnecting ... 1766935570.827886
2025-12-28T15:34:01.1843074Z CloudEvents: Reconnected. 1766935570.9281642
2025-12-28T15:34:01.1843380Z CloudEvents: Disconnected. Reconnecting ... 1766935571.188362
2025-12-28T15:34:01.1843675Z CloudEvents: Reconnected. 1766935571.2886052
2025-12-28T15:34:01.1843983Z CloudEvents: Disconnected. Reconnecting ... 1766935571.5461504
2025-12-28T15:34:01.1844282Z CloudEvents: Reconnected. 1766935571.6463113
2025-12-28T15:34:01.1844585Z CloudEvents: Disconnected. Reconnecting ... 1766935996.9042108
2025-12-28T15:34:01.1844886Z CloudEvents: Reconnected. 1766935997.0043676
2025-12-28T15:34:01.1845181Z CloudEvents: Disconnected. Reconnecting ... 1766935997.2349083
2025-12-28T15:34:01.1845483Z CloudEvents: Reconnected. 1766935997.3350422
2025-12-28T16:05:50.9566505Z CloudEvents: Disconnected. Reconnecting ... 1766936041.1790702
2025-12-28T16:05:50.9567099Z CloudEvents: Reconnected. 1766936041.279269
2025-12-28T16:05:50.9567421Z CloudEvents: Disconnected. Reconnecting ... 1766936041.5300605
2025-12-28T16:05:50.9567729Z CloudEvents: Reconnected. 1766936041.630448
2025-12-28T16:05:50.9568031Z CloudEvents: Disconnected. Reconnecting ... 1766936073.4287455
2025-12-28T16:05:50.9568374Z CloudEvents: Reconnected. 1766936073.5288835
2025-12-28T16:05:50.9568732Z CloudEvents: Disconnected. Reconnecting ... 1766936073.80378
2025-12-28T16:05:50.9569043Z CloudEvents: Reconnected. 1766936073.9039254
2025-12-28T16:05:50.9569353Z CloudEvents: Disconnected. Reconnecting ... 1766936126.760212
2025-12-28T16:05:50.9569662Z CloudEvents: Reconnected. 1766936126.8603714
2025-12-28T16:05:50.9570240Z CloudEvents: Disconnected. Reconnecting ... 1766936168.5628216
2025-12-28T16:05:50.9570538Z CloudEvents: Reconnected. 1766936168.6629655
2025-12-28T16:05:50.9570844Z CloudEvents: Disconnected. Reconnecting ... 1766936169.1095004
2025-12-28T16:05:50.9571154Z CloudEvents: Reconnected. 1766936169.2096508
2025-12-28T16:05:50.9571451Z CloudEvents: Disconnected. Reconnecting ... 1766936349.9216356
2025-12-28T16:05:50.9571759Z CloudEvents: Reconnected. 1766936350.0217693
2025-12-28T16:05:50.9572056Z CloudEvents: Disconnected. Reconnecting ... 1766936350.280625
2025-12-28T16:05:50.9572370Z CloudEvents: Reconnected. 1766936350.3807652
2025-12-28T16:05:50.9572676Z CloudEvents: Disconnected. Reconnecting ... 1766936486.7880466
2025-12-28T16:05:50.9572971Z CloudEvents: Reconnected. 1766936486.888202
2025-12-28T16:05:50.9573612Z CloudEvents: Disconnected. Reconnecting ... 1766936487.164937
2025-12-28T16:05:50.9573924Z CloudEvents: Reconnected. 1766936487.2650838
2025-12-28T16:05:50.9574219Z CloudEvents: Disconnected. Reconnecting ... 1766936565.0144725
2025-12-28T16:05:50.9574526Z CloudEvents: Reconnected. 1766936565.1146197
2025-12-28T16:05:50.9574836Z CloudEvents: Disconnected. Reconnecting ... 1766936565.3984487
2025-12-28T16:05:50.9575137Z CloudEvents: Reconnected. 1766936565.4985878
2025-12-28T16:05:50.9575470Z CloudEvents: Disconnected. Reconnecting ... 1766936565.7283413
2025-12-28T16:05:50.9575775Z CloudEvents: Reconnected. 1766936565.8284981
2025-12-28T16:05:50.9576070Z CloudEvents: Disconnected. Reconnecting ... 1766936576.4591234
2025-12-28T16:05:50.9576468Z CloudEvents: Reconnected. 1766936576.5592752
2025-12-28T16:05:50.9576766Z CloudEvents: Disconnected. Reconnecting ... 1766936576.7865129
2025-12-28T16:05:50.9577062Z CloudEvents: Reconnected. 1766936576.8866715
2025-12-28T16:05:50.9577362Z CloudEvents: Disconnected. Reconnecting ... 1766936590.238194
2025-12-28T16:05:50.9577656Z CloudEvents: Reconnected. 1766936590.3383658
2025-12-28T16:05:50.9577954Z CloudEvents: Disconnected. Reconnecting ... 1766936590.5631838
2025-12-28T16:05:50.9578258Z CloudEvents: Reconnected. 1766936590.663344
2025-12-28T16:05:50.9578555Z CloudEvents: Disconnected. Reconnecting ... 1766936590.9100704
2025-12-28T16:05:50.9578862Z CloudEvents: Reconnected. 1766936591.0102353
2025-12-28T16:05:50.9579166Z CloudEvents: Disconnected. Reconnecting ... 1766936597.650158
2025-12-28T16:05:50.9579458Z CloudEvents: Reconnected. 1766936597.7503202
2025-12-28T16:05:50.9579851Z CloudEvents: Disconnected. Reconnecting ... 1766936597.9964535
2025-12-28T16:05:50.9580153Z CloudEvents: Reconnected. 1766936598.0966053
2025-12-28T16:05:50.9580447Z CloudEvents: Disconnected. Reconnecting ... 1766936598.3176813
2025-12-28T16:05:50.9580749Z CloudEvents: Reconnected. 1766936598.4178424
2025-12-28T16:05:50.9581052Z CloudEvents: Disconnected. Reconnecting ... 1766936603.9369082
2025-12-28T16:05:50.9581355Z CloudEvents: Reconnected. 1766936604.0370772
2025-12-28T16:05:50.9581657Z CloudEvents: Disconnected. Reconnecting ... 1766936604.3172567
2025-12-28T16:05:50.9581947Z CloudEvents: Reconnected. 1766936604.4174
2025-12-28T16:05:50.9582247Z CloudEvents: Disconnected. Reconnecting ... 1766936615.3461852
2025-12-28T16:05:50.9582544Z CloudEvents: Reconnected. 1766936615.4463432
2025-12-28T16:05:50.9582840Z CloudEvents: Disconnected. Reconnecting ... 1766936615.7176955
2025-12-28T16:05:50.9583145Z CloudEvents: Reconnected. 1766936615.817853
2025-12-28T16:05:50.9583443Z CloudEvents: Disconnected. Reconnecting ... 1766936616.1041687
2025-12-28T16:05:50.9583733Z CloudEvents: Reconnected. 1766936616.204336
2025-12-28T16:05:50.9584034Z CloudEvents: Disconnected. Reconnecting ... 1766936691.9213278
2025-12-28T16:05:50.9584331Z CloudEvents: Reconnected. 1766936692.0214827
2025-12-28T16:05:50.9584630Z CloudEvents: Disconnected. Reconnecting ... 1766936692.3170562
2025-12-28T16:05:50.9584941Z CloudEvents: Reconnected. 1766936692.4172034
2025-12-28T16:05:50.9585240Z CloudEvents: Disconnected. Reconnecting ... 1766936696.734537
2025-12-28T16:05:50.9585532Z CloudEvents: Reconnected. 1766936696.8346868
2025-12-28T16:05:50.9585835Z CloudEvents: Disconnected. Reconnecting ... 1766936710.3400946
2025-12-28T16:05:50.9586129Z CloudEvents: Reconnected. 1766936710.4402575
2025-12-28T16:05:50.9586432Z CloudEvents: Disconnected. Reconnecting ... 1766936710.7054584
2025-12-28T16:05:50.9586736Z CloudEvents: Reconnected. 1766936710.805608
2025-12-28T16:05:50.9587030Z CloudEvents: Disconnected. Reconnecting ... 1766936720.6697438
2025-12-28T16:05:50.9587333Z CloudEvents: Reconnected. 1766936720.7699127
2025-12-28T16:05:50.9587633Z CloudEvents: Disconnected. Reconnecting ... 1766936721.0076265
2025-12-28T16:05:50.9587937Z CloudEvents: Reconnected. 1766936721.1078033
2025-12-28T16:05:50.9588234Z CloudEvents: Disconnected. Reconnecting ... 1766936749.578235
2025-12-28T16:05:50.9588531Z CloudEvents: Reconnected. 1766936749.6783688
2025-12-28T16:05:50.9588914Z CloudEvents: Disconnected. Reconnecting ... 1766936749.932075
2025-12-28T16:05:50.9589215Z CloudEvents: Reconnected. 1766936750.0322285
2025-12-28T16:05:50.9589513Z CloudEvents: Disconnected. Reconnecting ... 1766936750.2697632
2025-12-28T16:05:50.9589888Z CloudEvents: Reconnected. 1766936750.3699243
2025-12-28T16:05:50.9590191Z CloudEvents: Disconnected. Reconnecting ... 1766936758.5205731
2025-12-28T16:05:50.9590486Z CloudEvents: Reconnected. 1766936758.6207342
2025-12-28T16:05:50.9590791Z CloudEvents: Disconnected. Reconnecting ... 1766936758.8897364
2025-12-28T16:05:50.9591106Z CloudEvents: Reconnected. 1766936758.9898763
2025-12-28T16:05:50.9591403Z CloudEvents: Disconnected. Reconnecting ... 1766936759.236486
2025-12-28T16:05:50.9591784Z CloudEvents: Reconnected. 1766936759.3366241
2025-12-28T16:05:50.9592086Z CloudEvents: Disconnected. Reconnecting ... 1766936809.0188127
2025-12-28T16:05:50.9592385Z CloudEvents: Reconnected. 1766936809.118998
2025-12-28T16:05:50.9592688Z CloudEvents: Disconnected. Reconnecting ... 1766936809.3681705
2025-12-28T16:05:50.9592988Z CloudEvents: Reconnected. 1766936809.4682996
2025-12-28T16:05:50.9593280Z CloudEvents: Disconnected. Reconnecting ... 1766936923.2465963
2025-12-28T16:05:50.9593577Z CloudEvents: Reconnected. 1766936923.3467476
2025-12-28T16:05:50.9593873Z CloudEvents: Disconnected. Reconnecting ... 1766936923.6400092
2025-12-28T16:05:50.9594166Z CloudEvents: Reconnected. 1766936923.74022
2025-12-28T16:05:50.9594464Z CloudEvents: Disconnected. Reconnecting ... 1766936981.319021
2025-12-28T16:05:50.9594754Z CloudEvents: Reconnected. 1766936981.41917
2025-12-28T16:05:50.9595048Z CloudEvents: Disconnected. Reconnecting ... 1766937109.752582
2025-12-28T16:05:50.9595351Z CloudEvents: Reconnected. 1766937109.8527217
2025-12-28T16:05:50.9595642Z CloudEvents: Disconnected. Reconnecting ... 1766937110.1195185
2025-12-28T16:05:50.9595940Z CloudEvents: Reconnected. 1766937110.2196524
2025-12-28T16:05:50.9596245Z CloudEvents: Disconnected. Reconnecting ... 1766937110.4629161
2025-12-28T16:05:50.9596538Z CloudEvents: Reconnected. 1766937110.5631502
2025-12-28T16:05:50.9596837Z CloudEvents: Disconnected. Reconnecting ... 1766937157.5623245
2025-12-28T16:05:50.9597159Z CloudEvents: Reconnected. 1766937157.6624792
2025-12-28T16:05:50.9597449Z CloudEvents: Disconnected. Reconnecting ... 1766937157.90769
2025-12-28T16:05:50.9597751Z CloudEvents: Reconnected. 1766937158.0080266
2025-12-28T16:05:50.9598053Z CloudEvents: Disconnected. Reconnecting ... 1766937158.2528305
2025-12-28T16:05:50.9598351Z CloudEvents: Reconnected. 1766937158.3530161
2025-12-28T16:05:50.9598651Z CloudEvents: Disconnected. Reconnecting ... 1766937173.5947955
2025-12-28T16:05:50.9598943Z CloudEvents: Reconnected. 1766937173.6949465
2025-12-28T16:05:50.9599252Z CloudEvents: Disconnected. Reconnecting ... 1766937173.9642496
2025-12-28T16:05:50.9599559Z CloudEvents: Reconnected. 1766937174.0644083
2025-12-28T16:05:50.9599944Z CloudEvents: Disconnected. Reconnecting ... 1766937188.9395585
2025-12-28T16:05:50.9600251Z CloudEvents: Reconnected. 1766937189.0397196
2025-12-28T16:05:50.9600556Z CloudEvents: Disconnected. Reconnecting ... 1766937243.2647555
2025-12-28T16:05:50.9600853Z CloudEvents: Reconnected. 1766937243.3650465
2025-12-28T16:05:50.9601154Z CloudEvents: Disconnected. Reconnecting ... 1766937243.6208775
2025-12-28T16:05:50.9601463Z CloudEvents: Reconnected. 1766937243.7210486
2025-12-28T16:05:50.9601759Z CloudEvents: Disconnected. Reconnecting ... 1766937243.9824677
2025-12-28T16:05:50.9602067Z CloudEvents: Reconnected. 1766937244.0826292
2025-12-28T16:05:50.9602385Z CloudEvents: Disconnected. Reconnecting ... 1766937296.599479
2025-12-28T16:05:50.9602683Z CloudEvents: Reconnected. 1766937296.6996167
2025-12-28T16:05:50.9602993Z CloudEvents: Disconnected. Reconnecting ... 1766937296.9335582
2025-12-28T16:05:50.9603289Z CloudEvents: Reconnected. 1766937297.0337481
2025-12-28T16:05:50.9603594Z CloudEvents: Disconnected. Reconnecting ... 1766937297.2770753
2025-12-28T16:05:50.9604001Z CloudEvents: Reconnected. 1766937297.3772964
2025-12-28T16:05:50.9604298Z CloudEvents: Disconnected. Reconnecting ... 1766937315.2618084
2025-12-28T16:05:50.9604599Z CloudEvents: Reconnected. 1766937315.3619578
2025-12-28T16:05:50.9604909Z CloudEvents: Disconnected. Reconnecting ... 1766937362.6148956
2025-12-28T16:05:50.9605210Z CloudEvents: Reconnected. 1766937362.715047
2025-12-28T16:05:50.9605518Z CloudEvents: Disconnected. Reconnecting ... 1766937362.9532201
2025-12-28T16:05:50.9605829Z CloudEvents: Reconnected. 1766937363.0533712
2025-12-28T16:05:50.9606136Z CloudEvents: Disconnected. Reconnecting ... 1766937363.3288655
2025-12-28T16:05:50.9606451Z CloudEvents: Reconnected. 1766937363.4290478
2025-12-28T16:05:50.9606760Z CloudEvents: Disconnected. Reconnecting ... 1766937389.480045
2025-12-28T16:05:50.9607121Z CloudEvents: Reconnected. 1766937389.5802088
2025-12-28T16:05:50.9607423Z CloudEvents: Disconnected. Reconnecting ... 1766937389.8243973
2025-12-28T16:05:50.9607721Z CloudEvents: Reconnected. 1766937389.9245477
2025-12-28T16:05:50.9608019Z CloudEvents: Disconnected. Reconnecting ... 1766937428.6253936
2025-12-28T16:05:50.9608339Z CloudEvents: Reconnected. 1766937428.7255628
2025-12-28T16:05:50.9608627Z CloudEvents: Disconnected. Reconnecting ... 1766937428.9502413
2025-12-28T16:05:50.9608927Z CloudEvents: Reconnected. 1766937429.0504043
2025-12-28T16:05:50.9609231Z CloudEvents: Disconnected. Reconnecting ... 1766937429.3507714
2025-12-28T16:05:50.9609523Z CloudEvents: Reconnected. 1766937429.4509265
2025-12-28T16:05:50.9609939Z CloudEvents: Disconnected. Reconnecting ... 1766937534.8225458
2025-12-28T16:05:50.9610249Z CloudEvents: Reconnected. 1766937534.9227076
2025-12-28T16:05:50.9610539Z CloudEvents: Disconnected. Reconnecting ... 1766937535.1888435
2025-12-28T16:05:50.9610843Z CloudEvents: Reconnected. 1766937535.2890248
2025-12-28T16:05:50.9611138Z CloudEvents: Disconnected. Reconnecting ... 1766937535.5251849
2025-12-28T16:05:50.9611427Z CloudEvents: Reconnected. 1766937535.6253433
2025-12-28T16:05:50.9611733Z CloudEvents: Disconnected. Reconnecting ... 1766937947.0850172
2025-12-28T16:05:50.9612028Z CloudEvents: Reconnected. 1766937947.1851926
2025-12-28T16:05:50.9612322Z CloudEvents: Disconnected. Reconnecting ... 1766937947.558042
2025-12-28T16:05:50.9612621Z CloudEvents: Reconnected. 1766937947.658423
2025-12-28T16:05:50.9612912Z CloudEvents: Disconnected. Reconnecting ... 1766937950.2945554
2025-12-28T16:05:50.9613210Z CloudEvents: Reconnected. 1766937950.3947175
2025-12-28T16:05:50.9613509Z CloudEvents: Disconnected. Reconnecting ... 1766937950.6195147
2025-12-28T16:05:50.9613801Z CloudEvents: Reconnected. 1766937950.7196803
2025-12-28T16:35:32.2883314Z CloudEvents: Disconnected. Reconnecting ... 1766937950.9564412
2025-12-28T16:35:32.2885241Z CloudEvents: Reconnected. 1766937951.0566175
2025-12-28T16:35:32.2887338Z CloudEvents: Disconnected. Reconnecting ... 1766938006.2391598
2025-12-28T16:35:32.2887788Z CloudEvents: Reconnected. 1766938006.3393164
2025-12-28T16:35:32.2888242Z CloudEvents: Disconnected. Reconnecting ... 1766938006.646215
2025-12-28T16:35:32.2888713Z CloudEvents: Reconnected. 1766938006.7464418
2025-12-28T16:35:32.2889143Z CloudEvents: Disconnected. Reconnecting ... 1766938225.5676224
2025-12-28T16:35:32.2889565Z CloudEvents: Reconnected. 1766938225.6677847
2025-12-28T16:35:32.2890239Z CloudEvents: Disconnected. Reconnecting ... 1766938225.9652398
2025-12-28T16:35:32.2890716Z CloudEvents: Reconnected. 1766938226.0653954
2025-12-28T16:35:32.2891186Z CloudEvents: Disconnected. Reconnecting ... 1766938226.3077652
2025-12-28T16:35:32.2891493Z CloudEvents: Reconnected. 1766938226.407919
2025-12-28T16:35:32.2891801Z CloudEvents: Disconnected. Reconnecting ... 1766938308.9190116
2025-12-28T16:35:32.2892204Z CloudEvents: Reconnected. 1766938309.0191984
2025-12-28T16:35:32.2892564Z CloudEvents: Disconnected. Reconnecting ... 1766938309.3176715
2025-12-28T16:35:32.2892867Z CloudEvents: Reconnected. 1766938309.417948
2025-12-28T16:35:32.2893553Z CloudEvents: Disconnected. Reconnecting ... 1766938401.8991528
2025-12-28T16:35:32.2894030Z CloudEvents: Reconnected. 1766938401.9993284
2025-12-28T16:35:32.2894516Z CloudEvents: Disconnected. Reconnecting ... 1766938402.2630918
2025-12-28T16:35:32.2894994Z CloudEvents: Reconnected. 1766938402.3632557
2025-12-28T16:35:32.2895449Z CloudEvents: Disconnected. Reconnecting ... 1766938514.4537253
2025-12-28T16:35:32.2895881Z CloudEvents: Reconnected. 1766938514.5538738
2025-12-28T16:35:32.2896300Z CloudEvents: Disconnected. Reconnecting ... 1766938548.7280061
2025-12-28T16:35:32.2896720Z CloudEvents: Reconnected. 1766938548.82816
2025-12-28T16:35:32.2897016Z CloudEvents: Disconnected. Reconnecting ... 1766938549.1958394
2025-12-28T16:35:32.2897317Z CloudEvents: Reconnected. 1766938549.2959979
2025-12-28T16:35:32.2897803Z CloudEvents: Disconnected. Reconnecting ... 1766938549.5399432
2025-12-28T16:35:32.2898165Z CloudEvents: Reconnected. 1766938549.6401021
2025-12-28T16:35:32.2898533Z CloudEvents: Disconnected. Reconnecting ... 1766938662.8269446
2025-12-28T16:35:32.2898842Z CloudEvents: Reconnected. 1766938662.9271095
2025-12-28T16:35:32.2899138Z CloudEvents: Disconnected. Reconnecting ... 1766938758.0801132
2025-12-28T16:35:32.2899438Z CloudEvents: Reconnected. 1766938758.1802652
2025-12-28T16:35:32.2899916Z CloudEvents: Disconnected. Reconnecting ... 1766938758.4757004
2025-12-28T16:35:32.2900244Z CloudEvents: Reconnected. 1766938758.5758967
2025-12-28T16:35:32.2900551Z CloudEvents: Disconnected. Reconnecting ... 1766938758.812478
2025-12-28T16:35:32.2900855Z CloudEvents: Reconnected. 1766938758.9126248
2025-12-28T16:35:32.2901152Z CloudEvents: Disconnected. Reconnecting ... 1766938779.3456771
2025-12-28T16:35:32.2901462Z CloudEvents: Reconnected. 1766938779.4458387
2025-12-28T16:35:32.2901768Z CloudEvents: Disconnected. Reconnecting ... 1766938779.7239244
2025-12-28T16:35:32.2902089Z CloudEvents: Reconnected. 1766938779.824077
2025-12-28T16:35:32.2902408Z CloudEvents: Disconnected. Reconnecting ... 1766938780.0873635
2025-12-28T16:35:32.2902713Z CloudEvents: Reconnected. 1766938780.1875224
2025-12-28T16:35:32.2903017Z CloudEvents: Disconnected. Reconnecting ... 1766938803.9318573
2025-12-28T16:35:32.2903319Z CloudEvents: Reconnected. 1766938804.0320237
2025-12-28T16:35:32.2903619Z CloudEvents: Disconnected. Reconnecting ... 1766938804.2575555
2025-12-28T16:35:32.2903922Z CloudEvents: Reconnected. 1766938804.3577306
2025-12-28T16:35:32.2904221Z CloudEvents: Disconnected. Reconnecting ... 1766938804.5941088
2025-12-28T16:35:32.2904514Z CloudEvents: Reconnected. 1766938804.6942523
2025-12-28T16:35:32.2904816Z CloudEvents: Disconnected. Reconnecting ... 1766938832.2211614
2025-12-28T16:35:32.2905115Z CloudEvents: Reconnected. 1766938832.3213253
2025-12-28T16:35:32.2905407Z CloudEvents: Disconnected. Reconnecting ... 1766938832.5913937
2025-12-28T16:35:32.2905708Z CloudEvents: Reconnected. 1766938832.6915374
2025-12-28T16:35:32.2905999Z CloudEvents: Disconnected. Reconnecting ... 1766938975.5350008
2025-12-28T16:35:32.2906297Z CloudEvents: Reconnected. 1766938975.6351619
2025-12-28T16:35:32.2906603Z CloudEvents: Disconnected. Reconnecting ... 1766938975.915624
2025-12-28T16:35:32.2906894Z CloudEvents: Reconnected. 1766938976.015795
2025-12-28T16:35:32.2907195Z CloudEvents: Disconnected. Reconnecting ... 1766939028.3616004
2025-12-28T16:35:32.2907492Z CloudEvents: Reconnected. 1766939028.461744
2025-12-28T16:35:32.2907785Z CloudEvents: Disconnected. Reconnecting ... 1766939028.6883445
2025-12-28T16:35:32.2908083Z CloudEvents: Reconnected. 1766939028.7884996
2025-12-28T16:35:32.2908382Z CloudEvents: Disconnected. Reconnecting ... 1766939029.0168836
2025-12-28T16:35:32.2908673Z CloudEvents: Reconnected. 1766939029.1170585
2025-12-28T16:35:32.2908973Z CloudEvents: Disconnected. Reconnecting ... 1766939041.1260786
2025-12-28T16:35:32.2909278Z CloudEvents: Reconnected. 1766939041.2262402
2025-12-28T16:35:32.2909568Z CloudEvents: Disconnected. Reconnecting ... 1766939156.8986254
2025-12-28T16:35:32.2910006Z CloudEvents: Reconnected. 1766939156.9987996
2025-12-28T16:35:32.2910429Z CloudEvents: Disconnected. Reconnecting ... 1766939157.2769642
2025-12-28T16:35:32.2910738Z CloudEvents: Reconnected. 1766939157.3771725
2025-12-28T16:35:32.2911042Z CloudEvents: Disconnected. Reconnecting ... 1766939344.5915453
2025-12-28T16:35:32.2911332Z CloudEvents: Reconnected. 1766939344.6918178
2025-12-28T16:35:32.2911632Z CloudEvents: Disconnected. Reconnecting ... 1766939345.0291967
2025-12-28T16:35:32.2911938Z CloudEvents: Reconnected. 1766939345.1293588
2025-12-28T16:35:32.2912232Z CloudEvents: Disconnected. Reconnecting ... 1766939356.1722274
2025-12-28T16:35:32.2912543Z CloudEvents: Reconnected. 1766939356.2723608
2025-12-28T16:35:32.2912854Z CloudEvents: Disconnected. Reconnecting ... 1766939395.3156104
2025-12-28T16:35:32.2913231Z CloudEvents: Reconnected. 1766939395.4157705
2025-12-28T16:35:32.2913539Z CloudEvents: Disconnected. Reconnecting ... 1766939395.6664867
2025-12-28T16:35:32.2913841Z CloudEvents: Reconnected. 1766939395.7666407
2025-12-28T16:35:32.2914139Z CloudEvents: Disconnected. Reconnecting ... 1766939396.0648217
2025-12-28T16:35:32.2914442Z CloudEvents: Reconnected. 1766939396.1650286
2025-12-28T16:35:32.2914737Z CloudEvents: Disconnected. Reconnecting ... 1766939416.5599155
2025-12-28T16:35:32.2915038Z CloudEvents: Reconnected. 1766939416.660082
2025-12-28T16:35:32.2915350Z CloudEvents: Disconnected. Reconnecting ... 1766939416.9294646
2025-12-28T16:35:32.2915660Z CloudEvents: Reconnected. 1766939417.02962
2025-12-28T16:35:32.2915967Z CloudEvents: Disconnected. Reconnecting ... 1766939417.2523258
2025-12-28T16:35:32.2916269Z CloudEvents: Reconnected. 1766939417.3524702
2025-12-28T16:35:32.2916568Z CloudEvents: Disconnected. Reconnecting ... 1766939483.6022015
2025-12-28T16:35:32.2917016Z CloudEvents: Reconnected. 1766939483.7023668
2025-12-28T16:35:32.2917481Z CloudEvents: Disconnected. Reconnecting ... 1766939483.95186
2025-12-28T16:35:32.2917901Z CloudEvents: Reconnected. 1766939484.0520384
2025-12-28T16:35:32.2918348Z CloudEvents: Disconnected. Reconnecting ... 1766939484.295736
2025-12-28T16:35:32.2918800Z CloudEvents: Reconnected. 1766939484.3958735
2025-12-28T16:35:32.2919196Z CloudEvents: Disconnected. Reconnecting ... 1766939488.2082927
2025-12-28T16:35:32.2919495Z CloudEvents: Reconnected. 1766939488.3084462
2025-12-28T16:35:32.2919990Z CloudEvents: Disconnected. Reconnecting ... 1766939488.5657494
2025-12-28T16:35:32.2920300Z CloudEvents: Reconnected. 1766939488.6659055
2025-12-28T16:35:32.2920604Z CloudEvents: Disconnected. Reconnecting ... 1766939492.8120525
2025-12-28T16:35:32.2920898Z CloudEvents: Reconnected. 1766939492.9121847
2025-12-28T16:35:32.2921205Z CloudEvents: Disconnected. Reconnecting ... 1766939493.1575043
2025-12-28T16:35:32.2921509Z CloudEvents: Reconnected. 1766939493.2576556
2025-12-28T16:35:32.2921807Z CloudEvents: Disconnected. Reconnecting ... 1766939493.484303
2025-12-28T16:35:32.2922107Z CloudEvents: Reconnected. 1766939493.5844533
2025-12-28T16:35:32.2922407Z CloudEvents: Disconnected. Reconnecting ... 1766939497.8673651
2025-12-28T16:35:32.2922709Z CloudEvents: Reconnected. 1766939497.9675105
2025-12-28T16:35:32.2923005Z CloudEvents: Disconnected. Reconnecting ... 1766939498.203562
2025-12-28T16:35:32.2923307Z CloudEvents: Reconnected. 1766939498.3037143
2025-12-28T16:35:32.2923596Z CloudEvents: Disconnected. Reconnecting ... 1766939498.5502508
2025-12-28T16:35:32.2923897Z CloudEvents: Reconnected. 1766939498.6504247
2025-12-28T16:35:32.2924191Z CloudEvents: Disconnected. Reconnecting ... 1766939503.1985707
2025-12-28T16:35:32.2924487Z CloudEvents: Reconnected. 1766939503.2987337
2025-12-28T16:35:32.2924787Z CloudEvents: Disconnected. Reconnecting ... 1766939503.5328865
2025-12-28T16:35:32.2925081Z CloudEvents: Reconnected. 1766939503.633043
2025-12-28T16:35:32.2925380Z CloudEvents: Disconnected. Reconnecting ... 1766939508.1205528
2025-12-28T16:35:32.2925688Z CloudEvents: Reconnected. 1766939508.2207174
2025-12-28T16:35:32.2925983Z CloudEvents: Disconnected. Reconnecting ... 1766939508.4527807
2025-12-28T16:35:32.2926440Z CloudEvents: Reconnected. 1766939508.5529451
2025-12-28T16:35:32.2926745Z CloudEvents: Disconnected. Reconnecting ... 1766939512.7338
2025-12-28T16:35:32.2927038Z CloudEvents: Reconnected. 1766939512.8340292
2025-12-28T16:35:32.2927338Z CloudEvents: Disconnected. Reconnecting ... 1766939513.068646
2025-12-28T16:35:32.2927645Z CloudEvents: Reconnected. 1766939513.1688106
2025-12-28T16:35:32.2927944Z CloudEvents: Disconnected. Reconnecting ... 1766939513.3932211
2025-12-28T16:35:32.2928252Z CloudEvents: Reconnected. 1766939513.4933615
2025-12-28T16:35:32.2928543Z CloudEvents: Disconnected. Reconnecting ... 1766939517.899061
2025-12-28T16:35:32.2928862Z CloudEvents: Reconnected. 1766939517.9992087
2025-12-28T16:35:32.2929169Z CloudEvents: Disconnected. Reconnecting ... 1766939518.2426074
2025-12-28T16:35:32.2929544Z CloudEvents: Reconnected. 1766939518.3429463
2025-12-28T16:35:32.2929997Z CloudEvents: Disconnected. Reconnecting ... 1766939522.2784271
2025-12-28T16:35:32.2930302Z CloudEvents: Reconnected. 1766939522.378596
2025-12-28T16:35:32.2930596Z CloudEvents: Disconnected. Reconnecting ... 1766939522.6653
2025-12-28T16:35:32.2930895Z CloudEvents: Reconnected. 1766939522.765469
2025-12-28T16:35:32.2931200Z CloudEvents: Disconnected. Reconnecting ... 1766939609.4651563
2025-12-28T16:35:32.2931496Z CloudEvents: Reconnected. 1766939609.5653174
2025-12-28T16:35:32.2931799Z CloudEvents: Disconnected. Reconnecting ... 1766939609.822547
2025-12-28T16:35:32.2932100Z CloudEvents: Reconnected. 1766939609.922713
2025-12-28T16:35:32.2932399Z CloudEvents: Disconnected. Reconnecting ... 1766939610.1692657
2025-12-28T16:35:32.2932714Z CloudEvents: Reconnected. 1766939610.2694266
2025-12-28T16:35:32.2933009Z CloudEvents: Disconnected. Reconnecting ... 1766939717.0097115
2025-12-28T16:35:32.2933321Z CloudEvents: Reconnected. 1766939717.1098711
2025-12-28T16:35:32.2933626Z CloudEvents: Disconnected. Reconnecting ... 1766939717.4118311
2025-12-28T16:35:32.2933921Z CloudEvents: Reconnected. 1766939717.5120234
2025-12-28T16:35:32.2934222Z CloudEvents: Disconnected. Reconnecting ... 1766939717.7483518
2025-12-28T16:35:32.2934540Z CloudEvents: Reconnected. 1766939717.8485081
2025-12-28T16:35:32.2934842Z CloudEvents: Disconnected. Reconnecting ... 1766939724.659684
2025-12-28T16:35:32.2935144Z CloudEvents: Reconnected. 1766939724.759852
2025-12-28T16:35:32.2935435Z CloudEvents: Disconnected. Reconnecting ... 1766939725.0062635
2025-12-28T16:35:32.2935737Z CloudEvents: Reconnected. 1766939725.1065307
2025-12-28T16:35:32.2936029Z CloudEvents: Disconnected. Reconnecting ... 1766939725.3463366
2025-12-28T16:35:32.2936332Z CloudEvents: Reconnected. 1766939725.446501
2025-12-28T16:35:32.2936628Z CloudEvents: Disconnected. Reconnecting ... 1766939731.5282538
2025-12-28T16:35:32.2936920Z CloudEvents: Reconnected. 1766939731.6284227
2025-12-28T16:35:32.2937227Z CloudEvents: Disconnected. Reconnecting ... 1766939731.8619452
2025-12-28T16:35:32.2937527Z CloudEvents: Reconnected. 1766939731.9621134
2025-12-28T16:35:32.2937825Z CloudEvents: Disconnected. Reconnecting ... 1766939732.1879022
2025-12-28T17:13:27.2378374Z CloudEvents: Reconnected. 1766939732.28807
2025-12-28T17:13:27.2379098Z CloudEvents: Disconnected. Reconnecting ... 1766939749.1380436
2025-12-28T17:13:27.2379651Z CloudEvents: Reconnected. 1766939749.238201
2025-12-28T17:13:27.2380230Z CloudEvents: Disconnected. Reconnecting ... 1766939904.8162599
2025-12-28T17:13:27.2380603Z CloudEvents: Reconnected. 1766939904.9164057
2025-12-28T17:13:27.2380975Z CloudEvents: Disconnected. Reconnecting ... 1766939905.172902
2025-12-28T17:13:27.2381388Z CloudEvents: Reconnected. 1766939905.2730548
2025-12-28T17:13:27.2381756Z CloudEvents: Disconnected. Reconnecting ... 1766939905.5415442
2025-12-28T17:13:27.2382126Z CloudEvents: Reconnected. 1766939905.6417081
2025-12-28T17:13:27.2382490Z CloudEvents: Disconnected. Reconnecting ... 1766940225.132087
2025-12-28T17:13:27.2382851Z CloudEvents: Reconnected. 1766940225.232261
2025-12-28T17:13:27.2383203Z CloudEvents: Disconnected. Reconnecting ... 1766940379.1475766
2025-12-28T17:13:27.2383907Z CloudEvents: Reconnected. 1766940379.2477171
2025-12-28T17:13:27.2384283Z CloudEvents: Disconnected. Reconnecting ... 1766940379.4943771
2025-12-28T17:13:27.2384646Z CloudEvents: Reconnected. 1766940379.5945356
2025-12-28T17:13:27.2385009Z CloudEvents: Disconnected. Reconnecting ... 1766940379.8432274
2025-12-28T17:13:27.2385373Z CloudEvents: Reconnected. 1766940379.9433722
2025-12-28T17:13:27.2385727Z CloudEvents: Disconnected. Reconnecting ... 1766940500.9643497
2025-12-28T17:13:27.2386095Z CloudEvents: Reconnected. 1766940501.0645218
2025-12-28T17:13:27.2386460Z CloudEvents: Disconnected. Reconnecting ... 1766940501.3133934
2025-12-28T17:13:27.2386854Z CloudEvents: Reconnected. 1766940501.4135485
2025-12-28T17:13:27.2387330Z CloudEvents: Disconnected. Reconnecting ... 1766940545.9865305
2025-12-28T17:13:27.2387694Z CloudEvents: Reconnected. 1766940546.0866966
2025-12-28T17:13:27.2388049Z CloudEvents: Disconnected. Reconnecting ... 1766940546.40442
2025-12-28T17:13:27.2388413Z CloudEvents: Reconnected. 1766940546.5045886
2025-12-28T17:13:27.2388773Z CloudEvents: Disconnected. Reconnecting ... 1766940567.1225615
2025-12-28T17:13:27.2389137Z CloudEvents: Reconnected. 1766940567.2227037
2025-12-28T17:13:27.2389499Z CloudEvents: Disconnected. Reconnecting ... 1766940567.5143666
2025-12-28T17:13:27.2390056Z CloudEvents: Reconnected. 1766940567.6145413
2025-12-28T17:13:27.2390452Z CloudEvents: Disconnected. Reconnecting ... 1766940580.6579297
2025-12-28T17:13:27.2390826Z CloudEvents: Reconnected. 1766940580.7580695
2025-12-28T17:13:27.2391195Z CloudEvents: Disconnected. Reconnecting ... 1766940581.0114214
2025-12-28T17:13:27.2391567Z CloudEvents: Reconnected. 1766940581.1115794
2025-12-28T17:13:27.2391928Z CloudEvents: Disconnected. Reconnecting ... 1766940614.9530237
2025-12-28T17:13:27.2392288Z CloudEvents: Reconnected. 1766940615.053208
2025-12-28T17:13:27.2392653Z CloudEvents: Disconnected. Reconnecting ... 1766940634.8671827
2025-12-28T17:13:27.2393014Z CloudEvents: Reconnected. 1766940634.9673257
2025-12-28T17:13:27.2393372Z CloudEvents: Disconnected. Reconnecting ... 1766940635.3353071
2025-12-28T17:13:27.2393732Z CloudEvents: Reconnected. 1766940635.4354763
2025-12-28T17:13:27.2394083Z CloudEvents: Disconnected. Reconnecting ... 1766940964.4502587
2025-12-28T17:13:27.2394442Z CloudEvents: Reconnected. 1766940964.5504568
2025-12-28T17:13:27.2394799Z CloudEvents: Disconnected. Reconnecting ... 1766940964.817644
2025-12-28T17:13:27.2395152Z CloudEvents: Reconnected. 1766940964.917808
2025-12-28T17:13:27.2395504Z CloudEvents: Disconnected. Reconnecting ... 1766940972.298837
2025-12-28T17:13:27.2395860Z CloudEvents: Reconnected. 1766940972.3990011
2025-12-28T17:13:27.2396208Z CloudEvents: Disconnected. Reconnecting ... 1766940972.6254265
2025-12-28T17:13:27.2396572Z CloudEvents: Reconnected. 1766940972.725582
2025-12-28T17:13:27.2396925Z CloudEvents: Disconnected. Reconnecting ... 1766940972.950213
2025-12-28T17:13:27.2397278Z CloudEvents: Reconnected. 1766940973.050382
2025-12-28T17:13:27.2397633Z CloudEvents: Disconnected. Reconnecting ... 1766941003.883021
2025-12-28T17:13:27.2397994Z CloudEvents: Reconnected. 1766941003.9831793
2025-12-28T17:13:27.2398347Z CloudEvents: Disconnected. Reconnecting ... 1766941004.2875252
2025-12-28T17:13:27.2398707Z CloudEvents: Reconnected. 1766941004.3876865
2025-12-28T17:13:27.2399060Z CloudEvents: Disconnected. Reconnecting ... 1766941010.8351283
2025-12-28T17:13:27.2399415Z CloudEvents: Reconnected. 1766941010.9352922
2025-12-28T17:13:27.2399868Z CloudEvents: Disconnected. Reconnecting ... 1766941018.1218321
2025-12-28T17:13:27.2400226Z CloudEvents: Reconnected. 1766941018.2222023
2025-12-28T17:13:27.2400593Z CloudEvents: Disconnected. Reconnecting ... 1766941018.4584312
2025-12-28T17:13:27.2400962Z CloudEvents: Reconnected. 1766941018.5586002
2025-12-28T17:13:27.2401288Z CloudEvents: Disconnected. Reconnecting ... 1766941018.806282
2025-12-28T17:13:27.2401589Z CloudEvents: Reconnected. 1766941018.906445
2025-12-28T17:13:27.2401999Z CloudEvents: Disconnected. Reconnecting ... 1766941025.5604925
2025-12-28T17:13:27.2402297Z CloudEvents: Reconnected. 1766941025.6606684
2025-12-28T17:13:27.2402597Z CloudEvents: Disconnected. Reconnecting ... 1766941025.9473312
2025-12-28T17:13:27.2402897Z CloudEvents: Reconnected. 1766941026.047484
2025-12-28T17:13:27.2403187Z CloudEvents: Disconnected. Reconnecting ... 1766941026.2891393
2025-12-28T17:13:27.2403488Z CloudEvents: Reconnected. 1766941026.3893065
2025-12-28T17:13:27.2403782Z CloudEvents: Disconnected. Reconnecting ... 1766941085.7153547
2025-12-28T17:13:27.2404086Z CloudEvents: Reconnected. 1766941085.8155036
2025-12-28T17:13:27.2404386Z CloudEvents: Disconnected. Reconnecting ... 1766941086.111475
2025-12-28T17:13:27.2404684Z CloudEvents: Reconnected. 1766941086.2116697
2025-12-28T17:13:27.2405050Z CloudEvents: Disconnected. Reconnecting ... 1766941103.4958677
2025-12-28T17:13:27.2405352Z CloudEvents: Reconnected. 1766941103.5960658
2025-12-28T17:13:27.2405646Z CloudEvents: Disconnected. Reconnecting ... 1766941103.8485155
2025-12-28T17:13:27.2405956Z CloudEvents: Reconnected. 1766941103.9486835
2025-12-28T17:13:27.2406256Z CloudEvents: Disconnected. Reconnecting ... 1766941104.1833522
2025-12-28T17:13:27.2406554Z CloudEvents: Reconnected. 1766941104.2835188
2025-12-28T17:13:27.2406858Z CloudEvents: Disconnected. Reconnecting ... 1766941140.6431446
2025-12-28T17:13:27.2407163Z CloudEvents: Reconnected. 1766941140.7433112
2025-12-28T17:13:27.2407460Z CloudEvents: Disconnected. Reconnecting ... 1766941140.9811897
2025-12-28T17:13:27.2407772Z CloudEvents: Reconnected. 1766941141.0813606
2025-12-28T17:13:27.2408068Z CloudEvents: Disconnected. Reconnecting ... 1766941339.9184942
2025-12-28T17:13:27.2408371Z CloudEvents: Reconnected. 1766941340.0187767
2025-12-28T17:13:27.2408679Z CloudEvents: Disconnected. Reconnecting ... 1766941340.2756333
2025-12-28T17:13:27.2408971Z CloudEvents: Reconnected. 1766941340.375805
2025-12-28T17:13:27.2409270Z CloudEvents: Disconnected. Reconnecting ... 1766941347.783374
2025-12-28T17:13:27.2409577Z CloudEvents: Reconnected. 1766941347.8835216
2025-12-28T17:13:27.2409934Z CloudEvents: Disconnected. Reconnecting ... 1766941357.0181515
2025-12-28T17:13:27.2410235Z CloudEvents: Reconnected. 1766941357.1183083
2025-12-28T17:13:27.2410538Z CloudEvents: Disconnected. Reconnecting ... 1766941357.3427355
2025-12-28T17:13:27.2410829Z CloudEvents: Reconnected. 1766941357.4429421
2025-12-28T17:13:27.2411133Z CloudEvents: Disconnected. Reconnecting ... 1766941357.7056634
2025-12-28T17:13:27.2411435Z CloudEvents: Reconnected. 1766941357.8058314
2025-12-28T17:13:27.2411728Z CloudEvents: Disconnected. Reconnecting ... 1766941361.6830027
2025-12-28T17:13:27.2412029Z CloudEvents: Reconnected. 1766941361.783152
2025-12-28T17:13:27.2412328Z CloudEvents: Disconnected. Reconnecting ... 1766941362.0685532
2025-12-28T17:13:27.2412626Z CloudEvents: Reconnected. 1766941362.1687138
2025-12-28T17:13:27.2412924Z CloudEvents: Disconnected. Reconnecting ... 1766941365.436682
2025-12-28T17:13:27.2413215Z CloudEvents: Reconnected. 1766941365.5369473
2025-12-28T17:13:27.2413514Z CloudEvents: Disconnected. Reconnecting ... 1766941370.6546545
2025-12-28T17:13:27.2413813Z CloudEvents: Reconnected. 1766941370.7550147
2025-12-28T17:13:27.2414106Z CloudEvents: Disconnected. Reconnecting ... 1766941370.9913416
2025-12-28T17:13:27.2414407Z CloudEvents: Reconnected. 1766941371.0915856
2025-12-28T17:13:27.2414705Z CloudEvents: Disconnected. Reconnecting ... 1766941371.331871
2025-12-28T17:13:27.2414996Z CloudEvents: Reconnected. 1766941371.4321992
2025-12-28T17:13:27.2415299Z CloudEvents: Disconnected. Reconnecting ... 1766941377.4242475
2025-12-28T17:13:27.2415601Z CloudEvents: Reconnected. 1766941377.5243993
2025-12-28T17:13:27.2415894Z CloudEvents: Disconnected. Reconnecting ... 1766941384.973923
2025-12-28T17:13:27.2416198Z CloudEvents: Reconnected. 1766941385.0741687
2025-12-28T17:13:27.2416495Z CloudEvents: Disconnected. Reconnecting ... 1766941392.0050728
2025-12-28T17:13:27.2416790Z CloudEvents: Reconnected. 1766941392.1052341
2025-12-28T17:13:27.2417175Z CloudEvents: Disconnected. Reconnecting ... 1766941392.3426287
2025-12-28T17:13:27.2417467Z CloudEvents: Reconnected. 1766941392.4428003
2025-12-28T17:13:27.2417769Z CloudEvents: Disconnected. Reconnecting ... 1766941392.6963022
2025-12-28T17:13:27.2418072Z CloudEvents: Reconnected. 1766941392.7964687
2025-12-28T17:13:27.2418366Z CloudEvents: Disconnected. Reconnecting ... 1766941415.9223742
2025-12-28T17:13:27.2418667Z CloudEvents: Reconnected. 1766941416.022544
2025-12-28T17:13:27.2418970Z CloudEvents: Disconnected. Reconnecting ... 1766941425.8820846
2025-12-28T17:13:27.2419266Z CloudEvents: Reconnected. 1766941425.982251
2025-12-28T17:13:27.2419567Z CloudEvents: Disconnected. Reconnecting ... 1766941473.0437388
2025-12-28T17:13:27.2420039Z CloudEvents: Reconnected. 1766941473.1439023
2025-12-28T17:13:27.2420393Z CloudEvents: Disconnected. Reconnecting ... 1766941473.3805022
2025-12-28T17:13:27.2420703Z CloudEvents: Reconnected. 1766941473.4806638
2025-12-28T17:13:27.2421012Z CloudEvents: Disconnected. Reconnecting ... 1766941473.7154446
2025-12-28T17:13:27.2421313Z CloudEvents: Reconnected. 1766941473.8155937
2025-12-28T17:13:27.2421620Z CloudEvents: Disconnected. Reconnecting ... 1766941533.178721
2025-12-28T17:13:27.2428835Z CloudEvents: Reconnected. 1766941533.2788663
2025-12-28T17:13:27.2429309Z CloudEvents: Disconnected. Reconnecting ... 1766941533.5529387
2025-12-28T17:13:27.2429859Z CloudEvents: Reconnected. 1766941533.6530955
2025-12-28T17:13:27.2430331Z CloudEvents: Disconnected. Reconnecting ... 1766941551.355743
2025-12-28T17:13:27.2430713Z CloudEvents: Reconnected. 1766941551.4560444
2025-12-28T17:13:27.2431110Z CloudEvents: Disconnected. Reconnecting ... 1766941551.7492294
2025-12-28T17:13:27.2431491Z CloudEvents: Reconnected. 1766941551.849369
2025-12-28T17:13:27.2431884Z CloudEvents: Disconnected. Reconnecting ... 1766941552.1082463
2025-12-28T17:13:27.2432264Z CloudEvents: Reconnected. 1766941552.2084572
2025-12-28T17:13:27.2432645Z CloudEvents: Disconnected. Reconnecting ... 1766941564.1981552
2025-12-28T17:13:27.2433042Z CloudEvents: Reconnected. 1766941564.298319
2025-12-28T17:13:27.2433412Z CloudEvents: Disconnected. Reconnecting ... 1766941564.540017
2025-12-28T17:13:27.2433797Z CloudEvents: Reconnected. 1766941564.64022
2025-12-28T17:13:27.2434165Z CloudEvents: Disconnected. Reconnecting ... 1766941683.4112618
2025-12-28T17:13:27.2434480Z CloudEvents: Reconnected. 1766941683.511415
2025-12-28T17:13:27.2434805Z CloudEvents: Disconnected. Reconnecting ... 1766941833.6043875
2025-12-28T17:13:27.2435128Z CloudEvents: Reconnected. 1766941833.7045343
2025-12-28T17:13:27.2435425Z CloudEvents: Disconnected. Reconnecting ... 1766941833.9807916
2025-12-28T17:13:27.2435733Z CloudEvents: Reconnected. 1766941834.081064
2025-12-28T17:13:27.2436038Z CloudEvents: Disconnected. Reconnecting ... 1766941834.353831
2025-12-28T17:13:27.2436336Z CloudEvents: Reconnected. 1766941834.454029
2025-12-28T17:13:27.2436631Z CloudEvents: Disconnected. Reconnecting ... 1766941841.8876455
2025-12-28T17:13:27.2436929Z CloudEvents: Reconnected. 1766941841.9878116
2025-12-28T17:13:27.2437232Z CloudEvents: Disconnected. Reconnecting ... 1766941842.2305248
2025-12-28T17:13:27.2437538Z CloudEvents: Reconnected. 1766941842.3307207
2025-12-28T17:13:27.2437833Z CloudEvents: Disconnected. Reconnecting ... 1766941842.5561118
2025-12-28T17:13:27.2438136Z CloudEvents: Reconnected. 1766941842.6562812
2025-12-28T17:34:56.0697337Z CloudEvents: Disconnected. Reconnecting ... 1766942007.2376225
2025-12-28T17:34:56.0698957Z CloudEvents: Reconnected. 1766942007.33782
2025-12-28T17:34:56.0699612Z CloudEvents: Disconnected. Reconnecting ... 1766942094.6952145
2025-12-28T17:34:56.0700355Z CloudEvents: Reconnected. 1766942094.7953594
2025-12-28T17:34:56.0700726Z CloudEvents: Disconnected. Reconnecting ... 1766942095.0704963
2025-12-28T17:34:56.0701129Z CloudEvents: Reconnected. 1766942095.170654
2025-12-28T17:34:56.0701505Z CloudEvents: Disconnected. Reconnecting ... 1766942099.0876317
2025-12-28T17:34:56.0701867Z CloudEvents: Reconnected. 1766942099.1877978
2025-12-28T17:34:56.0702573Z CloudEvents: Disconnected. Reconnecting ... 1766942099.4275887
2025-12-28T17:34:56.0702945Z CloudEvents: Reconnected. 1766942099.5277956
2025-12-28T17:34:56.0703303Z CloudEvents: Disconnected. Reconnecting ... 1766942099.7758965
2025-12-28T17:34:56.0703670Z CloudEvents: Reconnected. 1766942099.8761415
2025-12-28T17:34:56.0704038Z CloudEvents: Disconnected. Reconnecting ... 1766942102.6622262
2025-12-28T17:34:56.0704426Z CloudEvents: Reconnected. 1766942102.7624984
2025-12-28T17:34:56.0704785Z CloudEvents: Disconnected. Reconnecting ... 1766942103.0042667
2025-12-28T17:34:56.0705147Z CloudEvents: Reconnected. 1766942103.1044295
2025-12-28T17:34:56.0705506Z CloudEvents: Disconnected. Reconnecting ... 1766942103.3330681
2025-12-28T17:34:56.0705998Z CloudEvents: Reconnected. 1766942103.4332204
2025-12-28T17:34:56.0706354Z CloudEvents: Disconnected. Reconnecting ... 1766942107.1753674
2025-12-28T17:34:56.0706720Z CloudEvents: Reconnected. 1766942107.2755094
2025-12-28T17:34:56.0707085Z CloudEvents: Disconnected. Reconnecting ... 1766942107.5338047
2025-12-28T17:34:56.0707440Z CloudEvents: Reconnected. 1766942107.6339493
2025-12-28T17:34:56.0707802Z CloudEvents: Disconnected. Reconnecting ... 1766942111.3079963
2025-12-28T17:34:56.0708168Z CloudEvents: Reconnected. 1766942111.4081345
2025-12-28T17:34:56.0708526Z CloudEvents: Disconnected. Reconnecting ... 1766942111.6378632
2025-12-28T17:34:56.0708891Z CloudEvents: Reconnected. 1766942111.7380445
2025-12-28T17:34:56.0709260Z CloudEvents: Disconnected. Reconnecting ... 1766942111.972033
2025-12-28T17:34:56.0709614Z CloudEvents: Reconnected. 1766942112.0721726
2025-12-28T17:34:56.0710140Z CloudEvents: Disconnected. Reconnecting ... 1766942114.7872689
2025-12-28T17:34:56.0710502Z CloudEvents: Reconnected. 1766942114.8874276
2025-12-28T17:34:56.0710872Z CloudEvents: Disconnected. Reconnecting ... 1766942115.1116343
2025-12-28T17:34:56.0711245Z CloudEvents: Reconnected. 1766942115.2117846
2025-12-28T17:34:56.0711620Z CloudEvents: Disconnected. Reconnecting ... 1766942115.4479103
2025-12-28T17:34:56.0711994Z CloudEvents: Reconnected. 1766942115.5480602
2025-12-28T17:34:56.0712363Z CloudEvents: Disconnected. Reconnecting ... 1766942118.791194
2025-12-28T17:34:56.0712721Z CloudEvents: Reconnected. 1766942118.8913608
2025-12-28T17:34:56.0713162Z CloudEvents: Disconnected. Reconnecting ... 1766942123.1594515
2025-12-28T17:34:56.0713531Z CloudEvents: Reconnected. 1766942123.2596202
2025-12-28T17:34:56.0713889Z CloudEvents: Disconnected. Reconnecting ... 1766942126.3052297
2025-12-28T17:34:56.0714298Z CloudEvents: Reconnected. 1766942126.4053783
2025-12-28T17:34:56.0714665Z CloudEvents: Disconnected. Reconnecting ... 1766942126.6302128
2025-12-28T17:34:56.0715026Z CloudEvents: Reconnected. 1766942126.7303872
2025-12-28T17:34:56.0715399Z CloudEvents: Disconnected. Reconnecting ... 1766942126.9634163
2025-12-28T17:34:56.0715766Z CloudEvents: Reconnected. 1766942127.0635648
2025-12-28T17:34:56.0716129Z CloudEvents: Disconnected. Reconnecting ... 1766942157.0424132
2025-12-28T17:34:56.0716497Z CloudEvents: Reconnected. 1766942157.142574
2025-12-28T17:34:56.0716862Z CloudEvents: Disconnected. Reconnecting ... 1766942157.4184349
2025-12-28T17:34:56.0717221Z CloudEvents: Reconnected. 1766942157.51858
2025-12-28T17:34:56.0717590Z CloudEvents: Disconnected. Reconnecting ... 1766942157.793579
2025-12-28T17:34:56.0717977Z CloudEvents: Reconnected. 1766942157.8937283
2025-12-28T17:34:56.0718333Z CloudEvents: Disconnected. Reconnecting ... 1766942180.0243728
2025-12-28T17:34:56.0718703Z CloudEvents: Reconnected. 1766942180.1247573
2025-12-28T17:34:56.0719062Z CloudEvents: Disconnected. Reconnecting ... 1766942180.359762
2025-12-28T17:34:56.0719415Z CloudEvents: Reconnected. 1766942180.4598927
2025-12-28T17:34:56.0719904Z CloudEvents: Disconnected. Reconnecting ... 1766942180.6943946
2025-12-28T17:34:56.0720271Z CloudEvents: Reconnected. 1766942180.7947898
2025-12-28T17:34:56.0720624Z CloudEvents: Disconnected. Reconnecting ... 1766942289.4675226
2025-12-28T17:34:56.0721143Z CloudEvents: Reconnected. 1766942289.567719
2025-12-28T17:34:56.0721508Z CloudEvents: Disconnected. Reconnecting ... 1766942289.7964594
2025-12-28T17:34:56.0721879Z CloudEvents: Reconnected. 1766942289.8966713
2025-12-28T17:34:56.0722243Z CloudEvents: Disconnected. Reconnecting ... 1766942297.006398
2025-12-28T17:34:56.0722601Z CloudEvents: Reconnected. 1766942297.1065514
2025-12-28T17:34:56.0722961Z CloudEvents: Disconnected. Reconnecting ... 1766942297.373716
2025-12-28T17:34:56.0723327Z CloudEvents: Reconnected. 1766942297.4738486
2025-12-28T17:34:56.0723685Z CloudEvents: Disconnected. Reconnecting ... 1766942297.7063367
2025-12-28T17:34:56.0724064Z CloudEvents: Reconnected. 1766942297.8064983
2025-12-28T17:34:56.0724518Z CloudEvents: Disconnected. Reconnecting ... 1766942313.952239
2025-12-28T17:34:56.0724879Z CloudEvents: Reconnected. 1766942314.0526702
2025-12-28T17:34:56.0725244Z CloudEvents: Disconnected. Reconnecting ... 1766942314.2754521
2025-12-28T17:34:56.0725550Z CloudEvents: Reconnected. 1766942314.3756
2025-12-28T17:34:56.0725842Z CloudEvents: Disconnected. Reconnecting ... 1766942332.7767675
2025-12-28T17:34:56.0726149Z CloudEvents: Reconnected. 1766942332.8769321
2025-12-28T17:34:56.0726440Z CloudEvents: Disconnected. Reconnecting ... 1766942333.1226676
2025-12-28T17:34:56.0726752Z CloudEvents: Reconnected. 1766942333.2228308
2025-12-28T17:34:56.0727058Z CloudEvents: Disconnected. Reconnecting ... 1766942333.448091
2025-12-28T17:34:56.0727353Z CloudEvents: Reconnected. 1766942333.5482512
2025-12-28T17:34:56.0727658Z CloudEvents: Disconnected. Reconnecting ... 1766942363.5077028
2025-12-28T17:34:56.0727959Z CloudEvents: Reconnected. 1766942363.6078439
2025-12-28T17:34:56.0728255Z CloudEvents: Disconnected. Reconnecting ... 1766942363.855474
2025-12-28T17:34:56.0728568Z CloudEvents: Reconnected. 1766942363.9556394
2025-12-28T17:34:56.0728868Z CloudEvents: Disconnected. Reconnecting ... 1766942449.9015825
2025-12-28T17:34:56.0729163Z CloudEvents: Reconnected. 1766942450.0018384
2025-12-28T17:34:56.0729465Z CloudEvents: Disconnected. Reconnecting ... 1766942450.3127441
2025-12-28T17:34:56.0729843Z CloudEvents: Reconnected. 1766942450.4128923
2025-12-28T17:34:56.0730138Z CloudEvents: Disconnected. Reconnecting ... 1766942529.1780694
2025-12-28T17:34:56.0730444Z CloudEvents: Reconnected. 1766942529.2782397
2025-12-28T17:34:56.0730739Z CloudEvents: Disconnected. Reconnecting ... 1766942529.5682473
2025-12-28T17:34:56.0731044Z CloudEvents: Reconnected. 1766942529.6684477
2025-12-28T17:34:56.0731347Z CloudEvents: Disconnected. Reconnecting ... 1766942536.7597528
2025-12-28T17:34:56.0731653Z CloudEvents: Reconnected. 1766942536.8599114
2025-12-28T17:34:56.0731966Z CloudEvents: Disconnected. Reconnecting ... 1766942537.105818
2025-12-28T17:34:56.0732286Z CloudEvents: Reconnected. 1766942537.2059689
2025-12-28T17:34:56.0732589Z CloudEvents: Disconnected. Reconnecting ... 1766942537.4294655
2025-12-28T17:34:56.0732895Z CloudEvents: Reconnected. 1766942537.5296288
2025-12-28T17:34:56.0733196Z CloudEvents: Disconnected. Reconnecting ... 1766942587.0564694
2025-12-28T17:34:56.0733489Z CloudEvents: Reconnected. 1766942587.156632
2025-12-28T17:34:56.0733823Z CloudEvents: Disconnected. Reconnecting ... 1766942587.425168
2025-12-28T17:34:56.0734128Z CloudEvents: Reconnected. 1766942587.5253294
2025-12-28T17:34:56.0734424Z CloudEvents: Disconnected. Reconnecting ... 1766942587.7595584
2025-12-28T17:34:56.0734727Z CloudEvents: Reconnected. 1766942587.8597162
2025-12-28T17:34:56.0735027Z CloudEvents: Disconnected. Reconnecting ... 1766942605.4644163
2025-12-28T17:34:56.0735326Z CloudEvents: Reconnected. 1766942605.5647385
2025-12-28T17:34:56.0735626Z CloudEvents: Disconnected. Reconnecting ... 1766942605.8049612
2025-12-28T17:34:56.0735926Z CloudEvents: Reconnected. 1766942605.9051569
2025-12-28T17:34:56.0736224Z CloudEvents: Disconnected. Reconnecting ... 1766942619.5628297
2025-12-28T17:34:56.0736529Z CloudEvents: Reconnected. 1766942619.6630125
2025-12-28T17:34:56.0736926Z CloudEvents: Disconnected. Reconnecting ... 1766942619.8874757
2025-12-28T17:34:56.0737237Z CloudEvents: Reconnected. 1766942619.9876387
2025-12-28T17:34:56.0737537Z CloudEvents: Disconnected. Reconnecting ... 1766942620.245396
2025-12-28T17:34:56.0737831Z CloudEvents: Reconnected. 1766942620.345556
2025-12-28T17:34:56.0738133Z CloudEvents: Disconnected. Reconnecting ... 1766942627.422493
2025-12-28T17:34:56.0738438Z CloudEvents: Reconnected. 1766942627.5226562
2025-12-28T17:34:56.0738731Z CloudEvents: Disconnected. Reconnecting ... 1766942705.8546705
2025-12-28T17:34:56.0739036Z CloudEvents: Reconnected. 1766942705.95482
2025-12-28T17:34:56.0739328Z CloudEvents: Disconnected. Reconnecting ... 1766942728.1600752
2025-12-28T17:34:56.0739632Z CloudEvents: Reconnected. 1766942728.2602317
2025-12-28T17:34:56.0740111Z CloudEvents: Disconnected. Reconnecting ... 1766942814.3709416
2025-12-28T17:34:56.0740404Z CloudEvents: Reconnected. 1766942814.471148
2025-12-28T17:34:56.0740714Z CloudEvents: Disconnected. Reconnecting ... 1766942814.7189093
2025-12-28T17:34:56.0741025Z CloudEvents: Reconnected. 1766942814.8190694
2025-12-28T17:34:56.0741322Z CloudEvents: Disconnected. Reconnecting ... 1766942815.0670187
2025-12-28T17:34:56.0741633Z CloudEvents: Reconnected. 1766942815.1672826
2025-12-28T17:34:56.0741931Z CloudEvents: Disconnected. Reconnecting ... 1766942916.687465
2025-12-28T17:34:56.0742230Z CloudEvents: Reconnected. 1766942916.7876203
2025-12-28T17:34:56.0742531Z CloudEvents: Disconnected. Reconnecting ... 1766942998.9211526
2025-12-28T17:34:56.0742839Z CloudEvents: Reconnected. 1766942999.0213227
2025-12-28T17:34:56.0743133Z CloudEvents: Disconnected. Reconnecting ... 1766943009.3669643
2025-12-28T17:34:56.0743438Z CloudEvents: Reconnected. 1766943009.4671679
2025-12-28T17:34:56.0743738Z CloudEvents: Disconnected. Reconnecting ... 1766943009.704317
2025-12-28T17:34:56.0744041Z CloudEvents: Reconnected. 1766943009.8044827
2025-12-28T17:34:56.0744355Z CloudEvents: Disconnected. Reconnecting ... 1766943010.0470824
2025-12-28T17:34:56.0744676Z CloudEvents: Reconnected. 1766943010.1472504
2025-12-28T17:34:56.0744976Z CloudEvents: Disconnected. Reconnecting ... 1766943131.7721968
2025-12-28T17:34:56.0745283Z CloudEvents: Reconnected. 1766943131.8723514
2025-12-28T17:34:56.0745577Z CloudEvents: Disconnected. Reconnecting ... 1766943132.1552339
2025-12-28T17:34:56.0745878Z CloudEvents: Reconnected. 1766943132.2553928
2025-12-28T17:34:56.0746179Z CloudEvents: Disconnected. Reconnecting ... 1766943132.5128243
2025-12-28T17:34:56.0746476Z CloudEvents: Reconnected. 1766943132.6130204
2025-12-28T17:34:56.0746775Z CloudEvents: Disconnected. Reconnecting ... 1766943243.839177
2025-12-28T17:34:56.0747081Z CloudEvents: Reconnected. 1766943243.9393408
2025-12-28T17:34:56.0747379Z CloudEvents: Disconnected. Reconnecting ... 1766943255.5823326
2025-12-28T17:34:56.0747692Z CloudEvents: Reconnected. 1766943255.6824992
2025-12-28T17:34:56.0747981Z CloudEvents: Disconnected. Reconnecting ... 1766943255.919954
2025-12-28T17:34:56.0748292Z CloudEvents: Reconnected. 1766943256.020119
2025-12-28T17:34:56.0748599Z CloudEvents: Disconnected. Reconnecting ... 1766943278.2487223
2025-12-28T17:34:56.0748898Z CloudEvents: Reconnected. 1766943278.3488681
2025-12-28T17:34:56.0749201Z CloudEvents: Disconnected. Reconnecting ... 1766943278.5748894
2025-12-28T17:34:56.0749502Z CloudEvents: Reconnected. 1766943278.6750429
2025-12-28T17:34:56.0749922Z CloudEvents: Disconnected. Reconnecting ... 1766943278.9701605
2025-12-28T17:34:56.0750236Z CloudEvents: Reconnected. 1766943279.0703278
2025-12-28T17:34:56.0750541Z CloudEvents: Disconnected. Reconnecting ... 1766943295.7467046
2025-12-28T17:34:56.0750841Z CloudEvents: Reconnected. 1766943295.846872
2025-12-28T17:54:11.9057863Z CloudEvents: Disconnected. Reconnecting ... 1766943296.069502
2025-12-28T17:54:11.9059642Z CloudEvents: Reconnected. 1766943296.169705
2025-12-28T17:54:11.9061549Z CloudEvents: Disconnected. Reconnecting ... 1766943296.422475
2025-12-28T17:54:11.9061975Z CloudEvents: Reconnected. 1766943296.5226195
2025-12-28T17:54:11.9062948Z CloudEvents: Disconnected. Reconnecting ... 1766943299.959701
2025-12-28T17:54:11.9063585Z CloudEvents: Reconnected. 1766943300.0598335
2025-12-28T17:54:11.9064278Z CloudEvents: Disconnected. Reconnecting ... 1766943300.312171
2025-12-28T17:54:11.9064800Z CloudEvents: Reconnected. 1766943300.4123235
2025-12-28T17:54:11.9065464Z CloudEvents: Disconnected. Reconnecting ... 1766943300.658381
2025-12-28T17:54:11.9065825Z CloudEvents: Reconnected. 1766943300.7585437
2025-12-28T17:54:11.9066191Z CloudEvents: Disconnected. Reconnecting ... 1766943320.3581982
2025-12-28T17:54:11.9066553Z CloudEvents: Reconnected. 1766943320.4583611
2025-12-28T17:54:11.9066913Z CloudEvents: Disconnected. Reconnecting ... 1766943320.7526605
2025-12-28T17:54:11.9067411Z CloudEvents: Reconnected. 1766943320.8528128
2025-12-28T17:54:11.9067765Z CloudEvents: Disconnected. Reconnecting ... 1766943325.1418726
2025-12-28T17:54:11.9068133Z CloudEvents: Reconnected. 1766943325.2421536
2025-12-28T17:54:11.9068494Z CloudEvents: Disconnected. Reconnecting ... 1766943333.490601
2025-12-28T17:54:11.9068845Z CloudEvents: Reconnected. 1766943333.5908053
2025-12-28T17:54:11.9069208Z CloudEvents: Disconnected. Reconnecting ... 1766943333.9285023
2025-12-28T17:54:11.9069575Z CloudEvents: Reconnected. 1766943334.0287468
2025-12-28T17:54:11.9070167Z CloudEvents: Disconnected. Reconnecting ... 1766943334.2747614
2025-12-28T17:54:11.9070541Z CloudEvents: Reconnected. 1766943334.374909
2025-12-28T17:54:11.9070896Z CloudEvents: Disconnected. Reconnecting ... 1766943352.5448186
2025-12-28T17:54:11.9071261Z CloudEvents: Reconnected. 1766943352.64505
2025-12-28T17:54:11.9071626Z CloudEvents: Disconnected. Reconnecting ... 1766943352.8912354
2025-12-28T17:54:11.9071986Z CloudEvents: Reconnected. 1766943352.991415
2025-12-28T17:54:11.9072364Z CloudEvents: Disconnected. Reconnecting ... 1766943353.2372391
2025-12-28T17:54:11.9072736Z CloudEvents: Reconnected. 1766943353.3374097
2025-12-28T17:54:11.9073099Z CloudEvents: Disconnected. Reconnecting ... 1766943373.8804636
2025-12-28T17:54:11.9073469Z CloudEvents: Reconnected. 1766943373.9806318
2025-12-28T17:54:11.9073839Z CloudEvents: Disconnected. Reconnecting ... 1766943374.2277787
2025-12-28T17:54:11.9074199Z CloudEvents: Reconnected. 1766943374.3279505
2025-12-28T17:54:11.9074565Z CloudEvents: Disconnected. Reconnecting ... 1766943379.6227367
2025-12-28T17:54:11.9074926Z CloudEvents: Reconnected. 1766943379.7229128
2025-12-28T17:54:11.9075282Z CloudEvents: Disconnected. Reconnecting ... 1766943379.9674778
2025-12-28T17:54:11.9075658Z CloudEvents: Reconnected. 1766943380.0676718
2025-12-28T17:54:11.9076011Z CloudEvents: Disconnected. Reconnecting ... 1766943380.2921977
2025-12-28T17:54:11.9076382Z CloudEvents: Reconnected. 1766943380.3923523
2025-12-28T17:54:11.9076753Z CloudEvents: Disconnected. Reconnecting ... 1766943390.4694977
2025-12-28T17:54:11.9077102Z CloudEvents: Reconnected. 1766943390.569648
2025-12-28T17:54:11.9077404Z CloudEvents: Disconnected. Reconnecting ... 1766943390.8618257
2025-12-28T17:54:11.9077714Z CloudEvents: Reconnected. 1766943390.9620314
2025-12-28T17:54:11.9078012Z CloudEvents: Disconnected. Reconnecting ... 1766943479.606359
2025-12-28T17:54:11.9078315Z CloudEvents: Reconnected. 1766943479.7065244
2025-12-28T17:54:11.9078612Z CloudEvents: Disconnected. Reconnecting ... 1766943539.193923
2025-12-28T17:54:11.9078908Z CloudEvents: Reconnected. 1766943539.2940998
2025-12-28T17:54:11.9079208Z CloudEvents: Disconnected. Reconnecting ... 1766943539.5976403
2025-12-28T17:54:11.9079514Z CloudEvents: Reconnected. 1766943539.697817
2025-12-28T17:54:11.9079920Z CloudEvents: Disconnected. Reconnecting ... 1766943651.214284
2025-12-28T17:54:11.9080243Z CloudEvents: Reconnected. 1766943651.3144548
2025-12-28T17:54:11.9080550Z CloudEvents: Disconnected. Reconnecting ... 1766943651.5771067
2025-12-28T17:54:11.9080871Z CloudEvents: Reconnected. 1766943651.6772761
2025-12-28T17:54:11.9081182Z CloudEvents: Disconnected. Reconnecting ... 1766943689.0741794
2025-12-28T17:54:11.9081485Z CloudEvents: Reconnected. 1766943689.1743817
2025-12-28T17:54:11.9081921Z CloudEvents: Disconnected. Reconnecting ... 1766943719.224614
2025-12-28T17:54:11.9082236Z CloudEvents: Reconnected. 1766943719.3247912
2025-12-28T17:54:11.9082537Z CloudEvents: Disconnected. Reconnecting ... 1766943719.5558803
2025-12-28T17:54:11.9082846Z CloudEvents: Reconnected. 1766943719.6560555
2025-12-28T17:54:11.9083151Z CloudEvents: Disconnected. Reconnecting ... 1766943742.3049393
2025-12-28T17:54:11.9083449Z CloudEvents: Reconnected. 1766943742.4050746
2025-12-28T17:54:11.9083753Z CloudEvents: Disconnected. Reconnecting ... 1766943742.6866565
2025-12-28T17:54:11.9084057Z CloudEvents: Reconnected. 1766943742.7868133
2025-12-28T17:54:11.9084347Z CloudEvents: Disconnected. Reconnecting ... 1766943743.0218334
2025-12-28T17:54:11.9084757Z CloudEvents: Reconnected. 1766943743.1220245
2025-12-28T17:54:11.9085055Z CloudEvents: Disconnected. Reconnecting ... 1766943767.4750745
2025-12-28T17:54:11.9085361Z CloudEvents: Reconnected. 1766943767.575227
2025-12-28T17:54:11.9085672Z CloudEvents: Disconnected. Reconnecting ... 1766943852.0244875
2025-12-28T17:54:11.9085971Z CloudEvents: Reconnected. 1766943852.124664
2025-12-28T17:54:11.9086276Z CloudEvents: Disconnected. Reconnecting ... 1766943852.4174879
2025-12-28T17:54:11.9086580Z CloudEvents: Reconnected. 1766943852.5176454
2025-12-28T17:54:11.9086881Z CloudEvents: Disconnected. Reconnecting ... 1766943857.2262487
2025-12-28T17:54:11.9087184Z CloudEvents: Reconnected. 1766943857.3263986
2025-12-28T17:54:11.9087482Z CloudEvents: Disconnected. Reconnecting ... 1766943857.5720637
2025-12-28T17:54:11.9087775Z CloudEvents: Reconnected. 1766943857.6723099
2025-12-28T17:54:11.9088073Z CloudEvents: Disconnected. Reconnecting ... 1766943857.9203227
2025-12-28T17:54:11.9088383Z CloudEvents: Reconnected. 1766943858.0204694
2025-12-28T17:54:11.9088684Z CloudEvents: Disconnected. Reconnecting ... 1766943890.2805357
2025-12-28T17:54:11.9089141Z CloudEvents: Reconnected. 1766943890.3806913
2025-12-28T17:54:11.9089606Z CloudEvents: Disconnected. Reconnecting ... 1766943890.6308198
2025-12-28T17:54:11.9090195Z CloudEvents: Reconnected. 1766943890.7309608
2025-12-28T17:54:11.9090670Z CloudEvents: Disconnected. Reconnecting ... 1766943894.3683734
2025-12-28T17:54:11.9091053Z CloudEvents: Reconnected. 1766943894.46854
2025-12-28T17:54:11.9091354Z CloudEvents: Disconnected. Reconnecting ... 1766943894.7549336
2025-12-28T17:54:11.9091659Z CloudEvents: Reconnected. 1766943894.8552535
2025-12-28T17:54:11.9091953Z CloudEvents: Disconnected. Reconnecting ... 1766943926.3576267
2025-12-28T17:54:11.9092258Z CloudEvents: Reconnected. 1766943926.457783
2025-12-28T17:54:11.9092561Z CloudEvents: Disconnected. Reconnecting ... 1766943926.7082734
2025-12-28T17:54:11.9092857Z CloudEvents: Reconnected. 1766943926.8084724
2025-12-28T17:54:11.9093177Z CloudEvents: Disconnected. Reconnecting ... 1766943974.9382267
2025-12-28T17:54:11.9093479Z CloudEvents: Reconnected. 1766943975.0383925
2025-12-28T17:54:11.9093783Z CloudEvents: Disconnected. Reconnecting ... 1766944026.8398793
2025-12-28T17:54:11.9094092Z CloudEvents: Reconnected. 1766944026.9401433
2025-12-28T17:54:11.9094392Z CloudEvents: Disconnected. Reconnecting ... 1766944055.1202579
2025-12-28T17:54:11.9094695Z CloudEvents: Reconnected. 1766944055.220407
2025-12-28T17:54:11.9094996Z CloudEvents: Disconnected. Reconnecting ... 1766944055.4655159
2025-12-28T17:54:11.9095301Z CloudEvents: Reconnected. 1766944055.5656738
2025-12-28T17:54:11.9095601Z CloudEvents: Disconnected. Reconnecting ... 1766944055.799254
2025-12-28T17:54:11.9095919Z CloudEvents: Reconnected. 1766944055.899417
2025-12-28T17:54:11.9096217Z CloudEvents: Disconnected. Reconnecting ... 1766944122.3843381
2025-12-28T17:54:11.9096520Z CloudEvents: Reconnected. 1766944122.4844918
2025-12-28T17:54:11.9096827Z CloudEvents: Disconnected. Reconnecting ... 1766944122.7481096
2025-12-28T17:54:11.9097127Z CloudEvents: Reconnected. 1766944122.8482773
2025-12-28T17:54:11.9097427Z CloudEvents: Disconnected. Reconnecting ... 1766944123.0983992
2025-12-28T17:54:11.9097874Z CloudEvents: Reconnected. 1766944123.198613
2025-12-28T17:54:11.9098171Z CloudEvents: Disconnected. Reconnecting ... 1766944146.3314204
2025-12-28T17:54:11.9098473Z CloudEvents: Reconnected. 1766944146.4315746
2025-12-28T17:54:11.9098768Z CloudEvents: Disconnected. Reconnecting ... 1766944146.672265
2025-12-28T17:54:11.9099069Z CloudEvents: Reconnected. 1766944146.7725143
2025-12-28T17:54:11.9099371Z CloudEvents: Disconnected. Reconnecting ... 1766944147.0436766
2025-12-28T17:54:11.9099673Z CloudEvents: Reconnected. 1766944147.1438336
2025-12-28T17:54:11.9100171Z CloudEvents: Disconnected. Reconnecting ... 1766944176.317766
2025-12-28T17:54:11.9100480Z CloudEvents: Reconnected. 1766944176.4179277
2025-12-28T17:54:11.9100856Z CloudEvents: Disconnected. Reconnecting ... 1766944176.6635454
2025-12-28T17:54:11.9101158Z CloudEvents: Reconnected. 1766944176.763708
2025-12-28T17:54:11.9101462Z CloudEvents: Disconnected. Reconnecting ... 1766944177.0003169
2025-12-28T17:54:11.9101762Z CloudEvents: Reconnected. 1766944177.1004803
2025-12-28T17:54:11.9102067Z CloudEvents: Disconnected. Reconnecting ... 1766944274.1722732
2025-12-28T17:54:11.9102393Z CloudEvents: Reconnected. 1766944274.272429
2025-12-28T17:54:11.9102684Z CloudEvents: Disconnected. Reconnecting ... 1766944274.510546
2025-12-28T17:54:11.9102981Z CloudEvents: Reconnected. 1766944274.6107059
2025-12-28T17:54:11.9103284Z CloudEvents: Disconnected. Reconnecting ... 1766944278.5740347
2025-12-28T17:54:11.9103578Z CloudEvents: Reconnected. 1766944278.6741884
2025-12-28T17:54:11.9103877Z CloudEvents: Disconnected. Reconnecting ... 1766944278.9325552
2025-12-28T17:54:11.9104175Z CloudEvents: Reconnected. 1766944279.0326908
2025-12-28T17:54:11.9104469Z CloudEvents: Disconnected. Reconnecting ... 1766944323.544862
2025-12-28T17:54:11.9104778Z CloudEvents: Reconnected. 1766944323.6450455
2025-12-28T17:54:11.9105086Z CloudEvents: Disconnected. Reconnecting ... 1766944323.8704894
2025-12-28T17:54:11.9105381Z CloudEvents: Reconnected. 1766944323.9706526
2025-12-28T17:54:11.9105686Z CloudEvents: Disconnected. Reconnecting ... 1766944324.214098
2025-12-28T17:54:11.9105984Z CloudEvents: Reconnected. 1766944324.3142774
2025-12-28T17:54:11.9106282Z CloudEvents: Disconnected. Reconnecting ... 1766944367.24249
2025-12-28T17:54:11.9106585Z CloudEvents: Reconnected. 1766944367.3426688
2025-12-28T17:54:11.9106876Z CloudEvents: Disconnected. Reconnecting ... 1766944367.6400661
2025-12-28T17:54:11.9107179Z CloudEvents: Reconnected. 1766944367.7403991
2025-12-28T17:54:11.9107473Z CloudEvents: Disconnected. Reconnecting ... 1766944380.418353
2025-12-28T17:54:11.9107764Z CloudEvents: Reconnected. 1766944380.518501
2025-12-28T17:54:11.9108061Z CloudEvents: Disconnected. Reconnecting ... 1766944400.753896
2025-12-28T17:54:11.9108370Z CloudEvents: Reconnected. 1766944400.8540602
2025-12-28T17:54:11.9108666Z CloudEvents: Disconnected. Reconnecting ... 1766944401.1021645
2025-12-28T17:54:11.9108965Z CloudEvents: Reconnected. 1766944401.2023084
2025-12-28T17:54:11.9109268Z CloudEvents: Disconnected. Reconnecting ... 1766944401.4301605
2025-12-28T17:54:11.9109568Z CloudEvents: Reconnected. 1766944401.5303206
2025-12-28T17:54:11.9110026Z CloudEvents: Disconnected. Reconnecting ... 1766944405.8700848
2025-12-28T17:54:11.9110323Z CloudEvents: Reconnected. 1766944405.9702601
2025-12-28T17:54:11.9110631Z CloudEvents: Disconnected. Reconnecting ... 1766944406.2166789
2025-12-28T17:54:11.9110941Z CloudEvents: Reconnected. 1766944406.3168232
2025-12-28T17:54:11.9111238Z CloudEvents: Disconnected. Reconnecting ... 1766944406.6089983
2025-12-28T17:54:11.9111555Z CloudEvents: Reconnected. 1766944406.7091336
2025-12-28T17:54:11.9111868Z CloudEvents: Disconnected. Reconnecting ... 1766944440.864097
2025-12-28T17:54:11.9112182Z CloudEvents: Reconnected. 1766944440.9642506
2025-12-28T17:54:11.9112492Z CloudEvents: Disconnected. Reconnecting ... 1766944441.233423
2025-12-28T17:54:11.9112792Z CloudEvents: Reconnected. 1766944441.3335686
2025-12-28T17:54:11.9113181Z CloudEvents: Disconnected. Reconnecting ... 1766944451.8051825
2025-12-28T18:17:18.0945662Z CloudEvents: Reconnected. 1766944451.9053566
2025-12-28T18:17:18.0946500Z CloudEvents: Disconnected. Reconnecting ... 1766944452.1311955
2025-12-28T18:17:18.0946895Z CloudEvents: Reconnected. 1766944452.2313435
2025-12-28T18:17:18.0947270Z CloudEvents: Disconnected. Reconnecting ... 1766944458.4591095
2025-12-28T18:17:18.0947633Z CloudEvents: Reconnected. 1766944458.559261
2025-12-28T18:17:18.0948003Z CloudEvents: Disconnected. Reconnecting ... 1766944458.8063357
2025-12-28T18:17:18.0948380Z CloudEvents: Reconnected. 1766944458.9065015
2025-12-28T18:17:18.0948746Z CloudEvents: Disconnected. Reconnecting ... 1766944465.4515798
2025-12-28T18:17:18.0949117Z CloudEvents: Reconnected. 1766944465.5517452
2025-12-28T18:17:18.0950112Z CloudEvents: Disconnected. Reconnecting ... 1766944465.779959
2025-12-28T18:17:18.0950519Z CloudEvents: Reconnected. 1766944465.880102
2025-12-28T18:17:18.0950883Z CloudEvents: Disconnected. Reconnecting ... 1766944481.3031619
2025-12-28T18:17:18.0951254Z CloudEvents: Reconnected. 1766944481.4033072
2025-12-28T18:17:18.0951625Z CloudEvents: Disconnected. Reconnecting ... 1766944481.6617675
2025-12-28T18:17:18.0951993Z CloudEvents: Reconnected. 1766944481.761923
2025-12-28T18:17:18.0952346Z CloudEvents: Disconnected. Reconnecting ... 1766944482.0043821
2025-12-28T18:17:18.0952709Z CloudEvents: Reconnected. 1766944482.1045473
2025-12-28T18:17:18.0953071Z CloudEvents: Disconnected. Reconnecting ... 1766944497.673057
2025-12-28T18:17:18.0953426Z CloudEvents: Reconnected. 1766944497.7732604
2025-12-28T18:17:18.0953790Z CloudEvents: Disconnected. Reconnecting ... 1766944498.0224135
2025-12-28T18:17:18.0954150Z CloudEvents: Reconnected. 1766944498.122571
2025-12-28T18:17:18.0954513Z CloudEvents: Disconnected. Reconnecting ... 1766944538.5319602
2025-12-28T18:17:18.0954875Z CloudEvents: Reconnected. 1766944538.6321697
2025-12-28T18:17:18.0955225Z CloudEvents: Disconnected. Reconnecting ... 1766944538.881217
2025-12-28T18:17:18.0955596Z CloudEvents: Reconnected. 1766944538.98137
2025-12-28T18:17:18.0955960Z CloudEvents: Disconnected. Reconnecting ... 1766944539.2230735
2025-12-28T18:17:18.0956317Z CloudEvents: Reconnected. 1766944539.3232176
2025-12-28T18:17:18.0956677Z CloudEvents: Disconnected. Reconnecting ... 1766944543.8248594
2025-12-28T18:17:18.0957042Z CloudEvents: Reconnected. 1766944543.925043
2025-12-28T18:17:18.0957394Z CloudEvents: Disconnected. Reconnecting ... 1766944544.1815782
2025-12-28T18:17:18.0957759Z CloudEvents: Reconnected. 1766944544.281712
2025-12-28T18:17:18.0958116Z CloudEvents: Disconnected. Reconnecting ... 1766944544.532208
2025-12-28T18:17:18.0958471Z CloudEvents: Reconnected. 1766944544.6323507
2025-12-28T18:17:18.0958833Z CloudEvents: Disconnected. Reconnecting ... 1766944579.4002519
2025-12-28T18:17:18.0959205Z CloudEvents: Reconnected. 1766944579.5003912
2025-12-28T18:17:18.0959559Z CloudEvents: Disconnected. Reconnecting ... 1766944579.7436295
2025-12-28T18:17:18.0960131Z CloudEvents: Reconnected. 1766944579.843798
2025-12-28T18:17:18.0960490Z CloudEvents: Disconnected. Reconnecting ... 1766944580.1185584
2025-12-28T18:17:18.0960861Z CloudEvents: Reconnected. 1766944580.2187274
2025-12-28T18:17:18.0961224Z CloudEvents: Disconnected. Reconnecting ... 1766944635.7592893
2025-12-28T18:17:18.0961579Z CloudEvents: Reconnected. 1766944635.8594542
2025-12-28T18:17:18.0961938Z CloudEvents: Disconnected. Reconnecting ... 1766944636.133091
2025-12-28T18:17:18.0962302Z CloudEvents: Reconnected. 1766944636.2332554
2025-12-28T18:17:18.0962655Z CloudEvents: Disconnected. Reconnecting ... 1766944671.5281675
2025-12-28T18:17:18.0963017Z CloudEvents: Reconnected. 1766944671.6283355
2025-12-28T18:17:18.0963562Z CloudEvents: Disconnected. Reconnecting ... 1766944671.8624861
2025-12-28T18:17:18.0964193Z CloudEvents: Reconnected. 1766944671.962649
2025-12-28T18:17:18.0964560Z CloudEvents: Disconnected. Reconnecting ... 1766944690.9876895
2025-12-28T18:17:18.0964923Z CloudEvents: Reconnected. 1766944691.0878444
2025-12-28T18:17:18.0965469Z CloudEvents: Disconnected. Reconnecting ... 1766944695.367348
2025-12-28T18:17:18.0965845Z CloudEvents: Reconnected. 1766944695.4674895
2025-12-28T18:17:18.0966197Z CloudEvents: Disconnected. Reconnecting ... 1766944695.7184684
2025-12-28T18:17:18.0966559Z CloudEvents: Reconnected. 1766944695.8186367
2025-12-28T18:17:18.0966919Z CloudEvents: Disconnected. Reconnecting ... 1766944713.8346574
2025-12-28T18:17:18.0967277Z CloudEvents: Reconnected. 1766944713.9348278
2025-12-28T18:17:18.0967641Z CloudEvents: Disconnected. Reconnecting ... 1766944714.198546
2025-12-28T18:17:18.0968007Z CloudEvents: Reconnected. 1766944714.2987018
2025-12-28T18:17:18.0968370Z CloudEvents: Disconnected. Reconnecting ... 1766944714.5474021
2025-12-28T18:17:18.0968815Z CloudEvents: Reconnected. 1766944714.647571
2025-12-28T18:17:18.0969172Z CloudEvents: Disconnected. Reconnecting ... 1766944765.070396
2025-12-28T18:17:18.0969570Z CloudEvents: Reconnected. 1766944765.1705291
2025-12-28T18:17:18.0970028Z CloudEvents: Disconnected. Reconnecting ... 1766944765.4951868
2025-12-28T18:17:18.0970391Z CloudEvents: Reconnected. 1766944765.5953538
2025-12-28T18:17:18.0970740Z CloudEvents: Disconnected. Reconnecting ... 1766944765.8619466
2025-12-28T18:17:18.0971103Z CloudEvents: Reconnected. 1766944765.9620967
2025-12-28T18:17:18.0971461Z CloudEvents: Disconnected. Reconnecting ... 1766944802.560289
2025-12-28T18:17:18.0971825Z CloudEvents: Reconnected. 1766944802.6604505
2025-12-28T18:17:18.0972187Z CloudEvents: Disconnected. Reconnecting ... 1766944802.941108
2025-12-28T18:17:18.0972542Z CloudEvents: Reconnected. 1766944803.0413113
2025-12-28T18:17:18.0972902Z CloudEvents: Disconnected. Reconnecting ... 1766944807.576584
2025-12-28T18:17:18.0973267Z CloudEvents: Reconnected. 1766944807.676739
2025-12-28T18:17:18.0973620Z CloudEvents: Disconnected. Reconnecting ... 1766944807.909539
2025-12-28T18:17:18.0973980Z CloudEvents: Reconnected. 1766944808.0097086
2025-12-28T18:17:18.0974346Z CloudEvents: Disconnected. Reconnecting ... 1766944812.4099424
2025-12-28T18:17:18.0974705Z CloudEvents: Reconnected. 1766944812.5100863
2025-12-28T18:17:18.0975071Z CloudEvents: Disconnected. Reconnecting ... 1766944812.748316
2025-12-28T18:17:18.0975436Z CloudEvents: Reconnected. 1766944812.8484418
2025-12-28T18:17:18.0975754Z CloudEvents: Disconnected. Reconnecting ... 1766944818.572828
2025-12-28T18:17:18.0976054Z CloudEvents: Reconnected. 1766944818.6730263
2025-12-28T18:17:18.0976347Z CloudEvents: Disconnected. Reconnecting ... 1766944818.9192922
2025-12-28T18:17:18.0976650Z CloudEvents: Reconnected. 1766944819.0194545
2025-12-28T18:17:18.0976950Z CloudEvents: Disconnected. Reconnecting ... 1766944819.2650363
2025-12-28T18:17:18.0977247Z CloudEvents: Reconnected. 1766944819.3651993
2025-12-28T18:17:18.0977546Z CloudEvents: Disconnected. Reconnecting ... 1766944822.572659
2025-12-28T18:17:18.0977846Z CloudEvents: Reconnected. 1766944822.672885
2025-12-28T18:17:18.0978136Z CloudEvents: Disconnected. Reconnecting ... 1766944822.8973687
2025-12-28T18:17:18.0978440Z CloudEvents: Reconnected. 1766944822.997611
2025-12-28T18:17:18.0978740Z CloudEvents: Disconnected. Reconnecting ... 1766944823.2796724
2025-12-28T18:17:18.0979039Z CloudEvents: Reconnected. 1766944823.3798347
2025-12-28T18:17:18.0979339Z CloudEvents: Disconnected. Reconnecting ... 1766944927.9042664
2025-12-28T18:17:18.0979638Z CloudEvents: Reconnected. 1766944928.0044758
2025-12-28T18:17:18.0979997Z CloudEvents: Disconnected. Reconnecting ... 1766944928.2704325
2025-12-28T18:17:18.0980299Z CloudEvents: Reconnected. 1766944928.3706002
2025-12-28T18:17:18.0980586Z CloudEvents: Disconnected. Reconnecting ... 1766944961.7107658
2025-12-28T18:17:18.0980890Z CloudEvents: Reconnected. 1766944961.8109329
2025-12-28T18:17:18.0981184Z CloudEvents: Disconnected. Reconnecting ... 1766944962.0567005
2025-12-28T18:17:18.0981475Z CloudEvents: Reconnected. 1766944962.156928
2025-12-28T18:17:18.0981772Z CloudEvents: Disconnected. Reconnecting ... 1766945190.8214264
2025-12-28T18:17:18.0982077Z CloudEvents: Reconnected. 1766945190.9215991
2025-12-28T18:17:18.0982463Z CloudEvents: Disconnected. Reconnecting ... 1766945191.1956508
2025-12-28T18:17:18.0982770Z CloudEvents: Reconnected. 1766945191.295814
2025-12-28T18:17:18.0983068Z CloudEvents: Disconnected. Reconnecting ... 1766945191.5922217
2025-12-28T18:17:18.0983363Z CloudEvents: Reconnected. 1766945191.6923614
2025-12-28T18:17:18.0983667Z CloudEvents: Disconnected. Reconnecting ... 1766945278.4034023
2025-12-28T18:17:18.0983970Z CloudEvents: Reconnected. 1766945278.5035577
2025-12-28T18:17:18.0984350Z CloudEvents: Disconnected. Reconnecting ... 1766945285.3214214
2025-12-28T18:17:18.0984875Z CloudEvents: Reconnected. 1766945285.4215775
2025-12-28T18:17:18.0985260Z CloudEvents: Disconnected. Reconnecting ... 1766945285.721083
2025-12-28T18:17:18.0985643Z CloudEvents: Reconnected. 1766945285.821232
2025-12-28T18:17:18.0985942Z CloudEvents: Disconnected. Reconnecting ... 1766945286.045176
2025-12-28T18:17:18.0986231Z CloudEvents: Reconnected. 1766945286.145345
2025-12-28T18:17:18.0986534Z CloudEvents: Disconnected. Reconnecting ... 1766945306.8451495
2025-12-28T18:17:18.0986845Z CloudEvents: Reconnected. 1766945306.9452975
2025-12-28T18:17:18.0987143Z CloudEvents: Disconnected. Reconnecting ... 1766945307.215016
2025-12-28T18:17:18.0987443Z CloudEvents: Reconnected. 1766945307.3151596
2025-12-28T18:17:18.0987745Z CloudEvents: Disconnected. Reconnecting ... 1766945310.6748471
2025-12-28T18:17:18.0988038Z CloudEvents: Reconnected. 1766945310.7750304
2025-12-28T18:17:18.0988341Z CloudEvents: Disconnected. Reconnecting ... 1766945311.0466342
2025-12-28T18:17:18.0988645Z CloudEvents: Reconnected. 1766945311.1468203
2025-12-28T18:17:18.0988938Z CloudEvents: Disconnected. Reconnecting ... 1766945311.3718743
2025-12-28T18:17:18.0989243Z CloudEvents: Reconnected. 1766945311.472041
2025-12-28T18:17:18.0989532Z CloudEvents: Disconnected. Reconnecting ... 1766945384.254588
2025-12-28T18:17:18.0989991Z CloudEvents: Reconnected. 1766945384.3547506
2025-12-28T18:17:18.0990306Z CloudEvents: Disconnected. Reconnecting ... 1766945389.198319
2025-12-28T18:17:18.0990611Z CloudEvents: Reconnected. 1766945389.2984705
2025-12-28T18:17:18.0990922Z CloudEvents: Disconnected. Reconnecting ... 1766945389.5457828
2025-12-28T18:17:18.0991231Z CloudEvents: Reconnected. 1766945389.645948
2025-12-28T18:17:18.0991528Z CloudEvents: Disconnected. Reconnecting ... 1766945402.4086387
2025-12-28T18:17:18.0991836Z CloudEvents: Reconnected. 1766945402.5088053
2025-12-28T18:17:18.0992144Z CloudEvents: Disconnected. Reconnecting ... 1766945685.4284668
2025-12-28T18:17:18.0992468Z CloudEvents: Reconnected. 1766945685.5286274
2025-12-28T18:17:18.0992768Z CloudEvents: Disconnected. Reconnecting ... 1766945685.8796656
2025-12-28T18:17:18.0993060Z CloudEvents: Reconnected. 1766945685.9798207
2025-12-28T18:17:18.0993362Z CloudEvents: Disconnected. Reconnecting ... 1766945690.541708
2025-12-28T18:17:18.0993657Z CloudEvents: Reconnected. 1766945690.6419225
2025-12-28T18:17:18.0993958Z CloudEvents: Disconnected. Reconnecting ... 1766945690.9536715
2025-12-28T18:17:18.0994265Z CloudEvents: Reconnected. 1766945691.0538208
2025-12-28T18:17:18.0994559Z CloudEvents: Disconnected. Reconnecting ... 1766945691.2782226
2025-12-28T18:17:18.0994867Z CloudEvents: Reconnected. 1766945691.3783834
2025-12-28T18:17:18.0995164Z CloudEvents: Disconnected. Reconnecting ... 1766945722.8325
2025-12-28T18:17:18.0995461Z CloudEvents: Reconnected. 1766945722.9326527
2025-12-28T18:17:18.0995762Z CloudEvents: Disconnected. Reconnecting ... 1766945723.157825
2025-12-28T18:17:18.0996059Z CloudEvents: Reconnected. 1766945723.258006
2025-12-28T18:17:18.0996348Z CloudEvents: Disconnected. Reconnecting ... 1766945777.7696934
2025-12-28T18:17:18.0996643Z CloudEvents: Reconnected. 1766945777.8698466
2025-12-28T18:17:18.0996945Z CloudEvents: Disconnected. Reconnecting ... 1766945778.168348
2025-12-28T18:17:18.0997240Z CloudEvents: Reconnected. 1766945778.2685153
2025-12-28T18:17:18.0997541Z CloudEvents: Disconnected. Reconnecting ... 1766945778.5454473
2025-12-28T18:17:18.0997932Z CloudEvents: Reconnected. 1766945778.6455991
2025-12-28T18:17:18.0998236Z CloudEvents: Disconnected. Reconnecting ... 1766945837.3669395
2025-12-28T18:17:18.0998536Z CloudEvents: Reconnected. 1766945837.467098
2025-12-28T18:17:18.0998826Z CloudEvents: Disconnected. Reconnecting ... 1766945837.7553895
2025-12-28T18:17:18.0999126Z CloudEvents: Reconnected. 1766945837.8555493
2025-12-28T18:42:01.7169261Z CloudEvents: Disconnected. Reconnecting ... 1766945838.0943375
2025-12-28T18:42:01.7170190Z CloudEvents: Reconnected. 1766945838.1945317
2025-12-28T18:42:01.7170586Z CloudEvents: Disconnected. Reconnecting ... 1766945916.919055
2025-12-28T18:42:01.7170953Z CloudEvents: Reconnected. 1766945917.019218
2025-12-28T18:42:01.7171454Z CloudEvents: Disconnected. Reconnecting ... 1766945917.2991612
2025-12-28T18:42:01.7172284Z CloudEvents: Reconnected. 1766945917.3993056
2025-12-28T18:42:01.7172653Z CloudEvents: Disconnected. Reconnecting ... 1766945924.831136
2025-12-28T18:42:01.7173037Z CloudEvents: Reconnected. 1766945924.9312878
2025-12-28T18:42:01.7173393Z CloudEvents: Disconnected. Reconnecting ... 1766945925.154849
2025-12-28T18:42:01.7173760Z CloudEvents: Reconnected. 1766945925.2550275
2025-12-28T18:42:01.7174123Z CloudEvents: Disconnected. Reconnecting ... 1766945925.4873848
2025-12-28T18:42:01.7174476Z CloudEvents: Reconnected. 1766945925.5875516
2025-12-28T18:42:01.7174845Z CloudEvents: Disconnected. Reconnecting ... 1766945951.8956027
2025-12-28T18:42:01.7175208Z CloudEvents: Reconnected. 1766945951.9957554
2025-12-28T18:42:01.7175563Z CloudEvents: Disconnected. Reconnecting ... 1766945952.2212298
2025-12-28T18:42:01.7176017Z CloudEvents: Reconnected. 1766945952.3213773
2025-12-28T18:42:01.7176442Z CloudEvents: Disconnected. Reconnecting ... 1766945952.544707
2025-12-28T18:42:01.7176803Z CloudEvents: Reconnected. 1766945952.644868
2025-12-28T18:42:01.7177288Z CloudEvents: Disconnected. Reconnecting ... 1766946005.7326517
2025-12-28T18:42:01.7177740Z CloudEvents: Reconnected. 1766946005.8327851
2025-12-28T18:42:01.7178155Z CloudEvents: Disconnected. Reconnecting ... 1766946006.0787027
2025-12-28T18:42:01.7178710Z CloudEvents: Reconnected. 1766946006.1788392
2025-12-28T18:42:01.7179302Z CloudEvents: Disconnected. Reconnecting ... 1766946011.0512168
2025-12-28T18:42:01.7180063Z CloudEvents: Reconnected. 1766946011.1513748
2025-12-28T18:42:01.7180611Z CloudEvents: Disconnected. Reconnecting ... 1766946034.8411038
2025-12-28T18:42:01.7181162Z CloudEvents: Reconnected. 1766946034.9412498
2025-12-28T18:42:01.7181710Z CloudEvents: Disconnected. Reconnecting ... 1766946140.1701999
2025-12-28T18:42:01.7182083Z CloudEvents: Reconnected. 1766946140.2703636
2025-12-28T18:42:01.7182574Z CloudEvents: Disconnected. Reconnecting ... 1766946140.5152225
2025-12-28T18:42:01.7183126Z CloudEvents: Reconnected. 1766946140.6153772
2025-12-28T18:42:01.7183610Z CloudEvents: Disconnected. Reconnecting ... 1766946140.841629
2025-12-28T18:42:01.7184080Z CloudEvents: Reconnected. 1766946140.9418411
2025-12-28T18:42:01.7184455Z CloudEvents: Disconnected. Reconnecting ... 1766946295.791877
2025-12-28T18:42:01.7184816Z CloudEvents: Reconnected. 1766946295.8920496
2025-12-28T18:42:01.7185168Z CloudEvents: Disconnected. Reconnecting ... 1766946296.1851416
2025-12-28T18:42:01.7185529Z CloudEvents: Reconnected. 1766946296.2852871
2025-12-28T18:42:01.7185893Z CloudEvents: Disconnected. Reconnecting ... 1766946296.5714142
2025-12-28T18:42:01.7186253Z CloudEvents: Reconnected. 1766946296.6715603
2025-12-28T18:42:01.7186614Z CloudEvents: Disconnected. Reconnecting ... 1766946313.0325565
2025-12-28T18:42:01.7186972Z CloudEvents: Reconnected. 1766946313.132695
2025-12-28T18:42:01.7187337Z CloudEvents: Disconnected. Reconnecting ... 1766946313.4340124
2025-12-28T18:42:01.7187704Z CloudEvents: Reconnected. 1766946313.534186
2025-12-28T18:42:01.7188070Z CloudEvents: Disconnected. Reconnecting ... 1766946313.7927852
2025-12-28T18:42:01.7188434Z CloudEvents: Reconnected. 1766946313.8930674
2025-12-28T18:42:01.7189018Z CloudEvents: Disconnected. Reconnecting ... 1766946363.871743
2025-12-28T18:42:01.7189388Z CloudEvents: Reconnected. 1766946363.9719055
2025-12-28T18:42:01.7189915Z CloudEvents: Disconnected. Reconnecting ... 1766946364.2168832
2025-12-28T18:42:01.7190290Z CloudEvents: Reconnected. 1766946364.3170626
2025-12-28T18:42:01.7190651Z CloudEvents: Disconnected. Reconnecting ... 1766946382.7048976
2025-12-28T18:42:01.7191031Z CloudEvents: Reconnected. 1766946382.80506
2025-12-28T18:42:01.7191399Z CloudEvents: Disconnected. Reconnecting ... 1766946418.8437524
2025-12-28T18:42:01.7191760Z CloudEvents: Reconnected. 1766946418.9439616
2025-12-28T18:42:01.7192128Z CloudEvents: Disconnected. Reconnecting ... 1766946419.1946552
2025-12-28T18:42:01.7192484Z CloudEvents: Reconnected. 1766946419.294843
2025-12-28T18:42:01.7192938Z CloudEvents: Disconnected. Reconnecting ... 1766946419.5168622
2025-12-28T18:42:01.7193301Z CloudEvents: Reconnected. 1766946419.6170385
2025-12-28T18:42:01.7193652Z CloudEvents: Disconnected. Reconnecting ... 1766946462.226898
2025-12-28T18:42:01.7194016Z CloudEvents: Reconnected. 1766946462.3270428
2025-12-28T18:42:01.7194373Z CloudEvents: Disconnected. Reconnecting ... 1766946462.5532439
2025-12-28T18:42:01.7194727Z CloudEvents: Reconnected. 1766946462.6534078
2025-12-28T18:42:01.7195090Z CloudEvents: Disconnected. Reconnecting ... 1766946485.3425083
2025-12-28T18:42:01.7195456Z CloudEvents: Reconnected. 1766946485.4426515
2025-12-28T18:42:01.7195810Z CloudEvents: Disconnected. Reconnecting ... 1766946485.6657603
2025-12-28T18:42:01.7196172Z CloudEvents: Reconnected. 1766946485.7659326
2025-12-28T18:42:01.7196532Z CloudEvents: Disconnected. Reconnecting ... 1766946530.0935977
2025-12-28T18:42:01.7196886Z CloudEvents: Reconnected. 1766946530.1937613
2025-12-28T18:42:01.7197247Z CloudEvents: Disconnected. Reconnecting ... 1766946547.0491962
2025-12-28T18:42:01.7197601Z CloudEvents: Reconnected. 1766946547.1493645
2025-12-28T18:42:01.7197956Z CloudEvents: Disconnected. Reconnecting ... 1766946547.395362
2025-12-28T18:42:01.7198316Z CloudEvents: Reconnected. 1766946547.495527
2025-12-28T18:42:01.7198678Z CloudEvents: Disconnected. Reconnecting ... 1766946547.7372797
2025-12-28T18:42:01.7199037Z CloudEvents: Reconnected. 1766946547.837453
2025-12-28T18:42:01.7199396Z CloudEvents: Disconnected. Reconnecting ... 1766946644.1797688
2025-12-28T18:42:01.7199853Z CloudEvents: Reconnected. 1766946644.2799463
2025-12-28T18:42:01.7200333Z CloudEvents: Disconnected. Reconnecting ... 1766946652.61279
2025-12-28T18:42:01.7200695Z CloudEvents: Reconnected. 1766946652.7129693
2025-12-28T18:42:01.7201049Z CloudEvents: Disconnected. Reconnecting ... 1766946652.9680517
2025-12-28T18:42:01.7201414Z CloudEvents: Reconnected. 1766946653.0682154
2025-12-28T18:42:01.7201780Z CloudEvents: Disconnected. Reconnecting ... 1766946653.301862
2025-12-28T18:42:01.7202141Z CloudEvents: Reconnected. 1766946653.402025
2025-12-28T18:42:01.7202508Z CloudEvents: Disconnected. Reconnecting ... 1766946694.9391022
2025-12-28T18:42:01.7202864Z CloudEvents: Reconnected. 1766946695.039254
2025-12-28T18:42:01.7203224Z CloudEvents: Disconnected. Reconnecting ... 1766946695.27836
2025-12-28T18:42:01.7203587Z CloudEvents: Reconnected. 1766946695.378539
2025-12-28T18:42:01.7203939Z CloudEvents: Disconnected. Reconnecting ... 1766946722.057233
2025-12-28T18:42:01.7204307Z CloudEvents: Reconnected. 1766946722.1573946
2025-12-28T18:42:01.7204661Z CloudEvents: Disconnected. Reconnecting ... 1766946722.4325504
2025-12-28T18:42:01.7204956Z CloudEvents: Reconnected. 1766946722.5327117
2025-12-28T18:42:01.7205257Z CloudEvents: Disconnected. Reconnecting ... 1766946722.7729688
2025-12-28T18:42:01.7205557Z CloudEvents: Reconnected. 1766946722.873208
2025-12-28T18:42:01.7205848Z CloudEvents: Disconnected. Reconnecting ... 1766946727.0380576
2025-12-28T18:42:01.7206155Z CloudEvents: Reconnected. 1766946727.1382139
2025-12-28T18:42:01.7206463Z CloudEvents: Disconnected. Reconnecting ... 1766946727.3858519
2025-12-28T18:42:01.7206757Z CloudEvents: Reconnected. 1766946727.4860291
2025-12-28T18:42:01.7207156Z CloudEvents: Disconnected. Reconnecting ... 1766946727.731959
2025-12-28T18:42:01.7207454Z CloudEvents: Reconnected. 1766946727.8321574
2025-12-28T18:42:01.7207763Z CloudEvents: Disconnected. Reconnecting ... 1766946760.0927565
2025-12-28T18:42:01.7208071Z CloudEvents: Reconnected. 1766946760.1930969
2025-12-28T18:42:01.7208368Z CloudEvents: Disconnected. Reconnecting ... 1766946811.6488445
2025-12-28T18:42:01.7208677Z CloudEvents: Reconnected. 1766946811.7490542
2025-12-28T18:42:01.7208987Z CloudEvents: Disconnected. Reconnecting ... 1766946812.0247073
2025-12-28T18:42:01.7209279Z CloudEvents: Reconnected. 1766946812.1248703
2025-12-28T18:42:01.7209584Z CloudEvents: Disconnected. Reconnecting ... 1766946833.287942
2025-12-28T18:42:01.7210043Z CloudEvents: Reconnected. 1766946833.3880737
2025-12-28T18:42:01.7210336Z CloudEvents: Disconnected. Reconnecting ... 1766946874.66416
2025-12-28T18:42:01.7210632Z CloudEvents: Reconnected. 1766946874.7644475
2025-12-28T18:42:01.7210942Z CloudEvents: Disconnected. Reconnecting ... 1766946875.0503676
2025-12-28T18:42:01.7211245Z CloudEvents: Reconnected. 1766946875.150625
2025-12-28T18:42:01.7211610Z CloudEvents: Disconnected. Reconnecting ... 1766946877.303411
2025-12-28T18:42:01.7212052Z CloudEvents: Reconnected. 1766946877.403577
2025-12-28T18:42:01.7212526Z CloudEvents: Disconnected. Reconnecting ... 1766946877.6442363
2025-12-28T18:42:01.7212982Z CloudEvents: Reconnected. 1766946877.7444022
2025-12-28T18:42:01.7213413Z CloudEvents: Disconnected. Reconnecting ... 1766946877.99252
2025-12-28T18:42:01.7213781Z CloudEvents: Reconnected. 1766946878.0927646
2025-12-28T18:42:01.7214080Z CloudEvents: Disconnected. Reconnecting ... 1766946896.1388526
2025-12-28T18:42:01.7214370Z CloudEvents: Reconnected. 1766946896.2390258
2025-12-28T18:42:01.7214682Z CloudEvents: Disconnected. Reconnecting ... 1766946896.5188885
2025-12-28T18:42:01.7214984Z CloudEvents: Reconnected. 1766946896.6190648
2025-12-28T18:42:01.7215278Z CloudEvents: Disconnected. Reconnecting ... 1766946896.8572006
2025-12-28T18:42:01.7215586Z CloudEvents: Reconnected. 1766946896.9574175
2025-12-28T18:42:01.7215883Z CloudEvents: Disconnected. Reconnecting ... 1766947056.6086864
2025-12-28T18:42:01.7216176Z CloudEvents: Reconnected. 1766947056.709029
2025-12-28T18:42:01.7216472Z CloudEvents: Disconnected. Reconnecting ... 1766947056.978113
2025-12-28T18:42:01.7216766Z CloudEvents: Reconnected. 1766947057.0782824
2025-12-28T18:42:01.7217076Z CloudEvents: Disconnected. Reconnecting ... 1766947057.3399494
2025-12-28T18:42:01.7217380Z CloudEvents: Reconnected. 1766947057.4402995
2025-12-28T18:42:01.7217673Z CloudEvents: Disconnected. Reconnecting ... 1766947063.7553535
2025-12-28T18:42:01.7217980Z CloudEvents: Reconnected. 1766947063.8556502
2025-12-28T18:42:01.7218284Z CloudEvents: Disconnected. Reconnecting ... 1766947079.5616746
2025-12-28T18:42:01.7218581Z CloudEvents: Reconnected. 1766947079.6618931
2025-12-28T18:42:01.7218881Z CloudEvents: Disconnected. Reconnecting ... 1766947079.9080184
2025-12-28T18:42:01.7219185Z CloudEvents: Reconnected. 1766947080.0081954
2025-12-28T18:42:01.7219478Z CloudEvents: Disconnected. Reconnecting ... 1766947160.677254
2025-12-28T18:42:01.7219967Z CloudEvents: Reconnected. 1766947160.777416
2025-12-28T18:42:01.7220264Z CloudEvents: Disconnected. Reconnecting ... 1766947161.04535
2025-12-28T18:42:01.7220563Z CloudEvents: Reconnected. 1766947161.1455135
2025-12-28T18:42:01.7220866Z CloudEvents: Disconnected. Reconnecting ... 1766947270.581811
2025-12-28T18:42:01.7221161Z CloudEvents: Reconnected. 1766947270.6819499
2025-12-28T18:42:01.7221463Z CloudEvents: Disconnected. Reconnecting ... 1766947291.8827438
2025-12-28T18:42:01.7221769Z CloudEvents: Reconnected. 1766947291.9829102
2025-12-28T18:42:01.7222071Z CloudEvents: Disconnected. Reconnecting ... 1766947297.079791
2025-12-28T18:42:01.7222399Z CloudEvents: Reconnected. 1766947297.1799698
2025-12-28T18:42:01.7222698Z CloudEvents: Disconnected. Reconnecting ... 1766947297.4151194
2025-12-28T18:42:01.7222993Z CloudEvents: Reconnected. 1766947297.515285
2025-12-28T18:42:01.7223433Z CloudEvents: Disconnected. Reconnecting ... 1766947297.76443
2025-12-28T18:42:01.7223743Z CloudEvents: Reconnected. 1766947297.864597
2025-12-28T18:42:01.7224043Z CloudEvents: Disconnected. Reconnecting ... 1766947301.0447986
2025-12-28T18:42:01.7224353Z CloudEvents: Reconnected. 1766947301.1449487
2025-12-28T18:42:01.7224663Z CloudEvents: Disconnected. Reconnecting ... 1766947301.3725274
2025-12-28T18:42:01.7224961Z CloudEvents: Reconnected. 1766947301.4726775
2025-12-28T18:42:01.7225266Z CloudEvents: Disconnected. Reconnecting ... 1766947301.7427988
2025-12-28T18:42:01.7225561Z CloudEvents: Reconnected. 1766947301.8430278
2025-12-28T18:42:01.7225862Z CloudEvents: Disconnected. Reconnecting ... 1766947321.616558
2025-12-28T19:10:33.8443403Z CloudEvents: Reconnected. 1766947321.716702
2025-12-28T19:10:33.8444147Z CloudEvents: Disconnected. Reconnecting ... 1766947321.9581606
2025-12-28T19:10:33.8444799Z CloudEvents: Reconnected. 1766947322.0583181
2025-12-28T19:10:33.8445205Z CloudEvents: Disconnected. Reconnecting ... 1766947322.3038902
2025-12-28T19:10:33.8445574Z CloudEvents: Reconnected. 1766947322.4040477
2025-12-28T19:10:33.8445933Z CloudEvents: Disconnected. Reconnecting ... 1766947325.078304
2025-12-28T19:10:33.8446299Z CloudEvents: Reconnected. 1766947325.1784673
2025-12-28T19:10:33.8446653Z CloudEvents: Disconnected. Reconnecting ... 1766947325.405673
2025-12-28T19:10:33.8447018Z CloudEvents: Reconnected. 1766947325.5058115
2025-12-28T19:10:33.8447386Z CloudEvents: Disconnected. Reconnecting ... 1766947325.7639136
2025-12-28T19:10:33.8447740Z CloudEvents: Reconnected. 1766947325.8640935
2025-12-28T19:10:33.8448100Z CloudEvents: Disconnected. Reconnecting ... 1766947349.739425
2025-12-28T19:10:33.8448478Z CloudEvents: Reconnected. 1766947349.8395858
2025-12-28T19:10:33.8448835Z CloudEvents: Disconnected. Reconnecting ... 1766947350.087536
2025-12-28T19:10:33.8449196Z CloudEvents: Reconnected. 1766947350.1877112
2025-12-28T19:10:33.8449561Z CloudEvents: Disconnected. Reconnecting ... 1766947354.146172
2025-12-28T19:10:33.8450137Z CloudEvents: Reconnected. 1766947354.2463293
2025-12-28T19:10:33.8450517Z CloudEvents: Disconnected. Reconnecting ... 1766947354.4873905
2025-12-28T19:10:33.8450891Z CloudEvents: Reconnected. 1766947354.5875556
2025-12-28T19:10:33.8451253Z CloudEvents: Disconnected. Reconnecting ... 1766947354.8345382
2025-12-28T19:10:33.8451619Z CloudEvents: Reconnected. 1766947354.9347136
2025-12-28T19:10:33.8451982Z CloudEvents: Disconnected. Reconnecting ... 1766947358.7947266
2025-12-28T19:10:33.8452351Z CloudEvents: Reconnected. 1766947358.8949003
2025-12-28T19:10:33.8452716Z CloudEvents: Disconnected. Reconnecting ... 1766947359.1201522
2025-12-28T19:10:33.8453078Z CloudEvents: Reconnected. 1766947359.2203174
2025-12-28T19:10:33.8453464Z CloudEvents: Disconnected. Reconnecting ... 1766947359.4686902
2025-12-28T19:10:33.8453846Z CloudEvents: Reconnected. 1766947359.568837
2025-12-28T19:10:33.8454211Z CloudEvents: Disconnected. Reconnecting ... 1766947435.6794047
2025-12-28T19:10:33.8454596Z CloudEvents: Reconnected. 1766947435.7795753
2025-12-28T19:10:33.8454968Z CloudEvents: Disconnected. Reconnecting ... 1766947470.4863615
2025-12-28T19:10:33.8455329Z CloudEvents: Reconnected. 1766947470.5865476
2025-12-28T19:10:33.8455690Z CloudEvents: Disconnected. Reconnecting ... 1766947470.8356
2025-12-28T19:10:33.8456051Z CloudEvents: Reconnected. 1766947470.935926
2025-12-28T19:10:33.8456405Z CloudEvents: Disconnected. Reconnecting ... 1766947471.1824036
2025-12-28T19:10:33.8456770Z CloudEvents: Reconnected. 1766947471.282538
2025-12-28T19:10:33.8457131Z CloudEvents: Disconnected. Reconnecting ... 1766947506.9432275
2025-12-28T19:10:33.8457489Z CloudEvents: Reconnected. 1766947507.0434005
2025-12-28T19:10:33.8457799Z CloudEvents: Disconnected. Reconnecting ... 1766947507.2802079
2025-12-28T19:10:33.8458094Z CloudEvents: Reconnected. 1766947507.3803856
2025-12-28T19:10:33.8458394Z CloudEvents: Disconnected. Reconnecting ... 1766947599.689801
2025-12-28T19:10:33.8459079Z CloudEvents: Reconnected. 1766947599.789936
2025-12-28T19:10:33.8459377Z CloudEvents: Disconnected. Reconnecting ... 1766947600.0634322
2025-12-28T19:10:33.8459688Z CloudEvents: Reconnected. 1766947600.16358
2025-12-28T19:10:33.8460069Z CloudEvents: Disconnected. Reconnecting ... 1766947655.7755713
2025-12-28T19:10:33.8460360Z CloudEvents: Reconnected. 1766947655.875769
2025-12-28T19:10:33.8460662Z CloudEvents: Disconnected. Reconnecting ... 1766947656.135227
2025-12-28T19:10:33.8460965Z CloudEvents: Reconnected. 1766947656.2353802
2025-12-28T19:10:33.8461257Z CloudEvents: Disconnected. Reconnecting ... 1766947656.480618
2025-12-28T19:10:33.8461556Z CloudEvents: Reconnected. 1766947656.5809338
2025-12-28T19:10:33.8461856Z CloudEvents: Disconnected. Reconnecting ... 1766947663.6061807
2025-12-28T19:10:33.8462243Z CloudEvents: Reconnected. 1766947663.7063458
2025-12-28T19:10:33.8462543Z CloudEvents: Disconnected. Reconnecting ... 1766947663.993711
2025-12-28T19:10:33.8462839Z CloudEvents: Reconnected. 1766947664.0938435
2025-12-28T19:10:33.8463145Z CloudEvents: Disconnected. Reconnecting ... 1766947668.7141964
2025-12-28T19:10:33.8463448Z CloudEvents: Reconnected. 1766947668.8143537
2025-12-28T19:10:33.8463741Z CloudEvents: Disconnected. Reconnecting ... 1766947669.0638998
2025-12-28T19:10:33.8464042Z CloudEvents: Reconnected. 1766947669.1640809
2025-12-28T19:10:33.8464346Z CloudEvents: Disconnected. Reconnecting ... 1766947868.5282469
2025-12-28T19:10:33.8464646Z CloudEvents: Reconnected. 1766947868.628403
2025-12-28T19:10:33.8464950Z CloudEvents: Disconnected. Reconnecting ... 1766947868.8595052
2025-12-28T19:10:33.8465253Z CloudEvents: Reconnected. 1766947868.9596536
2025-12-28T19:10:33.8465545Z CloudEvents: Disconnected. Reconnecting ... 1766947869.2024758
2025-12-28T19:10:33.8465852Z CloudEvents: Reconnected. 1766947869.3026242
2025-12-28T19:10:33.8466155Z CloudEvents: Disconnected. Reconnecting ... 1766947872.7425115
2025-12-28T19:10:33.8466447Z CloudEvents: Reconnected. 1766947872.842675
2025-12-28T19:10:33.8466750Z CloudEvents: Disconnected. Reconnecting ... 1766947873.0883822
2025-12-28T19:10:33.8467046Z CloudEvents: Reconnected. 1766947873.1886566
2025-12-28T19:10:33.8467347Z CloudEvents: Disconnected. Reconnecting ... 1766947873.4435496
2025-12-28T19:10:33.8467650Z CloudEvents: Reconnected. 1766947873.5437162
2025-12-28T19:10:33.8467941Z CloudEvents: Disconnected. Reconnecting ... 1766947953.1692398
2025-12-28T19:10:33.8468247Z CloudEvents: Reconnected. 1766947953.2693744
2025-12-28T19:10:33.8468547Z CloudEvents: Disconnected. Reconnecting ... 1766947953.6581395
2025-12-28T19:10:33.8468842Z CloudEvents: Reconnected. 1766947953.7582781
2025-12-28T19:10:33.8469150Z CloudEvents: Disconnected. Reconnecting ... 1766947963.0294259
2025-12-28T19:10:33.8469458Z CloudEvents: Reconnected. 1766947963.1295779
2025-12-28T19:10:33.8469819Z CloudEvents: Disconnected. Reconnecting ... 1766947963.3896408
2025-12-28T19:10:33.8470127Z CloudEvents: Reconnected. 1766947963.4898202
2025-12-28T19:10:33.8470432Z CloudEvents: Disconnected. Reconnecting ... 1766947963.735491
2025-12-28T19:10:33.8470726Z CloudEvents: Reconnected. 1766947963.8356533
2025-12-28T19:10:33.8471040Z CloudEvents: Disconnected. Reconnecting ... 1766948022.323223
2025-12-28T19:10:33.8471334Z CloudEvents: Reconnected. 1766948022.4234922
2025-12-28T19:10:33.8471633Z CloudEvents: Disconnected. Reconnecting ... 1766948022.7992694
2025-12-28T19:10:33.8471943Z CloudEvents: Reconnected. 1766948022.8994038
2025-12-28T19:10:33.8472244Z CloudEvents: Disconnected. Reconnecting ... 1766948034.8550708
2025-12-28T19:10:33.8472554Z CloudEvents: Reconnected. 1766948034.9552443
2025-12-28T19:10:33.8472856Z CloudEvents: Disconnected. Reconnecting ... 1766948035.1840432
2025-12-28T19:10:33.8473176Z CloudEvents: Reconnected. 1766948035.2842176
2025-12-28T19:10:33.8473477Z CloudEvents: Disconnected. Reconnecting ... 1766948035.527247
2025-12-28T19:10:33.8473777Z CloudEvents: Reconnected. 1766948035.6274645
2025-12-28T19:10:33.8474077Z CloudEvents: Disconnected. Reconnecting ... 1766948302.6638613
2025-12-28T19:10:33.8474461Z CloudEvents: Reconnected. 1766948302.7640479
2025-12-28T19:10:33.8474764Z CloudEvents: Disconnected. Reconnecting ... 1766948302.991219
2025-12-28T19:10:33.8475063Z CloudEvents: Reconnected. 1766948303.091369
2025-12-28T19:10:33.8475353Z CloudEvents: Disconnected. Reconnecting ... 1766948303.3519552
2025-12-28T19:10:33.8475657Z CloudEvents: Reconnected. 1766948303.4521146
2025-12-28T19:10:33.8475955Z CloudEvents: Disconnected. Reconnecting ... 1766948342.6656327
2025-12-28T19:10:33.8476253Z CloudEvents: Reconnected. 1766948342.7657719
2025-12-28T19:10:33.8476554Z CloudEvents: Disconnected. Reconnecting ... 1766948343.0171554
2025-12-28T19:10:33.8476889Z CloudEvents: Reconnected. 1766948343.1173198
2025-12-28T19:10:33.8477243Z CloudEvents: Disconnected. Reconnecting ... 1766948464.4481757
2025-12-28T19:10:33.8477540Z CloudEvents: Reconnected. 1766948464.548336
2025-12-28T19:10:33.8477832Z CloudEvents: Disconnected. Reconnecting ... 1766948464.869351
2025-12-28T19:10:33.8478129Z CloudEvents: Reconnected. 1766948464.969588
2025-12-28T19:10:33.8478426Z CloudEvents: Disconnected. Reconnecting ... 1766948499.6897721
2025-12-28T19:10:33.8478733Z CloudEvents: Reconnected. 1766948499.7899175
2025-12-28T19:10:33.8479028Z CloudEvents: Disconnected. Reconnecting ... 1766948500.0535216
2025-12-28T19:10:33.8479330Z CloudEvents: Reconnected. 1766948500.1536562
2025-12-28T19:10:33.8479623Z CloudEvents: Disconnected. Reconnecting ... 1766948525.7106805
2025-12-28T19:10:33.8479980Z CloudEvents: Reconnected. 1766948525.810838
2025-12-28T19:10:33.8480273Z CloudEvents: Disconnected. Reconnecting ... 1766948526.0593333
2025-12-28T19:10:33.8480565Z CloudEvents: Reconnected. 1766948526.1594963
2025-12-28T19:10:33.8480862Z CloudEvents: Disconnected. Reconnecting ... 1766948641.9082956
2025-12-28T19:10:33.8481169Z CloudEvents: Reconnected. 1766948642.0084574
2025-12-28T19:10:33.8481457Z CloudEvents: Disconnected. Reconnecting ... 1766948642.247028
2025-12-28T19:10:33.8481757Z CloudEvents: Reconnected. 1766948642.347185
2025-12-28T19:10:33.8482058Z CloudEvents: Disconnected. Reconnecting ... 1766948658.3404486
2025-12-28T19:10:33.8482357Z CloudEvents: Reconnected. 1766948658.4405909
2025-12-28T19:10:33.8482662Z CloudEvents: Disconnected. Reconnecting ... 1766948677.3450162
2025-12-28T19:10:33.8482968Z CloudEvents: Reconnected. 1766948677.4451625
2025-12-28T19:10:33.8483262Z CloudEvents: Disconnected. Reconnecting ... 1766948677.6863055
2025-12-28T19:10:33.8483566Z CloudEvents: Reconnected. 1766948677.78651
2025-12-28T19:10:33.8483864Z CloudEvents: Disconnected. Reconnecting ... 1766948678.0093572
2025-12-28T19:10:33.8484161Z CloudEvents: Reconnected. 1766948678.10951
2025-12-28T19:10:33.8484460Z CloudEvents: Disconnected. Reconnecting ... 1766948815.9009666
2025-12-28T19:10:33.8484765Z CloudEvents: Reconnected. 1766948816.0011394
2025-12-28T19:10:33.8485062Z CloudEvents: Disconnected. Reconnecting ... 1766948816.3193078
2025-12-28T19:10:33.8485368Z CloudEvents: Reconnected. 1766948816.419466
2025-12-28T19:10:33.8485693Z CloudEvents: Disconnected. Reconnecting ... 1766948821.5610287
2025-12-28T19:10:33.8485999Z CloudEvents: Reconnected. 1766948821.6612067
2025-12-28T19:10:33.8486300Z CloudEvents: Disconnected. Reconnecting ... 1766948821.9346862
2025-12-28T19:10:33.8486594Z CloudEvents: Reconnected. 1766948822.0348904
2025-12-28T19:10:33.8486893Z CloudEvents: Disconnected. Reconnecting ... 1766948822.278713
2025-12-28T19:10:33.8487191Z CloudEvents: Reconnected. 1766948822.378873
2025-12-28T19:10:33.8487485Z CloudEvents: Disconnected. Reconnecting ... 1766948826.4311194
2025-12-28T19:10:33.8487791Z CloudEvents: Reconnected. 1766948826.5312834
2025-12-28T19:10:33.8488098Z CloudEvents: Disconnected. Reconnecting ... 1766948826.7813017
2025-12-28T19:10:33.8488411Z CloudEvents: Reconnected. 1766948826.8814595
2025-12-28T19:10:33.8488725Z CloudEvents: Disconnected. Reconnecting ... 1766948831.070857
2025-12-28T19:10:33.8489036Z CloudEvents: Reconnected. 1766948831.1710558
2025-12-28T19:10:33.8489414Z CloudEvents: Disconnected. Reconnecting ... 1766948831.4320102
2025-12-28T19:10:33.8489895Z CloudEvents: Reconnected. 1766948831.5321474
2025-12-28T19:10:33.8490218Z CloudEvents: Disconnected. Reconnecting ... 1766948831.7759316
2025-12-28T19:10:33.8490522Z CloudEvents: Reconnected. 1766948831.876103
2025-12-28T19:10:33.8490822Z CloudEvents: Disconnected. Reconnecting ... 1766948875.0538762
2025-12-28T19:10:33.8491117Z CloudEvents: Reconnected. 1766948875.154045
2025-12-28T19:10:33.8491421Z CloudEvents: Disconnected. Reconnecting ... 1766948875.3932905
2025-12-28T19:10:33.8491727Z CloudEvents: Reconnected. 1766948875.4934504
2025-12-28T19:10:33.8492019Z CloudEvents: Disconnected. Reconnecting ... 1766948875.7281907
2025-12-28T19:10:33.8492324Z CloudEvents: Reconnected. 1766948875.8283389
2025-12-28T19:10:33.8492698Z CloudEvents: Disconnected. Reconnecting ... 1766949028.0175304
2025-12-28T19:10:33.8492990Z CloudEvents: Reconnected. 1766949028.1176808
2025-12-28T19:10:33.8493290Z CloudEvents: Disconnected. Reconnecting ... 1766949033.4751844
2025-12-28T19:10:33.8493595Z CloudEvents: Reconnected. 1766949033.5753615
2025-12-28T19:19:23.1188823Z CloudEvents: Disconnected. Reconnecting ...
2025-12-28T19:19:23.1244988Z Post job cleanup.
2025-12-28T19:19:23.1985288Z [command]/usr/bin/git version
2025-12-28T19:19:23.2016695Z git version 2.52.0
2025-12-28T19:19:23.2050011Z Temporarily overriding HOME='/home/runner/work/_temp/0541898f-019d-474c-89c2-3247869f3627' before making global git config changes
2025-12-28T19:19:23.2051215Z Adding repository directory to the temporary git global config as a safe directory
2025-12-28T19:19:23.2055567Z [command]/usr/bin/git config --global --add safe.directory /home/runner/work/scratchattach/scratchattach
2025-12-28T19:19:23.2081210Z Removing SSH command configuration
2025-12-28T19:19:23.2087158Z [command]/usr/bin/git config --local --name-only --get-regexp core\.sshCommand
2025-12-28T19:19:23.2142024Z [command]/usr/bin/git submodule foreach --recursive sh -c "git config --local --name-only --get-regexp 'core\.sshCommand' && git config --local --unset-all 'core.sshCommand' || :"
2025-12-28T19:19:23.2316661Z Removing HTTP extra header
2025-12-28T19:19:23.2321451Z [command]/usr/bin/git config --local --name-only --get-regexp http\.https\:\/\/github\.com\/\.extraheader
2025-12-28T19:19:23.2347002Z [command]/usr/bin/git submodule foreach --recursive sh -c "git config --local --name-only --get-regexp 'http\.https\:\/\/github\.com\/\.extraheader' && git config --local --unset-all 'http.https://github.com/.extraheader' || :"
2025-12-28T19:19:23.2518863Z Removing includeIf entries pointing to credentials config files
2025-12-28T19:19:23.2519652Z [command]/usr/bin/git config --local --name-only --get-regexp ^includeIf\.gitdir:
2025-12-28T19:19:23.2537126Z includeif.gitdir:/home/runner/work/scratchattach/scratchattach/.git.path
2025-12-28T19:19:23.2538019Z includeif.gitdir:/home/runner/work/scratchattach/scratchattach/.git/worktrees/*.path
2025-12-28T19:19:23.2538717Z includeif.gitdir:/github/workspace/.git.path
2025-12-28T19:19:23.2539227Z includeif.gitdir:/github/workspace/.git/worktrees/*.path
2025-12-28T19:19:23.2545698Z [command]/usr/bin/git config --local --get-all includeif.gitdir:/home/runner/work/scratchattach/scratchattach/.git.path
2025-12-28T19:19:23.2563596Z /home/runner/work/_temp/git-credentials-b2911a18-36d5-4fd9-861c-7188dc6c3814.config
2025-12-28T19:19:23.2573923Z [command]/usr/bin/git config --local --unset includeif.gitdir:/home/runner/work/scratchattach/scratchattach/.git.path /home/runner/work/_temp/git-credentials-b2911a18-36d5-4fd9-861c-7188dc6c3814.config
2025-12-28T19:19:23.2600975Z [command]/usr/bin/git config --local --get-all includeif.gitdir:/home/runner/work/scratchattach/scratchattach/.git/worktrees/*.path
2025-12-28T19:19:23.2618528Z /home/runner/work/_temp/git-credentials-b2911a18-36d5-4fd9-861c-7188dc6c3814.config
2025-12-28T19:19:23.2625807Z [command]/usr/bin/git config --local --unset includeif.gitdir:/home/runner/work/scratchattach/scratchattach/.git/worktrees/*.path /home/runner/work/_temp/git-credentials-b2911a18-36d5-4fd9-861c-7188dc6c3814.config
2025-12-28T19:19:23.2650246Z [command]/usr/bin/git config --local --get-all includeif.gitdir:/github/workspace/.git.path
2025-12-28T19:19:23.2666992Z /github/runner_temp/git-credentials-b2911a18-36d5-4fd9-861c-7188dc6c3814.config
2025-12-28T19:19:23.2674088Z [command]/usr/bin/git config --local --unset includeif.gitdir:/github/workspace/.git.path /github/runner_temp/git-credentials-b2911a18-36d5-4fd9-861c-7188dc6c3814.config
2025-12-28T19:19:23.2698318Z [command]/usr/bin/git config --local --get-all includeif.gitdir:/github/workspace/.git/worktrees/*.path
2025-12-28T19:19:23.2717585Z /github/runner_temp/git-credentials-b2911a18-36d5-4fd9-861c-7188dc6c3814.config
2025-12-28T19:19:23.2724602Z [command]/usr/bin/git config --local --unset includeif.gitdir:/github/workspace/.git/worktrees/*.path /github/runner_temp/git-credentials-b2911a18-36d5-4fd9-861c-7188dc6c3814.config
2025-12-28T19:19:23.2750702Z [command]/usr/bin/git submodule foreach --recursive git config --local --show-origin --name-only --get-regexp remote.origin.url
2025-12-28T19:19:23.2922666Z Removing credentials config '/home/runner/work/_temp/git-credentials-b2911a18-36d5-4fd9-861c-7188dc6c3814.config'
2025-12-28T19:19:23.3017964Z Post job cleanup.
2025-12-28T19:19:23.4176879Z (node:6445) [DEP0040] DeprecationWarning: The `punycode` module is deprecated. Please use a userland alternative instead.
2025-12-28T19:19:23.4180519Z (Use `node --trace-deprecation ...` to show where the warning was created)
2025-12-28T19:19:23.4309310Z Post job cleanup.
2025-12-28T19:19:23.5330501Z [command]/usr/bin/git version
2025-12-28T19:19:23.5361966Z git version 2.52.0
2025-12-28T19:19:23.5396166Z Temporarily overriding HOME='/home/runner/work/_temp/9bfa7da5-10ef-414d-acab-bcedbf4415ab' before making global git config changes
2025-12-28T19:19:23.5397394Z Adding repository directory to the temporary git global config as a safe directory
2025-12-28T19:19:23.5402103Z [command]/usr/bin/git config --global --add safe.directory /home/runner/work/scratchattach/scratchattach
2025-12-28T19:19:23.5426384Z Removing SSH command configuration
2025-12-28T19:19:23.5432547Z [command]/usr/bin/git config --local --name-only --get-regexp core\.sshCommand
2025-12-28T19:19:23.5460874Z [command]/usr/bin/git submodule foreach --recursive sh -c "git config --local --name-only --get-regexp 'core\.sshCommand' && git config --local --unset-all 'core.sshCommand' || :"
2025-12-28T19:19:23.5633501Z Removing HTTP extra header
2025-12-28T19:19:23.5637901Z [command]/usr/bin/git config --local --name-only --get-regexp http\.https\:\/\/github\.com\/\.extraheader
2025-12-28T19:19:23.5663294Z [command]/usr/bin/git submodule foreach --recursive sh -c "git config --local --name-only --get-regexp 'http\.https\:\/\/github\.com\/\.extraheader' && git config --local --unset-all 'http.https://github.com/.extraheader' || :"
2025-12-28T19:19:23.5830058Z Removing includeIf entries pointing to credentials config files
2025-12-28T19:19:23.5837312Z [command]/usr/bin/git config --local --name-only --get-regexp ^includeIf\.gitdir:
2025-12-28T19:19:23.5865047Z [command]/usr/bin/git submodule foreach --recursive git config --local --show-origin --name-only --get-regexp remote.origin.url
2025-12-28T19:19:23.6146344Z Cleaning up orphan processes
