2025-09-03T01:37:36.7723735Z Current runner version: '2.328.0'
2025-09-03T01:37:36.7747817Z ##[group]Runner Image Provisioner
2025-09-03T01:37:36.7748664Z Hosted Compute Agent
2025-09-03T01:37:36.7749209Z Version: 20250829.383
2025-09-03T01:37:36.7749800Z Commit: 27cb235aab5b0e52e153a26cd86b4742e89dac5d
2025-09-03T01:37:36.7750522Z Build Date: 2025-08-29T13:48:48Z
2025-09-03T01:37:36.7751131Z ##[endgroup]
2025-09-03T01:37:36.7751645Z ##[group]Operating System
2025-09-03T01:37:36.7752280Z Ubuntu
2025-09-03T01:37:36.7752712Z 24.04.3
2025-09-03T01:37:36.7753161Z LTS
2025-09-03T01:37:36.7753918Z ##[endgroup]
2025-09-03T01:37:36.7754434Z ##[group]Runner Image
2025-09-03T01:37:36.7754984Z Image: ubuntu-24.04
2025-09-03T01:37:36.7755471Z Version: 20250831.1.0
2025-09-03T01:37:36.7756471Z Included Software: https://github.com/actions/runner-images/blob/ubuntu24/20250831.1/images/ubuntu/Ubuntu2404-Readme.md
2025-09-03T01:37:36.7757952Z Image Release: https://github.com/actions/runner-images/releases/tag/ubuntu24%2F20250831.1
2025-09-03T01:37:36.7758943Z ##[endgroup]
2025-09-03T01:37:36.7760167Z ##[group]GITHUB_TOKEN Permissions
2025-09-03T01:37:36.7762317Z Actions: read
2025-09-03T01:37:36.7762865Z Contents: read
2025-09-03T01:37:36.7763302Z Metadata: read
2025-09-03T01:37:36.7764035Z Packages: read
2025-09-03T01:37:36.7764502Z SecurityEvents: write
2025-09-03T01:37:36.7765002Z ##[endgroup]
2025-09-03T01:37:36.7767288Z Secret source: Actions
2025-09-03T01:37:36.7768392Z Prepare workflow directory
2025-09-03T01:37:36.8421651Z Prepare all required actions
2025-09-03T01:37:36.8475894Z Getting action download info
2025-09-03T01:37:37.1481926Z Download action repository 'actions/checkout@v4' (SHA:08eba0b27e820071cde6df949e0beb9ba4906955)
2025-09-03T01:37:38.0332433Z Download action repository 'github/codeql-action@v3' (SHA:2d92b76c45b91eb80fc44c74ce3fce0ee94e8f9d)
2025-09-03T01:37:38.8988401Z Complete job name: Analyze (actions)
2025-09-03T01:37:38.9695336Z ##[group]Run actions/checkout@v4
2025-09-03T01:37:38.9696602Z with:
2025-09-03T01:37:38.9697345Z   repository: Boss-1s/scratchattach
2025-09-03T01:37:38.9698575Z   token: ***
2025-09-03T01:37:38.9699283Z   ssh-strict: true
2025-09-03T01:37:38.9700040Z   ssh-user: git
2025-09-03T01:37:38.9700814Z   persist-credentials: true
2025-09-03T01:37:38.9701671Z   clean: true
2025-09-03T01:37:38.9702439Z   sparse-checkout-cone-mode: true
2025-09-03T01:37:38.9703613Z   fetch-depth: 1
2025-09-03T01:37:38.9704385Z   fetch-tags: false
2025-09-03T01:37:38.9705166Z   show-progress: true
2025-09-03T01:37:38.9705955Z   lfs: false
2025-09-03T01:37:38.9706689Z   submodules: false
2025-09-03T01:37:38.9707492Z   set-safe-directory: true
2025-09-03T01:37:38.9708601Z env:
2025-09-03T01:37:38.9709331Z   CODE_SCANNING_REF: refs/heads/main
2025-09-03T01:37:38.9710315Z   CODE_SCANNING_BASE_BRANCH: 
2025-09-03T01:37:38.9711338Z   CODE_SCANNING_IS_ANALYZING_DEFAULT_BRANCH: true
2025-09-03T01:37:38.9712601Z   CODE_SCANNING_IS_STEADY_STATE_DEFAULT_SETUP: true
2025-09-03T01:37:38.9735107Z   CODE_SCANNING_WORKFLOW_FILE: H4sIAAAAAAAA/6RV32/bNhB+919x8AakfZDzsD0JKFDFURJvhp1aCrqsKAiaOslcZFLlD6dql/99oEjX0hrPGZqn8Pjdx7v7Pp0F3WIM46ks8N18PFJWRD7089evUHGzsesJ7lCYCReNNXrCZIFEMyoEFxVRVhCHh6enkRQxFK2gW85GIxS7eAQwXV6mJJsmi8VscU1W6dWLibF0nP9muEiylFysksX05qVMa6qRrBUVbPMc4ywjySKZ3//pDpfpVXI3z//nC1wTKmjdfnGHAktqa/PfL2Z5mlzekyxP8vTbo1ma393GYJTF73LeL1e/X82X78nVbJ6+tK5HqR7KWj6SktedQqO/5Fo7WXy56P4F8HonPgSvHPeWGsU/T2oqKksrl/u6gyordOR0dqBSye1v2XLxKqCVFQLVa98yQINqy7XmUmj/DgBlpjuCQlqEGJPCoDDDYEPZA61wGNTIrOKmjbqWdQyPihsc7Um4sBhJEaFSUsVQ0lr7S20UNVi1+ypKyuuopNr0QRB63oMAuGC1LfAQAIhgP5F430vvFoC5d6RqYzj/BnwOt7a8LqKtLDAGIQUOLv0YYzj7MLZrK4yNampQm/HHsyOlNK3ZSHGykmdgP1SINtgEaaNgoukG2YO0BhQ2UnMjVRsorXZqhmGcs4B7u/t1NCCYCW44rfkXBL+SBune8ufO5Z/qyJOdc8HN290vAfjIzeYg2b537R37va1Hz02iBz2E++ACGxQFCtZGjLINF5VP8hOboNhxJcUWhYE3b+DMlx1tpDZYnPWJPllU3FU3HsNPcOlXRxdtQdu9u4PDS17F8HdPorBqIo3GNvFAO6mqYQDANVFH7svSMXx44QrxoyZdFjw9wcceqdkopKYbTt1Rhtu9lpkrCxolP7dQSgUKK66N6zeQ8CL216dF1oYqE3XgY1of6AlTWKBwRgrCa2QKjZ5cz/KbuwuySq9nWb6apRm5XS3/uO9LcvisjjhmaNhbVKVU2+BWv0U116c7Civ40E34xfR/bvu/m/vqyM0yy0Mf7pObdGOYSGs6wboTcebqtzEguF2uThI0Uh0nmCZkmq7y2dVsmuTpKSpGCUNleMndGjpKereaZ6eorKr1gWAo+GHH9ZTaB13SPwEAAP//ZjEj+9wIAAA=
2025-09-03T01:37:38.9757478Z ##[endgroup]
2025-09-03T01:37:39.0818211Z Syncing repository: Boss-1s/scratchattach
2025-09-03T01:37:39.0821087Z ##[group]Getting Git version info
2025-09-03T01:37:39.0822525Z Working directory is '/home/runner/work/scratchattach/scratchattach'
2025-09-03T01:37:39.0824640Z [command]/usr/bin/git version
2025-09-03T01:37:39.2041161Z git version 2.51.0
2025-09-03T01:37:39.2068628Z ##[endgroup]
2025-09-03T01:37:39.2082313Z Temporarily overriding HOME='/home/runner/work/_temp/658d4220-9780-4789-9164-b110e18837fb' before making global git config changes
2025-09-03T01:37:39.2086195Z Adding repository directory to the temporary git global config as a safe directory
2025-09-03T01:37:39.2094832Z [command]/usr/bin/git config --global --add safe.directory /home/runner/work/scratchattach/scratchattach
2025-09-03T01:37:39.2174318Z Deleting the contents of '/home/runner/work/scratchattach/scratchattach'
2025-09-03T01:37:39.2177514Z ##[group]Initializing the repository
2025-09-03T01:37:39.2181480Z [command]/usr/bin/git init /home/runner/work/scratchattach/scratchattach
2025-09-03T01:37:39.3186486Z hint: Using 'master' as the name for the initial branch. This default branch name
2025-09-03T01:37:39.3189091Z hint: is subject to change. To configure the initial branch name to use in all
2025-09-03T01:37:39.3191466Z hint: of your new repositories, which will suppress this warning, call:
2025-09-03T01:37:39.3193244Z hint:
2025-09-03T01:37:39.3194668Z hint: 	git config --global init.defaultBranch <name>
2025-09-03T01:37:39.3195866Z hint:
2025-09-03T01:37:39.3196982Z hint: Names commonly chosen instead of 'master' are 'main', 'trunk' and
2025-09-03T01:37:39.3198833Z hint: 'development'. The just-created branch can be renamed via this command:
2025-09-03T01:37:39.3200558Z hint:
2025-09-03T01:37:39.3201362Z hint: 	git branch -m <name>
2025-09-03T01:37:39.3202273Z hint:
2025-09-03T01:37:39.3203621Z hint: Disable this message with "git config set advice.defaultBranchName false"
2025-09-03T01:37:39.3241903Z Initialized empty Git repository in /home/runner/work/scratchattach/scratchattach/.git/
2025-09-03T01:37:39.3253565Z [command]/usr/bin/git remote add origin https://github.com/Boss-1s/scratchattach
2025-09-03T01:37:39.3391212Z ##[endgroup]
2025-09-03T01:37:39.3392603Z ##[group]Disabling automatic garbage collection
2025-09-03T01:37:39.3394488Z [command]/usr/bin/git config --local gc.auto 0
2025-09-03T01:37:39.3423098Z ##[endgroup]
2025-09-03T01:37:39.3424615Z ##[group]Setting up auth
2025-09-03T01:37:39.3429274Z [command]/usr/bin/git config --local --name-only --get-regexp core\.sshCommand
2025-09-03T01:37:39.3460235Z [command]/usr/bin/git submodule foreach --recursive sh -c "git config --local --name-only --get-regexp 'core\.sshCommand' && git config --local --unset-all 'core.sshCommand' || :"
2025-09-03T01:37:39.6809913Z [command]/usr/bin/git config --local --name-only --get-regexp http\.https\:\/\/github\.com\/\.extraheader
2025-09-03T01:37:39.6841371Z [command]/usr/bin/git submodule foreach --recursive sh -c "git config --local --name-only --get-regexp 'http\.https\:\/\/github\.com\/\.extraheader' && git config --local --unset-all 'http.https://github.com/.extraheader' || :"
2025-09-03T01:37:39.7058391Z [command]/usr/bin/git config --local http.https://github.com/.extraheader AUTHORIZATION: basic ***
2025-09-03T01:37:39.7092912Z ##[endgroup]
2025-09-03T01:37:39.7095362Z ##[group]Fetching the repository
2025-09-03T01:37:39.7103818Z [command]/usr/bin/git -c protocol.version=2 fetch --no-tags --prune --no-recurse-submodules --depth=1 origin +00676d5627fb895633b963fa027217c9b38c324b:refs/remotes/origin/main
2025-09-03T01:37:40.2721219Z From https://github.com/Boss-1s/scratchattach
2025-09-03T01:37:40.2722542Z  * [new ref]         00676d5627fb895633b963fa027217c9b38c324b -> origin/main
2025-09-03T01:37:40.2806319Z ##[endgroup]
2025-09-03T01:37:40.2807114Z ##[group]Determining the checkout info
2025-09-03T01:37:40.2809786Z ##[endgroup]
2025-09-03T01:37:40.2814579Z [command]/usr/bin/git sparse-checkout disable
2025-09-03T01:37:40.2899384Z [command]/usr/bin/git config --local --unset-all extensions.worktreeConfig
2025-09-03T01:37:40.2928081Z ##[group]Checking out the ref
2025-09-03T01:37:40.2931801Z [command]/usr/bin/git checkout --progress --force -B main refs/remotes/origin/main
2025-09-03T01:37:40.3339166Z Switched to a new branch 'main'
2025-09-03T01:37:40.3341374Z branch 'main' set up to track 'origin/main'.
2025-09-03T01:37:40.3350166Z ##[endgroup]
2025-09-03T01:37:40.3388718Z [command]/usr/bin/git log -1 --format=%H
2025-09-03T01:37:40.3411484Z 00676d5627fb895633b963fa027217c9b38c324b
2025-09-03T01:37:40.3680744Z ##[group]Run github/codeql-action/init@v3
2025-09-03T01:37:40.3681081Z with:
2025-09-03T01:37:40.3681299Z   languages: actions
2025-09-03T01:37:40.3681532Z   build-mode: none
2025-09-03T01:37:40.3681763Z   dependency-caching: true
2025-09-03T01:37:40.3682130Z   config: default-setup:
  org:
    model-packs: [  ]
threat-models: [  ]

2025-09-03T01:37:40.3682544Z   analysis-kinds: code-scanning
2025-09-03T01:37:40.3682951Z   token: ***
2025-09-03T01:37:40.3683635Z   matrix: {
  "language": "actions",
  "category": "/language:actions",
  "build-mode": "none",
  "runner": "[\"ubuntu-latest\"]"
}
2025-09-03T01:37:40.3684261Z   debug: false
2025-09-03T01:37:40.3684472Z env:
2025-09-03T01:37:40.3684681Z   CODE_SCANNING_REF: refs/heads/main
2025-09-03T01:37:40.3684976Z   CODE_SCANNING_BASE_BRANCH: 
2025-09-03T01:37:40.3685277Z   CODE_SCANNING_IS_ANALYZING_DEFAULT_BRANCH: true
2025-09-03T01:37:40.3685630Z   CODE_SCANNING_IS_STEADY_STATE_DEFAULT_SETUP: true
2025-09-03T01:37:40.3691452Z   CODE_SCANNING_WORKFLOW_FILE: H4sIAAAAAAAA/6RV32/bNhB+919x8AakfZDzsD0JKFDFURJvhp1aCrqsKAiaOslcZFLlD6dql/99oEjX0hrPGZqn8Pjdx7v7Pp0F3WIM46ks8N18PFJWRD7089evUHGzsesJ7lCYCReNNXrCZIFEMyoEFxVRVhCHh6enkRQxFK2gW85GIxS7eAQwXV6mJJsmi8VscU1W6dWLibF0nP9muEiylFysksX05qVMa6qRrBUVbPMc4ywjySKZ3//pDpfpVXI3z//nC1wTKmjdfnGHAktqa/PfL2Z5mlzekyxP8vTbo1ma393GYJTF73LeL1e/X82X78nVbJ6+tK5HqR7KWj6SktedQqO/5Fo7WXy56P4F8HonPgSvHPeWGsU/T2oqKksrl/u6gyordOR0dqBSye1v2XLxKqCVFQLVa98yQINqy7XmUmj/DgBlpjuCQlqEGJPCoDDDYEPZA61wGNTIrOKmjbqWdQyPihsc7Um4sBhJEaFSUsVQ0lr7S20UNVi1+ypKyuuopNr0QRB63oMAuGC1LfAQAIhgP5F430vvFoC5d6RqYzj/BnwOt7a8LqKtLDAGIQUOLv0YYzj7MLZrK4yNampQm/HHsyOlNK3ZSHGykmdgP1SINtgEaaNgoukG2YO0BhQ2UnMjVRsorXZqhmGcs4B7u/t1NCCYCW44rfkXBL+SBune8ufO5Z/qyJOdc8HN290vAfjIzeYg2b537R37va1Hz02iBz2E++ACGxQFCtZGjLINF5VP8hOboNhxJcUWhYE3b+DMlx1tpDZYnPWJPllU3FU3HsNPcOlXRxdtQdu9u4PDS17F8HdPorBqIo3GNvFAO6mqYQDANVFH7svSMXx44QrxoyZdFjw9wcceqdkopKYbTt1Rhtu9lpkrCxolP7dQSgUKK66N6zeQ8CL216dF1oYqE3XgY1of6AlTWKBwRgrCa2QKjZ5cz/KbuwuySq9nWb6apRm5XS3/uO9LcvisjjhmaNhbVKVU2+BWv0U116c7Civ40E34xfR/bvu/m/vqyM0yy0Mf7pObdGOYSGs6wboTcebqtzEguF2uThI0Uh0nmCZkmq7y2dVsmuTpKSpGCUNleMndGjpKereaZ6eorKr1gWAo+GHH9ZTaB13SPwEAAP//ZjEj+9wIAAA=
2025-09-03T01:37:40.3697524Z ##[endgroup]
2025-09-03T01:37:40.5209946Z Job run UUID is 8e207f7d-ecba-4794-9c17-6d34758ff3fb.
2025-09-03T01:37:41.1105152Z ##[group]Setup CodeQL tools
2025-09-03T01:37:41.1153240Z [command]/usr/bin/tar --version
2025-09-03T01:37:41.1181640Z tar (GNU tar) 1.35
2025-09-03T01:37:41.1182090Z Copyright (C) 2023 Free Software Foundation, Inc.
2025-09-03T01:37:41.1182800Z License GPLv3+: GNU GPL version 3 or later <https://gnu.org/licenses/gpl.html>.
2025-09-03T01:37:41.1183763Z This is free software: you are free to change and redistribute it.
2025-09-03T01:37:41.1184399Z There is NO WARRANTY, to the extent permitted by law.
2025-09-03T01:37:41.1184752Z 
2025-09-03T01:37:41.1184920Z Written by John Gilmore and Jay Fenlason.
2025-09-03T01:37:41.1190295Z Found gnu tar version 1.35.
2025-09-03T01:37:41.1350411Z Found CodeQL tools version 2.22.4 in the toolcache.
2025-09-03T01:37:41.1351301Z Using CodeQL CLI version 2.22.4 from toolcache at /opt/hostedtoolcache/CodeQL/2.22.4/x64
2025-09-03T01:37:43.6484674Z [command]/opt/hostedtoolcache/CodeQL/2.22.4/x64/codeql/codeql version --format=json
2025-09-03T01:37:44.2534629Z {
2025-09-03T01:37:44.2535149Z   "productName" : "CodeQL",
2025-09-03T01:37:44.2536021Z   "vendor" : "GitHub",
2025-09-03T01:37:44.2536340Z   "version" : "2.22.4",
2025-09-03T01:37:44.2536795Z   "sha" : "1a65b2f13f8c77cb6ab756d41aca42c0e6515e35",
2025-09-03T01:37:44.2537243Z   "branches" : [
2025-09-03T01:37:44.2537467Z     "codeql-cli-2.22.4"
2025-09-03T01:37:44.2537662Z   ],
2025-09-03T01:37:44.2537884Z   "copyright" : "Copyright (C) 2019-2025 GitHub, Inc.",
2025-09-03T01:37:44.2538258Z   "unpackedLocation" : "/opt/hostedtoolcache/CodeQL/2.22.4/x64/codeql",
2025-09-03T01:37:44.2538688Z   "configFileLocation" : "/home/runner/.config/codeql/config",
2025-09-03T01:37:44.2539025Z   "configFileFound" : false,
2025-09-03T01:37:44.2539501Z   "overlayVersion" : 4,
2025-09-03T01:37:44.2539702Z   "features" : {
2025-09-03T01:37:44.2539897Z     "analysisSummaryV2Default" : true,
2025-09-03T01:37:44.2540150Z     "buildModeOption" : true,
2025-09-03T01:37:44.2540439Z     "bundleSupportsIncludeDiagnostics" : true,
2025-09-03T01:37:44.2540761Z     "bundleSupportsIncludeLogs" : true,
2025-09-03T01:37:44.2541136Z     "databaseInterpretResultsSupportsSarifRunProperty" : true,
2025-09-03T01:37:44.2541477Z     "featuresInVersionResult" : true,
2025-09-03T01:37:44.2541767Z     "indirectTracingSupportsStaticBinaries" : false,
2025-09-03T01:37:44.2542079Z     "informsAboutUnsupportedPathFilters" : true,
2025-09-03T01:37:44.2542351Z     "supportsPython312" : true,
2025-09-03T01:37:44.2542566Z     "mrvaPackCreate" : true,
2025-09-03T01:37:44.2542786Z     "threatModelOption" : true,
2025-09-03T01:37:44.2543015Z     "traceCommandUseBuildMode" : true,
2025-09-03T01:37:44.2543257Z     "v2ramSizing" : true,
2025-09-03T01:37:44.2543749Z     "mrvaPackCreateMultipleQueries" : true,
2025-09-03T01:37:44.2544040Z     "setsCodeqlRunnerEnvVar" : true,
2025-09-03T01:37:44.2544307Z     "sarifMergeRunsFromEqualCategory" : true,
2025-09-03T01:37:44.2544560Z     "forceOverwrite" : true,
2025-09-03T01:37:44.2544788Z     "generateSummarySymbolMap" : true,
2025-09-03T01:37:44.2545096Z     "pythonDefaultIsToNotExtractStdlib" : true,
2025-09-03T01:37:44.2545425Z     "queryServerRunQueries" : true,
2025-09-03T01:37:44.2545780Z     "queryServerTrimCacheWithMode" : true
2025-09-03T01:37:44.2546019Z   }
2025-09-03T01:37:44.2546164Z }
2025-09-03T01:37:44.2664323Z ##[endgroup]
2025-09-03T01:37:44.2664988Z ##[group]Validating workflow
2025-09-03T01:37:44.2708694Z Detected no issues with the code scanning workflow.
2025-09-03T01:37:44.2709521Z ##[endgroup]
2025-09-03T01:37:44.2712839Z ##[group]Load language configuration
2025-09-03T01:37:44.2723820Z [command]/opt/hostedtoolcache/CodeQL/2.22.4/x64/codeql/codeql resolve languages --format=betterjson --extractor-options-verbosity=4 --extractor-include-aliases
2025-09-03T01:37:45.6367966Z {
2025-09-03T01:37:45.6369951Z   "aliases" : {
2025-09-03T01:37:45.6370267Z     "c" : "cpp",
2025-09-03T01:37:45.6370558Z     "c++" : "cpp",
2025-09-03T01:37:45.6370839Z     "c-c++" : "cpp",
2025-09-03T01:37:45.6371140Z     "c-cpp" : "cpp",
2025-09-03T01:37:45.6371432Z     "c#" : "csharp",
2025-09-03T01:37:45.6371818Z     "java-kotlin" : "java",
2025-09-03T01:37:45.6372169Z     "kotlin" : "java",
2025-09-03T01:37:45.6372527Z     "javascript-typescript" : "javascript",
2025-09-03T01:37:45.6372984Z     "typescript" : "javascript"
2025-09-03T01:37:45.6373325Z   },
2025-09-03T01:37:45.6373728Z   "extractors" : {
2025-09-03T01:37:45.6374010Z     "xml" : [
2025-09-03T01:37:45.6374272Z       {
2025-09-03T01:37:45.6374684Z         "extractor_root" : "/opt/hostedtoolcache/CodeQL/2.22.4/x64/codeql/xml"
2025-09-03T01:37:45.6375216Z       }
2025-09-03T01:37:45.6375447Z     ],
2025-09-03T01:37:45.6375699Z     "python" : [
2025-09-03T01:37:45.6375965Z       {
2025-09-03T01:37:45.6376413Z         "extractor_root" : "/opt/hostedtoolcache/CodeQL/2.22.4/x64/codeql/python",
2025-09-03T01:37:45.6376815Z         "extractor_options" : {
2025-09-03T01:37:45.6377032Z           "logging" : {
2025-09-03T01:37:45.6377255Z             "title" : "Options pertaining to logging.",
2025-09-03T01:37:45.6377887Z             "description" : "Options pertaining to logging.",
2025-09-03T01:37:45.6378164Z             "type" : "object",
2025-09-03T01:37:45.6378371Z             "properties" : {
2025-09-03T01:37:45.6378577Z               "verbosity" : {
2025-09-03T01:37:45.6378824Z                 "title" : "Python extractor logging verbosity level.",
2025-09-03T01:37:45.6379758Z                 "description" : "Controls the level of verbosity of the CodeQL Python extractor.\nThe supported levels are (in order of increasing verbosity):\n\n  - off\n  - errors\n  - warnings\n  - info or progress\n  - debug or progress+\n  - trace or progress++\n  - progress+++\n",
2025-09-03T01:37:45.6380736Z                 "type" : "string",
2025-09-03T01:37:45.6381156Z                 "pattern" : "^(off|errors|warnings|(info|progress)|(debug|progress\\+)|(trace|progress\\+\\+)|progress\\+\\+\\+)$"
2025-09-03T01:37:45.6381574Z               }
2025-09-03T01:37:45.6381729Z             }
2025-09-03T01:37:45.6381882Z           },
2025-09-03T01:37:45.6382125Z           "python_executable_name" : {
2025-09-03T01:37:45.6382473Z             "title" : "Controls the name of the Python executable used by the Python extractor.",
2025-09-03T01:37:45.6383926Z             "description" : "The Python extractor uses platform-dependent heuristics to determine the name of the Python executable to use. Specifying a value for this option overrides the name of the Python executable used by the extractor. Accepted values are py, python and python3. Use this setting with caution, the Python extractor requires Python 3 to run.\n",
2025-09-03T01:37:45.6385063Z             "type" : "string",
2025-09-03T01:37:45.6385310Z             "pattern" : "^(py|python|python3)$"
2025-09-03T01:37:45.6385556Z           }
2025-09-03T01:37:45.6385705Z         }
2025-09-03T01:37:45.6385846Z       }
2025-09-03T01:37:45.6385991Z     ],
2025-09-03T01:37:45.6386142Z     "properties" : [
2025-09-03T01:37:45.6386323Z       {
2025-09-03T01:37:45.6386600Z         "extractor_root" : "/opt/hostedtoolcache/CodeQL/2.22.4/x64/codeql/properties"
2025-09-03T01:37:45.6386930Z       }
2025-09-03T01:37:45.6387071Z     ],
2025-09-03T01:37:45.6387229Z     "javascript" : [
2025-09-03T01:37:45.6387410Z       {
2025-09-03T01:37:45.6387669Z         "extractor_root" : "/opt/hostedtoolcache/CodeQL/2.22.4/x64/codeql/javascript",
2025-09-03T01:37:45.6388013Z         "extractor_options" : {
2025-09-03T01:37:45.6388209Z           "trap" : {
2025-09-03T01:37:45.6388391Z             "title" : "TRAP options",
2025-09-03T01:37:45.6388699Z             "description" : "Options about how the extractor handles TRAP files",
2025-09-03T01:37:45.6389017Z             "type" : "object",
2025-09-03T01:37:45.6389220Z             "visibility" : 3,
2025-09-03T01:37:45.6389420Z             "properties" : {
2025-09-03T01:37:45.6389618Z               "cache" : {
2025-09-03T01:37:45.6389815Z                 "title" : "TRAP cache options",
2025-09-03T01:37:45.6390149Z                 "description" : "Options about how the extractor handles its TRAP cache",
2025-09-03T01:37:45.6390475Z                 "type" : "object",
2025-09-03T01:37:45.6390689Z                 "properties" : {
2025-09-03T01:37:45.6390888Z                   "dir" : {
2025-09-03T01:37:45.6391117Z                     "title" : "TRAP cache directory",
2025-09-03T01:37:45.6391425Z                     "description" : "The directory of the TRAP cache to use",
2025-09-03T01:37:45.6391708Z                     "type" : "string"
2025-09-03T01:37:45.6391912Z                   },
2025-09-03T01:37:45.6392085Z                   "bound" : {
2025-09-03T01:37:45.6392289Z                     "title" : "TRAP cache bound",
2025-09-03T01:37:45.6392606Z                     "description" : "A soft limit (in MB) on the size of the TRAP cache",
2025-09-03T01:37:45.6392916Z                     "type" : "string",
2025-09-03T01:37:45.6393143Z                     "pattern" : "[0-9]+"
2025-09-03T01:37:45.6393374Z                   },
2025-09-03T01:37:45.6393720Z                   "write" : {
2025-09-03T01:37:45.6394065Z                     "title" : "TRAP cache writeable",
2025-09-03T01:37:45.6394432Z                     "description" : "Whether to write to the TRAP cache as well as reading it",
2025-09-03T01:37:45.6394770Z                     "type" : "string",
2025-09-03T01:37:45.6395002Z                     "pattern" : "(true|TRUE|false|FALSE)"
2025-09-03T01:37:45.6395229Z                   }
2025-09-03T01:37:45.6395384Z                 }
2025-09-03T01:37:45.6395544Z               }
2025-09-03T01:37:45.6395695Z             }
2025-09-03T01:37:45.6395848Z           },
2025-09-03T01:37:45.6396004Z           "skip_types" : {
2025-09-03T01:37:45.6396345Z             "title" : "Skip type extraction for TypeScript",
2025-09-03T01:37:45.6396745Z             "description" : "Whether to skip the extraction of types in a TypeScript application",
2025-09-03T01:37:45.6397099Z             "type" : "string",
2025-09-03T01:37:45.6397311Z             "pattern" : "^(false|true)$"
2025-09-03T01:37:45.6397519Z           }
2025-09-03T01:37:45.6397668Z         }
2025-09-03T01:37:45.6397807Z       }
2025-09-03T01:37:45.6397947Z     ],
2025-09-03T01:37:45.6398091Z     "csharp" : [
2025-09-03T01:37:45.6398254Z       {
2025-09-03T01:37:45.6398501Z         "extractor_root" : "/opt/hostedtoolcache/CodeQL/2.22.4/x64/codeql/csharp",
2025-09-03T01:37:45.6398830Z         "extractor_options" : {
2025-09-03T01:37:45.6399032Z           "trap" : {
2025-09-03T01:37:45.6399225Z             "title" : "Options pertaining to TRAP.",
2025-09-03T01:37:45.6399504Z             "description" : "Options pertaining to TRAP.",
2025-09-03T01:37:45.6399755Z             "type" : "object",
2025-09-03T01:37:45.6399961Z             "properties" : {
2025-09-03T01:37:45.6400158Z               "compression" : {
2025-09-03T01:37:45.6400475Z                 "title" : "Controls compression for the TRAP files written by the extractor.",
2025-09-03T01:37:45.6401302Z                 "description" : "This option is only intended for use in debugging the extractor. Accepted values are 'brotli' (the default, to write brotli-compressed TRAP), 'gzip', and 'none' (to write uncompressed TRAP).\n",
2025-09-03T01:37:45.6402005Z                 "type" : "string",
2025-09-03T01:37:45.6402234Z                 "pattern" : "^(none|gzip|brotli)$"
2025-09-03T01:37:45.6402458Z               }
2025-09-03T01:37:45.6402615Z             }
2025-09-03T01:37:45.6402761Z           },
2025-09-03T01:37:45.6402921Z           "buildless" : {
2025-09-03T01:37:45.6403211Z             "title" : "DEPRECATED - Whether to use buildless (standalone) extraction.",
2025-09-03T01:37:45.6405065Z             "description" : "DEPRECATED: Use `--build-mode none` instead.\nA value indicating, which type of extraction the autobuilder should perform. If 'true', then the standalone extractor will be used, otherwise tracing extraction will be performed. The default is 'false'. Note that buildless extraction will generally yield less accurate analysis results, and should only be used in cases where it is not possible to build the code (for example if it uses inaccessible dependencies).\n",
2025-09-03T01:37:45.6406548Z             "type" : "string",
2025-09-03T01:37:45.6406765Z             "pattern" : "^(false|true)$"
2025-09-03T01:37:45.6406980Z           },
2025-09-03T01:37:45.6407140Z           "logging" : {
2025-09-03T01:37:45.6407343Z             "title" : "Options pertaining to logging.",
2025-09-03T01:37:45.6407636Z             "description" : "Options pertaining to logging.",
2025-09-03T01:37:45.6407897Z             "type" : "object",
2025-09-03T01:37:45.6408099Z             "properties" : {
2025-09-03T01:37:45.6408299Z               "verbosity" : {
2025-09-03T01:37:45.6408531Z                 "title" : "Extractor logging verbosity level.",
2025-09-03T01:37:45.6409377Z                 "description" : "Controls the level of verbosity of the extractor. The supported levels are (in order of increasing verbosity):\n  - off\n  - errors\n  - warnings\n  - info or progress\n  - debug or progress+\n  - trace or progress++\n  - progress+++\n",
2025-09-03T01:37:45.6410285Z                 "type" : "string",
2025-09-03T01:37:45.6410705Z                 "pattern" : "^(off|errors|warnings|(info|progress)|(debug|progress\\+)|(trace|progress\\+\\+)|progress\\+\\+\\+)$"
2025-09-03T01:37:45.6411126Z               }
2025-09-03T01:37:45.6411277Z             }
2025-09-03T01:37:45.6411428Z           },
2025-09-03T01:37:45.6411577Z           "binlog" : {
2025-09-03T01:37:45.6411760Z             "title" : "Binlog",
2025-09-03T01:37:45.6412447Z             "description" : "[EXPERIMENTAL] The value is a path to the MsBuild binary log file that should be extracted. This option only works when `--build-mode none` is also specified.\n",
2025-09-03T01:37:45.6413059Z             "type" : "array"
2025-09-03T01:37:45.6413241Z           }
2025-09-03T01:37:45.6413392Z         }
2025-09-03T01:37:45.6413697Z       }
2025-09-03T01:37:45.6413839Z     ],
2025-09-03T01:37:45.6413984Z     "rust" : [
2025-09-03T01:37:45.6414135Z       {
2025-09-03T01:37:45.6414385Z         "extractor_root" : "/opt/hostedtoolcache/CodeQL/2.22.4/x64/codeql/rust",
2025-09-03T01:37:45.6414710Z         "extractor_options" : {
2025-09-03T01:37:45.6414908Z           "trap" : {
2025-09-03T01:37:45.6415103Z             "title" : "Options pertaining to TRAP.",
2025-09-03T01:37:45.6415386Z             "description" : "Options pertaining to TRAP.",
2025-09-03T01:37:45.6415636Z             "type" : "object",
2025-09-03T01:37:45.6415836Z             "properties" : {
2025-09-03T01:37:45.6416025Z               "compression" : {
2025-09-03T01:37:45.6416338Z                 "title" : "Controls compression for the TRAP files written by the extractor.",
2025-09-03T01:37:45.6417251Z                 "description" : "This option is only intended for use in debugging the extractor. Accepted values are 'gzip' (to write gzip-compressed TRAP) 'zstd' (to write Zstandard-compressed TRAP) and 'none' (the default, to write uncompressed TRAP).\n",
2025-09-03T01:37:45.6418025Z                 "type" : "string",
2025-09-03T01:37:45.6418255Z                 "pattern" : "^(none|gzip|zstd)$"
2025-09-03T01:37:45.6418482Z               }
2025-09-03T01:37:45.6418641Z             }
2025-09-03T01:37:45.6418791Z           },
2025-09-03T01:37:45.6418960Z           "cargo_target_dir" : {
2025-09-03T01:37:45.6419209Z             "title" : "Directory to use for cargo output files.",
2025-09-03T01:37:45.6420156Z             "description" : "This value is an optional path to use as `CARGO_TARGET_DIR` for the internal cargo commands the extractor uses. Pointing it to a persistent directory may reduce execution time of consecutive extractor runs. By default, a new scratch directory is used for each run.\n",
2025-09-03T01:37:45.6421059Z             "type" : "string"
2025-09-03T01:37:45.6421239Z           },
2025-09-03T01:37:45.6421397Z           "cargo_target" : {
2025-09-03T01:37:45.6421598Z             "title" : "Target architecture",
2025-09-03T01:37:45.6422100Z             "description" : "Target architecture to use for analysis, analogous to `cargo --target`. By default the host architecture is used.\n",
2025-09-03T01:37:45.6422590Z             "type" : "string"
2025-09-03T01:37:45.6422773Z           },
2025-09-03T01:37:45.6422933Z           "cargo_features" : {
2025-09-03T01:37:45.6424148Z             "title" : "Cargo features to turn on",
2025-09-03T01:37:45.6425162Z             "description" : "Comma-separated list of features to turn on. By default all features are enabled. If any features are specified, then only those features are enabled. The `default` feature must be explicitly specified if only default features are desired. Can be repeated.\n",
2025-09-03T01:37:45.6426075Z             "type" : "array"
2025-09-03T01:37:45.6426277Z           },
2025-09-03T01:37:45.6426456Z           "cargo_cfg_overrides" : {
2025-09-03T01:37:45.6426687Z             "title" : "Cargo cfg overrides",
2025-09-03T01:37:45.6427158Z             "description" : "Comma-separated list of cfg settings to enable, or disable if prefixed with `-`. Can be repeated.\n",
2025-09-03T01:37:45.6427749Z             "type" : "array"
2025-09-03T01:37:45.6427940Z           },
2025-09-03T01:37:45.6428093Z           "logging" : {
2025-09-03T01:37:45.6428307Z             "title" : "Options pertaining to logging.",
2025-09-03T01:37:45.6428602Z             "description" : "Options pertaining to logging.",
2025-09-03T01:37:45.6428880Z             "type" : "object",
2025-09-03T01:37:45.6429087Z             "properties" : {
2025-09-03T01:37:45.6429281Z               "verbosity" : {
2025-09-03T01:37:45.6429517Z                 "title" : "Extractor logging verbosity level.",
2025-09-03T01:37:45.6430452Z                 "description" : "Controls the level of verbosity of the extractor. The supported levels are (in order of increasing verbosity):\n  - off\n  - errors\n  - warnings\n  - info or progress\n  - debug or progress+\n  - trace or progress++\n  - progress+++\n",
2025-09-03T01:37:45.6431239Z                 "type" : "string",
2025-09-03T01:37:45.6431660Z                 "pattern" : "^(off|errors|warnings|(info|progress)|(debug|progress\\+)|(trace|progress\\+\\+)|progress\\+\\+\\+)$"
2025-09-03T01:37:45.6432076Z               },
2025-09-03T01:37:45.6432249Z               "flamegraph" : {
2025-09-03T01:37:45.6432518Z                 "title" : "[Experimental] File path for write flame graph log",
2025-09-03T01:37:45.6433306Z                 "description" : "Collect flame graph data using the `tracing-flame` crate. To render a flame graph or chart, run the `inferno-flamegraph` command. See also: https://crates.io/crates/tracing-flame\n",
2025-09-03T01:37:45.6434210Z                 "type" : "string"
2025-09-03T01:37:45.6434410Z               }
2025-09-03T01:37:45.6434574Z             }
2025-09-03T01:37:45.6434725Z           },
2025-09-03T01:37:45.6434905Z           "skip_path_resolution" : {
2025-09-03T01:37:45.6435146Z             "title" : "Skip path resolution",
2025-09-03T01:37:45.6435648Z             "description" : "Skip path resolution. This is experimental, while we move path resolution from the extractor to the QL library.\n",
2025-09-03T01:37:45.6436141Z             "type" : "string",
2025-09-03T01:37:45.6436346Z             "pattern" : "^(false|true)$"
2025-09-03T01:37:45.6436560Z           },
2025-09-03T01:37:45.6436743Z           "extract_dependencies_as_source" : {
2025-09-03T01:37:45.6437009Z             "title" : "Extract dependencies as source code",
2025-09-03T01:37:45.6437453Z             "description" : "Extract the full source code of dependencies instead of only extracting signatures.\n",
2025-09-03T01:37:45.6437855Z             "type" : "string",
2025-09-03T01:37:45.6438060Z             "pattern" : "^(false|true)$"
2025-09-03T01:37:45.6438272Z           }
2025-09-03T01:37:45.6438421Z         }
2025-09-03T01:37:45.6438563Z       }
2025-09-03T01:37:45.6438707Z     ],
2025-09-03T01:37:45.6438853Z     "ruby" : [
2025-09-03T01:37:45.6439002Z       {
2025-09-03T01:37:45.6439252Z         "extractor_root" : "/opt/hostedtoolcache/CodeQL/2.22.4/x64/codeql/ruby",
2025-09-03T01:37:45.6439577Z         "extractor_options" : {
2025-09-03T01:37:45.6439780Z           "trap" : {
2025-09-03T01:37:45.6439974Z             "title" : "Options pertaining to TRAP.",
2025-09-03T01:37:45.6440252Z             "description" : "Options pertaining to TRAP.",
2025-09-03T01:37:45.6440502Z             "type" : "object",
2025-09-03T01:37:45.6440705Z             "properties" : {
2025-09-03T01:37:45.6440897Z               "compression" : {
2025-09-03T01:37:45.6441211Z                 "title" : "Controls compression for the TRAP files written by the extractor.",
2025-09-03T01:37:45.6442132Z                 "description" : "This option is only intended for use in debugging the extractor. Accepted values are 'gzip' (the default, to write gzip-compressed TRAP) 'zstd' (to write Zstandard-compressed TRAP) and 'none' (to write uncompressed TRAP).\n",
2025-09-03T01:37:45.6442916Z                 "type" : "string",
2025-09-03T01:37:45.6443146Z                 "pattern" : "^(none|gzip|zstd)$"
2025-09-03T01:37:45.6443368Z               }
2025-09-03T01:37:45.6443859Z             }
2025-09-03T01:37:45.6444010Z           }
2025-09-03T01:37:45.6444158Z         }
2025-09-03T01:37:45.6444303Z       }
2025-09-03T01:37:45.6444437Z     ],
2025-09-03T01:37:45.6444581Z     "go" : [
2025-09-03T01:37:45.6444726Z       {
2025-09-03T01:37:45.6444978Z         "extractor_root" : "/opt/hostedtoolcache/CodeQL/2.22.4/x64/codeql/go",
2025-09-03T01:37:45.6445302Z         "extractor_options" : {
2025-09-03T01:37:45.6445517Z           "extract_tests" : {
2025-09-03T01:37:45.6445799Z             "title" : "Whether to include Go test files in the CodeQL database.",
2025-09-03T01:37:45.6446481Z             "description" : "A value indicating whether Go test files should be included in the CodeQL database. The default is 'false'.\n",
2025-09-03T01:37:45.6446956Z             "type" : "string",
2025-09-03T01:37:45.6447165Z             "pattern" : "^(false|true)$"
2025-09-03T01:37:45.6447390Z           },
2025-09-03T01:37:45.6447552Z           "extract_vendor_dirs" : {
2025-09-03T01:37:45.6447877Z             "title" : "Whether to include Go vendor directories in the CodeQL database.",
2025-09-03T01:37:45.6448480Z             "description" : "A value indicating whether Go vendor directories should be included in the CodeQL database. The default is 'false'.\n",
2025-09-03T01:37:45.6448976Z             "type" : "string",
2025-09-03T01:37:45.6449175Z             "pattern" : "^(false|true)$"
2025-09-03T01:37:45.6449388Z           }
2025-09-03T01:37:45.6449536Z         }
2025-09-03T01:37:45.6449673Z       }
2025-09-03T01:37:45.6449814Z     ],
2025-09-03T01:37:45.6449960Z     "cpp" : [
2025-09-03T01:37:45.6450116Z       {
2025-09-03T01:37:45.6450358Z         "extractor_root" : "/opt/hostedtoolcache/CodeQL/2.22.4/x64/codeql/cpp",
2025-09-03T01:37:45.6450693Z         "extractor_options" : {
2025-09-03T01:37:45.6450889Z           "trap" : {
2025-09-03T01:37:45.6451077Z             "title" : "TRAP options",
2025-09-03T01:37:45.6451386Z             "description" : "Options about how the extractor handles TRAP files",
2025-09-03T01:37:45.6451700Z             "type" : "object",
2025-09-03T01:37:45.6451898Z             "visibility" : 3,
2025-09-03T01:37:45.6452095Z             "properties" : {
2025-09-03T01:37:45.6452289Z               "cache" : {
2025-09-03T01:37:45.6452488Z                 "title" : "TRAP cache options",
2025-09-03T01:37:45.6452821Z                 "description" : "Options about how the extractor handles its TRAP cache",
2025-09-03T01:37:45.6453145Z                 "type" : "object",
2025-09-03T01:37:45.6453362Z                 "properties" : {
2025-09-03T01:37:45.6453670Z                   "dir" : {
2025-09-03T01:37:45.6453892Z                     "title" : "TRAP cache directory",
2025-09-03T01:37:45.6454195Z                     "description" : "The directory of the TRAP cache to use",
2025-09-03T01:37:45.6454480Z                     "type" : "string"
2025-09-03T01:37:45.6454688Z                   },
2025-09-03T01:37:45.6454856Z                   "bound" : {
2025-09-03T01:37:45.6455071Z                     "title" : "TRAP cache bound",
2025-09-03T01:37:45.6455381Z                     "description" : "A soft limit (in MB) on the size of the TRAP cache",
2025-09-03T01:37:45.6455697Z                     "type" : "string",
2025-09-03T01:37:45.6455921Z                     "pattern" : "[0-9]+"
2025-09-03T01:37:45.6456132Z                   },
2025-09-03T01:37:45.6456299Z                   "write" : {
2025-09-03T01:37:45.6456509Z                     "title" : "TRAP cache writeable",
2025-09-03T01:37:45.6456863Z                     "description" : "Whether to write to the TRAP cache as well as reading it",
2025-09-03T01:37:45.6457198Z                     "type" : "string",
2025-09-03T01:37:45.6457432Z                     "pattern" : "(true|TRUE|false|FALSE)"
2025-09-03T01:37:45.6457662Z                   }
2025-09-03T01:37:45.6457823Z                 }
2025-09-03T01:37:45.6457979Z               }
2025-09-03T01:37:45.6458132Z             }
2025-09-03T01:37:45.6458281Z           },
2025-09-03T01:37:45.6458556Z           "scale_timeouts" : {
2025-09-03T01:37:45.6458829Z             "title" : "Value to scale compiler introspection timeouts with",
2025-09-03T01:37:45.6460082Z             "description" : "The extractor attempts to determine what compiler the source code being extracted is compiled with. To this end the extractor makes additional calls to the compiler, some of which are expected to return within a certain fixed time (either 10s or 15s). On some systems that are under high load this time might be too short, and can be scaled up using this option.\n",
2025-09-03T01:37:45.6461246Z             "type" : "string",
2025-09-03T01:37:45.6461563Z             "pattern" : "[0-9]+"
2025-09-03T01:37:45.6461757Z           },
2025-09-03T01:37:45.6461919Z           "log_verbosity" : {
2025-09-03T01:37:45.6462144Z             "title" : "Verbosity of the extractor logging",
2025-09-03T01:37:45.6462669Z             "description" : "Set the verbosity of the extractor logging to 'quiet' (0), 'normal' (1), 'chatty' (2), or 'noisy' (3). The default is 'normal'.\n",
2025-09-03T01:37:45.6463152Z             "type" : "string",
2025-09-03T01:37:45.6463353Z             "pattern" : "[0-3]"
2025-09-03T01:37:45.6463637Z           },
2025-09-03T01:37:45.6463900Z           "frontend_options" : {
2025-09-03T01:37:45.6464201Z             "title" : "C/C++ extractor frontend options",
2025-09-03T01:37:45.6464617Z             "description" : "Set additional options that should be passed to the C/C++ extractor frontend.\n",
2025-09-03T01:37:45.6465017Z             "type" : "array",
2025-09-03T01:37:45.6465209Z             "visibility" : 3
2025-09-03T01:37:45.6465396Z           }
2025-09-03T01:37:45.6465545Z         }
2025-09-03T01:37:45.6465703Z       }
2025-09-03T01:37:45.6465842Z     ],
2025-09-03T01:37:45.6465992Z     "yaml" : [
2025-09-03T01:37:45.6466140Z       {
2025-09-03T01:37:45.6466383Z         "extractor_root" : "/opt/hostedtoolcache/CodeQL/2.22.4/x64/codeql/yaml"
2025-09-03T01:37:45.6466690Z       }
2025-09-03T01:37:45.6466829Z     ],
2025-09-03T01:37:45.6466983Z     "html" : [
2025-09-03T01:37:45.6467135Z       {
2025-09-03T01:37:45.6467368Z         "extractor_root" : "/opt/hostedtoolcache/CodeQL/2.22.4/x64/codeql/html"
2025-09-03T01:37:45.6467662Z       }
2025-09-03T01:37:45.6467804Z     ],
2025-09-03T01:37:45.6467941Z     "swift" : [
2025-09-03T01:37:45.6468100Z       {
2025-09-03T01:37:45.6468340Z         "extractor_root" : "/opt/hostedtoolcache/CodeQL/2.22.4/x64/codeql/swift"
2025-09-03T01:37:45.6468643Z       }
2025-09-03T01:37:45.6468785Z     ],
2025-09-03T01:37:45.6468932Z     "csv" : [
2025-09-03T01:37:45.6469090Z       {
2025-09-03T01:37:45.6469326Z         "extractor_root" : "/opt/hostedtoolcache/CodeQL/2.22.4/x64/codeql/csv"
2025-09-03T01:37:45.6469632Z       }
2025-09-03T01:37:45.6469768Z     ],
2025-09-03T01:37:45.6469917Z     "actions" : [
2025-09-03T01:37:45.6470075Z       {
2025-09-03T01:37:45.6470327Z         "extractor_root" : "/opt/hostedtoolcache/CodeQL/2.22.4/x64/codeql/actions",
2025-09-03T01:37:45.6470658Z         "extractor_options" : {
2025-09-03T01:37:45.6470860Z           "trap" : {
2025-09-03T01:37:45.6471044Z             "title" : "TRAP options",
2025-09-03T01:37:45.6471358Z             "description" : "Options about how the extractor handles TRAP files",
2025-09-03T01:37:45.6471675Z             "type" : "object",
2025-09-03T01:37:45.6471879Z             "visibility" : 3,
2025-09-03T01:37:45.6472082Z             "properties" : {
2025-09-03T01:37:45.6472272Z               "cache" : {
2025-09-03T01:37:45.6472479Z                 "title" : "TRAP cache options",
2025-09-03T01:37:45.6472817Z                 "description" : "Options about how the extractor handles its TRAP cache",
2025-09-03T01:37:45.6473149Z                 "type" : "object",
2025-09-03T01:37:45.6473357Z                 "properties" : {
2025-09-03T01:37:45.6473665Z                   "dir" : {
2025-09-03T01:37:45.6473878Z                     "title" : "TRAP cache directory",
2025-09-03T01:37:45.6474173Z                     "description" : "The directory of the TRAP cache to use",
2025-09-03T01:37:45.6474737Z                     "type" : "string"
2025-09-03T01:37:45.6475059Z                   },
2025-09-03T01:37:45.6475325Z                   "bound" : {
2025-09-03T01:37:45.6475664Z                     "title" : "TRAP cache bound",
2025-09-03T01:37:45.6476854Z                     "description" : "A soft limit (in MB) on the size of the TRAP cache",
2025-09-03T01:37:45.6477219Z                     "type" : "string",
2025-09-03T01:37:45.6477450Z                     "pattern" : "[0-9]+"
2025-09-03T01:37:45.6477666Z                   },
2025-09-03T01:37:45.6477834Z                   "write" : {
2025-09-03T01:37:45.6478203Z                     "title" : "TRAP cache writeable",
2025-09-03T01:37:45.6478557Z                     "description" : "Whether to write to the TRAP cache as well as reading it",
2025-09-03T01:37:45.6478897Z                     "type" : "string",
2025-09-03T01:37:45.6479129Z                     "pattern" : "(true|TRUE|false|FALSE)"
2025-09-03T01:37:45.6479364Z                   }
2025-09-03T01:37:45.6479520Z                 }
2025-09-03T01:37:45.6479681Z               }
2025-09-03T01:37:45.6479832Z             }
2025-09-03T01:37:45.6479989Z           }
2025-09-03T01:37:45.6480141Z         }
2025-09-03T01:37:45.6480281Z       }
2025-09-03T01:37:45.6480424Z     ],
2025-09-03T01:37:45.6480567Z     "java" : [
2025-09-03T01:37:45.6480723Z       {
2025-09-03T01:37:45.6480968Z         "extractor_root" : "/opt/hostedtoolcache/CodeQL/2.22.4/x64/codeql/java",
2025-09-03T01:37:45.6481297Z         "extractor_options" : {
2025-09-03T01:37:45.6481496Z           "exclude" : {
2025-09-03T01:37:45.6481727Z             "title" : "A glob excluding files from analysis.",
2025-09-03T01:37:45.6482361Z             "description" : "A glob indicating what files to exclude from the analysis. This accepts glob patterns that are supported by Java's 'getPathMatcher' implementation.\n",
2025-09-03T01:37:45.6482951Z             "type" : "string"
2025-09-03T01:37:45.6483149Z           },
2025-09-03T01:37:45.6483319Z           "add_prefer_source" : {
2025-09-03T01:37:45.6483836Z             "title" : "Whether to always prefer source files over class files.",
2025-09-03T01:37:45.6484824Z             "description" : "A value indicating whether source files should be preferred over class files. If set to 'true', the extraction adds '-Xprefer:source' to the javac command line. If set to 'false', the extraction uses the default javac behavior ('-Xprefer:newer'). The default is 'true'.\n",
2025-09-03T01:37:45.6485727Z             "type" : "string",
2025-09-03T01:37:45.6485938Z             "pattern" : "^(false|true)$"
2025-09-03T01:37:45.6486153Z           },
2025-09-03T01:37:45.6486322Z           "buildless" : {
2025-09-03T01:37:45.6486616Z             "title" : "Whether to use buildless (standalone) extraction (experimental).",
2025-09-03T01:37:45.6488070Z             "description" : "A value indicating, which type of extraction the autobuilder should perform. If 'true', then the standalone extractor will be used, otherwise tracing extraction will be performed. The default is 'false'. Note that buildless extraction will generally yield less accurate analysis results, and should only be used in cases where it is not possible to build the code (for example if it uses inaccessible dependencies).\n",
2025-09-03T01:37:45.6489400Z             "type" : "string",
2025-09-03T01:37:45.6489601Z             "pattern" : "^(false|true)$"
2025-09-03T01:37:45.6489814Z           },
2025-09-03T01:37:45.6489980Z           "buildless_dependency_dir" : {
2025-09-03T01:37:45.6490350Z             "title" : "The path where buildless (standalone) extraction should keep dependencies.",
2025-09-03T01:37:45.6490899Z             "description" : "If set, the buildless (standalone) extractor will store dependencies in this directory.\n",
2025-09-03T01:37:45.6491313Z             "type" : "string"
2025-09-03T01:37:45.6491506Z           },
2025-09-03T01:37:45.6491670Z           "minimize_dependency_jars" : {
2025-09-03T01:37:45.6492209Z             "title" : "Whether to rewrite and minimize downloaded JAR dependencies (experimental).",
2025-09-03T01:37:45.6492922Z             "description" : "If 'true', JAR dependencies downloaded during extraction will be rewritten to remove unneeded data, such as method bodies. The default is 'false'.\n",
2025-09-03T01:37:45.6493752Z             "type" : "string",
2025-09-03T01:37:45.6493995Z             "pattern" : "^(false|true)$"
2025-09-03T01:37:45.6494204Z           }
2025-09-03T01:37:45.6494379Z         }
2025-09-03T01:37:45.6494517Z       }
2025-09-03T01:37:45.6494658Z     ]
2025-09-03T01:37:45.6494793Z   }
2025-09-03T01:37:45.6495069Z }
2025-09-03T01:37:45.6554462Z Languages from configuration: actions
2025-09-03T01:37:45.6560098Z [command]/opt/hostedtoolcache/CodeQL/2.22.4/x64/codeql/codeql resolve languages --format=betterjson --extractor-options-verbosity=4 --extractor-include-aliases
2025-09-03T01:37:46.5409769Z {
2025-09-03T01:37:46.5414230Z   "aliases" : {
2025-09-03T01:37:46.5415318Z     "c" : "cpp",
2025-09-03T01:37:46.5415831Z     "c++" : "cpp",
2025-09-03T01:37:46.5416293Z     "c-c++" : "cpp",
2025-09-03T01:37:46.5416818Z     "c-cpp" : "cpp",
2025-09-03T01:37:46.5417298Z     "c#" : "csharp",
2025-09-03T01:37:46.5417796Z     "java-kotlin" : "java",
2025-09-03T01:37:46.5418315Z     "kotlin" : "java",
2025-09-03T01:37:46.5418881Z     "javascript-typescript" : "javascript",
2025-09-03T01:37:46.5419532Z     "typescript" : "javascript"
2025-09-03T01:37:46.5419991Z   },
2025-09-03T01:37:46.5420650Z   "extractors" : {
2025-09-03T01:37:46.5421266Z     "xml" : [
2025-09-03T01:37:46.5434136Z       {
2025-09-03T01:37:46.5434652Z         "extractor_root" : "/opt/hostedtoolcache/CodeQL/2.22.4/x64/codeql/xml"
2025-09-03T01:37:46.5435212Z       }
2025-09-03T01:37:46.5435454Z     ],
2025-09-03T01:37:46.5435688Z     "python" : [
2025-09-03T01:37:46.5435935Z       {
2025-09-03T01:37:46.5436350Z         "extractor_root" : "/opt/hostedtoolcache/CodeQL/2.22.4/x64/codeql/python",
2025-09-03T01:37:46.5436957Z         "extractor_options" : {
2025-09-03T01:37:46.5437314Z           "logging" : {
2025-09-03T01:37:46.5437700Z             "title" : "Options pertaining to logging.",
2025-09-03T01:37:46.5438245Z             "description" : "Options pertaining to logging.",
2025-09-03T01:37:46.5438745Z             "type" : "object",
2025-09-03T01:37:46.5439090Z             "properties" : {
2025-09-03T01:37:46.5439459Z               "verbosity" : {
2025-09-03T01:37:46.5439875Z                 "title" : "Python extractor logging verbosity level.",
2025-09-03T01:37:46.5441538Z                 "description" : "Controls the level of verbosity of the CodeQL Python extractor.\nThe supported levels are (in order of increasing verbosity):\n\n  - off\n  - errors\n  - warnings\n  - info or progress\n  - debug or progress+\n  - trace or progress++\n  - progress+++\n",
2025-09-03T01:37:46.5443104Z                 "type" : "string",
2025-09-03T01:37:46.5444004Z                 "pattern" : "^(off|errors|warnings|(info|progress)|(debug|progress\\+)|(trace|progress\\+\\+)|progress\\+\\+\\+)$"
2025-09-03T01:37:46.5444834Z               }
2025-09-03T01:37:46.5445112Z             }
2025-09-03T01:37:46.5445378Z           },
2025-09-03T01:37:46.5445693Z           "python_executable_name" : {
2025-09-03T01:37:46.5446303Z             "title" : "Controls the name of the Python executable used by the Python extractor.",
2025-09-03T01:37:46.5448597Z             "description" : "The Python extractor uses platform-dependent heuristics to determine the name of the Python executable to use. Specifying a value for this option overrides the name of the Python executable used by the extractor. Accepted values are py, python and python3. Use this setting with caution, the Python extractor requires Python 3 to run.\n",
2025-09-03T01:37:46.5450710Z             "type" : "string",
2025-09-03T01:37:46.5451099Z             "pattern" : "^(py|python|python3)$"
2025-09-03T01:37:46.5451533Z           }
2025-09-03T01:37:46.5452337Z         }
2025-09-03T01:37:46.5452583Z       }
2025-09-03T01:37:46.5452795Z     ],
2025-09-03T01:37:46.5453027Z     "properties" : [
2025-09-03T01:37:46.5453316Z       {
2025-09-03T01:37:46.5453999Z         "extractor_root" : "/opt/hostedtoolcache/CodeQL/2.22.4/x64/codeql/properties"
2025-09-03T01:37:46.5454611Z       }
2025-09-03T01:37:46.5454864Z     ],
2025-09-03T01:37:46.5455131Z     "javascript" : [
2025-09-03T01:37:46.5455464Z       {
2025-09-03T01:37:46.5455981Z         "extractor_root" : "/opt/hostedtoolcache/CodeQL/2.22.4/x64/codeql/javascript",
2025-09-03T01:37:46.5456586Z         "extractor_options" : {
2025-09-03T01:37:46.5456947Z           "trap" : {
2025-09-03T01:37:46.5457508Z             "title" : "TRAP options",
2025-09-03T01:37:46.5458067Z             "description" : "Options about how the extractor handles TRAP files",
2025-09-03T01:37:46.5458650Z             "type" : "object",
2025-09-03T01:37:46.5459019Z             "visibility" : 3,
2025-09-03T01:37:46.5459452Z             "properties" : {
2025-09-03T01:37:46.5459829Z               "cache" : {
2025-09-03T01:37:46.5460201Z                 "title" : "TRAP cache options",
2025-09-03T01:37:46.5460818Z                 "description" : "Options about how the extractor handles its TRAP cache",
2025-09-03T01:37:46.5461452Z                 "type" : "object",
2025-09-03T01:37:46.5461841Z                 "properties" : {
2025-09-03T01:37:46.5462216Z                   "dir" : {
2025-09-03T01:37:46.5462590Z                     "title" : "TRAP cache directory",
2025-09-03T01:37:46.5463151Z                     "description" : "The directory of the TRAP cache to use",
2025-09-03T01:37:46.5463983Z                     "type" : "string"
2025-09-03T01:37:46.5464352Z                   },
2025-09-03T01:37:46.5464657Z                   "bound" : {
2025-09-03T01:37:46.5465037Z                     "title" : "TRAP cache bound",
2025-09-03T01:37:46.5465636Z                     "description" : "A soft limit (in MB) on the size of the TRAP cache",
2025-09-03T01:37:46.5466206Z                     "type" : "string",
2025-09-03T01:37:46.5466603Z                     "pattern" : "[0-9]+"
2025-09-03T01:37:46.5466964Z                   },
2025-09-03T01:37:46.5467274Z                   "write" : {
2025-09-03T01:37:46.5467632Z                     "title" : "TRAP cache writeable",
2025-09-03T01:37:46.5468217Z                     "description" : "Whether to write to the TRAP cache as well as reading it",
2025-09-03T01:37:46.5468568Z                     "type" : "string",
2025-09-03T01:37:46.5468805Z                     "pattern" : "(true|TRUE|false|FALSE)"
2025-09-03T01:37:46.5469037Z                   }
2025-09-03T01:37:46.5469198Z                 }
2025-09-03T01:37:46.5469376Z               }
2025-09-03T01:37:46.5469529Z             }
2025-09-03T01:37:46.5469682Z           },
2025-09-03T01:37:46.5469842Z           "skip_types" : {
2025-09-03T01:37:46.5470086Z             "title" : "Skip type extraction for TypeScript",
2025-09-03T01:37:46.5470481Z             "description" : "Whether to skip the extraction of types in a TypeScript application",
2025-09-03T01:37:46.5470851Z             "type" : "string",
2025-09-03T01:37:46.5471064Z             "pattern" : "^(false|true)$"
2025-09-03T01:37:46.5471274Z           }
2025-09-03T01:37:46.5471424Z         }
2025-09-03T01:37:46.5471569Z       }
2025-09-03T01:37:46.5471714Z     ],
2025-09-03T01:37:46.5471862Z     "csharp" : [
2025-09-03T01:37:46.5472028Z       {
2025-09-03T01:37:46.5472289Z         "extractor_root" : "/opt/hostedtoolcache/CodeQL/2.22.4/x64/codeql/csharp",
2025-09-03T01:37:46.5472631Z         "extractor_options" : {
2025-09-03T01:37:46.5472829Z           "trap" : {
2025-09-03T01:37:46.5473038Z             "title" : "Options pertaining to TRAP.",
2025-09-03T01:37:46.5473333Z             "description" : "Options pertaining to TRAP.",
2025-09-03T01:37:46.5473827Z             "type" : "object",
2025-09-03T01:37:46.5474035Z             "properties" : {
2025-09-03T01:37:46.5474232Z               "compression" : {
2025-09-03T01:37:46.5474740Z                 "title" : "Controls compression for the TRAP files written by the extractor.",
2025-09-03T01:37:46.5475614Z                 "description" : "This option is only intended for use in debugging the extractor. Accepted values are 'brotli' (the default, to write brotli-compressed TRAP), 'gzip', and 'none' (to write uncompressed TRAP).\n",
2025-09-03T01:37:46.5476332Z                 "type" : "string",
2025-09-03T01:37:46.5476571Z                 "pattern" : "^(none|gzip|brotli)$"
2025-09-03T01:37:46.5476795Z               }
2025-09-03T01:37:46.5476957Z             }
2025-09-03T01:37:46.5477104Z           },
2025-09-03T01:37:46.5477265Z           "buildless" : {
2025-09-03T01:37:46.5477673Z             "title" : "DEPRECATED - Whether to use buildless (standalone) extraction.",
2025-09-03T01:37:46.5479276Z             "description" : "DEPRECATED: Use `--build-mode none` instead.\nA value indicating, which type of extraction the autobuilder should perform. If 'true', then the standalone extractor will be used, otherwise tracing extraction will be performed. The default is 'false'. Note that buildless extraction will generally yield less accurate analysis results, and should only be used in cases where it is not possible to build the code (for example if it uses inaccessible dependencies).\n",
2025-09-03T01:37:46.5480735Z             "type" : "string",
2025-09-03T01:37:46.5480949Z             "pattern" : "^(false|true)$"
2025-09-03T01:37:46.5481161Z           },
2025-09-03T01:37:46.5481323Z           "logging" : {
2025-09-03T01:37:46.5481534Z             "title" : "Options pertaining to logging.",
2025-09-03T01:37:46.5481834Z             "description" : "Options pertaining to logging.",
2025-09-03T01:37:46.5482093Z             "type" : "object",
2025-09-03T01:37:46.5482295Z             "properties" : {
2025-09-03T01:37:46.5482491Z               "verbosity" : {
2025-09-03T01:37:46.5482729Z                 "title" : "Extractor logging verbosity level.",
2025-09-03T01:37:46.5483730Z                 "description" : "Controls the level of verbosity of the extractor. The supported levels are (in order of increasing verbosity):\n  - off\n  - errors\n  - warnings\n  - info or progress\n  - debug or progress+\n  - trace or progress++\n  - progress+++\n",
2025-09-03T01:37:46.5484531Z                 "type" : "string",
2025-09-03T01:37:46.5484948Z                 "pattern" : "^(off|errors|warnings|(info|progress)|(debug|progress\\+)|(trace|progress\\+\\+)|progress\\+\\+\\+)$"
2025-09-03T01:37:46.5485358Z               }
2025-09-03T01:37:46.5485518Z             }
2025-09-03T01:37:46.5485664Z           },
2025-09-03T01:37:46.5485822Z           "binlog" : {
2025-09-03T01:37:46.5486010Z             "title" : "Binlog",
2025-09-03T01:37:46.5486598Z             "description" : "[EXPERIMENTAL] The value is a path to the MsBuild binary log file that should be extracted. This option only works when `--build-mode none` is also specified.\n",
2025-09-03T01:37:46.5487207Z             "type" : "array"
2025-09-03T01:37:46.5487394Z           }
2025-09-03T01:37:46.5487542Z         }
2025-09-03T01:37:46.5487682Z       }
2025-09-03T01:37:46.5487827Z     ],
2025-09-03T01:37:46.5487968Z     "rust" : [
2025-09-03T01:37:46.5488128Z       {
2025-09-03T01:37:46.5488372Z         "extractor_root" : "/opt/hostedtoolcache/CodeQL/2.22.4/x64/codeql/rust",
2025-09-03T01:37:46.5488706Z         "extractor_options" : {
2025-09-03T01:37:46.5488906Z           "trap" : {
2025-09-03T01:37:46.5489102Z             "title" : "Options pertaining to TRAP.",
2025-09-03T01:37:46.5489384Z             "description" : "Options pertaining to TRAP.",
2025-09-03T01:37:46.5489636Z             "type" : "object",
2025-09-03T01:37:46.5489844Z             "properties" : {
2025-09-03T01:37:46.5490043Z               "compression" : {
2025-09-03T01:37:46.5490364Z                 "title" : "Controls compression for the TRAP files written by the extractor.",
2025-09-03T01:37:46.5491277Z                 "description" : "This option is only intended for use in debugging the extractor. Accepted values are 'gzip' (to write gzip-compressed TRAP) 'zstd' (to write Zstandard-compressed TRAP) and 'none' (the default, to write uncompressed TRAP).\n",
2025-09-03T01:37:46.5492176Z                 "type" : "string",
2025-09-03T01:37:46.5492405Z                 "pattern" : "^(none|gzip|zstd)$"
2025-09-03T01:37:46.5492623Z               }
2025-09-03T01:37:46.5492779Z             }
2025-09-03T01:37:46.5492926Z           },
2025-09-03T01:37:46.5493090Z           "cargo_target_dir" : {
2025-09-03T01:37:46.5493333Z             "title" : "Directory to use for cargo output files.",
2025-09-03T01:37:46.5494576Z             "description" : "This value is an optional path to use as `CARGO_TARGET_DIR` for the internal cargo commands the extractor uses. Pointing it to a persistent directory may reduce execution time of consecutive extractor runs. By default, a new scratch directory is used for each run.\n",
2025-09-03T01:37:46.5495474Z             "type" : "string"
2025-09-03T01:37:46.5495661Z           },
2025-09-03T01:37:46.5495826Z           "cargo_target" : {
2025-09-03T01:37:46.5496033Z             "title" : "Target architecture",
2025-09-03T01:37:46.5496543Z             "description" : "Target architecture to use for analysis, analogous to `cargo --target`. By default the host architecture is used.\n",
2025-09-03T01:37:46.5497030Z             "type" : "string"
2025-09-03T01:37:46.5497212Z           },
2025-09-03T01:37:46.5497377Z           "cargo_features" : {
2025-09-03T01:37:46.5497590Z             "title" : "Cargo features to turn on",
2025-09-03T01:37:46.5498498Z             "description" : "Comma-separated list of features to turn on. By default all features are enabled. If any features are specified, then only those features are enabled. The `default` feature must be explicitly specified if only default features are desired. Can be repeated.\n",
2025-09-03T01:37:46.5499373Z             "type" : "array"
2025-09-03T01:37:46.5499561Z           },
2025-09-03T01:37:46.5499731Z           "cargo_cfg_overrides" : {
2025-09-03T01:37:46.5499960Z             "title" : "Cargo cfg overrides",
2025-09-03T01:37:46.5500422Z             "description" : "Comma-separated list of cfg settings to enable, or disable if prefixed with `-`. Can be repeated.\n",
2025-09-03T01:37:46.5500871Z             "type" : "array"
2025-09-03T01:37:46.5501059Z           },
2025-09-03T01:37:46.5501229Z           "logging" : {
2025-09-03T01:37:46.5501444Z             "title" : "Options pertaining to logging.",
2025-09-03T01:37:46.5501736Z             "description" : "Options pertaining to logging.",
2025-09-03T01:37:46.5502006Z             "type" : "object",
2025-09-03T01:37:46.5502205Z             "properties" : {
2025-09-03T01:37:46.5502408Z               "verbosity" : {
2025-09-03T01:37:46.5502638Z                 "title" : "Extractor logging verbosity level.",
2025-09-03T01:37:46.5503666Z                 "description" : "Controls the level of verbosity of the extractor. The supported levels are (in order of increasing verbosity):\n  - off\n  - errors\n  - warnings\n  - info or progress\n  - debug or progress+\n  - trace or progress++\n  - progress+++\n",
2025-09-03T01:37:46.5504469Z                 "type" : "string",
2025-09-03T01:37:46.5504882Z                 "pattern" : "^(off|errors|warnings|(info|progress)|(debug|progress\\+)|(trace|progress\\+\\+)|progress\\+\\+\\+)$"
2025-09-03T01:37:46.5505295Z               },
2025-09-03T01:37:46.5505464Z               "flamegraph" : {
2025-09-03T01:37:46.5505738Z                 "title" : "[Experimental] File path for write flame graph log",
2025-09-03T01:37:46.5506516Z                 "description" : "Collect flame graph data using the `tracing-flame` crate. To render a flame graph or chart, run the `inferno-flamegraph` command. See also: https://crates.io/crates/tracing-flame\n",
2025-09-03T01:37:46.5507185Z                 "type" : "string"
2025-09-03T01:37:46.5507384Z               }
2025-09-03T01:37:46.5507536Z             }
2025-09-03T01:37:46.5507686Z           },
2025-09-03T01:37:46.5507977Z           "skip_path_resolution" : {
2025-09-03T01:37:46.5508220Z             "title" : "Skip path resolution",
2025-09-03T01:37:46.5508719Z             "description" : "Skip path resolution. This is experimental, while we move path resolution from the extractor to the QL library.\n",
2025-09-03T01:37:46.5509203Z             "type" : "string",
2025-09-03T01:37:46.5509412Z             "pattern" : "^(false|true)$"
2025-09-03T01:37:46.5509621Z           },
2025-09-03T01:37:46.5509801Z           "extract_dependencies_as_source" : {
2025-09-03T01:37:46.5510070Z             "title" : "Extract dependencies as source code",
2025-09-03T01:37:46.5510619Z             "description" : "Extract the full source code of dependencies instead of only extracting signatures.\n",
2025-09-03T01:37:46.5511027Z             "type" : "string",
2025-09-03T01:37:46.5511230Z             "pattern" : "^(false|true)$"
2025-09-03T01:37:46.5511444Z           }
2025-09-03T01:37:46.5511588Z         }
2025-09-03T01:37:46.5511732Z       }
2025-09-03T01:37:46.5511875Z     ],
2025-09-03T01:37:46.5512026Z     "ruby" : [
2025-09-03T01:37:46.5512176Z       {
2025-09-03T01:37:46.5512423Z         "extractor_root" : "/opt/hostedtoolcache/CodeQL/2.22.4/x64/codeql/ruby",
2025-09-03T01:37:46.5512743Z         "extractor_options" : {
2025-09-03T01:37:46.5512947Z           "trap" : {
2025-09-03T01:37:46.5513145Z             "title" : "Options pertaining to TRAP.",
2025-09-03T01:37:46.5513579Z             "description" : "Options pertaining to TRAP.",
2025-09-03T01:37:46.5513843Z             "type" : "object",
2025-09-03T01:37:46.5514040Z             "properties" : {
2025-09-03T01:37:46.5514239Z               "compression" : {
2025-09-03T01:37:46.5514557Z                 "title" : "Controls compression for the TRAP files written by the extractor.",
2025-09-03T01:37:46.5515472Z                 "description" : "This option is only intended for use in debugging the extractor. Accepted values are 'gzip' (the default, to write gzip-compressed TRAP) 'zstd' (to write Zstandard-compressed TRAP) and 'none' (to write uncompressed TRAP).\n",
2025-09-03T01:37:46.5516284Z                 "type" : "string",
2025-09-03T01:37:46.5516518Z                 "pattern" : "^(none|gzip|zstd)$"
2025-09-03T01:37:46.5516748Z               }
2025-09-03T01:37:46.5516900Z             }
2025-09-03T01:37:46.5517052Z           }
2025-09-03T01:37:46.5517197Z         }
2025-09-03T01:37:46.5517345Z       }
2025-09-03T01:37:46.5517485Z     ],
2025-09-03T01:37:46.5517633Z     "go" : [
2025-09-03T01:37:46.5517779Z       {
2025-09-03T01:37:46.5518024Z         "extractor_root" : "/opt/hostedtoolcache/CodeQL/2.22.4/x64/codeql/go",
2025-09-03T01:37:46.5518344Z         "extractor_options" : {
2025-09-03T01:37:46.5518551Z           "extract_tests" : {
2025-09-03T01:37:46.5518837Z             "title" : "Whether to include Go test files in the CodeQL database.",
2025-09-03T01:37:46.5519398Z             "description" : "A value indicating whether Go test files should be included in the CodeQL database. The default is 'false'.\n",
2025-09-03T01:37:46.5519884Z             "type" : "string",
2025-09-03T01:37:46.5520087Z             "pattern" : "^(false|true)$"
2025-09-03T01:37:46.5520307Z           },
2025-09-03T01:37:46.5520473Z           "extract_vendor_dirs" : {
2025-09-03T01:37:46.5520800Z             "title" : "Whether to include Go vendor directories in the CodeQL database.",
2025-09-03T01:37:46.5521400Z             "description" : "A value indicating whether Go vendor directories should be included in the CodeQL database. The default is 'false'.\n",
2025-09-03T01:37:46.5521902Z             "type" : "string",
2025-09-03T01:37:46.5522107Z             "pattern" : "^(false|true)$"
2025-09-03T01:37:46.5522318Z           }
2025-09-03T01:37:46.5522466Z         }
2025-09-03T01:37:46.5522601Z       }
2025-09-03T01:37:46.5522739Z     ],
2025-09-03T01:37:46.5522879Z     "cpp" : [
2025-09-03T01:37:46.5523030Z       {
2025-09-03T01:37:46.5523271Z         "extractor_root" : "/opt/hostedtoolcache/CodeQL/2.22.4/x64/codeql/cpp",
2025-09-03T01:37:46.5524045Z         "extractor_options" : {
2025-09-03T01:37:46.5524245Z           "trap" : {
2025-09-03T01:37:46.5524436Z             "title" : "TRAP options",
2025-09-03T01:37:46.5524753Z             "description" : "Options about how the extractor handles TRAP files",
2025-09-03T01:37:46.5525075Z             "type" : "object",
2025-09-03T01:37:46.5525282Z             "visibility" : 3,
2025-09-03T01:37:46.5525483Z             "properties" : {
2025-09-03T01:37:46.5525708Z               "cache" : {
2025-09-03T01:37:46.5525919Z                 "title" : "TRAP cache options",
2025-09-03T01:37:46.5526398Z                 "description" : "Options about how the extractor handles its TRAP cache",
2025-09-03T01:37:46.5526729Z                 "type" : "object",
2025-09-03T01:37:46.5526945Z                 "properties" : {
2025-09-03T01:37:46.5527151Z                   "dir" : {
2025-09-03T01:37:46.5527357Z                     "title" : "TRAP cache directory",
2025-09-03T01:37:46.5527659Z                     "description" : "The directory of the TRAP cache to use",
2025-09-03T01:37:46.5527950Z                     "type" : "string"
2025-09-03T01:37:46.5528158Z                   },
2025-09-03T01:37:46.5528326Z                   "bound" : {
2025-09-03T01:37:46.5528539Z                     "title" : "TRAP cache bound",
2025-09-03T01:37:46.5528853Z                     "description" : "A soft limit (in MB) on the size of the TRAP cache",
2025-09-03T01:37:46.5529166Z                     "type" : "string",
2025-09-03T01:37:46.5529392Z                     "pattern" : "[0-9]+"
2025-09-03T01:37:46.5529599Z                   },
2025-09-03T01:37:46.5529770Z                   "write" : {
2025-09-03T01:37:46.5529985Z                     "title" : "TRAP cache writeable",
2025-09-03T01:37:46.5530376Z                     "description" : "Whether to write to the TRAP cache as well as reading it",
2025-09-03T01:37:46.5530708Z                     "type" : "string",
2025-09-03T01:37:46.5530948Z                     "pattern" : "(true|TRUE|false|FALSE)"
2025-09-03T01:37:46.5531179Z                   }
2025-09-03T01:37:46.5531346Z                 }
2025-09-03T01:37:46.5531508Z               }
2025-09-03T01:37:46.5531660Z             }
2025-09-03T01:37:46.5531817Z           },
2025-09-03T01:37:46.5531977Z           "scale_timeouts" : {
2025-09-03T01:37:46.5532253Z             "title" : "Value to scale compiler introspection timeouts with",
2025-09-03T01:37:46.5533677Z             "description" : "The extractor attempts to determine what compiler the source code being extracted is compiled with. To this end the extractor makes additional calls to the compiler, some of which are expected to return within a certain fixed time (either 10s or 15s). On some systems that are under high load this time might be too short, and can be scaled up using this option.\n",
2025-09-03T01:37:46.5534856Z             "type" : "string",
2025-09-03T01:37:46.5535061Z             "pattern" : "[0-9]+"
2025-09-03T01:37:46.5535253Z           },
2025-09-03T01:37:46.5535418Z           "log_verbosity" : {
2025-09-03T01:37:46.5535647Z             "title" : "Verbosity of the extractor logging",
2025-09-03T01:37:46.5536168Z             "description" : "Set the verbosity of the extractor logging to 'quiet' (0), 'normal' (1), 'chatty' (2), or 'noisy' (3). The default is 'normal'.\n",
2025-09-03T01:37:46.5536646Z             "type" : "string",
2025-09-03T01:37:46.5536851Z             "pattern" : "[0-3]"
2025-09-03T01:37:46.5537041Z           },
2025-09-03T01:37:46.5537202Z           "frontend_options" : {
2025-09-03T01:37:46.5537443Z             "title" : "C/C++ extractor frontend options",
2025-09-03T01:37:46.5537869Z             "description" : "Set additional options that should be passed to the C/C++ extractor frontend.\n",
2025-09-03T01:37:46.5538266Z             "type" : "array",
2025-09-03T01:37:46.5538462Z             "visibility" : 3
2025-09-03T01:37:46.5538652Z           }
2025-09-03T01:37:46.5538796Z         }
2025-09-03T01:37:46.5538943Z       }
2025-09-03T01:37:46.5539208Z     ],
2025-09-03T01:37:46.5539356Z     "yaml" : [
2025-09-03T01:37:46.5539512Z       {
2025-09-03T01:37:46.5539757Z         "extractor_root" : "/opt/hostedtoolcache/CodeQL/2.22.4/x64/codeql/yaml"
2025-09-03T01:37:46.5540064Z       }
2025-09-03T01:37:46.5540201Z     ],
2025-09-03T01:37:46.5540351Z     "html" : [
2025-09-03T01:37:46.5540500Z       {
2025-09-03T01:37:46.5540736Z         "extractor_root" : "/opt/hostedtoolcache/CodeQL/2.22.4/x64/codeql/html"
2025-09-03T01:37:46.5541033Z       }
2025-09-03T01:37:46.5541180Z     ],
2025-09-03T01:37:46.5541321Z     "swift" : [
2025-09-03T01:37:46.5541484Z       {
2025-09-03T01:37:46.5541826Z         "extractor_root" : "/opt/hostedtoolcache/CodeQL/2.22.4/x64/codeql/swift"
2025-09-03T01:37:46.5542134Z       }
2025-09-03T01:37:46.5542276Z     ],
2025-09-03T01:37:46.5542413Z     "csv" : [
2025-09-03T01:37:46.5542568Z       {
2025-09-03T01:37:46.5542798Z         "extractor_root" : "/opt/hostedtoolcache/CodeQL/2.22.4/x64/codeql/csv"
2025-09-03T01:37:46.5543101Z       }
2025-09-03T01:37:46.5543237Z     ],
2025-09-03T01:37:46.5543384Z     "actions" : [
2025-09-03T01:37:46.5543651Z       {
2025-09-03T01:37:46.5543904Z         "extractor_root" : "/opt/hostedtoolcache/CodeQL/2.22.4/x64/codeql/actions",
2025-09-03T01:37:46.5544230Z         "extractor_options" : {
2025-09-03T01:37:46.5544434Z           "trap" : {
2025-09-03T01:37:46.5544626Z             "title" : "TRAP options",
2025-09-03T01:37:46.5544936Z             "description" : "Options about how the extractor handles TRAP files",
2025-09-03T01:37:46.5545249Z             "type" : "object",
2025-09-03T01:37:46.5545446Z             "visibility" : 3,
2025-09-03T01:37:46.5545654Z             "properties" : {
2025-09-03T01:37:46.5545846Z               "cache" : {
2025-09-03T01:37:46.5546053Z                 "title" : "TRAP cache options",
2025-09-03T01:37:46.5546384Z                 "description" : "Options about how the extractor handles its TRAP cache",
2025-09-03T01:37:46.5546717Z                 "type" : "object",
2025-09-03T01:37:46.5546942Z                 "properties" : {
2025-09-03T01:37:46.5547142Z                   "dir" : {
2025-09-03T01:37:46.5547356Z                     "title" : "TRAP cache directory",
2025-09-03T01:37:46.5547648Z                     "description" : "The directory of the TRAP cache to use",
2025-09-03T01:37:46.5547934Z                     "type" : "string"
2025-09-03T01:37:46.5548131Z                   },
2025-09-03T01:37:46.5548304Z                   "bound" : {
2025-09-03T01:37:46.5548507Z                     "title" : "TRAP cache bound",
2025-09-03T01:37:46.5548819Z                     "description" : "A soft limit (in MB) on the size of the TRAP cache",
2025-09-03T01:37:46.5549131Z                     "type" : "string",
2025-09-03T01:37:46.5549350Z                     "pattern" : "[0-9]+"
2025-09-03T01:37:46.5549567Z                   },
2025-09-03T01:37:46.5549732Z                   "write" : {
2025-09-03T01:37:46.5549942Z                     "title" : "TRAP cache writeable",
2025-09-03T01:37:46.5550286Z                     "description" : "Whether to write to the TRAP cache as well as reading it",
2025-09-03T01:37:46.5550619Z                     "type" : "string",
2025-09-03T01:37:46.5550851Z                     "pattern" : "(true|TRUE|false|FALSE)"
2025-09-03T01:37:46.5551082Z                   }
2025-09-03T01:37:46.5551247Z                 }
2025-09-03T01:37:46.5551399Z               }
2025-09-03T01:37:46.5551557Z             }
2025-09-03T01:37:46.5551704Z           }
2025-09-03T01:37:46.5551852Z         }
2025-09-03T01:37:46.5551994Z       }
2025-09-03T01:37:46.5552135Z     ],
2025-09-03T01:37:46.5552276Z     "java" : [
2025-09-03T01:37:46.5552431Z       {
2025-09-03T01:37:46.5552674Z         "extractor_root" : "/opt/hostedtoolcache/CodeQL/2.22.4/x64/codeql/java",
2025-09-03T01:37:46.5553007Z         "extractor_options" : {
2025-09-03T01:37:46.5553204Z           "exclude" : {
2025-09-03T01:37:46.5553524Z             "title" : "A glob excluding files from analysis.",
2025-09-03T01:37:46.5554276Z             "description" : "A glob indicating what files to exclude from the analysis. This accepts glob patterns that are supported by Java's 'getPathMatcher' implementation.\n",
2025-09-03T01:37:46.5554860Z             "type" : "string"
2025-09-03T01:37:46.5555046Z           },
2025-09-03T01:37:46.5555209Z           "add_prefer_source" : {
2025-09-03T01:37:46.5555496Z             "title" : "Whether to always prefer source files over class files.",
2025-09-03T01:37:46.5556573Z             "description" : "A value indicating whether source files should be preferred over class files. If set to 'true', the extraction adds '-Xprefer:source' to the javac command line. If set to 'false', the extraction uses the default javac behavior ('-Xprefer:newer'). The default is 'true'.\n",
2025-09-03T01:37:46.5574161Z             "type" : "string",
2025-09-03T01:37:46.5574420Z             "pattern" : "^(false|true)$"
2025-09-03T01:37:46.5574665Z           },
2025-09-03T01:37:46.5574841Z           "buildless" : {
2025-09-03T01:37:46.5575172Z             "title" : "Whether to use buildless (standalone) extraction (experimental).",
2025-09-03T01:37:46.5576640Z             "description" : "A value indicating, which type of extraction the autobuilder should perform. If 'true', then the standalone extractor will be used, otherwise tracing extraction will be performed. The default is 'false'. Note that buildless extraction will generally yield less accurate analysis results, and should only be used in cases where it is not possible to build the code (for example if it uses inaccessible dependencies).\n",
2025-09-03T01:37:46.5577980Z             "type" : "string",
2025-09-03T01:37:46.5578213Z             "pattern" : "^(false|true)$"
2025-09-03T01:37:46.5578431Z           },
2025-09-03T01:37:46.5578613Z           "buildless_dependency_dir" : {
2025-09-03T01:37:46.5578993Z             "title" : "The path where buildless (standalone) extraction should keep dependencies.",
2025-09-03T01:37:46.5579729Z             "description" : "If set, the buildless (standalone) extractor will store dependencies in this directory.\n",
2025-09-03T01:37:46.5580442Z             "type" : "string"
2025-09-03T01:37:46.5580770Z           },
2025-09-03T01:37:46.5581076Z           "minimize_dependency_jars" : {
2025-09-03T01:37:46.5581701Z             "title" : "Whether to rewrite and minimize downloaded JAR dependencies (experimental).",
2025-09-03T01:37:46.5582546Z             "description" : "If 'true', JAR dependencies downloaded during extraction will be rewritten to remove unneeded data, such as method bodies. The default is 'false'.\n",
2025-09-03T01:37:46.5583128Z             "type" : "string",
2025-09-03T01:37:46.5583350Z             "pattern" : "^(false|true)$"
2025-09-03T01:37:46.5583786Z           }
2025-09-03T01:37:46.5583943Z         }
2025-09-03T01:37:46.5584090Z       }
2025-09-03T01:37:46.5584231Z     ]
2025-09-03T01:37:46.5584377Z   }
2025-09-03T01:37:46.5584525Z }
2025-09-03T01:37:46.5657874Z Found 1 languages that support TRAP caching
2025-09-03T01:37:46.5661464Z Analyzing default branch. Skipping downloading of TRAP caches.
2025-09-03T01:37:46.5666459Z Using overlay database mode: none without caching.
2025-09-03T01:37:46.5670558Z Not performing diff-informed analysis because we are not analyzing a pull request.
2025-09-03T01:37:46.5673087Z ##[endgroup]
2025-09-03T01:37:46.5687509Z While resolving threads, found a cgroup CPUs file with 4 CPUs in /sys/fs/cgroup/cpuset.cpus.effective.
2025-09-03T01:37:46.5693193Z Skipping download of dependency cache for actions as we have no caching configuration for it.
2025-09-03T01:37:46.5704241Z Writing augmented user configuration file to /home/runner/work/_temp/user-config.yaml
2025-09-03T01:37:46.5705334Z ##[group]Augmented user configuration file contents
2025-09-03T01:37:46.5717574Z default-setup:
2025-09-03T01:37:46.5717926Z   org:
2025-09-03T01:37:46.5718205Z     model-packs: []
2025-09-03T01:37:46.5718536Z threat-models: []
2025-09-03T01:37:46.5718741Z 
2025-09-03T01:37:46.5719136Z ##[endgroup]
2025-09-03T01:37:46.5723803Z [command]/opt/hostedtoolcache/CodeQL/2.22.4/x64/codeql/codeql database init --force-overwrite --db-cluster /home/runner/work/_temp/codeql_databases --source-root=/home/runner/work/scratchattach/scratchattach --calculate-language-specific-baseline --extractor-include-aliases --sublanguage-file-coverage --language=actions --codescanning-config=/home/runner/work/_temp/user-config.yaml --build-mode=none
2025-09-03T01:37:48.0072849Z Package install location: /home/runner/.codeql/packages
2025-09-03T01:37:48.0075266Z Nothing downloaded.
2025-09-03T01:37:48.6121224Z Calculating baseline information in /home/runner/work/scratchattach/scratchattach
2025-09-03T01:37:49.0233738Z Calculated baseline information for languages: python (408ms).
2025-09-03T01:37:52.2829364Z Resolving extractor actions.
2025-09-03T01:37:52.2870383Z Successfully loaded extractor GitHub Actions (actions) from /opt/hostedtoolcache/CodeQL/2.22.4/x64/codeql/actions.
2025-09-03T01:37:52.3203178Z Created skeleton CodeQL database at /home/runner/work/_temp/codeql_databases/actions. This in-progress database is ready to be populated by an extractor.
2025-09-03T01:37:52.5118461Z ##[group]Run github/codeql-action/start-proxy@v3
2025-09-03T01:37:52.5118756Z with:
2025-09-03T01:37:52.5118919Z   language: actions
2025-09-03T01:37:52.5119102Z   registry_secrets: []
2025-09-03T01:37:52.5119398Z   token: ***
2025-09-03T01:37:52.5119559Z env:
2025-09-03T01:37:52.5119736Z   CODE_SCANNING_REF: refs/heads/main
2025-09-03T01:37:52.5119971Z   CODE_SCANNING_BASE_BRANCH: 
2025-09-03T01:37:52.5120219Z   CODE_SCANNING_IS_ANALYZING_DEFAULT_BRANCH: true
2025-09-03T01:37:52.5120508Z   CODE_SCANNING_IS_STEADY_STATE_DEFAULT_SETUP: true
2025-09-03T01:37:52.5126282Z   CODE_SCANNING_WORKFLOW_FILE: H4sIAAAAAAAA/6RV32/bNhB+919x8AakfZDzsD0JKFDFURJvhp1aCrqsKAiaOslcZFLlD6dql/99oEjX0hrPGZqn8Pjdx7v7Pp0F3WIM46ks8N18PFJWRD7089evUHGzsesJ7lCYCReNNXrCZIFEMyoEFxVRVhCHh6enkRQxFK2gW85GIxS7eAQwXV6mJJsmi8VscU1W6dWLibF0nP9muEiylFysksX05qVMa6qRrBUVbPMc4ywjySKZ3//pDpfpVXI3z//nC1wTKmjdfnGHAktqa/PfL2Z5mlzekyxP8vTbo1ma393GYJTF73LeL1e/X82X78nVbJ6+tK5HqR7KWj6SktedQqO/5Fo7WXy56P4F8HonPgSvHPeWGsU/T2oqKksrl/u6gyordOR0dqBSye1v2XLxKqCVFQLVa98yQINqy7XmUmj/DgBlpjuCQlqEGJPCoDDDYEPZA61wGNTIrOKmjbqWdQyPihsc7Um4sBhJEaFSUsVQ0lr7S20UNVi1+ypKyuuopNr0QRB63oMAuGC1LfAQAIhgP5F430vvFoC5d6RqYzj/BnwOt7a8LqKtLDAGIQUOLv0YYzj7MLZrK4yNampQm/HHsyOlNK3ZSHGykmdgP1SINtgEaaNgoukG2YO0BhQ2UnMjVRsorXZqhmGcs4B7u/t1NCCYCW44rfkXBL+SBune8ufO5Z/qyJOdc8HN290vAfjIzeYg2b537R37va1Hz02iBz2E++ACGxQFCtZGjLINF5VP8hOboNhxJcUWhYE3b+DMlx1tpDZYnPWJPllU3FU3HsNPcOlXRxdtQdu9u4PDS17F8HdPorBqIo3GNvFAO6mqYQDANVFH7svSMXx44QrxoyZdFjw9wcceqdkopKYbTt1Rhtu9lpkrCxolP7dQSgUKK66N6zeQ8CL216dF1oYqE3XgY1of6AlTWKBwRgrCa2QKjZ5cz/KbuwuySq9nWb6apRm5XS3/uO9LcvisjjhmaNhbVKVU2+BWv0U116c7Civ40E34xfR/bvu/m/vqyM0yy0Mf7pObdGOYSGs6wboTcebqtzEguF2uThI0Uh0nmCZkmq7y2dVsmuTpKSpGCUNleMndGjpKereaZ6eorKr1gWAo+GHH9ZTaB13SPwEAAP//ZjEj+9wIAAA=
2025-09-03T01:37:52.5131998Z   CODEQL_ACTION_FEATURE_MULTI_LANGUAGE: false
2025-09-03T01:37:52.5132261Z   CODEQL_ACTION_FEATURE_SANDWICH: false
2025-09-03T01:37:52.5132513Z   CODEQL_ACTION_FEATURE_SARIF_COMBINE: true
2025-09-03T01:37:52.5132773Z   CODEQL_ACTION_FEATURE_WILL_UPLOAD: true
2025-09-03T01:37:52.5133010Z   CODEQL_ACTION_VERSION: 3.30.0
2025-09-03T01:37:52.5133258Z   JOB_RUN_UUID: 8e207f7d-ecba-4794-9c17-6d34758ff3fb
2025-09-03T01:37:52.5133622Z   CODEQL_ACTION_INIT_HAS_RUN: true
2025-09-03T01:37:52.5133949Z   CODEQL_ACTION_ANALYSIS_KEY: dynamic/github-code-scanning/codeql:analyze
2025-09-03T01:37:52.5134314Z   CODEQL_WORKFLOW_STARTED_AT: 2025-09-03T01:37:40.515Z
2025-09-03T01:37:52.5134563Z   CODEQL_RAM: 14581
2025-09-03T01:37:52.5134740Z   CODEQL_THREADS: 4
2025-09-03T01:37:52.5134904Z ##[endgroup]
2025-09-03T01:37:52.6190676Z Using registry_secrets input.
2025-09-03T01:37:52.6192180Z No credentials found, skipping proxy setup.
2025-09-03T01:37:52.6323149Z ##[group]Run github/codeql-action/analyze@v3
2025-09-03T01:37:52.6323662Z with:
2025-09-03T01:37:52.6323852Z   category: /language:actions
2025-09-03T01:37:52.6324062Z   output: ../results
2025-09-03T01:37:52.6324417Z   upload: always
2025-09-03T01:37:52.6324596Z   add-snippets: false
2025-09-03T01:37:52.6324779Z   skip-queries: false
2025-09-03T01:37:52.6325038Z   checkout_path: /home/runner/work/scratchattach/scratchattach
2025-09-03T01:37:52.6325335Z   upload-database: true
2025-09-03T01:37:52.6325538Z   wait-for-processing: true
2025-09-03T01:37:52.6325862Z   token: ***
2025-09-03T01:37:52.6326258Z   matrix: {
  "language": "actions",
  "category": "/language:actions",
  "build-mode": "none",
  "runner": "[\"ubuntu-latest\"]"
}
2025-09-03T01:37:52.6326702Z   expect-error: false
2025-09-03T01:37:52.6326879Z env:
2025-09-03T01:37:52.6327049Z   CODE_SCANNING_REF: refs/heads/main
2025-09-03T01:37:52.6327285Z   CODE_SCANNING_BASE_BRANCH: 
2025-09-03T01:37:52.6327561Z   CODE_SCANNING_IS_ANALYZING_DEFAULT_BRANCH: true
2025-09-03T01:37:52.6327849Z   CODE_SCANNING_IS_STEADY_STATE_DEFAULT_SETUP: true
2025-09-03T01:37:52.6333597Z   CODE_SCANNING_WORKFLOW_FILE: H4sIAAAAAAAA/6RV32/bNhB+919x8AakfZDzsD0JKFDFURJvhp1aCrqsKAiaOslcZFLlD6dql/99oEjX0hrPGZqn8Pjdx7v7Pp0F3WIM46ks8N18PFJWRD7089evUHGzsesJ7lCYCReNNXrCZIFEMyoEFxVRVhCHh6enkRQxFK2gW85GIxS7eAQwXV6mJJsmi8VscU1W6dWLibF0nP9muEiylFysksX05qVMa6qRrBUVbPMc4ywjySKZ3//pDpfpVXI3z//nC1wTKmjdfnGHAktqa/PfL2Z5mlzekyxP8vTbo1ma393GYJTF73LeL1e/X82X78nVbJ6+tK5HqR7KWj6SktedQqO/5Fo7WXy56P4F8HonPgSvHPeWGsU/T2oqKksrl/u6gyordOR0dqBSye1v2XLxKqCVFQLVa98yQINqy7XmUmj/DgBlpjuCQlqEGJPCoDDDYEPZA61wGNTIrOKmjbqWdQyPihsc7Um4sBhJEaFSUsVQ0lr7S20UNVi1+ypKyuuopNr0QRB63oMAuGC1LfAQAIhgP5F430vvFoC5d6RqYzj/BnwOt7a8LqKtLDAGIQUOLv0YYzj7MLZrK4yNampQm/HHsyOlNK3ZSHGykmdgP1SINtgEaaNgoukG2YO0BhQ2UnMjVRsorXZqhmGcs4B7u/t1NCCYCW44rfkXBL+SBune8ufO5Z/qyJOdc8HN290vAfjIzeYg2b537R37va1Hz02iBz2E++ACGxQFCtZGjLINF5VP8hOboNhxJcUWhYE3b+DMlx1tpDZYnPWJPllU3FU3HsNPcOlXRxdtQdu9u4PDS17F8HdPorBqIo3GNvFAO6mqYQDANVFH7svSMXx44QrxoyZdFjw9wcceqdkopKYbTt1Rhtu9lpkrCxolP7dQSgUKK66N6zeQ8CL216dF1oYqE3XgY1of6AlTWKBwRgrCa2QKjZ5cz/KbuwuySq9nWb6apRm5XS3/uO9LcvisjjhmaNhbVKVU2+BWv0U116c7Civ40E34xfR/bvu/m/vqyM0yy0Mf7pObdGOYSGs6wboTcebqtzEguF2uThI0Uh0nmCZkmq7y2dVsmuTpKSpGCUNleMndGjpKereaZ6eorKr1gWAo+GHH9ZTaB13SPwEAAP//ZjEj+9wIAAA=
2025-09-03T01:37:52.6339617Z   CODEQL_ACTION_FEATURE_MULTI_LANGUAGE: false
2025-09-03T01:37:52.6339879Z   CODEQL_ACTION_FEATURE_SANDWICH: false
2025-09-03T01:37:52.6340127Z   CODEQL_ACTION_FEATURE_SARIF_COMBINE: true
2025-09-03T01:37:52.6340384Z   CODEQL_ACTION_FEATURE_WILL_UPLOAD: true
2025-09-03T01:37:52.6340621Z   CODEQL_ACTION_VERSION: 3.30.0
2025-09-03T01:37:52.6340871Z   JOB_RUN_UUID: 8e207f7d-ecba-4794-9c17-6d34758ff3fb
2025-09-03T01:37:52.6341132Z   CODEQL_ACTION_INIT_HAS_RUN: true
2025-09-03T01:37:52.6341446Z   CODEQL_ACTION_ANALYSIS_KEY: dynamic/github-code-scanning/codeql:analyze
2025-09-03T01:37:52.6341817Z   CODEQL_WORKFLOW_STARTED_AT: 2025-09-03T01:37:40.515Z
2025-09-03T01:37:52.6342084Z   CODEQL_RAM: 14581
2025-09-03T01:37:52.6342261Z   CODEQL_THREADS: 4
2025-09-03T01:37:52.6342428Z   CODEQL_PROXY_HOST: 
2025-09-03T01:37:52.6342615Z   CODEQL_PROXY_PORT: 
2025-09-03T01:37:52.6342800Z   CODEQL_PROXY_CA_CERTIFICATE: 
2025-09-03T01:37:52.6343014Z   CODEQL_PROXY_URLS: 
2025-09-03T01:37:52.6343185Z ##[endgroup]
2025-09-03T01:37:53.6412774Z While resolving threads, found a cgroup CPUs file with 4 CPUs in /sys/fs/cgroup/cpuset.cpus.effective.
2025-09-03T01:37:53.6448337Z Not performing diff-informed analysis because we are not analyzing a pull request.
2025-09-03T01:37:53.6550246Z ##[group]Extracting actions
2025-09-03T01:37:53.6554001Z [command]/opt/hostedtoolcache/CodeQL/2.22.4/x64/codeql/codeql database trace-command --use-build-mode --working-dir /home/runner/work/scratchattach/scratchattach -O=actions.trap.cache.dir=/home/runner/work/_temp/trapCaches/actions -O=actions.trap.cache.bound=1024 -O=actions.trap.cache.write=true /home/runner/work/_temp/codeql_databases/actions
2025-09-03T01:37:54.4371752Z Running command in /home/runner/work/scratchattach/scratchattach: [/opt/hostedtoolcache/CodeQL/2.22.4/x64/codeql/actions/tools/autobuild.sh]
2025-09-03T01:37:54.4667922Z [2025-09-03 01:37:54] [build-stdout] LGTM_INDEX_FILTERS not set. Using the default filters, and passing through to the JavaScript extractor.
2025-09-03T01:37:55.3157574Z [2025-09-03 01:37:55] [build-stdout] Found JavaScript extractor at '/opt/hostedtoolcache/CodeQL/2.22.4/x64/codeql/javascript'.
2025-09-03T01:37:55.3159169Z [2025-09-03 01:37:55] [build-stdout] Running JavaScript autobuilder at '/opt/hostedtoolcache/CodeQL/2.22.4/x64/codeql/javascript/tools/autobuild.sh'.
2025-09-03T01:37:55.7215450Z [2025-09-03 01:37:55] [build-stdout] Parallel extraction with 4 threads.
2025-09-03T01:37:55.7714927Z [2025-09-03 01:37:55] [build-stdout] Extracting /home/runner/work/scratchattach/scratchattach/.github/workflows/action1.yml
2025-09-03T01:37:55.7720332Z [2025-09-03 01:37:55] [build-stdout] Extracting /home/runner/work/scratchattach/scratchattach/.github/workflows/action2.yml
2025-09-03T01:37:55.7725957Z [2025-09-03 01:37:55] [build-stdout] Extracting /home/runner/work/scratchattach/scratchattach/.github/workflows/action3.yml
2025-09-03T01:37:55.7732052Z [2025-09-03 01:37:55] [build-stdout] Extracting /home/runner/work/scratchattach/scratchattach/.github/workflows/action4.yml
2025-09-03T01:37:55.9077863Z [2025-09-03 01:37:55] [build-stdout] Done extracting /home/runner/work/scratchattach/scratchattach/.github/workflows/action3.yml (125 ms)
2025-09-03T01:37:55.9084188Z [2025-09-03 01:37:55] [build-stdout] Done extracting /home/runner/work/scratchattach/scratchattach/.github/workflows/action1.yml (128 ms)
2025-09-03T01:37:55.9085710Z [2025-09-03 01:37:55] [build-stdout] Done extracting /home/runner/work/scratchattach/scratchattach/.github/workflows/action4.yml (124 ms)
2025-09-03T01:37:55.9093234Z [2025-09-03 01:37:55] [build-stdout] Done extracting /home/runner/work/scratchattach/scratchattach/.github/workflows/action2.yml (136 ms)
2025-09-03T01:37:55.9111996Z [2025-09-03 01:37:55] [build-stderr] Only found JavaScript or TypeScript files that were empty or contained syntax errors.
2025-09-03T01:37:55.9471115Z ##[endgroup]
2025-09-03T01:37:55.9478646Z ##[group]Finalizing actions
2025-09-03T01:37:55.9480276Z [command]/opt/hostedtoolcache/CodeQL/2.22.4/x64/codeql/codeql database finalize --finalize-dataset --threads=4 --ram=14581 /home/runner/work/_temp/codeql_databases/actions
2025-09-03T01:37:56.7277248Z Running TRAP import for CodeQL database at /home/runner/work/_temp/codeql_databases/actions...
2025-09-03T01:37:57.6310439Z Importing TRAP files
2025-09-03T01:37:58.0593069Z Merging relations
2025-09-03T01:37:58.1864121Z Finished writing database (relations: 7.43 KiB; string pool: 2.05 MiB).
2025-09-03T01:37:58.2069843Z TRAP import complete (1.5s).
2025-09-03T01:37:58.4316410Z Finished zipping source archive (3.48 KiB).
2025-09-03T01:37:58.4434027Z ##[endgroup]
2025-09-03T01:37:58.4439810Z ##[group]Running queries for actions
2025-09-03T01:37:58.4441976Z [command]/opt/hostedtoolcache/CodeQL/2.22.4/x64/codeql/codeql database run-queries --ram=14581 --threads=4 --expect-discarded-cache /home/runner/work/_temp/codeql_databases/actions --intra-layer-parallelism --min-disk-free=1024 -v
2025-09-03T01:37:59.1810901Z Writing logs to /home/runner/work/_temp/codeql_databases/actions/log/database-run-queries-20250903.013759.178.log.
2025-09-03T01:37:59.2294174Z Stringpool size measured as 2146714
2025-09-03T01:37:59.8344886Z Writing logs to /home/runner/work/_temp/codeql_databases/actions/log/execute-queries-20250903.013759.829.log.
2025-09-03T01:38:00.1510989Z Recording pack reference codeql/actions-queries at /opt/hostedtoolcache/CodeQL/2.22.4/x64/codeql/qlpacks/codeql/actions-queries/0.6.7.
2025-09-03T01:38:02.7453738Z Compiling in 3 threads due to RAM limits.
2025-09-03T01:38:03.9127059Z [1/17] Loaded /opt/hostedtoolcache/CodeQL/2.22.4/x64/codeql/qlpacks/codeql/actions-queries/0.6.7/Security/CWE-829/ArtifactPoisoningCritical.qlx.
2025-09-03T01:38:03.9313020Z [2/17] Loaded /opt/hostedtoolcache/CodeQL/2.22.4/x64/codeql/qlpacks/codeql/actions-queries/0.6.7/Security/CWE-829/UntrustedCheckoutHigh.qlx.
2025-09-03T01:38:03.9362015Z [3/17] Loaded /opt/hostedtoolcache/CodeQL/2.22.4/x64/codeql/qlpacks/codeql/actions-queries/0.6.7/Security/CWE-829/UntrustedCheckoutCritical.qlx.
2025-09-03T01:38:04.0528421Z [4/17] Loaded /opt/hostedtoolcache/CodeQL/2.22.4/x64/codeql/qlpacks/codeql/actions-queries/0.6.7/Security/CWE-367/UntrustedCheckoutTOCTOUHigh.qlx.
2025-09-03T01:38:04.1077704Z [5/17] Loaded /opt/hostedtoolcache/CodeQL/2.22.4/x64/codeql/qlpacks/codeql/actions-queries/0.6.7/Security/CWE-094/CodeInjectionCritical.qlx.
2025-09-03T01:38:04.1144414Z [6/17] Loaded /opt/hostedtoolcache/CodeQL/2.22.4/x64/codeql/qlpacks/codeql/actions-queries/0.6.7/Security/CWE-367/UntrustedCheckoutTOCTOUCritical.qlx.
2025-09-03T01:38:04.2613725Z [7/17] Loaded /opt/hostedtoolcache/CodeQL/2.22.4/x64/codeql/qlpacks/codeql/actions-queries/0.6.7/Security/CWE-349/CachePoisoningViaCodeInjection.qlx.
2025-09-03T01:38:04.3229314Z [8/17] Loaded /opt/hostedtoolcache/CodeQL/2.22.4/x64/codeql/qlpacks/codeql/actions-queries/0.6.7/Security/CWE-312/UnmaskedSecretExposure.qlx.
2025-09-03T01:38:04.3240971Z [9/17] Loaded /opt/hostedtoolcache/CodeQL/2.22.4/x64/codeql/qlpacks/codeql/actions-queries/0.6.7/Security/CWE-349/CachePoisoningViaPoisonableStep.qlx.
2025-09-03T01:38:04.3545968Z [10/17] Loaded /opt/hostedtoolcache/CodeQL/2.22.4/x64/codeql/qlpacks/codeql/actions-queries/0.6.7/Security/CWE-349/CachePoisoningViaDirectCache.qlx.
2025-09-03T01:38:04.3869187Z [11/17] Loaded /opt/hostedtoolcache/CodeQL/2.22.4/x64/codeql/qlpacks/codeql/actions-queries/0.6.7/Security/CWE-312/ExcessiveSecretsExposure.qlx.
2025-09-03T01:38:04.3951642Z [12/17] Loaded /opt/hostedtoolcache/CodeQL/2.22.4/x64/codeql/qlpacks/codeql/actions-queries/0.6.7/Security/CWE-312/SecretsInArtifacts.qlx.
2025-09-03T01:38:04.4216638Z [13/17] Loaded /opt/hostedtoolcache/CodeQL/2.22.4/x64/codeql/qlpacks/codeql/actions-queries/0.6.7/Security/CWE-275/MissingActionsPermissions.qlx.
2025-09-03T01:38:04.5542840Z [14/17] Loaded /opt/hostedtoolcache/CodeQL/2.22.4/x64/codeql/qlpacks/codeql/actions-queries/0.6.7/Security/CWE-285/ImproperAccessControl.qlx.
2025-09-03T01:38:04.6135969Z [15/17] Loaded /opt/hostedtoolcache/CodeQL/2.22.4/x64/codeql/qlpacks/codeql/actions-queries/0.6.7/Security/CWE-1395/UseOfKnownVulnerableAction.qlx.
2025-09-03T01:38:04.6738068Z [16/17] Loaded /opt/hostedtoolcache/CodeQL/2.22.4/x64/codeql/qlpacks/codeql/actions-queries/0.6.7/Security/CWE-077/EnvVarInjectionCritical.qlx.
2025-09-03T01:38:04.7087728Z [17/17] Loaded /opt/hostedtoolcache/CodeQL/2.22.4/x64/codeql/qlpacks/codeql/actions-queries/0.6.7/Security/CWE-077/EnvPathInjectionCritical.qlx.
2025-09-03T01:38:04.9458861Z Starting evaluation of codeql/actions-queries/Security/CWE-077/EnvPathInjectionCritical.ql.
2025-09-03T01:38:04.9460192Z Starting evaluation of codeql/actions-queries/Security/CWE-1395/UseOfKnownVulnerableAction.ql.
2025-09-03T01:38:04.9461385Z Starting evaluation of codeql/actions-queries/Security/CWE-077/EnvVarInjectionCritical.ql.
2025-09-03T01:38:04.9467658Z Starting evaluation of codeql/actions-queries/Security/CWE-094/CodeInjectionCritical.ql.
2025-09-03T01:38:04.9519155Z Starting evaluation of codeql/actions-queries/Security/CWE-275/MissingActionsPermissions.ql.
2025-09-03T01:38:04.9520616Z Starting evaluation of codeql/actions-queries/Security/CWE-285/ImproperAccessControl.ql.
2025-09-03T01:38:05.0803119Z Starting evaluation of codeql/actions-queries/Security/CWE-312/ExcessiveSecretsExposure.ql.
2025-09-03T01:38:05.0804618Z Starting evaluation of codeql/actions-queries/Security/CWE-312/SecretsInArtifacts.ql.
2025-09-03T01:38:05.2124129Z Starting evaluation of codeql/actions-queries/Security/CWE-312/UnmaskedSecretExposure.ql.
2025-09-03T01:38:05.2129736Z Starting evaluation of codeql/actions-queries/Security/CWE-349/CachePoisoningViaCodeInjection.ql.
2025-09-03T01:38:05.2254201Z Starting evaluation of codeql/actions-queries/Security/CWE-349/CachePoisoningViaDirectCache.ql.
2025-09-03T01:38:05.2288075Z Starting evaluation of codeql/actions-queries/Security/CWE-349/CachePoisoningViaPoisonableStep.ql.
2025-09-03T01:38:05.2290114Z Starting evaluation of codeql/actions-queries/Security/CWE-367/UntrustedCheckoutTOCTOUCritical.ql.
2025-09-03T01:38:05.9923122Z [1/17 eval 1s] Evaluation done; writing results to codeql/actions-queries/Security/CWE-285/ImproperAccessControl.bqrs.
2025-09-03T01:38:05.9999459Z [2/17 eval 1.1s] Evaluation done; writing results to codeql/actions-queries/Security/CWE-1395/UseOfKnownVulnerableAction.bqrs.
2025-09-03T01:38:06.0022666Z [3/17 eval 791ms] Evaluation done; writing results to codeql/actions-queries/Security/CWE-312/UnmaskedSecretExposure.bqrs.
2025-09-03T01:38:06.0040958Z [4/17 eval 927ms] Evaluation done; writing results to codeql/actions-queries/Security/CWE-312/ExcessiveSecretsExposure.bqrs.
2025-09-03T01:38:06.2109500Z [5/17 eval 1.1s] Evaluation done; writing results to codeql/actions-queries/Security/CWE-312/SecretsInArtifacts.bqrs.
2025-09-03T01:38:06.2474920Z [6/17 eval 1s] Evaluation done; writing results to codeql/actions-queries/Security/CWE-349/CachePoisoningViaDirectCache.bqrs.
2025-09-03T01:38:06.2537842Z [7/17 eval 1.3s] Evaluation done; writing results to codeql/actions-queries/Security/CWE-275/MissingActionsPermissions.bqrs.
2025-09-03T01:38:06.2614647Z Starting evaluation of codeql/actions-queries/Security/CWE-367/UntrustedCheckoutTOCTOUHigh.ql.
2025-09-03T01:38:06.3769833Z Starting evaluation of codeql/actions-queries/Security/CWE-829/ArtifactPoisoningCritical.ql.
2025-09-03T01:38:06.5482912Z [8/17 eval 1.6s] Evaluation done; writing results to codeql/actions-queries/Security/CWE-094/CodeInjectionCritical.bqrs.
2025-09-03T01:38:06.5756801Z [9/17 eval 1.4s] Evaluation done; writing results to codeql/actions-queries/Security/CWE-349/CachePoisoningViaCodeInjection.bqrs.
2025-09-03T01:38:06.5922721Z [10/17 eval 1.6s] Evaluation done; writing results to codeql/actions-queries/Security/CWE-077/EnvPathInjectionCritical.bqrs.
2025-09-03T01:38:06.5924621Z [11/17 eval 1.6s] Evaluation done; writing results to codeql/actions-queries/Security/CWE-077/EnvVarInjectionCritical.bqrs.
2025-09-03T01:38:06.6101524Z [12/17 eval 1.4s] Evaluation done; writing results to codeql/actions-queries/Security/CWE-367/UntrustedCheckoutTOCTOUCritical.bqrs.
2025-09-03T01:38:06.6107475Z [13/17 eval 353ms] Evaluation done; writing results to codeql/actions-queries/Security/CWE-367/UntrustedCheckoutTOCTOUHigh.bqrs.
2025-09-03T01:38:06.6126472Z Starting evaluation of codeql/actions-queries/Security/CWE-829/UntrustedCheckoutCritical.ql.
2025-09-03T01:38:06.6130799Z Starting evaluation of codeql/actions-queries/Security/CWE-829/UntrustedCheckoutHigh.ql.
2025-09-03T01:38:06.6201552Z [14/17 eval 1.4s] Evaluation done; writing results to codeql/actions-queries/Security/CWE-349/CachePoisoningViaPoisonableStep.bqrs.
2025-09-03T01:38:06.6207324Z [15/17 eval 9ms] Evaluation done; writing results to codeql/actions-queries/Security/CWE-829/UntrustedCheckoutCritical.bqrs.
2025-09-03T01:38:06.6304066Z [16/17 eval 17ms] Evaluation done; writing results to codeql/actions-queries/Security/CWE-829/UntrustedCheckoutHigh.bqrs.
2025-09-03T01:38:06.6547305Z [17/17 eval 277ms] Evaluation done; writing results to codeql/actions-queries/Security/CWE-829/ArtifactPoisoningCritical.bqrs.
2025-09-03T01:38:06.6554272Z Shutting down query evaluator.
2025-09-03T01:38:06.7185275Z ##[group]Interpreting results for actions
2025-09-03T01:38:07.4454946Z Writing logs to /home/runner/work/_temp/codeql_databases/actions/log/database-interpret-results-20250903.013807.442.log.
2025-09-03T01:38:07.5927937Z Recording pack reference codeql/actions-queries at /opt/hostedtoolcache/CodeQL/2.22.4/x64/codeql/qlpacks/codeql/actions-queries/0.6.7.
2025-09-03T01:38:07.6139175Z Resolving extensions
2025-09-03T01:38:08.4752063Z Interpreting /opt/hostedtoolcache/CodeQL/2.22.4/x64/codeql/qlpacks/codeql/actions-queries/0.6.7/Security/CWE-829/ArtifactPoisoningCritical.ql...
2025-09-03T01:38:08.4966562Z  ... found results file at /home/runner/work/_temp/codeql_databases/actions/results/codeql/actions-queries/Security/CWE-829/ArtifactPoisoningCritical.bqrs.
2025-09-03T01:38:08.5130158Z Interpreting /opt/hostedtoolcache/CodeQL/2.22.4/x64/codeql/qlpacks/codeql/actions-queries/0.6.7/Security/CWE-829/UntrustedCheckoutCritical.ql...
2025-09-03T01:38:08.5267789Z  ... found results file at /home/runner/work/_temp/codeql_databases/actions/results/codeql/actions-queries/Security/CWE-829/UntrustedCheckoutCritical.bqrs.
2025-09-03T01:38:08.5276131Z Interpreting /opt/hostedtoolcache/CodeQL/2.22.4/x64/codeql/qlpacks/codeql/actions-queries/0.6.7/Security/CWE-829/UntrustedCheckoutHigh.ql...
2025-09-03T01:38:08.5383115Z  ... found results file at /home/runner/work/_temp/codeql_databases/actions/results/codeql/actions-queries/Security/CWE-829/UntrustedCheckoutHigh.bqrs.
2025-09-03T01:38:08.5395155Z Interpreting /opt/hostedtoolcache/CodeQL/2.22.4/x64/codeql/qlpacks/codeql/actions-queries/0.6.7/Security/CWE-367/UntrustedCheckoutTOCTOUHigh.ql...
2025-09-03T01:38:08.5479630Z  ... found results file at /home/runner/work/_temp/codeql_databases/actions/results/codeql/actions-queries/Security/CWE-367/UntrustedCheckoutTOCTOUHigh.bqrs.
2025-09-03T01:38:08.5486414Z Interpreting /opt/hostedtoolcache/CodeQL/2.22.4/x64/codeql/qlpacks/codeql/actions-queries/0.6.7/Security/CWE-367/UntrustedCheckoutTOCTOUCritical.ql...
2025-09-03T01:38:08.5580432Z  ... found results file at /home/runner/work/_temp/codeql_databases/actions/results/codeql/actions-queries/Security/CWE-367/UntrustedCheckoutTOCTOUCritical.bqrs.
2025-09-03T01:38:08.5595939Z Interpreting /opt/hostedtoolcache/CodeQL/2.22.4/x64/codeql/qlpacks/codeql/actions-queries/0.6.7/Security/CWE-094/CodeInjectionCritical.ql...
2025-09-03T01:38:08.5672032Z  ... found results file at /home/runner/work/_temp/codeql_databases/actions/results/codeql/actions-queries/Security/CWE-094/CodeInjectionCritical.bqrs.
2025-09-03T01:38:08.5679498Z Interpreting /opt/hostedtoolcache/CodeQL/2.22.4/x64/codeql/qlpacks/codeql/actions-queries/0.6.7/Security/CWE-349/CachePoisoningViaCodeInjection.ql...
2025-09-03T01:38:08.5765042Z  ... found results file at /home/runner/work/_temp/codeql_databases/actions/results/codeql/actions-queries/Security/CWE-349/CachePoisoningViaCodeInjection.bqrs.
2025-09-03T01:38:08.5767125Z Interpreting /opt/hostedtoolcache/CodeQL/2.22.4/x64/codeql/qlpacks/codeql/actions-queries/0.6.7/Security/CWE-349/CachePoisoningViaPoisonableStep.ql...
2025-09-03T01:38:08.5847925Z  ... found results file at /home/runner/work/_temp/codeql_databases/actions/results/codeql/actions-queries/Security/CWE-349/CachePoisoningViaPoisonableStep.bqrs.
2025-09-03T01:38:08.5870326Z Interpreting /opt/hostedtoolcache/CodeQL/2.22.4/x64/codeql/qlpacks/codeql/actions-queries/0.6.7/Security/CWE-349/CachePoisoningViaDirectCache.ql...
2025-09-03T01:38:08.5934890Z  ... found results file at /home/runner/work/_temp/codeql_databases/actions/results/codeql/actions-queries/Security/CWE-349/CachePoisoningViaDirectCache.bqrs.
2025-09-03T01:38:08.5941127Z Interpreting /opt/hostedtoolcache/CodeQL/2.22.4/x64/codeql/qlpacks/codeql/actions-queries/0.6.7/Security/CWE-312/UnmaskedSecretExposure.ql...
2025-09-03T01:38:08.6005167Z  ... found results file at /home/runner/work/_temp/codeql_databases/actions/results/codeql/actions-queries/Security/CWE-312/UnmaskedSecretExposure.bqrs.
2025-09-03T01:38:08.6010421Z Interpreting /opt/hostedtoolcache/CodeQL/2.22.4/x64/codeql/qlpacks/codeql/actions-queries/0.6.7/Security/CWE-312/SecretsInArtifacts.ql...
2025-09-03T01:38:08.6075527Z  ... found results file at /home/runner/work/_temp/codeql_databases/actions/results/codeql/actions-queries/Security/CWE-312/SecretsInArtifacts.bqrs.
2025-09-03T01:38:08.6086322Z Interpreting /opt/hostedtoolcache/CodeQL/2.22.4/x64/codeql/qlpacks/codeql/actions-queries/0.6.7/Security/CWE-312/ExcessiveSecretsExposure.ql...
2025-09-03T01:38:08.6143637Z  ... found results file at /home/runner/work/_temp/codeql_databases/actions/results/codeql/actions-queries/Security/CWE-312/ExcessiveSecretsExposure.bqrs.
2025-09-03T01:38:08.6151374Z Interpreting /opt/hostedtoolcache/CodeQL/2.22.4/x64/codeql/qlpacks/codeql/actions-queries/0.6.7/Security/CWE-275/MissingActionsPermissions.ql...
2025-09-03T01:38:08.6202592Z  ... found results file at /home/runner/work/_temp/codeql_databases/actions/results/codeql/actions-queries/Security/CWE-275/MissingActionsPermissions.bqrs.
2025-09-03T01:38:08.6218093Z Interpreting /opt/hostedtoolcache/CodeQL/2.22.4/x64/codeql/qlpacks/codeql/actions-queries/0.6.7/Security/CWE-285/ImproperAccessControl.ql...
2025-09-03T01:38:08.6287478Z  ... found results file at /home/runner/work/_temp/codeql_databases/actions/results/codeql/actions-queries/Security/CWE-285/ImproperAccessControl.bqrs.
2025-09-03T01:38:08.6312068Z Interpreting /opt/hostedtoolcache/CodeQL/2.22.4/x64/codeql/qlpacks/codeql/actions-queries/0.6.7/Security/CWE-077/EnvVarInjectionCritical.ql...
2025-09-03T01:38:08.6348631Z  ... found results file at /home/runner/work/_temp/codeql_databases/actions/results/codeql/actions-queries/Security/CWE-077/EnvVarInjectionCritical.bqrs.
2025-09-03T01:38:08.6354558Z Interpreting /opt/hostedtoolcache/CodeQL/2.22.4/x64/codeql/qlpacks/codeql/actions-queries/0.6.7/Security/CWE-077/EnvPathInjectionCritical.ql...
2025-09-03T01:38:08.6421847Z  ... found results file at /home/runner/work/_temp/codeql_databases/actions/results/codeql/actions-queries/Security/CWE-077/EnvPathInjectionCritical.bqrs.
2025-09-03T01:38:08.6435724Z Interpreting /opt/hostedtoolcache/CodeQL/2.22.4/x64/codeql/qlpacks/codeql/actions-queries/0.6.7/Security/CWE-1395/UseOfKnownVulnerableAction.ql...
2025-09-03T01:38:08.6486797Z  ... found results file at /home/runner/work/_temp/codeql_databases/actions/results/codeql/actions-queries/Security/CWE-1395/UseOfKnownVulnerableAction.bqrs.
2025-09-03T01:38:08.7348666Z Interpreted pathproblem query "Artifact poisoning" (actions/artifact-poisoning/critical) at path /home/runner/work/_temp/codeql_databases/actions/results/codeql/actions-queries/Security/CWE-829/ArtifactPoisoningCritical.bqrs.
2025-09-03T01:38:08.7378699Z Interpreted pathproblem query "Checkout of untrusted code in a privileged context" (actions/untrusted-checkout/critical) at path /home/runner/work/_temp/codeql_databases/actions/results/codeql/actions-queries/Security/CWE-829/UntrustedCheckoutCritical.bqrs.
2025-09-03T01:38:08.7381784Z Interpreted problem query "Checkout of untrusted code in trusted context" (actions/untrusted-checkout/high) at path /home/runner/work/_temp/codeql_databases/actions/results/codeql/actions-queries/Security/CWE-829/UntrustedCheckoutHigh.bqrs.
2025-09-03T01:38:08.7384945Z Interpreted problem query "Untrusted Checkout TOCTOU" (actions/untrusted-checkout-toctou/high) at path /home/runner/work/_temp/codeql_databases/actions/results/codeql/actions-queries/Security/CWE-367/UntrustedCheckoutTOCTOUHigh.bqrs.
2025-09-03T01:38:08.7388047Z Interpreted pathproblem query "Untrusted Checkout TOCTOU" (actions/untrusted-checkout-toctou/critical) at path /home/runner/work/_temp/codeql_databases/actions/results/codeql/actions-queries/Security/CWE-367/UntrustedCheckoutTOCTOUCritical.bqrs.
2025-09-03T01:38:08.7390916Z Interpreted pathproblem query "Code injection" (actions/code-injection/critical) at path /home/runner/work/_temp/codeql_databases/actions/results/codeql/actions-queries/Security/CWE-094/CodeInjectionCritical.bqrs.
2025-09-03T01:38:08.7394365Z Interpreted pathproblem query "Cache Poisoning via low-privileged code injection" (actions/cache-poisoning/code-injection) at path /home/runner/work/_temp/codeql_databases/actions/results/codeql/actions-queries/Security/CWE-349/CachePoisoningViaCodeInjection.bqrs.
2025-09-03T01:38:08.7397881Z Interpreted pathproblem query "Cache Poisoning via execution of untrusted code" (actions/cache-poisoning/poisonable-step) at path /home/runner/work/_temp/codeql_databases/actions/results/codeql/actions-queries/Security/CWE-349/CachePoisoningViaPoisonableStep.bqrs.
2025-09-03T01:38:08.7415882Z Interpreted pathproblem query "Cache Poisoning via caching of untrusted files" (actions/cache-poisoning/direct-cache) at path /home/runner/work/_temp/codeql_databases/actions/results/codeql/actions-queries/Security/CWE-349/CachePoisoningViaDirectCache.bqrs.
2025-09-03T01:38:08.7419056Z Interpreted problem query "Unmasked Secret Exposure" (actions/unmasked-secret-exposure) at path /home/runner/work/_temp/codeql_databases/actions/results/codeql/actions-queries/Security/CWE-312/UnmaskedSecretExposure.bqrs.
2025-09-03T01:38:08.7422441Z Interpreted problem query "Storage of sensitive information in GitHub Actions artifact" (actions/secrets-in-artifacts) at path /home/runner/work/_temp/codeql_databases/actions/results/codeql/actions-queries/Security/CWE-312/SecretsInArtifacts.bqrs.
2025-09-03T01:38:08.7425817Z Interpreted problem query "Excessive Secrets Exposure" (actions/excessive-secrets-exposure) at path /home/runner/work/_temp/codeql_databases/actions/results/codeql/actions-queries/Security/CWE-312/ExcessiveSecretsExposure.bqrs.
2025-09-03T01:38:08.7428985Z Interpreted problem query "Workflow does not contain permissions" (actions/missing-workflow-permissions) at path /home/runner/work/_temp/codeql_databases/actions/results/codeql/actions-queries/Security/CWE-275/MissingActionsPermissions.bqrs.
2025-09-03T01:38:08.7432093Z Interpreted problem query "Improper Access Control" (actions/improper-access-control) at path /home/runner/work/_temp/codeql_databases/actions/results/codeql/actions-queries/Security/CWE-285/ImproperAccessControl.bqrs.
2025-09-03T01:38:08.7435384Z Interpreted pathproblem query "Environment variable built from user-controlled sources" (actions/envvar-injection/critical) at path /home/runner/work/_temp/codeql_databases/actions/results/codeql/actions-queries/Security/CWE-077/EnvVarInjectionCritical.bqrs.
2025-09-03T01:38:08.7445416Z Interpreted pathproblem query "PATH environment variable built from user-controlled sources" (actions/envpath-injection/critical) at path /home/runner/work/_temp/codeql_databases/actions/results/codeql/actions-queries/Security/CWE-077/EnvPathInjectionCritical.bqrs.
2025-09-03T01:38:08.7475748Z Interpreted problem query "Use of a known vulnerable action" (actions/vulnerable-action) at path /home/runner/work/_temp/codeql_databases/actions/results/codeql/actions-queries/Security/CWE-1395/UseOfKnownVulnerableAction.bqrs.
2025-09-03T01:38:08.7477486Z Reading source archive /home/runner/work/_temp/codeql_databases/actions/src.zip
2025-09-03T01:38:08.8452785Z Interpreting file coverage baseline information
2025-09-03T01:38:08.8466559Z Finished interpreting file coverage baseline information.
2025-09-03T01:38:08.8473294Z Interpreting diagnostic messages...
2025-09-03T01:38:08.8850305Z Found 3 raw diagnostic messages.
2025-09-03T01:38:08.8944230Z Processed diagnostic messages (removed 0 due to limits, created 0 summary diagnostics for status page).
2025-09-03T01:38:08.8968289Z Interpreted diagnostic messages (47ms).
2025-09-03T01:38:09.0959070Z Exporting results to SARIF...
2025-09-03T01:38:09.2413135Z Exported results to SARIF (143ms).
2025-09-03T01:38:09.2696576Z ##[endgroup]
2025-09-03T01:38:09.2696796Z 
2025-09-03T01:38:09.2707411Z ##[group]Uploading code scanning results
2025-09-03T01:38:09.2708087Z Processing sarif files: ["/home/runner/work/scratchattach/results/actions.sarif"]
2025-09-03T01:38:09.2722503Z Adding fingerprints to SARIF file. See https://docs.github.com/en/enterprise-cloud@latest/code-security/code-scanning/integrating-with-code-scanning/sarif-support-for-code-scanning#providing-data-to-track-code-scanning-alerts-across-runs for more information.
2025-09-03T01:38:09.2909477Z Uploading results
2025-09-03T01:38:09.5636232Z Successfully uploaded results
2025-09-03T01:38:09.5636839Z ##[endgroup]
2025-09-03T01:38:09.5641381Z ##[group]Cleaning up databases
2025-09-03T01:38:09.5643089Z [command]/opt/hostedtoolcache/CodeQL/2.22.4/x64/codeql/codeql database cleanup /home/runner/work/_temp/codeql_databases/actions --cache-cleanup=clear
2025-09-03T01:38:10.2510123Z Cleaning up existing TRAP files after import...
2025-09-03T01:38:10.2561771Z TRAP files cleaned up (3ms).
2025-09-03T01:38:10.2562511Z Cleaning up scratch directory...
2025-09-03T01:38:10.2564605Z Scratch directory cleaned up (0ms).
2025-09-03T01:38:10.3043625Z ##[endgroup]
2025-09-03T01:38:10.3056302Z [command]/opt/hostedtoolcache/CodeQL/2.22.4/x64/codeql/codeql database bundle /home/runner/work/_temp/codeql_databases/actions --output=/home/runner/work/_temp/codeql_databases/actions.zip --name=actions
2025-09-03T01:38:11.1522752Z Creating bundle metadata for /home/runner/work/_temp/codeql_databases/actions...
2025-09-03T01:38:11.5713356Z Creating zip file at /home/runner/work/_temp/codeql_databases/actions.zip.
2025-09-03T01:38:12.0803921Z Skipping upload of TRAP cache for actions as it is too small
2025-09-03T01:38:12.0808699Z Skipping upload of dependency cache for actions as we have no caching configuration for it.
2025-09-03T01:38:12.0810671Z ##[group]Waiting for processing to finish
2025-09-03T01:38:12.2291258Z Analysis upload status is complete.
2025-09-03T01:38:12.2291976Z ##[endgroup]
2025-09-03T01:38:12.3701718Z Post job cleanup.
2025-09-03T01:38:13.1978572Z Post job cleanup.
2025-09-03T01:38:13.4118363Z Post job cleanup.
2025-09-03T01:38:14.2430385Z CodeQL job status was success.
2025-09-03T01:38:14.2474772Z Sending status report for init-post step.
2025-09-03T01:38:14.4390955Z Status report sent for init-post step.
2025-09-03T01:38:14.5157480Z Post job cleanup.
2025-09-03T01:38:14.6086902Z [command]/usr/bin/git version
2025-09-03T01:38:14.6122354Z git version 2.51.0
2025-09-03T01:38:14.6166320Z Temporarily overriding HOME='/home/runner/work/_temp/b8e4ff42-1185-449f-b918-2c9a96fc609d' before making global git config changes
2025-09-03T01:38:14.6167753Z Adding repository directory to the temporary git global config as a safe directory
2025-09-03T01:38:14.6172994Z [command]/usr/bin/git config --global --add safe.directory /home/runner/work/scratchattach/scratchattach
2025-09-03T01:38:14.6208946Z [command]/usr/bin/git config --local --name-only --get-regexp core\.sshCommand
2025-09-03T01:38:14.6241251Z [command]/usr/bin/git submodule foreach --recursive sh -c "git config --local --name-only --get-regexp 'core\.sshCommand' && git config --local --unset-all 'core.sshCommand' || :"
2025-09-03T01:38:14.6462540Z [command]/usr/bin/git config --local --name-only --get-regexp http\.https\:\/\/github\.com\/\.extraheader
2025-09-03T01:38:14.6483239Z http.https://github.com/.extraheader
2025-09-03T01:38:14.6495936Z [command]/usr/bin/git config --local --unset-all http.https://github.com/.extraheader
2025-09-03T01:38:14.6526982Z [command]/usr/bin/git submodule foreach --recursive sh -c "git config --local --name-only --get-regexp 'http\.https\:\/\/github\.com\/\.extraheader' && git config --local --unset-all 'http.https://github.com/.extraheader' || :"
2025-09-03T01:38:14.6844313Z Cleaning up orphan processes
