2026-01-26T03:58:16.8522003Z Current runner version: '2.331.0'
2026-01-26T03:58:16.8545208Z ##[group]Runner Image Provisioner
2026-01-26T03:58:16.8546147Z Hosted Compute Agent
2026-01-26T03:58:16.8546768Z Version: 20260115.477
2026-01-26T03:58:16.8547369Z Commit: 4b342d620503cbe250a3154040964899ea7c9b00
2026-01-26T03:58:16.8548100Z Build Date: 2026-01-15T22:32:41Z
2026-01-26T03:58:16.8548794Z Worker ID: {c46763cb-9fd4-4590-ab85-1411e5764754}
2026-01-26T03:58:16.8549514Z Azure Region: westus3
2026-01-26T03:58:16.8550132Z ##[endgroup]
2026-01-26T03:58:16.8551540Z ##[group]Operating System
2026-01-26T03:58:16.8552166Z Ubuntu
2026-01-26T03:58:16.8552742Z 24.04.3
2026-01-26T03:58:16.8553233Z LTS
2026-01-26T03:58:16.8553751Z ##[endgroup]
2026-01-26T03:58:16.8554297Z ##[group]Runner Image
2026-01-26T03:58:16.8555202Z Image: ubuntu-24.04
2026-01-26T03:58:16.8555748Z Version: 20260119.4.1
2026-01-26T03:58:16.8556945Z Included Software: https://github.com/actions/runner-images/blob/ubuntu24/20260119.4/images/ubuntu/Ubuntu2404-Readme.md
2026-01-26T03:58:16.8558448Z Image Release: https://github.com/actions/runner-images/releases/tag/ubuntu24%2F20260119.4
2026-01-26T03:58:16.8559479Z ##[endgroup]
2026-01-26T03:58:16.8560639Z ##[group]GITHUB_TOKEN Permissions
2026-01-26T03:58:16.8562413Z Contents: write
2026-01-26T03:58:16.8563125Z Metadata: read
2026-01-26T03:58:16.8563685Z ##[endgroup]
2026-01-26T03:58:16.8566014Z Secret source: Actions
2026-01-26T03:58:16.8566916Z Prepare workflow directory
2026-01-26T03:58:16.8892356Z Prepare all required actions
2026-01-26T03:58:16.8932211Z Getting action download info
2026-01-26T03:58:17.2970627Z Download action repository 'actions/checkout@v6.0.2' (SHA:de0fac2e4500dabe0009e67214ff5f5447ce83dd)
2026-01-26T03:58:18.1844794Z Download action repository 'actions/setup-python@v6.2.0' (SHA:a309ff8b426b58ec0e2a45f0f869d46889d02405)
2026-01-26T03:58:19.2127986Z Complete job name: Run Prioritzing Handler
2026-01-26T03:58:19.2786197Z ##[group]Run actions/checkout@v6.0.2
2026-01-26T03:58:19.2786886Z with:
2026-01-26T03:58:19.2787174Z   ref: main
2026-01-26T03:58:19.2787470Z   repository: Boss-1s/scratchattach
2026-01-26T03:58:19.2787977Z   token: ***
2026-01-26T03:58:19.2788254Z   ssh-strict: true
2026-01-26T03:58:19.2788541Z   ssh-user: git
2026-01-26T03:58:19.2788845Z   persist-credentials: true
2026-01-26T03:58:19.2789179Z   clean: true
2026-01-26T03:58:19.2789483Z   sparse-checkout-cone-mode: true
2026-01-26T03:58:19.2789839Z   fetch-depth: 1
2026-01-26T03:58:19.2790130Z   fetch-tags: false
2026-01-26T03:58:19.2790443Z   show-progress: true
2026-01-26T03:58:19.2790756Z   lfs: false
2026-01-26T03:58:19.2791037Z   submodules: false
2026-01-26T03:58:19.2791338Z   set-safe-directory: true
2026-01-26T03:58:19.2791869Z ##[endgroup]
2026-01-26T03:58:19.3677640Z Syncing repository: Boss-1s/scratchattach
2026-01-26T03:58:19.3679113Z ##[group]Getting Git version info
2026-01-26T03:58:19.3679753Z Working directory is '/home/runner/work/scratchattach/scratchattach'
2026-01-26T03:58:19.3680562Z [command]/usr/bin/git version
2026-01-26T03:58:19.3778119Z git version 2.52.0
2026-01-26T03:58:19.3798794Z ##[endgroup]
2026-01-26T03:58:19.3813482Z Temporarily overriding HOME='/home/runner/work/_temp/7f45821e-bb3d-4d25-8afc-2a2ef777d43c' before making global git config changes
2026-01-26T03:58:19.3815417Z Adding repository directory to the temporary git global config as a safe directory
2026-01-26T03:58:19.3819568Z [command]/usr/bin/git config --global --add safe.directory /home/runner/work/scratchattach/scratchattach
2026-01-26T03:58:19.3860184Z Deleting the contents of '/home/runner/work/scratchattach/scratchattach'
2026-01-26T03:58:19.3863735Z ##[group]Initializing the repository
2026-01-26T03:58:19.3868277Z [command]/usr/bin/git init /home/runner/work/scratchattach/scratchattach
2026-01-26T03:58:19.4013064Z hint: Using 'master' as the name for the initial branch. This default branch name
2026-01-26T03:58:19.4014001Z hint: will change to "main" in Git 3.0. To configure the initial branch name
2026-01-26T03:58:19.4014988Z hint: to use in all of your new repositories, which will suppress this warning,
2026-01-26T03:58:19.4016345Z hint: call:
2026-01-26T03:58:19.4016822Z hint:
2026-01-26T03:58:19.4017467Z hint: 	git config --global init.defaultBranch <name>
2026-01-26T03:58:19.4018181Z hint:
2026-01-26T03:58:19.4018852Z hint: Names commonly chosen instead of 'master' are 'main', 'trunk' and
2026-01-26T03:58:19.4019961Z hint: 'development'. The just-created branch can be renamed via this command:
2026-01-26T03:58:19.4020795Z hint:
2026-01-26T03:58:19.4021270Z hint: 	git branch -m <name>
2026-01-26T03:58:19.4021723Z hint:
2026-01-26T03:58:19.4022158Z hint: Disable this message with "git config set advice.defaultBranchName false"
2026-01-26T03:58:19.4023210Z Initialized empty Git repository in /home/runner/work/scratchattach/scratchattach/.git/
2026-01-26T03:58:19.4029549Z [command]/usr/bin/git remote add origin https://github.com/Boss-1s/scratchattach
2026-01-26T03:58:19.4061947Z ##[endgroup]
2026-01-26T03:58:19.4062883Z ##[group]Disabling automatic garbage collection
2026-01-26T03:58:19.4066532Z [command]/usr/bin/git config --local gc.auto 0
2026-01-26T03:58:19.4092841Z ##[endgroup]
2026-01-26T03:58:19.4093823Z ##[group]Setting up auth
2026-01-26T03:58:19.4094562Z Removing SSH command configuration
2026-01-26T03:58:19.4100502Z [command]/usr/bin/git config --local --name-only --get-regexp core\.sshCommand
2026-01-26T03:58:19.4130846Z [command]/usr/bin/git submodule foreach --recursive sh -c "git config --local --name-only --get-regexp 'core\.sshCommand' && git config --local --unset-all 'core.sshCommand' || :"
2026-01-26T03:58:19.4464524Z Removing HTTP extra header
2026-01-26T03:58:19.4469714Z [command]/usr/bin/git config --local --name-only --get-regexp http\.https\:\/\/github\.com\/\.extraheader
2026-01-26T03:58:19.4500646Z [command]/usr/bin/git submodule foreach --recursive sh -c "git config --local --name-only --get-regexp 'http\.https\:\/\/github\.com\/\.extraheader' && git config --local --unset-all 'http.https://github.com/.extraheader' || :"
2026-01-26T03:58:19.4706600Z Removing includeIf entries pointing to credentials config files
2026-01-26T03:58:19.4712854Z [command]/usr/bin/git config --local --name-only --get-regexp ^includeIf\.gitdir:
2026-01-26T03:58:19.4741210Z [command]/usr/bin/git submodule foreach --recursive git config --local --show-origin --name-only --get-regexp remote.origin.url
2026-01-26T03:58:19.4962195Z [command]/usr/bin/git config --file /home/runner/work/_temp/git-credentials-49b4a452-48ee-4a86-94ea-08b3db75705b.config http.https://github.com/.extraheader AUTHORIZATION: basic ***
2026-01-26T03:58:19.4998702Z [command]/usr/bin/git config --local includeIf.gitdir:/home/runner/work/scratchattach/scratchattach/.git.path /home/runner/work/_temp/git-credentials-49b4a452-48ee-4a86-94ea-08b3db75705b.config
2026-01-26T03:58:19.5026553Z [command]/usr/bin/git config --local includeIf.gitdir:/home/runner/work/scratchattach/scratchattach/.git/worktrees/*.path /home/runner/work/_temp/git-credentials-49b4a452-48ee-4a86-94ea-08b3db75705b.config
2026-01-26T03:58:19.5053654Z [command]/usr/bin/git config --local includeIf.gitdir:/github/workspace/.git.path /github/runner_temp/git-credentials-49b4a452-48ee-4a86-94ea-08b3db75705b.config
2026-01-26T03:58:19.5081941Z [command]/usr/bin/git config --local includeIf.gitdir:/github/workspace/.git/worktrees/*.path /github/runner_temp/git-credentials-49b4a452-48ee-4a86-94ea-08b3db75705b.config
2026-01-26T03:58:19.5108511Z ##[endgroup]
2026-01-26T03:58:19.5109472Z ##[group]Fetching the repository
2026-01-26T03:58:19.5118477Z [command]/usr/bin/git -c protocol.version=2 fetch --no-tags --prune --no-recurse-submodules --depth=1 origin +refs/heads/main*:refs/remotes/origin/main* +refs/tags/main*:refs/tags/main*
2026-01-26T03:59:08.4723806Z From https://github.com/Boss-1s/scratchattach
2026-01-26T03:59:08.4725818Z  * [new branch]      main       -> origin/main
2026-01-26T03:59:08.4755382Z ##[endgroup]
2026-01-26T03:59:08.4756361Z ##[group]Determining the checkout info
2026-01-26T03:59:08.4762955Z [command]/usr/bin/git branch --list --remote origin/main
2026-01-26T03:59:08.4791893Z   origin/main
2026-01-26T03:59:08.4796956Z ##[endgroup]
2026-01-26T03:59:08.4801335Z [command]/usr/bin/git sparse-checkout disable
2026-01-26T03:59:08.4848844Z [command]/usr/bin/git config --local --unset-all extensions.worktreeConfig
2026-01-26T03:59:08.4875943Z ##[group]Checking out the ref
2026-01-26T03:59:08.4879204Z [command]/usr/bin/git checkout --progress --force -B main refs/remotes/origin/main
2026-01-26T03:59:09.8360987Z Updating files:  80% (2612/3262)
2026-01-26T03:59:10.1203347Z Updating files:  81% (2643/3262)
2026-01-26T03:59:10.1240016Z Updating files:  82% (2675/3262)
2026-01-26T03:59:10.1281376Z Updating files:  83% (2708/3262)
2026-01-26T03:59:10.3241166Z Updating files:  84% (2741/3262)
2026-01-26T03:59:10.3951511Z Updating files:  85% (2773/3262)
2026-01-26T03:59:10.5124096Z Updating files:  86% (2806/3262)
2026-01-26T03:59:11.0034496Z Updating files:  86% (2812/3262)
2026-01-26T03:59:11.1422122Z Updating files:  87% (2838/3262)
2026-01-26T03:59:11.5146657Z Updating files:  88% (2871/3262)
2026-01-26T03:59:11.6831953Z Updating files:  88% (2898/3262)
2026-01-26T03:59:11.6900420Z Updating files:  89% (2904/3262)
2026-01-26T03:59:11.8938694Z Updating files:  90% (2936/3262)
2026-01-26T03:59:12.4596091Z Updating files:  91% (2969/3262)
2026-01-26T03:59:12.5877578Z Updating files:  92% (3002/3262)
2026-01-26T03:59:13.1004030Z Updating files:  92% (3004/3262)
2026-01-26T03:59:13.5640186Z Updating files:  93% (3034/3262)
2026-01-26T03:59:13.7711211Z Updating files:  93% (3051/3262)
2026-01-26T03:59:14.2411212Z Updating files:  94% (3067/3262)
2026-01-26T03:59:14.5077971Z Updating files:  95% (3099/3262)
2026-01-26T03:59:14.8820664Z Updating files:  95% (3108/3262)
2026-01-26T03:59:15.4355660Z Updating files:  96% (3132/3262)
2026-01-26T03:59:15.5429114Z Updating files:  97% (3165/3262)
2026-01-26T03:59:15.6930129Z Updating files:  97% (3167/3262)
2026-01-26T03:59:15.7117736Z Updating files:  98% (3197/3262)
2026-01-26T03:59:15.7210221Z Updating files:  99% (3230/3262)
2026-01-26T03:59:15.7210804Z Updating files: 100% (3262/3262)
2026-01-26T03:59:15.7211126Z Updating files: 100% (3262/3262), done.
2026-01-26T03:59:15.7607800Z Switched to a new branch 'main'
2026-01-26T03:59:15.7610929Z branch 'main' set up to track 'origin/main'.
2026-01-26T03:59:15.7786283Z ##[endgroup]
2026-01-26T03:59:15.7824530Z [command]/usr/bin/git log -1 --format=%H
2026-01-26T03:59:15.7850738Z bb57b263f63c4ae55af45bd2f5467ac0d0d68b3c
2026-01-26T03:59:15.8070534Z ##[group]Run actions/setup-python@v6.2.0
2026-01-26T03:59:15.8070810Z with:
2026-01-26T03:59:15.8070992Z   python-version: 3.13
2026-01-26T03:59:15.8071198Z   check-latest: false
2026-01-26T03:59:15.8071517Z   token: ***
2026-01-26T03:59:15.8071703Z   update-environment: true
2026-01-26T03:59:15.8071933Z   allow-prereleases: false
2026-01-26T03:59:15.8072137Z   freethreaded: false
2026-01-26T03:59:15.8072331Z ##[endgroup]
2026-01-26T03:59:15.9248220Z ##[group]Installed versions
2026-01-26T03:59:15.9358913Z Successfully set up CPython (3.13.11)
2026-01-26T03:59:15.9359674Z ##[endgroup]
2026-01-26T03:59:15.9458759Z ##[group]Run pip install -r requirements.txt
2026-01-26T03:59:15.9459131Z [36;1mpip install -r requirements.txt[0m
2026-01-26T03:59:15.9596933Z shell: /usr/bin/bash -e {0}
2026-01-26T03:59:15.9597169Z env:
2026-01-26T03:59:15.9597412Z   pythonLocation: /opt/hostedtoolcache/Python/3.13.11/x64
2026-01-26T03:59:15.9597831Z   PKG_CONFIG_PATH: /opt/hostedtoolcache/Python/3.13.11/x64/lib/pkgconfig
2026-01-26T03:59:15.9598239Z   Python_ROOT_DIR: /opt/hostedtoolcache/Python/3.13.11/x64
2026-01-26T03:59:15.9598613Z   Python2_ROOT_DIR: /opt/hostedtoolcache/Python/3.13.11/x64
2026-01-26T03:59:15.9598983Z   Python3_ROOT_DIR: /opt/hostedtoolcache/Python/3.13.11/x64
2026-01-26T03:59:15.9599349Z   LD_LIBRARY_PATH: /opt/hostedtoolcache/Python/3.13.11/x64/lib
2026-01-26T03:59:15.9599651Z ##[endgroup]
2026-01-26T03:59:18.4953046Z Collecting scratchattach>=2.1.15b0 (from -r requirements.txt (line 1))
2026-01-26T03:59:18.5748274Z   Downloading scratchattach-2.1.15b0-py3-none-any.whl.metadata (5.7 kB)
2026-01-26T03:59:18.6179800Z Collecting websocket-client (from scratchattach>=2.1.15b0->-r requirements.txt (line 1))
2026-01-26T03:59:18.6232069Z   Downloading websocket_client-1.9.0-py3-none-any.whl.metadata (8.3 kB)
2026-01-26T03:59:18.6670716Z Collecting requests (from scratchattach>=2.1.15b0->-r requirements.txt (line 1))
2026-01-26T03:59:18.6780428Z   Downloading requests-2.32.5-py3-none-any.whl.metadata (4.9 kB)
2026-01-26T03:59:18.6988192Z Collecting bs4 (from scratchattach>=2.1.15b0->-r requirements.txt (line 1))
2026-01-26T03:59:18.7111636Z   Downloading bs4-0.0.2-py2.py3-none-any.whl.metadata (411 bytes)
2026-01-26T03:59:18.7976172Z Collecting SimpleWebSocketServer (from scratchattach>=2.1.15b0->-r requirements.txt (line 1))
2026-01-26T03:59:18.8144896Z   Downloading SimpleWebSocketServer-0.1.2.tar.gz (10 kB)
2026-01-26T03:59:18.8313071Z   Installing build dependencies: started
2026-01-26T03:59:20.2368856Z   Installing build dependencies: finished with status 'done'
2026-01-26T03:59:20.2374891Z   Getting requirements to build wheel: started
2026-01-26T03:59:20.6952296Z   Getting requirements to build wheel: finished with status 'done'
2026-01-26T03:59:20.6961282Z   Preparing metadata (pyproject.toml): started
2026-01-26T03:59:20.8931582Z   Preparing metadata (pyproject.toml): finished with status 'done'
2026-01-26T03:59:21.0322273Z Collecting typing-extensions (from scratchattach>=2.1.15b0->-r requirements.txt (line 1))
2026-01-26T03:59:21.0433068Z   Downloading typing_extensions-4.15.0-py3-none-any.whl.metadata (3.3 kB)
2026-01-26T03:59:21.9245225Z Collecting browser_cookie3 (from scratchattach>=2.1.15b0->-r requirements.txt (line 1))
2026-01-26T03:59:21.9377283Z   Downloading browser_cookie3-0.20.1-py3-none-any.whl.metadata (713 bytes)
2026-01-26T03:59:22.0307428Z Collecting lz4 (from browser_cookie3->scratchattach>=2.1.15b0->-r requirements.txt (line 1))
2026-01-26T03:59:22.0429055Z   Downloading lz4-4.4.5-cp313-cp313-manylinux2014_x86_64.manylinux_2_17_x86_64.manylinux_2_28_x86_64.whl.metadata (3.8 kB)
2026-01-26T03:59:22.1457331Z Collecting pycryptodomex (from browser_cookie3->scratchattach>=2.1.15b0->-r requirements.txt (line 1))
2026-01-26T03:59:22.1585765Z   Downloading pycryptodomex-3.23.0-cp37-abi3-manylinux_2_17_x86_64.manylinux2014_x86_64.whl.metadata (3.4 kB)
2026-01-26T03:59:22.1811965Z Collecting jeepney (from browser_cookie3->scratchattach>=2.1.15b0->-r requirements.txt (line 1))
2026-01-26T03:59:22.1912750Z   Downloading jeepney-0.9.0-py3-none-any.whl.metadata (1.2 kB)
2026-01-26T03:59:22.2195036Z Collecting beautifulsoup4 (from bs4->scratchattach>=2.1.15b0->-r requirements.txt (line 1))
2026-01-26T03:59:22.2302652Z   Downloading beautifulsoup4-4.14.3-py3-none-any.whl.metadata (3.8 kB)
2026-01-26T03:59:22.2628290Z Collecting soupsieve>=1.6.1 (from beautifulsoup4->bs4->scratchattach>=2.1.15b0->-r requirements.txt (line 1))
2026-01-26T03:59:22.2736302Z   Downloading soupsieve-2.8.3-py3-none-any.whl.metadata (4.6 kB)
2026-01-26T03:59:22.3848007Z Collecting charset_normalizer<4,>=2 (from requests->scratchattach>=2.1.15b0->-r requirements.txt (line 1))
2026-01-26T03:59:22.4008210Z   Downloading charset_normalizer-3.4.4-cp313-cp313-manylinux2014_x86_64.manylinux_2_17_x86_64.manylinux_2_28_x86_64.whl.metadata (37 kB)
2026-01-26T03:59:22.4265699Z Collecting idna<4,>=2.5 (from requests->scratchattach>=2.1.15b0->-r requirements.txt (line 1))
2026-01-26T03:59:22.4395737Z   Downloading idna-3.11-py3-none-any.whl.metadata (8.4 kB)
2026-01-26T03:59:22.4796065Z Collecting urllib3<3,>=1.21.1 (from requests->scratchattach>=2.1.15b0->-r requirements.txt (line 1))
2026-01-26T03:59:22.4921007Z   Downloading urllib3-2.6.3-py3-none-any.whl.metadata (6.9 kB)
2026-01-26T03:59:22.5238258Z Collecting certifi>=2017.4.17 (from requests->scratchattach>=2.1.15b0->-r requirements.txt (line 1))
2026-01-26T03:59:22.5789320Z   Downloading certifi-2026.1.4-py3-none-any.whl.metadata (2.5 kB)
2026-01-26T03:59:22.6129961Z Downloading scratchattach-2.1.15b0-py3-none-any.whl (145 kB)
2026-01-26T03:59:22.6396205Z Downloading browser_cookie3-0.20.1-py3-none-any.whl (17 kB)
2026-01-26T03:59:22.6704383Z Downloading bs4-0.0.2-py2.py3-none-any.whl (1.2 kB)
2026-01-26T03:59:22.6887584Z Downloading beautifulsoup4-4.14.3-py3-none-any.whl (107 kB)
2026-01-26T03:59:22.7043510Z Downloading soupsieve-2.8.3-py3-none-any.whl (37 kB)
2026-01-26T03:59:22.7176496Z Downloading typing_extensions-4.15.0-py3-none-any.whl (44 kB)
2026-01-26T03:59:22.7335276Z Downloading jeepney-0.9.0-py3-none-any.whl (49 kB)
2026-01-26T03:59:22.7508008Z Downloading lz4-4.4.5-cp313-cp313-manylinux2014_x86_64.manylinux_2_17_x86_64.manylinux_2_28_x86_64.whl (1.4 MB)
2026-01-26T03:59:22.7813517Z    ━━━━━━━━━━━━━━━━━━━━━━━━━━━━━━━━━━━━━━━━ 1.4/1.4 MB 53.2 MB/s  0:00:00
2026-01-26T03:59:22.7929620Z Downloading pycryptodomex-3.23.0-cp37-abi3-manylinux_2_17_x86_64.manylinux2014_x86_64.whl (2.3 MB)
2026-01-26T03:59:22.8137703Z    ━━━━━━━━━━━━━━━━━━━━━━━━━━━━━━━━━━━━━━━━ 2.3/2.3 MB 115.5 MB/s  0:00:00
2026-01-26T03:59:22.8238965Z Downloading requests-2.32.5-py3-none-any.whl (64 kB)
2026-01-26T03:59:22.8399137Z Downloading charset_normalizer-3.4.4-cp313-cp313-manylinux2014_x86_64.manylinux_2_17_x86_64.manylinux_2_28_x86_64.whl (153 kB)
2026-01-26T03:59:22.8579465Z Downloading idna-3.11-py3-none-any.whl (71 kB)
2026-01-26T03:59:22.8729848Z Downloading urllib3-2.6.3-py3-none-any.whl (131 kB)
2026-01-26T03:59:22.8885823Z Downloading certifi-2026.1.4-py3-none-any.whl (152 kB)
2026-01-26T03:59:22.9142386Z Downloading websocket_client-1.9.0-py3-none-any.whl (82 kB)
2026-01-26T03:59:22.9364952Z Building wheels for collected packages: SimpleWebSocketServer
2026-01-26T03:59:22.9373060Z   Building wheel for SimpleWebSocketServer (pyproject.toml): started
2026-01-26T03:59:23.1522974Z   Building wheel for SimpleWebSocketServer (pyproject.toml): finished with status 'done'
2026-01-26T03:59:23.1528763Z   Created wheel for SimpleWebSocketServer: filename=simplewebsocketserver-0.1.2-py3-none-any.whl size=9716 sha256=df1b852a39c7f699120894512479ac8cdf055d848a1dba2b9a5ebea7450c9e2b
2026-01-26T03:59:23.1530745Z   Stored in directory: /home/runner/.cache/pip/wheels/c4/5b/e8/4f2c15a82edc4923058056f6681373168be02a0c00389a6dcf
2026-01-26T03:59:23.1548467Z Successfully built SimpleWebSocketServer
2026-01-26T03:59:23.1788746Z Installing collected packages: SimpleWebSocketServer, websocket-client, urllib3, typing-extensions, soupsieve, pycryptodomex, lz4, jeepney, idna, charset_normalizer, certifi, requests, browser_cookie3, beautifulsoup4, bs4, scratchattach
2026-01-26T03:59:24.2629566Z 
2026-01-26T03:59:24.2654535Z Successfully installed SimpleWebSocketServer-0.1.2 beautifulsoup4-4.14.3 browser_cookie3-0.20.1 bs4-0.0.2 certifi-2026.1.4 charset_normalizer-3.4.4 idna-3.11 jeepney-0.9.0 lz4-4.4.5 pycryptodomex-3.23.0 requests-2.32.5 scratchattach-2.1.15b0 soupsieve-2.8.3 typing-extensions-4.15.0 urllib3-2.6.3 websocket-client-1.9.0
2026-01-26T03:59:24.4723549Z ##[group]Run actions/checkout@v6.0.2
2026-01-26T03:59:24.4723815Z with:
2026-01-26T03:59:24.4723986Z   ref: main
2026-01-26T03:59:24.4724170Z   repository: Boss-1s/scratchattach
2026-01-26T03:59:24.4724522Z   token: ***
2026-01-26T03:59:24.4724969Z   ssh-strict: true
2026-01-26T03:59:24.4725158Z   ssh-user: git
2026-01-26T03:59:24.4725341Z   persist-credentials: true
2026-01-26T03:59:24.4725548Z   clean: true
2026-01-26T03:59:24.4725737Z   sparse-checkout-cone-mode: true
2026-01-26T03:59:24.4725960Z   fetch-depth: 1
2026-01-26T03:59:24.4726135Z   fetch-tags: false
2026-01-26T03:59:24.4726319Z   show-progress: true
2026-01-26T03:59:24.4726502Z   lfs: false
2026-01-26T03:59:24.4726664Z   submodules: false
2026-01-26T03:59:24.4726844Z   set-safe-directory: true
2026-01-26T03:59:24.4727043Z env:
2026-01-26T03:59:24.4727272Z   pythonLocation: /opt/hostedtoolcache/Python/3.13.11/x64
2026-01-26T03:59:24.4727673Z   PKG_CONFIG_PATH: /opt/hostedtoolcache/Python/3.13.11/x64/lib/pkgconfig
2026-01-26T03:59:24.4728124Z   Python_ROOT_DIR: /opt/hostedtoolcache/Python/3.13.11/x64
2026-01-26T03:59:24.4728664Z   Python2_ROOT_DIR: /opt/hostedtoolcache/Python/3.13.11/x64
2026-01-26T03:59:24.4729018Z   Python3_ROOT_DIR: /opt/hostedtoolcache/Python/3.13.11/x64
2026-01-26T03:59:24.4729378Z   LD_LIBRARY_PATH: /opt/hostedtoolcache/Python/3.13.11/x64/lib
2026-01-26T03:59:24.4729670Z ##[endgroup]
2026-01-26T03:59:24.5473880Z Syncing repository: Boss-1s/scratchattach
2026-01-26T03:59:24.5476490Z ##[group]Getting Git version info
2026-01-26T03:59:24.5477302Z Working directory is '/home/runner/work/scratchattach/scratchattach'
2026-01-26T03:59:24.5513012Z [command]/usr/bin/git version
2026-01-26T03:59:24.5548128Z git version 2.52.0
2026-01-26T03:59:24.5568286Z ##[endgroup]
2026-01-26T03:59:24.5581012Z Temporarily overriding HOME='/home/runner/work/_temp/61a99b1a-3139-4e56-89bb-54f8468702ab' before making global git config changes
2026-01-26T03:59:24.5581770Z Adding repository directory to the temporary git global config as a safe directory
2026-01-26T03:59:24.5587464Z [command]/usr/bin/git config --global --add safe.directory /home/runner/work/scratchattach/scratchattach
2026-01-26T03:59:24.5623763Z [command]/usr/bin/git config --local --get remote.origin.url
2026-01-26T03:59:24.5646094Z https://github.com/Boss-1s/scratchattach
2026-01-26T03:59:24.5658787Z ##[group]Removing previously created refs, to avoid conflicts
2026-01-26T03:59:24.5662595Z [command]/usr/bin/git rev-parse --symbolic-full-name --verify --quiet HEAD
2026-01-26T03:59:24.5682971Z refs/heads/main
2026-01-26T03:59:24.5692344Z [command]/usr/bin/git checkout --detach
2026-01-26T03:59:25.2757020Z HEAD is now at bb57b26 [BOT] Download Logs
2026-01-26T03:59:25.2807092Z [command]/usr/bin/git branch --delete --force main
2026-01-26T03:59:25.2832892Z Deleted branch main (was bb57b26).
2026-01-26T03:59:25.2869961Z ##[endgroup]
2026-01-26T03:59:25.2871971Z [command]/usr/bin/git submodule status
2026-01-26T03:59:25.3098375Z ##[group]Cleaning the repository
2026-01-26T03:59:25.3102831Z [command]/usr/bin/git clean -ffdx
2026-01-26T03:59:25.3158598Z [command]/usr/bin/git reset --hard HEAD
2026-01-26T03:59:25.3274559Z HEAD is now at bb57b26 [BOT] Download Logs
2026-01-26T03:59:25.3280248Z ##[endgroup]
2026-01-26T03:59:25.3282019Z ##[group]Disabling automatic garbage collection
2026-01-26T03:59:25.3286252Z [command]/usr/bin/git config --local gc.auto 0
2026-01-26T03:59:25.3311501Z ##[endgroup]
2026-01-26T03:59:25.3311966Z ##[group]Setting up auth
2026-01-26T03:59:25.3313323Z Removing SSH command configuration
2026-01-26T03:59:25.3318951Z [command]/usr/bin/git config --local --name-only --get-regexp core\.sshCommand
2026-01-26T03:59:25.3348126Z [command]/usr/bin/git submodule foreach --recursive sh -c "git config --local --name-only --get-regexp 'core\.sshCommand' && git config --local --unset-all 'core.sshCommand' || :"
2026-01-26T03:59:25.3568861Z Removing HTTP extra header
2026-01-26T03:59:25.3573712Z [command]/usr/bin/git config --local --name-only --get-regexp http\.https\:\/\/github\.com\/\.extraheader
2026-01-26T03:59:25.3603930Z [command]/usr/bin/git submodule foreach --recursive sh -c "git config --local --name-only --get-regexp 'http\.https\:\/\/github\.com\/\.extraheader' && git config --local --unset-all 'http.https://github.com/.extraheader' || :"
2026-01-26T03:59:25.3821583Z Removing includeIf entries pointing to credentials config files
2026-01-26T03:59:25.3828289Z [command]/usr/bin/git config --local --name-only --get-regexp ^includeIf\.gitdir:
2026-01-26T03:59:25.3878041Z includeif.gitdir:/home/runner/work/scratchattach/scratchattach/.git.path
2026-01-26T03:59:25.3879304Z includeif.gitdir:/home/runner/work/scratchattach/scratchattach/.git/worktrees/*.path
2026-01-26T03:59:25.3880098Z includeif.gitdir:/github/workspace/.git.path
2026-01-26T03:59:25.3880647Z includeif.gitdir:/github/workspace/.git/worktrees/*.path
2026-01-26T03:59:25.3887702Z [command]/usr/bin/git config --local --get-all includeif.gitdir:/home/runner/work/scratchattach/scratchattach/.git.path
2026-01-26T03:59:25.3909945Z /home/runner/work/_temp/git-credentials-49b4a452-48ee-4a86-94ea-08b3db75705b.config
2026-01-26T03:59:25.3920466Z [command]/usr/bin/git config --local --unset includeif.gitdir:/home/runner/work/scratchattach/scratchattach/.git.path /home/runner/work/_temp/git-credentials-49b4a452-48ee-4a86-94ea-08b3db75705b.config
2026-01-26T03:59:25.3951837Z [command]/usr/bin/git config --local --get-all includeif.gitdir:/home/runner/work/scratchattach/scratchattach/.git/worktrees/*.path
2026-01-26T03:59:25.3972651Z /home/runner/work/_temp/git-credentials-49b4a452-48ee-4a86-94ea-08b3db75705b.config
2026-01-26T03:59:25.3980658Z [command]/usr/bin/git config --local --unset includeif.gitdir:/home/runner/work/scratchattach/scratchattach/.git/worktrees/*.path /home/runner/work/_temp/git-credentials-49b4a452-48ee-4a86-94ea-08b3db75705b.config
2026-01-26T03:59:25.4008739Z [command]/usr/bin/git config --local --get-all includeif.gitdir:/github/workspace/.git.path
2026-01-26T03:59:25.4028414Z /github/runner_temp/git-credentials-49b4a452-48ee-4a86-94ea-08b3db75705b.config
2026-01-26T03:59:25.4035691Z [command]/usr/bin/git config --local --unset includeif.gitdir:/github/workspace/.git.path /github/runner_temp/git-credentials-49b4a452-48ee-4a86-94ea-08b3db75705b.config
2026-01-26T03:59:25.4065331Z [command]/usr/bin/git config --local --get-all includeif.gitdir:/github/workspace/.git/worktrees/*.path
2026-01-26T03:59:25.4085359Z /github/runner_temp/git-credentials-49b4a452-48ee-4a86-94ea-08b3db75705b.config
2026-01-26T03:59:25.4094289Z [command]/usr/bin/git config --local --unset includeif.gitdir:/github/workspace/.git/worktrees/*.path /github/runner_temp/git-credentials-49b4a452-48ee-4a86-94ea-08b3db75705b.config
2026-01-26T03:59:25.4126420Z [command]/usr/bin/git submodule foreach --recursive git config --local --show-origin --name-only --get-regexp remote.origin.url
2026-01-26T03:59:25.4342711Z Removing credentials config '/home/runner/work/_temp/git-credentials-49b4a452-48ee-4a86-94ea-08b3db75705b.config'
2026-01-26T03:59:25.4356284Z [command]/usr/bin/git config --file /home/runner/work/_temp/git-credentials-d9ffa0fa-7a4d-456c-9f42-f75f49ab8039.config http.https://github.com/.extraheader AUTHORIZATION: basic ***
2026-01-26T03:59:25.4391265Z [command]/usr/bin/git config --local includeIf.gitdir:/home/runner/work/scratchattach/scratchattach/.git.path /home/runner/work/_temp/git-credentials-d9ffa0fa-7a4d-456c-9f42-f75f49ab8039.config
2026-01-26T03:59:25.4420008Z [command]/usr/bin/git config --local includeIf.gitdir:/home/runner/work/scratchattach/scratchattach/.git/worktrees/*.path /home/runner/work/_temp/git-credentials-d9ffa0fa-7a4d-456c-9f42-f75f49ab8039.config
2026-01-26T03:59:25.4448765Z [command]/usr/bin/git config --local includeIf.gitdir:/github/workspace/.git.path /github/runner_temp/git-credentials-d9ffa0fa-7a4d-456c-9f42-f75f49ab8039.config
2026-01-26T03:59:25.4476835Z [command]/usr/bin/git config --local includeIf.gitdir:/github/workspace/.git/worktrees/*.path /github/runner_temp/git-credentials-d9ffa0fa-7a4d-456c-9f42-f75f49ab8039.config
2026-01-26T03:59:25.4500560Z ##[endgroup]
2026-01-26T03:59:25.4501195Z ##[group]Fetching the repository
2026-01-26T03:59:25.4509699Z [command]/usr/bin/git -c protocol.version=2 fetch --no-tags --prune --no-recurse-submodules --depth=1 origin +refs/heads/main*:refs/remotes/origin/main* +refs/tags/main*:refs/tags/main*
2026-01-26T03:59:25.8844118Z ##[endgroup]
2026-01-26T03:59:25.8844876Z ##[group]Determining the checkout info
2026-01-26T03:59:25.8850419Z [command]/usr/bin/git branch --list --remote origin/main
2026-01-26T03:59:25.8875502Z   origin/main
2026-01-26T03:59:25.8879517Z ##[endgroup]
2026-01-26T03:59:25.8883812Z [command]/usr/bin/git sparse-checkout disable
2026-01-26T03:59:25.8948744Z [command]/usr/bin/git config --local --unset-all extensions.worktreeConfig
2026-01-26T03:59:25.8973890Z ##[group]Checking out the ref
2026-01-26T03:59:25.8978106Z [command]/usr/bin/git checkout --progress --force -B main refs/remotes/origin/main
2026-01-26T03:59:25.9064815Z Switched to a new branch 'main'
2026-01-26T03:59:25.9067236Z branch 'main' set up to track 'origin/main'.
2026-01-26T03:59:25.9072272Z ##[endgroup]
2026-01-26T03:59:25.9107188Z [command]/usr/bin/git log -1 --format=%H
2026-01-26T03:59:25.9130352Z bb57b263f63c4ae55af45bd2f5467ac0d0d68b3c
2026-01-26T03:59:25.9238787Z ##[group]Run python3 aesthetic_prioritizing.py
2026-01-26T03:59:25.9239134Z [36;1mpython3 aesthetic_prioritizing.py[0m
2026-01-26T03:59:25.9270485Z shell: /usr/bin/bash -e {0}
2026-01-26T03:59:25.9270706Z env:
2026-01-26T03:59:25.9270948Z   pythonLocation: /opt/hostedtoolcache/Python/3.13.11/x64
2026-01-26T03:59:25.9271370Z   PKG_CONFIG_PATH: /opt/hostedtoolcache/Python/3.13.11/x64/lib/pkgconfig
2026-01-26T03:59:25.9271805Z   Python_ROOT_DIR: /opt/hostedtoolcache/Python/3.13.11/x64
2026-01-26T03:59:25.9272168Z   Python2_ROOT_DIR: /opt/hostedtoolcache/Python/3.13.11/x64
2026-01-26T03:59:25.9272532Z   Python3_ROOT_DIR: /opt/hostedtoolcache/Python/3.13.11/x64
2026-01-26T03:59:25.9272887Z   LD_LIBRARY_PATH: /opt/hostedtoolcache/Python/3.13.11/x64/lib
2026-01-26T03:59:25.9273290Z   PASS: ***
2026-01-26T03:59:25.9273457Z ##[endgroup]
2026-01-26T03:59:27.0613943Z Prioritizing: Attempt 1
2026-01-26T03:59:27.0620684Z Projects already on top. No prioritizing needed.
2026-01-26T03:59:27.0626990Z Prioritized projects in your favorite list.
2026-01-26T03:59:27.0628544Z Warning: For methods that require authentication, use session.connect_user instead of get_user
2026-01-26T03:59:27.0981005Z Post job cleanup.
2026-01-26T03:59:27.1732007Z [command]/usr/bin/git version
2026-01-26T03:59:27.1766708Z git version 2.52.0
2026-01-26T03:59:27.1803370Z Temporarily overriding HOME='/home/runner/work/_temp/dd5651b8-b80b-4d83-9dcc-f0658d1d30cb' before making global git config changes
2026-01-26T03:59:27.1804943Z Adding repository directory to the temporary git global config as a safe directory
2026-01-26T03:59:27.1809414Z [command]/usr/bin/git config --global --add safe.directory /home/runner/work/scratchattach/scratchattach
2026-01-26T03:59:27.1838371Z Removing SSH command configuration
2026-01-26T03:59:27.1844286Z [command]/usr/bin/git config --local --name-only --get-regexp core\.sshCommand
2026-01-26T03:59:27.1876770Z [command]/usr/bin/git submodule foreach --recursive sh -c "git config --local --name-only --get-regexp 'core\.sshCommand' && git config --local --unset-all 'core.sshCommand' || :"
2026-01-26T03:59:27.2102587Z Removing HTTP extra header
2026-01-26T03:59:27.2107839Z [command]/usr/bin/git config --local --name-only --get-regexp http\.https\:\/\/github\.com\/\.extraheader
2026-01-26T03:59:27.2139519Z [command]/usr/bin/git submodule foreach --recursive sh -c "git config --local --name-only --get-regexp 'http\.https\:\/\/github\.com\/\.extraheader' && git config --local --unset-all 'http.https://github.com/.extraheader' || :"
2026-01-26T03:59:27.2361371Z Removing includeIf entries pointing to credentials config files
2026-01-26T03:59:27.2367342Z [command]/usr/bin/git config --local --name-only --get-regexp ^includeIf\.gitdir:
2026-01-26T03:59:27.2389361Z includeif.gitdir:/home/runner/work/scratchattach/scratchattach/.git.path
2026-01-26T03:59:27.2390437Z includeif.gitdir:/home/runner/work/scratchattach/scratchattach/.git/worktrees/*.path
2026-01-26T03:59:27.2391312Z includeif.gitdir:/github/workspace/.git.path
2026-01-26T03:59:27.2391978Z includeif.gitdir:/github/workspace/.git/worktrees/*.path
2026-01-26T03:59:27.2399483Z [command]/usr/bin/git config --local --get-all includeif.gitdir:/home/runner/work/scratchattach/scratchattach/.git.path
2026-01-26T03:59:27.2420579Z /home/runner/work/_temp/git-credentials-d9ffa0fa-7a4d-456c-9f42-f75f49ab8039.config
2026-01-26T03:59:27.2431157Z [command]/usr/bin/git config --local --unset includeif.gitdir:/home/runner/work/scratchattach/scratchattach/.git.path /home/runner/work/_temp/git-credentials-d9ffa0fa-7a4d-456c-9f42-f75f49ab8039.config
2026-01-26T03:59:27.2462267Z [command]/usr/bin/git config --local --get-all includeif.gitdir:/home/runner/work/scratchattach/scratchattach/.git/worktrees/*.path
2026-01-26T03:59:27.2482938Z /home/runner/work/_temp/git-credentials-d9ffa0fa-7a4d-456c-9f42-f75f49ab8039.config
2026-01-26T03:59:27.2492317Z [command]/usr/bin/git config --local --unset includeif.gitdir:/home/runner/work/scratchattach/scratchattach/.git/worktrees/*.path /home/runner/work/_temp/git-credentials-d9ffa0fa-7a4d-456c-9f42-f75f49ab8039.config
2026-01-26T03:59:27.2521154Z [command]/usr/bin/git config --local --get-all includeif.gitdir:/github/workspace/.git.path
2026-01-26T03:59:27.2542185Z /github/runner_temp/git-credentials-d9ffa0fa-7a4d-456c-9f42-f75f49ab8039.config
2026-01-26T03:59:27.2550051Z [command]/usr/bin/git config --local --unset includeif.gitdir:/github/workspace/.git.path /github/runner_temp/git-credentials-d9ffa0fa-7a4d-456c-9f42-f75f49ab8039.config
2026-01-26T03:59:27.2578942Z [command]/usr/bin/git config --local --get-all includeif.gitdir:/github/workspace/.git/worktrees/*.path
2026-01-26T03:59:27.2599186Z /github/runner_temp/git-credentials-d9ffa0fa-7a4d-456c-9f42-f75f49ab8039.config
2026-01-26T03:59:27.2608568Z [command]/usr/bin/git config --local --unset includeif.gitdir:/github/workspace/.git/worktrees/*.path /github/runner_temp/git-credentials-d9ffa0fa-7a4d-456c-9f42-f75f49ab8039.config
2026-01-26T03:59:27.2639951Z [command]/usr/bin/git submodule foreach --recursive git config --local --show-origin --name-only --get-regexp remote.origin.url
2026-01-26T03:59:27.2857099Z Removing credentials config '/home/runner/work/_temp/git-credentials-d9ffa0fa-7a4d-456c-9f42-f75f49ab8039.config'
2026-01-26T03:59:27.2981502Z Post job cleanup.
2026-01-26T03:59:27.4169851Z Post job cleanup.
2026-01-26T03:59:27.4947327Z [command]/usr/bin/git version
2026-01-26T03:59:27.4993960Z git version 2.52.0
2026-01-26T03:59:27.5044823Z Temporarily overriding HOME='/home/runner/work/_temp/71297e52-e258-4208-a05f-9476cc7f892d' before making global git config changes
2026-01-26T03:59:27.5046190Z Adding repository directory to the temporary git global config as a safe directory
2026-01-26T03:59:27.5051344Z [command]/usr/bin/git config --global --add safe.directory /home/runner/work/scratchattach/scratchattach
2026-01-26T03:59:27.5083660Z Removing SSH command configuration
2026-01-26T03:59:27.5092085Z [command]/usr/bin/git config --local --name-only --get-regexp core\.sshCommand
2026-01-26T03:59:27.5129793Z [command]/usr/bin/git submodule foreach --recursive sh -c "git config --local --name-only --get-regexp 'core\.sshCommand' && git config --local --unset-all 'core.sshCommand' || :"
2026-01-26T03:59:27.5368063Z Removing HTTP extra header
2026-01-26T03:59:27.5373589Z [command]/usr/bin/git config --local --name-only --get-regexp http\.https\:\/\/github\.com\/\.extraheader
2026-01-26T03:59:27.5406438Z [command]/usr/bin/git submodule foreach --recursive sh -c "git config --local --name-only --get-regexp 'http\.https\:\/\/github\.com\/\.extraheader' && git config --local --unset-all 'http.https://github.com/.extraheader' || :"
2026-01-26T03:59:27.5639198Z Removing includeIf entries pointing to credentials config files
2026-01-26T03:59:27.5648096Z [command]/usr/bin/git config --local --name-only --get-regexp ^includeIf\.gitdir:
2026-01-26T03:59:27.5682264Z [command]/usr/bin/git submodule foreach --recursive git config --local --show-origin --name-only --get-regexp remote.origin.url
2026-01-26T03:59:27.6042742Z Cleaning up orphan processes
