2025-12-25T03:08:04.9944258Z Current runner version: '2.330.0'
2025-12-25T03:08:04.9973300Z ##[group]Runner Image Provisioner
2025-12-25T03:08:04.9974052Z Hosted Compute Agent
2025-12-25T03:08:04.9974678Z Version: 20251211.462
2025-12-25T03:08:04.9975286Z Commit: 6cbad8c2bb55d58165063d031ccabf57e2d2db61
2025-12-25T03:08:04.9976000Z Build Date: 2025-12-11T16:28:49Z
2025-12-25T03:08:04.9976626Z Worker ID: {313aacd6-51c1-4c98-9b7e-d8268b735a3f}
2025-12-25T03:08:04.9977429Z ##[endgroup]
2025-12-25T03:08:04.9977954Z ##[group]Operating System
2025-12-25T03:08:04.9978464Z Ubuntu
2025-12-25T03:08:04.9979431Z 24.04.3
2025-12-25T03:08:04.9979966Z LTS
2025-12-25T03:08:04.9980442Z ##[endgroup]
2025-12-25T03:08:04.9981030Z ##[group]Runner Image
2025-12-25T03:08:04.9981603Z Image: ubuntu-24.04
2025-12-25T03:08:04.9982104Z Version: 20251215.174.1
2025-12-25T03:08:04.9983376Z Included Software: https://github.com/actions/runner-images/blob/ubuntu24/20251215.174/images/ubuntu/Ubuntu2404-Readme.md
2025-12-25T03:08:04.9985175Z Image Release: https://github.com/actions/runner-images/releases/tag/ubuntu24%2F20251215.174
2025-12-25T03:08:04.9986381Z ##[endgroup]
2025-12-25T03:08:04.9987743Z ##[group]GITHUB_TOKEN Permissions
2025-12-25T03:08:04.9990217Z Actions: read
2025-12-25T03:08:04.9990768Z Contents: read
2025-12-25T03:08:04.9991353Z Metadata: read
2025-12-25T03:08:04.9991878Z Packages: read
2025-12-25T03:08:04.9992431Z SecurityEvents: write
2025-12-25T03:08:04.9992961Z ##[endgroup]
2025-12-25T03:08:04.9995339Z Secret source: Actions
2025-12-25T03:08:04.9996331Z Prepare workflow directory
2025-12-25T03:08:05.0513514Z Prepare all required actions
2025-12-25T03:08:05.0553661Z Getting action download info
2025-12-25T03:08:05.3619051Z Download action repository 'actions/checkout@v4' (SHA:34e114876b0b11c390a56381ad16ebd13914f8d5)
2025-12-25T03:08:05.4933757Z Download action repository 'github/codeql-action@v4' (SHA:5d4e8d1aca955e8d8589aabd499c5cae939e33c7)
2025-12-25T03:08:06.1488216Z Complete job name: Analyze (actions)
2025-12-25T03:08:06.2210101Z ##[group]Run actions/checkout@v4
2025-12-25T03:08:06.2211424Z with:
2025-12-25T03:08:06.2212200Z   repository: Boss-1s/scratchattach
2025-12-25T03:08:06.2213472Z   token: ***
2025-12-25T03:08:06.2214172Z   ssh-strict: true
2025-12-25T03:08:06.2214906Z   ssh-user: git
2025-12-25T03:08:06.2215675Z   persist-credentials: true
2025-12-25T03:08:06.2216521Z   clean: true
2025-12-25T03:08:06.2217273Z   sparse-checkout-cone-mode: true
2025-12-25T03:08:06.2218218Z   fetch-depth: 1
2025-12-25T03:08:06.2219205Z   fetch-tags: false
2025-12-25T03:08:06.2219971Z   show-progress: true
2025-12-25T03:08:06.2220735Z   lfs: false
2025-12-25T03:08:06.2221432Z   submodules: false
2025-12-25T03:08:06.2222215Z   set-safe-directory: true
2025-12-25T03:08:06.2223269Z env:
2025-12-25T03:08:06.2223991Z   CODE_SCANNING_REF: refs/pull/50/head
2025-12-25T03:08:06.2224973Z   CODE_SCANNING_BASE_BRANCH: main
2025-12-25T03:08:06.2226013Z   CODE_SCANNING_IS_ANALYZING_DEFAULT_BRANCH: false
2025-12-25T03:08:06.2227276Z   CODE_SCANNING_IS_STEADY_STATE_DEFAULT_SETUP: true
2025-12-25T03:08:06.2250777Z   CODE_SCANNING_WORKFLOW_FILE: H4sIAAAAAAAA/6RV32/bNhB+919x8AakfZDzsicBBaY4cuLNsFNJQZcVBUFTJ5mLTKr8kVTt8r8PFKVYWuM5Q/1kHj9+vLvv40nQPYYwncsc36+mE2VF4EM/f/sGJTc7u53hAwoz46K2Rs+YzJFoRoXgoiTKCuLw8PQ0kSKEvBF0z9lkguIhnADMN5cxSefRer1cX5EkXryaGAvH+W+GiyiNyUUSrefXr2XaUo1kq6hgu5cYlymJ1tHq7k+3uIwX0e0q+583cE2ooFXz1S1yLKitzH/fmGZxdHlH0izK4udL0zi7vQnBKIvfnfmwSX5frDYfyGK5il+b16NU90UlH0nBq1ahyV9yq50sPl10fwG83pEPwRvHvadG8S+ziorS0tKdfdtClRU6cDo7UKHk/rd0s37ToZUVAtVbXzJAjWrPteZSaH8PAGWmXYJCmncxJoVBYcbBmrJ7WuI4qJFZxU0TtCXrEB4VNzjpSbiwGEgRoFJShVDQSvtNbRQ1WDZ9FgXlVVBQbYYg6GruQQBcsMrmeAgABNB3JOxrGewCMHePVE0I58/Al3Bby6s82MscQxBS4GjTtzGEs49Tu7XC2KCiBrWZfjo7kkrdmJ0UJzN5AfZDiWiDdSdt0JlovkN2L60BhbXU3EjVdJRWOzW7ZpyzDvfrwy+TEcFScMNpxb8i+JE0Ou4tf+5c/rkKPNk5F7zl8cBHbnYHyVqfa66Dey5yHYI7GfTv4xnVd0h7X39v/slL/RpAD+EhOMcaRY6CNQGjbMdF6Q/5vs5QPHAlxR6FgXfv4MwXF+ykNpifDYk+W1TcZTedwk9w6QdMG21A2/4NdO+g4GUIfw+E7AZSoNHYOhwpLFU5DgC4IqrAvT8dwsdXDhovCGlPwdMTfBqQmp1CatrmVC1lt9srnrq0oFbySwOFVKCw5Nq4ejsSnod++7QVtKHKBC34mCMO9IQpzFE4u3XCa2QKjZ5dLbPr2wuSxFfLNEuWcUpuks0fd0NJDo/viGPGtr5BVUi17zztZ63m+nRF3aA+VNN9V/3PfSPer3x25HqTZl0d7mHO2jbMpDWtYO2KOHMNyxgR3GySkwS1VMcJ5hGZx0m2XCznURafomKUMFSGF9wNq6Okt8kqPUVlVaUPBGPBD5NwoFQfdIf+CQAA//+2RVGDAgkAAA==
2025-12-25T03:08:06.2273889Z ##[endgroup]
2025-12-25T03:08:06.3393421Z Syncing repository: Boss-1s/scratchattach
2025-12-25T03:08:06.3396259Z ##[group]Getting Git version info
2025-12-25T03:08:06.3397712Z Working directory is '/home/runner/work/scratchattach/scratchattach'
2025-12-25T03:08:06.3400067Z [command]/usr/bin/git version
2025-12-25T03:08:06.3463923Z git version 2.52.0
2025-12-25T03:08:06.3491978Z ##[endgroup]
2025-12-25T03:08:06.3514171Z Temporarily overriding HOME='/home/runner/work/_temp/53c3aed5-76dd-424b-a0bd-d35efeffbfd3' before making global git config changes
2025-12-25T03:08:06.3518737Z Adding repository directory to the temporary git global config as a safe directory
2025-12-25T03:08:06.3522882Z [command]/usr/bin/git config --global --add safe.directory /home/runner/work/scratchattach/scratchattach
2025-12-25T03:08:06.3560731Z Deleting the contents of '/home/runner/work/scratchattach/scratchattach'
2025-12-25T03:08:06.3564471Z ##[group]Initializing the repository
2025-12-25T03:08:06.3567586Z [command]/usr/bin/git init /home/runner/work/scratchattach/scratchattach
2025-12-25T03:08:06.3678487Z hint: Using 'master' as the name for the initial branch. This default branch name
2025-12-25T03:08:06.3683217Z hint: will change to "main" in Git 3.0. To configure the initial branch name
2025-12-25T03:08:06.3685930Z hint: to use in all of your new repositories, which will suppress this warning,
2025-12-25T03:08:06.3688196Z hint: call:
2025-12-25T03:08:06.3689652Z hint:
2025-12-25T03:08:06.3690960Z hint: 	git config --global init.defaultBranch <name>
2025-12-25T03:08:06.3692659Z hint:
2025-12-25T03:08:06.3694239Z hint: Names commonly chosen instead of 'master' are 'main', 'trunk' and
2025-12-25T03:08:06.3697179Z hint: 'development'. The just-created branch can be renamed via this command:
2025-12-25T03:08:06.3699094Z hint:
2025-12-25T03:08:06.3699978Z hint: 	git branch -m <name>
2025-12-25T03:08:06.3700919Z hint:
2025-12-25T03:08:06.3702184Z hint: Disable this message with "git config set advice.defaultBranchName false"
2025-12-25T03:08:06.3704441Z Initialized empty Git repository in /home/runner/work/scratchattach/scratchattach/.git/
2025-12-25T03:08:06.3707802Z [command]/usr/bin/git remote add origin https://github.com/Boss-1s/scratchattach
2025-12-25T03:08:06.3731537Z ##[endgroup]
2025-12-25T03:08:06.3732980Z ##[group]Disabling automatic garbage collection
2025-12-25T03:08:06.3735201Z [command]/usr/bin/git config --local gc.auto 0
2025-12-25T03:08:06.3766958Z ##[endgroup]
2025-12-25T03:08:06.3769913Z ##[group]Setting up auth
2025-12-25T03:08:06.3775571Z [command]/usr/bin/git config --local --name-only --get-regexp core\.sshCommand
2025-12-25T03:08:06.3809063Z [command]/usr/bin/git submodule foreach --recursive sh -c "git config --local --name-only --get-regexp 'core\.sshCommand' && git config --local --unset-all 'core.sshCommand' || :"
2025-12-25T03:08:06.4177765Z [command]/usr/bin/git config --local --name-only --get-regexp http\.https\:\/\/github\.com\/\.extraheader
2025-12-25T03:08:06.4214529Z [command]/usr/bin/git submodule foreach --recursive sh -c "git config --local --name-only --get-regexp 'http\.https\:\/\/github\.com\/\.extraheader' && git config --local --unset-all 'http.https://github.com/.extraheader' || :"
2025-12-25T03:08:06.4447281Z [command]/usr/bin/git config --local --name-only --get-regexp ^includeIf\.gitdir:
2025-12-25T03:08:06.4483252Z [command]/usr/bin/git submodule foreach --recursive git config --local --show-origin --name-only --get-regexp remote.origin.url
2025-12-25T03:08:06.4720053Z [command]/usr/bin/git config --local http.https://github.com/.extraheader AUTHORIZATION: basic ***
2025-12-25T03:08:06.4756301Z ##[endgroup]
2025-12-25T03:08:06.4758872Z ##[group]Fetching the repository
2025-12-25T03:08:06.4768690Z [command]/usr/bin/git -c protocol.version=2 fetch --no-tags --prune --no-recurse-submodules --depth=1 origin +ec7eb352690c3ffb30aad65d4df68e4f3edb853f:refs/remotes/pull/50/head
2025-12-25T03:08:09.1032170Z From https://github.com/Boss-1s/scratchattach
2025-12-25T03:08:09.1034089Z  * [new ref]         ec7eb352690c3ffb30aad65d4df68e4f3edb853f -> pull/50/head
2025-12-25T03:08:09.1075242Z ##[endgroup]
2025-12-25T03:08:09.1076298Z ##[group]Determining the checkout info
2025-12-25T03:08:09.1079552Z ##[endgroup]
2025-12-25T03:08:09.1085227Z [command]/usr/bin/git sparse-checkout disable
2025-12-25T03:08:09.1129358Z [command]/usr/bin/git config --local --unset-all extensions.worktreeConfig
2025-12-25T03:08:09.1156391Z ##[group]Checking out the ref
2025-12-25T03:08:09.1162207Z [command]/usr/bin/git checkout --progress --force refs/remotes/pull/50/head
2025-12-25T03:08:09.7648733Z Note: switching to 'refs/remotes/pull/50/head'.
2025-12-25T03:08:09.7649416Z 
2025-12-25T03:08:09.7649875Z You are in 'detached HEAD' state. You can look around, make experimental
2025-12-25T03:08:09.7650860Z changes and commit them, and you can discard any commits you make in this
2025-12-25T03:08:09.7651764Z state without impacting any branches by switching back to a branch.
2025-12-25T03:08:09.7652378Z 
2025-12-25T03:08:09.7652756Z If you want to create a new branch to retain commits you create, you may
2025-12-25T03:08:09.7653918Z do so (now or later) by using -c with the switch command. Example:
2025-12-25T03:08:09.7654718Z 
2025-12-25T03:08:09.7654907Z   git switch -c <new-branch-name>
2025-12-25T03:08:09.7655228Z 
2025-12-25T03:08:09.7655423Z Or undo this operation with:
2025-12-25T03:08:09.7655723Z 
2025-12-25T03:08:09.7655869Z   git switch -
2025-12-25T03:08:09.7656115Z 
2025-12-25T03:08:09.7656517Z Turn off this advice by setting config variable advice.detachedHead to false
2025-12-25T03:08:09.7657099Z 
2025-12-25T03:08:09.7657355Z HEAD is now at ec7eb35 [BOT] Update file from workflow
2025-12-25T03:08:09.7714696Z ##[endgroup]
2025-12-25T03:08:09.7762350Z [command]/usr/bin/git log -1 --format=%H
2025-12-25T03:08:09.7785744Z ec7eb352690c3ffb30aad65d4df68e4f3edb853f
2025-12-25T03:08:09.8075700Z ##[group]Run github/codeql-action/init@v4
2025-12-25T03:08:09.8076027Z with:
2025-12-25T03:08:09.8076246Z   analysis-kinds: code-scanning
2025-12-25T03:08:09.8076503Z   languages: actions
2025-12-25T03:08:09.8076717Z   build-mode: none
2025-12-25T03:08:09.8076923Z   dependency-caching: true
2025-12-25T03:08:09.8077280Z   config: default-setup:
  org:
    model-packs: [  ]
threat-models: [  ]

2025-12-25T03:08:09.8077808Z   token: ***
2025-12-25T03:08:09.8078270Z   matrix: {
  "language": "actions",
  "category": "/language:actions",
  "build-mode": "none",
  "runner": "[\"ubuntu-latest\"]"
}
2025-12-25T03:08:09.8079109Z   debug: false
2025-12-25T03:08:09.8079309Z env:
2025-12-25T03:08:09.8079505Z   CODE_SCANNING_REF: refs/pull/50/head
2025-12-25T03:08:09.8079777Z   CODE_SCANNING_BASE_BRANCH: main
2025-12-25T03:08:09.8080068Z   CODE_SCANNING_IS_ANALYZING_DEFAULT_BRANCH: false
2025-12-25T03:08:09.8080406Z   CODE_SCANNING_IS_STEADY_STATE_DEFAULT_SETUP: true
2025-12-25T03:08:09.8087521Z   CODE_SCANNING_WORKFLOW_FILE: H4sIAAAAAAAA/6RV32/bNhB+919x8AakfZDzsicBBaY4cuLNsFNJQZcVBUFTJ5mLTKr8kVTt8r8PFKVYWuM5Q/1kHj9+vLvv40nQPYYwncsc36+mE2VF4EM/f/sGJTc7u53hAwoz46K2Rs+YzJFoRoXgoiTKCuLw8PQ0kSKEvBF0z9lkguIhnADMN5cxSefRer1cX5EkXryaGAvH+W+GiyiNyUUSrefXr2XaUo1kq6hgu5cYlymJ1tHq7k+3uIwX0e0q+583cE2ooFXz1S1yLKitzH/fmGZxdHlH0izK4udL0zi7vQnBKIvfnfmwSX5frDYfyGK5il+b16NU90UlH0nBq1ahyV9yq50sPl10fwG83pEPwRvHvadG8S+ziorS0tKdfdtClRU6cDo7UKHk/rd0s37ToZUVAtVbXzJAjWrPteZSaH8PAGWmXYJCmncxJoVBYcbBmrJ7WuI4qJFZxU0TtCXrEB4VNzjpSbiwGEgRoFJShVDQSvtNbRQ1WDZ9FgXlVVBQbYYg6GruQQBcsMrmeAgABNB3JOxrGewCMHePVE0I58/Al3Bby6s82MscQxBS4GjTtzGEs49Tu7XC2KCiBrWZfjo7kkrdmJ0UJzN5AfZDiWiDdSdt0JlovkN2L60BhbXU3EjVdJRWOzW7ZpyzDvfrwy+TEcFScMNpxb8i+JE0Ou4tf+5c/rkKPNk5F7zl8cBHbnYHyVqfa66Dey5yHYI7GfTv4xnVd0h7X39v/slL/RpAD+EhOMcaRY6CNQGjbMdF6Q/5vs5QPHAlxR6FgXfv4MwXF+ykNpifDYk+W1TcZTedwk9w6QdMG21A2/4NdO+g4GUIfw+E7AZSoNHYOhwpLFU5DgC4IqrAvT8dwsdXDhovCGlPwdMTfBqQmp1CatrmVC1lt9srnrq0oFbySwOFVKCw5Nq4ejsSnod++7QVtKHKBC34mCMO9IQpzFE4u3XCa2QKjZ5dLbPr2wuSxFfLNEuWcUpuks0fd0NJDo/viGPGtr5BVUi17zztZ63m+nRF3aA+VNN9V/3PfSPer3x25HqTZl0d7mHO2jbMpDWtYO2KOHMNyxgR3GySkwS1VMcJ5hGZx0m2XCznURafomKUMFSGF9wNq6Okt8kqPUVlVaUPBGPBD5NwoFQfdIf+CQAA//+2RVGDAgkAAA==
2025-12-25T03:08:09.8094900Z ##[endgroup]
2025-12-25T03:08:10.2669306Z Job run UUID is 80047975-356e-423a-9586-49d9bfab7571.
2025-12-25T03:08:10.6674525Z ##[group]Setup CodeQL tools
2025-12-25T03:08:10.6739304Z [command]/usr/bin/tar --version
2025-12-25T03:08:10.6789135Z tar (GNU tar) 1.35
2025-12-25T03:08:10.6789732Z Copyright (C) 2023 Free Software Foundation, Inc.
2025-12-25T03:08:10.6790512Z License GPLv3+: GNU GPL version 3 or later <https://gnu.org/licenses/gpl.html>.
2025-12-25T03:08:10.6791324Z This is free software: you are free to change and redistribute it.
2025-12-25T03:08:10.6791972Z There is NO WARRANTY, to the extent permitted by law.
2025-12-25T03:08:10.6792340Z 
2025-12-25T03:08:10.6792515Z Written by John Gilmore and Jay Fenlason.
2025-12-25T03:08:10.6801026Z Found gnu tar version 1.35.
2025-12-25T03:08:10.7065083Z Found CodeQL tools version 2.23.8 in the toolcache.
2025-12-25T03:08:10.7066598Z Using CodeQL CLI version 2.23.8 from toolcache at /opt/hostedtoolcache/CodeQL/2.23.8/x64
2025-12-25T03:08:13.6316443Z [command]/opt/hostedtoolcache/CodeQL/2.23.8/x64/codeql/codeql version --format=json
2025-12-25T03:08:14.2666004Z {
2025-12-25T03:08:14.2666418Z   "productName" : "CodeQL",
2025-12-25T03:08:14.2666847Z   "vendor" : "GitHub",
2025-12-25T03:08:14.2667206Z   "version" : "2.23.8",
2025-12-25T03:08:14.2667635Z   "sha" : "d1011989dbb0da337606a511d9a16ba52ef49122",
2025-12-25T03:08:14.2668128Z   "branches" : [
2025-12-25T03:08:14.2668471Z     "codeql-cli-2.23.8"
2025-12-25T03:08:14.2669007Z   ],
2025-12-25T03:08:14.2669357Z   "copyright" : "Copyright (C) 2019-2025 GitHub, Inc.",
2025-12-25T03:08:14.2670010Z   "unpackedLocation" : "/opt/hostedtoolcache/CodeQL/2.23.8/x64/codeql",
2025-12-25T03:08:14.2670639Z   "configFileLocation" : "/home/runner/.config/codeql/config",
2025-12-25T03:08:14.2671649Z   "configFileFound" : false,
2025-12-25T03:08:14.2672034Z   "overlayVersion" : 4,
2025-12-25T03:08:14.2672388Z   "features" : {
2025-12-25T03:08:14.2672760Z     "analysisSummaryV2Default" : true,
2025-12-25T03:08:14.2673235Z     "buildModeOption" : true,
2025-12-25T03:08:14.2673695Z     "bundleSupportsIncludeDiagnostics" : true,
2025-12-25T03:08:14.2674207Z     "bundleSupportsIncludeLogs" : true,
2025-12-25T03:08:14.2674828Z     "databaseInterpretResultsSupportsSarifRunProperty" : true,
2025-12-25T03:08:14.2675380Z     "featuresInVersionResult" : true,
2025-12-25T03:08:14.2675900Z     "indirectTracingSupportsStaticBinaries" : false,
2025-12-25T03:08:14.2676490Z     "informsAboutUnsupportedPathFilters" : true,
2025-12-25T03:08:14.2677000Z     "supportsPython312" : true,
2025-12-25T03:08:14.2677408Z     "mrvaPackCreate" : true,
2025-12-25T03:08:14.2677829Z     "threatModelOption" : true,
2025-12-25T03:08:14.2678269Z     "traceCommandUseBuildMode" : true,
2025-12-25T03:08:14.2678915Z     "v2ramSizing" : true,
2025-12-25T03:08:14.2679341Z     "mrvaPackCreateMultipleQueries" : true,
2025-12-25T03:08:14.2679967Z     "setsCodeqlRunnerEnvVar" : true,
2025-12-25T03:08:14.2680444Z     "sarifMergeRunsFromEqualCategory" : true,
2025-12-25T03:08:14.2680916Z     "forceOverwrite" : true,
2025-12-25T03:08:14.2681345Z     "generateSummarySymbolMap" : true,
2025-12-25T03:08:14.2681794Z     "pythonDefaultIsToNotExtractStdlib" : true,
2025-12-25T03:08:14.2682243Z     "queryServerRunQueries" : true,
2025-12-25T03:08:14.2682713Z     "queryServerTrimCacheWithMode" : true,
2025-12-25T03:08:14.2683215Z     "builtinExtractorsSpecifyDefaultQueries" : true,
2025-12-25T03:08:14.2683789Z     "bqrsDiffResultSets" : true
2025-12-25T03:08:14.2684174Z   }
2025-12-25T03:08:14.2684423Z }
2025-12-25T03:08:14.2805878Z ##[endgroup]
2025-12-25T03:08:14.2810668Z ##[group]Load language configuration
2025-12-25T03:08:14.2846415Z [command]/opt/hostedtoolcache/CodeQL/2.23.8/x64/codeql/codeql resolve languages --format=betterjson --extractor-options-verbosity=4 --extractor-include-aliases --filter-to-languages-with-queries
2025-12-25T03:08:15.8270646Z {
2025-12-25T03:08:15.8271323Z   "aliases" : {
2025-12-25T03:08:15.8271689Z     "c" : "cpp",
2025-12-25T03:08:15.8271990Z     "c++" : "cpp",
2025-12-25T03:08:15.8272308Z     "c-c++" : "cpp",
2025-12-25T03:08:15.8272666Z     "c-cpp" : "cpp",
2025-12-25T03:08:15.8272996Z     "c#" : "csharp",
2025-12-25T03:08:15.8273306Z     "java-kotlin" : "java",
2025-12-25T03:08:15.8273650Z     "kotlin" : "java",
2025-12-25T03:08:15.8273962Z     "javascript-typescript" : "javascript",
2025-12-25T03:08:15.8274354Z     "typescript" : "javascript"
2025-12-25T03:08:15.8274677Z   },
2025-12-25T03:08:15.8274924Z   "extractors" : {
2025-12-25T03:08:15.8275237Z     "rust" : [
2025-12-25T03:08:15.8275492Z       {
2025-12-25T03:08:15.8275895Z         "extractor_root" : "/opt/hostedtoolcache/CodeQL/2.23.8/x64/codeql/rust",
2025-12-25T03:08:15.8276412Z         "extractor_options" : {
2025-12-25T03:08:15.8276774Z           "trap" : {
2025-12-25T03:08:15.8277109Z             "title" : "Options pertaining to TRAP.",
2025-12-25T03:08:15.8277646Z             "description" : "Options pertaining to TRAP.",
2025-12-25T03:08:15.8277964Z             "type" : "object",
2025-12-25T03:08:15.8278392Z             "properties" : {
2025-12-25T03:08:15.8278961Z               "compression" : {
2025-12-25T03:08:15.8279342Z                 "title" : "Controls compression for the TRAP files written by the extractor.",
2025-12-25T03:08:15.8280456Z                 "description" : "This option is only intended for use in debugging the extractor. Accepted values are 'gzip' (to write gzip-compressed TRAP) 'zstd' (to write Zstandard-compressed TRAP) and 'none' (the default, to write uncompressed TRAP).\n",
2025-12-25T03:08:15.8281695Z                 "type" : "string",
2025-12-25T03:08:15.8282260Z                 "pattern" : "^(none|gzip|zstd)$"
2025-12-25T03:08:15.8282751Z               }
2025-12-25T03:08:15.8283084Z             }
2025-12-25T03:08:15.8283380Z           },
2025-12-25T03:08:15.8284120Z           "cargo_target_dir" : {
2025-12-25T03:08:15.8284654Z             "title" : "Directory to use for cargo output files.",
2025-12-25T03:08:15.8286620Z             "description" : "This value is an optional path to use as `CARGO_TARGET_DIR` for the internal cargo commands the extractor uses. Pointing it to a persistent directory may reduce execution time of consecutive extractor runs. By default, a new scratch directory is used for each run.\n",
2025-12-25T03:08:15.8289129Z             "type" : "string"
2025-12-25T03:08:15.8289547Z           },
2025-12-25T03:08:15.8289897Z           "cargo_target" : {
2025-12-25T03:08:15.8290316Z             "title" : "Target architecture",
2025-12-25T03:08:15.8291393Z             "description" : "Target architecture to use for analysis, analogous to `cargo --target`. By default the host architecture is used.\n",
2025-12-25T03:08:15.8292443Z             "type" : "string"
2025-12-25T03:08:15.8292846Z           },
2025-12-25T03:08:15.8293200Z           "cargo_features" : {
2025-12-25T03:08:15.8293657Z             "title" : "Cargo features to turn on",
2025-12-25T03:08:15.8295656Z             "description" : "Comma-separated list of features to turn on. By default all features are enabled. If any features are specified, then only those features are enabled. The `default` feature must be explicitly specified if only default features are desired. Can be repeated.\n",
2025-12-25T03:08:15.8297692Z             "type" : "array"
2025-12-25T03:08:15.8298094Z           },
2025-12-25T03:08:15.8298458Z           "cargo_cfg_overrides" : {
2025-12-25T03:08:15.8299151Z             "title" : "Cargo cfg overrides",
2025-12-25T03:08:15.8300181Z             "description" : "Comma-separated list of cfg settings to enable, or disable if prefixed with `-`. Can be repeated.\n",
2025-12-25T03:08:15.8301206Z             "type" : "array"
2025-12-25T03:08:15.8301607Z           },
2025-12-25T03:08:15.8301930Z           "logging" : {
2025-12-25T03:08:15.8302689Z             "title" : "Options pertaining to logging.",
2025-12-25T03:08:15.8303283Z             "description" : "Options pertaining to logging.",
2025-12-25T03:08:15.8303793Z             "type" : "object",
2025-12-25T03:08:15.8304199Z             "properties" : {
2025-12-25T03:08:15.8304590Z               "verbosity" : {
2025-12-25T03:08:15.8305050Z                 "title" : "Extractor logging verbosity level.",
2025-12-25T03:08:15.8306724Z                 "description" : "Controls the level of verbosity of the extractor. The supported levels are (in order of increasing verbosity):\n  - off\n  - errors\n  - warnings\n  - info or progress\n  - debug or progress+\n  - trace or progress++\n  - progress+++\n",
2025-12-25T03:08:15.8308354Z                 "type" : "string",
2025-12-25T03:08:15.8309396Z                 "pattern" : "^(off|errors|warnings|(info|progress)|(debug|progress\\+)|(trace|progress\\+\\+)|progress\\+\\+\\+)$"
2025-12-25T03:08:15.8310238Z               },
2025-12-25T03:08:15.8310603Z               "flamegraph" : {
2025-12-25T03:08:15.8311174Z                 "title" : "[Experimental] File path for write flame graph log",
2025-12-25T03:08:15.8312738Z                 "description" : "Collect flame graph data using the `tracing-flame` crate. To render a flame graph or chart, run the `inferno-flamegraph` command. See also: https://crates.io/crates/tracing-flame\n",
2025-12-25T03:08:15.8314110Z                 "type" : "string"
2025-12-25T03:08:15.8314532Z               }
2025-12-25T03:08:15.8314941Z             }
2025-12-25T03:08:15.8315325Z           },
2025-12-25T03:08:15.8315665Z           "extract_dependencies_as_source" : {
2025-12-25T03:08:15.8316207Z             "title" : "Extract dependencies as source code",
2025-12-25T03:08:15.8317134Z             "description" : "Extract the full source code of dependencies instead of only extracting signatures.\n",
2025-12-25T03:08:15.8317990Z             "type" : "string",
2025-12-25T03:08:15.8318425Z             "pattern" : "^(false|true)$"
2025-12-25T03:08:15.8319051Z           }
2025-12-25T03:08:15.8319563Z         }
2025-12-25T03:08:15.8319850Z       }
2025-12-25T03:08:15.8320131Z     ],
2025-12-25T03:08:15.8320421Z     "python" : [
2025-12-25T03:08:15.8320753Z       {
2025-12-25T03:08:15.8321258Z         "extractor_root" : "/opt/hostedtoolcache/CodeQL/2.23.8/x64/codeql/python",
2025-12-25T03:08:15.8322064Z         "extractor_options" : {
2025-12-25T03:08:15.8322462Z           "logging" : {
2025-12-25T03:08:15.8322867Z             "title" : "Options pertaining to logging.",
2025-12-25T03:08:15.8323462Z             "description" : "Options pertaining to logging.",
2025-12-25T03:08:15.8323993Z             "type" : "object",
2025-12-25T03:08:15.8324380Z             "properties" : {
2025-12-25T03:08:15.8324748Z               "verbosity" : {
2025-12-25T03:08:15.8325219Z                 "title" : "Python extractor logging verbosity level.",
2025-12-25T03:08:15.8326976Z                 "description" : "Controls the level of verbosity of the CodeQL Python extractor.\nThe supported levels are (in order of increasing verbosity):\n\n  - off\n  - errors\n  - warnings\n  - info or progress\n  - debug or progress+\n  - trace or progress++\n  - progress+++\n",
2025-12-25T03:08:15.8328914Z                 "type" : "string",
2025-12-25T03:08:15.8329764Z                 "pattern" : "^(off|errors|warnings|(info|progress)|(debug|progress\\+)|(trace|progress\\+\\+)|progress\\+\\+\\+)$"
2025-12-25T03:08:15.8330631Z               }
2025-12-25T03:08:15.8330943Z             }
2025-12-25T03:08:15.8331246Z           },
2025-12-25T03:08:15.8331591Z           "python_executable_name" : {
2025-12-25T03:08:15.8332301Z             "title" : "Controls the name of the Python executable used by the Python extractor.",
2025-12-25T03:08:15.8334834Z             "description" : "The Python extractor uses platform-dependent heuristics to determine the name of the Python executable to use. Specifying a value for this option overrides the name of the Python executable used by the extractor. Accepted values are py, python and python3. Use this setting with caution, the Python extractor requires Python 3 to run.\n",
2025-12-25T03:08:15.8337009Z             "type" : "string",
2025-12-25T03:08:15.8337254Z             "pattern" : "^(py|python|python3)$"
2025-12-25T03:08:15.8337507Z           }
2025-12-25T03:08:15.8337711Z         }
2025-12-25T03:08:15.8337869Z       }
2025-12-25T03:08:15.8338012Z     ],
2025-12-25T03:08:15.8338169Z     "cpp" : [
2025-12-25T03:08:15.8338335Z       {
2025-12-25T03:08:15.8338861Z         "extractor_root" : "/opt/hostedtoolcache/CodeQL/2.23.8/x64/codeql/cpp",
2025-12-25T03:08:15.8339226Z         "extractor_options" : {
2025-12-25T03:08:15.8339434Z           "trap" : {
2025-12-25T03:08:15.8339630Z             "title" : "TRAP options",
2025-12-25T03:08:15.8339955Z             "description" : "Options about how the extractor handles TRAP files",
2025-12-25T03:08:15.8340283Z             "type" : "object",
2025-12-25T03:08:15.8340485Z             "visibility" : 3,
2025-12-25T03:08:15.8340807Z             "properties" : {
2025-12-25T03:08:15.8341016Z               "cache" : {
2025-12-25T03:08:15.8341236Z                 "title" : "TRAP cache options",
2025-12-25T03:08:15.8341599Z                 "description" : "Options about how the extractor handles its TRAP cache",
2025-12-25T03:08:15.8341961Z                 "type" : "object",
2025-12-25T03:08:15.8342190Z                 "properties" : {
2025-12-25T03:08:15.8342404Z                   "dir" : {
2025-12-25T03:08:15.8342628Z                     "title" : "TRAP cache directory",
2025-12-25T03:08:15.8342947Z                     "description" : "The directory of the TRAP cache to use",
2025-12-25T03:08:15.8343256Z                     "type" : "string"
2025-12-25T03:08:15.8343481Z                   },
2025-12-25T03:08:15.8343660Z                   "bound" : {
2025-12-25T03:08:15.8343881Z                     "title" : "TRAP cache bound",
2025-12-25T03:08:15.8344214Z                     "description" : "A soft limit (in MB) on the size of the TRAP cache",
2025-12-25T03:08:15.8344718Z                     "type" : "string",
2025-12-25T03:08:15.8344960Z                     "pattern" : "[0-9]+"
2025-12-25T03:08:15.8345192Z                   },
2025-12-25T03:08:15.8345367Z                   "write" : {
2025-12-25T03:08:15.8345594Z                     "title" : "TRAP cache writeable",
2025-12-25T03:08:15.8345964Z                     "description" : "Whether to write to the TRAP cache as well as reading it",
2025-12-25T03:08:15.8346319Z                     "type" : "string",
2025-12-25T03:08:15.8346571Z                     "pattern" : "(true|TRUE|false|FALSE)"
2025-12-25T03:08:15.8346815Z                   }
2025-12-25T03:08:15.8346988Z                 }
2025-12-25T03:08:15.8347152Z               }
2025-12-25T03:08:15.8347316Z             }
2025-12-25T03:08:15.8347470Z           },
2025-12-25T03:08:15.8347644Z           "scale_timeouts" : {
2025-12-25T03:08:15.8347930Z             "title" : "Value to scale compiler introspection timeouts with",
2025-12-25T03:08:15.8349677Z             "description" : "The extractor attempts to determine what compiler the source code being extracted is compiled with. To this end the extractor makes additional calls to the compiler, some of which are expected to return within a certain fixed time (either 10s or 15s). On some systems that are under high load this time might be too short, and can be scaled up using this option.\n",
2025-12-25T03:08:15.8351182Z             "type" : "string",
2025-12-25T03:08:15.8351400Z             "pattern" : "[0-9]+"
2025-12-25T03:08:15.8351615Z           },
2025-12-25T03:08:15.8351795Z           "log_verbosity" : {
2025-12-25T03:08:15.8352051Z             "title" : "Verbosity of the extractor logging",
2025-12-25T03:08:15.8352632Z             "description" : "Set the verbosity of the extractor logging to 'quiet' (0), 'normal' (1), 'chatty' (2), or 'noisy' (3). The default is 'normal'.\n",
2025-12-25T03:08:15.8353162Z             "type" : "string",
2025-12-25T03:08:15.8353608Z             "pattern" : "[0-3]"
2025-12-25T03:08:15.8353811Z           },
2025-12-25T03:08:15.8353987Z           "frontend_options" : {
2025-12-25T03:08:15.8354233Z             "title" : "C/C++ extractor frontend options",
2025-12-25T03:08:15.8354705Z             "description" : "Set additional options that should be passed to the C/C++ extractor frontend.\n",
2025-12-25T03:08:15.8355147Z             "type" : "array",
2025-12-25T03:08:15.8355359Z             "visibility" : 3
2025-12-25T03:08:15.8355559Z           }
2025-12-25T03:08:15.8355711Z         }
2025-12-25T03:08:15.8355867Z       }
2025-12-25T03:08:15.8356014Z     ],
2025-12-25T03:08:15.8356177Z     "csharp" : [
2025-12-25T03:08:15.8356377Z       {
2025-12-25T03:08:15.8356660Z         "extractor_root" : "/opt/hostedtoolcache/CodeQL/2.23.8/x64/codeql/csharp",
2025-12-25T03:08:15.8357028Z         "extractor_options" : {
2025-12-25T03:08:15.8357262Z           "trap" : {
2025-12-25T03:08:15.8357474Z             "title" : "Options pertaining to TRAP.",
2025-12-25T03:08:15.8357796Z             "description" : "Options pertaining to TRAP.",
2025-12-25T03:08:15.8358076Z             "type" : "object",
2025-12-25T03:08:15.8358285Z             "properties" : {
2025-12-25T03:08:15.8358710Z               "compression" : {
2025-12-25T03:08:15.8359090Z                 "title" : "Controls compression for the TRAP files written by the extractor.",
2025-12-25T03:08:15.8360001Z                 "description" : "This option is only intended for use in debugging the extractor. Accepted values are 'brotli' (the default, to write brotli-compressed TRAP), 'gzip', and 'none' (to write uncompressed TRAP).\n",
2025-12-25T03:08:15.8360778Z                 "type" : "string",
2025-12-25T03:08:15.8361021Z                 "pattern" : "^(none|gzip|brotli)$"
2025-12-25T03:08:15.8361270Z               }
2025-12-25T03:08:15.8361435Z             }
2025-12-25T03:08:15.8361597Z           },
2025-12-25T03:08:15.8361762Z           "buildless" : {
2025-12-25T03:08:15.8362227Z             "title" : "DEPRECATED - Whether to use buildless (standalone) extraction.",
2025-12-25T03:08:15.8364269Z             "description" : "DEPRECATED: Use `--build-mode none` instead.\nA value indicating, which type of extraction the autobuilder should perform. If 'true', then the standalone extractor will be used, otherwise tracing extraction will be performed. The default is 'false'. Note that buildless extraction will generally yield less accurate analysis results, and should only be used in cases where it is not possible to build the code (for example if it uses inaccessible dependencies).\n",
2025-12-25T03:08:15.8366694Z             "type" : "string",
2025-12-25T03:08:15.8367027Z             "pattern" : "^(false|true)$"
2025-12-25T03:08:15.8367396Z           },
2025-12-25T03:08:15.8367641Z           "logging" : {
2025-12-25T03:08:15.8367981Z             "title" : "Options pertaining to logging.",
2025-12-25T03:08:15.8368447Z             "description" : "Options pertaining to logging.",
2025-12-25T03:08:15.8369057Z             "type" : "object",
2025-12-25T03:08:15.8369380Z             "properties" : {
2025-12-25T03:08:15.8369711Z               "verbosity" : {
2025-12-25T03:08:15.8370100Z                 "title" : "Extractor logging verbosity level.",
2025-12-25T03:08:15.8371552Z                 "description" : "Controls the level of verbosity of the extractor. The supported levels are (in order of increasing verbosity):\n  - off\n  - errors\n  - warnings\n  - info or progress\n  - debug or progress+\n  - trace or progress++\n  - progress+++\n",
2025-12-25T03:08:15.8372875Z                 "type" : "string",
2025-12-25T03:08:15.8373573Z                 "pattern" : "^(off|errors|warnings|(info|progress)|(debug|progress\\+)|(trace|progress\\+\\+)|progress\\+\\+\\+)$"
2025-12-25T03:08:15.8374329Z               }
2025-12-25T03:08:15.8374596Z             }
2025-12-25T03:08:15.8374846Z           },
2025-12-25T03:08:15.8375109Z           "binlog" : {
2025-12-25T03:08:15.8375412Z             "title" : "Binlog",
2025-12-25T03:08:15.8376602Z             "description" : "[EXPERIMENTAL] The value is a path to the MsBuild binary log file that should be extracted. This option only works when `--build-mode none` is also specified.\n",
2025-12-25T03:08:15.8377622Z             "type" : "array"
2025-12-25T03:08:15.8377914Z           },
2025-12-25T03:08:15.8378186Z           "buildless_dependency_dir" : {
2025-12-25T03:08:15.8378913Z             "title" : "The path where buildless (standalone) extraction should keep dependencies.",
2025-12-25T03:08:15.8379821Z             "description" : "If set, the buildless (standalone) extractor will store dependencies in this directory.\n",
2025-12-25T03:08:15.8380496Z             "type" : "string"
2025-12-25T03:08:15.8380789Z           }
2025-12-25T03:08:15.8381021Z         }
2025-12-25T03:08:15.8381245Z       }
2025-12-25T03:08:15.8381472Z     ],
2025-12-25T03:08:15.8381703Z     "java" : [
2025-12-25T03:08:15.8381972Z       {
2025-12-25T03:08:15.8382390Z         "extractor_root" : "/opt/hostedtoolcache/CodeQL/2.23.8/x64/codeql/java",
2025-12-25T03:08:15.8382935Z         "extractor_options" : {
2025-12-25T03:08:15.8383278Z           "exclude" : {
2025-12-25T03:08:15.8383624Z             "title" : "A glob excluding files from analysis.",
2025-12-25T03:08:15.8384688Z             "description" : "A glob indicating what files to exclude from the analysis. This accepts glob patterns that are supported by Java's 'getPathMatcher' implementation.\n",
2025-12-25T03:08:15.8385742Z             "type" : "string"
2025-12-25T03:08:15.8386088Z           },
2025-12-25T03:08:15.8386381Z           "add_prefer_source" : {
2025-12-25T03:08:15.8386923Z             "title" : "Whether to always prefer source files over class files.",
2025-12-25T03:08:15.8388924Z             "description" : "A value indicating whether source files should be preferred over class files. If set to 'true', the extraction adds '-Xprefer:source' to the javac command line. If set to 'false', the extraction uses the default javac behavior ('-Xprefer:newer'). The default is 'true'.\n",
2025-12-25T03:08:15.8390774Z             "type" : "string",
2025-12-25T03:08:15.8391152Z             "pattern" : "^(false|true)$"
2025-12-25T03:08:15.8391504Z           },
2025-12-25T03:08:15.8391793Z           "buildless" : {
2025-12-25T03:08:15.8392320Z             "title" : "Whether to use buildless (standalone) extraction (experimental).",
2025-12-25T03:08:15.8395115Z             "description" : "A value indicating, which type of extraction the autobuilder should perform. If 'true', then the standalone extractor will be used, otherwise tracing extraction will be performed. The default is 'false'. Note that buildless extraction will generally yield less accurate analysis results, and should only be used in cases where it is not possible to build the code (for example if it uses inaccessible dependencies).\n",
2025-12-25T03:08:15.8397711Z             "type" : "string",
2025-12-25T03:08:15.8398084Z             "pattern" : "^(false|true)$"
2025-12-25T03:08:15.8398625Z           },
2025-12-25T03:08:15.8398945Z           "buildless_dependency_dir" : {
2025-12-25T03:08:15.8399631Z             "title" : "The path where buildless (standalone) extraction should keep dependencies.",
2025-12-25T03:08:15.8400677Z             "description" : "If set, the buildless (standalone) extractor will store dependencies in this directory.\n",
2025-12-25T03:08:15.8401461Z             "type" : "string"
2025-12-25T03:08:15.8401816Z           },
2025-12-25T03:08:15.8402135Z           "minimize_dependency_jars" : {
2025-12-25T03:08:15.8402814Z             "title" : "Whether to rewrite and minimize downloaded JAR dependencies (experimental).",
2025-12-25T03:08:15.8404136Z             "description" : "If 'true', JAR dependencies downloaded during extraction will be rewritten to remove unneeded data, such as method bodies. The default is 'false'.\n",
2025-12-25T03:08:15.8405206Z             "type" : "string",
2025-12-25T03:08:15.8405567Z             "pattern" : "^(false|true)$"
2025-12-25T03:08:15.8406089Z           }
2025-12-25T03:08:15.8406354Z         }
2025-12-25T03:08:15.8406614Z       }
2025-12-25T03:08:15.8406863Z     ],
2025-12-25T03:08:15.8407113Z     "go" : [
2025-12-25T03:08:15.8407373Z       {
2025-12-25T03:08:15.8407772Z         "extractor_root" : "/opt/hostedtoolcache/CodeQL/2.23.8/x64/codeql/go",
2025-12-25T03:08:15.8408292Z         "extractor_options" : {
2025-12-25T03:08:15.8408765Z           "extract_tests" : {
2025-12-25T03:08:15.8409280Z             "title" : "Whether to include Go test files in the CodeQL database.",
2025-12-25T03:08:15.8410294Z             "description" : "A value indicating whether Go test files should be included in the CodeQL database. The default is 'false'.\n",
2025-12-25T03:08:15.8411158Z             "type" : "string",
2025-12-25T03:08:15.8411520Z             "pattern" : "^(false|true)$"
2025-12-25T03:08:15.8411897Z           },
2025-12-25T03:08:15.8412190Z           "extract_vendor_dirs" : {
2025-12-25T03:08:15.8412739Z             "title" : "Whether to include Go vendor directories in the CodeQL database.",
2025-12-25T03:08:15.8413833Z             "description" : "A value indicating whether Go vendor directories should be included in the CodeQL database. The default is 'false'.\n",
2025-12-25T03:08:15.8414729Z             "type" : "string",
2025-12-25T03:08:15.8415077Z             "pattern" : "^(false|true)$"
2025-12-25T03:08:15.8415441Z           }
2025-12-25T03:08:15.8415683Z         }
2025-12-25T03:08:15.8415926Z       }
2025-12-25T03:08:15.8416156Z     ],
2025-12-25T03:08:15.8416406Z     "actions" : [
2025-12-25T03:08:15.8416668Z       {
2025-12-25T03:08:15.8417096Z         "extractor_root" : "/opt/hostedtoolcache/CodeQL/2.23.8/x64/codeql/actions",
2025-12-25T03:08:15.8417664Z         "extractor_options" : {
2025-12-25T03:08:15.8418004Z           "trap" : {
2025-12-25T03:08:15.8418318Z             "title" : "TRAP options",
2025-12-25T03:08:15.8418958Z             "description" : "Options about how the extractor handles TRAP files",
2025-12-25T03:08:15.8419505Z             "type" : "object",
2025-12-25T03:08:15.8419983Z             "visibility" : 3,
2025-12-25T03:08:15.8420332Z             "properties" : {
2025-12-25T03:08:15.8420655Z               "cache" : {
2025-12-25T03:08:15.8420992Z                 "title" : "TRAP cache options",
2025-12-25T03:08:15.8421551Z                 "description" : "Options about how the extractor handles its TRAP cache",
2025-12-25T03:08:15.8422135Z                 "type" : "object",
2025-12-25T03:08:15.8422499Z                 "properties" : {
2025-12-25T03:08:15.8422839Z                   "dir" : {
2025-12-25T03:08:15.8423204Z                     "title" : "TRAP cache directory",
2025-12-25T03:08:15.8423738Z                     "description" : "The directory of the TRAP cache to use",
2025-12-25T03:08:15.8424254Z                     "type" : "string"
2025-12-25T03:08:15.8424606Z                   },
2025-12-25T03:08:15.8424892Z                   "bound" : {
2025-12-25T03:08:15.8425234Z                     "title" : "TRAP cache bound",
2025-12-25T03:08:15.8425815Z                     "description" : "A soft limit (in MB) on the size of the TRAP cache",
2025-12-25T03:08:15.8426364Z                     "type" : "string",
2025-12-25T03:08:15.8426742Z                     "pattern" : "[0-9]+"
2025-12-25T03:08:15.8427110Z                   },
2025-12-25T03:08:15.8427396Z                   "write" : {
2025-12-25T03:08:15.8427762Z                     "title" : "TRAP cache writeable",
2025-12-25T03:08:15.8428361Z                     "description" : "Whether to write to the TRAP cache as well as reading it",
2025-12-25T03:08:15.8429085Z                     "type" : "string",
2025-12-25T03:08:15.8429486Z                     "pattern" : "(true|TRUE|false|FALSE)"
2025-12-25T03:08:15.8429896Z                   }
2025-12-25T03:08:15.8430166Z                 }
2025-12-25T03:08:15.8430428Z               }
2025-12-25T03:08:15.8430703Z             }
2025-12-25T03:08:15.8430972Z           }
2025-12-25T03:08:15.8431263Z         }
2025-12-25T03:08:15.8431696Z       }
2025-12-25T03:08:15.8431957Z     ],
2025-12-25T03:08:15.8432238Z     "javascript" : [
2025-12-25T03:08:15.8432547Z       {
2025-12-25T03:08:15.8433035Z         "extractor_root" : "/opt/hostedtoolcache/CodeQL/2.23.8/x64/codeql/javascript",
2025-12-25T03:08:15.8433682Z         "extractor_options" : {
2025-12-25T03:08:15.8434041Z           "trap" : {
2025-12-25T03:08:15.8434368Z             "title" : "TRAP options",
2025-12-25T03:08:15.8434943Z             "description" : "Options about how the extractor handles TRAP files",
2025-12-25T03:08:15.8435534Z             "type" : "object",
2025-12-25T03:08:15.8435906Z             "visibility" : 3,
2025-12-25T03:08:15.8436271Z             "properties" : {
2025-12-25T03:08:15.8436637Z               "cache" : {
2025-12-25T03:08:15.8436996Z                 "title" : "TRAP cache options",
2025-12-25T03:08:15.8437685Z                 "description" : "Options about how the extractor handles its TRAP cache",
2025-12-25T03:08:15.8438315Z                 "type" : "object",
2025-12-25T03:08:15.8438883Z                 "properties" : {
2025-12-25T03:08:15.8439258Z                   "dir" : {
2025-12-25T03:08:15.8439630Z                     "title" : "TRAP cache directory",
2025-12-25T03:08:15.8440165Z                     "description" : "The directory of the TRAP cache to use",
2025-12-25T03:08:15.8440638Z                     "type" : "string"
2025-12-25T03:08:15.8440965Z                   },
2025-12-25T03:08:15.8441233Z                   "bound" : {
2025-12-25T03:08:15.8441567Z                     "title" : "TRAP cache bound",
2025-12-25T03:08:15.8442086Z                     "description" : "A soft limit (in MB) on the size of the TRAP cache",
2025-12-25T03:08:15.8442618Z                     "type" : "string",
2025-12-25T03:08:15.8442963Z                     "pattern" : "[0-9]+"
2025-12-25T03:08:15.8443303Z                   },
2025-12-25T03:08:15.8443559Z                   "write" : {
2025-12-25T03:08:15.8443895Z                     "title" : "TRAP cache writeable",
2025-12-25T03:08:15.8444735Z                     "description" : "Whether to write to the TRAP cache as well as reading it",
2025-12-25T03:08:15.8445237Z                     "type" : "string",
2025-12-25T03:08:15.8445496Z                     "pattern" : "(true|TRUE|false|FALSE)"
2025-12-25T03:08:15.8445747Z                   }
2025-12-25T03:08:15.8445993Z                 }
2025-12-25T03:08:15.8446268Z               }
2025-12-25T03:08:15.8446468Z             }
2025-12-25T03:08:15.8446624Z           },
2025-12-25T03:08:15.8446794Z           "skip_types" : {
2025-12-25T03:08:15.8447037Z             "title" : "Skip type extraction for TypeScript",
2025-12-25T03:08:15.8447467Z             "description" : "Whether to skip the extraction of types in a TypeScript application",
2025-12-25T03:08:15.8447858Z             "type" : "string",
2025-12-25T03:08:15.8448088Z             "pattern" : "^(false|true)$"
2025-12-25T03:08:15.8448313Z           }
2025-12-25T03:08:15.8448480Z         }
2025-12-25T03:08:15.8448881Z       }
2025-12-25T03:08:15.8449031Z     ],
2025-12-25T03:08:15.8449202Z     "swift" : [
2025-12-25T03:08:15.8449370Z       {
2025-12-25T03:08:15.8449640Z         "extractor_root" : "/opt/hostedtoolcache/CodeQL/2.23.8/x64/codeql/swift"
2025-12-25T03:08:15.8449971Z       }
2025-12-25T03:08:15.8450128Z     ],
2025-12-25T03:08:15.8450283Z     "ruby" : [
2025-12-25T03:08:15.8450450Z       {
2025-12-25T03:08:15.8450706Z         "extractor_root" : "/opt/hostedtoolcache/CodeQL/2.23.8/x64/codeql/ruby",
2025-12-25T03:08:15.8451059Z         "extractor_options" : {
2025-12-25T03:08:15.8451269Z           "trap" : {
2025-12-25T03:08:15.8451479Z             "title" : "Options pertaining to TRAP.",
2025-12-25T03:08:15.8451778Z             "description" : "Options pertaining to TRAP.",
2025-12-25T03:08:15.8452046Z             "type" : "object",
2025-12-25T03:08:15.8452271Z             "properties" : {
2025-12-25T03:08:15.8452477Z               "compression" : {
2025-12-25T03:08:15.8452820Z                 "title" : "Controls compression for the TRAP files written by the extractor.",
2025-12-25T03:08:15.8454199Z                 "description" : "This option is only intended for use in debugging the extractor. Accepted values are 'gzip' (the default, to write gzip-compressed TRAP) 'zstd' (to write Zstandard-compressed TRAP) and 'none' (to write uncompressed TRAP).\n",
2025-12-25T03:08:15.8455091Z                 "type" : "string",
2025-12-25T03:08:15.8455342Z                 "pattern" : "^(none|gzip|zstd)$"
2025-12-25T03:08:15.8455584Z               }
2025-12-25T03:08:15.8455756Z             }
2025-12-25T03:08:15.8455919Z           }
2025-12-25T03:08:15.8456079Z         }
2025-12-25T03:08:15.8456228Z       }
2025-12-25T03:08:15.8456385Z     ]
2025-12-25T03:08:15.8456543Z   }
2025-12-25T03:08:15.8456706Z }
2025-12-25T03:08:15.8469782Z Languages from configuration: actions
2025-12-25T03:08:15.8478067Z [command]/opt/hostedtoolcache/CodeQL/2.23.8/x64/codeql/codeql resolve languages --format=betterjson --extractor-options-verbosity=4 --extractor-include-aliases
2025-12-25T03:08:16.7731127Z {
2025-12-25T03:08:16.7732213Z   "aliases" : {
2025-12-25T03:08:16.7732866Z     "c" : "cpp",
2025-12-25T03:08:16.7733442Z     "c++" : "cpp",
2025-12-25T03:08:16.7734042Z     "c-c++" : "cpp",
2025-12-25T03:08:16.7735314Z     "c-cpp" : "cpp",
2025-12-25T03:08:16.7735716Z     "c#" : "csharp",
2025-12-25T03:08:16.7736147Z     "java-kotlin" : "java",
2025-12-25T03:08:16.7736583Z     "kotlin" : "java",
2025-12-25T03:08:16.7737051Z     "javascript-typescript" : "javascript",
2025-12-25T03:08:16.7737516Z     "typescript" : "javascript"
2025-12-25T03:08:16.7737946Z   },
2025-12-25T03:08:16.7738260Z   "extractors" : {
2025-12-25T03:08:16.7738825Z     "xml" : [
2025-12-25T03:08:16.7739133Z       {
2025-12-25T03:08:16.7739702Z         "extractor_root" : "/opt/hostedtoolcache/CodeQL/2.23.8/x64/codeql/xml"
2025-12-25T03:08:16.7740434Z       }
2025-12-25T03:08:16.7740729Z     ],
2025-12-25T03:08:16.7741022Z     "python" : [
2025-12-25T03:08:16.7741397Z       {
2025-12-25T03:08:16.7742597Z         "extractor_root" : "/opt/hostedtoolcache/CodeQL/2.23.8/x64/codeql/python",
2025-12-25T03:08:16.7743430Z         "extractor_options" : {
2025-12-25T03:08:16.7743911Z           "logging" : {
2025-12-25T03:08:16.7744354Z             "title" : "Options pertaining to logging.",
2025-12-25T03:08:16.7745028Z             "description" : "Options pertaining to logging.",
2025-12-25T03:08:16.7745636Z             "type" : "object",
2025-12-25T03:08:16.7746128Z             "properties" : {
2025-12-25T03:08:16.7746623Z               "verbosity" : {
2025-12-25T03:08:16.7747214Z                 "title" : "Python extractor logging verbosity level.",
2025-12-25T03:08:16.7749668Z                 "description" : "Controls the level of verbosity of the CodeQL Python extractor.\nThe supported levels are (in order of increasing verbosity):\n\n  - off\n  - errors\n  - warnings\n  - info or progress\n  - debug or progress+\n  - trace or progress++\n  - progress+++\n",
2025-12-25T03:08:16.7751460Z                 "type" : "string",
2025-12-25T03:08:16.7752270Z                 "pattern" : "^(off|errors|warnings|(info|progress)|(debug|progress\\+)|(trace|progress\\+\\+)|progress\\+\\+\\+)$"
2025-12-25T03:08:16.7753076Z               }
2025-12-25T03:08:16.7753372Z             }
2025-12-25T03:08:16.7753658Z           },
2025-12-25T03:08:16.7753956Z           "python_executable_name" : {
2025-12-25T03:08:16.7754577Z             "title" : "Controls the name of the Python executable used by the Python extractor.",
2025-12-25T03:08:16.7756964Z             "description" : "The Python extractor uses platform-dependent heuristics to determine the name of the Python executable to use. Specifying a value for this option overrides the name of the Python executable used by the extractor. Accepted values are py, python and python3. Use this setting with caution, the Python extractor requires Python 3 to run.\n",
2025-12-25T03:08:16.7759205Z             "type" : "string",
2025-12-25T03:08:16.7759597Z             "pattern" : "^(py|python|python3)$"
2025-12-25T03:08:16.7760325Z           }
2025-12-25T03:08:16.7760600Z         }
2025-12-25T03:08:16.7760864Z       }
2025-12-25T03:08:16.7761113Z     ],
2025-12-25T03:08:16.7761363Z     "javascript" : [
2025-12-25T03:08:16.7761663Z       {
2025-12-25T03:08:16.7762123Z         "extractor_root" : "/opt/hostedtoolcache/CodeQL/2.23.8/x64/codeql/javascript",
2025-12-25T03:08:16.7762724Z         "extractor_options" : {
2025-12-25T03:08:16.7763025Z           "trap" : {
2025-12-25T03:08:16.7763235Z             "title" : "TRAP options",
2025-12-25T03:08:16.7763583Z             "description" : "Options about how the extractor handles TRAP files",
2025-12-25T03:08:16.7763915Z             "type" : "object",
2025-12-25T03:08:16.7764126Z             "visibility" : 3,
2025-12-25T03:08:16.7764334Z             "properties" : {
2025-12-25T03:08:16.7764542Z               "cache" : {
2025-12-25T03:08:16.7764761Z                 "title" : "TRAP cache options",
2025-12-25T03:08:16.7765135Z                 "description" : "Options about how the extractor handles its TRAP cache",
2025-12-25T03:08:16.7765495Z                 "type" : "object",
2025-12-25T03:08:16.7765715Z                 "properties" : {
2025-12-25T03:08:16.7765928Z                   "dir" : {
2025-12-25T03:08:16.7766145Z                     "title" : "TRAP cache directory",
2025-12-25T03:08:16.7766459Z                     "description" : "The directory of the TRAP cache to use",
2025-12-25T03:08:16.7766754Z                     "type" : "string"
2025-12-25T03:08:16.7766969Z                   },
2025-12-25T03:08:16.7767141Z                   "bound" : {
2025-12-25T03:08:16.7767355Z                     "title" : "TRAP cache bound",
2025-12-25T03:08:16.7767688Z                     "description" : "A soft limit (in MB) on the size of the TRAP cache",
2025-12-25T03:08:16.7768006Z                     "type" : "string",
2025-12-25T03:08:16.7768241Z                     "pattern" : "[0-9]+"
2025-12-25T03:08:16.7768458Z                   },
2025-12-25T03:08:16.7768953Z                   "write" : {
2025-12-25T03:08:16.7769339Z                     "title" : "TRAP cache writeable",
2025-12-25T03:08:16.7769719Z                     "description" : "Whether to write to the TRAP cache as well as reading it",
2025-12-25T03:08:16.7770077Z                     "type" : "string",
2025-12-25T03:08:16.7770323Z                     "pattern" : "(true|TRUE|false|FALSE)"
2025-12-25T03:08:16.7770586Z                   }
2025-12-25T03:08:16.7770750Z                 }
2025-12-25T03:08:16.7770917Z               }
2025-12-25T03:08:16.7771073Z             }
2025-12-25T03:08:16.7771244Z           },
2025-12-25T03:08:16.7771405Z           "skip_types" : {
2025-12-25T03:08:16.7771663Z             "title" : "Skip type extraction for TypeScript",
2025-12-25T03:08:16.7772076Z             "description" : "Whether to skip the extraction of types in a TypeScript application",
2025-12-25T03:08:16.7772453Z             "type" : "string",
2025-12-25T03:08:16.7772668Z             "pattern" : "^(false|true)$"
2025-12-25T03:08:16.7772889Z           }
2025-12-25T03:08:16.7773043Z         }
2025-12-25T03:08:16.7773186Z       }
2025-12-25T03:08:16.7773333Z     ],
2025-12-25T03:08:16.7773476Z     "rust" : [
2025-12-25T03:08:16.7773638Z       {
2025-12-25T03:08:16.7773891Z         "extractor_root" : "/opt/hostedtoolcache/CodeQL/2.23.8/x64/codeql/rust",
2025-12-25T03:08:16.7774225Z         "extractor_options" : {
2025-12-25T03:08:16.7774431Z           "trap" : {
2025-12-25T03:08:16.7774639Z             "title" : "Options pertaining to TRAP.",
2025-12-25T03:08:16.7774965Z             "description" : "Options pertaining to TRAP.",
2025-12-25T03:08:16.7775231Z             "type" : "object",
2025-12-25T03:08:16.7775436Z             "properties" : {
2025-12-25T03:08:16.7775638Z               "compression" : {
2025-12-25T03:08:16.7775969Z                 "title" : "Controls compression for the TRAP files written by the extractor.",
2025-12-25T03:08:16.7776917Z                 "description" : "This option is only intended for use in debugging the extractor. Accepted values are 'gzip' (to write gzip-compressed TRAP) 'zstd' (to write Zstandard-compressed TRAP) and 'none' (the default, to write uncompressed TRAP).\n",
2025-12-25T03:08:16.7777859Z                 "type" : "string",
2025-12-25T03:08:16.7778096Z                 "pattern" : "^(none|gzip|zstd)$"
2025-12-25T03:08:16.7778325Z               }
2025-12-25T03:08:16.7778676Z             }
2025-12-25T03:08:16.7778880Z           },
2025-12-25T03:08:16.7779065Z           "cargo_target_dir" : {
2025-12-25T03:08:16.7779329Z             "title" : "Directory to use for cargo output files.",
2025-12-25T03:08:16.7780392Z             "description" : "This value is an optional path to use as `CARGO_TARGET_DIR` for the internal cargo commands the extractor uses. Pointing it to a persistent directory may reduce execution time of consecutive extractor runs. By default, a new scratch directory is used for each run.\n",
2025-12-25T03:08:16.7781395Z             "type" : "string"
2025-12-25T03:08:16.7781595Z           },
2025-12-25T03:08:16.7781772Z           "cargo_target" : {
2025-12-25T03:08:16.7781996Z             "title" : "Target architecture",
2025-12-25T03:08:16.7782555Z             "description" : "Target architecture to use for analysis, analogous to `cargo --target`. By default the host architecture is used.\n",
2025-12-25T03:08:16.7783086Z             "type" : "string"
2025-12-25T03:08:16.7783288Z           },
2025-12-25T03:08:16.7783456Z           "cargo_features" : {
2025-12-25T03:08:16.7783690Z             "title" : "Cargo features to turn on",
2025-12-25T03:08:16.7784690Z             "description" : "Comma-separated list of features to turn on. By default all features are enabled. If any features are specified, then only those features are enabled. The `default` feature must be explicitly specified if only default features are desired. Can be repeated.\n",
2025-12-25T03:08:16.7785655Z             "type" : "array"
2025-12-25T03:08:16.7785856Z           },
2025-12-25T03:08:16.7786032Z           "cargo_cfg_overrides" : {
2025-12-25T03:08:16.7786407Z             "title" : "Cargo cfg overrides",
2025-12-25T03:08:16.7786900Z             "description" : "Comma-separated list of cfg settings to enable, or disable if prefixed with `-`. Can be repeated.\n",
2025-12-25T03:08:16.7787382Z             "type" : "array"
2025-12-25T03:08:16.7787746Z           },
2025-12-25T03:08:16.7788041Z           "logging" : {
2025-12-25T03:08:16.7788460Z             "title" : "Options pertaining to logging.",
2025-12-25T03:08:16.7789157Z             "description" : "Options pertaining to logging.",
2025-12-25T03:08:16.7789573Z             "type" : "object",
2025-12-25T03:08:16.7789790Z             "properties" : {
2025-12-25T03:08:16.7790010Z               "verbosity" : {
2025-12-25T03:08:16.7790267Z                 "title" : "Extractor logging verbosity level.",
2025-12-25T03:08:16.7791227Z                 "description" : "Controls the level of verbosity of the extractor. The supported levels are (in order of increasing verbosity):\n  - off\n  - errors\n  - warnings\n  - info or progress\n  - debug or progress+\n  - trace or progress++\n  - progress+++\n",
2025-12-25T03:08:16.7792622Z                 "type" : "string",
2025-12-25T03:08:16.7793300Z                 "pattern" : "^(off|errors|warnings|(info|progress)|(debug|progress\\+)|(trace|progress\\+\\+)|progress\\+\\+\\+)$"
2025-12-25T03:08:16.7794018Z               },
2025-12-25T03:08:16.7794305Z               "flamegraph" : {
2025-12-25T03:08:16.7794791Z                 "title" : "[Experimental] File path for write flame graph log",
2025-12-25T03:08:16.7796149Z                 "description" : "Collect flame graph data using the `tracing-flame` crate. To render a flame graph or chart, run the `inferno-flamegraph` command. See also: https://crates.io/crates/tracing-flame\n",
2025-12-25T03:08:16.7797338Z                 "type" : "string"
2025-12-25T03:08:16.7797687Z               }
2025-12-25T03:08:16.7797960Z             }
2025-12-25T03:08:16.7798204Z           },
2025-12-25T03:08:16.7798986Z           "extract_dependencies_as_source" : {
2025-12-25T03:08:16.7799488Z             "title" : "Extract dependencies as source code",
2025-12-25T03:08:16.7800291Z             "description" : "Extract the full source code of dependencies instead of only extracting signatures.\n",
2025-12-25T03:08:16.7801031Z             "type" : "string",
2025-12-25T03:08:16.7801384Z             "pattern" : "^(false|true)$"
2025-12-25T03:08:16.7801755Z           }
2025-12-25T03:08:16.7801980Z         }
2025-12-25T03:08:16.7802211Z       }
2025-12-25T03:08:16.7802441Z     ],
2025-12-25T03:08:16.7802660Z     "csv" : [
2025-12-25T03:08:16.7802821Z       {
2025-12-25T03:08:16.7803089Z         "extractor_root" : "/opt/hostedtoolcache/CodeQL/2.23.8/x64/codeql/csv"
2025-12-25T03:08:16.7803420Z       }
2025-12-25T03:08:16.7803568Z     ],
2025-12-25T03:08:16.7803722Z     "cpp" : [
2025-12-25T03:08:16.7803879Z       {
2025-12-25T03:08:16.7804136Z         "extractor_root" : "/opt/hostedtoolcache/CodeQL/2.23.8/x64/codeql/cpp",
2025-12-25T03:08:16.7804492Z         "extractor_options" : {
2025-12-25T03:08:16.7804707Z           "trap" : {
2025-12-25T03:08:16.7804898Z             "title" : "TRAP options",
2025-12-25T03:08:16.7805241Z             "description" : "Options about how the extractor handles TRAP files",
2025-12-25T03:08:16.7805579Z             "type" : "object",
2025-12-25T03:08:16.7805808Z             "visibility" : 3,
2025-12-25T03:08:16.7806028Z             "properties" : {
2025-12-25T03:08:16.7806231Z               "cache" : {
2025-12-25T03:08:16.7806452Z                 "title" : "TRAP cache options",
2025-12-25T03:08:16.7806858Z                 "description" : "Options about how the extractor handles its TRAP cache",
2025-12-25T03:08:16.7807211Z                 "type" : "object",
2025-12-25T03:08:16.7807440Z                 "properties" : {
2025-12-25T03:08:16.7807653Z                   "dir" : {
2025-12-25T03:08:16.7807877Z                     "title" : "TRAP cache directory",
2025-12-25T03:08:16.7808798Z                     "description" : "The directory of the TRAP cache to use",
2025-12-25T03:08:16.7809246Z                     "type" : "string"
2025-12-25T03:08:16.7809477Z                   },
2025-12-25T03:08:16.7809661Z                   "bound" : {
2025-12-25T03:08:16.7809899Z                     "title" : "TRAP cache bound",
2025-12-25T03:08:16.7810244Z                     "description" : "A soft limit (in MB) on the size of the TRAP cache",
2025-12-25T03:08:16.7810591Z                     "type" : "string",
2025-12-25T03:08:16.7810828Z                     "pattern" : "[0-9]+"
2025-12-25T03:08:16.7811063Z                   },
2025-12-25T03:08:16.7811253Z                   "write" : {
2025-12-25T03:08:16.7811479Z                     "title" : "TRAP cache writeable",
2025-12-25T03:08:16.7811855Z                     "description" : "Whether to write to the TRAP cache as well as reading it",
2025-12-25T03:08:16.7812211Z                     "type" : "string",
2025-12-25T03:08:16.7812478Z                     "pattern" : "(true|TRUE|false|FALSE)"
2025-12-25T03:08:16.7812729Z                   }
2025-12-25T03:08:16.7812914Z                 }
2025-12-25T03:08:16.7813080Z               }
2025-12-25T03:08:16.7813257Z             }
2025-12-25T03:08:16.7813422Z           },
2025-12-25T03:08:16.7813595Z           "scale_timeouts" : {
2025-12-25T03:08:16.7813891Z             "title" : "Value to scale compiler introspection timeouts with",
2025-12-25T03:08:16.7815266Z             "description" : "The extractor attempts to determine what compiler the source code being extracted is compiled with. To this end the extractor makes additional calls to the compiler, some of which are expected to return within a certain fixed time (either 10s or 15s). On some systems that are under high load this time might be too short, and can be scaled up using this option.\n",
2025-12-25T03:08:16.7816553Z             "type" : "string",
2025-12-25T03:08:16.7816773Z             "pattern" : "[0-9]+"
2025-12-25T03:08:16.7817152Z           },
2025-12-25T03:08:16.7817326Z           "log_verbosity" : {
2025-12-25T03:08:16.7817573Z             "title" : "Verbosity of the extractor logging",
2025-12-25T03:08:16.7818147Z             "description" : "Set the verbosity of the extractor logging to 'quiet' (0), 'normal' (1), 'chatty' (2), or 'noisy' (3). The default is 'normal'.\n",
2025-12-25T03:08:16.7818892Z             "type" : "string",
2025-12-25T03:08:16.7819117Z             "pattern" : "[0-3]"
2025-12-25T03:08:16.7819333Z           },
2025-12-25T03:08:16.7819523Z           "frontend_options" : {
2025-12-25T03:08:16.7819806Z             "title" : "C/C++ extractor frontend options",
2025-12-25T03:08:16.7820301Z             "description" : "Set additional options that should be passed to the C/C++ extractor frontend.\n",
2025-12-25T03:08:16.7820768Z             "type" : "array",
2025-12-25T03:08:16.7820989Z             "visibility" : 3
2025-12-25T03:08:16.7821203Z           }
2025-12-25T03:08:16.7821366Z         }
2025-12-25T03:08:16.7821552Z       }
2025-12-25T03:08:16.7821710Z     ],
2025-12-25T03:08:16.7821888Z     "java" : [
2025-12-25T03:08:16.7822842Z       {
2025-12-25T03:08:16.7823243Z         "extractor_root" : "/opt/hostedtoolcache/CodeQL/2.23.8/x64/codeql/java",
2025-12-25T03:08:16.7823623Z         "extractor_options" : {
2025-12-25T03:08:16.7823846Z           "exclude" : {
2025-12-25T03:08:16.7824094Z             "title" : "A glob excluding files from analysis.",
2025-12-25T03:08:16.7824832Z             "description" : "A glob indicating what files to exclude from the analysis. This accepts glob patterns that are supported by Java's 'getPathMatcher' implementation.\n",
2025-12-25T03:08:16.7825540Z             "type" : "string"
2025-12-25T03:08:16.7825752Z           },
2025-12-25T03:08:16.7825945Z           "add_prefer_source" : {
2025-12-25T03:08:16.7826275Z             "title" : "Whether to always prefer source files over class files.",
2025-12-25T03:08:16.7827597Z             "description" : "A value indicating whether source files should be preferred over class files. If set to 'true', the extraction adds '-Xprefer:source' to the javac command line. If set to 'false', the extraction uses the default javac behavior ('-Xprefer:newer'). The default is 'true'.\n",
2025-12-25T03:08:16.7828876Z             "type" : "string",
2025-12-25T03:08:16.7829110Z             "pattern" : "^(false|true)$"
2025-12-25T03:08:16.7829363Z           },
2025-12-25T03:08:16.7829538Z           "buildless" : {
2025-12-25T03:08:16.7829884Z             "title" : "Whether to use buildless (standalone) extraction (experimental).",
2025-12-25T03:08:16.7831603Z             "description" : "A value indicating, which type of extraction the autobuilder should perform. If 'true', then the standalone extractor will be used, otherwise tracing extraction will be performed. The default is 'false'. Note that buildless extraction will generally yield less accurate analysis results, and should only be used in cases where it is not possible to build the code (for example if it uses inaccessible dependencies).\n",
2025-12-25T03:08:16.7833195Z             "type" : "string",
2025-12-25T03:08:16.7833436Z             "pattern" : "^(false|true)$"
2025-12-25T03:08:16.7833678Z           },
2025-12-25T03:08:16.7833877Z           "buildless_dependency_dir" : {
2025-12-25T03:08:16.7834304Z             "title" : "The path where buildless (standalone) extraction should keep dependencies.",
2025-12-25T03:08:16.7834949Z             "description" : "If set, the buildless (standalone) extractor will store dependencies in this directory.\n",
2025-12-25T03:08:16.7835444Z             "type" : "string"
2025-12-25T03:08:16.7835661Z           },
2025-12-25T03:08:16.7835862Z           "minimize_dependency_jars" : {
2025-12-25T03:08:16.7836284Z             "title" : "Whether to rewrite and minimize downloaded JAR dependencies (experimental).",
2025-12-25T03:08:16.7837141Z             "description" : "If 'true', JAR dependencies downloaded during extraction will be rewritten to remove unneeded data, such as method bodies. The default is 'false'.\n",
2025-12-25T03:08:16.7837969Z             "type" : "string",
2025-12-25T03:08:16.7838201Z             "pattern" : "^(false|true)$"
2025-12-25T03:08:16.7838449Z           }
2025-12-25T03:08:16.7838829Z         }
2025-12-25T03:08:16.7838998Z       }
2025-12-25T03:08:16.7839157Z     ],
2025-12-25T03:08:16.7839325Z     "html" : [
2025-12-25T03:08:16.7839496Z       {
2025-12-25T03:08:16.7839785Z         "extractor_root" : "/opt/hostedtoolcache/CodeQL/2.23.8/x64/codeql/html"
2025-12-25T03:08:16.7840138Z       }
2025-12-25T03:08:16.7840313Z     ],
2025-12-25T03:08:16.7840480Z     "yaml" : [
2025-12-25T03:08:16.7840650Z       {
2025-12-25T03:08:16.7840974Z         "extractor_root" : "/opt/hostedtoolcache/CodeQL/2.23.8/x64/codeql/yaml"
2025-12-25T03:08:16.7841320Z       }
2025-12-25T03:08:16.7841481Z     ],
2025-12-25T03:08:16.7841638Z     "swift" : [
2025-12-25T03:08:16.7841817Z       {
2025-12-25T03:08:16.7842086Z         "extractor_root" : "/opt/hostedtoolcache/CodeQL/2.23.8/x64/codeql/swift"
2025-12-25T03:08:16.7842447Z       }
2025-12-25T03:08:16.7842605Z     ],
2025-12-25T03:08:16.7842778Z     "properties" : [
2025-12-25T03:08:16.7842977Z       {
2025-12-25T03:08:16.7843274Z         "extractor_root" : "/opt/hostedtoolcache/CodeQL/2.23.8/x64/codeql/properties"
2025-12-25T03:08:16.7843655Z       }
2025-12-25T03:08:16.7843816Z     ],
2025-12-25T03:08:16.7843982Z     "ruby" : [
2025-12-25T03:08:16.7844151Z       {
2025-12-25T03:08:16.7844427Z         "extractor_root" : "/opt/hostedtoolcache/CodeQL/2.23.8/x64/codeql/ruby",
2025-12-25T03:08:16.7844790Z         "extractor_options" : {
2025-12-25T03:08:16.7845022Z           "trap" : {
2025-12-25T03:08:16.7845246Z             "title" : "Options pertaining to TRAP.",
2025-12-25T03:08:16.7845581Z             "description" : "Options pertaining to TRAP.",
2025-12-25T03:08:16.7845882Z             "type" : "object",
2025-12-25T03:08:16.7846112Z             "properties" : {
2025-12-25T03:08:16.7846345Z               "compression" : {
2025-12-25T03:08:16.7846845Z                 "title" : "Controls compression for the TRAP files written by the extractor.",
2025-12-25T03:08:16.7847944Z                 "description" : "This option is only intended for use in debugging the extractor. Accepted values are 'gzip' (the default, to write gzip-compressed TRAP) 'zstd' (to write Zstandard-compressed TRAP) and 'none' (to write uncompressed TRAP).\n",
2025-12-25T03:08:16.7849074Z                 "type" : "string",
2025-12-25T03:08:16.7849354Z                 "pattern" : "^(none|gzip|zstd)$"
2025-12-25T03:08:16.7849639Z               }
2025-12-25T03:08:16.7849828Z             }
2025-12-25T03:08:16.7850020Z           }
2025-12-25T03:08:16.7850195Z         }
2025-12-25T03:08:16.7850380Z       }
2025-12-25T03:08:16.7850553Z     ],
2025-12-25T03:08:16.7850730Z     "go" : [
2025-12-25T03:08:16.7850911Z       {
2025-12-25T03:08:16.7851213Z         "extractor_root" : "/opt/hostedtoolcache/CodeQL/2.23.8/x64/codeql/go",
2025-12-25T03:08:16.7851610Z         "extractor_options" : {
2025-12-25T03:08:16.7851912Z           "extract_tests" : {
2025-12-25T03:08:16.7852266Z             "title" : "Whether to include Go test files in the CodeQL database.",
2025-12-25T03:08:16.7852961Z             "description" : "A value indicating whether Go test files should be included in the CodeQL database. The default is 'false'.\n",
2025-12-25T03:08:16.7853564Z             "type" : "string",
2025-12-25T03:08:16.7853813Z             "pattern" : "^(false|true)$"
2025-12-25T03:08:16.7854086Z           },
2025-12-25T03:08:16.7854296Z           "extract_vendor_dirs" : {
2025-12-25T03:08:16.7854708Z             "title" : "Whether to include Go vendor directories in the CodeQL database.",
2025-12-25T03:08:16.7855490Z             "description" : "A value indicating whether Go vendor directories should be included in the CodeQL database. The default is 'false'.\n",
2025-12-25T03:08:16.7856174Z             "type" : "string",
2025-12-25T03:08:16.7856447Z             "pattern" : "^(false|true)$"
2025-12-25T03:08:16.7856855Z           }
2025-12-25T03:08:16.7857055Z         }
2025-12-25T03:08:16.7857234Z       }
2025-12-25T03:08:16.7857426Z     ],
2025-12-25T03:08:16.7857611Z     "csharp" : [
2025-12-25T03:08:16.7857827Z       {
2025-12-25T03:08:16.7858151Z         "extractor_root" : "/opt/hostedtoolcache/CodeQL/2.23.8/x64/codeql/csharp",
2025-12-25T03:08:16.7858795Z         "extractor_options" : {
2025-12-25T03:08:16.7859054Z           "trap" : {
2025-12-25T03:08:16.7859316Z             "title" : "Options pertaining to TRAP.",
2025-12-25T03:08:16.7859678Z             "description" : "Options pertaining to TRAP.",
2025-12-25T03:08:16.7860003Z             "type" : "object",
2025-12-25T03:08:16.7860263Z             "properties" : {
2025-12-25T03:08:16.7860517Z               "compression" : {
2025-12-25T03:08:16.7860928Z                 "title" : "Controls compression for the TRAP files written by the extractor.",
2025-12-25T03:08:16.7861993Z                 "description" : "This option is only intended for use in debugging the extractor. Accepted values are 'brotli' (the default, to write brotli-compressed TRAP), 'gzip', and 'none' (to write uncompressed TRAP).\n",
2025-12-25T03:08:16.7862905Z                 "type" : "string",
2025-12-25T03:08:16.7863204Z                 "pattern" : "^(none|gzip|brotli)$"
2025-12-25T03:08:16.7863497Z               }
2025-12-25T03:08:16.7863710Z             }
2025-12-25T03:08:16.7863905Z           },
2025-12-25T03:08:16.7864116Z           "buildless" : {
2025-12-25T03:08:16.7864484Z             "title" : "DEPRECATED - Whether to use buildless (standalone) extraction.",
2025-12-25T03:08:16.7866650Z             "description" : "DEPRECATED: Use `--build-mode none` instead.\nA value indicating, which type of extraction the autobuilder should perform. If 'true', then the standalone extractor will be used, otherwise tracing extraction will be performed. The default is 'false'. Note that buildless extraction will generally yield less accurate analysis results, and should only be used in cases where it is not possible to build the code (for example if it uses inaccessible dependencies).\n",
2025-12-25T03:08:16.7868752Z             "type" : "string",
2025-12-25T03:08:16.7869044Z             "pattern" : "^(false|true)$"
2025-12-25T03:08:16.7869504Z           },
2025-12-25T03:08:16.7888675Z           "logging" : {
2025-12-25T03:08:16.7889103Z             "title" : "Options pertaining to logging.",
2025-12-25T03:08:16.7889527Z             "description" : "Options pertaining to logging.",
2025-12-25T03:08:16.7889899Z             "type" : "object",
2025-12-25T03:08:16.7890179Z             "properties" : {
2025-12-25T03:08:16.7890528Z               "verbosity" : {
2025-12-25T03:08:16.7890922Z                 "title" : "Extractor logging verbosity level.",
2025-12-25T03:08:16.7892377Z                 "description" : "Controls the level of verbosity of the extractor. The supported levels are (in order of increasing verbosity):\n  - off\n  - errors\n  - warnings\n  - info or progress\n  - debug or progress+\n  - trace or progress++\n  - progress+++\n",
2025-12-25T03:08:16.7893500Z                 "type" : "string",
2025-12-25T03:08:16.7894133Z                 "pattern" : "^(off|errors|warnings|(info|progress)|(debug|progress\\+)|(trace|progress\\+\\+)|progress\\+\\+\\+)$"
2025-12-25T03:08:16.7894725Z               }
2025-12-25T03:08:16.7894937Z             }
2025-12-25T03:08:16.7895133Z           },
2025-12-25T03:08:16.7895347Z           "binlog" : {
2025-12-25T03:08:16.7895585Z             "title" : "Binlog",
2025-12-25T03:08:16.7896391Z             "description" : "[EXPERIMENTAL] The value is a path to the MsBuild binary log file that should be extracted. This option only works when `--build-mode none` is also specified.\n",
2025-12-25T03:08:16.7897228Z             "type" : "array"
2025-12-25T03:08:16.7897487Z           },
2025-12-25T03:08:16.7897730Z           "buildless_dependency_dir" : {
2025-12-25T03:08:16.7898227Z             "title" : "The path where buildless (standalone) extraction should keep dependencies.",
2025-12-25T03:08:16.7900020Z             "description" : "If set, the buildless (standalone) extractor will store dependencies in this directory.\n",
2025-12-25T03:08:16.7900912Z             "type" : "string"
2025-12-25T03:08:16.7901327Z           }
2025-12-25T03:08:16.7901647Z         }
2025-12-25T03:08:16.7901957Z       }
2025-12-25T03:08:16.7902258Z     ],
2025-12-25T03:08:16.7902550Z     "actions" : [
2025-12-25T03:08:16.7902866Z       {
2025-12-25T03:08:16.7903407Z         "extractor_root" : "/opt/hostedtoolcache/CodeQL/2.23.8/x64/codeql/actions",
2025-12-25T03:08:16.7904133Z         "extractor_options" : {
2025-12-25T03:08:16.7904516Z           "trap" : {
2025-12-25T03:08:16.7904845Z             "title" : "TRAP options",
2025-12-25T03:08:16.7905347Z             "description" : "Options about how the extractor handles TRAP files",
2025-12-25T03:08:16.7905755Z             "type" : "object",
2025-12-25T03:08:16.7906011Z             "visibility" : 3,
2025-12-25T03:08:16.7906273Z             "properties" : {
2025-12-25T03:08:16.7906533Z               "cache" : {
2025-12-25T03:08:16.7906783Z                 "title" : "TRAP cache options",
2025-12-25T03:08:16.7907211Z                 "description" : "Options about how the extractor handles its TRAP cache",
2025-12-25T03:08:16.7907774Z                 "type" : "object",
2025-12-25T03:08:16.7908126Z                 "properties" : {
2025-12-25T03:08:16.7908439Z                   "dir" : {
2025-12-25T03:08:16.7908990Z                     "title" : "TRAP cache directory",
2025-12-25T03:08:16.7909554Z                     "description" : "The directory of the TRAP cache to use",
2025-12-25T03:08:16.7909928Z                     "type" : "string"
2025-12-25T03:08:16.7910195Z                   },
2025-12-25T03:08:16.7910409Z                   "bound" : {
2025-12-25T03:08:16.7910659Z                     "title" : "TRAP cache bound",
2025-12-25T03:08:16.7911033Z                     "description" : "A soft limit (in MB) on the size of the TRAP cache",
2025-12-25T03:08:16.7911437Z                     "type" : "string",
2025-12-25T03:08:16.7911954Z                     "pattern" : "[0-9]+"
2025-12-25T03:08:16.7912225Z                   },
2025-12-25T03:08:16.7912438Z                   "write" : {
2025-12-25T03:08:16.7912679Z                     "title" : "TRAP cache writeable",
2025-12-25T03:08:16.7913094Z                     "description" : "Whether to write to the TRAP cache as well as reading it",
2025-12-25T03:08:16.7913581Z                     "type" : "string",
2025-12-25T03:08:16.7914012Z                     "pattern" : "(true|TRUE|false|FALSE)"
2025-12-25T03:08:16.7914437Z                   }
2025-12-25T03:08:16.7914743Z                 }
2025-12-25T03:08:16.7915018Z               }
2025-12-25T03:08:16.7915300Z             }
2025-12-25T03:08:16.7915477Z           }
2025-12-25T03:08:16.7915657Z         }
2025-12-25T03:08:16.7915826Z       }
2025-12-25T03:08:16.7915984Z     ]
2025-12-25T03:08:16.7916149Z   }
2025-12-25T03:08:16.7916304Z }
2025-12-25T03:08:16.7916516Z Found 1 languages that support TRAP caching
2025-12-25T03:08:16.7920847Z Looking in Actions cache for TRAP cache with key codeql-trap-1-2.23.8-actions-unknown
2025-12-25T03:08:16.8818313Z No TRAP cache found in Actions cache for actions
2025-12-25T03:08:16.8825669Z Using overlay database mode: none without caching.
2025-12-25T03:08:16.8828090Z ##[endgroup]
2025-12-25T03:08:16.8841731Z While resolving threads, found a cgroup CPUs file with 4 CPUs in /sys/fs/cgroup/cpuset.cpus.effective.
2025-12-25T03:08:16.8846685Z Skipping download of dependency cache for actions as we have no caching configuration for it.
2025-12-25T03:08:16.8861029Z Writing augmented user configuration file to /home/runner/work/_temp/user-config.yaml
2025-12-25T03:08:16.8862725Z ##[group]Augmented user configuration file contents
2025-12-25T03:08:16.8879736Z default-setup:
2025-12-25T03:08:16.8881864Z   org:
2025-12-25T03:08:16.8882428Z     model-packs: []
2025-12-25T03:08:16.8883067Z threat-models: []
2025-12-25T03:08:16.8883977Z query-filters:
2025-12-25T03:08:16.8884576Z   - exclude:
2025-12-25T03:08:16.8885278Z       tags: exclude-from-incremental
2025-12-25T03:08:16.8885856Z 
2025-12-25T03:08:16.8886289Z ##[endgroup]
2025-12-25T03:08:16.8890548Z [command]/opt/hostedtoolcache/CodeQL/2.23.8/x64/codeql/codeql database init --force-overwrite --db-cluster /home/runner/work/_temp/codeql_databases --source-root=/home/runner/work/scratchattach/scratchattach --calculate-language-specific-baseline --extractor-include-aliases --sublanguage-file-coverage --language=actions --codescanning-config=/home/runner/work/_temp/user-config.yaml --build-mode=none
2025-12-25T03:08:18.5020129Z Package install location: /home/runner/.codeql/packages
2025-12-25T03:08:18.5020769Z Nothing downloaded.
2025-12-25T03:08:19.2164844Z Calculating baseline information in /home/runner/work/scratchattach/scratchattach
2025-12-25T03:08:19.8369030Z Running command in /home/runner/work/scratchattach/scratchattach: [/opt/hostedtoolcache/CodeQL/2.23.8/x64/codeql/actions/tools/configure-baseline.sh]
2025-12-25T03:08:19.8571265Z Calculated baseline information for languages: actions, python (639ms).
2025-12-25T03:08:23.1864339Z Resolving extractor actions.
2025-12-25T03:08:23.1905934Z Successfully loaded extractor GitHub Actions (actions) from /opt/hostedtoolcache/CodeQL/2.23.8/x64/codeql/actions.
2025-12-25T03:08:23.2297463Z Created skeleton CodeQL database at /home/runner/work/_temp/codeql_databases/actions. This in-progress database is ready to be populated by an extractor.
2025-12-25T03:08:23.4283920Z ##[group]Run github/codeql-action/start-proxy@v4
2025-12-25T03:08:23.4284299Z with:
2025-12-25T03:08:23.4284511Z   language: actions
2025-12-25T03:08:23.4284756Z   registry_secrets: []
2025-12-25T03:08:23.4285134Z   token: ***
2025-12-25T03:08:23.4285663Z   matrix: {
  "language": "actions",
  "category": "/language:actions",
  "build-mode": "none",
  "runner": "[\"ubuntu-latest\"]"
}
2025-12-25T03:08:23.4286265Z env:
2025-12-25T03:08:23.4286490Z   CODE_SCANNING_REF: refs/pull/50/head
2025-12-25T03:08:23.4286833Z   CODE_SCANNING_BASE_BRANCH: main
2025-12-25T03:08:23.4287167Z   CODE_SCANNING_IS_ANALYZING_DEFAULT_BRANCH: false
2025-12-25T03:08:23.4287568Z   CODE_SCANNING_IS_STEADY_STATE_DEFAULT_SETUP: true
2025-12-25T03:08:23.4295797Z   CODE_SCANNING_WORKFLOW_FILE: H4sIAAAAAAAA/6RV32/bNhB+919x8AakfZDzsicBBaY4cuLNsFNJQZcVBUFTJ5mLTKr8kVTt8r8PFKVYWuM5Q/1kHj9+vLvv40nQPYYwncsc36+mE2VF4EM/f/sGJTc7u53hAwoz46K2Rs+YzJFoRoXgoiTKCuLw8PQ0kSKEvBF0z9lkguIhnADMN5cxSefRer1cX5EkXryaGAvH+W+GiyiNyUUSrefXr2XaUo1kq6hgu5cYlymJ1tHq7k+3uIwX0e0q+583cE2ooFXz1S1yLKitzH/fmGZxdHlH0izK4udL0zi7vQnBKIvfnfmwSX5frDYfyGK5il+b16NU90UlH0nBq1ahyV9yq50sPl10fwG83pEPwRvHvadG8S+ziorS0tKdfdtClRU6cDo7UKHk/rd0s37ToZUVAtVbXzJAjWrPteZSaH8PAGWmXYJCmncxJoVBYcbBmrJ7WuI4qJFZxU0TtCXrEB4VNzjpSbiwGEgRoFJShVDQSvtNbRQ1WDZ9FgXlVVBQbYYg6GruQQBcsMrmeAgABNB3JOxrGewCMHePVE0I58/Al3Bby6s82MscQxBS4GjTtzGEs49Tu7XC2KCiBrWZfjo7kkrdmJ0UJzN5AfZDiWiDdSdt0JlovkN2L60BhbXU3EjVdJRWOzW7ZpyzDvfrwy+TEcFScMNpxb8i+JE0Ou4tf+5c/rkKPNk5F7zl8cBHbnYHyVqfa66Dey5yHYI7GfTv4xnVd0h7X39v/slL/RpAD+EhOMcaRY6CNQGjbMdF6Q/5vs5QPHAlxR6FgXfv4MwXF+ykNpifDYk+W1TcZTedwk9w6QdMG21A2/4NdO+g4GUIfw+E7AZSoNHYOhwpLFU5DgC4IqrAvT8dwsdXDhovCGlPwdMTfBqQmp1CatrmVC1lt9srnrq0oFbySwOFVKCw5Nq4ejsSnod++7QVtKHKBC34mCMO9IQpzFE4u3XCa2QKjZ5dLbPr2wuSxFfLNEuWcUpuks0fd0NJDo/viGPGtr5BVUi17zztZ63m+nRF3aA+VNN9V/3PfSPer3x25HqTZl0d7mHO2jbMpDWtYO2KOHMNyxgR3GySkwS1VMcJ5hGZx0m2XCznURafomKUMFSGF9wNq6Okt8kqPUVlVaUPBGPBD5NwoFQfdIf+CQAA//+2RVGDAgkAAA==
2025-12-25T03:08:23.4304190Z   CODEQL_ACTION_FEATURE_MULTI_LANGUAGE: false
2025-12-25T03:08:23.4304545Z   CODEQL_ACTION_FEATURE_SANDWICH: false
2025-12-25T03:08:23.4304880Z   CODEQL_ACTION_FEATURE_SARIF_COMBINE: true
2025-12-25T03:08:23.4305225Z   CODEQL_ACTION_FEATURE_WILL_UPLOAD: true
2025-12-25T03:08:23.4305545Z   CODEQL_ACTION_VERSION: 4.31.9
2025-12-25T03:08:23.4305864Z   JOB_RUN_UUID: 80047975-356e-423a-9586-49d9bfab7571
2025-12-25T03:08:23.4306208Z   CODEQL_ACTION_INIT_HAS_RUN: true
2025-12-25T03:08:23.4306635Z   CODEQL_ACTION_ANALYSIS_KEY: dynamic/github-code-scanning/codeql:analyze
2025-12-25T03:08:23.4307310Z   CODEQL_WORKFLOW_STARTED_AT: 2025-12-25T03:08:09.958Z
2025-12-25T03:08:23.4307654Z   CODEQL_RAM: 14581
2025-12-25T03:08:23.4307888Z   CODEQL_THREADS: 4
2025-12-25T03:08:23.4308112Z ##[endgroup]
2025-12-25T03:08:23.5867637Z Using registry_secrets input.
2025-12-25T03:08:23.5869432Z No credentials found, skipping proxy setup.
2025-12-25T03:08:23.6042173Z ##[group]Run github/codeql-action/analyze@v4
2025-12-25T03:08:23.6042508Z with:
2025-12-25T03:08:23.6042729Z   category: /language:actions
2025-12-25T03:08:23.6042997Z   output: ../results
2025-12-25T03:08:23.6043217Z   upload: always
2025-12-25T03:08:23.6043443Z   skip-queries: false
2025-12-25T03:08:23.6043763Z   checkout_path: /home/runner/work/scratchattach/scratchattach
2025-12-25T03:08:23.6044146Z   upload-database: true
2025-12-25T03:08:23.6044399Z   wait-for-processing: true
2025-12-25T03:08:23.6044775Z   token: ***
2025-12-25T03:08:23.6045264Z   matrix: {
  "language": "actions",
  "category": "/language:actions",
  "build-mode": "none",
  "runner": "[\"ubuntu-latest\"]"
}
2025-12-25T03:08:23.6045852Z   expect-error: false
2025-12-25T03:08:23.6046082Z env:
2025-12-25T03:08:23.6046296Z   CODE_SCANNING_REF: refs/pull/50/head
2025-12-25T03:08:23.6046601Z   CODE_SCANNING_BASE_BRANCH: main
2025-12-25T03:08:23.6046917Z   CODE_SCANNING_IS_ANALYZING_DEFAULT_BRANCH: false
2025-12-25T03:08:23.6047330Z   CODE_SCANNING_IS_STEADY_STATE_DEFAULT_SETUP: true
2025-12-25T03:08:23.6054985Z   CODE_SCANNING_WORKFLOW_FILE: H4sIAAAAAAAA/6RV32/bNhB+919x8AakfZDzsicBBaY4cuLNsFNJQZcVBUFTJ5mLTKr8kVTt8r8PFKVYWuM5Q/1kHj9+vLvv40nQPYYwncsc36+mE2VF4EM/f/sGJTc7u53hAwoz46K2Rs+YzJFoRoXgoiTKCuLw8PQ0kSKEvBF0z9lkguIhnADMN5cxSefRer1cX5EkXryaGAvH+W+GiyiNyUUSrefXr2XaUo1kq6hgu5cYlymJ1tHq7k+3uIwX0e0q+583cE2ooFXz1S1yLKitzH/fmGZxdHlH0izK4udL0zi7vQnBKIvfnfmwSX5frDYfyGK5il+b16NU90UlH0nBq1ahyV9yq50sPl10fwG83pEPwRvHvadG8S+ziorS0tKdfdtClRU6cDo7UKHk/rd0s37ToZUVAtVbXzJAjWrPteZSaH8PAGWmXYJCmncxJoVBYcbBmrJ7WuI4qJFZxU0TtCXrEB4VNzjpSbiwGEgRoFJShVDQSvtNbRQ1WDZ9FgXlVVBQbYYg6GruQQBcsMrmeAgABNB3JOxrGewCMHePVE0I58/Al3Bby6s82MscQxBS4GjTtzGEs49Tu7XC2KCiBrWZfjo7kkrdmJ0UJzN5AfZDiWiDdSdt0JlovkN2L60BhbXU3EjVdJRWOzW7ZpyzDvfrwy+TEcFScMNpxb8i+JE0Ou4tf+5c/rkKPNk5F7zl8cBHbnYHyVqfa66Dey5yHYI7GfTv4xnVd0h7X39v/slL/RpAD+EhOMcaRY6CNQGjbMdF6Q/5vs5QPHAlxR6FgXfv4MwXF+ykNpifDYk+W1TcZTedwk9w6QdMG21A2/4NdO+g4GUIfw+E7AZSoNHYOhwpLFU5DgC4IqrAvT8dwsdXDhovCGlPwdMTfBqQmp1CatrmVC1lt9srnrq0oFbySwOFVKCw5Nq4ejsSnod++7QVtKHKBC34mCMO9IQpzFE4u3XCa2QKjZ5dLbPr2wuSxFfLNEuWcUpuks0fd0NJDo/viGPGtr5BVUi17zztZ63m+nRF3aA+VNN9V/3PfSPer3x25HqTZl0d7mHO2jbMpDWtYO2KOHMNyxgR3GySkwS1VMcJ5hGZx0m2XCznURafomKUMFSGF9wNq6Okt8kqPUVlVaUPBGPBD5NwoFQfdIf+CQAA//+2RVGDAgkAAA==
2025-12-25T03:08:23.6062857Z   CODEQL_ACTION_FEATURE_MULTI_LANGUAGE: false
2025-12-25T03:08:23.6063193Z   CODEQL_ACTION_FEATURE_SANDWICH: false
2025-12-25T03:08:23.6063501Z   CODEQL_ACTION_FEATURE_SARIF_COMBINE: true
2025-12-25T03:08:23.6063831Z   CODEQL_ACTION_FEATURE_WILL_UPLOAD: true
2025-12-25T03:08:23.6064131Z   CODEQL_ACTION_VERSION: 4.31.9
2025-12-25T03:08:23.6064435Z   JOB_RUN_UUID: 80047975-356e-423a-9586-49d9bfab7571
2025-12-25T03:08:23.6064758Z   CODEQL_ACTION_INIT_HAS_RUN: true
2025-12-25T03:08:23.6065159Z   CODEQL_ACTION_ANALYSIS_KEY: dynamic/github-code-scanning/codeql:analyze
2025-12-25T03:08:23.6065623Z   CODEQL_WORKFLOW_STARTED_AT: 2025-12-25T03:08:09.958Z
2025-12-25T03:08:23.6065951Z   CODEQL_RAM: 14581
2025-12-25T03:08:23.6066180Z   CODEQL_THREADS: 4
2025-12-25T03:08:23.6066394Z   CODEQL_PROXY_HOST: 
2025-12-25T03:08:23.6066631Z   CODEQL_PROXY_PORT: 
2025-12-25T03:08:23.6066865Z   CODEQL_PROXY_CA_CERTIFICATE: 
2025-12-25T03:08:23.6067128Z   CODEQL_PROXY_URLS: 
2025-12-25T03:08:23.6067343Z ##[endgroup]
2025-12-25T03:08:24.6096994Z While resolving threads, found a cgroup CPUs file with 4 CPUs in /sys/fs/cgroup/cpuset.cpus.effective.
2025-12-25T03:08:24.6138972Z ##[group]Generating diff range extension pack
2025-12-25T03:08:24.6139757Z Calculating diff ranges for main...refs/pull/50/head
2025-12-25T03:08:24.9037562Z Successfully created diff range extension pack at /home/runner/work/_temp/pr-diff-range.
2025-12-25T03:08:24.9038838Z ##[endgroup]
2025-12-25T03:08:24.9074391Z ##[group]Extracting actions
2025-12-25T03:08:24.9079124Z [command]/opt/hostedtoolcache/CodeQL/2.23.8/x64/codeql/codeql database trace-command --use-build-mode --working-dir /home/runner/work/scratchattach/scratchattach /home/runner/work/_temp/codeql_databases/actions
2025-12-25T03:08:25.7285824Z Running command in /home/runner/work/scratchattach/scratchattach: [/opt/hostedtoolcache/CodeQL/2.23.8/x64/codeql/actions/tools/autobuild.sh]
2025-12-25T03:08:25.7468424Z [2025-12-25 03:08:25] [build-stdout] LGTM_INDEX_FILTERS not set. Using the default filters, and passing through to the JavaScript extractor.
2025-12-25T03:08:26.6482919Z [2025-12-25 03:08:26] [build-stdout] Found JavaScript extractor at '/opt/hostedtoolcache/CodeQL/2.23.8/x64/codeql/javascript'.
2025-12-25T03:08:26.6484300Z [2025-12-25 03:08:26] [build-stdout] Running JavaScript autobuilder at '/opt/hostedtoolcache/CodeQL/2.23.8/x64/codeql/javascript/tools/autobuild.sh'.
2025-12-25T03:08:27.1573971Z [2025-12-25 03:08:27] [build-stdout] Parallel extraction with 4 threads.
2025-12-25T03:08:27.2118791Z [2025-12-25 03:08:27] [build-stdout] Extracting /home/runner/work/scratchattach/scratchattach/.github/workflows/action1.yml
2025-12-25T03:08:27.2133633Z [2025-12-25 03:08:27] [build-stdout] Extracting /home/runner/work/scratchattach/scratchattach/.github/workflows/action2.yml
2025-12-25T03:08:27.2135126Z [2025-12-25 03:08:27] [build-stdout] Extracting /home/runner/work/scratchattach/scratchattach/.github/workflows/action3.yml
2025-12-25T03:08:27.2136543Z [2025-12-25 03:08:27] [build-stdout] Extracting /home/runner/work/scratchattach/scratchattach/.github/workflows/action4.yml
2025-12-25T03:08:27.3750072Z [2025-12-25 03:08:27] [build-stdout] Done extracting /home/runner/work/scratchattach/scratchattach/.github/workflows/action3.yml (154 ms)
2025-12-25T03:08:27.3752162Z [2025-12-25 03:08:27] [build-stdout] Extracting /home/runner/work/scratchattach/scratchattach/.github/workflows/test-multivalue.yml
2025-12-25T03:08:27.3876634Z [2025-12-25 03:08:27] [build-stdout] Done extracting /home/runner/work/scratchattach/scratchattach/.github/workflows/action4.yml (174 ms)
2025-12-25T03:08:27.3896164Z [2025-12-25 03:08:27] [build-stdout] Done extracting /home/runner/work/scratchattach/scratchattach/.github/workflows/action1.yml (177 ms)
2025-12-25T03:08:27.3898855Z [2025-12-25 03:08:27] [build-stdout] Done extracting /home/runner/work/scratchattach/scratchattach/.github/workflows/test-multivalue.yml (19 ms)
2025-12-25T03:08:27.3915258Z [2025-12-25 03:08:27] [build-stdout] Done extracting /home/runner/work/scratchattach/scratchattach/.github/workflows/action2.yml (178 ms)
2025-12-25T03:08:27.4260403Z ##[endgroup]
2025-12-25T03:08:27.4266925Z ##[group]Finalizing actions
2025-12-25T03:08:27.4270197Z [command]/opt/hostedtoolcache/CodeQL/2.23.8/x64/codeql/codeql database finalize --finalize-dataset --threads=4 --ram=14581 /home/runner/work/_temp/codeql_databases/actions
2025-12-25T03:08:28.2310352Z Running TRAP import for CodeQL database at /home/runner/work/_temp/codeql_databases/actions...
2025-12-25T03:08:29.2881132Z Importing TRAP files
2025-12-25T03:08:29.8330970Z Merging relations
2025-12-25T03:08:29.9878420Z Finished writing database (relations: 7.97 KiB; string pool: 2.05 MiB).
2025-12-25T03:08:30.0352206Z TRAP import complete (1.8s).
2025-12-25T03:08:30.2695521Z Finished zipping source archive (3.96 KiB).
2025-12-25T03:08:30.2829142Z ##[endgroup]
2025-12-25T03:08:30.2834646Z ##[group]Running queries for actions
2025-12-25T03:08:30.2837577Z [command]/opt/hostedtoolcache/CodeQL/2.23.8/x64/codeql/codeql database run-queries --ram=14581 --threads=4 --expect-discarded-cache --additional-packs=/home/runner/work/_temp/pr-diff-range --extension-packs=codeql-action/pr-diff-range /home/runner/work/_temp/codeql_databases/actions --min-disk-free=1024 -v
2025-12-25T03:08:31.0698242Z Writing logs to /home/runner/work/_temp/codeql_databases/actions/log/database-run-queries-20251225.030831.066.log.
2025-12-25T03:08:31.1210459Z Stringpool size measured as 2146714
2025-12-25T03:08:31.7440111Z Writing logs to /home/runner/work/_temp/codeql_databases/actions/log/execute-queries-20251225.030831.740.log.
2025-12-25T03:08:32.0768105Z Recording pack reference codeql/actions-queries at /opt/hostedtoolcache/CodeQL/2.23.8/x64/codeql/qlpacks/codeql/actions-queries/0.6.16.
2025-12-25T03:08:33.9892778Z Compiling in 3 threads due to RAM limits.
2025-12-25T03:08:34.5090094Z [1/18] Loaded /opt/hostedtoolcache/CodeQL/2.23.8/x64/codeql/qlpacks/codeql/actions-queries/0.6.16/Security/CWE-312/UnmaskedSecretExposure.qlx.
2025-12-25T03:08:34.5115148Z [2/18] Loaded /opt/hostedtoolcache/CodeQL/2.23.8/x64/codeql/qlpacks/codeql/actions-queries/0.6.16/Security/CWE-312/ExcessiveSecretsExposure.qlx.
2025-12-25T03:08:34.6170879Z [3/18] Loaded /opt/hostedtoolcache/CodeQL/2.23.8/x64/codeql/qlpacks/codeql/actions-queries/0.6.16/Security/CWE-312/SecretsInArtifacts.qlx.
2025-12-25T03:08:35.1658060Z [4/18] Loaded /opt/hostedtoolcache/CodeQL/2.23.8/x64/codeql/qlpacks/codeql/actions-queries/0.6.16/Security/CWE-829/ArtifactPoisoningCritical.qlx.
2025-12-25T03:08:35.2192262Z [5/18] Loaded /opt/hostedtoolcache/CodeQL/2.23.8/x64/codeql/qlpacks/codeql/actions-queries/0.6.16/Security/CWE-829/UntrustedCheckoutHigh.qlx.
2025-12-25T03:08:35.2650631Z [6/18] Loaded /opt/hostedtoolcache/CodeQL/2.23.8/x64/codeql/qlpacks/codeql/actions-queries/0.6.16/Security/CWE-829/UntrustedCheckoutCritical.qlx.
2025-12-25T03:08:35.2700160Z [7/18] Loaded /opt/hostedtoolcache/CodeQL/2.23.8/x64/codeql/qlpacks/codeql/actions-queries/0.6.16/Security/CWE-1395/UseOfKnownVulnerableAction.qlx.
2025-12-25T03:08:35.4290416Z [8/18] Loaded /opt/hostedtoolcache/CodeQL/2.23.8/x64/codeql/qlpacks/codeql/actions-queries/0.6.16/Security/CWE-094/CodeInjectionCritical.qlx.
2025-12-25T03:08:35.4436223Z [9/18] Loaded /opt/hostedtoolcache/CodeQL/2.23.8/x64/codeql/qlpacks/codeql/actions-queries/0.6.16/Security/CWE-367/UntrustedCheckoutTOCTOUCritical.qlx.
2025-12-25T03:08:35.4682476Z [10/18] Loaded /opt/hostedtoolcache/CodeQL/2.23.8/x64/codeql/qlpacks/codeql/actions-queries/0.6.16/Security/CWE-367/UntrustedCheckoutTOCTOUHigh.qlx.
2025-12-25T03:08:35.5221629Z [11/18] Loaded /opt/hostedtoolcache/CodeQL/2.23.8/x64/codeql/qlpacks/codeql/actions-queries/0.6.16/Security/CWE-275/MissingActionsPermissions.qlx.
2025-12-25T03:08:35.7300109Z [12/18] Loaded /opt/hostedtoolcache/CodeQL/2.23.8/x64/codeql/qlpacks/codeql/actions-queries/0.6.16/Security/CWE-285/ImproperAccessControl.qlx.
2025-12-25T03:08:35.8229046Z [13/18] Loaded /opt/hostedtoolcache/CodeQL/2.23.8/x64/codeql/qlpacks/codeql/actions-queries/0.6.16/Security/CWE-077/EnvVarInjectionCritical.qlx.
2025-12-25T03:08:35.8275438Z [14/18] Loaded /opt/hostedtoolcache/CodeQL/2.23.8/x64/codeql/qlpacks/codeql/actions-queries/0.6.16/Security/CWE-077/EnvPathInjectionCritical.qlx.
2025-12-25T03:08:35.9107858Z [15/18] Loaded /opt/hostedtoolcache/CodeQL/2.23.8/x64/codeql/qlpacks/codeql/actions-queries/0.6.16/Security/CWE-349/CachePoisoningViaCodeInjection.qlx.
2025-12-25T03:08:35.9403719Z [16/18] Loaded /opt/hostedtoolcache/CodeQL/2.23.8/x64/codeql/qlpacks/codeql/actions-queries/0.6.16/Diagnostics/SuccessfullyExtractedFiles.qlx.
2025-12-25T03:08:35.9908793Z [17/18] Loaded /opt/hostedtoolcache/CodeQL/2.23.8/x64/codeql/qlpacks/codeql/actions-queries/0.6.16/Security/CWE-349/CachePoisoningViaDirectCache.qlx.
2025-12-25T03:08:36.0052124Z [18/18] Loaded /opt/hostedtoolcache/CodeQL/2.23.8/x64/codeql/qlpacks/codeql/actions-queries/0.6.16/Security/CWE-349/CachePoisoningViaPoisonableStep.qlx.
2025-12-25T03:08:36.2623130Z Starting evaluation of codeql/actions-queries/Diagnostics/SuccessfullyExtractedFiles.ql.
2025-12-25T03:08:36.2627938Z Starting evaluation of codeql/actions-queries/Security/CWE-094/CodeInjectionCritical.ql.
2025-12-25T03:08:36.2632930Z Starting evaluation of codeql/actions-queries/Security/CWE-077/EnvPathInjectionCritical.ql.
2025-12-25T03:08:36.2637515Z Starting evaluation of codeql/actions-queries/Security/CWE-077/EnvVarInjectionCritical.ql.
2025-12-25T03:08:36.2689112Z Starting evaluation of codeql/actions-queries/Security/CWE-1395/UseOfKnownVulnerableAction.ql.
2025-12-25T03:08:36.2692373Z Starting evaluation of codeql/actions-queries/Security/CWE-275/MissingActionsPermissions.ql.
2025-12-25T03:08:36.2695905Z Starting evaluation of codeql/actions-queries/Security/CWE-285/ImproperAccessControl.ql.
2025-12-25T03:08:36.2725189Z Starting evaluation of codeql/actions-queries/Security/CWE-312/ExcessiveSecretsExposure.ql.
2025-12-25T03:08:36.5353056Z [1/18 eval 262ms] Evaluation done; writing results to codeql/actions-queries/Diagnostics/SuccessfullyExtractedFiles.bqrs.
2025-12-25T03:08:36.5425649Z Starting evaluation of codeql/actions-queries/Security/CWE-312/SecretsInArtifacts.ql.
2025-12-25T03:08:36.5441829Z Starting evaluation of codeql/actions-queries/Security/CWE-312/UnmaskedSecretExposure.ql.
2025-12-25T03:08:36.5443148Z Starting evaluation of codeql/actions-queries/Security/CWE-349/CachePoisoningViaCodeInjection.ql.
2025-12-25T03:08:36.5445736Z Starting evaluation of codeql/actions-queries/Security/CWE-349/CachePoisoningViaDirectCache.ql.
2025-12-25T03:08:36.5448044Z Starting evaluation of codeql/actions-queries/Security/CWE-349/CachePoisoningViaPoisonableStep.ql.
2025-12-25T03:08:36.5450711Z Starting evaluation of codeql/actions-queries/Security/CWE-367/UntrustedCheckoutTOCTOUCritical.ql.
2025-12-25T03:08:36.5453804Z Starting evaluation of codeql/actions-queries/Security/CWE-367/UntrustedCheckoutTOCTOUHigh.ql.
2025-12-25T03:08:37.3960568Z [2/18 eval 1.1s] Evaluation done; writing results to codeql/actions-queries/Security/CWE-312/ExcessiveSecretsExposure.bqrs.
2025-12-25T03:08:37.3975779Z [3/18 eval 852ms] Evaluation done; writing results to codeql/actions-queries/Security/CWE-312/UnmaskedSecretExposure.bqrs.
2025-12-25T03:08:37.4067488Z Starting evaluation of codeql/actions-queries/Security/CWE-829/ArtifactPoisoningCritical.ql.
2025-12-25T03:08:37.4373261Z [4/18 eval 1.2s] Evaluation done; writing results to codeql/actions-queries/Security/CWE-1395/UseOfKnownVulnerableAction.bqrs.
2025-12-25T03:08:37.7059045Z [5/18 eval 1.4s] Evaluation done; writing results to codeql/actions-queries/Security/CWE-275/MissingActionsPermissions.bqrs.
2025-12-25T03:08:37.7185796Z [6/18 eval 1.4s] Evaluation done; writing results to codeql/actions-queries/Security/CWE-285/ImproperAccessControl.bqrs.
2025-12-25T03:08:37.7215272Z [7/18 eval 1.2s] Evaluation done; writing results to codeql/actions-queries/Security/CWE-312/SecretsInArtifacts.bqrs.
2025-12-25T03:08:37.7499523Z [8/18 eval 1.2s] Evaluation done; writing results to codeql/actions-queries/Security/CWE-349/CachePoisoningViaDirectCache.bqrs.
2025-12-25T03:08:37.8342096Z Starting evaluation of codeql/actions-queries/Security/CWE-829/UntrustedCheckoutCritical.ql.
2025-12-25T03:08:37.8343697Z Starting evaluation of codeql/actions-queries/Security/CWE-829/UntrustedCheckoutHigh.ql.
2025-12-25T03:08:38.0755494Z [9/18 eval 240ms] Evaluation done; writing results to codeql/actions-queries/Security/CWE-829/UntrustedCheckoutHigh.bqrs.
2025-12-25T03:08:38.0886490Z [10/18 eval 1.5s] Evaluation done; writing results to codeql/actions-queries/Security/CWE-367/UntrustedCheckoutTOCTOUCritical.bqrs.
2025-12-25T03:08:38.0888039Z [11/18 eval 1.5s] Evaluation done; writing results to codeql/actions-queries/Security/CWE-367/UntrustedCheckoutTOCTOUHigh.bqrs.
2025-12-25T03:08:38.0889610Z [12/18 eval 256ms] Evaluation done; writing results to codeql/actions-queries/Security/CWE-829/UntrustedCheckoutCritical.bqrs.
2025-12-25T03:08:38.1216196Z [13/18 eval 1.9s] Evaluation done; writing results to codeql/actions-queries/Security/CWE-077/EnvPathInjectionCritical.bqrs.
2025-12-25T03:08:38.1410853Z [14/18 eval 1.6s] Evaluation done; writing results to codeql/actions-queries/Security/CWE-349/CachePoisoningViaCodeInjection.bqrs.
2025-12-25T03:08:38.1459550Z [15/18 eval 1.9s] Evaluation done; writing results to codeql/actions-queries/Security/CWE-077/EnvVarInjectionCritical.bqrs.
2025-12-25T03:08:38.1493148Z [16/18 eval 1.9s] Evaluation done; writing results to codeql/actions-queries/Security/CWE-094/CodeInjectionCritical.bqrs.
2025-12-25T03:08:38.1586760Z [17/18 eval 1.6s] Evaluation done; writing results to codeql/actions-queries/Security/CWE-349/CachePoisoningViaPoisonableStep.bqrs.
2025-12-25T03:08:38.1792087Z [18/18 eval 769ms] Evaluation done; writing results to codeql/actions-queries/Security/CWE-829/ArtifactPoisoningCritical.bqrs.
2025-12-25T03:08:38.1801141Z Shutting down query evaluator.
2025-12-25T03:08:38.2993880Z Interpreting code scanning results for actions
2025-12-25T03:08:39.0552103Z Writing logs to /home/runner/work/_temp/codeql_databases/actions/log/database-interpret-results-20251225.030839.052.log.
2025-12-25T03:08:39.2054016Z Recording pack reference codeql/actions-queries at /opt/hostedtoolcache/CodeQL/2.23.8/x64/codeql/qlpacks/codeql/actions-queries/0.6.16.
2025-12-25T03:08:39.2396872Z Resolving extensions
2025-12-25T03:08:40.0583344Z Interpreting /opt/hostedtoolcache/CodeQL/2.23.8/x64/codeql/qlpacks/codeql/actions-queries/0.6.16/Security/CWE-312/UnmaskedSecretExposure.ql...
2025-12-25T03:08:40.0849253Z  ... found results file at /home/runner/work/_temp/codeql_databases/actions/results/codeql/actions-queries/Security/CWE-312/UnmaskedSecretExposure.bqrs.
2025-12-25T03:08:40.1007831Z Interpreting /opt/hostedtoolcache/CodeQL/2.23.8/x64/codeql/qlpacks/codeql/actions-queries/0.6.16/Security/CWE-312/SecretsInArtifacts.ql...
2025-12-25T03:08:40.1149788Z  ... found results file at /home/runner/work/_temp/codeql_databases/actions/results/codeql/actions-queries/Security/CWE-312/SecretsInArtifacts.bqrs.
2025-12-25T03:08:40.1155826Z Interpreting /opt/hostedtoolcache/CodeQL/2.23.8/x64/codeql/qlpacks/codeql/actions-queries/0.6.16/Security/CWE-312/ExcessiveSecretsExposure.ql...
2025-12-25T03:08:40.1272403Z  ... found results file at /home/runner/work/_temp/codeql_databases/actions/results/codeql/actions-queries/Security/CWE-312/ExcessiveSecretsExposure.bqrs.
2025-12-25T03:08:40.1278135Z Interpreting /opt/hostedtoolcache/CodeQL/2.23.8/x64/codeql/qlpacks/codeql/actions-queries/0.6.16/Security/CWE-829/ArtifactPoisoningCritical.ql...
2025-12-25T03:08:40.1378981Z  ... found results file at /home/runner/work/_temp/codeql_databases/actions/results/codeql/actions-queries/Security/CWE-829/ArtifactPoisoningCritical.bqrs.
2025-12-25T03:08:40.1384737Z Interpreting /opt/hostedtoolcache/CodeQL/2.23.8/x64/codeql/qlpacks/codeql/actions-queries/0.6.16/Security/CWE-829/UntrustedCheckoutCritical.ql...
2025-12-25T03:08:40.1473135Z  ... found results file at /home/runner/work/_temp/codeql_databases/actions/results/codeql/actions-queries/Security/CWE-829/UntrustedCheckoutCritical.bqrs.
2025-12-25T03:08:40.1480972Z Interpreting /opt/hostedtoolcache/CodeQL/2.23.8/x64/codeql/qlpacks/codeql/actions-queries/0.6.16/Security/CWE-829/UntrustedCheckoutHigh.ql...
2025-12-25T03:08:40.1567346Z  ... found results file at /home/runner/work/_temp/codeql_databases/actions/results/codeql/actions-queries/Security/CWE-829/UntrustedCheckoutHigh.bqrs.
2025-12-25T03:08:40.1585660Z Interpreting /opt/hostedtoolcache/CodeQL/2.23.8/x64/codeql/qlpacks/codeql/actions-queries/0.6.16/Security/CWE-1395/UseOfKnownVulnerableAction.ql...
2025-12-25T03:08:40.1651446Z  ... found results file at /home/runner/work/_temp/codeql_databases/actions/results/codeql/actions-queries/Security/CWE-1395/UseOfKnownVulnerableAction.bqrs.
2025-12-25T03:08:40.1659016Z Interpreting /opt/hostedtoolcache/CodeQL/2.23.8/x64/codeql/qlpacks/codeql/actions-queries/0.6.16/Security/CWE-094/CodeInjectionCritical.ql...
2025-12-25T03:08:40.1729706Z  ... found results file at /home/runner/work/_temp/codeql_databases/actions/results/codeql/actions-queries/Security/CWE-094/CodeInjectionCritical.bqrs.
2025-12-25T03:08:40.1736644Z Interpreting /opt/hostedtoolcache/CodeQL/2.23.8/x64/codeql/qlpacks/codeql/actions-queries/0.6.16/Security/CWE-367/UntrustedCheckoutTOCTOUCritical.ql...
2025-12-25T03:08:40.1809965Z  ... found results file at /home/runner/work/_temp/codeql_databases/actions/results/codeql/actions-queries/Security/CWE-367/UntrustedCheckoutTOCTOUCritical.bqrs.
2025-12-25T03:08:40.1817375Z Interpreting /opt/hostedtoolcache/CodeQL/2.23.8/x64/codeql/qlpacks/codeql/actions-queries/0.6.16/Security/CWE-367/UntrustedCheckoutTOCTOUHigh.ql...
2025-12-25T03:08:40.1894745Z  ... found results file at /home/runner/work/_temp/codeql_databases/actions/results/codeql/actions-queries/Security/CWE-367/UntrustedCheckoutTOCTOUHigh.bqrs.
2025-12-25T03:08:40.1909887Z Interpreting /opt/hostedtoolcache/CodeQL/2.23.8/x64/codeql/qlpacks/codeql/actions-queries/0.6.16/Security/CWE-275/MissingActionsPermissions.ql...
2025-12-25T03:08:40.1969267Z  ... found results file at /home/runner/work/_temp/codeql_databases/actions/results/codeql/actions-queries/Security/CWE-275/MissingActionsPermissions.bqrs.
2025-12-25T03:08:40.1981649Z Interpreting /opt/hostedtoolcache/CodeQL/2.23.8/x64/codeql/qlpacks/codeql/actions-queries/0.6.16/Security/CWE-077/EnvVarInjectionCritical.ql...
2025-12-25T03:08:40.2053044Z  ... found results file at /home/runner/work/_temp/codeql_databases/actions/results/codeql/actions-queries/Security/CWE-077/EnvVarInjectionCritical.bqrs.
2025-12-25T03:08:40.2061172Z Interpreting /opt/hostedtoolcache/CodeQL/2.23.8/x64/codeql/qlpacks/codeql/actions-queries/0.6.16/Security/CWE-077/EnvPathInjectionCritical.ql...
2025-12-25T03:08:40.2124546Z  ... found results file at /home/runner/work/_temp/codeql_databases/actions/results/codeql/actions-queries/Security/CWE-077/EnvPathInjectionCritical.bqrs.
2025-12-25T03:08:40.2139876Z Interpreting /opt/hostedtoolcache/CodeQL/2.23.8/x64/codeql/qlpacks/codeql/actions-queries/0.6.16/Security/CWE-285/ImproperAccessControl.ql...
2025-12-25T03:08:40.2204320Z  ... found results file at /home/runner/work/_temp/codeql_databases/actions/results/codeql/actions-queries/Security/CWE-285/ImproperAccessControl.bqrs.
2025-12-25T03:08:40.2221301Z Interpreting /opt/hostedtoolcache/CodeQL/2.23.8/x64/codeql/qlpacks/codeql/actions-queries/0.6.16/Security/CWE-349/CachePoisoningViaCodeInjection.ql...
2025-12-25T03:08:40.2286897Z  ... found results file at /home/runner/work/_temp/codeql_databases/actions/results/codeql/actions-queries/Security/CWE-349/CachePoisoningViaCodeInjection.bqrs.
2025-12-25T03:08:40.2300878Z Interpreting /opt/hostedtoolcache/CodeQL/2.23.8/x64/codeql/qlpacks/codeql/actions-queries/0.6.16/Security/CWE-349/CachePoisoningViaPoisonableStep.ql...
2025-12-25T03:08:40.2357460Z  ... found results file at /home/runner/work/_temp/codeql_databases/actions/results/codeql/actions-queries/Security/CWE-349/CachePoisoningViaPoisonableStep.bqrs.
2025-12-25T03:08:40.2363948Z Interpreting /opt/hostedtoolcache/CodeQL/2.23.8/x64/codeql/qlpacks/codeql/actions-queries/0.6.16/Security/CWE-349/CachePoisoningViaDirectCache.ql...
2025-12-25T03:08:40.2429307Z  ... found results file at /home/runner/work/_temp/codeql_databases/actions/results/codeql/actions-queries/Security/CWE-349/CachePoisoningViaDirectCache.bqrs.
2025-12-25T03:08:40.2436096Z Interpreting /opt/hostedtoolcache/CodeQL/2.23.8/x64/codeql/qlpacks/codeql/actions-queries/0.6.16/Diagnostics/SuccessfullyExtractedFiles.ql...
2025-12-25T03:08:40.2505783Z  ... found results file at /home/runner/work/_temp/codeql_databases/actions/results/codeql/actions-queries/Diagnostics/SuccessfullyExtractedFiles.bqrs.
2025-12-25T03:08:40.3409131Z Interpreted problem query "Unmasked Secret Exposure" (actions/unmasked-secret-exposure) at path /home/runner/work/_temp/codeql_databases/actions/results/codeql/actions-queries/Security/CWE-312/UnmaskedSecretExposure.bqrs.
2025-12-25T03:08:40.3421384Z Interpreted problem query "Storage of sensitive information in GitHub Actions artifact" (actions/secrets-in-artifacts) at path /home/runner/work/_temp/codeql_databases/actions/results/codeql/actions-queries/Security/CWE-312/SecretsInArtifacts.bqrs.
2025-12-25T03:08:40.3429151Z Interpreted problem query "Excessive Secrets Exposure" (actions/excessive-secrets-exposure) at path /home/runner/work/_temp/codeql_databases/actions/results/codeql/actions-queries/Security/CWE-312/ExcessiveSecretsExposure.bqrs.
2025-12-25T03:08:40.3435003Z Interpreted pathproblem query "Artifact poisoning" (actions/artifact-poisoning/critical) at path /home/runner/work/_temp/codeql_databases/actions/results/codeql/actions-queries/Security/CWE-829/ArtifactPoisoningCritical.bqrs.
2025-12-25T03:08:40.3442081Z Interpreted pathproblem query "Checkout of untrusted code in a privileged context" (actions/untrusted-checkout/critical) at path /home/runner/work/_temp/codeql_databases/actions/results/codeql/actions-queries/Security/CWE-829/UntrustedCheckoutCritical.bqrs.
2025-12-25T03:08:40.3455148Z Interpreted problem query "Checkout of untrusted code in trusted context" (actions/untrusted-checkout/high) at path /home/runner/work/_temp/codeql_databases/actions/results/codeql/actions-queries/Security/CWE-829/UntrustedCheckoutHigh.bqrs.
2025-12-25T03:08:40.3458426Z Interpreted problem query "Use of a known vulnerable action" (actions/vulnerable-action) at path /home/runner/work/_temp/codeql_databases/actions/results/codeql/actions-queries/Security/CWE-1395/UseOfKnownVulnerableAction.bqrs.
2025-12-25T03:08:40.3461785Z Interpreted pathproblem query "Code injection" (actions/code-injection/critical) at path /home/runner/work/_temp/codeql_databases/actions/results/codeql/actions-queries/Security/CWE-094/CodeInjectionCritical.bqrs.
2025-12-25T03:08:40.3471663Z Interpreted pathproblem query "Untrusted Checkout TOCTOU" (actions/untrusted-checkout-toctou/critical) at path /home/runner/work/_temp/codeql_databases/actions/results/codeql/actions-queries/Security/CWE-367/UntrustedCheckoutTOCTOUCritical.bqrs.
2025-12-25T03:08:40.3475087Z Interpreted problem query "Untrusted Checkout TOCTOU" (actions/untrusted-checkout-toctou/high) at path /home/runner/work/_temp/codeql_databases/actions/results/codeql/actions-queries/Security/CWE-367/UntrustedCheckoutTOCTOUHigh.bqrs.
2025-12-25T03:08:40.3478428Z Interpreted problem query "Workflow does not contain permissions" (actions/missing-workflow-permissions) at path /home/runner/work/_temp/codeql_databases/actions/results/codeql/actions-queries/Security/CWE-275/MissingActionsPermissions.bqrs.
2025-12-25T03:08:40.3481901Z Interpreted pathproblem query "Environment variable built from user-controlled sources" (actions/envvar-injection/critical) at path /home/runner/work/_temp/codeql_databases/actions/results/codeql/actions-queries/Security/CWE-077/EnvVarInjectionCritical.bqrs.
2025-12-25T03:08:40.3501132Z Interpreted pathproblem query "PATH environment variable built from user-controlled sources" (actions/envpath-injection/critical) at path /home/runner/work/_temp/codeql_databases/actions/results/codeql/actions-queries/Security/CWE-077/EnvPathInjectionCritical.bqrs.
2025-12-25T03:08:40.3504753Z Interpreted problem query "Improper Access Control" (actions/improper-access-control) at path /home/runner/work/_temp/codeql_databases/actions/results/codeql/actions-queries/Security/CWE-285/ImproperAccessControl.bqrs.
2025-12-25T03:08:40.3507801Z Interpreted pathproblem query "Cache Poisoning via low-privileged code injection" (actions/cache-poisoning/code-injection) at path /home/runner/work/_temp/codeql_databases/actions/results/codeql/actions-queries/Security/CWE-349/CachePoisoningViaCodeInjection.bqrs.
2025-12-25T03:08:40.3511957Z Interpreted pathproblem query "Cache Poisoning via execution of untrusted code" (actions/cache-poisoning/poisonable-step) at path /home/runner/work/_temp/codeql_databases/actions/results/codeql/actions-queries/Security/CWE-349/CachePoisoningViaPoisonableStep.bqrs.
2025-12-25T03:08:40.3517756Z Interpreted pathproblem query "Cache Poisoning via caching of untrusted files" (actions/cache-poisoning/direct-cache) at path /home/runner/work/_temp/codeql_databases/actions/results/codeql/actions-queries/Security/CWE-349/CachePoisoningViaDirectCache.bqrs.
2025-12-25T03:08:40.3535189Z Interpreted diagnostic query "Extracted files" (actions/diagnostics/successfully-extracted-files) at path /home/runner/work/_temp/codeql_databases/actions/results/codeql/actions-queries/Diagnostics/SuccessfullyExtractedFiles.bqrs.
2025-12-25T03:08:40.3537426Z Reading source archive /home/runner/work/_temp/codeql_databases/actions/src.zip
2025-12-25T03:08:40.4701388Z Interpreting file coverage baseline information
2025-12-25T03:08:40.4719966Z Finished interpreting file coverage baseline information.
2025-12-25T03:08:40.4722306Z Interpreting diagnostic messages...
2025-12-25T03:08:40.5068350Z Found 3 raw diagnostic messages.
2025-12-25T03:08:40.5148195Z Processed diagnostic messages (removed 0 due to limits, created 0 summary diagnostics for status page).
2025-12-25T03:08:40.5169624Z Interpreted diagnostic messages (43ms).
2025-12-25T03:08:40.7382160Z Exporting results to SARIF...
2025-12-25T03:08:40.8895336Z Exported results to SARIF (152ms).
2025-12-25T03:08:40.9247813Z ##[endgroup]
2025-12-25T03:08:40.9249568Z CodeQL scanned 5 out of 5 GitHub Actions files in this invocation. Check the status page for overall coverage information: https://github.com/Boss-1s/scratchattach/security/code-scanning/tools/CodeQL/status/
2025-12-25T03:08:40.9250622Z 
2025-12-25T03:08:40.9261872Z Post-processing sarif files: ["/home/runner/work/scratchattach/results/actions.sarif"]
2025-12-25T03:08:40.9283035Z Adding fingerprints to SARIF file. See https://docs.github.com/en/enterprise-cloud@latest/code-security/code-scanning/integrating-with-code-scanning/sarif-support-for-code-scanning#providing-data-to-track-code-scanning-alerts-across-runs for more information.
2025-12-25T03:08:40.9286097Z ##[group]Uploading code scanning results
2025-12-25T03:08:40.9395763Z Uploading results
2025-12-25T03:08:41.2616182Z Successfully uploaded results
2025-12-25T03:08:41.2616961Z ##[endgroup]
2025-12-25T03:08:41.2632729Z Skipping upload of dependency cache for actions as we have no caching configuration for it.
2025-12-25T03:08:41.2634902Z ##[group]Waiting for processing to finish
2025-12-25T03:08:41.4113971Z Analysis upload status is pending.
2025-12-25T03:08:46.5508410Z Analysis upload status is complete.
2025-12-25T03:08:46.5509561Z ##[endgroup]
2025-12-25T03:08:46.6773852Z Post job cleanup.
2025-12-25T03:08:47.5433712Z Post job cleanup.
2025-12-25T03:08:47.7601929Z Post job cleanup.
2025-12-25T03:08:48.6411024Z CodeQL job status was success.
2025-12-25T03:08:48.6420732Z Sending status report for init-post step.
2025-12-25T03:08:48.9192061Z Status report sent for init-post step.
2025-12-25T03:08:48.9659251Z Post job cleanup.
2025-12-25T03:08:49.0634030Z [command]/usr/bin/git version
2025-12-25T03:08:49.0672826Z git version 2.52.0
2025-12-25T03:08:49.0718749Z Temporarily overriding HOME='/home/runner/work/_temp/d8acfb7d-60bf-4d02-b75f-829c63a4366c' before making global git config changes
2025-12-25T03:08:49.0720369Z Adding repository directory to the temporary git global config as a safe directory
2025-12-25T03:08:49.0733576Z [command]/usr/bin/git config --global --add safe.directory /home/runner/work/scratchattach/scratchattach
2025-12-25T03:08:49.0771159Z [command]/usr/bin/git config --local --name-only --get-regexp core\.sshCommand
2025-12-25T03:08:49.0806371Z [command]/usr/bin/git submodule foreach --recursive sh -c "git config --local --name-only --get-regexp 'core\.sshCommand' && git config --local --unset-all 'core.sshCommand' || :"
2025-12-25T03:08:49.1048444Z [command]/usr/bin/git config --local --name-only --get-regexp http\.https\:\/\/github\.com\/\.extraheader
2025-12-25T03:08:49.1074608Z http.https://github.com/.extraheader
2025-12-25T03:08:49.1087750Z [command]/usr/bin/git config --local --unset-all http.https://github.com/.extraheader
2025-12-25T03:08:49.1122817Z [command]/usr/bin/git submodule foreach --recursive sh -c "git config --local --name-only --get-regexp 'http\.https\:\/\/github\.com\/\.extraheader' && git config --local --unset-all 'http.https://github.com/.extraheader' || :"
2025-12-25T03:08:49.1356032Z [command]/usr/bin/git config --local --name-only --get-regexp ^includeIf\.gitdir:
2025-12-25T03:08:49.1391780Z [command]/usr/bin/git submodule foreach --recursive git config --local --show-origin --name-only --get-regexp remote.origin.url
2025-12-25T03:08:49.1765528Z Cleaning up orphan processes
