2025-11-06T12:43:39.7382619Z Current runner version: '2.329.0'
2025-11-06T12:43:39.7418037Z ##[group]Runner Image Provisioner
2025-11-06T12:43:39.7419481Z Hosted Compute Agent
2025-11-06T12:43:39.7420438Z Version: 20251016.436
2025-11-06T12:43:39.7421488Z Commit: 8ab8ac8bfd662a3739dab9fe09456aba92132568
2025-11-06T12:43:39.7422807Z Build Date: 2025-10-15T20:44:12Z
2025-11-06T12:43:39.7423800Z ##[endgroup]
2025-11-06T12:43:39.7424764Z ##[group]Operating System
2025-11-06T12:43:39.7425789Z Ubuntu
2025-11-06T12:43:39.7426926Z 24.04.3
2025-11-06T12:43:39.7427713Z LTS
2025-11-06T12:43:39.7428622Z ##[endgroup]
2025-11-06T12:43:39.7429527Z ##[group]Runner Image
2025-11-06T12:43:39.7430538Z Image: ubuntu-24.04
2025-11-06T12:43:39.7431473Z Version: 20251030.96.2
2025-11-06T12:43:39.7433206Z Included Software: https://github.com/actions/runner-images/blob/ubuntu24/20251030.96/images/ubuntu/Ubuntu2404-Readme.md
2025-11-06T12:43:39.7435882Z Image Release: https://github.com/actions/runner-images/releases/tag/ubuntu24%2F20251030.96
2025-11-06T12:43:39.7437795Z ##[endgroup]
2025-11-06T12:43:39.7442143Z ##[group]GITHUB_TOKEN Permissions
2025-11-06T12:43:39.7444798Z Actions: write
2025-11-06T12:43:39.7445824Z Attestations: write
2025-11-06T12:43:39.7446876Z Checks: write
2025-11-06T12:43:39.7447672Z Contents: write
2025-11-06T12:43:39.7448730Z Deployments: write
2025-11-06T12:43:39.7449558Z Discussions: write
2025-11-06T12:43:39.7450488Z Issues: write
2025-11-06T12:43:39.7451276Z Metadata: read
2025-11-06T12:43:39.7452170Z Models: read
2025-11-06T12:43:39.7453130Z Packages: write
2025-11-06T12:43:39.7454022Z Pages: write
2025-11-06T12:43:39.7454851Z PullRequests: write
2025-11-06T12:43:39.7455868Z RepositoryProjects: write
2025-11-06T12:43:39.7457106Z SecurityEvents: write
2025-11-06T12:43:39.7458190Z Statuses: write
2025-11-06T12:43:39.7459258Z ##[endgroup]
2025-11-06T12:43:39.7462462Z Secret source: Actions
2025-11-06T12:43:39.7463917Z Prepare workflow directory
2025-11-06T12:43:39.7934089Z Prepare all required actions
2025-11-06T12:43:39.7991448Z Getting action download info
2025-11-06T12:43:40.0695367Z Download action repository 'actions/checkout@v5.0.0' (SHA:08c6903cd8c0fde910a37f88322edcfb5dd907a8)
2025-11-06T12:43:40.1412428Z Download action repository 'actions/setup-python@v6.0.0' (SHA:e797f83bcb11b83ae66e0230d6156d7c80228e7c)
2025-11-06T12:43:40.2812869Z Download action repository 'bossOfCode/install-scratchattach@v1.0.3' (SHA:be17a7cf1ecb5a7040eb42ef26c2e1fbe72bb25a)
2025-11-06T12:43:40.6762339Z Complete job name: Run 1
2025-11-06T12:43:40.7430593Z ##[group]Run actions/checkout@v5.0.0
2025-11-06T12:43:40.7431443Z with:
2025-11-06T12:43:40.7431823Z   ref: main
2025-11-06T12:43:40.7432228Z   repository: Boss-1s/scratchattach
2025-11-06T12:43:40.7432885Z   token: ***
2025-11-06T12:43:40.7433274Z   ssh-strict: true
2025-11-06T12:43:40.7433675Z   ssh-user: git
2025-11-06T12:43:40.7434089Z   persist-credentials: true
2025-11-06T12:43:40.7434546Z   clean: true
2025-11-06T12:43:40.7434945Z   sparse-checkout-cone-mode: true
2025-11-06T12:43:40.7435432Z   fetch-depth: 1
2025-11-06T12:43:40.7435845Z   fetch-tags: false
2025-11-06T12:43:40.7436441Z   show-progress: true
2025-11-06T12:43:40.7436861Z   lfs: false
2025-11-06T12:43:40.7437240Z   submodules: false
2025-11-06T12:43:40.7437657Z   set-safe-directory: true
2025-11-06T12:43:40.7438346Z ##[endgroup]
2025-11-06T12:43:40.8316266Z Syncing repository: Boss-1s/scratchattach
2025-11-06T12:43:40.8317987Z ##[group]Getting Git version info
2025-11-06T12:43:40.8318836Z Working directory is '/home/runner/work/scratchattach/scratchattach'
2025-11-06T12:43:40.8319853Z [command]/usr/bin/git version
2025-11-06T12:43:40.8344744Z git version 2.51.2
2025-11-06T12:43:40.8364491Z ##[endgroup]
2025-11-06T12:43:40.8377879Z Temporarily overriding HOME='/home/runner/work/_temp/53cbca56-0fed-4ee7-b4bf-0308ade0789a' before making global git config changes
2025-11-06T12:43:40.8382331Z Adding repository directory to the temporary git global config as a safe directory
2025-11-06T12:43:40.8383847Z [command]/usr/bin/git config --global --add safe.directory /home/runner/work/scratchattach/scratchattach
2025-11-06T12:43:40.8416403Z Deleting the contents of '/home/runner/work/scratchattach/scratchattach'
2025-11-06T12:43:40.8419495Z ##[group]Initializing the repository
2025-11-06T12:43:40.8423955Z [command]/usr/bin/git init /home/runner/work/scratchattach/scratchattach
2025-11-06T12:43:40.8489422Z hint: Using 'master' as the name for the initial branch. This default branch name
2025-11-06T12:43:40.8491114Z hint: is subject to change. To configure the initial branch name to use in all
2025-11-06T12:43:40.8492602Z hint: of your new repositories, which will suppress this warning, call:
2025-11-06T12:43:40.8493639Z hint:
2025-11-06T12:43:40.8494382Z hint: 	git config --global init.defaultBranch <name>
2025-11-06T12:43:40.8495217Z hint:
2025-11-06T12:43:40.8495781Z hint: Names commonly chosen instead of 'master' are 'main', 'trunk' and
2025-11-06T12:43:40.8496996Z hint: 'development'. The just-created branch can be renamed via this command:
2025-11-06T12:43:40.8497809Z hint:
2025-11-06T12:43:40.8498409Z hint: 	git branch -m <name>
2025-11-06T12:43:40.8498963Z hint:
2025-11-06T12:43:40.8499546Z hint: Disable this message with "git config set advice.defaultBranchName false"
2025-11-06T12:43:40.8500565Z Initialized empty Git repository in /home/runner/work/scratchattach/scratchattach/.git/
2025-11-06T12:43:40.8502997Z [command]/usr/bin/git remote add origin https://github.com/Boss-1s/scratchattach
2025-11-06T12:43:40.8532824Z ##[endgroup]
2025-11-06T12:43:40.8533599Z ##[group]Disabling automatic garbage collection
2025-11-06T12:43:40.8535872Z [command]/usr/bin/git config --local gc.auto 0
2025-11-06T12:43:40.8562485Z ##[endgroup]
2025-11-06T12:43:40.8563162Z ##[group]Setting up auth
2025-11-06T12:43:40.8568568Z [command]/usr/bin/git config --local --name-only --get-regexp core\.sshCommand
2025-11-06T12:43:40.8597730Z [command]/usr/bin/git submodule foreach --recursive sh -c "git config --local --name-only --get-regexp 'core\.sshCommand' && git config --local --unset-all 'core.sshCommand' || :"
2025-11-06T12:43:40.8892954Z [command]/usr/bin/git config --local --name-only --get-regexp http\.https\:\/\/github\.com\/\.extraheader
2025-11-06T12:43:40.8922477Z [command]/usr/bin/git submodule foreach --recursive sh -c "git config --local --name-only --get-regexp 'http\.https\:\/\/github\.com\/\.extraheader' && git config --local --unset-all 'http.https://github.com/.extraheader' || :"
2025-11-06T12:43:40.9136833Z [command]/usr/bin/git config --local http.https://github.com/.extraheader AUTHORIZATION: basic ***
2025-11-06T12:43:40.9170008Z ##[endgroup]
2025-11-06T12:43:40.9171238Z ##[group]Fetching the repository
2025-11-06T12:43:40.9179356Z [command]/usr/bin/git -c protocol.version=2 fetch --no-tags --prune --no-recurse-submodules --depth=1 origin +refs/heads/main*:refs/remotes/origin/main* +refs/tags/main*:refs/tags/main*
2025-11-06T12:43:41.6831411Z From https://github.com/Boss-1s/scratchattach
2025-11-06T12:43:41.6837862Z  * [new branch]      main       -> origin/main
2025-11-06T12:43:41.6864858Z ##[endgroup]
2025-11-06T12:43:41.6866452Z ##[group]Determining the checkout info
2025-11-06T12:43:41.6871592Z [command]/usr/bin/git branch --list --remote origin/main
2025-11-06T12:43:41.6894303Z   origin/main
2025-11-06T12:43:41.6900789Z ##[endgroup]
2025-11-06T12:43:41.6905006Z [command]/usr/bin/git sparse-checkout disable
2025-11-06T12:43:41.6942984Z [command]/usr/bin/git config --local --unset-all extensions.worktreeConfig
2025-11-06T12:43:41.6971821Z ##[group]Checking out the ref
2025-11-06T12:43:41.6976052Z [command]/usr/bin/git checkout --progress --force -B main refs/remotes/origin/main
2025-11-06T12:43:42.0435219Z Switched to a new branch 'main'
2025-11-06T12:43:42.0437064Z branch 'main' set up to track 'origin/main'.
2025-11-06T12:43:42.0476865Z ##[endgroup]
2025-11-06T12:43:42.0515787Z [command]/usr/bin/git log -1 --format=%H
2025-11-06T12:43:42.0539205Z a7d5431f7bcdabc17084f44d906c0db542d25ffb
2025-11-06T12:43:42.0794485Z ##[group]Run actions/setup-python@v6.0.0
2025-11-06T12:43:42.0795357Z with:
2025-11-06T12:43:42.0795759Z   python-version: 3.13
2025-11-06T12:43:42.0796407Z   check-latest: false
2025-11-06T12:43:42.0797054Z   token: ***
2025-11-06T12:43:42.0797485Z   update-environment: true
2025-11-06T12:43:42.0798031Z   allow-prereleases: false
2025-11-06T12:43:42.0798575Z   freethreaded: false
2025-11-06T12:43:42.0799073Z ##[endgroup]
2025-11-06T12:43:42.2052806Z ##[group]Installed versions
2025-11-06T12:43:42.2137951Z (node:2054) [DEP0040] DeprecationWarning: The `punycode` module is deprecated. Please use a userland alternative instead.
2025-11-06T12:43:42.2141008Z (Use `node --trace-deprecation ...` to show where the warning was created)
2025-11-06T12:43:42.2142576Z Successfully set up CPython (3.13.9)
2025-11-06T12:43:42.2144159Z ##[endgroup]
2025-11-06T12:43:42.2320247Z ##[group]Run bossOfCode/install-scratchattach@v1.0.3
2025-11-06T12:43:42.2321209Z env:
2025-11-06T12:43:42.2321866Z   pythonLocation: /opt/hostedtoolcache/Python/3.13.9/x64
2025-11-06T12:43:42.2323276Z   PKG_CONFIG_PATH: /opt/hostedtoolcache/Python/3.13.9/x64/lib/pkgconfig
2025-11-06T12:43:42.2324685Z   Python_ROOT_DIR: /opt/hostedtoolcache/Python/3.13.9/x64
2025-11-06T12:43:42.2325879Z   Python2_ROOT_DIR: /opt/hostedtoolcache/Python/3.13.9/x64
2025-11-06T12:43:42.2327250Z   Python3_ROOT_DIR: /opt/hostedtoolcache/Python/3.13.9/x64
2025-11-06T12:43:42.2328479Z   LD_LIBRARY_PATH: /opt/hostedtoolcache/Python/3.13.9/x64/lib
2025-11-06T12:43:42.2329474Z ##[endgroup]
2025-11-06T12:43:42.2417704Z ##[group]Run python3 -m pip install --upgrade pip
2025-11-06T12:43:42.2418797Z [36;1mpython3 -m pip install --upgrade pip[0m
2025-11-06T12:43:42.2460728Z shell: /usr/bin/bash --noprofile --norc -e -o pipefail {0}
2025-11-06T12:43:42.2461751Z env:
2025-11-06T12:43:42.2462443Z   pythonLocation: /opt/hostedtoolcache/Python/3.13.9/x64
2025-11-06T12:43:42.2463786Z   PKG_CONFIG_PATH: /opt/hostedtoolcache/Python/3.13.9/x64/lib/pkgconfig
2025-11-06T12:43:42.2465095Z   Python_ROOT_DIR: /opt/hostedtoolcache/Python/3.13.9/x64
2025-11-06T12:43:42.2466430Z   Python2_ROOT_DIR: /opt/hostedtoolcache/Python/3.13.9/x64
2025-11-06T12:43:42.2467633Z   Python3_ROOT_DIR: /opt/hostedtoolcache/Python/3.13.9/x64
2025-11-06T12:43:42.2468868Z   LD_LIBRARY_PATH: /opt/hostedtoolcache/Python/3.13.9/x64/lib
2025-11-06T12:43:42.2469854Z ##[endgroup]
2025-11-06T12:43:42.7340030Z Requirement already satisfied: pip in /opt/hostedtoolcache/Python/3.13.9/x64/lib/python3.13/site-packages (25.3)
2025-11-06T12:43:42.9990349Z ##[group]Run pip install -U scratchattach
2025-11-06T12:43:42.9991761Z [36;1mpip install -U scratchattach[0m
2025-11-06T12:43:43.0027750Z shell: /usr/bin/bash --noprofile --norc -e -o pipefail {0}
2025-11-06T12:43:43.0029229Z env:
2025-11-06T12:43:43.0030404Z   pythonLocation: /opt/hostedtoolcache/Python/3.13.9/x64
2025-11-06T12:43:43.0032254Z   PKG_CONFIG_PATH: /opt/hostedtoolcache/Python/3.13.9/x64/lib/pkgconfig
2025-11-06T12:43:43.0034103Z   Python_ROOT_DIR: /opt/hostedtoolcache/Python/3.13.9/x64
2025-11-06T12:43:43.0035778Z   Python2_ROOT_DIR: /opt/hostedtoolcache/Python/3.13.9/x64
2025-11-06T12:43:43.0037745Z   Python3_ROOT_DIR: /opt/hostedtoolcache/Python/3.13.9/x64
2025-11-06T12:43:43.0039467Z   LD_LIBRARY_PATH: /opt/hostedtoolcache/Python/3.13.9/x64/lib
2025-11-06T12:43:43.0040951Z ##[endgroup]
2025-11-06T12:43:43.6067536Z Collecting scratchattach
2025-11-06T12:43:43.6751888Z   Downloading scratchattach-2.1.13-py3-none-any.whl.metadata (5.5 kB)
2025-11-06T12:43:43.7031476Z Collecting websocket-client (from scratchattach)
2025-11-06T12:43:43.7104326Z   Downloading websocket_client-1.9.0-py3-none-any.whl.metadata (8.3 kB)
2025-11-06T12:43:43.7474568Z Collecting requests (from scratchattach)
2025-11-06T12:43:43.7551888Z   Downloading requests-2.32.5-py3-none-any.whl.metadata (4.9 kB)
2025-11-06T12:43:43.7695240Z Collecting bs4 (from scratchattach)
2025-11-06T12:43:43.7768146Z   Downloading bs4-0.0.2-py2.py3-none-any.whl.metadata (411 bytes)
2025-11-06T12:43:43.8478607Z Collecting SimpleWebSocketServer (from scratchattach)
2025-11-06T12:43:43.8560087Z   Downloading SimpleWebSocketServer-0.1.2.tar.gz (10 kB)
2025-11-06T12:43:43.8643338Z   Installing build dependencies: started
2025-11-06T12:43:44.7364554Z   Installing build dependencies: finished with status 'done'
2025-11-06T12:43:44.7369461Z   Getting requirements to build wheel: started
2025-11-06T12:43:45.0843854Z   Getting requirements to build wheel: finished with status 'done'
2025-11-06T12:43:45.0851760Z   Preparing metadata (pyproject.toml): started
2025-11-06T12:43:45.2657856Z   Preparing metadata (pyproject.toml): finished with status 'done'
2025-11-06T12:43:45.2861791Z Collecting typing-extensions (from scratchattach)
2025-11-06T12:43:45.2938404Z   Downloading typing_extensions-4.15.0-py3-none-any.whl.metadata (3.3 kB)
2025-11-06T12:43:45.3152210Z Collecting beautifulsoup4 (from bs4->scratchattach)
2025-11-06T12:43:45.3225722Z   Downloading beautifulsoup4-4.14.2-py3-none-any.whl.metadata (3.8 kB)
2025-11-06T12:43:45.3450998Z Collecting soupsieve>1.2 (from beautifulsoup4->bs4->scratchattach)
2025-11-06T12:43:45.3522988Z   Downloading soupsieve-2.8-py3-none-any.whl.metadata (4.6 kB)
2025-11-06T12:43:45.4515240Z Collecting charset_normalizer<4,>=2 (from requests->scratchattach)
2025-11-06T12:43:45.4591391Z   Downloading charset_normalizer-3.4.4-cp313-cp313-manylinux2014_x86_64.manylinux_2_17_x86_64.manylinux_2_28_x86_64.whl.metadata (37 kB)
2025-11-06T12:43:45.4840384Z Collecting idna<4,>=2.5 (from requests->scratchattach)
2025-11-06T12:43:45.4911673Z   Downloading idna-3.11-py3-none-any.whl.metadata (8.4 kB)
2025-11-06T12:43:45.5238703Z Collecting urllib3<3,>=1.21.1 (from requests->scratchattach)
2025-11-06T12:43:45.5311471Z   Downloading urllib3-2.5.0-py3-none-any.whl.metadata (6.5 kB)
2025-11-06T12:43:45.5575069Z Collecting certifi>=2017.4.17 (from requests->scratchattach)
2025-11-06T12:43:45.5648470Z   Downloading certifi-2025.10.5-py3-none-any.whl.metadata (2.5 kB)
2025-11-06T12:43:45.5821761Z Downloading scratchattach-2.1.13-py3-none-any.whl (141 kB)
2025-11-06T12:43:45.5998639Z Downloading bs4-0.0.2-py2.py3-none-any.whl (1.2 kB)
2025-11-06T12:43:45.6099217Z Downloading beautifulsoup4-4.14.2-py3-none-any.whl (106 kB)
2025-11-06T12:43:45.6198577Z Downloading soupsieve-2.8-py3-none-any.whl (36 kB)
2025-11-06T12:43:45.6292914Z Downloading typing_extensions-4.15.0-py3-none-any.whl (44 kB)
2025-11-06T12:43:45.6385250Z Downloading requests-2.32.5-py3-none-any.whl (64 kB)
2025-11-06T12:43:45.6479318Z Downloading charset_normalizer-3.4.4-cp313-cp313-manylinux2014_x86_64.manylinux_2_17_x86_64.manylinux_2_28_x86_64.whl (153 kB)
2025-11-06T12:43:45.6602243Z Downloading idna-3.11-py3-none-any.whl (71 kB)
2025-11-06T12:43:45.6698866Z Downloading urllib3-2.5.0-py3-none-any.whl (129 kB)
2025-11-06T12:43:45.6800923Z Downloading certifi-2025.10.5-py3-none-any.whl (163 kB)
2025-11-06T12:43:45.6901570Z Downloading websocket_client-1.9.0-py3-none-any.whl (82 kB)
2025-11-06T12:43:45.7036684Z Building wheels for collected packages: SimpleWebSocketServer
2025-11-06T12:43:45.7045001Z   Building wheel for SimpleWebSocketServer (pyproject.toml): started
2025-11-06T12:43:45.9200641Z   Building wheel for SimpleWebSocketServer (pyproject.toml): finished with status 'done'
2025-11-06T12:43:45.9206590Z   Created wheel for SimpleWebSocketServer: filename=simplewebsocketserver-0.1.2-py3-none-any.whl size=9715 sha256=e3a12c3ce874140e6e61160c8de754b153476e5317ece11c2abca9dc62cf4125
2025-11-06T12:43:45.9208362Z   Stored in directory: /home/runner/.cache/pip/wheels/c4/5b/e8/4f2c15a82edc4923058056f6681373168be02a0c00389a6dcf
2025-11-06T12:43:45.9226549Z Successfully built SimpleWebSocketServer
2025-11-06T12:43:45.9407118Z Installing collected packages: SimpleWebSocketServer, websocket-client, urllib3, typing-extensions, soupsieve, idna, charset_normalizer, certifi, requests, beautifulsoup4, bs4, scratchattach
2025-11-06T12:43:46.5117033Z 
2025-11-06T12:43:46.5139344Z Successfully installed SimpleWebSocketServer-0.1.2 beautifulsoup4-4.14.2 bs4-0.0.2 certifi-2025.10.5 charset_normalizer-3.4.4 idna-3.11 requests-2.32.5 scratchattach-2.1.13 soupsieve-2.8 typing-extensions-4.15.0 urllib3-2.5.0 websocket-client-1.9.0
2025-11-06T12:43:46.5938728Z ##[group]Run actions/checkout@v5.0.0
2025-11-06T12:43:46.5938998Z with:
2025-11-06T12:43:46.5939159Z   ref: main
2025-11-06T12:43:46.5939338Z   repository: Boss-1s/scratchattach
2025-11-06T12:43:46.5939716Z   token: ***
2025-11-06T12:43:46.5939889Z   ssh-strict: true
2025-11-06T12:43:46.5940067Z   ssh-user: git
2025-11-06T12:43:46.5940251Z   persist-credentials: true
2025-11-06T12:43:46.5940450Z   clean: true
2025-11-06T12:43:46.5940639Z   sparse-checkout-cone-mode: true
2025-11-06T12:43:46.5940875Z   fetch-depth: 1
2025-11-06T12:43:46.5941050Z   fetch-tags: false
2025-11-06T12:43:46.5941231Z   show-progress: true
2025-11-06T12:43:46.5941408Z   lfs: false
2025-11-06T12:43:46.5941570Z   submodules: false
2025-11-06T12:43:46.5941755Z   set-safe-directory: true
2025-11-06T12:43:46.5941945Z env:
2025-11-06T12:43:46.5942170Z   pythonLocation: /opt/hostedtoolcache/Python/3.13.9/x64
2025-11-06T12:43:46.5942564Z   PKG_CONFIG_PATH: /opt/hostedtoolcache/Python/3.13.9/x64/lib/pkgconfig
2025-11-06T12:43:46.5942966Z   Python_ROOT_DIR: /opt/hostedtoolcache/Python/3.13.9/x64
2025-11-06T12:43:46.5943292Z   Python2_ROOT_DIR: /opt/hostedtoolcache/Python/3.13.9/x64
2025-11-06T12:43:46.5943622Z   Python3_ROOT_DIR: /opt/hostedtoolcache/Python/3.13.9/x64
2025-11-06T12:43:46.5943954Z   LD_LIBRARY_PATH: /opt/hostedtoolcache/Python/3.13.9/x64/lib
2025-11-06T12:43:46.5944232Z ##[endgroup]
2025-11-06T12:43:46.6690244Z Syncing repository: Boss-1s/scratchattach
2025-11-06T12:43:46.6691560Z ##[group]Getting Git version info
2025-11-06T12:43:46.6692099Z Working directory is '/home/runner/work/scratchattach/scratchattach'
2025-11-06T12:43:46.6727744Z [command]/usr/bin/git version
2025-11-06T12:43:46.6762073Z git version 2.51.2
2025-11-06T12:43:46.6782992Z ##[endgroup]
2025-11-06T12:43:46.6797073Z Temporarily overriding HOME='/home/runner/work/_temp/180f0427-608d-4d80-a174-ca4412d95efa' before making global git config changes
2025-11-06T12:43:46.6798343Z Adding repository directory to the temporary git global config as a safe directory
2025-11-06T12:43:46.6803125Z [command]/usr/bin/git config --global --add safe.directory /home/runner/work/scratchattach/scratchattach
2025-11-06T12:43:46.6838464Z [command]/usr/bin/git config --local --get remote.origin.url
2025-11-06T12:43:46.6858977Z https://github.com/Boss-1s/scratchattach
2025-11-06T12:43:46.6872060Z ##[group]Removing previously created refs, to avoid conflicts
2025-11-06T12:43:46.6875722Z [command]/usr/bin/git rev-parse --symbolic-full-name --verify --quiet HEAD
2025-11-06T12:43:46.6897223Z refs/heads/main
2025-11-06T12:43:46.6906035Z [command]/usr/bin/git checkout --detach
2025-11-06T12:43:46.7336942Z HEAD is now at a7d5431 [BOT] Download Logs
2025-11-06T12:43:46.7380395Z [command]/usr/bin/git branch --delete --force main
2025-11-06T12:43:46.7405291Z Deleted branch main (was a7d5431).
2025-11-06T12:43:46.7439892Z ##[endgroup]
2025-11-06T12:43:46.7443915Z [command]/usr/bin/git submodule status
2025-11-06T12:43:46.7661153Z ##[group]Cleaning the repository
2025-11-06T12:43:46.7665950Z [command]/usr/bin/git clean -ffdx
2025-11-06T12:43:46.7705603Z [command]/usr/bin/git reset --hard HEAD
2025-11-06T12:43:46.7773205Z HEAD is now at a7d5431 [BOT] Download Logs
2025-11-06T12:43:46.7779224Z ##[endgroup]
2025-11-06T12:43:46.7780573Z ##[group]Disabling automatic garbage collection
2025-11-06T12:43:46.7784488Z [command]/usr/bin/git config --local gc.auto 0
2025-11-06T12:43:46.7809448Z ##[endgroup]
2025-11-06T12:43:46.7809949Z ##[group]Setting up auth
2025-11-06T12:43:46.7815840Z [command]/usr/bin/git config --local --name-only --get-regexp core\.sshCommand
2025-11-06T12:43:46.7843750Z [command]/usr/bin/git submodule foreach --recursive sh -c "git config --local --name-only --get-regexp 'core\.sshCommand' && git config --local --unset-all 'core.sshCommand' || :"
2025-11-06T12:43:46.8059305Z [command]/usr/bin/git config --local --name-only --get-regexp http\.https\:\/\/github\.com\/\.extraheader
2025-11-06T12:43:46.8080126Z http.https://github.com/.extraheader
2025-11-06T12:43:46.8089389Z [command]/usr/bin/git config --local --unset-all http.https://github.com/.extraheader
2025-11-06T12:43:46.8119518Z [command]/usr/bin/git submodule foreach --recursive sh -c "git config --local --name-only --get-regexp 'http\.https\:\/\/github\.com\/\.extraheader' && git config --local --unset-all 'http.https://github.com/.extraheader' || :"
2025-11-06T12:43:46.8339525Z [command]/usr/bin/git config --local http.https://github.com/.extraheader AUTHORIZATION: basic ***
2025-11-06T12:43:46.8373111Z ##[endgroup]
2025-11-06T12:43:46.8373734Z ##[group]Fetching the repository
2025-11-06T12:43:46.8382201Z [command]/usr/bin/git -c protocol.version=2 fetch --no-tags --prune --no-recurse-submodules --depth=1 origin +refs/heads/main*:refs/remotes/origin/main* +refs/tags/main*:refs/tags/main*
2025-11-06T12:43:47.0457137Z ##[endgroup]
2025-11-06T12:43:47.0457742Z ##[group]Determining the checkout info
2025-11-06T12:43:47.0463717Z [command]/usr/bin/git branch --list --remote origin/main
2025-11-06T12:43:47.0487464Z   origin/main
2025-11-06T12:43:47.0491577Z ##[endgroup]
2025-11-06T12:43:47.0495967Z [command]/usr/bin/git sparse-checkout disable
2025-11-06T12:43:47.0543005Z [command]/usr/bin/git config --local --unset-all extensions.worktreeConfig
2025-11-06T12:43:47.0569105Z ##[group]Checking out the ref
2025-11-06T12:43:47.0572827Z [command]/usr/bin/git checkout --progress --force -B main refs/remotes/origin/main
2025-11-06T12:43:47.0639941Z Switched to a new branch 'main'
2025-11-06T12:43:47.0642686Z branch 'main' set up to track 'origin/main'.
2025-11-06T12:43:47.0650368Z ##[endgroup]
2025-11-06T12:43:47.0686338Z [command]/usr/bin/git log -1 --format=%H
2025-11-06T12:43:47.0710364Z a7d5431f7bcdabc17084f44d906c0db542d25ffb
2025-11-06T12:43:47.0827501Z ##[group]Run timeout 359m python3 message_viewer.py || { [[ $? -eq 124 ]] && exit 0; }
2025-11-06T12:43:47.0828038Z [36;1mtimeout 359m python3 message_viewer.py || { [[ $? -eq 124 ]] && exit 0; }[0m
2025-11-06T12:43:47.0862914Z shell: /usr/bin/bash -e {0}
2025-11-06T12:43:47.0863137Z env:
2025-11-06T12:43:47.0863387Z   pythonLocation: /opt/hostedtoolcache/Python/3.13.9/x64
2025-11-06T12:43:47.0863791Z   PKG_CONFIG_PATH: /opt/hostedtoolcache/Python/3.13.9/x64/lib/pkgconfig
2025-11-06T12:43:47.0864175Z   Python_ROOT_DIR: /opt/hostedtoolcache/Python/3.13.9/x64
2025-11-06T12:43:47.0864517Z   Python2_ROOT_DIR: /opt/hostedtoolcache/Python/3.13.9/x64
2025-11-06T12:43:47.0864841Z   Python3_ROOT_DIR: /opt/hostedtoolcache/Python/3.13.9/x64
2025-11-06T12:43:47.0865177Z   LD_LIBRARY_PATH: /opt/hostedtoolcache/Python/3.13.9/x64/lib
2025-11-06T12:43:47.0865555Z   PASS: ***
2025-11-06T12:43:47.0865717Z ##[endgroup]
2025-11-06T12:43:48.2464157Z Thanks for giving credit for CloudRequests!
2025-11-06T12:43:48.2470937Z Request handler is running
2025-11-06T15:29:39.3250709Z CloudEvents: Disconnected. Reconnecting ... 1762433350.9453943
2025-11-06T15:29:39.3251290Z CloudEvents: Reconnected. 1762433351.045548
2025-11-06T15:29:39.3251774Z CloudEvents: Disconnected. Reconnecting ... 1762433351.4248939
2025-11-06T15:29:39.3252222Z CloudEvents: Reconnected. 1762433351.5249913
2025-11-06T15:29:39.3252668Z CloudEvents: Disconnected. Reconnecting ... 1762433621.0002043
2025-11-06T15:29:39.3253432Z CloudEvents: Reconnected. 1762433621.1003485
2025-11-06T15:29:39.3254051Z CloudEvents: Disconnected. Reconnecting ... 1762433738.8236797
2025-11-06T15:29:39.3254772Z CloudEvents: Reconnected. 1762433738.9238212
2025-11-06T15:29:39.3255421Z CloudEvents: Disconnected. Reconnecting ... 1762434113.500801
2025-11-06T15:29:39.3255863Z CloudEvents: Reconnected. 1762434113.6009452
2025-11-06T15:29:39.3256637Z CloudEvents: Disconnected. Reconnecting ... 1762434199.1933312
2025-11-06T15:29:39.3257097Z CloudEvents: Reconnected. 1762434199.2934735
2025-11-06T15:29:39.3257520Z CloudEvents: Disconnected. Reconnecting ... 1762434304.8866997
2025-11-06T15:29:39.3257955Z CloudEvents: Reconnected. 1762434304.9868393
2025-11-06T15:29:39.3258721Z CloudEvents: Disconnected. Reconnecting ... 1762434347.4837966
2025-11-06T15:29:39.3259161Z CloudEvents: Reconnected. 1762434347.5839427
2025-11-06T15:29:39.3259589Z CloudEvents: Disconnected. Reconnecting ... 1762434576.4569938
2025-11-06T15:29:39.3260027Z CloudEvents: Reconnected. 1762434576.557138
2025-11-06T15:29:39.3260354Z CloudEvents: Disconnected. Reconnecting ... 1762434576.9315662
2025-11-06T15:29:39.3260679Z CloudEvents: Reconnected. 1762434577.0316944
2025-11-06T15:29:39.3260970Z CloudEvents: Disconnected. Reconnecting ... 1762434584.5934172
2025-11-06T15:29:39.3261283Z CloudEvents: Reconnected. 1762434584.6935608
2025-11-06T15:29:39.3261584Z CloudEvents: Disconnected. Reconnecting ... 1762434634.3871703
2025-11-06T15:29:39.3261882Z CloudEvents: Reconnected. 1762434634.4873261
2025-11-06T15:29:39.3262183Z CloudEvents: Disconnected. Reconnecting ... 1762434781.4498951
2025-11-06T15:29:39.3262484Z CloudEvents: Reconnected. 1762434781.550039
2025-11-06T15:29:39.3262775Z CloudEvents: Disconnected. Reconnecting ... 1762434814.1878877
2025-11-06T15:29:39.3263081Z CloudEvents: Reconnected. 1762434814.288033
2025-11-06T15:29:39.3263368Z CloudEvents: Disconnected. Reconnecting ... 1762435051.21412
2025-11-06T15:29:39.3263669Z CloudEvents: Reconnected. 1762435051.3142607
2025-11-06T15:29:39.3263965Z CloudEvents: Disconnected. Reconnecting ... 1762435087.5034068
2025-11-06T15:29:39.3264260Z CloudEvents: Reconnected. 1762435087.6035554
2025-11-06T15:29:39.3264554Z CloudEvents: Disconnected. Reconnecting ... 1762435607.0618494
2025-11-06T15:29:39.3264854Z CloudEvents: Reconnected. 1762435607.1620212
2025-11-06T15:29:39.3265144Z CloudEvents: Disconnected. Reconnecting ... 1762435637.230572
2025-11-06T15:29:39.3265444Z CloudEvents: Reconnected. 1762435637.3307173
2025-11-06T15:29:39.3265947Z CloudEvents: Disconnected. Reconnecting ... 1762435717.0193014
2025-11-06T15:29:39.3266430Z CloudEvents: Reconnected. 1762435717.1194463
2025-11-06T15:29:39.3266727Z CloudEvents: Disconnected. Reconnecting ... 1762435992.8002808
2025-11-06T15:29:39.3267030Z CloudEvents: Reconnected. 1762435992.9003978
2025-11-06T15:29:39.3267321Z CloudEvents: Disconnected. Reconnecting ... 1762435993.2204347
2025-11-06T15:29:39.3267621Z CloudEvents: Reconnected. 1762435993.3205702
2025-11-06T15:29:39.3267916Z CloudEvents: Disconnected. Reconnecting ... 1762436164.8815346
2025-11-06T15:29:39.3268232Z CloudEvents: Reconnected. 1762436164.981681
2025-11-06T15:29:39.3268537Z CloudEvents: Disconnected. Reconnecting ... 1762436171.0177193
2025-11-06T15:29:39.3268845Z CloudEvents: Reconnected. 1762436171.1178749
2025-11-06T15:29:39.3269147Z CloudEvents: Disconnected. Reconnecting ... 1762436176.8641145
2025-11-06T15:29:39.3269452Z CloudEvents: Reconnected. 1762436176.9642608
2025-11-06T15:29:39.3269757Z CloudEvents: Disconnected. Reconnecting ... 1762436212.8731592
2025-11-06T15:29:39.3270060Z CloudEvents: Reconnected. 1762436212.9733064
2025-11-06T15:29:39.3270355Z CloudEvents: Disconnected. Reconnecting ... 1762436324.2014148
2025-11-06T15:29:39.3270659Z CloudEvents: Reconnected. 1762436324.301569
2025-11-06T15:29:39.3270958Z CloudEvents: Disconnected. Reconnecting ... 1762436333.1642654
2025-11-06T15:29:39.3271261Z CloudEvents: Reconnected. 1762436333.2644122
2025-11-06T15:29:39.3271551Z CloudEvents: Disconnected. Reconnecting ... 1762436386.9477017
2025-11-06T15:29:39.3271854Z CloudEvents: Reconnected. 1762436387.0478694
2025-11-06T15:29:39.3272149Z CloudEvents: Disconnected. Reconnecting ... 1762436387.3912382
2025-11-06T15:29:39.3272480Z CloudEvents: Reconnected. 1762436387.491357
2025-11-06T15:29:39.3272777Z CloudEvents: Disconnected. Reconnecting ... 1762436416.4956815
2025-11-06T15:29:39.3273074Z CloudEvents: Reconnected. 1762436416.5958295
2025-11-06T15:29:39.3273365Z CloudEvents: Disconnected. Reconnecting ... 1762436638.3362017
2025-11-06T15:29:39.3273669Z CloudEvents: Reconnected. 1762436638.4363496
2025-11-06T15:29:39.3273958Z CloudEvents: Disconnected. Reconnecting ... 1762436711.4239578
2025-11-06T15:29:39.3274259Z CloudEvents: Reconnected. 1762436711.5240889
2025-11-06T15:29:39.3274687Z CloudEvents: Disconnected. Reconnecting ... 1762437005.1635003
2025-11-06T15:29:39.3275003Z CloudEvents: Reconnected. 1762437005.2636719
2025-11-06T15:29:39.3275378Z CloudEvents: Disconnected. Reconnecting ... 1762437018.9612052
2025-11-06T15:29:39.3275679Z CloudEvents: Reconnected. 1762437019.0613482
2025-11-06T15:29:39.3275972Z CloudEvents: Disconnected. Reconnecting ... 1762437019.3830814
2025-11-06T15:29:39.3276453Z CloudEvents: Reconnected. 1762437019.4832134
2025-11-06T15:29:39.3276753Z CloudEvents: Disconnected. Reconnecting ... 1762437034.1572077
2025-11-06T15:29:39.3277052Z CloudEvents: Reconnected. 1762437034.2573476
2025-11-06T15:29:39.3277350Z CloudEvents: Disconnected. Reconnecting ... 1762437034.6188436
2025-11-06T15:29:39.3277661Z CloudEvents: Reconnected. 1762437034.7189703
2025-11-06T15:29:39.3277953Z CloudEvents: Disconnected. Reconnecting ... 1762437716.0082202
2025-11-06T15:29:39.3278253Z CloudEvents: Reconnected. 1762437716.1083694
2025-11-06T15:29:39.3278557Z CloudEvents: Disconnected. Reconnecting ... 1762438550.268128
2025-11-06T15:29:39.3278856Z CloudEvents: Reconnected. 1762438550.3682768
2025-11-06T15:29:39.3279152Z CloudEvents: Disconnected. Reconnecting ... 1762438569.3199444
2025-11-06T15:29:39.3279452Z CloudEvents: Reconnected. 1762438569.4200923
2025-11-06T15:29:39.3279828Z CloudEvents: Disconnected. Reconnecting ... 1762438810.662668
2025-11-06T15:29:39.3280133Z CloudEvents: Reconnected. 1762438810.7628138
2025-11-06T15:29:39.3280425Z CloudEvents: Disconnected. Reconnecting ... 1762439062.7030632
2025-11-06T15:29:39.3280721Z CloudEvents: Reconnected. 1762439062.8031912
2025-11-06T15:29:39.3281015Z CloudEvents: Disconnected. Reconnecting ... 1762439250.1150756
2025-11-06T15:29:39.3281456Z CloudEvents: Reconnected. 1762439250.2152245
2025-11-06T15:29:39.3281764Z CloudEvents: Disconnected. Reconnecting ... 1762439717.9751172
2025-11-06T15:29:39.3282075Z CloudEvents: Reconnected. 1762439718.0752568
2025-11-06T15:29:39.3282371Z CloudEvents: Disconnected. Reconnecting ... 1762439807.853854
2025-11-06T15:29:39.3282680Z CloudEvents: Reconnected. 1762439807.9539845
2025-11-06T15:29:39.3282973Z CloudEvents: Disconnected. Reconnecting ... 1762440052.659802
2025-11-06T15:29:39.3283273Z CloudEvents: Reconnected. 1762440052.7599447
2025-11-06T15:29:39.3283569Z CloudEvents: Disconnected. Reconnecting ... 1762440131.5880811
2025-11-06T15:29:39.3283872Z CloudEvents: Reconnected. 1762440131.688225
2025-11-06T15:29:39.3284160Z CloudEvents: Disconnected. Reconnecting ... 1762440490.5078707
2025-11-06T15:29:39.3284460Z CloudEvents: Reconnected. 1762440490.608017
2025-11-06T15:29:39.3284754Z CloudEvents: Disconnected. Reconnecting ... 1762440491.0383902
2025-11-06T15:29:39.3285046Z CloudEvents: Reconnected. 1762440491.138518
2025-11-06T15:29:39.3285346Z CloudEvents: Disconnected. Reconnecting ... 1762440503.5823581
2025-11-06T15:29:39.3285650Z CloudEvents: Reconnected. 1762440503.6825054
2025-11-06T15:29:39.3285944Z CloudEvents: Disconnected. Reconnecting ... 1762440504.0077343
2025-11-06T15:29:39.3286436Z CloudEvents: Reconnected. 1762440504.1078622
2025-11-06T15:29:39.3286730Z CloudEvents: Disconnected. Reconnecting ... 1762440692.7136738
2025-11-06T15:29:39.3287031Z CloudEvents: Reconnected. 1762440692.8138309
2025-11-06T15:29:39.3287326Z CloudEvents: Disconnected. Reconnecting ... 1762440717.1354551
2025-11-06T15:29:39.3287620Z CloudEvents: Reconnected. 1762440717.2356036
2025-11-06T15:29:39.3287918Z CloudEvents: Disconnected. Reconnecting ... 1762440744.2241318
2025-11-06T15:29:39.3288220Z CloudEvents: Reconnected. 1762440744.3242767
2025-11-06T15:29:39.3288509Z CloudEvents: Disconnected. Reconnecting ... 1762440847.7438931
2025-11-06T15:29:39.3288811Z CloudEvents: Reconnected. 1762440847.8440382
2025-11-06T15:29:39.3289110Z CloudEvents: Disconnected. Reconnecting ... 1762440899.48395
2025-11-06T15:29:39.3289404Z CloudEvents: Reconnected. 1762440899.5841067
2025-11-06T15:29:39.3289699Z CloudEvents: Disconnected. Reconnecting ... 1762440899.908714
2025-11-06T15:29:39.3290127Z CloudEvents: Reconnected. 1762440900.0088377
2025-11-06T15:29:39.3290425Z CloudEvents: Disconnected. Reconnecting ... 1762441002.2958825
2025-11-06T15:29:39.3290726Z CloudEvents: Reconnected. 1762441002.3960304
2025-11-06T15:29:39.3291015Z CloudEvents: Disconnected. Reconnecting ... 1762441010.978845
2025-11-06T15:29:39.3291314Z CloudEvents: Reconnected. 1762441011.078983
2025-11-06T15:29:39.3291606Z CloudEvents: Disconnected. Reconnecting ... 1762441011.662407
2025-11-06T15:29:39.3291901Z CloudEvents: Reconnected. 1762441011.7625282
2025-11-06T15:29:39.3292193Z CloudEvents: Disconnected. Reconnecting ... 1762441014.962848
2025-11-06T15:29:39.3292491Z CloudEvents: Reconnected. 1762441015.0629869
2025-11-06T15:29:39.3292783Z CloudEvents: Disconnected. Reconnecting ... 1762441169.154916
2025-11-06T15:29:39.3293085Z CloudEvents: Reconnected. 1762441169.2550619
2025-11-06T15:29:39.3293387Z CloudEvents: Disconnected. Reconnecting ... 1762441169.6669621
2025-11-06T15:29:39.3293682Z CloudEvents: Reconnected. 1762441169.7670896
2025-11-06T15:29:39.3293985Z CloudEvents: Disconnected. Reconnecting ... 1762441198.4864533
2025-11-06T15:29:39.3294283Z CloudEvents: Reconnected. 1762441198.5865989
2025-11-06T15:29:39.3294573Z CloudEvents: Disconnected. Reconnecting ... 1762441198.9210489
2025-11-06T15:29:39.3294874Z CloudEvents: Reconnected. 1762441199.0211756
2025-11-06T15:29:39.3295162Z CloudEvents: Disconnected. Reconnecting ... 1762441345.759645
2025-11-06T15:29:39.3295461Z CloudEvents: Reconnected. 1762441345.8597875
2025-11-06T15:29:39.3295757Z CloudEvents: Disconnected. Reconnecting ... 1762441443.5712729
2025-11-06T15:29:39.3296052Z CloudEvents: Reconnected. 1762441443.6714299
2025-11-06T15:29:39.3296532Z CloudEvents: Disconnected. Reconnecting ... 1762441444.039514
2025-11-06T15:29:39.3296972Z CloudEvents: Reconnected. 1762441444.1396406
2025-11-06T15:29:39.3297267Z CloudEvents: Disconnected. Reconnecting ... 1762441520.795415
2025-11-06T15:29:39.3297570Z CloudEvents: Reconnected. 1762441520.8955536
2025-11-06T15:29:39.3297874Z CloudEvents: Disconnected. Reconnecting ... 1762441521.2513418
2025-11-06T15:29:39.3298175Z CloudEvents: Reconnected. 1762441521.3514662
2025-11-06T15:29:39.3298471Z CloudEvents: Disconnected. Reconnecting ... 1762441756.9753075
2025-11-06T15:29:39.3298775Z CloudEvents: Reconnected. 1762441757.0754547
2025-11-06T15:29:39.3299068Z CloudEvents: Disconnected. Reconnecting ... 1762441787.0189223
2025-11-06T15:29:39.3299367Z CloudEvents: Reconnected. 1762441787.1190665
2025-11-06T15:29:39.3299672Z CloudEvents: Disconnected. Reconnecting ... 1762442401.3171072
2025-11-06T15:29:39.3299988Z CloudEvents: Reconnected. 1762442401.417247
2025-11-06T15:29:39.3300294Z CloudEvents: Disconnected. Reconnecting ... 1762442423.111816
2025-11-06T15:29:39.3300610Z CloudEvents: Reconnected. 1762442423.2119632
2025-11-06T15:29:39.3300917Z CloudEvents: Disconnected. Reconnecting ... 1762442549.4763927
2025-11-06T15:29:39.3301223Z CloudEvents: Reconnected. 1762442549.576553
2025-11-06T15:29:39.3301516Z CloudEvents: Disconnected. Reconnecting ... 1762442679.1414654
2025-11-06T15:29:39.3301830Z CloudEvents: Reconnected. 1762442679.2416375
2025-11-06T17:47:38.9834348Z CloudEvents: Disconnected. Reconnecting ... 1762442979.324873
2025-11-06T17:47:38.9835287Z CloudEvents: Reconnected. 1762442979.4250774
2025-11-06T17:47:38.9836024Z CloudEvents: Disconnected. Reconnecting ... 1762442979.785271
2025-11-06T17:47:38.9837027Z CloudEvents: Reconnected. 1762442979.8853998
2025-11-06T17:47:38.9837735Z CloudEvents: Disconnected. Reconnecting ... 1762443153.0124261
2025-11-06T17:47:38.9838451Z CloudEvents: Reconnected. 1762443153.112577
2025-11-06T17:47:38.9839142Z CloudEvents: Disconnected. Reconnecting ... 1762443190.0461338
2025-11-06T17:47:38.9839850Z CloudEvents: Reconnected. 1762443190.14628
2025-11-06T17:47:38.9840580Z CloudEvents: Disconnected. Reconnecting ... 1762443254.7796667
2025-11-06T17:47:38.9841028Z CloudEvents: Reconnected. 1762443254.8798168
2025-11-06T17:47:38.9841466Z CloudEvents: Disconnected. Reconnecting ... 1762443293.8505688
2025-11-06T17:47:38.9842246Z CloudEvents: Reconnected. 1762443293.9507177
2025-11-06T17:47:38.9842688Z CloudEvents: Disconnected. Reconnecting ... 1762443910.2580492
2025-11-06T17:47:38.9843073Z CloudEvents: Reconnected. 1762443910.3581958
2025-11-06T17:47:38.9843393Z CloudEvents: Disconnected. Reconnecting ... 1762444014.1790764
2025-11-06T17:47:38.9843713Z CloudEvents: Reconnected. 1762444014.279224
2025-11-06T17:47:38.9844033Z CloudEvents: Disconnected. Reconnecting ... 1762444120.669255
2025-11-06T17:47:38.9844356Z CloudEvents: Reconnected. 1762444120.7694
2025-11-06T17:47:38.9844670Z CloudEvents: Disconnected. Reconnecting ... 1762444443.2975047
2025-11-06T17:47:38.9844997Z CloudEvents: Reconnected. 1762444443.397661
2025-11-06T17:47:38.9845319Z CloudEvents: Disconnected. Reconnecting ... 1762444610.9250624
2025-11-06T17:47:38.9845655Z CloudEvents: Reconnected. 1762444611.0252068
2025-11-06T17:47:38.9845976Z CloudEvents: Disconnected. Reconnecting ... 1762444762.8671741
2025-11-06T17:47:38.9846721Z CloudEvents: Reconnected. 1762444762.9673166
2025-11-06T17:47:38.9847058Z CloudEvents: Disconnected. Reconnecting ... 1762445158.6570725
2025-11-06T17:47:38.9847386Z CloudEvents: Reconnected. 1762445158.7572134
2025-11-06T17:47:38.9847703Z CloudEvents: Disconnected. Reconnecting ... 1762445415.514092
2025-11-06T17:47:38.9848030Z CloudEvents: Reconnected. 1762445415.614233
2025-11-06T17:47:38.9848438Z CloudEvents: Disconnected. Reconnecting ... 1762445451.4750884
2025-11-06T17:47:38.9848936Z CloudEvents: Reconnected. 1762445451.5752277
2025-11-06T17:47:38.9849403Z CloudEvents: Disconnected. Reconnecting ... 1762445473.347805
2025-11-06T17:47:38.9849925Z CloudEvents: Reconnected. 1762445473.4479492
2025-11-06T17:47:38.9850704Z CloudEvents: Disconnected. Reconnecting ... 1762445480.7862437
2025-11-06T17:47:38.9851312Z CloudEvents: Reconnected. 1762445480.8863928
2025-11-06T17:47:38.9851858Z CloudEvents: Disconnected. Reconnecting ... 1762445524.5570161
2025-11-06T17:47:38.9852420Z CloudEvents: Reconnected. 1762445524.657161
2025-11-06T17:47:38.9852803Z CloudEvents: Disconnected. Reconnecting ... 1762445557.2377005
2025-11-06T17:47:38.9853127Z CloudEvents: Reconnected. 1762445557.3378234
2025-11-06T17:47:38.9853435Z CloudEvents: Disconnected. Reconnecting ... 1762445587.1118898
2025-11-06T17:47:38.9853736Z CloudEvents: Reconnected. 1762445587.212037
2025-11-06T17:47:38.9854028Z CloudEvents: Disconnected. Reconnecting ... 1762445675.996582
2025-11-06T17:47:38.9854329Z CloudEvents: Reconnected. 1762445676.096728
2025-11-06T17:47:38.9854622Z CloudEvents: Disconnected. Reconnecting ... 1762445986.8437448
2025-11-06T17:47:38.9854919Z CloudEvents: Reconnected. 1762445986.9438863
2025-11-06T17:47:38.9855215Z CloudEvents: Disconnected. Reconnecting ... 1762445987.339546
2025-11-06T17:47:38.9855520Z CloudEvents: Reconnected. 1762445987.4396646
2025-11-06T17:47:38.9855811Z CloudEvents: Disconnected. Reconnecting ... 1762445992.1775832
2025-11-06T17:47:38.9856312Z CloudEvents: Reconnected. 1762445992.277727
2025-11-06T17:47:38.9856695Z CloudEvents: Disconnected. Reconnecting ... 1762446109.59243
2025-11-06T17:47:38.9856999Z CloudEvents: Reconnected. 1762446109.6925611
2025-11-06T17:47:38.9857295Z CloudEvents: Disconnected. Reconnecting ... 1762446152.8115377
2025-11-06T17:47:38.9857589Z CloudEvents: Reconnected. 1762446152.911687
2025-11-06T17:47:38.9857881Z CloudEvents: Disconnected. Reconnecting ... 1762446177.81969
2025-11-06T17:47:38.9858176Z CloudEvents: Reconnected. 1762446177.919834
2025-11-06T17:47:38.9858464Z CloudEvents: Disconnected. Reconnecting ... 1762446322.4875774
2025-11-06T17:47:38.9858768Z CloudEvents: Reconnected. 1762446322.5877228
2025-11-06T17:47:38.9859062Z CloudEvents: Disconnected. Reconnecting ... 1762446451.6141336
2025-11-06T17:47:38.9859365Z CloudEvents: Reconnected. 1762446451.7142746
2025-11-06T17:47:38.9859661Z CloudEvents: Disconnected. Reconnecting ... 1762446569.982715
2025-11-06T17:47:38.9859959Z CloudEvents: Reconnected. 1762446570.0828598
2025-11-06T17:47:38.9860250Z CloudEvents: Disconnected. Reconnecting ... 1762446615.8462915
2025-11-06T17:47:38.9860711Z CloudEvents: Reconnected. 1762446615.946414
2025-11-06T17:47:38.9860996Z CloudEvents: Disconnected. Reconnecting ... 1762446710.941142
2025-11-06T17:47:38.9861298Z CloudEvents: Reconnected. 1762446711.04128
2025-11-06T17:47:38.9861595Z CloudEvents: Disconnected. Reconnecting ... 1762446855.4064674
2025-11-06T17:47:38.9861898Z CloudEvents: Reconnected. 1762446855.5066388
2025-11-06T17:47:38.9862202Z CloudEvents: Disconnected. Reconnecting ... 1762446856.8899083
2025-11-06T17:47:38.9862508Z CloudEvents: Reconnected. 1762446856.9900305
2025-11-06T17:47:38.9862796Z CloudEvents: Disconnected. Reconnecting ... 1762447089.2965474
2025-11-06T17:47:38.9863101Z CloudEvents: Reconnected. 1762447089.3966854
2025-11-06T17:47:38.9863399Z CloudEvents: Disconnected. Reconnecting ... 1762447245.3462152
2025-11-06T17:47:38.9863693Z CloudEvents: Reconnected. 1762447245.4463608
2025-11-06T17:47:38.9864006Z CloudEvents: Disconnected. Reconnecting ... 1762447490.2312036
2025-11-06T17:47:38.9864333Z CloudEvents: Reconnected. 1762447490.331347
2025-11-06T17:47:38.9864643Z CloudEvents: Disconnected. Reconnecting ... 1762447608.4511063
2025-11-06T17:47:38.9864956Z CloudEvents: Reconnected. 1762447608.5512524
2025-11-06T17:47:38.9865263Z CloudEvents: Disconnected. Reconnecting ... 1762447885.9917064
2025-11-06T17:47:38.9865564Z CloudEvents: Reconnected. 1762447886.09185
2025-11-06T17:47:38.9865860Z CloudEvents: Disconnected. Reconnecting ... 1762447891.2056644
2025-11-06T17:47:38.9866336Z CloudEvents: Reconnected. 1762447891.305794
2025-11-06T17:47:38.9866640Z CloudEvents: Disconnected. Reconnecting ... 1762447956.607004
2025-11-06T17:47:38.9866949Z CloudEvents: Reconnected. 1762447956.7071269
2025-11-06T17:47:38.9867361Z CloudEvents: Disconnected. Reconnecting ... 1762448123.8011117
2025-11-06T17:47:38.9867669Z CloudEvents: Reconnected. 1762448123.9012406
2025-11-06T17:47:38.9867964Z CloudEvents: Disconnected. Reconnecting ... 1762448124.2951214
2025-11-06T17:47:38.9868266Z CloudEvents: Reconnected. 1762448124.3952463
2025-11-06T17:47:38.9868561Z CloudEvents: Disconnected. Reconnecting ... 1762448150.2870467
2025-11-06T17:47:38.9868861Z CloudEvents: Reconnected. 1762448150.38721
2025-11-06T17:47:38.9869152Z CloudEvents: Disconnected. Reconnecting ... 1762448150.7046916
2025-11-06T17:47:38.9869452Z CloudEvents: Reconnected. 1762448150.804822
2025-11-06T17:47:38.9869776Z CloudEvents: Disconnected. Reconnecting ... 1762448216.6833396
2025-11-06T17:47:38.9870075Z CloudEvents: Reconnected. 1762448216.7834795
2025-11-06T17:47:38.9870369Z CloudEvents: Disconnected. Reconnecting ... 1762448478.1129618
2025-11-06T17:47:38.9870667Z CloudEvents: Reconnected. 1762448478.2131014
2025-11-06T17:47:38.9870973Z CloudEvents: Disconnected. Reconnecting ... 1762448729.5644603
2025-11-06T17:47:38.9871277Z CloudEvents: Reconnected. 1762448729.6646347
2025-11-06T17:47:38.9871568Z CloudEvents: Disconnected. Reconnecting ... 1762449265.8765886
2025-11-06T17:47:38.9871871Z CloudEvents: Reconnected. 1762449265.9767363
2025-11-06T17:47:38.9872170Z CloudEvents: Disconnected. Reconnecting ... 1762449279.1607168
2025-11-06T17:47:38.9872468Z CloudEvents: Reconnected. 1762449279.2608619
2025-11-06T17:47:38.9872774Z CloudEvents: Disconnected. Reconnecting ... 1762449279.615669
2025-11-06T17:47:38.9873072Z CloudEvents: Reconnected. 1762449279.715795
2025-11-06T17:47:38.9873359Z CloudEvents: Disconnected. Reconnecting ... 1762449317.8828833
2025-11-06T17:47:38.9873662Z CloudEvents: Reconnected. 1762449317.9830306
2025-11-06T17:47:38.9873958Z CloudEvents: Disconnected. Reconnecting ... 1762449371.6121678
2025-11-06T17:47:38.9874261Z CloudEvents: Reconnected. 1762449371.7123067
2025-11-06T17:47:38.9874555Z CloudEvents: Disconnected. Reconnecting ... 1762449403.8940828
2025-11-06T17:47:38.9874855Z CloudEvents: Reconnected. 1762449403.9942183
2025-11-06T17:47:38.9875152Z CloudEvents: Disconnected. Reconnecting ... 1762449558.1111104
2025-11-06T17:47:38.9875457Z CloudEvents: Reconnected. 1762449558.2112532
2025-11-06T17:47:38.9875862Z CloudEvents: Disconnected. Reconnecting ... 1762449558.548457
2025-11-06T17:47:38.9876369Z CloudEvents: Reconnected. 1762449558.648582
2025-11-06T17:47:38.9876666Z CloudEvents: Disconnected. Reconnecting ... 1762449712.2783256
2025-11-06T17:47:38.9876962Z CloudEvents: Reconnected. 1762449712.3784645
2025-11-06T17:47:38.9877260Z CloudEvents: Disconnected. Reconnecting ... 1762449803.1574275
2025-11-06T17:47:38.9877564Z CloudEvents: Reconnected. 1762449803.257569
2025-11-06T17:47:38.9877852Z CloudEvents: Disconnected. Reconnecting ... 1762450002.5732822
2025-11-06T17:47:38.9878159Z CloudEvents: Reconnected. 1762450002.6734266
2025-11-06T17:47:38.9878457Z CloudEvents: Disconnected. Reconnecting ... 1762450026.461376
2025-11-06T17:47:38.9878756Z CloudEvents: Reconnected. 1762450026.5615203
2025-11-06T17:47:38.9879054Z CloudEvents: Disconnected. Reconnecting ... 1762450033.4883463
2025-11-06T17:47:38.9879354Z CloudEvents: Reconnected. 1762450033.5884883
2025-11-06T17:47:38.9879654Z CloudEvents: Disconnected. Reconnecting ... 1762450033.9239745
2025-11-06T17:47:38.9879956Z CloudEvents: Reconnected. 1762450034.0241065
2025-11-06T17:47:38.9880247Z CloudEvents: Disconnected. Reconnecting ... 1762450185.0617487
2025-11-06T17:47:38.9880548Z CloudEvents: Reconnected. 1762450185.161893
2025-11-06T17:47:38.9880840Z CloudEvents: Disconnected. Reconnecting ... 1762450275.1204426
2025-11-06T17:47:38.9881144Z CloudEvents: Reconnected. 1762450275.2205849
2025-11-06T17:47:38.9881439Z CloudEvents: Disconnected. Reconnecting ... 1762450439.3117204
2025-11-06T17:47:38.9881759Z CloudEvents: Reconnected. 1762450439.4118698
2025-11-06T17:47:38.9882056Z CloudEvents: Disconnected. Reconnecting ... 1762450448.4978764
2025-11-06T17:47:38.9882356Z CloudEvents: Reconnected. 1762450448.5980253
2025-11-06T17:47:38.9882767Z CloudEvents: Disconnected. Reconnecting ... 1762450448.9501197
2025-11-06T17:47:38.9883071Z CloudEvents: Reconnected. 1762450449.0502455
2025-11-06T17:47:38.9883362Z CloudEvents: Disconnected. Reconnecting ... 1762450472.2306855
2025-11-06T17:47:38.9883667Z CloudEvents: Reconnected. 1762450472.3308303
2025-11-06T17:47:38.9883963Z CloudEvents: Disconnected. Reconnecting ... 1762450480.9943063
2025-11-06T17:47:38.9884259Z CloudEvents: Reconnected. 1762450481.0944483
2025-11-06T17:47:38.9884554Z CloudEvents: Disconnected. Reconnecting ... 1762450487.69939
2025-11-06T17:47:38.9884854Z CloudEvents: Reconnected. 1762450487.7995315
2025-11-06T17:47:38.9885145Z CloudEvents: Disconnected. Reconnecting ... 1762450684.485785
2025-11-06T17:47:38.9885445Z CloudEvents: Reconnected. 1762450684.585927
2025-11-06T17:47:38.9885735Z CloudEvents: Disconnected. Reconnecting ... 1762450924.9373631
2025-11-06T17:47:38.9886036Z CloudEvents: Reconnected. 1762450925.037509
2025-11-06T17:47:38.9886528Z CloudEvents: Disconnected. Reconnecting ... 1762450936.841694
2025-11-06T17:47:38.9886830Z CloudEvents: Reconnected. 1762450936.9418368
2025-11-06T17:47:38.9887126Z CloudEvents: Disconnected. Reconnecting ... 1762451017.6610632
2025-11-06T17:47:38.9887433Z CloudEvents: Reconnected. 1762451017.7612102
2025-11-06T17:47:38.9887723Z CloudEvents: Disconnected. Reconnecting ... 1762451024.794135
2025-11-06T17:47:38.9888024Z CloudEvents: Reconnected. 1762451024.894297
2025-11-06T17:47:38.9888319Z CloudEvents: Disconnected. Reconnecting ... 1762451145.9847145
2025-11-06T17:47:38.9888615Z CloudEvents: Reconnected. 1762451146.084846
2025-11-06T17:47:38.9888908Z CloudEvents: Disconnected. Reconnecting ... 1762451258.8830333
2025-11-06T18:42:47.0958845Z CloudEvents: Reconnected.
2025-11-06T18:42:47.1013990Z Post job cleanup.
2025-11-06T18:42:47.1796427Z [command]/usr/bin/git version
2025-11-06T18:42:47.1832234Z git version 2.51.2
2025-11-06T18:42:47.1868837Z Temporarily overriding HOME='/home/runner/work/_temp/9109b15d-519d-4e78-a304-257114618889' before making global git config changes
2025-11-06T18:42:47.1870068Z Adding repository directory to the temporary git global config as a safe directory
2025-11-06T18:42:47.1874479Z [command]/usr/bin/git config --global --add safe.directory /home/runner/work/scratchattach/scratchattach
2025-11-06T18:42:47.1908961Z [command]/usr/bin/git config --local --name-only --get-regexp core\.sshCommand
2025-11-06T18:42:47.1941851Z [command]/usr/bin/git submodule foreach --recursive sh -c "git config --local --name-only --get-regexp 'core\.sshCommand' && git config --local --unset-all 'core.sshCommand' || :"
2025-11-06T18:42:47.2180673Z [command]/usr/bin/git config --local --name-only --get-regexp http\.https\:\/\/github\.com\/\.extraheader
2025-11-06T18:42:47.2204039Z http.https://github.com/.extraheader
2025-11-06T18:42:47.2215426Z [command]/usr/bin/git config --local --unset-all http.https://github.com/.extraheader
2025-11-06T18:42:47.2250202Z [command]/usr/bin/git submodule foreach --recursive sh -c "git config --local --name-only --get-regexp 'http\.https\:\/\/github\.com\/\.extraheader' && git config --local --unset-all 'http.https://github.com/.extraheader' || :"
2025-11-06T18:42:47.2622621Z Post job cleanup.
2025-11-06T18:42:47.3893401Z (node:5491) [DEP0040] DeprecationWarning: The `punycode` module is deprecated. Please use a userland alternative instead.
2025-11-06T18:42:47.3894543Z (Use `node --trace-deprecation ...` to show where the warning was created)
2025-11-06T18:42:47.4010868Z Post job cleanup.
2025-11-06T18:42:47.4776289Z [command]/usr/bin/git version
2025-11-06T18:42:47.4843326Z git version 2.51.2
2025-11-06T18:42:47.4879824Z Temporarily overriding HOME='/home/runner/work/_temp/102726b6-4d07-493d-9c35-6c8874f7d59f' before making global git config changes
2025-11-06T18:42:47.4881058Z Adding repository directory to the temporary git global config as a safe directory
2025-11-06T18:42:47.4885441Z [command]/usr/bin/git config --global --add safe.directory /home/runner/work/scratchattach/scratchattach
2025-11-06T18:42:47.4919524Z [command]/usr/bin/git config --local --name-only --get-regexp core\.sshCommand
2025-11-06T18:42:47.4952029Z [command]/usr/bin/git submodule foreach --recursive sh -c "git config --local --name-only --get-regexp 'core\.sshCommand' && git config --local --unset-all 'core.sshCommand' || :"
2025-11-06T18:42:47.5176832Z [command]/usr/bin/git config --local --name-only --get-regexp http\.https\:\/\/github\.com\/\.extraheader
2025-11-06T18:42:47.5208234Z [command]/usr/bin/git submodule foreach --recursive sh -c "git config --local --name-only --get-regexp 'http\.https\:\/\/github\.com\/\.extraheader' && git config --local --unset-all 'http.https://github.com/.extraheader' || :"
2025-11-06T18:42:47.5537982Z Cleaning up orphan processes
