2026-01-09T01:58:50.7599878Z Current runner version: '2.330.0'
2026-01-09T01:58:50.7633658Z ##[group]Runner Image Provisioner
2026-01-09T01:58:50.7635255Z Hosted Compute Agent
2026-01-09T01:58:50.7636152Z Version: 20251211.462
2026-01-09T01:58:50.7637366Z Commit: 6cbad8c2bb55d58165063d031ccabf57e2d2db61
2026-01-09T01:58:50.7638586Z Build Date: 2025-12-11T16:28:49Z
2026-01-09T01:58:50.7639619Z Worker ID: {9a352736-f856-4674-9705-ee25411131ca}
2026-01-09T01:58:50.7640871Z ##[endgroup]
2026-01-09T01:58:50.7641778Z ##[group]Operating System
2026-01-09T01:58:50.7642658Z Ubuntu
2026-01-09T01:58:50.7643619Z 24.04.3
2026-01-09T01:58:50.7644581Z LTS
2026-01-09T01:58:50.7645360Z ##[endgroup]
2026-01-09T01:58:50.7646383Z ##[group]Runner Image
2026-01-09T01:58:50.7647321Z Image: ubuntu-24.04
2026-01-09T01:58:50.7648306Z Version: 20260105.202.1
2026-01-09T01:58:50.7650217Z Included Software: https://github.com/actions/runner-images/blob/ubuntu24/20260105.202/images/ubuntu/Ubuntu2404-Readme.md
2026-01-09T01:58:50.7653042Z Image Release: https://github.com/actions/runner-images/releases/tag/ubuntu24%2F20260105.202
2026-01-09T01:58:50.7655007Z ##[endgroup]
2026-01-09T01:58:50.7656898Z ##[group]GITHUB_TOKEN Permissions
2026-01-09T01:58:50.7659461Z Contents: write
2026-01-09T01:58:50.7660445Z Metadata: read
2026-01-09T01:58:50.7661297Z ##[endgroup]
2026-01-09T01:58:50.7664898Z Secret source: Actions
2026-01-09T01:58:50.7666073Z Prepare workflow directory
2026-01-09T01:58:50.8142778Z Prepare all required actions
2026-01-09T01:58:50.8201562Z Getting action download info
2026-01-09T01:58:51.0570915Z Download action repository 'actions/checkout@v6.0.1' (SHA:8e8c483db84b4bee98b60c0593521ed34d9990e8)
2026-01-09T01:58:51.1953637Z Download action repository 'pawanbahuguna/action-logs@v2.0.0' (SHA:2fb2206c1749d6d09b8799a05519c08ee503660d)
2026-01-09T01:58:51.5643371Z Complete job name: Download GH action logs
2026-01-09T01:58:51.6186187Z ##[group]Build container for action use: '/home/runner/work/_actions/pawanbahuguna/action-logs/v2.0.0/Dockerfile'.
2026-01-09T01:58:51.6238057Z ##[command]/usr/bin/docker build -t b9ad49:113581dc3db94a3abd798bf26e952d75 -f "/home/runner/work/_actions/pawanbahuguna/action-logs/v2.0.0/Dockerfile" "/home/runner/work/_actions/pawanbahuguna/action-logs/v2.0.0"
2026-01-09T01:58:52.1690247Z #0 building with "default" instance using docker driver
2026-01-09T01:58:52.1691436Z 
2026-01-09T01:58:52.1691836Z #1 [internal] load build definition from Dockerfile
2026-01-09T01:58:52.1692777Z #1 transferring dockerfile: 347B done
2026-01-09T01:58:52.1693539Z #1 DONE 0.0s
2026-01-09T01:58:52.1693865Z 
2026-01-09T01:58:52.1694666Z #2 [auth] library/alpine:pull token for registry-1.docker.io
2026-01-09T01:58:52.3187261Z #2 DONE 0.0s
2026-01-09T01:58:52.3187807Z 
2026-01-09T01:58:52.3188390Z #3 [internal] load metadata for docker.io/library/alpine:latest
2026-01-09T01:58:52.5452606Z #3 DONE 0.5s
2026-01-09T01:58:52.6825641Z 
2026-01-09T01:58:52.6826096Z #4 [internal] load .dockerignore
2026-01-09T01:58:52.6826545Z #4 transferring context: 2B done
2026-01-09T01:58:52.6826862Z #4 DONE 0.0s
2026-01-09T01:58:52.6827014Z 
2026-01-09T01:58:52.6827145Z #5 [internal] load build context
2026-01-09T01:58:52.6827465Z #5 transferring context: 2.53kB done
2026-01-09T01:58:52.6827769Z #5 DONE 0.0s
2026-01-09T01:58:52.6827916Z 
2026-01-09T01:58:52.6828305Z #6 [1/4] FROM docker.io/library/alpine:latest@sha256:865b95f46d98cf867a156fe4a135ad3fe50d2056aa3f25ed31662dff6da4eb62
2026-01-09T01:58:52.6829133Z #6 resolve docker.io/library/alpine:latest@sha256:865b95f46d98cf867a156fe4a135ad3fe50d2056aa3f25ed31662dff6da4eb62 done
2026-01-09T01:58:52.6829882Z #6 sha256:865b95f46d98cf867a156fe4a135ad3fe50d2056aa3f25ed31662dff6da4eb62 9.22kB / 9.22kB done
2026-01-09T01:58:52.6830576Z #6 sha256:1882fa4569e0c591ea092d3766c4893e19b8901a8e649de7067188aba3cc0679 1.02kB / 1.02kB done
2026-01-09T01:58:52.6831245Z #6 sha256:e7b39c54cdeca0d2aae83114bb605753a5f5bc511fe8be7590e38f6d9f915dad 611B / 611B done
2026-01-09T01:58:52.6831891Z #6 sha256:1074353eec0db2c1d81d5af2671e56e00cf5738486f5762609ea33d606f88612 0B / 3.86MB 0.1s
2026-01-09T01:58:52.8392340Z #6 sha256:1074353eec0db2c1d81d5af2671e56e00cf5738486f5762609ea33d606f88612 3.86MB / 3.86MB 0.2s done
2026-01-09T01:58:52.8396971Z #6 extracting sha256:1074353eec0db2c1d81d5af2671e56e00cf5738486f5762609ea33d606f88612 0.1s done
2026-01-09T01:58:53.0169622Z #6 DONE 0.3s
2026-01-09T01:58:53.0170032Z 
2026-01-09T01:58:53.0170304Z #7 [2/4] RUN apk update && apk add --no-cache curl jq
2026-01-09T01:58:53.6041648Z #7 0.738 v3.23.2-114-g72cbbc8bbd4 [https://dl-cdn.alpinelinux.org/alpine/v3.23/main]
2026-01-09T01:58:53.6042952Z #7 0.738 v3.23.2-123-ge146be5611b [https://dl-cdn.alpinelinux.org/alpine/v3.23/community]
2026-01-09T01:58:53.6043718Z #7 0.738 OK: 27564 distinct packages available
2026-01-09T01:58:53.9947225Z #7 1.128 ( 1/12) Installing brotli-libs (1.2.0-r0)
2026-01-09T01:58:54.1172960Z #7 1.147 ( 2/12) Installing c-ares (1.34.6-r0)
2026-01-09T01:58:54.1173372Z #7 1.170 ( 3/12) Installing libunistring (1.4.1-r0)
2026-01-09T01:58:54.1173672Z #7 1.190 ( 4/12) Installing libidn2 (2.3.8-r0)
2026-01-09T01:58:54.1174173Z #7 1.201 ( 5/12) Installing nghttp2-libs (1.68.0-r0)
2026-01-09T01:58:54.1174526Z #7 1.211 ( 6/12) Installing nghttp3 (1.13.1-r0)
2026-01-09T01:58:54.1174882Z #7 1.219 ( 7/12) Installing libpsl (0.21.5-r3)
2026-01-09T01:58:54.1175183Z #7 1.228 ( 8/12) Installing zstd-libs (1.5.7-r2)
2026-01-09T01:58:54.1175463Z #7 1.251 ( 9/12) Installing libcurl (8.17.0-r1)
2026-01-09T01:58:54.3246446Z #7 1.264 (10/12) Installing curl (8.17.0-r1)
2026-01-09T01:58:54.3247055Z #7 1.276 (11/12) Installing oniguruma (6.9.10-r0)
2026-01-09T01:58:54.3247452Z #7 1.290 (12/12) Installing jq (1.8.1-r0)
2026-01-09T01:58:54.3247815Z #7 1.301 Executing busybox-1.37.0-r30.trigger
2026-01-09T01:58:54.3248201Z #7 1.308 OK: 14.1 MiB in 28 packages
2026-01-09T01:58:54.6273228Z #7 DONE 1.8s
2026-01-09T01:58:54.7803639Z 
2026-01-09T01:58:54.7805043Z #8 [3/4] COPY entrypoint.sh /entrypoint.sh
2026-01-09T01:58:54.7805599Z #8 DONE 0.0s
2026-01-09T01:58:54.7805799Z 
2026-01-09T01:58:54.7805996Z #9 [4/4] RUN chmod +x /entrypoint.sh
2026-01-09T01:58:54.7806414Z #9 DONE 0.1s
2026-01-09T01:58:54.9335177Z 
2026-01-09T01:58:54.9335662Z #10 exporting to image
2026-01-09T01:58:54.9336058Z #10 exporting layers
2026-01-09T01:58:55.0104204Z #10 exporting layers 0.2s done
2026-01-09T01:58:55.0301228Z #10 writing image sha256:ad9181878f064a21048203cfbc64091454f272993221fe26deb3647855e341d9 done
2026-01-09T01:58:55.0302215Z #10 naming to docker.io/library/b9ad49:113581dc3db94a3abd798bf26e952d75 done
2026-01-09T01:58:55.0302875Z #10 DONE 0.2s
2026-01-09T01:58:55.0367523Z ##[endgroup]
2026-01-09T01:58:55.0635592Z ##[group]Run actions/checkout@v6.0.1
2026-01-09T01:58:55.0636153Z with:
2026-01-09T01:58:55.0636350Z   repository: Boss-1s/scratchattach
2026-01-09T01:58:55.0636779Z   token: ***
2026-01-09T01:58:55.0636964Z   ssh-strict: true
2026-01-09T01:58:55.0637144Z   ssh-user: git
2026-01-09T01:58:55.0637328Z   persist-credentials: true
2026-01-09T01:58:55.0637533Z   clean: true
2026-01-09T01:58:55.0637723Z   sparse-checkout-cone-mode: true
2026-01-09T01:58:55.0637963Z   fetch-depth: 1
2026-01-09T01:58:55.0638135Z   fetch-tags: false
2026-01-09T01:58:55.0638315Z   show-progress: true
2026-01-09T01:58:55.0638491Z   lfs: false
2026-01-09T01:58:55.0638654Z   submodules: false
2026-01-09T01:58:55.0638830Z   set-safe-directory: true
2026-01-09T01:58:55.0639558Z ##[endgroup]
2026-01-09T01:58:55.1578733Z Syncing repository: Boss-1s/scratchattach
2026-01-09T01:58:55.1580226Z ##[group]Getting Git version info
2026-01-09T01:58:55.1580810Z Working directory is '/home/runner/work/scratchattach/scratchattach'
2026-01-09T01:58:55.1581716Z [command]/usr/bin/git version
2026-01-09T01:58:55.1581975Z git version 2.52.0
2026-01-09T01:58:55.1602854Z ##[endgroup]
2026-01-09T01:58:55.1617876Z Temporarily overriding HOME='/home/runner/work/_temp/5fbb96bc-ee31-4f33-871d-41b7dc2cd676' before making global git config changes
2026-01-09T01:58:55.1619223Z Adding repository directory to the temporary git global config as a safe directory
2026-01-09T01:58:55.1623014Z [command]/usr/bin/git config --global --add safe.directory /home/runner/work/scratchattach/scratchattach
2026-01-09T01:58:55.1667342Z Deleting the contents of '/home/runner/work/scratchattach/scratchattach'
2026-01-09T01:58:55.1671090Z ##[group]Initializing the repository
2026-01-09T01:58:55.1675957Z [command]/usr/bin/git init /home/runner/work/scratchattach/scratchattach
2026-01-09T01:58:55.1810552Z hint: Using 'master' as the name for the initial branch. This default branch name
2026-01-09T01:58:55.1811630Z hint: will change to "main" in Git 3.0. To configure the initial branch name
2026-01-09T01:58:55.1812639Z hint: to use in all of your new repositories, which will suppress this warning,
2026-01-09T01:58:55.1813383Z hint: call:
2026-01-09T01:58:55.1813624Z hint:
2026-01-09T01:58:55.1814209Z hint: 	git config --global init.defaultBranch <name>
2026-01-09T01:58:55.1814609Z hint:
2026-01-09T01:58:55.1815061Z hint: Names commonly chosen instead of 'master' are 'main', 'trunk' and
2026-01-09T01:58:55.1815803Z hint: 'development'. The just-created branch can be renamed via this command:
2026-01-09T01:58:55.1816523Z hint:
2026-01-09T01:58:55.1816888Z hint: 	git branch -m <name>
2026-01-09T01:58:55.1817214Z hint:
2026-01-09T01:58:55.1817629Z hint: Disable this message with "git config set advice.defaultBranchName false"
2026-01-09T01:58:55.1818661Z Initialized empty Git repository in /home/runner/work/scratchattach/scratchattach/.git/
2026-01-09T01:58:55.1829392Z [command]/usr/bin/git remote add origin https://github.com/Boss-1s/scratchattach
2026-01-09T01:58:55.1907679Z ##[endgroup]
2026-01-09T01:58:55.1908325Z ##[group]Disabling automatic garbage collection
2026-01-09T01:58:55.1912465Z [command]/usr/bin/git config --local gc.auto 0
2026-01-09T01:58:55.1941596Z ##[endgroup]
2026-01-09T01:58:55.1942147Z ##[group]Setting up auth
2026-01-09T01:58:55.1943414Z Removing SSH command configuration
2026-01-09T01:58:55.1950464Z [command]/usr/bin/git config --local --name-only --get-regexp core\.sshCommand
2026-01-09T01:58:55.1981850Z [command]/usr/bin/git submodule foreach --recursive sh -c "git config --local --name-only --get-regexp 'core\.sshCommand' && git config --local --unset-all 'core.sshCommand' || :"
2026-01-09T01:58:55.2357601Z Removing HTTP extra header
2026-01-09T01:58:55.2363353Z [command]/usr/bin/git config --local --name-only --get-regexp http\.https\:\/\/github\.com\/\.extraheader
2026-01-09T01:58:55.2394435Z [command]/usr/bin/git submodule foreach --recursive sh -c "git config --local --name-only --get-regexp 'http\.https\:\/\/github\.com\/\.extraheader' && git config --local --unset-all 'http.https://github.com/.extraheader' || :"
2026-01-09T01:58:55.2615686Z Removing includeIf entries pointing to credentials config files
2026-01-09T01:58:55.2621381Z [command]/usr/bin/git config --local --name-only --get-regexp ^includeIf\.gitdir:
2026-01-09T01:58:55.2653691Z [command]/usr/bin/git submodule foreach --recursive git config --local --show-origin --name-only --get-regexp remote.origin.url
2026-01-09T01:58:55.2885068Z [command]/usr/bin/git config --file /home/runner/work/_temp/git-credentials-dc9f08ca-face-47bd-bbd4-df6d3f6e9b4f.config http.https://github.com/.extraheader AUTHORIZATION: basic ***
2026-01-09T01:58:55.2922801Z [command]/usr/bin/git config --local includeIf.gitdir:/home/runner/work/scratchattach/scratchattach/.git.path /home/runner/work/_temp/git-credentials-dc9f08ca-face-47bd-bbd4-df6d3f6e9b4f.config
2026-01-09T01:58:55.2952915Z [command]/usr/bin/git config --local includeIf.gitdir:/home/runner/work/scratchattach/scratchattach/.git/worktrees/*.path /home/runner/work/_temp/git-credentials-dc9f08ca-face-47bd-bbd4-df6d3f6e9b4f.config
2026-01-09T01:58:55.2985403Z [command]/usr/bin/git config --local includeIf.gitdir:/github/workspace/.git.path /github/runner_temp/git-credentials-dc9f08ca-face-47bd-bbd4-df6d3f6e9b4f.config
2026-01-09T01:58:55.3015408Z [command]/usr/bin/git config --local includeIf.gitdir:/github/workspace/.git/worktrees/*.path /github/runner_temp/git-credentials-dc9f08ca-face-47bd-bbd4-df6d3f6e9b4f.config
2026-01-09T01:58:55.3041076Z ##[endgroup]
2026-01-09T01:58:55.3041676Z ##[group]Fetching the repository
2026-01-09T01:58:55.3050877Z [command]/usr/bin/git -c protocol.version=2 fetch --no-tags --prune --no-recurse-submodules --depth=1 origin +b539e1f7ad036959d0846007276f3de3d27f8da8:refs/remotes/origin/main
2026-01-09T01:59:05.3515120Z From https://github.com/Boss-1s/scratchattach
2026-01-09T01:59:05.3515923Z  * [new ref]         b539e1f7ad036959d0846007276f3de3d27f8da8 -> origin/main
2026-01-09T01:59:05.3543246Z ##[endgroup]
2026-01-09T01:59:05.3543858Z ##[group]Determining the checkout info
2026-01-09T01:59:05.3546653Z ##[endgroup]
2026-01-09T01:59:05.3551608Z [command]/usr/bin/git sparse-checkout disable
2026-01-09T01:59:05.3593833Z [command]/usr/bin/git config --local --unset-all extensions.worktreeConfig
2026-01-09T01:59:05.3620033Z ##[group]Checking out the ref
2026-01-09T01:59:05.3624337Z [command]/usr/bin/git checkout --progress --force -B main refs/remotes/origin/main
2026-01-09T01:59:06.7362731Z Updating files:  87% (2611/2987)
2026-01-09T01:59:06.9019879Z Updating files:  88% (2629/2987)
2026-01-09T01:59:07.0393843Z Updating files:  89% (2659/2987)
2026-01-09T01:59:07.0428293Z Updating files:  90% (2689/2987)
2026-01-09T01:59:07.2435729Z Updating files:  91% (2719/2987)
2026-01-09T01:59:07.2461129Z Updating files:  92% (2749/2987)
2026-01-09T01:59:07.3862684Z Updating files:  93% (2778/2987)
2026-01-09T01:59:07.9433414Z Updating files:  94% (2808/2987)
2026-01-09T01:59:08.0857103Z Updating files:  95% (2838/2987)
2026-01-09T01:59:08.3714212Z Updating files:  96% (2868/2987)
2026-01-09T01:59:08.4652636Z Updating files:  96% (2896/2987)
2026-01-09T01:59:08.6463534Z Updating files:  97% (2898/2987)
2026-01-09T01:59:08.8122684Z Updating files:  98% (2928/2987)
2026-01-09T01:59:08.8599766Z Updating files:  99% (2958/2987)
2026-01-09T01:59:08.8600359Z Updating files: 100% (2987/2987)
2026-01-09T01:59:08.8600775Z Updating files: 100% (2987/2987), done.
2026-01-09T01:59:08.8633582Z Switched to a new branch 'main'
2026-01-09T01:59:08.8636654Z branch 'main' set up to track 'origin/main'.
2026-01-09T01:59:08.8751034Z ##[endgroup]
2026-01-09T01:59:08.8795950Z [command]/usr/bin/git log -1 --format=%H
2026-01-09T01:59:08.8821087Z b539e1f7ad036959d0846007276f3de3d27f8da8
2026-01-09T01:59:08.9015792Z ##[group]Run pawanbahuguna/action-logs@v2.0.0
2026-01-09T01:59:08.9016093Z env:
2026-01-09T01:59:08.9016668Z   GH_TOKEN: ***
2026-01-09T01:59:08.9016878Z   GH_REPO: Boss-1s/scratchattach
2026-01-09T01:59:08.9017101Z   LOGS_DIR: .logs
2026-01-09T01:59:08.9017281Z ##[endgroup]
2026-01-09T01:59:08.9112796Z ##[command]/usr/bin/docker run --name b9ad49113581dc3db94a3abd798bf26e952d75_fa38f1 --label b9ad49 --workdir /github/workspace --rm -e "GH_TOKEN" -e "GH_REPO" -e "LOGS_DIR" -e "HOME" -e "GITHUB_JOB" -e "GITHUB_REF" -e "GITHUB_SHA" -e "GITHUB_REPOSITORY" -e "GITHUB_REPOSITORY_OWNER" -e "GITHUB_REPOSITORY_OWNER_ID" -e "GITHUB_RUN_ID" -e "GITHUB_RUN_NUMBER" -e "GITHUB_RETENTION_DAYS" -e "GITHUB_RUN_ATTEMPT" -e "GITHUB_ACTOR_ID" -e "GITHUB_ACTOR" -e "GITHUB_WORKFLOW" -e "GITHUB_HEAD_REF" -e "GITHUB_BASE_REF" -e "GITHUB_EVENT_NAME" -e "GITHUB_SERVER_URL" -e "GITHUB_API_URL" -e "GITHUB_GRAPHQL_URL" -e "GITHUB_REF_NAME" -e "GITHUB_REF_PROTECTED" -e "GITHUB_REF_TYPE" -e "GITHUB_WORKFLOW_REF" -e "GITHUB_WORKFLOW_SHA" -e "GITHUB_REPOSITORY_ID" -e "GITHUB_TRIGGERING_ACTOR" -e "GITHUB_WORKSPACE" -e "GITHUB_ACTION" -e "GITHUB_EVENT_PATH" -e "GITHUB_ACTION_REPOSITORY" -e "GITHUB_ACTION_REF" -e "GITHUB_PATH" -e "GITHUB_ENV" -e "GITHUB_STEP_SUMMARY" -e "GITHUB_STATE" -e "GITHUB_OUTPUT" -e "RUNNER_OS" -e "RUNNER_ARCH" -e "RUNNER_NAME" -e "RUNNER_ENVIRONMENT" -e "RUNNER_TOOL_CACHE" -e "RUNNER_TEMP" -e "RUNNER_WORKSPACE" -e "ACTIONS_RUNTIME_URL" -e "ACTIONS_RUNTIME_TOKEN" -e "ACTIONS_CACHE_URL" -e "ACTIONS_RESULTS_URL" -e GITHUB_ACTIONS=true -e CI=true -v "/var/run/docker.sock":"/var/run/docker.sock" -v "/home/runner/work/_temp":"/github/runner_temp" -v "/home/runner/work/_temp/_github_home":"/github/home" -v "/home/runner/work/_temp/_github_workflow":"/github/workflow" -v "/home/runner/work/_temp/_runner_file_commands":"/github/file_commands" -v "/home/runner/work/scratchattach/scratchattach":"/github/workspace" b9ad49:113581dc3db94a3abd798bf26e952d75
2026-01-09T01:59:11.4956665Z Will only process 24hrs logs before or equal to 2026-01-08T01:59:11Z
2026-01-09T01:59:11.4958664Z Searching Workflow Runs
2026-01-09T01:59:14.6743554Z Fetching Job IDs
2026-01-09T01:59:18.1115200Z mkdir: can't create directory '.logs': File exists
2026-01-09T01:59:18.1120641Z Writing logs for job 59868142281
2026-01-09T01:59:18.2880749Z Writing logs for job 59867893812
2026-01-09T01:59:18.4583945Z Writing logs for job 59849984297
2026-01-09T01:59:18.6715662Z Writing logs for job 59837809865
2026-01-09T01:59:19.0552972Z Writing logs for job 59835027804
2026-01-09T01:59:19.5360673Z Writing logs for job 59832703559
2026-01-09T01:59:19.8773959Z Writing logs for job 59827395020
2026-01-09T01:59:20.0936242Z Writing logs for job 59827394977
2026-01-09T01:59:20.3130295Z Writing logs for job 59811557285
2026-01-09T01:59:20.5139083Z Writing logs for job 59800707331
2026-01-09T01:59:20.8520405Z Writing logs for job 59796485127
2026-01-09T01:59:21.1657083Z Writing logs for job 59767408269
2026-01-09T01:59:21.7048342Z Writing logs for job 59765958337
2026-01-09T01:59:22.1372547Z Writing logs for job 59756383972
2026-01-09T01:59:22.3591838Z Logs Downloaded and saved!
2026-01-09T01:59:22.3592146Z Starting cleanup
2026-01-09T01:59:22.3599716Z cleanup Completed!!
2026-01-09T01:59:22.4475318Z ##[group]Run git config --global user.name 'Boss_1s [via Actions]'
2026-01-09T01:59:22.4475876Z [36;1mgit config --global user.name 'Boss_1s [via Actions]'[0m
2026-01-09T01:59:22.4476369Z [36;1mgit config --global user.email 'Boss-1s[auto]@users.noreply.github.com'[0m
2026-01-09T01:59:22.4476759Z [36;1m[0m
2026-01-09T01:59:22.4476939Z [36;1mgit pull origin main[0m
2026-01-09T01:59:22.4477145Z [36;1m[0m
2026-01-09T01:59:22.4477364Z [36;1mGIT_STATUS_OUTPUT=$(git status --porcelain)[0m
2026-01-09T01:59:22.4477658Z [36;1m[0m
2026-01-09T01:59:22.4477840Z [36;1mif [ -z "$GIT_STATUS_OUTPUT" ]; then[0m
2026-01-09T01:59:22.4478188Z [36;1m  echo "Git working tree is clean (no uncommitted changes)."[0m
2026-01-09T01:59:22.4478508Z [36;1m  exit 0[0m
2026-01-09T01:59:22.4478676Z [36;1melse[0m
2026-01-09T01:59:22.4478901Z [36;1m  echo "Git working tree has uncommitted changes:"[0m
2026-01-09T01:59:22.4479195Z [36;1m  echo "$GIT_STATUS_OUTPUT"[0m
2026-01-09T01:59:22.4479542Z [36;1m  echo "These changes will be pushed to the main branch."[0m
2026-01-09T01:59:22.4479839Z [36;1mfi[0m
2026-01-09T01:59:22.4479993Z [36;1m[0m
2026-01-09T01:59:22.4480145Z [36;1mgit add .[0m
2026-01-09T01:59:22.4480345Z [36;1mgit commit -m "[BOT] Download Logs"[0m
2026-01-09T01:59:22.4480608Z [36;1mgit push origin main[0m
2026-01-09T01:59:22.4516792Z shell: /usr/bin/bash -e {0}
2026-01-09T01:59:22.4517042Z ##[endgroup]
2026-01-09T01:59:22.6116354Z From https://github.com/Boss-1s/scratchattach
2026-01-09T01:59:22.6116996Z  * branch            main       -> FETCH_HEAD
2026-01-09T01:59:22.6185941Z Already up to date.
2026-01-09T01:59:23.3682550Z Git working tree has uncommitted changes:
2026-01-09T01:59:23.3682918Z ?? .logs/logs-59756383972-2026-01-09.txt
2026-01-09T01:59:23.3683173Z ?? .logs/logs-59765958337-2026-01-09.txt
2026-01-09T01:59:23.3683570Z ?? .logs/logs-59767408269-2026-01-09.txt
2026-01-09T01:59:23.3683956Z ?? .logs/logs-59796485127-2026-01-09.txt
2026-01-09T01:59:23.3684675Z ?? .logs/logs-59800707331-2026-01-09.txt
2026-01-09T01:59:23.3685067Z ?? .logs/logs-59811557285-2026-01-09.txt
2026-01-09T01:59:23.3685409Z ?? .logs/logs-59827394977-2026-01-09.txt
2026-01-09T01:59:23.3685635Z ?? .logs/logs-59827395020-2026-01-09.txt
2026-01-09T01:59:23.3685864Z ?? .logs/logs-59832703559-2026-01-09.txt
2026-01-09T01:59:23.3686098Z ?? .logs/logs-59835027804-2026-01-09.txt
2026-01-09T01:59:23.3686318Z ?? .logs/logs-59837809865-2026-01-09.txt
2026-01-09T01:59:23.3686540Z ?? .logs/logs-59849984297-2026-01-09.txt
2026-01-09T01:59:23.3687019Z ?? .logs/logs-59867893812-2026-01-09.txt
2026-01-09T01:59:23.3687239Z ?? .logs/logs-59868142281-2026-01-09.txt
2026-01-09T01:59:23.3687499Z These changes will be pushed to the main branch.
2026-01-09T01:59:24.4339614Z [main dba3563] [BOT] Download Logs
2026-01-09T01:59:24.4340008Z  14 files changed, 1064654 insertions(+)
2026-01-09T01:59:24.4340398Z  create mode 100644 .logs/logs-59756383972-2026-01-09.txt
2026-01-09T01:59:24.4340869Z  create mode 100644 .logs/logs-59765958337-2026-01-09.txt
2026-01-09T01:59:24.4341289Z  create mode 100644 .logs/logs-59767408269-2026-01-09.txt
2026-01-09T01:59:24.4341698Z  create mode 100644 .logs/logs-59796485127-2026-01-09.txt
2026-01-09T01:59:24.4342106Z  create mode 100644 .logs/logs-59800707331-2026-01-09.txt
2026-01-09T01:59:24.4342516Z  create mode 100644 .logs/logs-59811557285-2026-01-09.txt
2026-01-09T01:59:24.4342920Z  create mode 100644 .logs/logs-59827394977-2026-01-09.txt
2026-01-09T01:59:24.4343327Z  create mode 100644 .logs/logs-59827395020-2026-01-09.txt
2026-01-09T01:59:24.4343744Z  create mode 100644 .logs/logs-59832703559-2026-01-09.txt
2026-01-09T01:59:24.4411699Z  create mode 100644 .logs/logs-59835027804-2026-01-09.txt
2026-01-09T01:59:24.4412349Z  create mode 100644 .logs/logs-59837809865-2026-01-09.txt
2026-01-09T01:59:24.4412856Z  create mode 100644 .logs/logs-59849984297-2026-01-09.txt
2026-01-09T01:59:24.4413360Z  create mode 100644 .logs/logs-59867893812-2026-01-09.txt
2026-01-09T01:59:24.4414679Z  create mode 100644 .logs/logs-59868142281-2026-01-09.txt
2026-01-09T01:59:34.8988944Z To https://github.com/Boss-1s/scratchattach
2026-01-09T01:59:34.8989473Z    b539e1f..dba3563  main -> main
2026-01-09T01:59:34.9106155Z Post job cleanup.
2026-01-09T01:59:34.9880082Z [command]/usr/bin/git version
2026-01-09T01:59:34.9916491Z git version 2.52.0
2026-01-09T01:59:34.9949497Z Copying '/home/runner/.gitconfig' to '/home/runner/work/_temp/2c875d83-1604-4926-80f9-26bd5783ad49/.gitconfig'
2026-01-09T01:59:34.9959163Z Temporarily overriding HOME='/home/runner/work/_temp/2c875d83-1604-4926-80f9-26bd5783ad49' before making global git config changes
2026-01-09T01:59:34.9960467Z Adding repository directory to the temporary git global config as a safe directory
2026-01-09T01:59:34.9965712Z [command]/usr/bin/git config --global --add safe.directory /home/runner/work/scratchattach/scratchattach
2026-01-09T01:59:34.9995401Z Removing SSH command configuration
2026-01-09T01:59:35.0001600Z [command]/usr/bin/git config --local --name-only --get-regexp core\.sshCommand
2026-01-09T01:59:35.0059306Z [command]/usr/bin/git submodule foreach --recursive sh -c "git config --local --name-only --get-regexp 'core\.sshCommand' && git config --local --unset-all 'core.sshCommand' || :"
2026-01-09T01:59:35.0285574Z Removing HTTP extra header
2026-01-09T01:59:35.0290470Z [command]/usr/bin/git config --local --name-only --get-regexp http\.https\:\/\/github\.com\/\.extraheader
2026-01-09T01:59:35.0322823Z [command]/usr/bin/git submodule foreach --recursive sh -c "git config --local --name-only --get-regexp 'http\.https\:\/\/github\.com\/\.extraheader' && git config --local --unset-all 'http.https://github.com/.extraheader' || :"
2026-01-09T01:59:35.0546235Z Removing includeIf entries pointing to credentials config files
2026-01-09T01:59:35.0552884Z [command]/usr/bin/git config --local --name-only --get-regexp ^includeIf\.gitdir:
2026-01-09T01:59:35.0575683Z includeif.gitdir:/home/runner/work/scratchattach/scratchattach/.git.path
2026-01-09T01:59:35.0576495Z includeif.gitdir:/home/runner/work/scratchattach/scratchattach/.git/worktrees/*.path
2026-01-09T01:59:35.0577142Z includeif.gitdir:/github/workspace/.git.path
2026-01-09T01:59:35.0577676Z includeif.gitdir:/github/workspace/.git/worktrees/*.path
2026-01-09T01:59:35.0589314Z [command]/usr/bin/git config --local --get-all includeif.gitdir:/home/runner/work/scratchattach/scratchattach/.git.path
2026-01-09T01:59:35.0610084Z /home/runner/work/_temp/git-credentials-dc9f08ca-face-47bd-bbd4-df6d3f6e9b4f.config
2026-01-09T01:59:35.0620324Z [command]/usr/bin/git config --local --unset includeif.gitdir:/home/runner/work/scratchattach/scratchattach/.git.path /home/runner/work/_temp/git-credentials-dc9f08ca-face-47bd-bbd4-df6d3f6e9b4f.config
2026-01-09T01:59:35.0653185Z [command]/usr/bin/git config --local --get-all includeif.gitdir:/home/runner/work/scratchattach/scratchattach/.git/worktrees/*.path
2026-01-09T01:59:35.0674425Z /home/runner/work/_temp/git-credentials-dc9f08ca-face-47bd-bbd4-df6d3f6e9b4f.config
2026-01-09T01:59:35.0684585Z [command]/usr/bin/git config --local --unset includeif.gitdir:/home/runner/work/scratchattach/scratchattach/.git/worktrees/*.path /home/runner/work/_temp/git-credentials-dc9f08ca-face-47bd-bbd4-df6d3f6e9b4f.config
2026-01-09T01:59:35.0715287Z [command]/usr/bin/git config --local --get-all includeif.gitdir:/github/workspace/.git.path
2026-01-09T01:59:35.0736415Z /github/runner_temp/git-credentials-dc9f08ca-face-47bd-bbd4-df6d3f6e9b4f.config
2026-01-09T01:59:35.0744366Z [command]/usr/bin/git config --local --unset includeif.gitdir:/github/workspace/.git.path /github/runner_temp/git-credentials-dc9f08ca-face-47bd-bbd4-df6d3f6e9b4f.config
2026-01-09T01:59:35.0773222Z [command]/usr/bin/git config --local --get-all includeif.gitdir:/github/workspace/.git/worktrees/*.path
2026-01-09T01:59:35.0793000Z /github/runner_temp/git-credentials-dc9f08ca-face-47bd-bbd4-df6d3f6e9b4f.config
2026-01-09T01:59:35.0802366Z [command]/usr/bin/git config --local --unset includeif.gitdir:/github/workspace/.git/worktrees/*.path /github/runner_temp/git-credentials-dc9f08ca-face-47bd-bbd4-df6d3f6e9b4f.config
2026-01-09T01:59:35.0834272Z [command]/usr/bin/git submodule foreach --recursive git config --local --show-origin --name-only --get-regexp remote.origin.url
2026-01-09T01:59:35.1056755Z Removing credentials config '/home/runner/work/_temp/git-credentials-dc9f08ca-face-47bd-bbd4-df6d3f6e9b4f.config'
2026-01-09T01:59:35.1185979Z Cleaning up orphan processes
