2025-09-03T13:06:34.8084972Z Current runner version: '2.328.0'
2025-09-03T13:06:34.8108720Z ##[group]Runner Image Provisioner
2025-09-03T13:06:34.8109567Z Hosted Compute Agent
2025-09-03T13:06:34.8110174Z Version: 20250829.383
2025-09-03T13:06:34.8110806Z Commit: 27cb235aab5b0e52e153a26cd86b4742e89dac5d
2025-09-03T13:06:34.8111462Z Build Date: 2025-08-29T13:48:48Z
2025-09-03T13:06:34.8112112Z ##[endgroup]
2025-09-03T13:06:34.8112712Z ##[group]Operating System
2025-09-03T13:06:34.8113251Z Ubuntu
2025-09-03T13:06:34.8113880Z 24.04.3
2025-09-03T13:06:34.8114389Z LTS
2025-09-03T13:06:34.8115006Z ##[endgroup]
2025-09-03T13:06:34.8115779Z ##[group]Runner Image
2025-09-03T13:06:34.8116383Z Image: ubuntu-24.04
2025-09-03T13:06:34.8117098Z Version: 20250831.1.0
2025-09-03T13:06:34.8118185Z Included Software: https://github.com/actions/runner-images/blob/ubuntu24/20250831.1/images/ubuntu/Ubuntu2404-Readme.md
2025-09-03T13:06:34.8119723Z Image Release: https://github.com/actions/runner-images/releases/tag/ubuntu24%2F20250831.1
2025-09-03T13:06:34.8120816Z ##[endgroup]
2025-09-03T13:06:34.8123244Z ##[group]GITHUB_TOKEN Permissions
2025-09-03T13:06:34.8125281Z Actions: write
2025-09-03T13:06:34.8125831Z Attestations: write
2025-09-03T13:06:34.8126370Z Checks: write
2025-09-03T13:06:34.8127117Z Contents: write
2025-09-03T13:06:34.8127710Z Deployments: write
2025-09-03T13:06:34.8128251Z Discussions: write
2025-09-03T13:06:34.8128820Z Issues: write
2025-09-03T13:06:34.8129306Z Metadata: read
2025-09-03T13:06:34.8129810Z Models: read
2025-09-03T13:06:34.8130268Z Packages: write
2025-09-03T13:06:34.8130891Z Pages: write
2025-09-03T13:06:34.8131407Z PullRequests: write
2025-09-03T13:06:34.8131909Z RepositoryProjects: write
2025-09-03T13:06:34.8132565Z SecurityEvents: write
2025-09-03T13:06:34.8133200Z Statuses: write
2025-09-03T13:06:34.8133665Z ##[endgroup]
2025-09-03T13:06:34.8136168Z Secret source: Actions
2025-09-03T13:06:34.8137263Z Prepare workflow directory
2025-09-03T13:06:34.8458881Z Prepare all required actions
2025-09-03T13:06:34.8496121Z Getting action download info
2025-09-03T13:06:35.3897696Z Download action repository 'actions/checkout@v5' (SHA:08c6903cd8c0fde910a37f88322edcfb5dd907a8)
2025-09-03T13:06:35.5725516Z Download action repository 'actions/setup-python@v5.6.0' (SHA:a26af69be951a213d495a4c3e4e4022e16d87065)
2025-09-03T13:06:35.6548402Z Download action repository 'bossOfCode/install-scratchattach@v1.0.3' (SHA:be17a7cf1ecb5a7040eb42ef26c2e1fbe72bb25a)
2025-09-03T13:06:36.3324362Z Complete job name: Run 1
2025-09-03T13:06:36.4048691Z ##[group]Run actions/checkout@v5
2025-09-03T13:06:36.4049911Z with:
2025-09-03T13:06:36.4050398Z   ref: main
2025-09-03T13:06:36.4050888Z   repository: Boss-1s/scratchattach
2025-09-03T13:06:36.4051654Z   token: ***
2025-09-03T13:06:36.4052128Z   ssh-strict: true
2025-09-03T13:06:36.4052612Z   ssh-user: git
2025-09-03T13:06:36.4053109Z   persist-credentials: true
2025-09-03T13:06:36.4053647Z   clean: true
2025-09-03T13:06:36.4054136Z   sparse-checkout-cone-mode: true
2025-09-03T13:06:36.4054713Z   fetch-depth: 1
2025-09-03T13:06:36.4055206Z   fetch-tags: false
2025-09-03T13:06:36.4055695Z   show-progress: true
2025-09-03T13:06:36.4056213Z   lfs: false
2025-09-03T13:06:36.4056680Z   submodules: false
2025-09-03T13:06:36.4057524Z   set-safe-directory: true
2025-09-03T13:06:36.4058458Z ##[endgroup]
2025-09-03T13:06:36.4962814Z Syncing repository: Boss-1s/scratchattach
2025-09-03T13:06:36.4965206Z ##[group]Getting Git version info
2025-09-03T13:06:36.4966203Z Working directory is '/home/runner/work/scratchattach/scratchattach'
2025-09-03T13:06:36.4967950Z [command]/usr/bin/git version
2025-09-03T13:06:36.5033251Z git version 2.51.0
2025-09-03T13:06:36.5054633Z ##[endgroup]
2025-09-03T13:06:36.5068664Z Temporarily overriding HOME='/home/runner/work/_temp/d26927bc-6fa6-41fe-9566-c2a3b06f50aa' before making global git config changes
2025-09-03T13:06:36.5070512Z Adding repository directory to the temporary git global config as a safe directory
2025-09-03T13:06:36.5072838Z [command]/usr/bin/git config --global --add safe.directory /home/runner/work/scratchattach/scratchattach
2025-09-03T13:06:36.5110679Z Deleting the contents of '/home/runner/work/scratchattach/scratchattach'
2025-09-03T13:06:36.5114237Z ##[group]Initializing the repository
2025-09-03T13:06:36.5118579Z [command]/usr/bin/git init /home/runner/work/scratchattach/scratchattach
2025-09-03T13:06:36.5233931Z hint: Using 'master' as the name for the initial branch. This default branch name
2025-09-03T13:06:36.5235224Z hint: is subject to change. To configure the initial branch name to use in all
2025-09-03T13:06:36.5237218Z hint: of your new repositories, which will suppress this warning, call:
2025-09-03T13:06:36.5238629Z hint:
2025-09-03T13:06:36.5239572Z hint: 	git config --global init.defaultBranch <name>
2025-09-03T13:06:36.5240671Z hint:
2025-09-03T13:06:36.5241544Z hint: Names commonly chosen instead of 'master' are 'main', 'trunk' and
2025-09-03T13:06:36.5242624Z hint: 'development'. The just-created branch can be renamed via this command:
2025-09-03T13:06:36.5243470Z hint:
2025-09-03T13:06:36.5243932Z hint: 	git branch -m <name>
2025-09-03T13:06:36.5244477Z hint:
2025-09-03T13:06:36.5245173Z hint: Disable this message with "git config set advice.defaultBranchName false"
2025-09-03T13:06:36.5246957Z Initialized empty Git repository in /home/runner/work/scratchattach/scratchattach/.git/
2025-09-03T13:06:36.5251403Z [command]/usr/bin/git remote add origin https://github.com/Boss-1s/scratchattach
2025-09-03T13:06:36.5291161Z ##[endgroup]
2025-09-03T13:06:36.5292048Z ##[group]Disabling automatic garbage collection
2025-09-03T13:06:36.5294575Z [command]/usr/bin/git config --local gc.auto 0
2025-09-03T13:06:36.5323028Z ##[endgroup]
2025-09-03T13:06:36.5323845Z ##[group]Setting up auth
2025-09-03T13:06:36.5329418Z [command]/usr/bin/git config --local --name-only --get-regexp core\.sshCommand
2025-09-03T13:06:36.5359504Z [command]/usr/bin/git submodule foreach --recursive sh -c "git config --local --name-only --get-regexp 'core\.sshCommand' && git config --local --unset-all 'core.sshCommand' || :"
2025-09-03T13:06:36.5683860Z [command]/usr/bin/git config --local --name-only --get-regexp http\.https\:\/\/github\.com\/\.extraheader
2025-09-03T13:06:36.5713762Z [command]/usr/bin/git submodule foreach --recursive sh -c "git config --local --name-only --get-regexp 'http\.https\:\/\/github\.com\/\.extraheader' && git config --local --unset-all 'http.https://github.com/.extraheader' || :"
2025-09-03T13:06:36.5933106Z [command]/usr/bin/git config --local http.https://github.com/.extraheader AUTHORIZATION: basic ***
2025-09-03T13:06:36.5975282Z ##[endgroup]
2025-09-03T13:06:36.5976158Z ##[group]Fetching the repository
2025-09-03T13:06:36.5984352Z [command]/usr/bin/git -c protocol.version=2 fetch --no-tags --prune --no-recurse-submodules --depth=1 origin +refs/heads/main*:refs/remotes/origin/main* +refs/tags/main*:refs/tags/main*
2025-09-03T13:06:37.2898883Z From https://github.com/Boss-1s/scratchattach
2025-09-03T13:06:37.2900509Z  * [new branch]      main       -> origin/main
2025-09-03T13:06:37.2929946Z ##[endgroup]
2025-09-03T13:06:37.2931915Z ##[group]Determining the checkout info
2025-09-03T13:06:37.2937948Z [command]/usr/bin/git branch --list --remote origin/main
2025-09-03T13:06:37.2962645Z   origin/main
2025-09-03T13:06:37.2968935Z ##[endgroup]
2025-09-03T13:06:37.2972930Z [command]/usr/bin/git sparse-checkout disable
2025-09-03T13:06:37.3012834Z [command]/usr/bin/git config --local --unset-all extensions.worktreeConfig
2025-09-03T13:06:37.3040392Z ##[group]Checking out the ref
2025-09-03T13:06:37.3043957Z [command]/usr/bin/git checkout --progress --force -B main refs/remotes/origin/main
2025-09-03T13:06:37.3426235Z Switched to a new branch 'main'
2025-09-03T13:06:37.3428156Z branch 'main' set up to track 'origin/main'.
2025-09-03T13:06:37.3438381Z ##[endgroup]
2025-09-03T13:06:37.3477652Z [command]/usr/bin/git log -1 --format=%H
2025-09-03T13:06:37.3502379Z 00676d5627fb895633b963fa027217c9b38c324b
2025-09-03T13:06:37.3818525Z ##[group]Run actions/setup-python@v5.6.0
2025-09-03T13:06:37.3820077Z with:
2025-09-03T13:06:37.3820901Z   python-version: 3.12.5
2025-09-03T13:06:37.3821921Z   check-latest: false
2025-09-03T13:06:37.3823145Z   token: ***
2025-09-03T13:06:37.3824017Z   update-environment: true
2025-09-03T13:06:37.3825078Z   allow-prereleases: false
2025-09-03T13:06:37.3826108Z   freethreaded: false
2025-09-03T13:06:37.3827157Z ##[endgroup]
2025-09-03T13:06:37.5531096Z ##[group]Installed versions
2025-09-03T13:06:37.5552548Z Version 3.12.5 was not found in the local cache
2025-09-03T13:06:38.2052391Z Version 3.12.5 is available for downloading
2025-09-03T13:06:38.2053992Z Download from "https://github.com/actions/python-versions/releases/download/3.12.5-10375840348/python-3.12.5-linux-24.04-x64.tar.gz"
2025-09-03T13:06:39.0411504Z Extract downloaded archive
2025-09-03T13:06:39.0516129Z [command]/usr/bin/tar xz --warning=no-unknown-keyword --overwrite -C /home/runner/work/_temp/0d9b1156-d292-4136-871e-fa10188492d9 -f /home/runner/work/_temp/7a8a08ec-7245-4c4f-b984-e40ce6d36f83
2025-09-03T13:06:41.0363240Z Execute installation script
2025-09-03T13:06:41.0450955Z Check if Python hostedtoolcache folder exist...
2025-09-03T13:06:41.0453647Z Create Python 3.12.5 folder
2025-09-03T13:06:41.0468418Z Copy Python binaries to hostedtoolcache folder
2025-09-03T13:06:41.5953784Z Create additional symlinks (Required for the UsePythonVersion Azure Pipelines task and the setup-python GitHub Action)
2025-09-03T13:06:41.5995058Z Upgrading pip...
2025-09-03T13:06:43.8324636Z Looking in links: /tmp/tmprw7plips
2025-09-03T13:06:43.8328962Z Requirement already satisfied: pip in /opt/hostedtoolcache/Python/3.12.5/x64/lib/python3.12/site-packages (24.2)
2025-09-03T13:06:44.9330058Z Collecting pip
2025-09-03T13:06:44.9663559Z Downloading pip-25.2-py3-none-any.whl.metadata (4.7 kB)
2025-09-03T13:06:44.9732483Z Downloading pip-25.2-py3-none-any.whl (1.8 MB)
2025-09-03T13:06:45.0034367Z ━━━━━━━━━━━━━━━━━━━━━━━━━━━━━━━━━━━━━━━━ 1.8/1.8 MB 122.2 MB/s eta 0:00:00
2025-09-03T13:06:45.0034865Z 
2025-09-03T13:06:45.0234599Z Installing collected packages: pip
2025-09-03T13:06:45.0241775Z Attempting uninstall: pip
2025-09-03T13:06:45.0257989Z Found existing installation: pip 24.2
2025-09-03T13:06:45.0614561Z Uninstalling pip-24.2:
2025-09-03T13:06:45.0669658Z Successfully uninstalled pip-24.2
2025-09-03T13:06:45.9611148Z Successfully installed pip-25.2
2025-09-03T13:06:46.0107798Z Create complete file
2025-09-03T13:06:46.0142096Z Successfully set up CPython (3.12.5)
2025-09-03T13:06:46.0142852Z ##[endgroup]
2025-09-03T13:06:46.0294137Z ##[group]Run bossOfCode/install-scratchattach@v1.0.3
2025-09-03T13:06:46.0294471Z env:
2025-09-03T13:06:46.0294712Z   pythonLocation: /opt/hostedtoolcache/Python/3.12.5/x64
2025-09-03T13:06:46.0295126Z   PKG_CONFIG_PATH: /opt/hostedtoolcache/Python/3.12.5/x64/lib/pkgconfig
2025-09-03T13:06:46.0295521Z   Python_ROOT_DIR: /opt/hostedtoolcache/Python/3.12.5/x64
2025-09-03T13:06:46.0295883Z   Python2_ROOT_DIR: /opt/hostedtoolcache/Python/3.12.5/x64
2025-09-03T13:06:46.0296215Z   Python3_ROOT_DIR: /opt/hostedtoolcache/Python/3.12.5/x64
2025-09-03T13:06:46.0296572Z   LD_LIBRARY_PATH: /opt/hostedtoolcache/Python/3.12.5/x64/lib
2025-09-03T13:06:46.0297179Z ##[endgroup]
2025-09-03T13:06:46.0440017Z ##[group]Run python3 -m pip install --upgrade pip
2025-09-03T13:06:46.0440430Z [36;1mpython3 -m pip install --upgrade pip[0m
2025-09-03T13:06:46.0499338Z shell: /usr/bin/bash --noprofile --norc -e -o pipefail {0}
2025-09-03T13:06:46.0499671Z env:
2025-09-03T13:06:46.0499969Z   pythonLocation: /opt/hostedtoolcache/Python/3.12.5/x64
2025-09-03T13:06:46.0500357Z   PKG_CONFIG_PATH: /opt/hostedtoolcache/Python/3.12.5/x64/lib/pkgconfig
2025-09-03T13:06:46.0500750Z   Python_ROOT_DIR: /opt/hostedtoolcache/Python/3.12.5/x64
2025-09-03T13:06:46.0501094Z   Python2_ROOT_DIR: /opt/hostedtoolcache/Python/3.12.5/x64
2025-09-03T13:06:46.0501421Z   Python3_ROOT_DIR: /opt/hostedtoolcache/Python/3.12.5/x64
2025-09-03T13:06:46.0501762Z   LD_LIBRARY_PATH: /opt/hostedtoolcache/Python/3.12.5/x64/lib
2025-09-03T13:06:46.0502046Z ##[endgroup]
2025-09-03T13:06:46.4393300Z Requirement already satisfied: pip in /opt/hostedtoolcache/Python/3.12.5/x64/lib/python3.12/site-packages (25.2)
2025-09-03T13:06:46.6220704Z ##[group]Run pip install -U scratchattach
2025-09-03T13:06:46.6221044Z [36;1mpip install -U scratchattach[0m
2025-09-03T13:06:46.6251754Z shell: /usr/bin/bash --noprofile --norc -e -o pipefail {0}
2025-09-03T13:06:46.6252062Z env:
2025-09-03T13:06:46.6252305Z   pythonLocation: /opt/hostedtoolcache/Python/3.12.5/x64
2025-09-03T13:06:46.6252702Z   PKG_CONFIG_PATH: /opt/hostedtoolcache/Python/3.12.5/x64/lib/pkgconfig
2025-09-03T13:06:46.6253084Z   Python_ROOT_DIR: /opt/hostedtoolcache/Python/3.12.5/x64
2025-09-03T13:06:46.6253417Z   Python2_ROOT_DIR: /opt/hostedtoolcache/Python/3.12.5/x64
2025-09-03T13:06:46.6253749Z   Python3_ROOT_DIR: /opt/hostedtoolcache/Python/3.12.5/x64
2025-09-03T13:06:46.6254088Z   LD_LIBRARY_PATH: /opt/hostedtoolcache/Python/3.12.5/x64/lib
2025-09-03T13:06:46.6254364Z ##[endgroup]
2025-09-03T13:06:47.0849896Z Collecting scratchattach
2025-09-03T13:06:47.1189793Z   Downloading scratchattach-2.1.13-py3-none-any.whl.metadata (5.5 kB)
2025-09-03T13:06:47.1419416Z Collecting websocket-client (from scratchattach)
2025-09-03T13:06:47.1455118Z   Downloading websocket_client-1.8.0-py3-none-any.whl.metadata (8.0 kB)
2025-09-03T13:06:47.1741056Z Collecting requests (from scratchattach)
2025-09-03T13:06:47.1776293Z   Downloading requests-2.32.5-py3-none-any.whl.metadata (4.9 kB)
2025-09-03T13:06:47.1874893Z Collecting bs4 (from scratchattach)
2025-09-03T13:06:47.1906295Z   Downloading bs4-0.0.2-py2.py3-none-any.whl.metadata (411 bytes)
2025-09-03T13:06:47.2682166Z Collecting SimpleWebSocketServer (from scratchattach)
2025-09-03T13:06:47.2722828Z   Downloading SimpleWebSocketServer-0.1.2.tar.gz (10 kB)
2025-09-03T13:06:47.2807345Z   Installing build dependencies: started
2025-09-03T13:06:48.1000176Z   Installing build dependencies: finished with status 'done'
2025-09-03T13:06:48.1005960Z   Getting requirements to build wheel: started
2025-09-03T13:06:48.6489313Z   Getting requirements to build wheel: finished with status 'done'
2025-09-03T13:06:48.6497463Z   Preparing metadata (pyproject.toml): started
2025-09-03T13:06:48.9983692Z   Preparing metadata (pyproject.toml): finished with status 'done'
2025-09-03T13:06:49.1796250Z Collecting typing-extensions (from scratchattach)
2025-09-03T13:06:49.1831919Z   Downloading typing_extensions-4.15.0-py3-none-any.whl.metadata (3.3 kB)
2025-09-03T13:06:49.2010684Z Collecting beautifulsoup4 (from bs4->scratchattach)
2025-09-03T13:06:49.2049905Z   Downloading beautifulsoup4-4.13.5-py3-none-any.whl.metadata (3.8 kB)
2025-09-03T13:06:49.2253261Z Collecting soupsieve>1.2 (from beautifulsoup4->bs4->scratchattach)
2025-09-03T13:06:49.2287701Z   Downloading soupsieve-2.8-py3-none-any.whl.metadata (4.6 kB)
2025-09-03T13:06:49.3294136Z Collecting charset_normalizer<4,>=2 (from requests->scratchattach)
2025-09-03T13:06:49.3330102Z   Downloading charset_normalizer-3.4.3-cp312-cp312-manylinux2014_x86_64.manylinux_2_17_x86_64.manylinux_2_28_x86_64.whl.metadata (36 kB)
2025-09-03T13:06:49.3531579Z Collecting idna<4,>=2.5 (from requests->scratchattach)
2025-09-03T13:06:49.3563436Z   Downloading idna-3.10-py3-none-any.whl.metadata (10 kB)
2025-09-03T13:06:49.3857739Z Collecting urllib3<3,>=1.21.1 (from requests->scratchattach)
2025-09-03T13:06:49.3891313Z   Downloading urllib3-2.5.0-py3-none-any.whl.metadata (6.5 kB)
2025-09-03T13:06:49.4118065Z Collecting certifi>=2017.4.17 (from requests->scratchattach)
2025-09-03T13:06:49.4161411Z   Downloading certifi-2025.8.3-py3-none-any.whl.metadata (2.4 kB)
2025-09-03T13:06:49.4267970Z Downloading scratchattach-2.1.13-py3-none-any.whl (141 kB)
2025-09-03T13:06:49.4388240Z Downloading bs4-0.0.2-py2.py3-none-any.whl (1.2 kB)
2025-09-03T13:06:49.4442511Z Downloading beautifulsoup4-4.13.5-py3-none-any.whl (105 kB)
2025-09-03T13:06:49.4534499Z Downloading soupsieve-2.8-py3-none-any.whl (36 kB)
2025-09-03T13:06:49.4589657Z Downloading typing_extensions-4.15.0-py3-none-any.whl (44 kB)
2025-09-03T13:06:49.4645686Z Downloading requests-2.32.5-py3-none-any.whl (64 kB)
2025-09-03T13:06:49.4702949Z Downloading charset_normalizer-3.4.3-cp312-cp312-manylinux2014_x86_64.manylinux_2_17_x86_64.manylinux_2_28_x86_64.whl (151 kB)
2025-09-03T13:06:49.4772642Z Downloading idna-3.10-py3-none-any.whl (70 kB)
2025-09-03T13:06:49.4831180Z Downloading urllib3-2.5.0-py3-none-any.whl (129 kB)
2025-09-03T13:06:49.4890163Z Downloading certifi-2025.8.3-py3-none-any.whl (161 kB)
2025-09-03T13:06:49.4958872Z Downloading websocket_client-1.8.0-py3-none-any.whl (58 kB)
2025-09-03T13:06:49.5092624Z Building wheels for collected packages: SimpleWebSocketServer
2025-09-03T13:06:49.5101136Z   Building wheel for SimpleWebSocketServer (pyproject.toml): started
2025-09-03T13:06:49.7332850Z   Building wheel for SimpleWebSocketServer (pyproject.toml): finished with status 'done'
2025-09-03T13:06:49.7340231Z   Created wheel for SimpleWebSocketServer: filename=simplewebsocketserver-0.1.2-py3-none-any.whl size=9715 sha256=f80601ead9258d2ae40b615ac372267a1d2d99796e4e0fca3b0ab20e60b9f75a
2025-09-03T13:06:49.7342513Z   Stored in directory: /home/runner/.cache/pip/wheels/81/fd/d8/f145b47bedceb5dff96b76e404a4ee9be956a4f8f150cd8133
2025-09-03T13:06:49.7360513Z Successfully built SimpleWebSocketServer
2025-09-03T13:06:49.7531392Z Installing collected packages: SimpleWebSocketServer, websocket-client, urllib3, typing-extensions, soupsieve, idna, charset_normalizer, certifi, requests, beautifulsoup4, bs4, scratchattach
2025-09-03T13:06:50.3024286Z 
2025-09-03T13:06:50.3044714Z Successfully installed SimpleWebSocketServer-0.1.2 beautifulsoup4-4.13.5 bs4-0.0.2 certifi-2025.8.3 charset_normalizer-3.4.3 idna-3.10 requests-2.32.5 scratchattach-2.1.13 soupsieve-2.8 typing-extensions-4.15.0 urllib3-2.5.0 websocket-client-1.8.0
2025-09-03T13:06:50.3815680Z ##[group]Run actions/checkout@v5
2025-09-03T13:06:50.3815924Z with:
2025-09-03T13:06:50.3816085Z   ref: main
2025-09-03T13:06:50.3816264Z   repository: Boss-1s/scratchattach
2025-09-03T13:06:50.3816636Z   token: ***
2025-09-03T13:06:50.3817050Z   ssh-strict: true
2025-09-03T13:06:50.3817228Z   ssh-user: git
2025-09-03T13:06:50.3817403Z   persist-credentials: true
2025-09-03T13:06:50.3817604Z   clean: true
2025-09-03T13:06:50.3817782Z   sparse-checkout-cone-mode: true
2025-09-03T13:06:50.3818000Z   fetch-depth: 1
2025-09-03T13:06:50.3818172Z   fetch-tags: false
2025-09-03T13:06:50.3818346Z   show-progress: true
2025-09-03T13:06:50.3818525Z   lfs: false
2025-09-03T13:06:50.3818687Z   submodules: false
2025-09-03T13:06:50.3818862Z   set-safe-directory: true
2025-09-03T13:06:50.3819056Z env:
2025-09-03T13:06:50.3819275Z   pythonLocation: /opt/hostedtoolcache/Python/3.12.5/x64
2025-09-03T13:06:50.3819654Z   PKG_CONFIG_PATH: /opt/hostedtoolcache/Python/3.12.5/x64/lib/pkgconfig
2025-09-03T13:06:50.3820050Z   Python_ROOT_DIR: /opt/hostedtoolcache/Python/3.12.5/x64
2025-09-03T13:06:50.3820383Z   Python2_ROOT_DIR: /opt/hostedtoolcache/Python/3.12.5/x64
2025-09-03T13:06:50.3820712Z   Python3_ROOT_DIR: /opt/hostedtoolcache/Python/3.12.5/x64
2025-09-03T13:06:50.3821042Z   LD_LIBRARY_PATH: /opt/hostedtoolcache/Python/3.12.5/x64/lib
2025-09-03T13:06:50.3821317Z ##[endgroup]
2025-09-03T13:06:50.4589203Z Syncing repository: Boss-1s/scratchattach
2025-09-03T13:06:50.4591162Z ##[group]Getting Git version info
2025-09-03T13:06:50.4591755Z Working directory is '/home/runner/work/scratchattach/scratchattach'
2025-09-03T13:06:50.4629344Z [command]/usr/bin/git version
2025-09-03T13:06:50.4665132Z git version 2.51.0
2025-09-03T13:06:50.4685573Z ##[endgroup]
2025-09-03T13:06:50.4698880Z Temporarily overriding HOME='/home/runner/work/_temp/35607a8b-980f-4108-8c89-c190ff70bb8b' before making global git config changes
2025-09-03T13:06:50.4699888Z Adding repository directory to the temporary git global config as a safe directory
2025-09-03T13:06:50.4704117Z [command]/usr/bin/git config --global --add safe.directory /home/runner/work/scratchattach/scratchattach
2025-09-03T13:06:50.4745693Z [command]/usr/bin/git config --local --get remote.origin.url
2025-09-03T13:06:50.4764817Z https://github.com/Boss-1s/scratchattach
2025-09-03T13:06:50.4780158Z ##[group]Removing previously created refs, to avoid conflicts
2025-09-03T13:06:50.4783893Z [command]/usr/bin/git rev-parse --symbolic-full-name --verify --quiet HEAD
2025-09-03T13:06:50.4805160Z refs/heads/main
2025-09-03T13:06:50.4815887Z [command]/usr/bin/git checkout --detach
2025-09-03T13:06:50.5142701Z HEAD is now at 00676d5 [BOT] Download Logs
2025-09-03T13:06:50.5196364Z [command]/usr/bin/git branch --delete --force main
2025-09-03T13:06:50.5223295Z Deleted branch main (was 00676d5).
2025-09-03T13:06:50.5260424Z ##[endgroup]
2025-09-03T13:06:50.5264065Z [command]/usr/bin/git submodule status
2025-09-03T13:06:50.5507966Z ##[group]Cleaning the repository
2025-09-03T13:06:50.5513333Z [command]/usr/bin/git clean -ffdx
2025-09-03T13:06:50.5551129Z [command]/usr/bin/git reset --hard HEAD
2025-09-03T13:06:50.5587683Z HEAD is now at 00676d5 [BOT] Download Logs
2025-09-03T13:06:50.5594225Z ##[endgroup]
2025-09-03T13:06:50.5595565Z ##[group]Disabling automatic garbage collection
2025-09-03T13:06:50.5600159Z [command]/usr/bin/git config --local gc.auto 0
2025-09-03T13:06:50.5627523Z ##[endgroup]
2025-09-03T13:06:50.5628074Z ##[group]Setting up auth
2025-09-03T13:06:50.5634558Z [command]/usr/bin/git config --local --name-only --get-regexp core\.sshCommand
2025-09-03T13:06:50.5665136Z [command]/usr/bin/git submodule foreach --recursive sh -c "git config --local --name-only --get-regexp 'core\.sshCommand' && git config --local --unset-all 'core.sshCommand' || :"
2025-09-03T13:06:50.5901149Z [command]/usr/bin/git config --local --name-only --get-regexp http\.https\:\/\/github\.com\/\.extraheader
2025-09-03T13:06:50.5924433Z http.https://github.com/.extraheader
2025-09-03T13:06:50.5933834Z [command]/usr/bin/git config --local --unset-all http.https://github.com/.extraheader
2025-09-03T13:06:50.5964565Z [command]/usr/bin/git submodule foreach --recursive sh -c "git config --local --name-only --get-regexp 'http\.https\:\/\/github\.com\/\.extraheader' && git config --local --unset-all 'http.https://github.com/.extraheader' || :"
2025-09-03T13:06:50.6193480Z [command]/usr/bin/git config --local http.https://github.com/.extraheader AUTHORIZATION: basic ***
2025-09-03T13:06:50.6263390Z ##[endgroup]
2025-09-03T13:06:50.6263778Z ##[group]Fetching the repository
2025-09-03T13:06:50.6273130Z [command]/usr/bin/git -c protocol.version=2 fetch --no-tags --prune --no-recurse-submodules --depth=1 origin +refs/heads/main*:refs/remotes/origin/main* +refs/tags/main*:refs/tags/main*
2025-09-03T13:06:51.1279074Z ##[endgroup]
2025-09-03T13:06:51.1279693Z ##[group]Determining the checkout info
2025-09-03T13:06:51.1286539Z [command]/usr/bin/git branch --list --remote origin/main
2025-09-03T13:06:51.1310048Z   origin/main
2025-09-03T13:06:51.1314066Z ##[endgroup]
2025-09-03T13:06:51.1319032Z [command]/usr/bin/git sparse-checkout disable
2025-09-03T13:06:51.1359167Z [command]/usr/bin/git config --local --unset-all extensions.worktreeConfig
2025-09-03T13:06:51.1384610Z ##[group]Checking out the ref
2025-09-03T13:06:51.1389004Z [command]/usr/bin/git checkout --progress --force -B main refs/remotes/origin/main
2025-09-03T13:06:51.1429278Z Switched to a new branch 'main'
2025-09-03T13:06:51.1431854Z branch 'main' set up to track 'origin/main'.
2025-09-03T13:06:51.1438556Z ##[endgroup]
2025-09-03T13:06:51.1472878Z [command]/usr/bin/git log -1 --format=%H
2025-09-03T13:06:51.1497300Z 00676d5627fb895633b963fa027217c9b38c324b
2025-09-03T13:06:51.1602825Z ##[group]Run timeout 359m python3 message_viewer.py || { [[ $? -eq 124 ]] && exit 0; }
2025-09-03T13:06:51.1603352Z [36;1mtimeout 359m python3 message_viewer.py || { [[ $? -eq 124 ]] && exit 0; }[0m
2025-09-03T13:06:51.1633335Z shell: /usr/bin/bash -e {0}
2025-09-03T13:06:51.1633546Z env:
2025-09-03T13:06:51.1633779Z   pythonLocation: /opt/hostedtoolcache/Python/3.12.5/x64
2025-09-03T13:06:51.1634183Z   PKG_CONFIG_PATH: /opt/hostedtoolcache/Python/3.12.5/x64/lib/pkgconfig
2025-09-03T13:06:51.1634737Z   Python_ROOT_DIR: /opt/hostedtoolcache/Python/3.12.5/x64
2025-09-03T13:06:51.1635078Z   Python2_ROOT_DIR: /opt/hostedtoolcache/Python/3.12.5/x64
2025-09-03T13:06:51.1635405Z   Python3_ROOT_DIR: /opt/hostedtoolcache/Python/3.12.5/x64
2025-09-03T13:06:51.1635742Z   LD_LIBRARY_PATH: /opt/hostedtoolcache/Python/3.12.5/x64/lib
2025-09-03T13:06:51.1636201Z   PASS: ***
2025-09-03T13:06:51.1636366Z ##[endgroup]
2025-09-03T13:06:52.2478682Z Thanks for giving credit for CloudRequests!
2025-09-03T13:06:52.2479296Z Request handler is running
2025-09-03T13:06:52.2484773Z Request handler is running
2025-09-03T18:56:51.9820115Z CloudEvents: Disconnected. Reconnecting ... 1756905297.2424655
2025-09-03T18:56:51.9821002Z CloudEvents: Reconnected. 1756905297.3426554
2025-09-03T18:56:51.9821621Z CloudEvents: Disconnected. Reconnecting ... 1756905424.7431602
2025-09-03T18:56:51.9822345Z CloudEvents: Reconnected. 1756905424.8433404
2025-09-03T18:56:51.9822903Z CloudEvents: Disconnected. Reconnecting ... 1756905692.1600997
2025-09-03T18:56:51.9823603Z CloudEvents: Reconnected. 1756905692.2602727
2025-09-03T18:56:51.9824010Z CloudEvents: Disconnected. Reconnecting ... 1756905921.600159
2025-09-03T18:56:51.9824428Z CloudEvents: Reconnected. 1756905921.7003336
2025-09-03T18:56:51.9824836Z CloudEvents: Disconnected. Reconnecting ... 1756906332.3102546
2025-09-03T18:56:51.9825255Z CloudEvents: Reconnected. 1756906332.410418
2025-09-03T18:56:51.9825679Z CloudEvents: Disconnected. Reconnecting ... 1756906332.5166163
2025-09-03T18:56:51.9826095Z CloudEvents: Reconnected. 1756906332.6167514
2025-09-03T18:56:51.9826506Z CloudEvents: Disconnected. Reconnecting ... 1756906336.8196309
2025-09-03T18:56:51.9827238Z CloudEvents: Reconnected. 1756906336.919777
2025-09-03T18:56:51.9827638Z CloudEvents: Disconnected. Reconnecting ... 1756906402.9649987
2025-09-03T18:56:51.9828052Z CloudEvents: Reconnected. 1756906403.0651886
2025-09-03T18:56:51.9828457Z CloudEvents: Disconnected. Reconnecting ... 1756907042.6927257
2025-09-03T18:56:51.9828873Z CloudEvents: Reconnected. 1756907042.7929044
2025-09-03T18:56:51.9829278Z CloudEvents: Disconnected. Reconnecting ... 1756907086.086672
2025-09-03T18:56:51.9829692Z CloudEvents: Reconnected. 1756907086.186879
2025-09-03T18:56:51.9830088Z CloudEvents: Disconnected. Reconnecting ... 1756907202.134856
2025-09-03T18:56:51.9830500Z CloudEvents: Reconnected. 1756907202.2350528
2025-09-03T18:56:51.9830902Z CloudEvents: Disconnected. Reconnecting ... 1756907296.4949796
2025-09-03T18:56:51.9831319Z CloudEvents: Reconnected. 1756907296.595136
2025-09-03T18:56:51.9831721Z CloudEvents: Disconnected. Reconnecting ... 1756907314.3106163
2025-09-03T18:56:51.9832127Z CloudEvents: Reconnected. 1756907314.410747
2025-09-03T18:56:51.9832526Z CloudEvents: Disconnected. Reconnecting ... 1756907573.173471
2025-09-03T18:56:51.9832938Z CloudEvents: Reconnected. 1756907573.2736115
2025-09-03T18:56:51.9833341Z CloudEvents: Disconnected. Reconnecting ... 1756907580.5515711
2025-09-03T18:56:51.9833758Z CloudEvents: Reconnected. 1756907580.651745
2025-09-03T18:56:51.9834163Z CloudEvents: Disconnected. Reconnecting ... 1756907753.0873675
2025-09-03T18:56:51.9834476Z CloudEvents: Reconnected. 1756907753.1875088
2025-09-03T18:56:51.9834775Z CloudEvents: Disconnected. Reconnecting ... 1756908067.585046
2025-09-03T18:56:51.9835084Z CloudEvents: Reconnected. 1756908067.6852112
2025-09-03T18:56:51.9835412Z CloudEvents: Disconnected. Reconnecting ... 1756908396.7102244
2025-09-03T18:56:51.9836127Z CloudEvents: Reconnected. 1756908396.8103952
2025-09-03T18:56:51.9836443Z CloudEvents: Disconnected. Reconnecting ... 1756909184.80664
2025-09-03T18:56:51.9836743Z CloudEvents: Reconnected. 1756909184.906785
2025-09-03T18:56:51.9837276Z CloudEvents: Disconnected. Reconnecting ... 1756909384.5989304
2025-09-03T18:56:51.9837596Z CloudEvents: Reconnected. 1756909384.6990807
2025-09-03T18:56:51.9837906Z CloudEvents: Disconnected. Reconnecting ... 1756909403.5062249
2025-09-03T18:56:51.9838212Z CloudEvents: Reconnected. 1756909403.6063747
2025-09-03T18:56:51.9838683Z CloudEvents: Disconnected. Reconnecting ... 1756909403.7130716
2025-09-03T18:56:51.9838982Z CloudEvents: Reconnected. 1756909403.8132126
2025-09-03T18:56:51.9839278Z CloudEvents: Disconnected. Reconnecting ... 1756909663.0482285
2025-09-03T18:56:51.9839583Z CloudEvents: Reconnected. 1756909663.1484015
2025-09-03T18:56:51.9839877Z CloudEvents: Disconnected. Reconnecting ... 1756909916.1617599
2025-09-03T18:56:51.9840181Z CloudEvents: Reconnected. 1756909916.2619238
2025-09-03T18:56:51.9840477Z CloudEvents: Disconnected. Reconnecting ... 1756910543.1608658
2025-09-03T18:56:51.9840783Z CloudEvents: Reconnected. 1756910543.2610009
2025-09-03T18:56:51.9841079Z CloudEvents: Disconnected. Reconnecting ... 1756910649.526852
2025-09-03T18:56:51.9841376Z CloudEvents: Reconnected. 1756910649.6270308
2025-09-03T18:56:51.9841674Z CloudEvents: Disconnected. Reconnecting ... 1756910659.6921248
2025-09-03T18:56:51.9841990Z CloudEvents: Reconnected. 1756910659.7922688
2025-09-03T18:56:51.9842282Z CloudEvents: Disconnected. Reconnecting ... 1756910710.6469862
2025-09-03T18:56:51.9842592Z CloudEvents: Reconnected. 1756910710.747146
2025-09-03T18:56:51.9842910Z CloudEvents: Disconnected. Reconnecting ... 1756910710.855609
2025-09-03T18:56:51.9843211Z CloudEvents: Reconnected. 1756910710.9557652
2025-09-03T18:56:51.9843514Z CloudEvents: Disconnected. Reconnecting ... 1756910711.0615156
2025-09-03T18:56:51.9843823Z CloudEvents: Reconnected. 1756910711.1617086
2025-09-03T18:56:51.9844119Z CloudEvents: Disconnected. Reconnecting ... 1756910843.3453994
2025-09-03T18:56:51.9844426Z CloudEvents: Reconnected. 1756910843.4455624
2025-09-03T18:56:51.9844720Z CloudEvents: Disconnected. Reconnecting ... 1756910995.6203
2025-09-03T18:56:51.9845021Z CloudEvents: Reconnected. 1756910995.720441
2025-09-03T18:56:51.9845321Z CloudEvents: Disconnected. Reconnecting ... 1756910995.8279107
2025-09-03T18:56:51.9845696Z CloudEvents: Reconnected. 1756910995.9280357
2025-09-03T18:56:51.9846029Z CloudEvents: Disconnected. Reconnecting ... 1756911704.1186552
2025-09-03T18:56:51.9846341Z CloudEvents: Reconnected. 1756911704.2188146
2025-09-03T18:56:51.9846640Z CloudEvents: Disconnected. Reconnecting ... 1756911877.5506032
2025-09-03T18:56:51.9847135Z CloudEvents: Reconnected. 1756911877.6507626
2025-09-03T18:56:51.9847438Z CloudEvents: Disconnected. Reconnecting ... 1756912444.5530007
2025-09-03T18:56:51.9847739Z CloudEvents: Reconnected. 1756912444.6531632
2025-09-03T18:56:51.9848035Z CloudEvents: Disconnected. Reconnecting ... 1756913748.917732
2025-09-03T18:56:51.9848337Z CloudEvents: Reconnected. 1756913749.017894
2025-09-03T18:56:51.9848629Z CloudEvents: Disconnected. Reconnecting ... 1756915290.1703591
2025-09-03T18:56:51.9848931Z CloudEvents: Reconnected. 1756915290.27054
2025-09-03T18:56:51.9849229Z CloudEvents: Disconnected. Reconnecting ... 1756915341.4479306
2025-09-03T18:56:51.9849526Z CloudEvents: Reconnected. 1756915341.548129
2025-09-03T18:56:51.9849819Z CloudEvents: Disconnected. Reconnecting ... 1756915531.9772036
2025-09-03T18:56:51.9850129Z CloudEvents: Reconnected. 1756915532.0773861
2025-09-03T18:56:51.9850446Z CloudEvents: Disconnected. Reconnecting ... 1756915675.4315221
2025-09-03T18:56:51.9850753Z CloudEvents: Reconnected. 1756915675.5316987
2025-09-03T18:56:51.9851051Z CloudEvents: Disconnected. Reconnecting ... 1756916167.5611618
2025-09-03T18:56:51.9851349Z CloudEvents: Reconnected. 1756916167.6613011
2025-09-03T18:56:51.9851660Z CloudEvents: Disconnected. Reconnecting ... 1756916712.8270178
2025-09-03T18:56:51.9852130Z CloudEvents: Reconnected. 1756916712.927165
2025-09-03T18:56:51.9852426Z CloudEvents: Disconnected. Reconnecting ... 1756917447.0733173
2025-09-03T18:56:51.9852730Z CloudEvents: Reconnected. 1756917447.1734467
2025-09-03T18:56:51.9853021Z CloudEvents: Disconnected. Reconnecting ... 1756917525.4001892
2025-09-03T18:56:51.9853323Z CloudEvents: Reconnected. 1756917525.5003543
2025-09-03T18:56:51.9853626Z CloudEvents: Disconnected. Reconnecting ... 1756917634.1911879
2025-09-03T18:56:51.9853923Z CloudEvents: Reconnected. 1756917634.2913487
2025-09-03T18:56:51.9854337Z CloudEvents: Disconnected. Reconnecting ... 1756918280.162799
2025-09-03T18:56:51.9854639Z CloudEvents: Reconnected. 1756918280.262998
2025-09-03T18:56:51.9854929Z CloudEvents: Disconnected. Reconnecting ... 1756918294.5511427
2025-09-03T18:56:51.9855232Z CloudEvents: Reconnected. 1756918294.6513429
2025-09-03T18:56:51.9855528Z CloudEvents: Disconnected. Reconnecting ... 1756918410.6121862
2025-09-03T18:56:51.9855835Z CloudEvents: Reconnected. 1756918410.71236
2025-09-03T18:56:51.9856130Z CloudEvents: Disconnected. Reconnecting ... 1756918689.061882
2025-09-03T18:56:51.9856431Z CloudEvents: Reconnected. 1756918689.1620739
2025-09-03T18:56:51.9856723Z CloudEvents: Disconnected. Reconnecting ... 1756918892.910498
2025-09-03T18:56:51.9857228Z CloudEvents: Reconnected. 1756918893.0106468
2025-09-03T18:56:51.9857523Z CloudEvents: Disconnected. Reconnecting ... 1756918893.1162348
2025-09-03T18:56:51.9857829Z CloudEvents: Reconnected. 1756918893.2163758
2025-09-03T18:56:51.9858129Z CloudEvents: Disconnected. Reconnecting ... 1756919449.711127
2025-09-03T18:56:51.9858428Z CloudEvents: Reconnected. 1756919449.8112667
2025-09-03T18:56:51.9858727Z CloudEvents: Disconnected. Reconnecting ... 1756919456.7178404
2025-09-03T18:56:51.9859031Z CloudEvents: Reconnected. 1756919456.8179805
2025-09-03T18:56:51.9859321Z CloudEvents: Disconnected. Reconnecting ... 1756919776.7018611
2025-09-03T18:56:51.9859645Z CloudEvents: Reconnected. 1756919776.802013
2025-09-03T18:56:51.9866037Z CloudEvents: Disconnected. Reconnecting ... 1756920600.7889225
2025-09-03T18:56:51.9866391Z CloudEvents: Reconnected. 1756920600.8890853
2025-09-03T18:56:51.9866709Z CloudEvents: Disconnected. Reconnecting ... 1756920969.825145
2025-09-03T18:56:51.9867349Z CloudEvents: Reconnected. 1756920969.9252908
2025-09-03T18:56:51.9867671Z CloudEvents: Disconnected. Reconnecting ... 1756921556.4831357
2025-09-03T18:56:51.9867991Z CloudEvents: Reconnected. 1756921556.58329
2025-09-03T18:56:51.9868286Z CloudEvents: Disconnected. Reconnecting ... 1756921635.710906
2025-09-03T18:56:51.9868603Z CloudEvents: Reconnected. 1756921635.8110752
2025-09-03T18:56:51.9868905Z CloudEvents: Disconnected. Reconnecting ... 1756921696.4007545
2025-09-03T18:56:51.9869206Z CloudEvents: Reconnected. 1756921696.5009184
2025-09-03T18:56:51.9869505Z CloudEvents: Disconnected. Reconnecting ... 1756922079.0829694
2025-09-03T18:56:51.9869808Z CloudEvents: Reconnected. 1756922079.1831355
2025-09-03T18:56:51.9870116Z CloudEvents: Disconnected. Reconnecting ... 1756922113.7211626
2025-09-03T18:56:51.9870428Z CloudEvents: Reconnected. 1756922113.8213308
2025-09-03T18:56:51.9870729Z CloudEvents: Disconnected. Reconnecting ... 1756922641.1018946
2025-09-03T18:56:51.9871029Z CloudEvents: Reconnected. 1756922641.202095
2025-09-03T18:56:51.9871330Z CloudEvents: Disconnected. Reconnecting ... 1756923072.091767
2025-09-03T18:56:51.9871641Z CloudEvents: Reconnected. 1756923072.1919074
2025-09-03T18:56:51.9871945Z CloudEvents: Disconnected. Reconnecting ... 1756923166.601345
2025-09-03T18:56:51.9872264Z CloudEvents: Reconnected. 1756923166.7014823
2025-09-03T18:56:51.9872574Z CloudEvents: Disconnected. Reconnecting ... 1756923172.0222907
2025-09-03T18:56:51.9872893Z CloudEvents: Reconnected. 1756923172.1224384
2025-09-03T18:56:51.9873198Z CloudEvents: Disconnected. Reconnecting ... 1756923291.0491607
2025-09-03T18:56:51.9873504Z CloudEvents: Reconnected. 1756923291.1493213
2025-09-03T18:56:51.9873973Z CloudEvents: Disconnected. Reconnecting ... 1756923714.2753458
2025-09-03T18:56:51.9874293Z CloudEvents: Reconnected. 1756923714.3755033
2025-09-03T18:56:51.9874589Z CloudEvents: Disconnected. Reconnecting ... 1756924130.3535092
2025-09-03T18:56:51.9874895Z CloudEvents: Reconnected. 1756924130.4537487
2025-09-03T18:56:51.9875191Z CloudEvents: Disconnected. Reconnecting ... 1756924130.5758445
2025-09-03T18:56:51.9875491Z CloudEvents: Reconnected. 1756924130.6760302
2025-09-03T18:56:51.9875789Z CloudEvents: Disconnected. Reconnecting ... 1756924386.9129062
2025-09-03T18:56:51.9876206Z CloudEvents: Reconnected. 1756924387.0131147
2025-09-03T18:56:51.9876501Z CloudEvents: Disconnected. Reconnecting ... 1756925251.953817
2025-09-03T18:56:51.9877069Z CloudEvents: Reconnected. 1756925252.0539637
2025-09-03T18:56:51.9877387Z CloudEvents: Disconnected. Reconnecting ... 1756925260.6287737
2025-09-03T18:56:51.9877701Z CloudEvents: Reconnected. 1756925260.7289238
2025-09-03T18:56:51.9878002Z CloudEvents: Disconnected. Reconnecting ... 1756925267.9722285
2025-09-03T18:56:51.9878310Z CloudEvents: Reconnected. 1756925268.0723705
2025-09-03T18:56:51.9878609Z CloudEvents: Disconnected. Reconnecting ... 1756925545.1817183
2025-09-03T18:56:51.9878919Z CloudEvents: Reconnected. 1756925545.2818828
2025-09-03T18:56:51.9879213Z CloudEvents: Disconnected. Reconnecting ... 1756925640.2182899
2025-09-03T18:56:51.9879519Z CloudEvents: Reconnected. 1756925640.31845
2025-09-03T19:05:51.1731345Z CloudEvents: Disconnected. Reconnecting ...
2025-09-03T19:05:51.1786616Z Post job cleanup.
2025-09-03T19:05:51.2549487Z [command]/usr/bin/git version
2025-09-03T19:05:51.2584583Z git version 2.51.0
2025-09-03T19:05:51.2621233Z Temporarily overriding HOME='/home/runner/work/_temp/9d6590c1-653d-4a74-8c2a-4896f9fa64b0' before making global git config changes
2025-09-03T19:05:51.2622103Z Adding repository directory to the temporary git global config as a safe directory
2025-09-03T19:05:51.2626586Z [command]/usr/bin/git config --global --add safe.directory /home/runner/work/scratchattach/scratchattach
2025-09-03T19:05:51.2660721Z [command]/usr/bin/git config --local --name-only --get-regexp core\.sshCommand
2025-09-03T19:05:51.2693430Z [command]/usr/bin/git submodule foreach --recursive sh -c "git config --local --name-only --get-regexp 'core\.sshCommand' && git config --local --unset-all 'core.sshCommand' || :"
2025-09-03T19:05:51.2915329Z [command]/usr/bin/git config --local --name-only --get-regexp http\.https\:\/\/github\.com\/\.extraheader
2025-09-03T19:05:51.2938574Z http.https://github.com/.extraheader
2025-09-03T19:05:51.2948783Z [command]/usr/bin/git config --local --unset-all http.https://github.com/.extraheader
2025-09-03T19:05:51.2980178Z [command]/usr/bin/git submodule foreach --recursive sh -c "git config --local --name-only --get-regexp 'http\.https\:\/\/github\.com\/\.extraheader' && git config --local --unset-all 'http.https://github.com/.extraheader' || :"
2025-09-03T19:05:51.3302996Z Post job cleanup.
2025-09-03T19:05:51.5107505Z Post job cleanup.
2025-09-03T19:05:51.5904001Z [command]/usr/bin/git version
2025-09-03T19:05:51.5951073Z git version 2.51.0
2025-09-03T19:05:51.5999786Z Temporarily overriding HOME='/home/runner/work/_temp/9f7fc49d-546c-4430-839a-643cf61aaa19' before making global git config changes
2025-09-03T19:05:51.6001430Z Adding repository directory to the temporary git global config as a safe directory
2025-09-03T19:05:51.6008162Z [command]/usr/bin/git config --global --add safe.directory /home/runner/work/scratchattach/scratchattach
2025-09-03T19:05:51.6056690Z [command]/usr/bin/git config --local --name-only --get-regexp core\.sshCommand
2025-09-03T19:05:51.6099329Z [command]/usr/bin/git submodule foreach --recursive sh -c "git config --local --name-only --get-regexp 'core\.sshCommand' && git config --local --unset-all 'core.sshCommand' || :"
2025-09-03T19:05:51.6342426Z [command]/usr/bin/git config --local --name-only --get-regexp http\.https\:\/\/github\.com\/\.extraheader
2025-09-03T19:05:51.6374892Z [command]/usr/bin/git submodule foreach --recursive sh -c "git config --local --name-only --get-regexp 'http\.https\:\/\/github\.com\/\.extraheader' && git config --local --unset-all 'http.https://github.com/.extraheader' || :"
2025-09-03T19:05:51.6743539Z Cleaning up orphan processes
