2026-02-03T04:16:54.7996269Z Current runner version: '2.331.0'
2026-02-03T04:16:54.8021323Z ##[group]Runner Image Provisioner
2026-02-03T04:16:54.8022250Z Hosted Compute Agent
2026-02-03T04:16:54.8022785Z Version: 20260123.484
2026-02-03T04:16:54.8023388Z Commit: 6bd6555ca37d84114959e1c76d2c01448ff61c5d
2026-02-03T04:16:54.8024147Z Build Date: 2026-01-23T19:41:17Z
2026-02-03T04:16:54.8024788Z Worker ID: {124fdbcd-6eeb-47a0-8db5-c99049b38596}
2026-02-03T04:16:54.8025515Z Azure Region: northcentralus
2026-02-03T04:16:54.8026556Z ##[endgroup]
2026-02-03T04:16:54.8028056Z ##[group]Operating System
2026-02-03T04:16:54.8028658Z Ubuntu
2026-02-03T04:16:54.8029220Z 24.04.3
2026-02-03T04:16:54.8029657Z LTS
2026-02-03T04:16:54.8030153Z ##[endgroup]
2026-02-03T04:16:54.8030660Z ##[group]Runner Image
2026-02-03T04:16:54.8031232Z Image: ubuntu-24.04
2026-02-03T04:16:54.8031748Z Version: 20260126.10.1
2026-02-03T04:16:54.8032946Z Included Software: https://github.com/actions/runner-images/blob/ubuntu24/20260126.10/images/ubuntu/Ubuntu2404-Readme.md
2026-02-03T04:16:54.8034404Z Image Release: https://github.com/actions/runner-images/releases/tag/ubuntu24%2F20260126.10
2026-02-03T04:16:54.8035357Z ##[endgroup]
2026-02-03T04:16:54.8036555Z ##[group]GITHUB_TOKEN Permissions
2026-02-03T04:16:54.8038760Z Contents: write
2026-02-03T04:16:54.8039360Z Metadata: read
2026-02-03T04:16:54.8039844Z ##[endgroup]
2026-02-03T04:16:54.8041927Z Secret source: Actions
2026-02-03T04:16:54.8042934Z Prepare workflow directory
2026-02-03T04:16:54.8372034Z Prepare all required actions
2026-02-03T04:16:54.8410385Z Getting action download info
2026-02-03T04:16:55.1638777Z Download action repository 'actions/checkout@v6.0.2' (SHA:de0fac2e4500dabe0009e67214ff5f5447ce83dd)
2026-02-03T04:16:55.2743803Z Download action repository 'actions/setup-python@v6.2.0' (SHA:a309ff8b426b58ec0e2a45f0f869d46889d02405)
2026-02-03T04:16:55.8203486Z Complete job name: Run Prioritzing Handler
2026-02-03T04:16:55.8898029Z ##[group]Run actions/checkout@v6.0.2
2026-02-03T04:16:55.8898890Z with:
2026-02-03T04:16:55.8899294Z   ref: main
2026-02-03T04:16:55.8899693Z   repository: Boss-1s/scratchattach
2026-02-03T04:16:55.8900359Z   token: ***
2026-02-03T04:16:55.8900745Z   ssh-strict: true
2026-02-03T04:16:55.8901131Z   ssh-user: git
2026-02-03T04:16:55.8901531Z   persist-credentials: true
2026-02-03T04:16:55.8901964Z   clean: true
2026-02-03T04:16:55.8902367Z   sparse-checkout-cone-mode: true
2026-02-03T04:16:55.8902848Z   fetch-depth: 1
2026-02-03T04:16:55.8903233Z   fetch-tags: false
2026-02-03T04:16:55.8903641Z   show-progress: true
2026-02-03T04:16:55.8904047Z   lfs: false
2026-02-03T04:16:55.8904420Z   submodules: false
2026-02-03T04:16:55.8904828Z   set-safe-directory: true
2026-02-03T04:16:55.8905469Z ##[endgroup]
2026-02-03T04:16:55.9884512Z Syncing repository: Boss-1s/scratchattach
2026-02-03T04:16:55.9886654Z ##[group]Getting Git version info
2026-02-03T04:16:55.9887571Z Working directory is '/home/runner/work/scratchattach/scratchattach'
2026-02-03T04:16:55.9888676Z [command]/usr/bin/git version
2026-02-03T04:16:55.9953024Z git version 2.52.0
2026-02-03T04:16:55.9978421Z ##[endgroup]
2026-02-03T04:16:55.9995162Z Temporarily overriding HOME='/home/runner/work/_temp/4a27f5ef-9004-463f-ade6-03ce8887f5ac' before making global git config changes
2026-02-03T04:16:55.9997714Z Adding repository directory to the temporary git global config as a safe directory
2026-02-03T04:16:56.0001835Z [command]/usr/bin/git config --global --add safe.directory /home/runner/work/scratchattach/scratchattach
2026-02-03T04:16:56.0043492Z Deleting the contents of '/home/runner/work/scratchattach/scratchattach'
2026-02-03T04:16:56.0047720Z ##[group]Initializing the repository
2026-02-03T04:16:56.0052900Z [command]/usr/bin/git init /home/runner/work/scratchattach/scratchattach
2026-02-03T04:16:56.0160594Z hint: Using 'master' as the name for the initial branch. This default branch name
2026-02-03T04:16:56.0162017Z hint: will change to "main" in Git 3.0. To configure the initial branch name
2026-02-03T04:16:56.0162930Z hint: to use in all of your new repositories, which will suppress this warning,
2026-02-03T04:16:56.0164170Z hint: call:
2026-02-03T04:16:56.0164535Z hint:
2026-02-03T04:16:56.0165196Z hint: 	git config --global init.defaultBranch <name>
2026-02-03T04:16:56.0166421Z hint:
2026-02-03T04:16:56.0167014Z hint: Names commonly chosen instead of 'master' are 'main', 'trunk' and
2026-02-03T04:16:56.0168406Z hint: 'development'. The just-created branch can be renamed via this command:
2026-02-03T04:16:56.0169693Z hint:
2026-02-03T04:16:56.0170411Z hint: 	git branch -m <name>
2026-02-03T04:16:56.0171227Z hint:
2026-02-03T04:16:56.0172257Z hint: Disable this message with "git config set advice.defaultBranchName false"
2026-02-03T04:16:56.0174146Z Initialized empty Git repository in /home/runner/work/scratchattach/scratchattach/.git/
2026-02-03T04:16:56.0179767Z [command]/usr/bin/git remote add origin https://github.com/Boss-1s/scratchattach
2026-02-03T04:16:56.0215490Z ##[endgroup]
2026-02-03T04:16:56.0216900Z ##[group]Disabling automatic garbage collection
2026-02-03T04:16:56.0220197Z [command]/usr/bin/git config --local gc.auto 0
2026-02-03T04:16:56.0250150Z ##[endgroup]
2026-02-03T04:16:56.0251369Z ##[group]Setting up auth
2026-02-03T04:16:56.0252281Z Removing SSH command configuration
2026-02-03T04:16:56.0258164Z [command]/usr/bin/git config --local --name-only --get-regexp core\.sshCommand
2026-02-03T04:16:56.0290338Z [command]/usr/bin/git submodule foreach --recursive sh -c "git config --local --name-only --get-regexp 'core\.sshCommand' && git config --local --unset-all 'core.sshCommand' || :"
2026-02-03T04:16:56.0636614Z Removing HTTP extra header
2026-02-03T04:16:56.0642924Z [command]/usr/bin/git config --local --name-only --get-regexp http\.https\:\/\/github\.com\/\.extraheader
2026-02-03T04:16:56.0676064Z [command]/usr/bin/git submodule foreach --recursive sh -c "git config --local --name-only --get-regexp 'http\.https\:\/\/github\.com\/\.extraheader' && git config --local --unset-all 'http.https://github.com/.extraheader' || :"
2026-02-03T04:16:56.0892569Z Removing includeIf entries pointing to credentials config files
2026-02-03T04:16:56.0899407Z [command]/usr/bin/git config --local --name-only --get-regexp ^includeIf\.gitdir:
2026-02-03T04:16:56.0931051Z [command]/usr/bin/git submodule foreach --recursive git config --local --show-origin --name-only --get-regexp remote.origin.url
2026-02-03T04:16:56.1153247Z [command]/usr/bin/git config --file /home/runner/work/_temp/git-credentials-70658211-6167-410a-b30a-0e5e01195720.config http.https://github.com/.extraheader AUTHORIZATION: basic ***
2026-02-03T04:16:56.1190397Z [command]/usr/bin/git config --local includeIf.gitdir:/home/runner/work/scratchattach/scratchattach/.git.path /home/runner/work/_temp/git-credentials-70658211-6167-410a-b30a-0e5e01195720.config
2026-02-03T04:16:56.1219463Z [command]/usr/bin/git config --local includeIf.gitdir:/home/runner/work/scratchattach/scratchattach/.git/worktrees/*.path /home/runner/work/_temp/git-credentials-70658211-6167-410a-b30a-0e5e01195720.config
2026-02-03T04:16:56.1248757Z [command]/usr/bin/git config --local includeIf.gitdir:/github/workspace/.git.path /github/runner_temp/git-credentials-70658211-6167-410a-b30a-0e5e01195720.config
2026-02-03T04:16:56.1280232Z [command]/usr/bin/git config --local includeIf.gitdir:/github/workspace/.git/worktrees/*.path /github/runner_temp/git-credentials-70658211-6167-410a-b30a-0e5e01195720.config
2026-02-03T04:16:56.1307621Z ##[endgroup]
2026-02-03T04:16:56.1308718Z ##[group]Fetching the repository
2026-02-03T04:16:56.1316143Z [command]/usr/bin/git -c protocol.version=2 fetch --no-tags --prune --no-recurse-submodules --depth=1 origin +refs/heads/main*:refs/remotes/origin/main* +refs/tags/main*:refs/tags/main*
2026-02-03T04:18:00.0679314Z From https://github.com/Boss-1s/scratchattach
2026-02-03T04:18:00.0681812Z  * [new branch]      main       -> origin/main
2026-02-03T04:18:00.0715986Z ##[endgroup]
2026-02-03T04:18:00.0717484Z ##[group]Determining the checkout info
2026-02-03T04:18:00.0724248Z [command]/usr/bin/git branch --list --remote origin/main
2026-02-03T04:18:00.0757765Z   origin/main
2026-02-03T04:18:00.0762290Z ##[endgroup]
2026-02-03T04:18:00.0767399Z [command]/usr/bin/git sparse-checkout disable
2026-02-03T04:18:00.0811749Z [command]/usr/bin/git config --local --unset-all extensions.worktreeConfig
2026-02-03T04:18:00.0840488Z ##[group]Checking out the ref
2026-02-03T04:18:00.0844812Z [command]/usr/bin/git checkout --progress --force -B main refs/remotes/origin/main
2026-02-03T04:18:01.3700078Z Updating files:  76% (2610/3405)
2026-02-03T04:18:01.6275521Z Updating files:  77% (2622/3405)
2026-02-03T04:18:01.7660750Z Updating files:  78% (2656/3405)
2026-02-03T04:18:01.7701810Z Updating files:  79% (2690/3405)
2026-02-03T04:18:01.9677577Z Updating files:  80% (2724/3405)
2026-02-03T04:18:01.9707111Z Updating files:  81% (2759/3405)
2026-02-03T04:18:02.1046762Z Updating files:  82% (2793/3405)
2026-02-03T04:18:02.4905926Z Updating files:  82% (2808/3405)
2026-02-03T04:18:02.7914435Z Updating files:  83% (2827/3405)
2026-02-03T04:18:03.0362225Z Updating files:  84% (2861/3405)
2026-02-03T04:18:03.1330673Z Updating files:  85% (2895/3405)
2026-02-03T04:18:03.3536892Z Updating files:  85% (2897/3405)
2026-02-03T04:18:03.5159180Z Updating files:  86% (2929/3405)
2026-02-03T04:18:04.0217058Z Updating files:  87% (2963/3405)
2026-02-03T04:18:04.1069449Z Updating files:  88% (2997/3405)
2026-02-03T04:18:04.8015973Z Updating files:  88% (2998/3405)
2026-02-03T04:18:05.1429734Z Updating files:  89% (3031/3405)
2026-02-03T04:18:05.4324522Z Updating files:  89% (3040/3405)
2026-02-03T04:18:05.9715487Z Updating files:  90% (3065/3405)
2026-02-03T04:18:06.1241273Z Updating files:  91% (3099/3405)
2026-02-03T04:18:06.6349144Z Updating files:  91% (3105/3405)
2026-02-03T04:18:07.1006161Z Updating files:  92% (3133/3405)
2026-02-03T04:18:07.3056387Z Updating files:  92% (3159/3405)
2026-02-03T04:18:07.4618429Z Updating files:  93% (3167/3405)
2026-02-03T04:18:07.4807068Z Updating files:  94% (3201/3405)
2026-02-03T04:18:07.4994372Z Updating files:  95% (3235/3405)
2026-02-03T04:18:07.5140932Z Updating files:  96% (3269/3405)
2026-02-03T04:18:07.5246761Z Updating files:  97% (3303/3405)
2026-02-03T04:18:08.0432957Z Updating files:  98% (3337/3405)
2026-02-03T04:18:08.1261075Z Updating files:  99% (3371/3405)
2026-02-03T04:18:08.2277531Z Updating files:  99% (3373/3405)
2026-02-03T04:18:08.2278387Z Updating files: 100% (3405/3405)
2026-02-03T04:18:08.2278829Z Updating files: 100% (3405/3405), done.
2026-02-03T04:18:08.2319476Z Switched to a new branch 'main'
2026-02-03T04:18:08.2322785Z branch 'main' set up to track 'origin/main'.
2026-02-03T04:18:08.2515910Z ##[endgroup]
2026-02-03T04:18:08.2560347Z [command]/usr/bin/git log -1 --format=%H
2026-02-03T04:18:08.2584240Z bb94532dc4094479e538ff8f2982cc40941ba131
2026-02-03T04:18:08.2816902Z ##[group]Run actions/setup-python@v6.2.0
2026-02-03T04:18:08.2817221Z with:
2026-02-03T04:18:08.2817411Z   python-version: 3.13
2026-02-03T04:18:08.2817629Z   check-latest: false
2026-02-03T04:18:08.2817991Z   token: ***
2026-02-03T04:18:08.2818184Z   update-environment: true
2026-02-03T04:18:08.2818429Z   allow-prereleases: false
2026-02-03T04:18:08.2818644Z   freethreaded: false
2026-02-03T04:18:08.2818844Z ##[endgroup]
2026-02-03T04:18:08.4024628Z ##[group]Installed versions
2026-02-03T04:18:08.4127555Z Successfully set up CPython (3.13.11)
2026-02-03T04:18:08.4128438Z ##[endgroup]
2026-02-03T04:18:08.4233696Z ##[group]Run pip install -r requirements.txt
2026-02-03T04:18:08.4234100Z [36;1mpip install -r requirements.txt[0m
2026-02-03T04:18:08.4870902Z shell: /usr/bin/bash -e {0}
2026-02-03T04:18:08.4871157Z env:
2026-02-03T04:18:08.4871422Z   pythonLocation: /opt/hostedtoolcache/Python/3.13.11/x64
2026-02-03T04:18:08.4871875Z   PKG_CONFIG_PATH: /opt/hostedtoolcache/Python/3.13.11/x64/lib/pkgconfig
2026-02-03T04:18:08.4872310Z   Python_ROOT_DIR: /opt/hostedtoolcache/Python/3.13.11/x64
2026-02-03T04:18:08.4872702Z   Python2_ROOT_DIR: /opt/hostedtoolcache/Python/3.13.11/x64
2026-02-03T04:18:08.4873307Z   Python3_ROOT_DIR: /opt/hostedtoolcache/Python/3.13.11/x64
2026-02-03T04:18:08.4873691Z   LD_LIBRARY_PATH: /opt/hostedtoolcache/Python/3.13.11/x64/lib
2026-02-03T04:18:08.4874024Z ##[endgroup]
2026-02-03T04:18:11.0043634Z Collecting scratchattach>=2.1.15b0 (from -r requirements.txt (line 1))
2026-02-03T04:18:11.1141779Z   Downloading scratchattach-2.1.15b0-py3-none-any.whl.metadata (5.7 kB)
2026-02-03T04:18:11.1370791Z Collecting websocket-client (from scratchattach>=2.1.15b0->-r requirements.txt (line 1))
2026-02-03T04:18:11.1566010Z   Downloading websocket_client-1.9.0-py3-none-any.whl.metadata (8.3 kB)
2026-02-03T04:18:11.1887365Z Collecting requests (from scratchattach>=2.1.15b0->-r requirements.txt (line 1))
2026-02-03T04:18:11.2082935Z   Downloading requests-2.32.5-py3-none-any.whl.metadata (4.9 kB)
2026-02-03T04:18:11.2208729Z Collecting bs4 (from scratchattach>=2.1.15b0->-r requirements.txt (line 1))
2026-02-03T04:18:11.2402519Z   Downloading bs4-0.0.2-py2.py3-none-any.whl.metadata (411 bytes)
2026-02-03T04:18:11.2505786Z Collecting SimpleWebSocketServer (from scratchattach>=2.1.15b0->-r requirements.txt (line 1))
2026-02-03T04:18:11.2700966Z   Downloading SimpleWebSocketServer-0.1.2.tar.gz (10 kB)
2026-02-03T04:18:11.2802794Z   Installing build dependencies: started
2026-02-03T04:18:12.2063637Z   Installing build dependencies: finished with status 'done'
2026-02-03T04:18:12.2069919Z   Getting requirements to build wheel: started
2026-02-03T04:18:12.7197366Z   Getting requirements to build wheel: finished with status 'done'
2026-02-03T04:18:12.7205870Z   Preparing metadata (pyproject.toml): started
2026-02-03T04:18:12.9361316Z   Preparing metadata (pyproject.toml): finished with status 'done'
2026-02-03T04:18:12.9589300Z Collecting typing-extensions (from scratchattach>=2.1.15b0->-r requirements.txt (line 1))
2026-02-03T04:18:12.9783998Z   Downloading typing_extensions-4.15.0-py3-none-any.whl.metadata (3.3 kB)
2026-02-03T04:18:12.9967967Z Collecting browser_cookie3 (from scratchattach>=2.1.15b0->-r requirements.txt (line 1))
2026-02-03T04:18:13.0159458Z   Downloading browser_cookie3-0.20.1-py3-none-any.whl.metadata (713 bytes)
2026-02-03T04:18:13.1053055Z Collecting lz4 (from browser_cookie3->scratchattach>=2.1.15b0->-r requirements.txt (line 1))
2026-02-03T04:18:13.1248026Z   Downloading lz4-4.4.5-cp313-cp313-manylinux2014_x86_64.manylinux_2_17_x86_64.manylinux_2_28_x86_64.whl.metadata (3.8 kB)
2026-02-03T04:18:13.2052244Z Collecting pycryptodomex (from browser_cookie3->scratchattach>=2.1.15b0->-r requirements.txt (line 1))
2026-02-03T04:18:13.2273118Z   Downloading pycryptodomex-3.23.0-cp37-abi3-manylinux_2_17_x86_64.manylinux2014_x86_64.whl.metadata (3.4 kB)
2026-02-03T04:18:13.2391917Z Collecting jeepney (from browser_cookie3->scratchattach>=2.1.15b0->-r requirements.txt (line 1))
2026-02-03T04:18:13.2583513Z   Downloading jeepney-0.9.0-py3-none-any.whl.metadata (1.2 kB)
2026-02-03T04:18:13.2770159Z Collecting beautifulsoup4 (from bs4->scratchattach>=2.1.15b0->-r requirements.txt (line 1))
2026-02-03T04:18:13.2962744Z   Downloading beautifulsoup4-4.14.3-py3-none-any.whl.metadata (3.8 kB)
2026-02-03T04:18:13.9637700Z Collecting soupsieve>=1.6.1 (from beautifulsoup4->bs4->scratchattach>=2.1.15b0->-r requirements.txt (line 1))
2026-02-03T04:18:13.9830601Z   Downloading soupsieve-2.8.3-py3-none-any.whl.metadata (4.6 kB)
2026-02-03T04:18:14.0749686Z Collecting charset_normalizer<4,>=2 (from requests->scratchattach>=2.1.15b0->-r requirements.txt (line 1))
2026-02-03T04:18:14.0945524Z   Downloading charset_normalizer-3.4.4-cp313-cp313-manylinux2014_x86_64.manylinux_2_17_x86_64.manylinux_2_28_x86_64.whl.metadata (37 kB)
2026-02-03T04:18:14.1201158Z Collecting idna<4,>=2.5 (from requests->scratchattach>=2.1.15b0->-r requirements.txt (line 1))
2026-02-03T04:18:14.1394106Z   Downloading idna-3.11-py3-none-any.whl.metadata (8.4 kB)
2026-02-03T04:18:14.1689984Z Collecting urllib3<3,>=1.21.1 (from requests->scratchattach>=2.1.15b0->-r requirements.txt (line 1))
2026-02-03T04:18:14.1884063Z   Downloading urllib3-2.6.3-py3-none-any.whl.metadata (6.9 kB)
2026-02-03T04:18:14.2108176Z Collecting certifi>=2017.4.17 (from requests->scratchattach>=2.1.15b0->-r requirements.txt (line 1))
2026-02-03T04:18:14.2300226Z   Downloading certifi-2026.1.4-py3-none-any.whl.metadata (2.5 kB)
2026-02-03T04:18:14.2578625Z Downloading scratchattach-2.1.15b0-py3-none-any.whl (145 kB)
2026-02-03T04:18:14.3047567Z Downloading browser_cookie3-0.20.1-py3-none-any.whl (17 kB)
2026-02-03T04:18:14.3267041Z Downloading bs4-0.0.2-py2.py3-none-any.whl (1.2 kB)
2026-02-03T04:18:14.3480063Z Downloading beautifulsoup4-4.14.3-py3-none-any.whl (107 kB)
2026-02-03T04:18:14.3724405Z Downloading soupsieve-2.8.3-py3-none-any.whl (37 kB)
2026-02-03T04:18:14.3940253Z Downloading typing_extensions-4.15.0-py3-none-any.whl (44 kB)
2026-02-03T04:18:14.4154756Z Downloading jeepney-0.9.0-py3-none-any.whl (49 kB)
2026-02-03T04:18:14.4405304Z Downloading lz4-4.4.5-cp313-cp313-manylinux2014_x86_64.manylinux_2_17_x86_64.manylinux_2_28_x86_64.whl (1.4 MB)
2026-02-03T04:18:14.4894814Z    ━━━━━━━━━━━━━━━━━━━━━━━━━━━━━━━━━━━━━━━━ 1.4/1.4 MB 36.7 MB/s  0:00:00
2026-02-03T04:18:14.5097712Z Downloading pycryptodomex-3.23.0-cp37-abi3-manylinux_2_17_x86_64.manylinux2014_x86_64.whl (2.3 MB)
2026-02-03T04:18:14.5363831Z    ━━━━━━━━━━━━━━━━━━━━━━━━━━━━━━━━━━━━━━━━ 2.3/2.3 MB 84.9 MB/s  0:00:00
2026-02-03T04:18:14.5556340Z Downloading requests-2.32.5-py3-none-any.whl (64 kB)
2026-02-03T04:18:14.5779528Z Downloading charset_normalizer-3.4.4-cp313-cp313-manylinux2014_x86_64.manylinux_2_17_x86_64.manylinux_2_28_x86_64.whl (153 kB)
2026-02-03T04:18:14.5999205Z Downloading idna-3.11-py3-none-any.whl (71 kB)
2026-02-03T04:18:14.6217433Z Downloading urllib3-2.6.3-py3-none-any.whl (131 kB)
2026-02-03T04:18:14.6437719Z Downloading certifi-2026.1.4-py3-none-any.whl (152 kB)
2026-02-03T04:18:14.6654071Z Downloading websocket_client-1.9.0-py3-none-any.whl (82 kB)
2026-02-03T04:18:14.6867220Z Building wheels for collected packages: SimpleWebSocketServer
2026-02-03T04:18:14.6875232Z   Building wheel for SimpleWebSocketServer (pyproject.toml): started
2026-02-03T04:18:14.9057141Z   Building wheel for SimpleWebSocketServer (pyproject.toml): finished with status 'done'
2026-02-03T04:18:14.9062746Z   Created wheel for SimpleWebSocketServer: filename=simplewebsocketserver-0.1.2-py3-none-any.whl size=9716 sha256=d6a0a0fb86d180227e36892618f164a6b3b8994e1d4ba26c1d6a722a7fa5b5e6
2026-02-03T04:18:14.9064424Z   Stored in directory: /home/runner/.cache/pip/wheels/c4/5b/e8/4f2c15a82edc4923058056f6681373168be02a0c00389a6dcf
2026-02-03T04:18:14.9083000Z Successfully built SimpleWebSocketServer
2026-02-03T04:18:14.9324198Z Installing collected packages: SimpleWebSocketServer, websocket-client, urllib3, typing-extensions, soupsieve, pycryptodomex, lz4, jeepney, idna, charset_normalizer, certifi, requests, browser_cookie3, beautifulsoup4, bs4, scratchattach
2026-02-03T04:18:16.0414383Z 
2026-02-03T04:18:16.0440938Z Successfully installed SimpleWebSocketServer-0.1.2 beautifulsoup4-4.14.3 browser_cookie3-0.20.1 bs4-0.0.2 certifi-2026.1.4 charset_normalizer-3.4.4 idna-3.11 jeepney-0.9.0 lz4-4.4.5 pycryptodomex-3.23.0 requests-2.32.5 scratchattach-2.1.15b0 soupsieve-2.8.3 typing-extensions-4.15.0 urllib3-2.6.3 websocket-client-1.9.0
2026-02-03T04:18:16.1529397Z 
2026-02-03T04:18:16.1529973Z [notice] A new release of pip is available: 25.3 -> 26.0
2026-02-03T04:18:16.1531041Z [notice] To update, run: pip install --upgrade pip
2026-02-03T04:18:16.2444160Z ##[group]Run actions/checkout@v6.0.2
2026-02-03T04:18:16.2444438Z with:
2026-02-03T04:18:16.2444609Z   ref: main
2026-02-03T04:18:16.2444799Z   repository: Boss-1s/scratchattach
2026-02-03T04:18:16.2445150Z   token: ***
2026-02-03T04:18:16.2445323Z   ssh-strict: true
2026-02-03T04:18:16.2445504Z   ssh-user: git
2026-02-03T04:18:16.2445853Z   persist-credentials: true
2026-02-03T04:18:16.2446082Z   clean: true
2026-02-03T04:18:16.2446273Z   sparse-checkout-cone-mode: true
2026-02-03T04:18:16.2446501Z   fetch-depth: 1
2026-02-03T04:18:16.2446678Z   fetch-tags: false
2026-02-03T04:18:16.2447029Z   show-progress: true
2026-02-03T04:18:16.2447216Z   lfs: false
2026-02-03T04:18:16.2447381Z   submodules: false
2026-02-03T04:18:16.2447564Z   set-safe-directory: true
2026-02-03T04:18:16.2447769Z env:
2026-02-03T04:18:16.2447996Z   pythonLocation: /opt/hostedtoolcache/Python/3.13.11/x64
2026-02-03T04:18:16.2448400Z   PKG_CONFIG_PATH: /opt/hostedtoolcache/Python/3.13.11/x64/lib/pkgconfig
2026-02-03T04:18:16.2448852Z   Python_ROOT_DIR: /opt/hostedtoolcache/Python/3.13.11/x64
2026-02-03T04:18:16.2449205Z   Python2_ROOT_DIR: /opt/hostedtoolcache/Python/3.13.11/x64
2026-02-03T04:18:16.2449560Z   Python3_ROOT_DIR: /opt/hostedtoolcache/Python/3.13.11/x64
2026-02-03T04:18:16.2449921Z   LD_LIBRARY_PATH: /opt/hostedtoolcache/Python/3.13.11/x64/lib
2026-02-03T04:18:16.2450220Z ##[endgroup]
2026-02-03T04:18:16.3206564Z Syncing repository: Boss-1s/scratchattach
2026-02-03T04:18:16.3207205Z ##[group]Getting Git version info
2026-02-03T04:18:16.3207613Z Working directory is '/home/runner/work/scratchattach/scratchattach'
2026-02-03T04:18:16.3241584Z [command]/usr/bin/git version
2026-02-03T04:18:16.3276822Z git version 2.52.0
2026-02-03T04:18:16.3298925Z ##[endgroup]
2026-02-03T04:18:16.3312315Z Temporarily overriding HOME='/home/runner/work/_temp/5e4f435b-9582-45c3-adfe-896488e8fdf3' before making global git config changes
2026-02-03T04:18:16.3313792Z Adding repository directory to the temporary git global config as a safe directory
2026-02-03T04:18:16.3317222Z [command]/usr/bin/git config --global --add safe.directory /home/runner/work/scratchattach/scratchattach
2026-02-03T04:18:16.3354995Z [command]/usr/bin/git config --local --get remote.origin.url
2026-02-03T04:18:16.3376412Z https://github.com/Boss-1s/scratchattach
2026-02-03T04:18:16.3389427Z ##[group]Removing previously created refs, to avoid conflicts
2026-02-03T04:18:16.3393207Z [command]/usr/bin/git rev-parse --symbolic-full-name --verify --quiet HEAD
2026-02-03T04:18:16.3414392Z refs/heads/main
2026-02-03T04:18:16.3423499Z [command]/usr/bin/git checkout --detach
2026-02-03T04:18:16.6172188Z HEAD is now at bb94532 [BOT] Download Logs
2026-02-03T04:18:16.6230811Z [command]/usr/bin/git branch --delete --force main
2026-02-03T04:18:16.6259870Z Deleted branch main (was bb94532).
2026-02-03T04:18:16.6301447Z ##[endgroup]
2026-02-03T04:18:16.6307525Z [command]/usr/bin/git submodule status
2026-02-03T04:18:16.6559281Z ##[group]Cleaning the repository
2026-02-03T04:18:16.6565842Z [command]/usr/bin/git clean -ffdx
2026-02-03T04:18:16.6627244Z [command]/usr/bin/git reset --hard HEAD
2026-02-03T04:18:16.6752295Z HEAD is now at bb94532 [BOT] Download Logs
2026-02-03T04:18:16.6759784Z ##[endgroup]
2026-02-03T04:18:16.6761510Z ##[group]Disabling automatic garbage collection
2026-02-03T04:18:16.6767657Z [command]/usr/bin/git config --local gc.auto 0
2026-02-03T04:18:16.6797200Z ##[endgroup]
2026-02-03T04:18:16.6797907Z ##[group]Setting up auth
2026-02-03T04:18:16.6799712Z Removing SSH command configuration
2026-02-03T04:18:16.6808335Z [command]/usr/bin/git config --local --name-only --get-regexp core\.sshCommand
2026-02-03T04:18:16.6844874Z [command]/usr/bin/git submodule foreach --recursive sh -c "git config --local --name-only --get-regexp 'core\.sshCommand' && git config --local --unset-all 'core.sshCommand' || :"
2026-02-03T04:18:16.7091304Z Removing HTTP extra header
2026-02-03T04:18:16.7097078Z [command]/usr/bin/git config --local --name-only --get-regexp http\.https\:\/\/github\.com\/\.extraheader
2026-02-03T04:18:16.7130207Z [command]/usr/bin/git submodule foreach --recursive sh -c "git config --local --name-only --get-regexp 'http\.https\:\/\/github\.com\/\.extraheader' && git config --local --unset-all 'http.https://github.com/.extraheader' || :"
2026-02-03T04:18:16.7370413Z Removing includeIf entries pointing to credentials config files
2026-02-03T04:18:16.7376807Z [command]/usr/bin/git config --local --name-only --get-regexp ^includeIf\.gitdir:
2026-02-03T04:18:16.7403857Z includeif.gitdir:/home/runner/work/scratchattach/scratchattach/.git.path
2026-02-03T04:18:16.7405345Z includeif.gitdir:/home/runner/work/scratchattach/scratchattach/.git/worktrees/*.path
2026-02-03T04:18:16.7406362Z includeif.gitdir:/github/workspace/.git.path
2026-02-03T04:18:16.7406964Z includeif.gitdir:/github/workspace/.git/worktrees/*.path
2026-02-03T04:18:16.7413742Z [command]/usr/bin/git config --local --get-all includeif.gitdir:/home/runner/work/scratchattach/scratchattach/.git.path
2026-02-03T04:18:16.7436557Z /home/runner/work/_temp/git-credentials-70658211-6167-410a-b30a-0e5e01195720.config
2026-02-03T04:18:16.7450974Z [command]/usr/bin/git config --local --unset includeif.gitdir:/home/runner/work/scratchattach/scratchattach/.git.path /home/runner/work/_temp/git-credentials-70658211-6167-410a-b30a-0e5e01195720.config
2026-02-03T04:18:16.7484568Z [command]/usr/bin/git config --local --get-all includeif.gitdir:/home/runner/work/scratchattach/scratchattach/.git/worktrees/*.path
2026-02-03T04:18:16.7507681Z /home/runner/work/_temp/git-credentials-70658211-6167-410a-b30a-0e5e01195720.config
2026-02-03T04:18:16.7519221Z [command]/usr/bin/git config --local --unset includeif.gitdir:/home/runner/work/scratchattach/scratchattach/.git/worktrees/*.path /home/runner/work/_temp/git-credentials-70658211-6167-410a-b30a-0e5e01195720.config
2026-02-03T04:18:16.7549864Z [command]/usr/bin/git config --local --get-all includeif.gitdir:/github/workspace/.git.path
2026-02-03T04:18:16.7571751Z /github/runner_temp/git-credentials-70658211-6167-410a-b30a-0e5e01195720.config
2026-02-03T04:18:16.7579785Z [command]/usr/bin/git config --local --unset includeif.gitdir:/github/workspace/.git.path /github/runner_temp/git-credentials-70658211-6167-410a-b30a-0e5e01195720.config
2026-02-03T04:18:16.7611967Z [command]/usr/bin/git config --local --get-all includeif.gitdir:/github/workspace/.git/worktrees/*.path
2026-02-03T04:18:16.7632489Z /github/runner_temp/git-credentials-70658211-6167-410a-b30a-0e5e01195720.config
2026-02-03T04:18:16.7641833Z [command]/usr/bin/git config --local --unset includeif.gitdir:/github/workspace/.git/worktrees/*.path /github/runner_temp/git-credentials-70658211-6167-410a-b30a-0e5e01195720.config
2026-02-03T04:18:16.7676948Z [command]/usr/bin/git submodule foreach --recursive git config --local --show-origin --name-only --get-regexp remote.origin.url
2026-02-03T04:18:16.7899654Z Removing credentials config '/home/runner/work/_temp/git-credentials-70658211-6167-410a-b30a-0e5e01195720.config'
2026-02-03T04:18:16.7913418Z [command]/usr/bin/git config --file /home/runner/work/_temp/git-credentials-f93c93ff-1847-4f40-b56b-3a17053ef7dc.config http.https://github.com/.extraheader AUTHORIZATION: basic ***
2026-02-03T04:18:16.7949455Z [command]/usr/bin/git config --local includeIf.gitdir:/home/runner/work/scratchattach/scratchattach/.git.path /home/runner/work/_temp/git-credentials-f93c93ff-1847-4f40-b56b-3a17053ef7dc.config
2026-02-03T04:18:16.7979375Z [command]/usr/bin/git config --local includeIf.gitdir:/home/runner/work/scratchattach/scratchattach/.git/worktrees/*.path /home/runner/work/_temp/git-credentials-f93c93ff-1847-4f40-b56b-3a17053ef7dc.config
2026-02-03T04:18:16.8011484Z [command]/usr/bin/git config --local includeIf.gitdir:/github/workspace/.git.path /github/runner_temp/git-credentials-f93c93ff-1847-4f40-b56b-3a17053ef7dc.config
2026-02-03T04:18:16.8042094Z [command]/usr/bin/git config --local includeIf.gitdir:/github/workspace/.git/worktrees/*.path /github/runner_temp/git-credentials-f93c93ff-1847-4f40-b56b-3a17053ef7dc.config
2026-02-03T04:18:16.8068290Z ##[endgroup]
2026-02-03T04:18:16.8068927Z ##[group]Fetching the repository
2026-02-03T04:18:16.8077633Z [command]/usr/bin/git -c protocol.version=2 fetch --no-tags --prune --no-recurse-submodules --depth=1 origin +refs/heads/main*:refs/remotes/origin/main* +refs/tags/main*:refs/tags/main*
2026-02-03T04:18:17.0560164Z ##[endgroup]
2026-02-03T04:18:17.0560855Z ##[group]Determining the checkout info
2026-02-03T04:18:17.0567481Z [command]/usr/bin/git branch --list --remote origin/main
2026-02-03T04:18:17.0593950Z   origin/main
2026-02-03T04:18:17.0598783Z ##[endgroup]
2026-02-03T04:18:17.0603583Z [command]/usr/bin/git sparse-checkout disable
2026-02-03T04:18:17.0668759Z [command]/usr/bin/git config --local --unset-all extensions.worktreeConfig
2026-02-03T04:18:17.0694819Z ##[group]Checking out the ref
2026-02-03T04:18:17.0699165Z [command]/usr/bin/git checkout --progress --force -B main refs/remotes/origin/main
2026-02-03T04:18:17.0786695Z Switched to a new branch 'main'
2026-02-03T04:18:17.0789065Z branch 'main' set up to track 'origin/main'.
2026-02-03T04:18:17.0794603Z ##[endgroup]
2026-02-03T04:18:17.0830890Z [command]/usr/bin/git log -1 --format=%H
2026-02-03T04:18:17.0854153Z bb94532dc4094479e538ff8f2982cc40941ba131
2026-02-03T04:18:17.0967483Z ##[group]Run python3 aesthetic_prioritizing.py
2026-02-03T04:18:17.0967854Z [36;1mpython3 aesthetic_prioritizing.py[0m
2026-02-03T04:18:17.1001781Z shell: /usr/bin/bash -e {0}
2026-02-03T04:18:17.1002018Z env:
2026-02-03T04:18:17.1002273Z   pythonLocation: /opt/hostedtoolcache/Python/3.13.11/x64
2026-02-03T04:18:17.1002716Z   PKG_CONFIG_PATH: /opt/hostedtoolcache/Python/3.13.11/x64/lib/pkgconfig
2026-02-03T04:18:17.1003136Z   Python_ROOT_DIR: /opt/hostedtoolcache/Python/3.13.11/x64
2026-02-03T04:18:17.1003518Z   Python2_ROOT_DIR: /opt/hostedtoolcache/Python/3.13.11/x64
2026-02-03T04:18:17.1003887Z   Python3_ROOT_DIR: /opt/hostedtoolcache/Python/3.13.11/x64
2026-02-03T04:18:17.1004262Z   LD_LIBRARY_PATH: /opt/hostedtoolcache/Python/3.13.11/x64/lib
2026-02-03T04:18:17.1004684Z   PASS: ***
2026-02-03T04:18:17.1004852Z ##[endgroup]
2026-02-03T04:18:18.0592606Z Prioritizing: Attempt 1
2026-02-03T04:18:18.5415853Z Unfavorited project 1193158560
2026-02-03T04:19:03.5428554Z Favorited project 1193158560 to move it to the top
2026-02-03T04:19:48.9225831Z Unfavorited project 1193158559
2026-02-03T04:20:33.9238191Z Favorited project 1193158559 to move it to the top
2026-02-03T04:21:19.2789639Z Unfavorited project 1193158558
2026-02-03T04:22:04.2800496Z Favorited project 1193158558 to move it to the top
2026-02-03T04:22:49.7363077Z Unfavorited project 1193158567
2026-02-03T04:23:34.7374425Z Favorited project 1193158567 to move it to the top
2026-02-03T04:24:20.1261882Z Unfavorited project 1193158568
2026-02-03T04:25:05.1274770Z Favorited project 1193158568 to move it to the top
2026-02-03T04:25:50.2562994Z Prioritized projects in your favorite list.
2026-02-03T04:25:50.2564451Z Warning: For methods that require authentication, use session.connect_user instead of get_user
2026-02-03T04:25:50.2937651Z Post job cleanup.
2026-02-03T04:25:50.3728967Z [command]/usr/bin/git version
2026-02-03T04:25:50.3764358Z git version 2.52.0
2026-02-03T04:25:50.3804922Z Temporarily overriding HOME='/home/runner/work/_temp/4d4154c3-5d26-43df-ac82-ee97ecd17323' before making global git config changes
2026-02-03T04:25:50.3806528Z Adding repository directory to the temporary git global config as a safe directory
2026-02-03T04:25:50.3811224Z [command]/usr/bin/git config --global --add safe.directory /home/runner/work/scratchattach/scratchattach
2026-02-03T04:25:50.3842157Z Removing SSH command configuration
2026-02-03T04:25:50.3848761Z [command]/usr/bin/git config --local --name-only --get-regexp core\.sshCommand
2026-02-03T04:25:50.3881229Z [command]/usr/bin/git submodule foreach --recursive sh -c "git config --local --name-only --get-regexp 'core\.sshCommand' && git config --local --unset-all 'core.sshCommand' || :"
2026-02-03T04:25:50.4107079Z Removing HTTP extra header
2026-02-03T04:25:50.4111412Z [command]/usr/bin/git config --local --name-only --get-regexp http\.https\:\/\/github\.com\/\.extraheader
2026-02-03T04:25:50.4143251Z [command]/usr/bin/git submodule foreach --recursive sh -c "git config --local --name-only --get-regexp 'http\.https\:\/\/github\.com\/\.extraheader' && git config --local --unset-all 'http.https://github.com/.extraheader' || :"
2026-02-03T04:25:50.4365394Z Removing includeIf entries pointing to credentials config files
2026-02-03T04:25:50.4371279Z [command]/usr/bin/git config --local --name-only --get-regexp ^includeIf\.gitdir:
2026-02-03T04:25:50.4392722Z includeif.gitdir:/home/runner/work/scratchattach/scratchattach/.git.path
2026-02-03T04:25:50.4393570Z includeif.gitdir:/home/runner/work/scratchattach/scratchattach/.git/worktrees/*.path
2026-02-03T04:25:50.4394051Z includeif.gitdir:/github/workspace/.git.path
2026-02-03T04:25:50.4394554Z includeif.gitdir:/github/workspace/.git/worktrees/*.path
2026-02-03T04:25:50.4402618Z [command]/usr/bin/git config --local --get-all includeif.gitdir:/home/runner/work/scratchattach/scratchattach/.git.path
2026-02-03T04:25:50.4423871Z /home/runner/work/_temp/git-credentials-f93c93ff-1847-4f40-b56b-3a17053ef7dc.config
2026-02-03T04:25:50.4434548Z [command]/usr/bin/git config --local --unset includeif.gitdir:/home/runner/work/scratchattach/scratchattach/.git.path /home/runner/work/_temp/git-credentials-f93c93ff-1847-4f40-b56b-3a17053ef7dc.config
2026-02-03T04:25:50.4466928Z [command]/usr/bin/git config --local --get-all includeif.gitdir:/home/runner/work/scratchattach/scratchattach/.git/worktrees/*.path
2026-02-03T04:25:50.4488257Z /home/runner/work/_temp/git-credentials-f93c93ff-1847-4f40-b56b-3a17053ef7dc.config
2026-02-03T04:25:50.4497664Z [command]/usr/bin/git config --local --unset includeif.gitdir:/home/runner/work/scratchattach/scratchattach/.git/worktrees/*.path /home/runner/work/_temp/git-credentials-f93c93ff-1847-4f40-b56b-3a17053ef7dc.config
2026-02-03T04:25:50.4529370Z [command]/usr/bin/git config --local --get-all includeif.gitdir:/github/workspace/.git.path
2026-02-03T04:25:50.4550206Z /github/runner_temp/git-credentials-f93c93ff-1847-4f40-b56b-3a17053ef7dc.config
2026-02-03T04:25:50.4558357Z [command]/usr/bin/git config --local --unset includeif.gitdir:/github/workspace/.git.path /github/runner_temp/git-credentials-f93c93ff-1847-4f40-b56b-3a17053ef7dc.config
2026-02-03T04:25:50.4588510Z [command]/usr/bin/git config --local --get-all includeif.gitdir:/github/workspace/.git/worktrees/*.path
2026-02-03T04:25:50.4609058Z /github/runner_temp/git-credentials-f93c93ff-1847-4f40-b56b-3a17053ef7dc.config
2026-02-03T04:25:50.4618566Z [command]/usr/bin/git config --local --unset includeif.gitdir:/github/workspace/.git/worktrees/*.path /github/runner_temp/git-credentials-f93c93ff-1847-4f40-b56b-3a17053ef7dc.config
2026-02-03T04:25:50.4650170Z [command]/usr/bin/git submodule foreach --recursive git config --local --show-origin --name-only --get-regexp remote.origin.url
2026-02-03T04:25:50.4870251Z Removing credentials config '/home/runner/work/_temp/git-credentials-f93c93ff-1847-4f40-b56b-3a17053ef7dc.config'
2026-02-03T04:25:50.5054979Z Post job cleanup.
2026-02-03T04:25:50.6474051Z Post job cleanup.
2026-02-03T04:25:50.7266664Z [command]/usr/bin/git version
2026-02-03T04:25:50.7304527Z git version 2.52.0
2026-02-03T04:25:50.7343955Z Temporarily overriding HOME='/home/runner/work/_temp/9f3e7f1a-d266-48c1-ab16-d7085f80fdf3' before making global git config changes
2026-02-03T04:25:50.7345355Z Adding repository directory to the temporary git global config as a safe directory
2026-02-03T04:25:50.7350415Z [command]/usr/bin/git config --global --add safe.directory /home/runner/work/scratchattach/scratchattach
2026-02-03T04:25:50.7382260Z Removing SSH command configuration
2026-02-03T04:25:50.7389419Z [command]/usr/bin/git config --local --name-only --get-regexp core\.sshCommand
2026-02-03T04:25:50.7422564Z [command]/usr/bin/git submodule foreach --recursive sh -c "git config --local --name-only --get-regexp 'core\.sshCommand' && git config --local --unset-all 'core.sshCommand' || :"
2026-02-03T04:25:50.7649979Z Removing HTTP extra header
2026-02-03T04:25:50.7654681Z [command]/usr/bin/git config --local --name-only --get-regexp http\.https\:\/\/github\.com\/\.extraheader
2026-02-03T04:25:50.7687733Z [command]/usr/bin/git submodule foreach --recursive sh -c "git config --local --name-only --get-regexp 'http\.https\:\/\/github\.com\/\.extraheader' && git config --local --unset-all 'http.https://github.com/.extraheader' || :"
2026-02-03T04:25:50.7910276Z Removing includeIf entries pointing to credentials config files
2026-02-03T04:25:50.7917885Z [command]/usr/bin/git config --local --name-only --get-regexp ^includeIf\.gitdir:
2026-02-03T04:25:50.7949990Z [command]/usr/bin/git submodule foreach --recursive git config --local --show-origin --name-only --get-regexp remote.origin.url
2026-02-03T04:25:50.8299925Z Cleaning up orphan processes
