2026-02-18T02:31:18.8172960Z Current runner version: '2.331.0'
2026-02-18T02:31:18.8206504Z ##[group]Runner Image Provisioner
2026-02-18T02:31:18.8207996Z Hosted Compute Agent
2026-02-18T02:31:18.8208855Z Version: 20260123.484
2026-02-18T02:31:18.8209867Z Commit: 6bd6555ca37d84114959e1c76d2c01448ff61c5d
2026-02-18T02:31:18.8211006Z Build Date: 2026-01-23T19:41:17Z
2026-02-18T02:31:18.8212298Z Worker ID: {156e501f-6887-48e5-91c8-e8b01344d84a}
2026-02-18T02:31:18.8213428Z Azure Region: eastus2
2026-02-18T02:31:18.8214476Z ##[endgroup]
2026-02-18T02:31:18.8217277Z ##[group]Operating System
2026-02-18T02:31:18.8218168Z Ubuntu
2026-02-18T02:31:18.8219035Z 24.04.3
2026-02-18T02:31:18.8219830Z LTS
2026-02-18T02:31:18.8220526Z ##[endgroup]
2026-02-18T02:31:18.8221486Z ##[group]Runner Image
2026-02-18T02:31:18.8222647Z Image: ubuntu-24.04
2026-02-18T02:31:18.8223455Z Version: 20260209.23.1
2026-02-18T02:31:18.8225513Z Included Software: https://github.com/actions/runner-images/blob/ubuntu24/20260209.23/images/ubuntu/Ubuntu2404-Readme.md
2026-02-18T02:31:18.8228152Z Image Release: https://github.com/actions/runner-images/releases/tag/ubuntu24%2F20260209.23
2026-02-18T02:31:18.8229799Z ##[endgroup]
2026-02-18T02:31:18.8231462Z ##[group]GITHUB_TOKEN Permissions
2026-02-18T02:31:18.8234452Z Contents: write
2026-02-18T02:31:18.8235236Z Metadata: read
2026-02-18T02:31:18.8236164Z ##[endgroup]
2026-02-18T02:31:18.8239066Z Secret source: Actions
2026-02-18T02:31:18.8240185Z Prepare workflow directory
2026-02-18T02:31:18.8694498Z Prepare all required actions
2026-02-18T02:31:18.8750202Z Getting action download info
2026-02-18T02:31:19.1472509Z Download action repository 'actions/checkout@v6.0.2' (SHA:de0fac2e4500dabe0009e67214ff5f5447ce83dd)
2026-02-18T02:31:19.3185718Z Download action repository 'pawanbahuguna/action-logs@v2.0.0' (SHA:2fb2206c1749d6d09b8799a05519c08ee503660d)
2026-02-18T02:31:19.6789869Z Complete job name: Download GH action logs
2026-02-18T02:31:19.7316715Z ##[group]Build container for action use: '/home/runner/work/_actions/pawanbahuguna/action-logs/v2.0.0/Dockerfile'.
2026-02-18T02:31:19.7371543Z ##[command]/usr/bin/docker build -t 401748:05c81b2dee2247fca980fb10c065c371 -f "/home/runner/work/_actions/pawanbahuguna/action-logs/v2.0.0/Dockerfile" "/home/runner/work/_actions/pawanbahuguna/action-logs/v2.0.0"
2026-02-18T02:31:20.4039905Z #0 building with "default" instance using docker driver
2026-02-18T02:31:20.4040672Z 
2026-02-18T02:31:20.4040950Z #1 [internal] load build definition from Dockerfile
2026-02-18T02:31:20.4041645Z #1 transferring dockerfile: 347B done
2026-02-18T02:31:20.4042670Z #1 DONE 0.0s
2026-02-18T02:31:20.4042922Z 
2026-02-18T02:31:20.4043235Z #2 [auth] library/alpine:pull token for registry-1.docker.io
2026-02-18T02:31:20.4043925Z #2 DONE 0.0s
2026-02-18T02:31:20.4044166Z 
2026-02-18T02:31:20.4044492Z #3 [internal] load metadata for docker.io/library/alpine:latest
2026-02-18T02:31:20.7457565Z #3 DONE 0.5s
2026-02-18T02:31:20.9173159Z 
2026-02-18T02:31:20.9174521Z #4 [internal] load .dockerignore
2026-02-18T02:31:20.9176371Z #4 transferring context: 2B done
2026-02-18T02:31:20.9177423Z #4 DONE 0.0s
2026-02-18T02:31:20.9177911Z 
2026-02-18T02:31:20.9178212Z #5 [internal] load build context
2026-02-18T02:31:20.9179622Z #5 transferring context: 2.53kB done
2026-02-18T02:31:20.9181010Z #5 DONE 0.0s
2026-02-18T02:31:20.9181418Z 
2026-02-18T02:31:20.9182854Z #6 [1/4] FROM docker.io/library/alpine:latest@sha256:25109184c71bdad752c8312a8623239686a9a2071e8825f20acb8f2198c3f659
2026-02-18T02:31:20.9186476Z #6 resolve docker.io/library/alpine:latest@sha256:25109184c71bdad752c8312a8623239686a9a2071e8825f20acb8f2198c3f659 0.0s done
2026-02-18T02:31:20.9190674Z #6 sha256:589002ba0eaed121a1dbf42f6648f29e5be55d5c8a6ee0f8eaa0285cc21ac153 3.86MB / 3.86MB 0.1s done
2026-02-18T02:31:21.0178936Z #6 extracting sha256:589002ba0eaed121a1dbf42f6648f29e5be55d5c8a6ee0f8eaa0285cc21ac153 0.1s done
2026-02-18T02:31:21.0180113Z #6 DONE 0.3s
2026-02-18T02:31:21.0180430Z 
2026-02-18T02:31:21.0180776Z #7 [2/4] RUN apk update && apk add --no-cache curl jq
2026-02-18T02:31:21.5646014Z #7 0.547 v3.23.3-132-g79a44341879 [https://dl-cdn.alpinelinux.org/alpine/v3.23/main]
2026-02-18T02:31:21.5647123Z #7 0.547 v3.23.3-131-g88c6aa978ea [https://dl-cdn.alpinelinux.org/alpine/v3.23/community]
2026-02-18T02:31:21.5647934Z #7 0.547 OK: 27572 distinct packages available
2026-02-18T02:31:21.9652499Z #7 0.947 ( 1/12) Installing brotli-libs (1.2.0-r0)
2026-02-18T02:31:22.0745190Z #7 0.967 ( 2/12) Installing c-ares (1.34.6-r0)
2026-02-18T02:31:22.0745757Z #7 0.980 ( 3/12) Installing libunistring (1.4.1-r0)
2026-02-18T02:31:22.0746154Z #7 1.001 ( 4/12) Installing libidn2 (2.3.8-r0)
2026-02-18T02:31:22.0746521Z #7 1.014 ( 5/12) Installing nghttp2-libs (1.68.0-r0)
2026-02-18T02:31:22.0746900Z #7 1.027 ( 6/12) Installing nghttp3 (1.13.1-r0)
2026-02-18T02:31:22.0747250Z #7 1.041 ( 7/12) Installing libpsl (0.21.5-r3)
2026-02-18T02:31:22.0747692Z #7 1.057 ( 8/12) Installing zstd-libs (1.5.7-r2)
2026-02-18T02:31:22.2175108Z #7 1.076 ( 9/12) Installing libcurl (8.17.0-r1)
2026-02-18T02:31:22.2175990Z #7 1.094 (10/12) Installing curl (8.17.0-r1)
2026-02-18T02:31:22.2176528Z #7 1.108 (11/12) Installing oniguruma (6.9.10-r0)
2026-02-18T02:31:22.2177011Z #7 1.124 (12/12) Installing jq (1.8.1-r0)
2026-02-18T02:31:22.2177491Z #7 1.139 Executing busybox-1.37.0-r30.trigger
2026-02-18T02:31:22.2177961Z #7 1.146 OK: 14.1 MiB in 28 packages
2026-02-18T02:31:22.2178367Z #7 DONE 1.2s
2026-02-18T02:31:22.3752133Z 
2026-02-18T02:31:22.3752947Z #8 [3/4] COPY entrypoint.sh /entrypoint.sh
2026-02-18T02:31:22.3753629Z #8 DONE 0.0s
2026-02-18T02:31:22.3753830Z 
2026-02-18T02:31:22.3753980Z #9 [4/4] RUN chmod +x /entrypoint.sh
2026-02-18T02:31:22.3759507Z #9 DONE 0.1s
2026-02-18T02:31:22.5283763Z 
2026-02-18T02:31:22.5284157Z #10 exporting to image
2026-02-18T02:31:22.5284529Z #10 exporting layers
2026-02-18T02:31:22.7207602Z #10 exporting layers 0.3s done
2026-02-18T02:31:22.8271568Z #10 exporting manifest sha256:5251a6992609f81fcb4708fbf9e672a1c9ae80f93e7fac25440585f61676b37d done
2026-02-18T02:31:22.8273252Z #10 exporting config sha256:35f8f073861ef9f35623e282543b20c96799b983ccb709a45f38dfb8423c3163 done
2026-02-18T02:31:22.8274619Z #10 exporting attestation manifest sha256:803fc50aa23cbe9ce8d36caa8743448bb667569e252c37a904acba48a095de00 done
2026-02-18T02:31:22.8279381Z #10 exporting manifest list sha256:72004d08bd963305367c88412d8b2fec13bd3bea46f2eae178e3dc70416c5d34 done
2026-02-18T02:31:22.8280838Z #10 naming to docker.io/library/401748:05c81b2dee2247fca980fb10c065c371 done
2026-02-18T02:31:22.8281718Z #10 unpacking to docker.io/library/401748:05c81b2dee2247fca980fb10c065c371 0.1s done
2026-02-18T02:31:22.8282562Z #10 DONE 0.4s
2026-02-18T02:31:22.8697272Z ##[endgroup]
2026-02-18T02:31:22.8959364Z ##[group]Run actions/checkout@v6.0.2
2026-02-18T02:31:22.8959927Z with:
2026-02-18T02:31:22.8960131Z   repository: Boss-1s/scratchattach
2026-02-18T02:31:22.8960531Z   token: ***
2026-02-18T02:31:22.8960713Z   ssh-strict: true
2026-02-18T02:31:22.8960886Z   ssh-user: git
2026-02-18T02:31:22.8961078Z   persist-credentials: true
2026-02-18T02:31:22.8961304Z   clean: true
2026-02-18T02:31:22.8961511Z   sparse-checkout-cone-mode: true
2026-02-18T02:31:22.8961954Z   fetch-depth: 1
2026-02-18T02:31:22.8962145Z   fetch-tags: false
2026-02-18T02:31:22.8962337Z   show-progress: true
2026-02-18T02:31:22.8962517Z   lfs: false
2026-02-18T02:31:22.8962681Z   submodules: false
2026-02-18T02:31:22.8962867Z   set-safe-directory: true
2026-02-18T02:31:22.8963306Z ##[endgroup]
2026-02-18T02:31:22.9920070Z Syncing repository: Boss-1s/scratchattach
2026-02-18T02:31:22.9922321Z ##[group]Getting Git version info
2026-02-18T02:31:22.9923126Z Working directory is '/home/runner/work/scratchattach/scratchattach'
2026-02-18T02:31:22.9924208Z [command]/usr/bin/git version
2026-02-18T02:31:22.9924691Z git version 2.52.0
2026-02-18T02:31:22.9976788Z ##[endgroup]
2026-02-18T02:31:22.9990548Z Temporarily overriding HOME='/home/runner/work/_temp/91f69c1b-4cee-4539-8692-756e447c7929' before making global git config changes
2026-02-18T02:31:22.9991658Z Adding repository directory to the temporary git global config as a safe directory
2026-02-18T02:31:22.9995960Z [command]/usr/bin/git config --global --add safe.directory /home/runner/work/scratchattach/scratchattach
2026-02-18T02:31:23.0036926Z Deleting the contents of '/home/runner/work/scratchattach/scratchattach'
2026-02-18T02:31:23.0040355Z ##[group]Initializing the repository
2026-02-18T02:31:23.0045466Z [command]/usr/bin/git init /home/runner/work/scratchattach/scratchattach
2026-02-18T02:31:23.0173102Z hint: Using 'master' as the name for the initial branch. This default branch name
2026-02-18T02:31:23.0174100Z hint: will change to "main" in Git 3.0. To configure the initial branch name
2026-02-18T02:31:23.0174754Z hint: to use in all of your new repositories, which will suppress this warning,
2026-02-18T02:31:23.0175134Z hint: call:
2026-02-18T02:31:23.0175301Z hint:
2026-02-18T02:31:23.0175573Z hint: 	git config --global init.defaultBranch <name>
2026-02-18T02:31:23.0175875Z hint:
2026-02-18T02:31:23.0176161Z hint: Names commonly chosen instead of 'master' are 'main', 'trunk' and
2026-02-18T02:31:23.0176643Z hint: 'development'. The just-created branch can be renamed via this command:
2026-02-18T02:31:23.0177039Z hint:
2026-02-18T02:31:23.0177376Z hint: 	git branch -m <name>
2026-02-18T02:31:23.0177749Z hint:
2026-02-18T02:31:23.0178321Z hint: Disable this message with "git config set advice.defaultBranchName false"
2026-02-18T02:31:23.0179119Z Initialized empty Git repository in /home/runner/work/scratchattach/scratchattach/.git/
2026-02-18T02:31:23.0188524Z [command]/usr/bin/git remote add origin https://github.com/Boss-1s/scratchattach
2026-02-18T02:31:23.0224341Z ##[endgroup]
2026-02-18T02:31:23.0224795Z ##[group]Disabling automatic garbage collection
2026-02-18T02:31:23.0228210Z [command]/usr/bin/git config --local gc.auto 0
2026-02-18T02:31:23.0257495Z ##[endgroup]
2026-02-18T02:31:23.0257952Z ##[group]Setting up auth
2026-02-18T02:31:23.0258973Z Removing SSH command configuration
2026-02-18T02:31:23.0265623Z [command]/usr/bin/git config --local --name-only --get-regexp core\.sshCommand
2026-02-18T02:31:23.0297493Z [command]/usr/bin/git submodule foreach --recursive sh -c "git config --local --name-only --get-regexp 'core\.sshCommand' && git config --local --unset-all 'core.sshCommand' || :"
2026-02-18T02:31:23.0664777Z Removing HTTP extra header
2026-02-18T02:31:23.0670145Z [command]/usr/bin/git config --local --name-only --get-regexp http\.https\:\/\/github\.com\/\.extraheader
2026-02-18T02:31:23.0702764Z [command]/usr/bin/git submodule foreach --recursive sh -c "git config --local --name-only --get-regexp 'http\.https\:\/\/github\.com\/\.extraheader' && git config --local --unset-all 'http.https://github.com/.extraheader' || :"
2026-02-18T02:31:23.0931078Z Removing includeIf entries pointing to credentials config files
2026-02-18T02:31:23.0937601Z [command]/usr/bin/git config --local --name-only --get-regexp ^includeIf\.gitdir:
2026-02-18T02:31:23.0971186Z [command]/usr/bin/git submodule foreach --recursive git config --local --show-origin --name-only --get-regexp remote.origin.url
2026-02-18T02:31:23.1219188Z [command]/usr/bin/git config --file /home/runner/work/_temp/git-credentials-ba347eed-a80f-4a95-b4c2-797a7be11770.config http.https://github.com/.extraheader AUTHORIZATION: basic ***
2026-02-18T02:31:23.1259163Z [command]/usr/bin/git config --local includeIf.gitdir:/home/runner/work/scratchattach/scratchattach/.git.path /home/runner/work/_temp/git-credentials-ba347eed-a80f-4a95-b4c2-797a7be11770.config
2026-02-18T02:31:23.1292991Z [command]/usr/bin/git config --local includeIf.gitdir:/home/runner/work/scratchattach/scratchattach/.git/worktrees/*.path /home/runner/work/_temp/git-credentials-ba347eed-a80f-4a95-b4c2-797a7be11770.config
2026-02-18T02:31:23.1327855Z [command]/usr/bin/git config --local includeIf.gitdir:/github/workspace/.git.path /github/runner_temp/git-credentials-ba347eed-a80f-4a95-b4c2-797a7be11770.config
2026-02-18T02:31:23.1361926Z [command]/usr/bin/git config --local includeIf.gitdir:/github/workspace/.git/worktrees/*.path /github/runner_temp/git-credentials-ba347eed-a80f-4a95-b4c2-797a7be11770.config
2026-02-18T02:31:23.1391498Z ##[endgroup]
2026-02-18T02:31:23.1392269Z ##[group]Fetching the repository
2026-02-18T02:31:23.1401605Z [command]/usr/bin/git -c protocol.version=2 fetch --no-tags --prune --no-recurse-submodules --depth=1 origin +f3d432a3a3216fe96c4704c8054ea13d8f6c2bd7:refs/remotes/origin/main
2026-02-18T02:32:01.9065040Z From https://github.com/Boss-1s/scratchattach
2026-02-18T02:32:01.9065540Z  * [new ref]         f3d432a3a3216fe96c4704c8054ea13d8f6c2bd7 -> origin/main
2026-02-18T02:32:01.9103810Z [command]/usr/bin/git branch --list --remote origin/main
2026-02-18T02:32:01.9140383Z   origin/main
2026-02-18T02:32:01.9150832Z [command]/usr/bin/git rev-parse refs/remotes/origin/main
2026-02-18T02:32:01.9173913Z f3d432a3a3216fe96c4704c8054ea13d8f6c2bd7
2026-02-18T02:32:01.9178217Z ##[endgroup]
2026-02-18T02:32:01.9178847Z ##[group]Determining the checkout info
2026-02-18T02:32:01.9179802Z ##[endgroup]
2026-02-18T02:32:01.9184650Z [command]/usr/bin/git sparse-checkout disable
2026-02-18T02:32:01.9229834Z [command]/usr/bin/git config --local --unset-all extensions.worktreeConfig
2026-02-18T02:32:01.9263872Z ##[group]Checking out the ref
2026-02-18T02:32:01.9269095Z [command]/usr/bin/git checkout --progress --force -B main refs/remotes/origin/main
2026-02-18T02:32:03.0887929Z Updating files:  72% (2611/3584)
2026-02-18T02:32:03.4412549Z Updating files:  73% (2617/3584)
2026-02-18T02:32:03.5842610Z Updating files:  74% (2653/3584)
2026-02-18T02:32:03.5884550Z Updating files:  75% (2688/3584)
2026-02-18T02:32:03.7861709Z Updating files:  76% (2724/3584)
2026-02-18T02:32:03.7894547Z Updating files:  77% (2760/3584)
2026-02-18T02:32:03.9764258Z Updating files:  78% (2796/3584)
2026-02-18T02:32:04.3069124Z Updating files:  78% (2812/3584)
2026-02-18T02:32:04.6068781Z Updating files:  79% (2832/3584)
2026-02-18T02:32:04.9396974Z Updating files:  80% (2868/3584)
2026-02-18T02:32:05.1487223Z Updating files:  80% (2897/3584)
2026-02-18T02:32:05.1563226Z Updating files:  81% (2904/3584)
2026-02-18T02:32:05.5075229Z Updating files:  82% (2939/3584)
2026-02-18T02:32:05.9332754Z Updating files:  83% (2975/3584)
2026-02-18T02:32:06.2353235Z Updating files:  83% (3000/3584)
2026-02-18T02:32:06.9112672Z Updating files:  84% (3011/3584)
2026-02-18T02:32:06.9586205Z Updating files:  85% (3047/3584)
2026-02-18T02:32:07.5688407Z Updating files:  85% (3049/3584)
2026-02-18T02:32:07.9534354Z Updating files:  86% (3083/3584)
2026-02-18T02:32:08.1963274Z Updating files:  86% (3107/3584)
2026-02-18T02:32:08.7767961Z Updating files:  87% (3119/3584)
2026-02-18T02:32:08.9636722Z Updating files:  88% (3154/3584)
2026-02-18T02:32:09.2344408Z Updating files:  88% (3164/3584)
2026-02-18T02:32:09.2516114Z Updating files:  89% (3190/3584)
2026-02-18T02:32:09.2727999Z Updating files:  90% (3226/3584)
2026-02-18T02:32:09.2900341Z Updating files:  91% (3262/3584)
2026-02-18T02:32:09.3009923Z Updating files:  92% (3298/3584)
2026-02-18T02:32:09.7459641Z Updating files:  93% (3334/3584)
2026-02-18T02:32:09.9554954Z Updating files:  94% (3369/3584)
2026-02-18T02:32:10.2379539Z Updating files:  94% (3381/3584)
2026-02-18T02:32:10.5374520Z Updating files:  95% (3405/3584)
2026-02-18T02:32:10.7287422Z Updating files:  96% (3441/3584)
2026-02-18T02:32:10.8806924Z Updating files:  97% (3477/3584)
2026-02-18T02:32:10.9402769Z Updating files:  98% (3513/3584)
2026-02-18T02:32:11.0234084Z Updating files:  98% (3526/3584)
2026-02-18T02:32:11.1147223Z Updating files:  99% (3549/3584)
2026-02-18T02:32:11.1149613Z Updating files: 100% (3584/3584)
2026-02-18T02:32:11.1150408Z Updating files: 100% (3584/3584), done.
2026-02-18T02:32:11.2030583Z Switched to a new branch 'main'
2026-02-18T02:32:11.2033409Z branch 'main' set up to track 'origin/main'.
2026-02-18T02:32:11.2234318Z ##[endgroup]
2026-02-18T02:32:11.2281732Z [command]/usr/bin/git log -1 --format=%H
2026-02-18T02:32:11.2310010Z f3d432a3a3216fe96c4704c8054ea13d8f6c2bd7
2026-02-18T02:32:11.2505196Z ##[group]Run pawanbahuguna/action-logs@v2.0.0
2026-02-18T02:32:11.2505500Z env:
2026-02-18T02:32:11.2506071Z   GH_TOKEN: ***
2026-02-18T02:32:11.2506268Z   GH_REPO: Boss-1s/scratchattach
2026-02-18T02:32:11.2506490Z   LOGS_DIR: .logs
2026-02-18T02:32:11.2506659Z ##[endgroup]
2026-02-18T02:32:11.2594961Z ##[command]/usr/bin/docker run --name c81b2dee2247fca980fb10c065c371_d32930 --label 401748 --workdir /github/workspace --rm -e "GH_TOKEN" -e "GH_REPO" -e "LOGS_DIR" -e "HOME" -e "GITHUB_JOB" -e "GITHUB_REF" -e "GITHUB_SHA" -e "GITHUB_REPOSITORY" -e "GITHUB_REPOSITORY_OWNER" -e "GITHUB_REPOSITORY_OWNER_ID" -e "GITHUB_RUN_ID" -e "GITHUB_RUN_NUMBER" -e "GITHUB_RETENTION_DAYS" -e "GITHUB_RUN_ATTEMPT" -e "GITHUB_ACTOR_ID" -e "GITHUB_ACTOR" -e "GITHUB_WORKFLOW" -e "GITHUB_HEAD_REF" -e "GITHUB_BASE_REF" -e "GITHUB_EVENT_NAME" -e "GITHUB_SERVER_URL" -e "GITHUB_API_URL" -e "GITHUB_GRAPHQL_URL" -e "GITHUB_REF_NAME" -e "GITHUB_REF_PROTECTED" -e "GITHUB_REF_TYPE" -e "GITHUB_WORKFLOW_REF" -e "GITHUB_WORKFLOW_SHA" -e "GITHUB_REPOSITORY_ID" -e "GITHUB_TRIGGERING_ACTOR" -e "GITHUB_WORKSPACE" -e "GITHUB_ACTION" -e "GITHUB_EVENT_PATH" -e "GITHUB_ACTION_REPOSITORY" -e "GITHUB_ACTION_REF" -e "GITHUB_PATH" -e "GITHUB_ENV" -e "GITHUB_STEP_SUMMARY" -e "GITHUB_STATE" -e "GITHUB_OUTPUT" -e "RUNNER_OS" -e "RUNNER_ARCH" -e "RUNNER_NAME" -e "RUNNER_ENVIRONMENT" -e "RUNNER_TOOL_CACHE" -e "RUNNER_TEMP" -e "RUNNER_WORKSPACE" -e "ACTIONS_RUNTIME_URL" -e "ACTIONS_RUNTIME_TOKEN" -e "ACTIONS_CACHE_URL" -e "ACTIONS_RESULTS_URL" -e "ACTIONS_ORCHESTRATION_ID" -e GITHUB_ACTIONS=true -e CI=true -v "/var/run/docker.sock":"/var/run/docker.sock" -v "/home/runner/work/_temp":"/github/runner_temp" -v "/home/runner/work/_temp/_github_home":"/github/home" -v "/home/runner/work/_temp/_github_workflow":"/github/workflow" -v "/home/runner/work/_temp/_runner_file_commands":"/github/file_commands" -v "/home/runner/work/scratchattach/scratchattach":"/github/workspace" 401748:05c81b2dee2247fca980fb10c065c371
2026-02-18T02:32:14.9537273Z Will only process 24hrs logs before or equal to 2026-02-17T02:32:14Z
2026-02-18T02:32:14.9537954Z Searching Workflow Runs
2026-02-18T02:32:17.5576861Z Fetching Job IDs
2026-02-18T02:32:19.2082262Z mkdir: can't create directory '.logs': File exists
2026-02-18T02:32:19.2089110Z Writing logs for job 63950420953
2026-02-18T02:32:19.3557637Z Writing logs for job 63950114869
2026-02-18T02:32:19.5096851Z Writing logs for job 63909212263
2026-02-18T02:32:19.8492612Z Writing logs for job 63899482135
2026-02-18T02:32:20.0477259Z Writing logs for job 63899482071
2026-02-18T02:32:20.2611041Z Writing logs for job 63865807893
2026-02-18T02:32:20.6322007Z Writing logs for job 63829814963
2026-02-18T02:32:20.9618659Z Writing logs for job 63820134324
2026-02-18T02:32:21.1840998Z Logs Downloaded and saved!
2026-02-18T02:32:21.1841995Z Starting cleanup
2026-02-18T02:32:21.1855504Z cleanup Completed!!
2026-02-18T02:32:21.2798556Z ##[group]Run git config --global user.name 'Boss_1s [via Actions]'
2026-02-18T02:32:21.2799150Z [36;1mgit config --global user.name 'Boss_1s [via Actions]'[0m
2026-02-18T02:32:21.2799633Z [36;1mgit config --global user.email 'Boss-1s[auto]@users.noreply.github.com'[0m
2026-02-18T02:32:21.2800007Z [36;1m[0m
2026-02-18T02:32:21.2800176Z [36;1mgit pull origin main[0m
2026-02-18T02:32:21.2800380Z [36;1m[0m
2026-02-18T02:32:21.2800582Z [36;1mGIT_STATUS_OUTPUT=$(git status --porcelain)[0m
2026-02-18T02:32:21.2800842Z [36;1m[0m
2026-02-18T02:32:21.2801023Z [36;1mif [ -z "$GIT_STATUS_OUTPUT" ]; then[0m
2026-02-18T02:32:21.2801361Z [36;1m  echo "Git working tree is clean (no uncommitted changes)."[0m
2026-02-18T02:32:21.2801677Z [36;1m  exit 0[0m
2026-02-18T02:32:21.2802065Z [36;1melse[0m
2026-02-18T02:32:21.2802303Z [36;1m  echo "Git working tree has uncommitted changes:"[0m
2026-02-18T02:32:21.2802613Z [36;1m  echo "$GIT_STATUS_OUTPUT"[0m
2026-02-18T02:32:21.2802964Z [36;1m  echo "These changes will be pushed to the main branch."[0m
2026-02-18T02:32:21.2803264Z [36;1mfi[0m
2026-02-18T02:32:21.2803415Z [36;1m[0m
2026-02-18T02:32:21.2803752Z [36;1mgit add .[0m
2026-02-18T02:32:21.2803955Z [36;1mgit commit -m "[BOT] Download Logs"[0m
2026-02-18T02:32:21.2804205Z [36;1mgit push origin main[0m
2026-02-18T02:32:21.2858232Z shell: /usr/bin/bash -e {0}
2026-02-18T02:32:21.2858480Z ##[endgroup]
2026-02-18T02:32:21.4975457Z From https://github.com/Boss-1s/scratchattach
2026-02-18T02:32:21.4977408Z  * branch            main       -> FETCH_HEAD
2026-02-18T02:32:21.5057339Z Already up to date.
2026-02-18T02:32:21.7126382Z Git working tree has uncommitted changes:
2026-02-18T02:32:21.7200994Z ?? .logs/logs-63820134324-2026-02-18.txt
2026-02-18T02:32:21.7201462Z ?? .logs/logs-63829814963-2026-02-18.txt
2026-02-18T02:32:21.7202116Z ?? .logs/logs-63865807893-2026-02-18.txt
2026-02-18T02:32:21.7202520Z ?? .logs/logs-63899482071-2026-02-18.txt
2026-02-18T02:32:21.7202950Z ?? .logs/logs-63899482135-2026-02-18.txt
2026-02-18T02:32:21.7203346Z ?? .logs/logs-63909212263-2026-02-18.txt
2026-02-18T02:32:21.7203759Z ?? .logs/logs-63950114869-2026-02-18.txt
2026-02-18T02:32:21.7204256Z ?? .logs/logs-63950420953-2026-02-18.txt
2026-02-18T02:32:21.7204787Z These changes will be pushed to the main branch.
2026-02-18T02:32:21.9905662Z [main f5e9944] [BOT] Download Logs
2026-02-18T02:32:21.9906158Z  8 files changed, 198797 insertions(+)
2026-02-18T02:32:21.9906668Z  create mode 100644 .logs/logs-63820134324-2026-02-18.txt
2026-02-18T02:32:21.9907228Z  create mode 100644 .logs/logs-63829814963-2026-02-18.txt
2026-02-18T02:32:21.9907768Z  create mode 100644 .logs/logs-63865807893-2026-02-18.txt
2026-02-18T02:32:21.9908310Z  create mode 100644 .logs/logs-63899482071-2026-02-18.txt
2026-02-18T02:32:21.9908887Z  create mode 100644 .logs/logs-63899482135-2026-02-18.txt
2026-02-18T02:32:21.9909441Z  create mode 100644 .logs/logs-63909212263-2026-02-18.txt
2026-02-18T02:32:21.9910030Z  create mode 100644 .logs/logs-63950114869-2026-02-18.txt
2026-02-18T02:32:21.9910593Z  create mode 100644 .logs/logs-63950420953-2026-02-18.txt
2026-02-18T02:32:24.4164466Z To https://github.com/Boss-1s/scratchattach
2026-02-18T02:32:24.4164835Z    f3d432a..f5e9944  main -> main
2026-02-18T02:32:24.4284384Z Post job cleanup.
2026-02-18T02:32:24.5074839Z [command]/usr/bin/git version
2026-02-18T02:32:24.5111272Z git version 2.52.0
2026-02-18T02:32:24.5144253Z Copying '/home/runner/.gitconfig' to '/home/runner/work/_temp/58f4daa6-26c1-42a9-8380-79a0cd27b4e8/.gitconfig'
2026-02-18T02:32:24.5154226Z Temporarily overriding HOME='/home/runner/work/_temp/58f4daa6-26c1-42a9-8380-79a0cd27b4e8' before making global git config changes
2026-02-18T02:32:24.5155384Z Adding repository directory to the temporary git global config as a safe directory
2026-02-18T02:32:24.5159778Z [command]/usr/bin/git config --global --add safe.directory /home/runner/work/scratchattach/scratchattach
2026-02-18T02:32:24.5191191Z Removing SSH command configuration
2026-02-18T02:32:24.5197465Z [command]/usr/bin/git config --local --name-only --get-regexp core\.sshCommand
2026-02-18T02:32:24.5232541Z [command]/usr/bin/git submodule foreach --recursive sh -c "git config --local --name-only --get-regexp 'core\.sshCommand' && git config --local --unset-all 'core.sshCommand' || :"
2026-02-18T02:32:24.5470458Z Removing HTTP extra header
2026-02-18T02:32:24.5474985Z [command]/usr/bin/git config --local --name-only --get-regexp http\.https\:\/\/github\.com\/\.extraheader
2026-02-18T02:32:24.5508834Z [command]/usr/bin/git submodule foreach --recursive sh -c "git config --local --name-only --get-regexp 'http\.https\:\/\/github\.com\/\.extraheader' && git config --local --unset-all 'http.https://github.com/.extraheader' || :"
2026-02-18T02:32:24.5745671Z Removing includeIf entries pointing to credentials config files
2026-02-18T02:32:24.5751191Z [command]/usr/bin/git config --local --name-only --get-regexp ^includeIf\.gitdir:
2026-02-18T02:32:24.5774670Z includeif.gitdir:/home/runner/work/scratchattach/scratchattach/.git.path
2026-02-18T02:32:24.5775586Z includeif.gitdir:/home/runner/work/scratchattach/scratchattach/.git/worktrees/*.path
2026-02-18T02:32:24.5776309Z includeif.gitdir:/github/workspace/.git.path
2026-02-18T02:32:24.5776672Z includeif.gitdir:/github/workspace/.git/worktrees/*.path
2026-02-18T02:32:24.5785730Z [command]/usr/bin/git config --local --get-all includeif.gitdir:/home/runner/work/scratchattach/scratchattach/.git.path
2026-02-18T02:32:24.5807778Z /home/runner/work/_temp/git-credentials-ba347eed-a80f-4a95-b4c2-797a7be11770.config
2026-02-18T02:32:24.5818151Z [command]/usr/bin/git config --local --unset includeif.gitdir:/home/runner/work/scratchattach/scratchattach/.git.path /home/runner/work/_temp/git-credentials-ba347eed-a80f-4a95-b4c2-797a7be11770.config
2026-02-18T02:32:24.5851583Z [command]/usr/bin/git config --local --get-all includeif.gitdir:/home/runner/work/scratchattach/scratchattach/.git/worktrees/*.path
2026-02-18T02:32:24.5874043Z /home/runner/work/_temp/git-credentials-ba347eed-a80f-4a95-b4c2-797a7be11770.config
2026-02-18T02:32:24.5883686Z [command]/usr/bin/git config --local --unset includeif.gitdir:/home/runner/work/scratchattach/scratchattach/.git/worktrees/*.path /home/runner/work/_temp/git-credentials-ba347eed-a80f-4a95-b4c2-797a7be11770.config
2026-02-18T02:32:24.5914185Z [command]/usr/bin/git config --local --get-all includeif.gitdir:/github/workspace/.git.path
2026-02-18T02:32:24.5936068Z /github/runner_temp/git-credentials-ba347eed-a80f-4a95-b4c2-797a7be11770.config
2026-02-18T02:32:24.5944860Z [command]/usr/bin/git config --local --unset includeif.gitdir:/github/workspace/.git.path /github/runner_temp/git-credentials-ba347eed-a80f-4a95-b4c2-797a7be11770.config
2026-02-18T02:32:24.5977447Z [command]/usr/bin/git config --local --get-all includeif.gitdir:/github/workspace/.git/worktrees/*.path
2026-02-18T02:32:24.5999700Z /github/runner_temp/git-credentials-ba347eed-a80f-4a95-b4c2-797a7be11770.config
2026-02-18T02:32:24.6009893Z [command]/usr/bin/git config --local --unset includeif.gitdir:/github/workspace/.git/worktrees/*.path /github/runner_temp/git-credentials-ba347eed-a80f-4a95-b4c2-797a7be11770.config
2026-02-18T02:32:24.6043600Z [command]/usr/bin/git submodule foreach --recursive git config --local --show-origin --name-only --get-regexp remote.origin.url
2026-02-18T02:32:24.6276693Z Removing credentials config '/home/runner/work/_temp/git-credentials-ba347eed-a80f-4a95-b4c2-797a7be11770.config'
2026-02-18T02:32:24.6393508Z Cleaning up orphan processes
