2026-01-01T17:43:12.4484037Z Current runner version: '2.330.0'
2026-01-01T17:43:12.4515749Z ##[group]Runner Image Provisioner
2026-01-01T17:43:12.4516728Z Hosted Compute Agent
2026-01-01T17:43:12.4517559Z Version: 20251211.462
2026-01-01T17:43:12.4518462Z Commit: 6cbad8c2bb55d58165063d031ccabf57e2d2db61
2026-01-01T17:43:12.4520312Z Build Date: 2025-12-11T16:28:49Z
2026-01-01T17:43:12.4521423Z Worker ID: {dcc35281-4db1-491d-ad3d-18403f195269}
2026-01-01T17:43:12.4522336Z ##[endgroup]
2026-01-01T17:43:12.4523089Z ##[group]Operating System
2026-01-01T17:43:12.4524036Z Microsoft Windows Server 2025
2026-01-01T17:43:12.4524895Z 10.0.26100
2026-01-01T17:43:12.4526155Z Datacenter
2026-01-01T17:43:12.4526908Z ##[endgroup]
2026-01-01T17:43:12.4527656Z ##[group]Runner Image
2026-01-01T17:43:12.4528443Z Image: windows-2025
2026-01-01T17:43:12.4529215Z Version: 20251216.149.1
2026-01-01T17:43:12.4531506Z Included Software: https://github.com/actions/runner-images/blob/win25/20251216.149/images/windows/Windows2025-Readme.md
2026-01-01T17:43:12.4534109Z Image Release: https://github.com/actions/runner-images/releases/tag/win25%2F20251216.149
2026-01-01T17:43:12.4535682Z ##[endgroup]
2026-01-01T17:43:12.4537262Z ##[group]GITHUB_TOKEN Permissions
2026-01-01T17:43:12.4539682Z Contents: read
2026-01-01T17:43:12.4540544Z Metadata: read
2026-01-01T17:43:12.4541270Z ##[endgroup]
2026-01-01T17:43:12.4544109Z Secret source: Actions
2026-01-01T17:43:12.4545192Z Prepare workflow directory
2026-01-01T17:43:12.4961759Z Prepare all required actions
2026-01-01T17:43:12.5002990Z Getting action download info
2026-01-01T17:43:12.7062954Z Download action repository 'actions/checkout@v6.0.1' (SHA:8e8c483db84b4bee98b60c0593521ed34d9990e8)
2026-01-01T17:43:12.8515131Z Download action repository 'actions/setup-python@v6.1.0' (SHA:83679a892e2d95755f2dac6acb0bfd1e9ac5d548)
2026-01-01T17:43:13.2244103Z Complete job name: build (3.12, windows-latest)
2026-01-01T17:43:13.4324947Z ##[group]Run actions/checkout@v6.0.1
2026-01-01T17:43:13.4326128Z with:
2026-01-01T17:43:13.4326611Z   repository: Boss-1s/scratchattach
2026-01-01T17:43:13.4327443Z   token: ***
2026-01-01T17:43:13.4327955Z   ssh-strict: true
2026-01-01T17:43:13.4328406Z   ssh-user: git
2026-01-01T17:43:13.4329176Z   persist-credentials: true
2026-01-01T17:43:13.4329684Z   clean: true
2026-01-01T17:43:13.4330130Z   sparse-checkout-cone-mode: true
2026-01-01T17:43:13.4330665Z   fetch-depth: 1
2026-01-01T17:43:13.4331096Z   fetch-tags: false
2026-01-01T17:43:13.4331543Z   show-progress: true
2026-01-01T17:43:13.4332000Z   lfs: false
2026-01-01T17:43:13.4332404Z   submodules: false
2026-01-01T17:43:13.4332855Z   set-safe-directory: true
2026-01-01T17:43:13.4333592Z ##[endgroup]
2026-01-01T17:43:13.5768479Z Syncing repository: Boss-1s/scratchattach
2026-01-01T17:43:13.5770066Z ##[group]Getting Git version info
2026-01-01T17:43:13.5770731Z Working directory is 'D:\a\scratchattach\scratchattach'
2026-01-01T17:43:13.6797680Z [command]"C:\Program Files\Git\bin\git.exe" version
2026-01-01T17:43:14.1876213Z git version 2.52.0.windows.1
2026-01-01T17:43:14.1920143Z ##[endgroup]
2026-01-01T17:43:14.1940950Z Temporarily overriding HOME='D:\a\_temp\8d468876-afa6-46a7-991d-d50f699d14a8' before making global git config changes
2026-01-01T17:43:14.1942918Z Adding repository directory to the temporary git global config as a safe directory
2026-01-01T17:43:14.1951750Z [command]"C:\Program Files\Git\bin\git.exe" config --global --add safe.directory D:\a\scratchattach\scratchattach
2026-01-01T17:43:14.3043818Z Deleting the contents of 'D:\a\scratchattach\scratchattach'
2026-01-01T17:43:14.3050545Z ##[group]Initializing the repository
2026-01-01T17:43:14.3058987Z [command]"C:\Program Files\Git\bin\git.exe" init D:\a\scratchattach\scratchattach
2026-01-01T17:43:14.4641911Z Initialized empty Git repository in D:/a/scratchattach/scratchattach/.git/
2026-01-01T17:43:14.4689376Z [command]"C:\Program Files\Git\bin\git.exe" remote add origin https://github.com/Boss-1s/scratchattach
2026-01-01T17:43:14.5257917Z ##[endgroup]
2026-01-01T17:43:14.5259155Z ##[group]Disabling automatic garbage collection
2026-01-01T17:43:14.5261264Z [command]"C:\Program Files\Git\bin\git.exe" config --local gc.auto 0
2026-01-01T17:43:14.5532651Z ##[endgroup]
2026-01-01T17:43:14.5533769Z ##[group]Setting up auth
2026-01-01T17:43:14.5534575Z Removing SSH command configuration
2026-01-01T17:43:14.5545944Z [command]"C:\Program Files\Git\bin\git.exe" config --local --name-only --get-regexp core\.sshCommand
2026-01-01T17:43:14.5835254Z [command]"C:\Program Files\Git\bin\git.exe" submodule foreach --recursive "sh -c \"git config --local --name-only --get-regexp 'core\.sshCommand' && git config --local --unset-all 'core.sshCommand' || :\""
2026-01-01T17:43:16.4404830Z Removing HTTP extra header
2026-01-01T17:43:16.4419449Z [command]"C:\Program Files\Git\bin\git.exe" config --local --name-only --get-regexp http\.https\:\/\/github\.com\/\.extraheader
2026-01-01T17:43:16.4734486Z [command]"C:\Program Files\Git\bin\git.exe" submodule foreach --recursive "sh -c \"git config --local --name-only --get-regexp 'http\.https\:\/\/github\.com\/\.extraheader' && git config --local --unset-all 'http.https://github.com/.extraheader' || :\""
2026-01-01T17:43:16.9951413Z Removing includeIf entries pointing to credentials config files
2026-01-01T17:43:16.9968663Z [command]"C:\Program Files\Git\bin\git.exe" config --local --name-only --get-regexp ^includeIf\.gitdir:
2026-01-01T17:43:17.0257608Z [command]"C:\Program Files\Git\bin\git.exe" submodule foreach --recursive "git config --local --show-origin --name-only --get-regexp remote.origin.url"
2026-01-01T17:43:17.6449392Z [command]"C:\Program Files\Git\bin\git.exe" config --file D:\a\_temp\git-credentials-7fb2db3b-6b70-4a8c-816e-0635ec1a0212.config http.https://github.com/.extraheader "AUTHORIZATION: basic ***"
2026-01-01T17:43:17.6786289Z [command]"C:\Program Files\Git\bin\git.exe" config --local includeIf.gitdir:D:/a/scratchattach/scratchattach/.git.path D:\a\_temp\git-credentials-7fb2db3b-6b70-4a8c-816e-0635ec1a0212.config
2026-01-01T17:43:17.7119812Z [command]"C:\Program Files\Git\bin\git.exe" config --local includeIf.gitdir:D:/a/scratchattach/scratchattach/.git/worktrees/*.path D:\a\_temp\git-credentials-7fb2db3b-6b70-4a8c-816e-0635ec1a0212.config
2026-01-01T17:43:17.7502993Z [command]"C:\Program Files\Git\bin\git.exe" config --local includeIf.gitdir:/github/workspace/.git.path /github/runner_temp/git-credentials-7fb2db3b-6b70-4a8c-816e-0635ec1a0212.config
2026-01-01T17:43:17.7807798Z [command]"C:\Program Files\Git\bin\git.exe" config --local includeIf.gitdir:/github/workspace/.git/worktrees/*.path /github/runner_temp/git-credentials-7fb2db3b-6b70-4a8c-816e-0635ec1a0212.config
2026-01-01T17:43:17.8119304Z ##[endgroup]
2026-01-01T17:43:17.8119685Z ##[group]Fetching the repository
2026-01-01T17:43:17.8139889Z [command]"C:\Program Files\Git\bin\git.exe" -c protocol.version=2 fetch --no-tags --prune --no-recurse-submodules --depth=1 origin +3c1b73fed17a18bfa32a24a0c7149e023f69a007:refs/remotes/origin/key_multivalue_storage_refactor
2026-01-01T17:43:21.8273590Z From https://github.com/Boss-1s/scratchattach
2026-01-01T17:43:21.8274880Z  * [new ref]         3c1b73fed17a18bfa32a24a0c7149e023f69a007 -> origin/key_multivalue_storage_refactor
2026-01-01T17:43:21.8464188Z ##[endgroup]
2026-01-01T17:43:21.8464716Z ##[group]Determining the checkout info
2026-01-01T17:43:21.8466866Z ##[endgroup]
2026-01-01T17:43:21.8477131Z [command]"C:\Program Files\Git\bin\git.exe" sparse-checkout disable
2026-01-01T17:43:21.9056896Z [command]"C:\Program Files\Git\bin\git.exe" config --local --unset-all extensions.worktreeConfig
2026-01-01T17:43:21.9360125Z ##[group]Checking out the ref
2026-01-01T17:43:21.9369404Z [command]"C:\Program Files\Git\bin\git.exe" checkout --progress --force -B key_multivalue_storage_refactor refs/remotes/origin/key_multivalue_storage_refactor
2026-01-01T17:43:23.0156556Z Updating files:  68% (1827/2681)
2026-01-01T17:43:23.0338047Z Updating files:  69% (1850/2681)
2026-01-01T17:43:23.1160196Z Updating files:  70% (1877/2681)
2026-01-01T17:43:23.1253778Z Updating files:  71% (1904/2681)
2026-01-01T17:43:23.1357745Z Updating files:  72% (1931/2681)
2026-01-01T17:43:23.1463567Z Updating files:  73% (1958/2681)
2026-01-01T17:43:23.1580656Z Updating files:  74% (1984/2681)
2026-01-01T17:43:23.1667556Z Updating files:  75% (2011/2681)
2026-01-01T17:43:23.1780521Z Updating files:  76% (2038/2681)
2026-01-01T17:43:23.1878839Z Updating files:  77% (2065/2681)
2026-01-01T17:43:23.1982750Z Updating files:  78% (2092/2681)
2026-01-01T17:43:23.2082890Z Updating files:  79% (2118/2681)
2026-01-01T17:43:23.2178387Z Updating files:  80% (2145/2681)
2026-01-01T17:43:23.2278939Z Updating files:  81% (2172/2681)
2026-01-01T17:43:23.2485230Z Updating files:  82% (2199/2681)
2026-01-01T17:43:23.2612706Z Updating files:  83% (2226/2681)
2026-01-01T17:43:23.2767981Z Updating files:  84% (2253/2681)
2026-01-01T17:43:23.2856475Z Updating files:  85% (2279/2681)
2026-01-01T17:43:23.2934140Z Updating files:  86% (2306/2681)
2026-01-01T17:43:23.3014505Z Updating files:  87% (2333/2681)
2026-01-01T17:43:23.3089736Z Updating files:  88% (2360/2681)
2026-01-01T17:43:23.3235968Z Updating files:  89% (2387/2681)
2026-01-01T17:43:23.3360212Z Updating files:  90% (2413/2681)
2026-01-01T17:43:23.3508376Z Updating files:  91% (2440/2681)
2026-01-01T17:43:23.3635424Z Updating files:  92% (2467/2681)
2026-01-01T17:43:23.3735155Z Updating files:  93% (2494/2681)
2026-01-01T17:43:23.3921110Z Updating files:  94% (2521/2681)
2026-01-01T17:43:23.4077043Z Updating files:  95% (2547/2681)
2026-01-01T17:43:23.4263401Z Updating files:  96% (2574/2681)
2026-01-01T17:43:24.0102840Z Updating files:  97% (2601/2681)
2026-01-01T17:43:24.1107293Z Updating files:  97% (2623/2681)
2026-01-01T17:43:24.3244135Z Updating files:  98% (2628/2681)
2026-01-01T17:43:24.4740344Z Updating files:  99% (2655/2681)
2026-01-01T17:43:24.4742153Z Updating files: 100% (2681/2681)
2026-01-01T17:43:24.4742853Z Updating files: 100% (2681/2681), done.
2026-01-01T17:43:24.5006220Z branch 'key_multivalue_storage_refactor' set up to track 'origin/key_multivalue_storage_refactor'.
2026-01-01T17:43:24.5024620Z Switched to a new branch 'key_multivalue_storage_refactor'
2026-01-01T17:43:24.5166320Z ##[endgroup]
2026-01-01T17:43:24.5559418Z [command]"C:\Program Files\Git\bin\git.exe" log -1 --format=%H
2026-01-01T17:43:24.5825857Z 3c1b73fed17a18bfa32a24a0c7149e023f69a007
2026-01-01T17:43:24.6233193Z ##[group]Run actions/setup-python@v6.1.0
2026-01-01T17:43:24.6233506Z with:
2026-01-01T17:43:24.6233662Z   python-version: 3.12
2026-01-01T17:43:24.6233854Z   check-latest: false
2026-01-01T17:43:24.6234169Z   token: ***
2026-01-01T17:43:24.6234333Z   update-environment: true
2026-01-01T17:43:24.6234530Z   allow-prereleases: false
2026-01-01T17:43:24.6234715Z   freethreaded: false
2026-01-01T17:43:24.6234875Z ##[endgroup]
2026-01-01T17:43:24.7762723Z ##[group]Installed versions
2026-01-01T17:43:24.7992980Z (node:6676) [DEP0040] DeprecationWarning: The `punycode` module is deprecated. Please use a userland alternative instead.
2026-01-01T17:43:24.7994105Z (Use `node --trace-deprecation ...` to show where the warning was created)
2026-01-01T17:43:24.7994714Z Successfully set up CPython (3.12.10)
2026-01-01T17:43:24.7995424Z ##[endgroup]
2026-01-01T17:43:24.8253042Z ##[group]Run cd test
2026-01-01T17:43:24.8253337Z [36;1mcd test[0m
2026-01-01T17:43:24.8253526Z [36;1mpython3 o_test1.py[0m
2026-01-01T17:43:25.0655394Z shell: C:\Program Files\PowerShell\7\pwsh.EXE -command ". '{0}'"
2026-01-01T17:43:25.0655790Z env:
2026-01-01T17:43:25.0656085Z   pythonLocation: C:\hostedtoolcache\windows\Python\3.12.10\x64
2026-01-01T17:43:25.0656623Z   PKG_CONFIG_PATH: C:\hostedtoolcache\windows\Python\3.12.10\x64/lib/pkgconfig
2026-01-01T17:43:25.0657131Z   Python_ROOT_DIR: C:\hostedtoolcache\windows\Python\3.12.10\x64
2026-01-01T17:43:25.0657576Z   Python2_ROOT_DIR: C:\hostedtoolcache\windows\Python\3.12.10\x64
2026-01-01T17:43:25.0658388Z   Python3_ROOT_DIR: C:\hostedtoolcache\windows\Python\3.12.10\x64
2026-01-01T17:43:25.0658732Z ##[endgroup]
2026-01-01T17:43:36.0023120Z Deleted all data from otest.json sucessfully.
2026-01-01T17:43:36.0096004Z Data for key 'test_top_level_key' stored successfully in 'otest.json'.
2026-01-01T17:43:36.0169984Z Data for key 'test_top_level_key2' stored successfully in 'otest.json'.
2026-01-01T17:43:36.0240815Z Data for key 'test_top_level_key2' stored successfully in 'otest.json'.
2026-01-01T17:43:36.0312613Z Data for key 'test_top_level_key' stored successfully in 'otest.json'.
2026-01-01T17:43:36.0374779Z Sucessfully changed value skibidi toilet to sigma under key test_top_level_key.sk2.
2026-01-01T17:43:36.0441275Z Successfully deleted key 'test_top_level_key2' from 'otest.json'.
2026-01-01T17:43:36.0506571Z Deleted all data from otest.json sucessfully.
2026-01-01T17:43:36.0524400Z Deleted all data from otest.json sucessfully.
2026-01-01T17:43:36.0524914Z Sucessfully deleted all data from otest.json.
2026-01-01T17:43:36.0525307Z Begin test
2026-01-01T17:43:36.0525526Z --------------------
2026-01-01T17:43:36.0525751Z Part 1: Storing, Editing, and Deleting via JSON
2026-01-01T17:43:36.0525993Z --------------------
2026-01-01T17:43:36.0526262Z Data for key 'test_top_level_key' stored successfully in 'otest.json'.
2026-01-01T17:43:36.0526719Z Sucessfully added values ['val1', 'skibidi toilet'] to subkeys ['sk1', 'sk2'], respectively.
2026-01-01T17:43:36.0527174Z Data for key 'test_top_level_key2' stored successfully in 'otest.json'.
2026-01-01T17:43:36.0527624Z Sucessfully added values ['val1', 'the fate of sigma'] to subkeys ['sk1', 'sk2'], respectively.
2026-01-01T17:43:36.0528067Z Data for key 'test_top_level_key2' stored successfully in 'otest.json'.
2026-01-01T17:43:36.0528499Z Sucessfully added values ['val3', 'the fate of shard'] to subkeys ['sk3', 'sk4'], respectively.
2026-01-01T17:43:36.0528933Z Data for key 'test_top_level_key' stored successfully in 'otest.json'.
2026-01-01T17:43:36.0529367Z Sucessfully changed value skibidi toilet to sigma under key test_top_level_key.sk2.
2026-01-01T17:43:36.0529728Z Sucessfully set subkey sk2 to value sigma.
2026-01-01T17:43:36.0530029Z Successfully deleted key 'test_top_level_key2' from 'otest.json'.
2026-01-01T17:43:36.0530402Z Sucessfully deleted key test_top_level_key2 and all its child data.
2026-01-01T17:43:36.0530730Z Deleted all data from otest.json sucessfully.
2026-01-01T17:43:36.0530983Z Sucessfully deleted all data from otest.json.
2026-01-01T17:43:36.0531209Z Part 1 passed.
2026-01-01T17:43:36.0531358Z --------------------
2026-01-01T17:43:36.0531576Z Part 2: Storing, Editing, and Deleting via dunder methods
2026-01-01T17:43:36.0531827Z --------------------
2026-01-01T17:43:36.0621375Z Traceback (most recent call last):
2026-01-01T17:43:36.0627253Z   File "D:\a\scratchattach\scratchattach\test\o_test1.py", line 66, in <module>
2026-01-01T17:43:36.0627758Z     s1 = Storage("test1", sk1="val1", sk2="val2")
2026-01-01T17:43:36.0748866Z          ^^^^^^^
2026-01-01T17:43:36.0798330Z NameError: name 'Storage' is not defined
2026-01-01T17:43:36.5402233Z ##[error]Process completed with exit code 1.
2026-01-01T17:43:36.5692402Z Post job cleanup.
2026-01-01T17:43:36.7564816Z [command]"C:\Program Files\Git\bin\git.exe" version
2026-01-01T17:43:36.7845233Z git version 2.52.0.windows.1
2026-01-01T17:43:36.7916958Z Temporarily overriding HOME='D:\a\_temp\76ca4c96-0ed6-400d-a9d2-5fc1cdaf2f5b' before making global git config changes
2026-01-01T17:43:36.7918106Z Adding repository directory to the temporary git global config as a safe directory
2026-01-01T17:43:36.7927813Z [command]"C:\Program Files\Git\bin\git.exe" config --global --add safe.directory D:\a\scratchattach\scratchattach
2026-01-01T17:43:36.8227190Z Removing SSH command configuration
2026-01-01T17:43:36.8237691Z [command]"C:\Program Files\Git\bin\git.exe" config --local --name-only --get-regexp core\.sshCommand
2026-01-01T17:43:36.8536131Z [command]"C:\Program Files\Git\bin\git.exe" submodule foreach --recursive "sh -c \"git config --local --name-only --get-regexp 'core\.sshCommand' && git config --local --unset-all 'core.sshCommand' || :\""
2026-01-01T17:43:37.4307343Z Removing HTTP extra header
2026-01-01T17:43:37.4317511Z [command]"C:\Program Files\Git\bin\git.exe" config --local --name-only --get-regexp http\.https\:\/\/github\.com\/\.extraheader
2026-01-01T17:43:37.4613460Z [command]"C:\Program Files\Git\bin\git.exe" submodule foreach --recursive "sh -c \"git config --local --name-only --get-regexp 'http\.https\:\/\/github\.com\/\.extraheader' && git config --local --unset-all 'http.https://github.com/.extraheader' || :\""
2026-01-01T17:43:38.0110900Z Removing includeIf entries pointing to credentials config files
2026-01-01T17:43:38.0122498Z [command]"C:\Program Files\Git\bin\git.exe" config --local --name-only --get-regexp ^includeIf\.gitdir:
2026-01-01T17:43:38.0392131Z includeif.gitdir:D:/a/scratchattach/scratchattach/.git.path
2026-01-01T17:43:38.0392668Z includeif.gitdir:D:/a/scratchattach/scratchattach/.git/worktrees/*.path
2026-01-01T17:43:38.0393034Z includeif.gitdir:/github/workspace/.git.path
2026-01-01T17:43:38.0393361Z includeif.gitdir:/github/workspace/.git/worktrees/*.path
2026-01-01T17:43:38.0434144Z [command]"C:\Program Files\Git\bin\git.exe" config --local --get-all includeif.gitdir:D:/a/scratchattach/scratchattach/.git.path
2026-01-01T17:43:38.0708859Z D:\a\_temp\git-credentials-7fb2db3b-6b70-4a8c-816e-0635ec1a0212.config
2026-01-01T17:43:38.0762503Z [command]"C:\Program Files\Git\bin\git.exe" config --local --unset includeif.gitdir:D:/a/scratchattach/scratchattach/.git.path D:\a\_temp\git-credentials-7fb2db3b-6b70-4a8c-816e-0635ec1a0212.config
2026-01-01T17:43:38.1070234Z [command]"C:\Program Files\Git\bin\git.exe" config --local --get-all includeif.gitdir:D:/a/scratchattach/scratchattach/.git/worktrees/*.path
2026-01-01T17:43:38.1333729Z D:\a\_temp\git-credentials-7fb2db3b-6b70-4a8c-816e-0635ec1a0212.config
2026-01-01T17:43:38.1377296Z [command]"C:\Program Files\Git\bin\git.exe" config --local --unset includeif.gitdir:D:/a/scratchattach/scratchattach/.git/worktrees/*.path D:\a\_temp\git-credentials-7fb2db3b-6b70-4a8c-816e-0635ec1a0212.config
2026-01-01T17:43:38.1681283Z [command]"C:\Program Files\Git\bin\git.exe" config --local --get-all includeif.gitdir:/github/workspace/.git.path
2026-01-01T17:43:38.1942828Z /github/runner_temp/git-credentials-7fb2db3b-6b70-4a8c-816e-0635ec1a0212.config
2026-01-01T17:43:38.1984549Z [command]"C:\Program Files\Git\bin\git.exe" config --local --unset includeif.gitdir:/github/workspace/.git.path /github/runner_temp/git-credentials-7fb2db3b-6b70-4a8c-816e-0635ec1a0212.config
2026-01-01T17:43:38.2290877Z [command]"C:\Program Files\Git\bin\git.exe" config --local --get-all includeif.gitdir:/github/workspace/.git/worktrees/*.path
2026-01-01T17:43:38.2552187Z /github/runner_temp/git-credentials-7fb2db3b-6b70-4a8c-816e-0635ec1a0212.config
2026-01-01T17:43:38.2599932Z [command]"C:\Program Files\Git\bin\git.exe" config --local --unset includeif.gitdir:/github/workspace/.git/worktrees/*.path /github/runner_temp/git-credentials-7fb2db3b-6b70-4a8c-816e-0635ec1a0212.config
2026-01-01T17:43:38.2909903Z [command]"C:\Program Files\Git\bin\git.exe" submodule foreach --recursive "git config --local --show-origin --name-only --get-regexp remote.origin.url"
2026-01-01T17:43:38.8258309Z Removing credentials config 'D:\a\_temp\git-credentials-7fb2db3b-6b70-4a8c-816e-0635ec1a0212.config'
2026-01-01T17:43:38.8422207Z Cleaning up orphan processes
