2025-11-05T01:47:46.9466706Z Current runner version: '2.329.0'
2025-11-05T01:47:46.9489397Z ##[group]Runner Image Provisioner
2025-11-05T01:47:46.9490218Z Hosted Compute Agent
2025-11-05T01:47:46.9490837Z Version: 20251016.436
2025-11-05T01:47:46.9491479Z Commit: 8ab8ac8bfd662a3739dab9fe09456aba92132568
2025-11-05T01:47:46.9492157Z Build Date: 2025-10-15T20:44:12Z
2025-11-05T01:47:46.9492808Z ##[endgroup]
2025-11-05T01:47:46.9493522Z ##[group]Operating System
2025-11-05T01:47:46.9494116Z Ubuntu
2025-11-05T01:47:46.9494553Z 24.04.3
2025-11-05T01:47:46.9495120Z LTS
2025-11-05T01:47:46.9495552Z ##[endgroup]
2025-11-05T01:47:46.9496045Z ##[group]Runner Image
2025-11-05T01:47:46.9496687Z Image: ubuntu-24.04
2025-11-05T01:47:46.9497160Z Version: 20251030.96.2
2025-11-05T01:47:46.9498154Z Included Software: https://github.com/actions/runner-images/blob/ubuntu24/20251030.96/images/ubuntu/Ubuntu2404-Readme.md
2025-11-05T01:47:46.9499731Z Image Release: https://github.com/actions/runner-images/releases/tag/ubuntu24%2F20251030.96
2025-11-05T01:47:46.9500656Z ##[endgroup]
2025-11-05T01:47:46.9501742Z ##[group]GITHUB_TOKEN Permissions
2025-11-05T01:47:46.9503665Z Contents: write
2025-11-05T01:47:46.9504341Z Metadata: read
2025-11-05T01:47:46.9504814Z ##[endgroup]
2025-11-05T01:47:46.9506801Z Secret source: Actions
2025-11-05T01:47:46.9507568Z Prepare workflow directory
2025-11-05T01:47:47.0360117Z Prepare all required actions
2025-11-05T01:47:47.0397851Z Getting action download info
2025-11-05T01:47:47.4626795Z Download action repository 'actions/checkout@ff7abcd0c3c05ccf6adc123a8cd1fd4fb30fb493' (SHA:ff7abcd0c3c05ccf6adc123a8cd1fd4fb30fb493)
2025-11-05T01:47:47.6651393Z Download action repository 'actions/setup-python@v6' (SHA:e797f83bcb11b83ae66e0230d6156d7c80228e7c)
2025-11-05T01:47:47.7801866Z Download action repository 'actions/cache@0057852bfaa89a56745cba8c7296529d2fc39830' (SHA:0057852bfaa89a56745cba8c7296529d2fc39830)
2025-11-05T01:47:47.9224392Z Download action repository 'actions/component-detection-dependency-submission-action@374343effede691df3a5ffaf36b4e7acab919590' (SHA:374343effede691df3a5ffaf36b4e7acab919590)
2025-11-05T01:47:48.5342968Z Complete job name: submit-pypi
2025-11-05T01:47:48.5985020Z ##[group]Run actions/checkout@ff7abcd0c3c05ccf6adc123a8cd1fd4fb30fb493
2025-11-05T01:47:48.5986104Z with:
2025-11-05T01:47:48.5986522Z   ref: refs/heads/main
2025-11-05T01:47:48.5987010Z   repository: Boss-1s/scratchattach
2025-11-05T01:47:48.5987728Z   token: ***
2025-11-05T01:47:48.5988148Z   ssh-strict: true
2025-11-05T01:47:48.5988599Z   ssh-user: git
2025-11-05T01:47:48.5989035Z   persist-credentials: true
2025-11-05T01:47:48.5989526Z   clean: true
2025-11-05T01:47:48.5989955Z   sparse-checkout-cone-mode: true
2025-11-05T01:47:48.5990474Z   fetch-depth: 1
2025-11-05T01:47:48.5990886Z   fetch-tags: false
2025-11-05T01:47:48.5991313Z   show-progress: true
2025-11-05T01:47:48.5991756Z   lfs: false
2025-11-05T01:47:48.5992159Z   submodules: false
2025-11-05T01:47:48.5992590Z   set-safe-directory: true
2025-11-05T01:47:48.5993423Z env:
2025-11-05T01:47:48.5993874Z   SKIP_CACHE: 
2025-11-05T01:47:48.5994282Z ##[endgroup]
2025-11-05T01:47:48.6896287Z Syncing repository: Boss-1s/scratchattach
2025-11-05T01:47:48.6898125Z ##[group]Getting Git version info
2025-11-05T01:47:48.6898996Z Working directory is '/home/runner/work/scratchattach/scratchattach'
2025-11-05T01:47:48.6900134Z [command]/usr/bin/git version
2025-11-05T01:47:48.6988712Z git version 2.51.2
2025-11-05T01:47:48.7008738Z ##[endgroup]
2025-11-05T01:47:48.7022781Z Temporarily overriding HOME='/home/runner/work/_temp/32b70cac-214d-4bb8-ac53-20dcd40a87eb' before making global git config changes
2025-11-05T01:47:48.7024606Z Adding repository directory to the temporary git global config as a safe directory
2025-11-05T01:47:48.7027743Z [command]/usr/bin/git config --global --add safe.directory /home/runner/work/scratchattach/scratchattach
2025-11-05T01:47:48.7065121Z Deleting the contents of '/home/runner/work/scratchattach/scratchattach'
2025-11-05T01:47:48.7068570Z ##[group]Initializing the repository
2025-11-05T01:47:48.7073066Z [command]/usr/bin/git init /home/runner/work/scratchattach/scratchattach
2025-11-05T01:47:48.7178921Z hint: Using 'master' as the name for the initial branch. This default branch name
2025-11-05T01:47:48.7180266Z hint: is subject to change. To configure the initial branch name to use in all
2025-11-05T01:47:48.7181518Z hint: of your new repositories, which will suppress this warning, call:
2025-11-05T01:47:48.7182349Z hint:
2025-11-05T01:47:48.7183147Z hint: 	git config --global init.defaultBranch <name>
2025-11-05T01:47:48.7184439Z hint:
2025-11-05T01:47:48.7185153Z hint: Names commonly chosen instead of 'master' are 'main', 'trunk' and
2025-11-05T01:47:48.7186710Z hint: 'development'. The just-created branch can be renamed via this command:
2025-11-05T01:47:48.7188137Z hint:
2025-11-05T01:47:48.7188952Z hint: 	git branch -m <name>
2025-11-05T01:47:48.7189776Z hint:
2025-11-05T01:47:48.7190534Z hint: Disable this message with "git config set advice.defaultBranchName false"
2025-11-05T01:47:48.7191998Z Initialized empty Git repository in /home/runner/work/scratchattach/scratchattach/.git/
2025-11-05T01:47:48.7194797Z [command]/usr/bin/git remote add origin https://github.com/Boss-1s/scratchattach
2025-11-05T01:47:48.7258684Z ##[endgroup]
2025-11-05T01:47:48.7259435Z ##[group]Disabling automatic garbage collection
2025-11-05T01:47:48.7262383Z [command]/usr/bin/git config --local gc.auto 0
2025-11-05T01:47:48.7288814Z ##[endgroup]
2025-11-05T01:47:48.7289540Z ##[group]Setting up auth
2025-11-05T01:47:48.7295476Z [command]/usr/bin/git config --local --name-only --get-regexp core\.sshCommand
2025-11-05T01:47:48.7326887Z [command]/usr/bin/git submodule foreach --recursive sh -c "git config --local --name-only --get-regexp 'core\.sshCommand' && git config --local --unset-all 'core.sshCommand' || :"
2025-11-05T01:47:48.7649765Z [command]/usr/bin/git config --local --name-only --get-regexp http\.https\:\/\/github\.com\/\.extraheader
2025-11-05T01:47:48.7678515Z [command]/usr/bin/git submodule foreach --recursive sh -c "git config --local --name-only --get-regexp 'http\.https\:\/\/github\.com\/\.extraheader' && git config --local --unset-all 'http.https://github.com/.extraheader' || :"
2025-11-05T01:47:48.7895789Z [command]/usr/bin/git config --local http.https://github.com/.extraheader AUTHORIZATION: basic ***
2025-11-05T01:47:48.7930589Z ##[endgroup]
2025-11-05T01:47:48.7931997Z ##[group]Fetching the repository
2025-11-05T01:47:48.7940363Z [command]/usr/bin/git -c protocol.version=2 fetch --no-tags --prune --no-recurse-submodules --depth=1 origin +refs/heads/main:refs/remotes/origin/main
2025-11-05T01:47:49.9705896Z From https://github.com/Boss-1s/scratchattach
2025-11-05T01:47:49.9707925Z  * [new branch]      main       -> origin/main
2025-11-05T01:47:49.9740665Z ##[endgroup]
2025-11-05T01:47:49.9742502Z ##[group]Determining the checkout info
2025-11-05T01:47:49.9745007Z ##[endgroup]
2025-11-05T01:47:49.9746154Z [command]/usr/bin/git sparse-checkout disable
2025-11-05T01:47:49.9788551Z [command]/usr/bin/git config --local --unset-all extensions.worktreeConfig
2025-11-05T01:47:49.9817895Z ##[group]Checking out the ref
2025-11-05T01:47:49.9822969Z [command]/usr/bin/git checkout --progress --force -B main refs/remotes/origin/main
2025-11-05T01:47:50.3219927Z Switched to a new branch 'main'
2025-11-05T01:47:50.3221653Z branch 'main' set up to track 'origin/main'.
2025-11-05T01:47:50.3264884Z ##[endgroup]
2025-11-05T01:47:50.3308426Z [command]/usr/bin/git log -1 --format=%H
2025-11-05T01:47:50.3332636Z 9c7d8e30dd620147309669a00d9b7ca3cd10bcc8
2025-11-05T01:47:50.3567201Z ##[group]Run actions/setup-python@v6
2025-11-05T01:47:50.3567722Z with:
2025-11-05T01:47:50.3568093Z   check-latest: false
2025-11-05T01:47:50.3568656Z   token: ***
2025-11-05T01:47:50.3569054Z   update-environment: true
2025-11-05T01:47:50.3569504Z   allow-prereleases: false
2025-11-05T01:47:50.3569930Z   freethreaded: false
2025-11-05T01:47:50.3570313Z env:
2025-11-05T01:47:50.3570661Z   SKIP_CACHE: 
2025-11-05T01:47:50.3571032Z ##[endgroup]
2025-11-05T01:47:50.4814360Z [warning]Neither 'python-version' nor 'python-version-file' inputs were supplied. Attempting to find '.python-version' file.
2025-11-05T01:47:50.4815695Z [warning].python-version doesn't exist.
2025-11-05T01:47:50.4842041Z ##[warning]The `python-version` input is not set.  The version of Python currently in `PATH` will be used.
2025-11-05T01:47:50.4852493Z (node:2052) [DEP0040] DeprecationWarning: The `punycode` module is deprecated. Please use a userland alternative instead.
2025-11-05T01:47:50.4854454Z (Use `node --trace-deprecation ...` to show where the warning was created)
2025-11-05T01:47:50.4968894Z ##[group]Run version=$(python --version)
2025-11-05T01:47:50.4969523Z [36;1mversion=$(python --version)[0m
2025-11-05T01:47:50.4970086Z [36;1mecho "::notice::Using python version: $version"[0m
2025-11-05T01:47:50.4970780Z [36;1mpip install "pip<25.3" # Temporary pin to avoid issues with pip 25.3+[0m
2025-11-05T01:47:50.4971406Z [36;1mpip_version=$(pip --version)[0m
2025-11-05T01:47:50.4971993Z [36;1mecho "::notice::Using pip version: $pip_version"[0m
2025-11-05T01:47:50.4972534Z [36;1mpip install pip-tools[0m
2025-11-05T01:47:50.4973034Z [36;1mpip_compile_version=$(pip-compile --version)[0m
2025-11-05T01:47:50.4974073Z [36;1mecho "::notice::Using pip-compile version: $pip_compile_version"[0m
2025-11-05T01:47:50.5015036Z shell: /usr/bin/bash --noprofile --norc -e -o pipefail {0}
2025-11-05T01:47:50.5015655Z env:
2025-11-05T01:47:50.5016010Z   SKIP_CACHE: 
2025-11-05T01:47:50.5016371Z ##[endgroup]
2025-11-05T01:47:50.5107148Z ##[notice]Using python version: Python 3.12.3
2025-11-05T01:47:52.5387730Z Defaulting to user installation because normal site-packages is not writeable
2025-11-05T01:47:53.4144449Z Requirement already satisfied: pip<25.3 in /usr/lib/python3/dist-packages (24.0)
2025-11-05T01:47:54.0140863Z ##[notice]Using pip version: pip 24.0 from /usr/lib/python3/dist-packages/pip (python 3.12)
2025-11-05T01:47:54.2731021Z Defaulting to user installation because normal site-packages is not writeable
2025-11-05T01:47:54.5131042Z Collecting pip-tools
2025-11-05T01:47:54.5477920Z   Downloading pip_tools-7.5.1-py3-none-any.whl.metadata (26 kB)
2025-11-05T01:47:54.5876426Z Collecting build>=1.0.0 (from pip-tools)
2025-11-05T01:47:54.5923562Z   Downloading build-1.3.0-py3-none-any.whl.metadata (5.6 kB)
2025-11-05T01:47:54.5968941Z Requirement already satisfied: click>=8 in /usr/lib/python3/dist-packages (from pip-tools) (8.1.6)
2025-11-05T01:47:54.5982090Z Requirement already satisfied: pip>=22.2 in /usr/lib/python3/dist-packages (from pip-tools) (24.0)
2025-11-05T01:47:54.6119854Z Collecting pyproject_hooks (from pip-tools)
2025-11-05T01:47:54.6150339Z   Downloading pyproject_hooks-1.2.0-py3-none-any.whl.metadata (1.3 kB)
2025-11-05T01:47:54.6185243Z Requirement already satisfied: setuptools in /usr/lib/python3/dist-packages (from pip-tools) (68.1.2)
2025-11-05T01:47:54.6194755Z Requirement already satisfied: wheel in /usr/lib/python3/dist-packages (from pip-tools) (0.42.0)
2025-11-05T01:47:54.6335745Z Requirement already satisfied: packaging>=19.1 in /usr/lib/python3/dist-packages (from build>=1.0.0->pip-tools) (24.0)
2025-11-05T01:47:54.6455036Z Downloading pip_tools-7.5.1-py3-none-any.whl (65 kB)
2025-11-05T01:47:54.6528333Z    ━━━━━━━━━━━━━━━━━━━━━━━━━━━━━━━━━━━━━━━━ 65.3/65.3 kB 11.0 MB/s eta 0:00:00
2025-11-05T01:47:54.6561785Z Downloading build-1.3.0-py3-none-any.whl (23 kB)
2025-11-05T01:47:54.6613680Z Downloading pyproject_hooks-1.2.0-py3-none-any.whl (10 kB)
2025-11-05T01:47:54.9115951Z Installing collected packages: pyproject_hooks, build, pip-tools
2025-11-05T01:47:54.9764490Z Successfully installed build-1.3.0 pip-tools-7.5.1 pyproject_hooks-1.2.0
2025-11-05T01:47:55.4605567Z ##[notice]Using pip-compile version: pip-compile, version 7.5.1
2025-11-05T01:47:55.4657071Z ##[group]Run if [[ -n "" ]]; then
2025-11-05T01:47:55.4657385Z [36;1mif [[ -n "" ]]; then[0m
2025-11-05T01:47:55.4657739Z [36;1m  echo "Python cache disabled via 'GH_DEPENDENCY_SUBMISSION_SKIP_CACHE'"[0m
2025-11-05T01:47:55.4658336Z [36;1melse[0m
2025-11-05T01:47:55.4658753Z [36;1m  echo "Caching Python packages. Set 'GH_DEPENDENCY_SUBMISSION_SKIP_CACHE=true' to skip caching in future."[0m
2025-11-05T01:47:55.4659205Z [36;1mfi[0m
2025-11-05T01:47:55.4691315Z shell: /usr/bin/bash -e {0}
2025-11-05T01:47:55.4691545Z env:
2025-11-05T01:47:55.4691715Z   SKIP_CACHE: 
2025-11-05T01:47:55.4691891Z ##[endgroup]
2025-11-05T01:47:55.4742887Z Caching Python packages. Set 'GH_DEPENDENCY_SUBMISSION_SKIP_CACHE=true' to skip caching in future.
2025-11-05T01:47:55.6331641Z ##[group]Run actions/cache@0057852bfaa89a56745cba8c7296529d2fc39830
2025-11-05T01:47:55.6331994Z with:
2025-11-05T01:47:55.6332172Z   path: ~/.cache/pip
2025-11-05T01:47:55.6332551Z   key: Linux-pip-python-933f3af192ad631118b3e297ab52aaed5541608dfe715694932b3d37f62acea2
2025-11-05T01:47:55.6332978Z   restore-keys: Linux-python-

2025-11-05T01:47:55.6333217Z   enableCrossOsArchive: false
2025-11-05T01:47:55.6333767Z   fail-on-cache-miss: false
2025-11-05T01:47:55.6333999Z   lookup-only: false
2025-11-05T01:47:55.6334175Z   save-always: false
2025-11-05T01:47:55.6334343Z env:
2025-11-05T01:47:55.6334491Z   SKIP_CACHE: 
2025-11-05T01:47:55.6334657Z ##[endgroup]
2025-11-05T01:47:56.0944902Z Cache hit for: Linux-pip-python-933f3af192ad631118b3e297ab52aaed5541608dfe715694932b3d37f62acea2
2025-11-05T01:47:57.3289689Z Received 5373244 of 5373244 (100.0%), 5.5 MBs/sec
2025-11-05T01:47:57.3290575Z Cache Size: ~5 MB (5373244 B)
2025-11-05T01:47:57.3317380Z [command]/usr/bin/tar -xf /home/runner/work/_temp/f42f827c-3ee3-4c34-acb4-a85b127ad132/cache.tzst -P -C /home/runner/work/scratchattach/scratchattach --use-compress-program unzstd
2025-11-05T01:47:57.3601391Z Cache restored successfully
2025-11-05T01:47:57.3693825Z Cache restored from key: Linux-pip-python-933f3af192ad631118b3e297ab52aaed5541608dfe715694932b3d37f62acea2
2025-11-05T01:47:57.3778955Z ##[group]Run if pip-compile --dry-run -o requirements.out requirements.txt; then
2025-11-05T01:47:57.3779508Z [36;1mif pip-compile --dry-run -o requirements.out requirements.txt; then[0m
2025-11-05T01:47:57.3779925Z [36;1m  echo "::debug::Python validate no broken dependencies"[0m
2025-11-05T01:47:57.3780289Z [36;1m  echo "{valid-project}={true}" >> "$GITHUB_OUTPUT"[0m
2025-11-05T01:47:57.3780580Z [36;1melse[0m
2025-11-05T01:47:57.3780871Z [36;1m  echo "{valid-project}={false}" >> "$GITHUB_OUTPUT"[0m
2025-11-05T01:47:57.3781309Z [36;1m  echo "### :warning: Python validation failed in repository root" >> $GITHUB_STEP_SUMMARY[0m
2025-11-05T01:47:57.3782169Z [36;1m  echo "We were unable to validate a Python project in the repository root. If your repository requires additional setup steps, you may need to check in your own workflow." >> $GITHUB_STEP_SUMMARY[0m
2025-11-05T01:47:57.3782872Z [36;1m  echo "" >> $GITHUB_STEP_SUMMARY[0m
2025-11-05T01:47:57.3784018Z [36;1m  echo "For more information on submitting Python dependencies from your own workflow, refer to [the submission action](https://github.com/actions/component-detection-dependency-submission-action)" >> $GITHUB_STEP_SUMMARY[0m
2025-11-05T01:47:57.3784965Z [36;1m  echo "::warning::Python validation failed in the repository root."[0m
2025-11-05T01:47:57.3785298Z [36;1m  exit 1[0m
2025-11-05T01:47:57.3785475Z [36;1mfi[0m
2025-11-05T01:47:57.3816896Z shell: /usr/bin/bash -e {0}
2025-11-05T01:47:57.3817117Z env:
2025-11-05T01:47:57.3817285Z   SKIP_CACHE: 
2025-11-05T01:47:57.3817466Z ##[endgroup]
2025-11-05T01:47:57.9113909Z   ERROR: Ignored the following yanked versions: 0.9.98, 1.0.7, 1.1.8, 1.2.1, 1.2.2, 1.2.4, 1.2.8, 1.4.0, 1.4.1, 1.4.2, 1.4.3
2025-11-05T01:47:57.9117373Z   ERROR: Could not find a version that satisfies the requirement scratchattach==2.1.14 (from versions: 0.4.2, 0.4.3, 0.4.4, 0.4.5, 0.4.6, 0.4.7, 0.4.8, 0.4.9, 0.5.1, 0.5.3, 0.5.4, 0.5.5, 0.5.6, 0.5.7, 0.5.8, 0.5.9, 0.6.0, 0.6.1, 0.6.2, 0.6.3, 0.6.4, 0.6.5, 0.6.6, 0.6.7, 0.6.8, 0.6.9, 0.7.0, 0.7.1, 0.7.2, 0.7.4, 0.7.5, 0.7.6, 0.7.7, 0.7.8, 0.7.9, 0.8.0, 0.8.3, 0.8.4, 0.8.5, 0.8.6, 0.8.8, 0.8.9, 0.9.0, 0.9.1, 0.9.2, 0.9.3, 0.9.5, 0.9.6, 0.9.7, 0.9.8, 0.9.9, 0.9.91, 0.9.92, 0.9.93, 0.9.94, 0.9.95, 0.9.96, 0.9.97, 0.9.99, 1.0.1, 1.0.2, 1.0.3, 1.0.5, 1.0.6, 1.0.8, 1.0.9, 1.1.0, 1.1.1, 1.1.2, 1.1.3, 1.1.4, 1.1.5, 1.1.6, 1.2.5, 1.2.6, 1.2.7, 1.2.9, 1.3.0, 1.3.2, 1.3.3, 1.3.4, 1.3.5, 1.3.6, 1.3.7, 1.4.4, 1.4.5, 1.4.6, 1.4.7, 1.4.8, 1.4.9, 1.5.0, 1.5.1, 1.5.2, 1.5.3, 1.5.4, 1.5.5, 1.5.6, 1.5.7, 1.5.9, 1.6.0, 1.6.1, 1.6.2, 1.6.3, 1.6.4, 1.6.5, 1.6.6, 1.6.7, 1.6.8, 1.6.9, 1.7.0, 1.7.1, 1.7.2, 1.7.3, 1.7.4, 2.0.5, 2.0.6, 2.0.7, 2.0.8, 2.0.9, 2.1.2, 2.1.3, 2.1.4, 2.1.5, 2.1.6, 2.1.7, 2.1.8, 2.1.9, 2.1.10a0, 2.1.10a1, 2.1.10a2, 2.1.10a3, 2.1.10, 2.1.11, 2.1.12, 2.1.13)
2025-11-05T01:47:57.9402516Z Traceback (most recent call last):
2025-11-05T01:47:57.9408348Z   File "/usr/lib/python3/dist-packages/pip/_vendor/resolvelib/resolvers.py", line 397, in resolve
2025-11-05T01:47:57.9443093Z     self._add_to_criteria(self.state.criteria, r, parent=None)
2025-11-05T01:47:57.9444649Z   File "/usr/lib/python3/dist-packages/pip/_vendor/resolvelib/resolvers.py", line 174, in _add_to_criteria
2025-11-05T01:47:57.9445783Z     raise RequirementsConflicted(criterion)
2025-11-05T01:47:57.9446567Z pip._vendor.resolvelib.resolvers.RequirementsConflicted: Requirements conflict: SpecifierRequirement('scratchattach==2.1.14')
2025-11-05T01:47:57.9447224Z 
2025-11-05T01:47:57.9447462Z During handling of the above exception, another exception occurred:
2025-11-05T01:47:57.9447817Z 
2025-11-05T01:47:57.9447940Z Traceback (most recent call last):
2025-11-05T01:47:57.9448628Z   File "/usr/lib/python3/dist-packages/pip/_internal/resolution/resolvelib/resolver.py", line 95, in resolve
2025-11-05T01:47:57.9483512Z     result = self._result = resolver.resolve(
2025-11-05T01:47:57.9484069Z                             ^^^^^^^^^^^^^^^^^
2025-11-05T01:47:57.9484934Z   File "/usr/lib/python3/dist-packages/pip/_vendor/resolvelib/resolvers.py", line 546, in resolve
2025-11-05T01:47:57.9485882Z     state = resolution.resolve(requirements, max_rounds=max_rounds)
2025-11-05T01:47:57.9486273Z             ^^^^^^^^^^^^^^^^^^^^^^^^^^^^^^^^^^^^^^^^^^^^^^^^^^^^^^^
2025-11-05T01:47:57.9486822Z   File "/usr/lib/python3/dist-packages/pip/_vendor/resolvelib/resolvers.py", line 399, in resolve
2025-11-05T01:47:57.9487753Z     raise ResolutionImpossible(e.criterion.information)
2025-11-05T01:47:57.9488979Z pip._vendor.resolvelib.resolvers.ResolutionImpossible: [RequirementInformation(requirement=SpecifierRequirement('scratchattach==2.1.14'), parent=None)]
2025-11-05T01:47:57.9489819Z 
2025-11-05T01:47:57.9490028Z The above exception was the direct cause of the following exception:
2025-11-05T01:47:57.9490427Z 
2025-11-05T01:47:57.9490591Z Traceback (most recent call last):
2025-11-05T01:47:57.9491191Z   File "/home/runner/.local/bin/pip-compile", line 8, in <module>
2025-11-05T01:47:57.9491707Z     sys.exit(cli())
2025-11-05T01:47:57.9491921Z              ^^^^^
2025-11-05T01:47:57.9492285Z   File "/usr/lib/python3/dist-packages/click/core.py", line 1157, in __call__
2025-11-05T01:47:57.9850927Z     return self.main(*args, **kwargs)
2025-11-05T01:47:57.9851368Z            ^^^^^^^^^^^^^^^^^^^^^^^^^^
2025-11-05T01:47:57.9852044Z   File "/usr/lib/python3/dist-packages/click/core.py", line 1078, in main
2025-11-05T01:47:57.9853952Z     rv = self.invoke(ctx)
2025-11-05T01:47:57.9854398Z          ^^^^^^^^^^^^^^^^
2025-11-05T01:47:57.9854892Z   File "/usr/lib/python3/dist-packages/click/core.py", line 1434, in invoke
2025-11-05T01:47:57.9856673Z     return ctx.invoke(self.callback, **ctx.params)
2025-11-05T01:47:57.9857207Z            ^^^^^^^^^^^^^^^^^^^^^^^^^^^^^^^^^^^^^^^
2025-11-05T01:47:57.9857697Z   File "/usr/lib/python3/dist-packages/click/core.py", line 783, in invoke
2025-11-05T01:47:57.9858372Z     return __callback(*args, **kwargs)
2025-11-05T01:47:57.9858893Z            ^^^^^^^^^^^^^^^^^^^^^^^^^^^
2025-11-05T01:47:57.9859410Z   File "/usr/lib/python3/dist-packages/click/decorators.py", line 33, in new_func
2025-11-05T01:47:57.9896760Z     return f(get_current_context(), *args, **kwargs)
2025-11-05T01:47:57.9897636Z            ^^^^^^^^^^^^^^^^^^^^^^^^^^^^^^^^^^^^^^^^^
2025-11-05T01:47:57.9898716Z   File "/home/runner/.local/lib/python3.12/site-packages/piptools/scripts/compile.py", line 479, in cli
2025-11-05T01:47:57.9899553Z     results = resolver.resolve(max_rounds=max_rounds)
2025-11-05T01:47:57.9899893Z               ^^^^^^^^^^^^^^^^^^^^^^^^^^^^^^^^^^^^^^^
2025-11-05T01:47:57.9900613Z   File "/home/runner/.local/lib/python3.12/site-packages/piptools/resolver.py", line 635, in resolve
2025-11-05T01:47:57.9901581Z     is_resolved = self._do_resolve(
2025-11-05T01:47:57.9902066Z                   ^^^^^^^^^^^^^^^^^
2025-11-05T01:47:57.9902994Z   File "/home/runner/.local/lib/python3.12/site-packages/piptools/resolver.py", line 670, in _do_resolve
2025-11-05T01:47:57.9903988Z     resolver.resolve(
2025-11-05T01:47:57.9904790Z   File "/usr/lib/python3/dist-packages/pip/_internal/resolution/resolvelib/resolver.py", line 104, in resolve
2025-11-05T01:47:57.9905329Z     raise error from e
2025-11-05T01:47:57.9905776Z pip._internal.exceptions.DistributionNotFound: No matching distribution found for scratchattach==2.1.14
2025-11-05T01:47:58.0474222Z ##[warning]Python validation failed in the repository root.
2025-11-05T01:47:58.0478267Z ##[error]Process completed with exit code 1.
2025-11-05T01:47:58.0565505Z Post job cleanup.
2025-11-05T01:47:58.1325605Z [command]/usr/bin/git version
2025-11-05T01:47:58.1393547Z git version 2.51.2
2025-11-05T01:47:58.1430704Z Temporarily overriding HOME='/home/runner/work/_temp/22db13e8-ae98-4495-9886-2bdbce5f638d' before making global git config changes
2025-11-05T01:47:58.1432004Z Adding repository directory to the temporary git global config as a safe directory
2025-11-05T01:47:58.1437165Z [command]/usr/bin/git config --global --add safe.directory /home/runner/work/scratchattach/scratchattach
2025-11-05T01:47:58.1471979Z [command]/usr/bin/git config --local --name-only --get-regexp core\.sshCommand
2025-11-05T01:47:58.1503712Z [command]/usr/bin/git submodule foreach --recursive sh -c "git config --local --name-only --get-regexp 'core\.sshCommand' && git config --local --unset-all 'core.sshCommand' || :"
2025-11-05T01:47:58.1725271Z [command]/usr/bin/git config --local --name-only --get-regexp http\.https\:\/\/github\.com\/\.extraheader
2025-11-05T01:47:58.1746099Z http.https://github.com/.extraheader
2025-11-05T01:47:58.1757320Z [command]/usr/bin/git config --local --unset-all http.https://github.com/.extraheader
2025-11-05T01:47:58.1787405Z [command]/usr/bin/git submodule foreach --recursive sh -c "git config --local --name-only --get-regexp 'http\.https\:\/\/github\.com\/\.extraheader' && git config --local --unset-all 'http.https://github.com/.extraheader' || :"
2025-11-05T01:47:58.2111216Z Cleaning up orphan processes
