2025-09-17T02:55:48.5740363Z Current runner version: '2.328.0'
2025-09-17T02:55:48.5763641Z ##[group]Runner Image Provisioner
2025-09-17T02:55:48.5764465Z Hosted Compute Agent
2025-09-17T02:55:48.5764997Z Version: 20250829.383
2025-09-17T02:55:48.5765746Z Commit: 27cb235aab5b0e52e153a26cd86b4742e89dac5d
2025-09-17T02:55:48.5766466Z Build Date: 2025-08-29T13:48:48Z
2025-09-17T02:55:48.5767040Z ##[endgroup]
2025-09-17T02:55:48.5767723Z ##[group]Operating System
2025-09-17T02:55:48.5768292Z Ubuntu
2025-09-17T02:55:48.5768727Z 24.04.3
2025-09-17T02:55:48.5769244Z LTS
2025-09-17T02:55:48.5769682Z ##[endgroup]
2025-09-17T02:55:48.5770191Z ##[group]Runner Image
2025-09-17T02:55:48.5770825Z Image: ubuntu-24.04
2025-09-17T02:55:48.5771484Z Version: 20250907.24.1
2025-09-17T02:55:48.5772520Z Included Software: https://github.com/actions/runner-images/blob/ubuntu24/20250907.24/images/ubuntu/Ubuntu2404-Readme.md
2025-09-17T02:55:48.5774134Z Image Release: https://github.com/actions/runner-images/releases/tag/ubuntu24%2F20250907.24
2025-09-17T02:55:48.5775173Z ##[endgroup]
2025-09-17T02:55:48.5776268Z ##[group]GITHUB_TOKEN Permissions
2025-09-17T02:55:48.5778152Z Contents: write
2025-09-17T02:55:48.5778750Z Metadata: read
2025-09-17T02:55:48.5779285Z ##[endgroup]
2025-09-17T02:55:48.5781878Z Secret source: Actions
2025-09-17T02:55:48.5782991Z Prepare workflow directory
2025-09-17T02:55:48.6105806Z Prepare all required actions
2025-09-17T02:55:48.6160384Z Getting action download info
2025-09-17T02:55:49.0839339Z Download action repository 'actions/checkout@v5.0.0' (SHA:08c6903cd8c0fde910a37f88322edcfb5dd907a8)
2025-09-17T02:55:49.2738460Z Download action repository 'actions/setup-python@v6.0.0' (SHA:e797f83bcb11b83ae66e0230d6156d7c80228e7c)
2025-09-17T02:55:49.8657627Z Download action repository 'bossOfCode/install-scratchattach@v1.0.3' (SHA:be17a7cf1ecb5a7040eb42ef26c2e1fbe72bb25a)
2025-09-17T02:55:50.4621387Z Complete job name: Run Prioritzing Handler
2025-09-17T02:55:50.5394289Z ##[group]Run actions/checkout@v5.0.0
2025-09-17T02:55:50.5395648Z with:
2025-09-17T02:55:50.5396377Z   ref: main
2025-09-17T02:55:50.5397256Z   repository: Boss-1s/scratchattach
2025-09-17T02:55:50.5398643Z   token: ***
2025-09-17T02:55:50.5399424Z   ssh-strict: true
2025-09-17T02:55:50.5400200Z   ssh-user: git
2025-09-17T02:55:50.5400997Z   persist-credentials: true
2025-09-17T02:55:50.5402136Z   clean: true
2025-09-17T02:55:50.5402940Z   sparse-checkout-cone-mode: true
2025-09-17T02:55:50.5403951Z   fetch-depth: 1
2025-09-17T02:55:50.5404733Z   fetch-tags: false
2025-09-17T02:55:50.5405605Z   show-progress: true
2025-09-17T02:55:50.5406468Z   lfs: false
2025-09-17T02:55:50.5407231Z   submodules: false
2025-09-17T02:55:50.5408236Z   set-safe-directory: true
2025-09-17T02:55:50.5409482Z ##[endgroup]
2025-09-17T02:55:50.6369666Z Syncing repository: Boss-1s/scratchattach
2025-09-17T02:55:50.6372849Z ##[group]Getting Git version info
2025-09-17T02:55:50.6374416Z Working directory is '/home/runner/work/scratchattach/scratchattach'
2025-09-17T02:55:50.6376513Z [command]/usr/bin/git version
2025-09-17T02:55:50.6456307Z git version 2.51.0
2025-09-17T02:55:50.6480197Z ##[endgroup]
2025-09-17T02:55:50.6497219Z Temporarily overriding HOME='/home/runner/work/_temp/af8250b7-b902-4716-ad7c-0d0c03709ffe' before making global git config changes
2025-09-17T02:55:50.6502302Z Adding repository directory to the temporary git global config as a safe directory
2025-09-17T02:55:50.6506384Z [command]/usr/bin/git config --global --add safe.directory /home/runner/work/scratchattach/scratchattach
2025-09-17T02:55:50.6542385Z Deleting the contents of '/home/runner/work/scratchattach/scratchattach'
2025-09-17T02:55:50.6546895Z ##[group]Initializing the repository
2025-09-17T02:55:50.6552538Z [command]/usr/bin/git init /home/runner/work/scratchattach/scratchattach
2025-09-17T02:55:50.6664082Z hint: Using 'master' as the name for the initial branch. This default branch name
2025-09-17T02:55:50.6666332Z hint: is subject to change. To configure the initial branch name to use in all
2025-09-17T02:55:50.6668871Z hint: of your new repositories, which will suppress this warning, call:
2025-09-17T02:55:50.6671668Z hint:
2025-09-17T02:55:50.6673376Z hint: 	git config --global init.defaultBranch <name>
2025-09-17T02:55:50.6675436Z hint:
2025-09-17T02:55:50.6677355Z hint: Names commonly chosen instead of 'master' are 'main', 'trunk' and
2025-09-17T02:55:50.6680579Z hint: 'development'. The just-created branch can be renamed via this command:
2025-09-17T02:55:50.6683331Z hint:
2025-09-17T02:55:50.6684605Z hint: 	git branch -m <name>
2025-09-17T02:55:50.6686062Z hint:
2025-09-17T02:55:50.6687984Z hint: Disable this message with "git config set advice.defaultBranchName false"
2025-09-17T02:55:50.6690157Z Initialized empty Git repository in /home/runner/work/scratchattach/scratchattach/.git/
2025-09-17T02:55:50.6693658Z [command]/usr/bin/git remote add origin https://github.com/Boss-1s/scratchattach
2025-09-17T02:55:50.6731793Z ##[endgroup]
2025-09-17T02:55:50.6734381Z ##[group]Disabling automatic garbage collection
2025-09-17T02:55:50.6736686Z [command]/usr/bin/git config --local gc.auto 0
2025-09-17T02:55:50.6767337Z ##[endgroup]
2025-09-17T02:55:50.6769641Z ##[group]Setting up auth
2025-09-17T02:55:50.6772425Z [command]/usr/bin/git config --local --name-only --get-regexp core\.sshCommand
2025-09-17T02:55:50.6805947Z [command]/usr/bin/git submodule foreach --recursive sh -c "git config --local --name-only --get-regexp 'core\.sshCommand' && git config --local --unset-all 'core.sshCommand' || :"
2025-09-17T02:55:50.7133225Z [command]/usr/bin/git config --local --name-only --get-regexp http\.https\:\/\/github\.com\/\.extraheader
2025-09-17T02:55:50.7162693Z [command]/usr/bin/git submodule foreach --recursive sh -c "git config --local --name-only --get-regexp 'http\.https\:\/\/github\.com\/\.extraheader' && git config --local --unset-all 'http.https://github.com/.extraheader' || :"
2025-09-17T02:55:50.7380088Z [command]/usr/bin/git config --local http.https://github.com/.extraheader AUTHORIZATION: basic ***
2025-09-17T02:55:50.7413119Z ##[endgroup]
2025-09-17T02:55:50.7415596Z ##[group]Fetching the repository
2025-09-17T02:55:50.7424039Z [command]/usr/bin/git -c protocol.version=2 fetch --no-tags --prune --no-recurse-submodules --depth=1 origin +refs/heads/main*:refs/remotes/origin/main* +refs/tags/main*:refs/tags/main*
2025-09-17T02:55:51.5376869Z From https://github.com/Boss-1s/scratchattach
2025-09-17T02:55:51.5377795Z  * [new branch]      main       -> origin/main
2025-09-17T02:55:51.5406438Z ##[endgroup]
2025-09-17T02:55:51.5406934Z ##[group]Determining the checkout info
2025-09-17T02:55:51.5414762Z [command]/usr/bin/git branch --list --remote origin/main
2025-09-17T02:55:51.5437189Z   origin/main
2025-09-17T02:55:51.5441924Z ##[endgroup]
2025-09-17T02:55:51.5446118Z [command]/usr/bin/git sparse-checkout disable
2025-09-17T02:55:51.5484117Z [command]/usr/bin/git config --local --unset-all extensions.worktreeConfig
2025-09-17T02:55:51.5509291Z ##[group]Checking out the ref
2025-09-17T02:55:51.5514161Z [command]/usr/bin/git checkout --progress --force -B main refs/remotes/origin/main
2025-09-17T02:55:51.6570037Z Switched to a new branch 'main'
2025-09-17T02:55:51.6570774Z branch 'main' set up to track 'origin/main'.
2025-09-17T02:55:51.6587383Z ##[endgroup]
2025-09-17T02:55:51.6628125Z [command]/usr/bin/git log -1 --format=%H
2025-09-17T02:55:51.6649879Z 66cc82141c6fa439ec589052104d2377d5ec1533
2025-09-17T02:55:51.6869849Z ##[group]Run actions/setup-python@v6.0.0
2025-09-17T02:55:51.6870193Z with:
2025-09-17T02:55:51.6870429Z   python-version: 3.13
2025-09-17T02:55:51.6870690Z   check-latest: false
2025-09-17T02:55:51.6871329Z   token: ***
2025-09-17T02:55:51.6871656Z   update-environment: true
2025-09-17T02:55:51.6871940Z   allow-prereleases: false
2025-09-17T02:55:51.6872208Z   freethreaded: false
2025-09-17T02:55:51.6872451Z ##[endgroup]
2025-09-17T02:55:51.8132429Z ##[group]Installed versions
2025-09-17T02:55:51.8217098Z (node:2055) [DEP0040] DeprecationWarning: The `punycode` module is deprecated. Please use a userland alternative instead.
2025-09-17T02:55:51.8218332Z (Use `node --trace-deprecation ...` to show where the warning was created)
2025-09-17T02:55:51.8219179Z Successfully set up CPython (3.13.7)
2025-09-17T02:55:51.8220023Z ##[endgroup]
2025-09-17T02:55:51.8358125Z ##[group]Run bossOfCode/install-scratchattach@v1.0.3
2025-09-17T02:55:51.8358523Z env:
2025-09-17T02:55:51.8358828Z   pythonLocation: /opt/hostedtoolcache/Python/3.13.7/x64
2025-09-17T02:55:51.8359302Z   PKG_CONFIG_PATH: /opt/hostedtoolcache/Python/3.13.7/x64/lib/pkgconfig
2025-09-17T02:55:51.8359748Z   Python_ROOT_DIR: /opt/hostedtoolcache/Python/3.13.7/x64
2025-09-17T02:55:51.8360144Z   Python2_ROOT_DIR: /opt/hostedtoolcache/Python/3.13.7/x64
2025-09-17T02:55:51.8360550Z   Python3_ROOT_DIR: /opt/hostedtoolcache/Python/3.13.7/x64
2025-09-17T02:55:51.8360958Z   LD_LIBRARY_PATH: /opt/hostedtoolcache/Python/3.13.7/x64/lib
2025-09-17T02:55:51.8361666Z ##[endgroup]
2025-09-17T02:55:51.8442399Z ##[group]Run python3 -m pip install --upgrade pip
2025-09-17T02:55:51.8442887Z [36;1mpython3 -m pip install --upgrade pip[0m
2025-09-17T02:55:51.8625533Z shell: /usr/bin/bash --noprofile --norc -e -o pipefail {0}
2025-09-17T02:55:51.8625941Z env:
2025-09-17T02:55:51.8626289Z   pythonLocation: /opt/hostedtoolcache/Python/3.13.7/x64
2025-09-17T02:55:51.8626739Z   PKG_CONFIG_PATH: /opt/hostedtoolcache/Python/3.13.7/x64/lib/pkgconfig
2025-09-17T02:55:51.8627177Z   Python_ROOT_DIR: /opt/hostedtoolcache/Python/3.13.7/x64
2025-09-17T02:55:51.8627575Z   Python2_ROOT_DIR: /opt/hostedtoolcache/Python/3.13.7/x64
2025-09-17T02:55:51.8627985Z   Python3_ROOT_DIR: /opt/hostedtoolcache/Python/3.13.7/x64
2025-09-17T02:55:51.8628397Z   LD_LIBRARY_PATH: /opt/hostedtoolcache/Python/3.13.7/x64/lib
2025-09-17T02:55:51.8628738Z ##[endgroup]
2025-09-17T02:55:55.3169484Z Requirement already satisfied: pip in /opt/hostedtoolcache/Python/3.13.7/x64/lib/python3.13/site-packages (25.2)
2025-09-17T02:55:55.5315711Z ##[group]Run pip install -U scratchattach
2025-09-17T02:55:55.5316045Z [36;1mpip install -U scratchattach[0m
2025-09-17T02:55:55.5346158Z shell: /usr/bin/bash --noprofile --norc -e -o pipefail {0}
2025-09-17T02:55:55.5346475Z env:
2025-09-17T02:55:55.5346723Z   pythonLocation: /opt/hostedtoolcache/Python/3.13.7/x64
2025-09-17T02:55:55.5347123Z   PKG_CONFIG_PATH: /opt/hostedtoolcache/Python/3.13.7/x64/lib/pkgconfig
2025-09-17T02:55:55.5347511Z   Python_ROOT_DIR: /opt/hostedtoolcache/Python/3.13.7/x64
2025-09-17T02:55:55.5347842Z   Python2_ROOT_DIR: /opt/hostedtoolcache/Python/3.13.7/x64
2025-09-17T02:55:55.5348180Z   Python3_ROOT_DIR: /opt/hostedtoolcache/Python/3.13.7/x64
2025-09-17T02:55:55.5348522Z   LD_LIBRARY_PATH: /opt/hostedtoolcache/Python/3.13.7/x64/lib
2025-09-17T02:55:55.5348803Z ##[endgroup]
2025-09-17T02:55:56.1600451Z Collecting scratchattach
2025-09-17T02:55:56.1980371Z   Downloading scratchattach-2.1.13-py3-none-any.whl.metadata (5.5 kB)
2025-09-17T02:55:56.2602359Z Collecting websocket-client (from scratchattach)
2025-09-17T02:55:56.2668138Z   Downloading websocket_client-1.8.0-py3-none-any.whl.metadata (8.0 kB)
2025-09-17T02:55:56.3152488Z Collecting requests (from scratchattach)
2025-09-17T02:55:56.3199144Z   Downloading requests-2.32.5-py3-none-any.whl.metadata (4.9 kB)
2025-09-17T02:55:56.3396695Z Collecting bs4 (from scratchattach)
2025-09-17T02:55:56.3436724Z   Downloading bs4-0.0.2-py2.py3-none-any.whl.metadata (411 bytes)
2025-09-17T02:55:56.3688246Z Collecting SimpleWebSocketServer (from scratchattach)
2025-09-17T02:55:56.3740603Z   Downloading SimpleWebSocketServer-0.1.2.tar.gz (10 kB)
2025-09-17T02:55:56.3818815Z   Installing build dependencies: started
2025-09-17T02:55:57.1591557Z   Installing build dependencies: finished with status 'done'
2025-09-17T02:55:57.1598120Z   Getting requirements to build wheel: started
2025-09-17T02:55:57.6045508Z   Getting requirements to build wheel: finished with status 'done'
2025-09-17T02:55:57.6054150Z   Preparing metadata (pyproject.toml): started
2025-09-17T02:55:57.8434642Z   Preparing metadata (pyproject.toml): finished with status 'done'
2025-09-17T02:55:57.8605368Z Collecting typing-extensions (from scratchattach)
2025-09-17T02:55:57.8636192Z   Downloading typing_extensions-4.15.0-py3-none-any.whl.metadata (3.3 kB)
2025-09-17T02:55:57.8815561Z Collecting beautifulsoup4 (from bs4->scratchattach)
2025-09-17T02:55:57.8856609Z   Downloading beautifulsoup4-4.13.5-py3-none-any.whl.metadata (3.8 kB)
2025-09-17T02:55:57.9047326Z Collecting soupsieve>1.2 (from beautifulsoup4->bs4->scratchattach)
2025-09-17T02:55:57.9078125Z   Downloading soupsieve-2.8-py3-none-any.whl.metadata (4.6 kB)
2025-09-17T02:55:58.0001556Z Collecting charset_normalizer<4,>=2 (from requests->scratchattach)
2025-09-17T02:55:58.0049486Z   Downloading charset_normalizer-3.4.3-cp313-cp313-manylinux2014_x86_64.manylinux_2_17_x86_64.manylinux_2_28_x86_64.whl.metadata (36 kB)
2025-09-17T02:55:58.0240280Z Collecting idna<4,>=2.5 (from requests->scratchattach)
2025-09-17T02:55:58.0278757Z   Downloading idna-3.10-py3-none-any.whl.metadata (10 kB)
2025-09-17T02:55:58.0599350Z Collecting urllib3<3,>=1.21.1 (from requests->scratchattach)
2025-09-17T02:55:58.0639356Z   Downloading urllib3-2.5.0-py3-none-any.whl.metadata (6.5 kB)
2025-09-17T02:55:58.0978573Z Collecting certifi>=2017.4.17 (from requests->scratchattach)
2025-09-17T02:55:58.1024345Z   Downloading certifi-2025.8.3-py3-none-any.whl.metadata (2.4 kB)
2025-09-17T02:55:58.1156461Z Downloading scratchattach-2.1.13-py3-none-any.whl (141 kB)
2025-09-17T02:55:58.1228624Z Downloading bs4-0.0.2-py2.py3-none-any.whl (1.2 kB)
2025-09-17T02:55:58.1283061Z Downloading beautifulsoup4-4.13.5-py3-none-any.whl (105 kB)
2025-09-17T02:55:58.1338053Z Downloading soupsieve-2.8-py3-none-any.whl (36 kB)
2025-09-17T02:55:58.1398848Z Downloading typing_extensions-4.15.0-py3-none-any.whl (44 kB)
2025-09-17T02:55:58.1449770Z Downloading requests-2.32.5-py3-none-any.whl (64 kB)
2025-09-17T02:55:58.1516716Z Downloading charset_normalizer-3.4.3-cp313-cp313-manylinux2014_x86_64.manylinux_2_17_x86_64.manylinux_2_28_x86_64.whl (151 kB)
2025-09-17T02:55:58.1609153Z Downloading idna-3.10-py3-none-any.whl (70 kB)
2025-09-17T02:55:58.1664039Z Downloading urllib3-2.5.0-py3-none-any.whl (129 kB)
2025-09-17T02:55:58.1753752Z Downloading certifi-2025.8.3-py3-none-any.whl (161 kB)
2025-09-17T02:55:58.1825508Z Downloading websocket_client-1.8.0-py3-none-any.whl (58 kB)
2025-09-17T02:55:58.1967795Z Building wheels for collected packages: SimpleWebSocketServer
2025-09-17T02:55:58.1976100Z   Building wheel for SimpleWebSocketServer (pyproject.toml): started
2025-09-17T02:55:58.4249065Z   Building wheel for SimpleWebSocketServer (pyproject.toml): finished with status 'done'
2025-09-17T02:55:58.4255756Z   Created wheel for SimpleWebSocketServer: filename=simplewebsocketserver-0.1.2-py3-none-any.whl size=9715 sha256=5850f00f07e7039961e492857a2e35c3d2ad10f5b43cc96d8a342ec51ee26b19
2025-09-17T02:55:58.4257980Z   Stored in directory: /home/runner/.cache/pip/wheels/c4/5b/e8/4f2c15a82edc4923058056f6681373168be02a0c00389a6dcf
2025-09-17T02:55:58.4276089Z Successfully built SimpleWebSocketServer
2025-09-17T02:55:58.4468041Z Installing collected packages: SimpleWebSocketServer, websocket-client, urllib3, typing-extensions, soupsieve, idna, charset_normalizer, certifi, requests, beautifulsoup4, bs4, scratchattach
2025-09-17T02:55:59.0165181Z 
2025-09-17T02:55:59.0188635Z Successfully installed SimpleWebSocketServer-0.1.2 beautifulsoup4-4.13.5 bs4-0.0.2 certifi-2025.8.3 charset_normalizer-3.4.3 idna-3.10 requests-2.32.5 scratchattach-2.1.13 soupsieve-2.8 typing-extensions-4.15.0 urllib3-2.5.0 websocket-client-1.8.0
2025-09-17T02:55:59.0982415Z ##[group]Run actions/checkout@v5.0.0
2025-09-17T02:55:59.0982678Z with:
2025-09-17T02:55:59.0982847Z   ref: main
2025-09-17T02:55:59.0983039Z   repository: Boss-1s/scratchattach
2025-09-17T02:55:59.0983399Z   token: ***
2025-09-17T02:55:59.0983583Z   ssh-strict: true
2025-09-17T02:55:59.0983755Z   ssh-user: git
2025-09-17T02:55:59.0983949Z   persist-credentials: true
2025-09-17T02:55:59.0984161Z   clean: true
2025-09-17T02:55:59.0984347Z   sparse-checkout-cone-mode: true
2025-09-17T02:55:59.0984756Z   fetch-depth: 1
2025-09-17T02:55:59.0984930Z   fetch-tags: false
2025-09-17T02:55:59.0985117Z   show-progress: true
2025-09-17T02:55:59.0985299Z   lfs: false
2025-09-17T02:55:59.0985458Z   submodules: false
2025-09-17T02:55:59.0985646Z   set-safe-directory: true
2025-09-17T02:55:59.0985841Z env:
2025-09-17T02:55:59.0986063Z   pythonLocation: /opt/hostedtoolcache/Python/3.13.7/x64
2025-09-17T02:55:59.0986457Z   PKG_CONFIG_PATH: /opt/hostedtoolcache/Python/3.13.7/x64/lib/pkgconfig
2025-09-17T02:55:59.0986860Z   Python_ROOT_DIR: /opt/hostedtoolcache/Python/3.13.7/x64
2025-09-17T02:55:59.0987198Z   Python2_ROOT_DIR: /opt/hostedtoolcache/Python/3.13.7/x64
2025-09-17T02:55:59.0987527Z   Python3_ROOT_DIR: /opt/hostedtoolcache/Python/3.13.7/x64
2025-09-17T02:55:59.0987867Z   LD_LIBRARY_PATH: /opt/hostedtoolcache/Python/3.13.7/x64/lib
2025-09-17T02:55:59.0988143Z ##[endgroup]
2025-09-17T02:55:59.1737338Z Syncing repository: Boss-1s/scratchattach
2025-09-17T02:55:59.1738585Z ##[group]Getting Git version info
2025-09-17T02:55:59.1739129Z Working directory is '/home/runner/work/scratchattach/scratchattach'
2025-09-17T02:55:59.1774830Z [command]/usr/bin/git version
2025-09-17T02:55:59.1810379Z git version 2.51.0
2025-09-17T02:55:59.1830639Z ##[endgroup]
2025-09-17T02:55:59.1843556Z Temporarily overriding HOME='/home/runner/work/_temp/6b982257-447b-4cf8-8cb4-87d9c6f121d8' before making global git config changes
2025-09-17T02:55:59.1844415Z Adding repository directory to the temporary git global config as a safe directory
2025-09-17T02:55:59.1848449Z [command]/usr/bin/git config --global --add safe.directory /home/runner/work/scratchattach/scratchattach
2025-09-17T02:55:59.1884184Z [command]/usr/bin/git config --local --get remote.origin.url
2025-09-17T02:55:59.1904674Z https://github.com/Boss-1s/scratchattach
2025-09-17T02:55:59.1917076Z ##[group]Removing previously created refs, to avoid conflicts
2025-09-17T02:55:59.1920774Z [command]/usr/bin/git rev-parse --symbolic-full-name --verify --quiet HEAD
2025-09-17T02:55:59.1941224Z refs/heads/main
2025-09-17T02:55:59.1950329Z [command]/usr/bin/git checkout --detach
2025-09-17T02:55:59.2842077Z HEAD is now at 66cc821 [BOT] Download Logs
2025-09-17T02:55:59.2887580Z [command]/usr/bin/git branch --delete --force main
2025-09-17T02:55:59.2913106Z Deleted branch main (was 66cc821).
2025-09-17T02:55:59.2953428Z ##[endgroup]
2025-09-17T02:55:59.2958350Z [command]/usr/bin/git submodule status
2025-09-17T02:55:59.3201520Z ##[group]Cleaning the repository
2025-09-17T02:55:59.3206500Z [command]/usr/bin/git clean -ffdx
2025-09-17T02:55:59.3247350Z [command]/usr/bin/git reset --hard HEAD
2025-09-17T02:55:59.3293867Z HEAD is now at 66cc821 [BOT] Download Logs
2025-09-17T02:55:59.3301509Z ##[endgroup]
2025-09-17T02:55:59.3302787Z ##[group]Disabling automatic garbage collection
2025-09-17T02:55:59.3307721Z [command]/usr/bin/git config --local gc.auto 0
2025-09-17T02:55:59.3336522Z ##[endgroup]
2025-09-17T02:55:59.3337220Z ##[group]Setting up auth
2025-09-17T02:55:59.3347253Z [command]/usr/bin/git config --local --name-only --get-regexp core\.sshCommand
2025-09-17T02:55:59.3381600Z [command]/usr/bin/git submodule foreach --recursive sh -c "git config --local --name-only --get-regexp 'core\.sshCommand' && git config --local --unset-all 'core.sshCommand' || :"
2025-09-17T02:55:59.3624620Z [command]/usr/bin/git config --local --name-only --get-regexp http\.https\:\/\/github\.com\/\.extraheader
2025-09-17T02:55:59.3647764Z http.https://github.com/.extraheader
2025-09-17T02:55:59.3659459Z [command]/usr/bin/git config --local --unset-all http.https://github.com/.extraheader
2025-09-17T02:55:59.3693499Z [command]/usr/bin/git submodule foreach --recursive sh -c "git config --local --name-only --get-regexp 'http\.https\:\/\/github\.com\/\.extraheader' && git config --local --unset-all 'http.https://github.com/.extraheader' || :"
2025-09-17T02:55:59.3935347Z [command]/usr/bin/git config --local http.https://github.com/.extraheader AUTHORIZATION: basic ***
2025-09-17T02:55:59.3979370Z ##[endgroup]
2025-09-17T02:55:59.3980198Z ##[group]Fetching the repository
2025-09-17T02:55:59.3991518Z [command]/usr/bin/git -c protocol.version=2 fetch --no-tags --prune --no-recurse-submodules --depth=1 origin +refs/heads/main*:refs/remotes/origin/main* +refs/tags/main*:refs/tags/main*
2025-09-17T02:55:59.9070420Z ##[endgroup]
2025-09-17T02:55:59.9071239Z ##[group]Determining the checkout info
2025-09-17T02:55:59.9078108Z [command]/usr/bin/git branch --list --remote origin/main
2025-09-17T02:55:59.9102227Z   origin/main
2025-09-17T02:55:59.9106889Z ##[endgroup]
2025-09-17T02:55:59.9111516Z [command]/usr/bin/git sparse-checkout disable
2025-09-17T02:55:59.9153251Z [command]/usr/bin/git config --local --unset-all extensions.worktreeConfig
2025-09-17T02:55:59.9180924Z ##[group]Checking out the ref
2025-09-17T02:55:59.9185816Z [command]/usr/bin/git checkout --progress --force -B main refs/remotes/origin/main
2025-09-17T02:55:59.9234978Z Switched to a new branch 'main'
2025-09-17T02:55:59.9237876Z branch 'main' set up to track 'origin/main'.
2025-09-17T02:55:59.9244611Z ##[endgroup]
2025-09-17T02:55:59.9284443Z [command]/usr/bin/git log -1 --format=%H
2025-09-17T02:55:59.9314614Z 66cc82141c6fa439ec589052104d2377d5ec1533
2025-09-17T02:55:59.9448945Z ##[group]Run python3 aesthetic_prioritizing.py
2025-09-17T02:55:59.9449296Z [36;1mpython3 aesthetic_prioritizing.py[0m
2025-09-17T02:55:59.9479699Z shell: /usr/bin/bash -e {0}
2025-09-17T02:55:59.9479917Z env:
2025-09-17T02:55:59.9480161Z   pythonLocation: /opt/hostedtoolcache/Python/3.13.7/x64
2025-09-17T02:55:59.9480572Z   PKG_CONFIG_PATH: /opt/hostedtoolcache/Python/3.13.7/x64/lib/pkgconfig
2025-09-17T02:55:59.9480973Z   Python_ROOT_DIR: /opt/hostedtoolcache/Python/3.13.7/x64
2025-09-17T02:55:59.9481549Z   Python2_ROOT_DIR: /opt/hostedtoolcache/Python/3.13.7/x64
2025-09-17T02:55:59.9481887Z   Python3_ROOT_DIR: /opt/hostedtoolcache/Python/3.13.7/x64
2025-09-17T02:55:59.9482234Z   LD_LIBRARY_PATH: /opt/hostedtoolcache/Python/3.13.7/x64/lib
2025-09-17T02:55:59.9482639Z   PASS: ***
2025-09-17T02:55:59.9482807Z ##[endgroup]
2025-09-17T03:08:56.8485670Z Prioritizing: Attempt 1
2025-09-17T03:08:56.8486203Z Unfavorited project 1193158560
2025-09-17T03:08:56.8486769Z Favorited project 1193158560 to move it to the top
2025-09-17T03:08:56.8487305Z Unfavorited project 1193158559
2025-09-17T03:08:56.8487773Z Favorited project 1193158559 to move it to the top
2025-09-17T03:08:56.8488277Z Unfavorited project 1193158558
2025-09-17T03:08:56.8488741Z Favorited project 1193158558 to move it to the top
2025-09-17T03:08:56.8489263Z Unfavorited project 1193158567
2025-09-17T03:08:56.8489663Z Favorited project 1193158567 to move it to the top
2025-09-17T03:08:56.8490054Z Unfavorited project 1193158568
2025-09-17T03:08:56.8490409Z Favorited project 1193158568 to move it to the top
2025-09-17T03:08:56.8490844Z Prioritized projects in your favorite list.
2025-09-17T03:08:56.8491467Z Prioritizing: Attempt 1
2025-09-17T03:08:56.8491775Z Unfollowed stuido 50609120
2025-09-17T03:08:56.8492123Z Followed studio 50609120 to move it to the top
2025-09-17T03:08:56.8492520Z Unfollowed stuido 50609126
2025-09-17T03:08:56.8492849Z Followed studio 50609126 to move it to the top
2025-09-17T03:08:56.8493221Z Unfollowed stuido 50609128
2025-09-17T03:08:56.8493550Z Followed studio 50609128 to move it to the top
2025-09-17T03:08:56.8493967Z Unfollowed stuido 50609129
2025-09-17T03:08:56.8494288Z Followed studio 50609129 to move it to the top
2025-09-17T03:08:56.8494682Z Prioritized studios in your favorite list.
2025-09-17T03:08:56.8790412Z Post job cleanup.
2025-09-17T03:08:56.9569058Z [command]/usr/bin/git version
2025-09-17T03:08:56.9605322Z git version 2.51.0
2025-09-17T03:08:56.9641015Z Temporarily overriding HOME='/home/runner/work/_temp/19373fd7-3ef5-468a-b0cc-f839de424add' before making global git config changes
2025-09-17T03:08:56.9642261Z Adding repository directory to the temporary git global config as a safe directory
2025-09-17T03:08:56.9646610Z [command]/usr/bin/git config --global --add safe.directory /home/runner/work/scratchattach/scratchattach
2025-09-17T03:08:56.9682180Z [command]/usr/bin/git config --local --name-only --get-regexp core\.sshCommand
2025-09-17T03:08:56.9714675Z [command]/usr/bin/git submodule foreach --recursive sh -c "git config --local --name-only --get-regexp 'core\.sshCommand' && git config --local --unset-all 'core.sshCommand' || :"
2025-09-17T03:08:56.9967249Z [command]/usr/bin/git config --local --name-only --get-regexp http\.https\:\/\/github\.com\/\.extraheader
2025-09-17T03:08:56.9989463Z http.https://github.com/.extraheader
2025-09-17T03:08:56.9999027Z [command]/usr/bin/git config --local --unset-all http.https://github.com/.extraheader
2025-09-17T03:08:57.0031020Z [command]/usr/bin/git submodule foreach --recursive sh -c "git config --local --name-only --get-regexp 'http\.https\:\/\/github\.com\/\.extraheader' && git config --local --unset-all 'http.https://github.com/.extraheader' || :"
2025-09-17T03:08:57.0357733Z Post job cleanup.
2025-09-17T03:08:57.1974238Z (node:2493) [DEP0040] DeprecationWarning: The `punycode` module is deprecated. Please use a userland alternative instead.
2025-09-17T03:08:57.1975402Z (Use `node --trace-deprecation ...` to show where the warning was created)
2025-09-17T03:08:57.2123182Z Post job cleanup.
2025-09-17T03:08:57.2942185Z [command]/usr/bin/git version
2025-09-17T03:08:57.2991005Z git version 2.51.0
2025-09-17T03:08:57.3040975Z Temporarily overriding HOME='/home/runner/work/_temp/6a6e3940-833d-433f-be43-6b930066c5a2' before making global git config changes
2025-09-17T03:08:57.3042434Z Adding repository directory to the temporary git global config as a safe directory
2025-09-17T03:08:57.3049050Z [command]/usr/bin/git config --global --add safe.directory /home/runner/work/scratchattach/scratchattach
2025-09-17T03:08:57.3090327Z [command]/usr/bin/git config --local --name-only --get-regexp core\.sshCommand
2025-09-17T03:08:57.3128527Z [command]/usr/bin/git submodule foreach --recursive sh -c "git config --local --name-only --get-regexp 'core\.sshCommand' && git config --local --unset-all 'core.sshCommand' || :"
2025-09-17T03:08:57.3354454Z [command]/usr/bin/git config --local --name-only --get-regexp http\.https\:\/\/github\.com\/\.extraheader
2025-09-17T03:08:57.3384819Z [command]/usr/bin/git submodule foreach --recursive sh -c "git config --local --name-only --get-regexp 'http\.https\:\/\/github\.com\/\.extraheader' && git config --local --unset-all 'http.https://github.com/.extraheader' || :"
2025-09-17T03:08:57.3711477Z Cleaning up orphan processes
