2025-11-07T18:58:49.9524892Z Current runner version: '2.329.0'
2025-11-07T18:58:49.9550645Z ##[group]Runner Image Provisioner
2025-11-07T18:58:49.9551438Z Hosted Compute Agent
2025-11-07T18:58:49.9552069Z Version: 20251016.436
2025-11-07T18:58:49.9552697Z Commit: 8ab8ac8bfd662a3739dab9fe09456aba92132568
2025-11-07T18:58:49.9553349Z Build Date: 2025-10-15T20:44:12Z
2025-11-07T18:58:49.9553987Z ##[endgroup]
2025-11-07T18:58:49.9554539Z ##[group]Operating System
2025-11-07T18:58:49.9555099Z Ubuntu
2025-11-07T18:58:49.9555610Z 24.04.3
2025-11-07T18:58:49.9556041Z LTS
2025-11-07T18:58:49.9556491Z ##[endgroup]
2025-11-07T18:58:49.9557011Z ##[group]Runner Image
2025-11-07T18:58:49.9557571Z Image: ubuntu-24.04
2025-11-07T18:58:49.9558284Z Version: 20251102.99.1
2025-11-07T18:58:49.9559323Z Included Software: https://github.com/actions/runner-images/blob/ubuntu24/20251102.99/images/ubuntu/Ubuntu2404-Readme.md
2025-11-07T18:58:49.9560880Z Image Release: https://github.com/actions/runner-images/releases/tag/ubuntu24%2F20251102.99
2025-11-07T18:58:49.9561906Z ##[endgroup]
2025-11-07T18:58:49.9564304Z ##[group]GITHUB_TOKEN Permissions
2025-11-07T18:58:49.9566388Z Actions: write
2025-11-07T18:58:49.9566957Z Attestations: write
2025-11-07T18:58:49.9567481Z Checks: write
2025-11-07T18:58:49.9568138Z Contents: write
2025-11-07T18:58:49.9568784Z Deployments: write
2025-11-07T18:58:49.9569295Z Discussions: write
2025-11-07T18:58:49.9569738Z Issues: write
2025-11-07T18:58:49.9570294Z Metadata: read
2025-11-07T18:58:49.9570780Z Models: read
2025-11-07T18:58:49.9571259Z Packages: write
2025-11-07T18:58:49.9571828Z Pages: write
2025-11-07T18:58:49.9572286Z PullRequests: write
2025-11-07T18:58:49.9572803Z RepositoryProjects: write
2025-11-07T18:58:49.9573432Z SecurityEvents: write
2025-11-07T18:58:49.9574056Z Statuses: write
2025-11-07T18:58:49.9574541Z ##[endgroup]
2025-11-07T18:58:49.9577104Z Secret source: Actions
2025-11-07T18:58:49.9578402Z Prepare workflow directory
2025-11-07T18:58:49.9925220Z Prepare all required actions
2025-11-07T18:58:49.9964924Z Getting action download info
2025-11-07T18:58:50.4689392Z Download action repository 'actions/checkout@v5.0.0' (SHA:08c6903cd8c0fde910a37f88322edcfb5dd907a8)
2025-11-07T18:58:50.6551527Z Download action repository 'actions/setup-python@v6.0.0' (SHA:e797f83bcb11b83ae66e0230d6156d7c80228e7c)
2025-11-07T18:58:50.7806840Z Download action repository 'bossOfCode/install-scratchattach@v1.0.3' (SHA:be17a7cf1ecb5a7040eb42ef26c2e1fbe72bb25a)
2025-11-07T18:58:51.3642254Z Complete job name: Run 1
2025-11-07T18:58:51.4384445Z ##[group]Run actions/checkout@v5.0.0
2025-11-07T18:58:51.4385390Z with:
2025-11-07T18:58:51.4385812Z   ref: main
2025-11-07T18:58:51.4386262Z   repository: Boss-1s/scratchattach
2025-11-07T18:58:51.4386996Z   token: ***
2025-11-07T18:58:51.4387420Z   ssh-strict: true
2025-11-07T18:58:51.4388039Z   ssh-user: git
2025-11-07T18:58:51.4388476Z   persist-credentials: true
2025-11-07T18:58:51.4388986Z   clean: true
2025-11-07T18:58:51.4389422Z   sparse-checkout-cone-mode: true
2025-11-07T18:58:51.4389947Z   fetch-depth: 1
2025-11-07T18:58:51.4390402Z   fetch-tags: false
2025-11-07T18:58:51.4390850Z   show-progress: true
2025-11-07T18:58:51.4391324Z   lfs: false
2025-11-07T18:58:51.4391738Z   submodules: false
2025-11-07T18:58:51.4392178Z   set-safe-directory: true
2025-11-07T18:58:51.4392940Z ##[endgroup]
2025-11-07T18:58:51.5351581Z Syncing repository: Boss-1s/scratchattach
2025-11-07T18:58:51.5354223Z ##[group]Getting Git version info
2025-11-07T18:58:51.5355211Z Working directory is '/home/runner/work/scratchattach/scratchattach'
2025-11-07T18:58:51.5356310Z [command]/usr/bin/git version
2025-11-07T18:58:51.5419672Z git version 2.51.2
2025-11-07T18:58:51.5474133Z ##[endgroup]
2025-11-07T18:58:51.5490084Z Temporarily overriding HOME='/home/runner/work/_temp/79c76baa-690f-4469-aede-7e0ac557b71d' before making global git config changes
2025-11-07T18:58:51.5492712Z Adding repository directory to the temporary git global config as a safe directory
2025-11-07T18:58:51.5495202Z [command]/usr/bin/git config --global --add safe.directory /home/runner/work/scratchattach/scratchattach
2025-11-07T18:58:51.5537358Z Deleting the contents of '/home/runner/work/scratchattach/scratchattach'
2025-11-07T18:58:51.5541499Z ##[group]Initializing the repository
2025-11-07T18:58:51.5546778Z [command]/usr/bin/git init /home/runner/work/scratchattach/scratchattach
2025-11-07T18:58:51.5651022Z hint: Using 'master' as the name for the initial branch. This default branch name
2025-11-07T18:58:51.5652554Z hint: is subject to change. To configure the initial branch name to use in all
2025-11-07T18:58:51.5654109Z hint: of your new repositories, which will suppress this warning, call:
2025-11-07T18:58:51.5655753Z hint:
2025-11-07T18:58:51.5656866Z hint: 	git config --global init.defaultBranch <name>
2025-11-07T18:58:51.5658315Z hint:
2025-11-07T18:58:51.5659798Z hint: Names commonly chosen instead of 'master' are 'main', 'trunk' and
2025-11-07T18:58:51.5661432Z hint: 'development'. The just-created branch can be renamed via this command:
2025-11-07T18:58:51.5662461Z hint:
2025-11-07T18:58:51.5662989Z hint: 	git branch -m <name>
2025-11-07T18:58:51.5663589Z hint:
2025-11-07T18:58:51.5664546Z hint: Disable this message with "git config set advice.defaultBranchName false"
2025-11-07T18:58:51.5666957Z Initialized empty Git repository in /home/runner/work/scratchattach/scratchattach/.git/
2025-11-07T18:58:51.5670208Z [command]/usr/bin/git remote add origin https://github.com/Boss-1s/scratchattach
2025-11-07T18:58:51.5704745Z ##[endgroup]
2025-11-07T18:58:51.5706025Z ##[group]Disabling automatic garbage collection
2025-11-07T18:58:51.5708446Z [command]/usr/bin/git config --local gc.auto 0
2025-11-07T18:58:51.5737761Z ##[endgroup]
2025-11-07T18:58:51.5738948Z ##[group]Setting up auth
2025-11-07T18:58:51.5743970Z [command]/usr/bin/git config --local --name-only --get-regexp core\.sshCommand
2025-11-07T18:58:51.5775636Z [command]/usr/bin/git submodule foreach --recursive sh -c "git config --local --name-only --get-regexp 'core\.sshCommand' && git config --local --unset-all 'core.sshCommand' || :"
2025-11-07T18:58:51.6253579Z [command]/usr/bin/git config --local --name-only --get-regexp http\.https\:\/\/github\.com\/\.extraheader
2025-11-07T18:58:51.6286656Z [command]/usr/bin/git submodule foreach --recursive sh -c "git config --local --name-only --get-regexp 'http\.https\:\/\/github\.com\/\.extraheader' && git config --local --unset-all 'http.https://github.com/.extraheader' || :"
2025-11-07T18:58:51.6520099Z [command]/usr/bin/git config --local http.https://github.com/.extraheader AUTHORIZATION: basic ***
2025-11-07T18:58:51.6556528Z ##[endgroup]
2025-11-07T18:58:51.6558262Z ##[group]Fetching the repository
2025-11-07T18:58:51.6567363Z [command]/usr/bin/git -c protocol.version=2 fetch --no-tags --prune --no-recurse-submodules --depth=1 origin +refs/heads/main*:refs/remotes/origin/main* +refs/tags/main*:refs/tags/main*
2025-11-07T18:58:52.8948370Z From https://github.com/Boss-1s/scratchattach
2025-11-07T18:58:52.8950423Z  * [new branch]      main       -> origin/main
2025-11-07T18:58:52.9028832Z ##[endgroup]
2025-11-07T18:58:52.9031227Z ##[group]Determining the checkout info
2025-11-07T18:58:52.9036768Z [command]/usr/bin/git branch --list --remote origin/main
2025-11-07T18:58:52.9061454Z   origin/main
2025-11-07T18:58:52.9066482Z ##[endgroup]
2025-11-07T18:58:52.9071137Z [command]/usr/bin/git sparse-checkout disable
2025-11-07T18:58:52.9114055Z [command]/usr/bin/git config --local --unset-all extensions.worktreeConfig
2025-11-07T18:58:52.9142803Z ##[group]Checking out the ref
2025-11-07T18:58:52.9146823Z [command]/usr/bin/git checkout --progress --force -B main refs/remotes/origin/main
2025-11-07T18:58:53.2623435Z Switched to a new branch 'main'
2025-11-07T18:58:53.2625761Z branch 'main' set up to track 'origin/main'.
2025-11-07T18:58:53.2668204Z ##[endgroup]
2025-11-07T18:58:53.2715852Z [command]/usr/bin/git log -1 --format=%H
2025-11-07T18:58:53.2742503Z 6f61ec028659277054e32f1fe068917ba7406e85
2025-11-07T18:58:53.3076300Z ##[group]Run actions/setup-python@v6.0.0
2025-11-07T18:58:53.3078041Z with:
2025-11-07T18:58:53.3078881Z   python-version: 3.13
2025-11-07T18:58:53.3079854Z   check-latest: false
2025-11-07T18:58:53.3081088Z   token: ***
2025-11-07T18:58:53.3081962Z   update-environment: true
2025-11-07T18:58:53.3083040Z   allow-prereleases: false
2025-11-07T18:58:53.3084072Z   freethreaded: false
2025-11-07T18:58:53.3084994Z ##[endgroup]
2025-11-07T18:58:53.4428840Z ##[group]Installed versions
2025-11-07T18:58:53.5063626Z (node:2058) [DEP0040] DeprecationWarning: The `punycode` module is deprecated. Please use a userland alternative instead.
2025-11-07T18:58:53.5069368Z (Use `node --trace-deprecation ...` to show where the warning was created)
2025-11-07T18:58:53.5072050Z Successfully set up CPython (3.13.9)
2025-11-07T18:58:53.5074905Z ##[endgroup]
2025-11-07T18:58:53.5268688Z ##[group]Run bossOfCode/install-scratchattach@v1.0.3
2025-11-07T18:58:53.5269971Z env:
2025-11-07T18:58:53.5270958Z   pythonLocation: /opt/hostedtoolcache/Python/3.13.9/x64
2025-11-07T18:58:53.5272664Z   PKG_CONFIG_PATH: /opt/hostedtoolcache/Python/3.13.9/x64/lib/pkgconfig
2025-11-07T18:58:53.5274324Z   Python_ROOT_DIR: /opt/hostedtoolcache/Python/3.13.9/x64
2025-11-07T18:58:53.5275818Z   Python2_ROOT_DIR: /opt/hostedtoolcache/Python/3.13.9/x64
2025-11-07T18:58:53.5277339Z   Python3_ROOT_DIR: /opt/hostedtoolcache/Python/3.13.9/x64
2025-11-07T18:58:53.5279171Z   LD_LIBRARY_PATH: /opt/hostedtoolcache/Python/3.13.9/x64/lib
2025-11-07T18:58:53.5280439Z ##[endgroup]
2025-11-07T18:58:53.5384309Z ##[group]Run python3 -m pip install --upgrade pip
2025-11-07T18:58:53.5385755Z [36;1mpython3 -m pip install --upgrade pip[0m
2025-11-07T18:58:53.5563189Z shell: /usr/bin/bash --noprofile --norc -e -o pipefail {0}
2025-11-07T18:58:53.5564529Z env:
2025-11-07T18:58:53.5565547Z   pythonLocation: /opt/hostedtoolcache/Python/3.13.9/x64
2025-11-07T18:58:53.5567186Z   PKG_CONFIG_PATH: /opt/hostedtoolcache/Python/3.13.9/x64/lib/pkgconfig
2025-11-07T18:58:53.5569189Z   Python_ROOT_DIR: /opt/hostedtoolcache/Python/3.13.9/x64
2025-11-07T18:58:53.5570672Z   Python2_ROOT_DIR: /opt/hostedtoolcache/Python/3.13.9/x64
2025-11-07T18:58:53.5572134Z   Python3_ROOT_DIR: /opt/hostedtoolcache/Python/3.13.9/x64
2025-11-07T18:58:53.5573597Z   LD_LIBRARY_PATH: /opt/hostedtoolcache/Python/3.13.9/x64/lib
2025-11-07T18:58:53.5574833Z ##[endgroup]
2025-11-07T18:58:58.7854168Z Requirement already satisfied: pip in /opt/hostedtoolcache/Python/3.13.9/x64/lib/python3.13/site-packages (25.3)
2025-11-07T18:58:59.0701809Z ##[group]Run pip install -U scratchattach
2025-11-07T18:58:59.0702173Z [36;1mpip install -U scratchattach[0m
2025-11-07T18:58:59.0736377Z shell: /usr/bin/bash --noprofile --norc -e -o pipefail {0}
2025-11-07T18:58:59.0736743Z env:
2025-11-07T18:58:59.0737006Z   pythonLocation: /opt/hostedtoolcache/Python/3.13.9/x64
2025-11-07T18:58:59.0737457Z   PKG_CONFIG_PATH: /opt/hostedtoolcache/Python/3.13.9/x64/lib/pkgconfig
2025-11-07T18:58:59.0738088Z   Python_ROOT_DIR: /opt/hostedtoolcache/Python/3.13.9/x64
2025-11-07T18:58:59.0738449Z   Python2_ROOT_DIR: /opt/hostedtoolcache/Python/3.13.9/x64
2025-11-07T18:58:59.0738814Z   Python3_ROOT_DIR: /opt/hostedtoolcache/Python/3.13.9/x64
2025-11-07T18:58:59.0739202Z   LD_LIBRARY_PATH: /opt/hostedtoolcache/Python/3.13.9/x64/lib
2025-11-07T18:58:59.0739503Z ##[endgroup]
2025-11-07T18:58:59.9898866Z Collecting scratchattach
2025-11-07T18:59:00.0491576Z   Downloading scratchattach-2.1.13-py3-none-any.whl.metadata (5.5 kB)
2025-11-07T18:59:00.0758990Z Collecting websocket-client (from scratchattach)
2025-11-07T18:59:00.0787514Z   Downloading websocket_client-1.9.0-py3-none-any.whl.metadata (8.3 kB)
2025-11-07T18:59:00.1087046Z Collecting requests (from scratchattach)
2025-11-07T18:59:00.1116267Z   Downloading requests-2.32.5-py3-none-any.whl.metadata (4.9 kB)
2025-11-07T18:59:00.1258914Z Collecting bs4 (from scratchattach)
2025-11-07T18:59:00.1286145Z   Downloading bs4-0.0.2-py2.py3-none-any.whl.metadata (411 bytes)
2025-11-07T18:59:00.2029183Z Collecting SimpleWebSocketServer (from scratchattach)
2025-11-07T18:59:00.2072446Z   Downloading SimpleWebSocketServer-0.1.2.tar.gz (10 kB)
2025-11-07T18:59:00.2167150Z   Installing build dependencies: started
2025-11-07T18:59:01.5455711Z   Installing build dependencies: finished with status 'done'
2025-11-07T18:59:01.5460483Z   Getting requirements to build wheel: started
2025-11-07T18:59:02.0956117Z   Getting requirements to build wheel: finished with status 'done'
2025-11-07T18:59:02.0966203Z   Preparing metadata (pyproject.toml): started
2025-11-07T18:59:02.3510684Z   Preparing metadata (pyproject.toml): finished with status 'done'
2025-11-07T18:59:02.3686056Z Collecting typing-extensions (from scratchattach)
2025-11-07T18:59:02.3722461Z   Downloading typing_extensions-4.15.0-py3-none-any.whl.metadata (3.3 kB)
2025-11-07T18:59:02.3959894Z Collecting beautifulsoup4 (from bs4->scratchattach)
2025-11-07T18:59:02.3988109Z   Downloading beautifulsoup4-4.14.2-py3-none-any.whl.metadata (3.8 kB)
2025-11-07T18:59:02.4193488Z Collecting soupsieve>1.2 (from beautifulsoup4->bs4->scratchattach)
2025-11-07T18:59:02.4221670Z   Downloading soupsieve-2.8-py3-none-any.whl.metadata (4.6 kB)
2025-11-07T18:59:02.5167562Z Collecting charset_normalizer<4,>=2 (from requests->scratchattach)
2025-11-07T18:59:02.5199512Z   Downloading charset_normalizer-3.4.4-cp313-cp313-manylinux2014_x86_64.manylinux_2_17_x86_64.manylinux_2_28_x86_64.whl.metadata (37 kB)
2025-11-07T18:59:02.5400156Z Collecting idna<4,>=2.5 (from requests->scratchattach)
2025-11-07T18:59:02.5429431Z   Downloading idna-3.11-py3-none-any.whl.metadata (8.4 kB)
2025-11-07T18:59:02.5729921Z Collecting urllib3<3,>=1.21.1 (from requests->scratchattach)
2025-11-07T18:59:02.5773876Z   Downloading urllib3-2.5.0-py3-none-any.whl.metadata (6.5 kB)
2025-11-07T18:59:02.6130227Z Collecting certifi>=2017.4.17 (from requests->scratchattach)
2025-11-07T18:59:02.6163902Z   Downloading certifi-2025.10.5-py3-none-any.whl.metadata (2.5 kB)
2025-11-07T18:59:02.6282359Z Downloading scratchattach-2.1.13-py3-none-any.whl (141 kB)
2025-11-07T18:59:02.6411127Z Downloading bs4-0.0.2-py2.py3-none-any.whl (1.2 kB)
2025-11-07T18:59:02.6463747Z Downloading beautifulsoup4-4.14.2-py3-none-any.whl (106 kB)
2025-11-07T18:59:02.6520860Z Downloading soupsieve-2.8-py3-none-any.whl (36 kB)
2025-11-07T18:59:02.6573987Z Downloading typing_extensions-4.15.0-py3-none-any.whl (44 kB)
2025-11-07T18:59:02.6626242Z Downloading requests-2.32.5-py3-none-any.whl (64 kB)
2025-11-07T18:59:02.6695167Z Downloading charset_normalizer-3.4.4-cp313-cp313-manylinux2014_x86_64.manylinux_2_17_x86_64.manylinux_2_28_x86_64.whl (153 kB)
2025-11-07T18:59:02.6761543Z Downloading idna-3.11-py3-none-any.whl (71 kB)
2025-11-07T18:59:02.6815776Z Downloading urllib3-2.5.0-py3-none-any.whl (129 kB)
2025-11-07T18:59:02.6875701Z Downloading certifi-2025.10.5-py3-none-any.whl (163 kB)
2025-11-07T18:59:02.6929645Z Downloading websocket_client-1.9.0-py3-none-any.whl (82 kB)
2025-11-07T18:59:02.7063360Z Building wheels for collected packages: SimpleWebSocketServer
2025-11-07T18:59:02.7071145Z   Building wheel for SimpleWebSocketServer (pyproject.toml): started
2025-11-07T18:59:02.9375050Z   Building wheel for SimpleWebSocketServer (pyproject.toml): finished with status 'done'
2025-11-07T18:59:02.9380749Z   Created wheel for SimpleWebSocketServer: filename=simplewebsocketserver-0.1.2-py3-none-any.whl size=9715 sha256=36a9d466dde8e2e2e572e4caf9134bb0353e4aaa940e515efeb3ba2950989e04
2025-11-07T18:59:02.9382659Z   Stored in directory: /home/runner/.cache/pip/wheels/c4/5b/e8/4f2c15a82edc4923058056f6681373168be02a0c00389a6dcf
2025-11-07T18:59:02.9401165Z Successfully built SimpleWebSocketServer
2025-11-07T18:59:02.9586019Z Installing collected packages: SimpleWebSocketServer, websocket-client, urllib3, typing-extensions, soupsieve, idna, charset_normalizer, certifi, requests, beautifulsoup4, bs4, scratchattach
2025-11-07T18:59:03.6329591Z 
2025-11-07T18:59:03.6352301Z Successfully installed SimpleWebSocketServer-0.1.2 beautifulsoup4-4.14.2 bs4-0.0.2 certifi-2025.10.5 charset_normalizer-3.4.4 idna-3.11 requests-2.32.5 scratchattach-2.1.13 soupsieve-2.8 typing-extensions-4.15.0 urllib3-2.5.0 websocket-client-1.9.0
2025-11-07T18:59:03.7304333Z ##[group]Run actions/checkout@v5.0.0
2025-11-07T18:59:03.7304602Z with:
2025-11-07T18:59:03.7304762Z   ref: main
2025-11-07T18:59:03.7304944Z   repository: Boss-1s/scratchattach
2025-11-07T18:59:03.7305286Z   token: ***
2025-11-07T18:59:03.7305455Z   ssh-strict: true
2025-11-07T18:59:03.7305636Z   ssh-user: git
2025-11-07T18:59:03.7305824Z   persist-credentials: true
2025-11-07T18:59:03.7306029Z   clean: true
2025-11-07T18:59:03.7306218Z   sparse-checkout-cone-mode: true
2025-11-07T18:59:03.7306441Z   fetch-depth: 1
2025-11-07T18:59:03.7306621Z   fetch-tags: false
2025-11-07T18:59:03.7306807Z   show-progress: true
2025-11-07T18:59:03.7306989Z   lfs: false
2025-11-07T18:59:03.7307158Z   submodules: false
2025-11-07T18:59:03.7307346Z   set-safe-directory: true
2025-11-07T18:59:03.7307538Z env:
2025-11-07T18:59:03.7307924Z   pythonLocation: /opt/hostedtoolcache/Python/3.13.9/x64
2025-11-07T18:59:03.7308329Z   PKG_CONFIG_PATH: /opt/hostedtoolcache/Python/3.13.9/x64/lib/pkgconfig
2025-11-07T18:59:03.7308737Z   Python_ROOT_DIR: /opt/hostedtoolcache/Python/3.13.9/x64
2025-11-07T18:59:03.7309070Z   Python2_ROOT_DIR: /opt/hostedtoolcache/Python/3.13.9/x64
2025-11-07T18:59:03.7309403Z   Python3_ROOT_DIR: /opt/hostedtoolcache/Python/3.13.9/x64
2025-11-07T18:59:03.7309741Z   LD_LIBRARY_PATH: /opt/hostedtoolcache/Python/3.13.9/x64/lib
2025-11-07T18:59:03.7310017Z ##[endgroup]
2025-11-07T18:59:03.8098072Z Syncing repository: Boss-1s/scratchattach
2025-11-07T18:59:03.8098921Z ##[group]Getting Git version info
2025-11-07T18:59:03.8099551Z Working directory is '/home/runner/work/scratchattach/scratchattach'
2025-11-07T18:59:03.8134872Z [command]/usr/bin/git version
2025-11-07T18:59:03.8171682Z git version 2.51.2
2025-11-07T18:59:03.8192748Z ##[endgroup]
2025-11-07T18:59:03.8208124Z Temporarily overriding HOME='/home/runner/work/_temp/da3713be-5a86-4998-b886-fe912d21b86b' before making global git config changes
2025-11-07T18:59:03.8209410Z Adding repository directory to the temporary git global config as a safe directory
2025-11-07T18:59:03.8213956Z [command]/usr/bin/git config --global --add safe.directory /home/runner/work/scratchattach/scratchattach
2025-11-07T18:59:03.8255682Z [command]/usr/bin/git config --local --get remote.origin.url
2025-11-07T18:59:03.8279947Z https://github.com/Boss-1s/scratchattach
2025-11-07T18:59:03.8294065Z ##[group]Removing previously created refs, to avoid conflicts
2025-11-07T18:59:03.8298518Z [command]/usr/bin/git rev-parse --symbolic-full-name --verify --quiet HEAD
2025-11-07T18:59:03.8320758Z refs/heads/main
2025-11-07T18:59:03.8330923Z [command]/usr/bin/git checkout --detach
2025-11-07T18:59:04.0621220Z HEAD is now at 6f61ec0 [BOT] Download Logs
2025-11-07T18:59:04.0675347Z [command]/usr/bin/git branch --delete --force main
2025-11-07T18:59:04.0705480Z Deleted branch main (was 6f61ec0).
2025-11-07T18:59:04.0743462Z ##[endgroup]
2025-11-07T18:59:04.0748323Z [command]/usr/bin/git submodule status
2025-11-07T18:59:04.0980885Z ##[group]Cleaning the repository
2025-11-07T18:59:04.0986233Z [command]/usr/bin/git clean -ffdx
2025-11-07T18:59:04.1032912Z [command]/usr/bin/git reset --hard HEAD
2025-11-07T18:59:04.1107565Z HEAD is now at 6f61ec0 [BOT] Download Logs
2025-11-07T18:59:04.1114533Z ##[endgroup]
2025-11-07T18:59:04.1118199Z ##[group]Disabling automatic garbage collection
2025-11-07T18:59:04.1124270Z [command]/usr/bin/git config --local gc.auto 0
2025-11-07T18:59:04.1159132Z ##[endgroup]
2025-11-07T18:59:04.1159718Z ##[group]Setting up auth
2025-11-07T18:59:04.1168165Z [command]/usr/bin/git config --local --name-only --get-regexp core\.sshCommand
2025-11-07T18:59:04.1201652Z [command]/usr/bin/git submodule foreach --recursive sh -c "git config --local --name-only --get-regexp 'core\.sshCommand' && git config --local --unset-all 'core.sshCommand' || :"
2025-11-07T18:59:04.1433044Z [command]/usr/bin/git config --local --name-only --get-regexp http\.https\:\/\/github\.com\/\.extraheader
2025-11-07T18:59:04.1456468Z http.https://github.com/.extraheader
2025-11-07T18:59:04.1466433Z [command]/usr/bin/git config --local --unset-all http.https://github.com/.extraheader
2025-11-07T18:59:04.1497365Z [command]/usr/bin/git submodule foreach --recursive sh -c "git config --local --name-only --get-regexp 'http\.https\:\/\/github\.com\/\.extraheader' && git config --local --unset-all 'http.https://github.com/.extraheader' || :"
2025-11-07T18:59:04.1731071Z [command]/usr/bin/git config --local http.https://github.com/.extraheader AUTHORIZATION: basic ***
2025-11-07T18:59:04.1769386Z ##[endgroup]
2025-11-07T18:59:04.1770111Z ##[group]Fetching the repository
2025-11-07T18:59:04.1778764Z [command]/usr/bin/git -c protocol.version=2 fetch --no-tags --prune --no-recurse-submodules --depth=1 origin +refs/heads/main*:refs/remotes/origin/main* +refs/tags/main*:refs/tags/main*
2025-11-07T18:59:04.6226209Z ##[endgroup]
2025-11-07T18:59:04.6226838Z ##[group]Determining the checkout info
2025-11-07T18:59:04.6233659Z [command]/usr/bin/git branch --list --remote origin/main
2025-11-07T18:59:04.6261839Z   origin/main
2025-11-07T18:59:04.6266488Z ##[endgroup]
2025-11-07T18:59:04.6271660Z [command]/usr/bin/git sparse-checkout disable
2025-11-07T18:59:04.6321754Z [command]/usr/bin/git config --local --unset-all extensions.worktreeConfig
2025-11-07T18:59:04.6349852Z ##[group]Checking out the ref
2025-11-07T18:59:04.6354876Z [command]/usr/bin/git checkout --progress --force -B main refs/remotes/origin/main
2025-11-07T18:59:04.6425828Z Switched to a new branch 'main'
2025-11-07T18:59:04.6428360Z branch 'main' set up to track 'origin/main'.
2025-11-07T18:59:04.6435926Z ##[endgroup]
2025-11-07T18:59:04.6476196Z [command]/usr/bin/git log -1 --format=%H
2025-11-07T18:59:04.6502195Z 6f61ec028659277054e32f1fe068917ba7406e85
2025-11-07T18:59:04.6618775Z ##[group]Run timeout 359m python3 message_viewer.py || { [[ $? -eq 124 ]] && exit 0; }
2025-11-07T18:59:04.6619382Z [36;1mtimeout 359m python3 message_viewer.py || { [[ $? -eq 124 ]] && exit 0; }[0m
2025-11-07T18:59:04.6653213Z shell: /usr/bin/bash -e {0}
2025-11-07T18:59:04.6653437Z env:
2025-11-07T18:59:04.6653683Z   pythonLocation: /opt/hostedtoolcache/Python/3.13.9/x64
2025-11-07T18:59:04.6654088Z   PKG_CONFIG_PATH: /opt/hostedtoolcache/Python/3.13.9/x64/lib/pkgconfig
2025-11-07T18:59:04.6654481Z   Python_ROOT_DIR: /opt/hostedtoolcache/Python/3.13.9/x64
2025-11-07T18:59:04.6654827Z   Python2_ROOT_DIR: /opt/hostedtoolcache/Python/3.13.9/x64
2025-11-07T18:59:04.6655171Z   Python3_ROOT_DIR: /opt/hostedtoolcache/Python/3.13.9/x64
2025-11-07T18:59:04.6655528Z   LD_LIBRARY_PATH: /opt/hostedtoolcache/Python/3.13.9/x64/lib
2025-11-07T18:59:04.6656006Z   PASS: ***
2025-11-07T18:59:04.6656184Z ##[endgroup]
2025-11-07T18:59:05.7246660Z Thanks for giving credit for CloudRequests!
2025-11-07T18:59:05.7253060Z Request handler is running
2025-11-07T21:38:25.9482718Z CloudEvents: Disconnected. Reconnecting ... 1762542217.4574664
2025-11-07T21:38:25.9483647Z CloudEvents: Reconnected. 1762542217.557704
2025-11-07T21:38:25.9484664Z CloudEvents: Disconnected. Reconnecting ... 1762542217.6659777
2025-11-07T21:38:25.9485504Z CloudEvents: Reconnected. 1762542217.7661405
2025-11-07T21:38:25.9486061Z CloudEvents: Disconnected. Reconnecting ... 1762542235.463558
2025-11-07T21:38:25.9486620Z CloudEvents: Reconnected. 1762542235.5637486
2025-11-07T21:38:25.9487168Z CloudEvents: Disconnected. Reconnecting ... 1762542235.6719058
2025-11-07T21:38:25.9487884Z CloudEvents: Reconnected. 1762542235.7720737
2025-11-07T21:38:25.9488319Z CloudEvents: Disconnected. Reconnecting ... 1762542247.4762366
2025-11-07T21:38:25.9488768Z CloudEvents: Reconnected. 1762542247.5764194
2025-11-07T21:38:25.9489203Z CloudEvents: Disconnected. Reconnecting ... 1762542332.2293804
2025-11-07T21:38:25.9489653Z CloudEvents: Reconnected. 1762542332.3295448
2025-11-07T21:38:25.9490085Z CloudEvents: Disconnected. Reconnecting ... 1762542725.0200336
2025-11-07T21:38:25.9490530Z CloudEvents: Reconnected. 1762542725.120215
2025-11-07T21:38:25.9490961Z CloudEvents: Disconnected. Reconnecting ... 1762542725.2366874
2025-11-07T21:38:25.9491811Z CloudEvents: Reconnected. 1762542725.3368785
2025-11-07T21:38:25.9492244Z CloudEvents: Disconnected. Reconnecting ... 1762542728.30546
2025-11-07T21:38:25.9492679Z CloudEvents: Reconnected. 1762542728.405656
2025-11-07T21:38:25.9493113Z CloudEvents: Disconnected. Reconnecting ... 1762542728.5118306
2025-11-07T21:38:25.9493557Z CloudEvents: Reconnected. 1762542728.6120152
2025-11-07T21:38:25.9493987Z CloudEvents: Disconnected. Reconnecting ... 1762542746.565365
2025-11-07T21:38:25.9494431Z CloudEvents: Reconnected. 1762542746.665526
2025-11-07T21:38:25.9494858Z CloudEvents: Disconnected. Reconnecting ... 1762542789.7481575
2025-11-07T21:38:25.9495303Z CloudEvents: Reconnected. 1762542789.84833
2025-11-07T21:38:25.9495742Z CloudEvents: Disconnected. Reconnecting ... 1762542850.151978
2025-11-07T21:38:25.9496183Z CloudEvents: Reconnected. 1762542850.2521508
2025-11-07T21:38:25.9496619Z CloudEvents: Disconnected. Reconnecting ... 1762542930.9649832
2025-11-07T21:38:25.9497070Z CloudEvents: Reconnected. 1762542931.0652237
2025-11-07T21:38:25.9497496Z CloudEvents: Disconnected. Reconnecting ... 1762542936.91025
2025-11-07T21:38:25.9498031Z CloudEvents: Reconnected. 1762542937.0104306
2025-11-07T21:38:25.9498344Z CloudEvents: Disconnected. Reconnecting ... 1762542977.4220448
2025-11-07T21:38:25.9498661Z CloudEvents: Reconnected. 1762542977.5222485
2025-11-07T21:38:25.9498973Z CloudEvents: Disconnected. Reconnecting ... 1762543201.9721305
2025-11-07T21:38:25.9499285Z CloudEvents: Reconnected. 1762543202.072284
2025-11-07T21:38:25.9499578Z CloudEvents: Disconnected. Reconnecting ... 1762543551.59249
2025-11-07T21:38:25.9499887Z CloudEvents: Reconnected. 1762543551.6926787
2025-11-07T21:38:25.9500441Z CloudEvents: Disconnected. Reconnecting ... 1762543775.9741619
2025-11-07T21:38:25.9500771Z CloudEvents: Reconnected. 1762543776.0743446
2025-11-07T21:38:25.9501071Z CloudEvents: Disconnected. Reconnecting ... 1762543872.43269
2025-11-07T21:38:25.9501379Z CloudEvents: Reconnected. 1762543872.5328648
2025-11-07T21:38:25.9501684Z CloudEvents: Disconnected. Reconnecting ... 1762543940.8583596
2025-11-07T21:38:25.9502016Z CloudEvents: Reconnected. 1762543940.9585168
2025-11-07T21:38:25.9502330Z CloudEvents: Disconnected. Reconnecting ... 1762544132.7395859
2025-11-07T21:38:25.9502651Z CloudEvents: Reconnected. 1762544132.8397841
2025-11-07T21:38:25.9502963Z CloudEvents: Disconnected. Reconnecting ... 1762544325.1783297
2025-11-07T21:38:25.9503271Z CloudEvents: Reconnected. 1762544325.2785094
2025-11-07T21:38:25.9503580Z CloudEvents: Disconnected. Reconnecting ... 1762544333.2478216
2025-11-07T21:38:25.9503892Z CloudEvents: Reconnected. 1762544333.3480022
2025-11-07T21:38:25.9504196Z CloudEvents: Disconnected. Reconnecting ... 1762544368.6996884
2025-11-07T21:38:25.9504509Z CloudEvents: Reconnected. 1762544368.7998366
2025-11-07T21:38:25.9504810Z CloudEvents: Disconnected. Reconnecting ... 1762544663.144632
2025-11-07T21:38:25.9505124Z CloudEvents: Reconnected. 1762544663.2448285
2025-11-07T21:38:25.9505432Z CloudEvents: Disconnected. Reconnecting ... 1762544663.352044
2025-11-07T21:38:25.9505739Z CloudEvents: Reconnected. 1762544663.452246
2025-11-07T21:38:25.9506050Z CloudEvents: Disconnected. Reconnecting ... 1762544741.3371243
2025-11-07T21:38:25.9506366Z CloudEvents: Reconnected. 1762544741.4372933
2025-11-07T21:38:25.9506682Z CloudEvents: Disconnected. Reconnecting ... 1762544771.156014
2025-11-07T21:38:25.9507005Z CloudEvents: Reconnected. 1762544771.2561746
2025-11-07T21:38:25.9507322Z CloudEvents: Disconnected. Reconnecting ... 1762544906.4381723
2025-11-07T21:38:25.9507809Z CloudEvents: Reconnected. 1762544906.5383248
2025-11-07T21:38:25.9508124Z CloudEvents: Disconnected. Reconnecting ... 1762544906.644366
2025-11-07T21:38:25.9508447Z CloudEvents: Reconnected. 1762544906.7445188
2025-11-07T21:38:25.9508739Z CloudEvents: Disconnected. Reconnecting ... 1762544916.6559477
2025-11-07T21:38:25.9509048Z CloudEvents: Reconnected. 1762544916.7561078
2025-11-07T21:38:25.9509477Z CloudEvents: Disconnected. Reconnecting ... 1762545208.7384806
2025-11-07T21:38:25.9509862Z CloudEvents: Reconnected. 1762545208.8386443
2025-11-07T21:38:25.9510186Z CloudEvents: Disconnected. Reconnecting ... 1762545501.8397565
2025-11-07T21:38:25.9510495Z CloudEvents: Reconnected. 1762545501.9399867
2025-11-07T21:38:25.9510793Z CloudEvents: Disconnected. Reconnecting ... 1762545581.206302
2025-11-07T21:38:25.9511096Z CloudEvents: Reconnected. 1762545581.3064618
2025-11-07T21:38:25.9511395Z CloudEvents: Disconnected. Reconnecting ... 1762545940.534695
2025-11-07T21:38:25.9511698Z CloudEvents: Reconnected. 1762545940.6348739
2025-11-07T21:38:25.9511989Z CloudEvents: Disconnected. Reconnecting ... 1762546042.7955503
2025-11-07T21:38:25.9512300Z CloudEvents: Reconnected. 1762546042.895712
2025-11-07T21:38:25.9512595Z CloudEvents: Disconnected. Reconnecting ... 1762546133.0207243
2025-11-07T21:38:25.9512904Z CloudEvents: Reconnected. 1762546133.12091
2025-11-07T21:38:25.9513212Z CloudEvents: Disconnected. Reconnecting ... 1762546141.2671986
2025-11-07T21:38:25.9513511Z CloudEvents: Reconnected. 1762546141.3673775
2025-11-07T21:38:25.9513808Z CloudEvents: Disconnected. Reconnecting ... 1762546141.5012949
2025-11-07T21:38:25.9514113Z CloudEvents: Reconnected. 1762546141.6014698
2025-11-07T21:38:25.9514490Z CloudEvents: Disconnected. Reconnecting ... 1762546454.5936942
2025-11-07T21:38:25.9514793Z CloudEvents: Reconnected. 1762546454.693901
2025-11-07T21:38:25.9515089Z CloudEvents: Disconnected. Reconnecting ... 1762546520.9734704
2025-11-07T21:38:25.9515392Z CloudEvents: Reconnected. 1762546521.0736272
2025-11-07T21:38:25.9515691Z CloudEvents: Disconnected. Reconnecting ... 1762546521.1948485
2025-11-07T21:38:25.9515993Z CloudEvents: Reconnected. 1762546521.2950122
2025-11-07T21:38:25.9516427Z CloudEvents: Disconnected. Reconnecting ... 1762546830.1671681
2025-11-07T21:38:25.9516742Z CloudEvents: Reconnected. 1762546830.2673366
2025-11-07T21:38:25.9517032Z CloudEvents: Disconnected. Reconnecting ... 1762546895.5739996
2025-11-07T21:38:25.9517350Z CloudEvents: Reconnected. 1762546895.6742
2025-11-07T21:38:25.9517886Z CloudEvents: Disconnected. Reconnecting ... 1762547109.6926823
2025-11-07T21:38:25.9518209Z CloudEvents: Reconnected. 1762547109.7928503
2025-11-07T21:38:25.9518510Z CloudEvents: Disconnected. Reconnecting ... 1762547109.9014366
2025-11-07T21:38:25.9518814Z CloudEvents: Reconnected. 1762547110.0016255
2025-11-07T21:38:25.9519105Z CloudEvents: Disconnected. Reconnecting ... 1762547116.8970149
2025-11-07T21:38:25.9519408Z CloudEvents: Reconnected. 1762547116.9971845
2025-11-07T21:38:25.9519703Z CloudEvents: Disconnected. Reconnecting ... 1762547117.0982065
2025-11-07T21:38:25.9520003Z CloudEvents: Reconnected. 1762547117.198376
2025-11-07T21:38:25.9520306Z CloudEvents: Disconnected. Reconnecting ... 1762547496.4795685
2025-11-07T21:38:25.9520610Z CloudEvents: Reconnected. 1762547496.57975
2025-11-07T21:38:25.9520904Z CloudEvents: Disconnected. Reconnecting ... 1762548022.9673288
2025-11-07T21:38:25.9521213Z CloudEvents: Reconnected. 1762548023.0675485
2025-11-07T21:38:25.9521505Z CloudEvents: Disconnected. Reconnecting ... 1762548126.7371385
2025-11-07T21:38:25.9521809Z CloudEvents: Reconnected. 1762548126.8372943
2025-11-07T21:38:25.9522104Z CloudEvents: Disconnected. Reconnecting ... 1762548525.8889613
2025-11-07T21:38:25.9522402Z CloudEvents: Reconnected. 1762548525.9891417
2025-11-07T21:38:25.9522698Z CloudEvents: Disconnected. Reconnecting ... 1762548579.3564553
2025-11-07T21:38:25.9523000Z CloudEvents: Reconnected. 1762548579.456615
2025-11-07T21:38:25.9523291Z CloudEvents: Disconnected. Reconnecting ... 1762548888.5308945
2025-11-07T21:38:25.9523593Z CloudEvents: Reconnected. 1762548888.6310384
2025-11-07T21:38:25.9523898Z CloudEvents: Disconnected. Reconnecting ... 1762549064.1450117
2025-11-07T21:38:25.9524193Z CloudEvents: Reconnected. 1762549064.2451735
2025-11-07T21:38:25.9524494Z CloudEvents: Disconnected. Reconnecting ... 1762549377.598294
2025-11-07T21:38:25.9524794Z CloudEvents: Reconnected. 1762549377.6984751
2025-11-07T21:38:25.9525220Z CloudEvents: Disconnected. Reconnecting ... 1762549787.79203
2025-11-07T21:38:25.9525522Z CloudEvents: Reconnected. 1762549787.8922138
2025-11-07T21:38:25.9525818Z CloudEvents: Disconnected. Reconnecting ... 1762549887.1259258
2025-11-07T21:38:25.9526127Z CloudEvents: Reconnected. 1762549887.2260985
2025-11-07T21:38:25.9526427Z CloudEvents: Disconnected. Reconnecting ... 1762550012.9388516
2025-11-07T21:38:25.9526725Z CloudEvents: Reconnected. 1762550013.0390122
2025-11-07T21:38:25.9527022Z CloudEvents: Disconnected. Reconnecting ... 1762550145.7512248
2025-11-07T21:38:25.9527333Z CloudEvents: Reconnected. 1762550145.851385
2025-11-07T21:38:25.9527794Z CloudEvents: Disconnected. Reconnecting ... 1762550145.9662154
2025-11-07T21:38:25.9528116Z CloudEvents: Reconnected. 1762550146.066376
2025-11-07T21:38:25.9528429Z CloudEvents: Disconnected. Reconnecting ... 1762550207.1640687
2025-11-07T21:38:25.9528741Z CloudEvents: Reconnected. 1762550207.2642324
2025-11-07T21:38:25.9529060Z CloudEvents: Disconnected. Reconnecting ... 1762550260.0680943
2025-11-07T21:38:25.9529367Z CloudEvents: Reconnected. 1762550260.168278
2025-11-07T21:38:25.9529660Z CloudEvents: Disconnected. Reconnecting ... 1762550596.3011456
2025-11-07T21:38:25.9529963Z CloudEvents: Reconnected. 1762550596.401331
2025-11-07T21:38:25.9530252Z CloudEvents: Disconnected. Reconnecting ... 1762550639.4017568
2025-11-07T21:38:25.9530559Z CloudEvents: Reconnected. 1762550639.5019956
2025-11-07T21:38:25.9530858Z CloudEvents: Disconnected. Reconnecting ... 1762550686.18844
2025-11-07T21:38:25.9531155Z CloudEvents: Reconnected. 1762550686.2886226
2025-11-07T21:38:25.9531457Z CloudEvents: Disconnected. Reconnecting ... 1762550696.495135
2025-11-07T21:38:25.9531880Z CloudEvents: Reconnected. 1762550696.595337
2025-11-07T21:38:25.9532178Z CloudEvents: Disconnected. Reconnecting ... 1762550715.241475
2025-11-07T21:38:25.9532483Z CloudEvents: Reconnected. 1762550715.3416424
2025-11-07T21:38:25.9532792Z CloudEvents: Disconnected. Reconnecting ... 1762550715.4526212
2025-11-07T21:38:25.9533095Z CloudEvents: Reconnected. 1762550715.5528185
2025-11-07T21:38:25.9533393Z CloudEvents: Disconnected. Reconnecting ... 1762550795.7849293
2025-11-07T21:38:25.9533697Z CloudEvents: Reconnected. 1762550795.8850727
2025-11-07T21:38:25.9533992Z CloudEvents: Disconnected. Reconnecting ... 1762551182.2825532
2025-11-07T21:38:25.9534297Z CloudEvents: Reconnected. 1762551182.3827085
2025-11-07T21:38:25.9534589Z CloudEvents: Disconnected. Reconnecting ... 1762551453.8318129
2025-11-07T21:38:25.9534892Z CloudEvents: Reconnected. 1762551453.9319696
2025-11-07T21:38:25.9535194Z CloudEvents: Disconnected. Reconnecting ... 1762551454.043412
2025-11-07T21:38:25.9535491Z CloudEvents: Reconnected. 1762551454.1435761
2025-11-07T21:38:25.9535796Z CloudEvents: Disconnected. Reconnecting ... 1762551476.8600328
2025-11-07T21:38:25.9536100Z CloudEvents: Reconnected. 1762551476.9602153
2025-11-07T21:38:25.9536394Z CloudEvents: Disconnected. Reconnecting ... 1762551477.0644937
2025-11-07T21:38:25.9536701Z CloudEvents: Reconnected. 1762551477.1646454
2025-11-08T00:35:11.1503991Z CloudEvents: Disconnected. Reconnecting ... 1762551505.9473495
2025-11-08T00:35:11.1504881Z CloudEvents: Reconnected. 1762551506.047601
2025-11-08T00:35:11.1505602Z CloudEvents: Disconnected. Reconnecting ... 1762551646.032148
2025-11-08T00:35:11.1506347Z CloudEvents: Reconnected. 1762551646.1323273
2025-11-08T00:35:11.1507075Z CloudEvents: Disconnected. Reconnecting ... 1762551887.9715948
2025-11-08T00:35:11.1508086Z CloudEvents: Reconnected. 1762551888.071828
2025-11-08T00:35:11.1508614Z CloudEvents: Disconnected. Reconnecting ... 1762551888.1808228
2025-11-08T00:35:11.1509081Z CloudEvents: Reconnected. 1762551888.2809818
2025-11-08T00:35:11.1509573Z CloudEvents: Disconnected. Reconnecting ... 1762551972.8205838
2025-11-08T00:35:11.1510046Z CloudEvents: Reconnected. 1762551972.9207914
2025-11-08T00:35:11.1510502Z CloudEvents: Disconnected. Reconnecting ... 1762552052.9914694
2025-11-08T00:35:11.1511425Z CloudEvents: Reconnected. 1762552053.0916684
2025-11-08T00:35:11.1511883Z CloudEvents: Disconnected. Reconnecting ... 1762552117.2556608
2025-11-08T00:35:11.1512348Z CloudEvents: Reconnected. 1762552117.3558202
2025-11-08T00:35:11.1512804Z CloudEvents: Disconnected. Reconnecting ... 1762552155.3312361
2025-11-08T00:35:11.1513267Z CloudEvents: Reconnected. 1762552155.4314098
2025-11-08T00:35:11.1513715Z CloudEvents: Disconnected. Reconnecting ... 1762552385.1916986
2025-11-08T00:35:11.1514183Z CloudEvents: Reconnected. 1762552385.2918723
2025-11-08T00:35:11.1514612Z CloudEvents: Disconnected. Reconnecting ... 1762552671.7563336
2025-11-08T00:35:11.1514993Z CloudEvents: Reconnected. 1762552671.856484
2025-11-08T00:35:11.1515367Z CloudEvents: Disconnected. Reconnecting ... 1762552906.0288844
2025-11-08T00:35:11.1515743Z CloudEvents: Reconnected. 1762552906.1290634
2025-11-08T00:35:11.1516118Z CloudEvents: Disconnected. Reconnecting ... 1762553032.065595
2025-11-08T00:35:11.1516505Z CloudEvents: Reconnected. 1762553032.1658182
2025-11-08T00:35:11.1516869Z CloudEvents: Disconnected. Reconnecting ... 1762553090.7910645
2025-11-08T00:35:11.1517246Z CloudEvents: Reconnected. 1762553090.891239
2025-11-08T00:35:11.1517822Z CloudEvents: Disconnected. Reconnecting ... 1762553114.2199283
2025-11-08T00:35:11.1518331Z CloudEvents: Reconnected. 1762553114.3201215
2025-11-08T00:35:11.1518825Z CloudEvents: Disconnected. Reconnecting ... 1762553137.9837358
2025-11-08T00:35:11.1519389Z CloudEvents: Reconnected. 1762553138.083884
2025-11-08T00:35:11.1520008Z CloudEvents: Disconnected. Reconnecting ... 1762553200.7864766
2025-11-08T00:35:11.1520595Z CloudEvents: Reconnected. 1762553200.8866165
2025-11-08T00:35:11.1521203Z CloudEvents: Disconnected. Reconnecting ... 1762553408.91097
2025-11-08T00:35:11.1522002Z CloudEvents: Reconnected. 1762553409.0111578
2025-11-08T00:35:11.1522649Z CloudEvents: Disconnected. Reconnecting ... 1762553441.426662
2025-11-08T00:35:11.1523322Z CloudEvents: Reconnected. 1762553441.5268173
2025-11-08T00:35:11.1523957Z CloudEvents: Disconnected. Reconnecting ... 1762553441.6295342
2025-11-08T00:35:11.1524405Z CloudEvents: Reconnected. 1762553441.729691
2025-11-08T00:35:11.1524787Z CloudEvents: Disconnected. Reconnecting ... 1762553443.6804342
2025-11-08T00:35:11.1525162Z CloudEvents: Reconnected. 1762553443.7806134
2025-11-08T00:35:11.1525502Z CloudEvents: Disconnected. Reconnecting ... 1762553451.376008
2025-11-08T00:35:11.1525816Z CloudEvents: Reconnected. 1762553451.4761715
2025-11-08T00:35:11.1526116Z CloudEvents: Disconnected. Reconnecting ... 1762553598.3579085
2025-11-08T00:35:11.1526424Z CloudEvents: Reconnected. 1762553598.4580638
2025-11-08T00:35:11.1526724Z CloudEvents: Disconnected. Reconnecting ... 1762553747.302214
2025-11-08T00:35:11.1527044Z CloudEvents: Reconnected. 1762553747.402371
2025-11-08T00:35:11.1527355Z CloudEvents: Disconnected. Reconnecting ... 1762553750.8143215
2025-11-08T00:35:11.1528032Z CloudEvents: Reconnected. 1762553750.9144757
2025-11-08T00:35:11.1528355Z CloudEvents: Disconnected. Reconnecting ... 1762553751.0201418
2025-11-08T00:35:11.1528668Z CloudEvents: Reconnected. 1762553751.1202872
2025-11-08T00:35:11.1528967Z CloudEvents: Disconnected. Reconnecting ... 1762553835.8842704
2025-11-08T00:35:11.1529277Z CloudEvents: Reconnected. 1762553835.9844553
2025-11-08T00:35:11.1529580Z CloudEvents: Disconnected. Reconnecting ... 1762553836.102225
2025-11-08T00:35:11.1529881Z CloudEvents: Reconnected. 1762553836.2024374
2025-11-08T00:35:11.1530184Z CloudEvents: Disconnected. Reconnecting ... 1762554200.3624556
2025-11-08T00:35:11.1530493Z CloudEvents: Reconnected. 1762554200.4626212
2025-11-08T00:35:11.1530789Z CloudEvents: Disconnected. Reconnecting ... 1762554200.5919228
2025-11-08T00:35:11.1531103Z CloudEvents: Reconnected. 1762554200.692087
2025-11-08T00:35:11.1531406Z CloudEvents: Disconnected. Reconnecting ... 1762554339.5009584
2025-11-08T00:35:11.1531708Z CloudEvents: Reconnected. 1762554339.601169
2025-11-08T00:35:11.1532008Z CloudEvents: Disconnected. Reconnecting ... 1762554649.720017
2025-11-08T00:35:11.1532516Z CloudEvents: Reconnected. 1762554649.8201797
2025-11-08T00:35:11.1532811Z CloudEvents: Disconnected. Reconnecting ... 1762554752.1146398
2025-11-08T00:35:11.1533115Z CloudEvents: Reconnected. 1762554752.2148259
2025-11-08T00:35:11.1533409Z CloudEvents: Disconnected. Reconnecting ... 1762555078.3664093
2025-11-08T00:35:11.1533715Z CloudEvents: Reconnected. 1762555078.4665647
2025-11-08T00:35:11.1534018Z CloudEvents: Disconnected. Reconnecting ... 1762555078.5777214
2025-11-08T00:35:11.1534323Z CloudEvents: Reconnected. 1762555078.6778998
2025-11-08T00:35:11.1534622Z CloudEvents: Disconnected. Reconnecting ... 1762555351.7101398
2025-11-08T00:35:11.1534936Z CloudEvents: Reconnected. 1762555351.8103147
2025-11-08T00:35:11.1535234Z CloudEvents: Disconnected. Reconnecting ... 1762555962.7018683
2025-11-08T00:35:11.1535538Z CloudEvents: Reconnected. 1762555962.8020947
2025-11-08T00:35:11.1535837Z CloudEvents: Disconnected. Reconnecting ... 1762556238.3168378
2025-11-08T00:35:11.1536144Z CloudEvents: Reconnected. 1762556238.4169848
2025-11-08T00:35:11.1536445Z CloudEvents: Disconnected. Reconnecting ... 1762556497.6660938
2025-11-08T00:35:11.1536752Z CloudEvents: Reconnected. 1762556497.7662582
2025-11-08T00:35:11.1537046Z CloudEvents: Disconnected. Reconnecting ... 1762556510.8991618
2025-11-08T00:35:11.1537353Z CloudEvents: Reconnected. 1762556510.9993634
2025-11-08T00:35:11.1537751Z CloudEvents: Disconnected. Reconnecting ... 1762557033.0377889
2025-11-08T00:35:11.1538063Z CloudEvents: Reconnected. 1762557033.1379776
2025-11-08T00:35:11.1538367Z CloudEvents: Disconnected. Reconnecting ... 1762557094.8439746
2025-11-08T00:35:11.1538664Z CloudEvents: Reconnected. 1762557094.9441803
2025-11-08T00:35:11.1540667Z CloudEvents: Disconnected. Reconnecting ... 1762557113.6164713
2025-11-08T00:35:11.1541082Z CloudEvents: Reconnected. 1762557113.7166476
2025-11-08T00:35:11.1541406Z CloudEvents: Disconnected. Reconnecting ... 1762557113.8184233
2025-11-08T00:35:11.1541736Z CloudEvents: Reconnected. 1762557113.9185607
2025-11-08T00:35:11.1542046Z CloudEvents: Disconnected. Reconnecting ... 1762557118.971944
2025-11-08T00:35:11.1542359Z CloudEvents: Reconnected. 1762557119.0721183
2025-11-08T00:35:11.1542668Z CloudEvents: Disconnected. Reconnecting ... 1762557119.1874058
2025-11-08T00:35:11.1542983Z CloudEvents: Reconnected. 1762557119.2875838
2025-11-08T00:35:11.1543280Z CloudEvents: Disconnected. Reconnecting ... 1762557267.653448
2025-11-08T00:35:11.1543588Z CloudEvents: Reconnected. 1762557267.7536273
2025-11-08T00:35:11.1543886Z CloudEvents: Disconnected. Reconnecting ... 1762557530.5494964
2025-11-08T00:35:11.1544192Z CloudEvents: Reconnected. 1762557530.6496792
2025-11-08T00:35:11.1544497Z CloudEvents: Disconnected. Reconnecting ... 1762557609.2075803
2025-11-08T00:35:11.1544814Z CloudEvents: Reconnected. 1762557609.307757
2025-11-08T00:35:11.1545112Z CloudEvents: Disconnected. Reconnecting ... 1762558132.8749015
2025-11-08T00:35:11.1545424Z CloudEvents: Reconnected. 1762558132.975099
2025-11-08T00:35:11.1545724Z CloudEvents: Disconnected. Reconnecting ... 1762558236.9810567
2025-11-08T00:35:11.1546035Z CloudEvents: Reconnected. 1762558237.0812109
2025-11-08T00:35:11.1546339Z CloudEvents: Disconnected. Reconnecting ... 1762558240.8763144
2025-11-08T00:35:11.1546638Z CloudEvents: Reconnected. 1762558240.9764905
2025-11-08T00:35:11.1546934Z CloudEvents: Disconnected. Reconnecting ... 1762558262.583845
2025-11-08T00:35:11.1547236Z CloudEvents: Reconnected. 1762558262.6840239
2025-11-08T00:35:11.1547527Z CloudEvents: Disconnected. Reconnecting ... 1762558376.323802
2025-11-08T00:35:11.1548063Z CloudEvents: Reconnected. 1762558376.423963
2025-11-08T00:35:11.1548355Z CloudEvents: Disconnected. Reconnecting ... 1762558430.0986104
2025-11-08T00:35:11.1548665Z CloudEvents: Reconnected. 1762558430.1988018
2025-11-08T00:35:11.1548961Z CloudEvents: Disconnected. Reconnecting ... 1762558735.2803705
2025-11-08T00:35:11.1549257Z CloudEvents: Reconnected. 1762558735.380527
2025-11-08T00:35:11.1549893Z CloudEvents: Disconnected. Reconnecting ... 1762558748.210591
2025-11-08T00:35:11.1550198Z CloudEvents: Reconnected. 1762558748.3108385
2025-11-08T00:35:11.1550492Z CloudEvents: Disconnected. Reconnecting ... 1762558965.1381712
2025-11-08T00:35:11.1550796Z CloudEvents: Reconnected. 1762558965.238328
2025-11-08T00:35:11.1551088Z CloudEvents: Disconnected. Reconnecting ... 1762559451.0123665
2025-11-08T00:35:11.1551383Z CloudEvents: Reconnected. 1762559451.112533
2025-11-08T00:35:11.1551675Z CloudEvents: Disconnected. Reconnecting ... 1762559483.230954
2025-11-08T00:35:11.1551979Z CloudEvents: Reconnected. 1762559483.3311331
2025-11-08T00:35:11.1552270Z CloudEvents: Disconnected. Reconnecting ... 1762559568.095788
2025-11-08T00:35:11.1552578Z CloudEvents: Reconnected. 1762559568.1959603
2025-11-08T00:35:11.1552870Z CloudEvents: Disconnected. Reconnecting ... 1762559690.5450501
2025-11-08T00:35:11.1553175Z CloudEvents: Reconnected. 1762559690.6452203
2025-11-08T00:35:11.1553473Z CloudEvents: Disconnected. Reconnecting ... 1762559916.6521344
2025-11-08T00:35:11.1553779Z CloudEvents: Reconnected. 1762559916.7522917
2025-11-08T00:35:11.1554074Z CloudEvents: Disconnected. Reconnecting ... 1762560169.9609911
2025-11-08T00:35:11.1554377Z CloudEvents: Reconnected. 1762560170.0611792
2025-11-08T00:35:11.1554664Z CloudEvents: Disconnected. Reconnecting ... 1762560281.141689
2025-11-08T00:35:11.1554965Z CloudEvents: Reconnected. 1762560281.241895
2025-11-08T00:35:11.1555257Z CloudEvents: Disconnected. Reconnecting ... 1762560684.138112
2025-11-08T00:35:11.1555611Z CloudEvents: Reconnected. 1762560684.2382934
2025-11-08T00:35:11.1555909Z CloudEvents: Disconnected. Reconnecting ... 1762560821.8608954
2025-11-08T00:35:11.1556212Z CloudEvents: Reconnected. 1762560821.9610543
2025-11-08T00:35:11.1556628Z CloudEvents: Disconnected. Reconnecting ... 1762560956.230981
2025-11-08T00:35:11.1556930Z CloudEvents: Reconnected. 1762560956.331168
2025-11-08T00:35:11.1557224Z CloudEvents: Disconnected. Reconnecting ... 1762560990.1505196
2025-11-08T00:35:11.1557534Z CloudEvents: Reconnected. 1762560990.2506654
2025-11-08T00:35:11.1558074Z CloudEvents: Disconnected. Reconnecting ... 1762561088.2095602
2025-11-08T00:35:11.1558377Z CloudEvents: Reconnected. 1762561088.309738
2025-11-08T00:35:11.1558672Z CloudEvents: Disconnected. Reconnecting ... 1762561389.580641
2025-11-08T00:35:11.1558974Z CloudEvents: Reconnected. 1762561389.6808488
2025-11-08T00:35:11.1559267Z CloudEvents: Disconnected. Reconnecting ... 1762561718.226313
2025-11-08T00:35:11.1559573Z CloudEvents: Reconnected. 1762561718.3265028
2025-11-08T00:35:11.1559864Z CloudEvents: Disconnected. Reconnecting ... 1762561841.4777188
2025-11-08T00:35:11.1560166Z CloudEvents: Reconnected. 1762561841.5778682
2025-11-08T00:35:11.1560496Z CloudEvents: Disconnected. Reconnecting ... 1762562003.8600707
2025-11-08T00:35:11.1560800Z CloudEvents: Reconnected. 1762562003.9602346
2025-11-08T00:35:11.1561099Z CloudEvents: Disconnected. Reconnecting ... 1762562044.2046802
2025-11-08T00:35:11.1561401Z CloudEvents: Reconnected. 1762562044.3048596
2025-11-08T00:35:11.1561695Z CloudEvents: Disconnected. Reconnecting ... 1762562075.1581047
2025-11-08T00:35:11.1562001Z CloudEvents: Reconnected. 1762562075.2582633
2025-11-08T00:35:11.1562294Z CloudEvents: Disconnected. Reconnecting ... 1762562098.3411324
2025-11-08T00:35:11.1562598Z CloudEvents: Reconnected. 1762562098.4413173
2025-11-08T00:35:11.1562901Z CloudEvents: Disconnected. Reconnecting ... 1762562111.0498834
2025-11-08T00:58:04.6762071Z CloudEvents: Reconnected.
2025-11-08T00:58:04.6820756Z Post job cleanup.
2025-11-08T00:58:04.7632247Z [command]/usr/bin/git version
2025-11-08T00:58:04.7668820Z git version 2.51.2
2025-11-08T00:58:04.7706398Z Temporarily overriding HOME='/home/runner/work/_temp/349b9d53-09d3-4c75-855e-2c9ee11e80d6' before making global git config changes
2025-11-08T00:58:04.7707877Z Adding repository directory to the temporary git global config as a safe directory
2025-11-08T00:58:04.7712592Z [command]/usr/bin/git config --global --add safe.directory /home/runner/work/scratchattach/scratchattach
2025-11-08T00:58:04.7750324Z [command]/usr/bin/git config --local --name-only --get-regexp core\.sshCommand
2025-11-08T00:58:04.7783141Z [command]/usr/bin/git submodule foreach --recursive sh -c "git config --local --name-only --get-regexp 'core\.sshCommand' && git config --local --unset-all 'core.sshCommand' || :"
2025-11-08T00:58:04.8013207Z [command]/usr/bin/git config --local --name-only --get-regexp http\.https\:\/\/github\.com\/\.extraheader
2025-11-08T00:58:04.8038339Z http.https://github.com/.extraheader
2025-11-08T00:58:04.8048458Z [command]/usr/bin/git config --local --unset-all http.https://github.com/.extraheader
2025-11-08T00:58:04.8079247Z [command]/usr/bin/git submodule foreach --recursive sh -c "git config --local --name-only --get-regexp 'http\.https\:\/\/github\.com\/\.extraheader' && git config --local --unset-all 'http.https://github.com/.extraheader' || :"
2025-11-08T00:58:04.8413355Z Post job cleanup.
2025-11-08T00:58:04.9601534Z (node:4744) [DEP0040] DeprecationWarning: The `punycode` module is deprecated. Please use a userland alternative instead.
2025-11-08T00:58:04.9602644Z (Use `node --trace-deprecation ...` to show where the warning was created)
2025-11-08T00:58:04.9730054Z Post job cleanup.
2025-11-08T00:58:05.0556402Z [command]/usr/bin/git version
2025-11-08T00:58:05.0601495Z git version 2.51.2
2025-11-08T00:58:05.0680483Z Temporarily overriding HOME='/home/runner/work/_temp/d62ee574-7086-4f1b-8007-6ecf40b97dc4' before making global git config changes
2025-11-08T00:58:05.0681781Z Adding repository directory to the temporary git global config as a safe directory
2025-11-08T00:58:05.0685377Z [command]/usr/bin/git config --global --add safe.directory /home/runner/work/scratchattach/scratchattach
2025-11-08T00:58:05.0730807Z [command]/usr/bin/git config --local --name-only --get-regexp core\.sshCommand
2025-11-08T00:58:05.0768503Z [command]/usr/bin/git submodule foreach --recursive sh -c "git config --local --name-only --get-regexp 'core\.sshCommand' && git config --local --unset-all 'core.sshCommand' || :"
2025-11-08T00:58:05.1010178Z [command]/usr/bin/git config --local --name-only --get-regexp http\.https\:\/\/github\.com\/\.extraheader
2025-11-08T00:58:05.1043249Z [command]/usr/bin/git submodule foreach --recursive sh -c "git config --local --name-only --get-regexp 'http\.https\:\/\/github\.com\/\.extraheader' && git config --local --unset-all 'http.https://github.com/.extraheader' || :"
2025-11-08T00:58:05.1407128Z Cleaning up orphan processes
