2025-12-25T17:31:51.7238744Z Current runner version: '2.330.0'
2025-12-25T17:31:51.7269586Z ##[group]Runner Image Provisioner
2025-12-25T17:31:51.7270613Z Hosted Compute Agent
2025-12-25T17:31:51.7271376Z Version: 20251211.462
2025-12-25T17:31:51.7272178Z Commit: 6cbad8c2bb55d58165063d031ccabf57e2d2db61
2025-12-25T17:31:51.7273197Z Build Date: 2025-12-11T16:28:49Z
2025-12-25T17:31:51.7274062Z Worker ID: {6e674b79-2ce7-43dd-b66f-523efe441647}
2025-12-25T17:31:51.7275050Z ##[endgroup]
2025-12-25T17:31:51.7275743Z ##[group]Operating System
2025-12-25T17:31:51.7276550Z Microsoft Windows Server 2025
2025-12-25T17:31:51.7277321Z 10.0.26100
2025-12-25T17:31:51.7277937Z Datacenter
2025-12-25T17:31:51.7278553Z ##[endgroup]
2025-12-25T17:31:51.7279189Z ##[group]Runner Image
2025-12-25T17:31:51.7279968Z Image: windows-2025
2025-12-25T17:31:51.7280630Z Version: 20251216.149.1
2025-12-25T17:31:51.7282624Z Included Software: https://github.com/actions/runner-images/blob/win25/20251216.149/images/windows/Windows2025-Readme.md
2025-12-25T17:31:51.7284921Z Image Release: https://github.com/actions/runner-images/releases/tag/win25%2F20251216.149
2025-12-25T17:31:51.7286266Z ##[endgroup]
2025-12-25T17:31:51.7288434Z ##[group]GITHUB_TOKEN Permissions
2025-12-25T17:31:51.7290626Z Contents: read
2025-12-25T17:31:51.7291462Z Metadata: read
2025-12-25T17:31:51.7292153Z ##[endgroup]
2025-12-25T17:31:51.7294675Z Secret source: Actions
2025-12-25T17:31:51.7295633Z Prepare workflow directory
2025-12-25T17:31:51.7747180Z Prepare all required actions
2025-12-25T17:31:51.7798771Z Getting action download info
2025-12-25T17:31:52.1323029Z Download action repository 'actions/checkout@v6.0.1' (SHA:8e8c483db84b4bee98b60c0593521ed34d9990e8)
2025-12-25T17:31:52.2602566Z Download action repository 'actions/setup-python@v6.1.0' (SHA:83679a892e2d95755f2dac6acb0bfd1e9ac5d548)
2025-12-25T17:31:52.5410261Z Complete job name: build (3.11, windows-latest)
2025-12-25T17:31:52.6740588Z ##[group]Run actions/checkout@v6.0.1
2025-12-25T17:31:52.6741611Z with:
2025-12-25T17:31:52.6742039Z   ref: scratch_chat_dev
2025-12-25T17:31:52.6742486Z   repository: Boss-1s/scratchattach
2025-12-25T17:31:52.6743164Z   token: ***
2025-12-25T17:31:52.6743538Z   ssh-strict: true
2025-12-25T17:31:52.6743919Z   ssh-user: git
2025-12-25T17:31:52.6744332Z   persist-credentials: true
2025-12-25T17:31:52.6744772Z   clean: true
2025-12-25T17:31:52.6745174Z   sparse-checkout-cone-mode: true
2025-12-25T17:31:52.6745669Z   fetch-depth: 1
2025-12-25T17:31:52.6746059Z   fetch-tags: false
2025-12-25T17:31:52.6746467Z   show-progress: true
2025-12-25T17:31:52.6746869Z   lfs: false
2025-12-25T17:31:52.6747230Z   submodules: false
2025-12-25T17:31:52.6747627Z   set-safe-directory: true
2025-12-25T17:31:52.6748268Z ##[endgroup]
2025-12-25T17:31:52.8320305Z Syncing repository: Boss-1s/scratchattach
2025-12-25T17:31:52.8322848Z ##[group]Getting Git version info
2025-12-25T17:31:52.8323915Z Working directory is 'D:\a\scratchattach\scratchattach'
2025-12-25T17:31:52.9267668Z [command]"C:\Program Files\Git\bin\git.exe" version
2025-12-25T17:31:53.0978819Z git version 2.52.0.windows.1
2025-12-25T17:31:53.1034236Z ##[endgroup]
2025-12-25T17:31:53.1058184Z Temporarily overriding HOME='D:\a\_temp\eaf0f6fa-405e-4814-b967-3d1beda96a3e' before making global git config changes
2025-12-25T17:31:53.1060452Z Adding repository directory to the temporary git global config as a safe directory
2025-12-25T17:31:53.1068092Z [command]"C:\Program Files\Git\bin\git.exe" config --global --add safe.directory D:\a\scratchattach\scratchattach
2025-12-25T17:31:53.1383553Z Deleting the contents of 'D:\a\scratchattach\scratchattach'
2025-12-25T17:31:53.1390178Z ##[group]Initializing the repository
2025-12-25T17:31:53.1398183Z [command]"C:\Program Files\Git\bin\git.exe" init D:\a\scratchattach\scratchattach
2025-12-25T17:31:53.1854376Z Initialized empty Git repository in D:/a/scratchattach/scratchattach/.git/
2025-12-25T17:31:53.1900165Z [command]"C:\Program Files\Git\bin\git.exe" remote add origin https://github.com/Boss-1s/scratchattach
2025-12-25T17:31:53.2210381Z ##[endgroup]
2025-12-25T17:31:53.2211586Z ##[group]Disabling automatic garbage collection
2025-12-25T17:31:53.2218599Z [command]"C:\Program Files\Git\bin\git.exe" config --local gc.auto 0
2025-12-25T17:31:53.2541838Z ##[endgroup]
2025-12-25T17:31:53.2542634Z ##[group]Setting up auth
2025-12-25T17:31:53.2544046Z Removing SSH command configuration
2025-12-25T17:31:53.2559954Z [command]"C:\Program Files\Git\bin\git.exe" config --local --name-only --get-regexp core\.sshCommand
2025-12-25T17:31:53.2941170Z [command]"C:\Program Files\Git\bin\git.exe" submodule foreach --recursive "sh -c \"git config --local --name-only --get-regexp 'core\.sshCommand' && git config --local --unset-all 'core.sshCommand' || :\""
2025-12-25T17:31:54.2177580Z Removing HTTP extra header
2025-12-25T17:31:54.2188507Z [command]"C:\Program Files\Git\bin\git.exe" config --local --name-only --get-regexp http\.https\:\/\/github\.com\/\.extraheader
2025-12-25T17:31:54.2496105Z [command]"C:\Program Files\Git\bin\git.exe" submodule foreach --recursive "sh -c \"git config --local --name-only --get-regexp 'http\.https\:\/\/github\.com\/\.extraheader' && git config --local --unset-all 'http.https://github.com/.extraheader' || :\""
2025-12-25T17:31:54.7966627Z Removing includeIf entries pointing to credentials config files
2025-12-25T17:31:54.7977754Z [command]"C:\Program Files\Git\bin\git.exe" config --local --name-only --get-regexp ^includeIf\.gitdir:
2025-12-25T17:31:54.8337617Z [command]"C:\Program Files\Git\bin\git.exe" submodule foreach --recursive "git config --local --show-origin --name-only --get-regexp remote.origin.url"
2025-12-25T17:31:55.3914102Z [command]"C:\Program Files\Git\bin\git.exe" config --file D:\a\_temp\git-credentials-12bcfb01-c89f-4707-911c-1fb032aa7912.config http.https://github.com/.extraheader "AUTHORIZATION: basic ***"
2025-12-25T17:31:55.4264511Z [command]"C:\Program Files\Git\bin\git.exe" config --local includeIf.gitdir:D:/a/scratchattach/scratchattach/.git.path D:\a\_temp\git-credentials-12bcfb01-c89f-4707-911c-1fb032aa7912.config
2025-12-25T17:31:55.4590663Z [command]"C:\Program Files\Git\bin\git.exe" config --local includeIf.gitdir:D:/a/scratchattach/scratchattach/.git/worktrees/*.path D:\a\_temp\git-credentials-12bcfb01-c89f-4707-911c-1fb032aa7912.config
2025-12-25T17:31:55.4952257Z [command]"C:\Program Files\Git\bin\git.exe" config --local includeIf.gitdir:/github/workspace/.git.path /github/runner_temp/git-credentials-12bcfb01-c89f-4707-911c-1fb032aa7912.config
2025-12-25T17:31:55.5273179Z [command]"C:\Program Files\Git\bin\git.exe" config --local includeIf.gitdir:/github/workspace/.git/worktrees/*.path /github/runner_temp/git-credentials-12bcfb01-c89f-4707-911c-1fb032aa7912.config
2025-12-25T17:31:55.5630965Z ##[endgroup]
2025-12-25T17:31:55.5631844Z ##[group]Fetching the repository
2025-12-25T17:31:55.5649707Z [command]"C:\Program Files\Git\bin\git.exe" -c protocol.version=2 fetch --no-tags --prune --no-recurse-submodules --depth=1 origin +refs/heads/scratch_chat_dev*:refs/remotes/origin/scratch_chat_dev* +refs/tags/scratch_chat_dev*:refs/tags/scratch_chat_dev*
2025-12-25T17:31:58.0793564Z From https://github.com/Boss-1s/scratchattach
2025-12-25T17:31:58.0794441Z  * [new branch]      scratch_chat_dev -> origin/scratch_chat_dev
2025-12-25T17:31:58.0998795Z ##[endgroup]
2025-12-25T17:31:58.0999924Z ##[group]Determining the checkout info
2025-12-25T17:31:58.1014506Z [command]"C:\Program Files\Git\bin\git.exe" branch --list --remote origin/scratch_chat_dev
2025-12-25T17:31:58.1281534Z   origin/scratch_chat_dev
2025-12-25T17:31:58.1323755Z ##[endgroup]
2025-12-25T17:31:58.1335520Z [command]"C:\Program Files\Git\bin\git.exe" sparse-checkout disable
2025-12-25T17:31:58.1677508Z [command]"C:\Program Files\Git\bin\git.exe" config --local --unset-all extensions.worktreeConfig
2025-12-25T17:31:58.1963300Z ##[group]Checking out the ref
2025-12-25T17:31:58.1972861Z [command]"C:\Program Files\Git\bin\git.exe" checkout --progress --force -B scratch_chat_dev refs/remotes/origin/scratch_chat_dev
2025-12-25T17:31:59.2360508Z Updating files:  73% (1813/2463)
2025-12-25T17:31:59.2515679Z Updating files:  74% (1823/2463)
2025-12-25T17:31:59.2697177Z Updating files:  75% (1848/2463)
2025-12-25T17:31:59.2857444Z Updating files:  76% (1872/2463)
2025-12-25T17:31:59.3703509Z Updating files:  77% (1897/2463)
2025-12-25T17:31:59.3793268Z Updating files:  78% (1922/2463)
2025-12-25T17:31:59.3894705Z Updating files:  79% (1946/2463)
2025-12-25T17:31:59.4021887Z Updating files:  80% (1971/2463)
2025-12-25T17:31:59.4116484Z Updating files:  81% (1996/2463)
2025-12-25T17:31:59.4215903Z Updating files:  82% (2020/2463)
2025-12-25T17:31:59.4317078Z Updating files:  83% (2045/2463)
2025-12-25T17:31:59.4420796Z Updating files:  84% (2069/2463)
2025-12-25T17:31:59.4550907Z Updating files:  85% (2094/2463)
2025-12-25T17:31:59.4650575Z Updating files:  86% (2119/2463)
2025-12-25T17:31:59.4736392Z Updating files:  87% (2143/2463)
2025-12-25T17:31:59.4837442Z Updating files:  88% (2168/2463)
2025-12-25T17:31:59.5033645Z Updating files:  89% (2193/2463)
2025-12-25T17:31:59.5180584Z Updating files:  90% (2217/2463)
2025-12-25T17:31:59.5324405Z Updating files:  91% (2242/2463)
2025-12-25T17:31:59.5442124Z Updating files:  92% (2266/2463)
2025-12-25T17:31:59.5524417Z Updating files:  93% (2291/2463)
2025-12-25T17:31:59.5595667Z Updating files:  94% (2316/2463)
2025-12-25T17:31:59.5668903Z Updating files:  95% (2340/2463)
2025-12-25T17:31:59.5739645Z Updating files:  96% (2365/2463)
2025-12-25T17:31:59.5890548Z Updating files:  97% (2390/2463)
2025-12-25T17:31:59.5993955Z Updating files:  98% (2414/2463)
2025-12-25T17:31:59.6061232Z Updating files:  99% (2439/2463)
2025-12-25T17:31:59.6062339Z Updating files: 100% (2463/2463)
2025-12-25T17:31:59.6062731Z Updating files: 100% (2463/2463), done.
2025-12-25T17:31:59.6231583Z branch 'scratch_chat_dev' set up to track 'origin/scratch_chat_dev'.
2025-12-25T17:31:59.6243034Z Switched to a new branch 'scratch_chat_dev'
2025-12-25T17:31:59.6350807Z ##[endgroup]
2025-12-25T17:31:59.6763310Z [command]"C:\Program Files\Git\bin\git.exe" log -1 --format=%H
2025-12-25T17:31:59.7050800Z 0ba74a38dd7486a1beced25810a0e0ffdc385f09
2025-12-25T17:31:59.7474432Z ##[group]Run actions/setup-python@v6.1.0
2025-12-25T17:31:59.7474748Z with:
2025-12-25T17:31:59.7474912Z   python-version: 3.11
2025-12-25T17:31:59.7475105Z   check-latest: false
2025-12-25T17:31:59.7475408Z   token: ***
2025-12-25T17:31:59.7475588Z   update-environment: true
2025-12-25T17:31:59.7475801Z   allow-prereleases: false
2025-12-25T17:31:59.7475992Z   freethreaded: false
2025-12-25T17:31:59.7476160Z ##[endgroup]
2025-12-25T17:31:59.9122337Z ##[group]Installed versions
2025-12-25T17:31:59.9222146Z (node:8228) [DEP0040] DeprecationWarning: The `punycode` module is deprecated. Please use a userland alternative instead.
2025-12-25T17:31:59.9223184Z (Use `node --trace-deprecation ...` to show where the warning was created)
2025-12-25T17:31:59.9224235Z Successfully set up CPython (3.11.9)
2025-12-25T17:31:59.9224874Z ##[endgroup]
2025-12-25T17:31:59.9500614Z ##[group]Run cd test
2025-12-25T17:31:59.9500919Z [36;1mcd test[0m
2025-12-25T17:31:59.9501102Z [36;1mpython3 test5.py[0m
2025-12-25T17:31:59.9630284Z shell: C:\Program Files\PowerShell\7\pwsh.EXE -command ". '{0}'"
2025-12-25T17:31:59.9630604Z env:
2025-12-25T17:31:59.9630851Z   pythonLocation: C:\hostedtoolcache\windows\Python\3.11.9\x64
2025-12-25T17:31:59.9631271Z   PKG_CONFIG_PATH: C:\hostedtoolcache\windows\Python\3.11.9\x64/lib/pkgconfig
2025-12-25T17:31:59.9631676Z   Python_ROOT_DIR: C:\hostedtoolcache\windows\Python\3.11.9\x64
2025-12-25T17:31:59.9632029Z   Python2_ROOT_DIR: C:\hostedtoolcache\windows\Python\3.11.9\x64
2025-12-25T17:31:59.9632385Z   Python3_ROOT_DIR: C:\hostedtoolcache\windows\Python\3.11.9\x64
2025-12-25T17:31:59.9632654Z ##[endgroup]
2025-12-25T17:32:05.3410833Z Traceback (most recent call last):
2025-12-25T17:32:05.3416405Z   File "D:\a\scratchattach\scratchattach\test\test5.py", line 8, in <module>
2025-12-25T17:32:05.3496463Z     from key_multivalue_storage import Storage as s
2025-12-25T17:32:05.3573701Z   File "D:\a\scratchattach\scratchattach\key_multivalue_storage.py", line 214
2025-12-25T17:32:05.3576866Z     if ".json" not in file_path:
2025-12-25T17:32:05.3577423Z TabError: inconsistent use of tabs and spaces in indentation
2025-12-25T17:32:05.6356683Z ##[error]Process completed with exit code 1.
2025-12-25T17:32:05.6624986Z Post job cleanup.
2025-12-25T17:32:05.8855540Z [command]"C:\Program Files\Git\bin\git.exe" version
2025-12-25T17:32:05.9134826Z git version 2.52.0.windows.1
2025-12-25T17:32:05.9211453Z Temporarily overriding HOME='D:\a\_temp\5ad7065c-ffad-4c03-bd30-33ebf382f19c' before making global git config changes
2025-12-25T17:32:05.9212567Z Adding repository directory to the temporary git global config as a safe directory
2025-12-25T17:32:05.9222726Z [command]"C:\Program Files\Git\bin\git.exe" config --global --add safe.directory D:\a\scratchattach\scratchattach
2025-12-25T17:32:05.9518030Z Removing SSH command configuration
2025-12-25T17:32:05.9529673Z [command]"C:\Program Files\Git\bin\git.exe" config --local --name-only --get-regexp core\.sshCommand
2025-12-25T17:32:05.9840905Z [command]"C:\Program Files\Git\bin\git.exe" submodule foreach --recursive "sh -c \"git config --local --name-only --get-regexp 'core\.sshCommand' && git config --local --unset-all 'core.sshCommand' || :\""
2025-12-25T17:32:06.5611649Z Removing HTTP extra header
2025-12-25T17:32:06.5622072Z [command]"C:\Program Files\Git\bin\git.exe" config --local --name-only --get-regexp http\.https\:\/\/github\.com\/\.extraheader
2025-12-25T17:32:06.5938417Z [command]"C:\Program Files\Git\bin\git.exe" submodule foreach --recursive "sh -c \"git config --local --name-only --get-regexp 'http\.https\:\/\/github\.com\/\.extraheader' && git config --local --unset-all 'http.https://github.com/.extraheader' || :\""
2025-12-25T17:32:07.1116561Z Removing includeIf entries pointing to credentials config files
2025-12-25T17:32:07.1128447Z [command]"C:\Program Files\Git\bin\git.exe" config --local --name-only --get-regexp ^includeIf\.gitdir:
2025-12-25T17:32:07.1401970Z includeif.gitdir:D:/a/scratchattach/scratchattach/.git.path
2025-12-25T17:32:07.1403845Z includeif.gitdir:D:/a/scratchattach/scratchattach/.git/worktrees/*.path
2025-12-25T17:32:07.1405068Z includeif.gitdir:/github/workspace/.git.path
2025-12-25T17:32:07.1405644Z includeif.gitdir:/github/workspace/.git/worktrees/*.path
2025-12-25T17:32:07.1445949Z [command]"C:\Program Files\Git\bin\git.exe" config --local --get-all includeif.gitdir:D:/a/scratchattach/scratchattach/.git.path
2025-12-25T17:32:07.1775115Z D:\a\_temp\git-credentials-12bcfb01-c89f-4707-911c-1fb032aa7912.config
2025-12-25T17:32:07.1825107Z [command]"C:\Program Files\Git\bin\git.exe" config --local --unset includeif.gitdir:D:/a/scratchattach/scratchattach/.git.path D:\a\_temp\git-credentials-12bcfb01-c89f-4707-911c-1fb032aa7912.config
2025-12-25T17:32:07.2123165Z [command]"C:\Program Files\Git\bin\git.exe" config --local --get-all includeif.gitdir:D:/a/scratchattach/scratchattach/.git/worktrees/*.path
2025-12-25T17:32:07.2426862Z D:\a\_temp\git-credentials-12bcfb01-c89f-4707-911c-1fb032aa7912.config
2025-12-25T17:32:07.2470363Z [command]"C:\Program Files\Git\bin\git.exe" config --local --unset includeif.gitdir:D:/a/scratchattach/scratchattach/.git/worktrees/*.path D:\a\_temp\git-credentials-12bcfb01-c89f-4707-911c-1fb032aa7912.config
2025-12-25T17:32:07.2765334Z [command]"C:\Program Files\Git\bin\git.exe" config --local --get-all includeif.gitdir:/github/workspace/.git.path
2025-12-25T17:32:07.3027804Z /github/runner_temp/git-credentials-12bcfb01-c89f-4707-911c-1fb032aa7912.config
2025-12-25T17:32:07.3066496Z [command]"C:\Program Files\Git\bin\git.exe" config --local --unset includeif.gitdir:/github/workspace/.git.path /github/runner_temp/git-credentials-12bcfb01-c89f-4707-911c-1fb032aa7912.config
2025-12-25T17:32:07.3363887Z [command]"C:\Program Files\Git\bin\git.exe" config --local --get-all includeif.gitdir:/github/workspace/.git/worktrees/*.path
2025-12-25T17:32:07.3663821Z /github/runner_temp/git-credentials-12bcfb01-c89f-4707-911c-1fb032aa7912.config
2025-12-25T17:32:07.3709282Z [command]"C:\Program Files\Git\bin\git.exe" config --local --unset includeif.gitdir:/github/workspace/.git/worktrees/*.path /github/runner_temp/git-credentials-12bcfb01-c89f-4707-911c-1fb032aa7912.config
2025-12-25T17:32:07.4023144Z [command]"C:\Program Files\Git\bin\git.exe" submodule foreach --recursive "git config --local --show-origin --name-only --get-regexp remote.origin.url"
2025-12-25T17:32:07.9487193Z Removing credentials config 'D:\a\_temp\git-credentials-12bcfb01-c89f-4707-911c-1fb032aa7912.config'
2025-12-25T17:32:07.9664351Z Cleaning up orphan processes
