2025-12-23T15:02:36.8100650Z Current runner version: '2.330.0'
2025-12-23T15:02:36.8128134Z ##[group]Runner Image Provisioner
2025-12-23T15:02:36.8128891Z Hosted Compute Agent
2025-12-23T15:02:36.8129401Z Version: 20251211.462
2025-12-23T15:02:36.8129950Z Commit: 6cbad8c2bb55d58165063d031ccabf57e2d2db61
2025-12-23T15:02:36.8130587Z Build Date: 2025-12-11T16:28:49Z
2025-12-23T15:02:36.8131192Z Worker ID: {0aae741d-9e74-4742-879e-ef9adeaf9d77}
2025-12-23T15:02:36.8131779Z ##[endgroup]
2025-12-23T15:02:36.8132270Z ##[group]Operating System
2025-12-23T15:02:36.8132773Z Microsoft Windows Server 2025
2025-12-23T15:02:36.8133708Z 10.0.26100
2025-12-23T15:02:36.8134145Z Datacenter
2025-12-23T15:02:36.8134531Z ##[endgroup]
2025-12-23T15:02:36.8134970Z ##[group]Runner Image
2025-12-23T15:02:36.8135412Z Image: windows-2025
2025-12-23T15:02:36.8135852Z Version: 20251216.149.1
2025-12-23T15:02:36.8137097Z Included Software: https://github.com/actions/runner-images/blob/win25/20251216.149/images/windows/Windows2025-Readme.md
2025-12-23T15:02:36.8138514Z Image Release: https://github.com/actions/runner-images/releases/tag/win25%2F20251216.149
2025-12-23T15:02:36.8139304Z ##[endgroup]
2025-12-23T15:02:36.8141739Z ##[group]GITHUB_TOKEN Permissions
2025-12-23T15:02:36.8143618Z Actions: write
2025-12-23T15:02:36.8144124Z ArtifactMetadata: write
2025-12-23T15:02:36.8144585Z Attestations: write
2025-12-23T15:02:36.8145074Z Checks: write
2025-12-23T15:02:36.8145724Z Contents: write
2025-12-23T15:02:36.8146195Z Deployments: write
2025-12-23T15:02:36.8146645Z Discussions: write
2025-12-23T15:02:36.8147083Z Issues: write
2025-12-23T15:02:36.8147532Z Metadata: read
2025-12-23T15:02:36.8147949Z Models: read
2025-12-23T15:02:36.8148373Z Packages: write
2025-12-23T15:02:36.8148781Z Pages: write
2025-12-23T15:02:36.8149225Z PullRequests: write
2025-12-23T15:02:36.8149730Z RepositoryProjects: write
2025-12-23T15:02:36.8150269Z SecurityEvents: write
2025-12-23T15:02:36.8150867Z Statuses: write
2025-12-23T15:02:36.8151360Z ##[endgroup]
2025-12-23T15:02:36.8153632Z Secret source: Actions
2025-12-23T15:02:36.8154252Z Prepare workflow directory
2025-12-23T15:02:36.8591698Z Prepare all required actions
2025-12-23T15:02:36.8647786Z Getting action download info
2025-12-23T15:02:37.1227440Z Download action repository 'actions/checkout@v6.0.1' (SHA:8e8c483db84b4bee98b60c0593521ed34d9990e8)
2025-12-23T15:02:37.2768269Z Download action repository 'actions/setup-python@v6.1.0' (SHA:83679a892e2d95755f2dac6acb0bfd1e9ac5d548)
2025-12-23T15:02:37.6023895Z Complete job name: build (3.11, windows-latest)
2025-12-23T15:02:37.8062593Z ##[group]Run actions/checkout@v6.0.1
2025-12-23T15:02:37.8063547Z with:
2025-12-23T15:02:37.8063909Z   ref: scratch_chat_dev
2025-12-23T15:02:37.8064323Z   repository: Boss-1s/scratchattach
2025-12-23T15:02:37.8064942Z   token: ***
2025-12-23T15:02:37.8065292Z   ssh-strict: true
2025-12-23T15:02:37.8065646Z   ssh-user: git
2025-12-23T15:02:37.8066020Z   persist-credentials: true
2025-12-23T15:02:37.8066421Z   clean: true
2025-12-23T15:02:37.8066809Z   sparse-checkout-cone-mode: true
2025-12-23T15:02:37.8067238Z   fetch-depth: 1
2025-12-23T15:02:37.8067596Z   fetch-tags: false
2025-12-23T15:02:37.8067950Z   show-progress: true
2025-12-23T15:02:37.8068312Z   lfs: false
2025-12-23T15:02:37.8068969Z   submodules: false
2025-12-23T15:02:37.8069419Z   set-safe-directory: true
2025-12-23T15:02:37.8070094Z ##[endgroup]
2025-12-23T15:02:37.9717461Z Syncing repository: Boss-1s/scratchattach
2025-12-23T15:02:37.9719058Z ##[group]Getting Git version info
2025-12-23T15:02:37.9719737Z Working directory is 'D:\a\scratchattach\scratchattach'
2025-12-23T15:02:38.0522106Z [command]"C:\Program Files\Git\bin\git.exe" version
2025-12-23T15:02:38.3796386Z git version 2.52.0.windows.1
2025-12-23T15:02:38.3843891Z ##[endgroup]
2025-12-23T15:02:38.3868279Z Temporarily overriding HOME='D:\a\_temp\90ad5a0f-3ec3-4e4f-aa7b-9f41abbf9bfc' before making global git config changes
2025-12-23T15:02:38.3869817Z Adding repository directory to the temporary git global config as a safe directory
2025-12-23T15:02:38.3881581Z [command]"C:\Program Files\Git\bin\git.exe" config --global --add safe.directory D:\a\scratchattach\scratchattach
2025-12-23T15:02:38.4176428Z Deleting the contents of 'D:\a\scratchattach\scratchattach'
2025-12-23T15:02:38.4182221Z ##[group]Initializing the repository
2025-12-23T15:02:38.4190110Z [command]"C:\Program Files\Git\bin\git.exe" init D:\a\scratchattach\scratchattach
2025-12-23T15:02:38.4917951Z Initialized empty Git repository in D:/a/scratchattach/scratchattach/.git/
2025-12-23T15:02:38.4960263Z [command]"C:\Program Files\Git\bin\git.exe" remote add origin https://github.com/Boss-1s/scratchattach
2025-12-23T15:02:38.5284798Z ##[endgroup]
2025-12-23T15:02:38.5286247Z ##[group]Disabling automatic garbage collection
2025-12-23T15:02:38.5291951Z [command]"C:\Program Files\Git\bin\git.exe" config --local gc.auto 0
2025-12-23T15:02:38.5574614Z ##[endgroup]
2025-12-23T15:02:38.5575763Z ##[group]Setting up auth
2025-12-23T15:02:38.5577125Z Removing SSH command configuration
2025-12-23T15:02:38.5586874Z [command]"C:\Program Files\Git\bin\git.exe" config --local --name-only --get-regexp core\.sshCommand
2025-12-23T15:02:38.5876567Z [command]"C:\Program Files\Git\bin\git.exe" submodule foreach --recursive "sh -c \"git config --local --name-only --get-regexp 'core\.sshCommand' && git config --local --unset-all 'core.sshCommand' || :\""
2025-12-23T15:02:40.3080118Z Removing HTTP extra header
2025-12-23T15:02:40.3089909Z [command]"C:\Program Files\Git\bin\git.exe" config --local --name-only --get-regexp http\.https\:\/\/github\.com\/\.extraheader
2025-12-23T15:02:40.3377135Z [command]"C:\Program Files\Git\bin\git.exe" submodule foreach --recursive "sh -c \"git config --local --name-only --get-regexp 'http\.https\:\/\/github\.com\/\.extraheader' && git config --local --unset-all 'http.https://github.com/.extraheader' || :\""
2025-12-23T15:02:40.8645620Z Removing includeIf entries pointing to credentials config files
2025-12-23T15:02:40.8656199Z [command]"C:\Program Files\Git\bin\git.exe" config --local --name-only --get-regexp ^includeIf\.gitdir:
2025-12-23T15:02:40.8946115Z [command]"C:\Program Files\Git\bin\git.exe" submodule foreach --recursive "git config --local --show-origin --name-only --get-regexp remote.origin.url"
2025-12-23T15:02:41.4522009Z [command]"C:\Program Files\Git\bin\git.exe" config --file D:\a\_temp\git-credentials-3cd06bc4-04c7-4ea9-95e6-9d3f6a26dbe0.config http.https://github.com/.extraheader "AUTHORIZATION: basic ***"
2025-12-23T15:02:41.4835520Z [command]"C:\Program Files\Git\bin\git.exe" config --local includeIf.gitdir:D:/a/scratchattach/scratchattach/.git.path D:\a\_temp\git-credentials-3cd06bc4-04c7-4ea9-95e6-9d3f6a26dbe0.config
2025-12-23T15:02:41.5141460Z [command]"C:\Program Files\Git\bin\git.exe" config --local includeIf.gitdir:D:/a/scratchattach/scratchattach/.git/worktrees/*.path D:\a\_temp\git-credentials-3cd06bc4-04c7-4ea9-95e6-9d3f6a26dbe0.config
2025-12-23T15:02:41.5432460Z [command]"C:\Program Files\Git\bin\git.exe" config --local includeIf.gitdir:/github/workspace/.git.path /github/runner_temp/git-credentials-3cd06bc4-04c7-4ea9-95e6-9d3f6a26dbe0.config
2025-12-23T15:02:41.5722581Z [command]"C:\Program Files\Git\bin\git.exe" config --local includeIf.gitdir:/github/workspace/.git/worktrees/*.path /github/runner_temp/git-credentials-3cd06bc4-04c7-4ea9-95e6-9d3f6a26dbe0.config
2025-12-23T15:02:41.6041039Z ##[endgroup]
2025-12-23T15:02:41.6041668Z ##[group]Fetching the repository
2025-12-23T15:02:41.6055327Z [command]"C:\Program Files\Git\bin\git.exe" -c protocol.version=2 fetch --no-tags --prune --no-recurse-submodules --depth=1 origin +refs/heads/scratch_chat_dev*:refs/remotes/origin/scratch_chat_dev* +refs/tags/scratch_chat_dev*:refs/tags/scratch_chat_dev*
2025-12-23T15:02:43.7384489Z From https://github.com/Boss-1s/scratchattach
2025-12-23T15:02:43.7385209Z  * [new branch]      scratch_chat_dev -> origin/scratch_chat_dev
2025-12-23T15:02:43.7573899Z ##[endgroup]
2025-12-23T15:02:43.7576247Z ##[group]Determining the checkout info
2025-12-23T15:02:43.7586715Z [command]"C:\Program Files\Git\bin\git.exe" branch --list --remote origin/scratch_chat_dev
2025-12-23T15:02:43.7855389Z   origin/scratch_chat_dev
2025-12-23T15:02:43.7888603Z ##[endgroup]
2025-12-23T15:02:43.7896465Z [command]"C:\Program Files\Git\bin\git.exe" sparse-checkout disable
2025-12-23T15:02:43.8228118Z [command]"C:\Program Files\Git\bin\git.exe" config --local --unset-all extensions.worktreeConfig
2025-12-23T15:02:43.8509487Z ##[group]Checking out the ref
2025-12-23T15:02:43.8518708Z [command]"C:\Program Files\Git\bin\git.exe" checkout --progress --force -B scratch_chat_dev refs/remotes/origin/scratch_chat_dev
2025-12-23T15:02:44.9303212Z Updating files:  83% (1901/2269)
2025-12-23T15:02:44.9381680Z Updating files:  84% (1906/2269)
2025-12-23T15:02:44.9472086Z Updating files:  85% (1929/2269)
2025-12-23T15:02:44.9563249Z Updating files:  86% (1952/2269)
2025-12-23T15:02:44.9643329Z Updating files:  87% (1975/2269)
2025-12-23T15:02:44.9732142Z Updating files:  88% (1997/2269)
2025-12-23T15:02:44.9811493Z Updating files:  89% (2020/2269)
2025-12-23T15:02:44.9907407Z Updating files:  90% (2043/2269)
2025-12-23T15:02:44.9996426Z Updating files:  91% (2065/2269)
2025-12-23T15:02:45.0079221Z Updating files:  92% (2088/2269)
2025-12-23T15:02:45.0164555Z Updating files:  93% (2111/2269)
2025-12-23T15:02:45.0245222Z Updating files:  94% (2133/2269)
2025-12-23T15:02:45.0334143Z Updating files:  95% (2156/2269)
2025-12-23T15:02:45.0410849Z Updating files:  96% (2179/2269)
2025-12-23T15:02:45.0586688Z Updating files:  97% (2201/2269)
2025-12-23T15:02:45.0697781Z Updating files:  98% (2224/2269)
2025-12-23T15:02:45.0759210Z Updating files:  99% (2247/2269)
2025-12-23T15:02:45.0759623Z Updating files: 100% (2269/2269)
2025-12-23T15:02:45.0759900Z Updating files: 100% (2269/2269), done.
2025-12-23T15:02:45.0925144Z branch 'scratch_chat_dev' set up to track 'origin/scratch_chat_dev'.
2025-12-23T15:02:45.0940525Z Switched to a new branch 'scratch_chat_dev'
2025-12-23T15:02:45.1044227Z ##[endgroup]
2025-12-23T15:02:45.1367251Z [command]"C:\Program Files\Git\bin\git.exe" log -1 --format=%H
2025-12-23T15:02:45.1628067Z 16a62e97f3ec191fa4c688d568866b72cdfc6ad4
2025-12-23T15:02:45.2041526Z ##[group]Run actions/setup-python@v6.1.0
2025-12-23T15:02:45.2041849Z with:
2025-12-23T15:02:45.2042014Z   python-version: 3.11
2025-12-23T15:02:45.2042204Z   check-latest: false
2025-12-23T15:02:45.2042534Z   token: ***
2025-12-23T15:02:45.2042701Z   update-environment: true
2025-12-23T15:02:45.2042900Z   allow-prereleases: false
2025-12-23T15:02:45.2043076Z   freethreaded: false
2025-12-23T15:02:45.2043242Z ##[endgroup]
2025-12-23T15:02:45.3666265Z ##[group]Installed versions
2025-12-23T15:02:45.3765163Z (node:1216) [DEP0040] DeprecationWarning: The `punycode` module is deprecated. Please use a userland alternative instead.
2025-12-23T15:02:45.3765823Z (Use `node --trace-deprecation ...` to show where the warning was created)
2025-12-23T15:02:45.3766790Z Successfully set up CPython (3.11.9)
2025-12-23T15:02:45.3767432Z ##[endgroup]
2025-12-23T15:02:45.4047561Z ##[group]Run cd test
2025-12-23T15:02:45.4047878Z [36;1mcd test[0m
2025-12-23T15:02:45.4048059Z [36;1mpython3 test5.py[0m
2025-12-23T15:02:45.4431727Z shell: C:\Program Files\PowerShell\7\pwsh.EXE -command ". '{0}'"
2025-12-23T15:02:45.4432048Z env:
2025-12-23T15:02:45.4432289Z   pythonLocation: C:\hostedtoolcache\windows\Python\3.11.9\x64
2025-12-23T15:02:45.4432705Z   PKG_CONFIG_PATH: C:\hostedtoolcache\windows\Python\3.11.9\x64/lib/pkgconfig
2025-12-23T15:02:45.4433101Z   Python_ROOT_DIR: C:\hostedtoolcache\windows\Python\3.11.9\x64
2025-12-23T15:02:45.4433464Z   Python2_ROOT_DIR: C:\hostedtoolcache\windows\Python\3.11.9\x64
2025-12-23T15:02:45.4433813Z   Python3_ROOT_DIR: C:\hostedtoolcache\windows\Python\3.11.9\x64
2025-12-23T15:02:45.4434084Z ##[endgroup]
2025-12-23T15:02:56.2328067Z   File "D:\a\scratchattach\scratchattach\test\test5.py", line 1
2025-12-23T15:02:56.2328815Z     from ../key_multivalue_storage import Storage as s
2025-12-23T15:02:56.2329133Z            ^
2025-12-23T15:02:56.2329304Z SyntaxError: invalid syntax
2025-12-23T15:02:56.8449018Z ##[error]Process completed with exit code 1.
2025-12-23T15:02:56.8686775Z Post job cleanup.
2025-12-23T15:02:57.0908419Z [command]"C:\Program Files\Git\bin\git.exe" version
2025-12-23T15:02:57.1193577Z git version 2.52.0.windows.1
2025-12-23T15:02:57.1272578Z Temporarily overriding HOME='D:\a\_temp\0ee02642-3af3-4295-b723-c88cf2fc49d2' before making global git config changes
2025-12-23T15:02:57.1273721Z Adding repository directory to the temporary git global config as a safe directory
2025-12-23T15:02:57.1284185Z [command]"C:\Program Files\Git\bin\git.exe" config --global --add safe.directory D:\a\scratchattach\scratchattach
2025-12-23T15:02:57.1617205Z Removing SSH command configuration
2025-12-23T15:02:57.1629293Z [command]"C:\Program Files\Git\bin\git.exe" config --local --name-only --get-regexp core\.sshCommand
2025-12-23T15:02:57.1950670Z [command]"C:\Program Files\Git\bin\git.exe" submodule foreach --recursive "sh -c \"git config --local --name-only --get-regexp 'core\.sshCommand' && git config --local --unset-all 'core.sshCommand' || :\""
2025-12-23T15:02:57.7939593Z Removing HTTP extra header
2025-12-23T15:02:57.7949633Z [command]"C:\Program Files\Git\bin\git.exe" config --local --name-only --get-regexp http\.https\:\/\/github\.com\/\.extraheader
2025-12-23T15:02:57.8385542Z [command]"C:\Program Files\Git\bin\git.exe" submodule foreach --recursive "sh -c \"git config --local --name-only --get-regexp 'http\.https\:\/\/github\.com\/\.extraheader' && git config --local --unset-all 'http.https://github.com/.extraheader' || :\""
2025-12-23T15:02:58.4122549Z Removing includeIf entries pointing to credentials config files
2025-12-23T15:02:58.4136632Z [command]"C:\Program Files\Git\bin\git.exe" config --local --name-only --get-regexp ^includeIf\.gitdir:
2025-12-23T15:02:58.4427882Z includeif.gitdir:D:/a/scratchattach/scratchattach/.git.path
2025-12-23T15:02:58.4428653Z includeif.gitdir:D:/a/scratchattach/scratchattach/.git/worktrees/*.path
2025-12-23T15:02:58.4429328Z includeif.gitdir:/github/workspace/.git.path
2025-12-23T15:02:58.4429901Z includeif.gitdir:/github/workspace/.git/worktrees/*.path
2025-12-23T15:02:58.4470467Z [command]"C:\Program Files\Git\bin\git.exe" config --local --get-all includeif.gitdir:D:/a/scratchattach/scratchattach/.git.path
2025-12-23T15:02:58.4751218Z D:\a\_temp\git-credentials-3cd06bc4-04c7-4ea9-95e6-9d3f6a26dbe0.config
2025-12-23T15:02:58.4803571Z [command]"C:\Program Files\Git\bin\git.exe" config --local --unset includeif.gitdir:D:/a/scratchattach/scratchattach/.git.path D:\a\_temp\git-credentials-3cd06bc4-04c7-4ea9-95e6-9d3f6a26dbe0.config
2025-12-23T15:02:58.5136338Z [command]"C:\Program Files\Git\bin\git.exe" config --local --get-all includeif.gitdir:D:/a/scratchattach/scratchattach/.git/worktrees/*.path
2025-12-23T15:02:58.5408504Z D:\a\_temp\git-credentials-3cd06bc4-04c7-4ea9-95e6-9d3f6a26dbe0.config
2025-12-23T15:02:58.5456496Z [command]"C:\Program Files\Git\bin\git.exe" config --local --unset includeif.gitdir:D:/a/scratchattach/scratchattach/.git/worktrees/*.path D:\a\_temp\git-credentials-3cd06bc4-04c7-4ea9-95e6-9d3f6a26dbe0.config
2025-12-23T15:02:58.5781256Z [command]"C:\Program Files\Git\bin\git.exe" config --local --get-all includeif.gitdir:/github/workspace/.git.path
2025-12-23T15:02:58.6099105Z /github/runner_temp/git-credentials-3cd06bc4-04c7-4ea9-95e6-9d3f6a26dbe0.config
2025-12-23T15:02:58.6146500Z [command]"C:\Program Files\Git\bin\git.exe" config --local --unset includeif.gitdir:/github/workspace/.git.path /github/runner_temp/git-credentials-3cd06bc4-04c7-4ea9-95e6-9d3f6a26dbe0.config
2025-12-23T15:02:58.6459955Z [command]"C:\Program Files\Git\bin\git.exe" config --local --get-all includeif.gitdir:/github/workspace/.git/worktrees/*.path
2025-12-23T15:02:58.6767241Z /github/runner_temp/git-credentials-3cd06bc4-04c7-4ea9-95e6-9d3f6a26dbe0.config
2025-12-23T15:02:58.6813062Z [command]"C:\Program Files\Git\bin\git.exe" config --local --unset includeif.gitdir:/github/workspace/.git/worktrees/*.path /github/runner_temp/git-credentials-3cd06bc4-04c7-4ea9-95e6-9d3f6a26dbe0.config
2025-12-23T15:02:58.7137600Z [command]"C:\Program Files\Git\bin\git.exe" submodule foreach --recursive "git config --local --show-origin --name-only --get-regexp remote.origin.url"
2025-12-23T15:02:59.3079464Z Removing credentials config 'D:\a\_temp\git-credentials-3cd06bc4-04c7-4ea9-95e6-9d3f6a26dbe0.config'
2025-12-23T15:02:59.3288019Z Cleaning up orphan processes
