2025-09-06T06:22:20.5028918Z Current runner version: '2.328.0'
2025-09-06T06:22:20.5062250Z ##[group]Runner Image Provisioner
2025-09-06T06:22:20.5063414Z Hosted Compute Agent
2025-09-06T06:22:20.5064301Z Version: 20250829.383
2025-09-06T06:22:20.5065402Z Commit: 27cb235aab5b0e52e153a26cd86b4742e89dac5d
2025-09-06T06:22:20.5066574Z Build Date: 2025-08-29T13:48:48Z
2025-09-06T06:22:20.5067632Z ##[endgroup]
2025-09-06T06:22:20.5068693Z ##[group]Operating System
2025-09-06T06:22:20.5069605Z Ubuntu
2025-09-06T06:22:20.5070554Z 24.04.3
2025-09-06T06:22:20.5071349Z LTS
2025-09-06T06:22:20.5072094Z ##[endgroup]
2025-09-06T06:22:20.5072952Z ##[group]Runner Image
2025-09-06T06:22:20.5074073Z Image: ubuntu-24.04
2025-09-06T06:22:20.5074987Z Version: 20250831.1.0
2025-09-06T06:22:20.5077122Z Included Software: https://github.com/actions/runner-images/blob/ubuntu24/20250831.1/images/ubuntu/Ubuntu2404-Readme.md
2025-09-06T06:22:20.5080226Z Image Release: https://github.com/actions/runner-images/releases/tag/ubuntu24%2F20250831.1
2025-09-06T06:22:20.5082225Z ##[endgroup]
2025-09-06T06:22:20.5086622Z ##[group]GITHUB_TOKEN Permissions
2025-09-06T06:22:20.5089547Z Actions: write
2025-09-06T06:22:20.5090639Z Attestations: write
2025-09-06T06:22:20.5091507Z Checks: write
2025-09-06T06:22:20.5092359Z Contents: write
2025-09-06T06:22:20.5093124Z Deployments: write
2025-09-06T06:22:20.5093983Z Discussions: write
2025-09-06T06:22:20.5095075Z Issues: write
2025-09-06T06:22:20.5095825Z Metadata: read
2025-09-06T06:22:20.5096585Z Models: read
2025-09-06T06:22:20.5097409Z Packages: write
2025-09-06T06:22:20.5098271Z Pages: write
2025-09-06T06:22:20.5099102Z PullRequests: write
2025-09-06T06:22:20.5100157Z RepositoryProjects: write
2025-09-06T06:22:20.5101177Z SecurityEvents: write
2025-09-06T06:22:20.5102157Z Statuses: write
2025-09-06T06:22:20.5102960Z ##[endgroup]
2025-09-06T06:22:20.5105762Z Secret source: Actions
2025-09-06T06:22:20.5106868Z Prepare workflow directory
2025-09-06T06:22:20.5557945Z Prepare all required actions
2025-09-06T06:22:20.5614541Z Getting action download info
2025-09-06T06:22:20.8493481Z Download action repository 'actions/checkout@v5.0.0' (SHA:08c6903cd8c0fde910a37f88322edcfb5dd907a8)
2025-09-06T06:22:20.9258613Z Download action repository 'actions/setup-python@v6.0.0' (SHA:e797f83bcb11b83ae66e0230d6156d7c80228e7c)
2025-09-06T06:22:21.1927120Z Download action repository 'bossOfCode/install-scratchattach@v1.0.3' (SHA:be17a7cf1ecb5a7040eb42ef26c2e1fbe72bb25a)
2025-09-06T06:22:21.5519548Z Complete job name: Run 1
2025-09-06T06:22:21.6224463Z ##[group]Run actions/checkout@v5.0.0
2025-09-06T06:22:21.6225413Z with:
2025-09-06T06:22:21.6225841Z   ref: main
2025-09-06T06:22:21.6226303Z   repository: Boss-1s/scratchattach
2025-09-06T06:22:21.6227050Z   token: ***
2025-09-06T06:22:21.6227493Z   ssh-strict: true
2025-09-06T06:22:21.6227950Z   ssh-user: git
2025-09-06T06:22:21.6228403Z   persist-credentials: true
2025-09-06T06:22:21.6228921Z   clean: true
2025-09-06T06:22:21.6229377Z   sparse-checkout-cone-mode: true
2025-09-06T06:22:21.6230105Z   fetch-depth: 1
2025-09-06T06:22:21.6230599Z   fetch-tags: false
2025-09-06T06:22:21.6231073Z   show-progress: true
2025-09-06T06:22:21.6231550Z   lfs: false
2025-09-06T06:22:21.6231996Z   submodules: false
2025-09-06T06:22:21.6232457Z   set-safe-directory: true
2025-09-06T06:22:21.6233232Z ##[endgroup]
2025-09-06T06:22:21.7142775Z Syncing repository: Boss-1s/scratchattach
2025-09-06T06:22:21.7144659Z ##[group]Getting Git version info
2025-09-06T06:22:21.7145643Z Working directory is '/home/runner/work/scratchattach/scratchattach'
2025-09-06T06:22:21.7146791Z [command]/usr/bin/git version
2025-09-06T06:22:21.7182060Z git version 2.51.0
2025-09-06T06:22:21.7203052Z ##[endgroup]
2025-09-06T06:22:21.7217315Z Temporarily overriding HOME='/home/runner/work/_temp/c8d6ce4e-7d51-49cf-9d38-1e9cb7385c3d' before making global git config changes
2025-09-06T06:22:21.7219666Z Adding repository directory to the temporary git global config as a safe directory
2025-09-06T06:22:21.7222280Z [command]/usr/bin/git config --global --add safe.directory /home/runner/work/scratchattach/scratchattach
2025-09-06T06:22:21.7257298Z Deleting the contents of '/home/runner/work/scratchattach/scratchattach'
2025-09-06T06:22:21.7260924Z ##[group]Initializing the repository
2025-09-06T06:22:21.7266243Z [command]/usr/bin/git init /home/runner/work/scratchattach/scratchattach
2025-09-06T06:22:21.7343450Z hint: Using 'master' as the name for the initial branch. This default branch name
2025-09-06T06:22:21.7345383Z hint: is subject to change. To configure the initial branch name to use in all
2025-09-06T06:22:21.7347127Z hint: of your new repositories, which will suppress this warning, call:
2025-09-06T06:22:21.7348436Z hint:
2025-09-06T06:22:21.7349408Z hint: 	git config --global init.defaultBranch <name>
2025-09-06T06:22:21.7350717Z hint:
2025-09-06T06:22:21.7351761Z hint: Names commonly chosen instead of 'master' are 'main', 'trunk' and
2025-09-06T06:22:21.7353425Z hint: 'development'. The just-created branch can be renamed via this command:
2025-09-06T06:22:21.7354787Z hint:
2025-09-06T06:22:21.7355505Z hint: 	git branch -m <name>
2025-09-06T06:22:21.7356274Z hint:
2025-09-06T06:22:21.7357132Z hint: Disable this message with "git config set advice.defaultBranchName false"
2025-09-06T06:22:21.7358619Z Initialized empty Git repository in /home/runner/work/scratchattach/scratchattach/.git/
2025-09-06T06:22:21.7360729Z [command]/usr/bin/git remote add origin https://github.com/Boss-1s/scratchattach
2025-09-06T06:22:21.7424014Z ##[endgroup]
2025-09-06T06:22:21.7424847Z ##[group]Disabling automatic garbage collection
2025-09-06T06:22:21.7427716Z [command]/usr/bin/git config --local gc.auto 0
2025-09-06T06:22:21.7455129Z ##[endgroup]
2025-09-06T06:22:21.7455888Z ##[group]Setting up auth
2025-09-06T06:22:21.7461886Z [command]/usr/bin/git config --local --name-only --get-regexp core\.sshCommand
2025-09-06T06:22:21.7491450Z [command]/usr/bin/git submodule foreach --recursive sh -c "git config --local --name-only --get-regexp 'core\.sshCommand' && git config --local --unset-all 'core.sshCommand' || :"
2025-09-06T06:22:21.7776241Z [command]/usr/bin/git config --local --name-only --get-regexp http\.https\:\/\/github\.com\/\.extraheader
2025-09-06T06:22:21.7807367Z [command]/usr/bin/git submodule foreach --recursive sh -c "git config --local --name-only --get-regexp 'http\.https\:\/\/github\.com\/\.extraheader' && git config --local --unset-all 'http.https://github.com/.extraheader' || :"
2025-09-06T06:22:21.8028895Z [command]/usr/bin/git config --local http.https://github.com/.extraheader AUTHORIZATION: basic ***
2025-09-06T06:22:21.8064221Z ##[endgroup]
2025-09-06T06:22:21.8065737Z ##[group]Fetching the repository
2025-09-06T06:22:21.8074313Z [command]/usr/bin/git -c protocol.version=2 fetch --no-tags --prune --no-recurse-submodules --depth=1 origin +refs/heads/main*:refs/remotes/origin/main* +refs/tags/main*:refs/tags/main*
2025-09-06T06:22:22.1443347Z From https://github.com/Boss-1s/scratchattach
2025-09-06T06:22:22.1445014Z  * [new branch]      main       -> origin/main
2025-09-06T06:22:22.1476507Z ##[endgroup]
2025-09-06T06:22:22.1478532Z ##[group]Determining the checkout info
2025-09-06T06:22:22.1484245Z [command]/usr/bin/git branch --list --remote origin/main
2025-09-06T06:22:22.1507041Z   origin/main
2025-09-06T06:22:22.1512871Z ##[endgroup]
2025-09-06T06:22:22.1516444Z [command]/usr/bin/git sparse-checkout disable
2025-09-06T06:22:22.1553641Z [command]/usr/bin/git config --local --unset-all extensions.worktreeConfig
2025-09-06T06:22:22.1581641Z ##[group]Checking out the ref
2025-09-06T06:22:22.1584824Z [command]/usr/bin/git checkout --progress --force -B main refs/remotes/origin/main
2025-09-06T06:22:22.2141518Z Switched to a new branch 'main'
2025-09-06T06:22:22.2143520Z branch 'main' set up to track 'origin/main'.
2025-09-06T06:22:22.2156666Z ##[endgroup]
2025-09-06T06:22:22.2195788Z [command]/usr/bin/git log -1 --format=%H
2025-09-06T06:22:22.2219587Z 124274bd2e12f49daecfdafa9c67d4ff09734d63
2025-09-06T06:22:22.2529676Z ##[group]Run actions/setup-python@v6.0.0
2025-09-06T06:22:22.2531404Z with:
2025-09-06T06:22:22.2532251Z   python-version: 3.12.5
2025-09-06T06:22:22.2533274Z   check-latest: false
2025-09-06T06:22:22.2534489Z   token: ***
2025-09-06T06:22:22.2535380Z   update-environment: true
2025-09-06T06:22:22.2536452Z   allow-prereleases: false
2025-09-06T06:22:22.2537499Z   freethreaded: false
2025-09-06T06:22:22.2538426Z ##[endgroup]
2025-09-06T06:22:22.3841888Z ##[group]Installed versions
2025-09-06T06:22:22.3861658Z Version 3.12.5 was not found in the local cache
2025-09-06T06:22:22.4027874Z (node:2060) [DEP0040] DeprecationWarning: The `punycode` module is deprecated. Please use a userland alternative instead.
2025-09-06T06:22:22.4030981Z (Use `node --trace-deprecation ...` to show where the warning was created)
2025-09-06T06:22:22.7024227Z Version 3.12.5 is available for downloading
2025-09-06T06:22:22.7026815Z Download from "https://github.com/actions/python-versions/releases/download/3.12.5-10375840348/python-3.12.5-linux-24.04-x64.tar.gz"
2025-09-06T06:22:23.3992072Z Extract downloaded archive
2025-09-06T06:22:23.4123037Z [command]/usr/bin/tar xz --warning=no-unknown-keyword --overwrite -C /home/runner/work/_temp/301bb5b0-1bc8-4267-ba11-9950c92fa509 -f /home/runner/work/_temp/41d9001a-4c6c-4bba-9e97-8dc4ee7568ca
2025-09-06T06:22:25.4119356Z Execute installation script
2025-09-06T06:22:25.4218484Z Check if Python hostedtoolcache folder exist...
2025-09-06T06:22:25.4219079Z Create Python 3.12.5 folder
2025-09-06T06:22:25.4232109Z Copy Python binaries to hostedtoolcache folder
2025-09-06T06:22:25.9766379Z Create additional symlinks (Required for the UsePythonVersion Azure Pipelines task and the setup-python GitHub Action)
2025-09-06T06:22:25.9810875Z Upgrading pip...
2025-09-06T06:22:27.9722394Z Looking in links: /tmp/tmpiixkj3_f
2025-09-06T06:22:27.9726662Z Requirement already satisfied: pip in /opt/hostedtoolcache/Python/3.12.5/x64/lib/python3.12/site-packages (24.2)
2025-09-06T06:22:29.0458692Z Collecting pip
2025-09-06T06:22:29.0954892Z Downloading pip-25.2-py3-none-any.whl.metadata (4.7 kB)
2025-09-06T06:22:29.1078410Z Downloading pip-25.2-py3-none-any.whl (1.8 MB)
2025-09-06T06:22:29.2136714Z ━━━━━━━━━━━━━━━━━━━━━━━━━━━━━━━━━━━━━━━━ 1.8/1.8 MB 19.3 MB/s eta 0:00:00
2025-09-06T06:22:29.2137786Z 
2025-09-06T06:22:29.2332824Z Installing collected packages: pip
2025-09-06T06:22:29.2334798Z Attempting uninstall: pip
2025-09-06T06:22:29.2356395Z Found existing installation: pip 24.2
2025-09-06T06:22:29.2714754Z Uninstalling pip-24.2:
2025-09-06T06:22:29.2770477Z Successfully uninstalled pip-24.2
2025-09-06T06:22:30.1284509Z Successfully installed pip-25.2
2025-09-06T06:22:30.1761241Z Create complete file
2025-09-06T06:22:30.1801904Z Successfully set up CPython (3.12.5)
2025-09-06T06:22:30.1802816Z ##[endgroup]
2025-09-06T06:22:30.1976748Z ##[group]Run bossOfCode/install-scratchattach@v1.0.3
2025-09-06T06:22:30.1977088Z env:
2025-09-06T06:22:30.1977330Z   pythonLocation: /opt/hostedtoolcache/Python/3.12.5/x64
2025-09-06T06:22:30.1977743Z   PKG_CONFIG_PATH: /opt/hostedtoolcache/Python/3.12.5/x64/lib/pkgconfig
2025-09-06T06:22:30.1978157Z   Python_ROOT_DIR: /opt/hostedtoolcache/Python/3.12.5/x64
2025-09-06T06:22:30.1978507Z   Python2_ROOT_DIR: /opt/hostedtoolcache/Python/3.12.5/x64
2025-09-06T06:22:30.1978856Z   Python3_ROOT_DIR: /opt/hostedtoolcache/Python/3.12.5/x64
2025-09-06T06:22:30.1979221Z   LD_LIBRARY_PATH: /opt/hostedtoolcache/Python/3.12.5/x64/lib
2025-09-06T06:22:30.1979508Z ##[endgroup]
2025-09-06T06:22:30.2123685Z ##[group]Run python3 -m pip install --upgrade pip
2025-09-06T06:22:30.2124094Z [36;1mpython3 -m pip install --upgrade pip[0m
2025-09-06T06:22:30.2178492Z shell: /usr/bin/bash --noprofile --norc -e -o pipefail {0}
2025-09-06T06:22:30.2178854Z env:
2025-09-06T06:22:30.2179148Z   pythonLocation: /opt/hostedtoolcache/Python/3.12.5/x64
2025-09-06T06:22:30.2179555Z   PKG_CONFIG_PATH: /opt/hostedtoolcache/Python/3.12.5/x64/lib/pkgconfig
2025-09-06T06:22:30.2180128Z   Python_ROOT_DIR: /opt/hostedtoolcache/Python/3.12.5/x64
2025-09-06T06:22:30.2180478Z   Python2_ROOT_DIR: /opt/hostedtoolcache/Python/3.12.5/x64
2025-09-06T06:22:30.2181010Z   Python3_ROOT_DIR: /opt/hostedtoolcache/Python/3.12.5/x64
2025-09-06T06:22:30.2181348Z   LD_LIBRARY_PATH: /opt/hostedtoolcache/Python/3.12.5/x64/lib
2025-09-06T06:22:30.2181647Z ##[endgroup]
2025-09-06T06:22:30.6103546Z Requirement already satisfied: pip in /opt/hostedtoolcache/Python/3.12.5/x64/lib/python3.12/site-packages (25.2)
2025-09-06T06:22:30.8153350Z ##[group]Run pip install -U scratchattach
2025-09-06T06:22:30.8153668Z [36;1mpip install -U scratchattach[0m
2025-09-06T06:22:30.8184380Z shell: /usr/bin/bash --noprofile --norc -e -o pipefail {0}
2025-09-06T06:22:30.8184687Z env:
2025-09-06T06:22:30.8184950Z   pythonLocation: /opt/hostedtoolcache/Python/3.12.5/x64
2025-09-06T06:22:30.8185359Z   PKG_CONFIG_PATH: /opt/hostedtoolcache/Python/3.12.5/x64/lib/pkgconfig
2025-09-06T06:22:30.8185763Z   Python_ROOT_DIR: /opt/hostedtoolcache/Python/3.12.5/x64
2025-09-06T06:22:30.8186106Z   Python2_ROOT_DIR: /opt/hostedtoolcache/Python/3.12.5/x64
2025-09-06T06:22:30.8186461Z   Python3_ROOT_DIR: /opt/hostedtoolcache/Python/3.12.5/x64
2025-09-06T06:22:30.8186798Z   LD_LIBRARY_PATH: /opt/hostedtoolcache/Python/3.12.5/x64/lib
2025-09-06T06:22:30.8187094Z ##[endgroup]
2025-09-06T06:22:31.2838593Z Collecting scratchattach
2025-09-06T06:22:31.3279263Z   Downloading scratchattach-2.1.13-py3-none-any.whl.metadata (5.5 kB)
2025-09-06T06:22:31.3555826Z Collecting websocket-client (from scratchattach)
2025-09-06T06:22:31.3628728Z   Downloading websocket_client-1.8.0-py3-none-any.whl.metadata (8.0 kB)
2025-09-06T06:22:31.3974052Z Collecting requests (from scratchattach)
2025-09-06T06:22:31.4044382Z   Downloading requests-2.32.5-py3-none-any.whl.metadata (4.9 kB)
2025-09-06T06:22:31.4195849Z Collecting bs4 (from scratchattach)
2025-09-06T06:22:31.4264119Z   Downloading bs4-0.0.2-py2.py3-none-any.whl.metadata (411 bytes)
2025-09-06T06:22:31.4408239Z Collecting SimpleWebSocketServer (from scratchattach)
2025-09-06T06:22:31.4485141Z   Downloading SimpleWebSocketServer-0.1.2.tar.gz (10 kB)
2025-09-06T06:22:31.4582890Z   Installing build dependencies: started
2025-09-06T06:22:32.3102140Z   Installing build dependencies: finished with status 'done'
2025-09-06T06:22:32.3108816Z   Getting requirements to build wheel: started
2025-09-06T06:22:32.6633372Z   Getting requirements to build wheel: finished with status 'done'
2025-09-06T06:22:32.6642268Z   Preparing metadata (pyproject.toml): started
2025-09-06T06:22:32.8517338Z   Preparing metadata (pyproject.toml): finished with status 'done'
2025-09-06T06:22:32.8730556Z Collecting typing-extensions (from scratchattach)
2025-09-06T06:22:32.8808537Z   Downloading typing_extensions-4.15.0-py3-none-any.whl.metadata (3.3 kB)
2025-09-06T06:22:32.9042480Z Collecting beautifulsoup4 (from bs4->scratchattach)
2025-09-06T06:22:32.9112029Z   Downloading beautifulsoup4-4.13.5-py3-none-any.whl.metadata (3.8 kB)
2025-09-06T06:22:32.9354964Z Collecting soupsieve>1.2 (from beautifulsoup4->bs4->scratchattach)
2025-09-06T06:22:32.9432072Z   Downloading soupsieve-2.8-py3-none-any.whl.metadata (4.6 kB)
2025-09-06T06:22:33.0546455Z Collecting charset_normalizer<4,>=2 (from requests->scratchattach)
2025-09-06T06:22:33.0622073Z   Downloading charset_normalizer-3.4.3-cp312-cp312-manylinux2014_x86_64.manylinux_2_17_x86_64.manylinux_2_28_x86_64.whl.metadata (36 kB)
2025-09-06T06:22:33.0875245Z Collecting idna<4,>=2.5 (from requests->scratchattach)
2025-09-06T06:22:33.0951441Z   Downloading idna-3.10-py3-none-any.whl.metadata (10 kB)
2025-09-06T06:22:33.1298476Z Collecting urllib3<3,>=1.21.1 (from requests->scratchattach)
2025-09-06T06:22:33.1371311Z   Downloading urllib3-2.5.0-py3-none-any.whl.metadata (6.5 kB)
2025-09-06T06:22:33.1653580Z Collecting certifi>=2017.4.17 (from requests->scratchattach)
2025-09-06T06:22:33.1726826Z   Downloading certifi-2025.8.3-py3-none-any.whl.metadata (2.4 kB)
2025-09-06T06:22:33.1877465Z Downloading scratchattach-2.1.13-py3-none-any.whl (141 kB)
2025-09-06T06:22:33.2043609Z Downloading bs4-0.0.2-py2.py3-none-any.whl (1.2 kB)
2025-09-06T06:22:33.2141367Z Downloading beautifulsoup4-4.13.5-py3-none-any.whl (105 kB)
2025-09-06T06:22:33.2238356Z Downloading soupsieve-2.8-py3-none-any.whl (36 kB)
2025-09-06T06:22:33.2330161Z Downloading typing_extensions-4.15.0-py3-none-any.whl (44 kB)
2025-09-06T06:22:33.2459073Z Downloading requests-2.32.5-py3-none-any.whl (64 kB)
2025-09-06T06:22:33.2556967Z Downloading charset_normalizer-3.4.3-cp312-cp312-manylinux2014_x86_64.manylinux_2_17_x86_64.manylinux_2_28_x86_64.whl (151 kB)
2025-09-06T06:22:33.2669654Z Downloading idna-3.10-py3-none-any.whl (70 kB)
2025-09-06T06:22:33.2766999Z Downloading urllib3-2.5.0-py3-none-any.whl (129 kB)
2025-09-06T06:22:33.2874689Z Downloading certifi-2025.8.3-py3-none-any.whl (161 kB)
2025-09-06T06:22:33.2975038Z Downloading websocket_client-1.8.0-py3-none-any.whl (58 kB)
2025-09-06T06:22:33.3115654Z Building wheels for collected packages: SimpleWebSocketServer
2025-09-06T06:22:33.3124368Z   Building wheel for SimpleWebSocketServer (pyproject.toml): started
2025-09-06T06:22:33.5335020Z   Building wheel for SimpleWebSocketServer (pyproject.toml): finished with status 'done'
2025-09-06T06:22:33.5341614Z   Created wheel for SimpleWebSocketServer: filename=simplewebsocketserver-0.1.2-py3-none-any.whl size=9715 sha256=94d30ff6ef8464de1cb8093708d894c8c9192ff1e154c8bf20c95bd86b4a38a0
2025-09-06T06:22:33.5343573Z   Stored in directory: /home/runner/.cache/pip/wheels/81/fd/d8/f145b47bedceb5dff96b76e404a4ee9be956a4f8f150cd8133
2025-09-06T06:22:33.5362291Z Successfully built SimpleWebSocketServer
2025-09-06T06:22:33.5535873Z Installing collected packages: SimpleWebSocketServer, websocket-client, urllib3, typing-extensions, soupsieve, idna, charset_normalizer, certifi, requests, beautifulsoup4, bs4, scratchattach
2025-09-06T06:22:34.1197123Z 
2025-09-06T06:22:34.1216574Z Successfully installed SimpleWebSocketServer-0.1.2 beautifulsoup4-4.13.5 bs4-0.0.2 certifi-2025.8.3 charset_normalizer-3.4.3 idna-3.10 requests-2.32.5 scratchattach-2.1.13 soupsieve-2.8 typing-extensions-4.15.0 urllib3-2.5.0 websocket-client-1.8.0
2025-09-06T06:22:34.2019393Z ##[group]Run actions/checkout@v5.0.0
2025-09-06T06:22:34.2019655Z with:
2025-09-06T06:22:34.2019819Z   ref: main
2025-09-06T06:22:34.2020160Z   repository: Boss-1s/scratchattach
2025-09-06T06:22:34.2020509Z   token: ***
2025-09-06T06:22:34.2020692Z   ssh-strict: true
2025-09-06T06:22:34.2020873Z   ssh-user: git
2025-09-06T06:22:34.2021058Z   persist-credentials: true
2025-09-06T06:22:34.2021270Z   clean: true
2025-09-06T06:22:34.2021457Z   sparse-checkout-cone-mode: true
2025-09-06T06:22:34.2021693Z   fetch-depth: 1
2025-09-06T06:22:34.2021874Z   fetch-tags: false
2025-09-06T06:22:34.2022052Z   show-progress: true
2025-09-06T06:22:34.2022239Z   lfs: false
2025-09-06T06:22:34.2022408Z   submodules: false
2025-09-06T06:22:34.2022588Z   set-safe-directory: true
2025-09-06T06:22:34.2022788Z env:
2025-09-06T06:22:34.2023013Z   pythonLocation: /opt/hostedtoolcache/Python/3.12.5/x64
2025-09-06T06:22:34.2023421Z   PKG_CONFIG_PATH: /opt/hostedtoolcache/Python/3.12.5/x64/lib/pkgconfig
2025-09-06T06:22:34.2023840Z   Python_ROOT_DIR: /opt/hostedtoolcache/Python/3.12.5/x64
2025-09-06T06:22:34.2024180Z   Python2_ROOT_DIR: /opt/hostedtoolcache/Python/3.12.5/x64
2025-09-06T06:22:34.2024518Z   Python3_ROOT_DIR: /opt/hostedtoolcache/Python/3.12.5/x64
2025-09-06T06:22:34.2024854Z   LD_LIBRARY_PATH: /opt/hostedtoolcache/Python/3.12.5/x64/lib
2025-09-06T06:22:34.2025142Z ##[endgroup]
2025-09-06T06:22:34.2781200Z Syncing repository: Boss-1s/scratchattach
2025-09-06T06:22:34.2783184Z ##[group]Getting Git version info
2025-09-06T06:22:34.2783831Z Working directory is '/home/runner/work/scratchattach/scratchattach'
2025-09-06T06:22:34.2818647Z [command]/usr/bin/git version
2025-09-06T06:22:34.2854819Z git version 2.51.0
2025-09-06T06:22:34.2874697Z ##[endgroup]
2025-09-06T06:22:34.2887912Z Temporarily overriding HOME='/home/runner/work/_temp/4f0fef54-64b6-42a3-8d45-b27c91e29e1a' before making global git config changes
2025-09-06T06:22:34.2889170Z Adding repository directory to the temporary git global config as a safe directory
2025-09-06T06:22:34.2892794Z [command]/usr/bin/git config --global --add safe.directory /home/runner/work/scratchattach/scratchattach
2025-09-06T06:22:34.2928222Z [command]/usr/bin/git config --local --get remote.origin.url
2025-09-06T06:22:34.2949035Z https://github.com/Boss-1s/scratchattach
2025-09-06T06:22:34.2961473Z ##[group]Removing previously created refs, to avoid conflicts
2025-09-06T06:22:34.2965293Z [command]/usr/bin/git rev-parse --symbolic-full-name --verify --quiet HEAD
2025-09-06T06:22:34.2986488Z refs/heads/main
2025-09-06T06:22:34.2997055Z [command]/usr/bin/git checkout --detach
2025-09-06T06:22:34.3455555Z HEAD is now at 124274b [BOT] Download Logs
2025-09-06T06:22:34.3501876Z [command]/usr/bin/git branch --delete --force main
2025-09-06T06:22:34.3527563Z Deleted branch main (was 124274b).
2025-09-06T06:22:34.3561584Z ##[endgroup]
2025-09-06T06:22:34.3565062Z [command]/usr/bin/git submodule status
2025-09-06T06:22:34.3790220Z ##[group]Cleaning the repository
2025-09-06T06:22:34.3794965Z [command]/usr/bin/git clean -ffdx
2025-09-06T06:22:34.3829063Z [command]/usr/bin/git reset --hard HEAD
2025-09-06T06:22:34.3867752Z HEAD is now at 124274b [BOT] Download Logs
2025-09-06T06:22:34.3873890Z ##[endgroup]
2025-09-06T06:22:34.3875592Z ##[group]Disabling automatic garbage collection
2025-09-06T06:22:34.3879834Z [command]/usr/bin/git config --local gc.auto 0
2025-09-06T06:22:34.3905496Z ##[endgroup]
2025-09-06T06:22:34.3906018Z ##[group]Setting up auth
2025-09-06T06:22:34.3912465Z [command]/usr/bin/git config --local --name-only --get-regexp core\.sshCommand
2025-09-06T06:22:34.3942236Z [command]/usr/bin/git submodule foreach --recursive sh -c "git config --local --name-only --get-regexp 'core\.sshCommand' && git config --local --unset-all 'core.sshCommand' || :"
2025-09-06T06:22:34.4195449Z [command]/usr/bin/git config --local --name-only --get-regexp http\.https\:\/\/github\.com\/\.extraheader
2025-09-06T06:22:34.4221772Z http.https://github.com/.extraheader
2025-09-06T06:22:34.4230998Z [command]/usr/bin/git config --local --unset-all http.https://github.com/.extraheader
2025-09-06T06:22:34.4263502Z [command]/usr/bin/git submodule foreach --recursive sh -c "git config --local --name-only --get-regexp 'http\.https\:\/\/github\.com\/\.extraheader' && git config --local --unset-all 'http.https://github.com/.extraheader' || :"
2025-09-06T06:22:34.4521334Z [command]/usr/bin/git config --local http.https://github.com/.extraheader AUTHORIZATION: basic ***
2025-09-06T06:22:34.4568694Z ##[endgroup]
2025-09-06T06:22:34.4569381Z ##[group]Fetching the repository
2025-09-06T06:22:34.4578160Z [command]/usr/bin/git -c protocol.version=2 fetch --no-tags --prune --no-recurse-submodules --depth=1 origin +refs/heads/main*:refs/remotes/origin/main* +refs/tags/main*:refs/tags/main*
2025-09-06T06:22:34.6697692Z ##[endgroup]
2025-09-06T06:22:34.6698212Z ##[group]Determining the checkout info
2025-09-06T06:22:34.6705215Z [command]/usr/bin/git branch --list --remote origin/main
2025-09-06T06:22:34.6728953Z   origin/main
2025-09-06T06:22:34.6733166Z ##[endgroup]
2025-09-06T06:22:34.6737703Z [command]/usr/bin/git sparse-checkout disable
2025-09-06T06:22:34.6778588Z [command]/usr/bin/git config --local --unset-all extensions.worktreeConfig
2025-09-06T06:22:34.6804941Z ##[group]Checking out the ref
2025-09-06T06:22:34.6810541Z [command]/usr/bin/git checkout --progress --force -B main refs/remotes/origin/main
2025-09-06T06:22:34.6854698Z Switched to a new branch 'main'
2025-09-06T06:22:34.6857122Z branch 'main' set up to track 'origin/main'.
2025-09-06T06:22:34.6864323Z ##[endgroup]
2025-09-06T06:22:34.6900244Z [command]/usr/bin/git log -1 --format=%H
2025-09-06T06:22:34.6923277Z 124274bd2e12f49daecfdafa9c67d4ff09734d63
2025-09-06T06:22:34.7032231Z ##[group]Run timeout 359m python3 message_viewer.py || { [[ $? -eq 124 ]] && exit 0; }
2025-09-06T06:22:34.7033046Z [36;1mtimeout 359m python3 message_viewer.py || { [[ $? -eq 124 ]] && exit 0; }[0m
2025-09-06T06:22:34.7063634Z shell: /usr/bin/bash -e {0}
2025-09-06T06:22:34.7064026Z env:
2025-09-06T06:22:34.7064281Z   pythonLocation: /opt/hostedtoolcache/Python/3.12.5/x64
2025-09-06T06:22:34.7064703Z   PKG_CONFIG_PATH: /opt/hostedtoolcache/Python/3.12.5/x64/lib/pkgconfig
2025-09-06T06:22:34.7065087Z   Python_ROOT_DIR: /opt/hostedtoolcache/Python/3.12.5/x64
2025-09-06T06:22:34.7065437Z   Python2_ROOT_DIR: /opt/hostedtoolcache/Python/3.12.5/x64
2025-09-06T06:22:34.7065778Z   Python3_ROOT_DIR: /opt/hostedtoolcache/Python/3.12.5/x64
2025-09-06T06:22:34.7066128Z   LD_LIBRARY_PATH: /opt/hostedtoolcache/Python/3.12.5/x64/lib
2025-09-06T06:22:34.7066585Z   PASS: ***
2025-09-06T06:22:34.7066755Z ##[endgroup]
2025-09-06T06:22:35.8708221Z Thanks for giving credit for CloudRequests!
2025-09-06T06:22:35.8708831Z Request handler is running
2025-09-06T06:22:35.8715851Z Request handler is running
2025-09-06T12:21:34.7214546Z Post job cleanup.
2025-09-06T12:21:34.7971586Z [command]/usr/bin/git version
2025-09-06T12:21:34.8009079Z git version 2.51.0
2025-09-06T12:21:34.8046481Z Temporarily overriding HOME='/home/runner/work/_temp/80ad33d6-b628-425e-a9e0-7349808ed214' before making global git config changes
2025-09-06T12:21:34.8047748Z Adding repository directory to the temporary git global config as a safe directory
2025-09-06T12:21:34.8052338Z [command]/usr/bin/git config --global --add safe.directory /home/runner/work/scratchattach/scratchattach
2025-09-06T12:21:34.8086674Z [command]/usr/bin/git config --local --name-only --get-regexp core\.sshCommand
2025-09-06T12:21:34.8118353Z [command]/usr/bin/git submodule foreach --recursive sh -c "git config --local --name-only --get-regexp 'core\.sshCommand' && git config --local --unset-all 'core.sshCommand' || :"
2025-09-06T12:21:34.8341236Z [command]/usr/bin/git config --local --name-only --get-regexp http\.https\:\/\/github\.com\/\.extraheader
2025-09-06T12:21:34.8363366Z http.https://github.com/.extraheader
2025-09-06T12:21:34.8373438Z [command]/usr/bin/git config --local --unset-all http.https://github.com/.extraheader
2025-09-06T12:21:34.8404150Z [command]/usr/bin/git submodule foreach --recursive sh -c "git config --local --name-only --get-regexp 'http\.https\:\/\/github\.com\/\.extraheader' && git config --local --unset-all 'http.https://github.com/.extraheader' || :"
2025-09-06T12:21:34.8736800Z Post job cleanup.
2025-09-06T12:21:34.9881528Z (node:4735) [DEP0040] DeprecationWarning: The `punycode` module is deprecated. Please use a userland alternative instead.
2025-09-06T12:21:34.9882616Z (Use `node --trace-deprecation ...` to show where the warning was created)
2025-09-06T12:21:35.0020507Z Post job cleanup.
2025-09-06T12:21:35.0847523Z [command]/usr/bin/git version
2025-09-06T12:21:35.0887950Z git version 2.51.0
2025-09-06T12:21:35.0928155Z Temporarily overriding HOME='/home/runner/work/_temp/7b9ac29a-a7ce-4855-9b33-ed6b6463b4af' before making global git config changes
2025-09-06T12:21:35.0929648Z Adding repository directory to the temporary git global config as a safe directory
2025-09-06T12:21:35.0935150Z [command]/usr/bin/git config --global --add safe.directory /home/runner/work/scratchattach/scratchattach
2025-09-06T12:21:35.0974795Z [command]/usr/bin/git config --local --name-only --get-regexp core\.sshCommand
2025-09-06T12:21:35.1008958Z [command]/usr/bin/git submodule foreach --recursive sh -c "git config --local --name-only --get-regexp 'core\.sshCommand' && git config --local --unset-all 'core.sshCommand' || :"
2025-09-06T12:21:35.1253776Z [command]/usr/bin/git config --local --name-only --get-regexp http\.https\:\/\/github\.com\/\.extraheader
2025-09-06T12:21:35.1288714Z [command]/usr/bin/git submodule foreach --recursive sh -c "git config --local --name-only --get-regexp 'http\.https\:\/\/github\.com\/\.extraheader' && git config --local --unset-all 'http.https://github.com/.extraheader' || :"
2025-09-06T12:21:35.1664784Z Cleaning up orphan processes
