2025-12-25T03:09:31.9928013Z Current runner version: '2.330.0'
2025-12-25T03:09:31.9951500Z ##[group]Runner Image Provisioner
2025-12-25T03:09:31.9952229Z Hosted Compute Agent
2025-12-25T03:09:31.9952787Z Version: 20251211.462
2025-12-25T03:09:31.9953337Z Commit: 6cbad8c2bb55d58165063d031ccabf57e2d2db61
2025-12-25T03:09:31.9953929Z Build Date: 2025-12-11T16:28:49Z
2025-12-25T03:09:31.9954554Z Worker ID: {cbd20040-2920-40eb-b9e7-588481c75498}
2025-12-25T03:09:31.9955146Z ##[endgroup]
2025-12-25T03:09:31.9955626Z ##[group]Operating System
2025-12-25T03:09:31.9956117Z Ubuntu
2025-12-25T03:09:31.9956567Z 24.04.3
2025-12-25T03:09:31.9956957Z LTS
2025-12-25T03:09:31.9957389Z ##[endgroup]
2025-12-25T03:09:31.9957860Z ##[group]Runner Image
2025-12-25T03:09:31.9958299Z Image: ubuntu-24.04
2025-12-25T03:09:31.9958794Z Version: 20251215.174.1
2025-12-25T03:09:31.9959676Z Included Software: https://github.com/actions/runner-images/blob/ubuntu24/20251215.174/images/ubuntu/Ubuntu2404-Readme.md
2025-12-25T03:09:31.9961426Z Image Release: https://github.com/actions/runner-images/releases/tag/ubuntu24%2F20251215.174
2025-12-25T03:09:31.9962339Z ##[endgroup]
2025-12-25T03:09:31.9963437Z ##[group]GITHUB_TOKEN Permissions
2025-12-25T03:09:31.9965604Z Actions: read
2025-12-25T03:09:31.9966054Z Contents: read
2025-12-25T03:09:31.9966500Z Metadata: read
2025-12-25T03:09:31.9966991Z Packages: read
2025-12-25T03:09:31.9967442Z SecurityEvents: write
2025-12-25T03:09:31.9967911Z ##[endgroup]
2025-12-25T03:09:31.9970306Z Secret source: Actions
2025-12-25T03:09:31.9970956Z Prepare workflow directory
2025-12-25T03:09:32.0464174Z Prepare all required actions
2025-12-25T03:09:32.0501989Z Getting action download info
2025-12-25T03:09:32.4153599Z Download action repository 'actions/checkout@v4' (SHA:34e114876b0b11c390a56381ad16ebd13914f8d5)
2025-12-25T03:09:33.3334599Z Download action repository 'github/codeql-action@v4' (SHA:5d4e8d1aca955e8d8589aabd499c5cae939e33c7)
2025-12-25T03:09:34.7655816Z Complete job name: Analyze (python)
2025-12-25T03:09:34.8294887Z ##[group]Run actions/checkout@v4
2025-12-25T03:09:34.8296160Z with:
2025-12-25T03:09:34.8296897Z   repository: Boss-1s/scratchattach
2025-12-25T03:09:34.8298198Z   token: ***
2025-12-25T03:09:34.8298915Z   ssh-strict: true
2025-12-25T03:09:34.8299648Z   ssh-user: git
2025-12-25T03:09:34.8300570Z   persist-credentials: true
2025-12-25T03:09:34.8301370Z   clean: true
2025-12-25T03:09:34.8302138Z   sparse-checkout-cone-mode: true
2025-12-25T03:09:34.8303084Z   fetch-depth: 1
2025-12-25T03:09:34.8303783Z   fetch-tags: false
2025-12-25T03:09:34.8304561Z   show-progress: true
2025-12-25T03:09:34.8305320Z   lfs: false
2025-12-25T03:09:34.8306057Z   submodules: false
2025-12-25T03:09:34.8306787Z   set-safe-directory: true
2025-12-25T03:09:34.8308213Z env:
2025-12-25T03:09:34.8421839Z   CODE_SCANNING_REF: refs/pull/50/head
2025-12-25T03:09:34.8422830Z   CODE_SCANNING_BASE_BRANCH: main
2025-12-25T03:09:34.8423816Z   CODE_SCANNING_IS_ANALYZING_DEFAULT_BRANCH: false
2025-12-25T03:09:34.8424988Z   CODE_SCANNING_IS_STEADY_STATE_DEFAULT_SETUP: true
2025-12-25T03:09:34.8448825Z   CODE_SCANNING_WORKFLOW_FILE: H4sIAAAAAAAA/6RV32/bNhB+919x8AakfZDzsicBBaY4cuLNsFNJQZcVBUFTJ5mLTKr8kVTt8r8PFKVYWuM5Q/1kHj9+vLvv40nQPYYwncsc36+mE2VF4EM/f/sGJTc7u53hAwoz46K2Rs+YzJFoRoXgoiTKCuLw8PQ0kSKEvBF0z9lkguIhnADMN5cxSefRer1cX5EkXryaGAvH+W+GiyiNyUUSrefXr2XaUo1kq6hgu5cYlymJ1tHq7k+3uIwX0e0q+583cE2ooFXz1S1yLKitzH/fmGZxdHlH0izK4udL0zi7vQnBKIvfnfmwSX5frDYfyGK5il+b16NU90UlH0nBq1ahyV9yq50sPl10fwG83pEPwRvHvadG8S+ziorS0tKdfdtClRU6cDo7UKHk/rd0s37ToZUVAtVbXzJAjWrPteZSaH8PAGWmXYJCmncxJoVBYcbBmrJ7WuI4qJFZxU0TtCXrEB4VNzjpSbiwGEgRoFJShVDQSvtNbRQ1WDZ9FgXlVVBQbYYg6GruQQBcsMrmeAgABNB3JOxrGewCMHePVE0I58/Al3Bby6s82MscQxBS4GjTtzGEs49Tu7XC2KCiBrWZfjo7kkrdmJ0UJzN5AfZDiWiDdSdt0JlovkN2L60BhbXU3EjVdJRWOzW7ZpyzDvfrwy+TEcFScMNpxb8i+JE0Ou4tf+5c/rkKPNk5F7zl8cBHbnYHyVqfa66Dey5yHYI7GfTv4xnVd0h7X39v/slL/RpAD+EhOMcaRY6CNQGjbMdF6Q/5vs5QPHAlxR6FgXfv4MwXF+ykNpifDYk+W1TcZTedwk9w6QdMG21A2/4NdO+g4GUIfw+E7AZSoNHYOhwpLFU5DgC4IqrAvT8dwsdXDhovCGlPwdMTfBqQmp1CatrmVC1lt9srnrq0oFbySwOFVKCw5Nq4ejsSnod++7QVtKHKBC34mCMO9IQpzFE4u3XCa2QKjZ5dLbPr2wuSxFfLNEuWcUpuks0fd0NJDo/viGPGtr5BVUi17zztZ63m+nRF3aA+VNN9V/3PfSPer3x25HqTZl0d7mHO2jbMpDWtYO2KOHMNyxgR3GySkwS1VMcJ5hGZx0m2XCznURafomKUMFSGF9wNq6Okt8kqPUVlVaUPBGPBD5NwoFQfdIf+CQAA//+2RVGDAgkAAA==
2025-12-25T03:09:34.8470015Z ##[endgroup]
2025-12-25T03:09:34.9523037Z Syncing repository: Boss-1s/scratchattach
2025-12-25T03:09:34.9525522Z ##[group]Getting Git version info
2025-12-25T03:09:34.9526726Z Working directory is '/home/runner/work/scratchattach/scratchattach'
2025-12-25T03:09:34.9528415Z [command]/usr/bin/git version
2025-12-25T03:09:35.2613475Z git version 2.52.0
2025-12-25T03:09:35.2638470Z ##[endgroup]
2025-12-25T03:09:35.2653269Z Temporarily overriding HOME='/home/runner/work/_temp/f99d8890-4327-4ad1-98a7-e278d41ed9ab' before making global git config changes
2025-12-25T03:09:35.2656289Z Adding repository directory to the temporary git global config as a safe directory
2025-12-25T03:09:35.2666503Z [command]/usr/bin/git config --global --add safe.directory /home/runner/work/scratchattach/scratchattach
2025-12-25T03:09:35.2735323Z Deleting the contents of '/home/runner/work/scratchattach/scratchattach'
2025-12-25T03:09:35.2738432Z ##[group]Initializing the repository
2025-12-25T03:09:35.2742398Z [command]/usr/bin/git init /home/runner/work/scratchattach/scratchattach
2025-12-25T03:09:35.4004569Z hint: Using 'master' as the name for the initial branch. This default branch name
2025-12-25T03:09:35.4007038Z hint: will change to "main" in Git 3.0. To configure the initial branch name
2025-12-25T03:09:35.4008862Z hint: to use in all of your new repositories, which will suppress this warning,
2025-12-25T03:09:35.4010441Z hint: call:
2025-12-25T03:09:35.4011144Z hint:
2025-12-25T03:09:35.4012111Z hint: 	git config --global init.defaultBranch <name>
2025-12-25T03:09:35.4013259Z hint:
2025-12-25T03:09:35.4014348Z hint: Names commonly chosen instead of 'master' are 'main', 'trunk' and
2025-12-25T03:09:35.4016505Z hint: 'development'. The just-created branch can be renamed via this command:
2025-12-25T03:09:35.4017936Z hint:
2025-12-25T03:09:35.4018689Z hint: 	git branch -m <name>
2025-12-25T03:09:35.4019545Z hint:
2025-12-25T03:09:35.4020868Z hint: Disable this message with "git config set advice.defaultBranchName false"
2025-12-25T03:09:35.4038651Z Initialized empty Git repository in /home/runner/work/scratchattach/scratchattach/.git/
2025-12-25T03:09:35.4052253Z [command]/usr/bin/git remote add origin https://github.com/Boss-1s/scratchattach
2025-12-25T03:09:35.4122346Z ##[endgroup]
2025-12-25T03:09:35.4124197Z ##[group]Disabling automatic garbage collection
2025-12-25T03:09:35.4126627Z [command]/usr/bin/git config --local gc.auto 0
2025-12-25T03:09:35.4152101Z ##[endgroup]
2025-12-25T03:09:35.4153192Z ##[group]Setting up auth
2025-12-25T03:09:35.4158035Z [command]/usr/bin/git config --local --name-only --get-regexp core\.sshCommand
2025-12-25T03:09:35.4182720Z [command]/usr/bin/git submodule foreach --recursive sh -c "git config --local --name-only --get-regexp 'core\.sshCommand' && git config --local --unset-all 'core.sshCommand' || :"
2025-12-25T03:09:35.6899726Z [command]/usr/bin/git config --local --name-only --get-regexp http\.https\:\/\/github\.com\/\.extraheader
2025-12-25T03:09:35.6926632Z [command]/usr/bin/git submodule foreach --recursive sh -c "git config --local --name-only --get-regexp 'http\.https\:\/\/github\.com\/\.extraheader' && git config --local --unset-all 'http.https://github.com/.extraheader' || :"
2025-12-25T03:09:35.7098219Z [command]/usr/bin/git config --local --name-only --get-regexp ^includeIf\.gitdir:
2025-12-25T03:09:35.7125653Z [command]/usr/bin/git submodule foreach --recursive git config --local --show-origin --name-only --get-regexp remote.origin.url
2025-12-25T03:09:35.7294591Z [command]/usr/bin/git config --local http.https://github.com/.extraheader AUTHORIZATION: basic ***
2025-12-25T03:09:35.7323591Z ##[endgroup]
2025-12-25T03:09:35.7324087Z ##[group]Fetching the repository
2025-12-25T03:09:35.7331498Z [command]/usr/bin/git -c protocol.version=2 fetch --no-tags --prune --no-recurse-submodules --depth=1 origin +555b5a2b7e89fd45a67ff02f90ae6bacc403ff71:refs/remotes/pull/50/head
2025-12-25T03:09:39.2481497Z From https://github.com/Boss-1s/scratchattach
2025-12-25T03:09:39.2482023Z  * [new ref]         555b5a2b7e89fd45a67ff02f90ae6bacc403ff71 -> pull/50/head
2025-12-25T03:09:39.2547359Z ##[endgroup]
2025-12-25T03:09:39.2547948Z ##[group]Determining the checkout info
2025-12-25T03:09:39.2548988Z ##[endgroup]
2025-12-25T03:09:39.2555295Z [command]/usr/bin/git sparse-checkout disable
2025-12-25T03:09:39.2638654Z [command]/usr/bin/git config --local --unset-all extensions.worktreeConfig
2025-12-25T03:09:39.2663303Z ##[group]Checking out the ref
2025-12-25T03:09:39.2667188Z [command]/usr/bin/git checkout --progress --force refs/remotes/pull/50/head
2025-12-25T03:09:39.9072224Z Note: switching to 'refs/remotes/pull/50/head'.
2025-12-25T03:09:39.9072975Z 
2025-12-25T03:09:39.9077028Z You are in 'detached HEAD' state. You can look around, make experimental
2025-12-25T03:09:39.9077806Z changes and commit them, and you can discard any commits you make in this
2025-12-25T03:09:39.9078518Z state without impacting any branches by switching back to a branch.
2025-12-25T03:09:39.9078985Z 
2025-12-25T03:09:39.9079309Z If you want to create a new branch to retain commits you create, you may
2025-12-25T03:09:39.9080136Z do so (now or later) by using -c with the switch command. Example:
2025-12-25T03:09:39.9080539Z 
2025-12-25T03:09:39.9080702Z   git switch -c <new-branch-name>
2025-12-25T03:09:39.9080977Z 
2025-12-25T03:09:39.9081149Z Or undo this operation with:
2025-12-25T03:09:39.9081409Z 
2025-12-25T03:09:39.9081539Z   git switch -
2025-12-25T03:09:39.9081734Z 
2025-12-25T03:09:39.9082074Z Turn off this advice by setting config variable advice.detachedHead to false
2025-12-25T03:09:39.9082563Z 
2025-12-25T03:09:39.9082813Z HEAD is now at 555b5a2 Merge branch 'main' into scratch_chat_dev
2025-12-25T03:09:39.9113549Z ##[endgroup]
2025-12-25T03:09:39.9155546Z [command]/usr/bin/git log -1 --format=%H
2025-12-25T03:09:39.9177444Z 555b5a2b7e89fd45a67ff02f90ae6bacc403ff71
2025-12-25T03:09:39.9435155Z ##[group]Run github/codeql-action/init@v4
2025-12-25T03:09:39.9435428Z with:
2025-12-25T03:09:39.9435635Z   analysis-kinds: code-scanning
2025-12-25T03:09:39.9435852Z   languages: python
2025-12-25T03:09:39.9436038Z   build-mode: none
2025-12-25T03:09:39.9436224Z   dependency-caching: true
2025-12-25T03:09:39.9436534Z   config: default-setup:
  org:
    model-packs: [  ]
threat-models: [  ]

2025-12-25T03:09:39.9437074Z   token: ***
2025-12-25T03:09:39.9437451Z   matrix: {
  "language": "python",
  "category": "/language:python",
  "build-mode": "none",
  "runner": "[\"ubuntu-latest\"]"
}
2025-12-25T03:09:39.9437881Z   debug: false
2025-12-25T03:09:39.9438049Z env:
2025-12-25T03:09:39.9438232Z   CODE_SCANNING_REF: refs/pull/50/head
2025-12-25T03:09:39.9438474Z   CODE_SCANNING_BASE_BRANCH: main
2025-12-25T03:09:39.9438737Z   CODE_SCANNING_IS_ANALYZING_DEFAULT_BRANCH: false
2025-12-25T03:09:39.9439053Z   CODE_SCANNING_IS_STEADY_STATE_DEFAULT_SETUP: true
2025-12-25T03:09:39.9444656Z   CODE_SCANNING_WORKFLOW_FILE: H4sIAAAAAAAA/6RV32/bNhB+919x8AakfZDzsicBBaY4cuLNsFNJQZcVBUFTJ5mLTKr8kVTt8r8PFKVYWuM5Q/1kHj9+vLvv40nQPYYwncsc36+mE2VF4EM/f/sGJTc7u53hAwoz46K2Rs+YzJFoRoXgoiTKCuLw8PQ0kSKEvBF0z9lkguIhnADMN5cxSefRer1cX5EkXryaGAvH+W+GiyiNyUUSrefXr2XaUo1kq6hgu5cYlymJ1tHq7k+3uIwX0e0q+583cE2ooFXz1S1yLKitzH/fmGZxdHlH0izK4udL0zi7vQnBKIvfnfmwSX5frDYfyGK5il+b16NU90UlH0nBq1ahyV9yq50sPl10fwG83pEPwRvHvadG8S+ziorS0tKdfdtClRU6cDo7UKHk/rd0s37ToZUVAtVbXzJAjWrPteZSaH8PAGWmXYJCmncxJoVBYcbBmrJ7WuI4qJFZxU0TtCXrEB4VNzjpSbiwGEgRoFJShVDQSvtNbRQ1WDZ9FgXlVVBQbYYg6GruQQBcsMrmeAgABNB3JOxrGewCMHePVE0I58/Al3Bby6s82MscQxBS4GjTtzGEs49Tu7XC2KCiBrWZfjo7kkrdmJ0UJzN5AfZDiWiDdSdt0JlovkN2L60BhbXU3EjVdJRWOzW7ZpyzDvfrwy+TEcFScMNpxb8i+JE0Ou4tf+5c/rkKPNk5F7zl8cBHbnYHyVqfa66Dey5yHYI7GfTv4xnVd0h7X39v/slL/RpAD+EhOMcaRY6CNQGjbMdF6Q/5vs5QPHAlxR6FgXfv4MwXF+ykNpifDYk+W1TcZTedwk9w6QdMG21A2/4NdO+g4GUIfw+E7AZSoNHYOhwpLFU5DgC4IqrAvT8dwsdXDhovCGlPwdMTfBqQmp1CatrmVC1lt9srnrq0oFbySwOFVKCw5Nq4ejsSnod++7QVtKHKBC34mCMO9IQpzFE4u3XCa2QKjZ5dLbPr2wuSxFfLNEuWcUpuks0fd0NJDo/viGPGtr5BVUi17zztZ63m+nRF3aA+VNN9V/3PfSPer3x25HqTZl0d7mHO2jbMpDWtYO2KOHMNyxgR3GySkwS1VMcJ5hGZx0m2XCznURafomKUMFSGF9wNq6Okt8kqPUVlVaUPBGPBD5NwoFQfdIf+CQAA//+2RVGDAgkAAA==
2025-12-25T03:09:39.9450648Z ##[endgroup]
2025-12-25T03:09:40.5920981Z Job run UUID is 7d4c29d3-7db8-45f2-ae1c-9ce609a9da41.
2025-12-25T03:09:41.1646013Z ##[group]Setup CodeQL tools
2025-12-25T03:09:41.1710205Z [command]/usr/bin/tar --version
2025-12-25T03:09:41.1759824Z tar (GNU tar) 1.35
2025-12-25T03:09:41.1760378Z Copyright (C) 2023 Free Software Foundation, Inc.
2025-12-25T03:09:41.1760834Z License GPLv3+: GNU GPL version 3 or later <https://gnu.org/licenses/gpl.html>.
2025-12-25T03:09:41.1761256Z This is free software: you are free to change and redistribute it.
2025-12-25T03:09:41.1761597Z There is NO WARRANTY, to the extent permitted by law.
2025-12-25T03:09:41.1761800Z 
2025-12-25T03:09:41.1761901Z Written by John Gilmore and Jay Fenlason.
2025-12-25T03:09:41.1772700Z Found gnu tar version 1.35.
2025-12-25T03:09:41.2200255Z Found CodeQL tools version 2.23.8 in the toolcache.
2025-12-25T03:09:41.2200899Z Using CodeQL CLI version 2.23.8 from toolcache at /opt/hostedtoolcache/CodeQL/2.23.8/x64
2025-12-25T03:09:44.2636093Z [command]/opt/hostedtoolcache/CodeQL/2.23.8/x64/codeql/codeql version --format=json
2025-12-25T03:09:44.8660785Z {
2025-12-25T03:09:44.8661137Z   "productName" : "CodeQL",
2025-12-25T03:09:44.8661536Z   "vendor" : "GitHub",
2025-12-25T03:09:44.8661872Z   "version" : "2.23.8",
2025-12-25T03:09:44.8662265Z   "sha" : "d1011989dbb0da337606a511d9a16ba52ef49122",
2025-12-25T03:09:44.8662717Z   "branches" : [
2025-12-25T03:09:44.8663035Z     "codeql-cli-2.23.8"
2025-12-25T03:09:44.8663347Z   ],
2025-12-25T03:09:44.8663687Z   "copyright" : "Copyright (C) 2019-2025 GitHub, Inc.",
2025-12-25T03:09:44.8664328Z   "unpackedLocation" : "/opt/hostedtoolcache/CodeQL/2.23.8/x64/codeql",
2025-12-25T03:09:44.8665032Z   "configFileLocation" : "/home/runner/.config/codeql/config",
2025-12-25T03:09:44.8666022Z   "configFileFound" : false,
2025-12-25T03:09:44.8666408Z   "overlayVersion" : 4,
2025-12-25T03:09:44.8666739Z   "features" : {
2025-12-25T03:09:44.8667077Z     "analysisSummaryV2Default" : true,
2025-12-25T03:09:44.8667509Z     "buildModeOption" : true,
2025-12-25T03:09:44.8667893Z     "bundleSupportsIncludeDiagnostics" : true,
2025-12-25T03:09:44.8668350Z     "bundleSupportsIncludeLogs" : true,
2025-12-25T03:09:44.8668890Z     "databaseInterpretResultsSupportsSarifRunProperty" : true,
2025-12-25T03:09:44.8669451Z     "featuresInVersionResult" : true,
2025-12-25T03:09:44.8670085Z     "indirectTracingSupportsStaticBinaries" : false,
2025-12-25T03:09:44.8670581Z     "informsAboutUnsupportedPathFilters" : true,
2025-12-25T03:09:44.8671021Z     "supportsPython312" : true,
2025-12-25T03:09:44.8671371Z     "mrvaPackCreate" : true,
2025-12-25T03:09:44.8671738Z     "threatModelOption" : true,
2025-12-25T03:09:44.8672126Z     "traceCommandUseBuildMode" : true,
2025-12-25T03:09:44.8672554Z     "v2ramSizing" : true,
2025-12-25T03:09:44.8672947Z     "mrvaPackCreateMultipleQueries" : true,
2025-12-25T03:09:44.8673377Z     "setsCodeqlRunnerEnvVar" : true,
2025-12-25T03:09:44.8673823Z     "sarifMergeRunsFromEqualCategory" : true,
2025-12-25T03:09:44.8674215Z     "forceOverwrite" : true,
2025-12-25T03:09:44.8674587Z     "generateSummarySymbolMap" : true,
2025-12-25T03:09:44.8675008Z     "pythonDefaultIsToNotExtractStdlib" : true,
2025-12-25T03:09:44.8675481Z     "queryServerRunQueries" : true,
2025-12-25T03:09:44.8675875Z     "queryServerTrimCacheWithMode" : true,
2025-12-25T03:09:44.8676171Z     "builtinExtractorsSpecifyDefaultQueries" : true,
2025-12-25T03:09:44.8676462Z     "bqrsDiffResultSets" : true
2025-12-25T03:09:44.8676662Z   }
2025-12-25T03:09:44.8676818Z }
2025-12-25T03:09:44.8773940Z ##[endgroup]
2025-12-25T03:09:44.8777835Z ##[group]Load language configuration
2025-12-25T03:09:44.8810438Z [command]/opt/hostedtoolcache/CodeQL/2.23.8/x64/codeql/codeql resolve languages --format=betterjson --extractor-options-verbosity=4 --extractor-include-aliases --filter-to-languages-with-queries
2025-12-25T03:09:46.5822187Z {
2025-12-25T03:09:46.5822909Z   "aliases" : {
2025-12-25T03:09:46.5823235Z     "c" : "cpp",
2025-12-25T03:09:46.5823499Z     "c++" : "cpp",
2025-12-25T03:09:46.5823781Z     "c-c++" : "cpp",
2025-12-25T03:09:46.5824055Z     "c-cpp" : "cpp",
2025-12-25T03:09:46.5824367Z     "c#" : "csharp",
2025-12-25T03:09:46.5824664Z     "java-kotlin" : "java",
2025-12-25T03:09:46.5824998Z     "kotlin" : "java",
2025-12-25T03:09:46.5825355Z     "javascript-typescript" : "javascript",
2025-12-25T03:09:46.5825805Z     "typescript" : "javascript"
2025-12-25T03:09:46.5826152Z   },
2025-12-25T03:09:46.5826402Z   "extractors" : {
2025-12-25T03:09:46.5826692Z     "rust" : [
2025-12-25T03:09:46.5826954Z       {
2025-12-25T03:09:46.5827405Z         "extractor_root" : "/opt/hostedtoolcache/CodeQL/2.23.8/x64/codeql/rust",
2025-12-25T03:09:46.5828001Z         "extractor_options" : {
2025-12-25T03:09:46.5828388Z           "trap" : {
2025-12-25T03:09:46.5828753Z             "title" : "Options pertaining to TRAP.",
2025-12-25T03:09:46.5829241Z             "description" : "Options pertaining to TRAP.",
2025-12-25T03:09:46.5829642Z             "type" : "object",
2025-12-25T03:09:46.5830149Z             "properties" : {
2025-12-25T03:09:46.5830506Z               "compression" : {
2025-12-25T03:09:46.5831015Z                 "title" : "Controls compression for the TRAP files written by the extractor.",
2025-12-25T03:09:46.5832506Z                 "description" : "This option is only intended for use in debugging the extractor. Accepted values are 'gzip' (to write gzip-compressed TRAP) 'zstd' (to write Zstandard-compressed TRAP) and 'none' (the default, to write uncompressed TRAP).\n",
2025-12-25T03:09:46.5833296Z                 "type" : "string",
2025-12-25T03:09:46.5833527Z                 "pattern" : "^(none|gzip|zstd)$"
2025-12-25T03:09:46.5833785Z               }
2025-12-25T03:09:46.5833974Z             }
2025-12-25T03:09:46.5834140Z           },
2025-12-25T03:09:46.5834627Z           "cargo_target_dir" : {
2025-12-25T03:09:46.5834896Z             "title" : "Directory to use for cargo output files.",
2025-12-25T03:09:46.5835869Z             "description" : "This value is an optional path to use as `CARGO_TARGET_DIR` for the internal cargo commands the extractor uses. Pointing it to a persistent directory may reduce execution time of consecutive extractor runs. By default, a new scratch directory is used for each run.\n",
2025-12-25T03:09:46.5836770Z             "type" : "string"
2025-12-25T03:09:46.5836969Z           },
2025-12-25T03:09:46.5837137Z           "cargo_target" : {
2025-12-25T03:09:46.5837444Z             "title" : "Target architecture",
2025-12-25T03:09:46.5837933Z             "description" : "Target architecture to use for analysis, analogous to `cargo --target`. By default the host architecture is used.\n",
2025-12-25T03:09:46.5838403Z             "type" : "string"
2025-12-25T03:09:46.5838612Z           },
2025-12-25T03:09:46.5838781Z           "cargo_features" : {
2025-12-25T03:09:46.5839006Z             "title" : "Cargo features to turn on",
2025-12-25T03:09:46.5839868Z             "description" : "Comma-separated list of features to turn on. By default all features are enabled. If any features are specified, then only those features are enabled. The `default` feature must be explicitly specified if only default features are desired. Can be repeated.\n",
2025-12-25T03:09:46.5841329Z             "type" : "array"
2025-12-25T03:09:46.5841641Z           },
2025-12-25T03:09:46.5841899Z           "cargo_cfg_overrides" : {
2025-12-25T03:09:46.5842244Z             "title" : "Cargo cfg overrides",
2025-12-25T03:09:46.5843005Z             "description" : "Comma-separated list of cfg settings to enable, or disable if prefixed with `-`. Can be repeated.\n",
2025-12-25T03:09:46.5843764Z             "type" : "array"
2025-12-25T03:09:46.5844071Z           },
2025-12-25T03:09:46.5844335Z           "logging" : {
2025-12-25T03:09:46.5844886Z             "title" : "Options pertaining to logging.",
2025-12-25T03:09:46.5845335Z             "description" : "Options pertaining to logging.",
2025-12-25T03:09:46.5845745Z             "type" : "object",
2025-12-25T03:09:46.5846073Z             "properties" : {
2025-12-25T03:09:46.5846356Z               "verbosity" : {
2025-12-25T03:09:46.5846594Z                 "title" : "Extractor logging verbosity level.",
2025-12-25T03:09:46.5847400Z                 "description" : "Controls the level of verbosity of the extractor. The supported levels are (in order of increasing verbosity):\n  - off\n  - errors\n  - warnings\n  - info or progress\n  - debug or progress+\n  - trace or progress++\n  - progress+++\n",
2025-12-25T03:09:46.5848144Z                 "type" : "string",
2025-12-25T03:09:46.5848556Z                 "pattern" : "^(off|errors|warnings|(info|progress)|(debug|progress\\+)|(trace|progress\\+\\+)|progress\\+\\+\\+)$"
2025-12-25T03:09:46.5848962Z               },
2025-12-25T03:09:46.5849146Z               "flamegraph" : {
2025-12-25T03:09:46.5849428Z                 "title" : "[Experimental] File path for write flame graph log",
2025-12-25T03:09:46.5850384Z                 "description" : "Collect flame graph data using the `tracing-flame` crate. To render a flame graph or chart, run the `inferno-flamegraph` command. See also: https://crates.io/crates/tracing-flame\n",
2025-12-25T03:09:46.5851034Z                 "type" : "string"
2025-12-25T03:09:46.5851265Z               }
2025-12-25T03:09:46.5851432Z             }
2025-12-25T03:09:46.5851601Z           },
2025-12-25T03:09:46.5851790Z           "extract_dependencies_as_source" : {
2025-12-25T03:09:46.5852072Z             "title" : "Extract dependencies as source code",
2025-12-25T03:09:46.5852509Z             "description" : "Extract the full source code of dependencies instead of only extracting signatures.\n",
2025-12-25T03:09:46.5852925Z             "type" : "string",
2025-12-25T03:09:46.5853147Z             "pattern" : "^(false|true)$"
2025-12-25T03:09:46.5853362Z           }
2025-12-25T03:09:46.5853655Z         }
2025-12-25T03:09:46.5853813Z       }
2025-12-25T03:09:46.5853977Z     ],
2025-12-25T03:09:46.5854134Z     "python" : [
2025-12-25T03:09:46.5854312Z       {
2025-12-25T03:09:46.5854569Z         "extractor_root" : "/opt/hostedtoolcache/CodeQL/2.23.8/x64/codeql/python",
2025-12-25T03:09:46.5854901Z         "extractor_options" : {
2025-12-25T03:09:46.5855111Z           "logging" : {
2025-12-25T03:09:46.5855331Z             "title" : "Options pertaining to logging.",
2025-12-25T03:09:46.5855620Z             "description" : "Options pertaining to logging.",
2025-12-25T03:09:46.5855876Z             "type" : "object",
2025-12-25T03:09:46.5856086Z             "properties" : {
2025-12-25T03:09:46.5856287Z               "verbosity" : {
2025-12-25T03:09:46.5856537Z                 "title" : "Python extractor logging verbosity level.",
2025-12-25T03:09:46.5857372Z                 "description" : "Controls the level of verbosity of the CodeQL Python extractor.\nThe supported levels are (in order of increasing verbosity):\n\n  - off\n  - errors\n  - warnings\n  - info or progress\n  - debug or progress+\n  - trace or progress++\n  - progress+++\n",
2025-12-25T03:09:46.5858169Z                 "type" : "string",
2025-12-25T03:09:46.5858568Z                 "pattern" : "^(off|errors|warnings|(info|progress)|(debug|progress\\+)|(trace|progress\\+\\+)|progress\\+\\+\\+)$"
2025-12-25T03:09:46.5858957Z               }
2025-12-25T03:09:46.5859124Z             }
2025-12-25T03:09:46.5859278Z           },
2025-12-25T03:09:46.5859460Z           "python_executable_name" : {
2025-12-25T03:09:46.5859797Z             "title" : "Controls the name of the Python executable used by the Python extractor.",
2025-12-25T03:09:46.5861070Z             "description" : "The Python extractor uses platform-dependent heuristics to determine the name of the Python executable to use. Specifying a value for this option overrides the name of the Python executable used by the extractor. Accepted values are py, python and python3. Use this setting with caution, the Python extractor requires Python 3 to run.\n",
2025-12-25T03:09:46.5862209Z             "type" : "string",
2025-12-25T03:09:46.5862430Z             "pattern" : "^(py|python|python3)$"
2025-12-25T03:09:46.5862665Z           }
2025-12-25T03:09:46.5862816Z         }
2025-12-25T03:09:46.5862974Z       }
2025-12-25T03:09:46.5863121Z     ],
2025-12-25T03:09:46.5863280Z     "cpp" : [
2025-12-25T03:09:46.5863444Z       {
2025-12-25T03:09:46.5863691Z         "extractor_root" : "/opt/hostedtoolcache/CodeQL/2.23.8/x64/codeql/cpp",
2025-12-25T03:09:46.5864012Z         "extractor_options" : {
2025-12-25T03:09:46.5864215Z           "trap" : {
2025-12-25T03:09:46.5864420Z             "title" : "TRAP options",
2025-12-25T03:09:46.5864729Z             "description" : "Options about how the extractor handles TRAP files",
2025-12-25T03:09:46.5865044Z             "type" : "object",
2025-12-25T03:09:46.5865248Z             "visibility" : 3,
2025-12-25T03:09:46.5865462Z             "properties" : {
2025-12-25T03:09:46.5865658Z               "cache" : {
2025-12-25T03:09:46.5865878Z                 "title" : "TRAP cache options",
2025-12-25T03:09:46.5866210Z                 "description" : "Options about how the extractor handles its TRAP cache",
2025-12-25T03:09:46.5866527Z                 "type" : "object",
2025-12-25T03:09:46.5866745Z                 "properties" : {
2025-12-25T03:09:46.5866951Z                   "dir" : {
2025-12-25T03:09:46.5867173Z                     "title" : "TRAP cache directory",
2025-12-25T03:09:46.5867466Z                     "description" : "The directory of the TRAP cache to use",
2025-12-25T03:09:46.5867756Z                     "type" : "string"
2025-12-25T03:09:46.5867960Z                   },
2025-12-25T03:09:46.5868165Z                   "bound" : {
2025-12-25T03:09:46.5868383Z                     "title" : "TRAP cache bound",
2025-12-25T03:09:46.5868690Z                     "description" : "A soft limit (in MB) on the size of the TRAP cache",
2025-12-25T03:09:46.5869070Z                     "type" : "string",
2025-12-25T03:09:46.5869296Z                     "pattern" : "[0-9]+"
2025-12-25T03:09:46.5869513Z                   },
2025-12-25T03:09:46.5869684Z                   "write" : {
2025-12-25T03:09:46.5869912Z                     "title" : "TRAP cache writeable",
2025-12-25T03:09:46.5870337Z                     "description" : "Whether to write to the TRAP cache as well as reading it",
2025-12-25T03:09:46.5870662Z                     "type" : "string",
2025-12-25T03:09:46.5870910Z                     "pattern" : "(true|TRUE|false|FALSE)"
2025-12-25T03:09:46.5871140Z                   }
2025-12-25T03:09:46.5871313Z                 }
2025-12-25T03:09:46.5871484Z               }
2025-12-25T03:09:46.5871653Z             }
2025-12-25T03:09:46.5871807Z           },
2025-12-25T03:09:46.5871981Z           "scale_timeouts" : {
2025-12-25T03:09:46.5872254Z             "title" : "Value to scale compiler introspection timeouts with",
2025-12-25T03:09:46.5873427Z             "description" : "The extractor attempts to determine what compiler the source code being extracted is compiled with. To this end the extractor makes additional calls to the compiler, some of which are expected to return within a certain fixed time (either 10s or 15s). On some systems that are under high load this time might be too short, and can be scaled up using this option.\n",
2025-12-25T03:09:46.5874521Z             "type" : "string",
2025-12-25T03:09:46.5874730Z             "pattern" : "[0-9]+"
2025-12-25T03:09:46.5874930Z           },
2025-12-25T03:09:46.5875095Z           "log_verbosity" : {
2025-12-25T03:09:46.5875335Z             "title" : "Verbosity of the extractor logging",
2025-12-25T03:09:46.5875845Z             "description" : "Set the verbosity of the extractor logging to 'quiet' (0), 'normal' (1), 'chatty' (2), or 'noisy' (3). The default is 'normal'.\n",
2025-12-25T03:09:46.5876301Z             "type" : "string",
2025-12-25T03:09:46.5876763Z             "pattern" : "[0-3]"
2025-12-25T03:09:46.5877068Z           },
2025-12-25T03:09:46.5877362Z           "frontend_options" : {
2025-12-25T03:09:46.5877747Z             "title" : "C/C++ extractor frontend options",
2025-12-25T03:09:46.5878310Z             "description" : "Set additional options that should be passed to the C/C++ extractor frontend.\n",
2025-12-25T03:09:46.5878702Z             "type" : "array",
2025-12-25T03:09:46.5878922Z             "visibility" : 3
2025-12-25T03:09:46.5879129Z           }
2025-12-25T03:09:46.5879294Z         }
2025-12-25T03:09:46.5879457Z       }
2025-12-25T03:09:46.5879614Z     ],
2025-12-25T03:09:46.5879793Z     "csharp" : [
2025-12-25T03:09:46.5880254Z       {
2025-12-25T03:09:46.5880561Z         "extractor_root" : "/opt/hostedtoolcache/CodeQL/2.23.8/x64/codeql/csharp",
2025-12-25T03:09:46.5880903Z         "extractor_options" : {
2025-12-25T03:09:46.5881128Z           "trap" : {
2025-12-25T03:09:46.5881348Z             "title" : "Options pertaining to TRAP.",
2025-12-25T03:09:46.5881671Z             "description" : "Options pertaining to TRAP.",
2025-12-25T03:09:46.5881948Z             "type" : "object",
2025-12-25T03:09:46.5882160Z             "properties" : {
2025-12-25T03:09:46.5882379Z               "compression" : {
2025-12-25T03:09:46.5882704Z                 "title" : "Controls compression for the TRAP files written by the extractor.",
2025-12-25T03:09:46.5883530Z                 "description" : "This option is only intended for use in debugging the extractor. Accepted values are 'brotli' (the default, to write brotli-compressed TRAP), 'gzip', and 'none' (to write uncompressed TRAP).\n",
2025-12-25T03:09:46.5884209Z                 "type" : "string",
2025-12-25T03:09:46.5884461Z                 "pattern" : "^(none|gzip|brotli)$"
2025-12-25T03:09:46.5884692Z               }
2025-12-25T03:09:46.5884851Z             }
2025-12-25T03:09:46.5885022Z           },
2025-12-25T03:09:46.5885187Z           "buildless" : {
2025-12-25T03:09:46.5885627Z             "title" : "DEPRECATED - Whether to use buildless (standalone) extraction.",
2025-12-25T03:09:46.5887125Z             "description" : "DEPRECATED: Use `--build-mode none` instead.\nA value indicating, which type of extraction the autobuilder should perform. If 'true', then the standalone extractor will be used, otherwise tracing extraction will be performed. The default is 'false'. Note that buildless extraction will generally yield less accurate analysis results, and should only be used in cases where it is not possible to build the code (for example if it uses inaccessible dependencies).\n",
2025-12-25T03:09:46.5888508Z             "type" : "string",
2025-12-25T03:09:46.5888730Z             "pattern" : "^(false|true)$"
2025-12-25T03:09:46.5888950Z           },
2025-12-25T03:09:46.5889108Z           "logging" : {
2025-12-25T03:09:46.5889331Z             "title" : "Options pertaining to logging.",
2025-12-25T03:09:46.5889618Z             "description" : "Options pertaining to logging.",
2025-12-25T03:09:46.5889887Z             "type" : "object",
2025-12-25T03:09:46.5890181Z             "properties" : {
2025-12-25T03:09:46.5890388Z               "verbosity" : {
2025-12-25T03:09:46.5890619Z                 "title" : "Extractor logging verbosity level.",
2025-12-25T03:09:46.5891416Z                 "description" : "Controls the level of verbosity of the extractor. The supported levels are (in order of increasing verbosity):\n  - off\n  - errors\n  - warnings\n  - info or progress\n  - debug or progress+\n  - trace or progress++\n  - progress+++\n",
2025-12-25T03:09:46.5892306Z                 "type" : "string",
2025-12-25T03:09:46.5892785Z                 "pattern" : "^(off|errors|warnings|(info|progress)|(debug|progress\\+)|(trace|progress\\+\\+)|progress\\+\\+\\+)$"
2025-12-25T03:09:46.5893404Z               }
2025-12-25T03:09:46.5893653Z             }
2025-12-25T03:09:46.5893850Z           },
2025-12-25T03:09:46.5894014Z           "binlog" : {
2025-12-25T03:09:46.5894200Z             "title" : "Binlog",
2025-12-25T03:09:46.5895194Z             "description" : "[EXPERIMENTAL] The value is a path to the MsBuild binary log file that should be extracted. This option only works when `--build-mode none` is also specified.\n",
2025-12-25T03:09:46.5895846Z             "type" : "array"
2025-12-25T03:09:46.5896037Z           },
2025-12-25T03:09:46.5896220Z           "buildless_dependency_dir" : {
2025-12-25T03:09:46.5896579Z             "title" : "The path where buildless (standalone) extraction should keep dependencies.",
2025-12-25T03:09:46.5897110Z             "description" : "If set, the buildless (standalone) extractor will store dependencies in this directory.\n",
2025-12-25T03:09:46.5897518Z             "type" : "string"
2025-12-25T03:09:46.5897708Z           }
2025-12-25T03:09:46.5897862Z         }
2025-12-25T03:09:46.5898011Z       }
2025-12-25T03:09:46.5898167Z     ],
2025-12-25T03:09:46.5898316Z     "java" : [
2025-12-25T03:09:46.5898482Z       {
2025-12-25T03:09:46.5898729Z         "extractor_root" : "/opt/hostedtoolcache/CodeQL/2.23.8/x64/codeql/java",
2025-12-25T03:09:46.5899060Z         "extractor_options" : {
2025-12-25T03:09:46.5899264Z           "exclude" : {
2025-12-25T03:09:46.5899493Z             "title" : "A glob excluding files from analysis.",
2025-12-25T03:09:46.5900225Z             "description" : "A glob indicating what files to exclude from the analysis. This accepts glob patterns that are supported by Java's 'getPathMatcher' implementation.\n",
2025-12-25T03:09:46.5900785Z             "type" : "string"
2025-12-25T03:09:46.5900986Z           },
2025-12-25T03:09:46.5901161Z           "add_prefer_source" : {
2025-12-25T03:09:46.5901461Z             "title" : "Whether to always prefer source files over class files.",
2025-12-25T03:09:46.5902375Z             "description" : "A value indicating whether source files should be preferred over class files. If set to 'true', the extraction adds '-Xprefer:source' to the javac command line. If set to 'false', the extraction uses the default javac behavior ('-Xprefer:newer'). The default is 'true'.\n",
2025-12-25T03:09:46.5903314Z             "type" : "string",
2025-12-25T03:09:46.5903543Z             "pattern" : "^(false|true)$"
2025-12-25T03:09:46.5903759Z           },
2025-12-25T03:09:46.5903934Z           "buildless" : {
2025-12-25T03:09:46.5904228Z             "title" : "Whether to use buildless (standalone) extraction (experimental).",
2025-12-25T03:09:46.5905590Z             "description" : "A value indicating, which type of extraction the autobuilder should perform. If 'true', then the standalone extractor will be used, otherwise tracing extraction will be performed. The default is 'false'. Note that buildless extraction will generally yield less accurate analysis results, and should only be used in cases where it is not possible to build the code (for example if it uses inaccessible dependencies).\n",
2025-12-25T03:09:46.5907697Z             "type" : "string",
2025-12-25T03:09:46.5908014Z             "pattern" : "^(false|true)$"
2025-12-25T03:09:46.5908241Z           },
2025-12-25T03:09:46.5908422Z           "buildless_dependency_dir" : {
2025-12-25T03:09:46.5908781Z             "title" : "The path where buildless (standalone) extraction should keep dependencies.",
2025-12-25T03:09:46.5909304Z             "description" : "If set, the buildless (standalone) extractor will store dependencies in this directory.\n",
2025-12-25T03:09:46.5909707Z             "type" : "string"
2025-12-25T03:09:46.5909900Z           },
2025-12-25T03:09:46.5910272Z           "minimize_dependency_jars" : {
2025-12-25T03:09:46.5910638Z             "title" : "Whether to rewrite and minimize downloaded JAR dependencies (experimental).",
2025-12-25T03:09:46.5911311Z             "description" : "If 'true', JAR dependencies downloaded during extraction will be rewritten to remove unneeded data, such as method bodies. The default is 'false'.\n",
2025-12-25T03:09:46.5911862Z             "type" : "string",
2025-12-25T03:09:46.5912068Z             "pattern" : "^(false|true)$"
2025-12-25T03:09:46.5912419Z           }
2025-12-25T03:09:46.5912575Z         }
2025-12-25T03:09:46.5912730Z       }
2025-12-25T03:09:46.5912893Z     ],
2025-12-25T03:09:46.5913042Z     "go" : [
2025-12-25T03:09:46.5913205Z       {
2025-12-25T03:09:46.5913445Z         "extractor_root" : "/opt/hostedtoolcache/CodeQL/2.23.8/x64/codeql/go",
2025-12-25T03:09:46.5913767Z         "extractor_options" : {
2025-12-25T03:09:46.5913976Z           "extract_tests" : {
2025-12-25T03:09:46.5914261Z             "title" : "Whether to include Go test files in the CodeQL database.",
2025-12-25T03:09:46.5914786Z             "description" : "A value indicating whether Go test files should be included in the CodeQL database. The default is 'false'.\n",
2025-12-25T03:09:46.5915237Z             "type" : "string",
2025-12-25T03:09:46.5915454Z             "pattern" : "^(false|true)$"
2025-12-25T03:09:46.5915664Z           },
2025-12-25T03:09:46.5915847Z           "extract_vendor_dirs" : {
2025-12-25T03:09:46.5916162Z             "title" : "Whether to include Go vendor directories in the CodeQL database.",
2025-12-25T03:09:46.5916741Z             "description" : "A value indicating whether Go vendor directories should be included in the CodeQL database. The default is 'false'.\n",
2025-12-25T03:09:46.5917214Z             "type" : "string",
2025-12-25T03:09:46.5917425Z             "pattern" : "^(false|true)$"
2025-12-25T03:09:46.5917640Z           }
2025-12-25T03:09:46.5917790Z         }
2025-12-25T03:09:46.5917948Z       }
2025-12-25T03:09:46.5918090Z     ],
2025-12-25T03:09:46.5918251Z     "actions" : [
2025-12-25T03:09:46.5918419Z       {
2025-12-25T03:09:46.5918676Z         "extractor_root" : "/opt/hostedtoolcache/CodeQL/2.23.8/x64/codeql/actions",
2025-12-25T03:09:46.5918993Z         "extractor_options" : {
2025-12-25T03:09:46.5919232Z           "trap" : {
2025-12-25T03:09:46.5919421Z             "title" : "TRAP options",
2025-12-25T03:09:46.5919732Z             "description" : "Options about how the extractor handles TRAP files",
2025-12-25T03:09:46.5920301Z             "type" : "object",
2025-12-25T03:09:46.5920617Z             "visibility" : 3,
2025-12-25T03:09:46.5920843Z             "properties" : {
2025-12-25T03:09:46.5921050Z               "cache" : {
2025-12-25T03:09:46.5921277Z                 "title" : "TRAP cache options",
2025-12-25T03:09:46.5921609Z                 "description" : "Options about how the extractor handles its TRAP cache",
2025-12-25T03:09:46.5921943Z                 "type" : "object",
2025-12-25T03:09:46.5922164Z                 "properties" : {
2025-12-25T03:09:46.5922391Z                   "dir" : {
2025-12-25T03:09:46.5922614Z                     "title" : "TRAP cache directory",
2025-12-25T03:09:46.5922910Z                     "description" : "The directory of the TRAP cache to use",
2025-12-25T03:09:46.5923201Z                     "type" : "string"
2025-12-25T03:09:46.5923402Z                   },
2025-12-25T03:09:46.5923584Z                   "bound" : {
2025-12-25T03:09:46.5923796Z                     "title" : "TRAP cache bound",
2025-12-25T03:09:46.5924112Z                     "description" : "A soft limit (in MB) on the size of the TRAP cache",
2025-12-25T03:09:46.5924419Z                     "type" : "string",
2025-12-25T03:09:46.5924644Z                     "pattern" : "[0-9]+"
2025-12-25T03:09:46.5924854Z                   },
2025-12-25T03:09:46.5925027Z                   "write" : {
2025-12-25T03:09:46.5925247Z                     "title" : "TRAP cache writeable",
2025-12-25T03:09:46.5925575Z                     "description" : "Whether to write to the TRAP cache as well as reading it",
2025-12-25T03:09:46.5925897Z                     "type" : "string",
2025-12-25T03:09:46.5926134Z                     "pattern" : "(true|TRUE|false|FALSE)"
2025-12-25T03:09:46.5926365Z                   }
2025-12-25T03:09:46.5926526Z                 }
2025-12-25T03:09:46.5926689Z               }
2025-12-25T03:09:46.5926848Z             }
2025-12-25T03:09:46.5927011Z           }
2025-12-25T03:09:46.5927162Z         }
2025-12-25T03:09:46.5927374Z       }
2025-12-25T03:09:46.5927530Z     ],
2025-12-25T03:09:46.5927684Z     "javascript" : [
2025-12-25T03:09:46.5927863Z       {
2025-12-25T03:09:46.5928125Z         "extractor_root" : "/opt/hostedtoolcache/CodeQL/2.23.8/x64/codeql/javascript",
2025-12-25T03:09:46.5928471Z         "extractor_options" : {
2025-12-25T03:09:46.5928670Z           "trap" : {
2025-12-25T03:09:46.5928865Z             "title" : "TRAP options",
2025-12-25T03:09:46.5929218Z             "description" : "Options about how the extractor handles TRAP files",
2025-12-25T03:09:46.5929520Z             "type" : "object",
2025-12-25T03:09:46.5929732Z             "visibility" : 3,
2025-12-25T03:09:46.5930075Z             "properties" : {
2025-12-25T03:09:46.5930306Z               "cache" : {
2025-12-25T03:09:46.5930514Z                 "title" : "TRAP cache options",
2025-12-25T03:09:46.5930849Z                 "description" : "Options about how the extractor handles its TRAP cache",
2025-12-25T03:09:46.5931174Z                 "type" : "object",
2025-12-25T03:09:46.5931399Z                 "properties" : {
2025-12-25T03:09:46.5931616Z                   "dir" : {
2025-12-25T03:09:46.5931826Z                     "title" : "TRAP cache directory",
2025-12-25T03:09:46.5932131Z                     "description" : "The directory of the TRAP cache to use",
2025-12-25T03:09:46.5932419Z                     "type" : "string"
2025-12-25T03:09:46.5932638Z                   },
2025-12-25T03:09:46.5932873Z                   "bound" : {
2025-12-25T03:09:46.5933094Z                     "title" : "TRAP cache bound",
2025-12-25T03:09:46.5933406Z                     "description" : "A soft limit (in MB) on the size of the TRAP cache",
2025-12-25T03:09:46.5933704Z                     "type" : "string",
2025-12-25T03:09:46.5933947Z                     "pattern" : "[0-9]+"
2025-12-25T03:09:46.5934157Z                   },
2025-12-25T03:09:46.5934342Z                   "write" : {
2025-12-25T03:09:46.5934556Z                     "title" : "TRAP cache writeable",
2025-12-25T03:09:46.5934968Z                     "description" : "Whether to write to the TRAP cache as well as reading it",
2025-12-25T03:09:46.5935297Z                     "type" : "string",
2025-12-25T03:09:46.5935534Z                     "pattern" : "(true|TRUE|false|FALSE)"
2025-12-25T03:09:46.5935767Z                   }
2025-12-25T03:09:46.5935930Z                 }
2025-12-25T03:09:46.5936095Z               }
2025-12-25T03:09:46.5936253Z             }
2025-12-25T03:09:46.5936440Z           },
2025-12-25T03:09:46.5936606Z           "skip_types" : {
2025-12-25T03:09:46.5936846Z             "title" : "Skip type extraction for TypeScript",
2025-12-25T03:09:46.5937227Z             "description" : "Whether to skip the extraction of types in a TypeScript application",
2025-12-25T03:09:46.5937584Z             "type" : "string",
2025-12-25T03:09:46.5937800Z             "pattern" : "^(false|true)$"
2025-12-25T03:09:46.5938008Z           }
2025-12-25T03:09:46.5938163Z         }
2025-12-25T03:09:46.5938311Z       }
2025-12-25T03:09:46.5938457Z     ],
2025-12-25T03:09:46.5938613Z     "swift" : [
2025-12-25T03:09:46.5938784Z       {
2025-12-25T03:09:46.5939031Z         "extractor_root" : "/opt/hostedtoolcache/CodeQL/2.23.8/x64/codeql/swift"
2025-12-25T03:09:46.5939334Z       }
2025-12-25T03:09:46.5939476Z     ],
2025-12-25T03:09:46.5939630Z     "ruby" : [
2025-12-25T03:09:46.5939789Z       {
2025-12-25T03:09:46.5940174Z         "extractor_root" : "/opt/hostedtoolcache/CodeQL/2.23.8/x64/codeql/ruby",
2025-12-25T03:09:46.5940604Z         "extractor_options" : {
2025-12-25T03:09:46.5940808Z           "trap" : {
2025-12-25T03:09:46.5941023Z             "title" : "Options pertaining to TRAP.",
2025-12-25T03:09:46.5941300Z             "description" : "Options pertaining to TRAP.",
2025-12-25T03:09:46.5941564Z             "type" : "object",
2025-12-25T03:09:46.5941766Z             "properties" : {
2025-12-25T03:09:46.5941983Z               "compression" : {
2025-12-25T03:09:46.5942301Z                 "title" : "Controls compression for the TRAP files written by the extractor.",
2025-12-25T03:09:46.5943497Z                 "description" : "This option is only intended for use in debugging the extractor. Accepted values are 'gzip' (the default, to write gzip-compressed TRAP) 'zstd' (to write Zstandard-compressed TRAP) and 'none' (to write uncompressed TRAP).\n",
2025-12-25T03:09:46.5944554Z                 "type" : "string",
2025-12-25T03:09:46.5944793Z                 "pattern" : "^(none|gzip|zstd)$"
2025-12-25T03:09:46.5945024Z               }
2025-12-25T03:09:46.5945187Z             }
2025-12-25T03:09:46.5945350Z           }
2025-12-25T03:09:46.5945501Z         }
2025-12-25T03:09:46.5945726Z       }
2025-12-25T03:09:46.5945872Z     ]
2025-12-25T03:09:46.5946028Z   }
2025-12-25T03:09:46.5946179Z }
2025-12-25T03:09:46.5959044Z Languages from configuration: python
2025-12-25T03:09:46.5965368Z [command]/opt/hostedtoolcache/CodeQL/2.23.8/x64/codeql/codeql resolve languages --format=betterjson --extractor-options-verbosity=4 --extractor-include-aliases
2025-12-25T03:09:47.4386322Z {
2025-12-25T03:09:47.4387018Z   "aliases" : {
2025-12-25T03:09:47.4389034Z     "c" : "cpp",
2025-12-25T03:09:47.4389339Z     "c++" : "cpp",
2025-12-25T03:09:47.4389644Z     "c-c++" : "cpp",
2025-12-25T03:09:47.4390114Z     "c-cpp" : "cpp",
2025-12-25T03:09:47.4390426Z     "c#" : "csharp",
2025-12-25T03:09:47.4390735Z     "java-kotlin" : "java",
2025-12-25T03:09:47.4391068Z     "kotlin" : "java",
2025-12-25T03:09:47.4391419Z     "javascript-typescript" : "javascript",
2025-12-25T03:09:47.4391822Z     "typescript" : "javascript"
2025-12-25T03:09:47.4392127Z   },
2025-12-25T03:09:47.4392381Z   "extractors" : {
2025-12-25T03:09:47.4392633Z     "xml" : [
2025-12-25T03:09:47.4392887Z       {
2025-12-25T03:09:47.4393301Z         "extractor_root" : "/opt/hostedtoolcache/CodeQL/2.23.8/x64/codeql/xml"
2025-12-25T03:09:47.4393829Z       }
2025-12-25T03:09:47.4394080Z     ],
2025-12-25T03:09:47.4394333Z     "python" : [
2025-12-25T03:09:47.4394607Z       {
2025-12-25T03:09:47.4395548Z         "extractor_root" : "/opt/hostedtoolcache/CodeQL/2.23.8/x64/codeql/python",
2025-12-25T03:09:47.4396157Z         "extractor_options" : {
2025-12-25T03:09:47.4396500Z           "logging" : {
2025-12-25T03:09:47.4396867Z             "title" : "Options pertaining to logging.",
2025-12-25T03:09:47.4397388Z             "description" : "Options pertaining to logging.",
2025-12-25T03:09:47.4397853Z             "type" : "object",
2025-12-25T03:09:47.4398209Z             "properties" : {
2025-12-25T03:09:47.4398563Z               "verbosity" : {
2025-12-25T03:09:47.4399013Z                 "title" : "Python extractor logging verbosity level.",
2025-12-25T03:09:47.4400770Z                 "description" : "Controls the level of verbosity of the CodeQL Python extractor.\nThe supported levels are (in order of increasing verbosity):\n\n  - off\n  - errors\n  - warnings\n  - info or progress\n  - debug or progress+\n  - trace or progress++\n  - progress+++\n",
2025-12-25T03:09:47.4402156Z                 "type" : "string",
2025-12-25T03:09:47.4402874Z                 "pattern" : "^(off|errors|warnings|(info|progress)|(debug|progress\\+)|(trace|progress\\+\\+)|progress\\+\\+\\+)$"
2025-12-25T03:09:47.4403561Z               }
2025-12-25T03:09:47.4403827Z             }
2025-12-25T03:09:47.4404072Z           },
2025-12-25T03:09:47.4404369Z           "python_executable_name" : {
2025-12-25T03:09:47.4404916Z             "title" : "Controls the name of the Python executable used by the Python extractor.",
2025-12-25T03:09:47.4406811Z             "description" : "The Python extractor uses platform-dependent heuristics to determine the name of the Python executable to use. Specifying a value for this option overrides the name of the Python executable used by the extractor. Accepted values are py, python and python3. Use this setting with caution, the Python extractor requires Python 3 to run.\n",
2025-12-25T03:09:47.4408503Z             "type" : "string",
2025-12-25T03:09:47.4408850Z             "pattern" : "^(py|python|python3)$"
2025-12-25T03:09:47.4409434Z           }
2025-12-25T03:09:47.4409665Z         }
2025-12-25T03:09:47.4409879Z       }
2025-12-25T03:09:47.4410257Z     ],
2025-12-25T03:09:47.4410513Z     "javascript" : [
2025-12-25T03:09:47.4410768Z       {
2025-12-25T03:09:47.4411190Z         "extractor_root" : "/opt/hostedtoolcache/CodeQL/2.23.8/x64/codeql/javascript",
2025-12-25T03:09:47.4411750Z         "extractor_options" : {
2025-12-25T03:09:47.4412072Z           "trap" : {
2025-12-25T03:09:47.4412379Z             "title" : "TRAP options",
2025-12-25T03:09:47.4412907Z             "description" : "Options about how the extractor handles TRAP files",
2025-12-25T03:09:47.4413440Z             "type" : "object",
2025-12-25T03:09:47.4413757Z             "visibility" : 3,
2025-12-25T03:09:47.4414100Z             "properties" : {
2025-12-25T03:09:47.4414407Z               "cache" : {
2025-12-25T03:09:47.4414747Z                 "title" : "TRAP cache options",
2025-12-25T03:09:47.4415326Z                 "description" : "Options about how the extractor handles its TRAP cache",
2025-12-25T03:09:47.4415896Z                 "type" : "object",
2025-12-25T03:09:47.4416272Z                 "properties" : {
2025-12-25T03:09:47.4416605Z                   "dir" : {
2025-12-25T03:09:47.4416951Z                     "title" : "TRAP cache directory",
2025-12-25T03:09:47.4417428Z                     "description" : "The directory of the TRAP cache to use",
2025-12-25T03:09:47.4417914Z                     "type" : "string"
2025-12-25T03:09:47.4418261Z                   },
2025-12-25T03:09:47.4418557Z                   "bound" : {
2025-12-25T03:09:47.4418913Z                     "title" : "TRAP cache bound",
2025-12-25T03:09:47.4419431Z                     "description" : "A soft limit (in MB) on the size of the TRAP cache",
2025-12-25T03:09:47.4420092Z                     "type" : "string",
2025-12-25T03:09:47.4420472Z                     "pattern" : "[0-9]+"
2025-12-25T03:09:47.4420840Z                   },
2025-12-25T03:09:47.4421139Z                   "write" : {
2025-12-25T03:09:47.4421731Z                     "title" : "TRAP cache writeable",
2025-12-25T03:09:47.4422118Z                     "description" : "Whether to write to the TRAP cache as well as reading it",
2025-12-25T03:09:47.4422460Z                     "type" : "string",
2025-12-25T03:09:47.4422703Z                     "pattern" : "(true|TRUE|false|FALSE)"
2025-12-25T03:09:47.4422927Z                   }
2025-12-25T03:09:47.4423097Z                 }
2025-12-25T03:09:47.4423256Z               }
2025-12-25T03:09:47.4423420Z             }
2025-12-25T03:09:47.4423576Z           },
2025-12-25T03:09:47.4423755Z           "skip_types" : {
2025-12-25T03:09:47.4423996Z             "title" : "Skip type extraction for TypeScript",
2025-12-25T03:09:47.4424386Z             "description" : "Whether to skip the extraction of types in a TypeScript application",
2025-12-25T03:09:47.4424737Z             "type" : "string",
2025-12-25T03:09:47.4424946Z             "pattern" : "^(false|true)$"
2025-12-25T03:09:47.4425167Z           }
2025-12-25T03:09:47.4425326Z         }
2025-12-25T03:09:47.4425483Z       }
2025-12-25T03:09:47.4425626Z     ],
2025-12-25T03:09:47.4425782Z     "rust" : [
2025-12-25T03:09:47.4425935Z       {
2025-12-25T03:09:47.4426185Z         "extractor_root" : "/opt/hostedtoolcache/CodeQL/2.23.8/x64/codeql/rust",
2025-12-25T03:09:47.4426504Z         "extractor_options" : {
2025-12-25T03:09:47.4426707Z           "trap" : {
2025-12-25T03:09:47.4426908Z             "title" : "Options pertaining to TRAP.",
2025-12-25T03:09:47.4427189Z             "description" : "Options pertaining to TRAP.",
2025-12-25T03:09:47.4427452Z             "type" : "object",
2025-12-25T03:09:47.4427653Z             "properties" : {
2025-12-25T03:09:47.4428146Z               "compression" : {
2025-12-25T03:09:47.4428546Z                 "title" : "Controls compression for the TRAP files written by the extractor.",
2025-12-25T03:09:47.4429616Z                 "description" : "This option is only intended for use in debugging the extractor. Accepted values are 'gzip' (to write gzip-compressed TRAP) 'zstd' (to write Zstandard-compressed TRAP) and 'none' (the default, to write uncompressed TRAP).\n",
2025-12-25T03:09:47.4430719Z                 "type" : "string",
2025-12-25T03:09:47.4430948Z                 "pattern" : "^(none|gzip|zstd)$"
2025-12-25T03:09:47.4431178Z               }
2025-12-25T03:09:47.4431344Z             }
2025-12-25T03:09:47.4431513Z           },
2025-12-25T03:09:47.4431683Z           "cargo_target_dir" : {
2025-12-25T03:09:47.4431942Z             "title" : "Directory to use for cargo output files.",
2025-12-25T03:09:47.4432840Z             "description" : "This value is an optional path to use as `CARGO_TARGET_DIR` for the internal cargo commands the extractor uses. Pointing it to a persistent directory may reduce execution time of consecutive extractor runs. By default, a new scratch directory is used for each run.\n",
2025-12-25T03:09:47.4433689Z             "type" : "string"
2025-12-25T03:09:47.4433897Z           },
2025-12-25T03:09:47.4434067Z           "cargo_target" : {
2025-12-25T03:09:47.4434289Z             "title" : "Target architecture",
2025-12-25T03:09:47.4434771Z             "description" : "Target architecture to use for analysis, analogous to `cargo --target`. By default the host architecture is used.\n",
2025-12-25T03:09:47.4435234Z             "type" : "string"
2025-12-25T03:09:47.4435422Z           },
2025-12-25T03:09:47.4435594Z           "cargo_features" : {
2025-12-25T03:09:47.4435824Z             "title" : "Cargo features to turn on",
2025-12-25T03:09:47.4436679Z             "description" : "Comma-separated list of features to turn on. By default all features are enabled. If any features are specified, then only those features are enabled. The `default` feature must be explicitly specified if only default features are desired. Can be repeated.\n",
2025-12-25T03:09:47.4437534Z             "type" : "array"
2025-12-25T03:09:47.4437722Z           },
2025-12-25T03:09:47.4437905Z           "cargo_cfg_overrides" : {
2025-12-25T03:09:47.4438211Z             "title" : "Cargo cfg overrides",
2025-12-25T03:09:47.4438658Z             "description" : "Comma-separated list of cfg settings to enable, or disable if prefixed with `-`. Can be repeated.\n",
2025-12-25T03:09:47.4439086Z             "type" : "array"
2025-12-25T03:09:47.4439274Z           },
2025-12-25T03:09:47.4439443Z           "logging" : {
2025-12-25T03:09:47.4439661Z             "title" : "Options pertaining to logging.",
2025-12-25T03:09:47.4440121Z             "description" : "Options pertaining to logging.",
2025-12-25T03:09:47.4440408Z             "type" : "object",
2025-12-25T03:09:47.4440618Z             "properties" : {
2025-12-25T03:09:47.4440833Z               "verbosity" : {
2025-12-25T03:09:47.4441080Z                 "title" : "Extractor logging verbosity level.",
2025-12-25T03:09:47.4441875Z                 "description" : "Controls the level of verbosity of the extractor. The supported levels are (in order of increasing verbosity):\n  - off\n  - errors\n  - warnings\n  - info or progress\n  - debug or progress+\n  - trace or progress++\n  - progress+++\n",
2025-12-25T03:09:47.4442619Z                 "type" : "string",
2025-12-25T03:09:47.4443184Z                 "pattern" : "^(off|errors|warnings|(info|progress)|(debug|progress\\+)|(trace|progress\\+\\+)|progress\\+\\+\\+)$"
2025-12-25T03:09:47.4443843Z               },
2025-12-25T03:09:47.4444101Z               "flamegraph" : {
2025-12-25T03:09:47.4444487Z                 "title" : "[Experimental] File path for write flame graph log",
2025-12-25T03:09:47.4445231Z                 "description" : "Collect flame graph data using the `tracing-flame` crate. To render a flame graph or chart, run the `inferno-flamegraph` command. See also: https://crates.io/crates/tracing-flame\n",
2025-12-25T03:09:47.4445888Z                 "type" : "string"
2025-12-25T03:09:47.4446090Z               }
2025-12-25T03:09:47.4446250Z             }
2025-12-25T03:09:47.4446546Z           },
2025-12-25T03:09:47.4446731Z           "extract_dependencies_as_source" : {
2025-12-25T03:09:47.4447011Z             "title" : "Extract dependencies as source code",
2025-12-25T03:09:47.4447444Z             "description" : "Extract the full source code of dependencies instead of only extracting signatures.\n",
2025-12-25T03:09:47.4447832Z             "type" : "string",
2025-12-25T03:09:47.4448047Z             "pattern" : "^(false|true)$"
2025-12-25T03:09:47.4448256Z           }
2025-12-25T03:09:47.4448415Z         }
2025-12-25T03:09:47.4448560Z       }
2025-12-25T03:09:47.4448708Z     ],
2025-12-25T03:09:47.4448854Z     "csv" : [
2025-12-25T03:09:47.4449016Z       {
2025-12-25T03:09:47.4449254Z         "extractor_root" : "/opt/hostedtoolcache/CodeQL/2.23.8/x64/codeql/csv"
2025-12-25T03:09:47.4449555Z       }
2025-12-25T03:09:47.4449703Z     ],
2025-12-25T03:09:47.4449851Z     "cpp" : [
2025-12-25T03:09:47.4450188Z       {
2025-12-25T03:09:47.4450465Z         "extractor_root" : "/opt/hostedtoolcache/CodeQL/2.23.8/x64/codeql/cpp",
2025-12-25T03:09:47.4450788Z         "extractor_options" : {
2025-12-25T03:09:47.4450995Z           "trap" : {
2025-12-25T03:09:47.4451220Z             "title" : "TRAP options",
2025-12-25T03:09:47.4451528Z             "description" : "Options about how the extractor handles TRAP files",
2025-12-25T03:09:47.4451837Z             "type" : "object",
2025-12-25T03:09:47.4452034Z             "visibility" : 3,
2025-12-25T03:09:47.4452245Z             "properties" : {
2025-12-25T03:09:47.4452446Z               "cache" : {
2025-12-25T03:09:47.4452654Z                 "title" : "TRAP cache options",
2025-12-25T03:09:47.4453058Z                 "description" : "Options about how the extractor handles its TRAP cache",
2025-12-25T03:09:47.4453381Z                 "type" : "object",
2025-12-25T03:09:47.4453592Z                 "properties" : {
2025-12-25T03:09:47.4453810Z                   "dir" : {
2025-12-25T03:09:47.4454024Z                     "title" : "TRAP cache directory",
2025-12-25T03:09:47.4454414Z                     "description" : "The directory of the TRAP cache to use",
2025-12-25T03:09:47.4454704Z                     "type" : "string"
2025-12-25T03:09:47.4454912Z                   },
2025-12-25T03:09:47.4455100Z                   "bound" : {
2025-12-25T03:09:47.4455320Z                     "title" : "TRAP cache bound",
2025-12-25T03:09:47.4455650Z                     "description" : "A soft limit (in MB) on the size of the TRAP cache",
2025-12-25T03:09:47.4455955Z                     "type" : "string",
2025-12-25T03:09:47.4456199Z                     "pattern" : "[0-9]+"
2025-12-25T03:09:47.4456415Z                   },
2025-12-25T03:09:47.4456604Z                   "write" : {
2025-12-25T03:09:47.4456839Z                     "title" : "TRAP cache writeable",
2025-12-25T03:09:47.4457278Z                     "description" : "Whether to write to the TRAP cache as well as reading it",
2025-12-25T03:09:47.4457788Z                     "type" : "string",
2025-12-25T03:09:47.4458068Z                     "pattern" : "(true|TRUE|false|FALSE)"
2025-12-25T03:09:47.4458310Z                   }
2025-12-25T03:09:47.4458475Z                 }
2025-12-25T03:09:47.4458647Z               }
2025-12-25T03:09:47.4458810Z             }
2025-12-25T03:09:47.4458973Z           },
2025-12-25T03:09:47.4459143Z           "scale_timeouts" : {
2025-12-25T03:09:47.4459423Z             "title" : "Value to scale compiler introspection timeouts with",
2025-12-25T03:09:47.4460736Z             "description" : "The extractor attempts to determine what compiler the source code being extracted is compiled with. To this end the extractor makes additional calls to the compiler, some of which are expected to return within a certain fixed time (either 10s or 15s). On some systems that are under high load this time might be too short, and can be scaled up using this option.\n",
2025-12-25T03:09:47.4461822Z             "type" : "string",
2025-12-25T03:09:47.4462037Z             "pattern" : "[0-9]+"
2025-12-25T03:09:47.4462328Z           },
2025-12-25T03:09:47.4462504Z           "log_verbosity" : {
2025-12-25T03:09:47.4462756Z             "title" : "Verbosity of the extractor logging",
2025-12-25T03:09:47.4463255Z             "description" : "Set the verbosity of the extractor logging to 'quiet' (0), 'normal' (1), 'chatty' (2), or 'noisy' (3). The default is 'normal'.\n",
2025-12-25T03:09:47.4463718Z             "type" : "string",
2025-12-25T03:09:47.4463921Z             "pattern" : "[0-3]"
2025-12-25T03:09:47.4464117Z           },
2025-12-25T03:09:47.4464284Z           "frontend_options" : {
2025-12-25T03:09:47.4464527Z             "title" : "C/C++ extractor frontend options",
2025-12-25T03:09:47.4464943Z             "description" : "Set additional options that should be passed to the C/C++ extractor frontend.\n",
2025-12-25T03:09:47.4465316Z             "type" : "array",
2025-12-25T03:09:47.4465529Z             "visibility" : 3
2025-12-25T03:09:47.4465716Z           }
2025-12-25T03:09:47.4465871Z         }
2025-12-25T03:09:47.4466020Z       }
2025-12-25T03:09:47.4466174Z     ],
2025-12-25T03:09:47.4466325Z     "java" : [
2025-12-25T03:09:47.4466490Z       {
2025-12-25T03:09:47.4466735Z         "extractor_root" : "/opt/hostedtoolcache/CodeQL/2.23.8/x64/codeql/java",
2025-12-25T03:09:47.4467054Z         "extractor_options" : {
2025-12-25T03:09:47.4467261Z           "exclude" : {
2025-12-25T03:09:47.4467487Z             "title" : "A glob excluding files from analysis.",
2025-12-25T03:09:47.4468086Z             "description" : "A glob indicating what files to exclude from the analysis. This accepts glob patterns that are supported by Java's 'getPathMatcher' implementation.\n",
2025-12-25T03:09:47.4468643Z             "type" : "string"
2025-12-25T03:09:47.4468837Z           },
2025-12-25T03:09:47.4469006Z           "add_prefer_source" : {
2025-12-25T03:09:47.4469301Z             "title" : "Whether to always prefer source files over class files.",
2025-12-25T03:09:47.4470434Z             "description" : "A value indicating whether source files should be preferred over class files. If set to 'true', the extraction adds '-Xprefer:source' to the javac command line. If set to 'false', the extraction uses the default javac behavior ('-Xprefer:newer'). The default is 'true'.\n",
2025-12-25T03:09:47.4471698Z             "type" : "string",
2025-12-25T03:09:47.4471922Z             "pattern" : "^(false|true)$"
2025-12-25T03:09:47.4472136Z           },
2025-12-25T03:09:47.4472310Z           "buildless" : {
2025-12-25T03:09:47.4472609Z             "title" : "Whether to use buildless (standalone) extraction (experimental).",
2025-12-25T03:09:47.4473969Z             "description" : "A value indicating, which type of extraction the autobuilder should perform. If 'true', then the standalone extractor will be used, otherwise tracing extraction will be performed. The default is 'false'. Note that buildless extraction will generally yield less accurate analysis results, and should only be used in cases where it is not possible to build the code (for example if it uses inaccessible dependencies).\n",
2025-12-25T03:09:47.4475240Z             "type" : "string",
2025-12-25T03:09:47.4475453Z             "pattern" : "^(false|true)$"
2025-12-25T03:09:47.4475677Z           },
2025-12-25T03:09:47.4475852Z           "buildless_dependency_dir" : {
2025-12-25T03:09:47.4476213Z             "title" : "The path where buildless (standalone) extraction should keep dependencies.",
2025-12-25T03:09:47.4476744Z             "description" : "If set, the buildless (standalone) extractor will store dependencies in this directory.\n",
2025-12-25T03:09:47.4477136Z             "type" : "string"
2025-12-25T03:09:47.4477329Z           },
2025-12-25T03:09:47.4477501Z           "minimize_dependency_jars" : {
2025-12-25T03:09:47.4477856Z             "title" : "Whether to rewrite and minimize downloaded JAR dependencies (experimental).",
2025-12-25T03:09:47.4478524Z             "description" : "If 'true', JAR dependencies downloaded during extraction will be rewritten to remove unneeded data, such as method bodies. The default is 'false'.\n",
2025-12-25T03:09:47.4479159Z             "type" : "string",
2025-12-25T03:09:47.4479370Z             "pattern" : "^(false|true)$"
2025-12-25T03:09:47.4479577Z           }
2025-12-25T03:09:47.4479731Z         }
2025-12-25T03:09:47.4479875Z       }
2025-12-25T03:09:47.4480151Z     ],
2025-12-25T03:09:47.4480301Z     "html" : [
2025-12-25T03:09:47.4480468Z       {
2025-12-25T03:09:47.4480708Z         "extractor_root" : "/opt/hostedtoolcache/CodeQL/2.23.8/x64/codeql/html"
2025-12-25T03:09:47.4481008Z       }
2025-12-25T03:09:47.4481157Z     ],
2025-12-25T03:09:47.4481311Z     "yaml" : [
2025-12-25T03:09:47.4481478Z       {
2025-12-25T03:09:47.4481751Z         "extractor_root" : "/opt/hostedtoolcache/CodeQL/2.23.8/x64/codeql/yaml"
2025-12-25T03:09:47.4482043Z       }
2025-12-25T03:09:47.4482182Z     ],
2025-12-25T03:09:47.4482335Z     "swift" : [
2025-12-25T03:09:47.4482491Z       {
2025-12-25T03:09:47.4482737Z         "extractor_root" : "/opt/hostedtoolcache/CodeQL/2.23.8/x64/codeql/swift"
2025-12-25T03:09:47.4483028Z       }
2025-12-25T03:09:47.4483181Z     ],
2025-12-25T03:09:47.4483332Z     "properties" : [
2025-12-25T03:09:47.4483510Z       {
2025-12-25T03:09:47.4483767Z         "extractor_root" : "/opt/hostedtoolcache/CodeQL/2.23.8/x64/codeql/properties"
2025-12-25T03:09:47.4484098Z       }
2025-12-25T03:09:47.4484248Z     ],
2025-12-25T03:09:47.4484393Z     "ruby" : [
2025-12-25T03:09:47.4484555Z       {
2025-12-25T03:09:47.4484790Z         "extractor_root" : "/opt/hostedtoolcache/CodeQL/2.23.8/x64/codeql/ruby",
2025-12-25T03:09:47.4485104Z         "extractor_options" : {
2025-12-25T03:09:47.4485301Z           "trap" : {
2025-12-25T03:09:47.4485509Z             "title" : "Options pertaining to TRAP.",
2025-12-25T03:09:47.4485785Z             "description" : "Options pertaining to TRAP.",
2025-12-25T03:09:47.4486039Z             "type" : "object",
2025-12-25T03:09:47.4486251Z             "properties" : {
2025-12-25T03:09:47.4486456Z               "compression" : {
2025-12-25T03:09:47.4486886Z                 "title" : "Controls compression for the TRAP files written by the extractor.",
2025-12-25T03:09:47.4487763Z                 "description" : "This option is only intended for use in debugging the extractor. Accepted values are 'gzip' (the default, to write gzip-compressed TRAP) 'zstd' (to write Zstandard-compressed TRAP) and 'none' (to write uncompressed TRAP).\n",
2025-12-25T03:09:47.4488523Z                 "type" : "string",
2025-12-25T03:09:47.4488752Z                 "pattern" : "^(none|gzip|zstd)$"
2025-12-25T03:09:47.4488986Z               }
2025-12-25T03:09:47.4489156Z             }
2025-12-25T03:09:47.4489317Z           }
2025-12-25T03:09:47.4489480Z         }
2025-12-25T03:09:47.4489632Z       }
2025-12-25T03:09:47.4489782Z     ],
2025-12-25T03:09:47.4490060Z     "go" : [
2025-12-25T03:09:47.4490256Z       {
2025-12-25T03:09:47.4490491Z         "extractor_root" : "/opt/hostedtoolcache/CodeQL/2.23.8/x64/codeql/go",
2025-12-25T03:09:47.4490803Z         "extractor_options" : {
2025-12-25T03:09:47.4491011Z           "extract_tests" : {
2025-12-25T03:09:47.4491300Z             "title" : "Whether to include Go test files in the CodeQL database.",
2025-12-25T03:09:47.4491836Z             "description" : "A value indicating whether Go test files should be included in the CodeQL database. The default is 'false'.\n",
2025-12-25T03:09:47.4492282Z             "type" : "string",
2025-12-25T03:09:47.4492501Z             "pattern" : "^(false|true)$"
2025-12-25T03:09:47.4492708Z           },
2025-12-25T03:09:47.4492890Z           "extract_vendor_dirs" : {
2025-12-25T03:09:47.4493199Z             "title" : "Whether to include Go vendor directories in the CodeQL database.",
2025-12-25T03:09:47.4493768Z             "description" : "A value indicating whether Go vendor directories should be included in the CodeQL database. The default is 'false'.\n",
2025-12-25T03:09:47.4494238Z             "type" : "string",
2025-12-25T03:09:47.4494443Z             "pattern" : "^(false|true)$"
2025-12-25T03:09:47.4494733Z           }
2025-12-25T03:09:47.4494880Z         }
2025-12-25T03:09:47.4495033Z       }
2025-12-25T03:09:47.4495173Z     ],
2025-12-25T03:09:47.4495339Z     "csharp" : [
2025-12-25T03:09:47.4495505Z       {
2025-12-25T03:09:47.4495765Z         "extractor_root" : "/opt/hostedtoolcache/CodeQL/2.23.8/x64/codeql/csharp",
2025-12-25T03:09:47.4496082Z         "extractor_options" : {
2025-12-25T03:09:47.4496293Z           "trap" : {
2025-12-25T03:09:47.4496500Z             "title" : "Options pertaining to TRAP.",
2025-12-25T03:09:47.4496785Z             "description" : "Options pertaining to TRAP.",
2025-12-25T03:09:47.4497041Z             "type" : "object",
2025-12-25T03:09:47.4497241Z             "properties" : {
2025-12-25T03:09:47.4497447Z               "compression" : {
2025-12-25T03:09:47.4497756Z                 "title" : "Controls compression for the TRAP files written by the extractor.",
2025-12-25T03:09:47.4498543Z                 "description" : "This option is only intended for use in debugging the extractor. Accepted values are 'brotli' (the default, to write brotli-compressed TRAP), 'gzip', and 'none' (to write uncompressed TRAP).\n",
2025-12-25T03:09:47.4499209Z                 "type" : "string",
2025-12-25T03:09:47.4499444Z                 "pattern" : "^(none|gzip|brotli)$"
2025-12-25T03:09:47.4499673Z               }
2025-12-25T03:09:47.4571720Z             }
2025-12-25T03:09:47.4571979Z           },
2025-12-25T03:09:47.4572274Z           "buildless" : {
2025-12-25T03:09:47.4572835Z             "title" : "DEPRECATED - Whether to use buildless (standalone) extraction.",
2025-12-25T03:09:47.4575322Z             "description" : "DEPRECATED: Use `--build-mode none` instead.\nA value indicating, which type of extraction the autobuilder should perform. If 'true', then the standalone extractor will be used, otherwise tracing extraction will be performed. The default is 'false'. Note that buildless extraction will generally yield less accurate analysis results, and should only be used in cases where it is not possible to build the code (for example if it uses inaccessible dependencies).\n",
2025-12-25T03:09:47.4577555Z             "type" : "string",
2025-12-25T03:09:47.4577891Z             "pattern" : "^(false|true)$"
2025-12-25T03:09:47.4578233Z           },
2025-12-25T03:09:47.4578496Z           "logging" : {
2025-12-25T03:09:47.4578859Z             "title" : "Options pertaining to logging.",
2025-12-25T03:09:47.4579399Z             "description" : "Options pertaining to logging.",
2025-12-25T03:09:47.4579819Z             "type" : "object",
2025-12-25T03:09:47.4582120Z             "properties" : {
2025-12-25T03:09:47.4582479Z               "verbosity" : {
2025-12-25T03:09:47.4582900Z                 "title" : "Extractor logging verbosity level.",
2025-12-25T03:09:47.4584495Z                 "description" : "Controls the level of verbosity of the extractor. The supported levels are (in order of increasing verbosity):\n  - off\n  - errors\n  - warnings\n  - info or progress\n  - debug or progress+\n  - trace or progress++\n  - progress+++\n",
2025-12-25T03:09:47.4585885Z                 "type" : "string",
2025-12-25T03:09:47.4586601Z                 "pattern" : "^(off|errors|warnings|(info|progress)|(debug|progress\\+)|(trace|progress\\+\\+)|progress\\+\\+\\+)$"
2025-12-25T03:09:47.4587313Z               }
2025-12-25T03:09:47.4587612Z             }
2025-12-25T03:09:47.4587854Z           },
2025-12-25T03:09:47.4588119Z           "binlog" : {
2025-12-25T03:09:47.4588389Z             "title" : "Binlog",
2025-12-25T03:09:47.4589336Z             "description" : "[EXPERIMENTAL] The value is a path to the MsBuild binary log file that should be extracted. This option only works when `--build-mode none` is also specified.\n",
2025-12-25T03:09:47.4590316Z             "type" : "array"
2025-12-25T03:09:47.4590517Z           },
2025-12-25T03:09:47.4590718Z           "buildless_dependency_dir" : {
2025-12-25T03:09:47.4591086Z             "title" : "The path where buildless (standalone) extraction should keep dependencies.",
2025-12-25T03:09:47.4591807Z             "description" : "If set, the buildless (standalone) extractor will store dependencies in this directory.\n",
2025-12-25T03:09:47.4592227Z             "type" : "string"
2025-12-25T03:09:47.4592421Z           }
2025-12-25T03:09:47.4592591Z         }
2025-12-25T03:09:47.4592743Z       }
2025-12-25T03:09:47.4592903Z     ],
2025-12-25T03:09:47.4593065Z     "actions" : [
2025-12-25T03:09:47.4593241Z       {
2025-12-25T03:09:47.4593499Z         "extractor_root" : "/opt/hostedtoolcache/CodeQL/2.23.8/x64/codeql/actions",
2025-12-25T03:09:47.4593832Z         "extractor_options" : {
2025-12-25T03:09:47.4594115Z           "trap" : {
2025-12-25T03:09:47.4594385Z             "title" : "TRAP options",
2025-12-25T03:09:47.4594838Z             "description" : "Options about how the extractor handles TRAP files",
2025-12-25T03:09:47.4595311Z             "type" : "object",
2025-12-25T03:09:47.4595612Z             "visibility" : 3,
2025-12-25T03:09:47.4595908Z             "properties" : {
2025-12-25T03:09:47.4596227Z               "cache" : {
2025-12-25T03:09:47.4596450Z                 "title" : "TRAP cache options",
2025-12-25T03:09:47.4596787Z                 "description" : "Options about how the extractor handles its TRAP cache",
2025-12-25T03:09:47.4597109Z                 "type" : "object",
2025-12-25T03:09:47.4597334Z                 "properties" : {
2025-12-25T03:09:47.4597536Z                   "dir" : {
2025-12-25T03:09:47.4597755Z                     "title" : "TRAP cache directory",
2025-12-25T03:09:47.4598067Z                     "description" : "The directory of the TRAP cache to use",
2025-12-25T03:09:47.4598353Z                     "type" : "string"
2025-12-25T03:09:47.4598570Z                   },
2025-12-25T03:09:47.4598748Z                   "bound" : {
2025-12-25T03:09:47.4598969Z                     "title" : "TRAP cache bound",
2025-12-25T03:09:47.4599281Z                     "description" : "A soft limit (in MB) on the size of the TRAP cache",
2025-12-25T03:09:47.4599601Z                     "type" : "string",
2025-12-25T03:09:47.4600150Z                     "pattern" : "[0-9]+"
2025-12-25T03:09:47.4600387Z                   },
2025-12-25T03:09:47.4600572Z                   "write" : {
2025-12-25T03:09:47.4600791Z                     "title" : "TRAP cache writeable",
2025-12-25T03:09:47.4601140Z                     "description" : "Whether to write to the TRAP cache as well as reading it",
2025-12-25T03:09:47.4601460Z                     "type" : "string",
2025-12-25T03:09:47.4601709Z                     "pattern" : "(true|TRUE|false|FALSE)"
2025-12-25T03:09:47.4601940Z                   }
2025-12-25T03:09:47.4602123Z                 }
2025-12-25T03:09:47.4602286Z               }
2025-12-25T03:09:47.4602460Z             }
2025-12-25T03:09:47.4602624Z           }
2025-12-25T03:09:47.4602776Z         }
2025-12-25T03:09:47.4602936Z       }
2025-12-25T03:09:47.4603081Z     ]
2025-12-25T03:09:47.4603238Z   }
2025-12-25T03:09:47.4603385Z }
2025-12-25T03:09:47.4603653Z python does not support TRAP caching (missing option group)
2025-12-25T03:09:47.4603957Z Found 0 languages that support TRAP caching
2025-12-25T03:09:47.4604705Z Using overlay database mode: none without caching.
2025-12-25T03:09:47.4605352Z ##[endgroup]
2025-12-25T03:09:47.4606171Z While resolving threads, found a cgroup CPUs file with 4 CPUs in /sys/fs/cgroup/cpuset.cpus.effective.
2025-12-25T03:09:47.4607054Z Skipping download of dependency cache for python as we have no caching configuration for it.
2025-12-25T03:09:47.4607799Z Writing augmented user configuration file to /home/runner/work/_temp/user-config.yaml
2025-12-25T03:09:47.4608308Z ##[group]Augmented user configuration file contents
2025-12-25T03:09:47.4608567Z default-setup:
2025-12-25T03:09:47.4608735Z   org:
2025-12-25T03:09:47.4608902Z     model-packs: []
2025-12-25T03:09:47.4609089Z threat-models: []
2025-12-25T03:09:47.4609261Z query-filters:
2025-12-25T03:09:47.4609441Z   - exclude:
2025-12-25T03:09:47.4609656Z       tags: exclude-from-incremental
2025-12-25T03:09:47.4609891Z 
2025-12-25T03:09:47.4610249Z ##[endgroup]
2025-12-25T03:09:47.4611586Z [command]/opt/hostedtoolcache/CodeQL/2.23.8/x64/codeql/codeql database init --force-overwrite --db-cluster /home/runner/work/_temp/codeql_databases --source-root=/home/runner/work/scratchattach/scratchattach --calculate-language-specific-baseline --extractor-include-aliases --sublanguage-file-coverage --language=python --codescanning-config=/home/runner/work/_temp/user-config.yaml --build-mode=none
2025-12-25T03:09:49.3508394Z Package install location: /home/runner/.codeql/packages
2025-12-25T03:09:49.3509658Z Nothing downloaded.
2025-12-25T03:09:51.7510632Z Calculating baseline information in /home/runner/work/scratchattach/scratchattach
2025-12-25T03:09:52.3925411Z Running command in /home/runner/work/scratchattach/scratchattach: [/opt/hostedtoolcache/CodeQL/2.23.8/x64/codeql/actions/tools/configure-baseline.sh]
2025-12-25T03:09:52.4115256Z Calculated baseline information for languages: actions, python (659ms).
2025-12-25T03:09:55.6868831Z Resolving extractor python.
2025-12-25T03:09:55.6911144Z Successfully loaded extractor Python (python) from /opt/hostedtoolcache/CodeQL/2.23.8/x64/codeql/python.
2025-12-25T03:09:55.7273543Z Created skeleton CodeQL database at /home/runner/work/_temp/codeql_databases/python. This in-progress database is ready to be populated by an extractor.
2025-12-25T03:09:56.0847784Z ##[group]Run github/codeql-action/start-proxy@v4
2025-12-25T03:09:56.0848086Z with:
2025-12-25T03:09:56.0848260Z   language: python
2025-12-25T03:09:56.0848434Z   registry_secrets: []
2025-12-25T03:09:56.0848738Z   token: ***
2025-12-25T03:09:56.0849104Z   matrix: {
  "language": "python",
  "category": "/language:python",
  "build-mode": "none",
  "runner": "[\"ubuntu-latest\"]"
}
2025-12-25T03:09:56.0849523Z env:
2025-12-25T03:09:56.0849710Z   CODE_SCANNING_REF: refs/pull/50/head
2025-12-25T03:09:56.0850173Z   CODE_SCANNING_BASE_BRANCH: main
2025-12-25T03:09:56.0850444Z   CODE_SCANNING_IS_ANALYZING_DEFAULT_BRANCH: false
2025-12-25T03:09:56.0850746Z   CODE_SCANNING_IS_STEADY_STATE_DEFAULT_SETUP: true
2025-12-25T03:09:56.0856128Z   CODE_SCANNING_WORKFLOW_FILE: H4sIAAAAAAAA/6RV32/bNhB+919x8AakfZDzsicBBaY4cuLNsFNJQZcVBUFTJ5mLTKr8kVTt8r8PFKVYWuM5Q/1kHj9+vLvv40nQPYYwncsc36+mE2VF4EM/f/sGJTc7u53hAwoz46K2Rs+YzJFoRoXgoiTKCuLw8PQ0kSKEvBF0z9lkguIhnADMN5cxSefRer1cX5EkXryaGAvH+W+GiyiNyUUSrefXr2XaUo1kq6hgu5cYlymJ1tHq7k+3uIwX0e0q+583cE2ooFXz1S1yLKitzH/fmGZxdHlH0izK4udL0zi7vQnBKIvfnfmwSX5frDYfyGK5il+b16NU90UlH0nBq1ahyV9yq50sPl10fwG83pEPwRvHvadG8S+ziorS0tKdfdtClRU6cDo7UKHk/rd0s37ToZUVAtVbXzJAjWrPteZSaH8PAGWmXYJCmncxJoVBYcbBmrJ7WuI4qJFZxU0TtCXrEB4VNzjpSbiwGEgRoFJShVDQSvtNbRQ1WDZ9FgXlVVBQbYYg6GruQQBcsMrmeAgABNB3JOxrGewCMHePVE0I58/Al3Bby6s82MscQxBS4GjTtzGEs49Tu7XC2KCiBrWZfjo7kkrdmJ0UJzN5AfZDiWiDdSdt0JlovkN2L60BhbXU3EjVdJRWOzW7ZpyzDvfrwy+TEcFScMNpxb8i+JE0Ou4tf+5c/rkKPNk5F7zl8cBHbnYHyVqfa66Dey5yHYI7GfTv4xnVd0h7X39v/slL/RpAD+EhOMcaRY6CNQGjbMdF6Q/5vs5QPHAlxR6FgXfv4MwXF+ykNpifDYk+W1TcZTedwk9w6QdMG21A2/4NdO+g4GUIfw+E7AZSoNHYOhwpLFU5DgC4IqrAvT8dwsdXDhovCGlPwdMTfBqQmp1CatrmVC1lt9srnrq0oFbySwOFVKCw5Nq4ejsSnod++7QVtKHKBC34mCMO9IQpzFE4u3XCa2QKjZ5dLbPr2wuSxFfLNEuWcUpuks0fd0NJDo/viGPGtr5BVUi17zztZ63m+nRF3aA+VNN9V/3PfSPer3x25HqTZl0d7mHO2jbMpDWtYO2KOHMNyxgR3GySkwS1VMcJ5hGZx0m2XCznURafomKUMFSGF9wNq6Okt8kqPUVlVaUPBGPBD5NwoFQfdIf+CQAA//+2RVGDAgkAAA==
2025-12-25T03:09:56.0861718Z   CODEQL_ACTION_FEATURE_MULTI_LANGUAGE: false
2025-12-25T03:09:56.0861980Z   CODEQL_ACTION_FEATURE_SANDWICH: false
2025-12-25T03:09:56.0862220Z   CODEQL_ACTION_FEATURE_SARIF_COMBINE: true
2025-12-25T03:09:56.0862471Z   CODEQL_ACTION_FEATURE_WILL_UPLOAD: true
2025-12-25T03:09:56.0862704Z   CODEQL_ACTION_VERSION: 4.31.9
2025-12-25T03:09:56.0862955Z   JOB_RUN_UUID: 7d4c29d3-7db8-45f2-ae1c-9ce609a9da41
2025-12-25T03:09:56.0863218Z   CODEQL_ACTION_INIT_HAS_RUN: true
2025-12-25T03:09:56.0863534Z   CODEQL_ACTION_ANALYSIS_KEY: dynamic/github-code-scanning/codeql:analyze
2025-12-25T03:09:56.0863888Z   CODEQL_WORKFLOW_STARTED_AT: 2025-12-25T03:09:40.088Z
2025-12-25T03:09:56.0864280Z   CODEQL_RAM: 14580
2025-12-25T03:09:56.0864462Z   CODEQL_THREADS: 4
2025-12-25T03:09:56.0864635Z ##[endgroup]
2025-12-25T03:09:56.2306550Z Using registry_secrets input.
2025-12-25T03:09:56.2307543Z No credentials found, skipping proxy setup.
2025-12-25T03:09:56.2448288Z ##[group]Run github/codeql-action/analyze@v4
2025-12-25T03:09:56.2448544Z with:
2025-12-25T03:09:56.2448735Z   category: /language:python
2025-12-25T03:09:56.2448942Z   output: ../results
2025-12-25T03:09:56.2449132Z   upload: always
2025-12-25T03:09:56.2449318Z   skip-queries: false
2025-12-25T03:09:56.2449579Z   checkout_path: /home/runner/work/scratchattach/scratchattach
2025-12-25T03:09:56.2449882Z   upload-database: true
2025-12-25T03:09:56.2450253Z   wait-for-processing: true
2025-12-25T03:09:56.2450624Z   token: ***
2025-12-25T03:09:56.2450996Z   matrix: {
  "language": "python",
  "category": "/language:python",
  "build-mode": "none",
  "runner": "[\"ubuntu-latest\"]"
}
2025-12-25T03:09:56.2451417Z   expect-error: false
2025-12-25T03:09:56.2451631Z env:
2025-12-25T03:09:56.2451811Z   CODE_SCANNING_REF: refs/pull/50/head
2025-12-25T03:09:56.2452059Z   CODE_SCANNING_BASE_BRANCH: main
2025-12-25T03:09:56.2452316Z   CODE_SCANNING_IS_ANALYZING_DEFAULT_BRANCH: false
2025-12-25T03:09:56.2452654Z   CODE_SCANNING_IS_STEADY_STATE_DEFAULT_SETUP: true
2025-12-25T03:09:56.2457995Z   CODE_SCANNING_WORKFLOW_FILE: H4sIAAAAAAAA/6RV32/bNhB+919x8AakfZDzsicBBaY4cuLNsFNJQZcVBUFTJ5mLTKr8kVTt8r8PFKVYWuM5Q/1kHj9+vLvv40nQPYYwncsc36+mE2VF4EM/f/sGJTc7u53hAwoz46K2Rs+YzJFoRoXgoiTKCuLw8PQ0kSKEvBF0z9lkguIhnADMN5cxSefRer1cX5EkXryaGAvH+W+GiyiNyUUSrefXr2XaUo1kq6hgu5cYlymJ1tHq7k+3uIwX0e0q+583cE2ooFXz1S1yLKitzH/fmGZxdHlH0izK4udL0zi7vQnBKIvfnfmwSX5frDYfyGK5il+b16NU90UlH0nBq1ahyV9yq50sPl10fwG83pEPwRvHvadG8S+ziorS0tKdfdtClRU6cDo7UKHk/rd0s37ToZUVAtVbXzJAjWrPteZSaH8PAGWmXYJCmncxJoVBYcbBmrJ7WuI4qJFZxU0TtCXrEB4VNzjpSbiwGEgRoFJShVDQSvtNbRQ1WDZ9FgXlVVBQbYYg6GruQQBcsMrmeAgABNB3JOxrGewCMHePVE0I58/Al3Bby6s82MscQxBS4GjTtzGEs49Tu7XC2KCiBrWZfjo7kkrdmJ0UJzN5AfZDiWiDdSdt0JlovkN2L60BhbXU3EjVdJRWOzW7ZpyzDvfrwy+TEcFScMNpxb8i+JE0Ou4tf+5c/rkKPNk5F7zl8cBHbnYHyVqfa66Dey5yHYI7GfTv4xnVd0h7X39v/slL/RpAD+EhOMcaRY6CNQGjbMdF6Q/5vs5QPHAlxR6FgXfv4MwXF+ykNpifDYk+W1TcZTedwk9w6QdMG21A2/4NdO+g4GUIfw+E7AZSoNHYOhwpLFU5DgC4IqrAvT8dwsdXDhovCGlPwdMTfBqQmp1CatrmVC1lt9srnrq0oFbySwOFVKCw5Nq4ejsSnod++7QVtKHKBC34mCMO9IQpzFE4u3XCa2QKjZ5dLbPr2wuSxFfLNEuWcUpuks0fd0NJDo/viGPGtr5BVUi17zztZ63m+nRF3aA+VNN9V/3PfSPer3x25HqTZl0d7mHO2jbMpDWtYO2KOHMNyxgR3GySkwS1VMcJ5hGZx0m2XCznURafomKUMFSGF9wNq6Okt8kqPUVlVaUPBGPBD5NwoFQfdIf+CQAA//+2RVGDAgkAAA==
2025-12-25T03:09:56.2463687Z   CODEQL_ACTION_FEATURE_MULTI_LANGUAGE: false
2025-12-25T03:09:56.2463952Z   CODEQL_ACTION_FEATURE_SANDWICH: false
2025-12-25T03:09:56.2464203Z   CODEQL_ACTION_FEATURE_SARIF_COMBINE: true
2025-12-25T03:09:56.2464458Z   CODEQL_ACTION_FEATURE_WILL_UPLOAD: true
2025-12-25T03:09:56.2464691Z   CODEQL_ACTION_VERSION: 4.31.9
2025-12-25T03:09:56.2464944Z   JOB_RUN_UUID: 7d4c29d3-7db8-45f2-ae1c-9ce609a9da41
2025-12-25T03:09:56.2465208Z   CODEQL_ACTION_INIT_HAS_RUN: true
2025-12-25T03:09:56.2465540Z   CODEQL_ACTION_ANALYSIS_KEY: dynamic/github-code-scanning/codeql:analyze
2025-12-25T03:09:56.2465898Z   CODEQL_WORKFLOW_STARTED_AT: 2025-12-25T03:09:40.088Z
2025-12-25T03:09:56.2466150Z   CODEQL_RAM: 14580
2025-12-25T03:09:56.2466333Z   CODEQL_THREADS: 4
2025-12-25T03:09:56.2466506Z   CODEQL_PROXY_HOST: 
2025-12-25T03:09:56.2466694Z   CODEQL_PROXY_PORT: 
2025-12-25T03:09:56.2466879Z   CODEQL_PROXY_CA_CERTIFICATE: 
2025-12-25T03:09:56.2467092Z   CODEQL_PROXY_URLS: 
2025-12-25T03:09:56.2467267Z ##[endgroup]
2025-12-25T03:09:57.3972698Z While resolving threads, found a cgroup CPUs file with 4 CPUs in /sys/fs/cgroup/cpuset.cpus.effective.
2025-12-25T03:09:57.4008433Z ##[group]Generating diff range extension pack
2025-12-25T03:09:57.4009002Z Calculating diff ranges for main...refs/pull/50/head
2025-12-25T03:09:57.7738164Z Successfully created diff range extension pack at /home/runner/work/_temp/pr-diff-range.
2025-12-25T03:09:57.7739105Z ##[endgroup]
2025-12-25T03:09:57.7766267Z ##[group]Extracting python
2025-12-25T03:09:57.7770244Z [command]/opt/hostedtoolcache/CodeQL/2.23.8/x64/codeql/codeql database trace-command --use-build-mode --working-dir /home/runner/work/scratchattach/scratchattach /home/runner/work/_temp/codeql_databases/python
2025-12-25T03:09:58.5594041Z Running command in /home/runner/work/scratchattach/scratchattach: [/opt/hostedtoolcache/CodeQL/2.23.8/x64/codeql/python/tools/autobuild.sh]
2025-12-25T03:09:58.7260996Z [2025-12-25 03:09:58] [build-stderr] /bin/sh: 1: python2: not found
2025-12-25T03:09:58.7671359Z [2025-12-25 03:09:58] [build-stdout] Source root appears to be the real root.
2025-12-25T03:09:58.7680120Z [2025-12-25 03:09:58] [build-stdout] Will try to guess Python version, as it was not specified in `lgtm.yml`
2025-12-25T03:09:58.7681529Z [2025-12-25 03:09:58] [build-stdout] Trying to guess Python version based on Trove classifiers in setup.py
2025-12-25T03:09:58.7682855Z [2025-12-25 03:09:58] [build-stdout] Did not find setup.py (expected it to be at /home/runner/work/scratchattach/scratchattach/setup.py)
2025-12-25T03:09:58.7684371Z [2025-12-25 03:09:58] [build-stdout] Trying to guess Python version based on travis file
2025-12-25T03:09:58.7685752Z [2025-12-25 03:09:58] [build-stdout] Did not find any travis files (expected them at either ['/home/runner/work/scratchattach/scratchattach/.travis.yml', '/home/runner/work/scratchattach/scratchattach/travis.yml'])
2025-12-25T03:09:58.7687168Z [2025-12-25 03:09:58] [build-stdout] Trying to guess Python version based on installed versions
2025-12-25T03:09:58.7688014Z [2025-12-25 03:09:58] [build-stdout] Wanted to run Python 2, but it is not available. Using Python 3 instead
2025-12-25T03:09:58.7688952Z [2025-12-25 03:09:58] [build-stdout] This script is running Python 3, but Python 2 is also available (as 'python3')
2025-12-25T03:09:58.7689874Z [2025-12-25 03:09:58] [build-stdout] Could not guess Python version, will use default: Python 3
2025-12-25T03:09:58.7691906Z [2025-12-25 03:09:58] [build-stdout] Calling python3 -S /opt/hostedtoolcache/CodeQL/2.23.8/x64/codeql/python/tools/python_tracer.py --verbosity 3 -z all -c /home/runner/work/_temp/codeql_databases/python/working/trap_cache -R /home/runner/work/scratchattach/scratchattach
2025-12-25T03:09:59.2683933Z [2025-12-25 03:09:59] [build-stdout] INFO: The Python extractor has recently stopped extracting the standard library by default. If you encounter problems, please let us know by submitting an issue to https://github.com/github/codeql. It is possible to re-enable extraction of the standard library by setting the environment variable CODEQL_EXTRACTOR_PYTHON_EXTRACT_STDLIB.
2025-12-25T03:09:59.2698272Z [2025-12-25 03:09:59] [build-stdout] [INFO] Extraction will use the Python 3 standard library.
2025-12-25T03:09:59.2729092Z [2025-12-25 03:09:59] [build-stdout] [INFO] sys_path is: ['/opt/hostedtoolcache/CodeQL/2.23.8/x64/codeql/python/tools', '/usr/lib/python312.zip', '/usr/lib/python3.12', '/usr/lib/python3.12/lib-dynload']
2025-12-25T03:09:59.2765357Z [2025-12-25 03:09:59] [build-stdout] [INFO] Python version 3.12.3
2025-12-25T03:09:59.2766227Z [2025-12-25 03:09:59] [build-stdout] [INFO] Python extractor version 7.1.6
2025-12-25T03:09:59.3706243Z [2025-12-25 03:09:59] [build-stdout] [INFO] [4] Extracted folder /home/runner/work/scratchattach/scratchattach/.archive in 0ms
2025-12-25T03:09:59.3806811Z [2025-12-25 03:09:59] [build-stdout] [INFO] [4] Extracted file /home/runner/work/scratchattach/scratchattach/install.py in 9ms
2025-12-25T03:09:59.4146225Z [2025-12-25 03:09:59] [build-stdout] [INFO] [3] Extracted file /home/runner/work/scratchattach/scratchattach/.archive/scratch_chat_db.py in 63ms
2025-12-25T03:09:59.4204726Z [2025-12-25 03:09:59] [build-stdout] [INFO] [1] Extracted file /home/runner/work/scratchattach/scratchattach/message_viewer.py in 76ms
2025-12-25T03:09:59.4244861Z [2025-12-25 03:09:59] [build-stdout] [INFO] [3] Extracted file /home/runner/work/scratchattach/scratchattach/test/test2.py in 12ms
2025-12-25T03:09:59.4268801Z [2025-12-25 03:09:59] [build-stdout] [INFO] [1] Extracted file /home/runner/work/scratchattach/scratchattach/test/test1.py in 9ms
2025-12-25T03:09:59.4552743Z [2025-12-25 03:09:59] [build-stdout] [INFO] [1] Extracted file /home/runner/work/scratchattach/scratchattach/test/test4.py in 28ms
2025-12-25T03:09:59.4689698Z [2025-12-25 03:09:59] [build-stdout] [INFO] [2] Extracted file /home/runner/work/scratchattach/scratchattach/aesthetic_prioritizing.py in 118ms
2025-12-25T03:09:59.4691195Z [2025-12-25 03:09:59] [build-stdout] [INFO] [2] Extracted folder /home/runner/work/scratchattach/scratchattach/test in 1ms
2025-12-25T03:09:59.4703364Z [2025-12-25 03:09:59] [build-stdout] [INFO] [2] Skipped built-in file /usr/lib/python3.12/os.py
2025-12-25T03:09:59.4869708Z [2025-12-25 03:09:59] [build-stdout] [INFO] [2] Extracted file /home/runner/work/scratchattach/scratchattach/test/test3.py in 17ms
2025-12-25T03:09:59.4871159Z [2025-12-25 03:09:59] [build-stdout] [INFO] [2] Extracted folder /usr/lib/python3.12/json in 0ms
2025-12-25T03:09:59.4872157Z [2025-12-25 03:09:59] [build-stdout] [INFO] [2] Extracted folder /usr/lib/python3.12/logging in 0ms
2025-12-25T03:09:59.4873185Z [2025-12-25 03:09:59] [build-stdout] [INFO] [2] Skipped built-in file /usr/lib/python3.12/json/__init__.py
2025-12-25T03:09:59.4919056Z [2025-12-25 03:09:59] [build-stdout] [INFO] [2] Extracted module time in 7ms
2025-12-25T03:09:59.4929364Z [2025-12-25 03:09:59] [build-stdout] [INFO] [2] Extracted module sys in 0ms
2025-12-25T03:09:59.4930470Z [2025-12-25 03:09:59] [build-stdout] [INFO] [2] Skipped built-in file /usr/lib/python3.12/warnings.py
2025-12-25T03:09:59.4931473Z [2025-12-25 03:09:59] [build-stdout] [INFO] [2] Skipped built-in file /usr/lib/python3.12/logging/__init__.py
2025-12-25T03:09:59.5019773Z [2025-12-25 03:09:59] [build-stdout] [INFO] [3] Extracted file /home/runner/work/scratchattach/scratchattach/test/test5.py in 77ms
2025-12-25T03:09:59.5027457Z [2025-12-25 03:09:59] [build-stdout] [INFO] [2] Skipped built-in file /usr/lib/python3.12/typing.py
2025-12-25T03:09:59.5538180Z [2025-12-25 03:09:59] [build-stdout] [INFO] [1] Extracted file /home/runner/work/scratchattach/scratchattach/scratch_chat.py in 98ms
2025-12-25T03:09:59.7090717Z [2025-12-25 03:09:59] [build-stdout] [INFO] [4] Extracted file /home/runner/work/scratchattach/scratchattach/key_multivalue_storage.py in 328ms
2025-12-25T03:09:59.7092021Z [2025-12-25 03:09:59] [build-stdout] [INFO] [2] Skipped built-in file /usr/lib/python3.12/uuid.py
2025-12-25T03:09:59.7501009Z [2025-12-25 03:09:59] [build-stdout] [INFO] Processed 23 modules in 0.47s
2025-12-25T03:09:59.7910758Z ##[endgroup]
2025-12-25T03:09:59.7914141Z ##[group]Finalizing python
2025-12-25T03:09:59.7916038Z [command]/opt/hostedtoolcache/CodeQL/2.23.8/x64/codeql/codeql database finalize --finalize-dataset --threads=4 --ram=14580 /home/runner/work/_temp/codeql_databases/python
2025-12-25T03:10:00.5231759Z Running pre-finalize script /opt/hostedtoolcache/CodeQL/2.23.8/x64/codeql/python/tools/pre-finalize.sh in /home/runner/work/scratchattach/scratchattach.
2025-12-25T03:10:00.5988347Z Running command in /home/runner/work/scratchattach/scratchattach: [/opt/hostedtoolcache/CodeQL/2.23.8/x64/codeql/python/tools/pre-finalize.sh]
2025-12-25T03:10:01.3259609Z [2025-12-25 03:10:01] [build-stderr] Scanning for files in /home/runner/work/scratchattach/scratchattach...
2025-12-25T03:10:01.4467414Z [2025-12-25 03:10:01] [build-stderr] /home/runner/work/_temp/codeql_databases/python: Indexing files in in /home/runner/work/scratchattach/scratchattach...
2025-12-25T03:10:01.4761924Z [2025-12-25 03:10:01] [build-stderr] Running command in /home/runner/work/scratchattach/scratchattach: [/opt/hostedtoolcache/CodeQL/2.23.8/x64/codeql/yaml/tools/index-files.sh, /home/runner/work/_temp/codeql_databases/python/working/files-to-index12757528377815258323.list]
2025-12-25T03:10:02.2635705Z Pre-finalize script /opt/hostedtoolcache/CodeQL/2.23.8/x64/codeql/python/tools/pre-finalize.sh completed in 1740 ms.
2025-12-25T03:10:02.2683799Z Running TRAP import for CodeQL database at /home/runner/work/_temp/codeql_databases/python...
2025-12-25T03:10:03.2544684Z Importing TRAP files
2025-12-25T03:10:04.0096916Z Merging relations
2025-12-25T03:10:04.3661632Z Finished writing database (relations: 175.28 KiB; string pool: 2.08 MiB).
2025-12-25T03:10:04.3977201Z TRAP import complete (2.1s).
2025-12-25T03:10:04.6985449Z Finished zipping source archive (18.83 KiB).
2025-12-25T03:10:04.7287190Z ##[endgroup]
2025-12-25T03:10:04.7291540Z ##[group]Running queries for python
2025-12-25T03:10:04.7293467Z [command]/opt/hostedtoolcache/CodeQL/2.23.8/x64/codeql/codeql database run-queries --ram=14580 --threads=4 --expect-discarded-cache --additional-packs=/home/runner/work/_temp/pr-diff-range --extension-packs=codeql-action/pr-diff-range /home/runner/work/_temp/codeql_databases/python --min-disk-free=1024 -v
2025-12-25T03:10:05.4824316Z Writing logs to /home/runner/work/_temp/codeql_databases/python/log/database-run-queries-20251225.031005.479.log.
2025-12-25T03:10:05.5346904Z Stringpool size measured as 2179482
2025-12-25T03:10:06.1258134Z Writing logs to /home/runner/work/_temp/codeql_databases/python/log/execute-queries-20251225.031006.123.log.
2025-12-25T03:10:06.4401676Z Recording pack reference codeql/python-queries at /opt/hostedtoolcache/CodeQL/2.23.8/x64/codeql/qlpacks/codeql/python-queries/1.7.3.
2025-12-25T03:10:08.7378501Z Compiling in 3 threads due to RAM limits.
2025-12-25T03:10:09.4104602Z [1/45] Loaded /opt/hostedtoolcache/CodeQL/2.23.8/x64/codeql/qlpacks/codeql/python-queries/1.7.3/Security/CWE-020/IncompleteUrlSubstringSanitization.qlx.
2025-12-25T03:10:10.0186432Z [2/45] Loaded /opt/hostedtoolcache/CodeQL/2.23.8/x64/codeql/qlpacks/codeql/python-queries/1.7.3/Security/CWE-020/IncompleteHostnameRegExp.qlx.
2025-12-25T03:10:10.1624336Z [3/45] Loaded /opt/hostedtoolcache/CodeQL/2.23.8/x64/codeql/qlpacks/codeql/python-queries/1.7.3/Security/CWE-312/CleartextLogging.qlx.
2025-12-25T03:10:10.1705575Z [4/45] Loaded /opt/hostedtoolcache/CodeQL/2.23.8/x64/codeql/qlpacks/codeql/python-queries/1.7.3/Security/CWE-020/OverlyLargeRange.qlx.
2025-12-25T03:10:10.2314954Z [5/45] Loaded /opt/hostedtoolcache/CodeQL/2.23.8/x64/codeql/qlpacks/codeql/python-queries/1.7.3/Security/CWE-312/CleartextStorage.qlx.
2025-12-25T03:10:10.3622132Z [6/45] Loaded /opt/hostedtoolcache/CodeQL/2.23.8/x64/codeql/qlpacks/codeql/python-queries/1.7.3/Security/CWE-1275/SameSiteNoneCookie.qlx.
2025-12-25T03:10:10.4694645Z [7/45] Loaded /opt/hostedtoolcache/CodeQL/2.23.8/x64/codeql/qlpacks/codeql/python-queries/1.7.3/Security/CWE-326/WeakCryptoKey.qlx.
2025-12-25T03:10:10.5368706Z [8/45] Loaded /opt/hostedtoolcache/CodeQL/2.23.8/x64/codeql/qlpacks/codeql/python-queries/1.7.3/Security/CWE-020/CookieInjection.qlx.
2025-12-25T03:10:10.5390582Z [9/45] Loaded /opt/hostedtoolcache/CodeQL/2.23.8/x64/codeql/qlpacks/codeql/python-queries/1.7.3/Security/CWE-776/XmlBomb.qlx.
2025-12-25T03:10:10.7996447Z [10/45] Loaded /opt/hostedtoolcache/CodeQL/2.23.8/x64/codeql/qlpacks/codeql/python-queries/1.7.3/Security/CWE-601/UrlRedirect.qlx.
2025-12-25T03:10:10.8446944Z [11/45] Loaded /opt/hostedtoolcache/CodeQL/2.23.8/x64/codeql/qlpacks/codeql/python-queries/1.7.3/Security/CWE-078/CommandInjection.qlx.
2025-12-25T03:10:10.8885724Z [12/45] Loaded /opt/hostedtoolcache/CodeQL/2.23.8/x64/codeql/qlpacks/codeql/python-queries/1.7.3/Security/CWE-113/HeaderInjection.qlx.
2025-12-25T03:10:10.8887554Z [13/45] Loaded /opt/hostedtoolcache/CodeQL/2.23.8/x64/codeql/qlpacks/codeql/python-queries/1.7.3/Security/CWE-295/MissingHostKeyValidation.qlx.
2025-12-25T03:10:11.1206230Z [14/45] Loaded /opt/hostedtoolcache/CodeQL/2.23.8/x64/codeql/qlpacks/codeql/python-queries/1.7.3/Security/CWE-079/ReflectedXss.qlx.
2025-12-25T03:10:11.1755142Z [15/45] Loaded /opt/hostedtoolcache/CodeQL/2.23.8/x64/codeql/qlpacks/codeql/python-queries/1.7.3/Security/CWE-643/XpathInjection.qlx.
2025-12-25T03:10:11.3051728Z [16/45] Loaded /opt/hostedtoolcache/CodeQL/2.23.8/x64/codeql/qlpacks/codeql/python-queries/1.7.3/Security/CWE-943/NoSqlInjection.qlx.
2025-12-25T03:10:11.3101736Z [17/45] Loaded /opt/hostedtoolcache/CodeQL/2.23.8/x64/codeql/qlpacks/codeql/python-queries/1.7.3/Security/CVE-2018-1281/BindToAllInterfaces.qlx.
2025-12-25T03:10:11.3409174Z [18/45] Loaded /opt/hostedtoolcache/CodeQL/2.23.8/x64/codeql/qlpacks/codeql/python-queries/1.7.3/Security/CWE-089/SqlInjection.qlx.
2025-12-25T03:10:11.4888250Z [19/45] Loaded /opt/hostedtoolcache/CodeQL/2.23.8/x64/codeql/qlpacks/codeql/python-queries/1.7.3/Security/CWE-614/InsecureCookie.qlx.
2025-12-25T03:10:11.5263155Z [20/45] Loaded /opt/hostedtoolcache/CodeQL/2.23.8/x64/codeql/qlpacks/codeql/python-queries/1.7.3/Security/CWE-1004/NonHttpOnlyCookie.qlx.
2025-12-25T03:10:11.5266331Z [21/45] Loaded /opt/hostedtoolcache/CodeQL/2.23.8/x64/codeql/qlpacks/codeql/python-queries/1.7.3/Security/CWE-022/PathInjection.qlx.
2025-12-25T03:10:11.5942144Z [22/45] Loaded /opt/hostedtoolcache/CodeQL/2.23.8/x64/codeql/qlpacks/codeql/python-queries/1.7.3/Security/CWE-116/BadTagFilter.qlx.
2025-12-25T03:10:11.6105489Z [23/45] Loaded /opt/hostedtoolcache/CodeQL/2.23.8/x64/codeql/qlpacks/codeql/python-queries/1.7.3/Security/CWE-377/InsecureTemporaryFile.qlx.
2025-12-25T03:10:11.6258970Z [24/45] Loaded /opt/hostedtoolcache/CodeQL/2.23.8/x64/codeql/qlpacks/codeql/python-queries/1.7.3/Security/CWE-352/CSRFProtectionDisabled.qlx.
2025-12-25T03:10:11.7029359Z [25/45] Loaded /opt/hostedtoolcache/CodeQL/2.23.8/x64/codeql/qlpacks/codeql/python-queries/1.7.3/Security/CWE-730/ReDoS.qlx.
2025-12-25T03:10:11.7779199Z [26/45] Loaded /opt/hostedtoolcache/CodeQL/2.23.8/x64/codeql/qlpacks/codeql/python-queries/1.7.3/Security/CWE-730/PolynomialReDoS.qlx.
2025-12-25T03:10:11.8214933Z [27/45] Loaded /opt/hostedtoolcache/CodeQL/2.23.8/x64/codeql/qlpacks/codeql/python-queries/1.7.3/Security/CWE-730/RegexInjection.qlx.
2025-12-25T03:10:11.8714746Z [28/45] Loaded /opt/hostedtoolcache/CodeQL/2.23.8/x64/codeql/qlpacks/codeql/python-queries/1.7.3/Security/CWE-094/CodeInjection.qlx.
2025-12-25T03:10:11.8905818Z [29/45] Loaded /opt/hostedtoolcache/CodeQL/2.23.8/x64/codeql/qlpacks/codeql/python-queries/1.7.3/Security/CWE-215/FlaskDebug.qlx.
2025-12-25T03:10:11.9544550Z [30/45] Loaded /opt/hostedtoolcache/CodeQL/2.23.8/x64/codeql/qlpacks/codeql/python-queries/1.7.3/Security/CWE-502/UnsafeDeserialization.qlx.
2025-12-25T03:10:12.0560281Z [31/45] Loaded /opt/hostedtoolcache/CodeQL/2.23.8/x64/codeql/qlpacks/codeql/python-queries/1.7.3/Security/CWE-074/TemplateInjection.qlx.
2025-12-25T03:10:12.0962031Z [32/45] Loaded /opt/hostedtoolcache/CodeQL/2.23.8/x64/codeql/qlpacks/codeql/python-queries/1.7.3/Security/CWE-327/InsecureDefaultProtocol.qlx.
2025-12-25T03:10:12.1113050Z [33/45] Loaded /opt/hostedtoolcache/CodeQL/2.23.8/x64/codeql/qlpacks/codeql/python-queries/1.7.3/Security/CWE-327/InsecureProtocol.qlx.
2025-12-25T03:10:12.1862123Z [34/45] Loaded /opt/hostedtoolcache/CodeQL/2.23.8/x64/codeql/qlpacks/codeql/python-queries/1.7.3/Security/CWE-327/BrokenCryptoAlgorithm.qlx.
2025-12-25T03:10:12.2275351Z [35/45] Loaded /opt/hostedtoolcache/CodeQL/2.23.8/x64/codeql/qlpacks/codeql/python-queries/1.7.3/Security/CWE-327/WeakSensitiveDataHashing.qlx.
2025-12-25T03:10:12.2550965Z [36/45] Loaded /opt/hostedtoolcache/CodeQL/2.23.8/x64/codeql/qlpacks/codeql/python-queries/1.7.3/Security/CWE-918/FullServerSideRequestForgery.qlx.
2025-12-25T03:10:12.3384622Z [37/45] Loaded /opt/hostedtoolcache/CodeQL/2.23.8/x64/codeql/qlpacks/codeql/python-queries/1.7.3/Security/CWE-090/LdapInjection.qlx.
2025-12-25T03:10:12.4932983Z [38/45] Loaded /opt/hostedtoolcache/CodeQL/2.23.8/x64/codeql/qlpacks/codeql/python-queries/1.7.3/Security/CWE-285/PamAuthorization.qlx.
2025-12-25T03:10:12.5137171Z [39/45] Loaded /opt/hostedtoolcache/CodeQL/2.23.8/x64/codeql/qlpacks/codeql/python-queries/1.7.3/Security/CWE-209/StackTraceExposure.qlx.
2025-12-25T03:10:12.5336935Z [40/45] Loaded /opt/hostedtoolcache/CodeQL/2.23.8/x64/codeql/qlpacks/codeql/python-queries/1.7.3/Diagnostics/ExtractionWarnings.qlx.
2025-12-25T03:10:12.5459662Z [41/45] Loaded /opt/hostedtoolcache/CodeQL/2.23.8/x64/codeql/qlpacks/codeql/python-queries/1.7.3/Expressions/UseofInput.qlx.
2025-12-25T03:10:12.5506731Z [42/45] Loaded /opt/hostedtoolcache/CodeQL/2.23.8/x64/codeql/qlpacks/codeql/python-queries/1.7.3/Diagnostics/ExtractedFiles.qlx.
2025-12-25T03:10:12.5536344Z [43/45] Loaded /opt/hostedtoolcache/CodeQL/2.23.8/x64/codeql/qlpacks/codeql/python-queries/1.7.3/Security/CWE-611/Xxe.qlx.
2025-12-25T03:10:12.5628384Z [44/45] Loaded /opt/hostedtoolcache/CodeQL/2.23.8/x64/codeql/qlpacks/codeql/python-queries/1.7.3/Summary/LinesOfCode.qlx.
2025-12-25T03:10:12.5651858Z [45/45] Loaded /opt/hostedtoolcache/CodeQL/2.23.8/x64/codeql/qlpacks/codeql/python-queries/1.7.3/Summary/LinesOfUserCode.qlx.
2025-12-25T03:10:12.8845499Z Starting evaluation of codeql/python-queries/Diagnostics/ExtractionWarnings.ql.
2025-12-25T03:10:12.8857231Z Starting evaluation of codeql/python-queries/Expressions/UseofInput.ql.
2025-12-25T03:10:12.8858901Z Starting evaluation of codeql/python-queries/Diagnostics/ExtractedFiles.ql.
2025-12-25T03:10:12.8863630Z Starting evaluation of codeql/python-queries/Security/CVE-2018-1281/BindToAllInterfaces.ql.
2025-12-25T03:10:12.8918583Z Starting evaluation of codeql/python-queries/Security/CWE-020/CookieInjection.ql.
2025-12-25T03:10:12.8921182Z Starting evaluation of codeql/python-queries/Security/CWE-020/IncompleteHostnameRegExp.ql.
2025-12-25T03:10:13.1001645Z [1/45 eval 195ms] Evaluation done; writing results to codeql/python-queries/Diagnostics/ExtractedFiles.bqrs.
2025-12-25T03:10:13.1003551Z [2/45 eval 208ms] Evaluation done; writing results to codeql/python-queries/Diagnostics/ExtractionWarnings.bqrs.
2025-12-25T03:10:13.8651890Z Starting evaluation of codeql/python-queries/Security/CWE-020/OverlyLargeRange.ql.
2025-12-25T03:10:13.8661577Z Starting evaluation of codeql/python-queries/Security/CWE-020/IncompleteUrlSubstringSanitization.ql.
2025-12-25T03:10:13.8662958Z Starting evaluation of codeql/python-queries/Security/CWE-022/PathInjection.ql.
2025-12-25T03:10:13.9093771Z Starting evaluation of codeql/python-queries/Security/CWE-074/TemplateInjection.ql.
2025-12-25T03:10:13.9121564Z [3/45 eval 41ms] Evaluation done; writing results to codeql/python-queries/Security/CWE-020/IncompleteUrlSubstringSanitization.bqrs.
2025-12-25T03:10:14.1492046Z Starting evaluation of codeql/python-queries/Security/CWE-078/CommandInjection.ql.
2025-12-25T03:10:14.1515791Z Starting evaluation of codeql/python-queries/Security/CWE-079/ReflectedXss.ql.
2025-12-25T03:10:14.1522228Z Starting evaluation of codeql/python-queries/Security/CWE-089/SqlInjection.ql.
2025-12-25T03:10:14.1528668Z Starting evaluation of codeql/python-queries/Security/CWE-090/LdapInjection.ql.
2025-12-25T03:10:14.2589170Z Starting evaluation of codeql/python-queries/Security/CWE-094/CodeInjection.ql.
2025-12-25T03:10:14.2888727Z Starting evaluation of codeql/python-queries/Security/CWE-1004/NonHttpOnlyCookie.ql.
2025-12-25T03:10:14.3247487Z Starting evaluation of codeql/python-queries/Security/CWE-113/HeaderInjection.ql.
2025-12-25T03:10:14.3444732Z Starting evaluation of codeql/python-queries/Security/CWE-116/BadTagFilter.ql.
2025-12-25T03:10:14.3496850Z Starting evaluation of codeql/python-queries/Security/CWE-1275/SameSiteNoneCookie.ql.
2025-12-25T03:10:14.3506471Z Starting evaluation of codeql/python-queries/Security/CWE-209/StackTraceExposure.ql.
2025-12-25T03:10:14.3711851Z Starting evaluation of codeql/python-queries/Security/CWE-215/FlaskDebug.ql.
2025-12-25T03:10:14.3799330Z Starting evaluation of codeql/python-queries/Security/CWE-285/PamAuthorization.ql.
2025-12-25T03:10:14.3988082Z Starting evaluation of codeql/python-queries/Security/CWE-295/MissingHostKeyValidation.ql.
2025-12-25T03:10:14.4024435Z Starting evaluation of codeql/python-queries/Security/CWE-312/CleartextLogging.ql.
2025-12-25T03:10:14.4221535Z Starting evaluation of codeql/python-queries/Security/CWE-312/CleartextStorage.ql.
2025-12-25T03:10:14.4921193Z Starting evaluation of codeql/python-queries/Security/CWE-326/WeakCryptoKey.ql.
2025-12-25T03:10:14.5404117Z [4/45 eval 1.7s] Evaluation done; writing results to codeql/python-queries/Expressions/UseofInput.bqrs.
2025-12-25T03:10:14.5452554Z [5/45 eval 1.7s] Evaluation done; writing results to codeql/python-queries/Security/CVE-2018-1281/BindToAllInterfaces.bqrs.
2025-12-25T03:10:14.5494223Z [6/45 eval 149ms] Evaluation done; writing results to codeql/python-queries/Security/CWE-295/MissingHostKeyValidation.bqrs.
2025-12-25T03:10:14.7826513Z [7/45 eval 291ms] Evaluation done; writing results to codeql/python-queries/Security/CWE-326/WeakCryptoKey.bqrs.
2025-12-25T03:10:14.7835588Z Starting evaluation of codeql/python-queries/Security/CWE-327/BrokenCryptoAlgorithm.ql.
2025-12-25T03:10:14.7878655Z Starting evaluation of codeql/python-queries/Security/CWE-327/InsecureDefaultProtocol.ql.
2025-12-25T03:10:14.7925248Z [8/45 eval 3ms] Evaluation done; writing results to codeql/python-queries/Security/CWE-327/InsecureDefaultProtocol.bqrs.
2025-12-25T03:10:14.7927323Z Starting evaluation of codeql/python-queries/Security/CWE-327/InsecureProtocol.ql.
2025-12-25T03:10:14.7956892Z Starting evaluation of codeql/python-queries/Security/CWE-327/WeakSensitiveDataHashing.ql.
2025-12-25T03:10:14.7999231Z [9/45 eval 16ms] Evaluation done; writing results to codeql/python-queries/Security/CWE-327/BrokenCryptoAlgorithm.bqrs.
2025-12-25T03:10:14.8442687Z Starting evaluation of codeql/python-queries/Security/CWE-352/CSRFProtectionDisabled.ql.
2025-12-25T03:10:14.8446560Z Starting evaluation of codeql/python-queries/Security/CWE-377/InsecureTemporaryFile.ql.
2025-12-25T03:10:14.8449134Z Starting evaluation of codeql/python-queries/Security/CWE-502/UnsafeDeserialization.ql.
2025-12-25T03:10:14.8451251Z Starting evaluation of codeql/python-queries/Security/CWE-601/UrlRedirect.ql.
2025-12-25T03:10:14.8452850Z Starting evaluation of codeql/python-queries/Security/CWE-611/Xxe.ql.
2025-12-25T03:10:14.8455054Z Starting evaluation of codeql/python-queries/Security/CWE-614/InsecureCookie.ql.
2025-12-25T03:10:14.8456421Z Starting evaluation of codeql/python-queries/Security/CWE-643/XpathInjection.ql.
2025-12-25T03:10:14.8457761Z Starting evaluation of codeql/python-queries/Security/CWE-730/PolynomialReDoS.ql.
2025-12-25T03:10:14.8459015Z Starting evaluation of codeql/python-queries/Security/CWE-730/ReDoS.ql.
2025-12-25T03:10:14.8464556Z [10/45 eval 49ms] Evaluation done; writing results to codeql/python-queries/Security/CWE-327/WeakSensitiveDataHashing.bqrs.
2025-12-25T03:10:14.8883855Z [11/45 eval 44ms] Evaluation done; writing results to codeql/python-queries/Security/CWE-352/CSRFProtectionDisabled.bqrs.
2025-12-25T03:10:14.9500308Z Starting evaluation of codeql/python-queries/Security/CWE-730/RegexInjection.ql.
2025-12-25T03:10:14.9739910Z Starting evaluation of codeql/python-queries/Security/CWE-776/XmlBomb.ql.
2025-12-25T03:10:14.9903513Z Starting evaluation of codeql/python-queries/Security/CWE-918/FullServerSideRequestForgery.ql.
2025-12-25T03:10:15.0255090Z Starting evaluation of codeql/python-queries/Security/CWE-943/NoSqlInjection.ql.
2025-12-25T03:10:15.0483640Z Starting evaluation of codeql/python-queries/Summary/LinesOfCode.ql.
2025-12-25T03:10:15.0543419Z [12/45 eval 3ms] Evaluation done; writing results to codeql/python-queries/Summary/LinesOfCode.bqrs.
2025-12-25T03:10:15.0544626Z Starting evaluation of codeql/python-queries/Summary/LinesOfUserCode.ql.
2025-12-25T03:10:15.0812668Z [13/45 eval 29ms] Evaluation done; writing results to codeql/python-queries/Summary/LinesOfUserCode.bqrs.
2025-12-25T03:10:15.6647606Z [14/45 eval 639ms] Evaluation done; writing results to codeql/python-queries/Security/CWE-943/NoSqlInjection.bqrs.
2025-12-25T03:10:15.7279481Z [15/45 eval 1.8s] Evaluation done; writing results to codeql/python-queries/Security/CWE-074/TemplateInjection.bqrs.
2025-12-25T03:10:15.7663048Z [16/45 eval 922ms] Evaluation done; writing results to codeql/python-queries/Security/CWE-643/XpathInjection.bqrs.
2025-12-25T03:10:15.7930874Z [17/45 eval 949ms] Evaluation done; writing results to codeql/python-queries/Security/CWE-601/UrlRedirect.bqrs.
2025-12-25T03:10:15.8790322Z [18/45 eval 2s] Evaluation done; writing results to codeql/python-queries/Security/CWE-020/OverlyLargeRange.bqrs.
2025-12-25T03:10:15.8853590Z [19/45 eval 3s] Evaluation done; writing results to codeql/python-queries/Security/CWE-020/IncompleteHostnameRegExp.bqrs.
2025-12-25T03:10:15.9033975Z [20/45 eval 1.1s] Evaluation done; writing results to codeql/python-queries/Security/CWE-730/ReDoS.bqrs.
2025-12-25T03:10:15.9037491Z [21/45 eval 1.1s] Evaluation done; writing results to codeql/python-queries/Security/CWE-730/PolynomialReDoS.bqrs.
2025-12-25T03:10:15.9038893Z [22/45 eval 1.6s] Evaluation done; writing results to codeql/python-queries/Security/CWE-116/BadTagFilter.bqrs.
2025-12-25T03:10:16.0176295Z [23/45 eval 1.7s] Evaluation done; writing results to codeql/python-queries/Security/CWE-094/CodeInjection.bqrs.
2025-12-25T03:10:16.0482228Z [24/45 eval 1.2s] Evaluation done; writing results to codeql/python-queries/Security/CWE-611/Xxe.bqrs.
2025-12-25T03:10:16.0597616Z [25/45 eval 3.2s] Evaluation done; writing results to codeql/python-queries/Security/CWE-020/CookieInjection.bqrs.
2025-12-25T03:10:16.1212928Z [26/45 eval 2s] Evaluation done; writing results to codeql/python-queries/Security/CWE-079/ReflectedXss.bqrs.
2025-12-25T03:10:16.1601251Z [27/45 eval 2s] Evaluation done; writing results to codeql/python-queries/Security/CWE-089/SqlInjection.bqrs.
2025-12-25T03:10:16.1664175Z [28/45 eval 2s] Evaluation done; writing results to codeql/python-queries/Security/CWE-090/LdapInjection.bqrs.
2025-12-25T03:10:16.1818391Z [29/45 eval 2.3s] Evaluation done; writing results to codeql/python-queries/Security/CWE-022/PathInjection.bqrs.
2025-12-25T03:10:16.1922667Z [30/45 eval 2s] Evaluation done; writing results to codeql/python-queries/Security/CWE-078/CommandInjection.bqrs.
2025-12-25T03:10:16.2153429Z [31/45 eval 1.9s] Evaluation done; writing results to codeql/python-queries/Security/CWE-113/HeaderInjection.bqrs.
2025-12-25T03:10:16.2330789Z [32/45 eval 1.9s] Evaluation done; writing results to codeql/python-queries/Security/CWE-1004/NonHttpOnlyCookie.bqrs.
2025-12-25T03:10:16.2362971Z [33/45 eval 1.9s] Evaluation done; writing results to codeql/python-queries/Security/CWE-1275/SameSiteNoneCookie.bqrs.
2025-12-25T03:10:16.2760764Z [34/45 eval 1.9s] Evaluation done; writing results to codeql/python-queries/Security/CWE-209/StackTraceExposure.bqrs.
2025-12-25T03:10:16.2945779Z [35/45 eval 1.9s] Evaluation done; writing results to codeql/python-queries/Security/CWE-215/FlaskDebug.bqrs.
2025-12-25T03:10:16.2953352Z [36/45 eval 1.9s] Evaluation done; writing results to codeql/python-queries/Security/CWE-285/PamAuthorization.bqrs.
2025-12-25T03:10:16.3248512Z [37/45 eval 1.9s] Evaluation done; writing results to codeql/python-queries/Security/CWE-312/CleartextStorage.bqrs.
2025-12-25T03:10:16.3370387Z [38/45 eval 1.5s] Evaluation done; writing results to codeql/python-queries/Security/CWE-377/InsecureTemporaryFile.bqrs.
2025-12-25T03:10:16.3474643Z [39/45 eval 1.5s] Evaluation done; writing results to codeql/python-queries/Security/CWE-614/InsecureCookie.bqrs.
2025-12-25T03:10:16.3587798Z [40/45 eval 1.5s] Evaluation done; writing results to codeql/python-queries/Security/CWE-502/UnsafeDeserialization.bqrs.
2025-12-25T03:10:16.3727760Z [41/45 eval 1.4s] Evaluation done; writing results to codeql/python-queries/Security/CWE-776/XmlBomb.bqrs.
2025-12-25T03:10:16.3860425Z [42/45 eval 1.4s] Evaluation done; writing results to codeql/python-queries/Security/CWE-730/RegexInjection.bqrs.
2025-12-25T03:10:16.4071221Z [43/45 eval 1.6s] Evaluation done; writing results to codeql/python-queries/Security/CWE-327/InsecureProtocol.bqrs.
2025-12-25T03:10:16.4075789Z [44/45 eval 1.4s] Evaluation done; writing results to codeql/python-queries/Security/CWE-918/FullServerSideRequestForgery.bqrs.
2025-12-25T03:10:16.4271326Z [45/45 eval 2s] Evaluation done; writing results to codeql/python-queries/Security/CWE-312/CleartextLogging.bqrs.
2025-12-25T03:10:16.4273681Z Shutting down query evaluator.
2025-12-25T03:10:16.5006380Z Interpreting code scanning results for python
2025-12-25T03:10:17.2504091Z Writing logs to /home/runner/work/_temp/codeql_databases/python/log/database-interpret-results-20251225.031017.247.log.
2025-12-25T03:10:17.4060449Z Recording pack reference codeql/python-queries at /opt/hostedtoolcache/CodeQL/2.23.8/x64/codeql/qlpacks/codeql/python-queries/1.7.3.
2025-12-25T03:10:17.4549610Z Resolving extensions
2025-12-25T03:10:19.1523766Z Interpreting /opt/hostedtoolcache/CodeQL/2.23.8/x64/codeql/qlpacks/codeql/python-queries/1.7.3/Security/CWE-312/CleartextLogging.ql...
2025-12-25T03:10:19.1808049Z  ... found results file at /home/runner/work/_temp/codeql_databases/python/results/codeql/python-queries/Security/CWE-312/CleartextLogging.bqrs.
2025-12-25T03:10:19.1994217Z Interpreting /opt/hostedtoolcache/CodeQL/2.23.8/x64/codeql/qlpacks/codeql/python-queries/1.7.3/Security/CWE-312/CleartextStorage.ql...
2025-12-25T03:10:19.2109087Z  ... found results file at /home/runner/work/_temp/codeql_databases/python/results/codeql/python-queries/Security/CWE-312/CleartextStorage.bqrs.
2025-12-25T03:10:19.2111128Z Interpreting /opt/hostedtoolcache/CodeQL/2.23.8/x64/codeql/qlpacks/codeql/python-queries/1.7.3/Security/CWE-020/IncompleteUrlSubstringSanitization.ql...
2025-12-25T03:10:19.2238437Z  ... found results file at /home/runner/work/_temp/codeql_databases/python/results/codeql/python-queries/Security/CWE-020/IncompleteUrlSubstringSanitization.bqrs.
2025-12-25T03:10:19.2242296Z Interpreting /opt/hostedtoolcache/CodeQL/2.23.8/x64/codeql/qlpacks/codeql/python-queries/1.7.3/Security/CWE-020/IncompleteHostnameRegExp.ql...
2025-12-25T03:10:19.2351540Z  ... found results file at /home/runner/work/_temp/codeql_databases/python/results/codeql/python-queries/Security/CWE-020/IncompleteHostnameRegExp.bqrs.
2025-12-25T03:10:19.2362784Z Interpreting /opt/hostedtoolcache/CodeQL/2.23.8/x64/codeql/qlpacks/codeql/python-queries/1.7.3/Security/CWE-020/OverlyLargeRange.ql...
2025-12-25T03:10:19.2432500Z  ... found results file at /home/runner/work/_temp/codeql_databases/python/results/codeql/python-queries/Security/CWE-020/OverlyLargeRange.bqrs.
2025-12-25T03:10:19.2440713Z Interpreting /opt/hostedtoolcache/CodeQL/2.23.8/x64/codeql/qlpacks/codeql/python-queries/1.7.3/Security/CWE-020/CookieInjection.ql...
2025-12-25T03:10:19.2524525Z  ... found results file at /home/runner/work/_temp/codeql_databases/python/results/codeql/python-queries/Security/CWE-020/CookieInjection.bqrs.
2025-12-25T03:10:19.2531270Z Interpreting /opt/hostedtoolcache/CodeQL/2.23.8/x64/codeql/qlpacks/codeql/python-queries/1.7.3/Security/CWE-1275/SameSiteNoneCookie.ql...
2025-12-25T03:10:19.2624754Z  ... found results file at /home/runner/work/_temp/codeql_databases/python/results/codeql/python-queries/Security/CWE-1275/SameSiteNoneCookie.bqrs.
2025-12-25T03:10:19.2653089Z Interpreting /opt/hostedtoolcache/CodeQL/2.23.8/x64/codeql/qlpacks/codeql/python-queries/1.7.3/Security/CWE-776/XmlBomb.ql...
2025-12-25T03:10:19.2707270Z  ... found results file at /home/runner/work/_temp/codeql_databases/python/results/codeql/python-queries/Security/CWE-776/XmlBomb.bqrs.
2025-12-25T03:10:19.2714919Z Interpreting /opt/hostedtoolcache/CodeQL/2.23.8/x64/codeql/qlpacks/codeql/python-queries/1.7.3/Security/CWE-326/WeakCryptoKey.ql...
2025-12-25T03:10:19.2797951Z  ... found results file at /home/runner/work/_temp/codeql_databases/python/results/codeql/python-queries/Security/CWE-326/WeakCryptoKey.bqrs.
2025-12-25T03:10:19.2805345Z Interpreting /opt/hostedtoolcache/CodeQL/2.23.8/x64/codeql/qlpacks/codeql/python-queries/1.7.3/Security/CWE-113/HeaderInjection.ql...
2025-12-25T03:10:19.2879515Z  ... found results file at /home/runner/work/_temp/codeql_databases/python/results/codeql/python-queries/Security/CWE-113/HeaderInjection.bqrs.
2025-12-25T03:10:19.2885816Z Interpreting /opt/hostedtoolcache/CodeQL/2.23.8/x64/codeql/qlpacks/codeql/python-queries/1.7.3/Security/CWE-601/UrlRedirect.ql...
2025-12-25T03:10:19.2983326Z  ... found results file at /home/runner/work/_temp/codeql_databases/python/results/codeql/python-queries/Security/CWE-601/UrlRedirect.bqrs.
2025-12-25T03:10:19.2987405Z Interpreting /opt/hostedtoolcache/CodeQL/2.23.8/x64/codeql/qlpacks/codeql/python-queries/1.7.3/Security/CWE-078/CommandInjection.ql...
2025-12-25T03:10:19.3048042Z  ... found results file at /home/runner/work/_temp/codeql_databases/python/results/codeql/python-queries/Security/CWE-078/CommandInjection.bqrs.
2025-12-25T03:10:19.3054391Z Interpreting /opt/hostedtoolcache/CodeQL/2.23.8/x64/codeql/qlpacks/codeql/python-queries/1.7.3/Security/CWE-295/MissingHostKeyValidation.ql...
2025-12-25T03:10:19.3128815Z  ... found results file at /home/runner/work/_temp/codeql_databases/python/results/codeql/python-queries/Security/CWE-295/MissingHostKeyValidation.bqrs.
2025-12-25T03:10:19.3136338Z Interpreting /opt/hostedtoolcache/CodeQL/2.23.8/x64/codeql/qlpacks/codeql/python-queries/1.7.3/Security/CWE-943/NoSqlInjection.ql...
2025-12-25T03:10:19.3233262Z  ... found results file at /home/runner/work/_temp/codeql_databases/python/results/codeql/python-queries/Security/CWE-943/NoSqlInjection.bqrs.
2025-12-25T03:10:19.3236123Z Interpreting /opt/hostedtoolcache/CodeQL/2.23.8/x64/codeql/qlpacks/codeql/python-queries/1.7.3/Security/CWE-643/XpathInjection.ql...
2025-12-25T03:10:19.3287172Z  ... found results file at /home/runner/work/_temp/codeql_databases/python/results/codeql/python-queries/Security/CWE-643/XpathInjection.bqrs.
2025-12-25T03:10:19.3294349Z Interpreting /opt/hostedtoolcache/CodeQL/2.23.8/x64/codeql/qlpacks/codeql/python-queries/1.7.3/Security/CWE-079/ReflectedXss.ql...
2025-12-25T03:10:19.3365377Z  ... found results file at /home/runner/work/_temp/codeql_databases/python/results/codeql/python-queries/Security/CWE-079/ReflectedXss.bqrs.
2025-12-25T03:10:19.3371538Z Interpreting /opt/hostedtoolcache/CodeQL/2.23.8/x64/codeql/qlpacks/codeql/python-queries/1.7.3/Security/CWE-089/SqlInjection.ql...
2025-12-25T03:10:19.3435356Z  ... found results file at /home/runner/work/_temp/codeql_databases/python/results/codeql/python-queries/Security/CWE-089/SqlInjection.bqrs.
2025-12-25T03:10:19.3442333Z Interpreting /opt/hostedtoolcache/CodeQL/2.23.8/x64/codeql/qlpacks/codeql/python-queries/1.7.3/Security/CVE-2018-1281/BindToAllInterfaces.ql...
2025-12-25T03:10:19.3513978Z  ... found results file at /home/runner/work/_temp/codeql_databases/python/results/codeql/python-queries/Security/CVE-2018-1281/BindToAllInterfaces.bqrs.
2025-12-25T03:10:19.3532305Z Interpreting /opt/hostedtoolcache/CodeQL/2.23.8/x64/codeql/qlpacks/codeql/python-queries/1.7.3/Security/CWE-022/PathInjection.ql...
2025-12-25T03:10:19.3593353Z  ... found results file at /home/runner/work/_temp/codeql_databases/python/results/codeql/python-queries/Security/CWE-022/PathInjection.bqrs.
2025-12-25T03:10:19.3595667Z Interpreting /opt/hostedtoolcache/CodeQL/2.23.8/x64/codeql/qlpacks/codeql/python-queries/1.7.3/Security/CWE-614/InsecureCookie.ql...
2025-12-25T03:10:19.3656810Z  ... found results file at /home/runner/work/_temp/codeql_databases/python/results/codeql/python-queries/Security/CWE-614/InsecureCookie.bqrs.
2025-12-25T03:10:19.3662330Z Interpreting /opt/hostedtoolcache/CodeQL/2.23.8/x64/codeql/qlpacks/codeql/python-queries/1.7.3/Security/CWE-1004/NonHttpOnlyCookie.ql...
2025-12-25T03:10:19.3742913Z  ... found results file at /home/runner/work/_temp/codeql_databases/python/results/codeql/python-queries/Security/CWE-1004/NonHttpOnlyCookie.bqrs.
2025-12-25T03:10:19.3747019Z Interpreting /opt/hostedtoolcache/CodeQL/2.23.8/x64/codeql/qlpacks/codeql/python-queries/1.7.3/Security/CWE-116/BadTagFilter.ql...
2025-12-25T03:10:19.3793118Z  ... found results file at /home/runner/work/_temp/codeql_databases/python/results/codeql/python-queries/Security/CWE-116/BadTagFilter.bqrs.
2025-12-25T03:10:19.3799362Z Interpreting /opt/hostedtoolcache/CodeQL/2.23.8/x64/codeql/qlpacks/codeql/python-queries/1.7.3/Security/CWE-377/InsecureTemporaryFile.ql...
2025-12-25T03:10:19.3862817Z  ... found results file at /home/runner/work/_temp/codeql_databases/python/results/codeql/python-queries/Security/CWE-377/InsecureTemporaryFile.bqrs.
2025-12-25T03:10:19.3868433Z Interpreting /opt/hostedtoolcache/CodeQL/2.23.8/x64/codeql/qlpacks/codeql/python-queries/1.7.3/Security/CWE-352/CSRFProtectionDisabled.ql...
2025-12-25T03:10:19.3923445Z  ... found results file at /home/runner/work/_temp/codeql_databases/python/results/codeql/python-queries/Security/CWE-352/CSRFProtectionDisabled.bqrs.
2025-12-25T03:10:19.3941699Z Interpreting /opt/hostedtoolcache/CodeQL/2.23.8/x64/codeql/qlpacks/codeql/python-queries/1.7.3/Security/CWE-730/ReDoS.ql...
2025-12-25T03:10:19.3998873Z  ... found results file at /home/runner/work/_temp/codeql_databases/python/results/codeql/python-queries/Security/CWE-730/ReDoS.bqrs.
2025-12-25T03:10:19.4000494Z Interpreting /opt/hostedtoolcache/CodeQL/2.23.8/x64/codeql/qlpacks/codeql/python-queries/1.7.3/Security/CWE-730/PolynomialReDoS.ql...
2025-12-25T03:10:19.4069231Z  ... found results file at /home/runner/work/_temp/codeql_databases/python/results/codeql/python-queries/Security/CWE-730/PolynomialReDoS.bqrs.
2025-12-25T03:10:19.4072866Z Interpreting /opt/hostedtoolcache/CodeQL/2.23.8/x64/codeql/qlpacks/codeql/python-queries/1.7.3/Security/CWE-730/RegexInjection.ql...
2025-12-25T03:10:19.4126665Z  ... found results file at /home/runner/work/_temp/codeql_databases/python/results/codeql/python-queries/Security/CWE-730/RegexInjection.bqrs.
2025-12-25T03:10:19.4132683Z Interpreting /opt/hostedtoolcache/CodeQL/2.23.8/x64/codeql/qlpacks/codeql/python-queries/1.7.3/Security/CWE-094/CodeInjection.ql...
2025-12-25T03:10:19.4200340Z  ... found results file at /home/runner/work/_temp/codeql_databases/python/results/codeql/python-queries/Security/CWE-094/CodeInjection.bqrs.
2025-12-25T03:10:19.4202066Z Interpreting /opt/hostedtoolcache/CodeQL/2.23.8/x64/codeql/qlpacks/codeql/python-queries/1.7.3/Security/CWE-502/UnsafeDeserialization.ql...
2025-12-25T03:10:19.4255136Z  ... found results file at /home/runner/work/_temp/codeql_databases/python/results/codeql/python-queries/Security/CWE-502/UnsafeDeserialization.bqrs.
2025-12-25T03:10:19.4263118Z Interpreting /opt/hostedtoolcache/CodeQL/2.23.8/x64/codeql/qlpacks/codeql/python-queries/1.7.3/Security/CWE-215/FlaskDebug.ql...
2025-12-25T03:10:19.4322555Z  ... found results file at /home/runner/work/_temp/codeql_databases/python/results/codeql/python-queries/Security/CWE-215/FlaskDebug.bqrs.
2025-12-25T03:10:19.4324420Z Interpreting /opt/hostedtoolcache/CodeQL/2.23.8/x64/codeql/qlpacks/codeql/python-queries/1.7.3/Security/CWE-074/TemplateInjection.ql...
2025-12-25T03:10:19.4379246Z  ... found results file at /home/runner/work/_temp/codeql_databases/python/results/codeql/python-queries/Security/CWE-074/TemplateInjection.bqrs.
2025-12-25T03:10:19.4384794Z Interpreting /opt/hostedtoolcache/CodeQL/2.23.8/x64/codeql/qlpacks/codeql/python-queries/1.7.3/Security/CWE-327/InsecureProtocol.ql...
2025-12-25T03:10:19.4446518Z  ... found results file at /home/runner/work/_temp/codeql_databases/python/results/codeql/python-queries/Security/CWE-327/InsecureProtocol.bqrs.
2025-12-25T03:10:19.4452459Z Interpreting /opt/hostedtoolcache/CodeQL/2.23.8/x64/codeql/qlpacks/codeql/python-queries/1.7.3/Security/CWE-327/InsecureDefaultProtocol.ql...
2025-12-25T03:10:19.4508996Z  ... found results file at /home/runner/work/_temp/codeql_databases/python/results/codeql/python-queries/Security/CWE-327/InsecureDefaultProtocol.bqrs.
2025-12-25T03:10:19.4516137Z Interpreting /opt/hostedtoolcache/CodeQL/2.23.8/x64/codeql/qlpacks/codeql/python-queries/1.7.3/Security/CWE-327/WeakSensitiveDataHashing.ql...
2025-12-25T03:10:19.4573556Z  ... found results file at /home/runner/work/_temp/codeql_databases/python/results/codeql/python-queries/Security/CWE-327/WeakSensitiveDataHashing.bqrs.
2025-12-25T03:10:19.4602656Z Interpreting /opt/hostedtoolcache/CodeQL/2.23.8/x64/codeql/qlpacks/codeql/python-queries/1.7.3/Security/CWE-327/BrokenCryptoAlgorithm.ql...
2025-12-25T03:10:19.4630563Z  ... found results file at /home/runner/work/_temp/codeql_databases/python/results/codeql/python-queries/Security/CWE-327/BrokenCryptoAlgorithm.bqrs.
2025-12-25T03:10:19.4636341Z Interpreting /opt/hostedtoolcache/CodeQL/2.23.8/x64/codeql/qlpacks/codeql/python-queries/1.7.3/Security/CWE-918/FullServerSideRequestForgery.ql...
2025-12-25T03:10:19.4702670Z  ... found results file at /home/runner/work/_temp/codeql_databases/python/results/codeql/python-queries/Security/CWE-918/FullServerSideRequestForgery.bqrs.
2025-12-25T03:10:19.4704660Z Interpreting /opt/hostedtoolcache/CodeQL/2.23.8/x64/codeql/qlpacks/codeql/python-queries/1.7.3/Security/CWE-090/LdapInjection.ql...
2025-12-25T03:10:19.4757697Z  ... found results file at /home/runner/work/_temp/codeql_databases/python/results/codeql/python-queries/Security/CWE-090/LdapInjection.bqrs.
2025-12-25T03:10:19.4762845Z Interpreting /opt/hostedtoolcache/CodeQL/2.23.8/x64/codeql/qlpacks/codeql/python-queries/1.7.3/Security/CWE-285/PamAuthorization.ql...
2025-12-25T03:10:19.4818717Z  ... found results file at /home/runner/work/_temp/codeql_databases/python/results/codeql/python-queries/Security/CWE-285/PamAuthorization.bqrs.
2025-12-25T03:10:19.4825020Z Interpreting /opt/hostedtoolcache/CodeQL/2.23.8/x64/codeql/qlpacks/codeql/python-queries/1.7.3/Security/CWE-209/StackTraceExposure.ql...
2025-12-25T03:10:19.4881224Z  ... found results file at /home/runner/work/_temp/codeql_databases/python/results/codeql/python-queries/Security/CWE-209/StackTraceExposure.bqrs.
2025-12-25T03:10:19.4884782Z Interpreting /opt/hostedtoolcache/CodeQL/2.23.8/x64/codeql/qlpacks/codeql/python-queries/1.7.3/Security/CWE-611/Xxe.ql...
2025-12-25T03:10:19.4952169Z  ... found results file at /home/runner/work/_temp/codeql_databases/python/results/codeql/python-queries/Security/CWE-611/Xxe.bqrs.
2025-12-25T03:10:19.4953930Z Interpreting /opt/hostedtoolcache/CodeQL/2.23.8/x64/codeql/qlpacks/codeql/python-queries/1.7.3/Expressions/UseofInput.ql...
2025-12-25T03:10:19.4984118Z  ... found results file at /home/runner/work/_temp/codeql_databases/python/results/codeql/python-queries/Expressions/UseofInput.bqrs.
2025-12-25T03:10:19.4994656Z Interpreting /opt/hostedtoolcache/CodeQL/2.23.8/x64/codeql/qlpacks/codeql/python-queries/1.7.3/Diagnostics/ExtractionWarnings.ql...
2025-12-25T03:10:19.5040431Z  ... found results file at /home/runner/work/_temp/codeql_databases/python/results/codeql/python-queries/Diagnostics/ExtractionWarnings.bqrs.
2025-12-25T03:10:19.5048767Z Interpreting /opt/hostedtoolcache/CodeQL/2.23.8/x64/codeql/qlpacks/codeql/python-queries/1.7.3/Diagnostics/ExtractedFiles.ql...
2025-12-25T03:10:19.5117990Z  ... found results file at /home/runner/work/_temp/codeql_databases/python/results/codeql/python-queries/Diagnostics/ExtractedFiles.bqrs.
2025-12-25T03:10:19.5119593Z Interpreting /opt/hostedtoolcache/CodeQL/2.23.8/x64/codeql/qlpacks/codeql/python-queries/1.7.3/Summary/LinesOfUserCode.ql...
2025-12-25T03:10:19.5182326Z  ... found results file at /home/runner/work/_temp/codeql_databases/python/results/codeql/python-queries/Summary/LinesOfUserCode.bqrs.
2025-12-25T03:10:19.5184139Z Interpreting /opt/hostedtoolcache/CodeQL/2.23.8/x64/codeql/qlpacks/codeql/python-queries/1.7.3/Summary/LinesOfCode.ql...
2025-12-25T03:10:19.5222047Z  ... found results file at /home/runner/work/_temp/codeql_databases/python/results/codeql/python-queries/Summary/LinesOfCode.bqrs.
2025-12-25T03:10:19.5929794Z Interpreted pathproblem query "Clear-text logging of sensitive information" (py/clear-text-logging-sensitive-data) at path /home/runner/work/_temp/codeql_databases/python/results/codeql/python-queries/Security/CWE-312/CleartextLogging.bqrs.
2025-12-25T03:10:19.5943116Z Interpreted pathproblem query "Clear-text storage of sensitive information" (py/clear-text-storage-sensitive-data) at path /home/runner/work/_temp/codeql_databases/python/results/codeql/python-queries/Security/CWE-312/CleartextStorage.bqrs.
2025-12-25T03:10:19.5946581Z Interpreted problem query "Incomplete URL substring sanitization" (py/incomplete-url-substring-sanitization) at path /home/runner/work/_temp/codeql_databases/python/results/codeql/python-queries/Security/CWE-020/IncompleteUrlSubstringSanitization.bqrs.
2025-12-25T03:10:19.5953532Z Interpreted problem query "Incomplete regular expression for hostnames" (py/incomplete-hostname-regexp) at path /home/runner/work/_temp/codeql_databases/python/results/codeql/python-queries/Security/CWE-020/IncompleteHostnameRegExp.bqrs.
2025-12-25T03:10:19.5957144Z Interpreted problem query "Overly permissive regular expression range" (py/overly-large-range) at path /home/runner/work/_temp/codeql_databases/python/results/codeql/python-queries/Security/CWE-020/OverlyLargeRange.bqrs.
2025-12-25T03:10:19.5984733Z Interpreted pathproblem query "Construction of a cookie using user-supplied input" (py/cookie-injection) at path /home/runner/work/_temp/codeql_databases/python/results/codeql/python-queries/Security/CWE-020/CookieInjection.bqrs.
2025-12-25T03:10:19.5987714Z Interpreted problem query "Sensitive cookie with `SameSite` attribute set to `None`" (py/samesite-none-cookie) at path /home/runner/work/_temp/codeql_databases/python/results/codeql/python-queries/Security/CWE-1275/SameSiteNoneCookie.bqrs.
2025-12-25T03:10:19.5991638Z Interpreted pathproblem query "XML internal entity expansion" (py/xml-bomb) at path /home/runner/work/_temp/codeql_databases/python/results/codeql/python-queries/Security/CWE-776/XmlBomb.bqrs.
2025-12-25T03:10:19.5995471Z Interpreted problem query "Use of weak cryptographic key" (py/weak-crypto-key) at path /home/runner/work/_temp/codeql_databases/python/results/codeql/python-queries/Security/CWE-326/WeakCryptoKey.bqrs.
2025-12-25T03:10:19.5997800Z Interpreted pathproblem query "HTTP Response Splitting" (py/http-response-splitting) at path /home/runner/work/_temp/codeql_databases/python/results/codeql/python-queries/Security/CWE-113/HeaderInjection.bqrs.
2025-12-25T03:10:19.6000423Z Interpreted pathproblem query "URL redirection from remote source" (py/url-redirection) at path /home/runner/work/_temp/codeql_databases/python/results/codeql/python-queries/Security/CWE-601/UrlRedirect.bqrs.
2025-12-25T03:10:19.6002898Z Interpreted pathproblem query "Uncontrolled command line" (py/command-line-injection) at path /home/runner/work/_temp/codeql_databases/python/results/codeql/python-queries/Security/CWE-078/CommandInjection.bqrs.
2025-12-25T03:10:19.6005582Z Interpreted problem query "Accepting unknown SSH host keys when using Paramiko" (py/paramiko-missing-host-key-validation) at path /home/runner/work/_temp/codeql_databases/python/results/codeql/python-queries/Security/CWE-295/MissingHostKeyValidation.bqrs.
2025-12-25T03:10:19.6008375Z Interpreted pathproblem query "NoSQL Injection" (py/nosql-injection) at path /home/runner/work/_temp/codeql_databases/python/results/codeql/python-queries/Security/CWE-943/NoSqlInjection.bqrs.
2025-12-25T03:10:19.6025882Z Interpreted pathproblem query "XPath query built from user-controlled sources" (py/xpath-injection) at path /home/runner/work/_temp/codeql_databases/python/results/codeql/python-queries/Security/CWE-643/XpathInjection.bqrs.
2025-12-25T03:10:19.6030781Z Interpreted pathproblem query "Reflected server-side cross-site scripting" (py/reflective-xss) at path /home/runner/work/_temp/codeql_databases/python/results/codeql/python-queries/Security/CWE-079/ReflectedXss.bqrs.
2025-12-25T03:10:19.6033358Z Interpreted pathproblem query "SQL query built from user-controlled sources" (py/sql-injection) at path /home/runner/work/_temp/codeql_databases/python/results/codeql/python-queries/Security/CWE-089/SqlInjection.bqrs.
2025-12-25T03:10:19.6036092Z Interpreted problem query "Binding a socket to all network interfaces" (py/bind-socket-all-network-interfaces) at path /home/runner/work/_temp/codeql_databases/python/results/codeql/python-queries/Security/CVE-2018-1281/BindToAllInterfaces.bqrs.
2025-12-25T03:10:19.6038779Z Interpreted pathproblem query "Uncontrolled data used in path expression" (py/path-injection) at path /home/runner/work/_temp/codeql_databases/python/results/codeql/python-queries/Security/CWE-022/PathInjection.bqrs.
2025-12-25T03:10:19.6071007Z Interpreted problem query "Failure to use secure cookies" (py/insecure-cookie) at path /home/runner/work/_temp/codeql_databases/python/results/codeql/python-queries/Security/CWE-614/InsecureCookie.bqrs.
2025-12-25T03:10:19.6073957Z Interpreted problem query "Sensitive cookie missing `HttpOnly` attribute" (py/client-exposed-cookie) at path /home/runner/work/_temp/codeql_databases/python/results/codeql/python-queries/Security/CWE-1004/NonHttpOnlyCookie.bqrs.
2025-12-25T03:10:19.6076467Z Interpreted problem query "Bad HTML filtering regexp" (py/bad-tag-filter) at path /home/runner/work/_temp/codeql_databases/python/results/codeql/python-queries/Security/CWE-116/BadTagFilter.bqrs.
2025-12-25T03:10:19.6078839Z Interpreted problem query "Insecure temporary file" (py/insecure-temporary-file) at path /home/runner/work/_temp/codeql_databases/python/results/codeql/python-queries/Security/CWE-377/InsecureTemporaryFile.bqrs.
2025-12-25T03:10:19.6081657Z Interpreted problem query "CSRF protection weakened or disabled" (py/csrf-protection-disabled) at path /home/runner/work/_temp/codeql_databases/python/results/codeql/python-queries/Security/CWE-352/CSRFProtectionDisabled.bqrs.
2025-12-25T03:10:19.6084136Z Interpreted problem query "Inefficient regular expression" (py/redos) at path /home/runner/work/_temp/codeql_databases/python/results/codeql/python-queries/Security/CWE-730/ReDoS.bqrs.
2025-12-25T03:10:19.6086635Z Interpreted pathproblem query "Polynomial regular expression used on uncontrolled data" (py/polynomial-redos) at path /home/runner/work/_temp/codeql_databases/python/results/codeql/python-queries/Security/CWE-730/PolynomialReDoS.bqrs.
2025-12-25T03:10:19.6089346Z Interpreted pathproblem query "Regular expression injection" (py/regex-injection) at path /home/runner/work/_temp/codeql_databases/python/results/codeql/python-queries/Security/CWE-730/RegexInjection.bqrs.
2025-12-25T03:10:19.6091735Z Interpreted pathproblem query "Code injection" (py/code-injection) at path /home/runner/work/_temp/codeql_databases/python/results/codeql/python-queries/Security/CWE-094/CodeInjection.bqrs.
2025-12-25T03:10:19.6094205Z Interpreted pathproblem query "Deserialization of user-controlled data" (py/unsafe-deserialization) at path /home/runner/work/_temp/codeql_databases/python/results/codeql/python-queries/Security/CWE-502/UnsafeDeserialization.bqrs.
2025-12-25T03:10:19.6121914Z Interpreted problem query "Flask app is run in debug mode" (py/flask-debug) at path /home/runner/work/_temp/codeql_databases/python/results/codeql/python-queries/Security/CWE-215/FlaskDebug.bqrs.
2025-12-25T03:10:19.6124653Z Interpreted pathproblem query "Server Side Template Injection" (py/template-injection) at path /home/runner/work/_temp/codeql_databases/python/results/codeql/python-queries/Security/CWE-074/TemplateInjection.bqrs.
2025-12-25T03:10:19.6127284Z Interpreted problem query "Use of insecure SSL/TLS version" (py/insecure-protocol) at path /home/runner/work/_temp/codeql_databases/python/results/codeql/python-queries/Security/CWE-327/InsecureProtocol.bqrs.
2025-12-25T03:10:19.6129897Z Interpreted problem query "Default version of SSL/TLS may be insecure" (py/insecure-default-protocol) at path /home/runner/work/_temp/codeql_databases/python/results/codeql/python-queries/Security/CWE-327/InsecureDefaultProtocol.bqrs.
2025-12-25T03:10:19.6133127Z Interpreted pathproblem query "Use of a broken or weak cryptographic hashing algorithm on sensitive data" (py/weak-sensitive-data-hashing) at path /home/runner/work/_temp/codeql_databases/python/results/codeql/python-queries/Security/CWE-327/WeakSensitiveDataHashing.bqrs.
2025-12-25T03:10:19.6136198Z Interpreted problem query "Use of a broken or weak cryptographic algorithm" (py/weak-cryptographic-algorithm) at path /home/runner/work/_temp/codeql_databases/python/results/codeql/python-queries/Security/CWE-327/BrokenCryptoAlgorithm.bqrs.
2025-12-25T03:10:19.6139491Z Interpreted pathproblem query "Full server-side request forgery" (py/full-ssrf) at path /home/runner/work/_temp/codeql_databases/python/results/codeql/python-queries/Security/CWE-918/FullServerSideRequestForgery.bqrs.
2025-12-25T03:10:19.6143203Z Interpreted pathproblem query "LDAP query built from user-controlled sources" (py/ldap-injection) at path /home/runner/work/_temp/codeql_databases/python/results/codeql/python-queries/Security/CWE-090/LdapInjection.bqrs.
2025-12-25T03:10:19.6146213Z Interpreted pathproblem query "PAM authorization bypass due to incorrect usage" (py/pam-auth-bypass) at path /home/runner/work/_temp/codeql_databases/python/results/codeql/python-queries/Security/CWE-285/PamAuthorization.bqrs.
2025-12-25T03:10:19.6148918Z Interpreted pathproblem query "Information exposure through an exception" (py/stack-trace-exposure) at path /home/runner/work/_temp/codeql_databases/python/results/codeql/python-queries/Security/CWE-209/StackTraceExposure.bqrs.
2025-12-25T03:10:19.6151325Z Interpreted pathproblem query "XML external entity expansion" (py/xxe) at path /home/runner/work/_temp/codeql_databases/python/results/codeql/python-queries/Security/CWE-611/Xxe.bqrs.
2025-12-25T03:10:19.6153389Z Interpreted problem query "'input' function used in Python 2" (py/use-of-input) at path /home/runner/work/_temp/codeql_databases/python/results/codeql/python-queries/Expressions/UseofInput.bqrs.
2025-12-25T03:10:19.6170682Z Interpreted diagnostic query "Python extraction warnings" (py/diagnostics/extraction-warnings) at path /home/runner/work/_temp/codeql_databases/python/results/codeql/python-queries/Diagnostics/ExtractionWarnings.bqrs.
2025-12-25T03:10:19.6173717Z Interpreted diagnostic query "Extracted Python files" (py/diagnostics/successfully-extracted-files) at path /home/runner/work/_temp/codeql_databases/python/results/codeql/python-queries/Diagnostics/ExtractedFiles.bqrs.
2025-12-25T03:10:19.6176343Z Interpreted metric query "Total lines of user written Python code in the database" (py/summary/lines-of-user-code) at path /home/runner/work/_temp/codeql_databases/python/results/codeql/python-queries/Summary/LinesOfUserCode.bqrs.
2025-12-25T03:10:19.6178806Z Interpreted metric query "Total lines of Python code in the database" (py/summary/lines-of-code) at path /home/runner/work/_temp/codeql_databases/python/results/codeql/python-queries/Summary/LinesOfCode.bqrs.
2025-12-25T03:10:19.6180531Z Reading source archive /home/runner/work/_temp/codeql_databases/python/src.zip
2025-12-25T03:10:19.7402361Z Interpreting file coverage baseline information
2025-12-25T03:10:19.7414861Z Finished interpreting file coverage baseline information.
2025-12-25T03:10:19.7440364Z Interpreting diagnostic messages...
2025-12-25T03:10:19.7845833Z Found 3 raw diagnostic messages.
2025-12-25T03:10:19.7944172Z Processed diagnostic messages (removed 0 due to limits, created 0 summary diagnostics for status page).
2025-12-25T03:10:19.7969361Z Interpreted diagnostic messages (51ms).
2025-12-25T03:10:20.0106550Z Exporting results to SARIF...
2025-12-25T03:10:20.1724069Z Exported results to SARIF (161ms).
2025-12-25T03:10:20.1990042Z ##[endgroup]
2025-12-25T03:10:20.1991040Z CodeQL scanned 11 out of 11 Python files and 5 out of 5 GitHub Actions files in this invocation. Check the status page for overall coverage information: https://github.com/Boss-1s/scratchattach/security/code-scanning/tools/CodeQL/status/
2025-12-25T03:10:20.1991749Z 
2025-12-25T03:10:20.1999562Z Post-processing sarif files: ["/home/runner/work/scratchattach/results/python.sarif"]
2025-12-25T03:10:20.2026745Z Adding fingerprints to SARIF file. See https://docs.github.com/en/enterprise-cloud@latest/code-security/code-scanning/integrating-with-code-scanning/sarif-support-for-code-scanning#providing-data-to-track-code-scanning-alerts-across-runs for more information.
2025-12-25T03:10:20.2028532Z ##[group]Uploading code scanning results
2025-12-25T03:10:20.2144536Z Uploading results
2025-12-25T03:10:20.7801688Z Successfully uploaded results
2025-12-25T03:10:20.7802441Z ##[endgroup]
2025-12-25T03:10:20.7815854Z Skipping upload of dependency cache for python as we have no caching configuration for it.
2025-12-25T03:10:20.7817540Z ##[group]Waiting for processing to finish
2025-12-25T03:10:20.9663552Z Analysis upload status is complete.
2025-12-25T03:10:20.9664493Z ##[endgroup]
2025-12-25T03:10:21.2772666Z Post job cleanup.
2025-12-25T03:10:22.1142726Z Post job cleanup.
2025-12-25T03:10:22.3061475Z Post job cleanup.
2025-12-25T03:10:23.1173924Z CodeQL job status was success.
2025-12-25T03:10:23.1182639Z Sending status report for init-post step.
2025-12-25T03:10:23.4982100Z Status report sent for init-post step.
2025-12-25T03:10:23.5342683Z Post job cleanup.
2025-12-25T03:10:23.6231839Z [command]/usr/bin/git version
2025-12-25T03:10:23.6270105Z git version 2.52.0
2025-12-25T03:10:23.6309500Z Temporarily overriding HOME='/home/runner/work/_temp/d8b8bc15-c525-43b5-a5e3-3a0c58fa4696' before making global git config changes
2025-12-25T03:10:23.6310911Z Adding repository directory to the temporary git global config as a safe directory
2025-12-25T03:10:23.6316573Z [command]/usr/bin/git config --global --add safe.directory /home/runner/work/scratchattach/scratchattach
2025-12-25T03:10:23.6354487Z [command]/usr/bin/git config --local --name-only --get-regexp core\.sshCommand
2025-12-25T03:10:23.6386732Z [command]/usr/bin/git submodule foreach --recursive sh -c "git config --local --name-only --get-regexp 'core\.sshCommand' && git config --local --unset-all 'core.sshCommand' || :"
2025-12-25T03:10:23.6626267Z [command]/usr/bin/git config --local --name-only --get-regexp http\.https\:\/\/github\.com\/\.extraheader
2025-12-25T03:10:23.6645512Z http.https://github.com/.extraheader
2025-12-25T03:10:23.6656859Z [command]/usr/bin/git config --local --unset-all http.https://github.com/.extraheader
2025-12-25T03:10:23.6683630Z [command]/usr/bin/git submodule foreach --recursive sh -c "git config --local --name-only --get-regexp 'http\.https\:\/\/github\.com\/\.extraheader' && git config --local --unset-all 'http.https://github.com/.extraheader' || :"
2025-12-25T03:10:23.6863504Z [command]/usr/bin/git config --local --name-only --get-regexp ^includeIf\.gitdir:
2025-12-25T03:10:23.6891753Z [command]/usr/bin/git submodule foreach --recursive git config --local --show-origin --name-only --get-regexp remote.origin.url
2025-12-25T03:10:23.7162895Z Cleaning up orphan processes
