2026-02-06T19:36:37.2971459Z Current runner version: '2.331.0'
2026-02-06T19:36:37.2995069Z ##[group]Runner Image Provisioner
2026-02-06T19:36:37.2995927Z Hosted Compute Agent
2026-02-06T19:36:37.2996565Z Version: 20260123.484
2026-02-06T19:36:37.2997129Z Commit: 6bd6555ca37d84114959e1c76d2c01448ff61c5d
2026-02-06T19:36:37.2997853Z Build Date: 2026-01-23T19:41:17Z
2026-02-06T19:36:37.2998892Z Worker ID: {4c608453-d454-4f9a-bc68-f76eccc68b79}
2026-02-06T19:36:37.2999567Z Azure Region: eastus
2026-02-06T19:36:37.3000082Z ##[endgroup]
2026-02-06T19:36:37.3001949Z ##[group]Operating System
2026-02-06T19:36:37.3002561Z Ubuntu
2026-02-06T19:36:37.3003015Z 24.04.3
2026-02-06T19:36:37.3003593Z LTS
2026-02-06T19:36:37.3004067Z ##[endgroup]
2026-02-06T19:36:37.3004603Z ##[group]Runner Image
2026-02-06T19:36:37.3005195Z Image: ubuntu-24.04
2026-02-06T19:36:37.3005719Z Version: 20260201.15.1
2026-02-06T19:36:37.3006921Z Included Software: https://github.com/actions/runner-images/blob/ubuntu24/20260201.15/images/ubuntu/Ubuntu2404-Readme.md
2026-02-06T19:36:37.3008740Z Image Release: https://github.com/actions/runner-images/releases/tag/ubuntu24%2F20260201.15
2026-02-06T19:36:37.3009815Z ##[endgroup]
2026-02-06T19:36:37.3012453Z ##[group]GITHUB_TOKEN Permissions
2026-02-06T19:36:37.3014774Z Actions: write
2026-02-06T19:36:37.3015352Z ArtifactMetadata: write
2026-02-06T19:36:37.3015924Z Attestations: write
2026-02-06T19:36:37.3016520Z Checks: write
2026-02-06T19:36:37.3017034Z Contents: write
2026-02-06T19:36:37.3017547Z Deployments: write
2026-02-06T19:36:37.3018452Z Discussions: write
2026-02-06T19:36:37.3018999Z Issues: write
2026-02-06T19:36:37.3019523Z Metadata: read
2026-02-06T19:36:37.3019987Z Models: read
2026-02-06T19:36:37.3020636Z Packages: write
2026-02-06T19:36:37.3021195Z Pages: write
2026-02-06T19:36:37.3021848Z PullRequests: write
2026-02-06T19:36:37.3022365Z RepositoryProjects: write
2026-02-06T19:36:37.3022949Z SecurityEvents: write
2026-02-06T19:36:37.3023485Z Statuses: write
2026-02-06T19:36:37.3024016Z ##[endgroup]
2026-02-06T19:36:37.3026070Z Secret source: Actions
2026-02-06T19:36:37.3027191Z Prepare workflow directory
2026-02-06T19:36:37.3347275Z Prepare all required actions
2026-02-06T19:36:37.3385136Z Getting action download info
2026-02-06T19:36:37.6254422Z Download action repository 'actions/checkout@v6.0.2' (SHA:de0fac2e4500dabe0009e67214ff5f5447ce83dd)
2026-02-06T19:36:37.7105905Z Download action repository 'actions/setup-python@v6.2.0' (SHA:a309ff8b426b58ec0e2a45f0f869d46889d02405)
2026-02-06T19:36:38.0567471Z Complete job name: Run 1
2026-02-06T19:36:38.1254184Z ##[group]Run actions/checkout@v6.0.2
2026-02-06T19:36:38.1255062Z with:
2026-02-06T19:36:38.1255437Z   ref: main
2026-02-06T19:36:38.1255835Z   repository: Boss-1s/scratchattach
2026-02-06T19:36:38.1256480Z   token: ***
2026-02-06T19:36:38.1256867Z   ssh-strict: true
2026-02-06T19:36:38.1257251Z   ssh-user: git
2026-02-06T19:36:38.1257658Z   persist-credentials: true
2026-02-06T19:36:38.1258422Z   clean: true
2026-02-06T19:36:38.1258945Z   sparse-checkout-cone-mode: true
2026-02-06T19:36:38.1259464Z   fetch-depth: 1
2026-02-06T19:36:38.1259902Z   fetch-tags: false
2026-02-06T19:36:38.1260320Z   show-progress: true
2026-02-06T19:36:38.1260729Z   lfs: false
2026-02-06T19:36:38.1261105Z   submodules: false
2026-02-06T19:36:38.1261524Z   set-safe-directory: true
2026-02-06T19:36:38.1262279Z ##[endgroup]
2026-02-06T19:36:38.2195885Z Syncing repository: Boss-1s/scratchattach
2026-02-06T19:36:38.2197639Z ##[group]Getting Git version info
2026-02-06T19:36:38.2198646Z Working directory is '/home/runner/work/scratchattach/scratchattach'
2026-02-06T19:36:38.2199676Z [command]/usr/bin/git version
2026-02-06T19:36:38.2265764Z git version 2.52.0
2026-02-06T19:36:38.2287901Z ##[endgroup]
2026-02-06T19:36:38.2302164Z Temporarily overriding HOME='/home/runner/work/_temp/b843459f-8284-4a35-9f36-20a37abba37c' before making global git config changes
2026-02-06T19:36:38.2303820Z Adding repository directory to the temporary git global config as a safe directory
2026-02-06T19:36:38.2307278Z [command]/usr/bin/git config --global --add safe.directory /home/runner/work/scratchattach/scratchattach
2026-02-06T19:36:38.2345557Z Deleting the contents of '/home/runner/work/scratchattach/scratchattach'
2026-02-06T19:36:38.2348955Z ##[group]Initializing the repository
2026-02-06T19:36:38.2353559Z [command]/usr/bin/git init /home/runner/work/scratchattach/scratchattach
2026-02-06T19:36:38.2457124Z hint: Using 'master' as the name for the initial branch. This default branch name
2026-02-06T19:36:38.2458870Z hint: will change to "main" in Git 3.0. To configure the initial branch name
2026-02-06T19:36:38.2460719Z hint: to use in all of your new repositories, which will suppress this warning,
2026-02-06T19:36:38.2462239Z hint: call:
2026-02-06T19:36:38.2463029Z hint:
2026-02-06T19:36:38.2464040Z hint: 	git config --global init.defaultBranch <name>
2026-02-06T19:36:38.2464960Z hint:
2026-02-06T19:36:38.2465627Z hint: Names commonly chosen instead of 'master' are 'main', 'trunk' and
2026-02-06T19:36:38.2466730Z hint: 'development'. The just-created branch can be renamed via this command:
2026-02-06T19:36:38.2467605Z hint:
2026-02-06T19:36:38.2468046Z hint: 	git branch -m <name>
2026-02-06T19:36:38.2468859Z hint:
2026-02-06T19:36:38.2469752Z hint: Disable this message with "git config set advice.defaultBranchName false"
2026-02-06T19:36:38.2471325Z Initialized empty Git repository in /home/runner/work/scratchattach/scratchattach/.git/
2026-02-06T19:36:38.2475234Z [command]/usr/bin/git remote add origin https://github.com/Boss-1s/scratchattach
2026-02-06T19:36:38.2508876Z ##[endgroup]
2026-02-06T19:36:38.2509626Z ##[group]Disabling automatic garbage collection
2026-02-06T19:36:38.2512388Z [command]/usr/bin/git config --local gc.auto 0
2026-02-06T19:36:38.2539775Z ##[endgroup]
2026-02-06T19:36:38.2540546Z ##[group]Setting up auth
2026-02-06T19:36:38.2541306Z Removing SSH command configuration
2026-02-06T19:36:38.2546522Z [command]/usr/bin/git config --local --name-only --get-regexp core\.sshCommand
2026-02-06T19:36:38.2577396Z [command]/usr/bin/git submodule foreach --recursive sh -c "git config --local --name-only --get-regexp 'core\.sshCommand' && git config --local --unset-all 'core.sshCommand' || :"
2026-02-06T19:36:38.2907413Z Removing HTTP extra header
2026-02-06T19:36:38.2913752Z [command]/usr/bin/git config --local --name-only --get-regexp http\.https\:\/\/github\.com\/\.extraheader
2026-02-06T19:36:38.2944115Z [command]/usr/bin/git submodule foreach --recursive sh -c "git config --local --name-only --get-regexp 'http\.https\:\/\/github\.com\/\.extraheader' && git config --local --unset-all 'http.https://github.com/.extraheader' || :"
2026-02-06T19:36:38.3185341Z Removing includeIf entries pointing to credentials config files
2026-02-06T19:36:38.3192502Z [command]/usr/bin/git config --local --name-only --get-regexp ^includeIf\.gitdir:
2026-02-06T19:36:38.3226436Z [command]/usr/bin/git submodule foreach --recursive git config --local --show-origin --name-only --get-regexp remote.origin.url
2026-02-06T19:36:38.3471300Z [command]/usr/bin/git config --file /home/runner/work/_temp/git-credentials-386f8cb6-f262-4aa5-a108-cc7a6f30c3c2.config http.https://github.com/.extraheader AUTHORIZATION: basic ***
2026-02-06T19:36:38.3509263Z [command]/usr/bin/git config --local includeIf.gitdir:/home/runner/work/scratchattach/scratchattach/.git.path /home/runner/work/_temp/git-credentials-386f8cb6-f262-4aa5-a108-cc7a6f30c3c2.config
2026-02-06T19:36:38.3562778Z [command]/usr/bin/git config --local includeIf.gitdir:/home/runner/work/scratchattach/scratchattach/.git/worktrees/*.path /home/runner/work/_temp/git-credentials-386f8cb6-f262-4aa5-a108-cc7a6f30c3c2.config
2026-02-06T19:36:38.3602012Z [command]/usr/bin/git config --local includeIf.gitdir:/github/workspace/.git.path /github/runner_temp/git-credentials-386f8cb6-f262-4aa5-a108-cc7a6f30c3c2.config
2026-02-06T19:36:38.3633532Z [command]/usr/bin/git config --local includeIf.gitdir:/github/workspace/.git/worktrees/*.path /github/runner_temp/git-credentials-386f8cb6-f262-4aa5-a108-cc7a6f30c3c2.config
2026-02-06T19:36:38.3660331Z ##[endgroup]
2026-02-06T19:36:38.3661017Z ##[group]Fetching the repository
2026-02-06T19:36:38.3669554Z [command]/usr/bin/git -c protocol.version=2 fetch --no-tags --prune --no-recurse-submodules --depth=1 origin +refs/heads/main*:refs/remotes/origin/main* +refs/tags/main*:refs/tags/main*
2026-02-06T19:37:09.6573993Z From https://github.com/Boss-1s/scratchattach
2026-02-06T19:37:09.6575013Z  * [new branch]      main       -> origin/main
2026-02-06T19:37:09.6604181Z ##[endgroup]
2026-02-06T19:37:09.6604926Z ##[group]Determining the checkout info
2026-02-06T19:37:09.6610595Z [command]/usr/bin/git branch --list --remote origin/main
2026-02-06T19:37:09.6642221Z   origin/main
2026-02-06T19:37:09.6646501Z ##[endgroup]
2026-02-06T19:37:09.6651337Z [command]/usr/bin/git sparse-checkout disable
2026-02-06T19:37:09.6691661Z [command]/usr/bin/git config --local --unset-all extensions.worktreeConfig
2026-02-06T19:37:09.6718490Z ##[group]Checking out the ref
2026-02-06T19:37:09.6722801Z [command]/usr/bin/git checkout --progress --force -B main refs/remotes/origin/main
2026-02-06T19:37:10.8334117Z Updating files:  75% (2611/3444)
2026-02-06T19:37:11.1555651Z Updating files:  76% (2618/3444)
2026-02-06T19:37:11.3440036Z Updating files:  77% (2652/3444)
2026-02-06T19:37:11.3484153Z Updating files:  78% (2687/3444)
2026-02-06T19:37:11.5561814Z Updating files:  79% (2721/3444)
2026-02-06T19:37:11.5593414Z Updating files:  80% (2756/3444)
2026-02-06T19:37:11.6940054Z Updating files:  81% (2790/3444)
2026-02-06T19:37:12.0044904Z Updating files:  81% (2808/3444)
2026-02-06T19:37:12.3888990Z Updating files:  82% (2825/3444)
2026-02-06T19:37:12.6385403Z Updating files:  83% (2859/3444)
2026-02-06T19:37:12.6795037Z Updating files:  84% (2893/3444)
2026-02-06T19:37:12.9579298Z Updating files:  84% (2896/3444)
2026-02-06T19:37:13.1255132Z Updating files:  85% (2928/3444)
2026-02-06T19:37:13.6433007Z Updating files:  86% (2962/3444)
2026-02-06T19:37:13.7192139Z Updating files:  87% (2997/3444)
2026-02-06T19:37:14.4050397Z Updating files:  87% (2998/3444)
2026-02-06T19:37:14.7478038Z Updating files:  88% (3031/3444)
2026-02-06T19:37:15.0463444Z Updating files:  88% (3040/3444)
2026-02-06T19:37:15.6284081Z Updating files:  89% (3066/3444)
2026-02-06T19:37:15.6832157Z Updating files:  90% (3100/3444)
2026-02-06T19:37:16.2579429Z Updating files:  90% (3101/3444)
2026-02-06T19:37:16.7052818Z Updating files:  91% (3135/3444)
2026-02-06T19:37:16.9355497Z Updating files:  91% (3155/3444)
2026-02-06T19:37:17.1005120Z Updating files:  92% (3169/3444)
2026-02-06T19:37:17.1187836Z Updating files:  93% (3203/3444)
2026-02-06T19:37:17.1378541Z Updating files:  94% (3238/3444)
2026-02-06T19:37:17.1511838Z Updating files:  95% (3272/3444)
2026-02-06T19:37:17.1634198Z Updating files:  96% (3307/3444)
2026-02-06T19:37:17.6831260Z Updating files:  97% (3341/3444)
2026-02-06T19:37:17.7838053Z Updating files:  97% (3370/3444)
2026-02-06T19:37:18.2148726Z Updating files:  98% (3376/3444)
2026-02-06T19:37:18.3726902Z Updating files:  99% (3410/3444)
2026-02-06T19:37:18.3727868Z Updating files: 100% (3444/3444)
2026-02-06T19:37:18.3728642Z Updating files: 100% (3444/3444), done.
2026-02-06T19:37:18.6027688Z Switched to a new branch 'main'
2026-02-06T19:37:18.6029526Z branch 'main' set up to track 'origin/main'.
2026-02-06T19:37:18.6225527Z ##[endgroup]
2026-02-06T19:37:18.6269739Z [command]/usr/bin/git log -1 --format=%H
2026-02-06T19:37:18.6298447Z f56f4c5392f4a1e5ceab18a47d448aaa508b50df
2026-02-06T19:37:18.6529717Z ##[group]Run actions/setup-python@v6.2.0
2026-02-06T19:37:18.6530015Z with:
2026-02-06T19:37:18.6530207Z   python-version: 3.13
2026-02-06T19:37:18.6530431Z   check-latest: false
2026-02-06T19:37:18.6530755Z   token: ***
2026-02-06T19:37:18.6530959Z   update-environment: true
2026-02-06T19:37:18.6531194Z   allow-prereleases: false
2026-02-06T19:37:18.6531407Z   freethreaded: false
2026-02-06T19:37:18.6531604Z ##[endgroup]
2026-02-06T19:37:18.7762069Z ##[group]Installed versions
2026-02-06T19:37:18.8360616Z Successfully set up CPython (3.13.11)
2026-02-06T19:37:18.8361843Z ##[endgroup]
2026-02-06T19:37:18.8473308Z ##[group]Run pip install -r requirements.txt
2026-02-06T19:37:18.8473728Z [36;1mpip install -r requirements.txt[0m
2026-02-06T19:37:18.8593610Z shell: /usr/bin/bash -e {0}
2026-02-06T19:37:18.8593888Z env:
2026-02-06T19:37:18.8594153Z   pythonLocation: /opt/hostedtoolcache/Python/3.13.11/x64
2026-02-06T19:37:18.8594645Z   PKG_CONFIG_PATH: /opt/hostedtoolcache/Python/3.13.11/x64/lib/pkgconfig
2026-02-06T19:37:18.8595109Z   Python_ROOT_DIR: /opt/hostedtoolcache/Python/3.13.11/x64
2026-02-06T19:37:18.8595508Z   Python2_ROOT_DIR: /opt/hostedtoolcache/Python/3.13.11/x64
2026-02-06T19:37:18.8595933Z   Python3_ROOT_DIR: /opt/hostedtoolcache/Python/3.13.11/x64
2026-02-06T19:37:18.8596349Z   LD_LIBRARY_PATH: /opt/hostedtoolcache/Python/3.13.11/x64/lib
2026-02-06T19:37:18.8596686Z ##[endgroup]
2026-02-06T19:37:21.4328033Z Collecting scratchattach>=2.1.15b0 (from -r requirements.txt (line 1))
2026-02-06T19:37:21.4978350Z   Downloading scratchattach-3.0.0b2-py3-none-any.whl.metadata (5.6 kB)
2026-02-06T19:37:21.5186373Z Collecting websocket-client (from scratchattach>=2.1.15b0->-r requirements.txt (line 1))
2026-02-06T19:37:21.5217895Z   Downloading websocket_client-1.9.0-py3-none-any.whl.metadata (8.3 kB)
2026-02-06T19:37:21.5459780Z Collecting requests (from scratchattach>=2.1.15b0->-r requirements.txt (line 1))
2026-02-06T19:37:21.5493633Z   Downloading requests-2.32.5-py3-none-any.whl.metadata (4.9 kB)
2026-02-06T19:37:21.5599930Z Collecting bs4 (from scratchattach>=2.1.15b0->-r requirements.txt (line 1))
2026-02-06T19:37:21.5634045Z   Downloading bs4-0.0.2-py2.py3-none-any.whl.metadata (411 bytes)
2026-02-06T19:37:21.5735419Z Collecting SimpleWebSocketServer (from scratchattach>=2.1.15b0->-r requirements.txt (line 1))
2026-02-06T19:37:21.5782212Z   Downloading SimpleWebSocketServer-0.1.2.tar.gz (10 kB)
2026-02-06T19:37:21.5858539Z   Installing build dependencies: started
2026-02-06T19:37:22.8264744Z   Installing build dependencies: finished with status 'done'
2026-02-06T19:37:22.8270825Z   Getting requirements to build wheel: started
2026-02-06T19:37:23.2276155Z   Getting requirements to build wheel: finished with status 'done'
2026-02-06T19:37:23.2286265Z   Preparing metadata (pyproject.toml): started
2026-02-06T19:37:23.4226923Z   Preparing metadata (pyproject.toml): finished with status 'done'
2026-02-06T19:37:23.4413277Z Collecting typing-extensions (from scratchattach>=2.1.15b0->-r requirements.txt (line 1))
2026-02-06T19:37:23.4445482Z   Downloading typing_extensions-4.15.0-py3-none-any.whl.metadata (3.3 kB)
2026-02-06T19:37:23.4594924Z Collecting browser_cookie3 (from scratchattach>=2.1.15b0->-r requirements.txt (line 1))
2026-02-06T19:37:23.4638683Z   Downloading browser_cookie3-0.20.1-py3-none-any.whl.metadata (713 bytes)
2026-02-06T19:37:23.9181487Z Collecting aiohttp (from scratchattach>=2.1.15b0->-r requirements.txt (line 1))
2026-02-06T19:37:23.9217719Z   Downloading aiohttp-3.13.3-cp313-cp313-manylinux2014_x86_64.manylinux_2_17_x86_64.manylinux_2_28_x86_64.whl.metadata (8.1 kB)
2026-02-06T19:37:23.9594445Z Collecting rich (from scratchattach>=2.1.15b0->-r requirements.txt (line 1))
2026-02-06T19:37:23.9631730Z   Downloading rich-14.3.2-py3-none-any.whl.metadata (18 kB)
2026-02-06T19:37:23.9783450Z Collecting aiohappyeyeballs>=2.5.0 (from aiohttp->scratchattach>=2.1.15b0->-r requirements.txt (line 1))
2026-02-06T19:37:23.9822302Z   Downloading aiohappyeyeballs-2.6.1-py3-none-any.whl.metadata (5.9 kB)
2026-02-06T19:37:24.0016425Z Collecting aiosignal>=1.4.0 (from aiohttp->scratchattach>=2.1.15b0->-r requirements.txt (line 1))
2026-02-06T19:37:24.0058608Z   Downloading aiosignal-1.4.0-py3-none-any.whl.metadata (3.7 kB)
2026-02-06T19:37:24.0192818Z Collecting attrs>=17.3.0 (from aiohttp->scratchattach>=2.1.15b0->-r requirements.txt (line 1))
2026-02-06T19:37:24.0225241Z   Downloading attrs-25.4.0-py3-none-any.whl.metadata (10 kB)
2026-02-06T19:37:24.0871756Z Collecting frozenlist>=1.1.1 (from aiohttp->scratchattach>=2.1.15b0->-r requirements.txt (line 1))
2026-02-06T19:37:24.0907358Z   Downloading frozenlist-1.8.0-cp313-cp313-manylinux1_x86_64.manylinux_2_28_x86_64.manylinux_2_5_x86_64.whl.metadata (20 kB)
2026-02-06T19:37:24.3105080Z Collecting multidict<7.0,>=4.5 (from aiohttp->scratchattach>=2.1.15b0->-r requirements.txt (line 1))
2026-02-06T19:37:24.3143081Z   Downloading multidict-6.7.1-cp313-cp313-manylinux2014_x86_64.manylinux_2_17_x86_64.manylinux_2_28_x86_64.whl.metadata (5.3 kB)
2026-02-06T19:37:24.3644747Z Collecting propcache>=0.2.0 (from aiohttp->scratchattach>=2.1.15b0->-r requirements.txt (line 1))
2026-02-06T19:37:24.3682778Z   Downloading propcache-0.4.1-cp313-cp313-manylinux2014_x86_64.manylinux_2_17_x86_64.manylinux_2_28_x86_64.whl.metadata (13 kB)
2026-02-06T19:37:24.5964148Z Collecting yarl<2.0,>=1.17.0 (from aiohttp->scratchattach>=2.1.15b0->-r requirements.txt (line 1))
2026-02-06T19:37:24.6004058Z   Downloading yarl-1.22.0-cp313-cp313-manylinux2014_x86_64.manylinux_2_17_x86_64.manylinux_2_28_x86_64.whl.metadata (75 kB)
2026-02-06T19:37:24.6208033Z Collecting idna>=2.0 (from yarl<2.0,>=1.17.0->aiohttp->scratchattach>=2.1.15b0->-r requirements.txt (line 1))
2026-02-06T19:37:24.6245311Z   Downloading idna-3.11-py3-none-any.whl.metadata (8.4 kB)
2026-02-06T19:37:24.6873731Z Collecting lz4 (from browser_cookie3->scratchattach>=2.1.15b0->-r requirements.txt (line 1))
2026-02-06T19:37:24.6907204Z   Downloading lz4-4.4.5-cp313-cp313-manylinux2014_x86_64.manylinux_2_17_x86_64.manylinux_2_28_x86_64.whl.metadata (3.8 kB)
2026-02-06T19:37:24.7621003Z Collecting pycryptodomex (from browser_cookie3->scratchattach>=2.1.15b0->-r requirements.txt (line 1))
2026-02-06T19:37:24.7663010Z   Downloading pycryptodomex-3.23.0-cp37-abi3-manylinux_2_17_x86_64.manylinux2014_x86_64.whl.metadata (3.4 kB)
2026-02-06T19:37:24.8200866Z Collecting jeepney (from browser_cookie3->scratchattach>=2.1.15b0->-r requirements.txt (line 1))
2026-02-06T19:37:24.8257663Z   Downloading jeepney-0.9.0-py3-none-any.whl.metadata (1.2 kB)
2026-02-06T19:37:24.8424477Z Collecting beautifulsoup4 (from bs4->scratchattach>=2.1.15b0->-r requirements.txt (line 1))
2026-02-06T19:37:24.8461072Z   Downloading beautifulsoup4-4.14.3-py3-none-any.whl.metadata (3.8 kB)
2026-02-06T19:37:24.8623627Z Collecting soupsieve>=1.6.1 (from beautifulsoup4->bs4->scratchattach>=2.1.15b0->-r requirements.txt (line 1))
2026-02-06T19:37:24.8747170Z   Downloading soupsieve-2.8.3-py3-none-any.whl.metadata (4.6 kB)
2026-02-06T19:37:24.9516938Z Collecting charset_normalizer<4,>=2 (from requests->scratchattach>=2.1.15b0->-r requirements.txt (line 1))
2026-02-06T19:37:24.9652562Z   Downloading charset_normalizer-3.4.4-cp313-cp313-manylinux2014_x86_64.manylinux_2_17_x86_64.manylinux_2_28_x86_64.whl.metadata (37 kB)
2026-02-06T19:37:24.9924397Z Collecting urllib3<3,>=1.21.1 (from requests->scratchattach>=2.1.15b0->-r requirements.txt (line 1))
2026-02-06T19:37:24.9963284Z   Downloading urllib3-2.6.3-py3-none-any.whl.metadata (6.9 kB)
2026-02-06T19:37:25.0144573Z Collecting certifi>=2017.4.17 (from requests->scratchattach>=2.1.15b0->-r requirements.txt (line 1))
2026-02-06T19:37:25.0226440Z   Downloading certifi-2026.1.4-py3-none-any.whl.metadata (2.5 kB)
2026-02-06T19:37:25.0381853Z Collecting markdown-it-py>=2.2.0 (from rich->scratchattach>=2.1.15b0->-r requirements.txt (line 1))
2026-02-06T19:37:25.0414921Z   Downloading markdown_it_py-4.0.0-py3-none-any.whl.metadata (7.3 kB)
2026-02-06T19:37:25.0609485Z Collecting pygments<3.0.0,>=2.13.0 (from rich->scratchattach>=2.1.15b0->-r requirements.txt (line 1))
2026-02-06T19:37:25.0642708Z   Downloading pygments-2.19.2-py3-none-any.whl.metadata (2.5 kB)
2026-02-06T19:37:25.0753807Z Collecting mdurl~=0.1 (from markdown-it-py>=2.2.0->rich->scratchattach>=2.1.15b0->-r requirements.txt (line 1))
2026-02-06T19:37:25.0785068Z   Downloading mdurl-0.1.2-py3-none-any.whl.metadata (1.6 kB)
2026-02-06T19:37:25.0878348Z Downloading scratchattach-3.0.0b2-py3-none-any.whl (171 kB)
2026-02-06T19:37:25.0949089Z Downloading aiohttp-3.13.3-cp313-cp313-manylinux2014_x86_64.manylinux_2_17_x86_64.manylinux_2_28_x86_64.whl (1.7 MB)
2026-02-06T19:37:25.1071259Z    ━━━━━━━━━━━━━━━━━━━━━━━━━━━━━━━━━━━━━━━━ 1.7/1.7 MB 162.5 MB/s  0:00:00
2026-02-06T19:37:25.1122051Z Downloading multidict-6.7.1-cp313-cp313-manylinux2014_x86_64.manylinux_2_17_x86_64.manylinux_2_28_x86_64.whl (254 kB)
2026-02-06T19:37:25.1188320Z Downloading yarl-1.22.0-cp313-cp313-manylinux2014_x86_64.manylinux_2_17_x86_64.manylinux_2_28_x86_64.whl (377 kB)
2026-02-06T19:37:25.1289126Z Downloading aiohappyeyeballs-2.6.1-py3-none-any.whl (15 kB)
2026-02-06T19:37:25.1389422Z Downloading aiosignal-1.4.0-py3-none-any.whl (7.5 kB)
2026-02-06T19:37:25.1450566Z Downloading attrs-25.4.0-py3-none-any.whl (67 kB)
2026-02-06T19:37:25.1508301Z Downloading frozenlist-1.8.0-cp313-cp313-manylinux1_x86_64.manylinux_2_28_x86_64.manylinux_2_5_x86_64.whl (234 kB)
2026-02-06T19:37:25.1621142Z Downloading idna-3.11-py3-none-any.whl (71 kB)
2026-02-06T19:37:25.1677686Z Downloading propcache-0.4.1-cp313-cp313-manylinux2014_x86_64.manylinux_2_17_x86_64.manylinux_2_28_x86_64.whl (204 kB)
2026-02-06T19:37:25.1754892Z Downloading browser_cookie3-0.20.1-py3-none-any.whl (17 kB)
2026-02-06T19:37:25.1835214Z Downloading bs4-0.0.2-py2.py3-none-any.whl (1.2 kB)
2026-02-06T19:37:25.1886787Z Downloading beautifulsoup4-4.14.3-py3-none-any.whl (107 kB)
2026-02-06T19:37:25.1991261Z Downloading soupsieve-2.8.3-py3-none-any.whl (37 kB)
2026-02-06T19:37:25.2046684Z Downloading typing_extensions-4.15.0-py3-none-any.whl (44 kB)
2026-02-06T19:37:25.2100531Z Downloading jeepney-0.9.0-py3-none-any.whl (49 kB)
2026-02-06T19:37:25.2154991Z Downloading lz4-4.4.5-cp313-cp313-manylinux2014_x86_64.manylinux_2_17_x86_64.manylinux_2_28_x86_64.whl (1.4 MB)
2026-02-06T19:37:25.2358345Z    ━━━━━━━━━━━━━━━━━━━━━━━━━━━━━━━━━━━━━━━━ 1.4/1.4 MB 67.5 MB/s  0:00:00
2026-02-06T19:37:25.2391881Z Downloading pycryptodomex-3.23.0-cp37-abi3-manylinux_2_17_x86_64.manylinux2014_x86_64.whl (2.3 MB)
2026-02-06T19:37:25.2550281Z    ━━━━━━━━━━━━━━━━━━━━━━━━━━━━━━━━━━━━━━━━ 2.3/2.3 MB 148.9 MB/s  0:00:00
2026-02-06T19:37:25.2586577Z Downloading requests-2.32.5-py3-none-any.whl (64 kB)
2026-02-06T19:37:25.2642298Z Downloading charset_normalizer-3.4.4-cp313-cp313-manylinux2014_x86_64.manylinux_2_17_x86_64.manylinux_2_28_x86_64.whl (153 kB)
2026-02-06T19:37:25.2713225Z Downloading urllib3-2.6.3-py3-none-any.whl (131 kB)
2026-02-06T19:37:25.2778567Z Downloading certifi-2026.1.4-py3-none-any.whl (152 kB)
2026-02-06T19:37:25.2864659Z Downloading rich-14.3.2-py3-none-any.whl (309 kB)
2026-02-06T19:37:25.3098991Z Downloading pygments-2.19.2-py3-none-any.whl (1.2 MB)
2026-02-06T19:37:25.3195543Z    ━━━━━━━━━━━━━━━━━━━━━━━━━━━━━━━━━━━━━━━━ 1.2/1.2 MB 133.1 MB/s  0:00:00
2026-02-06T19:37:25.3230415Z Downloading markdown_it_py-4.0.0-py3-none-any.whl (87 kB)
2026-02-06T19:37:25.3296033Z Downloading mdurl-0.1.2-py3-none-any.whl (10.0 kB)
2026-02-06T19:37:25.3356647Z Downloading websocket_client-1.9.0-py3-none-any.whl (82 kB)
2026-02-06T19:37:25.3686219Z Building wheels for collected packages: SimpleWebSocketServer
2026-02-06T19:37:25.3694761Z   Building wheel for SimpleWebSocketServer (pyproject.toml): started
2026-02-06T19:37:25.5907061Z   Building wheel for SimpleWebSocketServer (pyproject.toml): finished with status 'done'
2026-02-06T19:37:25.5912647Z   Created wheel for SimpleWebSocketServer: filename=simplewebsocketserver-0.1.2-py3-none-any.whl size=9716 sha256=97725c18a19831eb10975d898e216622200c5081998a097e55b80b405fc5a9c7
2026-02-06T19:37:25.5914239Z   Stored in directory: /home/runner/.cache/pip/wheels/c4/5b/e8/4f2c15a82edc4923058056f6681373168be02a0c00389a6dcf
2026-02-06T19:37:25.5931937Z Successfully built SimpleWebSocketServer
2026-02-06T19:37:25.6384298Z Installing collected packages: SimpleWebSocketServer, websocket-client, urllib3, typing-extensions, soupsieve, pygments, pycryptodomex, propcache, multidict, mdurl, lz4, jeepney, idna, frozenlist, charset_normalizer, certifi, attrs, aiohappyeyeballs, yarl, requests, markdown-it-py, browser_cookie3, beautifulsoup4, aiosignal, rich, bs4, aiohttp, scratchattach
2026-02-06T19:37:28.0883080Z 
2026-02-06T19:37:28.0919548Z Successfully installed SimpleWebSocketServer-0.1.2 aiohappyeyeballs-2.6.1 aiohttp-3.13.3 aiosignal-1.4.0 attrs-25.4.0 beautifulsoup4-4.14.3 browser_cookie3-0.20.1 bs4-0.0.2 certifi-2026.1.4 charset_normalizer-3.4.4 frozenlist-1.8.0 idna-3.11 jeepney-0.9.0 lz4-4.4.5 markdown-it-py-4.0.0 mdurl-0.1.2 multidict-6.7.1 propcache-0.4.1 pycryptodomex-3.23.0 pygments-2.19.2 requests-2.32.5 rich-14.3.2 scratchattach-3.0.0b2 soupsieve-2.8.3 typing-extensions-4.15.0 urllib3-2.6.3 websocket-client-1.9.0 yarl-1.22.0
2026-02-06T19:37:28.1940891Z 
2026-02-06T19:37:28.1943293Z [notice] A new release of pip is available: 26.0 -> 26.0.1
2026-02-06T19:37:28.1943833Z [notice] To update, run: pip install --upgrade pip
2026-02-06T19:37:28.5519786Z ##[group]Run actions/checkout@v6.0.2
2026-02-06T19:37:28.5520065Z with:
2026-02-06T19:37:28.5520232Z   ref: main
2026-02-06T19:37:28.5520418Z   repository: Boss-1s/scratchattach
2026-02-06T19:37:28.5520774Z   token: ***
2026-02-06T19:37:28.5520967Z   ssh-strict: true
2026-02-06T19:37:28.5521150Z   ssh-user: git
2026-02-06T19:37:28.5521337Z   persist-credentials: true
2026-02-06T19:37:28.5521566Z   clean: true
2026-02-06T19:37:28.5521759Z   sparse-checkout-cone-mode: true
2026-02-06T19:37:28.5521991Z   fetch-depth: 1
2026-02-06T19:37:28.5522177Z   fetch-tags: false
2026-02-06T19:37:28.5522368Z   show-progress: true
2026-02-06T19:37:28.5522552Z   lfs: false
2026-02-06T19:37:28.5522725Z   submodules: false
2026-02-06T19:37:28.5522914Z   set-safe-directory: true
2026-02-06T19:37:28.5523121Z env:
2026-02-06T19:37:28.5523354Z   pythonLocation: /opt/hostedtoolcache/Python/3.13.11/x64
2026-02-06T19:37:28.5523754Z   PKG_CONFIG_PATH: /opt/hostedtoolcache/Python/3.13.11/x64/lib/pkgconfig
2026-02-06T19:37:28.5524194Z   Python_ROOT_DIR: /opt/hostedtoolcache/Python/3.13.11/x64
2026-02-06T19:37:28.5524547Z   Python2_ROOT_DIR: /opt/hostedtoolcache/Python/3.13.11/x64
2026-02-06T19:37:28.5524903Z   Python3_ROOT_DIR: /opt/hostedtoolcache/Python/3.13.11/x64
2026-02-06T19:37:28.5525271Z   LD_LIBRARY_PATH: /opt/hostedtoolcache/Python/3.13.11/x64/lib
2026-02-06T19:37:28.5525569Z ##[endgroup]
2026-02-06T19:37:28.6312837Z Syncing repository: Boss-1s/scratchattach
2026-02-06T19:37:28.6314825Z ##[group]Getting Git version info
2026-02-06T19:37:28.6315435Z Working directory is '/home/runner/work/scratchattach/scratchattach'
2026-02-06T19:37:28.6353348Z [command]/usr/bin/git version
2026-02-06T19:37:28.6391232Z git version 2.52.0
2026-02-06T19:37:28.6414882Z ##[endgroup]
2026-02-06T19:37:28.6429445Z Temporarily overriding HOME='/home/runner/work/_temp/9d7b7b08-e683-461e-9464-5a19e53a63af' before making global git config changes
2026-02-06T19:37:28.6430789Z Adding repository directory to the temporary git global config as a safe directory
2026-02-06T19:37:28.6435478Z [command]/usr/bin/git config --global --add safe.directory /home/runner/work/scratchattach/scratchattach
2026-02-06T19:37:28.6478330Z [command]/usr/bin/git config --local --get remote.origin.url
2026-02-06T19:37:28.6501465Z https://github.com/Boss-1s/scratchattach
2026-02-06T19:37:28.6515562Z ##[group]Removing previously created refs, to avoid conflicts
2026-02-06T19:37:28.6520056Z [command]/usr/bin/git rev-parse --symbolic-full-name --verify --quiet HEAD
2026-02-06T19:37:28.6542605Z refs/heads/main
2026-02-06T19:37:28.6553073Z [command]/usr/bin/git checkout --detach
2026-02-06T19:37:29.0647914Z HEAD is now at f56f4c5 [BOT] Download Logs
2026-02-06T19:37:29.0705926Z [command]/usr/bin/git branch --delete --force main
2026-02-06T19:37:29.0735751Z Deleted branch main (was f56f4c5).
2026-02-06T19:37:29.0777873Z ##[endgroup]
2026-02-06T19:37:29.0783223Z [command]/usr/bin/git submodule status
2026-02-06T19:37:29.1040385Z ##[group]Cleaning the repository
2026-02-06T19:37:29.1045653Z [command]/usr/bin/git clean -ffdx
2026-02-06T19:37:29.1108394Z [command]/usr/bin/git reset --hard HEAD
2026-02-06T19:37:29.1234933Z HEAD is now at f56f4c5 [BOT] Download Logs
2026-02-06T19:37:29.1240834Z ##[endgroup]
2026-02-06T19:37:29.1243634Z ##[group]Disabling automatic garbage collection
2026-02-06T19:37:29.1248932Z [command]/usr/bin/git config --local gc.auto 0
2026-02-06T19:37:29.1278810Z ##[endgroup]
2026-02-06T19:37:29.1279164Z ##[group]Setting up auth
2026-02-06T19:37:29.1280933Z Removing SSH command configuration
2026-02-06T19:37:29.1286730Z [command]/usr/bin/git config --local --name-only --get-regexp core\.sshCommand
2026-02-06T19:37:29.1321382Z [command]/usr/bin/git submodule foreach --recursive sh -c "git config --local --name-only --get-regexp 'core\.sshCommand' && git config --local --unset-all 'core.sshCommand' || :"
2026-02-06T19:37:29.1555037Z Removing HTTP extra header
2026-02-06T19:37:29.1561247Z [command]/usr/bin/git config --local --name-only --get-regexp http\.https\:\/\/github\.com\/\.extraheader
2026-02-06T19:37:29.1594187Z [command]/usr/bin/git submodule foreach --recursive sh -c "git config --local --name-only --get-regexp 'http\.https\:\/\/github\.com\/\.extraheader' && git config --local --unset-all 'http.https://github.com/.extraheader' || :"
2026-02-06T19:37:29.1822297Z Removing includeIf entries pointing to credentials config files
2026-02-06T19:37:29.1829644Z [command]/usr/bin/git config --local --name-only --get-regexp ^includeIf\.gitdir:
2026-02-06T19:37:29.1891162Z includeif.gitdir:/home/runner/work/scratchattach/scratchattach/.git.path
2026-02-06T19:37:29.1892124Z includeif.gitdir:/home/runner/work/scratchattach/scratchattach/.git/worktrees/*.path
2026-02-06T19:37:29.1892889Z includeif.gitdir:/github/workspace/.git.path
2026-02-06T19:37:29.1893408Z includeif.gitdir:/github/workspace/.git/worktrees/*.path
2026-02-06T19:37:29.1900938Z [command]/usr/bin/git config --local --get-all includeif.gitdir:/home/runner/work/scratchattach/scratchattach/.git.path
2026-02-06T19:37:29.1924102Z /home/runner/work/_temp/git-credentials-386f8cb6-f262-4aa5-a108-cc7a6f30c3c2.config
2026-02-06T19:37:29.1936135Z [command]/usr/bin/git config --local --unset includeif.gitdir:/home/runner/work/scratchattach/scratchattach/.git.path /home/runner/work/_temp/git-credentials-386f8cb6-f262-4aa5-a108-cc7a6f30c3c2.config
2026-02-06T19:37:29.1970958Z [command]/usr/bin/git config --local --get-all includeif.gitdir:/home/runner/work/scratchattach/scratchattach/.git/worktrees/*.path
2026-02-06T19:37:29.1993800Z /home/runner/work/_temp/git-credentials-386f8cb6-f262-4aa5-a108-cc7a6f30c3c2.config
2026-02-06T19:37:29.2002509Z [command]/usr/bin/git config --local --unset includeif.gitdir:/home/runner/work/scratchattach/scratchattach/.git/worktrees/*.path /home/runner/work/_temp/git-credentials-386f8cb6-f262-4aa5-a108-cc7a6f30c3c2.config
2026-02-06T19:37:29.2034009Z [command]/usr/bin/git config --local --get-all includeif.gitdir:/github/workspace/.git.path
2026-02-06T19:37:29.2056727Z /github/runner_temp/git-credentials-386f8cb6-f262-4aa5-a108-cc7a6f30c3c2.config
2026-02-06T19:37:29.2067852Z [command]/usr/bin/git config --local --unset includeif.gitdir:/github/workspace/.git.path /github/runner_temp/git-credentials-386f8cb6-f262-4aa5-a108-cc7a6f30c3c2.config
2026-02-06T19:37:29.2101672Z [command]/usr/bin/git config --local --get-all includeif.gitdir:/github/workspace/.git/worktrees/*.path
2026-02-06T19:37:29.2123794Z /github/runner_temp/git-credentials-386f8cb6-f262-4aa5-a108-cc7a6f30c3c2.config
2026-02-06T19:37:29.2133144Z [command]/usr/bin/git config --local --unset includeif.gitdir:/github/workspace/.git/worktrees/*.path /github/runner_temp/git-credentials-386f8cb6-f262-4aa5-a108-cc7a6f30c3c2.config
2026-02-06T19:37:29.2170716Z [command]/usr/bin/git submodule foreach --recursive git config --local --show-origin --name-only --get-regexp remote.origin.url
2026-02-06T19:37:29.2400707Z Removing credentials config '/home/runner/work/_temp/git-credentials-386f8cb6-f262-4aa5-a108-cc7a6f30c3c2.config'
2026-02-06T19:37:29.2416285Z [command]/usr/bin/git config --file /home/runner/work/_temp/git-credentials-f8c6aecd-2836-41c8-81dc-dc889cb9b5ba.config http.https://github.com/.extraheader AUTHORIZATION: basic ***
2026-02-06T19:37:29.2455805Z [command]/usr/bin/git config --local includeIf.gitdir:/home/runner/work/scratchattach/scratchattach/.git.path /home/runner/work/_temp/git-credentials-f8c6aecd-2836-41c8-81dc-dc889cb9b5ba.config
2026-02-06T19:37:29.2485693Z [command]/usr/bin/git config --local includeIf.gitdir:/home/runner/work/scratchattach/scratchattach/.git/worktrees/*.path /home/runner/work/_temp/git-credentials-f8c6aecd-2836-41c8-81dc-dc889cb9b5ba.config
2026-02-06T19:37:29.2520082Z [command]/usr/bin/git config --local includeIf.gitdir:/github/workspace/.git.path /github/runner_temp/git-credentials-f8c6aecd-2836-41c8-81dc-dc889cb9b5ba.config
2026-02-06T19:37:29.2551002Z [command]/usr/bin/git config --local includeIf.gitdir:/github/workspace/.git/worktrees/*.path /github/runner_temp/git-credentials-f8c6aecd-2836-41c8-81dc-dc889cb9b5ba.config
2026-02-06T19:37:29.2576414Z ##[endgroup]
2026-02-06T19:37:29.2576927Z ##[group]Fetching the repository
2026-02-06T19:37:29.2587694Z [command]/usr/bin/git -c protocol.version=2 fetch --no-tags --prune --no-recurse-submodules --depth=1 origin +refs/heads/main*:refs/remotes/origin/main* +refs/tags/main*:refs/tags/main*
2026-02-06T19:37:29.4664360Z ##[endgroup]
2026-02-06T19:37:29.4664796Z ##[group]Determining the checkout info
2026-02-06T19:37:29.4672220Z [command]/usr/bin/git branch --list --remote origin/main
2026-02-06T19:37:29.4701395Z   origin/main
2026-02-06T19:37:29.4706470Z ##[endgroup]
2026-02-06T19:37:29.4712002Z [command]/usr/bin/git sparse-checkout disable
2026-02-06T19:37:29.4785544Z [command]/usr/bin/git config --local --unset-all extensions.worktreeConfig
2026-02-06T19:37:29.4823275Z ##[group]Checking out the ref
2026-02-06T19:37:29.4828823Z [command]/usr/bin/git checkout --progress --force -B main refs/remotes/origin/main
2026-02-06T19:37:29.4922227Z Switched to a new branch 'main'
2026-02-06T19:37:29.4923359Z branch 'main' set up to track 'origin/main'.
2026-02-06T19:37:29.4930445Z ##[endgroup]
2026-02-06T19:37:29.4972523Z [command]/usr/bin/git log -1 --format=%H
2026-02-06T19:37:29.4997491Z f56f4c5392f4a1e5ceab18a47d448aaa508b50df
2026-02-06T19:37:29.5121617Z ##[group]Run timeout 358m python3 message_viewer.py || { [[ $? -eq 124 ]] && exit 0; }
2026-02-06T19:37:29.5122224Z [36;1mtimeout 358m python3 message_viewer.py || { [[ $? -eq 124 ]] && exit 0; }[0m
2026-02-06T19:37:29.5156494Z shell: /usr/bin/bash -e {0}
2026-02-06T19:37:29.5156734Z env:
2026-02-06T19:37:29.5156979Z   pythonLocation: /opt/hostedtoolcache/Python/3.13.11/x64
2026-02-06T19:37:29.5157404Z   PKG_CONFIG_PATH: /opt/hostedtoolcache/Python/3.13.11/x64/lib/pkgconfig
2026-02-06T19:37:29.5157819Z   Python_ROOT_DIR: /opt/hostedtoolcache/Python/3.13.11/x64
2026-02-06T19:37:29.5158337Z   Python2_ROOT_DIR: /opt/hostedtoolcache/Python/3.13.11/x64
2026-02-06T19:37:29.5158715Z   Python3_ROOT_DIR: /opt/hostedtoolcache/Python/3.13.11/x64
2026-02-06T19:37:29.5159087Z   LD_LIBRARY_PATH: /opt/hostedtoolcache/Python/3.13.11/x64/lib
2026-02-06T19:37:29.5159520Z   PASS: ***
2026-02-06T19:37:29.5159688Z ##[endgroup]
2026-02-06T19:37:30.8099191Z Traceback (most recent call last):
2026-02-06T19:37:30.8112313Z   File "/opt/hostedtoolcache/Python/3.13.11/x64/lib/python3.13/site-packages/scratchattach/site/session.py", line 1258, in login
2026-02-06T19:37:30.8113398Z     result = re.search('"(.*)"', request.headers["Set-Cookie"])
2026-02-06T19:37:30.8113916Z                                  ~~~~~~~~~~~~~~~^^^^^^^^^^^^^^
2026-02-06T19:37:30.8114834Z   File "/opt/hostedtoolcache/Python/3.13.11/x64/lib/python3.13/site-packages/requests/structures.py", line 52, in __getitem__
2026-02-06T19:37:30.8115707Z     return self._store[key.lower()][1]
2026-02-06T19:37:30.8116069Z            ~~~~~~~~~~~^^^^^^^^^^^^^
2026-02-06T19:37:30.8116408Z KeyError: 'set-cookie'
2026-02-06T19:37:30.8116613Z 
2026-02-06T19:37:30.8116871Z During handling of the above exception, another exception occurred:
2026-02-06T19:37:30.8117292Z 
2026-02-06T19:37:30.8117446Z Traceback (most recent call last):
2026-02-06T19:37:30.8118359Z   File "/home/runner/work/scratchattach/scratchattach/message_viewer.py", line 18, in <module>
2026-02-06T19:37:30.8119521Z     session = scratch3.login("Boss_1sALT", passwrd)
2026-02-06T19:37:30.8120452Z   File "/opt/hostedtoolcache/Python/3.13.11/x64/lib/python3.13/site-packages/scratchattach/site/session.py", line 1262, in login
2026-02-06T19:37:30.8121310Z     raise exceptions.LoginFailure(
2026-02-06T19:37:30.8122938Z         "Either the provided authentication data is wrong or your network is banned from Scratch.\n\nIf you're using an online IDE (like replit.com) Scratch possibly banned its IP address. In this case, try logging in with your session id: https://github.com/TimMcCool/scratchattach/wiki#logging-in")
2026-02-06T19:37:30.8125156Z scratchattach.utils.exceptions.LoginFailure: Either the provided authentication data is wrong or your network is banned from Scratch.
2026-02-06T19:37:30.8125942Z 
2026-02-06T19:37:30.8126823Z If you're using an online IDE (like replit.com) Scratch possibly banned its IP address. In this case, try logging in with your session id: https://github.com/TimMcCool/scratchattach/wiki#logging-in
2026-02-06T19:37:30.8693622Z ##[error]Process completed with exit code 1.
2026-02-06T19:37:30.8775400Z Post job cleanup.
2026-02-06T19:37:30.9570025Z [command]/usr/bin/git version
2026-02-06T19:37:30.9640046Z git version 2.52.0
2026-02-06T19:37:30.9680264Z Temporarily overriding HOME='/home/runner/work/_temp/5e9bde91-81d2-484f-96bb-07f788971861' before making global git config changes
2026-02-06T19:37:30.9681583Z Adding repository directory to the temporary git global config as a safe directory
2026-02-06T19:37:30.9686333Z [command]/usr/bin/git config --global --add safe.directory /home/runner/work/scratchattach/scratchattach
2026-02-06T19:37:30.9718294Z Removing SSH command configuration
2026-02-06T19:37:30.9724502Z [command]/usr/bin/git config --local --name-only --get-regexp core\.sshCommand
2026-02-06T19:37:30.9758766Z [command]/usr/bin/git submodule foreach --recursive sh -c "git config --local --name-only --get-regexp 'core\.sshCommand' && git config --local --unset-all 'core.sshCommand' || :"
2026-02-06T19:37:30.9994638Z Removing HTTP extra header
2026-02-06T19:37:31.0000941Z [command]/usr/bin/git config --local --name-only --get-regexp http\.https\:\/\/github\.com\/\.extraheader
2026-02-06T19:37:31.0035629Z [command]/usr/bin/git submodule foreach --recursive sh -c "git config --local --name-only --get-regexp 'http\.https\:\/\/github\.com\/\.extraheader' && git config --local --unset-all 'http.https://github.com/.extraheader' || :"
2026-02-06T19:37:31.0266829Z Removing includeIf entries pointing to credentials config files
2026-02-06T19:37:31.0274727Z [command]/usr/bin/git config --local --name-only --get-regexp ^includeIf\.gitdir:
2026-02-06T19:37:31.0299949Z includeif.gitdir:/home/runner/work/scratchattach/scratchattach/.git.path
2026-02-06T19:37:31.0300884Z includeif.gitdir:/home/runner/work/scratchattach/scratchattach/.git/worktrees/*.path
2026-02-06T19:37:31.0301397Z includeif.gitdir:/github/workspace/.git.path
2026-02-06T19:37:31.0301797Z includeif.gitdir:/github/workspace/.git/worktrees/*.path
2026-02-06T19:37:31.0311108Z [command]/usr/bin/git config --local --get-all includeif.gitdir:/home/runner/work/scratchattach/scratchattach/.git.path
2026-02-06T19:37:31.0332511Z /home/runner/work/_temp/git-credentials-f8c6aecd-2836-41c8-81dc-dc889cb9b5ba.config
2026-02-06T19:37:31.0343197Z [command]/usr/bin/git config --local --unset includeif.gitdir:/home/runner/work/scratchattach/scratchattach/.git.path /home/runner/work/_temp/git-credentials-f8c6aecd-2836-41c8-81dc-dc889cb9b5ba.config
2026-02-06T19:37:31.0377632Z [command]/usr/bin/git config --local --get-all includeif.gitdir:/home/runner/work/scratchattach/scratchattach/.git/worktrees/*.path
2026-02-06T19:37:31.0399432Z /home/runner/work/_temp/git-credentials-f8c6aecd-2836-41c8-81dc-dc889cb9b5ba.config
2026-02-06T19:37:31.0408732Z [command]/usr/bin/git config --local --unset includeif.gitdir:/home/runner/work/scratchattach/scratchattach/.git/worktrees/*.path /home/runner/work/_temp/git-credentials-f8c6aecd-2836-41c8-81dc-dc889cb9b5ba.config
2026-02-06T19:37:31.0439630Z [command]/usr/bin/git config --local --get-all includeif.gitdir:/github/workspace/.git.path
2026-02-06T19:37:31.0460382Z /github/runner_temp/git-credentials-f8c6aecd-2836-41c8-81dc-dc889cb9b5ba.config
2026-02-06T19:37:31.0468297Z [command]/usr/bin/git config --local --unset includeif.gitdir:/github/workspace/.git.path /github/runner_temp/git-credentials-f8c6aecd-2836-41c8-81dc-dc889cb9b5ba.config
2026-02-06T19:37:31.0497219Z [command]/usr/bin/git config --local --get-all includeif.gitdir:/github/workspace/.git/worktrees/*.path
2026-02-06T19:37:31.0517247Z /github/runner_temp/git-credentials-f8c6aecd-2836-41c8-81dc-dc889cb9b5ba.config
2026-02-06T19:37:31.0527073Z [command]/usr/bin/git config --local --unset includeif.gitdir:/github/workspace/.git/worktrees/*.path /github/runner_temp/git-credentials-f8c6aecd-2836-41c8-81dc-dc889cb9b5ba.config
2026-02-06T19:37:31.0559712Z [command]/usr/bin/git submodule foreach --recursive git config --local --show-origin --name-only --get-regexp remote.origin.url
2026-02-06T19:37:31.0784441Z Removing credentials config '/home/runner/work/_temp/git-credentials-f8c6aecd-2836-41c8-81dc-dc889cb9b5ba.config'
2026-02-06T19:37:31.0945450Z Post job cleanup.
2026-02-06T19:37:31.1721331Z [command]/usr/bin/git version
2026-02-06T19:37:31.1790361Z git version 2.52.0
2026-02-06T19:37:31.1830792Z Temporarily overriding HOME='/home/runner/work/_temp/d5f2efdc-ded9-4b64-a481-9100f64087e0' before making global git config changes
2026-02-06T19:37:31.1832128Z Adding repository directory to the temporary git global config as a safe directory
2026-02-06T19:37:31.1837150Z [command]/usr/bin/git config --global --add safe.directory /home/runner/work/scratchattach/scratchattach
2026-02-06T19:37:31.1868570Z Removing SSH command configuration
2026-02-06T19:37:31.1875166Z [command]/usr/bin/git config --local --name-only --get-regexp core\.sshCommand
2026-02-06T19:37:31.1909151Z [command]/usr/bin/git submodule foreach --recursive sh -c "git config --local --name-only --get-regexp 'core\.sshCommand' && git config --local --unset-all 'core.sshCommand' || :"
2026-02-06T19:37:31.2141346Z Removing HTTP extra header
2026-02-06T19:37:31.2147215Z [command]/usr/bin/git config --local --name-only --get-regexp http\.https\:\/\/github\.com\/\.extraheader
2026-02-06T19:37:31.2183339Z [command]/usr/bin/git submodule foreach --recursive sh -c "git config --local --name-only --get-regexp 'http\.https\:\/\/github\.com\/\.extraheader' && git config --local --unset-all 'http.https://github.com/.extraheader' || :"
2026-02-06T19:37:31.2433754Z Removing includeIf entries pointing to credentials config files
2026-02-06T19:37:31.2439955Z [command]/usr/bin/git config --local --name-only --get-regexp ^includeIf\.gitdir:
2026-02-06T19:37:31.2475139Z [command]/usr/bin/git submodule foreach --recursive git config --local --show-origin --name-only --get-regexp remote.origin.url
2026-02-06T19:37:31.2851900Z Cleaning up orphan processes
