2026-02-02T02:34:04.7892011Z Current runner version: '2.331.0'
2026-02-02T02:34:04.7914828Z ##[group]Runner Image Provisioner
2026-02-02T02:34:04.7915600Z Hosted Compute Agent
2026-02-02T02:34:04.7916418Z Version: 20260123.484
2026-02-02T02:34:04.7917024Z Commit: 6bd6555ca37d84114959e1c76d2c01448ff61c5d
2026-02-02T02:34:04.7917680Z Build Date: 2026-01-23T19:41:17Z
2026-02-02T02:34:04.7918401Z Worker ID: {3283de45-61c4-4bb2-a228-d53a61dc0899}
2026-02-02T02:34:04.7919086Z Azure Region: westus
2026-02-02T02:34:04.7919616Z ##[endgroup]
2026-02-02T02:34:04.7921052Z ##[group]Operating System
2026-02-02T02:34:04.7921684Z Ubuntu
2026-02-02T02:34:04.7922129Z 24.04.3
2026-02-02T02:34:04.7922634Z LTS
2026-02-02T02:34:04.7923121Z ##[endgroup]
2026-02-02T02:34:04.7923632Z ##[group]Runner Image
2026-02-02T02:34:04.7924209Z Image: ubuntu-24.04
2026-02-02T02:34:04.7924722Z Version: 20260126.10.1
2026-02-02T02:34:04.7925877Z Included Software: https://github.com/actions/runner-images/blob/ubuntu24/20260126.10/images/ubuntu/Ubuntu2404-Readme.md
2026-02-02T02:34:04.7927769Z Image Release: https://github.com/actions/runner-images/releases/tag/ubuntu24%2F20260126.10
2026-02-02T02:34:04.7928699Z ##[endgroup]
2026-02-02T02:34:04.7930021Z ##[group]GITHUB_TOKEN Permissions
2026-02-02T02:34:04.7932090Z Actions: read
2026-02-02T02:34:04.7932644Z Contents: read
2026-02-02T02:34:04.7933263Z Metadata: read
2026-02-02T02:34:04.7933771Z Packages: read
2026-02-02T02:34:04.7934254Z SecurityEvents: write
2026-02-02T02:34:04.7934845Z ##[endgroup]
2026-02-02T02:34:04.7937329Z Secret source: Actions
2026-02-02T02:34:04.7938001Z Prepare workflow directory
2026-02-02T02:34:04.8453970Z Prepare all required actions
2026-02-02T02:34:04.8491136Z Getting action download info
2026-02-02T02:34:05.2603497Z Download action repository 'actions/checkout@v4' (SHA:34e114876b0b11c390a56381ad16ebd13914f8d5)
2026-02-02T02:34:05.6931313Z Download action repository 'github/codeql-action@v4' (SHA:b20883b0cd1f46c72ae0ba6d1090936928f9fa30)
2026-02-02T02:34:07.3879581Z Complete job name: Analyze (python)
2026-02-02T02:34:07.4595423Z ##[group]Run actions/checkout@v4
2026-02-02T02:34:07.4596853Z with:
2026-02-02T02:34:07.4597591Z   repository: Boss-1s/scratchattach
2026-02-02T02:34:07.4598795Z   token: ***
2026-02-02T02:34:07.4599494Z   ssh-strict: true
2026-02-02T02:34:07.4600242Z   ssh-user: git
2026-02-02T02:34:07.4600975Z   persist-credentials: true
2026-02-02T02:34:07.4601804Z   clean: true
2026-02-02T02:34:07.4602550Z   sparse-checkout-cone-mode: true
2026-02-02T02:34:07.4603455Z   fetch-depth: 1
2026-02-02T02:34:07.4604158Z   fetch-tags: false
2026-02-02T02:34:07.4604882Z   show-progress: true
2026-02-02T02:34:07.4605608Z   lfs: false
2026-02-02T02:34:07.4606414Z   submodules: false
2026-02-02T02:34:07.4607165Z   set-safe-directory: true
2026-02-02T02:34:07.4608222Z env:
2026-02-02T02:34:07.4608909Z   CODE_SCANNING_REF: refs/heads/main
2026-02-02T02:34:07.4609863Z   CODE_SCANNING_BASE_BRANCH: 
2026-02-02T02:34:07.4610839Z   CODE_SCANNING_IS_ANALYZING_DEFAULT_BRANCH: true
2026-02-02T02:34:07.4612091Z   CODE_SCANNING_IS_STEADY_STATE_DEFAULT_SETUP: true
2026-02-02T02:34:07.4632770Z   CODE_SCANNING_WORKFLOW_FILE: H4sIAAAAAAAA/6RV32/bNhB+919x8AakfZDzsicBBaY4cuLNsFNJQZcVBUFTJ5mLTKr8kVTt8r8PFKVYWuM5Q/1kHj9+vLvv40nQPYYwncsc36+mE2VF4EM/f/sGJTc7u53hAwoz46K2Rs+YzJFoRoXgoiTKCuLw8PQ0kSKEvBF0z9lkguIhnADMN5cxSefRer1cX5EkXryaGAvH+W+GiyiNyUUSrefXr2XaUo1kq6hgu5cYlymJ1tHq7k+3uIwX0e0q+583cE2ooFXz1S1yLKitzH/fmGZxdHlH0izK4udL0zi7vQnBKIvfnfmwSX5frDYfyGK5il+b16NU90UlH0nBq1ahyV9yq50sPl10fwG83pEPwRvHvadG8S+ziorS0tKdfdtClRU6cDo7UKHk/rd0s37ToZUVAtVbXzJAjWrPteZSaH8PAGWmXYJCmncxJoVBYcbBmrJ7WuI4qJFZxU0TtCXrEB4VNzjpSbiwGEgRoFJShVDQSvtNbRQ1WDZ9FgXlVVBQbYYg6GruQQBcsMrmeAgABNB3JOxrGewCMHePVE0I58/Al3Bby6s82MscQxBS4GjTtzGEs49Tu7XC2KCiBrWZfjo7kkrdmJ0UJzN5AfZDiWiDdSdt0JlovkN2L60BhbXU3EjVdJRWOzW7ZpyzDvfrwy+TEcFScMNpxb8i+JE0Ou4tf+5c/rkKPNk5F7zl8cBHbnYHyVqfa66Dey5yHYI7GfTv4xnVd0h7X39v/slL/RpAD+EhOMcaRY6CNQGjbMdF6Q/5vs5QPHAlxR6FgXfv4MwXF+ykNpifDYk+W1TcZTedwk9w6QdMG21A2/4NdO+g4GUIfw+E7AZSoNHYOhwpLFU5DgC4IqrAvT8dwsdXDhovCGlPwdMTfBqQmp1CatrmVC1lt9srnrq0oFbySwOFVKCw5Nq4ejsSnod++7QVtKHKBC34mCMO9IQpzFE4u3XCa2QKjZ5dLbPr2wuSxFfLNEuWcUpuks0fd0NJDo/viGPGtr5BVUi17zztZ63m+nRF3aA+VNN9V/3PfSPer3x25HqTZl0d7mHO2jbMpDWtYO2KOHMNyxgR3GySkwS1VMcJ5hGZx0m2XCznURafomKUMFSGF9wNq6Okt8kqPUVlVaUPBGPBD5NwoFQfdIf+CQAA//+2RVGDAgkAAA==
2026-02-02T02:34:07.4654238Z ##[endgroup]
2026-02-02T02:34:07.5753968Z Syncing repository: Boss-1s/scratchattach
2026-02-02T02:34:07.5756723Z ##[group]Getting Git version info
2026-02-02T02:34:07.5758114Z Working directory is '/home/runner/work/scratchattach/scratchattach'
2026-02-02T02:34:07.5760010Z [command]/usr/bin/git version
2026-02-02T02:34:07.6568985Z git version 2.52.0
2026-02-02T02:34:07.6596316Z ##[endgroup]
2026-02-02T02:34:07.6612349Z Temporarily overriding HOME='/home/runner/work/_temp/524c02ab-4d77-47fd-b666-c02d99f8addc' before making global git config changes
2026-02-02T02:34:07.6617274Z Adding repository directory to the temporary git global config as a safe directory
2026-02-02T02:34:07.6626502Z [command]/usr/bin/git config --global --add safe.directory /home/runner/work/scratchattach/scratchattach
2026-02-02T02:34:07.6700429Z Deleting the contents of '/home/runner/work/scratchattach/scratchattach'
2026-02-02T02:34:07.6703962Z ##[group]Initializing the repository
2026-02-02T02:34:07.6709177Z [command]/usr/bin/git init /home/runner/work/scratchattach/scratchattach
2026-02-02T02:34:07.7194930Z hint: Using 'master' as the name for the initial branch. This default branch name
2026-02-02T02:34:07.7197302Z hint: will change to "main" in Git 3.0. To configure the initial branch name
2026-02-02T02:34:07.7199070Z hint: to use in all of your new repositories, which will suppress this warning,
2026-02-02T02:34:07.7200415Z hint: call:
2026-02-02T02:34:07.7201051Z hint:
2026-02-02T02:34:07.7201898Z hint: 	git config --global init.defaultBranch <name>
2026-02-02T02:34:07.7203007Z hint:
2026-02-02T02:34:07.7204020Z hint: Names commonly chosen instead of 'master' are 'main', 'trunk' and
2026-02-02T02:34:07.7206516Z hint: 'development'. The just-created branch can be renamed via this command:
2026-02-02T02:34:07.7207953Z hint:
2026-02-02T02:34:07.7208634Z hint: 	git branch -m <name>
2026-02-02T02:34:07.7209456Z hint:
2026-02-02T02:34:07.7210551Z hint: Disable this message with "git config set advice.defaultBranchName false"
2026-02-02T02:34:07.7237698Z Initialized empty Git repository in /home/runner/work/scratchattach/scratchattach/.git/
2026-02-02T02:34:07.7250445Z [command]/usr/bin/git remote add origin https://github.com/Boss-1s/scratchattach
2026-02-02T02:34:07.7322298Z ##[endgroup]
2026-02-02T02:34:07.7324591Z ##[group]Disabling automatic garbage collection
2026-02-02T02:34:07.7326922Z [command]/usr/bin/git config --local gc.auto 0
2026-02-02T02:34:07.7355563Z ##[endgroup]
2026-02-02T02:34:07.7357940Z ##[group]Setting up auth
2026-02-02T02:34:07.7363193Z [command]/usr/bin/git config --local --name-only --get-regexp core\.sshCommand
2026-02-02T02:34:07.7395806Z [command]/usr/bin/git submodule foreach --recursive sh -c "git config --local --name-only --get-regexp 'core\.sshCommand' && git config --local --unset-all 'core.sshCommand' || :"
2026-02-02T02:34:07.9146665Z [command]/usr/bin/git config --local --name-only --get-regexp http\.https\:\/\/github\.com\/\.extraheader
2026-02-02T02:34:07.9179489Z [command]/usr/bin/git submodule foreach --recursive sh -c "git config --local --name-only --get-regexp 'http\.https\:\/\/github\.com\/\.extraheader' && git config --local --unset-all 'http.https://github.com/.extraheader' || :"
2026-02-02T02:34:07.9392259Z [command]/usr/bin/git config --local --name-only --get-regexp ^includeIf\.gitdir:
2026-02-02T02:34:07.9423622Z [command]/usr/bin/git submodule foreach --recursive git config --local --show-origin --name-only --get-regexp remote.origin.url
2026-02-02T02:34:07.9642342Z [command]/usr/bin/git config --local http.https://github.com/.extraheader AUTHORIZATION: basic ***
2026-02-02T02:34:07.9674945Z ##[endgroup]
2026-02-02T02:34:07.9677392Z ##[group]Fetching the repository
2026-02-02T02:34:07.9686729Z [command]/usr/bin/git -c protocol.version=2 fetch --no-tags --prune --no-recurse-submodules --depth=1 origin +b37ce1fe9f512a7e23e2efbe2571e6989968d202:refs/remotes/origin/main
2026-02-02T02:35:11.0006975Z From https://github.com/Boss-1s/scratchattach
2026-02-02T02:35:11.0007856Z  * [new ref]         b37ce1fe9f512a7e23e2efbe2571e6989968d202 -> origin/main
2026-02-02T02:35:11.0037222Z ##[endgroup]
2026-02-02T02:35:11.0037908Z ##[group]Determining the checkout info
2026-02-02T02:35:11.0039010Z ##[endgroup]
2026-02-02T02:35:11.0044738Z [command]/usr/bin/git sparse-checkout disable
2026-02-02T02:35:11.0130900Z [command]/usr/bin/git config --local --unset-all extensions.worktreeConfig
2026-02-02T02:35:11.0155512Z ##[group]Checking out the ref
2026-02-02T02:35:11.0160586Z [command]/usr/bin/git checkout --progress --force -B main refs/remotes/origin/main
2026-02-02T02:35:12.0780826Z Updating files:  76% (2611/3392)
2026-02-02T02:35:12.3882449Z Updating files:  77% (2612/3392)
2026-02-02T02:35:12.6775802Z Updating files:  78% (2646/3392)
2026-02-02T02:35:12.6824790Z Updating files:  79% (2680/3392)
2026-02-02T02:35:12.8770862Z Updating files:  80% (2714/3392)
2026-02-02T02:35:12.8801461Z Updating files:  81% (2748/3392)
2026-02-02T02:35:13.0705610Z Updating files:  82% (2782/3392)
2026-02-02T02:35:13.1042654Z Updating files:  82% (2812/3392)
2026-02-02T02:35:13.6555076Z Updating files:  83% (2816/3392)
2026-02-02T02:35:13.8709501Z Updating files:  84% (2850/3392)
2026-02-02T02:35:14.0345313Z Updating files:  85% (2884/3392)
2026-02-02T02:35:14.2445164Z Updating files:  85% (2897/3392)
2026-02-02T02:35:14.4082693Z Updating files:  86% (2918/3392)
2026-02-02T02:35:14.7147979Z Updating files:  87% (2952/3392)
2026-02-02T02:35:15.1524023Z Updating files:  88% (2985/3392)
2026-02-02T02:35:15.3918008Z Updating files:  88% (3004/3392)
2026-02-02T02:35:16.0412121Z Updating files:  89% (3019/3392)
2026-02-02T02:35:16.1362714Z Updating files:  89% (3049/3392)
2026-02-02T02:35:16.7006355Z Updating files:  90% (3053/3392)
2026-02-02T02:35:17.0324845Z Updating files:  91% (3087/3392)
2026-02-02T02:35:17.3082469Z Updating files:  91% (3107/3392)
2026-02-02T02:35:17.9134023Z Updating files:  92% (3121/3392)
2026-02-02T02:35:18.0280753Z Updating files:  93% (3155/3392)
2026-02-02T02:35:18.2947028Z Updating files:  93% (3164/3392)
2026-02-02T02:35:18.3114251Z Updating files:  94% (3189/3392)
2026-02-02T02:35:18.3328305Z Updating files:  95% (3223/3392)
2026-02-02T02:35:18.3506610Z Updating files:  96% (3257/3392)
2026-02-02T02:35:18.3568841Z Updating files:  97% (3291/3392)
2026-02-02T02:35:18.6174705Z Updating files:  98% (3325/3392)
2026-02-02T02:35:18.9705241Z Updating files:  99% (3359/3392)
2026-02-02T02:35:18.9705694Z Updating files: 100% (3392/3392)
2026-02-02T02:35:18.9706271Z Updating files: 100% (3392/3392), done.
2026-02-02T02:35:19.1997820Z Switched to a new branch 'main'
2026-02-02T02:35:19.2001785Z branch 'main' set up to track 'origin/main'.
2026-02-02T02:35:19.2187269Z ##[endgroup]
2026-02-02T02:35:19.2227732Z [command]/usr/bin/git log -1 --format=%H
2026-02-02T02:35:19.2250107Z b37ce1fe9f512a7e23e2efbe2571e6989968d202
2026-02-02T02:35:19.3524997Z ##[group]Run github/codeql-action/init@v4
2026-02-02T02:35:19.3525276Z with:
2026-02-02T02:35:19.3525457Z   analysis-kinds: code-scanning
2026-02-02T02:35:19.3525678Z   languages: python
2026-02-02T02:35:19.3525853Z   build-mode: none
2026-02-02T02:35:19.3526276Z   dependency-caching: true
2026-02-02T02:35:19.3526617Z   config: default-setup:
  org:
    model-packs: [  ]
threat-models: [  ]

2026-02-02T02:35:19.3527098Z   token: ***
2026-02-02T02:35:19.3527527Z   matrix: {
  "language": "python",
  "category": "/language:python",
  "build-mode": "none",
  "runner": "[\"ubuntu-latest\"]"
}
2026-02-02T02:35:19.3528020Z   debug: false
2026-02-02T02:35:19.3528184Z env:
2026-02-02T02:35:19.3528347Z   CODE_SCANNING_REF: refs/heads/main
2026-02-02T02:35:19.3528579Z   CODE_SCANNING_BASE_BRANCH: 
2026-02-02T02:35:19.3528826Z   CODE_SCANNING_IS_ANALYZING_DEFAULT_BRANCH: true
2026-02-02T02:35:19.3529123Z   CODE_SCANNING_IS_STEADY_STATE_DEFAULT_SETUP: true
2026-02-02T02:35:19.3535053Z   CODE_SCANNING_WORKFLOW_FILE: H4sIAAAAAAAA/6RV32/bNhB+919x8AakfZDzsicBBaY4cuLNsFNJQZcVBUFTJ5mLTKr8kVTt8r8PFKVYWuM5Q/1kHj9+vLvv40nQPYYwncsc36+mE2VF4EM/f/sGJTc7u53hAwoz46K2Rs+YzJFoRoXgoiTKCuLw8PQ0kSKEvBF0z9lkguIhnADMN5cxSefRer1cX5EkXryaGAvH+W+GiyiNyUUSrefXr2XaUo1kq6hgu5cYlymJ1tHq7k+3uIwX0e0q+583cE2ooFXz1S1yLKitzH/fmGZxdHlH0izK4udL0zi7vQnBKIvfnfmwSX5frDYfyGK5il+b16NU90UlH0nBq1ahyV9yq50sPl10fwG83pEPwRvHvadG8S+ziorS0tKdfdtClRU6cDo7UKHk/rd0s37ToZUVAtVbXzJAjWrPteZSaH8PAGWmXYJCmncxJoVBYcbBmrJ7WuI4qJFZxU0TtCXrEB4VNzjpSbiwGEgRoFJShVDQSvtNbRQ1WDZ9FgXlVVBQbYYg6GruQQBcsMrmeAgABNB3JOxrGewCMHePVE0I58/Al3Bby6s82MscQxBS4GjTtzGEs49Tu7XC2KCiBrWZfjo7kkrdmJ0UJzN5AfZDiWiDdSdt0JlovkN2L60BhbXU3EjVdJRWOzW7ZpyzDvfrwy+TEcFScMNpxb8i+JE0Ou4tf+5c/rkKPNk5F7zl8cBHbnYHyVqfa66Dey5yHYI7GfTv4xnVd0h7X39v/slL/RpAD+EhOMcaRY6CNQGjbMdF6Q/5vs5QPHAlxR6FgXfv4MwXF+ykNpifDYk+W1TcZTedwk9w6QdMG21A2/4NdO+g4GUIfw+E7AZSoNHYOhwpLFU5DgC4IqrAvT8dwsdXDhovCGlPwdMTfBqQmp1CatrmVC1lt9srnrq0oFbySwOFVKCw5Nq4ejsSnod++7QVtKHKBC34mCMO9IQpzFE4u3XCa2QKjZ5dLbPr2wuSxFfLNEuWcUpuks0fd0NJDo/viGPGtr5BVUi17zztZ63m+nRF3aA+VNN9V/3PfSPer3x25HqTZl0d7mHO2jbMpDWtYO2KOHMNyxgR3GySkwS1VMcJ5hGZx0m2XCznURafomKUMFSGF9wNq6Okt8kqPUVlVaUPBGPBD5NwoFQfdIf+CQAA//+2RVGDAgkAAA==
2026-02-02T02:35:19.3541120Z ##[endgroup]
2026-02-02T02:35:20.0830580Z Job run UUID is 19e0adea-06d2-4d89-99b3-390f17b283a7.
2026-02-02T02:35:20.6592530Z ##[group]Setup CodeQL tools
2026-02-02T02:35:20.6648360Z [command]/usr/bin/tar --version
2026-02-02T02:35:20.6690332Z tar (GNU tar) 1.35
2026-02-02T02:35:20.6690748Z Copyright (C) 2023 Free Software Foundation, Inc.
2026-02-02T02:35:20.6691477Z License GPLv3+: GNU GPL version 3 or later <https://gnu.org/licenses/gpl.html>.
2026-02-02T02:35:20.6692243Z This is free software: you are free to change and redistribute it.
2026-02-02T02:35:20.6692854Z There is NO WARRANTY, to the extent permitted by law.
2026-02-02T02:35:20.6693216Z 
2026-02-02T02:35:20.6693368Z Written by John Gilmore and Jay Fenlason.
2026-02-02T02:35:20.6702815Z Found gnu tar version 1.35.
2026-02-02T02:35:20.6835889Z Found CodeQL tools version 2.24.0 in the toolcache.
2026-02-02T02:35:20.6836755Z Using CodeQL CLI version 2.24.0 from toolcache at /opt/hostedtoolcache/CodeQL/2.24.0/x64
2026-02-02T02:35:22.9676353Z [command]/opt/hostedtoolcache/CodeQL/2.24.0/x64/codeql/codeql version --format=json
2026-02-02T02:35:23.5795300Z {
2026-02-02T02:35:23.5795652Z   "productName" : "CodeQL",
2026-02-02T02:35:23.5796220Z   "vendor" : "GitHub",
2026-02-02T02:35:23.5796501Z   "version" : "2.24.0",
2026-02-02T02:35:23.5796860Z   "sha" : "fc7468b26353cf53a397a848603698c355879cb2",
2026-02-02T02:35:23.5797267Z   "branches" : [
2026-02-02T02:35:23.5797547Z     "codeql-cli-2.24.0"
2026-02-02T02:35:23.5797822Z   ],
2026-02-02T02:35:23.5798150Z   "copyright" : "Copyright (C) 2019-2026 GitHub, Inc.",
2026-02-02T02:35:23.5798774Z   "unpackedLocation" : "/opt/hostedtoolcache/CodeQL/2.24.0/x64/codeql",
2026-02-02T02:35:23.5799469Z   "configFileLocation" : "/home/runner/.config/codeql/config",
2026-02-02T02:35:23.5800509Z   "configFileFound" : false,
2026-02-02T02:35:23.5800871Z   "overlayVersion" : 4,
2026-02-02T02:35:23.5801189Z   "features" : {
2026-02-02T02:35:23.5801481Z     "analysisSummaryV2Default" : true,
2026-02-02T02:35:23.5801857Z     "buildModeOption" : true,
2026-02-02T02:35:23.5802225Z     "bundleSupportsIncludeDiagnostics" : true,
2026-02-02T02:35:23.5802673Z     "bundleSupportsIncludeLogs" : true,
2026-02-02T02:35:23.5803068Z     "bundleSupportsOverlay" : true,
2026-02-02T02:35:23.5803623Z     "databaseInterpretResultsSupportsSarifRunProperty" : true,
2026-02-02T02:35:23.5804235Z     "featuresInVersionResult" : true,
2026-02-02T02:35:23.5804734Z     "indirectTracingSupportsStaticBinaries" : false,
2026-02-02T02:35:23.5805284Z     "informsAboutUnsupportedPathFilters" : true,
2026-02-02T02:35:23.5805753Z     "supportsPython312" : true,
2026-02-02T02:35:23.5806353Z     "mrvaPackCreate" : true,
2026-02-02T02:35:23.5806716Z     "threatModelOption" : true,
2026-02-02T02:35:23.5807464Z     "traceCommandUseBuildMode" : true,
2026-02-02T02:35:23.5807893Z     "v2ramSizing" : true,
2026-02-02T02:35:23.5808296Z     "mrvaPackCreateMultipleQueries" : true,
2026-02-02T02:35:23.5808767Z     "setsCodeqlRunnerEnvVar" : true,
2026-02-02T02:35:23.5809213Z     "sarifMergeRunsFromEqualCategory" : true,
2026-02-02T02:35:23.5809678Z     "forceOverwrite" : true,
2026-02-02T02:35:23.5810066Z     "generateSummarySymbolMap" : true,
2026-02-02T02:35:23.5810605Z     "pythonDefaultIsToNotExtractStdlib" : true,
2026-02-02T02:35:23.5811170Z     "queryServerRunQueries" : true,
2026-02-02T02:35:23.5811625Z     "queryServerTrimCacheWithMode" : true,
2026-02-02T02:35:23.5812171Z     "builtinExtractorsSpecifyDefaultQueries" : true,
2026-02-02T02:35:23.5812680Z     "bqrsDiffResultSets" : true,
2026-02-02T02:35:23.5813108Z     "bundleSupportsIncludeOption" : true
2026-02-02T02:35:23.5813515Z   }
2026-02-02T02:35:23.5813754Z }
2026-02-02T02:35:23.5932209Z ##[endgroup]
2026-02-02T02:35:23.5937120Z ##[group]Load language configuration
2026-02-02T02:35:23.5974780Z [command]/opt/hostedtoolcache/CodeQL/2.24.0/x64/codeql/codeql resolve languages --format=betterjson --extractor-options-verbosity=4 --extractor-include-aliases --filter-to-languages-with-queries
2026-02-02T02:35:25.0553470Z {
2026-02-02T02:35:25.0554091Z   "aliases" : {
2026-02-02T02:35:25.0554458Z     "c" : "cpp",
2026-02-02T02:35:25.0558017Z     "c++" : "cpp",
2026-02-02T02:35:25.0558799Z     "c-c++" : "cpp",
2026-02-02T02:35:25.0559447Z     "c-cpp" : "cpp",
2026-02-02T02:35:25.0563838Z     "c#" : "csharp",
2026-02-02T02:35:25.0564203Z     "java-kotlin" : "java",
2026-02-02T02:35:25.0564569Z     "kotlin" : "java",
2026-02-02T02:35:25.0564952Z     "javascript-typescript" : "javascript",
2026-02-02T02:35:25.0565416Z     "typescript" : "javascript"
2026-02-02T02:35:25.0565775Z   },
2026-02-02T02:35:25.0566271Z   "extractors" : {
2026-02-02T02:35:25.0566564Z     "rust" : [
2026-02-02T02:35:25.0566823Z       {
2026-02-02T02:35:25.0567253Z         "extractor_root" : "/opt/hostedtoolcache/CodeQL/2.24.0/x64/codeql/rust",
2026-02-02T02:35:25.0567904Z         "extractor_options" : {
2026-02-02T02:35:25.0568240Z           "trap" : {
2026-02-02T02:35:25.0568580Z             "title" : "Options pertaining to TRAP.",
2026-02-02T02:35:25.0569086Z             "description" : "Options pertaining to TRAP.",
2026-02-02T02:35:25.0569637Z             "type" : "object",
2026-02-02T02:35:25.0569997Z             "properties" : {
2026-02-02T02:35:25.0570361Z               "compression" : {
2026-02-02T02:35:25.0570962Z                 "title" : "Controls compression for the TRAP files written by the extractor.",
2026-02-02T02:35:25.0572729Z                 "description" : "This option is only intended for use in debugging the extractor. Accepted values are 'gzip' (to write gzip-compressed TRAP) 'zstd' (to write Zstandard-compressed TRAP) and 'none' (the default, to write uncompressed TRAP).\n",
2026-02-02T02:35:25.0574292Z                 "type" : "string",
2026-02-02T02:35:25.0574697Z                 "pattern" : "^(none|gzip|zstd)$"
2026-02-02T02:35:25.0575523Z               }
2026-02-02T02:35:25.0575794Z             }
2026-02-02T02:35:25.0576214Z           },
2026-02-02T02:35:25.0576503Z           "cargo_target_dir" : {
2026-02-02T02:35:25.0576970Z             "title" : "Directory to use for cargo output files.",
2026-02-02T02:35:25.0578687Z             "description" : "This value is an optional path to use as `CARGO_TARGET_DIR` for the internal cargo commands the extractor uses. Pointing it to a persistent directory may reduce execution time of consecutive extractor runs. By default, a new scratch directory is used for each run.\n",
2026-02-02T02:35:25.0580377Z             "type" : "string"
2026-02-02T02:35:25.0580699Z           },
2026-02-02T02:35:25.0580960Z           "cargo_target" : {
2026-02-02T02:35:25.0581322Z             "title" : "Target architecture",
2026-02-02T02:35:25.0582236Z             "description" : "Target architecture to use for analysis, analogous to `cargo --target`. By default the host architecture is used.\n",
2026-02-02T02:35:25.0583467Z             "type" : "string"
2026-02-02T02:35:25.0583785Z           },
2026-02-02T02:35:25.0584044Z           "cargo_features" : {
2026-02-02T02:35:25.0584432Z             "title" : "Cargo features to turn on",
2026-02-02T02:35:25.0586339Z             "description" : "Comma-separated list of features to turn on. By default all features are enabled. If any features are specified, then only those features are enabled. The `default` feature must be explicitly specified if only default features are desired. Can be repeated.\n",
2026-02-02T02:35:25.0588111Z             "type" : "array"
2026-02-02T02:35:25.0588454Z           },
2026-02-02T02:35:25.0588746Z           "cargo_cfg_overrides" : {
2026-02-02T02:35:25.0589161Z             "title" : "Cargo cfg overrides",
2026-02-02T02:35:25.0590064Z             "description" : "Comma-separated list of cfg settings to enable, or disable if prefixed with `-`. Can be repeated.\n",
2026-02-02T02:35:25.0590972Z             "type" : "array"
2026-02-02T02:35:25.0591362Z           },
2026-02-02T02:35:25.0591578Z           "logging" : {
2026-02-02T02:35:25.0591812Z             "title" : "Options pertaining to logging.",
2026-02-02T02:35:25.0592131Z             "description" : "Options pertaining to logging.",
2026-02-02T02:35:25.0592413Z             "type" : "object",
2026-02-02T02:35:25.0592618Z             "properties" : {
2026-02-02T02:35:25.0592837Z               "verbosity" : {
2026-02-02T02:35:25.0593102Z                 "title" : "Extractor logging verbosity level.",
2026-02-02T02:35:25.0594120Z                 "description" : "Controls the level of verbosity of the extractor. The supported levels are (in order of increasing verbosity):\n  - off\n  - errors\n  - warnings\n  - info or progress\n  - debug or progress+\n  - trace or progress++\n  - progress+++\n",
2026-02-02T02:35:25.0595024Z                 "type" : "string",
2026-02-02T02:35:25.0595483Z                 "pattern" : "^(off|errors|warnings|(info|progress)|(debug|progress\\+)|(trace|progress\\+\\+)|progress\\+\\+\\+)$"
2026-02-02T02:35:25.0595953Z               },
2026-02-02T02:35:25.0596394Z               "flamegraph" : {
2026-02-02T02:35:25.0596691Z                 "title" : "[Experimental] File path for write flame graph log",
2026-02-02T02:35:25.0597575Z                 "description" : "Collect flame graph data using the `tracing-flame` crate. To render a flame graph or chart, run the `inferno-flamegraph` command. See also: https://crates.io/crates/tracing-flame\n",
2026-02-02T02:35:25.0598330Z                 "type" : "string"
2026-02-02T02:35:25.0598557Z               }
2026-02-02T02:35:25.0598717Z             }
2026-02-02T02:35:25.0598872Z           },
2026-02-02T02:35:25.0599047Z           "extract_dependencies_as_source" : {
2026-02-02T02:35:25.0599653Z             "title" : "Extract dependencies as source code",
2026-02-02T02:35:25.0600531Z             "description" : "Extract the full source code of dependencies instead of only extracting signatures.\n",
2026-02-02T02:35:25.0601634Z             "type" : "string",
2026-02-02T02:35:25.0601879Z             "pattern" : "^(false|true)$"
2026-02-02T02:35:25.0602107Z           }
2026-02-02T02:35:25.0602252Z         }
2026-02-02T02:35:25.0602401Z       }
2026-02-02T02:35:25.0602547Z     ],
2026-02-02T02:35:25.0602694Z     "python" : [
2026-02-02T02:35:25.0602861Z       {
2026-02-02T02:35:25.0603131Z         "extractor_root" : "/opt/hostedtoolcache/CodeQL/2.24.0/x64/codeql/python",
2026-02-02T02:35:25.0603491Z         "extractor_options" : {
2026-02-02T02:35:25.0603705Z           "logging" : {
2026-02-02T02:35:25.0603925Z             "title" : "Options pertaining to logging.",
2026-02-02T02:35:25.0604234Z             "description" : "Options pertaining to logging.",
2026-02-02T02:35:25.0604522Z             "type" : "object",
2026-02-02T02:35:25.0604725Z             "properties" : {
2026-02-02T02:35:25.0604929Z               "verbosity" : {
2026-02-02T02:35:25.0605191Z                 "title" : "Python extractor logging verbosity level.",
2026-02-02T02:35:25.0606596Z                 "description" : "Controls the level of verbosity of the CodeQL Python extractor.\nThe supported levels are (in order of increasing verbosity):\n\n  - off\n  - errors\n  - warnings\n  - info or progress\n  - debug or progress+\n  - trace or progress++\n  - progress+++\n",
2026-02-02T02:35:25.0607549Z                 "type" : "string",
2026-02-02T02:35:25.0607992Z                 "pattern" : "^(off|errors|warnings|(info|progress)|(debug|progress\\+)|(trace|progress\\+\\+)|progress\\+\\+\\+)$"
2026-02-02T02:35:25.0608450Z               }
2026-02-02T02:35:25.0608608Z             }
2026-02-02T02:35:25.0608756Z           },
2026-02-02T02:35:25.0608931Z           "python_executable_name" : {
2026-02-02T02:35:25.0609297Z             "title" : "Controls the name of the Python executable used by the Python extractor.",
2026-02-02T02:35:25.0610960Z             "description" : "The Python extractor uses platform-dependent heuristics to determine the name of the Python executable to use. Specifying a value for this option overrides the name of the Python executable used by the extractor. Accepted values are py, python and python3. Use this setting with caution, the Python extractor requires Python 3 to run.\n",
2026-02-02T02:35:25.0612848Z             "type" : "string",
2026-02-02T02:35:25.0613092Z             "pattern" : "^(py|python|python3)$"
2026-02-02T02:35:25.0613336Z           }
2026-02-02T02:35:25.0613482Z         }
2026-02-02T02:35:25.0613627Z       }
2026-02-02T02:35:25.0613766Z     ],
2026-02-02T02:35:25.0613912Z     "cpp" : [
2026-02-02T02:35:25.0614063Z       {
2026-02-02T02:35:25.0614316Z         "extractor_root" : "/opt/hostedtoolcache/CodeQL/2.24.0/x64/codeql/cpp",
2026-02-02T02:35:25.0614656Z         "extractor_options" : {
2026-02-02T02:35:25.0614866Z           "trap" : {
2026-02-02T02:35:25.0615050Z             "title" : "TRAP options",
2026-02-02T02:35:25.0615379Z             "description" : "Options about how the extractor handles TRAP files",
2026-02-02T02:35:25.0615733Z             "type" : "object",
2026-02-02T02:35:25.0615935Z             "visibility" : 3,
2026-02-02T02:35:25.0616341Z             "properties" : {
2026-02-02T02:35:25.0616540Z               "cache" : {
2026-02-02T02:35:25.0616751Z                 "title" : "TRAP cache options",
2026-02-02T02:35:25.0617113Z                 "description" : "Options about how the extractor handles its TRAP cache",
2026-02-02T02:35:25.0617470Z                 "type" : "object",
2026-02-02T02:35:25.0617683Z                 "properties" : {
2026-02-02T02:35:25.0617893Z                   "dir" : {
2026-02-02T02:35:25.0618115Z                     "title" : "TRAP cache directory",
2026-02-02T02:35:25.0618433Z                     "description" : "The directory of the TRAP cache to use",
2026-02-02T02:35:25.0618777Z                     "type" : "string"
2026-02-02T02:35:25.0618982Z                   },
2026-02-02T02:35:25.0619155Z                   "bound" : {
2026-02-02T02:35:25.0619374Z                     "title" : "TRAP cache bound",
2026-02-02T02:35:25.0619900Z                     "description" : "A soft limit (in MB) on the size of the TRAP cache",
2026-02-02T02:35:25.0620248Z                     "type" : "string",
2026-02-02T02:35:25.0620471Z                     "pattern" : "[0-9]+"
2026-02-02T02:35:25.0620687Z                   },
2026-02-02T02:35:25.0620853Z                   "write" : {
2026-02-02T02:35:25.0621073Z                     "title" : "TRAP cache writeable",
2026-02-02T02:35:25.0621440Z                     "description" : "Whether to write to the TRAP cache as well as reading it",
2026-02-02T02:35:25.0621801Z                     "type" : "string",
2026-02-02T02:35:25.0622039Z                     "pattern" : "(true|TRUE|false|FALSE)"
2026-02-02T02:35:25.0622280Z                   }
2026-02-02T02:35:25.0622438Z                 }
2026-02-02T02:35:25.0622600Z               }
2026-02-02T02:35:25.0622756Z             }
2026-02-02T02:35:25.0622904Z           },
2026-02-02T02:35:25.0623195Z           "scale_timeouts" : {
2026-02-02T02:35:25.0623489Z             "title" : "Value to scale compiler introspection timeouts with",
2026-02-02T02:35:25.0624893Z             "description" : "The extractor attempts to determine what compiler the source code being extracted is compiled with. To this end the extractor makes additional calls to the compiler, some of which are expected to return within a certain fixed time (either 10s or 15s). On some systems that are under high load this time might be too short, and can be scaled up using this option.\n",
2026-02-02T02:35:25.0626451Z             "type" : "string",
2026-02-02T02:35:25.0626660Z             "pattern" : "[0-9]+"
2026-02-02T02:35:25.0626862Z           },
2026-02-02T02:35:25.0627021Z           "log_verbosity" : {
2026-02-02T02:35:25.0627265Z             "title" : "Verbosity of the extractor logging",
2026-02-02T02:35:25.0627840Z             "description" : "Set the verbosity of the extractor logging to 'quiet' (0), 'normal' (1), 'chatty' (2), or 'noisy' (3). The default is 'normal'.\n",
2026-02-02T02:35:25.0628394Z             "type" : "string",
2026-02-02T02:35:25.0628593Z             "pattern" : "[0-3]"
2026-02-02T02:35:25.0628789Z           },
2026-02-02T02:35:25.0628950Z           "frontend_options" : {
2026-02-02T02:35:25.0629191Z             "title" : "C/C++ extractor frontend options",
2026-02-02T02:35:25.0629668Z             "description" : "Set additional options that should be passed to the C/C++ extractor frontend.\n",
2026-02-02T02:35:25.0630092Z             "type" : "array",
2026-02-02T02:35:25.0630294Z             "visibility" : 3
2026-02-02T02:35:25.0630479Z           }
2026-02-02T02:35:25.0630631Z         }
2026-02-02T02:35:25.0630772Z       }
2026-02-02T02:35:25.0630916Z     ],
2026-02-02T02:35:25.0631061Z     "csharp" : [
2026-02-02T02:35:25.0631224Z       {
2026-02-02T02:35:25.0631489Z         "extractor_root" : "/opt/hostedtoolcache/CodeQL/2.24.0/x64/codeql/csharp",
2026-02-02T02:35:25.0631970Z         "extractor_options" : {
2026-02-02T02:35:25.0632308Z           "trap" : {
2026-02-02T02:35:25.0632555Z             "title" : "Options pertaining to TRAP.",
2026-02-02T02:35:25.0632852Z             "description" : "Options pertaining to TRAP.",
2026-02-02T02:35:25.0633116Z             "type" : "object",
2026-02-02T02:35:25.0633399Z             "properties" : {
2026-02-02T02:35:25.0633718Z               "compression" : {
2026-02-02T02:35:25.0634268Z                 "title" : "Controls compression for the TRAP files written by the extractor.",
2026-02-02T02:35:25.0635358Z                 "description" : "This option is only intended for use in debugging the extractor. Accepted values are 'brotli' (the default, to write brotli-compressed TRAP), 'gzip', and 'none' (to write uncompressed TRAP).\n",
2026-02-02T02:35:25.0636352Z                 "type" : "string",
2026-02-02T02:35:25.0636589Z                 "pattern" : "^(none|gzip|brotli)$"
2026-02-02T02:35:25.0636827Z               }
2026-02-02T02:35:25.0636986Z             }
2026-02-02T02:35:25.0637138Z           },
2026-02-02T02:35:25.0637468Z           "buildless" : {
2026-02-02T02:35:25.0637782Z             "title" : "DEPRECATED - Whether to use buildless (standalone) extraction.",
2026-02-02T02:35:25.0639542Z             "description" : "DEPRECATED: Use `--build-mode none` instead.\nA value indicating, which type of extraction the autobuilder should perform. If 'true', then the standalone extractor will be used, otherwise tracing extraction will be performed. The default is 'false'. Note that buildless extraction will generally yield less accurate analysis results, and should only be used in cases where it is not possible to build the code (for example if it uses inaccessible dependencies).\n",
2026-02-02T02:35:25.0641174Z             "type" : "string",
2026-02-02T02:35:25.0641390Z             "pattern" : "^(false|true)$"
2026-02-02T02:35:25.0641608Z           },
2026-02-02T02:35:25.0641765Z           "logging" : {
2026-02-02T02:35:25.0641976Z             "title" : "Options pertaining to logging.",
2026-02-02T02:35:25.0642408Z             "description" : "Options pertaining to logging.",
2026-02-02T02:35:25.0642680Z             "type" : "object",
2026-02-02T02:35:25.0642883Z             "properties" : {
2026-02-02T02:35:25.0643085Z               "verbosity" : {
2026-02-02T02:35:25.0643321Z                 "title" : "Extractor logging verbosity level.",
2026-02-02T02:35:25.0644255Z                 "description" : "Controls the level of verbosity of the extractor. The supported levels are (in order of increasing verbosity):\n  - off\n  - errors\n  - warnings\n  - info or progress\n  - debug or progress+\n  - trace or progress++\n  - progress+++\n",
2026-02-02T02:35:25.0645135Z                 "type" : "string",
2026-02-02T02:35:25.0645585Z                 "pattern" : "^(off|errors|warnings|(info|progress)|(debug|progress\\+)|(trace|progress\\+\\+)|progress\\+\\+\\+)$"
2026-02-02T02:35:25.0646231Z               }
2026-02-02T02:35:25.0646396Z             }
2026-02-02T02:35:25.0646551Z           },
2026-02-02T02:35:25.0646711Z           "binlog" : {
2026-02-02T02:35:25.0646897Z             "title" : "Binlog",
2026-02-02T02:35:25.0647550Z             "description" : "[EXPERIMENTAL] The value is a path to the MsBuild binary log file that should be extracted. This option only works when `--build-mode none` is also specified.\n",
2026-02-02T02:35:25.0648218Z             "type" : "array"
2026-02-02T02:35:25.0648406Z           },
2026-02-02T02:35:25.0648575Z           "buildless_dependency_dir" : {
2026-02-02T02:35:25.0648968Z             "title" : "The path where buildless (standalone) extraction should keep dependencies.",
2026-02-02T02:35:25.0649580Z             "description" : "If set, the buildless (standalone) extractor will store dependencies in this directory.\n",
2026-02-02T02:35:25.0650028Z             "type" : "string"
2026-02-02T02:35:25.0650217Z           }
2026-02-02T02:35:25.0650363Z         }
2026-02-02T02:35:25.0650510Z       }
2026-02-02T02:35:25.0650651Z     ],
2026-02-02T02:35:25.0650807Z     "java" : [
2026-02-02T02:35:25.0650960Z       {
2026-02-02T02:35:25.0651221Z         "extractor_root" : "/opt/hostedtoolcache/CodeQL/2.24.0/x64/codeql/java",
2026-02-02T02:35:25.0651570Z         "extractor_options" : {
2026-02-02T02:35:25.0651771Z           "exclude" : {
2026-02-02T02:35:25.0652000Z             "title" : "A glob excluding files from analysis.",
2026-02-02T02:35:25.0652688Z             "description" : "A glob indicating what files to exclude from the analysis. This accepts glob patterns that are supported by Java's 'getPathMatcher' implementation.\n",
2026-02-02T02:35:25.0653331Z             "type" : "string"
2026-02-02T02:35:25.0653513Z           },
2026-02-02T02:35:25.0653679Z           "add_prefer_source" : {
2026-02-02T02:35:25.0653981Z             "title" : "Whether to always prefer source files over class files.",
2026-02-02T02:35:25.0655223Z             "description" : "A value indicating whether source files should be preferred over class files. If set to 'true', the extraction adds '-Xprefer:source' to the javac command line. If set to 'false', the extraction uses the default javac behavior ('-Xprefer:newer'). The default is 'true'.\n",
2026-02-02T02:35:25.0656395Z             "type" : "string",
2026-02-02T02:35:25.0656600Z             "pattern" : "^(false|true)$"
2026-02-02T02:35:25.0656817Z           },
2026-02-02T02:35:25.0656971Z           "buildless" : {
2026-02-02T02:35:25.0657279Z             "title" : "Whether to use buildless (standalone) extraction (experimental).",
2026-02-02T02:35:25.0658885Z             "description" : "A value indicating, which type of extraction the autobuilder should perform. If 'true', then the standalone extractor will be used, otherwise tracing extraction will be performed. The default is 'false'. Note that buildless extraction will generally yield less accurate analysis results, and should only be used in cases where it is not possible to build the code (for example if it uses inaccessible dependencies).\n",
2026-02-02T02:35:25.0660514Z             "type" : "string",
2026-02-02T02:35:25.0660726Z             "pattern" : "^(false|true)$"
2026-02-02T02:35:25.0660936Z           },
2026-02-02T02:35:25.0661104Z           "buildless_dependency_dir" : {
2026-02-02T02:35:25.0661481Z             "title" : "The path where buildless (standalone) extraction should keep dependencies.",
2026-02-02T02:35:25.0662083Z             "description" : "If set, the buildless (standalone) extractor will store dependencies in this directory.\n",
2026-02-02T02:35:25.0662534Z             "type" : "string"
2026-02-02T02:35:25.0662714Z           },
2026-02-02T02:35:25.0662883Z           "minimize_dependency_jars" : {
2026-02-02T02:35:25.0663260Z             "title" : "Whether to rewrite and minimize downloaded JAR dependencies (experimental).",
2026-02-02T02:35:25.0664062Z             "description" : "If 'true', JAR dependencies downloaded during extraction will be rewritten to remove unneeded data, such as method bodies. The default is 'false'.\n",
2026-02-02T02:35:25.0664705Z             "type" : "string",
2026-02-02T02:35:25.0664905Z             "pattern" : "^(false|true)$"
2026-02-02T02:35:25.0665117Z           }
2026-02-02T02:35:25.0665259Z         }
2026-02-02T02:35:25.0665405Z       }
2026-02-02T02:35:25.0665541Z     ],
2026-02-02T02:35:25.0665684Z     "go" : [
2026-02-02T02:35:25.0665828Z       {
2026-02-02T02:35:25.0666267Z         "extractor_root" : "/opt/hostedtoolcache/CodeQL/2.24.0/x64/codeql/go",
2026-02-02T02:35:25.0666601Z         "extractor_options" : {
2026-02-02T02:35:25.0666809Z           "extract_tests" : {
2026-02-02T02:35:25.0667102Z             "title" : "Whether to include Go test files in the CodeQL database.",
2026-02-02T02:35:25.0667761Z             "description" : "A value indicating whether Go test files should be included in the CodeQL database. The default is 'false'.\n",
2026-02-02T02:35:25.0668280Z             "type" : "string",
2026-02-02T02:35:25.0668479Z             "pattern" : "^(false|true)$"
2026-02-02T02:35:25.0668693Z           },
2026-02-02T02:35:25.0668862Z           "extract_vendor_dirs" : {
2026-02-02T02:35:25.0669198Z             "title" : "Whether to include Go vendor directories in the CodeQL database.",
2026-02-02T02:35:25.0669860Z             "description" : "A value indicating whether Go vendor directories should be included in the CodeQL database. The default is 'false'.\n",
2026-02-02T02:35:25.0670395Z             "type" : "string",
2026-02-02T02:35:25.0670601Z             "pattern" : "^(false|true)$"
2026-02-02T02:35:25.0670808Z           }
2026-02-02T02:35:25.0670957Z         }
2026-02-02T02:35:25.0671095Z       }
2026-02-02T02:35:25.0671249Z     ],
2026-02-02T02:35:25.0671392Z     "actions" : [
2026-02-02T02:35:25.0671555Z       {
2026-02-02T02:35:25.0671819Z         "extractor_root" : "/opt/hostedtoolcache/CodeQL/2.24.0/x64/codeql/actions",
2026-02-02T02:35:25.0672158Z         "extractor_options" : {
2026-02-02T02:35:25.0672360Z           "trap" : {
2026-02-02T02:35:25.0672545Z             "title" : "TRAP options",
2026-02-02T02:35:25.0673162Z             "description" : "Options about how the extractor handles TRAP files",
2026-02-02T02:35:25.0673787Z             "type" : "object",
2026-02-02T02:35:25.0674158Z             "visibility" : 3,
2026-02-02T02:35:25.0674521Z             "properties" : {
2026-02-02T02:35:25.0674810Z               "cache" : {
2026-02-02T02:35:25.0675029Z                 "title" : "TRAP cache options",
2026-02-02T02:35:25.0675386Z                 "description" : "Options about how the extractor handles its TRAP cache",
2026-02-02T02:35:25.0675744Z                 "type" : "object",
2026-02-02T02:35:25.0675955Z                 "properties" : {
2026-02-02T02:35:25.0676400Z                   "dir" : {
2026-02-02T02:35:25.0676614Z                     "title" : "TRAP cache directory",
2026-02-02T02:35:25.0676938Z                     "description" : "The directory of the TRAP cache to use",
2026-02-02T02:35:25.0677241Z                     "type" : "string"
2026-02-02T02:35:25.0677451Z                   },
2026-02-02T02:35:25.0678049Z                   "bound" : {
2026-02-02T02:35:25.0678279Z                     "title" : "TRAP cache bound",
2026-02-02T02:35:25.0678632Z                     "description" : "A soft limit (in MB) on the size of the TRAP cache",
2026-02-02T02:35:25.0678974Z                     "type" : "string",
2026-02-02T02:35:25.0679209Z                     "pattern" : "[0-9]+"
2026-02-02T02:35:25.0679426Z                   },
2026-02-02T02:35:25.0679601Z                   "write" : {
2026-02-02T02:35:25.0679819Z                     "title" : "TRAP cache writeable",
2026-02-02T02:35:25.0680195Z                     "description" : "Whether to write to the TRAP cache as well as reading it",
2026-02-02T02:35:25.0680561Z                     "type" : "string",
2026-02-02T02:35:25.0680803Z                     "pattern" : "(true|TRUE|false|FALSE)"
2026-02-02T02:35:25.0681044Z                   }
2026-02-02T02:35:25.0681207Z                 }
2026-02-02T02:35:25.0681367Z               }
2026-02-02T02:35:25.0681531Z             }
2026-02-02T02:35:25.0681684Z           }
2026-02-02T02:35:25.0681831Z         }
2026-02-02T02:35:25.0681976Z       }
2026-02-02T02:35:25.0682114Z     ],
2026-02-02T02:35:25.0682267Z     "javascript" : [
2026-02-02T02:35:25.0682430Z       {
2026-02-02T02:35:25.0682704Z         "extractor_root" : "/opt/hostedtoolcache/CodeQL/2.24.0/x64/codeql/javascript",
2026-02-02T02:35:25.0683067Z         "extractor_options" : {
2026-02-02T02:35:25.0683264Z           "trap" : {
2026-02-02T02:35:25.0683446Z             "title" : "TRAP options",
2026-02-02T02:35:25.0683797Z             "description" : "Options about how the extractor handles TRAP files",
2026-02-02T02:35:25.0684130Z             "type" : "object",
2026-02-02T02:35:25.0684333Z             "visibility" : 3,
2026-02-02T02:35:25.0684533Z             "properties" : {
2026-02-02T02:35:25.0684734Z               "cache" : {
2026-02-02T02:35:25.0684944Z                 "title" : "TRAP cache options",
2026-02-02T02:35:25.0685302Z                 "description" : "Options about how the extractor handles its TRAP cache",
2026-02-02T02:35:25.0685652Z                 "type" : "object",
2026-02-02T02:35:25.0685868Z                 "properties" : {
2026-02-02T02:35:25.0686240Z                   "dir" : {
2026-02-02T02:35:25.0686455Z                     "title" : "TRAP cache directory",
2026-02-02T02:35:25.0686768Z                     "description" : "The directory of the TRAP cache to use",
2026-02-02T02:35:25.0687066Z                     "type" : "string"
2026-02-02T02:35:25.0687273Z                   },
2026-02-02T02:35:25.0687439Z                   "bound" : {
2026-02-02T02:35:25.0687650Z                     "title" : "TRAP cache bound",
2026-02-02T02:35:25.0687981Z                     "description" : "A soft limit (in MB) on the size of the TRAP cache",
2026-02-02T02:35:25.0688316Z                     "type" : "string",
2026-02-02T02:35:25.0688539Z                     "pattern" : "[0-9]+"
2026-02-02T02:35:25.0688748Z                   },
2026-02-02T02:35:25.0688926Z                   "write" : {
2026-02-02T02:35:25.0689318Z                     "title" : "TRAP cache writeable",
2026-02-02T02:35:25.0689705Z                     "description" : "Whether to write to the TRAP cache as well as reading it",
2026-02-02T02:35:25.0690070Z                     "type" : "string",
2026-02-02T02:35:25.0690327Z                     "pattern" : "(true|TRUE|false|FALSE)"
2026-02-02T02:35:25.0690573Z                   }
2026-02-02T02:35:25.0690740Z                 }
2026-02-02T02:35:25.0690899Z               }
2026-02-02T02:35:25.0691056Z             }
2026-02-02T02:35:25.0691208Z           },
2026-02-02T02:35:25.0691369Z           "skip_types" : {
2026-02-02T02:35:25.0691615Z             "title" : "Skip type extraction for TypeScript",
2026-02-02T02:35:25.0692032Z             "description" : "Whether to skip the extraction of types in a TypeScript application",
2026-02-02T02:35:25.0692427Z             "type" : "string",
2026-02-02T02:35:25.0692638Z             "pattern" : "^(false|true)$"
2026-02-02T02:35:25.0693019Z           }
2026-02-02T02:35:25.0693170Z         }
2026-02-02T02:35:25.0693317Z       }
2026-02-02T02:35:25.0693459Z     ],
2026-02-02T02:35:25.0693607Z     "swift" : [
2026-02-02T02:35:25.0693763Z       {
2026-02-02T02:35:25.0694014Z         "extractor_root" : "/opt/hostedtoolcache/CodeQL/2.24.0/x64/codeql/swift"
2026-02-02T02:35:25.0694335Z       }
2026-02-02T02:35:25.0694471Z     ],
2026-02-02T02:35:25.0694620Z     "ruby" : [
2026-02-02T02:35:25.0694773Z       {
2026-02-02T02:35:25.0695020Z         "extractor_root" : "/opt/hostedtoolcache/CodeQL/2.24.0/x64/codeql/ruby",
2026-02-02T02:35:25.0695353Z         "extractor_options" : {
2026-02-02T02:35:25.0695565Z           "trap" : {
2026-02-02T02:35:25.0695770Z             "title" : "Options pertaining to TRAP.",
2026-02-02T02:35:25.0696230Z             "description" : "Options pertaining to TRAP.",
2026-02-02T02:35:25.0696505Z             "type" : "object",
2026-02-02T02:35:25.0696706Z             "properties" : {
2026-02-02T02:35:25.0696921Z               "compression" : {
2026-02-02T02:35:25.0697256Z                 "title" : "Controls compression for the TRAP files written by the extractor.",
2026-02-02T02:35:25.0698289Z                 "description" : "This option is only intended for use in debugging the extractor. Accepted values are 'gzip' (the default, to write gzip-compressed TRAP) 'zstd' (to write Zstandard-compressed TRAP) and 'none' (to write uncompressed TRAP).\n",
2026-02-02T02:35:25.0699172Z                 "type" : "string",
2026-02-02T02:35:25.0699414Z                 "pattern" : "^(none|gzip|zstd)$"
2026-02-02T02:35:25.0699653Z               }
2026-02-02T02:35:25.0699811Z             }
2026-02-02T02:35:25.0699968Z           }
2026-02-02T02:35:25.0700111Z         }
2026-02-02T02:35:25.0700256Z       }
2026-02-02T02:35:25.0700396Z     ]
2026-02-02T02:35:25.0700540Z   }
2026-02-02T02:35:25.0700677Z }
2026-02-02T02:35:25.0819911Z Languages from configuration: python
2026-02-02T02:35:25.0826537Z [command]/opt/hostedtoolcache/CodeQL/2.24.0/x64/codeql/codeql resolve languages --format=betterjson --extractor-options-verbosity=4 --extractor-include-aliases
2026-02-02T02:35:25.9627161Z {
2026-02-02T02:35:25.9627494Z   "aliases" : {
2026-02-02T02:35:25.9627806Z     "c" : "cpp",
2026-02-02T02:35:25.9628104Z     "c++" : "cpp",
2026-02-02T02:35:25.9628406Z     "c-c++" : "cpp",
2026-02-02T02:35:25.9628713Z     "c-cpp" : "cpp",
2026-02-02T02:35:25.9629018Z     "c#" : "csharp",
2026-02-02T02:35:25.9629327Z     "java-kotlin" : "java",
2026-02-02T02:35:25.9629678Z     "kotlin" : "java",
2026-02-02T02:35:25.9630045Z     "javascript-typescript" : "javascript",
2026-02-02T02:35:25.9630694Z     "typescript" : "javascript"
2026-02-02T02:35:25.9631175Z   },
2026-02-02T02:35:25.9631555Z   "extractors" : {
2026-02-02T02:35:25.9632014Z     "xml" : [
2026-02-02T02:35:25.9632420Z       {
2026-02-02T02:35:25.9633033Z         "extractor_root" : "/opt/hostedtoolcache/CodeQL/2.24.0/x64/codeql/xml"
2026-02-02T02:35:25.9633817Z       }
2026-02-02T02:35:25.9634255Z     ],
2026-02-02T02:35:25.9635084Z     "python" : [
2026-02-02T02:35:25.9635478Z       {
2026-02-02T02:35:25.9636380Z         "extractor_root" : "/opt/hostedtoolcache/CodeQL/2.24.0/x64/codeql/python",
2026-02-02T02:35:25.9637044Z         "extractor_options" : {
2026-02-02T02:35:25.9637430Z           "logging" : {
2026-02-02T02:35:25.9637846Z             "title" : "Options pertaining to logging.",
2026-02-02T02:35:25.9638469Z             "description" : "Options pertaining to logging.",
2026-02-02T02:35:25.9639117Z             "type" : "object",
2026-02-02T02:35:25.9639638Z             "properties" : {
2026-02-02T02:35:25.9640125Z               "verbosity" : {
2026-02-02T02:35:25.9640741Z                 "title" : "Python extractor logging verbosity level.",
2026-02-02T02:35:25.9642693Z                 "description" : "Controls the level of verbosity of the CodeQL Python extractor.\nThe supported levels are (in order of increasing verbosity):\n\n  - off\n  - errors\n  - warnings\n  - info or progress\n  - debug or progress+\n  - trace or progress++\n  - progress+++\n",
2026-02-02T02:35:25.9644918Z                 "type" : "string",
2026-02-02T02:35:25.9645890Z                 "pattern" : "^(off|errors|warnings|(info|progress)|(debug|progress\\+)|(trace|progress\\+\\+)|progress\\+\\+\\+)$"
2026-02-02T02:35:25.9647008Z               }
2026-02-02T02:35:25.9647803Z             }
2026-02-02T02:35:25.9648503Z           },
2026-02-02T02:35:25.9649022Z           "python_executable_name" : {
2026-02-02T02:35:25.9649821Z             "title" : "Controls the name of the Python executable used by the Python extractor.",
2026-02-02T02:35:25.9652680Z             "description" : "The Python extractor uses platform-dependent heuristics to determine the name of the Python executable to use. Specifying a value for this option overrides the name of the Python executable used by the extractor. Accepted values are py, python and python3. Use this setting with caution, the Python extractor requires Python 3 to run.\n",
2026-02-02T02:35:25.9655246Z             "type" : "string",
2026-02-02T02:35:25.9656128Z             "pattern" : "^(py|python|python3)$"
2026-02-02T02:35:25.9656824Z           }
2026-02-02T02:35:25.9657124Z         }
2026-02-02T02:35:25.9657394Z       }
2026-02-02T02:35:25.9657639Z     ],
2026-02-02T02:35:25.9657901Z     "javascript" : [
2026-02-02T02:35:25.9658220Z       {
2026-02-02T02:35:25.9658739Z         "extractor_root" : "/opt/hostedtoolcache/CodeQL/2.24.0/x64/codeql/javascript",
2026-02-02T02:35:25.9659428Z         "extractor_options" : {
2026-02-02T02:35:25.9659869Z           "trap" : {
2026-02-02T02:35:25.9660199Z             "title" : "TRAP options",
2026-02-02T02:35:25.9660800Z             "description" : "Options about how the extractor handles TRAP files",
2026-02-02T02:35:25.9661430Z             "type" : "object",
2026-02-02T02:35:25.9661803Z             "visibility" : 3,
2026-02-02T02:35:25.9662184Z             "properties" : {
2026-02-02T02:35:25.9662539Z               "cache" : {
2026-02-02T02:35:25.9662940Z                 "title" : "TRAP cache options",
2026-02-02T02:35:25.9663590Z                 "description" : "Options about how the extractor handles its TRAP cache",
2026-02-02T02:35:25.9664231Z                 "type" : "object",
2026-02-02T02:35:25.9664613Z                 "properties" : {
2026-02-02T02:35:25.9664980Z                   "dir" : {
2026-02-02T02:35:25.9665364Z                     "title" : "TRAP cache directory",
2026-02-02T02:35:25.9665960Z                     "description" : "The directory of the TRAP cache to use",
2026-02-02T02:35:25.9666741Z                     "type" : "string"
2026-02-02T02:35:25.9667112Z                   },
2026-02-02T02:35:25.9667423Z                   "bound" : {
2026-02-02T02:35:25.9667799Z                     "title" : "TRAP cache bound",
2026-02-02T02:35:25.9668417Z                     "description" : "A soft limit (in MB) on the size of the TRAP cache",
2026-02-02T02:35:25.9669029Z                     "type" : "string",
2026-02-02T02:35:25.9669441Z                     "pattern" : "[0-9]+"
2026-02-02T02:35:25.9670157Z                   },
2026-02-02T02:35:25.9670487Z                   "write" : {
2026-02-02T02:35:25.9670883Z                     "title" : "TRAP cache writeable",
2026-02-02T02:35:25.9671557Z                     "description" : "Whether to write to the TRAP cache as well as reading it",
2026-02-02T02:35:25.9672203Z                     "type" : "string",
2026-02-02T02:35:25.9672637Z                     "pattern" : "(true|TRUE|false|FALSE)"
2026-02-02T02:35:25.9673059Z                   }
2026-02-02T02:35:25.9673337Z                 }
2026-02-02T02:35:25.9673602Z               }
2026-02-02T02:35:25.9673866Z             }
2026-02-02T02:35:25.9674114Z           },
2026-02-02T02:35:25.9674387Z           "skip_types" : {
2026-02-02T02:35:25.9674813Z             "title" : "Skip type extraction for TypeScript",
2026-02-02T02:35:25.9675566Z             "description" : "Whether to skip the extraction of types in a TypeScript application",
2026-02-02T02:35:25.9676660Z             "type" : "string",
2026-02-02T02:35:25.9677045Z             "pattern" : "^(false|true)$"
2026-02-02T02:35:25.9677441Z           }
2026-02-02T02:35:25.9677690Z         }
2026-02-02T02:35:25.9677953Z       }
2026-02-02T02:35:25.9678194Z     ],
2026-02-02T02:35:25.9678450Z     "rust" : [
2026-02-02T02:35:25.9678717Z       {
2026-02-02T02:35:25.9679174Z         "extractor_root" : "/opt/hostedtoolcache/CodeQL/2.24.0/x64/codeql/rust",
2026-02-02T02:35:25.9679797Z         "extractor_options" : {
2026-02-02T02:35:25.9680162Z           "trap" : {
2026-02-02T02:35:25.9680518Z             "title" : "Options pertaining to TRAP.",
2026-02-02T02:35:25.9681042Z             "description" : "Options pertaining to TRAP.",
2026-02-02T02:35:25.9681522Z             "type" : "object",
2026-02-02T02:35:25.9681876Z             "properties" : {
2026-02-02T02:35:25.9682231Z               "compression" : {
2026-02-02T02:35:25.9682827Z                 "title" : "Controls compression for the TRAP files written by the extractor.",
2026-02-02T02:35:25.9684728Z                 "description" : "This option is only intended for use in debugging the extractor. Accepted values are 'gzip' (to write gzip-compressed TRAP) 'zstd' (to write Zstandard-compressed TRAP) and 'none' (the default, to write uncompressed TRAP).\n",
2026-02-02T02:35:25.9686585Z                 "type" : "string",
2026-02-02T02:35:25.9687001Z                 "pattern" : "^(none|gzip|zstd)$"
2026-02-02T02:35:25.9687424Z               }
2026-02-02T02:35:25.9687691Z             }
2026-02-02T02:35:25.9687950Z           },
2026-02-02T02:35:25.9688236Z           "cargo_target_dir" : {
2026-02-02T02:35:25.9688702Z             "title" : "Directory to use for cargo output files.",
2026-02-02T02:35:25.9690655Z             "description" : "This value is an optional path to use as `CARGO_TARGET_DIR` for the internal cargo commands the extractor uses. Pointing it to a persistent directory may reduce execution time of consecutive extractor runs. By default, a new scratch directory is used for each run.\n",
2026-02-02T02:35:25.9692353Z             "type" : "string"
2026-02-02T02:35:25.9692564Z           },
2026-02-02T02:35:25.9692727Z           "cargo_target" : {
2026-02-02T02:35:25.9692948Z             "title" : "Target architecture",
2026-02-02T02:35:25.9693501Z             "description" : "Target architecture to use for analysis, analogous to `cargo --target`. By default the host architecture is used.\n",
2026-02-02T02:35:25.9694280Z             "type" : "string"
2026-02-02T02:35:25.9694619Z           },
2026-02-02T02:35:25.9694877Z           "cargo_features" : {
2026-02-02T02:35:25.9695109Z             "title" : "Cargo features to turn on",
2026-02-02T02:35:25.9696681Z             "description" : "Comma-separated list of features to turn on. By default all features are enabled. If any features are specified, then only those features are enabled. The `default` feature must be explicitly specified if only default features are desired. Can be repeated.\n",
2026-02-02T02:35:25.9697794Z             "type" : "array"
2026-02-02T02:35:25.9698173Z           },
2026-02-02T02:35:25.9698342Z           "cargo_cfg_overrides" : {
2026-02-02T02:35:25.9698575Z             "title" : "Cargo cfg overrides",
2026-02-02T02:35:25.9699063Z             "description" : "Comma-separated list of cfg settings to enable, or disable if prefixed with `-`. Can be repeated.\n",
2026-02-02T02:35:25.9699542Z             "type" : "array"
2026-02-02T02:35:25.9699724Z           },
2026-02-02T02:35:25.9699882Z           "logging" : {
2026-02-02T02:35:25.9700098Z             "title" : "Options pertaining to logging.",
2026-02-02T02:35:25.9700409Z             "description" : "Options pertaining to logging.",
2026-02-02T02:35:25.9700683Z             "type" : "object",
2026-02-02T02:35:25.9700877Z             "properties" : {
2026-02-02T02:35:25.9701076Z               "verbosity" : {
2026-02-02T02:35:25.9701310Z                 "title" : "Extractor logging verbosity level.",
2026-02-02T02:35:25.9702368Z                 "description" : "Controls the level of verbosity of the extractor. The supported levels are (in order of increasing verbosity):\n  - off\n  - errors\n  - warnings\n  - info or progress\n  - debug or progress+\n  - trace or progress++\n  - progress+++\n",
2026-02-02T02:35:25.9703254Z                 "type" : "string",
2026-02-02T02:35:25.9703699Z                 "pattern" : "^(off|errors|warnings|(info|progress)|(debug|progress\\+)|(trace|progress\\+\\+)|progress\\+\\+\\+)$"
2026-02-02T02:35:25.9704152Z               },
2026-02-02T02:35:25.9704315Z               "flamegraph" : {
2026-02-02T02:35:25.9704630Z                 "title" : "[Experimental] File path for write flame graph log",
2026-02-02T02:35:25.9705489Z                 "description" : "Collect flame graph data using the `tracing-flame` crate. To render a flame graph or chart, run the `inferno-flamegraph` command. See also: https://crates.io/crates/tracing-flame\n",
2026-02-02T02:35:25.9706534Z                 "type" : "string"
2026-02-02T02:35:25.9706747Z               }
2026-02-02T02:35:25.9706906Z             }
2026-02-02T02:35:25.9707159Z           },
2026-02-02T02:35:25.9707439Z           "extract_dependencies_as_source" : {
2026-02-02T02:35:25.9707897Z             "title" : "Extract dependencies as source code",
2026-02-02T02:35:25.9709507Z             "description" : "Extract the full source code of dependencies instead of only extracting signatures.\n",
2026-02-02T02:35:25.9710019Z             "type" : "string",
2026-02-02T02:35:25.9710225Z             "pattern" : "^(false|true)$"
2026-02-02T02:35:25.9710443Z           }
2026-02-02T02:35:25.9710590Z         }
2026-02-02T02:35:25.9710729Z       }
2026-02-02T02:35:25.9710872Z     ],
2026-02-02T02:35:25.9711010Z     "csv" : [
2026-02-02T02:35:25.9711160Z       {
2026-02-02T02:35:25.9711399Z         "extractor_root" : "/opt/hostedtoolcache/CodeQL/2.24.0/x64/codeql/csv"
2026-02-02T02:35:25.9711715Z       }
2026-02-02T02:35:25.9711848Z     ],
2026-02-02T02:35:25.9711998Z     "cpp" : [
2026-02-02T02:35:25.9712140Z       {
2026-02-02T02:35:25.9712412Z         "extractor_root" : "/opt/hostedtoolcache/CodeQL/2.24.0/x64/codeql/cpp",
2026-02-02T02:35:25.9712746Z         "extractor_options" : {
2026-02-02T02:35:25.9712948Z           "trap" : {
2026-02-02T02:35:25.9713136Z             "title" : "TRAP options",
2026-02-02T02:35:25.9713452Z             "description" : "Options about how the extractor handles TRAP files",
2026-02-02T02:35:25.9713782Z             "type" : "object",
2026-02-02T02:35:25.9713978Z             "visibility" : 3,
2026-02-02T02:35:25.9714183Z             "properties" : {
2026-02-02T02:35:25.9714370Z               "cache" : {
2026-02-02T02:35:25.9714581Z                 "title" : "TRAP cache options",
2026-02-02T02:35:25.9714928Z                 "description" : "Options about how the extractor handles its TRAP cache",
2026-02-02T02:35:25.9715277Z                 "type" : "object",
2026-02-02T02:35:25.9715491Z                 "properties" : {
2026-02-02T02:35:25.9715694Z                   "dir" : {
2026-02-02T02:35:25.9716275Z                     "title" : "TRAP cache directory",
2026-02-02T02:35:25.9716637Z                     "description" : "The directory of the TRAP cache to use",
2026-02-02T02:35:25.9716953Z                     "type" : "string"
2026-02-02T02:35:25.9717156Z                   },
2026-02-02T02:35:25.9717332Z                   "bound" : {
2026-02-02T02:35:25.9717542Z                     "title" : "TRAP cache bound",
2026-02-02T02:35:25.9717881Z                     "description" : "A soft limit (in MB) on the size of the TRAP cache",
2026-02-02T02:35:25.9718215Z                     "type" : "string",
2026-02-02T02:35:25.9718436Z                     "pattern" : "[0-9]+"
2026-02-02T02:35:25.9718649Z                   },
2026-02-02T02:35:25.9718811Z                   "write" : {
2026-02-02T02:35:25.9719029Z                     "title" : "TRAP cache writeable",
2026-02-02T02:35:25.9719414Z                     "description" : "Whether to write to the TRAP cache as well as reading it",
2026-02-02T02:35:25.9719901Z                     "type" : "string",
2026-02-02T02:35:25.9720141Z                     "pattern" : "(true|TRUE|false|FALSE)"
2026-02-02T02:35:25.9720381Z                   }
2026-02-02T02:35:25.9720539Z                 }
2026-02-02T02:35:25.9720691Z               }
2026-02-02T02:35:25.9720845Z             }
2026-02-02T02:35:25.9720990Z           },
2026-02-02T02:35:25.9721152Z           "scale_timeouts" : {
2026-02-02T02:35:25.9721428Z             "title" : "Value to scale compiler introspection timeouts with",
2026-02-02T02:35:25.9722821Z             "description" : "The extractor attempts to determine what compiler the source code being extracted is compiled with. To this end the extractor makes additional calls to the compiler, some of which are expected to return within a certain fixed time (either 10s or 15s). On some systems that are under high load this time might be too short, and can be scaled up using this option.\n",
2026-02-02T02:35:25.9724142Z             "type" : "string",
2026-02-02T02:35:25.9724343Z             "pattern" : "[0-9]+"
2026-02-02T02:35:25.9724540Z           },
2026-02-02T02:35:25.9724696Z           "log_verbosity" : {
2026-02-02T02:35:25.9724938Z             "title" : "Verbosity of the extractor logging",
2026-02-02T02:35:25.9725512Z             "description" : "Set the verbosity of the extractor logging to 'quiet' (0), 'normal' (1), 'chatty' (2), or 'noisy' (3). The default is 'normal'.\n",
2026-02-02T02:35:25.9726212Z             "type" : "string",
2026-02-02T02:35:25.9726415Z             "pattern" : "[0-3]"
2026-02-02T02:35:25.9726599Z           },
2026-02-02T02:35:25.9726761Z           "frontend_options" : {
2026-02-02T02:35:25.9726996Z             "title" : "C/C++ extractor frontend options",
2026-02-02T02:35:25.9727464Z             "description" : "Set additional options that should be passed to the C/C++ extractor frontend.\n",
2026-02-02T02:35:25.9727901Z             "type" : "array",
2026-02-02T02:35:25.9728101Z             "visibility" : 3
2026-02-02T02:35:25.9728289Z           }
2026-02-02T02:35:25.9728441Z         }
2026-02-02T02:35:25.9728580Z       }
2026-02-02T02:35:25.9728720Z     ],
2026-02-02T02:35:25.9728865Z     "java" : [
2026-02-02T02:35:25.9729013Z       {
2026-02-02T02:35:25.9729263Z         "extractor_root" : "/opt/hostedtoolcache/CodeQL/2.24.0/x64/codeql/java",
2026-02-02T02:35:25.9729596Z         "extractor_options" : {
2026-02-02T02:35:25.9729800Z           "exclude" : {
2026-02-02T02:35:25.9730028Z             "title" : "A glob excluding files from analysis.",
2026-02-02T02:35:25.9730727Z             "description" : "A glob indicating what files to exclude from the analysis. This accepts glob patterns that are supported by Java's 'getPathMatcher' implementation.\n",
2026-02-02T02:35:25.9731367Z             "type" : "string"
2026-02-02T02:35:25.9731552Z           },
2026-02-02T02:35:25.9731721Z           "add_prefer_source" : {
2026-02-02T02:35:25.9732021Z             "title" : "Whether to always prefer source files over class files.",
2026-02-02T02:35:25.9733260Z             "description" : "A value indicating whether source files should be preferred over class files. If set to 'true', the extraction adds '-Xprefer:source' to the javac command line. If set to 'false', the extraction uses the default javac behavior ('-Xprefer:newer'). The default is 'true'.\n",
2026-02-02T02:35:25.9734261Z             "type" : "string",
2026-02-02T02:35:25.9734465Z             "pattern" : "^(false|true)$"
2026-02-02T02:35:25.9734682Z           },
2026-02-02T02:35:25.9734837Z           "buildless" : {
2026-02-02T02:35:25.9735142Z             "title" : "Whether to use buildless (standalone) extraction (experimental).",
2026-02-02T02:35:25.9736904Z             "description" : "A value indicating, which type of extraction the autobuilder should perform. If 'true', then the standalone extractor will be used, otherwise tracing extraction will be performed. The default is 'false'. Note that buildless extraction will generally yield less accurate analysis results, and should only be used in cases where it is not possible to build the code (for example if it uses inaccessible dependencies).\n",
2026-02-02T02:35:25.9738502Z             "type" : "string",
2026-02-02T02:35:25.9738704Z             "pattern" : "^(false|true)$"
2026-02-02T02:35:25.9738912Z           },
2026-02-02T02:35:25.9739079Z           "buildless_dependency_dir" : {
2026-02-02T02:35:25.9739460Z             "title" : "The path where buildless (standalone) extraction should keep dependencies.",
2026-02-02T02:35:25.9740069Z             "description" : "If set, the buildless (standalone) extractor will store dependencies in this directory.\n",
2026-02-02T02:35:25.9740517Z             "type" : "string"
2026-02-02T02:35:25.9740709Z           },
2026-02-02T02:35:25.9740877Z           "minimize_dependency_jars" : {
2026-02-02T02:35:25.9741267Z             "title" : "Whether to rewrite and minimize downloaded JAR dependencies (experimental).",
2026-02-02T02:35:25.9742081Z             "description" : "If 'true', JAR dependencies downloaded during extraction will be rewritten to remove unneeded data, such as method bodies. The default is 'false'.\n",
2026-02-02T02:35:25.9742718Z             "type" : "string",
2026-02-02T02:35:25.9742929Z             "pattern" : "^(false|true)$"
2026-02-02T02:35:25.9743138Z           }
2026-02-02T02:35:25.9743288Z         }
2026-02-02T02:35:25.9743428Z       }
2026-02-02T02:35:25.9743568Z     ],
2026-02-02T02:35:25.9743708Z     "html" : [
2026-02-02T02:35:25.9743863Z       {
2026-02-02T02:35:25.9744112Z         "extractor_root" : "/opt/hostedtoolcache/CodeQL/2.24.0/x64/codeql/html"
2026-02-02T02:35:25.9744426Z       }
2026-02-02T02:35:25.9744563Z     ],
2026-02-02T02:35:25.9744703Z     "yaml" : [
2026-02-02T02:35:25.9744854Z       {
2026-02-02T02:35:25.9745115Z         "extractor_root" : "/opt/hostedtoolcache/CodeQL/2.24.0/x64/codeql/yaml"
2026-02-02T02:35:25.9745427Z       }
2026-02-02T02:35:25.9745558Z     ],
2026-02-02T02:35:25.9745701Z     "swift" : [
2026-02-02T02:35:25.9745859Z       {
2026-02-02T02:35:25.9746320Z         "extractor_root" : "/opt/hostedtoolcache/CodeQL/2.24.0/x64/codeql/swift"
2026-02-02T02:35:25.9746648Z       }
2026-02-02T02:35:25.9746781Z     ],
2026-02-02T02:35:25.9746934Z     "properties" : [
2026-02-02T02:35:25.9747102Z       {
2026-02-02T02:35:25.9747369Z         "extractor_root" : "/opt/hostedtoolcache/CodeQL/2.24.0/x64/codeql/properties"
2026-02-02T02:35:25.9747705Z       }
2026-02-02T02:35:25.9764263Z     ],
2026-02-02T02:35:25.9764448Z     "ruby" : [
2026-02-02T02:35:25.9764626Z       {
2026-02-02T02:35:25.9764905Z         "extractor_root" : "/opt/hostedtoolcache/CodeQL/2.24.0/x64/codeql/ruby",
2026-02-02T02:35:25.9765266Z         "extractor_options" : {
2026-02-02T02:35:25.9765483Z           "trap" : {
2026-02-02T02:35:25.9765703Z             "title" : "Options pertaining to TRAP.",
2026-02-02T02:35:25.9766168Z             "description" : "Options pertaining to TRAP.",
2026-02-02T02:35:25.9766448Z             "type" : "object",
2026-02-02T02:35:25.9766667Z             "properties" : {
2026-02-02T02:35:25.9767059Z               "compression" : {
2026-02-02T02:35:25.9767409Z                 "title" : "Controls compression for the TRAP files written by the extractor.",
2026-02-02T02:35:25.9768457Z                 "description" : "This option is only intended for use in debugging the extractor. Accepted values are 'gzip' (the default, to write gzip-compressed TRAP) 'zstd' (to write Zstandard-compressed TRAP) and 'none' (to write uncompressed TRAP).\n",
2026-02-02T02:35:25.9769603Z                 "type" : "string",
2026-02-02T02:35:25.9769987Z                 "pattern" : "^(none|gzip|zstd)$"
2026-02-02T02:35:25.9770357Z               }
2026-02-02T02:35:25.9770587Z             }
2026-02-02T02:35:25.9770746Z           }
2026-02-02T02:35:25.9770896Z         }
2026-02-02T02:35:25.9771038Z       }
2026-02-02T02:35:25.9771181Z     ],
2026-02-02T02:35:25.9771321Z     "go" : [
2026-02-02T02:35:25.9771469Z       {
2026-02-02T02:35:25.9772258Z         "extractor_root" : "/opt/hostedtoolcache/CodeQL/2.24.0/x64/codeql/go",
2026-02-02T02:35:25.9772885Z         "extractor_options" : {
2026-02-02T02:35:25.9773272Z           "extract_tests" : {
2026-02-02T02:35:25.9773836Z             "title" : "Whether to include Go test files in the CodeQL database.",
2026-02-02T02:35:25.9775011Z             "description" : "A value indicating whether Go test files should be included in the CodeQL database. The default is 'false'.\n",
2026-02-02T02:35:25.9775605Z             "type" : "string",
2026-02-02T02:35:25.9775829Z             "pattern" : "^(false|true)$"
2026-02-02T02:35:25.9776288Z           },
2026-02-02T02:35:25.9776499Z           "extract_vendor_dirs" : {
2026-02-02T02:35:25.9776848Z             "title" : "Whether to include Go vendor directories in the CodeQL database.",
2026-02-02T02:35:25.9777539Z             "description" : "A value indicating whether Go vendor directories should be included in the CodeQL database. The default is 'false'.\n",
2026-02-02T02:35:25.9778107Z             "type" : "string",
2026-02-02T02:35:25.9778326Z             "pattern" : "^(false|true)$"
2026-02-02T02:35:25.9778546Z           }
2026-02-02T02:35:25.9778689Z         }
2026-02-02T02:35:25.9778835Z       }
2026-02-02T02:35:25.9778972Z     ],
2026-02-02T02:35:25.9779122Z     "csharp" : [
2026-02-02T02:35:25.9779280Z       {
2026-02-02T02:35:25.9779549Z         "extractor_root" : "/opt/hostedtoolcache/CodeQL/2.24.0/x64/codeql/csharp",
2026-02-02T02:35:25.9779894Z         "extractor_options" : {
2026-02-02T02:35:25.9780102Z           "trap" : {
2026-02-02T02:35:25.9780310Z             "title" : "Options pertaining to TRAP.",
2026-02-02T02:35:25.9780600Z             "description" : "Options pertaining to TRAP.",
2026-02-02T02:35:25.9780871Z             "type" : "object",
2026-02-02T02:35:25.9781220Z             "properties" : {
2026-02-02T02:35:25.9781547Z               "compression" : {
2026-02-02T02:35:25.9782111Z                 "title" : "Controls compression for the TRAP files written by the extractor.",
2026-02-02T02:35:25.9783761Z                 "description" : "This option is only intended for use in debugging the extractor. Accepted values are 'brotli' (the default, to write brotli-compressed TRAP), 'gzip', and 'none' (to write uncompressed TRAP).\n",
2026-02-02T02:35:25.9785228Z                 "type" : "string",
2026-02-02T02:35:25.9785626Z                 "pattern" : "^(none|gzip|brotli)$"
2026-02-02T02:35:25.9786228Z               }
2026-02-02T02:35:25.9786514Z             }
2026-02-02T02:35:25.9786760Z           },
2026-02-02T02:35:25.9787009Z           "buildless" : {
2026-02-02T02:35:25.9787547Z             "title" : "DEPRECATED - Whether to use buildless (standalone) extraction.",
2026-02-02T02:35:25.9790763Z             "description" : "DEPRECATED: Use `--build-mode none` instead.\nA value indicating, which type of extraction the autobuilder should perform. If 'true', then the standalone extractor will be used, otherwise tracing extraction will be performed. The default is 'false'. Note that buildless extraction will generally yield less accurate analysis results, and should only be used in cases where it is not possible to build the code (for example if it uses inaccessible dependencies).\n",
2026-02-02T02:35:25.9793720Z             "type" : "string",
2026-02-02T02:35:25.9794119Z             "pattern" : "^(false|true)$"
2026-02-02T02:35:25.9794507Z           },
2026-02-02T02:35:25.9794781Z           "logging" : {
2026-02-02T02:35:25.9795187Z             "title" : "Options pertaining to logging.",
2026-02-02T02:35:25.9795714Z             "description" : "Options pertaining to logging.",
2026-02-02T02:35:25.9796446Z             "type" : "object",
2026-02-02T02:35:25.9796815Z             "properties" : {
2026-02-02T02:35:25.9797155Z               "verbosity" : {
2026-02-02T02:35:25.9797570Z                 "title" : "Extractor logging verbosity level.",
2026-02-02T02:35:25.9799310Z                 "description" : "Controls the level of verbosity of the extractor. The supported levels are (in order of increasing verbosity):\n  - off\n  - errors\n  - warnings\n  - info or progress\n  - debug or progress+\n  - trace or progress++\n  - progress+++\n",
2026-02-02T02:35:25.9801251Z                 "type" : "string",
2026-02-02T02:35:25.9802099Z                 "pattern" : "^(off|errors|warnings|(info|progress)|(debug|progress\\+)|(trace|progress\\+\\+)|progress\\+\\+\\+)$"
2026-02-02T02:35:25.9802975Z               }
2026-02-02T02:35:25.9803283Z             }
2026-02-02T02:35:25.9803559Z           },
2026-02-02T02:35:25.9803851Z           "binlog" : {
2026-02-02T02:35:25.9804196Z             "title" : "Binlog",
2026-02-02T02:35:25.9805412Z             "description" : "[EXPERIMENTAL] The value is a path to the MsBuild binary log file that should be extracted. This option only works when `--build-mode none` is also specified.\n",
2026-02-02T02:35:25.9807044Z             "type" : "array"
2026-02-02T02:35:25.9807412Z           },
2026-02-02T02:35:25.9807742Z           "buildless_dependency_dir" : {
2026-02-02T02:35:25.9808492Z             "title" : "The path where buildless (standalone) extraction should keep dependencies.",
2026-02-02T02:35:25.9809597Z             "description" : "If set, the buildless (standalone) extractor will store dependencies in this directory.\n",
2026-02-02T02:35:25.9810408Z             "type" : "string"
2026-02-02T02:35:25.9810745Z           }
2026-02-02T02:35:25.9810989Z         }
2026-02-02T02:35:25.9811233Z       }
2026-02-02T02:35:25.9811465Z     ],
2026-02-02T02:35:25.9811712Z     "actions" : [
2026-02-02T02:35:25.9811979Z       {
2026-02-02T02:35:25.9812435Z         "extractor_root" : "/opt/hostedtoolcache/CodeQL/2.24.0/x64/codeql/actions",
2026-02-02T02:35:25.9813043Z         "extractor_options" : {
2026-02-02T02:35:25.9813396Z           "trap" : {
2026-02-02T02:35:25.9813711Z             "title" : "TRAP options",
2026-02-02T02:35:25.9814285Z             "description" : "Options about how the extractor handles TRAP files",
2026-02-02T02:35:25.9814882Z             "type" : "object",
2026-02-02T02:35:25.9815245Z             "visibility" : 3,
2026-02-02T02:35:25.9815595Z             "properties" : {
2026-02-02T02:35:25.9815932Z               "cache" : {
2026-02-02T02:35:25.9816534Z                 "title" : "TRAP cache options",
2026-02-02T02:35:25.9817125Z                 "description" : "Options about how the extractor handles its TRAP cache",
2026-02-02T02:35:25.9817705Z                 "type" : "object",
2026-02-02T02:35:25.9818068Z                 "properties" : {
2026-02-02T02:35:25.9818410Z                   "dir" : {
2026-02-02T02:35:25.9818768Z                     "title" : "TRAP cache directory",
2026-02-02T02:35:25.9819296Z                     "description" : "The directory of the TRAP cache to use",
2026-02-02T02:35:25.9819784Z                     "type" : "string"
2026-02-02T02:35:25.9820113Z                   },
2026-02-02T02:35:25.9820402Z                   "bound" : {
2026-02-02T02:35:25.9820762Z                     "title" : "TRAP cache bound",
2026-02-02T02:35:25.9821568Z                     "description" : "A soft limit (in MB) on the size of the TRAP cache",
2026-02-02T02:35:25.9822171Z                     "type" : "string",
2026-02-02T02:35:25.9822546Z                     "pattern" : "[0-9]+"
2026-02-02T02:35:25.9822911Z                   },
2026-02-02T02:35:25.9823188Z                   "write" : {
2026-02-02T02:35:25.9823588Z                     "title" : "TRAP cache writeable",
2026-02-02T02:35:25.9824165Z                     "description" : "Whether to write to the TRAP cache as well as reading it",
2026-02-02T02:35:25.9824538Z                     "type" : "string",
2026-02-02T02:35:25.9824786Z                     "pattern" : "(true|TRUE|false|FALSE)"
2026-02-02T02:35:25.9825040Z                   }
2026-02-02T02:35:25.9825206Z                 }
2026-02-02T02:35:25.9825361Z               }
2026-02-02T02:35:25.9825517Z             }
2026-02-02T02:35:25.9825669Z           }
2026-02-02T02:35:25.9825820Z         }
2026-02-02T02:35:25.9826409Z       }
2026-02-02T02:35:25.9826562Z     ]
2026-02-02T02:35:25.9826697Z   }
2026-02-02T02:35:25.9826842Z }
2026-02-02T02:35:25.9827073Z python does not support TRAP caching (missing option group)
2026-02-02T02:35:25.9827394Z Found 0 languages that support TRAP caching
2026-02-02T02:35:25.9844210Z Using Git version 2.52.0
2026-02-02T02:35:25.9858622Z Setting overlay database mode to overlay-base with caching because we are analyzing the default branch.
2026-02-02T02:35:25.9903581Z Using overlay database mode: overlay-base with caching.
2026-02-02T02:35:25.9905081Z Not performing diff-informed analysis because we are not analyzing a pull request.
2026-02-02T02:35:25.9906965Z ##[endgroup]
2026-02-02T02:35:25.9916927Z While resolving threads, found a cgroup CPUs file with 4 CPUs in /sys/fs/cgroup/cpuset.cpus.effective.
2026-02-02T02:35:25.9921716Z Skipping download of dependency cache for python as we have no caching configuration for it.
2026-02-02T02:35:25.9931565Z Writing augmented user configuration file to /home/runner/work/_temp/user-config.yaml
2026-02-02T02:35:25.9932812Z ##[group]Augmented user configuration file contents
2026-02-02T02:35:25.9944434Z default-setup:
2026-02-02T02:35:25.9944760Z   org:
2026-02-02T02:35:25.9945052Z     model-packs: []
2026-02-02T02:35:25.9945379Z threat-models: []
2026-02-02T02:35:25.9945583Z 
2026-02-02T02:35:25.9945957Z ##[endgroup]
2026-02-02T02:35:25.9949707Z [command]/opt/hostedtoolcache/CodeQL/2.24.0/x64/codeql/codeql database init --force-overwrite --db-cluster /home/runner/work/_temp/codeql_databases --source-root=/home/runner/work/scratchattach/scratchattach --calculate-language-specific-baseline --extractor-include-aliases --sublanguage-file-coverage --language=python --codescanning-config=/home/runner/work/_temp/user-config.yaml --build-mode=none --overlay-base
2026-02-02T02:35:27.5006492Z Package install location: /home/runner/.codeql/packages
2026-02-02T02:35:27.5036849Z Nothing downloaded.
2026-02-02T02:35:29.3221683Z Calculating baseline information in /home/runner/work/scratchattach/scratchattach
2026-02-02T02:35:29.9168251Z Running command in /home/runner/work/scratchattach/scratchattach: [/opt/hostedtoolcache/CodeQL/2.24.0/x64/codeql/actions/tools/configure-baseline.sh]
2026-02-02T02:35:29.9331246Z Calculated baseline information for languages: actions, python (609ms).
2026-02-02T02:35:33.2270475Z Resolving extractor python.
2026-02-02T02:35:33.2317143Z Successfully loaded extractor Python (python) from /opt/hostedtoolcache/CodeQL/2.24.0/x64/codeql/python.
2026-02-02T02:35:33.2722361Z Created skeleton CodeQL database at /home/runner/work/_temp/codeql_databases/python. This in-progress database is ready to be populated by an extractor.
2026-02-02T02:35:34.0897653Z Recording pack reference codeql/python-queries at /opt/hostedtoolcache/CodeQL/2.24.0/x64/codeql/qlpacks/codeql/python-queries/1.7.5.
2026-02-02T02:35:34.4820106Z ##[group]Run github/codeql-action/start-proxy@v4
2026-02-02T02:35:34.4820400Z with:
2026-02-02T02:35:34.4820559Z   language: python
2026-02-02T02:35:34.4820753Z   registry_secrets: []
2026-02-02T02:35:34.4821050Z   token: ***
2026-02-02T02:35:34.4821467Z   matrix: {
  "language": "python",
  "category": "/language:python",
  "build-mode": "none",
  "runner": "[\"ubuntu-latest\"]"
}
2026-02-02T02:35:34.4821939Z env:
2026-02-02T02:35:34.4822095Z   CODE_SCANNING_REF: refs/heads/main
2026-02-02T02:35:34.4822327Z   CODE_SCANNING_BASE_BRANCH: 
2026-02-02T02:35:34.4822561Z   CODE_SCANNING_IS_ANALYZING_DEFAULT_BRANCH: true
2026-02-02T02:35:34.4822854Z   CODE_SCANNING_IS_STEADY_STATE_DEFAULT_SETUP: true
2026-02-02T02:35:34.4828528Z   CODE_SCANNING_WORKFLOW_FILE: H4sIAAAAAAAA/6RV32/bNhB+919x8AakfZDzsicBBaY4cuLNsFNJQZcVBUFTJ5mLTKr8kVTt8r8PFKVYWuM5Q/1kHj9+vLvv40nQPYYwncsc36+mE2VF4EM/f/sGJTc7u53hAwoz46K2Rs+YzJFoRoXgoiTKCuLw8PQ0kSKEvBF0z9lkguIhnADMN5cxSefRer1cX5EkXryaGAvH+W+GiyiNyUUSrefXr2XaUo1kq6hgu5cYlymJ1tHq7k+3uIwX0e0q+583cE2ooFXz1S1yLKitzH/fmGZxdHlH0izK4udL0zi7vQnBKIvfnfmwSX5frDYfyGK5il+b16NU90UlH0nBq1ahyV9yq50sPl10fwG83pEPwRvHvadG8S+ziorS0tKdfdtClRU6cDo7UKHk/rd0s37ToZUVAtVbXzJAjWrPteZSaH8PAGWmXYJCmncxJoVBYcbBmrJ7WuI4qJFZxU0TtCXrEB4VNzjpSbiwGEgRoFJShVDQSvtNbRQ1WDZ9FgXlVVBQbYYg6GruQQBcsMrmeAgABNB3JOxrGewCMHePVE0I58/Al3Bby6s82MscQxBS4GjTtzGEs49Tu7XC2KCiBrWZfjo7kkrdmJ0UJzN5AfZDiWiDdSdt0JlovkN2L60BhbXU3EjVdJRWOzW7ZpyzDvfrwy+TEcFScMNpxb8i+JE0Ou4tf+5c/rkKPNk5F7zl8cBHbnYHyVqfa66Dey5yHYI7GfTv4xnVd0h7X39v/slL/RpAD+EhOMcaRY6CNQGjbMdF6Q/5vs5QPHAlxR6FgXfv4MwXF+ykNpifDYk+W1TcZTedwk9w6QdMG21A2/4NdO+g4GUIfw+E7AZSoNHYOhwpLFU5DgC4IqrAvT8dwsdXDhovCGlPwdMTfBqQmp1CatrmVC1lt9srnrq0oFbySwOFVKCw5Nq4ejsSnod++7QVtKHKBC34mCMO9IQpzFE4u3XCa2QKjZ5dLbPr2wuSxFfLNEuWcUpuks0fd0NJDo/viGPGtr5BVUi17zztZ63m+nRF3aA+VNN9V/3PfSPer3x25HqTZl0d7mHO2jbMpDWtYO2KOHMNyxgR3GySkwS1VMcJ5hGZx0m2XCznURafomKUMFSGF9wNq6Okt8kqPUVlVaUPBGPBD5NwoFQfdIf+CQAA//+2RVGDAgkAAA==
2026-02-02T02:35:34.4834333Z   CODEQL_ACTION_FEATURE_MULTI_LANGUAGE: false
2026-02-02T02:35:34.4834598Z   CODEQL_ACTION_FEATURE_SANDWICH: false
2026-02-02T02:35:34.4834840Z   CODEQL_ACTION_FEATURE_SARIF_COMBINE: true
2026-02-02T02:35:34.4835095Z   CODEQL_ACTION_FEATURE_WILL_UPLOAD: true
2026-02-02T02:35:34.4835335Z   CODEQL_ACTION_VERSION: 4.32.0
2026-02-02T02:35:34.4835582Z   JOB_RUN_UUID: 19e0adea-06d2-4d89-99b3-390f17b283a7
2026-02-02T02:35:34.4835845Z   CODEQL_ACTION_INIT_HAS_RUN: true
2026-02-02T02:35:34.4836266Z   CODEQL_ACTION_ANALYSIS_KEY: dynamic/github-code-scanning/codeql:analyze
2026-02-02T02:35:34.4836640Z   CODEQL_WORKFLOW_STARTED_AT: 2026-02-02T02:35:19.512Z
2026-02-02T02:35:34.4836889Z   CODEQL_RAM: 14580
2026-02-02T02:35:34.4837061Z   CODEQL_THREADS: 4
2026-02-02T02:35:34.4837223Z ##[endgroup]
2026-02-02T02:35:34.6406626Z Using registry_secrets input.
2026-02-02T02:35:34.6408191Z No credentials found, skipping proxy setup.
2026-02-02T02:35:34.6563858Z ##[group]Run github/codeql-action/analyze@v4
2026-02-02T02:35:34.6564133Z with:
2026-02-02T02:35:34.6564305Z   category: /language:python
2026-02-02T02:35:34.6564521Z   output: ../results
2026-02-02T02:35:34.6564694Z   upload: always
2026-02-02T02:35:34.6564867Z   skip-queries: false
2026-02-02T02:35:34.6565141Z   checkout_path: /home/runner/work/scratchattach/scratchattach
2026-02-02T02:35:34.6565450Z   upload-database: true
2026-02-02T02:35:34.6565644Z   wait-for-processing: true
2026-02-02T02:35:34.6566150Z   token: ***
2026-02-02T02:35:34.6566593Z   matrix: {
  "language": "python",
  "category": "/language:python",
  "build-mode": "none",
  "runner": "[\"ubuntu-latest\"]"
}
2026-02-02T02:35:34.6567079Z   expect-error: false
2026-02-02T02:35:34.6567260Z env:
2026-02-02T02:35:34.6567416Z   CODE_SCANNING_REF: refs/heads/main
2026-02-02T02:35:34.6567651Z   CODE_SCANNING_BASE_BRANCH: 
2026-02-02T02:35:34.6567891Z   CODE_SCANNING_IS_ANALYZING_DEFAULT_BRANCH: true
2026-02-02T02:35:34.6568215Z   CODE_SCANNING_IS_STEADY_STATE_DEFAULT_SETUP: true
2026-02-02T02:35:34.6573691Z   CODE_SCANNING_WORKFLOW_FILE: H4sIAAAAAAAA/6RV32/bNhB+919x8AakfZDzsicBBaY4cuLNsFNJQZcVBUFTJ5mLTKr8kVTt8r8PFKVYWuM5Q/1kHj9+vLvv40nQPYYwncsc36+mE2VF4EM/f/sGJTc7u53hAwoz46K2Rs+YzJFoRoXgoiTKCuLw8PQ0kSKEvBF0z9lkguIhnADMN5cxSefRer1cX5EkXryaGAvH+W+GiyiNyUUSrefXr2XaUo1kq6hgu5cYlymJ1tHq7k+3uIwX0e0q+583cE2ooFXz1S1yLKitzH/fmGZxdHlH0izK4udL0zi7vQnBKIvfnfmwSX5frDYfyGK5il+b16NU90UlH0nBq1ahyV9yq50sPl10fwG83pEPwRvHvadG8S+ziorS0tKdfdtClRU6cDo7UKHk/rd0s37ToZUVAtVbXzJAjWrPteZSaH8PAGWmXYJCmncxJoVBYcbBmrJ7WuI4qJFZxU0TtCXrEB4VNzjpSbiwGEgRoFJShVDQSvtNbRQ1WDZ9FgXlVVBQbYYg6GruQQBcsMrmeAgABNB3JOxrGewCMHePVE0I58/Al3Bby6s82MscQxBS4GjTtzGEs49Tu7XC2KCiBrWZfjo7kkrdmJ0UJzN5AfZDiWiDdSdt0JlovkN2L60BhbXU3EjVdJRWOzW7ZpyzDvfrwy+TEcFScMNpxb8i+JE0Ou4tf+5c/rkKPNk5F7zl8cBHbnYHyVqfa66Dey5yHYI7GfTv4xnVd0h7X39v/slL/RpAD+EhOMcaRY6CNQGjbMdF6Q/5vs5QPHAlxR6FgXfv4MwXF+ykNpifDYk+W1TcZTedwk9w6QdMG21A2/4NdO+g4GUIfw+E7AZSoNHYOhwpLFU5DgC4IqrAvT8dwsdXDhovCGlPwdMTfBqQmp1CatrmVC1lt9srnrq0oFbySwOFVKCw5Nq4ejsSnod++7QVtKHKBC34mCMO9IQpzFE4u3XCa2QKjZ5dLbPr2wuSxFfLNEuWcUpuks0fd0NJDo/viGPGtr5BVUi17zztZ63m+nRF3aA+VNN9V/3PfSPer3x25HqTZl0d7mHO2jbMpDWtYO2KOHMNyxgR3GySkwS1VMcJ5hGZx0m2XCznURafomKUMFSGF9wNq6Okt8kqPUVlVaUPBGPBD5NwoFQfdIf+CQAA//+2RVGDAgkAAA==
2026-02-02T02:35:34.6579514Z   CODEQL_ACTION_FEATURE_MULTI_LANGUAGE: false
2026-02-02T02:35:34.6579967Z   CODEQL_ACTION_FEATURE_SANDWICH: false
2026-02-02T02:35:34.6580211Z   CODEQL_ACTION_FEATURE_SARIF_COMBINE: true
2026-02-02T02:35:34.6580464Z   CODEQL_ACTION_FEATURE_WILL_UPLOAD: true
2026-02-02T02:35:34.6580700Z   CODEQL_ACTION_VERSION: 4.32.0
2026-02-02T02:35:34.6580944Z   JOB_RUN_UUID: 19e0adea-06d2-4d89-99b3-390f17b283a7
2026-02-02T02:35:34.6581210Z   CODEQL_ACTION_INIT_HAS_RUN: true
2026-02-02T02:35:34.6581540Z   CODEQL_ACTION_ANALYSIS_KEY: dynamic/github-code-scanning/codeql:analyze
2026-02-02T02:35:34.6581917Z   CODEQL_WORKFLOW_STARTED_AT: 2026-02-02T02:35:19.512Z
2026-02-02T02:35:34.6582168Z   CODEQL_RAM: 14580
2026-02-02T02:35:34.6582346Z   CODEQL_THREADS: 4
2026-02-02T02:35:34.6582512Z   CODEQL_PROXY_HOST: 
2026-02-02T02:35:34.6582694Z   CODEQL_PROXY_PORT: 
2026-02-02T02:35:34.6582874Z   CODEQL_PROXY_CA_CERTIFICATE: 
2026-02-02T02:35:34.6583074Z   CODEQL_PROXY_URLS: 
2026-02-02T02:35:34.6583242Z ##[endgroup]
2026-02-02T02:35:35.8178952Z While resolving threads, found a cgroup CPUs file with 4 CPUs in /sys/fs/cgroup/cpuset.cpus.effective.
2026-02-02T02:35:35.8214597Z Not performing diff-informed analysis because we are not analyzing a pull request.
2026-02-02T02:35:35.8255559Z ##[group]Extracting python
2026-02-02T02:35:35.8259604Z [command]/opt/hostedtoolcache/CodeQL/2.24.0/x64/codeql/codeql database trace-command --use-build-mode --working-dir /home/runner/work/scratchattach/scratchattach /home/runner/work/_temp/codeql_databases/python
2026-02-02T02:35:36.6310932Z Running command in /home/runner/work/scratchattach/scratchattach: [/opt/hostedtoolcache/CodeQL/2.24.0/x64/codeql/python/tools/autobuild.sh]
2026-02-02T02:35:36.7512850Z [2026-02-02 02:35:36] [build-stderr] /bin/sh: 1: python2: not found
2026-02-02T02:35:36.8079989Z [2026-02-02 02:35:36] [build-stdout] Source root appears to be the real root.
2026-02-02T02:35:36.8081228Z [2026-02-02 02:35:36] [build-stdout] Will try to guess Python version, as it was not specified in `lgtm.yml`
2026-02-02T02:35:36.8082366Z [2026-02-02 02:35:36] [build-stdout] Trying to guess Python version based on Trove classifiers in setup.py
2026-02-02T02:35:36.8087166Z [2026-02-02 02:35:36] [build-stdout] Did not find setup.py (expected it to be at /home/runner/work/scratchattach/scratchattach/setup.py)
2026-02-02T02:35:36.8090031Z [2026-02-02 02:35:36] [build-stdout] Trying to guess Python version based on travis file
2026-02-02T02:35:36.8091638Z [2026-02-02 02:35:36] [build-stdout] Did not find any travis files (expected them at either ['/home/runner/work/scratchattach/scratchattach/.travis.yml', '/home/runner/work/scratchattach/scratchattach/travis.yml'])
2026-02-02T02:35:36.8093278Z [2026-02-02 02:35:36] [build-stdout] Trying to guess Python version based on installed versions
2026-02-02T02:35:36.8094261Z [2026-02-02 02:35:36] [build-stdout] Wanted to run Python 2, but it is not available. Using Python 3 instead
2026-02-02T02:35:36.8095211Z [2026-02-02 02:35:36] [build-stdout] This script is running Python 3, but Python 2 is also available (as 'python3')
2026-02-02T02:35:36.8095855Z [2026-02-02 02:35:36] [build-stdout] Could not guess Python version, will use default: Python 3
2026-02-02T02:35:36.8097261Z [2026-02-02 02:35:36] [build-stdout] Calling python3 -S /opt/hostedtoolcache/CodeQL/2.24.0/x64/codeql/python/tools/python_tracer.py --verbosity 3 -z all -c /home/runner/work/_temp/codeql_databases/python/working/trap_cache -R /home/runner/work/scratchattach/scratchattach
2026-02-02T02:35:37.2478304Z [2026-02-02 02:35:37] [build-stdout] INFO: The Python extractor has recently stopped extracting the standard library by default. If you encounter problems, please let us know by submitting an issue to https://github.com/github/codeql. It is possible to re-enable extraction of the standard library by setting the environment variable CODEQL_EXTRACTOR_PYTHON_EXTRACT_STDLIB.
2026-02-02T02:35:37.2490703Z [2026-02-02 02:35:37] [build-stdout] [INFO] Extraction will use the Python 3 standard library.
2026-02-02T02:35:37.2499560Z [2026-02-02 02:35:37] [build-stdout] [INFO] sys_path is: ['/opt/hostedtoolcache/CodeQL/2.24.0/x64/codeql/python/tools', '/usr/lib/python312.zip', '/usr/lib/python3.12', '/usr/lib/python3.12/lib-dynload']
2026-02-02T02:35:37.2512215Z [2026-02-02 02:35:37] [build-stdout] [INFO] Python version 3.12.3
2026-02-02T02:35:37.2513185Z [2026-02-02 02:35:37] [build-stdout] [INFO] Python extractor version 7.1.7
2026-02-02T02:35:37.3467198Z [2026-02-02 02:35:37] [build-stdout] [INFO] [2] Extracted file /home/runner/work/scratchattach/scratchattach/test2.py in 24ms
2026-02-02T02:35:37.3739279Z [2026-02-02 02:35:37] [build-stdout] [INFO] [4] Extracted file /home/runner/work/scratchattach/scratchattach/test1.py in 13ms
2026-02-02T02:35:37.3913074Z [2026-02-02 02:35:37] [build-stdout] [INFO] [4] Extracted file /home/runner/work/scratchattach/scratchattach/test3.py in 17ms
2026-02-02T02:35:37.3979684Z [2026-02-02 02:35:37] [build-stdout] [INFO] [4] Extracted file /home/runner/work/scratchattach/scratchattach/install.py in 5ms
2026-02-02T02:35:37.4001959Z [2026-02-02 02:35:37] [build-stdout] [INFO] [1] Extracted file /home/runner/work/scratchattach/scratchattach/scratch_chat_db.py in 67ms
2026-02-02T02:35:37.4024312Z [2026-02-02 02:35:37] [build-stdout] [INFO] [3] Extracted file /home/runner/work/scratchattach/scratchattach/scratch_chat_requests.py in 82ms
2026-02-02T02:35:37.4029945Z [2026-02-02 02:35:37] [build-stdout] [INFO] [3] Extracted folder /usr/lib/python3.12/json in 1ms
2026-02-02T02:35:37.4038655Z [2026-02-02 02:35:37] [build-stdout] [INFO] [3] Skipped built-in file /usr/lib/python3.12/os.py
2026-02-02T02:35:37.4041307Z [2026-02-02 02:35:37] [build-stdout] [INFO] [3] Skipped built-in file /usr/lib/python3.12/json/__init__.py
2026-02-02T02:35:37.4043702Z [2026-02-02 02:35:37] [build-stdout] [INFO] [3] Skipped built-in file /usr/lib/python3.12/warnings.py
2026-02-02T02:35:37.4111394Z [2026-02-02 02:35:37] [build-stdout] [INFO] [2] Extracted file /home/runner/work/scratchattach/scratchattach/message_viewer.py in 63ms
2026-02-02T02:35:37.4137883Z [2026-02-02 02:35:37] [build-stdout] [INFO] [3] Extracted folder /usr/lib/python3.12/logging in 0ms
2026-02-02T02:35:37.4176690Z [2026-02-02 02:35:37] [build-stdout] [INFO] [2] Skipped built-in file /usr/lib/python3.12/logging/__init__.py
2026-02-02T02:35:37.4181387Z [2026-02-02 02:35:37] [build-stdout] [INFO] [2] Extracted module sys in 0ms
2026-02-02T02:35:37.4185925Z [2026-02-02 02:35:37] [build-stdout] [INFO] [4] Extracted file /home/runner/work/scratchattach/scratchattach/test4.py in 24ms
2026-02-02T02:35:37.4196679Z [2026-02-02 02:35:37] [build-stdout] [INFO] [2] Extracted module time in 8ms
2026-02-02T02:35:37.4685554Z [2026-02-02 02:35:37] [build-stdout] [INFO] [1] Extracted file /home/runner/work/scratchattach/scratchattach/aesthetic_prioritizing.py in 83ms
2026-02-02T02:35:37.5145166Z [2026-02-02 02:35:37] [build-stdout] [INFO] Processed 17 modules in 0.26s
2026-02-02T02:35:37.5565258Z ##[endgroup]
2026-02-02T02:35:37.5570321Z ##[group]Finalizing python
2026-02-02T02:35:37.5571775Z [command]/opt/hostedtoolcache/CodeQL/2.24.0/x64/codeql/codeql database finalize --finalize-dataset --threads=4 --ram=14580 /home/runner/work/_temp/codeql_databases/python
2026-02-02T02:35:38.2961615Z Running pre-finalize script /opt/hostedtoolcache/CodeQL/2.24.0/x64/codeql/python/tools/pre-finalize.sh in /home/runner/work/scratchattach/scratchattach.
2026-02-02T02:35:38.3727544Z Running command in /home/runner/work/scratchattach/scratchattach: [/opt/hostedtoolcache/CodeQL/2.24.0/x64/codeql/python/tools/pre-finalize.sh]
2026-02-02T02:35:39.1069438Z [2026-02-02 02:35:39] [build-stderr] Scanning for files in /home/runner/work/scratchattach/scratchattach...
2026-02-02T02:35:39.2517080Z [2026-02-02 02:35:39] [build-stderr] /home/runner/work/_temp/codeql_databases/python: Indexing files in in /home/runner/work/scratchattach/scratchattach...
2026-02-02T02:35:39.2831311Z [2026-02-02 02:35:39] [build-stderr] Running command in /home/runner/work/scratchattach/scratchattach: [/opt/hostedtoolcache/CodeQL/2.24.0/x64/codeql/yaml/tools/index-files.sh, /home/runner/work/_temp/codeql_databases/python/working/files-to-index7270939152086919982.list]
2026-02-02T02:35:39.8794600Z Pre-finalize script /opt/hostedtoolcache/CodeQL/2.24.0/x64/codeql/python/tools/pre-finalize.sh completed in 1583 ms.
2026-02-02T02:35:39.8827804Z Running TRAP import for CodeQL database at /home/runner/work/_temp/codeql_databases/python...
2026-02-02T02:35:40.8375647Z Importing TRAP files
2026-02-02T02:35:41.4775421Z Merging relations
2026-02-02T02:35:41.7613343Z Finished writing database (relations: 98.27 KiB; string pool: 2.08 MiB).
2026-02-02T02:35:41.7845675Z TRAP import complete (1.9s).
2026-02-02T02:35:42.0307307Z Finished zipping source archive (11.90 KiB).
2026-02-02T02:35:42.0546851Z ##[endgroup]
2026-02-02T02:35:42.0552605Z ##[group]Running queries for python
2026-02-02T02:35:42.0554403Z [command]/opt/hostedtoolcache/CodeQL/2.24.0/x64/codeql/codeql database run-queries --ram=14580 --threads=4 /home/runner/work/_temp/codeql_databases/python --min-disk-free=1024 -v
2026-02-02T02:35:42.7829123Z Writing logs to /home/runner/work/_temp/codeql_databases/python/log/database-run-queries-20260202.023542.780.log.
2026-02-02T02:35:42.7947431Z Caching the overlay frontier, since this is an overlay base database.
2026-02-02T02:35:42.8307607Z Stringpool size measured as 2179482
2026-02-02T02:35:43.4298942Z Writing logs to /home/runner/work/_temp/codeql_databases/python/log/execute-queries-20260202.023543.426.log.
2026-02-02T02:35:43.7425463Z Recording pack reference codeql/python-queries at /opt/hostedtoolcache/CodeQL/2.24.0/x64/codeql/qlpacks/codeql/python-queries/1.7.5.
2026-02-02T02:35:45.7804241Z Compiling in 3 threads due to RAM limits.
2026-02-02T02:35:46.4958453Z [1/45] Loaded /opt/hostedtoolcache/CodeQL/2.24.0/x64/codeql/qlpacks/codeql/python-queries/1.7.5/Security/CWE-020/IncompleteUrlSubstringSanitization.qlx.
2026-02-02T02:35:47.0905591Z [2/45] Loaded /opt/hostedtoolcache/CodeQL/2.24.0/x64/codeql/qlpacks/codeql/python-queries/1.7.5/Security/CWE-020/IncompleteHostnameRegExp.qlx.
2026-02-02T02:35:47.2837974Z [3/45] Loaded /opt/hostedtoolcache/CodeQL/2.24.0/x64/codeql/qlpacks/codeql/python-queries/1.7.5/Security/CWE-020/OverlyLargeRange.qlx.
2026-02-02T02:35:47.3158118Z [4/45] Loaded /opt/hostedtoolcache/CodeQL/2.24.0/x64/codeql/qlpacks/codeql/python-queries/1.7.5/Security/CWE-312/CleartextLogging.qlx.
2026-02-02T02:35:47.4579231Z [5/45] Loaded /opt/hostedtoolcache/CodeQL/2.24.0/x64/codeql/qlpacks/codeql/python-queries/1.7.5/Security/CWE-312/CleartextStorage.qlx.
2026-02-02T02:35:47.5108214Z [6/45] Loaded /opt/hostedtoolcache/CodeQL/2.24.0/x64/codeql/qlpacks/codeql/python-queries/1.7.5/Security/CWE-1275/SameSiteNoneCookie.qlx.
2026-02-02T02:35:47.6661501Z [7/45] Loaded /opt/hostedtoolcache/CodeQL/2.24.0/x64/codeql/qlpacks/codeql/python-queries/1.7.5/Security/CWE-326/WeakCryptoKey.qlx.
2026-02-02T02:35:47.7516580Z [8/45] Loaded /opt/hostedtoolcache/CodeQL/2.24.0/x64/codeql/qlpacks/codeql/python-queries/1.7.5/Security/CWE-020/CookieInjection.qlx.
2026-02-02T02:35:47.8396659Z [9/45] Loaded /opt/hostedtoolcache/CodeQL/2.24.0/x64/codeql/qlpacks/codeql/python-queries/1.7.5/Security/CWE-776/XmlBomb.qlx.
2026-02-02T02:35:47.9243378Z [10/45] Loaded /opt/hostedtoolcache/CodeQL/2.24.0/x64/codeql/qlpacks/codeql/python-queries/1.7.5/Security/CWE-113/HeaderInjection.qlx.
2026-02-02T02:35:48.0207199Z [11/45] Loaded /opt/hostedtoolcache/CodeQL/2.24.0/x64/codeql/qlpacks/codeql/python-queries/1.7.5/Security/CWE-295/MissingHostKeyValidation.qlx.
2026-02-02T02:35:48.0374405Z [12/45] Loaded /opt/hostedtoolcache/CodeQL/2.24.0/x64/codeql/qlpacks/codeql/python-queries/1.7.5/Security/CWE-601/UrlRedirect.qlx.
2026-02-02T02:35:48.0919453Z [13/45] Loaded /opt/hostedtoolcache/CodeQL/2.24.0/x64/codeql/qlpacks/codeql/python-queries/1.7.5/Security/CWE-078/CommandInjection.qlx.
2026-02-02T02:35:48.2707841Z [14/45] Loaded /opt/hostedtoolcache/CodeQL/2.24.0/x64/codeql/qlpacks/codeql/python-queries/1.7.5/Security/CWE-643/XpathInjection.qlx.
2026-02-02T02:35:48.3866377Z [15/45] Loaded /opt/hostedtoolcache/CodeQL/2.24.0/x64/codeql/qlpacks/codeql/python-queries/1.7.5/Security/CWE-079/ReflectedXss.qlx.
2026-02-02T02:35:48.5932694Z [16/45] Loaded /opt/hostedtoolcache/CodeQL/2.24.0/x64/codeql/qlpacks/codeql/python-queries/1.7.5/Security/CVE-2018-1281/BindToAllInterfaces.qlx.
2026-02-02T02:35:48.5935623Z [17/45] Loaded /opt/hostedtoolcache/CodeQL/2.24.0/x64/codeql/qlpacks/codeql/python-queries/1.7.5/Security/CWE-943/NoSqlInjection.qlx.
2026-02-02T02:35:48.6382899Z [18/45] Loaded /opt/hostedtoolcache/CodeQL/2.24.0/x64/codeql/qlpacks/codeql/python-queries/1.7.5/Security/CWE-089/SqlInjection.qlx.
2026-02-02T02:35:48.7385586Z [19/45] Loaded /opt/hostedtoolcache/CodeQL/2.24.0/x64/codeql/qlpacks/codeql/python-queries/1.7.5/Security/CWE-614/InsecureCookie.qlx.
2026-02-02T02:35:48.7874256Z [20/45] Loaded /opt/hostedtoolcache/CodeQL/2.24.0/x64/codeql/qlpacks/codeql/python-queries/1.7.5/Security/CWE-1004/NonHttpOnlyCookie.qlx.
2026-02-02T02:35:48.8011999Z [21/45] Loaded /opt/hostedtoolcache/CodeQL/2.24.0/x64/codeql/qlpacks/codeql/python-queries/1.7.5/Security/CWE-022/PathInjection.qlx.
2026-02-02T02:35:48.8276351Z [22/45] Loaded /opt/hostedtoolcache/CodeQL/2.24.0/x64/codeql/qlpacks/codeql/python-queries/1.7.5/Security/CWE-116/BadTagFilter.qlx.
2026-02-02T02:35:48.8720638Z [23/45] Loaded /opt/hostedtoolcache/CodeQL/2.24.0/x64/codeql/qlpacks/codeql/python-queries/1.7.5/Security/CWE-352/CSRFProtectionDisabled.qlx.
2026-02-02T02:35:48.8730689Z [24/45] Loaded /opt/hostedtoolcache/CodeQL/2.24.0/x64/codeql/qlpacks/codeql/python-queries/1.7.5/Security/CWE-377/InsecureTemporaryFile.qlx.
2026-02-02T02:35:48.9562661Z [25/45] Loaded /opt/hostedtoolcache/CodeQL/2.24.0/x64/codeql/qlpacks/codeql/python-queries/1.7.5/Security/CWE-730/ReDoS.qlx.
2026-02-02T02:35:49.0742769Z [26/45] Loaded /opt/hostedtoolcache/CodeQL/2.24.0/x64/codeql/qlpacks/codeql/python-queries/1.7.5/Security/CWE-730/RegexInjection.qlx.
2026-02-02T02:35:49.1048985Z [27/45] Loaded /opt/hostedtoolcache/CodeQL/2.24.0/x64/codeql/qlpacks/codeql/python-queries/1.7.5/Security/CWE-730/PolynomialReDoS.qlx.
2026-02-02T02:35:49.2249812Z [28/45] Loaded /opt/hostedtoolcache/CodeQL/2.24.0/x64/codeql/qlpacks/codeql/python-queries/1.7.5/Security/CWE-094/CodeInjection.qlx.
2026-02-02T02:35:49.2490061Z [29/45] Loaded /opt/hostedtoolcache/CodeQL/2.24.0/x64/codeql/qlpacks/codeql/python-queries/1.7.5/Security/CWE-215/FlaskDebug.qlx.
2026-02-02T02:35:49.2974845Z [30/45] Loaded /opt/hostedtoolcache/CodeQL/2.24.0/x64/codeql/qlpacks/codeql/python-queries/1.7.5/Security/CWE-502/UnsafeDeserialization.qlx.
2026-02-02T02:35:49.3540568Z [31/45] Loaded /opt/hostedtoolcache/CodeQL/2.24.0/x64/codeql/qlpacks/codeql/python-queries/1.7.5/Security/CWE-327/InsecureDefaultProtocol.qlx.
2026-02-02T02:35:49.4023660Z [32/45] Loaded /opt/hostedtoolcache/CodeQL/2.24.0/x64/codeql/qlpacks/codeql/python-queries/1.7.5/Security/CWE-074/TemplateInjection.qlx.
2026-02-02T02:35:49.4447955Z [33/45] Loaded /opt/hostedtoolcache/CodeQL/2.24.0/x64/codeql/qlpacks/codeql/python-queries/1.7.5/Security/CWE-327/InsecureProtocol.qlx.
2026-02-02T02:35:49.5633688Z [34/45] Loaded /opt/hostedtoolcache/CodeQL/2.24.0/x64/codeql/qlpacks/codeql/python-queries/1.7.5/Security/CWE-327/BrokenCryptoAlgorithm.qlx.
2026-02-02T02:35:49.6537987Z [35/45] Loaded /opt/hostedtoolcache/CodeQL/2.24.0/x64/codeql/qlpacks/codeql/python-queries/1.7.5/Security/CWE-327/WeakSensitiveDataHashing.qlx.
2026-02-02T02:35:49.7037644Z [36/45] Loaded /opt/hostedtoolcache/CodeQL/2.24.0/x64/codeql/qlpacks/codeql/python-queries/1.7.5/Security/CWE-918/FullServerSideRequestForgery.qlx.
2026-02-02T02:35:49.7889168Z [37/45] Loaded /opt/hostedtoolcache/CodeQL/2.24.0/x64/codeql/qlpacks/codeql/python-queries/1.7.5/Security/CWE-090/LdapInjection.qlx.
2026-02-02T02:35:49.8760514Z [38/45] Loaded /opt/hostedtoolcache/CodeQL/2.24.0/x64/codeql/qlpacks/codeql/python-queries/1.7.5/Security/CWE-285/PamAuthorization.qlx.
2026-02-02T02:35:49.9167061Z [39/45] Loaded /opt/hostedtoolcache/CodeQL/2.24.0/x64/codeql/qlpacks/codeql/python-queries/1.7.5/Security/CWE-209/StackTraceExposure.qlx.
2026-02-02T02:35:49.9332926Z [40/45] Loaded /opt/hostedtoolcache/CodeQL/2.24.0/x64/codeql/qlpacks/codeql/python-queries/1.7.5/Diagnostics/ExtractionWarnings.qlx.
2026-02-02T02:35:49.9380745Z [41/45] Loaded /opt/hostedtoolcache/CodeQL/2.24.0/x64/codeql/qlpacks/codeql/python-queries/1.7.5/Expressions/UseofInput.qlx.
2026-02-02T02:35:49.9524696Z [42/45] Loaded /opt/hostedtoolcache/CodeQL/2.24.0/x64/codeql/qlpacks/codeql/python-queries/1.7.5/Diagnostics/ExtractedFiles.qlx.
2026-02-02T02:35:49.9661789Z [43/45] Loaded /opt/hostedtoolcache/CodeQL/2.24.0/x64/codeql/qlpacks/codeql/python-queries/1.7.5/Summary/LinesOfUserCode.qlx.
2026-02-02T02:35:49.9699309Z [44/45] Loaded /opt/hostedtoolcache/CodeQL/2.24.0/x64/codeql/qlpacks/codeql/python-queries/1.7.5/Summary/LinesOfCode.qlx.
2026-02-02T02:35:49.9811027Z [45/45] Loaded /opt/hostedtoolcache/CodeQL/2.24.0/x64/codeql/qlpacks/codeql/python-queries/1.7.5/Security/CWE-611/Xxe.qlx.
2026-02-02T02:35:50.6814078Z Starting evaluation of codeql/python-queries/Diagnostics/ExtractedFiles.ql.
2026-02-02T02:35:50.6815206Z Starting evaluation of codeql/python-queries/Security/CVE-2018-1281/BindToAllInterfaces.ql.
2026-02-02T02:35:50.6816428Z Starting evaluation of codeql/python-queries/Diagnostics/ExtractionWarnings.ql.
2026-02-02T02:35:50.6817264Z Starting evaluation of codeql/python-queries/Expressions/UseofInput.ql.
2026-02-02T02:35:50.6913577Z Starting evaluation of codeql/python-queries/Security/CWE-020/CookieInjection.ql.
2026-02-02T02:35:50.6921081Z Starting evaluation of codeql/python-queries/Security/CWE-020/IncompleteHostnameRegExp.ql.
2026-02-02T02:35:52.7327823Z [1/45 eval 2s] Evaluation done; writing results to codeql/python-queries/Diagnostics/ExtractionWarnings.bqrs.
2026-02-02T02:35:52.7371751Z [2/45 eval 2.1s] Evaluation done; writing results to codeql/python-queries/Diagnostics/ExtractedFiles.bqrs.
2026-02-02T02:35:52.7619085Z [3/45 eval 2.1s] Evaluation done; writing results to codeql/python-queries/Security/CVE-2018-1281/BindToAllInterfaces.bqrs.
2026-02-02T02:35:52.7620463Z [4/45 eval 2.1s] Evaluation done; writing results to codeql/python-queries/Expressions/UseofInput.bqrs.
2026-02-02T02:35:52.9902765Z Starting evaluation of codeql/python-queries/Security/CWE-020/IncompleteUrlSubstringSanitization.ql.
2026-02-02T02:35:52.9903859Z Starting evaluation of codeql/python-queries/Security/CWE-020/OverlyLargeRange.ql.
2026-02-02T02:35:53.0497863Z [5/45 eval 58ms] Evaluation done; writing results to codeql/python-queries/Security/CWE-020/IncompleteUrlSubstringSanitization.bqrs.
2026-02-02T02:35:53.0628359Z Starting evaluation of codeql/python-queries/Security/CWE-022/PathInjection.ql.
2026-02-02T02:35:53.1158949Z Starting evaluation of codeql/python-queries/Security/CWE-074/TemplateInjection.ql.
2026-02-02T02:35:53.1799897Z Starting evaluation of codeql/python-queries/Security/CWE-078/CommandInjection.ql.
2026-02-02T02:35:53.2368823Z Starting evaluation of codeql/python-queries/Security/CWE-079/ReflectedXss.ql.
2026-02-02T02:35:53.3092316Z Starting evaluation of codeql/python-queries/Security/CWE-089/SqlInjection.ql.
2026-02-02T02:35:53.3727416Z Starting evaluation of codeql/python-queries/Security/CWE-090/LdapInjection.ql.
2026-02-02T02:35:53.3728884Z Starting evaluation of codeql/python-queries/Security/CWE-094/CodeInjection.ql.
2026-02-02T02:35:53.4617058Z Starting evaluation of codeql/python-queries/Security/CWE-1004/NonHttpOnlyCookie.ql.
2026-02-02T02:35:53.4738516Z Starting evaluation of codeql/python-queries/Security/CWE-113/HeaderInjection.ql.
2026-02-02T02:35:53.5108417Z Starting evaluation of codeql/python-queries/Security/CWE-116/BadTagFilter.ql.
2026-02-02T02:35:53.5333272Z Starting evaluation of codeql/python-queries/Security/CWE-1275/SameSiteNoneCookie.ql.
2026-02-02T02:35:53.5421062Z Starting evaluation of codeql/python-queries/Security/CWE-209/StackTraceExposure.ql.
2026-02-02T02:35:53.5620166Z [6/45 eval 28ms] Evaluation done; writing results to codeql/python-queries/Security/CWE-1275/SameSiteNoneCookie.bqrs.
2026-02-02T02:35:53.5740087Z Starting evaluation of codeql/python-queries/Security/CWE-215/FlaskDebug.ql.
2026-02-02T02:35:53.7716643Z Starting evaluation of codeql/python-queries/Security/CWE-285/PamAuthorization.ql.
2026-02-02T02:35:53.7745512Z Starting evaluation of codeql/python-queries/Security/CWE-295/MissingHostKeyValidation.ql.
2026-02-02T02:35:53.8024482Z Starting evaluation of codeql/python-queries/Security/CWE-312/CleartextLogging.ql.
2026-02-02T02:35:54.0357533Z Starting evaluation of codeql/python-queries/Security/CWE-312/CleartextStorage.ql.
2026-02-02T02:35:54.0377090Z Starting evaluation of codeql/python-queries/Security/CWE-326/WeakCryptoKey.ql.
2026-02-02T02:35:54.1247258Z Starting evaluation of codeql/python-queries/Security/CWE-327/BrokenCryptoAlgorithm.ql.
2026-02-02T02:35:54.1402276Z Starting evaluation of codeql/python-queries/Security/CWE-327/InsecureDefaultProtocol.ql.
2026-02-02T02:35:54.1419445Z Starting evaluation of codeql/python-queries/Security/CWE-327/InsecureProtocol.ql.
2026-02-02T02:35:54.1729173Z Starting evaluation of codeql/python-queries/Security/CWE-327/WeakSensitiveDataHashing.ql.
2026-02-02T02:35:54.2089588Z Starting evaluation of codeql/python-queries/Security/CWE-352/CSRFProtectionDisabled.ql.
2026-02-02T02:35:54.2128416Z Starting evaluation of codeql/python-queries/Security/CWE-377/InsecureTemporaryFile.ql.
2026-02-02T02:35:54.2149918Z Starting evaluation of codeql/python-queries/Security/CWE-502/UnsafeDeserialization.ql.
2026-02-02T02:35:54.2157461Z Starting evaluation of codeql/python-queries/Security/CWE-601/UrlRedirect.ql.
2026-02-02T02:35:54.2164337Z [7/45 eval 10ms] Evaluation done; writing results to codeql/python-queries/Security/CWE-352/CSRFProtectionDisabled.bqrs.
2026-02-02T02:35:54.2856978Z Starting evaluation of codeql/python-queries/Security/CWE-611/Xxe.ql.
2026-02-02T02:35:54.3440901Z Starting evaluation of codeql/python-queries/Security/CWE-614/InsecureCookie.ql.
2026-02-02T02:35:54.3463243Z Starting evaluation of codeql/python-queries/Security/CWE-643/XpathInjection.ql.
2026-02-02T02:35:54.3789363Z Starting evaluation of codeql/python-queries/Security/CWE-730/PolynomialReDoS.ql.
2026-02-02T02:35:54.3790737Z Starting evaluation of codeql/python-queries/Security/CWE-730/ReDoS.ql.
2026-02-02T02:35:54.4106558Z Starting evaluation of codeql/python-queries/Security/CWE-730/RegexInjection.ql.
2026-02-02T02:35:54.4116282Z Starting evaluation of codeql/python-queries/Security/CWE-776/XmlBomb.ql.
2026-02-02T02:35:54.4511108Z Starting evaluation of codeql/python-queries/Security/CWE-918/FullServerSideRequestForgery.ql.
2026-02-02T02:35:54.4823947Z Starting evaluation of codeql/python-queries/Security/CWE-943/NoSqlInjection.ql.
2026-02-02T02:35:54.5367167Z [8/45 eval 395ms] Evaluation done; writing results to codeql/python-queries/Security/CWE-327/InsecureDefaultProtocol.bqrs.
2026-02-02T02:35:54.5391655Z [9/45 eval 764ms] Evaluation done; writing results to codeql/python-queries/Security/CWE-295/MissingHostKeyValidation.bqrs.
2026-02-02T02:35:54.6907470Z [10/45 eval 565ms] Evaluation done; writing results to codeql/python-queries/Security/CWE-327/BrokenCryptoAlgorithm.bqrs.
2026-02-02T02:35:54.6932022Z [11/45 eval 657ms] Evaluation done; writing results to codeql/python-queries/Security/CWE-326/WeakCryptoKey.bqrs.
2026-02-02T02:35:54.7153968Z [12/45 eval 542ms] Evaluation done; writing results to codeql/python-queries/Security/CWE-327/WeakSensitiveDataHashing.bqrs.
2026-02-02T02:35:54.7353961Z Starting evaluation of codeql/python-queries/Summary/LinesOfCode.ql.
2026-02-02T02:35:54.7388100Z Starting evaluation of codeql/python-queries/Summary/LinesOfUserCode.ql.
2026-02-02T02:35:54.7394951Z [13/45 eval 3ms] Evaluation done; writing results to codeql/python-queries/Summary/LinesOfCode.bqrs.
2026-02-02T02:35:54.7722757Z [14/45 eval 34ms] Evaluation done; writing results to codeql/python-queries/Summary/LinesOfUserCode.bqrs.
2026-02-02T02:35:55.1627381Z [15/45 eval 680ms] Evaluation done; writing results to codeql/python-queries/Security/CWE-943/NoSqlInjection.bqrs.
2026-02-02T02:35:55.2139859Z [16/45 eval 2.1s] Evaluation done; writing results to codeql/python-queries/Security/CWE-074/TemplateInjection.bqrs.
2026-02-02T02:35:55.2412485Z [17/45 eval 892ms] Evaluation done; writing results to codeql/python-queries/Security/CWE-643/XpathInjection.bqrs.
2026-02-02T02:35:55.2697142Z [18/45 eval 1.1s] Evaluation done; writing results to codeql/python-queries/Security/CWE-601/UrlRedirect.bqrs.
2026-02-02T02:35:55.3548113Z [19/45 eval 2.4s] Evaluation done; writing results to codeql/python-queries/Security/CWE-020/OverlyLargeRange.bqrs.
2026-02-02T02:35:55.3655075Z [20/45 eval 4.7s] Evaluation done; writing results to codeql/python-queries/Security/CWE-020/IncompleteHostnameRegExp.bqrs.
2026-02-02T02:35:55.3656612Z [21/45 eval 988ms] Evaluation done; writing results to codeql/python-queries/Security/CWE-730/ReDoS.bqrs.
2026-02-02T02:35:55.3667734Z [22/45 eval 1.9s] Evaluation done; writing results to codeql/python-queries/Security/CWE-116/BadTagFilter.bqrs.
2026-02-02T02:35:55.3833106Z [23/45 eval 1s] Evaluation done; writing results to codeql/python-queries/Security/CWE-730/PolynomialReDoS.bqrs.
2026-02-02T02:35:55.3957086Z [24/45 eval 1.1s] Evaluation done; writing results to codeql/python-queries/Security/CWE-611/Xxe.bqrs.
2026-02-02T02:35:55.4099936Z [25/45 eval 4.7s] Evaluation done; writing results to codeql/python-queries/Security/CWE-020/CookieInjection.bqrs.
2026-02-02T02:35:55.4359786Z [26/45 eval 2.1s] Evaluation done; writing results to codeql/python-queries/Security/CWE-094/CodeInjection.bqrs.
2026-02-02T02:35:55.5291095Z [27/45 eval 2.3s] Evaluation done; writing results to codeql/python-queries/Security/CWE-079/ReflectedXss.bqrs.
2026-02-02T02:35:55.5668747Z [28/45 eval 2.5s] Evaluation done; writing results to codeql/python-queries/Security/CWE-022/PathInjection.bqrs.
2026-02-02T02:35:55.5867014Z [29/45 eval 2.3s] Evaluation done; writing results to codeql/python-queries/Security/CWE-089/SqlInjection.bqrs.
2026-02-02T02:35:55.6047697Z [30/45 eval 2.2s] Evaluation done; writing results to codeql/python-queries/Security/CWE-090/LdapInjection.bqrs.
2026-02-02T02:35:55.6103976Z [31/45 eval 2.4s] Evaluation done; writing results to codeql/python-queries/Security/CWE-078/CommandInjection.bqrs.
2026-02-02T02:35:55.6327123Z [32/45 eval 2.2s] Evaluation done; writing results to codeql/python-queries/Security/CWE-113/HeaderInjection.bqrs.
2026-02-02T02:35:55.6516765Z [33/45 eval 2.2s] Evaluation done; writing results to codeql/python-queries/Security/CWE-1004/NonHttpOnlyCookie.bqrs.
2026-02-02T02:35:55.6606932Z [34/45 eval 1.9s] Evaluation done; writing results to codeql/python-queries/Security/CWE-285/PamAuthorization.bqrs.
2026-02-02T02:35:55.6720848Z [35/45 eval 2.1s] Evaluation done; writing results to codeql/python-queries/Security/CWE-209/StackTraceExposure.bqrs.
2026-02-02T02:35:55.6722152Z [36/45 eval 2.1s] Evaluation done; writing results to codeql/python-queries/Security/CWE-215/FlaskDebug.bqrs.
2026-02-02T02:35:55.7738745Z [37/45 eval 1.7s] Evaluation done; writing results to codeql/python-queries/Security/CWE-312/CleartextStorage.bqrs.
2026-02-02T02:35:55.7819064Z [38/45 eval 1.6s] Evaluation done; writing results to codeql/python-queries/Security/CWE-327/InsecureProtocol.bqrs.
2026-02-02T02:35:55.7863986Z [39/45 eval 1.4s] Evaluation done; writing results to codeql/python-queries/Security/CWE-614/InsecureCookie.bqrs.
2026-02-02T02:35:55.8030417Z [40/45 eval 2s] Evaluation done; writing results to codeql/python-queries/Security/CWE-312/CleartextLogging.bqrs.
2026-02-02T02:35:55.8084179Z [41/45 eval 1.6s] Evaluation done; writing results to codeql/python-queries/Security/CWE-502/UnsafeDeserialization.bqrs.
2026-02-02T02:35:55.8332755Z [42/45 eval 1.6s] Evaluation done; writing results to codeql/python-queries/Security/CWE-377/InsecureTemporaryFile.bqrs.
2026-02-02T02:35:55.8334115Z [43/45 eval 1.4s] Evaluation done; writing results to codeql/python-queries/Security/CWE-730/RegexInjection.bqrs.
2026-02-02T02:35:55.8395796Z [44/45 eval 1.4s] Evaluation done; writing results to codeql/python-queries/Security/CWE-776/XmlBomb.bqrs.
2026-02-02T02:35:56.0121563Z [45/45 eval 1.6s] Evaluation done; writing results to codeql/python-queries/Security/CWE-918/FullServerSideRequestForgery.bqrs.
2026-02-02T02:35:56.0148589Z Shutting down query evaluator.
2026-02-02T02:35:56.3329032Z Interpreting code scanning results for python
2026-02-02T02:35:57.0633176Z Writing logs to /home/runner/work/_temp/codeql_databases/python/log/database-interpret-results-20260202.023557.060.log.
2026-02-02T02:35:57.2032089Z Recording pack reference codeql/python-queries at /opt/hostedtoolcache/CodeQL/2.24.0/x64/codeql/qlpacks/codeql/python-queries/1.7.5.
2026-02-02T02:35:57.2297515Z Resolving extensions
2026-02-02T02:35:58.3349037Z Interpreting /opt/hostedtoolcache/CodeQL/2.24.0/x64/codeql/qlpacks/codeql/python-queries/1.7.5/Security/CWE-312/CleartextLogging.ql...
2026-02-02T02:35:58.3613998Z  ... found results file at /home/runner/work/_temp/codeql_databases/python/results/codeql/python-queries/Security/CWE-312/CleartextLogging.bqrs.
2026-02-02T02:35:58.3788405Z Interpreting /opt/hostedtoolcache/CodeQL/2.24.0/x64/codeql/qlpacks/codeql/python-queries/1.7.5/Security/CWE-312/CleartextStorage.ql...
2026-02-02T02:35:58.3893326Z  ... found results file at /home/runner/work/_temp/codeql_databases/python/results/codeql/python-queries/Security/CWE-312/CleartextStorage.bqrs.
2026-02-02T02:35:58.3904064Z Interpreting /opt/hostedtoolcache/CodeQL/2.24.0/x64/codeql/qlpacks/codeql/python-queries/1.7.5/Security/CWE-020/IncompleteUrlSubstringSanitization.ql...
2026-02-02T02:35:58.4033857Z  ... found results file at /home/runner/work/_temp/codeql_databases/python/results/codeql/python-queries/Security/CWE-020/IncompleteUrlSubstringSanitization.bqrs.
2026-02-02T02:35:58.4041866Z Interpreting /opt/hostedtoolcache/CodeQL/2.24.0/x64/codeql/qlpacks/codeql/python-queries/1.7.5/Security/CWE-020/IncompleteHostnameRegExp.ql...
2026-02-02T02:35:58.4150803Z  ... found results file at /home/runner/work/_temp/codeql_databases/python/results/codeql/python-queries/Security/CWE-020/IncompleteHostnameRegExp.bqrs.
2026-02-02T02:35:58.4159358Z Interpreting /opt/hostedtoolcache/CodeQL/2.24.0/x64/codeql/qlpacks/codeql/python-queries/1.7.5/Security/CWE-020/OverlyLargeRange.ql...
2026-02-02T02:35:58.4270962Z  ... found results file at /home/runner/work/_temp/codeql_databases/python/results/codeql/python-queries/Security/CWE-020/OverlyLargeRange.bqrs.
2026-02-02T02:35:58.4280182Z Interpreting /opt/hostedtoolcache/CodeQL/2.24.0/x64/codeql/qlpacks/codeql/python-queries/1.7.5/Security/CWE-020/CookieInjection.ql...
2026-02-02T02:35:58.4374089Z  ... found results file at /home/runner/work/_temp/codeql_databases/python/results/codeql/python-queries/Security/CWE-020/CookieInjection.bqrs.
2026-02-02T02:35:58.4383370Z Interpreting /opt/hostedtoolcache/CodeQL/2.24.0/x64/codeql/qlpacks/codeql/python-queries/1.7.5/Security/CWE-1275/SameSiteNoneCookie.ql...
2026-02-02T02:35:58.4485291Z  ... found results file at /home/runner/work/_temp/codeql_databases/python/results/codeql/python-queries/Security/CWE-1275/SameSiteNoneCookie.bqrs.
2026-02-02T02:35:58.4498606Z Interpreting /opt/hostedtoolcache/CodeQL/2.24.0/x64/codeql/qlpacks/codeql/python-queries/1.7.5/Security/CWE-776/XmlBomb.ql...
2026-02-02T02:35:58.4583108Z  ... found results file at /home/runner/work/_temp/codeql_databases/python/results/codeql/python-queries/Security/CWE-776/XmlBomb.bqrs.
2026-02-02T02:35:58.4590701Z Interpreting /opt/hostedtoolcache/CodeQL/2.24.0/x64/codeql/qlpacks/codeql/python-queries/1.7.5/Security/CWE-326/WeakCryptoKey.ql...
2026-02-02T02:35:58.4690062Z  ... found results file at /home/runner/work/_temp/codeql_databases/python/results/codeql/python-queries/Security/CWE-326/WeakCryptoKey.bqrs.
2026-02-02T02:35:58.4718499Z Interpreting /opt/hostedtoolcache/CodeQL/2.24.0/x64/codeql/qlpacks/codeql/python-queries/1.7.5/Security/CWE-113/HeaderInjection.ql...
2026-02-02T02:35:58.4791806Z  ... found results file at /home/runner/work/_temp/codeql_databases/python/results/codeql/python-queries/Security/CWE-113/HeaderInjection.bqrs.
2026-02-02T02:35:58.4798666Z Interpreting /opt/hostedtoolcache/CodeQL/2.24.0/x64/codeql/qlpacks/codeql/python-queries/1.7.5/Security/CWE-601/UrlRedirect.ql...
2026-02-02T02:35:58.4868266Z  ... found results file at /home/runner/work/_temp/codeql_databases/python/results/codeql/python-queries/Security/CWE-601/UrlRedirect.bqrs.
2026-02-02T02:35:58.4952862Z Interpreting /opt/hostedtoolcache/CodeQL/2.24.0/x64/codeql/qlpacks/codeql/python-queries/1.7.5/Security/CWE-078/CommandInjection.ql...
2026-02-02T02:35:58.5025691Z  ... found results file at /home/runner/work/_temp/codeql_databases/python/results/codeql/python-queries/Security/CWE-078/CommandInjection.bqrs.
2026-02-02T02:35:58.5036288Z Interpreting /opt/hostedtoolcache/CodeQL/2.24.0/x64/codeql/qlpacks/codeql/python-queries/1.7.5/Security/CWE-295/MissingHostKeyValidation.ql...
2026-02-02T02:35:58.5122625Z  ... found results file at /home/runner/work/_temp/codeql_databases/python/results/codeql/python-queries/Security/CWE-295/MissingHostKeyValidation.bqrs.
2026-02-02T02:35:58.5131623Z Interpreting /opt/hostedtoolcache/CodeQL/2.24.0/x64/codeql/qlpacks/codeql/python-queries/1.7.5/Security/CWE-943/NoSqlInjection.ql...
2026-02-02T02:35:58.5220282Z  ... found results file at /home/runner/work/_temp/codeql_databases/python/results/codeql/python-queries/Security/CWE-943/NoSqlInjection.bqrs.
2026-02-02T02:35:58.5231322Z Interpreting /opt/hostedtoolcache/CodeQL/2.24.0/x64/codeql/qlpacks/codeql/python-queries/1.7.5/Security/CWE-643/XpathInjection.ql...
2026-02-02T02:35:58.5304531Z  ... found results file at /home/runner/work/_temp/codeql_databases/python/results/codeql/python-queries/Security/CWE-643/XpathInjection.bqrs.
2026-02-02T02:35:58.5311620Z Interpreting /opt/hostedtoolcache/CodeQL/2.24.0/x64/codeql/qlpacks/codeql/python-queries/1.7.5/Security/CWE-079/ReflectedXss.ql...
2026-02-02T02:35:58.5397325Z  ... found results file at /home/runner/work/_temp/codeql_databases/python/results/codeql/python-queries/Security/CWE-079/ReflectedXss.bqrs.
2026-02-02T02:35:58.5400897Z Interpreting /opt/hostedtoolcache/CodeQL/2.24.0/x64/codeql/qlpacks/codeql/python-queries/1.7.5/Security/CWE-089/SqlInjection.ql...
2026-02-02T02:35:58.5482464Z  ... found results file at /home/runner/work/_temp/codeql_databases/python/results/codeql/python-queries/Security/CWE-089/SqlInjection.bqrs.
2026-02-02T02:35:58.5489951Z Interpreting /opt/hostedtoolcache/CodeQL/2.24.0/x64/codeql/qlpacks/codeql/python-queries/1.7.5/Security/CVE-2018-1281/BindToAllInterfaces.ql...
2026-02-02T02:35:58.5580136Z  ... found results file at /home/runner/work/_temp/codeql_databases/python/results/codeql/python-queries/Security/CVE-2018-1281/BindToAllInterfaces.bqrs.
2026-02-02T02:35:58.5585591Z Interpreting /opt/hostedtoolcache/CodeQL/2.24.0/x64/codeql/qlpacks/codeql/python-queries/1.7.5/Security/CWE-022/PathInjection.ql...
2026-02-02T02:35:58.5654607Z  ... found results file at /home/runner/work/_temp/codeql_databases/python/results/codeql/python-queries/Security/CWE-022/PathInjection.bqrs.
2026-02-02T02:35:58.5663560Z Interpreting /opt/hostedtoolcache/CodeQL/2.24.0/x64/codeql/qlpacks/codeql/python-queries/1.7.5/Security/CWE-614/InsecureCookie.ql...
2026-02-02T02:35:58.5744005Z  ... found results file at /home/runner/work/_temp/codeql_databases/python/results/codeql/python-queries/Security/CWE-614/InsecureCookie.bqrs.
2026-02-02T02:35:58.5761137Z Interpreting /opt/hostedtoolcache/CodeQL/2.24.0/x64/codeql/qlpacks/codeql/python-queries/1.7.5/Security/CWE-1004/NonHttpOnlyCookie.ql...
2026-02-02T02:35:58.5834745Z  ... found results file at /home/runner/work/_temp/codeql_databases/python/results/codeql/python-queries/Security/CWE-1004/NonHttpOnlyCookie.bqrs.
2026-02-02T02:35:58.5846553Z Interpreting /opt/hostedtoolcache/CodeQL/2.24.0/x64/codeql/qlpacks/codeql/python-queries/1.7.5/Security/CWE-116/BadTagFilter.ql...
2026-02-02T02:35:58.5924448Z  ... found results file at /home/runner/work/_temp/codeql_databases/python/results/codeql/python-queries/Security/CWE-116/BadTagFilter.bqrs.
2026-02-02T02:35:58.5958444Z Interpreting /opt/hostedtoolcache/CodeQL/2.24.0/x64/codeql/qlpacks/codeql/python-queries/1.7.5/Security/CWE-377/InsecureTemporaryFile.ql...
2026-02-02T02:35:58.6010180Z  ... found results file at /home/runner/work/_temp/codeql_databases/python/results/codeql/python-queries/Security/CWE-377/InsecureTemporaryFile.bqrs.
2026-02-02T02:35:58.6017067Z Interpreting /opt/hostedtoolcache/CodeQL/2.24.0/x64/codeql/qlpacks/codeql/python-queries/1.7.5/Security/CWE-352/CSRFProtectionDisabled.ql...
2026-02-02T02:35:58.6095533Z  ... found results file at /home/runner/work/_temp/codeql_databases/python/results/codeql/python-queries/Security/CWE-352/CSRFProtectionDisabled.bqrs.
2026-02-02T02:35:58.6102572Z Interpreting /opt/hostedtoolcache/CodeQL/2.24.0/x64/codeql/qlpacks/codeql/python-queries/1.7.5/Security/CWE-730/ReDoS.ql...
2026-02-02T02:35:58.6177612Z  ... found results file at /home/runner/work/_temp/codeql_databases/python/results/codeql/python-queries/Security/CWE-730/ReDoS.bqrs.
2026-02-02T02:35:58.6180044Z Interpreting /opt/hostedtoolcache/CodeQL/2.24.0/x64/codeql/qlpacks/codeql/python-queries/1.7.5/Security/CWE-730/PolynomialReDoS.ql...
2026-02-02T02:35:58.6269752Z  ... found results file at /home/runner/work/_temp/codeql_databases/python/results/codeql/python-queries/Security/CWE-730/PolynomialReDoS.bqrs.
2026-02-02T02:35:58.6275289Z Interpreting /opt/hostedtoolcache/CodeQL/2.24.0/x64/codeql/qlpacks/codeql/python-queries/1.7.5/Security/CWE-730/RegexInjection.ql...
2026-02-02T02:35:58.6324663Z  ... found results file at /home/runner/work/_temp/codeql_databases/python/results/codeql/python-queries/Security/CWE-730/RegexInjection.bqrs.
2026-02-02T02:35:58.6333266Z Interpreting /opt/hostedtoolcache/CodeQL/2.24.0/x64/codeql/qlpacks/codeql/python-queries/1.7.5/Security/CWE-094/CodeInjection.ql...
2026-02-02T02:35:58.6429668Z  ... found results file at /home/runner/work/_temp/codeql_databases/python/results/codeql/python-queries/Security/CWE-094/CodeInjection.bqrs.
2026-02-02T02:35:58.6431754Z Interpreting /opt/hostedtoolcache/CodeQL/2.24.0/x64/codeql/qlpacks/codeql/python-queries/1.7.5/Security/CWE-502/UnsafeDeserialization.ql...
2026-02-02T02:35:58.6473700Z  ... found results file at /home/runner/work/_temp/codeql_databases/python/results/codeql/python-queries/Security/CWE-502/UnsafeDeserialization.bqrs.
2026-02-02T02:35:58.6480329Z Interpreting /opt/hostedtoolcache/CodeQL/2.24.0/x64/codeql/qlpacks/codeql/python-queries/1.7.5/Security/CWE-215/FlaskDebug.ql...
2026-02-02T02:35:58.6539434Z  ... found results file at /home/runner/work/_temp/codeql_databases/python/results/codeql/python-queries/Security/CWE-215/FlaskDebug.bqrs.
2026-02-02T02:35:58.6547073Z Interpreting /opt/hostedtoolcache/CodeQL/2.24.0/x64/codeql/qlpacks/codeql/python-queries/1.7.5/Security/CWE-074/TemplateInjection.ql...
2026-02-02T02:35:58.6609575Z  ... found results file at /home/runner/work/_temp/codeql_databases/python/results/codeql/python-queries/Security/CWE-074/TemplateInjection.bqrs.
2026-02-02T02:35:58.6616303Z Interpreting /opt/hostedtoolcache/CodeQL/2.24.0/x64/codeql/qlpacks/codeql/python-queries/1.7.5/Security/CWE-327/InsecureProtocol.ql...
2026-02-02T02:35:58.6701475Z  ... found results file at /home/runner/work/_temp/codeql_databases/python/results/codeql/python-queries/Security/CWE-327/InsecureProtocol.bqrs.
2026-02-02T02:35:58.6706568Z Interpreting /opt/hostedtoolcache/CodeQL/2.24.0/x64/codeql/qlpacks/codeql/python-queries/1.7.5/Security/CWE-327/InsecureDefaultProtocol.ql...
2026-02-02T02:35:58.6771303Z  ... found results file at /home/runner/work/_temp/codeql_databases/python/results/codeql/python-queries/Security/CWE-327/InsecureDefaultProtocol.bqrs.
2026-02-02T02:35:58.6801131Z Interpreting /opt/hostedtoolcache/CodeQL/2.24.0/x64/codeql/qlpacks/codeql/python-queries/1.7.5/Security/CWE-327/WeakSensitiveDataHashing.ql...
2026-02-02T02:35:58.6841248Z  ... found results file at /home/runner/work/_temp/codeql_databases/python/results/codeql/python-queries/Security/CWE-327/WeakSensitiveDataHashing.bqrs.
2026-02-02T02:35:58.6848317Z Interpreting /opt/hostedtoolcache/CodeQL/2.24.0/x64/codeql/qlpacks/codeql/python-queries/1.7.5/Security/CWE-327/BrokenCryptoAlgorithm.ql...
2026-02-02T02:35:58.6901327Z  ... found results file at /home/runner/work/_temp/codeql_databases/python/results/codeql/python-queries/Security/CWE-327/BrokenCryptoAlgorithm.bqrs.
2026-02-02T02:35:58.6908473Z Interpreting /opt/hostedtoolcache/CodeQL/2.24.0/x64/codeql/qlpacks/codeql/python-queries/1.7.5/Security/CWE-918/FullServerSideRequestForgery.ql...
2026-02-02T02:35:58.6960251Z  ... found results file at /home/runner/work/_temp/codeql_databases/python/results/codeql/python-queries/Security/CWE-918/FullServerSideRequestForgery.bqrs.
2026-02-02T02:35:58.6964688Z Interpreting /opt/hostedtoolcache/CodeQL/2.24.0/x64/codeql/qlpacks/codeql/python-queries/1.7.5/Security/CWE-090/LdapInjection.ql...
2026-02-02T02:35:58.7029411Z  ... found results file at /home/runner/work/_temp/codeql_databases/python/results/codeql/python-queries/Security/CWE-090/LdapInjection.bqrs.
2026-02-02T02:35:58.7041896Z Interpreting /opt/hostedtoolcache/CodeQL/2.24.0/x64/codeql/qlpacks/codeql/python-queries/1.7.5/Security/CWE-285/PamAuthorization.ql...
2026-02-02T02:35:58.7121187Z  ... found results file at /home/runner/work/_temp/codeql_databases/python/results/codeql/python-queries/Security/CWE-285/PamAuthorization.bqrs.
2026-02-02T02:35:58.7132303Z Interpreting /opt/hostedtoolcache/CodeQL/2.24.0/x64/codeql/qlpacks/codeql/python-queries/1.7.5/Security/CWE-209/StackTraceExposure.ql...
2026-02-02T02:35:58.7195607Z  ... found results file at /home/runner/work/_temp/codeql_databases/python/results/codeql/python-queries/Security/CWE-209/StackTraceExposure.bqrs.
2026-02-02T02:35:58.7197745Z Interpreting /opt/hostedtoolcache/CodeQL/2.24.0/x64/codeql/qlpacks/codeql/python-queries/1.7.5/Security/CWE-611/Xxe.ql...
2026-02-02T02:35:58.7254286Z  ... found results file at /home/runner/work/_temp/codeql_databases/python/results/codeql/python-queries/Security/CWE-611/Xxe.bqrs.
2026-02-02T02:35:58.7260466Z Interpreting /opt/hostedtoolcache/CodeQL/2.24.0/x64/codeql/qlpacks/codeql/python-queries/1.7.5/Expressions/UseofInput.ql...
2026-02-02T02:35:58.7338404Z  ... found results file at /home/runner/work/_temp/codeql_databases/python/results/codeql/python-queries/Expressions/UseofInput.bqrs.
2026-02-02T02:35:58.7340454Z Interpreting /opt/hostedtoolcache/CodeQL/2.24.0/x64/codeql/qlpacks/codeql/python-queries/1.7.5/Diagnostics/ExtractionWarnings.ql...
2026-02-02T02:35:58.7390273Z  ... found results file at /home/runner/work/_temp/codeql_databases/python/results/codeql/python-queries/Diagnostics/ExtractionWarnings.bqrs.
2026-02-02T02:35:58.7395068Z Interpreting /opt/hostedtoolcache/CodeQL/2.24.0/x64/codeql/qlpacks/codeql/python-queries/1.7.5/Diagnostics/ExtractedFiles.ql...
2026-02-02T02:35:58.7467369Z  ... found results file at /home/runner/work/_temp/codeql_databases/python/results/codeql/python-queries/Diagnostics/ExtractedFiles.bqrs.
2026-02-02T02:35:58.7472814Z Interpreting /opt/hostedtoolcache/CodeQL/2.24.0/x64/codeql/qlpacks/codeql/python-queries/1.7.5/Summary/LinesOfUserCode.ql...
2026-02-02T02:35:58.7518438Z  ... found results file at /home/runner/work/_temp/codeql_databases/python/results/codeql/python-queries/Summary/LinesOfUserCode.bqrs.
2026-02-02T02:35:58.7522710Z Interpreting /opt/hostedtoolcache/CodeQL/2.24.0/x64/codeql/qlpacks/codeql/python-queries/1.7.5/Summary/LinesOfCode.ql...
2026-02-02T02:35:58.7578142Z  ... found results file at /home/runner/work/_temp/codeql_databases/python/results/codeql/python-queries/Summary/LinesOfCode.bqrs.
2026-02-02T02:35:58.8264057Z Interpreted pathproblem query "Clear-text logging of sensitive information" (py/clear-text-logging-sensitive-data) at path /home/runner/work/_temp/codeql_databases/python/results/codeql/python-queries/Security/CWE-312/CleartextLogging.bqrs.
2026-02-02T02:35:58.8269543Z Interpreted pathproblem query "Clear-text storage of sensitive information" (py/clear-text-storage-sensitive-data) at path /home/runner/work/_temp/codeql_databases/python/results/codeql/python-queries/Security/CWE-312/CleartextStorage.bqrs.
2026-02-02T02:35:58.8276764Z Interpreted problem query "Incomplete URL substring sanitization" (py/incomplete-url-substring-sanitization) at path /home/runner/work/_temp/codeql_databases/python/results/codeql/python-queries/Security/CWE-020/IncompleteUrlSubstringSanitization.bqrs.
2026-02-02T02:35:58.8283745Z Interpreted problem query "Incomplete regular expression for hostnames" (py/incomplete-hostname-regexp) at path /home/runner/work/_temp/codeql_databases/python/results/codeql/python-queries/Security/CWE-020/IncompleteHostnameRegExp.bqrs.
2026-02-02T02:35:58.8291277Z Interpreted problem query "Overly permissive regular expression range" (py/overly-large-range) at path /home/runner/work/_temp/codeql_databases/python/results/codeql/python-queries/Security/CWE-020/OverlyLargeRange.bqrs.
2026-02-02T02:35:58.8314779Z Interpreted pathproblem query "Construction of a cookie using user-supplied input" (py/cookie-injection) at path /home/runner/work/_temp/codeql_databases/python/results/codeql/python-queries/Security/CWE-020/CookieInjection.bqrs.
2026-02-02T02:35:58.8318895Z Interpreted problem query "Sensitive cookie with `SameSite` attribute set to `None`" (py/samesite-none-cookie) at path /home/runner/work/_temp/codeql_databases/python/results/codeql/python-queries/Security/CWE-1275/SameSiteNoneCookie.bqrs.
2026-02-02T02:35:58.8323439Z Interpreted pathproblem query "XML internal entity expansion" (py/xml-bomb) at path /home/runner/work/_temp/codeql_databases/python/results/codeql/python-queries/Security/CWE-776/XmlBomb.bqrs.
2026-02-02T02:35:58.8329858Z Interpreted problem query "Use of weak cryptographic key" (py/weak-crypto-key) at path /home/runner/work/_temp/codeql_databases/python/results/codeql/python-queries/Security/CWE-326/WeakCryptoKey.bqrs.
2026-02-02T02:35:58.8332365Z Interpreted pathproblem query "HTTP Response Splitting" (py/http-response-splitting) at path /home/runner/work/_temp/codeql_databases/python/results/codeql/python-queries/Security/CWE-113/HeaderInjection.bqrs.
2026-02-02T02:35:58.8334919Z Interpreted pathproblem query "URL redirection from remote source" (py/url-redirection) at path /home/runner/work/_temp/codeql_databases/python/results/codeql/python-queries/Security/CWE-601/UrlRedirect.bqrs.
2026-02-02T02:35:58.8337727Z Interpreted pathproblem query "Uncontrolled command line" (py/command-line-injection) at path /home/runner/work/_temp/codeql_databases/python/results/codeql/python-queries/Security/CWE-078/CommandInjection.bqrs.
2026-02-02T02:35:58.8340622Z Interpreted problem query "Accepting unknown SSH host keys when using Paramiko" (py/paramiko-missing-host-key-validation) at path /home/runner/work/_temp/codeql_databases/python/results/codeql/python-queries/Security/CWE-295/MissingHostKeyValidation.bqrs.
2026-02-02T02:35:58.8356201Z Interpreted pathproblem query "NoSQL Injection" (py/nosql-injection) at path /home/runner/work/_temp/codeql_databases/python/results/codeql/python-queries/Security/CWE-943/NoSqlInjection.bqrs.
2026-02-02T02:35:58.8367313Z Interpreted pathproblem query "XPath query built from user-controlled sources" (py/xpath-injection) at path /home/runner/work/_temp/codeql_databases/python/results/codeql/python-queries/Security/CWE-643/XpathInjection.bqrs.
2026-02-02T02:35:58.8370088Z Interpreted pathproblem query "Reflected server-side cross-site scripting" (py/reflective-xss) at path /home/runner/work/_temp/codeql_databases/python/results/codeql/python-queries/Security/CWE-079/ReflectedXss.bqrs.
2026-02-02T02:35:58.8372780Z Interpreted pathproblem query "SQL query built from user-controlled sources" (py/sql-injection) at path /home/runner/work/_temp/codeql_databases/python/results/codeql/python-queries/Security/CWE-089/SqlInjection.bqrs.
2026-02-02T02:35:58.8375629Z Interpreted problem query "Binding a socket to all network interfaces" (py/bind-socket-all-network-interfaces) at path /home/runner/work/_temp/codeql_databases/python/results/codeql/python-queries/Security/CVE-2018-1281/BindToAllInterfaces.bqrs.
2026-02-02T02:35:58.8378624Z Interpreted pathproblem query "Uncontrolled data used in path expression" (py/path-injection) at path /home/runner/work/_temp/codeql_databases/python/results/codeql/python-queries/Security/CWE-022/PathInjection.bqrs.
2026-02-02T02:35:58.8381454Z Interpreted problem query "Failure to use secure cookies" (py/insecure-cookie) at path /home/runner/work/_temp/codeql_databases/python/results/codeql/python-queries/Security/CWE-614/InsecureCookie.bqrs.
2026-02-02T02:35:58.8384056Z Interpreted problem query "Sensitive cookie missing `HttpOnly` attribute" (py/client-exposed-cookie) at path /home/runner/work/_temp/codeql_databases/python/results/codeql/python-queries/Security/CWE-1004/NonHttpOnlyCookie.bqrs.
2026-02-02T02:35:58.8386830Z Interpreted problem query "Bad HTML filtering regexp" (py/bad-tag-filter) at path /home/runner/work/_temp/codeql_databases/python/results/codeql/python-queries/Security/CWE-116/BadTagFilter.bqrs.
2026-02-02T02:35:58.8400513Z Interpreted problem query "Insecure temporary file" (py/insecure-temporary-file) at path /home/runner/work/_temp/codeql_databases/python/results/codeql/python-queries/Security/CWE-377/InsecureTemporaryFile.bqrs.
2026-02-02T02:35:58.8406400Z Interpreted problem query "CSRF protection weakened or disabled" (py/csrf-protection-disabled) at path /home/runner/work/_temp/codeql_databases/python/results/codeql/python-queries/Security/CWE-352/CSRFProtectionDisabled.bqrs.
2026-02-02T02:35:58.8415099Z Interpreted problem query "Inefficient regular expression" (py/redos) at path /home/runner/work/_temp/codeql_databases/python/results/codeql/python-queries/Security/CWE-730/ReDoS.bqrs.
2026-02-02T02:35:58.8418105Z Interpreted pathproblem query "Polynomial regular expression used on uncontrolled data" (py/polynomial-redos) at path /home/runner/work/_temp/codeql_databases/python/results/codeql/python-queries/Security/CWE-730/PolynomialReDoS.bqrs.
2026-02-02T02:35:58.8420522Z Interpreted pathproblem query "Regular expression injection" (py/regex-injection) at path /home/runner/work/_temp/codeql_databases/python/results/codeql/python-queries/Security/CWE-730/RegexInjection.bqrs.
2026-02-02T02:35:58.8422821Z Interpreted pathproblem query "Code injection" (py/code-injection) at path /home/runner/work/_temp/codeql_databases/python/results/codeql/python-queries/Security/CWE-094/CodeInjection.bqrs.
2026-02-02T02:35:58.8425255Z Interpreted pathproblem query "Deserialization of user-controlled data" (py/unsafe-deserialization) at path /home/runner/work/_temp/codeql_databases/python/results/codeql/python-queries/Security/CWE-502/UnsafeDeserialization.bqrs.
2026-02-02T02:35:58.8427803Z Interpreted problem query "Flask app is run in debug mode" (py/flask-debug) at path /home/runner/work/_temp/codeql_databases/python/results/codeql/python-queries/Security/CWE-215/FlaskDebug.bqrs.
2026-02-02T02:35:58.8430045Z Interpreted pathproblem query "Server Side Template Injection" (py/template-injection) at path /home/runner/work/_temp/codeql_databases/python/results/codeql/python-queries/Security/CWE-074/TemplateInjection.bqrs.
2026-02-02T02:35:58.8433231Z Interpreted problem query "Use of insecure SSL/TLS version" (py/insecure-protocol) at path /home/runner/work/_temp/codeql_databases/python/results/codeql/python-queries/Security/CWE-327/InsecureProtocol.bqrs.
2026-02-02T02:35:58.8436700Z Interpreted problem query "Default version of SSL/TLS may be insecure" (py/insecure-default-protocol) at path /home/runner/work/_temp/codeql_databases/python/results/codeql/python-queries/Security/CWE-327/InsecureDefaultProtocol.bqrs.
2026-02-02T02:35:58.8440360Z Interpreted pathproblem query "Use of a broken or weak cryptographic hashing algorithm on sensitive data" (py/weak-sensitive-data-hashing) at path /home/runner/work/_temp/codeql_databases/python/results/codeql/python-queries/Security/CWE-327/WeakSensitiveDataHashing.bqrs.
2026-02-02T02:35:58.8474925Z Interpreted problem query "Use of a broken or weak cryptographic algorithm" (py/weak-cryptographic-algorithm) at path /home/runner/work/_temp/codeql_databases/python/results/codeql/python-queries/Security/CWE-327/BrokenCryptoAlgorithm.bqrs.
2026-02-02T02:35:58.8478236Z Interpreted pathproblem query "Full server-side request forgery" (py/full-ssrf) at path /home/runner/work/_temp/codeql_databases/python/results/codeql/python-queries/Security/CWE-918/FullServerSideRequestForgery.bqrs.
2026-02-02T02:35:58.8480894Z Interpreted pathproblem query "LDAP query built from user-controlled sources" (py/ldap-injection) at path /home/runner/work/_temp/codeql_databases/python/results/codeql/python-queries/Security/CWE-090/LdapInjection.bqrs.
2026-02-02T02:35:58.8483604Z Interpreted pathproblem query "PAM authorization bypass due to incorrect usage" (py/pam-auth-bypass) at path /home/runner/work/_temp/codeql_databases/python/results/codeql/python-queries/Security/CWE-285/PamAuthorization.bqrs.
2026-02-02T02:35:58.8486500Z Interpreted pathproblem query "Information exposure through an exception" (py/stack-trace-exposure) at path /home/runner/work/_temp/codeql_databases/python/results/codeql/python-queries/Security/CWE-209/StackTraceExposure.bqrs.
2026-02-02T02:35:58.8488999Z Interpreted pathproblem query "XML external entity expansion" (py/xxe) at path /home/runner/work/_temp/codeql_databases/python/results/codeql/python-queries/Security/CWE-611/Xxe.bqrs.
2026-02-02T02:35:58.8491273Z Interpreted problem query "'input' function used in Python 2" (py/use-of-input) at path /home/runner/work/_temp/codeql_databases/python/results/codeql/python-queries/Expressions/UseofInput.bqrs.
2026-02-02T02:35:58.8493812Z Interpreted diagnostic query "Python extraction warnings" (py/diagnostics/extraction-warnings) at path /home/runner/work/_temp/codeql_databases/python/results/codeql/python-queries/Diagnostics/ExtractionWarnings.bqrs.
2026-02-02T02:35:58.8509630Z Interpreted diagnostic query "Extracted Python files" (py/diagnostics/successfully-extracted-files) at path /home/runner/work/_temp/codeql_databases/python/results/codeql/python-queries/Diagnostics/ExtractedFiles.bqrs.
2026-02-02T02:35:58.8512372Z Interpreted metric query "Total lines of user written Python code in the database" (py/summary/lines-of-user-code) at path /home/runner/work/_temp/codeql_databases/python/results/codeql/python-queries/Summary/LinesOfUserCode.bqrs.
2026-02-02T02:35:58.8514947Z Interpreted metric query "Total lines of Python code in the database" (py/summary/lines-of-code) at path /home/runner/work/_temp/codeql_databases/python/results/codeql/python-queries/Summary/LinesOfCode.bqrs.
2026-02-02T02:35:58.8516824Z Reading source archive /home/runner/work/_temp/codeql_databases/python/src.zip
2026-02-02T02:35:58.9833955Z Interpreting file coverage baseline information
2026-02-02T02:35:58.9851445Z Finished interpreting file coverage baseline information.
2026-02-02T02:35:58.9853144Z Interpreting diagnostic messages...
2026-02-02T02:35:59.0248254Z Found 4 raw diagnostic messages.
2026-02-02T02:35:59.0329509Z Processed diagnostic messages (removed 0 due to limits, created 0 summary diagnostics for status page).
2026-02-02T02:35:59.0346986Z Interpreted diagnostic messages (48ms).
2026-02-02T02:35:59.2443791Z Exporting results to SARIF...
2026-02-02T02:35:59.3870458Z Exported results to SARIF (143ms).
2026-02-02T02:35:59.4202674Z ##[endgroup]
2026-02-02T02:35:59.4204125Z CodeQL scanned 9 out of 9 Python files and 5 out of 5 GitHub Actions files in this invocation. Check the status page for overall coverage information: https://github.com/Boss-1s/scratchattach/security/code-scanning/tools/CodeQL/status/
2026-02-02T02:35:59.4205591Z 
2026-02-02T02:35:59.4214040Z Post-processing sarif files: ["/home/runner/work/scratchattach/results/python.sarif"]
2026-02-02T02:35:59.4236708Z Adding fingerprints to SARIF file. See https://docs.github.com/en/enterprise-cloud@latest/code-security/code-scanning/integrating-with-code-scanning/sarif-support-for-code-scanning#providing-data-to-track-code-scanning-alerts-across-runs for more information.
2026-02-02T02:35:59.4239249Z ##[group]Uploading code scanning results
2026-02-02T02:35:59.4369224Z Uploading results
2026-02-02T02:36:00.4248702Z Successfully uploaded results
2026-02-02T02:36:00.4249336Z ##[endgroup]
2026-02-02T02:36:01.1141202Z ##[group]Cleaning up databases
2026-02-02T02:36:01.1144038Z [command]/opt/hostedtoolcache/CodeQL/2.24.0/x64/codeql/codeql database cleanup /home/runner/work/_temp/codeql_databases/python --cache-cleanup=overlay
2026-02-02T02:36:01.8027244Z Cleaning up existing TRAP files after import...
2026-02-02T02:36:01.8071079Z TRAP files cleaned up (3ms).
2026-02-02T02:36:01.8072515Z Cleaning up scratch directory...
2026-02-02T02:36:01.8073692Z Scratch directory cleaned up (0ms).
2026-02-02T02:36:01.8075108Z Cleaning up query results...
2026-02-02T02:36:01.8156490Z Query results cleaned up (8ms).
2026-02-02T02:36:02.4500732Z ##[endgroup]
2026-02-02T02:36:02.5033438Z Uploading overlay-base database to Actions cache with key codeql-overlay-base-database-1-d953d79b74456ce0-python-2.24.0-b37ce1fe9f512a7e23e2efbe2571e6989968d202-21575358097-1
2026-02-02T02:36:02.5369183Z [command]/usr/bin/tar --posix -cf cache.tzst --exclude cache.tzst -P -C /home/runner/work/scratchattach/scratchattach --files-from manifest.txt --use-compress-program zstdmt
2026-02-02T02:36:03.7834779Z Sent 2959770 of 2959770 (100.0%), 3.7 MBs/sec
2026-02-02T02:36:04.0755793Z Successfully uploaded overlay-base database from /home/runner/work/_temp/codeql_databases
2026-02-02T02:36:04.0759682Z ##[group]Cleaning up databases
2026-02-02T02:36:04.0760742Z [command]/opt/hostedtoolcache/CodeQL/2.24.0/x64/codeql/codeql database cleanup /home/runner/work/_temp/codeql_databases/python --cache-cleanup=clear
2026-02-02T02:36:04.7643645Z Cleaning up existing TRAP files after import...
2026-02-02T02:36:04.7683581Z TRAP files cleaned up (2ms).
2026-02-02T02:36:04.7686497Z Cleaning up scratch directory...
2026-02-02T02:36:04.7688274Z Scratch directory cleaned up (0ms).
2026-02-02T02:36:04.8676735Z ##[endgroup]
2026-02-02T02:36:04.8690996Z [command]/opt/hostedtoolcache/CodeQL/2.24.0/x64/codeql/codeql database bundle /home/runner/work/_temp/codeql_databases/python --output=/home/runner/work/_temp/codeql_databases/python.zip --name=python --include base-database-oids.json
2026-02-02T02:36:05.7256244Z Creating bundle metadata for /home/runner/work/_temp/codeql_databases/python...
2026-02-02T02:36:06.1051277Z Creating zip file at /home/runner/work/_temp/codeql_databases/python.zip.
2026-02-02T02:36:07.5826120Z Skipping upload of dependency cache for python as we have no caching configuration for it.
2026-02-02T02:36:07.5827867Z ##[group]Waiting for processing to finish
2026-02-02T02:36:07.9083190Z Analysis upload status is complete.
2026-02-02T02:36:07.9083993Z ##[endgroup]
2026-02-02T02:36:08.1217172Z Post job cleanup.
2026-02-02T02:36:08.9800449Z Post job cleanup.
2026-02-02T02:36:09.1901711Z Post job cleanup.
2026-02-02T02:36:10.4141246Z CodeQL job status was success.
2026-02-02T02:36:10.4152975Z Sending status report for init-post step.
2026-02-02T02:36:10.6157396Z Status report sent for init-post step.
2026-02-02T02:36:10.6302951Z Post job cleanup.
2026-02-02T02:36:10.7241197Z [command]/usr/bin/git version
2026-02-02T02:36:10.7277246Z git version 2.52.0
2026-02-02T02:36:10.7322253Z Temporarily overriding HOME='/home/runner/work/_temp/c7505694-7a11-4da5-8770-cd7751d00134' before making global git config changes
2026-02-02T02:36:10.7323538Z Adding repository directory to the temporary git global config as a safe directory
2026-02-02T02:36:10.7335645Z [command]/usr/bin/git config --global --add safe.directory /home/runner/work/scratchattach/scratchattach
2026-02-02T02:36:10.7370201Z [command]/usr/bin/git config --local --name-only --get-regexp core\.sshCommand
2026-02-02T02:36:10.7402029Z [command]/usr/bin/git submodule foreach --recursive sh -c "git config --local --name-only --get-regexp 'core\.sshCommand' && git config --local --unset-all 'core.sshCommand' || :"
2026-02-02T02:36:10.7628651Z [command]/usr/bin/git config --local --name-only --get-regexp http\.https\:\/\/github\.com\/\.extraheader
2026-02-02T02:36:10.7648718Z http.https://github.com/.extraheader
2026-02-02T02:36:10.7661079Z [command]/usr/bin/git config --local --unset-all http.https://github.com/.extraheader
2026-02-02T02:36:10.7691368Z [command]/usr/bin/git submodule foreach --recursive sh -c "git config --local --name-only --get-regexp 'http\.https\:\/\/github\.com\/\.extraheader' && git config --local --unset-all 'http.https://github.com/.extraheader' || :"
2026-02-02T02:36:10.7915263Z [command]/usr/bin/git config --local --name-only --get-regexp ^includeIf\.gitdir:
2026-02-02T02:36:10.7946564Z [command]/usr/bin/git submodule foreach --recursive git config --local --show-origin --name-only --get-regexp remote.origin.url
2026-02-02T02:36:10.8289184Z Cleaning up orphan processes
