2025-09-05T12:22:25.5843336Z Current runner version: '2.328.0'
2025-09-05T12:22:25.5868296Z ##[group]Runner Image Provisioner
2025-09-05T12:22:25.5869351Z Hosted Compute Agent
2025-09-05T12:22:25.5870029Z Version: 20250829.383
2025-09-05T12:22:25.5870634Z Commit: 27cb235aab5b0e52e153a26cd86b4742e89dac5d
2025-09-05T12:22:25.5871333Z Build Date: 2025-08-29T13:48:48Z
2025-09-05T12:22:25.5871974Z ##[endgroup]
2025-09-05T12:22:25.5872525Z ##[group]Operating System
2025-09-05T12:22:25.5873093Z Ubuntu
2025-09-05T12:22:25.5873510Z 24.04.3
2025-09-05T12:22:25.5874044Z LTS
2025-09-05T12:22:25.5874506Z ##[endgroup]
2025-09-05T12:22:25.5874954Z ##[group]Runner Image
2025-09-05T12:22:25.5875589Z Image: ubuntu-24.04
2025-09-05T12:22:25.5876103Z Version: 20250831.1.0
2025-09-05T12:22:25.5877061Z Included Software: https://github.com/actions/runner-images/blob/ubuntu24/20250831.1/images/ubuntu/Ubuntu2404-Readme.md
2025-09-05T12:22:25.5878691Z Image Release: https://github.com/actions/runner-images/releases/tag/ubuntu24%2F20250831.1
2025-09-05T12:22:25.5879912Z ##[endgroup]
2025-09-05T12:22:25.5880946Z ##[group]GITHUB_TOKEN Permissions
2025-09-05T12:22:25.5882752Z Contents: write
2025-09-05T12:22:25.5883458Z Metadata: read
2025-09-05T12:22:25.5883955Z ##[endgroup]
2025-09-05T12:22:25.5886381Z Secret source: Actions
2025-09-05T12:22:25.5887364Z Prepare workflow directory
2025-09-05T12:22:25.6201804Z Prepare all required actions
2025-09-05T12:22:25.6245915Z Getting action download info
2025-09-05T12:22:26.0859605Z Download action repository 'actions/checkout@v5.0.0' (SHA:08c6903cd8c0fde910a37f88322edcfb5dd907a8)
2025-09-05T12:22:26.2009333Z Download action repository 'actions/setup-python@v6.0.0' (SHA:e797f83bcb11b83ae66e0230d6156d7c80228e7c)
2025-09-05T12:22:26.8791064Z Download action repository 'bossOfCode/install-scratchattach@v1.0.3' (SHA:be17a7cf1ecb5a7040eb42ef26c2e1fbe72bb25a)
2025-09-05T12:22:27.4120753Z Complete job name: Run Prioritzing Handler
2025-09-05T12:22:27.4841244Z ##[group]Run actions/checkout@v5.0.0
2025-09-05T12:22:27.4842309Z with:
2025-09-05T12:22:27.4842790Z   ref: main
2025-09-05T12:22:27.4843265Z   repository: Boss-1s/scratchattach
2025-09-05T12:22:27.4844110Z   token: ***
2025-09-05T12:22:27.4844586Z   ssh-strict: true
2025-09-05T12:22:27.4845068Z   ssh-user: git
2025-09-05T12:22:27.4845563Z   persist-credentials: true
2025-09-05T12:22:27.4846115Z   clean: true
2025-09-05T12:22:27.4846590Z   sparse-checkout-cone-mode: true
2025-09-05T12:22:27.4847183Z   fetch-depth: 1
2025-09-05T12:22:27.4847715Z   fetch-tags: false
2025-09-05T12:22:27.4848222Z   show-progress: true
2025-09-05T12:22:27.4848725Z   lfs: false
2025-09-05T12:22:27.4849513Z   submodules: false
2025-09-05T12:22:27.4850045Z   set-safe-directory: true
2025-09-05T12:22:27.4850915Z ##[endgroup]
2025-09-05T12:22:27.5778531Z Syncing repository: Boss-1s/scratchattach
2025-09-05T12:22:27.5780909Z ##[group]Getting Git version info
2025-09-05T12:22:27.5782008Z Working directory is '/home/runner/work/scratchattach/scratchattach'
2025-09-05T12:22:27.5783282Z [command]/usr/bin/git version
2025-09-05T12:22:27.5858293Z git version 2.51.0
2025-09-05T12:22:27.5879544Z ##[endgroup]
2025-09-05T12:22:27.5893706Z Temporarily overriding HOME='/home/runner/work/_temp/ff9f82ff-7a40-4738-b8aa-082a6e238acc' before making global git config changes
2025-09-05T12:22:27.5898040Z Adding repository directory to the temporary git global config as a safe directory
2025-09-05T12:22:27.5899762Z [command]/usr/bin/git config --global --add safe.directory /home/runner/work/scratchattach/scratchattach
2025-09-05T12:22:27.5937794Z Deleting the contents of '/home/runner/work/scratchattach/scratchattach'
2025-09-05T12:22:27.5940804Z ##[group]Initializing the repository
2025-09-05T12:22:27.5945060Z [command]/usr/bin/git init /home/runner/work/scratchattach/scratchattach
2025-09-05T12:22:27.6101232Z hint: Using 'master' as the name for the initial branch. This default branch name
2025-09-05T12:22:27.6103210Z hint: is subject to change. To configure the initial branch name to use in all
2025-09-05T12:22:27.6104575Z hint: of your new repositories, which will suppress this warning, call:
2025-09-05T12:22:27.6105690Z hint:
2025-09-05T12:22:27.6106719Z hint: 	git config --global init.defaultBranch <name>
2025-09-05T12:22:27.6107880Z hint:
2025-09-05T12:22:27.6108937Z hint: Names commonly chosen instead of 'master' are 'main', 'trunk' and
2025-09-05T12:22:27.6110522Z hint: 'development'. The just-created branch can be renamed via this command:
2025-09-05T12:22:27.6111509Z hint:
2025-09-05T12:22:27.6112263Z hint: 	git branch -m <name>
2025-09-05T12:22:27.6113202Z hint:
2025-09-05T12:22:27.6114252Z hint: Disable this message with "git config set advice.defaultBranchName false"
2025-09-05T12:22:27.6116005Z Initialized empty Git repository in /home/runner/work/scratchattach/scratchattach/.git/
2025-09-05T12:22:27.6119418Z [command]/usr/bin/git remote add origin https://github.com/Boss-1s/scratchattach
2025-09-05T12:22:27.6209740Z ##[endgroup]
2025-09-05T12:22:27.6210642Z ##[group]Disabling automatic garbage collection
2025-09-05T12:22:27.6212990Z [command]/usr/bin/git config --local gc.auto 0
2025-09-05T12:22:27.6239278Z ##[endgroup]
2025-09-05T12:22:27.6240093Z ##[group]Setting up auth
2025-09-05T12:22:27.6245619Z [command]/usr/bin/git config --local --name-only --get-regexp core\.sshCommand
2025-09-05T12:22:27.6277841Z [command]/usr/bin/git submodule foreach --recursive sh -c "git config --local --name-only --get-regexp 'core\.sshCommand' && git config --local --unset-all 'core.sshCommand' || :"
2025-09-05T12:22:27.7055138Z [command]/usr/bin/git config --local --name-only --get-regexp http\.https\:\/\/github\.com\/\.extraheader
2025-09-05T12:22:27.7085437Z [command]/usr/bin/git submodule foreach --recursive sh -c "git config --local --name-only --get-regexp 'http\.https\:\/\/github\.com\/\.extraheader' && git config --local --unset-all 'http.https://github.com/.extraheader' || :"
2025-09-05T12:22:27.7306502Z [command]/usr/bin/git config --local http.https://github.com/.extraheader AUTHORIZATION: basic ***
2025-09-05T12:22:27.7341357Z ##[endgroup]
2025-09-05T12:22:27.7342885Z ##[group]Fetching the repository
2025-09-05T12:22:27.7352059Z [command]/usr/bin/git -c protocol.version=2 fetch --no-tags --prune --no-recurse-submodules --depth=1 origin +refs/heads/main*:refs/remotes/origin/main* +refs/tags/main*:refs/tags/main*
2025-09-05T12:22:28.4295148Z From https://github.com/Boss-1s/scratchattach
2025-09-05T12:22:28.4297150Z  * [new branch]      main       -> origin/main
2025-09-05T12:22:28.4381045Z ##[endgroup]
2025-09-05T12:22:28.4382105Z ##[group]Determining the checkout info
2025-09-05T12:22:28.4388076Z [command]/usr/bin/git branch --list --remote origin/main
2025-09-05T12:22:28.4413588Z   origin/main
2025-09-05T12:22:28.4418719Z ##[endgroup]
2025-09-05T12:22:28.4422440Z [command]/usr/bin/git sparse-checkout disable
2025-09-05T12:22:28.4532051Z [command]/usr/bin/git config --local --unset-all extensions.worktreeConfig
2025-09-05T12:22:28.4557876Z ##[group]Checking out the ref
2025-09-05T12:22:28.4561218Z [command]/usr/bin/git checkout --progress --force -B main refs/remotes/origin/main
2025-09-05T12:22:28.5063061Z Switched to a new branch 'main'
2025-09-05T12:22:28.5064672Z branch 'main' set up to track 'origin/main'.
2025-09-05T12:22:28.5075701Z ##[endgroup]
2025-09-05T12:22:28.5115069Z [command]/usr/bin/git log -1 --format=%H
2025-09-05T12:22:28.5137938Z 407ce2c253773d6cd03b18240d01e2b697158481
2025-09-05T12:22:28.5428417Z ##[group]Run actions/setup-python@v6.0.0
2025-09-05T12:22:28.5429751Z with:
2025-09-05T12:22:28.5430565Z   python-version: 3.12.5
2025-09-05T12:22:28.5431533Z   check-latest: false
2025-09-05T12:22:28.5432692Z   token: ***
2025-09-05T12:22:28.5433536Z   update-environment: true
2025-09-05T12:22:28.5434544Z   allow-prereleases: false
2025-09-05T12:22:28.5435524Z   freethreaded: false
2025-09-05T12:22:28.5436398Z ##[endgroup]
2025-09-05T12:22:28.6702924Z ##[group]Installed versions
2025-09-05T12:22:28.6818340Z Version 3.12.5 was not found in the local cache
2025-09-05T12:22:28.6983280Z (node:2092) [DEP0040] DeprecationWarning: The `punycode` module is deprecated. Please use a userland alternative instead.
2025-09-05T12:22:28.6986385Z (Use `node --trace-deprecation ...` to show where the warning was created)
2025-09-05T12:22:29.7092547Z Version 3.12.5 is available for downloading
2025-09-05T12:22:29.7095249Z Download from "https://github.com/actions/python-versions/releases/download/3.12.5-10375840348/python-3.12.5-linux-24.04-x64.tar.gz"
2025-09-05T12:22:30.3852269Z Extract downloaded archive
2025-09-05T12:22:30.3988609Z [command]/usr/bin/tar xz --warning=no-unknown-keyword --overwrite -C /home/runner/work/_temp/8d56582e-9f16-4aec-8d52-056045566a68 -f /home/runner/work/_temp/96c47e48-a543-444c-b9bd-a970221526de
2025-09-05T12:22:32.3977255Z Execute installation script
2025-09-05T12:22:32.4074371Z Check if Python hostedtoolcache folder exist...
2025-09-05T12:22:32.4074935Z Create Python 3.12.5 folder
2025-09-05T12:22:32.4087586Z Copy Python binaries to hostedtoolcache folder
2025-09-05T12:22:32.9663242Z Create additional symlinks (Required for the UsePythonVersion Azure Pipelines task and the setup-python GitHub Action)
2025-09-05T12:22:32.9704181Z Upgrading pip...
2025-09-05T12:22:35.3651503Z Looking in links: /tmp/tmpg3iohj3_
2025-09-05T12:22:35.3655643Z Requirement already satisfied: pip in /opt/hostedtoolcache/Python/3.12.5/x64/lib/python3.12/site-packages (24.2)
2025-09-05T12:22:36.8956437Z Collecting pip
2025-09-05T12:22:36.9277369Z Downloading pip-25.2-py3-none-any.whl.metadata (4.7 kB)
2025-09-05T12:22:36.9354929Z Downloading pip-25.2-py3-none-any.whl (1.8 MB)
2025-09-05T12:22:36.9665119Z ━━━━━━━━━━━━━━━━━━━━━━━━━━━━━━━━━━━━━━━━ 1.8/1.8 MB 110.8 MB/s eta 0:00:00
2025-09-05T12:22:36.9665605Z 
2025-09-05T12:22:36.9966541Z Installing collected packages: pip
2025-09-05T12:22:36.9967369Z Attempting uninstall: pip
2025-09-05T12:22:36.9988809Z Found existing installation: pip 24.2
2025-09-05T12:22:37.0344510Z Uninstalling pip-24.2:
2025-09-05T12:22:37.0399864Z Successfully uninstalled pip-24.2
2025-09-05T12:22:37.9657614Z Successfully installed pip-25.2
2025-09-05T12:22:38.0185754Z Create complete file
2025-09-05T12:22:38.0225603Z Successfully set up CPython (3.12.5)
2025-09-05T12:22:38.0227019Z ##[endgroup]
2025-09-05T12:22:38.0419417Z ##[group]Run bossOfCode/install-scratchattach@v1.0.3
2025-09-05T12:22:38.0419770Z env:
2025-09-05T12:22:38.0420007Z   pythonLocation: /opt/hostedtoolcache/Python/3.12.5/x64
2025-09-05T12:22:38.0420436Z   PKG_CONFIG_PATH: /opt/hostedtoolcache/Python/3.12.5/x64/lib/pkgconfig
2025-09-05T12:22:38.0420831Z   Python_ROOT_DIR: /opt/hostedtoolcache/Python/3.12.5/x64
2025-09-05T12:22:38.0421183Z   Python2_ROOT_DIR: /opt/hostedtoolcache/Python/3.12.5/x64
2025-09-05T12:22:38.0421523Z   Python3_ROOT_DIR: /opt/hostedtoolcache/Python/3.12.5/x64
2025-09-05T12:22:38.0421873Z   LD_LIBRARY_PATH: /opt/hostedtoolcache/Python/3.12.5/x64/lib
2025-09-05T12:22:38.0422158Z ##[endgroup]
2025-09-05T12:22:38.0572535Z ##[group]Run python3 -m pip install --upgrade pip
2025-09-05T12:22:38.0573202Z [36;1mpython3 -m pip install --upgrade pip[0m
2025-09-05T12:22:38.0793512Z shell: /usr/bin/bash --noprofile --norc -e -o pipefail {0}
2025-09-05T12:22:38.0793946Z env:
2025-09-05T12:22:38.0794335Z   pythonLocation: /opt/hostedtoolcache/Python/3.12.5/x64
2025-09-05T12:22:38.0794834Z   PKG_CONFIG_PATH: /opt/hostedtoolcache/Python/3.12.5/x64/lib/pkgconfig
2025-09-05T12:22:38.0795324Z   Python_ROOT_DIR: /opt/hostedtoolcache/Python/3.12.5/x64
2025-09-05T12:22:38.0795748Z   Python2_ROOT_DIR: /opt/hostedtoolcache/Python/3.12.5/x64
2025-09-05T12:22:38.0796164Z   Python3_ROOT_DIR: /opt/hostedtoolcache/Python/3.12.5/x64
2025-09-05T12:22:38.0796591Z   LD_LIBRARY_PATH: /opt/hostedtoolcache/Python/3.12.5/x64/lib
2025-09-05T12:22:38.0796947Z ##[endgroup]
2025-09-05T12:22:38.9233382Z Requirement already satisfied: pip in /opt/hostedtoolcache/Python/3.12.5/x64/lib/python3.12/site-packages (25.2)
2025-09-05T12:22:39.1060483Z ##[group]Run pip install -U scratchattach
2025-09-05T12:22:39.1060797Z [36;1mpip install -U scratchattach[0m
2025-09-05T12:22:39.1091441Z shell: /usr/bin/bash --noprofile --norc -e -o pipefail {0}
2025-09-05T12:22:39.1091949Z env:
2025-09-05T12:22:39.1092195Z   pythonLocation: /opt/hostedtoolcache/Python/3.12.5/x64
2025-09-05T12:22:39.1092600Z   PKG_CONFIG_PATH: /opt/hostedtoolcache/Python/3.12.5/x64/lib/pkgconfig
2025-09-05T12:22:39.1092996Z   Python_ROOT_DIR: /opt/hostedtoolcache/Python/3.12.5/x64
2025-09-05T12:22:39.1093324Z   Python2_ROOT_DIR: /opt/hostedtoolcache/Python/3.12.5/x64
2025-09-05T12:22:39.1093661Z   Python3_ROOT_DIR: /opt/hostedtoolcache/Python/3.12.5/x64
2025-09-05T12:22:39.1093995Z   LD_LIBRARY_PATH: /opt/hostedtoolcache/Python/3.12.5/x64/lib
2025-09-05T12:22:39.1094274Z ##[endgroup]
2025-09-05T12:22:39.9818835Z Collecting scratchattach
2025-09-05T12:22:40.0156216Z   Downloading scratchattach-2.1.13-py3-none-any.whl.metadata (5.5 kB)
2025-09-05T12:22:40.0397447Z Collecting websocket-client (from scratchattach)
2025-09-05T12:22:40.0430613Z   Downloading websocket_client-1.8.0-py3-none-any.whl.metadata (8.0 kB)
2025-09-05T12:22:40.0749251Z Collecting requests (from scratchattach)
2025-09-05T12:22:40.0780663Z   Downloading requests-2.32.5-py3-none-any.whl.metadata (4.9 kB)
2025-09-05T12:22:40.0899892Z Collecting bs4 (from scratchattach)
2025-09-05T12:22:40.0928751Z   Downloading bs4-0.0.2-py2.py3-none-any.whl.metadata (411 bytes)
2025-09-05T12:22:40.1698868Z Collecting SimpleWebSocketServer (from scratchattach)
2025-09-05T12:22:40.1738535Z   Downloading SimpleWebSocketServer-0.1.2.tar.gz (10 kB)
2025-09-05T12:22:40.1822935Z   Installing build dependencies: started
2025-09-05T12:22:40.9584420Z   Installing build dependencies: finished with status 'done'
2025-09-05T12:22:40.9591624Z   Getting requirements to build wheel: started
2025-09-05T12:22:41.3074204Z   Getting requirements to build wheel: finished with status 'done'
2025-09-05T12:22:41.3083891Z   Preparing metadata (pyproject.toml): started
2025-09-05T12:22:41.4977916Z   Preparing metadata (pyproject.toml): finished with status 'done'
2025-09-05T12:22:41.5145750Z Collecting typing-extensions (from scratchattach)
2025-09-05T12:22:41.5181825Z   Downloading typing_extensions-4.15.0-py3-none-any.whl.metadata (3.3 kB)
2025-09-05T12:22:41.5358152Z Collecting beautifulsoup4 (from bs4->scratchattach)
2025-09-05T12:22:41.5387204Z   Downloading beautifulsoup4-4.13.5-py3-none-any.whl.metadata (3.8 kB)
2025-09-05T12:22:41.5594987Z Collecting soupsieve>1.2 (from beautifulsoup4->bs4->scratchattach)
2025-09-05T12:22:41.5628507Z   Downloading soupsieve-2.8-py3-none-any.whl.metadata (4.6 kB)
2025-09-05T12:22:41.6590804Z Collecting charset_normalizer<4,>=2 (from requests->scratchattach)
2025-09-05T12:22:41.6625023Z   Downloading charset_normalizer-3.4.3-cp312-cp312-manylinux2014_x86_64.manylinux_2_17_x86_64.manylinux_2_28_x86_64.whl.metadata (36 kB)
2025-09-05T12:22:41.6801405Z Collecting idna<4,>=2.5 (from requests->scratchattach)
2025-09-05T12:22:41.6831512Z   Downloading idna-3.10-py3-none-any.whl.metadata (10 kB)
2025-09-05T12:22:41.7146918Z Collecting urllib3<3,>=1.21.1 (from requests->scratchattach)
2025-09-05T12:22:41.7175711Z   Downloading urllib3-2.5.0-py3-none-any.whl.metadata (6.5 kB)
2025-09-05T12:22:41.7418049Z Collecting certifi>=2017.4.17 (from requests->scratchattach)
2025-09-05T12:22:41.7454929Z   Downloading certifi-2025.8.3-py3-none-any.whl.metadata (2.4 kB)
2025-09-05T12:22:41.7557693Z Downloading scratchattach-2.1.13-py3-none-any.whl (141 kB)
2025-09-05T12:22:41.7647815Z Downloading bs4-0.0.2-py2.py3-none-any.whl (1.2 kB)
2025-09-05T12:22:41.7696617Z Downloading beautifulsoup4-4.13.5-py3-none-any.whl (105 kB)
2025-09-05T12:22:41.7749469Z Downloading soupsieve-2.8-py3-none-any.whl (36 kB)
2025-09-05T12:22:41.7800335Z Downloading typing_extensions-4.15.0-py3-none-any.whl (44 kB)
2025-09-05T12:22:41.7852876Z Downloading requests-2.32.5-py3-none-any.whl (64 kB)
2025-09-05T12:22:41.7909276Z Downloading charset_normalizer-3.4.3-cp312-cp312-manylinux2014_x86_64.manylinux_2_17_x86_64.manylinux_2_28_x86_64.whl (151 kB)
2025-09-05T12:22:41.7966699Z Downloading idna-3.10-py3-none-any.whl (70 kB)
2025-09-05T12:22:41.8037314Z Downloading urllib3-2.5.0-py3-none-any.whl (129 kB)
2025-09-05T12:22:41.8095370Z Downloading certifi-2025.8.3-py3-none-any.whl (161 kB)
2025-09-05T12:22:41.8152822Z Downloading websocket_client-1.8.0-py3-none-any.whl (58 kB)
2025-09-05T12:22:41.8286550Z Building wheels for collected packages: SimpleWebSocketServer
2025-09-05T12:22:41.8295057Z   Building wheel for SimpleWebSocketServer (pyproject.toml): started
2025-09-05T12:22:42.0503766Z   Building wheel for SimpleWebSocketServer (pyproject.toml): finished with status 'done'
2025-09-05T12:22:42.0510285Z   Created wheel for SimpleWebSocketServer: filename=simplewebsocketserver-0.1.2-py3-none-any.whl size=9715 sha256=eddf2af0cf9dc07cd36ffa36bd2a370cc29325f0141c4bd7f997993590423dfc
2025-09-05T12:22:42.0512117Z   Stored in directory: /home/runner/.cache/pip/wheels/81/fd/d8/f145b47bedceb5dff96b76e404a4ee9be956a4f8f150cd8133
2025-09-05T12:22:42.0530721Z Successfully built SimpleWebSocketServer
2025-09-05T12:22:42.0704577Z Installing collected packages: SimpleWebSocketServer, websocket-client, urllib3, typing-extensions, soupsieve, idna, charset_normalizer, certifi, requests, beautifulsoup4, bs4, scratchattach
2025-09-05T12:22:42.6125508Z 
2025-09-05T12:22:42.6145264Z Successfully installed SimpleWebSocketServer-0.1.2 beautifulsoup4-4.13.5 bs4-0.0.2 certifi-2025.8.3 charset_normalizer-3.4.3 idna-3.10 requests-2.32.5 scratchattach-2.1.13 soupsieve-2.8 typing-extensions-4.15.0 urllib3-2.5.0 websocket-client-1.8.0
2025-09-05T12:22:42.6950508Z ##[group]Run actions/checkout@v5.0.0
2025-09-05T12:22:42.6950767Z with:
2025-09-05T12:22:42.6950934Z   ref: main
2025-09-05T12:22:42.6951117Z   repository: Boss-1s/scratchattach
2025-09-05T12:22:42.6951467Z   token: ***
2025-09-05T12:22:42.6951653Z   ssh-strict: true
2025-09-05T12:22:42.6951835Z   ssh-user: git
2025-09-05T12:22:42.6952018Z   persist-credentials: true
2025-09-05T12:22:42.6952225Z   clean: true
2025-09-05T12:22:42.6952405Z   sparse-checkout-cone-mode: true
2025-09-05T12:22:42.6952628Z   fetch-depth: 1
2025-09-05T12:22:42.6952820Z   fetch-tags: false
2025-09-05T12:22:42.6952997Z   show-progress: true
2025-09-05T12:22:42.6953180Z   lfs: false
2025-09-05T12:22:42.6953343Z   submodules: false
2025-09-05T12:22:42.6953520Z   set-safe-directory: true
2025-09-05T12:22:42.6953717Z env:
2025-09-05T12:22:42.6953937Z   pythonLocation: /opt/hostedtoolcache/Python/3.12.5/x64
2025-09-05T12:22:42.6954320Z   PKG_CONFIG_PATH: /opt/hostedtoolcache/Python/3.12.5/x64/lib/pkgconfig
2025-09-05T12:22:42.6954717Z   Python_ROOT_DIR: /opt/hostedtoolcache/Python/3.12.5/x64
2025-09-05T12:22:42.6955050Z   Python2_ROOT_DIR: /opt/hostedtoolcache/Python/3.12.5/x64
2025-09-05T12:22:42.6955374Z   Python3_ROOT_DIR: /opt/hostedtoolcache/Python/3.12.5/x64
2025-09-05T12:22:42.6955697Z   LD_LIBRARY_PATH: /opt/hostedtoolcache/Python/3.12.5/x64/lib
2025-09-05T12:22:42.6955977Z ##[endgroup]
2025-09-05T12:22:42.7716594Z Syncing repository: Boss-1s/scratchattach
2025-09-05T12:22:42.7717114Z ##[group]Getting Git version info
2025-09-05T12:22:42.7717525Z Working directory is '/home/runner/work/scratchattach/scratchattach'
2025-09-05T12:22:42.7746879Z [command]/usr/bin/git version
2025-09-05T12:22:42.7783132Z git version 2.51.0
2025-09-05T12:22:42.7802363Z ##[endgroup]
2025-09-05T12:22:42.7815902Z Temporarily overriding HOME='/home/runner/work/_temp/d3cf09ba-158b-492d-b416-c23559420550' before making global git config changes
2025-09-05T12:22:42.7816760Z Adding repository directory to the temporary git global config as a safe directory
2025-09-05T12:22:42.7821178Z [command]/usr/bin/git config --global --add safe.directory /home/runner/work/scratchattach/scratchattach
2025-09-05T12:22:42.7857798Z [command]/usr/bin/git config --local --get remote.origin.url
2025-09-05T12:22:42.7878575Z https://github.com/Boss-1s/scratchattach
2025-09-05T12:22:42.7891224Z ##[group]Removing previously created refs, to avoid conflicts
2025-09-05T12:22:42.7895051Z [command]/usr/bin/git rev-parse --symbolic-full-name --verify --quiet HEAD
2025-09-05T12:22:42.7915153Z refs/heads/main
2025-09-05T12:22:42.7924781Z [command]/usr/bin/git checkout --detach
2025-09-05T12:22:42.8347512Z HEAD is now at 407ce2c [BOT] Download Logs
2025-09-05T12:22:42.8392523Z [command]/usr/bin/git branch --delete --force main
2025-09-05T12:22:42.8417354Z Deleted branch main (was 407ce2c).
2025-09-05T12:22:42.8451394Z ##[endgroup]
2025-09-05T12:22:42.8454698Z [command]/usr/bin/git submodule status
2025-09-05T12:22:42.8675505Z ##[group]Cleaning the repository
2025-09-05T12:22:42.8679584Z [command]/usr/bin/git clean -ffdx
2025-09-05T12:22:42.8714060Z [command]/usr/bin/git reset --hard HEAD
2025-09-05T12:22:42.8753365Z HEAD is now at 407ce2c [BOT] Download Logs
2025-09-05T12:22:42.8758709Z ##[endgroup]
2025-09-05T12:22:42.8760848Z ##[group]Disabling automatic garbage collection
2025-09-05T12:22:42.8765804Z [command]/usr/bin/git config --local gc.auto 0
2025-09-05T12:22:42.8792094Z ##[endgroup]
2025-09-05T12:22:42.8792647Z ##[group]Setting up auth
2025-09-05T12:22:42.8799494Z [command]/usr/bin/git config --local --name-only --get-regexp core\.sshCommand
2025-09-05T12:22:42.8828886Z [command]/usr/bin/git submodule foreach --recursive sh -c "git config --local --name-only --get-regexp 'core\.sshCommand' && git config --local --unset-all 'core.sshCommand' || :"
2025-09-05T12:22:42.9054838Z [command]/usr/bin/git config --local --name-only --get-regexp http\.https\:\/\/github\.com\/\.extraheader
2025-09-05T12:22:42.9076974Z http.https://github.com/.extraheader
2025-09-05T12:22:42.9087857Z [command]/usr/bin/git config --local --unset-all http.https://github.com/.extraheader
2025-09-05T12:22:42.9117979Z [command]/usr/bin/git submodule foreach --recursive sh -c "git config --local --name-only --get-regexp 'http\.https\:\/\/github\.com\/\.extraheader' && git config --local --unset-all 'http.https://github.com/.extraheader' || :"
2025-09-05T12:22:42.9343365Z [command]/usr/bin/git config --local http.https://github.com/.extraheader AUTHORIZATION: basic ***
2025-09-05T12:22:42.9415583Z ##[endgroup]
2025-09-05T12:22:42.9416184Z ##[group]Fetching the repository
2025-09-05T12:22:42.9424511Z [command]/usr/bin/git -c protocol.version=2 fetch --no-tags --prune --no-recurse-submodules --depth=1 origin +refs/heads/main*:refs/remotes/origin/main* +refs/tags/main*:refs/tags/main*
2025-09-05T12:22:43.4364538Z ##[endgroup]
2025-09-05T12:22:43.4365029Z ##[group]Determining the checkout info
2025-09-05T12:22:43.4374849Z [command]/usr/bin/git branch --list --remote origin/main
2025-09-05T12:22:43.4400925Z   origin/main
2025-09-05T12:22:43.4405079Z ##[endgroup]
2025-09-05T12:22:43.4410016Z [command]/usr/bin/git sparse-checkout disable
2025-09-05T12:22:43.4450605Z [command]/usr/bin/git config --local --unset-all extensions.worktreeConfig
2025-09-05T12:22:43.4476345Z ##[group]Checking out the ref
2025-09-05T12:22:43.4480562Z [command]/usr/bin/git checkout --progress --force -B main refs/remotes/origin/main
2025-09-05T12:22:43.4524486Z Switched to a new branch 'main'
2025-09-05T12:22:43.4527023Z branch 'main' set up to track 'origin/main'.
2025-09-05T12:22:43.4534052Z ##[endgroup]
2025-09-05T12:22:43.4570950Z [command]/usr/bin/git log -1 --format=%H
2025-09-05T12:22:43.4594487Z 407ce2c253773d6cd03b18240d01e2b697158481
2025-09-05T12:22:43.4703076Z ##[group]Run python3 aesthetic_prioritizing.py
2025-09-05T12:22:43.4703419Z [36;1mpython3 aesthetic_prioritizing.py[0m
2025-09-05T12:22:43.4734593Z shell: /usr/bin/bash -e {0}
2025-09-05T12:22:43.4734816Z env:
2025-09-05T12:22:43.4735045Z   pythonLocation: /opt/hostedtoolcache/Python/3.12.5/x64
2025-09-05T12:22:43.4735433Z   PKG_CONFIG_PATH: /opt/hostedtoolcache/Python/3.12.5/x64/lib/pkgconfig
2025-09-05T12:22:43.4735812Z   Python_ROOT_DIR: /opt/hostedtoolcache/Python/3.12.5/x64
2025-09-05T12:22:43.4736144Z   Python2_ROOT_DIR: /opt/hostedtoolcache/Python/3.12.5/x64
2025-09-05T12:22:43.4736480Z   Python3_ROOT_DIR: /opt/hostedtoolcache/Python/3.12.5/x64
2025-09-05T12:22:43.4736817Z   LD_LIBRARY_PATH: /opt/hostedtoolcache/Python/3.12.5/x64/lib
2025-09-05T12:22:43.4737207Z   PASS: ***
2025-09-05T12:22:43.4737559Z ##[endgroup]
2025-09-05T12:32:48.5168472Z Prioritizing: Attempt 1
2025-09-05T12:32:48.5169337Z Unfavorited project 1193158560
2025-09-05T12:32:48.5169843Z Favorited project 1193158560 to move it to the top
2025-09-05T12:32:48.5170270Z Unfavorited project 1193158559
2025-09-05T12:32:48.5170648Z Favorited project 1193158559 to move it to the top
2025-09-05T12:32:48.5171042Z Unfavorited project 1193158558
2025-09-05T12:32:48.5171411Z Favorited project 1193158558 to move it to the top
2025-09-05T12:32:48.5171812Z Unfavorited project 1193158567
2025-09-05T12:32:48.5172164Z Favorited project 1193158567 to move it to the top
2025-09-05T12:32:48.5172558Z Unfavorited project 1193158568
2025-09-05T12:32:48.5172910Z Favorited project 1193158568 to move it to the top
2025-09-05T12:32:48.5173326Z Prioritized projects in your favorite list.
2025-09-05T12:32:48.5537531Z Post job cleanup.
2025-09-05T12:32:48.6329696Z [command]/usr/bin/git version
2025-09-05T12:32:48.6366154Z git version 2.51.0
2025-09-05T12:32:48.6435304Z Temporarily overriding HOME='/home/runner/work/_temp/8ce843ec-ae33-4229-ba1a-a3bb888f7b73' before making global git config changes
2025-09-05T12:32:48.6436691Z Adding repository directory to the temporary git global config as a safe directory
2025-09-05T12:32:48.6440743Z [command]/usr/bin/git config --global --add safe.directory /home/runner/work/scratchattach/scratchattach
2025-09-05T12:32:48.6478411Z [command]/usr/bin/git config --local --name-only --get-regexp core\.sshCommand
2025-09-05T12:32:48.6511743Z [command]/usr/bin/git submodule foreach --recursive sh -c "git config --local --name-only --get-regexp 'core\.sshCommand' && git config --local --unset-all 'core.sshCommand' || :"
2025-09-05T12:32:48.6740332Z [command]/usr/bin/git config --local --name-only --get-regexp http\.https\:\/\/github\.com\/\.extraheader
2025-09-05T12:32:48.6763811Z http.https://github.com/.extraheader
2025-09-05T12:32:48.6774787Z [command]/usr/bin/git config --local --unset-all http.https://github.com/.extraheader
2025-09-05T12:32:48.6807551Z [command]/usr/bin/git submodule foreach --recursive sh -c "git config --local --name-only --get-regexp 'http\.https\:\/\/github\.com\/\.extraheader' && git config --local --unset-all 'http.https://github.com/.extraheader' || :"
2025-09-05T12:32:48.7153669Z Post job cleanup.
2025-09-05T12:32:48.8351240Z (node:2555) [DEP0040] DeprecationWarning: The `punycode` module is deprecated. Please use a userland alternative instead.
2025-09-05T12:32:48.8353748Z (Use `node --trace-deprecation ...` to show where the warning was created)
2025-09-05T12:32:48.8470182Z Post job cleanup.
2025-09-05T12:32:48.9257702Z [command]/usr/bin/git version
2025-09-05T12:32:48.9327866Z git version 2.51.0
2025-09-05T12:32:48.9365375Z Temporarily overriding HOME='/home/runner/work/_temp/739480e7-4384-4289-a02a-a218056d5947' before making global git config changes
2025-09-05T12:32:48.9366590Z Adding repository directory to the temporary git global config as a safe directory
2025-09-05T12:32:48.9371275Z [command]/usr/bin/git config --global --add safe.directory /home/runner/work/scratchattach/scratchattach
2025-09-05T12:32:48.9411473Z [command]/usr/bin/git config --local --name-only --get-regexp core\.sshCommand
2025-09-05T12:32:48.9446610Z [command]/usr/bin/git submodule foreach --recursive sh -c "git config --local --name-only --get-regexp 'core\.sshCommand' && git config --local --unset-all 'core.sshCommand' || :"
2025-09-05T12:32:48.9695296Z [command]/usr/bin/git config --local --name-only --get-regexp http\.https\:\/\/github\.com\/\.extraheader
2025-09-05T12:32:48.9732172Z [command]/usr/bin/git submodule foreach --recursive sh -c "git config --local --name-only --get-regexp 'http\.https\:\/\/github\.com\/\.extraheader' && git config --local --unset-all 'http.https://github.com/.extraheader' || :"
2025-09-05T12:32:49.0102131Z Cleaning up orphan processes
