2025-12-31T15:46:40.3776671Z Current runner version: '2.330.0'
2025-12-31T15:46:40.3812008Z ##[group]Runner Image Provisioner
2025-12-31T15:46:40.3813233Z Hosted Compute Agent
2025-12-31T15:46:40.3814042Z Version: 20251211.462
2025-12-31T15:46:40.3814951Z Commit: 6cbad8c2bb55d58165063d031ccabf57e2d2db61
2025-12-31T15:46:40.3816404Z Build Date: 2025-12-11T16:28:49Z
2025-12-31T15:46:40.3817470Z Worker ID: {ba140af9-7e94-4212-a6c2-9f3dfd23525c}
2025-12-31T15:46:40.3818612Z ##[endgroup]
2025-12-31T15:46:40.3819412Z ##[group]Operating System
2025-12-31T15:46:40.3820397Z Microsoft Windows Server 2025
2025-12-31T15:46:40.3821249Z 10.0.26100
2025-12-31T15:46:40.3821976Z Datacenter
2025-12-31T15:46:40.3822663Z ##[endgroup]
2025-12-31T15:46:40.3823489Z ##[group]Runner Image
2025-12-31T15:46:40.3824313Z Image: windows-2025
2025-12-31T15:46:40.3825141Z Version: 20251216.149.1
2025-12-31T15:46:40.3827630Z Included Software: https://github.com/actions/runner-images/blob/win25/20251216.149/images/windows/Windows2025-Readme.md
2025-12-31T15:46:40.3830340Z Image Release: https://github.com/actions/runner-images/releases/tag/win25%2F20251216.149
2025-12-31T15:46:40.3831836Z ##[endgroup]
2025-12-31T15:46:40.3833477Z ##[group]GITHUB_TOKEN Permissions
2025-12-31T15:46:40.3836338Z Contents: read
2025-12-31T15:46:40.3837204Z Metadata: read
2025-12-31T15:46:40.3837911Z ##[endgroup]
2025-12-31T15:46:40.3840896Z Secret source: Actions
2025-12-31T15:46:40.3841869Z Prepare workflow directory
2025-12-31T15:46:40.4262716Z Prepare all required actions
2025-12-31T15:46:40.4302087Z Getting action download info
2025-12-31T15:46:40.6668166Z Download action repository 'actions/checkout@v6.0.1' (SHA:8e8c483db84b4bee98b60c0593521ed34d9990e8)
2025-12-31T15:46:40.8051975Z Download action repository 'actions/setup-python@v6.1.0' (SHA:83679a892e2d95755f2dac6acb0bfd1e9ac5d548)
2025-12-31T15:46:41.1049143Z Complete job name: build (3.11, windows-latest)
2025-12-31T15:46:41.2605754Z ##[group]Run actions/checkout@v6.0.1
2025-12-31T15:46:41.2606787Z with:
2025-12-31T15:46:41.2607161Z   ref: scratch_chat_dev
2025-12-31T15:46:41.2607564Z   repository: Boss-1s/scratchattach
2025-12-31T15:46:41.2608221Z   token: ***
2025-12-31T15:46:41.2608565Z   ssh-strict: true
2025-12-31T15:46:41.2608912Z   ssh-user: git
2025-12-31T15:46:41.2609275Z   persist-credentials: true
2025-12-31T15:46:41.2609685Z   clean: true
2025-12-31T15:46:41.2610051Z   sparse-checkout-cone-mode: true
2025-12-31T15:46:41.2610483Z   fetch-depth: 1
2025-12-31T15:46:41.2610826Z   fetch-tags: false
2025-12-31T15:46:41.2611173Z   show-progress: true
2025-12-31T15:46:41.2611532Z   lfs: false
2025-12-31T15:46:41.2611853Z   submodules: false
2025-12-31T15:46:41.2612204Z   set-safe-directory: true
2025-12-31T15:46:41.2612799Z ##[endgroup]
2025-12-31T15:46:41.4130144Z Syncing repository: Boss-1s/scratchattach
2025-12-31T15:46:41.4133292Z ##[group]Getting Git version info
2025-12-31T15:46:41.4134915Z Working directory is 'D:\a\scratchattach\scratchattach'
2025-12-31T15:46:41.5196443Z [command]"C:\Program Files\Git\bin\git.exe" version
2025-12-31T15:46:41.9594069Z git version 2.52.0.windows.1
2025-12-31T15:46:41.9649691Z ##[endgroup]
2025-12-31T15:46:41.9670830Z Temporarily overriding HOME='D:\a\_temp\de1435f7-c0ed-46f3-970c-c25b5716ead3' before making global git config changes
2025-12-31T15:46:41.9672245Z Adding repository directory to the temporary git global config as a safe directory
2025-12-31T15:46:41.9684972Z [command]"C:\Program Files\Git\bin\git.exe" config --global --add safe.directory D:\a\scratchattach\scratchattach
2025-12-31T15:46:42.0302593Z Deleting the contents of 'D:\a\scratchattach\scratchattach'
2025-12-31T15:46:42.0308717Z ##[group]Initializing the repository
2025-12-31T15:46:42.0317467Z [command]"C:\Program Files\Git\bin\git.exe" init D:\a\scratchattach\scratchattach
2025-12-31T15:46:42.1354581Z Initialized empty Git repository in D:/a/scratchattach/scratchattach/.git/
2025-12-31T15:46:42.1401953Z [command]"C:\Program Files\Git\bin\git.exe" remote add origin https://github.com/Boss-1s/scratchattach
2025-12-31T15:46:42.2022539Z ##[endgroup]
2025-12-31T15:46:42.2023544Z ##[group]Disabling automatic garbage collection
2025-12-31T15:46:42.2030104Z [command]"C:\Program Files\Git\bin\git.exe" config --local gc.auto 0
2025-12-31T15:46:42.2324660Z ##[endgroup]
2025-12-31T15:46:42.2325863Z ##[group]Setting up auth
2025-12-31T15:46:42.2326611Z Removing SSH command configuration
2025-12-31T15:46:42.2337057Z [command]"C:\Program Files\Git\bin\git.exe" config --local --name-only --get-regexp core\.sshCommand
2025-12-31T15:46:42.2634975Z [command]"C:\Program Files\Git\bin\git.exe" submodule foreach --recursive "sh -c \"git config --local --name-only --get-regexp 'core\.sshCommand' && git config --local --unset-all 'core.sshCommand' || :\""
2025-12-31T15:46:43.8401769Z Removing HTTP extra header
2025-12-31T15:46:43.8411215Z [command]"C:\Program Files\Git\bin\git.exe" config --local --name-only --get-regexp http\.https\:\/\/github\.com\/\.extraheader
2025-12-31T15:46:43.8709380Z [command]"C:\Program Files\Git\bin\git.exe" submodule foreach --recursive "sh -c \"git config --local --name-only --get-regexp 'http\.https\:\/\/github\.com\/\.extraheader' && git config --local --unset-all 'http.https://github.com/.extraheader' || :\""
2025-12-31T15:46:44.4065297Z Removing includeIf entries pointing to credentials config files
2025-12-31T15:46:44.4076324Z [command]"C:\Program Files\Git\bin\git.exe" config --local --name-only --get-regexp ^includeIf\.gitdir:
2025-12-31T15:46:44.4364947Z [command]"C:\Program Files\Git\bin\git.exe" submodule foreach --recursive "git config --local --show-origin --name-only --get-regexp remote.origin.url"
2025-12-31T15:46:44.9489278Z [command]"C:\Program Files\Git\bin\git.exe" config --file D:\a\_temp\git-credentials-ba72e82a-6f6e-4465-8e55-2c5984b5876f.config http.https://github.com/.extraheader "AUTHORIZATION: basic ***"
2025-12-31T15:46:44.9901636Z [command]"C:\Program Files\Git\bin\git.exe" config --local includeIf.gitdir:D:/a/scratchattach/scratchattach/.git.path D:\a\_temp\git-credentials-ba72e82a-6f6e-4465-8e55-2c5984b5876f.config
2025-12-31T15:46:45.0223338Z [command]"C:\Program Files\Git\bin\git.exe" config --local includeIf.gitdir:D:/a/scratchattach/scratchattach/.git/worktrees/*.path D:\a\_temp\git-credentials-ba72e82a-6f6e-4465-8e55-2c5984b5876f.config
2025-12-31T15:46:45.0606425Z [command]"C:\Program Files\Git\bin\git.exe" config --local includeIf.gitdir:/github/workspace/.git.path /github/runner_temp/git-credentials-ba72e82a-6f6e-4465-8e55-2c5984b5876f.config
2025-12-31T15:46:45.0924830Z [command]"C:\Program Files\Git\bin\git.exe" config --local includeIf.gitdir:/github/workspace/.git/worktrees/*.path /github/runner_temp/git-credentials-ba72e82a-6f6e-4465-8e55-2c5984b5876f.config
2025-12-31T15:46:45.1277988Z ##[endgroup]
2025-12-31T15:46:45.1278623Z ##[group]Fetching the repository
2025-12-31T15:46:45.1296813Z [command]"C:\Program Files\Git\bin\git.exe" -c protocol.version=2 fetch --no-tags --prune --no-recurse-submodules --depth=1 origin +refs/heads/scratch_chat_dev*:refs/remotes/origin/scratch_chat_dev* +refs/tags/scratch_chat_dev*:refs/tags/scratch_chat_dev*
2025-12-31T15:46:47.3844648Z From https://github.com/Boss-1s/scratchattach
2025-12-31T15:46:47.3845410Z  * [new branch]      scratch_chat_dev -> origin/scratch_chat_dev
2025-12-31T15:46:47.4179011Z ##[endgroup]
2025-12-31T15:46:47.4180185Z ##[group]Determining the checkout info
2025-12-31T15:46:47.4191279Z [command]"C:\Program Files\Git\bin\git.exe" branch --list --remote origin/scratch_chat_dev
2025-12-31T15:46:47.4556210Z   origin/scratch_chat_dev
2025-12-31T15:46:47.4599514Z ##[endgroup]
2025-12-31T15:46:47.4612431Z [command]"C:\Program Files\Git\bin\git.exe" sparse-checkout disable
2025-12-31T15:46:47.5114012Z [command]"C:\Program Files\Git\bin\git.exe" config --local --unset-all extensions.worktreeConfig
2025-12-31T15:46:47.5433808Z ##[group]Checking out the ref
2025-12-31T15:46:47.5446240Z [command]"C:\Program Files\Git\bin\git.exe" checkout --progress --force -B scratch_chat_dev refs/remotes/origin/scratch_chat_dev
2025-12-31T15:46:48.6795329Z Updating files:  74% (1898/2552)
2025-12-31T15:46:48.6877801Z Updating files:  75% (1914/2552)
2025-12-31T15:46:48.6987411Z Updating files:  76% (1940/2552)
2025-12-31T15:46:48.7120712Z Updating files:  77% (1966/2552)
2025-12-31T15:46:48.7221747Z Updating files:  78% (1991/2552)
2025-12-31T15:46:48.7299600Z Updating files:  79% (2017/2552)
2025-12-31T15:46:48.7413731Z Updating files:  80% (2042/2552)
2025-12-31T15:46:48.7522541Z Updating files:  81% (2068/2552)
2025-12-31T15:46:48.7621664Z Updating files:  82% (2093/2552)
2025-12-31T15:46:48.7709909Z Updating files:  83% (2119/2552)
2025-12-31T15:46:48.7801869Z Updating files:  84% (2144/2552)
2025-12-31T15:46:48.7893538Z Updating files:  85% (2170/2552)
2025-12-31T15:46:48.8076321Z Updating files:  86% (2195/2552)
2025-12-31T15:46:48.8204488Z Updating files:  87% (2221/2552)
2025-12-31T15:46:48.8356042Z Updating files:  88% (2246/2552)
2025-12-31T15:46:48.8441542Z Updating files:  89% (2272/2552)
2025-12-31T15:46:48.8513184Z Updating files:  90% (2297/2552)
2025-12-31T15:46:48.8596622Z Updating files:  91% (2323/2552)
2025-12-31T15:46:48.8676372Z Updating files:  92% (2348/2552)
2025-12-31T15:46:48.8753592Z Updating files:  93% (2374/2552)
2025-12-31T15:46:48.8912202Z Updating files:  94% (2399/2552)
2025-12-31T15:46:48.9042803Z Updating files:  95% (2425/2552)
2025-12-31T15:46:48.9188939Z Updating files:  96% (2450/2552)
2025-12-31T15:46:48.9270200Z Updating files:  97% (2476/2552)
2025-12-31T15:46:48.9369575Z Updating files:  98% (2501/2552)
2025-12-31T15:46:48.9709590Z Updating files:  99% (2527/2552)
2025-12-31T15:46:48.9709975Z Updating files: 100% (2552/2552)
2025-12-31T15:46:48.9710201Z Updating files: 100% (2552/2552), done.
2025-12-31T15:46:48.9966575Z branch 'scratch_chat_dev' set up to track 'origin/scratch_chat_dev'.
2025-12-31T15:46:48.9981491Z Switched to a new branch 'scratch_chat_dev'
2025-12-31T15:46:49.0090377Z ##[endgroup]
2025-12-31T15:46:49.0481695Z [command]"C:\Program Files\Git\bin\git.exe" log -1 --format=%H
2025-12-31T15:46:49.0761533Z 024069c85aed8c1108645d8c8d0db417da117aa1
2025-12-31T15:46:49.1206345Z ##[group]Run actions/setup-python@v6.1.0
2025-12-31T15:46:49.1206655Z with:
2025-12-31T15:46:49.1206815Z   python-version: 3.11
2025-12-31T15:46:49.1206999Z   check-latest: false
2025-12-31T15:46:49.1207309Z   token: ***
2025-12-31T15:46:49.1207477Z   update-environment: true
2025-12-31T15:46:49.1207677Z   allow-prereleases: false
2025-12-31T15:46:49.1207858Z   freethreaded: false
2025-12-31T15:46:49.1208022Z ##[endgroup]
2025-12-31T15:46:49.2812357Z ##[group]Installed versions
2025-12-31T15:46:49.3083474Z (node:6552) [DEP0040] DeprecationWarning: The `punycode` module is deprecated. Please use a userland alternative instead.
2025-12-31T15:46:49.3084545Z (Use `node --trace-deprecation ...` to show where the warning was created)
2025-12-31T15:46:49.3085127Z Successfully set up CPython (3.11.9)
2025-12-31T15:46:49.3085863Z ##[endgroup]
2025-12-31T15:46:49.3351110Z ##[group]Run cd test
2025-12-31T15:46:49.3351490Z [36;1mcd test[0m
2025-12-31T15:46:49.3351674Z [36;1mpython3 o_test1.py[0m
2025-12-31T15:46:49.4160264Z shell: C:\Program Files\PowerShell\7\pwsh.EXE -command ". '{0}'"
2025-12-31T15:46:49.4160601Z env:
2025-12-31T15:46:49.4160861Z   pythonLocation: C:\hostedtoolcache\windows\Python\3.11.9\x64
2025-12-31T15:46:49.4161322Z   PKG_CONFIG_PATH: C:\hostedtoolcache\windows\Python\3.11.9\x64/lib/pkgconfig
2025-12-31T15:46:49.4161754Z   Python_ROOT_DIR: C:\hostedtoolcache\windows\Python\3.11.9\x64
2025-12-31T15:46:49.4162139Z   Python2_ROOT_DIR: C:\hostedtoolcache\windows\Python\3.11.9\x64
2025-12-31T15:46:49.4162525Z   Python3_ROOT_DIR: C:\hostedtoolcache\windows\Python\3.11.9\x64
2025-12-31T15:46:49.4162834Z ##[endgroup]
2025-12-31T15:46:56.3362881Z File 'otest.json' not found. Creating a new one.
2025-12-31T15:46:56.3434429Z Data for key 'test_top_level_key' stored successfully in 'otest.json'.
2025-12-31T15:46:56.3452120Z File 'otest.json' not found. Creating a new one.
2025-12-31T15:46:56.3452570Z Data for key 'test_top_level_key' stored successfully in 'otest.json'.
2025-12-31T15:46:56.3453045Z Sucessfully added values ['val1', 'skibidi toilet'] to subkeys ['sk1', 'sk2'], respectively.
2025-12-31T15:46:56.3502763Z Traceback (most recent call last):
2025-12-31T15:46:56.3508758Z   File "D:\a\scratchattach\scratchattach\test\o_test1.py", line 76, in <module>
2025-12-31T15:46:56.3605296Z     assert db_get_keys("otest.json") == "test_top_level_key", "failed at debug point 1"
2025-12-31T15:46:56.3680903Z            ^^^^^^^^^^^^^^^^^^^^^^^^^^^^^^^^^^^^^^^^^^^^^^^^^
2025-12-31T15:46:56.3681404Z AssertionError: failed at debug point 1
2025-12-31T15:46:56.6921238Z ##[error]Process completed with exit code 1.
2025-12-31T15:46:56.7215642Z Post job cleanup.
2025-12-31T15:46:56.9140764Z [command]"C:\Program Files\Git\bin\git.exe" version
2025-12-31T15:46:56.9437129Z git version 2.52.0.windows.1
2025-12-31T15:46:56.9515591Z Temporarily overriding HOME='D:\a\_temp\0557e1c5-cbe2-487f-958b-8670f6b480bc' before making global git config changes
2025-12-31T15:46:56.9516642Z Adding repository directory to the temporary git global config as a safe directory
2025-12-31T15:46:56.9527473Z [command]"C:\Program Files\Git\bin\git.exe" config --global --add safe.directory D:\a\scratchattach\scratchattach
2025-12-31T15:46:56.9853833Z Removing SSH command configuration
2025-12-31T15:46:56.9866432Z [command]"C:\Program Files\Git\bin\git.exe" config --local --name-only --get-regexp core\.sshCommand
2025-12-31T15:46:57.0201813Z [command]"C:\Program Files\Git\bin\git.exe" submodule foreach --recursive "sh -c \"git config --local --name-only --get-regexp 'core\.sshCommand' && git config --local --unset-all 'core.sshCommand' || :\""
2025-12-31T15:46:57.6205023Z Removing HTTP extra header
2025-12-31T15:46:57.6215836Z [command]"C:\Program Files\Git\bin\git.exe" config --local --name-only --get-regexp http\.https\:\/\/github\.com\/\.extraheader
2025-12-31T15:46:57.6587400Z [command]"C:\Program Files\Git\bin\git.exe" submodule foreach --recursive "sh -c \"git config --local --name-only --get-regexp 'http\.https\:\/\/github\.com\/\.extraheader' && git config --local --unset-all 'http.https://github.com/.extraheader' || :\""
2025-12-31T15:46:58.1917665Z Removing includeIf entries pointing to credentials config files
2025-12-31T15:46:58.1929380Z [command]"C:\Program Files\Git\bin\git.exe" config --local --name-only --get-regexp ^includeIf\.gitdir:
2025-12-31T15:46:58.2199514Z includeif.gitdir:D:/a/scratchattach/scratchattach/.git.path
2025-12-31T15:46:58.2200021Z includeif.gitdir:D:/a/scratchattach/scratchattach/.git/worktrees/*.path
2025-12-31T15:46:58.2200433Z includeif.gitdir:/github/workspace/.git.path
2025-12-31T15:46:58.2200806Z includeif.gitdir:/github/workspace/.git/worktrees/*.path
2025-12-31T15:46:58.2243341Z [command]"C:\Program Files\Git\bin\git.exe" config --local --get-all includeif.gitdir:D:/a/scratchattach/scratchattach/.git.path
2025-12-31T15:46:58.2507464Z D:\a\_temp\git-credentials-ba72e82a-6f6e-4465-8e55-2c5984b5876f.config
2025-12-31T15:46:58.2555753Z [command]"C:\Program Files\Git\bin\git.exe" config --local --unset includeif.gitdir:D:/a/scratchattach/scratchattach/.git.path D:\a\_temp\git-credentials-ba72e82a-6f6e-4465-8e55-2c5984b5876f.config
2025-12-31T15:46:58.2870108Z [command]"C:\Program Files\Git\bin\git.exe" config --local --get-all includeif.gitdir:D:/a/scratchattach/scratchattach/.git/worktrees/*.path
2025-12-31T15:46:58.3136714Z D:\a\_temp\git-credentials-ba72e82a-6f6e-4465-8e55-2c5984b5876f.config
2025-12-31T15:46:58.3181040Z [command]"C:\Program Files\Git\bin\git.exe" config --local --unset includeif.gitdir:D:/a/scratchattach/scratchattach/.git/worktrees/*.path D:\a\_temp\git-credentials-ba72e82a-6f6e-4465-8e55-2c5984b5876f.config
2025-12-31T15:46:58.3496048Z [command]"C:\Program Files\Git\bin\git.exe" config --local --get-all includeif.gitdir:/github/workspace/.git.path
2025-12-31T15:46:58.3780883Z /github/runner_temp/git-credentials-ba72e82a-6f6e-4465-8e55-2c5984b5876f.config
2025-12-31T15:46:58.3823260Z [command]"C:\Program Files\Git\bin\git.exe" config --local --unset includeif.gitdir:/github/workspace/.git.path /github/runner_temp/git-credentials-ba72e82a-6f6e-4465-8e55-2c5984b5876f.config
2025-12-31T15:46:58.4146261Z [command]"C:\Program Files\Git\bin\git.exe" config --local --get-all includeif.gitdir:/github/workspace/.git/worktrees/*.path
2025-12-31T15:46:58.4426175Z /github/runner_temp/git-credentials-ba72e82a-6f6e-4465-8e55-2c5984b5876f.config
2025-12-31T15:46:58.4472843Z [command]"C:\Program Files\Git\bin\git.exe" config --local --unset includeif.gitdir:/github/workspace/.git/worktrees/*.path /github/runner_temp/git-credentials-ba72e82a-6f6e-4465-8e55-2c5984b5876f.config
2025-12-31T15:46:58.4812047Z [command]"C:\Program Files\Git\bin\git.exe" submodule foreach --recursive "git config --local --show-origin --name-only --get-regexp remote.origin.url"
2025-12-31T15:46:59.0545549Z Removing credentials config 'D:\a\_temp\git-credentials-ba72e82a-6f6e-4465-8e55-2c5984b5876f.config'
2025-12-31T15:46:59.0736575Z Cleaning up orphan processes
