2025-08-29T12:35:29.8630549Z Current runner version: '2.328.0'
2025-08-29T12:35:29.8665989Z ##[group]Runner Image Provisioner
2025-08-29T12:35:29.8667370Z Hosted Compute Agent
2025-08-29T12:35:29.8668314Z Version: 20250825.382
2025-08-29T12:35:29.8669344Z Commit: 7109f2abf901479dac39397456e363ac0cca0730
2025-08-29T12:35:29.8670757Z Build Date: 2025-08-25T22:55:50Z
2025-08-29T12:35:29.8671867Z ##[endgroup]
2025-08-29T12:35:29.8672963Z ##[group]Operating System
2025-08-29T12:35:29.8673953Z Ubuntu
2025-08-29T12:35:29.8674740Z 24.04.3
2025-08-29T12:35:29.8675548Z LTS
2025-08-29T12:35:29.8676363Z ##[endgroup]
2025-08-29T12:35:29.8677290Z ##[group]Runner Image
2025-08-29T12:35:29.8678328Z Image: ubuntu-24.04
2025-08-29T12:35:29.8679306Z Version: 20250824.1.0
2025-08-29T12:35:29.8681240Z Included Software: https://github.com/actions/runner-images/blob/ubuntu24/20250824.1/images/ubuntu/Ubuntu2404-Readme.md
2025-08-29T12:35:29.8684102Z Image Release: https://github.com/actions/runner-images/releases/tag/ubuntu24%2F20250824.1
2025-08-29T12:35:29.8686070Z ##[endgroup]
2025-08-29T12:35:29.8690643Z ##[group]GITHUB_TOKEN Permissions
2025-08-29T12:35:29.8693477Z Actions: write
2025-08-29T12:35:29.8694389Z Attestations: write
2025-08-29T12:35:29.8695231Z Checks: write
2025-08-29T12:35:29.8696167Z Contents: write
2025-08-29T12:35:29.8697032Z Deployments: write
2025-08-29T12:35:29.8698000Z Discussions: write
2025-08-29T12:35:29.8698848Z Issues: write
2025-08-29T12:35:29.8699752Z Metadata: read
2025-08-29T12:35:29.8700812Z Models: read
2025-08-29T12:35:29.8701889Z Packages: write
2025-08-29T12:35:29.8702817Z Pages: write
2025-08-29T12:35:29.8703769Z PullRequests: write
2025-08-29T12:35:29.8704799Z RepositoryProjects: write
2025-08-29T12:35:29.8705825Z SecurityEvents: write
2025-08-29T12:35:29.8706958Z Statuses: write
2025-08-29T12:35:29.8707967Z ##[endgroup]
2025-08-29T12:35:29.8711261Z Secret source: Actions
2025-08-29T12:35:29.8712417Z Prepare workflow directory
2025-08-29T12:35:29.9183906Z Prepare all required actions
2025-08-29T12:35:29.9242393Z Getting action download info
2025-08-29T12:35:30.1898426Z Download action repository 'actions/checkout@v5' (SHA:08c6903cd8c0fde910a37f88322edcfb5dd907a8)
2025-08-29T12:35:30.2769545Z Download action repository 'actions/setup-python@v5.6.0' (SHA:a26af69be951a213d495a4c3e4e4022e16d87065)
2025-08-29T12:35:30.3576031Z Download action repository 'bossOfCode/install-scratchattach@v1.0.3' (SHA:be17a7cf1ecb5a7040eb42ef26c2e1fbe72bb25a)
2025-08-29T12:35:30.7325122Z Complete job name: Run 1
2025-08-29T12:35:30.7987324Z ##[group]Run actions/checkout@v5
2025-08-29T12:35:30.7988137Z with:
2025-08-29T12:35:30.7988508Z   ref: main
2025-08-29T12:35:30.7988903Z   repository: Boss-1s/scratchattach
2025-08-29T12:35:30.7989560Z   token: ***
2025-08-29T12:35:30.7989935Z   ssh-strict: true
2025-08-29T12:35:30.7990572Z   ssh-user: git
2025-08-29T12:35:30.7990983Z   persist-credentials: true
2025-08-29T12:35:30.7991445Z   clean: true
2025-08-29T12:35:30.7991837Z   sparse-checkout-cone-mode: true
2025-08-29T12:35:30.7992312Z   fetch-depth: 1
2025-08-29T12:35:30.7992709Z   fetch-tags: false
2025-08-29T12:35:30.7993109Z   show-progress: true
2025-08-29T12:35:30.7993506Z   lfs: false
2025-08-29T12:35:30.7993863Z   submodules: false
2025-08-29T12:35:30.7994271Z   set-safe-directory: true
2025-08-29T12:35:30.7994966Z ##[endgroup]
2025-08-29T12:35:30.8959125Z Syncing repository: Boss-1s/scratchattach
2025-08-29T12:35:30.8961886Z ##[group]Getting Git version info
2025-08-29T12:35:30.8963184Z Working directory is '/home/runner/work/scratchattach/scratchattach'
2025-08-29T12:35:30.8964881Z [command]/usr/bin/git version
2025-08-29T12:35:30.9013685Z git version 2.51.0
2025-08-29T12:35:30.9036772Z ##[endgroup]
2025-08-29T12:35:30.9052431Z Temporarily overriding HOME='/home/runner/work/_temp/6afca373-621b-48fe-a84c-ea6508eed355' before making global git config changes
2025-08-29T12:35:30.9057073Z Adding repository directory to the temporary git global config as a safe directory
2025-08-29T12:35:30.9059214Z [command]/usr/bin/git config --global --add safe.directory /home/runner/work/scratchattach/scratchattach
2025-08-29T12:35:30.9095627Z Deleting the contents of '/home/runner/work/scratchattach/scratchattach'
2025-08-29T12:35:30.9098805Z ##[group]Initializing the repository
2025-08-29T12:35:30.9103441Z [command]/usr/bin/git init /home/runner/work/scratchattach/scratchattach
2025-08-29T12:35:30.9197891Z hint: Using 'master' as the name for the initial branch. This default branch name
2025-08-29T12:35:30.9199001Z hint: is subject to change. To configure the initial branch name to use in all
2025-08-29T12:35:30.9199888Z hint: of your new repositories, which will suppress this warning, call:
2025-08-29T12:35:30.9200797Z hint:
2025-08-29T12:35:30.9201275Z hint: 	git config --global init.defaultBranch <name>
2025-08-29T12:35:30.9201839Z hint:
2025-08-29T12:35:30.9202368Z hint: Names commonly chosen instead of 'master' are 'main', 'trunk' and
2025-08-29T12:35:30.9203464Z hint: 'development'. The just-created branch can be renamed via this command:
2025-08-29T12:35:30.9204423Z hint:
2025-08-29T12:35:30.9204806Z hint: 	git branch -m <name>
2025-08-29T12:35:30.9205245Z hint:
2025-08-29T12:35:30.9206019Z hint: Disable this message with "git config set advice.defaultBranchName false"
2025-08-29T12:35:30.9207295Z Initialized empty Git repository in /home/runner/work/scratchattach/scratchattach/.git/
2025-08-29T12:35:30.9214392Z [command]/usr/bin/git remote add origin https://github.com/Boss-1s/scratchattach
2025-08-29T12:35:30.9256656Z ##[endgroup]
2025-08-29T12:35:30.9257875Z ##[group]Disabling automatic garbage collection
2025-08-29T12:35:30.9260908Z [command]/usr/bin/git config --local gc.auto 0
2025-08-29T12:35:30.9292450Z ##[endgroup]
2025-08-29T12:35:30.9293134Z ##[group]Setting up auth
2025-08-29T12:35:30.9303012Z [command]/usr/bin/git config --local --name-only --get-regexp core\.sshCommand
2025-08-29T12:35:30.9338134Z [command]/usr/bin/git submodule foreach --recursive sh -c "git config --local --name-only --get-regexp 'core\.sshCommand' && git config --local --unset-all 'core.sshCommand' || :"
2025-08-29T12:35:30.9671894Z [command]/usr/bin/git config --local --name-only --get-regexp http\.https\:\/\/github\.com\/\.extraheader
2025-08-29T12:35:30.9701072Z [command]/usr/bin/git submodule foreach --recursive sh -c "git config --local --name-only --get-regexp 'http\.https\:\/\/github\.com\/\.extraheader' && git config --local --unset-all 'http.https://github.com/.extraheader' || :"
2025-08-29T12:35:30.9922887Z [command]/usr/bin/git config --local http.https://github.com/.extraheader AUTHORIZATION: basic ***
2025-08-29T12:35:30.9958085Z ##[endgroup]
2025-08-29T12:35:30.9959532Z ##[group]Fetching the repository
2025-08-29T12:35:30.9968283Z [command]/usr/bin/git -c protocol.version=2 fetch --no-tags --prune --no-recurse-submodules --depth=1 origin +refs/heads/main*:refs/remotes/origin/main* +refs/tags/main*:refs/tags/main*
2025-08-29T12:35:31.2614483Z From https://github.com/Boss-1s/scratchattach
2025-08-29T12:35:31.2615905Z  * [new branch]      main       -> origin/main
2025-08-29T12:35:31.2649358Z ##[endgroup]
2025-08-29T12:35:31.2650887Z ##[group]Determining the checkout info
2025-08-29T12:35:31.2656846Z [command]/usr/bin/git branch --list --remote origin/main
2025-08-29T12:35:31.2681574Z   origin/main
2025-08-29T12:35:31.2687711Z ##[endgroup]
2025-08-29T12:35:31.2692905Z [command]/usr/bin/git sparse-checkout disable
2025-08-29T12:35:31.2737016Z [command]/usr/bin/git config --local --unset-all extensions.worktreeConfig
2025-08-29T12:35:31.2766204Z ##[group]Checking out the ref
2025-08-29T12:35:31.2770716Z [command]/usr/bin/git checkout --progress --force -B main refs/remotes/origin/main
2025-08-29T12:35:31.2831630Z Switched to a new branch 'main'
2025-08-29T12:35:31.2834558Z branch 'main' set up to track 'origin/main'.
2025-08-29T12:35:31.2840573Z ##[endgroup]
2025-08-29T12:35:31.2873894Z [command]/usr/bin/git log -1 --format=%H
2025-08-29T12:35:31.2895787Z eb5e61f37fed4bc572f0a487dc9536a3a0745d06
2025-08-29T12:35:31.3171446Z ##[group]Run actions/setup-python@v5.6.0
2025-08-29T12:35:31.3172575Z with:
2025-08-29T12:35:31.3173092Z   python-version: 3.12.5
2025-08-29T12:35:31.3173792Z   check-latest: false
2025-08-29T12:35:31.3174711Z   token: ***
2025-08-29T12:35:31.3175275Z   update-environment: true
2025-08-29T12:35:31.3176009Z   allow-prereleases: false
2025-08-29T12:35:31.3176706Z   freethreaded: false
2025-08-29T12:35:31.3177301Z ##[endgroup]
2025-08-29T12:35:31.4830438Z ##[group]Installed versions
2025-08-29T12:35:31.4874467Z Version 3.12.5 was not found in the local cache
2025-08-29T12:35:31.8199161Z Version 3.12.5 is available for downloading
2025-08-29T12:35:31.8201804Z Download from "https://github.com/actions/python-versions/releases/download/3.12.5-10375840348/python-3.12.5-linux-24.04-x64.tar.gz"
2025-08-29T12:35:32.5315506Z Extract downloaded archive
2025-08-29T12:35:32.5416956Z [command]/usr/bin/tar xz --warning=no-unknown-keyword --overwrite -C /home/runner/work/_temp/2f5fac05-270a-4aea-9071-049548ea04f8 -f /home/runner/work/_temp/206c50bb-8328-465f-923f-fc944283754a
2025-08-29T12:35:34.5258022Z Execute installation script
2025-08-29T12:35:34.5347146Z Check if Python hostedtoolcache folder exist...
2025-08-29T12:35:34.5347838Z Create Python 3.12.5 folder
2025-08-29T12:35:34.5367880Z Copy Python binaries to hostedtoolcache folder
2025-08-29T12:35:35.1048557Z Create additional symlinks (Required for the UsePythonVersion Azure Pipelines task and the setup-python GitHub Action)
2025-08-29T12:35:35.1089858Z Upgrading pip...
2025-08-29T12:35:37.5316511Z Looking in links: /tmp/tmphtdhhqb5
2025-08-29T12:35:37.5321030Z Requirement already satisfied: pip in /opt/hostedtoolcache/Python/3.12.5/x64/lib/python3.12/site-packages (24.2)
2025-08-29T12:35:39.0676946Z Collecting pip
2025-08-29T12:35:39.1137762Z Downloading pip-25.2-py3-none-any.whl.metadata (4.7 kB)
2025-08-29T12:35:39.1302780Z Downloading pip-25.2-py3-none-any.whl (1.8 MB)
2025-08-29T12:35:39.2356456Z ━━━━━━━━━━━━━━━━━━━━━━━━━━━━━━━━━━━━━━━━ 1.8/1.8 MB 19.5 MB/s eta 0:00:00
2025-08-29T12:35:39.2357007Z 
2025-08-29T12:35:39.2598568Z Installing collected packages: pip
2025-08-29T12:35:39.2601135Z Attempting uninstall: pip
2025-08-29T12:35:39.2622631Z Found existing installation: pip 24.2
2025-08-29T12:35:39.2969997Z Uninstalling pip-24.2:
2025-08-29T12:35:39.3024626Z Successfully uninstalled pip-24.2
2025-08-29T12:35:40.1680976Z Successfully installed pip-25.2
2025-08-29T12:35:40.2210679Z Create complete file
2025-08-29T12:35:40.2244849Z Successfully set up CPython (3.12.5)
2025-08-29T12:35:40.2245690Z ##[endgroup]
2025-08-29T12:35:40.2384956Z ##[group]Run bossOfCode/install-scratchattach@v1.0.3
2025-08-29T12:35:40.2385284Z env:
2025-08-29T12:35:40.2385543Z   pythonLocation: /opt/hostedtoolcache/Python/3.12.5/x64
2025-08-29T12:35:40.2385964Z   PKG_CONFIG_PATH: /opt/hostedtoolcache/Python/3.12.5/x64/lib/pkgconfig
2025-08-29T12:35:40.2386354Z   Python_ROOT_DIR: /opt/hostedtoolcache/Python/3.12.5/x64
2025-08-29T12:35:40.2386680Z   Python2_ROOT_DIR: /opt/hostedtoolcache/Python/3.12.5/x64
2025-08-29T12:35:40.2387031Z   Python3_ROOT_DIR: /opt/hostedtoolcache/Python/3.12.5/x64
2025-08-29T12:35:40.2387392Z   LD_LIBRARY_PATH: /opt/hostedtoolcache/Python/3.12.5/x64/lib
2025-08-29T12:35:40.2387704Z ##[endgroup]
2025-08-29T12:35:40.2463692Z ##[group]Run python3 -m pip install --upgrade pip
2025-08-29T12:35:40.2526788Z [36;1mpython3 -m pip install --upgrade pip[0m
2025-08-29T12:35:40.2583202Z shell: /usr/bin/bash --noprofile --norc -e -o pipefail {0}
2025-08-29T12:35:40.2583545Z env:
2025-08-29T12:35:40.2583830Z   pythonLocation: /opt/hostedtoolcache/Python/3.12.5/x64
2025-08-29T12:35:40.2584227Z   PKG_CONFIG_PATH: /opt/hostedtoolcache/Python/3.12.5/x64/lib/pkgconfig
2025-08-29T12:35:40.2584619Z   Python_ROOT_DIR: /opt/hostedtoolcache/Python/3.12.5/x64
2025-08-29T12:35:40.2584965Z   Python2_ROOT_DIR: /opt/hostedtoolcache/Python/3.12.5/x64
2025-08-29T12:35:40.2585302Z   Python3_ROOT_DIR: /opt/hostedtoolcache/Python/3.12.5/x64
2025-08-29T12:35:40.2585646Z   LD_LIBRARY_PATH: /opt/hostedtoolcache/Python/3.12.5/x64/lib
2025-08-29T12:35:40.2585936Z ##[endgroup]
2025-08-29T12:35:41.0848767Z Requirement already satisfied: pip in /opt/hostedtoolcache/Python/3.12.5/x64/lib/python3.12/site-packages (25.2)
2025-08-29T12:35:41.2790769Z ##[group]Run pip install -U scratchattach
2025-08-29T12:35:41.2791075Z [36;1mpip install -U scratchattach[0m
2025-08-29T12:35:41.2823750Z shell: /usr/bin/bash --noprofile --norc -e -o pipefail {0}
2025-08-29T12:35:41.2824060Z env:
2025-08-29T12:35:41.2824314Z   pythonLocation: /opt/hostedtoolcache/Python/3.12.5/x64
2025-08-29T12:35:41.2824702Z   PKG_CONFIG_PATH: /opt/hostedtoolcache/Python/3.12.5/x64/lib/pkgconfig
2025-08-29T12:35:41.2825081Z   Python_ROOT_DIR: /opt/hostedtoolcache/Python/3.12.5/x64
2025-08-29T12:35:41.2825417Z   Python2_ROOT_DIR: /opt/hostedtoolcache/Python/3.12.5/x64
2025-08-29T12:35:41.2825755Z   Python3_ROOT_DIR: /opt/hostedtoolcache/Python/3.12.5/x64
2025-08-29T12:35:41.2826092Z   LD_LIBRARY_PATH: /opt/hostedtoolcache/Python/3.12.5/x64/lib
2025-08-29T12:35:41.2826380Z ##[endgroup]
2025-08-29T12:35:41.8158261Z Collecting scratchattach
2025-08-29T12:35:41.8606308Z   Downloading scratchattach-2.1.13-py3-none-any.whl.metadata (5.5 kB)
2025-08-29T12:35:41.8891177Z Collecting websocket-client (from scratchattach)
2025-08-29T12:35:41.8965273Z   Downloading websocket_client-1.8.0-py3-none-any.whl.metadata (8.0 kB)
2025-08-29T12:35:41.9309749Z Collecting requests (from scratchattach)
2025-08-29T12:35:41.9381851Z   Downloading requests-2.32.5-py3-none-any.whl.metadata (4.9 kB)
2025-08-29T12:35:41.9626483Z Collecting bs4 (from scratchattach)
2025-08-29T12:35:41.9696943Z   Downloading bs4-0.0.2-py2.py3-none-any.whl.metadata (411 bytes)
2025-08-29T12:35:41.9823317Z Collecting SimpleWebSocketServer (from scratchattach)
2025-08-29T12:35:41.9917164Z   Downloading SimpleWebSocketServer-0.1.2.tar.gz (10 kB)
2025-08-29T12:35:41.9999415Z   Installing build dependencies: started
2025-08-29T12:35:42.8498963Z   Installing build dependencies: finished with status 'done'
2025-08-29T12:35:42.8506917Z   Getting requirements to build wheel: started
2025-08-29T12:35:43.2016340Z   Getting requirements to build wheel: finished with status 'done'
2025-08-29T12:35:43.2027672Z   Preparing metadata (pyproject.toml): started
2025-08-29T12:35:43.3911524Z   Preparing metadata (pyproject.toml): finished with status 'done'
2025-08-29T12:35:43.4126054Z Collecting typing-extensions (from scratchattach)
2025-08-29T12:35:43.4200983Z   Downloading typing_extensions-4.15.0-py3-none-any.whl.metadata (3.3 kB)
2025-08-29T12:35:43.4425564Z Collecting beautifulsoup4 (from bs4->scratchattach)
2025-08-29T12:35:43.4496377Z   Downloading beautifulsoup4-4.13.5-py3-none-any.whl.metadata (3.8 kB)
2025-08-29T12:35:43.4731374Z Collecting soupsieve>1.2 (from beautifulsoup4->bs4->scratchattach)
2025-08-29T12:35:43.4809179Z   Downloading soupsieve-2.8-py3-none-any.whl.metadata (4.6 kB)
2025-08-29T12:35:43.5913730Z Collecting charset_normalizer<4,>=2 (from requests->scratchattach)
2025-08-29T12:35:43.5989123Z   Downloading charset_normalizer-3.4.3-cp312-cp312-manylinux2014_x86_64.manylinux_2_17_x86_64.manylinux_2_28_x86_64.whl.metadata (36 kB)
2025-08-29T12:35:43.6244939Z Collecting idna<4,>=2.5 (from requests->scratchattach)
2025-08-29T12:35:43.6318761Z   Downloading idna-3.10-py3-none-any.whl.metadata (10 kB)
2025-08-29T12:35:43.6679880Z Collecting urllib3<3,>=1.21.1 (from requests->scratchattach)
2025-08-29T12:35:43.6750773Z   Downloading urllib3-2.5.0-py3-none-any.whl.metadata (6.5 kB)
2025-08-29T12:35:43.7027689Z Collecting certifi>=2017.4.17 (from requests->scratchattach)
2025-08-29T12:35:43.7100886Z   Downloading certifi-2025.8.3-py3-none-any.whl.metadata (2.4 kB)
2025-08-29T12:35:43.7247383Z Downloading scratchattach-2.1.13-py3-none-any.whl (141 kB)
2025-08-29T12:35:43.7403557Z Downloading bs4-0.0.2-py2.py3-none-any.whl (1.2 kB)
2025-08-29T12:35:43.7497059Z Downloading beautifulsoup4-4.13.5-py3-none-any.whl (105 kB)
2025-08-29T12:35:43.7596833Z Downloading soupsieve-2.8-py3-none-any.whl (36 kB)
2025-08-29T12:35:43.7689955Z Downloading typing_extensions-4.15.0-py3-none-any.whl (44 kB)
2025-08-29T12:35:43.7781669Z Downloading requests-2.32.5-py3-none-any.whl (64 kB)
2025-08-29T12:35:43.7880026Z Downloading charset_normalizer-3.4.3-cp312-cp312-manylinux2014_x86_64.manylinux_2_17_x86_64.manylinux_2_28_x86_64.whl (151 kB)
2025-08-29T12:35:43.8000118Z Downloading idna-3.10-py3-none-any.whl (70 kB)
2025-08-29T12:35:43.8129419Z Downloading urllib3-2.5.0-py3-none-any.whl (129 kB)
2025-08-29T12:35:43.8234502Z Downloading certifi-2025.8.3-py3-none-any.whl (161 kB)
2025-08-29T12:35:43.8339532Z Downloading websocket_client-1.8.0-py3-none-any.whl (58 kB)
2025-08-29T12:35:43.8479454Z Building wheels for collected packages: SimpleWebSocketServer
2025-08-29T12:35:43.8488286Z   Building wheel for SimpleWebSocketServer (pyproject.toml): started
2025-08-29T12:35:44.0697529Z   Building wheel for SimpleWebSocketServer (pyproject.toml): finished with status 'done'
2025-08-29T12:35:44.0703943Z   Created wheel for SimpleWebSocketServer: filename=simplewebsocketserver-0.1.2-py3-none-any.whl size=9715 sha256=23e864afa48d4fc49afc95d805a8d27c2439cd03e4ba845f7a66b95a11533eb7
2025-08-29T12:35:44.0705749Z   Stored in directory: /home/runner/.cache/pip/wheels/81/fd/d8/f145b47bedceb5dff96b76e404a4ee9be956a4f8f150cd8133
2025-08-29T12:35:44.0724376Z Successfully built SimpleWebSocketServer
2025-08-29T12:35:44.0899961Z Installing collected packages: SimpleWebSocketServer, websocket-client, urllib3, typing-extensions, soupsieve, idna, charset_normalizer, certifi, requests, beautifulsoup4, bs4, scratchattach
2025-08-29T12:35:44.6606064Z 
2025-08-29T12:35:44.6626230Z Successfully installed SimpleWebSocketServer-0.1.2 beautifulsoup4-4.13.5 bs4-0.0.2 certifi-2025.8.3 charset_normalizer-3.4.3 idna-3.10 requests-2.32.5 scratchattach-2.1.13 soupsieve-2.8 typing-extensions-4.15.0 urllib3-2.5.0 websocket-client-1.8.0
2025-08-29T12:35:44.7430683Z ##[group]Run actions/checkout@v5
2025-08-29T12:35:44.7430942Z with:
2025-08-29T12:35:44.7431114Z   ref: main
2025-08-29T12:35:44.7431300Z   repository: Boss-1s/scratchattach
2025-08-29T12:35:44.7431659Z   token: ***
2025-08-29T12:35:44.7431839Z   ssh-strict: true
2025-08-29T12:35:44.7432022Z   ssh-user: git
2025-08-29T12:35:44.7432205Z   persist-credentials: true
2025-08-29T12:35:44.7432417Z   clean: true
2025-08-29T12:35:44.7432602Z   sparse-checkout-cone-mode: true
2025-08-29T12:35:44.7432829Z   fetch-depth: 1
2025-08-29T12:35:44.7433007Z   fetch-tags: false
2025-08-29T12:35:44.7433184Z   show-progress: true
2025-08-29T12:35:44.7433368Z   lfs: false
2025-08-29T12:35:44.7433528Z   submodules: false
2025-08-29T12:35:44.7433715Z   set-safe-directory: true
2025-08-29T12:35:44.7433913Z env:
2025-08-29T12:35:44.7434129Z   pythonLocation: /opt/hostedtoolcache/Python/3.12.5/x64
2025-08-29T12:35:44.7434517Z   PKG_CONFIG_PATH: /opt/hostedtoolcache/Python/3.12.5/x64/lib/pkgconfig
2025-08-29T12:35:44.7434921Z   Python_ROOT_DIR: /opt/hostedtoolcache/Python/3.12.5/x64
2025-08-29T12:35:44.7435254Z   Python2_ROOT_DIR: /opt/hostedtoolcache/Python/3.12.5/x64
2025-08-29T12:35:44.7435584Z   Python3_ROOT_DIR: /opt/hostedtoolcache/Python/3.12.5/x64
2025-08-29T12:35:44.7435914Z   LD_LIBRARY_PATH: /opt/hostedtoolcache/Python/3.12.5/x64/lib
2025-08-29T12:35:44.7436194Z ##[endgroup]
2025-08-29T12:35:44.8183382Z Syncing repository: Boss-1s/scratchattach
2025-08-29T12:35:44.8184247Z ##[group]Getting Git version info
2025-08-29T12:35:44.8184875Z Working directory is '/home/runner/work/scratchattach/scratchattach'
2025-08-29T12:35:44.8218812Z [command]/usr/bin/git version
2025-08-29T12:35:44.8253930Z git version 2.51.0
2025-08-29T12:35:44.8274128Z ##[endgroup]
2025-08-29T12:35:44.8287647Z Temporarily overriding HOME='/home/runner/work/_temp/98dad0be-e140-4d39-9a0a-9ef36612857c' before making global git config changes
2025-08-29T12:35:44.8288936Z Adding repository directory to the temporary git global config as a safe directory
2025-08-29T12:35:44.8293349Z [command]/usr/bin/git config --global --add safe.directory /home/runner/work/scratchattach/scratchattach
2025-08-29T12:35:44.8328823Z [command]/usr/bin/git config --local --get remote.origin.url
2025-08-29T12:35:44.8349329Z https://github.com/Boss-1s/scratchattach
2025-08-29T12:35:44.8362097Z ##[group]Removing previously created refs, to avoid conflicts
2025-08-29T12:35:44.8366329Z [command]/usr/bin/git rev-parse --symbolic-full-name --verify --quiet HEAD
2025-08-29T12:35:44.8387111Z refs/heads/main
2025-08-29T12:35:44.8396463Z [command]/usr/bin/git checkout --detach
2025-08-29T12:35:44.8430976Z HEAD is now at eb5e61f Update scratch_chat_requests.py
2025-08-29T12:35:44.8472030Z [command]/usr/bin/git branch --delete --force main
2025-08-29T12:35:44.8497758Z Deleted branch main (was eb5e61f).
2025-08-29T12:35:44.8532163Z ##[endgroup]
2025-08-29T12:35:44.8536122Z [command]/usr/bin/git submodule status
2025-08-29T12:35:44.8756296Z ##[group]Cleaning the repository
2025-08-29T12:35:44.8760624Z [command]/usr/bin/git clean -ffdx
2025-08-29T12:35:44.8791703Z [command]/usr/bin/git reset --hard HEAD
2025-08-29T12:35:44.8824755Z HEAD is now at eb5e61f Update scratch_chat_requests.py
2025-08-29T12:35:44.8829737Z ##[endgroup]
2025-08-29T12:35:44.8831072Z ##[group]Disabling automatic garbage collection
2025-08-29T12:35:44.8834789Z [command]/usr/bin/git config --local gc.auto 0
2025-08-29T12:35:44.8859581Z ##[endgroup]
2025-08-29T12:35:44.8859956Z ##[group]Setting up auth
2025-08-29T12:35:44.8866277Z [command]/usr/bin/git config --local --name-only --get-regexp core\.sshCommand
2025-08-29T12:35:44.8894608Z [command]/usr/bin/git submodule foreach --recursive sh -c "git config --local --name-only --get-regexp 'core\.sshCommand' && git config --local --unset-all 'core.sshCommand' || :"
2025-08-29T12:35:44.9112053Z [command]/usr/bin/git config --local --name-only --get-regexp http\.https\:\/\/github\.com\/\.extraheader
2025-08-29T12:35:44.9132673Z http.https://github.com/.extraheader
2025-08-29T12:35:44.9141455Z [command]/usr/bin/git config --local --unset-all http.https://github.com/.extraheader
2025-08-29T12:35:44.9171502Z [command]/usr/bin/git submodule foreach --recursive sh -c "git config --local --name-only --get-regexp 'http\.https\:\/\/github\.com\/\.extraheader' && git config --local --unset-all 'http.https://github.com/.extraheader' || :"
2025-08-29T12:35:44.9390478Z [command]/usr/bin/git config --local http.https://github.com/.extraheader AUTHORIZATION: basic ***
2025-08-29T12:35:44.9429625Z ##[endgroup]
2025-08-29T12:35:44.9430158Z ##[group]Fetching the repository
2025-08-29T12:35:44.9438086Z [command]/usr/bin/git -c protocol.version=2 fetch --no-tags --prune --no-recurse-submodules --depth=1 origin +refs/heads/main*:refs/remotes/origin/main* +refs/tags/main*:refs/tags/main*
2025-08-29T12:35:45.1658636Z ##[endgroup]
2025-08-29T12:35:45.1659246Z ##[group]Determining the checkout info
2025-08-29T12:35:45.1666266Z [command]/usr/bin/git branch --list --remote origin/main
2025-08-29T12:35:45.1690089Z   origin/main
2025-08-29T12:35:45.1694910Z ##[endgroup]
2025-08-29T12:35:45.1699343Z [command]/usr/bin/git sparse-checkout disable
2025-08-29T12:35:45.1737757Z [command]/usr/bin/git config --local --unset-all extensions.worktreeConfig
2025-08-29T12:35:45.1765411Z ##[group]Checking out the ref
2025-08-29T12:35:45.1769801Z [command]/usr/bin/git checkout --progress --force -B main refs/remotes/origin/main
2025-08-29T12:35:45.1806467Z Switched to a new branch 'main'
2025-08-29T12:35:45.1809162Z branch 'main' set up to track 'origin/main'.
2025-08-29T12:35:45.1816510Z ##[endgroup]
2025-08-29T12:35:45.1852039Z [command]/usr/bin/git log -1 --format=%H
2025-08-29T12:35:45.1876075Z eb5e61f37fed4bc572f0a487dc9536a3a0745d06
2025-08-29T12:35:45.2006309Z ##[group]Run timeout 359m python3 message_viewer.py || { [[ $? -eq 124 ]] && exit 0; }
2025-08-29T12:35:45.2006860Z [36;1mtimeout 359m python3 message_viewer.py || { [[ $? -eq 124 ]] && exit 0; }[0m
2025-08-29T12:35:45.2038537Z shell: /usr/bin/bash -e {0}
2025-08-29T12:35:45.2038765Z env:
2025-08-29T12:35:45.2039001Z   pythonLocation: /opt/hostedtoolcache/Python/3.12.5/x64
2025-08-29T12:35:45.2039434Z   PKG_CONFIG_PATH: /opt/hostedtoolcache/Python/3.12.5/x64/lib/pkgconfig
2025-08-29T12:35:45.2040007Z   Python_ROOT_DIR: /opt/hostedtoolcache/Python/3.12.5/x64
2025-08-29T12:35:45.2040610Z   Python2_ROOT_DIR: /opt/hostedtoolcache/Python/3.12.5/x64
2025-08-29T12:35:45.2040962Z   Python3_ROOT_DIR: /opt/hostedtoolcache/Python/3.12.5/x64
2025-08-29T12:35:45.2041301Z   LD_LIBRARY_PATH: /opt/hostedtoolcache/Python/3.12.5/x64/lib
2025-08-29T12:35:45.2041708Z   PASS: ***
2025-08-29T12:35:45.2041874Z ##[endgroup]
2025-08-29T12:35:46.4632413Z Thanks for giving credit for CloudRequests!
2025-08-29T12:35:46.4632926Z Request handler is running
2025-08-29T12:35:46.4638972Z Request handler is running
2025-08-29T18:34:45.2197427Z Post job cleanup.
2025-08-29T18:34:45.2957756Z [command]/usr/bin/git version
2025-08-29T18:34:45.2993433Z git version 2.51.0
2025-08-29T18:34:45.3030506Z Temporarily overriding HOME='/home/runner/work/_temp/a8f360b2-3434-44e8-9d5f-1cc056c0dc18' before making global git config changes
2025-08-29T18:34:45.3031789Z Adding repository directory to the temporary git global config as a safe directory
2025-08-29T18:34:45.3036310Z [command]/usr/bin/git config --global --add safe.directory /home/runner/work/scratchattach/scratchattach
2025-08-29T18:34:45.3072169Z [command]/usr/bin/git config --local --name-only --get-regexp core\.sshCommand
2025-08-29T18:34:45.3103585Z [command]/usr/bin/git submodule foreach --recursive sh -c "git config --local --name-only --get-regexp 'core\.sshCommand' && git config --local --unset-all 'core.sshCommand' || :"
2025-08-29T18:34:45.3323152Z [command]/usr/bin/git config --local --name-only --get-regexp http\.https\:\/\/github\.com\/\.extraheader
2025-08-29T18:34:45.3344316Z http.https://github.com/.extraheader
2025-08-29T18:34:45.3354421Z [command]/usr/bin/git config --local --unset-all http.https://github.com/.extraheader
2025-08-29T18:34:45.3384212Z [command]/usr/bin/git submodule foreach --recursive sh -c "git config --local --name-only --get-regexp 'http\.https\:\/\/github\.com\/\.extraheader' && git config --local --unset-all 'http.https://github.com/.extraheader' || :"
2025-08-29T18:34:45.3717441Z Post job cleanup.
2025-08-29T18:34:45.5378705Z Post job cleanup.
2025-08-29T18:34:45.6133625Z [command]/usr/bin/git version
2025-08-29T18:34:45.6168315Z git version 2.51.0
2025-08-29T18:34:45.6204633Z Temporarily overriding HOME='/home/runner/work/_temp/8a9f1331-b64a-4543-9b62-a7fc04adef0e' before making global git config changes
2025-08-29T18:34:45.6205930Z Adding repository directory to the temporary git global config as a safe directory
2025-08-29T18:34:45.6210506Z [command]/usr/bin/git config --global --add safe.directory /home/runner/work/scratchattach/scratchattach
2025-08-29T18:34:45.6246003Z [command]/usr/bin/git config --local --name-only --get-regexp core\.sshCommand
2025-08-29T18:34:45.6281861Z [command]/usr/bin/git submodule foreach --recursive sh -c "git config --local --name-only --get-regexp 'core\.sshCommand' && git config --local --unset-all 'core.sshCommand' || :"
2025-08-29T18:34:45.6517297Z [command]/usr/bin/git config --local --name-only --get-regexp http\.https\:\/\/github\.com\/\.extraheader
2025-08-29T18:34:45.6555275Z [command]/usr/bin/git submodule foreach --recursive sh -c "git config --local --name-only --get-regexp 'http\.https\:\/\/github\.com\/\.extraheader' && git config --local --unset-all 'http.https://github.com/.extraheader' || :"
2025-08-29T18:34:45.6919603Z Cleaning up orphan processes
