2025-10-06T21:03:37.4645015Z Current runner version: '2.328.0'
2025-10-06T21:03:37.4679206Z ##[group]Runner Image Provisioner
2025-10-06T21:03:37.4680404Z Hosted Compute Agent
2025-10-06T21:03:37.4681332Z Version: 20250912.392
2025-10-06T21:03:37.4682717Z Commit: d921fda672a98b64f4f82364647e2f10b2267d0b
2025-10-06T21:03:37.4683905Z Build Date: 2025-09-12T15:23:14Z
2025-10-06T21:03:37.4685013Z ##[endgroup]
2025-10-06T21:03:37.4685988Z ##[group]Operating System
2025-10-06T21:03:37.4687039Z Ubuntu
2025-10-06T21:03:37.4687818Z 24.04.3
2025-10-06T21:03:37.4688597Z LTS
2025-10-06T21:03:37.4689399Z ##[endgroup]
2025-10-06T21:03:37.4690317Z ##[group]Runner Image
2025-10-06T21:03:37.4691465Z Image: ubuntu-24.04
2025-10-06T21:03:37.4692645Z Version: 20250929.60.1
2025-10-06T21:03:37.4694520Z Included Software: https://github.com/actions/runner-images/blob/ubuntu24/20250929.60/images/ubuntu/Ubuntu2404-Readme.md
2025-10-06T21:03:37.4697297Z Image Release: https://github.com/actions/runner-images/releases/tag/ubuntu24%2F20250929.60
2025-10-06T21:03:37.4699117Z ##[endgroup]
2025-10-06T21:03:37.4701031Z ##[group]GITHUB_TOKEN Permissions
2025-10-06T21:03:37.4704161Z Contents: write
2025-10-06T21:03:37.4705153Z Metadata: read
2025-10-06T21:03:37.4706045Z ##[endgroup]
2025-10-06T21:03:37.4709172Z Secret source: Actions
2025-10-06T21:03:37.4710924Z Prepare workflow directory
2025-10-06T21:03:37.5192607Z Prepare all required actions
2025-10-06T21:03:37.5250739Z Getting action download info
2025-10-06T21:03:37.8317575Z Download action repository 'actions/checkout@v5.0.0' (SHA:08c6903cd8c0fde910a37f88322edcfb5dd907a8)
2025-10-06T21:03:38.0336830Z Download action repository 'actions/setup-python@v6.0.0' (SHA:e797f83bcb11b83ae66e0230d6156d7c80228e7c)
2025-10-06T21:03:38.1662211Z Download action repository 'bossOfCode/install-scratchattach@v1.0.3' (SHA:be17a7cf1ecb5a7040eb42ef26c2e1fbe72bb25a)
2025-10-06T21:03:38.6004840Z Complete job name: Run Request/Database Handler
2025-10-06T21:03:38.6677243Z ##[group]Run actions/checkout@v5.0.0
2025-10-06T21:03:38.6678088Z with:
2025-10-06T21:03:38.6678491Z   ref: scratch_chat_dev
2025-10-06T21:03:38.6678940Z   repository: Boss-1s/scratchattach
2025-10-06T21:03:38.6679603Z   token: ***
2025-10-06T21:03:38.6679982Z   ssh-strict: true
2025-10-06T21:03:38.6680375Z   ssh-user: git
2025-10-06T21:03:38.6680777Z   persist-credentials: true
2025-10-06T21:03:38.6681214Z   clean: true
2025-10-06T21:03:38.6681618Z   sparse-checkout-cone-mode: true
2025-10-06T21:03:38.6682391Z   fetch-depth: 1
2025-10-06T21:03:38.6682786Z   fetch-tags: false
2025-10-06T21:03:38.6683179Z   show-progress: true
2025-10-06T21:03:38.6683573Z   lfs: false
2025-10-06T21:03:38.6683943Z   submodules: false
2025-10-06T21:03:38.6684341Z   set-safe-directory: true
2025-10-06T21:03:38.6685051Z ##[endgroup]
2025-10-06T21:03:38.7650718Z Syncing repository: Boss-1s/scratchattach
2025-10-06T21:03:38.7652760Z ##[group]Getting Git version info
2025-10-06T21:03:38.7653583Z Working directory is '/home/runner/work/scratchattach/scratchattach'
2025-10-06T21:03:38.7654612Z [command]/usr/bin/git version
2025-10-06T21:03:38.7730900Z git version 2.51.0
2025-10-06T21:03:38.7752526Z ##[endgroup]
2025-10-06T21:03:38.7768134Z Temporarily overriding HOME='/home/runner/work/_temp/c6533105-ec8a-418a-80c1-a316eb5ac3b0' before making global git config changes
2025-10-06T21:03:38.7770462Z Adding repository directory to the temporary git global config as a safe directory
2025-10-06T21:03:38.7773744Z [command]/usr/bin/git config --global --add safe.directory /home/runner/work/scratchattach/scratchattach
2025-10-06T21:03:38.7809934Z Deleting the contents of '/home/runner/work/scratchattach/scratchattach'
2025-10-06T21:03:38.7813678Z ##[group]Initializing the repository
2025-10-06T21:03:38.7818136Z [command]/usr/bin/git init /home/runner/work/scratchattach/scratchattach
2025-10-06T21:03:38.7915564Z hint: Using 'master' as the name for the initial branch. This default branch name
2025-10-06T21:03:38.7917104Z hint: is subject to change. To configure the initial branch name to use in all
2025-10-06T21:03:38.7918830Z hint: of your new repositories, which will suppress this warning, call:
2025-10-06T21:03:38.7919770Z hint:
2025-10-06T21:03:38.7920244Z hint: 	git config --global init.defaultBranch <name>
2025-10-06T21:03:38.7920791Z hint:
2025-10-06T21:03:38.7921320Z hint: Names commonly chosen instead of 'master' are 'main', 'trunk' and
2025-10-06T21:03:38.7922411Z hint: 'development'. The just-created branch can be renamed via this command:
2025-10-06T21:03:38.7923073Z hint:
2025-10-06T21:03:38.7923436Z hint: 	git branch -m <name>
2025-10-06T21:03:38.7923855Z hint:
2025-10-06T21:03:38.7924423Z hint: Disable this message with "git config set advice.defaultBranchName false"
2025-10-06T21:03:38.7925861Z Initialized empty Git repository in /home/runner/work/scratchattach/scratchattach/.git/
2025-10-06T21:03:38.7930062Z [command]/usr/bin/git remote add origin https://github.com/Boss-1s/scratchattach
2025-10-06T21:03:38.7964839Z ##[endgroup]
2025-10-06T21:03:38.7965555Z ##[group]Disabling automatic garbage collection
2025-10-06T21:03:38.7968119Z [command]/usr/bin/git config --local gc.auto 0
2025-10-06T21:03:38.7994690Z ##[endgroup]
2025-10-06T21:03:38.7995343Z ##[group]Setting up auth
2025-10-06T21:03:38.8000737Z [command]/usr/bin/git config --local --name-only --get-regexp core\.sshCommand
2025-10-06T21:03:38.8030414Z [command]/usr/bin/git submodule foreach --recursive sh -c "git config --local --name-only --get-regexp 'core\.sshCommand' && git config --local --unset-all 'core.sshCommand' || :"
2025-10-06T21:03:38.8344735Z [command]/usr/bin/git config --local --name-only --get-regexp http\.https\:\/\/github\.com\/\.extraheader
2025-10-06T21:03:38.8373731Z [command]/usr/bin/git submodule foreach --recursive sh -c "git config --local --name-only --get-regexp 'http\.https\:\/\/github\.com\/\.extraheader' && git config --local --unset-all 'http.https://github.com/.extraheader' || :"
2025-10-06T21:03:38.8591135Z [command]/usr/bin/git config --local http.https://github.com/.extraheader AUTHORIZATION: basic ***
2025-10-06T21:03:38.8624863Z ##[endgroup]
2025-10-06T21:03:38.8626067Z ##[group]Fetching the repository
2025-10-06T21:03:38.8634384Z [command]/usr/bin/git -c protocol.version=2 fetch --no-tags --prune --no-recurse-submodules --depth=1 origin +refs/heads/scratch_chat_dev*:refs/remotes/origin/scratch_chat_dev* +refs/tags/scratch_chat_dev*:refs/tags/scratch_chat_dev*
2025-10-06T21:03:39.8377231Z From https://github.com/Boss-1s/scratchattach
2025-10-06T21:03:39.8380558Z  * [new branch]      scratch_chat_dev -> origin/scratch_chat_dev
2025-10-06T21:03:39.8415087Z ##[endgroup]
2025-10-06T21:03:39.8416582Z ##[group]Determining the checkout info
2025-10-06T21:03:39.8422873Z [command]/usr/bin/git branch --list --remote origin/scratch_chat_dev
2025-10-06T21:03:39.8449568Z   origin/scratch_chat_dev
2025-10-06T21:03:39.8460384Z ##[endgroup]
2025-10-06T21:03:39.8461238Z [command]/usr/bin/git sparse-checkout disable
2025-10-06T21:03:39.8504041Z [command]/usr/bin/git config --local --unset-all extensions.worktreeConfig
2025-10-06T21:03:39.8533442Z ##[group]Checking out the ref
2025-10-06T21:03:39.8538561Z [command]/usr/bin/git checkout --progress --force -B scratch_chat_dev refs/remotes/origin/scratch_chat_dev
2025-10-06T21:03:40.0283113Z Switched to a new branch 'scratch_chat_dev'
2025-10-06T21:03:40.0285205Z branch 'scratch_chat_dev' set up to track 'origin/scratch_chat_dev'.
2025-10-06T21:03:40.0308604Z ##[endgroup]
2025-10-06T21:03:40.0355176Z [command]/usr/bin/git log -1 --format=%H
2025-10-06T21:03:40.0382204Z b60e7c56228be543b1a39c64180c3f3d2177028a
2025-10-06T21:03:40.0620811Z ##[group]Run actions/setup-python@v6.0.0
2025-10-06T21:03:40.0621170Z with:
2025-10-06T21:03:40.0621401Z   python-version: 3.13
2025-10-06T21:03:40.0621822Z   check-latest: false
2025-10-06T21:03:40.0622208Z   token: ***
2025-10-06T21:03:40.0622446Z   update-environment: true
2025-10-06T21:03:40.0622724Z   allow-prereleases: false
2025-10-06T21:03:40.0622989Z   freethreaded: false
2025-10-06T21:03:40.0623237Z ##[endgroup]
2025-10-06T21:03:40.1881886Z ##[group]Installed versions
2025-10-06T21:03:40.2544382Z (node:2054) [DEP0040] DeprecationWarning: The `punycode` module is deprecated. Please use a userland alternative instead.
2025-10-06T21:03:40.2545374Z (Use `node --trace-deprecation ...` to show where the warning was created)
2025-10-06T21:03:40.2546225Z Successfully set up CPython (3.13.7)
2025-10-06T21:03:40.2546991Z ##[endgroup]
2025-10-06T21:03:40.2686927Z ##[group]Run bossOfCode/install-scratchattach@v1.0.3
2025-10-06T21:03:40.2687328Z env:
2025-10-06T21:03:40.2687615Z   pythonLocation: /opt/hostedtoolcache/Python/3.13.7/x64
2025-10-06T21:03:40.2688093Z   PKG_CONFIG_PATH: /opt/hostedtoolcache/Python/3.13.7/x64/lib/pkgconfig
2025-10-06T21:03:40.2688552Z   Python_ROOT_DIR: /opt/hostedtoolcache/Python/3.13.7/x64
2025-10-06T21:03:40.2688948Z   Python2_ROOT_DIR: /opt/hostedtoolcache/Python/3.13.7/x64
2025-10-06T21:03:40.2689342Z   Python3_ROOT_DIR: /opt/hostedtoolcache/Python/3.13.7/x64
2025-10-06T21:03:40.2689744Z   LD_LIBRARY_PATH: /opt/hostedtoolcache/Python/3.13.7/x64/lib
2025-10-06T21:03:40.2690097Z ##[endgroup]
2025-10-06T21:03:40.2768506Z ##[group]Run python3 -m pip install --upgrade pip
2025-10-06T21:03:40.2768986Z [36;1mpython3 -m pip install --upgrade pip[0m
2025-10-06T21:03:40.2953935Z shell: /usr/bin/bash --noprofile --norc -e -o pipefail {0}
2025-10-06T21:03:40.2954341Z env:
2025-10-06T21:03:40.2954689Z   pythonLocation: /opt/hostedtoolcache/Python/3.13.7/x64
2025-10-06T21:03:40.2955151Z   PKG_CONFIG_PATH: /opt/hostedtoolcache/Python/3.13.7/x64/lib/pkgconfig
2025-10-06T21:03:40.2955584Z   Python_ROOT_DIR: /opt/hostedtoolcache/Python/3.13.7/x64
2025-10-06T21:03:40.2955980Z   Python2_ROOT_DIR: /opt/hostedtoolcache/Python/3.13.7/x64
2025-10-06T21:03:40.2956372Z   Python3_ROOT_DIR: /opt/hostedtoolcache/Python/3.13.7/x64
2025-10-06T21:03:40.2956762Z   LD_LIBRARY_PATH: /opt/hostedtoolcache/Python/3.13.7/x64/lib
2025-10-06T21:03:40.2957096Z ##[endgroup]
2025-10-06T21:03:45.0125414Z Requirement already satisfied: pip in /opt/hostedtoolcache/Python/3.13.7/x64/lib/python3.13/site-packages (25.2)
2025-10-06T21:03:45.2910653Z ##[group]Run pip install -U scratchattach
2025-10-06T21:03:45.2911040Z [36;1mpip install -U scratchattach[0m
2025-10-06T21:03:45.2946010Z shell: /usr/bin/bash --noprofile --norc -e -o pipefail {0}
2025-10-06T21:03:45.2946380Z env:
2025-10-06T21:03:45.2946681Z   pythonLocation: /opt/hostedtoolcache/Python/3.13.7/x64
2025-10-06T21:03:45.2947135Z   PKG_CONFIG_PATH: /opt/hostedtoolcache/Python/3.13.7/x64/lib/pkgconfig
2025-10-06T21:03:45.2947574Z   Python_ROOT_DIR: /opt/hostedtoolcache/Python/3.13.7/x64
2025-10-06T21:03:45.2947960Z   Python2_ROOT_DIR: /opt/hostedtoolcache/Python/3.13.7/x64
2025-10-06T21:03:45.2948355Z   Python3_ROOT_DIR: /opt/hostedtoolcache/Python/3.13.7/x64
2025-10-06T21:03:45.2948759Z   LD_LIBRARY_PATH: /opt/hostedtoolcache/Python/3.13.7/x64/lib
2025-10-06T21:03:45.2949087Z ##[endgroup]
2025-10-06T21:03:46.2744428Z Collecting scratchattach
2025-10-06T21:03:46.4186034Z   Downloading scratchattach-2.1.13-py3-none-any.whl.metadata (5.5 kB)
2025-10-06T21:03:46.4585963Z Collecting websocket-client (from scratchattach)
2025-10-06T21:03:46.4929212Z   Downloading websocket_client-1.8.0-py3-none-any.whl.metadata (8.0 kB)
2025-10-06T21:03:46.5400291Z Collecting requests (from scratchattach)
2025-10-06T21:03:46.5749633Z   Downloading requests-2.32.5-py3-none-any.whl.metadata (4.9 kB)
2025-10-06T21:03:46.5994127Z Collecting bs4 (from scratchattach)
2025-10-06T21:03:46.6336807Z   Downloading bs4-0.0.2-py2.py3-none-any.whl.metadata (411 bytes)
2025-10-06T21:03:46.6588381Z Collecting SimpleWebSocketServer (from scratchattach)
2025-10-06T21:03:46.6931158Z   Downloading SimpleWebSocketServer-0.1.2.tar.gz (10 kB)
2025-10-06T21:03:46.7044694Z   Installing build dependencies: started
2025-10-06T21:03:48.1820034Z   Installing build dependencies: finished with status 'done'
2025-10-06T21:03:48.1826621Z   Getting requirements to build wheel: started
2025-10-06T21:03:48.5989040Z   Getting requirements to build wheel: finished with status 'done'
2025-10-06T21:03:48.5998417Z   Preparing metadata (pyproject.toml): started
2025-10-06T21:03:48.7997563Z   Preparing metadata (pyproject.toml): finished with status 'done'
2025-10-06T21:03:48.8296609Z Collecting typing-extensions (from scratchattach)
2025-10-06T21:03:48.8644760Z   Downloading typing_extensions-4.15.0-py3-none-any.whl.metadata (3.3 kB)
2025-10-06T21:03:48.8968367Z Collecting beautifulsoup4 (from bs4->scratchattach)
2025-10-06T21:03:48.9316517Z   Downloading beautifulsoup4-4.14.2-py3-none-any.whl.metadata (3.8 kB)
2025-10-06T21:03:48.9644978Z Collecting soupsieve>1.2 (from beautifulsoup4->bs4->scratchattach)
2025-10-06T21:03:48.9986179Z   Downloading soupsieve-2.8-py3-none-any.whl.metadata (4.6 kB)
2025-10-06T21:03:49.1092477Z Collecting charset_normalizer<4,>=2 (from requests->scratchattach)
2025-10-06T21:03:49.1442503Z   Downloading charset_normalizer-3.4.3-cp313-cp313-manylinux2014_x86_64.manylinux_2_17_x86_64.manylinux_2_28_x86_64.whl.metadata (36 kB)
2025-10-06T21:03:49.1911319Z Collecting idna<4,>=2.5 (from requests->scratchattach)
2025-10-06T21:03:49.2256016Z   Downloading idna-3.10-py3-none-any.whl.metadata (10 kB)
2025-10-06T21:03:49.2695648Z Collecting urllib3<3,>=1.21.1 (from requests->scratchattach)
2025-10-06T21:03:49.3083127Z   Downloading urllib3-2.5.0-py3-none-any.whl.metadata (6.5 kB)
2025-10-06T21:03:49.3460772Z Collecting certifi>=2017.4.17 (from requests->scratchattach)
2025-10-06T21:03:49.3809779Z   Downloading certifi-2025.10.5-py3-none-any.whl.metadata (2.5 kB)
2025-10-06T21:03:49.4218137Z Downloading scratchattach-2.1.13-py3-none-any.whl (141 kB)
2025-10-06T21:03:49.5003078Z Downloading bs4-0.0.2-py2.py3-none-any.whl (1.2 kB)
2025-10-06T21:03:49.5430639Z Downloading beautifulsoup4-4.14.2-py3-none-any.whl (106 kB)
2025-10-06T21:03:49.5800990Z Downloading soupsieve-2.8-py3-none-any.whl (36 kB)
2025-10-06T21:03:49.6173586Z Downloading typing_extensions-4.15.0-py3-none-any.whl (44 kB)
2025-10-06T21:03:49.6557228Z Downloading requests-2.32.5-py3-none-any.whl (64 kB)
2025-10-06T21:03:49.6952404Z Downloading charset_normalizer-3.4.3-cp313-cp313-manylinux2014_x86_64.manylinux_2_17_x86_64.manylinux_2_28_x86_64.whl (151 kB)
2025-10-06T21:03:49.7422983Z Downloading idna-3.10-py3-none-any.whl (70 kB)
2025-10-06T21:03:49.7801502Z Downloading urllib3-2.5.0-py3-none-any.whl (129 kB)
2025-10-06T21:03:49.8230611Z Downloading certifi-2025.10.5-py3-none-any.whl (163 kB)
2025-10-06T21:03:49.8679216Z Downloading websocket_client-1.8.0-py3-none-any.whl (58 kB)
2025-10-06T21:03:49.8826018Z Building wheels for collected packages: SimpleWebSocketServer
2025-10-06T21:03:49.8834236Z   Building wheel for SimpleWebSocketServer (pyproject.toml): started
2025-10-06T21:03:50.1071034Z   Building wheel for SimpleWebSocketServer (pyproject.toml): finished with status 'done'
2025-10-06T21:03:50.1076637Z   Created wheel for SimpleWebSocketServer: filename=simplewebsocketserver-0.1.2-py3-none-any.whl size=9715 sha256=8a2cbe4c35980727eb1d68a7391a3d3d5f7cc2c9869711fe9b406125782bd058
2025-10-06T21:03:50.1078695Z   Stored in directory: /home/runner/.cache/pip/wheels/c4/5b/e8/4f2c15a82edc4923058056f6681373168be02a0c00389a6dcf
2025-10-06T21:03:50.1096320Z Successfully built SimpleWebSocketServer
2025-10-06T21:03:50.1275757Z Installing collected packages: SimpleWebSocketServer, websocket-client, urllib3, typing-extensions, soupsieve, idna, charset_normalizer, certifi, requests, beautifulsoup4, bs4, scratchattach
2025-10-06T21:03:50.7262483Z 
2025-10-06T21:03:50.7285166Z Successfully installed SimpleWebSocketServer-0.1.2 beautifulsoup4-4.14.2 bs4-0.0.2 certifi-2025.10.5 charset_normalizer-3.4.3 idna-3.10 requests-2.32.5 scratchattach-2.1.13 soupsieve-2.8 typing-extensions-4.15.0 urllib3-2.5.0 websocket-client-1.8.0
2025-10-06T21:03:50.8117372Z ##[group]Run actions/checkout@v5.0.0
2025-10-06T21:03:50.8117643Z with:
2025-10-06T21:03:50.8117829Z   ref: scratch_chat_dev
2025-10-06T21:03:50.8118057Z   repository: Boss-1s/scratchattach
2025-10-06T21:03:50.8118401Z   token: ***
2025-10-06T21:03:50.8118582Z   ssh-strict: true
2025-10-06T21:03:50.8118952Z   ssh-user: git
2025-10-06T21:03:50.8119136Z   persist-credentials: true
2025-10-06T21:03:50.8119343Z   clean: true
2025-10-06T21:03:50.8119530Z   sparse-checkout-cone-mode: true
2025-10-06T21:03:50.8119759Z   fetch-depth: 1
2025-10-06T21:03:50.8119935Z   fetch-tags: false
2025-10-06T21:03:50.8120112Z   show-progress: true
2025-10-06T21:03:50.8120293Z   lfs: false
2025-10-06T21:03:50.8120456Z   submodules: false
2025-10-06T21:03:50.8120635Z   set-safe-directory: true
2025-10-06T21:03:50.8120833Z env:
2025-10-06T21:03:50.8121052Z   pythonLocation: /opt/hostedtoolcache/Python/3.13.7/x64
2025-10-06T21:03:50.8121476Z   PKG_CONFIG_PATH: /opt/hostedtoolcache/Python/3.13.7/x64/lib/pkgconfig
2025-10-06T21:03:50.8122132Z   Python_ROOT_DIR: /opt/hostedtoolcache/Python/3.13.7/x64
2025-10-06T21:03:50.8122480Z   Python2_ROOT_DIR: /opt/hostedtoolcache/Python/3.13.7/x64
2025-10-06T21:03:50.8122813Z   Python3_ROOT_DIR: /opt/hostedtoolcache/Python/3.13.7/x64
2025-10-06T21:03:50.8123141Z   LD_LIBRARY_PATH: /opt/hostedtoolcache/Python/3.13.7/x64/lib
2025-10-06T21:03:50.8123436Z ##[endgroup]
2025-10-06T21:03:50.8911625Z Syncing repository: Boss-1s/scratchattach
2025-10-06T21:03:50.8912635Z ##[group]Getting Git version info
2025-10-06T21:03:50.8913533Z Working directory is '/home/runner/work/scratchattach/scratchattach'
2025-10-06T21:03:50.8948801Z [command]/usr/bin/git version
2025-10-06T21:03:50.8983730Z git version 2.51.0
2025-10-06T21:03:50.9004030Z ##[endgroup]
2025-10-06T21:03:50.9017110Z Temporarily overriding HOME='/home/runner/work/_temp/d84afa3e-60c1-4146-bbd0-7241de9f162a' before making global git config changes
2025-10-06T21:03:50.9018032Z Adding repository directory to the temporary git global config as a safe directory
2025-10-06T21:03:50.9021879Z [command]/usr/bin/git config --global --add safe.directory /home/runner/work/scratchattach/scratchattach
2025-10-06T21:03:50.9058209Z [command]/usr/bin/git config --local --get remote.origin.url
2025-10-06T21:03:50.9079649Z https://github.com/Boss-1s/scratchattach
2025-10-06T21:03:50.9092481Z ##[group]Removing previously created refs, to avoid conflicts
2025-10-06T21:03:50.9096103Z [command]/usr/bin/git rev-parse --symbolic-full-name --verify --quiet HEAD
2025-10-06T21:03:50.9116461Z refs/heads/scratch_chat_dev
2025-10-06T21:03:50.9126186Z [command]/usr/bin/git checkout --detach
2025-10-06T21:03:50.9391097Z HEAD is now at b60e7c5 revert 386c9f3
2025-10-06T21:03:50.9433920Z [command]/usr/bin/git branch --delete --force scratch_chat_dev
2025-10-06T21:03:50.9459771Z Deleted branch scratch_chat_dev (was b60e7c5).
2025-10-06T21:03:50.9495264Z ##[endgroup]
2025-10-06T21:03:50.9499080Z [command]/usr/bin/git submodule status
2025-10-06T21:03:50.9785825Z ##[group]Cleaning the repository
2025-10-06T21:03:50.9792172Z [command]/usr/bin/git clean -ffdx
2025-10-06T21:03:50.9847867Z [command]/usr/bin/git reset --hard HEAD
2025-10-06T21:03:50.9911572Z HEAD is now at b60e7c5 revert 386c9f3
2025-10-06T21:03:50.9924880Z ##[endgroup]
2025-10-06T21:03:50.9925453Z ##[group]Disabling automatic garbage collection
2025-10-06T21:03:50.9925992Z [command]/usr/bin/git config --local gc.auto 0
2025-10-06T21:03:50.9955254Z ##[endgroup]
2025-10-06T21:03:50.9956035Z ##[group]Setting up auth
2025-10-06T21:03:50.9964938Z [command]/usr/bin/git config --local --name-only --get-regexp core\.sshCommand
2025-10-06T21:03:50.9999286Z [command]/usr/bin/git submodule foreach --recursive sh -c "git config --local --name-only --get-regexp 'core\.sshCommand' && git config --local --unset-all 'core.sshCommand' || :"
2025-10-06T21:03:51.0270336Z [command]/usr/bin/git config --local --name-only --get-regexp http\.https\:\/\/github\.com\/\.extraheader
2025-10-06T21:03:51.0300256Z http.https://github.com/.extraheader
2025-10-06T21:03:51.0308437Z [command]/usr/bin/git config --local --unset-all http.https://github.com/.extraheader
2025-10-06T21:03:51.0341628Z [command]/usr/bin/git submodule foreach --recursive sh -c "git config --local --name-only --get-regexp 'http\.https\:\/\/github\.com\/\.extraheader' && git config --local --unset-all 'http.https://github.com/.extraheader' || :"
2025-10-06T21:03:51.0571363Z [command]/usr/bin/git config --local http.https://github.com/.extraheader AUTHORIZATION: basic ***
2025-10-06T21:03:51.1302641Z ##[endgroup]
2025-10-06T21:03:51.1303397Z ##[group]Fetching the repository
2025-10-06T21:03:51.1314774Z [command]/usr/bin/git -c protocol.version=2 fetch --no-tags --prune --no-recurse-submodules --depth=1 origin +refs/heads/scratch_chat_dev*:refs/remotes/origin/scratch_chat_dev* +refs/tags/scratch_chat_dev*:refs/tags/scratch_chat_dev*
2025-10-06T21:03:51.4417498Z ##[endgroup]
2025-10-06T21:03:51.4418180Z ##[group]Determining the checkout info
2025-10-06T21:03:51.4425505Z [command]/usr/bin/git branch --list --remote origin/scratch_chat_dev
2025-10-06T21:03:51.4451525Z   origin/scratch_chat_dev
2025-10-06T21:03:51.4456441Z ##[endgroup]
2025-10-06T21:03:51.4461618Z [command]/usr/bin/git sparse-checkout disable
2025-10-06T21:03:51.4507421Z [command]/usr/bin/git config --local --unset-all extensions.worktreeConfig
2025-10-06T21:03:51.4535922Z ##[group]Checking out the ref
2025-10-06T21:03:51.4540446Z [command]/usr/bin/git checkout --progress --force -B scratch_chat_dev refs/remotes/origin/scratch_chat_dev
2025-10-06T21:03:51.4599190Z Switched to a new branch 'scratch_chat_dev'
2025-10-06T21:03:51.4602601Z branch 'scratch_chat_dev' set up to track 'origin/scratch_chat_dev'.
2025-10-06T21:03:51.4610616Z ##[endgroup]
2025-10-06T21:03:51.4650059Z [command]/usr/bin/git log -1 --format=%H
2025-10-06T21:03:51.4670754Z b60e7c56228be543b1a39c64180c3f3d2177028a
2025-10-06T21:03:51.4790382Z ##[group]Run git config --global user.name 'Boss-1s [via Actions]'
2025-10-06T21:03:51.4790844Z [36;1mgit config --global user.name 'Boss-1s [via Actions]'[0m
2025-10-06T21:03:51.4791288Z [36;1mgit config --global user.email 'Boss-1s[auto]@users.noreply.github.com'[0m
2025-10-06T21:03:51.4792073Z [36;1mtimeout 3m python3 scratch_chat.py || { [[ $? -eq 124 ]] && exit 0; }[0m
2025-10-06T21:03:51.4825987Z shell: /usr/bin/bash -e {0}
2025-10-06T21:03:51.4826231Z env:
2025-10-06T21:03:51.4826470Z   pythonLocation: /opt/hostedtoolcache/Python/3.13.7/x64
2025-10-06T21:03:51.4826875Z   PKG_CONFIG_PATH: /opt/hostedtoolcache/Python/3.13.7/x64/lib/pkgconfig
2025-10-06T21:03:51.4827282Z   Python_ROOT_DIR: /opt/hostedtoolcache/Python/3.13.7/x64
2025-10-06T21:03:51.4827620Z   Python2_ROOT_DIR: /opt/hostedtoolcache/Python/3.13.7/x64
2025-10-06T21:03:51.4827956Z   Python3_ROOT_DIR: /opt/hostedtoolcache/Python/3.13.7/x64
2025-10-06T21:03:51.4828320Z   LD_LIBRARY_PATH: /opt/hostedtoolcache/Python/3.13.7/x64/lib
2025-10-06T21:03:51.4828719Z   PASS: ***
2025-10-06T21:03:51.4828885Z ##[endgroup]
2025-10-06T21:03:52.8353266Z Thanks for giving credit for CloudRequests!
2025-10-06T21:03:52.8353966Z Request handler is running
2025-10-06T21:04:16.1618447Z WARNING:py.warnings:/home/runner/work/scratchattach/scratchattach/key_multivalue_storage.py:194: SyntaxWarning: Warning: File 'settings.json' contains invalid JSON. Overwriting.
2025-10-06T21:04:16.1620148Z   warnings.warn(f"Warning: File '{file_path}' contains invalid JSON. Overwriting.", SyntaxWarning)
2025-10-06T21:04:16.1620727Z 
2025-10-06T21:06:51.4979025Z ##[group]Run bash push.sh
2025-10-06T21:06:51.4979287Z [36;1mbash push.sh[0m
2025-10-06T21:06:51.5012426Z shell: /usr/bin/bash -e {0}
2025-10-06T21:06:51.5012659Z env:
2025-10-06T21:06:51.5012898Z   pythonLocation: /opt/hostedtoolcache/Python/3.13.7/x64
2025-10-06T21:06:51.5013298Z   PKG_CONFIG_PATH: /opt/hostedtoolcache/Python/3.13.7/x64/lib/pkgconfig
2025-10-06T21:06:51.5013671Z   Python_ROOT_DIR: /opt/hostedtoolcache/Python/3.13.7/x64
2025-10-06T21:06:51.5014009Z   Python2_ROOT_DIR: /opt/hostedtoolcache/Python/3.13.7/x64
2025-10-06T21:06:51.5014340Z   Python3_ROOT_DIR: /opt/hostedtoolcache/Python/3.13.7/x64
2025-10-06T21:06:51.5014679Z   LD_LIBRARY_PATH: /opt/hostedtoolcache/Python/3.13.7/x64/lib
2025-10-06T21:06:51.5014965Z ##[endgroup]
2025-10-06T21:06:51.7462899Z From https://github.com/Boss-1s/scratchattach
2025-10-06T21:06:51.7463481Z  * branch            scratch_chat_dev -> FETCH_HEAD
2025-10-06T21:06:51.7537301Z Already up to date.
2025-10-06T21:06:51.7588685Z Git working tree has uncommitted changes:
2025-10-06T21:06:51.7589255Z  M __pycache__/key_multivalue_storage.cpython-313.pyc
2025-10-06T21:06:51.7589653Z  M settings.json
2025-10-06T21:06:51.7589966Z These changes will be pushed to the scratch_chat_dev branch.#main
2025-10-06T21:06:51.7703693Z [scratch_chat_dev dd5b6e0] [BOT] Update file from workflow
2025-10-06T21:06:51.7704319Z  2 files changed, 4 insertions(+), 10 deletions(-)
2025-10-06T21:06:52.3861980Z To https://github.com/Boss-1s/scratchattach
2025-10-06T21:06:52.3862642Z    b60e7c5..dd5b6e0  scratch_chat_dev -> scratch_chat_dev
2025-10-06T21:06:52.3959958Z Post job cleanup.
2025-10-06T21:06:52.4733196Z [command]/usr/bin/git version
2025-10-06T21:06:52.4768079Z git version 2.51.0
2025-10-06T21:06:52.4799661Z Copying '/home/runner/.gitconfig' to '/home/runner/work/_temp/fafb25ac-0a09-46d3-b2a6-5617523471a2/.gitconfig'
2025-10-06T21:06:52.4809060Z Temporarily overriding HOME='/home/runner/work/_temp/fafb25ac-0a09-46d3-b2a6-5617523471a2' before making global git config changes
2025-10-06T21:06:52.4810382Z Adding repository directory to the temporary git global config as a safe directory
2025-10-06T21:06:52.4815171Z [command]/usr/bin/git config --global --add safe.directory /home/runner/work/scratchattach/scratchattach
2025-10-06T21:06:52.4848127Z [command]/usr/bin/git config --local --name-only --get-regexp core\.sshCommand
2025-10-06T21:06:52.4880532Z [command]/usr/bin/git submodule foreach --recursive sh -c "git config --local --name-only --get-regexp 'core\.sshCommand' && git config --local --unset-all 'core.sshCommand' || :"
2025-10-06T21:06:52.5108110Z [command]/usr/bin/git config --local --name-only --get-regexp http\.https\:\/\/github\.com\/\.extraheader
2025-10-06T21:06:52.5129798Z http.https://github.com/.extraheader
2025-10-06T21:06:52.5140511Z [command]/usr/bin/git config --local --unset-all http.https://github.com/.extraheader
2025-10-06T21:06:52.5188346Z [command]/usr/bin/git submodule foreach --recursive sh -c "git config --local --name-only --get-regexp 'http\.https\:\/\/github\.com\/\.extraheader' && git config --local --unset-all 'http.https://github.com/.extraheader' || :"
2025-10-06T21:06:52.5519005Z Post job cleanup.
2025-10-06T21:06:52.6666666Z (node:2420) [DEP0040] DeprecationWarning: The `punycode` module is deprecated. Please use a userland alternative instead.
2025-10-06T21:06:52.6667443Z (Use `node --trace-deprecation ...` to show where the warning was created)
2025-10-06T21:06:52.6782556Z Post job cleanup.
2025-10-06T21:06:52.7594204Z [command]/usr/bin/git version
2025-10-06T21:06:52.7634122Z git version 2.51.0
2025-10-06T21:06:52.7666488Z Copying '/home/runner/.gitconfig' to '/home/runner/work/_temp/9e02a3e1-582f-4053-859a-0f15bc9318be/.gitconfig'
2025-10-06T21:06:52.7677086Z Temporarily overriding HOME='/home/runner/work/_temp/9e02a3e1-582f-4053-859a-0f15bc9318be' before making global git config changes
2025-10-06T21:06:52.7679437Z Adding repository directory to the temporary git global config as a safe directory
2025-10-06T21:06:52.7683566Z [command]/usr/bin/git config --global --add safe.directory /home/runner/work/scratchattach/scratchattach
2025-10-06T21:06:52.7720330Z [command]/usr/bin/git config --local --name-only --get-regexp core\.sshCommand
2025-10-06T21:06:52.7754493Z [command]/usr/bin/git submodule foreach --recursive sh -c "git config --local --name-only --get-regexp 'core\.sshCommand' && git config --local --unset-all 'core.sshCommand' || :"
2025-10-06T21:06:52.8003186Z [command]/usr/bin/git config --local --name-only --get-regexp http\.https\:\/\/github\.com\/\.extraheader
2025-10-06T21:06:52.8037764Z [command]/usr/bin/git submodule foreach --recursive sh -c "git config --local --name-only --get-regexp 'http\.https\:\/\/github\.com\/\.extraheader' && git config --local --unset-all 'http.https://github.com/.extraheader' || :"
2025-10-06T21:06:52.8419326Z Cleaning up orphan processes
