2026-02-18T05:23:06.9993297Z Current runner version: '2.331.0'
2026-02-18T05:23:07.0016613Z ##[group]Runner Image Provisioner
2026-02-18T05:23:07.0017573Z Hosted Compute Agent
2026-02-18T05:23:07.0018120Z Version: 20260123.484
2026-02-18T05:23:07.0018724Z Commit: 6bd6555ca37d84114959e1c76d2c01448ff61c5d
2026-02-18T05:23:07.0019548Z Build Date: 2026-01-23T19:41:17Z
2026-02-18T05:23:07.0020185Z Worker ID: {fbde1da0-24e0-48bb-a45b-0f42cd0f4b72}
2026-02-18T05:23:07.0020883Z Azure Region: westus3
2026-02-18T05:23:07.0021508Z ##[endgroup]
2026-02-18T05:23:07.0022861Z ##[group]Operating System
2026-02-18T05:23:07.0023495Z Ubuntu
2026-02-18T05:23:07.0024045Z 24.04.3
2026-02-18T05:23:07.0024522Z LTS
2026-02-18T05:23:07.0024967Z ##[endgroup]
2026-02-18T05:23:07.0025502Z ##[group]Runner Image
2026-02-18T05:23:07.0026060Z Image: ubuntu-24.04
2026-02-18T05:23:07.0026789Z Version: 20260209.23.1
2026-02-18T05:23:07.0028031Z Included Software: https://github.com/actions/runner-images/blob/ubuntu24/20260209.23/images/ubuntu/Ubuntu2404-Readme.md
2026-02-18T05:23:07.0029563Z Image Release: https://github.com/actions/runner-images/releases/tag/ubuntu24%2F20260209.23
2026-02-18T05:23:07.0030467Z ##[endgroup]
2026-02-18T05:23:07.0031501Z ##[group]GITHUB_TOKEN Permissions
2026-02-18T05:23:07.0033350Z Contents: write
2026-02-18T05:23:07.0033930Z Metadata: read
2026-02-18T05:23:07.0034413Z ##[endgroup]
2026-02-18T05:23:07.0036781Z Secret source: Actions
2026-02-18T05:23:07.0037591Z Prepare workflow directory
2026-02-18T05:23:07.0368935Z Prepare all required actions
2026-02-18T05:23:07.0409077Z Getting action download info
2026-02-18T05:23:07.4252407Z Download action repository 'actions/checkout@v6.0.2' (SHA:de0fac2e4500dabe0009e67214ff5f5447ce83dd)
2026-02-18T05:23:07.5653507Z Download action repository 'actions/setup-python@v6.2.0' (SHA:a309ff8b426b58ec0e2a45f0f869d46889d02405)
2026-02-18T05:23:07.7528971Z Complete job name: Run Prioritzing Handler
2026-02-18T05:23:07.8225150Z ##[group]Run actions/checkout@v6.0.2
2026-02-18T05:23:07.8226003Z with:
2026-02-18T05:23:07.8226387Z   ref: main
2026-02-18T05:23:07.8226984Z   repository: Boss-1s/scratchattach
2026-02-18T05:23:07.8227639Z   token: ***
2026-02-18T05:23:07.8228013Z   ssh-strict: true
2026-02-18T05:23:07.8228404Z   ssh-user: git
2026-02-18T05:23:07.8228795Z   persist-credentials: true
2026-02-18T05:23:07.8229247Z   clean: true
2026-02-18T05:23:07.8229649Z   sparse-checkout-cone-mode: true
2026-02-18T05:23:07.8230127Z   fetch-depth: 1
2026-02-18T05:23:07.8230505Z   fetch-tags: false
2026-02-18T05:23:07.8230898Z   show-progress: true
2026-02-18T05:23:07.8231293Z   lfs: false
2026-02-18T05:23:07.8231661Z   submodules: false
2026-02-18T05:23:07.8232064Z   set-safe-directory: true
2026-02-18T05:23:07.8232750Z ##[endgroup]
2026-02-18T05:23:07.9160877Z Syncing repository: Boss-1s/scratchattach
2026-02-18T05:23:07.9162975Z ##[group]Getting Git version info
2026-02-18T05:23:07.9164045Z Working directory is '/home/runner/work/scratchattach/scratchattach'
2026-02-18T05:23:07.9165063Z [command]/usr/bin/git version
2026-02-18T05:23:07.9165559Z git version 2.52.0
2026-02-18T05:23:07.9217479Z ##[endgroup]
2026-02-18T05:23:07.9231280Z Temporarily overriding HOME='/home/runner/work/_temp/0feab406-1dae-44a0-b2a1-3ee7bb92cc3b' before making global git config changes
2026-02-18T05:23:07.9233541Z Adding repository directory to the temporary git global config as a safe directory
2026-02-18T05:23:07.9236054Z [command]/usr/bin/git config --global --add safe.directory /home/runner/work/scratchattach/scratchattach
2026-02-18T05:23:07.9276141Z Deleting the contents of '/home/runner/work/scratchattach/scratchattach'
2026-02-18T05:23:07.9280049Z ##[group]Initializing the repository
2026-02-18T05:23:07.9284694Z [command]/usr/bin/git init /home/runner/work/scratchattach/scratchattach
2026-02-18T05:23:07.9376754Z hint: Using 'master' as the name for the initial branch. This default branch name
2026-02-18T05:23:07.9378361Z hint: will change to "main" in Git 3.0. To configure the initial branch name
2026-02-18T05:23:07.9379860Z hint: to use in all of your new repositories, which will suppress this warning,
2026-02-18T05:23:07.9381379Z hint: call:
2026-02-18T05:23:07.9382092Z hint:
2026-02-18T05:23:07.9382797Z hint: 	git config --global init.defaultBranch <name>
2026-02-18T05:23:07.9383733Z hint:
2026-02-18T05:23:07.9384696Z hint: Names commonly chosen instead of 'master' are 'main', 'trunk' and
2026-02-18T05:23:07.9386224Z hint: 'development'. The just-created branch can be renamed via this command:
2026-02-18T05:23:07.9387454Z hint:
2026-02-18T05:23:07.9387831Z hint: 	git branch -m <name>
2026-02-18T05:23:07.9388263Z hint:
2026-02-18T05:23:07.9388844Z hint: Disable this message with "git config set advice.defaultBranchName false"
2026-02-18T05:23:07.9390376Z Initialized empty Git repository in /home/runner/work/scratchattach/scratchattach/.git/
2026-02-18T05:23:07.9393030Z [command]/usr/bin/git remote add origin https://github.com/Boss-1s/scratchattach
2026-02-18T05:23:07.9424606Z ##[endgroup]
2026-02-18T05:23:07.9425756Z ##[group]Disabling automatic garbage collection
2026-02-18T05:23:07.9427893Z [command]/usr/bin/git config --local gc.auto 0
2026-02-18T05:23:07.9456849Z ##[endgroup]
2026-02-18T05:23:07.9457968Z ##[group]Setting up auth
2026-02-18T05:23:07.9458746Z Removing SSH command configuration
2026-02-18T05:23:07.9464010Z [command]/usr/bin/git config --local --name-only --get-regexp core\.sshCommand
2026-02-18T05:23:07.9496021Z [command]/usr/bin/git submodule foreach --recursive sh -c "git config --local --name-only --get-regexp 'core\.sshCommand' && git config --local --unset-all 'core.sshCommand' || :"
2026-02-18T05:23:07.9825801Z Removing HTTP extra header
2026-02-18T05:23:07.9831473Z [command]/usr/bin/git config --local --name-only --get-regexp http\.https\:\/\/github\.com\/\.extraheader
2026-02-18T05:23:07.9862741Z [command]/usr/bin/git submodule foreach --recursive sh -c "git config --local --name-only --get-regexp 'http\.https\:\/\/github\.com\/\.extraheader' && git config --local --unset-all 'http.https://github.com/.extraheader' || :"
2026-02-18T05:23:08.0085396Z Removing includeIf entries pointing to credentials config files
2026-02-18T05:23:08.0091466Z [command]/usr/bin/git config --local --name-only --get-regexp ^includeIf\.gitdir:
2026-02-18T05:23:08.0123131Z [command]/usr/bin/git submodule foreach --recursive git config --local --show-origin --name-only --get-regexp remote.origin.url
2026-02-18T05:23:08.0357005Z [command]/usr/bin/git config --file /home/runner/work/_temp/git-credentials-3dd3af67-edc1-4ead-bfa4-b5f72fc17287.config http.https://github.com/.extraheader AUTHORIZATION: basic ***
2026-02-18T05:23:08.0397652Z [command]/usr/bin/git config --local includeIf.gitdir:/home/runner/work/scratchattach/scratchattach/.git.path /home/runner/work/_temp/git-credentials-3dd3af67-edc1-4ead-bfa4-b5f72fc17287.config
2026-02-18T05:23:08.0432104Z [command]/usr/bin/git config --local includeIf.gitdir:/home/runner/work/scratchattach/scratchattach/.git/worktrees/*.path /home/runner/work/_temp/git-credentials-3dd3af67-edc1-4ead-bfa4-b5f72fc17287.config
2026-02-18T05:23:08.0467041Z [command]/usr/bin/git config --local includeIf.gitdir:/github/workspace/.git.path /github/runner_temp/git-credentials-3dd3af67-edc1-4ead-bfa4-b5f72fc17287.config
2026-02-18T05:23:08.0504029Z [command]/usr/bin/git config --local includeIf.gitdir:/github/workspace/.git/worktrees/*.path /github/runner_temp/git-credentials-3dd3af67-edc1-4ead-bfa4-b5f72fc17287.config
2026-02-18T05:23:08.0538474Z ##[endgroup]
2026-02-18T05:23:08.0539315Z ##[group]Fetching the repository
2026-02-18T05:23:08.0550752Z [command]/usr/bin/git -c protocol.version=2 fetch --no-tags --prune --no-recurse-submodules --depth=1 origin +refs/heads/main*:refs/remotes/origin/main* +refs/tags/main*:refs/tags/main*
2026-02-18T05:23:48.6905896Z From https://github.com/Boss-1s/scratchattach
2026-02-18T05:23:48.6907042Z  * [new branch]      main       -> origin/main
2026-02-18T05:23:48.6939078Z ##[endgroup]
2026-02-18T05:23:48.6939878Z ##[group]Determining the checkout info
2026-02-18T05:23:48.6945305Z [command]/usr/bin/git branch --list --remote origin/main
2026-02-18T05:23:48.6977094Z   origin/main
2026-02-18T05:23:48.6981149Z ##[endgroup]
2026-02-18T05:23:48.6985635Z [command]/usr/bin/git sparse-checkout disable
2026-02-18T05:23:48.7027978Z [command]/usr/bin/git config --local --unset-all extensions.worktreeConfig
2026-02-18T05:23:48.7055215Z ##[group]Checking out the ref
2026-02-18T05:23:48.7059524Z [command]/usr/bin/git checkout --progress --force -B main refs/remotes/origin/main
2026-02-18T05:23:50.0143649Z Updating files:  72% (2611/3592)
2026-02-18T05:23:50.2256258Z Updating files:  73% (2623/3592)
2026-02-18T05:23:50.3590166Z Updating files:  74% (2659/3592)
2026-02-18T05:23:50.3630697Z Updating files:  75% (2694/3592)
2026-02-18T05:23:50.5616091Z Updating files:  76% (2730/3592)
2026-02-18T05:23:50.6181451Z Updating files:  77% (2766/3592)
2026-02-18T05:23:50.7551475Z Updating files:  78% (2802/3592)
2026-02-18T05:23:51.2449267Z Updating files:  78% (2812/3592)
2026-02-18T05:23:51.4228256Z Updating files:  79% (2838/3592)
2026-02-18T05:23:51.7197746Z Updating files:  80% (2874/3592)
2026-02-18T05:23:51.9284974Z Updating files:  80% (2897/3592)
2026-02-18T05:23:52.0163799Z Updating files:  81% (2910/3592)
2026-02-18T05:23:52.4028632Z Updating files:  82% (2946/3592)
2026-02-18T05:23:52.8389765Z Updating files:  83% (2982/3592)
2026-02-18T05:23:53.0146850Z Updating files:  83% (3004/3592)
2026-02-18T05:23:53.7157550Z Updating files:  84% (3018/3592)
2026-02-18T05:23:53.8085916Z Updating files:  84% (3049/3592)
2026-02-18T05:23:54.3610801Z Updating files:  85% (3054/3592)
2026-02-18T05:23:54.7531980Z Updating files:  86% (3090/3592)
2026-02-18T05:23:55.0407221Z Updating files:  86% (3108/3592)
2026-02-18T05:23:55.6343003Z Updating files:  87% (3126/3592)
2026-02-18T05:23:55.7406234Z Updating files:  88% (3161/3592)
2026-02-18T05:23:55.9598859Z Updating files:  88% (3166/3592)
2026-02-18T05:23:55.9795064Z Updating files:  89% (3197/3592)
2026-02-18T05:23:56.0004273Z Updating files:  90% (3233/3592)
2026-02-18T05:23:56.0148896Z Updating files:  91% (3269/3592)
2026-02-18T05:23:56.0273012Z Updating files:  92% (3305/3592)
2026-02-18T05:23:56.6240204Z Updating files:  93% (3341/3592)
2026-02-18T05:23:56.7232358Z Updating files:  94% (3377/3592)
2026-02-18T05:23:57.1321774Z Updating files:  94% (3383/3592)
2026-02-18T05:23:57.2910512Z Updating files:  95% (3413/3592)
2026-02-18T05:23:57.4684512Z Updating files:  96% (3449/3592)
2026-02-18T05:23:57.6027357Z Updating files:  97% (3485/3592)
2026-02-18T05:23:57.7180823Z Updating files:  98% (3521/3592)
2026-02-18T05:23:57.7521385Z Updating files:  98% (3549/3592)
2026-02-18T05:23:57.8577146Z Updating files:  99% (3557/3592)
2026-02-18T05:23:57.8577614Z Updating files: 100% (3592/3592)
2026-02-18T05:23:57.8578368Z Updating files: 100% (3592/3592), done.
2026-02-18T05:23:58.0807868Z Switched to a new branch 'main'
2026-02-18T05:23:58.0812471Z branch 'main' set up to track 'origin/main'.
2026-02-18T05:23:58.1011955Z ##[endgroup]
2026-02-18T05:23:58.1066667Z [command]/usr/bin/git log -1 --format=%H
2026-02-18T05:23:58.1093943Z f5e9944872555adc580832a20f267ed95dc0850f
2026-02-18T05:23:58.1322772Z ##[group]Run actions/setup-python@v6.2.0
2026-02-18T05:23:58.1323108Z with:
2026-02-18T05:23:58.1323294Z   python-version: 3.13
2026-02-18T05:23:58.1323502Z   check-latest: false
2026-02-18T05:23:58.1323815Z   token: ***
2026-02-18T05:23:58.1324032Z   update-environment: true
2026-02-18T05:23:58.1324288Z   allow-prereleases: false
2026-02-18T05:23:58.1324497Z   freethreaded: false
2026-02-18T05:23:58.1324693Z ##[endgroup]
2026-02-18T05:23:58.2588663Z ##[group]Installed versions
2026-02-18T05:23:58.2687315Z Successfully set up CPython (3.13.12)
2026-02-18T05:23:58.2688156Z ##[endgroup]
2026-02-18T05:23:58.2798268Z ##[group]Run pip install -r requirements.txt
2026-02-18T05:23:58.2798656Z [36;1mpip install -r requirements.txt[0m
2026-02-18T05:23:58.2862345Z shell: /usr/bin/bash -e {0}
2026-02-18T05:23:58.2862589Z env:
2026-02-18T05:23:58.2862849Z   pythonLocation: /opt/hostedtoolcache/Python/3.13.12/x64
2026-02-18T05:23:58.2863548Z   PKG_CONFIG_PATH: /opt/hostedtoolcache/Python/3.13.12/x64/lib/pkgconfig
2026-02-18T05:23:58.2863962Z   Python_ROOT_DIR: /opt/hostedtoolcache/Python/3.13.12/x64
2026-02-18T05:23:58.2864335Z   Python2_ROOT_DIR: /opt/hostedtoolcache/Python/3.13.12/x64
2026-02-18T05:23:58.2864694Z   Python3_ROOT_DIR: /opt/hostedtoolcache/Python/3.13.12/x64
2026-02-18T05:23:58.2865049Z   LD_LIBRARY_PATH: /opt/hostedtoolcache/Python/3.13.12/x64/lib
2026-02-18T05:23:58.2865344Z ##[endgroup]
2026-02-18T05:23:59.7392393Z Collecting scratchattach>=2.1.15b0 (from -r requirements.txt (line 1))
2026-02-18T05:23:59.8219935Z   Downloading scratchattach-3.0.0b2-py3-none-any.whl.metadata (5.6 kB)
2026-02-18T05:23:59.8496819Z Collecting websocket-client (from scratchattach>=2.1.15b0->-r requirements.txt (line 1))
2026-02-18T05:23:59.8627608Z   Downloading websocket_client-1.9.0-py3-none-any.whl.metadata (8.3 kB)
2026-02-18T05:23:59.8963361Z Collecting requests (from scratchattach>=2.1.15b0->-r requirements.txt (line 1))
2026-02-18T05:23:59.9062841Z   Downloading requests-2.32.5-py3-none-any.whl.metadata (4.9 kB)
2026-02-18T05:23:59.9231402Z Collecting bs4 (from scratchattach>=2.1.15b0->-r requirements.txt (line 1))
2026-02-18T05:23:59.9338222Z   Downloading bs4-0.0.2-py2.py3-none-any.whl.metadata (411 bytes)
2026-02-18T05:24:00.0051680Z Collecting SimpleWebSocketServer (from scratchattach>=2.1.15b0->-r requirements.txt (line 1))
2026-02-18T05:24:00.0154878Z   Downloading SimpleWebSocketServer-0.1.2.tar.gz (10 kB)
2026-02-18T05:24:00.0250232Z   Installing build dependencies: started
2026-02-18T05:24:00.9081171Z   Installing build dependencies: finished with status 'done'
2026-02-18T05:24:00.9087255Z   Getting requirements to build wheel: started
2026-02-18T05:24:01.2910513Z   Getting requirements to build wheel: finished with status 'done'
2026-02-18T05:24:01.2919230Z   Preparing metadata (pyproject.toml): started
2026-02-18T05:24:01.4864634Z   Preparing metadata (pyproject.toml): finished with status 'done'
2026-02-18T05:24:01.5088568Z Collecting typing-extensions (from scratchattach>=2.1.15b0->-r requirements.txt (line 1))
2026-02-18T05:24:01.5198202Z   Downloading typing_extensions-4.15.0-py3-none-any.whl.metadata (3.3 kB)
2026-02-18T05:24:01.5417176Z Collecting browser_cookie3 (from scratchattach>=2.1.15b0->-r requirements.txt (line 1))
2026-02-18T05:24:01.5523418Z   Downloading browser_cookie3-0.20.1-py3-none-any.whl.metadata (713 bytes)
2026-02-18T05:24:02.0023965Z Collecting aiohttp (from scratchattach>=2.1.15b0->-r requirements.txt (line 1))
2026-02-18T05:24:02.0153102Z   Downloading aiohttp-3.13.3-cp313-cp313-manylinux2014_x86_64.manylinux_2_17_x86_64.manylinux_2_28_x86_64.whl.metadata (8.1 kB)
2026-02-18T05:24:02.0581737Z Collecting rich (from scratchattach>=2.1.15b0->-r requirements.txt (line 1))
2026-02-18T05:24:02.0681458Z   Downloading rich-14.3.2-py3-none-any.whl.metadata (18 kB)
2026-02-18T05:24:02.0914387Z Collecting aiohappyeyeballs>=2.5.0 (from aiohttp->scratchattach>=2.1.15b0->-r requirements.txt (line 1))
2026-02-18T05:24:02.1011710Z   Downloading aiohappyeyeballs-2.6.1-py3-none-any.whl.metadata (5.9 kB)
2026-02-18T05:24:02.1195843Z Collecting aiosignal>=1.4.0 (from aiohttp->scratchattach>=2.1.15b0->-r requirements.txt (line 1))
2026-02-18T05:24:02.1294791Z   Downloading aiosignal-1.4.0-py3-none-any.whl.metadata (3.7 kB)
2026-02-18T05:24:02.1490780Z Collecting attrs>=17.3.0 (from aiohttp->scratchattach>=2.1.15b0->-r requirements.txt (line 1))
2026-02-18T05:24:02.1588848Z   Downloading attrs-25.4.0-py3-none-any.whl.metadata (10 kB)
2026-02-18T05:24:02.2264076Z Collecting frozenlist>=1.1.1 (from aiohttp->scratchattach>=2.1.15b0->-r requirements.txt (line 1))
2026-02-18T05:24:02.2365724Z   Downloading frozenlist-1.8.0-cp313-cp313-manylinux1_x86_64.manylinux_2_28_x86_64.manylinux_2_5_x86_64.whl.metadata (20 kB)
2026-02-18T05:24:02.4512914Z Collecting multidict<7.0,>=4.5 (from aiohttp->scratchattach>=2.1.15b0->-r requirements.txt (line 1))
2026-02-18T05:24:02.4642867Z   Downloading multidict-6.7.1-cp313-cp313-manylinux2014_x86_64.manylinux_2_17_x86_64.manylinux_2_28_x86_64.whl.metadata (5.3 kB)
2026-02-18T05:24:02.5212667Z Collecting propcache>=0.2.0 (from aiohttp->scratchattach>=2.1.15b0->-r requirements.txt (line 1))
2026-02-18T05:24:02.5313239Z   Downloading propcache-0.4.1-cp313-cp313-manylinux2014_x86_64.manylinux_2_17_x86_64.manylinux_2_28_x86_64.whl.metadata (13 kB)
2026-02-18T05:24:02.7522365Z Collecting yarl<2.0,>=1.17.0 (from aiohttp->scratchattach>=2.1.15b0->-r requirements.txt (line 1))
2026-02-18T05:24:02.7624287Z   Downloading yarl-1.22.0-cp313-cp313-manylinux2014_x86_64.manylinux_2_17_x86_64.manylinux_2_28_x86_64.whl.metadata (75 kB)
2026-02-18T05:24:02.7962165Z Collecting idna>=2.0 (from yarl<2.0,>=1.17.0->aiohttp->scratchattach>=2.1.15b0->-r requirements.txt (line 1))
2026-02-18T05:24:02.8059913Z   Downloading idna-3.11-py3-none-any.whl.metadata (8.4 kB)
2026-02-18T05:24:02.8747669Z Collecting lz4 (from browser_cookie3->scratchattach>=2.1.15b0->-r requirements.txt (line 1))
2026-02-18T05:24:02.8858101Z   Downloading lz4-4.4.5-cp313-cp313-manylinux2014_x86_64.manylinux_2_17_x86_64.manylinux_2_28_x86_64.whl.metadata (3.8 kB)
2026-02-18T05:24:02.9602350Z Collecting pycryptodomex (from browser_cookie3->scratchattach>=2.1.15b0->-r requirements.txt (line 1))
2026-02-18T05:24:02.9714227Z   Downloading pycryptodomex-3.23.0-cp37-abi3-manylinux_2_17_x86_64.manylinux2014_x86_64.whl.metadata (3.4 kB)
2026-02-18T05:24:03.0225079Z Collecting jeepney (from browser_cookie3->scratchattach>=2.1.15b0->-r requirements.txt (line 1))
2026-02-18T05:24:03.0334388Z   Downloading jeepney-0.9.0-py3-none-any.whl.metadata (1.2 kB)
2026-02-18T05:24:03.0617528Z Collecting beautifulsoup4 (from bs4->scratchattach>=2.1.15b0->-r requirements.txt (line 1))
2026-02-18T05:24:03.0717558Z   Downloading beautifulsoup4-4.14.3-py3-none-any.whl.metadata (3.8 kB)
2026-02-18T05:24:03.0983984Z Collecting soupsieve>=1.6.1 (from beautifulsoup4->bs4->scratchattach>=2.1.15b0->-r requirements.txt (line 1))
2026-02-18T05:24:03.1083145Z   Downloading soupsieve-2.8.3-py3-none-any.whl.metadata (4.6 kB)
2026-02-18T05:24:03.1881332Z Collecting charset_normalizer<4,>=2 (from requests->scratchattach>=2.1.15b0->-r requirements.txt (line 1))
2026-02-18T05:24:03.1999721Z   Downloading charset_normalizer-3.4.4-cp313-cp313-manylinux2014_x86_64.manylinux_2_17_x86_64.manylinux_2_28_x86_64.whl.metadata (37 kB)
2026-02-18T05:24:03.2306923Z Collecting urllib3<3,>=1.21.1 (from requests->scratchattach>=2.1.15b0->-r requirements.txt (line 1))
2026-02-18T05:24:03.2405463Z   Downloading urllib3-2.6.3-py3-none-any.whl.metadata (6.9 kB)
2026-02-18T05:24:03.2651988Z Collecting certifi>=2017.4.17 (from requests->scratchattach>=2.1.15b0->-r requirements.txt (line 1))
2026-02-18T05:24:03.2752490Z   Downloading certifi-2026.1.4-py3-none-any.whl.metadata (2.5 kB)
2026-02-18T05:24:03.3300709Z Collecting markdown-it-py>=2.2.0 (from rich->scratchattach>=2.1.15b0->-r requirements.txt (line 1))
2026-02-18T05:24:03.3406040Z   Downloading markdown_it_py-4.0.0-py3-none-any.whl.metadata (7.3 kB)
2026-02-18T05:24:04.3954456Z Collecting pygments<3.0.0,>=2.13.0 (from rich->scratchattach>=2.1.15b0->-r requirements.txt (line 1))
2026-02-18T05:24:04.4058545Z   Downloading pygments-2.19.2-py3-none-any.whl.metadata (2.5 kB)
2026-02-18T05:24:05.8293776Z Collecting mdurl~=0.1 (from markdown-it-py>=2.2.0->rich->scratchattach>=2.1.15b0->-r requirements.txt (line 1))
2026-02-18T05:24:05.8398840Z   Downloading mdurl-0.1.2-py3-none-any.whl.metadata (1.6 kB)
2026-02-18T05:24:06.1982444Z Downloading scratchattach-3.0.0b2-py3-none-any.whl (171 kB)
2026-02-18T05:24:06.2193020Z Downloading aiohttp-3.13.3-cp313-cp313-manylinux2014_x86_64.manylinux_2_17_x86_64.manylinux_2_28_x86_64.whl (1.7 MB)
2026-02-18T05:24:06.2453070Z    ━━━━━━━━━━━━━━━━━━━━━━━━━━━━━━━━━━━━━━━━ 1.7/1.7 MB 69.1 MB/s  0:00:00
2026-02-18T05:24:06.2552345Z Downloading multidict-6.7.1-cp313-cp313-manylinux2014_x86_64.manylinux_2_17_x86_64.manylinux_2_28_x86_64.whl (254 kB)
2026-02-18T05:24:06.2701759Z Downloading yarl-1.22.0-cp313-cp313-manylinux2014_x86_64.manylinux_2_17_x86_64.manylinux_2_28_x86_64.whl (377 kB)
2026-02-18T05:24:06.2865778Z Downloading aiohappyeyeballs-2.6.1-py3-none-any.whl (15 kB)
2026-02-18T05:24:06.2983231Z Downloading aiosignal-1.4.0-py3-none-any.whl (7.5 kB)
2026-02-18T05:24:06.3107202Z Downloading attrs-25.4.0-py3-none-any.whl (67 kB)
2026-02-18T05:24:06.3227688Z Downloading frozenlist-1.8.0-cp313-cp313-manylinux1_x86_64.manylinux_2_28_x86_64.manylinux_2_5_x86_64.whl (234 kB)
2026-02-18T05:24:06.3366112Z Downloading idna-3.11-py3-none-any.whl (71 kB)
2026-02-18T05:24:06.3494083Z Downloading propcache-0.4.1-cp313-cp313-manylinux2014_x86_64.manylinux_2_17_x86_64.manylinux_2_28_x86_64.whl (204 kB)
2026-02-18T05:24:06.3631789Z Downloading browser_cookie3-0.20.1-py3-none-any.whl (17 kB)
2026-02-18T05:24:06.3752241Z Downloading bs4-0.0.2-py2.py3-none-any.whl (1.2 kB)
2026-02-18T05:24:06.3883954Z Downloading beautifulsoup4-4.14.3-py3-none-any.whl (107 kB)
2026-02-18T05:24:06.4010189Z Downloading soupsieve-2.8.3-py3-none-any.whl (37 kB)
2026-02-18T05:24:06.4129539Z Downloading typing_extensions-4.15.0-py3-none-any.whl (44 kB)
2026-02-18T05:24:06.4247743Z Downloading jeepney-0.9.0-py3-none-any.whl (49 kB)
2026-02-18T05:24:06.4404667Z Downloading lz4-4.4.5-cp313-cp313-manylinux2014_x86_64.manylinux_2_17_x86_64.manylinux_2_28_x86_64.whl (1.4 MB)
2026-02-18T05:24:06.4504638Z    ━━━━━━━━━━━━━━━━━━━━━━━━━━━━━━━━━━━━━━━━ 1.4/1.4 MB 149.9 MB/s  0:00:00
2026-02-18T05:24:06.4693047Z Downloading pycryptodomex-3.23.0-cp37-abi3-manylinux_2_17_x86_64.manylinux2014_x86_64.whl (2.3 MB)
2026-02-18T05:24:06.4899956Z    ━━━━━━━━━━━━━━━━━━━━━━━━━━━━━━━━━━━━━━━━ 2.3/2.3 MB 124.7 MB/s  0:00:00
2026-02-18T05:24:06.5013930Z Downloading requests-2.32.5-py3-none-any.whl (64 kB)
2026-02-18T05:24:06.5163402Z Downloading charset_normalizer-3.4.4-cp313-cp313-manylinux2014_x86_64.manylinux_2_17_x86_64.manylinux_2_28_x86_64.whl (153 kB)
2026-02-18T05:24:06.5289836Z Downloading urllib3-2.6.3-py3-none-any.whl (131 kB)
2026-02-18T05:24:06.5414366Z Downloading certifi-2026.1.4-py3-none-any.whl (152 kB)
2026-02-18T05:24:06.5538641Z Downloading rich-14.3.2-py3-none-any.whl (309 kB)
2026-02-18T05:24:06.5667092Z Downloading pygments-2.19.2-py3-none-any.whl (1.2 MB)
2026-02-18T05:24:06.5748694Z    ━━━━━━━━━━━━━━━━━━━━━━━━━━━━━━━━━━━━━━━━ 1.2/1.2 MB 159.1 MB/s  0:00:00
2026-02-18T05:24:06.5849552Z Downloading markdown_it_py-4.0.0-py3-none-any.whl (87 kB)
2026-02-18T05:24:06.5969202Z Downloading mdurl-0.1.2-py3-none-any.whl (10.0 kB)
2026-02-18T05:24:06.6102810Z Downloading websocket_client-1.9.0-py3-none-any.whl (82 kB)
2026-02-18T05:24:06.6457189Z Building wheels for collected packages: SimpleWebSocketServer
2026-02-18T05:24:06.6465202Z   Building wheel for SimpleWebSocketServer (pyproject.toml): started
2026-02-18T05:24:06.8681039Z   Building wheel for SimpleWebSocketServer (pyproject.toml): finished with status 'done'
2026-02-18T05:24:06.8688162Z   Created wheel for SimpleWebSocketServer: filename=simplewebsocketserver-0.1.2-py3-none-any.whl size=9715 sha256=c16ebc169b0d7fca467df7cf4bb0fe717cc5bd242b5de9ca9d795421a962dbbc
2026-02-18T05:24:06.8690109Z   Stored in directory: /home/runner/.cache/pip/wheels/c4/5b/e8/4f2c15a82edc4923058056f6681373168be02a0c00389a6dcf
2026-02-18T05:24:06.8708595Z Successfully built SimpleWebSocketServer
2026-02-18T05:24:06.9174276Z Installing collected packages: SimpleWebSocketServer, websocket-client, urllib3, typing-extensions, soupsieve, pygments, pycryptodomex, propcache, multidict, mdurl, lz4, jeepney, idna, frozenlist, charset_normalizer, certifi, attrs, aiohappyeyeballs, yarl, requests, markdown-it-py, browser_cookie3, beautifulsoup4, aiosignal, rich, bs4, aiohttp, scratchattach
2026-02-18T05:24:09.3469793Z 
2026-02-18T05:24:09.3504242Z Successfully installed SimpleWebSocketServer-0.1.2 aiohappyeyeballs-2.6.1 aiohttp-3.13.3 aiosignal-1.4.0 attrs-25.4.0 beautifulsoup4-4.14.3 browser_cookie3-0.20.1 bs4-0.0.2 certifi-2026.1.4 charset_normalizer-3.4.4 frozenlist-1.8.0 idna-3.11 jeepney-0.9.0 lz4-4.4.5 markdown-it-py-4.0.0 mdurl-0.1.2 multidict-6.7.1 propcache-0.4.1 pycryptodomex-3.23.0 pygments-2.19.2 requests-2.32.5 rich-14.3.2 scratchattach-3.0.0b2 soupsieve-2.8.3 typing-extensions-4.15.0 urllib3-2.6.3 websocket-client-1.9.0 yarl-1.22.0
2026-02-18T05:24:09.6905577Z ##[group]Run actions/checkout@v6.0.2
2026-02-18T05:24:09.6905842Z with:
2026-02-18T05:24:09.6906003Z   ref: main
2026-02-18T05:24:09.6906189Z   repository: Boss-1s/scratchattach
2026-02-18T05:24:09.6906752Z   token: ***
2026-02-18T05:24:09.6906932Z   ssh-strict: true
2026-02-18T05:24:09.6907111Z   ssh-user: git
2026-02-18T05:24:09.6907293Z   persist-credentials: true
2026-02-18T05:24:09.6907503Z   clean: true
2026-02-18T05:24:09.6907692Z   sparse-checkout-cone-mode: true
2026-02-18T05:24:09.6907926Z   fetch-depth: 1
2026-02-18T05:24:09.6908106Z   fetch-tags: false
2026-02-18T05:24:09.6908289Z   show-progress: true
2026-02-18T05:24:09.6908467Z   lfs: false
2026-02-18T05:24:09.6908634Z   submodules: false
2026-02-18T05:24:09.6908815Z   set-safe-directory: true
2026-02-18T05:24:09.6909018Z env:
2026-02-18T05:24:09.6909263Z   pythonLocation: /opt/hostedtoolcache/Python/3.13.12/x64
2026-02-18T05:24:09.6909655Z   PKG_CONFIG_PATH: /opt/hostedtoolcache/Python/3.13.12/x64/lib/pkgconfig
2026-02-18T05:24:09.6910083Z   Python_ROOT_DIR: /opt/hostedtoolcache/Python/3.13.12/x64
2026-02-18T05:24:09.6910425Z   Python2_ROOT_DIR: /opt/hostedtoolcache/Python/3.13.12/x64
2026-02-18T05:24:09.6910775Z   Python3_ROOT_DIR: /opt/hostedtoolcache/Python/3.13.12/x64
2026-02-18T05:24:09.6911124Z   LD_LIBRARY_PATH: /opt/hostedtoolcache/Python/3.13.12/x64/lib
2026-02-18T05:24:09.6911416Z ##[endgroup]
2026-02-18T05:24:09.7677512Z Syncing repository: Boss-1s/scratchattach
2026-02-18T05:24:09.7679572Z ##[group]Getting Git version info
2026-02-18T05:24:09.7680070Z Working directory is '/home/runner/work/scratchattach/scratchattach'
2026-02-18T05:24:09.7718092Z [command]/usr/bin/git version
2026-02-18T05:24:09.7754374Z git version 2.52.0
2026-02-18T05:24:09.7776832Z ##[endgroup]
2026-02-18T05:24:09.7791277Z Temporarily overriding HOME='/home/runner/work/_temp/ab9785e1-976f-4f75-a661-6035ca7be697' before making global git config changes
2026-02-18T05:24:09.7792184Z Adding repository directory to the temporary git global config as a safe directory
2026-02-18T05:24:09.7796741Z [command]/usr/bin/git config --global --add safe.directory /home/runner/work/scratchattach/scratchattach
2026-02-18T05:24:09.7836902Z [command]/usr/bin/git config --local --get remote.origin.url
2026-02-18T05:24:09.7861281Z https://github.com/Boss-1s/scratchattach
2026-02-18T05:24:09.7875276Z ##[group]Removing previously created refs, to avoid conflicts
2026-02-18T05:24:09.7879440Z [command]/usr/bin/git rev-parse --symbolic-full-name --verify --quiet HEAD
2026-02-18T05:24:09.7901633Z refs/heads/main
2026-02-18T05:24:09.7911703Z [command]/usr/bin/git checkout --detach
2026-02-18T05:24:11.0975539Z HEAD is now at f5e9944 [BOT] Download Logs
2026-02-18T05:24:11.1030227Z [command]/usr/bin/git branch --delete --force main
2026-02-18T05:24:11.1059220Z Deleted branch main (was f5e9944).
2026-02-18T05:24:11.1097272Z ##[endgroup]
2026-02-18T05:24:11.1101446Z [command]/usr/bin/git submodule status
2026-02-18T05:24:11.1358108Z ##[group]Cleaning the repository
2026-02-18T05:24:11.1364232Z [command]/usr/bin/git clean -ffdx
2026-02-18T05:24:11.1424924Z [command]/usr/bin/git reset --hard HEAD
2026-02-18T05:24:11.1559698Z HEAD is now at f5e9944 [BOT] Download Logs
2026-02-18T05:24:11.1565376Z ##[endgroup]
2026-02-18T05:24:11.1567254Z ##[group]Disabling automatic garbage collection
2026-02-18T05:24:11.1572137Z [command]/usr/bin/git config --local gc.auto 0
2026-02-18T05:24:11.1600348Z ##[endgroup]
2026-02-18T05:24:11.1600907Z ##[group]Setting up auth
2026-02-18T05:24:11.1602551Z Removing SSH command configuration
2026-02-18T05:24:11.1609139Z [command]/usr/bin/git config --local --name-only --get-regexp core\.sshCommand
2026-02-18T05:24:11.1642128Z [command]/usr/bin/git submodule foreach --recursive sh -c "git config --local --name-only --get-regexp 'core\.sshCommand' && git config --local --unset-all 'core.sshCommand' || :"
2026-02-18T05:24:11.1883733Z Removing HTTP extra header
2026-02-18T05:24:11.1888913Z [command]/usr/bin/git config --local --name-only --get-regexp http\.https\:\/\/github\.com\/\.extraheader
2026-02-18T05:24:11.1919928Z [command]/usr/bin/git submodule foreach --recursive sh -c "git config --local --name-only --get-regexp 'http\.https\:\/\/github\.com\/\.extraheader' && git config --local --unset-all 'http.https://github.com/.extraheader' || :"
2026-02-18T05:24:11.2156232Z Removing includeIf entries pointing to credentials config files
2026-02-18T05:24:11.2163061Z [command]/usr/bin/git config --local --name-only --get-regexp ^includeIf\.gitdir:
2026-02-18T05:24:11.2190621Z includeif.gitdir:/home/runner/work/scratchattach/scratchattach/.git.path
2026-02-18T05:24:11.2191628Z includeif.gitdir:/home/runner/work/scratchattach/scratchattach/.git/worktrees/*.path
2026-02-18T05:24:11.2192476Z includeif.gitdir:/github/workspace/.git.path
2026-02-18T05:24:11.2193124Z includeif.gitdir:/github/workspace/.git/worktrees/*.path
2026-02-18T05:24:11.2199584Z [command]/usr/bin/git config --local --get-all includeif.gitdir:/home/runner/work/scratchattach/scratchattach/.git.path
2026-02-18T05:24:11.2222139Z /home/runner/work/_temp/git-credentials-3dd3af67-edc1-4ead-bfa4-b5f72fc17287.config
2026-02-18T05:24:11.2233147Z [command]/usr/bin/git config --local --unset includeif.gitdir:/home/runner/work/scratchattach/scratchattach/.git.path /home/runner/work/_temp/git-credentials-3dd3af67-edc1-4ead-bfa4-b5f72fc17287.config
2026-02-18T05:24:11.2265437Z [command]/usr/bin/git config --local --get-all includeif.gitdir:/home/runner/work/scratchattach/scratchattach/.git/worktrees/*.path
2026-02-18T05:24:11.2289373Z /home/runner/work/_temp/git-credentials-3dd3af67-edc1-4ead-bfa4-b5f72fc17287.config
2026-02-18T05:24:11.2298304Z [command]/usr/bin/git config --local --unset includeif.gitdir:/home/runner/work/scratchattach/scratchattach/.git/worktrees/*.path /home/runner/work/_temp/git-credentials-3dd3af67-edc1-4ead-bfa4-b5f72fc17287.config
2026-02-18T05:24:11.2330028Z [command]/usr/bin/git config --local --get-all includeif.gitdir:/github/workspace/.git.path
2026-02-18T05:24:11.2352049Z /github/runner_temp/git-credentials-3dd3af67-edc1-4ead-bfa4-b5f72fc17287.config
2026-02-18T05:24:11.2359930Z [command]/usr/bin/git config --local --unset includeif.gitdir:/github/workspace/.git.path /github/runner_temp/git-credentials-3dd3af67-edc1-4ead-bfa4-b5f72fc17287.config
2026-02-18T05:24:11.2392539Z [command]/usr/bin/git config --local --get-all includeif.gitdir:/github/workspace/.git/worktrees/*.path
2026-02-18T05:24:11.2413962Z /github/runner_temp/git-credentials-3dd3af67-edc1-4ead-bfa4-b5f72fc17287.config
2026-02-18T05:24:11.2424570Z [command]/usr/bin/git config --local --unset includeif.gitdir:/github/workspace/.git/worktrees/*.path /github/runner_temp/git-credentials-3dd3af67-edc1-4ead-bfa4-b5f72fc17287.config
2026-02-18T05:24:11.2462542Z [command]/usr/bin/git submodule foreach --recursive git config --local --show-origin --name-only --get-regexp remote.origin.url
2026-02-18T05:24:11.2698269Z Removing credentials config '/home/runner/work/_temp/git-credentials-3dd3af67-edc1-4ead-bfa4-b5f72fc17287.config'
2026-02-18T05:24:11.2710180Z [command]/usr/bin/git config --file /home/runner/work/_temp/git-credentials-047bd18f-1a82-42c2-b443-9f1f31cf8a60.config http.https://github.com/.extraheader AUTHORIZATION: basic ***
2026-02-18T05:24:11.2746016Z [command]/usr/bin/git config --local includeIf.gitdir:/home/runner/work/scratchattach/scratchattach/.git.path /home/runner/work/_temp/git-credentials-047bd18f-1a82-42c2-b443-9f1f31cf8a60.config
2026-02-18T05:24:11.2776281Z [command]/usr/bin/git config --local includeIf.gitdir:/home/runner/work/scratchattach/scratchattach/.git/worktrees/*.path /home/runner/work/_temp/git-credentials-047bd18f-1a82-42c2-b443-9f1f31cf8a60.config
2026-02-18T05:24:11.2806878Z [command]/usr/bin/git config --local includeIf.gitdir:/github/workspace/.git.path /github/runner_temp/git-credentials-047bd18f-1a82-42c2-b443-9f1f31cf8a60.config
2026-02-18T05:24:11.2836204Z [command]/usr/bin/git config --local includeIf.gitdir:/github/workspace/.git/worktrees/*.path /github/runner_temp/git-credentials-047bd18f-1a82-42c2-b443-9f1f31cf8a60.config
2026-02-18T05:24:11.2861618Z ##[endgroup]
2026-02-18T05:24:11.2862117Z ##[group]Fetching the repository
2026-02-18T05:24:11.2870883Z [command]/usr/bin/git -c protocol.version=2 fetch --no-tags --prune --no-recurse-submodules --depth=1 origin +refs/heads/main*:refs/remotes/origin/main* +refs/tags/main*:refs/tags/main*
2026-02-18T05:24:11.7408379Z ##[endgroup]
2026-02-18T05:24:11.7409005Z ##[group]Determining the checkout info
2026-02-18T05:24:11.7415296Z [command]/usr/bin/git branch --list --remote origin/main
2026-02-18T05:24:11.7441083Z   origin/main
2026-02-18T05:24:11.7445744Z ##[endgroup]
2026-02-18T05:24:11.7450825Z [command]/usr/bin/git sparse-checkout disable
2026-02-18T05:24:11.7520517Z [command]/usr/bin/git config --local --unset-all extensions.worktreeConfig
2026-02-18T05:24:11.7547481Z ##[group]Checking out the ref
2026-02-18T05:24:11.7558964Z [command]/usr/bin/git checkout --progress --force -B main refs/remotes/origin/main
2026-02-18T05:24:11.7652031Z Switched to a new branch 'main'
2026-02-18T05:24:11.7654619Z branch 'main' set up to track 'origin/main'.
2026-02-18T05:24:11.7660416Z ##[endgroup]
2026-02-18T05:24:11.7697963Z [command]/usr/bin/git log -1 --format=%H
2026-02-18T05:24:11.7722138Z f5e9944872555adc580832a20f267ed95dc0850f
2026-02-18T05:24:11.7833280Z ##[group]Run python3 aesthetic_prioritizing.py
2026-02-18T05:24:11.7833631Z [36;1mpython3 aesthetic_prioritizing.py[0m
2026-02-18T05:24:11.7884798Z shell: /usr/bin/bash -e {0}
2026-02-18T05:24:11.7885020Z env:
2026-02-18T05:24:11.7885264Z   pythonLocation: /opt/hostedtoolcache/Python/3.13.12/x64
2026-02-18T05:24:11.7885684Z   PKG_CONFIG_PATH: /opt/hostedtoolcache/Python/3.13.12/x64/lib/pkgconfig
2026-02-18T05:24:11.7886080Z   Python_ROOT_DIR: /opt/hostedtoolcache/Python/3.13.12/x64
2026-02-18T05:24:11.7886441Z   Python2_ROOT_DIR: /opt/hostedtoolcache/Python/3.13.12/x64
2026-02-18T05:24:11.7887031Z   Python3_ROOT_DIR: /opt/hostedtoolcache/Python/3.13.12/x64
2026-02-18T05:24:11.7887387Z   LD_LIBRARY_PATH: /opt/hostedtoolcache/Python/3.13.12/x64/lib
2026-02-18T05:24:11.7887788Z   PASS: ***
2026-02-18T05:24:11.7887956Z ##[endgroup]
2026-02-18T05:24:12.8864938Z Prioritizing: Attempt 1
2026-02-18T05:24:13.4763681Z Unfavorited project 1193158560
2026-02-18T05:24:58.4777133Z Favorited project 1193158560 to move it to the top
2026-02-18T05:25:44.0307858Z Unfavorited project 1193158559
2026-02-18T05:26:29.0320346Z Favorited project 1193158559 to move it to the top
2026-02-18T05:27:14.8403997Z Unfavorited project 1193158558
2026-02-18T05:27:59.8417137Z Favorited project 1193158558 to move it to the top
2026-02-18T05:28:45.5014522Z Unfavorited project 1193158567
2026-02-18T05:29:30.5027603Z Favorited project 1193158567 to move it to the top
2026-02-18T05:30:16.0658279Z Unfavorited project 1193158568
2026-02-18T05:31:01.0671769Z Favorited project 1193158568 to move it to the top
2026-02-18T05:31:46.2552834Z Prioritized projects in your favorite list.
2026-02-18T05:31:46.3035805Z Post job cleanup.
2026-02-18T05:31:46.3828238Z [command]/usr/bin/git version
2026-02-18T05:31:46.3865079Z git version 2.52.0
2026-02-18T05:31:46.3904670Z Temporarily overriding HOME='/home/runner/work/_temp/87211c02-926e-4651-9461-4e44218b3e45' before making global git config changes
2026-02-18T05:31:46.3905995Z Adding repository directory to the temporary git global config as a safe directory
2026-02-18T05:31:46.3911022Z [command]/usr/bin/git config --global --add safe.directory /home/runner/work/scratchattach/scratchattach
2026-02-18T05:31:46.3942509Z Removing SSH command configuration
2026-02-18T05:31:46.3949422Z [command]/usr/bin/git config --local --name-only --get-regexp core\.sshCommand
2026-02-18T05:31:46.3983681Z [command]/usr/bin/git submodule foreach --recursive sh -c "git config --local --name-only --get-regexp 'core\.sshCommand' && git config --local --unset-all 'core.sshCommand' || :"
2026-02-18T05:31:46.4254786Z Removing HTTP extra header
2026-02-18T05:31:46.4260041Z [command]/usr/bin/git config --local --name-only --get-regexp http\.https\:\/\/github\.com\/\.extraheader
2026-02-18T05:31:46.4292398Z [command]/usr/bin/git submodule foreach --recursive sh -c "git config --local --name-only --get-regexp 'http\.https\:\/\/github\.com\/\.extraheader' && git config --local --unset-all 'http.https://github.com/.extraheader' || :"
2026-02-18T05:31:46.4526150Z Removing includeIf entries pointing to credentials config files
2026-02-18T05:31:46.4532362Z [command]/usr/bin/git config --local --name-only --get-regexp ^includeIf\.gitdir:
2026-02-18T05:31:46.4555746Z includeif.gitdir:/home/runner/work/scratchattach/scratchattach/.git.path
2026-02-18T05:31:46.4556831Z includeif.gitdir:/home/runner/work/scratchattach/scratchattach/.git/worktrees/*.path
2026-02-18T05:31:46.4557391Z includeif.gitdir:/github/workspace/.git.path
2026-02-18T05:31:46.4557750Z includeif.gitdir:/github/workspace/.git/worktrees/*.path
2026-02-18T05:31:46.4566439Z [command]/usr/bin/git config --local --get-all includeif.gitdir:/home/runner/work/scratchattach/scratchattach/.git.path
2026-02-18T05:31:46.4588549Z /home/runner/work/_temp/git-credentials-047bd18f-1a82-42c2-b443-9f1f31cf8a60.config
2026-02-18T05:31:46.4598850Z [command]/usr/bin/git config --local --unset includeif.gitdir:/home/runner/work/scratchattach/scratchattach/.git.path /home/runner/work/_temp/git-credentials-047bd18f-1a82-42c2-b443-9f1f31cf8a60.config
2026-02-18T05:31:46.4633104Z [command]/usr/bin/git config --local --get-all includeif.gitdir:/home/runner/work/scratchattach/scratchattach/.git/worktrees/*.path
2026-02-18T05:31:46.4654903Z /home/runner/work/_temp/git-credentials-047bd18f-1a82-42c2-b443-9f1f31cf8a60.config
2026-02-18T05:31:46.4665130Z [command]/usr/bin/git config --local --unset includeif.gitdir:/home/runner/work/scratchattach/scratchattach/.git/worktrees/*.path /home/runner/work/_temp/git-credentials-047bd18f-1a82-42c2-b443-9f1f31cf8a60.config
2026-02-18T05:31:46.4699089Z [command]/usr/bin/git config --local --get-all includeif.gitdir:/github/workspace/.git.path
2026-02-18T05:31:46.4720593Z /github/runner_temp/git-credentials-047bd18f-1a82-42c2-b443-9f1f31cf8a60.config
2026-02-18T05:31:46.4730130Z [command]/usr/bin/git config --local --unset includeif.gitdir:/github/workspace/.git.path /github/runner_temp/git-credentials-047bd18f-1a82-42c2-b443-9f1f31cf8a60.config
2026-02-18T05:31:46.4764595Z [command]/usr/bin/git config --local --get-all includeif.gitdir:/github/workspace/.git/worktrees/*.path
2026-02-18T05:31:46.4786084Z /github/runner_temp/git-credentials-047bd18f-1a82-42c2-b443-9f1f31cf8a60.config
2026-02-18T05:31:46.4795756Z [command]/usr/bin/git config --local --unset includeif.gitdir:/github/workspace/.git/worktrees/*.path /github/runner_temp/git-credentials-047bd18f-1a82-42c2-b443-9f1f31cf8a60.config
2026-02-18T05:31:46.4828686Z [command]/usr/bin/git submodule foreach --recursive git config --local --show-origin --name-only --get-regexp remote.origin.url
2026-02-18T05:31:46.5069469Z Removing credentials config '/home/runner/work/_temp/git-credentials-047bd18f-1a82-42c2-b443-9f1f31cf8a60.config'
2026-02-18T05:31:46.5226431Z Post job cleanup.
2026-02-18T05:31:46.6476879Z Post job cleanup.
2026-02-18T05:31:46.7252730Z [command]/usr/bin/git version
2026-02-18T05:31:46.7289385Z git version 2.52.0
2026-02-18T05:31:46.7360974Z Temporarily overriding HOME='/home/runner/work/_temp/66937d3f-c5f7-496a-8851-0f6754e4ece6' before making global git config changes
2026-02-18T05:31:46.7362301Z Adding repository directory to the temporary git global config as a safe directory
2026-02-18T05:31:46.7367228Z [command]/usr/bin/git config --global --add safe.directory /home/runner/work/scratchattach/scratchattach
2026-02-18T05:31:46.7397981Z Removing SSH command configuration
2026-02-18T05:31:46.7404163Z [command]/usr/bin/git config --local --name-only --get-regexp core\.sshCommand
2026-02-18T05:31:46.7438956Z [command]/usr/bin/git submodule foreach --recursive sh -c "git config --local --name-only --get-regexp 'core\.sshCommand' && git config --local --unset-all 'core.sshCommand' || :"
2026-02-18T05:31:46.7676956Z Removing HTTP extra header
2026-02-18T05:31:46.7682873Z [command]/usr/bin/git config --local --name-only --get-regexp http\.https\:\/\/github\.com\/\.extraheader
2026-02-18T05:31:46.7719874Z [command]/usr/bin/git submodule foreach --recursive sh -c "git config --local --name-only --get-regexp 'http\.https\:\/\/github\.com\/\.extraheader' && git config --local --unset-all 'http.https://github.com/.extraheader' || :"
2026-02-18T05:31:46.7951980Z Removing includeIf entries pointing to credentials config files
2026-02-18T05:31:46.7957866Z [command]/usr/bin/git config --local --name-only --get-regexp ^includeIf\.gitdir:
2026-02-18T05:31:46.7990792Z [command]/usr/bin/git submodule foreach --recursive git config --local --show-origin --name-only --get-regexp remote.origin.url
2026-02-18T05:31:46.8346872Z Cleaning up orphan processes
