2025-10-06T20:41:09.9570924Z Current runner version: '2.328.0'
2025-10-06T20:41:09.9595067Z ##[group]Runner Image Provisioner
2025-10-06T20:41:09.9595893Z Hosted Compute Agent
2025-10-06T20:41:09.9596578Z Version: 20250912.392
2025-10-06T20:41:09.9597290Z Commit: d921fda672a98b64f4f82364647e2f10b2267d0b
2025-10-06T20:41:09.9598015Z Build Date: 2025-09-12T15:23:14Z
2025-10-06T20:41:09.9598561Z ##[endgroup]
2025-10-06T20:41:09.9599216Z ##[group]Operating System
2025-10-06T20:41:09.9599778Z Ubuntu
2025-10-06T20:41:09.9600196Z 24.04.3
2025-10-06T20:41:09.9600734Z LTS
2025-10-06T20:41:09.9601161Z ##[endgroup]
2025-10-06T20:41:09.9601647Z ##[group]Runner Image
2025-10-06T20:41:09.9602310Z Image: ubuntu-24.04
2025-10-06T20:41:09.9602790Z Version: 20250929.60.1
2025-10-06T20:41:09.9603774Z Included Software: https://github.com/actions/runner-images/blob/ubuntu24/20250929.60/images/ubuntu/Ubuntu2404-Readme.md
2025-10-06T20:41:09.9605328Z Image Release: https://github.com/actions/runner-images/releases/tag/ubuntu24%2F20250929.60
2025-10-06T20:41:09.9606723Z ##[endgroup]
2025-10-06T20:41:09.9607745Z ##[group]GITHUB_TOKEN Permissions
2025-10-06T20:41:09.9609507Z Contents: write
2025-10-06T20:41:09.9610127Z Metadata: read
2025-10-06T20:41:09.9610794Z ##[endgroup]
2025-10-06T20:41:09.9613035Z Secret source: Actions
2025-10-06T20:41:09.9613946Z Prepare workflow directory
2025-10-06T20:41:10.0365736Z Prepare all required actions
2025-10-06T20:41:10.0402951Z Getting action download info
2025-10-06T20:41:10.4632007Z Download action repository 'actions/checkout@v5.0.0' (SHA:08c6903cd8c0fde910a37f88322edcfb5dd907a8)
2025-10-06T20:41:10.6721255Z Download action repository 'actions/setup-python@v6.0.0' (SHA:e797f83bcb11b83ae66e0230d6156d7c80228e7c)
2025-10-06T20:41:10.7899134Z Download action repository 'bossOfCode/install-scratchattach@v1.0.3' (SHA:be17a7cf1ecb5a7040eb42ef26c2e1fbe72bb25a)
2025-10-06T20:41:11.4383059Z Complete job name: Run Request/Database Handler
2025-10-06T20:41:11.5091813Z ##[group]Run actions/checkout@v5.0.0
2025-10-06T20:41:11.5092810Z with:
2025-10-06T20:41:11.5093286Z   ref: scratch_chat_dev
2025-10-06T20:41:11.5094085Z   repository: Boss-1s/scratchattach
2025-10-06T20:41:11.5094825Z   token: ***
2025-10-06T20:41:11.5095284Z   ssh-strict: true
2025-10-06T20:41:11.5095730Z   ssh-user: git
2025-10-06T20:41:11.5096385Z   persist-credentials: true
2025-10-06T20:41:11.5096909Z   clean: true
2025-10-06T20:41:11.5097366Z   sparse-checkout-cone-mode: true
2025-10-06T20:41:11.5097907Z   fetch-depth: 1
2025-10-06T20:41:11.5098347Z   fetch-tags: false
2025-10-06T20:41:11.5098813Z   show-progress: true
2025-10-06T20:41:11.5099289Z   lfs: false
2025-10-06T20:41:11.5099728Z   submodules: false
2025-10-06T20:41:11.5100186Z   set-safe-directory: true
2025-10-06T20:41:11.5101009Z ##[endgroup]
2025-10-06T20:41:11.6030398Z Syncing repository: Boss-1s/scratchattach
2025-10-06T20:41:11.6032282Z ##[group]Getting Git version info
2025-10-06T20:41:11.6033190Z Working directory is '/home/runner/work/scratchattach/scratchattach'
2025-10-06T20:41:11.6034289Z [command]/usr/bin/git version
2025-10-06T20:41:11.6090435Z git version 2.51.0
2025-10-06T20:41:11.6110883Z ##[endgroup]
2025-10-06T20:41:11.6127009Z Temporarily overriding HOME='/home/runner/work/_temp/c270249e-3bfd-4100-b660-56013340f95b' before making global git config changes
2025-10-06T20:41:11.6129793Z Adding repository directory to the temporary git global config as a safe directory
2025-10-06T20:41:11.6132375Z [command]/usr/bin/git config --global --add safe.directory /home/runner/work/scratchattach/scratchattach
2025-10-06T20:41:11.6169580Z Deleting the contents of '/home/runner/work/scratchattach/scratchattach'
2025-10-06T20:41:11.6173531Z ##[group]Initializing the repository
2025-10-06T20:41:11.6178610Z [command]/usr/bin/git init /home/runner/work/scratchattach/scratchattach
2025-10-06T20:41:11.6295431Z hint: Using 'master' as the name for the initial branch. This default branch name
2025-10-06T20:41:11.6297161Z hint: is subject to change. To configure the initial branch name to use in all
2025-10-06T20:41:11.6298533Z hint: of your new repositories, which will suppress this warning, call:
2025-10-06T20:41:11.6299821Z hint:
2025-10-06T20:41:11.6300449Z hint: 	git config --global init.defaultBranch <name>
2025-10-06T20:41:11.6301724Z hint:
2025-10-06T20:41:11.6302961Z hint: Names commonly chosen instead of 'master' are 'main', 'trunk' and
2025-10-06T20:41:11.6304927Z hint: 'development'. The just-created branch can be renamed via this command:
2025-10-06T20:41:11.6306747Z hint:
2025-10-06T20:41:11.6307540Z hint: 	git branch -m <name>
2025-10-06T20:41:11.6308457Z hint:
2025-10-06T20:41:11.6309697Z hint: Disable this message with "git config set advice.defaultBranchName false"
2025-10-06T20:41:11.6311956Z Initialized empty Git repository in /home/runner/work/scratchattach/scratchattach/.git/
2025-10-06T20:41:11.6315202Z [command]/usr/bin/git remote add origin https://github.com/Boss-1s/scratchattach
2025-10-06T20:41:11.6350216Z ##[endgroup]
2025-10-06T20:41:11.6351675Z ##[group]Disabling automatic garbage collection
2025-10-06T20:41:11.6353894Z [command]/usr/bin/git config --local gc.auto 0
2025-10-06T20:41:11.6389208Z ##[endgroup]
2025-10-06T20:41:11.6390665Z ##[group]Setting up auth
2025-10-06T20:41:11.6392003Z [command]/usr/bin/git config --local --name-only --get-regexp core\.sshCommand
2025-10-06T20:41:11.6421015Z [command]/usr/bin/git submodule foreach --recursive sh -c "git config --local --name-only --get-regexp 'core\.sshCommand' && git config --local --unset-all 'core.sshCommand' || :"
2025-10-06T20:41:11.6782946Z [command]/usr/bin/git config --local --name-only --get-regexp http\.https\:\/\/github\.com\/\.extraheader
2025-10-06T20:41:11.6811773Z [command]/usr/bin/git submodule foreach --recursive sh -c "git config --local --name-only --get-regexp 'http\.https\:\/\/github\.com\/\.extraheader' && git config --local --unset-all 'http.https://github.com/.extraheader' || :"
2025-10-06T20:41:11.7030260Z [command]/usr/bin/git config --local http.https://github.com/.extraheader AUTHORIZATION: basic ***
2025-10-06T20:41:11.7063548Z ##[endgroup]
2025-10-06T20:41:11.7064652Z ##[group]Fetching the repository
2025-10-06T20:41:11.7072790Z [command]/usr/bin/git -c protocol.version=2 fetch --no-tags --prune --no-recurse-submodules --depth=1 origin +refs/heads/scratch_chat_dev*:refs/remotes/origin/scratch_chat_dev* +refs/tags/scratch_chat_dev*:refs/tags/scratch_chat_dev*
2025-10-06T20:41:13.0084848Z From https://github.com/Boss-1s/scratchattach
2025-10-06T20:41:13.0087542Z  * [new branch]      scratch_chat_dev -> origin/scratch_chat_dev
2025-10-06T20:41:13.0123574Z ##[endgroup]
2025-10-06T20:41:13.0124646Z ##[group]Determining the checkout info
2025-10-06T20:41:13.0128480Z [command]/usr/bin/git branch --list --remote origin/scratch_chat_dev
2025-10-06T20:41:13.0152217Z   origin/scratch_chat_dev
2025-10-06T20:41:13.0157965Z ##[endgroup]
2025-10-06T20:41:13.0161643Z [command]/usr/bin/git sparse-checkout disable
2025-10-06T20:41:13.0207281Z [command]/usr/bin/git config --local --unset-all extensions.worktreeConfig
2025-10-06T20:41:13.0234387Z ##[group]Checking out the ref
2025-10-06T20:41:13.0236951Z [command]/usr/bin/git checkout --progress --force -B scratch_chat_dev refs/remotes/origin/scratch_chat_dev
2025-10-06T20:41:13.1979738Z Switched to a new branch 'scratch_chat_dev'
2025-10-06T20:41:13.1981888Z branch 'scratch_chat_dev' set up to track 'origin/scratch_chat_dev'.
2025-10-06T20:41:13.2005139Z ##[endgroup]
2025-10-06T20:41:13.2044243Z [command]/usr/bin/git log -1 --format=%H
2025-10-06T20:41:13.2068427Z a65c1b74f8ee34e1170f7b22f10220f001e94405
2025-10-06T20:41:13.2376343Z ##[group]Run actions/setup-python@v6.0.0
2025-10-06T20:41:13.2377583Z with:
2025-10-06T20:41:13.2378418Z   python-version: 3.13
2025-10-06T20:41:13.2379381Z   check-latest: false
2025-10-06T20:41:13.2380599Z   token: ***
2025-10-06T20:41:13.2381481Z   update-environment: true
2025-10-06T20:41:13.2382529Z   allow-prereleases: false
2025-10-06T20:41:13.2383598Z   freethreaded: false
2025-10-06T20:41:13.2384521Z ##[endgroup]
2025-10-06T20:41:13.3656604Z ##[group]Installed versions
2025-10-06T20:41:13.4197863Z (node:2057) [DEP0040] DeprecationWarning: The `punycode` module is deprecated. Please use a userland alternative instead.
2025-10-06T20:41:13.4202108Z (Use `node --trace-deprecation ...` to show where the warning was created)
2025-10-06T20:41:13.4204941Z Successfully set up CPython (3.13.7)
2025-10-06T20:41:13.4208056Z ##[endgroup]
2025-10-06T20:41:13.4397863Z ##[group]Run bossOfCode/install-scratchattach@v1.0.3
2025-10-06T20:41:13.4399145Z env:
2025-10-06T20:41:13.4400126Z   pythonLocation: /opt/hostedtoolcache/Python/3.13.7/x64
2025-10-06T20:41:13.4401820Z   PKG_CONFIG_PATH: /opt/hostedtoolcache/Python/3.13.7/x64/lib/pkgconfig
2025-10-06T20:41:13.4403508Z   Python_ROOT_DIR: /opt/hostedtoolcache/Python/3.13.7/x64
2025-10-06T20:41:13.4405030Z   Python2_ROOT_DIR: /opt/hostedtoolcache/Python/3.13.7/x64
2025-10-06T20:41:13.4406775Z   Python3_ROOT_DIR: /opt/hostedtoolcache/Python/3.13.7/x64
2025-10-06T20:41:13.4408342Z   LD_LIBRARY_PATH: /opt/hostedtoolcache/Python/3.13.7/x64/lib
2025-10-06T20:41:13.4409684Z ##[endgroup]
2025-10-06T20:41:13.4515061Z ##[group]Run python3 -m pip install --upgrade pip
2025-10-06T20:41:13.4516690Z [36;1mpython3 -m pip install --upgrade pip[0m
2025-10-06T20:41:13.4721663Z shell: /usr/bin/bash --noprofile --norc -e -o pipefail {0}
2025-10-06T20:41:13.4722991Z env:
2025-10-06T20:41:13.4724025Z   pythonLocation: /opt/hostedtoolcache/Python/3.13.7/x64
2025-10-06T20:41:13.4725869Z   PKG_CONFIG_PATH: /opt/hostedtoolcache/Python/3.13.7/x64/lib/pkgconfig
2025-10-06T20:41:13.4727675Z   Python_ROOT_DIR: /opt/hostedtoolcache/Python/3.13.7/x64
2025-10-06T20:41:13.4729184Z   Python2_ROOT_DIR: /opt/hostedtoolcache/Python/3.13.7/x64
2025-10-06T20:41:13.4730696Z   Python3_ROOT_DIR: /opt/hostedtoolcache/Python/3.13.7/x64
2025-10-06T20:41:13.4732188Z   LD_LIBRARY_PATH: /opt/hostedtoolcache/Python/3.13.7/x64/lib
2025-10-06T20:41:13.4733448Z ##[endgroup]
2025-10-06T20:41:17.1762231Z Requirement already satisfied: pip in /opt/hostedtoolcache/Python/3.13.7/x64/lib/python3.13/site-packages (25.2)
2025-10-06T20:41:17.4743460Z ##[group]Run pip install -U scratchattach
2025-10-06T20:41:17.4743800Z [36;1mpip install -U scratchattach[0m
2025-10-06T20:41:17.4776579Z shell: /usr/bin/bash --noprofile --norc -e -o pipefail {0}
2025-10-06T20:41:17.4776913Z env:
2025-10-06T20:41:17.4777164Z   pythonLocation: /opt/hostedtoolcache/Python/3.13.7/x64
2025-10-06T20:41:17.4777568Z   PKG_CONFIG_PATH: /opt/hostedtoolcache/Python/3.13.7/x64/lib/pkgconfig
2025-10-06T20:41:17.4777950Z   Python_ROOT_DIR: /opt/hostedtoolcache/Python/3.13.7/x64
2025-10-06T20:41:17.4778289Z   Python2_ROOT_DIR: /opt/hostedtoolcache/Python/3.13.7/x64
2025-10-06T20:41:17.4778627Z   Python3_ROOT_DIR: /opt/hostedtoolcache/Python/3.13.7/x64
2025-10-06T20:41:17.4778963Z   LD_LIBRARY_PATH: /opt/hostedtoolcache/Python/3.13.7/x64/lib
2025-10-06T20:41:17.4779250Z ##[endgroup]
2025-10-06T20:41:18.4676711Z Collecting scratchattach
2025-10-06T20:41:18.5574249Z   Downloading scratchattach-2.1.13-py3-none-any.whl.metadata (5.5 kB)
2025-10-06T20:41:18.5965237Z Collecting websocket-client (from scratchattach)
2025-10-06T20:41:18.6156984Z   Downloading websocket_client-1.8.0-py3-none-any.whl.metadata (8.0 kB)
2025-10-06T20:41:18.6634897Z Collecting requests (from scratchattach)
2025-10-06T20:41:18.6824432Z   Downloading requests-2.32.5-py3-none-any.whl.metadata (4.9 kB)
2025-10-06T20:41:18.7105991Z Collecting bs4 (from scratchattach)
2025-10-06T20:41:18.7292464Z   Downloading bs4-0.0.2-py2.py3-none-any.whl.metadata (411 bytes)
2025-10-06T20:41:18.7572969Z Collecting SimpleWebSocketServer (from scratchattach)
2025-10-06T20:41:18.7780340Z   Downloading SimpleWebSocketServer-0.1.2.tar.gz (10 kB)
2025-10-06T20:41:18.7874294Z   Installing build dependencies: started
2025-10-06T20:41:20.2001209Z   Installing build dependencies: finished with status 'done'
2025-10-06T20:41:20.2006970Z   Getting requirements to build wheel: started
2025-10-06T20:41:20.5851410Z   Getting requirements to build wheel: finished with status 'done'
2025-10-06T20:41:20.5860045Z   Preparing metadata (pyproject.toml): started
2025-10-06T20:41:20.7786651Z   Preparing metadata (pyproject.toml): finished with status 'done'
2025-10-06T20:41:20.8115564Z Collecting typing-extensions (from scratchattach)
2025-10-06T20:41:20.8305585Z   Downloading typing_extensions-4.15.0-py3-none-any.whl.metadata (3.3 kB)
2025-10-06T20:41:20.8660755Z Collecting beautifulsoup4 (from bs4->scratchattach)
2025-10-06T20:41:20.8866834Z   Downloading beautifulsoup4-4.14.2-py3-none-any.whl.metadata (3.8 kB)
2025-10-06T20:41:20.9219089Z Collecting soupsieve>1.2 (from beautifulsoup4->bs4->scratchattach)
2025-10-06T20:41:20.9414870Z   Downloading soupsieve-2.8-py3-none-any.whl.metadata (4.6 kB)
2025-10-06T20:41:21.0651234Z Collecting charset_normalizer<4,>=2 (from requests->scratchattach)
2025-10-06T20:41:21.0844894Z   Downloading charset_normalizer-3.4.3-cp313-cp313-manylinux2014_x86_64.manylinux_2_17_x86_64.manylinux_2_28_x86_64.whl.metadata (36 kB)
2025-10-06T20:41:21.1280210Z Collecting idna<4,>=2.5 (from requests->scratchattach)
2025-10-06T20:41:21.1468074Z   Downloading idna-3.10-py3-none-any.whl.metadata (10 kB)
2025-10-06T20:41:21.1929749Z Collecting urllib3<3,>=1.21.1 (from requests->scratchattach)
2025-10-06T20:41:21.2125068Z   Downloading urllib3-2.5.0-py3-none-any.whl.metadata (6.5 kB)
2025-10-06T20:41:21.2524064Z Collecting certifi>=2017.4.17 (from requests->scratchattach)
2025-10-06T20:41:21.2714416Z   Downloading certifi-2025.10.5-py3-none-any.whl.metadata (2.5 kB)
2025-10-06T20:41:21.2981237Z Downloading scratchattach-2.1.13-py3-none-any.whl (141 kB)
2025-10-06T20:41:21.3415989Z Downloading bs4-0.0.2-py2.py3-none-any.whl (1.2 kB)
2025-10-06T20:41:21.3640913Z Downloading beautifulsoup4-4.14.2-py3-none-any.whl (106 kB)
2025-10-06T20:41:21.3898143Z Downloading soupsieve-2.8-py3-none-any.whl (36 kB)
2025-10-06T20:41:21.4112334Z Downloading typing_extensions-4.15.0-py3-none-any.whl (44 kB)
2025-10-06T20:41:21.4339547Z Downloading requests-2.32.5-py3-none-any.whl (64 kB)
2025-10-06T20:41:21.4571779Z Downloading charset_normalizer-3.4.3-cp313-cp313-manylinux2014_x86_64.manylinux_2_17_x86_64.manylinux_2_28_x86_64.whl (151 kB)
2025-10-06T20:41:21.4838395Z Downloading idna-3.10-py3-none-any.whl (70 kB)
2025-10-06T20:41:21.5062878Z Downloading urllib3-2.5.0-py3-none-any.whl (129 kB)
2025-10-06T20:41:21.5295654Z Downloading certifi-2025.10.5-py3-none-any.whl (163 kB)
2025-10-06T20:41:21.5545453Z Downloading websocket_client-1.8.0-py3-none-any.whl (58 kB)
2025-10-06T20:41:21.5685561Z Building wheels for collected packages: SimpleWebSocketServer
2025-10-06T20:41:21.5693733Z   Building wheel for SimpleWebSocketServer (pyproject.toml): started
2025-10-06T20:41:21.7873067Z   Building wheel for SimpleWebSocketServer (pyproject.toml): finished with status 'done'
2025-10-06T20:41:21.7878452Z   Created wheel for SimpleWebSocketServer: filename=simplewebsocketserver-0.1.2-py3-none-any.whl size=9715 sha256=3d19d9af57830896977768e456c01d37efa596dc55214e372ce621f3d7b0092c
2025-10-06T20:41:21.7879861Z   Stored in directory: /home/runner/.cache/pip/wheels/c4/5b/e8/4f2c15a82edc4923058056f6681373168be02a0c00389a6dcf
2025-10-06T20:41:21.7897976Z Successfully built SimpleWebSocketServer
2025-10-06T20:41:21.8080789Z Installing collected packages: SimpleWebSocketServer, websocket-client, urllib3, typing-extensions, soupsieve, idna, charset_normalizer, certifi, requests, beautifulsoup4, bs4, scratchattach
2025-10-06T20:41:22.3821513Z 
2025-10-06T20:41:22.3843118Z Successfully installed SimpleWebSocketServer-0.1.2 beautifulsoup4-4.14.2 bs4-0.0.2 certifi-2025.10.5 charset_normalizer-3.4.3 idna-3.10 requests-2.32.5 scratchattach-2.1.13 soupsieve-2.8 typing-extensions-4.15.0 urllib3-2.5.0 websocket-client-1.8.0
2025-10-06T20:41:22.4654725Z ##[group]Run actions/checkout@v5.0.0
2025-10-06T20:41:22.4654992Z with:
2025-10-06T20:41:22.4655171Z   ref: scratch_chat_dev
2025-10-06T20:41:22.4655378Z   repository: Boss-1s/scratchattach
2025-10-06T20:41:22.4655731Z   token: ***
2025-10-06T20:41:22.4655907Z   ssh-strict: true
2025-10-06T20:41:22.4656414Z   ssh-user: git
2025-10-06T20:41:22.4656605Z   persist-credentials: true
2025-10-06T20:41:22.4656810Z   clean: true
2025-10-06T20:41:22.4657006Z   sparse-checkout-cone-mode: true
2025-10-06T20:41:22.4657236Z   fetch-depth: 1
2025-10-06T20:41:22.4657409Z   fetch-tags: false
2025-10-06T20:41:22.4657596Z   show-progress: true
2025-10-06T20:41:22.4657781Z   lfs: false
2025-10-06T20:41:22.4657945Z   submodules: false
2025-10-06T20:41:22.4658133Z   set-safe-directory: true
2025-10-06T20:41:22.4658325Z env:
2025-10-06T20:41:22.4658554Z   pythonLocation: /opt/hostedtoolcache/Python/3.13.7/x64
2025-10-06T20:41:22.4658969Z   PKG_CONFIG_PATH: /opt/hostedtoolcache/Python/3.13.7/x64/lib/pkgconfig
2025-10-06T20:41:22.4659353Z   Python_ROOT_DIR: /opt/hostedtoolcache/Python/3.13.7/x64
2025-10-06T20:41:22.4659692Z   Python2_ROOT_DIR: /opt/hostedtoolcache/Python/3.13.7/x64
2025-10-06T20:41:22.4660020Z   Python3_ROOT_DIR: /opt/hostedtoolcache/Python/3.13.7/x64
2025-10-06T20:41:22.4660358Z   LD_LIBRARY_PATH: /opt/hostedtoolcache/Python/3.13.7/x64/lib
2025-10-06T20:41:22.4660647Z ##[endgroup]
2025-10-06T20:41:22.5412430Z Syncing repository: Boss-1s/scratchattach
2025-10-06T20:41:22.5414260Z ##[group]Getting Git version info
2025-10-06T20:41:22.5414802Z Working directory is '/home/runner/work/scratchattach/scratchattach'
2025-10-06T20:41:22.5453918Z [command]/usr/bin/git version
2025-10-06T20:41:22.5489532Z git version 2.51.0
2025-10-06T20:41:22.5509603Z ##[endgroup]
2025-10-06T20:41:22.5523504Z Temporarily overriding HOME='/home/runner/work/_temp/a9b2a59a-a68f-43b7-a281-d4c41f4cc56c' before making global git config changes
2025-10-06T20:41:22.5524247Z Adding repository directory to the temporary git global config as a safe directory
2025-10-06T20:41:22.5529029Z [command]/usr/bin/git config --global --add safe.directory /home/runner/work/scratchattach/scratchattach
2025-10-06T20:41:22.5564885Z [command]/usr/bin/git config --local --get remote.origin.url
2025-10-06T20:41:22.5586705Z https://github.com/Boss-1s/scratchattach
2025-10-06T20:41:22.5600046Z ##[group]Removing previously created refs, to avoid conflicts
2025-10-06T20:41:22.5603893Z [command]/usr/bin/git rev-parse --symbolic-full-name --verify --quiet HEAD
2025-10-06T20:41:22.5623889Z refs/heads/scratch_chat_dev
2025-10-06T20:41:22.5633895Z [command]/usr/bin/git checkout --detach
2025-10-06T20:41:22.7074186Z HEAD is now at a65c1b7 Merge branch 'main' into scratch_chat_dev
2025-10-06T20:41:22.7128506Z [command]/usr/bin/git branch --delete --force scratch_chat_dev
2025-10-06T20:41:22.7155645Z Deleted branch scratch_chat_dev (was a65c1b7).
2025-10-06T20:41:22.7195244Z ##[endgroup]
2025-10-06T20:41:22.7200193Z [command]/usr/bin/git submodule status
2025-10-06T20:41:22.7446683Z ##[group]Cleaning the repository
2025-10-06T20:41:22.7480801Z [command]/usr/bin/git clean -ffdx
2025-10-06T20:41:22.7521654Z [command]/usr/bin/git reset --hard HEAD
2025-10-06T20:41:22.7575450Z HEAD is now at a65c1b7 Merge branch 'main' into scratch_chat_dev
2025-10-06T20:41:22.7582409Z ##[endgroup]
2025-10-06T20:41:22.7584423Z ##[group]Disabling automatic garbage collection
2025-10-06T20:41:22.7590695Z [command]/usr/bin/git config --local gc.auto 0
2025-10-06T20:41:22.7618811Z ##[endgroup]
2025-10-06T20:41:22.7619314Z ##[group]Setting up auth
2025-10-06T20:41:22.7629352Z [command]/usr/bin/git config --local --name-only --get-regexp core\.sshCommand
2025-10-06T20:41:22.7663753Z [command]/usr/bin/git submodule foreach --recursive sh -c "git config --local --name-only --get-regexp 'core\.sshCommand' && git config --local --unset-all 'core.sshCommand' || :"
2025-10-06T20:41:22.7908022Z [command]/usr/bin/git config --local --name-only --get-regexp http\.https\:\/\/github\.com\/\.extraheader
2025-10-06T20:41:22.7930788Z http.https://github.com/.extraheader
2025-10-06T20:41:22.7942338Z [command]/usr/bin/git config --local --unset-all http.https://github.com/.extraheader
2025-10-06T20:41:22.7976850Z [command]/usr/bin/git submodule foreach --recursive sh -c "git config --local --name-only --get-regexp 'http\.https\:\/\/github\.com\/\.extraheader' && git config --local --unset-all 'http.https://github.com/.extraheader' || :"
2025-10-06T20:41:22.8223079Z [command]/usr/bin/git config --local http.https://github.com/.extraheader AUTHORIZATION: basic ***
2025-10-06T20:41:22.8265931Z ##[endgroup]
2025-10-06T20:41:22.8266658Z ##[group]Fetching the repository
2025-10-06T20:41:22.8274891Z [command]/usr/bin/git -c protocol.version=2 fetch --no-tags --prune --no-recurse-submodules --depth=1 origin +refs/heads/scratch_chat_dev*:refs/remotes/origin/scratch_chat_dev* +refs/tags/scratch_chat_dev*:refs/tags/scratch_chat_dev*
2025-10-06T20:41:23.3815372Z ##[endgroup]
2025-10-06T20:41:23.3815912Z ##[group]Determining the checkout info
2025-10-06T20:41:23.3823060Z [command]/usr/bin/git branch --list --remote origin/scratch_chat_dev
2025-10-06T20:41:23.3846316Z   origin/scratch_chat_dev
2025-10-06T20:41:23.3850621Z ##[endgroup]
2025-10-06T20:41:23.3854640Z [command]/usr/bin/git sparse-checkout disable
2025-10-06T20:41:23.3897298Z [command]/usr/bin/git config --local --unset-all extensions.worktreeConfig
2025-10-06T20:41:23.3921593Z ##[group]Checking out the ref
2025-10-06T20:41:23.3927145Z [command]/usr/bin/git checkout --progress --force -B scratch_chat_dev refs/remotes/origin/scratch_chat_dev
2025-10-06T20:41:23.3981093Z Switched to a new branch 'scratch_chat_dev'
2025-10-06T20:41:23.3983916Z branch 'scratch_chat_dev' set up to track 'origin/scratch_chat_dev'.
2025-10-06T20:41:23.3991521Z ##[endgroup]
2025-10-06T20:41:23.4026012Z [command]/usr/bin/git log -1 --format=%H
2025-10-06T20:41:23.4048899Z a65c1b74f8ee34e1170f7b22f10220f001e94405
2025-10-06T20:41:23.4158389Z ##[group]Run git config --global user.name 'Boss-1s [via Actions]'
2025-10-06T20:41:23.4158839Z [36;1mgit config --global user.name 'Boss-1s [via Actions]'[0m
2025-10-06T20:41:23.4159266Z [36;1mgit config --global user.email 'Boss-1s[auto]@users.noreply.github.com'[0m
2025-10-06T20:41:23.4159732Z [36;1mtimeout 3m python3 scratch_chat.py || { [[ $? -eq 124 ]] && exit 0; }[0m
2025-10-06T20:41:23.4193372Z shell: /usr/bin/bash -e {0}
2025-10-06T20:41:23.4193596Z env:
2025-10-06T20:41:23.4193825Z   pythonLocation: /opt/hostedtoolcache/Python/3.13.7/x64
2025-10-06T20:41:23.4194223Z   PKG_CONFIG_PATH: /opt/hostedtoolcache/Python/3.13.7/x64/lib/pkgconfig
2025-10-06T20:41:23.4194611Z   Python_ROOT_DIR: /opt/hostedtoolcache/Python/3.13.7/x64
2025-10-06T20:41:23.4194946Z   Python2_ROOT_DIR: /opt/hostedtoolcache/Python/3.13.7/x64
2025-10-06T20:41:23.4195280Z   Python3_ROOT_DIR: /opt/hostedtoolcache/Python/3.13.7/x64
2025-10-06T20:41:23.4195645Z   LD_LIBRARY_PATH: /opt/hostedtoolcache/Python/3.13.7/x64/lib
2025-10-06T20:41:23.4196287Z   PASS: ***
2025-10-06T20:41:23.4196471Z ##[endgroup]
2025-10-06T20:41:24.9881236Z If you use cloud requests or cloud storages, please credit TimMcCool!
2025-10-06T20:41:24.9881760Z Request handler is running
2025-10-06T20:41:46.0532849Z WARNING:py.warnings:/home/runner/work/scratchattach/scratchattach/key_multivalue_storage.py:194: SyntaxWarning: Warning: File 'settings.json' contains invalid JSON. Overwriting.
2025-10-06T20:41:46.0533866Z   warnings.warn(f"Warning: File '{file_path}' contains invalid JSON. Overwriting.", SyntaxWarning)
2025-10-06T20:41:46.0534225Z 
2025-10-06T20:44:23.4355222Z ##[group]Run bash push.sh
2025-10-06T20:44:23.4355476Z [36;1mbash push.sh[0m
2025-10-06T20:44:23.4387913Z shell: /usr/bin/bash -e {0}
2025-10-06T20:44:23.4388142Z env:
2025-10-06T20:44:23.4388375Z   pythonLocation: /opt/hostedtoolcache/Python/3.13.7/x64
2025-10-06T20:44:23.4388772Z   PKG_CONFIG_PATH: /opt/hostedtoolcache/Python/3.13.7/x64/lib/pkgconfig
2025-10-06T20:44:23.4389156Z   Python_ROOT_DIR: /opt/hostedtoolcache/Python/3.13.7/x64
2025-10-06T20:44:23.4389501Z   Python2_ROOT_DIR: /opt/hostedtoolcache/Python/3.13.7/x64
2025-10-06T20:44:23.4389830Z   Python3_ROOT_DIR: /opt/hostedtoolcache/Python/3.13.7/x64
2025-10-06T20:44:23.4390163Z   LD_LIBRARY_PATH: /opt/hostedtoolcache/Python/3.13.7/x64/lib
2025-10-06T20:44:23.4390445Z ##[endgroup]
2025-10-06T20:44:23.7953535Z From https://github.com/Boss-1s/scratchattach
2025-10-06T20:44:23.7954418Z  * branch            scratch_chat_dev -> FETCH_HEAD
2025-10-06T20:44:23.8079797Z Already up to date.
2025-10-06T20:44:23.8129534Z Git working tree has uncommitted changes:
2025-10-06T20:44:23.8130079Z  M __pycache__/key_multivalue_storage.cpython-313.pyc
2025-10-06T20:44:23.8130471Z  M settings.json
2025-10-06T20:44:23.8130787Z These changes will be pushed to the scratch_chat_dev branch.#main
2025-10-06T20:44:23.8242289Z [scratch_chat_dev 65da0dd] [BOT] Update file from workflow
2025-10-06T20:44:23.8242755Z  2 files changed, 4 insertions(+), 11 deletions(-)
2025-10-06T20:44:24.5315761Z To https://github.com/Boss-1s/scratchattach
2025-10-06T20:44:24.5316700Z    a65c1b7..65da0dd  scratch_chat_dev -> scratch_chat_dev
2025-10-06T20:44:24.5413416Z Post job cleanup.
2025-10-06T20:44:24.6175309Z [command]/usr/bin/git version
2025-10-06T20:44:24.6210873Z git version 2.51.0
2025-10-06T20:44:24.6241269Z Copying '/home/runner/.gitconfig' to '/home/runner/work/_temp/bb97e815-6181-4a3a-af3f-a07075f65b2d/.gitconfig'
2025-10-06T20:44:24.6249969Z Temporarily overriding HOME='/home/runner/work/_temp/bb97e815-6181-4a3a-af3f-a07075f65b2d' before making global git config changes
2025-10-06T20:44:24.6250954Z Adding repository directory to the temporary git global config as a safe directory
2025-10-06T20:44:24.6256062Z [command]/usr/bin/git config --global --add safe.directory /home/runner/work/scratchattach/scratchattach
2025-10-06T20:44:24.6289546Z [command]/usr/bin/git config --local --name-only --get-regexp core\.sshCommand
2025-10-06T20:44:24.6321348Z [command]/usr/bin/git submodule foreach --recursive sh -c "git config --local --name-only --get-regexp 'core\.sshCommand' && git config --local --unset-all 'core.sshCommand' || :"
2025-10-06T20:44:24.6549302Z [command]/usr/bin/git config --local --name-only --get-regexp http\.https\:\/\/github\.com\/\.extraheader
2025-10-06T20:44:24.6573400Z http.https://github.com/.extraheader
2025-10-06T20:44:24.6583570Z [command]/usr/bin/git config --local --unset-all http.https://github.com/.extraheader
2025-10-06T20:44:24.6614456Z [command]/usr/bin/git submodule foreach --recursive sh -c "git config --local --name-only --get-regexp 'http\.https\:\/\/github\.com\/\.extraheader' && git config --local --unset-all 'http.https://github.com/.extraheader' || :"
2025-10-06T20:44:24.6944758Z Post job cleanup.
2025-10-06T20:44:24.8051976Z (node:2410) [DEP0040] DeprecationWarning: The `punycode` module is deprecated. Please use a userland alternative instead.
2025-10-06T20:44:24.8053150Z (Use `node --trace-deprecation ...` to show where the warning was created)
2025-10-06T20:44:24.8162273Z Post job cleanup.
2025-10-06T20:44:24.8959187Z [command]/usr/bin/git version
2025-10-06T20:44:24.8999148Z git version 2.51.0
2025-10-06T20:44:24.9030970Z Copying '/home/runner/.gitconfig' to '/home/runner/work/_temp/372ae3d0-cc4f-4416-b26e-8dbdb3e7898d/.gitconfig'
2025-10-06T20:44:24.9040300Z Temporarily overriding HOME='/home/runner/work/_temp/372ae3d0-cc4f-4416-b26e-8dbdb3e7898d' before making global git config changes
2025-10-06T20:44:24.9041902Z Adding repository directory to the temporary git global config as a safe directory
2025-10-06T20:44:24.9046661Z [command]/usr/bin/git config --global --add safe.directory /home/runner/work/scratchattach/scratchattach
2025-10-06T20:44:24.9081940Z [command]/usr/bin/git config --local --name-only --get-regexp core\.sshCommand
2025-10-06T20:44:24.9115226Z [command]/usr/bin/git submodule foreach --recursive sh -c "git config --local --name-only --get-regexp 'core\.sshCommand' && git config --local --unset-all 'core.sshCommand' || :"
2025-10-06T20:44:24.9355956Z [command]/usr/bin/git config --local --name-only --get-regexp http\.https\:\/\/github\.com\/\.extraheader
2025-10-06T20:44:24.9388694Z [command]/usr/bin/git submodule foreach --recursive sh -c "git config --local --name-only --get-regexp 'http\.https\:\/\/github\.com\/\.extraheader' && git config --local --unset-all 'http.https://github.com/.extraheader' || :"
2025-10-06T20:44:24.9750226Z Cleaning up orphan processes
