2025-09-08T01:45:10.3734488Z Current runner version: '2.328.0'
2025-09-08T01:45:10.3757896Z ##[group]Runner Image Provisioner
2025-09-08T01:45:10.3758615Z Hosted Compute Agent
2025-09-08T01:45:10.3759266Z Version: 20250829.383
2025-09-08T01:45:10.3759857Z Commit: 27cb235aab5b0e52e153a26cd86b4742e89dac5d
2025-09-08T01:45:10.3760514Z Build Date: 2025-08-29T13:48:48Z
2025-09-08T01:45:10.3761172Z ##[endgroup]
2025-09-08T01:45:10.3761659Z ##[group]Operating System
2025-09-08T01:45:10.3762200Z Ubuntu
2025-09-08T01:45:10.3762696Z 24.04.3
2025-09-08T01:45:10.3763152Z LTS
2025-09-08T01:45:10.3763756Z ##[endgroup]
2025-09-08T01:45:10.3764318Z ##[group]Runner Image
2025-09-08T01:45:10.3764845Z Image: ubuntu-24.04
2025-09-08T01:45:10.3765308Z Version: 20250831.1.0
2025-09-08T01:45:10.3766307Z Included Software: https://github.com/actions/runner-images/blob/ubuntu24/20250831.1/images/ubuntu/Ubuntu2404-Readme.md
2025-09-08T01:45:10.3767842Z Image Release: https://github.com/actions/runner-images/releases/tag/ubuntu24%2F20250831.1
2025-09-08T01:45:10.3768844Z ##[endgroup]
2025-09-08T01:45:10.3770064Z ##[group]GITHUB_TOKEN Permissions
2025-09-08T01:45:10.3771899Z Actions: read
2025-09-08T01:45:10.3772448Z Contents: read
2025-09-08T01:45:10.3772942Z Metadata: read
2025-09-08T01:45:10.3773523Z Packages: read
2025-09-08T01:45:10.3774162Z SecurityEvents: write
2025-09-08T01:45:10.3774689Z ##[endgroup]
2025-09-08T01:45:10.3776699Z Secret source: Actions
2025-09-08T01:45:10.3777413Z Prepare workflow directory
2025-09-08T01:45:10.4276589Z Prepare all required actions
2025-09-08T01:45:10.4314821Z Getting action download info
2025-09-08T01:45:10.7324065Z Download action repository 'actions/checkout@v4' (SHA:08eba0b27e820071cde6df949e0beb9ba4906955)
2025-09-08T01:45:10.9447219Z Download action repository 'github/codeql-action@v3' (SHA:f1f6e5f6af878fb37288ce1c627459e94dbf7d01)
2025-09-08T01:45:11.5528751Z Complete job name: Analyze (python)
2025-09-08T01:45:11.6153398Z ##[group]Run actions/checkout@v4
2025-09-08T01:45:11.6154556Z with:
2025-09-08T01:45:11.6155002Z   repository: Boss-1s/scratchattach
2025-09-08T01:45:11.6155720Z   token: ***
2025-09-08T01:45:11.6156129Z   ssh-strict: true
2025-09-08T01:45:11.6156548Z   ssh-user: git
2025-09-08T01:45:11.6156966Z   persist-credentials: true
2025-09-08T01:45:11.6157441Z   clean: true
2025-09-08T01:45:11.6157874Z   sparse-checkout-cone-mode: true
2025-09-08T01:45:11.6158384Z   fetch-depth: 1
2025-09-08T01:45:11.6158800Z   fetch-tags: false
2025-09-08T01:45:11.6159215Z   show-progress: true
2025-09-08T01:45:11.6159638Z   lfs: false
2025-09-08T01:45:11.6160040Z   submodules: false
2025-09-08T01:45:11.6160474Z   set-safe-directory: true
2025-09-08T01:45:11.6161185Z env:
2025-09-08T01:45:11.6161603Z   CODE_SCANNING_REF: refs/heads/main
2025-09-08T01:45:11.6162141Z   CODE_SCANNING_BASE_BRANCH: 
2025-09-08T01:45:11.6162686Z   CODE_SCANNING_IS_ANALYZING_DEFAULT_BRANCH: true
2025-09-08T01:45:11.6163366Z   CODE_SCANNING_IS_STEADY_STATE_DEFAULT_SETUP: true
2025-09-08T01:45:11.6174036Z   CODE_SCANNING_WORKFLOW_FILE: H4sIAAAAAAAA/6RV32/bNhB+919x8AakfZDzsD0JKFDFURJvhp1aCrqsKAiaOslcZFLlD6dql/99oEjX0hrPGZqn8Pjdx7v7Pp0F3WIM46ks8N18PFJWRD7089evUHGzsesJ7lCYCReNNXrCZIFEMyoEFxVRVhCHh6enkRQxFK2gW85GIxS7eAQwXV6mJJsmi8VscU1W6dWLibF0nP9muEiylFysksX05qVMa6qRrBUVbPMc4ywjySKZ3//pDpfpVXI3z//nC1wTKmjdfnGHAktqa/PfL2Z5mlzekyxP8vTbo1ma393GYJTF73LeL1e/X82X78nVbJ6+tK5HqR7KWj6SktedQqO/5Fo7WXy56P4F8HonPgSvHPeWGsU/T2oqKksrl/u6gyordOR0dqBSye1v2XLxKqCVFQLVa98yQINqy7XmUmj/DgBlpjuCQlqEGJPCoDDDYEPZA61wGNTIrOKmjbqWdQyPihsc7Um4sBhJEaFSUsVQ0lr7S20UNVi1+ypKyuuopNr0QRB63oMAuGC1LfAQAIhgP5F430vvFoC5d6RqYzj/BnwOt7a8LqKtLDAGIQUOLv0YYzj7MLZrK4yNampQm/HHsyOlNK3ZSHGykmdgP1SINtgEaaNgoukG2YO0BhQ2UnMjVRsorXZqhmGcs4B7u/t1NCCYCW44rfkXBL+SBune8ufO5Z/qyJOdc8HN290vAfjIzeYg2b537R37va1Hz02iBz2E++ACGxQFCtZGjLINF5VP8hOboNhxJcUWhYE3b+DMlx1tpDZYnPWJPllU3FU3HsNPcOlXRxdtQdu9u4PDS17F8HdPorBqIo3GNvFAO6mqYQDANVFH7svSMXx44QrxoyZdFjw9wcceqdkopKYbTt1Rhtu9lpkrCxolP7dQSgUKK66N6zeQ8CL216dF1oYqE3XgY1of6AlTWKBwRgrCa2QKjZ5cz/KbuwuySq9nWb6apRm5XS3/uO9LcvisjjhmaNhbVKVU2+BWv0U116c7Civ40E34xfR/bvu/m/vqyM0yy0Mf7pObdGOYSGs6wboTcebqtzEguF2uThI0Uh0nmCZkmq7y2dVsmuTpKSpGCUNleMndGjpKereaZ6eorKr1gWAo+GHH9ZTaB13SPwEAAP//ZjEj+9wIAAA=
2025-09-08T01:45:11.6185165Z ##[endgroup]
2025-09-08T01:45:11.7285381Z Syncing repository: Boss-1s/scratchattach
2025-09-08T01:45:11.7288384Z ##[group]Getting Git version info
2025-09-08T01:45:11.7289866Z Working directory is '/home/runner/work/scratchattach/scratchattach'
2025-09-08T01:45:11.7291917Z [command]/usr/bin/git version
2025-09-08T01:45:11.7350731Z git version 2.51.0
2025-09-08T01:45:11.7378190Z ##[endgroup]
2025-09-08T01:45:11.7394666Z Temporarily overriding HOME='/home/runner/work/_temp/19405955-16e9-4910-a02c-b3f8ea1a67f1' before making global git config changes
2025-09-08T01:45:11.7397416Z Adding repository directory to the temporary git global config as a safe directory
2025-09-08T01:45:11.7401872Z [command]/usr/bin/git config --global --add safe.directory /home/runner/work/scratchattach/scratchattach
2025-09-08T01:45:11.7442569Z Deleting the contents of '/home/runner/work/scratchattach/scratchattach'
2025-09-08T01:45:11.7446665Z ##[group]Initializing the repository
2025-09-08T01:45:11.7451538Z [command]/usr/bin/git init /home/runner/work/scratchattach/scratchattach
2025-09-08T01:45:11.7571638Z hint: Using 'master' as the name for the initial branch. This default branch name
2025-09-08T01:45:11.7573045Z hint: is subject to change. To configure the initial branch name to use in all
2025-09-08T01:45:11.7574348Z hint: of your new repositories, which will suppress this warning, call:
2025-09-08T01:45:11.7575606Z hint:
2025-09-08T01:45:11.7576154Z hint: 	git config --global init.defaultBranch <name>
2025-09-08T01:45:11.7577286Z hint:
2025-09-08T01:45:11.7578429Z hint: Names commonly chosen instead of 'master' are 'main', 'trunk' and
2025-09-08T01:45:11.7580292Z hint: 'development'. The just-created branch can be renamed via this command:
2025-09-08T01:45:11.7582143Z hint:
2025-09-08T01:45:11.7582991Z hint: 	git branch -m <name>
2025-09-08T01:45:11.7584041Z hint:
2025-09-08T01:45:11.7585197Z hint: Disable this message with "git config set advice.defaultBranchName false"
2025-09-08T01:45:11.7587370Z Initialized empty Git repository in /home/runner/work/scratchattach/scratchattach/.git/
2025-09-08T01:45:11.7590670Z [command]/usr/bin/git remote add origin https://github.com/Boss-1s/scratchattach
2025-09-08T01:45:11.7625750Z ##[endgroup]
2025-09-08T01:45:11.7627090Z ##[group]Disabling automatic garbage collection
2025-09-08T01:45:11.7630601Z [command]/usr/bin/git config --local gc.auto 0
2025-09-08T01:45:11.7659245Z ##[endgroup]
2025-09-08T01:45:11.7660655Z ##[group]Setting up auth
2025-09-08T01:45:11.7667018Z [command]/usr/bin/git config --local --name-only --get-regexp core\.sshCommand
2025-09-08T01:45:11.7698318Z [command]/usr/bin/git submodule foreach --recursive sh -c "git config --local --name-only --get-regexp 'core\.sshCommand' && git config --local --unset-all 'core.sshCommand' || :"
2025-09-08T01:45:11.8017019Z [command]/usr/bin/git config --local --name-only --get-regexp http\.https\:\/\/github\.com\/\.extraheader
2025-09-08T01:45:11.8046032Z [command]/usr/bin/git submodule foreach --recursive sh -c "git config --local --name-only --get-regexp 'http\.https\:\/\/github\.com\/\.extraheader' && git config --local --unset-all 'http.https://github.com/.extraheader' || :"
2025-09-08T01:45:11.8262605Z [command]/usr/bin/git config --local http.https://github.com/.extraheader AUTHORIZATION: basic ***
2025-09-08T01:45:11.8295633Z ##[endgroup]
2025-09-08T01:45:11.8296616Z ##[group]Fetching the repository
2025-09-08T01:45:11.8313154Z [command]/usr/bin/git -c protocol.version=2 fetch --no-tags --prune --no-recurse-submodules --depth=1 origin +2944fc5ea666bfbea78c33da630018bee31c5177:refs/remotes/origin/main
2025-09-08T01:45:12.2006086Z From https://github.com/Boss-1s/scratchattach
2025-09-08T01:45:12.2007463Z  * [new ref]         2944fc5ea666bfbea78c33da630018bee31c5177 -> origin/main
2025-09-08T01:45:12.2038720Z ##[endgroup]
2025-09-08T01:45:12.2040391Z ##[group]Determining the checkout info
2025-09-08T01:45:12.2042572Z ##[endgroup]
2025-09-08T01:45:12.2047164Z [command]/usr/bin/git sparse-checkout disable
2025-09-08T01:45:12.2095799Z [command]/usr/bin/git config --local --unset-all extensions.worktreeConfig
2025-09-08T01:45:12.2127155Z ##[group]Checking out the ref
2025-09-08T01:45:12.2130086Z [command]/usr/bin/git checkout --progress --force -B main refs/remotes/origin/main
2025-09-08T01:45:12.2940997Z Switched to a new branch 'main'
2025-09-08T01:45:12.2942589Z branch 'main' set up to track 'origin/main'.
2025-09-08T01:45:12.2958070Z ##[endgroup]
2025-09-08T01:45:12.2996279Z [command]/usr/bin/git log -1 --format=%H
2025-09-08T01:45:12.3018583Z 2944fc5ea666bfbea78c33da630018bee31c5177
2025-09-08T01:45:12.3380335Z ##[group]Run github/codeql-action/init@v3
2025-09-08T01:45:12.3381545Z with:
2025-09-08T01:45:12.3382332Z   languages: python
2025-09-08T01:45:12.3383192Z   build-mode: none
2025-09-08T01:45:12.3384252Z   dependency-caching: true
2025-09-08T01:45:12.3385687Z   config: default-setup:
  org:
    model-packs: [  ]
threat-models: [  ]

2025-09-08T01:45:12.3387342Z   analysis-kinds: code-scanning
2025-09-08T01:45:12.3388752Z   token: ***
2025-09-08T01:45:12.3390655Z   matrix: {
  "language": "python",
  "category": "/language:python",
  "build-mode": "none",
  "runner": "[\"ubuntu-latest\"]"
}
2025-09-08T01:45:12.3392831Z   debug: false
2025-09-08T01:45:12.3393751Z env:
2025-09-08T01:45:12.3394574Z   CODE_SCANNING_REF: refs/heads/main
2025-09-08T01:45:12.3395742Z   CODE_SCANNING_BASE_BRANCH: 
2025-09-08T01:45:12.3396937Z   CODE_SCANNING_IS_ANALYZING_DEFAULT_BRANCH: true
2025-09-08T01:45:12.3398390Z   CODE_SCANNING_IS_STEADY_STATE_DEFAULT_SETUP: true
2025-09-08T01:45:12.3425755Z   CODE_SCANNING_WORKFLOW_FILE: H4sIAAAAAAAA/6RV32/bNhB+919x8AakfZDzsD0JKFDFURJvhp1aCrqsKAiaOslcZFLlD6dql/99oEjX0hrPGZqn8Pjdx7v7Pp0F3WIM46ks8N18PFJWRD7089evUHGzsesJ7lCYCReNNXrCZIFEMyoEFxVRVhCHh6enkRQxFK2gW85GIxS7eAQwXV6mJJsmi8VscU1W6dWLibF0nP9muEiylFysksX05qVMa6qRrBUVbPMc4ywjySKZ3//pDpfpVXI3z//nC1wTKmjdfnGHAktqa/PfL2Z5mlzekyxP8vTbo1ma393GYJTF73LeL1e/X82X78nVbJ6+tK5HqR7KWj6SktedQqO/5Fo7WXy56P4F8HonPgSvHPeWGsU/T2oqKksrl/u6gyordOR0dqBSye1v2XLxKqCVFQLVa98yQINqy7XmUmj/DgBlpjuCQlqEGJPCoDDDYEPZA61wGNTIrOKmjbqWdQyPihsc7Um4sBhJEaFSUsVQ0lr7S20UNVi1+ypKyuuopNr0QRB63oMAuGC1LfAQAIhgP5F430vvFoC5d6RqYzj/BnwOt7a8LqKtLDAGIQUOLv0YYzj7MLZrK4yNampQm/HHsyOlNK3ZSHGykmdgP1SINtgEaaNgoukG2YO0BhQ2UnMjVRsorXZqhmGcs4B7u/t1NCCYCW44rfkXBL+SBune8ufO5Z/qyJOdc8HN290vAfjIzeYg2b537R37va1Hz02iBz2E++ACGxQFCtZGjLINF5VP8hOboNhxJcUWhYE3b+DMlx1tpDZYnPWJPllU3FU3HsNPcOlXRxdtQdu9u4PDS17F8HdPorBqIo3GNvFAO6mqYQDANVFH7svSMXx44QrxoyZdFjw9wcceqdkopKYbTt1Rhtu9lpkrCxolP7dQSgUKK66N6zeQ8CL216dF1oYqE3XgY1of6AlTWKBwRgrCa2QKjZ5cz/KbuwuySq9nWb6apRm5XS3/uO9LcvisjjhmaNhbVKVU2+BWv0U116c7Civ40E34xfR/bvu/m/vqyM0yy0Mf7pObdGOYSGs6wboTcebqtzEguF2uThI0Uh0nmCZkmq7y2dVsmuTpKSpGCUNleMndGjpKereaZ6eorKr1gWAo+GHH9ZTaB13SPwEAAP//ZjEj+9wIAAA=
2025-09-08T01:45:12.3452521Z ##[endgroup]
2025-09-08T01:45:12.4975800Z Job run UUID is 9daa2338-e109-4f8f-aca2-2452c0574b2d.
2025-09-08T01:45:13.3530183Z ##[group]Setup CodeQL tools
2025-09-08T01:45:13.3580925Z [command]/usr/bin/tar --version
2025-09-08T01:45:13.3609113Z tar (GNU tar) 1.35
2025-09-08T01:45:13.3609710Z Copyright (C) 2023 Free Software Foundation, Inc.
2025-09-08T01:45:13.3610715Z License GPLv3+: GNU GPL version 3 or later <https://gnu.org/licenses/gpl.html>.
2025-09-08T01:45:13.3611655Z This is free software: you are free to change and redistribute it.
2025-09-08T01:45:13.3612451Z There is NO WARRANTY, to the extent permitted by law.
2025-09-08T01:45:13.3612916Z 
2025-09-08T01:45:13.3613142Z Written by John Gilmore and Jay Fenlason.
2025-09-08T01:45:13.3618891Z Found gnu tar version 1.35.
2025-09-08T01:45:13.3842103Z Did not find CodeQL tools version 2.23.0 in the toolcache.
2025-09-08T01:45:13.3847401Z Using CodeQL CLI version 2.23.0 sourced from https://github.com/github/codeql-action/releases/download/codeql-bundle-v2.23.0/codeql-bundle-linux64.tar.zst .
2025-09-08T01:45:13.3854709Z Downloading CodeQL tools from https://github.com/github/codeql-action/releases/download/codeql-bundle-v2.23.0/codeql-bundle-linux64.tar.zst . This may take a while.
2025-09-08T01:45:13.3855884Z Streaming the extraction of the CodeQL bundle.
2025-09-08T01:45:13.4756633Z [command]tar -x --zstd --ignore-zeros --warning=no-unknown-keyword --overwrite -f - -C /opt/hostedtoolcache/CodeQL/2.23.0/x64
2025-09-08T01:45:17.4939316Z Finished downloading and extracting CodeQL bundle to /opt/hostedtoolcache/CodeQL/2.23.0/x64 (4.1s).
2025-09-08T01:45:17.4940414Z Created toolcache marker file /opt/hostedtoolcache/CodeQL/2.23.0/x64.complete
2025-09-08T01:45:18.1400280Z [command]/opt/hostedtoolcache/CodeQL/2.23.0/x64/codeql/codeql version --format=json
2025-09-08T01:45:18.7573258Z {
2025-09-08T01:45:18.7573996Z   "productName" : "CodeQL",
2025-09-08T01:45:18.7574418Z   "vendor" : "GitHub",
2025-09-08T01:45:18.7574742Z   "version" : "2.23.0",
2025-09-08T01:45:18.7575142Z   "sha" : "407f5b2b71c60a8014fac9861a292050cb059ce6",
2025-09-08T01:45:18.7575605Z   "branches" : [
2025-09-08T01:45:18.7575970Z     "codeql-cli-2.23.0"
2025-09-08T01:45:18.7576394Z   ],
2025-09-08T01:45:18.7576745Z   "copyright" : "Copyright (C) 2019-2025 GitHub, Inc.",
2025-09-08T01:45:18.7577371Z   "unpackedLocation" : "/opt/hostedtoolcache/CodeQL/2.23.0/x64/codeql",
2025-09-08T01:45:18.7578090Z   "configFileLocation" : "/home/runner/.config/codeql/config",
2025-09-08T01:45:18.7578660Z   "configFileFound" : false,
2025-09-08T01:45:18.7579043Z   "overlayVersion" : 4,
2025-09-08T01:45:18.7579421Z   "features" : {
2025-09-08T01:45:18.7579753Z     "analysisSummaryV2Default" : true,
2025-09-08T01:45:18.7580175Z     "buildModeOption" : true,
2025-09-08T01:45:18.7580597Z     "bundleSupportsIncludeDiagnostics" : true,
2025-09-08T01:45:18.7581082Z     "bundleSupportsIncludeLogs" : true,
2025-09-08T01:45:18.7581669Z     "databaseInterpretResultsSupportsSarifRunProperty" : true,
2025-09-08T01:45:18.7582262Z     "featuresInVersionResult" : true,
2025-09-08T01:45:18.7582754Z     "indirectTracingSupportsStaticBinaries" : false,
2025-09-08T01:45:18.7583306Z     "informsAboutUnsupportedPathFilters" : true,
2025-09-08T01:45:18.7584000Z     "supportsPython312" : true,
2025-09-08T01:45:18.7584419Z     "mrvaPackCreate" : true,
2025-09-08T01:45:18.7584826Z     "threatModelOption" : true,
2025-09-08T01:45:18.7585287Z     "traceCommandUseBuildMode" : true,
2025-09-08T01:45:18.7585691Z     "v2ramSizing" : true,
2025-09-08T01:45:18.7586070Z     "mrvaPackCreateMultipleQueries" : true,
2025-09-08T01:45:18.7586514Z     "setsCodeqlRunnerEnvVar" : true,
2025-09-08T01:45:18.7586960Z     "sarifMergeRunsFromEqualCategory" : true,
2025-09-08T01:45:18.7587394Z     "forceOverwrite" : true,
2025-09-08T01:45:18.7587778Z     "generateSummarySymbolMap" : true,
2025-09-08T01:45:18.7588245Z     "pythonDefaultIsToNotExtractStdlib" : true,
2025-09-08T01:45:18.7588554Z     "queryServerRunQueries" : true,
2025-09-08T01:45:18.7588818Z     "queryServerTrimCacheWithMode" : true,
2025-09-08T01:45:18.7652816Z     "resolveLanguagesFilterToLanguagesWithQueries" : true
2025-09-08T01:45:18.7653459Z   }
2025-09-08T01:45:18.7654234Z }
2025-09-08T01:45:18.7710141Z ##[endgroup]
2025-09-08T01:45:18.7710519Z ##[group]Validating workflow
2025-09-08T01:45:18.7752431Z Detected no issues with the code scanning workflow.
2025-09-08T01:45:18.7753049Z ##[endgroup]
2025-09-08T01:45:18.7756247Z ##[group]Load language configuration
2025-09-08T01:45:18.7766257Z [command]/opt/hostedtoolcache/CodeQL/2.23.0/x64/codeql/codeql resolve languages --format=betterjson --extractor-options-verbosity=4 --extractor-include-aliases
2025-09-08T01:45:19.6539356Z {
2025-09-08T01:45:19.6545634Z   "aliases" : {
2025-09-08T01:45:19.6574130Z     "c" : "cpp",
2025-09-08T01:45:19.6574814Z     "c++" : "cpp",
2025-09-08T01:45:19.6575396Z     "c-c++" : "cpp",
2025-09-08T01:45:19.6576077Z     "c-cpp" : "cpp",
2025-09-08T01:45:19.6576643Z     "c#" : "csharp",
2025-09-08T01:45:19.6577209Z     "java-kotlin" : "java",
2025-09-08T01:45:19.6577801Z     "kotlin" : "java",
2025-09-08T01:45:19.6578389Z     "javascript-typescript" : "javascript",
2025-09-08T01:45:19.6579569Z     "typescript" : "javascript"
2025-09-08T01:45:19.6580154Z   },
2025-09-08T01:45:19.6580722Z   "extractors" : {
2025-09-08T01:45:19.6581386Z     "xml" : [
2025-09-08T01:45:19.6581893Z       {
2025-09-08T01:45:19.6582579Z         "extractor_root" : "/opt/hostedtoolcache/CodeQL/2.23.0/x64/codeql/xml"
2025-09-08T01:45:19.6583435Z       }
2025-09-08T01:45:19.6584123Z     ],
2025-09-08T01:45:19.6588558Z     "python" : [
2025-09-08T01:45:19.6590761Z       {
2025-09-08T01:45:19.6591274Z         "extractor_root" : "/opt/hostedtoolcache/CodeQL/2.23.0/x64/codeql/python",
2025-09-08T01:45:19.6591931Z         "extractor_options" : {
2025-09-08T01:45:19.6592604Z           "logging" : {
2025-09-08T01:45:19.6593044Z             "title" : "Options pertaining to logging.",
2025-09-08T01:45:19.6593794Z             "description" : "Options pertaining to logging.",
2025-09-08T01:45:19.6594321Z             "type" : "object",
2025-09-08T01:45:19.6594707Z             "properties" : {
2025-09-08T01:45:19.6595119Z               "verbosity" : {
2025-09-08T01:45:19.6595602Z                 "title" : "Python extractor logging verbosity level.",
2025-09-08T01:45:19.6597285Z                 "description" : "Controls the level of verbosity of the CodeQL Python extractor.\nThe supported levels are (in order of increasing verbosity):\n\n  - off\n  - errors\n  - warnings\n  - info or progress\n  - debug or progress+\n  - trace or progress++\n  - progress+++\n",
2025-09-08T01:45:19.6598914Z                 "type" : "string",
2025-09-08T01:45:19.6599704Z                 "pattern" : "^(off|errors|warnings|(info|progress)|(debug|progress\\+)|(trace|progress\\+\\+)|progress\\+\\+\\+)$"
2025-09-08T01:45:19.6600488Z               }
2025-09-08T01:45:19.6600790Z             }
2025-09-08T01:45:19.6601064Z           },
2025-09-08T01:45:19.6601387Z           "python_executable_name" : {
2025-09-08T01:45:19.6602023Z             "title" : "Controls the name of the Python executable used by the Python extractor.",
2025-09-08T01:45:19.6604537Z             "description" : "The Python extractor uses platform-dependent heuristics to determine the name of the Python executable to use. Specifying a value for this option overrides the name of the Python executable used by the extractor. Accepted values are py, python and python3. Use this setting with caution, the Python extractor requires Python 3 to run.\n",
2025-09-08T01:45:19.6606675Z             "type" : "string",
2025-09-08T01:45:19.6607084Z             "pattern" : "^(py|python|python3)$"
2025-09-08T01:45:19.6607522Z           }
2025-09-08T01:45:19.6607786Z         }
2025-09-08T01:45:19.6608046Z       }
2025-09-08T01:45:19.6608298Z     ],
2025-09-08T01:45:19.6608589Z     "properties" : [
2025-09-08T01:45:19.6608896Z       {
2025-09-08T01:45:19.6609395Z         "extractor_root" : "/opt/hostedtoolcache/CodeQL/2.23.0/x64/codeql/properties"
2025-09-08T01:45:19.6609997Z       }
2025-09-08T01:45:19.6610264Z     ],
2025-09-08T01:45:19.6610529Z     "javascript" : [
2025-09-08T01:45:19.6610834Z       {
2025-09-08T01:45:19.6611309Z         "extractor_root" : "/opt/hostedtoolcache/CodeQL/2.23.0/x64/codeql/javascript",
2025-09-08T01:45:19.6611929Z         "extractor_options" : {
2025-09-08T01:45:19.6612284Z           "trap" : {
2025-09-08T01:45:19.6612615Z             "title" : "TRAP options",
2025-09-08T01:45:19.6613186Z             "description" : "Options about how the extractor handles TRAP files",
2025-09-08T01:45:19.6613984Z             "type" : "object",
2025-09-08T01:45:19.6614372Z             "visibility" : 3,
2025-09-08T01:45:19.6614738Z             "properties" : {
2025-09-08T01:45:19.6615102Z               "cache" : {
2025-09-08T01:45:19.6615494Z                 "title" : "TRAP cache options",
2025-09-08T01:45:19.6616124Z                 "description" : "Options about how the extractor handles its TRAP cache",
2025-09-08T01:45:19.6616762Z                 "type" : "object",
2025-09-08T01:45:19.6617162Z                 "properties" : {
2025-09-08T01:45:19.6617555Z                   "dir" : {
2025-09-08T01:45:19.6618258Z                     "title" : "TRAP cache directory",
2025-09-08T01:45:19.6618878Z                     "description" : "The directory of the TRAP cache to use",
2025-09-08T01:45:19.6619436Z                     "type" : "string"
2025-09-08T01:45:19.6619814Z                   },
2025-09-08T01:45:19.6620141Z                   "bound" : {
2025-09-08T01:45:19.6620530Z                     "title" : "TRAP cache bound",
2025-09-08T01:45:19.6621134Z                     "description" : "A soft limit (in MB) on the size of the TRAP cache",
2025-09-08T01:45:19.6621690Z                     "type" : "string",
2025-09-08T01:45:19.6622257Z                     "pattern" : "[0-9]+"
2025-09-08T01:45:19.6622654Z                   },
2025-09-08T01:45:19.6622956Z                   "write" : {
2025-09-08T01:45:19.6623340Z                     "title" : "TRAP cache writeable",
2025-09-08T01:45:19.6624145Z                     "description" : "Whether to write to the TRAP cache as well as reading it",
2025-09-08T01:45:19.6624758Z                     "type" : "string",
2025-09-08T01:45:19.6625194Z                     "pattern" : "(true|TRUE|false|FALSE)"
2025-09-08T01:45:19.6625631Z                   }
2025-09-08T01:45:19.6625914Z                 }
2025-09-08T01:45:19.6626179Z               }
2025-09-08T01:45:19.6626446Z             }
2025-09-08T01:45:19.6626701Z           },
2025-09-08T01:45:19.6626987Z           "skip_types" : {
2025-09-08T01:45:19.6627390Z             "title" : "Skip type extraction for TypeScript",
2025-09-08T01:45:19.6628102Z             "description" : "Whether to skip the extraction of types in a TypeScript application",
2025-09-08T01:45:19.6628766Z             "type" : "string",
2025-09-08T01:45:19.6629152Z             "pattern" : "^(false|true)$"
2025-09-08T01:45:19.6629542Z           }
2025-09-08T01:45:19.6629812Z         }
2025-09-08T01:45:19.6630076Z       }
2025-09-08T01:45:19.6630325Z     ],
2025-09-08T01:45:19.6630595Z     "csharp" : [
2025-09-08T01:45:19.6630883Z       {
2025-09-08T01:45:19.6631358Z         "extractor_root" : "/opt/hostedtoolcache/CodeQL/2.23.0/x64/codeql/csharp",
2025-09-08T01:45:19.6631963Z         "extractor_options" : {
2025-09-08T01:45:19.6632333Z           "trap" : {
2025-09-08T01:45:19.6632689Z             "title" : "Options pertaining to TRAP.",
2025-09-08T01:45:19.6633209Z             "description" : "Options pertaining to TRAP.",
2025-09-08T01:45:19.6633862Z             "type" : "object",
2025-09-08T01:45:19.6634221Z             "properties" : {
2025-09-08T01:45:19.6634582Z               "compression" : {
2025-09-08T01:45:19.6635141Z                 "title" : "Controls compression for the TRAP files written by the extractor.",
2025-09-08T01:45:19.6636633Z                 "description" : "This option is only intended for use in debugging the extractor. Accepted values are 'brotli' (the default, to write brotli-compressed TRAP), 'gzip', and 'none' (to write uncompressed TRAP).\n",
2025-09-08T01:45:19.6637915Z                 "type" : "string",
2025-09-08T01:45:19.6638333Z                 "pattern" : "^(none|gzip|brotli)$"
2025-09-08T01:45:19.6638718Z               }
2025-09-08T01:45:19.6638995Z             }
2025-09-08T01:45:19.6639262Z           },
2025-09-08T01:45:19.6639529Z           "buildless" : {
2025-09-08T01:45:19.6640052Z             "title" : "DEPRECATED - Whether to use buildless (standalone) extraction.",
2025-09-08T01:45:19.6642963Z             "description" : "DEPRECATED: Use `--build-mode none` instead.\nA value indicating, which type of extraction the autobuilder should perform. If 'true', then the standalone extractor will be used, otherwise tracing extraction will be performed. The default is 'false'. Note that buildless extraction will generally yield less accurate analysis results, and should only be used in cases where it is not possible to build the code (for example if it uses inaccessible dependencies).\n",
2025-09-08T01:45:19.6645776Z             "type" : "string",
2025-09-08T01:45:19.6646160Z             "pattern" : "^(false|true)$"
2025-09-08T01:45:19.6646760Z           },
2025-09-08T01:45:19.6647045Z           "logging" : {
2025-09-08T01:45:19.6647411Z             "title" : "Options pertaining to logging.",
2025-09-08T01:45:19.6647940Z             "description" : "Options pertaining to logging.",
2025-09-08T01:45:19.6648412Z             "type" : "object",
2025-09-08T01:45:19.6648778Z             "properties" : {
2025-09-08T01:45:19.6649133Z               "verbosity" : {
2025-09-08T01:45:19.6649531Z                 "title" : "Extractor logging verbosity level.",
2025-09-08T01:45:19.6651171Z                 "description" : "Controls the level of verbosity of the extractor. The supported levels are (in order of increasing verbosity):\n  - off\n  - errors\n  - warnings\n  - info or progress\n  - debug or progress+\n  - trace or progress++\n  - progress+++\n",
2025-09-08T01:45:19.6652601Z                 "type" : "string",
2025-09-08T01:45:19.6653310Z                 "pattern" : "^(off|errors|warnings|(info|progress)|(debug|progress\\+)|(trace|progress\\+\\+)|progress\\+\\+\\+)$"
2025-09-08T01:45:19.6654236Z               }
2025-09-08T01:45:19.6654520Z             }
2025-09-08T01:45:19.6654796Z           },
2025-09-08T01:45:19.6655073Z           "binlog" : {
2025-09-08T01:45:19.6655405Z             "title" : "Binlog",
2025-09-08T01:45:19.6656501Z             "description" : "[EXPERIMENTAL] The value is a path to the MsBuild binary log file that should be extracted. This option only works when `--build-mode none` is also specified.\n",
2025-09-08T01:45:19.6657657Z             "type" : "array"
2025-09-08T01:45:19.6657989Z           }
2025-09-08T01:45:19.6658258Z         }
2025-09-08T01:45:19.6658512Z       }
2025-09-08T01:45:19.6658783Z     ],
2025-09-08T01:45:19.6659051Z     "rust" : [
2025-09-08T01:45:19.6659330Z       {
2025-09-08T01:45:19.6659789Z         "extractor_root" : "/opt/hostedtoolcache/CodeQL/2.23.0/x64/codeql/rust",
2025-09-08T01:45:19.6660382Z         "extractor_options" : {
2025-09-08T01:45:19.6660731Z           "trap" : {
2025-09-08T01:45:19.6661102Z             "title" : "Options pertaining to TRAP.",
2025-09-08T01:45:19.6661627Z             "description" : "Options pertaining to TRAP.",
2025-09-08T01:45:19.6662099Z             "type" : "object",
2025-09-08T01:45:19.6662459Z             "properties" : {
2025-09-08T01:45:19.6662811Z               "compression" : {
2025-09-08T01:45:19.6663383Z                 "title" : "Controls compression for the TRAP files written by the extractor.",
2025-09-08T01:45:19.6665279Z                 "description" : "This option is only intended for use in debugging the extractor. Accepted values are 'gzip' (to write gzip-compressed TRAP) 'zstd' (to write Zstandard-compressed TRAP) and 'none' (the default, to write uncompressed TRAP).\n",
2025-09-08T01:45:19.6666727Z                 "type" : "string",
2025-09-08T01:45:19.6667116Z                 "pattern" : "^(none|gzip|zstd)$"
2025-09-08T01:45:19.6667495Z               }
2025-09-08T01:45:19.6667750Z             }
2025-09-08T01:45:19.6667998Z           },
2025-09-08T01:45:19.6668292Z           "cargo_target_dir" : {
2025-09-08T01:45:19.6668736Z             "title" : "Directory to use for cargo output files.",
2025-09-08T01:45:19.6670466Z             "description" : "This value is an optional path to use as `CARGO_TARGET_DIR` for the internal cargo commands the extractor uses. Pointing it to a persistent directory may reduce execution time of consecutive extractor runs. By default, a new scratch directory is used for each run.\n",
2025-09-08T01:45:19.6672044Z             "type" : "string"
2025-09-08T01:45:19.6672356Z           },
2025-09-08T01:45:19.6672622Z           "cargo_target" : {
2025-09-08T01:45:19.6672977Z             "title" : "Target architecture",
2025-09-08T01:45:19.6674028Z             "description" : "Target architecture to use for analysis, analogous to `cargo --target`. By default the host architecture is used.\n",
2025-09-08T01:45:19.6674910Z             "type" : "string"
2025-09-08T01:45:19.6675244Z           },
2025-09-08T01:45:19.6675524Z           "cargo_features" : {
2025-09-08T01:45:19.6676116Z             "title" : "Cargo features to turn on",
2025-09-08T01:45:19.6677790Z             "description" : "Comma-separated list of features to turn on. By default all features are enabled. If any features are specified, then only those features are enabled. The `default` feature must be explicitly specified if only default features are desired. Can be repeated.\n",
2025-09-08T01:45:19.6679406Z             "type" : "array"
2025-09-08T01:45:19.6679739Z           },
2025-09-08T01:45:19.6680033Z           "cargo_cfg_overrides" : {
2025-09-08T01:45:19.6680434Z             "title" : "Cargo cfg overrides",
2025-09-08T01:45:19.6681446Z             "description" : "Comma-separated list of cfg settings to enable, or disable if prefixed with `-`. Can be repeated.\n",
2025-09-08T01:45:19.6682266Z             "type" : "array"
2025-09-08T01:45:19.6682599Z           },
2025-09-08T01:45:19.6682866Z           "logging" : {
2025-09-08T01:45:19.6683207Z             "title" : "Options pertaining to logging.",
2025-09-08T01:45:19.6683876Z             "description" : "Options pertaining to logging.",
2025-09-08T01:45:19.6684311Z             "type" : "object",
2025-09-08T01:45:19.6684637Z             "properties" : {
2025-09-08T01:45:19.6684946Z               "verbosity" : {
2025-09-08T01:45:19.6685356Z                 "title" : "Extractor logging verbosity level.",
2025-09-08T01:45:19.6686854Z                 "description" : "Controls the level of verbosity of the extractor. The supported levels are (in order of increasing verbosity):\n  - off\n  - errors\n  - warnings\n  - info or progress\n  - debug or progress+\n  - trace or progress++\n  - progress+++\n",
2025-09-08T01:45:19.6688295Z                 "type" : "string",
2025-09-08T01:45:19.6689062Z                 "pattern" : "^(off|errors|warnings|(info|progress)|(debug|progress\\+)|(trace|progress\\+\\+)|progress\\+\\+\\+)$"
2025-09-08T01:45:19.6689801Z               },
2025-09-08T01:45:19.6690095Z               "flamegraph" : {
2025-09-08T01:45:19.6690582Z                 "title" : "[Experimental] File path for write flame graph log",
2025-09-08T01:45:19.6691978Z                 "description" : "Collect flame graph data using the `tracing-flame` crate. To render a flame graph or chart, run the `inferno-flamegraph` command. See also: https://crates.io/crates/tracing-flame\n",
2025-09-08T01:45:19.6693238Z                 "type" : "string"
2025-09-08T01:45:19.6693744Z               }
2025-09-08T01:45:19.6694025Z             }
2025-09-08T01:45:19.6694289Z           },
2025-09-08T01:45:19.6694631Z           "extract_dependencies_as_source" : {
2025-09-08T01:45:19.6695131Z             "title" : "Extract dependencies as source code",
2025-09-08T01:45:19.6695943Z             "description" : "Extract the full source code of dependencies instead of only extracting signatures.\n",
2025-09-08T01:45:19.6696703Z             "type" : "string",
2025-09-08T01:45:19.6697071Z             "pattern" : "^(false|true)$"
2025-09-08T01:45:19.6697440Z           }
2025-09-08T01:45:19.6697682Z         }
2025-09-08T01:45:19.6697915Z       }
2025-09-08T01:45:19.6698165Z     ],
2025-09-08T01:45:19.6698408Z     "ruby" : [
2025-09-08T01:45:19.6698676Z       {
2025-09-08T01:45:19.6699110Z         "extractor_root" : "/opt/hostedtoolcache/CodeQL/2.23.0/x64/codeql/ruby",
2025-09-08T01:45:19.6699707Z         "extractor_options" : {
2025-09-08T01:45:19.6700064Z           "trap" : {
2025-09-08T01:45:19.6700428Z             "title" : "Options pertaining to TRAP.",
2025-09-08T01:45:19.6700936Z             "description" : "Options pertaining to TRAP.",
2025-09-08T01:45:19.6701411Z             "type" : "object",
2025-09-08T01:45:19.6701786Z             "properties" : {
2025-09-08T01:45:19.6702143Z               "compression" : {
2025-09-08T01:45:19.6702720Z                 "title" : "Controls compression for the TRAP files written by the extractor.",
2025-09-08T01:45:19.6704562Z                 "description" : "This option is only intended for use in debugging the extractor. Accepted values are 'gzip' (the default, to write gzip-compressed TRAP) 'zstd' (to write Zstandard-compressed TRAP) and 'none' (to write uncompressed TRAP).\n",
2025-09-08T01:45:19.6706253Z                 "type" : "string",
2025-09-08T01:45:19.6706668Z                 "pattern" : "^(none|gzip|zstd)$"
2025-09-08T01:45:19.6707125Z               }
2025-09-08T01:45:19.6707455Z             }
2025-09-08T01:45:19.6707769Z           }
2025-09-08T01:45:19.6708082Z         }
2025-09-08T01:45:19.6708385Z       }
2025-09-08T01:45:19.6708684Z     ],
2025-09-08T01:45:19.6708971Z     "go" : [
2025-09-08T01:45:19.6709291Z       {
2025-09-08T01:45:19.6709976Z         "extractor_root" : "/opt/hostedtoolcache/CodeQL/2.23.0/x64/codeql/go",
2025-09-08T01:45:19.6710557Z         "extractor_options" : {
2025-09-08T01:45:19.6710928Z           "extract_tests" : {
2025-09-08T01:45:19.6711439Z             "title" : "Whether to include Go test files in the CodeQL database.",
2025-09-08T01:45:19.6712489Z             "description" : "A value indicating whether Go test files should be included in the CodeQL database. The default is 'false'.\n",
2025-09-08T01:45:19.6713379Z             "type" : "string",
2025-09-08T01:45:19.6713966Z             "pattern" : "^(false|true)$"
2025-09-08T01:45:19.6714360Z           },
2025-09-08T01:45:19.6714645Z           "extract_vendor_dirs" : {
2025-09-08T01:45:19.6715225Z             "title" : "Whether to include Go vendor directories in the CodeQL database.",
2025-09-08T01:45:19.6716347Z             "description" : "A value indicating whether Go vendor directories should be included in the CodeQL database. The default is 'false'.\n",
2025-09-08T01:45:19.6717284Z             "type" : "string",
2025-09-08T01:45:19.6717656Z             "pattern" : "^(false|true)$"
2025-09-08T01:45:19.6718058Z           }
2025-09-08T01:45:19.6718324Z         }
2025-09-08T01:45:19.6718583Z       }
2025-09-08T01:45:19.6718839Z     ],
2025-09-08T01:45:19.6719097Z     "cpp" : [
2025-09-08T01:45:19.6719373Z       {
2025-09-08T01:45:19.6719833Z         "extractor_root" : "/opt/hostedtoolcache/CodeQL/2.23.0/x64/codeql/cpp",
2025-09-08T01:45:19.6720439Z         "extractor_options" : {
2025-09-08T01:45:19.6720804Z           "trap" : {
2025-09-08T01:45:19.6721143Z             "title" : "TRAP options",
2025-09-08T01:45:19.6721717Z             "description" : "Options about how the extractor handles TRAP files",
2025-09-08T01:45:19.6722284Z             "type" : "object",
2025-09-08T01:45:19.6722634Z             "visibility" : 3,
2025-09-08T01:45:19.6723006Z             "properties" : {
2025-09-08T01:45:19.6723364Z               "cache" : {
2025-09-08T01:45:19.6723902Z                 "title" : "TRAP cache options",
2025-09-08T01:45:19.6724543Z                 "description" : "Options about how the extractor handles its TRAP cache",
2025-09-08T01:45:19.6725118Z                 "type" : "object",
2025-09-08T01:45:19.6725496Z                 "properties" : {
2025-09-08T01:45:19.6725845Z                   "dir" : {
2025-09-08T01:45:19.6726204Z                     "title" : "TRAP cache directory",
2025-09-08T01:45:19.6726738Z                     "description" : "The directory of the TRAP cache to use",
2025-09-08T01:45:19.6727258Z                     "type" : "string"
2025-09-08T01:45:19.6727610Z                   },
2025-09-08T01:45:19.6727903Z                   "bound" : {
2025-09-08T01:45:19.6728315Z                     "title" : "TRAP cache bound",
2025-09-08T01:45:19.6728734Z                     "description" : "A soft limit (in MB) on the size of the TRAP cache",
2025-09-08T01:45:19.6729060Z                     "type" : "string",
2025-09-08T01:45:19.6729286Z                     "pattern" : "[0-9]+"
2025-09-08T01:45:19.6729514Z                   },
2025-09-08T01:45:19.6729686Z                   "write" : {
2025-09-08T01:45:19.6729903Z                     "title" : "TRAP cache writeable",
2025-09-08T01:45:19.6730258Z                     "description" : "Whether to write to the TRAP cache as well as reading it",
2025-09-08T01:45:19.6730595Z                     "type" : "string",
2025-09-08T01:45:19.6731019Z                     "pattern" : "(true|TRUE|false|FALSE)"
2025-09-08T01:45:19.6731250Z                   }
2025-09-08T01:45:19.6731412Z                 }
2025-09-08T01:45:19.6731565Z               }
2025-09-08T01:45:19.6731719Z             }
2025-09-08T01:45:19.6731866Z           },
2025-09-08T01:45:19.6732031Z           "scale_timeouts" : {
2025-09-08T01:45:19.6732304Z             "title" : "Value to scale compiler introspection timeouts with",
2025-09-08T01:45:19.6733943Z             "description" : "The extractor attempts to determine what compiler the source code being extracted is compiled with. To this end the extractor makes additional calls to the compiler, some of which are expected to return within a certain fixed time (either 10s or 15s). On some systems that are under high load this time might be too short, and can be scaled up using this option.\n",
2025-09-08T01:45:19.6735179Z             "type" : "string",
2025-09-08T01:45:19.6735399Z             "pattern" : "[0-9]+"
2025-09-08T01:45:19.6735610Z           },
2025-09-08T01:45:19.6735771Z           "log_verbosity" : {
2025-09-08T01:45:19.6736012Z             "title" : "Verbosity of the extractor logging",
2025-09-08T01:45:19.6736555Z             "description" : "Set the verbosity of the extractor logging to 'quiet' (0), 'normal' (1), 'chatty' (2), or 'noisy' (3). The default is 'normal'.\n",
2025-09-08T01:45:19.6737045Z             "type" : "string",
2025-09-08T01:45:19.6737255Z             "pattern" : "[0-3]"
2025-09-08T01:45:19.6737444Z           },
2025-09-08T01:45:19.6737619Z           "frontend_options" : {
2025-09-08T01:45:19.6737867Z             "title" : "C/C++ extractor frontend options",
2025-09-08T01:45:19.6738302Z             "description" : "Set additional options that should be passed to the C/C++ extractor frontend.\n",
2025-09-08T01:45:19.6738715Z             "type" : "array",
2025-09-08T01:45:19.6738919Z             "visibility" : 3
2025-09-08T01:45:19.6739115Z           }
2025-09-08T01:45:19.6739265Z         }
2025-09-08T01:45:19.6739412Z       }
2025-09-08T01:45:19.6739550Z     ],
2025-09-08T01:45:19.6739695Z     "yaml" : [
2025-09-08T01:45:19.6739844Z       {
2025-09-08T01:45:19.6740091Z         "extractor_root" : "/opt/hostedtoolcache/CodeQL/2.23.0/x64/codeql/yaml"
2025-09-08T01:45:19.6740395Z       }
2025-09-08T01:45:19.6740534Z     ],
2025-09-08T01:45:19.6740671Z     "html" : [
2025-09-08T01:45:19.6740829Z       {
2025-09-08T01:45:19.6741065Z         "extractor_root" : "/opt/hostedtoolcache/CodeQL/2.23.0/x64/codeql/html"
2025-09-08T01:45:19.6741363Z       }
2025-09-08T01:45:19.6741503Z     ],
2025-09-08T01:45:19.6741641Z     "swift" : [
2025-09-08T01:45:19.6741800Z       {
2025-09-08T01:45:19.6742033Z         "extractor_root" : "/opt/hostedtoolcache/CodeQL/2.23.0/x64/codeql/swift"
2025-09-08T01:45:19.6742337Z       }
2025-09-08T01:45:19.6742473Z     ],
2025-09-08T01:45:19.6742617Z     "csv" : [
2025-09-08T01:45:19.6742763Z       {
2025-09-08T01:45:19.6742996Z         "extractor_root" : "/opt/hostedtoolcache/CodeQL/2.23.0/x64/codeql/csv"
2025-09-08T01:45:19.6743297Z       }
2025-09-08T01:45:19.6743438Z     ],
2025-09-08T01:45:19.6743947Z     "actions" : [
2025-09-08T01:45:19.6744140Z       {
2025-09-08T01:45:19.6744409Z         "extractor_root" : "/opt/hostedtoolcache/CodeQL/2.23.0/x64/codeql/actions",
2025-09-08T01:45:19.6744745Z         "extractor_options" : {
2025-09-08T01:45:19.6744955Z           "trap" : {
2025-09-08T01:45:19.6745144Z             "title" : "TRAP options",
2025-09-08T01:45:19.6745462Z             "description" : "Options about how the extractor handles TRAP files",
2025-09-08T01:45:19.6745780Z             "type" : "object",
2025-09-08T01:45:19.6745991Z             "visibility" : 3,
2025-09-08T01:45:19.6746191Z             "properties" : {
2025-09-08T01:45:19.6746393Z               "cache" : {
2025-09-08T01:45:19.6746600Z                 "title" : "TRAP cache options",
2025-09-08T01:45:19.6746936Z                 "description" : "Options about how the extractor handles its TRAP cache",
2025-09-08T01:45:19.6747428Z                 "type" : "object",
2025-09-08T01:45:19.6747639Z                 "properties" : {
2025-09-08T01:45:19.6747840Z                   "dir" : {
2025-09-08T01:45:19.6748053Z                     "title" : "TRAP cache directory",
2025-09-08T01:45:19.6748359Z                     "description" : "The directory of the TRAP cache to use",
2025-09-08T01:45:19.6748648Z                     "type" : "string"
2025-09-08T01:45:19.6748866Z                   },
2025-09-08T01:45:19.6749042Z                   "bound" : {
2025-09-08T01:45:19.6749252Z                     "title" : "TRAP cache bound",
2025-09-08T01:45:19.6749684Z                     "description" : "A soft limit (in MB) on the size of the TRAP cache",
2025-09-08T01:45:19.6750000Z                     "type" : "string",
2025-09-08T01:45:19.6750240Z                     "pattern" : "[0-9]+"
2025-09-08T01:45:19.6750455Z                   },
2025-09-08T01:45:19.6750631Z                   "write" : {
2025-09-08T01:45:19.6750850Z                     "title" : "TRAP cache writeable",
2025-09-08T01:45:19.6751203Z                     "description" : "Whether to write to the TRAP cache as well as reading it",
2025-09-08T01:45:19.6751539Z                     "type" : "string",
2025-09-08T01:45:19.6751778Z                     "pattern" : "(true|TRUE|false|FALSE)"
2025-09-08T01:45:19.6752016Z                   }
2025-09-08T01:45:19.6752171Z                 }
2025-09-08T01:45:19.6752328Z               }
2025-09-08T01:45:19.6752476Z             }
2025-09-08T01:45:19.6752627Z           }
2025-09-08T01:45:19.6752768Z         }
2025-09-08T01:45:19.6752913Z       }
2025-09-08T01:45:19.6753057Z     ],
2025-09-08T01:45:19.6753203Z     "java" : [
2025-09-08T01:45:19.6753353Z       {
2025-09-08T01:45:19.6753795Z         "extractor_root" : "/opt/hostedtoolcache/CodeQL/2.23.0/x64/codeql/java",
2025-09-08T01:45:19.6754129Z         "extractor_options" : {
2025-09-08T01:45:19.6754339Z           "exclude" : {
2025-09-08T01:45:19.6754574Z             "title" : "A glob excluding files from analysis.",
2025-09-08T01:45:19.6755216Z             "description" : "A glob indicating what files to exclude from the analysis. This accepts glob patterns that are supported by Java's 'getPathMatcher' implementation.\n",
2025-09-08T01:45:19.6755818Z             "type" : "string"
2025-09-08T01:45:19.6756005Z           },
2025-09-08T01:45:19.6756174Z           "add_prefer_source" : {
2025-09-08T01:45:19.6756472Z             "title" : "Whether to always prefer source files over class files.",
2025-09-08T01:45:19.6757480Z             "description" : "A value indicating whether source files should be preferred over class files. If set to 'true', the extraction adds '-Xprefer:source' to the javac command line. If set to 'false', the extraction uses the default javac behavior ('-Xprefer:newer'). The default is 'true'.\n",
2025-09-08T01:45:19.6758392Z             "type" : "string",
2025-09-08T01:45:19.6758601Z             "pattern" : "^(false|true)$"
2025-09-08T01:45:19.6758823Z           },
2025-09-08T01:45:19.6758985Z           "buildless" : {
2025-09-08T01:45:19.6759282Z             "title" : "Whether to use buildless (standalone) extraction (experimental).",
2025-09-08T01:45:19.6760735Z             "description" : "A value indicating, which type of extraction the autobuilder should perform. If 'true', then the standalone extractor will be used, otherwise tracing extraction will be performed. The default is 'false'. Note that buildless extraction will generally yield less accurate analysis results, and should only be used in cases where it is not possible to build the code (for example if it uses inaccessible dependencies).\n",
2025-09-08T01:45:19.6762064Z             "type" : "string",
2025-09-08T01:45:19.6762270Z             "pattern" : "^(false|true)$"
2025-09-08T01:45:19.6762497Z           },
2025-09-08T01:45:19.6762671Z           "buildless_dependency_dir" : {
2025-09-08T01:45:19.6763036Z             "title" : "The path where buildless (standalone) extraction should keep dependencies.",
2025-09-08T01:45:19.6763928Z             "description" : "If set, the buildless (standalone) extractor will store dependencies in this directory.\n",
2025-09-08T01:45:19.6764352Z             "type" : "string"
2025-09-08T01:45:19.6764545Z           },
2025-09-08T01:45:19.6764712Z           "minimize_dependency_jars" : {
2025-09-08T01:45:19.6765082Z             "title" : "Whether to rewrite and minimize downloaded JAR dependencies (experimental).",
2025-09-08T01:45:19.6765819Z             "description" : "If 'true', JAR dependencies downloaded during extraction will be rewritten to remove unneeded data, such as method bodies. The default is 'false'.\n",
2025-09-08T01:45:19.6766523Z             "type" : "string",
2025-09-08T01:45:19.6766740Z             "pattern" : "^(false|true)$"
2025-09-08T01:45:19.6766950Z           }
2025-09-08T01:45:19.6767099Z         }
2025-09-08T01:45:19.6767237Z       }
2025-09-08T01:45:19.6767380Z     ]
2025-09-08T01:45:19.6767517Z   }
2025-09-08T01:45:19.6767666Z }
2025-09-08T01:45:19.6842171Z Languages from configuration: python
2025-09-08T01:45:19.6848085Z [command]/opt/hostedtoolcache/CodeQL/2.23.0/x64/codeql/codeql resolve languages --format=betterjson --extractor-options-verbosity=4 --extractor-include-aliases
2025-09-08T01:45:20.5741630Z {
2025-09-08T01:45:20.5744394Z   "aliases" : {
2025-09-08T01:45:20.5744725Z     "c" : "cpp",
2025-09-08T01:45:20.5745007Z     "c++" : "cpp",
2025-09-08T01:45:20.5745306Z     "c-c++" : "cpp",
2025-09-08T01:45:20.5745619Z     "c-cpp" : "cpp",
2025-09-08T01:45:20.5745923Z     "c#" : "csharp",
2025-09-08T01:45:20.5746235Z     "java-kotlin" : "java",
2025-09-08T01:45:20.5746617Z     "kotlin" : "java",
2025-09-08T01:45:20.5746981Z     "javascript-typescript" : "javascript",
2025-09-08T01:45:20.5747419Z     "typescript" : "javascript"
2025-09-08T01:45:20.5747756Z   },
2025-09-08T01:45:20.5748004Z   "extractors" : {
2025-09-08T01:45:20.5748307Z     "xml" : [
2025-09-08T01:45:20.5748571Z       {
2025-09-08T01:45:20.5749037Z         "extractor_root" : "/opt/hostedtoolcache/CodeQL/2.23.0/x64/codeql/xml"
2025-09-08T01:45:20.5749597Z       }
2025-09-08T01:45:20.5749843Z     ],
2025-09-08T01:45:20.5750087Z     "python" : [
2025-09-08T01:45:20.5750364Z       {
2025-09-08T01:45:20.5750803Z         "extractor_root" : "/opt/hostedtoolcache/CodeQL/2.23.0/x64/codeql/python",
2025-09-08T01:45:20.5751392Z         "extractor_options" : {
2025-09-08T01:45:20.5751739Z           "logging" : {
2025-09-08T01:45:20.5752095Z             "title" : "Options pertaining to logging.",
2025-09-08T01:45:20.5752611Z             "description" : "Options pertaining to logging.",
2025-09-08T01:45:20.5753097Z             "type" : "object",
2025-09-08T01:45:20.5753466Z             "properties" : {
2025-09-08T01:45:20.5753979Z               "verbosity" : {
2025-09-08T01:45:20.5754439Z                 "title" : "Python extractor logging verbosity level.",
2025-09-08T01:45:20.5756144Z                 "description" : "Controls the level of verbosity of the CodeQL Python extractor.\nThe supported levels are (in order of increasing verbosity):\n\n  - off\n  - errors\n  - warnings\n  - info or progress\n  - debug or progress+\n  - trace or progress++\n  - progress+++\n",
2025-09-08T01:45:20.5757718Z                 "type" : "string",
2025-09-08T01:45:20.5758475Z                 "pattern" : "^(off|errors|warnings|(info|progress)|(debug|progress\\+)|(trace|progress\\+\\+)|progress\\+\\+\\+)$"
2025-09-08T01:45:20.5759227Z               }
2025-09-08T01:45:20.5759505Z             }
2025-09-08T01:45:20.5759767Z           },
2025-09-08T01:45:20.5760071Z           "python_executable_name" : {
2025-09-08T01:45:20.5760722Z             "title" : "Controls the name of the Python executable used by the Python extractor.",
2025-09-08T01:45:20.5763046Z             "description" : "The Python extractor uses platform-dependent heuristics to determine the name of the Python executable to use. Specifying a value for this option overrides the name of the Python executable used by the extractor. Accepted values are py, python and python3. Use this setting with caution, the Python extractor requires Python 3 to run.\n",
2025-09-08T01:45:20.5766035Z             "type" : "string",
2025-09-08T01:45:20.5766430Z             "pattern" : "^(py|python|python3)$"
2025-09-08T01:45:20.5766925Z           }
2025-09-08T01:45:20.5767179Z         }
2025-09-08T01:45:20.5767414Z       }
2025-09-08T01:45:20.5767650Z     ],
2025-09-08T01:45:20.5767903Z     "properties" : [
2025-09-08T01:45:20.5768201Z       {
2025-09-08T01:45:20.5768681Z         "extractor_root" : "/opt/hostedtoolcache/CodeQL/2.23.0/x64/codeql/properties"
2025-09-08T01:45:20.5769278Z       }
2025-09-08T01:45:20.5769516Z     ],
2025-09-08T01:45:20.5770119Z     "javascript" : [
2025-09-08T01:45:20.5770423Z       {
2025-09-08T01:45:20.5770900Z         "extractor_root" : "/opt/hostedtoolcache/CodeQL/2.23.0/x64/codeql/javascript",
2025-09-08T01:45:20.5771520Z         "extractor_options" : {
2025-09-08T01:45:20.5771876Z           "trap" : {
2025-09-08T01:45:20.5772212Z             "title" : "TRAP options",
2025-09-08T01:45:20.5772761Z             "description" : "Options about how the extractor handles TRAP files",
2025-09-08T01:45:20.5773332Z             "type" : "object",
2025-09-08T01:45:20.5773841Z             "visibility" : 3,
2025-09-08T01:45:20.5774201Z             "properties" : {
2025-09-08T01:45:20.5774538Z               "cache" : {
2025-09-08T01:45:20.5774891Z                 "title" : "TRAP cache options",
2025-09-08T01:45:20.5775489Z                 "description" : "Options about how the extractor handles its TRAP cache",
2025-09-08T01:45:20.5776093Z                 "type" : "object",
2025-09-08T01:45:20.5776480Z                 "properties" : {
2025-09-08T01:45:20.5776829Z                   "dir" : {
2025-09-08T01:45:20.5777200Z                     "title" : "TRAP cache directory",
2025-09-08T01:45:20.5777725Z                     "description" : "The directory of the TRAP cache to use",
2025-09-08T01:45:20.5778257Z                     "type" : "string"
2025-09-08T01:45:20.5778626Z                   },
2025-09-08T01:45:20.5778933Z                   "bound" : {
2025-09-08T01:45:20.5779299Z                     "title" : "TRAP cache bound",
2025-09-08T01:45:20.5779877Z                     "description" : "A soft limit (in MB) on the size of the TRAP cache",
2025-09-08T01:45:20.5780447Z                     "type" : "string",
2025-09-08T01:45:20.5780874Z                     "pattern" : "[0-9]+"
2025-09-08T01:45:20.5781236Z                   },
2025-09-08T01:45:20.5781521Z                   "write" : {
2025-09-08T01:45:20.5781883Z                     "title" : "TRAP cache writeable",
2025-09-08T01:45:20.5782513Z                     "description" : "Whether to write to the TRAP cache as well as reading it",
2025-09-08T01:45:20.5783125Z                     "type" : "string",
2025-09-08T01:45:20.5783539Z                     "pattern" : "(true|TRUE|false|FALSE)"
2025-09-08T01:45:20.5784114Z                   }
2025-09-08T01:45:20.5784392Z                 }
2025-09-08T01:45:20.5784668Z               }
2025-09-08T01:45:20.5784935Z             }
2025-09-08T01:45:20.5785190Z           },
2025-09-08T01:45:20.5785470Z           "skip_types" : {
2025-09-08T01:45:20.5785875Z             "title" : "Skip type extraction for TypeScript",
2025-09-08T01:45:20.5786593Z             "description" : "Whether to skip the extraction of types in a TypeScript application",
2025-09-08T01:45:20.5787238Z             "type" : "string",
2025-09-08T01:45:20.5787610Z             "pattern" : "^(false|true)$"
2025-09-08T01:45:20.5787986Z           }
2025-09-08T01:45:20.5788233Z         }
2025-09-08T01:45:20.5788479Z       }
2025-09-08T01:45:20.5788714Z     ],
2025-09-08T01:45:20.5788971Z     "csharp" : [
2025-09-08T01:45:20.5789240Z       {
2025-09-08T01:45:20.5789686Z         "extractor_root" : "/opt/hostedtoolcache/CodeQL/2.23.0/x64/codeql/csharp",
2025-09-08T01:45:20.5790274Z         "extractor_options" : {
2025-09-08T01:45:20.5790630Z           "trap" : {
2025-09-08T01:45:20.5790979Z             "title" : "Options pertaining to TRAP.",
2025-09-08T01:45:20.5791714Z             "description" : "Options pertaining to TRAP.",
2025-09-08T01:45:20.5792171Z             "type" : "object",
2025-09-08T01:45:20.5792523Z             "properties" : {
2025-09-08T01:45:20.5792872Z               "compression" : {
2025-09-08T01:45:20.5793443Z                 "title" : "Controls compression for the TRAP files written by the extractor.",
2025-09-08T01:45:20.5795251Z                 "description" : "This option is only intended for use in debugging the extractor. Accepted values are 'brotli' (the default, to write brotli-compressed TRAP), 'gzip', and 'none' (to write uncompressed TRAP).\n",
2025-09-08T01:45:20.5796744Z                 "type" : "string",
2025-09-08T01:45:20.5797162Z                 "pattern" : "^(none|gzip|brotli)$"
2025-09-08T01:45:20.5797577Z               }
2025-09-08T01:45:20.5797844Z             }
2025-09-08T01:45:20.5798106Z           },
2025-09-08T01:45:20.5798375Z           "buildless" : {
2025-09-08T01:45:20.5798918Z             "title" : "DEPRECATED - Whether to use buildless (standalone) extraction.",
2025-09-08T01:45:20.5801819Z             "description" : "DEPRECATED: Use `--build-mode none` instead.\nA value indicating, which type of extraction the autobuilder should perform. If 'true', then the standalone extractor will be used, otherwise tracing extraction will be performed. The default is 'false'. Note that buildless extraction will generally yield less accurate analysis results, and should only be used in cases where it is not possible to build the code (for example if it uses inaccessible dependencies).\n",
2025-09-08T01:45:20.5804684Z             "type" : "string",
2025-09-08T01:45:20.5805057Z             "pattern" : "^(false|true)$"
2025-09-08T01:45:20.5805425Z           },
2025-09-08T01:45:20.5805693Z           "logging" : {
2025-09-08T01:45:20.5806046Z             "title" : "Options pertaining to logging.",
2025-09-08T01:45:20.5806562Z             "description" : "Options pertaining to logging.",
2025-09-08T01:45:20.5807027Z             "type" : "object",
2025-09-08T01:45:20.5807373Z             "properties" : {
2025-09-08T01:45:20.5807719Z               "verbosity" : {
2025-09-08T01:45:20.5808116Z                 "title" : "Extractor logging verbosity level.",
2025-09-08T01:45:20.5809612Z                 "description" : "Controls the level of verbosity of the extractor. The supported levels are (in order of increasing verbosity):\n  - off\n  - errors\n  - warnings\n  - info or progress\n  - debug or progress+\n  - trace or progress++\n  - progress+++\n",
2025-09-08T01:45:20.5811016Z                 "type" : "string",
2025-09-08T01:45:20.5811751Z                 "pattern" : "^(off|errors|warnings|(info|progress)|(debug|progress\\+)|(trace|progress\\+\\+)|progress\\+\\+\\+)$"
2025-09-08T01:45:20.5812481Z               }
2025-09-08T01:45:20.5812749Z             }
2025-09-08T01:45:20.5813000Z           },
2025-09-08T01:45:20.5813253Z           "binlog" : {
2025-09-08T01:45:20.5813559Z             "title" : "Binlog",
2025-09-08T01:45:20.5814853Z             "description" : "[EXPERIMENTAL] The value is a path to the MsBuild binary log file that should be extracted. This option only works when `--build-mode none` is also specified.\n",
2025-09-08T01:45:20.5815541Z             "type" : "array"
2025-09-08T01:45:20.5815733Z           }
2025-09-08T01:45:20.5815885Z         }
2025-09-08T01:45:20.5816026Z       }
2025-09-08T01:45:20.5816169Z     ],
2025-09-08T01:45:20.5816317Z     "rust" : [
2025-09-08T01:45:20.5816467Z       {
2025-09-08T01:45:20.5816719Z         "extractor_root" : "/opt/hostedtoolcache/CodeQL/2.23.0/x64/codeql/rust",
2025-09-08T01:45:20.5817049Z         "extractor_options" : {
2025-09-08T01:45:20.5817250Z           "trap" : {
2025-09-08T01:45:20.5817448Z             "title" : "Options pertaining to TRAP.",
2025-09-08T01:45:20.5817729Z             "description" : "Options pertaining to TRAP.",
2025-09-08T01:45:20.5817981Z             "type" : "object",
2025-09-08T01:45:20.5818183Z             "properties" : {
2025-09-08T01:45:20.5818541Z               "compression" : {
2025-09-08T01:45:20.5818865Z                 "title" : "Controls compression for the TRAP files written by the extractor.",
2025-09-08T01:45:20.5819787Z                 "description" : "This option is only intended for use in debugging the extractor. Accepted values are 'gzip' (to write gzip-compressed TRAP) 'zstd' (to write Zstandard-compressed TRAP) and 'none' (the default, to write uncompressed TRAP).\n",
2025-09-08T01:45:20.5820610Z                 "type" : "string",
2025-09-08T01:45:20.5820838Z                 "pattern" : "^(none|gzip|zstd)$"
2025-09-08T01:45:20.5821061Z               }
2025-09-08T01:45:20.5821368Z             }
2025-09-08T01:45:20.5821518Z           },
2025-09-08T01:45:20.5821681Z           "cargo_target_dir" : {
2025-09-08T01:45:20.5821933Z             "title" : "Directory to use for cargo output files.",
2025-09-08T01:45:20.5822885Z             "description" : "This value is an optional path to use as `CARGO_TARGET_DIR` for the internal cargo commands the extractor uses. Pointing it to a persistent directory may reduce execution time of consecutive extractor runs. By default, a new scratch directory is used for each run.\n",
2025-09-08T01:45:20.5824038Z             "type" : "string"
2025-09-08T01:45:20.5824236Z           },
2025-09-08T01:45:20.5824405Z           "cargo_target" : {
2025-09-08T01:45:20.5824611Z             "title" : "Target architecture",
2025-09-08T01:45:20.5825127Z             "description" : "Target architecture to use for analysis, analogous to `cargo --target`. By default the host architecture is used.\n",
2025-09-08T01:45:20.5825633Z             "type" : "string"
2025-09-08T01:45:20.5825818Z           },
2025-09-08T01:45:20.5825998Z           "cargo_features" : {
2025-09-08T01:45:20.5826225Z             "title" : "Cargo features to turn on",
2025-09-08T01:45:20.5827127Z             "description" : "Comma-separated list of features to turn on. By default all features are enabled. If any features are specified, then only those features are enabled. The `default` feature must be explicitly specified if only default features are desired. Can be repeated.\n",
2025-09-08T01:45:20.5828015Z             "type" : "array"
2025-09-08T01:45:20.5828200Z           },
2025-09-08T01:45:20.5828365Z           "cargo_cfg_overrides" : {
2025-09-08T01:45:20.5828595Z             "title" : "Cargo cfg overrides",
2025-09-08T01:45:20.5829047Z             "description" : "Comma-separated list of cfg settings to enable, or disable if prefixed with `-`. Can be repeated.\n",
2025-09-08T01:45:20.5829494Z             "type" : "array"
2025-09-08T01:45:20.5829667Z           },
2025-09-08T01:45:20.5829826Z           "logging" : {
2025-09-08T01:45:20.5830036Z             "title" : "Options pertaining to logging.",
2025-09-08T01:45:20.5830331Z             "description" : "Options pertaining to logging.",
2025-09-08T01:45:20.5830593Z             "type" : "object",
2025-09-08T01:45:20.5830785Z             "properties" : {
2025-09-08T01:45:20.5830982Z               "verbosity" : {
2025-09-08T01:45:20.5831205Z                 "title" : "Extractor logging verbosity level.",
2025-09-08T01:45:20.5832038Z                 "description" : "Controls the level of verbosity of the extractor. The supported levels are (in order of increasing verbosity):\n  - off\n  - errors\n  - warnings\n  - info or progress\n  - debug or progress+\n  - trace or progress++\n  - progress+++\n",
2025-09-08T01:45:20.5832816Z                 "type" : "string",
2025-09-08T01:45:20.5833231Z                 "pattern" : "^(off|errors|warnings|(info|progress)|(debug|progress\\+)|(trace|progress\\+\\+)|progress\\+\\+\\+)$"
2025-09-08T01:45:20.5833746Z               },
2025-09-08T01:45:20.5833910Z               "flamegraph" : {
2025-09-08T01:45:20.5834182Z                 "title" : "[Experimental] File path for write flame graph log",
2025-09-08T01:45:20.5834970Z                 "description" : "Collect flame graph data using the `tracing-flame` crate. To render a flame graph or chart, run the `inferno-flamegraph` command. See also: https://crates.io/crates/tracing-flame\n",
2025-09-08T01:45:20.5835790Z                 "type" : "string"
2025-09-08T01:45:20.5835983Z               }
2025-09-08T01:45:20.5836136Z             }
2025-09-08T01:45:20.5836283Z           },
2025-09-08T01:45:20.5836455Z           "extract_dependencies_as_source" : {
2025-09-08T01:45:20.5836733Z             "title" : "Extract dependencies as source code",
2025-09-08T01:45:20.5837172Z             "description" : "Extract the full source code of dependencies instead of only extracting signatures.\n",
2025-09-08T01:45:20.5837582Z             "type" : "string",
2025-09-08T01:45:20.5837886Z             "pattern" : "^(false|true)$"
2025-09-08T01:45:20.5838111Z           }
2025-09-08T01:45:20.5838251Z         }
2025-09-08T01:45:20.5838394Z       }
2025-09-08T01:45:20.5838529Z     ],
2025-09-08T01:45:20.5838672Z     "ruby" : [
2025-09-08T01:45:20.5838823Z       {
2025-09-08T01:45:20.5839064Z         "extractor_root" : "/opt/hostedtoolcache/CodeQL/2.23.0/x64/codeql/ruby",
2025-09-08T01:45:20.5839391Z         "extractor_options" : {
2025-09-08T01:45:20.5839584Z           "trap" : {
2025-09-08T01:45:20.5839785Z             "title" : "Options pertaining to TRAP.",
2025-09-08T01:45:20.5840058Z             "description" : "Options pertaining to TRAP.",
2025-09-08T01:45:20.5840315Z             "type" : "object",
2025-09-08T01:45:20.5840507Z             "properties" : {
2025-09-08T01:45:20.5840704Z               "compression" : {
2025-09-08T01:45:20.5841019Z                 "title" : "Controls compression for the TRAP files written by the extractor.",
2025-09-08T01:45:20.5841938Z                 "description" : "This option is only intended for use in debugging the extractor. Accepted values are 'gzip' (the default, to write gzip-compressed TRAP) 'zstd' (to write Zstandard-compressed TRAP) and 'none' (to write uncompressed TRAP).\n",
2025-09-08T01:45:20.5842733Z                 "type" : "string",
2025-09-08T01:45:20.5842956Z                 "pattern" : "^(none|gzip|zstd)$"
2025-09-08T01:45:20.5843179Z               }
2025-09-08T01:45:20.5843331Z             }
2025-09-08T01:45:20.5843482Z           }
2025-09-08T01:45:20.5843733Z         }
2025-09-08T01:45:20.5843868Z       }
2025-09-08T01:45:20.5844007Z     ],
2025-09-08T01:45:20.5844140Z     "go" : [
2025-09-08T01:45:20.5844286Z       {
2025-09-08T01:45:20.5844514Z         "extractor_root" : "/opt/hostedtoolcache/CodeQL/2.23.0/x64/codeql/go",
2025-09-08T01:45:20.5844830Z         "extractor_options" : {
2025-09-08T01:45:20.5845025Z           "extract_tests" : {
2025-09-08T01:45:20.5845312Z             "title" : "Whether to include Go test files in the CodeQL database.",
2025-09-08T01:45:20.5845866Z             "description" : "A value indicating whether Go test files should be included in the CodeQL database. The default is 'false'.\n",
2025-09-08T01:45:20.5846337Z             "type" : "string",
2025-09-08T01:45:20.5846540Z             "pattern" : "^(false|true)$"
2025-09-08T01:45:20.5846749Z           },
2025-09-08T01:45:20.5846910Z           "extract_vendor_dirs" : {
2025-09-08T01:45:20.5847221Z             "title" : "Whether to include Go vendor directories in the CodeQL database.",
2025-09-08T01:45:20.5847827Z             "description" : "A value indicating whether Go vendor directories should be included in the CodeQL database. The default is 'false'.\n",
2025-09-08T01:45:20.5848319Z             "type" : "string",
2025-09-08T01:45:20.5848519Z             "pattern" : "^(false|true)$"
2025-09-08T01:45:20.5848727Z           }
2025-09-08T01:45:20.5848865Z         }
2025-09-08T01:45:20.5849001Z       }
2025-09-08T01:45:20.5849133Z     ],
2025-09-08T01:45:20.5849279Z     "cpp" : [
2025-09-08T01:45:20.5849431Z       {
2025-09-08T01:45:20.5849679Z         "extractor_root" : "/opt/hostedtoolcache/CodeQL/2.23.0/x64/codeql/cpp",
2025-09-08T01:45:20.5849998Z         "extractor_options" : {
2025-09-08T01:45:20.5850194Z           "trap" : {
2025-09-08T01:45:20.5850373Z             "title" : "TRAP options",
2025-09-08T01:45:20.5850806Z             "description" : "Options about how the extractor handles TRAP files",
2025-09-08T01:45:20.5851118Z             "type" : "object",
2025-09-08T01:45:20.5851308Z             "visibility" : 3,
2025-09-08T01:45:20.5851505Z             "properties" : {
2025-09-08T01:45:20.5851692Z               "cache" : {
2025-09-08T01:45:20.5851892Z                 "title" : "TRAP cache options",
2025-09-08T01:45:20.5852216Z                 "description" : "Options about how the extractor handles its TRAP cache",
2025-09-08T01:45:20.5852545Z                 "type" : "object",
2025-09-08T01:45:20.5852750Z                 "properties" : {
2025-09-08T01:45:20.5853052Z                   "dir" : {
2025-09-08T01:45:20.5853294Z                     "title" : "TRAP cache directory",
2025-09-08T01:45:20.5853696Z                     "description" : "The directory of the TRAP cache to use",
2025-09-08T01:45:20.5853992Z                     "type" : "string"
2025-09-08T01:45:20.5854196Z                   },
2025-09-08T01:45:20.5854365Z                   "bound" : {
2025-09-08T01:45:20.5854568Z                     "title" : "TRAP cache bound",
2025-09-08T01:45:20.5854882Z                     "description" : "A soft limit (in MB) on the size of the TRAP cache",
2025-09-08T01:45:20.5855188Z                     "type" : "string",
2025-09-08T01:45:20.5855409Z                     "pattern" : "[0-9]+"
2025-09-08T01:45:20.5855619Z                   },
2025-09-08T01:45:20.5855784Z                   "write" : {
2025-09-08T01:45:20.5855993Z                     "title" : "TRAP cache writeable",
2025-09-08T01:45:20.5856336Z                     "description" : "Whether to write to the TRAP cache as well as reading it",
2025-09-08T01:45:20.5856675Z                     "type" : "string",
2025-09-08T01:45:20.5856903Z                     "pattern" : "(true|TRUE|false|FALSE)"
2025-09-08T01:45:20.5857134Z                   }
2025-09-08T01:45:20.5857289Z                 }
2025-09-08T01:45:20.5857445Z               }
2025-09-08T01:45:20.5857596Z             }
2025-09-08T01:45:20.5857749Z           },
2025-09-08T01:45:20.5857911Z           "scale_timeouts" : {
2025-09-08T01:45:20.5858176Z             "title" : "Value to scale compiler introspection timeouts with",
2025-09-08T01:45:20.5859443Z             "description" : "The extractor attempts to determine what compiler the source code being extracted is compiled with. To this end the extractor makes additional calls to the compiler, some of which are expected to return within a certain fixed time (either 10s or 15s). On some systems that are under high load this time might be too short, and can be scaled up using this option.\n",
2025-09-08T01:45:20.5860611Z             "type" : "string",
2025-09-08T01:45:20.5860814Z             "pattern" : "[0-9]+"
2025-09-08T01:45:20.5861008Z           },
2025-09-08T01:45:20.5861164Z           "log_verbosity" : {
2025-09-08T01:45:20.5861399Z             "title" : "Verbosity of the extractor logging",
2025-09-08T01:45:20.5861928Z             "description" : "Set the verbosity of the extractor logging to 'quiet' (0), 'normal' (1), 'chatty' (2), or 'noisy' (3). The default is 'normal'.\n",
2025-09-08T01:45:20.5862410Z             "type" : "string",
2025-09-08T01:45:20.5862599Z             "pattern" : "[0-3]"
2025-09-08T01:45:20.5862786Z           },
2025-09-08T01:45:20.5862945Z           "frontend_options" : {
2025-09-08T01:45:20.5863181Z             "title" : "C/C++ extractor frontend options",
2025-09-08T01:45:20.5863818Z             "description" : "Set additional options that should be passed to the C/C++ extractor frontend.\n",
2025-09-08T01:45:20.5864273Z             "type" : "array",
2025-09-08T01:45:20.5864501Z             "visibility" : 3
2025-09-08T01:45:20.5864688Z           }
2025-09-08T01:45:20.5864841Z         }
2025-09-08T01:45:20.5864981Z       }
2025-09-08T01:45:20.5865131Z     ],
2025-09-08T01:45:20.5865271Z     "yaml" : [
2025-09-08T01:45:20.5865425Z       {
2025-09-08T01:45:20.5865665Z         "extractor_root" : "/opt/hostedtoolcache/CodeQL/2.23.0/x64/codeql/yaml"
2025-09-08T01:45:20.5866115Z       }
2025-09-08T01:45:20.5866253Z     ],
2025-09-08T01:45:20.5866388Z     "html" : [
2025-09-08T01:45:20.5866539Z       {
2025-09-08T01:45:20.5866766Z         "extractor_root" : "/opt/hostedtoolcache/CodeQL/2.23.0/x64/codeql/html"
2025-09-08T01:45:20.5867075Z       }
2025-09-08T01:45:20.5867213Z     ],
2025-09-08T01:45:20.5867361Z     "swift" : [
2025-09-08T01:45:20.5867515Z       {
2025-09-08T01:45:20.5867766Z         "extractor_root" : "/opt/hostedtoolcache/CodeQL/2.23.0/x64/codeql/swift"
2025-09-08T01:45:20.5868067Z       }
2025-09-08T01:45:20.5868207Z     ],
2025-09-08T01:45:20.5868450Z     "csv" : [
2025-09-08T01:45:20.5868612Z       {
2025-09-08T01:45:20.5868848Z         "extractor_root" : "/opt/hostedtoolcache/CodeQL/2.23.0/x64/codeql/csv"
2025-09-08T01:45:20.5869141Z       }
2025-09-08T01:45:20.5869280Z     ],
2025-09-08T01:45:20.5869420Z     "actions" : [
2025-09-08T01:45:20.5869587Z       {
2025-09-08T01:45:20.5869836Z         "extractor_root" : "/opt/hostedtoolcache/CodeQL/2.23.0/x64/codeql/actions",
2025-09-08T01:45:20.5870169Z         "extractor_options" : {
2025-09-08T01:45:20.5870370Z           "trap" : {
2025-09-08T01:45:20.5870561Z             "title" : "TRAP options",
2025-09-08T01:45:20.5870871Z             "description" : "Options about how the extractor handles TRAP files",
2025-09-08T01:45:20.5871189Z             "type" : "object",
2025-09-08T01:45:20.5871393Z             "visibility" : 3,
2025-09-08T01:45:20.5871595Z             "properties" : {
2025-09-08T01:45:20.5871791Z               "cache" : {
2025-09-08T01:45:20.5871993Z                 "title" : "TRAP cache options",
2025-09-08T01:45:20.5872334Z                 "description" : "Options about how the extractor handles its TRAP cache",
2025-09-08T01:45:20.5872663Z                 "type" : "object",
2025-09-08T01:45:20.5872879Z                 "properties" : {
2025-09-08T01:45:20.5873075Z                   "dir" : {
2025-09-08T01:45:20.5873286Z                     "title" : "TRAP cache directory",
2025-09-08T01:45:20.5873748Z                     "description" : "The directory of the TRAP cache to use",
2025-09-08T01:45:20.5874075Z                     "type" : "string"
2025-09-08T01:45:20.5874289Z                   },
2025-09-08T01:45:20.5874456Z                   "bound" : {
2025-09-08T01:45:20.5874663Z                     "title" : "TRAP cache bound",
2025-09-08T01:45:20.5874977Z                     "description" : "A soft limit (in MB) on the size of the TRAP cache",
2025-09-08T01:45:20.5875290Z                     "type" : "string",
2025-09-08T01:45:20.5875509Z                     "pattern" : "[0-9]+"
2025-09-08T01:45:20.5875727Z                   },
2025-09-08T01:45:20.5875895Z                   "write" : {
2025-09-08T01:45:20.5876099Z                     "title" : "TRAP cache writeable",
2025-09-08T01:45:20.5876442Z                     "description" : "Whether to write to the TRAP cache as well as reading it",
2025-09-08T01:45:20.5876772Z                     "type" : "string",
2025-09-08T01:45:20.5877008Z                     "pattern" : "(true|TRUE|false|FALSE)"
2025-09-08T01:45:20.5877234Z                   }
2025-09-08T01:45:20.5877395Z                 }
2025-09-08T01:45:20.5877546Z               }
2025-09-08T01:45:20.5877699Z             }
2025-09-08T01:45:20.5877845Z           }
2025-09-08T01:45:20.5877992Z         }
2025-09-08T01:45:20.5878134Z       }
2025-09-08T01:45:20.5878268Z     ],
2025-09-08T01:45:20.5878411Z     "java" : [
2025-09-08T01:45:20.5878557Z       {
2025-09-08T01:45:20.5878807Z         "extractor_root" : "/opt/hostedtoolcache/CodeQL/2.23.0/x64/codeql/java",
2025-09-08T01:45:20.5879128Z         "extractor_options" : {
2025-09-08T01:45:20.5879332Z           "exclude" : {
2025-09-08T01:45:20.5879550Z             "title" : "A glob excluding files from analysis.",
2025-09-08T01:45:20.5880192Z             "description" : "A glob indicating what files to exclude from the analysis. This accepts glob patterns that are supported by Java's 'getPathMatcher' implementation.\n",
2025-09-08T01:45:20.5880959Z             "type" : "string"
2025-09-08T01:45:20.5897914Z           },
2025-09-08T01:45:20.5898182Z           "add_prefer_source" : {
2025-09-08T01:45:20.5898511Z             "title" : "Whether to always prefer source files over class files.",
2025-09-08T01:45:20.5899570Z             "description" : "A value indicating whether source files should be preferred over class files. If set to 'true', the extraction adds '-Xprefer:source' to the javac command line. If set to 'false', the extraction uses the default javac behavior ('-Xprefer:newer'). The default is 'true'.\n",
2025-09-08T01:45:20.5900662Z             "type" : "string",
2025-09-08T01:45:20.5900895Z             "pattern" : "^(false|true)$"
2025-09-08T01:45:20.5901113Z           },
2025-09-08T01:45:20.5901279Z           "buildless" : {
2025-09-08T01:45:20.5901581Z             "title" : "Whether to use buildless (standalone) extraction (experimental).",
2025-09-08T01:45:20.5903038Z             "description" : "A value indicating, which type of extraction the autobuilder should perform. If 'true', then the standalone extractor will be used, otherwise tracing extraction will be performed. The default is 'false'. Note that buildless extraction will generally yield less accurate analysis results, and should only be used in cases where it is not possible to build the code (for example if it uses inaccessible dependencies).\n",
2025-09-08T01:45:20.5904605Z             "type" : "string",
2025-09-08T01:45:20.5904821Z             "pattern" : "^(false|true)$"
2025-09-08T01:45:20.5905033Z           },
2025-09-08T01:45:20.5905208Z           "buildless_dependency_dir" : {
2025-09-08T01:45:20.5905581Z             "title" : "The path where buildless (standalone) extraction should keep dependencies.",
2025-09-08T01:45:20.5906149Z             "description" : "If set, the buildless (standalone) extractor will store dependencies in this directory.\n",
2025-09-08T01:45:20.5906568Z             "type" : "string"
2025-09-08T01:45:20.5906767Z           },
2025-09-08T01:45:20.5906936Z           "minimize_dependency_jars" : {
2025-09-08T01:45:20.5907301Z             "title" : "Whether to rewrite and minimize downloaded JAR dependencies (experimental).",
2025-09-08T01:45:20.5908028Z             "description" : "If 'true', JAR dependencies downloaded during extraction will be rewritten to remove unneeded data, such as method bodies. The default is 'false'.\n",
2025-09-08T01:45:20.5908608Z             "type" : "string",
2025-09-08T01:45:20.5908814Z             "pattern" : "^(false|true)$"
2025-09-08T01:45:20.5909018Z           }
2025-09-08T01:45:20.5909168Z         }
2025-09-08T01:45:20.5909309Z       }
2025-09-08T01:45:20.5909454Z     ]
2025-09-08T01:45:20.5909590Z   }
2025-09-08T01:45:20.5909734Z }
2025-09-08T01:45:20.5997508Z python does not support TRAP caching (missing option group)
2025-09-08T01:45:20.5997962Z Found 0 languages that support TRAP caching
2025-09-08T01:45:20.6002904Z Using overlay database mode: none without caching.
2025-09-08T01:45:20.6006939Z Not performing diff-informed analysis because we are not analyzing a pull request.
2025-09-08T01:45:20.6010004Z ##[endgroup]
2025-09-08T01:45:20.6024213Z While resolving threads, found a cgroup CPUs file with 4 CPUs in /sys/fs/cgroup/cpuset.cpus.effective.
2025-09-08T01:45:20.6031059Z Skipping download of dependency cache for python as we have no caching configuration for it.
2025-09-08T01:45:20.6041863Z Writing augmented user configuration file to /home/runner/work/_temp/user-config.yaml
2025-09-08T01:45:20.6042954Z ##[group]Augmented user configuration file contents
2025-09-08T01:45:20.6054197Z default-setup:
2025-09-08T01:45:20.6054555Z   org:
2025-09-08T01:45:20.6054842Z     model-packs: []
2025-09-08T01:45:20.6055170Z threat-models: []
2025-09-08T01:45:20.6055377Z 
2025-09-08T01:45:20.6055768Z ##[endgroup]
2025-09-08T01:45:20.6060163Z [command]/opt/hostedtoolcache/CodeQL/2.23.0/x64/codeql/codeql database init --force-overwrite --db-cluster /home/runner/work/_temp/codeql_databases --source-root=/home/runner/work/scratchattach/scratchattach --calculate-language-specific-baseline --extractor-include-aliases --sublanguage-file-coverage --language=python --codescanning-config=/home/runner/work/_temp/user-config.yaml --build-mode=none
2025-09-08T01:45:21.8525057Z Package install location: /home/runner/.codeql/packages
2025-09-08T01:45:21.8525998Z Nothing downloaded.
2025-09-08T01:45:22.4955013Z Calculating baseline information in /home/runner/work/scratchattach/scratchattach
2025-09-08T01:45:22.5854476Z Calculated baseline information for languages: python (88ms).
2025-09-08T01:45:25.7009596Z Resolving extractor python.
2025-09-08T01:45:25.7055529Z Successfully loaded extractor Python (python) from /opt/hostedtoolcache/CodeQL/2.23.0/x64/codeql/python.
2025-09-08T01:45:25.7320059Z Created skeleton CodeQL database at /home/runner/work/_temp/codeql_databases/python. This in-progress database is ready to be populated by an extractor.
2025-09-08T01:45:25.9006860Z ##[group]Run github/codeql-action/start-proxy@v3
2025-09-08T01:45:25.9007188Z with:
2025-09-08T01:45:25.9007358Z   language: python
2025-09-08T01:45:25.9007553Z   registry_secrets: []
2025-09-08T01:45:25.9007872Z   token: ***
2025-09-08T01:45:25.9008032Z env:
2025-09-08T01:45:25.9008201Z   CODE_SCANNING_REF: refs/heads/main
2025-09-08T01:45:25.9008458Z   CODE_SCANNING_BASE_BRANCH: 
2025-09-08T01:45:25.9008697Z   CODE_SCANNING_IS_ANALYZING_DEFAULT_BRANCH: true
2025-09-08T01:45:25.9008983Z   CODE_SCANNING_IS_STEADY_STATE_DEFAULT_SETUP: true
2025-09-08T01:45:25.9014819Z   CODE_SCANNING_WORKFLOW_FILE: H4sIAAAAAAAA/6RV32/bNhB+919x8AakfZDzsD0JKFDFURJvhp1aCrqsKAiaOslcZFLlD6dql/99oEjX0hrPGZqn8Pjdx7v7Pp0F3WIM46ks8N18PFJWRD7089evUHGzsesJ7lCYCReNNXrCZIFEMyoEFxVRVhCHh6enkRQxFK2gW85GIxS7eAQwXV6mJJsmi8VscU1W6dWLibF0nP9muEiylFysksX05qVMa6qRrBUVbPMc4ywjySKZ3//pDpfpVXI3z//nC1wTKmjdfnGHAktqa/PfL2Z5mlzekyxP8vTbo1ma393GYJTF73LeL1e/X82X78nVbJ6+tK5HqR7KWj6SktedQqO/5Fo7WXy56P4F8HonPgSvHPeWGsU/T2oqKksrl/u6gyordOR0dqBSye1v2XLxKqCVFQLVa98yQINqy7XmUmj/DgBlpjuCQlqEGJPCoDDDYEPZA61wGNTIrOKmjbqWdQyPihsc7Um4sBhJEaFSUsVQ0lr7S20UNVi1+ypKyuuopNr0QRB63oMAuGC1LfAQAIhgP5F430vvFoC5d6RqYzj/BnwOt7a8LqKtLDAGIQUOLv0YYzj7MLZrK4yNampQm/HHsyOlNK3ZSHGykmdgP1SINtgEaaNgoukG2YO0BhQ2UnMjVRsorXZqhmGcs4B7u/t1NCCYCW44rfkXBL+SBune8ufO5Z/qyJOdc8HN290vAfjIzeYg2b537R37va1Hz02iBz2E++ACGxQFCtZGjLINF5VP8hOboNhxJcUWhYE3b+DMlx1tpDZYnPWJPllU3FU3HsNPcOlXRxdtQdu9u4PDS17F8HdPorBqIo3GNvFAO6mqYQDANVFH7svSMXx44QrxoyZdFjw9wcceqdkopKYbTt1Rhtu9lpkrCxolP7dQSgUKK66N6zeQ8CL216dF1oYqE3XgY1of6AlTWKBwRgrCa2QKjZ5cz/KbuwuySq9nWb6apRm5XS3/uO9LcvisjjhmaNhbVKVU2+BWv0U116c7Civ40E34xfR/bvu/m/vqyM0yy0Mf7pObdGOYSGs6wboTcebqtzEguF2uThI0Uh0nmCZkmq7y2dVsmuTpKSpGCUNleMndGjpKereaZ6eorKr1gWAo+GHH9ZTaB13SPwEAAP//ZjEj+9wIAAA=
2025-09-08T01:45:25.9020561Z   CODEQL_ACTION_FEATURE_MULTI_LANGUAGE: false
2025-09-08T01:45:25.9020829Z   CODEQL_ACTION_FEATURE_SANDWICH: false
2025-09-08T01:45:25.9021074Z   CODEQL_ACTION_FEATURE_SARIF_COMBINE: true
2025-09-08T01:45:25.9021334Z   CODEQL_ACTION_FEATURE_WILL_UPLOAD: true
2025-09-08T01:45:25.9021579Z   CODEQL_ACTION_VERSION: 3.30.1
2025-09-08T01:45:25.9021829Z   JOB_RUN_UUID: 9daa2338-e109-4f8f-aca2-2452c0574b2d
2025-09-08T01:45:25.9022095Z   CODEQL_ACTION_INIT_HAS_RUN: true
2025-09-08T01:45:25.9022413Z   CODEQL_ACTION_ANALYSIS_KEY: dynamic/github-code-scanning/codeql:analyze
2025-09-08T01:45:25.9022788Z   CODEQL_WORKFLOW_STARTED_AT: 2025-09-08T01:45:12.492Z
2025-09-08T01:45:25.9023046Z   CODEQL_RAM: 14581
2025-09-08T01:45:25.9023225Z   CODEQL_THREADS: 4
2025-09-08T01:45:25.9023390Z ##[endgroup]
2025-09-08T01:45:25.9940836Z Using registry_secrets input.
2025-09-08T01:45:25.9942330Z No credentials found, skipping proxy setup.
2025-09-08T01:45:26.0087498Z ##[group]Run github/codeql-action/analyze@v3
2025-09-08T01:45:26.0087770Z with:
2025-09-08T01:45:26.0087954Z   category: /language:python
2025-09-08T01:45:26.0088167Z   output: ../results
2025-09-08T01:45:26.0088348Z   upload: always
2025-09-08T01:45:26.0088522Z   add-snippets: false
2025-09-08T01:45:26.0088715Z   skip-queries: false
2025-09-08T01:45:26.0089154Z   checkout_path: /home/runner/work/scratchattach/scratchattach
2025-09-08T01:45:26.0089458Z   upload-database: true
2025-09-08T01:45:26.0089663Z   wait-for-processing: true
2025-09-08T01:45:26.0089992Z   token: ***
2025-09-08T01:45:26.0090389Z   matrix: {
  "language": "python",
  "category": "/language:python",
  "build-mode": "none",
  "runner": "[\"ubuntu-latest\"]"
}
2025-09-08T01:45:26.0090833Z   expect-error: false
2025-09-08T01:45:26.0091022Z env:
2025-09-08T01:45:26.0091188Z   CODE_SCANNING_REF: refs/heads/main
2025-09-08T01:45:26.0091420Z   CODE_SCANNING_BASE_BRANCH: 
2025-09-08T01:45:26.0091686Z   CODE_SCANNING_IS_ANALYZING_DEFAULT_BRANCH: true
2025-09-08T01:45:26.0091978Z   CODE_SCANNING_IS_STEADY_STATE_DEFAULT_SETUP: true
2025-09-08T01:45:26.0097825Z   CODE_SCANNING_WORKFLOW_FILE: H4sIAAAAAAAA/6RV32/bNhB+919x8AakfZDzsD0JKFDFURJvhp1aCrqsKAiaOslcZFLlD6dql/99oEjX0hrPGZqn8Pjdx7v7Pp0F3WIM46ks8N18PFJWRD7089evUHGzsesJ7lCYCReNNXrCZIFEMyoEFxVRVhCHh6enkRQxFK2gW85GIxS7eAQwXV6mJJsmi8VscU1W6dWLibF0nP9muEiylFysksX05qVMa6qRrBUVbPMc4ywjySKZ3//pDpfpVXI3z//nC1wTKmjdfnGHAktqa/PfL2Z5mlzekyxP8vTbo1ma393GYJTF73LeL1e/X82X78nVbJ6+tK5HqR7KWj6SktedQqO/5Fo7WXy56P4F8HonPgSvHPeWGsU/T2oqKksrl/u6gyordOR0dqBSye1v2XLxKqCVFQLVa98yQINqy7XmUmj/DgBlpjuCQlqEGJPCoDDDYEPZA61wGNTIrOKmjbqWdQyPihsc7Um4sBhJEaFSUsVQ0lr7S20UNVi1+ypKyuuopNr0QRB63oMAuGC1LfAQAIhgP5F430vvFoC5d6RqYzj/BnwOt7a8LqKtLDAGIQUOLv0YYzj7MLZrK4yNampQm/HHsyOlNK3ZSHGykmdgP1SINtgEaaNgoukG2YO0BhQ2UnMjVRsorXZqhmGcs4B7u/t1NCCYCW44rfkXBL+SBune8ufO5Z/qyJOdc8HN290vAfjIzeYg2b537R37va1Hz02iBz2E++ACGxQFCtZGjLINF5VP8hOboNhxJcUWhYE3b+DMlx1tpDZYnPWJPllU3FU3HsNPcOlXRxdtQdu9u4PDS17F8HdPorBqIo3GNvFAO6mqYQDANVFH7svSMXx44QrxoyZdFjw9wcceqdkopKYbTt1Rhtu9lpkrCxolP7dQSgUKK66N6zeQ8CL216dF1oYqE3XgY1of6AlTWKBwRgrCa2QKjZ5cz/KbuwuySq9nWb6apRm5XS3/uO9LcvisjjhmaNhbVKVU2+BWv0U116c7Civ40E34xfR/bvu/m/vqyM0yy0Mf7pObdGOYSGs6wboTcebqtzEguF2uThI0Uh0nmCZkmq7y2dVsmuTpKSpGCUNleMndGjpKereaZ6eorKr1gWAo+GHH9ZTaB13SPwEAAP//ZjEj+9wIAAA=
2025-09-08T01:45:26.0103814Z   CODEQL_ACTION_FEATURE_MULTI_LANGUAGE: false
2025-09-08T01:45:26.0104095Z   CODEQL_ACTION_FEATURE_SANDWICH: false
2025-09-08T01:45:26.0104342Z   CODEQL_ACTION_FEATURE_SARIF_COMBINE: true
2025-09-08T01:45:26.0104603Z   CODEQL_ACTION_FEATURE_WILL_UPLOAD: true
2025-09-08T01:45:26.0104845Z   CODEQL_ACTION_VERSION: 3.30.1
2025-09-08T01:45:26.0105091Z   JOB_RUN_UUID: 9daa2338-e109-4f8f-aca2-2452c0574b2d
2025-09-08T01:45:26.0105356Z   CODEQL_ACTION_INIT_HAS_RUN: true
2025-09-08T01:45:26.0105680Z   CODEQL_ACTION_ANALYSIS_KEY: dynamic/github-code-scanning/codeql:analyze
2025-09-08T01:45:26.0106054Z   CODEQL_WORKFLOW_STARTED_AT: 2025-09-08T01:45:12.492Z
2025-09-08T01:45:26.0106312Z   CODEQL_RAM: 14581
2025-09-08T01:45:26.0106490Z   CODEQL_THREADS: 4
2025-09-08T01:45:26.0106661Z   CODEQL_PROXY_HOST: 
2025-09-08T01:45:26.0106847Z   CODEQL_PROXY_PORT: 
2025-09-08T01:45:26.0107033Z   CODEQL_PROXY_CA_CERTIFICATE: 
2025-09-08T01:45:26.0107240Z   CODEQL_PROXY_URLS: 
2025-09-08T01:45:26.0107412Z ##[endgroup]
2025-09-08T01:45:26.9694380Z While resolving threads, found a cgroup CPUs file with 4 CPUs in /sys/fs/cgroup/cpuset.cpus.effective.
2025-09-08T01:45:26.9730416Z Not performing diff-informed analysis because we are not analyzing a pull request.
2025-09-08T01:45:26.9828740Z ##[group]Extracting python
2025-09-08T01:45:26.9832059Z [command]/opt/hostedtoolcache/CodeQL/2.23.0/x64/codeql/codeql database trace-command --use-build-mode --working-dir /home/runner/work/scratchattach/scratchattach /home/runner/work/_temp/codeql_databases/python
2025-09-08T01:45:27.7839038Z Running command in /home/runner/work/scratchattach/scratchattach: [/opt/hostedtoolcache/CodeQL/2.23.0/x64/codeql/python/tools/autobuild.sh]
2025-09-08T01:45:27.8791087Z [2025-09-08 01:45:27] [build-stderr] /bin/sh: 1: python2: not found
2025-09-08T01:45:27.9106758Z [2025-09-08 01:45:27] [build-stdout] Source root appears to be the real root.
2025-09-08T01:45:27.9108060Z [2025-09-08 01:45:27] [build-stdout] Will try to guess Python version, as it was not specified in `lgtm.yml`
2025-09-08T01:45:27.9109738Z [2025-09-08 01:45:27] [build-stdout] Trying to guess Python version based on Trove classifiers in setup.py
2025-09-08T01:45:27.9111408Z [2025-09-08 01:45:27] [build-stdout] Did not find setup.py (expected it to be at /home/runner/work/scratchattach/scratchattach/setup.py)
2025-09-08T01:45:27.9117365Z [2025-09-08 01:45:27] [build-stdout] Trying to guess Python version based on travis file
2025-09-08T01:45:27.9121902Z [2025-09-08 01:45:27] [build-stdout] Did not find any travis files (expected them at either ['/home/runner/work/scratchattach/scratchattach/.travis.yml', '/home/runner/work/scratchattach/scratchattach/travis.yml'])
2025-09-08T01:45:27.9124061Z [2025-09-08 01:45:27] [build-stdout] Trying to guess Python version based on installed versions
2025-09-08T01:45:27.9125109Z [2025-09-08 01:45:27] [build-stdout] Wanted to run Python 2, but it is not available. Using Python 3 instead
2025-09-08T01:45:27.9126151Z [2025-09-08 01:45:27] [build-stdout] This script is running Python 3, but Python 2 is also available (as 'python3')
2025-09-08T01:45:27.9127187Z [2025-09-08 01:45:27] [build-stdout] Could not guess Python version, will use default: Python 3
2025-09-08T01:45:27.9129131Z [2025-09-08 01:45:27] [build-stdout] Calling python3 -S /opt/hostedtoolcache/CodeQL/2.23.0/x64/codeql/python/tools/python_tracer.py --verbosity 3 -z all -c /home/runner/work/_temp/codeql_databases/python/working/trap_cache -R /home/runner/work/scratchattach/scratchattach
2025-09-08T01:45:28.2555125Z [2025-09-08 01:45:28] [build-stdout] INFO: The Python extractor has recently stopped extracting the standard library by default. If you encounter problems, please let us know by submitting an issue to https://github.com/github/codeql. It is possible to re-enable extraction of the standard library by setting the environment variable CODEQL_EXTRACTOR_PYTHON_EXTRACT_STDLIB.
2025-09-08T01:45:28.2568243Z [2025-09-08 01:45:28] [build-stdout] [INFO] Extraction will use the Python 3 standard library.
2025-09-08T01:45:28.2575986Z [2025-09-08 01:45:28] [build-stdout] [INFO] sys_path is: ['/opt/hostedtoolcache/CodeQL/2.23.0/x64/codeql/python/tools', '/usr/lib/python312.zip', '/usr/lib/python3.12', '/usr/lib/python3.12/lib-dynload']
2025-09-08T01:45:28.2580686Z [2025-09-08 01:45:28] [build-stdout] [INFO] Python version 3.12.3
2025-09-08T01:45:28.2582204Z [2025-09-08 01:45:28] [build-stdout] [INFO] Python extractor version 7.1.3
2025-09-08T01:45:28.3435217Z [2025-09-08 01:45:28] [build-stdout] [INFO] [3] Extracted file /home/runner/work/scratchattach/scratchattach/test1.py in 13ms
2025-09-08T01:45:28.3459818Z [2025-09-08 01:45:28] [build-stdout] [INFO] [1] Extracted file /home/runner/work/scratchattach/scratchattach/test2.py in 19ms
2025-09-08T01:45:28.3522771Z [2025-09-08 01:45:28] [build-stdout] [INFO] [2] Extracted file /home/runner/work/scratchattach/scratchattach/test3.py in 23ms
2025-09-08T01:45:28.3741358Z [2025-09-08 01:45:28] [build-stdout] [INFO] [4] Extracted file /home/runner/work/scratchattach/scratchattach/test4.py in 35ms
2025-09-08T01:45:28.3836098Z [2025-09-08 01:45:28] [build-stdout] [INFO] [4] Extracted file /home/runner/work/scratchattach/scratchattach/install.py in 4ms
2025-09-08T01:45:28.3945310Z [2025-09-08 01:45:28] [build-stdout] [INFO] [2] Extracted file /home/runner/work/scratchattach/scratchattach/message_viewer.py in 42ms
2025-09-08T01:45:28.3953028Z [2025-09-08 01:45:28] [build-stdout] [INFO] [2] Skipped built-in file /usr/lib/python3.12/os.py
2025-09-08T01:45:28.3958031Z [2025-09-08 01:45:28] [build-stdout] [INFO] [2] Skipped built-in file /usr/lib/python3.12/warnings.py
2025-09-08T01:45:28.4008082Z [2025-09-08 01:45:28] [build-stdout] [INFO] [1] Extracted file /home/runner/work/scratchattach/scratchattach/scratch_chat_db.py in 54ms
2025-09-08T01:45:28.4013478Z [2025-09-08 01:45:28] [build-stdout] [INFO] [1] Extracted module sys in 0ms
2025-09-08T01:45:28.4031982Z [2025-09-08 01:45:28] [build-stdout] [INFO] [1] Extracted folder /usr/lib/python3.12/json in 1ms
2025-09-08T01:45:28.4041897Z [2025-09-08 01:45:28] [build-stdout] [INFO] [1] Skipped built-in file /usr/lib/python3.12/json/__init__.py
2025-09-08T01:45:28.4046691Z [2025-09-08 01:45:28] [build-stdout] [INFO] [2] Extracted module time in 8ms
2025-09-08T01:45:28.4277534Z [2025-09-08 01:45:28] [build-stdout] [INFO] [3] Extracted file /home/runner/work/scratchattach/scratchattach/aesthetic_prioritizing.py in 87ms
2025-09-08T01:45:28.4364236Z [2025-09-08 01:45:28] [build-stdout] [INFO] [4] Extracted file /home/runner/work/scratchattach/scratchattach/scratch_chat_requests.py in 54ms
2025-09-08T01:45:28.4732184Z [2025-09-08 01:45:28] [build-stdout] [INFO] Processed 15 modules in 0.21s
2025-09-08T01:45:28.5164047Z ##[endgroup]
2025-09-08T01:45:28.5170675Z ##[group]Finalizing python
2025-09-08T01:45:28.5172475Z [command]/opt/hostedtoolcache/CodeQL/2.23.0/x64/codeql/codeql database finalize --finalize-dataset --threads=4 --ram=14581 /home/runner/work/_temp/codeql_databases/python
2025-09-08T01:45:29.2547203Z Running pre-finalize script /opt/hostedtoolcache/CodeQL/2.23.0/x64/codeql/python/tools/pre-finalize.sh in /home/runner/work/scratchattach/scratchattach.
2025-09-08T01:45:29.3281147Z Running command in /home/runner/work/scratchattach/scratchattach: [/opt/hostedtoolcache/CodeQL/2.23.0/x64/codeql/python/tools/pre-finalize.sh]
2025-09-08T01:45:30.0678447Z [2025-09-08 01:45:30] [build-stderr] Scanning for files in /home/runner/work/scratchattach/scratchattach...
2025-09-08T01:45:30.1659011Z [2025-09-08 01:45:30] [build-stderr] /home/runner/work/_temp/codeql_databases/python: Indexing files in in /home/runner/work/scratchattach/scratchattach...
2025-09-08T01:45:30.1987553Z [2025-09-08 01:45:30] [build-stderr] Running command in /home/runner/work/scratchattach/scratchattach: [/opt/hostedtoolcache/CodeQL/2.23.0/x64/codeql/yaml/tools/index-files.sh, /home/runner/work/_temp/codeql_databases/python/working/files-to-index17628035859301478697.list]
2025-09-08T01:45:30.5810596Z Pre-finalize script /opt/hostedtoolcache/CodeQL/2.23.0/x64/codeql/python/tools/pre-finalize.sh completed in 1326 ms.
2025-09-08T01:45:30.5842177Z Running TRAP import for CodeQL database at /home/runner/work/_temp/codeql_databases/python...
2025-09-08T01:45:31.3154745Z Importing TRAP files
2025-09-08T01:45:31.7015217Z Merging relations
2025-09-08T01:45:31.9537521Z Finished writing database (relations: 92.95 KiB; string pool: 2.08 MiB).
2025-09-08T01:45:31.9874189Z TRAP import complete (1.4s).
2025-09-08T01:45:32.1687168Z Finished zipping source archive (11.08 KiB).
2025-09-08T01:45:32.1911356Z ##[endgroup]
2025-09-08T01:45:32.1917492Z ##[group]Running queries for python
2025-09-08T01:45:32.1919358Z [command]/opt/hostedtoolcache/CodeQL/2.23.0/x64/codeql/codeql database run-queries --ram=14581 --threads=4 --expect-discarded-cache /home/runner/work/_temp/codeql_databases/python --intra-layer-parallelism --min-disk-free=1024 -v
2025-09-08T01:45:32.9217324Z Writing logs to /home/runner/work/_temp/codeql_databases/python/log/database-run-queries-20250908.014532.918.log.
2025-09-08T01:45:32.9689186Z Stringpool size measured as 2179482
2025-09-08T01:45:33.5888715Z Writing logs to /home/runner/work/_temp/codeql_databases/python/log/execute-queries-20250908.014533.582.log.
2025-09-08T01:45:33.9068540Z Recording pack reference codeql/python-queries at /opt/hostedtoolcache/CodeQL/2.23.0/x64/codeql/qlpacks/codeql/python-queries/1.6.4.
2025-09-08T01:45:36.1111742Z Compiling in 3 threads due to RAM limits.
2025-09-08T01:45:37.3361557Z [1/43] Loaded /opt/hostedtoolcache/CodeQL/2.23.0/x64/codeql/qlpacks/codeql/python-queries/1.6.4/Security/CWE-116/BadTagFilter.qlx.
2025-09-08T01:45:37.5120506Z [2/43] Loaded /opt/hostedtoolcache/CodeQL/2.23.0/x64/codeql/qlpacks/codeql/python-queries/1.6.4/Security/CWE-209/StackTraceExposure.qlx.
2025-09-08T01:45:37.6406081Z [3/43] Loaded /opt/hostedtoolcache/CodeQL/2.23.0/x64/codeql/qlpacks/codeql/python-queries/1.6.4/Security/CWE-327/InsecureProtocol.qlx.
2025-09-08T01:45:37.6519729Z [4/43] Loaded /opt/hostedtoolcache/CodeQL/2.23.0/x64/codeql/qlpacks/codeql/python-queries/1.6.4/Security/CWE-090/LdapInjection.qlx.
2025-09-08T01:45:37.7145442Z [5/43] Loaded /opt/hostedtoolcache/CodeQL/2.23.0/x64/codeql/qlpacks/codeql/python-queries/1.6.4/Security/CWE-327/BrokenCryptoAlgorithm.qlx.
2025-09-08T01:45:37.7247301Z [6/43] Loaded /opt/hostedtoolcache/CodeQL/2.23.0/x64/codeql/qlpacks/codeql/python-queries/1.6.4/Security/CWE-327/InsecureDefaultProtocol.qlx.
2025-09-08T01:45:37.8301701Z [7/43] Loaded /opt/hostedtoolcache/CodeQL/2.23.0/x64/codeql/qlpacks/codeql/python-queries/1.6.4/Security/CWE-327/WeakSensitiveDataHashing.qlx.
2025-09-08T01:45:37.9745353Z [8/43] Loaded /opt/hostedtoolcache/CodeQL/2.23.0/x64/codeql/qlpacks/codeql/python-queries/1.6.4/Security/CWE-074/TemplateInjection.qlx.
2025-09-08T01:45:37.9829599Z [9/43] Loaded /opt/hostedtoolcache/CodeQL/2.23.0/x64/codeql/qlpacks/codeql/python-queries/1.6.4/Security/CWE-643/XpathInjection.qlx.
2025-09-08T01:45:38.0486431Z [10/43] Loaded /opt/hostedtoolcache/CodeQL/2.23.0/x64/codeql/qlpacks/codeql/python-queries/1.6.4/Security/CVE-2018-1281/BindToAllInterfaces.qlx.
2025-09-08T01:45:38.0517965Z [11/43] Loaded /opt/hostedtoolcache/CodeQL/2.23.0/x64/codeql/qlpacks/codeql/python-queries/1.6.4/Security/CWE-352/CSRFProtectionDisabled.qlx.
2025-09-08T01:45:38.0596566Z [12/43] Loaded /opt/hostedtoolcache/CodeQL/2.23.0/x64/codeql/qlpacks/codeql/python-queries/1.6.4/Security/CWE-776/XmlBomb.qlx.
2025-09-08T01:45:38.0924730Z [13/43] Loaded /opt/hostedtoolcache/CodeQL/2.23.0/x64/codeql/qlpacks/codeql/python-queries/1.6.4/Security/CWE-295/MissingHostKeyValidation.qlx.
2025-09-08T01:45:38.2632734Z [14/43] Loaded /opt/hostedtoolcache/CodeQL/2.23.0/x64/codeql/qlpacks/codeql/python-queries/1.6.4/Security/CWE-094/CodeInjection.qlx.
2025-09-08T01:45:38.2991474Z [15/43] Loaded /opt/hostedtoolcache/CodeQL/2.23.0/x64/codeql/qlpacks/codeql/python-queries/1.6.4/Security/CWE-918/FullServerSideRequestForgery.qlx.
2025-09-08T01:45:38.3833104Z [16/43] Loaded /opt/hostedtoolcache/CodeQL/2.23.0/x64/codeql/qlpacks/codeql/python-queries/1.6.4/Security/CWE-730/PolynomialReDoS.qlx.
2025-09-08T01:45:38.3938660Z [17/43] Loaded /opt/hostedtoolcache/CodeQL/2.23.0/x64/codeql/qlpacks/codeql/python-queries/1.6.4/Security/CWE-730/ReDoS.qlx.
2025-09-08T01:45:38.4405431Z [18/43] Loaded /opt/hostedtoolcache/CodeQL/2.23.0/x64/codeql/qlpacks/codeql/python-queries/1.6.4/Security/CWE-730/RegexInjection.qlx.
2025-09-08T01:45:38.4920126Z [19/43] Loaded /opt/hostedtoolcache/CodeQL/2.23.0/x64/codeql/qlpacks/codeql/python-queries/1.6.4/Security/CWE-614/InsecureCookie.qlx.
2025-09-08T01:45:38.5802839Z [20/43] Loaded /opt/hostedtoolcache/CodeQL/2.23.0/x64/codeql/qlpacks/codeql/python-queries/1.6.4/Security/CWE-502/UnsafeDeserialization.qlx.
2025-09-08T01:45:38.6463823Z [21/43] Loaded /opt/hostedtoolcache/CodeQL/2.23.0/x64/codeql/qlpacks/codeql/python-queries/1.6.4/Security/CWE-312/CleartextStorage.qlx.
2025-09-08T01:45:38.6619499Z [22/43] Loaded /opt/hostedtoolcache/CodeQL/2.23.0/x64/codeql/qlpacks/codeql/python-queries/1.6.4/Security/CWE-078/CommandInjection.qlx.
2025-09-08T01:45:38.6829034Z [23/43] Loaded /opt/hostedtoolcache/CodeQL/2.23.0/x64/codeql/qlpacks/codeql/python-queries/1.6.4/Security/CWE-312/CleartextLogging.qlx.
2025-09-08T01:45:38.7013244Z [24/43] Loaded /opt/hostedtoolcache/CodeQL/2.23.0/x64/codeql/qlpacks/codeql/python-queries/1.6.4/Security/CWE-326/WeakCryptoKey.qlx.
2025-09-08T01:45:38.7350296Z [25/43] Loaded /opt/hostedtoolcache/CodeQL/2.23.0/x64/codeql/qlpacks/codeql/python-queries/1.6.4/Security/CWE-377/InsecureTemporaryFile.qlx.
2025-09-08T01:45:38.7744810Z [26/43] Loaded /opt/hostedtoolcache/CodeQL/2.23.0/x64/codeql/qlpacks/codeql/python-queries/1.6.4/Security/CWE-020/IncompleteUrlSubstringSanitization.qlx.
2025-09-08T01:45:38.9378938Z [27/43] Loaded /opt/hostedtoolcache/CodeQL/2.23.0/x64/codeql/qlpacks/codeql/python-queries/1.6.4/Security/CWE-113/HeaderInjection.qlx.
2025-09-08T01:45:38.9522779Z [28/43] Loaded /opt/hostedtoolcache/CodeQL/2.23.0/x64/codeql/qlpacks/codeql/python-queries/1.6.4/Security/CWE-020/OverlyLargeRange.qlx.
2025-09-08T01:45:38.9682141Z [29/43] Loaded /opt/hostedtoolcache/CodeQL/2.23.0/x64/codeql/qlpacks/codeql/python-queries/1.6.4/Security/CWE-943/NoSqlInjection.qlx.
2025-09-08T01:45:39.0156796Z [30/43] Loaded /opt/hostedtoolcache/CodeQL/2.23.0/x64/codeql/qlpacks/codeql/python-queries/1.6.4/Security/CWE-020/IncompleteHostnameRegExp.qlx.
2025-09-08T01:45:39.0977543Z [31/43] Loaded /opt/hostedtoolcache/CodeQL/2.23.0/x64/codeql/qlpacks/codeql/python-queries/1.6.4/Security/CWE-079/ReflectedXss.qlx.
2025-09-08T01:45:39.1344594Z [32/43] Loaded /opt/hostedtoolcache/CodeQL/2.23.0/x64/codeql/qlpacks/codeql/python-queries/1.6.4/Security/CWE-020/CookieInjection.qlx.
2025-09-08T01:45:39.1610969Z [33/43] Loaded /opt/hostedtoolcache/CodeQL/2.23.0/x64/codeql/qlpacks/codeql/python-queries/1.6.4/Security/CWE-022/PathInjection.qlx.
2025-09-08T01:45:39.2669830Z [34/43] Loaded /opt/hostedtoolcache/CodeQL/2.23.0/x64/codeql/qlpacks/codeql/python-queries/1.6.4/Security/CWE-285/PamAuthorization.qlx.
2025-09-08T01:45:39.2792510Z [35/43] Loaded /opt/hostedtoolcache/CodeQL/2.23.0/x64/codeql/qlpacks/codeql/python-queries/1.6.4/Security/CWE-215/FlaskDebug.qlx.
2025-09-08T01:45:39.3917721Z [36/43] Loaded /opt/hostedtoolcache/CodeQL/2.23.0/x64/codeql/qlpacks/codeql/python-queries/1.6.4/Security/CWE-089/SqlInjection.qlx.
2025-09-08T01:45:39.4016783Z [37/43] Loaded /opt/hostedtoolcache/CodeQL/2.23.0/x64/codeql/qlpacks/codeql/python-queries/1.6.4/Security/CWE-601/UrlRedirect.qlx.
2025-09-08T01:45:39.4160678Z [38/43] Loaded /opt/hostedtoolcache/CodeQL/2.23.0/x64/codeql/qlpacks/codeql/python-queries/1.6.4/Security/CWE-611/Xxe.qlx.
2025-09-08T01:45:39.4240081Z [39/43] Loaded /opt/hostedtoolcache/CodeQL/2.23.0/x64/codeql/qlpacks/codeql/python-queries/1.6.4/Diagnostics/ExtractionWarnings.qlx.
2025-09-08T01:45:39.4304295Z [40/43] Loaded /opt/hostedtoolcache/CodeQL/2.23.0/x64/codeql/qlpacks/codeql/python-queries/1.6.4/Expressions/UseofInput.qlx.
2025-09-08T01:45:39.4344935Z [41/43] Loaded /opt/hostedtoolcache/CodeQL/2.23.0/x64/codeql/qlpacks/codeql/python-queries/1.6.4/Diagnostics/ExtractedFiles.qlx.
2025-09-08T01:45:39.4346935Z [42/43] Loaded /opt/hostedtoolcache/CodeQL/2.23.0/x64/codeql/qlpacks/codeql/python-queries/1.6.4/Summary/LinesOfCode.qlx.
2025-09-08T01:45:39.4432813Z [43/43] Loaded /opt/hostedtoolcache/CodeQL/2.23.0/x64/codeql/qlpacks/codeql/python-queries/1.6.4/Summary/LinesOfUserCode.qlx.
2025-09-08T01:45:39.7752819Z Starting evaluation of codeql/python-queries/Diagnostics/ExtractedFiles.ql.
2025-09-08T01:45:39.7764721Z Starting evaluation of codeql/python-queries/Expressions/UseofInput.ql.
2025-09-08T01:45:39.7765592Z Starting evaluation of codeql/python-queries/Diagnostics/ExtractionWarnings.ql.
2025-09-08T01:45:39.7768070Z Starting evaluation of codeql/python-queries/Security/CVE-2018-1281/BindToAllInterfaces.ql.
2025-09-08T01:45:39.7814618Z Starting evaluation of codeql/python-queries/Security/CWE-020/CookieInjection.ql.
2025-09-08T01:45:39.7815799Z Starting evaluation of codeql/python-queries/Security/CWE-020/IncompleteHostnameRegExp.ql.
2025-09-08T01:45:39.7817115Z Starting evaluation of codeql/python-queries/Security/CWE-020/IncompleteUrlSubstringSanitization.ql.
2025-09-08T01:45:40.0334827Z [1/43 eval 246ms] Evaluation done; writing results to codeql/python-queries/Diagnostics/ExtractionWarnings.bqrs.
2025-09-08T01:45:40.0594992Z [2/43 eval 280ms] Evaluation done; writing results to codeql/python-queries/Diagnostics/ExtractedFiles.bqrs.
2025-09-08T01:45:40.1341362Z [3/43 eval 353ms] Evaluation done; writing results to codeql/python-queries/Security/CWE-020/IncompleteUrlSubstringSanitization.bqrs.
2025-09-08T01:45:40.7456844Z Starting evaluation of codeql/python-queries/Security/CWE-020/OverlyLargeRange.ql.
2025-09-08T01:45:40.7479000Z Starting evaluation of codeql/python-queries/Security/CWE-022/PathInjection.ql.
2025-09-08T01:45:40.8234898Z Starting evaluation of codeql/python-queries/Security/CWE-074/TemplateInjection.ql.
2025-09-08T01:45:40.9044204Z Starting evaluation of codeql/python-queries/Security/CWE-078/CommandInjection.ql.
2025-09-08T01:45:40.9335869Z Starting evaluation of codeql/python-queries/Security/CWE-079/ReflectedXss.ql.
2025-09-08T01:45:40.9739294Z Starting evaluation of codeql/python-queries/Security/CWE-089/SqlInjection.ql.
2025-09-08T01:45:40.9745183Z Starting evaluation of codeql/python-queries/Security/CWE-090/LdapInjection.ql.
2025-09-08T01:45:41.0038540Z Starting evaluation of codeql/python-queries/Security/CWE-094/CodeInjection.ql.
2025-09-08T01:45:41.0406387Z Starting evaluation of codeql/python-queries/Security/CWE-113/HeaderInjection.ql.
2025-09-08T01:45:41.0662092Z Starting evaluation of codeql/python-queries/Security/CWE-116/BadTagFilter.ql.
2025-09-08T01:45:41.0668513Z Starting evaluation of codeql/python-queries/Security/CWE-209/StackTraceExposure.ql.
2025-09-08T01:45:41.0908772Z Starting evaluation of codeql/python-queries/Security/CWE-215/FlaskDebug.ql.
2025-09-08T01:45:41.1007264Z Starting evaluation of codeql/python-queries/Security/CWE-285/PamAuthorization.ql.
2025-09-08T01:45:41.1260530Z Starting evaluation of codeql/python-queries/Security/CWE-295/MissingHostKeyValidation.ql.
2025-09-08T01:45:41.1261804Z Starting evaluation of codeql/python-queries/Security/CWE-312/CleartextLogging.ql.
2025-09-08T01:45:41.1264742Z Starting evaluation of codeql/python-queries/Security/CWE-312/CleartextStorage.ql.
2025-09-08T01:45:41.2838796Z Starting evaluation of codeql/python-queries/Security/CWE-326/WeakCryptoKey.ql.
2025-09-08T01:45:41.2863826Z Starting evaluation of codeql/python-queries/Security/CWE-327/InsecureProtocol.ql.
2025-09-08T01:45:41.2895608Z Starting evaluation of codeql/python-queries/Security/CWE-327/BrokenCryptoAlgorithm.ql.
2025-09-08T01:45:41.2909918Z Starting evaluation of codeql/python-queries/Security/CWE-327/InsecureDefaultProtocol.ql.
2025-09-08T01:45:41.3647199Z Starting evaluation of codeql/python-queries/Security/CWE-327/WeakSensitiveDataHashing.ql.
2025-09-08T01:45:41.3652407Z Starting evaluation of codeql/python-queries/Security/CWE-352/CSRFProtectionDisabled.ql.
2025-09-08T01:45:41.3752602Z [4/43 eval 9ms] Evaluation done; writing results to codeql/python-queries/Security/CWE-352/CSRFProtectionDisabled.bqrs.
2025-09-08T01:45:41.4239173Z Starting evaluation of codeql/python-queries/Security/CWE-377/InsecureTemporaryFile.ql.
2025-09-08T01:45:41.4245544Z Starting evaluation of codeql/python-queries/Security/CWE-502/UnsafeDeserialization.ql.
2025-09-08T01:45:41.5576554Z Starting evaluation of codeql/python-queries/Security/CWE-601/UrlRedirect.ql.
2025-09-08T01:45:41.5947597Z Starting evaluation of codeql/python-queries/Security/CWE-611/Xxe.ql.
2025-09-08T01:45:41.6108727Z Starting evaluation of codeql/python-queries/Security/CWE-614/InsecureCookie.ql.
2025-09-08T01:45:41.6117279Z Starting evaluation of codeql/python-queries/Security/CWE-643/XpathInjection.ql.
2025-09-08T01:45:41.6381078Z Starting evaluation of codeql/python-queries/Security/CWE-730/PolynomialReDoS.ql.
2025-09-08T01:45:41.6549354Z Starting evaluation of codeql/python-queries/Security/CWE-730/ReDoS.ql.
2025-09-08T01:45:41.6599922Z Starting evaluation of codeql/python-queries/Security/CWE-730/RegexInjection.ql.
2025-09-08T01:45:41.6816621Z Starting evaluation of codeql/python-queries/Security/CWE-776/XmlBomb.ql.
2025-09-08T01:45:41.7195386Z Starting evaluation of codeql/python-queries/Security/CWE-918/FullServerSideRequestForgery.ql.
2025-09-08T01:45:41.8055124Z [5/43 eval 513ms] Evaluation done; writing results to codeql/python-queries/Security/CWE-327/InsecureDefaultProtocol.bqrs.
2025-09-08T01:45:41.8114565Z [6/43 eval 2s] Evaluation done; writing results to codeql/python-queries/Security/CVE-2018-1281/BindToAllInterfaces.bqrs.
2025-09-08T01:45:41.8121503Z [7/43 eval 687ms] Evaluation done; writing results to codeql/python-queries/Security/CWE-295/MissingHostKeyValidation.bqrs.
2025-09-08T01:45:41.8139655Z [8/43 eval 2s] Evaluation done; writing results to codeql/python-queries/Expressions/UseofInput.bqrs.
2025-09-08T01:45:41.9604005Z [9/43 eval 670ms] Evaluation done; writing results to codeql/python-queries/Security/CWE-327/BrokenCryptoAlgorithm.bqrs.
2025-09-08T01:45:41.9626205Z [10/43 eval 676ms] Evaluation done; writing results to codeql/python-queries/Security/CWE-326/WeakCryptoKey.bqrs.
2025-09-08T01:45:42.0566631Z [11/43 eval 692ms] Evaluation done; writing results to codeql/python-queries/Security/CWE-327/WeakSensitiveDataHashing.bqrs.
2025-09-08T01:45:42.0839488Z Starting evaluation of codeql/python-queries/Security/CWE-943/NoSqlInjection.ql.
2025-09-08T01:45:42.1092847Z Starting evaluation of codeql/python-queries/Summary/LinesOfCode.ql.
2025-09-08T01:45:42.1094290Z Starting evaluation of codeql/python-queries/Summary/LinesOfUserCode.ql.
2025-09-08T01:45:42.1095414Z [12/43 eval 2ms] Evaluation done; writing results to codeql/python-queries/Summary/LinesOfCode.bqrs.
2025-09-08T01:45:42.1312117Z [13/43 eval 24ms] Evaluation done; writing results to codeql/python-queries/Summary/LinesOfUserCode.bqrs.
2025-09-08T01:45:42.4854843Z [14/43 eval 402ms] Evaluation done; writing results to codeql/python-queries/Security/CWE-943/NoSqlInjection.bqrs.
2025-09-08T01:45:42.5406074Z [15/43 eval 1.7s] Evaluation done; writing results to codeql/python-queries/Security/CWE-074/TemplateInjection.bqrs.
2025-09-08T01:45:42.5743881Z [16/43 eval 961ms] Evaluation done; writing results to codeql/python-queries/Security/CWE-643/XpathInjection.bqrs.
2025-09-08T01:45:42.5907652Z [17/43 eval 1s] Evaluation done; writing results to codeql/python-queries/Security/CWE-601/UrlRedirect.bqrs.
2025-09-08T01:45:42.6873343Z [18/43 eval 1.9s] Evaluation done; writing results to codeql/python-queries/Security/CWE-020/OverlyLargeRange.bqrs.
2025-09-08T01:45:42.6945198Z [19/43 eval 2.9s] Evaluation done; writing results to codeql/python-queries/Security/CWE-020/IncompleteHostnameRegExp.bqrs.
2025-09-08T01:45:42.7055920Z [20/43 eval 1.6s] Evaluation done; writing results to codeql/python-queries/Security/CWE-116/BadTagFilter.bqrs.
2025-09-08T01:45:42.7087878Z [21/43 eval 1.1s] Evaluation done; writing results to codeql/python-queries/Security/CWE-730/ReDoS.bqrs.
2025-09-08T01:45:42.7092414Z [22/43 eval 1.1s] Evaluation done; writing results to codeql/python-queries/Security/CWE-730/PolynomialReDoS.bqrs.
2025-09-08T01:45:42.7236371Z [23/43 eval 2.9s] Evaluation done; writing results to codeql/python-queries/Security/CWE-020/CookieInjection.bqrs.
2025-09-08T01:45:42.7444867Z [24/43 eval 1.7s] Evaluation done; writing results to codeql/python-queries/Security/CWE-094/CodeInjection.bqrs.
2025-09-08T01:45:42.7973055Z [25/43 eval 1.2s] Evaluation done; writing results to codeql/python-queries/Security/CWE-611/Xxe.bqrs.
2025-09-08T01:45:42.8515028Z [26/43 eval 1.9s] Evaluation done; writing results to codeql/python-queries/Security/CWE-079/ReflectedXss.bqrs.
2025-09-08T01:45:42.8683884Z [27/43 eval 1.9s] Evaluation done; writing results to codeql/python-queries/Security/CWE-089/SqlInjection.bqrs.
2025-09-08T01:45:42.9015330Z [28/43 eval 2s] Evaluation done; writing results to codeql/python-queries/Security/CWE-078/CommandInjection.bqrs.
2025-09-08T01:45:42.9111116Z [29/43 eval 1.9s] Evaluation done; writing results to codeql/python-queries/Security/CWE-090/LdapInjection.bqrs.
2025-09-08T01:45:42.9121210Z [30/43 eval 2.2s] Evaluation done; writing results to codeql/python-queries/Security/CWE-022/PathInjection.bqrs.
2025-09-08T01:45:42.9315523Z [31/43 eval 1.8s] Evaluation done; writing results to codeql/python-queries/Security/CWE-285/PamAuthorization.bqrs.
2025-09-08T01:45:42.9488770Z [32/43 eval 1.9s] Evaluation done; writing results to codeql/python-queries/Security/CWE-209/StackTraceExposure.bqrs.
2025-09-08T01:45:42.9516904Z [33/43 eval 1.9s] Evaluation done; writing results to codeql/python-queries/Security/CWE-215/FlaskDebug.bqrs.
2025-09-08T01:45:42.9635069Z [34/43 eval 1.9s] Evaluation done; writing results to codeql/python-queries/Security/CWE-113/HeaderInjection.bqrs.
2025-09-08T01:45:42.9900907Z [35/43 eval 1.9s] Evaluation done; writing results to codeql/python-queries/Security/CWE-312/CleartextStorage.bqrs.
2025-09-08T01:45:43.0229214Z [36/43 eval 1.6s] Evaluation done; writing results to codeql/python-queries/Security/CWE-377/InsecureTemporaryFile.bqrs.
2025-09-08T01:45:43.0597889Z [37/43 eval 1.8s] Evaluation done; writing results to codeql/python-queries/Security/CWE-327/InsecureProtocol.bqrs.
2025-09-08T01:45:43.0861536Z [38/43 eval 1.7s] Evaluation done; writing results to codeql/python-queries/Security/CWE-502/UnsafeDeserialization.bqrs.
2025-09-08T01:45:43.1090600Z [39/43 eval 1.4s] Evaluation done; writing results to codeql/python-queries/Security/CWE-730/RegexInjection.bqrs.
2025-09-08T01:45:43.1160395Z [40/43 eval 1.5s] Evaluation done; writing results to codeql/python-queries/Security/CWE-614/InsecureCookie.bqrs.
2025-09-08T01:45:43.1314344Z [41/43 eval 1.4s] Evaluation done; writing results to codeql/python-queries/Security/CWE-918/FullServerSideRequestForgery.bqrs.
2025-09-08T01:45:43.1370596Z [42/43 eval 1.5s] Evaluation done; writing results to codeql/python-queries/Security/CWE-776/XmlBomb.bqrs.
2025-09-08T01:45:43.1630614Z [43/43 eval 2s] Evaluation done; writing results to codeql/python-queries/Security/CWE-312/CleartextLogging.bqrs.
2025-09-08T01:45:43.1655509Z Shutting down query evaluator.
2025-09-08T01:45:43.2441341Z ##[group]Interpreting results for python
2025-09-08T01:45:43.9734034Z Writing logs to /home/runner/work/_temp/codeql_databases/python/log/database-interpret-results-20250908.014543.970.log.
2025-09-08T01:45:44.1292170Z Recording pack reference codeql/python-queries at /opt/hostedtoolcache/CodeQL/2.23.0/x64/codeql/qlpacks/codeql/python-queries/1.6.4.
2025-09-08T01:45:44.1571689Z Resolving extensions
2025-09-08T01:45:45.2334654Z Interpreting /opt/hostedtoolcache/CodeQL/2.23.0/x64/codeql/qlpacks/codeql/python-queries/1.6.4/Security/CWE-116/BadTagFilter.ql...
2025-09-08T01:45:45.2555257Z  ... found results file at /home/runner/work/_temp/codeql_databases/python/results/codeql/python-queries/Security/CWE-116/BadTagFilter.bqrs.
2025-09-08T01:45:45.2718329Z Interpreting /opt/hostedtoolcache/CodeQL/2.23.0/x64/codeql/qlpacks/codeql/python-queries/1.6.4/Security/CWE-209/StackTraceExposure.ql...
2025-09-08T01:45:45.2862985Z  ... found results file at /home/runner/work/_temp/codeql_databases/python/results/codeql/python-queries/Security/CWE-209/StackTraceExposure.bqrs.
2025-09-08T01:45:45.2894325Z Interpreting /opt/hostedtoolcache/CodeQL/2.23.0/x64/codeql/qlpacks/codeql/python-queries/1.6.4/Security/CWE-090/LdapInjection.ql...
2025-09-08T01:45:45.3024693Z  ... found results file at /home/runner/work/_temp/codeql_databases/python/results/codeql/python-queries/Security/CWE-090/LdapInjection.bqrs.
2025-09-08T01:45:45.3026390Z Interpreting /opt/hostedtoolcache/CodeQL/2.23.0/x64/codeql/qlpacks/codeql/python-queries/1.6.4/Security/CWE-327/InsecureProtocol.ql...
2025-09-08T01:45:45.3126386Z  ... found results file at /home/runner/work/_temp/codeql_databases/python/results/codeql/python-queries/Security/CWE-327/InsecureProtocol.bqrs.
2025-09-08T01:45:45.3132405Z Interpreting /opt/hostedtoolcache/CodeQL/2.23.0/x64/codeql/qlpacks/codeql/python-queries/1.6.4/Security/CWE-327/WeakSensitiveDataHashing.ql...
2025-09-08T01:45:45.3228937Z  ... found results file at /home/runner/work/_temp/codeql_databases/python/results/codeql/python-queries/Security/CWE-327/WeakSensitiveDataHashing.bqrs.
2025-09-08T01:45:45.3238330Z Interpreting /opt/hostedtoolcache/CodeQL/2.23.0/x64/codeql/qlpacks/codeql/python-queries/1.6.4/Security/CWE-327/InsecureDefaultProtocol.ql...
2025-09-08T01:45:45.3339014Z  ... found results file at /home/runner/work/_temp/codeql_databases/python/results/codeql/python-queries/Security/CWE-327/InsecureDefaultProtocol.bqrs.
2025-09-08T01:45:45.3340772Z Interpreting /opt/hostedtoolcache/CodeQL/2.23.0/x64/codeql/qlpacks/codeql/python-queries/1.6.4/Security/CWE-327/BrokenCryptoAlgorithm.ql...
2025-09-08T01:45:45.3430532Z  ... found results file at /home/runner/work/_temp/codeql_databases/python/results/codeql/python-queries/Security/CWE-327/BrokenCryptoAlgorithm.bqrs.
2025-09-08T01:45:45.3447760Z Interpreting /opt/hostedtoolcache/CodeQL/2.23.0/x64/codeql/qlpacks/codeql/python-queries/1.6.4/Security/CWE-074/TemplateInjection.ql...
2025-09-08T01:45:45.3562934Z  ... found results file at /home/runner/work/_temp/codeql_databases/python/results/codeql/python-queries/Security/CWE-074/TemplateInjection.bqrs.
2025-09-08T01:45:45.3565124Z Interpreting /opt/hostedtoolcache/CodeQL/2.23.0/x64/codeql/qlpacks/codeql/python-queries/1.6.4/Security/CWE-643/XpathInjection.ql...
2025-09-08T01:45:45.3654454Z  ... found results file at /home/runner/work/_temp/codeql_databases/python/results/codeql/python-queries/Security/CWE-643/XpathInjection.bqrs.
2025-09-08T01:45:45.3664223Z Interpreting /opt/hostedtoolcache/CodeQL/2.23.0/x64/codeql/qlpacks/codeql/python-queries/1.6.4/Security/CWE-776/XmlBomb.ql...
2025-09-08T01:45:45.3757450Z  ... found results file at /home/runner/work/_temp/codeql_databases/python/results/codeql/python-queries/Security/CWE-776/XmlBomb.bqrs.
2025-09-08T01:45:45.3759210Z Interpreting /opt/hostedtoolcache/CodeQL/2.23.0/x64/codeql/qlpacks/codeql/python-queries/1.6.4/Security/CVE-2018-1281/BindToAllInterfaces.ql...
2025-09-08T01:45:45.3860881Z  ... found results file at /home/runner/work/_temp/codeql_databases/python/results/codeql/python-queries/Security/CVE-2018-1281/BindToAllInterfaces.bqrs.
2025-09-08T01:45:45.3862773Z Interpreting /opt/hostedtoolcache/CodeQL/2.23.0/x64/codeql/qlpacks/codeql/python-queries/1.6.4/Security/CWE-352/CSRFProtectionDisabled.ql...
2025-09-08T01:45:45.3959282Z  ... found results file at /home/runner/work/_temp/codeql_databases/python/results/codeql/python-queries/Security/CWE-352/CSRFProtectionDisabled.bqrs.
2025-09-08T01:45:45.3961200Z Interpreting /opt/hostedtoolcache/CodeQL/2.23.0/x64/codeql/qlpacks/codeql/python-queries/1.6.4/Security/CWE-295/MissingHostKeyValidation.ql...
2025-09-08T01:45:45.4030709Z  ... found results file at /home/runner/work/_temp/codeql_databases/python/results/codeql/python-queries/Security/CWE-295/MissingHostKeyValidation.bqrs.
2025-09-08T01:45:45.4032426Z Interpreting /opt/hostedtoolcache/CodeQL/2.23.0/x64/codeql/qlpacks/codeql/python-queries/1.6.4/Security/CWE-094/CodeInjection.ql...
2025-09-08T01:45:45.4120574Z  ... found results file at /home/runner/work/_temp/codeql_databases/python/results/codeql/python-queries/Security/CWE-094/CodeInjection.bqrs.
2025-09-08T01:45:45.4126885Z Interpreting /opt/hostedtoolcache/CodeQL/2.23.0/x64/codeql/qlpacks/codeql/python-queries/1.6.4/Security/CWE-918/FullServerSideRequestForgery.ql...
2025-09-08T01:45:45.4211120Z  ... found results file at /home/runner/work/_temp/codeql_databases/python/results/codeql/python-queries/Security/CWE-918/FullServerSideRequestForgery.bqrs.
2025-09-08T01:45:45.4228090Z Interpreting /opt/hostedtoolcache/CodeQL/2.23.0/x64/codeql/qlpacks/codeql/python-queries/1.6.4/Security/CWE-730/PolynomialReDoS.ql...
2025-09-08T01:45:45.4317303Z  ... found results file at /home/runner/work/_temp/codeql_databases/python/results/codeql/python-queries/Security/CWE-730/PolynomialReDoS.bqrs.
2025-09-08T01:45:45.4321045Z Interpreting /opt/hostedtoolcache/CodeQL/2.23.0/x64/codeql/qlpacks/codeql/python-queries/1.6.4/Security/CWE-730/RegexInjection.ql...
2025-09-08T01:45:45.4404881Z  ... found results file at /home/runner/work/_temp/codeql_databases/python/results/codeql/python-queries/Security/CWE-730/RegexInjection.bqrs.
2025-09-08T01:45:45.4409055Z Interpreting /opt/hostedtoolcache/CodeQL/2.23.0/x64/codeql/qlpacks/codeql/python-queries/1.6.4/Security/CWE-730/ReDoS.ql...
2025-09-08T01:45:45.4495833Z  ... found results file at /home/runner/work/_temp/codeql_databases/python/results/codeql/python-queries/Security/CWE-730/ReDoS.bqrs.
2025-09-08T01:45:45.4506846Z Interpreting /opt/hostedtoolcache/CodeQL/2.23.0/x64/codeql/qlpacks/codeql/python-queries/1.6.4/Security/CWE-502/UnsafeDeserialization.ql...
2025-09-08T01:45:45.4585126Z  ... found results file at /home/runner/work/_temp/codeql_databases/python/results/codeql/python-queries/Security/CWE-502/UnsafeDeserialization.bqrs.
2025-09-08T01:45:45.4590384Z Interpreting /opt/hostedtoolcache/CodeQL/2.23.0/x64/codeql/qlpacks/codeql/python-queries/1.6.4/Security/CWE-614/InsecureCookie.ql...
2025-09-08T01:45:45.4674543Z  ... found results file at /home/runner/work/_temp/codeql_databases/python/results/codeql/python-queries/Security/CWE-614/InsecureCookie.bqrs.
2025-09-08T01:45:45.4688917Z Interpreting /opt/hostedtoolcache/CodeQL/2.23.0/x64/codeql/qlpacks/codeql/python-queries/1.6.4/Security/CWE-078/CommandInjection.ql...
2025-09-08T01:45:45.4778435Z  ... found results file at /home/runner/work/_temp/codeql_databases/python/results/codeql/python-queries/Security/CWE-078/CommandInjection.bqrs.
2025-09-08T01:45:45.4783181Z Interpreting /opt/hostedtoolcache/CodeQL/2.23.0/x64/codeql/qlpacks/codeql/python-queries/1.6.4/Security/CWE-312/CleartextStorage.ql...
2025-09-08T01:45:45.4845603Z  ... found results file at /home/runner/work/_temp/codeql_databases/python/results/codeql/python-queries/Security/CWE-312/CleartextStorage.bqrs.
2025-09-08T01:45:45.4851784Z Interpreting /opt/hostedtoolcache/CodeQL/2.23.0/x64/codeql/qlpacks/codeql/python-queries/1.6.4/Security/CWE-312/CleartextLogging.ql...
2025-09-08T01:45:45.4928911Z  ... found results file at /home/runner/work/_temp/codeql_databases/python/results/codeql/python-queries/Security/CWE-312/CleartextLogging.bqrs.
2025-09-08T01:45:45.4956132Z Interpreting /opt/hostedtoolcache/CodeQL/2.23.0/x64/codeql/qlpacks/codeql/python-queries/1.6.4/Security/CWE-326/WeakCryptoKey.ql...
2025-09-08T01:45:45.5003368Z  ... found results file at /home/runner/work/_temp/codeql_databases/python/results/codeql/python-queries/Security/CWE-326/WeakCryptoKey.bqrs.
2025-09-08T01:45:45.5009992Z Interpreting /opt/hostedtoolcache/CodeQL/2.23.0/x64/codeql/qlpacks/codeql/python-queries/1.6.4/Security/CWE-113/HeaderInjection.ql...
2025-09-08T01:45:45.5094270Z  ... found results file at /home/runner/work/_temp/codeql_databases/python/results/codeql/python-queries/Security/CWE-113/HeaderInjection.bqrs.
2025-09-08T01:45:45.5100001Z Interpreting /opt/hostedtoolcache/CodeQL/2.23.0/x64/codeql/qlpacks/codeql/python-queries/1.6.4/Security/CWE-377/InsecureTemporaryFile.ql...
2025-09-08T01:45:45.5156955Z  ... found results file at /home/runner/work/_temp/codeql_databases/python/results/codeql/python-queries/Security/CWE-377/InsecureTemporaryFile.bqrs.
2025-09-08T01:45:45.5159890Z Interpreting /opt/hostedtoolcache/CodeQL/2.23.0/x64/codeql/qlpacks/codeql/python-queries/1.6.4/Security/CWE-943/NoSqlInjection.ql...
2025-09-08T01:45:45.5219770Z  ... found results file at /home/runner/work/_temp/codeql_databases/python/results/codeql/python-queries/Security/CWE-943/NoSqlInjection.bqrs.
2025-09-08T01:45:45.5226108Z Interpreting /opt/hostedtoolcache/CodeQL/2.23.0/x64/codeql/qlpacks/codeql/python-queries/1.6.4/Security/CWE-020/IncompleteUrlSubstringSanitization.ql...
2025-09-08T01:45:45.5306648Z  ... found results file at /home/runner/work/_temp/codeql_databases/python/results/codeql/python-queries/Security/CWE-020/IncompleteUrlSubstringSanitization.bqrs.
2025-09-08T01:45:45.5308722Z Interpreting /opt/hostedtoolcache/CodeQL/2.23.0/x64/codeql/qlpacks/codeql/python-queries/1.6.4/Security/CWE-020/OverlyLargeRange.ql...
2025-09-08T01:45:45.5352859Z  ... found results file at /home/runner/work/_temp/codeql_databases/python/results/codeql/python-queries/Security/CWE-020/OverlyLargeRange.bqrs.
2025-09-08T01:45:45.5358487Z Interpreting /opt/hostedtoolcache/CodeQL/2.23.0/x64/codeql/qlpacks/codeql/python-queries/1.6.4/Security/CWE-020/CookieInjection.ql...
2025-09-08T01:45:45.5418270Z  ... found results file at /home/runner/work/_temp/codeql_databases/python/results/codeql/python-queries/Security/CWE-020/CookieInjection.bqrs.
2025-09-08T01:45:45.5423340Z Interpreting /opt/hostedtoolcache/CodeQL/2.23.0/x64/codeql/qlpacks/codeql/python-queries/1.6.4/Security/CWE-020/IncompleteHostnameRegExp.ql...
2025-09-08T01:45:45.5486927Z  ... found results file at /home/runner/work/_temp/codeql_databases/python/results/codeql/python-queries/Security/CWE-020/IncompleteHostnameRegExp.bqrs.
2025-09-08T01:45:45.5492053Z Interpreting /opt/hostedtoolcache/CodeQL/2.23.0/x64/codeql/qlpacks/codeql/python-queries/1.6.4/Security/CWE-079/ReflectedXss.ql...
2025-09-08T01:45:45.5560425Z  ... found results file at /home/runner/work/_temp/codeql_databases/python/results/codeql/python-queries/Security/CWE-079/ReflectedXss.bqrs.
2025-09-08T01:45:45.5582931Z Interpreting /opt/hostedtoolcache/CodeQL/2.23.0/x64/codeql/qlpacks/codeql/python-queries/1.6.4/Security/CWE-022/PathInjection.ql...
2025-09-08T01:45:45.5631088Z  ... found results file at /home/runner/work/_temp/codeql_databases/python/results/codeql/python-queries/Security/CWE-022/PathInjection.bqrs.
2025-09-08T01:45:45.5637817Z Interpreting /opt/hostedtoolcache/CodeQL/2.23.0/x64/codeql/qlpacks/codeql/python-queries/1.6.4/Security/CWE-285/PamAuthorization.ql...
2025-09-08T01:45:45.5709157Z  ... found results file at /home/runner/work/_temp/codeql_databases/python/results/codeql/python-queries/Security/CWE-285/PamAuthorization.bqrs.
2025-09-08T01:45:45.5710747Z Interpreting /opt/hostedtoolcache/CodeQL/2.23.0/x64/codeql/qlpacks/codeql/python-queries/1.6.4/Security/CWE-601/UrlRedirect.ql...
2025-09-08T01:45:45.5758660Z  ... found results file at /home/runner/work/_temp/codeql_databases/python/results/codeql/python-queries/Security/CWE-601/UrlRedirect.bqrs.
2025-09-08T01:45:45.5765011Z Interpreting /opt/hostedtoolcache/CodeQL/2.23.0/x64/codeql/qlpacks/codeql/python-queries/1.6.4/Security/CWE-215/FlaskDebug.ql...
2025-09-08T01:45:45.5818939Z  ... found results file at /home/runner/work/_temp/codeql_databases/python/results/codeql/python-queries/Security/CWE-215/FlaskDebug.bqrs.
2025-09-08T01:45:45.5831247Z Interpreting /opt/hostedtoolcache/CodeQL/2.23.0/x64/codeql/qlpacks/codeql/python-queries/1.6.4/Security/CWE-089/SqlInjection.ql...
2025-09-08T01:45:45.5884793Z  ... found results file at /home/runner/work/_temp/codeql_databases/python/results/codeql/python-queries/Security/CWE-089/SqlInjection.bqrs.
2025-09-08T01:45:45.5897209Z Interpreting /opt/hostedtoolcache/CodeQL/2.23.0/x64/codeql/qlpacks/codeql/python-queries/1.6.4/Security/CWE-611/Xxe.ql...
2025-09-08T01:45:45.5949687Z  ... found results file at /home/runner/work/_temp/codeql_databases/python/results/codeql/python-queries/Security/CWE-611/Xxe.bqrs.
2025-09-08T01:45:45.5958304Z Interpreting /opt/hostedtoolcache/CodeQL/2.23.0/x64/codeql/qlpacks/codeql/python-queries/1.6.4/Expressions/UseofInput.ql...
2025-09-08T01:45:45.6007682Z  ... found results file at /home/runner/work/_temp/codeql_databases/python/results/codeql/python-queries/Expressions/UseofInput.bqrs.
2025-09-08T01:45:45.6012654Z Interpreting /opt/hostedtoolcache/CodeQL/2.23.0/x64/codeql/qlpacks/codeql/python-queries/1.6.4/Diagnostics/ExtractionWarnings.ql...
2025-09-08T01:45:45.6068609Z  ... found results file at /home/runner/work/_temp/codeql_databases/python/results/codeql/python-queries/Diagnostics/ExtractionWarnings.bqrs.
2025-09-08T01:45:45.6073373Z Interpreting /opt/hostedtoolcache/CodeQL/2.23.0/x64/codeql/qlpacks/codeql/python-queries/1.6.4/Diagnostics/ExtractedFiles.ql...
2025-09-08T01:45:45.6140132Z  ... found results file at /home/runner/work/_temp/codeql_databases/python/results/codeql/python-queries/Diagnostics/ExtractedFiles.bqrs.
2025-09-08T01:45:45.6141645Z Interpreting /opt/hostedtoolcache/CodeQL/2.23.0/x64/codeql/qlpacks/codeql/python-queries/1.6.4/Summary/LinesOfCode.ql...
2025-09-08T01:45:45.6181245Z  ... found results file at /home/runner/work/_temp/codeql_databases/python/results/codeql/python-queries/Summary/LinesOfCode.bqrs.
2025-09-08T01:45:45.6187133Z Interpreting /opt/hostedtoolcache/CodeQL/2.23.0/x64/codeql/qlpacks/codeql/python-queries/1.6.4/Summary/LinesOfUserCode.ql...
2025-09-08T01:45:45.6245871Z  ... found results file at /home/runner/work/_temp/codeql_databases/python/results/codeql/python-queries/Summary/LinesOfUserCode.bqrs.
2025-09-08T01:45:45.6848143Z Interpreted problem query "Bad HTML filtering regexp" (py/bad-tag-filter) at path /home/runner/work/_temp/codeql_databases/python/results/codeql/python-queries/Security/CWE-116/BadTagFilter.bqrs.
2025-09-08T01:45:45.6862866Z Interpreted pathproblem query "Information exposure through an exception" (py/stack-trace-exposure) at path /home/runner/work/_temp/codeql_databases/python/results/codeql/python-queries/Security/CWE-209/StackTraceExposure.bqrs.
2025-09-08T01:45:45.6869502Z Interpreted pathproblem query "LDAP query built from user-controlled sources" (py/ldap-injection) at path /home/runner/work/_temp/codeql_databases/python/results/codeql/python-queries/Security/CWE-090/LdapInjection.bqrs.
2025-09-08T01:45:45.6875653Z Interpreted problem query "Use of insecure SSL/TLS version" (py/insecure-protocol) at path /home/runner/work/_temp/codeql_databases/python/results/codeql/python-queries/Security/CWE-327/InsecureProtocol.bqrs.
2025-09-08T01:45:45.6888826Z Interpreted pathproblem query "Use of a broken or weak cryptographic hashing algorithm on sensitive data" (py/weak-sensitive-data-hashing) at path /home/runner/work/_temp/codeql_databases/python/results/codeql/python-queries/Security/CWE-327/WeakSensitiveDataHashing.bqrs.
2025-09-08T01:45:45.6892405Z Interpreted problem query "Default version of SSL/TLS may be insecure" (py/insecure-default-protocol) at path /home/runner/work/_temp/codeql_databases/python/results/codeql/python-queries/Security/CWE-327/InsecureDefaultProtocol.bqrs.
2025-09-08T01:45:45.6926701Z Interpreted problem query "Use of a broken or weak cryptographic algorithm" (py/weak-cryptographic-algorithm) at path /home/runner/work/_temp/codeql_databases/python/results/codeql/python-queries/Security/CWE-327/BrokenCryptoAlgorithm.bqrs.
2025-09-08T01:45:45.6929945Z Interpreted pathproblem query "Server Side Template Injection" (py/template-injection) at path /home/runner/work/_temp/codeql_databases/python/results/codeql/python-queries/Security/CWE-074/TemplateInjection.bqrs.
2025-09-08T01:45:45.6933906Z Interpreted pathproblem query "XPath query built from user-controlled sources" (py/xpath-injection) at path /home/runner/work/_temp/codeql_databases/python/results/codeql/python-queries/Security/CWE-643/XpathInjection.bqrs.
2025-09-08T01:45:45.6936537Z Interpreted pathproblem query "XML internal entity expansion" (py/xml-bomb) at path /home/runner/work/_temp/codeql_databases/python/results/codeql/python-queries/Security/CWE-776/XmlBomb.bqrs.
2025-09-08T01:45:45.6939276Z Interpreted problem query "Binding a socket to all network interfaces" (py/bind-socket-all-network-interfaces) at path /home/runner/work/_temp/codeql_databases/python/results/codeql/python-queries/Security/CVE-2018-1281/BindToAllInterfaces.bqrs.
2025-09-08T01:45:45.6944214Z Interpreted problem query "CSRF protection weakened or disabled" (py/csrf-protection-disabled) at path /home/runner/work/_temp/codeql_databases/python/results/codeql/python-queries/Security/CWE-352/CSRFProtectionDisabled.bqrs.
2025-09-08T01:45:45.6947140Z Interpreted problem query "Accepting unknown SSH host keys when using Paramiko" (py/paramiko-missing-host-key-validation) at path /home/runner/work/_temp/codeql_databases/python/results/codeql/python-queries/Security/CWE-295/MissingHostKeyValidation.bqrs.
2025-09-08T01:45:45.6949764Z Interpreted pathproblem query "Code injection" (py/code-injection) at path /home/runner/work/_temp/codeql_databases/python/results/codeql/python-queries/Security/CWE-094/CodeInjection.bqrs.
2025-09-08T01:45:45.6952093Z Interpreted pathproblem query "Full server-side request forgery" (py/full-ssrf) at path /home/runner/work/_temp/codeql_databases/python/results/codeql/python-queries/Security/CWE-918/FullServerSideRequestForgery.bqrs.
2025-09-08T01:45:45.6954901Z Interpreted pathproblem query "Polynomial regular expression used on uncontrolled data" (py/polynomial-redos) at path /home/runner/work/_temp/codeql_databases/python/results/codeql/python-queries/Security/CWE-730/PolynomialReDoS.bqrs.
2025-09-08T01:45:45.6957759Z Interpreted pathproblem query "Regular expression injection" (py/regex-injection) at path /home/runner/work/_temp/codeql_databases/python/results/codeql/python-queries/Security/CWE-730/RegexInjection.bqrs.
2025-09-08T01:45:45.6960073Z Interpreted problem query "Inefficient regular expression" (py/redos) at path /home/runner/work/_temp/codeql_databases/python/results/codeql/python-queries/Security/CWE-730/ReDoS.bqrs.
2025-09-08T01:45:45.6964264Z Interpreted pathproblem query "Deserialization of user-controlled data" (py/unsafe-deserialization) at path /home/runner/work/_temp/codeql_databases/python/results/codeql/python-queries/Security/CWE-502/UnsafeDeserialization.bqrs.
2025-09-08T01:45:45.6967799Z Interpreted problem query "Failure to use secure cookies" (py/insecure-cookie) at path /home/runner/work/_temp/codeql_databases/python/results/codeql/python-queries/Security/CWE-614/InsecureCookie.bqrs.
2025-09-08T01:45:45.6971226Z Interpreted pathproblem query "Uncontrolled command line" (py/command-line-injection) at path /home/runner/work/_temp/codeql_databases/python/results/codeql/python-queries/Security/CWE-078/CommandInjection.bqrs.
2025-09-08T01:45:45.6987025Z Interpreted pathproblem query "Clear-text storage of sensitive information" (py/clear-text-storage-sensitive-data) at path /home/runner/work/_temp/codeql_databases/python/results/codeql/python-queries/Security/CWE-312/CleartextStorage.bqrs.
2025-09-08T01:45:45.6990200Z Interpreted pathproblem query "Clear-text logging of sensitive information" (py/clear-text-logging-sensitive-data) at path /home/runner/work/_temp/codeql_databases/python/results/codeql/python-queries/Security/CWE-312/CleartextLogging.bqrs.
2025-09-08T01:45:45.6993047Z Interpreted problem query "Use of weak cryptographic key" (py/weak-crypto-key) at path /home/runner/work/_temp/codeql_databases/python/results/codeql/python-queries/Security/CWE-326/WeakCryptoKey.bqrs.
2025-09-08T01:45:45.6995813Z Interpreted pathproblem query "HTTP Response Splitting" (py/http-response-splitting) at path /home/runner/work/_temp/codeql_databases/python/results/codeql/python-queries/Security/CWE-113/HeaderInjection.bqrs.
2025-09-08T01:45:45.6998526Z Interpreted problem query "Insecure temporary file" (py/insecure-temporary-file) at path /home/runner/work/_temp/codeql_databases/python/results/codeql/python-queries/Security/CWE-377/InsecureTemporaryFile.bqrs.
2025-09-08T01:45:45.7001000Z Interpreted pathproblem query "NoSQL Injection" (py/nosql-injection) at path /home/runner/work/_temp/codeql_databases/python/results/codeql/python-queries/Security/CWE-943/NoSqlInjection.bqrs.
2025-09-08T01:45:45.7009916Z Interpreted problem query "Incomplete URL substring sanitization" (py/incomplete-url-substring-sanitization) at path /home/runner/work/_temp/codeql_databases/python/results/codeql/python-queries/Security/CWE-020/IncompleteUrlSubstringSanitization.bqrs.
2025-09-08T01:45:45.7014481Z Interpreted problem query "Overly permissive regular expression range" (py/overly-large-range) at path /home/runner/work/_temp/codeql_databases/python/results/codeql/python-queries/Security/CWE-020/OverlyLargeRange.bqrs.
2025-09-08T01:45:45.7028241Z Interpreted pathproblem query "Construction of a cookie using user-supplied input" (py/cookie-injection) at path /home/runner/work/_temp/codeql_databases/python/results/codeql/python-queries/Security/CWE-020/CookieInjection.bqrs.
2025-09-08T01:45:45.7034375Z Interpreted problem query "Incomplete regular expression for hostnames" (py/incomplete-hostname-regexp) at path /home/runner/work/_temp/codeql_databases/python/results/codeql/python-queries/Security/CWE-020/IncompleteHostnameRegExp.bqrs.
2025-09-08T01:45:45.7037207Z Interpreted pathproblem query "Reflected server-side cross-site scripting" (py/reflective-xss) at path /home/runner/work/_temp/codeql_databases/python/results/codeql/python-queries/Security/CWE-079/ReflectedXss.bqrs.
2025-09-08T01:45:45.7040014Z Interpreted pathproblem query "Uncontrolled data used in path expression" (py/path-injection) at path /home/runner/work/_temp/codeql_databases/python/results/codeql/python-queries/Security/CWE-022/PathInjection.bqrs.
2025-09-08T01:45:45.7042666Z Interpreted pathproblem query "PAM authorization bypass due to incorrect usage" (py/pam-auth-bypass) at path /home/runner/work/_temp/codeql_databases/python/results/codeql/python-queries/Security/CWE-285/PamAuthorization.bqrs.
2025-09-08T01:45:45.7046029Z Interpreted pathproblem query "URL redirection from remote source" (py/url-redirection) at path /home/runner/work/_temp/codeql_databases/python/results/codeql/python-queries/Security/CWE-601/UrlRedirect.bqrs.
2025-09-08T01:45:45.7048663Z Interpreted problem query "Flask app is run in debug mode" (py/flask-debug) at path /home/runner/work/_temp/codeql_databases/python/results/codeql/python-queries/Security/CWE-215/FlaskDebug.bqrs.
2025-09-08T01:45:45.7051863Z Interpreted pathproblem query "SQL query built from user-controlled sources" (py/sql-injection) at path /home/runner/work/_temp/codeql_databases/python/results/codeql/python-queries/Security/CWE-089/SqlInjection.bqrs.
2025-09-08T01:45:45.7054093Z Interpreted pathproblem query "XML external entity expansion" (py/xxe) at path /home/runner/work/_temp/codeql_databases/python/results/codeql/python-queries/Security/CWE-611/Xxe.bqrs.
2025-09-08T01:45:45.7056258Z Interpreted problem query "'input' function used in Python 2" (py/use-of-input) at path /home/runner/work/_temp/codeql_databases/python/results/codeql/python-queries/Expressions/UseofInput.bqrs.
2025-09-08T01:45:45.7058684Z Interpreted diagnostic query "Python extraction warnings" (py/diagnostics/extraction-warnings) at path /home/runner/work/_temp/codeql_databases/python/results/codeql/python-queries/Diagnostics/ExtractionWarnings.bqrs.
2025-09-08T01:45:45.7061123Z Interpreted diagnostic query "Extracted Python files" (py/diagnostics/successfully-extracted-files) at path /home/runner/work/_temp/codeql_databases/python/results/codeql/python-queries/Diagnostics/ExtractedFiles.bqrs.
2025-09-08T01:45:45.7079600Z Interpreted metric query "Total lines of Python code in the database" (py/summary/lines-of-code) at path /home/runner/work/_temp/codeql_databases/python/results/codeql/python-queries/Summary/LinesOfCode.bqrs.
2025-09-08T01:45:45.7082100Z Interpreted metric query "Total lines of user written Python code in the database" (py/summary/lines-of-user-code) at path /home/runner/work/_temp/codeql_databases/python/results/codeql/python-queries/Summary/LinesOfUserCode.bqrs.
2025-09-08T01:45:45.7084108Z Reading source archive /home/runner/work/_temp/codeql_databases/python/src.zip
2025-09-08T01:45:45.7609307Z Interpreting file coverage baseline information
2025-09-08T01:45:45.7618370Z Finished interpreting file coverage baseline information.
2025-09-08T01:45:45.7629684Z Interpreting diagnostic messages...
2025-09-08T01:45:45.7991552Z Found 3 raw diagnostic messages.
2025-09-08T01:45:45.8062850Z Processed diagnostic messages (removed 0 due to limits, created 0 summary diagnostics for status page).
2025-09-08T01:45:45.8081844Z Interpreted diagnostic messages (43ms).
2025-09-08T01:45:45.9759780Z Exporting results to SARIF...
2025-09-08T01:45:46.1194433Z Exported results to SARIF (143ms).
2025-09-08T01:45:46.1566217Z ##[endgroup]
2025-09-08T01:45:46.1567456Z CodeQL scanned 9 out of 9 Python files in this invocation. Check the status page for overall coverage information: https://github.com/Boss-1s/scratchattach/security/code-scanning/tools/CodeQL/status/
2025-09-08T01:45:46.1568667Z 
2025-09-08T01:45:46.1578022Z ##[group]Uploading code scanning results
2025-09-08T01:45:46.1578732Z Processing sarif files: ["/home/runner/work/scratchattach/results/python.sarif"]
2025-09-08T01:45:46.1599736Z Adding fingerprints to SARIF file. See https://docs.github.com/en/enterprise-cloud@latest/code-security/code-scanning/integrating-with-code-scanning/sarif-support-for-code-scanning#providing-data-to-track-code-scanning-alerts-across-runs for more information.
2025-09-08T01:45:46.1726181Z Uploading results
2025-09-08T01:45:46.3909249Z Successfully uploaded results
2025-09-08T01:45:46.3909908Z ##[endgroup]
2025-09-08T01:45:46.3915832Z ##[group]Cleaning up databases
2025-09-08T01:45:46.3918830Z [command]/opt/hostedtoolcache/CodeQL/2.23.0/x64/codeql/codeql database cleanup /home/runner/work/_temp/codeql_databases/python --cache-cleanup=clear
2025-09-08T01:45:47.0628747Z Cleaning up existing TRAP files after import...
2025-09-08T01:45:47.0680637Z TRAP files cleaned up (3ms).
2025-09-08T01:45:47.0681506Z Cleaning up scratch directory...
2025-09-08T01:45:47.0684038Z Scratch directory cleaned up (0ms).
2025-09-08T01:45:47.1294431Z ##[endgroup]
2025-09-08T01:45:47.1304035Z [command]/opt/hostedtoolcache/CodeQL/2.23.0/x64/codeql/codeql database bundle /home/runner/work/_temp/codeql_databases/python --output=/home/runner/work/_temp/codeql_databases/python.zip --name=python
2025-09-08T01:45:47.9752884Z Creating bundle metadata for /home/runner/work/_temp/codeql_databases/python...
2025-09-08T01:45:48.1601415Z Creating zip file at /home/runner/work/_temp/codeql_databases/python.zip.
2025-09-08T01:45:48.9938081Z Skipping upload of dependency cache for python as we have no caching configuration for it.
2025-09-08T01:45:48.9939463Z ##[group]Waiting for processing to finish
2025-09-08T01:45:49.0919936Z Analysis upload status is complete.
2025-09-08T01:45:49.0920644Z ##[endgroup]
2025-09-08T01:45:49.1974630Z Post job cleanup.
2025-09-08T01:45:50.0306146Z Post job cleanup.
2025-09-08T01:45:50.2366593Z Post job cleanup.
2025-09-08T01:45:51.1224375Z CodeQL job status was success.
2025-09-08T01:45:51.1269062Z Sending status report for init-post step.
2025-09-08T01:45:51.2883416Z Status report sent for init-post step.
2025-09-08T01:45:51.3667828Z Post job cleanup.
2025-09-08T01:45:51.4607124Z [command]/usr/bin/git version
2025-09-08T01:45:51.4642918Z git version 2.51.0
2025-09-08T01:45:51.4687261Z Temporarily overriding HOME='/home/runner/work/_temp/bacb0d72-8a42-4693-868e-ef534a20db8d' before making global git config changes
2025-09-08T01:45:51.4688533Z Adding repository directory to the temporary git global config as a safe directory
2025-09-08T01:45:51.4700715Z [command]/usr/bin/git config --global --add safe.directory /home/runner/work/scratchattach/scratchattach
2025-09-08T01:45:51.4735344Z [command]/usr/bin/git config --local --name-only --get-regexp core\.sshCommand
2025-09-08T01:45:51.4767781Z [command]/usr/bin/git submodule foreach --recursive sh -c "git config --local --name-only --get-regexp 'core\.sshCommand' && git config --local --unset-all 'core.sshCommand' || :"
2025-09-08T01:45:51.4993264Z [command]/usr/bin/git config --local --name-only --get-regexp http\.https\:\/\/github\.com\/\.extraheader
2025-09-08T01:45:51.5015131Z http.https://github.com/.extraheader
2025-09-08T01:45:51.5026547Z [command]/usr/bin/git config --local --unset-all http.https://github.com/.extraheader
2025-09-08T01:45:51.5056973Z [command]/usr/bin/git submodule foreach --recursive sh -c "git config --local --name-only --get-regexp 'http\.https\:\/\/github\.com\/\.extraheader' && git config --local --unset-all 'http.https://github.com/.extraheader' || :"
2025-09-08T01:45:51.5380891Z Cleaning up orphan processes
