2025-12-23T15:08:58.2225953Z Current runner version: '2.330.0'
2025-12-23T15:08:58.2250459Z ##[group]Runner Image Provisioner
2025-12-23T15:08:58.2251265Z Hosted Compute Agent
2025-12-23T15:08:58.2251753Z Version: 20251211.462
2025-12-23T15:08:58.2252308Z Commit: 6cbad8c2bb55d58165063d031ccabf57e2d2db61
2025-12-23T15:08:58.2252924Z Build Date: 2025-12-11T16:28:49Z
2025-12-23T15:08:58.2253618Z Worker ID: {647f3387-237d-425f-94c2-4a2cbb979a7b}
2025-12-23T15:08:58.2254248Z ##[endgroup]
2025-12-23T15:08:58.2254729Z ##[group]Operating System
2025-12-23T15:08:58.2255303Z Microsoft Windows Server 2025
2025-12-23T15:08:58.2255807Z 10.0.26100
2025-12-23T15:08:58.2256217Z Datacenter
2025-12-23T15:08:58.2256642Z ##[endgroup]
2025-12-23T15:08:58.2257103Z ##[group]Runner Image
2025-12-23T15:08:58.2257555Z Image: windows-2025
2025-12-23T15:08:58.2258023Z Version: 20251216.149.1
2025-12-23T15:08:58.2259296Z Included Software: https://github.com/actions/runner-images/blob/win25/20251216.149/images/windows/Windows2025-Readme.md
2025-12-23T15:08:58.2260715Z Image Release: https://github.com/actions/runner-images/releases/tag/win25%2F20251216.149
2025-12-23T15:08:58.2261521Z ##[endgroup]
2025-12-23T15:08:58.2263988Z ##[group]GITHUB_TOKEN Permissions
2025-12-23T15:08:58.2265824Z Actions: write
2025-12-23T15:08:58.2266343Z ArtifactMetadata: write
2025-12-23T15:08:58.2266832Z Attestations: write
2025-12-23T15:08:58.2267308Z Checks: write
2025-12-23T15:08:58.2268138Z Contents: write
2025-12-23T15:08:58.2268630Z Deployments: write
2025-12-23T15:08:58.2269114Z Discussions: write
2025-12-23T15:08:58.2269541Z Issues: write
2025-12-23T15:08:58.2270004Z Metadata: read
2025-12-23T15:08:58.2270458Z Models: read
2025-12-23T15:08:58.2270914Z Packages: write
2025-12-23T15:08:58.2271334Z Pages: write
2025-12-23T15:08:58.2271798Z PullRequests: write
2025-12-23T15:08:58.2272338Z RepositoryProjects: write
2025-12-23T15:08:58.2272817Z SecurityEvents: write
2025-12-23T15:08:58.2273305Z Statuses: write
2025-12-23T15:08:58.2273732Z ##[endgroup]
2025-12-23T15:08:58.2275702Z Secret source: Actions
2025-12-23T15:08:58.2276341Z Prepare workflow directory
2025-12-23T15:08:58.2618063Z Prepare all required actions
2025-12-23T15:08:58.2672195Z Getting action download info
2025-12-23T15:08:58.6937112Z Download action repository 'actions/checkout@v6.0.1' (SHA:8e8c483db84b4bee98b60c0593521ed34d9990e8)
2025-12-23T15:08:58.8218682Z Download action repository 'actions/setup-python@v6.1.0' (SHA:83679a892e2d95755f2dac6acb0bfd1e9ac5d548)
2025-12-23T15:08:59.0915274Z Complete job name: build (3.14, windows-latest)
2025-12-23T15:08:59.2655874Z ##[group]Run actions/checkout@v6.0.1
2025-12-23T15:08:59.2657116Z with:
2025-12-23T15:08:59.2657583Z   ref: scratch_chat_dev
2025-12-23T15:08:59.2658134Z   repository: Boss-1s/scratchattach
2025-12-23T15:08:59.2658963Z   token: ***
2025-12-23T15:08:59.2659444Z   ssh-strict: true
2025-12-23T15:08:59.2659839Z   ssh-user: git
2025-12-23T15:08:59.2660252Z   persist-credentials: true
2025-12-23T15:08:59.2660706Z   clean: true
2025-12-23T15:08:59.2661131Z   sparse-checkout-cone-mode: true
2025-12-23T15:08:59.2661604Z   fetch-depth: 1
2025-12-23T15:08:59.2661990Z   fetch-tags: false
2025-12-23T15:08:59.2662386Z   show-progress: true
2025-12-23T15:08:59.2662780Z   lfs: false
2025-12-23T15:08:59.2663138Z   submodules: false
2025-12-23T15:08:59.2663531Z   set-safe-directory: true
2025-12-23T15:08:59.2664173Z ##[endgroup]
2025-12-23T15:08:59.4084182Z Syncing repository: Boss-1s/scratchattach
2025-12-23T15:08:59.4087004Z ##[group]Getting Git version info
2025-12-23T15:08:59.4088354Z Working directory is 'D:\a\scratchattach\scratchattach'
2025-12-23T15:08:59.5062138Z [command]"C:\Program Files\Git\bin\git.exe" version
2025-12-23T15:08:59.9620427Z git version 2.52.0.windows.1
2025-12-23T15:08:59.9669827Z ##[endgroup]
2025-12-23T15:08:59.9689295Z Temporarily overriding HOME='D:\a\_temp\ed83df1d-3392-4216-864a-3b3fe8782ada' before making global git config changes
2025-12-23T15:08:59.9690527Z Adding repository directory to the temporary git global config as a safe directory
2025-12-23T15:08:59.9699810Z [command]"C:\Program Files\Git\bin\git.exe" config --global --add safe.directory D:\a\scratchattach\scratchattach
2025-12-23T15:09:00.0255776Z Deleting the contents of 'D:\a\scratchattach\scratchattach'
2025-12-23T15:09:00.0261490Z ##[group]Initializing the repository
2025-12-23T15:09:00.0270621Z [command]"C:\Program Files\Git\bin\git.exe" init D:\a\scratchattach\scratchattach
2025-12-23T15:09:00.1194203Z Initialized empty Git repository in D:/a/scratchattach/scratchattach/.git/
2025-12-23T15:09:00.1237317Z [command]"C:\Program Files\Git\bin\git.exe" remote add origin https://github.com/Boss-1s/scratchattach
2025-12-23T15:09:00.1788293Z ##[endgroup]
2025-12-23T15:09:00.1789058Z ##[group]Disabling automatic garbage collection
2025-12-23T15:09:00.1796773Z [command]"C:\Program Files\Git\bin\git.exe" config --local gc.auto 0
2025-12-23T15:09:00.2087480Z ##[endgroup]
2025-12-23T15:09:00.2088558Z ##[group]Setting up auth
2025-12-23T15:09:00.2089485Z Removing SSH command configuration
2025-12-23T15:09:00.2104021Z [command]"C:\Program Files\Git\bin\git.exe" config --local --name-only --get-regexp core\.sshCommand
2025-12-23T15:09:00.2388121Z [command]"C:\Program Files\Git\bin\git.exe" submodule foreach --recursive "sh -c \"git config --local --name-only --get-regexp 'core\.sshCommand' && git config --local --unset-all 'core.sshCommand' || :\""
2025-12-23T15:09:01.6989939Z Removing HTTP extra header
2025-12-23T15:09:01.6999144Z [command]"C:\Program Files\Git\bin\git.exe" config --local --name-only --get-regexp http\.https\:\/\/github\.com\/\.extraheader
2025-12-23T15:09:01.7278190Z [command]"C:\Program Files\Git\bin\git.exe" submodule foreach --recursive "sh -c \"git config --local --name-only --get-regexp 'http\.https\:\/\/github\.com\/\.extraheader' && git config --local --unset-all 'http.https://github.com/.extraheader' || :\""
2025-12-23T15:09:02.2179150Z Removing includeIf entries pointing to credentials config files
2025-12-23T15:09:02.2189980Z [command]"C:\Program Files\Git\bin\git.exe" config --local --name-only --get-regexp ^includeIf\.gitdir:
2025-12-23T15:09:02.2466664Z [command]"C:\Program Files\Git\bin\git.exe" submodule foreach --recursive "git config --local --show-origin --name-only --get-regexp remote.origin.url"
2025-12-23T15:09:02.7275052Z [command]"C:\Program Files\Git\bin\git.exe" config --file D:\a\_temp\git-credentials-62d24b8d-a527-4603-8f12-8b407413e29a.config http.https://github.com/.extraheader "AUTHORIZATION: basic ***"
2025-12-23T15:09:02.7579375Z [command]"C:\Program Files\Git\bin\git.exe" config --local includeIf.gitdir:D:/a/scratchattach/scratchattach/.git.path D:\a\_temp\git-credentials-62d24b8d-a527-4603-8f12-8b407413e29a.config
2025-12-23T15:09:02.7868847Z [command]"C:\Program Files\Git\bin\git.exe" config --local includeIf.gitdir:D:/a/scratchattach/scratchattach/.git/worktrees/*.path D:\a\_temp\git-credentials-62d24b8d-a527-4603-8f12-8b407413e29a.config
2025-12-23T15:09:02.8188693Z [command]"C:\Program Files\Git\bin\git.exe" config --local includeIf.gitdir:/github/workspace/.git.path /github/runner_temp/git-credentials-62d24b8d-a527-4603-8f12-8b407413e29a.config
2025-12-23T15:09:02.8470493Z [command]"C:\Program Files\Git\bin\git.exe" config --local includeIf.gitdir:/github/workspace/.git/worktrees/*.path /github/runner_temp/git-credentials-62d24b8d-a527-4603-8f12-8b407413e29a.config
2025-12-23T15:09:02.8761399Z ##[endgroup]
2025-12-23T15:09:02.8761963Z ##[group]Fetching the repository
2025-12-23T15:09:02.8775354Z [command]"C:\Program Files\Git\bin\git.exe" -c protocol.version=2 fetch --no-tags --prune --no-recurse-submodules --depth=1 origin +refs/heads/scratch_chat_dev*:refs/remotes/origin/scratch_chat_dev* +refs/tags/scratch_chat_dev*:refs/tags/scratch_chat_dev*
2025-12-23T15:09:05.1225350Z From https://github.com/Boss-1s/scratchattach
2025-12-23T15:09:05.1226059Z  * [new branch]      scratch_chat_dev -> origin/scratch_chat_dev
2025-12-23T15:09:05.1510136Z ##[endgroup]
2025-12-23T15:09:05.1511493Z ##[group]Determining the checkout info
2025-12-23T15:09:05.1527754Z [command]"C:\Program Files\Git\bin\git.exe" branch --list --remote origin/scratch_chat_dev
2025-12-23T15:09:05.1831533Z   origin/scratch_chat_dev
2025-12-23T15:09:05.1863865Z ##[endgroup]
2025-12-23T15:09:05.1871324Z [command]"C:\Program Files\Git\bin\git.exe" sparse-checkout disable
2025-12-23T15:09:05.2313112Z [command]"C:\Program Files\Git\bin\git.exe" config --local --unset-all extensions.worktreeConfig
2025-12-23T15:09:05.2587250Z ##[group]Checking out the ref
2025-12-23T15:09:05.2595969Z [command]"C:\Program Files\Git\bin\git.exe" checkout --progress --force -B scratch_chat_dev refs/remotes/origin/scratch_chat_dev
2025-12-23T15:09:06.3642089Z Updating files:  83% (1901/2269)
2025-12-23T15:09:06.3720660Z Updating files:  84% (1906/2269)
2025-12-23T15:09:06.3806861Z Updating files:  85% (1929/2269)
2025-12-23T15:09:06.3898227Z Updating files:  86% (1952/2269)
2025-12-23T15:09:06.3979084Z Updating files:  87% (1975/2269)
2025-12-23T15:09:06.4080129Z Updating files:  88% (1997/2269)
2025-12-23T15:09:06.4161106Z Updating files:  89% (2020/2269)
2025-12-23T15:09:06.4261757Z Updating files:  90% (2043/2269)
2025-12-23T15:09:06.4366433Z Updating files:  91% (2065/2269)
2025-12-23T15:09:06.4453913Z Updating files:  92% (2088/2269)
2025-12-23T15:09:06.4540886Z Updating files:  93% (2111/2269)
2025-12-23T15:09:06.4621802Z Updating files:  94% (2133/2269)
2025-12-23T15:09:06.4714014Z Updating files:  95% (2156/2269)
2025-12-23T15:09:06.4789548Z Updating files:  96% (2179/2269)
2025-12-23T15:09:06.4957925Z Updating files:  97% (2201/2269)
2025-12-23T15:09:06.5067848Z Updating files:  98% (2224/2269)
2025-12-23T15:09:06.5130732Z Updating files:  99% (2247/2269)
2025-12-23T15:09:06.5130982Z Updating files: 100% (2269/2269)
2025-12-23T15:09:06.5131269Z Updating files: 100% (2269/2269), done.
2025-12-23T15:09:06.5339397Z branch 'scratch_chat_dev' set up to track 'origin/scratch_chat_dev'.
2025-12-23T15:09:06.5352729Z Switched to a new branch 'scratch_chat_dev'
2025-12-23T15:09:06.5453174Z ##[endgroup]
2025-12-23T15:09:06.5816534Z [command]"C:\Program Files\Git\bin\git.exe" log -1 --format=%H
2025-12-23T15:09:06.6070565Z 5fcafa8b860e66a0b6afe9b31b264d684ecec2f0
2025-12-23T15:09:06.6501558Z ##[group]Run actions/setup-python@v6.1.0
2025-12-23T15:09:06.6501882Z with:
2025-12-23T15:09:06.6502049Z   python-version: 3.14
2025-12-23T15:09:06.6502239Z   check-latest: false
2025-12-23T15:09:06.6502554Z   token: ***
2025-12-23T15:09:06.6502735Z   update-environment: true
2025-12-23T15:09:06.6502956Z   allow-prereleases: false
2025-12-23T15:09:06.6503150Z   freethreaded: false
2025-12-23T15:09:06.6503327Z ##[endgroup]
2025-12-23T15:09:06.8183368Z ##[group]Installed versions
2025-12-23T15:09:06.8412800Z (node:2888) [DEP0040] DeprecationWarning: The `punycode` module is deprecated. Please use a userland alternative instead.
2025-12-23T15:09:06.8413916Z (Use `node --trace-deprecation ...` to show where the warning was created)
2025-12-23T15:09:06.8414607Z Successfully set up CPython (3.14.2)
2025-12-23T15:09:06.8415273Z ##[endgroup]
2025-12-23T15:09:06.8692025Z ##[group]Run cd test
2025-12-23T15:09:06.8692314Z [36;1mcd test[0m
2025-12-23T15:09:06.8692524Z [36;1mpython3 test5.py[0m
2025-12-23T15:09:06.9498466Z shell: C:\Program Files\PowerShell\7\pwsh.EXE -command ". '{0}'"
2025-12-23T15:09:06.9498944Z env:
2025-12-23T15:09:06.9499306Z   pythonLocation: C:\hostedtoolcache\windows\Python\3.14.2\x64
2025-12-23T15:09:06.9499941Z   PKG_CONFIG_PATH: C:\hostedtoolcache\windows\Python\3.14.2\x64/lib/pkgconfig
2025-12-23T15:09:06.9500659Z   Python_ROOT_DIR: C:\hostedtoolcache\windows\Python\3.14.2\x64
2025-12-23T15:09:06.9501072Z   Python2_ROOT_DIR: C:\hostedtoolcache\windows\Python\3.14.2\x64
2025-12-23T15:09:06.9501653Z   Python3_ROOT_DIR: C:\hostedtoolcache\windows\Python\3.14.2\x64
2025-12-23T15:09:06.9502114Z ##[endgroup]
2025-12-23T15:09:13.2368303Z Traceback (most recent call last):
2025-12-23T15:09:13.2379887Z   File "D:\a\scratchattach\scratchattach\test\test5.py", line 14, in <module>
2025-12-23T15:09:13.2380809Z     db_add_subval("test.json", "test_top_level_key", "sk1", "val1", "sk2", "skibidi toilet")
2025-12-23T15:09:13.2381416Z     ^^^^^^^^^^^^^
2025-12-23T15:09:13.2381793Z NameError: name 'db_add_subval' is not defined
2025-12-23T15:09:13.5468614Z ##[error]Process completed with exit code 1.
2025-12-23T15:09:13.5669762Z Post job cleanup.
2025-12-23T15:09:13.7486870Z [command]"C:\Program Files\Git\bin\git.exe" version
2025-12-23T15:09:13.7738174Z git version 2.52.0.windows.1
2025-12-23T15:09:13.7805831Z Temporarily overriding HOME='D:\a\_temp\128ce39c-15f8-48b7-bf94-07deb0d7bc11' before making global git config changes
2025-12-23T15:09:13.7806567Z Adding repository directory to the temporary git global config as a safe directory
2025-12-23T15:09:13.7816087Z [command]"C:\Program Files\Git\bin\git.exe" config --global --add safe.directory D:\a\scratchattach\scratchattach
2025-12-23T15:09:13.8095590Z Removing SSH command configuration
2025-12-23T15:09:13.8105823Z [command]"C:\Program Files\Git\bin\git.exe" config --local --name-only --get-regexp core\.sshCommand
2025-12-23T15:09:13.8401670Z [command]"C:\Program Files\Git\bin\git.exe" submodule foreach --recursive "sh -c \"git config --local --name-only --get-regexp 'core\.sshCommand' && git config --local --unset-all 'core.sshCommand' || :\""
2025-12-23T15:09:14.3525603Z Removing HTTP extra header
2025-12-23T15:09:14.3536031Z [command]"C:\Program Files\Git\bin\git.exe" config --local --name-only --get-regexp http\.https\:\/\/github\.com\/\.extraheader
2025-12-23T15:09:14.3822885Z [command]"C:\Program Files\Git\bin\git.exe" submodule foreach --recursive "sh -c \"git config --local --name-only --get-regexp 'http\.https\:\/\/github\.com\/\.extraheader' && git config --local --unset-all 'http.https://github.com/.extraheader' || :\""
2025-12-23T15:09:14.9073025Z Removing includeIf entries pointing to credentials config files
2025-12-23T15:09:14.9084446Z [command]"C:\Program Files\Git\bin\git.exe" config --local --name-only --get-regexp ^includeIf\.gitdir:
2025-12-23T15:09:14.9335088Z includeif.gitdir:D:/a/scratchattach/scratchattach/.git.path
2025-12-23T15:09:14.9336031Z includeif.gitdir:D:/a/scratchattach/scratchattach/.git/worktrees/*.path
2025-12-23T15:09:14.9336525Z includeif.gitdir:/github/workspace/.git.path
2025-12-23T15:09:14.9336875Z includeif.gitdir:/github/workspace/.git/worktrees/*.path
2025-12-23T15:09:14.9376525Z [command]"C:\Program Files\Git\bin\git.exe" config --local --get-all includeif.gitdir:D:/a/scratchattach/scratchattach/.git.path
2025-12-23T15:09:14.9622156Z D:\a\_temp\git-credentials-62d24b8d-a527-4603-8f12-8b407413e29a.config
2025-12-23T15:09:14.9669985Z [command]"C:\Program Files\Git\bin\git.exe" config --local --unset includeif.gitdir:D:/a/scratchattach/scratchattach/.git.path D:\a\_temp\git-credentials-62d24b8d-a527-4603-8f12-8b407413e29a.config
2025-12-23T15:09:14.9952688Z [command]"C:\Program Files\Git\bin\git.exe" config --local --get-all includeif.gitdir:D:/a/scratchattach/scratchattach/.git/worktrees/*.path
2025-12-23T15:09:15.0198346Z D:\a\_temp\git-credentials-62d24b8d-a527-4603-8f12-8b407413e29a.config
2025-12-23T15:09:15.0236728Z [command]"C:\Program Files\Git\bin\git.exe" config --local --unset includeif.gitdir:D:/a/scratchattach/scratchattach/.git/worktrees/*.path D:\a\_temp\git-credentials-62d24b8d-a527-4603-8f12-8b407413e29a.config
2025-12-23T15:09:15.0516091Z [command]"C:\Program Files\Git\bin\git.exe" config --local --get-all includeif.gitdir:/github/workspace/.git.path
2025-12-23T15:09:15.0762805Z /github/runner_temp/git-credentials-62d24b8d-a527-4603-8f12-8b407413e29a.config
2025-12-23T15:09:15.0798162Z [command]"C:\Program Files\Git\bin\git.exe" config --local --unset includeif.gitdir:/github/workspace/.git.path /github/runner_temp/git-credentials-62d24b8d-a527-4603-8f12-8b407413e29a.config
2025-12-23T15:09:15.1083305Z [command]"C:\Program Files\Git\bin\git.exe" config --local --get-all includeif.gitdir:/github/workspace/.git/worktrees/*.path
2025-12-23T15:09:15.1323241Z /github/runner_temp/git-credentials-62d24b8d-a527-4603-8f12-8b407413e29a.config
2025-12-23T15:09:15.1362531Z [command]"C:\Program Files\Git\bin\git.exe" config --local --unset includeif.gitdir:/github/workspace/.git/worktrees/*.path /github/runner_temp/git-credentials-62d24b8d-a527-4603-8f12-8b407413e29a.config
2025-12-23T15:09:15.1648474Z [command]"C:\Program Files\Git\bin\git.exe" submodule foreach --recursive "git config --local --show-origin --name-only --get-regexp remote.origin.url"
2025-12-23T15:09:15.6668969Z Removing credentials config 'D:\a\_temp\git-credentials-62d24b8d-a527-4603-8f12-8b407413e29a.config'
2025-12-23T15:09:15.6830944Z Cleaning up orphan processes
