2026-02-15T02:35:08.3910999Z Current runner version: '2.331.0'
2026-02-15T02:35:08.3946027Z ##[group]Runner Image Provisioner
2026-02-15T02:35:08.3947578Z Hosted Compute Agent
2026-02-15T02:35:08.3948581Z Version: 20260123.484
2026-02-15T02:35:08.3949518Z Commit: 6bd6555ca37d84114959e1c76d2c01448ff61c5d
2026-02-15T02:35:08.3950858Z Build Date: 2026-01-23T19:41:17Z
2026-02-15T02:35:08.3951999Z Worker ID: {8fb0ad39-f01f-4182-8dc8-d0a6a61a11c9}
2026-02-15T02:35:08.3953098Z Azure Region: eastus
2026-02-15T02:35:08.3954169Z ##[endgroup]
2026-02-15T02:35:08.3957294Z ##[group]Operating System
2026-02-15T02:35:08.3958400Z Ubuntu
2026-02-15T02:35:08.3959238Z 24.04.3
2026-02-15T02:35:08.3959956Z LTS
2026-02-15T02:35:08.3960886Z ##[endgroup]
2026-02-15T02:35:08.3961743Z ##[group]Runner Image
2026-02-15T02:35:08.3962772Z Image: ubuntu-24.04
2026-02-15T02:35:08.3963896Z Version: 20260209.23.1
2026-02-15T02:35:08.3966186Z Included Software: https://github.com/actions/runner-images/blob/ubuntu24/20260209.23/images/ubuntu/Ubuntu2404-Readme.md
2026-02-15T02:35:08.3969104Z Image Release: https://github.com/actions/runner-images/releases/tag/ubuntu24%2F20260209.23
2026-02-15T02:35:08.3970774Z ##[endgroup]
2026-02-15T02:35:08.3972672Z ##[group]GITHUB_TOKEN Permissions
2026-02-15T02:35:08.3975828Z Contents: write
2026-02-15T02:35:08.3976966Z Metadata: read
2026-02-15T02:35:08.3977878Z ##[endgroup]
2026-02-15T02:35:08.3980898Z Secret source: Actions
2026-02-15T02:35:08.3982267Z Prepare workflow directory
2026-02-15T02:35:08.4466792Z Prepare all required actions
2026-02-15T02:35:08.4525280Z Getting action download info
2026-02-15T02:35:08.6749113Z Download action repository 'actions/checkout@v6.0.2' (SHA:de0fac2e4500dabe0009e67214ff5f5447ce83dd)
2026-02-15T02:35:08.8191522Z Download action repository 'pawanbahuguna/action-logs@v2.0.0' (SHA:2fb2206c1749d6d09b8799a05519c08ee503660d)
2026-02-15T02:35:09.1634918Z Complete job name: Download GH action logs
2026-02-15T02:35:09.2177972Z ##[group]Build container for action use: '/home/runner/work/_actions/pawanbahuguna/action-logs/v2.0.0/Dockerfile'.
2026-02-15T02:35:09.2233508Z ##[command]/usr/bin/docker build -t a0dd19:5db1d389ff13401db962560cf9214f9c -f "/home/runner/work/_actions/pawanbahuguna/action-logs/v2.0.0/Dockerfile" "/home/runner/work/_actions/pawanbahuguna/action-logs/v2.0.0"
2026-02-15T02:35:09.8748659Z #0 building with "default" instance using docker driver
2026-02-15T02:35:09.8749754Z 
2026-02-15T02:35:09.8750201Z #1 [internal] load build definition from Dockerfile
2026-02-15T02:35:09.8751337Z #1 transferring dockerfile: 347B done
2026-02-15T02:35:09.8752260Z #1 DONE 0.0s
2026-02-15T02:35:09.8752648Z 
2026-02-15T02:35:09.8753171Z #2 [auth] library/alpine:pull token for registry-1.docker.io
2026-02-15T02:35:09.8754314Z #2 DONE 0.0s
2026-02-15T02:35:09.8755024Z 
2026-02-15T02:35:09.8755589Z #3 [internal] load metadata for docker.io/library/alpine:latest
2026-02-15T02:35:10.0913026Z #3 DONE 0.4s
2026-02-15T02:35:10.2134771Z 
2026-02-15T02:35:10.2135671Z #4 [internal] load .dockerignore
2026-02-15T02:35:10.2137231Z #4 transferring context: 2B done
2026-02-15T02:35:10.2138541Z #4 DONE 0.0s
2026-02-15T02:35:10.2139216Z 
2026-02-15T02:35:10.2139746Z #5 [internal] load build context
2026-02-15T02:35:10.2141128Z #5 transferring context: 2.53kB done
2026-02-15T02:35:10.2142504Z #5 DONE 0.0s
2026-02-15T02:35:10.2143088Z 
2026-02-15T02:35:10.2144776Z #6 [1/4] FROM docker.io/library/alpine:latest@sha256:25109184c71bdad752c8312a8623239686a9a2071e8825f20acb8f2198c3f659
2026-02-15T02:35:10.2148619Z #6 resolve docker.io/library/alpine:latest@sha256:25109184c71bdad752c8312a8623239686a9a2071e8825f20acb8f2198c3f659 0.0s done
2026-02-15T02:35:10.2152543Z #6 sha256:589002ba0eaed121a1dbf42f6648f29e5be55d5c8a6ee0f8eaa0285cc21ac153 3.86MB / 3.86MB 0.1s done
2026-02-15T02:35:10.4552105Z #6 extracting sha256:589002ba0eaed121a1dbf42f6648f29e5be55d5c8a6ee0f8eaa0285cc21ac153 0.1s done
2026-02-15T02:35:10.4553428Z #6 DONE 0.2s
2026-02-15T02:35:10.4553886Z 
2026-02-15T02:35:10.4554254Z #7 [2/4] RUN apk update && apk add --no-cache curl jq
2026-02-15T02:35:10.8000798Z #7 0.495 v3.23.3-94-g22e1801794f [https://dl-cdn.alpinelinux.org/alpine/v3.23/main]
2026-02-15T02:35:10.8002606Z #7 0.495 v3.23.3-124-g5d5a16bc961 [https://dl-cdn.alpinelinux.org/alpine/v3.23/community]
2026-02-15T02:35:10.8003931Z #7 0.495 OK: 27572 distinct packages available
2026-02-15T02:35:11.1506728Z #7 0.846 ( 1/12) Installing brotli-libs (1.2.0-r0)
2026-02-15T02:35:11.2933555Z #7 0.859 ( 2/12) Installing c-ares (1.34.6-r0)
2026-02-15T02:35:11.2935309Z #7 0.865 ( 3/12) Installing libunistring (1.4.1-r0)
2026-02-15T02:35:11.2936083Z #7 0.879 ( 4/12) Installing libidn2 (2.3.8-r0)
2026-02-15T02:35:11.2936686Z #7 0.883 ( 5/12) Installing nghttp2-libs (1.68.0-r0)
2026-02-15T02:35:11.2937257Z #7 0.889 ( 6/12) Installing nghttp3 (1.13.1-r0)
2026-02-15T02:35:11.2937779Z #7 0.894 ( 7/12) Installing libpsl (0.21.5-r3)
2026-02-15T02:35:11.2938406Z #7 0.897 ( 8/12) Installing zstd-libs (1.5.7-r2)
2026-02-15T02:35:11.2938999Z #7 0.905 ( 9/12) Installing libcurl (8.17.0-r1)
2026-02-15T02:35:11.2939654Z #7 0.914 (10/12) Installing curl (8.17.0-r1)
2026-02-15T02:35:11.2943833Z #7 0.919 (11/12) Installing oniguruma (6.9.10-r0)
2026-02-15T02:35:11.2950459Z #7 0.924 (12/12) Installing jq (1.8.1-r0)
2026-02-15T02:35:11.2951135Z #7 0.929 Executing busybox-1.37.0-r30.trigger
2026-02-15T02:35:11.2951700Z #7 0.936 OK: 14.1 MiB in 28 packages
2026-02-15T02:35:11.2952758Z #7 DONE 1.0s
2026-02-15T02:35:11.4510250Z 
2026-02-15T02:35:11.4510801Z #8 [3/4] COPY entrypoint.sh /entrypoint.sh
2026-02-15T02:35:11.4511445Z #8 DONE 0.0s
2026-02-15T02:35:11.4511693Z 
2026-02-15T02:35:11.4511880Z #9 [4/4] RUN chmod +x /entrypoint.sh
2026-02-15T02:35:11.4512398Z #9 DONE 0.1s
2026-02-15T02:35:11.6041408Z 
2026-02-15T02:35:11.6041834Z #10 exporting to image
2026-02-15T02:35:11.6042435Z #10 exporting layers
2026-02-15T02:35:11.8052517Z #10 exporting layers 0.4s done
2026-02-15T02:35:11.9098047Z #10 exporting manifest sha256:f22e205b1206829c2aec80eef3249b32e5f704611a3e57010347210f4693ca40 done
2026-02-15T02:35:11.9099374Z #10 exporting config sha256:6eec3d245c082e698e68c54dd3f5da609e75d79b8cfd3c515f80b719033f435d done
2026-02-15T02:35:11.9100803Z #10 exporting attestation manifest sha256:fdf14293e2665a0df915244c14fe63b886ef028dbcaa9b724f956fa150586428 done
2026-02-15T02:35:11.9102197Z #10 exporting manifest list sha256:7c6186a2f47d472d115afce97b268932b4d2d28283a82fcfbc116ed31e2de301 done
2026-02-15T02:35:11.9103342Z #10 naming to docker.io/library/a0dd19:5db1d389ff13401db962560cf9214f9c done
2026-02-15T02:35:11.9104264Z #10 unpacking to docker.io/library/a0dd19:5db1d389ff13401db962560cf9214f9c 0.1s done
2026-02-15T02:35:11.9105202Z #10 DONE 0.5s
2026-02-15T02:35:11.9576343Z ##[endgroup]
2026-02-15T02:35:11.9852272Z ##[group]Run actions/checkout@v6.0.2
2026-02-15T02:35:11.9852853Z with:
2026-02-15T02:35:11.9853070Z   repository: Boss-1s/scratchattach
2026-02-15T02:35:11.9853493Z   token: ***
2026-02-15T02:35:11.9853697Z   ssh-strict: true
2026-02-15T02:35:11.9853899Z   ssh-user: git
2026-02-15T02:35:11.9854126Z   persist-credentials: true
2026-02-15T02:35:11.9854563Z   clean: true
2026-02-15T02:35:11.9854786Z   sparse-checkout-cone-mode: true
2026-02-15T02:35:11.9855103Z   fetch-depth: 1
2026-02-15T02:35:11.9855299Z   fetch-tags: false
2026-02-15T02:35:11.9855508Z   show-progress: true
2026-02-15T02:35:11.9855710Z   lfs: false
2026-02-15T02:35:11.9855897Z   submodules: false
2026-02-15T02:35:11.9856115Z   set-safe-directory: true
2026-02-15T02:35:11.9856595Z ##[endgroup]
2026-02-15T02:35:12.0812049Z Syncing repository: Boss-1s/scratchattach
2026-02-15T02:35:12.0813680Z ##[group]Getting Git version info
2026-02-15T02:35:12.0814213Z Working directory is '/home/runner/work/scratchattach/scratchattach'
2026-02-15T02:35:12.0815175Z [command]/usr/bin/git version
2026-02-15T02:35:12.0815429Z git version 2.52.0
2026-02-15T02:35:12.0835044Z ##[endgroup]
2026-02-15T02:35:12.0849710Z Temporarily overriding HOME='/home/runner/work/_temp/4a009427-02ae-4add-9ba5-dc4b3281ee6c' before making global git config changes
2026-02-15T02:35:12.0850788Z Adding repository directory to the temporary git global config as a safe directory
2026-02-15T02:35:12.0855051Z [command]/usr/bin/git config --global --add safe.directory /home/runner/work/scratchattach/scratchattach
2026-02-15T02:35:12.0898072Z Deleting the contents of '/home/runner/work/scratchattach/scratchattach'
2026-02-15T02:35:12.0901588Z ##[group]Initializing the repository
2026-02-15T02:35:12.0906797Z [command]/usr/bin/git init /home/runner/work/scratchattach/scratchattach
2026-02-15T02:35:12.1012283Z hint: Using 'master' as the name for the initial branch. This default branch name
2026-02-15T02:35:12.1013442Z hint: will change to "main" in Git 3.0. To configure the initial branch name
2026-02-15T02:35:12.1014160Z hint: to use in all of your new repositories, which will suppress this warning,
2026-02-15T02:35:12.1014930Z hint: call:
2026-02-15T02:35:12.1015164Z hint:
2026-02-15T02:35:12.1015615Z hint: 	git config --global init.defaultBranch <name>
2026-02-15T02:35:12.1016369Z hint:
2026-02-15T02:35:12.1017036Z hint: Names commonly chosen instead of 'master' are 'main', 'trunk' and
2026-02-15T02:35:12.1018172Z hint: 'development'. The just-created branch can be renamed via this command:
2026-02-15T02:35:12.1018805Z hint:
2026-02-15T02:35:12.1019198Z hint: 	git branch -m <name>
2026-02-15T02:35:12.1019766Z hint:
2026-02-15T02:35:12.1020228Z hint: Disable this message with "git config set advice.defaultBranchName false"
2026-02-15T02:35:12.1021808Z Initialized empty Git repository in /home/runner/work/scratchattach/scratchattach/.git/
2026-02-15T02:35:12.1027752Z [command]/usr/bin/git remote add origin https://github.com/Boss-1s/scratchattach
2026-02-15T02:35:12.1061788Z ##[endgroup]
2026-02-15T02:35:12.1062358Z ##[group]Disabling automatic garbage collection
2026-02-15T02:35:12.1065609Z [command]/usr/bin/git config --local gc.auto 0
2026-02-15T02:35:12.1095154Z ##[endgroup]
2026-02-15T02:35:12.1095792Z ##[group]Setting up auth
2026-02-15T02:35:12.1096929Z Removing SSH command configuration
2026-02-15T02:35:12.1103439Z [command]/usr/bin/git config --local --name-only --get-regexp core\.sshCommand
2026-02-15T02:35:12.1137245Z [command]/usr/bin/git submodule foreach --recursive sh -c "git config --local --name-only --get-regexp 'core\.sshCommand' && git config --local --unset-all 'core.sshCommand' || :"
2026-02-15T02:35:12.1528495Z Removing HTTP extra header
2026-02-15T02:35:12.1533616Z [command]/usr/bin/git config --local --name-only --get-regexp http\.https\:\/\/github\.com\/\.extraheader
2026-02-15T02:35:12.1567028Z [command]/usr/bin/git submodule foreach --recursive sh -c "git config --local --name-only --get-regexp 'http\.https\:\/\/github\.com\/\.extraheader' && git config --local --unset-all 'http.https://github.com/.extraheader' || :"
2026-02-15T02:35:12.1797969Z Removing includeIf entries pointing to credentials config files
2026-02-15T02:35:12.1806054Z [command]/usr/bin/git config --local --name-only --get-regexp ^includeIf\.gitdir:
2026-02-15T02:35:12.1839628Z [command]/usr/bin/git submodule foreach --recursive git config --local --show-origin --name-only --get-regexp remote.origin.url
2026-02-15T02:35:12.2080078Z [command]/usr/bin/git config --file /home/runner/work/_temp/git-credentials-950bfd09-1c0b-4678-b736-ce8fa064ac8f.config http.https://github.com/.extraheader AUTHORIZATION: basic ***
2026-02-15T02:35:12.2117912Z [command]/usr/bin/git config --local includeIf.gitdir:/home/runner/work/scratchattach/scratchattach/.git.path /home/runner/work/_temp/git-credentials-950bfd09-1c0b-4678-b736-ce8fa064ac8f.config
2026-02-15T02:35:12.2148506Z [command]/usr/bin/git config --local includeIf.gitdir:/home/runner/work/scratchattach/scratchattach/.git/worktrees/*.path /home/runner/work/_temp/git-credentials-950bfd09-1c0b-4678-b736-ce8fa064ac8f.config
2026-02-15T02:35:12.2178325Z [command]/usr/bin/git config --local includeIf.gitdir:/github/workspace/.git.path /github/runner_temp/git-credentials-950bfd09-1c0b-4678-b736-ce8fa064ac8f.config
2026-02-15T02:35:12.2211788Z [command]/usr/bin/git config --local includeIf.gitdir:/github/workspace/.git/worktrees/*.path /github/runner_temp/git-credentials-950bfd09-1c0b-4678-b736-ce8fa064ac8f.config
2026-02-15T02:35:12.2241404Z ##[endgroup]
2026-02-15T02:35:12.2242071Z ##[group]Fetching the repository
2026-02-15T02:35:12.2251536Z [command]/usr/bin/git -c protocol.version=2 fetch --no-tags --prune --no-recurse-submodules --depth=1 origin +2b12860415e694cc2b6f7a15a3acd6b881924f61:refs/remotes/origin/main
2026-02-15T02:35:50.7142287Z From https://github.com/Boss-1s/scratchattach
2026-02-15T02:35:50.7143541Z  * [new ref]         2b12860415e694cc2b6f7a15a3acd6b881924f61 -> origin/main
2026-02-15T02:35:50.7183961Z [command]/usr/bin/git branch --list --remote origin/main
2026-02-15T02:35:50.7217398Z   origin/main
2026-02-15T02:35:50.7231414Z [command]/usr/bin/git rev-parse refs/remotes/origin/main
2026-02-15T02:35:50.7257117Z 2b12860415e694cc2b6f7a15a3acd6b881924f61
2026-02-15T02:35:50.7261624Z ##[endgroup]
2026-02-15T02:35:50.7262261Z ##[group]Determining the checkout info
2026-02-15T02:35:50.7263306Z ##[endgroup]
2026-02-15T02:35:50.7268081Z [command]/usr/bin/git sparse-checkout disable
2026-02-15T02:35:50.7312422Z [command]/usr/bin/git config --local --unset-all extensions.worktreeConfig
2026-02-15T02:35:50.7341384Z ##[group]Checking out the ref
2026-02-15T02:35:50.7345874Z [command]/usr/bin/git checkout --progress --force -B main refs/remotes/origin/main
2026-02-15T02:35:51.9109058Z Updating files:  73% (2610/3539)
2026-02-15T02:35:52.2771896Z Updating files:  74% (2619/3539)
2026-02-15T02:35:52.4156332Z Updating files:  75% (2655/3539)
2026-02-15T02:35:52.4196589Z Updating files:  76% (2690/3539)
2026-02-15T02:35:52.6189714Z Updating files:  77% (2726/3539)
2026-02-15T02:35:52.6222290Z Updating files:  78% (2761/3539)
2026-02-15T02:35:52.7676707Z Updating files:  79% (2796/3539)
2026-02-15T02:35:53.1592997Z Updating files:  79% (2808/3539)
2026-02-15T02:35:53.4640902Z Updating files:  80% (2832/3539)
2026-02-15T02:35:53.7500964Z Updating files:  81% (2867/3539)
2026-02-15T02:35:53.9721974Z Updating files:  81% (2896/3539)
2026-02-15T02:35:54.0275060Z Updating files:  82% (2902/3539)
2026-02-15T02:35:54.3314037Z Updating files:  83% (2938/3539)
2026-02-15T02:35:54.7791403Z Updating files:  84% (2973/3539)
2026-02-15T02:35:55.0595857Z Updating files:  84% (2998/3539)
2026-02-15T02:35:55.8057016Z Updating files:  85% (3009/3539)
2026-02-15T02:35:55.8060508Z Updating files:  85% (3040/3539)
2026-02-15T02:35:56.3911837Z Updating files:  86% (3044/3539)
2026-02-15T02:35:56.7965708Z Updating files:  87% (3079/3539)
2026-02-15T02:35:57.0558222Z Updating files:  87% (3105/3539)
2026-02-15T02:35:57.5951836Z Updating files:  88% (3115/3539)
2026-02-15T02:35:57.7609822Z Updating files:  89% (3150/3539)
2026-02-15T02:35:58.1465509Z Updating files:  89% (3155/3539)
2026-02-15T02:35:58.1656156Z Updating files:  90% (3186/3539)
2026-02-15T02:35:58.1868789Z Updating files:  91% (3221/3539)
2026-02-15T02:35:58.2034293Z Updating files:  92% (3256/3539)
2026-02-15T02:35:58.2111328Z Updating files:  93% (3292/3539)
2026-02-15T02:35:58.5216228Z Updating files:  94% (3327/3539)
2026-02-15T02:35:58.7507370Z Updating files:  95% (3363/3539)
2026-02-15T02:35:59.0521876Z Updating files:  95% (3371/3539)
2026-02-15T02:35:59.4315428Z Updating files:  96% (3398/3539)
2026-02-15T02:35:59.6216260Z Updating files:  97% (3433/3539)
2026-02-15T02:35:59.7399822Z Updating files:  98% (3469/3539)
2026-02-15T02:35:59.7618053Z Updating files:  98% (3500/3539)
2026-02-15T02:35:59.8161810Z Updating files:  99% (3504/3539)
2026-02-15T02:35:59.8162588Z Updating files: 100% (3539/3539)
2026-02-15T02:35:59.8163538Z Updating files: 100% (3539/3539), done.
2026-02-15T02:35:59.8592211Z Switched to a new branch 'main'
2026-02-15T02:35:59.8596227Z branch 'main' set up to track 'origin/main'.
2026-02-15T02:35:59.8795841Z ##[endgroup]
2026-02-15T02:35:59.8849559Z [command]/usr/bin/git log -1 --format=%H
2026-02-15T02:35:59.8875447Z 2b12860415e694cc2b6f7a15a3acd6b881924f61
2026-02-15T02:35:59.9069929Z ##[group]Run pawanbahuguna/action-logs@v2.0.0
2026-02-15T02:35:59.9070421Z env:
2026-02-15T02:35:59.9071042Z   GH_TOKEN: ***
2026-02-15T02:35:59.9071243Z   GH_REPO: Boss-1s/scratchattach
2026-02-15T02:35:59.9071476Z   LOGS_DIR: .logs
2026-02-15T02:35:59.9071653Z ##[endgroup]
2026-02-15T02:35:59.9164905Z ##[command]/usr/bin/docker run --name a0dd195db1d389ff13401db962560cf9214f9c_087835 --label a0dd19 --workdir /github/workspace --rm -e "GH_TOKEN" -e "GH_REPO" -e "LOGS_DIR" -e "HOME" -e "GITHUB_JOB" -e "GITHUB_REF" -e "GITHUB_SHA" -e "GITHUB_REPOSITORY" -e "GITHUB_REPOSITORY_OWNER" -e "GITHUB_REPOSITORY_OWNER_ID" -e "GITHUB_RUN_ID" -e "GITHUB_RUN_NUMBER" -e "GITHUB_RETENTION_DAYS" -e "GITHUB_RUN_ATTEMPT" -e "GITHUB_ACTOR_ID" -e "GITHUB_ACTOR" -e "GITHUB_WORKFLOW" -e "GITHUB_HEAD_REF" -e "GITHUB_BASE_REF" -e "GITHUB_EVENT_NAME" -e "GITHUB_SERVER_URL" -e "GITHUB_API_URL" -e "GITHUB_GRAPHQL_URL" -e "GITHUB_REF_NAME" -e "GITHUB_REF_PROTECTED" -e "GITHUB_REF_TYPE" -e "GITHUB_WORKFLOW_REF" -e "GITHUB_WORKFLOW_SHA" -e "GITHUB_REPOSITORY_ID" -e "GITHUB_TRIGGERING_ACTOR" -e "GITHUB_WORKSPACE" -e "GITHUB_ACTION" -e "GITHUB_EVENT_PATH" -e "GITHUB_ACTION_REPOSITORY" -e "GITHUB_ACTION_REF" -e "GITHUB_PATH" -e "GITHUB_ENV" -e "GITHUB_STEP_SUMMARY" -e "GITHUB_STATE" -e "GITHUB_OUTPUT" -e "RUNNER_OS" -e "RUNNER_ARCH" -e "RUNNER_NAME" -e "RUNNER_ENVIRONMENT" -e "RUNNER_TOOL_CACHE" -e "RUNNER_TEMP" -e "RUNNER_WORKSPACE" -e "ACTIONS_RUNTIME_URL" -e "ACTIONS_RUNTIME_TOKEN" -e "ACTIONS_CACHE_URL" -e "ACTIONS_RESULTS_URL" -e "ACTIONS_ORCHESTRATION_ID" -e GITHUB_ACTIONS=true -e CI=true -v "/var/run/docker.sock":"/var/run/docker.sock" -v "/home/runner/work/_temp":"/github/runner_temp" -v "/home/runner/work/_temp/_github_home":"/github/home" -v "/home/runner/work/_temp/_github_workflow":"/github/workflow" -v "/home/runner/work/_temp/_runner_file_commands":"/github/file_commands" -v "/home/runner/work/scratchattach/scratchattach":"/github/workspace" a0dd19:5db1d389ff13401db962560cf9214f9c
2026-02-15T02:36:03.6733494Z Will only process 24hrs logs before or equal to 2026-02-14T02:36:03Z
2026-02-15T02:36:03.6734691Z Searching Workflow Runs
2026-02-15T02:36:05.5907048Z Fetching Job IDs
2026-02-15T02:36:09.0270775Z mkdir: can't create directory '.logs': File exists
2026-02-15T02:36:09.0278140Z Writing logs for job 63648753986
2026-02-15T02:36:09.1955699Z Writing logs for job 63648588375
2026-02-15T02:36:09.3348787Z Writing logs for job 63639146490
2026-02-15T02:36:09.5515171Z Writing logs for job 63639116434
2026-02-15T02:36:09.7410921Z Writing logs for job 63639116180
2026-02-15T02:36:09.9523696Z Writing logs for job 63639116183
2026-02-15T02:36:10.2447158Z Writing logs for job 63638918214
2026-02-15T02:36:10.4219269Z Writing logs for job 63638916521
2026-02-15T02:36:10.6080192Z Writing logs for job 63638916526
2026-02-15T02:36:10.7923177Z Writing logs for job 63638840261
2026-02-15T02:36:10.9921796Z Writing logs for job 63638840262
2026-02-15T02:36:11.1853402Z Writing logs for job 63638840306
2026-02-15T02:36:11.3896411Z Writing logs for job 63634254973
2026-02-15T02:36:11.6810396Z Writing logs for job 63633399392
2026-02-15T02:36:11.9572265Z Writing logs for job 63623604184
2026-02-15T02:36:12.2754933Z Writing logs for job 63621874701
2026-02-15T02:36:12.5741343Z Writing logs for job 63611330172
2026-02-15T02:36:12.8170167Z Writing logs for job 63610184688
2026-02-15T02:36:13.1927412Z Writing logs for job 63604389156
2026-02-15T02:36:13.3940511Z Logs Downloaded and saved!
2026-02-15T02:36:13.3941117Z Starting cleanup
2026-02-15T02:36:13.3948395Z cleanup Completed!!
2026-02-15T02:36:13.4958826Z ##[group]Run git config --global user.name 'Boss_1s [via Actions]'
2026-02-15T02:36:13.4959506Z [36;1mgit config --global user.name 'Boss_1s [via Actions]'[0m
2026-02-15T02:36:13.4960113Z [36;1mgit config --global user.email 'Boss-1s[auto]@users.noreply.github.com'[0m
2026-02-15T02:36:13.4960605Z [36;1m[0m
2026-02-15T02:36:13.4960831Z [36;1mgit pull origin main[0m
2026-02-15T02:36:13.4961099Z [36;1m[0m
2026-02-15T02:36:13.4961369Z [36;1mGIT_STATUS_OUTPUT=$(git status --porcelain)[0m
2026-02-15T02:36:13.4961925Z [36;1m[0m
2026-02-15T02:36:13.4962158Z [36;1mif [ -z "$GIT_STATUS_OUTPUT" ]; then[0m
2026-02-15T02:36:13.4962603Z [36;1m  echo "Git working tree is clean (no uncommitted changes)."[0m
2026-02-15T02:36:13.4963017Z [36;1m  exit 0[0m
2026-02-15T02:36:13.4963236Z [36;1melse[0m
2026-02-15T02:36:13.4963529Z [36;1m  echo "Git working tree has uncommitted changes:"[0m
2026-02-15T02:36:13.4963919Z [36;1m  echo "$GIT_STATUS_OUTPUT"[0m
2026-02-15T02:36:13.4964954Z [36;1m  echo "These changes will be pushed to the main branch."[0m
2026-02-15T02:36:13.4965391Z [36;1mfi[0m
2026-02-15T02:36:13.4965602Z [36;1m[0m
2026-02-15T02:36:13.4965807Z [36;1mgit add .[0m
2026-02-15T02:36:13.4966070Z [36;1mgit commit -m "[BOT] Download Logs"[0m
2026-02-15T02:36:13.4966413Z [36;1mgit push origin main[0m
2026-02-15T02:36:13.5020523Z shell: /usr/bin/bash -e {0}
2026-02-15T02:36:13.5020840Z ##[endgroup]
2026-02-15T02:36:13.6365453Z From https://github.com/Boss-1s/scratchattach
2026-02-15T02:36:13.6366194Z  * branch            main       -> FETCH_HEAD
2026-02-15T02:36:13.6449766Z Already up to date.
2026-02-15T02:36:14.7574151Z Git working tree has uncommitted changes:
2026-02-15T02:36:14.7575006Z ?? .logs/logs-63604389156-2026-02-15.txt
2026-02-15T02:36:14.7575573Z ?? .logs/logs-63610184688-2026-02-15.txt
2026-02-15T02:36:14.7576048Z ?? .logs/logs-63611330172-2026-02-15.txt
2026-02-15T02:36:14.7576392Z ?? .logs/logs-63621874701-2026-02-15.txt
2026-02-15T02:36:14.7576762Z ?? .logs/logs-63623604184-2026-02-15.txt
2026-02-15T02:36:14.7577091Z ?? .logs/logs-63633399392-2026-02-15.txt
2026-02-15T02:36:14.7577411Z ?? .logs/logs-63634254973-2026-02-15.txt
2026-02-15T02:36:14.7577741Z ?? .logs/logs-63638840261-2026-02-15.txt
2026-02-15T02:36:14.7578071Z ?? .logs/logs-63638840262-2026-02-15.txt
2026-02-15T02:36:14.7578398Z ?? .logs/logs-63638840306-2026-02-15.txt
2026-02-15T02:36:14.7578747Z ?? .logs/logs-63638916521-2026-02-15.txt
2026-02-15T02:36:14.7579079Z ?? .logs/logs-63638916526-2026-02-15.txt
2026-02-15T02:36:14.7579427Z ?? .logs/logs-63638918214-2026-02-15.txt
2026-02-15T02:36:14.7579760Z ?? .logs/logs-63639116180-2026-02-15.txt
2026-02-15T02:36:14.7580084Z ?? .logs/logs-63639116183-2026-02-15.txt
2026-02-15T02:36:14.7580417Z ?? .logs/logs-63639116434-2026-02-15.txt
2026-02-15T02:36:14.7580753Z ?? .logs/logs-63639146490-2026-02-15.txt
2026-02-15T02:36:14.7581077Z ?? .logs/logs-63648588375-2026-02-15.txt
2026-02-15T02:36:14.7581442Z ?? .logs/logs-63648753986-2026-02-15.txt
2026-02-15T02:36:14.7581861Z These changes will be pushed to the main branch.
2026-02-15T02:36:15.1877255Z [main 463ee6e] [BOT] Download Logs
2026-02-15T02:36:15.1881879Z  19 files changed, 319129 insertions(+)
2026-02-15T02:36:15.1883051Z  create mode 100644 .logs/logs-63604389156-2026-02-15.txt
2026-02-15T02:36:15.1884258Z  create mode 100644 .logs/logs-63610184688-2026-02-15.txt
2026-02-15T02:36:15.1885834Z  create mode 100644 .logs/logs-63611330172-2026-02-15.txt
2026-02-15T02:36:15.1886513Z  create mode 100644 .logs/logs-63621874701-2026-02-15.txt
2026-02-15T02:36:15.1887212Z  create mode 100644 .logs/logs-63623604184-2026-02-15.txt
2026-02-15T02:36:15.1887880Z  create mode 100644 .logs/logs-63633399392-2026-02-15.txt
2026-02-15T02:36:15.1888544Z  create mode 100644 .logs/logs-63634254973-2026-02-15.txt
2026-02-15T02:36:15.1889216Z  create mode 100644 .logs/logs-63638840261-2026-02-15.txt
2026-02-15T02:36:15.1889883Z  create mode 100644 .logs/logs-63638840262-2026-02-15.txt
2026-02-15T02:36:15.1890858Z  create mode 100644 .logs/logs-63638840306-2026-02-15.txt
2026-02-15T02:36:15.1891437Z  create mode 100644 .logs/logs-63638916521-2026-02-15.txt
2026-02-15T02:36:15.1892001Z  create mode 100644 .logs/logs-63638916526-2026-02-15.txt
2026-02-15T02:36:15.1892574Z  create mode 100644 .logs/logs-63638918214-2026-02-15.txt
2026-02-15T02:36:15.1893144Z  create mode 100644 .logs/logs-63639116180-2026-02-15.txt
2026-02-15T02:36:15.1893708Z  create mode 100644 .logs/logs-63639116183-2026-02-15.txt
2026-02-15T02:36:15.1894278Z  create mode 100644 .logs/logs-63639116434-2026-02-15.txt
2026-02-15T02:36:15.1895240Z  create mode 100644 .logs/logs-63639146490-2026-02-15.txt
2026-02-15T02:36:15.1895808Z  create mode 100644 .logs/logs-63648588375-2026-02-15.txt
2026-02-15T02:36:15.1896377Z  create mode 100644 .logs/logs-63648753986-2026-02-15.txt
2026-02-15T02:36:18.4019166Z To https://github.com/Boss-1s/scratchattach
2026-02-15T02:36:18.4020206Z    2b12860..463ee6e  main -> main
2026-02-15T02:36:18.4157177Z Post job cleanup.
2026-02-15T02:36:18.4967531Z [command]/usr/bin/git version
2026-02-15T02:36:18.5005603Z git version 2.52.0
2026-02-15T02:36:18.5072032Z Copying '/home/runner/.gitconfig' to '/home/runner/work/_temp/493c0467-0213-4f28-b67f-6710dceb78d5/.gitconfig'
2026-02-15T02:36:18.5081658Z Temporarily overriding HOME='/home/runner/work/_temp/493c0467-0213-4f28-b67f-6710dceb78d5' before making global git config changes
2026-02-15T02:36:18.5083129Z Adding repository directory to the temporary git global config as a safe directory
2026-02-15T02:36:18.5088382Z [command]/usr/bin/git config --global --add safe.directory /home/runner/work/scratchattach/scratchattach
2026-02-15T02:36:18.5122440Z Removing SSH command configuration
2026-02-15T02:36:18.5129698Z [command]/usr/bin/git config --local --name-only --get-regexp core\.sshCommand
2026-02-15T02:36:18.5165648Z [command]/usr/bin/git submodule foreach --recursive sh -c "git config --local --name-only --get-regexp 'core\.sshCommand' && git config --local --unset-all 'core.sshCommand' || :"
2026-02-15T02:36:18.5413982Z Removing HTTP extra header
2026-02-15T02:36:18.5419447Z [command]/usr/bin/git config --local --name-only --get-regexp http\.https\:\/\/github\.com\/\.extraheader
2026-02-15T02:36:18.5456327Z [command]/usr/bin/git submodule foreach --recursive sh -c "git config --local --name-only --get-regexp 'http\.https\:\/\/github\.com\/\.extraheader' && git config --local --unset-all 'http.https://github.com/.extraheader' || :"
2026-02-15T02:36:18.5702595Z Removing includeIf entries pointing to credentials config files
2026-02-15T02:36:18.5703929Z [command]/usr/bin/git config --local --name-only --get-regexp ^includeIf\.gitdir:
2026-02-15T02:36:18.5728574Z includeif.gitdir:/home/runner/work/scratchattach/scratchattach/.git.path
2026-02-15T02:36:18.5729773Z includeif.gitdir:/home/runner/work/scratchattach/scratchattach/.git/worktrees/*.path
2026-02-15T02:36:18.5730710Z includeif.gitdir:/github/workspace/.git.path
2026-02-15T02:36:18.5731434Z includeif.gitdir:/github/workspace/.git/worktrees/*.path
2026-02-15T02:36:18.5740241Z [command]/usr/bin/git config --local --get-all includeif.gitdir:/home/runner/work/scratchattach/scratchattach/.git.path
2026-02-15T02:36:18.5762854Z /home/runner/work/_temp/git-credentials-950bfd09-1c0b-4678-b736-ce8fa064ac8f.config
2026-02-15T02:36:18.5774071Z [command]/usr/bin/git config --local --unset includeif.gitdir:/home/runner/work/scratchattach/scratchattach/.git.path /home/runner/work/_temp/git-credentials-950bfd09-1c0b-4678-b736-ce8fa064ac8f.config
2026-02-15T02:36:18.5810331Z [command]/usr/bin/git config --local --get-all includeif.gitdir:/home/runner/work/scratchattach/scratchattach/.git/worktrees/*.path
2026-02-15T02:36:18.5833829Z /home/runner/work/_temp/git-credentials-950bfd09-1c0b-4678-b736-ce8fa064ac8f.config
2026-02-15T02:36:18.5845676Z [command]/usr/bin/git config --local --unset includeif.gitdir:/home/runner/work/scratchattach/scratchattach/.git/worktrees/*.path /home/runner/work/_temp/git-credentials-950bfd09-1c0b-4678-b736-ce8fa064ac8f.config
2026-02-15T02:36:18.5881758Z [command]/usr/bin/git config --local --get-all includeif.gitdir:/github/workspace/.git.path
2026-02-15T02:36:18.5905350Z /github/runner_temp/git-credentials-950bfd09-1c0b-4678-b736-ce8fa064ac8f.config
2026-02-15T02:36:18.5914286Z [command]/usr/bin/git config --local --unset includeif.gitdir:/github/workspace/.git.path /github/runner_temp/git-credentials-950bfd09-1c0b-4678-b736-ce8fa064ac8f.config
2026-02-15T02:36:18.5945648Z [command]/usr/bin/git config --local --get-all includeif.gitdir:/github/workspace/.git/worktrees/*.path
2026-02-15T02:36:18.5967265Z /github/runner_temp/git-credentials-950bfd09-1c0b-4678-b736-ce8fa064ac8f.config
2026-02-15T02:36:18.5976798Z [command]/usr/bin/git config --local --unset includeif.gitdir:/github/workspace/.git/worktrees/*.path /github/runner_temp/git-credentials-950bfd09-1c0b-4678-b736-ce8fa064ac8f.config
2026-02-15T02:36:18.6009433Z [command]/usr/bin/git submodule foreach --recursive git config --local --show-origin --name-only --get-regexp remote.origin.url
2026-02-15T02:36:18.6259616Z Removing credentials config '/home/runner/work/_temp/git-credentials-950bfd09-1c0b-4678-b736-ce8fa064ac8f.config'
2026-02-15T02:36:18.6403446Z Cleaning up orphan processes
