2025-10-08T00:13:35.3075700Z Current runner version: '2.328.0'
2025-10-08T00:13:35.3100063Z ##[group]Runner Image Provisioner
2025-10-08T00:13:35.3100911Z Hosted Compute Agent
2025-10-08T00:13:35.3101482Z Version: 20250912.392
2025-10-08T00:13:35.3102072Z Commit: d921fda672a98b64f4f82364647e2f10b2267d0b
2025-10-08T00:13:35.3103032Z Build Date: 2025-09-12T15:23:14Z
2025-10-08T00:13:35.3103653Z ##[endgroup]
2025-10-08T00:13:35.3104205Z ##[group]Operating System
2025-10-08T00:13:35.3104751Z Ubuntu
2025-10-08T00:13:35.3105227Z 24.04.3
2025-10-08T00:13:35.3105641Z LTS
2025-10-08T00:13:35.3106120Z ##[endgroup]
2025-10-08T00:13:35.3106662Z ##[group]Runner Image
2025-10-08T00:13:35.3107161Z Image: ubuntu-24.04
2025-10-08T00:13:35.3107699Z Version: 20250929.60.1
2025-10-08T00:13:35.3108707Z Included Software: https://github.com/actions/runner-images/blob/ubuntu24/20250929.60/images/ubuntu/Ubuntu2404-Readme.md
2025-10-08T00:13:35.3110172Z Image Release: https://github.com/actions/runner-images/releases/tag/ubuntu24%2F20250929.60
2025-10-08T00:13:35.3111210Z ##[endgroup]
2025-10-08T00:13:35.3112146Z ##[group]GITHUB_TOKEN Permissions
2025-10-08T00:13:35.3114136Z Contents: write
2025-10-08T00:13:35.3114695Z Metadata: read
2025-10-08T00:13:35.3115277Z ##[endgroup]
2025-10-08T00:13:35.3117654Z Secret source: Actions
2025-10-08T00:13:35.3118545Z Prepare workflow directory
2025-10-08T00:13:35.3447259Z Prepare all required actions
2025-10-08T00:13:35.3486211Z Getting action download info
2025-10-08T00:13:35.7896282Z Download action repository 'actions/checkout@v5.0.0' (SHA:08c6903cd8c0fde910a37f88322edcfb5dd907a8)
2025-10-08T00:13:36.2868490Z Download action repository 'actions/setup-python@v6.0.0' (SHA:e797f83bcb11b83ae66e0230d6156d7c80228e7c)
2025-10-08T00:13:36.4078584Z Download action repository 'bossOfCode/install-scratchattach@v1.0.3' (SHA:be17a7cf1ecb5a7040eb42ef26c2e1fbe72bb25a)
2025-10-08T00:13:37.0621813Z Complete job name: Run Request/Database Handler
2025-10-08T00:13:37.1416200Z ##[group]Run actions/checkout@v5.0.0
2025-10-08T00:13:37.1417539Z with:
2025-10-08T00:13:37.1418297Z   ref: scratch_chat_dev
2025-10-08T00:13:37.1419164Z   repository: Boss-1s/scratchattach
2025-10-08T00:13:37.1420421Z   token: ***
2025-10-08T00:13:37.1421149Z   ssh-strict: true
2025-10-08T00:13:37.1421900Z   ssh-user: git
2025-10-08T00:13:37.1423026Z   persist-credentials: true
2025-10-08T00:13:37.1423926Z   clean: true
2025-10-08T00:13:37.1424704Z   sparse-checkout-cone-mode: true
2025-10-08T00:13:37.1425650Z   fetch-depth: 1
2025-10-08T00:13:37.1426403Z   fetch-tags: false
2025-10-08T00:13:37.1427177Z   show-progress: true
2025-10-08T00:13:37.1427944Z   lfs: false
2025-10-08T00:13:37.1428657Z   submodules: false
2025-10-08T00:13:37.1429451Z   set-safe-directory: true
2025-10-08T00:13:37.1430587Z ##[endgroup]
2025-10-08T00:13:37.2339944Z Syncing repository: Boss-1s/scratchattach
2025-10-08T00:13:37.2342740Z ##[group]Getting Git version info
2025-10-08T00:13:37.2344254Z Working directory is '/home/runner/work/scratchattach/scratchattach'
2025-10-08T00:13:37.2346183Z [command]/usr/bin/git version
2025-10-08T00:13:37.3415634Z git version 2.51.0
2025-10-08T00:13:37.3439062Z ##[endgroup]
2025-10-08T00:13:37.3456595Z Temporarily overriding HOME='/home/runner/work/_temp/c7053e72-6541-42c7-a24c-1f0105130f21' before making global git config changes
2025-10-08T00:13:37.3461181Z Adding repository directory to the temporary git global config as a safe directory
2025-10-08T00:13:37.3465197Z [command]/usr/bin/git config --global --add safe.directory /home/runner/work/scratchattach/scratchattach
2025-10-08T00:13:37.3542324Z Deleting the contents of '/home/runner/work/scratchattach/scratchattach'
2025-10-08T00:13:37.3545787Z ##[group]Initializing the repository
2025-10-08T00:13:37.3550483Z [command]/usr/bin/git init /home/runner/work/scratchattach/scratchattach
2025-10-08T00:13:37.4493841Z hint: Using 'master' as the name for the initial branch. This default branch name
2025-10-08T00:13:37.4495913Z hint: is subject to change. To configure the initial branch name to use in all
2025-10-08T00:13:37.4498033Z hint: of your new repositories, which will suppress this warning, call:
2025-10-08T00:13:37.4499324Z hint:
2025-10-08T00:13:37.4500213Z hint: 	git config --global init.defaultBranch <name>
2025-10-08T00:13:37.4501301Z hint:
2025-10-08T00:13:37.4502341Z hint: Names commonly chosen instead of 'master' are 'main', 'trunk' and
2025-10-08T00:13:37.4504277Z hint: 'development'. The just-created branch can be renamed via this command:
2025-10-08T00:13:37.4505637Z hint:
2025-10-08T00:13:37.4506344Z hint: 	git branch -m <name>
2025-10-08T00:13:37.4507286Z hint:
2025-10-08T00:13:37.4508403Z hint: Disable this message with "git config set advice.defaultBranchName false"
2025-10-08T00:13:37.4537881Z Initialized empty Git repository in /home/runner/work/scratchattach/scratchattach/.git/
2025-10-08T00:13:37.4551344Z [command]/usr/bin/git remote add origin https://github.com/Boss-1s/scratchattach
2025-10-08T00:13:37.4688977Z ##[endgroup]
2025-10-08T00:13:37.4691309Z ##[group]Disabling automatic garbage collection
2025-10-08T00:13:37.4693704Z [command]/usr/bin/git config --local gc.auto 0
2025-10-08T00:13:37.4724451Z ##[endgroup]
2025-10-08T00:13:37.4726590Z ##[group]Setting up auth
2025-10-08T00:13:37.4732095Z [command]/usr/bin/git config --local --name-only --get-regexp core\.sshCommand
2025-10-08T00:13:37.4765150Z [command]/usr/bin/git submodule foreach --recursive sh -c "git config --local --name-only --get-regexp 'core\.sshCommand' && git config --local --unset-all 'core.sshCommand' || :"
2025-10-08T00:13:37.6545349Z [command]/usr/bin/git config --local --name-only --get-regexp http\.https\:\/\/github\.com\/\.extraheader
2025-10-08T00:13:37.6580836Z [command]/usr/bin/git submodule foreach --recursive sh -c "git config --local --name-only --get-regexp 'http\.https\:\/\/github\.com\/\.extraheader' && git config --local --unset-all 'http.https://github.com/.extraheader' || :"
2025-10-08T00:13:37.6824493Z [command]/usr/bin/git config --local http.https://github.com/.extraheader AUTHORIZATION: basic ***
2025-10-08T00:13:37.6860271Z ##[endgroup]
2025-10-08T00:13:37.6861587Z ##[group]Fetching the repository
2025-10-08T00:13:37.6870741Z [command]/usr/bin/git -c protocol.version=2 fetch --no-tags --prune --no-recurse-submodules --depth=1 origin +refs/heads/scratch_chat_dev*:refs/remotes/origin/scratch_chat_dev* +refs/tags/scratch_chat_dev*:refs/tags/scratch_chat_dev*
2025-10-08T00:13:38.9127149Z From https://github.com/Boss-1s/scratchattach
2025-10-08T00:13:38.9128998Z  * [new branch]      scratch_chat_dev -> origin/scratch_chat_dev
2025-10-08T00:13:38.9204142Z ##[endgroup]
2025-10-08T00:13:38.9204974Z ##[group]Determining the checkout info
2025-10-08T00:13:38.9211161Z [command]/usr/bin/git branch --list --remote origin/scratch_chat_dev
2025-10-08T00:13:38.9235052Z   origin/scratch_chat_dev
2025-10-08T00:13:38.9238960Z ##[endgroup]
2025-10-08T00:13:38.9243894Z [command]/usr/bin/git sparse-checkout disable
2025-10-08T00:13:38.9327129Z [command]/usr/bin/git config --local --unset-all extensions.worktreeConfig
2025-10-08T00:13:38.9353182Z ##[group]Checking out the ref
2025-10-08T00:13:38.9357401Z [command]/usr/bin/git checkout --progress --force -B scratch_chat_dev refs/remotes/origin/scratch_chat_dev
2025-10-08T00:13:39.1260517Z Switched to a new branch 'scratch_chat_dev'
2025-10-08T00:13:39.1262385Z branch 'scratch_chat_dev' set up to track 'origin/scratch_chat_dev'.
2025-10-08T00:13:39.1286053Z ##[endgroup]
2025-10-08T00:13:39.1326473Z [command]/usr/bin/git log -1 --format=%H
2025-10-08T00:13:39.1349158Z 1e6a68a4ee1516f8db49ce42be797a7a38704afd
2025-10-08T00:13:39.1578760Z ##[group]Run actions/setup-python@v6.0.0
2025-10-08T00:13:39.1579165Z with:
2025-10-08T00:13:39.1579427Z   python-version: 3.13
2025-10-08T00:13:39.1579729Z   check-latest: false
2025-10-08T00:13:39.1580155Z   token: ***
2025-10-08T00:13:39.1580429Z   update-environment: true
2025-10-08T00:13:39.1580746Z   allow-prereleases: false
2025-10-08T00:13:39.1581047Z   freethreaded: false
2025-10-08T00:13:39.1581313Z ##[endgroup]
2025-10-08T00:13:39.2835615Z ##[group]Installed versions
2025-10-08T00:13:39.3530154Z (node:2084) [DEP0040] DeprecationWarning: The `punycode` module is deprecated. Please use a userland alternative instead.
2025-10-08T00:13:39.3531126Z (Use `node --trace-deprecation ...` to show where the warning was created)
2025-10-08T00:13:39.3531864Z Successfully set up CPython (3.13.7)
2025-10-08T00:13:39.3532987Z ##[endgroup]
2025-10-08T00:13:39.3675761Z ##[group]Run bossOfCode/install-scratchattach@v1.0.3
2025-10-08T00:13:39.3676207Z env:
2025-10-08T00:13:39.3676553Z   pythonLocation: /opt/hostedtoolcache/Python/3.13.7/x64
2025-10-08T00:13:39.3677075Z   PKG_CONFIG_PATH: /opt/hostedtoolcache/Python/3.13.7/x64/lib/pkgconfig
2025-10-08T00:13:39.3677574Z   Python_ROOT_DIR: /opt/hostedtoolcache/Python/3.13.7/x64
2025-10-08T00:13:39.3678039Z   Python2_ROOT_DIR: /opt/hostedtoolcache/Python/3.13.7/x64
2025-10-08T00:13:39.3678485Z   Python3_ROOT_DIR: /opt/hostedtoolcache/Python/3.13.7/x64
2025-10-08T00:13:39.3678925Z   LD_LIBRARY_PATH: /opt/hostedtoolcache/Python/3.13.7/x64/lib
2025-10-08T00:13:39.3679314Z ##[endgroup]
2025-10-08T00:13:39.3758188Z ##[group]Run python3 -m pip install --upgrade pip
2025-10-08T00:13:39.3758704Z [36;1mpython3 -m pip install --upgrade pip[0m
2025-10-08T00:13:39.3937116Z shell: /usr/bin/bash --noprofile --norc -e -o pipefail {0}
2025-10-08T00:13:39.3937553Z env:
2025-10-08T00:13:39.3937929Z   pythonLocation: /opt/hostedtoolcache/Python/3.13.7/x64
2025-10-08T00:13:39.3938460Z   PKG_CONFIG_PATH: /opt/hostedtoolcache/Python/3.13.7/x64/lib/pkgconfig
2025-10-08T00:13:39.3938954Z   Python_ROOT_DIR: /opt/hostedtoolcache/Python/3.13.7/x64
2025-10-08T00:13:39.3939408Z   Python2_ROOT_DIR: /opt/hostedtoolcache/Python/3.13.7/x64
2025-10-08T00:13:39.3939851Z   Python3_ROOT_DIR: /opt/hostedtoolcache/Python/3.13.7/x64
2025-10-08T00:13:39.3940297Z   LD_LIBRARY_PATH: /opt/hostedtoolcache/Python/3.13.7/x64/lib
2025-10-08T00:13:39.3940727Z ##[endgroup]
2025-10-08T00:13:43.0858045Z Requirement already satisfied: pip in /opt/hostedtoolcache/Python/3.13.7/x64/lib/python3.13/site-packages (25.2)
2025-10-08T00:13:43.3348651Z ##[group]Run pip install -U scratchattach
2025-10-08T00:13:43.3348987Z [36;1mpip install -U scratchattach[0m
2025-10-08T00:13:43.3381472Z shell: /usr/bin/bash --noprofile --norc -e -o pipefail {0}
2025-10-08T00:13:43.3381794Z env:
2025-10-08T00:13:43.3382058Z   pythonLocation: /opt/hostedtoolcache/Python/3.13.7/x64
2025-10-08T00:13:43.3382488Z   PKG_CONFIG_PATH: /opt/hostedtoolcache/Python/3.13.7/x64/lib/pkgconfig
2025-10-08T00:13:43.3383071Z   Python_ROOT_DIR: /opt/hostedtoolcache/Python/3.13.7/x64
2025-10-08T00:13:43.3383446Z   Python2_ROOT_DIR: /opt/hostedtoolcache/Python/3.13.7/x64
2025-10-08T00:13:43.3383800Z   Python3_ROOT_DIR: /opt/hostedtoolcache/Python/3.13.7/x64
2025-10-08T00:13:43.3384168Z   LD_LIBRARY_PATH: /opt/hostedtoolcache/Python/3.13.7/x64/lib
2025-10-08T00:13:43.3384477Z ##[endgroup]
2025-10-08T00:13:44.3147675Z Collecting scratchattach
2025-10-08T00:13:44.3798129Z   Downloading scratchattach-2.1.13-py3-none-any.whl.metadata (5.5 kB)
2025-10-08T00:13:44.4105572Z Collecting websocket-client (from scratchattach)
2025-10-08T00:13:44.4206831Z   Downloading websocket_client-1.9.0-py3-none-any.whl.metadata (8.3 kB)
2025-10-08T00:13:44.4582714Z Collecting requests (from scratchattach)
2025-10-08T00:13:44.4692218Z   Downloading requests-2.32.5-py3-none-any.whl.metadata (4.9 kB)
2025-10-08T00:13:44.4899281Z Collecting bs4 (from scratchattach)
2025-10-08T00:13:44.5006773Z   Downloading bs4-0.0.2-py2.py3-none-any.whl.metadata (411 bytes)
2025-10-08T00:13:44.5714067Z Collecting SimpleWebSocketServer (from scratchattach)
2025-10-08T00:13:44.5825930Z   Downloading SimpleWebSocketServer-0.1.2.tar.gz (10 kB)
2025-10-08T00:13:44.5912232Z   Installing build dependencies: started
2025-10-08T00:13:46.2362041Z   Installing build dependencies: finished with status 'done'
2025-10-08T00:13:46.2368062Z   Getting requirements to build wheel: started
2025-10-08T00:13:46.6484723Z   Getting requirements to build wheel: finished with status 'done'
2025-10-08T00:13:46.6494398Z   Preparing metadata (pyproject.toml): started
2025-10-08T00:13:46.8424557Z   Preparing metadata (pyproject.toml): finished with status 'done'
2025-10-08T00:13:46.8673078Z Collecting typing-extensions (from scratchattach)
2025-10-08T00:13:46.8773497Z   Downloading typing_extensions-4.15.0-py3-none-any.whl.metadata (3.3 kB)
2025-10-08T00:13:46.9019599Z Collecting beautifulsoup4 (from bs4->scratchattach)
2025-10-08T00:13:46.9120066Z   Downloading beautifulsoup4-4.14.2-py3-none-any.whl.metadata (3.8 kB)
2025-10-08T00:13:46.9389662Z Collecting soupsieve>1.2 (from beautifulsoup4->bs4->scratchattach)
2025-10-08T00:13:46.9494930Z   Downloading soupsieve-2.8-py3-none-any.whl.metadata (4.6 kB)
2025-10-08T00:13:47.0485850Z Collecting charset_normalizer<4,>=2 (from requests->scratchattach)
2025-10-08T00:13:47.0595038Z   Downloading charset_normalizer-3.4.3-cp313-cp313-manylinux2014_x86_64.manylinux_2_17_x86_64.manylinux_2_28_x86_64.whl.metadata (36 kB)
2025-10-08T00:13:47.0925146Z Collecting idna<4,>=2.5 (from requests->scratchattach)
2025-10-08T00:13:47.1030733Z   Downloading idna-3.10-py3-none-any.whl.metadata (10 kB)
2025-10-08T00:13:47.1389292Z Collecting urllib3<3,>=1.21.1 (from requests->scratchattach)
2025-10-08T00:13:47.1496244Z   Downloading urllib3-2.5.0-py3-none-any.whl.metadata (6.5 kB)
2025-10-08T00:13:47.1799865Z Collecting certifi>=2017.4.17 (from requests->scratchattach)
2025-10-08T00:13:47.1901443Z   Downloading certifi-2025.10.5-py3-none-any.whl.metadata (2.5 kB)
2025-10-08T00:13:47.2082707Z Downloading scratchattach-2.1.13-py3-none-any.whl (141 kB)
2025-10-08T00:13:47.2310753Z Downloading bs4-0.0.2-py2.py3-none-any.whl (1.2 kB)
2025-10-08T00:13:47.2435322Z Downloading beautifulsoup4-4.14.2-py3-none-any.whl (106 kB)
2025-10-08T00:13:47.2568832Z Downloading soupsieve-2.8-py3-none-any.whl (36 kB)
2025-10-08T00:13:47.2696602Z Downloading typing_extensions-4.15.0-py3-none-any.whl (44 kB)
2025-10-08T00:13:47.2828757Z Downloading requests-2.32.5-py3-none-any.whl (64 kB)
2025-10-08T00:13:47.2978464Z Downloading charset_normalizer-3.4.3-cp313-cp313-manylinux2014_x86_64.manylinux_2_17_x86_64.manylinux_2_28_x86_64.whl (151 kB)
2025-10-08T00:13:47.3109877Z Downloading idna-3.10-py3-none-any.whl (70 kB)
2025-10-08T00:13:47.3241572Z Downloading urllib3-2.5.0-py3-none-any.whl (129 kB)
2025-10-08T00:13:47.3373077Z Downloading certifi-2025.10.5-py3-none-any.whl (163 kB)
2025-10-08T00:13:47.3529691Z Downloading websocket_client-1.9.0-py3-none-any.whl (82 kB)
2025-10-08T00:13:47.3668665Z Building wheels for collected packages: SimpleWebSocketServer
2025-10-08T00:13:47.3677063Z   Building wheel for SimpleWebSocketServer (pyproject.toml): started
2025-10-08T00:13:47.5914394Z   Building wheel for SimpleWebSocketServer (pyproject.toml): finished with status 'done'
2025-10-08T00:13:47.5921535Z   Created wheel for SimpleWebSocketServer: filename=simplewebsocketserver-0.1.2-py3-none-any.whl size=9715 sha256=88e725d18263a7e5b4ba21980d83cf77422660b4775065b33c3cd7747304fa55
2025-10-08T00:13:47.5923416Z   Stored in directory: /home/runner/.cache/pip/wheels/c4/5b/e8/4f2c15a82edc4923058056f6681373168be02a0c00389a6dcf
2025-10-08T00:13:47.5944266Z Successfully built SimpleWebSocketServer
2025-10-08T00:13:47.6124897Z Installing collected packages: SimpleWebSocketServer, websocket-client, urllib3, typing-extensions, soupsieve, idna, charset_normalizer, certifi, requests, beautifulsoup4, bs4, scratchattach
2025-10-08T00:13:48.2458081Z 
2025-10-08T00:13:48.2480199Z Successfully installed SimpleWebSocketServer-0.1.2 beautifulsoup4-4.14.2 bs4-0.0.2 certifi-2025.10.5 charset_normalizer-3.4.3 idna-3.10 requests-2.32.5 scratchattach-2.1.13 soupsieve-2.8 typing-extensions-4.15.0 urllib3-2.5.0 websocket-client-1.9.0
2025-10-08T00:13:48.3325662Z ##[group]Run actions/checkout@v5.0.0
2025-10-08T00:13:48.3325930Z with:
2025-10-08T00:13:48.3326115Z   ref: scratch_chat_dev
2025-10-08T00:13:48.3326341Z   repository: Boss-1s/scratchattach
2025-10-08T00:13:48.3326690Z   token: ***
2025-10-08T00:13:48.3326877Z   ssh-strict: true
2025-10-08T00:13:48.3327235Z   ssh-user: git
2025-10-08T00:13:48.3327424Z   persist-credentials: true
2025-10-08T00:13:48.3327642Z   clean: true
2025-10-08T00:13:48.3327836Z   sparse-checkout-cone-mode: true
2025-10-08T00:13:48.3328072Z   fetch-depth: 1
2025-10-08T00:13:48.3328258Z   fetch-tags: false
2025-10-08T00:13:48.3328441Z   show-progress: true
2025-10-08T00:13:48.3328635Z   lfs: false
2025-10-08T00:13:48.3328810Z   submodules: false
2025-10-08T00:13:48.3328995Z   set-safe-directory: true
2025-10-08T00:13:48.3329197Z env:
2025-10-08T00:13:48.3329427Z   pythonLocation: /opt/hostedtoolcache/Python/3.13.7/x64
2025-10-08T00:13:48.3329858Z   PKG_CONFIG_PATH: /opt/hostedtoolcache/Python/3.13.7/x64/lib/pkgconfig
2025-10-08T00:13:48.3330234Z   Python_ROOT_DIR: /opt/hostedtoolcache/Python/3.13.7/x64
2025-10-08T00:13:48.3330596Z   Python2_ROOT_DIR: /opt/hostedtoolcache/Python/3.13.7/x64
2025-10-08T00:13:48.3330932Z   Python3_ROOT_DIR: /opt/hostedtoolcache/Python/3.13.7/x64
2025-10-08T00:13:48.3331266Z   LD_LIBRARY_PATH: /opt/hostedtoolcache/Python/3.13.7/x64/lib
2025-10-08T00:13:48.3331556Z ##[endgroup]
2025-10-08T00:13:48.4079996Z Syncing repository: Boss-1s/scratchattach
2025-10-08T00:13:48.4081982Z ##[group]Getting Git version info
2025-10-08T00:13:48.4082668Z Working directory is '/home/runner/work/scratchattach/scratchattach'
2025-10-08T00:13:48.4119122Z [command]/usr/bin/git version
2025-10-08T00:13:48.4154709Z git version 2.51.0
2025-10-08T00:13:48.4175451Z ##[endgroup]
2025-10-08T00:13:48.4188678Z Temporarily overriding HOME='/home/runner/work/_temp/643ca77f-9db3-45fe-b4ec-0e06ad128706' before making global git config changes
2025-10-08T00:13:48.4189530Z Adding repository directory to the temporary git global config as a safe directory
2025-10-08T00:13:48.4194853Z [command]/usr/bin/git config --global --add safe.directory /home/runner/work/scratchattach/scratchattach
2025-10-08T00:13:48.4230761Z [command]/usr/bin/git config --local --get remote.origin.url
2025-10-08T00:13:48.4251537Z https://github.com/Boss-1s/scratchattach
2025-10-08T00:13:48.4265552Z ##[group]Removing previously created refs, to avoid conflicts
2025-10-08T00:13:48.4269728Z [command]/usr/bin/git rev-parse --symbolic-full-name --verify --quiet HEAD
2025-10-08T00:13:48.4290215Z refs/heads/scratch_chat_dev
2025-10-08T00:13:48.4300172Z [command]/usr/bin/git checkout --detach
2025-10-08T00:13:48.5481543Z HEAD is now at 1e6a68a fix: cannot import `UserWarning`
2025-10-08T00:13:48.5532101Z [command]/usr/bin/git branch --delete --force scratch_chat_dev
2025-10-08T00:13:48.5561037Z Deleted branch scratch_chat_dev (was 1e6a68a).
2025-10-08T00:13:48.5598139Z ##[endgroup]
2025-10-08T00:13:48.5601599Z [command]/usr/bin/git submodule status
2025-10-08T00:13:48.5913570Z ##[group]Cleaning the repository
2025-10-08T00:13:48.5918072Z [command]/usr/bin/git clean -ffdx
2025-10-08T00:13:48.5958873Z [command]/usr/bin/git reset --hard HEAD
2025-10-08T00:13:48.6014500Z HEAD is now at 1e6a68a fix: cannot import `UserWarning`
2025-10-08T00:13:48.6020327Z ##[endgroup]
2025-10-08T00:13:48.6022062Z ##[group]Disabling automatic garbage collection
2025-10-08T00:13:48.6026540Z [command]/usr/bin/git config --local gc.auto 0
2025-10-08T00:13:48.6054057Z ##[endgroup]
2025-10-08T00:13:48.6054671Z ##[group]Setting up auth
2025-10-08T00:13:48.6061164Z [command]/usr/bin/git config --local --name-only --get-regexp core\.sshCommand
2025-10-08T00:13:48.6092105Z [command]/usr/bin/git submodule foreach --recursive sh -c "git config --local --name-only --get-regexp 'core\.sshCommand' && git config --local --unset-all 'core.sshCommand' || :"
2025-10-08T00:13:48.6339348Z [command]/usr/bin/git config --local --name-only --get-regexp http\.https\:\/\/github\.com\/\.extraheader
2025-10-08T00:13:48.6362053Z http.https://github.com/.extraheader
2025-10-08T00:13:48.6371518Z [command]/usr/bin/git config --local --unset-all http.https://github.com/.extraheader
2025-10-08T00:13:48.6406143Z [command]/usr/bin/git submodule foreach --recursive sh -c "git config --local --name-only --get-regexp 'http\.https\:\/\/github\.com\/\.extraheader' && git config --local --unset-all 'http.https://github.com/.extraheader' || :"
2025-10-08T00:13:48.6650483Z [command]/usr/bin/git config --local http.https://github.com/.extraheader AUTHORIZATION: basic ***
2025-10-08T00:13:48.6691920Z ##[endgroup]
2025-10-08T00:13:48.6692733Z ##[group]Fetching the repository
2025-10-08T00:13:48.6701043Z [command]/usr/bin/git -c protocol.version=2 fetch --no-tags --prune --no-recurse-submodules --depth=1 origin +refs/heads/scratch_chat_dev*:refs/remotes/origin/scratch_chat_dev* +refs/tags/scratch_chat_dev*:refs/tags/scratch_chat_dev*
2025-10-08T00:13:49.1469282Z ##[endgroup]
2025-10-08T00:13:49.1469740Z ##[group]Determining the checkout info
2025-10-08T00:13:49.1476259Z [command]/usr/bin/git branch --list --remote origin/scratch_chat_dev
2025-10-08T00:13:49.1498973Z   origin/scratch_chat_dev
2025-10-08T00:13:49.1503291Z ##[endgroup]
2025-10-08T00:13:49.1507697Z [command]/usr/bin/git sparse-checkout disable
2025-10-08T00:13:49.1550156Z [command]/usr/bin/git config --local --unset-all extensions.worktreeConfig
2025-10-08T00:13:49.1576943Z ##[group]Checking out the ref
2025-10-08T00:13:49.1581169Z [command]/usr/bin/git checkout --progress --force -B scratch_chat_dev refs/remotes/origin/scratch_chat_dev
2025-10-08T00:13:49.1637994Z Switched to a new branch 'scratch_chat_dev'
2025-10-08T00:13:49.1640683Z branch 'scratch_chat_dev' set up to track 'origin/scratch_chat_dev'.
2025-10-08T00:13:49.1647008Z ##[endgroup]
2025-10-08T00:13:49.1681049Z [command]/usr/bin/git log -1 --format=%H
2025-10-08T00:13:49.1705739Z 1e6a68a4ee1516f8db49ce42be797a7a38704afd
2025-10-08T00:13:49.1810494Z ##[group]Run git config --global user.name 'Boss-1s [via Actions]'
2025-10-08T00:13:49.1810974Z [36;1mgit config --global user.name 'Boss-1s [via Actions]'[0m
2025-10-08T00:13:49.1811405Z [36;1mgit config --global user.email 'Boss-1s[auto]@users.noreply.github.com'[0m
2025-10-08T00:13:49.1811888Z [36;1mtimeout 3m python3 scratch_chat.py || { [[ $? -eq 124 ]] && exit 0; }[0m
2025-10-08T00:13:49.1846170Z shell: /usr/bin/bash -e {0}
2025-10-08T00:13:49.1846401Z env:
2025-10-08T00:13:49.1846653Z   pythonLocation: /opt/hostedtoolcache/Python/3.13.7/x64
2025-10-08T00:13:49.1847066Z   PKG_CONFIG_PATH: /opt/hostedtoolcache/Python/3.13.7/x64/lib/pkgconfig
2025-10-08T00:13:49.1847471Z   Python_ROOT_DIR: /opt/hostedtoolcache/Python/3.13.7/x64
2025-10-08T00:13:49.1847834Z   Python2_ROOT_DIR: /opt/hostedtoolcache/Python/3.13.7/x64
2025-10-08T00:13:49.1848179Z   Python3_ROOT_DIR: /opt/hostedtoolcache/Python/3.13.7/x64
2025-10-08T00:13:49.1848550Z   LD_LIBRARY_PATH: /opt/hostedtoolcache/Python/3.13.7/x64/lib
2025-10-08T00:13:49.1849070Z   PASS: ***
2025-10-08T00:13:49.1849268Z ##[endgroup]
2025-10-08T00:13:50.5454617Z If you use cloud requests or cloud storages, please credit TimMcCool!
2025-10-08T00:13:50.5455303Z Request handler is running
2025-10-08T00:13:50.5462008Z Request handler is running
2025-10-08T00:15:03.9933832Z Received request r_ping, requested by None, args [], timestamp 1759882503992.367, id 371080
2025-10-08T00:15:03.9942107Z Request Handler Pinged
2025-10-08T00:15:05.4419105Z Received request db_get_keys, requested by None, args [settings.json], timestamp 1759882505440.704, id 276660
2025-10-08T00:15:05.4426746Z client.requester requested keys from database settings.json
2025-10-08T00:15:05.6051732Z Received request db_get_subkeys_values, requested by None, args [settings.json, Boss_1s, True, False], timestamp 1759882505604.1152, id 798530
2025-10-08T00:15:05.6058925Z client.requester requested subkeys under the top level key Boss_1s in database settings.json
2025-10-08T00:16:49.1995622Z ##[group]Run bash push.sh
2025-10-08T00:16:49.1995893Z [36;1mbash push.sh[0m
2025-10-08T00:16:49.2028221Z shell: /usr/bin/bash -e {0}
2025-10-08T00:16:49.2028449Z env:
2025-10-08T00:16:49.2028696Z   pythonLocation: /opt/hostedtoolcache/Python/3.13.7/x64
2025-10-08T00:16:49.2029099Z   PKG_CONFIG_PATH: /opt/hostedtoolcache/Python/3.13.7/x64/lib/pkgconfig
2025-10-08T00:16:49.2029506Z   Python_ROOT_DIR: /opt/hostedtoolcache/Python/3.13.7/x64
2025-10-08T00:16:49.2030024Z   Python2_ROOT_DIR: /opt/hostedtoolcache/Python/3.13.7/x64
2025-10-08T00:16:49.2030368Z   Python3_ROOT_DIR: /opt/hostedtoolcache/Python/3.13.7/x64
2025-10-08T00:16:49.2030709Z   LD_LIBRARY_PATH: /opt/hostedtoolcache/Python/3.13.7/x64/lib
2025-10-08T00:16:49.2030995Z ##[endgroup]
2025-10-08T00:16:52.7046422Z From https://github.com/Boss-1s/scratchattach
2025-10-08T00:16:52.7046796Z  * branch            scratch_chat_dev -> FETCH_HEAD
2025-10-08T00:16:52.7171818Z Already up to date.
2025-10-08T00:16:52.7223112Z Git working tree has uncommitted changes:
2025-10-08T00:16:52.7223687Z  M __pycache__/key_multivalue_storage.cpython-313.pyc
2025-10-08T00:16:52.7224306Z These changes will be pushed to the scratch_chat_dev branch.#main
2025-10-08T00:16:52.7336492Z [scratch_chat_dev 20b969c] [BOT] Update file from workflow
2025-10-08T00:16:52.7337104Z  1 file changed, 0 insertions(+), 0 deletions(-)
2025-10-08T00:16:53.4227276Z To https://github.com/Boss-1s/scratchattach
2025-10-08T00:16:53.4227707Z    1e6a68a..20b969c  scratch_chat_dev -> scratch_chat_dev
2025-10-08T00:16:53.4344431Z Post job cleanup.
2025-10-08T00:16:53.5153770Z [command]/usr/bin/git version
2025-10-08T00:16:53.5189402Z git version 2.51.0
2025-10-08T00:16:53.5222044Z Copying '/home/runner/.gitconfig' to '/home/runner/work/_temp/58929d60-a756-414d-9ef0-38c2a88f0839/.gitconfig'
2025-10-08T00:16:53.5230888Z Temporarily overriding HOME='/home/runner/work/_temp/58929d60-a756-414d-9ef0-38c2a88f0839' before making global git config changes
2025-10-08T00:16:53.5232196Z Adding repository directory to the temporary git global config as a safe directory
2025-10-08T00:16:53.5237210Z [command]/usr/bin/git config --global --add safe.directory /home/runner/work/scratchattach/scratchattach
2025-10-08T00:16:53.5272231Z [command]/usr/bin/git config --local --name-only --get-regexp core\.sshCommand
2025-10-08T00:16:53.5303652Z [command]/usr/bin/git submodule foreach --recursive sh -c "git config --local --name-only --get-regexp 'core\.sshCommand' && git config --local --unset-all 'core.sshCommand' || :"
2025-10-08T00:16:53.5528651Z [command]/usr/bin/git config --local --name-only --get-regexp http\.https\:\/\/github\.com\/\.extraheader
2025-10-08T00:16:53.5550650Z http.https://github.com/.extraheader
2025-10-08T00:16:53.5578447Z [command]/usr/bin/git config --local --unset-all http.https://github.com/.extraheader
2025-10-08T00:16:53.5593828Z [command]/usr/bin/git submodule foreach --recursive sh -c "git config --local --name-only --get-regexp 'http\.https\:\/\/github\.com\/\.extraheader' && git config --local --unset-all 'http.https://github.com/.extraheader' || :"
2025-10-08T00:16:53.5921741Z Post job cleanup.
2025-10-08T00:16:53.7044987Z (node:2460) [DEP0040] DeprecationWarning: The `punycode` module is deprecated. Please use a userland alternative instead.
2025-10-08T00:16:53.7045643Z (Use `node --trace-deprecation ...` to show where the warning was created)
2025-10-08T00:16:53.7157586Z Post job cleanup.
2025-10-08T00:16:53.8010048Z [command]/usr/bin/git version
2025-10-08T00:16:53.8060929Z git version 2.51.0
2025-10-08T00:16:53.8105269Z Copying '/home/runner/.gitconfig' to '/home/runner/work/_temp/231a265f-d1ad-42e4-9f5e-3a30c980e0e8/.gitconfig'
2025-10-08T00:16:53.8115638Z Temporarily overriding HOME='/home/runner/work/_temp/231a265f-d1ad-42e4-9f5e-3a30c980e0e8' before making global git config changes
2025-10-08T00:16:53.8116910Z Adding repository directory to the temporary git global config as a safe directory
2025-10-08T00:16:53.8122438Z [command]/usr/bin/git config --global --add safe.directory /home/runner/work/scratchattach/scratchattach
2025-10-08T00:16:53.8161412Z [command]/usr/bin/git config --local --name-only --get-regexp core\.sshCommand
2025-10-08T00:16:53.8196374Z [command]/usr/bin/git submodule foreach --recursive sh -c "git config --local --name-only --get-regexp 'core\.sshCommand' && git config --local --unset-all 'core.sshCommand' || :"
2025-10-08T00:16:53.8439756Z [command]/usr/bin/git config --local --name-only --get-regexp http\.https\:\/\/github\.com\/\.extraheader
2025-10-08T00:16:53.8474015Z [command]/usr/bin/git submodule foreach --recursive sh -c "git config --local --name-only --get-regexp 'http\.https\:\/\/github\.com\/\.extraheader' && git config --local --unset-all 'http.https://github.com/.extraheader' || :"
2025-10-08T00:16:53.8828403Z Cleaning up orphan processes
