2025-09-01T12:24:10.2406601Z Current runner version: '2.328.0'
2025-09-01T12:24:10.2431405Z ##[group]Runner Image Provisioner
2025-09-01T12:24:10.2432714Z Hosted Compute Agent
2025-09-01T12:24:10.2433498Z Version: 20250829.383
2025-09-01T12:24:10.2434533Z Commit: 27cb235aab5b0e52e153a26cd86b4742e89dac5d
2025-09-01T12:24:10.2435663Z Build Date: 2025-08-29T13:48:48Z
2025-09-01T12:24:10.2436518Z ##[endgroup]
2025-09-01T12:24:10.2437393Z ##[group]Operating System
2025-09-01T12:24:10.2438227Z Ubuntu
2025-09-01T12:24:10.2438919Z 24.04.3
2025-09-01T12:24:10.2439683Z LTS
2025-09-01T12:24:10.2440418Z ##[endgroup]
2025-09-01T12:24:10.2441179Z ##[group]Runner Image
2025-09-01T12:24:10.2442425Z Image: ubuntu-24.04
2025-09-01T12:24:10.2443202Z Version: 20250824.1.0
2025-09-01T12:24:10.2444849Z Included Software: https://github.com/actions/runner-images/blob/ubuntu24/20250824.1/images/ubuntu/Ubuntu2404-Readme.md
2025-09-01T12:24:10.2447559Z Image Release: https://github.com/actions/runner-images/releases/tag/ubuntu24%2F20250824.1
2025-09-01T12:24:10.2449217Z ##[endgroup]
2025-09-01T12:24:10.2450987Z ##[group]GITHUB_TOKEN Permissions
2025-09-01T12:24:10.2453758Z Contents: write
2025-09-01T12:24:10.2454718Z Metadata: read
2025-09-01T12:24:10.2455657Z ##[endgroup]
2025-09-01T12:24:10.2459068Z Secret source: Actions
2025-09-01T12:24:10.2460214Z Prepare workflow directory
2025-09-01T12:24:10.2924081Z Prepare all required actions
2025-09-01T12:24:10.2979540Z Getting action download info
2025-09-01T12:24:10.7086785Z Download action repository 'actions/checkout@v5' (SHA:08c6903cd8c0fde910a37f88322edcfb5dd907a8)
2025-09-01T12:24:10.8001787Z Download action repository 'actions/setup-python@v5.6.0' (SHA:a26af69be951a213d495a4c3e4e4022e16d87065)
2025-09-01T12:24:10.9209531Z Download action repository 'bossOfCode/install-scratchattach@v1.0.3' (SHA:be17a7cf1ecb5a7040eb42ef26c2e1fbe72bb25a)
2025-09-01T12:24:11.3045508Z Complete job name: Run Prioritzing Handler
2025-09-01T12:24:11.3750815Z ##[group]Run actions/checkout@v5
2025-09-01T12:24:11.3751768Z with:
2025-09-01T12:24:11.3752402Z   ref: main
2025-09-01T12:24:11.3752833Z   repository: Boss-1s/scratchattach
2025-09-01T12:24:11.3753555Z   token: ***
2025-09-01T12:24:11.3753982Z   ssh-strict: true
2025-09-01T12:24:11.3754407Z   ssh-user: git
2025-09-01T12:24:11.3754857Z   persist-credentials: true
2025-09-01T12:24:11.3755372Z   clean: true
2025-09-01T12:24:11.3755813Z   sparse-checkout-cone-mode: true
2025-09-01T12:24:11.3756353Z   fetch-depth: 1
2025-09-01T12:24:11.3756792Z   fetch-tags: false
2025-09-01T12:24:11.3757248Z   show-progress: true
2025-09-01T12:24:11.3757706Z   lfs: false
2025-09-01T12:24:11.3758122Z   submodules: false
2025-09-01T12:24:11.3758594Z   set-safe-directory: true
2025-09-01T12:24:11.3759390Z ##[endgroup]
2025-09-01T12:24:11.4709691Z Syncing repository: Boss-1s/scratchattach
2025-09-01T12:24:11.4711600Z ##[group]Getting Git version info
2025-09-01T12:24:11.4712819Z Working directory is '/home/runner/work/scratchattach/scratchattach'
2025-09-01T12:24:11.4713914Z [command]/usr/bin/git version
2025-09-01T12:24:11.4819877Z git version 2.51.0
2025-09-01T12:24:11.4842554Z ##[endgroup]
2025-09-01T12:24:11.4857534Z Temporarily overriding HOME='/home/runner/work/_temp/e2607123-994d-43a2-8e6a-72cfcc468b2a' before making global git config changes
2025-09-01T12:24:11.4858993Z Adding repository directory to the temporary git global config as a safe directory
2025-09-01T12:24:11.4863097Z [command]/usr/bin/git config --global --add safe.directory /home/runner/work/scratchattach/scratchattach
2025-09-01T12:24:11.4902432Z Deleting the contents of '/home/runner/work/scratchattach/scratchattach'
2025-09-01T12:24:11.4906237Z ##[group]Initializing the repository
2025-09-01T12:24:11.4910925Z [command]/usr/bin/git init /home/runner/work/scratchattach/scratchattach
2025-09-01T12:24:11.4988041Z hint: Using 'master' as the name for the initial branch. This default branch name
2025-09-01T12:24:11.4989832Z hint: is subject to change. To configure the initial branch name to use in all
2025-09-01T12:24:11.4991189Z hint: of your new repositories, which will suppress this warning, call:
2025-09-01T12:24:11.4993433Z hint:
2025-09-01T12:24:11.4994260Z hint: 	git config --global init.defaultBranch <name>
2025-09-01T12:24:11.4995204Z hint:
2025-09-01T12:24:11.4995811Z hint: Names commonly chosen instead of 'master' are 'main', 'trunk' and
2025-09-01T12:24:11.4997525Z hint: 'development'. The just-created branch can be renamed via this command:
2025-09-01T12:24:11.4998316Z hint:
2025-09-01T12:24:11.4998731Z hint: 	git branch -m <name>
2025-09-01T12:24:11.4999205Z hint:
2025-09-01T12:24:11.4999876Z hint: Disable this message with "git config set advice.defaultBranchName false"
2025-09-01T12:24:11.5001238Z Initialized empty Git repository in /home/runner/work/scratchattach/scratchattach/.git/
2025-09-01T12:24:11.5004105Z [command]/usr/bin/git remote add origin https://github.com/Boss-1s/scratchattach
2025-09-01T12:24:11.5041365Z ##[endgroup]
2025-09-01T12:24:11.5042790Z ##[group]Disabling automatic garbage collection
2025-09-01T12:24:11.5044541Z [command]/usr/bin/git config --local gc.auto 0
2025-09-01T12:24:11.5071971Z ##[endgroup]
2025-09-01T12:24:11.5072782Z ##[group]Setting up auth
2025-09-01T12:24:11.5078316Z [command]/usr/bin/git config --local --name-only --get-regexp core\.sshCommand
2025-09-01T12:24:11.5109721Z [command]/usr/bin/git submodule foreach --recursive sh -c "git config --local --name-only --get-regexp 'core\.sshCommand' && git config --local --unset-all 'core.sshCommand' || :"
2025-09-01T12:24:11.5430428Z [command]/usr/bin/git config --local --name-only --get-regexp http\.https\:\/\/github\.com\/\.extraheader
2025-09-01T12:24:11.5462220Z [command]/usr/bin/git submodule foreach --recursive sh -c "git config --local --name-only --get-regexp 'http\.https\:\/\/github\.com\/\.extraheader' && git config --local --unset-all 'http.https://github.com/.extraheader' || :"
2025-09-01T12:24:11.5678952Z [command]/usr/bin/git config --local http.https://github.com/.extraheader AUTHORIZATION: basic ***
2025-09-01T12:24:11.5712867Z ##[endgroup]
2025-09-01T12:24:11.5713758Z ##[group]Fetching the repository
2025-09-01T12:24:11.5722300Z [command]/usr/bin/git -c protocol.version=2 fetch --no-tags --prune --no-recurse-submodules --depth=1 origin +refs/heads/main*:refs/remotes/origin/main* +refs/tags/main*:refs/tags/main*
2025-09-01T12:24:11.8598592Z From https://github.com/Boss-1s/scratchattach
2025-09-01T12:24:11.8599573Z  * [new branch]      main       -> origin/main
2025-09-01T12:24:11.8629329Z ##[endgroup]
2025-09-01T12:24:11.8630694Z ##[group]Determining the checkout info
2025-09-01T12:24:11.8636043Z [command]/usr/bin/git branch --list --remote origin/main
2025-09-01T12:24:11.8658592Z   origin/main
2025-09-01T12:24:11.8663724Z ##[endgroup]
2025-09-01T12:24:11.8667350Z [command]/usr/bin/git sparse-checkout disable
2025-09-01T12:24:11.8705928Z [command]/usr/bin/git config --local --unset-all extensions.worktreeConfig
2025-09-01T12:24:11.8732415Z ##[group]Checking out the ref
2025-09-01T12:24:11.8736709Z [command]/usr/bin/git checkout --progress --force -B main refs/remotes/origin/main
2025-09-01T12:24:11.9024813Z Switched to a new branch 'main'
2025-09-01T12:24:11.9026117Z branch 'main' set up to track 'origin/main'.
2025-09-01T12:24:11.9035440Z ##[endgroup]
2025-09-01T12:24:11.9076716Z [command]/usr/bin/git log -1 --format=%H
2025-09-01T12:24:11.9100442Z bebaa4405341f8aacaaefa4d8383532a8a714152
2025-09-01T12:24:11.9376453Z ##[group]Run actions/setup-python@v5.6.0
2025-09-01T12:24:11.9377358Z with:
2025-09-01T12:24:11.9378053Z   python-version: 3.12.5
2025-09-01T12:24:11.9378886Z   check-latest: false
2025-09-01T12:24:11.9379720Z   token: ***
2025-09-01T12:24:11.9380469Z   update-environment: true
2025-09-01T12:24:11.9381189Z   allow-prereleases: false
2025-09-01T12:24:11.9382022Z   freethreaded: false
2025-09-01T12:24:11.9382614Z ##[endgroup]
2025-09-01T12:24:12.1064712Z ##[group]Installed versions
2025-09-01T12:24:12.1219513Z Version 3.12.5 was not found in the local cache
2025-09-01T12:24:12.4876903Z Version 3.12.5 is available for downloading
2025-09-01T12:24:12.4881596Z Download from "https://github.com/actions/python-versions/releases/download/3.12.5-10375840348/python-3.12.5-linux-24.04-x64.tar.gz"
2025-09-01T12:24:13.2367375Z Extract downloaded archive
2025-09-01T12:24:13.2504240Z [command]/usr/bin/tar xz --warning=no-unknown-keyword --overwrite -C /home/runner/work/_temp/048278e3-ba6b-4459-9a78-11f281cf6c62 -f /home/runner/work/_temp/8c5497ca-6e32-4403-8ba4-196793164faf
2025-09-01T12:24:15.2797298Z Execute installation script
2025-09-01T12:24:15.2884685Z Check if Python hostedtoolcache folder exist...
2025-09-01T12:24:15.2885552Z Create Python 3.12.5 folder
2025-09-01T12:24:15.2904961Z Copy Python binaries to hostedtoolcache folder
2025-09-01T12:24:16.0243916Z Create additional symlinks (Required for the UsePythonVersion Azure Pipelines task and the setup-python GitHub Action)
2025-09-01T12:24:16.0285578Z Upgrading pip...
2025-09-01T12:24:18.5118034Z Looking in links: /tmp/tmpf23mdt0l
2025-09-01T12:24:18.5123257Z Requirement already satisfied: pip in /opt/hostedtoolcache/Python/3.12.5/x64/lib/python3.12/site-packages (24.2)
2025-09-01T12:24:20.0866913Z Collecting pip
2025-09-01T12:24:20.1460427Z Downloading pip-25.2-py3-none-any.whl.metadata (4.7 kB)
2025-09-01T12:24:20.1582251Z Downloading pip-25.2-py3-none-any.whl (1.8 MB)
2025-09-01T12:24:20.2733526Z ━━━━━━━━━━━━━━━━━━━━━━━━━━━━━━━━━━━━━━━━ 1.8/1.8 MB 17.2 MB/s eta 0:00:00
2025-09-01T12:24:20.2735377Z 
2025-09-01T12:24:20.3009212Z Installing collected packages: pip
2025-09-01T12:24:20.3010006Z Attempting uninstall: pip
2025-09-01T12:24:20.3031254Z Found existing installation: pip 24.2
2025-09-01T12:24:20.3384387Z Uninstalling pip-24.2:
2025-09-01T12:24:20.3440614Z Successfully uninstalled pip-24.2
2025-09-01T12:24:21.2447251Z Successfully installed pip-25.2
2025-09-01T12:24:21.2926563Z Create complete file
2025-09-01T12:24:21.2963968Z Successfully set up CPython (3.12.5)
2025-09-01T12:24:21.2964997Z ##[endgroup]
2025-09-01T12:24:21.3100101Z ##[group]Run bossOfCode/install-scratchattach@v1.0.3
2025-09-01T12:24:21.3100473Z env:
2025-09-01T12:24:21.3100745Z   pythonLocation: /opt/hostedtoolcache/Python/3.12.5/x64
2025-09-01T12:24:21.3101175Z   PKG_CONFIG_PATH: /opt/hostedtoolcache/Python/3.12.5/x64/lib/pkgconfig
2025-09-01T12:24:21.3101575Z   Python_ROOT_DIR: /opt/hostedtoolcache/Python/3.12.5/x64
2025-09-01T12:24:21.3102253Z   Python2_ROOT_DIR: /opt/hostedtoolcache/Python/3.12.5/x64
2025-09-01T12:24:21.3102648Z   Python3_ROOT_DIR: /opt/hostedtoolcache/Python/3.12.5/x64
2025-09-01T12:24:21.3103034Z   LD_LIBRARY_PATH: /opt/hostedtoolcache/Python/3.12.5/x64/lib
2025-09-01T12:24:21.3103366Z ##[endgroup]
2025-09-01T12:24:21.3181177Z ##[group]Run python3 -m pip install --upgrade pip
2025-09-01T12:24:21.3181589Z [36;1mpython3 -m pip install --upgrade pip[0m
2025-09-01T12:24:21.3241554Z shell: /usr/bin/bash --noprofile --norc -e -o pipefail {0}
2025-09-01T12:24:21.3242236Z env:
2025-09-01T12:24:21.3242553Z   pythonLocation: /opt/hostedtoolcache/Python/3.12.5/x64
2025-09-01T12:24:21.3242965Z   PKG_CONFIG_PATH: /opt/hostedtoolcache/Python/3.12.5/x64/lib/pkgconfig
2025-09-01T12:24:21.3243385Z   Python_ROOT_DIR: /opt/hostedtoolcache/Python/3.12.5/x64
2025-09-01T12:24:21.3243735Z   Python2_ROOT_DIR: /opt/hostedtoolcache/Python/3.12.5/x64
2025-09-01T12:24:21.3308041Z   Python3_ROOT_DIR: /opt/hostedtoolcache/Python/3.12.5/x64
2025-09-01T12:24:21.3308762Z   LD_LIBRARY_PATH: /opt/hostedtoolcache/Python/3.12.5/x64/lib
2025-09-01T12:24:21.3309407Z ##[endgroup]
2025-09-01T12:24:22.1620694Z Requirement already satisfied: pip in /opt/hostedtoolcache/Python/3.12.5/x64/lib/python3.12/site-packages (25.2)
2025-09-01T12:24:22.3596613Z ##[group]Run pip install -U scratchattach
2025-09-01T12:24:22.3596930Z [36;1mpip install -U scratchattach[0m
2025-09-01T12:24:22.3627552Z shell: /usr/bin/bash --noprofile --norc -e -o pipefail {0}
2025-09-01T12:24:22.3627891Z env:
2025-09-01T12:24:22.3628152Z   pythonLocation: /opt/hostedtoolcache/Python/3.12.5/x64
2025-09-01T12:24:22.3628549Z   PKG_CONFIG_PATH: /opt/hostedtoolcache/Python/3.12.5/x64/lib/pkgconfig
2025-09-01T12:24:22.3629217Z   Python_ROOT_DIR: /opt/hostedtoolcache/Python/3.12.5/x64
2025-09-01T12:24:22.3629557Z   Python2_ROOT_DIR: /opt/hostedtoolcache/Python/3.12.5/x64
2025-09-01T12:24:22.3629898Z   Python3_ROOT_DIR: /opt/hostedtoolcache/Python/3.12.5/x64
2025-09-01T12:24:22.3630244Z   LD_LIBRARY_PATH: /opt/hostedtoolcache/Python/3.12.5/x64/lib
2025-09-01T12:24:22.3630538Z ##[endgroup]
2025-09-01T12:24:23.2735757Z Collecting scratchattach
2025-09-01T12:24:23.3179153Z   Downloading scratchattach-2.1.13-py3-none-any.whl.metadata (5.5 kB)
2025-09-01T12:24:23.3476902Z Collecting websocket-client (from scratchattach)
2025-09-01T12:24:23.3549954Z   Downloading websocket_client-1.8.0-py3-none-any.whl.metadata (8.0 kB)
2025-09-01T12:24:23.3901097Z Collecting requests (from scratchattach)
2025-09-01T12:24:23.3973207Z   Downloading requests-2.32.5-py3-none-any.whl.metadata (4.9 kB)
2025-09-01T12:24:23.4139344Z Collecting bs4 (from scratchattach)
2025-09-01T12:24:23.4210174Z   Downloading bs4-0.0.2-py2.py3-none-any.whl.metadata (411 bytes)
2025-09-01T12:24:23.4356157Z Collecting SimpleWebSocketServer (from scratchattach)
2025-09-01T12:24:23.4442740Z   Downloading SimpleWebSocketServer-0.1.2.tar.gz (10 kB)
2025-09-01T12:24:23.4534388Z   Installing build dependencies: started
2025-09-01T12:24:24.3066380Z   Installing build dependencies: finished with status 'done'
2025-09-01T12:24:24.3072343Z   Getting requirements to build wheel: started
2025-09-01T12:24:24.6577912Z   Getting requirements to build wheel: finished with status 'done'
2025-09-01T12:24:24.6587112Z   Preparing metadata (pyproject.toml): started
2025-09-01T12:24:24.8480738Z   Preparing metadata (pyproject.toml): finished with status 'done'
2025-09-01T12:24:24.8709928Z Collecting typing-extensions (from scratchattach)
2025-09-01T12:24:24.8785424Z   Downloading typing_extensions-4.15.0-py3-none-any.whl.metadata (3.3 kB)
2025-09-01T12:24:24.9046762Z Collecting beautifulsoup4 (from bs4->scratchattach)
2025-09-01T12:24:24.9119185Z   Downloading beautifulsoup4-4.13.5-py3-none-any.whl.metadata (3.8 kB)
2025-09-01T12:24:24.9365055Z Collecting soupsieve>1.2 (from beautifulsoup4->bs4->scratchattach)
2025-09-01T12:24:24.9438475Z   Downloading soupsieve-2.8-py3-none-any.whl.metadata (4.6 kB)
2025-09-01T12:24:25.0539831Z Collecting charset_normalizer<4,>=2 (from requests->scratchattach)
2025-09-01T12:24:25.0615484Z   Downloading charset_normalizer-3.4.3-cp312-cp312-manylinux2014_x86_64.manylinux_2_17_x86_64.manylinux_2_28_x86_64.whl.metadata (36 kB)
2025-09-01T12:24:25.0864022Z Collecting idna<4,>=2.5 (from requests->scratchattach)
2025-09-01T12:24:25.0935945Z   Downloading idna-3.10-py3-none-any.whl.metadata (10 kB)
2025-09-01T12:24:25.1280802Z Collecting urllib3<3,>=1.21.1 (from requests->scratchattach)
2025-09-01T12:24:25.1354230Z   Downloading urllib3-2.5.0-py3-none-any.whl.metadata (6.5 kB)
2025-09-01T12:24:25.1619450Z Collecting certifi>=2017.4.17 (from requests->scratchattach)
2025-09-01T12:24:25.1690945Z   Downloading certifi-2025.8.3-py3-none-any.whl.metadata (2.4 kB)
2025-09-01T12:24:25.1842020Z Downloading scratchattach-2.1.13-py3-none-any.whl (141 kB)
2025-09-01T12:24:25.2001614Z Downloading bs4-0.0.2-py2.py3-none-any.whl (1.2 kB)
2025-09-01T12:24:25.2100722Z Downloading beautifulsoup4-4.13.5-py3-none-any.whl (105 kB)
2025-09-01T12:24:25.2201461Z Downloading soupsieve-2.8-py3-none-any.whl (36 kB)
2025-09-01T12:24:25.2348059Z Downloading typing_extensions-4.15.0-py3-none-any.whl (44 kB)
2025-09-01T12:24:25.2442293Z Downloading requests-2.32.5-py3-none-any.whl (64 kB)
2025-09-01T12:24:25.2536760Z Downloading charset_normalizer-3.4.3-cp312-cp312-manylinux2014_x86_64.manylinux_2_17_x86_64.manylinux_2_28_x86_64.whl (151 kB)
2025-09-01T12:24:25.2639504Z Downloading idna-3.10-py3-none-any.whl (70 kB)
2025-09-01T12:24:25.2737293Z Downloading urllib3-2.5.0-py3-none-any.whl (129 kB)
2025-09-01T12:24:25.2838204Z Downloading certifi-2025.8.3-py3-none-any.whl (161 kB)
2025-09-01T12:24:25.2940846Z Downloading websocket_client-1.8.0-py3-none-any.whl (58 kB)
2025-09-01T12:24:25.3079734Z Building wheels for collected packages: SimpleWebSocketServer
2025-09-01T12:24:25.3088640Z   Building wheel for SimpleWebSocketServer (pyproject.toml): started
2025-09-01T12:24:25.5289262Z   Building wheel for SimpleWebSocketServer (pyproject.toml): finished with status 'done'
2025-09-01T12:24:25.5296071Z   Created wheel for SimpleWebSocketServer: filename=simplewebsocketserver-0.1.2-py3-none-any.whl size=9715 sha256=fc7dc48083b721cdc18a3e4a66af0246177ace8eb8aefbab8e10c3bed272ab6e
2025-09-01T12:24:25.5298131Z   Stored in directory: /home/runner/.cache/pip/wheels/81/fd/d8/f145b47bedceb5dff96b76e404a4ee9be956a4f8f150cd8133
2025-09-01T12:24:25.5317067Z Successfully built SimpleWebSocketServer
2025-09-01T12:24:25.5494455Z Installing collected packages: SimpleWebSocketServer, websocket-client, urllib3, typing-extensions, soupsieve, idna, charset_normalizer, certifi, requests, beautifulsoup4, bs4, scratchattach
2025-09-01T12:24:26.0987811Z 
2025-09-01T12:24:26.1007047Z Successfully installed SimpleWebSocketServer-0.1.2 beautifulsoup4-4.13.5 bs4-0.0.2 certifi-2025.8.3 charset_normalizer-3.4.3 idna-3.10 requests-2.32.5 scratchattach-2.1.13 soupsieve-2.8 typing-extensions-4.15.0 urllib3-2.5.0 websocket-client-1.8.0
2025-09-01T12:24:26.1821505Z ##[group]Run actions/checkout@v5
2025-09-01T12:24:26.1821763Z with:
2025-09-01T12:24:26.1822092Z   ref: main
2025-09-01T12:24:26.1822283Z   repository: Boss-1s/scratchattach
2025-09-01T12:24:26.1822636Z   token: ***
2025-09-01T12:24:26.1822821Z   ssh-strict: true
2025-09-01T12:24:26.1823008Z   ssh-user: git
2025-09-01T12:24:26.1823200Z   persist-credentials: true
2025-09-01T12:24:26.1823418Z   clean: true
2025-09-01T12:24:26.1823609Z   sparse-checkout-cone-mode: true
2025-09-01T12:24:26.1823849Z   fetch-depth: 1
2025-09-01T12:24:26.1824032Z   fetch-tags: false
2025-09-01T12:24:26.1824217Z   show-progress: true
2025-09-01T12:24:26.1824410Z   lfs: false
2025-09-01T12:24:26.1824584Z   submodules: false
2025-09-01T12:24:26.1824775Z   set-safe-directory: true
2025-09-01T12:24:26.1825002Z env:
2025-09-01T12:24:26.1825230Z   pythonLocation: /opt/hostedtoolcache/Python/3.12.5/x64
2025-09-01T12:24:26.1825624Z   PKG_CONFIG_PATH: /opt/hostedtoolcache/Python/3.12.5/x64/lib/pkgconfig
2025-09-01T12:24:26.1826031Z   Python_ROOT_DIR: /opt/hostedtoolcache/Python/3.12.5/x64
2025-09-01T12:24:26.1826371Z   Python2_ROOT_DIR: /opt/hostedtoolcache/Python/3.12.5/x64
2025-09-01T12:24:26.1826707Z   Python3_ROOT_DIR: /opt/hostedtoolcache/Python/3.12.5/x64
2025-09-01T12:24:26.1827041Z   LD_LIBRARY_PATH: /opt/hostedtoolcache/Python/3.12.5/x64/lib
2025-09-01T12:24:26.1827338Z ##[endgroup]
2025-09-01T12:24:26.2599401Z Syncing repository: Boss-1s/scratchattach
2025-09-01T12:24:26.2601155Z ##[group]Getting Git version info
2025-09-01T12:24:26.2601714Z Working directory is '/home/runner/work/scratchattach/scratchattach'
2025-09-01T12:24:26.2638307Z [command]/usr/bin/git version
2025-09-01T12:24:26.2673988Z git version 2.51.0
2025-09-01T12:24:26.2695264Z ##[endgroup]
2025-09-01T12:24:26.2708745Z Temporarily overriding HOME='/home/runner/work/_temp/ca598b5c-71af-4a0f-b6ce-ede3b5d9bec5' before making global git config changes
2025-09-01T12:24:26.2709976Z Adding repository directory to the temporary git global config as a safe directory
2025-09-01T12:24:26.2713711Z [command]/usr/bin/git config --global --add safe.directory /home/runner/work/scratchattach/scratchattach
2025-09-01T12:24:26.2752532Z [command]/usr/bin/git config --local --get remote.origin.url
2025-09-01T12:24:26.2774655Z https://github.com/Boss-1s/scratchattach
2025-09-01T12:24:26.2788088Z ##[group]Removing previously created refs, to avoid conflicts
2025-09-01T12:24:26.2792430Z [command]/usr/bin/git rev-parse --symbolic-full-name --verify --quiet HEAD
2025-09-01T12:24:26.2813612Z refs/heads/main
2025-09-01T12:24:26.2824011Z [command]/usr/bin/git checkout --detach
2025-09-01T12:24:26.3071650Z HEAD is now at bebaa44 [BOT] Download Logs
2025-09-01T12:24:26.3117307Z [command]/usr/bin/git branch --delete --force main
2025-09-01T12:24:26.3142863Z Deleted branch main (was bebaa44).
2025-09-01T12:24:26.3177822Z ##[endgroup]
2025-09-01T12:24:26.3181600Z [command]/usr/bin/git submodule status
2025-09-01T12:24:26.3407157Z ##[group]Cleaning the repository
2025-09-01T12:24:26.3412342Z [command]/usr/bin/git clean -ffdx
2025-09-01T12:24:26.3446168Z [command]/usr/bin/git reset --hard HEAD
2025-09-01T12:24:26.3481002Z HEAD is now at bebaa44 [BOT] Download Logs
2025-09-01T12:24:26.3486058Z ##[endgroup]
2025-09-01T12:24:26.3487901Z ##[group]Disabling automatic garbage collection
2025-09-01T12:24:26.3492094Z [command]/usr/bin/git config --local gc.auto 0
2025-09-01T12:24:26.3519032Z ##[endgroup]
2025-09-01T12:24:26.3519626Z ##[group]Setting up auth
2025-09-01T12:24:26.3526587Z [command]/usr/bin/git config --local --name-only --get-regexp core\.sshCommand
2025-09-01T12:24:26.3556672Z [command]/usr/bin/git submodule foreach --recursive sh -c "git config --local --name-only --get-regexp 'core\.sshCommand' && git config --local --unset-all 'core.sshCommand' || :"
2025-09-01T12:24:26.3789017Z [command]/usr/bin/git config --local --name-only --get-regexp http\.https\:\/\/github\.com\/\.extraheader
2025-09-01T12:24:26.3812714Z http.https://github.com/.extraheader
2025-09-01T12:24:26.3821008Z [command]/usr/bin/git config --local --unset-all http.https://github.com/.extraheader
2025-09-01T12:24:26.3852508Z [command]/usr/bin/git submodule foreach --recursive sh -c "git config --local --name-only --get-regexp 'http\.https\:\/\/github\.com\/\.extraheader' && git config --local --unset-all 'http.https://github.com/.extraheader' || :"
2025-09-01T12:24:26.4077165Z [command]/usr/bin/git config --local http.https://github.com/.extraheader AUTHORIZATION: basic ***
2025-09-01T12:24:26.4114444Z ##[endgroup]
2025-09-01T12:24:26.4115099Z ##[group]Fetching the repository
2025-09-01T12:24:26.4123701Z [command]/usr/bin/git -c protocol.version=2 fetch --no-tags --prune --no-recurse-submodules --depth=1 origin +refs/heads/main*:refs/remotes/origin/main* +refs/tags/main*:refs/tags/main*
2025-09-01T12:24:26.6379701Z ##[endgroup]
2025-09-01T12:24:26.6380332Z ##[group]Determining the checkout info
2025-09-01T12:24:26.6387631Z [command]/usr/bin/git branch --list --remote origin/main
2025-09-01T12:24:26.6412464Z   origin/main
2025-09-01T12:24:26.6417524Z ##[endgroup]
2025-09-01T12:24:26.6422519Z [command]/usr/bin/git sparse-checkout disable
2025-09-01T12:24:26.6465238Z [command]/usr/bin/git config --local --unset-all extensions.worktreeConfig
2025-09-01T12:24:26.6492265Z ##[group]Checking out the ref
2025-09-01T12:24:26.6496995Z [command]/usr/bin/git checkout --progress --force -B main refs/remotes/origin/main
2025-09-01T12:24:26.6540611Z Switched to a new branch 'main'
2025-09-01T12:24:26.6543602Z branch 'main' set up to track 'origin/main'.
2025-09-01T12:24:26.6550724Z ##[endgroup]
2025-09-01T12:24:26.6590119Z [command]/usr/bin/git log -1 --format=%H
2025-09-01T12:24:26.6615167Z bebaa4405341f8aacaaefa4d8383532a8a714152
2025-09-01T12:24:26.6748631Z ##[group]Run python3 aesthetic_prioritizing.py
2025-09-01T12:24:26.6749063Z [36;1mpython3 aesthetic_prioritizing.py[0m
2025-09-01T12:24:26.6780015Z shell: /usr/bin/bash -e {0}
2025-09-01T12:24:26.6780257Z env:
2025-09-01T12:24:26.6780514Z   pythonLocation: /opt/hostedtoolcache/Python/3.12.5/x64
2025-09-01T12:24:26.6780929Z   PKG_CONFIG_PATH: /opt/hostedtoolcache/Python/3.12.5/x64/lib/pkgconfig
2025-09-01T12:24:26.6781320Z   Python_ROOT_DIR: /opt/hostedtoolcache/Python/3.12.5/x64
2025-09-01T12:24:26.6781666Z   Python2_ROOT_DIR: /opt/hostedtoolcache/Python/3.12.5/x64
2025-09-01T12:24:26.6782284Z   Python3_ROOT_DIR: /opt/hostedtoolcache/Python/3.12.5/x64
2025-09-01T12:24:26.6782662Z   LD_LIBRARY_PATH: /opt/hostedtoolcache/Python/3.12.5/x64/lib
2025-09-01T12:24:26.6783104Z   PASS: ***
2025-09-01T12:24:26.6783280Z ##[endgroup]
2025-09-01T12:34:30.5242255Z Prioritizing: Attempt 1
2025-09-01T12:34:30.5242749Z Unfavorited project 1193158560
2025-09-01T12:34:30.5243363Z Favorited project 1193158560 to move it to the top
2025-09-01T12:34:30.5243841Z Unfavorited project 1193158559
2025-09-01T12:34:30.5244865Z Favorited project 1193158559 to move it to the top
2025-09-01T12:34:30.5245408Z Unfavorited project 1193158558
2025-09-01T12:34:30.5245929Z Favorited project 1193158558 to move it to the top
2025-09-01T12:34:30.5246413Z Unfavorited project 1193158567
2025-09-01T12:34:30.5246783Z Favorited project 1193158567 to move it to the top
2025-09-01T12:34:30.5247210Z Unfavorited project 1193158568
2025-09-01T12:34:30.5247589Z Favorited project 1193158568 to move it to the top
2025-09-01T12:34:30.5248040Z Prioritized projects in your favorite list.
2025-09-01T12:34:30.5529667Z Post job cleanup.
2025-09-01T12:34:30.6311738Z [command]/usr/bin/git version
2025-09-01T12:34:30.6347385Z git version 2.51.0
2025-09-01T12:34:30.6385868Z Temporarily overriding HOME='/home/runner/work/_temp/e9a480b6-44f5-40a6-85b2-9658ccb3ab42' before making global git config changes
2025-09-01T12:34:30.6387030Z Adding repository directory to the temporary git global config as a safe directory
2025-09-01T12:34:30.6391385Z [command]/usr/bin/git config --global --add safe.directory /home/runner/work/scratchattach/scratchattach
2025-09-01T12:34:30.6426574Z [command]/usr/bin/git config --local --name-only --get-regexp core\.sshCommand
2025-09-01T12:34:30.6458539Z [command]/usr/bin/git submodule foreach --recursive sh -c "git config --local --name-only --get-regexp 'core\.sshCommand' && git config --local --unset-all 'core.sshCommand' || :"
2025-09-01T12:34:30.6697094Z [command]/usr/bin/git config --local --name-only --get-regexp http\.https\:\/\/github\.com\/\.extraheader
2025-09-01T12:34:30.6719556Z http.https://github.com/.extraheader
2025-09-01T12:34:30.6730134Z [command]/usr/bin/git config --local --unset-all http.https://github.com/.extraheader
2025-09-01T12:34:30.6761099Z [command]/usr/bin/git submodule foreach --recursive sh -c "git config --local --name-only --get-regexp 'http\.https\:\/\/github\.com\/\.extraheader' && git config --local --unset-all 'http.https://github.com/.extraheader' || :"
2025-09-01T12:34:30.7131399Z Post job cleanup.
2025-09-01T12:34:30.9016379Z Post job cleanup.
2025-09-01T12:34:30.9811007Z [command]/usr/bin/git version
2025-09-01T12:34:30.9845490Z git version 2.51.0
2025-09-01T12:34:30.9880841Z Temporarily overriding HOME='/home/runner/work/_temp/c5b8f7c3-9c68-4edc-8077-7fc1ee871bb6' before making global git config changes
2025-09-01T12:34:30.9882122Z Adding repository directory to the temporary git global config as a safe directory
2025-09-01T12:34:30.9886573Z [command]/usr/bin/git config --global --add safe.directory /home/runner/work/scratchattach/scratchattach
2025-09-01T12:34:30.9921162Z [command]/usr/bin/git config --local --name-only --get-regexp core\.sshCommand
2025-09-01T12:34:30.9952619Z [command]/usr/bin/git submodule foreach --recursive sh -c "git config --local --name-only --get-regexp 'core\.sshCommand' && git config --local --unset-all 'core.sshCommand' || :"
2025-09-01T12:34:31.0174347Z [command]/usr/bin/git config --local --name-only --get-regexp http\.https\:\/\/github\.com\/\.extraheader
2025-09-01T12:34:31.0204764Z [command]/usr/bin/git submodule foreach --recursive sh -c "git config --local --name-only --get-regexp 'http\.https\:\/\/github\.com\/\.extraheader' && git config --local --unset-all 'http.https://github.com/.extraheader' || :"
2025-09-01T12:34:31.0546872Z Cleaning up orphan processes
