2025-12-27T00:44:19.0409959Z Current runner version: '2.330.0'
2025-12-27T00:44:19.0441687Z ##[group]Runner Image Provisioner
2025-12-27T00:44:19.0442820Z Hosted Compute Agent
2025-12-27T00:44:19.0443791Z Version: 20251211.462
2025-12-27T00:44:19.0444825Z Commit: 6cbad8c2bb55d58165063d031ccabf57e2d2db61
2025-12-27T00:44:19.0445912Z Build Date: 2025-12-11T16:28:49Z
2025-12-27T00:44:19.0447173Z Worker ID: {dc4ee206-b86b-448b-bfde-a6d45015140c}
2025-12-27T00:44:19.0448269Z ##[endgroup]
2025-12-27T00:44:19.0449311Z ##[group]Operating System
2025-12-27T00:44:19.0450250Z Ubuntu
2025-12-27T00:44:19.0451101Z 24.04.3
2025-12-27T00:44:19.0451777Z LTS
2025-12-27T00:44:19.0452576Z ##[endgroup]
2025-12-27T00:44:19.0453321Z ##[group]Runner Image
2025-12-27T00:44:19.0454186Z Image: ubuntu-24.04
2025-12-27T00:44:19.0455052Z Version: 20251215.174.1
2025-12-27T00:44:19.0456761Z Included Software: https://github.com/actions/runner-images/blob/ubuntu24/20251215.174/images/ubuntu/Ubuntu2404-Readme.md
2025-12-27T00:44:19.0459968Z Image Release: https://github.com/actions/runner-images/releases/tag/ubuntu24%2F20251215.174
2025-12-27T00:44:19.0461692Z ##[endgroup]
2025-12-27T00:44:19.0463548Z ##[group]GITHUB_TOKEN Permissions
2025-12-27T00:44:19.0466125Z Contents: write
2025-12-27T00:44:19.0467073Z Metadata: read
2025-12-27T00:44:19.0468084Z ##[endgroup]
2025-12-27T00:44:19.0471749Z Secret source: Actions
2025-12-27T00:44:19.0472948Z Prepare workflow directory
2025-12-27T00:44:19.1217314Z Prepare all required actions
2025-12-27T00:44:19.1273213Z Getting action download info
2025-12-27T00:44:19.3566832Z Download action repository 'actions/checkout@93cb6efe18208431cddfb8368fd83d5badbf9bfd' (SHA:93cb6efe18208431cddfb8368fd83d5badbf9bfd)
2025-12-27T00:44:19.5238921Z Download action repository 'actions/setup-python@v6' (SHA:83679a892e2d95755f2dac6acb0bfd1e9ac5d548)
2025-12-27T00:44:19.6097421Z Download action repository 'actions/cache@9255dc7a253b0ccc959486e2bca901246202afeb' (SHA:9255dc7a253b0ccc959486e2bca901246202afeb)
2025-12-27T00:44:19.8857946Z Download action repository 'actions/component-detection-dependency-submission-action@374343effede691df3a5ffaf36b4e7acab919590' (SHA:374343effede691df3a5ffaf36b4e7acab919590)
2025-12-27T00:44:20.1732176Z Complete job name: submit-pypi
2025-12-27T00:44:20.2344856Z ##[group]Run actions/checkout@93cb6efe18208431cddfb8368fd83d5badbf9bfd
2025-12-27T00:44:20.2345900Z with:
2025-12-27T00:44:20.2346289Z   ref: refs/heads/main
2025-12-27T00:44:20.2346751Z   repository: Boss-1s/scratchattach
2025-12-27T00:44:20.2347412Z   token: ***
2025-12-27T00:44:20.2347805Z   ssh-strict: true
2025-12-27T00:44:20.2348211Z   ssh-user: git
2025-12-27T00:44:20.2348796Z   persist-credentials: true
2025-12-27T00:44:20.2349262Z   clean: true
2025-12-27T00:44:20.2349690Z   sparse-checkout-cone-mode: true
2025-12-27T00:44:20.2350221Z   fetch-depth: 1
2025-12-27T00:44:20.2350650Z   fetch-tags: false
2025-12-27T00:44:20.2351102Z   show-progress: true
2025-12-27T00:44:20.2351552Z   lfs: false
2025-12-27T00:44:20.2351925Z   submodules: false
2025-12-27T00:44:20.2352360Z   set-safe-directory: true
2025-12-27T00:44:20.2353347Z env:
2025-12-27T00:44:20.2353752Z   SKIP_CACHE: 
2025-12-27T00:44:20.2354137Z ##[endgroup]
2025-12-27T00:44:20.3259430Z Syncing repository: Boss-1s/scratchattach
2025-12-27T00:44:20.3261152Z ##[group]Getting Git version info
2025-12-27T00:44:20.3261900Z Working directory is '/home/runner/work/scratchattach/scratchattach'
2025-12-27T00:44:20.3262950Z [command]/usr/bin/git version
2025-12-27T00:44:20.3320593Z git version 2.52.0
2025-12-27T00:44:20.3342267Z ##[endgroup]
2025-12-27T00:44:20.3358181Z Temporarily overriding HOME='/home/runner/work/_temp/5456dc25-31f7-4fde-99d4-58be590e0fc2' before making global git config changes
2025-12-27T00:44:20.3360865Z Adding repository directory to the temporary git global config as a safe directory
2025-12-27T00:44:20.3363997Z [command]/usr/bin/git config --global --add safe.directory /home/runner/work/scratchattach/scratchattach
2025-12-27T00:44:20.3404355Z Deleting the contents of '/home/runner/work/scratchattach/scratchattach'
2025-12-27T00:44:20.3407820Z ##[group]Initializing the repository
2025-12-27T00:44:20.3413268Z [command]/usr/bin/git init /home/runner/work/scratchattach/scratchattach
2025-12-27T00:44:20.3521972Z hint: Using 'master' as the name for the initial branch. This default branch name
2025-12-27T00:44:20.3523331Z hint: will change to "main" in Git 3.0. To configure the initial branch name
2025-12-27T00:44:20.3524441Z hint: to use in all of your new repositories, which will suppress this warning,
2025-12-27T00:44:20.3525621Z hint: call:
2025-12-27T00:44:20.3526030Z hint:
2025-12-27T00:44:20.3526688Z hint: 	git config --global init.defaultBranch <name>
2025-12-27T00:44:20.3527749Z hint:
2025-12-27T00:44:20.3528993Z hint: Names commonly chosen instead of 'master' are 'main', 'trunk' and
2025-12-27T00:44:20.3530644Z hint: 'development'. The just-created branch can be renamed via this command:
2025-12-27T00:44:20.3531956Z hint:
2025-12-27T00:44:20.3532669Z hint: 	git branch -m <name>
2025-12-27T00:44:20.3533422Z hint:
2025-12-27T00:44:20.3534424Z hint: Disable this message with "git config set advice.defaultBranchName false"
2025-12-27T00:44:20.3536277Z Initialized empty Git repository in /home/runner/work/scratchattach/scratchattach/.git/
2025-12-27T00:44:20.3539386Z [command]/usr/bin/git remote add origin https://github.com/Boss-1s/scratchattach
2025-12-27T00:44:20.3603620Z ##[endgroup]
2025-12-27T00:44:20.3604789Z ##[group]Disabling automatic garbage collection
2025-12-27T00:44:20.3608172Z [command]/usr/bin/git config --local gc.auto 0
2025-12-27T00:44:20.3636309Z ##[endgroup]
2025-12-27T00:44:20.3637500Z ##[group]Setting up auth
2025-12-27T00:44:20.3643465Z [command]/usr/bin/git config --local --name-only --get-regexp core\.sshCommand
2025-12-27T00:44:20.3674382Z [command]/usr/bin/git submodule foreach --recursive sh -c "git config --local --name-only --get-regexp 'core\.sshCommand' && git config --local --unset-all 'core.sshCommand' || :"
2025-12-27T00:44:20.4009277Z [command]/usr/bin/git config --local --name-only --get-regexp http\.https\:\/\/github\.com\/\.extraheader
2025-12-27T00:44:20.4040129Z [command]/usr/bin/git submodule foreach --recursive sh -c "git config --local --name-only --get-regexp 'http\.https\:\/\/github\.com\/\.extraheader' && git config --local --unset-all 'http.https://github.com/.extraheader' || :"
2025-12-27T00:44:20.4256990Z [command]/usr/bin/git config --local --name-only --get-regexp ^includeIf\.gitdir:
2025-12-27T00:44:20.4287554Z [command]/usr/bin/git submodule foreach --recursive git config --local --show-origin --name-only --get-regexp remote.origin.url
2025-12-27T00:44:20.4504835Z [command]/usr/bin/git config --local http.https://github.com/.extraheader AUTHORIZATION: basic ***
2025-12-27T00:44:20.4538071Z ##[endgroup]
2025-12-27T00:44:20.4539334Z ##[group]Fetching the repository
2025-12-27T00:44:20.4547096Z [command]/usr/bin/git -c protocol.version=2 fetch --no-tags --prune --no-recurse-submodules --depth=1 origin +refs/heads/main:refs/remotes/origin/main
2025-12-27T00:44:23.2066671Z From https://github.com/Boss-1s/scratchattach
2025-12-27T00:44:23.2068800Z  * [new branch]      main       -> origin/main
2025-12-27T00:44:23.2095245Z ##[endgroup]
2025-12-27T00:44:23.2096906Z ##[group]Determining the checkout info
2025-12-27T00:44:23.2098182Z ##[endgroup]
2025-12-27T00:44:23.2102387Z [command]/usr/bin/git sparse-checkout disable
2025-12-27T00:44:23.2141670Z [command]/usr/bin/git config --local --unset-all extensions.worktreeConfig
2025-12-27T00:44:23.2167580Z ##[group]Checking out the ref
2025-12-27T00:44:23.2170855Z [command]/usr/bin/git checkout --progress --force -B main refs/remotes/origin/main
2025-12-27T00:44:23.8980082Z Switched to a new branch 'main'
2025-12-27T00:44:23.8980811Z branch 'main' set up to track 'origin/main'.
2025-12-27T00:44:23.9039820Z ##[endgroup]
2025-12-27T00:44:23.9078060Z [command]/usr/bin/git log -1 --format=%H
2025-12-27T00:44:23.9107163Z 4685493e4a04f348c3c2c661aed2d5ad0ceaadd6
2025-12-27T00:44:23.9335814Z ##[group]Run actions/setup-python@v6
2025-12-27T00:44:23.9336397Z with:
2025-12-27T00:44:23.9336821Z   check-latest: false
2025-12-27T00:44:23.9337262Z   token: ***
2025-12-27T00:44:23.9337588Z   update-environment: true
2025-12-27T00:44:23.9338007Z   allow-prereleases: false
2025-12-27T00:44:23.9338633Z   freethreaded: false
2025-12-27T00:44:23.9338968Z env:
2025-12-27T00:44:23.9339318Z   SKIP_CACHE: 
2025-12-27T00:44:23.9339637Z ##[endgroup]
2025-12-27T00:44:24.0581286Z [warning]Neither 'python-version' nor 'python-version-file' inputs were supplied. Attempting to find '.python-version' file.
2025-12-27T00:44:24.0582629Z [warning].python-version doesn't exist.
2025-12-27T00:44:24.0607699Z ##[warning]The `python-version` input is not set.  The version of Python currently in `PATH` will be used.
2025-12-27T00:44:24.0615559Z (node:2264) [DEP0040] DeprecationWarning: The `punycode` module is deprecated. Please use a userland alternative instead.
2025-12-27T00:44:24.0616530Z (Use `node --trace-deprecation ...` to show where the warning was created)
2025-12-27T00:44:24.0724316Z ##[group]Run version=$(python --version)
2025-12-27T00:44:24.0724921Z [36;1mversion=$(python --version)[0m
2025-12-27T00:44:24.0725498Z [36;1mecho "::notice::Using python version: $version"[0m
2025-12-27T00:44:24.0726096Z [36;1mpip install "pip<25.3" # Temporary pin to avoid issues with pip 25.3+[0m
2025-12-27T00:44:24.0726619Z [36;1mpip_version=$(pip --version)[0m
2025-12-27T00:44:24.0727116Z [36;1mecho "::notice::Using pip version: $pip_version"[0m
2025-12-27T00:44:24.0727595Z [36;1mpip install pip-tools[0m
2025-12-27T00:44:24.0727999Z [36;1mpip_compile_version=$(pip-compile --version)[0m
2025-12-27T00:44:24.0728847Z [36;1mecho "::notice::Using pip-compile version: $pip_compile_version"[0m
2025-12-27T00:44:24.0767542Z shell: /usr/bin/bash --noprofile --norc -e -o pipefail {0}
2025-12-27T00:44:24.0768040Z env:
2025-12-27T00:44:24.0768726Z   SKIP_CACHE: 
2025-12-27T00:44:24.0769053Z ##[endgroup]
2025-12-27T00:44:24.0902050Z ##[notice]Using python version: Python 3.12.3
2025-12-27T00:44:25.4862344Z Defaulting to user installation because normal site-packages is not writeable
2025-12-27T00:44:26.1489701Z Requirement already satisfied: pip<25.3 in /usr/lib/python3/dist-packages (24.0)
2025-12-27T00:44:26.6814109Z ##[notice]Using pip version: pip 24.0 from /usr/lib/python3/dist-packages/pip (python 3.12)
2025-12-27T00:44:26.9406426Z Defaulting to user installation because normal site-packages is not writeable
2025-12-27T00:44:27.1843396Z Collecting pip-tools
2025-12-27T00:44:27.2349214Z   Downloading pip_tools-7.5.2-py3-none-any.whl.metadata (26 kB)
2025-12-27T00:44:27.2746981Z Collecting build>=1.0.0 (from pip-tools)
2025-12-27T00:44:27.2779450Z   Downloading build-1.3.0-py3-none-any.whl.metadata (5.6 kB)
2025-12-27T00:44:27.2827753Z Requirement already satisfied: click>=8 in /usr/lib/python3/dist-packages (from pip-tools) (8.1.6)
2025-12-27T00:44:27.2841192Z Requirement already satisfied: pip>=22.2 in /usr/lib/python3/dist-packages (from pip-tools) (24.0)
2025-12-27T00:44:27.2978699Z Collecting pyproject_hooks (from pip-tools)
2025-12-27T00:44:27.3016740Z   Downloading pyproject_hooks-1.2.0-py3-none-any.whl.metadata (1.3 kB)
2025-12-27T00:44:27.3053721Z Requirement already satisfied: setuptools in /usr/lib/python3/dist-packages (from pip-tools) (68.1.2)
2025-12-27T00:44:27.3061088Z Requirement already satisfied: wheel in /usr/lib/python3/dist-packages (from pip-tools) (0.42.0)
2025-12-27T00:44:27.3146077Z Requirement already satisfied: packaging>=19.1 in /usr/lib/python3/dist-packages (from build>=1.0.0->pip-tools) (24.0)
2025-12-27T00:44:27.3250513Z Downloading pip_tools-7.5.2-py3-none-any.whl (66 kB)
2025-12-27T00:44:27.3305894Z    ━━━━━━━━━━━━━━━━━━━━━━━━━━━━━━━━━━━━━━━━ 66.9/66.9 kB 17.4 MB/s eta 0:00:00
2025-12-27T00:44:27.3339001Z Downloading build-1.3.0-py3-none-any.whl (23 kB)
2025-12-27T00:44:27.3414160Z Downloading pyproject_hooks-1.2.0-py3-none-any.whl (10 kB)
2025-12-27T00:44:27.5922713Z Installing collected packages: pyproject_hooks, build, pip-tools
2025-12-27T00:44:27.6581737Z Successfully installed build-1.3.0 pip-tools-7.5.2 pyproject_hooks-1.2.0
2025-12-27T00:44:28.1542157Z ##[notice]Using pip-compile version: pip-compile, version 7.5.2
2025-12-27T00:44:28.1599553Z ##[group]Run if [[ -n "" ]]; then
2025-12-27T00:44:28.1599874Z [36;1mif [[ -n "" ]]; then[0m
2025-12-27T00:44:28.1600241Z [36;1m  echo "Python cache disabled via 'GH_DEPENDENCY_SUBMISSION_SKIP_CACHE'"[0m
2025-12-27T00:44:28.1600611Z [36;1melse[0m
2025-12-27T00:44:28.1601017Z [36;1m  echo "Caching Python packages. Set 'GH_DEPENDENCY_SUBMISSION_SKIP_CACHE=true' to skip caching in future."[0m
2025-12-27T00:44:28.1601491Z [36;1mfi[0m
2025-12-27T00:44:28.1635066Z shell: /usr/bin/bash -e {0}
2025-12-27T00:44:28.1635327Z env:
2025-12-27T00:44:28.1635543Z   SKIP_CACHE: 
2025-12-27T00:44:28.1635729Z ##[endgroup]
2025-12-27T00:44:28.1687668Z Caching Python packages. Set 'GH_DEPENDENCY_SUBMISSION_SKIP_CACHE=true' to skip caching in future.
2025-12-27T00:44:28.3801629Z ##[group]Run actions/cache@9255dc7a253b0ccc959486e2bca901246202afeb
2025-12-27T00:44:28.3802037Z with:
2025-12-27T00:44:28.3802232Z   path: ~/.cache/pip
2025-12-27T00:44:28.3802677Z   key: Linux-pip-python-e85ab2cf7d1a67abcff61ef2db6e0732235856ee8b1df91debe4372ebe4f3535
2025-12-27T00:44:28.3803192Z   restore-keys: Linux-python-

2025-12-27T00:44:28.3803454Z   enableCrossOsArchive: false
2025-12-27T00:44:28.3803697Z   fail-on-cache-miss: false
2025-12-27T00:44:28.3803927Z   lookup-only: false
2025-12-27T00:44:28.3804126Z   save-always: false
2025-12-27T00:44:28.3804321Z env:
2025-12-27T00:44:28.3804484Z   SKIP_CACHE: 
2025-12-27T00:44:28.3804672Z ##[endgroup]
2025-12-27T00:44:28.5752728Z Cache hit for: Linux-pip-python-e85ab2cf7d1a67abcff61ef2db6e0732235856ee8b1df91debe4372ebe4f3535
2025-12-27T00:44:28.8047912Z Received 5481845 of 5481845 (100.0%), 33.5 MBs/sec
2025-12-27T00:44:28.8048792Z Cache Size: ~5 MB (5481845 B)
2025-12-27T00:44:28.8076900Z [command]/usr/bin/tar -xf /home/runner/work/_temp/60a8c602-c32c-4096-8c8a-1c03e0ca7951/cache.tzst -P -C /home/runner/work/scratchattach/scratchattach --use-compress-program unzstd
2025-12-27T00:44:28.8351783Z Cache restored successfully
2025-12-27T00:44:28.8497036Z Cache restored from key: Linux-pip-python-e85ab2cf7d1a67abcff61ef2db6e0732235856ee8b1df91debe4372ebe4f3535
2025-12-27T00:44:28.8605234Z ##[group]Run if pip-compile --dry-run -o requirements.out requirements.txt; then
2025-12-27T00:44:28.8605788Z [36;1mif pip-compile --dry-run -o requirements.out requirements.txt; then[0m
2025-12-27T00:44:28.8606217Z [36;1m  echo "::debug::Python validate no broken dependencies"[0m
2025-12-27T00:44:28.8606581Z [36;1m  echo "{valid-project}={true}" >> "$GITHUB_OUTPUT"[0m
2025-12-27T00:44:28.8606864Z [36;1melse[0m
2025-12-27T00:44:28.8607107Z [36;1m  echo "{valid-project}={false}" >> "$GITHUB_OUTPUT"[0m
2025-12-27T00:44:28.8607552Z [36;1m  echo "### :warning: Python validation failed in repository root" >> $GITHUB_STEP_SUMMARY[0m
2025-12-27T00:44:28.8608590Z [36;1m  echo "We were unable to validate a Python project in the repository root. If your repository requires additional setup steps, you may need to check in your own workflow." >> $GITHUB_STEP_SUMMARY[0m
2025-12-27T00:44:28.8609328Z [36;1m  echo "" >> $GITHUB_STEP_SUMMARY[0m
2025-12-27T00:44:28.8610241Z [36;1m  echo "For more information on submitting Python dependencies from your own workflow, refer to [the submission action](https://github.com/actions/component-detection-dependency-submission-action)" >> $GITHUB_STEP_SUMMARY[0m
2025-12-27T00:44:28.8611174Z [36;1m  echo "::warning::Python validation failed in the repository root."[0m
2025-12-27T00:44:28.8611509Z [36;1m  exit 1[0m
2025-12-27T00:44:28.8611700Z [36;1mfi[0m
2025-12-27T00:44:28.8645010Z shell: /usr/bin/bash -e {0}
2025-12-27T00:44:28.8645252Z env:
2025-12-27T00:44:28.8645423Z   SKIP_CACHE: 
2025-12-27T00:44:28.8645621Z ##[endgroup]
2025-12-27T00:44:30.5291018Z WARNING: --strip-extras is becoming the default in version 8.0.0. To silence this warning, either use --strip-extras to opt into the new default or use --no-strip-extras to retain the existing behavior.
2025-12-27T00:44:30.5292868Z #
2025-12-27T00:44:30.5293391Z # This file is autogenerated by pip-compile with Python 3.12
2025-12-27T00:44:30.5294035Z # by the following command:
2025-12-27T00:44:30.5294478Z #
2025-12-27T00:44:30.5295014Z #    pip-compile --output-file=requirements.out requirements.txt
2025-12-27T00:44:30.5295532Z #
2025-12-27T00:44:30.5295749Z beautifulsoup4==4.14.3
2025-12-27T00:44:30.5296008Z     # via bs4
2025-12-27T00:44:30.5296232Z browser-cookie3==0.20.1
2025-12-27T00:44:30.5296505Z     # via scratchattach
2025-12-27T00:44:30.5296743Z bs4==0.0.2
2025-12-27T00:44:30.5296961Z     # via scratchattach
2025-12-27T00:44:30.5297221Z certifi==2025.11.12
2025-12-27T00:44:30.5297451Z     # via requests
2025-12-27T00:44:30.5297713Z charset-normalizer==3.4.4
2025-12-27T00:44:30.5297969Z     # via requests
2025-12-27T00:44:30.5298204Z idna==3.11
2025-12-27T00:44:30.5298580Z     # via requests
2025-12-27T00:44:30.5298780Z jeepney==0.9.0
2025-12-27T00:44:30.5298971Z     # via browser-cookie3
2025-12-27T00:44:30.5300342Z lz4==4.4.5
2025-12-27T00:44:30.5300648Z     # via browser-cookie3
2025-12-27T00:44:30.5301015Z pycryptodomex==3.23.0
2025-12-27T00:44:30.5301371Z     # via browser-cookie3
2025-12-27T00:44:30.5301590Z requests==2.32.5
2025-12-27T00:44:30.5301791Z     # via scratchattach
2025-12-27T00:44:30.5302083Z scratchattach==2.1.15b0
2025-12-27T00:44:30.5302316Z     # via -r requirements.txt
2025-12-27T00:44:30.5302605Z simplewebsocketserver==0.1.2
2025-12-27T00:44:30.5302843Z     # via scratchattach
2025-12-27T00:44:30.5303045Z soupsieve==2.8.1
2025-12-27T00:44:30.5303241Z     # via beautifulsoup4
2025-12-27T00:44:30.5303465Z typing-extensions==4.15.0
2025-12-27T00:44:30.5303679Z     # via
2025-12-27T00:44:30.5303857Z     #   beautifulsoup4
2025-12-27T00:44:30.5304065Z     #   scratchattach
2025-12-27T00:44:30.5304262Z urllib3==2.6.2
2025-12-27T00:44:30.5304443Z     # via requests
2025-12-27T00:44:30.5304645Z websocket-client==1.9.0
2025-12-27T00:44:30.5304864Z     # via scratchattach
2025-12-27T00:44:30.5305070Z Dry-run, so nothing updated.
2025-12-27T00:44:30.6068177Z ##[group]Run actions/component-detection-dependency-submission-action@374343effede691df3a5ffaf36b4e7acab919590
2025-12-27T00:44:30.6068936Z with:
2025-12-27T00:44:30.6069148Z   detectorsCategories: Python
2025-12-27T00:44:30.6069407Z   detectorsFilter: PipReport
2025-12-27T00:44:30.6069700Z   snapshot-sha: 4685493e4a04f348c3c2c661aed2d5ad0ceaadd6
2025-12-27T00:44:30.6070007Z   snapshot-ref: refs/heads/main
2025-12-27T00:44:30.6070285Z   detector-name: Automatic Dependency Submission
2025-12-27T00:44:30.6070573Z   detector-version: 1f3f3060931e
2025-12-27T00:44:30.6071007Z   detector-url: https://github.com/actions/component-detection-dependency-submission-action
2025-12-27T00:44:30.6071589Z   token: ***
2025-12-27T00:44:30.6071779Z   filePath: .
2025-12-27T00:44:30.6071959Z env:
2025-12-27T00:44:30.6072122Z   SKIP_CACHE: 
2025-12-27T00:44:30.6072303Z ##[endgroup]
2025-12-27T00:44:31.7595372Z Running component-detection
2025-12-27T00:44:31.7644022Z [command]/home/runner/work/scratchattach/scratchattach/component-detection scan --SourceDirectory . --ManifestFile ./output.json --DetectorsFilter PipReport --DetectorCategories Python
2025-12-27T00:44:32.0966042Z [00:44:32 INF] Finding components...
2025-12-27T00:44:32.7916168Z [00:44:32 INF] Starting enumeration of /home/runner/work/scratchattach/scratchattach
2025-12-27T00:44:32.8092997Z [00:44:32 INF] Enumerated 17 files and 0 directories in 00:00:00.0175149
2025-12-27T00:44:32.8482987Z [00:44:32 INF] PipReport: Generating pip installation report for /home/runner/work/scratchattach/scratchattach/requirements.txt
2025-12-27T00:44:34.7540324Z [00:44:34 INF] PipReport: Pip installation report for /home/runner/work/scratchattach/scratchattach/requirements.txt completed in 1.904 seconds with 16 detected packages.
2025-12-27T00:44:34.8816100Z                                [38;5;7mDetection Summary[0m                                
2025-12-27T00:44:34.8817378Z ┌───────────────────┬───────────────────┬───────────────────┬──────────────────┐
2025-12-27T00:44:34.8818680Z │ [1mComponent [0m        │ [1mDetection Time[0m    │ [1m# Components [0m     │ [1m# Explicitly [0m    │
2025-12-27T00:44:34.8819814Z │ [1mDetector Id[0m       │                   │ [1mFound[0m             │ [1mReferenced[0m       │
2025-12-27T00:44:34.8820713Z ├───────────────────┼───────────────────┼───────────────────┼──────────────────┤
2025-12-27T00:44:34.8821553Z │ [38;5;14mPipReport[0m         │ 2.7 seconds       │ 16                │ 1                │
2025-12-27T00:44:34.8822455Z │ ───────────────── │ ───────────────── │ ───────────────── │ ──────────────── │
2025-12-27T00:44:34.8823247Z │ [1;4mTotal[0m             │ 2.7 seconds       │ 16                │ 1                │
2025-12-27T00:44:34.8824131Z └───────────────────┴───────────────────┴───────────────────┴──────────────────┘
2025-12-27T00:44:34.8851960Z [00:44:34 INF] 
2025-12-27T00:44:34.8854192Z [00:44:34 INF] 
2025-12-27T00:44:34.8866401Z [00:44:34 INF] Detection time: 2.7011081 seconds.
2025-12-27T00:44:34.9188814Z [00:44:34 INF] Scan Manifest file: /home/runner/work/scratchattach/scratchattach/output.json
2025-12-27T00:44:35.0023368Z Getting manifests from results
2025-12-27T00:44:35.0078897Z ##[notice]Submitting snapshot...
2025-12-27T00:44:35.0110195Z ##[notice]{
    "manifests": {
        "requirements.txt": {
            "resolved": {
                "pkg:pypi/urllib3@2.6.2": {
                    "package_url": "pkg:pypi/urllib3@2.6.2",
                    "relationship": "indirect",
                    "scope": "runtime",
                    "dependencies": []
                },
                "pkg:pypi/requests@2.32.5": {
                    "package_url": "pkg:pypi/requests@2.32.5",
                    "relationship": "indirect",
                    "scope": "runtime",
                    "dependencies": []
                },
                "pkg:pypi/websocket-client@1.9.0": {
                    "package_url": "pkg:pypi/websocket-client@1.9.0",
                    "relationship": "indirect",
                    "scope": "runtime",
                    "dependencies": []
                },
                "pkg:pypi/browser-cookie3@0.20.1": {
                    "package_url": "pkg:pypi/browser-cookie3@0.20.1",
                    "relationship": "indirect",
                    "scope": "runtime",
                    "dependencies": []
                },
                "pkg:pypi/typing-extensions@4.15.0": {
                    "package_url": "pkg:pypi/typing-extensions@4.15.0",
                    "relationship": "indirect",
                    "scope": "runtime",
                    "dependencies": []
                },
                "pkg:pypi/jeepney@0.9.0": {
                    "package_url": "pkg:pypi/jeepney@0.9.0",
                    "relationship": "indirect",
                    "scope": "runtime",
                    "dependencies": []
                },
                "pkg:pypi/certifi@2025.11.12": {
                    "package_url": "pkg:pypi/certifi@2025.11.12",
                    "relationship": "indirect",
                    "scope": "runtime",
                    "dependencies": []
                },
                "pkg:pypi/charset-normalizer@3.4.4": {
                    "package_url": "pkg:pypi/charset-normalizer@3.4.4",
                    "relationship": "indirect",
                    "scope": "runtime",
                    "dependencies": []
                },
                "pkg:pypi/scratchattach@2.1.15b0": {
                    "package_url": "pkg:pypi/scratchattach@2.1.15b0",
                    "relationship": "direct",
                    "scope": "runtime",
                    "dependencies": [
                        "pkg:pypi/urllib3@2.6.2",
                        "pkg:pypi/requests@2.32.5",
                        "pkg:pypi/websocket-client@1.9.0",
                        "pkg:pypi/browser-cookie3@0.20.1",
                        "pkg:pypi/typing-extensions@4.15.0",
                        "pkg:pypi/jeepney@0.9.0",
                        "pkg:pypi/certifi@2025.11.12",
                        "pkg:pypi/charset-normalizer@3.4.4",
                        "pkg:pypi/soupsieve@2.8.1",
                        "pkg:pypi/bs4@0.0.2",
                        "pkg:pypi/beautifulsoup4@4.14.3",
                        "pkg:pypi/idna@3.11",
                        "pkg:pypi/lz4@4.4.5",
                        "pkg:pypi/simplewebsocketserver@0.1.2",
                        "pkg:pypi/pycryptodomex@3.23.0"
                    ]
                },
                "pkg:pypi/soupsieve@2.8.1": {
                    "package_url": "pkg:pypi/soupsieve@2.8.1",
                    "relationship": "indirect",
                    "scope": "runtime",
                    "dependencies": []
                },
                "pkg:pypi/bs4@0.0.2": {
                    "package_url": "pkg:pypi/bs4@0.0.2",
                    "relationship": "indirect",
                    "scope": "runtime",
                    "dependencies": []
                },
                "pkg:pypi/beautifulsoup4@4.14.3": {
                    "package_url": "pkg:pypi/beautifulsoup4@4.14.3",
                    "relationship": "indirect",
                    "scope": "runtime",
                    "dependencies": []
                },
                "pkg:pypi/idna@3.11": {
         
2025-12-27T00:44:35.2810675Z ##[notice]Snapshot successfully created at 2025-12-27T00:44:35.194Z
2025-12-27T00:44:35.5894089Z Post job cleanup.
2025-12-27T00:44:35.7079240Z Cache hit occurred on the primary key Linux-pip-python-e85ab2cf7d1a67abcff61ef2db6e0732235856ee8b1df91debe4372ebe4f3535, not saving cache.
2025-12-27T00:44:35.7197122Z Post job cleanup.
2025-12-27T00:44:35.8308790Z (node:2454) [DEP0040] DeprecationWarning: The `punycode` module is deprecated. Please use a userland alternative instead.
2025-12-27T00:44:35.8309721Z (Use `node --trace-deprecation ...` to show where the warning was created)
2025-12-27T00:44:35.8428940Z Post job cleanup.
2025-12-27T00:44:35.9173994Z [command]/usr/bin/git version
2025-12-27T00:44:35.9208869Z git version 2.52.0
2025-12-27T00:44:35.9277062Z Temporarily overriding HOME='/home/runner/work/_temp/e1fa81c6-e70c-4a00-9b2f-d539f8752b77' before making global git config changes
2025-12-27T00:44:35.9278332Z Adding repository directory to the temporary git global config as a safe directory
2025-12-27T00:44:35.9283123Z [command]/usr/bin/git config --global --add safe.directory /home/runner/work/scratchattach/scratchattach
2025-12-27T00:44:35.9317170Z [command]/usr/bin/git config --local --name-only --get-regexp core\.sshCommand
2025-12-27T00:44:35.9348239Z [command]/usr/bin/git submodule foreach --recursive sh -c "git config --local --name-only --get-regexp 'core\.sshCommand' && git config --local --unset-all 'core.sshCommand' || :"
2025-12-27T00:44:35.9574279Z [command]/usr/bin/git config --local --name-only --get-regexp http\.https\:\/\/github\.com\/\.extraheader
2025-12-27T00:44:35.9595291Z http.https://github.com/.extraheader
2025-12-27T00:44:35.9605468Z [command]/usr/bin/git config --local --unset-all http.https://github.com/.extraheader
2025-12-27T00:44:35.9635650Z [command]/usr/bin/git submodule foreach --recursive sh -c "git config --local --name-only --get-regexp 'http\.https\:\/\/github\.com\/\.extraheader' && git config --local --unset-all 'http.https://github.com/.extraheader' || :"
2025-12-27T00:44:35.9869418Z [command]/usr/bin/git config --local --name-only --get-regexp ^includeIf\.gitdir:
2025-12-27T00:44:35.9900828Z [command]/usr/bin/git submodule foreach --recursive git config --local --show-origin --name-only --get-regexp remote.origin.url
2025-12-27T00:44:36.0247460Z Cleaning up orphan processes
