2026-01-25T03:55:26.4075918Z Current runner version: '2.331.0'
2026-01-25T03:55:26.4099708Z ##[group]Runner Image Provisioner
2026-01-25T03:55:26.4100504Z Hosted Compute Agent
2026-01-25T03:55:26.4101108Z Version: 20260115.477
2026-01-25T03:55:26.4101810Z Commit: 4b342d620503cbe250a3154040964899ea7c9b00
2026-01-25T03:55:26.4102496Z Build Date: 2026-01-15T22:32:41Z
2026-01-25T03:55:26.4103219Z Worker ID: {d1320fc3-311c-4d9d-84d7-ded5dfeea4eb}
2026-01-25T03:55:26.4104006Z Azure Region: centralus
2026-01-25T03:55:26.4104553Z ##[endgroup]
2026-01-25T03:55:26.4105951Z ##[group]Operating System
2026-01-25T03:55:26.4106658Z Ubuntu
2026-01-25T03:55:26.4107122Z 24.04.3
2026-01-25T03:55:26.4107639Z LTS
2026-01-25T03:55:26.4108152Z ##[endgroup]
2026-01-25T03:55:26.4108700Z ##[group]Runner Image
2026-01-25T03:55:26.4109417Z Image: ubuntu-24.04
2026-01-25T03:55:26.4109994Z Version: 20260119.4.1
2026-01-25T03:55:26.4111246Z Included Software: https://github.com/actions/runner-images/blob/ubuntu24/20260119.4/images/ubuntu/Ubuntu2404-Readme.md
2026-01-25T03:55:26.4112738Z Image Release: https://github.com/actions/runner-images/releases/tag/ubuntu24%2F20260119.4
2026-01-25T03:55:26.4113652Z ##[endgroup]
2026-01-25T03:55:26.4115078Z ##[group]GITHUB_TOKEN Permissions
2026-01-25T03:55:26.4117371Z Contents: write
2026-01-25T03:55:26.4117930Z Metadata: read
2026-01-25T03:55:26.4118562Z ##[endgroup]
2026-01-25T03:55:26.4120941Z Secret source: Actions
2026-01-25T03:55:26.4121925Z Prepare workflow directory
2026-01-25T03:55:26.4446813Z Prepare all required actions
2026-01-25T03:55:26.4485321Z Getting action download info
2026-01-25T03:55:26.7679906Z Download action repository 'actions/checkout@v6.0.2' (SHA:de0fac2e4500dabe0009e67214ff5f5447ce83dd)
2026-01-25T03:55:27.2762876Z Download action repository 'actions/setup-python@v6.2.0' (SHA:a309ff8b426b58ec0e2a45f0f869d46889d02405)
2026-01-25T03:55:27.9000530Z Complete job name: Run Prioritzing Handler
2026-01-25T03:55:27.9723231Z ##[group]Run actions/checkout@v6.0.2
2026-01-25T03:55:27.9724219Z with:
2026-01-25T03:55:27.9724686Z   ref: main
2026-01-25T03:55:27.9725145Z   repository: Boss-1s/scratchattach
2026-01-25T03:55:27.9725909Z   token: ***
2026-01-25T03:55:27.9726354Z   ssh-strict: true
2026-01-25T03:55:27.9726808Z   ssh-user: git
2026-01-25T03:55:27.9727278Z   persist-credentials: true
2026-01-25T03:55:27.9727784Z   clean: true
2026-01-25T03:55:27.9728240Z   sparse-checkout-cone-mode: true
2026-01-25T03:55:27.9728771Z   fetch-depth: 1
2026-01-25T03:55:27.9729398Z   fetch-tags: false
2026-01-25T03:55:27.9729870Z   show-progress: true
2026-01-25T03:55:27.9730335Z   lfs: false
2026-01-25T03:55:27.9730783Z   submodules: false
2026-01-25T03:55:27.9731242Z   set-safe-directory: true
2026-01-25T03:55:27.9732017Z ##[endgroup]
2026-01-25T03:55:28.0656191Z Syncing repository: Boss-1s/scratchattach
2026-01-25T03:55:28.0658067Z ##[group]Getting Git version info
2026-01-25T03:55:28.0659054Z Working directory is '/home/runner/work/scratchattach/scratchattach'
2026-01-25T03:55:28.0660513Z [command]/usr/bin/git version
2026-01-25T03:55:28.0715577Z git version 2.52.0
2026-01-25T03:55:28.0738061Z ##[endgroup]
2026-01-25T03:55:28.0754491Z Temporarily overriding HOME='/home/runner/work/_temp/c1fbc633-d594-40b2-9bd7-a0b1abfb7d9d' before making global git config changes
2026-01-25T03:55:28.0757300Z Adding repository directory to the temporary git global config as a safe directory
2026-01-25T03:55:28.0760325Z [command]/usr/bin/git config --global --add safe.directory /home/runner/work/scratchattach/scratchattach
2026-01-25T03:55:28.0798189Z Deleting the contents of '/home/runner/work/scratchattach/scratchattach'
2026-01-25T03:55:28.0802539Z ##[group]Initializing the repository
2026-01-25T03:55:28.0807399Z [command]/usr/bin/git init /home/runner/work/scratchattach/scratchattach
2026-01-25T03:55:28.0902433Z hint: Using 'master' as the name for the initial branch. This default branch name
2026-01-25T03:55:28.0903636Z hint: will change to "main" in Git 3.0. To configure the initial branch name
2026-01-25T03:55:28.0904807Z hint: to use in all of your new repositories, which will suppress this warning,
2026-01-25T03:55:28.0906641Z hint: call:
2026-01-25T03:55:28.0907544Z hint:
2026-01-25T03:55:28.0908658Z hint: 	git config --global init.defaultBranch <name>
2026-01-25T03:55:28.0910272Z hint:
2026-01-25T03:55:28.0911550Z hint: Names commonly chosen instead of 'master' are 'main', 'trunk' and
2026-01-25T03:55:28.0913543Z hint: 'development'. The just-created branch can be renamed via this command:
2026-01-25T03:55:28.0915024Z hint:
2026-01-25T03:55:28.0915829Z hint: 	git branch -m <name>
2026-01-25T03:55:28.0916800Z hint:
2026-01-25T03:55:28.0918160Z hint: Disable this message with "git config set advice.defaultBranchName false"
2026-01-25T03:55:28.0920736Z Initialized empty Git repository in /home/runner/work/scratchattach/scratchattach/.git/
2026-01-25T03:55:28.0923899Z [command]/usr/bin/git remote add origin https://github.com/Boss-1s/scratchattach
2026-01-25T03:55:28.0954364Z ##[endgroup]
2026-01-25T03:55:28.0955846Z ##[group]Disabling automatic garbage collection
2026-01-25T03:55:28.0958266Z [command]/usr/bin/git config --local gc.auto 0
2026-01-25T03:55:28.0986094Z ##[endgroup]
2026-01-25T03:55:28.0987656Z ##[group]Setting up auth
2026-01-25T03:55:28.0988778Z Removing SSH command configuration
2026-01-25T03:55:28.0994493Z [command]/usr/bin/git config --local --name-only --get-regexp core\.sshCommand
2026-01-25T03:55:28.1026140Z [command]/usr/bin/git submodule foreach --recursive sh -c "git config --local --name-only --get-regexp 'core\.sshCommand' && git config --local --unset-all 'core.sshCommand' || :"
2026-01-25T03:55:28.1391636Z Removing HTTP extra header
2026-01-25T03:55:28.1396708Z [command]/usr/bin/git config --local --name-only --get-regexp http\.https\:\/\/github\.com\/\.extraheader
2026-01-25T03:55:28.1428429Z [command]/usr/bin/git submodule foreach --recursive sh -c "git config --local --name-only --get-regexp 'http\.https\:\/\/github\.com\/\.extraheader' && git config --local --unset-all 'http.https://github.com/.extraheader' || :"
2026-01-25T03:55:28.1651535Z Removing includeIf entries pointing to credentials config files
2026-01-25T03:55:28.1652688Z [command]/usr/bin/git config --local --name-only --get-regexp ^includeIf\.gitdir:
2026-01-25T03:55:28.1683214Z [command]/usr/bin/git submodule foreach --recursive git config --local --show-origin --name-only --get-regexp remote.origin.url
2026-01-25T03:55:28.1906929Z [command]/usr/bin/git config --file /home/runner/work/_temp/git-credentials-a1cd94bc-04ed-4abb-943c-a65c611b6833.config http.https://github.com/.extraheader AUTHORIZATION: basic ***
2026-01-25T03:55:28.1944168Z [command]/usr/bin/git config --local includeIf.gitdir:/home/runner/work/scratchattach/scratchattach/.git.path /home/runner/work/_temp/git-credentials-a1cd94bc-04ed-4abb-943c-a65c611b6833.config
2026-01-25T03:55:28.1975383Z [command]/usr/bin/git config --local includeIf.gitdir:/home/runner/work/scratchattach/scratchattach/.git/worktrees/*.path /home/runner/work/_temp/git-credentials-a1cd94bc-04ed-4abb-943c-a65c611b6833.config
2026-01-25T03:55:28.2006195Z [command]/usr/bin/git config --local includeIf.gitdir:/github/workspace/.git.path /github/runner_temp/git-credentials-a1cd94bc-04ed-4abb-943c-a65c611b6833.config
2026-01-25T03:55:28.2037687Z [command]/usr/bin/git config --local includeIf.gitdir:/github/workspace/.git/worktrees/*.path /github/runner_temp/git-credentials-a1cd94bc-04ed-4abb-943c-a65c611b6833.config
2026-01-25T03:55:28.2063939Z ##[endgroup]
2026-01-25T03:55:28.2065457Z ##[group]Fetching the repository
2026-01-25T03:55:28.2074640Z [command]/usr/bin/git -c protocol.version=2 fetch --no-tags --prune --no-recurse-submodules --depth=1 origin +refs/heads/main*:refs/remotes/origin/main* +refs/tags/main*:refs/tags/main*
2026-01-25T03:56:17.7214268Z From https://github.com/Boss-1s/scratchattach
2026-01-25T03:56:17.7215765Z  * [new branch]      main       -> origin/main
2026-01-25T03:56:17.7245993Z ##[endgroup]
2026-01-25T03:56:17.7246788Z ##[group]Determining the checkout info
2026-01-25T03:56:17.7252595Z [command]/usr/bin/git branch --list --remote origin/main
2026-01-25T03:56:17.7278710Z   origin/main
2026-01-25T03:56:17.7283301Z ##[endgroup]
2026-01-25T03:56:17.7287731Z [command]/usr/bin/git sparse-checkout disable
2026-01-25T03:56:17.7328838Z [command]/usr/bin/git config --local --unset-all extensions.worktreeConfig
2026-01-25T03:56:17.7355493Z ##[group]Checking out the ref
2026-01-25T03:56:17.7360213Z [command]/usr/bin/git checkout --progress --force -B main refs/remotes/origin/main
2026-01-25T03:56:19.0941430Z Updating files:  80% (2611/3248)
2026-01-25T03:56:19.3404151Z Updating files:  81% (2631/3248)
2026-01-25T03:56:19.3854048Z Updating files:  82% (2664/3248)
2026-01-25T03:56:19.3894132Z Updating files:  83% (2696/3248)
2026-01-25T03:56:19.5839004Z Updating files:  84% (2729/3248)
2026-01-25T03:56:19.5869682Z Updating files:  85% (2761/3248)
2026-01-25T03:56:19.7782413Z Updating files:  86% (2794/3248)
2026-01-25T03:56:20.0988572Z Updating files:  86% (2812/3248)
2026-01-25T03:56:20.4226085Z Updating files:  87% (2826/3248)
2026-01-25T03:56:20.6652854Z Updating files:  88% (2859/3248)
2026-01-25T03:56:20.7626768Z Updating files:  89% (2891/3248)
2026-01-25T03:56:20.9778579Z Updating files:  89% (2897/3248)
2026-01-25T03:56:21.1418196Z Updating files:  90% (2924/3248)
2026-01-25T03:56:21.4495296Z Updating files:  91% (2956/3248)
2026-01-25T03:56:21.7621689Z Updating files:  92% (2989/3248)
2026-01-25T03:56:22.1837773Z Updating files:  92% (3000/3248)
2026-01-25T03:56:22.7456301Z Updating files:  93% (3021/3248)
2026-01-25T03:56:22.8883086Z Updating files:  93% (3040/3248)
2026-01-25T03:56:23.4566374Z Updating files:  94% (3054/3248)
2026-01-25T03:56:23.7892543Z Updating files:  95% (3086/3248)
2026-01-25T03:56:24.0307103Z Updating files:  95% (3107/3248)
2026-01-25T03:56:24.5103332Z Updating files:  96% (3119/3248)
2026-01-25T03:56:24.7907036Z Updating files:  97% (3151/3248)
2026-01-25T03:56:25.0534545Z Updating files:  97% (3164/3248)
2026-01-25T03:56:25.0697870Z Updating files:  98% (3184/3248)
2026-01-25T03:56:25.0772231Z Updating files:  99% (3216/3248)
2026-01-25T03:56:25.0772815Z Updating files: 100% (3248/3248)
2026-01-25T03:56:25.0773235Z Updating files: 100% (3248/3248), done.
2026-01-25T03:56:25.2725120Z Switched to a new branch 'main'
2026-01-25T03:56:25.2728165Z branch 'main' set up to track 'origin/main'.
2026-01-25T03:56:25.2903600Z ##[endgroup]
2026-01-25T03:56:25.2943138Z [command]/usr/bin/git log -1 --format=%H
2026-01-25T03:56:25.2968515Z 32318159fc08bd78376a570e1cb286cec83feb1c
2026-01-25T03:56:25.4155025Z ##[group]Run actions/setup-python@v6.2.0
2026-01-25T03:56:25.4155483Z with:
2026-01-25T03:56:25.4155778Z   python-version: 3.13
2026-01-25T03:56:25.4156113Z   check-latest: false
2026-01-25T03:56:25.4156614Z   token: ***
2026-01-25T03:56:25.4156909Z   update-environment: true
2026-01-25T03:56:25.4157247Z   allow-prereleases: false
2026-01-25T03:56:25.4157580Z   freethreaded: false
2026-01-25T03:56:25.4157876Z ##[endgroup]
2026-01-25T03:56:25.5373071Z ##[group]Installed versions
2026-01-25T03:56:25.9997341Z Successfully set up CPython (3.13.11)
2026-01-25T03:56:26.0000030Z ##[endgroup]
2026-01-25T03:56:26.0122145Z ##[group]Run pip install -r requirements.txt
2026-01-25T03:56:26.0122661Z [36;1mpip install -r requirements.txt[0m
2026-01-25T03:56:26.0245119Z shell: /usr/bin/bash -e {0}
2026-01-25T03:56:26.0245358Z env:
2026-01-25T03:56:26.0245600Z   pythonLocation: /opt/hostedtoolcache/Python/3.13.11/x64
2026-01-25T03:56:26.0246042Z   PKG_CONFIG_PATH: /opt/hostedtoolcache/Python/3.13.11/x64/lib/pkgconfig
2026-01-25T03:56:26.0246471Z   Python_ROOT_DIR: /opt/hostedtoolcache/Python/3.13.11/x64
2026-01-25T03:56:26.0246830Z   Python2_ROOT_DIR: /opt/hostedtoolcache/Python/3.13.11/x64
2026-01-25T03:56:26.0247186Z   Python3_ROOT_DIR: /opt/hostedtoolcache/Python/3.13.11/x64
2026-01-25T03:56:26.0247549Z   LD_LIBRARY_PATH: /opt/hostedtoolcache/Python/3.13.11/x64/lib
2026-01-25T03:56:26.0247843Z ##[endgroup]
2026-01-25T03:56:28.8223939Z Collecting scratchattach>=2.1.15b0 (from -r requirements.txt (line 1))
2026-01-25T03:56:28.9140522Z   Downloading scratchattach-2.1.15b0-py3-none-any.whl.metadata (5.7 kB)
2026-01-25T03:56:28.9502826Z Collecting websocket-client (from scratchattach>=2.1.15b0->-r requirements.txt (line 1))
2026-01-25T03:56:28.9661782Z   Downloading websocket_client-1.9.0-py3-none-any.whl.metadata (8.3 kB)
2026-01-25T03:56:29.0110438Z Collecting requests (from scratchattach>=2.1.15b0->-r requirements.txt (line 1))
2026-01-25T03:56:29.0267634Z   Downloading requests-2.32.5-py3-none-any.whl.metadata (4.9 kB)
2026-01-25T03:56:29.0515097Z Collecting bs4 (from scratchattach>=2.1.15b0->-r requirements.txt (line 1))
2026-01-25T03:56:29.0691773Z   Downloading bs4-0.0.2-py2.py3-none-any.whl.metadata (411 bytes)
2026-01-25T03:56:29.0890647Z Collecting SimpleWebSocketServer (from scratchattach>=2.1.15b0->-r requirements.txt (line 1))
2026-01-25T03:56:29.1095128Z   Downloading SimpleWebSocketServer-0.1.2.tar.gz (10 kB)
2026-01-25T03:56:29.1203135Z   Installing build dependencies: started
2026-01-25T03:56:30.5425235Z   Installing build dependencies: finished with status 'done'
2026-01-25T03:56:30.5432250Z   Getting requirements to build wheel: started
2026-01-25T03:56:31.0048412Z   Getting requirements to build wheel: finished with status 'done'
2026-01-25T03:56:31.0057100Z   Preparing metadata (pyproject.toml): started
2026-01-25T03:56:31.1971511Z   Preparing metadata (pyproject.toml): finished with status 'done'
2026-01-25T03:56:31.2269255Z Collecting typing-extensions (from scratchattach>=2.1.15b0->-r requirements.txt (line 1))
2026-01-25T03:56:31.2425348Z   Downloading typing_extensions-4.15.0-py3-none-any.whl.metadata (3.3 kB)
2026-01-25T03:56:31.2695737Z Collecting browser_cookie3 (from scratchattach>=2.1.15b0->-r requirements.txt (line 1))
2026-01-25T03:56:31.2871859Z   Downloading browser_cookie3-0.20.1-py3-none-any.whl.metadata (713 bytes)
2026-01-25T03:56:31.3844706Z Collecting lz4 (from browser_cookie3->scratchattach>=2.1.15b0->-r requirements.txt (line 1))
2026-01-25T03:56:31.4021264Z   Downloading lz4-4.4.5-cp313-cp313-manylinux2014_x86_64.manylinux_2_17_x86_64.manylinux_2_28_x86_64.whl.metadata (3.8 kB)
2026-01-25T03:56:31.5112204Z Collecting pycryptodomex (from browser_cookie3->scratchattach>=2.1.15b0->-r requirements.txt (line 1))
2026-01-25T03:56:31.5295911Z   Downloading pycryptodomex-3.23.0-cp37-abi3-manylinux_2_17_x86_64.manylinux2014_x86_64.whl.metadata (3.4 kB)
2026-01-25T03:56:31.5520252Z Collecting jeepney (from browser_cookie3->scratchattach>=2.1.15b0->-r requirements.txt (line 1))
2026-01-25T03:56:31.5679892Z   Downloading jeepney-0.9.0-py3-none-any.whl.metadata (1.2 kB)
2026-01-25T03:56:31.5979657Z Collecting beautifulsoup4 (from bs4->scratchattach>=2.1.15b0->-r requirements.txt (line 1))
2026-01-25T03:56:31.6172190Z   Downloading beautifulsoup4-4.14.3-py3-none-any.whl.metadata (3.8 kB)
2026-01-25T03:56:31.6481463Z Collecting soupsieve>=1.6.1 (from beautifulsoup4->bs4->scratchattach>=2.1.15b0->-r requirements.txt (line 1))
2026-01-25T03:56:31.6638658Z   Downloading soupsieve-2.8.3-py3-none-any.whl.metadata (4.6 kB)
2026-01-25T03:56:31.7847640Z Collecting charset_normalizer<4,>=2 (from requests->scratchattach>=2.1.15b0->-r requirements.txt (line 1))
2026-01-25T03:56:31.8037586Z   Downloading charset_normalizer-3.4.4-cp313-cp313-manylinux2014_x86_64.manylinux_2_17_x86_64.manylinux_2_28_x86_64.whl.metadata (37 kB)
2026-01-25T03:56:31.8371905Z Collecting idna<4,>=2.5 (from requests->scratchattach>=2.1.15b0->-r requirements.txt (line 1))
2026-01-25T03:56:31.8537013Z   Downloading idna-3.11-py3-none-any.whl.metadata (8.4 kB)
2026-01-25T03:56:31.8964932Z Collecting urllib3<3,>=1.21.1 (from requests->scratchattach>=2.1.15b0->-r requirements.txt (line 1))
2026-01-25T03:56:31.9131884Z   Downloading urllib3-2.6.3-py3-none-any.whl.metadata (6.9 kB)
2026-01-25T03:56:31.9477263Z Collecting certifi>=2017.4.17 (from requests->scratchattach>=2.1.15b0->-r requirements.txt (line 1))
2026-01-25T03:56:31.9634419Z   Downloading certifi-2026.1.4-py3-none-any.whl.metadata (2.5 kB)
2026-01-25T03:56:31.9902316Z Downloading scratchattach-2.1.15b0-py3-none-any.whl (145 kB)
2026-01-25T03:56:32.0312511Z Downloading browser_cookie3-0.20.1-py3-none-any.whl (17 kB)
2026-01-25T03:56:32.0516696Z Downloading bs4-0.0.2-py2.py3-none-any.whl (1.2 kB)
2026-01-25T03:56:32.0692033Z Downloading beautifulsoup4-4.14.3-py3-none-any.whl (107 kB)
2026-01-25T03:56:32.0884402Z Downloading soupsieve-2.8.3-py3-none-any.whl (37 kB)
2026-01-25T03:56:32.1088154Z Downloading typing_extensions-4.15.0-py3-none-any.whl (44 kB)
2026-01-25T03:56:32.1351158Z Downloading jeepney-0.9.0-py3-none-any.whl (49 kB)
2026-01-25T03:56:32.1554153Z Downloading lz4-4.4.5-cp313-cp313-manylinux2014_x86_64.manylinux_2_17_x86_64.manylinux_2_28_x86_64.whl (1.4 MB)
2026-01-25T03:56:32.1943286Z    ━━━━━━━━━━━━━━━━━━━━━━━━━━━━━━━━━━━━━━━━ 1.4/1.4 MB 46.1 MB/s  0:00:00
2026-01-25T03:56:32.2168419Z Downloading pycryptodomex-3.23.0-cp37-abi3-manylinux_2_17_x86_64.manylinux2014_x86_64.whl (2.3 MB)
2026-01-25T03:56:32.2459560Z    ━━━━━━━━━━━━━━━━━━━━━━━━━━━━━━━━━━━━━━━━ 2.3/2.3 MB 80.9 MB/s  0:00:00
2026-01-25T03:56:32.2618806Z Downloading requests-2.32.5-py3-none-any.whl (64 kB)
2026-01-25T03:56:32.2797875Z Downloading charset_normalizer-3.4.4-cp313-cp313-manylinux2014_x86_64.manylinux_2_17_x86_64.manylinux_2_28_x86_64.whl (153 kB)
2026-01-25T03:56:32.2998904Z Downloading idna-3.11-py3-none-any.whl (71 kB)
2026-01-25T03:56:32.3182030Z Downloading urllib3-2.6.3-py3-none-any.whl (131 kB)
2026-01-25T03:56:32.3375851Z Downloading certifi-2026.1.4-py3-none-any.whl (152 kB)
2026-01-25T03:56:32.3552339Z Downloading websocket_client-1.9.0-py3-none-any.whl (82 kB)
2026-01-25T03:56:32.3764524Z Building wheels for collected packages: SimpleWebSocketServer
2026-01-25T03:56:32.3772720Z   Building wheel for SimpleWebSocketServer (pyproject.toml): started
2026-01-25T03:56:32.5943407Z   Building wheel for SimpleWebSocketServer (pyproject.toml): finished with status 'done'
2026-01-25T03:56:32.5949493Z   Created wheel for SimpleWebSocketServer: filename=simplewebsocketserver-0.1.2-py3-none-any.whl size=9716 sha256=78e75f5575a3bf433afd627af42c387860330c11bda5f70f08e3e6caf44b9fe4
2026-01-25T03:56:32.5951264Z   Stored in directory: /home/runner/.cache/pip/wheels/c4/5b/e8/4f2c15a82edc4923058056f6681373168be02a0c00389a6dcf
2026-01-25T03:56:32.5969927Z Successfully built SimpleWebSocketServer
2026-01-25T03:56:32.6210369Z Installing collected packages: SimpleWebSocketServer, websocket-client, urllib3, typing-extensions, soupsieve, pycryptodomex, lz4, jeepney, idna, charset_normalizer, certifi, requests, browser_cookie3, beautifulsoup4, bs4, scratchattach
2026-01-25T03:56:33.7048829Z 
2026-01-25T03:56:33.7074693Z Successfully installed SimpleWebSocketServer-0.1.2 beautifulsoup4-4.14.3 browser_cookie3-0.20.1 bs4-0.0.2 certifi-2026.1.4 charset_normalizer-3.4.4 idna-3.11 jeepney-0.9.0 lz4-4.4.5 pycryptodomex-3.23.0 requests-2.32.5 scratchattach-2.1.15b0 soupsieve-2.8.3 typing-extensions-4.15.0 urllib3-2.6.3 websocket-client-1.9.0
2026-01-25T03:56:33.9418109Z ##[group]Run actions/checkout@v6.0.2
2026-01-25T03:56:33.9418376Z with:
2026-01-25T03:56:33.9418548Z   ref: main
2026-01-25T03:56:33.9418734Z   repository: Boss-1s/scratchattach
2026-01-25T03:56:33.9419304Z   token: ***
2026-01-25T03:56:33.9419516Z   ssh-strict: true
2026-01-25T03:56:33.9419705Z   ssh-user: git
2026-01-25T03:56:33.9419894Z   persist-credentials: true
2026-01-25T03:56:33.9420096Z   clean: true
2026-01-25T03:56:33.9420281Z   sparse-checkout-cone-mode: true
2026-01-25T03:56:33.9420503Z   fetch-depth: 1
2026-01-25T03:56:33.9420676Z   fetch-tags: false
2026-01-25T03:56:33.9420857Z   show-progress: true
2026-01-25T03:56:33.9421033Z   lfs: false
2026-01-25T03:56:33.9421193Z   submodules: false
2026-01-25T03:56:33.9421374Z   set-safe-directory: true
2026-01-25T03:56:33.9421571Z env:
2026-01-25T03:56:33.9421794Z   pythonLocation: /opt/hostedtoolcache/Python/3.13.11/x64
2026-01-25T03:56:33.9422193Z   PKG_CONFIG_PATH: /opt/hostedtoolcache/Python/3.13.11/x64/lib/pkgconfig
2026-01-25T03:56:33.9422631Z   Python_ROOT_DIR: /opt/hostedtoolcache/Python/3.13.11/x64
2026-01-25T03:56:33.9423177Z   Python2_ROOT_DIR: /opt/hostedtoolcache/Python/3.13.11/x64
2026-01-25T03:56:33.9423552Z   Python3_ROOT_DIR: /opt/hostedtoolcache/Python/3.13.11/x64
2026-01-25T03:56:33.9423917Z   LD_LIBRARY_PATH: /opt/hostedtoolcache/Python/3.13.11/x64/lib
2026-01-25T03:56:33.9424204Z ##[endgroup]
2026-01-25T03:56:34.0197554Z Syncing repository: Boss-1s/scratchattach
2026-01-25T03:56:34.0198966Z ##[group]Getting Git version info
2026-01-25T03:56:34.0199828Z Working directory is '/home/runner/work/scratchattach/scratchattach'
2026-01-25T03:56:34.0235123Z [command]/usr/bin/git version
2026-01-25T03:56:34.0271671Z git version 2.52.0
2026-01-25T03:56:34.0292354Z ##[endgroup]
2026-01-25T03:56:34.0306871Z Temporarily overriding HOME='/home/runner/work/_temp/7513b91d-3341-4738-8246-dddd21d7bd1a' before making global git config changes
2026-01-25T03:56:34.0308273Z Adding repository directory to the temporary git global config as a safe directory
2026-01-25T03:56:34.0312914Z [command]/usr/bin/git config --global --add safe.directory /home/runner/work/scratchattach/scratchattach
2026-01-25T03:56:34.0352704Z [command]/usr/bin/git config --local --get remote.origin.url
2026-01-25T03:56:34.0374230Z https://github.com/Boss-1s/scratchattach
2026-01-25T03:56:34.0387667Z ##[group]Removing previously created refs, to avoid conflicts
2026-01-25T03:56:34.0391967Z [command]/usr/bin/git rev-parse --symbolic-full-name --verify --quiet HEAD
2026-01-25T03:56:34.0413101Z refs/heads/main
2026-01-25T03:56:34.0422916Z [command]/usr/bin/git checkout --detach
2026-01-25T03:56:34.1460109Z HEAD is now at 3231815 [BOT] Download Logs
2026-01-25T03:56:34.1511732Z [command]/usr/bin/git branch --delete --force main
2026-01-25T03:56:34.1539782Z Deleted branch main (was 3231815).
2026-01-25T03:56:34.1578146Z ##[endgroup]
2026-01-25T03:56:34.1582402Z [command]/usr/bin/git submodule status
2026-01-25T03:56:34.1829928Z ##[group]Cleaning the repository
2026-01-25T03:56:34.1833667Z [command]/usr/bin/git clean -ffdx
2026-01-25T03:56:34.1893662Z [command]/usr/bin/git reset --hard HEAD
2026-01-25T03:56:34.2009995Z HEAD is now at 3231815 [BOT] Download Logs
2026-01-25T03:56:34.2016573Z ##[endgroup]
2026-01-25T03:56:34.2018177Z ##[group]Disabling automatic garbage collection
2026-01-25T03:56:34.2023113Z [command]/usr/bin/git config --local gc.auto 0
2026-01-25T03:56:34.2051252Z ##[endgroup]
2026-01-25T03:56:34.2051852Z ##[group]Setting up auth
2026-01-25T03:56:34.2052862Z Removing SSH command configuration
2026-01-25T03:56:34.2059524Z [command]/usr/bin/git config --local --name-only --get-regexp core\.sshCommand
2026-01-25T03:56:34.2091289Z [command]/usr/bin/git submodule foreach --recursive sh -c "git config --local --name-only --get-regexp 'core\.sshCommand' && git config --local --unset-all 'core.sshCommand' || :"
2026-01-25T03:56:34.2336199Z Removing HTTP extra header
2026-01-25T03:56:34.2342728Z [command]/usr/bin/git config --local --name-only --get-regexp http\.https\:\/\/github\.com\/\.extraheader
2026-01-25T03:56:34.2375024Z [command]/usr/bin/git submodule foreach --recursive sh -c "git config --local --name-only --get-regexp 'http\.https\:\/\/github\.com\/\.extraheader' && git config --local --unset-all 'http.https://github.com/.extraheader' || :"
2026-01-25T03:56:34.2622951Z Removing includeIf entries pointing to credentials config files
2026-01-25T03:56:34.2629863Z [command]/usr/bin/git config --local --name-only --get-regexp ^includeIf\.gitdir:
2026-01-25T03:56:34.2657975Z includeif.gitdir:/home/runner/work/scratchattach/scratchattach/.git.path
2026-01-25T03:56:34.2659001Z includeif.gitdir:/home/runner/work/scratchattach/scratchattach/.git/worktrees/*.path
2026-01-25T03:56:34.2660035Z includeif.gitdir:/github/workspace/.git.path
2026-01-25T03:56:34.2660648Z includeif.gitdir:/github/workspace/.git/worktrees/*.path
2026-01-25T03:56:34.2667036Z [command]/usr/bin/git config --local --get-all includeif.gitdir:/home/runner/work/scratchattach/scratchattach/.git.path
2026-01-25T03:56:34.2689558Z /home/runner/work/_temp/git-credentials-a1cd94bc-04ed-4abb-943c-a65c611b6833.config
2026-01-25T03:56:34.2701949Z [command]/usr/bin/git config --local --unset includeif.gitdir:/home/runner/work/scratchattach/scratchattach/.git.path /home/runner/work/_temp/git-credentials-a1cd94bc-04ed-4abb-943c-a65c611b6833.config
2026-01-25T03:56:34.2735984Z [command]/usr/bin/git config --local --get-all includeif.gitdir:/home/runner/work/scratchattach/scratchattach/.git/worktrees/*.path
2026-01-25T03:56:34.2758269Z /home/runner/work/_temp/git-credentials-a1cd94bc-04ed-4abb-943c-a65c611b6833.config
2026-01-25T03:56:34.2768299Z [command]/usr/bin/git config --local --unset includeif.gitdir:/home/runner/work/scratchattach/scratchattach/.git/worktrees/*.path /home/runner/work/_temp/git-credentials-a1cd94bc-04ed-4abb-943c-a65c611b6833.config
2026-01-25T03:56:34.2801402Z [command]/usr/bin/git config --local --get-all includeif.gitdir:/github/workspace/.git.path
2026-01-25T03:56:34.2822709Z /github/runner_temp/git-credentials-a1cd94bc-04ed-4abb-943c-a65c611b6833.config
2026-01-25T03:56:34.2831395Z [command]/usr/bin/git config --local --unset includeif.gitdir:/github/workspace/.git.path /github/runner_temp/git-credentials-a1cd94bc-04ed-4abb-943c-a65c611b6833.config
2026-01-25T03:56:34.2864046Z [command]/usr/bin/git config --local --get-all includeif.gitdir:/github/workspace/.git/worktrees/*.path
2026-01-25T03:56:34.2885377Z /github/runner_temp/git-credentials-a1cd94bc-04ed-4abb-943c-a65c611b6833.config
2026-01-25T03:56:34.2896407Z [command]/usr/bin/git config --local --unset includeif.gitdir:/github/workspace/.git/worktrees/*.path /github/runner_temp/git-credentials-a1cd94bc-04ed-4abb-943c-a65c611b6833.config
2026-01-25T03:56:34.2931202Z [command]/usr/bin/git submodule foreach --recursive git config --local --show-origin --name-only --get-regexp remote.origin.url
2026-01-25T03:56:34.3169869Z Removing credentials config '/home/runner/work/_temp/git-credentials-a1cd94bc-04ed-4abb-943c-a65c611b6833.config'
2026-01-25T03:56:34.3183256Z [command]/usr/bin/git config --file /home/runner/work/_temp/git-credentials-751f7fa1-2481-4c6b-b293-2c004884ce5c.config http.https://github.com/.extraheader AUTHORIZATION: basic ***
2026-01-25T03:56:34.3219055Z [command]/usr/bin/git config --local includeIf.gitdir:/home/runner/work/scratchattach/scratchattach/.git.path /home/runner/work/_temp/git-credentials-751f7fa1-2481-4c6b-b293-2c004884ce5c.config
2026-01-25T03:56:34.3248085Z [command]/usr/bin/git config --local includeIf.gitdir:/home/runner/work/scratchattach/scratchattach/.git/worktrees/*.path /home/runner/work/_temp/git-credentials-751f7fa1-2481-4c6b-b293-2c004884ce5c.config
2026-01-25T03:56:34.3277397Z [command]/usr/bin/git config --local includeIf.gitdir:/github/workspace/.git.path /github/runner_temp/git-credentials-751f7fa1-2481-4c6b-b293-2c004884ce5c.config
2026-01-25T03:56:34.3306157Z [command]/usr/bin/git config --local includeIf.gitdir:/github/workspace/.git/worktrees/*.path /github/runner_temp/git-credentials-751f7fa1-2481-4c6b-b293-2c004884ce5c.config
2026-01-25T03:56:34.3330644Z ##[endgroup]
2026-01-25T03:56:34.3330998Z ##[group]Fetching the repository
2026-01-25T03:56:34.3340412Z [command]/usr/bin/git -c protocol.version=2 fetch --no-tags --prune --no-recurse-submodules --depth=1 origin +refs/heads/main*:refs/remotes/origin/main* +refs/tags/main*:refs/tags/main*
2026-01-25T03:56:34.6116245Z ##[endgroup]
2026-01-25T03:56:34.6116658Z ##[group]Determining the checkout info
2026-01-25T03:56:34.6123032Z [command]/usr/bin/git branch --list --remote origin/main
2026-01-25T03:56:34.6147526Z   origin/main
2026-01-25T03:56:34.6152452Z ##[endgroup]
2026-01-25T03:56:34.6157570Z [command]/usr/bin/git sparse-checkout disable
2026-01-25T03:56:34.6220608Z [command]/usr/bin/git config --local --unset-all extensions.worktreeConfig
2026-01-25T03:56:34.6246542Z ##[group]Checking out the ref
2026-01-25T03:56:34.6250733Z [command]/usr/bin/git checkout --progress --force -B main refs/remotes/origin/main
2026-01-25T03:56:34.6332755Z Switched to a new branch 'main'
2026-01-25T03:56:34.6335147Z branch 'main' set up to track 'origin/main'.
2026-01-25T03:56:34.6340541Z ##[endgroup]
2026-01-25T03:56:34.6375549Z [command]/usr/bin/git log -1 --format=%H
2026-01-25T03:56:34.6398950Z 32318159fc08bd78376a570e1cb286cec83feb1c
2026-01-25T03:56:34.6512721Z ##[group]Run python3 aesthetic_prioritizing.py
2026-01-25T03:56:34.6513098Z [36;1mpython3 aesthetic_prioritizing.py[0m
2026-01-25T03:56:34.6545635Z shell: /usr/bin/bash -e {0}
2026-01-25T03:56:34.6545869Z env:
2026-01-25T03:56:34.6546118Z   pythonLocation: /opt/hostedtoolcache/Python/3.13.11/x64
2026-01-25T03:56:34.6546540Z   PKG_CONFIG_PATH: /opt/hostedtoolcache/Python/3.13.11/x64/lib/pkgconfig
2026-01-25T03:56:34.6546945Z   Python_ROOT_DIR: /opt/hostedtoolcache/Python/3.13.11/x64
2026-01-25T03:56:34.6547302Z   Python2_ROOT_DIR: /opt/hostedtoolcache/Python/3.13.11/x64
2026-01-25T03:56:34.6547660Z   Python3_ROOT_DIR: /opt/hostedtoolcache/Python/3.13.11/x64
2026-01-25T03:56:34.6548009Z   LD_LIBRARY_PATH: /opt/hostedtoolcache/Python/3.13.11/x64/lib
2026-01-25T03:56:34.6548429Z   PASS: ***
2026-01-25T03:56:34.6548597Z ##[endgroup]
2026-01-25T03:56:35.6422302Z Prioritizing: Attempt 1
2026-01-25T03:56:36.1043299Z Process failed, retying. Error: The user corresponding to the connected login / session is not allowed to perform this action. Request content: b{"code":"Forbidden","message":""}
2026-01-25T03:56:36.1407554Z Prioritizing: Attempt 2
2026-01-25T03:56:36.4429612Z Unfavorited project 1193158560
2026-01-25T03:57:21.4442219Z Favorited project 1193158560 to move it to the top
2026-01-25T03:58:06.9643199Z Unfavorited project 1193158559
2026-01-25T03:58:51.9654390Z Favorited project 1193158559 to move it to the top
2026-01-25T03:59:37.4562152Z Unfavorited project 1193158558
2026-01-25T04:00:22.4573836Z Favorited project 1193158558 to move it to the top
2026-01-25T04:01:07.9985427Z Process failed, retying. Error: Make sure all provided arguments are valid
2026-01-25T04:01:08.0347802Z Prioritizing: Attempt 3
2026-01-25T04:01:08.2938746Z Process failed, retying. Error: The user corresponding to the connected login / session is not allowed to perform this action. Request content: b{"code":"Forbidden","message":""}
2026-01-25T04:01:08.3315386Z Prioritizing: Attempt 4
2026-01-25T04:01:08.6363084Z Process failed, retying. Error: The user corresponding to the connected login / session is not allowed to perform this action. Request content: b{"code":"Forbidden","message":""}
2026-01-25T04:01:08.6739421Z Prioritizing: Attempt 5
2026-01-25T04:01:08.9510177Z Unfavorited project 1193158560
2026-01-25T04:01:53.9522644Z Favorited project 1193158560 to move it to the top
2026-01-25T04:02:46.1609941Z Unfavorited project 1193158559
2026-01-25T04:03:31.1621724Z Favorited project 1193158559 to move it to the top
2026-01-25T04:04:18.0671604Z Unfavorited project 1193158558
2026-01-25T04:05:03.0684137Z Favorited project 1193158558 to move it to the top
2026-01-25T04:05:48.4119796Z Unfavorited project 1193158567
2026-01-25T04:06:33.4131373Z Favorited project 1193158567 to move it to the top
2026-01-25T04:07:18.9045713Z Unfavorited project 1193158568
2026-01-25T04:08:03.9057225Z Favorited project 1193158568 to move it to the top
2026-01-25T04:08:49.0703922Z Prioritized projects in your favorite list.
2026-01-25T04:08:49.0705440Z Warning: For methods that require authentication, use session.connect_user instead of get_user
2026-01-25T04:08:49.0706625Z Warning: For methods that require authentication, use session.connect_user instead of get_user
2026-01-25T04:08:49.0707601Z Warning: For methods that require authentication, use session.connect_user instead of get_user
2026-01-25T04:08:49.0708606Z Warning: For methods that require authentication, use session.connect_user instead of get_user
2026-01-25T04:08:49.0709867Z Warning: For methods that require authentication, use session.connect_user instead of get_user
2026-01-25T04:08:49.1069637Z Post job cleanup.
2026-01-25T04:08:49.1826477Z [command]/usr/bin/git version
2026-01-25T04:08:49.1861571Z git version 2.52.0
2026-01-25T04:08:49.1899375Z Temporarily overriding HOME='/home/runner/work/_temp/42222e5d-d442-4ee9-84f6-a5c04507ed3a' before making global git config changes
2026-01-25T04:08:49.1901081Z Adding repository directory to the temporary git global config as a safe directory
2026-01-25T04:08:49.1905439Z [command]/usr/bin/git config --global --add safe.directory /home/runner/work/scratchattach/scratchattach
2026-01-25T04:08:49.1936040Z Removing SSH command configuration
2026-01-25T04:08:49.1942757Z [command]/usr/bin/git config --local --name-only --get-regexp core\.sshCommand
2026-01-25T04:08:49.1975605Z [command]/usr/bin/git submodule foreach --recursive sh -c "git config --local --name-only --get-regexp 'core\.sshCommand' && git config --local --unset-all 'core.sshCommand' || :"
2026-01-25T04:08:49.2200668Z Removing HTTP extra header
2026-01-25T04:08:49.2205438Z [command]/usr/bin/git config --local --name-only --get-regexp http\.https\:\/\/github\.com\/\.extraheader
2026-01-25T04:08:49.2237522Z [command]/usr/bin/git submodule foreach --recursive sh -c "git config --local --name-only --get-regexp 'http\.https\:\/\/github\.com\/\.extraheader' && git config --local --unset-all 'http.https://github.com/.extraheader' || :"
2026-01-25T04:08:49.2458169Z Removing includeIf entries pointing to credentials config files
2026-01-25T04:08:49.2464115Z [command]/usr/bin/git config --local --name-only --get-regexp ^includeIf\.gitdir:
2026-01-25T04:08:49.2486202Z includeif.gitdir:/home/runner/work/scratchattach/scratchattach/.git.path
2026-01-25T04:08:49.2487025Z includeif.gitdir:/home/runner/work/scratchattach/scratchattach/.git/worktrees/*.path
2026-01-25T04:08:49.2487895Z includeif.gitdir:/github/workspace/.git.path
2026-01-25T04:08:49.2488537Z includeif.gitdir:/github/workspace/.git/worktrees/*.path
2026-01-25T04:08:49.2497276Z [command]/usr/bin/git config --local --get-all includeif.gitdir:/home/runner/work/scratchattach/scratchattach/.git.path
2026-01-25T04:08:49.2518472Z /home/runner/work/_temp/git-credentials-751f7fa1-2481-4c6b-b293-2c004884ce5c.config
2026-01-25T04:08:49.2528296Z [command]/usr/bin/git config --local --unset includeif.gitdir:/home/runner/work/scratchattach/scratchattach/.git.path /home/runner/work/_temp/git-credentials-751f7fa1-2481-4c6b-b293-2c004884ce5c.config
2026-01-25T04:08:49.2561792Z [command]/usr/bin/git config --local --get-all includeif.gitdir:/home/runner/work/scratchattach/scratchattach/.git/worktrees/*.path
2026-01-25T04:08:49.2582251Z /home/runner/work/_temp/git-credentials-751f7fa1-2481-4c6b-b293-2c004884ce5c.config
2026-01-25T04:08:49.2591602Z [command]/usr/bin/git config --local --unset includeif.gitdir:/home/runner/work/scratchattach/scratchattach/.git/worktrees/*.path /home/runner/work/_temp/git-credentials-751f7fa1-2481-4c6b-b293-2c004884ce5c.config
2026-01-25T04:08:49.2622086Z [command]/usr/bin/git config --local --get-all includeif.gitdir:/github/workspace/.git.path
2026-01-25T04:08:49.2642235Z /github/runner_temp/git-credentials-751f7fa1-2481-4c6b-b293-2c004884ce5c.config
2026-01-25T04:08:49.2649761Z [command]/usr/bin/git config --local --unset includeif.gitdir:/github/workspace/.git.path /github/runner_temp/git-credentials-751f7fa1-2481-4c6b-b293-2c004884ce5c.config
2026-01-25T04:08:49.2679486Z [command]/usr/bin/git config --local --get-all includeif.gitdir:/github/workspace/.git/worktrees/*.path
2026-01-25T04:08:49.2699679Z /github/runner_temp/git-credentials-751f7fa1-2481-4c6b-b293-2c004884ce5c.config
2026-01-25T04:08:49.2708909Z [command]/usr/bin/git config --local --unset includeif.gitdir:/github/workspace/.git/worktrees/*.path /github/runner_temp/git-credentials-751f7fa1-2481-4c6b-b293-2c004884ce5c.config
2026-01-25T04:08:49.2740722Z [command]/usr/bin/git submodule foreach --recursive git config --local --show-origin --name-only --get-regexp remote.origin.url
2026-01-25T04:08:49.2961962Z Removing credentials config '/home/runner/work/_temp/git-credentials-751f7fa1-2481-4c6b-b293-2c004884ce5c.config'
2026-01-25T04:08:49.3089550Z Post job cleanup.
2026-01-25T04:08:49.4359309Z Post job cleanup.
2026-01-25T04:08:49.5176109Z [command]/usr/bin/git version
2026-01-25T04:08:49.5215867Z git version 2.52.0
2026-01-25T04:08:49.5254323Z Temporarily overriding HOME='/home/runner/work/_temp/1ab797e6-dc1f-4bb0-b389-6bde816649c4' before making global git config changes
2026-01-25T04:08:49.5255734Z Adding repository directory to the temporary git global config as a safe directory
2026-01-25T04:08:49.5260538Z [command]/usr/bin/git config --global --add safe.directory /home/runner/work/scratchattach/scratchattach
2026-01-25T04:08:49.5291443Z Removing SSH command configuration
2026-01-25T04:08:49.5298169Z [command]/usr/bin/git config --local --name-only --get-regexp core\.sshCommand
2026-01-25T04:08:49.5333016Z [command]/usr/bin/git submodule foreach --recursive sh -c "git config --local --name-only --get-regexp 'core\.sshCommand' && git config --local --unset-all 'core.sshCommand' || :"
2026-01-25T04:08:49.5578342Z Removing HTTP extra header
2026-01-25T04:08:49.5583025Z [command]/usr/bin/git config --local --name-only --get-regexp http\.https\:\/\/github\.com\/\.extraheader
2026-01-25T04:08:49.5613539Z [command]/usr/bin/git submodule foreach --recursive sh -c "git config --local --name-only --get-regexp 'http\.https\:\/\/github\.com\/\.extraheader' && git config --local --unset-all 'http.https://github.com/.extraheader' || :"
2026-01-25T04:08:49.5832024Z Removing includeIf entries pointing to credentials config files
2026-01-25T04:08:49.5837905Z [command]/usr/bin/git config --local --name-only --get-regexp ^includeIf\.gitdir:
2026-01-25T04:08:49.5867648Z [command]/usr/bin/git submodule foreach --recursive git config --local --show-origin --name-only --get-regexp remote.origin.url
2026-01-25T04:08:49.6198892Z Cleaning up orphan processes
