2025-11-02T01:50:41.2996911Z Current runner version: '2.329.0'
2025-11-02T01:50:41.3019262Z ##[group]Runner Image Provisioner
2025-11-02T01:50:41.3020063Z Hosted Compute Agent
2025-11-02T01:50:41.3020591Z Version: 20251016.436
2025-11-02T01:50:41.3021253Z Commit: 8ab8ac8bfd662a3739dab9fe09456aba92132568
2025-11-02T01:50:41.3022108Z Build Date: 2025-10-15T20:44:12Z
2025-11-02T01:50:41.3022683Z ##[endgroup]
2025-11-02T01:50:41.3023283Z ##[group]Operating System
2025-11-02T01:50:41.3023842Z Ubuntu
2025-11-02T01:50:41.3024269Z 24.04.3
2025-11-02T01:50:41.3024770Z LTS
2025-11-02T01:50:41.3025217Z ##[endgroup]
2025-11-02T01:50:41.3025665Z ##[group]Runner Image
2025-11-02T01:50:41.3026283Z Image: ubuntu-24.04
2025-11-02T01:50:41.3026756Z Version: 20251030.96.2
2025-11-02T01:50:41.3027751Z Included Software: https://github.com/actions/runner-images/blob/ubuntu24/20251030.96/images/ubuntu/Ubuntu2404-Readme.md
2025-11-02T01:50:41.3029293Z Image Release: https://github.com/actions/runner-images/releases/tag/ubuntu24%2F20251030.96
2025-11-02T01:50:41.3030246Z ##[endgroup]
2025-11-02T01:50:41.3031266Z ##[group]GITHUB_TOKEN Permissions
2025-11-02T01:50:41.3033125Z Contents: write
2025-11-02T01:50:41.3033717Z Metadata: read
2025-11-02T01:50:41.3034238Z ##[endgroup]
2025-11-02T01:50:41.3036490Z Secret source: Actions
2025-11-02T01:50:41.3037419Z Prepare workflow directory
2025-11-02T01:50:41.3365533Z Prepare all required actions
2025-11-02T01:50:41.3402921Z Getting action download info
2025-11-02T01:50:41.7431050Z Download action repository 'actions/checkout@v5.0.0' (SHA:08c6903cd8c0fde910a37f88322edcfb5dd907a8)
2025-11-02T01:50:41.8525956Z Download action repository 'pawanbahuguna/action-logs@v2.0.0' (SHA:2fb2206c1749d6d09b8799a05519c08ee503660d)
2025-11-02T01:50:42.4364362Z Complete job name: Download GH action logs
2025-11-02T01:50:42.4899338Z ##[group]Build container for action use: '/home/runner/work/_actions/pawanbahuguna/action-logs/v2.0.0/Dockerfile'.
2025-11-02T01:50:42.4951100Z ##[command]/usr/bin/docker build -t 0c8100:abb5e468acae47238d97e90bfab30367 -f "/home/runner/work/_actions/pawanbahuguna/action-logs/v2.0.0/Dockerfile" "/home/runner/work/_actions/pawanbahuguna/action-logs/v2.0.0"
2025-11-02T01:50:43.0773699Z #0 building with "default" instance using docker driver
2025-11-02T01:50:43.0774502Z 
2025-11-02T01:50:43.0774890Z #1 [internal] load build definition from Dockerfile
2025-11-02T01:50:43.0775867Z #1 transferring dockerfile: 347B done
2025-11-02T01:50:43.0776678Z #1 DONE 0.0s
2025-11-02T01:50:43.0777030Z 
2025-11-02T01:50:43.0777510Z #2 [internal] load metadata for docker.io/library/alpine:latest
2025-11-02T01:50:43.2492202Z #2 ...
2025-11-02T01:50:43.2492816Z 
2025-11-02T01:50:43.2493575Z #3 [auth] library/alpine:pull token for registry-1.docker.io
2025-11-02T01:50:43.2495249Z #3 DONE 0.0s
2025-11-02T01:50:43.3994879Z 
2025-11-02T01:50:43.3996011Z #2 [internal] load metadata for docker.io/library/alpine:latest
2025-11-02T01:50:43.7474570Z #2 DONE 0.8s
2025-11-02T01:50:43.8600789Z 
2025-11-02T01:50:43.8602517Z #4 [internal] load .dockerignore
2025-11-02T01:50:43.8604033Z #4 transferring context: 2B done
2025-11-02T01:50:43.8605144Z #4 DONE 0.0s
2025-11-02T01:50:43.8605640Z 
2025-11-02T01:50:43.8606022Z #5 [internal] load build context
2025-11-02T01:50:43.8607191Z #5 transferring context: 2.53kB done
2025-11-02T01:50:43.8608375Z #5 DONE 0.0s
2025-11-02T01:50:43.8609275Z 
2025-11-02T01:50:43.8610883Z #6 [1/4] FROM docker.io/library/alpine:latest@sha256:4b7ce07002c69e8f3d704a9c5d6fd3053be500b7f1c69fc0d80990c2ad8dd412
2025-11-02T01:50:43.8614930Z #6 resolve docker.io/library/alpine:latest@sha256:4b7ce07002c69e8f3d704a9c5d6fd3053be500b7f1c69fc0d80990c2ad8dd412 done
2025-11-02T01:50:43.8618325Z #6 sha256:706db57fb2063f39f69632c5b5c9c439633fda35110e65587c5d85553fd1cc38 581B / 581B done
2025-11-02T01:50:43.8621323Z #6 sha256:2d35ebdb57d9971fea0cac1582aa78935adf8058b2cc32db163c98822e5dfa1b 0B / 3.80MB 0.1s
2025-11-02T01:50:43.8624625Z #6 sha256:4b7ce07002c69e8f3d704a9c5d6fd3053be500b7f1c69fc0d80990c2ad8dd412 9.22kB / 9.22kB done
2025-11-02T01:50:43.8628021Z #6 sha256:85f2b723e106c34644cd5851d7e81ee87da98ac54672b29947c052a45d31dc2f 1.02kB / 1.02kB done
2025-11-02T01:50:43.9629145Z #6 extracting sha256:2d35ebdb57d9971fea0cac1582aa78935adf8058b2cc32db163c98822e5dfa1b
2025-11-02T01:50:44.0636507Z #6 sha256:2d35ebdb57d9971fea0cac1582aa78935adf8058b2cc32db163c98822e5dfa1b 3.80MB / 3.80MB 0.2s done
2025-11-02T01:50:44.2434134Z #6 extracting sha256:2d35ebdb57d9971fea0cac1582aa78935adf8058b2cc32db163c98822e5dfa1b 0.1s done
2025-11-02T01:50:44.2436509Z #6 DONE 0.3s
2025-11-02T01:50:44.2436627Z 
2025-11-02T01:50:44.2436822Z #7 [2/4] RUN apk update && apk add --no-cache curl jq
2025-11-02T01:50:44.2437946Z #7 0.148 fetch https://dl-cdn.alpinelinux.org/alpine/v3.22/main/x86_64/APKINDEX.tar.gz
2025-11-02T01:50:44.4886561Z #7 0.393 fetch https://dl-cdn.alpinelinux.org/alpine/v3.22/community/x86_64/APKINDEX.tar.gz
2025-11-02T01:50:44.8019835Z #7 0.706 v3.22.2-114-g3bc4c29c93b [https://dl-cdn.alpinelinux.org/alpine/v3.22/main]
2025-11-02T01:50:44.8020862Z #7 0.706 v3.22.2-119-g2cfa0b52404 [https://dl-cdn.alpinelinux.org/alpine/v3.22/community]
2025-11-02T01:50:44.8021543Z #7 0.706 OK: 26319 distinct packages available
2025-11-02T01:50:45.0139531Z #7 0.768 fetch https://dl-cdn.alpinelinux.org/alpine/v3.22/main/x86_64/APKINDEX.tar.gz
2025-11-02T01:50:45.1051897Z #7 1.010 fetch https://dl-cdn.alpinelinux.org/alpine/v3.22/community/x86_64/APKINDEX.tar.gz
2025-11-02T01:50:45.3913704Z #7 1.296 (1/11) Installing brotli-libs (1.1.0-r2)
2025-11-02T01:50:45.5077770Z #7 1.323 (2/11) Installing c-ares (1.34.5-r0)
2025-11-02T01:50:45.5078322Z #7 1.343 (3/11) Installing libunistring (1.3-r0)
2025-11-02T01:50:45.5078852Z #7 1.374 (4/11) Installing libidn2 (2.3.7-r0)
2025-11-02T01:50:45.5079226Z #7 1.394 (5/11) Installing nghttp2-libs (1.65.0-r0)
2025-11-02T01:50:45.5079836Z #7 1.412 (6/11) Installing libpsl (0.21.5-r3)
2025-11-02T01:50:45.6219322Z #7 1.431 (7/11) Installing zstd-libs (1.5.7-r0)
2025-11-02T01:50:45.6219839Z #7 1.455 (8/11) Installing libcurl (8.14.1-r2)
2025-11-02T01:50:45.6220382Z #7 1.478 (9/11) Installing curl (8.14.1-r2)
2025-11-02T01:50:45.6220799Z #7 1.504 (10/11) Installing oniguruma (6.9.10-r0)
2025-11-02T01:50:45.6221231Z #7 1.527 (11/11) Installing jq (1.8.0-r0)
2025-11-02T01:50:45.7373327Z #7 1.548 Executing busybox-1.37.0-r19.trigger
2025-11-02T01:50:45.7373928Z #7 1.554 OK: 13 MiB in 27 packages
2025-11-02T01:50:45.7374302Z #7 DONE 1.6s
2025-11-02T01:50:45.8754033Z 
2025-11-02T01:50:45.8755091Z #8 [3/4] COPY entrypoint.sh /entrypoint.sh
2025-11-02T01:50:45.8755634Z #8 DONE 0.0s
2025-11-02T01:50:45.8755842Z 
2025-11-02T01:50:45.8756004Z #9 [4/4] RUN chmod +x /entrypoint.sh
2025-11-02T01:50:45.8756489Z #9 DONE 0.1s
2025-11-02T01:50:46.0099816Z 
2025-11-02T01:50:46.0100444Z #10 exporting to image
2025-11-02T01:50:46.0267966Z #10 exporting layers 0.1s done
2025-11-02T01:50:46.0268703Z #10 writing image sha256:78e4b6e739e662ccee3e57aad745ee537723bdbfa16c09b624ca4524ca97f94e done
2025-11-02T01:50:46.0269696Z #10 naming to docker.io/library/0c8100:abb5e468acae47238d97e90bfab30367 done
2025-11-02T01:50:46.0270271Z #10 DONE 0.1s
2025-11-02T01:50:46.0349955Z ##[endgroup]
2025-11-02T01:50:46.0595111Z ##[group]Run actions/checkout@v5.0.0
2025-11-02T01:50:46.0595689Z with:
2025-11-02T01:50:46.0595894Z   repository: Boss-1s/scratchattach
2025-11-02T01:50:46.0596259Z   token: ***
2025-11-02T01:50:46.0596446Z   ssh-strict: true
2025-11-02T01:50:46.0596628Z   ssh-user: git
2025-11-02T01:50:46.0596812Z   persist-credentials: true
2025-11-02T01:50:46.0597022Z   clean: true
2025-11-02T01:50:46.0597207Z   sparse-checkout-cone-mode: true
2025-11-02T01:50:46.0597434Z   fetch-depth: 1
2025-11-02T01:50:46.0597610Z   fetch-tags: false
2025-11-02T01:50:46.0597788Z   show-progress: true
2025-11-02T01:50:46.0597971Z   lfs: false
2025-11-02T01:50:46.0598136Z   submodules: false
2025-11-02T01:50:46.0598317Z   set-safe-directory: true
2025-11-02T01:50:46.0598703Z ##[endgroup]
2025-11-02T01:50:46.1492624Z Syncing repository: Boss-1s/scratchattach
2025-11-02T01:50:46.1493880Z ##[group]Getting Git version info
2025-11-02T01:50:46.1494628Z Working directory is '/home/runner/work/scratchattach/scratchattach'
2025-11-02T01:50:46.1495190Z [command]/usr/bin/git version
2025-11-02T01:50:46.1495908Z git version 2.51.2
2025-11-02T01:50:46.1516258Z ##[endgroup]
2025-11-02T01:50:46.1532146Z Temporarily overriding HOME='/home/runner/work/_temp/7ebce472-cc55-44df-ac25-c80800ab2a1f' before making global git config changes
2025-11-02T01:50:46.1533502Z Adding repository directory to the temporary git global config as a safe directory
2025-11-02T01:50:46.1537828Z [command]/usr/bin/git config --global --add safe.directory /home/runner/work/scratchattach/scratchattach
2025-11-02T01:50:46.1573990Z Deleting the contents of '/home/runner/work/scratchattach/scratchattach'
2025-11-02T01:50:46.1577556Z ##[group]Initializing the repository
2025-11-02T01:50:46.1582518Z [command]/usr/bin/git init /home/runner/work/scratchattach/scratchattach
2025-11-02T01:50:46.1703739Z hint: Using 'master' as the name for the initial branch. This default branch name
2025-11-02T01:50:46.1704592Z hint: is subject to change. To configure the initial branch name to use in all
2025-11-02T01:50:46.1705064Z hint: of your new repositories, which will suppress this warning, call:
2025-11-02T01:50:46.1705381Z hint:
2025-11-02T01:50:46.1705638Z hint: 	git config --global init.defaultBranch <name>
2025-11-02T01:50:46.1705908Z hint:
2025-11-02T01:50:46.1706171Z hint: Names commonly chosen instead of 'master' are 'main', 'trunk' and
2025-11-02T01:50:46.1706609Z hint: 'development'. The just-created branch can be renamed via this command:
2025-11-02T01:50:46.1706946Z hint:
2025-11-02T01:50:46.1707227Z hint: 	git branch -m <name>
2025-11-02T01:50:46.1707619Z hint:
2025-11-02T01:50:46.1708176Z hint: Disable this message with "git config set advice.defaultBranchName false"
2025-11-02T01:50:46.1708765Z Initialized empty Git repository in /home/runner/work/scratchattach/scratchattach/.git/
2025-11-02T01:50:46.1719000Z [command]/usr/bin/git remote add origin https://github.com/Boss-1s/scratchattach
2025-11-02T01:50:46.1784829Z ##[endgroup]
2025-11-02T01:50:46.1785476Z ##[group]Disabling automatic garbage collection
2025-11-02T01:50:46.1789537Z [command]/usr/bin/git config --local gc.auto 0
2025-11-02T01:50:46.1816466Z ##[endgroup]
2025-11-02T01:50:46.1817074Z ##[group]Setting up auth
2025-11-02T01:50:46.1824101Z [command]/usr/bin/git config --local --name-only --get-regexp core\.sshCommand
2025-11-02T01:50:46.1853625Z [command]/usr/bin/git submodule foreach --recursive sh -c "git config --local --name-only --get-regexp 'core\.sshCommand' && git config --local --unset-all 'core.sshCommand' || :"
2025-11-02T01:50:46.2229998Z [command]/usr/bin/git config --local --name-only --get-regexp http\.https\:\/\/github\.com\/\.extraheader
2025-11-02T01:50:46.2259227Z [command]/usr/bin/git submodule foreach --recursive sh -c "git config --local --name-only --get-regexp 'http\.https\:\/\/github\.com\/\.extraheader' && git config --local --unset-all 'http.https://github.com/.extraheader' || :"
2025-11-02T01:50:46.2475065Z [command]/usr/bin/git config --local http.https://github.com/.extraheader AUTHORIZATION: basic ***
2025-11-02T01:50:46.2506946Z ##[endgroup]
2025-11-02T01:50:46.2507609Z ##[group]Fetching the repository
2025-11-02T01:50:46.2516208Z [command]/usr/bin/git -c protocol.version=2 fetch --no-tags --prune --no-recurse-submodules --depth=1 origin +7995265801fe9f59d04721d984bc8d06233576cd:refs/remotes/origin/main
2025-11-02T01:50:47.8475014Z From https://github.com/Boss-1s/scratchattach
2025-11-02T01:50:47.8475518Z  * [new ref]         7995265801fe9f59d04721d984bc8d06233576cd -> origin/main
2025-11-02T01:50:47.8505133Z ##[endgroup]
2025-11-02T01:50:47.8505590Z ##[group]Determining the checkout info
2025-11-02T01:50:47.8507771Z ##[endgroup]
2025-11-02T01:50:47.8512964Z [command]/usr/bin/git sparse-checkout disable
2025-11-02T01:50:47.8548651Z [command]/usr/bin/git config --local --unset-all extensions.worktreeConfig
2025-11-02T01:50:47.8574557Z ##[group]Checking out the ref
2025-11-02T01:50:47.8579071Z [command]/usr/bin/git checkout --progress --force -B main refs/remotes/origin/main
2025-11-02T01:50:48.1785069Z Switched to a new branch 'main'
2025-11-02T01:50:48.1785893Z branch 'main' set up to track 'origin/main'.
2025-11-02T01:50:48.1826721Z ##[endgroup]
2025-11-02T01:50:48.1867427Z [command]/usr/bin/git log -1 --format=%H
2025-11-02T01:50:48.1890037Z 7995265801fe9f59d04721d984bc8d06233576cd
2025-11-02T01:50:48.2070887Z ##[group]Run pawanbahuguna/action-logs@v2.0.0
2025-11-02T01:50:48.2071172Z env:
2025-11-02T01:50:48.2071913Z   GH_TOKEN: ***
2025-11-02T01:50:48.2072117Z   GH_REPO: Boss-1s/scratchattach
2025-11-02T01:50:48.2072329Z   LOGS_DIR: .logs
2025-11-02T01:50:48.2072503Z ##[endgroup]
2025-11-02T01:50:48.2158250Z ##[command]/usr/bin/docker run --name c8100abb5e468acae47238d97e90bfab30367_e7e45a --label 0c8100 --workdir /github/workspace --rm -e "GH_TOKEN" -e "GH_REPO" -e "LOGS_DIR" -e "HOME" -e "GITHUB_JOB" -e "GITHUB_REF" -e "GITHUB_SHA" -e "GITHUB_REPOSITORY" -e "GITHUB_REPOSITORY_OWNER" -e "GITHUB_REPOSITORY_OWNER_ID" -e "GITHUB_RUN_ID" -e "GITHUB_RUN_NUMBER" -e "GITHUB_RETENTION_DAYS" -e "GITHUB_RUN_ATTEMPT" -e "GITHUB_ACTOR_ID" -e "GITHUB_ACTOR" -e "GITHUB_WORKFLOW" -e "GITHUB_HEAD_REF" -e "GITHUB_BASE_REF" -e "GITHUB_EVENT_NAME" -e "GITHUB_SERVER_URL" -e "GITHUB_API_URL" -e "GITHUB_GRAPHQL_URL" -e "GITHUB_REF_NAME" -e "GITHUB_REF_PROTECTED" -e "GITHUB_REF_TYPE" -e "GITHUB_WORKFLOW_REF" -e "GITHUB_WORKFLOW_SHA" -e "GITHUB_REPOSITORY_ID" -e "GITHUB_TRIGGERING_ACTOR" -e "GITHUB_WORKSPACE" -e "GITHUB_ACTION" -e "GITHUB_EVENT_PATH" -e "GITHUB_ACTION_REPOSITORY" -e "GITHUB_ACTION_REF" -e "GITHUB_PATH" -e "GITHUB_ENV" -e "GITHUB_STEP_SUMMARY" -e "GITHUB_STATE" -e "GITHUB_OUTPUT" -e "RUNNER_OS" -e "RUNNER_ARCH" -e "RUNNER_NAME" -e "RUNNER_ENVIRONMENT" -e "RUNNER_TOOL_CACHE" -e "RUNNER_TEMP" -e "RUNNER_WORKSPACE" -e "ACTIONS_RUNTIME_URL" -e "ACTIONS_RUNTIME_TOKEN" -e "ACTIONS_CACHE_URL" -e "ACTIONS_RESULTS_URL" -e GITHUB_ACTIONS=true -e CI=true -v "/var/run/docker.sock":"/var/run/docker.sock" -v "/home/runner/work/_temp/_github_home":"/github/home" -v "/home/runner/work/_temp/_github_workflow":"/github/workflow" -v "/home/runner/work/_temp/_runner_file_commands":"/github/file_commands" -v "/home/runner/work/scratchattach/scratchattach":"/github/workspace" 0c8100:abb5e468acae47238d97e90bfab30367
2025-11-02T01:50:48.4799621Z Will only process 24hrs logs before or equal to 2025-11-01T01:50:48Z
2025-11-02T01:50:48.4800825Z Searching Workflow Runs
2025-11-02T01:50:51.2671589Z Fetching Job IDs
2025-11-02T01:50:55.5961791Z mkdir: can't create directory '.logs': File exists
2025-11-02T01:50:55.5968788Z Writing logs for job 54278777042
2025-11-02T01:50:55.8430974Z Writing logs for job 54278674529
2025-11-02T01:50:56.0930389Z Writing logs for job 54268630466
2025-11-02T01:50:56.7760740Z Writing logs for job 54268099307
2025-11-02T01:50:57.5032680Z Writing logs for job 54267842433
2025-11-02T01:50:58.2320862Z Writing logs for job 54267364541
2025-11-02T01:50:58.9366199Z Writing logs for job 54258533067
2025-11-02T01:50:59.5469504Z Writing logs for job 54257877898
2025-11-02T01:51:00.1668323Z Writing logs for job 54249653859
2025-11-02T01:51:00.7752395Z Writing logs for job 54248904045
2025-11-02T01:51:01.4011368Z Writing logs for job 54248669198
2025-11-02T01:51:02.0238688Z Writing logs for job 54248185903
2025-11-02T01:51:02.7064138Z Writing logs for job 54242350202
2025-11-02T01:51:03.2680395Z Logs Downloaded and saved!
2025-11-02T01:51:03.2680786Z Starting cleanup
2025-11-02T01:51:03.2687423Z cleanup Completed!!
2025-11-02T01:51:03.3407564Z ##[group]Run git config --global user.name 'Boss_1s [via Actions]'
2025-11-02T01:51:03.3408149Z [36;1mgit config --global user.name 'Boss_1s [via Actions]'[0m
2025-11-02T01:51:03.3408588Z [36;1mgit config --global user.email 'Boss-1s[auto]@users.noreply.github.com'[0m
2025-11-02T01:51:03.3408938Z [36;1m[0m
2025-11-02T01:51:03.3409109Z [36;1mgit pull origin main[0m
2025-11-02T01:51:03.3409320Z [36;1m[0m
2025-11-02T01:51:03.3409522Z [36;1mGIT_STATUS_OUTPUT=$(git status --porcelain)[0m
2025-11-02T01:51:03.3409988Z [36;1m[0m
2025-11-02T01:51:03.3410174Z [36;1mif [ -z "$GIT_STATUS_OUTPUT" ]; then[0m
2025-11-02T01:51:03.3410499Z [36;1m  echo "Git working tree is clean (no uncommitted changes)."[0m
2025-11-02T01:51:03.3410797Z [36;1m  exit 0[0m
2025-11-02T01:51:03.3410967Z [36;1melse[0m
2025-11-02T01:51:03.3411177Z [36;1m  echo "Git working tree has uncommitted changes:"[0m
2025-11-02T01:51:03.3411464Z [36;1m  echo "$GIT_STATUS_OUTPUT"[0m
2025-11-02T01:51:03.3412147Z [36;1m  echo "These changes will be pushed to the main branch."[0m
2025-11-02T01:51:03.3412440Z [36;1mfi[0m
2025-11-02T01:51:03.3412594Z [36;1m[0m
2025-11-02T01:51:03.3412743Z [36;1mgit add .[0m
2025-11-02T01:51:03.3412948Z [36;1mgit commit -m "[BOT] Download Logs"[0m
2025-11-02T01:51:03.3413197Z [36;1mgit push origin main[0m
2025-11-02T01:51:03.3449429Z shell: /usr/bin/bash -e {0}
2025-11-02T01:51:03.3449665Z ##[endgroup]
2025-11-02T01:51:03.7289231Z From https://github.com/Boss-1s/scratchattach
2025-11-02T01:51:03.7289766Z  * branch            main       -> FETCH_HEAD
2025-11-02T01:51:03.7356135Z Already up to date.
2025-11-02T01:51:03.8880576Z Git working tree has uncommitted changes:
2025-11-02T01:51:03.8881024Z ?? .logs/logs-54242350202-2025-11-02.txt
2025-11-02T01:51:03.8881428Z ?? .logs/logs-54248185903-2025-11-02.txt
2025-11-02T01:51:03.8882079Z ?? .logs/logs-54248669198-2025-11-02.txt
2025-11-02T01:51:03.8882358Z ?? .logs/logs-54248904045-2025-11-02.txt
2025-11-02T01:51:03.8882602Z ?? .logs/logs-54249653859-2025-11-02.txt
2025-11-02T01:51:03.8882817Z ?? .logs/logs-54257877898-2025-11-02.txt
2025-11-02T01:51:03.8883053Z ?? .logs/logs-54258533067-2025-11-02.txt
2025-11-02T01:51:03.8883353Z ?? .logs/logs-54267364541-2025-11-02.txt
2025-11-02T01:51:03.8883728Z ?? .logs/logs-54267842433-2025-11-02.txt
2025-11-02T01:51:03.8883959Z ?? .logs/logs-54268099307-2025-11-02.txt
2025-11-02T01:51:03.8884174Z ?? .logs/logs-54268630466-2025-11-02.txt
2025-11-02T01:51:03.8884477Z ?? .logs/logs-54278674529-2025-11-02.txt
2025-11-02T01:51:03.8884745Z ?? .logs/logs-54278777042-2025-11-02.txt
2025-11-02T01:51:03.8884991Z These changes will be pushed to the main branch.
2025-11-02T01:51:03.9307732Z [main 250546c] [BOT] Download Logs
2025-11-02T01:51:03.9308179Z  13 files changed, 23640 insertions(+)
2025-11-02T01:51:03.9308659Z  create mode 100644 .logs/logs-54242350202-2025-11-02.txt
2025-11-02T01:51:03.9309205Z  create mode 100644 .logs/logs-54248185903-2025-11-02.txt
2025-11-02T01:51:03.9309740Z  create mode 100644 .logs/logs-54248669198-2025-11-02.txt
2025-11-02T01:51:03.9310265Z  create mode 100644 .logs/logs-54248904045-2025-11-02.txt
2025-11-02T01:51:03.9310790Z  create mode 100644 .logs/logs-54249653859-2025-11-02.txt
2025-11-02T01:51:03.9311092Z  create mode 100644 .logs/logs-54257877898-2025-11-02.txt
2025-11-02T01:51:03.9311386Z  create mode 100644 .logs/logs-54258533067-2025-11-02.txt
2025-11-02T01:51:03.9311933Z  create mode 100644 .logs/logs-54267364541-2025-11-02.txt
2025-11-02T01:51:03.9312243Z  create mode 100644 .logs/logs-54267842433-2025-11-02.txt
2025-11-02T01:51:03.9312540Z  create mode 100644 .logs/logs-54268099307-2025-11-02.txt
2025-11-02T01:51:03.9312826Z  create mode 100644 .logs/logs-54268630466-2025-11-02.txt
2025-11-02T01:51:03.9313123Z  create mode 100644 .logs/logs-54278674529-2025-11-02.txt
2025-11-02T01:51:03.9313412Z  create mode 100644 .logs/logs-54278777042-2025-11-02.txt
2025-11-02T01:51:04.9141371Z To https://github.com/Boss-1s/scratchattach
2025-11-02T01:51:04.9142557Z    7995265..250546c  main -> main
2025-11-02T01:51:04.9302084Z Post job cleanup.
2025-11-02T01:51:05.0051537Z [command]/usr/bin/git version
2025-11-02T01:51:05.0086091Z git version 2.51.2
2025-11-02T01:51:05.0149203Z Copying '/home/runner/.gitconfig' to '/home/runner/work/_temp/dbe3eb7a-8e5b-4ff6-a382-ea0dca1bf79a/.gitconfig'
2025-11-02T01:51:05.0158506Z Temporarily overriding HOME='/home/runner/work/_temp/dbe3eb7a-8e5b-4ff6-a382-ea0dca1bf79a' before making global git config changes
2025-11-02T01:51:05.0160095Z Adding repository directory to the temporary git global config as a safe directory
2025-11-02T01:51:05.0164551Z [command]/usr/bin/git config --global --add safe.directory /home/runner/work/scratchattach/scratchattach
2025-11-02T01:51:05.0199471Z [command]/usr/bin/git config --local --name-only --get-regexp core\.sshCommand
2025-11-02T01:51:05.0230893Z [command]/usr/bin/git submodule foreach --recursive sh -c "git config --local --name-only --get-regexp 'core\.sshCommand' && git config --local --unset-all 'core.sshCommand' || :"
2025-11-02T01:51:05.0450017Z [command]/usr/bin/git config --local --name-only --get-regexp http\.https\:\/\/github\.com\/\.extraheader
2025-11-02T01:51:05.0470655Z http.https://github.com/.extraheader
2025-11-02T01:51:05.0480752Z [command]/usr/bin/git config --local --unset-all http.https://github.com/.extraheader
2025-11-02T01:51:05.0510442Z [command]/usr/bin/git submodule foreach --recursive sh -c "git config --local --name-only --get-regexp 'http\.https\:\/\/github\.com\/\.extraheader' && git config --local --unset-all 'http.https://github.com/.extraheader' || :"
2025-11-02T01:51:05.0829103Z Cleaning up orphan processes
