2026-01-01T17:43:06.9935040Z Current runner version: '2.330.0'
2026-01-01T17:43:06.9960932Z ##[group]Runner Image Provisioner
2026-01-01T17:43:06.9961698Z Hosted Compute Agent
2026-01-01T17:43:06.9962210Z Version: 20251211.462
2026-01-01T17:43:06.9962737Z Commit: 6cbad8c2bb55d58165063d031ccabf57e2d2db61
2026-01-01T17:43:06.9963385Z Build Date: 2025-12-11T16:28:49Z
2026-01-01T17:43:06.9963982Z Worker ID: {59986afb-9632-45f4-a70f-975d3f5b6d39}
2026-01-01T17:43:06.9964569Z ##[endgroup]
2026-01-01T17:43:06.9965046Z ##[group]Operating System
2026-01-01T17:43:06.9965556Z Microsoft Windows Server 2025
2026-01-01T17:43:06.9966067Z 10.0.26100
2026-01-01T17:43:06.9966453Z Datacenter
2026-01-01T17:43:06.9966873Z ##[endgroup]
2026-01-01T17:43:06.9967335Z ##[group]Runner Image
2026-01-01T17:43:06.9967813Z Image: windows-2025
2026-01-01T17:43:06.9968278Z Version: 20251216.149.1
2026-01-01T17:43:06.9969547Z Included Software: https://github.com/actions/runner-images/blob/win25/20251216.149/images/windows/Windows2025-Readme.md
2026-01-01T17:43:06.9970927Z Image Release: https://github.com/actions/runner-images/releases/tag/win25%2F20251216.149
2026-01-01T17:43:06.9971776Z ##[endgroup]
2026-01-01T17:43:06.9972681Z ##[group]GITHUB_TOKEN Permissions
2026-01-01T17:43:06.9974885Z Contents: read
2026-01-01T17:43:06.9975359Z Metadata: read
2026-01-01T17:43:06.9975852Z ##[endgroup]
2026-01-01T17:43:06.9977828Z Secret source: Actions
2026-01-01T17:43:06.9978508Z Prepare workflow directory
2026-01-01T17:43:07.0309434Z Prepare all required actions
2026-01-01T17:43:07.0358491Z Getting action download info
2026-01-01T17:43:07.4584332Z Download action repository 'actions/checkout@v6.0.1' (SHA:8e8c483db84b4bee98b60c0593521ed34d9990e8)
2026-01-01T17:43:07.5783142Z Download action repository 'actions/setup-python@v6.1.0' (SHA:83679a892e2d95755f2dac6acb0bfd1e9ac5d548)
2026-01-01T17:43:07.8453671Z Complete job name: build (3.14, windows-latest)
2026-01-01T17:43:07.9669874Z ##[group]Run actions/checkout@v6.0.1
2026-01-01T17:43:07.9670919Z with:
2026-01-01T17:43:07.9671367Z   repository: Boss-1s/scratchattach
2026-01-01T17:43:07.9672050Z   token: ***
2026-01-01T17:43:07.9672446Z   ssh-strict: true
2026-01-01T17:43:07.9672837Z   ssh-user: git
2026-01-01T17:43:07.9673240Z   persist-credentials: true
2026-01-01T17:43:07.9673696Z   clean: true
2026-01-01T17:43:07.9674098Z   sparse-checkout-cone-mode: true
2026-01-01T17:43:07.9674595Z   fetch-depth: 1
2026-01-01T17:43:07.9674987Z   fetch-tags: false
2026-01-01T17:43:07.9675396Z   show-progress: true
2026-01-01T17:43:07.9675798Z   lfs: false
2026-01-01T17:43:07.9676164Z   submodules: false
2026-01-01T17:43:07.9676564Z   set-safe-directory: true
2026-01-01T17:43:07.9677217Z ##[endgroup]
2026-01-01T17:43:08.1115664Z Syncing repository: Boss-1s/scratchattach
2026-01-01T17:43:08.1118509Z ##[group]Getting Git version info
2026-01-01T17:43:08.1119687Z Working directory is 'D:\a\scratchattach\scratchattach'
2026-01-01T17:43:08.1899767Z [command]"C:\Program Files\Git\bin\git.exe" version
2026-01-01T17:43:08.3330977Z git version 2.52.0.windows.1
2026-01-01T17:43:08.3381841Z ##[endgroup]
2026-01-01T17:43:08.3401507Z Temporarily overriding HOME='D:\a\_temp\1b324bb5-2589-4921-9da9-8615da3748a5' before making global git config changes
2026-01-01T17:43:08.3402829Z Adding repository directory to the temporary git global config as a safe directory
2026-01-01T17:43:08.3411912Z [command]"C:\Program Files\Git\bin\git.exe" config --global --add safe.directory D:\a\scratchattach\scratchattach
2026-01-01T17:43:08.3732881Z Deleting the contents of 'D:\a\scratchattach\scratchattach'
2026-01-01T17:43:08.3739023Z ##[group]Initializing the repository
2026-01-01T17:43:08.3747613Z [command]"C:\Program Files\Git\bin\git.exe" init D:\a\scratchattach\scratchattach
2026-01-01T17:43:08.4202130Z Initialized empty Git repository in D:/a/scratchattach/scratchattach/.git/
2026-01-01T17:43:08.4244444Z [command]"C:\Program Files\Git\bin\git.exe" remote add origin https://github.com/Boss-1s/scratchattach
2026-01-01T17:43:08.4561799Z ##[endgroup]
2026-01-01T17:43:08.4563068Z ##[group]Disabling automatic garbage collection
2026-01-01T17:43:08.4573460Z [command]"C:\Program Files\Git\bin\git.exe" config --local gc.auto 0
2026-01-01T17:43:08.4921969Z ##[endgroup]
2026-01-01T17:43:08.4922887Z ##[group]Setting up auth
2026-01-01T17:43:08.4924219Z Removing SSH command configuration
2026-01-01T17:43:08.4939552Z [command]"C:\Program Files\Git\bin\git.exe" config --local --name-only --get-regexp core\.sshCommand
2026-01-01T17:43:08.5254709Z [command]"C:\Program Files\Git\bin\git.exe" submodule foreach --recursive "sh -c \"git config --local --name-only --get-regexp 'core\.sshCommand' && git config --local --unset-all 'core.sshCommand' || :\""
2026-01-01T17:43:09.4022650Z Removing HTTP extra header
2026-01-01T17:43:09.4034066Z [command]"C:\Program Files\Git\bin\git.exe" config --local --name-only --get-regexp http\.https\:\/\/github\.com\/\.extraheader
2026-01-01T17:43:09.4368097Z [command]"C:\Program Files\Git\bin\git.exe" submodule foreach --recursive "sh -c \"git config --local --name-only --get-regexp 'http\.https\:\/\/github\.com\/\.extraheader' && git config --local --unset-all 'http.https://github.com/.extraheader' || :\""
2026-01-01T17:43:10.0513185Z Removing includeIf entries pointing to credentials config files
2026-01-01T17:43:10.0523137Z [command]"C:\Program Files\Git\bin\git.exe" config --local --name-only --get-regexp ^includeIf\.gitdir:
2026-01-01T17:43:10.0858257Z [command]"C:\Program Files\Git\bin\git.exe" submodule foreach --recursive "git config --local --show-origin --name-only --get-regexp remote.origin.url"
2026-01-01T17:43:10.6460714Z [command]"C:\Program Files\Git\bin\git.exe" config --file D:\a\_temp\git-credentials-827d2f46-ad9c-41f6-babd-5815d1ae8afa.config http.https://github.com/.extraheader "AUTHORIZATION: basic ***"
2026-01-01T17:43:10.6784609Z [command]"C:\Program Files\Git\bin\git.exe" config --local includeIf.gitdir:D:/a/scratchattach/scratchattach/.git.path D:\a\_temp\git-credentials-827d2f46-ad9c-41f6-babd-5815d1ae8afa.config
2026-01-01T17:43:10.7091682Z [command]"C:\Program Files\Git\bin\git.exe" config --local includeIf.gitdir:D:/a/scratchattach/scratchattach/.git/worktrees/*.path D:\a\_temp\git-credentials-827d2f46-ad9c-41f6-babd-5815d1ae8afa.config
2026-01-01T17:43:10.7411526Z [command]"C:\Program Files\Git\bin\git.exe" config --local includeIf.gitdir:/github/workspace/.git.path /github/runner_temp/git-credentials-827d2f46-ad9c-41f6-babd-5815d1ae8afa.config
2026-01-01T17:43:10.7746491Z [command]"C:\Program Files\Git\bin\git.exe" config --local includeIf.gitdir:/github/workspace/.git/worktrees/*.path /github/runner_temp/git-credentials-827d2f46-ad9c-41f6-babd-5815d1ae8afa.config
2026-01-01T17:43:10.8080723Z ##[endgroup]
2026-01-01T17:43:10.8081182Z ##[group]Fetching the repository
2026-01-01T17:43:10.8099329Z [command]"C:\Program Files\Git\bin\git.exe" -c protocol.version=2 fetch --no-tags --prune --no-recurse-submodules --depth=1 origin +3c1b73fed17a18bfa32a24a0c7149e023f69a007:refs/remotes/origin/key_multivalue_storage_refactor
2026-01-01T17:43:14.3568954Z From https://github.com/Boss-1s/scratchattach
2026-01-01T17:43:14.3569582Z  * [new ref]         3c1b73fed17a18bfa32a24a0c7149e023f69a007 -> origin/key_multivalue_storage_refactor
2026-01-01T17:43:14.3775121Z ##[endgroup]
2026-01-01T17:43:14.3775837Z ##[group]Determining the checkout info
2026-01-01T17:43:14.3777971Z ##[endgroup]
2026-01-01T17:43:14.3787308Z [command]"C:\Program Files\Git\bin\git.exe" sparse-checkout disable
2026-01-01T17:43:14.4145157Z [command]"C:\Program Files\Git\bin\git.exe" config --local --unset-all extensions.worktreeConfig
2026-01-01T17:43:14.4449061Z ##[group]Checking out the ref
2026-01-01T17:43:14.4458536Z [command]"C:\Program Files\Git\bin\git.exe" checkout --progress --force -B key_multivalue_storage_refactor refs/remotes/origin/key_multivalue_storage_refactor
2026-01-01T17:43:15.5351604Z Updating files:  70% (1902/2681)
2026-01-01T17:43:15.5443688Z Updating files:  71% (1904/2681)
2026-01-01T17:43:15.5541675Z Updating files:  72% (1931/2681)
2026-01-01T17:43:15.5645143Z Updating files:  73% (1958/2681)
2026-01-01T17:43:15.5758625Z Updating files:  74% (1984/2681)
2026-01-01T17:43:15.5843424Z Updating files:  75% (2011/2681)
2026-01-01T17:43:15.5953979Z Updating files:  76% (2038/2681)
2026-01-01T17:43:15.6049635Z Updating files:  77% (2065/2681)
2026-01-01T17:43:15.6148712Z Updating files:  78% (2092/2681)
2026-01-01T17:43:15.6242640Z Updating files:  79% (2118/2681)
2026-01-01T17:43:15.6360448Z Updating files:  80% (2145/2681)
2026-01-01T17:43:15.6459519Z Updating files:  81% (2172/2681)
2026-01-01T17:43:15.6715203Z Updating files:  82% (2199/2681)
2026-01-01T17:43:15.6853249Z Updating files:  83% (2226/2681)
2026-01-01T17:43:15.7008229Z Updating files:  84% (2253/2681)
2026-01-01T17:43:15.7100257Z Updating files:  85% (2279/2681)
2026-01-01T17:43:15.7179610Z Updating files:  86% (2306/2681)
2026-01-01T17:43:15.7265945Z Updating files:  87% (2333/2681)
2026-01-01T17:43:15.7342683Z Updating files:  88% (2360/2681)
2026-01-01T17:43:15.7486777Z Updating files:  89% (2387/2681)
2026-01-01T17:43:15.7617929Z Updating files:  90% (2413/2681)
2026-01-01T17:43:15.7765911Z Updating files:  91% (2440/2681)
2026-01-01T17:43:15.7890794Z Updating files:  92% (2467/2681)
2026-01-01T17:43:15.7993174Z Updating files:  93% (2494/2681)
2026-01-01T17:43:15.8174327Z Updating files:  94% (2521/2681)
2026-01-01T17:43:15.8325477Z Updating files:  95% (2547/2681)
2026-01-01T17:43:15.8541818Z Updating files:  96% (2574/2681)
2026-01-01T17:43:16.4873681Z Updating files:  97% (2601/2681)
2026-01-01T17:43:16.5522215Z Updating files:  97% (2624/2681)
2026-01-01T17:43:16.7676001Z Updating files:  98% (2628/2681)
2026-01-01T17:43:16.9257049Z Updating files:  99% (2655/2681)
2026-01-01T17:43:16.9257487Z Updating files: 100% (2681/2681)
2026-01-01T17:43:16.9258991Z Updating files: 100% (2681/2681), done.
2026-01-01T17:43:16.9439018Z branch 'key_multivalue_storage_refactor' set up to track 'origin/key_multivalue_storage_refactor'.
2026-01-01T17:43:16.9475504Z Switched to a new branch 'key_multivalue_storage_refactor'
2026-01-01T17:43:16.9658432Z ##[endgroup]
2026-01-01T17:43:17.0000435Z [command]"C:\Program Files\Git\bin\git.exe" log -1 --format=%H
2026-01-01T17:43:17.0265345Z 3c1b73fed17a18bfa32a24a0c7149e023f69a007
2026-01-01T17:43:17.0694695Z ##[group]Run actions/setup-python@v6.1.0
2026-01-01T17:43:17.0695013Z with:
2026-01-01T17:43:17.0695184Z   python-version: 3.14
2026-01-01T17:43:17.0695389Z   check-latest: false
2026-01-01T17:43:17.0695698Z   token: ***
2026-01-01T17:43:17.0695879Z   update-environment: true
2026-01-01T17:43:17.0696102Z   allow-prereleases: false
2026-01-01T17:43:17.0696322Z   freethreaded: false
2026-01-01T17:43:17.0696500Z ##[endgroup]
2026-01-01T17:43:17.2307466Z ##[group]Installed versions
2026-01-01T17:43:17.2399355Z (node:10076) [DEP0040] DeprecationWarning: The `punycode` module is deprecated. Please use a userland alternative instead.
2026-01-01T17:43:17.2400054Z (Use `node --trace-deprecation ...` to show where the warning was created)
2026-01-01T17:43:17.2401364Z Successfully set up CPython (3.14.2)
2026-01-01T17:43:17.2416401Z ##[endgroup]
2026-01-01T17:43:17.2685967Z ##[group]Run cd test
2026-01-01T17:43:17.2686249Z [36;1mcd test[0m
2026-01-01T17:43:17.2686441Z [36;1mpython3 o_test1.py[0m
2026-01-01T17:43:17.2827454Z shell: C:\Program Files\PowerShell\7\pwsh.EXE -command ". '{0}'"
2026-01-01T17:43:17.2827776Z env:
2026-01-01T17:43:17.2828022Z   pythonLocation: C:\hostedtoolcache\windows\Python\3.14.2\x64
2026-01-01T17:43:17.2828449Z   PKG_CONFIG_PATH: C:\hostedtoolcache\windows\Python\3.14.2\x64/lib/pkgconfig
2026-01-01T17:43:17.2828852Z   Python_ROOT_DIR: C:\hostedtoolcache\windows\Python\3.14.2\x64
2026-01-01T17:43:17.2829206Z   Python2_ROOT_DIR: C:\hostedtoolcache\windows\Python\3.14.2\x64
2026-01-01T17:43:17.2829589Z   Python3_ROOT_DIR: C:\hostedtoolcache\windows\Python\3.14.2\x64
2026-01-01T17:43:17.2829937Z ##[endgroup]
2026-01-01T17:43:22.0512433Z Deleted all data from otest.json sucessfully.
2026-01-01T17:43:22.0600606Z Data for key 'test_top_level_key' stored successfully in 'otest.json'.
2026-01-01T17:43:22.0673757Z Data for key 'test_top_level_key2' stored successfully in 'otest.json'.
2026-01-01T17:43:22.0750904Z Data for key 'test_top_level_key2' stored successfully in 'otest.json'.
2026-01-01T17:43:22.0820768Z Data for key 'test_top_level_key' stored successfully in 'otest.json'.
2026-01-01T17:43:22.0882471Z Sucessfully changed value skibidi toilet to sigma under key test_top_level_key.sk2.
2026-01-01T17:43:22.0948382Z Successfully deleted key 'test_top_level_key2' from 'otest.json'.
2026-01-01T17:43:22.1012138Z Deleted all data from otest.json sucessfully.
2026-01-01T17:43:22.1029394Z Deleted all data from otest.json sucessfully.
2026-01-01T17:43:22.1029833Z Sucessfully deleted all data from otest.json.
2026-01-01T17:43:22.1030229Z Begin test
2026-01-01T17:43:22.1030418Z --------------------
2026-01-01T17:43:22.1030684Z Part 1: Storing, Editing, and Deleting via JSON
2026-01-01T17:43:22.1030953Z --------------------
2026-01-01T17:43:22.1031238Z Data for key 'test_top_level_key' stored successfully in 'otest.json'.
2026-01-01T17:43:22.1031702Z Sucessfully added values ['val1', 'skibidi toilet'] to subkeys ['sk1', 'sk2'], respectively.
2026-01-01T17:43:22.1032160Z Data for key 'test_top_level_key2' stored successfully in 'otest.json'.
2026-01-01T17:43:22.1032607Z Sucessfully added values ['val1', 'the fate of sigma'] to subkeys ['sk1', 'sk2'], respectively.
2026-01-01T17:43:22.1033074Z Data for key 'test_top_level_key2' stored successfully in 'otest.json'.
2026-01-01T17:43:22.1033518Z Sucessfully added values ['val3', 'the fate of shard'] to subkeys ['sk3', 'sk4'], respectively.
2026-01-01T17:43:22.1033953Z Data for key 'test_top_level_key' stored successfully in 'otest.json'.
2026-01-01T17:43:22.1034395Z Sucessfully changed value skibidi toilet to sigma under key test_top_level_key.sk2.
2026-01-01T17:43:22.1034768Z Sucessfully set subkey sk2 to value sigma.
2026-01-01T17:43:22.1035090Z Successfully deleted key 'test_top_level_key2' from 'otest.json'.
2026-01-01T17:43:22.1035484Z Sucessfully deleted key test_top_level_key2 and all its child data.
2026-01-01T17:43:22.1035816Z Deleted all data from otest.json sucessfully.
2026-01-01T17:43:22.1036083Z Sucessfully deleted all data from otest.json.
2026-01-01T17:43:22.1036321Z Part 1 passed.
2026-01-01T17:43:22.1036492Z --------------------
2026-01-01T17:43:22.1036723Z Part 2: Storing, Editing, and Deleting via dunder methods
2026-01-01T17:43:22.1036989Z --------------------
2026-01-01T17:43:22.1158975Z Traceback (most recent call last):
2026-01-01T17:43:22.1167068Z   File "D:\a\scratchattach\scratchattach\test\o_test1.py", line 66, in <module>
2026-01-01T17:43:22.1167539Z     s1 = Storage("test1", sk1="val1", sk2="val2")
2026-01-01T17:43:22.1167843Z          ^^^^^^^
2026-01-01T17:43:22.1168051Z NameError: name 'Storage' is not defined
2026-01-01T17:43:22.3732183Z ##[error]Process completed with exit code 1.
2026-01-01T17:43:22.3996993Z Post job cleanup.
2026-01-01T17:43:22.5877956Z [command]"C:\Program Files\Git\bin\git.exe" version
2026-01-01T17:43:22.6141902Z git version 2.52.0.windows.1
2026-01-01T17:43:22.6214974Z Temporarily overriding HOME='D:\a\_temp\1412807d-f064-486b-a416-ecbaa79f8070' before making global git config changes
2026-01-01T17:43:22.6216014Z Adding repository directory to the temporary git global config as a safe directory
2026-01-01T17:43:22.6225815Z [command]"C:\Program Files\Git\bin\git.exe" config --global --add safe.directory D:\a\scratchattach\scratchattach
2026-01-01T17:43:22.6520723Z Removing SSH command configuration
2026-01-01T17:43:22.6531738Z [command]"C:\Program Files\Git\bin\git.exe" config --local --name-only --get-regexp core\.sshCommand
2026-01-01T17:43:22.6836165Z [command]"C:\Program Files\Git\bin\git.exe" submodule foreach --recursive "sh -c \"git config --local --name-only --get-regexp 'core\.sshCommand' && git config --local --unset-all 'core.sshCommand' || :\""
2026-01-01T17:43:23.2682875Z Removing HTTP extra header
2026-01-01T17:43:23.2693838Z [command]"C:\Program Files\Git\bin\git.exe" config --local --name-only --get-regexp http\.https\:\/\/github\.com\/\.extraheader
2026-01-01T17:43:23.3030982Z [command]"C:\Program Files\Git\bin\git.exe" submodule foreach --recursive "sh -c \"git config --local --name-only --get-regexp 'http\.https\:\/\/github\.com\/\.extraheader' && git config --local --unset-all 'http.https://github.com/.extraheader' || :\""
2026-01-01T17:43:23.8523469Z Removing includeIf entries pointing to credentials config files
2026-01-01T17:43:23.8535721Z [command]"C:\Program Files\Git\bin\git.exe" config --local --name-only --get-regexp ^includeIf\.gitdir:
2026-01-01T17:43:23.8803101Z includeif.gitdir:D:/a/scratchattach/scratchattach/.git.path
2026-01-01T17:43:23.8803862Z includeif.gitdir:D:/a/scratchattach/scratchattach/.git/worktrees/*.path
2026-01-01T17:43:23.8804496Z includeif.gitdir:/github/workspace/.git.path
2026-01-01T17:43:23.8805069Z includeif.gitdir:/github/workspace/.git/worktrees/*.path
2026-01-01T17:43:23.8846643Z [command]"C:\Program Files\Git\bin\git.exe" config --local --get-all includeif.gitdir:D:/a/scratchattach/scratchattach/.git.path
2026-01-01T17:43:23.9106898Z D:\a\_temp\git-credentials-827d2f46-ad9c-41f6-babd-5815d1ae8afa.config
2026-01-01T17:43:23.9151894Z [command]"C:\Program Files\Git\bin\git.exe" config --local --unset includeif.gitdir:D:/a/scratchattach/scratchattach/.git.path D:\a\_temp\git-credentials-827d2f46-ad9c-41f6-babd-5815d1ae8afa.config
2026-01-01T17:43:23.9453224Z [command]"C:\Program Files\Git\bin\git.exe" config --local --get-all includeif.gitdir:D:/a/scratchattach/scratchattach/.git/worktrees/*.path
2026-01-01T17:43:23.9721344Z D:\a\_temp\git-credentials-827d2f46-ad9c-41f6-babd-5815d1ae8afa.config
2026-01-01T17:43:23.9763533Z [command]"C:\Program Files\Git\bin\git.exe" config --local --unset includeif.gitdir:D:/a/scratchattach/scratchattach/.git/worktrees/*.path D:\a\_temp\git-credentials-827d2f46-ad9c-41f6-babd-5815d1ae8afa.config
2026-01-01T17:43:24.0059915Z [command]"C:\Program Files\Git\bin\git.exe" config --local --get-all includeif.gitdir:/github/workspace/.git.path
2026-01-01T17:43:24.0319271Z /github/runner_temp/git-credentials-827d2f46-ad9c-41f6-babd-5815d1ae8afa.config
2026-01-01T17:43:24.0362138Z [command]"C:\Program Files\Git\bin\git.exe" config --local --unset includeif.gitdir:/github/workspace/.git.path /github/runner_temp/git-credentials-827d2f46-ad9c-41f6-babd-5815d1ae8afa.config
2026-01-01T17:43:24.0673588Z [command]"C:\Program Files\Git\bin\git.exe" config --local --get-all includeif.gitdir:/github/workspace/.git/worktrees/*.path
2026-01-01T17:43:24.0938623Z /github/runner_temp/git-credentials-827d2f46-ad9c-41f6-babd-5815d1ae8afa.config
2026-01-01T17:43:24.0980120Z [command]"C:\Program Files\Git\bin\git.exe" config --local --unset includeif.gitdir:/github/workspace/.git/worktrees/*.path /github/runner_temp/git-credentials-827d2f46-ad9c-41f6-babd-5815d1ae8afa.config
2026-01-01T17:43:24.1280324Z [command]"C:\Program Files\Git\bin\git.exe" submodule foreach --recursive "git config --local --show-origin --name-only --get-regexp remote.origin.url"
2026-01-01T17:43:24.6759714Z Removing credentials config 'D:\a\_temp\git-credentials-827d2f46-ad9c-41f6-babd-5815d1ae8afa.config'
2026-01-01T17:43:24.6950283Z Cleaning up orphan processes
