2025-10-08T00:16:59.8973284Z Current runner version: '2.328.0'
2025-10-08T00:16:59.9005665Z ##[group]Runner Image Provisioner
2025-10-08T00:16:59.9006948Z Hosted Compute Agent
2025-10-08T00:16:59.9007887Z Version: 20250912.392
2025-10-08T00:16:59.9009383Z Commit: d921fda672a98b64f4f82364647e2f10b2267d0b
2025-10-08T00:16:59.9010634Z Build Date: 2025-09-12T15:23:14Z
2025-10-08T00:16:59.9011672Z ##[endgroup]
2025-10-08T00:16:59.9012587Z ##[group]Operating System
2025-10-08T00:16:59.9013549Z Ubuntu
2025-10-08T00:16:59.9014287Z 24.04.3
2025-10-08T00:16:59.9015177Z LTS
2025-10-08T00:16:59.9016011Z ##[endgroup]
2025-10-08T00:16:59.9016885Z ##[group]Runner Image
2025-10-08T00:16:59.9017945Z Image: ubuntu-24.04
2025-10-08T00:16:59.9018832Z Version: 20250929.60.1
2025-10-08T00:16:59.9020899Z Included Software: https://github.com/actions/runner-images/blob/ubuntu24/20250929.60/images/ubuntu/Ubuntu2404-Readme.md
2025-10-08T00:16:59.9023792Z Image Release: https://github.com/actions/runner-images/releases/tag/ubuntu24%2F20250929.60
2025-10-08T00:16:59.9025705Z ##[endgroup]
2025-10-08T00:16:59.9027399Z ##[group]GITHUB_TOKEN Permissions
2025-10-08T00:16:59.9030452Z Contents: write
2025-10-08T00:16:59.9031408Z Metadata: read
2025-10-08T00:16:59.9032149Z ##[endgroup]
2025-10-08T00:16:59.9035107Z Secret source: Actions
2025-10-08T00:16:59.9036271Z Prepare workflow directory
2025-10-08T00:16:59.9808010Z Prepare all required actions
2025-10-08T00:16:59.9868398Z Getting action download info
2025-10-08T00:17:00.2513246Z Download action repository 'actions/checkout@ff7abcd0c3c05ccf6adc123a8cd1fd4fb30fb493' (SHA:ff7abcd0c3c05ccf6adc123a8cd1fd4fb30fb493)
2025-10-08T00:17:00.3473179Z Download action repository 'actions/setup-python@v5' (SHA:a26af69be951a213d495a4c3e4e4022e16d87065)
2025-10-08T00:17:00.4317908Z Download action repository 'actions/cache@0400d5f644dc74513175e3cd8d07132dd4860809' (SHA:0400d5f644dc74513175e3cd8d07132dd4860809)
2025-10-08T00:17:00.5834341Z Download action repository 'actions/component-detection-dependency-submission-action@374343effede691df3a5ffaf36b4e7acab919590' (SHA:374343effede691df3a5ffaf36b4e7acab919590)
2025-10-08T00:17:00.9630093Z Complete job name: submit-pypi
2025-10-08T00:17:01.0226259Z ##[group]Run actions/checkout@ff7abcd0c3c05ccf6adc123a8cd1fd4fb30fb493
2025-10-08T00:17:01.0227242Z with:
2025-10-08T00:17:01.0227618Z   ref: refs/heads/scratch_chat_dev
2025-10-08T00:17:01.0228110Z   repository: Boss-1s/scratchattach
2025-10-08T00:17:01.0228738Z   token: ***
2025-10-08T00:17:01.0229264Z   ssh-strict: true
2025-10-08T00:17:01.0229654Z   ssh-user: git
2025-10-08T00:17:01.0230033Z   persist-credentials: true
2025-10-08T00:17:01.0230508Z   clean: true
2025-10-08T00:17:01.0230890Z   sparse-checkout-cone-mode: true
2025-10-08T00:17:01.0231347Z   fetch-depth: 1
2025-10-08T00:17:01.0231710Z   fetch-tags: false
2025-10-08T00:17:01.0232092Z   show-progress: true
2025-10-08T00:17:01.0232472Z   lfs: false
2025-10-08T00:17:01.0232822Z   submodules: false
2025-10-08T00:17:01.0233209Z   set-safe-directory: true
2025-10-08T00:17:01.0233846Z env:
2025-10-08T00:17:01.0234209Z   SKIP_CACHE: 
2025-10-08T00:17:01.0234562Z ##[endgroup]
2025-10-08T00:17:01.1170091Z Syncing repository: Boss-1s/scratchattach
2025-10-08T00:17:01.1172040Z ##[group]Getting Git version info
2025-10-08T00:17:01.1172872Z Working directory is '/home/runner/work/scratchattach/scratchattach'
2025-10-08T00:17:01.1173985Z [command]/usr/bin/git version
2025-10-08T00:17:01.1183536Z git version 2.51.0
2025-10-08T00:17:01.1203968Z ##[endgroup]
2025-10-08T00:17:01.1217423Z Temporarily overriding HOME='/home/runner/work/_temp/bf5c826d-2d0b-4fe1-b22c-b545005a42d1' before making global git config changes
2025-10-08T00:17:01.1222052Z Adding repository directory to the temporary git global config as a safe directory
2025-10-08T00:17:01.1223482Z [command]/usr/bin/git config --global --add safe.directory /home/runner/work/scratchattach/scratchattach
2025-10-08T00:17:01.1255936Z Deleting the contents of '/home/runner/work/scratchattach/scratchattach'
2025-10-08T00:17:01.1259465Z ##[group]Initializing the repository
2025-10-08T00:17:01.1264027Z [command]/usr/bin/git init /home/runner/work/scratchattach/scratchattach
2025-10-08T00:17:01.1333078Z hint: Using 'master' as the name for the initial branch. This default branch name
2025-10-08T00:17:01.1334537Z hint: is subject to change. To configure the initial branch name to use in all
2025-10-08T00:17:01.1335892Z hint: of your new repositories, which will suppress this warning, call:
2025-10-08T00:17:01.1336544Z hint:
2025-10-08T00:17:01.1337033Z hint: 	git config --global init.defaultBranch <name>
2025-10-08T00:17:01.1337567Z hint:
2025-10-08T00:17:01.1338086Z hint: Names commonly chosen instead of 'master' are 'main', 'trunk' and
2025-10-08T00:17:01.1339169Z hint: 'development'. The just-created branch can be renamed via this command:
2025-10-08T00:17:01.1339852Z hint:
2025-10-08T00:17:01.1340206Z hint: 	git branch -m <name>
2025-10-08T00:17:01.1340613Z hint:
2025-10-08T00:17:01.1341161Z hint: Disable this message with "git config set advice.defaultBranchName false"
2025-10-08T00:17:01.1350705Z Initialized empty Git repository in /home/runner/work/scratchattach/scratchattach/.git/
2025-10-08T00:17:01.1360600Z [command]/usr/bin/git remote add origin https://github.com/Boss-1s/scratchattach
2025-10-08T00:17:01.1393845Z ##[endgroup]
2025-10-08T00:17:01.1394886Z ##[group]Disabling automatic garbage collection
2025-10-08T00:17:01.1397135Z [command]/usr/bin/git config --local gc.auto 0
2025-10-08T00:17:01.1423947Z ##[endgroup]
2025-10-08T00:17:01.1424565Z ##[group]Setting up auth
2025-10-08T00:17:01.1430427Z [command]/usr/bin/git config --local --name-only --get-regexp core\.sshCommand
2025-10-08T00:17:01.1460021Z [command]/usr/bin/git submodule foreach --recursive sh -c "git config --local --name-only --get-regexp 'core\.sshCommand' && git config --local --unset-all 'core.sshCommand' || :"
2025-10-08T00:17:01.1732432Z [command]/usr/bin/git config --local --name-only --get-regexp http\.https\:\/\/github\.com\/\.extraheader
2025-10-08T00:17:01.1762184Z [command]/usr/bin/git submodule foreach --recursive sh -c "git config --local --name-only --get-regexp 'http\.https\:\/\/github\.com\/\.extraheader' && git config --local --unset-all 'http.https://github.com/.extraheader' || :"
2025-10-08T00:17:01.1977278Z [command]/usr/bin/git config --local http.https://github.com/.extraheader AUTHORIZATION: basic ***
2025-10-08T00:17:01.2010711Z ##[endgroup]
2025-10-08T00:17:01.2011909Z ##[group]Fetching the repository
2025-10-08T00:17:01.2020290Z [command]/usr/bin/git -c protocol.version=2 fetch --no-tags --prune --no-recurse-submodules --depth=1 origin +refs/heads/scratch_chat_dev:refs/remotes/origin/scratch_chat_dev
2025-10-08T00:17:01.7949330Z From https://github.com/Boss-1s/scratchattach
2025-10-08T00:17:01.7951569Z  * [new branch]      scratch_chat_dev -> origin/scratch_chat_dev
2025-10-08T00:17:01.7979807Z ##[endgroup]
2025-10-08T00:17:01.7981651Z ##[group]Determining the checkout info
2025-10-08T00:17:01.7983726Z ##[endgroup]
2025-10-08T00:17:01.7988471Z [command]/usr/bin/git sparse-checkout disable
2025-10-08T00:17:01.8028404Z [command]/usr/bin/git config --local --unset-all extensions.worktreeConfig
2025-10-08T00:17:01.8055377Z ##[group]Checking out the ref
2025-10-08T00:17:01.8059129Z [command]/usr/bin/git checkout --progress --force -B scratch_chat_dev refs/remotes/origin/scratch_chat_dev
2025-10-08T00:17:02.0023721Z Switched to a new branch 'scratch_chat_dev'
2025-10-08T00:17:02.0025984Z branch 'scratch_chat_dev' set up to track 'origin/scratch_chat_dev'.
2025-10-08T00:17:02.0051632Z ##[endgroup]
2025-10-08T00:17:02.0090119Z [command]/usr/bin/git log -1 --format=%H
2025-10-08T00:17:02.0112100Z c8517b3a3569c11c3535dd4704466c666f866336
2025-10-08T00:17:02.0415513Z ##[group]Run actions/setup-python@v5
2025-10-08T00:17:02.0416729Z with:
2025-10-08T00:17:02.0417545Z   check-latest: false
2025-10-08T00:17:02.0418734Z   token: ***
2025-10-08T00:17:02.0419837Z   update-environment: true
2025-10-08T00:17:02.0420886Z   allow-prereleases: false
2025-10-08T00:17:02.0421904Z   freethreaded: false
2025-10-08T00:17:02.0423027Z env:
2025-10-08T00:17:02.0423798Z   SKIP_CACHE: 
2025-10-08T00:17:02.0424645Z ##[endgroup]
2025-10-08T00:17:02.2067780Z [warning]Neither 'python-version' nor 'python-version-file' inputs were supplied. Attempting to find '.python-version' file.
2025-10-08T00:17:02.2071377Z [warning].python-version doesn't exist.
2025-10-08T00:17:02.2098679Z ##[warning]The `python-version` input is not set.  The version of Python currently in `PATH` will be used.
2025-10-08T00:17:02.2222871Z ##[group]Run version=$(python --version)
2025-10-08T00:17:02.2223797Z [36;1mversion=$(python --version)[0m
2025-10-08T00:17:02.2224658Z [36;1mecho "::notice::Using python version: $version"[0m
2025-10-08T00:17:02.2225529Z [36;1mpip_version=$(pip --version)[0m
2025-10-08T00:17:02.2226383Z [36;1mecho "::notice::Using pip version: $pip_version"[0m
2025-10-08T00:17:02.2227240Z [36;1mpip install pip-tools[0m
2025-10-08T00:17:02.2228063Z [36;1mpip_compile_version=$(pip-compile --version)[0m
2025-10-08T00:17:02.2229319Z [36;1mecho "::notice::Using pip-compile version: $pip_compile_version"[0m
2025-10-08T00:17:02.2267538Z shell: /usr/bin/bash --noprofile --norc -e -o pipefail {0}
2025-10-08T00:17:02.2268405Z env:
2025-10-08T00:17:02.2269336Z   SKIP_CACHE: 
2025-10-08T00:17:02.2270008Z ##[endgroup]
2025-10-08T00:17:02.2366014Z ##[notice]Using python version: Python 3.12.3
2025-10-08T00:17:03.3307814Z ##[notice]Using pip version: pip 24.0 from /usr/lib/python3/dist-packages/pip (python 3.12)
2025-10-08T00:17:03.8388297Z Defaulting to user installation because normal site-packages is not writeable
2025-10-08T00:17:04.9827135Z Collecting pip-tools
2025-10-08T00:17:05.0298165Z   Downloading pip_tools-7.5.1-py3-none-any.whl.metadata (26 kB)
2025-10-08T00:17:05.0858372Z Collecting build>=1.0.0 (from pip-tools)
2025-10-08T00:17:05.0933853Z   Downloading build-1.3.0-py3-none-any.whl.metadata (5.6 kB)
2025-10-08T00:17:05.0976597Z Requirement already satisfied: click>=8 in /usr/lib/python3/dist-packages (from pip-tools) (8.1.6)
2025-10-08T00:17:05.0989403Z Requirement already satisfied: pip>=22.2 in /usr/lib/python3/dist-packages (from pip-tools) (24.0)
2025-10-08T00:17:05.1167596Z Collecting pyproject_hooks (from pip-tools)
2025-10-08T00:17:05.1245316Z   Downloading pyproject_hooks-1.2.0-py3-none-any.whl.metadata (1.3 kB)
2025-10-08T00:17:05.1284678Z Requirement already satisfied: setuptools in /usr/lib/python3/dist-packages (from pip-tools) (68.1.2)
2025-10-08T00:17:05.1291080Z Requirement already satisfied: wheel in /usr/lib/python3/dist-packages (from pip-tools) (0.42.0)
2025-10-08T00:17:05.1376950Z Requirement already satisfied: packaging>=19.1 in /usr/lib/python3/dist-packages (from build>=1.0.0->pip-tools) (24.0)
2025-10-08T00:17:05.1562906Z Downloading pip_tools-7.5.1-py3-none-any.whl (65 kB)
2025-10-08T00:17:05.1643407Z    ━━━━━━━━━━━━━━━━━━━━━━━━━━━━━━━━━━━━━━━━ 65.3/65.3 kB 9.9 MB/s eta 0:00:00
2025-10-08T00:17:05.1724291Z Downloading build-1.3.0-py3-none-any.whl (23 kB)
2025-10-08T00:17:05.1821820Z Downloading pyproject_hooks-1.2.0-py3-none-any.whl (10 kB)
2025-10-08T00:17:05.4516917Z Installing collected packages: pyproject_hooks, build, pip-tools
2025-10-08T00:17:05.5166441Z Successfully installed build-1.3.0 pip-tools-7.5.1 pyproject_hooks-1.2.0
2025-10-08T00:17:05.9903682Z ##[notice]Using pip-compile version: pip-compile, version 7.5.1
2025-10-08T00:17:06.0022399Z ##[group]Run if [[ -n "" ]]; then
2025-10-08T00:17:06.0022708Z [36;1mif [[ -n "" ]]; then[0m
2025-10-08T00:17:06.0023063Z [36;1m  echo "Python cache disabled via 'GH_DEPENDENCY_SUBMISSION_SKIP_CACHE'"[0m
2025-10-08T00:17:06.0023416Z [36;1melse[0m
2025-10-08T00:17:06.0023815Z [36;1m  echo "Caching Python packages. Set 'GH_DEPENDENCY_SUBMISSION_SKIP_CACHE=true' to skip caching in future."[0m
2025-10-08T00:17:06.0024259Z [36;1mfi[0m
2025-10-08T00:17:06.0058778Z shell: /usr/bin/bash -e {0}
2025-10-08T00:17:06.0059194Z env:
2025-10-08T00:17:06.0059369Z   SKIP_CACHE: 
2025-10-08T00:17:06.0059566Z ##[endgroup]
2025-10-08T00:17:06.0113081Z Caching Python packages. Set 'GH_DEPENDENCY_SUBMISSION_SKIP_CACHE=true' to skip caching in future.
2025-10-08T00:17:06.1368564Z ##[group]Run actions/cache@0400d5f644dc74513175e3cd8d07132dd4860809
2025-10-08T00:17:06.1370316Z with:
2025-10-08T00:17:06.1370515Z   path: ~/.cache/pip
2025-10-08T00:17:06.1370920Z   key: Linux-pip-python-5a00fefc972129031f421abe69b90f4bbdcde70f32fc624502f11f9b2a1e2c79
2025-10-08T00:17:06.1371376Z   restore-keys: Linux-python-

2025-10-08T00:17:06.1371610Z   enableCrossOsArchive: false
2025-10-08T00:17:06.1371839Z   fail-on-cache-miss: false
2025-10-08T00:17:06.1372046Z   lookup-only: false
2025-10-08T00:17:06.1372238Z   save-always: false
2025-10-08T00:17:06.1372415Z env:
2025-10-08T00:17:06.1372578Z   SKIP_CACHE: 
2025-10-08T00:17:06.1372746Z ##[endgroup]
2025-10-08T00:17:06.4304553Z Cache hit for: Linux-pip-python-5a00fefc972129031f421abe69b90f4bbdcde70f32fc624502f11f9b2a1e2c79
2025-10-08T00:17:06.5054464Z Received 1473765 of 1473765 (100.0%), 31.2 MBs/sec
2025-10-08T00:17:06.5055328Z Cache Size: ~1 MB (1473765 B)
2025-10-08T00:17:06.5088293Z [command]/usr/bin/tar -xf /home/runner/work/_temp/509e0c82-f32d-492e-997b-556e2228acdd/cache.tzst -P -C /home/runner/work/scratchattach/scratchattach --use-compress-program unzstd
2025-10-08T00:17:06.5354306Z Cache restored successfully
2025-10-08T00:17:06.5437151Z Cache restored from key: Linux-pip-python-5a00fefc972129031f421abe69b90f4bbdcde70f32fc624502f11f9b2a1e2c79
2025-10-08T00:17:06.5507492Z ##[group]Run if pip-compile --dry-run -o requirements.out requirements.txt; then
2025-10-08T00:17:06.5508030Z [36;1mif pip-compile --dry-run -o requirements.out requirements.txt; then[0m
2025-10-08T00:17:06.5508460Z [36;1m  echo "::debug::Python validate no broken dependencies"[0m
2025-10-08T00:17:06.5508820Z [36;1m  echo "{valid-project}={true}" >> "$GITHUB_OUTPUT"[0m
2025-10-08T00:17:06.5509451Z [36;1melse[0m
2025-10-08T00:17:06.5509698Z [36;1m  echo "{valid-project}={false}" >> "$GITHUB_OUTPUT"[0m
2025-10-08T00:17:06.5510134Z [36;1m  echo "### :warning: Python validation failed in repository root" >> $GITHUB_STEP_SUMMARY[0m
2025-10-08T00:17:06.5511013Z [36;1m  echo "We were unable to validate a Python project in the repository root. If your repository requires additional setup steps, you may need to check in your own workflow." >> $GITHUB_STEP_SUMMARY[0m
2025-10-08T00:17:06.5511724Z [36;1m  echo "" >> $GITHUB_STEP_SUMMARY[0m
2025-10-08T00:17:06.5512608Z [36;1m  echo "For more information on submitting Python dependencies from your own workflow, refer to [the submission action](https://github.com/actions/component-detection-dependency-submission-action)" >> $GITHUB_STEP_SUMMARY[0m
2025-10-08T00:17:06.5513540Z [36;1m  echo "::warning::Python validation failed in the repository root."[0m
2025-10-08T00:17:06.5513878Z [36;1m  exit 1[0m
2025-10-08T00:17:06.5514055Z [36;1mfi[0m
2025-10-08T00:17:06.5546401Z shell: /usr/bin/bash -e {0}
2025-10-08T00:17:06.5546627Z env:
2025-10-08T00:17:06.5546798Z   SKIP_CACHE: 
2025-10-08T00:17:06.5546980Z ##[endgroup]
2025-10-08T00:17:08.4617879Z WARNING: --strip-extras is becoming the default in version 8.0.0. To silence this warning, either use --strip-extras to opt into the new default or use --no-strip-extras to retain the existing behavior.
2025-10-08T00:17:08.4619723Z #
2025-10-08T00:17:08.4620260Z # This file is autogenerated by pip-compile with Python 3.12
2025-10-08T00:17:08.4620932Z # by the following command:
2025-10-08T00:17:08.4621433Z #
2025-10-08T00:17:08.4621956Z #    pip-compile --output-file=requirements.out requirements.txt
2025-10-08T00:17:08.4622592Z #
2025-10-08T00:17:08.4622933Z beautifulsoup4==4.14.2
2025-10-08T00:17:08.4623342Z     # via bs4
2025-10-08T00:17:08.4623681Z bs4==0.0.2
2025-10-08T00:17:08.4624037Z     # via scratchattach
2025-10-08T00:17:08.4624443Z certifi==2025.10.5
2025-10-08T00:17:08.4624808Z     # via requests
2025-10-08T00:17:08.4625208Z charset-normalizer==3.4.3
2025-10-08T00:17:08.4625637Z     # via requests
2025-10-08T00:17:08.4625993Z idna==3.10
2025-10-08T00:17:08.4626687Z     # via requests
2025-10-08T00:17:08.4627196Z requests==2.32.5
2025-10-08T00:17:08.4627532Z     # via scratchattach
2025-10-08T00:17:08.4627984Z scratchattach==2.1.13
2025-10-08T00:17:08.4628399Z     # via -r requirements.txt
2025-10-08T00:17:08.4628807Z simplewebsocketserver==0.1.2
2025-10-08T00:17:08.4629439Z     # via scratchattach
2025-10-08T00:17:08.4629814Z soupsieve==2.8
2025-10-08T00:17:08.4630173Z     # via beautifulsoup4
2025-10-08T00:17:08.4630556Z typing-extensions==4.15.0
2025-10-08T00:17:08.4630949Z     # via
2025-10-08T00:17:08.4631287Z     #   beautifulsoup4
2025-10-08T00:17:08.4631651Z     #   scratchattach
2025-10-08T00:17:08.4632033Z urllib3==2.5.0
2025-10-08T00:17:08.4632363Z     # via requests
2025-10-08T00:17:08.4632694Z websocket-client==1.9.0
2025-10-08T00:17:08.4633068Z     # via scratchattach
2025-10-08T00:17:08.4633456Z Dry-run, so nothing updated.
2025-10-08T00:17:08.5468393Z ##[group]Run actions/component-detection-dependency-submission-action@374343effede691df3a5ffaf36b4e7acab919590
2025-10-08T00:17:08.5469188Z with:
2025-10-08T00:17:08.5469377Z   detectorsCategories: Python
2025-10-08T00:17:08.5469617Z   detectorsFilter: PipReport
2025-10-08T00:17:08.5469887Z   snapshot-sha: c8517b3a3569c11c3535dd4704466c666f866336
2025-10-08T00:17:08.5470190Z   snapshot-ref: refs/heads/scratch_chat_dev
2025-10-08T00:17:08.5470480Z   detector-name: Automatic Dependency Submission
2025-10-08T00:17:08.5470791Z   detector-version: 20dcddf105be
2025-10-08T00:17:08.5471215Z   detector-url: https://github.com/actions/component-detection-dependency-submission-action
2025-10-08T00:17:08.5471740Z   token: ***
2025-10-08T00:17:08.5471916Z   filePath: .
2025-10-08T00:17:08.5472087Z env:
2025-10-08T00:17:08.5472239Z   SKIP_CACHE: 
2025-10-08T00:17:08.5472417Z ##[endgroup]
2025-10-08T00:17:09.4378229Z Running component-detection
2025-10-08T00:17:09.4423532Z [command]/home/runner/work/scratchattach/scratchattach/component-detection scan --SourceDirectory . --ManifestFile ./output.json --DetectorsFilter PipReport --DetectorCategories Python
2025-10-08T00:17:09.7783686Z [00:17:09 INF] Finding components...
2025-10-08T00:17:10.4165422Z [00:17:10 INF] Starting enumeration of /home/runner/work/scratchattach/scratchattach
2025-10-08T00:17:10.4339112Z [00:17:10 INF] Enumerated 17 files and 0 directories in 00:00:00.0179796
2025-10-08T00:17:10.4625404Z [00:17:10 INF] PipReport: Generating pip installation report for /home/runner/work/scratchattach/scratchattach/requirements.txt
2025-10-08T00:17:12.4413250Z [00:17:12 INF] PipReport: Pip installation report for /home/runner/work/scratchattach/scratchattach/requirements.txt completed in 1.977 seconds with 12 detected packages.
2025-10-08T00:17:12.5695828Z                                [38;5;7mDetection Summary[0m                                
2025-10-08T00:17:12.5696702Z ┌───────────────────┬───────────────────┬───────────────────┬──────────────────┐
2025-10-08T00:17:12.5697457Z │ [1mComponent [0m        │ [1mDetection Time[0m    │ [1m# Components [0m     │ [1m# Explicitly [0m    │
2025-10-08T00:17:12.5698274Z │ [1mDetector Id[0m       │                   │ [1mFound[0m             │ [1mReferenced[0m       │
2025-10-08T00:17:12.5699236Z ├───────────────────┼───────────────────┼───────────────────┼──────────────────┤
2025-10-08T00:17:12.5699886Z │ [38;5;14mPipReport[0m         │ 2.7 seconds       │ 12                │ 1                │
2025-10-08T00:17:12.5700533Z │ ───────────────── │ ───────────────── │ ───────────────── │ ──────────────── │
2025-10-08T00:17:12.5701093Z │ [1;4mTotal[0m             │ 2.7 seconds       │ 12                │ 1                │
2025-10-08T00:17:12.5701699Z └───────────────────┴───────────────────┴───────────────────┴──────────────────┘
2025-10-08T00:17:12.5729589Z [00:17:12 INF] 
2025-10-08T00:17:12.5731747Z [00:17:12 INF] 
2025-10-08T00:17:12.5743772Z [00:17:12 INF] Detection time: 2.705709 seconds.
2025-10-08T00:17:12.6059189Z [00:17:12 INF] Scan Manifest file: /home/runner/work/scratchattach/scratchattach/output.json
2025-10-08T00:17:12.6623256Z Getting manifests from results
2025-10-08T00:17:12.6673778Z ##[notice]Submitting snapshot...
2025-10-08T00:17:12.6701470Z ##[notice]{
    "manifests": {
        "requirements.txt": {
            "resolved": {
                "pkg:pypi/requests@2.32.5": {
                    "package_url": "pkg:pypi/requests@2.32.5",
                    "relationship": "indirect",
                    "scope": "runtime",
                    "dependencies": []
                },
                "pkg:pypi/websocket-client@1.9.0": {
                    "package_url": "pkg:pypi/websocket-client@1.9.0",
                    "relationship": "indirect",
                    "scope": "runtime",
                    "dependencies": []
                },
                "pkg:pypi/certifi@2025.10.5": {
                    "package_url": "pkg:pypi/certifi@2025.10.5",
                    "relationship": "indirect",
                    "scope": "runtime",
                    "dependencies": []
                },
                "pkg:pypi/urllib3@2.5.0": {
                    "package_url": "pkg:pypi/urllib3@2.5.0",
                    "relationship": "indirect",
                    "scope": "runtime",
                    "dependencies": []
                },
                "pkg:pypi/typing-extensions@4.15.0": {
                    "package_url": "pkg:pypi/typing-extensions@4.15.0",
                    "relationship": "indirect",
                    "scope": "runtime",
                    "dependencies": []
                },
                "pkg:pypi/bs4@0.0.2": {
                    "package_url": "pkg:pypi/bs4@0.0.2",
                    "relationship": "indirect",
                    "scope": "runtime",
                    "dependencies": []
                },
                "pkg:pypi/beautifulsoup4@4.14.2": {
                    "package_url": "pkg:pypi/beautifulsoup4@4.14.2",
                    "relationship": "indirect",
                    "scope": "runtime",
                    "dependencies": []
                },
                "pkg:pypi/soupsieve@2.8": {
                    "package_url": "pkg:pypi/soupsieve@2.8",
                    "relationship": "indirect",
                    "scope": "runtime",
                    "dependencies": []
                },
                "pkg:pypi/simplewebsocketserver@0.1.2": {
                    "package_url": "pkg:pypi/simplewebsocketserver@0.1.2",
                    "relationship": "indirect",
                    "scope": "runtime",
                    "dependencies": []
                },
                "pkg:pypi/scratchattach@2.1.13": {
                    "package_url": "pkg:pypi/scratchattach@2.1.13",
                    "relationship": "direct",
                    "scope": "runtime",
                    "dependencies": [
                        "pkg:pypi/requests@2.32.5",
                        "pkg:pypi/websocket-client@1.9.0",
                        "pkg:pypi/certifi@2025.10.5",
                        "pkg:pypi/urllib3@2.5.0",
                        "pkg:pypi/typing-extensions@4.15.0",
                        "pkg:pypi/bs4@0.0.2",
                        "pkg:pypi/beautifulsoup4@4.14.2",
                        "pkg:pypi/soupsieve@2.8",
                        "pkg:pypi/simplewebsocketserver@0.1.2",
                        "pkg:pypi/idna@3.10",
                        "pkg:pypi/charset-normalizer@3.4.3"
                    ]
                },
                "pkg:pypi/idna@3.10": {
                    "package_url": "pkg:pypi/idna@3.10",
                    "relationship": "indirect",
                    "scope": "runtime",
                    "dependencies": []
                },
                "pkg:pypi/charset-normalizer@3.4.3": {
                    "package_url": "pkg:pypi/charset-normalizer@3.4.3",
                    "relationship": "indirect",
                    "scope": "runtime",
                    "dependencies": []
                }
            },
            "name": "requirements.txt",
            "file": {
                "source_location": "requirements.txt"
            }
        }
    },
    "version": 0,
    "job": {
        "correlator": "submit-pypi",
        "id": "18329742014"
    },
    "sha
2025-10-08T00:17:12.9671794Z ##[notice]Snapshot successfully created at 2025-10-08T00:17:12.876Z
2025-10-08T00:17:13.1708265Z Post job cleanup.
2025-10-08T00:17:13.2975546Z Cache hit occurred on the primary key Linux-pip-python-5a00fefc972129031f421abe69b90f4bbdcde70f32fc624502f11f9b2a1e2c79, not saving cache.
2025-10-08T00:17:13.3078253Z Post job cleanup.
2025-10-08T00:17:13.4704360Z Post job cleanup.
2025-10-08T00:17:13.5463019Z [command]/usr/bin/git version
2025-10-08T00:17:13.5498330Z git version 2.51.0
2025-10-08T00:17:13.5535655Z Temporarily overriding HOME='/home/runner/work/_temp/d980b4a4-7a0d-4f96-85e0-2734a87abfb3' before making global git config changes
2025-10-08T00:17:13.5536936Z Adding repository directory to the temporary git global config as a safe directory
2025-10-08T00:17:13.5541721Z [command]/usr/bin/git config --global --add safe.directory /home/runner/work/scratchattach/scratchattach
2025-10-08T00:17:13.5577865Z [command]/usr/bin/git config --local --name-only --get-regexp core\.sshCommand
2025-10-08T00:17:13.5609088Z [command]/usr/bin/git submodule foreach --recursive sh -c "git config --local --name-only --get-regexp 'core\.sshCommand' && git config --local --unset-all 'core.sshCommand' || :"
2025-10-08T00:17:13.5831564Z [command]/usr/bin/git config --local --name-only --get-regexp http\.https\:\/\/github\.com\/\.extraheader
2025-10-08T00:17:13.5852933Z http.https://github.com/.extraheader
2025-10-08T00:17:13.5862603Z [command]/usr/bin/git config --local --unset-all http.https://github.com/.extraheader
2025-10-08T00:17:13.5893376Z [command]/usr/bin/git submodule foreach --recursive sh -c "git config --local --name-only --get-regexp 'http\.https\:\/\/github\.com\/\.extraheader' && git config --local --unset-all 'http.https://github.com/.extraheader' || :"
2025-10-08T00:17:13.6219283Z Cleaning up orphan processes
