2025-10-08T00:01:57.7470702Z Current runner version: '2.328.0'
2025-10-08T00:01:57.7492781Z ##[group]Runner Image Provisioner
2025-10-08T00:01:57.7493604Z Hosted Compute Agent
2025-10-08T00:01:57.7494285Z Version: 20250912.392
2025-10-08T00:01:57.7494968Z Commit: d921fda672a98b64f4f82364647e2f10b2267d0b
2025-10-08T00:01:57.7495694Z Build Date: 2025-09-12T15:23:14Z
2025-10-08T00:01:57.7496393Z ##[endgroup]
2025-10-08T00:01:57.7497002Z ##[group]Operating System
2025-10-08T00:01:57.7497616Z Ubuntu
2025-10-08T00:01:57.7498115Z 24.04.3
2025-10-08T00:01:57.7498567Z LTS
2025-10-08T00:01:57.7499031Z ##[endgroup]
2025-10-08T00:01:57.7499558Z ##[group]Runner Image
2025-10-08T00:01:57.7500343Z Image: ubuntu-24.04
2025-10-08T00:01:57.7500876Z Version: 20250929.60.1
2025-10-08T00:01:57.7501943Z Included Software: https://github.com/actions/runner-images/blob/ubuntu24/20250929.60/images/ubuntu/Ubuntu2404-Readme.md
2025-10-08T00:01:57.7503475Z Image Release: https://github.com/actions/runner-images/releases/tag/ubuntu24%2F20250929.60
2025-10-08T00:01:57.7504495Z ##[endgroup]
2025-10-08T00:01:57.7505512Z ##[group]GITHUB_TOKEN Permissions
2025-10-08T00:01:57.7507228Z Contents: write
2025-10-08T00:01:57.7507905Z Metadata: read
2025-10-08T00:01:57.7508415Z ##[endgroup]
2025-10-08T00:01:57.7510891Z Secret source: Actions
2025-10-08T00:01:57.7511923Z Prepare workflow directory
2025-10-08T00:01:57.7837755Z Prepare all required actions
2025-10-08T00:01:57.7876052Z Getting action download info
2025-10-08T00:01:58.2529213Z Download action repository 'actions/checkout@v5.0.0' (SHA:08c6903cd8c0fde910a37f88322edcfb5dd907a8)
2025-10-08T00:01:58.8486915Z Download action repository 'actions/setup-python@v6.0.0' (SHA:e797f83bcb11b83ae66e0230d6156d7c80228e7c)
2025-10-08T00:01:59.0053610Z Download action repository 'bossOfCode/install-scratchattach@v1.0.3' (SHA:be17a7cf1ecb5a7040eb42ef26c2e1fbe72bb25a)
2025-10-08T00:01:59.6025582Z Complete job name: Run Request/Database Handler
2025-10-08T00:01:59.6806259Z ##[group]Run actions/checkout@v5.0.0
2025-10-08T00:01:59.6807597Z with:
2025-10-08T00:01:59.6808358Z   ref: scratch_chat_dev
2025-10-08T00:01:59.6809252Z   repository: Boss-1s/scratchattach
2025-10-08T00:01:59.6810652Z   token: ***
2025-10-08T00:01:59.6811441Z   ssh-strict: true
2025-10-08T00:01:59.6812224Z   ssh-user: git
2025-10-08T00:01:59.6813035Z   persist-credentials: true
2025-10-08T00:01:59.6813937Z   clean: true
2025-10-08T00:01:59.6814742Z   sparse-checkout-cone-mode: true
2025-10-08T00:01:59.6815711Z   fetch-depth: 1
2025-10-08T00:01:59.6816502Z   fetch-tags: false
2025-10-08T00:01:59.6817287Z   show-progress: true
2025-10-08T00:01:59.6818095Z   lfs: false
2025-10-08T00:01:59.6818835Z   submodules: false
2025-10-08T00:01:59.6819634Z   set-safe-directory: true
2025-10-08T00:01:59.6820876Z ##[endgroup]
2025-10-08T00:01:59.7757298Z Syncing repository: Boss-1s/scratchattach
2025-10-08T00:01:59.7760081Z ##[group]Getting Git version info
2025-10-08T00:01:59.7761585Z Working directory is '/home/runner/work/scratchattach/scratchattach'
2025-10-08T00:01:59.7763563Z [command]/usr/bin/git version
2025-10-08T00:01:59.9001651Z git version 2.51.0
2025-10-08T00:01:59.9025634Z ##[endgroup]
2025-10-08T00:01:59.9042741Z Temporarily overriding HOME='/home/runner/work/_temp/349e77dd-e047-4925-82b2-556f8d83a136' before making global git config changes
2025-10-08T00:01:59.9047320Z Adding repository directory to the temporary git global config as a safe directory
2025-10-08T00:01:59.9051547Z [command]/usr/bin/git config --global --add safe.directory /home/runner/work/scratchattach/scratchattach
2025-10-08T00:01:59.9148596Z Deleting the contents of '/home/runner/work/scratchattach/scratchattach'
2025-10-08T00:01:59.9152418Z ##[group]Initializing the repository
2025-10-08T00:01:59.9157752Z [command]/usr/bin/git init /home/runner/work/scratchattach/scratchattach
2025-10-08T00:02:00.0528387Z hint: Using 'master' as the name for the initial branch. This default branch name
2025-10-08T00:02:00.0530676Z hint: is subject to change. To configure the initial branch name to use in all
2025-10-08T00:02:00.0532762Z hint: of your new repositories, which will suppress this warning, call:
2025-10-08T00:02:00.0534081Z hint:
2025-10-08T00:02:00.0535010Z hint: 	git config --global init.defaultBranch <name>
2025-10-08T00:02:00.0536125Z hint:
2025-10-08T00:02:00.0537180Z hint: Names commonly chosen instead of 'master' are 'main', 'trunk' and
2025-10-08T00:02:00.0538944Z hint: 'development'. The just-created branch can be renamed via this command:
2025-10-08T00:02:00.0540490Z hint:
2025-10-08T00:02:00.0541224Z hint: 	git branch -m <name>
2025-10-08T00:02:00.0542092Z hint:
2025-10-08T00:02:00.0543234Z hint: Disable this message with "git config set advice.defaultBranchName false"
2025-10-08T00:02:00.0586908Z Initialized empty Git repository in /home/runner/work/scratchattach/scratchattach/.git/
2025-10-08T00:02:00.0598081Z [command]/usr/bin/git remote add origin https://github.com/Boss-1s/scratchattach
2025-10-08T00:02:00.0764044Z ##[endgroup]
2025-10-08T00:02:00.0765551Z ##[group]Disabling automatic garbage collection
2025-10-08T00:02:00.0768690Z [command]/usr/bin/git config --local gc.auto 0
2025-10-08T00:02:00.0800509Z ##[endgroup]
2025-10-08T00:02:00.0802789Z ##[group]Setting up auth
2025-10-08T00:02:00.0807890Z [command]/usr/bin/git config --local --name-only --get-regexp core\.sshCommand
2025-10-08T00:02:00.0840572Z [command]/usr/bin/git submodule foreach --recursive sh -c "git config --local --name-only --get-regexp 'core\.sshCommand' && git config --local --unset-all 'core.sshCommand' || :"
2025-10-08T00:02:00.3249985Z [command]/usr/bin/git config --local --name-only --get-regexp http\.https\:\/\/github\.com\/\.extraheader
2025-10-08T00:02:00.3283242Z [command]/usr/bin/git submodule foreach --recursive sh -c "git config --local --name-only --get-regexp 'http\.https\:\/\/github\.com\/\.extraheader' && git config --local --unset-all 'http.https://github.com/.extraheader' || :"
2025-10-08T00:02:00.3500107Z [command]/usr/bin/git config --local http.https://github.com/.extraheader AUTHORIZATION: basic ***
2025-10-08T00:02:00.3534280Z ##[endgroup]
2025-10-08T00:02:00.3536544Z ##[group]Fetching the repository
2025-10-08T00:02:00.3545457Z [command]/usr/bin/git -c protocol.version=2 fetch --no-tags --prune --no-recurse-submodules --depth=1 origin +refs/heads/scratch_chat_dev*:refs/remotes/origin/scratch_chat_dev* +refs/tags/scratch_chat_dev*:refs/tags/scratch_chat_dev*
2025-10-08T00:02:01.5069065Z From https://github.com/Boss-1s/scratchattach
2025-10-08T00:02:01.5070822Z  * [new branch]      scratch_chat_dev -> origin/scratch_chat_dev
2025-10-08T00:02:01.5161067Z ##[endgroup]
2025-10-08T00:02:01.5161551Z ##[group]Determining the checkout info
2025-10-08T00:02:01.5168154Z [command]/usr/bin/git branch --list --remote origin/scratch_chat_dev
2025-10-08T00:02:01.5191418Z   origin/scratch_chat_dev
2025-10-08T00:02:01.5195929Z ##[endgroup]
2025-10-08T00:02:01.5200664Z [command]/usr/bin/git sparse-checkout disable
2025-10-08T00:02:01.5307050Z [command]/usr/bin/git config --local --unset-all extensions.worktreeConfig
2025-10-08T00:02:01.5334831Z ##[group]Checking out the ref
2025-10-08T00:02:01.5337260Z [command]/usr/bin/git checkout --progress --force -B scratch_chat_dev refs/remotes/origin/scratch_chat_dev
2025-10-08T00:02:01.7342948Z Switched to a new branch 'scratch_chat_dev'
2025-10-08T00:02:01.7345998Z branch 'scratch_chat_dev' set up to track 'origin/scratch_chat_dev'.
2025-10-08T00:02:01.7374375Z ##[endgroup]
2025-10-08T00:02:01.7422583Z [command]/usr/bin/git log -1 --format=%H
2025-10-08T00:02:01.7448665Z ac2981e4901c8a3c3035b4a46b426e445c9a9334
2025-10-08T00:02:01.7669991Z ##[group]Run actions/setup-python@v6.0.0
2025-10-08T00:02:01.7670320Z with:
2025-10-08T00:02:01.7670530Z   python-version: 3.13
2025-10-08T00:02:01.7670760Z   check-latest: false
2025-10-08T00:02:01.7671087Z   token: ***
2025-10-08T00:02:01.7671296Z   update-environment: true
2025-10-08T00:02:01.7671530Z   allow-prereleases: false
2025-10-08T00:02:01.7671743Z   freethreaded: false
2025-10-08T00:02:01.7671950Z ##[endgroup]
2025-10-08T00:02:01.9017069Z ##[group]Installed versions
2025-10-08T00:02:01.9784489Z (node:2098) [DEP0040] DeprecationWarning: The `punycode` module is deprecated. Please use a userland alternative instead.
2025-10-08T00:02:01.9785302Z (Use `node --trace-deprecation ...` to show where the warning was created)
2025-10-08T00:02:01.9786039Z Successfully set up CPython (3.13.7)
2025-10-08T00:02:01.9786770Z ##[endgroup]
2025-10-08T00:02:01.9921818Z ##[group]Run bossOfCode/install-scratchattach@v1.0.3
2025-10-08T00:02:01.9922170Z env:
2025-10-08T00:02:01.9922431Z   pythonLocation: /opt/hostedtoolcache/Python/3.13.7/x64
2025-10-08T00:02:01.9922845Z   PKG_CONFIG_PATH: /opt/hostedtoolcache/Python/3.13.7/x64/lib/pkgconfig
2025-10-08T00:02:01.9923269Z   Python_ROOT_DIR: /opt/hostedtoolcache/Python/3.13.7/x64
2025-10-08T00:02:01.9923613Z   Python2_ROOT_DIR: /opt/hostedtoolcache/Python/3.13.7/x64
2025-10-08T00:02:01.9923964Z   Python3_ROOT_DIR: /opt/hostedtoolcache/Python/3.13.7/x64
2025-10-08T00:02:01.9924317Z   LD_LIBRARY_PATH: /opt/hostedtoolcache/Python/3.13.7/x64/lib
2025-10-08T00:02:01.9924630Z ##[endgroup]
2025-10-08T00:02:02.0002049Z ##[group]Run python3 -m pip install --upgrade pip
2025-10-08T00:02:02.0002481Z [36;1mpython3 -m pip install --upgrade pip[0m
2025-10-08T00:02:02.0192146Z shell: /usr/bin/bash --noprofile --norc -e -o pipefail {0}
2025-10-08T00:02:02.0192506Z env:
2025-10-08T00:02:02.0192810Z   pythonLocation: /opt/hostedtoolcache/Python/3.13.7/x64
2025-10-08T00:02:02.0193233Z   PKG_CONFIG_PATH: /opt/hostedtoolcache/Python/3.13.7/x64/lib/pkgconfig
2025-10-08T00:02:02.0193642Z   Python_ROOT_DIR: /opt/hostedtoolcache/Python/3.13.7/x64
2025-10-08T00:02:02.0193992Z   Python2_ROOT_DIR: /opt/hostedtoolcache/Python/3.13.7/x64
2025-10-08T00:02:02.0194345Z   Python3_ROOT_DIR: /opt/hostedtoolcache/Python/3.13.7/x64
2025-10-08T00:02:02.0194692Z   LD_LIBRARY_PATH: /opt/hostedtoolcache/Python/3.13.7/x64/lib
2025-10-08T00:02:02.0194996Z ##[endgroup]
2025-10-08T00:02:06.8881082Z Requirement already satisfied: pip in /opt/hostedtoolcache/Python/3.13.7/x64/lib/python3.13/site-packages (25.2)
2025-10-08T00:02:07.1947398Z ##[group]Run pip install -U scratchattach
2025-10-08T00:02:07.1947737Z [36;1mpip install -U scratchattach[0m
2025-10-08T00:02:07.1980466Z shell: /usr/bin/bash --noprofile --norc -e -o pipefail {0}
2025-10-08T00:02:07.1980786Z env:
2025-10-08T00:02:07.1981042Z   pythonLocation: /opt/hostedtoolcache/Python/3.13.7/x64
2025-10-08T00:02:07.1981433Z   PKG_CONFIG_PATH: /opt/hostedtoolcache/Python/3.13.7/x64/lib/pkgconfig
2025-10-08T00:02:07.1981816Z   Python_ROOT_DIR: /opt/hostedtoolcache/Python/3.13.7/x64
2025-10-08T00:02:07.1982150Z   Python2_ROOT_DIR: /opt/hostedtoolcache/Python/3.13.7/x64
2025-10-08T00:02:07.1982490Z   Python3_ROOT_DIR: /opt/hostedtoolcache/Python/3.13.7/x64
2025-10-08T00:02:07.1982836Z   LD_LIBRARY_PATH: /opt/hostedtoolcache/Python/3.13.7/x64/lib
2025-10-08T00:02:07.1983127Z ##[endgroup]
2025-10-08T00:02:08.1496255Z Collecting scratchattach
2025-10-08T00:02:08.2313598Z   Downloading scratchattach-2.1.13-py3-none-any.whl.metadata (5.5 kB)
2025-10-08T00:02:08.2686830Z Collecting websocket-client (from scratchattach)
2025-10-08T00:02:08.2875551Z   Downloading websocket_client-1.9.0-py3-none-any.whl.metadata (8.3 kB)
2025-10-08T00:02:08.3363099Z Collecting requests (from scratchattach)
2025-10-08T00:02:08.3547585Z   Downloading requests-2.32.5-py3-none-any.whl.metadata (4.9 kB)
2025-10-08T00:02:08.3831379Z Collecting bs4 (from scratchattach)
2025-10-08T00:02:08.4022899Z   Downloading bs4-0.0.2-py2.py3-none-any.whl.metadata (411 bytes)
2025-10-08T00:02:08.4624685Z Collecting SimpleWebSocketServer (from scratchattach)
2025-10-08T00:02:08.4832598Z   Downloading SimpleWebSocketServer-0.1.2.tar.gz (10 kB)
2025-10-08T00:02:08.4932405Z   Installing build dependencies: started
2025-10-08T00:02:09.9228952Z   Installing build dependencies: finished with status 'done'
2025-10-08T00:02:09.9235218Z   Getting requirements to build wheel: started
2025-10-08T00:02:10.3431361Z   Getting requirements to build wheel: finished with status 'done'
2025-10-08T00:02:10.3440531Z   Preparing metadata (pyproject.toml): started
2025-10-08T00:02:10.5431041Z   Preparing metadata (pyproject.toml): finished with status 'done'
2025-10-08T00:02:10.5758644Z Collecting typing-extensions (from scratchattach)
2025-10-08T00:02:10.5967538Z   Downloading typing_extensions-4.15.0-py3-none-any.whl.metadata (3.3 kB)
2025-10-08T00:02:10.6303533Z Collecting beautifulsoup4 (from bs4->scratchattach)
2025-10-08T00:02:10.6557688Z   Downloading beautifulsoup4-4.14.2-py3-none-any.whl.metadata (3.8 kB)
2025-10-08T00:02:10.6906482Z Collecting soupsieve>1.2 (from beautifulsoup4->bs4->scratchattach)
2025-10-08T00:02:10.7104069Z   Downloading soupsieve-2.8-py3-none-any.whl.metadata (4.6 kB)
2025-10-08T00:02:10.8278764Z Collecting charset_normalizer<4,>=2 (from requests->scratchattach)
2025-10-08T00:02:10.8469182Z   Downloading charset_normalizer-3.4.3-cp313-cp313-manylinux2014_x86_64.manylinux_2_17_x86_64.manylinux_2_28_x86_64.whl.metadata (36 kB)
2025-10-08T00:02:10.8887225Z Collecting idna<4,>=2.5 (from requests->scratchattach)
2025-10-08T00:02:10.9071412Z   Downloading idna-3.10-py3-none-any.whl.metadata (10 kB)
2025-10-08T00:02:10.9513271Z Collecting urllib3<3,>=1.21.1 (from requests->scratchattach)
2025-10-08T00:02:10.9730768Z   Downloading urllib3-2.5.0-py3-none-any.whl.metadata (6.5 kB)
2025-10-08T00:02:11.0105426Z Collecting certifi>=2017.4.17 (from requests->scratchattach)
2025-10-08T00:02:11.0293589Z   Downloading certifi-2025.10.5-py3-none-any.whl.metadata (2.5 kB)
2025-10-08T00:02:11.0566866Z Downloading scratchattach-2.1.13-py3-none-any.whl (141 kB)
2025-10-08T00:02:11.0984897Z Downloading bs4-0.0.2-py2.py3-none-any.whl (1.2 kB)
2025-10-08T00:02:11.1192017Z Downloading beautifulsoup4-4.14.2-py3-none-any.whl (106 kB)
2025-10-08T00:02:11.1432776Z Downloading soupsieve-2.8-py3-none-any.whl (36 kB)
2025-10-08T00:02:11.1643188Z Downloading typing_extensions-4.15.0-py3-none-any.whl (44 kB)
2025-10-08T00:02:11.1855104Z Downloading requests-2.32.5-py3-none-any.whl (64 kB)
2025-10-08T00:02:11.2075149Z Downloading charset_normalizer-3.4.3-cp313-cp313-manylinux2014_x86_64.manylinux_2_17_x86_64.manylinux_2_28_x86_64.whl (151 kB)
2025-10-08T00:02:11.2340569Z Downloading idna-3.10-py3-none-any.whl (70 kB)
2025-10-08T00:02:11.2557690Z Downloading urllib3-2.5.0-py3-none-any.whl (129 kB)
2025-10-08T00:02:11.2798272Z Downloading certifi-2025.10.5-py3-none-any.whl (163 kB)
2025-10-08T00:02:11.3038170Z Downloading websocket_client-1.9.0-py3-none-any.whl (82 kB)
2025-10-08T00:02:11.3183390Z Building wheels for collected packages: SimpleWebSocketServer
2025-10-08T00:02:11.3191899Z   Building wheel for SimpleWebSocketServer (pyproject.toml): started
2025-10-08T00:02:11.5396200Z   Building wheel for SimpleWebSocketServer (pyproject.toml): finished with status 'done'
2025-10-08T00:02:11.5403066Z   Created wheel for SimpleWebSocketServer: filename=simplewebsocketserver-0.1.2-py3-none-any.whl size=9715 sha256=f0d7eacf8be683ca128482ab3f5057a41aef9ac1f51da3c27952a7fa53a9304a
2025-10-08T00:02:11.5404983Z   Stored in directory: /home/runner/.cache/pip/wheels/c4/5b/e8/4f2c15a82edc4923058056f6681373168be02a0c00389a6dcf
2025-10-08T00:02:11.5423367Z Successfully built SimpleWebSocketServer
2025-10-08T00:02:11.5609098Z Installing collected packages: SimpleWebSocketServer, websocket-client, urllib3, typing-extensions, soupsieve, idna, charset_normalizer, certifi, requests, beautifulsoup4, bs4, scratchattach
2025-10-08T00:02:12.2068967Z 
2025-10-08T00:02:12.2091234Z Successfully installed SimpleWebSocketServer-0.1.2 beautifulsoup4-4.14.2 bs4-0.0.2 certifi-2025.10.5 charset_normalizer-3.4.3 idna-3.10 requests-2.32.5 scratchattach-2.1.13 soupsieve-2.8 typing-extensions-4.15.0 urllib3-2.5.0 websocket-client-1.9.0
2025-10-08T00:02:12.2914142Z ##[group]Run actions/checkout@v5.0.0
2025-10-08T00:02:12.2914409Z with:
2025-10-08T00:02:12.2914593Z   ref: scratch_chat_dev
2025-10-08T00:02:12.2914813Z   repository: Boss-1s/scratchattach
2025-10-08T00:02:12.2915164Z   token: ***
2025-10-08T00:02:12.2915356Z   ssh-strict: true
2025-10-08T00:02:12.2915711Z   ssh-user: git
2025-10-08T00:02:12.2915908Z   persist-credentials: true
2025-10-08T00:02:12.2916132Z   clean: true
2025-10-08T00:02:12.2916328Z   sparse-checkout-cone-mode: true
2025-10-08T00:02:12.2916568Z   fetch-depth: 1
2025-10-08T00:02:12.2916761Z   fetch-tags: false
2025-10-08T00:02:12.2916954Z   show-progress: true
2025-10-08T00:02:12.2917155Z   lfs: false
2025-10-08T00:02:12.2917338Z   submodules: false
2025-10-08T00:02:12.2917533Z   set-safe-directory: true
2025-10-08T00:02:12.2917744Z env:
2025-10-08T00:02:12.2917977Z   pythonLocation: /opt/hostedtoolcache/Python/3.13.7/x64
2025-10-08T00:02:12.2918417Z   PKG_CONFIG_PATH: /opt/hostedtoolcache/Python/3.13.7/x64/lib/pkgconfig
2025-10-08T00:02:12.2918815Z   Python_ROOT_DIR: /opt/hostedtoolcache/Python/3.13.7/x64
2025-10-08T00:02:12.2919162Z   Python2_ROOT_DIR: /opt/hostedtoolcache/Python/3.13.7/x64
2025-10-08T00:02:12.2919508Z   Python3_ROOT_DIR: /opt/hostedtoolcache/Python/3.13.7/x64
2025-10-08T00:02:12.2920028Z   LD_LIBRARY_PATH: /opt/hostedtoolcache/Python/3.13.7/x64/lib
2025-10-08T00:02:12.2920327Z ##[endgroup]
2025-10-08T00:02:12.3689453Z Syncing repository: Boss-1s/scratchattach
2025-10-08T00:02:12.3691438Z ##[group]Getting Git version info
2025-10-08T00:02:12.3692189Z Working directory is '/home/runner/work/scratchattach/scratchattach'
2025-10-08T00:02:12.3728565Z [command]/usr/bin/git version
2025-10-08T00:02:12.3764135Z git version 2.51.0
2025-10-08T00:02:12.3785319Z ##[endgroup]
2025-10-08T00:02:12.3799081Z Temporarily overriding HOME='/home/runner/work/_temp/f083dc3d-c7ec-43a5-be98-1d9f2f397c0f' before making global git config changes
2025-10-08T00:02:12.3800152Z Adding repository directory to the temporary git global config as a safe directory
2025-10-08T00:02:12.3805449Z [command]/usr/bin/git config --global --add safe.directory /home/runner/work/scratchattach/scratchattach
2025-10-08T00:02:12.3843377Z [command]/usr/bin/git config --local --get remote.origin.url
2025-10-08T00:02:12.3865377Z https://github.com/Boss-1s/scratchattach
2025-10-08T00:02:12.3880228Z ##[group]Removing previously created refs, to avoid conflicts
2025-10-08T00:02:12.3884718Z [command]/usr/bin/git rev-parse --symbolic-full-name --verify --quiet HEAD
2025-10-08T00:02:12.3905986Z refs/heads/scratch_chat_dev
2025-10-08T00:02:12.3915785Z [command]/usr/bin/git checkout --detach
2025-10-08T00:02:12.5513076Z HEAD is now at ac2981e Merge branch 'main' into scratch_chat_dev
2025-10-08T00:02:12.5568360Z [command]/usr/bin/git branch --delete --force scratch_chat_dev
2025-10-08T00:02:12.5595811Z Deleted branch scratch_chat_dev (was ac2981e).
2025-10-08T00:02:12.5635237Z ##[endgroup]
2025-10-08T00:02:12.5640310Z [command]/usr/bin/git submodule status
2025-10-08T00:02:12.5947190Z ##[group]Cleaning the repository
2025-10-08T00:02:12.5952900Z [command]/usr/bin/git clean -ffdx
2025-10-08T00:02:12.5993725Z [command]/usr/bin/git reset --hard HEAD
2025-10-08T00:02:12.6048975Z HEAD is now at ac2981e Merge branch 'main' into scratch_chat_dev
2025-10-08T00:02:12.6055681Z ##[endgroup]
2025-10-08T00:02:12.6056872Z ##[group]Disabling automatic garbage collection
2025-10-08T00:02:12.6061513Z [command]/usr/bin/git config --local gc.auto 0
2025-10-08T00:02:12.6090615Z ##[endgroup]
2025-10-08T00:02:12.6092101Z ##[group]Setting up auth
2025-10-08T00:02:12.6097845Z [command]/usr/bin/git config --local --name-only --get-regexp core\.sshCommand
2025-10-08T00:02:12.6130748Z [command]/usr/bin/git submodule foreach --recursive sh -c "git config --local --name-only --get-regexp 'core\.sshCommand' && git config --local --unset-all 'core.sshCommand' || :"
2025-10-08T00:02:12.6357711Z [command]/usr/bin/git config --local --name-only --get-regexp http\.https\:\/\/github\.com\/\.extraheader
2025-10-08T00:02:12.6378951Z http.https://github.com/.extraheader
2025-10-08T00:02:12.6388951Z [command]/usr/bin/git config --local --unset-all http.https://github.com/.extraheader
2025-10-08T00:02:12.6419669Z [command]/usr/bin/git submodule foreach --recursive sh -c "git config --local --name-only --get-regexp 'http\.https\:\/\/github\.com\/\.extraheader' && git config --local --unset-all 'http.https://github.com/.extraheader' || :"
2025-10-08T00:02:12.6651410Z [command]/usr/bin/git config --local http.https://github.com/.extraheader AUTHORIZATION: basic ***
2025-10-08T00:02:12.6693609Z ##[endgroup]
2025-10-08T00:02:12.6694190Z ##[group]Fetching the repository
2025-10-08T00:02:12.6702286Z [command]/usr/bin/git -c protocol.version=2 fetch --no-tags --prune --no-recurse-submodules --depth=1 origin +refs/heads/scratch_chat_dev*:refs/remotes/origin/scratch_chat_dev* +refs/tags/scratch_chat_dev*:refs/tags/scratch_chat_dev*
2025-10-08T00:02:13.2133005Z ##[endgroup]
2025-10-08T00:02:13.2133620Z ##[group]Determining the checkout info
2025-10-08T00:02:13.2140031Z [command]/usr/bin/git branch --list --remote origin/scratch_chat_dev
2025-10-08T00:02:13.2162689Z   origin/scratch_chat_dev
2025-10-08T00:02:13.2166603Z ##[endgroup]
2025-10-08T00:02:13.2171013Z [command]/usr/bin/git sparse-checkout disable
2025-10-08T00:02:13.2212826Z [command]/usr/bin/git config --local --unset-all extensions.worktreeConfig
2025-10-08T00:02:13.2237537Z ##[group]Checking out the ref
2025-10-08T00:02:13.2241425Z [command]/usr/bin/git checkout --progress --force -B scratch_chat_dev refs/remotes/origin/scratch_chat_dev
2025-10-08T00:02:13.2307842Z Switched to a new branch 'scratch_chat_dev'
2025-10-08T00:02:13.2310672Z branch 'scratch_chat_dev' set up to track 'origin/scratch_chat_dev'.
2025-10-08T00:02:13.2317134Z ##[endgroup]
2025-10-08T00:02:13.2352914Z [command]/usr/bin/git log -1 --format=%H
2025-10-08T00:02:13.2375514Z ac2981e4901c8a3c3035b4a46b426e445c9a9334
2025-10-08T00:02:13.2489413Z ##[group]Run git config --global user.name 'Boss-1s [via Actions]'
2025-10-08T00:02:13.2490165Z [36;1mgit config --global user.name 'Boss-1s [via Actions]'[0m
2025-10-08T00:02:13.2490606Z [36;1mgit config --global user.email 'Boss-1s[auto]@users.noreply.github.com'[0m
2025-10-08T00:02:13.2491077Z [36;1mtimeout 3m python3 scratch_chat.py || { [[ $? -eq 124 ]] && exit 0; }[0m
2025-10-08T00:02:13.2524055Z shell: /usr/bin/bash -e {0}
2025-10-08T00:02:13.2524297Z env:
2025-10-08T00:02:13.2524545Z   pythonLocation: /opt/hostedtoolcache/Python/3.13.7/x64
2025-10-08T00:02:13.2524944Z   PKG_CONFIG_PATH: /opt/hostedtoolcache/Python/3.13.7/x64/lib/pkgconfig
2025-10-08T00:02:13.2525335Z   Python_ROOT_DIR: /opt/hostedtoolcache/Python/3.13.7/x64
2025-10-08T00:02:13.2525670Z   Python2_ROOT_DIR: /opt/hostedtoolcache/Python/3.13.7/x64
2025-10-08T00:02:13.2526014Z   Python3_ROOT_DIR: /opt/hostedtoolcache/Python/3.13.7/x64
2025-10-08T00:02:13.2526389Z   LD_LIBRARY_PATH: /opt/hostedtoolcache/Python/3.13.7/x64/lib
2025-10-08T00:02:13.2526819Z   PASS: ***
2025-10-08T00:02:13.2527002Z ##[endgroup]
2025-10-08T00:02:13.2881329Z Traceback (most recent call last):
2025-10-08T00:02:13.2899686Z   File "/home/runner/work/scratchattach/scratchattach/scratch_chat.py", line 4, in <module>
2025-10-08T00:02:13.2900767Z     from key_multivalue_storage import Storage as s
2025-10-08T00:02:13.2901436Z   File "/home/runner/work/scratchattach/scratchattach/key_multivalue_storage.py", line 78
2025-10-08T00:02:13.2901986Z     	@staticmethod
2025-10-08T00:02:13.2902372Z     ^
2025-10-08T00:02:13.2902712Z TabError: inconsistent use of tabs and spaces in indentation
2025-10-08T00:02:13.2957511Z ##[error]Process completed with exit code 1.
2025-10-08T00:02:13.2997643Z ##[group]Run bash push.sh
2025-10-08T00:02:13.2997928Z [36;1mbash push.sh[0m
2025-10-08T00:02:13.3030902Z shell: /usr/bin/bash -e {0}
2025-10-08T00:02:13.3031147Z env:
2025-10-08T00:02:13.3031407Z   pythonLocation: /opt/hostedtoolcache/Python/3.13.7/x64
2025-10-08T00:02:13.3031824Z   PKG_CONFIG_PATH: /opt/hostedtoolcache/Python/3.13.7/x64/lib/pkgconfig
2025-10-08T00:02:13.3032244Z   Python_ROOT_DIR: /opt/hostedtoolcache/Python/3.13.7/x64
2025-10-08T00:02:13.3032589Z   Python2_ROOT_DIR: /opt/hostedtoolcache/Python/3.13.7/x64
2025-10-08T00:02:13.3032927Z   Python3_ROOT_DIR: /opt/hostedtoolcache/Python/3.13.7/x64
2025-10-08T00:02:13.3033284Z   LD_LIBRARY_PATH: /opt/hostedtoolcache/Python/3.13.7/x64/lib
2025-10-08T00:02:13.3033750Z ##[endgroup]
2025-10-08T00:02:13.6632319Z From https://github.com/Boss-1s/scratchattach
2025-10-08T00:02:13.6632888Z  * branch            scratch_chat_dev -> FETCH_HEAD
2025-10-08T00:02:13.6772630Z Already up to date.
2025-10-08T00:02:13.6823216Z Git working tree is clean (no uncommitted changes).
2025-10-08T00:02:13.6885166Z Post job cleanup.
2025-10-08T00:02:13.7665085Z [command]/usr/bin/git version
2025-10-08T00:02:13.7700836Z git version 2.51.0
2025-10-08T00:02:13.7734595Z Copying '/home/runner/.gitconfig' to '/home/runner/work/_temp/81297e2e-9354-4d41-b802-c29f67dd6469/.gitconfig'
2025-10-08T00:02:13.7744272Z Temporarily overriding HOME='/home/runner/work/_temp/81297e2e-9354-4d41-b802-c29f67dd6469' before making global git config changes
2025-10-08T00:02:13.7745581Z Adding repository directory to the temporary git global config as a safe directory
2025-10-08T00:02:13.7750038Z [command]/usr/bin/git config --global --add safe.directory /home/runner/work/scratchattach/scratchattach
2025-10-08T00:02:13.7785962Z [command]/usr/bin/git config --local --name-only --get-regexp core\.sshCommand
2025-10-08T00:02:13.7817846Z [command]/usr/bin/git submodule foreach --recursive sh -c "git config --local --name-only --get-regexp 'core\.sshCommand' && git config --local --unset-all 'core.sshCommand' || :"
2025-10-08T00:02:13.8041194Z [command]/usr/bin/git config --local --name-only --get-regexp http\.https\:\/\/github\.com\/\.extraheader
2025-10-08T00:02:13.8062621Z http.https://github.com/.extraheader
2025-10-08T00:02:13.8072659Z [command]/usr/bin/git config --local --unset-all http.https://github.com/.extraheader
2025-10-08T00:02:13.8103984Z [command]/usr/bin/git submodule foreach --recursive sh -c "git config --local --name-only --get-regexp 'http\.https\:\/\/github\.com\/\.extraheader' && git config --local --unset-all 'http.https://github.com/.extraheader' || :"
2025-10-08T00:02:13.8462203Z Post job cleanup.
2025-10-08T00:02:13.9226391Z [command]/usr/bin/git version
2025-10-08T00:02:13.9293284Z git version 2.51.0
2025-10-08T00:02:13.9325668Z Copying '/home/runner/.gitconfig' to '/home/runner/work/_temp/ee4c116d-0db6-43d6-a10d-81c7dd1459fa/.gitconfig'
2025-10-08T00:02:13.9335670Z Temporarily overriding HOME='/home/runner/work/_temp/ee4c116d-0db6-43d6-a10d-81c7dd1459fa' before making global git config changes
2025-10-08T00:02:13.9336985Z Adding repository directory to the temporary git global config as a safe directory
2025-10-08T00:02:13.9341679Z [command]/usr/bin/git config --global --add safe.directory /home/runner/work/scratchattach/scratchattach
2025-10-08T00:02:13.9376492Z [command]/usr/bin/git config --local --name-only --get-regexp core\.sshCommand
2025-10-08T00:02:13.9408203Z [command]/usr/bin/git submodule foreach --recursive sh -c "git config --local --name-only --get-regexp 'core\.sshCommand' && git config --local --unset-all 'core.sshCommand' || :"
2025-10-08T00:02:13.9631034Z [command]/usr/bin/git config --local --name-only --get-regexp http\.https\:\/\/github\.com\/\.extraheader
2025-10-08T00:02:13.9664696Z [command]/usr/bin/git submodule foreach --recursive sh -c "git config --local --name-only --get-regexp 'http\.https\:\/\/github\.com\/\.extraheader' && git config --local --unset-all 'http.https://github.com/.extraheader' || :"
2025-10-08T00:02:14.0022581Z Cleaning up orphan processes
