2025-10-08T00:06:37.6002586Z Current runner version: '2.328.0'
2025-10-08T00:06:37.6037232Z ##[group]Runner Image Provisioner
2025-10-08T00:06:37.6038416Z Hosted Compute Agent
2025-10-08T00:06:37.6039449Z Version: 20250912.392
2025-10-08T00:06:37.6040479Z Commit: d921fda672a98b64f4f82364647e2f10b2267d0b
2025-10-08T00:06:37.6041596Z Build Date: 2025-09-12T15:23:14Z
2025-10-08T00:06:37.6042953Z ##[endgroup]
2025-10-08T00:06:37.6043831Z ##[group]Operating System
2025-10-08T00:06:37.6044765Z Ubuntu
2025-10-08T00:06:37.6045713Z 24.04.3
2025-10-08T00:06:37.6046524Z LTS
2025-10-08T00:06:37.6047232Z ##[endgroup]
2025-10-08T00:06:37.6048176Z ##[group]Runner Image
2025-10-08T00:06:37.6049088Z Image: ubuntu-24.04
2025-10-08T00:06:37.6049837Z Version: 20250929.60.1
2025-10-08T00:06:37.6051846Z Included Software: https://github.com/actions/runner-images/blob/ubuntu24/20250929.60/images/ubuntu/Ubuntu2404-Readme.md
2025-10-08T00:06:37.6054732Z Image Release: https://github.com/actions/runner-images/releases/tag/ubuntu24%2F20250929.60
2025-10-08T00:06:37.6056612Z ##[endgroup]
2025-10-08T00:06:37.6058356Z ##[group]GITHUB_TOKEN Permissions
2025-10-08T00:06:37.6060914Z Contents: write
2025-10-08T00:06:37.6061751Z Metadata: read
2025-10-08T00:06:37.6062910Z ##[endgroup]
2025-10-08T00:06:37.6066707Z Secret source: Actions
2025-10-08T00:06:37.6068002Z Prepare workflow directory
2025-10-08T00:06:37.6805443Z Prepare all required actions
2025-10-08T00:06:37.6862130Z Getting action download info
2025-10-08T00:06:37.9345823Z Download action repository 'actions/checkout@ff7abcd0c3c05ccf6adc123a8cd1fd4fb30fb493' (SHA:ff7abcd0c3c05ccf6adc123a8cd1fd4fb30fb493)
2025-10-08T00:06:38.1477699Z Download action repository 'actions/setup-python@v5' (SHA:a26af69be951a213d495a4c3e4e4022e16d87065)
2025-10-08T00:06:38.2666714Z Download action repository 'actions/cache@0400d5f644dc74513175e3cd8d07132dd4860809' (SHA:0400d5f644dc74513175e3cd8d07132dd4860809)
2025-10-08T00:06:38.3730929Z Download action repository 'actions/component-detection-dependency-submission-action@374343effede691df3a5ffaf36b4e7acab919590' (SHA:374343effede691df3a5ffaf36b4e7acab919590)
2025-10-08T00:06:38.9095193Z Complete job name: submit-pypi
2025-10-08T00:06:38.9728385Z ##[group]Run actions/checkout@ff7abcd0c3c05ccf6adc123a8cd1fd4fb30fb493
2025-10-08T00:06:38.9729245Z with:
2025-10-08T00:06:38.9729585Z   ref: refs/heads/scratch_chat_dev
2025-10-08T00:06:38.9730047Z   repository: Boss-1s/scratchattach
2025-10-08T00:06:38.9730620Z   token: ***
2025-10-08T00:06:38.9730950Z   ssh-strict: true
2025-10-08T00:06:38.9731277Z   ssh-user: git
2025-10-08T00:06:38.9731616Z   persist-credentials: true
2025-10-08T00:06:38.9731979Z   clean: true
2025-10-08T00:06:38.9732320Z   sparse-checkout-cone-mode: true
2025-10-08T00:06:38.9732863Z   fetch-depth: 1
2025-10-08T00:06:38.9733194Z   fetch-tags: false
2025-10-08T00:06:38.9733544Z   show-progress: true
2025-10-08T00:06:38.9733880Z   lfs: false
2025-10-08T00:06:38.9734204Z   submodules: false
2025-10-08T00:06:38.9734556Z   set-safe-directory: true
2025-10-08T00:06:38.9735177Z env:
2025-10-08T00:06:38.9735537Z   SKIP_CACHE: 
2025-10-08T00:06:38.9735885Z ##[endgroup]
2025-10-08T00:06:39.0665914Z Syncing repository: Boss-1s/scratchattach
2025-10-08T00:06:39.0667516Z ##[group]Getting Git version info
2025-10-08T00:06:39.0668175Z Working directory is '/home/runner/work/scratchattach/scratchattach'
2025-10-08T00:06:39.0669010Z [command]/usr/bin/git version
2025-10-08T00:06:39.0711431Z git version 2.51.0
2025-10-08T00:06:39.0732883Z ##[endgroup]
2025-10-08T00:06:39.0747420Z Temporarily overriding HOME='/home/runner/work/_temp/1399f9b9-fcb4-4d12-b686-3fb6914412f4' before making global git config changes
2025-10-08T00:06:39.0748970Z Adding repository directory to the temporary git global config as a safe directory
2025-10-08T00:06:39.0752468Z [command]/usr/bin/git config --global --add safe.directory /home/runner/work/scratchattach/scratchattach
2025-10-08T00:06:39.0789117Z Deleting the contents of '/home/runner/work/scratchattach/scratchattach'
2025-10-08T00:06:39.0792873Z ##[group]Initializing the repository
2025-10-08T00:06:39.0797050Z [command]/usr/bin/git init /home/runner/work/scratchattach/scratchattach
2025-10-08T00:06:39.0892058Z hint: Using 'master' as the name for the initial branch. This default branch name
2025-10-08T00:06:39.0893243Z hint: is subject to change. To configure the initial branch name to use in all
2025-10-08T00:06:39.0894069Z hint: of your new repositories, which will suppress this warning, call:
2025-10-08T00:06:39.0894973Z hint:
2025-10-08T00:06:39.0895822Z hint: 	git config --global init.defaultBranch <name>
2025-10-08T00:06:39.0896738Z hint:
2025-10-08T00:06:39.0897684Z hint: Names commonly chosen instead of 'master' are 'main', 'trunk' and
2025-10-08T00:06:39.0899006Z hint: 'development'. The just-created branch can be renamed via this command:
2025-10-08T00:06:39.0899909Z hint:
2025-10-08T00:06:39.0900457Z hint: 	git branch -m <name>
2025-10-08T00:06:39.0901193Z hint:
2025-10-08T00:06:39.0901776Z hint: Disable this message with "git config set advice.defaultBranchName false"
2025-10-08T00:06:39.0902941Z Initialized empty Git repository in /home/runner/work/scratchattach/scratchattach/.git/
2025-10-08T00:06:39.0909417Z [command]/usr/bin/git remote add origin https://github.com/Boss-1s/scratchattach
2025-10-08T00:06:39.0945611Z ##[endgroup]
2025-10-08T00:06:39.0949425Z ##[group]Disabling automatic garbage collection
2025-10-08T00:06:39.0950067Z [command]/usr/bin/git config --local gc.auto 0
2025-10-08T00:06:39.0977557Z ##[endgroup]
2025-10-08T00:06:39.0978184Z ##[group]Setting up auth
2025-10-08T00:06:39.0983828Z [command]/usr/bin/git config --local --name-only --get-regexp core\.sshCommand
2025-10-08T00:06:39.1014147Z [command]/usr/bin/git submodule foreach --recursive sh -c "git config --local --name-only --get-regexp 'core\.sshCommand' && git config --local --unset-all 'core.sshCommand' || :"
2025-10-08T00:06:39.1341075Z [command]/usr/bin/git config --local --name-only --get-regexp http\.https\:\/\/github\.com\/\.extraheader
2025-10-08T00:06:39.1372194Z [command]/usr/bin/git submodule foreach --recursive sh -c "git config --local --name-only --get-regexp 'http\.https\:\/\/github\.com\/\.extraheader' && git config --local --unset-all 'http.https://github.com/.extraheader' || :"
2025-10-08T00:06:39.1591643Z [command]/usr/bin/git config --local http.https://github.com/.extraheader AUTHORIZATION: basic ***
2025-10-08T00:06:39.1626734Z ##[endgroup]
2025-10-08T00:06:39.1627899Z ##[group]Fetching the repository
2025-10-08T00:06:39.1636596Z [command]/usr/bin/git -c protocol.version=2 fetch --no-tags --prune --no-recurse-submodules --depth=1 origin +refs/heads/scratch_chat_dev:refs/remotes/origin/scratch_chat_dev
2025-10-08T00:06:39.7415753Z From https://github.com/Boss-1s/scratchattach
2025-10-08T00:06:39.7416574Z  * [new branch]      scratch_chat_dev -> origin/scratch_chat_dev
2025-10-08T00:06:39.7446133Z ##[endgroup]
2025-10-08T00:06:39.7446830Z ##[group]Determining the checkout info
2025-10-08T00:06:39.7448909Z ##[endgroup]
2025-10-08T00:06:39.7454098Z [command]/usr/bin/git sparse-checkout disable
2025-10-08T00:06:39.7497750Z [command]/usr/bin/git config --local --unset-all extensions.worktreeConfig
2025-10-08T00:06:39.7524231Z ##[group]Checking out the ref
2025-10-08T00:06:39.7528401Z [command]/usr/bin/git checkout --progress --force -B scratch_chat_dev refs/remotes/origin/scratch_chat_dev
2025-10-08T00:06:39.9449525Z Switched to a new branch 'scratch_chat_dev'
2025-10-08T00:06:39.9451192Z branch 'scratch_chat_dev' set up to track 'origin/scratch_chat_dev'.
2025-10-08T00:06:39.9476536Z ##[endgroup]
2025-10-08T00:06:39.9519321Z [command]/usr/bin/git log -1 --format=%H
2025-10-08T00:06:39.9544443Z fa3e014d094e74c6d9762f24701dde90fcd405c3
2025-10-08T00:06:39.9777184Z ##[group]Run actions/setup-python@v5
2025-10-08T00:06:39.9777536Z with:
2025-10-08T00:06:39.9777762Z   check-latest: false
2025-10-08T00:06:39.9778167Z   token: ***
2025-10-08T00:06:39.9778387Z   update-environment: true
2025-10-08T00:06:39.9778648Z   allow-prereleases: false
2025-10-08T00:06:39.9778884Z   freethreaded: false
2025-10-08T00:06:39.9779326Z env:
2025-10-08T00:06:39.9779523Z   SKIP_CACHE: 
2025-10-08T00:06:39.9779728Z ##[endgroup]
2025-10-08T00:06:40.1458273Z [warning]Neither 'python-version' nor 'python-version-file' inputs were supplied. Attempting to find '.python-version' file.
2025-10-08T00:06:40.1459545Z [warning].python-version doesn't exist.
2025-10-08T00:06:40.1481272Z ##[warning]The `python-version` input is not set.  The version of Python currently in `PATH` will be used.
2025-10-08T00:06:40.1574515Z ##[group]Run version=$(python --version)
2025-10-08T00:06:40.1574928Z [36;1mversion=$(python --version)[0m
2025-10-08T00:06:40.1575276Z [36;1mecho "::notice::Using python version: $version"[0m
2025-10-08T00:06:40.1575616Z [36;1mpip_version=$(pip --version)[0m
2025-10-08T00:06:40.1575951Z [36;1mecho "::notice::Using pip version: $pip_version"[0m
2025-10-08T00:06:40.1576304Z [36;1mpip install pip-tools[0m
2025-10-08T00:06:40.1576613Z [36;1mpip_compile_version=$(pip-compile --version)[0m
2025-10-08T00:06:40.1577030Z [36;1mecho "::notice::Using pip-compile version: $pip_compile_version"[0m
2025-10-08T00:06:40.1615336Z shell: /usr/bin/bash --noprofile --norc -e -o pipefail {0}
2025-10-08T00:06:40.1615715Z env:
2025-10-08T00:06:40.1615924Z   SKIP_CACHE: 
2025-10-08T00:06:40.1616137Z ##[endgroup]
2025-10-08T00:06:40.1705617Z ##[notice]Using python version: Python 3.12.3
2025-10-08T00:06:41.8705106Z ##[notice]Using pip version: pip 24.0 from /usr/lib/python3/dist-packages/pip (python 3.12)
2025-10-08T00:06:42.6871265Z Defaulting to user installation because normal site-packages is not writeable
2025-10-08T00:06:43.6473156Z Collecting pip-tools
2025-10-08T00:06:43.6847683Z   Downloading pip_tools-7.5.1-py3-none-any.whl.metadata (26 kB)
2025-10-08T00:06:43.7233301Z Collecting build>=1.0.0 (from pip-tools)
2025-10-08T00:06:43.7273228Z   Downloading build-1.3.0-py3-none-any.whl.metadata (5.6 kB)
2025-10-08T00:06:43.7315182Z Requirement already satisfied: click>=8 in /usr/lib/python3/dist-packages (from pip-tools) (8.1.6)
2025-10-08T00:06:43.7324255Z Requirement already satisfied: pip>=22.2 in /usr/lib/python3/dist-packages (from pip-tools) (24.0)
2025-10-08T00:06:43.7453136Z Collecting pyproject_hooks (from pip-tools)
2025-10-08T00:06:43.7491902Z   Downloading pyproject_hooks-1.2.0-py3-none-any.whl.metadata (1.3 kB)
2025-10-08T00:06:43.7526664Z Requirement already satisfied: setuptools in /usr/lib/python3/dist-packages (from pip-tools) (68.1.2)
2025-10-08T00:06:43.7533716Z Requirement already satisfied: wheel in /usr/lib/python3/dist-packages (from pip-tools) (0.42.0)
2025-10-08T00:06:43.7619553Z Requirement already satisfied: packaging>=19.1 in /usr/lib/python3/dist-packages (from build>=1.0.0->pip-tools) (24.0)
2025-10-08T00:06:43.7762112Z Downloading pip_tools-7.5.1-py3-none-any.whl (65 kB)
2025-10-08T00:06:43.7869054Z    ━━━━━━━━━━━━━━━━━━━━━━━━━━━━━━━━━━━━━━━━ 65.3/65.3 kB 6.6 MB/s eta 0:00:00
2025-10-08T00:06:43.7903253Z Downloading build-1.3.0-py3-none-any.whl (23 kB)
2025-10-08T00:06:43.7958316Z Downloading pyproject_hooks-1.2.0-py3-none-any.whl (10 kB)
2025-10-08T00:06:44.1579962Z Installing collected packages: pyproject_hooks, build, pip-tools
2025-10-08T00:06:44.2237736Z Successfully installed build-1.3.0 pip-tools-7.5.1 pyproject_hooks-1.2.0
2025-10-08T00:06:44.7176109Z ##[notice]Using pip-compile version: pip-compile, version 7.5.1
2025-10-08T00:06:44.7300930Z ##[group]Run if [[ -n "" ]]; then
2025-10-08T00:06:44.7301251Z [36;1mif [[ -n "" ]]; then[0m
2025-10-08T00:06:44.7301605Z [36;1m  echo "Python cache disabled via 'GH_DEPENDENCY_SUBMISSION_SKIP_CACHE'"[0m
2025-10-08T00:06:44.7301969Z [36;1melse[0m
2025-10-08T00:06:44.7302381Z [36;1m  echo "Caching Python packages. Set 'GH_DEPENDENCY_SUBMISSION_SKIP_CACHE=true' to skip caching in future."[0m
2025-10-08T00:06:44.7303103Z [36;1mfi[0m
2025-10-08T00:06:44.7334802Z shell: /usr/bin/bash -e {0}
2025-10-08T00:06:44.7335051Z env:
2025-10-08T00:06:44.7335224Z   SKIP_CACHE: 
2025-10-08T00:06:44.7335412Z ##[endgroup]
2025-10-08T00:06:44.7386398Z Caching Python packages. Set 'GH_DEPENDENCY_SUBMISSION_SKIP_CACHE=true' to skip caching in future.
2025-10-08T00:06:44.8652038Z ##[group]Run actions/cache@0400d5f644dc74513175e3cd8d07132dd4860809
2025-10-08T00:06:44.8652399Z with:
2025-10-08T00:06:44.8652582Z   path: ~/.cache/pip
2025-10-08T00:06:44.8653240Z   key: Linux-pip-python-5a00fefc972129031f421abe69b90f4bbdcde70f32fc624502f11f9b2a1e2c79
2025-10-08T00:06:44.8653689Z   restore-keys: Linux-python-

2025-10-08T00:06:44.8653937Z   enableCrossOsArchive: false
2025-10-08T00:06:44.8654169Z   fail-on-cache-miss: false
2025-10-08T00:06:44.8654382Z   lookup-only: false
2025-10-08T00:06:44.8654566Z   save-always: false
2025-10-08T00:06:44.8654749Z env:
2025-10-08T00:06:44.8654902Z   SKIP_CACHE: 
2025-10-08T00:06:44.8655074Z ##[endgroup]
2025-10-08T00:06:45.0901276Z Cache hit for: Linux-pip-python-5a00fefc972129031f421abe69b90f4bbdcde70f32fc624502f11f9b2a1e2c79
2025-10-08T00:06:45.2556389Z Received 1473765 of 1473765 (100.0%), 15.8 MBs/sec
2025-10-08T00:06:45.2557165Z Cache Size: ~1 MB (1473765 B)
2025-10-08T00:06:45.2587356Z [command]/usr/bin/tar -xf /home/runner/work/_temp/880a2804-495a-459e-8f9d-84b3d9cadd70/cache.tzst -P -C /home/runner/work/scratchattach/scratchattach --use-compress-program unzstd
2025-10-08T00:06:45.2802913Z Cache restored successfully
2025-10-08T00:06:45.2888876Z Cache restored from key: Linux-pip-python-5a00fefc972129031f421abe69b90f4bbdcde70f32fc624502f11f9b2a1e2c79
2025-10-08T00:06:45.2980903Z ##[group]Run if pip-compile --dry-run -o requirements.out requirements.txt; then
2025-10-08T00:06:45.2981488Z [36;1mif pip-compile --dry-run -o requirements.out requirements.txt; then[0m
2025-10-08T00:06:45.2981923Z [36;1m  echo "::debug::Python validate no broken dependencies"[0m
2025-10-08T00:06:45.2982301Z [36;1m  echo "{valid-project}={true}" >> "$GITHUB_OUTPUT"[0m
2025-10-08T00:06:45.2982598Z [36;1melse[0m
2025-10-08T00:06:45.2983331Z [36;1m  echo "{valid-project}={false}" >> "$GITHUB_OUTPUT"[0m
2025-10-08T00:06:45.2983775Z [36;1m  echo "### :warning: Python validation failed in repository root" >> $GITHUB_STEP_SUMMARY[0m
2025-10-08T00:06:45.2984623Z [36;1m  echo "We were unable to validate a Python project in the repository root. If your repository requires additional setup steps, you may need to check in your own workflow." >> $GITHUB_STEP_SUMMARY[0m
2025-10-08T00:06:45.2985325Z [36;1m  echo "" >> $GITHUB_STEP_SUMMARY[0m
2025-10-08T00:06:45.2986209Z [36;1m  echo "For more information on submitting Python dependencies from your own workflow, refer to [the submission action](https://github.com/actions/component-detection-dependency-submission-action)" >> $GITHUB_STEP_SUMMARY[0m
2025-10-08T00:06:45.2987130Z [36;1m  echo "::warning::Python validation failed in the repository root."[0m
2025-10-08T00:06:45.2987459Z [36;1m  exit 1[0m
2025-10-08T00:06:45.2987637Z [36;1mfi[0m
2025-10-08T00:06:45.3018885Z shell: /usr/bin/bash -e {0}
2025-10-08T00:06:45.3019101Z env:
2025-10-08T00:06:45.3019270Z   SKIP_CACHE: 
2025-10-08T00:06:45.3019464Z ##[endgroup]
2025-10-08T00:06:46.6249122Z WARNING: --strip-extras is becoming the default in version 8.0.0. To silence this warning, either use --strip-extras to opt into the new default or use --no-strip-extras to retain the existing behavior.
2025-10-08T00:06:46.6250458Z #
2025-10-08T00:06:46.6250939Z # This file is autogenerated by pip-compile with Python 3.12
2025-10-08T00:06:46.6251542Z # by the following command:
2025-10-08T00:06:46.6252108Z #
2025-10-08T00:06:46.6252834Z #    pip-compile --output-file=requirements.out requirements.txt
2025-10-08T00:06:46.6253470Z #
2025-10-08T00:06:46.6253783Z beautifulsoup4==4.14.2
2025-10-08T00:06:46.6254165Z     # via bs4
2025-10-08T00:06:46.6254508Z bs4==0.0.2
2025-10-08T00:06:46.6254828Z     # via scratchattach
2025-10-08T00:06:46.6255195Z certifi==2025.10.5
2025-10-08T00:06:46.6255513Z     # via requests
2025-10-08T00:06:46.6255833Z charset-normalizer==3.4.3
2025-10-08T00:06:46.6256191Z     # via requests
2025-10-08T00:06:46.6256483Z idna==3.10
2025-10-08T00:06:46.6257125Z     # via requests
2025-10-08T00:06:46.6257424Z requests==2.32.5
2025-10-08T00:06:46.6257724Z     # via scratchattach
2025-10-08T00:06:46.6258068Z scratchattach==2.1.13
2025-10-08T00:06:46.6258406Z     # via -r requirements.txt
2025-10-08T00:06:46.6258766Z simplewebsocketserver==0.1.2
2025-10-08T00:06:46.6259114Z     # via scratchattach
2025-10-08T00:06:46.6259401Z soupsieve==2.8
2025-10-08T00:06:46.6259689Z     # via beautifulsoup4
2025-10-08T00:06:46.6260009Z typing-extensions==4.15.0
2025-10-08T00:06:46.6260305Z     # via
2025-10-08T00:06:46.6260556Z     #   beautifulsoup4
2025-10-08T00:06:46.6260843Z     #   scratchattach
2025-10-08T00:06:46.6261162Z urllib3==2.5.0
2025-10-08T00:06:46.6261424Z     # via requests
2025-10-08T00:06:46.6261708Z websocket-client==1.9.0
2025-10-08T00:06:46.6262020Z     # via scratchattach
2025-10-08T00:06:46.6262324Z Dry-run, so nothing updated.
2025-10-08T00:06:46.7119223Z ##[group]Run actions/component-detection-dependency-submission-action@374343effede691df3a5ffaf36b4e7acab919590
2025-10-08T00:06:46.7119759Z with:
2025-10-08T00:06:46.7119956Z   detectorsCategories: Python
2025-10-08T00:06:46.7120198Z   detectorsFilter: PipReport
2025-10-08T00:06:46.7120463Z   snapshot-sha: fa3e014d094e74c6d9762f24701dde90fcd405c3
2025-10-08T00:06:46.7120771Z   snapshot-ref: refs/heads/scratch_chat_dev
2025-10-08T00:06:46.7121058Z   detector-name: Automatic Dependency Submission
2025-10-08T00:06:46.7121330Z   detector-version: 20dcddf105be
2025-10-08T00:06:46.7121779Z   detector-url: https://github.com/actions/component-detection-dependency-submission-action
2025-10-08T00:06:46.7122331Z   token: ***
2025-10-08T00:06:46.7122511Z   filePath: .
2025-10-08T00:06:46.7122937Z env:
2025-10-08T00:06:46.7123110Z   SKIP_CACHE: 
2025-10-08T00:06:46.7123290Z ##[endgroup]
2025-10-08T00:06:47.4483373Z Running component-detection
2025-10-08T00:06:47.4527308Z [command]/home/runner/work/scratchattach/scratchattach/component-detection scan --SourceDirectory . --ManifestFile ./output.json --DetectorsFilter PipReport --DetectorCategories Python
2025-10-08T00:06:47.8017421Z [00:06:47 INF] Finding components...
2025-10-08T00:06:48.4466508Z [00:06:48 INF] Starting enumeration of /home/runner/work/scratchattach/scratchattach
2025-10-08T00:06:48.4665527Z [00:06:48 INF] Enumerated 17 files and 0 directories in 00:00:00.0199135
2025-10-08T00:06:48.4940017Z [00:06:48 INF] PipReport: Generating pip installation report for /home/runner/work/scratchattach/scratchattach/requirements.txt
2025-10-08T00:06:50.0770369Z [00:06:50 INF] PipReport: Pip installation report for /home/runner/work/scratchattach/scratchattach/requirements.txt completed in 1.581 seconds with 12 detected packages.
2025-10-08T00:06:50.2084053Z                                [38;5;7mDetection Summary[0m                                
2025-10-08T00:06:50.2085471Z ┌───────────────────┬───────────────────┬───────────────────┬──────────────────┐
2025-10-08T00:06:50.2087015Z │ [1mComponent [0m        │ [1mDetection Time[0m    │ [1m# Components [0m     │ [1m# Explicitly [0m    │
2025-10-08T00:06:50.2088474Z │ [1mDetector Id[0m       │                   │ [1mFound[0m             │ [1mReferenced[0m       │
2025-10-08T00:06:50.2089300Z ├───────────────────┼───────────────────┼───────────────────┼──────────────────┤
2025-10-08T00:06:50.2090083Z │ [38;5;14mPipReport[0m         │ 2.3 seconds       │ 12                │ 1                │
2025-10-08T00:06:50.2090903Z │ ───────────────── │ ───────────────── │ ───────────────── │ ──────────────── │
2025-10-08T00:06:50.2091629Z │ [1;4mTotal[0m             │ 2.3 seconds       │ 12                │ 1                │
2025-10-08T00:06:50.2092360Z └───────────────────┴───────────────────┴───────────────────┴──────────────────┘
2025-10-08T00:06:50.2117363Z [00:06:50 INF] 
2025-10-08T00:06:50.2118787Z [00:06:50 INF] 
2025-10-08T00:06:50.2130854Z [00:06:50 INF] Detection time: 2.3193866 seconds.
2025-10-08T00:06:50.2466288Z [00:06:50 INF] Scan Manifest file: /home/runner/work/scratchattach/scratchattach/output.json
2025-10-08T00:06:50.3048170Z Getting manifests from results
2025-10-08T00:06:50.3099826Z ##[notice]Submitting snapshot...
2025-10-08T00:06:50.3127965Z ##[notice]{
    "manifests": {
        "requirements.txt": {
            "resolved": {
                "pkg:pypi/requests@2.32.5": {
                    "package_url": "pkg:pypi/requests@2.32.5",
                    "relationship": "indirect",
                    "scope": "runtime",
                    "dependencies": []
                },
                "pkg:pypi/websocket-client@1.9.0": {
                    "package_url": "pkg:pypi/websocket-client@1.9.0",
                    "relationship": "indirect",
                    "scope": "runtime",
                    "dependencies": []
                },
                "pkg:pypi/certifi@2025.10.5": {
                    "package_url": "pkg:pypi/certifi@2025.10.5",
                    "relationship": "indirect",
                    "scope": "runtime",
                    "dependencies": []
                },
                "pkg:pypi/urllib3@2.5.0": {
                    "package_url": "pkg:pypi/urllib3@2.5.0",
                    "relationship": "indirect",
                    "scope": "runtime",
                    "dependencies": []
                },
                "pkg:pypi/typing-extensions@4.15.0": {
                    "package_url": "pkg:pypi/typing-extensions@4.15.0",
                    "relationship": "indirect",
                    "scope": "runtime",
                    "dependencies": []
                },
                "pkg:pypi/bs4@0.0.2": {
                    "package_url": "pkg:pypi/bs4@0.0.2",
                    "relationship": "indirect",
                    "scope": "runtime",
                    "dependencies": []
                },
                "pkg:pypi/beautifulsoup4@4.14.2": {
                    "package_url": "pkg:pypi/beautifulsoup4@4.14.2",
                    "relationship": "indirect",
                    "scope": "runtime",
                    "dependencies": []
                },
                "pkg:pypi/soupsieve@2.8": {
                    "package_url": "pkg:pypi/soupsieve@2.8",
                    "relationship": "indirect",
                    "scope": "runtime",
                    "dependencies": []
                },
                "pkg:pypi/simplewebsocketserver@0.1.2": {
                    "package_url": "pkg:pypi/simplewebsocketserver@0.1.2",
                    "relationship": "indirect",
                    "scope": "runtime",
                    "dependencies": []
                },
                "pkg:pypi/scratchattach@2.1.13": {
                    "package_url": "pkg:pypi/scratchattach@2.1.13",
                    "relationship": "direct",
                    "scope": "runtime",
                    "dependencies": [
                        "pkg:pypi/requests@2.32.5",
                        "pkg:pypi/websocket-client@1.9.0",
                        "pkg:pypi/certifi@2025.10.5",
                        "pkg:pypi/urllib3@2.5.0",
                        "pkg:pypi/typing-extensions@4.15.0",
                        "pkg:pypi/bs4@0.0.2",
                        "pkg:pypi/beautifulsoup4@4.14.2",
                        "pkg:pypi/soupsieve@2.8",
                        "pkg:pypi/simplewebsocketserver@0.1.2",
                        "pkg:pypi/idna@3.10",
                        "pkg:pypi/charset-normalizer@3.4.3"
                    ]
                },
                "pkg:pypi/idna@3.10": {
                    "package_url": "pkg:pypi/idna@3.10",
                    "relationship": "indirect",
                    "scope": "runtime",
                    "dependencies": []
                },
                "pkg:pypi/charset-normalizer@3.4.3": {
                    "package_url": "pkg:pypi/charset-normalizer@3.4.3",
                    "relationship": "indirect",
                    "scope": "runtime",
                    "dependencies": []
                }
            },
            "name": "requirements.txt",
            "file": {
                "source_location": "requirements.txt"
            }
        }
    },
    "version": 0,
    "job": {
        "correlator": "submit-pypi",
        "id": "18329555003"
    },
    "sha
2025-10-08T00:06:50.5763662Z ##[notice]Snapshot successfully created at 2025-10-08T00:06:50.504Z
2025-10-08T00:06:50.7850846Z Post job cleanup.
2025-10-08T00:06:50.9334137Z Cache hit occurred on the primary key Linux-pip-python-5a00fefc972129031f421abe69b90f4bbdcde70f32fc624502f11f9b2a1e2c79, not saving cache.
2025-10-08T00:06:50.9421175Z Post job cleanup.
2025-10-08T00:06:51.1038707Z Post job cleanup.
2025-10-08T00:06:51.1804958Z [command]/usr/bin/git version
2025-10-08T00:06:51.1840289Z git version 2.51.0
2025-10-08T00:06:51.1876324Z Temporarily overriding HOME='/home/runner/work/_temp/951bd006-1008-43e8-aaa3-895b032d8148' before making global git config changes
2025-10-08T00:06:51.1877949Z Adding repository directory to the temporary git global config as a safe directory
2025-10-08T00:06:51.1881810Z [command]/usr/bin/git config --global --add safe.directory /home/runner/work/scratchattach/scratchattach
2025-10-08T00:06:51.1919657Z [command]/usr/bin/git config --local --name-only --get-regexp core\.sshCommand
2025-10-08T00:06:51.1976253Z [command]/usr/bin/git submodule foreach --recursive sh -c "git config --local --name-only --get-regexp 'core\.sshCommand' && git config --local --unset-all 'core.sshCommand' || :"
2025-10-08T00:06:51.2199394Z [command]/usr/bin/git config --local --name-only --get-regexp http\.https\:\/\/github\.com\/\.extraheader
2025-10-08T00:06:51.2220215Z http.https://github.com/.extraheader
2025-10-08T00:06:51.2229887Z [command]/usr/bin/git config --local --unset-all http.https://github.com/.extraheader
2025-10-08T00:06:51.2260447Z [command]/usr/bin/git submodule foreach --recursive sh -c "git config --local --name-only --get-regexp 'http\.https\:\/\/github\.com\/\.extraheader' && git config --local --unset-all 'http.https://github.com/.extraheader' || :"
2025-10-08T00:06:51.2585948Z Cleaning up orphan processes
