2025-12-28T19:13:46.3558385Z Current runner version: '2.330.0'
2025-12-28T19:13:46.3585309Z ##[group]Runner Image Provisioner
2025-12-28T19:13:46.3586062Z Hosted Compute Agent
2025-12-28T19:13:46.3586947Z Version: 20251211.462
2025-12-28T19:13:46.3587795Z Commit: 6cbad8c2bb55d58165063d031ccabf57e2d2db61
2025-12-28T19:13:46.3588464Z Build Date: 2025-12-11T16:28:49Z
2025-12-28T19:13:46.3589107Z Worker ID: {7618f4c0-59cd-49f8-82f0-38bdbcf10a8f}
2025-12-28T19:13:46.3589893Z ##[endgroup]
2025-12-28T19:13:46.3590382Z ##[group]Operating System
2025-12-28T19:13:46.3591078Z Ubuntu
2025-12-28T19:13:46.3591587Z 24.04.3
2025-12-28T19:13:46.3592049Z LTS
2025-12-28T19:13:46.3592516Z ##[endgroup]
2025-12-28T19:13:46.3593045Z ##[group]Runner Image
2025-12-28T19:13:46.3593592Z Image: ubuntu-24.04
2025-12-28T19:13:46.3594084Z Version: 20251215.174.1
2025-12-28T19:13:46.3595131Z Included Software: https://github.com/actions/runner-images/blob/ubuntu24/20251215.174/images/ubuntu/Ubuntu2404-Readme.md
2025-12-28T19:13:46.3596724Z Image Release: https://github.com/actions/runner-images/releases/tag/ubuntu24%2F20251215.174
2025-12-28T19:13:46.3597748Z ##[endgroup]
2025-12-28T19:13:46.3600337Z ##[group]GITHUB_TOKEN Permissions
2025-12-28T19:13:46.3603121Z Actions: write
2025-12-28T19:13:46.3603700Z ArtifactMetadata: write
2025-12-28T19:13:46.3604239Z Attestations: write
2025-12-28T19:13:46.3604888Z Checks: write
2025-12-28T19:13:46.3605598Z Contents: write
2025-12-28T19:13:46.3606090Z Deployments: write
2025-12-28T19:13:46.3606716Z Discussions: write
2025-12-28T19:13:46.3607228Z Issues: write
2025-12-28T19:13:46.3607678Z Metadata: read
2025-12-28T19:13:46.3608211Z Models: read
2025-12-28T19:13:46.3608691Z Packages: write
2025-12-28T19:13:46.3609158Z Pages: write
2025-12-28T19:13:46.3609742Z PullRequests: write
2025-12-28T19:13:46.3610397Z RepositoryProjects: write
2025-12-28T19:13:46.3611263Z SecurityEvents: write
2025-12-28T19:13:46.3611880Z Statuses: write
2025-12-28T19:13:46.3612385Z ##[endgroup]
2025-12-28T19:13:46.3614632Z Secret source: Actions
2025-12-28T19:13:46.3615676Z Prepare workflow directory
2025-12-28T19:13:46.3966325Z Prepare all required actions
2025-12-28T19:13:46.4007111Z Getting action download info
2025-12-28T19:13:46.7543681Z Download action repository 'actions/checkout@v6.0.1' (SHA:8e8c483db84b4bee98b60c0593521ed34d9990e8)
2025-12-28T19:13:47.0123601Z Download action repository 'actions/setup-python@v6.1.0' (SHA:83679a892e2d95755f2dac6acb0bfd1e9ac5d548)
2025-12-28T19:13:47.2362630Z Complete job name: Run 1
2025-12-28T19:13:47.3093247Z ##[group]Run actions/checkout@v6.0.1
2025-12-28T19:13:47.3094132Z with:
2025-12-28T19:13:47.3094506Z   ref: main
2025-12-28T19:13:47.3094905Z   repository: Boss-1s/scratchattach
2025-12-28T19:13:47.3095597Z   token: ***
2025-12-28T19:13:47.3095977Z   ssh-strict: true
2025-12-28T19:13:47.3096367Z   ssh-user: git
2025-12-28T19:13:47.3096771Z   persist-credentials: true
2025-12-28T19:13:47.3097200Z   clean: true
2025-12-28T19:13:47.3097604Z   sparse-checkout-cone-mode: true
2025-12-28T19:13:47.3098079Z   fetch-depth: 1
2025-12-28T19:13:47.3098483Z   fetch-tags: false
2025-12-28T19:13:47.3098884Z   show-progress: true
2025-12-28T19:13:47.3099292Z   lfs: false
2025-12-28T19:13:47.3099648Z   submodules: false
2025-12-28T19:13:47.3100047Z   set-safe-directory: true
2025-12-28T19:13:47.3101013Z ##[endgroup]
2025-12-28T19:13:47.4089014Z Syncing repository: Boss-1s/scratchattach
2025-12-28T19:13:47.4091713Z ##[group]Getting Git version info
2025-12-28T19:13:47.4093050Z Working directory is '/home/runner/work/scratchattach/scratchattach'
2025-12-28T19:13:47.4094737Z [command]/usr/bin/git version
2025-12-28T19:13:47.4185260Z git version 2.52.0
2025-12-28T19:13:47.4241425Z ##[endgroup]
2025-12-28T19:13:47.4258934Z Temporarily overriding HOME='/home/runner/work/_temp/bc842182-ee2a-470a-ac6d-57c18e2a43c3' before making global git config changes
2025-12-28T19:13:47.4261506Z Adding repository directory to the temporary git global config as a safe directory
2025-12-28T19:13:47.4265691Z [command]/usr/bin/git config --global --add safe.directory /home/runner/work/scratchattach/scratchattach
2025-12-28T19:13:47.4312471Z Deleting the contents of '/home/runner/work/scratchattach/scratchattach'
2025-12-28T19:13:47.4316315Z ##[group]Initializing the repository
2025-12-28T19:13:47.4322407Z [command]/usr/bin/git init /home/runner/work/scratchattach/scratchattach
2025-12-28T19:13:47.4474148Z hint: Using 'master' as the name for the initial branch. This default branch name
2025-12-28T19:13:47.4475556Z hint: will change to "main" in Git 3.0. To configure the initial branch name
2025-12-28T19:13:47.4476627Z hint: to use in all of your new repositories, which will suppress this warning,
2025-12-28T19:13:47.4478059Z hint: call:
2025-12-28T19:13:47.4478520Z hint:
2025-12-28T19:13:47.4479184Z hint: 	git config --global init.defaultBranch <name>
2025-12-28T19:13:47.4480351Z hint:
2025-12-28T19:13:47.4481692Z hint: Names commonly chosen instead of 'master' are 'main', 'trunk' and
2025-12-28T19:13:47.4483460Z hint: 'development'. The just-created branch can be renamed via this command:
2025-12-28T19:13:47.4484833Z hint:
2025-12-28T19:13:47.4485559Z hint: 	git branch -m <name>
2025-12-28T19:13:47.4486525Z hint:
2025-12-28T19:13:47.4487830Z hint: Disable this message with "git config set advice.defaultBranchName false"
2025-12-28T19:13:47.4490173Z Initialized empty Git repository in /home/runner/work/scratchattach/scratchattach/.git/
2025-12-28T19:13:47.4493675Z [command]/usr/bin/git remote add origin https://github.com/Boss-1s/scratchattach
2025-12-28T19:13:47.4531429Z ##[endgroup]
2025-12-28T19:13:47.4532644Z ##[group]Disabling automatic garbage collection
2025-12-28T19:13:47.4536349Z [command]/usr/bin/git config --local gc.auto 0
2025-12-28T19:13:47.4566863Z ##[endgroup]
2025-12-28T19:13:47.4568125Z ##[group]Setting up auth
2025-12-28T19:13:47.4569070Z Removing SSH command configuration
2025-12-28T19:13:47.4575265Z [command]/usr/bin/git config --local --name-only --get-regexp core\.sshCommand
2025-12-28T19:13:47.4610044Z [command]/usr/bin/git submodule foreach --recursive sh -c "git config --local --name-only --get-regexp 'core\.sshCommand' && git config --local --unset-all 'core.sshCommand' || :"
2025-12-28T19:13:47.4985866Z Removing HTTP extra header
2025-12-28T19:13:47.4992865Z [command]/usr/bin/git config --local --name-only --get-regexp http\.https\:\/\/github\.com\/\.extraheader
2025-12-28T19:13:47.5029537Z [command]/usr/bin/git submodule foreach --recursive sh -c "git config --local --name-only --get-regexp 'http\.https\:\/\/github\.com\/\.extraheader' && git config --local --unset-all 'http.https://github.com/.extraheader' || :"
2025-12-28T19:13:47.5249770Z Removing includeIf entries pointing to credentials config files
2025-12-28T19:13:47.5256414Z [command]/usr/bin/git config --local --name-only --get-regexp ^includeIf\.gitdir:
2025-12-28T19:13:47.5293047Z [command]/usr/bin/git submodule foreach --recursive git config --local --show-origin --name-only --get-regexp remote.origin.url
2025-12-28T19:13:47.5544059Z [command]/usr/bin/git config --file /home/runner/work/_temp/git-credentials-aaede31d-0b47-4a0a-a90c-cf42f7aaa8d8.config http.https://github.com/.extraheader AUTHORIZATION: basic ***
2025-12-28T19:13:47.5586262Z [command]/usr/bin/git config --local includeIf.gitdir:/home/runner/work/scratchattach/scratchattach/.git.path /home/runner/work/_temp/git-credentials-aaede31d-0b47-4a0a-a90c-cf42f7aaa8d8.config
2025-12-28T19:13:47.5618098Z [command]/usr/bin/git config --local includeIf.gitdir:/home/runner/work/scratchattach/scratchattach/.git/worktrees/*.path /home/runner/work/_temp/git-credentials-aaede31d-0b47-4a0a-a90c-cf42f7aaa8d8.config
2025-12-28T19:13:47.5649592Z [command]/usr/bin/git config --local includeIf.gitdir:/github/workspace/.git.path /github/runner_temp/git-credentials-aaede31d-0b47-4a0a-a90c-cf42f7aaa8d8.config
2025-12-28T19:13:47.5681231Z [command]/usr/bin/git config --local includeIf.gitdir:/github/workspace/.git/worktrees/*.path /github/runner_temp/git-credentials-aaede31d-0b47-4a0a-a90c-cf42f7aaa8d8.config
2025-12-28T19:13:47.5707726Z ##[endgroup]
2025-12-28T19:13:47.5708758Z ##[group]Fetching the repository
2025-12-28T19:13:47.5717649Z [command]/usr/bin/git -c protocol.version=2 fetch --no-tags --prune --no-recurse-submodules --depth=1 origin +refs/heads/main*:refs/remotes/origin/main* +refs/tags/main*:refs/tags/main*
2025-12-28T19:13:50.5463772Z From https://github.com/Boss-1s/scratchattach
2025-12-28T19:13:50.5465256Z  * [new branch]      main       -> origin/main
2025-12-28T19:13:50.5503813Z ##[endgroup]
2025-12-28T19:13:50.5505319Z ##[group]Determining the checkout info
2025-12-28T19:13:50.5509546Z [command]/usr/bin/git branch --list --remote origin/main
2025-12-28T19:13:50.5546123Z   origin/main
2025-12-28T19:13:50.5552503Z ##[endgroup]
2025-12-28T19:13:50.5557581Z [command]/usr/bin/git sparse-checkout disable
2025-12-28T19:13:50.5608181Z [command]/usr/bin/git config --local --unset-all extensions.worktreeConfig
2025-12-28T19:13:50.5642750Z ##[group]Checking out the ref
2025-12-28T19:13:50.5645987Z [command]/usr/bin/git checkout --progress --force -B main refs/remotes/origin/main
2025-12-28T19:13:51.2814847Z Switched to a new branch 'main'
2025-12-28T19:13:51.2816488Z branch 'main' set up to track 'origin/main'.
2025-12-28T19:13:51.2896485Z ##[endgroup]
2025-12-28T19:13:51.2939993Z [command]/usr/bin/git log -1 --format=%H
2025-12-28T19:13:51.2965697Z 7a0b3a93ee43370053e05aacfd8e2b03dd79df5f
2025-12-28T19:13:51.3200987Z ##[group]Run actions/setup-python@v6.1.0
2025-12-28T19:13:51.3201381Z with:
2025-12-28T19:13:51.3201607Z   python-version: 3.13
2025-12-28T19:13:51.3201874Z   check-latest: false
2025-12-28T19:13:51.3202263Z   token: ***
2025-12-28T19:13:51.3202494Z   update-environment: true
2025-12-28T19:13:51.3202770Z   allow-prereleases: false
2025-12-28T19:13:51.3203039Z   freethreaded: false
2025-12-28T19:13:51.3203266Z ##[endgroup]
2025-12-28T19:13:51.4491472Z ##[group]Installed versions
2025-12-28T19:13:51.4910760Z (node:2112) [DEP0040] DeprecationWarning: The `punycode` module is deprecated. Please use a userland alternative instead.
2025-12-28T19:13:51.4911755Z (Use `node --trace-deprecation ...` to show where the warning was created)
2025-12-28T19:13:51.4912679Z Successfully set up CPython (3.13.11)
2025-12-28T19:13:51.4913678Z ##[endgroup]
2025-12-28T19:13:51.5045546Z ##[group]Run pip install -r requirements.txt
2025-12-28T19:13:51.5046036Z [36;1mpip install -r requirements.txt[0m
2025-12-28T19:13:51.5092303Z shell: /usr/bin/bash -e {0}
2025-12-28T19:13:51.5092617Z env:
2025-12-28T19:13:51.5092919Z   pythonLocation: /opt/hostedtoolcache/Python/3.13.11/x64
2025-12-28T19:13:51.5093399Z   PKG_CONFIG_PATH: /opt/hostedtoolcache/Python/3.13.11/x64/lib/pkgconfig
2025-12-28T19:13:51.5093843Z   Python_ROOT_DIR: /opt/hostedtoolcache/Python/3.13.11/x64
2025-12-28T19:13:51.5094238Z   Python2_ROOT_DIR: /opt/hostedtoolcache/Python/3.13.11/x64
2025-12-28T19:13:51.5094633Z   Python3_ROOT_DIR: /opt/hostedtoolcache/Python/3.13.11/x64
2025-12-28T19:13:51.5095016Z   LD_LIBRARY_PATH: /opt/hostedtoolcache/Python/3.13.11/x64/lib
2025-12-28T19:13:51.5095346Z ##[endgroup]
2025-12-28T19:13:55.6289560Z Collecting scratchattach>=2.1.15b0 (from -r requirements.txt (line 1))
2025-12-28T19:13:55.7444215Z   Downloading scratchattach-2.1.15b0-py3-none-any.whl.metadata (5.7 kB)
2025-12-28T19:13:55.7725874Z Collecting websocket-client (from scratchattach>=2.1.15b0->-r requirements.txt (line 1))
2025-12-28T19:13:55.7932514Z   Downloading websocket_client-1.9.0-py3-none-any.whl.metadata (8.3 kB)
2025-12-28T19:13:55.8267407Z Collecting requests (from scratchattach>=2.1.15b0->-r requirements.txt (line 1))
2025-12-28T19:13:55.8473326Z   Downloading requests-2.32.5-py3-none-any.whl.metadata (4.9 kB)
2025-12-28T19:13:55.8633882Z Collecting bs4 (from scratchattach>=2.1.15b0->-r requirements.txt (line 1))
2025-12-28T19:13:55.8835931Z   Downloading bs4-0.0.2-py2.py3-none-any.whl.metadata (411 bytes)
2025-12-28T19:13:55.8942464Z Collecting SimpleWebSocketServer (from scratchattach>=2.1.15b0->-r requirements.txt (line 1))
2025-12-28T19:13:55.9148618Z   Downloading SimpleWebSocketServer-0.1.2.tar.gz (10 kB)
2025-12-28T19:13:55.9256391Z   Installing build dependencies: started
2025-12-28T19:13:57.4685563Z   Installing build dependencies: finished with status 'done'
2025-12-28T19:13:57.4690838Z   Getting requirements to build wheel: started
2025-12-28T19:13:57.9032020Z   Getting requirements to build wheel: finished with status 'done'
2025-12-28T19:13:57.9041576Z   Preparing metadata (pyproject.toml): started
2025-12-28T19:13:58.1065710Z   Preparing metadata (pyproject.toml): finished with status 'done'
2025-12-28T19:13:58.1294498Z Collecting typing-extensions (from scratchattach>=2.1.15b0->-r requirements.txt (line 1))
2025-12-28T19:13:58.1505786Z   Downloading typing_extensions-4.15.0-py3-none-any.whl.metadata (3.3 kB)
2025-12-28T19:13:58.1668158Z Collecting browser_cookie3 (from scratchattach>=2.1.15b0->-r requirements.txt (line 1))
2025-12-28T19:13:58.1880729Z   Downloading browser_cookie3-0.20.1-py3-none-any.whl.metadata (713 bytes)
2025-12-28T19:13:58.2588432Z Collecting lz4 (from browser_cookie3->scratchattach>=2.1.15b0->-r requirements.txt (line 1))
2025-12-28T19:13:58.2798488Z   Downloading lz4-4.4.5-cp313-cp313-manylinux2014_x86_64.manylinux_2_17_x86_64.manylinux_2_28_x86_64.whl.metadata (3.8 kB)
2025-12-28T19:13:58.3632609Z Collecting pycryptodomex (from browser_cookie3->scratchattach>=2.1.15b0->-r requirements.txt (line 1))
2025-12-28T19:13:58.3844815Z   Downloading pycryptodomex-3.23.0-cp37-abi3-manylinux_2_17_x86_64.manylinux2014_x86_64.whl.metadata (3.4 kB)
2025-12-28T19:13:58.4037546Z Collecting jeepney (from browser_cookie3->scratchattach>=2.1.15b0->-r requirements.txt (line 1))
2025-12-28T19:13:58.4241198Z   Downloading jeepney-0.9.0-py3-none-any.whl.metadata (1.2 kB)
2025-12-28T19:13:58.4448284Z Collecting beautifulsoup4 (from bs4->scratchattach>=2.1.15b0->-r requirements.txt (line 1))
2025-12-28T19:13:58.4656534Z   Downloading beautifulsoup4-4.14.3-py3-none-any.whl.metadata (3.8 kB)
2025-12-28T19:13:58.4853145Z Collecting soupsieve>=1.6.1 (from beautifulsoup4->bs4->scratchattach>=2.1.15b0->-r requirements.txt (line 1))
2025-12-28T19:13:58.5058939Z   Downloading soupsieve-2.8.1-py3-none-any.whl.metadata (4.6 kB)
2025-12-28T19:13:58.6171986Z Collecting charset_normalizer<4,>=2 (from requests->scratchattach>=2.1.15b0->-r requirements.txt (line 1))
2025-12-28T19:13:58.6445972Z   Downloading charset_normalizer-3.4.4-cp313-cp313-manylinux2014_x86_64.manylinux_2_17_x86_64.manylinux_2_28_x86_64.whl.metadata (37 kB)
2025-12-28T19:13:58.6636080Z Collecting idna<4,>=2.5 (from requests->scratchattach>=2.1.15b0->-r requirements.txt (line 1))
2025-12-28T19:13:58.6838524Z   Downloading idna-3.11-py3-none-any.whl.metadata (8.4 kB)
2025-12-28T19:13:58.7138463Z Collecting urllib3<3,>=1.21.1 (from requests->scratchattach>=2.1.15b0->-r requirements.txt (line 1))
2025-12-28T19:13:58.7339486Z   Downloading urllib3-2.6.2-py3-none-any.whl.metadata (6.6 kB)
2025-12-28T19:13:58.7565723Z Collecting certifi>=2017.4.17 (from requests->scratchattach>=2.1.15b0->-r requirements.txt (line 1))
2025-12-28T19:13:58.7770062Z   Downloading certifi-2025.11.12-py3-none-any.whl.metadata (2.5 kB)
2025-12-28T19:13:58.8059296Z Downloading scratchattach-2.1.15b0-py3-none-any.whl (145 kB)
2025-12-28T19:13:58.8632965Z Downloading browser_cookie3-0.20.1-py3-none-any.whl (17 kB)
2025-12-28T19:13:58.9174028Z Downloading bs4-0.0.2-py2.py3-none-any.whl (1.2 kB)
2025-12-28T19:13:58.9626712Z Downloading beautifulsoup4-4.14.3-py3-none-any.whl (107 kB)
2025-12-28T19:13:58.9887596Z Downloading soupsieve-2.8.1-py3-none-any.whl (36 kB)
2025-12-28T19:13:59.0120206Z Downloading typing_extensions-4.15.0-py3-none-any.whl (44 kB)
2025-12-28T19:13:59.0349867Z Downloading jeepney-0.9.0-py3-none-any.whl (49 kB)
2025-12-28T19:13:59.0584330Z Downloading lz4-4.4.5-cp313-cp313-manylinux2014_x86_64.manylinux_2_17_x86_64.manylinux_2_28_x86_64.whl (1.4 MB)
2025-12-28T19:13:59.1089492Z    ━━━━━━━━━━━━━━━━━━━━━━━━━━━━━━━━━━━━━━━━ 1.4/1.4 MB 37.3 MB/s  0:00:00
2025-12-28T19:13:59.1299322Z Downloading pycryptodomex-3.23.0-cp37-abi3-manylinux_2_17_x86_64.manylinux2014_x86_64.whl (2.3 MB)
2025-12-28T19:13:59.1566410Z    ━━━━━━━━━━━━━━━━━━━━━━━━━━━━━━━━━━━━━━━━ 2.3/2.3 MB 85.4 MB/s  0:00:00
2025-12-28T19:13:59.1775699Z Downloading requests-2.32.5-py3-none-any.whl (64 kB)
2025-12-28T19:13:59.2009050Z Downloading charset_normalizer-3.4.4-cp313-cp313-manylinux2014_x86_64.manylinux_2_17_x86_64.manylinux_2_28_x86_64.whl (153 kB)
2025-12-28T19:13:59.2250472Z Downloading idna-3.11-py3-none-any.whl (71 kB)
2025-12-28T19:13:59.2476331Z Downloading urllib3-2.6.2-py3-none-any.whl (131 kB)
2025-12-28T19:13:59.2704366Z Downloading certifi-2025.11.12-py3-none-any.whl (159 kB)
2025-12-28T19:13:59.2952285Z Downloading websocket_client-1.9.0-py3-none-any.whl (82 kB)
2025-12-28T19:13:59.3177050Z Building wheels for collected packages: SimpleWebSocketServer
2025-12-28T19:13:59.3186338Z   Building wheel for SimpleWebSocketServer (pyproject.toml): started
2025-12-28T19:13:59.5535798Z   Building wheel for SimpleWebSocketServer (pyproject.toml): finished with status 'done'
2025-12-28T19:13:59.5542031Z   Created wheel for SimpleWebSocketServer: filename=simplewebsocketserver-0.1.2-py3-none-any.whl size=9715 sha256=1a18d6e123a40d8b32a8b3cb0096da328cb01132de2ccdb2fe78e82e91f45448
2025-12-28T19:13:59.5543672Z   Stored in directory: /home/runner/.cache/pip/wheels/c4/5b/e8/4f2c15a82edc4923058056f6681373168be02a0c00389a6dcf
2025-12-28T19:13:59.5562881Z Successfully built SimpleWebSocketServer
2025-12-28T19:13:59.5808441Z Installing collected packages: SimpleWebSocketServer, websocket-client, urllib3, typing-extensions, soupsieve, pycryptodomex, lz4, jeepney, idna, charset_normalizer, certifi, requests, browser_cookie3, beautifulsoup4, bs4, scratchattach
2025-12-28T19:14:00.7359531Z 
2025-12-28T19:14:00.7386202Z Successfully installed SimpleWebSocketServer-0.1.2 beautifulsoup4-4.14.3 browser_cookie3-0.20.1 bs4-0.0.2 certifi-2025.11.12 charset_normalizer-3.4.4 idna-3.11 jeepney-0.9.0 lz4-4.4.5 pycryptodomex-3.23.0 requests-2.32.5 scratchattach-2.1.15b0 soupsieve-2.8.1 typing-extensions-4.15.0 urllib3-2.6.2 websocket-client-1.9.0
2025-12-28T19:14:00.9584169Z ##[group]Run actions/checkout@v6.0.1
2025-12-28T19:14:00.9584439Z with:
2025-12-28T19:14:00.9584603Z   ref: main
2025-12-28T19:14:00.9584778Z   repository: Boss-1s/scratchattach
2025-12-28T19:14:00.9585130Z   token: ***
2025-12-28T19:14:00.9585310Z   ssh-strict: true
2025-12-28T19:14:00.9585481Z   ssh-user: git
2025-12-28T19:14:00.9585678Z   persist-credentials: true
2025-12-28T19:14:00.9585888Z   clean: true
2025-12-28T19:14:00.9586077Z   sparse-checkout-cone-mode: true
2025-12-28T19:14:00.9586330Z   fetch-depth: 1
2025-12-28T19:14:00.9586502Z   fetch-tags: false
2025-12-28T19:14:00.9586684Z   show-progress: true
2025-12-28T19:14:00.9586861Z   lfs: false
2025-12-28T19:14:00.9587031Z   submodules: false
2025-12-28T19:14:00.9587216Z   set-safe-directory: true
2025-12-28T19:14:00.9587408Z env:
2025-12-28T19:14:00.9587630Z   pythonLocation: /opt/hostedtoolcache/Python/3.13.11/x64
2025-12-28T19:14:00.9588022Z   PKG_CONFIG_PATH: /opt/hostedtoolcache/Python/3.13.11/x64/lib/pkgconfig
2025-12-28T19:14:00.9588458Z   Python_ROOT_DIR: /opt/hostedtoolcache/Python/3.13.11/x64
2025-12-28T19:14:00.9588794Z   Python2_ROOT_DIR: /opt/hostedtoolcache/Python/3.13.11/x64
2025-12-28T19:14:00.9589129Z   Python3_ROOT_DIR: /opt/hostedtoolcache/Python/3.13.11/x64
2025-12-28T19:14:00.9589473Z   LD_LIBRARY_PATH: /opt/hostedtoolcache/Python/3.13.11/x64/lib
2025-12-28T19:14:00.9589759Z ##[endgroup]
2025-12-28T19:14:01.0368521Z Syncing repository: Boss-1s/scratchattach
2025-12-28T19:14:01.0371064Z ##[group]Getting Git version info
2025-12-28T19:14:01.0371884Z Working directory is '/home/runner/work/scratchattach/scratchattach'
2025-12-28T19:14:01.0409161Z [command]/usr/bin/git version
2025-12-28T19:14:01.0447358Z git version 2.52.0
2025-12-28T19:14:01.0472360Z ##[endgroup]
2025-12-28T19:14:01.0487782Z Temporarily overriding HOME='/home/runner/work/_temp/daffa0b4-3666-4685-8ccb-cc68e826367b' before making global git config changes
2025-12-28T19:14:01.0489079Z Adding repository directory to the temporary git global config as a safe directory
2025-12-28T19:14:01.0494226Z [command]/usr/bin/git config --global --add safe.directory /home/runner/work/scratchattach/scratchattach
2025-12-28T19:14:01.0536181Z [command]/usr/bin/git config --local --get remote.origin.url
2025-12-28T19:14:01.0559979Z https://github.com/Boss-1s/scratchattach
2025-12-28T19:14:01.0574337Z ##[group]Removing previously created refs, to avoid conflicts
2025-12-28T19:14:01.0578592Z [command]/usr/bin/git rev-parse --symbolic-full-name --verify --quiet HEAD
2025-12-28T19:14:01.0600790Z refs/heads/main
2025-12-28T19:14:01.0610832Z [command]/usr/bin/git checkout --detach
2025-12-28T19:14:01.3088509Z HEAD is now at 7a0b3a9 [BOT] Download Logs
2025-12-28T19:14:01.3148539Z [command]/usr/bin/git branch --delete --force main
2025-12-28T19:14:01.3180333Z Deleted branch main (was 7a0b3a9).
2025-12-28T19:14:01.3226248Z ##[endgroup]
2025-12-28T19:14:01.3233567Z [command]/usr/bin/git submodule status
2025-12-28T19:14:01.3497191Z ##[group]Cleaning the repository
2025-12-28T19:14:01.3503878Z [command]/usr/bin/git clean -ffdx
2025-12-28T19:14:01.3557307Z [command]/usr/bin/git reset --hard HEAD
2025-12-28T19:14:01.3657779Z HEAD is now at 7a0b3a9 [BOT] Download Logs
2025-12-28T19:14:01.3663811Z ##[endgroup]
2025-12-28T19:14:01.3666249Z ##[group]Disabling automatic garbage collection
2025-12-28T19:14:01.3670701Z [command]/usr/bin/git config --local gc.auto 0
2025-12-28T19:14:01.3699353Z ##[endgroup]
2025-12-28T19:14:01.3699937Z ##[group]Setting up auth
2025-12-28T19:14:01.3701982Z Removing SSH command configuration
2025-12-28T19:14:01.3708384Z [command]/usr/bin/git config --local --name-only --get-regexp core\.sshCommand
2025-12-28T19:14:01.3741140Z [command]/usr/bin/git submodule foreach --recursive sh -c "git config --local --name-only --get-regexp 'core\.sshCommand' && git config --local --unset-all 'core.sshCommand' || :"
2025-12-28T19:14:01.3975756Z Removing HTTP extra header
2025-12-28T19:14:01.3981433Z [command]/usr/bin/git config --local --name-only --get-regexp http\.https\:\/\/github\.com\/\.extraheader
2025-12-28T19:14:01.4013902Z [command]/usr/bin/git submodule foreach --recursive sh -c "git config --local --name-only --get-regexp 'http\.https\:\/\/github\.com\/\.extraheader' && git config --local --unset-all 'http.https://github.com/.extraheader' || :"
2025-12-28T19:14:01.4240905Z Removing includeIf entries pointing to credentials config files
2025-12-28T19:14:01.4247603Z [command]/usr/bin/git config --local --name-only --get-regexp ^includeIf\.gitdir:
2025-12-28T19:14:01.4274156Z includeif.gitdir:/home/runner/work/scratchattach/scratchattach/.git.path
2025-12-28T19:14:01.4275003Z includeif.gitdir:/home/runner/work/scratchattach/scratchattach/.git/worktrees/*.path
2025-12-28T19:14:01.4275465Z includeif.gitdir:/github/workspace/.git.path
2025-12-28T19:14:01.4275790Z includeif.gitdir:/github/workspace/.git/worktrees/*.path
2025-12-28T19:14:01.4283033Z [command]/usr/bin/git config --local --get-all includeif.gitdir:/home/runner/work/scratchattach/scratchattach/.git.path
2025-12-28T19:14:01.4305722Z /home/runner/work/_temp/git-credentials-aaede31d-0b47-4a0a-a90c-cf42f7aaa8d8.config
2025-12-28T19:14:01.4318218Z [command]/usr/bin/git config --local --unset includeif.gitdir:/home/runner/work/scratchattach/scratchattach/.git.path /home/runner/work/_temp/git-credentials-aaede31d-0b47-4a0a-a90c-cf42f7aaa8d8.config
2025-12-28T19:14:01.4353367Z [command]/usr/bin/git config --local --get-all includeif.gitdir:/home/runner/work/scratchattach/scratchattach/.git/worktrees/*.path
2025-12-28T19:14:01.4376520Z /home/runner/work/_temp/git-credentials-aaede31d-0b47-4a0a-a90c-cf42f7aaa8d8.config
2025-12-28T19:14:01.4384853Z [command]/usr/bin/git config --local --unset includeif.gitdir:/home/runner/work/scratchattach/scratchattach/.git/worktrees/*.path /home/runner/work/_temp/git-credentials-aaede31d-0b47-4a0a-a90c-cf42f7aaa8d8.config
2025-12-28T19:14:01.4418057Z [command]/usr/bin/git config --local --get-all includeif.gitdir:/github/workspace/.git.path
2025-12-28T19:14:01.4440221Z /github/runner_temp/git-credentials-aaede31d-0b47-4a0a-a90c-cf42f7aaa8d8.config
2025-12-28T19:14:01.4449002Z [command]/usr/bin/git config --local --unset includeif.gitdir:/github/workspace/.git.path /github/runner_temp/git-credentials-aaede31d-0b47-4a0a-a90c-cf42f7aaa8d8.config
2025-12-28T19:14:01.4514858Z [command]/usr/bin/git config --local --get-all includeif.gitdir:/github/workspace/.git/worktrees/*.path
2025-12-28T19:14:01.4538604Z /github/runner_temp/git-credentials-aaede31d-0b47-4a0a-a90c-cf42f7aaa8d8.config
2025-12-28T19:14:01.4549395Z [command]/usr/bin/git config --local --unset includeif.gitdir:/github/workspace/.git/worktrees/*.path /github/runner_temp/git-credentials-aaede31d-0b47-4a0a-a90c-cf42f7aaa8d8.config
2025-12-28T19:14:01.4583699Z [command]/usr/bin/git submodule foreach --recursive git config --local --show-origin --name-only --get-regexp remote.origin.url
2025-12-28T19:14:01.4811057Z Removing credentials config '/home/runner/work/_temp/git-credentials-aaede31d-0b47-4a0a-a90c-cf42f7aaa8d8.config'
2025-12-28T19:14:01.4825360Z [command]/usr/bin/git config --file /home/runner/work/_temp/git-credentials-f1a86d2b-ae63-4452-b0e9-8ce96ba5f98d.config http.https://github.com/.extraheader AUTHORIZATION: basic ***
2025-12-28T19:14:01.4864562Z [command]/usr/bin/git config --local includeIf.gitdir:/home/runner/work/scratchattach/scratchattach/.git.path /home/runner/work/_temp/git-credentials-f1a86d2b-ae63-4452-b0e9-8ce96ba5f98d.config
2025-12-28T19:14:01.4895333Z [command]/usr/bin/git config --local includeIf.gitdir:/home/runner/work/scratchattach/scratchattach/.git/worktrees/*.path /home/runner/work/_temp/git-credentials-f1a86d2b-ae63-4452-b0e9-8ce96ba5f98d.config
2025-12-28T19:14:01.4925588Z [command]/usr/bin/git config --local includeIf.gitdir:/github/workspace/.git.path /github/runner_temp/git-credentials-f1a86d2b-ae63-4452-b0e9-8ce96ba5f98d.config
2025-12-28T19:14:01.4956820Z [command]/usr/bin/git config --local includeIf.gitdir:/github/workspace/.git/worktrees/*.path /github/runner_temp/git-credentials-f1a86d2b-ae63-4452-b0e9-8ce96ba5f98d.config
2025-12-28T19:14:01.4983777Z ##[endgroup]
2025-12-28T19:14:01.4984222Z ##[group]Fetching the repository
2025-12-28T19:14:01.4993873Z [command]/usr/bin/git -c protocol.version=2 fetch --no-tags --prune --no-recurse-submodules --depth=1 origin +refs/heads/main*:refs/remotes/origin/main* +refs/tags/main*:refs/tags/main*
2025-12-28T19:14:01.7463688Z ##[endgroup]
2025-12-28T19:14:01.7464312Z ##[group]Determining the checkout info
2025-12-28T19:14:01.7470714Z [command]/usr/bin/git branch --list --remote origin/main
2025-12-28T19:14:01.7498758Z   origin/main
2025-12-28T19:14:01.7504608Z ##[endgroup]
2025-12-28T19:14:01.7510212Z [command]/usr/bin/git sparse-checkout disable
2025-12-28T19:14:01.7579090Z [command]/usr/bin/git config --local --unset-all extensions.worktreeConfig
2025-12-28T19:14:01.7611462Z ##[group]Checking out the ref
2025-12-28T19:14:01.7616002Z [command]/usr/bin/git checkout --progress --force -B main refs/remotes/origin/main
2025-12-28T19:14:01.7707368Z Switched to a new branch 'main'
2025-12-28T19:14:01.7707992Z branch 'main' set up to track 'origin/main'.
2025-12-28T19:14:01.7715549Z ##[endgroup]
2025-12-28T19:14:01.7758540Z [command]/usr/bin/git log -1 --format=%H
2025-12-28T19:14:01.7785722Z 7a0b3a93ee43370053e05aacfd8e2b03dd79df5f
2025-12-28T19:14:01.7904893Z ##[group]Run timeout 359m python3 message_viewer.py || { [[ $? -eq 124 ]] && exit 0; }
2025-12-28T19:14:01.7905448Z [36;1mtimeout 359m python3 message_viewer.py || { [[ $? -eq 124 ]] && exit 0; }[0m
2025-12-28T19:14:01.7941080Z shell: /usr/bin/bash -e {0}
2025-12-28T19:14:01.7941300Z env:
2025-12-28T19:14:01.7941546Z   pythonLocation: /opt/hostedtoolcache/Python/3.13.11/x64
2025-12-28T19:14:01.7941946Z   PKG_CONFIG_PATH: /opt/hostedtoolcache/Python/3.13.11/x64/lib/pkgconfig
2025-12-28T19:14:01.7942354Z   Python_ROOT_DIR: /opt/hostedtoolcache/Python/3.13.11/x64
2025-12-28T19:14:01.7942705Z   Python2_ROOT_DIR: /opt/hostedtoolcache/Python/3.13.11/x64
2025-12-28T19:14:01.7943054Z   Python3_ROOT_DIR: /opt/hostedtoolcache/Python/3.13.11/x64
2025-12-28T19:14:01.7943671Z   LD_LIBRARY_PATH: /opt/hostedtoolcache/Python/3.13.11/x64/lib
2025-12-28T19:14:01.7944084Z   PASS: ***
2025-12-28T19:14:01.7944257Z ##[endgroup]
2025-12-28T19:14:02.8514198Z Thanks for giving credit for CloudRequests!
2025-12-28T19:14:02.8520763Z Request handler is running
2025-12-28T20:00:06.2380357Z CloudEvents: Disconnected. Reconnecting ... 1766949344.5577753
2025-12-28T20:00:06.2381460Z CloudEvents: Reconnected. 1766949344.6579556
2025-12-28T20:00:06.2382138Z CloudEvents: Disconnected. Reconnecting ... 1766949345.0245633
2025-12-28T20:00:06.2382628Z CloudEvents: Reconnected. 1766949345.1247568
2025-12-28T20:00:06.2383092Z CloudEvents: Disconnected. Reconnecting ... 1766949371.7800443
2025-12-28T20:00:06.2383562Z CloudEvents: Reconnected. 1766949371.8802736
2025-12-28T20:00:06.2384013Z CloudEvents: Disconnected. Reconnecting ... 1766949372.1124299
2025-12-28T20:00:06.2384480Z CloudEvents: Reconnected. 1766949372.212621
2025-12-28T20:00:06.2384941Z CloudEvents: Disconnected. Reconnecting ... 1766949372.446874
2025-12-28T20:00:06.2385355Z CloudEvents: Reconnected. 1766949372.5471091
2025-12-28T20:00:06.2385722Z CloudEvents: Disconnected. Reconnecting ... 1766949377.5481427
2025-12-28T20:00:06.2386108Z CloudEvents: Reconnected. 1766949377.6483319
2025-12-28T20:00:06.2386468Z CloudEvents: Disconnected. Reconnecting ... 1766949377.8768344
2025-12-28T20:00:06.2386844Z CloudEvents: Reconnected. 1766949377.9770174
2025-12-28T20:00:06.2387211Z CloudEvents: Disconnected. Reconnecting ... 1766949378.254551
2025-12-28T20:00:06.2387582Z CloudEvents: Reconnected. 1766949378.3547251
2025-12-28T20:00:06.2387943Z CloudEvents: Disconnected. Reconnecting ... 1766949382.990662
2025-12-28T20:00:06.2388311Z CloudEvents: Reconnected. 1766949383.090857
2025-12-28T20:00:06.2388687Z CloudEvents: Disconnected. Reconnecting ... 1766949383.3232243
2025-12-28T20:00:06.2389070Z CloudEvents: Reconnected. 1766949383.4234183
2025-12-28T20:00:06.2389441Z CloudEvents: Disconnected. Reconnecting ... 1766949383.6473315
2025-12-28T20:00:06.2389827Z CloudEvents: Reconnected. 1766949383.7475033
2025-12-28T20:00:06.2390194Z CloudEvents: Disconnected. Reconnecting ... 1766949503.2384152
2025-12-28T20:00:06.2390786Z CloudEvents: Reconnected. 1766949503.3385909
2025-12-28T20:00:06.2391165Z CloudEvents: Disconnected. Reconnecting ... 1766949530.7561126
2025-12-28T20:00:06.2391541Z CloudEvents: Reconnected. 1766949530.8562882
2025-12-28T20:00:06.2391901Z CloudEvents: Disconnected. Reconnecting ... 1766949598.03256
2025-12-28T20:00:06.2392273Z CloudEvents: Reconnected. 1766949598.1327639
2025-12-28T20:00:06.2392637Z CloudEvents: Disconnected. Reconnecting ... 1766949598.3762462
2025-12-28T20:00:06.2393006Z CloudEvents: Reconnected. 1766949598.4764538
2025-12-28T20:00:06.2393371Z CloudEvents: Disconnected. Reconnecting ... 1766949598.6987975
2025-12-28T20:00:06.2393740Z CloudEvents: Reconnected. 1766949598.7989748
2025-12-28T20:00:06.2394109Z CloudEvents: Disconnected. Reconnecting ... 1766949614.5093277
2025-12-28T20:00:06.2394490Z CloudEvents: Reconnected. 1766949614.6095393
2025-12-28T20:00:06.2394897Z CloudEvents: Disconnected. Reconnecting ... 1766949614.9854233
2025-12-28T20:00:06.2395265Z CloudEvents: Reconnected. 1766949615.085599
2025-12-28T20:00:06.2396015Z CloudEvents: Disconnected. Reconnecting ... 1766949615.324401
2025-12-28T20:00:06.2396340Z CloudEvents: Reconnected. 1766949615.424576
2025-12-28T20:00:06.2396643Z CloudEvents: Disconnected. Reconnecting ... 1766949621.6462545
2025-12-28T20:00:06.2396952Z CloudEvents: Reconnected. 1766949621.746429
2025-12-28T20:00:06.2397271Z CloudEvents: Disconnected. Reconnecting ... 1766949621.9832423
2025-12-28T20:00:06.2397586Z CloudEvents: Reconnected. 1766949622.0834281
2025-12-28T20:00:06.2397898Z CloudEvents: Disconnected. Reconnecting ... 1766949625.694794
2025-12-28T20:00:06.2398207Z CloudEvents: Reconnected. 1766949625.7949667
2025-12-28T20:00:06.2398504Z CloudEvents: Disconnected. Reconnecting ... 1766949626.0156288
2025-12-28T20:00:06.2398962Z CloudEvents: Reconnected. 1766949626.115813
2025-12-28T20:00:06.2399253Z CloudEvents: Disconnected. Reconnecting ... 1766949626.338883
2025-12-28T20:00:06.2399555Z CloudEvents: Reconnected. 1766949626.4390898
2025-12-28T20:00:06.2399854Z CloudEvents: Disconnected. Reconnecting ... 1766949635.4576468
2025-12-28T20:00:06.2400153Z CloudEvents: Reconnected. 1766949635.5578122
2025-12-28T20:00:06.2400447Z CloudEvents: Disconnected. Reconnecting ... 1766949635.7784517
2025-12-28T20:00:06.2401025Z CloudEvents: Reconnected. 1766949635.8786387
2025-12-28T20:00:06.2401323Z CloudEvents: Disconnected. Reconnecting ... 1766949668.4590926
2025-12-28T20:00:06.2401638Z CloudEvents: Reconnected. 1766949668.5593026
2025-12-28T20:00:06.2401934Z CloudEvents: Disconnected. Reconnecting ... 1766949668.779569
2025-12-28T20:00:06.2402229Z CloudEvents: Reconnected. 1766949668.879779
2025-12-28T20:00:06.2402527Z CloudEvents: Disconnected. Reconnecting ... 1766949669.1023407
2025-12-28T20:00:06.2402836Z CloudEvents: Reconnected. 1766949669.2025232
2025-12-28T20:00:06.2403131Z CloudEvents: Disconnected. Reconnecting ... 1766949733.1861746
2025-12-28T20:00:06.2403434Z CloudEvents: Reconnected. 1766949733.286387
2025-12-28T20:00:06.2403722Z CloudEvents: Disconnected. Reconnecting ... 1766949733.5109549
2025-12-28T20:00:06.2404026Z CloudEvents: Reconnected. 1766949733.6111703
2025-12-28T20:00:06.2404322Z CloudEvents: Disconnected. Reconnecting ... 1766949733.8398085
2025-12-28T20:00:06.2404614Z CloudEvents: Reconnected. 1766949733.9400113
2025-12-28T20:00:06.2404905Z CloudEvents: Disconnected. Reconnecting ... 1766949804.4867609
2025-12-28T20:00:06.2405222Z CloudEvents: Reconnected. 1766949804.5869207
2025-12-28T20:00:06.2405610Z CloudEvents: Disconnected. Reconnecting ... 1766950006.2206755
2025-12-28T20:00:06.2405915Z CloudEvents: Reconnected. 1766950006.3208542
2025-12-28T20:00:06.2406213Z CloudEvents: Disconnected. Reconnecting ... 1766950013.0651286
2025-12-28T20:00:06.2406511Z CloudEvents: Reconnected. 1766950013.1653328
2025-12-28T20:00:06.2406806Z CloudEvents: Disconnected. Reconnecting ... 1766950013.392298
2025-12-28T20:00:06.2407112Z CloudEvents: Reconnected. 1766950013.492496
2025-12-28T20:00:06.2407399Z CloudEvents: Disconnected. Reconnecting ... 1766950013.72375
2025-12-28T20:00:06.2407707Z CloudEvents: Reconnected. 1766950013.8239567
2025-12-28T20:00:06.2408005Z CloudEvents: Disconnected. Reconnecting ... 1766950046.2408586
2025-12-28T20:00:06.2408297Z CloudEvents: Reconnected. 1766950046.341034
2025-12-28T20:00:06.2408586Z CloudEvents: Disconnected. Reconnecting ... 1766950046.5753698
2025-12-28T20:00:06.2408885Z CloudEvents: Reconnected. 1766950046.6755736
2025-12-28T20:00:06.2409170Z CloudEvents: Disconnected. Reconnecting ... 1766950046.9069371
2025-12-28T20:00:06.2409471Z CloudEvents: Reconnected. 1766950047.0071595
2025-12-28T20:00:06.2409848Z CloudEvents: Disconnected. Reconnecting ... 1766950215.1111717
2025-12-28T20:00:06.2410143Z CloudEvents: Reconnected. 1766950215.2113547
2025-12-28T20:00:06.2410436Z CloudEvents: Disconnected. Reconnecting ... 1766950215.440904
2025-12-28T20:00:06.2410841Z CloudEvents: Reconnected. 1766950215.541115
2025-12-28T20:00:06.2411129Z CloudEvents: Disconnected. Reconnecting ... 1766950220.1657848
2025-12-28T20:00:06.2411585Z CloudEvents: Reconnected. 1766950220.2659268
2025-12-28T20:00:06.2411882Z CloudEvents: Disconnected. Reconnecting ... 1766950239.661847
2025-12-28T20:00:06.2412182Z CloudEvents: Reconnected. 1766950239.7620883
2025-12-28T20:00:06.2412478Z CloudEvents: Disconnected. Reconnecting ... 1766950240.0017643
2025-12-28T20:00:06.2412770Z CloudEvents: Reconnected. 1766950240.1019578
2025-12-28T20:00:06.2413064Z CloudEvents: Disconnected. Reconnecting ... 1766950281.0283656
2025-12-28T20:00:06.2413361Z CloudEvents: Reconnected. 1766950281.1285422
2025-12-28T20:00:06.2413651Z CloudEvents: Disconnected. Reconnecting ... 1766950281.4644608
2025-12-28T20:00:06.2413949Z CloudEvents: Reconnected. 1766950281.5646317
2025-12-28T20:00:06.2414243Z CloudEvents: Disconnected. Reconnecting ... 1766950281.8052447
2025-12-28T20:00:06.2414648Z CloudEvents: Reconnected. 1766950281.9054542
2025-12-28T20:00:06.2414940Z CloudEvents: Disconnected. Reconnecting ... 1766950468.8034441
2025-12-28T20:00:06.2415249Z CloudEvents: Reconnected. 1766950468.9036465
2025-12-28T20:00:06.2415543Z CloudEvents: Disconnected. Reconnecting ... 1766950475.1770308
2025-12-28T20:00:06.2415844Z CloudEvents: Reconnected. 1766950475.2772038
2025-12-28T20:00:06.2416129Z CloudEvents: Disconnected. Reconnecting ... 1766950475.5011911
2025-12-28T20:00:06.2416427Z CloudEvents: Reconnected. 1766950475.6013827
2025-12-28T20:00:06.2416719Z CloudEvents: Disconnected. Reconnecting ... 1766950475.8397129
2025-12-28T20:00:06.2417012Z CloudEvents: Reconnected. 1766950475.939898
2025-12-28T20:00:06.2417301Z CloudEvents: Disconnected. Reconnecting ... 1766950488.699597
2025-12-28T20:00:06.2417600Z CloudEvents: Reconnected. 1766950488.7997866
2025-12-28T20:00:06.2417891Z CloudEvents: Disconnected. Reconnecting ... 1766950489.0224135
2025-12-28T20:00:06.2418198Z CloudEvents: Reconnected. 1766950489.1226053
2025-12-28T20:00:06.2418492Z CloudEvents: Disconnected. Reconnecting ... 1766950489.3617435
2025-12-28T20:00:06.2418789Z CloudEvents: Reconnected. 1766950489.46192
2025-12-28T20:00:06.2419086Z CloudEvents: Disconnected. Reconnecting ... 1766950780.533921
2025-12-28T20:00:06.2419391Z CloudEvents: Reconnected. 1766950780.6340904
2025-12-28T20:00:06.2419683Z CloudEvents: Disconnected. Reconnecting ... 1766950817.6629245
2025-12-28T20:00:06.2419985Z CloudEvents: Reconnected. 1766950817.7631505
2025-12-28T20:00:06.2420273Z CloudEvents: Disconnected. Reconnecting ... 1766950818.0086179
2025-12-28T20:00:06.2420682Z CloudEvents: Reconnected. 1766950818.108819
2025-12-28T20:00:06.2420975Z CloudEvents: Disconnected. Reconnecting ... 1766950818.3360305
2025-12-28T20:00:06.2421271Z CloudEvents: Reconnected. 1766950818.4361956
2025-12-28T20:00:06.2421560Z CloudEvents: Disconnected. Reconnecting ... 1766950908.367915
2025-12-28T20:00:06.2421857Z CloudEvents: Reconnected. 1766950908.4681296
2025-12-28T20:00:06.2422147Z CloudEvents: Disconnected. Reconnecting ... 1766951002.549523
2025-12-28T20:00:06.2422441Z CloudEvents: Reconnected. 1766951002.649723
2025-12-28T20:00:06.2422732Z CloudEvents: Disconnected. Reconnecting ... 1766951002.8947556
2025-12-28T20:00:06.2423033Z CloudEvents: Reconnected. 1766951002.9949489
2025-12-28T20:00:06.2423328Z CloudEvents: Disconnected. Reconnecting ... 1766951003.2436986
2025-12-28T20:00:06.2423629Z CloudEvents: Reconnected. 1766951003.3438866
2025-12-28T20:00:06.2423915Z CloudEvents: Disconnected. Reconnecting ... 1766951086.6483848
2025-12-28T20:00:06.2424212Z CloudEvents: Reconnected. 1766951086.748584
2025-12-28T20:00:06.2424495Z CloudEvents: Disconnected. Reconnecting ... 1766951107.907219
2025-12-28T20:00:06.2424795Z CloudEvents: Reconnected. 1766951108.0074005
2025-12-28T20:00:06.2425104Z CloudEvents: Disconnected. Reconnecting ... 1766951108.2672975
2025-12-28T20:00:06.2425396Z CloudEvents: Reconnected. 1766951108.3674743
2025-12-28T20:00:06.2425693Z CloudEvents: Disconnected. Reconnecting ... 1766951108.6081622
2025-12-28T20:00:06.2425990Z CloudEvents: Reconnected. 1766951108.708356
2025-12-28T20:00:06.2426278Z CloudEvents: Disconnected. Reconnecting ... 1766951166.8331513
2025-12-28T20:00:06.2426693Z CloudEvents: Reconnected. 1766951166.9333532
2025-12-28T20:00:06.2426991Z CloudEvents: Disconnected. Reconnecting ... 1766951167.1946409
2025-12-28T20:00:06.2427284Z CloudEvents: Reconnected. 1766951167.2948306
2025-12-28T20:00:06.2427574Z CloudEvents: Disconnected. Reconnecting ... 1766951167.536989
2025-12-28T20:00:06.2427869Z CloudEvents: Reconnected. 1766951167.637188
2025-12-28T20:00:06.2428152Z CloudEvents: Disconnected. Reconnecting ... 1766951204.1796265
2025-12-28T20:00:06.2428453Z CloudEvents: Reconnected. 1766951204.2798371
2025-12-28T20:00:06.2428742Z CloudEvents: Disconnected. Reconnecting ... 1766951204.5066268
2025-12-28T20:00:06.2429042Z CloudEvents: Reconnected. 1766951204.6068003
2025-12-28T20:00:06.2429440Z CloudEvents: Disconnected. Reconnecting ... 1766951236.8631942
2025-12-28T20:00:06.2429733Z CloudEvents: Reconnected. 1766951236.9633977
2025-12-28T20:00:06.2430023Z CloudEvents: Disconnected. Reconnecting ... 1766951237.3512886
2025-12-28T20:00:06.2430326Z CloudEvents: Reconnected. 1766951237.4514894
2025-12-28T20:00:06.2430899Z CloudEvents: Disconnected. Reconnecting ... 1766951879.9312346
2025-12-28T20:00:06.2431214Z CloudEvents: Reconnected. 1766951880.0314329
2025-12-28T20:00:06.2431506Z CloudEvents: Disconnected. Reconnecting ... 1766951880.3267918
2025-12-28T20:00:06.2431799Z CloudEvents: Reconnected. 1766951880.426929
2025-12-28T20:23:12.3262144Z CloudEvents: Disconnected. Reconnecting ... 1766952006.2378118
2025-12-28T20:23:12.3265224Z CloudEvents: Reconnected. 1766952006.338024
2025-12-28T20:23:12.3266098Z CloudEvents: Disconnected. Reconnecting ... 1766952006.626016
2025-12-28T20:23:12.3267013Z CloudEvents: Reconnected. 1766952006.7261207
2025-12-28T20:23:12.3267910Z CloudEvents: Disconnected. Reconnecting ... 1766952039.3971758
2025-12-28T20:23:12.3268877Z CloudEvents: Reconnected. 1766952039.4973328
2025-12-28T20:23:12.3269567Z CloudEvents: Disconnected. Reconnecting ... 1766952039.7288597
2025-12-28T20:23:12.3270431Z CloudEvents: Reconnected. 1766952039.8290122
2025-12-28T20:23:12.3271436Z CloudEvents: Disconnected. Reconnecting ... 1766952040.0771062
2025-12-28T20:23:12.3272115Z CloudEvents: Reconnected. 1766952040.1772683
2025-12-28T20:23:12.3272580Z CloudEvents: Disconnected. Reconnecting ... 1766952063.6963222
2025-12-28T20:23:12.3272996Z CloudEvents: Reconnected. 1766952063.7964728
2025-12-28T20:23:12.3273620Z CloudEvents: Disconnected. Reconnecting ... 1766952064.0351126
2025-12-28T20:23:12.3274358Z CloudEvents: Reconnected. 1766952064.1352873
2025-12-28T20:23:12.3275034Z CloudEvents: Disconnected. Reconnecting ... 1766952140.0144942
2025-12-28T20:23:12.3275654Z CloudEvents: Reconnected. 1766952140.11465
2025-12-28T20:23:12.3276373Z CloudEvents: Disconnected. Reconnecting ... 1766952140.4822133
2025-12-28T20:23:12.3276994Z CloudEvents: Reconnected. 1766952140.582345
2025-12-28T20:23:12.3277589Z CloudEvents: Disconnected. Reconnecting ... 1766952140.8167129
2025-12-28T20:23:12.3278196Z CloudEvents: Reconnected. 1766952140.9168725
2025-12-28T20:23:12.3278606Z CloudEvents: Disconnected. Reconnecting ... 1766952144.4348342
2025-12-28T20:23:12.3279028Z CloudEvents: Reconnected. 1766952144.534987
2025-12-28T20:23:12.3279411Z CloudEvents: Disconnected. Reconnecting ... 1766952144.773321
2025-12-28T20:23:12.3279717Z CloudEvents: Reconnected. 1766952144.8734603
2025-12-28T20:23:12.3280014Z CloudEvents: Disconnected. Reconnecting ... 1766952166.012713
2025-12-28T20:23:12.3280314Z CloudEvents: Reconnected. 1766952166.1128635
2025-12-28T20:23:12.3280781Z CloudEvents: Disconnected. Reconnecting ... 1766952214.586285
2025-12-28T20:23:12.3281092Z CloudEvents: Reconnected. 1766952214.686434
2025-12-28T20:23:12.3281394Z CloudEvents: Disconnected. Reconnecting ... 1766952214.959232
2025-12-28T20:23:12.3281704Z CloudEvents: Reconnected. 1766952215.0593758
2025-12-28T20:23:12.3282008Z CloudEvents: Disconnected. Reconnecting ... 1766952215.2768726
2025-12-28T20:23:12.3282316Z CloudEvents: Reconnected. 1766952215.37701
2025-12-28T20:23:12.3282931Z CloudEvents: Disconnected. Reconnecting ... 1766952230.2229683
2025-12-28T20:23:12.3283246Z CloudEvents: Reconnected. 1766952230.323102
2025-12-28T20:23:12.3283535Z CloudEvents: Disconnected. Reconnecting ... 1766952312.761125
2025-12-28T20:23:12.3283838Z CloudEvents: Reconnected. 1766952312.8613029
2025-12-28T20:23:12.3284136Z CloudEvents: Disconnected. Reconnecting ... 1766952313.0832446
2025-12-28T20:23:12.3284437Z CloudEvents: Reconnected. 1766952313.1834235
2025-12-28T20:23:12.3284730Z CloudEvents: Disconnected. Reconnecting ... 1766952384.9150426
2025-12-28T20:23:12.3285029Z CloudEvents: Reconnected. 1766952385.0152805
2025-12-28T20:23:12.3285319Z CloudEvents: Disconnected. Reconnecting ... 1766952385.2579064
2025-12-28T20:23:12.3285619Z CloudEvents: Reconnected. 1766952385.3581324
2025-12-28T20:23:12.3286082Z CloudEvents: Disconnected. Reconnecting ... 1766952385.637554
2025-12-28T20:23:12.3286394Z CloudEvents: Reconnected. 1766952385.7377605
2025-12-28T20:23:12.3286702Z CloudEvents: Disconnected. Reconnecting ... 1766952435.0670037
2025-12-28T20:23:12.3287019Z CloudEvents: Reconnected. 1766952435.1671808
2025-12-28T20:23:12.3287313Z CloudEvents: Disconnected. Reconnecting ... 1766952435.4186249
2025-12-28T20:23:12.3287618Z CloudEvents: Reconnected. 1766952435.518829
2025-12-28T20:23:12.3287910Z CloudEvents: Disconnected. Reconnecting ... 1766952524.0994625
2025-12-28T20:23:12.3288214Z CloudEvents: Reconnected. 1766952524.1996355
2025-12-28T20:23:12.3288511Z CloudEvents: Disconnected. Reconnecting ... 1766952524.45479
2025-12-28T20:23:12.3288814Z CloudEvents: Reconnected. 1766952524.5549936
2025-12-28T20:23:12.3289109Z CloudEvents: Disconnected. Reconnecting ... 1766952524.8190176
2025-12-28T20:23:12.3289411Z CloudEvents: Reconnected. 1766952524.9192219
2025-12-28T20:23:12.3289705Z CloudEvents: Disconnected. Reconnecting ... 1766952576.0183535
2025-12-28T20:23:12.3290005Z CloudEvents: Reconnected. 1766952576.118524
2025-12-28T20:23:12.3290299Z CloudEvents: Disconnected. Reconnecting ... 1766952576.3822963
2025-12-28T20:23:12.3290713Z CloudEvents: Reconnected. 1766952576.4824734
2025-12-28T20:23:12.3291008Z CloudEvents: Disconnected. Reconnecting ... 1766952576.7101398
2025-12-28T20:23:12.3291306Z CloudEvents: Reconnected. 1766952576.8103235
2025-12-28T20:23:12.3291595Z CloudEvents: Disconnected. Reconnecting ... 1766952642.1012611
2025-12-28T20:23:12.3291892Z CloudEvents: Reconnected. 1766952642.2014341
2025-12-28T20:23:12.3292180Z CloudEvents: Disconnected. Reconnecting ... 1766952642.4563878
2025-12-28T20:23:12.3292480Z CloudEvents: Reconnected. 1766952642.5565805
2025-12-28T20:23:12.3292778Z CloudEvents: Disconnected. Reconnecting ... 1766952642.8219635
2025-12-28T20:23:12.3293072Z CloudEvents: Reconnected. 1766952642.9221249
2025-12-28T20:23:12.3293371Z CloudEvents: Disconnected. Reconnecting ... 1766952686.8064766
2025-12-28T20:23:12.3293679Z CloudEvents: Reconnected. 1766952686.9066384
2025-12-28T20:23:12.3293971Z CloudEvents: Disconnected. Reconnecting ... 1766952687.1315053
2025-12-28T20:23:12.3294274Z CloudEvents: Reconnected. 1766952687.2316651
2025-12-28T20:23:12.3294574Z CloudEvents: Disconnected. Reconnecting ... 1766952687.4646387
2025-12-28T20:23:12.3294869Z CloudEvents: Reconnected. 1766952687.5648048
2025-12-28T20:23:12.3295163Z CloudEvents: Disconnected. Reconnecting ... 1766952689.9581509
2025-12-28T20:23:12.3295463Z CloudEvents: Reconnected. 1766952690.0583131
2025-12-28T20:23:12.3295750Z CloudEvents: Disconnected. Reconnecting ... 1766952690.3001897
2025-12-28T20:23:12.3296048Z CloudEvents: Reconnected. 1766952690.4003494
2025-12-28T20:23:12.3296338Z CloudEvents: Disconnected. Reconnecting ... 1766952690.6198936
2025-12-28T20:23:12.3296638Z CloudEvents: Reconnected. 1766952690.7200387
2025-12-28T20:23:12.3296932Z CloudEvents: Disconnected. Reconnecting ... 1766952704.962491
2025-12-28T20:23:12.3297236Z CloudEvents: Reconnected. 1766952705.062665
2025-12-28T20:23:12.3297526Z CloudEvents: Disconnected. Reconnecting ... 1766952705.4495833
2025-12-28T20:23:12.3297824Z CloudEvents: Reconnected. 1766952705.5497315
2025-12-28T20:23:12.3298228Z CloudEvents: Disconnected. Reconnecting ... 1766952714.5290012
2025-12-28T20:23:12.3298535Z CloudEvents: Reconnected. 1766952714.6291463
2025-12-28T20:23:12.3298828Z CloudEvents: Disconnected. Reconnecting ... 1766952714.855137
2025-12-28T20:23:12.3299125Z CloudEvents: Reconnected. 1766952714.9553103
2025-12-28T20:23:12.3299419Z CloudEvents: Disconnected. Reconnecting ... 1766952720.7476313
2025-12-28T20:23:12.3299715Z CloudEvents: Reconnected. 1766952720.847799
2025-12-28T20:23:12.3299999Z CloudEvents: Disconnected. Reconnecting ... 1766952721.0721567
2025-12-28T20:23:12.3300296Z CloudEvents: Reconnected. 1766952721.172347
2025-12-28T20:23:12.3300682Z CloudEvents: Disconnected. Reconnecting ... 1766952727.3003318
2025-12-28T20:23:12.3301103Z CloudEvents: Reconnected. 1766952727.4005024
2025-12-28T20:23:12.3301394Z CloudEvents: Disconnected. Reconnecting ... 1766952727.620591
2025-12-28T20:23:12.3301693Z CloudEvents: Reconnected. 1766952727.7207541
2025-12-28T20:23:12.3301989Z CloudEvents: Disconnected. Reconnecting ... 1766952727.957365
2025-12-28T20:23:12.3302286Z CloudEvents: Reconnected. 1766952728.0575192
2025-12-28T20:23:12.3302574Z CloudEvents: Disconnected. Reconnecting ... 1766952752.930357
2025-12-28T20:23:12.3302874Z CloudEvents: Reconnected. 1766952753.030557
2025-12-28T20:23:12.3303165Z CloudEvents: Disconnected. Reconnecting ... 1766952753.2583098
2025-12-28T20:23:12.3303460Z CloudEvents: Reconnected. 1766952753.358485
2025-12-28T20:23:12.3303751Z CloudEvents: Disconnected. Reconnecting ... 1766952753.5768545
2025-12-28T20:23:12.3304050Z CloudEvents: Reconnected. 1766952753.677037
2025-12-28T20:23:12.3304333Z CloudEvents: Disconnected. Reconnecting ... 1766952864.010919
2025-12-28T20:23:12.3304641Z CloudEvents: Reconnected. 1766952864.1111085
2025-12-28T20:23:12.3304940Z CloudEvents: Disconnected. Reconnecting ... 1766952864.3524334
2025-12-28T20:23:12.3305242Z CloudEvents: Reconnected. 1766952864.452605
2025-12-28T20:23:12.3305532Z CloudEvents: Disconnected. Reconnecting ... 1766952944.6686902
2025-12-28T20:23:12.3305836Z CloudEvents: Reconnected. 1766952944.7688465
2025-12-28T20:23:12.3306132Z CloudEvents: Disconnected. Reconnecting ... 1766952945.0934541
2025-12-28T20:23:12.3306432Z CloudEvents: Reconnected. 1766952945.1936228
2025-12-28T20:23:12.3306718Z CloudEvents: Disconnected. Reconnecting ... 1766952948.1003728
2025-12-28T20:23:12.3307018Z CloudEvents: Reconnected. 1766952948.2005415
2025-12-28T20:23:12.3307311Z CloudEvents: Disconnected. Reconnecting ... 1766953009.8722413
2025-12-28T20:23:12.3307605Z CloudEvents: Reconnected. 1766953009.9724464
2025-12-28T20:23:12.3307897Z CloudEvents: Disconnected. Reconnecting ... 1766953010.252767
2025-12-28T20:23:12.3308192Z CloudEvents: Reconnected. 1766953010.3529518
2025-12-28T20:23:12.3308485Z CloudEvents: Disconnected. Reconnecting ... 1766953010.5758004
2025-12-28T20:23:12.3308786Z CloudEvents: Reconnected. 1766953010.675968
2025-12-28T20:23:12.3309071Z CloudEvents: Disconnected. Reconnecting ... 1766953148.344323
2025-12-28T20:23:12.3309373Z CloudEvents: Reconnected. 1766953148.4444706
2025-12-28T20:23:12.3309666Z CloudEvents: Disconnected. Reconnecting ... 1766953159.2313461
2025-12-28T20:23:12.3309960Z CloudEvents: Reconnected. 1766953159.3315022
2025-12-28T20:23:12.3310256Z CloudEvents: Disconnected. Reconnecting ... 1766953159.602644
2025-12-28T20:23:12.3310651Z CloudEvents: Reconnected. 1766953159.7028077
2025-12-28T20:23:12.3310941Z CloudEvents: Disconnected. Reconnecting ... 1766953159.9236264
2025-12-28T20:23:12.3311239Z CloudEvents: Reconnected. 1766953160.0237815
2025-12-28T20:23:12.3311537Z CloudEvents: Disconnected. Reconnecting ... 1766953240.247529
2025-12-28T20:23:12.3311829Z CloudEvents: Reconnected. 1766953240.3476877
2025-12-28T20:23:12.3312122Z CloudEvents: Disconnected. Reconnecting ... 1766953281.9373217
2025-12-28T20:23:12.3312446Z CloudEvents: Reconnected. 1766953282.0374997
2025-12-28T20:23:12.3312743Z CloudEvents: Disconnected. Reconnecting ... 1766953282.2715523
2025-12-28T20:23:12.3313040Z CloudEvents: Reconnected. 1766953282.3717303
2025-12-28T20:23:12.3313449Z CloudEvents: Disconnected. Reconnecting ... 1766953282.609536
2025-12-28T20:23:12.3313752Z CloudEvents: Reconnected. 1766953282.7097042
2025-12-28T20:23:12.3314041Z CloudEvents: Disconnected. Reconnecting ... 1766953304.9254198
2025-12-28T20:23:12.3314340Z CloudEvents: Reconnected. 1766953305.025586
2025-12-28T20:23:12.3314628Z CloudEvents: Disconnected. Reconnecting ... 1766953369.2484229
2025-12-28T20:23:12.3314921Z CloudEvents: Reconnected. 1766953369.348594
2025-12-28T20:23:12.3315212Z CloudEvents: Disconnected. Reconnecting ... 1766953369.6141605
2025-12-28T20:23:12.3315506Z CloudEvents: Reconnected. 1766953369.714372
2025-12-28T20:23:12.3315789Z CloudEvents: Disconnected. Reconnecting ... 1766953369.947677
2025-12-28T20:23:12.3316196Z CloudEvents: Reconnected. 1766953370.0478523
2025-12-28T20:23:12.3316483Z CloudEvents: Disconnected. Reconnecting ... 1766953380.5650477
2025-12-28T20:23:12.3316782Z CloudEvents: Reconnected. 1766953380.6652386
2025-12-28T20:23:12.3317079Z CloudEvents: Disconnected. Reconnecting ... 1766953380.9308367
2025-12-28T20:23:12.3317373Z CloudEvents: Reconnected. 1766953381.0310261
2025-12-28T20:23:12.3317665Z CloudEvents: Disconnected. Reconnecting ... 1766953385.5492895
2025-12-28T20:23:12.3317968Z CloudEvents: Reconnected. 1766953385.64946
2025-12-28T20:23:12.3318256Z CloudEvents: Disconnected. Reconnecting ... 1766953385.896211
2025-12-28T20:23:12.3318553Z CloudEvents: Reconnected. 1766953385.996391
2025-12-28T20:23:12.3318854Z CloudEvents: Disconnected. Reconnecting ... 1766953386.2634597
2025-12-28T20:23:12.3319148Z CloudEvents: Reconnected. 1766953386.3636293
2025-12-28T20:23:12.3319442Z CloudEvents: Disconnected. Reconnecting ... 1766953392.2257538
2025-12-28T20:48:48.9292924Z CloudEvents: Reconnected. 1766953392.3259284
2025-12-28T20:48:48.9293582Z CloudEvents: Disconnected. Reconnecting ... 1766953392.5894008
2025-12-28T20:48:48.9294049Z CloudEvents: Reconnected. 1766953392.689583
2025-12-28T20:48:48.9294527Z CloudEvents: Disconnected. Reconnecting ... 1766953606.8305407
2025-12-28T20:48:48.9294988Z CloudEvents: Reconnected. 1766953606.9307432
2025-12-28T20:48:48.9295415Z CloudEvents: Disconnected. Reconnecting ... 1766953607.2272549
2025-12-28T20:48:48.9295855Z CloudEvents: Reconnected. 1766953607.3274155
2025-12-28T20:48:48.9296284Z CloudEvents: Disconnected. Reconnecting ... 1766953607.597192
2025-12-28T20:48:48.9296712Z CloudEvents: Reconnected. 1766953607.6973538
2025-12-28T20:48:48.9297131Z CloudEvents: Disconnected. Reconnecting ... 1766953611.957837
2025-12-28T20:48:48.9297562Z CloudEvents: Reconnected. 1766953612.058013
2025-12-28T20:48:48.9297980Z CloudEvents: Disconnected. Reconnecting ... 1766953612.2814677
2025-12-28T20:48:48.9298416Z CloudEvents: Reconnected. 1766953612.3816438
2025-12-28T20:48:48.9298848Z CloudEvents: Disconnected. Reconnecting ... 1766953649.9674647
2025-12-28T20:48:48.9299294Z CloudEvents: Reconnected. 1766953650.0676715
2025-12-28T20:48:48.9299710Z CloudEvents: Disconnected. Reconnecting ... 1766953650.3052754
2025-12-28T20:48:48.9300146Z CloudEvents: Reconnected. 1766953650.4054487
2025-12-28T20:48:48.9300896Z CloudEvents: Disconnected. Reconnecting ... 1766953682.4353313
2025-12-28T20:48:48.9301371Z CloudEvents: Reconnected. 1766953682.5355065
2025-12-28T20:48:48.9301799Z CloudEvents: Disconnected. Reconnecting ... 1766953682.784226
2025-12-28T20:48:48.9302222Z CloudEvents: Reconnected. 1766953682.8844
2025-12-28T20:48:48.9302638Z CloudEvents: Disconnected. Reconnecting ... 1766953707.499703
2025-12-28T20:48:48.9303070Z CloudEvents: Reconnected. 1766953707.5998743
2025-12-28T20:48:48.9303409Z CloudEvents: Disconnected. Reconnecting ... 1766953743.2854693
2025-12-28T20:48:48.9303755Z CloudEvents: Reconnected. 1766953743.385637
2025-12-28T20:48:48.9304097Z CloudEvents: Disconnected. Reconnecting ... 1766953766.1360965
2025-12-28T20:48:48.9304443Z CloudEvents: Reconnected. 1766953766.2362642
2025-12-28T20:48:48.9304782Z CloudEvents: Disconnected. Reconnecting ... 1766953802.7595563
2025-12-28T20:48:48.9305480Z CloudEvents: Reconnected. 1766953802.8597076
2025-12-28T20:48:48.9305815Z CloudEvents: Disconnected. Reconnecting ... 1766953803.082911
2025-12-28T20:48:48.9306158Z CloudEvents: Reconnected. 1766953803.1831002
2025-12-28T20:48:48.9306487Z CloudEvents: Disconnected. Reconnecting ... 1766953803.417201
2025-12-28T20:48:48.9306830Z CloudEvents: Reconnected. 1766953803.517347
2025-12-28T20:48:48.9307166Z CloudEvents: Disconnected. Reconnecting ... 1766953816.7748995
2025-12-28T20:48:48.9307503Z CloudEvents: Reconnected. 1766953816.87509
2025-12-28T20:48:48.9307840Z CloudEvents: Disconnected. Reconnecting ... 1766953817.1061456
2025-12-28T20:48:48.9308183Z CloudEvents: Reconnected. 1766953817.2063084
2025-12-28T20:48:48.9308515Z CloudEvents: Disconnected. Reconnecting ... 1766953817.4520469
2025-12-28T20:48:48.9308992Z CloudEvents: Reconnected. 1766953817.5522368
2025-12-28T20:48:48.9309331Z CloudEvents: Disconnected. Reconnecting ... 1766953902.6571188
2025-12-28T20:48:48.9309671Z CloudEvents: Reconnected. 1766953902.7572935
2025-12-28T20:48:48.9310012Z CloudEvents: Disconnected. Reconnecting ... 1766953903.0044842
2025-12-28T20:48:48.9310355Z CloudEvents: Reconnected. 1766953903.104661
2025-12-28T20:48:48.9310810Z CloudEvents: Disconnected. Reconnecting ... 1766953903.3227966
2025-12-28T20:48:48.9311155Z CloudEvents: Reconnected. 1766953903.4229908
2025-12-28T20:48:48.9311492Z CloudEvents: Disconnected. Reconnecting ... 1766953925.2256627
2025-12-28T20:48:48.9311843Z CloudEvents: Reconnected. 1766953925.3258388
2025-12-28T20:48:48.9312178Z CloudEvents: Disconnected. Reconnecting ... 1766953925.559004
2025-12-28T20:48:48.9312517Z CloudEvents: Reconnected. 1766953925.6591728
2025-12-28T20:48:48.9312822Z CloudEvents: Disconnected. Reconnecting ... 1766953954.848122
2025-12-28T20:48:48.9313136Z CloudEvents: Reconnected. 1766953954.9483085
2025-12-28T20:48:48.9313425Z CloudEvents: Disconnected. Reconnecting ... 1766953955.1877952
2025-12-28T20:48:48.9313724Z CloudEvents: Reconnected. 1766953955.2879367
2025-12-28T20:48:48.9314015Z CloudEvents: Disconnected. Reconnecting ... 1766953955.524
2025-12-28T20:48:48.9314301Z CloudEvents: Reconnected. 1766953955.62414
2025-12-28T20:48:48.9314597Z CloudEvents: Disconnected. Reconnecting ... 1766954008.5815053
2025-12-28T20:48:48.9314904Z CloudEvents: Reconnected. 1766954008.6816537
2025-12-28T20:48:48.9315190Z CloudEvents: Disconnected. Reconnecting ... 1766954008.9339774
2025-12-28T20:48:48.9315493Z CloudEvents: Reconnected. 1766954009.0341225
2025-12-28T20:48:48.9315788Z CloudEvents: Disconnected. Reconnecting ... 1766954018.7692797
2025-12-28T20:48:48.9316081Z CloudEvents: Reconnected. 1766954018.8694558
2025-12-28T20:48:48.9316372Z CloudEvents: Disconnected. Reconnecting ... 1766954019.0949116
2025-12-28T20:48:48.9316670Z CloudEvents: Reconnected. 1766954019.1951208
2025-12-28T20:48:48.9316960Z CloudEvents: Disconnected. Reconnecting ... 1766954019.4421818
2025-12-28T20:48:48.9317256Z CloudEvents: Reconnected. 1766954019.5423324
2025-12-28T20:48:48.9317550Z CloudEvents: Disconnected. Reconnecting ... 1766954028.7683253
2025-12-28T20:48:48.9317845Z CloudEvents: Reconnected. 1766954028.868506
2025-12-28T20:48:48.9318146Z CloudEvents: Disconnected. Reconnecting ... 1766954029.1204836
2025-12-28T20:48:48.9318443Z CloudEvents: Reconnected. 1766954029.2206414
2025-12-28T20:48:48.9318739Z CloudEvents: Disconnected. Reconnecting ... 1766954136.5267005
2025-12-28T20:48:48.9319042Z CloudEvents: Reconnected. 1766954136.6268475
2025-12-28T20:48:48.9319336Z CloudEvents: Disconnected. Reconnecting ... 1766954136.8783114
2025-12-28T20:48:48.9319636Z CloudEvents: Reconnected. 1766954136.978453
2025-12-28T20:48:48.9319928Z CloudEvents: Disconnected. Reconnecting ... 1766954137.2278764
2025-12-28T20:48:48.9320224Z CloudEvents: Reconnected. 1766954137.3280413
2025-12-28T20:48:48.9320616Z CloudEvents: Disconnected. Reconnecting ... 1766954212.5567262
2025-12-28T20:48:48.9320944Z CloudEvents: Reconnected. 1766954212.656895
2025-12-28T20:48:48.9321240Z CloudEvents: Disconnected. Reconnecting ... 1766954212.9064064
2025-12-28T20:48:48.9321666Z CloudEvents: Reconnected. 1766954213.0065644
2025-12-28T20:48:48.9321968Z CloudEvents: Disconnected. Reconnecting ... 1766954245.3509886
2025-12-28T20:48:48.9322265Z CloudEvents: Reconnected. 1766954245.4511576
2025-12-28T20:48:48.9322556Z CloudEvents: Disconnected. Reconnecting ... 1766954268.9980476
2025-12-28T20:48:48.9322847Z CloudEvents: Reconnected. 1766954269.0982852
2025-12-28T20:48:48.9323138Z CloudEvents: Disconnected. Reconnecting ... 1766954307.9803996
2025-12-28T20:48:48.9323435Z CloudEvents: Reconnected. 1766954308.0805788
2025-12-28T20:48:48.9323725Z CloudEvents: Disconnected. Reconnecting ... 1766954308.3314285
2025-12-28T20:48:48.9324021Z CloudEvents: Reconnected. 1766954308.4316077
2025-12-28T20:48:48.9324424Z CloudEvents: Disconnected. Reconnecting ... 1766954345.799138
2025-12-28T20:48:48.9324715Z CloudEvents: Reconnected. 1766954345.8993146
2025-12-28T20:48:48.9325005Z CloudEvents: Disconnected. Reconnecting ... 1766954432.452124
2025-12-28T20:48:48.9325299Z CloudEvents: Reconnected. 1766954432.552328
2025-12-28T20:48:48.9325590Z CloudEvents: Disconnected. Reconnecting ... 1766954432.8379354
2025-12-28T20:48:48.9325887Z CloudEvents: Reconnected. 1766954432.9381328
2025-12-28T20:48:48.9326172Z CloudEvents: Disconnected. Reconnecting ... 1766954448.0385804
2025-12-28T20:48:48.9326471Z CloudEvents: Reconnected. 1766954448.1387563
2025-12-28T20:48:48.9326764Z CloudEvents: Disconnected. Reconnecting ... 1766954448.357756
2025-12-28T20:48:48.9327054Z CloudEvents: Reconnected. 1766954448.4579303
2025-12-28T20:48:48.9327347Z CloudEvents: Disconnected. Reconnecting ... 1766954448.7169163
2025-12-28T20:48:48.9327644Z CloudEvents: Reconnected. 1766954448.8171241
2025-12-28T20:48:48.9327938Z CloudEvents: Disconnected. Reconnecting ... 1766954592.5671532
2025-12-28T20:48:48.9328238Z CloudEvents: Reconnected. 1766954592.6673055
2025-12-28T20:48:48.9328531Z CloudEvents: Disconnected. Reconnecting ... 1766954592.8944445
2025-12-28T20:48:48.9328828Z CloudEvents: Reconnected. 1766954592.9946027
2025-12-28T20:48:48.9329118Z CloudEvents: Disconnected. Reconnecting ... 1766954593.2944574
2025-12-28T20:48:48.9329411Z CloudEvents: Reconnected. 1766954593.39459
2025-12-28T20:48:48.9329703Z CloudEvents: Disconnected. Reconnecting ... 1766954608.070545
2025-12-28T20:48:48.9329998Z CloudEvents: Reconnected. 1766954608.170694
2025-12-28T20:48:48.9330286Z CloudEvents: Disconnected. Reconnecting ... 1766954608.5429585
2025-12-28T20:48:48.9330694Z CloudEvents: Reconnected. 1766954608.6430974
2025-12-28T20:48:48.9331001Z CloudEvents: Disconnected. Reconnecting ... 1766954702.6763673
2025-12-28T20:48:48.9331306Z CloudEvents: Reconnected. 1766954702.7765107
2025-12-28T20:48:48.9331607Z CloudEvents: Disconnected. Reconnecting ... 1766954703.016462
2025-12-28T20:48:48.9331920Z CloudEvents: Reconnected. 1766954703.1165965
2025-12-28T20:48:48.9332226Z CloudEvents: Disconnected. Reconnecting ... 1766954711.5614786
2025-12-28T20:48:48.9332535Z CloudEvents: Reconnected. 1766954711.6616313
2025-12-28T20:48:48.9332835Z CloudEvents: Disconnected. Reconnecting ... 1766954711.8993275
2025-12-28T20:48:48.9333133Z CloudEvents: Reconnected. 1766954711.9994662
2025-12-28T20:48:48.9333430Z CloudEvents: Disconnected. Reconnecting ... 1766954712.2295277
2025-12-28T20:48:48.9333723Z CloudEvents: Reconnected. 1766954712.3296797
2025-12-28T20:48:48.9334016Z CloudEvents: Disconnected. Reconnecting ... 1766954739.4512107
2025-12-28T20:48:48.9334315Z CloudEvents: Reconnected. 1766954739.5513644
2025-12-28T20:48:48.9334605Z CloudEvents: Disconnected. Reconnecting ... 1766954739.7937236
2025-12-28T20:48:48.9334907Z CloudEvents: Reconnected. 1766954739.8938818
2025-12-28T20:48:48.9335201Z CloudEvents: Disconnected. Reconnecting ... 1766954748.3141263
2025-12-28T20:48:48.9335499Z CloudEvents: Reconnected. 1766954748.414273
2025-12-28T20:48:48.9335795Z CloudEvents: Disconnected. Reconnecting ... 1766954795.2225802
2025-12-28T20:48:48.9336100Z CloudEvents: Reconnected. 1766954795.3227274
2025-12-28T20:48:48.9336501Z CloudEvents: Disconnected. Reconnecting ... 1766954795.5491445
2025-12-28T20:48:48.9336804Z CloudEvents: Reconnected. 1766954795.6492825
2025-12-28T20:48:48.9337098Z CloudEvents: Disconnected. Reconnecting ... 1766954799.2368064
2025-12-28T20:48:48.9337407Z CloudEvents: Reconnected. 1766954799.336943
2025-12-28T20:48:48.9337699Z CloudEvents: Disconnected. Reconnecting ... 1766954799.5889988
2025-12-28T20:48:48.9337993Z CloudEvents: Reconnected. 1766954799.6891396
2025-12-28T20:48:48.9338291Z CloudEvents: Disconnected. Reconnecting ... 1766954799.9322867
2025-12-28T20:48:48.9338587Z CloudEvents: Reconnected. 1766954800.0324275
2025-12-28T20:48:48.9338874Z CloudEvents: Disconnected. Reconnecting ... 1766954816.7257643
2025-12-28T20:48:48.9339285Z CloudEvents: Reconnected. 1766954816.8259208
2025-12-28T20:48:48.9339578Z CloudEvents: Disconnected. Reconnecting ... 1766954817.0540278
2025-12-28T20:48:48.9339871Z CloudEvents: Reconnected. 1766954817.1541853
2025-12-28T20:48:48.9340167Z CloudEvents: Disconnected. Reconnecting ... 1766954821.3071446
2025-12-28T20:48:48.9340464Z CloudEvents: Reconnected. 1766954821.407332
2025-12-28T20:48:48.9340841Z CloudEvents: Disconnected. Reconnecting ... 1766954821.6427448
2025-12-28T20:48:48.9341138Z CloudEvents: Reconnected. 1766954821.7428834
2025-12-28T20:48:48.9341429Z CloudEvents: Disconnected. Reconnecting ... 1766954821.9616525
2025-12-28T20:48:48.9341722Z CloudEvents: Reconnected. 1766954822.0618126
2025-12-28T20:48:48.9342016Z CloudEvents: Disconnected. Reconnecting ... 1766954837.1829157
2025-12-28T20:48:48.9342308Z CloudEvents: Reconnected. 1766954837.283082
2025-12-28T20:48:48.9342598Z CloudEvents: Disconnected. Reconnecting ... 1766954837.5008516
2025-12-28T20:48:48.9342894Z CloudEvents: Reconnected. 1766954837.6009998
2025-12-28T20:48:48.9343187Z CloudEvents: Disconnected. Reconnecting ... 1766954837.8193235
2025-12-28T20:48:48.9343482Z CloudEvents: Reconnected. 1766954837.919457
2025-12-28T20:48:48.9343772Z CloudEvents: Disconnected. Reconnecting ... 1766954928.5909328
2025-12-28T20:48:48.9344072Z CloudEvents: Reconnected. 1766954928.6911235
2025-12-28T21:24:21.6543039Z CloudEvents: Disconnected. Reconnecting ... 1766954928.9290142
2025-12-28T21:24:21.6543631Z CloudEvents: Reconnected. 1766954929.029232
2025-12-28T21:24:21.6544157Z CloudEvents: Disconnected. Reconnecting ... 1766954929.2500253
2025-12-28T21:24:21.6544600Z CloudEvents: Reconnected. 1766954929.350187
2025-12-28T21:24:21.6553362Z CloudEvents: Disconnected. Reconnecting ... 1766954953.5333745
2025-12-28T21:24:21.6553853Z CloudEvents: Reconnected. 1766954953.633522
2025-12-28T21:24:21.6554334Z CloudEvents: Disconnected. Reconnecting ... 1766954953.8585541
2025-12-28T21:24:21.6554750Z CloudEvents: Reconnected. 1766954953.9586883
2025-12-28T21:24:21.6555162Z CloudEvents: Disconnected. Reconnecting ... 1766954954.1964602
2025-12-28T21:24:21.6555544Z CloudEvents: Reconnected. 1766954954.296624
2025-12-28T21:24:21.6555919Z CloudEvents: Disconnected. Reconnecting ... 1766955027.4772797
2025-12-28T21:24:21.6556306Z CloudEvents: Reconnected. 1766955027.577433
2025-12-28T21:24:21.6556672Z CloudEvents: Disconnected. Reconnecting ... 1766955027.837398
2025-12-28T21:24:21.6557056Z CloudEvents: Reconnected. 1766955027.9375331
2025-12-28T21:24:21.6557474Z CloudEvents: Disconnected. Reconnecting ... 1766955040.8734298
2025-12-28T21:24:21.6557852Z CloudEvents: Reconnected. 1766955040.9735737
2025-12-28T21:24:21.6558223Z CloudEvents: Disconnected. Reconnecting ... 1766955087.264086
2025-12-28T21:24:21.6558600Z CloudEvents: Reconnected. 1766955087.3642383
2025-12-28T21:24:21.6558968Z CloudEvents: Disconnected. Reconnecting ... 1766955258.7089148
2025-12-28T21:24:21.6559350Z CloudEvents: Reconnected. 1766955258.809083
2025-12-28T21:24:21.6559713Z CloudEvents: Disconnected. Reconnecting ... 1766955259.1128867
2025-12-28T21:24:21.6560102Z CloudEvents: Reconnected. 1766955259.2130797
2025-12-28T21:24:21.6560472Z CloudEvents: Disconnected. Reconnecting ... 1766955495.525495
2025-12-28T21:24:21.6560966Z CloudEvents: Reconnected. 1766955495.6256382
2025-12-28T21:24:21.6561669Z CloudEvents: Disconnected. Reconnecting ... 1766955495.92021
2025-12-28T21:24:21.6562060Z CloudEvents: Reconnected. 1766955496.020348
2025-12-28T21:24:21.6562428Z CloudEvents: Disconnected. Reconnecting ... 1766955496.2799275
2025-12-28T21:24:21.6562815Z CloudEvents: Reconnected. 1766955496.3800898
2025-12-28T21:24:21.6563184Z CloudEvents: Disconnected. Reconnecting ... 1766955554.9518707
2025-12-28T21:24:21.6563561Z CloudEvents: Reconnected. 1766955555.0520813
2025-12-28T21:24:21.6563950Z CloudEvents: Disconnected. Reconnecting ... 1766955555.2898524
2025-12-28T21:24:21.6564345Z CloudEvents: Reconnected. 1766955555.3900204
2025-12-28T21:24:21.6564698Z CloudEvents: Disconnected. Reconnecting ... 1766955561.9753413
2025-12-28T21:24:21.6565171Z CloudEvents: Reconnected. 1766955562.075545
2025-12-28T21:24:21.6565473Z CloudEvents: Disconnected. Reconnecting ... 1766955569.9190361
2025-12-28T21:24:21.6565786Z CloudEvents: Reconnected. 1766955570.0192344
2025-12-28T21:24:21.6566095Z CloudEvents: Disconnected. Reconnecting ... 1766955570.2733994
2025-12-28T21:24:21.6566398Z CloudEvents: Reconnected. 1766955570.3735385
2025-12-28T21:24:21.6566695Z CloudEvents: Disconnected. Reconnecting ... 1766955580.7802951
2025-12-28T21:24:21.6566999Z CloudEvents: Reconnected. 1766955580.8804665
2025-12-28T21:24:21.6567299Z CloudEvents: Disconnected. Reconnecting ... 1766955581.1375172
2025-12-28T21:24:21.6567599Z CloudEvents: Reconnected. 1766955581.2376556
2025-12-28T21:24:21.6567899Z CloudEvents: Disconnected. Reconnecting ... 1766955651.3318005
2025-12-28T21:24:21.6568198Z CloudEvents: Reconnected. 1766955651.4320986
2025-12-28T21:24:21.6568489Z CloudEvents: Disconnected. Reconnecting ... 1766955677.0209162
2025-12-28T21:24:21.6568800Z CloudEvents: Reconnected. 1766955677.12114
2025-12-28T21:24:21.6569099Z CloudEvents: Disconnected. Reconnecting ... 1766955677.3593724
2025-12-28T21:24:21.6569398Z CloudEvents: Reconnected. 1766955677.4596126
2025-12-28T21:24:21.6569705Z CloudEvents: Disconnected. Reconnecting ... 1766955680.4473212
2025-12-28T21:24:21.6570003Z CloudEvents: Reconnected. 1766955680.5474887
2025-12-28T21:24:21.6570302Z CloudEvents: Disconnected. Reconnecting ... 1766955869.0294647
2025-12-28T21:24:21.6570756Z CloudEvents: Reconnected. 1766955869.1296449
2025-12-28T21:24:21.6571049Z CloudEvents: Disconnected. Reconnecting ... 1766955869.376295
2025-12-28T21:24:21.6571352Z CloudEvents: Reconnected. 1766955869.4764311
2025-12-28T21:24:21.6571648Z CloudEvents: Disconnected. Reconnecting ... 1766955869.7159524
2025-12-28T21:24:21.6571942Z CloudEvents: Reconnected. 1766955869.8161108
2025-12-28T21:24:21.6572243Z CloudEvents: Disconnected. Reconnecting ... 1766956053.4377482
2025-12-28T21:24:21.6572544Z CloudEvents: Reconnected. 1766956053.537914
2025-12-28T21:24:21.6572845Z CloudEvents: Disconnected. Reconnecting ... 1766956053.8216228
2025-12-28T21:24:21.6573147Z CloudEvents: Reconnected. 1766956053.9217916
2025-12-28T21:24:21.6573443Z CloudEvents: Disconnected. Reconnecting ... 1766956111.689997
2025-12-28T21:24:21.6573744Z CloudEvents: Reconnected. 1766956111.7901099
2025-12-28T21:24:21.6574042Z CloudEvents: Disconnected. Reconnecting ... 1766956171.531322
2025-12-28T21:24:21.6574337Z CloudEvents: Reconnected. 1766956171.6314826
2025-12-28T21:24:21.6574635Z CloudEvents: Disconnected. Reconnecting ... 1766956237.8540926
2025-12-28T21:24:21.6574938Z CloudEvents: Reconnected. 1766956237.9542649
2025-12-28T21:24:21.6575229Z CloudEvents: Disconnected. Reconnecting ... 1766956238.2945607
2025-12-28T21:24:21.6575531Z CloudEvents: Reconnected. 1766956238.3947597
2025-12-28T21:24:21.6575825Z CloudEvents: Disconnected. Reconnecting ... 1766956241.756866
2025-12-28T21:24:21.6576122Z CloudEvents: Reconnected. 1766956241.8570764
2025-12-28T21:24:21.6576428Z CloudEvents: Disconnected. Reconnecting ... 1766956242.0781333
2025-12-28T21:24:21.6576730Z CloudEvents: Reconnected. 1766956242.1783028
2025-12-28T21:24:21.6577029Z CloudEvents: Disconnected. Reconnecting ... 1766956242.4012437
2025-12-28T21:24:21.6577453Z CloudEvents: Reconnected. 1766956242.5014164
2025-12-28T21:24:21.6577756Z CloudEvents: Disconnected. Reconnecting ... 1766956353.9055758
2025-12-28T21:24:21.6578053Z CloudEvents: Reconnected. 1766956354.0057464
2025-12-28T21:24:21.6578350Z CloudEvents: Disconnected. Reconnecting ... 1766956354.2357082
2025-12-28T21:24:21.6578645Z CloudEvents: Reconnected. 1766956354.335889
2025-12-28T21:24:21.6578942Z CloudEvents: Disconnected. Reconnecting ... 1766956480.1965537
2025-12-28T21:24:21.6579245Z CloudEvents: Reconnected. 1766956480.2967286
2025-12-28T21:24:21.6579535Z CloudEvents: Disconnected. Reconnecting ... 1766956480.5606632
2025-12-28T21:24:21.6579839Z CloudEvents: Reconnected. 1766956480.6608527
2025-12-28T21:24:21.6580138Z CloudEvents: Disconnected. Reconnecting ... 1766956529.7654202
2025-12-28T21:24:21.6580719Z CloudEvents: Reconnected. 1766956529.865633
2025-12-28T21:24:21.6581031Z CloudEvents: Disconnected. Reconnecting ... 1766956530.0874681
2025-12-28T21:24:21.6581355Z CloudEvents: Reconnected. 1766956530.1876621
2025-12-28T21:24:21.6581653Z CloudEvents: Disconnected. Reconnecting ... 1766956530.4358165
2025-12-28T21:24:21.6581957Z CloudEvents: Reconnected. 1766956530.536034
2025-12-28T21:24:21.6582258Z CloudEvents: Disconnected. Reconnecting ... 1766956619.715265
2025-12-28T21:24:21.6582557Z CloudEvents: Reconnected. 1766956619.815446
2025-12-28T21:24:21.6582849Z CloudEvents: Disconnected. Reconnecting ... 1766956620.0412428
2025-12-28T21:24:21.6583146Z CloudEvents: Reconnected. 1766956620.1414208
2025-12-28T21:24:21.6583458Z CloudEvents: Disconnected. Reconnecting ... 1766956620.3758848
2025-12-28T21:24:21.6583761Z CloudEvents: Reconnected. 1766956620.4760935
2025-12-28T21:24:21.6584057Z CloudEvents: Disconnected. Reconnecting ... 1766956701.3050027
2025-12-28T21:24:21.6584372Z CloudEvents: Reconnected. 1766956701.4052095
2025-12-28T21:24:21.6584672Z CloudEvents: Disconnected. Reconnecting ... 1766956701.6554673
2025-12-28T21:24:21.6584970Z CloudEvents: Reconnected. 1766956701.7556462
2025-12-28T21:24:21.6585275Z CloudEvents: Disconnected. Reconnecting ... 1766956701.9953015
2025-12-28T21:24:21.6585580Z CloudEvents: Reconnected. 1766956702.0954964
2025-12-28T21:24:21.6585869Z CloudEvents: Disconnected. Reconnecting ... 1766956804.5531194
2025-12-28T21:24:21.6586173Z CloudEvents: Reconnected. 1766956804.6533086
2025-12-28T21:24:21.6586471Z CloudEvents: Disconnected. Reconnecting ... 1766956804.9225597
2025-12-28T21:24:21.6586768Z CloudEvents: Reconnected. 1766956805.0227447
2025-12-28T21:24:21.6587064Z CloudEvents: Disconnected. Reconnecting ... 1766956810.3494446
2025-12-28T21:24:21.6587359Z CloudEvents: Reconnected. 1766956810.4496253
2025-12-28T21:24:21.6587655Z CloudEvents: Disconnected. Reconnecting ... 1766956810.6919656
2025-12-28T21:24:21.6587961Z CloudEvents: Reconnected. 1766956810.7921598
2025-12-28T21:24:21.6588251Z CloudEvents: Disconnected. Reconnecting ... 1766956811.0164046
2025-12-28T21:24:21.6588553Z CloudEvents: Reconnected. 1766956811.1166098
2025-12-28T21:24:21.6588859Z CloudEvents: Disconnected. Reconnecting ... 1766956818.6299791
2025-12-28T21:24:21.6589160Z CloudEvents: Reconnected. 1766956818.7301831
2025-12-28T21:24:21.6589457Z CloudEvents: Disconnected. Reconnecting ... 1766956818.9541974
2025-12-28T21:24:21.6589759Z CloudEvents: Reconnected. 1766956819.0544236
2025-12-28T21:24:21.6590048Z CloudEvents: Disconnected. Reconnecting ... 1766956819.2825863
2025-12-28T21:24:21.6590348Z CloudEvents: Reconnected. 1766956819.3828163
2025-12-28T21:24:21.6590737Z CloudEvents: Disconnected. Reconnecting ... 1766956867.9847791
2025-12-28T21:24:21.6591031Z CloudEvents: Reconnected. 1766956868.0849802
2025-12-28T21:24:21.6591327Z CloudEvents: Disconnected. Reconnecting ... 1766956868.3186862
2025-12-28T21:24:21.6591626Z CloudEvents: Reconnected. 1766956868.4188879
2025-12-28T21:24:21.6591920Z CloudEvents: Disconnected. Reconnecting ... 1766956868.6589873
2025-12-28T21:24:21.6592217Z CloudEvents: Reconnected. 1766956868.759173
2025-12-28T21:24:21.6592623Z CloudEvents: Disconnected. Reconnecting ... 1766956876.9627228
2025-12-28T21:24:21.6592928Z CloudEvents: Reconnected. 1766956877.0629156
2025-12-28T21:24:21.6593225Z CloudEvents: Disconnected. Reconnecting ... 1766956877.2798579
2025-12-28T21:24:21.6593528Z CloudEvents: Reconnected. 1766956877.3800907
2025-12-28T21:24:21.6593822Z CloudEvents: Disconnected. Reconnecting ... 1766956877.599334
2025-12-28T21:24:21.6594125Z CloudEvents: Reconnected. 1766956877.6995404
2025-12-28T21:24:21.6594427Z CloudEvents: Disconnected. Reconnecting ... 1766956883.3741028
2025-12-28T21:24:21.6594733Z CloudEvents: Reconnected. 1766956883.4743042
2025-12-28T21:24:21.6595028Z CloudEvents: Disconnected. Reconnecting ... 1766956883.7067766
2025-12-28T21:24:21.6595325Z CloudEvents: Reconnected. 1766956883.8070056
2025-12-28T21:24:21.6595743Z CloudEvents: Disconnected. Reconnecting ... 1766956916.2549977
2025-12-28T21:24:21.6596056Z CloudEvents: Reconnected. 1766956916.3551984
2025-12-28T21:24:21.6596358Z CloudEvents: Disconnected. Reconnecting ... 1766956916.5876405
2025-12-28T21:24:21.6596667Z CloudEvents: Reconnected. 1766956916.6878128
2025-12-28T21:24:21.6596960Z CloudEvents: Disconnected. Reconnecting ... 1766956916.9075792
2025-12-28T21:24:21.6597260Z CloudEvents: Reconnected. 1766956917.007738
2025-12-28T21:24:21.6597558Z CloudEvents: Disconnected. Reconnecting ... 1766956984.0470192
2025-12-28T21:24:21.6597860Z CloudEvents: Reconnected. 1766956984.1472306
2025-12-28T21:24:21.6598170Z CloudEvents: Disconnected. Reconnecting ... 1766956984.3853242
2025-12-28T21:24:21.6598485Z CloudEvents: Reconnected. 1766956984.4854815
2025-12-28T21:24:21.6598786Z CloudEvents: Disconnected. Reconnecting ... 1766956984.722414
2025-12-28T21:24:21.6599093Z CloudEvents: Reconnected. 1766956984.822588
2025-12-28T21:24:21.6599406Z CloudEvents: Disconnected. Reconnecting ... 1766956992.6446826
2025-12-28T21:24:21.6599705Z CloudEvents: Reconnected. 1766956992.744866
2025-12-28T21:24:21.6599999Z CloudEvents: Disconnected. Reconnecting ... 1766956993.005025
2025-12-28T21:24:21.6600301Z CloudEvents: Reconnected. 1766956993.1052148
2025-12-28T21:24:21.6600700Z CloudEvents: Disconnected. Reconnecting ... 1766956993.3242788
2025-12-28T21:24:21.6601007Z CloudEvents: Reconnected. 1766956993.4244776
2025-12-28T21:24:21.6601299Z CloudEvents: Disconnected. Reconnecting ... 1766957061.2026808
2025-12-28T21:24:21.6601601Z CloudEvents: Reconnected. 1766957061.3028839
2025-12-28T21:59:45.4861502Z CloudEvents: Disconnected. Reconnecting ... 1766957061.6540313
2025-12-28T21:59:45.4862423Z CloudEvents: Reconnected. 1766957061.7542892
2025-12-28T21:59:45.4863114Z CloudEvents: Disconnected. Reconnecting ... 1766957220.8604789
2025-12-28T21:59:45.4863605Z CloudEvents: Reconnected. 1766957220.960679
2025-12-28T21:59:45.4864069Z CloudEvents: Disconnected. Reconnecting ... 1766957221.2092066
2025-12-28T21:59:45.4864560Z CloudEvents: Reconnected. 1766957221.309418
2025-12-28T21:59:45.4865015Z CloudEvents: Disconnected. Reconnecting ... 1766957240.2409647
2025-12-28T21:59:45.4865453Z CloudEvents: Reconnected. 1766957240.3411198
2025-12-28T21:59:45.4865833Z CloudEvents: Disconnected. Reconnecting ... 1766957249.2416852
2025-12-28T21:59:45.4866204Z CloudEvents: Reconnected. 1766957249.341856
2025-12-28T21:59:45.4866562Z CloudEvents: Disconnected. Reconnecting ... 1766957249.590161
2025-12-28T21:59:45.4866938Z CloudEvents: Reconnected. 1766957249.6903677
2025-12-28T21:59:45.4867304Z CloudEvents: Disconnected. Reconnecting ... 1766957357.0248694
2025-12-28T21:59:45.4867672Z CloudEvents: Reconnected. 1766957357.1250951
2025-12-28T21:59:45.4868038Z CloudEvents: Disconnected. Reconnecting ... 1766957357.3731108
2025-12-28T21:59:45.4868413Z CloudEvents: Reconnected. 1766957357.4732938
2025-12-28T21:59:45.4868772Z CloudEvents: Disconnected. Reconnecting ... 1766957449.5754058
2025-12-28T21:59:45.4869149Z CloudEvents: Reconnected. 1766957449.6755915
2025-12-28T21:59:45.4869513Z CloudEvents: Disconnected. Reconnecting ... 1766957458.5937743
2025-12-28T21:59:45.4869882Z CloudEvents: Reconnected. 1766957458.69394
2025-12-28T21:59:45.4870892Z CloudEvents: Disconnected. Reconnecting ... 1766957458.9239633
2025-12-28T21:59:45.4871509Z CloudEvents: Reconnected. 1766957459.0241647
2025-12-28T21:59:45.4872055Z CloudEvents: Disconnected. Reconnecting ... 1766957459.2496202
2025-12-28T21:59:45.4872651Z CloudEvents: Reconnected. 1766957459.349785
2025-12-28T21:59:45.4873230Z CloudEvents: Disconnected. Reconnecting ... 1766957572.8123853
2025-12-28T21:59:45.4873868Z CloudEvents: Reconnected. 1766957572.9125662
2025-12-28T21:59:45.4874378Z CloudEvents: Disconnected. Reconnecting ... 1766957573.13915
2025-12-28T21:59:45.4874913Z CloudEvents: Reconnected. 1766957573.2393277
2025-12-28T21:59:45.4875287Z CloudEvents: Disconnected. Reconnecting ... 1766957573.4759023
2025-12-28T21:59:45.4875922Z CloudEvents: Reconnected. 1766957573.576082
2025-12-28T21:59:45.4876281Z CloudEvents: Disconnected. Reconnecting ... 1766957590.283252
2025-12-28T21:59:45.4876626Z CloudEvents: Reconnected. 1766957590.3834672
2025-12-28T21:59:45.4876938Z CloudEvents: Disconnected. Reconnecting ... 1766957591.0871975
2025-12-28T21:59:45.4877246Z CloudEvents: Reconnected. 1766957591.1873877
2025-12-28T21:59:45.4877545Z CloudEvents: Disconnected. Reconnecting ... 1766957596.0809891
2025-12-28T21:59:45.4877845Z CloudEvents: Reconnected. 1766957596.1811497
2025-12-28T21:59:45.4878145Z CloudEvents: Disconnected. Reconnecting ... 1766957596.401842
2025-12-28T21:59:45.4878450Z CloudEvents: Reconnected. 1766957596.5020242
2025-12-28T21:59:45.4878736Z CloudEvents: Disconnected. Reconnecting ... 1766957596.734845
2025-12-28T21:59:45.4879038Z CloudEvents: Reconnected. 1766957596.834995
2025-12-28T21:59:45.4879427Z CloudEvents: Disconnected. Reconnecting ... 1766957614.487502
2025-12-28T21:59:45.4879809Z CloudEvents: Reconnected. 1766957614.587655
2025-12-28T21:59:45.4888135Z CloudEvents: Disconnected. Reconnecting ... 1766957614.8215964
2025-12-28T21:59:45.4888489Z CloudEvents: Reconnected. 1766957614.921788
2025-12-28T21:59:45.4888810Z CloudEvents: Disconnected. Reconnecting ... 1766957615.1553838
2025-12-28T21:59:45.4889136Z CloudEvents: Reconnected. 1766957615.2555602
2025-12-28T21:59:45.4889439Z CloudEvents: Disconnected. Reconnecting ... 1766957676.4652684
2025-12-28T21:59:45.4889910Z CloudEvents: Reconnected. 1766957676.565472
2025-12-28T21:59:45.4890467Z CloudEvents: Disconnected. Reconnecting ... 1766957676.807428
2025-12-28T21:59:45.4891201Z CloudEvents: Reconnected. 1766957676.9076095
2025-12-28T21:59:45.4891688Z CloudEvents: Disconnected. Reconnecting ... 1766957881.6505852
2025-12-28T21:59:45.4892004Z CloudEvents: Reconnected. 1766957881.7508044
2025-12-28T21:59:45.4892297Z CloudEvents: Disconnected. Reconnecting ... 1766957881.9881291
2025-12-28T21:59:45.4892603Z CloudEvents: Reconnected. 1766957882.0883355
2025-12-28T21:59:45.4892903Z CloudEvents: Disconnected. Reconnecting ... 1766957882.3274693
2025-12-28T21:59:45.4893214Z CloudEvents: Reconnected. 1766957882.4276764
2025-12-28T21:59:45.4893511Z CloudEvents: Disconnected. Reconnecting ... 1766958023.5872514
2025-12-28T21:59:45.4893812Z CloudEvents: Reconnected. 1766958023.6874304
2025-12-28T21:59:45.4894108Z CloudEvents: Disconnected. Reconnecting ... 1766958023.9341903
2025-12-28T21:59:45.4894486Z CloudEvents: Reconnected. 1766958024.034349
2025-12-28T21:59:45.4894777Z CloudEvents: Disconnected. Reconnecting ... 1766958024.273007
2025-12-28T21:59:45.4895086Z CloudEvents: Reconnected. 1766958024.3731873
2025-12-28T21:59:45.4895384Z CloudEvents: Disconnected. Reconnecting ... 1766958045.9757428
2025-12-28T21:59:45.4895679Z CloudEvents: Reconnected. 1766958046.0759313
2025-12-28T21:59:45.4895985Z CloudEvents: Disconnected. Reconnecting ... 1766958046.4299436
2025-12-28T21:59:45.4896287Z CloudEvents: Reconnected. 1766958046.5301292
2025-12-28T21:59:45.4896580Z CloudEvents: Disconnected. Reconnecting ... 1766958116.0722609
2025-12-28T21:59:45.4896889Z CloudEvents: Reconnected. 1766958116.1724505
2025-12-28T21:59:45.4897182Z CloudEvents: Disconnected. Reconnecting ... 1766958116.4333446
2025-12-28T21:59:45.4897491Z CloudEvents: Reconnected. 1766958116.5334983
2025-12-28T21:59:45.4897965Z CloudEvents: Disconnected. Reconnecting ... 1766958116.7569854
2025-12-28T21:59:45.4898274Z CloudEvents: Reconnected. 1766958116.8571835
2025-12-28T21:59:45.4898572Z CloudEvents: Disconnected. Reconnecting ... 1766958144.606859
2025-12-28T21:59:45.4898874Z CloudEvents: Reconnected. 1766958144.7069988
2025-12-28T21:59:45.4899168Z CloudEvents: Disconnected. Reconnecting ... 1766958144.9416826
2025-12-28T21:59:45.4899469Z CloudEvents: Reconnected. 1766958145.0418546
2025-12-28T21:59:45.4899767Z CloudEvents: Disconnected. Reconnecting ... 1766958145.279954
2025-12-28T21:59:45.4900068Z CloudEvents: Reconnected. 1766958145.380131
2025-12-28T21:59:45.4900358Z CloudEvents: Disconnected. Reconnecting ... 1766958149.0036514
2025-12-28T21:59:45.4901058Z CloudEvents: Reconnected. 1766958149.103824
2025-12-28T21:59:45.4901357Z CloudEvents: Disconnected. Reconnecting ... 1766958149.3351798
2025-12-28T21:59:45.4901656Z CloudEvents: Reconnected. 1766958149.4353547
2025-12-28T21:59:45.4901954Z CloudEvents: Disconnected. Reconnecting ... 1766958149.660164
2025-12-28T21:59:45.4902249Z CloudEvents: Reconnected. 1766958149.7603748
2025-12-28T21:59:45.4902540Z CloudEvents: Disconnected. Reconnecting ... 1766958153.329576
2025-12-28T21:59:45.4902841Z CloudEvents: Reconnected. 1766958153.4297469
2025-12-28T21:59:45.4903135Z CloudEvents: Disconnected. Reconnecting ... 1766958177.2468863
2025-12-28T21:59:45.4903437Z CloudEvents: Reconnected. 1766958177.3470848
2025-12-28T21:59:45.4903735Z CloudEvents: Disconnected. Reconnecting ... 1766958177.6013377
2025-12-28T21:59:45.4904031Z CloudEvents: Reconnected. 1766958177.7015386
2025-12-28T21:59:45.4904327Z CloudEvents: Disconnected. Reconnecting ... 1766958177.9197478
2025-12-28T21:59:45.4904633Z CloudEvents: Reconnected. 1766958178.0199559
2025-12-28T21:59:45.4904925Z CloudEvents: Disconnected. Reconnecting ... 1766958221.8646083
2025-12-28T21:59:45.4905228Z CloudEvents: Reconnected. 1766958221.9647923
2025-12-28T21:59:45.4905527Z CloudEvents: Disconnected. Reconnecting ... 1766958266.142424
2025-12-28T21:59:45.4905829Z CloudEvents: Reconnected. 1766958266.242613
2025-12-28T21:59:45.4906127Z CloudEvents: Disconnected. Reconnecting ... 1766958266.5321715
2025-12-28T21:59:45.4906421Z CloudEvents: Reconnected. 1766958266.6323526
2025-12-28T21:59:45.4906714Z CloudEvents: Disconnected. Reconnecting ... 1766958280.028564
2025-12-28T21:59:45.4907015Z CloudEvents: Reconnected. 1766958280.1287618
2025-12-28T21:59:45.4907304Z CloudEvents: Disconnected. Reconnecting ... 1766958280.3645837
2025-12-28T21:59:45.4907610Z CloudEvents: Reconnected. 1766958280.4647832
2025-12-28T21:59:45.4907902Z CloudEvents: Disconnected. Reconnecting ... 1766958507.4992814
2025-12-28T21:59:45.4908195Z CloudEvents: Reconnected. 1766958507.5994682
2025-12-28T21:59:45.4908491Z CloudEvents: Disconnected. Reconnecting ... 1766958527.4845686
2025-12-28T21:59:45.4908791Z CloudEvents: Reconnected. 1766958527.5847125
2025-12-28T21:59:45.4909080Z CloudEvents: Disconnected. Reconnecting ... 1766958588.7826827
2025-12-28T21:59:45.4909384Z CloudEvents: Reconnected. 1766958588.8828723
2025-12-28T21:59:45.4909677Z CloudEvents: Disconnected. Reconnecting ... 1766958589.1594985
2025-12-28T21:59:45.4909971Z CloudEvents: Reconnected. 1766958589.2597044
2025-12-28T21:59:45.4910270Z CloudEvents: Disconnected. Reconnecting ... 1766958589.484564
2025-12-28T21:59:45.4910823Z CloudEvents: Reconnected. 1766958589.5847058
2025-12-28T21:59:45.4911131Z CloudEvents: Disconnected. Reconnecting ... 1766958684.0270996
2025-12-28T21:59:45.4911432Z CloudEvents: Reconnected. 1766958684.1272924
2025-12-28T21:59:45.4911719Z CloudEvents: Disconnected. Reconnecting ... 1766958684.3652809
2025-12-28T21:59:45.4912020Z CloudEvents: Reconnected. 1766958684.4653928
2025-12-28T21:59:45.4912318Z CloudEvents: Disconnected. Reconnecting ... 1766958684.6870332
2025-12-28T21:59:45.4912610Z CloudEvents: Reconnected. 1766958684.7871847
2025-12-28T21:59:45.4912904Z CloudEvents: Disconnected. Reconnecting ... 1766958693.0260832
2025-12-28T21:59:45.4913380Z CloudEvents: Reconnected. 1766958693.1262546
2025-12-28T21:59:45.4913685Z CloudEvents: Disconnected. Reconnecting ... 1766958693.3722615
2025-12-28T21:59:45.4913988Z CloudEvents: Reconnected. 1766958693.4724047
2025-12-28T21:59:45.4914285Z CloudEvents: Disconnected. Reconnecting ... 1766958708.28817
2025-12-28T21:59:45.4914578Z CloudEvents: Reconnected. 1766958708.3883264
2025-12-28T21:59:45.4914872Z CloudEvents: Disconnected. Reconnecting ... 1766958708.6068895
2025-12-28T21:59:45.4915168Z CloudEvents: Reconnected. 1766958708.7070413
2025-12-28T21:59:45.4915462Z CloudEvents: Disconnected. Reconnecting ... 1766958708.9458725
2025-12-28T21:59:45.4915772Z CloudEvents: Reconnected. 1766958709.046087
2025-12-28T21:59:45.4916171Z CloudEvents: Disconnected. Reconnecting ... 1766958712.820017
2025-12-28T21:59:45.4916473Z CloudEvents: Reconnected. 1766958712.9201806
2025-12-28T21:59:45.4916770Z CloudEvents: Disconnected. Reconnecting ... 1766958715.4634292
2025-12-28T21:59:45.4917072Z CloudEvents: Reconnected. 1766958715.5635746
2025-12-28T21:59:45.4917367Z CloudEvents: Disconnected. Reconnecting ... 1766958715.8009415
2025-12-28T21:59:45.4917668Z CloudEvents: Reconnected. 1766958715.9011357
2025-12-28T21:59:45.4917961Z CloudEvents: Disconnected. Reconnecting ... 1766958760.7570825
2025-12-28T21:59:45.4918260Z CloudEvents: Reconnected. 1766958760.8572514
2025-12-28T21:59:45.4918557Z CloudEvents: Disconnected. Reconnecting ... 1766958761.1168761
2025-12-28T21:59:45.4918853Z CloudEvents: Reconnected. 1766958761.217077
2025-12-28T21:59:45.4919142Z CloudEvents: Disconnected. Reconnecting ... 1766958761.450264
2025-12-28T21:59:45.4919437Z CloudEvents: Reconnected. 1766958761.550445
2025-12-28T21:59:45.4919722Z CloudEvents: Disconnected. Reconnecting ... 1766958766.150225
2025-12-28T21:59:45.4920026Z CloudEvents: Reconnected. 1766958766.2504053
2025-12-28T21:59:45.4920313Z CloudEvents: Disconnected. Reconnecting ... 1766958766.4706783
2025-12-28T21:59:45.4920810Z CloudEvents: Reconnected. 1766958766.5708508
2025-12-28T21:59:45.4921112Z CloudEvents: Disconnected. Reconnecting ... 1766958766.8173294
2025-12-28T21:59:45.4921407Z CloudEvents: Reconnected. 1766958766.9175003
2025-12-28T21:59:45.4921700Z CloudEvents: Disconnected. Reconnecting ... 1766958785.0504212
2025-12-28T21:59:45.4921999Z CloudEvents: Reconnected. 1766958785.1505866
2025-12-28T21:59:45.4922285Z CloudEvents: Disconnected. Reconnecting ... 1766959184.7006674
2025-12-28T21:59:45.4922590Z CloudEvents: Reconnected. 1766959184.8008275
2025-12-28T21:59:45.4922883Z CloudEvents: Disconnected. Reconnecting ... 1766959185.0417936
2025-12-28T21:59:45.4923177Z CloudEvents: Reconnected. 1766959185.1419466
2025-12-28T21:59:45.4923469Z CloudEvents: Disconnected. Reconnecting ... 1766959185.3857126
2025-12-28T22:36:19.7326404Z CloudEvents: Reconnected. 1766959185.48587
2025-12-28T22:36:19.7327502Z CloudEvents: Disconnected. Reconnecting ... 1766959310.4977748
2025-12-28T22:36:19.7328330Z CloudEvents: Reconnected. 1766959310.597936
2025-12-28T22:36:19.7329055Z CloudEvents: Disconnected. Reconnecting ... 1766959316.7132344
2025-12-28T22:36:19.7329815Z CloudEvents: Reconnected. 1766959316.8133945
2025-12-28T22:36:19.7330710Z CloudEvents: Disconnected. Reconnecting ... 1766959317.0835118
2025-12-28T22:36:19.7331365Z CloudEvents: Reconnected. 1766959317.183711
2025-12-28T22:36:19.7332023Z CloudEvents: Disconnected. Reconnecting ... 1766959325.864529
2025-12-28T22:36:19.7332792Z CloudEvents: Reconnected. 1766959325.9647357
2025-12-28T22:36:19.7333439Z CloudEvents: Disconnected. Reconnecting ... 1766959326.2242823
2025-12-28T22:36:19.7334116Z CloudEvents: Reconnected. 1766959326.3244622
2025-12-28T22:36:19.7334604Z CloudEvents: Disconnected. Reconnecting ... 1766959326.5860388
2025-12-28T22:36:19.7335082Z CloudEvents: Reconnected. 1766959326.6862922
2025-12-28T22:36:19.7335777Z CloudEvents: Disconnected. Reconnecting ... 1766959382.8722253
2025-12-28T22:36:19.7336250Z CloudEvents: Reconnected. 1766959382.9723797
2025-12-28T22:36:19.7337093Z CloudEvents: Disconnected. Reconnecting ... 1766959383.2437036
2025-12-28T22:36:19.7337506Z CloudEvents: Reconnected. 1766959383.34385
2025-12-28T22:36:19.7337906Z CloudEvents: Disconnected. Reconnecting ... 1766959383.5616822
2025-12-28T22:36:19.7338391Z CloudEvents: Reconnected. 1766959383.6618593
2025-12-28T22:36:19.7338817Z CloudEvents: Disconnected. Reconnecting ... 1766959390.9841943
2025-12-28T22:36:19.7339224Z CloudEvents: Reconnected. 1766959391.0843685
2025-12-28T22:36:19.7339623Z CloudEvents: Disconnected. Reconnecting ... 1766959391.3379445
2025-12-28T22:36:19.7340026Z CloudEvents: Reconnected. 1766959391.4381287
2025-12-28T22:36:19.7340426Z CloudEvents: Disconnected. Reconnecting ... 1766959553.5319076
2025-12-28T22:36:19.7340985Z CloudEvents: Reconnected. 1766959553.6320858
2025-12-28T22:36:19.7341629Z CloudEvents: Disconnected. Reconnecting ... 1766959573.5222368
2025-12-28T22:36:19.7342060Z CloudEvents: Reconnected. 1766959573.6224027
2025-12-28T22:36:19.7342462Z CloudEvents: Disconnected. Reconnecting ... 1766959709.8161292
2025-12-28T22:36:19.7342874Z CloudEvents: Reconnected. 1766959709.9163501
2025-12-28T22:36:19.7343274Z CloudEvents: Disconnected. Reconnecting ... 1766959710.2785456
2025-12-28T22:36:19.7343678Z CloudEvents: Reconnected. 1766959710.3787322
2025-12-28T22:36:19.7344077Z CloudEvents: Disconnected. Reconnecting ... 1766959714.164277
2025-12-28T22:36:19.7344484Z CloudEvents: Reconnected. 1766959714.2644713
2025-12-28T22:36:19.7344878Z CloudEvents: Disconnected. Reconnecting ... 1766959714.5102446
2025-12-28T22:36:19.7345285Z CloudEvents: Reconnected. 1766959714.610427
2025-12-28T22:36:19.7345683Z CloudEvents: Disconnected. Reconnecting ... 1766959714.8425856
2025-12-28T22:36:19.7346094Z CloudEvents: Reconnected. 1766959714.9427874
2025-12-28T22:36:19.7346497Z CloudEvents: Disconnected. Reconnecting ... 1766959774.0680382
2025-12-28T22:36:19.7346886Z CloudEvents: Reconnected. 1766959774.1682353
2025-12-28T22:36:19.7347187Z CloudEvents: Disconnected. Reconnecting ... 1766959916.065108
2025-12-28T22:36:19.7347501Z CloudEvents: Reconnected. 1766959916.1652796
2025-12-28T22:36:19.7347799Z CloudEvents: Disconnected. Reconnecting ... 1766959916.5292382
2025-12-28T22:36:19.7348098Z CloudEvents: Reconnected. 1766959916.6293926
2025-12-28T22:36:19.7348391Z CloudEvents: Disconnected. Reconnecting ... 1766959916.847693
2025-12-28T22:36:19.7348685Z CloudEvents: Reconnected. 1766959916.9478855
2025-12-28T22:36:19.7348980Z CloudEvents: Disconnected. Reconnecting ... 1766959963.7795591
2025-12-28T22:36:19.7349278Z CloudEvents: Reconnected. 1766959963.8797357
2025-12-28T22:36:19.7349566Z CloudEvents: Disconnected. Reconnecting ... 1766959964.101542
2025-12-28T22:36:19.7349891Z CloudEvents: Reconnected. 1766959964.2017171
2025-12-28T22:36:19.7350189Z CloudEvents: Disconnected. Reconnecting ... 1766959964.417334
2025-12-28T22:36:19.7350633Z CloudEvents: Reconnected. 1766959964.5175335
2025-12-28T22:36:19.7350940Z CloudEvents: Disconnected. Reconnecting ... 1766960358.8805294
2025-12-28T22:36:19.7351252Z CloudEvents: Reconnected. 1766960358.9806771
2025-12-28T22:36:19.7351551Z CloudEvents: Disconnected. Reconnecting ... 1766960359.225894
2025-12-28T22:36:19.7351853Z CloudEvents: Reconnected. 1766960359.326115
2025-12-28T22:36:19.7352149Z CloudEvents: Disconnected. Reconnecting ... 1766960359.5926943
2025-12-28T22:36:19.7352458Z CloudEvents: Reconnected. 1766960359.6928709
2025-12-28T22:36:19.7352761Z CloudEvents: Disconnected. Reconnecting ... 1766960367.2322314
2025-12-28T22:36:19.7360839Z CloudEvents: Reconnected. 1766960367.3323765
2025-12-28T22:36:19.7361201Z CloudEvents: Disconnected. Reconnecting ... 1766960367.5549982
2025-12-28T22:36:19.7361522Z CloudEvents: Reconnected. 1766960367.6551373
2025-12-28T22:36:19.7361843Z CloudEvents: Disconnected. Reconnecting ... 1766960367.913704
2025-12-28T22:36:19.7362428Z CloudEvents: Reconnected. 1766960368.0138435
2025-12-28T22:36:19.7362941Z CloudEvents: Disconnected. Reconnecting ... 1766960397.066955
2025-12-28T22:36:19.7363339Z CloudEvents: Reconnected. 1766960397.1671088
2025-12-28T22:36:19.7363817Z CloudEvents: Disconnected. Reconnecting ... 1766960460.0468516
2025-12-28T22:36:19.7364128Z CloudEvents: Reconnected. 1766960460.147015
2025-12-28T22:36:19.7364426Z CloudEvents: Disconnected. Reconnecting ... 1766960460.4011686
2025-12-28T22:36:19.7364728Z CloudEvents: Reconnected. 1766960460.5013201
2025-12-28T22:36:19.7365018Z CloudEvents: Disconnected. Reconnecting ... 1766960460.7438626
2025-12-28T22:36:19.7365317Z CloudEvents: Reconnected. 1766960460.8440368
2025-12-28T22:36:19.7365604Z CloudEvents: Disconnected. Reconnecting ... 1766960572.4013374
2025-12-28T22:36:19.7365905Z CloudEvents: Reconnected. 1766960572.5014927
2025-12-28T22:36:19.7366199Z CloudEvents: Disconnected. Reconnecting ... 1766960572.8812768
2025-12-28T22:36:19.7366619Z CloudEvents: Reconnected. 1766960572.9814117
2025-12-28T22:36:19.7366909Z CloudEvents: Disconnected. Reconnecting ... 1766960671.3930023
2025-12-28T22:36:19.7367206Z CloudEvents: Reconnected. 1766960671.4931722
2025-12-28T22:36:19.7367496Z CloudEvents: Disconnected. Reconnecting ... 1766960671.7834923
2025-12-28T22:36:19.7367797Z CloudEvents: Reconnected. 1766960671.883635
2025-12-28T22:36:19.7368086Z CloudEvents: Disconnected. Reconnecting ... 1766960672.1050212
2025-12-28T22:36:19.7368379Z CloudEvents: Reconnected. 1766960672.2051997
2025-12-28T22:36:19.7368672Z CloudEvents: Disconnected. Reconnecting ... 1766960715.561786
2025-12-28T22:36:19.7368972Z CloudEvents: Reconnected. 1766960715.6619747
2025-12-28T22:36:19.7369261Z CloudEvents: Disconnected. Reconnecting ... 1766960715.9114401
2025-12-28T22:36:19.7369559Z CloudEvents: Reconnected. 1766960716.0116224
2025-12-28T22:36:19.7369851Z CloudEvents: Disconnected. Reconnecting ... 1766960716.243645
2025-12-28T22:36:19.7370144Z CloudEvents: Reconnected. 1766960716.3437982
2025-12-28T22:36:19.7370446Z CloudEvents: Disconnected. Reconnecting ... 1766960720.0063748
2025-12-28T22:36:19.7370887Z CloudEvents: Reconnected. 1766960720.106568
2025-12-28T22:36:19.7371180Z CloudEvents: Disconnected. Reconnecting ... 1766960729.5340066
2025-12-28T22:36:19.7371478Z CloudEvents: Reconnected. 1766960729.634176
2025-12-28T22:36:19.7371762Z CloudEvents: Disconnected. Reconnecting ... 1766960729.8594322
2025-12-28T22:36:19.7372060Z CloudEvents: Reconnected. 1766960729.959592
2025-12-28T22:36:19.7372347Z CloudEvents: Disconnected. Reconnecting ... 1766960730.2130084
2025-12-28T22:36:19.7372649Z CloudEvents: Reconnected. 1766960730.3131516
2025-12-28T22:36:19.7372939Z CloudEvents: Disconnected. Reconnecting ... 1766960733.9714873
2025-12-28T22:36:19.7373243Z CloudEvents: Reconnected. 1766960734.0716622
2025-12-28T22:36:19.7373536Z CloudEvents: Disconnected. Reconnecting ... 1766960734.3480916
2025-12-28T22:36:19.7373825Z CloudEvents: Reconnected. 1766960734.4482296
2025-12-28T22:36:19.7374123Z CloudEvents: Disconnected. Reconnecting ... 1766960739.8820357
2025-12-28T22:36:19.7374419Z CloudEvents: Reconnected. 1766960739.9822433
2025-12-28T22:36:19.7374705Z CloudEvents: Disconnected. Reconnecting ... 1766960740.3316877
2025-12-28T22:36:19.7375004Z CloudEvents: Reconnected. 1766960740.431842
2025-12-28T22:36:19.7375289Z CloudEvents: Disconnected. Reconnecting ... 1766960744.1075704
2025-12-28T22:36:19.7375594Z CloudEvents: Reconnected. 1766960744.2077353
2025-12-28T22:36:19.7375885Z CloudEvents: Disconnected. Reconnecting ... 1766960804.918556
2025-12-28T22:36:19.7376173Z CloudEvents: Reconnected. 1766960805.0187218
2025-12-28T22:36:19.7376461Z CloudEvents: Disconnected. Reconnecting ... 1766960857.048873
2025-12-28T22:36:19.7376795Z CloudEvents: Reconnected. 1766960857.1491032
2025-12-28T22:36:19.7377078Z CloudEvents: Disconnected. Reconnecting ... 1766960909.5073795
2025-12-28T22:36:19.7377372Z CloudEvents: Reconnected. 1766960909.607563
2025-12-28T22:36:19.7377660Z CloudEvents: Disconnected. Reconnecting ... 1766960909.8884008
2025-12-28T22:36:19.7377954Z CloudEvents: Reconnected. 1766960909.9885378
2025-12-28T22:36:19.7378247Z CloudEvents: Disconnected. Reconnecting ... 1766960910.208694
2025-12-28T22:36:19.7378541Z CloudEvents: Reconnected. 1766960910.3088486
2025-12-28T22:36:19.7378941Z CloudEvents: Disconnected. Reconnecting ... 1766961050.744255
2025-12-28T22:36:19.7379238Z CloudEvents: Reconnected. 1766961050.8444517
2025-12-28T22:36:19.7379521Z CloudEvents: Disconnected. Reconnecting ... 1766961051.2181368
2025-12-28T22:36:19.7379818Z CloudEvents: Reconnected. 1766961051.3183048
2025-12-28T22:36:19.7380108Z CloudEvents: Disconnected. Reconnecting ... 1766961051.562429
2025-12-28T22:36:19.7380395Z CloudEvents: Reconnected. 1766961051.6626034
2025-12-28T22:36:19.7380797Z CloudEvents: Disconnected. Reconnecting ... 1766961150.5374131
2025-12-28T22:36:19.7381094Z CloudEvents: Reconnected. 1766961150.6375813
2025-12-28T22:36:19.7381376Z CloudEvents: Disconnected. Reconnecting ... 1766961150.8702743
2025-12-28T22:36:19.7381826Z CloudEvents: Reconnected. 1766961150.9704502
2025-12-28T22:36:19.7382114Z CloudEvents: Disconnected. Reconnecting ... 1766961151.2348661
2025-12-28T22:36:19.7382421Z CloudEvents: Reconnected. 1766961151.3350215
2025-12-28T22:36:19.7382730Z CloudEvents: Disconnected. Reconnecting ... 1766961248.4141927
2025-12-28T22:36:19.7383033Z CloudEvents: Reconnected. 1766961248.5143728
2025-12-28T22:36:19.7383324Z CloudEvents: Disconnected. Reconnecting ... 1766961248.7511628
2025-12-28T22:36:19.7383623Z CloudEvents: Reconnected. 1766961248.851337
2025-12-28T22:36:19.7383916Z CloudEvents: Disconnected. Reconnecting ... 1766961249.0707064
2025-12-28T22:36:19.7384230Z CloudEvents: Reconnected. 1766961249.1708884
2025-12-28T22:36:19.7384525Z CloudEvents: Disconnected. Reconnecting ... 1766961265.3806086
2025-12-28T22:36:19.7384816Z CloudEvents: Reconnected. 1766961265.4807568
2025-12-28T22:36:19.7385111Z CloudEvents: Disconnected. Reconnecting ... 1766961269.2263305
2025-12-28T22:36:19.7385415Z CloudEvents: Reconnected. 1766961269.3264844
2025-12-28T22:36:19.7385701Z CloudEvents: Disconnected. Reconnecting ... 1766961269.5635138
2025-12-28T22:36:19.7386003Z CloudEvents: Reconnected. 1766961269.6637032
2025-12-28T22:36:19.7386301Z CloudEvents: Disconnected. Reconnecting ... 1766961299.6257877
2025-12-28T22:36:19.7386594Z CloudEvents: Reconnected. 1766961299.725986
2025-12-28T22:36:19.7386891Z CloudEvents: Disconnected. Reconnecting ... 1766961299.963547
2025-12-28T22:36:19.7387190Z CloudEvents: Reconnected. 1766961300.0637064
2025-12-28T22:36:19.7387473Z CloudEvents: Disconnected. Reconnecting ... 1766961300.3055305
2025-12-28T22:36:19.7387770Z CloudEvents: Reconnected. 1766961300.4056768
2025-12-28T22:36:19.7388056Z CloudEvents: Disconnected. Reconnecting ... 1766961342.8404279
2025-12-28T22:36:19.7388356Z CloudEvents: Reconnected. 1766961342.9405618
2025-12-28T22:36:19.7388650Z CloudEvents: Disconnected. Reconnecting ... 1766961343.1785686
2025-12-28T22:36:19.7388949Z CloudEvents: Reconnected. 1766961343.2787073
2025-12-28T22:36:19.7389251Z CloudEvents: Disconnected. Reconnecting ... 1766961343.4988725
2025-12-28T22:36:19.7389553Z CloudEvents: Reconnected. 1766961343.5990098
2025-12-28T22:36:19.7389841Z CloudEvents: Disconnected. Reconnecting ... 1766961379.6322238
2025-12-28T23:03:43.5184588Z CloudEvents: Reconnected. 1766961379.7323978
2025-12-28T23:03:43.5185329Z CloudEvents: Disconnected. Reconnecting ... 1766961544.6773493
2025-12-28T23:03:43.5186002Z CloudEvents: Reconnected. 1766961544.7775204
2025-12-28T23:03:43.5186439Z CloudEvents: Disconnected. Reconnecting ... 1766961545.0531623
2025-12-28T23:03:43.5186868Z CloudEvents: Reconnected. 1766961545.15336
2025-12-28T23:03:43.5187265Z CloudEvents: Disconnected. Reconnecting ... 1766961592.6866581
2025-12-28T23:03:43.5187679Z CloudEvents: Reconnected. 1766961592.7868283
2025-12-28T23:03:43.5188080Z CloudEvents: Disconnected. Reconnecting ... 1766961593.0363748
2025-12-28T23:03:43.5188485Z CloudEvents: Reconnected. 1766961593.136533
2025-12-28T23:03:43.5188907Z CloudEvents: Disconnected. Reconnecting ... 1766961630.2022896
2025-12-28T23:03:43.5189354Z CloudEvents: Reconnected. 1766961630.3024657
2025-12-28T23:03:43.5189753Z CloudEvents: Disconnected. Reconnecting ... 1766961650.2199705
2025-12-28T23:03:43.5190843Z CloudEvents: Reconnected. 1766961650.320151
2025-12-28T23:03:43.5191297Z CloudEvents: Disconnected. Reconnecting ... 1766961650.666912
2025-12-28T23:03:43.5191718Z CloudEvents: Reconnected. 1766961650.7670703
2025-12-28T23:03:43.5192123Z CloudEvents: Disconnected. Reconnecting ... 1766961658.133399
2025-12-28T23:03:43.5192531Z CloudEvents: Reconnected. 1766961658.233573
2025-12-28T23:03:43.5192934Z CloudEvents: Disconnected. Reconnecting ... 1766961658.4780216
2025-12-28T23:03:43.5193343Z CloudEvents: Reconnected. 1766961658.5781927
2025-12-28T23:03:43.5193745Z CloudEvents: Disconnected. Reconnecting ... 1766961658.8141253
2025-12-28T23:03:43.5194087Z CloudEvents: Reconnected. 1766961658.9142737
2025-12-28T23:03:43.5194590Z CloudEvents: Disconnected. Reconnecting ... 1766961662.2177603
2025-12-28T23:03:43.5194937Z CloudEvents: Reconnected. 1766961662.3179367
2025-12-28T23:03:43.5195248Z CloudEvents: Disconnected. Reconnecting ... 1766961662.5418026
2025-12-28T23:03:43.5195579Z CloudEvents: Reconnected. 1766961662.641967
2025-12-28T23:03:43.5195898Z CloudEvents: Disconnected. Reconnecting ... 1766961698.471722
2025-12-28T23:03:43.5196214Z CloudEvents: Reconnected. 1766961698.571894
2025-12-28T23:03:43.5196535Z CloudEvents: Disconnected. Reconnecting ... 1766961698.8045776
2025-12-28T23:03:43.5196863Z CloudEvents: Reconnected. 1766961698.9047296
2025-12-28T23:03:43.5197177Z CloudEvents: Disconnected. Reconnecting ... 1766961709.7761195
2025-12-28T23:03:43.5197499Z CloudEvents: Reconnected. 1766961709.876306
2025-12-28T23:03:43.5197818Z CloudEvents: Disconnected. Reconnecting ... 1766961710.0947251
2025-12-28T23:03:43.5198137Z CloudEvents: Reconnected. 1766961710.194874
2025-12-28T23:03:43.5198452Z CloudEvents: Disconnected. Reconnecting ... 1766961710.432459
2025-12-28T23:03:43.5198785Z CloudEvents: Reconnected. 1766961710.5326192
2025-12-28T23:03:43.5199100Z CloudEvents: Disconnected. Reconnecting ... 1766961744.1165292
2025-12-28T23:03:43.5199424Z CloudEvents: Reconnected. 1766961744.2166908
2025-12-28T23:03:43.5199741Z CloudEvents: Disconnected. Reconnecting ... 1766961790.3341115
2025-12-28T23:03:43.5200065Z CloudEvents: Reconnected. 1766961790.434292
2025-12-28T23:03:43.5200378Z CloudEvents: Disconnected. Reconnecting ... 1766961823.606843
2025-12-28T23:03:43.5200913Z CloudEvents: Reconnected. 1766961823.7070189
2025-12-28T23:03:43.5201229Z CloudEvents: Disconnected. Reconnecting ... 1766961823.929128
2025-12-28T23:03:43.5201551Z CloudEvents: Reconnected. 1766961824.0293124
2025-12-28T23:03:43.5201859Z CloudEvents: Disconnected. Reconnecting ... 1766961855.476655
2025-12-28T23:03:43.5202184Z CloudEvents: Reconnected. 1766961855.5768037
2025-12-28T23:03:43.5202503Z CloudEvents: Disconnected. Reconnecting ... 1766961855.8601744
2025-12-28T23:03:43.5202828Z CloudEvents: Reconnected. 1766961855.9603274
2025-12-28T23:03:43.5203148Z CloudEvents: Disconnected. Reconnecting ... 1766961860.3039153
2025-12-28T23:03:43.5203478Z CloudEvents: Reconnected. 1766961860.4040973
2025-12-28T23:03:43.5203796Z CloudEvents: Disconnected. Reconnecting ... 1766961860.6352484
2025-12-28T23:03:43.5204108Z CloudEvents: Reconnected. 1766961860.7353907
2025-12-28T23:03:43.5204403Z CloudEvents: Disconnected. Reconnecting ... 1766961860.9539387
2025-12-28T23:03:43.5204707Z CloudEvents: Reconnected. 1766961861.054125
2025-12-28T23:03:43.5205004Z CloudEvents: Disconnected. Reconnecting ... 1766961868.656696
2025-12-28T23:03:43.5205299Z CloudEvents: Reconnected. 1766961868.7568676
2025-12-28T23:03:43.5205598Z CloudEvents: Disconnected. Reconnecting ... 1766961873.8295949
2025-12-28T23:03:43.5205901Z CloudEvents: Reconnected. 1766961873.9297464
2025-12-28T23:03:43.5206187Z CloudEvents: Disconnected. Reconnecting ... 1766961874.271413
2025-12-28T23:03:43.5206491Z CloudEvents: Reconnected. 1766961874.3715916
2025-12-28T23:03:43.5206781Z CloudEvents: Disconnected. Reconnecting ... 1766961878.654718
2025-12-28T23:03:43.5207074Z CloudEvents: Reconnected. 1766961878.7548635
2025-12-28T23:03:43.5207490Z CloudEvents: Disconnected. Reconnecting ... 1766961878.9727266
2025-12-28T23:03:43.5207797Z CloudEvents: Reconnected. 1766961879.0728948
2025-12-28T23:03:43.5208085Z CloudEvents: Disconnected. Reconnecting ... 1766961879.3063283
2025-12-28T23:03:43.5208384Z CloudEvents: Reconnected. 1766961879.406507
2025-12-28T23:03:43.5208668Z CloudEvents: Disconnected. Reconnecting ... 1766961883.9353728
2025-12-28T23:03:43.5208967Z CloudEvents: Reconnected. 1766961884.0355775
2025-12-28T23:03:43.5209264Z CloudEvents: Disconnected. Reconnecting ... 1766961884.275802
2025-12-28T23:03:43.5209557Z CloudEvents: Reconnected. 1766961884.3759673
2025-12-28T23:03:43.5209851Z CloudEvents: Disconnected. Reconnecting ... 1766961888.92187
2025-12-28T23:03:43.5210151Z CloudEvents: Reconnected. 1766961889.0220284
2025-12-28T23:03:43.5210735Z CloudEvents: Disconnected. Reconnecting ... 1766961889.2399447
2025-12-28T23:03:43.5211048Z CloudEvents: Reconnected. 1766961889.3400967
2025-12-28T23:03:43.5211340Z CloudEvents: Disconnected. Reconnecting ... 1766961889.5558624
2025-12-28T23:03:43.5211639Z CloudEvents: Reconnected. 1766961889.6560254
2025-12-28T23:03:43.5211929Z CloudEvents: Disconnected. Reconnecting ... 1766961894.4031234
2025-12-28T23:03:43.5212227Z CloudEvents: Reconnected. 1766961894.5032647
2025-12-28T23:03:43.5212516Z CloudEvents: Disconnected. Reconnecting ... 1766961894.7238538
2025-12-28T23:03:43.5212812Z CloudEvents: Reconnected. 1766961894.8240447
2025-12-28T23:03:43.5213103Z CloudEvents: Disconnected. Reconnecting ... 1766961895.0550385
2025-12-28T23:03:43.5213410Z CloudEvents: Reconnected. 1766961895.1552498
2025-12-28T23:03:43.5213708Z CloudEvents: Disconnected. Reconnecting ... 1766961916.6553004
2025-12-28T23:03:43.5214002Z CloudEvents: Reconnected. 1766961916.7554882
2025-12-28T23:03:43.5214301Z CloudEvents: Disconnected. Reconnecting ... 1766961917.012667
2025-12-28T23:03:43.5214602Z CloudEvents: Reconnected. 1766961917.1128066
2025-12-28T23:03:43.5214892Z CloudEvents: Disconnected. Reconnecting ... 1766962165.0698698
2025-12-28T23:03:43.5215195Z CloudEvents: Reconnected. 1766962165.1700325
2025-12-28T23:03:43.5215489Z CloudEvents: Disconnected. Reconnecting ... 1766962165.451442
2025-12-28T23:03:43.5215783Z CloudEvents: Reconnected. 1766962165.5515854
2025-12-28T23:03:43.5216075Z CloudEvents: Disconnected. Reconnecting ... 1766962165.785881
2025-12-28T23:03:43.5216374Z CloudEvents: Reconnected. 1766962165.8860466
2025-12-28T23:03:43.5216661Z CloudEvents: Disconnected. Reconnecting ... 1766962175.159383
2025-12-28T23:03:43.5216960Z CloudEvents: Reconnected. 1766962175.2595482
2025-12-28T23:03:43.5217247Z CloudEvents: Disconnected. Reconnecting ... 1766962175.5167518
2025-12-28T23:03:43.5217547Z CloudEvents: Reconnected. 1766962175.616869
2025-12-28T23:03:43.5217840Z CloudEvents: Disconnected. Reconnecting ... 1766962186.371119
2025-12-28T23:03:43.5218139Z CloudEvents: Reconnected. 1766962186.4712682
2025-12-28T23:03:43.5218433Z CloudEvents: Disconnected. Reconnecting ... 1766962186.7377026
2025-12-28T23:03:43.5218735Z CloudEvents: Reconnected. 1766962186.837856
2025-12-28T23:03:43.5219027Z CloudEvents: Disconnected. Reconnecting ... 1766962187.0615392
2025-12-28T23:03:43.5219335Z CloudEvents: Reconnected. 1766962187.1616952
2025-12-28T23:03:43.5219636Z CloudEvents: Disconnected. Reconnecting ... 1766962196.3349755
2025-12-28T23:03:43.5219938Z CloudEvents: Reconnected. 1766962196.4351277
2025-12-28T23:03:43.5220238Z CloudEvents: Disconnected. Reconnecting ... 1766962196.6833675
2025-12-28T23:03:43.5220765Z CloudEvents: Reconnected. 1766962196.7835379
2025-12-28T23:03:43.5221065Z CloudEvents: Disconnected. Reconnecting ... 1766962197.0218487
2025-12-28T23:03:43.5221362Z CloudEvents: Reconnected. 1766962197.122013
2025-12-28T23:03:43.5221648Z CloudEvents: Disconnected. Reconnecting ... 1766962266.2922301
2025-12-28T23:03:43.5221949Z CloudEvents: Reconnected. 1766962266.392415
2025-12-28T23:03:43.5222236Z CloudEvents: Disconnected. Reconnecting ... 1766962266.6159956
2025-12-28T23:03:43.5222529Z CloudEvents: Reconnected. 1766962266.7161682
2025-12-28T23:03:43.5222997Z CloudEvents: Disconnected. Reconnecting ... 1766962350.7687888
2025-12-28T23:03:43.5223309Z CloudEvents: Reconnected. 1766962350.8689566
2025-12-28T23:03:43.5223594Z CloudEvents: Disconnected. Reconnecting ... 1766962387.69742
2025-12-28T23:03:43.5223888Z CloudEvents: Reconnected. 1766962387.7975764
2025-12-28T23:03:43.5224178Z CloudEvents: Disconnected. Reconnecting ... 1766962388.0416656
2025-12-28T23:03:43.5224473Z CloudEvents: Reconnected. 1766962388.1418533
2025-12-28T23:03:43.5224767Z CloudEvents: Disconnected. Reconnecting ... 1766962619.6244056
2025-12-28T23:03:43.5225067Z CloudEvents: Reconnected. 1766962619.7245562
2025-12-28T23:03:43.5225355Z CloudEvents: Disconnected. Reconnecting ... 1766962619.9699755
2025-12-28T23:03:43.5225782Z CloudEvents: Reconnected. 1766962620.0701542
2025-12-28T23:03:43.5226078Z CloudEvents: Disconnected. Reconnecting ... 1766962620.2874622
2025-12-28T23:03:43.5226371Z CloudEvents: Reconnected. 1766962620.387619
2025-12-28T23:03:43.5226666Z CloudEvents: Disconnected. Reconnecting ... 1766962635.5396934
2025-12-28T23:03:43.5226956Z CloudEvents: Reconnected. 1766962635.639841
2025-12-28T23:03:43.5227245Z CloudEvents: Disconnected. Reconnecting ... 1766962635.9290042
2025-12-28T23:03:43.5227545Z CloudEvents: Reconnected. 1766962636.0291686
2025-12-28T23:03:43.5227831Z CloudEvents: Disconnected. Reconnecting ... 1766962660.471275
2025-12-28T23:03:43.5228130Z CloudEvents: Reconnected. 1766962660.5714588
2025-12-28T23:03:43.5228426Z CloudEvents: Disconnected. Reconnecting ... 1766962660.8059657
2025-12-28T23:03:43.5228719Z CloudEvents: Reconnected. 1766962660.9061527
2025-12-28T23:03:43.5229011Z CloudEvents: Disconnected. Reconnecting ... 1766962672.2137525
2025-12-28T23:03:43.5229308Z CloudEvents: Reconnected. 1766962672.3139038
2025-12-28T23:03:43.5229604Z CloudEvents: Disconnected. Reconnecting ... 1766962672.5369642
2025-12-28T23:03:43.5229899Z CloudEvents: Reconnected. 1766962672.6371088
2025-12-28T23:03:43.5230192Z CloudEvents: Disconnected. Reconnecting ... 1766962680.3887186
2025-12-28T23:03:43.5230630Z CloudEvents: Reconnected. 1766962680.488868
2025-12-28T23:03:43.5230992Z CloudEvents: Disconnected. Reconnecting ... 1766962697.1406605
2025-12-28T23:03:43.5231288Z CloudEvents: Reconnected. 1766962697.2408345
2025-12-28T23:03:43.5231581Z CloudEvents: Disconnected. Reconnecting ... 1766962697.4687946
2025-12-28T23:03:43.5231904Z CloudEvents: Reconnected. 1766962697.5689316
2025-12-28T23:03:43.5232194Z CloudEvents: Disconnected. Reconnecting ... 1766962742.747499
2025-12-28T23:03:43.5232490Z CloudEvents: Reconnected. 1766962742.8476548
2025-12-28T23:03:43.5232782Z CloudEvents: Disconnected. Reconnecting ... 1766962743.0992606
2025-12-28T23:03:43.5233078Z CloudEvents: Reconnected. 1766962743.1994138
2025-12-28T23:03:43.5233376Z CloudEvents: Disconnected. Reconnecting ... 1766962802.2696378
2025-12-28T23:03:43.5233678Z CloudEvents: Reconnected. 1766962802.3698175
2025-12-28T23:03:43.5233964Z CloudEvents: Disconnected. Reconnecting ... 1766962802.6103792
2025-12-28T23:03:43.5234270Z CloudEvents: Reconnected. 1766962802.71054
2025-12-28T23:03:43.5234565Z CloudEvents: Disconnected. Reconnecting ... 1766962802.9466822
2025-12-28T23:03:43.5234859Z CloudEvents: Reconnected. 1766962803.0468621
2025-12-28T23:03:43.5235151Z CloudEvents: Disconnected. Reconnecting ... 1766962969.6642315
2025-12-28T23:03:43.5235449Z CloudEvents: Reconnected. 1766962969.764432
2025-12-28T23:24:54.8434373Z CloudEvents: Disconnected. Reconnecting ... 1766963023.5182254
2025-12-28T23:24:54.8435277Z CloudEvents: Reconnected. 1766963023.6184242
2025-12-28T23:24:54.8436067Z CloudEvents: Disconnected. Reconnecting ... 1766963023.866321
2025-12-28T23:24:54.8436919Z CloudEvents: Reconnected. 1766963023.9664888
2025-12-28T23:24:54.8437703Z CloudEvents: Disconnected. Reconnecting ... 1766963024.2070432
2025-12-28T23:24:54.8438656Z CloudEvents: Reconnected. 1766963024.3072479
2025-12-28T23:24:54.8439338Z CloudEvents: Disconnected. Reconnecting ... 1766963064.489163
2025-12-28T23:24:54.8440083Z CloudEvents: Reconnected. 1766963064.5893128
2025-12-28T23:24:54.8441498Z CloudEvents: Disconnected. Reconnecting ... 1766963064.868019
2025-12-28T23:24:54.8442324Z CloudEvents: Reconnected. 1766963064.968158
2025-12-28T23:24:54.8442998Z CloudEvents: Disconnected. Reconnecting ... 1766963065.242646
2025-12-28T23:24:54.8443659Z CloudEvents: Reconnected. 1766963065.3428178
2025-12-28T23:24:54.8444491Z CloudEvents: Disconnected. Reconnecting ... 1766963177.74212
2025-12-28T23:24:54.8445122Z CloudEvents: Reconnected. 1766963177.842283
2025-12-28T23:24:54.8445744Z CloudEvents: Disconnected. Reconnecting ... 1766963192.6303327
2025-12-28T23:24:54.8446470Z CloudEvents: Reconnected. 1766963192.7304795
2025-12-28T23:24:54.8446982Z CloudEvents: Disconnected. Reconnecting ... 1766963193.0102544
2025-12-28T23:24:54.8447776Z CloudEvents: Reconnected. 1766963193.110396
2025-12-28T23:24:54.8448370Z CloudEvents: Disconnected. Reconnecting ... 1766963193.334283
2025-12-28T23:24:54.8448911Z CloudEvents: Reconnected. 1766963193.4344358
2025-12-28T23:24:54.8449329Z CloudEvents: Disconnected. Reconnecting ... 1766963203.069628
2025-12-28T23:24:54.8449664Z CloudEvents: Reconnected. 1766963203.1697898
2025-12-28T23:24:54.8449964Z CloudEvents: Disconnected. Reconnecting ... 1766963209.865273
2025-12-28T23:24:54.8450270Z CloudEvents: Reconnected. 1766963209.9654312
2025-12-28T23:24:54.8450817Z CloudEvents: Disconnected. Reconnecting ... 1766963210.2041054
2025-12-28T23:24:54.8451163Z CloudEvents: Reconnected. 1766963210.304252
2025-12-28T23:24:54.8451470Z CloudEvents: Disconnected. Reconnecting ... 1766963210.5327091
2025-12-28T23:24:54.8451769Z CloudEvents: Reconnected. 1766963210.632915
2025-12-28T23:24:54.8452065Z CloudEvents: Disconnected. Reconnecting ... 1766963388.095767
2025-12-28T23:24:54.8452383Z CloudEvents: Reconnected. 1766963388.1959205
2025-12-28T23:24:54.8452679Z CloudEvents: Disconnected. Reconnecting ... 1766963388.4333017
2025-12-28T23:24:54.8452989Z CloudEvents: Reconnected. 1766963388.5334692
2025-12-28T23:24:54.8453287Z CloudEvents: Disconnected. Reconnecting ... 1766963388.8186464
2025-12-28T23:24:54.8453586Z CloudEvents: Reconnected. 1766963388.9187868
2025-12-28T23:24:54.8453883Z CloudEvents: Disconnected. Reconnecting ... 1766963505.8650038
2025-12-28T23:24:54.8454193Z CloudEvents: Reconnected. 1766963505.9651875
2025-12-28T23:24:54.8454485Z CloudEvents: Disconnected. Reconnecting ... 1766963506.2469862
2025-12-28T23:24:54.8454792Z CloudEvents: Reconnected. 1766963506.3471231
2025-12-28T23:24:54.8455079Z CloudEvents: Disconnected. Reconnecting ... 1766963506.578787
2025-12-28T23:24:54.8455381Z CloudEvents: Reconnected. 1766963506.6789596
2025-12-28T23:24:54.8455677Z CloudEvents: Disconnected. Reconnecting ... 1766963612.689754
2025-12-28T23:24:54.8455969Z CloudEvents: Reconnected. 1766963612.789909
2025-12-28T23:24:54.8456268Z CloudEvents: Disconnected. Reconnecting ... 1766963613.0417423
2025-12-28T23:24:54.8456567Z CloudEvents: Reconnected. 1766963613.1419356
2025-12-28T23:24:54.8456858Z CloudEvents: Disconnected. Reconnecting ... 1766963640.4656403
2025-12-28T23:24:54.8457164Z CloudEvents: Reconnected. 1766963640.5657883
2025-12-28T23:24:54.8457461Z CloudEvents: Disconnected. Reconnecting ... 1766963640.969915
2025-12-28T23:24:54.8457758Z CloudEvents: Reconnected. 1766963641.0700765
2025-12-28T23:24:54.8458057Z CloudEvents: Disconnected. Reconnecting ... 1766963748.7557814
2025-12-28T23:24:54.8458364Z CloudEvents: Reconnected. 1766963748.8559637
2025-12-28T23:24:54.8458652Z CloudEvents: Disconnected. Reconnecting ... 1766963749.125296
2025-12-28T23:24:54.8458961Z CloudEvents: Reconnected. 1766963749.2254457
2025-12-28T23:24:54.8459254Z CloudEvents: Disconnected. Reconnecting ... 1766963749.4884086
2025-12-28T23:24:54.8459557Z CloudEvents: Reconnected. 1766963749.5885828
2025-12-28T23:24:54.8459859Z CloudEvents: Disconnected. Reconnecting ... 1766963769.1294158
2025-12-28T23:24:54.8460156Z CloudEvents: Reconnected. 1766963769.2295747
2025-12-28T23:24:54.8460453Z CloudEvents: Disconnected. Reconnecting ... 1766963797.1815503
2025-12-28T23:24:54.8461179Z CloudEvents: Reconnected. 1766963797.2817135
2025-12-28T23:24:54.8461491Z CloudEvents: Disconnected. Reconnecting ... 1766963797.5522854
2025-12-28T23:24:54.8461794Z CloudEvents: Reconnected. 1766963797.6524405
2025-12-28T23:24:54.8462086Z CloudEvents: Disconnected. Reconnecting ... 1766963800.1683328
2025-12-28T23:24:54.8462378Z CloudEvents: Reconnected. 1766963800.268489
2025-12-28T23:24:54.8462675Z CloudEvents: Disconnected. Reconnecting ... 1766963800.4940977
2025-12-28T23:24:54.8462977Z CloudEvents: Reconnected. 1766963800.5942738
2025-12-28T23:24:54.8463267Z CloudEvents: Disconnected. Reconnecting ... 1766963811.028658
2025-12-28T23:24:54.8463566Z CloudEvents: Reconnected. 1766963811.128826
2025-12-28T23:24:54.8463855Z CloudEvents: Disconnected. Reconnecting ... 1766963811.3787265
2025-12-28T23:24:54.8464282Z CloudEvents: Reconnected. 1766963811.4789162
2025-12-28T23:24:54.8464573Z CloudEvents: Disconnected. Reconnecting ... 1766963811.717716
2025-12-28T23:24:54.8464871Z CloudEvents: Reconnected. 1766963811.8178704
2025-12-28T23:24:54.8465163Z CloudEvents: Disconnected. Reconnecting ... 1766963823.368806
2025-12-28T23:24:54.8465463Z CloudEvents: Reconnected. 1766963823.4689765
2025-12-28T23:24:54.8465753Z CloudEvents: Disconnected. Reconnecting ... 1766963823.7318347
2025-12-28T23:24:54.8466054Z CloudEvents: Reconnected. 1766963823.8319795
2025-12-28T23:24:54.8466352Z CloudEvents: Disconnected. Reconnecting ... 1766963824.068327
2025-12-28T23:24:54.8466647Z CloudEvents: Reconnected. 1766963824.1684947
2025-12-28T23:24:54.8466941Z CloudEvents: Disconnected. Reconnecting ... 1766963830.7795203
2025-12-28T23:24:54.8467244Z CloudEvents: Reconnected. 1766963830.8797185
2025-12-28T23:24:54.8467548Z CloudEvents: Disconnected. Reconnecting ... 1766963831.1045184
2025-12-28T23:24:54.8467858Z CloudEvents: Reconnected. 1766963831.2046795
2025-12-28T23:24:54.8468147Z CloudEvents: Disconnected. Reconnecting ... 1766963831.4425797
2025-12-28T23:24:54.8468453Z CloudEvents: Reconnected. 1766963831.5427222
2025-12-28T23:24:54.8468748Z CloudEvents: Disconnected. Reconnecting ... 1766963842.865958
2025-12-28T23:24:54.8469052Z CloudEvents: Reconnected. 1766963842.9661016
2025-12-28T23:24:54.8469351Z CloudEvents: Disconnected. Reconnecting ... 1766963843.1993985
2025-12-28T23:24:54.8469655Z CloudEvents: Reconnected. 1766963843.299538
2025-12-28T23:24:54.8469942Z CloudEvents: Disconnected. Reconnecting ... 1766963843.5432224
2025-12-28T23:24:54.8470242Z CloudEvents: Reconnected. 1766963843.6433556
2025-12-28T23:24:54.8470642Z CloudEvents: Disconnected. Reconnecting ... 1766963851.29032
2025-12-28T23:24:54.8470943Z CloudEvents: Reconnected. 1766963851.3904698
2025-12-28T23:24:54.8471239Z CloudEvents: Disconnected. Reconnecting ... 1766963851.6207147
2025-12-28T23:24:54.8471550Z CloudEvents: Reconnected. 1766963851.72088
2025-12-28T23:24:54.8471836Z CloudEvents: Disconnected. Reconnecting ... 1766963862.948268
2025-12-28T23:24:54.8472135Z CloudEvents: Reconnected. 1766963863.0484152
2025-12-28T23:24:54.8472428Z CloudEvents: Disconnected. Reconnecting ... 1766963863.2855263
2025-12-28T23:24:54.8472730Z CloudEvents: Reconnected. 1766963863.3856657
2025-12-28T23:24:54.8473039Z CloudEvents: Disconnected. Reconnecting ... 1766963867.0507514
2025-12-28T23:24:54.8473343Z CloudEvents: Reconnected. 1766963867.1509123
2025-12-28T23:24:54.8473638Z CloudEvents: Disconnected. Reconnecting ... 1766963867.3913205
2025-12-28T23:24:54.8473936Z CloudEvents: Reconnected. 1766963867.4914885
2025-12-28T23:24:54.8474229Z CloudEvents: Disconnected. Reconnecting ... 1766963872.9811096
2025-12-28T23:24:54.8474528Z CloudEvents: Reconnected. 1766963873.0812826
2025-12-28T23:24:54.8474815Z CloudEvents: Disconnected. Reconnecting ... 1766963873.3454537
2025-12-28T23:24:54.8475117Z CloudEvents: Reconnected. 1766963873.4456003
2025-12-28T23:24:54.8475415Z CloudEvents: Disconnected. Reconnecting ... 1766963873.6816661
2025-12-28T23:24:54.8475707Z CloudEvents: Reconnected. 1766963873.781854
2025-12-28T23:24:54.8476002Z CloudEvents: Disconnected. Reconnecting ... 1766963881.5892613
2025-12-28T23:24:54.8476420Z CloudEvents: Reconnected. 1766963881.6894178
2025-12-28T23:24:54.8476715Z CloudEvents: Disconnected. Reconnecting ... 1766963881.9313536
2025-12-28T23:24:54.8477014Z CloudEvents: Reconnected. 1766963882.031529
2025-12-28T23:24:54.8477298Z CloudEvents: Disconnected. Reconnecting ... 1766963882.2496712
2025-12-28T23:24:54.8477604Z CloudEvents: Reconnected. 1766963882.3498151
2025-12-28T23:24:54.8477903Z CloudEvents: Disconnected. Reconnecting ... 1766963887.7481813
2025-12-28T23:24:54.8478198Z CloudEvents: Reconnected. 1766963887.8483284
2025-12-28T23:24:54.8478489Z CloudEvents: Disconnected. Reconnecting ... 1766963900.059329
2025-12-28T23:24:54.8478788Z CloudEvents: Reconnected. 1766963900.1594865
2025-12-28T23:24:54.8479189Z CloudEvents: Disconnected. Reconnecting ... 1766963902.8290486
2025-12-28T23:24:54.8479492Z CloudEvents: Reconnected. 1766963902.9292235
2025-12-28T23:24:54.8479787Z CloudEvents: Disconnected. Reconnecting ... 1766963903.1704717
2025-12-28T23:24:54.8480089Z CloudEvents: Reconnected. 1766963903.27061
2025-12-28T23:24:54.8480383Z CloudEvents: Disconnected. Reconnecting ... 1766963903.4886901
2025-12-28T23:24:54.8480782Z CloudEvents: Reconnected. 1766963903.5888615
2025-12-28T23:24:54.8481074Z CloudEvents: Disconnected. Reconnecting ... 1766963908.2333186
2025-12-28T23:24:54.8481376Z CloudEvents: Reconnected. 1766963908.3334608
2025-12-28T23:24:54.8481664Z CloudEvents: Disconnected. Reconnecting ... 1766963908.5675974
2025-12-28T23:24:54.8481967Z CloudEvents: Reconnected. 1766963908.6677313
2025-12-28T23:24:54.8482260Z CloudEvents: Disconnected. Reconnecting ... 1766964060.3903635
2025-12-28T23:24:54.8482558Z CloudEvents: Reconnected. 1766964060.4905267
2025-12-28T23:24:54.8482860Z CloudEvents: Disconnected. Reconnecting ... 1766964060.7663982
2025-12-28T23:24:54.8483163Z CloudEvents: Reconnected. 1766964060.8665783
2025-12-28T23:24:54.8483454Z CloudEvents: Disconnected. Reconnecting ... 1766964061.0965557
2025-12-28T23:24:54.8483757Z CloudEvents: Reconnected. 1766964061.1967058
2025-12-28T23:24:54.8484055Z CloudEvents: Disconnected. Reconnecting ... 1766964069.1992912
2025-12-28T23:24:54.8484351Z CloudEvents: Reconnected. 1766964069.2994585
2025-12-28T23:24:54.8484644Z CloudEvents: Disconnected. Reconnecting ... 1766964069.5350325
2025-12-28T23:24:54.8484941Z CloudEvents: Reconnected. 1766964069.635203
2025-12-28T23:24:54.8485231Z CloudEvents: Disconnected. Reconnecting ... 1766964208.3717225
2025-12-28T23:24:54.8485532Z CloudEvents: Reconnected. 1766964208.4719014
2025-12-28T23:24:54.8485825Z CloudEvents: Disconnected. Reconnecting ... 1766964208.846965
2025-12-28T23:24:54.8486124Z CloudEvents: Reconnected. 1766964208.947117
2025-12-28T23:24:54.8486415Z CloudEvents: Disconnected. Reconnecting ... 1766964232.524104
2025-12-28T23:24:54.8486717Z CloudEvents: Reconnected. 1766964232.6242514
2025-12-28T23:24:54.8487011Z CloudEvents: Disconnected. Reconnecting ... 1766964244.31763
2025-12-28T23:24:54.8487308Z CloudEvents: Reconnected. 1766964244.4178162
2025-12-28T23:24:54.8487602Z CloudEvents: Disconnected. Reconnecting ... 1766964258.4418724
2025-12-28T23:24:54.8487903Z CloudEvents: Reconnected. 1766964258.5420246
2025-12-28T23:24:54.8488197Z CloudEvents: Disconnected. Reconnecting ... 1766964258.7770965
2025-12-28T23:24:54.8488493Z CloudEvents: Reconnected. 1766964258.8772745
2025-12-28T23:24:54.8488788Z CloudEvents: Disconnected. Reconnecting ... 1766964259.0979228
2025-12-28T23:24:54.8489089Z CloudEvents: Reconnected. 1766964259.1981058
2025-12-28T23:24:54.8489381Z CloudEvents: Disconnected. Reconnecting ... 1766964294.4055214
2025-12-28T23:24:54.8489687Z CloudEvents: Reconnected. 1766964294.5056887
2025-12-28T23:24:54.8489978Z CloudEvents: Disconnected. Reconnecting ... 1766964294.7429411
2025-12-29T00:00:58.6072512Z CloudEvents: Reconnected. 1766964294.8431637
2025-12-29T00:00:58.6073109Z CloudEvents: Disconnected. Reconnecting ... 1766964295.0911245
2025-12-29T00:00:58.6073672Z CloudEvents: Reconnected. 1766964295.1913228
2025-12-29T00:00:58.6074692Z CloudEvents: Disconnected. Reconnecting ... 1766964315.6722417
2025-12-29T00:00:58.6075279Z CloudEvents: Reconnected. 1766964315.7723935
2025-12-29T00:00:58.6075638Z CloudEvents: Disconnected. Reconnecting ... 1766964315.9913325
2025-12-29T00:00:58.6075995Z CloudEvents: Reconnected. 1766964316.0914798
2025-12-29T00:00:58.6076342Z CloudEvents: Disconnected. Reconnecting ... 1766964316.3109496
2025-12-29T00:00:58.6076692Z CloudEvents: Reconnected. 1766964316.411116
2025-12-29T00:00:58.6077029Z CloudEvents: Disconnected. Reconnecting ... 1766964455.3073106
2025-12-29T00:00:58.6077381Z CloudEvents: Reconnected. 1766964455.4074934
2025-12-29T00:00:58.6077726Z CloudEvents: Disconnected. Reconnecting ... 1766964455.645614
2025-12-29T00:00:58.6078236Z CloudEvents: Reconnected. 1766964455.745797
2025-12-29T00:00:58.6078578Z CloudEvents: Disconnected. Reconnecting ... 1766964456.034352
2025-12-29T00:00:58.6078926Z CloudEvents: Reconnected. 1766964456.1345234
2025-12-29T00:00:58.6079276Z CloudEvents: Disconnected. Reconnecting ... 1766964482.521872
2025-12-29T00:00:58.6079624Z CloudEvents: Reconnected. 1766964482.6220372
2025-12-29T00:00:58.6079961Z CloudEvents: Disconnected. Reconnecting ... 1766964482.8507922
2025-12-29T00:00:58.6080314Z CloudEvents: Reconnected. 1766964482.9509408
2025-12-29T00:00:58.6080871Z CloudEvents: Disconnected. Reconnecting ... 1766964483.18239
2025-12-29T00:00:58.6081209Z CloudEvents: Reconnected. 1766964483.282569
2025-12-29T00:00:58.6081541Z CloudEvents: Disconnected. Reconnecting ... 1766964623.42838
2025-12-29T00:00:58.6081886Z CloudEvents: Reconnected. 1766964623.5285459
2025-12-29T00:00:58.6082220Z CloudEvents: Disconnected. Reconnecting ... 1766964623.7662132
2025-12-29T00:00:58.6082567Z CloudEvents: Reconnected. 1766964623.8663645
2025-12-29T00:00:58.6082906Z CloudEvents: Disconnected. Reconnecting ... 1766964778.467884
2025-12-29T00:00:58.6083252Z CloudEvents: Reconnected. 1766964778.5680475
2025-12-29T00:00:58.6083588Z CloudEvents: Disconnected. Reconnecting ... 1766964778.796883
2025-12-29T00:00:58.6083931Z CloudEvents: Reconnected. 1766964778.8970377
2025-12-29T00:00:58.6084273Z CloudEvents: Disconnected. Reconnecting ... 1766964830.3520424
2025-12-29T00:00:58.6084618Z CloudEvents: Reconnected. 1766964830.452237
2025-12-29T00:00:58.6084950Z CloudEvents: Disconnected. Reconnecting ... 1766964830.6925633
2025-12-29T00:00:58.6085298Z CloudEvents: Reconnected. 1766964830.792716
2025-12-29T00:00:58.6085640Z CloudEvents: Disconnected. Reconnecting ... 1766964831.0244932
2025-12-29T00:00:58.6085990Z CloudEvents: Reconnected. 1766964831.1246524
2025-12-29T00:00:58.6086351Z CloudEvents: Disconnected. Reconnecting ... 1766964894.9427567
2025-12-29T00:00:58.6086698Z CloudEvents: Reconnected. 1766964895.042906
2025-12-29T00:00:58.6087033Z CloudEvents: Disconnected. Reconnecting ... 1766964895.3061643
2025-12-29T00:00:58.6087382Z CloudEvents: Reconnected. 1766964895.4063172
2025-12-29T00:00:58.6087714Z CloudEvents: Disconnected. Reconnecting ... 1766964930.5060813
2025-12-29T00:00:58.6088098Z CloudEvents: Reconnected. 1766964930.6062355
2025-12-29T00:00:58.6088438Z CloudEvents: Disconnected. Reconnecting ... 1766964930.8255243
2025-12-29T00:00:58.6088785Z CloudEvents: Reconnected. 1766964930.9256573
2025-12-29T00:00:58.6089119Z CloudEvents: Disconnected. Reconnecting ... 1766964931.3409235
2025-12-29T00:00:58.6089465Z CloudEvents: Reconnected. 1766964931.4411175
2025-12-29T00:00:58.6089802Z CloudEvents: Disconnected. Reconnecting ... 1766964935.408938
2025-12-29T00:00:58.6090142Z CloudEvents: Reconnected. 1766964935.5091276
2025-12-29T00:00:58.6090481Z CloudEvents: Disconnected. Reconnecting ... 1766964947.5122447
2025-12-29T00:00:58.6091054Z CloudEvents: Reconnected. 1766964947.6124156
2025-12-29T00:00:58.6091391Z CloudEvents: Disconnected. Reconnecting ... 1766964947.8319995
2025-12-29T00:00:58.6091748Z CloudEvents: Reconnected. 1766964947.9322076
2025-12-29T00:00:58.6092083Z CloudEvents: Disconnected. Reconnecting ... 1766964948.1639478
2025-12-29T00:00:58.6092430Z CloudEvents: Reconnected. 1766964948.2641563
2025-12-29T00:00:58.6092910Z CloudEvents: Disconnected. Reconnecting ... 1766964957.12116
2025-12-29T00:00:58.6093260Z CloudEvents: Reconnected. 1766964957.2213285
2025-12-29T00:00:58.6093593Z CloudEvents: Disconnected. Reconnecting ... 1766964963.813914
2025-12-29T00:00:58.6093889Z CloudEvents: Reconnected. 1766964963.9141243
2025-12-29T00:00:58.6094175Z CloudEvents: Disconnected. Reconnecting ... 1766964964.131817
2025-12-29T00:00:58.6094476Z CloudEvents: Reconnected. 1766964964.2319994
2025-12-29T00:00:58.6094771Z CloudEvents: Disconnected. Reconnecting ... 1766964964.4679282
2025-12-29T00:00:58.6095066Z CloudEvents: Reconnected. 1766964964.5680957
2025-12-29T00:00:58.6095360Z CloudEvents: Disconnected. Reconnecting ... 1766965040.6508706
2025-12-29T00:00:58.6095778Z CloudEvents: Reconnected. 1766965040.7510464
2025-12-29T00:00:58.6096063Z CloudEvents: Disconnected. Reconnecting ... 1766965086.508532
2025-12-29T00:00:58.6096361Z CloudEvents: Reconnected. 1766965086.6086876
2025-12-29T00:00:58.6096653Z CloudEvents: Disconnected. Reconnecting ... 1766965165.4837325
2025-12-29T00:00:58.6096953Z CloudEvents: Reconnected. 1766965165.583925
2025-12-29T00:00:58.6097248Z CloudEvents: Disconnected. Reconnecting ... 1766965165.8271046
2025-12-29T00:00:58.6097542Z CloudEvents: Reconnected. 1766965165.9272878
2025-12-29T00:00:58.6097835Z CloudEvents: Disconnected. Reconnecting ... 1766965381.2569425
2025-12-29T00:00:58.6098132Z CloudEvents: Reconnected. 1766965381.3571289
2025-12-29T00:00:58.6098423Z CloudEvents: Disconnected. Reconnecting ... 1766965403.298041
2025-12-29T00:00:58.6098722Z CloudEvents: Reconnected. 1766965403.3982568
2025-12-29T00:00:58.6099014Z CloudEvents: Disconnected. Reconnecting ... 1766965403.626956
2025-12-29T00:00:58.6099316Z CloudEvents: Reconnected. 1766965403.727094
2025-12-29T00:00:58.6099614Z CloudEvents: Disconnected. Reconnecting ... 1766965422.5947008
2025-12-29T00:00:58.6099915Z CloudEvents: Reconnected. 1766965422.694881
2025-12-29T00:00:58.6100205Z CloudEvents: Disconnected. Reconnecting ... 1766965422.9542377
2025-12-29T00:00:58.6100671Z CloudEvents: Reconnected. 1766965423.0544407
2025-12-29T00:00:58.6101018Z CloudEvents: Disconnected. Reconnecting ... 1766965423.2827342
2025-12-29T00:00:58.6101319Z CloudEvents: Reconnected. 1766965423.3828857
2025-12-29T00:00:58.6101612Z CloudEvents: Disconnected. Reconnecting ... 1766965426.1963356
2025-12-29T00:00:58.6101906Z CloudEvents: Reconnected. 1766965426.2964966
2025-12-29T00:00:58.6102200Z CloudEvents: Disconnected. Reconnecting ... 1766965426.5314693
2025-12-29T00:00:58.6102500Z CloudEvents: Reconnected. 1766965426.6316383
2025-12-29T00:00:58.6102792Z CloudEvents: Disconnected. Reconnecting ... 1766965426.8754127
2025-12-29T00:00:58.6103094Z CloudEvents: Reconnected. 1766965426.9755945
2025-12-29T00:00:58.6103400Z CloudEvents: Disconnected. Reconnecting ... 1766965466.1731005
2025-12-29T00:00:58.6103699Z CloudEvents: Reconnected. 1766965466.2732627
2025-12-29T00:00:58.6103993Z CloudEvents: Disconnected. Reconnecting ... 1766965539.9970021
2025-12-29T00:00:58.6104302Z CloudEvents: Reconnected. 1766965540.0971603
2025-12-29T00:00:58.6104596Z CloudEvents: Disconnected. Reconnecting ... 1766965540.338252
2025-12-29T00:00:58.6104893Z CloudEvents: Reconnected. 1766965540.438395
2025-12-29T00:00:58.6105178Z CloudEvents: Disconnected. Reconnecting ... 1766965540.6733391
2025-12-29T00:00:58.6105476Z CloudEvents: Reconnected. 1766965540.7734618
2025-12-29T00:00:58.6105772Z CloudEvents: Disconnected. Reconnecting ... 1766965595.1136117
2025-12-29T00:00:58.6106069Z CloudEvents: Reconnected. 1766965595.2137618
2025-12-29T00:00:58.6106361Z CloudEvents: Disconnected. Reconnecting ... 1766965595.4383597
2025-12-29T00:00:58.6106663Z CloudEvents: Reconnected. 1766965595.5385017
2025-12-29T00:00:58.6106955Z CloudEvents: Disconnected. Reconnecting ... 1766965595.822813
2025-12-29T00:00:58.6107256Z CloudEvents: Reconnected. 1766965595.9229636
2025-12-29T00:00:58.6107548Z CloudEvents: Disconnected. Reconnecting ... 1766965640.7342057
2025-12-29T00:00:58.6107967Z CloudEvents: Reconnected. 1766965640.8343968
2025-12-29T00:00:58.6108264Z CloudEvents: Disconnected. Reconnecting ... 1766965641.0928109
2025-12-29T00:00:58.6108564Z CloudEvents: Reconnected. 1766965641.1929884
2025-12-29T00:00:58.6108851Z CloudEvents: Disconnected. Reconnecting ... 1766965670.0132754
2025-12-29T00:00:58.6109149Z CloudEvents: Reconnected. 1766965670.1134517
2025-12-29T00:00:58.6109444Z CloudEvents: Disconnected. Reconnecting ... 1766965670.341918
2025-12-29T00:00:58.6109738Z CloudEvents: Reconnected. 1766965670.4421356
2025-12-29T00:00:58.6110037Z CloudEvents: Disconnected. Reconnecting ... 1766965670.6769037
2025-12-29T00:00:58.6110344Z CloudEvents: Reconnected. 1766965670.77708
2025-12-29T00:00:58.6111016Z CloudEvents: Disconnected. Reconnecting ... 1766965712.0789838
2025-12-29T00:00:58.6111520Z CloudEvents: Reconnected. 1766965712.179186
2025-12-29T00:00:58.6111812Z CloudEvents: Disconnected. Reconnecting ... 1766965712.3995755
2025-12-29T00:00:58.6112117Z CloudEvents: Reconnected. 1766965712.49974
2025-12-29T00:00:58.6112416Z CloudEvents: Disconnected. Reconnecting ... 1766965712.7286854
2025-12-29T00:00:58.6112712Z CloudEvents: Reconnected. 1766965712.8288674
2025-12-29T00:00:58.6113006Z CloudEvents: Disconnected. Reconnecting ... 1766965826.1097827
2025-12-29T00:00:58.6113303Z CloudEvents: Reconnected. 1766965826.2099335
2025-12-29T00:00:58.6113618Z CloudEvents: Disconnected. Reconnecting ... 1766965826.4901626
2025-12-29T00:00:58.6113913Z CloudEvents: Reconnected. 1766965826.590351
2025-12-29T00:00:58.6114197Z CloudEvents: Disconnected. Reconnecting ... 1766965826.8172135
2025-12-29T00:00:58.6114498Z CloudEvents: Reconnected. 1766965826.9174917
2025-12-29T00:00:58.6114785Z CloudEvents: Disconnected. Reconnecting ... 1766965927.511604
2025-12-29T00:00:58.6115090Z CloudEvents: Reconnected. 1766965927.6117833
2025-12-29T00:00:58.6115384Z CloudEvents: Disconnected. Reconnecting ... 1766965927.8770423
2025-12-29T00:00:58.6115677Z CloudEvents: Reconnected. 1766965927.9773004
2025-12-29T00:00:58.6115977Z CloudEvents: Disconnected. Reconnecting ... 1766965928.2637572
2025-12-29T00:00:58.6116280Z CloudEvents: Reconnected. 1766965928.3639588
2025-12-29T00:00:58.6116571Z CloudEvents: Disconnected. Reconnecting ... 1766966100.3882565
2025-12-29T00:00:58.6116870Z CloudEvents: Reconnected. 1766966100.4884393
2025-12-29T00:00:58.6117163Z CloudEvents: Disconnected. Reconnecting ... 1766966100.7613366
2025-12-29T00:00:58.6117458Z CloudEvents: Reconnected. 1766966100.8614986
2025-12-29T00:00:58.6117752Z CloudEvents: Disconnected. Reconnecting ... 1766966175.4503891
2025-12-29T00:00:58.6118050Z CloudEvents: Reconnected. 1766966175.550573
2025-12-29T00:00:58.6118334Z CloudEvents: Disconnected. Reconnecting ... 1766966175.8108118
2025-12-29T00:00:58.6118637Z CloudEvents: Reconnected. 1766966175.9109936
2025-12-29T00:00:58.6118927Z CloudEvents: Disconnected. Reconnecting ... 1766966176.1293373
2025-12-29T00:00:58.6119227Z CloudEvents: Reconnected. 1766966176.229522
2025-12-29T00:00:58.6119522Z CloudEvents: Disconnected. Reconnecting ... 1766966179.7232926
2025-12-29T00:00:58.6119813Z CloudEvents: Reconnected. 1766966179.823468
2025-12-29T00:00:58.6120102Z CloudEvents: Disconnected. Reconnecting ... 1766966180.04142
2025-12-29T00:00:58.6120399Z CloudEvents: Reconnected. 1766966180.1415894
2025-12-29T00:00:58.6120868Z CloudEvents: Disconnected. Reconnecting ... 1766966276.9952905
2025-12-29T00:00:58.6121169Z CloudEvents: Reconnected. 1766966277.0954418
2025-12-29T00:00:58.6121460Z CloudEvents: Disconnected. Reconnecting ... 1766966277.3463345
2025-12-29T00:00:58.6121752Z CloudEvents: Reconnected. 1766966277.44651
2025-12-29T00:00:58.6122043Z CloudEvents: Disconnected. Reconnecting ... 1766966356.8097606
2025-12-29T00:00:58.6122339Z CloudEvents: Reconnected. 1766966356.9099557
2025-12-29T00:00:58.6122632Z CloudEvents: Disconnected. Reconnecting ... 1766966357.1572242
2025-12-29T00:00:58.6122930Z CloudEvents: Reconnected. 1766966357.2573688
2025-12-29T00:00:58.6123217Z CloudEvents: Disconnected. Reconnecting ... 1766966458.223329
2025-12-29T00:00:58.6123692Z CloudEvents: Reconnected. 1766966458.3234894
2025-12-29T00:20:36.7749352Z CloudEvents: Disconnected. Reconnecting ... 1766966458.6070356
2025-12-29T00:20:36.7749984Z CloudEvents: Reconnected. 1766966458.7072875
2025-12-29T00:20:36.7750477Z CloudEvents: Disconnected. Reconnecting ... 1766966494.1467426
2025-12-29T00:20:36.7751334Z CloudEvents: Reconnected. 1766966494.24695
2025-12-29T00:20:36.7751779Z CloudEvents: Disconnected. Reconnecting ... 1766966506.4266791
2025-12-29T00:20:36.7752203Z CloudEvents: Reconnected. 1766966506.5268536
2025-12-29T00:20:36.7752651Z CloudEvents: Disconnected. Reconnecting ... 1766966506.7743905
2025-12-29T00:20:36.7753066Z CloudEvents: Reconnected. 1766966506.874551
2025-12-29T00:20:36.7753875Z CloudEvents: Disconnected. Reconnecting ... 1766966599.6027446
2025-12-29T00:20:36.7754290Z CloudEvents: Reconnected. 1766966599.7029305
2025-12-29T00:20:36.7754695Z CloudEvents: Disconnected. Reconnecting ... 1766966599.949941
2025-12-29T00:20:36.7755108Z CloudEvents: Reconnected. 1766966600.050169
2025-12-29T00:20:36.7755507Z CloudEvents: Disconnected. Reconnecting ... 1766966600.3246245
2025-12-29T00:20:36.7755921Z CloudEvents: Reconnected. 1766966600.4248452
2025-12-29T00:20:36.7756317Z CloudEvents: Disconnected. Reconnecting ... 1766966607.5542717
2025-12-29T00:20:36.7756728Z CloudEvents: Reconnected. 1766966607.6544607
2025-12-29T00:20:36.7757125Z CloudEvents: Disconnected. Reconnecting ... 1766966607.8835013
2025-12-29T00:20:36.7757530Z CloudEvents: Reconnected. 1766966607.9837048
2025-12-29T00:20:36.7757930Z CloudEvents: Disconnected. Reconnecting ... 1766966608.2517064
2025-12-29T00:20:36.7758333Z CloudEvents: Reconnected. 1766966608.351888
2025-12-29T00:20:36.7758723Z CloudEvents: Disconnected. Reconnecting ... 1766966611.6197894
2025-12-29T00:20:36.7759137Z CloudEvents: Reconnected. 1766966611.7199965
2025-12-29T00:20:36.7759534Z CloudEvents: Disconnected. Reconnecting ... 1766966617.2455204
2025-12-29T00:20:36.7759947Z CloudEvents: Reconnected. 1766966617.3456993
2025-12-29T00:20:36.7760345Z CloudEvents: Disconnected. Reconnecting ... 1766966631.9596896
2025-12-29T00:20:36.7760981Z CloudEvents: Reconnected. 1766966632.0598466
2025-12-29T00:20:36.7761414Z CloudEvents: Disconnected. Reconnecting ... 1766966632.2845783
2025-12-29T00:20:36.7761830Z CloudEvents: Reconnected. 1766966632.3847866
2025-12-29T00:20:36.7762341Z CloudEvents: Disconnected. Reconnecting ... 1766966632.6053433
2025-12-29T00:20:36.7762859Z CloudEvents: Reconnected. 1766966632.7055573
2025-12-29T00:20:36.7763421Z CloudEvents: Disconnected. Reconnecting ... 1766966684.9856327
2025-12-29T00:20:36.7764036Z CloudEvents: Reconnected. 1766966685.0858145
2025-12-29T00:20:36.7764635Z CloudEvents: Disconnected. Reconnecting ... 1766966685.3080263
2025-12-29T00:20:36.7765294Z CloudEvents: Reconnected. 1766966685.4081876
2025-12-29T00:20:36.7765825Z CloudEvents: Disconnected. Reconnecting ... 1766966685.63026
2025-12-29T00:20:36.7773855Z CloudEvents: Reconnected. 1766966685.7304294
2025-12-29T00:20:36.7774228Z CloudEvents: Disconnected. Reconnecting ... 1766966718.6475976
2025-12-29T00:20:36.7774563Z CloudEvents: Reconnected. 1766966718.7477942
2025-12-29T00:20:36.7774869Z CloudEvents: Disconnected. Reconnecting ... 1766966719.0050957
2025-12-29T00:20:36.7775180Z CloudEvents: Reconnected. 1766966719.105285
2025-12-29T00:20:36.7775480Z CloudEvents: Disconnected. Reconnecting ... 1766966725.5463188
2025-12-29T00:20:36.7775788Z CloudEvents: Reconnected. 1766966725.6464734
2025-12-29T00:20:36.7776089Z CloudEvents: Disconnected. Reconnecting ... 1766966725.8649795
2025-12-29T00:20:36.7776390Z CloudEvents: Reconnected. 1766966725.9651656
2025-12-29T00:20:36.7776680Z CloudEvents: Disconnected. Reconnecting ... 1766966726.2007556
2025-12-29T00:20:36.7776989Z CloudEvents: Reconnected. 1766966726.3009312
2025-12-29T00:20:36.7777285Z CloudEvents: Disconnected. Reconnecting ... 1766966732.5362773
2025-12-29T00:20:36.7777579Z CloudEvents: Reconnected. 1766966732.6364489
2025-12-29T00:20:36.7778124Z CloudEvents: Disconnected. Reconnecting ... 1766966745.3783844
2025-12-29T00:20:36.7778444Z CloudEvents: Reconnected. 1766966745.4785676
2025-12-29T00:20:36.7779220Z CloudEvents: Disconnected. Reconnecting ... 1766966745.7194796
2025-12-29T00:20:36.7779801Z CloudEvents: Reconnected. 1766966745.8196805
2025-12-29T00:20:36.7780202Z CloudEvents: Disconnected. Reconnecting ... 1766966746.0455813
2025-12-29T00:20:36.7780774Z CloudEvents: Reconnected. 1766966746.1457582
2025-12-29T00:20:36.7781134Z CloudEvents: Disconnected. Reconnecting ... 1766966915.0278234
2025-12-29T00:20:36.7781430Z CloudEvents: Reconnected. 1766966915.1279798
2025-12-29T00:20:36.7781738Z CloudEvents: Disconnected. Reconnecting ... 1766966915.359318
2025-12-29T00:20:36.7782241Z CloudEvents: Reconnected. 1766966915.459453
2025-12-29T00:20:36.7782534Z CloudEvents: Disconnected. Reconnecting ... 1766966915.7249513
2025-12-29T00:20:36.7782842Z CloudEvents: Reconnected. 1766966915.8251293
2025-12-29T00:20:36.7783143Z CloudEvents: Disconnected. Reconnecting ... 1766967016.1188793
2025-12-29T00:20:36.7783441Z CloudEvents: Reconnected. 1766967016.2190852
2025-12-29T00:20:36.7783742Z CloudEvents: Disconnected. Reconnecting ... 1766967016.4873257
2025-12-29T00:20:36.7784041Z CloudEvents: Reconnected. 1766967016.587509
2025-12-29T00:20:36.7784327Z CloudEvents: Disconnected. Reconnecting ... 1766967016.8349044
2025-12-29T00:20:36.7784624Z CloudEvents: Reconnected. 1766967016.935074
2025-12-29T00:20:36.7784910Z CloudEvents: Disconnected. Reconnecting ... 1766967035.13467
2025-12-29T00:20:36.7785211Z CloudEvents: Reconnected. 1766967035.2348237
2025-12-29T00:20:36.7785506Z CloudEvents: Disconnected. Reconnecting ... 1766967153.520692
2025-12-29T00:20:36.7785804Z CloudEvents: Reconnected. 1766967153.620864
2025-12-29T00:20:36.7786102Z CloudEvents: Disconnected. Reconnecting ... 1766967153.8519285
2025-12-29T00:20:36.7786410Z CloudEvents: Reconnected. 1766967153.9520745
2025-12-29T00:20:36.7786706Z CloudEvents: Disconnected. Reconnecting ... 1766967154.1723356
2025-12-29T00:20:36.7787009Z CloudEvents: Reconnected. 1766967154.272485
2025-12-29T00:20:36.7787299Z CloudEvents: Disconnected. Reconnecting ... 1766967157.6091528
2025-12-29T00:20:36.7787603Z CloudEvents: Reconnected. 1766967157.7093015
2025-12-29T00:20:36.7787897Z CloudEvents: Disconnected. Reconnecting ... 1766967158.0021
2025-12-29T00:20:36.7788200Z CloudEvents: Reconnected. 1766967158.1022422
2025-12-29T00:20:36.7788497Z CloudEvents: Disconnected. Reconnecting ... 1766967158.3229525
2025-12-29T00:20:36.7788793Z CloudEvents: Reconnected. 1766967158.4231365
2025-12-29T00:20:36.7789090Z CloudEvents: Disconnected. Reconnecting ... 1766967182.0877576
2025-12-29T00:20:36.7789383Z CloudEvents: Reconnected. 1766967182.1879153
2025-12-29T00:20:36.7789681Z CloudEvents: Disconnected. Reconnecting ... 1766967182.4151793
2025-12-29T00:20:36.7789982Z CloudEvents: Reconnected. 1766967182.5153553
2025-12-29T00:20:36.7790274Z CloudEvents: Disconnected. Reconnecting ... 1766967182.7428246
2025-12-29T00:20:36.7790913Z CloudEvents: Reconnected. 1766967182.8429637
2025-12-29T00:20:36.7791227Z CloudEvents: Disconnected. Reconnecting ... 1766967204.2954583
2025-12-29T00:20:36.7791524Z CloudEvents: Reconnected. 1766967204.3956232
2025-12-29T00:20:36.7791822Z CloudEvents: Disconnected. Reconnecting ... 1766967204.6259625
2025-12-29T00:20:36.7792119Z CloudEvents: Reconnected. 1766967204.726102
2025-12-29T00:20:36.7792408Z CloudEvents: Disconnected. Reconnecting ... 1766967204.9441645
2025-12-29T00:20:36.7792708Z CloudEvents: Reconnected. 1766967205.0443437
2025-12-29T00:20:36.7793001Z CloudEvents: Disconnected. Reconnecting ... 1766967305.9886715
2025-12-29T00:20:36.7793297Z CloudEvents: Reconnected. 1766967306.0888493
2025-12-29T00:20:36.7793591Z CloudEvents: Disconnected. Reconnecting ... 1766967306.339619
2025-12-29T00:20:36.7793891Z CloudEvents: Reconnected. 1766967306.4397795
2025-12-29T00:20:36.7794187Z CloudEvents: Disconnected. Reconnecting ... 1766967306.6655803
2025-12-29T00:20:36.7794488Z CloudEvents: Reconnected. 1766967306.7657616
2025-12-29T00:20:36.7794906Z CloudEvents: Disconnected. Reconnecting ... 1766967326.330951
2025-12-29T00:20:36.7795210Z CloudEvents: Reconnected. 1766967326.4311364
2025-12-29T00:20:36.7795505Z CloudEvents: Disconnected. Reconnecting ... 1766967326.6805491
2025-12-29T00:20:36.7795808Z CloudEvents: Reconnected. 1766967326.7807255
2025-12-29T00:20:36.7796100Z CloudEvents: Disconnected. Reconnecting ... 1766967327.0245473
2025-12-29T00:20:36.7796399Z CloudEvents: Reconnected. 1766967327.1247563
2025-12-29T00:20:36.7796689Z CloudEvents: Disconnected. Reconnecting ... 1766967362.2880037
2025-12-29T00:20:36.7796995Z CloudEvents: Reconnected. 1766967362.3881881
2025-12-29T00:20:36.7797289Z CloudEvents: Disconnected. Reconnecting ... 1766967362.630034
2025-12-29T00:20:36.7797731Z CloudEvents: Reconnected. 1766967362.73026
2025-12-29T00:20:36.7798030Z CloudEvents: Disconnected. Reconnecting ... 1766967362.9588788
2025-12-29T00:20:36.7798329Z CloudEvents: Reconnected. 1766967363.05909
2025-12-29T00:20:36.7798629Z CloudEvents: Disconnected. Reconnecting ... 1766967379.4235692
2025-12-29T00:20:36.7798931Z CloudEvents: Reconnected. 1766967379.523756
2025-12-29T00:20:36.7799218Z CloudEvents: Disconnected. Reconnecting ... 1766967379.7445533
2025-12-29T00:20:36.7799517Z CloudEvents: Reconnected. 1766967379.8447502
2025-12-29T00:20:36.7799812Z CloudEvents: Disconnected. Reconnecting ... 1766967380.0732355
2025-12-29T00:20:36.7800111Z CloudEvents: Reconnected. 1766967380.1734288
2025-12-29T00:20:36.7800404Z CloudEvents: Disconnected. Reconnecting ... 1766967441.9507544
2025-12-29T00:20:36.7800896Z CloudEvents: Reconnected. 1766967442.0509267
2025-12-29T00:20:36.7801187Z CloudEvents: Disconnected. Reconnecting ... 1766967442.2753017
2025-12-29T00:20:36.7801499Z CloudEvents: Reconnected. 1766967442.375439
2025-12-29T00:20:36.7801792Z CloudEvents: Disconnected. Reconnecting ... 1766967445.3027127
2025-12-29T00:20:36.7802082Z CloudEvents: Reconnected. 1766967445.402863
2025-12-29T00:20:36.7802379Z CloudEvents: Disconnected. Reconnecting ... 1766967445.6387544
2025-12-29T00:20:36.7802677Z CloudEvents: Reconnected. 1766967445.738894
2025-12-29T00:20:36.7802985Z CloudEvents: Disconnected. Reconnecting ... 1766967445.9765956
2025-12-29T00:20:36.7803289Z CloudEvents: Reconnected. 1766967446.0767787
2025-12-29T00:20:36.7803578Z CloudEvents: Disconnected. Reconnecting ... 1766967450.137441
2025-12-29T00:20:36.7803878Z CloudEvents: Reconnected. 1766967450.237578
2025-12-29T00:20:36.7804175Z CloudEvents: Disconnected. Reconnecting ... 1766967450.4704137
2025-12-29T00:20:36.7804473Z CloudEvents: Reconnected. 1766967450.5705547
2025-12-29T00:20:36.7804768Z CloudEvents: Disconnected. Reconnecting ... 1766967453.5477693
2025-12-29T00:20:36.7805068Z CloudEvents: Reconnected. 1766967453.6479404
2025-12-29T00:20:36.7805365Z CloudEvents: Disconnected. Reconnecting ... 1766967453.8775184
2025-12-29T00:20:36.7805669Z CloudEvents: Reconnected. 1766967453.9776983
2025-12-29T00:20:36.7805965Z CloudEvents: Disconnected. Reconnecting ... 1766967454.192117
2025-12-29T00:20:36.7806261Z CloudEvents: Reconnected. 1766967454.292285
2025-12-29T00:20:36.7806556Z CloudEvents: Disconnected. Reconnecting ... 1766967552.0589392
2025-12-29T00:20:36.7806852Z CloudEvents: Reconnected. 1766967552.1591172
2025-12-29T00:20:36.7807147Z CloudEvents: Disconnected. Reconnecting ... 1766967552.4463122
2025-12-29T00:20:36.7807447Z CloudEvents: Reconnected. 1766967552.5464675
2025-12-29T00:20:36.7807736Z CloudEvents: Disconnected. Reconnecting ... 1766967552.7755792
2025-12-29T00:20:36.7808034Z CloudEvents: Reconnected. 1766967552.875766
2025-12-29T00:20:36.7808325Z CloudEvents: Disconnected. Reconnecting ... 1766967613.7062676
2025-12-29T00:20:36.7808618Z CloudEvents: Reconnected. 1766967613.8064418
2025-12-29T00:20:36.7808915Z CloudEvents: Disconnected. Reconnecting ... 1766967614.2035658
2025-12-29T00:20:36.7809229Z CloudEvents: Reconnected. 1766967614.3037055
2025-12-29T00:20:36.7809528Z CloudEvents: Disconnected. Reconnecting ... 1766967618.2002473
2025-12-29T00:20:36.7809964Z CloudEvents: Reconnected. 1766967618.300423
2025-12-29T00:20:36.7810271Z CloudEvents: Disconnected. Reconnecting ... 1766967635.9894826
2025-12-29T00:20:36.7810748Z CloudEvents: Reconnected. 1766967636.0896575
2025-12-29T00:20:36.7811046Z CloudEvents: Disconnected. Reconnecting ... 1766967636.3276742
2025-12-29T00:20:36.7811346Z CloudEvents: Reconnected. 1766967636.4278364
2025-12-29T00:20:36.7811646Z CloudEvents: Disconnected. Reconnecting ... 1766967636.6744754
2025-12-29T00:50:34.8870286Z CloudEvents: Reconnected. 1766967636.7746577
2025-12-29T00:50:34.8871350Z CloudEvents: Disconnected. Reconnecting ... 1766967646.2835486
2025-12-29T00:50:34.8872002Z CloudEvents: Reconnected. 1766967646.3837287
2025-12-29T00:50:34.8872742Z CloudEvents: Disconnected. Reconnecting ... 1766967646.6135523
2025-12-29T00:50:34.8873938Z CloudEvents: Reconnected. 1766967646.713764
2025-12-29T00:50:34.8874433Z CloudEvents: Disconnected. Reconnecting ... 1766967646.932118
2025-12-29T00:50:34.8874939Z CloudEvents: Reconnected. 1766967647.032307
2025-12-29T00:50:34.8875353Z CloudEvents: Disconnected. Reconnecting ... 1766967692.0900176
2025-12-29T00:50:34.8875774Z CloudEvents: Reconnected. 1766967692.1902065
2025-12-29T00:50:34.8876174Z CloudEvents: Disconnected. Reconnecting ... 1766967692.456572
2025-12-29T00:50:34.8876583Z CloudEvents: Reconnected. 1766967692.556749
2025-12-29T00:50:34.8876984Z CloudEvents: Disconnected. Reconnecting ... 1766967692.8101463
2025-12-29T00:50:34.8877436Z CloudEvents: Reconnected. 1766967692.9103305
2025-12-29T00:50:34.8877837Z CloudEvents: Disconnected. Reconnecting ... 1766967764.0691168
2025-12-29T00:50:34.8878241Z CloudEvents: Reconnected. 1766967764.1693273
2025-12-29T00:50:34.8878640Z CloudEvents: Disconnected. Reconnecting ... 1766967821.9385366
2025-12-29T00:50:34.8879055Z CloudEvents: Reconnected. 1766967822.0387366
2025-12-29T00:50:34.8879483Z CloudEvents: Disconnected. Reconnecting ... 1766967837.2999291
2025-12-29T00:50:34.8879889Z CloudEvents: Reconnected. 1766967837.4001327
2025-12-29T00:50:34.8880288Z CloudEvents: Disconnected. Reconnecting ... 1766967837.6592457
2025-12-29T00:50:34.8880865Z CloudEvents: Reconnected. 1766967837.7594266
2025-12-29T00:50:34.8881269Z CloudEvents: Disconnected. Reconnecting ... 1766967837.9781806
2025-12-29T00:50:34.8881678Z CloudEvents: Reconnected. 1766967838.078379
2025-12-29T00:50:34.8882075Z CloudEvents: Disconnected. Reconnecting ... 1766967845.5939958
2025-12-29T00:50:34.8882489Z CloudEvents: Reconnected. 1766967845.6941743
2025-12-29T00:50:34.8882883Z CloudEvents: Disconnected. Reconnecting ... 1766967845.9109774
2025-12-29T00:50:34.8883291Z CloudEvents: Reconnected. 1766967846.0111454
2025-12-29T00:50:34.8883687Z CloudEvents: Disconnected. Reconnecting ... 1766967846.2551968
2025-12-29T00:50:34.8884092Z CloudEvents: Reconnected. 1766967846.355373
2025-12-29T00:50:34.8884489Z CloudEvents: Disconnected. Reconnecting ... 1766968028.6629217
2025-12-29T00:50:34.8884895Z CloudEvents: Reconnected. 1766968028.7631292
2025-12-29T00:50:34.8885271Z CloudEvents: Disconnected. Reconnecting ... 1766968029.0309012
2025-12-29T00:50:34.8885592Z CloudEvents: Reconnected. 1766968029.1311119
2025-12-29T00:50:34.8885904Z CloudEvents: Disconnected. Reconnecting ... 1766968165.3648403
2025-12-29T00:50:34.8886225Z CloudEvents: Reconnected. 1766968165.4650824
2025-12-29T00:50:34.8886534Z CloudEvents: Disconnected. Reconnecting ... 1766968165.7615914
2025-12-29T00:50:34.8886839Z CloudEvents: Reconnected. 1766968165.8617709
2025-12-29T00:50:34.8887137Z CloudEvents: Disconnected. Reconnecting ... 1766968166.0995111
2025-12-29T00:50:34.8887441Z CloudEvents: Reconnected. 1766968166.1997046
2025-12-29T00:50:34.8887733Z CloudEvents: Disconnected. Reconnecting ... 1766968260.998248
2025-12-29T00:50:34.8888037Z CloudEvents: Reconnected. 1766968261.0984273
2025-12-29T00:50:34.8888335Z CloudEvents: Disconnected. Reconnecting ... 1766968261.362617
2025-12-29T00:50:34.8888633Z CloudEvents: Reconnected. 1766968261.4627876
2025-12-29T00:50:34.8888929Z CloudEvents: Disconnected. Reconnecting ... 1766968261.7046595
2025-12-29T00:50:34.8889411Z CloudEvents: Reconnected. 1766968261.8048217
2025-12-29T00:50:34.8889712Z CloudEvents: Disconnected. Reconnecting ... 1766968275.2853053
2025-12-29T00:50:34.8890011Z CloudEvents: Reconnected. 1766968275.3855035
2025-12-29T00:50:34.8890299Z CloudEvents: Disconnected. Reconnecting ... 1766968275.624952
2025-12-29T00:50:34.8890718Z CloudEvents: Reconnected. 1766968275.7251256
2025-12-29T00:50:34.8891015Z CloudEvents: Disconnected. Reconnecting ... 1766968275.9632368
2025-12-29T00:50:34.8891319Z CloudEvents: Reconnected. 1766968276.0634139
2025-12-29T00:50:34.8891616Z CloudEvents: Disconnected. Reconnecting ... 1766968288.6547127
2025-12-29T00:50:34.8891917Z CloudEvents: Reconnected. 1766968288.7548995
2025-12-29T00:50:34.8892333Z CloudEvents: Disconnected. Reconnecting ... 1766968288.979269
2025-12-29T00:50:34.8892635Z CloudEvents: Reconnected. 1766968289.079454
2025-12-29T00:50:34.8892933Z CloudEvents: Disconnected. Reconnecting ... 1766968289.3202422
2025-12-29T00:50:34.8893234Z CloudEvents: Reconnected. 1766968289.420431
2025-12-29T00:50:34.8893528Z CloudEvents: Disconnected. Reconnecting ... 1766968293.3022654
2025-12-29T00:50:34.8893828Z CloudEvents: Reconnected. 1766968293.4024363
2025-12-29T00:50:34.8894119Z CloudEvents: Disconnected. Reconnecting ... 1766968293.638103
2025-12-29T00:50:34.8894421Z CloudEvents: Reconnected. 1766968293.7382848
2025-12-29T00:50:34.8894719Z CloudEvents: Disconnected. Reconnecting ... 1766968293.9647992
2025-12-29T00:50:34.8895022Z CloudEvents: Reconnected. 1766968294.0649748
2025-12-29T00:50:34.8895316Z CloudEvents: Disconnected. Reconnecting ... 1766968298.4568584
2025-12-29T00:50:34.8895612Z CloudEvents: Reconnected. 1766968298.5570395
2025-12-29T00:50:34.8895912Z CloudEvents: Disconnected. Reconnecting ... 1766968298.7987437
2025-12-29T00:50:34.8896212Z CloudEvents: Reconnected. 1766968298.8989105
2025-12-29T00:50:34.8896501Z CloudEvents: Disconnected. Reconnecting ... 1766968308.331874
2025-12-29T00:50:34.8896806Z CloudEvents: Reconnected. 1766968308.4320738
2025-12-29T00:50:34.8897103Z CloudEvents: Disconnected. Reconnecting ... 1766968308.6700284
2025-12-29T00:50:34.8897399Z CloudEvents: Reconnected. 1766968308.770196
2025-12-29T00:50:34.8897695Z CloudEvents: Disconnected. Reconnecting ... 1766968309.0272434
2025-12-29T00:50:34.8898003Z CloudEvents: Reconnected. 1766968309.1274505
2025-12-29T00:50:34.8898298Z CloudEvents: Disconnected. Reconnecting ... 1766968322.0254142
2025-12-29T00:50:34.8898601Z CloudEvents: Reconnected. 1766968322.125577
2025-12-29T00:50:34.8898889Z CloudEvents: Disconnected. Reconnecting ... 1766968322.364778
2025-12-29T00:50:34.8899192Z CloudEvents: Reconnected. 1766968322.4649453
2025-12-29T00:50:34.8899487Z CloudEvents: Disconnected. Reconnecting ... 1766968322.6959772
2025-12-29T00:50:34.8899787Z CloudEvents: Reconnected. 1766968322.7961814
2025-12-29T00:50:34.8900080Z CloudEvents: Disconnected. Reconnecting ... 1766968389.8542423
2025-12-29T00:50:34.8900385Z CloudEvents: Reconnected. 1766968389.9544237
2025-12-29T00:50:34.8900782Z CloudEvents: Disconnected. Reconnecting ... 1766968521.831578
2025-12-29T00:50:34.8901083Z CloudEvents: Reconnected. 1766968521.9317675
2025-12-29T00:50:34.8901377Z CloudEvents: Disconnected. Reconnecting ... 1766968522.2106514
2025-12-29T00:50:34.8901673Z CloudEvents: Reconnected. 1766968522.3108196
2025-12-29T00:50:34.8901977Z CloudEvents: Disconnected. Reconnecting ... 1766968522.5901096
2025-12-29T00:50:34.8902276Z CloudEvents: Reconnected. 1766968522.6902966
2025-12-29T00:50:34.8902563Z CloudEvents: Disconnected. Reconnecting ... 1766968529.9012544
2025-12-29T00:50:34.8902861Z CloudEvents: Reconnected. 1766968530.001416
2025-12-29T00:50:34.8903144Z CloudEvents: Disconnected. Reconnecting ... 1766968530.2494926
2025-12-29T00:50:34.8903454Z CloudEvents: Reconnected. 1766968530.3496358
2025-12-29T00:50:34.8903747Z CloudEvents: Disconnected. Reconnecting ... 1766968660.6151507
2025-12-29T00:50:34.8904041Z CloudEvents: Reconnected. 1766968660.7153454
2025-12-29T00:50:34.8904446Z CloudEvents: Disconnected. Reconnecting ... 1766968660.989464
2025-12-29T00:50:34.8904747Z CloudEvents: Reconnected. 1766968661.089657
2025-12-29T00:50:34.8905042Z CloudEvents: Disconnected. Reconnecting ... 1766968803.0701566
2025-12-29T00:50:34.8905339Z CloudEvents: Reconnected. 1766968803.170354
2025-12-29T00:50:34.8905629Z CloudEvents: Disconnected. Reconnecting ... 1766968803.433272
2025-12-29T00:50:34.8905924Z CloudEvents: Reconnected. 1766968803.5334496
2025-12-29T00:50:34.8906217Z CloudEvents: Disconnected. Reconnecting ... 1766968803.7857969
2025-12-29T00:50:34.8906520Z CloudEvents: Reconnected. 1766968803.8859782
2025-12-29T00:50:34.8906806Z CloudEvents: Disconnected. Reconnecting ... 1766968823.2768881
2025-12-29T00:50:34.8907214Z CloudEvents: Reconnected. 1766968823.377113
2025-12-29T00:50:34.8907500Z CloudEvents: Disconnected. Reconnecting ... 1766968823.623596
2025-12-29T00:50:34.8907802Z CloudEvents: Reconnected. 1766968823.7237709
2025-12-29T00:50:34.8908101Z CloudEvents: Disconnected. Reconnecting ... 1766968842.7829041
2025-12-29T00:50:34.8908401Z CloudEvents: Reconnected. 1766968842.8831367
2025-12-29T00:50:34.8908692Z CloudEvents: Disconnected. Reconnecting ... 1766968843.1656759
2025-12-29T00:50:34.8908991Z CloudEvents: Reconnected. 1766968843.2658498
2025-12-29T00:50:34.8909283Z CloudEvents: Disconnected. Reconnecting ... 1766968843.5065832
2025-12-29T00:50:34.8909582Z CloudEvents: Reconnected. 1766968843.6067894
2025-12-29T00:50:34.8909874Z CloudEvents: Disconnected. Reconnecting ... 1766968848.566001
2025-12-29T00:50:34.8910166Z CloudEvents: Reconnected. 1766968848.666195
2025-12-29T00:50:34.8910454Z CloudEvents: Disconnected. Reconnecting ... 1766968857.1802962
2025-12-29T00:50:34.8911110Z CloudEvents: Reconnected. 1766968857.2804801
2025-12-29T00:50:34.8911416Z CloudEvents: Disconnected. Reconnecting ... 1766968857.5217135
2025-12-29T00:50:34.8911717Z CloudEvents: Reconnected. 1766968857.621867
2025-12-29T00:50:34.8912001Z CloudEvents: Disconnected. Reconnecting ... 1766968999.556828
2025-12-29T00:50:34.8912308Z CloudEvents: Reconnected. 1766968999.6569767
2025-12-29T00:50:34.8912605Z CloudEvents: Disconnected. Reconnecting ... 1766968999.8914642
2025-12-29T00:50:34.8912900Z CloudEvents: Reconnected. 1766968999.9916437
2025-12-29T00:50:34.8913197Z CloudEvents: Disconnected. Reconnecting ... 1766969006.702247
2025-12-29T00:50:34.8913498Z CloudEvents: Reconnected. 1766969006.802417
2025-12-29T00:50:34.8913787Z CloudEvents: Disconnected. Reconnecting ... 1766969007.0279353
2025-12-29T00:50:34.8914093Z CloudEvents: Reconnected. 1766969007.1280956
2025-12-29T00:50:34.8914388Z CloudEvents: Disconnected. Reconnecting ... 1766969010.5245686
2025-12-29T00:50:34.8914683Z CloudEvents: Reconnected. 1766969010.6247509
2025-12-29T00:50:34.8914983Z CloudEvents: Disconnected. Reconnecting ... 1766969010.8418484
2025-12-29T00:50:34.8915288Z CloudEvents: Reconnected. 1766969010.9420345
2025-12-29T00:50:34.8915617Z CloudEvents: Disconnected. Reconnecting ... 1766969029.7721848
2025-12-29T00:50:34.8915926Z CloudEvents: Reconnected. 1766969029.8723395
2025-12-29T00:50:34.8916220Z CloudEvents: Disconnected. Reconnecting ... 1766969030.1079845
2025-12-29T00:50:34.8916521Z CloudEvents: Reconnected. 1766969030.2081254
2025-12-29T00:50:34.8916814Z CloudEvents: Disconnected. Reconnecting ... 1766969034.4450893
2025-12-29T00:50:34.8917109Z CloudEvents: Reconnected. 1766969034.5452545
2025-12-29T00:50:34.8917406Z CloudEvents: Disconnected. Reconnecting ... 1766969105.6885724
2025-12-29T00:50:34.8917705Z CloudEvents: Reconnected. 1766969105.7887385
2025-12-29T00:50:34.8917996Z CloudEvents: Disconnected. Reconnecting ... 1766969119.1682112
2025-12-29T00:50:34.8918298Z CloudEvents: Reconnected. 1766969119.2683837
2025-12-29T00:50:34.8918591Z CloudEvents: Disconnected. Reconnecting ... 1766969293.303697
2025-12-29T00:50:34.8918891Z CloudEvents: Reconnected. 1766969293.4038837
2025-12-29T00:50:34.8919184Z CloudEvents: Disconnected. Reconnecting ... 1766969293.6665719
2025-12-29T00:50:34.8919485Z CloudEvents: Reconnected. 1766969293.7667592
2025-12-29T00:50:34.8919906Z CloudEvents: Disconnected. Reconnecting ... 1766969293.9988601
2025-12-29T00:50:34.8920211Z CloudEvents: Reconnected. 1766969294.099031
2025-12-29T00:50:34.8920631Z CloudEvents: Disconnected. Reconnecting ... 1766969300.3419137
2025-12-29T00:50:34.8920937Z CloudEvents: Reconnected. 1766969300.442104
2025-12-29T00:50:34.8921230Z CloudEvents: Disconnected. Reconnecting ... 1766969300.729037
2025-12-29T00:50:34.8921528Z CloudEvents: Reconnected. 1766969300.8292303
2025-12-29T00:50:34.8921847Z CloudEvents: Disconnected. Reconnecting ... 1766969301.0757523
2025-12-29T00:50:34.8922152Z CloudEvents: Reconnected. 1766969301.175932
2025-12-29T00:50:34.8922441Z CloudEvents: Disconnected. Reconnecting ... 1766969360.952718
2025-12-29T00:50:34.8922923Z CloudEvents: Reconnected. 1766969361.0528917
2025-12-29T01:13:01.8060126Z CloudEvents: Disconnected. Reconnecting ...
2025-12-29T01:13:01.8123081Z Post job cleanup.
2025-12-29T01:13:01.8909431Z [command]/usr/bin/git version
2025-12-29T01:13:01.8950100Z git version 2.52.0
2025-12-29T01:13:01.8989151Z Temporarily overriding HOME='/home/runner/work/_temp/f591e081-fe8d-42b3-ae19-05b30f2b6e7a' before making global git config changes
2025-12-29T01:13:01.8990448Z Adding repository directory to the temporary git global config as a safe directory
2025-12-29T01:13:01.8995780Z [command]/usr/bin/git config --global --add safe.directory /home/runner/work/scratchattach/scratchattach
2025-12-29T01:13:01.9028348Z Removing SSH command configuration
2025-12-29T01:13:01.9034644Z [command]/usr/bin/git config --local --name-only --get-regexp core\.sshCommand
2025-12-29T01:13:01.9092713Z [command]/usr/bin/git submodule foreach --recursive sh -c "git config --local --name-only --get-regexp 'core\.sshCommand' && git config --local --unset-all 'core.sshCommand' || :"
2025-12-29T01:13:01.9325102Z Removing HTTP extra header
2025-12-29T01:13:01.9331054Z [command]/usr/bin/git config --local --name-only --get-regexp http\.https\:\/\/github\.com\/\.extraheader
2025-12-29T01:13:01.9365933Z [command]/usr/bin/git submodule foreach --recursive sh -c "git config --local --name-only --get-regexp 'http\.https\:\/\/github\.com\/\.extraheader' && git config --local --unset-all 'http.https://github.com/.extraheader' || :"
2025-12-29T01:13:01.9631884Z Removing includeIf entries pointing to credentials config files
2025-12-29T01:13:01.9641678Z [command]/usr/bin/git config --local --name-only --get-regexp ^includeIf\.gitdir:
2025-12-29T01:13:01.9668384Z includeif.gitdir:/home/runner/work/scratchattach/scratchattach/.git.path
2025-12-29T01:13:01.9669580Z includeif.gitdir:/home/runner/work/scratchattach/scratchattach/.git/worktrees/*.path
2025-12-29T01:13:01.9671585Z includeif.gitdir:/github/workspace/.git.path
2025-12-29T01:13:01.9672220Z includeif.gitdir:/github/workspace/.git/worktrees/*.path
2025-12-29T01:13:01.9679856Z [command]/usr/bin/git config --local --get-all includeif.gitdir:/home/runner/work/scratchattach/scratchattach/.git.path
2025-12-29T01:13:01.9703165Z /home/runner/work/_temp/git-credentials-f1a86d2b-ae63-4452-b0e9-8ce96ba5f98d.config
2025-12-29T01:13:01.9714899Z [command]/usr/bin/git config --local --unset includeif.gitdir:/home/runner/work/scratchattach/scratchattach/.git.path /home/runner/work/_temp/git-credentials-f1a86d2b-ae63-4452-b0e9-8ce96ba5f98d.config
2025-12-29T01:13:01.9750188Z [command]/usr/bin/git config --local --get-all includeif.gitdir:/home/runner/work/scratchattach/scratchattach/.git/worktrees/*.path
2025-12-29T01:13:01.9773438Z /home/runner/work/_temp/git-credentials-f1a86d2b-ae63-4452-b0e9-8ce96ba5f98d.config
2025-12-29T01:13:01.9784397Z [command]/usr/bin/git config --local --unset includeif.gitdir:/home/runner/work/scratchattach/scratchattach/.git/worktrees/*.path /home/runner/work/_temp/git-credentials-f1a86d2b-ae63-4452-b0e9-8ce96ba5f98d.config
2025-12-29T01:13:01.9819189Z [command]/usr/bin/git config --local --get-all includeif.gitdir:/github/workspace/.git.path
2025-12-29T01:13:01.9841244Z /github/runner_temp/git-credentials-f1a86d2b-ae63-4452-b0e9-8ce96ba5f98d.config
2025-12-29T01:13:01.9849915Z [command]/usr/bin/git config --local --unset includeif.gitdir:/github/workspace/.git.path /github/runner_temp/git-credentials-f1a86d2b-ae63-4452-b0e9-8ce96ba5f98d.config
2025-12-29T01:13:01.9883104Z [command]/usr/bin/git config --local --get-all includeif.gitdir:/github/workspace/.git/worktrees/*.path
2025-12-29T01:13:01.9905251Z /github/runner_temp/git-credentials-f1a86d2b-ae63-4452-b0e9-8ce96ba5f98d.config
2025-12-29T01:13:01.9915278Z [command]/usr/bin/git config --local --unset includeif.gitdir:/github/workspace/.git/worktrees/*.path /github/runner_temp/git-credentials-f1a86d2b-ae63-4452-b0e9-8ce96ba5f98d.config
2025-12-29T01:13:01.9951276Z [command]/usr/bin/git submodule foreach --recursive git config --local --show-origin --name-only --get-regexp remote.origin.url
2025-12-29T01:13:02.0198538Z Removing credentials config '/home/runner/work/_temp/git-credentials-f1a86d2b-ae63-4452-b0e9-8ce96ba5f98d.config'
2025-12-29T01:13:02.0357688Z Post job cleanup.
2025-12-29T01:13:02.1543671Z (node:6140) [DEP0040] DeprecationWarning: The `punycode` module is deprecated. Please use a userland alternative instead.
2025-12-29T01:13:02.1544837Z (Use `node --trace-deprecation ...` to show where the warning was created)
2025-12-29T01:13:02.1682270Z Post job cleanup.
2025-12-29T01:13:02.2487649Z [command]/usr/bin/git version
2025-12-29T01:13:02.2557493Z git version 2.52.0
2025-12-29T01:13:02.2596934Z Temporarily overriding HOME='/home/runner/work/_temp/7484f790-2e2b-4c50-abf7-bea638fb26fc' before making global git config changes
2025-12-29T01:13:02.2597854Z Adding repository directory to the temporary git global config as a safe directory
2025-12-29T01:13:02.2602980Z [command]/usr/bin/git config --global --add safe.directory /home/runner/work/scratchattach/scratchattach
2025-12-29T01:13:02.2633928Z Removing SSH command configuration
2025-12-29T01:13:02.2640416Z [command]/usr/bin/git config --local --name-only --get-regexp core\.sshCommand
2025-12-29T01:13:02.2673889Z [command]/usr/bin/git submodule foreach --recursive sh -c "git config --local --name-only --get-regexp 'core\.sshCommand' && git config --local --unset-all 'core.sshCommand' || :"
2025-12-29T01:13:02.2909220Z Removing HTTP extra header
2025-12-29T01:13:02.2914961Z [command]/usr/bin/git config --local --name-only --get-regexp http\.https\:\/\/github\.com\/\.extraheader
2025-12-29T01:13:02.2949815Z [command]/usr/bin/git submodule foreach --recursive sh -c "git config --local --name-only --get-regexp 'http\.https\:\/\/github\.com\/\.extraheader' && git config --local --unset-all 'http.https://github.com/.extraheader' || :"
2025-12-29T01:13:02.3176312Z Removing includeIf entries pointing to credentials config files
2025-12-29T01:13:02.3184236Z [command]/usr/bin/git config --local --name-only --get-regexp ^includeIf\.gitdir:
2025-12-29T01:13:02.3216241Z [command]/usr/bin/git submodule foreach --recursive git config --local --show-origin --name-only --get-regexp remote.origin.url
2025-12-29T01:13:02.3574667Z Cleaning up orphan processes
