2026-02-06T02:25:46.3772106Z Current runner version: '2.331.0'
2026-02-06T02:25:46.3806082Z ##[group]Runner Image Provisioner
2026-02-06T02:25:46.3807614Z Hosted Compute Agent
2026-02-06T02:25:46.3808453Z Version: 20260123.484
2026-02-06T02:25:46.3809516Z Commit: 6bd6555ca37d84114959e1c76d2c01448ff61c5d
2026-02-06T02:25:46.3810598Z Build Date: 2026-01-23T19:41:17Z
2026-02-06T02:25:46.3811779Z Worker ID: {b1455da9-e0c9-4370-a5b4-f3a43eaa8299}
2026-02-06T02:25:46.3813005Z Azure Region: eastus2
2026-02-06T02:25:46.3813898Z ##[endgroup]
2026-02-06T02:25:46.3816965Z ##[group]Operating System
2026-02-06T02:25:46.3818357Z Ubuntu
2026-02-06T02:25:46.3819146Z 24.04.3
2026-02-06T02:25:46.3820141Z LTS
2026-02-06T02:25:46.3820892Z ##[endgroup]
2026-02-06T02:25:46.3821748Z ##[group]Runner Image
2026-02-06T02:25:46.3822898Z Image: ubuntu-24.04
2026-02-06T02:25:46.3823720Z Version: 20260126.10.1
2026-02-06T02:25:46.3825810Z Included Software: https://github.com/actions/runner-images/blob/ubuntu24/20260126.10/images/ubuntu/Ubuntu2404-Readme.md
2026-02-06T02:25:46.3828605Z Image Release: https://github.com/actions/runner-images/releases/tag/ubuntu24%2F20260126.10
2026-02-06T02:25:46.3830380Z ##[endgroup]
2026-02-06T02:25:46.3832031Z ##[group]GITHUB_TOKEN Permissions
2026-02-06T02:25:46.3834677Z Contents: write
2026-02-06T02:25:46.3835558Z Metadata: read
2026-02-06T02:25:46.3836414Z ##[endgroup]
2026-02-06T02:25:46.3839639Z Secret source: Actions
2026-02-06T02:25:46.3840834Z Prepare workflow directory
2026-02-06T02:25:46.4324422Z Prepare all required actions
2026-02-06T02:25:46.4383431Z Getting action download info
2026-02-06T02:25:46.7177993Z Download action repository 'actions/checkout@v6.0.2' (SHA:de0fac2e4500dabe0009e67214ff5f5447ce83dd)
2026-02-06T02:25:46.8236189Z Download action repository 'pawanbahuguna/action-logs@v2.0.0' (SHA:2fb2206c1749d6d09b8799a05519c08ee503660d)
2026-02-06T02:25:47.1855990Z Complete job name: Download GH action logs
2026-02-06T02:25:47.2374635Z ##[group]Build container for action use: '/home/runner/work/_actions/pawanbahuguna/action-logs/v2.0.0/Dockerfile'.
2026-02-06T02:25:47.2424340Z ##[command]/usr/bin/docker build -t 48de2a:e9ea68e4527d4cc2a11070cb929bd69e -f "/home/runner/work/_actions/pawanbahuguna/action-logs/v2.0.0/Dockerfile" "/home/runner/work/_actions/pawanbahuguna/action-logs/v2.0.0"
2026-02-06T02:25:47.8952619Z #0 building with "default" instance using docker driver
2026-02-06T02:25:47.8953445Z 
2026-02-06T02:25:47.8953802Z #1 [internal] load build definition from Dockerfile
2026-02-06T02:25:47.8954607Z #1 transferring dockerfile: 347B done
2026-02-06T02:25:47.8955217Z #1 DONE 0.0s
2026-02-06T02:25:47.8955468Z 
2026-02-06T02:25:47.8955827Z #2 [auth] library/alpine:pull token for registry-1.docker.io
2026-02-06T02:25:47.8956575Z #2 DONE 0.0s
2026-02-06T02:25:47.8956821Z 
2026-02-06T02:25:47.8957533Z #3 [internal] load metadata for docker.io/library/alpine:latest
2026-02-06T02:25:48.1047788Z #3 DONE 0.4s
2026-02-06T02:25:48.2254970Z 
2026-02-06T02:25:48.2258089Z #4 [internal] load .dockerignore
2026-02-06T02:25:48.2259630Z #4 transferring context: 2B done
2026-02-06T02:25:48.2260647Z #4 DONE 0.0s
2026-02-06T02:25:48.2261117Z 
2026-02-06T02:25:48.2261629Z #5 [internal] load build context
2026-02-06T02:25:48.2263183Z #5 transferring context: 2.53kB done
2026-02-06T02:25:48.2264169Z #5 DONE 0.0s
2026-02-06T02:25:48.2264626Z 
2026-02-06T02:25:48.2265963Z #6 [1/4] FROM docker.io/library/alpine:latest@sha256:25109184c71bdad752c8312a8623239686a9a2071e8825f20acb8f2198c3f659
2026-02-06T02:25:48.2269629Z #6 resolve docker.io/library/alpine:latest@sha256:25109184c71bdad752c8312a8623239686a9a2071e8825f20acb8f2198c3f659 done
2026-02-06T02:25:48.2273022Z #6 sha256:589002ba0eaed121a1dbf42f6648f29e5be55d5c8a6ee0f8eaa0285cc21ac153 3.86MB / 3.86MB 0.1s done
2026-02-06T02:25:48.2276090Z #6 sha256:25109184c71bdad752c8312a8623239686a9a2071e8825f20acb8f2198c3f659 9.22kB / 9.22kB done
2026-02-06T02:25:48.2279390Z #6 sha256:59855d3dceb3ae53991193bd03301e082b2a7faa56a514b03527ae0ec2ce3a95 1.02kB / 1.02kB done
2026-02-06T02:25:48.2282759Z #6 sha256:a40c03cbb81c59bfb0e0887ab0b1859727075da7b9cc576a1cec2c771f38c5fb 611B / 611B done
2026-02-06T02:25:48.3370822Z #6 extracting sha256:589002ba0eaed121a1dbf42f6648f29e5be55d5c8a6ee0f8eaa0285cc21ac153 0.1s done
2026-02-06T02:25:48.3374002Z #6 DONE 0.2s
2026-02-06T02:25:48.4884008Z 
2026-02-06T02:25:48.4884652Z #7 [2/4] RUN apk update && apk add --no-cache curl jq
2026-02-06T02:25:48.8936965Z #7 0.556 v3.23.3-53-g9f0122cdd5e [https://dl-cdn.alpinelinux.org/alpine/v3.23/main]
2026-02-06T02:25:48.8939288Z #7 0.556 v3.23.3-56-g3fb52ca75d5 [https://dl-cdn.alpinelinux.org/alpine/v3.23/community]
2026-02-06T02:25:48.8940137Z #7 0.556 OK: 27572 distinct packages available
2026-02-06T02:25:49.2623665Z #7 0.924 ( 1/12) Installing brotli-libs (1.2.0-r0)
2026-02-06T02:25:49.3683206Z #7 0.943 ( 2/12) Installing c-ares (1.34.6-r0)
2026-02-06T02:25:49.3683900Z #7 0.951 ( 3/12) Installing libunistring (1.4.1-r0)
2026-02-06T02:25:49.3684607Z #7 0.966 ( 4/12) Installing libidn2 (2.3.8-r0)
2026-02-06T02:25:49.3685030Z #7 0.974 ( 5/12) Installing nghttp2-libs (1.68.0-r0)
2026-02-06T02:25:49.3685434Z #7 0.981 ( 6/12) Installing nghttp3 (1.13.1-r0)
2026-02-06T02:25:49.3685809Z #7 0.988 ( 7/12) Installing libpsl (0.21.5-r3)
2026-02-06T02:25:49.3686210Z #7 0.995 ( 8/12) Installing zstd-libs (1.5.7-r2)
2026-02-06T02:25:49.3686569Z #7 1.007 ( 9/12) Installing libcurl (8.17.0-r1)
2026-02-06T02:25:49.3686962Z #7 1.019 (10/12) Installing curl (8.17.0-r1)
2026-02-06T02:25:49.3687641Z #7 1.030 (11/12) Installing oniguruma (6.9.10-r0)
2026-02-06T02:25:49.5447950Z #7 1.041 (12/12) Installing jq (1.8.1-r0)
2026-02-06T02:25:49.5448455Z #7 1.050 Executing busybox-1.37.0-r30.trigger
2026-02-06T02:25:49.5448762Z #7 1.056 OK: 14.1 MiB in 28 packages
2026-02-06T02:25:50.1186278Z #7 DONE 1.8s
2026-02-06T02:25:50.2586643Z 
2026-02-06T02:25:50.2587046Z #8 [3/4] COPY entrypoint.sh /entrypoint.sh
2026-02-06T02:25:50.2588233Z #8 DONE 0.0s
2026-02-06T02:25:50.2588836Z 
2026-02-06T02:25:50.2588953Z #9 [4/4] RUN chmod +x /entrypoint.sh
2026-02-06T02:25:50.2589233Z #9 DONE 0.1s
2026-02-06T02:25:50.4109262Z 
2026-02-06T02:25:50.4109670Z #10 exporting to image
2026-02-06T02:25:50.4110283Z #10 exporting layers
2026-02-06T02:25:51.0105423Z #10 exporting layers 0.7s done
2026-02-06T02:25:51.0307586Z #10 writing image sha256:3c5075e10721cf84bf6e610f5c8fc7c81e06ea60147275631588eee5e13c5c24 done
2026-02-06T02:25:51.0308714Z #10 naming to docker.io/library/48de2a:e9ea68e4527d4cc2a11070cb929bd69e done
2026-02-06T02:25:51.0309298Z #10 DONE 0.8s
2026-02-06T02:25:51.0377905Z ##[endgroup]
2026-02-06T02:25:51.0639112Z ##[group]Run actions/checkout@v6.0.2
2026-02-06T02:25:51.0639696Z with:
2026-02-06T02:25:51.0639905Z   repository: Boss-1s/scratchattach
2026-02-06T02:25:51.0640292Z   token: ***
2026-02-06T02:25:51.0640481Z   ssh-strict: true
2026-02-06T02:25:51.0640664Z   ssh-user: git
2026-02-06T02:25:51.0640847Z   persist-credentials: true
2026-02-06T02:25:51.0641060Z   clean: true
2026-02-06T02:25:51.0641241Z   sparse-checkout-cone-mode: true
2026-02-06T02:25:51.0641480Z   fetch-depth: 1
2026-02-06T02:25:51.0641690Z   fetch-tags: false
2026-02-06T02:25:51.0641870Z   show-progress: true
2026-02-06T02:25:51.0642052Z   lfs: false
2026-02-06T02:25:51.0642209Z   submodules: false
2026-02-06T02:25:51.0642394Z   set-safe-directory: true
2026-02-06T02:25:51.0642812Z ##[endgroup]
2026-02-06T02:25:51.1557963Z Syncing repository: Boss-1s/scratchattach
2026-02-06T02:25:51.1559301Z ##[group]Getting Git version info
2026-02-06T02:25:51.1559817Z Working directory is '/home/runner/work/scratchattach/scratchattach'
2026-02-06T02:25:51.1560403Z [command]/usr/bin/git version
2026-02-06T02:25:51.1563255Z git version 2.52.0
2026-02-06T02:25:51.1586182Z ##[endgroup]
2026-02-06T02:25:51.1602315Z Temporarily overriding HOME='/home/runner/work/_temp/f5c7cade-6905-4903-9e9c-f272186b8751' before making global git config changes
2026-02-06T02:25:51.1603736Z Adding repository directory to the temporary git global config as a safe directory
2026-02-06T02:25:51.1608292Z [command]/usr/bin/git config --global --add safe.directory /home/runner/work/scratchattach/scratchattach
2026-02-06T02:25:51.1650238Z Deleting the contents of '/home/runner/work/scratchattach/scratchattach'
2026-02-06T02:25:51.1653876Z ##[group]Initializing the repository
2026-02-06T02:25:51.1658691Z [command]/usr/bin/git init /home/runner/work/scratchattach/scratchattach
2026-02-06T02:25:51.1785000Z hint: Using 'master' as the name for the initial branch. This default branch name
2026-02-06T02:25:51.1786129Z hint: will change to "main" in Git 3.0. To configure the initial branch name
2026-02-06T02:25:51.1786900Z hint: to use in all of your new repositories, which will suppress this warning,
2026-02-06T02:25:51.1787600Z hint: call:
2026-02-06T02:25:51.1787848Z hint:
2026-02-06T02:25:51.1788265Z hint: 	git config --global init.defaultBranch <name>
2026-02-06T02:25:51.1788757Z hint:
2026-02-06T02:25:51.1789098Z hint: Names commonly chosen instead of 'master' are 'main', 'trunk' and
2026-02-06T02:25:51.1789582Z hint: 'development'. The just-created branch can be renamed via this command:
2026-02-06T02:25:51.1789958Z hint:
2026-02-06T02:25:51.1790129Z hint: 	git branch -m <name>
2026-02-06T02:25:51.1790380Z hint:
2026-02-06T02:25:51.1790678Z hint: Disable this message with "git config set advice.defaultBranchName false"
2026-02-06T02:25:51.1792172Z Initialized empty Git repository in /home/runner/work/scratchattach/scratchattach/.git/
2026-02-06T02:25:51.1801665Z [command]/usr/bin/git remote add origin https://github.com/Boss-1s/scratchattach
2026-02-06T02:25:51.1883895Z ##[endgroup]
2026-02-06T02:25:51.1884467Z ##[group]Disabling automatic garbage collection
2026-02-06T02:25:51.1887979Z [command]/usr/bin/git config --local gc.auto 0
2026-02-06T02:25:51.1915303Z ##[endgroup]
2026-02-06T02:25:51.1915834Z ##[group]Setting up auth
2026-02-06T02:25:51.1916758Z Removing SSH command configuration
2026-02-06T02:25:51.1923069Z [command]/usr/bin/git config --local --name-only --get-regexp core\.sshCommand
2026-02-06T02:25:51.1953434Z [command]/usr/bin/git submodule foreach --recursive sh -c "git config --local --name-only --get-regexp 'core\.sshCommand' && git config --local --unset-all 'core.sshCommand' || :"
2026-02-06T02:25:51.2306097Z Removing HTTP extra header
2026-02-06T02:25:51.2312069Z [command]/usr/bin/git config --local --name-only --get-regexp http\.https\:\/\/github\.com\/\.extraheader
2026-02-06T02:25:51.2342604Z [command]/usr/bin/git submodule foreach --recursive sh -c "git config --local --name-only --get-regexp 'http\.https\:\/\/github\.com\/\.extraheader' && git config --local --unset-all 'http.https://github.com/.extraheader' || :"
2026-02-06T02:25:51.2555969Z Removing includeIf entries pointing to credentials config files
2026-02-06T02:25:51.2562448Z [command]/usr/bin/git config --local --name-only --get-regexp ^includeIf\.gitdir:
2026-02-06T02:25:51.2592638Z [command]/usr/bin/git submodule foreach --recursive git config --local --show-origin --name-only --get-regexp remote.origin.url
2026-02-06T02:25:51.2815556Z [command]/usr/bin/git config --file /home/runner/work/_temp/git-credentials-e06c30f6-1ede-47d3-88e5-101959e5afe4.config http.https://github.com/.extraheader AUTHORIZATION: basic ***
2026-02-06T02:25:51.2851117Z [command]/usr/bin/git config --local includeIf.gitdir:/home/runner/work/scratchattach/scratchattach/.git.path /home/runner/work/_temp/git-credentials-e06c30f6-1ede-47d3-88e5-101959e5afe4.config
2026-02-06T02:25:51.2879607Z [command]/usr/bin/git config --local includeIf.gitdir:/home/runner/work/scratchattach/scratchattach/.git/worktrees/*.path /home/runner/work/_temp/git-credentials-e06c30f6-1ede-47d3-88e5-101959e5afe4.config
2026-02-06T02:25:51.2907421Z [command]/usr/bin/git config --local includeIf.gitdir:/github/workspace/.git.path /github/runner_temp/git-credentials-e06c30f6-1ede-47d3-88e5-101959e5afe4.config
2026-02-06T02:25:51.2937491Z [command]/usr/bin/git config --local includeIf.gitdir:/github/workspace/.git/worktrees/*.path /github/runner_temp/git-credentials-e06c30f6-1ede-47d3-88e5-101959e5afe4.config
2026-02-06T02:25:51.2963388Z ##[endgroup]
2026-02-06T02:25:51.2964385Z ##[group]Fetching the repository
2026-02-06T02:25:51.2972522Z [command]/usr/bin/git -c protocol.version=2 fetch --no-tags --prune --no-recurse-submodules --depth=1 origin +e69daeb67d3031f8d0cf84e641d508648020c5e6:refs/remotes/origin/main
2026-02-06T02:26:21.0697890Z From https://github.com/Boss-1s/scratchattach
2026-02-06T02:26:21.0698508Z  * [new ref]         e69daeb67d3031f8d0cf84e641d508648020c5e6 -> origin/main
2026-02-06T02:26:21.0732296Z [command]/usr/bin/git branch --list --remote origin/main
2026-02-06T02:26:21.0790472Z   origin/main
2026-02-06T02:26:21.0798723Z [command]/usr/bin/git rev-parse refs/remotes/origin/main
2026-02-06T02:26:21.0820038Z e69daeb67d3031f8d0cf84e641d508648020c5e6
2026-02-06T02:26:21.0824779Z ##[endgroup]
2026-02-06T02:26:21.0825583Z ##[group]Determining the checkout info
2026-02-06T02:26:21.0826339Z ##[endgroup]
2026-02-06T02:26:21.0831505Z [command]/usr/bin/git sparse-checkout disable
2026-02-06T02:26:21.0875399Z [command]/usr/bin/git config --local --unset-all extensions.worktreeConfig
2026-02-06T02:26:21.0902943Z ##[group]Checking out the ref
2026-02-06T02:26:21.0907052Z [command]/usr/bin/git checkout --progress --force -B main refs/remotes/origin/main
2026-02-06T02:26:22.4584926Z Updating files:  76% (2611/3432)
2026-02-06T02:26:22.7483927Z Updating files:  77% (2643/3432)
2026-02-06T02:26:22.7530635Z Updating files:  78% (2677/3432)
2026-02-06T02:26:22.8805205Z Updating files:  79% (2712/3432)
2026-02-06T02:26:22.9543548Z Updating files:  80% (2746/3432)
2026-02-06T02:26:23.0980226Z Updating files:  81% (2780/3432)
2026-02-06T02:26:23.1827864Z Updating files:  81% (2809/3432)
2026-02-06T02:26:23.7397066Z Updating files:  82% (2815/3432)
2026-02-06T02:26:23.9648114Z Updating files:  83% (2849/3432)
2026-02-06T02:26:24.1322241Z Updating files:  84% (2883/3432)
2026-02-06T02:26:24.3433040Z Updating files:  84% (2897/3432)
2026-02-06T02:26:24.5091959Z Updating files:  85% (2918/3432)
2026-02-06T02:26:24.8235510Z Updating files:  86% (2952/3432)
2026-02-06T02:26:25.1090095Z Updating files:  87% (2986/3432)
2026-02-06T02:26:25.5609416Z Updating files:  87% (2999/3432)
2026-02-06T02:26:26.1188275Z Updating files:  88% (3021/3432)
2026-02-06T02:26:26.2739351Z Updating files:  88% (3040/3432)
2026-02-06T02:26:26.8269008Z Updating files:  89% (3055/3432)
2026-02-06T02:26:27.1003167Z Updating files:  90% (3089/3432)
2026-02-06T02:26:27.5103028Z Updating files:  90% (3105/3432)
2026-02-06T02:26:28.0723603Z Updating files:  91% (3124/3432)
2026-02-06T02:26:28.1189529Z Updating files:  92% (3158/3432)
2026-02-06T02:26:28.4501854Z Updating files:  92% (3160/3432)
2026-02-06T02:26:28.4688796Z Updating files:  93% (3192/3432)
2026-02-06T02:26:28.4889154Z Updating files:  94% (3227/3432)
2026-02-06T02:26:28.5068394Z Updating files:  95% (3261/3432)
2026-02-06T02:26:28.5165050Z Updating files:  96% (3295/3432)
2026-02-06T02:26:28.8217826Z Updating files:  97% (3330/3432)
2026-02-06T02:26:29.1305814Z Updating files:  98% (3364/3432)
2026-02-06T02:26:29.3490572Z Updating files:  98% (3373/3432)
2026-02-06T02:26:29.6474031Z Updating files:  99% (3398/3432)
2026-02-06T02:26:29.6474609Z Updating files: 100% (3432/3432)
2026-02-06T02:26:29.6475113Z Updating files: 100% (3432/3432), done.
2026-02-06T02:26:29.6629060Z Switched to a new branch 'main'
2026-02-06T02:26:29.6632147Z branch 'main' set up to track 'origin/main'.
2026-02-06T02:26:29.6829756Z ##[endgroup]
2026-02-06T02:26:29.6874051Z [command]/usr/bin/git log -1 --format=%H
2026-02-06T02:26:29.6898244Z e69daeb67d3031f8d0cf84e641d508648020c5e6
2026-02-06T02:26:29.7088684Z ##[group]Run pawanbahuguna/action-logs@v2.0.0
2026-02-06T02:26:29.7088990Z env:
2026-02-06T02:26:29.7089565Z   GH_TOKEN: ***
2026-02-06T02:26:29.7089761Z   GH_REPO: Boss-1s/scratchattach
2026-02-06T02:26:29.7089996Z   LOGS_DIR: .logs
2026-02-06T02:26:29.7090168Z ##[endgroup]
2026-02-06T02:26:29.7177114Z ##[command]/usr/bin/docker run --name de2ae9ea68e4527d4cc2a11070cb929bd69e_fe8afb --label 48de2a --workdir /github/workspace --rm -e "GH_TOKEN" -e "GH_REPO" -e "LOGS_DIR" -e "HOME" -e "GITHUB_JOB" -e "GITHUB_REF" -e "GITHUB_SHA" -e "GITHUB_REPOSITORY" -e "GITHUB_REPOSITORY_OWNER" -e "GITHUB_REPOSITORY_OWNER_ID" -e "GITHUB_RUN_ID" -e "GITHUB_RUN_NUMBER" -e "GITHUB_RETENTION_DAYS" -e "GITHUB_RUN_ATTEMPT" -e "GITHUB_ACTOR_ID" -e "GITHUB_ACTOR" -e "GITHUB_WORKFLOW" -e "GITHUB_HEAD_REF" -e "GITHUB_BASE_REF" -e "GITHUB_EVENT_NAME" -e "GITHUB_SERVER_URL" -e "GITHUB_API_URL" -e "GITHUB_GRAPHQL_URL" -e "GITHUB_REF_NAME" -e "GITHUB_REF_PROTECTED" -e "GITHUB_REF_TYPE" -e "GITHUB_WORKFLOW_REF" -e "GITHUB_WORKFLOW_SHA" -e "GITHUB_REPOSITORY_ID" -e "GITHUB_TRIGGERING_ACTOR" -e "GITHUB_WORKSPACE" -e "GITHUB_ACTION" -e "GITHUB_EVENT_PATH" -e "GITHUB_ACTION_REPOSITORY" -e "GITHUB_ACTION_REF" -e "GITHUB_PATH" -e "GITHUB_ENV" -e "GITHUB_STEP_SUMMARY" -e "GITHUB_STATE" -e "GITHUB_OUTPUT" -e "RUNNER_OS" -e "RUNNER_ARCH" -e "RUNNER_NAME" -e "RUNNER_ENVIRONMENT" -e "RUNNER_TOOL_CACHE" -e "RUNNER_TEMP" -e "RUNNER_WORKSPACE" -e "ACTIONS_RUNTIME_URL" -e "ACTIONS_RUNTIME_TOKEN" -e "ACTIONS_CACHE_URL" -e "ACTIONS_RESULTS_URL" -e "ACTIONS_ORCHESTRATION_ID" -e GITHUB_ACTIONS=true -e CI=true -v "/var/run/docker.sock":"/var/run/docker.sock" -v "/home/runner/work/_temp":"/github/runner_temp" -v "/home/runner/work/_temp/_github_home":"/github/home" -v "/home/runner/work/_temp/_github_workflow":"/github/workflow" -v "/home/runner/work/_temp/_runner_file_commands":"/github/file_commands" -v "/home/runner/work/scratchattach/scratchattach":"/github/workspace" 48de2a:e9ea68e4527d4cc2a11070cb929bd69e
2026-02-06T02:26:32.7912040Z Will only process 24hrs logs before or equal to 2026-02-05T02:26:32Z
2026-02-06T02:26:32.7912784Z Searching Workflow Runs
2026-02-06T02:26:35.9660495Z Fetching Job IDs
2026-02-06T02:26:38.9437768Z mkdir: can't create directory '.logs': File exists
2026-02-06T02:26:38.9443251Z Writing logs for job 62702207950
2026-02-06T02:26:39.1313184Z Writing logs for job 62701913927
2026-02-06T02:26:39.3398563Z Writing logs for job 62666790770
2026-02-06T02:26:39.7268684Z Writing logs for job 62662247570
2026-02-06T02:26:40.0568861Z Writing logs for job 62653477042
2026-02-06T02:26:40.3259146Z Writing logs for job 62653471747
2026-02-06T02:26:40.5182462Z Writing logs for job 62619969173
2026-02-06T02:26:40.9244869Z Writing logs for job 62584598298
2026-02-06T02:26:41.3092738Z Writing logs for job 62573886326
2026-02-06T02:26:41.5604121Z Writing logs for job 62567372082
2026-02-06T02:26:41.8710267Z Writing logs for job 62567372100
2026-02-06T02:26:42.7942239Z Writing logs for job 62567372114
2026-02-06T02:26:43.2368647Z Logs Downloaded and saved!
2026-02-06T02:26:43.2369102Z Starting cleanup
2026-02-06T02:26:43.2374903Z cleanup Completed!!
2026-02-06T02:26:43.3515300Z ##[group]Run git config --global user.name 'Boss_1s [via Actions]'
2026-02-06T02:26:43.3515843Z [36;1mgit config --global user.name 'Boss_1s [via Actions]'[0m
2026-02-06T02:26:43.3516313Z [36;1mgit config --global user.email 'Boss-1s[auto]@users.noreply.github.com'[0m
2026-02-06T02:26:43.3516690Z [36;1m[0m
2026-02-06T02:26:43.3516881Z [36;1mgit pull origin main[0m
2026-02-06T02:26:43.3517094Z [36;1m[0m
2026-02-06T02:26:43.3517610Z [36;1mGIT_STATUS_OUTPUT=$(git status --porcelain)[0m
2026-02-06T02:26:43.3518067Z [36;1m[0m
2026-02-06T02:26:43.3518270Z [36;1mif [ -z "$GIT_STATUS_OUTPUT" ]; then[0m
2026-02-06T02:26:43.3518637Z [36;1m  echo "Git working tree is clean (no uncommitted changes)."[0m
2026-02-06T02:26:43.3518962Z [36;1m  exit 0[0m
2026-02-06T02:26:43.3519135Z [36;1melse[0m
2026-02-06T02:26:43.3519358Z [36;1m  echo "Git working tree has uncommitted changes:"[0m
2026-02-06T02:26:43.3519660Z [36;1m  echo "$GIT_STATUS_OUTPUT"[0m
2026-02-06T02:26:43.3520003Z [36;1m  echo "These changes will be pushed to the main branch."[0m
2026-02-06T02:26:43.3520313Z [36;1mfi[0m
2026-02-06T02:26:43.3520468Z [36;1m[0m
2026-02-06T02:26:43.3520616Z [36;1mgit add .[0m
2026-02-06T02:26:43.3520822Z [36;1mgit commit -m "[BOT] Download Logs"[0m
2026-02-06T02:26:43.3521074Z [36;1mgit push origin main[0m
2026-02-06T02:26:43.3557031Z shell: /usr/bin/bash -e {0}
2026-02-06T02:26:43.3557442Z ##[endgroup]
2026-02-06T02:26:43.4976326Z From https://github.com/Boss-1s/scratchattach
2026-02-06T02:26:43.4976839Z  * branch            main       -> FETCH_HEAD
2026-02-06T02:26:43.5048876Z Already up to date.
2026-02-06T02:26:44.1833916Z Git working tree has uncommitted changes:
2026-02-06T02:26:44.1834480Z ?? .logs/logs-62567372082-2026-02-06.txt
2026-02-06T02:26:44.1834903Z ?? .logs/logs-62567372100-2026-02-06.txt
2026-02-06T02:26:44.1835317Z ?? .logs/logs-62567372114-2026-02-06.txt
2026-02-06T02:26:44.1835770Z ?? .logs/logs-62573886326-2026-02-06.txt
2026-02-06T02:26:44.1836143Z ?? .logs/logs-62584598298-2026-02-06.txt
2026-02-06T02:26:44.1836405Z ?? .logs/logs-62619969173-2026-02-06.txt
2026-02-06T02:26:44.1836656Z ?? .logs/logs-62653471747-2026-02-06.txt
2026-02-06T02:26:44.1836885Z ?? .logs/logs-62653477042-2026-02-06.txt
2026-02-06T02:26:44.1837115Z ?? .logs/logs-62662247570-2026-02-06.txt
2026-02-06T02:26:44.1837597Z ?? .logs/logs-62666790770-2026-02-06.txt
2026-02-06T02:26:44.1837848Z ?? .logs/logs-62701913927-2026-02-06.txt
2026-02-06T02:26:44.1838074Z ?? .logs/logs-62702207950-2026-02-06.txt
2026-02-06T02:26:44.1838331Z These changes will be pushed to the main branch.
2026-02-06T02:26:44.5083586Z [main f56f4c5] [BOT] Download Logs
2026-02-06T02:26:44.5084109Z  12 files changed, 242758 insertions(+)
2026-02-06T02:26:44.5084632Z  create mode 100644 .logs/logs-62567372082-2026-02-06.txt
2026-02-06T02:26:44.5085043Z  create mode 100644 .logs/logs-62567372100-2026-02-06.txt
2026-02-06T02:26:44.5085434Z  create mode 100644 .logs/logs-62567372114-2026-02-06.txt
2026-02-06T02:26:44.5085830Z  create mode 100644 .logs/logs-62573886326-2026-02-06.txt
2026-02-06T02:26:44.5086189Z  create mode 100644 .logs/logs-62584598298-2026-02-06.txt
2026-02-06T02:26:44.5086547Z  create mode 100644 .logs/logs-62619969173-2026-02-06.txt
2026-02-06T02:26:44.5086904Z  create mode 100644 .logs/logs-62653471747-2026-02-06.txt
2026-02-06T02:26:44.5087528Z  create mode 100644 .logs/logs-62653477042-2026-02-06.txt
2026-02-06T02:26:44.5087904Z  create mode 100644 .logs/logs-62662247570-2026-02-06.txt
2026-02-06T02:26:44.5088265Z  create mode 100644 .logs/logs-62666790770-2026-02-06.txt
2026-02-06T02:26:44.5088617Z  create mode 100644 .logs/logs-62701913927-2026-02-06.txt
2026-02-06T02:26:44.5088973Z  create mode 100644 .logs/logs-62702207950-2026-02-06.txt
2026-02-06T02:26:46.8850850Z To https://github.com/Boss-1s/scratchattach
2026-02-06T02:26:46.8851234Z    e69daeb..f56f4c5  main -> main
2026-02-06T02:26:46.8966555Z Post job cleanup.
2026-02-06T02:26:46.9724706Z [command]/usr/bin/git version
2026-02-06T02:26:46.9760237Z git version 2.52.0
2026-02-06T02:26:46.9793262Z Copying '/home/runner/.gitconfig' to '/home/runner/work/_temp/8fef2e1d-5f5a-4a69-bab2-7312dbdaea18/.gitconfig'
2026-02-06T02:26:46.9801942Z Temporarily overriding HOME='/home/runner/work/_temp/8fef2e1d-5f5a-4a69-bab2-7312dbdaea18' before making global git config changes
2026-02-06T02:26:46.9803353Z Adding repository directory to the temporary git global config as a safe directory
2026-02-06T02:26:46.9807427Z [command]/usr/bin/git config --global --add safe.directory /home/runner/work/scratchattach/scratchattach
2026-02-06T02:26:46.9837093Z Removing SSH command configuration
2026-02-06T02:26:46.9843087Z [command]/usr/bin/git config --local --name-only --get-regexp core\.sshCommand
2026-02-06T02:26:46.9877487Z [command]/usr/bin/git submodule foreach --recursive sh -c "git config --local --name-only --get-regexp 'core\.sshCommand' && git config --local --unset-all 'core.sshCommand' || :"
2026-02-06T02:26:47.0101146Z Removing HTTP extra header
2026-02-06T02:26:47.0106308Z [command]/usr/bin/git config --local --name-only --get-regexp http\.https\:\/\/github\.com\/\.extraheader
2026-02-06T02:26:47.0139471Z [command]/usr/bin/git submodule foreach --recursive sh -c "git config --local --name-only --get-regexp 'http\.https\:\/\/github\.com\/\.extraheader' && git config --local --unset-all 'http.https://github.com/.extraheader' || :"
2026-02-06T02:26:47.0385371Z Removing includeIf entries pointing to credentials config files
2026-02-06T02:26:47.0397605Z [command]/usr/bin/git config --local --name-only --get-regexp ^includeIf\.gitdir:
2026-02-06T02:26:47.0420405Z includeif.gitdir:/home/runner/work/scratchattach/scratchattach/.git.path
2026-02-06T02:26:47.0421382Z includeif.gitdir:/home/runner/work/scratchattach/scratchattach/.git/worktrees/*.path
2026-02-06T02:26:47.0422167Z includeif.gitdir:/github/workspace/.git.path
2026-02-06T02:26:47.0422762Z includeif.gitdir:/github/workspace/.git/worktrees/*.path
2026-02-06T02:26:47.0430731Z [command]/usr/bin/git config --local --get-all includeif.gitdir:/home/runner/work/scratchattach/scratchattach/.git.path
2026-02-06T02:26:47.0451430Z /home/runner/work/_temp/git-credentials-e06c30f6-1ede-47d3-88e5-101959e5afe4.config
2026-02-06T02:26:47.0461258Z [command]/usr/bin/git config --local --unset includeif.gitdir:/home/runner/work/scratchattach/scratchattach/.git.path /home/runner/work/_temp/git-credentials-e06c30f6-1ede-47d3-88e5-101959e5afe4.config
2026-02-06T02:26:47.0495506Z [command]/usr/bin/git config --local --get-all includeif.gitdir:/home/runner/work/scratchattach/scratchattach/.git/worktrees/*.path
2026-02-06T02:26:47.0517669Z /home/runner/work/_temp/git-credentials-e06c30f6-1ede-47d3-88e5-101959e5afe4.config
2026-02-06T02:26:47.0527753Z [command]/usr/bin/git config --local --unset includeif.gitdir:/home/runner/work/scratchattach/scratchattach/.git/worktrees/*.path /home/runner/work/_temp/git-credentials-e06c30f6-1ede-47d3-88e5-101959e5afe4.config
2026-02-06T02:26:47.0558352Z [command]/usr/bin/git config --local --get-all includeif.gitdir:/github/workspace/.git.path
2026-02-06T02:26:47.0578903Z /github/runner_temp/git-credentials-e06c30f6-1ede-47d3-88e5-101959e5afe4.config
2026-02-06T02:26:47.0587782Z [command]/usr/bin/git config --local --unset includeif.gitdir:/github/workspace/.git.path /github/runner_temp/git-credentials-e06c30f6-1ede-47d3-88e5-101959e5afe4.config
2026-02-06T02:26:47.0618247Z [command]/usr/bin/git config --local --get-all includeif.gitdir:/github/workspace/.git/worktrees/*.path
2026-02-06T02:26:47.0638727Z /github/runner_temp/git-credentials-e06c30f6-1ede-47d3-88e5-101959e5afe4.config
2026-02-06T02:26:47.0648574Z [command]/usr/bin/git config --local --unset includeif.gitdir:/github/workspace/.git/worktrees/*.path /github/runner_temp/git-credentials-e06c30f6-1ede-47d3-88e5-101959e5afe4.config
2026-02-06T02:26:47.0680655Z [command]/usr/bin/git submodule foreach --recursive git config --local --show-origin --name-only --get-regexp remote.origin.url
2026-02-06T02:26:47.0901966Z Removing credentials config '/home/runner/work/_temp/git-credentials-e06c30f6-1ede-47d3-88e5-101959e5afe4.config'
2026-02-06T02:26:47.1019465Z Cleaning up orphan processes
