2025-12-23T15:05:41.3989579Z Current runner version: '2.330.0'
2025-12-23T15:05:41.4015907Z ##[group]Runner Image Provisioner
2025-12-23T15:05:41.4017019Z Hosted Compute Agent
2025-12-23T15:05:41.4017551Z Version: 20251211.462
2025-12-23T15:05:41.4018103Z Commit: 6cbad8c2bb55d58165063d031ccabf57e2d2db61
2025-12-23T15:05:41.4018771Z Build Date: 2025-12-11T16:28:49Z
2025-12-23T15:05:41.4019339Z Worker ID: {27415a63-5b1b-49d6-a9c2-5cede9374cc4}
2025-12-23T15:05:41.4019997Z ##[endgroup]
2025-12-23T15:05:41.4020447Z ##[group]Operating System
2025-12-23T15:05:41.4020983Z Microsoft Windows Server 2025
2025-12-23T15:05:41.4021535Z 10.0.26100
2025-12-23T15:05:41.4021924Z Datacenter
2025-12-23T15:05:41.4022344Z ##[endgroup]
2025-12-23T15:05:41.4022782Z ##[group]Runner Image
2025-12-23T15:05:41.4023269Z Image: windows-2025
2025-12-23T15:05:41.4023697Z Version: 20251216.149.1
2025-12-23T15:05:41.4025074Z Included Software: https://github.com/actions/runner-images/blob/win25/20251216.149/images/windows/Windows2025-Readme.md
2025-12-23T15:05:41.4026461Z Image Release: https://github.com/actions/runner-images/releases/tag/win25%2F20251216.149
2025-12-23T15:05:41.4027554Z ##[endgroup]
2025-12-23T15:05:41.4030472Z ##[group]GITHUB_TOKEN Permissions
2025-12-23T15:05:41.4032832Z Actions: write
2025-12-23T15:05:41.4033320Z ArtifactMetadata: write
2025-12-23T15:05:41.4033836Z Attestations: write
2025-12-23T15:05:41.4034269Z Checks: write
2025-12-23T15:05:41.4034729Z Contents: write
2025-12-23T15:05:41.4035164Z Deployments: write
2025-12-23T15:05:41.4035628Z Discussions: write
2025-12-23T15:05:41.4036114Z Issues: write
2025-12-23T15:05:41.4036539Z Metadata: read
2025-12-23T15:05:41.4036992Z Models: read
2025-12-23T15:05:41.4037426Z Packages: write
2025-12-23T15:05:41.4037890Z Pages: write
2025-12-23T15:05:41.4038292Z PullRequests: write
2025-12-23T15:05:41.4039003Z RepositoryProjects: write
2025-12-23T15:05:41.4039582Z SecurityEvents: write
2025-12-23T15:05:41.4040021Z Statuses: write
2025-12-23T15:05:41.4040571Z ##[endgroup]
2025-12-23T15:05:41.4042795Z Secret source: Actions
2025-12-23T15:05:41.4043438Z Prepare workflow directory
2025-12-23T15:05:41.4443510Z Prepare all required actions
2025-12-23T15:05:41.4481787Z Getting action download info
2025-12-23T15:05:41.7763076Z Download action repository 'actions/checkout@v6.0.1' (SHA:8e8c483db84b4bee98b60c0593521ed34d9990e8)
2025-12-23T15:05:41.9035671Z Download action repository 'actions/setup-python@v6.1.0' (SHA:83679a892e2d95755f2dac6acb0bfd1e9ac5d548)
2025-12-23T15:05:42.1821397Z Complete job name: build (3.12, windows-latest)
2025-12-23T15:05:42.3077518Z ##[group]Run actions/checkout@v6.0.1
2025-12-23T15:05:42.3078988Z with:
2025-12-23T15:05:42.3079399Z   ref: scratch_chat_dev
2025-12-23T15:05:42.3079829Z   repository: Boss-1s/scratchattach
2025-12-23T15:05:42.3080518Z   token: ***
2025-12-23T15:05:42.3080872Z   ssh-strict: true
2025-12-23T15:05:42.3081224Z   ssh-user: git
2025-12-23T15:05:42.3081595Z   persist-credentials: true
2025-12-23T15:05:42.3081999Z   clean: true
2025-12-23T15:05:42.3082398Z   sparse-checkout-cone-mode: true
2025-12-23T15:05:42.3082835Z   fetch-depth: 1
2025-12-23T15:05:42.3083192Z   fetch-tags: false
2025-12-23T15:05:42.3083551Z   show-progress: true
2025-12-23T15:05:42.3083934Z   lfs: false
2025-12-23T15:05:42.3084286Z   submodules: false
2025-12-23T15:05:42.3084661Z   set-safe-directory: true
2025-12-23T15:05:42.3085343Z ##[endgroup]
2025-12-23T15:05:42.4514352Z Syncing repository: Boss-1s/scratchattach
2025-12-23T15:05:42.4516156Z ##[group]Getting Git version info
2025-12-23T15:05:42.4516871Z Working directory is 'D:\a\scratchattach\scratchattach'
2025-12-23T15:05:42.5474440Z [command]"C:\Program Files\Git\bin\git.exe" version
2025-12-23T15:05:42.7108455Z git version 2.52.0.windows.1
2025-12-23T15:05:42.7168166Z ##[endgroup]
2025-12-23T15:05:42.7188148Z Temporarily overriding HOME='D:\a\_temp\ef658807-44bc-4f17-9028-ec85e823d023' before making global git config changes
2025-12-23T15:05:42.7189837Z Adding repository directory to the temporary git global config as a safe directory
2025-12-23T15:05:42.7199054Z [command]"C:\Program Files\Git\bin\git.exe" config --global --add safe.directory D:\a\scratchattach\scratchattach
2025-12-23T15:05:42.7537042Z Deleting the contents of 'D:\a\scratchattach\scratchattach'
2025-12-23T15:05:42.7543558Z ##[group]Initializing the repository
2025-12-23T15:05:42.7552001Z [command]"C:\Program Files\Git\bin\git.exe" init D:\a\scratchattach\scratchattach
2025-12-23T15:05:42.8031600Z Initialized empty Git repository in D:/a/scratchattach/scratchattach/.git/
2025-12-23T15:05:42.8076195Z [command]"C:\Program Files\Git\bin\git.exe" remote add origin https://github.com/Boss-1s/scratchattach
2025-12-23T15:05:42.8426440Z ##[endgroup]
2025-12-23T15:05:42.8427186Z ##[group]Disabling automatic garbage collection
2025-12-23T15:05:42.8434731Z [command]"C:\Program Files\Git\bin\git.exe" config --local gc.auto 0
2025-12-23T15:05:42.8732969Z ##[endgroup]
2025-12-23T15:05:42.8734070Z ##[group]Setting up auth
2025-12-23T15:05:42.8735198Z Removing SSH command configuration
2025-12-23T15:05:42.8745768Z [command]"C:\Program Files\Git\bin\git.exe" config --local --name-only --get-regexp core\.sshCommand
2025-12-23T15:05:42.9053675Z [command]"C:\Program Files\Git\bin\git.exe" submodule foreach --recursive "sh -c \"git config --local --name-only --get-regexp 'core\.sshCommand' && git config --local --unset-all 'core.sshCommand' || :\""
2025-12-23T15:05:43.8167941Z Removing HTTP extra header
2025-12-23T15:05:43.8177209Z [command]"C:\Program Files\Git\bin\git.exe" config --local --name-only --get-regexp http\.https\:\/\/github\.com\/\.extraheader
2025-12-23T15:05:43.8480483Z [command]"C:\Program Files\Git\bin\git.exe" submodule foreach --recursive "sh -c \"git config --local --name-only --get-regexp 'http\.https\:\/\/github\.com\/\.extraheader' && git config --local --unset-all 'http.https://github.com/.extraheader' || :\""
2025-12-23T15:05:44.3766142Z Removing includeIf entries pointing to credentials config files
2025-12-23T15:05:44.3767319Z [command]"C:\Program Files\Git\bin\git.exe" config --local --name-only --get-regexp ^includeIf\.gitdir:
2025-12-23T15:05:44.4168908Z [command]"C:\Program Files\Git\bin\git.exe" submodule foreach --recursive "git config --local --show-origin --name-only --get-regexp remote.origin.url"
2025-12-23T15:05:44.9592974Z [command]"C:\Program Files\Git\bin\git.exe" config --file D:\a\_temp\git-credentials-9fc452b3-2341-4559-855b-fd6af26f9064.config http.https://github.com/.extraheader "AUTHORIZATION: basic ***"
2025-12-23T15:05:44.9933754Z [command]"C:\Program Files\Git\bin\git.exe" config --local includeIf.gitdir:D:/a/scratchattach/scratchattach/.git.path D:\a\_temp\git-credentials-9fc452b3-2341-4559-855b-fd6af26f9064.config
2025-12-23T15:05:45.0259088Z [command]"C:\Program Files\Git\bin\git.exe" config --local includeIf.gitdir:D:/a/scratchattach/scratchattach/.git/worktrees/*.path D:\a\_temp\git-credentials-9fc452b3-2341-4559-855b-fd6af26f9064.config
2025-12-23T15:05:45.0574658Z [command]"C:\Program Files\Git\bin\git.exe" config --local includeIf.gitdir:/github/workspace/.git.path /github/runner_temp/git-credentials-9fc452b3-2341-4559-855b-fd6af26f9064.config
2025-12-23T15:05:45.0889571Z [command]"C:\Program Files\Git\bin\git.exe" config --local includeIf.gitdir:/github/workspace/.git/worktrees/*.path /github/runner_temp/git-credentials-9fc452b3-2341-4559-855b-fd6af26f9064.config
2025-12-23T15:05:45.1200280Z ##[endgroup]
2025-12-23T15:05:45.1200911Z ##[group]Fetching the repository
2025-12-23T15:05:45.1215626Z [command]"C:\Program Files\Git\bin\git.exe" -c protocol.version=2 fetch --no-tags --prune --no-recurse-submodules --depth=1 origin +refs/heads/scratch_chat_dev*:refs/remotes/origin/scratch_chat_dev* +refs/tags/scratch_chat_dev*:refs/tags/scratch_chat_dev*
2025-12-23T15:05:47.4186361Z From https://github.com/Boss-1s/scratchattach
2025-12-23T15:05:47.4187147Z  * [new branch]      scratch_chat_dev -> origin/scratch_chat_dev
2025-12-23T15:05:47.4395095Z ##[endgroup]
2025-12-23T15:05:47.4396451Z ##[group]Determining the checkout info
2025-12-23T15:05:47.4412433Z [command]"C:\Program Files\Git\bin\git.exe" branch --list --remote origin/scratch_chat_dev
2025-12-23T15:05:47.4701804Z   origin/scratch_chat_dev
2025-12-23T15:05:47.4735482Z ##[endgroup]
2025-12-23T15:05:47.4744720Z [command]"C:\Program Files\Git\bin\git.exe" sparse-checkout disable
2025-12-23T15:05:47.5105063Z [command]"C:\Program Files\Git\bin\git.exe" config --local --unset-all extensions.worktreeConfig
2025-12-23T15:05:47.5398898Z ##[group]Checking out the ref
2025-12-23T15:05:47.5408403Z [command]"C:\Program Files\Git\bin\git.exe" checkout --progress --force -B scratch_chat_dev refs/remotes/origin/scratch_chat_dev
2025-12-23T15:05:48.6707389Z Updating files:  83% (1901/2269)
2025-12-23T15:05:48.6788043Z Updating files:  84% (1906/2269)
2025-12-23T15:05:48.6895518Z Updating files:  85% (1929/2269)
2025-12-23T15:05:48.6987476Z Updating files:  86% (1952/2269)
2025-12-23T15:05:48.7072538Z Updating files:  87% (1975/2269)
2025-12-23T15:05:48.7195540Z Updating files:  88% (1997/2269)
2025-12-23T15:05:48.7284858Z Updating files:  89% (2020/2269)
2025-12-23T15:05:48.7395248Z Updating files:  90% (2043/2269)
2025-12-23T15:05:48.7496647Z Updating files:  91% (2065/2269)
2025-12-23T15:05:48.7580441Z Updating files:  92% (2088/2269)
2025-12-23T15:05:48.7672709Z Updating files:  93% (2111/2269)
2025-12-23T15:05:48.7756376Z Updating files:  94% (2133/2269)
2025-12-23T15:05:48.7846617Z Updating files:  95% (2156/2269)
2025-12-23T15:05:48.7927184Z Updating files:  96% (2179/2269)
2025-12-23T15:05:48.8098079Z Updating files:  97% (2201/2269)
2025-12-23T15:05:48.8210971Z Updating files:  98% (2224/2269)
2025-12-23T15:05:48.8273256Z Updating files:  99% (2247/2269)
2025-12-23T15:05:48.8273615Z Updating files: 100% (2269/2269)
2025-12-23T15:05:48.8273935Z Updating files: 100% (2269/2269), done.
2025-12-23T15:05:48.8448762Z branch 'scratch_chat_dev' set up to track 'origin/scratch_chat_dev'.
2025-12-23T15:05:48.8464586Z Switched to a new branch 'scratch_chat_dev'
2025-12-23T15:05:48.8603396Z ##[endgroup]
2025-12-23T15:05:48.8938199Z [command]"C:\Program Files\Git\bin\git.exe" log -1 --format=%H
2025-12-23T15:05:48.9213203Z 16a62e97f3ec191fa4c688d568866b72cdfc6ad4
2025-12-23T15:05:48.9636314Z ##[group]Run actions/setup-python@v6.1.0
2025-12-23T15:05:48.9636611Z with:
2025-12-23T15:05:48.9636771Z   python-version: 3.12
2025-12-23T15:05:48.9636947Z   check-latest: false
2025-12-23T15:05:48.9637247Z   token: ***
2025-12-23T15:05:48.9637416Z   update-environment: true
2025-12-23T15:05:48.9637625Z   allow-prereleases: false
2025-12-23T15:05:48.9637807Z   freethreaded: false
2025-12-23T15:05:48.9637965Z ##[endgroup]
2025-12-23T15:05:49.1296647Z ##[group]Installed versions
2025-12-23T15:05:49.1440637Z (node:9936) [DEP0040] DeprecationWarning: The `punycode` module is deprecated. Please use a userland alternative instead.
2025-12-23T15:05:49.1441775Z (Use `node --trace-deprecation ...` to show where the warning was created)
2025-12-23T15:05:49.1442449Z Successfully set up CPython (3.12.10)
2025-12-23T15:05:49.1443222Z ##[endgroup]
2025-12-23T15:05:49.1703948Z ##[group]Run cd test
2025-12-23T15:05:49.1704354Z [36;1mcd test[0m
2025-12-23T15:05:49.1704641Z [36;1mpython3 test5.py[0m
2025-12-23T15:05:49.1841478Z shell: C:\Program Files\PowerShell\7\pwsh.EXE -command ". '{0}'"
2025-12-23T15:05:49.1841788Z env:
2025-12-23T15:05:49.1842027Z   pythonLocation: C:\hostedtoolcache\windows\Python\3.12.10\x64
2025-12-23T15:05:49.1842443Z   PKG_CONFIG_PATH: C:\hostedtoolcache\windows\Python\3.12.10\x64/lib/pkgconfig
2025-12-23T15:05:49.1842834Z   Python_ROOT_DIR: C:\hostedtoolcache\windows\Python\3.12.10\x64
2025-12-23T15:05:49.1843208Z   Python2_ROOT_DIR: C:\hostedtoolcache\windows\Python\3.12.10\x64
2025-12-23T15:05:49.1843548Z   Python3_ROOT_DIR: C:\hostedtoolcache\windows\Python\3.12.10\x64
2025-12-23T15:05:49.1843815Z ##[endgroup]
2025-12-23T15:05:56.2013459Z   File "D:\a\scratchattach\scratchattach\test\test5.py", line 1
2025-12-23T15:05:56.2014329Z     from ../key_multivalue_storage import Storage as s
2025-12-23T15:05:56.2014698Z            ^
2025-12-23T15:05:56.2014889Z SyntaxError: invalid syntax
2025-12-23T15:05:56.5504799Z ##[error]Process completed with exit code 1.
2025-12-23T15:05:56.5714564Z Post job cleanup.
2025-12-23T15:05:56.7912689Z [command]"C:\Program Files\Git\bin\git.exe" version
2025-12-23T15:05:56.8204197Z git version 2.52.0.windows.1
2025-12-23T15:05:56.8275390Z Temporarily overriding HOME='D:\a\_temp\a2771cd1-211b-4483-bdaa-3091b1b4a0ac' before making global git config changes
2025-12-23T15:05:56.8276091Z Adding repository directory to the temporary git global config as a safe directory
2025-12-23T15:05:56.8289126Z [command]"C:\Program Files\Git\bin\git.exe" config --global --add safe.directory D:\a\scratchattach\scratchattach
2025-12-23T15:05:56.8613569Z Removing SSH command configuration
2025-12-23T15:05:56.8625438Z [command]"C:\Program Files\Git\bin\git.exe" config --local --name-only --get-regexp core\.sshCommand
2025-12-23T15:05:56.8953136Z [command]"C:\Program Files\Git\bin\git.exe" submodule foreach --recursive "sh -c \"git config --local --name-only --get-regexp 'core\.sshCommand' && git config --local --unset-all 'core.sshCommand' || :\""
2025-12-23T15:05:57.4561562Z Removing HTTP extra header
2025-12-23T15:05:57.4571094Z [command]"C:\Program Files\Git\bin\git.exe" config --local --name-only --get-regexp http\.https\:\/\/github\.com\/\.extraheader
2025-12-23T15:05:57.4888126Z [command]"C:\Program Files\Git\bin\git.exe" submodule foreach --recursive "sh -c \"git config --local --name-only --get-regexp 'http\.https\:\/\/github\.com\/\.extraheader' && git config --local --unset-all 'http.https://github.com/.extraheader' || :\""
2025-12-23T15:05:58.0298901Z Removing includeIf entries pointing to credentials config files
2025-12-23T15:05:58.0311030Z [command]"C:\Program Files\Git\bin\git.exe" config --local --name-only --get-regexp ^includeIf\.gitdir:
2025-12-23T15:05:58.0585488Z includeif.gitdir:D:/a/scratchattach/scratchattach/.git.path
2025-12-23T15:05:58.0586291Z includeif.gitdir:D:/a/scratchattach/scratchattach/.git/worktrees/*.path
2025-12-23T15:05:58.0586971Z includeif.gitdir:/github/workspace/.git.path
2025-12-23T15:05:58.0587927Z includeif.gitdir:/github/workspace/.git/worktrees/*.path
2025-12-23T15:05:58.0630233Z [command]"C:\Program Files\Git\bin\git.exe" config --local --get-all includeif.gitdir:D:/a/scratchattach/scratchattach/.git.path
2025-12-23T15:05:58.0900338Z D:\a\_temp\git-credentials-9fc452b3-2341-4559-855b-fd6af26f9064.config
2025-12-23T15:05:58.0945273Z [command]"C:\Program Files\Git\bin\git.exe" config --local --unset includeif.gitdir:D:/a/scratchattach/scratchattach/.git.path D:\a\_temp\git-credentials-9fc452b3-2341-4559-855b-fd6af26f9064.config
2025-12-23T15:05:58.1254966Z [command]"C:\Program Files\Git\bin\git.exe" config --local --get-all includeif.gitdir:D:/a/scratchattach/scratchattach/.git/worktrees/*.path
2025-12-23T15:05:58.1525260Z D:\a\_temp\git-credentials-9fc452b3-2341-4559-855b-fd6af26f9064.config
2025-12-23T15:05:58.1565986Z [command]"C:\Program Files\Git\bin\git.exe" config --local --unset includeif.gitdir:D:/a/scratchattach/scratchattach/.git/worktrees/*.path D:\a\_temp\git-credentials-9fc452b3-2341-4559-855b-fd6af26f9064.config
2025-12-23T15:05:58.1873264Z [command]"C:\Program Files\Git\bin\git.exe" config --local --get-all includeif.gitdir:/github/workspace/.git.path
2025-12-23T15:05:58.2141684Z /github/runner_temp/git-credentials-9fc452b3-2341-4559-855b-fd6af26f9064.config
2025-12-23T15:05:58.2181278Z [command]"C:\Program Files\Git\bin\git.exe" config --local --unset includeif.gitdir:/github/workspace/.git.path /github/runner_temp/git-credentials-9fc452b3-2341-4559-855b-fd6af26f9064.config
2025-12-23T15:05:58.2485674Z [command]"C:\Program Files\Git\bin\git.exe" config --local --get-all includeif.gitdir:/github/workspace/.git/worktrees/*.path
2025-12-23T15:05:58.2745564Z /github/runner_temp/git-credentials-9fc452b3-2341-4559-855b-fd6af26f9064.config
2025-12-23T15:05:58.2784534Z [command]"C:\Program Files\Git\bin\git.exe" config --local --unset includeif.gitdir:/github/workspace/.git/worktrees/*.path /github/runner_temp/git-credentials-9fc452b3-2341-4559-855b-fd6af26f9064.config
2025-12-23T15:05:58.3094543Z [command]"C:\Program Files\Git\bin\git.exe" submodule foreach --recursive "git config --local --show-origin --name-only --get-regexp remote.origin.url"
2025-12-23T15:05:58.8417123Z Removing credentials config 'D:\a\_temp\git-credentials-9fc452b3-2341-4559-855b-fd6af26f9064.config'
2025-12-23T15:05:58.8589081Z Cleaning up orphan processes
