2025-09-08T18:46:33.5606087Z Current runner version: '2.328.0'
2025-09-08T18:46:33.5638637Z ##[group]Runner Image Provisioner
2025-09-08T18:46:33.5639904Z Hosted Compute Agent
2025-09-08T18:46:33.5641020Z Version: 20250908.385
2025-09-08T18:46:33.5642008Z Commit: cfce01a78eb650f23de9981e2e79cb8dc83e6056
2025-09-08T18:46:33.5643170Z Build Date: 2025-09-08T16:07:37Z
2025-09-08T18:46:33.5644219Z ##[endgroup]
2025-09-08T18:46:33.5645043Z ##[group]Operating System
2025-09-08T18:46:33.5645915Z Ubuntu
2025-09-08T18:46:33.5646817Z 24.04.3
2025-09-08T18:46:33.5647567Z LTS
2025-09-08T18:46:33.5648283Z ##[endgroup]
2025-09-08T18:46:33.5649153Z ##[group]Runner Image
2025-09-08T18:46:33.5650083Z Image: ubuntu-24.04
2025-09-08T18:46:33.5651098Z Version: 20250831.1.0
2025-09-08T18:46:33.5652851Z Included Software: https://github.com/actions/runner-images/blob/ubuntu24/20250831.1/images/ubuntu/Ubuntu2404-Readme.md
2025-09-08T18:46:33.5655452Z Image Release: https://github.com/actions/runner-images/releases/tag/ubuntu24%2F20250831.1
2025-09-08T18:46:33.5657186Z ##[endgroup]
2025-09-08T18:46:33.5661655Z ##[group]GITHUB_TOKEN Permissions
2025-09-08T18:46:33.5664411Z Actions: write
2025-09-08T18:46:33.5665261Z Attestations: write
2025-09-08T18:46:33.5666171Z Checks: write
2025-09-08T18:46:33.5667066Z Contents: write
2025-09-08T18:46:33.5667844Z Deployments: write
2025-09-08T18:46:33.5668746Z Discussions: write
2025-09-08T18:46:33.5669611Z Issues: write
2025-09-08T18:46:33.5670595Z Metadata: read
2025-09-08T18:46:33.5671557Z Models: read
2025-09-08T18:46:33.5672326Z Packages: write
2025-09-08T18:46:33.5673080Z Pages: write
2025-09-08T18:46:33.5674032Z PullRequests: write
2025-09-08T18:46:33.5674856Z RepositoryProjects: write
2025-09-08T18:46:33.5675753Z SecurityEvents: write
2025-09-08T18:46:33.5676938Z Statuses: write
2025-09-08T18:46:33.5677805Z ##[endgroup]
2025-09-08T18:46:33.5681059Z Secret source: Actions
2025-09-08T18:46:33.5682285Z Prepare workflow directory
2025-09-08T18:46:33.6142792Z Prepare all required actions
2025-09-08T18:46:33.6198286Z Getting action download info
2025-09-08T18:46:33.9729073Z Download action repository 'actions/checkout@v5.0.0' (SHA:08c6903cd8c0fde910a37f88322edcfb5dd907a8)
2025-09-08T18:46:34.1701424Z Download action repository 'actions/setup-python@v6.0.0' (SHA:e797f83bcb11b83ae66e0230d6156d7c80228e7c)
2025-09-08T18:46:34.4195987Z Download action repository 'bossOfCode/install-scratchattach@v1.0.3' (SHA:be17a7cf1ecb5a7040eb42ef26c2e1fbe72bb25a)
2025-09-08T18:46:34.9379210Z Complete job name: Run 1
2025-09-08T18:46:35.0183626Z ##[group]Run actions/checkout@v5.0.0
2025-09-08T18:46:35.0185015Z with:
2025-09-08T18:46:35.0185718Z   ref: main
2025-09-08T18:46:35.0186502Z   repository: Boss-1s/scratchattach
2025-09-08T18:46:35.0187861Z   token: ***
2025-09-08T18:46:35.0188633Z   ssh-strict: true
2025-09-08T18:46:35.0189397Z   ssh-user: git
2025-09-08T18:46:35.0190192Z   persist-credentials: true
2025-09-08T18:46:35.0191246Z   clean: true
2025-09-08T18:46:35.0192043Z   sparse-checkout-cone-mode: true
2025-09-08T18:46:35.0193014Z   fetch-depth: 1
2025-09-08T18:46:35.0193824Z   fetch-tags: false
2025-09-08T18:46:35.0194623Z   show-progress: true
2025-09-08T18:46:35.0195419Z   lfs: false
2025-09-08T18:46:35.0196144Z   submodules: false
2025-09-08T18:46:35.0196942Z   set-safe-directory: true
2025-09-08T18:46:35.0198074Z ##[endgroup]
2025-09-08T18:46:35.1176612Z Syncing repository: Boss-1s/scratchattach
2025-09-08T18:46:35.1179263Z ##[group]Getting Git version info
2025-09-08T18:46:35.1181300Z Working directory is '/home/runner/work/scratchattach/scratchattach'
2025-09-08T18:46:35.1183408Z [command]/usr/bin/git version
2025-09-08T18:46:35.1244089Z git version 2.51.0
2025-09-08T18:46:35.1266319Z ##[endgroup]
2025-09-08T18:46:35.1281271Z Temporarily overriding HOME='/home/runner/work/_temp/5369b17a-12db-4262-968c-06d39c473cce' before making global git config changes
2025-09-08T18:46:35.1284056Z Adding repository directory to the temporary git global config as a safe directory
2025-09-08T18:46:35.1287432Z [command]/usr/bin/git config --global --add safe.directory /home/runner/work/scratchattach/scratchattach
2025-09-08T18:46:35.1325932Z Deleting the contents of '/home/runner/work/scratchattach/scratchattach'
2025-09-08T18:46:35.1329687Z ##[group]Initializing the repository
2025-09-08T18:46:35.1334527Z [command]/usr/bin/git init /home/runner/work/scratchattach/scratchattach
2025-09-08T18:46:35.1469547Z hint: Using 'master' as the name for the initial branch. This default branch name
2025-09-08T18:46:35.1471918Z hint: is subject to change. To configure the initial branch name to use in all
2025-09-08T18:46:35.1474237Z hint: of your new repositories, which will suppress this warning, call:
2025-09-08T18:46:35.1475689Z hint:
2025-09-08T18:46:35.1476653Z hint: 	git config --global init.defaultBranch <name>
2025-09-08T18:46:35.1477877Z hint:
2025-09-08T18:46:35.1479804Z hint: Names commonly chosen instead of 'master' are 'main', 'trunk' and
2025-09-08T18:46:35.1482057Z hint: 'development'. The just-created branch can be renamed via this command:
2025-09-08T18:46:35.1483469Z hint:
2025-09-08T18:46:35.1484385Z hint: 	git branch -m <name>
2025-09-08T18:46:35.1485488Z hint:
2025-09-08T18:46:35.1486823Z hint: Disable this message with "git config set advice.defaultBranchName false"
2025-09-08T18:46:35.1488892Z Initialized empty Git repository in /home/runner/work/scratchattach/scratchattach/.git/
2025-09-08T18:46:35.1492364Z [command]/usr/bin/git remote add origin https://github.com/Boss-1s/scratchattach
2025-09-08T18:46:35.1526248Z ##[endgroup]
2025-09-08T18:46:35.1527640Z ##[group]Disabling automatic garbage collection
2025-09-08T18:46:35.1529442Z [command]/usr/bin/git config --local gc.auto 0
2025-09-08T18:46:35.1560573Z ##[endgroup]
2025-09-08T18:46:35.1562848Z ##[group]Setting up auth
2025-09-08T18:46:35.1567900Z [command]/usr/bin/git config --local --name-only --get-regexp core\.sshCommand
2025-09-08T18:46:35.1599787Z [command]/usr/bin/git submodule foreach --recursive sh -c "git config --local --name-only --get-regexp 'core\.sshCommand' && git config --local --unset-all 'core.sshCommand' || :"
2025-09-08T18:46:35.1919046Z [command]/usr/bin/git config --local --name-only --get-regexp http\.https\:\/\/github\.com\/\.extraheader
2025-09-08T18:46:35.1949981Z [command]/usr/bin/git submodule foreach --recursive sh -c "git config --local --name-only --get-regexp 'http\.https\:\/\/github\.com\/\.extraheader' && git config --local --unset-all 'http.https://github.com/.extraheader' || :"
2025-09-08T18:46:35.2169206Z [command]/usr/bin/git config --local http.https://github.com/.extraheader AUTHORIZATION: basic ***
2025-09-08T18:46:35.2204997Z ##[endgroup]
2025-09-08T18:46:35.2207168Z ##[group]Fetching the repository
2025-09-08T18:46:35.2215932Z [command]/usr/bin/git -c protocol.version=2 fetch --no-tags --prune --no-recurse-submodules --depth=1 origin +refs/heads/main*:refs/remotes/origin/main* +refs/tags/main*:refs/tags/main*
2025-09-08T18:46:35.6506510Z From https://github.com/Boss-1s/scratchattach
2025-09-08T18:46:35.6507921Z  * [new branch]      main       -> origin/main
2025-09-08T18:46:35.6537903Z ##[endgroup]
2025-09-08T18:46:35.6540146Z ##[group]Determining the checkout info
2025-09-08T18:46:35.6546098Z [command]/usr/bin/git branch --list --remote origin/main
2025-09-08T18:46:35.6569599Z   origin/main
2025-09-08T18:46:35.6575414Z ##[endgroup]
2025-09-08T18:46:35.6578870Z [command]/usr/bin/git sparse-checkout disable
2025-09-08T18:46:35.6619883Z [command]/usr/bin/git config --local --unset-all extensions.worktreeConfig
2025-09-08T18:46:35.6645923Z ##[group]Checking out the ref
2025-09-08T18:46:35.6649162Z [command]/usr/bin/git checkout --progress --force -B main refs/remotes/origin/main
2025-09-08T18:46:35.7398206Z Switched to a new branch 'main'
2025-09-08T18:46:35.7400207Z branch 'main' set up to track 'origin/main'.
2025-09-08T18:46:35.7412734Z ##[endgroup]
2025-09-08T18:46:35.7451599Z [command]/usr/bin/git log -1 --format=%H
2025-09-08T18:46:35.7474663Z adc021de68102d448f7956d888875f3b7de2c741
2025-09-08T18:46:35.7757034Z ##[group]Run actions/setup-python@v6.0.0
2025-09-08T18:46:35.7758271Z with:
2025-09-08T18:46:35.7758968Z   python-version: 3.13
2025-09-08T18:46:35.7759760Z   check-latest: false
2025-09-08T18:46:35.7760913Z   token: ***
2025-09-08T18:46:35.7761674Z   update-environment: true
2025-09-08T18:46:35.7762549Z   allow-prereleases: false
2025-09-08T18:46:35.7763410Z   freethreaded: false
2025-09-08T18:46:35.7764175Z ##[endgroup]
2025-09-08T18:46:35.9065061Z ##[group]Installed versions
2025-09-08T18:46:35.9163213Z (node:2057) [DEP0040] DeprecationWarning: The `punycode` module is deprecated. Please use a userland alternative instead.
2025-09-08T18:46:35.9167125Z (Use `node --trace-deprecation ...` to show where the warning was created)
2025-09-08T18:46:35.9169340Z Successfully set up CPython (3.13.7)
2025-09-08T18:46:35.9175422Z ##[endgroup]
2025-09-08T18:46:35.9356557Z ##[group]Run bossOfCode/install-scratchattach@v1.0.3
2025-09-08T18:46:35.9357657Z env:
2025-09-08T18:46:35.9358528Z   pythonLocation: /opt/hostedtoolcache/Python/3.13.7/x64
2025-09-08T18:46:35.9360021Z   PKG_CONFIG_PATH: /opt/hostedtoolcache/Python/3.13.7/x64/lib/pkgconfig
2025-09-08T18:46:35.9361667Z   Python_ROOT_DIR: /opt/hostedtoolcache/Python/3.13.7/x64
2025-09-08T18:46:35.9362955Z   Python2_ROOT_DIR: /opt/hostedtoolcache/Python/3.13.7/x64
2025-09-08T18:46:35.9364266Z   Python3_ROOT_DIR: /opt/hostedtoolcache/Python/3.13.7/x64
2025-09-08T18:46:35.9365594Z   LD_LIBRARY_PATH: /opt/hostedtoolcache/Python/3.13.7/x64/lib
2025-09-08T18:46:35.9366703Z ##[endgroup]
2025-09-08T18:46:35.9462762Z ##[group]Run python3 -m pip install --upgrade pip
2025-09-08T18:46:35.9464007Z [36;1mpython3 -m pip install --upgrade pip[0m
2025-09-08T18:46:35.9535574Z shell: /usr/bin/bash --noprofile --norc -e -o pipefail {0}
2025-09-08T18:46:35.9536738Z env:
2025-09-08T18:46:35.9537661Z   pythonLocation: /opt/hostedtoolcache/Python/3.13.7/x64
2025-09-08T18:46:35.9539104Z   PKG_CONFIG_PATH: /opt/hostedtoolcache/Python/3.13.7/x64/lib/pkgconfig
2025-09-08T18:46:35.9540705Z   Python_ROOT_DIR: /opt/hostedtoolcache/Python/3.13.7/x64
2025-09-08T18:46:35.9542033Z   Python2_ROOT_DIR: /opt/hostedtoolcache/Python/3.13.7/x64
2025-09-08T18:46:35.9543327Z   Python3_ROOT_DIR: /opt/hostedtoolcache/Python/3.13.7/x64
2025-09-08T18:46:35.9544643Z   LD_LIBRARY_PATH: /opt/hostedtoolcache/Python/3.13.7/x64/lib
2025-09-08T18:46:35.9545776Z ##[endgroup]
2025-09-08T18:46:37.1024953Z Requirement already satisfied: pip in /opt/hostedtoolcache/Python/3.13.7/x64/lib/python3.13/site-packages (25.2)
2025-09-08T18:46:37.2982011Z ##[group]Run pip install -U scratchattach
2025-09-08T18:46:37.2982372Z [36;1mpip install -U scratchattach[0m
2025-09-08T18:46:37.3012651Z shell: /usr/bin/bash --noprofile --norc -e -o pipefail {0}
2025-09-08T18:46:37.3012988Z env:
2025-09-08T18:46:37.3013256Z   pythonLocation: /opt/hostedtoolcache/Python/3.13.7/x64
2025-09-08T18:46:37.3013679Z   PKG_CONFIG_PATH: /opt/hostedtoolcache/Python/3.13.7/x64/lib/pkgconfig
2025-09-08T18:46:37.3014086Z   Python_ROOT_DIR: /opt/hostedtoolcache/Python/3.13.7/x64
2025-09-08T18:46:37.3014453Z   Python2_ROOT_DIR: /opt/hostedtoolcache/Python/3.13.7/x64
2025-09-08T18:46:37.3014831Z   Python3_ROOT_DIR: /opt/hostedtoolcache/Python/3.13.7/x64
2025-09-08T18:46:37.3015204Z   LD_LIBRARY_PATH: /opt/hostedtoolcache/Python/3.13.7/x64/lib
2025-09-08T18:46:37.3015512Z ##[endgroup]
2025-09-08T18:46:37.7508904Z Collecting scratchattach
2025-09-08T18:46:37.7868864Z   Downloading scratchattach-2.1.13-py3-none-any.whl.metadata (5.5 kB)
2025-09-08T18:46:37.8094568Z Collecting websocket-client (from scratchattach)
2025-09-08T18:46:37.8130931Z   Downloading websocket_client-1.8.0-py3-none-any.whl.metadata (8.0 kB)
2025-09-08T18:46:37.8413810Z Collecting requests (from scratchattach)
2025-09-08T18:46:37.8451303Z   Downloading requests-2.32.5-py3-none-any.whl.metadata (4.9 kB)
2025-09-08T18:46:37.8557937Z Collecting bs4 (from scratchattach)
2025-09-08T18:46:37.8591536Z   Downloading bs4-0.0.2-py2.py3-none-any.whl.metadata (411 bytes)
2025-09-08T18:46:37.8853530Z Collecting SimpleWebSocketServer (from scratchattach)
2025-09-08T18:46:37.8893580Z   Downloading SimpleWebSocketServer-0.1.2.tar.gz (10 kB)
2025-09-08T18:46:37.8974009Z   Installing build dependencies: started
2025-09-08T18:46:38.7015047Z   Installing build dependencies: finished with status 'done'
2025-09-08T18:46:38.7020478Z   Getting requirements to build wheel: started
2025-09-08T18:46:39.2864535Z   Getting requirements to build wheel: finished with status 'done'
2025-09-08T18:46:39.2873673Z   Preparing metadata (pyproject.toml): started
2025-09-08T18:46:39.5267208Z   Preparing metadata (pyproject.toml): finished with status 'done'
2025-09-08T18:46:39.5429470Z Collecting typing-extensions (from scratchattach)
2025-09-08T18:46:39.5463474Z   Downloading typing_extensions-4.15.0-py3-none-any.whl.metadata (3.3 kB)
2025-09-08T18:46:39.5637926Z Collecting beautifulsoup4 (from bs4->scratchattach)
2025-09-08T18:46:39.5675155Z   Downloading beautifulsoup4-4.13.5-py3-none-any.whl.metadata (3.8 kB)
2025-09-08T18:46:39.5858696Z Collecting soupsieve>1.2 (from beautifulsoup4->bs4->scratchattach)
2025-09-08T18:46:39.5891325Z   Downloading soupsieve-2.8-py3-none-any.whl.metadata (4.6 kB)
2025-09-08T18:46:39.6750999Z Collecting charset_normalizer<4,>=2 (from requests->scratchattach)
2025-09-08T18:46:39.6790846Z   Downloading charset_normalizer-3.4.3-cp313-cp313-manylinux2014_x86_64.manylinux_2_17_x86_64.manylinux_2_28_x86_64.whl.metadata (36 kB)
2025-09-08T18:46:39.6990162Z Collecting idna<4,>=2.5 (from requests->scratchattach)
2025-09-08T18:46:39.7024034Z   Downloading idna-3.10-py3-none-any.whl.metadata (10 kB)
2025-09-08T18:46:39.7307604Z Collecting urllib3<3,>=1.21.1 (from requests->scratchattach)
2025-09-08T18:46:39.7348878Z   Downloading urllib3-2.5.0-py3-none-any.whl.metadata (6.5 kB)
2025-09-08T18:46:39.7675194Z Collecting certifi>=2017.4.17 (from requests->scratchattach)
2025-09-08T18:46:39.7711335Z   Downloading certifi-2025.8.3-py3-none-any.whl.metadata (2.4 kB)
2025-09-08T18:46:39.7822452Z Downloading scratchattach-2.1.13-py3-none-any.whl (141 kB)
2025-09-08T18:46:39.7901097Z Downloading bs4-0.0.2-py2.py3-none-any.whl (1.2 kB)
2025-09-08T18:46:39.7955714Z Downloading beautifulsoup4-4.13.5-py3-none-any.whl (105 kB)
2025-09-08T18:46:39.8012489Z Downloading soupsieve-2.8-py3-none-any.whl (36 kB)
2025-09-08T18:46:39.8116171Z Downloading typing_extensions-4.15.0-py3-none-any.whl (44 kB)
2025-09-08T18:46:39.8172330Z Downloading requests-2.32.5-py3-none-any.whl (64 kB)
2025-09-08T18:46:39.8228261Z Downloading charset_normalizer-3.4.3-cp313-cp313-manylinux2014_x86_64.manylinux_2_17_x86_64.manylinux_2_28_x86_64.whl (151 kB)
2025-09-08T18:46:39.8288798Z Downloading idna-3.10-py3-none-any.whl (70 kB)
2025-09-08T18:46:39.8344948Z Downloading urllib3-2.5.0-py3-none-any.whl (129 kB)
2025-09-08T18:46:39.8404495Z Downloading certifi-2025.8.3-py3-none-any.whl (161 kB)
2025-09-08T18:46:39.8465432Z Downloading websocket_client-1.8.0-py3-none-any.whl (58 kB)
2025-09-08T18:46:39.8601424Z Building wheels for collected packages: SimpleWebSocketServer
2025-09-08T18:46:39.8609780Z   Building wheel for SimpleWebSocketServer (pyproject.toml): started
2025-09-08T18:46:40.0869881Z   Building wheel for SimpleWebSocketServer (pyproject.toml): finished with status 'done'
2025-09-08T18:46:40.0875002Z   Created wheel for SimpleWebSocketServer: filename=simplewebsocketserver-0.1.2-py3-none-any.whl size=9715 sha256=c2090df0a8f0dd701b684dee621f9243cba01aebe18ccf6d196c1a0381c7d374
2025-09-08T18:46:40.0876542Z   Stored in directory: /home/runner/.cache/pip/wheels/c4/5b/e8/4f2c15a82edc4923058056f6681373168be02a0c00389a6dcf
2025-09-08T18:46:40.0895480Z Successfully built SimpleWebSocketServer
2025-09-08T18:46:40.1078995Z Installing collected packages: SimpleWebSocketServer, websocket-client, urllib3, typing-extensions, soupsieve, idna, charset_normalizer, certifi, requests, beautifulsoup4, bs4, scratchattach
2025-09-08T18:46:40.6705560Z 
2025-09-08T18:46:40.6728567Z Successfully installed SimpleWebSocketServer-0.1.2 beautifulsoup4-4.13.5 bs4-0.0.2 certifi-2025.8.3 charset_normalizer-3.4.3 idna-3.10 requests-2.32.5 scratchattach-2.1.13 soupsieve-2.8 typing-extensions-4.15.0 urllib3-2.5.0 websocket-client-1.8.0
2025-09-08T18:46:40.7613867Z ##[group]Run actions/checkout@v5.0.0
2025-09-08T18:46:40.7614120Z with:
2025-09-08T18:46:40.7614292Z   ref: main
2025-09-08T18:46:40.7614484Z   repository: Boss-1s/scratchattach
2025-09-08T18:46:40.7614827Z   token: ***
2025-09-08T18:46:40.7615014Z   ssh-strict: true
2025-09-08T18:46:40.7615206Z   ssh-user: git
2025-09-08T18:46:40.7615398Z   persist-credentials: true
2025-09-08T18:46:40.7615614Z   clean: true
2025-09-08T18:46:40.7615802Z   sparse-checkout-cone-mode: true
2025-09-08T18:46:40.7616036Z   fetch-depth: 1
2025-09-08T18:46:40.7616224Z   fetch-tags: false
2025-09-08T18:46:40.7616410Z   show-progress: true
2025-09-08T18:46:40.7616603Z   lfs: false
2025-09-08T18:46:40.7616778Z   submodules: false
2025-09-08T18:46:40.7616968Z   set-safe-directory: true
2025-09-08T18:46:40.7617177Z env:
2025-09-08T18:46:40.7617403Z   pythonLocation: /opt/hostedtoolcache/Python/3.13.7/x64
2025-09-08T18:46:40.7617809Z   PKG_CONFIG_PATH: /opt/hostedtoolcache/Python/3.13.7/x64/lib/pkgconfig
2025-09-08T18:46:40.7618225Z   Python_ROOT_DIR: /opt/hostedtoolcache/Python/3.13.7/x64
2025-09-08T18:46:40.7618586Z   Python2_ROOT_DIR: /opt/hostedtoolcache/Python/3.13.7/x64
2025-09-08T18:46:40.7618929Z   Python3_ROOT_DIR: /opt/hostedtoolcache/Python/3.13.7/x64
2025-09-08T18:46:40.7619271Z   LD_LIBRARY_PATH: /opt/hostedtoolcache/Python/3.13.7/x64/lib
2025-09-08T18:46:40.7619558Z ##[endgroup]
2025-09-08T18:46:40.8418751Z Syncing repository: Boss-1s/scratchattach
2025-09-08T18:46:40.8421923Z ##[group]Getting Git version info
2025-09-08T18:46:40.8422695Z Working directory is '/home/runner/work/scratchattach/scratchattach'
2025-09-08T18:46:40.8457285Z [command]/usr/bin/git version
2025-09-08T18:46:40.8492732Z git version 2.51.0
2025-09-08T18:46:40.8512917Z ##[endgroup]
2025-09-08T18:46:40.8527757Z Temporarily overriding HOME='/home/runner/work/_temp/2d37c641-5302-4193-b7b4-874d509bfd03' before making global git config changes
2025-09-08T18:46:40.8529064Z Adding repository directory to the temporary git global config as a safe directory
2025-09-08T18:46:40.8533623Z [command]/usr/bin/git config --global --add safe.directory /home/runner/work/scratchattach/scratchattach
2025-09-08T18:46:40.8571296Z [command]/usr/bin/git config --local --get remote.origin.url
2025-09-08T18:46:40.8593992Z https://github.com/Boss-1s/scratchattach
2025-09-08T18:46:40.8606763Z ##[group]Removing previously created refs, to avoid conflicts
2025-09-08T18:46:40.8610752Z [command]/usr/bin/git rev-parse --symbolic-full-name --verify --quiet HEAD
2025-09-08T18:46:40.8631541Z refs/heads/main
2025-09-08T18:46:40.8641075Z [command]/usr/bin/git checkout --detach
2025-09-08T18:46:40.9278215Z HEAD is now at adc021d Merge pull request #53 from Boss-1s/Boss-1s-bump-py-3.12.5-to-3.13
2025-09-08T18:46:40.9327719Z [command]/usr/bin/git branch --delete --force main
2025-09-08T18:46:40.9354125Z Deleted branch main (was adc021d).
2025-09-08T18:46:40.9388174Z ##[endgroup]
2025-09-08T18:46:40.9392342Z [command]/usr/bin/git submodule status
2025-09-08T18:46:40.9624305Z ##[group]Cleaning the repository
2025-09-08T18:46:40.9629716Z [command]/usr/bin/git clean -ffdx
2025-09-08T18:46:40.9665298Z [command]/usr/bin/git reset --hard HEAD
2025-09-08T18:46:40.9705953Z HEAD is now at adc021d Merge pull request #53 from Boss-1s/Boss-1s-bump-py-3.12.5-to-3.13
2025-09-08T18:46:40.9711555Z ##[endgroup]
2025-09-08T18:46:40.9713406Z ##[group]Disabling automatic garbage collection
2025-09-08T18:46:40.9717727Z [command]/usr/bin/git config --local gc.auto 0
2025-09-08T18:46:40.9743491Z ##[endgroup]
2025-09-08T18:46:40.9744067Z ##[group]Setting up auth
2025-09-08T18:46:40.9750950Z [command]/usr/bin/git config --local --name-only --get-regexp core\.sshCommand
2025-09-08T18:46:40.9780124Z [command]/usr/bin/git submodule foreach --recursive sh -c "git config --local --name-only --get-regexp 'core\.sshCommand' && git config --local --unset-all 'core.sshCommand' || :"
2025-09-08T18:46:41.0003067Z [command]/usr/bin/git config --local --name-only --get-regexp http\.https\:\/\/github\.com\/\.extraheader
2025-09-08T18:46:41.0024074Z http.https://github.com/.extraheader
2025-09-08T18:46:41.0032952Z [command]/usr/bin/git config --local --unset-all http.https://github.com/.extraheader
2025-09-08T18:46:41.0062129Z [command]/usr/bin/git submodule foreach --recursive sh -c "git config --local --name-only --get-regexp 'http\.https\:\/\/github\.com\/\.extraheader' && git config --local --unset-all 'http.https://github.com/.extraheader' || :"
2025-09-08T18:46:41.0291666Z [command]/usr/bin/git config --local http.https://github.com/.extraheader AUTHORIZATION: basic ***
2025-09-08T18:46:41.0334174Z ##[endgroup]
2025-09-08T18:46:41.0334771Z ##[group]Fetching the repository
2025-09-08T18:46:41.0342844Z [command]/usr/bin/git -c protocol.version=2 fetch --no-tags --prune --no-recurse-submodules --depth=1 origin +refs/heads/main*:refs/remotes/origin/main* +refs/tags/main*:refs/tags/main*
2025-09-08T18:46:41.2419898Z ##[endgroup]
2025-09-08T18:46:41.2420727Z ##[group]Determining the checkout info
2025-09-08T18:46:41.2425925Z [command]/usr/bin/git branch --list --remote origin/main
2025-09-08T18:46:41.2454164Z   origin/main
2025-09-08T18:46:41.2460663Z ##[endgroup]
2025-09-08T18:46:41.2465751Z [command]/usr/bin/git sparse-checkout disable
2025-09-08T18:46:41.2514014Z [command]/usr/bin/git config --local --unset-all extensions.worktreeConfig
2025-09-08T18:46:41.2546776Z ##[group]Checking out the ref
2025-09-08T18:46:41.2552631Z [command]/usr/bin/git checkout --progress --force -B main refs/remotes/origin/main
2025-09-08T18:46:41.2597079Z Switched to a new branch 'main'
2025-09-08T18:46:41.2599540Z branch 'main' set up to track 'origin/main'.
2025-09-08T18:46:41.2607210Z ##[endgroup]
2025-09-08T18:46:41.2647207Z [command]/usr/bin/git log -1 --format=%H
2025-09-08T18:46:41.2671863Z adc021de68102d448f7956d888875f3b7de2c741
2025-09-08T18:46:41.2792388Z ##[group]Run timeout 359m python3 message_viewer.py || { [[ $? -eq 124 ]] && exit 0; }
2025-09-08T18:46:41.2792980Z [36;1mtimeout 359m python3 message_viewer.py || { [[ $? -eq 124 ]] && exit 0; }[0m
2025-09-08T18:46:41.2824052Z shell: /usr/bin/bash -e {0}
2025-09-08T18:46:41.2824289Z env:
2025-09-08T18:46:41.2824545Z   pythonLocation: /opt/hostedtoolcache/Python/3.13.7/x64
2025-09-08T18:46:41.2824966Z   PKG_CONFIG_PATH: /opt/hostedtoolcache/Python/3.13.7/x64/lib/pkgconfig
2025-09-08T18:46:41.2825366Z   Python_ROOT_DIR: /opt/hostedtoolcache/Python/3.13.7/x64
2025-09-08T18:46:41.2825732Z   Python2_ROOT_DIR: /opt/hostedtoolcache/Python/3.13.7/x64
2025-09-08T18:46:41.2826081Z   Python3_ROOT_DIR: /opt/hostedtoolcache/Python/3.13.7/x64
2025-09-08T18:46:41.2826433Z   LD_LIBRARY_PATH: /opt/hostedtoolcache/Python/3.13.7/x64/lib
2025-09-08T18:46:41.2826884Z   PASS: ***
2025-09-08T18:46:41.2827068Z ##[endgroup]
2025-09-08T18:46:42.4091342Z Traceback (most recent call last):
2025-09-08T18:46:42.4190611Z   File "/home/runner/work/scratchattach/scratchattach/message_viewer.py", line 15, in <module>
2025-09-08T18:46:42.4191442Z     client = cloud.requests()
2025-09-08T18:46:42.4192308Z   File "/opt/hostedtoolcache/Python/3.13.7/x64/lib/python3.13/site-packages/scratchattach/cloud/_base.py", line 101, in requests
2025-09-08T18:46:42.4193405Z     return CloudRequests(self, used_cloud_vars=used_cloud_vars, no_packet_loss=no_packet_loss,
2025-09-08T18:46:42.4194053Z                          respond_order=respond_order, debug=debug)
2025-09-08T18:46:42.4195098Z   File "/opt/hostedtoolcache/Python/3.13.7/x64/lib/python3.13/site-packages/scratchattach/eventhandlers/cloud_requests.py", line 67, in __init__
2025-09-08T18:46:42.4196019Z     super().__init__(cloud)
2025-09-08T18:46:42.4196326Z     ~~~~~~~~~~~~~~~~^^^^^^^
2025-09-08T18:46:42.4197200Z   File "/opt/hostedtoolcache/Python/3.13.7/x64/lib/python3.13/site-packages/scratchattach/eventhandlers/cloud_events.py", line 19, in __init__
2025-09-08T18:46:42.4198170Z     self.source_stream = cloud.create_event_stream()
2025-09-08T18:46:42.4198583Z                          ~~~~~~~~~~~~~~~~~~~~~~~~~^^
2025-09-08T18:46:42.4199913Z   File "/opt/hostedtoolcache/Python/3.13.7/x64/lib/python3.13/site-packages/scratchattach/cloud/_base.py", line 442, in create_event_stream
2025-09-08T18:46:42.4201057Z     self.event_stream = WebSocketEventStream(self)
2025-09-08T18:46:42.4201504Z                         ~~~~~~~~~~~~~~~~~~~~^^^^^^
2025-09-08T18:46:42.4202394Z   File "/opt/hostedtoolcache/Python/3.13.7/x64/lib/python3.13/site-packages/scratchattach/cloud/_base.py", line 125, in __init__
2025-09-08T18:46:42.4203212Z     self.source_cloud.connect()
2025-09-08T18:46:42.4203551Z     ~~~~~~~~~~~~~~~~~~~~~~~~~^^
2025-09-08T18:46:42.4204379Z   File "/opt/hostedtoolcache/Python/3.13.7/x64/lib/python3.13/site-packages/scratchattach/cloud/cloud.py", line 29, in connect
2025-09-08T18:46:42.4205177Z     super().connect()
2025-09-08T18:46:42.4205462Z     ~~~~~~~~~~~~~~~^^
2025-09-08T18:46:42.4206256Z   File "/opt/hostedtoolcache/Python/3.13.7/x64/lib/python3.13/site-packages/scratchattach/cloud/_base.py", line 305, in connect
2025-09-08T18:46:42.4207102Z     self.websocket.connect(
2025-09-08T18:46:42.4207426Z     ~~~~~~~~~~~~~~~~~~~~~~^
2025-09-08T18:46:42.4207741Z         self.cloud_host,
2025-09-08T18:46:42.4208034Z         ^^^^^^^^^^^^^^^^
2025-09-08T18:46:42.4208314Z     ...<4 lines>...
2025-09-08T18:46:42.4208597Z         header=self.header
2025-09-08T18:46:42.4208896Z         ^^^^^^^^^^^^^^^^^^
2025-09-08T18:46:42.4209168Z     )
2025-09-08T18:46:42.4209396Z     ^
2025-09-08T18:46:42.4210066Z   File "/opt/hostedtoolcache/Python/3.13.7/x64/lib/python3.13/site-packages/websocket/_core.py", line 261, in connect
2025-09-08T18:46:42.4211134Z     self.handshake_response = handshake(self.sock, url, *addrs, **options)
2025-09-08T18:46:42.4211685Z                               ~~~~~~~~~^^^^^^^^^^^^^^^^^^^^^^^^^^^^^^^^^^^
2025-09-08T18:46:42.4212826Z   File "/opt/hostedtoolcache/Python/3.13.7/x64/lib/python3.13/site-packages/websocket/_handshake.py", line 65, in handshake
2025-09-08T18:46:42.4213665Z     status, resp = _get_resp_headers(sock)
2025-09-08T18:46:42.4214049Z                    ~~~~~~~~~~~~~~~~~^^^^^^
2025-09-08T18:46:42.4214906Z   File "/opt/hostedtoolcache/Python/3.13.7/x64/lib/python3.13/site-packages/websocket/_handshake.py", line 150, in _get_resp_headers
2025-09-08T18:46:42.4215796Z     raise WebSocketBadStatusException(
2025-09-08T18:46:42.4216182Z     ...<5 lines>...
2025-09-08T18:46:42.4216439Z     )
2025-09-08T18:46:42.4218222Z websocket._exceptions.WebSocketBadStatusException: Handshake status 502 Bad Gateway -+-+- {'date': 'Mon, 08 Sep 2025 18:46:42 GMT', 'content-type': 'text/html', 'content-length': '157', 'connection': 'keep-alive', 'server': 'nginx/1.22.1'} -+-+- b'<html>\r\n<head><title>502 Bad Gateway</title></head>\r\n<body>\r\n<center><h1>502 Bad Gateway</h1></center>\r\n<hr><center>nginx/1.22.1</center>\r\n</body>\r\n</html>\r\n'
2025-09-08T18:46:42.4476523Z ##[error]Process completed with exit code 1.
2025-09-08T18:46:42.4544753Z Post job cleanup.
2025-09-08T18:46:42.5342540Z [command]/usr/bin/git version
2025-09-08T18:46:42.5379010Z git version 2.51.0
2025-09-08T18:46:42.5419166Z Temporarily overriding HOME='/home/runner/work/_temp/2242f73f-b178-4032-b981-82d310722d10' before making global git config changes
2025-09-08T18:46:42.5420622Z Adding repository directory to the temporary git global config as a safe directory
2025-09-08T18:46:42.5425250Z [command]/usr/bin/git config --global --add safe.directory /home/runner/work/scratchattach/scratchattach
2025-09-08T18:46:42.5462709Z [command]/usr/bin/git config --local --name-only --get-regexp core\.sshCommand
2025-09-08T18:46:42.5494666Z [command]/usr/bin/git submodule foreach --recursive sh -c "git config --local --name-only --get-regexp 'core\.sshCommand' && git config --local --unset-all 'core.sshCommand' || :"
2025-09-08T18:46:42.5719022Z [command]/usr/bin/git config --local --name-only --get-regexp http\.https\:\/\/github\.com\/\.extraheader
2025-09-08T18:46:42.5742703Z http.https://github.com/.extraheader
2025-09-08T18:46:42.5752539Z [command]/usr/bin/git config --local --unset-all http.https://github.com/.extraheader
2025-09-08T18:46:42.5783838Z [command]/usr/bin/git submodule foreach --recursive sh -c "git config --local --name-only --get-regexp 'http\.https\:\/\/github\.com\/\.extraheader' && git config --local --unset-all 'http.https://github.com/.extraheader' || :"
2025-09-08T18:46:42.6128740Z Post job cleanup.
2025-09-08T18:46:42.6902242Z [command]/usr/bin/git version
2025-09-08T18:46:42.6938743Z git version 2.51.0
2025-09-08T18:46:42.6977486Z Temporarily overriding HOME='/home/runner/work/_temp/ba0c169e-48c8-4d0c-b249-19487e934f12' before making global git config changes
2025-09-08T18:46:42.6978678Z Adding repository directory to the temporary git global config as a safe directory
2025-09-08T18:46:42.6983160Z [command]/usr/bin/git config --global --add safe.directory /home/runner/work/scratchattach/scratchattach
2025-09-08T18:46:42.7038550Z [command]/usr/bin/git config --local --name-only --get-regexp core\.sshCommand
2025-09-08T18:46:42.7055743Z [command]/usr/bin/git submodule foreach --recursive sh -c "git config --local --name-only --get-regexp 'core\.sshCommand' && git config --local --unset-all 'core.sshCommand' || :"
2025-09-08T18:46:42.7280953Z [command]/usr/bin/git config --local --name-only --get-regexp http\.https\:\/\/github\.com\/\.extraheader
2025-09-08T18:46:42.7312218Z [command]/usr/bin/git submodule foreach --recursive sh -c "git config --local --name-only --get-regexp 'http\.https\:\/\/github\.com\/\.extraheader' && git config --local --unset-all 'http.https://github.com/.extraheader' || :"
2025-09-08T18:46:42.7639976Z Cleaning up orphan processes
