2025-11-21T03:11:39.7798222Z Current runner version: '2.329.0'
2025-11-21T03:11:39.7824116Z ##[group]Runner Image Provisioner
2025-11-21T03:11:39.7824896Z Hosted Compute Agent
2025-11-21T03:11:39.7825695Z Version: 20251016.436
2025-11-21T03:11:39.7826286Z Commit: 8ab8ac8bfd662a3739dab9fe09456aba92132568
2025-11-21T03:11:39.7827014Z Build Date: 2025-10-15T20:44:12Z
2025-11-21T03:11:39.7827736Z ##[endgroup]
2025-11-21T03:11:39.7828280Z ##[group]Operating System
2025-11-21T03:11:39.7829166Z Ubuntu
2025-11-21T03:11:39.7829733Z 24.04.3
2025-11-21T03:11:39.7830201Z LTS
2025-11-21T03:11:39.7830659Z ##[endgroup]
2025-11-21T03:11:39.7831193Z ##[group]Runner Image
2025-11-21T03:11:39.7831846Z Image: ubuntu-24.04
2025-11-21T03:11:39.7832354Z Version: 20251112.124.1
2025-11-21T03:11:39.7833429Z Included Software: https://github.com/actions/runner-images/blob/ubuntu24/20251112.124/images/ubuntu/Ubuntu2404-Readme.md
2025-11-21T03:11:39.7834992Z Image Release: https://github.com/actions/runner-images/releases/tag/ubuntu24%2F20251112.124
2025-11-21T03:11:39.7836045Z ##[endgroup]
2025-11-21T03:11:39.7837142Z ##[group]GITHUB_TOKEN Permissions
2025-11-21T03:11:39.7839643Z Contents: write
2025-11-21T03:11:39.7840229Z Metadata: read
2025-11-21T03:11:39.7840716Z ##[endgroup]
2025-11-21T03:11:39.7842909Z Secret source: Actions
2025-11-21T03:11:39.7844038Z Prepare workflow directory
2025-11-21T03:11:39.8204453Z Prepare all required actions
2025-11-21T03:11:39.8243754Z Getting action download info
2025-11-21T03:11:40.2201737Z Download action repository 'actions/checkout@v5.0.1' (SHA:93cb6efe18208431cddfb8368fd83d5badbf9bfd)
2025-11-21T03:11:40.6865861Z Download action repository 'actions/setup-python@v6.0.0' (SHA:e797f83bcb11b83ae66e0230d6156d7c80228e7c)
2025-11-21T03:11:40.8370844Z Download action repository 'bossOfCode/install-scratchattach@v1.0.3' (SHA:be17a7cf1ecb5a7040eb42ef26c2e1fbe72bb25a)
2025-11-21T03:11:41.2802376Z Complete job name: Run Prioritzing Handler
2025-11-21T03:11:41.3627523Z ##[group]Run actions/checkout@v5.0.1
2025-11-21T03:11:41.3629256Z with:
2025-11-21T03:11:41.3630029Z   ref: main
2025-11-21T03:11:41.3630837Z   repository: Boss-1s/scratchattach
2025-11-21T03:11:41.3632157Z   token: ***
2025-11-21T03:11:41.3632939Z   ssh-strict: true
2025-11-21T03:11:41.3633746Z   ssh-user: git
2025-11-21T03:11:41.3634630Z   persist-credentials: true
2025-11-21T03:11:41.3635582Z   clean: true
2025-11-21T03:11:41.3636428Z   sparse-checkout-cone-mode: true
2025-11-21T03:11:41.3637453Z   fetch-depth: 1
2025-11-21T03:11:41.3638296Z   fetch-tags: false
2025-11-21T03:11:41.3639414Z   show-progress: true
2025-11-21T03:11:41.3640279Z   lfs: false
2025-11-21T03:11:41.3641069Z   submodules: false
2025-11-21T03:11:41.3641931Z   set-safe-directory: true
2025-11-21T03:11:41.3643176Z ##[endgroup]
2025-11-21T03:11:41.4614713Z Syncing repository: Boss-1s/scratchattach
2025-11-21T03:11:41.4617380Z ##[group]Getting Git version info
2025-11-21T03:11:41.4619229Z Working directory is '/home/runner/work/scratchattach/scratchattach'
2025-11-21T03:11:41.4621430Z [command]/usr/bin/git version
2025-11-21T03:11:41.4653064Z git version 2.51.2
2025-11-21T03:11:41.4677022Z ##[endgroup]
2025-11-21T03:11:41.4694470Z Temporarily overriding HOME='/home/runner/work/_temp/4c130526-437a-4f20-bc70-46e7f468561c' before making global git config changes
2025-11-21T03:11:41.4699671Z Adding repository directory to the temporary git global config as a safe directory
2025-11-21T03:11:41.4703780Z [command]/usr/bin/git config --global --add safe.directory /home/runner/work/scratchattach/scratchattach
2025-11-21T03:11:41.4740420Z Deleting the contents of '/home/runner/work/scratchattach/scratchattach'
2025-11-21T03:11:41.4744282Z ##[group]Initializing the repository
2025-11-21T03:11:41.4749387Z [command]/usr/bin/git init /home/runner/work/scratchattach/scratchattach
2025-11-21T03:11:41.4849689Z hint: Using 'master' as the name for the initial branch. This default branch name
2025-11-21T03:11:41.4853191Z hint: is subject to change. To configure the initial branch name to use in all
2025-11-21T03:11:41.4855511Z hint: of your new repositories, which will suppress this warning, call:
2025-11-21T03:11:41.4857193Z hint:
2025-11-21T03:11:41.4858333Z hint: 	git config --global init.defaultBranch <name>
2025-11-21T03:11:41.4860281Z hint:
2025-11-21T03:11:41.4861442Z hint: Names commonly chosen instead of 'master' are 'main', 'trunk' and
2025-11-21T03:11:41.4864013Z hint: 'development'. The just-created branch can be renamed via this command:
2025-11-21T03:11:41.4865741Z hint:
2025-11-21T03:11:41.4866550Z hint: 	git branch -m <name>
2025-11-21T03:11:41.4867483Z hint:
2025-11-21T03:11:41.4868916Z hint: Disable this message with "git config set advice.defaultBranchName false"
2025-11-21T03:11:41.4871066Z Initialized empty Git repository in /home/runner/work/scratchattach/scratchattach/.git/
2025-11-21T03:11:41.4874368Z [command]/usr/bin/git remote add origin https://github.com/Boss-1s/scratchattach
2025-11-21T03:11:41.4901059Z ##[endgroup]
2025-11-21T03:11:41.4902496Z ##[group]Disabling automatic garbage collection
2025-11-21T03:11:41.4904221Z [command]/usr/bin/git config --local gc.auto 0
2025-11-21T03:11:41.4933023Z ##[endgroup]
2025-11-21T03:11:41.4934791Z ##[group]Setting up auth
2025-11-21T03:11:41.4938776Z [command]/usr/bin/git config --local --name-only --get-regexp core\.sshCommand
2025-11-21T03:11:41.4970147Z [command]/usr/bin/git submodule foreach --recursive sh -c "git config --local --name-only --get-regexp 'core\.sshCommand' && git config --local --unset-all 'core.sshCommand' || :"
2025-11-21T03:11:41.5318059Z [command]/usr/bin/git config --local --name-only --get-regexp http\.https\:\/\/github\.com\/\.extraheader
2025-11-21T03:11:41.5349250Z [command]/usr/bin/git submodule foreach --recursive sh -c "git config --local --name-only --get-regexp 'http\.https\:\/\/github\.com\/\.extraheader' && git config --local --unset-all 'http.https://github.com/.extraheader' || :"
2025-11-21T03:11:41.5572751Z [command]/usr/bin/git config --local --name-only --get-regexp ^includeIf\.gitdir:
2025-11-21T03:11:41.5604039Z [command]/usr/bin/git submodule foreach --recursive git config --local --show-origin --name-only --get-regexp remote.origin.url
2025-11-21T03:11:41.5826791Z [command]/usr/bin/git config --local http.https://github.com/.extraheader AUTHORIZATION: basic ***
2025-11-21T03:11:41.5863469Z ##[endgroup]
2025-11-21T03:11:41.5864917Z ##[group]Fetching the repository
2025-11-21T03:11:41.5873768Z [command]/usr/bin/git -c protocol.version=2 fetch --no-tags --prune --no-recurse-submodules --depth=1 origin +refs/heads/main*:refs/remotes/origin/main* +refs/tags/main*:refs/tags/main*
2025-11-21T03:11:43.3835176Z From https://github.com/Boss-1s/scratchattach
2025-11-21T03:11:43.3836882Z  * [new branch]      main       -> origin/main
2025-11-21T03:11:43.3865403Z ##[endgroup]
2025-11-21T03:11:43.3865866Z ##[group]Determining the checkout info
2025-11-21T03:11:43.3873326Z [command]/usr/bin/git branch --list --remote origin/main
2025-11-21T03:11:43.3896145Z   origin/main
2025-11-21T03:11:43.3902558Z ##[endgroup]
2025-11-21T03:11:43.3908995Z [command]/usr/bin/git sparse-checkout disable
2025-11-21T03:11:43.3946487Z [command]/usr/bin/git config --local --unset-all extensions.worktreeConfig
2025-11-21T03:11:43.3973371Z ##[group]Checking out the ref
2025-11-21T03:11:43.3977775Z [command]/usr/bin/git checkout --progress --force -B main refs/remotes/origin/main
2025-11-21T03:11:43.8537784Z Switched to a new branch 'main'
2025-11-21T03:11:43.8539334Z branch 'main' set up to track 'origin/main'.
2025-11-21T03:11:43.8586709Z ##[endgroup]
2025-11-21T03:11:43.8636634Z [command]/usr/bin/git log -1 --format=%H
2025-11-21T03:11:43.8664355Z ba05bf7b5d85268b88a1ecf1065416a75ba2b506
2025-11-21T03:11:43.8893647Z ##[group]Run actions/setup-python@v6.0.0
2025-11-21T03:11:43.8893957Z with:
2025-11-21T03:11:43.8894164Z   python-version: 3.13
2025-11-21T03:11:43.8894389Z   check-latest: false
2025-11-21T03:11:43.8894727Z   token: ***
2025-11-21T03:11:43.8894936Z   update-environment: true
2025-11-21T03:11:43.8895171Z   allow-prereleases: false
2025-11-21T03:11:43.8895645Z   freethreaded: false
2025-11-21T03:11:43.8895857Z ##[endgroup]
2025-11-21T03:11:44.0191128Z ##[group]Installed versions
2025-11-21T03:11:44.0297370Z (node:2091) [DEP0040] DeprecationWarning: The `punycode` module is deprecated. Please use a userland alternative instead.
2025-11-21T03:11:44.0298245Z (Use `node --trace-deprecation ...` to show where the warning was created)
2025-11-21T03:11:44.0299508Z Successfully set up CPython (3.13.9)
2025-11-21T03:11:44.0300426Z ##[endgroup]
2025-11-21T03:11:44.0447635Z ##[group]Run bossOfCode/install-scratchattach@v1.0.3
2025-11-21T03:11:44.0447984Z env:
2025-11-21T03:11:44.0448244Z   pythonLocation: /opt/hostedtoolcache/Python/3.13.9/x64
2025-11-21T03:11:44.0448867Z   PKG_CONFIG_PATH: /opt/hostedtoolcache/Python/3.13.9/x64/lib/pkgconfig
2025-11-21T03:11:44.0449276Z   Python_ROOT_DIR: /opt/hostedtoolcache/Python/3.13.9/x64
2025-11-21T03:11:44.0449623Z   Python2_ROOT_DIR: /opt/hostedtoolcache/Python/3.13.9/x64
2025-11-21T03:11:44.0449976Z   Python3_ROOT_DIR: /opt/hostedtoolcache/Python/3.13.9/x64
2025-11-21T03:11:44.0450356Z   LD_LIBRARY_PATH: /opt/hostedtoolcache/Python/3.13.9/x64/lib
2025-11-21T03:11:44.0450650Z ##[endgroup]
2025-11-21T03:11:44.0528358Z ##[group]Run python3 -m pip install --upgrade pip
2025-11-21T03:11:44.0528992Z [36;1mpython3 -m pip install --upgrade pip[0m
2025-11-21T03:11:44.0657221Z shell: /usr/bin/bash --noprofile --norc -e -o pipefail {0}
2025-11-21T03:11:44.0657608Z env:
2025-11-21T03:11:44.0657930Z   pythonLocation: /opt/hostedtoolcache/Python/3.13.9/x64
2025-11-21T03:11:44.0658391Z   PKG_CONFIG_PATH: /opt/hostedtoolcache/Python/3.13.9/x64/lib/pkgconfig
2025-11-21T03:11:44.0659008Z   Python_ROOT_DIR: /opt/hostedtoolcache/Python/3.13.9/x64
2025-11-21T03:11:44.0659408Z   Python2_ROOT_DIR: /opt/hostedtoolcache/Python/3.13.9/x64
2025-11-21T03:11:44.0659803Z   Python3_ROOT_DIR: /opt/hostedtoolcache/Python/3.13.9/x64
2025-11-21T03:11:44.0660198Z   LD_LIBRARY_PATH: /opt/hostedtoolcache/Python/3.13.9/x64/lib
2025-11-21T03:11:44.0660533Z ##[endgroup]
2025-11-21T03:11:47.0580071Z Requirement already satisfied: pip in /opt/hostedtoolcache/Python/3.13.9/x64/lib/python3.13/site-packages (25.3)
2025-11-21T03:11:47.3351452Z ##[group]Run pip install -U scratchattach
2025-11-21T03:11:47.3351772Z [36;1mpip install -U scratchattach[0m
2025-11-21T03:11:47.3384756Z shell: /usr/bin/bash --noprofile --norc -e -o pipefail {0}
2025-11-21T03:11:47.3385070Z env:
2025-11-21T03:11:47.3385318Z   pythonLocation: /opt/hostedtoolcache/Python/3.13.9/x64
2025-11-21T03:11:47.3385710Z   PKG_CONFIG_PATH: /opt/hostedtoolcache/Python/3.13.9/x64/lib/pkgconfig
2025-11-21T03:11:47.3386089Z   Python_ROOT_DIR: /opt/hostedtoolcache/Python/3.13.9/x64
2025-11-21T03:11:47.3386419Z   Python2_ROOT_DIR: /opt/hostedtoolcache/Python/3.13.9/x64
2025-11-21T03:11:47.3386756Z   Python3_ROOT_DIR: /opt/hostedtoolcache/Python/3.13.9/x64
2025-11-21T03:11:47.3387093Z   LD_LIBRARY_PATH: /opt/hostedtoolcache/Python/3.13.9/x64/lib
2025-11-21T03:11:47.3387375Z ##[endgroup]
2025-11-21T03:11:47.8423106Z Collecting scratchattach
2025-11-21T03:11:47.9017369Z   Downloading scratchattach-2.1.13-py3-none-any.whl.metadata (5.5 kB)
2025-11-21T03:11:47.9253753Z Collecting websocket-client (from scratchattach)
2025-11-21T03:11:47.9329346Z   Downloading websocket_client-1.9.0-py3-none-any.whl.metadata (8.3 kB)
2025-11-21T03:11:47.9624945Z Collecting requests (from scratchattach)
2025-11-21T03:11:47.9662353Z   Downloading requests-2.32.5-py3-none-any.whl.metadata (4.9 kB)
2025-11-21T03:11:47.9794031Z Collecting bs4 (from scratchattach)
2025-11-21T03:11:47.9831283Z   Downloading bs4-0.0.2-py2.py3-none-any.whl.metadata (411 bytes)
2025-11-21T03:11:48.0034240Z Collecting SimpleWebSocketServer (from scratchattach)
2025-11-21T03:11:48.0088805Z   Downloading SimpleWebSocketServer-0.1.2.tar.gz (10 kB)
2025-11-21T03:11:48.0212237Z   Installing build dependencies: started
2025-11-21T03:11:48.8506142Z   Installing build dependencies: finished with status 'done'
2025-11-21T03:11:48.8512922Z   Getting requirements to build wheel: started
2025-11-21T03:11:49.2821161Z   Getting requirements to build wheel: finished with status 'done'
2025-11-21T03:11:49.2831200Z   Preparing metadata (pyproject.toml): started
2025-11-21T03:11:49.4836651Z   Preparing metadata (pyproject.toml): finished with status 'done'
2025-11-21T03:11:49.5008813Z Collecting typing-extensions (from scratchattach)
2025-11-21T03:11:49.5048026Z   Downloading typing_extensions-4.15.0-py3-none-any.whl.metadata (3.3 kB)
2025-11-21T03:11:49.5233274Z Collecting beautifulsoup4 (from bs4->scratchattach)
2025-11-21T03:11:49.5267403Z   Downloading beautifulsoup4-4.14.2-py3-none-any.whl.metadata (3.8 kB)
2025-11-21T03:11:49.5503852Z Collecting soupsieve>1.2 (from beautifulsoup4->bs4->scratchattach)
2025-11-21T03:11:49.5542718Z   Downloading soupsieve-2.8-py3-none-any.whl.metadata (4.6 kB)
2025-11-21T03:11:49.6519838Z Collecting charset_normalizer<4,>=2 (from requests->scratchattach)
2025-11-21T03:11:49.6559032Z   Downloading charset_normalizer-3.4.4-cp313-cp313-manylinux2014_x86_64.manylinux_2_17_x86_64.manylinux_2_28_x86_64.whl.metadata (37 kB)
2025-11-21T03:11:49.6792958Z Collecting idna<4,>=2.5 (from requests->scratchattach)
2025-11-21T03:11:49.6829879Z   Downloading idna-3.11-py3-none-any.whl.metadata (8.4 kB)
2025-11-21T03:11:49.7133931Z Collecting urllib3<3,>=1.21.1 (from requests->scratchattach)
2025-11-21T03:11:49.7167123Z   Downloading urllib3-2.5.0-py3-none-any.whl.metadata (6.5 kB)
2025-11-21T03:11:49.7403351Z Collecting certifi>=2017.4.17 (from requests->scratchattach)
2025-11-21T03:11:49.7455484Z   Downloading certifi-2025.11.12-py3-none-any.whl.metadata (2.5 kB)
2025-11-21T03:11:49.7562570Z Downloading scratchattach-2.1.13-py3-none-any.whl (141 kB)
2025-11-21T03:11:49.7652558Z Downloading bs4-0.0.2-py2.py3-none-any.whl (1.2 kB)
2025-11-21T03:11:49.7710958Z Downloading beautifulsoup4-4.14.2-py3-none-any.whl (106 kB)
2025-11-21T03:11:49.7808668Z Downloading soupsieve-2.8-py3-none-any.whl (36 kB)
2025-11-21T03:11:49.7864993Z Downloading typing_extensions-4.15.0-py3-none-any.whl (44 kB)
2025-11-21T03:11:49.7932182Z Downloading requests-2.32.5-py3-none-any.whl (64 kB)
2025-11-21T03:11:49.8001268Z Downloading charset_normalizer-3.4.4-cp313-cp313-manylinux2014_x86_64.manylinux_2_17_x86_64.manylinux_2_28_x86_64.whl (153 kB)
2025-11-21T03:11:49.8075727Z Downloading idna-3.11-py3-none-any.whl (71 kB)
2025-11-21T03:11:49.8145436Z Downloading urllib3-2.5.0-py3-none-any.whl (129 kB)
2025-11-21T03:11:49.8217985Z Downloading certifi-2025.11.12-py3-none-any.whl (159 kB)
2025-11-21T03:11:49.8278271Z Downloading websocket_client-1.9.0-py3-none-any.whl (82 kB)
2025-11-21T03:11:49.8415202Z Building wheels for collected packages: SimpleWebSocketServer
2025-11-21T03:11:49.8424716Z   Building wheel for SimpleWebSocketServer (pyproject.toml): started
2025-11-21T03:11:50.0759285Z   Building wheel for SimpleWebSocketServer (pyproject.toml): finished with status 'done'
2025-11-21T03:11:50.0765262Z   Created wheel for SimpleWebSocketServer: filename=simplewebsocketserver-0.1.2-py3-none-any.whl size=9715 sha256=5c44533d13d6c22ee8be553e373318cb262e6a4d02bb0694965a9f95f3290e74
2025-11-21T03:11:50.0767153Z   Stored in directory: /home/runner/.cache/pip/wheels/c4/5b/e8/4f2c15a82edc4923058056f6681373168be02a0c00389a6dcf
2025-11-21T03:11:50.0786950Z Successfully built SimpleWebSocketServer
2025-11-21T03:11:50.0979497Z Installing collected packages: SimpleWebSocketServer, websocket-client, urllib3, typing-extensions, soupsieve, idna, charset_normalizer, certifi, requests, beautifulsoup4, bs4, scratchattach
2025-11-21T03:11:50.7220683Z 
2025-11-21T03:11:50.7243415Z Successfully installed SimpleWebSocketServer-0.1.2 beautifulsoup4-4.14.2 bs4-0.0.2 certifi-2025.11.12 charset_normalizer-3.4.4 idna-3.11 requests-2.32.5 scratchattach-2.1.13 soupsieve-2.8 typing-extensions-4.15.0 urllib3-2.5.0 websocket-client-1.9.0
2025-11-21T03:11:50.8140928Z ##[group]Run actions/checkout@v5.0.1
2025-11-21T03:11:50.8141218Z with:
2025-11-21T03:11:50.8141395Z   ref: main
2025-11-21T03:11:50.8141582Z   repository: Boss-1s/scratchattach
2025-11-21T03:11:50.8142100Z   token: ***
2025-11-21T03:11:50.8142285Z   ssh-strict: true
2025-11-21T03:11:50.8142467Z   ssh-user: git
2025-11-21T03:11:50.8142663Z   persist-credentials: true
2025-11-21T03:11:50.8142880Z   clean: true
2025-11-21T03:11:50.8143071Z   sparse-checkout-cone-mode: true
2025-11-21T03:11:50.8143306Z   fetch-depth: 1
2025-11-21T03:11:50.8143483Z   fetch-tags: false
2025-11-21T03:11:50.8143677Z   show-progress: true
2025-11-21T03:11:50.8143872Z   lfs: false
2025-11-21T03:11:50.8144038Z   submodules: false
2025-11-21T03:11:50.8144232Z   set-safe-directory: true
2025-11-21T03:11:50.8144437Z env:
2025-11-21T03:11:50.8144667Z   pythonLocation: /opt/hostedtoolcache/Python/3.13.9/x64
2025-11-21T03:11:50.8145067Z   PKG_CONFIG_PATH: /opt/hostedtoolcache/Python/3.13.9/x64/lib/pkgconfig
2025-11-21T03:11:50.8145486Z   Python_ROOT_DIR: /opt/hostedtoolcache/Python/3.13.9/x64
2025-11-21T03:11:50.8145827Z   Python2_ROOT_DIR: /opt/hostedtoolcache/Python/3.13.9/x64
2025-11-21T03:11:50.8146164Z   Python3_ROOT_DIR: /opt/hostedtoolcache/Python/3.13.9/x64
2025-11-21T03:11:50.8146515Z   LD_LIBRARY_PATH: /opt/hostedtoolcache/Python/3.13.9/x64/lib
2025-11-21T03:11:50.8146798Z ##[endgroup]
2025-11-21T03:11:50.8925407Z Syncing repository: Boss-1s/scratchattach
2025-11-21T03:11:50.8926841Z ##[group]Getting Git version info
2025-11-21T03:11:50.8927606Z Working directory is '/home/runner/work/scratchattach/scratchattach'
2025-11-21T03:11:50.8965070Z [command]/usr/bin/git version
2025-11-21T03:11:50.9002334Z git version 2.51.2
2025-11-21T03:11:50.9055128Z ##[endgroup]
2025-11-21T03:11:50.9069577Z Temporarily overriding HOME='/home/runner/work/_temp/f0919e89-a4d9-4c96-9b03-ab8669e4198f' before making global git config changes
2025-11-21T03:11:50.9070686Z Adding repository directory to the temporary git global config as a safe directory
2025-11-21T03:11:50.9075062Z [command]/usr/bin/git config --global --add safe.directory /home/runner/work/scratchattach/scratchattach
2025-11-21T03:11:50.9114276Z [command]/usr/bin/git config --local --get remote.origin.url
2025-11-21T03:11:50.9138013Z https://github.com/Boss-1s/scratchattach
2025-11-21T03:11:50.9151330Z ##[group]Removing previously created refs, to avoid conflicts
2025-11-21T03:11:50.9155390Z [command]/usr/bin/git rev-parse --symbolic-full-name --verify --quiet HEAD
2025-11-21T03:11:50.9177741Z refs/heads/main
2025-11-21T03:11:50.9187364Z [command]/usr/bin/git checkout --detach
2025-11-21T03:11:51.2853910Z HEAD is now at ba05bf7 [BOT] Download Logs
2025-11-21T03:11:51.2905557Z [command]/usr/bin/git branch --delete --force main
2025-11-21T03:11:51.2933618Z Deleted branch main (was ba05bf7).
2025-11-21T03:11:51.2970284Z ##[endgroup]
2025-11-21T03:11:51.2974239Z [command]/usr/bin/git submodule status
2025-11-21T03:11:51.3211184Z ##[group]Cleaning the repository
2025-11-21T03:11:51.3216187Z [command]/usr/bin/git clean -ffdx
2025-11-21T03:11:51.3261410Z [command]/usr/bin/git reset --hard HEAD
2025-11-21T03:11:51.3344867Z HEAD is now at ba05bf7 [BOT] Download Logs
2025-11-21T03:11:51.3351883Z ##[endgroup]
2025-11-21T03:11:51.3353967Z ##[group]Disabling automatic garbage collection
2025-11-21T03:11:51.3358673Z [command]/usr/bin/git config --local gc.auto 0
2025-11-21T03:11:51.3389887Z ##[endgroup]
2025-11-21T03:11:51.3390243Z ##[group]Setting up auth
2025-11-21T03:11:51.3397014Z [command]/usr/bin/git config --local --name-only --get-regexp core\.sshCommand
2025-11-21T03:11:51.3427753Z [command]/usr/bin/git submodule foreach --recursive sh -c "git config --local --name-only --get-regexp 'core\.sshCommand' && git config --local --unset-all 'core.sshCommand' || :"
2025-11-21T03:11:51.3661253Z [command]/usr/bin/git config --local --name-only --get-regexp http\.https\:\/\/github\.com\/\.extraheader
2025-11-21T03:11:51.3684860Z http.https://github.com/.extraheader
2025-11-21T03:11:51.3695579Z [command]/usr/bin/git config --local --unset-all http.https://github.com/.extraheader
2025-11-21T03:11:51.3726589Z [command]/usr/bin/git submodule foreach --recursive sh -c "git config --local --name-only --get-regexp 'http\.https\:\/\/github\.com\/\.extraheader' && git config --local --unset-all 'http.https://github.com/.extraheader' || :"
2025-11-21T03:11:51.3960117Z [command]/usr/bin/git config --local --name-only --get-regexp ^includeIf\.gitdir:
2025-11-21T03:11:51.3992193Z [command]/usr/bin/git submodule foreach --recursive git config --local --show-origin --name-only --get-regexp remote.origin.url
2025-11-21T03:11:51.4224800Z [command]/usr/bin/git config --local http.https://github.com/.extraheader AUTHORIZATION: basic ***
2025-11-21T03:11:51.4261302Z ##[endgroup]
2025-11-21T03:11:51.4261807Z ##[group]Fetching the repository
2025-11-21T03:11:51.4269867Z [command]/usr/bin/git -c protocol.version=2 fetch --no-tags --prune --no-recurse-submodules --depth=1 origin +refs/heads/main*:refs/remotes/origin/main* +refs/tags/main*:refs/tags/main*
2025-11-21T03:11:51.6767268Z ##[endgroup]
2025-11-21T03:11:51.6767847Z ##[group]Determining the checkout info
2025-11-21T03:11:51.6774478Z [command]/usr/bin/git branch --list --remote origin/main
2025-11-21T03:11:51.6799411Z   origin/main
2025-11-21T03:11:51.6803529Z ##[endgroup]
2025-11-21T03:11:51.6807826Z [command]/usr/bin/git sparse-checkout disable
2025-11-21T03:11:51.6857473Z [command]/usr/bin/git config --local --unset-all extensions.worktreeConfig
2025-11-21T03:11:51.6884878Z ##[group]Checking out the ref
2025-11-21T03:11:51.6889609Z [command]/usr/bin/git checkout --progress --force -B main refs/remotes/origin/main
2025-11-21T03:11:51.6952463Z Switched to a new branch 'main'
2025-11-21T03:11:51.6955309Z branch 'main' set up to track 'origin/main'.
2025-11-21T03:11:51.6963760Z ##[endgroup]
2025-11-21T03:11:51.7000328Z [command]/usr/bin/git log -1 --format=%H
2025-11-21T03:11:51.7023007Z ba05bf7b5d85268b88a1ecf1065416a75ba2b506
2025-11-21T03:11:51.7136623Z ##[group]Run python3 aesthetic_prioritizing.py
2025-11-21T03:11:51.7136991Z [36;1mpython3 aesthetic_prioritizing.py[0m
2025-11-21T03:11:51.7171926Z shell: /usr/bin/bash -e {0}
2025-11-21T03:11:51.7172169Z env:
2025-11-21T03:11:51.7172430Z   pythonLocation: /opt/hostedtoolcache/Python/3.13.9/x64
2025-11-21T03:11:51.7172850Z   PKG_CONFIG_PATH: /opt/hostedtoolcache/Python/3.13.9/x64/lib/pkgconfig
2025-11-21T03:11:51.7173269Z   Python_ROOT_DIR: /opt/hostedtoolcache/Python/3.13.9/x64
2025-11-21T03:11:51.7173642Z   Python2_ROOT_DIR: /opt/hostedtoolcache/Python/3.13.9/x64
2025-11-21T03:11:51.7173991Z   Python3_ROOT_DIR: /opt/hostedtoolcache/Python/3.13.9/x64
2025-11-21T03:11:51.7174351Z   LD_LIBRARY_PATH: /opt/hostedtoolcache/Python/3.13.9/x64/lib
2025-11-21T03:11:51.7174791Z   PASS: ***
2025-11-21T03:11:51.7174979Z ##[endgroup]
2025-11-21T03:11:52.7175728Z Prioritizing: Attempt 1
2025-11-21T03:11:52.7181734Z Projects already on top. No prioritizing needed.
2025-11-21T03:11:52.7188139Z Prioritized projects in your favorite list.
2025-11-21T03:11:52.7194613Z Prioritizing: Attempt 1
2025-11-21T03:11:53.0153385Z Unfollowed stuido 50609120
2025-11-21T03:12:28.0165137Z Followed studio 50609120 to move it to the top
2025-11-21T03:13:13.4716307Z Unfollowed stuido 50609126
2025-11-21T03:13:48.4728900Z Followed studio 50609126 to move it to the top
2025-11-21T03:14:33.9660804Z Unfollowed stuido 50609128
2025-11-21T03:15:08.9673062Z Followed studio 50609128 to move it to the top
2025-11-21T03:15:54.3489712Z Unfollowed stuido 50609129
2025-11-21T03:16:29.3502876Z Followed studio 50609129 to move it to the top
2025-11-21T03:17:14.4714239Z Prioritized studios in your favorite list.
2025-11-21T03:17:14.5129993Z Post job cleanup.
2025-11-21T03:17:14.5975980Z [command]/usr/bin/git version
2025-11-21T03:17:14.6015294Z git version 2.51.2
2025-11-21T03:17:14.6055970Z Temporarily overriding HOME='/home/runner/work/_temp/d0af667f-a9d8-47a6-814f-64c511fc94be' before making global git config changes
2025-11-21T03:17:14.6056917Z Adding repository directory to the temporary git global config as a safe directory
2025-11-21T03:17:14.6062433Z [command]/usr/bin/git config --global --add safe.directory /home/runner/work/scratchattach/scratchattach
2025-11-21T03:17:14.6106888Z [command]/usr/bin/git config --local --name-only --get-regexp core\.sshCommand
2025-11-21T03:17:14.6145147Z [command]/usr/bin/git submodule foreach --recursive sh -c "git config --local --name-only --get-regexp 'core\.sshCommand' && git config --local --unset-all 'core.sshCommand' || :"
2025-11-21T03:17:14.6391918Z [command]/usr/bin/git config --local --name-only --get-regexp http\.https\:\/\/github\.com\/\.extraheader
2025-11-21T03:17:14.6443964Z http.https://github.com/.extraheader
2025-11-21T03:17:14.6454574Z [command]/usr/bin/git config --local --unset-all http.https://github.com/.extraheader
2025-11-21T03:17:14.6496425Z [command]/usr/bin/git submodule foreach --recursive sh -c "git config --local --name-only --get-regexp 'http\.https\:\/\/github\.com\/\.extraheader' && git config --local --unset-all 'http.https://github.com/.extraheader' || :"
2025-11-21T03:17:14.6759264Z [command]/usr/bin/git config --local --name-only --get-regexp ^includeIf\.gitdir:
2025-11-21T03:17:14.6802337Z [command]/usr/bin/git submodule foreach --recursive git config --local --show-origin --name-only --get-regexp remote.origin.url
2025-11-21T03:17:14.7231412Z Post job cleanup.
2025-11-21T03:17:14.8505907Z (node:2547) [DEP0040] DeprecationWarning: The `punycode` module is deprecated. Please use a userland alternative instead.
2025-11-21T03:17:14.8507193Z (Use `node --trace-deprecation ...` to show where the warning was created)
2025-11-21T03:17:14.8628015Z Post job cleanup.
2025-11-21T03:17:14.9471949Z [command]/usr/bin/git version
2025-11-21T03:17:14.9527178Z git version 2.51.2
2025-11-21T03:17:14.9578343Z Temporarily overriding HOME='/home/runner/work/_temp/e6475c9f-5aa9-4b14-9536-8bbbefa7eb72' before making global git config changes
2025-11-21T03:17:14.9579907Z Adding repository directory to the temporary git global config as a safe directory
2025-11-21T03:17:14.9586767Z [command]/usr/bin/git config --global --add safe.directory /home/runner/work/scratchattach/scratchattach
2025-11-21T03:17:14.9635683Z [command]/usr/bin/git config --local --name-only --get-regexp core\.sshCommand
2025-11-21T03:17:14.9677738Z [command]/usr/bin/git submodule foreach --recursive sh -c "git config --local --name-only --get-regexp 'core\.sshCommand' && git config --local --unset-all 'core.sshCommand' || :"
2025-11-21T03:17:14.9944686Z [command]/usr/bin/git config --local --name-only --get-regexp http\.https\:\/\/github\.com\/\.extraheader
2025-11-21T03:17:14.9990962Z [command]/usr/bin/git submodule foreach --recursive sh -c "git config --local --name-only --get-regexp 'http\.https\:\/\/github\.com\/\.extraheader' && git config --local --unset-all 'http.https://github.com/.extraheader' || :"
2025-11-21T03:17:15.0272816Z [command]/usr/bin/git config --local --name-only --get-regexp ^includeIf\.gitdir:
2025-11-21T03:17:15.0352917Z [command]/usr/bin/git submodule foreach --recursive git config --local --show-origin --name-only --get-regexp remote.origin.url
2025-11-21T03:17:15.0763323Z Cleaning up orphan processes
