2025-11-16T01:52:54.8437081Z Current runner version: '2.329.0'
2025-11-16T01:52:54.8473110Z ##[group]Runner Image Provisioner
2025-11-16T01:52:54.8474371Z Hosted Compute Agent
2025-11-16T01:52:54.8475605Z Version: 20251016.436
2025-11-16T01:52:54.8476635Z Commit: 8ab8ac8bfd662a3739dab9fe09456aba92132568
2025-11-16T01:52:54.8477850Z Build Date: 2025-10-15T20:44:12Z
2025-11-16T01:52:54.8478904Z ##[endgroup]
2025-11-16T01:52:54.8479849Z ##[group]Operating System
2025-11-16T01:52:54.8480756Z Ubuntu
2025-11-16T01:52:54.8481539Z 24.04.3
2025-11-16T01:52:54.8482311Z LTS
2025-11-16T01:52:54.8483066Z ##[endgroup]
2025-11-16T01:52:54.8484031Z ##[group]Runner Image
2025-11-16T01:52:54.8485307Z Image: ubuntu-24.04
2025-11-16T01:52:54.8486200Z Version: 20251112.124.1
2025-11-16T01:52:54.8488149Z Included Software: https://github.com/actions/runner-images/blob/ubuntu24/20251112.124/images/ubuntu/Ubuntu2404-Readme.md
2025-11-16T01:52:54.8490915Z Image Release: https://github.com/actions/runner-images/releases/tag/ubuntu24%2F20251112.124
2025-11-16T01:52:54.8492758Z ##[endgroup]
2025-11-16T01:52:54.8494472Z ##[group]GITHUB_TOKEN Permissions
2025-11-16T01:52:54.8497376Z Contents: write
2025-11-16T01:52:54.8498209Z Metadata: read
2025-11-16T01:52:54.8499198Z ##[endgroup]
2025-11-16T01:52:54.8502342Z Secret source: Actions
2025-11-16T01:52:54.8503474Z Prepare workflow directory
2025-11-16T01:52:54.8989652Z Prepare all required actions
2025-11-16T01:52:54.9048809Z Getting action download info
2025-11-16T01:52:55.1852615Z Download action repository 'actions/checkout@v5.0.0' (SHA:08c6903cd8c0fde910a37f88322edcfb5dd907a8)
2025-11-16T01:52:55.2932061Z Download action repository 'pawanbahuguna/action-logs@v2.0.0' (SHA:2fb2206c1749d6d09b8799a05519c08ee503660d)
2025-11-16T01:52:55.6926175Z Complete job name: Download GH action logs
2025-11-16T01:52:55.7487359Z ##[group]Build container for action use: '/home/runner/work/_actions/pawanbahuguna/action-logs/v2.0.0/Dockerfile'.
2025-11-16T01:52:55.7540617Z ##[command]/usr/bin/docker build -t d3bc0f:e1f2aeebfa114741860b19c5bcb56868 -f "/home/runner/work/_actions/pawanbahuguna/action-logs/v2.0.0/Dockerfile" "/home/runner/work/_actions/pawanbahuguna/action-logs/v2.0.0"
2025-11-16T01:53:01.0767891Z #0 building with "default" instance using docker driver
2025-11-16T01:53:01.0768673Z 
2025-11-16T01:53:01.0768955Z #1 [internal] load build definition from Dockerfile
2025-11-16T01:53:01.0769743Z #1 transferring dockerfile: 347B done
2025-11-16T01:53:01.0770316Z #1 DONE 0.0s
2025-11-16T01:53:01.0770568Z 
2025-11-16T01:53:01.0770887Z #2 [auth] library/alpine:pull token for registry-1.docker.io
2025-11-16T01:53:01.2265292Z #2 DONE 0.0s
2025-11-16T01:53:01.2265798Z 
2025-11-16T01:53:01.2266202Z #3 [internal] load metadata for docker.io/library/alpine:latest
2025-11-16T01:53:01.5118285Z #3 DONE 0.5s
2025-11-16T01:53:01.6346640Z 
2025-11-16T01:53:01.6347151Z #4 [internal] load .dockerignore
2025-11-16T01:53:01.6347667Z #4 transferring context: 2B done
2025-11-16T01:53:01.6348031Z #4 DONE 0.0s
2025-11-16T01:53:01.6348219Z 
2025-11-16T01:53:01.6348358Z #5 [internal] load build context
2025-11-16T01:53:01.6348689Z #5 transferring context: 2.53kB done
2025-11-16T01:53:01.6348975Z #5 DONE 0.0s
2025-11-16T01:53:01.6349139Z 
2025-11-16T01:53:01.6349520Z #6 [1/4] FROM docker.io/library/alpine:latest@sha256:4b7ce07002c69e8f3d704a9c5d6fd3053be500b7f1c69fc0d80990c2ad8dd412
2025-11-16T01:53:01.6350425Z #6 resolve docker.io/library/alpine:latest@sha256:4b7ce07002c69e8f3d704a9c5d6fd3053be500b7f1c69fc0d80990c2ad8dd412 done
2025-11-16T01:53:01.6351209Z #6 sha256:2d35ebdb57d9971fea0cac1582aa78935adf8058b2cc32db163c98822e5dfa1b 2.10MB / 3.80MB 0.1s
2025-11-16T01:53:01.6351903Z #6 sha256:4b7ce07002c69e8f3d704a9c5d6fd3053be500b7f1c69fc0d80990c2ad8dd412 9.22kB / 9.22kB done
2025-11-16T01:53:01.6352590Z #6 sha256:85f2b723e106c34644cd5851d7e81ee87da98ac54672b29947c052a45d31dc2f 1.02kB / 1.02kB done
2025-11-16T01:53:01.6353237Z #6 sha256:706db57fb2063f39f69632c5b5c9c439633fda35110e65587c5d85553fd1cc38 581B / 581B done
2025-11-16T01:53:01.7715568Z #6 sha256:2d35ebdb57d9971fea0cac1582aa78935adf8058b2cc32db163c98822e5dfa1b 3.80MB / 3.80MB 0.1s done
2025-11-16T01:53:01.7717527Z #6 extracting sha256:2d35ebdb57d9971fea0cac1582aa78935adf8058b2cc32db163c98822e5dfa1b 0.1s
2025-11-16T01:53:01.9622160Z #6 extracting sha256:2d35ebdb57d9971fea0cac1582aa78935adf8058b2cc32db163c98822e5dfa1b 0.1s done
2025-11-16T01:53:01.9625001Z #6 DONE 0.3s
2025-11-16T01:53:01.9625448Z 
2025-11-16T01:53:01.9625700Z #7 [2/4] RUN apk update && apk add --no-cache curl jq
2025-11-16T01:53:01.9657624Z #7 0.154 fetch https://dl-cdn.alpinelinux.org/alpine/v3.22/main/x86_64/APKINDEX.tar.gz
2025-11-16T01:53:02.1931696Z #7 0.231 fetch https://dl-cdn.alpinelinux.org/alpine/v3.22/community/x86_64/APKINDEX.tar.gz
2025-11-16T01:53:02.3943975Z #7 0.583 v3.22.2-205-g67f78a6e93a [https://dl-cdn.alpinelinux.org/alpine/v3.22/main]
2025-11-16T01:53:02.3945160Z #7 0.583 v3.22.2-203-g1b1e85781b8 [https://dl-cdn.alpinelinux.org/alpine/v3.22/community]
2025-11-16T01:53:02.3945839Z #7 0.583 OK: 26320 distinct packages available
2025-11-16T01:53:02.5472323Z #7 0.665 fetch https://dl-cdn.alpinelinux.org/alpine/v3.22/main/x86_64/APKINDEX.tar.gz
2025-11-16T01:53:02.5473613Z #7 0.736 fetch https://dl-cdn.alpinelinux.org/alpine/v3.22/community/x86_64/APKINDEX.tar.gz
2025-11-16T01:53:02.8635786Z #7 1.052 (1/11) Installing brotli-libs (1.1.0-r2)
2025-11-16T01:53:03.1097783Z #7 1.065 (2/11) Installing c-ares (1.34.5-r0)
2025-11-16T01:53:03.1100127Z #7 1.069 (3/11) Installing libunistring (1.3-r0)
2025-11-16T01:53:03.1102511Z #7 1.082 (4/11) Installing libidn2 (2.3.7-r0)
2025-11-16T01:53:03.1103602Z #7 1.086 (5/11) Installing nghttp2-libs (1.65.0-r0)
2025-11-16T01:53:03.1104122Z #7 1.090 (6/11) Installing libpsl (0.21.5-r3)
2025-11-16T01:53:03.1104615Z #7 1.094 (7/11) Installing zstd-libs (1.5.7-r0)
2025-11-16T01:53:03.1105755Z #7 1.117 (8/11) Installing libcurl (8.14.1-r2)
2025-11-16T01:53:03.1106272Z #7 1.124 (9/11) Installing curl (8.14.1-r2)
2025-11-16T01:53:03.1106755Z #7 1.129 (10/11) Installing oniguruma (6.9.10-r0)
2025-11-16T01:53:03.1107280Z #7 1.136 (11/11) Installing jq (1.8.1-r0)
2025-11-16T01:53:03.1107733Z #7 1.141 Executing busybox-1.37.0-r19.trigger
2025-11-16T01:53:03.1108143Z #7 1.148 OK: 13 MiB in 27 packages
2025-11-16T01:53:03.4798587Z #7 DONE 1.7s
2025-11-16T01:53:03.6060882Z 
2025-11-16T01:53:03.6061343Z #8 [3/4] COPY entrypoint.sh /entrypoint.sh
2025-11-16T01:53:03.6061868Z #8 DONE 0.0s
2025-11-16T01:53:03.6062033Z 
2025-11-16T01:53:03.7580220Z #9 [4/4] RUN chmod +x /entrypoint.sh
2025-11-16T01:53:03.7580855Z #9 DONE 0.1s
2025-11-16T01:53:03.7581103Z 
2025-11-16T01:53:03.7581245Z #10 exporting to image
2025-11-16T01:53:03.7581723Z #10 exporting layers
2025-11-16T01:53:04.0107952Z #10 exporting layers 0.4s done
2025-11-16T01:53:04.0297573Z #10 writing image sha256:38b215cf8ae2e08b1b852d5e0d4b85841aaad1c846c3d76b20513cecc7461813 done
2025-11-16T01:53:04.0298568Z #10 naming to docker.io/library/d3bc0f:e1f2aeebfa114741860b19c5bcb56868 done
2025-11-16T01:53:04.0299138Z #10 DONE 0.4s
2025-11-16T01:53:04.0409536Z ##[endgroup]
2025-11-16T01:53:04.0684591Z ##[group]Run actions/checkout@v5.0.0
2025-11-16T01:53:04.0685514Z with:
2025-11-16T01:53:04.0685730Z   repository: Boss-1s/scratchattach
2025-11-16T01:53:04.0686190Z   token: ***
2025-11-16T01:53:04.0686385Z   ssh-strict: true
2025-11-16T01:53:04.0686565Z   ssh-user: git
2025-11-16T01:53:04.0686758Z   persist-credentials: true
2025-11-16T01:53:04.0686967Z   clean: true
2025-11-16T01:53:04.0687160Z   sparse-checkout-cone-mode: true
2025-11-16T01:53:04.0687401Z   fetch-depth: 1
2025-11-16T01:53:04.0687578Z   fetch-tags: false
2025-11-16T01:53:04.0687766Z   show-progress: true
2025-11-16T01:53:04.0687953Z   lfs: false
2025-11-16T01:53:04.0688118Z   submodules: false
2025-11-16T01:53:04.0688308Z   set-safe-directory: true
2025-11-16T01:53:04.0688697Z ##[endgroup]
2025-11-16T01:53:04.1696634Z Syncing repository: Boss-1s/scratchattach
2025-11-16T01:53:04.1698873Z ##[group]Getting Git version info
2025-11-16T01:53:04.1699699Z Working directory is '/home/runner/work/scratchattach/scratchattach'
2025-11-16T01:53:04.1701284Z [command]/usr/bin/git version
2025-11-16T01:53:04.1701775Z git version 2.51.2
2025-11-16T01:53:04.1720922Z ##[endgroup]
2025-11-16T01:53:04.1736080Z Temporarily overriding HOME='/home/runner/work/_temp/9a87808c-2e43-4810-9c5d-8dd38813b369' before making global git config changes
2025-11-16T01:53:04.1736960Z Adding repository directory to the temporary git global config as a safe directory
2025-11-16T01:53:04.1742695Z [command]/usr/bin/git config --global --add safe.directory /home/runner/work/scratchattach/scratchattach
2025-11-16T01:53:04.1786055Z Deleting the contents of '/home/runner/work/scratchattach/scratchattach'
2025-11-16T01:53:04.1790082Z ##[group]Initializing the repository
2025-11-16T01:53:04.1795290Z [command]/usr/bin/git init /home/runner/work/scratchattach/scratchattach
2025-11-16T01:53:04.1913366Z hint: Using 'master' as the name for the initial branch. This default branch name
2025-11-16T01:53:04.1914316Z hint: is subject to change. To configure the initial branch name to use in all
2025-11-16T01:53:04.1915268Z hint: of your new repositories, which will suppress this warning, call:
2025-11-16T01:53:04.1915840Z hint:
2025-11-16T01:53:04.1916269Z hint: 	git config --global init.defaultBranch <name>
2025-11-16T01:53:04.1916766Z hint:
2025-11-16T01:53:04.1917353Z hint: Names commonly chosen instead of 'master' are 'main', 'trunk' and
2025-11-16T01:53:04.1918124Z hint: 'development'. The just-created branch can be renamed via this command:
2025-11-16T01:53:04.1918732Z hint:
2025-11-16T01:53:04.1919018Z hint: 	git branch -m <name>
2025-11-16T01:53:04.1919360Z hint:
2025-11-16T01:53:04.1919834Z hint: Disable this message with "git config set advice.defaultBranchName false"
2025-11-16T01:53:04.1920611Z Initialized empty Git repository in /home/runner/work/scratchattach/scratchattach/.git/
2025-11-16T01:53:04.1930135Z [command]/usr/bin/git remote add origin https://github.com/Boss-1s/scratchattach
2025-11-16T01:53:04.2002938Z ##[endgroup]
2025-11-16T01:53:04.2003405Z ##[group]Disabling automatic garbage collection
2025-11-16T01:53:04.2007851Z [command]/usr/bin/git config --local gc.auto 0
2025-11-16T01:53:04.2045679Z ##[endgroup]
2025-11-16T01:53:04.2046097Z ##[group]Setting up auth
2025-11-16T01:53:04.2046505Z [command]/usr/bin/git config --local --name-only --get-regexp core\.sshCommand
2025-11-16T01:53:04.2079645Z [command]/usr/bin/git submodule foreach --recursive sh -c "git config --local --name-only --get-regexp 'core\.sshCommand' && git config --local --unset-all 'core.sshCommand' || :"
2025-11-16T01:53:04.2449900Z [command]/usr/bin/git config --local --name-only --get-regexp http\.https\:\/\/github\.com\/\.extraheader
2025-11-16T01:53:04.2484389Z [command]/usr/bin/git submodule foreach --recursive sh -c "git config --local --name-only --get-regexp 'http\.https\:\/\/github\.com\/\.extraheader' && git config --local --unset-all 'http.https://github.com/.extraheader' || :"
2025-11-16T01:53:04.2724745Z [command]/usr/bin/git config --local http.https://github.com/.extraheader AUTHORIZATION: basic ***
2025-11-16T01:53:04.2764343Z ##[endgroup]
2025-11-16T01:53:04.2765311Z ##[group]Fetching the repository
2025-11-16T01:53:04.2774271Z [command]/usr/bin/git -c protocol.version=2 fetch --no-tags --prune --no-recurse-submodules --depth=1 origin +74e2ad4c21019e74435146bcf40a83b28b9e9bdb:refs/remotes/origin/main
2025-11-16T01:53:05.5760984Z From https://github.com/Boss-1s/scratchattach
2025-11-16T01:53:05.5761953Z  * [new ref]         74e2ad4c21019e74435146bcf40a83b28b9e9bdb -> origin/main
2025-11-16T01:53:05.5796183Z ##[endgroup]
2025-11-16T01:53:05.5796778Z ##[group]Determining the checkout info
2025-11-16T01:53:05.5798236Z ##[endgroup]
2025-11-16T01:53:05.5803502Z [command]/usr/bin/git sparse-checkout disable
2025-11-16T01:53:05.5862137Z [command]/usr/bin/git config --local --unset-all extensions.worktreeConfig
2025-11-16T01:53:05.5898509Z ##[group]Checking out the ref
2025-11-16T01:53:05.5899324Z [command]/usr/bin/git checkout --progress --force -B main refs/remotes/origin/main
2025-11-16T01:53:06.0213464Z Switched to a new branch 'main'
2025-11-16T01:53:06.0214493Z branch 'main' set up to track 'origin/main'.
2025-11-16T01:53:06.0261392Z ##[endgroup]
2025-11-16T01:53:06.0306659Z [command]/usr/bin/git log -1 --format=%H
2025-11-16T01:53:06.0332360Z 74e2ad4c21019e74435146bcf40a83b28b9e9bdb
2025-11-16T01:53:06.0536432Z ##[group]Run pawanbahuguna/action-logs@v2.0.0
2025-11-16T01:53:06.0536738Z env:
2025-11-16T01:53:06.0537300Z   GH_TOKEN: ***
2025-11-16T01:53:06.0537514Z   GH_REPO: Boss-1s/scratchattach
2025-11-16T01:53:06.0537743Z   LOGS_DIR: .logs
2025-11-16T01:53:06.0537920Z ##[endgroup]
2025-11-16T01:53:06.0631867Z ##[command]/usr/bin/docker run --name d3bc0fe1f2aeebfa114741860b19c5bcb56868_9710f3 --label d3bc0f --workdir /github/workspace --rm -e "GH_TOKEN" -e "GH_REPO" -e "LOGS_DIR" -e "HOME" -e "GITHUB_JOB" -e "GITHUB_REF" -e "GITHUB_SHA" -e "GITHUB_REPOSITORY" -e "GITHUB_REPOSITORY_OWNER" -e "GITHUB_REPOSITORY_OWNER_ID" -e "GITHUB_RUN_ID" -e "GITHUB_RUN_NUMBER" -e "GITHUB_RETENTION_DAYS" -e "GITHUB_RUN_ATTEMPT" -e "GITHUB_ACTOR_ID" -e "GITHUB_ACTOR" -e "GITHUB_WORKFLOW" -e "GITHUB_HEAD_REF" -e "GITHUB_BASE_REF" -e "GITHUB_EVENT_NAME" -e "GITHUB_SERVER_URL" -e "GITHUB_API_URL" -e "GITHUB_GRAPHQL_URL" -e "GITHUB_REF_NAME" -e "GITHUB_REF_PROTECTED" -e "GITHUB_REF_TYPE" -e "GITHUB_WORKFLOW_REF" -e "GITHUB_WORKFLOW_SHA" -e "GITHUB_REPOSITORY_ID" -e "GITHUB_TRIGGERING_ACTOR" -e "GITHUB_WORKSPACE" -e "GITHUB_ACTION" -e "GITHUB_EVENT_PATH" -e "GITHUB_ACTION_REPOSITORY" -e "GITHUB_ACTION_REF" -e "GITHUB_PATH" -e "GITHUB_ENV" -e "GITHUB_STEP_SUMMARY" -e "GITHUB_STATE" -e "GITHUB_OUTPUT" -e "RUNNER_OS" -e "RUNNER_ARCH" -e "RUNNER_NAME" -e "RUNNER_ENVIRONMENT" -e "RUNNER_TOOL_CACHE" -e "RUNNER_TEMP" -e "RUNNER_WORKSPACE" -e "ACTIONS_RUNTIME_URL" -e "ACTIONS_RUNTIME_TOKEN" -e "ACTIONS_CACHE_URL" -e "ACTIONS_RESULTS_URL" -e GITHUB_ACTIONS=true -e CI=true -v "/var/run/docker.sock":"/var/run/docker.sock" -v "/home/runner/work/_temp/_github_home":"/github/home" -v "/home/runner/work/_temp/_github_workflow":"/github/workflow" -v "/home/runner/work/_temp/_runner_file_commands":"/github/file_commands" -v "/home/runner/work/scratchattach/scratchattach":"/github/workspace" d3bc0f:e1f2aeebfa114741860b19c5bcb56868
2025-11-16T01:53:06.8585751Z Will only process 24hrs logs before or equal to 2025-11-15T01:53:06Z
2025-11-16T01:53:06.8586689Z Searching Workflow Runs
2025-11-16T01:53:09.4948411Z Fetching Job IDs
2025-11-16T01:53:12.5242753Z mkdir: can't create directory '.logs': File exists
2025-11-16T01:53:12.5249766Z Writing logs for job 55502463616
2025-11-16T01:53:12.7224490Z Writing logs for job 55502354428
2025-11-16T01:53:12.9934432Z Writing logs for job 55492401050
2025-11-16T01:53:13.3124198Z Writing logs for job 55491829705
2025-11-16T01:53:13.6339039Z Writing logs for job 55491566851
2025-11-16T01:53:14.0249502Z Writing logs for job 55491056232
2025-11-16T01:53:14.3464562Z Writing logs for job 55482705819
2025-11-16T01:53:14.6443522Z Writing logs for job 55482020458
2025-11-16T01:53:14.9439865Z Writing logs for job 55473178893
2025-11-16T01:53:15.2228092Z Writing logs for job 55472916208
2025-11-16T01:53:15.5723839Z Writing logs for job 55472380943
2025-11-16T01:53:15.8789586Z Writing logs for job 55466494887
2025-11-16T01:53:16.2177349Z Logs Downloaded and saved!
2025-11-16T01:53:16.2177871Z Starting cleanup
2025-11-16T01:53:16.2184797Z cleanup Completed!!
2025-11-16T01:53:16.3152958Z ##[group]Run git config --global user.name 'Boss_1s [via Actions]'
2025-11-16T01:53:16.3153498Z [36;1mgit config --global user.name 'Boss_1s [via Actions]'[0m
2025-11-16T01:53:16.3153940Z [36;1mgit config --global user.email 'Boss-1s[auto]@users.noreply.github.com'[0m
2025-11-16T01:53:16.3154322Z [36;1m[0m
2025-11-16T01:53:16.3154501Z [36;1mgit pull origin main[0m
2025-11-16T01:53:16.3154722Z [36;1m[0m
2025-11-16T01:53:16.3155199Z [36;1mGIT_STATUS_OUTPUT=$(git status --porcelain)[0m
2025-11-16T01:53:16.3155630Z [36;1m[0m
2025-11-16T01:53:16.3155917Z [36;1mif [ -z "$GIT_STATUS_OUTPUT" ]; then[0m
2025-11-16T01:53:16.3156565Z [36;1m  echo "Git working tree is clean (no uncommitted changes)."[0m
2025-11-16T01:53:16.3156869Z [36;1m  exit 0[0m
2025-11-16T01:53:16.3157044Z [36;1melse[0m
2025-11-16T01:53:16.3157264Z [36;1m  echo "Git working tree has uncommitted changes:"[0m
2025-11-16T01:53:16.3157563Z [36;1m  echo "$GIT_STATUS_OUTPUT"[0m
2025-11-16T01:53:16.3157913Z [36;1m  echo "These changes will be pushed to the main branch."[0m
2025-11-16T01:53:16.3158211Z [36;1mfi[0m
2025-11-16T01:53:16.3158375Z [36;1m[0m
2025-11-16T01:53:16.3158529Z [36;1mgit add .[0m
2025-11-16T01:53:16.3158740Z [36;1mgit commit -m "[BOT] Download Logs"[0m
2025-11-16T01:53:16.3159004Z [36;1mgit push origin main[0m
2025-11-16T01:53:16.3196544Z shell: /usr/bin/bash -e {0}
2025-11-16T01:53:16.3196798Z ##[endgroup]
2025-11-16T01:53:16.4946972Z From https://github.com/Boss-1s/scratchattach
2025-11-16T01:53:16.4947387Z  * branch            main       -> FETCH_HEAD
2025-11-16T01:53:16.5026862Z Already up to date.
2025-11-16T01:53:16.5311667Z Git working tree has uncommitted changes:
2025-11-16T01:53:16.5312192Z ?? .logs/logs-55466494887-2025-11-16.txt
2025-11-16T01:53:16.5312491Z ?? .logs/logs-55472380943-2025-11-16.txt
2025-11-16T01:53:16.5312737Z ?? .logs/logs-55472916208-2025-11-16.txt
2025-11-16T01:53:16.5312979Z ?? .logs/logs-55473178893-2025-11-16.txt
2025-11-16T01:53:16.5313246Z ?? .logs/logs-55482020458-2025-11-16.txt
2025-11-16T01:53:16.5313479Z ?? .logs/logs-55482705819-2025-11-16.txt
2025-11-16T01:53:16.5313698Z ?? .logs/logs-55491056232-2025-11-16.txt
2025-11-16T01:53:16.5313929Z ?? .logs/logs-55491566851-2025-11-16.txt
2025-11-16T01:53:16.5314186Z ?? .logs/logs-55491829705-2025-11-16.txt
2025-11-16T01:53:16.5314408Z ?? .logs/logs-55492401050-2025-11-16.txt
2025-11-16T01:53:16.5314645Z ?? .logs/logs-55502354428-2025-11-16.txt
2025-11-16T01:53:16.5315089Z ?? .logs/logs-55502463616-2025-11-16.txt
2025-11-16T01:53:16.5315381Z These changes will be pushed to the main branch.
2025-11-16T01:53:16.5550437Z [main 72b676c] [BOT] Download Logs
2025-11-16T01:53:16.5551003Z  12 files changed, 4016 insertions(+)
2025-11-16T01:53:16.5551527Z  create mode 100644 .logs/logs-55466494887-2025-11-16.txt
2025-11-16T01:53:16.5552104Z  create mode 100644 .logs/logs-55472380943-2025-11-16.txt
2025-11-16T01:53:16.5552641Z  create mode 100644 .logs/logs-55472916208-2025-11-16.txt
2025-11-16T01:53:16.5553201Z  create mode 100644 .logs/logs-55473178893-2025-11-16.txt
2025-11-16T01:53:16.5553587Z  create mode 100644 .logs/logs-55482020458-2025-11-16.txt
2025-11-16T01:53:16.5553904Z  create mode 100644 .logs/logs-55482705819-2025-11-16.txt
2025-11-16T01:53:16.5554216Z  create mode 100644 .logs/logs-55491056232-2025-11-16.txt
2025-11-16T01:53:16.5554514Z  create mode 100644 .logs/logs-55491566851-2025-11-16.txt
2025-11-16T01:53:16.5555013Z  create mode 100644 .logs/logs-55491829705-2025-11-16.txt
2025-11-16T01:53:16.5555344Z  create mode 100644 .logs/logs-55492401050-2025-11-16.txt
2025-11-16T01:53:16.5555640Z  create mode 100644 .logs/logs-55502354428-2025-11-16.txt
2025-11-16T01:53:16.5555950Z  create mode 100644 .logs/logs-55502463616-2025-11-16.txt
2025-11-16T01:53:17.1512600Z To https://github.com/Boss-1s/scratchattach
2025-11-16T01:53:17.1513161Z    74e2ad4..72b676c  main -> main
2025-11-16T01:53:17.1627260Z Post job cleanup.
2025-11-16T01:53:17.2492041Z [command]/usr/bin/git version
2025-11-16T01:53:17.2564130Z git version 2.51.2
2025-11-16T01:53:17.2598901Z Copying '/home/runner/.gitconfig' to '/home/runner/work/_temp/84e0c4b3-4d4b-471f-8234-d76564375d76/.gitconfig'
2025-11-16T01:53:17.2608525Z Temporarily overriding HOME='/home/runner/work/_temp/84e0c4b3-4d4b-471f-8234-d76564375d76' before making global git config changes
2025-11-16T01:53:17.2609767Z Adding repository directory to the temporary git global config as a safe directory
2025-11-16T01:53:17.2614191Z [command]/usr/bin/git config --global --add safe.directory /home/runner/work/scratchattach/scratchattach
2025-11-16T01:53:17.2653804Z [command]/usr/bin/git config --local --name-only --get-regexp core\.sshCommand
2025-11-16T01:53:17.2688298Z [command]/usr/bin/git submodule foreach --recursive sh -c "git config --local --name-only --get-regexp 'core\.sshCommand' && git config --local --unset-all 'core.sshCommand' || :"
2025-11-16T01:53:17.2928767Z [command]/usr/bin/git config --local --name-only --get-regexp http\.https\:\/\/github\.com\/\.extraheader
2025-11-16T01:53:17.2954073Z http.https://github.com/.extraheader
2025-11-16T01:53:17.2965998Z [command]/usr/bin/git config --local --unset-all http.https://github.com/.extraheader
2025-11-16T01:53:17.3000037Z [command]/usr/bin/git submodule foreach --recursive sh -c "git config --local --name-only --get-regexp 'http\.https\:\/\/github\.com\/\.extraheader' && git config --local --unset-all 'http.https://github.com/.extraheader' || :"
2025-11-16T01:53:17.3361629Z Cleaning up orphan processes
