2026-01-01T20:11:48.8189082Z Current runner version: '2.330.0'
2026-01-01T20:11:48.8213639Z ##[group]Runner Image Provisioner
2026-01-01T20:11:48.8214458Z Hosted Compute Agent
2026-01-01T20:11:48.8214949Z Version: 20251211.462
2026-01-01T20:11:48.8215466Z Commit: 6cbad8c2bb55d58165063d031ccabf57e2d2db61
2026-01-01T20:11:48.8216129Z Build Date: 2025-12-11T16:28:49Z
2026-01-01T20:11:48.8216722Z Worker ID: {f962f854-50c1-444d-a5d4-32bc23b72ce3}
2026-01-01T20:11:48.8217316Z ##[endgroup]
2026-01-01T20:11:48.8217851Z ##[group]Operating System
2026-01-01T20:11:48.8218323Z Ubuntu
2026-01-01T20:11:48.8218744Z 24.04.3
2026-01-01T20:11:48.8219139Z LTS
2026-01-01T20:11:48.8219562Z ##[endgroup]
2026-01-01T20:11:48.8219985Z ##[group]Runner Image
2026-01-01T20:11:48.8220468Z Image: ubuntu-24.04
2026-01-01T20:11:48.8220949Z Version: 20251215.174.1
2026-01-01T20:11:48.8222071Z Included Software: https://github.com/actions/runner-images/blob/ubuntu24/20251215.174/images/ubuntu/Ubuntu2404-Readme.md
2026-01-01T20:11:48.8223501Z Image Release: https://github.com/actions/runner-images/releases/tag/ubuntu24%2F20251215.174
2026-01-01T20:11:48.8224361Z ##[endgroup]
2026-01-01T20:11:48.8225360Z ##[group]GITHUB_TOKEN Permissions
2026-01-01T20:11:48.8227376Z Contents: read
2026-01-01T20:11:48.8227813Z Metadata: read
2026-01-01T20:11:48.8228322Z ##[endgroup]
2026-01-01T20:11:48.8230384Z Secret source: Actions
2026-01-01T20:11:48.8230973Z Prepare workflow directory
2026-01-01T20:11:48.8557693Z Prepare all required actions
2026-01-01T20:11:48.8596642Z Getting action download info
2026-01-01T20:11:49.2130499Z Download action repository 'actions/checkout@v6.0.1' (SHA:8e8c483db84b4bee98b60c0593521ed34d9990e8)
2026-01-01T20:11:49.2811830Z Download action repository 'actions/setup-python@v6.1.0' (SHA:83679a892e2d95755f2dac6acb0bfd1e9ac5d548)
2026-01-01T20:11:49.4676979Z Complete job name: build (3.14, ubuntu-latest)
2026-01-01T20:11:49.5909026Z ##[group]Run actions/checkout@v6.0.1
2026-01-01T20:11:49.5909938Z with:
2026-01-01T20:11:49.5910441Z   repository: Boss-1s/scratchattach
2026-01-01T20:11:49.5911187Z   token: ***
2026-01-01T20:11:49.5911927Z   ssh-strict: true
2026-01-01T20:11:49.5912350Z   ssh-user: git
2026-01-01T20:11:49.5912790Z   persist-credentials: true
2026-01-01T20:11:49.5913296Z   clean: true
2026-01-01T20:11:49.5913770Z   sparse-checkout-cone-mode: true
2026-01-01T20:11:49.5914265Z   fetch-depth: 1
2026-01-01T20:11:49.5914703Z   fetch-tags: false
2026-01-01T20:11:49.5915138Z   show-progress: true
2026-01-01T20:11:49.5915545Z   lfs: false
2026-01-01T20:11:49.5915993Z   submodules: false
2026-01-01T20:11:49.5916421Z   set-safe-directory: true
2026-01-01T20:11:49.5917541Z ##[endgroup]
2026-01-01T20:11:49.6831405Z Syncing repository: Boss-1s/scratchattach
2026-01-01T20:11:49.6833817Z ##[group]Getting Git version info
2026-01-01T20:11:49.6834691Z Working directory is '/home/runner/work/scratchattach/scratchattach'
2026-01-01T20:11:49.6835765Z [command]/usr/bin/git version
2026-01-01T20:11:49.8326060Z git version 2.52.0
2026-01-01T20:11:49.8347107Z ##[endgroup]
2026-01-01T20:11:49.8369892Z Temporarily overriding HOME='/home/runner/work/_temp/997a8e1c-78d2-4137-8811-121899004c15' before making global git config changes
2026-01-01T20:11:49.8372710Z Adding repository directory to the temporary git global config as a safe directory
2026-01-01T20:11:49.8374871Z [command]/usr/bin/git config --global --add safe.directory /home/runner/work/scratchattach/scratchattach
2026-01-01T20:11:50.0796857Z Deleting the contents of '/home/runner/work/scratchattach/scratchattach'
2026-01-01T20:11:50.0805584Z ##[group]Initializing the repository
2026-01-01T20:11:50.0807233Z [command]/usr/bin/git init /home/runner/work/scratchattach/scratchattach
2026-01-01T20:11:50.1284715Z hint: Using 'master' as the name for the initial branch. This default branch name
2026-01-01T20:11:50.1286490Z hint: will change to "main" in Git 3.0. To configure the initial branch name
2026-01-01T20:11:50.1287892Z hint: to use in all of your new repositories, which will suppress this warning,
2026-01-01T20:11:50.1289016Z hint: call:
2026-01-01T20:11:50.1289857Z hint:
2026-01-01T20:11:50.1290692Z hint: 	git config --global init.defaultBranch <name>
2026-01-01T20:11:50.1291275Z hint:
2026-01-01T20:11:50.1292062Z hint: Names commonly chosen instead of 'master' are 'main', 'trunk' and
2026-01-01T20:11:50.1293411Z hint: 'development'. The just-created branch can be renamed via this command:
2026-01-01T20:11:50.1294175Z hint:
2026-01-01T20:11:50.1294808Z hint: 	git branch -m <name>
2026-01-01T20:11:50.1295626Z hint:
2026-01-01T20:11:50.1296576Z hint: Disable this message with "git config set advice.defaultBranchName false"
2026-01-01T20:11:50.1298266Z Initialized empty Git repository in /home/runner/work/scratchattach/scratchattach/.git/
2026-01-01T20:11:50.1304948Z [command]/usr/bin/git remote add origin https://github.com/Boss-1s/scratchattach
2026-01-01T20:11:50.1347373Z ##[endgroup]
2026-01-01T20:11:50.1348212Z ##[group]Disabling automatic garbage collection
2026-01-01T20:11:50.1350065Z [command]/usr/bin/git config --local gc.auto 0
2026-01-01T20:11:50.1401058Z ##[endgroup]
2026-01-01T20:11:50.1402550Z ##[group]Setting up auth
2026-01-01T20:11:50.1403370Z Removing SSH command configuration
2026-01-01T20:11:50.1408294Z [command]/usr/bin/git config --local --name-only --get-regexp core\.sshCommand
2026-01-01T20:11:50.1439059Z [command]/usr/bin/git submodule foreach --recursive sh -c "git config --local --name-only --get-regexp 'core\.sshCommand' && git config --local --unset-all 'core.sshCommand' || :"
2026-01-01T20:11:50.7772175Z Removing HTTP extra header
2026-01-01T20:11:50.7776660Z [command]/usr/bin/git config --local --name-only --get-regexp http\.https\:\/\/github\.com\/\.extraheader
2026-01-01T20:11:50.7807791Z [command]/usr/bin/git submodule foreach --recursive sh -c "git config --local --name-only --get-regexp 'http\.https\:\/\/github\.com\/\.extraheader' && git config --local --unset-all 'http.https://github.com/.extraheader' || :"
2026-01-01T20:11:50.7986459Z Removing includeIf entries pointing to credentials config files
2026-01-01T20:11:50.7991606Z [command]/usr/bin/git config --local --name-only --get-regexp ^includeIf\.gitdir:
2026-01-01T20:11:50.8023365Z [command]/usr/bin/git submodule foreach --recursive git config --local --show-origin --name-only --get-regexp remote.origin.url
2026-01-01T20:11:50.8214564Z [command]/usr/bin/git config --file /home/runner/work/_temp/git-credentials-82f1cf2d-5080-476a-802e-917129a19b18.config http.https://github.com/.extraheader AUTHORIZATION: basic ***
2026-01-01T20:11:50.8259059Z [command]/usr/bin/git config --local includeIf.gitdir:/home/runner/work/scratchattach/scratchattach/.git.path /home/runner/work/_temp/git-credentials-82f1cf2d-5080-476a-802e-917129a19b18.config
2026-01-01T20:11:50.8299022Z [command]/usr/bin/git config --local includeIf.gitdir:/home/runner/work/scratchattach/scratchattach/.git/worktrees/*.path /home/runner/work/_temp/git-credentials-82f1cf2d-5080-476a-802e-917129a19b18.config
2026-01-01T20:11:50.8714778Z [command]/usr/bin/git config --local includeIf.gitdir:/github/workspace/.git.path /github/runner_temp/git-credentials-82f1cf2d-5080-476a-802e-917129a19b18.config
2026-01-01T20:11:50.9191144Z [command]/usr/bin/git config --local includeIf.gitdir:/github/workspace/.git/worktrees/*.path /github/runner_temp/git-credentials-82f1cf2d-5080-476a-802e-917129a19b18.config
2026-01-01T20:11:50.9486479Z ##[endgroup]
2026-01-01T20:11:50.9489039Z ##[group]Fetching the repository
2026-01-01T20:11:50.9498046Z [command]/usr/bin/git -c protocol.version=2 fetch --no-tags --prune --no-recurse-submodules --depth=1 origin +4cc5419e56a2509e4cbf2e6c4b2d9574a41ea43e:refs/remotes/origin/key_multivalue_storage_refactor
2026-01-01T20:11:57.1541050Z From https://github.com/Boss-1s/scratchattach
2026-01-01T20:11:57.1542438Z  * [new ref]         4cc5419e56a2509e4cbf2e6c4b2d9574a41ea43e -> origin/key_multivalue_storage_refactor
2026-01-01T20:11:57.1563637Z ##[endgroup]
2026-01-01T20:11:57.1564699Z ##[group]Determining the checkout info
2026-01-01T20:11:57.1565785Z ##[endgroup]
2026-01-01T20:11:57.1571114Z [command]/usr/bin/git sparse-checkout disable
2026-01-01T20:11:57.1615357Z [command]/usr/bin/git config --local --unset-all extensions.worktreeConfig
2026-01-01T20:11:57.1746395Z ##[group]Checking out the ref
2026-01-01T20:11:57.1747737Z [command]/usr/bin/git checkout --progress --force -B key_multivalue_storage_refactor refs/remotes/origin/key_multivalue_storage_refactor
2026-01-01T20:11:58.3902292Z Updating files:  97% (2618/2681)
2026-01-01T20:11:58.5668109Z Updating files:  98% (2628/2681)
2026-01-01T20:11:58.6826394Z Updating files:  99% (2655/2681)
2026-01-01T20:11:58.6827027Z Updating files: 100% (2681/2681)
2026-01-01T20:11:58.6827374Z Updating files: 100% (2681/2681), done.
2026-01-01T20:11:58.6857393Z Switched to a new branch 'key_multivalue_storage_refactor'
2026-01-01T20:11:58.6859102Z branch 'key_multivalue_storage_refactor' set up to track 'origin/key_multivalue_storage_refactor'.
2026-01-01T20:11:58.6903132Z ##[endgroup]
2026-01-01T20:11:58.6940535Z [command]/usr/bin/git log -1 --format=%H
2026-01-01T20:11:58.6961381Z 4cc5419e56a2509e4cbf2e6c4b2d9574a41ea43e
2026-01-01T20:11:58.7176279Z ##[group]Run actions/setup-python@v6.1.0
2026-01-01T20:11:58.7176562Z with:
2026-01-01T20:11:58.7176737Z   python-version: 3.14
2026-01-01T20:11:58.7176941Z   check-latest: false
2026-01-01T20:11:58.7177313Z   token: ***
2026-01-01T20:11:58.7177512Z   update-environment: true
2026-01-01T20:11:58.7177734Z   allow-prereleases: false
2026-01-01T20:11:58.7177936Z   freethreaded: false
2026-01-01T20:11:58.7178129Z ##[endgroup]
2026-01-01T20:11:58.8431337Z ##[group]Installed versions
2026-01-01T20:11:58.8518088Z (node:2142) [DEP0040] DeprecationWarning: The `punycode` module is deprecated. Please use a userland alternative instead.
2026-01-01T20:11:58.8518733Z (Use `node --trace-deprecation ...` to show where the warning was created)
2026-01-01T20:11:58.8519352Z Successfully set up CPython (3.14.2)
2026-01-01T20:11:58.8520184Z ##[endgroup]
2026-01-01T20:11:58.8631105Z ##[group]Run cd test
2026-01-01T20:11:58.8631458Z [36;1mcd test[0m
2026-01-01T20:11:58.8631834Z [36;1mpython3 o_test1.py[0m
2026-01-01T20:11:58.8664962Z shell: /usr/bin/bash -e {0}
2026-01-01T20:11:58.8665241Z env:
2026-01-01T20:11:58.8665505Z   pythonLocation: /opt/hostedtoolcache/Python/3.14.2/x64
2026-01-01T20:11:58.8665890Z   PKG_CONFIG_PATH: /opt/hostedtoolcache/Python/3.14.2/x64/lib/pkgconfig
2026-01-01T20:11:58.8666267Z   Python_ROOT_DIR: /opt/hostedtoolcache/Python/3.14.2/x64
2026-01-01T20:11:58.8666593Z   Python2_ROOT_DIR: /opt/hostedtoolcache/Python/3.14.2/x64
2026-01-01T20:11:58.8666919Z   Python3_ROOT_DIR: /opt/hostedtoolcache/Python/3.14.2/x64
2026-01-01T20:11:58.8667245Z   LD_LIBRARY_PATH: /opt/hostedtoolcache/Python/3.14.2/x64/lib
2026-01-01T20:11:58.8667512Z ##[endgroup]
2026-01-01T20:12:00.9574890Z Deleted all data from otest.json sucessfully.
2026-01-01T20:12:00.9583916Z Data for key test_top_level_key stored successfully in otest.json.
2026-01-01T20:12:00.9593377Z Data for key test_top_level_key2 stored successfully in otest.json.
2026-01-01T20:12:00.9602268Z Data for key test_top_level_key2 stored successfully in otest.json.
2026-01-01T20:12:00.9610742Z Data for key test_top_level_key stored successfully in otest.json.
2026-01-01T20:12:00.9616001Z Sucessfully changed value skibidi toilet to sigma under key test_top_level_key.sk2.
2026-01-01T20:12:00.9623807Z Successfully deleted key test_top_level_key2 from otest.json.
2026-01-01T20:12:00.9630529Z Deleted all data from otest.json sucessfully.
2026-01-01T20:12:00.9637328Z WARNING:py.warnings:/home/runner/work/scratchattach/scratchattach/key_multivalue_storage.py:631: AdditionFailureWarning: WARNING! You are strongly advised against adding a Storage instance and a dict/list together, as it may break the Storage instance that is created.
2026-01-01T20:12:00.9639278Z   warnings.warn("WARNING! You are strongly advised against adding a Storage "+
2026-01-01T20:12:00.9639752Z 
2026-01-01T20:12:00.9641256Z WARNING:py.warnings:/home/runner/work/scratchattach/scratchattach/key_multivalue_storage.py:638: AdditionFailureWarning: WARNING! You are strongly advised against adding a Storage instance and a dict/list together, as it may break the Storage instance that is created.
2026-01-01T20:12:00.9643726Z   warnings.warn("WARNING! You are strongly advised against adding a Storage "+
2026-01-01T20:12:00.9644226Z 
2026-01-01T20:12:00.9644415Z Deleted all data from otest.json sucessfully.
2026-01-01T20:12:00.9644907Z Sucessfully deleted all data from otest.json.
2026-01-01T20:12:00.9645312Z Begin test
2026-01-01T20:12:00.9645578Z --------------------
2026-01-01T20:12:00.9645898Z Part 1: Storing, Editing, and Deleting via JSON
2026-01-01T20:12:00.9646160Z --------------------
2026-01-01T20:12:00.9646432Z Data for key 'test_top_level_key' stored successfully in 'otest.json'.
2026-01-01T20:12:00.9646892Z Sucessfully added values ['val1', 'skibidi toilet'] to subkeys ['sk1', 'sk2'], respectively.
2026-01-01T20:12:00.9647382Z Data for key 'test_top_level_key2' stored successfully in 'otest.json'.
2026-01-01T20:12:00.9647823Z Sucessfully added values ['val1', 'the fate of sigma'] to subkeys ['sk1', 'sk2'], respectively.
2026-01-01T20:12:00.9648265Z Data for key 'test_top_level_key2' stored successfully in 'otest.json'.
2026-01-01T20:12:00.9648685Z Sucessfully added values ['val3', 'the fate of shard'] to subkeys ['sk3', 'sk4'], respectively.
2026-01-01T20:12:00.9649112Z Data for key 'test_top_level_key' stored successfully in 'otest.json'.
2026-01-01T20:12:00.9649539Z Sucessfully changed value skibidi toilet to sigma under key test_top_level_key.sk2.
2026-01-01T20:12:00.9649908Z Sucessfully set subkey sk2 to value sigma.
2026-01-01T20:12:00.9650255Z Successfully deleted key 'test_top_level_key2' from 'otest.json'.
2026-01-01T20:12:00.9650632Z Sucessfully deleted key test_top_level_key2 and all its child data.
2026-01-01T20:12:00.9650962Z Deleted all data from otest.json sucessfully.
2026-01-01T20:12:00.9651440Z Sucessfully deleted all data from otest.json.
2026-01-01T20:12:00.9652004Z Part 1 passed.
2026-01-01T20:12:00.9652309Z --------------------
2026-01-01T20:12:00.9652733Z Part 2: Storing, Editing, and Deleting via dunder methods
2026-01-01T20:12:00.9653066Z --------------------
2026-01-01T20:12:00.9653262Z Part 2.1: Comparisons
2026-01-01T20:12:00.9653452Z Part 2.1 passed.
2026-01-01T20:12:00.9653611Z -----
2026-01-01T20:12:00.9653773Z Part 2.2: Arithmetic
2026-01-01T20:12:00.9653942Z Part 2.2 passed.
2026-01-01T20:12:00.9654107Z -----
2026-01-01T20:12:00.9654268Z Part 2.3: Bitwise Operators
2026-01-01T20:12:00.9654465Z Part 2.3 passed.
2026-01-01T20:12:00.9654629Z -----
2026-01-01T20:12:00.9654793Z Part 2.4: Collecting and Containing
2026-01-01T20:12:00.9654945Z 
2026-01-01T20:12:00.9655035Z Test passed sucessfully
2026-01-01T20:12:00.9802291Z Post job cleanup.
2026-01-01T20:12:01.0928036Z (node:2159) [DEP0040] DeprecationWarning: The `punycode` module is deprecated. Please use a userland alternative instead.
2026-01-01T20:12:01.0928666Z (Use `node --trace-deprecation ...` to show where the warning was created)
2026-01-01T20:12:01.1048452Z Post job cleanup.
2026-01-01T20:12:01.1796158Z [command]/usr/bin/git version
2026-01-01T20:12:01.1827017Z git version 2.52.0
2026-01-01T20:12:01.1861149Z Temporarily overriding HOME='/home/runner/work/_temp/76f4f663-94fd-451b-b5b5-bdd51a5eff71' before making global git config changes
2026-01-01T20:12:01.1862436Z Adding repository directory to the temporary git global config as a safe directory
2026-01-01T20:12:01.1867013Z [command]/usr/bin/git config --global --add safe.directory /home/runner/work/scratchattach/scratchattach
2026-01-01T20:12:01.1897862Z Removing SSH command configuration
2026-01-01T20:12:01.1906672Z [command]/usr/bin/git config --local --name-only --get-regexp core\.sshCommand
2026-01-01T20:12:01.1941897Z [command]/usr/bin/git submodule foreach --recursive sh -c "git config --local --name-only --get-regexp 'core\.sshCommand' && git config --local --unset-all 'core.sshCommand' || :"
2026-01-01T20:12:01.2149000Z Removing HTTP extra header
2026-01-01T20:12:01.2154240Z [command]/usr/bin/git config --local --name-only --get-regexp http\.https\:\/\/github\.com\/\.extraheader
2026-01-01T20:12:01.2187913Z [command]/usr/bin/git submodule foreach --recursive sh -c "git config --local --name-only --get-regexp 'http\.https\:\/\/github\.com\/\.extraheader' && git config --local --unset-all 'http.https://github.com/.extraheader' || :"
2026-01-01T20:12:01.2385414Z Removing includeIf entries pointing to credentials config files
2026-01-01T20:12:01.2391927Z [command]/usr/bin/git config --local --name-only --get-regexp ^includeIf\.gitdir:
2026-01-01T20:12:01.2412615Z includeif.gitdir:/home/runner/work/scratchattach/scratchattach/.git.path
2026-01-01T20:12:01.2413507Z includeif.gitdir:/home/runner/work/scratchattach/scratchattach/.git/worktrees/*.path
2026-01-01T20:12:01.2414191Z includeif.gitdir:/github/workspace/.git.path
2026-01-01T20:12:01.2414678Z includeif.gitdir:/github/workspace/.git/worktrees/*.path
2026-01-01T20:12:01.2421550Z [command]/usr/bin/git config --local --get-all includeif.gitdir:/home/runner/work/scratchattach/scratchattach/.git.path
2026-01-01T20:12:01.2439113Z /home/runner/work/_temp/git-credentials-82f1cf2d-5080-476a-802e-917129a19b18.config
2026-01-01T20:12:01.2448127Z [command]/usr/bin/git config --local --unset includeif.gitdir:/home/runner/work/scratchattach/scratchattach/.git.path /home/runner/work/_temp/git-credentials-82f1cf2d-5080-476a-802e-917129a19b18.config
2026-01-01T20:12:01.2662428Z [command]/usr/bin/git config --local --get-all includeif.gitdir:/home/runner/work/scratchattach/scratchattach/.git/worktrees/*.path
2026-01-01T20:12:01.2687769Z /home/runner/work/_temp/git-credentials-82f1cf2d-5080-476a-802e-917129a19b18.config
2026-01-01T20:12:01.2698002Z [command]/usr/bin/git config --local --unset includeif.gitdir:/home/runner/work/scratchattach/scratchattach/.git/worktrees/*.path /home/runner/work/_temp/git-credentials-82f1cf2d-5080-476a-802e-917129a19b18.config
2026-01-01T20:12:01.3183427Z [command]/usr/bin/git config --local --get-all includeif.gitdir:/github/workspace/.git.path
2026-01-01T20:12:01.3203770Z /github/runner_temp/git-credentials-82f1cf2d-5080-476a-802e-917129a19b18.config
2026-01-01T20:12:01.3211614Z [command]/usr/bin/git config --local --unset includeif.gitdir:/github/workspace/.git.path /github/runner_temp/git-credentials-82f1cf2d-5080-476a-802e-917129a19b18.config
2026-01-01T20:12:01.3772947Z [command]/usr/bin/git config --local --get-all includeif.gitdir:/github/workspace/.git/worktrees/*.path
2026-01-01T20:12:01.3795903Z /github/runner_temp/git-credentials-82f1cf2d-5080-476a-802e-917129a19b18.config
2026-01-01T20:12:01.3804929Z [command]/usr/bin/git config --local --unset includeif.gitdir:/github/workspace/.git/worktrees/*.path /github/runner_temp/git-credentials-82f1cf2d-5080-476a-802e-917129a19b18.config
2026-01-01T20:12:01.3834808Z [command]/usr/bin/git submodule foreach --recursive git config --local --show-origin --name-only --get-regexp remote.origin.url
2026-01-01T20:12:01.4030061Z Removing credentials config '/home/runner/work/_temp/git-credentials-82f1cf2d-5080-476a-802e-917129a19b18.config'
2026-01-01T20:12:01.4133830Z Cleaning up orphan processes
