2025-11-03T01:50:42.7760666Z Current runner version: '2.329.0'
2025-11-03T01:50:42.7784505Z ##[group]Runner Image Provisioner
2025-11-03T01:50:42.7785298Z Hosted Compute Agent
2025-11-03T01:50:42.7785954Z Version: 20251016.436
2025-11-03T01:50:42.7786540Z Commit: 8ab8ac8bfd662a3739dab9fe09456aba92132568
2025-11-03T01:50:42.7787233Z Build Date: 2025-10-15T20:44:12Z
2025-11-03T01:50:42.7787886Z ##[endgroup]
2025-11-03T01:50:42.7788413Z ##[group]Operating System
2025-11-03T01:50:42.7788973Z Ubuntu
2025-11-03T01:50:42.7789448Z 24.04.3
2025-11-03T01:50:42.7789932Z LTS
2025-11-03T01:50:42.7790357Z ##[endgroup]
2025-11-03T01:50:42.7790885Z ##[group]Runner Image
2025-11-03T01:50:42.7791429Z Image: ubuntu-24.04
2025-11-03T01:50:42.7791931Z Version: 20251030.96.2
2025-11-03T01:50:42.7793135Z Included Software: https://github.com/actions/runner-images/blob/ubuntu24/20251030.96/images/ubuntu/Ubuntu2404-Readme.md
2025-11-03T01:50:42.7794895Z Image Release: https://github.com/actions/runner-images/releases/tag/ubuntu24%2F20251030.96
2025-11-03T01:50:42.7795898Z ##[endgroup]
2025-11-03T01:50:42.7797195Z ##[group]GITHUB_TOKEN Permissions
2025-11-03T01:50:42.7798985Z Actions: read
2025-11-03T01:50:42.7799654Z Contents: read
2025-11-03T01:50:42.7800119Z Metadata: read
2025-11-03T01:50:42.7800610Z Packages: read
2025-11-03T01:50:42.7801197Z SecurityEvents: write
2025-11-03T01:50:42.7801731Z ##[endgroup]
2025-11-03T01:50:42.7803927Z Secret source: Actions
2025-11-03T01:50:42.7804739Z Prepare workflow directory
2025-11-03T01:50:42.8330949Z Prepare all required actions
2025-11-03T01:50:42.8368302Z Getting action download info
2025-11-03T01:50:43.2457005Z Download action repository 'actions/checkout@v4' (SHA:08eba0b27e820071cde6df949e0beb9ba4906955)
2025-11-03T01:50:43.4635650Z Download action repository 'github/codeql-action@v3' (SHA:5d5cd550d3e189c569da8f16ea8de2d821c9bf7a)
2025-11-03T01:50:44.8833287Z Complete job name: Analyze (actions)
2025-11-03T01:50:44.9542286Z ##[group]Run actions/checkout@v4
2025-11-03T01:50:44.9543820Z with:
2025-11-03T01:50:44.9544567Z   repository: Boss-1s/scratchattach
2025-11-03T01:50:44.9545770Z   token: ***
2025-11-03T01:50:44.9546454Z   ssh-strict: true
2025-11-03T01:50:44.9547187Z   ssh-user: git
2025-11-03T01:50:44.9547918Z   persist-credentials: true
2025-11-03T01:50:44.9548744Z   clean: true
2025-11-03T01:50:44.9549481Z   sparse-checkout-cone-mode: true
2025-11-03T01:50:44.9550414Z   fetch-depth: 1
2025-11-03T01:50:44.9551128Z   fetch-tags: false
2025-11-03T01:50:44.9551883Z   show-progress: true
2025-11-03T01:50:44.9552808Z   lfs: false
2025-11-03T01:50:44.9553532Z   submodules: false
2025-11-03T01:50:44.9554317Z   set-safe-directory: true
2025-11-03T01:50:44.9555422Z env:
2025-11-03T01:50:44.9556139Z   CODE_SCANNING_REF: refs/heads/main
2025-11-03T01:50:44.9557122Z   CODE_SCANNING_BASE_BRANCH: 
2025-11-03T01:50:44.9558132Z   CODE_SCANNING_IS_ANALYZING_DEFAULT_BRANCH: true
2025-11-03T01:50:44.9559411Z   CODE_SCANNING_IS_STEADY_STATE_DEFAULT_SETUP: true
2025-11-03T01:50:44.9584602Z   CODE_SCANNING_WORKFLOW_FILE: H4sIAAAAAAAA/6RV32/bNhB+919x8AakfZDzsD0JKFDFkRNvhp1aCrqsKAiaOslcZFLlD6dql/99oCjF0hLPGeon8/jx4919H0+C7jCE8VRm+GExHikrAh/6+ft3KLjZ2s0E9yjMhIvKGj1hMkOiGRWCi4IoK4jDw+PjSIoQslrQHWejEYp9OAKYri5jkkyj5XK+vCLrePZqYswd578ZLqIkJhfraDm9fi3ThmokG0UF277EOE9ItIwWd3+6xWU8i24X6f+8gWtCBS3rb26RYU5taf77xiSNo8s7kqRRGj9dmsTp7U0IRll8dubjav37bLH6SGbzRfzavB6kus9L+UByXjYKjf6SG+1k8emi+wvg9Y58CN447h01in+dlFQUlhbu7NsGqqzQgdPZgXIld78lq+WbFq2sEKje+pIBKlQ7rjWXQvt7ACgzzRIU0qyNMSkMCjMMVpTd0wKHQY3MKm7qoClZh/CguMFRR8KFxUCKAJWSKoScltpvaqOowaLussgpL4OcatMHQVtzBwLggpU2w0MAIICuI2FXS28XgLl7pKpDOH8CvoTbWF5mwU5mGIKQAgebvo0hnH0a240VxgYlNajN+PPZkVSq2mylOJnJC7AfSkQbrFppg9ZE0y2ye2kNKKyk5kaquqW02qnZNuOctbj3+19HA4K54IbTkn9D8CNpcNxb/ty5/EsZeLJzLrh5v/+lBT5wsz1I1vhccx3cc5HpENzJoHsfT6iuQ9r7+rn5Ry/1qwc9hPvgDCsUGQpWB4yyLReFP+T7OkGx50qKHQoD797BmS8u2EptMDvrE32xqLjLbjyGn+DSD5gmWoO23Rto30HOixD+7gnZDqRAo7FVOFBYqmIYAHBFlIF7fzqET68cNF4Q0pyCx0f43CM1W4XUNM0pG8p2t1M8cWlBpeTXGnKpQGHBtXH1tiQ8C/32aStoQ5UJGvAxRxzoCVOYoXB2a4XXyBQaPbmap9e3F2QdX82TdD2PE3KzXv1x15fk8PiOOGZo6xtUuVS71tN+1mquT1fUDupDNe131f/cN+LDwmdHrldJ2tbhHuakacNEWtMI1qyIM1e/jAHBzWp9kqCS6jjBNCLTeJ3OZ/NplManqBglDJXhOXfD6ijp7XqRnKKyqtQHgqHgh0nYU6oLukP/BAAA//+FBaDZAgkAAA==
2025-11-03T01:50:44.9609839Z ##[endgroup]
2025-11-03T01:50:45.0697410Z Syncing repository: Boss-1s/scratchattach
2025-11-03T01:50:45.0699926Z ##[group]Getting Git version info
2025-11-03T01:50:45.0701329Z Working directory is '/home/runner/work/scratchattach/scratchattach'
2025-11-03T01:50:45.0703618Z [command]/usr/bin/git version
2025-11-03T01:50:45.0785422Z git version 2.51.2
2025-11-03T01:50:45.0812521Z ##[endgroup]
2025-11-03T01:50:45.0834689Z Temporarily overriding HOME='/home/runner/work/_temp/0824859b-22bd-4c08-a987-69ae428a5b5f' before making global git config changes
2025-11-03T01:50:45.0837895Z Adding repository directory to the temporary git global config as a safe directory
2025-11-03T01:50:45.0841271Z [command]/usr/bin/git config --global --add safe.directory /home/runner/work/scratchattach/scratchattach
2025-11-03T01:50:45.0879832Z Deleting the contents of '/home/runner/work/scratchattach/scratchattach'
2025-11-03T01:50:45.0883360Z ##[group]Initializing the repository
2025-11-03T01:50:45.0887838Z [command]/usr/bin/git init /home/runner/work/scratchattach/scratchattach
2025-11-03T01:50:45.1033620Z hint: Using 'master' as the name for the initial branch. This default branch name
2025-11-03T01:50:45.1035502Z hint: is subject to change. To configure the initial branch name to use in all
2025-11-03T01:50:45.1037224Z hint: of your new repositories, which will suppress this warning, call:
2025-11-03T01:50:45.1038525Z hint:
2025-11-03T01:50:45.1039388Z hint: 	git config --global init.defaultBranch <name>
2025-11-03T01:50:45.1040474Z hint:
2025-11-03T01:50:45.1041485Z hint: Names commonly chosen instead of 'master' are 'main', 'trunk' and
2025-11-03T01:50:45.1043688Z hint: 'development'. The just-created branch can be renamed via this command:
2025-11-03T01:50:45.1046253Z hint:
2025-11-03T01:50:45.1047178Z hint: 	git branch -m <name>
2025-11-03T01:50:45.1048004Z hint:
2025-11-03T01:50:45.1049498Z hint: Disable this message with "git config set advice.defaultBranchName false"
2025-11-03T01:50:45.1051632Z Initialized empty Git repository in /home/runner/work/scratchattach/scratchattach/.git/
2025-11-03T01:50:45.1056005Z [command]/usr/bin/git remote add origin https://github.com/Boss-1s/scratchattach
2025-11-03T01:50:45.1088930Z ##[endgroup]
2025-11-03T01:50:45.1090272Z ##[group]Disabling automatic garbage collection
2025-11-03T01:50:45.1093846Z [command]/usr/bin/git config --local gc.auto 0
2025-11-03T01:50:45.1129828Z ##[endgroup]
2025-11-03T01:50:45.1131058Z ##[group]Setting up auth
2025-11-03T01:50:45.1132355Z [command]/usr/bin/git config --local --name-only --get-regexp core\.sshCommand
2025-11-03T01:50:45.1163614Z [command]/usr/bin/git submodule foreach --recursive sh -c "git config --local --name-only --get-regexp 'core\.sshCommand' && git config --local --unset-all 'core.sshCommand' || :"
2025-11-03T01:50:45.1601503Z [command]/usr/bin/git config --local --name-only --get-regexp http\.https\:\/\/github\.com\/\.extraheader
2025-11-03T01:50:45.1630932Z [command]/usr/bin/git submodule foreach --recursive sh -c "git config --local --name-only --get-regexp 'http\.https\:\/\/github\.com\/\.extraheader' && git config --local --unset-all 'http.https://github.com/.extraheader' || :"
2025-11-03T01:50:45.1853548Z [command]/usr/bin/git config --local http.https://github.com/.extraheader AUTHORIZATION: basic ***
2025-11-03T01:50:45.1889951Z ##[endgroup]
2025-11-03T01:50:45.1897894Z ##[group]Fetching the repository
2025-11-03T01:50:45.1901215Z [command]/usr/bin/git -c protocol.version=2 fetch --no-tags --prune --no-recurse-submodules --depth=1 origin +c08ba8d38a48a859997629e2e47b17bcbceb79d2:refs/remotes/origin/main
2025-11-03T01:50:47.5872382Z From https://github.com/Boss-1s/scratchattach
2025-11-03T01:50:47.5873484Z  * [new ref]         c08ba8d38a48a859997629e2e47b17bcbceb79d2 -> origin/main
2025-11-03T01:50:47.5907663Z ##[endgroup]
2025-11-03T01:50:47.5908153Z ##[group]Determining the checkout info
2025-11-03T01:50:47.5909740Z ##[endgroup]
2025-11-03T01:50:47.5915301Z [command]/usr/bin/git sparse-checkout disable
2025-11-03T01:50:47.5960441Z [command]/usr/bin/git config --local --unset-all extensions.worktreeConfig
2025-11-03T01:50:47.5987363Z ##[group]Checking out the ref
2025-11-03T01:50:47.5991626Z [command]/usr/bin/git checkout --progress --force -B main refs/remotes/origin/main
2025-11-03T01:50:47.9350643Z Switched to a new branch 'main'
2025-11-03T01:50:47.9351232Z branch 'main' set up to track 'origin/main'.
2025-11-03T01:50:47.9393845Z ##[endgroup]
2025-11-03T01:50:47.9431024Z [command]/usr/bin/git log -1 --format=%H
2025-11-03T01:50:47.9453570Z c08ba8d38a48a859997629e2e47b17bcbceb79d2
2025-11-03T01:50:47.9725477Z ##[group]Run github/codeql-action/init@v3
2025-11-03T01:50:47.9725810Z with:
2025-11-03T01:50:47.9726001Z   analysis-kinds: code-scanning
2025-11-03T01:50:47.9726224Z   languages: actions
2025-11-03T01:50:47.9726416Z   build-mode: none
2025-11-03T01:50:47.9726609Z   dependency-caching: true
2025-11-03T01:50:47.9726944Z   config: default-setup:
  org:
    model-packs: [  ]
threat-models: [  ]

2025-11-03T01:50:47.9727399Z   token: ***
2025-11-03T01:50:47.9727809Z   matrix: {
  "language": "actions",
  "category": "/language:actions",
  "build-mode": "none",
  "runner": "[\"ubuntu-latest\"]"
}
2025-11-03T01:50:47.9728259Z   debug: false
2025-11-03T01:50:47.9728420Z env:
2025-11-03T01:50:47.9728594Z   CODE_SCANNING_REF: refs/heads/main
2025-11-03T01:50:47.9728824Z   CODE_SCANNING_BASE_BRANCH: 
2025-11-03T01:50:47.9729065Z   CODE_SCANNING_IS_ANALYZING_DEFAULT_BRANCH: true
2025-11-03T01:50:47.9729354Z   CODE_SCANNING_IS_STEADY_STATE_DEFAULT_SETUP: true
2025-11-03T01:50:47.9735976Z   CODE_SCANNING_WORKFLOW_FILE: H4sIAAAAAAAA/6RV32/bNhB+919x8AakfZDzsD0JKFDFkRNvhp1aCrqsKAiaOslcZFLlD6dql/99oCjF0hLPGeon8/jx4919H0+C7jCE8VRm+GExHikrAh/6+ft3KLjZ2s0E9yjMhIvKGj1hMkOiGRWCi4IoK4jDw+PjSIoQslrQHWejEYp9OAKYri5jkkyj5XK+vCLrePZqYswd578ZLqIkJhfraDm9fi3ThmokG0UF277EOE9ItIwWd3+6xWU8i24X6f+8gWtCBS3rb26RYU5taf77xiSNo8s7kqRRGj9dmsTp7U0IRll8dubjav37bLH6SGbzRfzavB6kus9L+UByXjYKjf6SG+1k8emi+wvg9Y58CN447h01in+dlFQUlhbu7NsGqqzQgdPZgXIld78lq+WbFq2sEKje+pIBKlQ7rjWXQvt7ACgzzRIU0qyNMSkMCjMMVpTd0wKHQY3MKm7qoClZh/CguMFRR8KFxUCKAJWSKoScltpvaqOowaLussgpL4OcatMHQVtzBwLggpU2w0MAIICuI2FXS28XgLl7pKpDOH8CvoTbWF5mwU5mGIKQAgebvo0hnH0a240VxgYlNajN+PPZkVSq2mylOJnJC7AfSkQbrFppg9ZE0y2ye2kNKKyk5kaquqW02qnZNuOctbj3+19HA4K54IbTkn9D8CNpcNxb/ty5/EsZeLJzLrh5v/+lBT5wsz1I1vhccx3cc5HpENzJoHsfT6iuQ9r7+rn5Ry/1qwc9hPvgDCsUGQpWB4yyLReFP+T7OkGx50qKHQoD797BmS8u2EptMDvrE32xqLjLbjyGn+DSD5gmWoO23Rto30HOixD+7gnZDqRAo7FVOFBYqmIYAHBFlIF7fzqET68cNF4Q0pyCx0f43CM1W4XUNM0pG8p2t1M8cWlBpeTXGnKpQGHBtXH1tiQ8C/32aStoQ5UJGvAxRxzoCVOYoXB2a4XXyBQaPbmap9e3F2QdX82TdD2PE3KzXv1x15fk8PiOOGZo6xtUuVS71tN+1mquT1fUDupDNe131f/cN+LDwmdHrldJ2tbhHuakacNEWtMI1qyIM1e/jAHBzWp9kqCS6jjBNCLTeJ3OZ/NplManqBglDJXhOXfD6ijp7XqRnKKyqtQHgqHgh0nYU6oLukP/BAAA//+FBaDZAgkAAA==
2025-11-03T01:50:47.9742526Z ##[endgroup]
2025-11-03T01:50:48.6216739Z Job run UUID is d19316e9-0ca2-4fda-8a9e-3432c57ea9cb.
2025-11-03T01:50:49.0634242Z ##[group]Setup CodeQL tools
2025-11-03T01:50:49.0697838Z [command]/usr/bin/tar --version
2025-11-03T01:50:49.0739284Z tar (GNU tar) 1.35
2025-11-03T01:50:49.0740148Z Copyright (C) 2023 Free Software Foundation, Inc.
2025-11-03T01:50:49.0741125Z License GPLv3+: GNU GPL version 3 or later <https://gnu.org/licenses/gpl.html>.
2025-11-03T01:50:49.0741975Z This is free software: you are free to change and redistribute it.
2025-11-03T01:50:49.0742836Z There is NO WARRANTY, to the extent permitted by law.
2025-11-03T01:50:49.0743229Z 
2025-11-03T01:50:49.0743421Z Written by John Gilmore and Jay Fenlason.
2025-11-03T01:50:49.0753475Z Found gnu tar version 1.35.
2025-11-03T01:50:49.0953395Z Found CodeQL tools version 2.23.3 in the toolcache.
2025-11-03T01:50:49.0954383Z Using CodeQL CLI version 2.23.3 from toolcache at /opt/hostedtoolcache/CodeQL/2.23.3/x64
2025-11-03T01:50:51.9070685Z [command]/opt/hostedtoolcache/CodeQL/2.23.3/x64/codeql/codeql version --format=json
2025-11-03T01:50:52.5350003Z {
2025-11-03T01:50:52.5350422Z   "productName" : "CodeQL",
2025-11-03T01:50:52.5351172Z   "vendor" : "GitHub",
2025-11-03T01:50:52.5351528Z   "version" : "2.23.3",
2025-11-03T01:50:52.5351936Z   "sha" : "280a80187d0ef522b286de41a57fe5d4b9bf9919",
2025-11-03T01:50:52.5352428Z   "branches" : [
2025-11-03T01:50:52.5352973Z     "codeql-cli-2.23.3"
2025-11-03T01:50:52.5353297Z   ],
2025-11-03T01:50:52.5353648Z   "copyright" : "Copyright (C) 2019-2025 GitHub, Inc.",
2025-11-03T01:50:52.5354322Z   "unpackedLocation" : "/opt/hostedtoolcache/CodeQL/2.23.3/x64/codeql",
2025-11-03T01:50:52.5354856Z   "configFileLocation" : "/home/runner/.config/codeql/config",
2025-11-03T01:50:52.5355604Z   "configFileFound" : false,
2025-11-03T01:50:52.5355823Z   "overlayVersion" : 4,
2025-11-03T01:50:52.5356006Z   "features" : {
2025-11-03T01:50:52.5356201Z     "analysisSummaryV2Default" : true,
2025-11-03T01:50:52.5356437Z     "buildModeOption" : true,
2025-11-03T01:50:52.5356684Z     "bundleSupportsIncludeDiagnostics" : true,
2025-11-03T01:50:52.5356965Z     "bundleSupportsIncludeLogs" : true,
2025-11-03T01:50:52.5357298Z     "databaseInterpretResultsSupportsSarifRunProperty" : true,
2025-11-03T01:50:52.5357626Z     "featuresInVersionResult" : true,
2025-11-03T01:50:52.5357917Z     "indirectTracingSupportsStaticBinaries" : false,
2025-11-03T01:50:52.5358227Z     "informsAboutUnsupportedPathFilters" : true,
2025-11-03T01:50:52.5358497Z     "supportsPython312" : true,
2025-11-03T01:50:52.5358711Z     "mrvaPackCreate" : true,
2025-11-03T01:50:52.5358913Z     "threatModelOption" : true,
2025-11-03T01:50:52.5359138Z     "traceCommandUseBuildMode" : true,
2025-11-03T01:50:52.5359363Z     "v2ramSizing" : true,
2025-11-03T01:50:52.5359601Z     "mrvaPackCreateMultipleQueries" : true,
2025-11-03T01:50:52.5359853Z     "setsCodeqlRunnerEnvVar" : true,
2025-11-03T01:50:52.5360113Z     "sarifMergeRunsFromEqualCategory" : true,
2025-11-03T01:50:52.5360360Z     "forceOverwrite" : true,
2025-11-03T01:50:52.5360579Z     "generateSummarySymbolMap" : true,
2025-11-03T01:50:52.5360846Z     "pythonDefaultIsToNotExtractStdlib" : true,
2025-11-03T01:50:52.5361129Z     "queryServerRunQueries" : true,
2025-11-03T01:50:52.5361377Z     "queryServerTrimCacheWithMode" : true,
2025-11-03T01:50:52.5361670Z     "builtinExtractorsSpecifyDefaultQueries" : true
2025-11-03T01:50:52.5361941Z   }
2025-11-03T01:50:52.5362073Z }
2025-11-03T01:50:52.5492128Z ##[endgroup]
2025-11-03T01:50:52.5496648Z ##[group]Load language configuration
2025-11-03T01:50:52.5573391Z [command]/opt/hostedtoolcache/CodeQL/2.23.3/x64/codeql/codeql resolve languages --format=betterjson --extractor-options-verbosity=4 --extractor-include-aliases --filter-to-languages-with-queries
2025-11-03T01:50:54.2439848Z {
2025-11-03T01:50:54.2440467Z   "aliases" : {
2025-11-03T01:50:54.2441065Z     "c" : "cpp",
2025-11-03T01:50:54.2443111Z     "c++" : "cpp",
2025-11-03T01:50:54.2444219Z     "c-c++" : "cpp",
2025-11-03T01:50:54.2444727Z     "c-cpp" : "cpp",
2025-11-03T01:50:54.2445227Z     "c#" : "csharp",
2025-11-03T01:50:54.2445904Z     "java-kotlin" : "java",
2025-11-03T01:50:54.2446609Z     "kotlin" : "java",
2025-11-03T01:50:54.2447281Z     "javascript-typescript" : "javascript",
2025-11-03T01:50:54.2447948Z     "typescript" : "javascript"
2025-11-03T01:50:54.2448460Z   },
2025-11-03T01:50:54.2448905Z   "extractors" : {
2025-11-03T01:50:54.2449462Z     "rust" : [
2025-11-03T01:50:54.2451789Z       {
2025-11-03T01:50:54.2452293Z         "extractor_root" : "/opt/hostedtoolcache/CodeQL/2.23.3/x64/codeql/rust",
2025-11-03T01:50:54.2456252Z         "extractor_options" : {
2025-11-03T01:50:54.2456613Z           "trap" : {
2025-11-03T01:50:54.2456978Z             "title" : "Options pertaining to TRAP.",
2025-11-03T01:50:54.2457484Z             "description" : "Options pertaining to TRAP.",
2025-11-03T01:50:54.2457862Z             "type" : "object",
2025-11-03T01:50:54.2458081Z             "properties" : {
2025-11-03T01:50:54.2458304Z               "compression" : {
2025-11-03T01:50:54.2458639Z                 "title" : "Controls compression for the TRAP files written by the extractor.",
2025-11-03T01:50:54.2459959Z                 "description" : "This option is only intended for use in debugging the extractor. Accepted values are 'gzip' (to write gzip-compressed TRAP) 'zstd' (to write Zstandard-compressed TRAP) and 'none' (the default, to write uncompressed TRAP).\n",
2025-11-03T01:50:54.2461312Z                 "type" : "string",
2025-11-03T01:50:54.2461554Z                 "pattern" : "^(none|gzip|zstd)$"
2025-11-03T01:50:54.2461787Z               }
2025-11-03T01:50:54.2461969Z             }
2025-11-03T01:50:54.2462122Z           },
2025-11-03T01:50:54.2462292Z           "cargo_target_dir" : {
2025-11-03T01:50:54.2462946Z             "title" : "Directory to use for cargo output files.",
2025-11-03T01:50:54.2464109Z             "description" : "This value is an optional path to use as `CARGO_TARGET_DIR` for the internal cargo commands the extractor uses. Pointing it to a persistent directory may reduce execution time of consecutive extractor runs. By default, a new scratch directory is used for each run.\n",
2025-11-03T01:50:54.2465061Z             "type" : "string"
2025-11-03T01:50:54.2465260Z           },
2025-11-03T01:50:54.2465427Z           "cargo_target" : {
2025-11-03T01:50:54.2465637Z             "title" : "Target architecture",
2025-11-03T01:50:54.2466156Z             "description" : "Target architecture to use for analysis, analogous to `cargo --target`. By default the host architecture is used.\n",
2025-11-03T01:50:54.2466648Z             "type" : "string"
2025-11-03T01:50:54.2466857Z           },
2025-11-03T01:50:54.2467155Z           "cargo_features" : {
2025-11-03T01:50:54.2467573Z             "title" : "Cargo features to turn on",
2025-11-03T01:50:54.2469007Z             "description" : "Comma-separated list of features to turn on. By default all features are enabled. If any features are specified, then only those features are enabled. The `default` feature must be explicitly specified if only default features are desired. Can be repeated.\n",
2025-11-03T01:50:54.2469936Z             "type" : "array"
2025-11-03T01:50:54.2470129Z           },
2025-11-03T01:50:54.2470296Z           "cargo_cfg_overrides" : {
2025-11-03T01:50:54.2470530Z             "title" : "Cargo cfg overrides",
2025-11-03T01:50:54.2470993Z             "description" : "Comma-separated list of cfg settings to enable, or disable if prefixed with `-`. Can be repeated.\n",
2025-11-03T01:50:54.2471446Z             "type" : "array"
2025-11-03T01:50:54.2471645Z           },
2025-11-03T01:50:54.2471798Z           "logging" : {
2025-11-03T01:50:54.2472011Z             "title" : "Options pertaining to logging.",
2025-11-03T01:50:54.2472311Z             "description" : "Options pertaining to logging.",
2025-11-03T01:50:54.2472796Z             "type" : "object",
2025-11-03T01:50:54.2473062Z             "properties" : {
2025-11-03T01:50:54.2473279Z               "verbosity" : {
2025-11-03T01:50:54.2473511Z                 "title" : "Extractor logging verbosity level.",
2025-11-03T01:50:54.2474373Z                 "description" : "Controls the level of verbosity of the extractor. The supported levels are (in order of increasing verbosity):\n  - off\n  - errors\n  - warnings\n  - info or progress\n  - debug or progress+\n  - trace or progress++\n  - progress+++\n",
2025-11-03T01:50:54.2475168Z                 "type" : "string",
2025-11-03T01:50:54.2475588Z                 "pattern" : "^(off|errors|warnings|(info|progress)|(debug|progress\\+)|(trace|progress\\+\\+)|progress\\+\\+\\+)$"
2025-11-03T01:50:54.2476010Z               },
2025-11-03T01:50:54.2476182Z               "flamegraph" : {
2025-11-03T01:50:54.2476473Z                 "title" : "[Experimental] File path for write flame graph log",
2025-11-03T01:50:54.2477254Z                 "description" : "Collect flame graph data using the `tracing-flame` crate. To render a flame graph or chart, run the `inferno-flamegraph` command. See also: https://crates.io/crates/tracing-flame\n",
2025-11-03T01:50:54.2478124Z                 "type" : "string"
2025-11-03T01:50:54.2478348Z               }
2025-11-03T01:50:54.2478597Z             }
2025-11-03T01:50:54.2478748Z           },
2025-11-03T01:50:54.2478922Z           "extract_dependencies_as_source" : {
2025-11-03T01:50:54.2479201Z             "title" : "Extract dependencies as source code",
2025-11-03T01:50:54.2479650Z             "description" : "Extract the full source code of dependencies instead of only extracting signatures.\n",
2025-11-03T01:50:54.2480067Z             "type" : "string",
2025-11-03T01:50:54.2480274Z             "pattern" : "^(false|true)$"
2025-11-03T01:50:54.2480489Z           }
2025-11-03T01:50:54.2480632Z         }
2025-11-03T01:50:54.2480888Z       }
2025-11-03T01:50:54.2481032Z     ],
2025-11-03T01:50:54.2481173Z     "python" : [
2025-11-03T01:50:54.2481333Z       {
2025-11-03T01:50:54.2481584Z         "extractor_root" : "/opt/hostedtoolcache/CodeQL/2.23.3/x64/codeql/python",
2025-11-03T01:50:54.2481936Z         "extractor_options" : {
2025-11-03T01:50:54.2482140Z           "logging" : {
2025-11-03T01:50:54.2482353Z             "title" : "Options pertaining to logging.",
2025-11-03T01:50:54.2483041Z             "description" : "Options pertaining to logging.",
2025-11-03T01:50:54.2483401Z             "type" : "object",
2025-11-03T01:50:54.2483613Z             "properties" : {
2025-11-03T01:50:54.2483819Z               "verbosity" : {
2025-11-03T01:50:54.2484071Z                 "title" : "Python extractor logging verbosity level.",
2025-11-03T01:50:54.2484981Z                 "description" : "Controls the level of verbosity of the CodeQL Python extractor.\nThe supported levels are (in order of increasing verbosity):\n\n  - off\n  - errors\n  - warnings\n  - info or progress\n  - debug or progress+\n  - trace or progress++\n  - progress+++\n",
2025-11-03T01:50:54.2485821Z                 "type" : "string",
2025-11-03T01:50:54.2486230Z                 "pattern" : "^(off|errors|warnings|(info|progress)|(debug|progress\\+)|(trace|progress\\+\\+)|progress\\+\\+\\+)$"
2025-11-03T01:50:54.2486652Z               }
2025-11-03T01:50:54.2486809Z             }
2025-11-03T01:50:54.2486955Z           },
2025-11-03T01:50:54.2487131Z           "python_executable_name" : {
2025-11-03T01:50:54.2487475Z             "title" : "Controls the name of the Python executable used by the Python extractor.",
2025-11-03T01:50:54.2488751Z             "description" : "The Python extractor uses platform-dependent heuristics to determine the name of the Python executable to use. Specifying a value for this option overrides the name of the Python executable used by the extractor. Accepted values are py, python and python3. Use this setting with caution, the Python extractor requires Python 3 to run.\n",
2025-11-03T01:50:54.2489882Z             "type" : "string",
2025-11-03T01:50:54.2490095Z             "pattern" : "^(py|python|python3)$"
2025-11-03T01:50:54.2490323Z           }
2025-11-03T01:50:54.2490467Z         }
2025-11-03T01:50:54.2490612Z       }
2025-11-03T01:50:54.2490752Z     ],
2025-11-03T01:50:54.2490896Z     "cpp" : [
2025-11-03T01:50:54.2491043Z       {
2025-11-03T01:50:54.2491284Z         "extractor_root" : "/opt/hostedtoolcache/CodeQL/2.23.3/x64/codeql/cpp",
2025-11-03T01:50:54.2491600Z         "extractor_options" : {
2025-11-03T01:50:54.2491803Z           "trap" : {
2025-11-03T01:50:54.2491993Z             "title" : "TRAP options",
2025-11-03T01:50:54.2492298Z             "description" : "Options about how the extractor handles TRAP files",
2025-11-03T01:50:54.2492802Z             "type" : "object",
2025-11-03T01:50:54.2492999Z             "visibility" : 3,
2025-11-03T01:50:54.2493200Z             "properties" : {
2025-11-03T01:50:54.2493391Z               "cache" : {
2025-11-03T01:50:54.2493599Z                 "title" : "TRAP cache options",
2025-11-03T01:50:54.2493926Z                 "description" : "Options about how the extractor handles its TRAP cache",
2025-11-03T01:50:54.2494257Z                 "type" : "object",
2025-11-03T01:50:54.2494547Z                 "properties" : {
2025-11-03T01:50:54.2495131Z                   "dir" : {
2025-11-03T01:50:54.2495526Z                     "title" : "TRAP cache directory",
2025-11-03T01:50:54.2496096Z                     "description" : "The directory of the TRAP cache to use",
2025-11-03T01:50:54.2496642Z                     "type" : "string"
2025-11-03T01:50:54.2497026Z                   },
2025-11-03T01:50:54.2497342Z                   "bound" : {
2025-11-03T01:50:54.2497762Z                     "title" : "TRAP cache bound",
2025-11-03T01:50:54.2498372Z                     "description" : "A soft limit (in MB) on the size of the TRAP cache",
2025-11-03T01:50:54.2498903Z                     "type" : "string",
2025-11-03T01:50:54.2499345Z                     "pattern" : "[0-9]+"
2025-11-03T01:50:54.2499576Z                   },
2025-11-03T01:50:54.2499749Z                   "write" : {
2025-11-03T01:50:54.2499968Z                     "title" : "TRAP cache writeable",
2025-11-03T01:50:54.2500314Z                     "description" : "Whether to write to the TRAP cache as well as reading it",
2025-11-03T01:50:54.2500668Z                     "type" : "string",
2025-11-03T01:50:54.2500903Z                     "pattern" : "(true|TRUE|false|FALSE)"
2025-11-03T01:50:54.2501142Z                   }
2025-11-03T01:50:54.2501299Z                 }
2025-11-03T01:50:54.2501456Z               }
2025-11-03T01:50:54.2501611Z             }
2025-11-03T01:50:54.2501755Z           },
2025-11-03T01:50:54.2501919Z           "scale_timeouts" : {
2025-11-03T01:50:54.2502190Z             "title" : "Value to scale compiler introspection timeouts with",
2025-11-03T01:50:54.2503885Z             "description" : "The extractor attempts to determine what compiler the source code being extracted is compiled with. To this end the extractor makes additional calls to the compiler, some of which are expected to return within a certain fixed time (either 10s or 15s). On some systems that are under high load this time might be too short, and can be scaled up using this option.\n",
2025-11-03T01:50:54.2505070Z             "type" : "string",
2025-11-03T01:50:54.2505271Z             "pattern" : "[0-9]+"
2025-11-03T01:50:54.2505470Z           },
2025-11-03T01:50:54.2505630Z           "log_verbosity" : {
2025-11-03T01:50:54.2505869Z             "title" : "Verbosity of the extractor logging",
2025-11-03T01:50:54.2506390Z             "description" : "Set the verbosity of the extractor logging to 'quiet' (0), 'normal' (1), 'chatty' (2), or 'noisy' (3). The default is 'normal'.\n",
2025-11-03T01:50:54.2506874Z             "type" : "string",
2025-11-03T01:50:54.2507174Z             "pattern" : "[0-3]"
2025-11-03T01:50:54.2507407Z           },
2025-11-03T01:50:54.2507577Z           "frontend_options" : {
2025-11-03T01:50:54.2507811Z             "title" : "C/C++ extractor frontend options",
2025-11-03T01:50:54.2508242Z             "description" : "Set additional options that should be passed to the C/C++ extractor frontend.\n",
2025-11-03T01:50:54.2508633Z             "type" : "array",
2025-11-03T01:50:54.2508840Z             "visibility" : 3
2025-11-03T01:50:54.2509023Z           }
2025-11-03T01:50:54.2509171Z         }
2025-11-03T01:50:54.2509310Z       }
2025-11-03T01:50:54.2509454Z     ],
2025-11-03T01:50:54.2509599Z     "csharp" : [
2025-11-03T01:50:54.2509765Z       {
2025-11-03T01:50:54.2510025Z         "extractor_root" : "/opt/hostedtoolcache/CodeQL/2.23.3/x64/codeql/csharp",
2025-11-03T01:50:54.2510353Z         "extractor_options" : {
2025-11-03T01:50:54.2510553Z           "trap" : {
2025-11-03T01:50:54.2510748Z             "title" : "Options pertaining to TRAP.",
2025-11-03T01:50:54.2511035Z             "description" : "Options pertaining to TRAP.",
2025-11-03T01:50:54.2511290Z             "type" : "object",
2025-11-03T01:50:54.2511489Z             "properties" : {
2025-11-03T01:50:54.2511684Z               "compression" : {
2025-11-03T01:50:54.2512003Z                 "title" : "Controls compression for the TRAP files written by the extractor.",
2025-11-03T01:50:54.2513095Z                 "description" : "This option is only intended for use in debugging the extractor. Accepted values are 'brotli' (the default, to write brotli-compressed TRAP), 'gzip', and 'none' (to write uncompressed TRAP).\n",
2025-11-03T01:50:54.2513805Z                 "type" : "string",
2025-11-03T01:50:54.2514037Z                 "pattern" : "^(none|gzip|brotli)$"
2025-11-03T01:50:54.2514260Z               }
2025-11-03T01:50:54.2514416Z             }
2025-11-03T01:50:54.2514560Z           },
2025-11-03T01:50:54.2514718Z           "buildless" : {
2025-11-03T01:50:54.2515021Z             "title" : "DEPRECATED - Whether to use buildless (standalone) extraction.",
2025-11-03T01:50:54.2517300Z             "description" : "DEPRECATED: Use `--build-mode none` instead.\nA value indicating, which type of extraction the autobuilder should perform. If 'true', then the standalone extractor will be used, otherwise tracing extraction will be performed. The default is 'false'. Note that buildless extraction will generally yield less accurate analysis results, and should only be used in cases where it is not possible to build the code (for example if it uses inaccessible dependencies).\n",
2025-11-03T01:50:54.2519179Z             "type" : "string",
2025-11-03T01:50:54.2519412Z             "pattern" : "^(false|true)$"
2025-11-03T01:50:54.2519628Z           },
2025-11-03T01:50:54.2519787Z           "logging" : {
2025-11-03T01:50:54.2519995Z             "title" : "Options pertaining to logging.",
2025-11-03T01:50:54.2520292Z             "description" : "Options pertaining to logging.",
2025-11-03T01:50:54.2520555Z             "type" : "object",
2025-11-03T01:50:54.2520757Z             "properties" : {
2025-11-03T01:50:54.2520971Z               "verbosity" : {
2025-11-03T01:50:54.2521200Z                 "title" : "Extractor logging verbosity level.",
2025-11-03T01:50:54.2522051Z                 "description" : "Controls the level of verbosity of the extractor. The supported levels are (in order of increasing verbosity):\n  - off\n  - errors\n  - warnings\n  - info or progress\n  - debug or progress+\n  - trace or progress++\n  - progress+++\n",
2025-11-03T01:50:54.2523070Z                 "type" : "string",
2025-11-03T01:50:54.2523506Z                 "pattern" : "^(off|errors|warnings|(info|progress)|(debug|progress\\+)|(trace|progress\\+\\+)|progress\\+\\+\\+)$"
2025-11-03T01:50:54.2523940Z               }
2025-11-03T01:50:54.2524100Z             }
2025-11-03T01:50:54.2524245Z           },
2025-11-03T01:50:54.2524404Z           "binlog" : {
2025-11-03T01:50:54.2524582Z             "title" : "Binlog",
2025-11-03T01:50:54.2525196Z             "description" : "[EXPERIMENTAL] The value is a path to the MsBuild binary log file that should be extracted. This option only works when `--build-mode none` is also specified.\n",
2025-11-03T01:50:54.2525799Z             "type" : "array"
2025-11-03T01:50:54.2525987Z           }
2025-11-03T01:50:54.2526130Z         }
2025-11-03T01:50:54.2526277Z       }
2025-11-03T01:50:54.2526419Z     ],
2025-11-03T01:50:54.2526565Z     "java" : [
2025-11-03T01:50:54.2526719Z       {
2025-11-03T01:50:54.2526968Z         "extractor_root" : "/opt/hostedtoolcache/CodeQL/2.23.3/x64/codeql/java",
2025-11-03T01:50:54.2527301Z         "extractor_options" : {
2025-11-03T01:50:54.2527495Z           "exclude" : {
2025-11-03T01:50:54.2527719Z             "title" : "A glob excluding files from analysis.",
2025-11-03T01:50:54.2528349Z             "description" : "A glob indicating what files to exclude from the analysis. This accepts glob patterns that are supported by Java's 'getPathMatcher' implementation.\n",
2025-11-03T01:50:54.2528940Z             "type" : "string"
2025-11-03T01:50:54.2529129Z           },
2025-11-03T01:50:54.2529295Z           "add_prefer_source" : {
2025-11-03T01:50:54.2529587Z             "title" : "Whether to always prefer source files over class files.",
2025-11-03T01:50:54.2530572Z             "description" : "A value indicating whether source files should be preferred over class files. If set to 'true', the extraction adds '-Xprefer:source' to the javac command line. If set to 'false', the extraction uses the default javac behavior ('-Xprefer:newer'). The default is 'true'.\n",
2025-11-03T01:50:54.2531612Z             "type" : "string",
2025-11-03T01:50:54.2531818Z             "pattern" : "^(false|true)$"
2025-11-03T01:50:54.2532033Z           },
2025-11-03T01:50:54.2532188Z           "buildless" : {
2025-11-03T01:50:54.2532480Z             "title" : "Whether to use buildless (standalone) extraction (experimental).",
2025-11-03T01:50:54.2534259Z             "description" : "A value indicating, which type of extraction the autobuilder should perform. If 'true', then the standalone extractor will be used, otherwise tracing extraction will be performed. The default is 'false'. Note that buildless extraction will generally yield less accurate analysis results, and should only be used in cases where it is not possible to build the code (for example if it uses inaccessible dependencies).\n",
2025-11-03T01:50:54.2535615Z             "type" : "string",
2025-11-03T01:50:54.2535817Z             "pattern" : "^(false|true)$"
2025-11-03T01:50:54.2536031Z           },
2025-11-03T01:50:54.2536203Z           "buildless_dependency_dir" : {
2025-11-03T01:50:54.2536565Z             "title" : "The path where buildless (standalone) extraction should keep dependencies.",
2025-11-03T01:50:54.2537117Z             "description" : "If set, the buildless (standalone) extractor will store dependencies in this directory.\n",
2025-11-03T01:50:54.2537535Z             "type" : "string"
2025-11-03T01:50:54.2537721Z           },
2025-11-03T01:50:54.2537888Z           "minimize_dependency_jars" : {
2025-11-03T01:50:54.2538257Z             "title" : "Whether to rewrite and minimize downloaded JAR dependencies (experimental).",
2025-11-03T01:50:54.2538986Z             "description" : "If 'true', JAR dependencies downloaded during extraction will be rewritten to remove unneeded data, such as method bodies. The default is 'false'.\n",
2025-11-03T01:50:54.2539574Z             "type" : "string",
2025-11-03T01:50:54.2539777Z             "pattern" : "^(false|true)$"
2025-11-03T01:50:54.2539993Z           }
2025-11-03T01:50:54.2540140Z         }
2025-11-03T01:50:54.2540290Z       }
2025-11-03T01:50:54.2540426Z     ],
2025-11-03T01:50:54.2540570Z     "go" : [
2025-11-03T01:50:54.2540718Z       {
2025-11-03T01:50:54.2540955Z         "extractor_root" : "/opt/hostedtoolcache/CodeQL/2.23.3/x64/codeql/go",
2025-11-03T01:50:54.2541276Z         "extractor_options" : {
2025-11-03T01:50:54.2541478Z           "extract_tests" : {
2025-11-03T01:50:54.2541762Z             "title" : "Whether to include Go test files in the CodeQL database.",
2025-11-03T01:50:54.2542339Z             "description" : "A value indicating whether Go test files should be included in the CodeQL database. The default is 'false'.\n",
2025-11-03T01:50:54.2543016Z             "type" : "string",
2025-11-03T01:50:54.2543239Z             "pattern" : "^(false|true)$"
2025-11-03T01:50:54.2543449Z           },
2025-11-03T01:50:54.2543618Z           "extract_vendor_dirs" : {
2025-11-03T01:50:54.2543934Z             "title" : "Whether to include Go vendor directories in the CodeQL database.",
2025-11-03T01:50:54.2544545Z             "description" : "A value indicating whether Go vendor directories should be included in the CodeQL database. The default is 'false'.\n",
2025-11-03T01:50:54.2545042Z             "type" : "string",
2025-11-03T01:50:54.2545246Z             "pattern" : "^(false|true)$"
2025-11-03T01:50:54.2545449Z           }
2025-11-03T01:50:54.2545598Z         }
2025-11-03T01:50:54.2545740Z       }
2025-11-03T01:50:54.2545874Z     ],
2025-11-03T01:50:54.2546021Z     "actions" : [
2025-11-03T01:50:54.2546179Z       {
2025-11-03T01:50:54.2546446Z         "extractor_root" : "/opt/hostedtoolcache/CodeQL/2.23.3/x64/codeql/actions",
2025-11-03T01:50:54.2546777Z         "extractor_options" : {
2025-11-03T01:50:54.2546980Z           "trap" : {
2025-11-03T01:50:54.2547161Z             "title" : "TRAP options",
2025-11-03T01:50:54.2547619Z             "description" : "Options about how the extractor handles TRAP files",
2025-11-03T01:50:54.2547937Z             "type" : "object",
2025-11-03T01:50:54.2548131Z             "visibility" : 3,
2025-11-03T01:50:54.2548337Z             "properties" : {
2025-11-03T01:50:54.2548530Z               "cache" : {
2025-11-03T01:50:54.2548738Z                 "title" : "TRAP cache options",
2025-11-03T01:50:54.2549070Z                 "description" : "Options about how the extractor handles its TRAP cache",
2025-11-03T01:50:54.2549403Z                 "type" : "object",
2025-11-03T01:50:54.2549610Z                 "properties" : {
2025-11-03T01:50:54.2549935Z                   "dir" : {
2025-11-03T01:50:54.2550152Z                     "title" : "TRAP cache directory",
2025-11-03T01:50:54.2550448Z                     "description" : "The directory of the TRAP cache to use",
2025-11-03T01:50:54.2550739Z                     "type" : "string"
2025-11-03T01:50:54.2550937Z                   },
2025-11-03T01:50:54.2551112Z                   "bound" : {
2025-11-03T01:50:54.2551314Z                     "title" : "TRAP cache bound",
2025-11-03T01:50:54.2551629Z                     "description" : "A soft limit (in MB) on the size of the TRAP cache",
2025-11-03T01:50:54.2551934Z                     "type" : "string",
2025-11-03T01:50:54.2552162Z                     "pattern" : "[0-9]+"
2025-11-03T01:50:54.2552374Z                   },
2025-11-03T01:50:54.2552675Z                   "write" : {
2025-11-03T01:50:54.2552903Z                     "title" : "TRAP cache writeable",
2025-11-03T01:50:54.2553253Z                     "description" : "Whether to write to the TRAP cache as well as reading it",
2025-11-03T01:50:54.2553589Z                     "type" : "string",
2025-11-03T01:50:54.2553822Z                     "pattern" : "(true|TRUE|false|FALSE)"
2025-11-03T01:50:54.2554053Z                   }
2025-11-03T01:50:54.2554205Z                 }
2025-11-03T01:50:54.2554364Z               }
2025-11-03T01:50:54.2554528Z             }
2025-11-03T01:50:54.2554673Z           }
2025-11-03T01:50:54.2554818Z         }
2025-11-03T01:50:54.2554960Z       }
2025-11-03T01:50:54.2555102Z     ],
2025-11-03T01:50:54.2555250Z     "javascript" : [
2025-11-03T01:50:54.2555418Z       {
2025-11-03T01:50:54.2555683Z         "extractor_root" : "/opt/hostedtoolcache/CodeQL/2.23.3/x64/codeql/javascript",
2025-11-03T01:50:54.2556028Z         "extractor_options" : {
2025-11-03T01:50:54.2556223Z           "trap" : {
2025-11-03T01:50:54.2556404Z             "title" : "TRAP options",
2025-11-03T01:50:54.2556704Z             "description" : "Options about how the extractor handles TRAP files",
2025-11-03T01:50:54.2557024Z             "type" : "object",
2025-11-03T01:50:54.2557224Z             "visibility" : 3,
2025-11-03T01:50:54.2557423Z             "properties" : {
2025-11-03T01:50:54.2557625Z               "cache" : {
2025-11-03T01:50:54.2557823Z                 "title" : "TRAP cache options",
2025-11-03T01:50:54.2558156Z                 "description" : "Options about how the extractor handles its TRAP cache",
2025-11-03T01:50:54.2558486Z                 "type" : "object",
2025-11-03T01:50:54.2558699Z                 "properties" : {
2025-11-03T01:50:54.2558896Z                   "dir" : {
2025-11-03T01:50:54.2559102Z                     "title" : "TRAP cache directory",
2025-11-03T01:50:54.2559401Z                     "description" : "The directory of the TRAP cache to use",
2025-11-03T01:50:54.2559684Z                     "type" : "string"
2025-11-03T01:50:54.2559890Z                   },
2025-11-03T01:50:54.2560052Z                   "bound" : {
2025-11-03T01:50:54.2560258Z                     "title" : "TRAP cache bound",
2025-11-03T01:50:54.2560569Z                     "description" : "A soft limit (in MB) on the size of the TRAP cache",
2025-11-03T01:50:54.2560877Z                     "type" : "string",
2025-11-03T01:50:54.2561093Z                     "pattern" : "[0-9]+"
2025-11-03T01:50:54.2561305Z                   },
2025-11-03T01:50:54.2561628Z                   "write" : {
2025-11-03T01:50:54.2561830Z                     "title" : "TRAP cache writeable",
2025-11-03T01:50:54.2562172Z                     "description" : "Whether to write to the TRAP cache as well as reading it",
2025-11-03T01:50:54.2562499Z                     "type" : "string",
2025-11-03T01:50:54.2562919Z                     "pattern" : "(true|TRUE|false|FALSE)"
2025-11-03T01:50:54.2563145Z                   }
2025-11-03T01:50:54.2563305Z                 }
2025-11-03T01:50:54.2563455Z               }
2025-11-03T01:50:54.2563608Z             }
2025-11-03T01:50:54.2563760Z           },
2025-11-03T01:50:54.2563916Z           "skip_types" : {
2025-11-03T01:50:54.2564270Z             "title" : "Skip type extraction for TypeScript",
2025-11-03T01:50:54.2564670Z             "description" : "Whether to skip the extraction of types in a TypeScript application",
2025-11-03T01:50:54.2565036Z             "type" : "string",
2025-11-03T01:50:54.2565240Z             "pattern" : "^(false|true)$"
2025-11-03T01:50:54.2565459Z           }
2025-11-03T01:50:54.2565608Z         }
2025-11-03T01:50:54.2565757Z       }
2025-11-03T01:50:54.2565892Z     ],
2025-11-03T01:50:54.2566039Z     "swift" : [
2025-11-03T01:50:54.2566188Z       {
2025-11-03T01:50:54.2566442Z         "extractor_root" : "/opt/hostedtoolcache/CodeQL/2.23.3/x64/codeql/swift"
2025-11-03T01:50:54.2566748Z       }
2025-11-03T01:50:54.2566885Z     ],
2025-11-03T01:50:54.2567029Z     "ruby" : [
2025-11-03T01:50:54.2567179Z       {
2025-11-03T01:50:54.2567420Z         "extractor_root" : "/opt/hostedtoolcache/CodeQL/2.23.3/x64/codeql/ruby",
2025-11-03T01:50:54.2567728Z         "extractor_options" : {
2025-11-03T01:50:54.2567930Z           "trap" : {
2025-11-03T01:50:54.2568124Z             "title" : "Options pertaining to TRAP.",
2025-11-03T01:50:54.2568409Z             "description" : "Options pertaining to TRAP.",
2025-11-03T01:50:54.2568668Z             "type" : "object",
2025-11-03T01:50:54.2568867Z             "properties" : {
2025-11-03T01:50:54.2569071Z               "compression" : {
2025-11-03T01:50:54.2569386Z                 "title" : "Controls compression for the TRAP files written by the extractor.",
2025-11-03T01:50:54.2570316Z                 "description" : "This option is only intended for use in debugging the extractor. Accepted values are 'gzip' (the default, to write gzip-compressed TRAP) 'zstd' (to write Zstandard-compressed TRAP) and 'none' (to write uncompressed TRAP).\n",
2025-11-03T01:50:54.2571123Z                 "type" : "string",
2025-11-03T01:50:54.2571353Z                 "pattern" : "^(none|gzip|zstd)$"
2025-11-03T01:50:54.2571585Z               }
2025-11-03T01:50:54.2571737Z             }
2025-11-03T01:50:54.2571892Z           }
2025-11-03T01:50:54.2572031Z         }
2025-11-03T01:50:54.2572174Z       }
2025-11-03T01:50:54.2572305Z     ]
2025-11-03T01:50:54.2572445Z   }
2025-11-03T01:50:54.2572742Z }
2025-11-03T01:50:54.2714403Z Languages from configuration: actions
2025-11-03T01:50:54.2721948Z [command]/opt/hostedtoolcache/CodeQL/2.23.3/x64/codeql/codeql resolve languages --format=betterjson --extractor-options-verbosity=4 --extractor-include-aliases
2025-11-03T01:50:55.1779687Z {
2025-11-03T01:50:55.1780015Z   "aliases" : {
2025-11-03T01:50:55.1780335Z     "c" : "cpp",
2025-11-03T01:50:55.1780626Z     "c++" : "cpp",
2025-11-03T01:50:55.1780930Z     "c-c++" : "cpp",
2025-11-03T01:50:55.1781254Z     "c-cpp" : "cpp",
2025-11-03T01:50:55.1781580Z     "c#" : "csharp",
2025-11-03T01:50:55.1781891Z     "java-kotlin" : "java",
2025-11-03T01:50:55.1782246Z     "kotlin" : "java",
2025-11-03T01:50:55.1782913Z     "javascript-typescript" : "javascript",
2025-11-03T01:50:55.1783413Z     "typescript" : "javascript"
2025-11-03T01:50:55.1783765Z   },
2025-11-03T01:50:55.1784024Z   "extractors" : {
2025-11-03T01:50:55.1784324Z     "xml" : [
2025-11-03T01:50:55.1784593Z       {
2025-11-03T01:50:55.1785071Z         "extractor_root" : "/opt/hostedtoolcache/CodeQL/2.23.3/x64/codeql/xml"
2025-11-03T01:50:55.1786381Z       }
2025-11-03T01:50:55.1786629Z     ],
2025-11-03T01:50:55.1786881Z     "python" : [
2025-11-03T01:50:55.1787173Z       {
2025-11-03T01:50:55.1787625Z         "extractor_root" : "/opt/hostedtoolcache/CodeQL/2.23.3/x64/codeql/python",
2025-11-03T01:50:55.1788236Z         "extractor_options" : {
2025-11-03T01:50:55.1788600Z           "logging" : {
2025-11-03T01:50:55.1789023Z             "title" : "Options pertaining to logging.",
2025-11-03T01:50:55.1789572Z             "description" : "Options pertaining to logging.",
2025-11-03T01:50:55.1790069Z             "type" : "object",
2025-11-03T01:50:55.1790436Z             "properties" : {
2025-11-03T01:50:55.1790791Z               "verbosity" : {
2025-11-03T01:50:55.1791429Z                 "title" : "Python extractor logging verbosity level.",
2025-11-03T01:50:55.1793341Z                 "description" : "Controls the level of verbosity of the CodeQL Python extractor.\nThe supported levels are (in order of increasing verbosity):\n\n  - off\n  - errors\n  - warnings\n  - info or progress\n  - debug or progress+\n  - trace or progress++\n  - progress+++\n",
2025-11-03T01:50:55.1794972Z                 "type" : "string",
2025-11-03T01:50:55.1795738Z                 "pattern" : "^(off|errors|warnings|(info|progress)|(debug|progress\\+)|(trace|progress\\+\\+)|progress\\+\\+\\+)$"
2025-11-03T01:50:55.1796501Z               }
2025-11-03T01:50:55.1796775Z             }
2025-11-03T01:50:55.1797033Z           },
2025-11-03T01:50:55.1797331Z           "python_executable_name" : {
2025-11-03T01:50:55.1797964Z             "title" : "Controls the name of the Python executable used by the Python extractor.",
2025-11-03T01:50:55.1800342Z             "description" : "The Python extractor uses platform-dependent heuristics to determine the name of the Python executable to use. Specifying a value for this option overrides the name of the Python executable used by the extractor. Accepted values are py, python and python3. Use this setting with caution, the Python extractor requires Python 3 to run.\n",
2025-11-03T01:50:55.1802514Z             "type" : "string",
2025-11-03T01:50:55.1803274Z             "pattern" : "^(py|python|python3)$"
2025-11-03T01:50:55.1803710Z           }
2025-11-03T01:50:55.1803969Z         }
2025-11-03T01:50:55.1804234Z       }
2025-11-03T01:50:55.1804490Z     ],
2025-11-03T01:50:55.1804757Z     "javascript" : [
2025-11-03T01:50:55.1805068Z       {
2025-11-03T01:50:55.1805554Z         "extractor_root" : "/opt/hostedtoolcache/CodeQL/2.23.3/x64/codeql/javascript",
2025-11-03T01:50:55.1806216Z         "extractor_options" : {
2025-11-03T01:50:55.1806582Z           "trap" : {
2025-11-03T01:50:55.1806925Z             "title" : "TRAP options",
2025-11-03T01:50:55.1807502Z             "description" : "Options about how the extractor handles TRAP files",
2025-11-03T01:50:55.1808108Z             "type" : "object",
2025-11-03T01:50:55.1808472Z             "visibility" : 3,
2025-11-03T01:50:55.1808843Z             "properties" : {
2025-11-03T01:50:55.1809208Z               "cache" : {
2025-11-03T01:50:55.1809581Z                 "title" : "TRAP cache options",
2025-11-03T01:50:55.1810217Z                 "description" : "Options about how the extractor handles its TRAP cache",
2025-11-03T01:50:55.1810842Z                 "type" : "object",
2025-11-03T01:50:55.1811235Z                 "properties" : {
2025-11-03T01:50:55.1811599Z                   "dir" : {
2025-11-03T01:50:55.1811977Z                     "title" : "TRAP cache directory",
2025-11-03T01:50:55.1812712Z                     "description" : "The directory of the TRAP cache to use",
2025-11-03T01:50:55.1813382Z                     "type" : "string"
2025-11-03T01:50:55.1813759Z                   },
2025-11-03T01:50:55.1814068Z                   "bound" : {
2025-11-03T01:50:55.1814439Z                     "title" : "TRAP cache bound",
2025-11-03T01:50:55.1815019Z                     "description" : "A soft limit (in MB) on the size of the TRAP cache",
2025-11-03T01:50:55.1815597Z                     "type" : "string",
2025-11-03T01:50:55.1816243Z                     "pattern" : "[0-9]+"
2025-11-03T01:50:55.1816623Z                   },
2025-11-03T01:50:55.1816918Z                   "write" : {
2025-11-03T01:50:55.1817294Z                     "title" : "TRAP cache writeable",
2025-11-03T01:50:55.1817919Z                     "description" : "Whether to write to the TRAP cache as well as reading it",
2025-11-03T01:50:55.1818532Z                     "type" : "string",
2025-11-03T01:50:55.1818957Z                     "pattern" : "(true|TRUE|false|FALSE)"
2025-11-03T01:50:55.1819351Z                   }
2025-11-03T01:50:55.1819625Z                 }
2025-11-03T01:50:55.1819902Z               }
2025-11-03T01:50:55.1820356Z             }
2025-11-03T01:50:55.1820641Z           },
2025-11-03T01:50:55.1820924Z           "skip_types" : {
2025-11-03T01:50:55.1821331Z             "title" : "Skip type extraction for TypeScript",
2025-11-03T01:50:55.1822089Z             "description" : "Whether to skip the extraction of types in a TypeScript application",
2025-11-03T01:50:55.1822948Z             "type" : "string",
2025-11-03T01:50:55.1823337Z             "pattern" : "^(false|true)$"
2025-11-03T01:50:55.1823744Z           }
2025-11-03T01:50:55.1824009Z         }
2025-11-03T01:50:55.1824268Z       }
2025-11-03T01:50:55.1824513Z     ],
2025-11-03T01:50:55.1824768Z     "rust" : [
2025-11-03T01:50:55.1825037Z       {
2025-11-03T01:50:55.1825495Z         "extractor_root" : "/opt/hostedtoolcache/CodeQL/2.23.3/x64/codeql/rust",
2025-11-03T01:50:55.1826080Z         "extractor_options" : {
2025-11-03T01:50:55.1826443Z           "trap" : {
2025-11-03T01:50:55.1826801Z             "title" : "Options pertaining to TRAP.",
2025-11-03T01:50:55.1827324Z             "description" : "Options pertaining to TRAP.",
2025-11-03T01:50:55.1827801Z             "type" : "object",
2025-11-03T01:50:55.1828159Z             "properties" : {
2025-11-03T01:50:55.1828516Z               "compression" : {
2025-11-03T01:50:55.1829076Z                 "title" : "Controls compression for the TRAP files written by the extractor.",
2025-11-03T01:50:55.1830099Z                 "description" : "This option is only intended for use in debugging the extractor. Accepted values are 'gzip' (to write gzip-compressed TRAP) 'zstd' (to write Zstandard-compressed TRAP) and 'none' (the default, to write uncompressed TRAP).\n",
2025-11-03T01:50:55.1830900Z                 "type" : "string",
2025-11-03T01:50:55.1831128Z                 "pattern" : "^(none|gzip|zstd)$"
2025-11-03T01:50:55.1831360Z               }
2025-11-03T01:50:55.1831522Z             }
2025-11-03T01:50:55.1831676Z           },
2025-11-03T01:50:55.1831837Z           "cargo_target_dir" : {
2025-11-03T01:50:55.1832098Z             "title" : "Directory to use for cargo output files.",
2025-11-03T01:50:55.1833324Z             "description" : "This value is an optional path to use as `CARGO_TARGET_DIR` for the internal cargo commands the extractor uses. Pointing it to a persistent directory may reduce execution time of consecutive extractor runs. By default, a new scratch directory is used for each run.\n",
2025-11-03T01:50:55.1834265Z             "type" : "string"
2025-11-03T01:50:55.1834463Z           },
2025-11-03T01:50:55.1834617Z           "cargo_target" : {
2025-11-03T01:50:55.1834825Z             "title" : "Target architecture",
2025-11-03T01:50:55.1835330Z             "description" : "Target architecture to use for analysis, analogous to `cargo --target`. By default the host architecture is used.\n",
2025-11-03T01:50:55.1835827Z             "type" : "string"
2025-11-03T01:50:55.1836010Z           },
2025-11-03T01:50:55.1836162Z           "cargo_features" : {
2025-11-03T01:50:55.1836378Z             "title" : "Cargo features to turn on",
2025-11-03T01:50:55.1837294Z             "description" : "Comma-separated list of features to turn on. By default all features are enabled. If any features are specified, then only those features are enabled. The `default` feature must be explicitly specified if only default features are desired. Can be repeated.\n",
2025-11-03T01:50:55.1838359Z             "type" : "array"
2025-11-03T01:50:55.1838535Z           },
2025-11-03T01:50:55.1838697Z           "cargo_cfg_overrides" : {
2025-11-03T01:50:55.1838924Z             "title" : "Cargo cfg overrides",
2025-11-03T01:50:55.1839370Z             "description" : "Comma-separated list of cfg settings to enable, or disable if prefixed with `-`. Can be repeated.\n",
2025-11-03T01:50:55.1839809Z             "type" : "array"
2025-11-03T01:50:55.1839985Z           },
2025-11-03T01:50:55.1840149Z           "logging" : {
2025-11-03T01:50:55.1840359Z             "title" : "Options pertaining to logging.",
2025-11-03T01:50:55.1840897Z             "description" : "Options pertaining to logging.",
2025-11-03T01:50:55.1841185Z             "type" : "object",
2025-11-03T01:50:55.1841384Z             "properties" : {
2025-11-03T01:50:55.1841579Z               "verbosity" : {
2025-11-03T01:50:55.1841803Z                 "title" : "Extractor logging verbosity level.",
2025-11-03T01:50:55.1842874Z                 "description" : "Controls the level of verbosity of the extractor. The supported levels are (in order of increasing verbosity):\n  - off\n  - errors\n  - warnings\n  - info or progress\n  - debug or progress+\n  - trace or progress++\n  - progress+++\n",
2025-11-03T01:50:55.1844293Z                 "type" : "string",
2025-11-03T01:50:55.1845013Z                 "pattern" : "^(off|errors|warnings|(info|progress)|(debug|progress\\+)|(trace|progress\\+\\+)|progress\\+\\+\\+)$"
2025-11-03T01:50:55.1845720Z               },
2025-11-03T01:50:55.1845980Z               "flamegraph" : {
2025-11-03T01:50:55.1846363Z                 "title" : "[Experimental] File path for write flame graph log",
2025-11-03T01:50:55.1847141Z                 "description" : "Collect flame graph data using the `tracing-flame` crate. To render a flame graph or chart, run the `inferno-flamegraph` command. See also: https://crates.io/crates/tracing-flame\n",
2025-11-03T01:50:55.1847846Z                 "type" : "string"
2025-11-03T01:50:55.1848044Z               }
2025-11-03T01:50:55.1848199Z             }
2025-11-03T01:50:55.1848342Z           },
2025-11-03T01:50:55.1848522Z           "extract_dependencies_as_source" : {
2025-11-03T01:50:55.1848805Z             "title" : "Extract dependencies as source code",
2025-11-03T01:50:55.1849245Z             "description" : "Extract the full source code of dependencies instead of only extracting signatures.\n",
2025-11-03T01:50:55.1849664Z             "type" : "string",
2025-11-03T01:50:55.1849867Z             "pattern" : "^(false|true)$"
2025-11-03T01:50:55.1850083Z           }
2025-11-03T01:50:55.1850225Z         }
2025-11-03T01:50:55.1850369Z       }
2025-11-03T01:50:55.1850512Z     ],
2025-11-03T01:50:55.1850661Z     "csv" : [
2025-11-03T01:50:55.1850811Z       {
2025-11-03T01:50:55.1851057Z         "extractor_root" : "/opt/hostedtoolcache/CodeQL/2.23.3/x64/codeql/csv"
2025-11-03T01:50:55.1851364Z       }
2025-11-03T01:50:55.1851498Z     ],
2025-11-03T01:50:55.1851652Z     "cpp" : [
2025-11-03T01:50:55.1851799Z       {
2025-11-03T01:50:55.1852040Z         "extractor_root" : "/opt/hostedtoolcache/CodeQL/2.23.3/x64/codeql/cpp",
2025-11-03T01:50:55.1852356Z         "extractor_options" : {
2025-11-03T01:50:55.1852737Z           "trap" : {
2025-11-03T01:50:55.1852928Z             "title" : "TRAP options",
2025-11-03T01:50:55.1853239Z             "description" : "Options about how the extractor handles TRAP files",
2025-11-03T01:50:55.1853549Z             "type" : "object",
2025-11-03T01:50:55.1853749Z             "visibility" : 3,
2025-11-03T01:50:55.1853949Z             "properties" : {
2025-11-03T01:50:55.1854136Z               "cache" : {
2025-11-03T01:50:55.1854346Z                 "title" : "TRAP cache options",
2025-11-03T01:50:55.1854675Z                 "description" : "Options about how the extractor handles its TRAP cache",
2025-11-03T01:50:55.1855004Z                 "type" : "object",
2025-11-03T01:50:55.1855213Z                 "properties" : {
2025-11-03T01:50:55.1855590Z                   "dir" : {
2025-11-03T01:50:55.1855795Z                     "title" : "TRAP cache directory",
2025-11-03T01:50:55.1856091Z                     "description" : "The directory of the TRAP cache to use",
2025-11-03T01:50:55.1856378Z                     "type" : "string"
2025-11-03T01:50:55.1856575Z                   },
2025-11-03T01:50:55.1856743Z                   "bound" : {
2025-11-03T01:50:55.1856946Z                     "title" : "TRAP cache bound",
2025-11-03T01:50:55.1857260Z                     "description" : "A soft limit (in MB) on the size of the TRAP cache",
2025-11-03T01:50:55.1857567Z                     "type" : "string",
2025-11-03T01:50:55.1857895Z                     "pattern" : "[0-9]+"
2025-11-03T01:50:55.1858103Z                   },
2025-11-03T01:50:55.1858272Z                   "write" : {
2025-11-03T01:50:55.1858478Z                     "title" : "TRAP cache writeable",
2025-11-03T01:50:55.1858817Z                     "description" : "Whether to write to the TRAP cache as well as reading it",
2025-11-03T01:50:55.1859160Z                     "type" : "string",
2025-11-03T01:50:55.1859388Z                     "pattern" : "(true|TRUE|false|FALSE)"
2025-11-03T01:50:55.1859617Z                   }
2025-11-03T01:50:55.1859771Z                 }
2025-11-03T01:50:55.1859928Z               }
2025-11-03T01:50:55.1860074Z             }
2025-11-03T01:50:55.1860222Z           },
2025-11-03T01:50:55.1860379Z           "scale_timeouts" : {
2025-11-03T01:50:55.1860651Z             "title" : "Value to scale compiler introspection timeouts with",
2025-11-03T01:50:55.1861912Z             "description" : "The extractor attempts to determine what compiler the source code being extracted is compiled with. To this end the extractor makes additional calls to the compiler, some of which are expected to return within a certain fixed time (either 10s or 15s). On some systems that are under high load this time might be too short, and can be scaled up using this option.\n",
2025-11-03T01:50:55.1863280Z             "type" : "string",
2025-11-03T01:50:55.1863496Z             "pattern" : "[0-9]+"
2025-11-03T01:50:55.1863694Z           },
2025-11-03T01:50:55.1863851Z           "log_verbosity" : {
2025-11-03T01:50:55.1864084Z             "title" : "Verbosity of the extractor logging",
2025-11-03T01:50:55.1864604Z             "description" : "Set the verbosity of the extractor logging to 'quiet' (0), 'normal' (1), 'chatty' (2), or 'noisy' (3). The default is 'normal'.\n",
2025-11-03T01:50:55.1865093Z             "type" : "string",
2025-11-03T01:50:55.1865283Z             "pattern" : "[0-3]"
2025-11-03T01:50:55.1865477Z           },
2025-11-03T01:50:55.1865639Z           "frontend_options" : {
2025-11-03T01:50:55.1865885Z             "title" : "C/C++ extractor frontend options",
2025-11-03T01:50:55.1866315Z             "description" : "Set additional options that should be passed to the C/C++ extractor frontend.\n",
2025-11-03T01:50:55.1866704Z             "type" : "array",
2025-11-03T01:50:55.1866908Z             "visibility" : 3
2025-11-03T01:50:55.1867087Z           }
2025-11-03T01:50:55.1867236Z         }
2025-11-03T01:50:55.1867375Z       }
2025-11-03T01:50:55.1867513Z     ],
2025-11-03T01:50:55.1867653Z     "java" : [
2025-11-03T01:50:55.1867807Z       {
2025-11-03T01:50:55.1868048Z         "extractor_root" : "/opt/hostedtoolcache/CodeQL/2.23.3/x64/codeql/java",
2025-11-03T01:50:55.1868372Z         "extractor_options" : {
2025-11-03T01:50:55.1868573Z           "exclude" : {
2025-11-03T01:50:55.1868786Z             "title" : "A glob excluding files from analysis.",
2025-11-03T01:50:55.1869423Z             "description" : "A glob indicating what files to exclude from the analysis. This accepts glob patterns that are supported by Java's 'getPathMatcher' implementation.\n",
2025-11-03T01:50:55.1870003Z             "type" : "string"
2025-11-03T01:50:55.1870186Z           },
2025-11-03T01:50:55.1870344Z           "add_prefer_source" : {
2025-11-03T01:50:55.1870638Z             "title" : "Whether to always prefer source files over class files.",
2025-11-03T01:50:55.1871761Z             "description" : "A value indicating whether source files should be preferred over class files. If set to 'true', the extraction adds '-Xprefer:source' to the javac command line. If set to 'false', the extraction uses the default javac behavior ('-Xprefer:newer'). The default is 'true'.\n",
2025-11-03T01:50:55.1872823Z             "type" : "string",
2025-11-03T01:50:55.1873039Z             "pattern" : "^(false|true)$"
2025-11-03T01:50:55.1873250Z           },
2025-11-03T01:50:55.1873411Z           "buildless" : {
2025-11-03T01:50:55.1873699Z             "title" : "Whether to use buildless (standalone) extraction (experimental).",
2025-11-03T01:50:55.1875272Z             "description" : "A value indicating, which type of extraction the autobuilder should perform. If 'true', then the standalone extractor will be used, otherwise tracing extraction will be performed. The default is 'false'. Note that buildless extraction will generally yield less accurate analysis results, and should only be used in cases where it is not possible to build the code (for example if it uses inaccessible dependencies).\n",
2025-11-03T01:50:55.1876609Z             "type" : "string",
2025-11-03T01:50:55.1876807Z             "pattern" : "^(false|true)$"
2025-11-03T01:50:55.1877017Z           },
2025-11-03T01:50:55.1877182Z           "buildless_dependency_dir" : {
2025-11-03T01:50:55.1877548Z             "title" : "The path where buildless (standalone) extraction should keep dependencies.",
2025-11-03T01:50:55.1878106Z             "description" : "If set, the buildless (standalone) extractor will store dependencies in this directory.\n",
2025-11-03T01:50:55.1878524Z             "type" : "string"
2025-11-03T01:50:55.1878714Z           },
2025-11-03T01:50:55.1878878Z           "minimize_dependency_jars" : {
2025-11-03T01:50:55.1879244Z             "title" : "Whether to rewrite and minimize downloaded JAR dependencies (experimental).",
2025-11-03T01:50:55.1879966Z             "description" : "If 'true', JAR dependencies downloaded during extraction will be rewritten to remove unneeded data, such as method bodies. The default is 'false'.\n",
2025-11-03T01:50:55.1880554Z             "type" : "string",
2025-11-03T01:50:55.1880759Z             "pattern" : "^(false|true)$"
2025-11-03T01:50:55.1880964Z           }
2025-11-03T01:50:55.1881112Z         }
2025-11-03T01:50:55.1881248Z       }
2025-11-03T01:50:55.1881390Z     ],
2025-11-03T01:50:55.1881528Z     "html" : [
2025-11-03T01:50:55.1881689Z       {
2025-11-03T01:50:55.1881926Z         "extractor_root" : "/opt/hostedtoolcache/CodeQL/2.23.3/x64/codeql/html"
2025-11-03T01:50:55.1882233Z       }
2025-11-03T01:50:55.1882374Z     ],
2025-11-03T01:50:55.1882518Z     "yaml" : [
2025-11-03T01:50:55.1882920Z       {
2025-11-03T01:50:55.1883205Z         "extractor_root" : "/opt/hostedtoolcache/CodeQL/2.23.3/x64/codeql/yaml"
2025-11-03T01:50:55.1883510Z       }
2025-11-03T01:50:55.1883642Z     ],
2025-11-03T01:50:55.1883789Z     "swift" : [
2025-11-03T01:50:55.1883947Z       {
2025-11-03T01:50:55.1884183Z         "extractor_root" : "/opt/hostedtoolcache/CodeQL/2.23.3/x64/codeql/swift"
2025-11-03T01:50:55.1884480Z       }
2025-11-03T01:50:55.1884620Z     ],
2025-11-03T01:50:55.1884762Z     "properties" : [
2025-11-03T01:50:55.1884936Z       {
2025-11-03T01:50:55.1885196Z         "extractor_root" : "/opt/hostedtoolcache/CodeQL/2.23.3/x64/codeql/properties"
2025-11-03T01:50:55.1885511Z       }
2025-11-03T01:50:55.1885646Z     ],
2025-11-03T01:50:55.1885780Z     "ruby" : [
2025-11-03T01:50:55.1885931Z       {
2025-11-03T01:50:55.1886158Z         "extractor_root" : "/opt/hostedtoolcache/CodeQL/2.23.3/x64/codeql/ruby",
2025-11-03T01:50:55.1886482Z         "extractor_options" : {
2025-11-03T01:50:55.1886673Z           "trap" : {
2025-11-03T01:50:55.1886872Z             "title" : "Options pertaining to TRAP.",
2025-11-03T01:50:55.1887146Z             "description" : "Options pertaining to TRAP.",
2025-11-03T01:50:55.1887402Z             "type" : "object",
2025-11-03T01:50:55.1887733Z             "properties" : {
2025-11-03T01:50:55.1887926Z               "compression" : {
2025-11-03T01:50:55.1888244Z                 "title" : "Controls compression for the TRAP files written by the extractor.",
2025-11-03T01:50:55.1889204Z                 "description" : "This option is only intended for use in debugging the extractor. Accepted values are 'gzip' (the default, to write gzip-compressed TRAP) 'zstd' (to write Zstandard-compressed TRAP) and 'none' (to write uncompressed TRAP).\n",
2025-11-03T01:50:55.1890022Z                 "type" : "string",
2025-11-03T01:50:55.1890246Z                 "pattern" : "^(none|gzip|zstd)$"
2025-11-03T01:50:55.1890610Z               }
2025-11-03T01:50:55.1890768Z             }
2025-11-03T01:50:55.1890912Z           }
2025-11-03T01:50:55.1891061Z         }
2025-11-03T01:50:55.1891196Z       }
2025-11-03T01:50:55.1891336Z     ],
2025-11-03T01:50:55.1891470Z     "go" : [
2025-11-03T01:50:55.1891620Z       {
2025-11-03T01:50:55.1891860Z         "extractor_root" : "/opt/hostedtoolcache/CodeQL/2.23.3/x64/codeql/go",
2025-11-03T01:50:55.1892179Z         "extractor_options" : {
2025-11-03T01:50:55.1892377Z           "extract_tests" : {
2025-11-03T01:50:55.1892851Z             "title" : "Whether to include Go test files in the CodeQL database.",
2025-11-03T01:50:55.1893426Z             "description" : "A value indicating whether Go test files should be included in the CodeQL database. The default is 'false'.\n",
2025-11-03T01:50:55.1893897Z             "type" : "string",
2025-11-03T01:50:55.1894106Z             "pattern" : "^(false|true)$"
2025-11-03T01:50:55.1894316Z           },
2025-11-03T01:50:55.1894490Z           "extract_vendor_dirs" : {
2025-11-03T01:50:55.1894803Z             "title" : "Whether to include Go vendor directories in the CodeQL database.",
2025-11-03T01:50:55.1895413Z             "description" : "A value indicating whether Go vendor directories should be included in the CodeQL database. The default is 'false'.\n",
2025-11-03T01:50:55.1895924Z             "type" : "string",
2025-11-03T01:50:55.1896126Z             "pattern" : "^(false|true)$"
2025-11-03T01:50:55.1896340Z           }
2025-11-03T01:50:55.1896481Z         }
2025-11-03T01:50:55.1896623Z       }
2025-11-03T01:50:55.1896764Z     ],
2025-11-03T01:50:55.1896909Z     "csharp" : [
2025-11-03T01:50:55.1897064Z       {
2025-11-03T01:50:55.1897315Z         "extractor_root" : "/opt/hostedtoolcache/CodeQL/2.23.3/x64/codeql/csharp",
2025-11-03T01:50:55.1897641Z         "extractor_options" : {
2025-11-03T01:50:55.1897836Z           "trap" : {
2025-11-03T01:50:55.1898030Z             "title" : "Options pertaining to TRAP.",
2025-11-03T01:50:55.1898316Z             "description" : "Options pertaining to TRAP.",
2025-11-03T01:50:55.1898568Z             "type" : "object",
2025-11-03T01:50:55.1898760Z             "properties" : {
2025-11-03T01:50:55.1898958Z               "compression" : {
2025-11-03T01:50:55.1899268Z                 "title" : "Controls compression for the TRAP files written by the extractor.",
2025-11-03T01:50:55.1900102Z                 "description" : "This option is only intended for use in debugging the extractor. Accepted values are 'brotli' (the default, to write brotli-compressed TRAP), 'gzip', and 'none' (to write uncompressed TRAP).\n",
2025-11-03T01:50:55.1900812Z                 "type" : "string",
2025-11-03T01:50:55.1901032Z                 "pattern" : "^(none|gzip|brotli)$"
2025-11-03T01:50:55.1901259Z               }
2025-11-03T01:50:55.1901407Z             }
2025-11-03T01:50:55.1901557Z           },
2025-11-03T01:50:55.1901709Z           "buildless" : {
2025-11-03T01:50:55.1902011Z             "title" : "DEPRECATED - Whether to use buildless (standalone) extraction.",
2025-11-03T01:50:55.1903820Z             "description" : "DEPRECATED: Use `--build-mode none` instead.\nA value indicating, which type of extraction the autobuilder should perform. If 'true', then the standalone extractor will be used, otherwise tracing extraction will be performed. The default is 'false'. Note that buildless extraction will generally yield less accurate analysis results, and should only be used in cases where it is not possible to build the code (for example if it uses inaccessible dependencies).\n",
2025-11-03T01:50:55.1905421Z             "type" : "string",
2025-11-03T01:50:55.1905626Z             "pattern" : "^(false|true)$"
2025-11-03T01:50:55.1905843Z           },
2025-11-03T01:50:55.1905992Z           "logging" : {
2025-11-03T01:50:55.1906208Z             "title" : "Options pertaining to logging.",
2025-11-03T01:50:55.1906493Z             "description" : "Options pertaining to logging.",
2025-11-03T01:50:55.1906760Z             "type" : "object",
2025-11-03T01:50:55.1907055Z             "properties" : {
2025-11-03T01:50:55.1907254Z               "verbosity" : {
2025-11-03T01:50:55.1907477Z                 "title" : "Extractor logging verbosity level.",
2025-11-03T01:50:55.1908315Z                 "description" : "Controls the level of verbosity of the extractor. The supported levels are (in order of increasing verbosity):\n  - off\n  - errors\n  - warnings\n  - info or progress\n  - debug or progress+\n  - trace or progress++\n  - progress+++\n",
2025-11-03T01:50:55.1909104Z                 "type" : "string",
2025-11-03T01:50:55.1909515Z                 "pattern" : "^(off|errors|warnings|(info|progress)|(debug|progress\\+)|(trace|progress\\+\\+)|progress\\+\\+\\+)$"
2025-11-03T01:50:55.1909930Z               }
2025-11-03T01:50:55.1910078Z             }
2025-11-03T01:50:55.1910227Z           },
2025-11-03T01:50:55.1910375Z           "binlog" : {
2025-11-03T01:50:55.1910560Z             "title" : "Binlog",
2025-11-03T01:50:55.1911153Z             "description" : "[EXPERIMENTAL] The value is a path to the MsBuild binary log file that should be extracted. This option only works when `--build-mode none` is also specified.\n",
2025-11-03T01:50:55.1911752Z             "type" : "array"
2025-11-03T01:50:55.1911938Z           }
2025-11-03T01:50:55.1912080Z         }
2025-11-03T01:50:55.1912229Z       }
2025-11-03T01:50:55.1912363Z     ],
2025-11-03T01:50:55.1912510Z     "actions" : [
2025-11-03T01:50:55.1912832Z       {
2025-11-03T01:50:55.1913096Z         "extractor_root" : "/opt/hostedtoolcache/CodeQL/2.23.3/x64/codeql/actions",
2025-11-03T01:50:55.1913431Z         "extractor_options" : {
2025-11-03T01:50:55.1913622Z           "trap" : {
2025-11-03T01:50:55.1913808Z             "title" : "TRAP options",
2025-11-03T01:50:55.1914112Z             "description" : "Options about how the extractor handles TRAP files",
2025-11-03T01:50:55.1914428Z             "type" : "object",
2025-11-03T01:50:55.1914618Z             "visibility" : 3,
2025-11-03T01:50:55.1914823Z             "properties" : {
2025-11-03T01:50:55.1915015Z               "cache" : {
2025-11-03T01:50:55.1915218Z                 "title" : "TRAP cache options",
2025-11-03T01:50:55.1915551Z                 "description" : "Options about how the extractor handles its TRAP cache",
2025-11-03T01:50:55.1915881Z                 "type" : "object",
2025-11-03T01:50:55.1916097Z                 "properties" : {
2025-11-03T01:50:55.1916290Z                   "dir" : {
2025-11-03T01:50:55.1916499Z                     "title" : "TRAP cache directory",
2025-11-03T01:50:55.1916797Z                     "description" : "The directory of the TRAP cache to use",
2025-11-03T01:50:55.1917087Z                     "type" : "string"
2025-11-03T01:50:55.1917285Z                   },
2025-11-03T01:50:55.1917456Z                   "bound" : {
2025-11-03T01:50:55.1917657Z                     "title" : "TRAP cache bound",
2025-11-03T01:50:55.1917968Z                     "description" : "A soft limit (in MB) on the size of the TRAP cache",
2025-11-03T01:50:55.1918287Z                     "type" : "string",
2025-11-03T01:50:55.1918503Z                     "pattern" : "[0-9]+"
2025-11-03T01:50:55.1918716Z                   },
2025-11-03T01:50:55.1918877Z                   "write" : {
2025-11-03T01:50:55.1919086Z                     "title" : "TRAP cache writeable",
2025-11-03T01:50:55.1919569Z                     "description" : "Whether to write to the TRAP cache as well as reading it",
2025-11-03T01:50:55.1919902Z                     "type" : "string",
2025-11-03T01:50:55.1920138Z                     "pattern" : "(true|TRUE|false|FALSE)"
2025-11-03T01:50:55.1920362Z                   }
2025-11-03T01:50:55.1920521Z                 }
2025-11-03T01:50:55.1920672Z               }
2025-11-03T01:50:55.1920825Z             }
2025-11-03T01:50:55.1920971Z           }
2025-11-03T01:50:55.1921114Z         }
2025-11-03T01:50:55.1921252Z       }
2025-11-03T01:50:55.1921398Z     ]
2025-11-03T01:50:55.1921533Z   }
2025-11-03T01:50:55.1921676Z }
2025-11-03T01:50:55.2042394Z Found 1 languages that support TRAP caching
2025-11-03T01:50:55.2045960Z Analyzing default branch. Skipping downloading of TRAP caches.
2025-11-03T01:50:55.2051413Z Using overlay database mode: none without caching.
2025-11-03T01:50:55.2069355Z Not performing diff-informed analysis because we are not analyzing a pull request.
2025-11-03T01:50:55.2070257Z ##[endgroup]
2025-11-03T01:50:55.2071611Z While resolving threads, found a cgroup CPUs file with 4 CPUs in /sys/fs/cgroup/cpuset.cpus.effective.
2025-11-03T01:50:55.2075396Z Skipping download of dependency cache for actions as we have no caching configuration for it.
2025-11-03T01:50:55.2085872Z Writing augmented user configuration file to /home/runner/work/_temp/user-config.yaml
2025-11-03T01:50:55.2086673Z ##[group]Augmented user configuration file contents
2025-11-03T01:50:55.2097528Z default-setup:
2025-11-03T01:50:55.2097807Z   org:
2025-11-03T01:50:55.2098062Z     model-packs: []
2025-11-03T01:50:55.2098344Z threat-models: []
2025-11-03T01:50:55.2098457Z 
2025-11-03T01:50:55.2098677Z ##[endgroup]
2025-11-03T01:50:55.2102180Z [command]/opt/hostedtoolcache/CodeQL/2.23.3/x64/codeql/codeql database init --force-overwrite --db-cluster /home/runner/work/_temp/codeql_databases --source-root=/home/runner/work/scratchattach/scratchattach --calculate-language-specific-baseline --extractor-include-aliases --sublanguage-file-coverage --language=actions --codescanning-config=/home/runner/work/_temp/user-config.yaml --build-mode=none
2025-11-03T01:50:56.8100114Z Package install location: /home/runner/.codeql/packages
2025-11-03T01:50:56.8100995Z Nothing downloaded.
2025-11-03T01:50:57.7683159Z Calculating baseline information in /home/runner/work/scratchattach/scratchattach
2025-11-03T01:50:58.3060836Z Running command in /home/runner/work/scratchattach/scratchattach: [/opt/hostedtoolcache/CodeQL/2.23.3/x64/codeql/actions/tools/configure-baseline.sh]
2025-11-03T01:50:58.3304813Z Calculated baseline information for languages: actions, python (561ms).
2025-11-03T01:51:01.7091350Z Resolving extractor actions.
2025-11-03T01:51:01.7124468Z Successfully loaded extractor GitHub Actions (actions) from /opt/hostedtoolcache/CodeQL/2.23.3/x64/codeql/actions.
2025-11-03T01:51:01.7550380Z Created skeleton CodeQL database at /home/runner/work/_temp/codeql_databases/actions. This in-progress database is ready to be populated by an extractor.
2025-11-03T01:51:02.0840046Z ##[group]Run github/codeql-action/start-proxy@v3
2025-11-03T01:51:02.0840331Z with:
2025-11-03T01:51:02.0840498Z   language: actions
2025-11-03T01:51:02.0840674Z   registry_secrets: []
2025-11-03T01:51:02.0840965Z   token: ***
2025-11-03T01:51:02.0841353Z   matrix: {
  "language": "actions",
  "category": "/language:actions",
  "build-mode": "none",
  "runner": "[\"ubuntu-latest\"]"
}
2025-11-03T01:51:02.0841783Z env:
2025-11-03T01:51:02.0841947Z   CODE_SCANNING_REF: refs/heads/main
2025-11-03T01:51:02.0842178Z   CODE_SCANNING_BASE_BRANCH: 
2025-11-03T01:51:02.0842417Z   CODE_SCANNING_IS_ANALYZING_DEFAULT_BRANCH: true
2025-11-03T01:51:02.0842915Z   CODE_SCANNING_IS_STEADY_STATE_DEFAULT_SETUP: true
2025-11-03T01:51:02.0849326Z   CODE_SCANNING_WORKFLOW_FILE: H4sIAAAAAAAA/6RV32/bNhB+919x8AakfZDzsD0JKFDFkRNvhp1aCrqsKAiaOslcZFLlD6dql/99oCjF0hLPGeon8/jx4919H0+C7jCE8VRm+GExHikrAh/6+ft3KLjZ2s0E9yjMhIvKGj1hMkOiGRWCi4IoK4jDw+PjSIoQslrQHWejEYp9OAKYri5jkkyj5XK+vCLrePZqYswd578ZLqIkJhfraDm9fi3ThmokG0UF277EOE9ItIwWd3+6xWU8i24X6f+8gWtCBS3rb26RYU5taf77xiSNo8s7kqRRGj9dmsTp7U0IRll8dubjav37bLH6SGbzRfzavB6kus9L+UByXjYKjf6SG+1k8emi+wvg9Y58CN447h01in+dlFQUlhbu7NsGqqzQgdPZgXIld78lq+WbFq2sEKje+pIBKlQ7rjWXQvt7ACgzzRIU0qyNMSkMCjMMVpTd0wKHQY3MKm7qoClZh/CguMFRR8KFxUCKAJWSKoScltpvaqOowaLussgpL4OcatMHQVtzBwLggpU2w0MAIICuI2FXS28XgLl7pKpDOH8CvoTbWF5mwU5mGIKQAgebvo0hnH0a240VxgYlNajN+PPZkVSq2mylOJnJC7AfSkQbrFppg9ZE0y2ye2kNKKyk5kaquqW02qnZNuOctbj3+19HA4K54IbTkn9D8CNpcNxb/ty5/EsZeLJzLrh5v/+lBT5wsz1I1vhccx3cc5HpENzJoHsfT6iuQ9r7+rn5Ry/1qwc9hPvgDCsUGQpWB4yyLReFP+T7OkGx50qKHQoD797BmS8u2EptMDvrE32xqLjLbjyGn+DSD5gmWoO23Rto30HOixD+7gnZDqRAo7FVOFBYqmIYAHBFlIF7fzqET68cNF4Q0pyCx0f43CM1W4XUNM0pG8p2t1M8cWlBpeTXGnKpQGHBtXH1tiQ8C/32aStoQ5UJGvAxRxzoCVOYoXB2a4XXyBQaPbmap9e3F2QdX82TdD2PE3KzXv1x15fk8PiOOGZo6xtUuVS71tN+1mquT1fUDupDNe131f/cN+LDwmdHrldJ2tbhHuakacNEWtMI1qyIM1e/jAHBzWp9kqCS6jjBNCLTeJ3OZ/NplManqBglDJXhOXfD6ijp7XqRnKKyqtQHgqHgh0nYU6oLukP/BAAA//+FBaDZAgkAAA==
2025-11-03T01:51:02.0856278Z   CODEQL_ACTION_FEATURE_MULTI_LANGUAGE: false
2025-11-03T01:51:02.0856543Z   CODEQL_ACTION_FEATURE_SANDWICH: false
2025-11-03T01:51:02.0856790Z   CODEQL_ACTION_FEATURE_SARIF_COMBINE: true
2025-11-03T01:51:02.0857045Z   CODEQL_ACTION_FEATURE_WILL_UPLOAD: true
2025-11-03T01:51:02.0857281Z   CODEQL_ACTION_VERSION: 3.31.2
2025-11-03T01:51:02.0857530Z   JOB_RUN_UUID: d19316e9-0ca2-4fda-8a9e-3432c57ea9cb
2025-11-03T01:51:02.0857796Z   CODEQL_ACTION_INIT_HAS_RUN: true
2025-11-03T01:51:02.0858114Z   CODEQL_ACTION_ANALYSIS_KEY: dynamic/github-code-scanning/codeql:analyze
2025-11-03T01:51:02.0858478Z   CODEQL_WORKFLOW_STARTED_AT: 2025-11-03T01:50:48.114Z
2025-11-03T01:51:02.0858722Z   CODEQL_RAM: 14581
2025-11-03T01:51:02.0858894Z   CODEQL_THREADS: 4
2025-11-03T01:51:02.0859057Z ##[endgroup]
2025-11-03T01:51:02.2323643Z Using registry_secrets input.
2025-11-03T01:51:02.2325031Z No credentials found, skipping proxy setup.
2025-11-03T01:51:02.2476343Z ##[group]Run github/codeql-action/analyze@v3
2025-11-03T01:51:02.2476635Z with:
2025-11-03T01:51:02.2476813Z   category: /language:actions
2025-11-03T01:51:02.2477020Z   output: ../results
2025-11-03T01:51:02.2477199Z   upload: always
2025-11-03T01:51:02.2477375Z   skip-queries: false
2025-11-03T01:51:02.2477637Z   checkout_path: /home/runner/work/scratchattach/scratchattach
2025-11-03T01:51:02.2477952Z   upload-database: true
2025-11-03T01:51:02.2478148Z   wait-for-processing: true
2025-11-03T01:51:02.2478472Z   token: ***
2025-11-03T01:51:02.2478870Z   matrix: {
  "language": "actions",
  "category": "/language:actions",
  "build-mode": "none",
  "runner": "[\"ubuntu-latest\"]"
}
2025-11-03T01:51:02.2479333Z   expect-error: false
2025-11-03T01:51:02.2479510Z env:
2025-11-03T01:51:02.2479673Z   CODE_SCANNING_REF: refs/heads/main
2025-11-03T01:51:02.2479900Z   CODE_SCANNING_BASE_BRANCH: 
2025-11-03T01:51:02.2480139Z   CODE_SCANNING_IS_ANALYZING_DEFAULT_BRANCH: true
2025-11-03T01:51:02.2480455Z   CODE_SCANNING_IS_STEADY_STATE_DEFAULT_SETUP: true
2025-11-03T01:51:02.2487101Z   CODE_SCANNING_WORKFLOW_FILE: H4sIAAAAAAAA/6RV32/bNhB+919x8AakfZDzsD0JKFDFkRNvhp1aCrqsKAiaOslcZFLlD6dql/99oCjF0hLPGeon8/jx4919H0+C7jCE8VRm+GExHikrAh/6+ft3KLjZ2s0E9yjMhIvKGj1hMkOiGRWCi4IoK4jDw+PjSIoQslrQHWejEYp9OAKYri5jkkyj5XK+vCLrePZqYswd578ZLqIkJhfraDm9fi3ThmokG0UF277EOE9ItIwWd3+6xWU8i24X6f+8gWtCBS3rb26RYU5taf77xiSNo8s7kqRRGj9dmsTp7U0IRll8dubjav37bLH6SGbzRfzavB6kus9L+UByXjYKjf6SG+1k8emi+wvg9Y58CN447h01in+dlFQUlhbu7NsGqqzQgdPZgXIld78lq+WbFq2sEKje+pIBKlQ7rjWXQvt7ACgzzRIU0qyNMSkMCjMMVpTd0wKHQY3MKm7qoClZh/CguMFRR8KFxUCKAJWSKoScltpvaqOowaLussgpL4OcatMHQVtzBwLggpU2w0MAIICuI2FXS28XgLl7pKpDOH8CvoTbWF5mwU5mGIKQAgebvo0hnH0a240VxgYlNajN+PPZkVSq2mylOJnJC7AfSkQbrFppg9ZE0y2ye2kNKKyk5kaquqW02qnZNuOctbj3+19HA4K54IbTkn9D8CNpcNxb/ty5/EsZeLJzLrh5v/+lBT5wsz1I1vhccx3cc5HpENzJoHsfT6iuQ9r7+rn5Ry/1qwc9hPvgDCsUGQpWB4yyLReFP+T7OkGx50qKHQoD797BmS8u2EptMDvrE32xqLjLbjyGn+DSD5gmWoO23Rto30HOixD+7gnZDqRAo7FVOFBYqmIYAHBFlIF7fzqET68cNF4Q0pyCx0f43CM1W4XUNM0pG8p2t1M8cWlBpeTXGnKpQGHBtXH1tiQ8C/32aStoQ5UJGvAxRxzoCVOYoXB2a4XXyBQaPbmap9e3F2QdX82TdD2PE3KzXv1x15fk8PiOOGZo6xtUuVS71tN+1mquT1fUDupDNe131f/cN+LDwmdHrldJ2tbhHuakacNEWtMI1qyIM1e/jAHBzWp9kqCS6jjBNCLTeJ3OZ/NplManqBglDJXhOXfD6ijp7XqRnKKyqtQHgqHgh0nYU6oLukP/BAAA//+FBaDZAgkAAA==
2025-11-03T01:51:02.2494026Z   CODEQL_ACTION_FEATURE_MULTI_LANGUAGE: false
2025-11-03T01:51:02.2494293Z   CODEQL_ACTION_FEATURE_SANDWICH: false
2025-11-03T01:51:02.2494532Z   CODEQL_ACTION_FEATURE_SARIF_COMBINE: true
2025-11-03T01:51:02.2494783Z   CODEQL_ACTION_FEATURE_WILL_UPLOAD: true
2025-11-03T01:51:02.2495017Z   CODEQL_ACTION_VERSION: 3.31.2
2025-11-03T01:51:02.2495263Z   JOB_RUN_UUID: d19316e9-0ca2-4fda-8a9e-3432c57ea9cb
2025-11-03T01:51:02.2495520Z   CODEQL_ACTION_INIT_HAS_RUN: true
2025-11-03T01:51:02.2495836Z   CODEQL_ACTION_ANALYSIS_KEY: dynamic/github-code-scanning/codeql:analyze
2025-11-03T01:51:02.2496211Z   CODEQL_WORKFLOW_STARTED_AT: 2025-11-03T01:50:48.114Z
2025-11-03T01:51:02.2496464Z   CODEQL_RAM: 14581
2025-11-03T01:51:02.2496649Z   CODEQL_THREADS: 4
2025-11-03T01:51:02.2496815Z   CODEQL_PROXY_HOST: 
2025-11-03T01:51:02.2497009Z   CODEQL_PROXY_PORT: 
2025-11-03T01:51:02.2497196Z   CODEQL_PROXY_CA_CERTIFICATE: 
2025-11-03T01:51:02.2497408Z   CODEQL_PROXY_URLS: 
2025-11-03T01:51:02.2497580Z ##[endgroup]
2025-11-03T01:51:03.3888906Z While resolving threads, found a cgroup CPUs file with 4 CPUs in /sys/fs/cgroup/cpuset.cpus.effective.
2025-11-03T01:51:03.3927192Z Not performing diff-informed analysis because we are not analyzing a pull request.
2025-11-03T01:51:03.3971763Z ##[group]Extracting actions
2025-11-03T01:51:03.3977574Z [command]/opt/hostedtoolcache/CodeQL/2.23.3/x64/codeql/codeql database trace-command --use-build-mode --working-dir /home/runner/work/scratchattach/scratchattach -O=actions.trap.cache.dir=/home/runner/work/_temp/trapCaches/actions -O=actions.trap.cache.bound=1024 -O=actions.trap.cache.write=true /home/runner/work/_temp/codeql_databases/actions
2025-11-03T01:51:04.2048125Z Running command in /home/runner/work/scratchattach/scratchattach: [/opt/hostedtoolcache/CodeQL/2.23.3/x64/codeql/actions/tools/autobuild.sh]
2025-11-03T01:51:04.2301196Z [2025-11-03 01:51:04] [build-stdout] LGTM_INDEX_FILTERS not set. Using the default filters, and passing through to the JavaScript extractor.
2025-11-03T01:51:05.1251380Z [2025-11-03 01:51:05] [build-stdout] Found JavaScript extractor at '/opt/hostedtoolcache/CodeQL/2.23.3/x64/codeql/javascript'.
2025-11-03T01:51:05.1254147Z [2025-11-03 01:51:05] [build-stdout] Running JavaScript autobuilder at '/opt/hostedtoolcache/CodeQL/2.23.3/x64/codeql/javascript/tools/autobuild.sh'.
2025-11-03T01:51:05.7422260Z [2025-11-03 01:51:05] [build-stdout] Parallel extraction with 4 threads.
2025-11-03T01:51:05.8015952Z [2025-11-03 01:51:05] [build-stdout] Extracting /home/runner/work/scratchattach/scratchattach/.github/workflows/action1.yml
2025-11-03T01:51:05.8030313Z [2025-11-03 01:51:05] [build-stdout] Extracting /home/runner/work/scratchattach/scratchattach/.github/workflows/action2.yml
2025-11-03T01:51:05.8031737Z [2025-11-03 01:51:05] [build-stdout] Extracting /home/runner/work/scratchattach/scratchattach/.github/workflows/action3.yml
2025-11-03T01:51:05.8033240Z [2025-11-03 01:51:05] [build-stdout] Extracting /home/runner/work/scratchattach/scratchattach/.github/workflows/action4.yml
2025-11-03T01:51:06.0426600Z [2025-11-03 01:51:06] [build-stdout] Done extracting /home/runner/work/scratchattach/scratchattach/.github/workflows/action3.yml (229 ms)
2025-11-03T01:51:06.0428764Z [2025-11-03 01:51:06] [build-stdout] Done extracting /home/runner/work/scratchattach/scratchattach/.github/workflows/action2.yml (232 ms)
2025-11-03T01:51:06.0430792Z [2025-11-03 01:51:06] [build-stdout] Done extracting /home/runner/work/scratchattach/scratchattach/.github/workflows/action4.yml (231 ms)
2025-11-03T01:51:06.0433214Z [2025-11-03 01:51:06] [build-stdout] Done extracting /home/runner/work/scratchattach/scratchattach/.github/workflows/action1.yml (240 ms)
2025-11-03T01:51:06.0456737Z [2025-11-03 01:51:06] [build-stderr] Only found JavaScript or TypeScript files that were empty or contained syntax errors.
2025-11-03T01:51:06.0794047Z ##[endgroup]
2025-11-03T01:51:06.0801151Z ##[group]Finalizing actions
2025-11-03T01:51:06.0802966Z [command]/opt/hostedtoolcache/CodeQL/2.23.3/x64/codeql/codeql database finalize --finalize-dataset --threads=4 --ram=14581 /home/runner/work/_temp/codeql_databases/actions
2025-11-03T01:51:06.8830446Z Running TRAP import for CodeQL database at /home/runner/work/_temp/codeql_databases/actions...
2025-11-03T01:51:08.0380701Z Importing TRAP files
2025-11-03T01:51:08.8195807Z Merging relations
2025-11-03T01:51:09.0199010Z Finished writing database (relations: 7.27 KiB; string pool: 2.05 MiB).
2025-11-03T01:51:09.0543735Z TRAP import complete (2.2s).
2025-11-03T01:51:09.3088896Z Finished zipping source archive (3.46 KiB).
2025-11-03T01:51:09.3218794Z ##[endgroup]
2025-11-03T01:51:09.3224370Z ##[group]Running queries for actions
2025-11-03T01:51:09.3226490Z [command]/opt/hostedtoolcache/CodeQL/2.23.3/x64/codeql/codeql database run-queries --ram=14581 --threads=4 --expect-discarded-cache /home/runner/work/_temp/codeql_databases/actions --min-disk-free=1024 -v
2025-11-03T01:51:10.1039286Z Writing logs to /home/runner/work/_temp/codeql_databases/actions/log/database-run-queries-20251103.015110.101.log.
2025-11-03T01:51:10.1558490Z Stringpool size measured as 2146714
2025-11-03T01:51:10.7936961Z Writing logs to /home/runner/work/_temp/codeql_databases/actions/log/execute-queries-20251103.015110.786.log.
2025-11-03T01:51:11.1398145Z Recording pack reference codeql/actions-queries at /opt/hostedtoolcache/CodeQL/2.23.3/x64/codeql/qlpacks/codeql/actions-queries/0.6.11.
2025-11-03T01:51:15.2917328Z Compiling in 3 threads due to RAM limits.
2025-11-03T01:51:15.8595934Z [1/18] Loaded /opt/hostedtoolcache/CodeQL/2.23.3/x64/codeql/qlpacks/codeql/actions-queries/0.6.11/Security/CWE-312/ExcessiveSecretsExposure.qlx.
2025-11-03T01:51:15.8598116Z [2/18] Loaded /opt/hostedtoolcache/CodeQL/2.23.3/x64/codeql/qlpacks/codeql/actions-queries/0.6.11/Security/CWE-312/UnmaskedSecretExposure.qlx.
2025-11-03T01:51:15.9093165Z [3/18] Loaded /opt/hostedtoolcache/CodeQL/2.23.3/x64/codeql/qlpacks/codeql/actions-queries/0.6.11/Security/CWE-312/SecretsInArtifacts.qlx.
2025-11-03T01:51:16.4348419Z [4/18] Loaded /opt/hostedtoolcache/CodeQL/2.23.3/x64/codeql/qlpacks/codeql/actions-queries/0.6.11/Security/CWE-829/ArtifactPoisoningCritical.qlx.
2025-11-03T01:51:16.4728328Z [5/18] Loaded /opt/hostedtoolcache/CodeQL/2.23.3/x64/codeql/qlpacks/codeql/actions-queries/0.6.11/Security/CWE-829/UntrustedCheckoutHigh.qlx.
2025-11-03T01:51:16.4754388Z [6/18] Loaded /opt/hostedtoolcache/CodeQL/2.23.3/x64/codeql/qlpacks/codeql/actions-queries/0.6.11/Security/CWE-829/UntrustedCheckoutCritical.qlx.
2025-11-03T01:51:16.5034201Z [7/18] Loaded /opt/hostedtoolcache/CodeQL/2.23.3/x64/codeql/qlpacks/codeql/actions-queries/0.6.11/Security/CWE-1395/UseOfKnownVulnerableAction.qlx.
2025-11-03T01:51:16.6324413Z [8/18] Loaded /opt/hostedtoolcache/CodeQL/2.23.3/x64/codeql/qlpacks/codeql/actions-queries/0.6.11/Security/CWE-367/UntrustedCheckoutTOCTOUCritical.qlx.
2025-11-03T01:51:16.6745947Z [9/18] Loaded /opt/hostedtoolcache/CodeQL/2.23.3/x64/codeql/qlpacks/codeql/actions-queries/0.6.11/Security/CWE-094/CodeInjectionCritical.qlx.
2025-11-03T01:51:16.6867934Z [10/18] Loaded /opt/hostedtoolcache/CodeQL/2.23.3/x64/codeql/qlpacks/codeql/actions-queries/0.6.11/Security/CWE-275/MissingActionsPermissions.qlx.
2025-11-03T01:51:16.6931124Z [11/18] Loaded /opt/hostedtoolcache/CodeQL/2.23.3/x64/codeql/qlpacks/codeql/actions-queries/0.6.11/Security/CWE-367/UntrustedCheckoutTOCTOUHigh.qlx.
2025-11-03T01:51:16.8533923Z [12/18] Loaded /opt/hostedtoolcache/CodeQL/2.23.3/x64/codeql/qlpacks/codeql/actions-queries/0.6.11/Security/CWE-285/ImproperAccessControl.qlx.
2025-11-03T01:51:17.0369165Z [13/18] Loaded /opt/hostedtoolcache/CodeQL/2.23.3/x64/codeql/qlpacks/codeql/actions-queries/0.6.11/Security/CWE-077/EnvPathInjectionCritical.qlx.
2025-11-03T01:51:17.0396595Z [14/18] Loaded /opt/hostedtoolcache/CodeQL/2.23.3/x64/codeql/qlpacks/codeql/actions-queries/0.6.11/Security/CWE-077/EnvVarInjectionCritical.qlx.
2025-11-03T01:51:17.0581600Z [15/18] Loaded /opt/hostedtoolcache/CodeQL/2.23.3/x64/codeql/qlpacks/codeql/actions-queries/0.6.11/Security/CWE-349/CachePoisoningViaCodeInjection.qlx.
2025-11-03T01:51:17.0826893Z [16/18] Loaded /opt/hostedtoolcache/CodeQL/2.23.3/x64/codeql/qlpacks/codeql/actions-queries/0.6.11/Diagnostics/SuccessfullyExtractedFiles.qlx.
2025-11-03T01:51:17.2582521Z [17/18] Loaded /opt/hostedtoolcache/CodeQL/2.23.3/x64/codeql/qlpacks/codeql/actions-queries/0.6.11/Security/CWE-349/CachePoisoningViaPoisonableStep.qlx.
2025-11-03T01:51:17.2729382Z [18/18] Loaded /opt/hostedtoolcache/CodeQL/2.23.3/x64/codeql/qlpacks/codeql/actions-queries/0.6.11/Security/CWE-349/CachePoisoningViaDirectCache.qlx.
2025-11-03T01:51:17.4873989Z Starting evaluation of codeql/actions-queries/Diagnostics/SuccessfullyExtractedFiles.ql.
2025-11-03T01:51:17.4887847Z Starting evaluation of codeql/actions-queries/Security/CWE-077/EnvPathInjectionCritical.ql.
2025-11-03T01:51:17.4892728Z Starting evaluation of codeql/actions-queries/Security/CWE-094/CodeInjectionCritical.ql.
2025-11-03T01:51:17.4893804Z Starting evaluation of codeql/actions-queries/Security/CWE-077/EnvVarInjectionCritical.ql.
2025-11-03T01:51:17.4954568Z Starting evaluation of codeql/actions-queries/Security/CWE-1395/UseOfKnownVulnerableAction.ql.
2025-11-03T01:51:17.4955721Z Starting evaluation of codeql/actions-queries/Security/CWE-275/MissingActionsPermissions.ql.
2025-11-03T01:51:17.4956761Z Starting evaluation of codeql/actions-queries/Security/CWE-285/ImproperAccessControl.ql.
2025-11-03T01:51:17.7535519Z [1/18 eval 253ms] Evaluation done; writing results to codeql/actions-queries/Diagnostics/SuccessfullyExtractedFiles.bqrs.
2025-11-03T01:51:17.7840610Z Starting evaluation of codeql/actions-queries/Security/CWE-312/ExcessiveSecretsExposure.ql.
2025-11-03T01:51:17.7919221Z Starting evaluation of codeql/actions-queries/Security/CWE-312/SecretsInArtifacts.ql.
2025-11-03T01:51:17.7920352Z Starting evaluation of codeql/actions-queries/Security/CWE-312/UnmaskedSecretExposure.ql.
2025-11-03T01:51:17.7921529Z Starting evaluation of codeql/actions-queries/Security/CWE-349/CachePoisoningViaCodeInjection.ql.
2025-11-03T01:51:18.5979336Z [2/18 eval 813ms] Evaluation done; writing results to codeql/actions-queries/Security/CWE-312/ExcessiveSecretsExposure.bqrs.
2025-11-03T01:51:18.6069693Z [3/18 eval 819ms] Evaluation done; writing results to codeql/actions-queries/Security/CWE-312/UnmaskedSecretExposure.bqrs.
2025-11-03T01:51:18.6077140Z [4/18 eval 1.1s] Evaluation done; writing results to codeql/actions-queries/Security/CWE-1395/UseOfKnownVulnerableAction.bqrs.
2025-11-03T01:51:18.8448055Z [5/18 eval 1.4s] Evaluation done; writing results to codeql/actions-queries/Security/CWE-285/ImproperAccessControl.bqrs.
2025-11-03T01:51:18.8642406Z Starting evaluation of codeql/actions-queries/Security/CWE-349/CachePoisoningViaDirectCache.ql.
2025-11-03T01:51:18.8681711Z [6/18 eval 1.1s] Evaluation done; writing results to codeql/actions-queries/Security/CWE-312/SecretsInArtifacts.bqrs.
2025-11-03T01:51:18.8800121Z [7/18 eval 1.4s] Evaluation done; writing results to codeql/actions-queries/Security/CWE-275/MissingActionsPermissions.bqrs.
2025-11-03T01:51:18.8817774Z Starting evaluation of codeql/actions-queries/Security/CWE-349/CachePoisoningViaPoisonableStep.ql.
2025-11-03T01:51:18.9078597Z [8/18 eval 44ms] Evaluation done; writing results to codeql/actions-queries/Security/CWE-349/CachePoisoningViaDirectCache.bqrs.
2025-11-03T01:51:18.9126047Z Starting evaluation of codeql/actions-queries/Security/CWE-367/UntrustedCheckoutTOCTOUCritical.ql.
2025-11-03T01:51:18.9142211Z Starting evaluation of codeql/actions-queries/Security/CWE-367/UntrustedCheckoutTOCTOUHigh.ql.
2025-11-03T01:51:18.9155711Z Starting evaluation of codeql/actions-queries/Security/CWE-829/ArtifactPoisoningCritical.ql.
2025-11-03T01:51:19.0638087Z Starting evaluation of codeql/actions-queries/Security/CWE-829/UntrustedCheckoutCritical.ql.
2025-11-03T01:51:19.0639515Z Starting evaluation of codeql/actions-queries/Security/CWE-829/UntrustedCheckoutHigh.ql.
2025-11-03T01:51:19.2152328Z [9/18 eval 1.4s] Evaluation done; writing results to codeql/actions-queries/Security/CWE-349/CachePoisoningViaCodeInjection.bqrs.
2025-11-03T01:51:19.2156652Z [10/18 eval 1.7s] Evaluation done; writing results to codeql/actions-queries/Security/CWE-094/CodeInjectionCritical.bqrs.
2025-11-03T01:51:19.2868774Z [11/18 eval 219ms] Evaluation done; writing results to codeql/actions-queries/Security/CWE-829/UntrustedCheckoutHigh.bqrs.
2025-11-03T01:51:19.3004682Z [12/18 eval 387ms] Evaluation done; writing results to codeql/actions-queries/Security/CWE-367/UntrustedCheckoutTOCTOUCritical.bqrs.
2025-11-03T01:51:19.3102350Z [13/18 eval 247ms] Evaluation done; writing results to codeql/actions-queries/Security/CWE-829/UntrustedCheckoutCritical.bqrs.
2025-11-03T01:51:19.3109311Z [14/18 eval 395ms] Evaluation done; writing results to codeql/actions-queries/Security/CWE-367/UntrustedCheckoutTOCTOUHigh.bqrs.
2025-11-03T01:51:19.3297254Z [15/18 eval 1.8s] Evaluation done; writing results to codeql/actions-queries/Security/CWE-077/EnvVarInjectionCritical.bqrs.
2025-11-03T01:51:19.3300776Z [16/18 eval 1.8s] Evaluation done; writing results to codeql/actions-queries/Security/CWE-077/EnvPathInjectionCritical.bqrs.
2025-11-03T01:51:19.3385372Z [17/18 eval 454ms] Evaluation done; writing results to codeql/actions-queries/Security/CWE-349/CachePoisoningViaPoisonableStep.bqrs.
2025-11-03T01:51:19.3640806Z [18/18 eval 448ms] Evaluation done; writing results to codeql/actions-queries/Security/CWE-829/ArtifactPoisoningCritical.bqrs.
2025-11-03T01:51:19.3645358Z Shutting down query evaluator.
2025-11-03T01:51:19.4176528Z Interpreting code scanning results for actions
2025-11-03T01:51:20.1689282Z Writing logs to /home/runner/work/_temp/codeql_databases/actions/log/database-interpret-results-20251103.015120.165.log.
2025-11-03T01:51:20.3229038Z Recording pack reference codeql/actions-queries at /opt/hostedtoolcache/CodeQL/2.23.3/x64/codeql/qlpacks/codeql/actions-queries/0.6.11.
2025-11-03T01:51:20.3476772Z Resolving extensions
2025-11-03T01:51:21.2212771Z Interpreting /opt/hostedtoolcache/CodeQL/2.23.3/x64/codeql/qlpacks/codeql/actions-queries/0.6.11/Security/CWE-312/UnmaskedSecretExposure.ql...
2025-11-03T01:51:21.2516805Z  ... found results file at /home/runner/work/_temp/codeql_databases/actions/results/codeql/actions-queries/Security/CWE-312/UnmaskedSecretExposure.bqrs.
2025-11-03T01:51:21.2680542Z Interpreting /opt/hostedtoolcache/CodeQL/2.23.3/x64/codeql/qlpacks/codeql/actions-queries/0.6.11/Security/CWE-312/SecretsInArtifacts.ql...
2025-11-03T01:51:21.2824604Z  ... found results file at /home/runner/work/_temp/codeql_databases/actions/results/codeql/actions-queries/Security/CWE-312/SecretsInArtifacts.bqrs.
2025-11-03T01:51:21.2833404Z Interpreting /opt/hostedtoolcache/CodeQL/2.23.3/x64/codeql/qlpacks/codeql/actions-queries/0.6.11/Security/CWE-312/ExcessiveSecretsExposure.ql...
2025-11-03T01:51:21.2933435Z  ... found results file at /home/runner/work/_temp/codeql_databases/actions/results/codeql/actions-queries/Security/CWE-312/ExcessiveSecretsExposure.bqrs.
2025-11-03T01:51:21.2955037Z Interpreting /opt/hostedtoolcache/CodeQL/2.23.3/x64/codeql/qlpacks/codeql/actions-queries/0.6.11/Security/CWE-829/ArtifactPoisoningCritical.ql...
2025-11-03T01:51:21.3032229Z  ... found results file at /home/runner/work/_temp/codeql_databases/actions/results/codeql/actions-queries/Security/CWE-829/ArtifactPoisoningCritical.bqrs.
2025-11-03T01:51:21.3038465Z Interpreting /opt/hostedtoolcache/CodeQL/2.23.3/x64/codeql/qlpacks/codeql/actions-queries/0.6.11/Security/CWE-829/UntrustedCheckoutCritical.ql...
2025-11-03T01:51:21.3124381Z  ... found results file at /home/runner/work/_temp/codeql_databases/actions/results/codeql/actions-queries/Security/CWE-829/UntrustedCheckoutCritical.bqrs.
2025-11-03T01:51:21.3142093Z Interpreting /opt/hostedtoolcache/CodeQL/2.23.3/x64/codeql/qlpacks/codeql/actions-queries/0.6.11/Security/CWE-829/UntrustedCheckoutHigh.ql...
2025-11-03T01:51:21.3218897Z  ... found results file at /home/runner/work/_temp/codeql_databases/actions/results/codeql/actions-queries/Security/CWE-829/UntrustedCheckoutHigh.bqrs.
2025-11-03T01:51:21.3225288Z Interpreting /opt/hostedtoolcache/CodeQL/2.23.3/x64/codeql/qlpacks/codeql/actions-queries/0.6.11/Security/CWE-1395/UseOfKnownVulnerableAction.ql...
2025-11-03T01:51:21.3307308Z  ... found results file at /home/runner/work/_temp/codeql_databases/actions/results/codeql/actions-queries/Security/CWE-1395/UseOfKnownVulnerableAction.bqrs.
2025-11-03T01:51:21.3327971Z Interpreting /opt/hostedtoolcache/CodeQL/2.23.3/x64/codeql/qlpacks/codeql/actions-queries/0.6.11/Security/CWE-094/CodeInjectionCritical.ql...
2025-11-03T01:51:21.3398663Z  ... found results file at /home/runner/work/_temp/codeql_databases/actions/results/codeql/actions-queries/Security/CWE-094/CodeInjectionCritical.bqrs.
2025-11-03T01:51:21.3415530Z Interpreting /opt/hostedtoolcache/CodeQL/2.23.3/x64/codeql/qlpacks/codeql/actions-queries/0.6.11/Security/CWE-367/UntrustedCheckoutTOCTOUCritical.ql...
2025-11-03T01:51:21.3477896Z  ... found results file at /home/runner/work/_temp/codeql_databases/actions/results/codeql/actions-queries/Security/CWE-367/UntrustedCheckoutTOCTOUCritical.bqrs.
2025-11-03T01:51:21.3482753Z Interpreting /opt/hostedtoolcache/CodeQL/2.23.3/x64/codeql/qlpacks/codeql/actions-queries/0.6.11/Security/CWE-367/UntrustedCheckoutTOCTOUHigh.ql...
2025-11-03T01:51:21.3553072Z  ... found results file at /home/runner/work/_temp/codeql_databases/actions/results/codeql/actions-queries/Security/CWE-367/UntrustedCheckoutTOCTOUHigh.bqrs.
2025-11-03T01:51:21.3569420Z Interpreting /opt/hostedtoolcache/CodeQL/2.23.3/x64/codeql/qlpacks/codeql/actions-queries/0.6.11/Security/CWE-275/MissingActionsPermissions.ql...
2025-11-03T01:51:21.3628980Z  ... found results file at /home/runner/work/_temp/codeql_databases/actions/results/codeql/actions-queries/Security/CWE-275/MissingActionsPermissions.bqrs.
2025-11-03T01:51:21.3650176Z Interpreting /opt/hostedtoolcache/CodeQL/2.23.3/x64/codeql/qlpacks/codeql/actions-queries/0.6.11/Security/CWE-077/EnvVarInjectionCritical.ql...
2025-11-03T01:51:21.3706851Z  ... found results file at /home/runner/work/_temp/codeql_databases/actions/results/codeql/actions-queries/Security/CWE-077/EnvVarInjectionCritical.bqrs.
2025-11-03T01:51:21.3709665Z Interpreting /opt/hostedtoolcache/CodeQL/2.23.3/x64/codeql/qlpacks/codeql/actions-queries/0.6.11/Security/CWE-077/EnvPathInjectionCritical.ql...
2025-11-03T01:51:21.3772376Z  ... found results file at /home/runner/work/_temp/codeql_databases/actions/results/codeql/actions-queries/Security/CWE-077/EnvPathInjectionCritical.bqrs.
2025-11-03T01:51:21.3776517Z Interpreting /opt/hostedtoolcache/CodeQL/2.23.3/x64/codeql/qlpacks/codeql/actions-queries/0.6.11/Security/CWE-285/ImproperAccessControl.ql...
2025-11-03T01:51:21.3848647Z  ... found results file at /home/runner/work/_temp/codeql_databases/actions/results/codeql/actions-queries/Security/CWE-285/ImproperAccessControl.bqrs.
2025-11-03T01:51:21.3874984Z Interpreting /opt/hostedtoolcache/CodeQL/2.23.3/x64/codeql/qlpacks/codeql/actions-queries/0.6.11/Security/CWE-349/CachePoisoningViaCodeInjection.ql...
2025-11-03T01:51:21.3935937Z  ... found results file at /home/runner/work/_temp/codeql_databases/actions/results/codeql/actions-queries/Security/CWE-349/CachePoisoningViaCodeInjection.bqrs.
2025-11-03T01:51:21.3947550Z Interpreting /opt/hostedtoolcache/CodeQL/2.23.3/x64/codeql/qlpacks/codeql/actions-queries/0.6.11/Security/CWE-349/CachePoisoningViaPoisonableStep.ql...
2025-11-03T01:51:21.4026599Z  ... found results file at /home/runner/work/_temp/codeql_databases/actions/results/codeql/actions-queries/Security/CWE-349/CachePoisoningViaPoisonableStep.bqrs.
2025-11-03T01:51:21.4055669Z Interpreting /opt/hostedtoolcache/CodeQL/2.23.3/x64/codeql/qlpacks/codeql/actions-queries/0.6.11/Security/CWE-349/CachePoisoningViaDirectCache.ql...
2025-11-03T01:51:21.4141878Z  ... found results file at /home/runner/work/_temp/codeql_databases/actions/results/codeql/actions-queries/Security/CWE-349/CachePoisoningViaDirectCache.bqrs.
2025-11-03T01:51:21.4174991Z Interpreting /opt/hostedtoolcache/CodeQL/2.23.3/x64/codeql/qlpacks/codeql/actions-queries/0.6.11/Diagnostics/SuccessfullyExtractedFiles.ql...
2025-11-03T01:51:21.4299465Z  ... found results file at /home/runner/work/_temp/codeql_databases/actions/results/codeql/actions-queries/Diagnostics/SuccessfullyExtractedFiles.bqrs.
2025-11-03T01:51:21.5958512Z Interpreted problem query "Unmasked Secret Exposure" (actions/unmasked-secret-exposure) at path /home/runner/work/_temp/codeql_databases/actions/results/codeql/actions-queries/Security/CWE-312/UnmaskedSecretExposure.bqrs.
2025-11-03T01:51:21.5967070Z Interpreted problem query "Storage of sensitive information in GitHub Actions artifact" (actions/secrets-in-artifacts) at path /home/runner/work/_temp/codeql_databases/actions/results/codeql/actions-queries/Security/CWE-312/SecretsInArtifacts.bqrs.
2025-11-03T01:51:21.5970496Z Interpreted problem query "Excessive Secrets Exposure" (actions/excessive-secrets-exposure) at path /home/runner/work/_temp/codeql_databases/actions/results/codeql/actions-queries/Security/CWE-312/ExcessiveSecretsExposure.bqrs.
2025-11-03T01:51:21.5977244Z Interpreted pathproblem query "Artifact poisoning" (actions/artifact-poisoning/critical) at path /home/runner/work/_temp/codeql_databases/actions/results/codeql/actions-queries/Security/CWE-829/ArtifactPoisoningCritical.bqrs.
2025-11-03T01:51:21.5982906Z Interpreted pathproblem query "Checkout of untrusted code in a privileged context" (actions/untrusted-checkout/critical) at path /home/runner/work/_temp/codeql_databases/actions/results/codeql/actions-queries/Security/CWE-829/UntrustedCheckoutCritical.bqrs.
2025-11-03T01:51:21.5986937Z Interpreted problem query "Checkout of untrusted code in trusted context" (actions/untrusted-checkout/high) at path /home/runner/work/_temp/codeql_databases/actions/results/codeql/actions-queries/Security/CWE-829/UntrustedCheckoutHigh.bqrs.
2025-11-03T01:51:21.6003258Z Interpreted problem query "Use of a known vulnerable action" (actions/vulnerable-action) at path /home/runner/work/_temp/codeql_databases/actions/results/codeql/actions-queries/Security/CWE-1395/UseOfKnownVulnerableAction.bqrs.
2025-11-03T01:51:21.6006307Z Interpreted pathproblem query "Code injection" (actions/code-injection/critical) at path /home/runner/work/_temp/codeql_databases/actions/results/codeql/actions-queries/Security/CWE-094/CodeInjectionCritical.bqrs.
2025-11-03T01:51:21.6013601Z Interpreted pathproblem query "Untrusted Checkout TOCTOU" (actions/untrusted-checkout-toctou/critical) at path /home/runner/work/_temp/codeql_databases/actions/results/codeql/actions-queries/Security/CWE-367/UntrustedCheckoutTOCTOUCritical.bqrs.
2025-11-03T01:51:21.6017702Z Interpreted problem query "Untrusted Checkout TOCTOU" (actions/untrusted-checkout-toctou/high) at path /home/runner/work/_temp/codeql_databases/actions/results/codeql/actions-queries/Security/CWE-367/UntrustedCheckoutTOCTOUHigh.bqrs.
2025-11-03T01:51:21.6025019Z Interpreted problem query "Workflow does not contain permissions" (actions/missing-workflow-permissions) at path /home/runner/work/_temp/codeql_databases/actions/results/codeql/actions-queries/Security/CWE-275/MissingActionsPermissions.bqrs.
2025-11-03T01:51:21.6029887Z Interpreted pathproblem query "Environment variable built from user-controlled sources" (actions/envvar-injection/critical) at path /home/runner/work/_temp/codeql_databases/actions/results/codeql/actions-queries/Security/CWE-077/EnvVarInjectionCritical.bqrs.
2025-11-03T01:51:21.6037655Z Interpreted pathproblem query "PATH environment variable built from user-controlled sources" (actions/envpath-injection/critical) at path /home/runner/work/_temp/codeql_databases/actions/results/codeql/actions-queries/Security/CWE-077/EnvPathInjectionCritical.bqrs.
2025-11-03T01:51:21.6049767Z Interpreted problem query "Improper Access Control" (actions/improper-access-control) at path /home/runner/work/_temp/codeql_databases/actions/results/codeql/actions-queries/Security/CWE-285/ImproperAccessControl.bqrs.
2025-11-03T01:51:21.6061752Z Interpreted pathproblem query "Cache Poisoning via low-privileged code injection" (actions/cache-poisoning/code-injection) at path /home/runner/work/_temp/codeql_databases/actions/results/codeql/actions-queries/Security/CWE-349/CachePoisoningViaCodeInjection.bqrs.
2025-11-03T01:51:21.6091815Z Interpreted pathproblem query "Cache Poisoning via execution of untrusted code" (actions/cache-poisoning/poisonable-step) at path /home/runner/work/_temp/codeql_databases/actions/results/codeql/actions-queries/Security/CWE-349/CachePoisoningViaPoisonableStep.bqrs.
2025-11-03T01:51:21.6099059Z Interpreted pathproblem query "Cache Poisoning via caching of untrusted files" (actions/cache-poisoning/direct-cache) at path /home/runner/work/_temp/codeql_databases/actions/results/codeql/actions-queries/Security/CWE-349/CachePoisoningViaDirectCache.bqrs.
2025-11-03T01:51:21.6120831Z Interpreted diagnostic query "Extracted files" (actions/diagnostics/successfully-extracted-files) at path /home/runner/work/_temp/codeql_databases/actions/results/codeql/actions-queries/Diagnostics/SuccessfullyExtractedFiles.bqrs.
2025-11-03T01:51:21.6133408Z Reading source archive /home/runner/work/_temp/codeql_databases/actions/src.zip
2025-11-03T01:51:21.7770189Z Interpreting file coverage baseline information
2025-11-03T01:51:21.7775572Z Finished interpreting file coverage baseline information.
2025-11-03T01:51:21.7785135Z Interpreting diagnostic messages...
2025-11-03T01:51:21.8171612Z Found 3 raw diagnostic messages.
2025-11-03T01:51:21.8246628Z Processed diagnostic messages (removed 0 due to limits, created 0 summary diagnostics for status page).
2025-11-03T01:51:21.8269780Z Interpreted diagnostic messages (46ms).
2025-11-03T01:51:22.0679969Z Exporting results to SARIF...
2025-11-03T01:51:22.2238528Z Exported results to SARIF (156ms).
2025-11-03T01:51:22.2777495Z ##[endgroup]
2025-11-03T01:51:22.2778633Z CodeQL scanned 4 out of 4 GitHub Actions files in this invocation. Check the status page for overall coverage information: https://github.com/Boss-1s/scratchattach/security/code-scanning/tools/CodeQL/status/
2025-11-03T01:51:22.2779398Z 
2025-11-03T01:51:22.2789215Z Post-processing sarif files: ["/home/runner/work/scratchattach/results/actions.sarif"]
2025-11-03T01:51:22.2806294Z Adding fingerprints to SARIF file. See https://docs.github.com/en/enterprise-cloud@latest/code-security/code-scanning/integrating-with-code-scanning/sarif-support-for-code-scanning#providing-data-to-track-code-scanning-alerts-across-runs for more information.
2025-11-03T01:51:22.2882750Z ##[group]Uploading code scanning results
2025-11-03T01:51:22.2976308Z Uploading results
2025-11-03T01:51:22.8075386Z Successfully uploaded results
2025-11-03T01:51:22.8075888Z ##[endgroup]
2025-11-03T01:51:22.8081768Z ##[group]Cleaning up databases
2025-11-03T01:51:22.8083702Z [command]/opt/hostedtoolcache/CodeQL/2.23.3/x64/codeql/codeql database cleanup /home/runner/work/_temp/codeql_databases/actions --cache-cleanup=clear
2025-11-03T01:51:23.5095437Z Cleaning up existing TRAP files after import...
2025-11-03T01:51:23.5143083Z TRAP files cleaned up (3ms).
2025-11-03T01:51:23.5143523Z Cleaning up scratch directory...
2025-11-03T01:51:23.5147166Z Scratch directory cleaned up (0ms).
2025-11-03T01:51:23.5623242Z ##[endgroup]
2025-11-03T01:51:23.5632721Z [command]/opt/hostedtoolcache/CodeQL/2.23.3/x64/codeql/codeql database bundle /home/runner/work/_temp/codeql_databases/actions --output=/home/runner/work/_temp/codeql_databases/actions.zip --name=actions
2025-11-03T01:51:24.4312892Z Creating bundle metadata for /home/runner/work/_temp/codeql_databases/actions...
2025-11-03T01:51:24.8991431Z Creating zip file at /home/runner/work/_temp/codeql_databases/actions.zip.
2025-11-03T01:51:25.6037251Z Skipping upload of TRAP cache for actions as it is too small
2025-11-03T01:51:25.6044598Z Skipping upload of dependency cache for actions as we have no caching configuration for it.
2025-11-03T01:51:25.6045831Z ##[group]Waiting for processing to finish
2025-11-03T01:51:25.7753075Z Analysis upload status is complete.
2025-11-03T01:51:25.7753987Z ##[endgroup]
2025-11-03T01:51:25.9378370Z Post job cleanup.
2025-11-03T01:51:26.8151340Z Post job cleanup.
2025-11-03T01:51:27.0072500Z Post job cleanup.
2025-11-03T01:51:28.1775170Z CodeQL job status was success.
2025-11-03T01:51:28.1785533Z Sending status report for init-post step.
2025-11-03T01:51:28.3556149Z Status report sent for init-post step.
2025-11-03T01:51:28.3700156Z Post job cleanup.
2025-11-03T01:51:28.4645198Z [command]/usr/bin/git version
2025-11-03T01:51:28.4683029Z git version 2.51.2
2025-11-03T01:51:28.4725253Z Temporarily overriding HOME='/home/runner/work/_temp/aac70024-5157-411f-844a-a74bca558c91' before making global git config changes
2025-11-03T01:51:28.4726248Z Adding repository directory to the temporary git global config as a safe directory
2025-11-03T01:51:28.4731176Z [command]/usr/bin/git config --global --add safe.directory /home/runner/work/scratchattach/scratchattach
2025-11-03T01:51:28.4767569Z [command]/usr/bin/git config --local --name-only --get-regexp core\.sshCommand
2025-11-03T01:51:28.4799598Z [command]/usr/bin/git submodule foreach --recursive sh -c "git config --local --name-only --get-regexp 'core\.sshCommand' && git config --local --unset-all 'core.sshCommand' || :"
2025-11-03T01:51:28.5034799Z [command]/usr/bin/git config --local --name-only --get-regexp http\.https\:\/\/github\.com\/\.extraheader
2025-11-03T01:51:28.5057211Z http.https://github.com/.extraheader
2025-11-03T01:51:28.5070280Z [command]/usr/bin/git config --local --unset-all http.https://github.com/.extraheader
2025-11-03T01:51:28.5101821Z [command]/usr/bin/git submodule foreach --recursive sh -c "git config --local --name-only --get-regexp 'http\.https\:\/\/github\.com\/\.extraheader' && git config --local --unset-all 'http.https://github.com/.extraheader' || :"
2025-11-03T01:51:28.5434386Z Cleaning up orphan processes
