2025-11-06T18:53:51.3650696Z Current runner version: '2.329.0'
2025-11-06T18:53:51.3673370Z ##[group]Runner Image Provisioner
2025-11-06T18:53:51.3674272Z Hosted Compute Agent
2025-11-06T18:53:51.3674822Z Version: 20251016.436
2025-11-06T18:53:51.3675433Z Commit: 8ab8ac8bfd662a3739dab9fe09456aba92132568
2025-11-06T18:53:51.3676366Z Build Date: 2025-10-15T20:44:12Z
2025-11-06T18:53:51.3676964Z ##[endgroup]
2025-11-06T18:53:51.3677531Z ##[group]Operating System
2025-11-06T18:53:51.3678126Z Ubuntu
2025-11-06T18:53:51.3678568Z 24.04.3
2025-11-06T18:53:51.3679014Z LTS
2025-11-06T18:53:51.3679418Z ##[endgroup]
2025-11-06T18:53:51.3679985Z ##[group]Runner Image
2025-11-06T18:53:51.3680557Z Image: ubuntu-24.04
2025-11-06T18:53:51.3681010Z Version: 20251030.96.2
2025-11-06T18:53:51.3682106Z Included Software: https://github.com/actions/runner-images/blob/ubuntu24/20251030.96/images/ubuntu/Ubuntu2404-Readme.md
2025-11-06T18:53:51.3683652Z Image Release: https://github.com/actions/runner-images/releases/tag/ubuntu24%2F20251030.96
2025-11-06T18:53:51.3684664Z ##[endgroup]
2025-11-06T18:53:51.3687274Z ##[group]GITHUB_TOKEN Permissions
2025-11-06T18:53:51.3689317Z Actions: write
2025-11-06T18:53:51.3689870Z Attestations: write
2025-11-06T18:53:51.3690331Z Checks: write
2025-11-06T18:53:51.3690984Z Contents: write
2025-11-06T18:53:51.3691498Z Deployments: write
2025-11-06T18:53:51.3691964Z Discussions: write
2025-11-06T18:53:51.3692545Z Issues: write
2025-11-06T18:53:51.3693024Z Metadata: read
2025-11-06T18:53:51.3693460Z Models: read
2025-11-06T18:53:51.3694053Z Packages: write
2025-11-06T18:53:51.3694518Z Pages: write
2025-11-06T18:53:51.3695004Z PullRequests: write
2025-11-06T18:53:51.3695607Z RepositoryProjects: write
2025-11-06T18:53:51.3696398Z SecurityEvents: write
2025-11-06T18:53:51.3697101Z Statuses: write
2025-11-06T18:53:51.3697739Z ##[endgroup]
2025-11-06T18:53:51.3700027Z Secret source: Actions
2025-11-06T18:53:51.3700922Z Prepare workflow directory
2025-11-06T18:53:51.4012210Z Prepare all required actions
2025-11-06T18:53:51.4050255Z Getting action download info
2025-11-06T18:53:51.8990572Z Download action repository 'actions/checkout@v5.0.0' (SHA:08c6903cd8c0fde910a37f88322edcfb5dd907a8)
2025-11-06T18:53:52.1132342Z Download action repository 'actions/setup-python@v6.0.0' (SHA:e797f83bcb11b83ae66e0230d6156d7c80228e7c)
2025-11-06T18:53:52.2010731Z Download action repository 'bossOfCode/install-scratchattach@v1.0.3' (SHA:be17a7cf1ecb5a7040eb42ef26c2e1fbe72bb25a)
2025-11-06T18:53:52.7840954Z Complete job name: Run 1
2025-11-06T18:53:52.8544693Z ##[group]Run actions/checkout@v5.0.0
2025-11-06T18:53:52.8545625Z with:
2025-11-06T18:53:52.8546037Z   ref: main
2025-11-06T18:53:52.8546650Z   repository: Boss-1s/scratchattach
2025-11-06T18:53:52.8547369Z   token: ***
2025-11-06T18:53:52.8547785Z   ssh-strict: true
2025-11-06T18:53:52.8548207Z   ssh-user: git
2025-11-06T18:53:52.8548650Z   persist-credentials: true
2025-11-06T18:53:52.8549136Z   clean: true
2025-11-06T18:53:52.8549561Z   sparse-checkout-cone-mode: true
2025-11-06T18:53:52.8550089Z   fetch-depth: 1
2025-11-06T18:53:52.8550538Z   fetch-tags: false
2025-11-06T18:53:52.8550997Z   show-progress: true
2025-11-06T18:53:52.8551447Z   lfs: false
2025-11-06T18:53:52.8551859Z   submodules: false
2025-11-06T18:53:52.8552293Z   set-safe-directory: true
2025-11-06T18:53:52.8553092Z ##[endgroup]
2025-11-06T18:53:52.9472974Z Syncing repository: Boss-1s/scratchattach
2025-11-06T18:53:52.9475071Z ##[group]Getting Git version info
2025-11-06T18:53:52.9475985Z Working directory is '/home/runner/work/scratchattach/scratchattach'
2025-11-06T18:53:52.9477526Z [command]/usr/bin/git version
2025-11-06T18:53:52.9519934Z git version 2.51.2
2025-11-06T18:53:52.9540381Z ##[endgroup]
2025-11-06T18:53:52.9555485Z Temporarily overriding HOME='/home/runner/work/_temp/3965a3bd-c2f3-40a3-8655-35ca6ec6847f' before making global git config changes
2025-11-06T18:53:52.9558416Z Adding repository directory to the temporary git global config as a safe directory
2025-11-06T18:53:52.9560979Z [command]/usr/bin/git config --global --add safe.directory /home/runner/work/scratchattach/scratchattach
2025-11-06T18:53:52.9598467Z Deleting the contents of '/home/runner/work/scratchattach/scratchattach'
2025-11-06T18:53:52.9601368Z ##[group]Initializing the repository
2025-11-06T18:53:52.9605548Z [command]/usr/bin/git init /home/runner/work/scratchattach/scratchattach
2025-11-06T18:53:52.9705800Z hint: Using 'master' as the name for the initial branch. This default branch name
2025-11-06T18:53:52.9708068Z hint: is subject to change. To configure the initial branch name to use in all
2025-11-06T18:53:52.9709886Z hint: of your new repositories, which will suppress this warning, call:
2025-11-06T18:53:52.9711155Z hint:
2025-11-06T18:53:52.9712055Z hint: 	git config --global init.defaultBranch <name>
2025-11-06T18:53:52.9712887Z hint:
2025-11-06T18:53:52.9713520Z hint: Names commonly chosen instead of 'master' are 'main', 'trunk' and
2025-11-06T18:53:52.9714500Z hint: 'development'. The just-created branch can be renamed via this command:
2025-11-06T18:53:52.9715273Z hint:
2025-11-06T18:53:52.9715699Z hint: 	git branch -m <name>
2025-11-06T18:53:52.9716401Z hint:
2025-11-06T18:53:52.9717188Z hint: Disable this message with "git config set advice.defaultBranchName false"
2025-11-06T18:53:52.9718831Z Initialized empty Git repository in /home/runner/work/scratchattach/scratchattach/.git/
2025-11-06T18:53:52.9722344Z [command]/usr/bin/git remote add origin https://github.com/Boss-1s/scratchattach
2025-11-06T18:53:52.9756699Z ##[endgroup]
2025-11-06T18:53:52.9757569Z ##[group]Disabling automatic garbage collection
2025-11-06T18:53:52.9759856Z [command]/usr/bin/git config --local gc.auto 0
2025-11-06T18:53:52.9787644Z ##[endgroup]
2025-11-06T18:53:52.9788882Z ##[group]Setting up auth
2025-11-06T18:53:52.9793071Z [command]/usr/bin/git config --local --name-only --get-regexp core\.sshCommand
2025-11-06T18:53:52.9822938Z [command]/usr/bin/git submodule foreach --recursive sh -c "git config --local --name-only --get-regexp 'core\.sshCommand' && git config --local --unset-all 'core.sshCommand' || :"
2025-11-06T18:53:53.0253984Z [command]/usr/bin/git config --local --name-only --get-regexp http\.https\:\/\/github\.com\/\.extraheader
2025-11-06T18:53:53.0282447Z [command]/usr/bin/git submodule foreach --recursive sh -c "git config --local --name-only --get-regexp 'http\.https\:\/\/github\.com\/\.extraheader' && git config --local --unset-all 'http.https://github.com/.extraheader' || :"
2025-11-06T18:53:53.0499134Z [command]/usr/bin/git config --local http.https://github.com/.extraheader AUTHORIZATION: basic ***
2025-11-06T18:53:53.0532463Z ##[endgroup]
2025-11-06T18:53:53.0533354Z ##[group]Fetching the repository
2025-11-06T18:53:53.0541605Z [command]/usr/bin/git -c protocol.version=2 fetch --no-tags --prune --no-recurse-submodules --depth=1 origin +refs/heads/main*:refs/remotes/origin/main* +refs/tags/main*:refs/tags/main*
2025-11-06T18:53:54.3402034Z From https://github.com/Boss-1s/scratchattach
2025-11-06T18:53:54.3405619Z  * [new branch]      main       -> origin/main
2025-11-06T18:53:54.3435562Z ##[endgroup]
2025-11-06T18:53:54.3437763Z ##[group]Determining the checkout info
2025-11-06T18:53:54.3443269Z [command]/usr/bin/git branch --list --remote origin/main
2025-11-06T18:53:54.3467303Z   origin/main
2025-11-06T18:53:54.3473996Z ##[endgroup]
2025-11-06T18:53:54.3478476Z [command]/usr/bin/git sparse-checkout disable
2025-11-06T18:53:54.3518123Z [command]/usr/bin/git config --local --unset-all extensions.worktreeConfig
2025-11-06T18:53:54.3544597Z ##[group]Checking out the ref
2025-11-06T18:53:54.3547659Z [command]/usr/bin/git checkout --progress --force -B main refs/remotes/origin/main
2025-11-06T18:53:54.6946493Z Switched to a new branch 'main'
2025-11-06T18:53:54.6948449Z branch 'main' set up to track 'origin/main'.
2025-11-06T18:53:54.6988802Z ##[endgroup]
2025-11-06T18:53:54.7026971Z [command]/usr/bin/git log -1 --format=%H
2025-11-06T18:53:54.7050605Z a7d5431f7bcdabc17084f44d906c0db542d25ffb
2025-11-06T18:53:54.7362544Z ##[group]Run actions/setup-python@v6.0.0
2025-11-06T18:53:54.7364004Z with:
2025-11-06T18:53:54.7364836Z   python-version: 3.13
2025-11-06T18:53:54.7365824Z   check-latest: false
2025-11-06T18:53:54.7367219Z   token: ***
2025-11-06T18:53:54.7368109Z   update-environment: true
2025-11-06T18:53:54.7369171Z   allow-prereleases: false
2025-11-06T18:53:54.7370215Z   freethreaded: false
2025-11-06T18:53:54.7371147Z ##[endgroup]
2025-11-06T18:53:54.8614166Z ##[group]Installed versions
2025-11-06T18:53:54.8719202Z (node:2061) [DEP0040] DeprecationWarning: The `punycode` module is deprecated. Please use a userland alternative instead.
2025-11-06T18:53:54.8723519Z (Use `node --trace-deprecation ...` to show where the warning was created)
2025-11-06T18:53:54.8726713Z Successfully set up CPython (3.13.9)
2025-11-06T18:53:54.8729401Z ##[endgroup]
2025-11-06T18:53:54.8916884Z ##[group]Run bossOfCode/install-scratchattach@v1.0.3
2025-11-06T18:53:54.8918187Z env:
2025-11-06T18:53:54.8919198Z   pythonLocation: /opt/hostedtoolcache/Python/3.13.9/x64
2025-11-06T18:53:54.8920950Z   PKG_CONFIG_PATH: /opt/hostedtoolcache/Python/3.13.9/x64/lib/pkgconfig
2025-11-06T18:53:54.8922684Z   Python_ROOT_DIR: /opt/hostedtoolcache/Python/3.13.9/x64
2025-11-06T18:53:54.8924216Z   Python2_ROOT_DIR: /opt/hostedtoolcache/Python/3.13.9/x64
2025-11-06T18:53:54.8925762Z   Python3_ROOT_DIR: /opt/hostedtoolcache/Python/3.13.9/x64
2025-11-06T18:53:54.8927439Z   LD_LIBRARY_PATH: /opt/hostedtoolcache/Python/3.13.9/x64/lib
2025-11-06T18:53:54.8928731Z ##[endgroup]
2025-11-06T18:53:54.9025634Z ##[group]Run python3 -m pip install --upgrade pip
2025-11-06T18:53:54.9027181Z [36;1mpython3 -m pip install --upgrade pip[0m
2025-11-06T18:53:54.9137020Z shell: /usr/bin/bash --noprofile --norc -e -o pipefail {0}
2025-11-06T18:53:54.9138316Z env:
2025-11-06T18:53:54.9139289Z   pythonLocation: /opt/hostedtoolcache/Python/3.13.9/x64
2025-11-06T18:53:54.9140928Z   PKG_CONFIG_PATH: /opt/hostedtoolcache/Python/3.13.9/x64/lib/pkgconfig
2025-11-06T18:53:54.9142529Z   Python_ROOT_DIR: /opt/hostedtoolcache/Python/3.13.9/x64
2025-11-06T18:53:54.9143990Z   Python2_ROOT_DIR: /opt/hostedtoolcache/Python/3.13.9/x64
2025-11-06T18:53:54.9145455Z   Python3_ROOT_DIR: /opt/hostedtoolcache/Python/3.13.9/x64
2025-11-06T18:53:54.9147147Z   LD_LIBRARY_PATH: /opt/hostedtoolcache/Python/3.13.9/x64/lib
2025-11-06T18:53:54.9148403Z ##[endgroup]
2025-11-06T18:53:57.9440708Z Requirement already satisfied: pip in /opt/hostedtoolcache/Python/3.13.9/x64/lib/python3.13/site-packages (25.3)
2025-11-06T18:53:58.1864308Z ##[group]Run pip install -U scratchattach
2025-11-06T18:53:58.1864618Z [36;1mpip install -U scratchattach[0m
2025-11-06T18:53:58.1897677Z shell: /usr/bin/bash --noprofile --norc -e -o pipefail {0}
2025-11-06T18:53:58.1897977Z env:
2025-11-06T18:53:58.1898222Z   pythonLocation: /opt/hostedtoolcache/Python/3.13.9/x64
2025-11-06T18:53:58.1898611Z   PKG_CONFIG_PATH: /opt/hostedtoolcache/Python/3.13.9/x64/lib/pkgconfig
2025-11-06T18:53:58.1898988Z   Python_ROOT_DIR: /opt/hostedtoolcache/Python/3.13.9/x64
2025-11-06T18:53:58.1899314Z   Python2_ROOT_DIR: /opt/hostedtoolcache/Python/3.13.9/x64
2025-11-06T18:53:58.1899658Z   Python3_ROOT_DIR: /opt/hostedtoolcache/Python/3.13.9/x64
2025-11-06T18:53:58.1899992Z   LD_LIBRARY_PATH: /opt/hostedtoolcache/Python/3.13.9/x64/lib
2025-11-06T18:53:58.1900269Z ##[endgroup]
2025-11-06T18:53:58.6942113Z Collecting scratchattach
2025-11-06T18:53:58.7518125Z   Downloading scratchattach-2.1.13-py3-none-any.whl.metadata (5.5 kB)
2025-11-06T18:53:58.7728585Z Collecting websocket-client (from scratchattach)
2025-11-06T18:53:58.7760209Z   Downloading websocket_client-1.9.0-py3-none-any.whl.metadata (8.3 kB)
2025-11-06T18:53:58.8033778Z Collecting requests (from scratchattach)
2025-11-06T18:53:58.8065678Z   Downloading requests-2.32.5-py3-none-any.whl.metadata (4.9 kB)
2025-11-06T18:53:58.8172557Z Collecting bs4 (from scratchattach)
2025-11-06T18:53:58.8244593Z   Downloading bs4-0.0.2-py2.py3-none-any.whl.metadata (411 bytes)
2025-11-06T18:53:58.8954155Z Collecting SimpleWebSocketServer (from scratchattach)
2025-11-06T18:53:58.8994294Z   Downloading SimpleWebSocketServer-0.1.2.tar.gz (10 kB)
2025-11-06T18:53:58.9069744Z   Installing build dependencies: started
2025-11-06T18:53:59.7147129Z   Installing build dependencies: finished with status 'done'
2025-11-06T18:53:59.7152294Z   Getting requirements to build wheel: started
2025-11-06T18:54:00.0988989Z   Getting requirements to build wheel: finished with status 'done'
2025-11-06T18:54:00.0997997Z   Preparing metadata (pyproject.toml): started
2025-11-06T18:54:00.2870494Z   Preparing metadata (pyproject.toml): finished with status 'done'
2025-11-06T18:54:00.3030830Z Collecting typing-extensions (from scratchattach)
2025-11-06T18:54:00.3063263Z   Downloading typing_extensions-4.15.0-py3-none-any.whl.metadata (3.3 kB)
2025-11-06T18:54:00.3233271Z Collecting beautifulsoup4 (from bs4->scratchattach)
2025-11-06T18:54:00.3266992Z   Downloading beautifulsoup4-4.14.2-py3-none-any.whl.metadata (3.8 kB)
2025-11-06T18:54:00.3446860Z Collecting soupsieve>1.2 (from beautifulsoup4->bs4->scratchattach)
2025-11-06T18:54:00.3479747Z   Downloading soupsieve-2.8-py3-none-any.whl.metadata (4.6 kB)
2025-11-06T18:54:00.4374063Z Collecting charset_normalizer<4,>=2 (from requests->scratchattach)
2025-11-06T18:54:00.4406454Z   Downloading charset_normalizer-3.4.4-cp313-cp313-manylinux2014_x86_64.manylinux_2_17_x86_64.manylinux_2_28_x86_64.whl.metadata (37 kB)
2025-11-06T18:54:00.4868549Z Collecting idna<4,>=2.5 (from requests->scratchattach)
2025-11-06T18:54:00.4899609Z   Downloading idna-3.11-py3-none-any.whl.metadata (8.4 kB)
2025-11-06T18:54:00.5181571Z Collecting urllib3<3,>=1.21.1 (from requests->scratchattach)
2025-11-06T18:54:00.5212717Z   Downloading urllib3-2.5.0-py3-none-any.whl.metadata (6.5 kB)
2025-11-06T18:54:00.5431040Z Collecting certifi>=2017.4.17 (from requests->scratchattach)
2025-11-06T18:54:00.5462990Z   Downloading certifi-2025.10.5-py3-none-any.whl.metadata (2.5 kB)
2025-11-06T18:54:00.5571106Z Downloading scratchattach-2.1.13-py3-none-any.whl (141 kB)
2025-11-06T18:54:00.5665393Z Downloading bs4-0.0.2-py2.py3-none-any.whl (1.2 kB)
2025-11-06T18:54:00.5719474Z Downloading beautifulsoup4-4.14.2-py3-none-any.whl (106 kB)
2025-11-06T18:54:00.5774943Z Downloading soupsieve-2.8-py3-none-any.whl (36 kB)
2025-11-06T18:54:00.5823827Z Downloading typing_extensions-4.15.0-py3-none-any.whl (44 kB)
2025-11-06T18:54:00.5874033Z Downloading requests-2.32.5-py3-none-any.whl (64 kB)
2025-11-06T18:54:00.5928354Z Downloading charset_normalizer-3.4.4-cp313-cp313-manylinux2014_x86_64.manylinux_2_17_x86_64.manylinux_2_28_x86_64.whl (153 kB)
2025-11-06T18:54:00.5982112Z Downloading idna-3.11-py3-none-any.whl (71 kB)
2025-11-06T18:54:00.6037290Z Downloading urllib3-2.5.0-py3-none-any.whl (129 kB)
2025-11-06T18:54:00.6093600Z Downloading certifi-2025.10.5-py3-none-any.whl (163 kB)
2025-11-06T18:54:00.6150518Z Downloading websocket_client-1.9.0-py3-none-any.whl (82 kB)
2025-11-06T18:54:00.6279413Z Building wheels for collected packages: SimpleWebSocketServer
2025-11-06T18:54:00.6287615Z   Building wheel for SimpleWebSocketServer (pyproject.toml): started
2025-11-06T18:54:00.8453689Z   Building wheel for SimpleWebSocketServer (pyproject.toml): finished with status 'done'
2025-11-06T18:54:00.8459423Z   Created wheel for SimpleWebSocketServer: filename=simplewebsocketserver-0.1.2-py3-none-any.whl size=9715 sha256=02aef474de1ab784c9eb141a99091d695aed03ebec094fd4229cb7a12dca8934
2025-11-06T18:54:00.8461478Z   Stored in directory: /home/runner/.cache/pip/wheels/c4/5b/e8/4f2c15a82edc4923058056f6681373168be02a0c00389a6dcf
2025-11-06T18:54:00.8479897Z Successfully built SimpleWebSocketServer
2025-11-06T18:54:00.8664725Z Installing collected packages: SimpleWebSocketServer, websocket-client, urllib3, typing-extensions, soupsieve, idna, charset_normalizer, certifi, requests, beautifulsoup4, bs4, scratchattach
2025-11-06T18:54:01.4496783Z 
2025-11-06T18:54:01.4519949Z Successfully installed SimpleWebSocketServer-0.1.2 beautifulsoup4-4.14.2 bs4-0.0.2 certifi-2025.10.5 charset_normalizer-3.4.4 idna-3.11 requests-2.32.5 scratchattach-2.1.13 soupsieve-2.8 typing-extensions-4.15.0 urllib3-2.5.0 websocket-client-1.9.0
2025-11-06T18:54:01.5307923Z ##[group]Run actions/checkout@v5.0.0
2025-11-06T18:54:01.5308176Z with:
2025-11-06T18:54:01.5308342Z   ref: main
2025-11-06T18:54:01.5308525Z   repository: Boss-1s/scratchattach
2025-11-06T18:54:01.5308874Z   token: ***
2025-11-06T18:54:01.5309051Z   ssh-strict: true
2025-11-06T18:54:01.5309229Z   ssh-user: git
2025-11-06T18:54:01.5309419Z   persist-credentials: true
2025-11-06T18:54:01.5309638Z   clean: true
2025-11-06T18:54:01.5309821Z   sparse-checkout-cone-mode: true
2025-11-06T18:54:01.5310047Z   fetch-depth: 1
2025-11-06T18:54:01.5310224Z   fetch-tags: false
2025-11-06T18:54:01.5310399Z   show-progress: true
2025-11-06T18:54:01.5310590Z   lfs: false
2025-11-06T18:54:01.5310756Z   submodules: false
2025-11-06T18:54:01.5310941Z   set-safe-directory: true
2025-11-06T18:54:01.5311138Z env:
2025-11-06T18:54:01.5311356Z   pythonLocation: /opt/hostedtoolcache/Python/3.13.9/x64
2025-11-06T18:54:01.5311761Z   PKG_CONFIG_PATH: /opt/hostedtoolcache/Python/3.13.9/x64/lib/pkgconfig
2025-11-06T18:54:01.5312155Z   Python_ROOT_DIR: /opt/hostedtoolcache/Python/3.13.9/x64
2025-11-06T18:54:01.5312490Z   Python2_ROOT_DIR: /opt/hostedtoolcache/Python/3.13.9/x64
2025-11-06T18:54:01.5312822Z   Python3_ROOT_DIR: /opt/hostedtoolcache/Python/3.13.9/x64
2025-11-06T18:54:01.5313152Z   LD_LIBRARY_PATH: /opt/hostedtoolcache/Python/3.13.9/x64/lib
2025-11-06T18:54:01.5313436Z ##[endgroup]
2025-11-06T18:54:01.6066007Z Syncing repository: Boss-1s/scratchattach
2025-11-06T18:54:01.6067790Z ##[group]Getting Git version info
2025-11-06T18:54:01.6068264Z Working directory is '/home/runner/work/scratchattach/scratchattach'
2025-11-06T18:54:01.6102924Z [command]/usr/bin/git version
2025-11-06T18:54:01.6137032Z git version 2.51.2
2025-11-06T18:54:01.6157460Z ##[endgroup]
2025-11-06T18:54:01.6170675Z Temporarily overriding HOME='/home/runner/work/_temp/2f873d6e-3073-4635-90fd-5c215cf016e9' before making global git config changes
2025-11-06T18:54:01.6171662Z Adding repository directory to the temporary git global config as a safe directory
2025-11-06T18:54:01.6175331Z [command]/usr/bin/git config --global --add safe.directory /home/runner/work/scratchattach/scratchattach
2025-11-06T18:54:01.6211436Z [command]/usr/bin/git config --local --get remote.origin.url
2025-11-06T18:54:01.6232389Z https://github.com/Boss-1s/scratchattach
2025-11-06T18:54:01.6244893Z ##[group]Removing previously created refs, to avoid conflicts
2025-11-06T18:54:01.6248810Z [command]/usr/bin/git rev-parse --symbolic-full-name --verify --quiet HEAD
2025-11-06T18:54:01.6268873Z refs/heads/main
2025-11-06T18:54:01.6277747Z [command]/usr/bin/git checkout --detach
2025-11-06T18:54:01.9120950Z HEAD is now at a7d5431 [BOT] Download Logs
2025-11-06T18:54:01.9168656Z [command]/usr/bin/git branch --delete --force main
2025-11-06T18:54:01.9193288Z Deleted branch main (was a7d5431).
2025-11-06T18:54:01.9226354Z ##[endgroup]
2025-11-06T18:54:01.9230000Z [command]/usr/bin/git submodule status
2025-11-06T18:54:01.9453868Z ##[group]Cleaning the repository
2025-11-06T18:54:01.9458209Z [command]/usr/bin/git clean -ffdx
2025-11-06T18:54:01.9498549Z [command]/usr/bin/git reset --hard HEAD
2025-11-06T18:54:01.9566398Z HEAD is now at a7d5431 [BOT] Download Logs
2025-11-06T18:54:01.9603037Z ##[endgroup]
2025-11-06T18:54:01.9604590Z ##[group]Disabling automatic garbage collection
2025-11-06T18:54:01.9609328Z [command]/usr/bin/git config --local gc.auto 0
2025-11-06T18:54:01.9634854Z ##[endgroup]
2025-11-06T18:54:01.9635394Z ##[group]Setting up auth
2025-11-06T18:54:01.9642172Z [command]/usr/bin/git config --local --name-only --get-regexp core\.sshCommand
2025-11-06T18:54:01.9671583Z [command]/usr/bin/git submodule foreach --recursive sh -c "git config --local --name-only --get-regexp 'core\.sshCommand' && git config --local --unset-all 'core.sshCommand' || :"
2025-11-06T18:54:01.9892280Z [command]/usr/bin/git config --local --name-only --get-regexp http\.https\:\/\/github\.com\/\.extraheader
2025-11-06T18:54:01.9913784Z http.https://github.com/.extraheader
2025-11-06T18:54:01.9922632Z [command]/usr/bin/git config --local --unset-all http.https://github.com/.extraheader
2025-11-06T18:54:01.9953888Z [command]/usr/bin/git submodule foreach --recursive sh -c "git config --local --name-only --get-regexp 'http\.https\:\/\/github\.com\/\.extraheader' && git config --local --unset-all 'http.https://github.com/.extraheader' || :"
2025-11-06T18:54:02.0175740Z [command]/usr/bin/git config --local http.https://github.com/.extraheader AUTHORIZATION: basic ***
2025-11-06T18:54:02.0208259Z ##[endgroup]
2025-11-06T18:54:02.0208893Z ##[group]Fetching the repository
2025-11-06T18:54:02.0217170Z [command]/usr/bin/git -c protocol.version=2 fetch --no-tags --prune --no-recurse-submodules --depth=1 origin +refs/heads/main*:refs/remotes/origin/main* +refs/tags/main*:refs/tags/main*
2025-11-06T18:54:02.4941150Z ##[endgroup]
2025-11-06T18:54:02.4941733Z ##[group]Determining the checkout info
2025-11-06T18:54:02.4947862Z [command]/usr/bin/git branch --list --remote origin/main
2025-11-06T18:54:02.4971878Z   origin/main
2025-11-06T18:54:02.4975554Z ##[endgroup]
2025-11-06T18:54:02.4980121Z [command]/usr/bin/git sparse-checkout disable
2025-11-06T18:54:02.5024209Z [command]/usr/bin/git config --local --unset-all extensions.worktreeConfig
2025-11-06T18:54:02.5048707Z ##[group]Checking out the ref
2025-11-06T18:54:02.5052233Z [command]/usr/bin/git checkout --progress --force -B main refs/remotes/origin/main
2025-11-06T18:54:02.5132457Z Switched to a new branch 'main'
2025-11-06T18:54:02.5134981Z branch 'main' set up to track 'origin/main'.
2025-11-06T18:54:02.5142420Z ##[endgroup]
2025-11-06T18:54:02.5178691Z [command]/usr/bin/git log -1 --format=%H
2025-11-06T18:54:02.5204939Z a7d5431f7bcdabc17084f44d906c0db542d25ffb
2025-11-06T18:54:02.5311453Z ##[group]Run timeout 359m python3 message_viewer.py || { [[ $? -eq 124 ]] && exit 0; }
2025-11-06T18:54:02.5311994Z [36;1mtimeout 359m python3 message_viewer.py || { [[ $? -eq 124 ]] && exit 0; }[0m
2025-11-06T18:54:02.5344905Z shell: /usr/bin/bash -e {0}
2025-11-06T18:54:02.5345119Z env:
2025-11-06T18:54:02.5345360Z   pythonLocation: /opt/hostedtoolcache/Python/3.13.9/x64
2025-11-06T18:54:02.5345754Z   PKG_CONFIG_PATH: /opt/hostedtoolcache/Python/3.13.9/x64/lib/pkgconfig
2025-11-06T18:54:02.5346371Z   Python_ROOT_DIR: /opt/hostedtoolcache/Python/3.13.9/x64
2025-11-06T18:54:02.5346939Z   Python2_ROOT_DIR: /opt/hostedtoolcache/Python/3.13.9/x64
2025-11-06T18:54:02.5347284Z   Python3_ROOT_DIR: /opt/hostedtoolcache/Python/3.13.9/x64
2025-11-06T18:54:02.5347623Z   LD_LIBRARY_PATH: /opt/hostedtoolcache/Python/3.13.9/x64/lib
2025-11-06T18:54:02.5348059Z   PASS: ***
2025-11-06T18:54:02.5348224Z ##[endgroup]
2025-11-06T18:54:03.6657771Z Thanks for giving credit for CloudRequests!
2025-11-06T18:54:03.6664448Z Request handler is running
2025-11-06T20:38:08.5673884Z CloudEvents: Disconnected. Reconnecting ... 1762455323.3332946
2025-11-06T20:38:08.5674844Z CloudEvents: Reconnected. 1762455323.4334514
2025-11-06T20:38:08.5675495Z CloudEvents: Disconnected. Reconnecting ... 1762455475.7236586
2025-11-06T20:38:08.5676020Z CloudEvents: Reconnected. 1762455475.8238015
2025-11-06T20:38:08.5676716Z CloudEvents: Disconnected. Reconnecting ... 1762455475.9651937
2025-11-06T20:38:08.5677101Z CloudEvents: Reconnected. 1762455476.0653183
2025-11-06T20:38:08.5677471Z CloudEvents: Disconnected. Reconnecting ... 1762455955.2290645
2025-11-06T20:38:08.5677851Z CloudEvents: Reconnected. 1762455955.3292112
2025-11-06T20:38:08.5678224Z CloudEvents: Disconnected. Reconnecting ... 1762455955.487751
2025-11-06T20:38:08.5678597Z CloudEvents: Reconnected. 1762455955.5878787
2025-11-06T20:38:08.5678964Z CloudEvents: Disconnected. Reconnecting ... 1762456332.096214
2025-11-06T20:38:08.5679354Z CloudEvents: Reconnected. 1762456332.1963768
2025-11-06T20:38:08.5679717Z CloudEvents: Disconnected. Reconnecting ... 1762456375.494145
2025-11-06T20:38:08.5680099Z CloudEvents: Reconnected. 1762456375.5943084
2025-11-06T20:38:08.5680463Z CloudEvents: Disconnected. Reconnecting ... 1762456375.732003
2025-11-06T20:38:08.5681173Z CloudEvents: Reconnected. 1762456375.832132
2025-11-06T20:38:08.5681545Z CloudEvents: Disconnected. Reconnecting ... 1762456439.522679
2025-11-06T20:38:08.5681923Z CloudEvents: Reconnected. 1762456439.6228266
2025-11-06T20:38:08.5682300Z CloudEvents: Disconnected. Reconnecting ... 1762456483.9261227
2025-11-06T20:38:08.5682681Z CloudEvents: Reconnected. 1762456484.0262742
2025-11-06T20:38:08.5683046Z CloudEvents: Disconnected. Reconnecting ... 1762456492.745739
2025-11-06T20:38:08.5683429Z CloudEvents: Reconnected. 1762456492.845887
2025-11-06T20:38:08.5683795Z CloudEvents: Disconnected. Reconnecting ... 1762456678.293565
2025-11-06T20:38:08.5684169Z CloudEvents: Reconnected. 1762456678.3937166
2025-11-06T20:38:08.5684546Z CloudEvents: Disconnected. Reconnecting ... 1762456713.3042922
2025-11-06T20:38:08.5684925Z CloudEvents: Reconnected. 1762456713.4044483
2025-11-06T20:38:08.5685293Z CloudEvents: Disconnected. Reconnecting ... 1762456713.5432272
2025-11-06T20:38:08.5685677Z CloudEvents: Reconnected. 1762456713.6433504
2025-11-06T20:38:08.5686055Z CloudEvents: Disconnected. Reconnecting ... 1762456795.9634087
2025-11-06T20:38:08.5686578Z CloudEvents: Reconnected. 1762456796.0635815
2025-11-06T20:38:08.5686899Z CloudEvents: Disconnected. Reconnecting ... 1762456813.2118902
2025-11-06T20:38:08.5687212Z CloudEvents: Reconnected. 1762456813.3120625
2025-11-06T20:38:08.5687508Z CloudEvents: Disconnected. Reconnecting ... 1762456813.4623404
2025-11-06T20:38:08.5687815Z CloudEvents: Reconnected. 1762456813.5624766
2025-11-06T20:38:08.5688111Z CloudEvents: Disconnected. Reconnecting ... 1762456892.9536512
2025-11-06T20:38:08.5688417Z CloudEvents: Reconnected. 1762456893.0538023
2025-11-06T20:38:08.5688946Z CloudEvents: Disconnected. Reconnecting ... 1762456893.1861103
2025-11-06T20:38:08.5689259Z CloudEvents: Reconnected. 1762456893.286243
2025-11-06T20:38:08.5689558Z CloudEvents: Disconnected. Reconnecting ... 1762456894.309119
2025-11-06T20:38:08.5689869Z CloudEvents: Reconnected. 1762456894.4092708
2025-11-06T20:38:08.5690164Z CloudEvents: Disconnected. Reconnecting ... 1762456955.4394457
2025-11-06T20:38:08.5690468Z CloudEvents: Reconnected. 1762456955.5396008
2025-11-06T20:38:08.5690787Z CloudEvents: Disconnected. Reconnecting ... 1762456972.5299048
2025-11-06T20:38:08.5691098Z CloudEvents: Reconnected. 1762456972.630023
2025-11-06T20:38:08.5691403Z CloudEvents: Disconnected. Reconnecting ... 1762457071.0562923
2025-11-06T20:38:08.5691712Z CloudEvents: Reconnected. 1762457071.1564317
2025-11-06T20:38:08.5692013Z CloudEvents: Disconnected. Reconnecting ... 1762457071.2923698
2025-11-06T20:38:08.5692317Z CloudEvents: Reconnected. 1762457071.3925023
2025-11-06T20:38:08.5692617Z CloudEvents: Disconnected. Reconnecting ... 1762457126.810158
2025-11-06T20:38:08.5692923Z CloudEvents: Reconnected. 1762457126.9103212
2025-11-06T20:38:08.5693221Z CloudEvents: Disconnected. Reconnecting ... 1762457362.3019998
2025-11-06T20:38:08.5693519Z CloudEvents: Reconnected. 1762457362.4022093
2025-11-06T20:38:08.5693822Z CloudEvents: Disconnected. Reconnecting ... 1762457366.6861966
2025-11-06T20:38:08.5694124Z CloudEvents: Reconnected. 1762457366.7863932
2025-11-06T20:38:08.5694414Z CloudEvents: Disconnected. Reconnecting ... 1762457366.9172657
2025-11-06T20:38:08.5694719Z CloudEvents: Reconnected. 1762457367.0174232
2025-11-06T20:38:08.5695016Z CloudEvents: Disconnected. Reconnecting ... 1762457424.044877
2025-11-06T20:38:08.5695317Z CloudEvents: Reconnected. 1762457424.14507
2025-11-06T20:38:08.5695618Z CloudEvents: Disconnected. Reconnecting ... 1762457693.505748
2025-11-06T20:38:08.5695915Z CloudEvents: Reconnected. 1762457693.605894
2025-11-06T20:38:08.5696327Z CloudEvents: Disconnected. Reconnecting ... 1762458040.8173325
2025-11-06T20:38:08.5696634Z CloudEvents: Reconnected. 1762458040.9174902
2025-11-06T20:38:08.5696924Z CloudEvents: Disconnected. Reconnecting ... 1762458045.7671888
2025-11-06T20:38:08.5697245Z CloudEvents: Reconnected. 1762458045.8673346
2025-11-06T20:38:08.5697672Z CloudEvents: Disconnected. Reconnecting ... 1762458169.721537
2025-11-06T20:38:08.5698051Z CloudEvents: Reconnected. 1762458169.8216898
2025-11-06T20:38:08.5698385Z CloudEvents: Disconnected. Reconnecting ... 1762458225.5536034
2025-11-06T20:38:08.5698688Z CloudEvents: Reconnected. 1762458225.653783
2025-11-06T20:38:08.5698985Z CloudEvents: Disconnected. Reconnecting ... 1762458393.3409545
2025-11-06T20:38:08.5699282Z CloudEvents: Reconnected. 1762458393.441085
2025-11-06T20:38:08.5699575Z CloudEvents: Disconnected. Reconnecting ... 1762458458.4583974
2025-11-06T20:38:08.5699870Z CloudEvents: Reconnected. 1762458458.558548
2025-11-06T20:38:08.5700163Z CloudEvents: Disconnected. Reconnecting ... 1762458587.9158087
2025-11-06T20:38:08.5700471Z CloudEvents: Reconnected. 1762458588.0159578
2025-11-06T20:38:08.5700765Z CloudEvents: Disconnected. Reconnecting ... 1762458628.2026951
2025-11-06T20:38:08.5701066Z CloudEvents: Reconnected. 1762458628.3028402
2025-11-06T20:38:08.5701373Z CloudEvents: Disconnected. Reconnecting ... 1762458635.6504643
2025-11-06T20:38:08.5701670Z CloudEvents: Reconnected. 1762458635.7506335
2025-11-06T20:38:08.5701967Z CloudEvents: Disconnected. Reconnecting ... 1762458743.3701994
2025-11-06T20:38:08.5702271Z CloudEvents: Reconnected. 1762458743.4703472
2025-11-06T20:38:08.5702642Z CloudEvents: Disconnected. Reconnecting ... 1762458795.889372
2025-11-06T20:38:08.5702946Z CloudEvents: Reconnected. 1762458795.9895182
2025-11-06T20:38:08.5703241Z CloudEvents: Disconnected. Reconnecting ... 1762458824.622966
2025-11-06T20:38:08.5703537Z CloudEvents: Reconnected. 1762458824.7231138
2025-11-06T20:38:08.5703837Z CloudEvents: Disconnected. Reconnecting ... 1762458824.86606
2025-11-06T20:38:08.5704137Z CloudEvents: Reconnected. 1762458824.9661858
2025-11-06T20:38:08.5704579Z CloudEvents: Disconnected. Reconnecting ... 1762458993.3619823
2025-11-06T20:38:08.5704891Z CloudEvents: Reconnected. 1762458993.4621286
2025-11-06T20:38:08.5705187Z CloudEvents: Disconnected. Reconnecting ... 1762458993.5991938
2025-11-06T20:38:08.5705493Z CloudEvents: Reconnected. 1762458993.699327
2025-11-06T20:38:08.5705797Z CloudEvents: Disconnected. Reconnecting ... 1762459041.4919415
2025-11-06T20:38:08.5706199Z CloudEvents: Reconnected. 1762459041.592089
2025-11-06T20:38:08.5706495Z CloudEvents: Disconnected. Reconnecting ... 1762459088.705799
2025-11-06T20:38:08.5706799Z CloudEvents: Reconnected. 1762459088.8059728
2025-11-06T20:38:08.5707092Z CloudEvents: Disconnected. Reconnecting ... 1762459154.8031425
2025-11-06T20:38:08.5707396Z CloudEvents: Reconnected. 1762459154.9032862
2025-11-06T20:38:08.5707693Z CloudEvents: Disconnected. Reconnecting ... 1762459155.0341005
2025-11-06T20:38:08.5707989Z CloudEvents: Reconnected. 1762459155.1342323
2025-11-06T20:38:08.5708296Z CloudEvents: Disconnected. Reconnecting ... 1762459169.3004487
2025-11-06T20:38:08.5708610Z CloudEvents: Reconnected. 1762459169.400589
2025-11-06T20:38:08.5708946Z CloudEvents: Disconnected. Reconnecting ... 1762459210.363554
2025-11-06T20:38:08.5709269Z CloudEvents: Reconnected. 1762459210.4637115
2025-11-06T20:38:08.5709582Z CloudEvents: Disconnected. Reconnecting ... 1762459516.5111554
2025-11-06T20:38:08.5709899Z CloudEvents: Reconnected. 1762459516.611303
2025-11-06T20:38:08.5710202Z CloudEvents: Disconnected. Reconnecting ... 1762459517.290879
2025-11-06T20:38:08.5710507Z CloudEvents: Reconnected. 1762459517.3910182
2025-11-06T20:38:08.5710828Z CloudEvents: Disconnected. Reconnecting ... 1762459753.9748683
2025-11-06T20:38:08.5711150Z CloudEvents: Reconnected. 1762459754.0750248
2025-11-06T20:38:08.5711453Z CloudEvents: Disconnected. Reconnecting ... 1762459814.66365
2025-11-06T20:38:08.5711771Z CloudEvents: Reconnected. 1762459814.7637968
2025-11-06T20:38:08.5712180Z CloudEvents: Disconnected. Reconnecting ... 1762459986.2890913
2025-11-06T20:38:08.5720448Z CloudEvents: Reconnected. 1762459986.3892355
2025-11-06T20:38:08.5720801Z CloudEvents: Disconnected. Reconnecting ... 1762460162.2990646
2025-11-06T20:38:08.5721319Z CloudEvents: Reconnected. 1762460162.3992038
2025-11-06T20:38:08.5721629Z CloudEvents: Disconnected. Reconnecting ... 1762460192.421222
2025-11-06T20:38:08.5721952Z CloudEvents: Reconnected. 1762460192.5213675
2025-11-06T20:38:08.5722262Z CloudEvents: Disconnected. Reconnecting ... 1762460264.4870818
2025-11-06T20:38:08.5722568Z CloudEvents: Reconnected. 1762460264.5872262
2025-11-06T20:38:08.5722867Z CloudEvents: Disconnected. Reconnecting ... 1762460264.7192538
2025-11-06T20:38:08.5723173Z CloudEvents: Reconnected. 1762460264.8193822
2025-11-06T20:38:08.5723466Z CloudEvents: Disconnected. Reconnecting ... 1762460264.9580605
2025-11-06T20:38:08.5723772Z CloudEvents: Reconnected. 1762460265.0581872
2025-11-06T20:38:08.5724063Z CloudEvents: Disconnected. Reconnecting ... 1762460537.9615886
2025-11-06T20:38:08.5724378Z CloudEvents: Reconnected. 1762460538.0617268
2025-11-06T20:38:08.5724682Z CloudEvents: Disconnected. Reconnecting ... 1762460663.327142
2025-11-06T20:38:08.5724981Z CloudEvents: Reconnected. 1762460663.4272842
2025-11-06T20:38:08.5725284Z CloudEvents: Disconnected. Reconnecting ... 1762460702.1930754
2025-11-06T20:38:08.5725586Z CloudEvents: Reconnected. 1762460702.2932138
2025-11-06T20:38:08.5725878Z CloudEvents: Disconnected. Reconnecting ... 1762460717.0985181
2025-11-06T20:38:08.5726334Z CloudEvents: Reconnected. 1762460717.1986723
2025-11-06T20:38:08.5726635Z CloudEvents: Disconnected. Reconnecting ... 1762460717.3437676
2025-11-06T20:38:08.5726933Z CloudEvents: Reconnected. 1762460717.4438944
2025-11-06T20:38:08.5727232Z CloudEvents: Disconnected. Reconnecting ... 1762460717.5935175
2025-11-06T20:38:08.5727534Z CloudEvents: Reconnected. 1762460717.6936555
2025-11-06T20:38:08.5727828Z CloudEvents: Disconnected. Reconnecting ... 1762460717.8258646
2025-11-06T20:38:08.5728262Z CloudEvents: Reconnected. 1762460717.9259975
2025-11-06T20:38:08.5728560Z CloudEvents: Disconnected. Reconnecting ... 1762460733.049057
2025-11-06T20:38:08.5728863Z CloudEvents: Reconnected. 1762460733.149205
2025-11-06T20:38:08.5729173Z CloudEvents: Disconnected. Reconnecting ... 1762460733.282919
2025-11-06T20:38:08.5729466Z CloudEvents: Reconnected. 1762460733.383046
2025-11-06T20:38:08.5729763Z CloudEvents: Disconnected. Reconnecting ... 1762460752.7343726
2025-11-06T20:38:08.5730068Z CloudEvents: Reconnected. 1762460752.8345196
2025-11-06T20:38:08.5730360Z CloudEvents: Disconnected. Reconnecting ... 1762461141.7360322
2025-11-06T20:38:08.5730667Z CloudEvents: Reconnected. 1762461141.8361838
2025-11-06T20:38:08.5730965Z CloudEvents: Disconnected. Reconnecting ... 1762461285.6438134
2025-11-06T20:38:08.5731264Z CloudEvents: Reconnected. 1762461285.7439523
2025-11-06T20:38:08.5731571Z CloudEvents: Disconnected. Reconnecting ... 1762461291.1314921
2025-11-06T20:38:08.5731878Z CloudEvents: Reconnected. 1762461291.231657
2025-11-06T20:38:08.5732169Z CloudEvents: Disconnected. Reconnecting ... 1762461394.0904284
2025-11-06T20:38:08.5732474Z CloudEvents: Reconnected. 1762461394.19059
2025-11-06T20:38:08.5732766Z CloudEvents: Disconnected. Reconnecting ... 1762461408.5300744
2025-11-06T20:38:08.5733076Z CloudEvents: Reconnected. 1762461408.6302197
2025-11-06T22:58:10.6828322Z CloudEvents: Disconnected. Reconnecting ... 1762461488.5671186
2025-11-06T22:58:10.6829201Z CloudEvents: Reconnected. 1762461488.667337
2025-11-06T22:58:10.6830035Z CloudEvents: Disconnected. Reconnecting ... 1762461488.80937
2025-11-06T22:58:10.6830794Z CloudEvents: Reconnected. 1762461488.9094956
2025-11-06T22:58:10.6831535Z CloudEvents: Disconnected. Reconnecting ... 1762461609.5478396
2025-11-06T22:58:10.6832278Z CloudEvents: Reconnected. 1762461609.6480007
2025-11-06T22:58:10.6833009Z CloudEvents: Disconnected. Reconnecting ... 1762461740.9507287
2025-11-06T22:58:10.6833747Z CloudEvents: Reconnected. 1762461741.0508723
2025-11-06T22:58:10.6834372Z CloudEvents: Disconnected. Reconnecting ... 1762461794.5264645
2025-11-06T22:58:10.6834841Z CloudEvents: Reconnected. 1762461794.6266408
2025-11-06T22:58:10.6835297Z CloudEvents: Disconnected. Reconnecting ... 1762462292.0992439
2025-11-06T22:58:10.6836340Z CloudEvents: Reconnected. 1762462292.1993885
2025-11-06T22:58:10.6836684Z CloudEvents: Disconnected. Reconnecting ... 1762462598.7479024
2025-11-06T22:58:10.6837004Z CloudEvents: Reconnected. 1762462598.848045
2025-11-06T22:58:10.6837312Z CloudEvents: Disconnected. Reconnecting ... 1762462699.883802
2025-11-06T22:58:10.6837626Z CloudEvents: Reconnected. 1762462699.983931
2025-11-06T22:58:10.6837922Z CloudEvents: Disconnected. Reconnecting ... 1762462730.630569
2025-11-06T22:58:10.6838272Z CloudEvents: Reconnected. 1762462730.730727
2025-11-06T22:58:10.6838565Z CloudEvents: Disconnected. Reconnecting ... 1762462939.2135699
2025-11-06T22:58:10.6838877Z CloudEvents: Reconnected. 1762462939.3136969
2025-11-06T22:58:10.6839179Z CloudEvents: Disconnected. Reconnecting ... 1762463087.8875947
2025-11-06T22:58:10.6839484Z CloudEvents: Reconnected. 1762463087.9877877
2025-11-06T22:58:10.6839783Z CloudEvents: Disconnected. Reconnecting ... 1762463088.1326048
2025-11-06T22:58:10.6840089Z CloudEvents: Reconnected. 1762463088.2327614
2025-11-06T22:58:10.6840390Z CloudEvents: Disconnected. Reconnecting ... 1762463173.1373053
2025-11-06T22:58:10.6840693Z CloudEvents: Reconnected. 1762463173.2374532
2025-11-06T22:58:10.6840983Z CloudEvents: Disconnected. Reconnecting ... 1762463173.3709893
2025-11-06T22:58:10.6841325Z CloudEvents: Reconnected. 1762463173.4711022
2025-11-06T22:58:10.6841624Z CloudEvents: Disconnected. Reconnecting ... 1762463181.047845
2025-11-06T22:58:10.6841919Z CloudEvents: Reconnected. 1762463181.1479938
2025-11-06T22:58:10.6842318Z CloudEvents: Disconnected. Reconnecting ... 1762463188.8487473
2025-11-06T22:58:10.6842807Z CloudEvents: Reconnected. 1762463188.9488916
2025-11-06T22:58:10.6843554Z CloudEvents: Disconnected. Reconnecting ... 1762463205.6345892
2025-11-06T22:58:10.6844130Z CloudEvents: Reconnected. 1762463205.7347672
2025-11-06T22:58:10.6844680Z CloudEvents: Disconnected. Reconnecting ... 1762463576.0112143
2025-11-06T22:58:10.6845241Z CloudEvents: Reconnected. 1762463576.1113534
2025-11-06T22:58:10.6845893Z CloudEvents: Disconnected. Reconnecting ... 1762463610.3525937
2025-11-06T22:58:10.6846433Z CloudEvents: Reconnected. 1762463610.4527385
2025-11-06T22:58:10.6846751Z CloudEvents: Disconnected. Reconnecting ... 1762463956.3382583
2025-11-06T22:58:10.6847062Z CloudEvents: Reconnected. 1762463956.4384065
2025-11-06T22:58:10.6847357Z CloudEvents: Disconnected. Reconnecting ... 1762464146.6242616
2025-11-06T22:58:10.6847660Z CloudEvents: Reconnected. 1762464146.7243981
2025-11-06T22:58:10.6847958Z CloudEvents: Disconnected. Reconnecting ... 1762464154.972688
2025-11-06T22:58:10.6848257Z CloudEvents: Reconnected. 1762464155.0728335
2025-11-06T22:58:10.6848556Z CloudEvents: Disconnected. Reconnecting ... 1762464393.5107987
2025-11-06T22:58:10.6848873Z CloudEvents: Reconnected. 1762464393.6109512
2025-11-06T22:58:10.6849169Z CloudEvents: Disconnected. Reconnecting ... 1762464475.761919
2025-11-06T22:58:10.6849472Z CloudEvents: Reconnected. 1762464475.862064
2025-11-06T22:58:10.6849772Z CloudEvents: Disconnected. Reconnecting ... 1762464475.9997797
2025-11-06T22:58:10.6850076Z CloudEvents: Reconnected. 1762464476.0999074
2025-11-06T22:58:10.6850373Z CloudEvents: Disconnected. Reconnecting ... 1762464476.2293856
2025-11-06T22:58:10.6850673Z CloudEvents: Reconnected. 1762464476.3295228
2025-11-06T22:58:10.6850969Z CloudEvents: Disconnected. Reconnecting ... 1762464499.6951473
2025-11-06T22:58:10.6851274Z CloudEvents: Reconnected. 1762464499.7953324
2025-11-06T22:58:10.6851568Z CloudEvents: Disconnected. Reconnecting ... 1762464509.1646545
2025-11-06T22:58:10.6851877Z CloudEvents: Reconnected. 1762464509.264803
2025-11-06T22:58:10.6852174Z CloudEvents: Disconnected. Reconnecting ... 1762464613.5857198
2025-11-06T22:58:10.6852479Z CloudEvents: Reconnected. 1762464613.6858656
2025-11-06T22:58:10.6852793Z CloudEvents: Disconnected. Reconnecting ... 1762464613.8314934
2025-11-06T22:58:10.6853110Z CloudEvents: Reconnected. 1762464613.9316494
2025-11-06T22:58:10.6853410Z CloudEvents: Disconnected. Reconnecting ... 1762464614.071111
2025-11-06T22:58:10.6853883Z CloudEvents: Reconnected. 1762464614.1712458
2025-11-06T22:58:10.6854182Z CloudEvents: Disconnected. Reconnecting ... 1762465111.1357272
2025-11-06T22:58:10.6854489Z CloudEvents: Reconnected. 1762465111.235878
2025-11-06T22:58:10.6854795Z CloudEvents: Disconnected. Reconnecting ... 1762465145.6257603
2025-11-06T22:58:10.6855095Z CloudEvents: Reconnected. 1762465145.7259023
2025-11-06T22:58:10.6855391Z CloudEvents: Disconnected. Reconnecting ... 1762465149.4745972
2025-11-06T22:58:10.6855698Z CloudEvents: Reconnected. 1762465149.574796
2025-11-06T22:58:10.6855990Z CloudEvents: Disconnected. Reconnecting ... 1762465154.2448778
2025-11-06T22:58:10.6856403Z CloudEvents: Reconnected. 1762465154.3450265
2025-11-06T22:58:10.6856705Z CloudEvents: Disconnected. Reconnecting ... 1762465167.6133063
2025-11-06T22:58:10.6857006Z CloudEvents: Reconnected. 1762465167.7134578
2025-11-06T22:58:10.6857306Z CloudEvents: Disconnected. Reconnecting ... 1762465453.352034
2025-11-06T22:58:10.6857616Z CloudEvents: Reconnected. 1762465453.452185
2025-11-06T22:58:10.6857904Z CloudEvents: Disconnected. Reconnecting ... 1762465645.887909
2025-11-06T22:58:10.6858207Z CloudEvents: Reconnected. 1762465645.9880335
2025-11-06T22:58:10.6858499Z CloudEvents: Disconnected. Reconnecting ... 1762466058.533958
2025-11-06T22:58:10.6858798Z CloudEvents: Reconnected. 1762466058.6341023
2025-11-06T22:58:10.6859094Z CloudEvents: Disconnected. Reconnecting ... 1762466522.4031293
2025-11-06T22:58:10.6859405Z CloudEvents: Reconnected. 1762466522.503274
2025-11-06T22:58:10.6859716Z CloudEvents: Disconnected. Reconnecting ... 1762466543.0253866
2025-11-06T22:58:10.6860032Z CloudEvents: Reconnected. 1762466543.1255405
2025-11-06T22:58:10.6861793Z CloudEvents: Disconnected. Reconnecting ... 1762466548.7284715
2025-11-06T22:58:10.6862194Z CloudEvents: Reconnected. 1762466548.8286307
2025-11-06T22:58:10.6862524Z CloudEvents: Disconnected. Reconnecting ... 1762466629.1349936
2025-11-06T22:58:10.6862866Z CloudEvents: Reconnected. 1762466629.235139
2025-11-06T22:58:10.6863424Z CloudEvents: Disconnected. Reconnecting ... 1762466729.6888804
2025-11-06T22:58:10.6864005Z CloudEvents: Reconnected. 1762466729.789026
2025-11-06T22:58:10.6864524Z CloudEvents: Disconnected. Reconnecting ... 1762466777.138492
2025-11-06T22:58:10.6864843Z CloudEvents: Reconnected. 1762466777.2386608
2025-11-06T22:58:10.6865143Z CloudEvents: Disconnected. Reconnecting ... 1762466779.703053
2025-11-06T22:58:10.6865448Z CloudEvents: Reconnected. 1762466779.8031967
2025-11-06T22:58:10.6865759Z CloudEvents: Disconnected. Reconnecting ... 1762466779.9297056
2025-11-06T22:58:10.6866299Z CloudEvents: Reconnected. 1762466780.029831
2025-11-06T22:58:10.6866630Z CloudEvents: Disconnected. Reconnecting ... 1762466904.424835
2025-11-06T22:58:10.6866939Z CloudEvents: Reconnected. 1762466904.524988
2025-11-06T22:58:10.6867232Z CloudEvents: Disconnected. Reconnecting ... 1762466957.5852265
2025-11-06T22:58:10.6867541Z CloudEvents: Reconnected. 1762466957.6853714
2025-11-06T22:58:10.6867845Z CloudEvents: Disconnected. Reconnecting ... 1762467151.0876813
2025-11-06T22:58:10.6868139Z CloudEvents: Reconnected. 1762467151.187832
2025-11-06T22:58:10.6868432Z CloudEvents: Disconnected. Reconnecting ... 1762467179.764238
2025-11-06T22:58:10.6868735Z CloudEvents: Reconnected. 1762467179.8643866
2025-11-06T22:58:10.6869028Z CloudEvents: Disconnected. Reconnecting ... 1762467273.4782498
2025-11-06T22:58:10.6869330Z CloudEvents: Reconnected. 1762467273.5784054
2025-11-06T22:58:10.6869624Z CloudEvents: Disconnected. Reconnecting ... 1762467280.045478
2025-11-06T22:58:10.6869929Z CloudEvents: Reconnected. 1762467280.1456482
2025-11-06T22:58:10.6870225Z CloudEvents: Disconnected. Reconnecting ... 1762467290.135028
2025-11-06T22:58:10.6870525Z CloudEvents: Reconnected. 1762467290.2351701
2025-11-06T22:58:10.6870824Z CloudEvents: Disconnected. Reconnecting ... 1762467678.5452554
2025-11-06T22:58:10.6871128Z CloudEvents: Reconnected. 1762467678.6454146
2025-11-06T22:58:10.6871763Z CloudEvents: Disconnected. Reconnecting ... 1762467813.7320404
2025-11-06T22:58:10.6872073Z CloudEvents: Reconnected. 1762467813.8321877
2025-11-06T22:58:10.6872374Z CloudEvents: Disconnected. Reconnecting ... 1762467818.4249835
2025-11-06T22:58:10.6872674Z CloudEvents: Reconnected. 1762467818.5251439
2025-11-06T22:58:10.6872969Z CloudEvents: Disconnected. Reconnecting ... 1762467823.587439
2025-11-06T22:58:10.6873270Z CloudEvents: Reconnected. 1762467823.687585
2025-11-06T22:58:10.6873558Z CloudEvents: Disconnected. Reconnecting ... 1762468206.5390728
2025-11-06T22:58:10.6873865Z CloudEvents: Reconnected. 1762468206.6392798
2025-11-06T22:58:10.6874154Z CloudEvents: Disconnected. Reconnecting ... 1762468206.8093112
2025-11-06T22:58:10.6874461Z CloudEvents: Reconnected. 1762468206.909507
2025-11-06T22:58:10.6874753Z CloudEvents: Disconnected. Reconnecting ... 1762468442.604928
2025-11-06T22:58:10.6875047Z CloudEvents: Reconnected. 1762468442.7050722
2025-11-06T22:58:10.6875343Z CloudEvents: Disconnected. Reconnecting ... 1762468614.5100408
2025-11-06T22:58:10.6875650Z CloudEvents: Reconnected. 1762468614.6102042
2025-11-06T22:58:10.6875952Z CloudEvents: Disconnected. Reconnecting ... 1762468941.2466023
2025-11-06T22:58:10.6876467Z CloudEvents: Reconnected. 1762468941.3467646
2025-11-06T22:58:10.6876767Z CloudEvents: Disconnected. Reconnecting ... 1762468941.4793332
2025-11-06T22:58:10.6877063Z CloudEvents: Reconnected. 1762468941.5794604
2025-11-06T22:58:10.6877357Z CloudEvents: Disconnected. Reconnecting ... 1762468956.3395553
2025-11-06T22:58:10.6877690Z CloudEvents: Reconnected. 1762468956.4397013
2025-11-06T22:58:10.6877989Z CloudEvents: Disconnected. Reconnecting ... 1762468967.5658507
2025-11-06T22:58:10.6878286Z CloudEvents: Reconnected. 1762468967.6659992
2025-11-06T22:58:10.6878713Z CloudEvents: Disconnected. Reconnecting ... 1762468967.8036516
2025-11-06T22:58:10.6879020Z CloudEvents: Reconnected. 1762468967.9037755
2025-11-06T22:58:10.6879310Z CloudEvents: Disconnected. Reconnecting ... 1762468968.0429828
2025-11-06T22:58:10.6879618Z CloudEvents: Reconnected. 1762468968.1431537
2025-11-06T22:58:10.6879915Z CloudEvents: Disconnected. Reconnecting ... 1762468991.1799555
2025-11-06T22:58:10.6880210Z CloudEvents: Reconnected. 1762468991.280083
2025-11-06T22:58:10.6880505Z CloudEvents: Disconnected. Reconnecting ... 1762469040.2911305
2025-11-06T22:58:10.6880806Z CloudEvents: Reconnected. 1762469040.3912797
2025-11-06T22:58:10.6881096Z CloudEvents: Disconnected. Reconnecting ... 1762469549.1741686
2025-11-06T22:58:10.6881394Z CloudEvents: Reconnected. 1762469549.274321
2025-11-06T22:58:10.6881681Z CloudEvents: Disconnected. Reconnecting ... 1762469617.642056
2025-11-06T22:58:10.6881982Z CloudEvents: Reconnected. 1762469617.7421992
2025-11-06T22:58:10.6882283Z CloudEvents: Disconnected. Reconnecting ... 1762469620.6499784
2025-11-06T22:58:10.6882582Z CloudEvents: Reconnected. 1762469620.7501185
2025-11-06T22:58:10.6882876Z CloudEvents: Disconnected. Reconnecting ... 1762469620.881464
2025-11-06T22:58:10.6883182Z CloudEvents: Reconnected. 1762469620.9815893
2025-11-06T22:58:10.6883474Z CloudEvents: Disconnected. Reconnecting ... 1762469694.7825236
2025-11-06T22:58:10.6883775Z CloudEvents: Reconnected. 1762469694.8826807
2025-11-06T22:58:10.6884072Z CloudEvents: Disconnected. Reconnecting ... 1762469774.2173283
2025-11-06T22:58:10.6884368Z CloudEvents: Reconnected. 1762469774.3174703
2025-11-06T22:58:10.6884660Z CloudEvents: Disconnected. Reconnecting ... 1762469890.582417
2025-11-07T00:53:02.5441108Z CloudEvents: Reconnected.
2025-11-07T00:53:02.5495856Z Post job cleanup.
2025-11-07T00:53:02.6290244Z [command]/usr/bin/git version
2025-11-07T00:53:02.6324565Z git version 2.51.2
2025-11-07T00:53:02.6359957Z Temporarily overriding HOME='/home/runner/work/_temp/f002500a-d89c-44b8-9199-48de957cd8f2' before making global git config changes
2025-11-07T00:53:02.6361232Z Adding repository directory to the temporary git global config as a safe directory
2025-11-07T00:53:02.6365567Z [command]/usr/bin/git config --global --add safe.directory /home/runner/work/scratchattach/scratchattach
2025-11-07T00:53:02.6399446Z [command]/usr/bin/git config --local --name-only --get-regexp core\.sshCommand
2025-11-07T00:53:02.6431662Z [command]/usr/bin/git submodule foreach --recursive sh -c "git config --local --name-only --get-regexp 'core\.sshCommand' && git config --local --unset-all 'core.sshCommand' || :"
2025-11-07T00:53:02.6653119Z [command]/usr/bin/git config --local --name-only --get-regexp http\.https\:\/\/github\.com\/\.extraheader
2025-11-07T00:53:02.6674239Z http.https://github.com/.extraheader
2025-11-07T00:53:02.6683364Z [command]/usr/bin/git config --local --unset-all http.https://github.com/.extraheader
2025-11-07T00:53:02.6713387Z [command]/usr/bin/git submodule foreach --recursive sh -c "git config --local --name-only --get-regexp 'http\.https\:\/\/github\.com\/\.extraheader' && git config --local --unset-all 'http.https://github.com/.extraheader' || :"
2025-11-07T00:53:02.7036365Z Post job cleanup.
2025-11-07T00:53:02.8157450Z (node:5507) [DEP0040] DeprecationWarning: The `punycode` module is deprecated. Please use a userland alternative instead.
2025-11-07T00:53:02.8158626Z (Use `node --trace-deprecation ...` to show where the warning was created)
2025-11-07T00:53:02.8288373Z Post job cleanup.
2025-11-07T00:53:02.9049683Z [command]/usr/bin/git version
2025-11-07T00:53:02.9120051Z git version 2.51.2
2025-11-07T00:53:02.9157333Z Temporarily overriding HOME='/home/runner/work/_temp/260005ff-85e0-4bc5-8b0d-a676daad8619' before making global git config changes
2025-11-07T00:53:02.9158673Z Adding repository directory to the temporary git global config as a safe directory
2025-11-07T00:53:02.9163409Z [command]/usr/bin/git config --global --add safe.directory /home/runner/work/scratchattach/scratchattach
2025-11-07T00:53:02.9199665Z [command]/usr/bin/git config --local --name-only --get-regexp core\.sshCommand
2025-11-07T00:53:02.9233092Z [command]/usr/bin/git submodule foreach --recursive sh -c "git config --local --name-only --get-regexp 'core\.sshCommand' && git config --local --unset-all 'core.sshCommand' || :"
2025-11-07T00:53:02.9532639Z [command]/usr/bin/git config --local --name-only --get-regexp http\.https\:\/\/github\.com\/\.extraheader
2025-11-07T00:53:02.9577947Z [command]/usr/bin/git submodule foreach --recursive sh -c "git config --local --name-only --get-regexp 'http\.https\:\/\/github\.com\/\.extraheader' && git config --local --unset-all 'http.https://github.com/.extraheader' || :"
2025-11-07T00:53:03.0046298Z Cleaning up orphan processes
