2026-01-04T03:52:02.8970408Z Current runner version: '2.330.0'
2026-01-04T03:52:02.8993761Z ##[group]Runner Image Provisioner
2026-01-04T03:52:02.8994648Z Hosted Compute Agent
2026-01-04T03:52:02.8995276Z Version: 20251211.462
2026-01-04T03:52:02.8995906Z Commit: 6cbad8c2bb55d58165063d031ccabf57e2d2db61
2026-01-04T03:52:02.8996832Z Build Date: 2025-12-11T16:28:49Z
2026-01-04T03:52:02.8997589Z Worker ID: {6d03fabb-746d-4817-8522-db93ac6d822f}
2026-01-04T03:52:02.8998288Z ##[endgroup]
2026-01-04T03:52:02.8998802Z ##[group]Operating System
2026-01-04T03:52:02.8999384Z Ubuntu
2026-01-04T03:52:02.8999821Z 24.04.3
2026-01-04T03:52:02.9000271Z LTS
2026-01-04T03:52:02.9000767Z ##[endgroup]
2026-01-04T03:52:02.9001264Z ##[group]Runner Image
2026-01-04T03:52:02.9001805Z Image: ubuntu-24.04
2026-01-04T03:52:02.9002341Z Version: 20251215.174.1
2026-01-04T03:52:02.9003408Z Included Software: https://github.com/actions/runner-images/blob/ubuntu24/20251215.174/images/ubuntu/Ubuntu2404-Readme.md
2026-01-04T03:52:02.9004920Z Image Release: https://github.com/actions/runner-images/releases/tag/ubuntu24%2F20251215.174
2026-01-04T03:52:02.9005996Z ##[endgroup]
2026-01-04T03:52:02.9007178Z ##[group]GITHUB_TOKEN Permissions
2026-01-04T03:52:02.9009319Z Contents: write
2026-01-04T03:52:02.9009878Z Metadata: read
2026-01-04T03:52:02.9010341Z ##[endgroup]
2026-01-04T03:52:02.9012456Z Secret source: Actions
2026-01-04T03:52:02.9013139Z Prepare workflow directory
2026-01-04T03:52:02.9399502Z Prepare all required actions
2026-01-04T03:52:02.9438087Z Getting action download info
2026-01-04T03:52:03.3361375Z Download action repository 'actions/checkout@v6.0.1' (SHA:8e8c483db84b4bee98b60c0593521ed34d9990e8)
2026-01-04T03:52:03.4273289Z Download action repository 'actions/setup-python@v6.1.0' (SHA:83679a892e2d95755f2dac6acb0bfd1e9ac5d548)
2026-01-04T03:52:03.6185331Z Complete job name: Run Prioritzing Handler
2026-01-04T03:52:03.6893795Z ##[group]Run actions/checkout@v6.0.1
2026-01-04T03:52:03.6894730Z with:
2026-01-04T03:52:03.6895148Z   ref: main
2026-01-04T03:52:03.6895613Z   repository: Boss-1s/scratchattach
2026-01-04T03:52:03.6896322Z   token: ***
2026-01-04T03:52:03.6896918Z   ssh-strict: true
2026-01-04T03:52:03.6897358Z   ssh-user: git
2026-01-04T03:52:03.6897795Z   persist-credentials: true
2026-01-04T03:52:03.6898277Z   clean: true
2026-01-04T03:52:03.6898717Z   sparse-checkout-cone-mode: true
2026-01-04T03:52:03.6899232Z   fetch-depth: 1
2026-01-04T03:52:03.6899654Z   fetch-tags: false
2026-01-04T03:52:03.6900094Z   show-progress: true
2026-01-04T03:52:03.6900526Z   lfs: false
2026-01-04T03:52:03.6900923Z   submodules: false
2026-01-04T03:52:03.6901360Z   set-safe-directory: true
2026-01-04T03:52:03.6902251Z ##[endgroup]
2026-01-04T03:52:03.7818636Z Syncing repository: Boss-1s/scratchattach
2026-01-04T03:52:03.7820702Z ##[group]Getting Git version info
2026-01-04T03:52:03.7821603Z Working directory is '/home/runner/work/scratchattach/scratchattach'
2026-01-04T03:52:03.7822707Z [command]/usr/bin/git version
2026-01-04T03:52:03.7876643Z git version 2.52.0
2026-01-04T03:52:03.7896807Z ##[endgroup]
2026-01-04T03:52:03.7911238Z Temporarily overriding HOME='/home/runner/work/_temp/cbdb8d4c-2ae4-44b9-8291-08920e24b54a' before making global git config changes
2026-01-04T03:52:03.7912695Z Adding repository directory to the temporary git global config as a safe directory
2026-01-04T03:52:03.7916340Z [command]/usr/bin/git config --global --add safe.directory /home/runner/work/scratchattach/scratchattach
2026-01-04T03:52:03.7957190Z Deleting the contents of '/home/runner/work/scratchattach/scratchattach'
2026-01-04T03:52:03.7960242Z ##[group]Initializing the repository
2026-01-04T03:52:03.7964995Z [command]/usr/bin/git init /home/runner/work/scratchattach/scratchattach
2026-01-04T03:52:03.8066106Z hint: Using 'master' as the name for the initial branch. This default branch name
2026-01-04T03:52:03.8067685Z hint: will change to "main" in Git 3.0. To configure the initial branch name
2026-01-04T03:52:03.8068715Z hint: to use in all of your new repositories, which will suppress this warning,
2026-01-04T03:52:03.8070408Z hint: call:
2026-01-04T03:52:03.8070994Z hint:
2026-01-04T03:52:03.8071785Z hint: 	git config --global init.defaultBranch <name>
2026-01-04T03:52:03.8072809Z hint:
2026-01-04T03:52:03.8074043Z hint: Names commonly chosen instead of 'master' are 'main', 'trunk' and
2026-01-04T03:52:03.8075811Z hint: 'development'. The just-created branch can be renamed via this command:
2026-01-04T03:52:03.8077110Z hint:
2026-01-04T03:52:03.8077584Z hint: 	git branch -m <name>
2026-01-04T03:52:03.8078065Z hint:
2026-01-04T03:52:03.8078992Z hint: Disable this message with "git config set advice.defaultBranchName false"
2026-01-04T03:52:03.8080828Z Initialized empty Git repository in /home/runner/work/scratchattach/scratchattach/.git/
2026-01-04T03:52:03.8082608Z [command]/usr/bin/git remote add origin https://github.com/Boss-1s/scratchattach
2026-01-04T03:52:03.8145762Z ##[endgroup]
2026-01-04T03:52:03.8146738Z ##[group]Disabling automatic garbage collection
2026-01-04T03:52:03.8149502Z [command]/usr/bin/git config --local gc.auto 0
2026-01-04T03:52:03.8176937Z ##[endgroup]
2026-01-04T03:52:03.8178023Z ##[group]Setting up auth
2026-01-04T03:52:03.8178805Z Removing SSH command configuration
2026-01-04T03:52:03.8183690Z [command]/usr/bin/git config --local --name-only --get-regexp core\.sshCommand
2026-01-04T03:52:03.8215035Z [command]/usr/bin/git submodule foreach --recursive sh -c "git config --local --name-only --get-regexp 'core\.sshCommand' && git config --local --unset-all 'core.sshCommand' || :"
2026-01-04T03:52:03.8564207Z Removing HTTP extra header
2026-01-04T03:52:03.8569370Z [command]/usr/bin/git config --local --name-only --get-regexp http\.https\:\/\/github\.com\/\.extraheader
2026-01-04T03:52:03.8598484Z [command]/usr/bin/git submodule foreach --recursive sh -c "git config --local --name-only --get-regexp 'http\.https\:\/\/github\.com\/\.extraheader' && git config --local --unset-all 'http.https://github.com/.extraheader' || :"
2026-01-04T03:52:03.8817776Z Removing includeIf entries pointing to credentials config files
2026-01-04T03:52:03.8824540Z [command]/usr/bin/git config --local --name-only --get-regexp ^includeIf\.gitdir:
2026-01-04T03:52:03.8862115Z [command]/usr/bin/git submodule foreach --recursive git config --local --show-origin --name-only --get-regexp remote.origin.url
2026-01-04T03:52:03.9086970Z [command]/usr/bin/git config --file /home/runner/work/_temp/git-credentials-06c708e6-2f25-4471-8c78-c42303740bf0.config http.https://github.com/.extraheader AUTHORIZATION: basic ***
2026-01-04T03:52:03.9122742Z [command]/usr/bin/git config --local includeIf.gitdir:/home/runner/work/scratchattach/scratchattach/.git.path /home/runner/work/_temp/git-credentials-06c708e6-2f25-4471-8c78-c42303740bf0.config
2026-01-04T03:52:03.9152155Z [command]/usr/bin/git config --local includeIf.gitdir:/home/runner/work/scratchattach/scratchattach/.git/worktrees/*.path /home/runner/work/_temp/git-credentials-06c708e6-2f25-4471-8c78-c42303740bf0.config
2026-01-04T03:52:03.9181998Z [command]/usr/bin/git config --local includeIf.gitdir:/github/workspace/.git.path /github/runner_temp/git-credentials-06c708e6-2f25-4471-8c78-c42303740bf0.config
2026-01-04T03:52:03.9213328Z [command]/usr/bin/git config --local includeIf.gitdir:/github/workspace/.git/worktrees/*.path /github/runner_temp/git-credentials-06c708e6-2f25-4471-8c78-c42303740bf0.config
2026-01-04T03:52:03.9241019Z ##[endgroup]
2026-01-04T03:52:03.9241964Z ##[group]Fetching the repository
2026-01-04T03:52:03.9249989Z [command]/usr/bin/git -c protocol.version=2 fetch --no-tags --prune --no-recurse-submodules --depth=1 origin +refs/heads/main*:refs/remotes/origin/main* +refs/tags/main*:refs/tags/main*
2026-01-04T03:52:12.0393782Z From https://github.com/Boss-1s/scratchattach
2026-01-04T03:52:12.0395473Z  * [new branch]      main       -> origin/main
2026-01-04T03:52:12.0422310Z ##[endgroup]
2026-01-04T03:52:12.0424029Z ##[group]Determining the checkout info
2026-01-04T03:52:12.0430108Z [command]/usr/bin/git branch --list --remote origin/main
2026-01-04T03:52:12.0461263Z   origin/main
2026-01-04T03:52:12.0466403Z ##[endgroup]
2026-01-04T03:52:12.0470246Z [command]/usr/bin/git sparse-checkout disable
2026-01-04T03:52:12.0510167Z [command]/usr/bin/git config --local --unset-all extensions.worktreeConfig
2026-01-04T03:52:12.0538260Z ##[group]Checking out the ref
2026-01-04T03:52:12.0541451Z [command]/usr/bin/git checkout --progress --force -B main refs/remotes/origin/main
2026-01-04T03:52:13.2148088Z Updating files:  91% (2611/2846)
2026-01-04T03:52:13.4196023Z Updating files:  92% (2619/2846)
2026-01-04T03:52:13.7142046Z Updating files:  93% (2647/2846)
2026-01-04T03:52:13.7173530Z Updating files:  94% (2676/2846)
2026-01-04T03:52:13.7207110Z Updating files:  95% (2704/2846)
2026-01-04T03:52:13.9162507Z Updating files:  96% (2733/2846)
2026-01-04T03:52:13.9190883Z Updating files:  97% (2761/2846)
2026-01-04T03:52:14.1044645Z Updating files:  98% (2790/2846)
2026-01-04T03:52:14.1395289Z Updating files:  98% (2812/2846)
2026-01-04T03:52:14.4373735Z Updating files:  99% (2818/2846)
2026-01-04T03:52:14.4374581Z Updating files: 100% (2846/2846)
2026-01-04T03:52:14.4375058Z Updating files: 100% (2846/2846), done.
2026-01-04T03:52:14.4410246Z Switched to a new branch 'main'
2026-01-04T03:52:14.4413783Z branch 'main' set up to track 'origin/main'.
2026-01-04T03:52:14.4516880Z ##[endgroup]
2026-01-04T03:52:14.4563834Z [command]/usr/bin/git log -1 --format=%H
2026-01-04T03:52:14.4589390Z f9867de43a96a0d9d31b27d91e826a37a90adc39
2026-01-04T03:52:14.4819520Z ##[group]Run actions/setup-python@v6.1.0
2026-01-04T03:52:14.4819857Z with:
2026-01-04T03:52:14.4820067Z   python-version: 3.13
2026-01-04T03:52:14.4820291Z   check-latest: false
2026-01-04T03:52:14.4820621Z   token: ***
2026-01-04T03:52:14.4820820Z   update-environment: true
2026-01-04T03:52:14.4821060Z   allow-prereleases: false
2026-01-04T03:52:14.4821279Z   freethreaded: false
2026-01-04T03:52:14.4821473Z ##[endgroup]
2026-01-04T03:52:14.6059747Z ##[group]Installed versions
2026-01-04T03:52:14.6162702Z (node:2115) [DEP0040] DeprecationWarning: The `punycode` module is deprecated. Please use a userland alternative instead.
2026-01-04T03:52:14.6163518Z (Use `node --trace-deprecation ...` to show where the warning was created)
2026-01-04T03:52:14.6164316Z Successfully set up CPython (3.13.11)
2026-01-04T03:52:14.6165095Z ##[endgroup]
2026-01-04T03:52:14.6291934Z ##[group]Run pip install -r requirements.txt
2026-01-04T03:52:14.6292331Z [36;1mpip install -r requirements.txt[0m
2026-01-04T03:52:14.6339744Z shell: /usr/bin/bash -e {0}
2026-01-04T03:52:14.6339996Z env:
2026-01-04T03:52:14.6340263Z   pythonLocation: /opt/hostedtoolcache/Python/3.13.11/x64
2026-01-04T03:52:14.6340708Z   PKG_CONFIG_PATH: /opt/hostedtoolcache/Python/3.13.11/x64/lib/pkgconfig
2026-01-04T03:52:14.6341117Z   Python_ROOT_DIR: /opt/hostedtoolcache/Python/3.13.11/x64
2026-01-04T03:52:14.6341467Z   Python2_ROOT_DIR: /opt/hostedtoolcache/Python/3.13.11/x64
2026-01-04T03:52:14.6341822Z   Python3_ROOT_DIR: /opt/hostedtoolcache/Python/3.13.11/x64
2026-01-04T03:52:14.6342209Z   LD_LIBRARY_PATH: /opt/hostedtoolcache/Python/3.13.11/x64/lib
2026-01-04T03:52:14.6342511Z ##[endgroup]
2026-01-04T03:52:16.0306971Z Collecting scratchattach>=2.1.15b0 (from -r requirements.txt (line 1))
2026-01-04T03:52:16.1360024Z   Downloading scratchattach-2.1.15b0-py3-none-any.whl.metadata (5.7 kB)
2026-01-04T03:52:16.1786812Z Collecting websocket-client (from scratchattach>=2.1.15b0->-r requirements.txt (line 1))
2026-01-04T03:52:16.1977544Z   Downloading websocket_client-1.9.0-py3-none-any.whl.metadata (8.3 kB)
2026-01-04T03:52:16.2476413Z Collecting requests (from scratchattach>=2.1.15b0->-r requirements.txt (line 1))
2026-01-04T03:52:16.2676393Z   Downloading requests-2.32.5-py3-none-any.whl.metadata (4.9 kB)
2026-01-04T03:52:16.2963285Z Collecting bs4 (from scratchattach>=2.1.15b0->-r requirements.txt (line 1))
2026-01-04T03:52:16.3167704Z   Downloading bs4-0.0.2-py2.py3-none-any.whl.metadata (411 bytes)
2026-01-04T03:52:16.3437198Z Collecting SimpleWebSocketServer (from scratchattach>=2.1.15b0->-r requirements.txt (line 1))
2026-01-04T03:52:16.3644281Z   Downloading SimpleWebSocketServer-0.1.2.tar.gz (10 kB)
2026-01-04T03:52:16.3754722Z   Installing build dependencies: started
2026-01-04T03:52:17.3696417Z   Installing build dependencies: finished with status 'done'
2026-01-04T03:52:17.3703198Z   Getting requirements to build wheel: started
2026-01-04T03:52:17.7715793Z   Getting requirements to build wheel: finished with status 'done'
2026-01-04T03:52:17.7724126Z   Preparing metadata (pyproject.toml): started
2026-01-04T03:52:17.9687636Z   Preparing metadata (pyproject.toml): finished with status 'done'
2026-01-04T03:52:18.0020984Z Collecting typing-extensions (from scratchattach>=2.1.15b0->-r requirements.txt (line 1))
2026-01-04T03:52:18.0209881Z   Downloading typing_extensions-4.15.0-py3-none-any.whl.metadata (3.3 kB)
2026-01-04T03:52:18.0521208Z Collecting browser_cookie3 (from scratchattach>=2.1.15b0->-r requirements.txt (line 1))
2026-01-04T03:52:18.0722354Z   Downloading browser_cookie3-0.20.1-py3-none-any.whl.metadata (713 bytes)
2026-01-04T03:52:18.1721385Z Collecting lz4 (from browser_cookie3->scratchattach>=2.1.15b0->-r requirements.txt (line 1))
2026-01-04T03:52:18.1915419Z   Downloading lz4-4.4.5-cp313-cp313-manylinux2014_x86_64.manylinux_2_17_x86_64.manylinux_2_28_x86_64.whl.metadata (3.8 kB)
2026-01-04T03:52:18.2940976Z Collecting pycryptodomex (from browser_cookie3->scratchattach>=2.1.15b0->-r requirements.txt (line 1))
2026-01-04T03:52:18.3134392Z   Downloading pycryptodomex-3.23.0-cp37-abi3-manylinux_2_17_x86_64.manylinux2014_x86_64.whl.metadata (3.4 kB)
2026-01-04T03:52:18.3414580Z Collecting jeepney (from browser_cookie3->scratchattach>=2.1.15b0->-r requirements.txt (line 1))
2026-01-04T03:52:18.3608985Z   Downloading jeepney-0.9.0-py3-none-any.whl.metadata (1.2 kB)
2026-01-04T03:52:18.3962632Z Collecting beautifulsoup4 (from bs4->scratchattach>=2.1.15b0->-r requirements.txt (line 1))
2026-01-04T03:52:18.4156981Z   Downloading beautifulsoup4-4.14.3-py3-none-any.whl.metadata (3.8 kB)
2026-01-04T03:52:18.4498232Z Collecting soupsieve>=1.6.1 (from beautifulsoup4->bs4->scratchattach>=2.1.15b0->-r requirements.txt (line 1))
2026-01-04T03:52:18.4687370Z   Downloading soupsieve-2.8.1-py3-none-any.whl.metadata (4.6 kB)
2026-01-04T03:52:18.5780638Z Collecting charset_normalizer<4,>=2 (from requests->scratchattach>=2.1.15b0->-r requirements.txt (line 1))
2026-01-04T03:52:18.5972452Z   Downloading charset_normalizer-3.4.4-cp313-cp313-manylinux2014_x86_64.manylinux_2_17_x86_64.manylinux_2_28_x86_64.whl.metadata (37 kB)
2026-01-04T03:52:18.6409049Z Collecting idna<4,>=2.5 (from requests->scratchattach>=2.1.15b0->-r requirements.txt (line 1))
2026-01-04T03:52:18.6599175Z   Downloading idna-3.11-py3-none-any.whl.metadata (8.4 kB)
2026-01-04T03:52:18.7052349Z Collecting urllib3<3,>=1.21.1 (from requests->scratchattach>=2.1.15b0->-r requirements.txt (line 1))
2026-01-04T03:52:18.7241140Z   Downloading urllib3-2.6.2-py3-none-any.whl.metadata (6.6 kB)
2026-01-04T03:52:18.7624185Z Collecting certifi>=2017.4.17 (from requests->scratchattach>=2.1.15b0->-r requirements.txt (line 1))
2026-01-04T03:52:18.7812686Z   Downloading certifi-2026.1.4-py3-none-any.whl.metadata (2.5 kB)
2026-01-04T03:52:18.8134916Z Downloading scratchattach-2.1.15b0-py3-none-any.whl (145 kB)
2026-01-04T03:52:18.8583068Z Downloading browser_cookie3-0.20.1-py3-none-any.whl (17 kB)
2026-01-04T03:52:18.8796439Z Downloading bs4-0.0.2-py2.py3-none-any.whl (1.2 kB)
2026-01-04T03:52:18.9063067Z Downloading beautifulsoup4-4.14.3-py3-none-any.whl (107 kB)
2026-01-04T03:52:18.9341073Z Downloading soupsieve-2.8.1-py3-none-any.whl (36 kB)
2026-01-04T03:52:18.9559567Z Downloading typing_extensions-4.15.0-py3-none-any.whl (44 kB)
2026-01-04T03:52:18.9774032Z Downloading jeepney-0.9.0-py3-none-any.whl (49 kB)
2026-01-04T03:52:19.0032893Z Downloading lz4-4.4.5-cp313-cp313-manylinux2014_x86_64.manylinux_2_17_x86_64.manylinux_2_28_x86_64.whl (1.4 MB)
2026-01-04T03:52:19.0520943Z    ━━━━━━━━━━━━━━━━━━━━━━━━━━━━━━━━━━━━━━━━ 1.4/1.4 MB 38.1 MB/s  0:00:00
2026-01-04T03:52:19.0709605Z Downloading pycryptodomex-3.23.0-cp37-abi3-manylinux_2_17_x86_64.manylinux2014_x86_64.whl (2.3 MB)
2026-01-04T03:52:19.0970219Z    ━━━━━━━━━━━━━━━━━━━━━━━━━━━━━━━━━━━━━━━━ 2.3/2.3 MB 85.4 MB/s  0:00:00
2026-01-04T03:52:19.1157214Z Downloading requests-2.32.5-py3-none-any.whl (64 kB)
2026-01-04T03:52:19.1373305Z Downloading charset_normalizer-3.4.4-cp313-cp313-manylinux2014_x86_64.manylinux_2_17_x86_64.manylinux_2_28_x86_64.whl (153 kB)
2026-01-04T03:52:19.1588822Z Downloading idna-3.11-py3-none-any.whl (71 kB)
2026-01-04T03:52:19.1825070Z Downloading urllib3-2.6.2-py3-none-any.whl (131 kB)
2026-01-04T03:52:19.2037129Z Downloading certifi-2026.1.4-py3-none-any.whl (152 kB)
2026-01-04T03:52:19.2249056Z Downloading websocket_client-1.9.0-py3-none-any.whl (82 kB)
2026-01-04T03:52:19.2456277Z Building wheels for collected packages: SimpleWebSocketServer
2026-01-04T03:52:19.2464751Z   Building wheel for SimpleWebSocketServer (pyproject.toml): started
2026-01-04T03:52:19.4678591Z   Building wheel for SimpleWebSocketServer (pyproject.toml): finished with status 'done'
2026-01-04T03:52:19.4683735Z   Created wheel for SimpleWebSocketServer: filename=simplewebsocketserver-0.1.2-py3-none-any.whl size=9715 sha256=7652edea1de4cc111556e286880c46d24956bdb00067452c925a294eb950651b
2026-01-04T03:52:19.4685349Z   Stored in directory: /home/runner/.cache/pip/wheels/c4/5b/e8/4f2c15a82edc4923058056f6681373168be02a0c00389a6dcf
2026-01-04T03:52:19.4703723Z Successfully built SimpleWebSocketServer
2026-01-04T03:52:19.4945231Z Installing collected packages: SimpleWebSocketServer, websocket-client, urllib3, typing-extensions, soupsieve, pycryptodomex, lz4, jeepney, idna, charset_normalizer, certifi, requests, browser_cookie3, beautifulsoup4, bs4, scratchattach
2026-01-04T03:52:21.3529764Z 
2026-01-04T03:52:21.3556289Z Successfully installed SimpleWebSocketServer-0.1.2 beautifulsoup4-4.14.3 browser_cookie3-0.20.1 bs4-0.0.2 certifi-2026.1.4 charset_normalizer-3.4.4 idna-3.11 jeepney-0.9.0 lz4-4.4.5 pycryptodomex-3.23.0 requests-2.32.5 scratchattach-2.1.15b0 soupsieve-2.8.1 typing-extensions-4.15.0 urllib3-2.6.2 websocket-client-1.9.0
2026-01-04T03:52:21.5982766Z ##[group]Run actions/checkout@v6.0.1
2026-01-04T03:52:21.5983039Z with:
2026-01-04T03:52:21.5983204Z   ref: main
2026-01-04T03:52:21.5983400Z   repository: Boss-1s/scratchattach
2026-01-04T03:52:21.5983760Z   token: ***
2026-01-04T03:52:21.5983939Z   ssh-strict: true
2026-01-04T03:52:21.5984141Z   ssh-user: git
2026-01-04T03:52:21.5984350Z   persist-credentials: true
2026-01-04T03:52:21.5984569Z   clean: true
2026-01-04T03:52:21.5984771Z   sparse-checkout-cone-mode: true
2026-01-04T03:52:21.5985001Z   fetch-depth: 1
2026-01-04T03:52:21.5985185Z   fetch-tags: false
2026-01-04T03:52:21.5985371Z   show-progress: true
2026-01-04T03:52:21.5985564Z   lfs: false
2026-01-04T03:52:21.5985740Z   submodules: false
2026-01-04T03:52:21.5985927Z   set-safe-directory: true
2026-01-04T03:52:21.5986133Z env:
2026-01-04T03:52:21.5986366Z   pythonLocation: /opt/hostedtoolcache/Python/3.13.11/x64
2026-01-04T03:52:21.5987078Z   PKG_CONFIG_PATH: /opt/hostedtoolcache/Python/3.13.11/x64/lib/pkgconfig
2026-01-04T03:52:21.5987503Z   Python_ROOT_DIR: /opt/hostedtoolcache/Python/3.13.11/x64
2026-01-04T03:52:21.5987863Z   Python2_ROOT_DIR: /opt/hostedtoolcache/Python/3.13.11/x64
2026-01-04T03:52:21.5988212Z   Python3_ROOT_DIR: /opt/hostedtoolcache/Python/3.13.11/x64
2026-01-04T03:52:21.5988561Z   LD_LIBRARY_PATH: /opt/hostedtoolcache/Python/3.13.11/x64/lib
2026-01-04T03:52:21.5988847Z ##[endgroup]
2026-01-04T03:52:21.6752199Z Syncing repository: Boss-1s/scratchattach
2026-01-04T03:52:21.6752967Z ##[group]Getting Git version info
2026-01-04T03:52:21.6753502Z Working directory is '/home/runner/work/scratchattach/scratchattach'
2026-01-04T03:52:21.6788225Z [command]/usr/bin/git version
2026-01-04T03:52:21.6823166Z git version 2.52.0
2026-01-04T03:52:21.6843495Z ##[endgroup]
2026-01-04T03:52:21.6857443Z Temporarily overriding HOME='/home/runner/work/_temp/2275ab2e-ee94-4be6-bac7-1a67a288cc79' before making global git config changes
2026-01-04T03:52:21.6858941Z Adding repository directory to the temporary git global config as a safe directory
2026-01-04T03:52:21.6862239Z [command]/usr/bin/git config --global --add safe.directory /home/runner/work/scratchattach/scratchattach
2026-01-04T03:52:21.6899758Z [command]/usr/bin/git config --local --get remote.origin.url
2026-01-04T03:52:21.6921060Z https://github.com/Boss-1s/scratchattach
2026-01-04T03:52:21.6933044Z ##[group]Removing previously created refs, to avoid conflicts
2026-01-04T03:52:21.6937690Z [command]/usr/bin/git rev-parse --symbolic-full-name --verify --quiet HEAD
2026-01-04T03:52:21.6959368Z refs/heads/main
2026-01-04T03:52:21.6968659Z [command]/usr/bin/git checkout --detach
2026-01-04T03:52:22.1077676Z HEAD is now at f9867de [BOT] Download Logs
2026-01-04T03:52:22.1127108Z [command]/usr/bin/git branch --delete --force main
2026-01-04T03:52:22.1154523Z Deleted branch main (was f9867de).
2026-01-04T03:52:22.1189181Z ##[endgroup]
2026-01-04T03:52:22.1192652Z [command]/usr/bin/git submodule status
2026-01-04T03:52:22.1419941Z ##[group]Cleaning the repository
2026-01-04T03:52:22.1455104Z [command]/usr/bin/git clean -ffdx
2026-01-04T03:52:22.1511386Z [command]/usr/bin/git reset --hard HEAD
2026-01-04T03:52:22.1619126Z HEAD is now at f9867de [BOT] Download Logs
2026-01-04T03:52:22.1626402Z ##[endgroup]
2026-01-04T03:52:22.1628641Z ##[group]Disabling automatic garbage collection
2026-01-04T03:52:22.1634159Z [command]/usr/bin/git config --local gc.auto 0
2026-01-04T03:52:22.1664305Z ##[endgroup]
2026-01-04T03:52:22.1664760Z ##[group]Setting up auth
2026-01-04T03:52:22.1667294Z Removing SSH command configuration
2026-01-04T03:52:22.1676074Z [command]/usr/bin/git config --local --name-only --get-regexp core\.sshCommand
2026-01-04T03:52:22.1711451Z [command]/usr/bin/git submodule foreach --recursive sh -c "git config --local --name-only --get-regexp 'core\.sshCommand' && git config --local --unset-all 'core.sshCommand' || :"
2026-01-04T03:52:22.1962940Z Removing HTTP extra header
2026-01-04T03:52:22.1969361Z [command]/usr/bin/git config --local --name-only --get-regexp http\.https\:\/\/github\.com\/\.extraheader
2026-01-04T03:52:22.2003989Z [command]/usr/bin/git submodule foreach --recursive sh -c "git config --local --name-only --get-regexp 'http\.https\:\/\/github\.com\/\.extraheader' && git config --local --unset-all 'http.https://github.com/.extraheader' || :"
2026-01-04T03:52:22.2251341Z Removing includeIf entries pointing to credentials config files
2026-01-04T03:52:22.2258091Z [command]/usr/bin/git config --local --name-only --get-regexp ^includeIf\.gitdir:
2026-01-04T03:52:22.2282264Z includeif.gitdir:/home/runner/work/scratchattach/scratchattach/.git.path
2026-01-04T03:52:22.2283250Z includeif.gitdir:/home/runner/work/scratchattach/scratchattach/.git/worktrees/*.path
2026-01-04T03:52:22.2284064Z includeif.gitdir:/github/workspace/.git.path
2026-01-04T03:52:22.2284675Z includeif.gitdir:/github/workspace/.git/worktrees/*.path
2026-01-04T03:52:22.2300535Z [command]/usr/bin/git config --local --get-all includeif.gitdir:/home/runner/work/scratchattach/scratchattach/.git.path
2026-01-04T03:52:22.2322397Z /home/runner/work/_temp/git-credentials-06c708e6-2f25-4471-8c78-c42303740bf0.config
2026-01-04T03:52:22.2333477Z [command]/usr/bin/git config --local --unset includeif.gitdir:/home/runner/work/scratchattach/scratchattach/.git.path /home/runner/work/_temp/git-credentials-06c708e6-2f25-4471-8c78-c42303740bf0.config
2026-01-04T03:52:22.2366146Z [command]/usr/bin/git config --local --get-all includeif.gitdir:/home/runner/work/scratchattach/scratchattach/.git/worktrees/*.path
2026-01-04T03:52:22.2388163Z /home/runner/work/_temp/git-credentials-06c708e6-2f25-4471-8c78-c42303740bf0.config
2026-01-04T03:52:22.2397485Z [command]/usr/bin/git config --local --unset includeif.gitdir:/home/runner/work/scratchattach/scratchattach/.git/worktrees/*.path /home/runner/work/_temp/git-credentials-06c708e6-2f25-4471-8c78-c42303740bf0.config
2026-01-04T03:52:22.2429712Z [command]/usr/bin/git config --local --get-all includeif.gitdir:/github/workspace/.git.path
2026-01-04T03:52:22.2451085Z /github/runner_temp/git-credentials-06c708e6-2f25-4471-8c78-c42303740bf0.config
2026-01-04T03:52:22.2459726Z [command]/usr/bin/git config --local --unset includeif.gitdir:/github/workspace/.git.path /github/runner_temp/git-credentials-06c708e6-2f25-4471-8c78-c42303740bf0.config
2026-01-04T03:52:22.2493531Z [command]/usr/bin/git config --local --get-all includeif.gitdir:/github/workspace/.git/worktrees/*.path
2026-01-04T03:52:22.2514043Z /github/runner_temp/git-credentials-06c708e6-2f25-4471-8c78-c42303740bf0.config
2026-01-04T03:52:22.2525216Z [command]/usr/bin/git config --local --unset includeif.gitdir:/github/workspace/.git/worktrees/*.path /github/runner_temp/git-credentials-06c708e6-2f25-4471-8c78-c42303740bf0.config
2026-01-04T03:52:22.2565203Z [command]/usr/bin/git submodule foreach --recursive git config --local --show-origin --name-only --get-regexp remote.origin.url
2026-01-04T03:52:22.2806847Z Removing credentials config '/home/runner/work/_temp/git-credentials-06c708e6-2f25-4471-8c78-c42303740bf0.config'
2026-01-04T03:52:22.2821066Z [command]/usr/bin/git config --file /home/runner/work/_temp/git-credentials-9db8ff8a-b099-4a50-9054-3888ac5300d4.config http.https://github.com/.extraheader AUTHORIZATION: basic ***
2026-01-04T03:52:22.2861047Z [command]/usr/bin/git config --local includeIf.gitdir:/home/runner/work/scratchattach/scratchattach/.git.path /home/runner/work/_temp/git-credentials-9db8ff8a-b099-4a50-9054-3888ac5300d4.config
2026-01-04T03:52:22.2892215Z [command]/usr/bin/git config --local includeIf.gitdir:/home/runner/work/scratchattach/scratchattach/.git/worktrees/*.path /home/runner/work/_temp/git-credentials-9db8ff8a-b099-4a50-9054-3888ac5300d4.config
2026-01-04T03:52:22.2922739Z [command]/usr/bin/git config --local includeIf.gitdir:/github/workspace/.git.path /github/runner_temp/git-credentials-9db8ff8a-b099-4a50-9054-3888ac5300d4.config
2026-01-04T03:52:22.2953007Z [command]/usr/bin/git config --local includeIf.gitdir:/github/workspace/.git/worktrees/*.path /github/runner_temp/git-credentials-9db8ff8a-b099-4a50-9054-3888ac5300d4.config
2026-01-04T03:52:22.2979999Z ##[endgroup]
2026-01-04T03:52:22.2980377Z ##[group]Fetching the repository
2026-01-04T03:52:22.2991238Z [command]/usr/bin/git -c protocol.version=2 fetch --no-tags --prune --no-recurse-submodules --depth=1 origin +refs/heads/main*:refs/remotes/origin/main* +refs/tags/main*:refs/tags/main*
2026-01-04T03:52:22.7676384Z ##[endgroup]
2026-01-04T03:52:22.7676982Z ##[group]Determining the checkout info
2026-01-04T03:52:22.7684739Z [command]/usr/bin/git branch --list --remote origin/main
2026-01-04T03:52:22.7710033Z   origin/main
2026-01-04T03:52:22.7714729Z ##[endgroup]
2026-01-04T03:52:22.7719223Z [command]/usr/bin/git sparse-checkout disable
2026-01-04T03:52:22.7782596Z [command]/usr/bin/git config --local --unset-all extensions.worktreeConfig
2026-01-04T03:52:22.7809403Z ##[group]Checking out the ref
2026-01-04T03:52:22.7814676Z [command]/usr/bin/git checkout --progress --force -B main refs/remotes/origin/main
2026-01-04T03:52:22.7896738Z Switched to a new branch 'main'
2026-01-04T03:52:22.7898950Z branch 'main' set up to track 'origin/main'.
2026-01-04T03:52:22.7904120Z ##[endgroup]
2026-01-04T03:52:22.7939969Z [command]/usr/bin/git log -1 --format=%H
2026-01-04T03:52:22.7962923Z f9867de43a96a0d9d31b27d91e826a37a90adc39
2026-01-04T03:52:22.8076693Z ##[group]Run python3 aesthetic_prioritizing.py
2026-01-04T03:52:22.8077249Z [36;1mpython3 aesthetic_prioritizing.py[0m
2026-01-04T03:52:22.8110630Z shell: /usr/bin/bash -e {0}
2026-01-04T03:52:22.8110867Z env:
2026-01-04T03:52:22.8111120Z   pythonLocation: /opt/hostedtoolcache/Python/3.13.11/x64
2026-01-04T03:52:22.8111550Z   PKG_CONFIG_PATH: /opt/hostedtoolcache/Python/3.13.11/x64/lib/pkgconfig
2026-01-04T03:52:22.8111958Z   Python_ROOT_DIR: /opt/hostedtoolcache/Python/3.13.11/x64
2026-01-04T03:52:22.8112309Z   Python2_ROOT_DIR: /opt/hostedtoolcache/Python/3.13.11/x64
2026-01-04T03:52:22.8112830Z   Python3_ROOT_DIR: /opt/hostedtoolcache/Python/3.13.11/x64
2026-01-04T03:52:22.8113196Z   LD_LIBRARY_PATH: /opt/hostedtoolcache/Python/3.13.11/x64/lib
2026-01-04T03:52:22.8113734Z   PASS: ***
2026-01-04T03:52:22.8113919Z ##[endgroup]
2026-01-04T03:52:24.3055429Z Prioritizing: Attempt 1
2026-01-04T03:52:24.3061905Z Projects already on top. No prioritizing needed.
2026-01-04T03:52:24.3068820Z Prioritized projects in your favorite list.
2026-01-04T03:52:24.3075415Z Prioritizing: Attempt 1
2026-01-04T03:52:24.5562507Z Unfollowed stuido 50609120
2026-01-04T03:52:59.5573400Z Followed studio 50609120 to move it to the top
2026-01-04T03:53:44.9224180Z Unfollowed stuido 50609126
2026-01-04T03:54:19.9235794Z Followed studio 50609126 to move it to the top
2026-01-04T03:55:05.2652113Z Unfollowed stuido 50609128
2026-01-04T03:55:40.2663680Z Followed studio 50609128 to move it to the top
2026-01-04T03:56:25.6064932Z Unfollowed stuido 50609129
2026-01-04T03:57:00.6075847Z Followed studio 50609129 to move it to the top
2026-01-04T03:57:45.7094965Z Prioritized studios in your favorite list.
2026-01-04T03:57:45.7439860Z Post job cleanup.
2026-01-04T03:57:45.8214529Z [command]/usr/bin/git version
2026-01-04T03:57:45.8280968Z git version 2.52.0
2026-01-04T03:57:45.8319590Z Temporarily overriding HOME='/home/runner/work/_temp/fe361585-b967-45d9-904d-ec19b9999060' before making global git config changes
2026-01-04T03:57:45.8320839Z Adding repository directory to the temporary git global config as a safe directory
2026-01-04T03:57:45.8325759Z [command]/usr/bin/git config --global --add safe.directory /home/runner/work/scratchattach/scratchattach
2026-01-04T03:57:45.8357660Z Removing SSH command configuration
2026-01-04T03:57:45.8363811Z [command]/usr/bin/git config --local --name-only --get-regexp core\.sshCommand
2026-01-04T03:57:45.8396839Z [command]/usr/bin/git submodule foreach --recursive sh -c "git config --local --name-only --get-regexp 'core\.sshCommand' && git config --local --unset-all 'core.sshCommand' || :"
2026-01-04T03:57:45.8626104Z Removing HTTP extra header
2026-01-04T03:57:45.8631608Z [command]/usr/bin/git config --local --name-only --get-regexp http\.https\:\/\/github\.com\/\.extraheader
2026-01-04T03:57:45.8663851Z [command]/usr/bin/git submodule foreach --recursive sh -c "git config --local --name-only --get-regexp 'http\.https\:\/\/github\.com\/\.extraheader' && git config --local --unset-all 'http.https://github.com/.extraheader' || :"
2026-01-04T03:57:45.8891995Z Removing includeIf entries pointing to credentials config files
2026-01-04T03:57:45.8900236Z [command]/usr/bin/git config --local --name-only --get-regexp ^includeIf\.gitdir:
2026-01-04T03:57:45.8923725Z includeif.gitdir:/home/runner/work/scratchattach/scratchattach/.git.path
2026-01-04T03:57:45.8924719Z includeif.gitdir:/home/runner/work/scratchattach/scratchattach/.git/worktrees/*.path
2026-01-04T03:57:45.8925535Z includeif.gitdir:/github/workspace/.git.path
2026-01-04T03:57:45.8926136Z includeif.gitdir:/github/workspace/.git/worktrees/*.path
2026-01-04T03:57:45.8934521Z [command]/usr/bin/git config --local --get-all includeif.gitdir:/home/runner/work/scratchattach/scratchattach/.git.path
2026-01-04T03:57:45.8955912Z /home/runner/work/_temp/git-credentials-9db8ff8a-b099-4a50-9054-3888ac5300d4.config
2026-01-04T03:57:45.8965833Z [command]/usr/bin/git config --local --unset includeif.gitdir:/home/runner/work/scratchattach/scratchattach/.git.path /home/runner/work/_temp/git-credentials-9db8ff8a-b099-4a50-9054-3888ac5300d4.config
2026-01-04T03:57:45.8999184Z [command]/usr/bin/git config --local --get-all includeif.gitdir:/home/runner/work/scratchattach/scratchattach/.git/worktrees/*.path
2026-01-04T03:57:45.9020530Z /home/runner/work/_temp/git-credentials-9db8ff8a-b099-4a50-9054-3888ac5300d4.config
2026-01-04T03:57:45.9030229Z [command]/usr/bin/git config --local --unset includeif.gitdir:/home/runner/work/scratchattach/scratchattach/.git/worktrees/*.path /home/runner/work/_temp/git-credentials-9db8ff8a-b099-4a50-9054-3888ac5300d4.config
2026-01-04T03:57:45.9061282Z [command]/usr/bin/git config --local --get-all includeif.gitdir:/github/workspace/.git.path
2026-01-04T03:57:45.9082083Z /github/runner_temp/git-credentials-9db8ff8a-b099-4a50-9054-3888ac5300d4.config
2026-01-04T03:57:45.9090865Z [command]/usr/bin/git config --local --unset includeif.gitdir:/github/workspace/.git.path /github/runner_temp/git-credentials-9db8ff8a-b099-4a50-9054-3888ac5300d4.config
2026-01-04T03:57:45.9121929Z [command]/usr/bin/git config --local --get-all includeif.gitdir:/github/workspace/.git/worktrees/*.path
2026-01-04T03:57:45.9142822Z /github/runner_temp/git-credentials-9db8ff8a-b099-4a50-9054-3888ac5300d4.config
2026-01-04T03:57:45.9151675Z [command]/usr/bin/git config --local --unset includeif.gitdir:/github/workspace/.git/worktrees/*.path /github/runner_temp/git-credentials-9db8ff8a-b099-4a50-9054-3888ac5300d4.config
2026-01-04T03:57:45.9183386Z [command]/usr/bin/git submodule foreach --recursive git config --local --show-origin --name-only --get-regexp remote.origin.url
2026-01-04T03:57:45.9408265Z Removing credentials config '/home/runner/work/_temp/git-credentials-9db8ff8a-b099-4a50-9054-3888ac5300d4.config'
2026-01-04T03:57:45.9570876Z Post job cleanup.
2026-01-04T03:57:46.0723640Z (node:2556) [DEP0040] DeprecationWarning: The `punycode` module is deprecated. Please use a userland alternative instead.
2026-01-04T03:57:46.0724494Z (Use `node --trace-deprecation ...` to show where the warning was created)
2026-01-04T03:57:46.0841732Z Post job cleanup.
2026-01-04T03:57:46.1690019Z [command]/usr/bin/git version
2026-01-04T03:57:46.1761437Z git version 2.52.0
2026-01-04T03:57:46.1800510Z Temporarily overriding HOME='/home/runner/work/_temp/c83539ff-a78c-4051-891c-ee472b77637b' before making global git config changes
2026-01-04T03:57:46.1801761Z Adding repository directory to the temporary git global config as a safe directory
2026-01-04T03:57:46.1806997Z [command]/usr/bin/git config --global --add safe.directory /home/runner/work/scratchattach/scratchattach
2026-01-04T03:57:46.1838326Z Removing SSH command configuration
2026-01-04T03:57:46.1844374Z [command]/usr/bin/git config --local --name-only --get-regexp core\.sshCommand
2026-01-04T03:57:46.1878687Z [command]/usr/bin/git submodule foreach --recursive sh -c "git config --local --name-only --get-regexp 'core\.sshCommand' && git config --local --unset-all 'core.sshCommand' || :"
2026-01-04T03:57:46.2124172Z Removing HTTP extra header
2026-01-04T03:57:46.2129495Z [command]/usr/bin/git config --local --name-only --get-regexp http\.https\:\/\/github\.com\/\.extraheader
2026-01-04T03:57:46.2166099Z [command]/usr/bin/git submodule foreach --recursive sh -c "git config --local --name-only --get-regexp 'http\.https\:\/\/github\.com\/\.extraheader' && git config --local --unset-all 'http.https://github.com/.extraheader' || :"
2026-01-04T03:57:46.2408217Z Removing includeIf entries pointing to credentials config files
2026-01-04T03:57:46.2415064Z [command]/usr/bin/git config --local --name-only --get-regexp ^includeIf\.gitdir:
2026-01-04T03:57:46.2449278Z [command]/usr/bin/git submodule foreach --recursive git config --local --show-origin --name-only --get-regexp remote.origin.url
2026-01-04T03:57:46.2905849Z Cleaning up orphan processes
