2025-09-23T02:58:11.7593311Z Current runner version: '2.328.0'
2025-09-23T02:58:11.7626298Z ##[group]Runner Image Provisioner
2025-09-23T02:58:11.7627511Z Hosted Compute Agent
2025-09-23T02:58:11.7628382Z Version: 20250829.383
2025-09-23T02:58:11.7629524Z Commit: 27cb235aab5b0e52e153a26cd86b4742e89dac5d
2025-09-23T02:58:11.7630675Z Build Date: 2025-08-29T13:48:48Z
2025-09-23T02:58:11.7631735Z ##[endgroup]
2025-09-23T02:58:11.7632566Z ##[group]Operating System
2025-09-23T02:58:11.7633700Z Ubuntu
2025-09-23T02:58:11.7634607Z 24.04.3
2025-09-23T02:58:11.7635317Z LTS
2025-09-23T02:58:11.7636084Z ##[endgroup]
2025-09-23T02:58:11.7637032Z ##[group]Runner Image
2025-09-23T02:58:11.7637883Z Image: ubuntu-24.04
2025-09-23T02:58:11.7638742Z Version: 20250907.24.1
2025-09-23T02:58:11.7640482Z Included Software: https://github.com/actions/runner-images/blob/ubuntu24/20250907.24/images/ubuntu/Ubuntu2404-Readme.md
2025-09-23T02:58:11.7643493Z Image Release: https://github.com/actions/runner-images/releases/tag/ubuntu24%2F20250907.24
2025-09-23T02:58:11.7645344Z ##[endgroup]
2025-09-23T02:58:11.7647001Z ##[group]GITHUB_TOKEN Permissions
2025-09-23T02:58:11.7649640Z Contents: write
2025-09-23T02:58:11.7650572Z Metadata: read
2025-09-23T02:58:11.7651609Z ##[endgroup]
2025-09-23T02:58:11.7654583Z Secret source: Actions
2025-09-23T02:58:11.7655624Z Prepare workflow directory
2025-09-23T02:58:11.8120980Z Prepare all required actions
2025-09-23T02:58:11.8176937Z Getting action download info
2025-09-23T02:58:12.0770708Z Download action repository 'actions/checkout@v5.0.0' (SHA:08c6903cd8c0fde910a37f88322edcfb5dd907a8)
2025-09-23T02:58:12.2857719Z Download action repository 'actions/setup-python@v6.0.0' (SHA:e797f83bcb11b83ae66e0230d6156d7c80228e7c)
2025-09-23T02:58:12.5040557Z Download action repository 'bossOfCode/install-scratchattach@v1.0.3' (SHA:be17a7cf1ecb5a7040eb42ef26c2e1fbe72bb25a)
2025-09-23T02:58:12.8222509Z Complete job name: Run Prioritzing Handler
2025-09-23T02:58:12.8919408Z ##[group]Run actions/checkout@v5.0.0
2025-09-23T02:58:12.8920367Z with:
2025-09-23T02:58:12.8920835Z   ref: main
2025-09-23T02:58:12.8921304Z   repository: Boss-1s/scratchattach
2025-09-23T02:58:12.8922050Z   token: ***
2025-09-23T02:58:12.8922511Z   ssh-strict: true
2025-09-23T02:58:12.8923192Z   ssh-user: git
2025-09-23T02:58:12.8923676Z   persist-credentials: true
2025-09-23T02:58:12.8924202Z   clean: true
2025-09-23T02:58:12.8924669Z   sparse-checkout-cone-mode: true
2025-09-23T02:58:12.8925232Z   fetch-depth: 1
2025-09-23T02:58:12.8925695Z   fetch-tags: false
2025-09-23T02:58:12.8926194Z   show-progress: true
2025-09-23T02:58:12.8926674Z   lfs: false
2025-09-23T02:58:12.8927111Z   submodules: false
2025-09-23T02:58:12.8927584Z   set-safe-directory: true
2025-09-23T02:58:12.8928369Z ##[endgroup]
2025-09-23T02:58:12.9848559Z Syncing repository: Boss-1s/scratchattach
2025-09-23T02:58:12.9851263Z ##[group]Getting Git version info
2025-09-23T02:58:12.9852726Z Working directory is '/home/runner/work/scratchattach/scratchattach'
2025-09-23T02:58:12.9854981Z [command]/usr/bin/git version
2025-09-23T02:58:13.0101545Z git version 2.51.0
2025-09-23T02:58:13.0126887Z ##[endgroup]
2025-09-23T02:58:13.0145061Z Temporarily overriding HOME='/home/runner/work/_temp/829dca68-fdfc-4b0c-a9a2-97d682f52fe0' before making global git config changes
2025-09-23T02:58:13.0147708Z Adding repository directory to the temporary git global config as a safe directory
2025-09-23T02:58:13.0151163Z [command]/usr/bin/git config --global --add safe.directory /home/runner/work/scratchattach/scratchattach
2025-09-23T02:58:13.0367199Z Deleting the contents of '/home/runner/work/scratchattach/scratchattach'
2025-09-23T02:58:13.0373065Z ##[group]Initializing the repository
2025-09-23T02:58:13.0377837Z [command]/usr/bin/git init /home/runner/work/scratchattach/scratchattach
2025-09-23T02:58:13.0530072Z hint: Using 'master' as the name for the initial branch. This default branch name
2025-09-23T02:58:13.0531409Z hint: is subject to change. To configure the initial branch name to use in all
2025-09-23T02:58:13.0532410Z hint: of your new repositories, which will suppress this warning, call:
2025-09-23T02:58:13.0534506Z hint:
2025-09-23T02:58:13.0535547Z hint: 	git config --global init.defaultBranch <name>
2025-09-23T02:58:13.0536864Z hint:
2025-09-23T02:58:13.0537917Z hint: Names commonly chosen instead of 'master' are 'main', 'trunk' and
2025-09-23T02:58:13.0539352Z hint: 'development'. The just-created branch can be renamed via this command:
2025-09-23T02:58:13.0540624Z hint:
2025-09-23T02:58:13.0541116Z hint: 	git branch -m <name>
2025-09-23T02:58:13.0541627Z hint:
2025-09-23T02:58:13.0543227Z hint: Disable this message with "git config set advice.defaultBranchName false"
2025-09-23T02:58:13.0545271Z Initialized empty Git repository in /home/runner/work/scratchattach/scratchattach/.git/
2025-09-23T02:58:13.0554921Z [command]/usr/bin/git remote add origin https://github.com/Boss-1s/scratchattach
2025-09-23T02:58:13.0601525Z ##[endgroup]
2025-09-23T02:58:13.0603226Z ##[group]Disabling automatic garbage collection
2025-09-23T02:58:13.0605623Z [command]/usr/bin/git config --local gc.auto 0
2025-09-23T02:58:13.0637560Z ##[endgroup]
2025-09-23T02:58:13.0638783Z ##[group]Setting up auth
2025-09-23T02:58:13.0643763Z [command]/usr/bin/git config --local --name-only --get-regexp core\.sshCommand
2025-09-23T02:58:13.0680786Z [command]/usr/bin/git submodule foreach --recursive sh -c "git config --local --name-only --get-regexp 'core\.sshCommand' && git config --local --unset-all 'core.sshCommand' || :"
2025-09-23T02:58:13.3549131Z [command]/usr/bin/git config --local --name-only --get-regexp http\.https\:\/\/github\.com\/\.extraheader
2025-09-23T02:58:13.3579033Z [command]/usr/bin/git submodule foreach --recursive sh -c "git config --local --name-only --get-regexp 'http\.https\:\/\/github\.com\/\.extraheader' && git config --local --unset-all 'http.https://github.com/.extraheader' || :"
2025-09-23T02:58:13.3795099Z [command]/usr/bin/git config --local http.https://github.com/.extraheader AUTHORIZATION: basic ***
2025-09-23T02:58:13.3827471Z ##[endgroup]
2025-09-23T02:58:13.3836261Z ##[group]Fetching the repository
2025-09-23T02:58:13.3837687Z [command]/usr/bin/git -c protocol.version=2 fetch --no-tags --prune --no-recurse-submodules --depth=1 origin +refs/heads/main*:refs/remotes/origin/main* +refs/tags/main*:refs/tags/main*
2025-09-23T02:58:13.8846196Z From https://github.com/Boss-1s/scratchattach
2025-09-23T02:58:13.8848008Z  * [new branch]      main       -> origin/main
2025-09-23T02:58:13.8928728Z ##[endgroup]
2025-09-23T02:58:13.8930505Z ##[group]Determining the checkout info
2025-09-23T02:58:13.8935221Z [command]/usr/bin/git branch --list --remote origin/main
2025-09-23T02:58:13.8957118Z   origin/main
2025-09-23T02:58:13.8962551Z ##[endgroup]
2025-09-23T02:58:13.8966346Z [command]/usr/bin/git sparse-checkout disable
2025-09-23T02:58:13.9005064Z [command]/usr/bin/git config --local --unset-all extensions.worktreeConfig
2025-09-23T02:58:13.9031346Z ##[group]Checking out the ref
2025-09-23T02:58:13.9034778Z [command]/usr/bin/git checkout --progress --force -B main refs/remotes/origin/main
2025-09-23T02:58:14.0169679Z Switched to a new branch 'main'
2025-09-23T02:58:14.0171418Z branch 'main' set up to track 'origin/main'.
2025-09-23T02:58:14.0190391Z ##[endgroup]
2025-09-23T02:58:14.0229916Z [command]/usr/bin/git log -1 --format=%H
2025-09-23T02:58:14.0255202Z 5795b3f63bcc3d52b1bc8b3089305b5aa8496d6c
2025-09-23T02:58:14.0556099Z ##[group]Run actions/setup-python@v6.0.0
2025-09-23T02:58:14.0557299Z with:
2025-09-23T02:58:14.0558122Z   python-version: 3.13
2025-09-23T02:58:14.0559070Z   check-latest: false
2025-09-23T02:58:14.0560264Z   token: ***
2025-09-23T02:58:14.0561124Z   update-environment: true
2025-09-23T02:58:14.0562165Z   allow-prereleases: false
2025-09-23T02:58:14.0563701Z   freethreaded: false
2025-09-23T02:58:14.0564642Z ##[endgroup]
2025-09-23T02:58:14.1793833Z ##[group]Installed versions
2025-09-23T02:58:14.2422434Z (node:2055) [DEP0040] DeprecationWarning: The `punycode` module is deprecated. Please use a userland alternative instead.
2025-09-23T02:58:14.2427320Z (Use `node --trace-deprecation ...` to show where the warning was created)
2025-09-23T02:58:14.2429869Z Successfully set up CPython (3.13.7)
2025-09-23T02:58:14.2432474Z ##[endgroup]
2025-09-23T02:58:14.2616004Z ##[group]Run bossOfCode/install-scratchattach@v1.0.3
2025-09-23T02:58:14.2617240Z env:
2025-09-23T02:58:14.2618197Z   pythonLocation: /opt/hostedtoolcache/Python/3.13.7/x64
2025-09-23T02:58:14.2619849Z   PKG_CONFIG_PATH: /opt/hostedtoolcache/Python/3.13.7/x64/lib/pkgconfig
2025-09-23T02:58:14.2621496Z   Python_ROOT_DIR: /opt/hostedtoolcache/Python/3.13.7/x64
2025-09-23T02:58:14.2623154Z   Python2_ROOT_DIR: /opt/hostedtoolcache/Python/3.13.7/x64
2025-09-23T02:58:14.2624654Z   Python3_ROOT_DIR: /opt/hostedtoolcache/Python/3.13.7/x64
2025-09-23T02:58:14.2626156Z   LD_LIBRARY_PATH: /opt/hostedtoolcache/Python/3.13.7/x64/lib
2025-09-23T02:58:14.2627422Z ##[endgroup]
2025-09-23T02:58:14.2723647Z ##[group]Run python3 -m pip install --upgrade pip
2025-09-23T02:58:14.2725022Z [36;1mpython3 -m pip install --upgrade pip[0m
2025-09-23T02:58:14.2932615Z shell: /usr/bin/bash --noprofile --norc -e -o pipefail {0}
2025-09-23T02:58:14.2934235Z env:
2025-09-23T02:58:14.2935219Z   pythonLocation: /opt/hostedtoolcache/Python/3.13.7/x64
2025-09-23T02:58:14.2936830Z   PKG_CONFIG_PATH: /opt/hostedtoolcache/Python/3.13.7/x64/lib/pkgconfig
2025-09-23T02:58:14.2938408Z   Python_ROOT_DIR: /opt/hostedtoolcache/Python/3.13.7/x64
2025-09-23T02:58:14.2939826Z   Python2_ROOT_DIR: /opt/hostedtoolcache/Python/3.13.7/x64
2025-09-23T02:58:14.2941264Z   Python3_ROOT_DIR: /opt/hostedtoolcache/Python/3.13.7/x64
2025-09-23T02:58:14.2942712Z   LD_LIBRARY_PATH: /opt/hostedtoolcache/Python/3.13.7/x64/lib
2025-09-23T02:58:14.2944050Z ##[endgroup]
2025-09-23T02:58:18.9078922Z Requirement already satisfied: pip in /opt/hostedtoolcache/Python/3.13.7/x64/lib/python3.13/site-packages (25.2)
2025-09-23T02:58:19.1585356Z ##[group]Run pip install -U scratchattach
2025-09-23T02:58:19.1585725Z [36;1mpip install -U scratchattach[0m
2025-09-23T02:58:19.1616298Z shell: /usr/bin/bash --noprofile --norc -e -o pipefail {0}
2025-09-23T02:58:19.1616641Z env:
2025-09-23T02:58:19.1616913Z   pythonLocation: /opt/hostedtoolcache/Python/3.13.7/x64
2025-09-23T02:58:19.1617317Z   PKG_CONFIG_PATH: /opt/hostedtoolcache/Python/3.13.7/x64/lib/pkgconfig
2025-09-23T02:58:19.1617722Z   Python_ROOT_DIR: /opt/hostedtoolcache/Python/3.13.7/x64
2025-09-23T02:58:19.1618078Z   Python2_ROOT_DIR: /opt/hostedtoolcache/Python/3.13.7/x64
2025-09-23T02:58:19.1618427Z   Python3_ROOT_DIR: /opt/hostedtoolcache/Python/3.13.7/x64
2025-09-23T02:58:19.1618782Z   LD_LIBRARY_PATH: /opt/hostedtoolcache/Python/3.13.7/x64/lib
2025-09-23T02:58:19.1619080Z ##[endgroup]
2025-09-23T02:58:19.6182452Z Collecting scratchattach
2025-09-23T02:58:19.6586407Z   Downloading scratchattach-2.1.13-py3-none-any.whl.metadata (5.5 kB)
2025-09-23T02:58:19.6831027Z Collecting websocket-client (from scratchattach)
2025-09-23T02:58:19.6863874Z   Downloading websocket_client-1.8.0-py3-none-any.whl.metadata (8.0 kB)
2025-09-23T02:58:19.7177852Z Collecting requests (from scratchattach)
2025-09-23T02:58:19.7270520Z   Downloading requests-2.32.5-py3-none-any.whl.metadata (4.9 kB)
2025-09-23T02:58:19.7398003Z Collecting bs4 (from scratchattach)
2025-09-23T02:58:19.7437852Z   Downloading bs4-0.0.2-py2.py3-none-any.whl.metadata (411 bytes)
2025-09-23T02:58:19.7545258Z Collecting SimpleWebSocketServer (from scratchattach)
2025-09-23T02:58:19.7617532Z   Downloading SimpleWebSocketServer-0.1.2.tar.gz (10 kB)
2025-09-23T02:58:19.7698588Z   Installing build dependencies: started
2025-09-23T02:58:20.5531356Z   Installing build dependencies: finished with status 'done'
2025-09-23T02:58:20.5537441Z   Getting requirements to build wheel: started
2025-09-23T02:58:21.0124472Z   Getting requirements to build wheel: finished with status 'done'
2025-09-23T02:58:21.0132971Z   Preparing metadata (pyproject.toml): started
2025-09-23T02:58:21.2553504Z   Preparing metadata (pyproject.toml): finished with status 'done'
2025-09-23T02:58:21.2769165Z Collecting typing-extensions (from scratchattach)
2025-09-23T02:58:21.2809249Z   Downloading typing_extensions-4.15.0-py3-none-any.whl.metadata (3.3 kB)
2025-09-23T02:58:21.2991379Z Collecting beautifulsoup4 (from bs4->scratchattach)
2025-09-23T02:58:21.3026336Z   Downloading beautifulsoup4-4.13.5-py3-none-any.whl.metadata (3.8 kB)
2025-09-23T02:58:21.3220000Z Collecting soupsieve>1.2 (from beautifulsoup4->bs4->scratchattach)
2025-09-23T02:58:21.3310473Z   Downloading soupsieve-2.8-py3-none-any.whl.metadata (4.6 kB)
2025-09-23T02:58:21.4181736Z Collecting charset_normalizer<4,>=2 (from requests->scratchattach)
2025-09-23T02:58:21.4213657Z   Downloading charset_normalizer-3.4.3-cp313-cp313-manylinux2014_x86_64.manylinux_2_17_x86_64.manylinux_2_28_x86_64.whl.metadata (36 kB)
2025-09-23T02:58:21.4387305Z Collecting idna<4,>=2.5 (from requests->scratchattach)
2025-09-23T02:58:21.4419674Z   Downloading idna-3.10-py3-none-any.whl.metadata (10 kB)
2025-09-23T02:58:21.4713251Z Collecting urllib3<3,>=1.21.1 (from requests->scratchattach)
2025-09-23T02:58:21.4752376Z   Downloading urllib3-2.5.0-py3-none-any.whl.metadata (6.5 kB)
2025-09-23T02:58:21.5094454Z Collecting certifi>=2017.4.17 (from requests->scratchattach)
2025-09-23T02:58:21.5125958Z   Downloading certifi-2025.8.3-py3-none-any.whl.metadata (2.4 kB)
2025-09-23T02:58:21.5234663Z Downloading scratchattach-2.1.13-py3-none-any.whl (141 kB)
2025-09-23T02:58:21.5317981Z Downloading bs4-0.0.2-py2.py3-none-any.whl (1.2 kB)
2025-09-23T02:58:21.5367811Z Downloading beautifulsoup4-4.13.5-py3-none-any.whl (105 kB)
2025-09-23T02:58:21.5420894Z Downloading soupsieve-2.8-py3-none-any.whl (36 kB)
2025-09-23T02:58:21.5482149Z Downloading typing_extensions-4.15.0-py3-none-any.whl (44 kB)
2025-09-23T02:58:21.5533787Z Downloading requests-2.32.5-py3-none-any.whl (64 kB)
2025-09-23T02:58:21.5589920Z Downloading charset_normalizer-3.4.3-cp313-cp313-manylinux2014_x86_64.manylinux_2_17_x86_64.manylinux_2_28_x86_64.whl (151 kB)
2025-09-23T02:58:21.5643441Z Downloading idna-3.10-py3-none-any.whl (70 kB)
2025-09-23T02:58:21.5697997Z Downloading urllib3-2.5.0-py3-none-any.whl (129 kB)
2025-09-23T02:58:21.5758529Z Downloading certifi-2025.8.3-py3-none-any.whl (161 kB)
2025-09-23T02:58:21.5826807Z Downloading websocket_client-1.8.0-py3-none-any.whl (58 kB)
2025-09-23T02:58:21.5956972Z Building wheels for collected packages: SimpleWebSocketServer
2025-09-23T02:58:21.5964949Z   Building wheel for SimpleWebSocketServer (pyproject.toml): started
2025-09-23T02:58:21.8158148Z   Building wheel for SimpleWebSocketServer (pyproject.toml): finished with status 'done'
2025-09-23T02:58:21.8164552Z   Created wheel for SimpleWebSocketServer: filename=simplewebsocketserver-0.1.2-py3-none-any.whl size=9715 sha256=f6912539aa4a3ade3dce65dbc4b08bce9bd3a194e161a305e1c680aaace61370
2025-09-23T02:58:21.8166171Z   Stored in directory: /home/runner/.cache/pip/wheels/c4/5b/e8/4f2c15a82edc4923058056f6681373168be02a0c00389a6dcf
2025-09-23T02:58:21.8184454Z Successfully built SimpleWebSocketServer
2025-09-23T02:58:21.8364199Z Installing collected packages: SimpleWebSocketServer, websocket-client, urllib3, typing-extensions, soupsieve, idna, charset_normalizer, certifi, requests, beautifulsoup4, bs4, scratchattach
2025-09-23T02:58:22.3973006Z 
2025-09-23T02:58:22.3994919Z Successfully installed SimpleWebSocketServer-0.1.2 beautifulsoup4-4.13.5 bs4-0.0.2 certifi-2025.8.3 charset_normalizer-3.4.3 idna-3.10 requests-2.32.5 scratchattach-2.1.13 soupsieve-2.8 typing-extensions-4.15.0 urllib3-2.5.0 websocket-client-1.8.0
2025-09-23T02:58:22.4813700Z ##[group]Run actions/checkout@v5.0.0
2025-09-23T02:58:22.4813978Z with:
2025-09-23T02:58:22.4814154Z   ref: main
2025-09-23T02:58:22.4814351Z   repository: Boss-1s/scratchattach
2025-09-23T02:58:22.4814721Z   token: ***
2025-09-23T02:58:22.4814907Z   ssh-strict: true
2025-09-23T02:58:22.4815092Z   ssh-user: git
2025-09-23T02:58:22.4815279Z   persist-credentials: true
2025-09-23T02:58:22.4815493Z   clean: true
2025-09-23T02:58:22.4815685Z   sparse-checkout-cone-mode: true
2025-09-23T02:58:22.4816181Z   fetch-depth: 1
2025-09-23T02:58:22.4816362Z   fetch-tags: false
2025-09-23T02:58:22.4816543Z   show-progress: true
2025-09-23T02:58:22.4816730Z   lfs: false
2025-09-23T02:58:22.4816901Z   submodules: false
2025-09-23T02:58:22.4817084Z   set-safe-directory: true
2025-09-23T02:58:22.4817283Z env:
2025-09-23T02:58:22.4817509Z   pythonLocation: /opt/hostedtoolcache/Python/3.13.7/x64
2025-09-23T02:58:22.4817896Z   PKG_CONFIG_PATH: /opt/hostedtoolcache/Python/3.13.7/x64/lib/pkgconfig
2025-09-23T02:58:22.4818305Z   Python_ROOT_DIR: /opt/hostedtoolcache/Python/3.13.7/x64
2025-09-23T02:58:22.4818637Z   Python2_ROOT_DIR: /opt/hostedtoolcache/Python/3.13.7/x64
2025-09-23T02:58:22.4818966Z   Python3_ROOT_DIR: /opt/hostedtoolcache/Python/3.13.7/x64
2025-09-23T02:58:22.4819349Z   LD_LIBRARY_PATH: /opt/hostedtoolcache/Python/3.13.7/x64/lib
2025-09-23T02:58:22.4819631Z ##[endgroup]
2025-09-23T02:58:22.5561128Z Syncing repository: Boss-1s/scratchattach
2025-09-23T02:58:22.5562105Z ##[group]Getting Git version info
2025-09-23T02:58:22.5562723Z Working directory is '/home/runner/work/scratchattach/scratchattach'
2025-09-23T02:58:22.5598144Z [command]/usr/bin/git version
2025-09-23T02:58:22.5632521Z git version 2.51.0
2025-09-23T02:58:22.5653244Z ##[endgroup]
2025-09-23T02:58:22.5665910Z Temporarily overriding HOME='/home/runner/work/_temp/3a085ed1-40ea-40ab-9130-6861eb880c2c' before making global git config changes
2025-09-23T02:58:22.5666680Z Adding repository directory to the temporary git global config as a safe directory
2025-09-23T02:58:22.5670593Z [command]/usr/bin/git config --global --add safe.directory /home/runner/work/scratchattach/scratchattach
2025-09-23T02:58:22.5706099Z [command]/usr/bin/git config --local --get remote.origin.url
2025-09-23T02:58:22.5726646Z https://github.com/Boss-1s/scratchattach
2025-09-23T02:58:22.5739657Z ##[group]Removing previously created refs, to avoid conflicts
2025-09-23T02:58:22.5744083Z [command]/usr/bin/git rev-parse --symbolic-full-name --verify --quiet HEAD
2025-09-23T02:58:22.5764633Z refs/heads/main
2025-09-23T02:58:22.5773900Z [command]/usr/bin/git checkout --detach
2025-09-23T02:58:22.5938152Z HEAD is now at 5795b3f [BOT] Download Logs
2025-09-23T02:58:22.5978670Z [command]/usr/bin/git branch --delete --force main
2025-09-23T02:58:22.6003449Z Deleted branch main (was 5795b3f).
2025-09-23T02:58:22.6038369Z ##[endgroup]
2025-09-23T02:58:22.6042069Z [command]/usr/bin/git submodule status
2025-09-23T02:58:22.6263674Z ##[group]Cleaning the repository
2025-09-23T02:58:22.6267325Z [command]/usr/bin/git clean -ffdx
2025-09-23T02:58:22.6300804Z [command]/usr/bin/git reset --hard HEAD
2025-09-23T02:58:22.6345163Z HEAD is now at 5795b3f [BOT] Download Logs
2025-09-23T02:58:22.6350469Z ##[endgroup]
2025-09-23T02:58:22.6352027Z ##[group]Disabling automatic garbage collection
2025-09-23T02:58:22.6355960Z [command]/usr/bin/git config --local gc.auto 0
2025-09-23T02:58:22.6381000Z ##[endgroup]
2025-09-23T02:58:22.6381396Z ##[group]Setting up auth
2025-09-23T02:58:22.6387699Z [command]/usr/bin/git config --local --name-only --get-regexp core\.sshCommand
2025-09-23T02:58:22.6415626Z [command]/usr/bin/git submodule foreach --recursive sh -c "git config --local --name-only --get-regexp 'core\.sshCommand' && git config --local --unset-all 'core.sshCommand' || :"
2025-09-23T02:58:22.6633460Z [command]/usr/bin/git config --local --name-only --get-regexp http\.https\:\/\/github\.com\/\.extraheader
2025-09-23T02:58:22.6653800Z http.https://github.com/.extraheader
2025-09-23T02:58:22.6661769Z [command]/usr/bin/git config --local --unset-all http.https://github.com/.extraheader
2025-09-23T02:58:22.6690026Z [command]/usr/bin/git submodule foreach --recursive sh -c "git config --local --name-only --get-regexp 'http\.https\:\/\/github\.com\/\.extraheader' && git config --local --unset-all 'http.https://github.com/.extraheader' || :"
2025-09-23T02:58:22.6906197Z [command]/usr/bin/git config --local http.https://github.com/.extraheader AUTHORIZATION: basic ***
2025-09-23T02:58:22.6939413Z ##[endgroup]
2025-09-23T02:58:22.6940034Z ##[group]Fetching the repository
2025-09-23T02:58:22.6948551Z [command]/usr/bin/git -c protocol.version=2 fetch --no-tags --prune --no-recurse-submodules --depth=1 origin +refs/heads/main*:refs/remotes/origin/main* +refs/tags/main*:refs/tags/main*
2025-09-23T02:58:22.8823014Z ##[endgroup]
2025-09-23T02:58:22.8823476Z ##[group]Determining the checkout info
2025-09-23T02:58:22.8829879Z [command]/usr/bin/git branch --list --remote origin/main
2025-09-23T02:58:22.8853836Z   origin/main
2025-09-23T02:58:22.8857984Z ##[endgroup]
2025-09-23T02:58:22.8862084Z [command]/usr/bin/git sparse-checkout disable
2025-09-23T02:58:22.8902177Z [command]/usr/bin/git config --local --unset-all extensions.worktreeConfig
2025-09-23T02:58:22.8926770Z ##[group]Checking out the ref
2025-09-23T02:58:22.8930581Z [command]/usr/bin/git checkout --progress --force -B main refs/remotes/origin/main
2025-09-23T02:58:22.8979099Z Switched to a new branch 'main'
2025-09-23T02:58:22.8981974Z branch 'main' set up to track 'origin/main'.
2025-09-23T02:58:22.8988014Z ##[endgroup]
2025-09-23T02:58:22.9022220Z [command]/usr/bin/git log -1 --format=%H
2025-09-23T02:58:22.9045025Z 5795b3f63bcc3d52b1bc8b3089305b5aa8496d6c
2025-09-23T02:58:22.9148382Z ##[group]Run python3 aesthetic_prioritizing.py
2025-09-23T02:58:22.9148742Z [36;1mpython3 aesthetic_prioritizing.py[0m
2025-09-23T02:58:22.9180688Z shell: /usr/bin/bash -e {0}
2025-09-23T02:58:22.9180922Z env:
2025-09-23T02:58:22.9181183Z   pythonLocation: /opt/hostedtoolcache/Python/3.13.7/x64
2025-09-23T02:58:22.9181599Z   PKG_CONFIG_PATH: /opt/hostedtoolcache/Python/3.13.7/x64/lib/pkgconfig
2025-09-23T02:58:22.9181986Z   Python_ROOT_DIR: /opt/hostedtoolcache/Python/3.13.7/x64
2025-09-23T02:58:22.9182357Z   Python2_ROOT_DIR: /opt/hostedtoolcache/Python/3.13.7/x64
2025-09-23T02:58:22.9182714Z   Python3_ROOT_DIR: /opt/hostedtoolcache/Python/3.13.7/x64
2025-09-23T02:58:22.9183374Z   LD_LIBRARY_PATH: /opt/hostedtoolcache/Python/3.13.7/x64/lib
2025-09-23T02:58:22.9183819Z   PASS: ***
2025-09-23T02:58:22.9184014Z ##[endgroup]
2025-09-23T03:03:46.2560864Z Prioritizing: Attempt 1
2025-09-23T03:03:46.2561544Z Projects already on top. No prioritizing needed.
2025-09-23T03:03:46.2562156Z Prioritized projects in your favorite list.
2025-09-23T03:03:46.2562553Z Prioritizing: Attempt 1
2025-09-23T03:03:46.2563126Z Unfollowed stuido 50609120
2025-09-23T03:03:46.2563480Z Followed studio 50609120 to move it to the top
2025-09-23T03:03:46.2563863Z Unfollowed stuido 50609126
2025-09-23T03:03:46.2564210Z Followed studio 50609126 to move it to the top
2025-09-23T03:03:46.2564594Z Unfollowed stuido 50609128
2025-09-23T03:03:46.2564924Z Followed studio 50609128 to move it to the top
2025-09-23T03:03:46.2565303Z Unfollowed stuido 50609129
2025-09-23T03:03:46.2565627Z Followed studio 50609129 to move it to the top
2025-09-23T03:03:46.2566037Z Prioritized studios in your favorite list.
2025-09-23T03:03:46.2846267Z Post job cleanup.
2025-09-23T03:03:46.3600863Z [command]/usr/bin/git version
2025-09-23T03:03:46.3635811Z git version 2.51.0
2025-09-23T03:03:46.3673564Z Temporarily overriding HOME='/home/runner/work/_temp/10410e24-fbd0-4f9c-9e9c-b1b19dfa28a4' before making global git config changes
2025-09-23T03:03:46.3674845Z Adding repository directory to the temporary git global config as a safe directory
2025-09-23T03:03:46.3679240Z [command]/usr/bin/git config --global --add safe.directory /home/runner/work/scratchattach/scratchattach
2025-09-23T03:03:46.3714417Z [command]/usr/bin/git config --local --name-only --get-regexp core\.sshCommand
2025-09-23T03:03:46.3746383Z [command]/usr/bin/git submodule foreach --recursive sh -c "git config --local --name-only --get-regexp 'core\.sshCommand' && git config --local --unset-all 'core.sshCommand' || :"
2025-09-23T03:03:46.3968708Z [command]/usr/bin/git config --local --name-only --get-regexp http\.https\:\/\/github\.com\/\.extraheader
2025-09-23T03:03:46.3990798Z http.https://github.com/.extraheader
2025-09-23T03:03:46.4001160Z [command]/usr/bin/git config --local --unset-all http.https://github.com/.extraheader
2025-09-23T03:03:46.4031423Z [command]/usr/bin/git submodule foreach --recursive sh -c "git config --local --name-only --get-regexp 'http\.https\:\/\/github\.com\/\.extraheader' && git config --local --unset-all 'http.https://github.com/.extraheader' || :"
2025-09-23T03:03:46.4351493Z Post job cleanup.
2025-09-23T03:03:46.5576386Z (node:2414) [DEP0040] DeprecationWarning: The `punycode` module is deprecated. Please use a userland alternative instead.
2025-09-23T03:03:46.5577544Z (Use `node --trace-deprecation ...` to show where the warning was created)
2025-09-23T03:03:46.5731020Z Post job cleanup.
2025-09-23T03:03:46.6517455Z [command]/usr/bin/git version
2025-09-23T03:03:46.6556395Z git version 2.51.0
2025-09-23T03:03:46.6594474Z Temporarily overriding HOME='/home/runner/work/_temp/43356865-5d4d-403e-a8bd-253cac0547c0' before making global git config changes
2025-09-23T03:03:46.6595752Z Adding repository directory to the temporary git global config as a safe directory
2025-09-23T03:03:46.6600859Z [command]/usr/bin/git config --global --add safe.directory /home/runner/work/scratchattach/scratchattach
2025-09-23T03:03:46.6640015Z [command]/usr/bin/git config --local --name-only --get-regexp core\.sshCommand
2025-09-23T03:03:46.6674276Z [command]/usr/bin/git submodule foreach --recursive sh -c "git config --local --name-only --get-regexp 'core\.sshCommand' && git config --local --unset-all 'core.sshCommand' || :"
2025-09-23T03:03:46.6917992Z [command]/usr/bin/git config --local --name-only --get-regexp http\.https\:\/\/github\.com\/\.extraheader
2025-09-23T03:03:46.6951708Z [command]/usr/bin/git submodule foreach --recursive sh -c "git config --local --name-only --get-regexp 'http\.https\:\/\/github\.com\/\.extraheader' && git config --local --unset-all 'http.https://github.com/.extraheader' || :"
2025-09-23T03:03:46.7300073Z Cleaning up orphan processes
