2025-09-27T07:10:33.2698227Z Current runner version: '2.328.0'
2025-09-27T07:10:33.2731214Z ##[group]Runner Image Provisioner
2025-09-27T07:10:33.2732311Z Hosted Compute Agent
2025-09-27T07:10:33.2733380Z Version: 20250912.392
2025-09-27T07:10:33.2734306Z Commit: d921fda672a98b64f4f82364647e2f10b2267d0b
2025-09-27T07:10:33.2735377Z Build Date: 2025-09-12T15:23:14Z
2025-09-27T07:10:33.2736528Z ##[endgroup]
2025-09-27T07:10:33.2737424Z ##[group]Operating System
2025-09-27T07:10:33.2738355Z Ubuntu
2025-09-27T07:10:33.2739124Z 24.04.3
2025-09-27T07:10:33.2739964Z LTS
2025-09-27T07:10:33.2740714Z ##[endgroup]
2025-09-27T07:10:33.2741981Z ##[group]Runner Image
2025-09-27T07:10:33.2742888Z Image: ubuntu-24.04
2025-09-27T07:10:33.2743859Z Version: 20250922.53.1
2025-09-27T07:10:33.2745878Z Included Software: https://github.com/actions/runner-images/blob/ubuntu24/20250922.53/images/ubuntu/Ubuntu2404-Readme.md
2025-09-27T07:10:33.2748590Z Image Release: https://github.com/actions/runner-images/releases/tag/ubuntu24%2F20250922.53
2025-09-27T07:10:33.2750650Z ##[endgroup]
2025-09-27T07:10:33.2753101Z ##[group]GITHUB_TOKEN Permissions
2025-09-27T07:10:33.2756109Z Actions: read
2025-09-27T07:10:33.2757046Z Contents: read
2025-09-27T07:10:33.2757852Z Metadata: read
2025-09-27T07:10:33.2758935Z Packages: read
2025-09-27T07:10:33.2759794Z SecurityEvents: write
2025-09-27T07:10:33.2760690Z ##[endgroup]
2025-09-27T07:10:33.2763908Z Secret source: Actions
2025-09-27T07:10:33.2765355Z Prepare workflow directory
2025-09-27T07:10:33.3405642Z Prepare all required actions
2025-09-27T07:10:33.3461339Z Getting action download info
2025-09-27T07:10:33.6626891Z Download action repository 'actions/checkout@v4' (SHA:08eba0b27e820071cde6df949e0beb9ba4906955)
2025-09-27T07:10:33.8243755Z Download action repository 'github/codeql-action@v3' (SHA:3599b3baa15b485a2e49ef411a7a4bb2452e7f93)
2025-09-27T07:10:34.7264619Z Complete job name: Analyze (actions)
2025-09-27T07:10:34.7972689Z ##[group]Run actions/checkout@v4
2025-09-27T07:10:34.7973963Z with:
2025-09-27T07:10:34.7974752Z   repository: Boss-1s/scratchattach
2025-09-27T07:10:34.7975999Z   token: ***
2025-09-27T07:10:34.7976738Z   ssh-strict: true
2025-09-27T07:10:34.7977501Z   ssh-user: git
2025-09-27T07:10:34.7978285Z   persist-credentials: true
2025-09-27T07:10:34.7979159Z   clean: true
2025-09-27T07:10:34.7979933Z   sparse-checkout-cone-mode: true
2025-09-27T07:10:34.7981109Z   fetch-depth: 1
2025-09-27T07:10:34.7981898Z   fetch-tags: false
2025-09-27T07:10:34.7982674Z   show-progress: true
2025-09-27T07:10:34.7983480Z   lfs: false
2025-09-27T07:10:34.7984202Z   submodules: false
2025-09-27T07:10:34.7984989Z   set-safe-directory: true
2025-09-27T07:10:34.7986094Z env:
2025-09-27T07:10:34.7986811Z   CODE_SCANNING_REF: refs/heads/main
2025-09-27T07:10:34.7987805Z   CODE_SCANNING_BASE_BRANCH: 
2025-09-27T07:10:34.7988817Z   CODE_SCANNING_IS_ANALYZING_DEFAULT_BRANCH: true
2025-09-27T07:10:34.7990075Z   CODE_SCANNING_IS_STEADY_STATE_DEFAULT_SETUP: true
2025-09-27T07:10:34.8014760Z   CODE_SCANNING_WORKFLOW_FILE: H4sIAAAAAAAA/6RV32/bNhB+919x8AakfZDzsD0JKFDFkRNvhp1aCrqsKAiaOslcZFLlD6dql/99oCjF0hLPGeon8/jx4919H0+C7jCE8VRm+GExHikrAh/6+ft3KLjZ2s0E9yjMhIvKGj1hMkOiGRWCi4IoK4jDw+PjSIoQslrQHWejEYp9OAKYri5jkkyj5XK+vCLrePZqYswd578ZLqIkJhfraDm9fi3ThmokG0UF277EOE9ItIwWd3+6xWU8i24X6f+8gWtCBS3rb26RYU5taf77xiSNo8s7kqRRGj9dmsTp7U0IRll8dubjav37bLH6SGbzRfzavB6kus9L+UByXjYKjf6SG+1k8emi+wvg9Y58CN447h01in+dlFQUlhbu7NsGqqzQgdPZgXIld78lq+WbFq2sEKje+pIBKlQ7rjWXQvt7ACgzzRIU0qyNMSkMCjMMVpTd0wKHQY3MKm7qoClZh/CguMFRR8KFxUCKAJWSKoScltpvaqOowaLussgpL4OcatMHQVtzBwLggpU2w0MAIICuI2FXS28XgLl7pKpDOH8CvoTbWF5mwU5mGIKQAgebvo0hnH0a240VxgYlNajN+PPZkVSq2mylOJnJC7AfSkQbrFppg9ZE0y2ye2kNKKyk5kaquqW02qnZNuOctbj3+19HA4K54IbTkn9D8CNpcNxb/ty5/EsZeLJzLrh5v/+lBT5wsz1I1vhccx3cc5HpENzJoHsfT6iuQ9r7+rn5Ry/1qwc9hPvgDCsUGQpWB4yyLReFP+T7OkGx50qKHQoD797BmS8u2EptMDvrE32xqLjLbjyGn+DSD5gmWoO23Rto30HOixD+7gnZDqRAo7FVOFBYqmIYAHBFlIF7fzqET68cNF4Q0pyCx0f43CM1W4XUNM0pG8p2t1M8cWlBpeTXGnKpQGHBtXH1tiQ8C/32aStoQ5UJGvAxRxzoCVOYoXB2a4XXyBQaPbmap9e3F2QdX82TdD2PE3KzXv1x15fk8PiOOGZo6xtUuVS71tN+1mquT1fUDupDNe131f/cN+LDwmdHrldJ2tbhHuakacNEWtMI1qyIM1e/jAHBzWp9kqCS6jjBNCLTeJ3OZ/NplManqBglDJXhOXfD6ijp7XqRnKKyqtQHgqHgh0nYU6oLukP/BAAA//+FBaDZAgkAAA==
2025-09-27T07:10:34.8039556Z ##[endgroup]
2025-09-27T07:10:34.9115829Z Syncing repository: Boss-1s/scratchattach
2025-09-27T07:10:34.9118331Z ##[group]Getting Git version info
2025-09-27T07:10:34.9119737Z Working directory is '/home/runner/work/scratchattach/scratchattach'
2025-09-27T07:10:34.9121977Z [command]/usr/bin/git version
2025-09-27T07:10:34.9173356Z git version 2.51.0
2025-09-27T07:10:34.9199286Z ##[endgroup]
2025-09-27T07:10:34.9213658Z Temporarily overriding HOME='/home/runner/work/_temp/90c2f30f-f417-4403-9b1c-906e6daf7c6c' before making global git config changes
2025-09-27T07:10:34.9216299Z Adding repository directory to the temporary git global config as a safe directory
2025-09-27T07:10:34.9219812Z [command]/usr/bin/git config --global --add safe.directory /home/runner/work/scratchattach/scratchattach
2025-09-27T07:10:34.9255781Z Deleting the contents of '/home/runner/work/scratchattach/scratchattach'
2025-09-27T07:10:34.9259468Z ##[group]Initializing the repository
2025-09-27T07:10:34.9264418Z [command]/usr/bin/git init /home/runner/work/scratchattach/scratchattach
2025-09-27T07:10:34.9364780Z hint: Using 'master' as the name for the initial branch. This default branch name
2025-09-27T07:10:34.9366855Z hint: is subject to change. To configure the initial branch name to use in all
2025-09-27T07:10:34.9369256Z hint: of your new repositories, which will suppress this warning, call:
2025-09-27T07:10:34.9371766Z hint:
2025-09-27T07:10:34.9373369Z hint: 	git config --global init.defaultBranch <name>
2025-09-27T07:10:34.9375395Z hint:
2025-09-27T07:10:34.9377229Z hint: Names commonly chosen instead of 'master' are 'main', 'trunk' and
2025-09-27T07:10:34.9380348Z hint: 'development'. The just-created branch can be renamed via this command:
2025-09-27T07:10:34.9383360Z hint:
2025-09-27T07:10:34.9384625Z hint: 	git branch -m <name>
2025-09-27T07:10:34.9386026Z hint:
2025-09-27T07:10:34.9387992Z hint: Disable this message with "git config set advice.defaultBranchName false"
2025-09-27T07:10:34.9390094Z Initialized empty Git repository in /home/runner/work/scratchattach/scratchattach/.git/
2025-09-27T07:10:34.9393780Z [command]/usr/bin/git remote add origin https://github.com/Boss-1s/scratchattach
2025-09-27T07:10:34.9420576Z ##[endgroup]
2025-09-27T07:10:34.9423182Z ##[group]Disabling automatic garbage collection
2025-09-27T07:10:34.9425377Z [command]/usr/bin/git config --local gc.auto 0
2025-09-27T07:10:34.9454184Z ##[endgroup]
2025-09-27T07:10:34.9456398Z ##[group]Setting up auth
2025-09-27T07:10:34.9461742Z [command]/usr/bin/git config --local --name-only --get-regexp core\.sshCommand
2025-09-27T07:10:34.9493379Z [command]/usr/bin/git submodule foreach --recursive sh -c "git config --local --name-only --get-regexp 'core\.sshCommand' && git config --local --unset-all 'core.sshCommand' || :"
2025-09-27T07:10:34.9798759Z [command]/usr/bin/git config --local --name-only --get-regexp http\.https\:\/\/github\.com\/\.extraheader
2025-09-27T07:10:34.9830272Z [command]/usr/bin/git submodule foreach --recursive sh -c "git config --local --name-only --get-regexp 'http\.https\:\/\/github\.com\/\.extraheader' && git config --local --unset-all 'http.https://github.com/.extraheader' || :"
2025-09-27T07:10:35.0045421Z [command]/usr/bin/git config --local http.https://github.com/.extraheader AUTHORIZATION: basic ***
2025-09-27T07:10:35.0079314Z ##[endgroup]
2025-09-27T07:10:35.0081899Z ##[group]Fetching the repository
2025-09-27T07:10:35.0098361Z [command]/usr/bin/git -c protocol.version=2 fetch --no-tags --prune --no-recurse-submodules --depth=1 origin +44794823d1736619cda105930eb5c726ab6cd047:refs/remotes/origin/main
2025-09-27T07:10:35.7363665Z From https://github.com/Boss-1s/scratchattach
2025-09-27T07:10:35.7365333Z  * [new ref]         44794823d1736619cda105930eb5c726ab6cd047 -> origin/main
2025-09-27T07:10:35.7393868Z ##[endgroup]
2025-09-27T07:10:35.7395341Z ##[group]Determining the checkout info
2025-09-27T07:10:35.7397091Z ##[endgroup]
2025-09-27T07:10:35.7400347Z [command]/usr/bin/git sparse-checkout disable
2025-09-27T07:10:35.7442382Z [command]/usr/bin/git config --local --unset-all extensions.worktreeConfig
2025-09-27T07:10:35.7471077Z ##[group]Checking out the ref
2025-09-27T07:10:35.7474752Z [command]/usr/bin/git checkout --progress --force -B main refs/remotes/origin/main
2025-09-27T07:10:35.8725251Z Switched to a new branch 'main'
2025-09-27T07:10:35.8726891Z branch 'main' set up to track 'origin/main'.
2025-09-27T07:10:35.8745355Z ##[endgroup]
2025-09-27T07:10:35.8785009Z [command]/usr/bin/git log -1 --format=%H
2025-09-27T07:10:35.8805797Z 44794823d1736619cda105930eb5c726ab6cd047
2025-09-27T07:10:35.9139167Z ##[group]Run github/codeql-action/init@v3
2025-09-27T07:10:35.9140178Z with:
2025-09-27T07:10:35.9141004Z   analysis-kinds: code-scanning
2025-09-27T07:10:35.9141905Z   languages: actions
2025-09-27T07:10:35.9142663Z   build-mode: none
2025-09-27T07:10:35.9143426Z   dependency-caching: true
2025-09-27T07:10:35.9144650Z   config: default-setup:
  org:
    model-packs: [  ]
threat-models: [  ]

2025-09-27T07:10:35.9146212Z   token: ***
2025-09-27T07:10:35.9147745Z   matrix: {
  "language": "actions",
  "category": "/language:actions",
  "build-mode": "none",
  "runner": "[\"ubuntu-latest\"]"
}
2025-09-27T07:10:35.9149503Z   debug: false
2025-09-27T07:10:35.9150181Z env:
2025-09-27T07:10:35.9150962Z   CODE_SCANNING_REF: refs/heads/main
2025-09-27T07:10:35.9151912Z   CODE_SCANNING_BASE_BRANCH: 
2025-09-27T07:10:35.9152876Z   CODE_SCANNING_IS_ANALYZING_DEFAULT_BRANCH: true
2025-09-27T07:10:35.9154036Z   CODE_SCANNING_IS_STEADY_STATE_DEFAULT_SETUP: true
2025-09-27T07:10:35.9177605Z   CODE_SCANNING_WORKFLOW_FILE: H4sIAAAAAAAA/6RV32/bNhB+919x8AakfZDzsD0JKFDFkRNvhp1aCrqsKAiaOslcZFLlD6dql/99oCjF0hLPGeon8/jx4919H0+C7jCE8VRm+GExHikrAh/6+ft3KLjZ2s0E9yjMhIvKGj1hMkOiGRWCi4IoK4jDw+PjSIoQslrQHWejEYp9OAKYri5jkkyj5XK+vCLrePZqYswd578ZLqIkJhfraDm9fi3ThmokG0UF277EOE9ItIwWd3+6xWU8i24X6f+8gWtCBS3rb26RYU5taf77xiSNo8s7kqRRGj9dmsTp7U0IRll8dubjav37bLH6SGbzRfzavB6kus9L+UByXjYKjf6SG+1k8emi+wvg9Y58CN447h01in+dlFQUlhbu7NsGqqzQgdPZgXIld78lq+WbFq2sEKje+pIBKlQ7rjWXQvt7ACgzzRIU0qyNMSkMCjMMVpTd0wKHQY3MKm7qoClZh/CguMFRR8KFxUCKAJWSKoScltpvaqOowaLussgpL4OcatMHQVtzBwLggpU2w0MAIICuI2FXS28XgLl7pKpDOH8CvoTbWF5mwU5mGIKQAgebvo0hnH0a240VxgYlNajN+PPZkVSq2mylOJnJC7AfSkQbrFppg9ZE0y2ye2kNKKyk5kaquqW02qnZNuOctbj3+19HA4K54IbTkn9D8CNpcNxb/ty5/EsZeLJzLrh5v/+lBT5wsz1I1vhccx3cc5HpENzJoHsfT6iuQ9r7+rn5Ry/1qwc9hPvgDCsUGQpWB4yyLReFP+T7OkGx50qKHQoD797BmS8u2EptMDvrE32xqLjLbjyGn+DSD5gmWoO23Rto30HOixD+7gnZDqRAo7FVOFBYqmIYAHBFlIF7fzqET68cNF4Q0pyCx0f43CM1W4XUNM0pG8p2t1M8cWlBpeTXGnKpQGHBtXH1tiQ8C/32aStoQ5UJGvAxRxzoCVOYoXB2a4XXyBQaPbmap9e3F2QdX82TdD2PE3KzXv1x15fk8PiOOGZo6xtUuVS71tN+1mquT1fUDupDNe131f/cN+LDwmdHrldJ2tbhHuakacNEWtMI1qyIM1e/jAHBzWp9kqCS6jjBNCLTeJ3OZ/NplManqBglDJXhOXfD6ijp7XqRnKKyqtQHgqHgh0nYU6oLukP/BAAA//+FBaDZAgkAAA==
2025-09-27T07:10:35.9201785Z ##[endgroup]
2025-09-27T07:10:36.4761295Z Job run UUID is ac727419-651b-431a-85c7-d0dfcab9064c.
2025-09-27T07:10:36.9195716Z ##[group]Setup CodeQL tools
2025-09-27T07:10:36.9261544Z [command]/usr/bin/tar --version
2025-09-27T07:10:36.9291121Z tar (GNU tar) 1.35
2025-09-27T07:10:36.9292385Z Copyright (C) 2023 Free Software Foundation, Inc.
2025-09-27T07:10:36.9294663Z License GPLv3+: GNU GPL version 3 or later <https://gnu.org/licenses/gpl.html>.
2025-09-27T07:10:36.9295698Z This is free software: you are free to change and redistribute it.
2025-09-27T07:10:36.9296516Z There is NO WARRANTY, to the extent permitted by law.
2025-09-27T07:10:36.9296989Z 
2025-09-27T07:10:36.9297241Z Written by John Gilmore and Jay Fenlason.
2025-09-27T07:10:36.9298486Z Found gnu tar version 1.35.
2025-09-27T07:10:36.9541196Z Did not find CodeQL tools version 2.23.1 in the toolcache.
2025-09-27T07:10:36.9547607Z Using CodeQL CLI version 2.23.1 sourced from https://github.com/github/codeql-action/releases/download/codeql-bundle-v2.23.1/codeql-bundle-linux64.tar.zst .
2025-09-27T07:10:36.9554236Z Downloading CodeQL tools from https://github.com/github/codeql-action/releases/download/codeql-bundle-v2.23.1/codeql-bundle-linux64.tar.zst . This may take a while.
2025-09-27T07:10:36.9555849Z Streaming the extraction of the CodeQL bundle.
2025-09-27T07:10:37.1582351Z [command]tar -x --zstd --ignore-zeros --warning=no-unknown-keyword --overwrite -f - -C /opt/hostedtoolcache/CodeQL/2.23.1/x64
2025-09-27T07:10:41.4309626Z Finished downloading and extracting CodeQL bundle to /opt/hostedtoolcache/CodeQL/2.23.1/x64 (4.5s).
2025-09-27T07:10:41.4312521Z Created toolcache marker file /opt/hostedtoolcache/CodeQL/2.23.1/x64.complete
2025-09-27T07:10:42.0595862Z [command]/opt/hostedtoolcache/CodeQL/2.23.1/x64/codeql/codeql version --format=json
2025-09-27T07:10:42.6647500Z {
2025-09-27T07:10:42.6650196Z   "productName" : "CodeQL",
2025-09-27T07:10:42.6650676Z   "vendor" : "GitHub",
2025-09-27T07:10:42.6651312Z   "version" : "2.23.1",
2025-09-27T07:10:42.6651733Z   "sha" : "667d8f3cb113a2e71acbc9f9fc5761eb13fa0e84",
2025-09-27T07:10:42.6652256Z   "branches" : [
2025-09-27T07:10:42.6652620Z     "codeql-cli-2.23.1"
2025-09-27T07:10:42.6652940Z   ],
2025-09-27T07:10:42.6653295Z   "copyright" : "Copyright (C) 2019-2025 GitHub, Inc.",
2025-09-27T07:10:42.6653835Z   "unpackedLocation" : "/opt/hostedtoolcache/CodeQL/2.23.1/x64/codeql",
2025-09-27T07:10:42.6654286Z   "configFileLocation" : "/home/runner/.config/codeql/config",
2025-09-27T07:10:42.6654630Z   "configFileFound" : false,
2025-09-27T07:10:42.6654887Z   "overlayVersion" : 4,
2025-09-27T07:10:42.6655084Z   "features" : {
2025-09-27T07:10:42.6655296Z     "analysisSummaryV2Default" : true,
2025-09-27T07:10:42.6655547Z     "buildModeOption" : true,
2025-09-27T07:10:42.6655830Z     "bundleSupportsIncludeDiagnostics" : true,
2025-09-27T07:10:42.6656119Z     "bundleSupportsIncludeLogs" : true,
2025-09-27T07:10:42.6656467Z     "databaseInterpretResultsSupportsSarifRunProperty" : true,
2025-09-27T07:10:42.6656836Z     "featuresInVersionResult" : true,
2025-09-27T07:10:42.6657150Z     "indirectTracingSupportsStaticBinaries" : false,
2025-09-27T07:10:42.6657496Z     "informsAboutUnsupportedPathFilters" : true,
2025-09-27T07:10:42.6657782Z     "supportsPython312" : true,
2025-09-27T07:10:42.6658013Z     "mrvaPackCreate" : true,
2025-09-27T07:10:42.6658234Z     "threatModelOption" : true,
2025-09-27T07:10:42.6658507Z     "traceCommandUseBuildMode" : true,
2025-09-27T07:10:42.6658792Z     "v2ramSizing" : true,
2025-09-27T07:10:42.6659073Z     "mrvaPackCreateMultipleQueries" : true,
2025-09-27T07:10:42.6659343Z     "setsCodeqlRunnerEnvVar" : true,
2025-09-27T07:10:42.6659612Z     "sarifMergeRunsFromEqualCategory" : true,
2025-09-27T07:10:42.6659876Z     "forceOverwrite" : true,
2025-09-27T07:10:42.6660117Z     "generateSummarySymbolMap" : true,
2025-09-27T07:10:42.6660401Z     "pythonDefaultIsToNotExtractStdlib" : true,
2025-09-27T07:10:42.6660676Z     "queryServerRunQueries" : true,
2025-09-27T07:10:42.6722684Z     "queryServerTrimCacheWithMode" : true,
2025-09-27T07:10:42.6723303Z     "builtinExtractorsSpecifyDefaultQueries" : true
2025-09-27T07:10:42.6723851Z   }
2025-09-27T07:10:42.6724091Z }
2025-09-27T07:10:42.6779770Z ##[endgroup]
2025-09-27T07:10:42.6780432Z ##[group]Validating workflow
2025-09-27T07:10:42.6829501Z Detected no issues with the code scanning workflow.
2025-09-27T07:10:42.6830383Z ##[endgroup]
2025-09-27T07:10:42.6834003Z ##[group]Load language configuration
2025-09-27T07:10:42.6847309Z [command]/opt/hostedtoolcache/CodeQL/2.23.1/x64/codeql/codeql resolve languages --format=betterjson --extractor-options-verbosity=4 --extractor-include-aliases
2025-09-27T07:10:43.5582543Z {
2025-09-27T07:10:43.5582910Z   "aliases" : {
2025-09-27T07:10:43.5583250Z     "c" : "cpp",
2025-09-27T07:10:43.5583598Z     "c++" : "cpp",
2025-09-27T07:10:43.5583913Z     "c-c++" : "cpp",
2025-09-27T07:10:43.5584250Z     "c-cpp" : "cpp",
2025-09-27T07:10:43.5584592Z     "c#" : "csharp",
2025-09-27T07:10:43.5584937Z     "java-kotlin" : "java",
2025-09-27T07:10:43.5585333Z     "kotlin" : "java",
2025-09-27T07:10:43.5585706Z     "javascript-typescript" : "javascript",
2025-09-27T07:10:43.5586591Z     "typescript" : "javascript"
2025-09-27T07:10:43.5586953Z   },
2025-09-27T07:10:43.5587229Z   "extractors" : {
2025-09-27T07:10:43.5587544Z     "xml" : [
2025-09-27T07:10:43.5587845Z       {
2025-09-27T07:10:43.5588303Z         "extractor_root" : "/opt/hostedtoolcache/CodeQL/2.23.1/x64/codeql/xml"
2025-09-27T07:10:43.5588876Z       }
2025-09-27T07:10:43.5589138Z     ],
2025-09-27T07:10:43.5589425Z     "python" : [
2025-09-27T07:10:43.5589734Z       {
2025-09-27T07:10:43.5590227Z         "extractor_root" : "/opt/hostedtoolcache/CodeQL/2.23.1/x64/codeql/python",
2025-09-27T07:10:43.5591053Z         "extractor_options" : {
2025-09-27T07:10:43.5591678Z           "logging" : {
2025-09-27T07:10:43.5592090Z             "title" : "Options pertaining to logging.",
2025-09-27T07:10:43.5592629Z             "description" : "Options pertaining to logging.",
2025-09-27T07:10:43.5593203Z             "type" : "object",
2025-09-27T07:10:43.5593568Z             "properties" : {
2025-09-27T07:10:43.5593955Z               "verbosity" : {
2025-09-27T07:10:43.5594399Z                 "title" : "Python extractor logging verbosity level.",
2025-09-27T07:10:43.5596027Z                 "description" : "Controls the level of verbosity of the CodeQL Python extractor.\nThe supported levels are (in order of increasing verbosity):\n\n  - off\n  - errors\n  - warnings\n  - info or progress\n  - debug or progress+\n  - trace or progress++\n  - progress+++\n",
2025-09-27T07:10:43.5597592Z                 "type" : "string",
2025-09-27T07:10:43.5598351Z                 "pattern" : "^(off|errors|warnings|(info|progress)|(debug|progress\\+)|(trace|progress\\+\\+)|progress\\+\\+\\+)$"
2025-09-27T07:10:43.5599115Z               }
2025-09-27T07:10:43.5599409Z             }
2025-09-27T07:10:43.5599700Z           },
2025-09-27T07:10:43.5600025Z           "python_executable_name" : {
2025-09-27T07:10:43.5600663Z             "title" : "Controls the name of the Python executable used by the Python extractor.",
2025-09-27T07:10:43.5603128Z             "description" : "The Python extractor uses platform-dependent heuristics to determine the name of the Python executable to use. Specifying a value for this option overrides the name of the Python executable used by the extractor. Accepted values are py, python and python3. Use this setting with caution, the Python extractor requires Python 3 to run.\n",
2025-09-27T07:10:43.5605172Z             "type" : "string",
2025-09-27T07:10:43.5605584Z             "pattern" : "^(py|python|python3)$"
2025-09-27T07:10:43.5606006Z           }
2025-09-27T07:10:43.5606279Z         }
2025-09-27T07:10:43.5606550Z       }
2025-09-27T07:10:43.5606815Z     ],
2025-09-27T07:10:43.5607115Z     "javascript" : [
2025-09-27T07:10:43.5607433Z       {
2025-09-27T07:10:43.5607952Z         "extractor_root" : "/opt/hostedtoolcache/CodeQL/2.23.1/x64/codeql/javascript",
2025-09-27T07:10:43.5608593Z         "extractor_options" : {
2025-09-27T07:10:43.5608967Z           "trap" : {
2025-09-27T07:10:43.5609323Z             "title" : "TRAP options",
2025-09-27T07:10:43.5609895Z             "description" : "Options about how the extractor handles TRAP files",
2025-09-27T07:10:43.5610508Z             "type" : "object",
2025-09-27T07:10:43.5633749Z             "visibility" : 3,
2025-09-27T07:10:43.5634174Z             "properties" : {
2025-09-27T07:10:43.5634542Z               "cache" : {
2025-09-27T07:10:43.5634920Z                 "title" : "TRAP cache options",
2025-09-27T07:10:43.5635543Z                 "description" : "Options about how the extractor handles its TRAP cache",
2025-09-27T07:10:43.5636156Z                 "type" : "object",
2025-09-27T07:10:43.5636562Z                 "properties" : {
2025-09-27T07:10:43.5636936Z                   "dir" : {
2025-09-27T07:10:43.5637308Z                     "title" : "TRAP cache directory",
2025-09-27T07:10:43.5637861Z                     "description" : "The directory of the TRAP cache to use",
2025-09-27T07:10:43.5638386Z                     "type" : "string"
2025-09-27T07:10:43.5639204Z                   },
2025-09-27T07:10:43.5639529Z                   "bound" : {
2025-09-27T07:10:43.5639935Z                     "title" : "TRAP cache bound",
2025-09-27T07:10:43.5640589Z                     "description" : "A soft limit (in MB) on the size of the TRAP cache",
2025-09-27T07:10:43.5641377Z                     "type" : "string",
2025-09-27T07:10:43.5641784Z                     "pattern" : "[0-9]+"
2025-09-27T07:10:43.5642183Z                   },
2025-09-27T07:10:43.5642493Z                   "write" : {
2025-09-27T07:10:43.5642879Z                     "title" : "TRAP cache writeable",
2025-09-27T07:10:43.5643687Z                     "description" : "Whether to write to the TRAP cache as well as reading it",
2025-09-27T07:10:43.5644301Z                     "type" : "string",
2025-09-27T07:10:43.5644741Z                     "pattern" : "(true|TRUE|false|FALSE)"
2025-09-27T07:10:43.5645161Z                   }
2025-09-27T07:10:43.5645457Z                 }
2025-09-27T07:10:43.5645747Z               }
2025-09-27T07:10:43.5646031Z             }
2025-09-27T07:10:43.5646300Z           },
2025-09-27T07:10:43.5646603Z           "skip_types" : {
2025-09-27T07:10:43.5647017Z             "title" : "Skip type extraction for TypeScript",
2025-09-27T07:10:43.5647742Z             "description" : "Whether to skip the extraction of types in a TypeScript application",
2025-09-27T07:10:43.5648408Z             "type" : "string",
2025-09-27T07:10:43.5648789Z             "pattern" : "^(false|true)$"
2025-09-27T07:10:43.5649187Z           }
2025-09-27T07:10:43.5649451Z         }
2025-09-27T07:10:43.5649717Z       }
2025-09-27T07:10:43.5649970Z     ],
2025-09-27T07:10:43.5650240Z     "rust" : [
2025-09-27T07:10:43.5650520Z       {
2025-09-27T07:10:43.5651138Z         "extractor_root" : "/opt/hostedtoolcache/CodeQL/2.23.1/x64/codeql/rust",
2025-09-27T07:10:43.5651732Z         "extractor_options" : {
2025-09-27T07:10:43.5652107Z           "trap" : {
2025-09-27T07:10:43.5652465Z             "title" : "Options pertaining to TRAP.",
2025-09-27T07:10:43.5652980Z             "description" : "Options pertaining to TRAP.",
2025-09-27T07:10:43.5653451Z             "type" : "object",
2025-09-27T07:10:43.5653816Z             "properties" : {
2025-09-27T07:10:43.5654183Z               "compression" : {
2025-09-27T07:10:43.5654758Z                 "title" : "Controls compression for the TRAP files written by the extractor.",
2025-09-27T07:10:43.5656435Z                 "description" : "This option is only intended for use in debugging the extractor. Accepted values are 'gzip' (to write gzip-compressed TRAP) 'zstd' (to write Zstandard-compressed TRAP) and 'none' (the default, to write uncompressed TRAP).\n",
2025-09-27T07:10:43.5657993Z                 "type" : "string",
2025-09-27T07:10:43.5658393Z                 "pattern" : "^(none|gzip|zstd)$"
2025-09-27T07:10:43.5658797Z               }
2025-09-27T07:10:43.5659064Z             }
2025-09-27T07:10:43.5659327Z           },
2025-09-27T07:10:43.5659611Z           "cargo_target_dir" : {
2025-09-27T07:10:43.5660051Z             "title" : "Directory to use for cargo output files.",
2025-09-27T07:10:43.5661923Z             "description" : "This value is an optional path to use as `CARGO_TARGET_DIR` for the internal cargo commands the extractor uses. Pointing it to a persistent directory may reduce execution time of consecutive extractor runs. By default, a new scratch directory is used for each run.\n",
2025-09-27T07:10:43.5663547Z             "type" : "string"
2025-09-27T07:10:43.5663888Z           },
2025-09-27T07:10:43.5664171Z           "cargo_target" : {
2025-09-27T07:10:43.5664545Z             "title" : "Target architecture",
2025-09-27T07:10:43.5665436Z             "description" : "Target architecture to use for analysis, analogous to `cargo --target`. By default the host architecture is used.\n",
2025-09-27T07:10:43.5666411Z             "type" : "string"
2025-09-27T07:10:43.5666740Z           },
2025-09-27T07:10:43.5667050Z           "cargo_features" : {
2025-09-27T07:10:43.5667629Z             "title" : "Cargo features to turn on",
2025-09-27T07:10:43.5669274Z             "description" : "Comma-separated list of features to turn on. By default all features are enabled. If any features are specified, then only those features are enabled. The `default` feature must be explicitly specified if only default features are desired. Can be repeated.\n",
2025-09-27T07:10:43.5671047Z             "type" : "array"
2025-09-27T07:10:43.5671368Z           },
2025-09-27T07:10:43.5671676Z           "cargo_cfg_overrides" : {
2025-09-27T07:10:43.5672099Z             "title" : "Cargo cfg overrides",
2025-09-27T07:10:43.5672844Z             "description" : "Comma-separated list of cfg settings to enable, or disable if prefixed with `-`. Can be repeated.\n",
2025-09-27T07:10:43.5673327Z             "type" : "array"
2025-09-27T07:10:43.5673521Z           },
2025-09-27T07:10:43.5673692Z           "logging" : {
2025-09-27T07:10:43.5673908Z             "title" : "Options pertaining to logging.",
2025-09-27T07:10:43.5674220Z             "description" : "Options pertaining to logging.",
2025-09-27T07:10:43.5674494Z             "type" : "object",
2025-09-27T07:10:43.5674706Z             "properties" : {
2025-09-27T07:10:43.5674907Z               "verbosity" : {
2025-09-27T07:10:43.5675152Z                 "title" : "Extractor logging verbosity level.",
2025-09-27T07:10:43.5676001Z                 "description" : "Controls the level of verbosity of the extractor. The supported levels are (in order of increasing verbosity):\n  - off\n  - errors\n  - warnings\n  - info or progress\n  - debug or progress+\n  - trace or progress++\n  - progress+++\n",
2025-09-27T07:10:43.5676812Z                 "type" : "string",
2025-09-27T07:10:43.5677238Z                 "pattern" : "^(off|errors|warnings|(info|progress)|(debug|progress\\+)|(trace|progress\\+\\+)|progress\\+\\+\\+)$"
2025-09-27T07:10:43.5677659Z               },
2025-09-27T07:10:43.5677839Z               "flamegraph" : {
2025-09-27T07:10:43.5678127Z                 "title" : "[Experimental] File path for write flame graph log",
2025-09-27T07:10:43.5678910Z                 "description" : "Collect flame graph data using the `tracing-flame` crate. To render a flame graph or chart, run the `inferno-flamegraph` command. See also: https://crates.io/crates/tracing-flame\n",
2025-09-27T07:10:43.5679606Z                 "type" : "string"
2025-09-27T07:10:43.5679808Z               }
2025-09-27T07:10:43.5679976Z             }
2025-09-27T07:10:43.5680132Z           },
2025-09-27T07:10:43.5680323Z           "extract_dependencies_as_source" : {
2025-09-27T07:10:43.5680605Z             "title" : "Extract dependencies as source code",
2025-09-27T07:10:43.5681324Z             "description" : "Extract the full source code of dependencies instead of only extracting signatures.\n",
2025-09-27T07:10:43.5681756Z             "type" : "string",
2025-09-27T07:10:43.5681972Z             "pattern" : "^(false|true)$"
2025-09-27T07:10:43.5682205Z           }
2025-09-27T07:10:43.5682373Z         }
2025-09-27T07:10:43.5682534Z       }
2025-09-27T07:10:43.5682683Z     ],
2025-09-27T07:10:43.5682844Z     "csv" : [
2025-09-27T07:10:43.5683000Z       {
2025-09-27T07:10:43.5683253Z         "extractor_root" : "/opt/hostedtoolcache/CodeQL/2.23.1/x64/codeql/csv"
2025-09-27T07:10:43.5683565Z       }
2025-09-27T07:10:43.5683717Z     ],
2025-09-27T07:10:43.5683871Z     "cpp" : [
2025-09-27T07:10:43.5684026Z       {
2025-09-27T07:10:43.5684274Z         "extractor_root" : "/opt/hostedtoolcache/CodeQL/2.23.1/x64/codeql/cpp",
2025-09-27T07:10:43.5684602Z         "extractor_options" : {
2025-09-27T07:10:43.5684815Z           "trap" : {
2025-09-27T07:10:43.5685010Z             "title" : "TRAP options",
2025-09-27T07:10:43.5685338Z             "description" : "Options about how the extractor handles TRAP files",
2025-09-27T07:10:43.5685668Z             "type" : "object",
2025-09-27T07:10:43.5685889Z             "visibility" : 3,
2025-09-27T07:10:43.5686101Z             "properties" : {
2025-09-27T07:10:43.5686444Z               "cache" : {
2025-09-27T07:10:43.5686661Z                 "title" : "TRAP cache options",
2025-09-27T07:10:43.5687012Z                 "description" : "Options about how the extractor handles its TRAP cache",
2025-09-27T07:10:43.5687357Z                 "type" : "object",
2025-09-27T07:10:43.5687576Z                 "properties" : {
2025-09-27T07:10:43.5687792Z                   "dir" : {
2025-09-27T07:10:43.5688014Z                     "title" : "TRAP cache directory",
2025-09-27T07:10:43.5688332Z                     "description" : "The directory of the TRAP cache to use",
2025-09-27T07:10:43.5688640Z                     "type" : "string"
2025-09-27T07:10:43.5688979Z                   },
2025-09-27T07:10:43.5689169Z                   "bound" : {
2025-09-27T07:10:43.5689384Z                     "title" : "TRAP cache bound",
2025-09-27T07:10:43.5689714Z                     "description" : "A soft limit (in MB) on the size of the TRAP cache",
2025-09-27T07:10:43.5690040Z                     "type" : "string",
2025-09-27T07:10:43.5690274Z                     "pattern" : "[0-9]+"
2025-09-27T07:10:43.5690497Z                   },
2025-09-27T07:10:43.5690682Z                   "write" : {
2025-09-27T07:10:43.5691067Z                     "title" : "TRAP cache writeable",
2025-09-27T07:10:43.5691426Z                     "description" : "Whether to write to the TRAP cache as well as reading it",
2025-09-27T07:10:43.5691770Z                     "type" : "string",
2025-09-27T07:10:43.5692013Z                     "pattern" : "(true|TRUE|false|FALSE)"
2025-09-27T07:10:43.5692262Z                   }
2025-09-27T07:10:43.5692430Z                 }
2025-09-27T07:10:43.5692609Z               }
2025-09-27T07:10:43.5692771Z             }
2025-09-27T07:10:43.5692950Z           },
2025-09-27T07:10:43.5693128Z           "scale_timeouts" : {
2025-09-27T07:10:43.5693414Z             "title" : "Value to scale compiler introspection timeouts with",
2025-09-27T07:10:43.5694686Z             "description" : "The extractor attempts to determine what compiler the source code being extracted is compiled with. To this end the extractor makes additional calls to the compiler, some of which are expected to return within a certain fixed time (either 10s or 15s). On some systems that are under high load this time might be too short, and can be scaled up using this option.\n",
2025-09-27T07:10:43.5695873Z             "type" : "string",
2025-09-27T07:10:43.5696088Z             "pattern" : "[0-9]+"
2025-09-27T07:10:43.5696298Z           },
2025-09-27T07:10:43.5696485Z           "log_verbosity" : {
2025-09-27T07:10:43.5696735Z             "title" : "Verbosity of the extractor logging",
2025-09-27T07:10:43.5697277Z             "description" : "Set the verbosity of the extractor logging to 'quiet' (0), 'normal' (1), 'chatty' (2), or 'noisy' (3). The default is 'normal'.\n",
2025-09-27T07:10:43.5697769Z             "type" : "string",
2025-09-27T07:10:43.5697981Z             "pattern" : "[0-3]"
2025-09-27T07:10:43.5698187Z           },
2025-09-27T07:10:43.5698361Z           "frontend_options" : {
2025-09-27T07:10:43.5698601Z             "title" : "C/C++ extractor frontend options",
2025-09-27T07:10:43.5699040Z             "description" : "Set additional options that should be passed to the C/C++ extractor frontend.\n",
2025-09-27T07:10:43.5699450Z             "type" : "array",
2025-09-27T07:10:43.5699654Z             "visibility" : 3
2025-09-27T07:10:43.5699854Z           }
2025-09-27T07:10:43.5700005Z         }
2025-09-27T07:10:43.5700160Z       }
2025-09-27T07:10:43.5700305Z     ],
2025-09-27T07:10:43.5700458Z     "java" : [
2025-09-27T07:10:43.5700617Z       {
2025-09-27T07:10:43.5701072Z         "extractor_root" : "/opt/hostedtoolcache/CodeQL/2.23.1/x64/codeql/java",
2025-09-27T07:10:43.5701407Z         "extractor_options" : {
2025-09-27T07:10:43.5701618Z           "exclude" : {
2025-09-27T07:10:43.5701849Z             "title" : "A glob excluding files from analysis.",
2025-09-27T07:10:43.5702494Z             "description" : "A glob indicating what files to exclude from the analysis. This accepts glob patterns that are supported by Java's 'getPathMatcher' implementation.\n",
2025-09-27T07:10:43.5703226Z             "type" : "string"
2025-09-27T07:10:43.5703417Z           },
2025-09-27T07:10:43.5703599Z           "add_prefer_source" : {
2025-09-27T07:10:43.5703895Z             "title" : "Whether to always prefer source files over class files.",
2025-09-27T07:10:43.5705001Z             "description" : "A value indicating whether source files should be preferred over class files. If set to 'true', the extraction adds '-Xprefer:source' to the javac command line. If set to 'false', the extraction uses the default javac behavior ('-Xprefer:newer'). The default is 'true'.\n",
2025-09-27T07:10:43.5705918Z             "type" : "string",
2025-09-27T07:10:43.5706132Z             "pattern" : "^(false|true)$"
2025-09-27T07:10:43.5706357Z           },
2025-09-27T07:10:43.5706522Z           "buildless" : {
2025-09-27T07:10:43.5706827Z             "title" : "Whether to use buildless (standalone) extraction (experimental).",
2025-09-27T07:10:43.5708306Z             "description" : "A value indicating, which type of extraction the autobuilder should perform. If 'true', then the standalone extractor will be used, otherwise tracing extraction will be performed. The default is 'false'. Note that buildless extraction will generally yield less accurate analysis results, and should only be used in cases where it is not possible to build the code (for example if it uses inaccessible dependencies).\n",
2025-09-27T07:10:43.5709645Z             "type" : "string",
2025-09-27T07:10:43.5709864Z             "pattern" : "^(false|true)$"
2025-09-27T07:10:43.5710086Z           },
2025-09-27T07:10:43.5710268Z           "buildless_dependency_dir" : {
2025-09-27T07:10:43.5710643Z             "title" : "The path where buildless (standalone) extraction should keep dependencies.",
2025-09-27T07:10:43.5711409Z             "description" : "If set, the buildless (standalone) extractor will store dependencies in this directory.\n",
2025-09-27T07:10:43.5711848Z             "type" : "string"
2025-09-27T07:10:43.5712038Z           },
2025-09-27T07:10:43.5712220Z           "minimize_dependency_jars" : {
2025-09-27T07:10:43.5712591Z             "title" : "Whether to rewrite and minimize downloaded JAR dependencies (experimental).",
2025-09-27T07:10:43.5713332Z             "description" : "If 'true', JAR dependencies downloaded during extraction will be rewritten to remove unneeded data, such as method bodies. The default is 'false'.\n",
2025-09-27T07:10:43.5713930Z             "type" : "string",
2025-09-27T07:10:43.5714137Z             "pattern" : "^(false|true)$"
2025-09-27T07:10:43.5714367Z           }
2025-09-27T07:10:43.5714525Z         }
2025-09-27T07:10:43.5714686Z       }
2025-09-27T07:10:43.5714832Z     ],
2025-09-27T07:10:43.5714992Z     "html" : [
2025-09-27T07:10:43.5715151Z       {
2025-09-27T07:10:43.5715409Z         "extractor_root" : "/opt/hostedtoolcache/CodeQL/2.23.1/x64/codeql/html"
2025-09-27T07:10:43.5715728Z       }
2025-09-27T07:10:43.5715877Z     ],
2025-09-27T07:10:43.5716032Z     "yaml" : [
2025-09-27T07:10:43.5716189Z       {
2025-09-27T07:10:43.5716434Z         "extractor_root" : "/opt/hostedtoolcache/CodeQL/2.23.1/x64/codeql/yaml"
2025-09-27T07:10:43.5716738Z       }
2025-09-27T07:10:43.5716886Z     ],
2025-09-27T07:10:43.5717032Z     "swift" : [
2025-09-27T07:10:43.5717199Z       {
2025-09-27T07:10:43.5717444Z         "extractor_root" : "/opt/hostedtoolcache/CodeQL/2.23.1/x64/codeql/swift"
2025-09-27T07:10:43.5717761Z       }
2025-09-27T07:10:43.5717904Z     ],
2025-09-27T07:10:43.5718066Z     "properties" : [
2025-09-27T07:10:43.5718244Z       {
2025-09-27T07:10:43.5718520Z         "extractor_root" : "/opt/hostedtoolcache/CodeQL/2.23.1/x64/codeql/properties"
2025-09-27T07:10:43.5718861Z       }
2025-09-27T07:10:43.5719002Z     ],
2025-09-27T07:10:43.5719153Z     "ruby" : [
2025-09-27T07:10:43.5719313Z       {
2025-09-27T07:10:43.5719561Z         "extractor_root" : "/opt/hostedtoolcache/CodeQL/2.23.1/x64/codeql/ruby",
2025-09-27T07:10:43.5720014Z         "extractor_options" : {
2025-09-27T07:10:43.5720226Z           "trap" : {
2025-09-27T07:10:43.5720429Z             "title" : "Options pertaining to TRAP.",
2025-09-27T07:10:43.5720728Z             "description" : "Options pertaining to TRAP.",
2025-09-27T07:10:43.5721232Z             "type" : "object",
2025-09-27T07:10:43.5721452Z             "properties" : {
2025-09-27T07:10:43.5721668Z               "compression" : {
2025-09-27T07:10:43.5721995Z                 "title" : "Controls compression for the TRAP files written by the extractor.",
2025-09-27T07:10:43.5723070Z                 "description" : "This option is only intended for use in debugging the extractor. Accepted values are 'gzip' (the default, to write gzip-compressed TRAP) 'zstd' (to write Zstandard-compressed TRAP) and 'none' (to write uncompressed TRAP).\n",
2025-09-27T07:10:43.5723888Z                 "type" : "string",
2025-09-27T07:10:43.5724138Z                 "pattern" : "^(none|gzip|zstd)$"
2025-09-27T07:10:43.5724386Z               }
2025-09-27T07:10:43.5724554Z             }
2025-09-27T07:10:43.5724720Z           }
2025-09-27T07:10:43.5724872Z         }
2025-09-27T07:10:43.5725027Z       }
2025-09-27T07:10:43.5725171Z     ],
2025-09-27T07:10:43.5725327Z     "go" : [
2025-09-27T07:10:43.5725482Z       {
2025-09-27T07:10:43.5725732Z         "extractor_root" : "/opt/hostedtoolcache/CodeQL/2.23.1/x64/codeql/go",
2025-09-27T07:10:43.5726061Z         "extractor_options" : {
2025-09-27T07:10:43.5726283Z           "extract_tests" : {
2025-09-27T07:10:43.5726575Z             "title" : "Whether to include Go test files in the CodeQL database.",
2025-09-27T07:10:43.5727155Z             "description" : "A value indicating whether Go test files should be included in the CodeQL database. The default is 'false'.\n",
2025-09-27T07:10:43.5727643Z             "type" : "string",
2025-09-27T07:10:43.5727859Z             "pattern" : "^(false|true)$"
2025-09-27T07:10:43.5728092Z           },
2025-09-27T07:10:43.5728263Z           "extract_vendor_dirs" : {
2025-09-27T07:10:43.5728595Z             "title" : "Whether to include Go vendor directories in the CodeQL database.",
2025-09-27T07:10:43.5729211Z             "description" : "A value indicating whether Go vendor directories should be included in the CodeQL database. The default is 'false'.\n",
2025-09-27T07:10:43.5729723Z             "type" : "string",
2025-09-27T07:10:43.5729938Z             "pattern" : "^(false|true)$"
2025-09-27T07:10:43.5730158Z           }
2025-09-27T07:10:43.5730315Z         }
2025-09-27T07:10:43.5730463Z       }
2025-09-27T07:10:43.5730614Z     ],
2025-09-27T07:10:43.5730879Z     "csharp" : [
2025-09-27T07:10:43.5731056Z       {
2025-09-27T07:10:43.5731315Z         "extractor_root" : "/opt/hostedtoolcache/CodeQL/2.23.1/x64/codeql/csharp",
2025-09-27T07:10:43.5731659Z         "extractor_options" : {
2025-09-27T07:10:43.5731867Z           "trap" : {
2025-09-27T07:10:43.5732084Z             "title" : "Options pertaining to TRAP.",
2025-09-27T07:10:43.5732386Z             "description" : "Options pertaining to TRAP.",
2025-09-27T07:10:43.5732653Z             "type" : "object",
2025-09-27T07:10:43.5732864Z             "properties" : {
2025-09-27T07:10:43.5733073Z               "compression" : {
2025-09-27T07:10:43.5733405Z                 "title" : "Controls compression for the TRAP files written by the extractor.",
2025-09-27T07:10:43.5734245Z                 "description" : "This option is only intended for use in debugging the extractor. Accepted values are 'brotli' (the default, to write brotli-compressed TRAP), 'gzip', and 'none' (to write uncompressed TRAP).\n",
2025-09-27T07:10:43.5734964Z                 "type" : "string",
2025-09-27T07:10:43.5735205Z                 "pattern" : "^(none|gzip|brotli)$"
2025-09-27T07:10:43.5735442Z               }
2025-09-27T07:10:43.5735613Z             }
2025-09-27T07:10:43.5735772Z           },
2025-09-27T07:10:43.5735944Z           "buildless" : {
2025-09-27T07:10:43.5736373Z             "title" : "DEPRECATED - Whether to use buildless (standalone) extraction.",
2025-09-27T07:10:43.5737977Z             "description" : "DEPRECATED: Use `--build-mode none` instead.\nA value indicating, which type of extraction the autobuilder should perform. If 'true', then the standalone extractor will be used, otherwise tracing extraction will be performed. The default is 'false'. Note that buildless extraction will generally yield less accurate analysis results, and should only be used in cases where it is not possible to build the code (for example if it uses inaccessible dependencies).\n",
2025-09-27T07:10:43.5739481Z             "type" : "string",
2025-09-27T07:10:43.5739807Z             "pattern" : "^(false|true)$"
2025-09-27T07:10:43.5740040Z           },
2025-09-27T07:10:43.5740213Z           "logging" : {
2025-09-27T07:10:43.5740433Z             "title" : "Options pertaining to logging.",
2025-09-27T07:10:43.5740902Z             "description" : "Options pertaining to logging.",
2025-09-27T07:10:43.5741218Z             "type" : "object",
2025-09-27T07:10:43.5741431Z             "properties" : {
2025-09-27T07:10:43.5741644Z               "verbosity" : {
2025-09-27T07:10:43.5741889Z                 "title" : "Extractor logging verbosity level.",
2025-09-27T07:10:43.5742743Z                 "description" : "Controls the level of verbosity of the extractor. The supported levels are (in order of increasing verbosity):\n  - off\n  - errors\n  - warnings\n  - info or progress\n  - debug or progress+\n  - trace or progress++\n  - progress+++\n",
2025-09-27T07:10:43.5743542Z                 "type" : "string",
2025-09-27T07:10:43.5743976Z                 "pattern" : "^(off|errors|warnings|(info|progress)|(debug|progress\\+)|(trace|progress\\+\\+)|progress\\+\\+\\+)$"
2025-09-27T07:10:43.5744400Z               }
2025-09-27T07:10:43.5744567Z             }
2025-09-27T07:10:43.5744721Z           },
2025-09-27T07:10:43.5744887Z           "binlog" : {
2025-09-27T07:10:43.5745075Z             "title" : "Binlog",
2025-09-27T07:10:43.5745685Z             "description" : "[EXPERIMENTAL] The value is a path to the MsBuild binary log file that should be extracted. This option only works when `--build-mode none` is also specified.\n",
2025-09-27T07:10:43.5746308Z             "type" : "array"
2025-09-27T07:10:43.5746498Z           }
2025-09-27T07:10:43.5746658Z         }
2025-09-27T07:10:43.5746806Z       }
2025-09-27T07:10:43.5746956Z     ],
2025-09-27T07:10:43.5747106Z     "actions" : [
2025-09-27T07:10:43.5747276Z       {
2025-09-27T07:10:43.5747538Z         "extractor_root" : "/opt/hostedtoolcache/CodeQL/2.23.1/x64/codeql/actions",
2025-09-27T07:10:43.5747890Z         "extractor_options" : {
2025-09-27T07:10:43.5748100Z           "trap" : {
2025-09-27T07:10:43.5748308Z             "title" : "TRAP options",
2025-09-27T07:10:43.5748636Z             "description" : "Options about how the extractor handles TRAP files",
2025-09-27T07:10:43.5748959Z             "type" : "object",
2025-09-27T07:10:43.5749171Z             "visibility" : 3,
2025-09-27T07:10:43.5749377Z             "properties" : {
2025-09-27T07:10:43.5749586Z               "cache" : {
2025-09-27T07:10:43.5749796Z                 "title" : "TRAP cache options",
2025-09-27T07:10:43.5750149Z                 "description" : "Options about how the extractor handles its TRAP cache",
2025-09-27T07:10:43.5750491Z                 "type" : "object",
2025-09-27T07:10:43.5750707Z                 "properties" : {
2025-09-27T07:10:43.5751026Z                   "dir" : {
2025-09-27T07:10:43.5751248Z                     "title" : "TRAP cache directory",
2025-09-27T07:10:43.5751571Z                     "description" : "The directory of the TRAP cache to use",
2025-09-27T07:10:43.5751865Z                     "type" : "string"
2025-09-27T07:10:43.5752080Z                   },
2025-09-27T07:10:43.5752255Z                   "bound" : {
2025-09-27T07:10:43.5752558Z                     "title" : "TRAP cache bound",
2025-09-27T07:10:43.5752930Z                     "description" : "A soft limit (in MB) on the size of the TRAP cache",
2025-09-27T07:10:43.5753420Z                     "type" : "string",
2025-09-27T07:10:43.5753650Z                     "pattern" : "[0-9]+"
2025-09-27T07:10:43.5753876Z                   },
2025-09-27T07:10:43.5754053Z                   "write" : {
2025-09-27T07:10:43.5754278Z                     "title" : "TRAP cache writeable",
2025-09-27T07:10:43.5754629Z                     "description" : "Whether to write to the TRAP cache as well as reading it",
2025-09-27T07:10:43.5754982Z                     "type" : "string",
2025-09-27T07:10:43.5755231Z                     "pattern" : "(true|TRUE|false|FALSE)"
2025-09-27T07:10:43.5755578Z                   }
2025-09-27T07:10:43.5755756Z                 }
2025-09-27T07:10:43.5755918Z               }
2025-09-27T07:10:43.5756087Z             }
2025-09-27T07:10:43.5756242Z           }
2025-09-27T07:10:43.5756397Z         }
2025-09-27T07:10:43.5756543Z       }
2025-09-27T07:10:43.5756723Z     ]
2025-09-27T07:10:43.5756873Z   }
2025-09-27T07:10:43.5757026Z }
2025-09-27T07:10:43.5843184Z Languages from configuration: actions
2025-09-27T07:10:43.5850128Z [command]/opt/hostedtoolcache/CodeQL/2.23.1/x64/codeql/codeql resolve languages --format=betterjson --extractor-options-verbosity=4 --extractor-include-aliases
2025-09-27T07:10:44.4906237Z {
2025-09-27T07:10:44.4910252Z   "aliases" : {
2025-09-27T07:10:44.4910589Z     "c" : "cpp",
2025-09-27T07:10:44.4911115Z     "c++" : "cpp",
2025-09-27T07:10:44.4911427Z     "c-c++" : "cpp",
2025-09-27T07:10:44.4911759Z     "c-cpp" : "cpp",
2025-09-27T07:10:44.4912082Z     "c#" : "csharp",
2025-09-27T07:10:44.4912419Z     "java-kotlin" : "java",
2025-09-27T07:10:44.4912822Z     "kotlin" : "java",
2025-09-27T07:10:44.4913213Z     "javascript-typescript" : "javascript",
2025-09-27T07:10:44.4913673Z     "typescript" : "javascript"
2025-09-27T07:10:44.4914046Z   },
2025-09-27T07:10:44.4914319Z   "extractors" : {
2025-09-27T07:10:44.4914635Z     "xml" : [
2025-09-27T07:10:44.4914937Z       {
2025-09-27T07:10:44.4915381Z         "extractor_root" : "/opt/hostedtoolcache/CodeQL/2.23.1/x64/codeql/xml"
2025-09-27T07:10:44.4915961Z       }
2025-09-27T07:10:44.4916219Z     ],
2025-09-27T07:10:44.4916502Z     "python" : [
2025-09-27T07:10:44.4916803Z       {
2025-09-27T07:10:44.4917311Z         "extractor_root" : "/opt/hostedtoolcache/CodeQL/2.23.1/x64/codeql/python",
2025-09-27T07:10:44.4917923Z         "extractor_options" : {
2025-09-27T07:10:44.4918307Z           "logging" : {
2025-09-27T07:10:44.4918688Z             "title" : "Options pertaining to logging.",
2025-09-27T07:10:44.4919229Z             "description" : "Options pertaining to logging.",
2025-09-27T07:10:44.4919725Z             "type" : "object",
2025-09-27T07:10:44.4920097Z             "properties" : {
2025-09-27T07:10:44.4920473Z               "verbosity" : {
2025-09-27T07:10:44.4921091Z                 "title" : "Python extractor logging verbosity level.",
2025-09-27T07:10:44.4922724Z                 "description" : "Controls the level of verbosity of the CodeQL Python extractor.\nThe supported levels are (in order of increasing verbosity):\n\n  - off\n  - errors\n  - warnings\n  - info or progress\n  - debug or progress+\n  - trace or progress++\n  - progress+++\n",
2025-09-27T07:10:44.4924262Z                 "type" : "string",
2025-09-27T07:10:44.4925018Z                 "pattern" : "^(off|errors|warnings|(info|progress)|(debug|progress\\+)|(trace|progress\\+\\+)|progress\\+\\+\\+)$"
2025-09-27T07:10:44.4925784Z               }
2025-09-27T07:10:44.4926064Z             }
2025-09-27T07:10:44.4926342Z           },
2025-09-27T07:10:44.4926644Z           "python_executable_name" : {
2025-09-27T07:10:44.4927283Z             "title" : "Controls the name of the Python executable used by the Python extractor.",
2025-09-27T07:10:44.4929535Z             "description" : "The Python extractor uses platform-dependent heuristics to determine the name of the Python executable to use. Specifying a value for this option overrides the name of the Python executable used by the extractor. Accepted values are py, python and python3. Use this setting with caution, the Python extractor requires Python 3 to run.\n",
2025-09-27T07:10:44.4932214Z             "type" : "string",
2025-09-27T07:10:44.4932622Z             "pattern" : "^(py|python|python3)$"
2025-09-27T07:10:44.4933039Z           }
2025-09-27T07:10:44.4933307Z         }
2025-09-27T07:10:44.4933564Z       }
2025-09-27T07:10:44.4933822Z     ],
2025-09-27T07:10:44.4934087Z     "javascript" : [
2025-09-27T07:10:44.4934396Z       {
2025-09-27T07:10:44.4934863Z         "extractor_root" : "/opt/hostedtoolcache/CodeQL/2.23.1/x64/codeql/javascript",
2025-09-27T07:10:44.4935702Z         "extractor_options" : {
2025-09-27T07:10:44.4936093Z           "trap" : {
2025-09-27T07:10:44.4936439Z             "title" : "TRAP options",
2025-09-27T07:10:44.4937004Z             "description" : "Options about how the extractor handles TRAP files",
2025-09-27T07:10:44.4937559Z             "type" : "object",
2025-09-27T07:10:44.4937931Z             "visibility" : 3,
2025-09-27T07:10:44.4938295Z             "properties" : {
2025-09-27T07:10:44.4938677Z               "cache" : {
2025-09-27T07:10:44.4939041Z                 "title" : "TRAP cache options",
2025-09-27T07:10:44.4939646Z                 "description" : "Options about how the extractor handles its TRAP cache",
2025-09-27T07:10:44.4940269Z                 "type" : "object",
2025-09-27T07:10:44.4940653Z                 "properties" : {
2025-09-27T07:10:44.4941232Z                   "dir" : {
2025-09-27T07:10:44.4941603Z                     "title" : "TRAP cache directory",
2025-09-27T07:10:44.4942161Z                     "description" : "The directory of the TRAP cache to use",
2025-09-27T07:10:44.4942691Z                     "type" : "string"
2025-09-27T07:10:44.4943070Z                   },
2025-09-27T07:10:44.4943383Z                   "bound" : {
2025-09-27T07:10:44.4943767Z                     "title" : "TRAP cache bound",
2025-09-27T07:10:44.4944349Z                     "description" : "A soft limit (in MB) on the size of the TRAP cache",
2025-09-27T07:10:44.4944919Z                     "type" : "string",
2025-09-27T07:10:44.4945320Z                     "pattern" : "[0-9]+"
2025-09-27T07:10:44.4945694Z                   },
2025-09-27T07:10:44.4946028Z                   "write" : {
2025-09-27T07:10:44.4946422Z                     "title" : "TRAP cache writeable",
2025-09-27T07:10:44.4947052Z                     "description" : "Whether to write to the TRAP cache as well as reading it",
2025-09-27T07:10:44.4947666Z                     "type" : "string",
2025-09-27T07:10:44.4948107Z                     "pattern" : "(true|TRUE|false|FALSE)"
2025-09-27T07:10:44.4948570Z                   }
2025-09-27T07:10:44.4948853Z                 }
2025-09-27T07:10:44.4949137Z               }
2025-09-27T07:10:44.4949418Z             }
2025-09-27T07:10:44.4949696Z           },
2025-09-27T07:10:44.4949980Z           "skip_types" : {
2025-09-27T07:10:44.4950404Z             "title" : "Skip type extraction for TypeScript",
2025-09-27T07:10:44.4951274Z             "description" : "Whether to skip the extraction of types in a TypeScript application",
2025-09-27T07:10:44.4951945Z             "type" : "string",
2025-09-27T07:10:44.4952327Z             "pattern" : "^(false|true)$"
2025-09-27T07:10:44.4952707Z           }
2025-09-27T07:10:44.4952969Z         }
2025-09-27T07:10:44.4953219Z       }
2025-09-27T07:10:44.4953478Z     ],
2025-09-27T07:10:44.4953736Z     "rust" : [
2025-09-27T07:10:44.4954018Z       {
2025-09-27T07:10:44.4954460Z         "extractor_root" : "/opt/hostedtoolcache/CodeQL/2.23.1/x64/codeql/rust",
2025-09-27T07:10:44.4955063Z         "extractor_options" : {
2025-09-27T07:10:44.4955434Z           "trap" : {
2025-09-27T07:10:44.4955806Z             "title" : "Options pertaining to TRAP.",
2025-09-27T07:10:44.4956312Z             "description" : "Options pertaining to TRAP.",
2025-09-27T07:10:44.4956782Z             "type" : "object",
2025-09-27T07:10:44.4957145Z             "properties" : {
2025-09-27T07:10:44.4957701Z               "compression" : {
2025-09-27T07:10:44.4958276Z                 "title" : "Controls compression for the TRAP files written by the extractor.",
2025-09-27T07:10:44.4959948Z                 "description" : "This option is only intended for use in debugging the extractor. Accepted values are 'gzip' (to write gzip-compressed TRAP) 'zstd' (to write Zstandard-compressed TRAP) and 'none' (the default, to write uncompressed TRAP).\n",
2025-09-27T07:10:44.4963080Z                 "type" : "string",
2025-09-27T07:10:44.4963519Z                 "pattern" : "^(none|gzip|zstd)$"
2025-09-27T07:10:44.4963936Z               }
2025-09-27T07:10:44.4964445Z             }
2025-09-27T07:10:44.4964740Z           },
2025-09-27T07:10:44.4965050Z           "cargo_target_dir" : {
2025-09-27T07:10:44.4965517Z             "title" : "Directory to use for cargo output files.",
2025-09-27T07:10:44.4967266Z             "description" : "This value is an optional path to use as `CARGO_TARGET_DIR` for the internal cargo commands the extractor uses. Pointing it to a persistent directory may reduce execution time of consecutive extractor runs. By default, a new scratch directory is used for each run.\n",
2025-09-27T07:10:44.4968956Z             "type" : "string"
2025-09-27T07:10:44.4969303Z           },
2025-09-27T07:10:44.4969604Z           "cargo_target" : {
2025-09-27T07:10:44.4969987Z             "title" : "Target architecture",
2025-09-27T07:10:44.4971103Z             "description" : "Target architecture to use for analysis, analogous to `cargo --target`. By default the host architecture is used.\n",
2025-09-27T07:10:44.4971991Z             "type" : "string"
2025-09-27T07:10:44.4972342Z           },
2025-09-27T07:10:44.4972644Z           "cargo_features" : {
2025-09-27T07:10:44.4973066Z             "title" : "Cargo features to turn on",
2025-09-27T07:10:44.4974722Z             "description" : "Comma-separated list of features to turn on. By default all features are enabled. If any features are specified, then only those features are enabled. The `default` feature must be explicitly specified if only default features are desired. Can be repeated.\n",
2025-09-27T07:10:44.4976356Z             "type" : "array"
2025-09-27T07:10:44.4976699Z           },
2025-09-27T07:10:44.4976994Z           "cargo_cfg_overrides" : {
2025-09-27T07:10:44.4977400Z             "title" : "Cargo cfg overrides",
2025-09-27T07:10:44.4978204Z             "description" : "Comma-separated list of cfg settings to enable, or disable if prefixed with `-`. Can be repeated.\n",
2025-09-27T07:10:44.4979015Z             "type" : "array"
2025-09-27T07:10:44.4979359Z           },
2025-09-27T07:10:44.4979651Z           "logging" : {
2025-09-27T07:10:44.4980036Z             "title" : "Options pertaining to logging.",
2025-09-27T07:10:44.4980567Z             "description" : "Options pertaining to logging.",
2025-09-27T07:10:44.4981218Z             "type" : "object",
2025-09-27T07:10:44.4981586Z             "properties" : {
2025-09-27T07:10:44.4981968Z               "verbosity" : {
2025-09-27T07:10:44.4982394Z                 "title" : "Extractor logging verbosity level.",
2025-09-27T07:10:44.4983910Z                 "description" : "Controls the level of verbosity of the extractor. The supported levels are (in order of increasing verbosity):\n  - off\n  - errors\n  - warnings\n  - info or progress\n  - debug or progress+\n  - trace or progress++\n  - progress+++\n",
2025-09-27T07:10:44.4985371Z                 "type" : "string",
2025-09-27T07:10:44.4986129Z                 "pattern" : "^(off|errors|warnings|(info|progress)|(debug|progress\\+)|(trace|progress\\+\\+)|progress\\+\\+\\+)$"
2025-09-27T07:10:44.4986892Z               },
2025-09-27T07:10:44.4987204Z               "flamegraph" : {
2025-09-27T07:10:44.4987706Z                 "title" : "[Experimental] File path for write flame graph log",
2025-09-27T07:10:44.4988673Z                 "description" : "Collect flame graph data using the `tracing-flame` crate. To render a flame graph or chart, run the `inferno-flamegraph` command. See also: https://crates.io/crates/tracing-flame\n",
2025-09-27T07:10:44.4989527Z                 "type" : "string"
2025-09-27T07:10:44.4989743Z               }
2025-09-27T07:10:44.4989907Z             }
2025-09-27T07:10:44.4990069Z           },
2025-09-27T07:10:44.4990256Z           "extract_dependencies_as_source" : {
2025-09-27T07:10:44.4990553Z             "title" : "Extract dependencies as source code",
2025-09-27T07:10:44.4991234Z             "description" : "Extract the full source code of dependencies instead of only extracting signatures.\n",
2025-09-27T07:10:44.4991665Z             "type" : "string",
2025-09-27T07:10:44.4992016Z             "pattern" : "^(false|true)$"
2025-09-27T07:10:44.4992242Z           }
2025-09-27T07:10:44.4992402Z         }
2025-09-27T07:10:44.4992552Z       }
2025-09-27T07:10:44.4992705Z     ],
2025-09-27T07:10:44.4992855Z     "csv" : [
2025-09-27T07:10:44.4993023Z       {
2025-09-27T07:10:44.4993271Z         "extractor_root" : "/opt/hostedtoolcache/CodeQL/2.23.1/x64/codeql/csv"
2025-09-27T07:10:44.4993590Z       }
2025-09-27T07:10:44.4993734Z     ],
2025-09-27T07:10:44.4993891Z     "cpp" : [
2025-09-27T07:10:44.4994057Z       {
2025-09-27T07:10:44.4994303Z         "extractor_root" : "/opt/hostedtoolcache/CodeQL/2.23.1/x64/codeql/cpp",
2025-09-27T07:10:44.4994644Z         "extractor_options" : {
2025-09-27T07:10:44.4994851Z           "trap" : {
2025-09-27T07:10:44.4995071Z             "title" : "TRAP options",
2025-09-27T07:10:44.4995389Z             "description" : "Options about how the extractor handles TRAP files",
2025-09-27T07:10:44.4995720Z             "type" : "object",
2025-09-27T07:10:44.4995941Z             "visibility" : 3,
2025-09-27T07:10:44.4996153Z             "properties" : {
2025-09-27T07:10:44.4996353Z               "cache" : {
2025-09-27T07:10:44.4996568Z                 "title" : "TRAP cache options",
2025-09-27T07:10:44.4996917Z                 "description" : "Options about how the extractor handles its TRAP cache",
2025-09-27T07:10:44.4997259Z                 "type" : "object",
2025-09-27T07:10:44.4997484Z                 "properties" : {
2025-09-27T07:10:44.4997691Z                   "dir" : {
2025-09-27T07:10:44.4997918Z                     "title" : "TRAP cache directory",
2025-09-27T07:10:44.4998224Z                     "description" : "The directory of the TRAP cache to use",
2025-09-27T07:10:44.4998519Z                     "type" : "string"
2025-09-27T07:10:44.4998727Z                   },
2025-09-27T07:10:44.4998906Z                   "bound" : {
2025-09-27T07:10:44.4999124Z                     "title" : "TRAP cache bound",
2025-09-27T07:10:44.4999445Z                     "description" : "A soft limit (in MB) on the size of the TRAP cache",
2025-09-27T07:10:44.4999765Z                     "type" : "string",
2025-09-27T07:10:44.4999990Z                     "pattern" : "[0-9]+"
2025-09-27T07:10:44.5000212Z                   },
2025-09-27T07:10:44.5000386Z                   "write" : {
2025-09-27T07:10:44.5000618Z                     "title" : "TRAP cache writeable",
2025-09-27T07:10:44.5001142Z                     "description" : "Whether to write to the TRAP cache as well as reading it",
2025-09-27T07:10:44.5001494Z                     "type" : "string",
2025-09-27T07:10:44.5001742Z                     "pattern" : "(true|TRUE|false|FALSE)"
2025-09-27T07:10:44.5002018Z                   }
2025-09-27T07:10:44.5002193Z                 }
2025-09-27T07:10:44.5002355Z               }
2025-09-27T07:10:44.5002521Z             }
2025-09-27T07:10:44.5002679Z           },
2025-09-27T07:10:44.5002857Z           "scale_timeouts" : {
2025-09-27T07:10:44.5003139Z             "title" : "Value to scale compiler introspection timeouts with",
2025-09-27T07:10:44.5004401Z             "description" : "The extractor attempts to determine what compiler the source code being extracted is compiled with. To this end the extractor makes additional calls to the compiler, some of which are expected to return within a certain fixed time (either 10s or 15s). On some systems that are under high load this time might be too short, and can be scaled up using this option.\n",
2025-09-27T07:10:44.5005700Z             "type" : "string",
2025-09-27T07:10:44.5005920Z             "pattern" : "[0-9]+"
2025-09-27T07:10:44.5006130Z           },
2025-09-27T07:10:44.5006302Z           "log_verbosity" : {
2025-09-27T07:10:44.5006549Z             "title" : "Verbosity of the extractor logging",
2025-09-27T07:10:44.5007082Z             "description" : "Set the verbosity of the extractor logging to 'quiet' (0), 'normal' (1), 'chatty' (2), or 'noisy' (3). The default is 'normal'.\n",
2025-09-27T07:10:44.5007580Z             "type" : "string",
2025-09-27T07:10:44.5007899Z             "pattern" : "[0-3]"
2025-09-27T07:10:44.5008096Z           },
2025-09-27T07:10:44.5008273Z           "frontend_options" : {
2025-09-27T07:10:44.5008517Z             "title" : "C/C++ extractor frontend options",
2025-09-27T07:10:44.5008953Z             "description" : "Set additional options that should be passed to the C/C++ extractor frontend.\n",
2025-09-27T07:10:44.5009360Z             "type" : "array",
2025-09-27T07:10:44.5009573Z             "visibility" : 3
2025-09-27T07:10:44.5009770Z           }
2025-09-27T07:10:44.5009922Z         }
2025-09-27T07:10:44.5010085Z       }
2025-09-27T07:10:44.5010233Z     ],
2025-09-27T07:10:44.5010392Z     "java" : [
2025-09-27T07:10:44.5010555Z       {
2025-09-27T07:10:44.5010989Z         "extractor_root" : "/opt/hostedtoolcache/CodeQL/2.23.1/x64/codeql/java",
2025-09-27T07:10:44.5011322Z         "extractor_options" : {
2025-09-27T07:10:44.5011538Z           "exclude" : {
2025-09-27T07:10:44.5011768Z             "title" : "A glob excluding files from analysis.",
2025-09-27T07:10:44.5012409Z             "description" : "A glob indicating what files to exclude from the analysis. This accepts glob patterns that are supported by Java's 'getPathMatcher' implementation.\n",
2025-09-27T07:10:44.5013003Z             "type" : "string"
2025-09-27T07:10:44.5013194Z           },
2025-09-27T07:10:44.5013371Z           "add_prefer_source" : {
2025-09-27T07:10:44.5013665Z             "title" : "Whether to always prefer source files over class files.",
2025-09-27T07:10:44.5014653Z             "description" : "A value indicating whether source files should be preferred over class files. If set to 'true', the extraction adds '-Xprefer:source' to the javac command line. If set to 'false', the extraction uses the default javac behavior ('-Xprefer:newer'). The default is 'true'.\n",
2025-09-27T07:10:44.5015550Z             "type" : "string",
2025-09-27T07:10:44.5015766Z             "pattern" : "^(false|true)$"
2025-09-27T07:10:44.5015986Z           },
2025-09-27T07:10:44.5016151Z           "buildless" : {
2025-09-27T07:10:44.5016454Z             "title" : "Whether to use buildless (standalone) extraction (experimental).",
2025-09-27T07:10:44.5017903Z             "description" : "A value indicating, which type of extraction the autobuilder should perform. If 'true', then the standalone extractor will be used, otherwise tracing extraction will be performed. The default is 'false'. Note that buildless extraction will generally yield less accurate analysis results, and should only be used in cases where it is not possible to build the code (for example if it uses inaccessible dependencies).\n",
2025-09-27T07:10:44.5019236Z             "type" : "string",
2025-09-27T07:10:44.5019448Z             "pattern" : "^(false|true)$"
2025-09-27T07:10:44.5019662Z           },
2025-09-27T07:10:44.5019846Z           "buildless_dependency_dir" : {
2025-09-27T07:10:44.5020219Z             "title" : "The path where buildless (standalone) extraction should keep dependencies.",
2025-09-27T07:10:44.5020968Z             "description" : "If set, the buildless (standalone) extractor will store dependencies in this directory.\n",
2025-09-27T07:10:44.5021445Z             "type" : "string"
2025-09-27T07:10:44.5021644Z           },
2025-09-27T07:10:44.5021832Z           "minimize_dependency_jars" : {
2025-09-27T07:10:44.5022351Z             "title" : "Whether to rewrite and minimize downloaded JAR dependencies (experimental).",
2025-09-27T07:10:44.5023092Z             "description" : "If 'true', JAR dependencies downloaded during extraction will be rewritten to remove unneeded data, such as method bodies. The default is 'false'.\n",
2025-09-27T07:10:44.5023684Z             "type" : "string",
2025-09-27T07:10:44.5023907Z             "pattern" : "^(false|true)$"
2025-09-27T07:10:44.5024130Z           }
2025-09-27T07:10:44.5024291Z         }
2025-09-27T07:10:44.5024451Z       }
2025-09-27T07:10:44.5024598Z     ],
2025-09-27T07:10:44.5024759Z     "html" : [
2025-09-27T07:10:44.5024922Z       {
2025-09-27T07:10:44.5025289Z         "extractor_root" : "/opt/hostedtoolcache/CodeQL/2.23.1/x64/codeql/html"
2025-09-27T07:10:44.5025610Z       }
2025-09-27T07:10:44.5025760Z     ],
2025-09-27T07:10:44.5025912Z     "yaml" : [
2025-09-27T07:10:44.5026079Z       {
2025-09-27T07:10:44.5026448Z         "extractor_root" : "/opt/hostedtoolcache/CodeQL/2.23.1/x64/codeql/yaml"
2025-09-27T07:10:44.5026775Z       }
2025-09-27T07:10:44.5026925Z     ],
2025-09-27T07:10:44.5027075Z     "swift" : [
2025-09-27T07:10:44.5027249Z       {
2025-09-27T07:10:44.5027504Z         "extractor_root" : "/opt/hostedtoolcache/CodeQL/2.23.1/x64/codeql/swift"
2025-09-27T07:10:44.5027820Z       }
2025-09-27T07:10:44.5027967Z     ],
2025-09-27T07:10:44.5028131Z     "properties" : [
2025-09-27T07:10:44.5028312Z       {
2025-09-27T07:10:44.5028590Z         "extractor_root" : "/opt/hostedtoolcache/CodeQL/2.23.1/x64/codeql/properties"
2025-09-27T07:10:44.5028926Z       }
2025-09-27T07:10:44.5029082Z     ],
2025-09-27T07:10:44.5029237Z     "ruby" : [
2025-09-27T07:10:44.5029409Z       {
2025-09-27T07:10:44.5029661Z         "extractor_root" : "/opt/hostedtoolcache/CodeQL/2.23.1/x64/codeql/ruby",
2025-09-27T07:10:44.5029989Z         "extractor_options" : {
2025-09-27T07:10:44.5030205Z           "trap" : {
2025-09-27T07:10:44.5030412Z             "title" : "Options pertaining to TRAP.",
2025-09-27T07:10:44.5030710Z             "description" : "Options pertaining to TRAP.",
2025-09-27T07:10:44.5031175Z             "type" : "object",
2025-09-27T07:10:44.5031393Z             "properties" : {
2025-09-27T07:10:44.5031598Z               "compression" : {
2025-09-27T07:10:44.5031928Z                 "title" : "Controls compression for the TRAP files written by the extractor.",
2025-09-27T07:10:44.5032858Z                 "description" : "This option is only intended for use in debugging the extractor. Accepted values are 'gzip' (the default, to write gzip-compressed TRAP) 'zstd' (to write Zstandard-compressed TRAP) and 'none' (to write uncompressed TRAP).\n",
2025-09-27T07:10:44.5033659Z                 "type" : "string",
2025-09-27T07:10:44.5033900Z                 "pattern" : "^(none|gzip|zstd)$"
2025-09-27T07:10:44.5034126Z               }
2025-09-27T07:10:44.5034298Z             }
2025-09-27T07:10:44.5034460Z           }
2025-09-27T07:10:44.5034618Z         }
2025-09-27T07:10:44.5034769Z       }
2025-09-27T07:10:44.5034921Z     ],
2025-09-27T07:10:44.5035073Z     "go" : [
2025-09-27T07:10:44.5035228Z       {
2025-09-27T07:10:44.5035475Z         "extractor_root" : "/opt/hostedtoolcache/CodeQL/2.23.1/x64/codeql/go",
2025-09-27T07:10:44.5035805Z         "extractor_options" : {
2025-09-27T07:10:44.5036024Z           "extract_tests" : {
2025-09-27T07:10:44.5036315Z             "title" : "Whether to include Go test files in the CodeQL database.",
2025-09-27T07:10:44.5036885Z             "description" : "A value indicating whether Go test files should be included in the CodeQL database. The default is 'false'.\n",
2025-09-27T07:10:44.5037364Z             "type" : "string",
2025-09-27T07:10:44.5037587Z             "pattern" : "^(false|true)$"
2025-09-27T07:10:44.5037809Z           },
2025-09-27T07:10:44.5037982Z           "extract_vendor_dirs" : {
2025-09-27T07:10:44.5038315Z             "title" : "Whether to include Go vendor directories in the CodeQL database.",
2025-09-27T07:10:44.5039064Z             "description" : "A value indicating whether Go vendor directories should be included in the CodeQL database. The default is 'false'.\n",
2025-09-27T07:10:44.5039579Z             "type" : "string",
2025-09-27T07:10:44.5039789Z             "pattern" : "^(false|true)$"
2025-09-27T07:10:44.5040010Z           }
2025-09-27T07:10:44.5040164Z         }
2025-09-27T07:10:44.5040320Z       }
2025-09-27T07:10:44.5040473Z     ],
2025-09-27T07:10:44.5040628Z     "csharp" : [
2025-09-27T07:10:44.5040899Z       {
2025-09-27T07:10:44.5041161Z         "extractor_root" : "/opt/hostedtoolcache/CodeQL/2.23.1/x64/codeql/csharp",
2025-09-27T07:10:44.5041504Z         "extractor_options" : {
2025-09-27T07:10:44.5041875Z           "trap" : {
2025-09-27T07:10:44.5042094Z             "title" : "Options pertaining to TRAP.",
2025-09-27T07:10:44.5042376Z             "description" : "Options pertaining to TRAP.",
2025-09-27T07:10:44.5042642Z             "type" : "object",
2025-09-27T07:10:44.5042849Z             "properties" : {
2025-09-27T07:10:44.5043063Z               "compression" : {
2025-09-27T07:10:44.5043392Z                 "title" : "Controls compression for the TRAP files written by the extractor.",
2025-09-27T07:10:44.5044223Z                 "description" : "This option is only intended for use in debugging the extractor. Accepted values are 'brotli' (the default, to write brotli-compressed TRAP), 'gzip', and 'none' (to write uncompressed TRAP).\n",
2025-09-27T07:10:44.5044940Z                 "type" : "string",
2025-09-27T07:10:44.5045177Z                 "pattern" : "^(none|gzip|brotli)$"
2025-09-27T07:10:44.5045416Z               }
2025-09-27T07:10:44.5045579Z             }
2025-09-27T07:10:44.5045749Z           },
2025-09-27T07:10:44.5045927Z           "buildless" : {
2025-09-27T07:10:44.5046236Z             "title" : "DEPRECATED - Whether to use buildless (standalone) extraction.",
2025-09-27T07:10:44.5047831Z             "description" : "DEPRECATED: Use `--build-mode none` instead.\nA value indicating, which type of extraction the autobuilder should perform. If 'true', then the standalone extractor will be used, otherwise tracing extraction will be performed. The default is 'false'. Note that buildless extraction will generally yield less accurate analysis results, and should only be used in cases where it is not possible to build the code (for example if it uses inaccessible dependencies).\n",
2025-09-27T07:10:44.5049305Z             "type" : "string",
2025-09-27T07:10:44.5049515Z             "pattern" : "^(false|true)$"
2025-09-27T07:10:44.5049742Z           },
2025-09-27T07:10:44.5049904Z           "logging" : {
2025-09-27T07:10:44.5050127Z             "title" : "Options pertaining to logging.",
2025-09-27T07:10:44.5050433Z             "description" : "Options pertaining to logging.",
2025-09-27T07:10:44.5050701Z             "type" : "object",
2025-09-27T07:10:44.5051141Z             "properties" : {
2025-09-27T07:10:44.5051347Z               "verbosity" : {
2025-09-27T07:10:44.5051587Z                 "title" : "Extractor logging verbosity level.",
2025-09-27T07:10:44.5052424Z                 "description" : "Controls the level of verbosity of the extractor. The supported levels are (in order of increasing verbosity):\n  - off\n  - errors\n  - warnings\n  - info or progress\n  - debug or progress+\n  - trace or progress++\n  - progress+++\n",
2025-09-27T07:10:44.5053218Z                 "type" : "string",
2025-09-27T07:10:44.5053647Z                 "pattern" : "^(off|errors|warnings|(info|progress)|(debug|progress\\+)|(trace|progress\\+\\+)|progress\\+\\+\\+)$"
2025-09-27T07:10:44.5054063Z               }
2025-09-27T07:10:44.5054235Z             }
2025-09-27T07:10:44.5054390Z           },
2025-09-27T07:10:44.5054561Z           "binlog" : {
2025-09-27T07:10:44.5054747Z             "title" : "Binlog",
2025-09-27T07:10:44.5055347Z             "description" : "[EXPERIMENTAL] The value is a path to the MsBuild binary log file that should be extracted. This option only works when `--build-mode none` is also specified.\n",
2025-09-27T07:10:44.5056092Z             "type" : "array"
2025-09-27T07:10:44.5056283Z           }
2025-09-27T07:10:44.5056440Z         }
2025-09-27T07:10:44.5056591Z       }
2025-09-27T07:10:44.5056745Z     ],
2025-09-27T07:10:44.5056896Z     "actions" : [
2025-09-27T07:10:44.5057070Z       {
2025-09-27T07:10:44.5057330Z         "extractor_root" : "/opt/hostedtoolcache/CodeQL/2.23.1/x64/codeql/actions",
2025-09-27T07:10:44.5057676Z         "extractor_options" : {
2025-09-27T07:10:44.5057878Z           "trap" : {
2025-09-27T07:10:44.5058074Z             "title" : "TRAP options",
2025-09-27T07:10:44.5058392Z             "description" : "Options about how the extractor handles TRAP files",
2025-09-27T07:10:44.5058827Z             "type" : "object",
2025-09-27T07:10:44.5059039Z             "visibility" : 3,
2025-09-27T07:10:44.5059251Z             "properties" : {
2025-09-27T07:10:44.5074896Z               "cache" : {
2025-09-27T07:10:44.5075157Z                 "title" : "TRAP cache options",
2025-09-27T07:10:44.5075554Z                 "description" : "Options about how the extractor handles its TRAP cache",
2025-09-27T07:10:44.5075915Z                 "type" : "object",
2025-09-27T07:10:44.5076159Z                 "properties" : {
2025-09-27T07:10:44.5076377Z                   "dir" : {
2025-09-27T07:10:44.5076617Z                     "title" : "TRAP cache directory",
2025-09-27T07:10:44.5076935Z                     "description" : "The directory of the TRAP cache to use",
2025-09-27T07:10:44.5077245Z                     "type" : "string"
2025-09-27T07:10:44.5077469Z                   },
2025-09-27T07:10:44.5077654Z                   "bound" : {
2025-09-27T07:10:44.5077886Z                     "title" : "TRAP cache bound",
2025-09-27T07:10:44.5078216Z                     "description" : "A soft limit (in MB) on the size of the TRAP cache",
2025-09-27T07:10:44.5078540Z                     "type" : "string",
2025-09-27T07:10:44.5078771Z                     "pattern" : "[0-9]+"
2025-09-27T07:10:44.5079004Z                   },
2025-09-27T07:10:44.5079179Z                   "write" : {
2025-09-27T07:10:44.5079405Z                     "title" : "TRAP cache writeable",
2025-09-27T07:10:44.5079762Z                     "description" : "Whether to write to the TRAP cache as well as reading it",
2025-09-27T07:10:44.5080101Z                     "type" : "string",
2025-09-27T07:10:44.5080343Z                     "pattern" : "(true|TRUE|false|FALSE)"
2025-09-27T07:10:44.5080577Z                   }
2025-09-27T07:10:44.5080870Z                 }
2025-09-27T07:10:44.5081044Z               }
2025-09-27T07:10:44.5081213Z             }
2025-09-27T07:10:44.5081370Z           }
2025-09-27T07:10:44.5081526Z         }
2025-09-27T07:10:44.5081682Z       }
2025-09-27T07:10:44.5081837Z     ]
2025-09-27T07:10:44.5081991Z   }
2025-09-27T07:10:44.5082139Z }
2025-09-27T07:10:44.5159377Z Found 1 languages that support TRAP caching
2025-09-27T07:10:44.5162004Z Analyzing default branch. Skipping downloading of TRAP caches.
2025-09-27T07:10:44.5168413Z Using overlay database mode: none without caching.
2025-09-27T07:10:44.5171988Z Not performing diff-informed analysis because we are not analyzing a pull request.
2025-09-27T07:10:44.5173151Z ##[endgroup]
2025-09-27T07:10:44.5189036Z While resolving threads, found a cgroup CPUs file with 4 CPUs in /sys/fs/cgroup/cpuset.cpus.effective.
2025-09-27T07:10:44.5196953Z Skipping download of dependency cache for actions as we have no caching configuration for it.
2025-09-27T07:10:44.5208263Z Writing augmented user configuration file to /home/runner/work/_temp/user-config.yaml
2025-09-27T07:10:44.5209578Z ##[group]Augmented user configuration file contents
2025-09-27T07:10:44.5220597Z default-setup:
2025-09-27T07:10:44.5221151Z   org:
2025-09-27T07:10:44.5221474Z     model-packs: []
2025-09-27T07:10:44.5221816Z threat-models: []
2025-09-27T07:10:44.5222032Z 
2025-09-27T07:10:44.5222461Z ##[endgroup]
2025-09-27T07:10:44.5226620Z [command]/opt/hostedtoolcache/CodeQL/2.23.1/x64/codeql/codeql database init --force-overwrite --db-cluster /home/runner/work/_temp/codeql_databases --source-root=/home/runner/work/scratchattach/scratchattach --calculate-language-specific-baseline --extractor-include-aliases --sublanguage-file-coverage --language=actions --codescanning-config=/home/runner/work/_temp/user-config.yaml --build-mode=none
2025-09-27T07:10:45.7903686Z Package install location: /home/runner/.codeql/packages
2025-09-27T07:10:45.7907802Z Nothing downloaded.
2025-09-27T07:10:46.2107501Z Calculating baseline information in /home/runner/work/scratchattach/scratchattach
2025-09-27T07:10:46.3287402Z Running command in /home/runner/work/scratchattach/scratchattach: [/opt/hostedtoolcache/CodeQL/2.23.1/x64/codeql/actions/tools/configure-baseline.sh]
2025-09-27T07:10:46.3388278Z Calculated baseline information for languages: actions, python (127ms).
2025-09-27T07:10:49.5005055Z Resolving extractor actions.
2025-09-27T07:10:49.5049635Z Successfully loaded extractor GitHub Actions (actions) from /opt/hostedtoolcache/CodeQL/2.23.1/x64/codeql/actions.
2025-09-27T07:10:49.5334491Z Created skeleton CodeQL database at /home/runner/work/_temp/codeql_databases/actions. This in-progress database is ready to be populated by an extractor.
2025-09-27T07:10:49.7750653Z ##[group]Run github/codeql-action/start-proxy@v3
2025-09-27T07:10:49.7751206Z with:
2025-09-27T07:10:49.7751411Z   language: actions
2025-09-27T07:10:49.7751612Z   registry_secrets: []
2025-09-27T07:10:49.7751938Z   token: ***
2025-09-27T07:10:49.7752108Z env:
2025-09-27T07:10:49.7752284Z   CODE_SCANNING_REF: refs/heads/main
2025-09-27T07:10:49.7752528Z   CODE_SCANNING_BASE_BRANCH: 
2025-09-27T07:10:49.7752792Z   CODE_SCANNING_IS_ANALYZING_DEFAULT_BRANCH: true
2025-09-27T07:10:49.7753089Z   CODE_SCANNING_IS_STEADY_STATE_DEFAULT_SETUP: true
2025-09-27T07:10:49.7759277Z   CODE_SCANNING_WORKFLOW_FILE: H4sIAAAAAAAA/6RV32/bNhB+919x8AakfZDzsD0JKFDFkRNvhp1aCrqsKAiaOslcZFLlD6dql/99oCjF0hLPGeon8/jx4919H0+C7jCE8VRm+GExHikrAh/6+ft3KLjZ2s0E9yjMhIvKGj1hMkOiGRWCi4IoK4jDw+PjSIoQslrQHWejEYp9OAKYri5jkkyj5XK+vCLrePZqYswd578ZLqIkJhfraDm9fi3ThmokG0UF277EOE9ItIwWd3+6xWU8i24X6f+8gWtCBS3rb26RYU5taf77xiSNo8s7kqRRGj9dmsTp7U0IRll8dubjav37bLH6SGbzRfzavB6kus9L+UByXjYKjf6SG+1k8emi+wvg9Y58CN447h01in+dlFQUlhbu7NsGqqzQgdPZgXIld78lq+WbFq2sEKje+pIBKlQ7rjWXQvt7ACgzzRIU0qyNMSkMCjMMVpTd0wKHQY3MKm7qoClZh/CguMFRR8KFxUCKAJWSKoScltpvaqOowaLussgpL4OcatMHQVtzBwLggpU2w0MAIICuI2FXS28XgLl7pKpDOH8CvoTbWF5mwU5mGIKQAgebvo0hnH0a240VxgYlNajN+PPZkVSq2mylOJnJC7AfSkQbrFppg9ZE0y2ye2kNKKyk5kaquqW02qnZNuOctbj3+19HA4K54IbTkn9D8CNpcNxb/ty5/EsZeLJzLrh5v/+lBT5wsz1I1vhccx3cc5HpENzJoHsfT6iuQ9r7+rn5Ry/1qwc9hPvgDCsUGQpWB4yyLReFP+T7OkGx50qKHQoD797BmS8u2EptMDvrE32xqLjLbjyGn+DSD5gmWoO23Rto30HOixD+7gnZDqRAo7FVOFBYqmIYAHBFlIF7fzqET68cNF4Q0pyCx0f43CM1W4XUNM0pG8p2t1M8cWlBpeTXGnKpQGHBtXH1tiQ8C/32aStoQ5UJGvAxRxzoCVOYoXB2a4XXyBQaPbmap9e3F2QdX82TdD2PE3KzXv1x15fk8PiOOGZo6xtUuVS71tN+1mquT1fUDupDNe131f/cN+LDwmdHrldJ2tbhHuakacNEWtMI1qyIM1e/jAHBzWp9kqCS6jjBNCLTeJ3OZ/NplManqBglDJXhOXfD6ijp7XqRnKKyqtQHgqHgh0nYU6oLukP/BAAA//+FBaDZAgkAAA==
2025-09-27T07:10:49.7765866Z   CODEQL_ACTION_FEATURE_MULTI_LANGUAGE: false
2025-09-27T07:10:49.7766145Z   CODEQL_ACTION_FEATURE_SANDWICH: false
2025-09-27T07:10:49.7766410Z   CODEQL_ACTION_FEATURE_SARIF_COMBINE: true
2025-09-27T07:10:49.7766682Z   CODEQL_ACTION_FEATURE_WILL_UPLOAD: true
2025-09-27T07:10:49.7766929Z   CODEQL_ACTION_VERSION: 3.30.5
2025-09-27T07:10:49.7767188Z   JOB_RUN_UUID: ac727419-651b-431a-85c7-d0dfcab9064c
2025-09-27T07:10:49.7767471Z   CODEQL_ACTION_INIT_HAS_RUN: true
2025-09-27T07:10:49.7767802Z   CODEQL_ACTION_ANALYSIS_KEY: dynamic/github-code-scanning/codeql:analyze
2025-09-27T07:10:49.7768189Z   CODEQL_WORKFLOW_STARTED_AT: 2025-09-27T07:10:36.064Z
2025-09-27T07:10:49.7768455Z   CODEQL_RAM: 14581
2025-09-27T07:10:49.7768645Z   CODEQL_THREADS: 4
2025-09-27T07:10:49.7768822Z ##[endgroup]
2025-09-27T07:10:49.8708231Z Using registry_secrets input.
2025-09-27T07:10:49.8710065Z No credentials found, skipping proxy setup.
2025-09-27T07:10:49.8854275Z ##[group]Run github/codeql-action/analyze@v3
2025-09-27T07:10:49.8854723Z with:
2025-09-27T07:10:49.8854918Z   category: /language:actions
2025-09-27T07:10:49.8855155Z   output: ../results
2025-09-27T07:10:49.8855353Z   upload: always
2025-09-27T07:10:49.8855544Z   add-snippets: false
2025-09-27T07:10:49.8855751Z   skip-queries: false
2025-09-27T07:10:49.8856030Z   checkout_path: /home/runner/work/scratchattach/scratchattach
2025-09-27T07:10:49.8856358Z   upload-database: true
2025-09-27T07:10:49.8856574Z   wait-for-processing: true
2025-09-27T07:10:49.8856978Z   token: ***
2025-09-27T07:10:49.8857395Z   matrix: {
  "language": "actions",
  "category": "/language:actions",
  "build-mode": "none",
  "runner": "[\"ubuntu-latest\"]"
}
2025-09-27T07:10:49.8857865Z   expect-error: false
2025-09-27T07:10:49.8858063Z env:
2025-09-27T07:10:49.8858237Z   CODE_SCANNING_REF: refs/heads/main
2025-09-27T07:10:49.8858492Z   CODE_SCANNING_BASE_BRANCH: 
2025-09-27T07:10:49.8858787Z   CODE_SCANNING_IS_ANALYZING_DEFAULT_BRANCH: true
2025-09-27T07:10:49.8859095Z   CODE_SCANNING_IS_STEADY_STATE_DEFAULT_SETUP: true
2025-09-27T07:10:49.8865454Z   CODE_SCANNING_WORKFLOW_FILE: H4sIAAAAAAAA/6RV32/bNhB+919x8AakfZDzsD0JKFDFkRNvhp1aCrqsKAiaOslcZFLlD6dql/99oCjF0hLPGeon8/jx4919H0+C7jCE8VRm+GExHikrAh/6+ft3KLjZ2s0E9yjMhIvKGj1hMkOiGRWCi4IoK4jDw+PjSIoQslrQHWejEYp9OAKYri5jkkyj5XK+vCLrePZqYswd578ZLqIkJhfraDm9fi3ThmokG0UF277EOE9ItIwWd3+6xWU8i24X6f+8gWtCBS3rb26RYU5taf77xiSNo8s7kqRRGj9dmsTp7U0IRll8dubjav37bLH6SGbzRfzavB6kus9L+UByXjYKjf6SG+1k8emi+wvg9Y58CN447h01in+dlFQUlhbu7NsGqqzQgdPZgXIld78lq+WbFq2sEKje+pIBKlQ7rjWXQvt7ACgzzRIU0qyNMSkMCjMMVpTd0wKHQY3MKm7qoClZh/CguMFRR8KFxUCKAJWSKoScltpvaqOowaLussgpL4OcatMHQVtzBwLggpU2w0MAIICuI2FXS28XgLl7pKpDOH8CvoTbWF5mwU5mGIKQAgebvo0hnH0a240VxgYlNajN+PPZkVSq2mylOJnJC7AfSkQbrFppg9ZE0y2ye2kNKKyk5kaquqW02qnZNuOctbj3+19HA4K54IbTkn9D8CNpcNxb/ty5/EsZeLJzLrh5v/+lBT5wsz1I1vhccx3cc5HpENzJoHsfT6iuQ9r7+rn5Ry/1qwc9hPvgDCsUGQpWB4yyLReFP+T7OkGx50qKHQoD797BmS8u2EptMDvrE32xqLjLbjyGn+DSD5gmWoO23Rto30HOixD+7gnZDqRAo7FVOFBYqmIYAHBFlIF7fzqET68cNF4Q0pyCx0f43CM1W4XUNM0pG8p2t1M8cWlBpeTXGnKpQGHBtXH1tiQ8C/32aStoQ5UJGvAxRxzoCVOYoXB2a4XXyBQaPbmap9e3F2QdX82TdD2PE3KzXv1x15fk8PiOOGZo6xtUuVS71tN+1mquT1fUDupDNe131f/cN+LDwmdHrldJ2tbhHuakacNEWtMI1qyIM1e/jAHBzWp9kqCS6jjBNCLTeJ3OZ/NplManqBglDJXhOXfD6ijp7XqRnKKyqtQHgqHgh0nYU6oLukP/BAAA//+FBaDZAgkAAA==
2025-09-27T07:10:49.8871935Z   CODEQL_ACTION_FEATURE_MULTI_LANGUAGE: false
2025-09-27T07:10:49.8872210Z   CODEQL_ACTION_FEATURE_SANDWICH: false
2025-09-27T07:10:49.8872479Z   CODEQL_ACTION_FEATURE_SARIF_COMBINE: true
2025-09-27T07:10:49.8872749Z   CODEQL_ACTION_FEATURE_WILL_UPLOAD: true
2025-09-27T07:10:49.8873000Z   CODEQL_ACTION_VERSION: 3.30.5
2025-09-27T07:10:49.8873261Z   JOB_RUN_UUID: ac727419-651b-431a-85c7-d0dfcab9064c
2025-09-27T07:10:49.8873542Z   CODEQL_ACTION_INIT_HAS_RUN: true
2025-09-27T07:10:49.8873882Z   CODEQL_ACTION_ANALYSIS_KEY: dynamic/github-code-scanning/codeql:analyze
2025-09-27T07:10:49.8874264Z   CODEQL_WORKFLOW_STARTED_AT: 2025-09-27T07:10:36.064Z
2025-09-27T07:10:49.8874544Z   CODEQL_RAM: 14581
2025-09-27T07:10:49.8874734Z   CODEQL_THREADS: 4
2025-09-27T07:10:49.8874930Z   CODEQL_PROXY_HOST: 
2025-09-27T07:10:49.8875130Z   CODEQL_PROXY_PORT: 
2025-09-27T07:10:49.8875328Z   CODEQL_PROXY_CA_CERTIFICATE: 
2025-09-27T07:10:49.8875552Z   CODEQL_PROXY_URLS: 
2025-09-27T07:10:49.8875737Z ##[endgroup]
2025-09-27T07:10:50.9708375Z While resolving threads, found a cgroup CPUs file with 4 CPUs in /sys/fs/cgroup/cpuset.cpus.effective.
2025-09-27T07:10:50.9744290Z Not performing diff-informed analysis because we are not analyzing a pull request.
2025-09-27T07:10:50.9833774Z ##[group]Extracting actions
2025-09-27T07:10:50.9838613Z [command]/opt/hostedtoolcache/CodeQL/2.23.1/x64/codeql/codeql database trace-command --use-build-mode --working-dir /home/runner/work/scratchattach/scratchattach -O=actions.trap.cache.dir=/home/runner/work/_temp/trapCaches/actions -O=actions.trap.cache.bound=1024 -O=actions.trap.cache.write=true /home/runner/work/_temp/codeql_databases/actions
2025-09-27T07:10:51.7998245Z Running command in /home/runner/work/scratchattach/scratchattach: [/opt/hostedtoolcache/CodeQL/2.23.1/x64/codeql/actions/tools/autobuild.sh]
2025-09-27T07:10:51.8191152Z [2025-09-27 07:10:51] [build-stdout] LGTM_INDEX_FILTERS not set. Using the default filters, and passing through to the JavaScript extractor.
2025-09-27T07:10:52.6942351Z [2025-09-27 07:10:52] [build-stdout] Found JavaScript extractor at '/opt/hostedtoolcache/CodeQL/2.23.1/x64/codeql/javascript'.
2025-09-27T07:10:52.6943887Z [2025-09-27 07:10:52] [build-stdout] Running JavaScript autobuilder at '/opt/hostedtoolcache/CodeQL/2.23.1/x64/codeql/javascript/tools/autobuild.sh'.
2025-09-27T07:10:52.9101978Z [2025-09-27 07:10:52] [build-stdout] Parallel extraction with 4 threads.
2025-09-27T07:10:52.9378520Z [2025-09-27 07:10:52] [build-stdout] Extracting /home/runner/work/scratchattach/scratchattach/.github/workflows/action1.yml
2025-09-27T07:10:52.9381204Z [2025-09-27 07:10:52] [build-stdout] Extracting /home/runner/work/scratchattach/scratchattach/.github/workflows/action2.yml
2025-09-27T07:10:52.9391751Z [2025-09-27 07:10:52] [build-stdout] Extracting /home/runner/work/scratchattach/scratchattach/.github/workflows/action3.yml
2025-09-27T07:10:52.9397048Z [2025-09-27 07:10:52] [build-stdout] Extracting /home/runner/work/scratchattach/scratchattach/.github/workflows/action4.yml
2025-09-27T07:10:53.0246179Z [2025-09-27 07:10:53] [build-stdout] Done extracting /home/runner/work/scratchattach/scratchattach/.github/workflows/action4.yml (78 ms)
2025-09-27T07:10:53.0254723Z [2025-09-27 07:10:53] [build-stdout] Done extracting /home/runner/work/scratchattach/scratchattach/.github/workflows/action3.yml (77 ms)
2025-09-27T07:10:53.0256177Z [2025-09-27 07:10:53] [build-stdout] Done extracting /home/runner/work/scratchattach/scratchattach/.github/workflows/action2.yml (81 ms)
2025-09-27T07:10:53.0257648Z [2025-09-27 07:10:53] [build-stdout] Done extracting /home/runner/work/scratchattach/scratchattach/.github/workflows/action1.yml (86 ms)
2025-09-27T07:10:53.0304130Z [2025-09-27 07:10:53] [build-stderr] Only found JavaScript or TypeScript files that were empty or contained syntax errors.
2025-09-27T07:10:53.0617724Z ##[endgroup]
2025-09-27T07:10:53.0625254Z ##[group]Finalizing actions
2025-09-27T07:10:53.0626846Z [command]/opt/hostedtoolcache/CodeQL/2.23.1/x64/codeql/codeql database finalize --finalize-dataset --threads=4 --ram=14581 /home/runner/work/_temp/codeql_databases/actions
2025-09-27T07:10:53.8116703Z Running TRAP import for CodeQL database at /home/runner/work/_temp/codeql_databases/actions...
2025-09-27T07:10:54.6145078Z Importing TRAP files
2025-09-27T07:10:54.8601838Z Merging relations
2025-09-27T07:10:54.9844828Z Finished writing database (relations: 7.20 KiB; string pool: 2.05 MiB).
2025-09-27T07:10:55.0387772Z TRAP import complete (1.2s).
2025-09-27T07:10:55.2535054Z Finished zipping source archive (3.44 KiB).
2025-09-27T07:10:55.2649387Z ##[endgroup]
2025-09-27T07:10:55.2655159Z ##[group]Running queries for actions
2025-09-27T07:10:55.2657049Z [command]/opt/hostedtoolcache/CodeQL/2.23.1/x64/codeql/codeql database run-queries --ram=14581 --threads=4 --expect-discarded-cache /home/runner/work/_temp/codeql_databases/actions --min-disk-free=1024 -v
2025-09-27T07:10:56.0169148Z Writing logs to /home/runner/work/_temp/codeql_databases/actions/log/database-run-queries-20250927.071056.013.log.
2025-09-27T07:10:56.0667866Z Stringpool size measured as 2146714
2025-09-27T07:10:56.6809932Z Writing logs to /home/runner/work/_temp/codeql_databases/actions/log/execute-queries-20250927.071056.673.log.
2025-09-27T07:10:56.9993409Z Recording pack reference codeql/actions-queries at /opt/hostedtoolcache/CodeQL/2.23.1/x64/codeql/qlpacks/codeql/actions-queries/0.6.9.
2025-09-27T07:10:58.1878162Z Compiling in 3 threads due to RAM limits.
2025-09-27T07:10:58.5854648Z [1/18] Loaded /opt/hostedtoolcache/CodeQL/2.23.1/x64/codeql/qlpacks/codeql/actions-queries/0.6.9/Security/CWE-312/UnmaskedSecretExposure.qlx.
2025-09-27T07:10:58.5924605Z [2/18] Loaded /opt/hostedtoolcache/CodeQL/2.23.1/x64/codeql/qlpacks/codeql/actions-queries/0.6.9/Security/CWE-312/ExcessiveSecretsExposure.qlx.
2025-09-27T07:10:58.6922488Z [3/18] Loaded /opt/hostedtoolcache/CodeQL/2.23.1/x64/codeql/qlpacks/codeql/actions-queries/0.6.9/Security/CWE-312/SecretsInArtifacts.qlx.
2025-09-27T07:10:59.1051574Z [4/18] Loaded /opt/hostedtoolcache/CodeQL/2.23.1/x64/codeql/qlpacks/codeql/actions-queries/0.6.9/Security/CWE-829/ArtifactPoisoningCritical.qlx.
2025-09-27T07:10:59.1463101Z [5/18] Loaded /opt/hostedtoolcache/CodeQL/2.23.1/x64/codeql/qlpacks/codeql/actions-queries/0.6.9/Security/CWE-1395/UseOfKnownVulnerableAction.qlx.
2025-09-27T07:10:59.2213948Z [6/18] Loaded /opt/hostedtoolcache/CodeQL/2.23.1/x64/codeql/qlpacks/codeql/actions-queries/0.6.9/Security/CWE-829/UntrustedCheckoutCritical.qlx.
2025-09-27T07:10:59.2273100Z [7/18] Loaded /opt/hostedtoolcache/CodeQL/2.23.1/x64/codeql/qlpacks/codeql/actions-queries/0.6.9/Security/CWE-829/UntrustedCheckoutHigh.qlx.
2025-09-27T07:10:59.3427608Z [8/18] Loaded /opt/hostedtoolcache/CodeQL/2.23.1/x64/codeql/qlpacks/codeql/actions-queries/0.6.9/Security/CWE-094/CodeInjectionCritical.qlx.
2025-09-27T07:10:59.4044328Z [9/18] Loaded /opt/hostedtoolcache/CodeQL/2.23.1/x64/codeql/qlpacks/codeql/actions-queries/0.6.9/Security/CWE-367/UntrustedCheckoutTOCTOUCritical.qlx.
2025-09-27T07:10:59.4340182Z [10/18] Loaded /opt/hostedtoolcache/CodeQL/2.23.1/x64/codeql/qlpacks/codeql/actions-queries/0.6.9/Security/CWE-275/MissingActionsPermissions.qlx.
2025-09-27T07:10:59.4511420Z [11/18] Loaded /opt/hostedtoolcache/CodeQL/2.23.1/x64/codeql/qlpacks/codeql/actions-queries/0.6.9/Security/CWE-367/UntrustedCheckoutTOCTOUHigh.qlx.
2025-09-27T07:10:59.6464209Z [12/18] Loaded /opt/hostedtoolcache/CodeQL/2.23.1/x64/codeql/qlpacks/codeql/actions-queries/0.6.9/Security/CWE-285/ImproperAccessControl.qlx.
2025-09-27T07:10:59.7142384Z [13/18] Loaded /opt/hostedtoolcache/CodeQL/2.23.1/x64/codeql/qlpacks/codeql/actions-queries/0.6.9/Security/CWE-077/EnvVarInjectionCritical.qlx.
2025-09-27T07:10:59.7978788Z [14/18] Loaded /opt/hostedtoolcache/CodeQL/2.23.1/x64/codeql/qlpacks/codeql/actions-queries/0.6.9/Security/CWE-077/EnvPathInjectionCritical.qlx.
2025-09-27T07:10:59.8725713Z [15/18] Loaded /opt/hostedtoolcache/CodeQL/2.23.1/x64/codeql/qlpacks/codeql/actions-queries/0.6.9/Security/CWE-349/CachePoisoningViaCodeInjection.qlx.
2025-09-27T07:10:59.9031013Z [16/18] Loaded /opt/hostedtoolcache/CodeQL/2.23.1/x64/codeql/qlpacks/codeql/actions-queries/0.6.9/Diagnostics/SuccessfullyExtractedFiles.qlx.
2025-09-27T07:10:59.9760658Z [17/18] Loaded /opt/hostedtoolcache/CodeQL/2.23.1/x64/codeql/qlpacks/codeql/actions-queries/0.6.9/Security/CWE-349/CachePoisoningViaPoisonableStep.qlx.
2025-09-27T07:10:59.9845909Z [18/18] Loaded /opt/hostedtoolcache/CodeQL/2.23.1/x64/codeql/qlpacks/codeql/actions-queries/0.6.9/Security/CWE-349/CachePoisoningViaDirectCache.qlx.
2025-09-27T07:11:00.2334501Z Starting evaluation of codeql/actions-queries/Security/CWE-077/EnvPathInjectionCritical.ql.
2025-09-27T07:11:00.2340119Z Starting evaluation of codeql/actions-queries/Diagnostics/SuccessfullyExtractedFiles.ql.
2025-09-27T07:11:00.2345242Z Starting evaluation of codeql/actions-queries/Security/CWE-077/EnvVarInjectionCritical.ql.
2025-09-27T07:11:00.2359556Z Starting evaluation of codeql/actions-queries/Security/CWE-094/CodeInjectionCritical.ql.
2025-09-27T07:11:00.2407728Z Starting evaluation of codeql/actions-queries/Security/CWE-1395/UseOfKnownVulnerableAction.ql.
2025-09-27T07:11:00.2438395Z Starting evaluation of codeql/actions-queries/Security/CWE-275/MissingActionsPermissions.ql.
2025-09-27T07:11:00.2441548Z Starting evaluation of codeql/actions-queries/Security/CWE-285/ImproperAccessControl.ql.
2025-09-27T07:11:00.4504188Z [1/18 eval 204ms] Evaluation done; writing results to codeql/actions-queries/Diagnostics/SuccessfullyExtractedFiles.bqrs.
2025-09-27T07:11:00.5091918Z Starting evaluation of codeql/actions-queries/Security/CWE-312/ExcessiveSecretsExposure.ql.
2025-09-27T07:11:00.5109860Z Starting evaluation of codeql/actions-queries/Security/CWE-312/SecretsInArtifacts.ql.
2025-09-27T07:11:00.5111180Z Starting evaluation of codeql/actions-queries/Security/CWE-312/UnmaskedSecretExposure.ql.
2025-09-27T07:11:00.5115113Z Starting evaluation of codeql/actions-queries/Security/CWE-349/CachePoisoningViaCodeInjection.ql.
2025-09-27T07:11:00.5116252Z Starting evaluation of codeql/actions-queries/Security/CWE-349/CachePoisoningViaDirectCache.ql.
2025-09-27T07:11:00.5117395Z Starting evaluation of codeql/actions-queries/Security/CWE-349/CachePoisoningViaPoisonableStep.ql.
2025-09-27T07:11:00.5196623Z Starting evaluation of codeql/actions-queries/Security/CWE-367/UntrustedCheckoutTOCTOUCritical.ql.
2025-09-27T07:11:00.5203236Z Starting evaluation of codeql/actions-queries/Security/CWE-367/UntrustedCheckoutTOCTOUHigh.ql.
2025-09-27T07:11:00.5239896Z Starting evaluation of codeql/actions-queries/Security/CWE-829/UntrustedCheckoutCritical.ql.
2025-09-27T07:11:00.5241198Z Starting evaluation of codeql/actions-queries/Security/CWE-829/UntrustedCheckoutHigh.ql.
2025-09-27T07:11:00.5242239Z Starting evaluation of codeql/actions-queries/Security/CWE-829/ArtifactPoisoningCritical.ql.
2025-09-27T07:11:01.3544255Z [2/18 eval 850ms] Evaluation done; writing results to codeql/actions-queries/Security/CWE-312/UnmaskedSecretExposure.bqrs.
2025-09-27T07:11:01.3546045Z [3/18 eval 851ms] Evaluation done; writing results to codeql/actions-queries/Security/CWE-312/ExcessiveSecretsExposure.bqrs.
2025-09-27T07:11:01.3983774Z [4/18 eval 1.2s] Evaluation done; writing results to codeql/actions-queries/Security/CWE-285/ImproperAccessControl.bqrs.
2025-09-27T07:11:01.4274771Z [5/18 eval 1.2s] Evaluation done; writing results to codeql/actions-queries/Security/CWE-1395/UseOfKnownVulnerableAction.bqrs.
2025-09-27T07:11:01.6690398Z [6/18 eval 1.2s] Evaluation done; writing results to codeql/actions-queries/Security/CWE-312/SecretsInArtifacts.bqrs.
2025-09-27T07:11:01.6936895Z [7/18 eval 1.2s] Evaluation done; writing results to codeql/actions-queries/Security/CWE-349/CachePoisoningViaDirectCache.bqrs.
2025-09-27T07:11:01.6970326Z [8/18 eval 1.5s] Evaluation done; writing results to codeql/actions-queries/Security/CWE-275/MissingActionsPermissions.bqrs.
2025-09-27T07:11:01.9343541Z [9/18 eval 1.7s] Evaluation done; writing results to codeql/actions-queries/Security/CWE-094/CodeInjectionCritical.bqrs.
2025-09-27T07:11:01.9424141Z [10/18 eval 1.4s] Evaluation done; writing results to codeql/actions-queries/Security/CWE-349/CachePoisoningViaCodeInjection.bqrs.
2025-09-27T07:11:01.9707295Z [11/18 eval 1.4s] Evaluation done; writing results to codeql/actions-queries/Security/CWE-829/ArtifactPoisoningCritical.bqrs.
2025-09-27T07:11:02.0080450Z [12/18 eval 1.5s] Evaluation done; writing results to codeql/actions-queries/Security/CWE-829/UntrustedCheckoutHigh.bqrs.
2025-09-27T07:11:02.0241304Z [13/18 eval 1.5s] Evaluation done; writing results to codeql/actions-queries/Security/CWE-367/UntrustedCheckoutTOCTOUHigh.bqrs.
2025-09-27T07:11:02.0251351Z [14/18 eval 1.5s] Evaluation done; writing results to codeql/actions-queries/Security/CWE-367/UntrustedCheckoutTOCTOUCritical.bqrs.
2025-09-27T07:11:02.0364908Z [15/18 eval 1.8s] Evaluation done; writing results to codeql/actions-queries/Security/CWE-077/EnvPathInjectionCritical.bqrs.
2025-09-27T07:11:02.0488997Z [16/18 eval 1.5s] Evaluation done; writing results to codeql/actions-queries/Security/CWE-829/UntrustedCheckoutCritical.bqrs.
2025-09-27T07:11:02.0589998Z [17/18 eval 1.8s] Evaluation done; writing results to codeql/actions-queries/Security/CWE-077/EnvVarInjectionCritical.bqrs.
2025-09-27T07:11:02.0617556Z [18/18 eval 1.6s] Evaluation done; writing results to codeql/actions-queries/Security/CWE-349/CachePoisoningViaPoisonableStep.bqrs.
2025-09-27T07:11:02.0630553Z Shutting down query evaluator.
2025-09-27T07:11:02.1158301Z Interpreting code scanning results for actions
2025-09-27T07:11:02.8413377Z Writing logs to /home/runner/work/_temp/codeql_databases/actions/log/database-interpret-results-20250927.071102.837.log.
2025-09-27T07:11:02.9916327Z Recording pack reference codeql/actions-queries at /opt/hostedtoolcache/CodeQL/2.23.1/x64/codeql/qlpacks/codeql/actions-queries/0.6.9.
2025-09-27T07:11:03.0103595Z Resolving extensions
2025-09-27T07:11:03.9455116Z Interpreting /opt/hostedtoolcache/CodeQL/2.23.1/x64/codeql/qlpacks/codeql/actions-queries/0.6.9/Security/CWE-312/UnmaskedSecretExposure.ql...
2025-09-27T07:11:03.9729030Z  ... found results file at /home/runner/work/_temp/codeql_databases/actions/results/codeql/actions-queries/Security/CWE-312/UnmaskedSecretExposure.bqrs.
2025-09-27T07:11:03.9910405Z Interpreting /opt/hostedtoolcache/CodeQL/2.23.1/x64/codeql/qlpacks/codeql/actions-queries/0.6.9/Security/CWE-312/SecretsInArtifacts.ql...
2025-09-27T07:11:04.0034099Z  ... found results file at /home/runner/work/_temp/codeql_databases/actions/results/codeql/actions-queries/Security/CWE-312/SecretsInArtifacts.bqrs.
2025-09-27T07:11:04.0072247Z Interpreting /opt/hostedtoolcache/CodeQL/2.23.1/x64/codeql/qlpacks/codeql/actions-queries/0.6.9/Security/CWE-312/ExcessiveSecretsExposure.ql...
2025-09-27T07:11:04.0157797Z  ... found results file at /home/runner/work/_temp/codeql_databases/actions/results/codeql/actions-queries/Security/CWE-312/ExcessiveSecretsExposure.bqrs.
2025-09-27T07:11:04.0165606Z Interpreting /opt/hostedtoolcache/CodeQL/2.23.1/x64/codeql/qlpacks/codeql/actions-queries/0.6.9/Security/CWE-829/ArtifactPoisoningCritical.ql...
2025-09-27T07:11:04.0251893Z  ... found results file at /home/runner/work/_temp/codeql_databases/actions/results/codeql/actions-queries/Security/CWE-829/ArtifactPoisoningCritical.bqrs.
2025-09-27T07:11:04.0258302Z Interpreting /opt/hostedtoolcache/CodeQL/2.23.1/x64/codeql/qlpacks/codeql/actions-queries/0.6.9/Security/CWE-829/UntrustedCheckoutCritical.ql...
2025-09-27T07:11:04.0341545Z  ... found results file at /home/runner/work/_temp/codeql_databases/actions/results/codeql/actions-queries/Security/CWE-829/UntrustedCheckoutCritical.bqrs.
2025-09-27T07:11:04.0353345Z Interpreting /opt/hostedtoolcache/CodeQL/2.23.1/x64/codeql/qlpacks/codeql/actions-queries/0.6.9/Security/CWE-829/UntrustedCheckoutHigh.ql...
2025-09-27T07:11:04.0431687Z  ... found results file at /home/runner/work/_temp/codeql_databases/actions/results/codeql/actions-queries/Security/CWE-829/UntrustedCheckoutHigh.bqrs.
2025-09-27T07:11:04.0462831Z Interpreting /opt/hostedtoolcache/CodeQL/2.23.1/x64/codeql/qlpacks/codeql/actions-queries/0.6.9/Security/CWE-1395/UseOfKnownVulnerableAction.ql...
2025-09-27T07:11:04.0513958Z  ... found results file at /home/runner/work/_temp/codeql_databases/actions/results/codeql/actions-queries/Security/CWE-1395/UseOfKnownVulnerableAction.bqrs.
2025-09-27T07:11:04.0516975Z Interpreting /opt/hostedtoolcache/CodeQL/2.23.1/x64/codeql/qlpacks/codeql/actions-queries/0.6.9/Security/CWE-094/CodeInjectionCritical.ql...
2025-09-27T07:11:04.0591760Z  ... found results file at /home/runner/work/_temp/codeql_databases/actions/results/codeql/actions-queries/Security/CWE-094/CodeInjectionCritical.bqrs.
2025-09-27T07:11:04.0598548Z Interpreting /opt/hostedtoolcache/CodeQL/2.23.1/x64/codeql/qlpacks/codeql/actions-queries/0.6.9/Security/CWE-367/UntrustedCheckoutTOCTOUCritical.ql...
2025-09-27T07:11:04.0681573Z  ... found results file at /home/runner/work/_temp/codeql_databases/actions/results/codeql/actions-queries/Security/CWE-367/UntrustedCheckoutTOCTOUCritical.bqrs.
2025-09-27T07:11:04.0683492Z Interpreting /opt/hostedtoolcache/CodeQL/2.23.1/x64/codeql/qlpacks/codeql/actions-queries/0.6.9/Security/CWE-367/UntrustedCheckoutTOCTOUHigh.ql...
2025-09-27T07:11:04.0742147Z  ... found results file at /home/runner/work/_temp/codeql_databases/actions/results/codeql/actions-queries/Security/CWE-367/UntrustedCheckoutTOCTOUHigh.bqrs.
2025-09-27T07:11:04.0746944Z Interpreting /opt/hostedtoolcache/CodeQL/2.23.1/x64/codeql/qlpacks/codeql/actions-queries/0.6.9/Security/CWE-275/MissingActionsPermissions.ql...
2025-09-27T07:11:04.0817267Z  ... found results file at /home/runner/work/_temp/codeql_databases/actions/results/codeql/actions-queries/Security/CWE-275/MissingActionsPermissions.bqrs.
2025-09-27T07:11:04.0832805Z Interpreting /opt/hostedtoolcache/CodeQL/2.23.1/x64/codeql/qlpacks/codeql/actions-queries/0.6.9/Security/CWE-077/EnvVarInjectionCritical.ql...
2025-09-27T07:11:04.0892774Z  ... found results file at /home/runner/work/_temp/codeql_databases/actions/results/codeql/actions-queries/Security/CWE-077/EnvVarInjectionCritical.bqrs.
2025-09-27T07:11:04.0899794Z Interpreting /opt/hostedtoolcache/CodeQL/2.23.1/x64/codeql/qlpacks/codeql/actions-queries/0.6.9/Security/CWE-077/EnvPathInjectionCritical.ql...
2025-09-27T07:11:04.0973520Z  ... found results file at /home/runner/work/_temp/codeql_databases/actions/results/codeql/actions-queries/Security/CWE-077/EnvPathInjectionCritical.bqrs.
2025-09-27T07:11:04.0975365Z Interpreting /opt/hostedtoolcache/CodeQL/2.23.1/x64/codeql/qlpacks/codeql/actions-queries/0.6.9/Security/CWE-285/ImproperAccessControl.ql...
2025-09-27T07:11:04.1042719Z  ... found results file at /home/runner/work/_temp/codeql_databases/actions/results/codeql/actions-queries/Security/CWE-285/ImproperAccessControl.bqrs.
2025-09-27T07:11:04.1044841Z Interpreting /opt/hostedtoolcache/CodeQL/2.23.1/x64/codeql/qlpacks/codeql/actions-queries/0.6.9/Security/CWE-349/CachePoisoningViaCodeInjection.ql...
2025-09-27T07:11:04.1097416Z  ... found results file at /home/runner/work/_temp/codeql_databases/actions/results/codeql/actions-queries/Security/CWE-349/CachePoisoningViaCodeInjection.bqrs.
2025-09-27T07:11:04.1103172Z Interpreting /opt/hostedtoolcache/CodeQL/2.23.1/x64/codeql/qlpacks/codeql/actions-queries/0.6.9/Security/CWE-349/CachePoisoningViaPoisonableStep.ql...
2025-09-27T07:11:04.1178393Z  ... found results file at /home/runner/work/_temp/codeql_databases/actions/results/codeql/actions-queries/Security/CWE-349/CachePoisoningViaPoisonableStep.bqrs.
2025-09-27T07:11:04.1189706Z Interpreting /opt/hostedtoolcache/CodeQL/2.23.1/x64/codeql/qlpacks/codeql/actions-queries/0.6.9/Security/CWE-349/CachePoisoningViaDirectCache.ql...
2025-09-27T07:11:04.1252191Z  ... found results file at /home/runner/work/_temp/codeql_databases/actions/results/codeql/actions-queries/Security/CWE-349/CachePoisoningViaDirectCache.bqrs.
2025-09-27T07:11:04.1254828Z Interpreting /opt/hostedtoolcache/CodeQL/2.23.1/x64/codeql/qlpacks/codeql/actions-queries/0.6.9/Diagnostics/SuccessfullyExtractedFiles.ql...
2025-09-27T07:11:04.1317005Z  ... found results file at /home/runner/work/_temp/codeql_databases/actions/results/codeql/actions-queries/Diagnostics/SuccessfullyExtractedFiles.bqrs.
2025-09-27T07:11:04.2369854Z Interpreted problem query "Unmasked Secret Exposure" (actions/unmasked-secret-exposure) at path /home/runner/work/_temp/codeql_databases/actions/results/codeql/actions-queries/Security/CWE-312/UnmaskedSecretExposure.bqrs.
2025-09-27T07:11:04.2374464Z Interpreted problem query "Storage of sensitive information in GitHub Actions artifact" (actions/secrets-in-artifacts) at path /home/runner/work/_temp/codeql_databases/actions/results/codeql/actions-queries/Security/CWE-312/SecretsInArtifacts.bqrs.
2025-09-27T07:11:04.2383905Z Interpreted problem query "Excessive Secrets Exposure" (actions/excessive-secrets-exposure) at path /home/runner/work/_temp/codeql_databases/actions/results/codeql/actions-queries/Security/CWE-312/ExcessiveSecretsExposure.bqrs.
2025-09-27T07:11:04.2395480Z Interpreted pathproblem query "Artifact poisoning" (actions/artifact-poisoning/critical) at path /home/runner/work/_temp/codeql_databases/actions/results/codeql/actions-queries/Security/CWE-829/ArtifactPoisoningCritical.bqrs.
2025-09-27T07:11:04.2402884Z Interpreted pathproblem query "Checkout of untrusted code in a privileged context" (actions/untrusted-checkout/critical) at path /home/runner/work/_temp/codeql_databases/actions/results/codeql/actions-queries/Security/CWE-829/UntrustedCheckoutCritical.bqrs.
2025-09-27T07:11:04.2416426Z Interpreted problem query "Checkout of untrusted code in trusted context" (actions/untrusted-checkout/high) at path /home/runner/work/_temp/codeql_databases/actions/results/codeql/actions-queries/Security/CWE-829/UntrustedCheckoutHigh.bqrs.
2025-09-27T07:11:04.2425138Z Interpreted problem query "Use of a known vulnerable action" (actions/vulnerable-action) at path /home/runner/work/_temp/codeql_databases/actions/results/codeql/actions-queries/Security/CWE-1395/UseOfKnownVulnerableAction.bqrs.
2025-09-27T07:11:04.2440037Z Interpreted pathproblem query "Code injection" (actions/code-injection/critical) at path /home/runner/work/_temp/codeql_databases/actions/results/codeql/actions-queries/Security/CWE-094/CodeInjectionCritical.bqrs.
2025-09-27T07:11:04.2443006Z Interpreted pathproblem query "Untrusted Checkout TOCTOU" (actions/untrusted-checkout-toctou/critical) at path /home/runner/work/_temp/codeql_databases/actions/results/codeql/actions-queries/Security/CWE-367/UntrustedCheckoutTOCTOUCritical.bqrs.
2025-09-27T07:11:04.2445902Z Interpreted problem query "Untrusted Checkout TOCTOU" (actions/untrusted-checkout-toctou/high) at path /home/runner/work/_temp/codeql_databases/actions/results/codeql/actions-queries/Security/CWE-367/UntrustedCheckoutTOCTOUHigh.bqrs.
2025-09-27T07:11:04.2448768Z Interpreted problem query "Workflow does not contain permissions" (actions/missing-workflow-permissions) at path /home/runner/work/_temp/codeql_databases/actions/results/codeql/actions-queries/Security/CWE-275/MissingActionsPermissions.bqrs.
2025-09-27T07:11:04.2451921Z Interpreted pathproblem query "Environment variable built from user-controlled sources" (actions/envvar-injection/critical) at path /home/runner/work/_temp/codeql_databases/actions/results/codeql/actions-queries/Security/CWE-077/EnvVarInjectionCritical.bqrs.
2025-09-27T07:11:04.2459358Z Interpreted pathproblem query "PATH environment variable built from user-controlled sources" (actions/envpath-injection/critical) at path /home/runner/work/_temp/codeql_databases/actions/results/codeql/actions-queries/Security/CWE-077/EnvPathInjectionCritical.bqrs.
2025-09-27T07:11:04.2465217Z Interpreted problem query "Improper Access Control" (actions/improper-access-control) at path /home/runner/work/_temp/codeql_databases/actions/results/codeql/actions-queries/Security/CWE-285/ImproperAccessControl.bqrs.
2025-09-27T07:11:04.2486586Z Interpreted pathproblem query "Cache Poisoning via low-privileged code injection" (actions/cache-poisoning/code-injection) at path /home/runner/work/_temp/codeql_databases/actions/results/codeql/actions-queries/Security/CWE-349/CachePoisoningViaCodeInjection.bqrs.
2025-09-27T07:11:04.2489705Z Interpreted pathproblem query "Cache Poisoning via execution of untrusted code" (actions/cache-poisoning/poisonable-step) at path /home/runner/work/_temp/codeql_databases/actions/results/codeql/actions-queries/Security/CWE-349/CachePoisoningViaPoisonableStep.bqrs.
2025-09-27T07:11:04.2495654Z Interpreted pathproblem query "Cache Poisoning via caching of untrusted files" (actions/cache-poisoning/direct-cache) at path /home/runner/work/_temp/codeql_databases/actions/results/codeql/actions-queries/Security/CWE-349/CachePoisoningViaDirectCache.bqrs.
2025-09-27T07:11:04.2510642Z Interpreted diagnostic query "Extracted files" (actions/diagnostics/successfully-extracted-files) at path /home/runner/work/_temp/codeql_databases/actions/results/codeql/actions-queries/Diagnostics/SuccessfullyExtractedFiles.bqrs.
2025-09-27T07:11:04.2515453Z Reading source archive /home/runner/work/_temp/codeql_databases/actions/src.zip
2025-09-27T07:11:04.3135660Z Interpreting file coverage baseline information
2025-09-27T07:11:04.3141165Z Finished interpreting file coverage baseline information.
2025-09-27T07:11:04.3152034Z Interpreting diagnostic messages...
2025-09-27T07:11:04.3511511Z Found 3 raw diagnostic messages.
2025-09-27T07:11:04.3590404Z Processed diagnostic messages (removed 0 due to limits, created 0 summary diagnostics for status page).
2025-09-27T07:11:04.3612210Z Interpreted diagnostic messages (43ms).
2025-09-27T07:11:04.5251739Z Exporting results to SARIF...
2025-09-27T07:11:04.6667569Z Exported results to SARIF (141ms).
2025-09-27T07:11:04.6983784Z ##[endgroup]
2025-09-27T07:11:04.6985310Z CodeQL scanned 4 out of 4 GitHub Actions files in this invocation. Check the status page for overall coverage information: https://github.com/Boss-1s/scratchattach/security/code-scanning/tools/CodeQL/status/
2025-09-27T07:11:04.6986768Z 
2025-09-27T07:11:04.6994854Z ##[group]Uploading code scanning results
2025-09-27T07:11:04.6995560Z Processing sarif files: ["/home/runner/work/scratchattach/results/actions.sarif"]
2025-09-27T07:11:04.7012037Z Adding fingerprints to SARIF file. See https://docs.github.com/en/enterprise-cloud@latest/code-security/code-scanning/integrating-with-code-scanning/sarif-support-for-code-scanning#providing-data-to-track-code-scanning-alerts-across-runs for more information.
2025-09-27T07:11:04.7160207Z Uploading results
2025-09-27T07:11:05.0583123Z Successfully uploaded results
2025-09-27T07:11:05.0583652Z ##[endgroup]
2025-09-27T07:11:05.0589762Z ##[group]Cleaning up databases
2025-09-27T07:11:05.0592757Z [command]/opt/hostedtoolcache/CodeQL/2.23.1/x64/codeql/codeql database cleanup /home/runner/work/_temp/codeql_databases/actions --cache-cleanup=clear
2025-09-27T07:11:05.7363625Z Cleaning up existing TRAP files after import...
2025-09-27T07:11:05.7415457Z TRAP files cleaned up (2ms).
2025-09-27T07:11:05.7416211Z Cleaning up scratch directory...
2025-09-27T07:11:05.7417786Z Scratch directory cleaned up (0ms).
2025-09-27T07:11:05.7870737Z ##[endgroup]
2025-09-27T07:11:05.7879996Z [command]/opt/hostedtoolcache/CodeQL/2.23.1/x64/codeql/codeql database bundle /home/runner/work/_temp/codeql_databases/actions --output=/home/runner/work/_temp/codeql_databases/actions.zip --name=actions
2025-09-27T07:11:06.6438282Z Creating bundle metadata for /home/runner/work/_temp/codeql_databases/actions...
2025-09-27T07:11:06.8277320Z Creating zip file at /home/runner/work/_temp/codeql_databases/actions.zip.
2025-09-27T07:11:07.6086920Z Skipping upload of TRAP cache for actions as it is too small
2025-09-27T07:11:07.6093704Z Skipping upload of dependency cache for actions as we have no caching configuration for it.
2025-09-27T07:11:07.6094668Z ##[group]Waiting for processing to finish
2025-09-27T07:11:07.7567294Z Analysis upload status is complete.
2025-09-27T07:11:07.7568084Z ##[endgroup]
2025-09-27T07:11:07.8993701Z Post job cleanup.
2025-09-27T07:11:08.7252946Z Post job cleanup.
2025-09-27T07:11:08.9247889Z Post job cleanup.
2025-09-27T07:11:09.7593912Z CodeQL job status was success.
2025-09-27T07:11:09.7637943Z Sending status report for init-post step.
2025-09-27T07:11:09.9838114Z Status report sent for init-post step.
2025-09-27T07:11:10.0613382Z Post job cleanup.
2025-09-27T07:11:10.1529005Z [command]/usr/bin/git version
2025-09-27T07:11:10.1568514Z git version 2.51.0
2025-09-27T07:11:10.1610425Z Temporarily overriding HOME='/home/runner/work/_temp/7b689b25-0470-4449-a030-edb7d98e4fee' before making global git config changes
2025-09-27T07:11:10.1611498Z Adding repository directory to the temporary git global config as a safe directory
2025-09-27T07:11:10.1616435Z [command]/usr/bin/git config --global --add safe.directory /home/runner/work/scratchattach/scratchattach
2025-09-27T07:11:10.1650688Z [command]/usr/bin/git config --local --name-only --get-regexp core\.sshCommand
2025-09-27T07:11:10.1682835Z [command]/usr/bin/git submodule foreach --recursive sh -c "git config --local --name-only --get-regexp 'core\.sshCommand' && git config --local --unset-all 'core.sshCommand' || :"
2025-09-27T07:11:10.1904666Z [command]/usr/bin/git config --local --name-only --get-regexp http\.https\:\/\/github\.com\/\.extraheader
2025-09-27T07:11:10.1924202Z http.https://github.com/.extraheader
2025-09-27T07:11:10.1936316Z [command]/usr/bin/git config --local --unset-all http.https://github.com/.extraheader
2025-09-27T07:11:10.1966333Z [command]/usr/bin/git submodule foreach --recursive sh -c "git config --local --name-only --get-regexp 'http\.https\:\/\/github\.com\/\.extraheader' && git config --local --unset-all 'http.https://github.com/.extraheader' || :"
2025-09-27T07:11:10.2282480Z Cleaning up orphan processes
