2025-08-30T02:09:56.2251327Z Current runner version: '2.328.0'
2025-08-30T02:09:56.2284394Z ##[group]Runner Image Provisioner
2025-08-30T02:09:56.2285878Z Hosted Compute Agent
2025-08-30T02:09:56.2286747Z Version: 20250829.383
2025-08-30T02:09:56.2287651Z Commit: 27cb235aab5b0e52e153a26cd86b4742e89dac5d
2025-08-30T02:09:56.2288919Z Build Date: 2025-08-29T13:48:48Z
2025-08-30T02:09:56.2289847Z ##[endgroup]
2025-08-30T02:09:56.2290814Z ##[group]Operating System
2025-08-30T02:09:56.2291801Z Ubuntu
2025-08-30T02:09:56.2292611Z 24.04.3
2025-08-30T02:09:56.2293272Z LTS
2025-08-30T02:09:56.2294103Z ##[endgroup]
2025-08-30T02:09:56.2294914Z ##[group]Runner Image
2025-08-30T02:09:56.2295984Z Image: ubuntu-24.04
2025-08-30T02:09:56.2296997Z Version: 20250824.1.0
2025-08-30T02:09:56.2298691Z Included Software: https://github.com/actions/runner-images/blob/ubuntu24/20250824.1/images/ubuntu/Ubuntu2404-Readme.md
2025-08-30T02:09:56.2302331Z Image Release: https://github.com/actions/runner-images/releases/tag/ubuntu24%2F20250824.1
2025-08-30T02:09:56.2304196Z ##[endgroup]
2025-08-30T02:09:56.2306173Z ##[group]GITHUB_TOKEN Permissions
2025-08-30T02:09:56.2308959Z Contents: write
2025-08-30T02:09:56.2309800Z Metadata: read
2025-08-30T02:09:56.2310700Z ##[endgroup]
2025-08-30T02:09:56.2313431Z Secret source: Actions
2025-08-30T02:09:56.2314565Z Prepare workflow directory
2025-08-30T02:09:56.3026381Z Prepare all required actions
2025-08-30T02:09:56.3082033Z Getting action download info
2025-08-30T02:09:56.6615602Z Download action repository 'actions/checkout@ff7abcd0c3c05ccf6adc123a8cd1fd4fb30fb493' (SHA:ff7abcd0c3c05ccf6adc123a8cd1fd4fb30fb493)
2025-08-30T02:09:56.7487880Z Download action repository 'actions/setup-python@v5' (SHA:a26af69be951a213d495a4c3e4e4022e16d87065)
2025-08-30T02:09:56.8591722Z Download action repository 'actions/cache@0400d5f644dc74513175e3cd8d07132dd4860809' (SHA:0400d5f644dc74513175e3cd8d07132dd4860809)
2025-08-30T02:09:56.9971823Z Download action repository 'actions/component-detection-dependency-submission-action@374343effede691df3a5ffaf36b4e7acab919590' (SHA:374343effede691df3a5ffaf36b4e7acab919590)
2025-08-30T02:09:57.3404838Z Complete job name: submit-pypi
2025-08-30T02:09:57.4039928Z ##[group]Run actions/checkout@ff7abcd0c3c05ccf6adc123a8cd1fd4fb30fb493
2025-08-30T02:09:57.4041025Z with:
2025-08-30T02:09:57.4041448Z   ref: refs/heads/main
2025-08-30T02:09:57.4041940Z   repository: Boss-1s/scratchattach
2025-08-30T02:09:57.4042640Z   token: ***
2025-08-30T02:09:57.4043068Z   ssh-strict: true
2025-08-30T02:09:57.4043498Z   ssh-user: git
2025-08-30T02:09:57.4043946Z   persist-credentials: true
2025-08-30T02:09:57.4044443Z   clean: true
2025-08-30T02:09:57.4044892Z   sparse-checkout-cone-mode: true
2025-08-30T02:09:57.4045614Z   fetch-depth: 1
2025-08-30T02:09:57.4046036Z   fetch-tags: false
2025-08-30T02:09:57.4046474Z   show-progress: true
2025-08-30T02:09:57.4046912Z   lfs: false
2025-08-30T02:09:57.4047311Z   submodules: false
2025-08-30T02:09:57.4047749Z   set-safe-directory: true
2025-08-30T02:09:57.4048456Z env:
2025-08-30T02:09:57.4048880Z   SKIP_CACHE: 
2025-08-30T02:09:57.4049291Z ##[endgroup]
2025-08-30T02:09:57.4979068Z Syncing repository: Boss-1s/scratchattach
2025-08-30T02:09:57.4981143Z ##[group]Getting Git version info
2025-08-30T02:09:57.4982024Z Working directory is '/home/runner/work/scratchattach/scratchattach'
2025-08-30T02:09:57.4983262Z [command]/usr/bin/git version
2025-08-30T02:09:57.4995820Z git version 2.51.0
2025-08-30T02:09:57.5022435Z ##[endgroup]
2025-08-30T02:09:57.5029240Z Temporarily overriding HOME='/home/runner/work/_temp/b38359e3-30a6-4f00-81b2-7c487f42fd6e' before making global git config changes
2025-08-30T02:09:57.5031165Z Adding repository directory to the temporary git global config as a safe directory
2025-08-30T02:09:57.5033937Z [command]/usr/bin/git config --global --add safe.directory /home/runner/work/scratchattach/scratchattach
2025-08-30T02:09:57.5069270Z Deleting the contents of '/home/runner/work/scratchattach/scratchattach'
2025-08-30T02:09:57.5072978Z ##[group]Initializing the repository
2025-08-30T02:09:57.5078147Z [command]/usr/bin/git init /home/runner/work/scratchattach/scratchattach
2025-08-30T02:09:57.5158707Z hint: Using 'master' as the name for the initial branch. This default branch name
2025-08-30T02:09:57.5160436Z hint: is subject to change. To configure the initial branch name to use in all
2025-08-30T02:09:57.5162013Z hint: of your new repositories, which will suppress this warning, call:
2025-08-30T02:09:57.5163177Z hint:
2025-08-30T02:09:57.5163977Z hint: 	git config --global init.defaultBranch <name>
2025-08-30T02:09:57.5164612Z hint:
2025-08-30T02:09:57.5165462Z hint: Names commonly chosen instead of 'master' are 'main', 'trunk' and
2025-08-30T02:09:57.5166649Z hint: 'development'. The just-created branch can be renamed via this command:
2025-08-30T02:09:57.5167551Z hint:
2025-08-30T02:09:57.5167961Z hint: 	git branch -m <name>
2025-08-30T02:09:57.5168434Z hint:
2025-08-30T02:09:57.5169054Z hint: Disable this message with "git config set advice.defaultBranchName false"
2025-08-30T02:09:57.5170306Z Initialized empty Git repository in /home/runner/work/scratchattach/scratchattach/.git/
2025-08-30T02:09:57.5173384Z [command]/usr/bin/git remote add origin https://github.com/Boss-1s/scratchattach
2025-08-30T02:09:57.5207860Z ##[endgroup]
2025-08-30T02:09:57.5209182Z ##[group]Disabling automatic garbage collection
2025-08-30T02:09:57.5212154Z [command]/usr/bin/git config --local gc.auto 0
2025-08-30T02:09:57.5240247Z ##[endgroup]
2025-08-30T02:09:57.5241596Z ##[group]Setting up auth
2025-08-30T02:09:57.5247388Z [command]/usr/bin/git config --local --name-only --get-regexp core\.sshCommand
2025-08-30T02:09:57.5278129Z [command]/usr/bin/git submodule foreach --recursive sh -c "git config --local --name-only --get-regexp 'core\.sshCommand' && git config --local --unset-all 'core.sshCommand' || :"
2025-08-30T02:09:57.5551791Z [command]/usr/bin/git config --local --name-only --get-regexp http\.https\:\/\/github\.com\/\.extraheader
2025-08-30T02:09:57.5581718Z [command]/usr/bin/git submodule foreach --recursive sh -c "git config --local --name-only --get-regexp 'http\.https\:\/\/github\.com\/\.extraheader' && git config --local --unset-all 'http.https://github.com/.extraheader' || :"
2025-08-30T02:09:57.5796392Z [command]/usr/bin/git config --local http.https://github.com/.extraheader AUTHORIZATION: basic ***
2025-08-30T02:09:57.5829722Z ##[endgroup]
2025-08-30T02:09:57.5838451Z ##[group]Fetching the repository
2025-08-30T02:09:57.5839736Z [command]/usr/bin/git -c protocol.version=2 fetch --no-tags --prune --no-recurse-submodules --depth=1 origin +refs/heads/main:refs/remotes/origin/main
2025-08-30T02:09:57.8833230Z From https://github.com/Boss-1s/scratchattach
2025-08-30T02:09:57.8834839Z  * [new branch]      main       -> origin/main
2025-08-30T02:09:57.8862000Z ##[endgroup]
2025-08-30T02:09:57.8864005Z ##[group]Determining the checkout info
2025-08-30T02:09:57.8866437Z ##[endgroup]
2025-08-30T02:09:57.8870287Z [command]/usr/bin/git sparse-checkout disable
2025-08-30T02:09:57.8912578Z [command]/usr/bin/git config --local --unset-all extensions.worktreeConfig
2025-08-30T02:09:57.8939898Z ##[group]Checking out the ref
2025-08-30T02:09:57.8943765Z [command]/usr/bin/git checkout --progress --force -B main refs/remotes/origin/main
2025-08-30T02:09:57.9231795Z Switched to a new branch 'main'
2025-08-30T02:09:57.9234021Z branch 'main' set up to track 'origin/main'.
2025-08-30T02:09:57.9244486Z ##[endgroup]
2025-08-30T02:09:57.9280660Z [command]/usr/bin/git log -1 --format=%H
2025-08-30T02:09:57.9304441Z c12285b004eb39a15f4720a497c0fb52495309ed
2025-08-30T02:09:57.9602992Z ##[group]Run actions/setup-python@v5
2025-08-30T02:09:57.9604195Z with:
2025-08-30T02:09:57.9605364Z   check-latest: false
2025-08-30T02:09:57.9606647Z   token: ***
2025-08-30T02:09:57.9607547Z   update-environment: true
2025-08-30T02:09:57.9608624Z   allow-prereleases: false
2025-08-30T02:09:57.9609696Z   freethreaded: false
2025-08-30T02:09:57.9610611Z env:
2025-08-30T02:09:57.9611406Z   SKIP_CACHE: 
2025-08-30T02:09:57.9612301Z ##[endgroup]
2025-08-30T02:09:58.1243367Z [warning]Neither 'python-version' nor 'python-version-file' inputs were supplied. Attempting to find '.python-version' file.
2025-08-30T02:09:58.1247197Z [warning].python-version doesn't exist.
2025-08-30T02:09:58.1269092Z ##[warning]The `python-version` input is not set.  The version of Python currently in `PATH` will be used.
2025-08-30T02:09:58.1388045Z ##[group]Run version=$(python --version)
2025-08-30T02:09:58.1389364Z [36;1mversion=$(python --version)[0m
2025-08-30T02:09:58.1390713Z [36;1mecho "::notice::Using python version: $version"[0m
2025-08-30T02:09:58.1392069Z [36;1mpip_version=$(pip --version)[0m
2025-08-30T02:09:58.1393353Z [36;1mecho "::notice::Using pip version: $pip_version"[0m
2025-08-30T02:09:58.1394758Z [36;1mpip install pip-tools[0m
2025-08-30T02:09:58.1396160Z [36;1mpip_compile_version=$(pip-compile --version)[0m
2025-08-30T02:09:58.1397857Z [36;1mecho "::notice::Using pip-compile version: $pip_compile_version"[0m
2025-08-30T02:09:58.1460315Z shell: /usr/bin/bash --noprofile --norc -e -o pipefail {0}
2025-08-30T02:09:58.1461711Z env:
2025-08-30T02:09:58.1462472Z   SKIP_CACHE: 
2025-08-30T02:09:58.1463272Z ##[endgroup]
2025-08-30T02:09:58.1558777Z ##[notice]Using python version: Python 3.12.3
2025-08-30T02:09:59.1480228Z ##[notice]Using pip version: pip 24.0 from /usr/lib/python3/dist-packages/pip (python 3.12)
2025-08-30T02:09:59.5742657Z Defaulting to user installation because normal site-packages is not writeable
2025-08-30T02:10:00.6751090Z Collecting pip-tools
2025-08-30T02:10:00.7193744Z   Downloading pip_tools-7.5.0-py3-none-any.whl.metadata (26 kB)
2025-08-30T02:10:00.7618856Z Collecting build>=1.0.0 (from pip-tools)
2025-08-30T02:10:00.7704764Z   Downloading build-1.3.0-py3-none-any.whl.metadata (5.6 kB)
2025-08-30T02:10:00.7748056Z Requirement already satisfied: click>=8 in /usr/lib/python3/dist-packages (from pip-tools) (8.1.6)
2025-08-30T02:10:00.7760817Z Requirement already satisfied: pip>=22.2 in /usr/lib/python3/dist-packages (from pip-tools) (24.0)
2025-08-30T02:10:00.7927023Z Collecting pyproject_hooks (from pip-tools)
2025-08-30T02:10:00.7993842Z   Downloading pyproject_hooks-1.2.0-py3-none-any.whl.metadata (1.3 kB)
2025-08-30T02:10:00.8029122Z Requirement already satisfied: setuptools in /usr/lib/python3/dist-packages (from pip-tools) (68.1.2)
2025-08-30T02:10:00.8035851Z Requirement already satisfied: wheel in /usr/lib/python3/dist-packages (from pip-tools) (0.42.0)
2025-08-30T02:10:00.8120332Z Requirement already satisfied: packaging>=19.1 in /usr/lib/python3/dist-packages (from build>=1.0.0->pip-tools) (24.0)
2025-08-30T02:10:00.8260109Z Downloading pip_tools-7.5.0-py3-none-any.whl (65 kB)
2025-08-30T02:10:00.8351065Z    ━━━━━━━━━━━━━━━━━━━━━━━━━━━━━━━━━━━━━━━━ 65.1/65.1 kB 8.2 MB/s eta 0:00:00
2025-08-30T02:10:00.8425724Z Downloading build-1.3.0-py3-none-any.whl (23 kB)
2025-08-30T02:10:00.8524470Z Downloading pyproject_hooks-1.2.0-py3-none-any.whl (10 kB)
2025-08-30T02:10:01.1200264Z Installing collected packages: pyproject_hooks, build, pip-tools
2025-08-30T02:10:01.1856784Z Successfully installed build-1.3.0 pip-tools-7.5.0 pyproject_hooks-1.2.0
2025-08-30T02:10:01.6250764Z ##[notice]Using pip-compile version: pip-compile, version 7.5.0
2025-08-30T02:10:01.6371183Z ##[group]Run if [[ -n "" ]]; then
2025-08-30T02:10:01.6371508Z [36;1mif [[ -n "" ]]; then[0m
2025-08-30T02:10:01.6371870Z [36;1m  echo "Python cache disabled via 'GH_DEPENDENCY_SUBMISSION_SKIP_CACHE'"[0m
2025-08-30T02:10:01.6372234Z [36;1melse[0m
2025-08-30T02:10:01.6372656Z [36;1m  echo "Caching Python packages. Set 'GH_DEPENDENCY_SUBMISSION_SKIP_CACHE=true' to skip caching in future."[0m
2025-08-30T02:10:01.6373134Z [36;1mfi[0m
2025-08-30T02:10:01.6404471Z shell: /usr/bin/bash -e {0}
2025-08-30T02:10:01.6404712Z env:
2025-08-30T02:10:01.6404893Z   SKIP_CACHE: 
2025-08-30T02:10:01.6405644Z ##[endgroup]
2025-08-30T02:10:01.6456473Z Caching Python packages. Set 'GH_DEPENDENCY_SUBMISSION_SKIP_CACHE=true' to skip caching in future.
2025-08-30T02:10:01.7330072Z ##[group]Run actions/cache@0400d5f644dc74513175e3cd8d07132dd4860809
2025-08-30T02:10:01.7330427Z with:
2025-08-30T02:10:01.7330620Z   path: ~/.cache/pip
2025-08-30T02:10:01.7331025Z   key: Linux-pip-python-5a00fefc972129031f421abe69b90f4bbdcde70f32fc624502f11f9b2a1e2c79
2025-08-30T02:10:01.7331473Z   restore-keys: Linux-python-

2025-08-30T02:10:01.7331716Z   enableCrossOsArchive: false
2025-08-30T02:10:01.7331951Z   fail-on-cache-miss: false
2025-08-30T02:10:01.7332173Z   lookup-only: false
2025-08-30T02:10:01.7332365Z   save-always: false
2025-08-30T02:10:01.7332552Z env:
2025-08-30T02:10:01.7332711Z   SKIP_CACHE: 
2025-08-30T02:10:01.7332941Z ##[endgroup]
2025-08-30T02:10:01.9904187Z Cache hit for: Linux-pip-python-5a00fefc972129031f421abe69b90f4bbdcde70f32fc624502f11f9b2a1e2c79
2025-08-30T02:10:02.0660724Z Received 1473765 of 1473765 (100.0%), 31.2 MBs/sec
2025-08-30T02:10:02.0661319Z Cache Size: ~1 MB (1473765 B)
2025-08-30T02:10:02.0688416Z [command]/usr/bin/tar -xf /home/runner/work/_temp/274d94d6-809f-446d-a1c2-5b0a9a0ac494/cache.tzst -P -C /home/runner/work/scratchattach/scratchattach --use-compress-program unzstd
2025-08-30T02:10:02.1004308Z Cache restored successfully
2025-08-30T02:10:02.1090477Z Cache restored from key: Linux-pip-python-5a00fefc972129031f421abe69b90f4bbdcde70f32fc624502f11f9b2a1e2c79
2025-08-30T02:10:02.1179646Z ##[group]Run if pip-compile --dry-run -o requirements.out requirements.txt; then
2025-08-30T02:10:02.1180201Z [36;1mif pip-compile --dry-run -o requirements.out requirements.txt; then[0m
2025-08-30T02:10:02.1180627Z [36;1m  echo "::debug::Python validate no broken dependencies"[0m
2025-08-30T02:10:02.1181006Z [36;1m  echo "{valid-project}={true}" >> "$GITHUB_OUTPUT"[0m
2025-08-30T02:10:02.1181300Z [36;1melse[0m
2025-08-30T02:10:02.1181548Z [36;1m  echo "{valid-project}={false}" >> "$GITHUB_OUTPUT"[0m
2025-08-30T02:10:02.1181994Z [36;1m  echo "### :warning: Python validation failed in repository root" >> $GITHUB_STEP_SUMMARY[0m
2025-08-30T02:10:02.1182841Z [36;1m  echo "We were unable to validate a Python project in the repository root. If your repository requires additional setup steps, you may need to check in your own workflow." >> $GITHUB_STEP_SUMMARY[0m
2025-08-30T02:10:02.1183568Z [36;1m  echo "" >> $GITHUB_STEP_SUMMARY[0m
2025-08-30T02:10:02.1184486Z [36;1m  echo "For more information on submitting Python dependencies from your own workflow, refer to [the submission action](https://github.com/actions/component-detection-dependency-submission-action)" >> $GITHUB_STEP_SUMMARY[0m
2025-08-30T02:10:02.1185727Z [36;1m  echo "::warning::Python validation failed in the repository root."[0m
2025-08-30T02:10:02.1186072Z [36;1m  exit 1[0m
2025-08-30T02:10:02.1186260Z [36;1mfi[0m
2025-08-30T02:10:02.1215863Z shell: /usr/bin/bash -e {0}
2025-08-30T02:10:02.1216095Z env:
2025-08-30T02:10:02.1216285Z   SKIP_CACHE: 
2025-08-30T02:10:02.1216477Z ##[endgroup]
2025-08-30T02:10:03.9985455Z WARNING: --strip-extras is becoming the default in version 8.0.0. To silence this warning, either use --strip-extras to opt into the new default or use --no-strip-extras to retain the existing behavior.
2025-08-30T02:10:03.9986749Z #
2025-08-30T02:10:03.9987185Z # This file is autogenerated by pip-compile with Python 3.12
2025-08-30T02:10:03.9987725Z # by the following command:
2025-08-30T02:10:03.9988085Z #
2025-08-30T02:10:03.9988508Z #    pip-compile --output-file=requirements.out requirements.txt
2025-08-30T02:10:03.9989039Z #
2025-08-30T02:10:03.9989334Z beautifulsoup4==4.13.5
2025-08-30T02:10:03.9989672Z     # via bs4
2025-08-30T02:10:03.9989970Z bs4==0.0.2
2025-08-30T02:10:03.9990273Z     # via scratchattach
2025-08-30T02:10:03.9990603Z certifi==2025.8.3
2025-08-30T02:10:03.9990911Z     # via requests
2025-08-30T02:10:03.9991243Z charset-normalizer==3.4.3
2025-08-30T02:10:03.9991588Z     # via requests
2025-08-30T02:10:03.9991888Z idna==3.10
2025-08-30T02:10:03.9992178Z     # via requests
2025-08-30T02:10:03.9992560Z requests==2.32.5
2025-08-30T02:10:03.9992892Z     # via scratchattach
2025-08-30T02:10:03.9993599Z scratchattach==2.1.13
2025-08-30T02:10:03.9993957Z     # via -r requirements.txt
2025-08-30T02:10:03.9994359Z simplewebsocketserver==0.1.2
2025-08-30T02:10:03.9994748Z     # via scratchattach
2025-08-30T02:10:03.9995235Z soupsieve==2.8
2025-08-30T02:10:03.9995542Z     # via beautifulsoup4
2025-08-30T02:10:03.9995781Z typing-extensions==4.15.0
2025-08-30T02:10:03.9995998Z     # via
2025-08-30T02:10:03.9996173Z     #   beautifulsoup4
2025-08-30T02:10:03.9996376Z     #   scratchattach
2025-08-30T02:10:03.9996593Z urllib3==2.5.0
2025-08-30T02:10:03.9996768Z     # via requests
2025-08-30T02:10:03.9997026Z websocket-client==1.8.0
2025-08-30T02:10:03.9997239Z     # via scratchattach
2025-08-30T02:10:03.9997441Z Dry-run, so nothing updated.
2025-08-30T02:10:04.0679733Z ##[group]Run actions/component-detection-dependency-submission-action@374343effede691df3a5ffaf36b4e7acab919590
2025-08-30T02:10:04.0680260Z with:
2025-08-30T02:10:04.0680458Z   detectorsCategories: Python
2025-08-30T02:10:04.0680719Z   detectorsFilter: PipReport
2025-08-30T02:10:04.0680990Z   snapshot-sha: c12285b004eb39a15f4720a497c0fb52495309ed
2025-08-30T02:10:04.0681286Z   snapshot-ref: refs/heads/main
2025-08-30T02:10:04.0681548Z   detector-name: Automatic Dependency Submission
2025-08-30T02:10:04.0681823Z   detector-version: 1c785ca52a5a
2025-08-30T02:10:04.0682253Z   detector-url: https://github.com/actions/component-detection-dependency-submission-action
2025-08-30T02:10:04.0682795Z   token: ***
2025-08-30T02:10:04.0682978Z   filePath: .
2025-08-30T02:10:04.0683149Z env:
2025-08-30T02:10:04.0683318Z   SKIP_CACHE: 
2025-08-30T02:10:04.0683497Z ##[endgroup]
2025-08-30T02:10:04.7611359Z Running component-detection
2025-08-30T02:10:04.7660109Z [command]/home/runner/work/scratchattach/scratchattach/component-detection scan --SourceDirectory . --ManifestFile ./output.json --DetectorsFilter PipReport --DetectorCategories Python
2025-08-30T02:10:05.0895739Z [02:10:05 INF] Finding components...
2025-08-30T02:10:06.2294466Z [02:10:06 INF] Starting enumeration of /home/runner/work/scratchattach/scratchattach
2025-08-30T02:10:06.2471918Z [02:10:06 INF] Enumerated 20 files and 0 directories in 00:00:00.0180358
2025-08-30T02:10:06.2806081Z [02:10:06 INF] PipReport: Generating pip installation report for /home/runner/work/scratchattach/scratchattach/requirements.txt
2025-08-30T02:10:08.2591224Z [02:10:08 INF] PipReport: Pip installation report for /home/runner/work/scratchattach/scratchattach/requirements.txt completed in 1.976 seconds with 12 detected packages.
2025-08-30T02:10:08.3937661Z                                [38;5;7mDetection Summary[0m                                
2025-08-30T02:10:08.3938401Z ┌───────────────────┬───────────────────┬───────────────────┬──────────────────┐
2025-08-30T02:10:08.3939149Z │ [1mComponent [0m        │ [1mDetection Time[0m    │ [1m# Components [0m     │ [1m# Explicitly [0m    │
2025-08-30T02:10:08.3939877Z │ [1mDetector Id[0m       │                   │ [1mFound[0m             │ [1mReferenced[0m       │
2025-08-30T02:10:08.3940493Z ├───────────────────┼───────────────────┼───────────────────┼──────────────────┤
2025-08-30T02:10:08.3941057Z │ [38;5;14mPipReport[0m         │ 2.7 seconds       │ 12                │ 1                │
2025-08-30T02:10:08.3941641Z │ ───────────────── │ ───────────────── │ ───────────────── │ ──────────────── │
2025-08-30T02:10:08.3942155Z │ [1;4mTotal[0m             │ 3.2 seconds       │ 12                │ 1                │
2025-08-30T02:10:08.3942700Z └───────────────────┴───────────────────┴───────────────────┴──────────────────┘
2025-08-30T02:10:08.3971772Z [02:10:08 INF] 
2025-08-30T02:10:08.3973036Z [02:10:08 INF] 
2025-08-30T02:10:08.3984802Z [02:10:08 INF] Detection time: 3.217423 seconds.
2025-08-30T02:10:08.4317051Z [02:10:08 INF] Scan Manifest file: /home/runner/work/scratchattach/scratchattach/output.json
2025-08-30T02:10:08.4889864Z Getting manifests from results
2025-08-30T02:10:08.4940226Z ##[notice]Submitting snapshot...
2025-08-30T02:10:08.4969651Z ##[notice]{
    "manifests": {
        "requirements.txt": {
            "resolved": {
                "pkg:pypi/requests@2.32.5": {
                    "package_url": "pkg:pypi/requests@2.32.5",
                    "relationship": "indirect",
                    "scope": "runtime",
                    "dependencies": []
                },
                "pkg:pypi/certifi@2025.8.3": {
                    "package_url": "pkg:pypi/certifi@2025.8.3",
                    "relationship": "indirect",
                    "scope": "runtime",
                    "dependencies": []
                },
                "pkg:pypi/urllib3@2.5.0": {
                    "package_url": "pkg:pypi/urllib3@2.5.0",
                    "relationship": "indirect",
                    "scope": "runtime",
                    "dependencies": []
                },
                "pkg:pypi/typing-extensions@4.15.0": {
                    "package_url": "pkg:pypi/typing-extensions@4.15.0",
                    "relationship": "indirect",
                    "scope": "runtime",
                    "dependencies": []
                },
                "pkg:pypi/beautifulsoup4@4.13.5": {
                    "package_url": "pkg:pypi/beautifulsoup4@4.13.5",
                    "relationship": "indirect",
                    "scope": "runtime",
                    "dependencies": []
                },
                "pkg:pypi/bs4@0.0.2": {
                    "package_url": "pkg:pypi/bs4@0.0.2",
                    "relationship": "indirect",
                    "scope": "runtime",
                    "dependencies": []
                },
                "pkg:pypi/websocket-client@1.8.0": {
                    "package_url": "pkg:pypi/websocket-client@1.8.0",
                    "relationship": "indirect",
                    "scope": "runtime",
                    "dependencies": []
                },
                "pkg:pypi/soupsieve@2.8": {
                    "package_url": "pkg:pypi/soupsieve@2.8",
                    "relationship": "indirect",
                    "scope": "runtime",
                    "dependencies": []
                },
                "pkg:pypi/simplewebsocketserver@0.1.2": {
                    "package_url": "pkg:pypi/simplewebsocketserver@0.1.2",
                    "relationship": "indirect",
                    "scope": "runtime",
                    "dependencies": []
                },
                "pkg:pypi/scratchattach@2.1.13": {
                    "package_url": "pkg:pypi/scratchattach@2.1.13",
                    "relationship": "direct",
                    "scope": "runtime",
                    "dependencies": [
                        "pkg:pypi/requests@2.32.5",
                        "pkg:pypi/certifi@2025.8.3",
                        "pkg:pypi/urllib3@2.5.0",
                        "pkg:pypi/typing-extensions@4.15.0",
                        "pkg:pypi/beautifulsoup4@4.13.5",
                        "pkg:pypi/bs4@0.0.2",
                        "pkg:pypi/websocket-client@1.8.0",
                        "pkg:pypi/soupsieve@2.8",
                        "pkg:pypi/simplewebsocketserver@0.1.2",
                        "pkg:pypi/idna@3.10",
                        "pkg:pypi/charset-normalizer@3.4.3"
                    ]
                },
                "pkg:pypi/idna@3.10": {
                    "package_url": "pkg:pypi/idna@3.10",
                    "relationship": "indirect",
                    "scope": "runtime",
                    "dependencies": []
                },
                "pkg:pypi/charset-normalizer@3.4.3": {
                    "package_url": "pkg:pypi/charset-normalizer@3.4.3",
                    "relationship": "indirect",
                    "scope": "runtime",
                    "dependencies": []
                }
            },
            "name": "requirements.txt",
            "file": {
                "source_location": "requirements.txt"
            }
        }
    },
    "version": 0,
    "job": {
        "correlator": "submit-pypi",
        "id": "17338038941"
    },
    "sha": 
2025-08-30T02:10:08.8253304Z ##[notice]Snapshot successfully created at 2025-08-30T02:10:08.692Z
2025-08-30T02:10:08.9918414Z Post job cleanup.
2025-08-30T02:10:09.1186317Z Cache hit occurred on the primary key Linux-pip-python-5a00fefc972129031f421abe69b90f4bbdcde70f32fc624502f11f9b2a1e2c79, not saving cache.
2025-08-30T02:10:09.1270454Z Post job cleanup.
2025-08-30T02:10:09.2847039Z Post job cleanup.
2025-08-30T02:10:09.3619652Z [command]/usr/bin/git version
2025-08-30T02:10:09.3686530Z git version 2.51.0
2025-08-30T02:10:09.3724127Z Temporarily overriding HOME='/home/runner/work/_temp/79583fc1-2aed-4f73-859a-2de5a11c9641' before making global git config changes
2025-08-30T02:10:09.3725655Z Adding repository directory to the temporary git global config as a safe directory
2025-08-30T02:10:09.3729928Z [command]/usr/bin/git config --global --add safe.directory /home/runner/work/scratchattach/scratchattach
2025-08-30T02:10:09.3763969Z [command]/usr/bin/git config --local --name-only --get-regexp core\.sshCommand
2025-08-30T02:10:09.3794821Z [command]/usr/bin/git submodule foreach --recursive sh -c "git config --local --name-only --get-regexp 'core\.sshCommand' && git config --local --unset-all 'core.sshCommand' || :"
2025-08-30T02:10:09.4018762Z [command]/usr/bin/git config --local --name-only --get-regexp http\.https\:\/\/github\.com\/\.extraheader
2025-08-30T02:10:09.4040070Z http.https://github.com/.extraheader
2025-08-30T02:10:09.4049668Z [command]/usr/bin/git config --local --unset-all http.https://github.com/.extraheader
2025-08-30T02:10:09.4079622Z [command]/usr/bin/git submodule foreach --recursive sh -c "git config --local --name-only --get-regexp 'http\.https\:\/\/github\.com\/\.extraheader' && git config --local --unset-all 'http.https://github.com/.extraheader' || :"
2025-08-30T02:10:09.4402956Z Cleaning up orphan processes
