2026-01-28T23:16:21.1891580Z Current runner version: '2.331.0'
2026-01-28T23:16:21.1906550Z ##[group]Runner Image Provisioner
2026-01-28T23:16:21.1907040Z Hosted Compute Agent
2026-01-28T23:16:21.1907370Z Version: 20260123.484
2026-01-28T23:16:21.1907740Z Commit: 6bd6555ca37d84114959e1c76d2c01448ff61c5d
2026-01-28T23:16:21.1908170Z Build Date: 2026-01-23T19:41:17Z
2026-01-28T23:16:21.1908560Z Worker ID: {1e5f871d-c529-4d91-853c-0256a87057fb}
2026-01-28T23:16:21.1908980Z Azure Region: westus
2026-01-28T23:16:21.1909310Z ##[endgroup]
2026-01-28T23:16:21.1910150Z ##[group]Operating System
2026-01-28T23:16:21.1910500Z macOS
2026-01-28T23:16:21.1910760Z 15.7.3
2026-01-28T23:16:21.1911030Z 24G419
2026-01-28T23:16:21.1911300Z ##[endgroup]
2026-01-28T23:16:21.1911590Z ##[group]Runner Image
2026-01-28T23:16:21.1911940Z Image: macos-15-arm64
2026-01-28T23:16:21.1912250Z Version: 20260127.0129.1
2026-01-28T23:16:21.1913020Z Included Software: https://github.com/actions/runner-images/blob/macos-15-arm64/20260127.0129/images/macos/macos-15-arm64-Readme.md
2026-01-28T23:16:21.1913970Z Image Release: https://github.com/actions/runner-images/releases/tag/macos-15-arm64%2F20260127.0129
2026-01-28T23:16:21.1914550Z ##[endgroup]
2026-01-28T23:16:21.1915160Z ##[group]GITHUB_TOKEN Permissions
2026-01-28T23:16:21.1916180Z Contents: read
2026-01-28T23:16:21.1916470Z Metadata: read
2026-01-28T23:16:21.1916760Z ##[endgroup]
2026-01-28T23:16:21.1918200Z Secret source: Actions
2026-01-28T23:16:21.1918580Z Prepare workflow directory
2026-01-28T23:16:21.2178870Z Prepare all required actions
2026-01-28T23:16:21.2211470Z Getting action download info
2026-01-28T23:16:21.5259980Z Download action repository 'actions/checkout@v6.0.1' (SHA:8e8c483db84b4bee98b60c0593521ed34d9990e8)
2026-01-28T23:16:22.0395630Z Download action repository 'actions/setup-python@v6.1.0' (SHA:83679a892e2d95755f2dac6acb0bfd1e9ac5d548)
2026-01-28T23:16:22.3362450Z Complete job name: build (3.13, macos-latest)
2026-01-28T23:16:22.3824190Z ##[group]Run actions/checkout@v6.0.1
2026-01-28T23:16:22.3824820Z with:
2026-01-28T23:16:22.3825140Z   repository: Boss-1s/scratchattach
2026-01-28T23:16:22.3825710Z   token: ***
2026-01-28T23:16:22.3825980Z   ssh-strict: true
2026-01-28T23:16:22.3826260Z   ssh-user: git
2026-01-28T23:16:22.3826540Z   persist-credentials: true
2026-01-28T23:16:22.3826850Z   clean: true
2026-01-28T23:16:22.3827130Z   sparse-checkout-cone-mode: true
2026-01-28T23:16:22.3827460Z   fetch-depth: 1
2026-01-28T23:16:22.3827740Z   fetch-tags: false
2026-01-28T23:16:22.3828020Z   show-progress: true
2026-01-28T23:16:22.3828300Z   lfs: false
2026-01-28T23:16:22.3828570Z   submodules: false
2026-01-28T23:16:22.3828850Z   set-safe-directory: true
2026-01-28T23:16:22.3829270Z ##[endgroup]
2026-01-28T23:16:22.9564200Z Syncing repository: Boss-1s/scratchattach
2026-01-28T23:16:22.9565960Z ##[group]Getting Git version info
2026-01-28T23:16:22.9566650Z Working directory is '/Users/runner/work/scratchattach/scratchattach'
2026-01-28T23:16:22.9567490Z [command]/opt/homebrew/bin/git version
2026-01-28T23:16:23.0139910Z git version 2.52.0
2026-01-28T23:16:23.0152200Z ##[endgroup]
2026-01-28T23:16:23.0164610Z Copying '/Users/runner/.gitconfig' to '/Users/runner/work/_temp/ca2e6df7-b350-4615-901b-6d023a284db8/.gitconfig'
2026-01-28T23:16:23.0175090Z Temporarily overriding HOME='/Users/runner/work/_temp/ca2e6df7-b350-4615-901b-6d023a284db8' before making global git config changes
2026-01-28T23:16:23.0178550Z Adding repository directory to the temporary git global config as a safe directory
2026-01-28T23:16:23.0181680Z [command]/opt/homebrew/bin/git config --global --add safe.directory /Users/runner/work/scratchattach/scratchattach
2026-01-28T23:16:23.0303030Z Deleting the contents of '/Users/runner/work/scratchattach/scratchattach'
2026-01-28T23:16:23.0307020Z ##[group]Initializing the repository
2026-01-28T23:16:23.0312150Z [command]/opt/homebrew/bin/git init /Users/runner/work/scratchattach/scratchattach
2026-01-28T23:16:23.0536370Z hint: Using 'master' as the name for the initial branch. This default branch name
2026-01-28T23:16:23.0539770Z hint: will change to "main" in Git 3.0. To configure the initial branch name
2026-01-28T23:16:23.0542800Z hint: to use in all of your new repositories, which will suppress this warning,
2026-01-28T23:16:23.0543510Z hint: call:
2026-01-28T23:16:23.0543830Z hint:
2026-01-28T23:16:23.0544280Z hint: 	git config --global init.defaultBranch <name>
2026-01-28T23:16:23.0544740Z hint:
2026-01-28T23:16:23.0545200Z hint: Names commonly chosen instead of 'master' are 'main', 'trunk' and
2026-01-28T23:16:23.0545910Z hint: 'development'. The just-created branch can be renamed via this command:
2026-01-28T23:16:23.0546460Z hint:
2026-01-28T23:16:23.0546780Z hint: 	git branch -m <name>
2026-01-28T23:16:23.0547150Z hint:
2026-01-28T23:16:23.0547640Z hint: Disable this message with "git config set advice.defaultBranchName false"
2026-01-28T23:16:23.0550560Z Initialized empty Git repository in /Users/runner/work/scratchattach/scratchattach/.git/
2026-01-28T23:16:23.0553880Z [command]/opt/homebrew/bin/git remote add origin https://github.com/Boss-1s/scratchattach
2026-01-28T23:16:23.0646930Z ##[endgroup]
2026-01-28T23:16:23.0647730Z ##[group]Disabling automatic garbage collection
2026-01-28T23:16:23.0648370Z [command]/opt/homebrew/bin/git config --local gc.auto 0
2026-01-28T23:16:23.0765300Z ##[endgroup]
2026-01-28T23:16:23.0767970Z ##[group]Setting up auth
2026-01-28T23:16:23.0770810Z Removing SSH command configuration
2026-01-28T23:16:23.0772910Z [command]/opt/homebrew/bin/git config --local --name-only --get-regexp core\.sshCommand
2026-01-28T23:16:23.0857170Z [command]/opt/homebrew/bin/git submodule foreach --recursive sh -c "git config --local --name-only --get-regexp 'core\.sshCommand' && git config --local --unset-all 'core.sshCommand' || :"
2026-01-28T23:16:23.2515500Z Removing HTTP extra header
2026-01-28T23:16:23.2521500Z [command]/opt/homebrew/bin/git config --local --name-only --get-regexp http\.https\:\/\/github\.com\/\.extraheader
2026-01-28T23:16:23.2641950Z [command]/opt/homebrew/bin/git submodule foreach --recursive sh -c "git config --local --name-only --get-regexp 'http\.https\:\/\/github\.com\/\.extraheader' && git config --local --unset-all 'http.https://github.com/.extraheader' || :"
2026-01-28T23:16:23.4137780Z Removing includeIf entries pointing to credentials config files
2026-01-28T23:16:23.4242350Z [command]/opt/homebrew/bin/git config --local --name-only --get-regexp ^includeIf\.gitdir:
2026-01-28T23:16:23.4499890Z [command]/opt/homebrew/bin/git submodule foreach --recursive git config --local --show-origin --name-only --get-regexp remote.origin.url
2026-01-28T23:16:23.5378310Z [command]/opt/homebrew/bin/git config --file /Users/runner/work/_temp/git-credentials-1863d4ff-8d3d-4c6b-aa60-5f0b1d994cd5.config http.https://github.com/.extraheader AUTHORIZATION: basic ***
2026-01-28T23:16:23.5537130Z [command]/opt/homebrew/bin/git config --local includeIf.gitdir:/Users/runner/work/scratchattach/scratchattach/.git.path /Users/runner/work/_temp/git-credentials-1863d4ff-8d3d-4c6b-aa60-5f0b1d994cd5.config
2026-01-28T23:16:23.5621200Z [command]/opt/homebrew/bin/git config --local includeIf.gitdir:/Users/runner/work/scratchattach/scratchattach/.git/worktrees/*.path /Users/runner/work/_temp/git-credentials-1863d4ff-8d3d-4c6b-aa60-5f0b1d994cd5.config
2026-01-28T23:16:23.5690290Z [command]/opt/homebrew/bin/git config --local includeIf.gitdir:/github/workspace/.git.path /github/runner_temp/git-credentials-1863d4ff-8d3d-4c6b-aa60-5f0b1d994cd5.config
2026-01-28T23:16:23.5785450Z [command]/opt/homebrew/bin/git config --local includeIf.gitdir:/github/workspace/.git/worktrees/*.path /github/runner_temp/git-credentials-1863d4ff-8d3d-4c6b-aa60-5f0b1d994cd5.config
2026-01-28T23:16:23.5858380Z ##[endgroup]
2026-01-28T23:16:23.5860870Z ##[group]Fetching the repository
2026-01-28T23:16:23.5862660Z [command]/opt/homebrew/bin/git -c protocol.version=2 fetch --no-tags --prune --no-recurse-submodules --depth=1 origin +207ca2ad028a3fecef309a1c01a46cfba304bd22:refs/remotes/origin/key_multivalue_storage_refactor
2026-01-28T23:16:28.0159960Z From https://github.com/Boss-1s/scratchattach
2026-01-28T23:16:28.0180600Z  * [new ref]         207ca2ad028a3fecef309a1c01a46cfba304bd22 -> origin/key_multivalue_storage_refactor
2026-01-28T23:16:28.0313120Z ##[endgroup]
2026-01-28T23:16:28.0315250Z ##[group]Determining the checkout info
2026-01-28T23:16:28.0317520Z ##[endgroup]
2026-01-28T23:16:28.0319220Z [command]/opt/homebrew/bin/git sparse-checkout disable
2026-01-28T23:16:28.0455040Z [command]/opt/homebrew/bin/git config --local --unset-all extensions.worktreeConfig
2026-01-28T23:16:28.0594010Z ##[group]Checking out the ref
2026-01-28T23:16:28.0595760Z [command]/opt/homebrew/bin/git checkout --progress --force -B key_multivalue_storage_refactor refs/remotes/origin/key_multivalue_storage_refactor
2026-01-28T23:16:29.1711780Z Updating files:  95% (2554/2681)
2026-01-28T23:16:29.1914450Z Updating files:  96% (2574/2681)
2026-01-28T23:16:29.7794470Z Updating files:  97% (2601/2681)
2026-01-28T23:16:29.9656120Z Updating files:  98% (2628/2681)
2026-01-28T23:16:30.0768790Z Updating files:  99% (2655/2681)
2026-01-28T23:16:30.0816680Z Updating files:  99% (2658/2681)
2026-01-28T23:16:30.0818180Z Updating files: 100% (2681/2681)
2026-01-28T23:16:30.0819040Z Updating files: 100% (2681/2681), done.
2026-01-28T23:16:30.0941700Z Switched to a new branch 'key_multivalue_storage_refactor'
2026-01-28T23:16:30.0963830Z branch 'key_multivalue_storage_refactor' set up to track 'origin/key_multivalue_storage_refactor'.
2026-01-28T23:16:30.1389830Z ##[endgroup]
2026-01-28T23:16:30.1492450Z [command]/opt/homebrew/bin/git log -1 --format=%H
2026-01-28T23:16:30.1509910Z 207ca2ad028a3fecef309a1c01a46cfba304bd22
2026-01-28T23:16:30.2079310Z ##[group]Run actions/setup-python@v6.1.0
2026-01-28T23:16:30.2079570Z with:
2026-01-28T23:16:30.2079710Z   python-version: 3.13
2026-01-28T23:16:30.2079880Z   check-latest: false
2026-01-28T23:16:30.2080200Z   token: ***
2026-01-28T23:16:30.2080330Z   update-environment: true
2026-01-28T23:16:30.2080500Z   allow-prereleases: false
2026-01-28T23:16:30.2080720Z   freethreaded: false
2026-01-28T23:16:30.2080880Z ##[endgroup]
2026-01-28T23:16:30.4313050Z ##[group]Installed versions
2026-01-28T23:16:30.4428910Z (node:13241) [DEP0040] DeprecationWarning: The `punycode` module is deprecated. Please use a userland alternative instead.
2026-01-28T23:16:30.4430620Z Successfully set up CPython (3.13.11)
2026-01-28T23:16:30.4431840Z (Use `node --trace-deprecation ...` to show where the warning was created)
2026-01-28T23:16:30.4448530Z ##[endgroup]
2026-01-28T23:16:30.4600720Z ##[group]Run cd test
2026-01-28T23:16:30.4601160Z [36;1mcd test[0m
2026-01-28T23:16:30.4601380Z [36;1mpython3 o_test1.py[0m
2026-01-28T23:16:30.4741180Z shell: /bin/bash -e {0}
2026-01-28T23:16:30.4741910Z env:
2026-01-28T23:16:30.4742590Z   pythonLocation: /Users/runner/hostedtoolcache/Python/3.13.11/arm64
2026-01-28T23:16:30.4743970Z   PKG_CONFIG_PATH: /Users/runner/hostedtoolcache/Python/3.13.11/arm64/lib/pkgconfig
2026-01-28T23:16:30.4745150Z   Python_ROOT_DIR: /Users/runner/hostedtoolcache/Python/3.13.11/arm64
2026-01-28T23:16:30.4746380Z   Python2_ROOT_DIR: /Users/runner/hostedtoolcache/Python/3.13.11/arm64
2026-01-28T23:16:30.4747540Z   Python3_ROOT_DIR: /Users/runner/hostedtoolcache/Python/3.13.11/arm64
2026-01-28T23:16:30.4748440Z ##[endgroup]
2026-01-28T23:16:32.8556570Z [key_multivalue_storage.py]  Delete.all: INFO: Deleted all data from otest.json sucessfully.
2026-01-28T23:16:32.8561520Z Sucessfully deleted all data from otest.json.
2026-01-28T23:16:32.8581440Z Begin test
2026-01-28T23:16:32.8581940Z --------------------
2026-01-28T23:16:32.8585070Z Part 1: Storing, Editing, and Deleting via JSON
2026-01-28T23:16:32.8588230Z --------------------
2026-01-28T23:16:32.8588980Z [key_multivalue_storage.py]  __setattr__: INFO: Attempting to set 'instance_id' to 'ef3c2977-ddc5-4272-b54f-47ea072872e1'
2026-01-28T23:16:32.8589650Z [key_multivalue_storage.py]  __setattr__: INFO: Attempting to set 'key' to 'test_top_level_key'
2026-01-28T23:16:32.8594080Z [key_multivalue_storage.py]  __setattr__: INFO: Attempting to set 'values' to '{'sk1': 'val1', 'sk2': 'skibidi toilet'}'
2026-01-28T23:16:32.8598680Z [key_multivalue_storage.py]  store: INFO: Data for key 'test_top_level_key' stored successfully in 'otest.json'.
2026-01-28T23:16:32.8599360Z Sucessfully added values ['val1', 'skibidi toilet'] to subkeys ['sk1', 'sk2'], respectively.
2026-01-28T23:16:32.8599850Z [key_multivalue_storage.py]  Load.values: DEBUG: file_path=otest.json
2026-01-28T23:16:32.8600260Z [key_multivalue_storage.py]  Load.values: DEBUG: key=test_top_level_key
2026-01-28T23:16:32.8600630Z [key_multivalue_storage.py]  Load.values: DEBUG: keys=True
2026-01-28T23:16:32.8600910Z [key_multivalue_storage.py]  Load.values: DEBUG: raw=False
2026-01-28T23:16:32.8601440Z [key_multivalue_storage.py]  Load.values: DEBUG: loaded_data={'test_top_level_key': {'sk1': 23724622312, 'sk2': 240225226233226243226241234224226223242234}}
2026-01-28T23:16:32.8602000Z [key_multivalue_storage.py]  Load.values: DEBUG: key in loaded_data? True
2026-01-28T23:16:32.8602580Z [key_multivalue_storage.py]  Load.values: DEBUG: dict_to_load={'test_top_level_key': {'sk1': 23724622312, 'sk2': 240225226233226243226241234224226223242234}}
2026-01-28T23:16:32.8603320Z [key_multivalue_storage.py]  _from_dict: DEBUG: data_dict={'test_top_level_key': {'sk1': 23724622312, 'sk2': 240225226233226243226241234224226223242234}}
2026-01-28T23:16:32.8603860Z [key_multivalue_storage.py]  _from_dict: DEBUG: data_dict=False
2026-01-28T23:16:32.8604180Z [key_multivalue_storage.py]  _decode: DEBUG: totalchars 2
2026-01-28T23:16:32.8604530Z [key_multivalue_storage.py]  _decode: DEBUG: currentchar=37
2026-01-28T23:16:32.8604880Z [key_multivalue_storage.py]  _decode: DEBUG: totalchars 2
2026-01-28T23:16:32.8605290Z [key_multivalue_storage.py]  _decode: DEBUG: currentchar=46
2026-01-28T23:16:32.8605590Z [key_multivalue_storage.py]  _decode: DEBUG: totalchars 2
2026-01-28T23:16:32.8605880Z [key_multivalue_storage.py]  _decode: DEBUG: currentchar=23
2026-01-28T23:16:32.8606220Z [key_multivalue_storage.py]  _decode: DEBUG: totalchars 1
2026-01-28T23:16:32.8606600Z [key_multivalue_storage.py]  _decode: DEBUG: currentchar=2
2026-01-28T23:16:32.8606930Z [key_multivalue_storage.py]  _decode: DEBUG: totalchars 2
2026-01-28T23:16:32.8607270Z [key_multivalue_storage.py]  _decode: DEBUG: currentchar=40
2026-01-28T23:16:32.8607570Z [key_multivalue_storage.py]  _decode: DEBUG: totalchars 2
2026-01-28T23:16:32.8607860Z [key_multivalue_storage.py]  _decode: DEBUG: currentchar=25
2026-01-28T23:16:32.8608800Z [key_multivalue_storage.py]  _decode: DEBUG: totalchars 2
2026-01-28T23:16:32.8609160Z [key_multivalue_storage.py]  _decode: DEBUG: currentchar=26
2026-01-28T23:16:32.8609450Z [key_multivalue_storage.py]  _decode: DEBUG: totalchars 2
2026-01-28T23:16:32.8609750Z [key_multivalue_storage.py]  _decode: DEBUG: currentchar=33
2026-01-28T23:16:32.8610080Z [key_multivalue_storage.py]  _decode: DEBUG: totalchars 2
2026-01-28T23:16:32.8610380Z [key_multivalue_storage.py]  _decode: DEBUG: currentchar=26
2026-01-28T23:16:32.8610670Z [key_multivalue_storage.py]  _decode: DEBUG: totalchars 2
2026-01-28T23:16:32.8610960Z [key_multivalue_storage.py]  _decode: DEBUG: currentchar=43
2026-01-28T23:16:32.8611240Z [key_multivalue_storage.py]  _decode: DEBUG: totalchars 2
2026-01-28T23:16:32.8611550Z [key_multivalue_storage.py]  _decode: DEBUG: currentchar=26
2026-01-28T23:16:32.8611840Z [key_multivalue_storage.py]  _decode: DEBUG: totalchars 2
2026-01-28T23:16:32.8612130Z [key_multivalue_storage.py]  _decode: DEBUG: currentchar=41
2026-01-28T23:16:32.8612420Z [key_multivalue_storage.py]  _decode: DEBUG: totalchars 2
2026-01-28T23:16:32.8612720Z [key_multivalue_storage.py]  _decode: DEBUG: currentchar=34
2026-01-28T23:16:32.8613010Z [key_multivalue_storage.py]  _decode: DEBUG: totalchars 2
2026-01-28T23:16:32.8613280Z [key_multivalue_storage.py]  _decode: DEBUG: currentchar=24
2026-01-28T23:16:32.8613590Z [key_multivalue_storage.py]  _decode: DEBUG: totalchars 2
2026-01-28T23:16:32.8613880Z [key_multivalue_storage.py]  _decode: DEBUG: currentchar=26
2026-01-28T23:16:32.8614420Z [key_multivalue_storage.py]  _decode: DEBUG: totalchars 2
2026-01-28T23:16:32.8614710Z [key_multivalue_storage.py]  _decode: DEBUG: currentchar=23
2026-01-28T23:16:32.8615120Z [key_multivalue_storage.py]  _decode: DEBUG: totalchars 2
2026-01-28T23:16:32.8615420Z [key_multivalue_storage.py]  _decode: DEBUG: currentchar=42
2026-01-28T23:16:32.8615770Z [key_multivalue_storage.py]  _decode: DEBUG: totalchars 2
2026-01-28T23:16:32.8616120Z [key_multivalue_storage.py]  _decode: DEBUG: currentchar=34
2026-01-28T23:16:32.8616570Z [key_multivalue_storage.py]  __setattr__: INFO: Attempting to set 'instance_id' to '496d79cd-204e-4172-85a1-5054182bd26b'
2026-01-28T23:16:32.8617130Z [key_multivalue_storage.py]  __setattr__: INFO: Attempting to set 'key' to 'test_top_level_key'
2026-01-28T23:16:32.8617750Z [key_multivalue_storage.py]  __setattr__: INFO: Attempting to set 'values' to '{'sk1': 'val1', 'sk2': 'skibidi toilet'}'
2026-01-28T23:16:32.8618250Z [key_multivalue_storage.py]  Load.values: DEBUG: items.append(f'sk1: val1')
2026-01-28T23:16:32.8618710Z [key_multivalue_storage.py]  Load.values: DEBUG: items.append(f'sk2: skibidi toilet')
2026-01-28T23:16:32.8619140Z [key_multivalue_storage.py]  Load.values: DEBUG: file_path=otest.json
2026-01-28T23:16:32.8619590Z [key_multivalue_storage.py]  Load.values: DEBUG: key=test_top_level_key
2026-01-28T23:16:32.8619970Z [key_multivalue_storage.py]  Load.values: DEBUG: keys=False
2026-01-28T23:16:32.8620300Z [key_multivalue_storage.py]  Load.values: DEBUG: raw=False
2026-01-28T23:16:32.8620890Z [key_multivalue_storage.py]  Load.values: DEBUG: loaded_data={'test_top_level_key': {'sk1': 23724622312, 'sk2': 240225226233226243226241234224226223242234}}
2026-01-28T23:16:32.8621610Z [key_multivalue_storage.py]  Load.values: DEBUG: key in loaded_data? True
2026-01-28T23:16:32.8622200Z [key_multivalue_storage.py]  Load.values: DEBUG: dict_to_load={'test_top_level_key': {'sk1': 23724622312, 'sk2': 240225226233226243226241234224226223242234}}
2026-01-28T23:16:32.8622930Z [key_multivalue_storage.py]  _from_dict: DEBUG: data_dict={'test_top_level_key': {'sk1': 23724622312, 'sk2': 240225226233226243226241234224226223242234}}
2026-01-28T23:16:32.8623460Z [key_multivalue_storage.py]  _from_dict: DEBUG: data_dict=False
2026-01-28T23:16:32.8623820Z [key_multivalue_storage.py]  _decode: DEBUG: totalchars 2
2026-01-28T23:16:32.8624150Z [key_multivalue_storage.py]  _decode: DEBUG: currentchar=37
2026-01-28T23:16:32.8624740Z [key_multivalue_storage.py]  _decode: DEBUG: totalchars 2
2026-01-28T23:16:32.8625130Z [key_multivalue_storage.py]  _decode: DEBUG: currentchar=46
2026-01-28T23:16:32.8625450Z [key_multivalue_storage.py]  _decode: DEBUG: totalchars 2
2026-01-28T23:16:32.8625750Z [key_multivalue_storage.py]  _decode: DEBUG: currentchar=23
2026-01-28T23:16:32.8626050Z [key_multivalue_storage.py]  _decode: DEBUG: totalchars 1
2026-01-28T23:16:32.8626390Z [key_multivalue_storage.py]  _decode: DEBUG: currentchar=2
2026-01-28T23:16:32.8626680Z [key_multivalue_storage.py]  _decode: DEBUG: totalchars 2
2026-01-28T23:16:32.8626970Z [key_multivalue_storage.py]  _decode: DEBUG: currentchar=40
2026-01-28T23:16:32.8627270Z [key_multivalue_storage.py]  _decode: DEBUG: totalchars 2
2026-01-28T23:16:32.8627570Z [key_multivalue_storage.py]  _decode: DEBUG: currentchar=25
2026-01-28T23:16:32.8627860Z [key_multivalue_storage.py]  _decode: DEBUG: totalchars 2
2026-01-28T23:16:32.8628140Z [key_multivalue_storage.py]  _decode: DEBUG: currentchar=26
2026-01-28T23:16:32.8628450Z [key_multivalue_storage.py]  _decode: DEBUG: totalchars 2
2026-01-28T23:16:32.8628900Z [key_multivalue_storage.py]  _decode: DEBUG: currentchar=33
2026-01-28T23:16:32.8629280Z [key_multivalue_storage.py]  _decode: DEBUG: totalchars 2
2026-01-28T23:16:32.8629710Z [key_multivalue_storage.py]  _decode: DEBUG: currentchar=26
2026-01-28T23:16:32.8630100Z [key_multivalue_storage.py]  _decode: DEBUG: totalchars 2
2026-01-28T23:16:32.8630430Z [key_multivalue_storage.py]  _decode: DEBUG: currentchar=43
2026-01-28T23:16:32.8631150Z [key_multivalue_storage.py]  _decode: DEBUG: totalchars 2
2026-01-28T23:16:32.8631490Z [key_multivalue_storage.py]  _decode: DEBUG: currentchar=26
2026-01-28T23:16:32.8631840Z [key_multivalue_storage.py]  _decode: DEBUG: totalchars 2
2026-01-28T23:16:32.8666770Z [key_multivalue_storage.py]  _decode: DEBUG: currentchar=41
2026-01-28T23:16:32.8669210Z [key_multivalue_storage.py]  _decode: DEBUG: totalchars 2
2026-01-28T23:16:32.8670380Z [key_multivalue_storage.py]  _decode: DEBUG: currentchar=34
2026-01-28T23:16:32.8676460Z [key_multivalue_storage.py]  _decode: DEBUG: totalchars 2
2026-01-28T23:16:32.8677110Z [key_multivalue_storage.py]  _decode: DEBUG: currentchar=24
2026-01-28T23:16:32.8677490Z [key_multivalue_storage.py]  _decode: DEBUG: totalchars 2
2026-01-28T23:16:32.8677940Z [key_multivalue_storage.py]  _decode: DEBUG: currentchar=26
2026-01-28T23:16:32.8678370Z [key_multivalue_storage.py]  _decode: DEBUG: totalchars 2
2026-01-28T23:16:32.8678740Z [key_multivalue_storage.py]  _decode: DEBUG: currentchar=23
2026-01-28T23:16:32.8679190Z [key_multivalue_storage.py]  _decode: DEBUG: totalchars 2
2026-01-28T23:16:32.8679570Z [key_multivalue_storage.py]  _decode: DEBUG: currentchar=42
2026-01-28T23:16:32.8679970Z [key_multivalue_storage.py]  _decode: DEBUG: totalchars 2
2026-01-28T23:16:32.8680350Z [key_multivalue_storage.py]  _decode: DEBUG: currentchar=34
2026-01-28T23:16:32.8686050Z [key_multivalue_storage.py]  __setattr__: INFO: Attempting to set 'instance_id' to 'dd6a2c3a-dd3e-48c8-a5cf-872fe418d8cc'
2026-01-28T23:16:32.8686860Z [key_multivalue_storage.py]  __setattr__: INFO: Attempting to set 'key' to 'test_top_level_key'
2026-01-28T23:16:32.8687580Z [key_multivalue_storage.py]  __setattr__: INFO: Attempting to set 'values' to '{'sk1': 'val1', 'sk2': 'skibidi toilet'}'
2026-01-28T23:16:32.8693620Z [key_multivalue_storage.py]  Load.values: DEBUG: items.append(val1)
2026-01-28T23:16:32.8694280Z [key_multivalue_storage.py]  Load.values: DEBUG: items.append(skibidi toilet)
2026-01-28T23:16:32.8694990Z [key_multivalue_storage.py]  __setattr__: INFO: Attempting to set 'instance_id' to '962849ce-9c9b-42f9-955f-1b9016397abb'
2026-01-28T23:16:32.8695990Z [key_multivalue_storage.py]  __setattr__: INFO: Attempting to set 'key' to 'test_top_level_key2'
2026-01-28T23:16:32.8696770Z [key_multivalue_storage.py]  __setattr__: INFO: Attempting to set 'values' to '{'sk1': 'val1', 'sk2': 'the fate of sigma'}'
2026-01-28T23:16:32.8701920Z [key_multivalue_storage.py]  store: INFO: Data for key 'test_top_level_key2' stored successfully in 'otest.json'.
2026-01-28T23:16:32.8702700Z Sucessfully added values ['val1', 'the fate of sigma'] to subkeys ['sk1', 'sk2'], respectively.
2026-01-28T23:16:32.8703400Z [key_multivalue_storage.py]  Load.values: DEBUG: file_path=otest.json
2026-01-28T23:16:32.8703940Z [key_multivalue_storage.py]  Load.values: DEBUG: key=test_top_level_key2
2026-01-28T23:16:32.8704440Z [key_multivalue_storage.py]  Load.values: DEBUG: keys=True
2026-01-28T23:16:32.8706610Z [key_multivalue_storage.py]  Load.values: DEBUG: raw=False
2026-01-28T23:16:32.8707710Z [key_multivalue_storage.py]  Load.values: DEBUG: loaded_data={'test_top_level_key': {'sk1': 23724622312, 'sk2': 240225226233226243226241234224226223242234}, 'test_top_level_key2': {'sk1': 23724622312, 'sk2': 234232242241235246234242241224235241240226238227246}}
2026-01-28T23:16:32.8709600Z [key_multivalue_storage.py]  Load.values: DEBUG: key in loaded_data? True
2026-01-28T23:16:32.8710470Z [key_multivalue_storage.py]  Load.values: DEBUG: dict_to_load={'test_top_level_key2': {'sk1': 23724622312, 'sk2': 234232242241235246234242241224235241240226238227246}}
2026-01-28T23:16:32.8711450Z [key_multivalue_storage.py]  _from_dict: DEBUG: data_dict={'test_top_level_key2': {'sk1': 23724622312, 'sk2': 234232242241235246234242241224235241240226238227246}}
2026-01-28T23:16:32.8712160Z [key_multivalue_storage.py]  _from_dict: DEBUG: data_dict=False
2026-01-28T23:16:32.8712590Z [key_multivalue_storage.py]  _decode: DEBUG: totalchars 2
2026-01-28T23:16:32.8713600Z [key_multivalue_storage.py]  _decode: DEBUG: currentchar=37
2026-01-28T23:16:32.8714000Z [key_multivalue_storage.py]  _decode: DEBUG: totalchars 2
2026-01-28T23:16:32.8714450Z [key_multivalue_storage.py]  _decode: DEBUG: currentchar=46
2026-01-28T23:16:32.8714920Z [key_multivalue_storage.py]  _decode: DEBUG: totalchars 2
2026-01-28T23:16:32.8715280Z [key_multivalue_storage.py]  _decode: DEBUG: currentchar=23
2026-01-28T23:16:32.8715560Z [key_multivalue_storage.py]  _decode: DEBUG: totalchars 1
2026-01-28T23:16:32.8715920Z [key_multivalue_storage.py]  _decode: DEBUG: currentchar=2
2026-01-28T23:16:32.8716330Z [key_multivalue_storage.py]  _decode: DEBUG: totalchars 2
2026-01-28T23:16:32.8716670Z [key_multivalue_storage.py]  _decode: DEBUG: currentchar=34
2026-01-28T23:16:32.8717060Z [key_multivalue_storage.py]  _decode: DEBUG: totalchars 2
2026-01-28T23:16:32.8717560Z [key_multivalue_storage.py]  _decode: DEBUG: currentchar=32
2026-01-28T23:16:32.8717910Z [key_multivalue_storage.py]  _decode: DEBUG: totalchars 2
2026-01-28T23:16:32.8718310Z [key_multivalue_storage.py]  _decode: DEBUG: currentchar=42
2026-01-28T23:16:32.8718680Z [key_multivalue_storage.py]  _decode: DEBUG: totalchars 2
2026-01-28T23:16:32.8719020Z [key_multivalue_storage.py]  _decode: DEBUG: currentchar=41
2026-01-28T23:16:32.8719370Z [key_multivalue_storage.py]  _decode: DEBUG: totalchars 2
2026-01-28T23:16:32.8719700Z [key_multivalue_storage.py]  _decode: DEBUG: currentchar=35
2026-01-28T23:16:32.8720100Z [key_multivalue_storage.py]  _decode: DEBUG: totalchars 2
2026-01-28T23:16:32.8720420Z [key_multivalue_storage.py]  _decode: DEBUG: currentchar=46
2026-01-28T23:16:32.8720730Z [key_multivalue_storage.py]  _decode: DEBUG: totalchars 2
2026-01-28T23:16:32.8721040Z [key_multivalue_storage.py]  _decode: DEBUG: currentchar=34
2026-01-28T23:16:32.8721340Z [key_multivalue_storage.py]  _decode: DEBUG: totalchars 2
2026-01-28T23:16:32.8721640Z [key_multivalue_storage.py]  _decode: DEBUG: currentchar=42
2026-01-28T23:16:32.8721940Z [key_multivalue_storage.py]  _decode: DEBUG: totalchars 2
2026-01-28T23:16:32.8722290Z [key_multivalue_storage.py]  _decode: DEBUG: currentchar=41
2026-01-28T23:16:32.8722630Z [key_multivalue_storage.py]  _decode: DEBUG: totalchars 2
2026-01-28T23:16:32.8722980Z [key_multivalue_storage.py]  _decode: DEBUG: currentchar=24
2026-01-28T23:16:32.8723330Z [key_multivalue_storage.py]  _decode: DEBUG: totalchars 2
2026-01-28T23:16:32.8727340Z [key_multivalue_storage.py]  _decode: DEBUG: currentchar=35
2026-01-28T23:16:32.8728190Z [key_multivalue_storage.py]  _decode: DEBUG: totalchars 2
2026-01-28T23:16:32.8728550Z [key_multivalue_storage.py]  _decode: DEBUG: currentchar=41
2026-01-28T23:16:32.8728910Z [key_multivalue_storage.py]  _decode: DEBUG: totalchars 2
2026-01-28T23:16:32.8729210Z [key_multivalue_storage.py]  _decode: DEBUG: currentchar=40
2026-01-28T23:16:32.8739200Z [key_multivalue_storage.py]  _decode: DEBUG: totalchars 2
2026-01-28T23:16:32.8739650Z [key_multivalue_storage.py]  _decode: DEBUG: currentchar=26
2026-01-28T23:16:32.8740110Z [key_multivalue_storage.py]  _decode: DEBUG: totalchars 2
2026-01-28T23:16:32.8740550Z [key_multivalue_storage.py]  _decode: DEBUG: currentchar=38
2026-01-28T23:16:32.8740980Z [key_multivalue_storage.py]  _decode: DEBUG: totalchars 2
2026-01-28T23:16:32.8741350Z [key_multivalue_storage.py]  _decode: DEBUG: currentchar=27
2026-01-28T23:16:32.8741830Z [key_multivalue_storage.py]  _decode: DEBUG: totalchars 2
2026-01-28T23:16:32.8742270Z [key_multivalue_storage.py]  _decode: DEBUG: currentchar=46
2026-01-28T23:16:32.8742750Z [key_multivalue_storage.py]  __setattr__: INFO: Attempting to set 'instance_id' to '1933288e-9f29-4c88-9aea-7c365e040de7'
2026-01-28T23:16:32.8743270Z [key_multivalue_storage.py]  __setattr__: INFO: Attempting to set 'key' to 'test_top_level_key2'
2026-01-28T23:16:32.8743820Z [key_multivalue_storage.py]  __setattr__: INFO: Attempting to set 'values' to '{'sk1': 'val1', 'sk2': 'the fate of sigma'}'
2026-01-28T23:16:32.8744310Z [key_multivalue_storage.py]  Load.values: DEBUG: items.append(f'sk1: val1')
2026-01-28T23:16:32.8745420Z [key_multivalue_storage.py]  Load.values: DEBUG: items.append(f'sk2: the fate of sigma')
2026-01-28T23:16:32.8745840Z [key_multivalue_storage.py]  Load.values: DEBUG: file_path=otest.json
2026-01-28T23:16:32.8746190Z [key_multivalue_storage.py]  Load.values: DEBUG: key=test_top_level_key2
2026-01-28T23:16:32.8746520Z [key_multivalue_storage.py]  Load.values: DEBUG: keys=False
2026-01-28T23:16:32.8746880Z [key_multivalue_storage.py]  Load.values: DEBUG: raw=False
2026-01-28T23:16:32.8747690Z [key_multivalue_storage.py]  Load.values: DEBUG: loaded_data={'test_top_level_key': {'sk1': 23724622312, 'sk2': 240225226233226243226241234224226223242234}, 'test_top_level_key2': {'sk1': 23724622312, 'sk2': 234232242241235246234242241224235241240226238227246}}
2026-01-28T23:16:32.8748530Z [key_multivalue_storage.py]  Load.values: DEBUG: key in loaded_data? True
2026-01-28T23:16:32.8749180Z [key_multivalue_storage.py]  Load.values: DEBUG: dict_to_load={'test_top_level_key2': {'sk1': 23724622312, 'sk2': 234232242241235246234242241224235241240226238227246}}
2026-01-28T23:16:32.8749980Z [key_multivalue_storage.py]  _from_dict: DEBUG: data_dict={'test_top_level_key2': {'sk1': 23724622312, 'sk2': 234232242241235246234242241224235241240226238227246}}
2026-01-28T23:16:32.8750590Z [key_multivalue_storage.py]  _from_dict: DEBUG: data_dict=False
2026-01-28T23:16:32.8750880Z [key_multivalue_storage.py]  _decode: DEBUG: totalchars 2
2026-01-28T23:16:32.8751200Z [key_multivalue_storage.py]  _decode: DEBUG: currentchar=37
2026-01-28T23:16:32.8751500Z [key_multivalue_storage.py]  _decode: DEBUG: totalchars 2
2026-01-28T23:16:32.8751840Z [key_multivalue_storage.py]  _decode: DEBUG: currentchar=46
2026-01-28T23:16:32.8752200Z [key_multivalue_storage.py]  _decode: DEBUG: totalchars 2
2026-01-28T23:16:32.8752480Z [key_multivalue_storage.py]  _decode: DEBUG: currentchar=23
2026-01-28T23:16:32.8752810Z [key_multivalue_storage.py]  _decode: DEBUG: totalchars 1
2026-01-28T23:16:32.8753110Z [key_multivalue_storage.py]  _decode: DEBUG: currentchar=2
2026-01-28T23:16:32.8753480Z [key_multivalue_storage.py]  _decode: DEBUG: totalchars 2
2026-01-28T23:16:32.8753780Z [key_multivalue_storage.py]  _decode: DEBUG: currentchar=34
2026-01-28T23:16:32.8754070Z [key_multivalue_storage.py]  _decode: DEBUG: totalchars 2
2026-01-28T23:16:32.8754370Z [key_multivalue_storage.py]  _decode: DEBUG: currentchar=32
2026-01-28T23:16:32.8754970Z [key_multivalue_storage.py]  _decode: DEBUG: totalchars 2
2026-01-28T23:16:32.8755570Z [key_multivalue_storage.py]  _decode: DEBUG: currentchar=42
2026-01-28T23:16:32.8755960Z [key_multivalue_storage.py]  _decode: DEBUG: totalchars 2
2026-01-28T23:16:32.8756240Z [key_multivalue_storage.py]  _decode: DEBUG: currentchar=41
2026-01-28T23:16:32.8756520Z [key_multivalue_storage.py]  _decode: DEBUG: totalchars 2
2026-01-28T23:16:32.8756790Z [key_multivalue_storage.py]  _decode: DEBUG: currentchar=35
2026-01-28T23:16:32.8757060Z [key_multivalue_storage.py]  _decode: DEBUG: totalchars 2
2026-01-28T23:16:32.8757390Z [key_multivalue_storage.py]  _decode: DEBUG: currentchar=46
2026-01-28T23:16:32.8757680Z [key_multivalue_storage.py]  _decode: DEBUG: totalchars 2
2026-01-28T23:16:32.8758000Z [key_multivalue_storage.py]  _decode: DEBUG: currentchar=34
2026-01-28T23:16:32.8758330Z [key_multivalue_storage.py]  _decode: DEBUG: totalchars 2
2026-01-28T23:16:32.8758610Z [key_multivalue_storage.py]  _decode: DEBUG: currentchar=42
2026-01-28T23:16:32.8759020Z [key_multivalue_storage.py]  _decode: DEBUG: totalchars 2
2026-01-28T23:16:32.8759330Z [key_multivalue_storage.py]  _decode: DEBUG: currentchar=41
2026-01-28T23:16:32.8759620Z [key_multivalue_storage.py]  _decode: DEBUG: totalchars 2
2026-01-28T23:16:32.8759900Z [key_multivalue_storage.py]  _decode: DEBUG: currentchar=24
2026-01-28T23:16:32.8760230Z [key_multivalue_storage.py]  _decode: DEBUG: totalchars 2
2026-01-28T23:16:32.8760570Z [key_multivalue_storage.py]  _decode: DEBUG: currentchar=35
2026-01-28T23:16:32.8760870Z [key_multivalue_storage.py]  _decode: DEBUG: totalchars 2
2026-01-28T23:16:32.8761380Z [key_multivalue_storage.py]  _decode: DEBUG: currentchar=41
2026-01-28T23:16:32.8761670Z [key_multivalue_storage.py]  _decode: DEBUG: totalchars 2
2026-01-28T23:16:32.8762010Z [key_multivalue_storage.py]  _decode: DEBUG: currentchar=40
2026-01-28T23:16:32.8762360Z [key_multivalue_storage.py]  _decode: DEBUG: totalchars 2
2026-01-28T23:16:32.8762670Z [key_multivalue_storage.py]  _decode: DEBUG: currentchar=26
2026-01-28T23:16:32.8762990Z [key_multivalue_storage.py]  _decode: DEBUG: totalchars 2
2026-01-28T23:16:32.8763300Z [key_multivalue_storage.py]  _decode: DEBUG: currentchar=38
2026-01-28T23:16:32.8763650Z [key_multivalue_storage.py]  _decode: DEBUG: totalchars 2
2026-01-28T23:16:32.8763960Z [key_multivalue_storage.py]  _decode: DEBUG: currentchar=27
2026-01-28T23:16:32.8764250Z [key_multivalue_storage.py]  _decode: DEBUG: totalchars 2
2026-01-28T23:16:32.8764590Z [key_multivalue_storage.py]  _decode: DEBUG: currentchar=46
2026-01-28T23:16:32.8765100Z [key_multivalue_storage.py]  __setattr__: INFO: Attempting to set 'instance_id' to '98e3692c-8040-4a46-9eb9-56461e5f55d6'
2026-01-28T23:16:32.8765640Z [key_multivalue_storage.py]  __setattr__: INFO: Attempting to set 'key' to 'test_top_level_key2'
2026-01-28T23:16:32.8766170Z [key_multivalue_storage.py]  __setattr__: INFO: Attempting to set 'values' to '{'sk1': 'val1', 'sk2': 'the fate of sigma'}'
2026-01-28T23:16:32.8766730Z [key_multivalue_storage.py]  Load.values: DEBUG: items.append(val1)
2026-01-28T23:16:32.8767100Z [key_multivalue_storage.py]  Load.values: DEBUG: items.append(the fate of sigma)
2026-01-28T23:16:32.8767610Z [key_multivalue_storage.py]  __setattr__: INFO: Attempting to set 'instance_id' to 'c49b69fd-3ab1-40df-909c-42ad1ad3f91c'
2026-01-28T23:16:32.8768900Z /Users/runner/work/scratchattach/scratchattach/key_multivalue_storage.py:672: AdditionFailureWarning: __add__: WARNING: AdditionFailureWarning: WARNING! You are strongly advised against adding a Storage instance and a dict/list together, as it may break the Storage instance that is created.
2026-01-28T23:16:32.8769970Z   warnings.warn(self.AdditionFailureWarning("WARNING! You are strongly advised against adding a Storage "+
2026-01-28T23:16:32.8771320Z /Users/runner/work/scratchattach/scratchattach/key_multivalue_storage.py:678: AdditionFailureWarning: __add__: WARNING: AdditionFailureWarning: WARNING! You are strongly advised against adding a Storage instance and a dict/list together, as it may break the Storage instance that is created.
2026-01-28T23:16:32.8772420Z   warnings.warn(self.AdditionFailureWarning("WARNING! You are strongly advised against adding a Storage "+
2026-01-28T23:16:32.8772950Z [key_multivalue_storage.py]  __setattr__: INFO: Attempting to set 'key' to 'test_top_level_key2'
2026-01-28T23:16:32.8773560Z [key_multivalue_storage.py]  __setattr__: INFO: Attempting to set 'values' to '{'sk3': 'val3', 'sk4': 'the fate of shard'}'
2026-01-28T23:16:32.8774130Z [key_multivalue_storage.py]  store: INFO: Data for key 'test_top_level_key2' stored successfully in 'otest.json'.
2026-01-28T23:16:32.8774640Z Sucessfully added values ['val3', 'the fate of shard'] to subkeys ['sk3', 'sk4'], respectively.
2026-01-28T23:16:32.8775050Z [key_multivalue_storage.py]  Load.values: DEBUG: file_path=otest.json
2026-01-28T23:16:32.8775400Z [key_multivalue_storage.py]  Load.values: DEBUG: key=test_top_level_key2
2026-01-28T23:16:32.8775740Z [key_multivalue_storage.py]  Load.values: DEBUG: keys=True
2026-01-28T23:16:32.8776020Z [key_multivalue_storage.py]  Load.values: DEBUG: raw=False
2026-01-28T23:16:32.8776760Z [key_multivalue_storage.py]  Load.values: DEBUG: loaded_data={'test_top_level_key': {'sk1': 23724622312, 'sk2': 240225226233226243226241234224226223242234}, 'test_top_level_key2': {'sk3': 23724622314, 'sk4': 234232242241235246234242241224235241240232246239243}}
2026-01-28T23:16:32.8777560Z [key_multivalue_storage.py]  Load.values: DEBUG: key in loaded_data? True
2026-01-28T23:16:32.8778130Z [key_multivalue_storage.py]  Load.values: DEBUG: dict_to_load={'test_top_level_key2': {'sk3': 23724622314, 'sk4': 234232242241235246234242241224235241240232246239243}}
2026-01-28T23:16:32.8779370Z [key_multivalue_storage.py]  _from_dict: DEBUG: data_dict={'test_top_level_key2': {'sk3': 23724622314, 'sk4': 234232242241235246234242241224235241240232246239243}}
2026-01-28T23:16:32.8779950Z [key_multivalue_storage.py]  _from_dict: DEBUG: data_dict=False
2026-01-28T23:16:32.8780240Z [key_multivalue_storage.py]  _decode: DEBUG: totalchars 2
2026-01-28T23:16:32.8780530Z [key_multivalue_storage.py]  _decode: DEBUG: currentchar=37
2026-01-28T23:16:32.8780810Z [key_multivalue_storage.py]  _decode: DEBUG: totalchars 2
2026-01-28T23:16:32.8781090Z [key_multivalue_storage.py]  _decode: DEBUG: currentchar=46
2026-01-28T23:16:32.8781370Z [key_multivalue_storage.py]  _decode: DEBUG: totalchars 2
2026-01-28T23:16:32.8781690Z [key_multivalue_storage.py]  _decode: DEBUG: currentchar=23
2026-01-28T23:16:32.8781960Z [key_multivalue_storage.py]  _decode: DEBUG: totalchars 1
2026-01-28T23:16:32.8782240Z [key_multivalue_storage.py]  _decode: DEBUG: currentchar=4
2026-01-28T23:16:32.8782510Z [key_multivalue_storage.py]  _decode: DEBUG: totalchars 2
2026-01-28T23:16:32.8782780Z [key_multivalue_storage.py]  _decode: DEBUG: currentchar=34
2026-01-28T23:16:32.8783060Z [key_multivalue_storage.py]  _decode: DEBUG: totalchars 2
2026-01-28T23:16:32.8783330Z [key_multivalue_storage.py]  _decode: DEBUG: currentchar=32
2026-01-28T23:16:32.8783610Z [key_multivalue_storage.py]  _decode: DEBUG: totalchars 2
2026-01-28T23:16:32.8783890Z [key_multivalue_storage.py]  _decode: DEBUG: currentchar=42
2026-01-28T23:16:32.8784160Z [key_multivalue_storage.py]  _decode: DEBUG: totalchars 2
2026-01-28T23:16:32.8784430Z [key_multivalue_storage.py]  _decode: DEBUG: currentchar=41
2026-01-28T23:16:32.8784700Z [key_multivalue_storage.py]  _decode: DEBUG: totalchars 2
2026-01-28T23:16:32.8784970Z [key_multivalue_storage.py]  _decode: DEBUG: currentchar=35
2026-01-28T23:16:32.8785240Z [key_multivalue_storage.py]  _decode: DEBUG: totalchars 2
2026-01-28T23:16:32.8785520Z [key_multivalue_storage.py]  _decode: DEBUG: currentchar=46
2026-01-28T23:16:32.8785790Z [key_multivalue_storage.py]  _decode: DEBUG: totalchars 2
2026-01-28T23:16:32.8786080Z [key_multivalue_storage.py]  _decode: DEBUG: currentchar=34
2026-01-28T23:16:32.8786370Z [key_multivalue_storage.py]  _decode: DEBUG: totalchars 2
2026-01-28T23:16:32.8786650Z [key_multivalue_storage.py]  _decode: DEBUG: currentchar=42
2026-01-28T23:16:32.8787170Z [key_multivalue_storage.py]  _decode: DEBUG: totalchars 2
2026-01-28T23:16:32.8787460Z [key_multivalue_storage.py]  _decode: DEBUG: currentchar=41
2026-01-28T23:16:32.8787730Z [key_multivalue_storage.py]  _decode: DEBUG: totalchars 2
2026-01-28T23:16:32.8788010Z [key_multivalue_storage.py]  _decode: DEBUG: currentchar=24
2026-01-28T23:16:32.8788290Z [key_multivalue_storage.py]  _decode: DEBUG: totalchars 2
2026-01-28T23:16:32.8788560Z [key_multivalue_storage.py]  _decode: DEBUG: currentchar=35
2026-01-28T23:16:32.8788830Z [key_multivalue_storage.py]  _decode: DEBUG: totalchars 2
2026-01-28T23:16:32.8789110Z [key_multivalue_storage.py]  _decode: DEBUG: currentchar=41
2026-01-28T23:16:32.8789380Z [key_multivalue_storage.py]  _decode: DEBUG: totalchars 2
2026-01-28T23:16:32.8789650Z [key_multivalue_storage.py]  _decode: DEBUG: currentchar=40
2026-01-28T23:16:32.8789920Z [key_multivalue_storage.py]  _decode: DEBUG: totalchars 2
2026-01-28T23:16:32.8790200Z [key_multivalue_storage.py]  _decode: DEBUG: currentchar=32
2026-01-28T23:16:32.8790480Z [key_multivalue_storage.py]  _decode: DEBUG: totalchars 2
2026-01-28T23:16:32.8790760Z [key_multivalue_storage.py]  _decode: DEBUG: currentchar=46
2026-01-28T23:16:32.8791060Z [key_multivalue_storage.py]  _decode: DEBUG: totalchars 2
2026-01-28T23:16:32.8791330Z [key_multivalue_storage.py]  _decode: DEBUG: currentchar=39
2026-01-28T23:16:32.8791610Z [key_multivalue_storage.py]  _decode: DEBUG: totalchars 2
2026-01-28T23:16:32.8791890Z [key_multivalue_storage.py]  _decode: DEBUG: currentchar=43
2026-01-28T23:16:32.8792630Z [key_multivalue_storage.py]  __setattr__: INFO: Attempting to set 'instance_id' to '64b345e9-d22c-4328-a7a8-be30cb3867e5'
2026-01-28T23:16:32.8793160Z [key_multivalue_storage.py]  __setattr__: INFO: Attempting to set 'key' to 'test_top_level_key2'
2026-01-28T23:16:32.8793690Z [key_multivalue_storage.py]  __setattr__: INFO: Attempting to set 'values' to '{'sk3': 'val3', 'sk4': 'the fate of shard'}'
2026-01-28T23:16:32.8794190Z [key_multivalue_storage.py]  Load.values: DEBUG: items.append(f'sk3: val3')
2026-01-28T23:16:32.8794600Z [key_multivalue_storage.py]  Load.values: DEBUG: items.append(f'sk4: the fate of shard')
2026-01-28T23:16:32.8794990Z [key_multivalue_storage.py]  Load.values: DEBUG: file_path=otest.json
2026-01-28T23:16:32.8795330Z [key_multivalue_storage.py]  Load.values: DEBUG: key=test_top_level_key2
2026-01-28T23:16:32.8795660Z [key_multivalue_storage.py]  Load.values: DEBUG: keys=False
2026-01-28T23:16:32.8795940Z [key_multivalue_storage.py]  Load.values: DEBUG: raw=False
2026-01-28T23:16:32.8796720Z [key_multivalue_storage.py]  Load.values: DEBUG: loaded_data={'test_top_level_key': {'sk1': 23724622312, 'sk2': 240225226233226243226241234224226223242234}, 'test_top_level_key2': {'sk3': 23724622314, 'sk4': 234232242241235246234242241224235241240232246239243}}
2026-01-28T23:16:32.8797570Z [key_multivalue_storage.py]  Load.values: DEBUG: key in loaded_data? True
2026-01-28T23:16:32.8798160Z [key_multivalue_storage.py]  Load.values: DEBUG: dict_to_load={'test_top_level_key2': {'sk3': 23724622314, 'sk4': 234232242241235246234242241224235241240232246239243}}
2026-01-28T23:16:32.8798920Z [key_multivalue_storage.py]  _from_dict: DEBUG: data_dict={'test_top_level_key2': {'sk3': 23724622314, 'sk4': 234232242241235246234242241224235241240232246239243}}
2026-01-28T23:16:32.8799460Z [key_multivalue_storage.py]  _from_dict: DEBUG: data_dict=False
2026-01-28T23:16:32.8799760Z [key_multivalue_storage.py]  _decode: DEBUG: totalchars 2
2026-01-28T23:16:32.8800040Z [key_multivalue_storage.py]  _decode: DEBUG: currentchar=37
2026-01-28T23:16:32.8800340Z [key_multivalue_storage.py]  _decode: DEBUG: totalchars 2
2026-01-28T23:16:32.8800640Z [key_multivalue_storage.py]  _decode: DEBUG: currentchar=46
2026-01-28T23:16:32.8800920Z [key_multivalue_storage.py]  _decode: DEBUG: totalchars 2
2026-01-28T23:16:32.8801190Z [key_multivalue_storage.py]  _decode: DEBUG: currentchar=23
2026-01-28T23:16:32.8801460Z [key_multivalue_storage.py]  _decode: DEBUG: totalchars 1
2026-01-28T23:16:32.8801970Z [key_multivalue_storage.py]  _decode: DEBUG: currentchar=4
2026-01-28T23:16:32.8802270Z [key_multivalue_storage.py]  _decode: DEBUG: totalchars 2
2026-01-28T23:16:32.8802540Z [key_multivalue_storage.py]  _decode: DEBUG: currentchar=34
2026-01-28T23:16:32.8802830Z [key_multivalue_storage.py]  _decode: DEBUG: totalchars 2
2026-01-28T23:16:32.8803100Z [key_multivalue_storage.py]  _decode: DEBUG: currentchar=32
2026-01-28T23:16:32.8803380Z [key_multivalue_storage.py]  _decode: DEBUG: totalchars 2
2026-01-28T23:16:32.8803660Z [key_multivalue_storage.py]  _decode: DEBUG: currentchar=42
2026-01-28T23:16:32.8803940Z [key_multivalue_storage.py]  _decode: DEBUG: totalchars 2
2026-01-28T23:16:32.8804210Z [key_multivalue_storage.py]  _decode: DEBUG: currentchar=41
2026-01-28T23:16:32.8804490Z [key_multivalue_storage.py]  _decode: DEBUG: totalchars 2
2026-01-28T23:16:32.8804780Z [key_multivalue_storage.py]  _decode: DEBUG: currentchar=35
2026-01-28T23:16:32.8805060Z [key_multivalue_storage.py]  _decode: DEBUG: totalchars 2
2026-01-28T23:16:32.8805340Z [key_multivalue_storage.py]  _decode: DEBUG: currentchar=46
2026-01-28T23:16:32.8805620Z [key_multivalue_storage.py]  _decode: DEBUG: totalchars 2
2026-01-28T23:16:32.8805900Z [key_multivalue_storage.py]  _decode: DEBUG: currentchar=34
2026-01-28T23:16:32.8806180Z [key_multivalue_storage.py]  _decode: DEBUG: totalchars 2
2026-01-28T23:16:32.8806450Z [key_multivalue_storage.py]  _decode: DEBUG: currentchar=42
2026-01-28T23:16:32.8806770Z [key_multivalue_storage.py]  _decode: DEBUG: totalchars 2
2026-01-28T23:16:32.8807420Z [key_multivalue_storage.py]  _decode: DEBUG: currentchar=41
2026-01-28T23:16:32.8807720Z [key_multivalue_storage.py]  _decode: DEBUG: totalchars 2
2026-01-28T23:16:32.8808000Z [key_multivalue_storage.py]  _decode: DEBUG: currentchar=24
2026-01-28T23:16:32.8808320Z [key_multivalue_storage.py]  _decode: DEBUG: totalchars 2
2026-01-28T23:16:32.8808610Z [key_multivalue_storage.py]  _decode: DEBUG: currentchar=35
2026-01-28T23:16:32.8808890Z [key_multivalue_storage.py]  _decode: DEBUG: totalchars 2
2026-01-28T23:16:32.8809160Z [key_multivalue_storage.py]  _decode: DEBUG: currentchar=41
2026-01-28T23:16:32.8809440Z [key_multivalue_storage.py]  _decode: DEBUG: totalchars 2
2026-01-28T23:16:32.8809740Z [key_multivalue_storage.py]  _decode: DEBUG: currentchar=40
2026-01-28T23:16:32.8810030Z [key_multivalue_storage.py]  _decode: DEBUG: totalchars 2
2026-01-28T23:16:32.8810300Z [key_multivalue_storage.py]  _decode: DEBUG: currentchar=32
2026-01-28T23:16:32.8810620Z [key_multivalue_storage.py]  _decode: DEBUG: totalchars 2
2026-01-28T23:16:32.8811010Z [key_multivalue_storage.py]  _decode: DEBUG: currentchar=46
2026-01-28T23:16:32.8811340Z [key_multivalue_storage.py]  _decode: DEBUG: totalchars 2
2026-01-28T23:16:32.8811620Z [key_multivalue_storage.py]  _decode: DEBUG: currentchar=39
2026-01-28T23:16:32.8811900Z [key_multivalue_storage.py]  _decode: DEBUG: totalchars 2
2026-01-28T23:16:32.8812220Z [key_multivalue_storage.py]  _decode: DEBUG: currentchar=43
2026-01-28T23:16:32.8812740Z [key_multivalue_storage.py]  __setattr__: INFO: Attempting to set 'instance_id' to 'ba757131-b75f-4026-95cc-ddd4fe9d0c64'
2026-01-28T23:16:32.8813310Z [key_multivalue_storage.py]  __setattr__: INFO: Attempting to set 'key' to 'test_top_level_key2'
2026-01-28T23:16:32.8813840Z [key_multivalue_storage.py]  __setattr__: INFO: Attempting to set 'values' to '{'sk3': 'val3', 'sk4': 'the fate of shard'}'
2026-01-28T23:16:32.8814340Z [key_multivalue_storage.py]  Load.values: DEBUG: items.append(val3)
2026-01-28T23:16:32.8814760Z [key_multivalue_storage.py]  Load.values: DEBUG: items.append(the fate of shard)
2026-01-28T23:16:32.8815330Z [key_multivalue_storage.py]  _from_dict: DEBUG: data_dict={'test_top_level_key': {'sk1': 23724622312, 'sk2': 240225226233226243226241234224226223242234}}
2026-01-28T23:16:32.8815900Z [key_multivalue_storage.py]  _from_dict: DEBUG: data_dict=False
2026-01-28T23:16:32.8816200Z [key_multivalue_storage.py]  _decode: DEBUG: totalchars 2
2026-01-28T23:16:32.8816790Z [key_multivalue_storage.py]  _decode: DEBUG: currentchar=37
2026-01-28T23:16:32.8817120Z [key_multivalue_storage.py]  _decode: DEBUG: totalchars 2
2026-01-28T23:16:32.8817400Z [key_multivalue_storage.py]  _decode: DEBUG: currentchar=46
2026-01-28T23:16:32.8817680Z [key_multivalue_storage.py]  _decode: DEBUG: totalchars 2
2026-01-28T23:16:32.8817960Z [key_multivalue_storage.py]  _decode: DEBUG: currentchar=23
2026-01-28T23:16:32.8818230Z [key_multivalue_storage.py]  _decode: DEBUG: totalchars 1
2026-01-28T23:16:32.8818700Z [key_multivalue_storage.py]  _decode: DEBUG: currentchar=2
2026-01-28T23:16:32.8819010Z [key_multivalue_storage.py]  _decode: DEBUG: totalchars 2
2026-01-28T23:16:32.8819300Z [key_multivalue_storage.py]  _decode: DEBUG: currentchar=40
2026-01-28T23:16:32.8819580Z [key_multivalue_storage.py]  _decode: DEBUG: totalchars 2
2026-01-28T23:16:32.8819860Z [key_multivalue_storage.py]  _decode: DEBUG: currentchar=25
2026-01-28T23:16:32.8820150Z [key_multivalue_storage.py]  _decode: DEBUG: totalchars 2
2026-01-28T23:16:32.8820440Z [key_multivalue_storage.py]  _decode: DEBUG: currentchar=26
2026-01-28T23:16:32.8820720Z [key_multivalue_storage.py]  _decode: DEBUG: totalchars 2
2026-01-28T23:16:32.8821020Z [key_multivalue_storage.py]  _decode: DEBUG: currentchar=33
2026-01-28T23:16:32.8821300Z [key_multivalue_storage.py]  _decode: DEBUG: totalchars 2
2026-01-28T23:16:32.8821600Z [key_multivalue_storage.py]  _decode: DEBUG: currentchar=26
2026-01-28T23:16:32.8821890Z [key_multivalue_storage.py]  _decode: DEBUG: totalchars 2
2026-01-28T23:16:32.8822420Z [key_multivalue_storage.py]  _decode: DEBUG: currentchar=43
2026-01-28T23:16:32.8822780Z [key_multivalue_storage.py]  _decode: DEBUG: totalchars 2
2026-01-28T23:16:32.8823080Z [key_multivalue_storage.py]  _decode: DEBUG: currentchar=26
2026-01-28T23:16:32.8823380Z [key_multivalue_storage.py]  _decode: DEBUG: totalchars 2
2026-01-28T23:16:32.8823730Z [key_multivalue_storage.py]  _decode: DEBUG: currentchar=41
2026-01-28T23:16:32.8824250Z [key_multivalue_storage.py]  _decode: DEBUG: totalchars 2
2026-01-28T23:16:32.8824590Z [key_multivalue_storage.py]  _decode: DEBUG: currentchar=34
2026-01-28T23:16:32.8824970Z [key_multivalue_storage.py]  _decode: DEBUG: totalchars 2
2026-01-28T23:16:32.8825280Z [key_multivalue_storage.py]  _decode: DEBUG: currentchar=24
2026-01-28T23:16:32.8825570Z [key_multivalue_storage.py]  _decode: DEBUG: totalchars 2
2026-01-28T23:16:32.8825960Z [key_multivalue_storage.py]  _decode: DEBUG: currentchar=26
2026-01-28T23:16:32.8826300Z [key_multivalue_storage.py]  _decode: DEBUG: totalchars 2
2026-01-28T23:16:32.8834330Z [key_multivalue_storage.py]  _decode: DEBUG: currentchar=23
2026-01-28T23:16:32.8834690Z [key_multivalue_storage.py]  _decode: DEBUG: totalchars 2
2026-01-28T23:16:32.8834970Z [key_multivalue_storage.py]  _decode: DEBUG: currentchar=42
2026-01-28T23:16:32.8835250Z [key_multivalue_storage.py]  _decode: DEBUG: totalchars 2
2026-01-28T23:16:32.8835530Z [key_multivalue_storage.py]  _decode: DEBUG: currentchar=34
2026-01-28T23:16:32.8835980Z [key_multivalue_storage.py]  __setattr__: INFO: Attempting to set 'instance_id' to '975ae5eb-f042-4aa1-bfdf-b83032758865'
2026-01-28T23:16:32.8836520Z [key_multivalue_storage.py]  __setattr__: INFO: Attempting to set 'key' to 'test_top_level_key'
2026-01-28T23:16:32.8837050Z [key_multivalue_storage.py]  __setattr__: INFO: Attempting to set 'values' to '{'sk1': 'val1', 'sk2': 'skibidi toilet'}'
2026-01-28T23:16:32.8837650Z [key_multivalue_storage.py]  __store: INFO: Data for key 'test_top_level_key' stored successfully in 'otest.json'.
2026-01-28T23:16:32.8838280Z [key_multivalue_storage.py]  Edit.propval: INFO: Sucessfully changed value skibidi toilet to sigma under key test_top_level_key.sk2.
2026-01-28T23:16:32.8838750Z Sucessfully set subkey sk2 to value sigma.
2026-01-28T23:16:32.8839020Z [key_multivalue_storage.py]  Load.values: DEBUG: file_path=otest.json
2026-01-28T23:16:32.8839380Z [key_multivalue_storage.py]  Load.values: DEBUG: key=test_top_level_key
2026-01-28T23:16:32.8840130Z [key_multivalue_storage.py]  Load.values: DEBUG: keys=True
2026-01-28T23:16:32.8840450Z [key_multivalue_storage.py]  Load.values: DEBUG: raw=False
2026-01-28T23:16:32.8841100Z [key_multivalue_storage.py]  Load.values: DEBUG: loaded_data={'test_top_level_key': {'sk1': 'val1', 'sk2': 'sigma'}, 'test_top_level_key2': {'sk3': 23724622314, 'sk4': 234232242241235246234242241224235241240232246239243}}
2026-01-28T23:16:32.8841790Z [key_multivalue_storage.py]  Load.values: DEBUG: key in loaded_data? True
2026-01-28T23:16:32.8842270Z [key_multivalue_storage.py]  Load.values: DEBUG: dict_to_load={'test_top_level_key': {'sk1': 'val1', 'sk2': 'sigma'}}
2026-01-28T23:16:32.8842820Z [key_multivalue_storage.py]  _from_dict: DEBUG: data_dict={'test_top_level_key': {'sk1': 'val1', 'sk2': 'sigma'}}
2026-01-28T23:16:32.8843260Z [key_multivalue_storage.py]  _from_dict: DEBUG: data_dict=False
2026-01-28T23:16:32.8844870Z [key_multivalue_storage.py]  __setattr__: INFO: Attempting to set 'instance_id' to '20106ad4-f6f8-4f64-8b58-3f1d6c615ddc'
2026-01-28T23:16:32.8846390Z [key_multivalue_storage.py]  __setattr__: INFO: Attempting to set 'key' to 'test_top_level_key'
2026-01-28T23:16:32.8847740Z [key_multivalue_storage.py]  __setattr__: INFO: Attempting to set 'values' to '{'sk1': 'val1', 'sk2': 'sigma'}'
2026-01-28T23:16:32.8848960Z [key_multivalue_storage.py]  Load.values: DEBUG: items.append(f'sk1: val1')
2026-01-28T23:16:32.8850020Z [key_multivalue_storage.py]  Load.values: DEBUG: items.append(f'sk2: sigma')
2026-01-28T23:16:32.8851370Z [key_multivalue_storage.py]  Delete.by_key: DEBUG: loaded_data.keys()=dict_keys(['test_top_level_key', 'test_top_level_key2'])
2026-01-28T23:16:32.8854470Z [key_multivalue_storage.py]  Delete.by_key: DEBUG: loaded_data.values()=dict_values([{'sk1': 'val1', 'sk2': 'sigma'}, {'sk3': 23724622314, 'sk4': 234232242241235246234242241224235241240232246239243}])
2026-01-28T23:16:32.8857090Z [key_multivalue_storage.py]  Delete.by_key: DEBUG: loaded_data={'test_top_level_key': {'sk1': 'val1', 'sk2': 'sigma'}, 'test_top_level_key2': {'sk3': 23724622314, 'sk4': 234232242241235246234242241224235241240232246239243}}
2026-01-28T23:16:32.8859540Z [key_multivalue_storage.py]  Delete.by_key: INFO: Successfully deleted key 'test_top_level_key2' from 'otest.json'.
2026-01-28T23:16:32.8860790Z Sucessfully deleted key test_top_level_key2 and all its child data.
2026-01-28T23:16:32.8861840Z [key_multivalue_storage.py]  Delete.all: INFO: Deleted all data from otest.json sucessfully.
2026-01-28T23:16:32.8862810Z Sucessfully deleted all data from otest.json.
2026-01-28T23:16:32.8863420Z Part 1 passed.
2026-01-28T23:16:32.8863760Z --------------------
2026-01-28T23:16:32.8864270Z Part 2: Storing, Editing, and Deleting via dunder methods
2026-01-28T23:16:32.8864870Z --------------------
2026-01-28T23:16:32.8865780Z [key_multivalue_storage.py]  __setattr__: INFO: Attempting to set 'instance_id' to '01cad9fa-8806-4cc7-823a-836c452e721b'
2026-01-28T23:16:32.8867180Z [key_multivalue_storage.py]  __setattr__: INFO: Attempting to set 'key' to 'test1'
2026-01-28T23:16:32.8868410Z [key_multivalue_storage.py]  __setattr__: INFO: Attempting to set 'values' to '{'sk1': 'val1', 'sk2': 'val2'}'
2026-01-28T23:16:32.8869910Z [key_multivalue_storage.py]  __setattr__: INFO: Attempting to set 'instance_id' to 'c88fe049-df60-4305-ad26-d0271cbef453'
2026-01-28T23:16:32.8871260Z [key_multivalue_storage.py]  __setattr__: INFO: Attempting to set 'key' to 'test1'
2026-01-28T23:16:32.8872560Z [key_multivalue_storage.py]  __setattr__: INFO: Attempting to set 'values' to '{'sk4': 'val1', 'sk6': 'val2', 'sk3': 'val3'}'
2026-01-28T23:16:32.8874140Z [key_multivalue_storage.py]  __setattr__: INFO: Attempting to set 'instance_id' to '95f065c7-d042-42a9-8d4d-cb0b29ebe2d4'
2026-01-28T23:16:32.8875430Z [key_multivalue_storage.py]  __setattr__: INFO: Attempting to set 'key' to 'test2'
2026-01-28T23:16:32.8876780Z [key_multivalue_storage.py]  __setattr__: INFO: Attempting to set 'values' to '{'sk4': 'val1', 'sk6': 'val2', 'sk3': 'val3'}'
2026-01-28T23:16:32.8877860Z Part 2.1: Comparisons
2026-01-28T23:16:32.8878790Z Part 2.1 passed.
2026-01-28T23:16:32.8879160Z -----
2026-01-28T23:16:32.8879470Z Part 2.2: Arithmetic
2026-01-28T23:16:32.8880390Z [key_multivalue_storage.py]  __setattr__: INFO: Attempting to set 'instance_id' to 'e037c5c6-9bb6-4fc7-a2e4-b84967a790aa'
2026-01-28T23:16:32.8881690Z [key_multivalue_storage.py]  __setattr__: INFO: Attempting to set 'key' to 'test1'
2026-01-28T23:16:32.8883110Z [key_multivalue_storage.py]  __setattr__: INFO: Attempting to set 'values' to '{'sk1': 'val1', 'sk2': 'val2', 'sk7': '67', 'sk8': 'hehe'}'
2026-01-28T23:16:32.8884950Z [key_multivalue_storage.py]  __setattr__: INFO: Attempting to set 'instance_id' to 'ecd8f9df-f9f0-47ef-a9c3-8ae1676938f0'
2026-01-28T23:16:32.8886430Z [key_multivalue_storage.py]  __setattr__: INFO: Attempting to set 'key' to 'test1'
2026-01-28T23:16:32.8889120Z [key_multivalue_storage.py]  __setattr__: INFO: Attempting to set 'values' to '{'sk1': 'val1', 'sk2': 'val2', 'sk7': '67', 'sk8': 'hehe', 'sk4': 'val1', 'sk6': 'val2', 'sk3': 'val3'}'
2026-01-28T23:16:32.8891460Z [key_multivalue_storage.py]  __setattr__: INFO: Attempting to set 'instance_id' to 'f6e738f8-5065-4108-84af-44a1662699e3'
2026-01-28T23:16:32.8892960Z [key_multivalue_storage.py]  __setattr__: INFO: Attempting to set 'key' to 'test1'
2026-01-28T23:16:32.8894320Z [key_multivalue_storage.py]  __setattr__: INFO: Attempting to set 'values' to '{'sk1': 'val1', 'sk2': 'val2'}'
2026-01-28T23:16:32.8895900Z [key_multivalue_storage.py]  __setattr__: INFO: Attempting to set 'instance_id' to 'f102e6cb-9e3b-4a86-92e8-c46e72857379'
2026-01-28T23:16:32.8899750Z [key_multivalue_storage.py]  __setattr__: INFO: Attempting to set 'key' to 'test1'
2026-01-28T23:16:32.8901260Z [key_multivalue_storage.py]  __setattr__: INFO: Attempting to set 'values' to '{'sk1': 'val1', 'sk2': 'val2', 'sk4': 'val1', 'sk6': 'val2', 'sk3': 'val3'}'
2026-01-28T23:16:32.8903020Z [key_multivalue_storage.py]  __setattr__: INFO: Attempting to set 'instance_id' to '8910fd23-33b4-4daf-924c-ac012a4410bf'
2026-01-28T23:16:32.8904380Z [key_multivalue_storage.py]  __setattr__: INFO: Attempting to set 'key' to 'test1'
2026-01-28T23:16:32.8905590Z [key_multivalue_storage.py]  __setattr__: INFO: Attempting to set 'values' to '{'sk1': 'val1', 'sk2': 'val2'}'
2026-01-28T23:16:32.8907110Z [key_multivalue_storage.py]  __setattr__: INFO: Attempting to set 'instance_id' to '59881264-a911-4a4c-b6a7-6a5748c47956'
2026-01-28T23:16:32.8908460Z [key_multivalue_storage.py]  __setattr__: INFO: Attempting to set 'key' to 'test1'
2026-01-28T23:16:32.8909910Z [key_multivalue_storage.py]  __setattr__: INFO: Attempting to set 'values' to '{'sk1': 'val1', 'sk2': 'val2', 'undefined': ['val1', 'val2']}'
2026-01-28T23:16:32.8911630Z [key_multivalue_storage.py]  __setattr__: INFO: Attempting to set 'instance_id' to '257d0a23-33a5-4e6e-b884-746632b32d48'
2026-01-28T23:16:32.8912970Z [key_multivalue_storage.py]  __setattr__: INFO: Attempting to set 'key' to 'test1'
2026-01-28T23:16:32.8914190Z [key_multivalue_storage.py]  __setattr__: INFO: Attempting to set 'values' to '{'sk1': 'val1', 'sk2': 'val2'}'
2026-01-28T23:16:32.8915680Z [key_multivalue_storage.py]  __setattr__: INFO: Attempting to set 'instance_id' to 'ccf5a666-1def-47c9-a8b3-0f7f38c0c9b4'
2026-01-28T23:16:32.8917070Z [key_multivalue_storage.py]  __setattr__: INFO: Attempting to set 'key' to 'test1'
2026-01-28T23:16:32.8918300Z [key_multivalue_storage.py]  __setattr__: INFO: Attempting to set 'values' to '{'sk1': 'val1', 'sk2': 'val2'}'
2026-01-28T23:16:32.8919820Z [key_multivalue_storage.py]  __setattr__: INFO: Attempting to set 'instance_id' to 'e0f29bb4-edb6-4424-be52-231ffc79c6bd'
2026-01-28T23:16:32.8921140Z [key_multivalue_storage.py]  __setattr__: INFO: Attempting to set 'key' to 'test1'
2026-01-28T23:16:32.8922520Z [key_multivalue_storage.py]  __setattr__: INFO: Attempting to set 'values' to '{'sk4': 'val1', 'sk6': 'val2', 'sk3': 'val3'}'
2026-01-28T23:16:32.8924110Z [key_multivalue_storage.py]  __setattr__: INFO: Attempting to set 'instance_id' to '1c4137a3-7465-4e61-b06a-500c233751e1'
2026-01-28T23:16:32.8926080Z [key_multivalue_storage.py]  __setattr__: INFO: Attempting to set 'key' to 'test1'
2026-01-28T23:16:32.8927470Z [key_multivalue_storage.py]  __setattr__: INFO: Attempting to set 'values' to '{'sk4': 'val1', 'sk6': 'val2', 'sk3': 'val3'}'
2026-01-28T23:16:32.8929310Z [key_multivalue_storage.py]  __setattr__: INFO: Attempting to set 'instance_id' to '847a5d9d-956e-4225-bacb-655a5a516ba8'
2026-01-28T23:16:32.8930740Z [key_multivalue_storage.py]  __setattr__: INFO: Attempting to set 'key' to 'test1'
2026-01-28T23:16:32.8931980Z [key_multivalue_storage.py]  __setattr__: INFO: Attempting to set 'values' to '{'sk1': 'val1'}'
2026-01-28T23:16:32.8933510Z [key_multivalue_storage.py]  __setattr__: INFO: Attempting to set 'instance_id' to '51fe61cc-3757-44a6-88a4-3766f5a4551a'
2026-01-28T23:16:32.8934910Z [key_multivalue_storage.py]  __setattr__: INFO: Attempting to set 'key' to 'test1'
2026-01-28T23:16:32.8936200Z [key_multivalue_storage.py]  __setattr__: INFO: Attempting to set 'values' to '{'sk2': 'val2'}'
2026-01-28T23:16:32.8937810Z [key_multivalue_storage.py]  __setattr__: INFO: Attempting to set 'instance_id' to '9feaaf42-3759-4615-95cc-4105d4d7195c'
2026-01-28T23:16:32.8939270Z [key_multivalue_storage.py]  __setattr__: INFO: Attempting to set 'key' to 'test1'
2026-01-28T23:16:32.8940630Z [key_multivalue_storage.py]  __setattr__: INFO: Attempting to set 'values' to '{'sk1': 'val1', 'sk2': 'val2'}'
2026-01-28T23:16:32.8941680Z Part 2.2 passed.
2026-01-28T23:16:32.8942080Z -----
2026-01-28T23:16:32.8943500Z Part 2.3: Bitwise Operators
2026-01-28T23:16:32.8944560Z [key_multivalue_storage.py]  __setattr__: INFO: Attempting to set 'instance_id' to 'd6b2b065-7563-40ed-9c53-4e873d5a28c4'
2026-01-28T23:16:32.8945920Z [key_multivalue_storage.py]  __setattr__: INFO: Attempting to set 'key' to 'test1'
2026-01-28T23:16:32.8947320Z [key_multivalue_storage.py]  __setattr__: INFO: Attempting to set 'values' to '{'sk4': 'val1', 'sk6': 'val2', 'sk5': 'val3'}'
2026-01-28T23:16:32.8949360Z [key_multivalue_storage.py]  __setattr__: INFO: Attempting to set 'instance_id' to 'bb203fee-550f-4e8d-94d5-6b8cc90d7491'
2026-01-28T23:16:32.8950670Z [key_multivalue_storage.py]  __setattr__: INFO: Attempting to set 'key' to 'test1'
2026-01-28T23:16:32.8952010Z [key_multivalue_storage.py]  __setattr__: INFO: Attempting to set 'values' to '{'sk4': 'val1', 'sk6': 'val2', 'sk3': 'val3'}'
2026-01-28T23:16:32.8953590Z [key_multivalue_storage.py]  __setattr__: INFO: Attempting to set 'instance_id' to 'b2edf42f-396a-471e-9bbc-dc88cc5d569a'
2026-01-28T23:16:32.8954940Z [key_multivalue_storage.py]  __setattr__: INFO: Attempting to set 'key' to 'test1'
2026-01-28T23:16:32.8956190Z [key_multivalue_storage.py]  __setattr__: INFO: Attempting to set 'values' to '{'sk6': 'val2', 'sk4': 'val1'}'
2026-01-28T23:16:32.8957700Z [key_multivalue_storage.py]  __setattr__: INFO: Attempting to set 'instance_id' to '6574817c-e368-4513-b209-12a755b09171'
2026-01-28T23:16:32.8959050Z [key_multivalue_storage.py]  __setattr__: INFO: Attempting to set 'key' to 'test1'
2026-01-28T23:16:32.8960440Z [key_multivalue_storage.py]  __setattr__: INFO: Attempting to set 'values' to '{'sk6': 'val2', 'sk5': 'val3', 'sk3': 'val3', 'sk4': 'val1'}'
2026-01-28T23:16:32.8962080Z [key_multivalue_storage.py]  __setattr__: INFO: Attempting to set 'instance_id' to '9c967e5e-8391-47aa-8bfa-59a0ee54af3a'
2026-01-28T23:16:32.8963370Z [key_multivalue_storage.py]  __setattr__: INFO: Attempting to set 'key' to 'test1'
2026-01-28T23:16:32.8964940Z [key_multivalue_storage.py]  __setattr__: INFO: Attempting to set 'values' to '{'sk6': 'val2', 'sk5': 'val3', 'sk3': 'val3', 'sk4': 'val1'}'
2026-01-28T23:16:32.8969030Z [key_multivalue_storage.py]  __setattr__: INFO: Attempting to set 'instance_id' to '7a500d6f-dd11-4e5f-9a54-a27d12a290e0'
2026-01-28T23:16:32.8969740Z [key_multivalue_storage.py]  __setattr__: INFO: Attempting to set 'key' to 'test1'
2026-01-28T23:16:32.8970940Z [key_multivalue_storage.py]  __setattr__: INFO: Attempting to set 'values' to '{'sk6': 'val2', 'sk5': 'val3', 'sk3': 'val3', 'sk4': 'val1'}'
2026-01-28T23:16:32.8971590Z [key_multivalue_storage.py]  __setattr__: INFO: Attempting to set 'instance_id' to 'b3299644-bac8-4596-a664-307c50cee563'
2026-01-28T23:16:32.8972090Z [key_multivalue_storage.py]  __setattr__: INFO: Attempting to set 'key' to 'test1'
2026-01-28T23:16:32.8972610Z [key_multivalue_storage.py]  __setattr__: INFO: Attempting to set 'values' to '{'sk6': 'val2', 'sk5': 'val3', 'sk3': 'val3', 'sk4': 'val1'}'
2026-01-28T23:16:32.8973220Z [key_multivalue_storage.py]  __setattr__: INFO: Attempting to set 'instance_id' to 'f7c9834f-d462-49a3-8d62-e30c0a0f7bc6'
2026-01-28T23:16:32.8973710Z [key_multivalue_storage.py]  __setattr__: INFO: Attempting to set 'key' to 'test1'
2026-01-28T23:16:32.8974230Z [key_multivalue_storage.py]  __setattr__: INFO: Attempting to set 'values' to '{'sk6': 'val2', 'sk5': 'val3', 'sk3': 'val3', 'sk4': 'val1'}'
2026-01-28T23:16:32.8974830Z [key_multivalue_storage.py]  __setattr__: INFO: Attempting to set 'instance_id' to '339c3267-7a76-465e-9ea1-f34f7923b210'
2026-01-28T23:16:32.8975320Z [key_multivalue_storage.py]  __setattr__: INFO: Attempting to set 'key' to 'test1'
2026-01-28T23:16:32.8975830Z [key_multivalue_storage.py]  __setattr__: INFO: Attempting to set 'values' to '{'sk6': 'val2', 'sk5': 'val3', 'sk3': 'val3', 'sk4': 'val1'}'
2026-01-28T23:16:32.8976450Z [key_multivalue_storage.py]  __setattr__: INFO: Attempting to set 'instance_id' to '5c7f14b7-ec08-4318-ba9a-08abaa8201ab'
2026-01-28T23:16:32.8976940Z [key_multivalue_storage.py]  __setattr__: INFO: Attempting to set 'key' to 'test1'
2026-01-28T23:16:32.8977600Z [key_multivalue_storage.py]  __setattr__: INFO: Attempting to set 'values' to '{'sk3': 'val3', 'sk5': 'val3'}'
2026-01-28T23:16:32.8978150Z [key_multivalue_storage.py]  __setattr__: INFO: Attempting to set 'instance_id' to '1c78cf2e-f083-4a57-8f17-9dd0df513bf2'
2026-01-28T23:16:32.8978640Z [key_multivalue_storage.py]  __setattr__: INFO: Attempting to set 'key' to 'test1'
2026-01-28T23:16:32.8979100Z [key_multivalue_storage.py]  __setattr__: INFO: Attempting to set 'values' to '{'sk3': 'val3', 'sk5': 'val3'}'
2026-01-28T23:16:32.8979650Z [key_multivalue_storage.py]  __setattr__: INFO: Attempting to set 'instance_id' to 'e227f9d3-67ad-499d-9017-cf31aa3d4c96'
2026-01-28T23:16:32.8980130Z [key_multivalue_storage.py]  __setattr__: INFO: Attempting to set 'key' to 'test1'
2026-01-28T23:16:32.8980590Z [key_multivalue_storage.py]  __setattr__: INFO: Attempting to set 'values' to '{'sk6': 'val2', 'sk3': 'val3'}'
2026-01-28T23:16:32.8981150Z [key_multivalue_storage.py]  __setattr__: INFO: Attempting to set 'instance_id' to 'ba8483cd-b14e-40a3-b3d3-a7788a3c4308'
2026-01-28T23:16:32.8981640Z [key_multivalue_storage.py]  __setattr__: INFO: Attempting to set 'key' to 'test1'
2026-01-28T23:16:32.8982070Z [key_multivalue_storage.py]  __setattr__: INFO: Attempting to set 'values' to '{'sk4': 'val1'}'
2026-01-28T23:16:32.8982380Z Part 2.3 passed.
2026-01-28T23:16:32.8982500Z -----
2026-01-28T23:16:32.8982640Z Part 2.4: Collection and Container tests
2026-01-28T23:16:32.8983030Z [key_multivalue_storage.py]  __setattr__: INFO: Attempting to set 'instance_id' to 'e44c8b00-37d8-4933-ac4a-ba428d232c9b'
2026-01-28T23:16:32.8983520Z [key_multivalue_storage.py]  __setattr__: INFO: Attempting to set 'key' to 'test1'
2026-01-28T23:16:32.8983970Z [key_multivalue_storage.py]  __setattr__: INFO: Attempting to set 'values' to '{'sk1': 'val1', 'sk2': 'val2'}'
2026-01-28T23:16:32.8984520Z [key_multivalue_storage.py]  __setattr__: INFO: Attempting to set 'instance_id' to '11d89f50-0292-4e05-a63e-c3af16f541ea'
2026-01-28T23:16:32.8985000Z [key_multivalue_storage.py]  __setattr__: INFO: Attempting to set 'key' to 'test1'
2026-01-28T23:16:32.8985500Z [key_multivalue_storage.py]  __setattr__: INFO: Attempting to set 'values' to '{'sk4': 'val1', 'sk6': 'val2', 'sk3': 'val3'}'
2026-01-28T23:16:32.8986080Z [key_multivalue_storage.py]  __setattr__: INFO: Attempting to set 'instance_id' to '6caaca33-cefa-4680-baf2-1633f0583b12'
2026-01-28T23:16:32.8986740Z [key_multivalue_storage.py]  __setattr__: INFO: Attempting to set 'key' to 'test2'
2026-01-28T23:16:32.8987240Z [key_multivalue_storage.py]  __setattr__: INFO: Attempting to set 'values' to '{'sk4': 'val1', 'sk6': 'val2', 'sk3': 'val3'}'
2026-01-28T23:16:32.8987830Z [key_multivalue_storage.py]  __setattr__: INFO: Attempting to set 'instance_id' to 'e7be132c-ec2d-4d84-b28c-6506cc8c0296'
2026-01-28T23:16:32.8988340Z [key_multivalue_storage.py]  __setattr__: INFO: Attempting to set 'key' to 'test1'
2026-01-28T23:16:32.8988910Z [key_multivalue_storage.py]  __setattr__: INFO: Attempting to set 'values' to '{'sk1': 'hehe', 'sk2': 'val2', 'sk5': 'will be del'}'
2026-01-28T23:16:32.8989420Z [key_multivalue_storage.py]  __enter__: INFO: Acquring storage from object
2026-01-28T23:16:32.8989790Z [key_multivalue_storage.py]  __exit__: INFO: Releasing storage from object
2026-01-28T23:16:32.8990050Z Part 2.4 passed.
2026-01-28T23:16:32.8990170Z -----
2026-01-28T23:16:32.8990290Z Part 2.5: Built-in attributes
2026-01-28T23:16:32.8990450Z Part 2.5 passed.
2026-01-28T23:16:32.8990570Z -----
2026-01-28T23:16:32.8990700Z Part 2.6: Iteration Test (for loop)
2026-01-28T23:16:32.8990870Z Part 2.6 passed.
2026-01-28T23:16:32.8990990Z -----
2026-01-28T23:16:32.8991150Z Part 2.7: Miscellaneous Tests (__call__, __format__)
2026-01-28T23:16:32.8991350Z Part 2.7 passed.
2026-01-28T23:16:32.8991430Z 
2026-01-28T23:16:32.8991510Z Test passed sucessfully
2026-01-28T23:16:32.9066860Z Post job cleanup.
2026-01-28T23:16:33.0611390Z (node:13308) [DEP0040] DeprecationWarning: The `punycode` module is deprecated. Please use a userland alternative instead.
2026-01-28T23:16:33.0639380Z (Use `node --trace-deprecation ...` to show where the warning was created)
2026-01-28T23:16:33.0832570Z Post job cleanup.
2026-01-28T23:16:33.1827980Z [command]/opt/homebrew/bin/git version
2026-01-28T23:16:33.1975620Z git version 2.52.0
2026-01-28T23:16:33.2003780Z Copying '/Users/runner/.gitconfig' to '/Users/runner/work/_temp/64a0b0e9-3fd1-4ca6-9304-43ed570e2dbd/.gitconfig'
2026-01-28T23:16:33.2037060Z Temporarily overriding HOME='/Users/runner/work/_temp/64a0b0e9-3fd1-4ca6-9304-43ed570e2dbd' before making global git config changes
2026-01-28T23:16:33.2140650Z Adding repository directory to the temporary git global config as a safe directory
2026-01-28T23:16:33.2242770Z [command]/opt/homebrew/bin/git config --global --add safe.directory /Users/runner/work/scratchattach/scratchattach
2026-01-28T23:16:33.2417430Z Removing SSH command configuration
2026-01-28T23:16:33.2417970Z [command]/opt/homebrew/bin/git config --local --name-only --get-regexp core\.sshCommand
2026-01-28T23:16:33.2420040Z [command]/opt/homebrew/bin/git submodule foreach --recursive sh -c "git config --local --name-only --get-regexp 'core\.sshCommand' && git config --local --unset-all 'core.sshCommand' || :"
2026-01-28T23:16:33.3516570Z Removing HTTP extra header
2026-01-28T23:16:33.3521170Z [command]/opt/homebrew/bin/git config --local --name-only --get-regexp http\.https\:\/\/github\.com\/\.extraheader
2026-01-28T23:16:33.3606420Z [command]/opt/homebrew/bin/git submodule foreach --recursive sh -c "git config --local --name-only --get-regexp 'http\.https\:\/\/github\.com\/\.extraheader' && git config --local --unset-all 'http.https://github.com/.extraheader' || :"
2026-01-28T23:16:33.4914390Z Removing includeIf entries pointing to credentials config files
2026-01-28T23:16:33.4923820Z [command]/opt/homebrew/bin/git config --local --name-only --get-regexp ^includeIf\.gitdir:
2026-01-28T23:16:33.4986690Z includeif.gitdir:/Users/runner/work/scratchattach/scratchattach/.git.path
2026-01-28T23:16:33.4990520Z includeif.gitdir:/Users/runner/work/scratchattach/scratchattach/.git/worktrees/*.path
2026-01-28T23:16:33.5004430Z includeif.gitdir:/github/workspace/.git.path
2026-01-28T23:16:33.5004850Z includeif.gitdir:/github/workspace/.git/worktrees/*.path
2026-01-28T23:16:33.5006150Z [command]/opt/homebrew/bin/git config --local --get-all includeif.gitdir:/Users/runner/work/scratchattach/scratchattach/.git.path
2026-01-28T23:16:33.5056040Z /Users/runner/work/_temp/git-credentials-1863d4ff-8d3d-4c6b-aa60-5f0b1d994cd5.config
2026-01-28T23:16:33.5073070Z [command]/opt/homebrew/bin/git config --local --unset includeif.gitdir:/Users/runner/work/scratchattach/scratchattach/.git.path /Users/runner/work/_temp/git-credentials-1863d4ff-8d3d-4c6b-aa60-5f0b1d994cd5.config
2026-01-28T23:16:33.5193330Z [command]/opt/homebrew/bin/git config --local --get-all includeif.gitdir:/Users/runner/work/scratchattach/scratchattach/.git/worktrees/*.path
2026-01-28T23:16:33.5257870Z /Users/runner/work/_temp/git-credentials-1863d4ff-8d3d-4c6b-aa60-5f0b1d994cd5.config
2026-01-28T23:16:33.5264150Z [command]/opt/homebrew/bin/git config --local --unset includeif.gitdir:/Users/runner/work/scratchattach/scratchattach/.git/worktrees/*.path /Users/runner/work/_temp/git-credentials-1863d4ff-8d3d-4c6b-aa60-5f0b1d994cd5.config
2026-01-28T23:16:33.5596530Z [command]/opt/homebrew/bin/git config --local --get-all includeif.gitdir:/github/workspace/.git.path
2026-01-28T23:16:33.5698820Z /github/runner_temp/git-credentials-1863d4ff-8d3d-4c6b-aa60-5f0b1d994cd5.config
2026-01-28T23:16:33.5828260Z [command]/opt/homebrew/bin/git config --local --unset includeif.gitdir:/github/workspace/.git.path /github/runner_temp/git-credentials-1863d4ff-8d3d-4c6b-aa60-5f0b1d994cd5.config
2026-01-28T23:16:33.5830180Z [command]/opt/homebrew/bin/git config --local --get-all includeif.gitdir:/github/workspace/.git/worktrees/*.path
2026-01-28T23:16:33.5830920Z /github/runner_temp/git-credentials-1863d4ff-8d3d-4c6b-aa60-5f0b1d994cd5.config
2026-01-28T23:16:33.5834460Z [command]/opt/homebrew/bin/git config --local --unset includeif.gitdir:/github/workspace/.git/worktrees/*.path /github/runner_temp/git-credentials-1863d4ff-8d3d-4c6b-aa60-5f0b1d994cd5.config
2026-01-28T23:16:33.5888370Z [command]/opt/homebrew/bin/git submodule foreach --recursive git config --local --show-origin --name-only --get-regexp remote.origin.url
2026-01-28T23:16:33.7008290Z Removing credentials config '/Users/runner/work/_temp/git-credentials-1863d4ff-8d3d-4c6b-aa60-5f0b1d994cd5.config'
2026-01-28T23:16:33.7132930Z Cleaning up orphan processes
