2025-12-01T02:06:57.2665821Z Current runner version: '2.329.0'
2025-12-01T02:06:57.2689436Z ##[group]Runner Image Provisioner
2025-12-01T02:06:57.2690313Z Hosted Compute Agent
2025-12-01T02:06:57.2690781Z Version: 20251016.436
2025-12-01T02:06:57.2691397Z Commit: 8ab8ac8bfd662a3739dab9fe09456aba92132568
2025-12-01T02:06:57.2691997Z Build Date: 2025-10-15T20:44:12Z
2025-12-01T02:06:57.2692534Z ##[endgroup]
2025-12-01T02:06:57.2693008Z ##[group]Operating System
2025-12-01T02:06:57.2693520Z Ubuntu
2025-12-01T02:06:57.2693926Z 24.04.3
2025-12-01T02:06:57.2694348Z LTS
2025-12-01T02:06:57.2694792Z ##[endgroup]
2025-12-01T02:06:57.2695195Z ##[group]Runner Image
2025-12-01T02:06:57.2695695Z Image: ubuntu-24.04
2025-12-01T02:06:57.2696122Z Version: 20251112.124.1
2025-12-01T02:06:57.2697019Z Included Software: https://github.com/actions/runner-images/blob/ubuntu24/20251112.124/images/ubuntu/Ubuntu2404-Readme.md
2025-12-01T02:06:57.2698431Z Image Release: https://github.com/actions/runner-images/releases/tag/ubuntu24%2F20251112.124
2025-12-01T02:06:57.2699269Z ##[endgroup]
2025-12-01T02:06:57.2700287Z ##[group]GITHUB_TOKEN Permissions
2025-12-01T02:06:57.2702122Z Contents: write
2025-12-01T02:06:57.2702590Z Metadata: read
2025-12-01T02:06:57.2703063Z ##[endgroup]
2025-12-01T02:06:57.2705118Z Secret source: Actions
2025-12-01T02:06:57.2705724Z Prepare workflow directory
2025-12-01T02:06:57.3193203Z Prepare all required actions
2025-12-01T02:06:57.3232095Z Getting action download info
2025-12-01T02:06:57.6909442Z Download action repository 'actions/checkout@ff7abcd0c3c05ccf6adc123a8cd1fd4fb30fb493' (SHA:ff7abcd0c3c05ccf6adc123a8cd1fd4fb30fb493)
2025-12-01T02:06:58.1418889Z Download action repository 'actions/setup-python@v6' (SHA:83679a892e2d95755f2dac6acb0bfd1e9ac5d548)
2025-12-01T02:06:58.5368574Z Download action repository 'actions/cache@0057852bfaa89a56745cba8c7296529d2fc39830' (SHA:0057852bfaa89a56745cba8c7296529d2fc39830)
2025-12-01T02:06:58.6254538Z Download action repository 'actions/component-detection-dependency-submission-action@374343effede691df3a5ffaf36b4e7acab919590' (SHA:374343effede691df3a5ffaf36b4e7acab919590)
2025-12-01T02:06:59.0989351Z Complete job name: submit-pypi
2025-12-01T02:06:59.1723338Z ##[group]Run actions/checkout@ff7abcd0c3c05ccf6adc123a8cd1fd4fb30fb493
2025-12-01T02:06:59.1725133Z with:
2025-12-01T02:06:59.1725835Z   ref: refs/heads/main
2025-12-01T02:06:59.1726708Z   repository: Boss-1s/scratchattach
2025-12-01T02:06:59.1728041Z   token: ***
2025-12-01T02:06:59.1728866Z   ssh-strict: true
2025-12-01T02:06:59.1729629Z   ssh-user: git
2025-12-01T02:06:59.1730513Z   persist-credentials: true
2025-12-01T02:06:59.1731442Z   clean: true
2025-12-01T02:06:59.1732218Z   sparse-checkout-cone-mode: true
2025-12-01T02:06:59.1733179Z   fetch-depth: 1
2025-12-01T02:06:59.1733991Z   fetch-tags: false
2025-12-01T02:06:59.1734798Z   show-progress: true
2025-12-01T02:06:59.1735559Z   lfs: false
2025-12-01T02:06:59.1736326Z   submodules: false
2025-12-01T02:06:59.1737175Z   set-safe-directory: true
2025-12-01T02:06:59.1738290Z env:
2025-12-01T02:06:59.1739070Z   SKIP_CACHE: 
2025-12-01T02:06:59.1739781Z ##[endgroup]
2025-12-01T02:06:59.2861026Z Syncing repository: Boss-1s/scratchattach
2025-12-01T02:06:59.2864066Z ##[group]Getting Git version info
2025-12-01T02:06:59.2865670Z Working directory is '/home/runner/work/scratchattach/scratchattach'
2025-12-01T02:06:59.2867499Z [command]/usr/bin/git version
2025-12-01T02:06:59.2950465Z git version 2.51.2
2025-12-01T02:06:59.2971586Z ##[endgroup]
2025-12-01T02:06:59.2985956Z Temporarily overriding HOME='/home/runner/work/_temp/aa5386b4-b8c8-4622-89cf-baaa3ef205cc' before making global git config changes
2025-12-01T02:06:59.2990363Z Adding repository directory to the temporary git global config as a safe directory
2025-12-01T02:06:59.2994079Z [command]/usr/bin/git config --global --add safe.directory /home/runner/work/scratchattach/scratchattach
2025-12-01T02:06:59.3027101Z Deleting the contents of '/home/runner/work/scratchattach/scratchattach'
2025-12-01T02:06:59.3031156Z ##[group]Initializing the repository
2025-12-01T02:06:59.3036382Z [command]/usr/bin/git init /home/runner/work/scratchattach/scratchattach
2025-12-01T02:06:59.3147965Z hint: Using 'master' as the name for the initial branch. This default branch name
2025-12-01T02:06:59.3153999Z hint: is subject to change. To configure the initial branch name to use in all
2025-12-01T02:06:59.3156794Z hint: of your new repositories, which will suppress this warning, call:
2025-12-01T02:06:59.3158823Z hint:
2025-12-01T02:06:59.3160134Z hint: 	git config --global init.defaultBranch <name>
2025-12-01T02:06:59.3162173Z hint:
2025-12-01T02:06:59.3163768Z hint: Names commonly chosen instead of 'master' are 'main', 'trunk' and
2025-12-01T02:06:59.3166436Z hint: 'development'. The just-created branch can be renamed via this command:
2025-12-01T02:06:59.3168520Z hint:
2025-12-01T02:06:59.3169611Z hint: 	git branch -m <name>
2025-12-01T02:06:59.3171104Z hint:
2025-12-01T02:06:59.3172898Z hint: Disable this message with "git config set advice.defaultBranchName false"
2025-12-01T02:06:59.3176028Z Initialized empty Git repository in /home/runner/work/scratchattach/scratchattach/.git/
2025-12-01T02:06:59.3181164Z [command]/usr/bin/git remote add origin https://github.com/Boss-1s/scratchattach
2025-12-01T02:06:59.3194797Z ##[endgroup]
2025-12-01T02:06:59.3196883Z ##[group]Disabling automatic garbage collection
2025-12-01T02:06:59.3198799Z [command]/usr/bin/git config --local gc.auto 0
2025-12-01T02:06:59.3225497Z ##[endgroup]
2025-12-01T02:06:59.3227497Z ##[group]Setting up auth
2025-12-01T02:06:59.3232761Z [command]/usr/bin/git config --local --name-only --get-regexp core\.sshCommand
2025-12-01T02:06:59.3261222Z [command]/usr/bin/git submodule foreach --recursive sh -c "git config --local --name-only --get-regexp 'core\.sshCommand' && git config --local --unset-all 'core.sshCommand' || :"
2025-12-01T02:06:59.3575419Z [command]/usr/bin/git config --local --name-only --get-regexp http\.https\:\/\/github\.com\/\.extraheader
2025-12-01T02:06:59.3604134Z [command]/usr/bin/git submodule foreach --recursive sh -c "git config --local --name-only --get-regexp 'http\.https\:\/\/github\.com\/\.extraheader' && git config --local --unset-all 'http.https://github.com/.extraheader' || :"
2025-12-01T02:06:59.3780077Z [command]/usr/bin/git config --local http.https://github.com/.extraheader AUTHORIZATION: basic ***
2025-12-01T02:06:59.3810350Z ##[endgroup]
2025-12-01T02:06:59.3811683Z ##[group]Fetching the repository
2025-12-01T02:06:59.3820979Z [command]/usr/bin/git -c protocol.version=2 fetch --no-tags --prune --no-recurse-submodules --depth=1 origin +refs/heads/main:refs/remotes/origin/main
2025-12-01T02:07:01.7512496Z From https://github.com/Boss-1s/scratchattach
2025-12-01T02:07:01.7513824Z  * [new branch]      main       -> origin/main
2025-12-01T02:07:01.7536200Z ##[endgroup]
2025-12-01T02:07:01.7536905Z ##[group]Determining the checkout info
2025-12-01T02:07:01.7538968Z ##[endgroup]
2025-12-01T02:07:01.7544085Z [command]/usr/bin/git sparse-checkout disable
2025-12-01T02:07:01.7578205Z [command]/usr/bin/git config --local --unset-all extensions.worktreeConfig
2025-12-01T02:07:01.7603456Z ##[group]Checking out the ref
2025-12-01T02:07:01.7604297Z [command]/usr/bin/git checkout --progress --force -B main refs/remotes/origin/main
2025-12-01T02:07:02.2439931Z Switched to a new branch 'main'
2025-12-01T02:07:02.2440813Z branch 'main' set up to track 'origin/main'.
2025-12-01T02:07:02.2466065Z ##[endgroup]
2025-12-01T02:07:02.2501509Z [command]/usr/bin/git log -1 --format=%H
2025-12-01T02:07:02.2521696Z 6b9515e257d6207775d093d115152ac40550b449
2025-12-01T02:07:02.2719574Z ##[group]Run actions/setup-python@v6
2025-12-01T02:07:02.2719861Z with:
2025-12-01T02:07:02.2720047Z   check-latest: false
2025-12-01T02:07:02.2720609Z   token: ***
2025-12-01T02:07:02.2720793Z   update-environment: true
2025-12-01T02:07:02.2721028Z   allow-prereleases: false
2025-12-01T02:07:02.2721232Z   freethreaded: false
2025-12-01T02:07:02.2721416Z env:
2025-12-01T02:07:02.2721571Z   SKIP_CACHE: 
2025-12-01T02:07:02.2721948Z ##[endgroup]
2025-12-01T02:07:02.4008880Z [warning]Neither 'python-version' nor 'python-version-file' inputs were supplied. Attempting to find '.python-version' file.
2025-12-01T02:07:02.4009710Z [warning].python-version doesn't exist.
2025-12-01T02:07:02.4035842Z ##[warning]The `python-version` input is not set.  The version of Python currently in `PATH` will be used.
2025-12-01T02:07:02.4043316Z (node:2082) [DEP0040] DeprecationWarning: The `punycode` module is deprecated. Please use a userland alternative instead.
2025-12-01T02:07:02.4044027Z (Use `node --trace-deprecation ...` to show where the warning was created)
2025-12-01T02:07:02.4127183Z ##[group]Run version=$(python --version)
2025-12-01T02:07:02.4127658Z [36;1mversion=$(python --version)[0m
2025-12-01T02:07:02.4128020Z [36;1mecho "::notice::Using python version: $version"[0m
2025-12-01T02:07:02.4128478Z [36;1mpip install "pip<25.3" # Temporary pin to avoid issues with pip 25.3+[0m
2025-12-01T02:07:02.4128904Z [36;1mpip_version=$(pip --version)[0m
2025-12-01T02:07:02.4129271Z [36;1mecho "::notice::Using pip version: $pip_version"[0m
2025-12-01T02:07:02.4129625Z [36;1mpip install pip-tools[0m
2025-12-01T02:07:02.4129927Z [36;1mpip_compile_version=$(pip-compile --version)[0m
2025-12-01T02:07:02.4130529Z [36;1mecho "::notice::Using pip-compile version: $pip_compile_version"[0m
2025-12-01T02:07:02.4157304Z shell: /usr/bin/bash --noprofile --norc -e -o pipefail {0}
2025-12-01T02:07:02.4157645Z env:
2025-12-01T02:07:02.4157811Z   SKIP_CACHE: 
2025-12-01T02:07:02.4157996Z ##[endgroup]
2025-12-01T02:07:02.4238945Z ##[notice]Using python version: Python 3.12.3
2025-12-01T02:07:03.7289680Z Defaulting to user installation because normal site-packages is not writeable
2025-12-01T02:07:04.4172780Z Requirement already satisfied: pip<25.3 in /usr/lib/python3/dist-packages (24.0)
2025-12-01T02:07:04.9391227Z ##[notice]Using pip version: pip 24.0 from /usr/lib/python3/dist-packages/pip (python 3.12)
2025-12-01T02:07:05.1848772Z Defaulting to user installation because normal site-packages is not writeable
2025-12-01T02:07:05.4249806Z Collecting pip-tools
2025-12-01T02:07:05.5100070Z   Downloading pip_tools-7.5.2-py3-none-any.whl.metadata (26 kB)
2025-12-01T02:07:05.5455821Z Collecting build>=1.0.0 (from pip-tools)
2025-12-01T02:07:05.5593486Z   Downloading build-1.3.0-py3-none-any.whl.metadata (5.6 kB)
2025-12-01T02:07:05.5642132Z Requirement already satisfied: click>=8 in /usr/lib/python3/dist-packages (from pip-tools) (8.1.6)
2025-12-01T02:07:05.5651157Z Requirement already satisfied: pip>=22.2 in /usr/lib/python3/dist-packages (from pip-tools) (24.0)
2025-12-01T02:07:05.5767820Z Collecting pyproject_hooks (from pip-tools)
2025-12-01T02:07:05.5903466Z   Downloading pyproject_hooks-1.2.0-py3-none-any.whl.metadata (1.3 kB)
2025-12-01T02:07:05.5939434Z Requirement already satisfied: setuptools in /usr/lib/python3/dist-packages (from pip-tools) (68.1.2)
2025-12-01T02:07:05.5948541Z Requirement already satisfied: wheel in /usr/lib/python3/dist-packages (from pip-tools) (0.42.0)
2025-12-01T02:07:05.6027782Z Requirement already satisfied: packaging>=19.1 in /usr/lib/python3/dist-packages (from build>=1.0.0->pip-tools) (24.0)
2025-12-01T02:07:05.6230785Z Downloading pip_tools-7.5.2-py3-none-any.whl (66 kB)
2025-12-01T02:07:05.6405680Z    ━━━━━━━━━━━━━━━━━━━━━━━━━━━━━━━━━━━━━━━━ 66.9/66.9 kB 3.8 MB/s eta 0:00:00
2025-12-01T02:07:05.6543099Z Downloading build-1.3.0-py3-none-any.whl (23 kB)
2025-12-01T02:07:05.6703496Z Downloading pyproject_hooks-1.2.0-py3-none-any.whl (10 kB)
2025-12-01T02:07:05.8953374Z Installing collected packages: pyproject_hooks, build, pip-tools
2025-12-01T02:07:05.9548185Z Successfully installed build-1.3.0 pip-tools-7.5.2 pyproject_hooks-1.2.0
2025-12-01T02:07:06.4587261Z ##[notice]Using pip-compile version: pip-compile, version 7.5.2
2025-12-01T02:07:06.4634552Z ##[group]Run if [[ -n "" ]]; then
2025-12-01T02:07:06.4634841Z [36;1mif [[ -n "" ]]; then[0m
2025-12-01T02:07:06.4635171Z [36;1m  echo "Python cache disabled via 'GH_DEPENDENCY_SUBMISSION_SKIP_CACHE'"[0m
2025-12-01T02:07:06.4635656Z [36;1melse[0m
2025-12-01T02:07:06.4636039Z [36;1m  echo "Caching Python packages. Set 'GH_DEPENDENCY_SUBMISSION_SKIP_CACHE=true' to skip caching in future."[0m
2025-12-01T02:07:06.4636448Z [36;1mfi[0m
2025-12-01T02:07:06.4655398Z shell: /usr/bin/bash -e {0}
2025-12-01T02:07:06.4655619Z env:
2025-12-01T02:07:06.4655776Z   SKIP_CACHE: 
2025-12-01T02:07:06.4655949Z ##[endgroup]
2025-12-01T02:07:06.4695500Z Caching Python packages. Set 'GH_DEPENDENCY_SUBMISSION_SKIP_CACHE=true' to skip caching in future.
2025-12-01T02:07:06.6329083Z ##[group]Run actions/cache@0057852bfaa89a56745cba8c7296529d2fc39830
2025-12-01T02:07:06.6329430Z with:
2025-12-01T02:07:06.6329610Z   path: ~/.cache/pip
2025-12-01T02:07:06.6329981Z   key: Linux-pip-python-5a00fefc972129031f421abe69b90f4bbdcde70f32fc624502f11f9b2a1e2c79
2025-12-01T02:07:06.6330832Z   restore-keys: Linux-python-

2025-12-01T02:07:06.6331077Z   enableCrossOsArchive: false
2025-12-01T02:07:06.6331302Z   fail-on-cache-miss: false
2025-12-01T02:07:06.6331526Z   lookup-only: false
2025-12-01T02:07:06.6331702Z   save-always: false
2025-12-01T02:07:06.6331873Z env:
2025-12-01T02:07:06.6332020Z   SKIP_CACHE: 
2025-12-01T02:07:06.6332186Z ##[endgroup]
2025-12-01T02:07:06.9382054Z Cache hit for: Linux-pip-python-5a00fefc972129031f421abe69b90f4bbdcde70f32fc624502f11f9b2a1e2c79
2025-12-01T02:07:07.3377052Z Received 1511396 of 1511396 (100.0%), 5.5 MBs/sec
2025-12-01T02:07:07.3377553Z Cache Size: ~1 MB (1511396 B)
2025-12-01T02:07:07.3401099Z [command]/usr/bin/tar -xf /home/runner/work/_temp/8bd6f5be-fd1a-4140-af51-ac2a5ee0799f/cache.tzst -P -C /home/runner/work/scratchattach/scratchattach --use-compress-program unzstd
2025-12-01T02:07:07.3517688Z Cache restored successfully
2025-12-01T02:07:07.3596591Z Cache restored from key: Linux-pip-python-5a00fefc972129031f421abe69b90f4bbdcde70f32fc624502f11f9b2a1e2c79
2025-12-01T02:07:07.3651560Z ##[group]Run if pip-compile --dry-run -o requirements.out requirements.txt; then
2025-12-01T02:07:07.3652097Z [36;1mif pip-compile --dry-run -o requirements.out requirements.txt; then[0m
2025-12-01T02:07:07.3652505Z [36;1m  echo "::debug::Python validate no broken dependencies"[0m
2025-12-01T02:07:07.3652859Z [36;1m  echo "{valid-project}={true}" >> "$GITHUB_OUTPUT"[0m
2025-12-01T02:07:07.3653137Z [36;1melse[0m
2025-12-01T02:07:07.3653364Z [36;1m  echo "{valid-project}={false}" >> "$GITHUB_OUTPUT"[0m
2025-12-01T02:07:07.3653786Z [36;1m  echo "### :warning: Python validation failed in repository root" >> $GITHUB_STEP_SUMMARY[0m
2025-12-01T02:07:07.3654584Z [36;1m  echo "We were unable to validate a Python project in the repository root. If your repository requires additional setup steps, you may need to check in your own workflow." >> $GITHUB_STEP_SUMMARY[0m
2025-12-01T02:07:07.3655248Z [36;1m  echo "" >> $GITHUB_STEP_SUMMARY[0m
2025-12-01T02:07:07.3656100Z [36;1m  echo "For more information on submitting Python dependencies from your own workflow, refer to [the submission action](https://github.com/actions/component-detection-dependency-submission-action)" >> $GITHUB_STEP_SUMMARY[0m
2025-12-01T02:07:07.3656989Z [36;1m  echo "::warning::Python validation failed in the repository root."[0m
2025-12-01T02:07:07.3657297Z [36;1m  exit 1[0m
2025-12-01T02:07:07.3657476Z [36;1mfi[0m
2025-12-01T02:07:07.3676238Z shell: /usr/bin/bash -e {0}
2025-12-01T02:07:07.3676473Z env:
2025-12-01T02:07:07.3676639Z   SKIP_CACHE: 
2025-12-01T02:07:07.3676815Z ##[endgroup]
2025-12-01T02:07:08.9817590Z WARNING: --strip-extras is becoming the default in version 8.0.0. To silence this warning, either use --strip-extras to opt into the new default or use --no-strip-extras to retain the existing behavior.
2025-12-01T02:07:08.9818683Z #
2025-12-01T02:07:08.9818998Z # This file is autogenerated by pip-compile with Python 3.12
2025-12-01T02:07:08.9819319Z # by the following command:
2025-12-01T02:07:08.9819544Z #
2025-12-01T02:07:08.9819798Z #    pip-compile --output-file=requirements.out requirements.txt
2025-12-01T02:07:08.9820563Z #
2025-12-01T02:07:08.9820836Z beautifulsoup4==4.14.3
2025-12-01T02:07:08.9821171Z     # via bs4
2025-12-01T02:07:08.9821430Z bs4==0.0.2
2025-12-01T02:07:08.9821703Z     # via scratchattach
2025-12-01T02:07:08.9822028Z certifi==2025.11.12
2025-12-01T02:07:08.9822322Z     # via requests
2025-12-01T02:07:08.9822643Z charset-normalizer==3.4.4
2025-12-01T02:07:08.9822994Z     # via requests
2025-12-01T02:07:08.9823252Z idna==3.11
2025-12-01T02:07:08.9823413Z     # via requests
2025-12-01T02:07:08.9823588Z requests==2.32.5
2025-12-01T02:07:08.9823769Z     # via scratchattach
2025-12-01T02:07:08.9823960Z scratchattach==2.1.13
2025-12-01T02:07:08.9824154Z     # via -r requirements.txt
2025-12-01T02:07:08.9824389Z simplewebsocketserver==0.1.2
2025-12-01T02:07:08.9824606Z     # via scratchattach
2025-12-01T02:07:08.9824810Z soupsieve==2.8
2025-12-01T02:07:08.9825005Z     # via beautifulsoup4
2025-12-01T02:07:08.9825210Z typing-extensions==4.15.0
2025-12-01T02:07:08.9825398Z     # via
2025-12-01T02:07:08.9825566Z     #   beautifulsoup4
2025-12-01T02:07:08.9825749Z     #   scratchattach
2025-12-01T02:07:08.9825923Z urllib3==2.5.0
2025-12-01T02:07:08.9826102Z     # via requests
2025-12-01T02:07:08.9826285Z websocket-client==1.9.0
2025-12-01T02:07:08.9826470Z     # via scratchattach
2025-12-01T02:07:08.9826676Z Dry-run, so nothing updated.
2025-12-01T02:07:09.0709373Z ##[group]Run actions/component-detection-dependency-submission-action@374343effede691df3a5ffaf36b4e7acab919590
2025-12-01T02:07:09.0709861Z with:
2025-12-01T02:07:09.0710056Z   detectorsCategories: Python
2025-12-01T02:07:09.0710456Z   detectorsFilter: PipReport
2025-12-01T02:07:09.0710729Z   snapshot-sha: 6b9515e257d6207775d093d115152ac40550b449
2025-12-01T02:07:09.0711019Z   snapshot-ref: refs/heads/main
2025-12-01T02:07:09.0711271Z   detector-name: Automatic Dependency Submission
2025-12-01T02:07:09.0711537Z   detector-version: d57b22df30b4
2025-12-01T02:07:09.0711947Z   detector-url: https://github.com/actions/component-detection-dependency-submission-action
2025-12-01T02:07:09.0712508Z   token: ***
2025-12-01T02:07:09.0712686Z   filePath: .
2025-12-01T02:07:09.0712852Z env:
2025-12-01T02:07:09.0713018Z   SKIP_CACHE: 
2025-12-01T02:07:09.0713198Z ##[endgroup]
2025-12-01T02:07:09.9593652Z Running component-detection
2025-12-01T02:07:09.9643374Z [command]/home/runner/work/scratchattach/scratchattach/component-detection scan --SourceDirectory . --ManifestFile ./output.json --DetectorsFilter PipReport --DetectorCategories Python
2025-12-01T02:07:10.2501940Z [02:07:10 INF] Finding components...
2025-12-01T02:07:10.9075724Z [02:07:10 INF] Starting enumeration of /home/runner/work/scratchattach/scratchattach
2025-12-01T02:07:10.9253093Z [02:07:10 INF] Enumerated 20 files and 0 directories in 00:00:00.0172358
2025-12-01T02:07:10.9541801Z [02:07:10 INF] PipReport: Generating pip installation report for /home/runner/work/scratchattach/scratchattach/requirements.txt
2025-12-01T02:07:12.4490108Z [02:07:12 INF] PipReport: Pip installation report for /home/runner/work/scratchattach/scratchattach/requirements.txt completed in 1.493 seconds with 12 detected packages.
2025-12-01T02:07:12.5922187Z                                [38;5;7mDetection Summary[0m                                
2025-12-01T02:07:12.5922717Z ┌───────────────────┬───────────────────┬───────────────────┬──────────────────┐
2025-12-01T02:07:12.5923296Z │ [1mComponent [0m        │ [1mDetection Time[0m    │ [1m# Components [0m     │ [1m# Explicitly [0m    │
2025-12-01T02:07:12.5923846Z │ [1mDetector Id[0m       │                   │ [1mFound[0m             │ [1mReferenced[0m       │
2025-12-01T02:07:12.5924307Z ├───────────────────┼───────────────────┼───────────────────┼──────────────────┤
2025-12-01T02:07:12.5924738Z │ [38;5;14mPipReport[0m         │ 2.3 seconds       │ 12                │ 1                │
2025-12-01T02:07:12.5925184Z │ ───────────────── │ ───────────────── │ ───────────────── │ ──────────────── │
2025-12-01T02:07:12.5925581Z │ [1;4mTotal[0m             │ 2.3 seconds       │ 12                │ 1                │
2025-12-01T02:07:12.5926350Z └───────────────────┴───────────────────┴───────────────────┴──────────────────┘
2025-12-01T02:07:12.5951447Z [02:07:12 INF] 
2025-12-01T02:07:12.5953747Z [02:07:12 INF] 
2025-12-01T02:07:12.5964798Z [02:07:12 INF] Detection time: 2.2663927 seconds.
2025-12-01T02:07:12.6254197Z [02:07:12 INF] Scan Manifest file: /home/runner/work/scratchattach/scratchattach/output.json
2025-12-01T02:07:12.6872376Z Getting manifests from results
2025-12-01T02:07:12.6918538Z ##[notice]Submitting snapshot...
2025-12-01T02:07:12.6935262Z ##[notice]{
    "manifests": {
        "requirements.txt": {
            "resolved": {
                "pkg:pypi/requests@2.32.5": {
                    "package_url": "pkg:pypi/requests@2.32.5",
                    "relationship": "indirect",
                    "scope": "runtime",
                    "dependencies": []
                },
                "pkg:pypi/websocket-client@1.9.0": {
                    "package_url": "pkg:pypi/websocket-client@1.9.0",
                    "relationship": "indirect",
                    "scope": "runtime",
                    "dependencies": []
                },
                "pkg:pypi/urllib3@2.5.0": {
                    "package_url": "pkg:pypi/urllib3@2.5.0",
                    "relationship": "indirect",
                    "scope": "runtime",
                    "dependencies": []
                },
                "pkg:pypi/typing-extensions@4.15.0": {
                    "package_url": "pkg:pypi/typing-extensions@4.15.0",
                    "relationship": "indirect",
                    "scope": "runtime",
                    "dependencies": []
                },
                "pkg:pypi/certifi@2025.11.12": {
                    "package_url": "pkg:pypi/certifi@2025.11.12",
                    "relationship": "indirect",
                    "scope": "runtime",
                    "dependencies": []
                },
                "pkg:pypi/charset-normalizer@3.4.4": {
                    "package_url": "pkg:pypi/charset-normalizer@3.4.4",
                    "relationship": "indirect",
                    "scope": "runtime",
                    "dependencies": []
                },
                "pkg:pypi/bs4@0.0.2": {
                    "package_url": "pkg:pypi/bs4@0.0.2",
                    "relationship": "indirect",
                    "scope": "runtime",
                    "dependencies": []
                },
                "pkg:pypi/beautifulsoup4@4.14.3": {
                    "package_url": "pkg:pypi/beautifulsoup4@4.14.3",
                    "relationship": "indirect",
                    "scope": "runtime",
                    "dependencies": []
                },
                "pkg:pypi/idna@3.11": {
                    "package_url": "pkg:pypi/idna@3.11",
                    "relationship": "indirect",
                    "scope": "runtime",
                    "dependencies": []
                },
                "pkg:pypi/soupsieve@2.8": {
                    "package_url": "pkg:pypi/soupsieve@2.8",
                    "relationship": "indirect",
                    "scope": "runtime",
                    "dependencies": []
                },
                "pkg:pypi/simplewebsocketserver@0.1.2": {
                    "package_url": "pkg:pypi/simplewebsocketserver@0.1.2",
                    "relationship": "indirect",
                    "scope": "runtime",
                    "dependencies": []
                },
                "pkg:pypi/scratchattach@2.1.13": {
                    "package_url": "pkg:pypi/scratchattach@2.1.13",
                    "relationship": "direct",
                    "scope": "runtime",
                    "dependencies": [
                        "pkg:pypi/requests@2.32.5",
                        "pkg:pypi/websocket-client@1.9.0",
                        "pkg:pypi/urllib3@2.5.0",
                        "pkg:pypi/typing-extensions@4.15.0",
                        "pkg:pypi/certifi@2025.11.12",
                        "pkg:pypi/charset-normalizer@3.4.4",
                        "pkg:pypi/bs4@0.0.2",
                        "pkg:pypi/beautifulsoup4@4.14.3",
                        "pkg:pypi/idna@3.11",
                        "pkg:pypi/soupsieve@2.8",
                        "pkg:pypi/simplewebsocketserver@0.1.2"
                    ]
                }
            },
            "name": "requirements.txt",
            "file": {
                "source_location": "requirements.txt"
            }
        }
    },
    "version": 0,
    "job": {
        "correlator": "submit-pypi",
        "id": "19808867567"
    },
    "
2025-12-01T02:07:13.0768362Z ##[notice]Snapshot successfully created at 2025-12-01T02:07:12.922Z
2025-12-01T02:07:13.3109333Z Post job cleanup.
2025-12-01T02:07:13.4329703Z Cache hit occurred on the primary key Linux-pip-python-5a00fefc972129031f421abe69b90f4bbdcde70f32fc624502f11f9b2a1e2c79, not saving cache.
2025-12-01T02:07:13.4399224Z Post job cleanup.
2025-12-01T02:07:13.5502438Z (node:2270) [DEP0040] DeprecationWarning: The `punycode` module is deprecated. Please use a userland alternative instead.
2025-12-01T02:07:13.5503284Z (Use `node --trace-deprecation ...` to show where the warning was created)
2025-12-01T02:07:13.5686232Z Post job cleanup.
2025-12-01T02:07:13.6425494Z [command]/usr/bin/git version
2025-12-01T02:07:13.6457261Z git version 2.51.2
2025-12-01T02:07:13.6522467Z Temporarily overriding HOME='/home/runner/work/_temp/1c24f45b-83c9-4761-a8cf-1a15afc5947c' before making global git config changes
2025-12-01T02:07:13.6523619Z Adding repository directory to the temporary git global config as a safe directory
2025-12-01T02:07:13.6528524Z [command]/usr/bin/git config --global --add safe.directory /home/runner/work/scratchattach/scratchattach
2025-12-01T02:07:13.6560517Z [command]/usr/bin/git config --local --name-only --get-regexp core\.sshCommand
2025-12-01T02:07:13.6587356Z [command]/usr/bin/git submodule foreach --recursive sh -c "git config --local --name-only --get-regexp 'core\.sshCommand' && git config --local --unset-all 'core.sshCommand' || :"
2025-12-01T02:07:13.6771867Z [command]/usr/bin/git config --local --name-only --get-regexp http\.https\:\/\/github\.com\/\.extraheader
2025-12-01T02:07:13.6789868Z http.https://github.com/.extraheader
2025-12-01T02:07:13.6798242Z [command]/usr/bin/git config --local --unset-all http.https://github.com/.extraheader
2025-12-01T02:07:13.6824007Z [command]/usr/bin/git submodule foreach --recursive sh -c "git config --local --name-only --get-regexp 'http\.https\:\/\/github\.com\/\.extraheader' && git config --local --unset-all 'http.https://github.com/.extraheader' || :"
2025-12-01T02:07:13.7088252Z Cleaning up orphan processes
