2025-12-23T15:12:02.7471835Z Current runner version: '2.330.0'
2025-12-23T15:12:02.7506151Z ##[group]Runner Image Provisioner
2025-12-23T15:12:02.7507373Z Hosted Compute Agent
2025-12-23T15:12:02.7508164Z Version: 20251211.462
2025-12-23T15:12:02.7509082Z Commit: 6cbad8c2bb55d58165063d031ccabf57e2d2db61
2025-12-23T15:12:02.7510209Z Build Date: 2025-12-11T16:28:49Z
2025-12-23T15:12:02.7511185Z Worker ID: {d499b2b7-3f79-42dd-bce6-47ccaf1c5391}
2025-12-23T15:12:02.7512165Z ##[endgroup]
2025-12-23T15:12:02.7512984Z ##[group]Operating System
2025-12-23T15:12:02.7513895Z Microsoft Windows Server 2025
2025-12-23T15:12:02.7514811Z 10.0.26100
2025-12-23T15:12:02.7516256Z Datacenter
2025-12-23T15:12:02.7516943Z ##[endgroup]
2025-12-23T15:12:02.7517699Z ##[group]Runner Image
2025-12-23T15:12:02.7518483Z Image: windows-2025
2025-12-23T15:12:02.7519029Z Version: 20251216.149.1
2025-12-23T15:12:02.7520256Z Included Software: https://github.com/actions/runner-images/blob/win25/20251216.149/images/windows/Windows2025-Readme.md
2025-12-23T15:12:02.7521657Z Image Release: https://github.com/actions/runner-images/releases/tag/win25%2F20251216.149
2025-12-23T15:12:02.7522468Z ##[endgroup]
2025-12-23T15:12:02.7525003Z ##[group]GITHUB_TOKEN Permissions
2025-12-23T15:12:02.7526884Z Actions: write
2025-12-23T15:12:02.7527462Z ArtifactMetadata: write
2025-12-23T15:12:02.7527930Z Attestations: write
2025-12-23T15:12:02.7528374Z Checks: write
2025-12-23T15:12:02.7528767Z Contents: write
2025-12-23T15:12:02.7529265Z Deployments: write
2025-12-23T15:12:02.7529680Z Discussions: write
2025-12-23T15:12:02.7530118Z Issues: write
2025-12-23T15:12:02.7530621Z Metadata: read
2025-12-23T15:12:02.7531068Z Models: read
2025-12-23T15:12:02.7531526Z Packages: write
2025-12-23T15:12:02.7531976Z Pages: write
2025-12-23T15:12:02.7532433Z PullRequests: write
2025-12-23T15:12:02.7532948Z RepositoryProjects: write
2025-12-23T15:12:02.7533528Z SecurityEvents: write
2025-12-23T15:12:02.7534084Z Statuses: write
2025-12-23T15:12:02.7534527Z ##[endgroup]
2025-12-23T15:12:02.7536553Z Secret source: Actions
2025-12-23T15:12:02.7537150Z Prepare workflow directory
2025-12-23T15:12:02.7933977Z Prepare all required actions
2025-12-23T15:12:02.7984897Z Getting action download info
2025-12-23T15:12:03.0679054Z Download action repository 'actions/checkout@v6.0.1' (SHA:8e8c483db84b4bee98b60c0593521ed34d9990e8)
2025-12-23T15:12:03.2006266Z Download action repository 'actions/setup-python@v6.1.0' (SHA:83679a892e2d95755f2dac6acb0bfd1e9ac5d548)
2025-12-23T15:12:03.4848181Z Complete job name: build (3.12, windows-latest)
2025-12-23T15:12:03.6176956Z ##[group]Run actions/checkout@v6.0.1
2025-12-23T15:12:03.6178185Z with:
2025-12-23T15:12:03.6178676Z   ref: scratch_chat_dev
2025-12-23T15:12:03.6179186Z   repository: Boss-1s/scratchattach
2025-12-23T15:12:03.6179898Z   token: ***
2025-12-23T15:12:03.6180237Z   ssh-strict: true
2025-12-23T15:12:03.6180596Z   ssh-user: git
2025-12-23T15:12:03.6180952Z   persist-credentials: true
2025-12-23T15:12:03.6181356Z   clean: true
2025-12-23T15:12:03.6181739Z   sparse-checkout-cone-mode: true
2025-12-23T15:12:03.6182168Z   fetch-depth: 1
2025-12-23T15:12:03.6182570Z   fetch-tags: false
2025-12-23T15:12:03.6182926Z   show-progress: true
2025-12-23T15:12:03.6183293Z   lfs: false
2025-12-23T15:12:03.6183612Z   submodules: false
2025-12-23T15:12:03.6183977Z   set-safe-directory: true
2025-12-23T15:12:03.6184569Z ##[endgroup]
2025-12-23T15:12:03.7803214Z Syncing repository: Boss-1s/scratchattach
2025-12-23T15:12:03.7807404Z ##[group]Getting Git version info
2025-12-23T15:12:03.7808568Z Working directory is 'D:\a\scratchattach\scratchattach'
2025-12-23T15:12:03.8851163Z [command]"C:\Program Files\Git\bin\git.exe" version
2025-12-23T15:12:04.0589684Z git version 2.52.0.windows.1
2025-12-23T15:12:04.0647803Z ##[endgroup]
2025-12-23T15:12:04.0670045Z Temporarily overriding HOME='D:\a\_temp\a03f82dc-c11e-428e-994e-653ca75c3103' before making global git config changes
2025-12-23T15:12:04.0672421Z Adding repository directory to the temporary git global config as a safe directory
2025-12-23T15:12:04.0682270Z [command]"C:\Program Files\Git\bin\git.exe" config --global --add safe.directory D:\a\scratchattach\scratchattach
2025-12-23T15:12:04.0992607Z Deleting the contents of 'D:\a\scratchattach\scratchattach'
2025-12-23T15:12:04.0999688Z ##[group]Initializing the repository
2025-12-23T15:12:04.1008885Z [command]"C:\Program Files\Git\bin\git.exe" init D:\a\scratchattach\scratchattach
2025-12-23T15:12:04.1518121Z Initialized empty Git repository in D:/a/scratchattach/scratchattach/.git/
2025-12-23T15:12:04.1563977Z [command]"C:\Program Files\Git\bin\git.exe" remote add origin https://github.com/Boss-1s/scratchattach
2025-12-23T15:12:04.1918267Z ##[endgroup]
2025-12-23T15:12:04.1919105Z ##[group]Disabling automatic garbage collection
2025-12-23T15:12:04.1934642Z [command]"C:\Program Files\Git\bin\git.exe" config --local gc.auto 0
2025-12-23T15:12:04.2256467Z ##[endgroup]
2025-12-23T15:12:04.2258292Z ##[group]Setting up auth
2025-12-23T15:12:04.2259292Z Removing SSH command configuration
2025-12-23T15:12:04.2271869Z [command]"C:\Program Files\Git\bin\git.exe" config --local --name-only --get-regexp core\.sshCommand
2025-12-23T15:12:04.2584097Z [command]"C:\Program Files\Git\bin\git.exe" submodule foreach --recursive "sh -c \"git config --local --name-only --get-regexp 'core\.sshCommand' && git config --local --unset-all 'core.sshCommand' || :\""
2025-12-23T15:12:05.1604548Z Removing HTTP extra header
2025-12-23T15:12:05.1641917Z [command]"C:\Program Files\Git\bin\git.exe" config --local --name-only --get-regexp http\.https\:\/\/github\.com\/\.extraheader
2025-12-23T15:12:05.1936924Z [command]"C:\Program Files\Git\bin\git.exe" submodule foreach --recursive "sh -c \"git config --local --name-only --get-regexp 'http\.https\:\/\/github\.com\/\.extraheader' && git config --local --unset-all 'http.https://github.com/.extraheader' || :\""
2025-12-23T15:12:05.7639688Z Removing includeIf entries pointing to credentials config files
2025-12-23T15:12:05.7651632Z [command]"C:\Program Files\Git\bin\git.exe" config --local --name-only --get-regexp ^includeIf\.gitdir:
2025-12-23T15:12:05.7960786Z [command]"C:\Program Files\Git\bin\git.exe" submodule foreach --recursive "git config --local --show-origin --name-only --get-regexp remote.origin.url"
2025-12-23T15:12:06.3543204Z [command]"C:\Program Files\Git\bin\git.exe" config --file D:\a\_temp\git-credentials-96e807a3-b5a8-4fd6-9fbc-ad3f1fd2a8ca.config http.https://github.com/.extraheader "AUTHORIZATION: basic ***"
2025-12-23T15:12:06.3929924Z [command]"C:\Program Files\Git\bin\git.exe" config --local includeIf.gitdir:D:/a/scratchattach/scratchattach/.git.path D:\a\_temp\git-credentials-96e807a3-b5a8-4fd6-9fbc-ad3f1fd2a8ca.config
2025-12-23T15:12:06.4278956Z [command]"C:\Program Files\Git\bin\git.exe" config --local includeIf.gitdir:D:/a/scratchattach/scratchattach/.git/worktrees/*.path D:\a\_temp\git-credentials-96e807a3-b5a8-4fd6-9fbc-ad3f1fd2a8ca.config
2025-12-23T15:12:06.4585449Z [command]"C:\Program Files\Git\bin\git.exe" config --local includeIf.gitdir:/github/workspace/.git.path /github/runner_temp/git-credentials-96e807a3-b5a8-4fd6-9fbc-ad3f1fd2a8ca.config
2025-12-23T15:12:06.4902821Z [command]"C:\Program Files\Git\bin\git.exe" config --local includeIf.gitdir:/github/workspace/.git/worktrees/*.path /github/runner_temp/git-credentials-96e807a3-b5a8-4fd6-9fbc-ad3f1fd2a8ca.config
2025-12-23T15:12:06.5215360Z ##[endgroup]
2025-12-23T15:12:06.5216126Z ##[group]Fetching the repository
2025-12-23T15:12:06.5235601Z [command]"C:\Program Files\Git\bin\git.exe" -c protocol.version=2 fetch --no-tags --prune --no-recurse-submodules --depth=1 origin +refs/heads/scratch_chat_dev*:refs/remotes/origin/scratch_chat_dev* +refs/tags/scratch_chat_dev*:refs/tags/scratch_chat_dev*
2025-12-23T15:12:08.4715637Z From https://github.com/Boss-1s/scratchattach
2025-12-23T15:12:08.4716754Z  * [new branch]      scratch_chat_dev -> origin/scratch_chat_dev
2025-12-23T15:12:08.4939897Z ##[endgroup]
2025-12-23T15:12:08.4942301Z ##[group]Determining the checkout info
2025-12-23T15:12:08.4952763Z [command]"C:\Program Files\Git\bin\git.exe" branch --list --remote origin/scratch_chat_dev
2025-12-23T15:12:08.5231254Z   origin/scratch_chat_dev
2025-12-23T15:12:08.5268853Z ##[endgroup]
2025-12-23T15:12:08.5281216Z [command]"C:\Program Files\Git\bin\git.exe" sparse-checkout disable
2025-12-23T15:12:08.5658512Z [command]"C:\Program Files\Git\bin\git.exe" config --local --unset-all extensions.worktreeConfig
2025-12-23T15:12:08.6002673Z ##[group]Checking out the ref
2025-12-23T15:12:08.6017105Z [command]"C:\Program Files\Git\bin\git.exe" checkout --progress --force -B scratch_chat_dev refs/remotes/origin/scratch_chat_dev
2025-12-23T15:12:09.6491565Z Updating files:  81% (1843/2269)
2025-12-23T15:12:09.6672769Z Updating files:  82% (1861/2269)
2025-12-23T15:12:09.7567782Z Updating files:  83% (1884/2269)
2025-12-23T15:12:09.7648430Z Updating files:  84% (1906/2269)
2025-12-23T15:12:09.7733413Z Updating files:  85% (1929/2269)
2025-12-23T15:12:09.7825421Z Updating files:  86% (1952/2269)
2025-12-23T15:12:09.7913426Z Updating files:  87% (1975/2269)
2025-12-23T15:12:09.8001767Z Updating files:  88% (1997/2269)
2025-12-23T15:12:09.8081976Z Updating files:  89% (2020/2269)
2025-12-23T15:12:09.8174915Z Updating files:  90% (2043/2269)
2025-12-23T15:12:09.8273542Z Updating files:  91% (2065/2269)
2025-12-23T15:12:09.8354471Z Updating files:  92% (2088/2269)
2025-12-23T15:12:09.8440496Z Updating files:  93% (2111/2269)
2025-12-23T15:12:09.8521774Z Updating files:  94% (2133/2269)
2025-12-23T15:12:09.8647899Z Updating files:  95% (2156/2269)
2025-12-23T15:12:09.8729128Z Updating files:  96% (2179/2269)
2025-12-23T15:12:09.8901979Z Updating files:  97% (2201/2269)
2025-12-23T15:12:09.9089507Z Updating files:  98% (2224/2269)
2025-12-23T15:12:09.9157556Z Updating files:  99% (2247/2269)
2025-12-23T15:12:09.9158079Z Updating files: 100% (2269/2269)
2025-12-23T15:12:09.9158651Z Updating files: 100% (2269/2269), done.
2025-12-23T15:12:09.9330127Z branch 'scratch_chat_dev' set up to track 'origin/scratch_chat_dev'.
2025-12-23T15:12:09.9346949Z Switched to a new branch 'scratch_chat_dev'
2025-12-23T15:12:09.9485915Z ##[endgroup]
2025-12-23T15:12:09.9832370Z [command]"C:\Program Files\Git\bin\git.exe" log -1 --format=%H
2025-12-23T15:12:10.0113524Z 8373eabc9f1f7f2763687c624f9935932c2657af
2025-12-23T15:12:10.0603798Z ##[group]Run actions/setup-python@v6.1.0
2025-12-23T15:12:10.0604133Z with:
2025-12-23T15:12:10.0604294Z   python-version: 3.12
2025-12-23T15:12:10.0604485Z   check-latest: false
2025-12-23T15:12:10.0604805Z   token: ***
2025-12-23T15:12:10.0604974Z   update-environment: true
2025-12-23T15:12:10.0605172Z   allow-prereleases: false
2025-12-23T15:12:10.0605357Z   freethreaded: false
2025-12-23T15:12:10.0605518Z ##[endgroup]
2025-12-23T15:12:10.2341349Z ##[group]Installed versions
2025-12-23T15:12:10.2451929Z (node:3388) [DEP0040] DeprecationWarning: The `punycode` module is deprecated. Please use a userland alternative instead.
2025-12-23T15:12:10.2453053Z (Use `node --trace-deprecation ...` to show where the warning was created)
2025-12-23T15:12:10.2454323Z Successfully set up CPython (3.12.10)
2025-12-23T15:12:10.2454995Z ##[endgroup]
2025-12-23T15:12:10.2759355Z ##[group]Run cd test
2025-12-23T15:12:10.2759699Z [36;1mcd test[0m
2025-12-23T15:12:10.2759878Z [36;1mpython3 test5.py[0m
2025-12-23T15:12:10.2916228Z shell: C:\Program Files\PowerShell\7\pwsh.EXE -command ". '{0}'"
2025-12-23T15:12:10.2916562Z env:
2025-12-23T15:12:10.2916811Z   pythonLocation: C:\hostedtoolcache\windows\Python\3.12.10\x64
2025-12-23T15:12:10.2917245Z   PKG_CONFIG_PATH: C:\hostedtoolcache\windows\Python\3.12.10\x64/lib/pkgconfig
2025-12-23T15:12:10.2917636Z   Python_ROOT_DIR: C:\hostedtoolcache\windows\Python\3.12.10\x64
2025-12-23T15:12:10.2917990Z   Python2_ROOT_DIR: C:\hostedtoolcache\windows\Python\3.12.10\x64
2025-12-23T15:12:10.2918337Z   Python3_ROOT_DIR: C:\hostedtoolcache\windows\Python\3.12.10\x64
2025-12-23T15:12:10.2918884Z ##[endgroup]
2025-12-23T15:12:16.7384323Z File 'test.json' not found. Creating a new one.
2025-12-23T15:12:16.7465073Z Data for key 'test_top_level_key' stored successfully in 'test.json'.
2025-12-23T15:12:16.7545336Z Data for key 'test_top_level_key2' stored successfully in 'test.json'.
2025-12-23T15:12:16.7615969Z Data for key 'test_top_level_key2' stored successfully in 'test.json'.
2025-12-23T15:12:18.7706811Z Data for key 'test_top_level_key' stored successfully in 'test.json'.
2025-12-23T15:12:18.7779731Z Sucessfully changed value skibidi toilet to sigma under key test_top_level_key.sk2.
2025-12-23T15:12:22.7885346Z Successfully deleted key 'test_top_level_key2' from 'test.json'.
2025-12-23T15:12:23.7973022Z Deleted all data from test.json sucessfully.
2025-12-23T15:12:23.7994375Z File 'test.json' not found. Creating a new one.
2025-12-23T15:12:23.7995129Z Data for key 'test_top_level_key' stored successfully in 'test.json'.
2025-12-23T15:12:23.7996366Z Sucessfully added values ['val1', 'skibidi toilet'] to subkeys ['sk1', 'sk2'], respectively.
2025-12-23T15:12:23.7997239Z Data for key 'test_top_level_key2' stored successfully in 'test.json'.
2025-12-23T15:12:23.7998027Z Sucessfully added values ['val1', 'the fate of sigma'] to subkeys ['sk1', 'sk2'], respectively.
2025-12-23T15:12:23.7998864Z Data for key 'test_top_level_key2' stored successfully in 'test.json'.
2025-12-23T15:12:23.7999658Z Sucessfully added values ['val3', 'the fate of shard'] to subkeys ['sk3', 'sk4'], respectively.
2025-12-23T15:12:23.8000429Z Data for key 'test_top_level_key' stored successfully in 'test.json'.
2025-12-23T15:12:23.8001193Z Sucessfully changed value skibidi toilet to sigma under key test_top_level_key.sk2.
2025-12-23T15:12:23.8001849Z Sucessfully set subkey sk2 to value sigma.
2025-12-23T15:12:23.8002292Z ['test_top_level_key', 'test_top_level_key2']
2025-12-23T15:12:23.8002678Z ['sk1: val1', 'sk2: sigma']
2025-12-23T15:12:23.8003136Z Successfully deleted key 'test_top_level_key2' from 'test.json'.
2025-12-23T15:12:23.8004076Z Sucessfully deleted key test_top_level_key2 and all its child data.
2025-12-23T15:12:23.8004655Z Deleted all data from test.json sucessfully.
2025-12-23T15:12:23.8005105Z Sucessfully deleted all data from test.json.
2025-12-23T15:12:23.8005510Z test passed sucessfully
2025-12-23T15:12:24.1881092Z Post job cleanup.
2025-12-23T15:12:24.3449530Z (node:4092) [DEP0040] DeprecationWarning: The `punycode` module is deprecated. Please use a userland alternative instead.
2025-12-23T15:12:24.3450627Z (Use `node --trace-deprecation ...` to show where the warning was created)
2025-12-23T15:12:24.3760913Z Post job cleanup.
2025-12-23T15:12:24.6144386Z [command]"C:\Program Files\Git\bin\git.exe" version
2025-12-23T15:12:24.6447403Z git version 2.52.0.windows.1
2025-12-23T15:12:24.6523279Z Temporarily overriding HOME='D:\a\_temp\13888b39-b29d-43c2-b9e5-c094f558e4fe' before making global git config changes
2025-12-23T15:12:24.6524477Z Adding repository directory to the temporary git global config as a safe directory
2025-12-23T15:12:24.6534490Z [command]"C:\Program Files\Git\bin\git.exe" config --global --add safe.directory D:\a\scratchattach\scratchattach
2025-12-23T15:12:24.6832931Z Removing SSH command configuration
2025-12-23T15:12:24.6844110Z [command]"C:\Program Files\Git\bin\git.exe" config --local --name-only --get-regexp core\.sshCommand
2025-12-23T15:12:24.7189120Z [command]"C:\Program Files\Git\bin\git.exe" submodule foreach --recursive "sh -c \"git config --local --name-only --get-regexp 'core\.sshCommand' && git config --local --unset-all 'core.sshCommand' || :\""
2025-12-23T15:12:25.3164369Z Removing HTTP extra header
2025-12-23T15:12:25.3178321Z [command]"C:\Program Files\Git\bin\git.exe" config --local --name-only --get-regexp http\.https\:\/\/github\.com\/\.extraheader
2025-12-23T15:12:25.3502013Z [command]"C:\Program Files\Git\bin\git.exe" submodule foreach --recursive "sh -c \"git config --local --name-only --get-regexp 'http\.https\:\/\/github\.com\/\.extraheader' && git config --local --unset-all 'http.https://github.com/.extraheader' || :\""
2025-12-23T15:12:25.9217730Z Removing includeIf entries pointing to credentials config files
2025-12-23T15:12:25.9229971Z [command]"C:\Program Files\Git\bin\git.exe" config --local --name-only --get-regexp ^includeIf\.gitdir:
2025-12-23T15:12:25.9503624Z includeif.gitdir:D:/a/scratchattach/scratchattach/.git.path
2025-12-23T15:12:25.9504362Z includeif.gitdir:D:/a/scratchattach/scratchattach/.git/worktrees/*.path
2025-12-23T15:12:25.9505496Z includeif.gitdir:/github/workspace/.git.path
2025-12-23T15:12:25.9506077Z includeif.gitdir:/github/workspace/.git/worktrees/*.path
2025-12-23T15:12:25.9552767Z [command]"C:\Program Files\Git\bin\git.exe" config --local --get-all includeif.gitdir:D:/a/scratchattach/scratchattach/.git.path
2025-12-23T15:12:25.9820337Z D:\a\_temp\git-credentials-96e807a3-b5a8-4fd6-9fbc-ad3f1fd2a8ca.config
2025-12-23T15:12:25.9868738Z [command]"C:\Program Files\Git\bin\git.exe" config --local --unset includeif.gitdir:D:/a/scratchattach/scratchattach/.git.path D:\a\_temp\git-credentials-96e807a3-b5a8-4fd6-9fbc-ad3f1fd2a8ca.config
2025-12-23T15:12:26.0184465Z [command]"C:\Program Files\Git\bin\git.exe" config --local --get-all includeif.gitdir:D:/a/scratchattach/scratchattach/.git/worktrees/*.path
2025-12-23T15:12:26.0453895Z D:\a\_temp\git-credentials-96e807a3-b5a8-4fd6-9fbc-ad3f1fd2a8ca.config
2025-12-23T15:12:26.0502546Z [command]"C:\Program Files\Git\bin\git.exe" config --local --unset includeif.gitdir:D:/a/scratchattach/scratchattach/.git/worktrees/*.path D:\a\_temp\git-credentials-96e807a3-b5a8-4fd6-9fbc-ad3f1fd2a8ca.config
2025-12-23T15:12:26.0817490Z [command]"C:\Program Files\Git\bin\git.exe" config --local --get-all includeif.gitdir:/github/workspace/.git.path
2025-12-23T15:12:26.1112480Z /github/runner_temp/git-credentials-96e807a3-b5a8-4fd6-9fbc-ad3f1fd2a8ca.config
2025-12-23T15:12:26.1156215Z [command]"C:\Program Files\Git\bin\git.exe" config --local --unset includeif.gitdir:/github/workspace/.git.path /github/runner_temp/git-credentials-96e807a3-b5a8-4fd6-9fbc-ad3f1fd2a8ca.config
2025-12-23T15:12:26.1554163Z [command]"C:\Program Files\Git\bin\git.exe" config --local --get-all includeif.gitdir:/github/workspace/.git/worktrees/*.path
2025-12-23T15:12:26.1864721Z /github/runner_temp/git-credentials-96e807a3-b5a8-4fd6-9fbc-ad3f1fd2a8ca.config
2025-12-23T15:12:26.1912894Z [command]"C:\Program Files\Git\bin\git.exe" config --local --unset includeif.gitdir:/github/workspace/.git/worktrees/*.path /github/runner_temp/git-credentials-96e807a3-b5a8-4fd6-9fbc-ad3f1fd2a8ca.config
2025-12-23T15:12:26.2221938Z [command]"C:\Program Files\Git\bin\git.exe" submodule foreach --recursive "git config --local --show-origin --name-only --get-regexp remote.origin.url"
2025-12-23T15:12:26.8003718Z Removing credentials config 'D:\a\_temp\git-credentials-96e807a3-b5a8-4fd6-9fbc-ad3f1fd2a8ca.config'
2025-12-23T15:12:26.8183078Z Cleaning up orphan processes
