2025-09-27T19:13:37.2510188Z Current runner version: '2.328.0'
2025-09-27T19:13:37.2536844Z ##[group]Runner Image Provisioner
2025-09-27T19:13:37.2537683Z Hosted Compute Agent
2025-09-27T19:13:37.2538300Z Version: 20250912.392
2025-09-27T19:13:37.2538899Z Commit: d921fda672a98b64f4f82364647e2f10b2267d0b
2025-09-27T19:13:37.2539588Z Build Date: 2025-09-12T15:23:14Z
2025-09-27T19:13:37.2540409Z ##[endgroup]
2025-09-27T19:13:37.2540967Z ##[group]Operating System
2025-09-27T19:13:37.2541567Z Ubuntu
2025-09-27T19:13:37.2542080Z 24.04.3
2025-09-27T19:13:37.2542513Z LTS
2025-09-27T19:13:37.2542970Z ##[endgroup]
2025-09-27T19:13:37.2543408Z ##[group]Runner Image
2025-09-27T19:13:37.2544103Z Image: ubuntu-24.04
2025-09-27T19:13:37.2544614Z Version: 20250922.53.1
2025-09-27T19:13:37.2545572Z Included Software: https://github.com/actions/runner-images/blob/ubuntu24/20250922.53/images/ubuntu/Ubuntu2404-Readme.md
2025-09-27T19:13:37.2547197Z Image Release: https://github.com/actions/runner-images/releases/tag/ubuntu24%2F20250922.53
2025-09-27T19:13:37.2548231Z ##[endgroup]
2025-09-27T19:13:37.2550881Z ##[group]GITHUB_TOKEN Permissions
2025-09-27T19:13:37.2553183Z Actions: write
2025-09-27T19:13:37.2553918Z Attestations: write
2025-09-27T19:13:37.2554440Z Checks: write
2025-09-27T19:13:37.2554880Z Contents: write
2025-09-27T19:13:37.2555575Z Deployments: write
2025-09-27T19:13:37.2556090Z Discussions: write
2025-09-27T19:13:37.2556573Z Issues: write
2025-09-27T19:13:37.2557143Z Metadata: read
2025-09-27T19:13:37.2557600Z Models: read
2025-09-27T19:13:37.2558075Z Packages: write
2025-09-27T19:13:37.2558637Z Pages: write
2025-09-27T19:13:37.2559099Z PullRequests: write
2025-09-27T19:13:37.2559644Z RepositoryProjects: write
2025-09-27T19:13:37.2560743Z SecurityEvents: write
2025-09-27T19:13:37.2561440Z Statuses: write
2025-09-27T19:13:37.2561935Z ##[endgroup]
2025-09-27T19:13:37.2564161Z Secret source: Actions
2025-09-27T19:13:37.2565123Z Prepare workflow directory
2025-09-27T19:13:37.2909183Z Prepare all required actions
2025-09-27T19:13:37.2948785Z Getting action download info
2025-09-27T19:13:37.6912519Z Download action repository 'actions/checkout@v5.0.0' (SHA:08c6903cd8c0fde910a37f88322edcfb5dd907a8)
2025-09-27T19:13:37.8505754Z Download action repository 'actions/setup-python@v6.0.0' (SHA:e797f83bcb11b83ae66e0230d6156d7c80228e7c)
2025-09-27T19:13:38.2681512Z Download action repository 'bossOfCode/install-scratchattach@v1.0.3' (SHA:be17a7cf1ecb5a7040eb42ef26c2e1fbe72bb25a)
2025-09-27T19:13:38.7400821Z Complete job name: Run 1
2025-09-27T19:13:38.8223170Z ##[group]Run actions/checkout@v5.0.0
2025-09-27T19:13:38.8224555Z with:
2025-09-27T19:13:38.8225274Z   ref: main
2025-09-27T19:13:38.8226053Z   repository: Boss-1s/scratchattach
2025-09-27T19:13:38.8227352Z   token: ***
2025-09-27T19:13:38.8228120Z   ssh-strict: true
2025-09-27T19:13:38.8228922Z   ssh-user: git
2025-09-27T19:13:38.8230085Z   persist-credentials: true
2025-09-27T19:13:38.8231027Z   clean: true
2025-09-27T19:13:38.8231875Z   sparse-checkout-cone-mode: true
2025-09-27T19:13:38.8232900Z   fetch-depth: 1
2025-09-27T19:13:38.8233745Z   fetch-tags: false
2025-09-27T19:13:38.8234573Z   show-progress: true
2025-09-27T19:13:38.8235415Z   lfs: false
2025-09-27T19:13:38.8236183Z   submodules: false
2025-09-27T19:13:38.8237040Z   set-safe-directory: true
2025-09-27T19:13:38.8238253Z ##[endgroup]
2025-09-27T19:13:38.9173208Z Syncing repository: Boss-1s/scratchattach
2025-09-27T19:13:38.9175985Z ##[group]Getting Git version info
2025-09-27T19:13:38.9177561Z Working directory is '/home/runner/work/scratchattach/scratchattach'
2025-09-27T19:13:38.9180109Z [command]/usr/bin/git version
2025-09-27T19:13:38.9235563Z git version 2.51.0
2025-09-27T19:13:38.9258208Z ##[endgroup]
2025-09-27T19:13:38.9272591Z Temporarily overriding HOME='/home/runner/work/_temp/310ae434-0ce3-4f57-857d-90f7a5d8b08f' before making global git config changes
2025-09-27T19:13:38.9276373Z Adding repository directory to the temporary git global config as a safe directory
2025-09-27T19:13:38.9279687Z [command]/usr/bin/git config --global --add safe.directory /home/runner/work/scratchattach/scratchattach
2025-09-27T19:13:38.9315969Z Deleting the contents of '/home/runner/work/scratchattach/scratchattach'
2025-09-27T19:13:38.9318924Z ##[group]Initializing the repository
2025-09-27T19:13:38.9324044Z [command]/usr/bin/git init /home/runner/work/scratchattach/scratchattach
2025-09-27T19:13:38.9441768Z hint: Using 'master' as the name for the initial branch. This default branch name
2025-09-27T19:13:38.9445040Z hint: is subject to change. To configure the initial branch name to use in all
2025-09-27T19:13:38.9447993Z hint: of your new repositories, which will suppress this warning, call:
2025-09-27T19:13:38.9450155Z hint:
2025-09-27T19:13:38.9451287Z hint: 	git config --global init.defaultBranch <name>
2025-09-27T19:13:38.9452619Z hint:
2025-09-27T19:13:38.9454040Z hint: Names commonly chosen instead of 'master' are 'main', 'trunk' and
2025-09-27T19:13:38.9456029Z hint: 'development'. The just-created branch can be renamed via this command:
2025-09-27T19:13:38.9458180Z hint:
2025-09-27T19:13:38.9458961Z hint: 	git branch -m <name>
2025-09-27T19:13:38.9460148Z hint:
2025-09-27T19:13:38.9461394Z hint: Disable this message with "git config set advice.defaultBranchName false"
2025-09-27T19:13:38.9463509Z Initialized empty Git repository in /home/runner/work/scratchattach/scratchattach/.git/
2025-09-27T19:13:38.9466725Z [command]/usr/bin/git remote add origin https://github.com/Boss-1s/scratchattach
2025-09-27T19:13:38.9500527Z ##[endgroup]
2025-09-27T19:13:38.9502165Z ##[group]Disabling automatic garbage collection
2025-09-27T19:13:38.9504036Z [command]/usr/bin/git config --local gc.auto 0
2025-09-27T19:13:38.9532873Z ##[endgroup]
2025-09-27T19:13:38.9534766Z ##[group]Setting up auth
2025-09-27T19:13:38.9537705Z [command]/usr/bin/git config --local --name-only --get-regexp core\.sshCommand
2025-09-27T19:13:38.9571065Z [command]/usr/bin/git submodule foreach --recursive sh -c "git config --local --name-only --get-regexp 'core\.sshCommand' && git config --local --unset-all 'core.sshCommand' || :"
2025-09-27T19:13:38.9912076Z [command]/usr/bin/git config --local --name-only --get-regexp http\.https\:\/\/github\.com\/\.extraheader
2025-09-27T19:13:38.9942765Z [command]/usr/bin/git submodule foreach --recursive sh -c "git config --local --name-only --get-regexp 'http\.https\:\/\/github\.com\/\.extraheader' && git config --local --unset-all 'http.https://github.com/.extraheader' || :"
2025-09-27T19:13:39.0167499Z [command]/usr/bin/git config --local http.https://github.com/.extraheader AUTHORIZATION: basic ***
2025-09-27T19:13:39.0203249Z ##[endgroup]
2025-09-27T19:13:39.0205742Z ##[group]Fetching the repository
2025-09-27T19:13:39.0216119Z [command]/usr/bin/git -c protocol.version=2 fetch --no-tags --prune --no-recurse-submodules --depth=1 origin +refs/heads/main*:refs/remotes/origin/main* +refs/tags/main*:refs/tags/main*
2025-09-27T19:13:39.7135542Z From https://github.com/Boss-1s/scratchattach
2025-09-27T19:13:39.7138230Z  * [new branch]      main       -> origin/main
2025-09-27T19:13:39.7170448Z ##[endgroup]
2025-09-27T19:13:39.7172676Z ##[group]Determining the checkout info
2025-09-27T19:13:39.7178275Z [command]/usr/bin/git branch --list --remote origin/main
2025-09-27T19:13:39.7203081Z   origin/main
2025-09-27T19:13:39.7210272Z ##[endgroup]
2025-09-27T19:13:39.7214291Z [command]/usr/bin/git sparse-checkout disable
2025-09-27T19:13:39.7257264Z [command]/usr/bin/git config --local --unset-all extensions.worktreeConfig
2025-09-27T19:13:39.7289205Z ##[group]Checking out the ref
2025-09-27T19:13:39.7292272Z [command]/usr/bin/git checkout --progress --force -B main refs/remotes/origin/main
2025-09-27T19:13:39.8563533Z Switched to a new branch 'main'
2025-09-27T19:13:39.8565402Z branch 'main' set up to track 'origin/main'.
2025-09-27T19:13:39.8585204Z ##[endgroup]
2025-09-27T19:13:39.8634127Z [command]/usr/bin/git log -1 --format=%H
2025-09-27T19:13:39.8661363Z 44794823d1736619cda105930eb5c726ab6cd047
2025-09-27T19:13:39.8891106Z ##[group]Run actions/setup-python@v6.0.0
2025-09-27T19:13:39.8891696Z with:
2025-09-27T19:13:39.8891961Z   python-version: 3.13
2025-09-27T19:13:39.8892211Z   check-latest: false
2025-09-27T19:13:39.8892627Z   token: ***
2025-09-27T19:13:39.8892859Z   update-environment: true
2025-09-27T19:13:39.8893127Z   allow-prereleases: false
2025-09-27T19:13:39.8893382Z   freethreaded: false
2025-09-27T19:13:39.8893612Z ##[endgroup]
2025-09-27T19:13:40.0170938Z ##[group]Installed versions
2025-09-27T19:13:40.0260444Z (node:2056) [DEP0040] DeprecationWarning: The `punycode` module is deprecated. Please use a userland alternative instead.
2025-09-27T19:13:40.0261431Z (Use `node --trace-deprecation ...` to show where the warning was created)
2025-09-27T19:13:40.0262474Z Successfully set up CPython (3.13.7)
2025-09-27T19:13:40.0263301Z ##[endgroup]
2025-09-27T19:13:40.0405013Z ##[group]Run bossOfCode/install-scratchattach@v1.0.3
2025-09-27T19:13:40.0405403Z env:
2025-09-27T19:13:40.0405710Z   pythonLocation: /opt/hostedtoolcache/Python/3.13.7/x64
2025-09-27T19:13:40.0406209Z   PKG_CONFIG_PATH: /opt/hostedtoolcache/Python/3.13.7/x64/lib/pkgconfig
2025-09-27T19:13:40.0406651Z   Python_ROOT_DIR: /opt/hostedtoolcache/Python/3.13.7/x64
2025-09-27T19:13:40.0407052Z   Python2_ROOT_DIR: /opt/hostedtoolcache/Python/3.13.7/x64
2025-09-27T19:13:40.0407450Z   Python3_ROOT_DIR: /opt/hostedtoolcache/Python/3.13.7/x64
2025-09-27T19:13:40.0407866Z   LD_LIBRARY_PATH: /opt/hostedtoolcache/Python/3.13.7/x64/lib
2025-09-27T19:13:40.0408204Z ##[endgroup]
2025-09-27T19:13:40.0489005Z ##[group]Run python3 -m pip install --upgrade pip
2025-09-27T19:13:40.0489504Z [36;1mpython3 -m pip install --upgrade pip[0m
2025-09-27T19:13:40.0539429Z shell: /usr/bin/bash --noprofile --norc -e -o pipefail {0}
2025-09-27T19:13:40.0540000Z env:
2025-09-27T19:13:40.0540337Z   pythonLocation: /opt/hostedtoolcache/Python/3.13.7/x64
2025-09-27T19:13:40.0540784Z   PKG_CONFIG_PATH: /opt/hostedtoolcache/Python/3.13.7/x64/lib/pkgconfig
2025-09-27T19:13:40.0541239Z   Python_ROOT_DIR: /opt/hostedtoolcache/Python/3.13.7/x64
2025-09-27T19:13:40.0541661Z   Python2_ROOT_DIR: /opt/hostedtoolcache/Python/3.13.7/x64
2025-09-27T19:13:40.0542077Z   Python3_ROOT_DIR: /opt/hostedtoolcache/Python/3.13.7/x64
2025-09-27T19:13:40.0542471Z   LD_LIBRARY_PATH: /opt/hostedtoolcache/Python/3.13.7/x64/lib
2025-09-27T19:13:40.0542815Z ##[endgroup]
2025-09-27T19:13:41.1475549Z Requirement already satisfied: pip in /opt/hostedtoolcache/Python/3.13.7/x64/lib/python3.13/site-packages (25.2)
2025-09-27T19:13:41.3514830Z ##[group]Run pip install -U scratchattach
2025-09-27T19:13:41.3515184Z [36;1mpip install -U scratchattach[0m
2025-09-27T19:13:41.3549418Z shell: /usr/bin/bash --noprofile --norc -e -o pipefail {0}
2025-09-27T19:13:41.3549918Z env:
2025-09-27T19:13:41.3550194Z   pythonLocation: /opt/hostedtoolcache/Python/3.13.7/x64
2025-09-27T19:13:41.3550621Z   PKG_CONFIG_PATH: /opt/hostedtoolcache/Python/3.13.7/x64/lib/pkgconfig
2025-09-27T19:13:41.3551036Z   Python_ROOT_DIR: /opt/hostedtoolcache/Python/3.13.7/x64
2025-09-27T19:13:41.3551606Z   Python2_ROOT_DIR: /opt/hostedtoolcache/Python/3.13.7/x64
2025-09-27T19:13:41.3551994Z   Python3_ROOT_DIR: /opt/hostedtoolcache/Python/3.13.7/x64
2025-09-27T19:13:41.3552354Z   LD_LIBRARY_PATH: /opt/hostedtoolcache/Python/3.13.7/x64/lib
2025-09-27T19:13:41.3552650Z ##[endgroup]
2025-09-27T19:13:41.8559325Z Collecting scratchattach
2025-09-27T19:13:41.9220471Z   Downloading scratchattach-2.1.13-py3-none-any.whl.metadata (5.5 kB)
2025-09-27T19:13:41.9483557Z Collecting websocket-client (from scratchattach)
2025-09-27T19:13:41.9629098Z   Downloading websocket_client-1.8.0-py3-none-any.whl.metadata (8.0 kB)
2025-09-27T19:13:41.9939484Z Collecting requests (from scratchattach)
2025-09-27T19:13:42.0082205Z   Downloading requests-2.32.5-py3-none-any.whl.metadata (4.9 kB)
2025-09-27T19:13:42.0228652Z Collecting bs4 (from scratchattach)
2025-09-27T19:13:42.0368080Z   Downloading bs4-0.0.2-py2.py3-none-any.whl.metadata (411 bytes)
2025-09-27T19:13:42.0675786Z Collecting SimpleWebSocketServer (from scratchattach)
2025-09-27T19:13:42.0823281Z   Downloading SimpleWebSocketServer-0.1.2.tar.gz (10 kB)
2025-09-27T19:13:42.0920359Z   Installing build dependencies: started
2025-09-27T19:13:42.9930136Z   Installing build dependencies: finished with status 'done'
2025-09-27T19:13:42.9937017Z   Getting requirements to build wheel: started
2025-09-27T19:13:43.4132527Z   Getting requirements to build wheel: finished with status 'done'
2025-09-27T19:13:43.4143422Z   Preparing metadata (pyproject.toml): started
2025-09-27T19:13:43.6201973Z   Preparing metadata (pyproject.toml): finished with status 'done'
2025-09-27T19:13:43.6375654Z Collecting typing-extensions (from scratchattach)
2025-09-27T19:13:43.6515748Z   Downloading typing_extensions-4.15.0-py3-none-any.whl.metadata (3.3 kB)
2025-09-27T19:13:43.6704297Z Collecting beautifulsoup4 (from bs4->scratchattach)
2025-09-27T19:13:43.6842636Z   Downloading beautifulsoup4-4.14.0-py3-none-any.whl.metadata (3.8 kB)
2025-09-27T19:13:43.7032495Z Collecting soupsieve>1.2 (from beautifulsoup4->bs4->scratchattach)
2025-09-27T19:13:43.7170287Z   Downloading soupsieve-2.8-py3-none-any.whl.metadata (4.6 kB)
2025-09-27T19:13:43.8062873Z Collecting charset_normalizer<4,>=2 (from requests->scratchattach)
2025-09-27T19:13:43.8205893Z   Downloading charset_normalizer-3.4.3-cp313-cp313-manylinux2014_x86_64.manylinux_2_17_x86_64.manylinux_2_28_x86_64.whl.metadata (36 kB)
2025-09-27T19:13:43.8436979Z Collecting idna<4,>=2.5 (from requests->scratchattach)
2025-09-27T19:13:43.8574482Z   Downloading idna-3.10-py3-none-any.whl.metadata (10 kB)
2025-09-27T19:13:43.8873086Z Collecting urllib3<3,>=1.21.1 (from requests->scratchattach)
2025-09-27T19:13:43.9012801Z   Downloading urllib3-2.5.0-py3-none-any.whl.metadata (6.5 kB)
2025-09-27T19:13:43.9238253Z Collecting certifi>=2017.4.17 (from requests->scratchattach)
2025-09-27T19:13:43.9381629Z   Downloading certifi-2025.8.3-py3-none-any.whl.metadata (2.4 kB)
2025-09-27T19:13:43.9583665Z Downloading scratchattach-2.1.13-py3-none-any.whl (141 kB)
2025-09-27T19:13:43.9923519Z Downloading bs4-0.0.2-py2.py3-none-any.whl (1.2 kB)
2025-09-27T19:13:44.0088073Z Downloading beautifulsoup4-4.14.0-py3-none-any.whl (106 kB)
2025-09-27T19:13:44.0271512Z Downloading soupsieve-2.8-py3-none-any.whl (36 kB)
2025-09-27T19:13:44.0432840Z Downloading typing_extensions-4.15.0-py3-none-any.whl (44 kB)
2025-09-27T19:13:44.0593501Z Downloading requests-2.32.5-py3-none-any.whl (64 kB)
2025-09-27T19:13:44.0780234Z Downloading charset_normalizer-3.4.3-cp313-cp313-manylinux2014_x86_64.manylinux_2_17_x86_64.manylinux_2_28_x86_64.whl (151 kB)
2025-09-27T19:13:44.0973319Z Downloading idna-3.10-py3-none-any.whl (70 kB)
2025-09-27T19:13:44.1138135Z Downloading urllib3-2.5.0-py3-none-any.whl (129 kB)
2025-09-27T19:13:44.1315844Z Downloading certifi-2025.8.3-py3-none-any.whl (161 kB)
2025-09-27T19:13:44.1495025Z Downloading websocket_client-1.8.0-py3-none-any.whl (58 kB)
2025-09-27T19:13:44.1632493Z Building wheels for collected packages: SimpleWebSocketServer
2025-09-27T19:13:44.1640885Z   Building wheel for SimpleWebSocketServer (pyproject.toml): started
2025-09-27T19:13:44.3952878Z   Building wheel for SimpleWebSocketServer (pyproject.toml): finished with status 'done'
2025-09-27T19:13:44.3958826Z   Created wheel for SimpleWebSocketServer: filename=simplewebsocketserver-0.1.2-py3-none-any.whl size=9715 sha256=72fe8d16f2530f212121173ea0a8a29889413f5b26ff3ce7efe5cc713873a201
2025-09-27T19:13:44.3961197Z   Stored in directory: /home/runner/.cache/pip/wheels/c4/5b/e8/4f2c15a82edc4923058056f6681373168be02a0c00389a6dcf
2025-09-27T19:13:44.3979469Z Successfully built SimpleWebSocketServer
2025-09-27T19:13:44.4163302Z Installing collected packages: SimpleWebSocketServer, websocket-client, urllib3, typing-extensions, soupsieve, idna, charset_normalizer, certifi, requests, beautifulsoup4, bs4, scratchattach
2025-09-27T19:13:45.0123355Z 
2025-09-27T19:13:45.0144853Z Successfully installed SimpleWebSocketServer-0.1.2 beautifulsoup4-4.14.0 bs4-0.0.2 certifi-2025.8.3 charset_normalizer-3.4.3 idna-3.10 requests-2.32.5 scratchattach-2.1.13 soupsieve-2.8 typing-extensions-4.15.0 urllib3-2.5.0 websocket-client-1.8.0
2025-09-27T19:13:45.1002937Z ##[group]Run actions/checkout@v5.0.0
2025-09-27T19:13:45.1003215Z with:
2025-09-27T19:13:45.1003390Z   ref: main
2025-09-27T19:13:45.1003595Z   repository: Boss-1s/scratchattach
2025-09-27T19:13:45.1003941Z   token: ***
2025-09-27T19:13:45.1004137Z   ssh-strict: true
2025-09-27T19:13:45.1004326Z   ssh-user: git
2025-09-27T19:13:45.1004519Z   persist-credentials: true
2025-09-27T19:13:45.1004734Z   clean: true
2025-09-27T19:13:45.1004924Z   sparse-checkout-cone-mode: true
2025-09-27T19:13:45.1005157Z   fetch-depth: 1
2025-09-27T19:13:45.1005340Z   fetch-tags: false
2025-09-27T19:13:45.1005528Z   show-progress: true
2025-09-27T19:13:45.1005721Z   lfs: false
2025-09-27T19:13:45.1005894Z   submodules: false
2025-09-27T19:13:45.1006083Z   set-safe-directory: true
2025-09-27T19:13:45.1006285Z env:
2025-09-27T19:13:45.1006509Z   pythonLocation: /opt/hostedtoolcache/Python/3.13.7/x64
2025-09-27T19:13:45.1006925Z   PKG_CONFIG_PATH: /opt/hostedtoolcache/Python/3.13.7/x64/lib/pkgconfig
2025-09-27T19:13:45.1007333Z   Python_ROOT_DIR: /opt/hostedtoolcache/Python/3.13.7/x64
2025-09-27T19:13:45.1007677Z   Python2_ROOT_DIR: /opt/hostedtoolcache/Python/3.13.7/x64
2025-09-27T19:13:45.1008014Z   Python3_ROOT_DIR: /opt/hostedtoolcache/Python/3.13.7/x64
2025-09-27T19:13:45.1008346Z   LD_LIBRARY_PATH: /opt/hostedtoolcache/Python/3.13.7/x64/lib
2025-09-27T19:13:45.1008629Z ##[endgroup]
2025-09-27T19:13:45.1815848Z Syncing repository: Boss-1s/scratchattach
2025-09-27T19:13:45.1817986Z ##[group]Getting Git version info
2025-09-27T19:13:45.1818458Z Working directory is '/home/runner/work/scratchattach/scratchattach'
2025-09-27T19:13:45.1855798Z [command]/usr/bin/git version
2025-09-27T19:13:45.1892298Z git version 2.51.0
2025-09-27T19:13:45.1912488Z ##[endgroup]
2025-09-27T19:13:45.1927090Z Temporarily overriding HOME='/home/runner/work/_temp/b6e7f808-7480-4f31-8d0a-efd86e77a595' before making global git config changes
2025-09-27T19:13:45.1928095Z Adding repository directory to the temporary git global config as a safe directory
2025-09-27T19:13:45.1932771Z [command]/usr/bin/git config --global --add safe.directory /home/runner/work/scratchattach/scratchattach
2025-09-27T19:13:45.1973731Z [command]/usr/bin/git config --local --get remote.origin.url
2025-09-27T19:13:45.1995680Z https://github.com/Boss-1s/scratchattach
2025-09-27T19:13:45.2010481Z ##[group]Removing previously created refs, to avoid conflicts
2025-09-27T19:13:45.2014898Z [command]/usr/bin/git rev-parse --symbolic-full-name --verify --quiet HEAD
2025-09-27T19:13:45.2035863Z refs/heads/main
2025-09-27T19:13:45.2045638Z [command]/usr/bin/git checkout --detach
2025-09-27T19:13:45.3099304Z HEAD is now at 4479482 [BOT] Download Logs
2025-09-27T19:13:45.3156351Z [command]/usr/bin/git branch --delete --force main
2025-09-27T19:13:45.3184818Z Deleted branch main (was 4479482).
2025-09-27T19:13:45.3223573Z ##[endgroup]
2025-09-27T19:13:45.3227199Z [command]/usr/bin/git submodule status
2025-09-27T19:13:45.3478377Z ##[group]Cleaning the repository
2025-09-27T19:13:45.3482687Z [command]/usr/bin/git clean -ffdx
2025-09-27T19:13:45.3523263Z [command]/usr/bin/git reset --hard HEAD
2025-09-27T19:13:45.3573997Z HEAD is now at 4479482 [BOT] Download Logs
2025-09-27T19:13:45.3580912Z ##[endgroup]
2025-09-27T19:13:45.3582900Z ##[group]Disabling automatic garbage collection
2025-09-27T19:13:45.3587712Z [command]/usr/bin/git config --local gc.auto 0
2025-09-27T19:13:45.3617766Z ##[endgroup]
2025-09-27T19:13:45.3618343Z ##[group]Setting up auth
2025-09-27T19:13:45.3625655Z [command]/usr/bin/git config --local --name-only --get-regexp core\.sshCommand
2025-09-27T19:13:45.3658254Z [command]/usr/bin/git submodule foreach --recursive sh -c "git config --local --name-only --get-regexp 'core\.sshCommand' && git config --local --unset-all 'core.sshCommand' || :"
2025-09-27T19:13:45.3904152Z [command]/usr/bin/git config --local --name-only --get-regexp http\.https\:\/\/github\.com\/\.extraheader
2025-09-27T19:13:45.3926794Z http.https://github.com/.extraheader
2025-09-27T19:13:45.3936817Z [command]/usr/bin/git config --local --unset-all http.https://github.com/.extraheader
2025-09-27T19:13:45.3967369Z [command]/usr/bin/git submodule foreach --recursive sh -c "git config --local --name-only --get-regexp 'http\.https\:\/\/github\.com\/\.extraheader' && git config --local --unset-all 'http.https://github.com/.extraheader' || :"
2025-09-27T19:13:45.4197876Z [command]/usr/bin/git config --local http.https://github.com/.extraheader AUTHORIZATION: basic ***
2025-09-27T19:13:45.4237164Z ##[endgroup]
2025-09-27T19:13:45.4237809Z ##[group]Fetching the repository
2025-09-27T19:13:45.4247211Z [command]/usr/bin/git -c protocol.version=2 fetch --no-tags --prune --no-recurse-submodules --depth=1 origin +refs/heads/main*:refs/remotes/origin/main* +refs/tags/main*:refs/tags/main*
2025-09-27T19:13:45.7113045Z ##[endgroup]
2025-09-27T19:13:45.7113677Z ##[group]Determining the checkout info
2025-09-27T19:13:45.7121198Z [command]/usr/bin/git branch --list --remote origin/main
2025-09-27T19:13:45.7147906Z   origin/main
2025-09-27T19:13:45.7152680Z ##[endgroup]
2025-09-27T19:13:45.7157641Z [command]/usr/bin/git sparse-checkout disable
2025-09-27T19:13:45.7202452Z [command]/usr/bin/git config --local --unset-all extensions.worktreeConfig
2025-09-27T19:13:45.7229958Z ##[group]Checking out the ref
2025-09-27T19:13:45.7234551Z [command]/usr/bin/git checkout --progress --force -B main refs/remotes/origin/main
2025-09-27T19:13:45.7286386Z Switched to a new branch 'main'
2025-09-27T19:13:45.7288552Z branch 'main' set up to track 'origin/main'.
2025-09-27T19:13:45.7295118Z ##[endgroup]
2025-09-27T19:13:45.7331731Z [command]/usr/bin/git log -1 --format=%H
2025-09-27T19:13:45.7355162Z 44794823d1736619cda105930eb5c726ab6cd047
2025-09-27T19:13:45.7470832Z ##[group]Run timeout 359m python3 message_viewer.py || { [[ $? -eq 124 ]] && exit 0; }
2025-09-27T19:13:45.7471382Z [36;1mtimeout 359m python3 message_viewer.py || { [[ $? -eq 124 ]] && exit 0; }[0m
2025-09-27T19:13:45.7504863Z shell: /usr/bin/bash -e {0}
2025-09-27T19:13:45.7505089Z env:
2025-09-27T19:13:45.7505333Z   pythonLocation: /opt/hostedtoolcache/Python/3.13.7/x64
2025-09-27T19:13:45.7505751Z   PKG_CONFIG_PATH: /opt/hostedtoolcache/Python/3.13.7/x64/lib/pkgconfig
2025-09-27T19:13:45.7506146Z   Python_ROOT_DIR: /opt/hostedtoolcache/Python/3.13.7/x64
2025-09-27T19:13:45.7506485Z   Python2_ROOT_DIR: /opt/hostedtoolcache/Python/3.13.7/x64
2025-09-27T19:13:45.7506829Z   Python3_ROOT_DIR: /opt/hostedtoolcache/Python/3.13.7/x64
2025-09-27T19:13:45.7507173Z   LD_LIBRARY_PATH: /opt/hostedtoolcache/Python/3.13.7/x64/lib
2025-09-27T19:13:45.7507938Z   PASS: ***
2025-09-27T19:13:45.7508232Z ##[endgroup]
2025-09-27T19:13:46.6429501Z Traceback (most recent call last):
2025-09-27T19:13:46.6456693Z   File "/home/runner/work/scratchattach/scratchattach/message_viewer.py", line 15, in <module>
2025-09-27T19:13:46.6457332Z     client = cloud.requests()
2025-09-27T19:13:46.6458056Z   File "/opt/hostedtoolcache/Python/3.13.7/x64/lib/python3.13/site-packages/scratchattach/cloud/_base.py", line 101, in requests
2025-09-27T19:13:46.6458953Z     return CloudRequests(self, used_cloud_vars=used_cloud_vars, no_packet_loss=no_packet_loss,
2025-09-27T19:13:46.6459429Z                          respond_order=respond_order, debug=debug)
2025-09-27T19:13:46.6460508Z   File "/opt/hostedtoolcache/Python/3.13.7/x64/lib/python3.13/site-packages/scratchattach/eventhandlers/cloud_requests.py", line 67, in __init__
2025-09-27T19:13:46.6461167Z     super().__init__(cloud)
2025-09-27T19:13:46.6461387Z     ~~~~~~~~~~~~~~~~^^^^^^^
2025-09-27T19:13:46.6462002Z   File "/opt/hostedtoolcache/Python/3.13.7/x64/lib/python3.13/site-packages/scratchattach/eventhandlers/cloud_events.py", line 19, in __init__
2025-09-27T19:13:46.6462671Z     self.source_stream = cloud.create_event_stream()
2025-09-27T19:13:46.6462969Z                          ~~~~~~~~~~~~~~~~~~~~~~~~~^^
2025-09-27T19:13:46.6463614Z   File "/opt/hostedtoolcache/Python/3.13.7/x64/lib/python3.13/site-packages/scratchattach/cloud/_base.py", line 442, in create_event_stream
2025-09-27T19:13:46.6464598Z     self.event_stream = WebSocketEventStream(self)
2025-09-27T19:13:46.6464888Z                         ~~~~~~~~~~~~~~~~~~~~^^^^^^
2025-09-27T19:13:46.6465485Z   File "/opt/hostedtoolcache/Python/3.13.7/x64/lib/python3.13/site-packages/scratchattach/cloud/_base.py", line 125, in __init__
2025-09-27T19:13:46.6466060Z     self.source_cloud.connect()
2025-09-27T19:13:46.6466286Z     ~~~~~~~~~~~~~~~~~~~~~~~~~^^
2025-09-27T19:13:46.6466839Z   File "/opt/hostedtoolcache/Python/3.13.7/x64/lib/python3.13/site-packages/scratchattach/cloud/cloud.py", line 29, in connect
2025-09-27T19:13:46.6467396Z     super().connect()
2025-09-27T19:13:46.6467588Z     ~~~~~~~~~~~~~~~^^
2025-09-27T19:13:46.6468135Z   File "/opt/hostedtoolcache/Python/3.13.7/x64/lib/python3.13/site-packages/scratchattach/cloud/_base.py", line 305, in connect
2025-09-27T19:13:46.6468705Z     self.websocket.connect(
2025-09-27T19:13:46.6468928Z     ~~~~~~~~~~~~~~~~~~~~~~^
2025-09-27T19:13:46.6469140Z         self.cloud_host,
2025-09-27T19:13:46.6469348Z         ^^^^^^^^^^^^^^^^
2025-09-27T19:13:46.6469538Z     ...<4 lines>...
2025-09-27T19:13:46.6469964Z         header=self.header
2025-09-27T19:13:46.6470208Z         ^^^^^^^^^^^^^^^^^^
2025-09-27T19:13:46.6470403Z     )
2025-09-27T19:13:46.6470560Z     ^
2025-09-27T19:13:46.6471004Z   File "/opt/hostedtoolcache/Python/3.13.7/x64/lib/python3.13/site-packages/websocket/_core.py", line 261, in connect
2025-09-27T19:13:46.6471600Z     self.handshake_response = handshake(self.sock, url, *addrs, **options)
2025-09-27T19:13:46.6471963Z                               ~~~~~~~~~^^^^^^^^^^^^^^^^^^^^^^^^^^^^^^^^^^^
2025-09-27T19:13:46.6472736Z   File "/opt/hostedtoolcache/Python/3.13.7/x64/lib/python3.13/site-packages/websocket/_handshake.py", line 65, in handshake
2025-09-27T19:13:46.6473270Z     status, resp = _get_resp_headers(sock)
2025-09-27T19:13:46.6473518Z                    ~~~~~~~~~~~~~~~~~^^^^^^
2025-09-27T19:13:46.6474108Z   File "/opt/hostedtoolcache/Python/3.13.7/x64/lib/python3.13/site-packages/websocket/_handshake.py", line 150, in _get_resp_headers
2025-09-27T19:13:46.6474681Z     raise WebSocketBadStatusException(
2025-09-27T19:13:46.6474926Z     ...<5 lines>...
2025-09-27T19:13:46.6475098Z     )
2025-09-27T19:13:46.6476388Z websocket._exceptions.WebSocketBadStatusException: Handshake status 500 Internal Server Error -+-+- {'date': 'Sat, 27 Sep 2025 19:13:46 GMT', 'content-type': 'text/html', 'content-length': '177', 'connection': 'keep-alive', 'server': 'nginx/1.22.1'} -+-+- b'<html>\r\n<head><title>500 Internal Server Error</title></head>\r\n<body>\r\n<center><h1>500 Internal Server Error</h1></center>\r\n<hr><center>nginx/1.22.1</center>\r\n</body>\r\n</html>\r\n'
2025-09-27T19:13:46.6738808Z ##[error]Process completed with exit code 1.
2025-09-27T19:13:46.6807983Z Post job cleanup.
2025-09-27T19:13:46.7601069Z [command]/usr/bin/git version
2025-09-27T19:13:46.7637719Z git version 2.51.0
2025-09-27T19:13:46.7676125Z Temporarily overriding HOME='/home/runner/work/_temp/7b8e4471-9321-4e89-a9cd-5d2fa94c25c4' before making global git config changes
2025-09-27T19:13:46.7677458Z Adding repository directory to the temporary git global config as a safe directory
2025-09-27T19:13:46.7682611Z [command]/usr/bin/git config --global --add safe.directory /home/runner/work/scratchattach/scratchattach
2025-09-27T19:13:46.7718441Z [command]/usr/bin/git config --local --name-only --get-regexp core\.sshCommand
2025-09-27T19:13:46.7750325Z [command]/usr/bin/git submodule foreach --recursive sh -c "git config --local --name-only --get-regexp 'core\.sshCommand' && git config --local --unset-all 'core.sshCommand' || :"
2025-09-27T19:13:46.7980525Z [command]/usr/bin/git config --local --name-only --get-regexp http\.https\:\/\/github\.com\/\.extraheader
2025-09-27T19:13:46.8004086Z http.https://github.com/.extraheader
2025-09-27T19:13:46.8013811Z [command]/usr/bin/git config --local --unset-all http.https://github.com/.extraheader
2025-09-27T19:13:46.8046336Z [command]/usr/bin/git submodule foreach --recursive sh -c "git config --local --name-only --get-regexp 'http\.https\:\/\/github\.com\/\.extraheader' && git config --local --unset-all 'http.https://github.com/.extraheader' || :"
2025-09-27T19:13:46.8397228Z Post job cleanup.
2025-09-27T19:13:46.9184828Z [command]/usr/bin/git version
2025-09-27T19:13:46.9221166Z git version 2.51.0
2025-09-27T19:13:46.9261280Z Temporarily overriding HOME='/home/runner/work/_temp/d861d6d2-1ada-40bf-bbb6-5b7911185eb6' before making global git config changes
2025-09-27T19:13:46.9262173Z Adding repository directory to the temporary git global config as a safe directory
2025-09-27T19:13:46.9266968Z [command]/usr/bin/git config --global --add safe.directory /home/runner/work/scratchattach/scratchattach
2025-09-27T19:13:46.9304303Z [command]/usr/bin/git config --local --name-only --get-regexp core\.sshCommand
2025-09-27T19:13:46.9337544Z [command]/usr/bin/git submodule foreach --recursive sh -c "git config --local --name-only --get-regexp 'core\.sshCommand' && git config --local --unset-all 'core.sshCommand' || :"
2025-09-27T19:13:46.9571857Z [command]/usr/bin/git config --local --name-only --get-regexp http\.https\:\/\/github\.com\/\.extraheader
2025-09-27T19:13:46.9607800Z [command]/usr/bin/git submodule foreach --recursive sh -c "git config --local --name-only --get-regexp 'http\.https\:\/\/github\.com\/\.extraheader' && git config --local --unset-all 'http.https://github.com/.extraheader' || :"
2025-09-27T19:13:46.9959101Z Cleaning up orphan processes
