2025-12-25T17:31:51.4566643Z Current runner version: '2.330.0'
2025-12-25T17:31:51.4588645Z ##[group]Runner Image Provisioner
2025-12-25T17:31:51.4589458Z Hosted Compute Agent
2025-12-25T17:31:51.4590069Z Version: 20251211.462
2025-12-25T17:31:51.4590651Z Commit: 6cbad8c2bb55d58165063d031ccabf57e2d2db61
2025-12-25T17:31:51.4591335Z Build Date: 2025-12-11T16:28:49Z
2025-12-25T17:31:51.4592016Z Worker ID: {9dbff8dd-ee18-416f-9ac0-c263931fa6d1}
2025-12-25T17:31:51.4592733Z ##[endgroup]
2025-12-25T17:31:51.4593568Z ##[group]Operating System
2025-12-25T17:31:51.4594079Z Ubuntu
2025-12-25T17:31:51.4594633Z 24.04.3
2025-12-25T17:31:51.4595052Z LTS
2025-12-25T17:31:51.4595482Z ##[endgroup]
2025-12-25T17:31:51.4596037Z ##[group]Runner Image
2025-12-25T17:31:51.4596573Z Image: ubuntu-24.04
2025-12-25T17:31:51.4597056Z Version: 20251215.174.1
2025-12-25T17:31:51.4598092Z Included Software: https://github.com/actions/runner-images/blob/ubuntu24/20251215.174/images/ubuntu/Ubuntu2404-Readme.md
2025-12-25T17:31:51.4599613Z Image Release: https://github.com/actions/runner-images/releases/tag/ubuntu24%2F20251215.174
2025-12-25T17:31:51.4600641Z ##[endgroup]
2025-12-25T17:31:51.4601583Z ##[group]GITHUB_TOKEN Permissions
2025-12-25T17:31:51.4603657Z Contents: read
2025-12-25T17:31:51.4604173Z Metadata: read
2025-12-25T17:31:51.4604657Z ##[endgroup]
2025-12-25T17:31:51.4606626Z Secret source: Actions
2025-12-25T17:31:51.4607368Z Prepare workflow directory
2025-12-25T17:31:51.4917093Z Prepare all required actions
2025-12-25T17:31:51.4953520Z Getting action download info
2025-12-25T17:31:51.9359386Z Download action repository 'actions/checkout@v6.0.1' (SHA:8e8c483db84b4bee98b60c0593521ed34d9990e8)
2025-12-25T17:31:52.0625912Z Download action repository 'actions/setup-python@v6.1.0' (SHA:83679a892e2d95755f2dac6acb0bfd1e9ac5d548)
2025-12-25T17:31:52.3196861Z Complete job name: build (3.14, ubuntu-latest)
2025-12-25T17:31:52.3859474Z ##[group]Run actions/checkout@v6.0.1
2025-12-25T17:31:52.3860309Z with:
2025-12-25T17:31:52.3860677Z   ref: scratch_chat_dev
2025-12-25T17:31:52.3861145Z   repository: Boss-1s/scratchattach
2025-12-25T17:31:52.3861782Z   token: ***
2025-12-25T17:31:52.3862155Z   ssh-strict: true
2025-12-25T17:31:52.3862535Z   ssh-user: git
2025-12-25T17:31:52.3863175Z   persist-credentials: true
2025-12-25T17:31:52.3863669Z   clean: true
2025-12-25T17:31:52.3864057Z   sparse-checkout-cone-mode: true
2025-12-25T17:31:52.3864527Z   fetch-depth: 1
2025-12-25T17:31:52.3864895Z   fetch-tags: false
2025-12-25T17:31:52.3865289Z   show-progress: true
2025-12-25T17:31:52.3865673Z   lfs: false
2025-12-25T17:31:52.3866030Z   submodules: false
2025-12-25T17:31:52.3866415Z   set-safe-directory: true
2025-12-25T17:31:52.3867119Z ##[endgroup]
2025-12-25T17:31:52.4750994Z Syncing repository: Boss-1s/scratchattach
2025-12-25T17:31:52.4753347Z ##[group]Getting Git version info
2025-12-25T17:31:52.4754190Z Working directory is '/home/runner/work/scratchattach/scratchattach'
2025-12-25T17:31:52.4755173Z [command]/usr/bin/git version
2025-12-25T17:31:52.4846249Z git version 2.52.0
2025-12-25T17:31:52.4897618Z ##[endgroup]
2025-12-25T17:31:52.4910721Z Temporarily overriding HOME='/home/runner/work/_temp/0ea2e6b1-3cfc-457d-88d6-30545f0deb5c' before making global git config changes
2025-12-25T17:31:52.4912070Z Adding repository directory to the temporary git global config as a safe directory
2025-12-25T17:31:52.4915883Z [command]/usr/bin/git config --global --add safe.directory /home/runner/work/scratchattach/scratchattach
2025-12-25T17:31:52.4956981Z Deleting the contents of '/home/runner/work/scratchattach/scratchattach'
2025-12-25T17:31:52.4960202Z ##[group]Initializing the repository
2025-12-25T17:31:52.4964955Z [command]/usr/bin/git init /home/runner/work/scratchattach/scratchattach
2025-12-25T17:31:52.5096089Z hint: Using 'master' as the name for the initial branch. This default branch name
2025-12-25T17:31:52.5097969Z hint: will change to "main" in Git 3.0. To configure the initial branch name
2025-12-25T17:31:52.5099618Z hint: to use in all of your new repositories, which will suppress this warning,
2025-12-25T17:31:52.5101415Z hint: call:
2025-12-25T17:31:52.5102016Z hint:
2025-12-25T17:31:52.5102763Z hint: 	git config --global init.defaultBranch <name>
2025-12-25T17:31:52.5104011Z hint:
2025-12-25T17:31:52.5104962Z hint: Names commonly chosen instead of 'master' are 'main', 'trunk' and
2025-12-25T17:31:52.5106516Z hint: 'development'. The just-created branch can be renamed via this command:
2025-12-25T17:31:52.5107882Z hint:
2025-12-25T17:31:52.5108552Z hint: 	git branch -m <name>
2025-12-25T17:31:52.5109336Z hint:
2025-12-25T17:31:52.5110405Z hint: Disable this message with "git config set advice.defaultBranchName false"
2025-12-25T17:31:52.5112233Z Initialized empty Git repository in /home/runner/work/scratchattach/scratchattach/.git/
2025-12-25T17:31:52.5115382Z [command]/usr/bin/git remote add origin https://github.com/Boss-1s/scratchattach
2025-12-25T17:31:52.5148733Z ##[endgroup]
2025-12-25T17:31:52.5149951Z ##[group]Disabling automatic garbage collection
2025-12-25T17:31:52.5151766Z [command]/usr/bin/git config --local gc.auto 0
2025-12-25T17:31:52.5181732Z ##[endgroup]
2025-12-25T17:31:52.5184660Z ##[group]Setting up auth
2025-12-25T17:31:52.5185508Z Removing SSH command configuration
2025-12-25T17:31:52.5190155Z [command]/usr/bin/git config --local --name-only --get-regexp core\.sshCommand
2025-12-25T17:31:52.5221157Z [command]/usr/bin/git submodule foreach --recursive sh -c "git config --local --name-only --get-regexp 'core\.sshCommand' && git config --local --unset-all 'core.sshCommand' || :"
2025-12-25T17:31:52.5646303Z Removing HTTP extra header
2025-12-25T17:31:52.5651826Z [command]/usr/bin/git config --local --name-only --get-regexp http\.https\:\/\/github\.com\/\.extraheader
2025-12-25T17:31:52.5683855Z [command]/usr/bin/git submodule foreach --recursive sh -c "git config --local --name-only --get-regexp 'http\.https\:\/\/github\.com\/\.extraheader' && git config --local --unset-all 'http.https://github.com/.extraheader' || :"
2025-12-25T17:31:52.5893051Z Removing includeIf entries pointing to credentials config files
2025-12-25T17:31:52.5898574Z [command]/usr/bin/git config --local --name-only --get-regexp ^includeIf\.gitdir:
2025-12-25T17:31:52.5928555Z [command]/usr/bin/git submodule foreach --recursive git config --local --show-origin --name-only --get-regexp remote.origin.url
2025-12-25T17:31:52.6143322Z [command]/usr/bin/git config --file /home/runner/work/_temp/git-credentials-f87eebb6-2c32-47b1-85a7-0b42e04bda98.config http.https://github.com/.extraheader AUTHORIZATION: basic ***
2025-12-25T17:31:52.6177621Z [command]/usr/bin/git config --local includeIf.gitdir:/home/runner/work/scratchattach/scratchattach/.git.path /home/runner/work/_temp/git-credentials-f87eebb6-2c32-47b1-85a7-0b42e04bda98.config
2025-12-25T17:31:52.6205861Z [command]/usr/bin/git config --local includeIf.gitdir:/home/runner/work/scratchattach/scratchattach/.git/worktrees/*.path /home/runner/work/_temp/git-credentials-f87eebb6-2c32-47b1-85a7-0b42e04bda98.config
2025-12-25T17:31:52.6234489Z [command]/usr/bin/git config --local includeIf.gitdir:/github/workspace/.git.path /github/runner_temp/git-credentials-f87eebb6-2c32-47b1-85a7-0b42e04bda98.config
2025-12-25T17:31:52.6262336Z [command]/usr/bin/git config --local includeIf.gitdir:/github/workspace/.git/worktrees/*.path /github/runner_temp/git-credentials-f87eebb6-2c32-47b1-85a7-0b42e04bda98.config
2025-12-25T17:31:52.6286778Z ##[endgroup]
2025-12-25T17:31:52.6287447Z ##[group]Fetching the repository
2025-12-25T17:31:52.6295408Z [command]/usr/bin/git -c protocol.version=2 fetch --no-tags --prune --no-recurse-submodules --depth=1 origin +refs/heads/scratch_chat_dev*:refs/remotes/origin/scratch_chat_dev* +refs/tags/scratch_chat_dev*:refs/tags/scratch_chat_dev*
2025-12-25T17:31:55.7191921Z From https://github.com/Boss-1s/scratchattach
2025-12-25T17:31:55.7193555Z  * [new branch]      scratch_chat_dev -> origin/scratch_chat_dev
2025-12-25T17:31:55.7300399Z ##[endgroup]
2025-12-25T17:31:55.7302191Z ##[group]Determining the checkout info
2025-12-25T17:31:55.7307930Z [command]/usr/bin/git branch --list --remote origin/scratch_chat_dev
2025-12-25T17:31:55.7332517Z   origin/scratch_chat_dev
2025-12-25T17:31:55.7338354Z ##[endgroup]
2025-12-25T17:31:55.7341681Z [command]/usr/bin/git sparse-checkout disable
2025-12-25T17:31:55.7387128Z [command]/usr/bin/git config --local --unset-all extensions.worktreeConfig
2025-12-25T17:31:55.7414193Z ##[group]Checking out the ref
2025-12-25T17:31:55.7417542Z [command]/usr/bin/git checkout --progress --force -B scratch_chat_dev refs/remotes/origin/scratch_chat_dev
2025-12-25T17:31:56.4097429Z Switched to a new branch 'scratch_chat_dev'
2025-12-25T17:31:56.4098547Z branch 'scratch_chat_dev' set up to track 'origin/scratch_chat_dev'.
2025-12-25T17:31:56.4158690Z ##[endgroup]
2025-12-25T17:31:56.4197529Z [command]/usr/bin/git log -1 --format=%H
2025-12-25T17:31:56.4221345Z 0ba74a38dd7486a1beced25810a0e0ffdc385f09
2025-12-25T17:31:56.4436969Z ##[group]Run actions/setup-python@v6.1.0
2025-12-25T17:31:56.4437318Z with:
2025-12-25T17:31:56.4437554Z   python-version: 3.14
2025-12-25T17:31:56.4437800Z   check-latest: false
2025-12-25T17:31:56.4438155Z   token: ***
2025-12-25T17:31:56.4438383Z   update-environment: true
2025-12-25T17:31:56.4438644Z   allow-prereleases: false
2025-12-25T17:31:56.4438911Z   freethreaded: false
2025-12-25T17:31:56.4439145Z ##[endgroup]
2025-12-25T17:31:56.5674102Z ##[group]Installed versions
2025-12-25T17:31:56.5802759Z (node:2124) [DEP0040] DeprecationWarning: The `punycode` module is deprecated. Please use a userland alternative instead.
2025-12-25T17:31:56.5803946Z (Use `node --trace-deprecation ...` to show where the warning was created)
2025-12-25T17:31:56.5804852Z Successfully set up CPython (3.14.2)
2025-12-25T17:31:56.5805473Z ##[endgroup]
2025-12-25T17:31:56.5929304Z ##[group]Run cd test
2025-12-25T17:31:56.5929650Z [36;1mcd test[0m
2025-12-25T17:31:56.5929884Z [36;1mpython3 test5.py[0m
2025-12-25T17:31:56.6141317Z shell: /usr/bin/bash -e {0}
2025-12-25T17:31:56.6141601Z env:
2025-12-25T17:31:56.6141906Z   pythonLocation: /opt/hostedtoolcache/Python/3.14.2/x64
2025-12-25T17:31:56.6142375Z   PKG_CONFIG_PATH: /opt/hostedtoolcache/Python/3.14.2/x64/lib/pkgconfig
2025-12-25T17:31:56.6142828Z   Python_ROOT_DIR: /opt/hostedtoolcache/Python/3.14.2/x64
2025-12-25T17:31:56.6143376Z   Python2_ROOT_DIR: /opt/hostedtoolcache/Python/3.14.2/x64
2025-12-25T17:31:56.6143752Z   Python3_ROOT_DIR: /opt/hostedtoolcache/Python/3.14.2/x64
2025-12-25T17:31:56.6144140Z   LD_LIBRARY_PATH: /opt/hostedtoolcache/Python/3.14.2/x64/lib
2025-12-25T17:31:56.6144466Z ##[endgroup]
2025-12-25T17:31:57.2477525Z Traceback (most recent call last):
2025-12-25T17:31:57.2486542Z   File "/home/runner/work/scratchattach/scratchattach/test/test5.py", line 8, in <module>
2025-12-25T17:31:57.2487228Z     from key_multivalue_storage import Storage as s
2025-12-25T17:31:57.2487800Z   File "/home/runner/work/scratchattach/scratchattach/key_multivalue_storage.py", line 214
2025-12-25T17:31:57.2488274Z     if ".json" not in file_path:
2025-12-25T17:31:57.2488628Z TabError: inconsistent use of tabs and spaces in indentation
2025-12-25T17:31:57.2551193Z ##[error]Process completed with exit code 1.
2025-12-25T17:31:57.2650938Z Post job cleanup.
2025-12-25T17:31:57.3499231Z [command]/usr/bin/git version
2025-12-25T17:31:57.3533435Z git version 2.52.0
2025-12-25T17:31:57.3570124Z Temporarily overriding HOME='/home/runner/work/_temp/b4716fcd-973c-4c1c-bd63-fa8aa4a159c0' before making global git config changes
2025-12-25T17:31:57.3571634Z Adding repository directory to the temporary git global config as a safe directory
2025-12-25T17:31:57.3576350Z [command]/usr/bin/git config --global --add safe.directory /home/runner/work/scratchattach/scratchattach
2025-12-25T17:31:57.3605212Z Removing SSH command configuration
2025-12-25T17:31:57.3611252Z [command]/usr/bin/git config --local --name-only --get-regexp core\.sshCommand
2025-12-25T17:31:57.3643829Z [command]/usr/bin/git submodule foreach --recursive sh -c "git config --local --name-only --get-regexp 'core\.sshCommand' && git config --local --unset-all 'core.sshCommand' || :"
2025-12-25T17:31:57.3873620Z Removing HTTP extra header
2025-12-25T17:31:57.3878758Z [command]/usr/bin/git config --local --name-only --get-regexp http\.https\:\/\/github\.com\/\.extraheader
2025-12-25T17:31:57.3910486Z [command]/usr/bin/git submodule foreach --recursive sh -c "git config --local --name-only --get-regexp 'http\.https\:\/\/github\.com\/\.extraheader' && git config --local --unset-all 'http.https://github.com/.extraheader' || :"
2025-12-25T17:31:57.4131585Z Removing includeIf entries pointing to credentials config files
2025-12-25T17:31:57.4137963Z [command]/usr/bin/git config --local --name-only --get-regexp ^includeIf\.gitdir:
2025-12-25T17:31:57.4159751Z includeif.gitdir:/home/runner/work/scratchattach/scratchattach/.git.path
2025-12-25T17:31:57.4160709Z includeif.gitdir:/home/runner/work/scratchattach/scratchattach/.git/worktrees/*.path
2025-12-25T17:31:57.4161618Z includeif.gitdir:/github/workspace/.git.path
2025-12-25T17:31:57.4162357Z includeif.gitdir:/github/workspace/.git/worktrees/*.path
2025-12-25T17:31:57.4169905Z [command]/usr/bin/git config --local --get-all includeif.gitdir:/home/runner/work/scratchattach/scratchattach/.git.path
2025-12-25T17:31:57.4190327Z /home/runner/work/_temp/git-credentials-f87eebb6-2c32-47b1-85a7-0b42e04bda98.config
2025-12-25T17:31:57.4199877Z [command]/usr/bin/git config --local --unset includeif.gitdir:/home/runner/work/scratchattach/scratchattach/.git.path /home/runner/work/_temp/git-credentials-f87eebb6-2c32-47b1-85a7-0b42e04bda98.config
2025-12-25T17:31:57.4232111Z [command]/usr/bin/git config --local --get-all includeif.gitdir:/home/runner/work/scratchattach/scratchattach/.git/worktrees/*.path
2025-12-25T17:31:57.4253601Z /home/runner/work/_temp/git-credentials-f87eebb6-2c32-47b1-85a7-0b42e04bda98.config
2025-12-25T17:31:57.4264226Z [command]/usr/bin/git config --local --unset includeif.gitdir:/home/runner/work/scratchattach/scratchattach/.git/worktrees/*.path /home/runner/work/_temp/git-credentials-f87eebb6-2c32-47b1-85a7-0b42e04bda98.config
2025-12-25T17:31:57.4295113Z [command]/usr/bin/git config --local --get-all includeif.gitdir:/github/workspace/.git.path
2025-12-25T17:31:57.4315430Z /github/runner_temp/git-credentials-f87eebb6-2c32-47b1-85a7-0b42e04bda98.config
2025-12-25T17:31:57.4323268Z [command]/usr/bin/git config --local --unset includeif.gitdir:/github/workspace/.git.path /github/runner_temp/git-credentials-f87eebb6-2c32-47b1-85a7-0b42e04bda98.config
2025-12-25T17:31:57.4352269Z [command]/usr/bin/git config --local --get-all includeif.gitdir:/github/workspace/.git/worktrees/*.path
2025-12-25T17:31:57.4371900Z /github/runner_temp/git-credentials-f87eebb6-2c32-47b1-85a7-0b42e04bda98.config
2025-12-25T17:31:57.4380585Z [command]/usr/bin/git config --local --unset includeif.gitdir:/github/workspace/.git/worktrees/*.path /github/runner_temp/git-credentials-f87eebb6-2c32-47b1-85a7-0b42e04bda98.config
2025-12-25T17:31:57.4410546Z [command]/usr/bin/git submodule foreach --recursive git config --local --show-origin --name-only --get-regexp remote.origin.url
2025-12-25T17:31:57.4634424Z Removing credentials config '/home/runner/work/_temp/git-credentials-f87eebb6-2c32-47b1-85a7-0b42e04bda98.config'
2025-12-25T17:31:57.4755088Z Cleaning up orphan processes
