2025-12-31T15:46:40.9190938Z Current runner version: '2.330.0'
2025-12-31T15:46:40.9213736Z ##[group]Runner Image Provisioner
2025-12-31T15:46:40.9214756Z Hosted Compute Agent
2025-12-31T15:46:40.9215390Z Version: 20251211.462
2025-12-31T15:46:40.9215982Z Commit: 6cbad8c2bb55d58165063d031ccabf57e2d2db61
2025-12-31T15:46:40.9216670Z Build Date: 2025-12-11T16:28:49Z
2025-12-31T15:46:40.9217316Z Worker ID: {74481fe2-d32b-4e25-a5dc-43d8d2a9409b}
2025-12-31T15:46:40.9218037Z ##[endgroup]
2025-12-31T15:46:40.9218517Z ##[group]Operating System
2025-12-31T15:46:40.9219110Z Ubuntu
2025-12-31T15:46:40.9219603Z 24.04.3
2025-12-31T15:46:40.9220015Z LTS
2025-12-31T15:46:40.9220493Z ##[endgroup]
2025-12-31T15:46:40.9221002Z ##[group]Runner Image
2025-12-31T15:46:40.9221540Z Image: ubuntu-24.04
2025-12-31T15:46:40.9221995Z Version: 20251215.174.1
2025-12-31T15:46:40.9223085Z Included Software: https://github.com/actions/runner-images/blob/ubuntu24/20251215.174/images/ubuntu/Ubuntu2404-Readme.md
2025-12-31T15:46:40.9224977Z Image Release: https://github.com/actions/runner-images/releases/tag/ubuntu24%2F20251215.174
2025-12-31T15:46:40.9226058Z ##[endgroup]
2025-12-31T15:46:40.9227011Z ##[group]GITHUB_TOKEN Permissions
2025-12-31T15:46:40.9228792Z Contents: read
2025-12-31T15:46:40.9229337Z Metadata: read
2025-12-31T15:46:40.9229787Z ##[endgroup]
2025-12-31T15:46:40.9231842Z Secret source: Actions
2025-12-31T15:46:40.9232520Z Prepare workflow directory
2025-12-31T15:46:40.9542230Z Prepare all required actions
2025-12-31T15:46:40.9578589Z Getting action download info
2025-12-31T15:46:41.3865654Z Download action repository 'actions/checkout@v6.0.1' (SHA:8e8c483db84b4bee98b60c0593521ed34d9990e8)
2025-12-31T15:46:41.4896720Z Download action repository 'actions/setup-python@v6.1.0' (SHA:83679a892e2d95755f2dac6acb0bfd1e9ac5d548)
2025-12-31T15:46:41.7017590Z Complete job name: build (3.14, ubuntu-latest)
2025-12-31T15:46:41.7689825Z ##[group]Run actions/checkout@v6.0.1
2025-12-31T15:46:41.7690771Z with:
2025-12-31T15:46:41.7691151Z   ref: scratch_chat_dev
2025-12-31T15:46:41.7691626Z   repository: Boss-1s/scratchattach
2025-12-31T15:46:41.7692362Z   token: ***
2025-12-31T15:46:41.7692739Z   ssh-strict: true
2025-12-31T15:46:41.7693110Z   ssh-user: git
2025-12-31T15:46:41.7693502Z   persist-credentials: true
2025-12-31T15:46:41.7694183Z   clean: true
2025-12-31T15:46:41.7694573Z   sparse-checkout-cone-mode: true
2025-12-31T15:46:41.7695042Z   fetch-depth: 1
2025-12-31T15:46:41.7695422Z   fetch-tags: false
2025-12-31T15:46:41.7695804Z   show-progress: true
2025-12-31T15:46:41.7696223Z   lfs: false
2025-12-31T15:46:41.7696581Z   submodules: false
2025-12-31T15:46:41.7696978Z   set-safe-directory: true
2025-12-31T15:46:41.7697684Z ##[endgroup]
2025-12-31T15:46:41.8611771Z Syncing repository: Boss-1s/scratchattach
2025-12-31T15:46:41.8613441Z ##[group]Getting Git version info
2025-12-31T15:46:41.8614567Z Working directory is '/home/runner/work/scratchattach/scratchattach'
2025-12-31T15:46:41.8615616Z [command]/usr/bin/git version
2025-12-31T15:46:41.8691457Z git version 2.52.0
2025-12-31T15:46:41.8743646Z ##[endgroup]
2025-12-31T15:46:41.8758630Z Temporarily overriding HOME='/home/runner/work/_temp/3cb48bb8-3e53-4804-ac11-b651049c79e8' before making global git config changes
2025-12-31T15:46:41.8760545Z Adding repository directory to the temporary git global config as a safe directory
2025-12-31T15:46:41.8763678Z [command]/usr/bin/git config --global --add safe.directory /home/runner/work/scratchattach/scratchattach
2025-12-31T15:46:41.8807113Z Deleting the contents of '/home/runner/work/scratchattach/scratchattach'
2025-12-31T15:46:41.8810472Z ##[group]Initializing the repository
2025-12-31T15:46:41.8815222Z [command]/usr/bin/git init /home/runner/work/scratchattach/scratchattach
2025-12-31T15:46:41.8922436Z hint: Using 'master' as the name for the initial branch. This default branch name
2025-12-31T15:46:41.8924375Z hint: will change to "main" in Git 3.0. To configure the initial branch name
2025-12-31T15:46:41.8926012Z hint: to use in all of your new repositories, which will suppress this warning,
2025-12-31T15:46:41.8927619Z hint: call:
2025-12-31T15:46:41.8928448Z hint:
2025-12-31T15:46:41.8929299Z hint: 	git config --global init.defaultBranch <name>
2025-12-31T15:46:41.8930372Z hint:
2025-12-31T15:46:41.8931455Z hint: Names commonly chosen instead of 'master' are 'main', 'trunk' and
2025-12-31T15:46:41.8933237Z hint: 'development'. The just-created branch can be renamed via this command:
2025-12-31T15:46:41.8934816Z hint:
2025-12-31T15:46:41.8935522Z hint: 	git branch -m <name>
2025-12-31T15:46:41.8936321Z hint:
2025-12-31T15:46:41.8937399Z hint: Disable this message with "git config set advice.defaultBranchName false"
2025-12-31T15:46:41.8939244Z Initialized empty Git repository in /home/runner/work/scratchattach/scratchattach/.git/
2025-12-31T15:46:41.8942268Z [command]/usr/bin/git remote add origin https://github.com/Boss-1s/scratchattach
2025-12-31T15:46:41.8978072Z ##[endgroup]
2025-12-31T15:46:41.8979463Z ##[group]Disabling automatic garbage collection
2025-12-31T15:46:41.8982429Z [command]/usr/bin/git config --local gc.auto 0
2025-12-31T15:46:41.9013036Z ##[endgroup]
2025-12-31T15:46:41.9014471Z ##[group]Setting up auth
2025-12-31T15:46:41.9015423Z Removing SSH command configuration
2025-12-31T15:46:41.9021756Z [command]/usr/bin/git config --local --name-only --get-regexp core\.sshCommand
2025-12-31T15:46:41.9053532Z [command]/usr/bin/git submodule foreach --recursive sh -c "git config --local --name-only --get-regexp 'core\.sshCommand' && git config --local --unset-all 'core.sshCommand' || :"
2025-12-31T15:46:41.9378334Z Removing HTTP extra header
2025-12-31T15:46:41.9384213Z [command]/usr/bin/git config --local --name-only --get-regexp http\.https\:\/\/github\.com\/\.extraheader
2025-12-31T15:46:41.9413737Z [command]/usr/bin/git submodule foreach --recursive sh -c "git config --local --name-only --get-regexp 'http\.https\:\/\/github\.com\/\.extraheader' && git config --local --unset-all 'http.https://github.com/.extraheader' || :"
2025-12-31T15:46:41.9623401Z Removing includeIf entries pointing to credentials config files
2025-12-31T15:46:41.9629744Z [command]/usr/bin/git config --local --name-only --get-regexp ^includeIf\.gitdir:
2025-12-31T15:46:41.9659549Z [command]/usr/bin/git submodule foreach --recursive git config --local --show-origin --name-only --get-regexp remote.origin.url
2025-12-31T15:46:41.9886936Z [command]/usr/bin/git config --file /home/runner/work/_temp/git-credentials-3822cf58-0722-48a0-9193-d89ab3c7df78.config http.https://github.com/.extraheader AUTHORIZATION: basic ***
2025-12-31T15:46:41.9925636Z [command]/usr/bin/git config --local includeIf.gitdir:/home/runner/work/scratchattach/scratchattach/.git.path /home/runner/work/_temp/git-credentials-3822cf58-0722-48a0-9193-d89ab3c7df78.config
2025-12-31T15:46:41.9956356Z [command]/usr/bin/git config --local includeIf.gitdir:/home/runner/work/scratchattach/scratchattach/.git/worktrees/*.path /home/runner/work/_temp/git-credentials-3822cf58-0722-48a0-9193-d89ab3c7df78.config
2025-12-31T15:46:41.9988750Z [command]/usr/bin/git config --local includeIf.gitdir:/github/workspace/.git.path /github/runner_temp/git-credentials-3822cf58-0722-48a0-9193-d89ab3c7df78.config
2025-12-31T15:46:42.0025499Z [command]/usr/bin/git config --local includeIf.gitdir:/github/workspace/.git/worktrees/*.path /github/runner_temp/git-credentials-3822cf58-0722-48a0-9193-d89ab3c7df78.config
2025-12-31T15:46:42.0052510Z ##[endgroup]
2025-12-31T15:46:42.0054005Z ##[group]Fetching the repository
2025-12-31T15:46:42.0062526Z [command]/usr/bin/git -c protocol.version=2 fetch --no-tags --prune --no-recurse-submodules --depth=1 origin +refs/heads/scratch_chat_dev*:refs/remotes/origin/scratch_chat_dev* +refs/tags/scratch_chat_dev*:refs/tags/scratch_chat_dev*
2025-12-31T15:46:44.8471171Z From https://github.com/Boss-1s/scratchattach
2025-12-31T15:46:44.8472817Z  * [new branch]      scratch_chat_dev -> origin/scratch_chat_dev
2025-12-31T15:46:44.8507497Z ##[endgroup]
2025-12-31T15:46:44.8508742Z ##[group]Determining the checkout info
2025-12-31T15:46:44.8516769Z [command]/usr/bin/git branch --list --remote origin/scratch_chat_dev
2025-12-31T15:46:44.8550782Z   origin/scratch_chat_dev
2025-12-31T15:46:44.8556886Z ##[endgroup]
2025-12-31T15:46:44.8563047Z [command]/usr/bin/git sparse-checkout disable
2025-12-31T15:46:44.8612182Z [command]/usr/bin/git config --local --unset-all extensions.worktreeConfig
2025-12-31T15:46:44.8642578Z ##[group]Checking out the ref
2025-12-31T15:46:44.8648196Z [command]/usr/bin/git checkout --progress --force -B scratch_chat_dev refs/remotes/origin/scratch_chat_dev
2025-12-31T15:46:45.5538751Z Switched to a new branch 'scratch_chat_dev'
2025-12-31T15:46:45.5539639Z branch 'scratch_chat_dev' set up to track 'origin/scratch_chat_dev'.
2025-12-31T15:46:45.5616084Z ##[endgroup]
2025-12-31T15:46:45.5661259Z [command]/usr/bin/git log -1 --format=%H
2025-12-31T15:46:45.5686040Z 024069c85aed8c1108645d8c8d0db417da117aa1
2025-12-31T15:46:45.5906407Z ##[group]Run actions/setup-python@v6.1.0
2025-12-31T15:46:45.5906755Z with:
2025-12-31T15:46:45.5906991Z   python-version: 3.14
2025-12-31T15:46:45.5907243Z   check-latest: false
2025-12-31T15:46:45.5907611Z   token: ***
2025-12-31T15:46:45.5907836Z   update-environment: true
2025-12-31T15:46:45.5908090Z   allow-prereleases: false
2025-12-31T15:46:45.5908339Z   freethreaded: false
2025-12-31T15:46:45.5908565Z ##[endgroup]
2025-12-31T15:46:45.7187414Z ##[group]Installed versions
2025-12-31T15:46:45.7298853Z (node:2169) [DEP0040] DeprecationWarning: The `punycode` module is deprecated. Please use a userland alternative instead.
2025-12-31T15:46:45.7299749Z (Use `node --trace-deprecation ...` to show where the warning was created)
2025-12-31T15:46:45.7300424Z Successfully set up CPython (3.14.2)
2025-12-31T15:46:45.7301864Z ##[endgroup]
2025-12-31T15:46:45.7429858Z ##[group]Run cd test
2025-12-31T15:46:45.7430223Z [36;1mcd test[0m
2025-12-31T15:46:45.7430468Z [36;1mpython3 o_test1.py[0m
2025-12-31T15:46:45.7511757Z shell: /usr/bin/bash -e {0}
2025-12-31T15:46:45.7512064Z env:
2025-12-31T15:46:45.7512388Z   pythonLocation: /opt/hostedtoolcache/Python/3.14.2/x64
2025-12-31T15:46:45.7512837Z   PKG_CONFIG_PATH: /opt/hostedtoolcache/Python/3.14.2/x64/lib/pkgconfig
2025-12-31T15:46:45.7513293Z   Python_ROOT_DIR: /opt/hostedtoolcache/Python/3.14.2/x64
2025-12-31T15:46:45.7513684Z   Python2_ROOT_DIR: /opt/hostedtoolcache/Python/3.14.2/x64
2025-12-31T15:46:45.7514300Z   Python3_ROOT_DIR: /opt/hostedtoolcache/Python/3.14.2/x64
2025-12-31T15:46:45.7514690Z   LD_LIBRARY_PATH: /opt/hostedtoolcache/Python/3.14.2/x64/lib
2025-12-31T15:46:45.7515055Z ##[endgroup]
2025-12-31T15:46:46.1946267Z File otest.json not found. Creating a new one.
2025-12-31T15:46:46.1953195Z Data for key test_top_level_key stored successfully in otest.json.
2025-12-31T15:46:46.1955987Z File 'otest.json' not found. Creating a new one.
2025-12-31T15:46:46.1956672Z Data for key 'test_top_level_key' stored successfully in 'otest.json'.
2025-12-31T15:46:46.1957578Z Sucessfully added values ['val1', 'skibidi toilet'] to subkeys ['sk1', 'sk2'], respectively.
2025-12-31T15:46:46.1958518Z Traceback (most recent call last):
2025-12-31T15:46:46.1968535Z   File "/home/runner/work/scratchattach/scratchattach/test/o_test1.py", line 76, in <module>
2025-12-31T15:46:46.1969533Z     assert db_get_keys("otest.json") == "test_top_level_key", "failed at debug point 1"
2025-12-31T15:46:46.1970114Z            ^^^^^^^^^^^^^^^^^^^^^^^^^^^^^^^^^^^^^^^^^^^^^^^^^
2025-12-31T15:46:46.1970536Z AssertionError: failed at debug point 1
2025-12-31T15:46:46.2064191Z ##[error]Process completed with exit code 1.
2025-12-31T15:46:46.2181098Z Post job cleanup.
2025-12-31T15:46:46.2952878Z [command]/usr/bin/git version
2025-12-31T15:46:46.3021719Z git version 2.52.0
2025-12-31T15:46:46.3117727Z Temporarily overriding HOME='/home/runner/work/_temp/0ce3c8f8-6670-42fc-a0d5-765c6e84ff6c' before making global git config changes
2025-12-31T15:46:46.3118930Z Adding repository directory to the temporary git global config as a safe directory
2025-12-31T15:46:46.3119928Z [command]/usr/bin/git config --global --add safe.directory /home/runner/work/scratchattach/scratchattach
2025-12-31T15:46:46.3121655Z Removing SSH command configuration
2025-12-31T15:46:46.3122308Z [command]/usr/bin/git config --local --name-only --get-regexp core\.sshCommand
2025-12-31T15:46:46.3144276Z [command]/usr/bin/git submodule foreach --recursive sh -c "git config --local --name-only --get-regexp 'core\.sshCommand' && git config --local --unset-all 'core.sshCommand' || :"
2025-12-31T15:46:46.3378047Z Removing HTTP extra header
2025-12-31T15:46:46.3383430Z [command]/usr/bin/git config --local --name-only --get-regexp http\.https\:\/\/github\.com\/\.extraheader
2025-12-31T15:46:46.3416916Z [command]/usr/bin/git submodule foreach --recursive sh -c "git config --local --name-only --get-regexp 'http\.https\:\/\/github\.com\/\.extraheader' && git config --local --unset-all 'http.https://github.com/.extraheader' || :"
2025-12-31T15:46:46.3642580Z Removing includeIf entries pointing to credentials config files
2025-12-31T15:46:46.3649084Z [command]/usr/bin/git config --local --name-only --get-regexp ^includeIf\.gitdir:
2025-12-31T15:46:46.3671199Z includeif.gitdir:/home/runner/work/scratchattach/scratchattach/.git.path
2025-12-31T15:46:46.3672093Z includeif.gitdir:/home/runner/work/scratchattach/scratchattach/.git/worktrees/*.path
2025-12-31T15:46:46.3672579Z includeif.gitdir:/github/workspace/.git.path
2025-12-31T15:46:46.3673122Z includeif.gitdir:/github/workspace/.git/worktrees/*.path
2025-12-31T15:46:46.3680872Z [command]/usr/bin/git config --local --get-all includeif.gitdir:/home/runner/work/scratchattach/scratchattach/.git.path
2025-12-31T15:46:46.3702466Z /home/runner/work/_temp/git-credentials-3822cf58-0722-48a0-9193-d89ab3c7df78.config
2025-12-31T15:46:46.3713624Z [command]/usr/bin/git config --local --unset includeif.gitdir:/home/runner/work/scratchattach/scratchattach/.git.path /home/runner/work/_temp/git-credentials-3822cf58-0722-48a0-9193-d89ab3c7df78.config
2025-12-31T15:46:46.3747114Z [command]/usr/bin/git config --local --get-all includeif.gitdir:/home/runner/work/scratchattach/scratchattach/.git/worktrees/*.path
2025-12-31T15:46:46.3769089Z /home/runner/work/_temp/git-credentials-3822cf58-0722-48a0-9193-d89ab3c7df78.config
2025-12-31T15:46:46.3777961Z [command]/usr/bin/git config --local --unset includeif.gitdir:/home/runner/work/scratchattach/scratchattach/.git/worktrees/*.path /home/runner/work/_temp/git-credentials-3822cf58-0722-48a0-9193-d89ab3c7df78.config
2025-12-31T15:46:46.3808316Z [command]/usr/bin/git config --local --get-all includeif.gitdir:/github/workspace/.git.path
2025-12-31T15:46:46.3828430Z /github/runner_temp/git-credentials-3822cf58-0722-48a0-9193-d89ab3c7df78.config
2025-12-31T15:46:46.3837244Z [command]/usr/bin/git config --local --unset includeif.gitdir:/github/workspace/.git.path /github/runner_temp/git-credentials-3822cf58-0722-48a0-9193-d89ab3c7df78.config
2025-12-31T15:46:46.3867560Z [command]/usr/bin/git config --local --get-all includeif.gitdir:/github/workspace/.git/worktrees/*.path
2025-12-31T15:46:46.3887854Z /github/runner_temp/git-credentials-3822cf58-0722-48a0-9193-d89ab3c7df78.config
2025-12-31T15:46:46.3897801Z [command]/usr/bin/git config --local --unset includeif.gitdir:/github/workspace/.git/worktrees/*.path /github/runner_temp/git-credentials-3822cf58-0722-48a0-9193-d89ab3c7df78.config
2025-12-31T15:46:46.3929115Z [command]/usr/bin/git submodule foreach --recursive git config --local --show-origin --name-only --get-regexp remote.origin.url
2025-12-31T15:46:46.4150235Z Removing credentials config '/home/runner/work/_temp/git-credentials-3822cf58-0722-48a0-9193-d89ab3c7df78.config'
2025-12-31T15:46:46.4268585Z Cleaning up orphan processes
