2025-09-29T03:04:44.2706039Z Current runner version: '2.328.0'
2025-09-29T03:04:44.2730714Z ##[group]Runner Image Provisioner
2025-09-29T03:04:44.2731516Z Hosted Compute Agent
2025-09-29T03:04:44.2732082Z Version: 20250912.392
2025-09-29T03:04:44.2732758Z Commit: d921fda672a98b64f4f82364647e2f10b2267d0b
2025-09-29T03:04:44.2733423Z Build Date: 2025-09-12T15:23:14Z
2025-09-29T03:04:44.2734059Z ##[endgroup]
2025-09-29T03:04:44.2734659Z ##[group]Operating System
2025-09-29T03:04:44.2735204Z Ubuntu
2025-09-29T03:04:44.2735689Z 24.04.3
2025-09-29T03:04:44.2736166Z LTS
2025-09-29T03:04:44.2736662Z ##[endgroup]
2025-09-29T03:04:44.2737393Z ##[group]Runner Image
2025-09-29T03:04:44.2737981Z Image: ubuntu-24.04
2025-09-29T03:04:44.2738522Z Version: 20250922.53.1
2025-09-29T03:04:44.2739549Z Included Software: https://github.com/actions/runner-images/blob/ubuntu24/20250922.53/images/ubuntu/Ubuntu2404-Readme.md
2025-09-29T03:04:44.2741182Z Image Release: https://github.com/actions/runner-images/releases/tag/ubuntu24%2F20250922.53
2025-09-29T03:04:44.2742193Z ##[endgroup]
2025-09-29T03:04:44.2743238Z ##[group]GITHUB_TOKEN Permissions
2025-09-29T03:04:44.2745066Z Contents: write
2025-09-29T03:04:44.2745695Z Metadata: read
2025-09-29T03:04:44.2746221Z ##[endgroup]
2025-09-29T03:04:44.2748933Z Secret source: Actions
2025-09-29T03:04:44.2749924Z Prepare workflow directory
2025-09-29T03:04:44.3075317Z Prepare all required actions
2025-09-29T03:04:44.3113202Z Getting action download info
2025-09-29T03:04:44.7856702Z Download action repository 'actions/checkout@v5.0.0' (SHA:08c6903cd8c0fde910a37f88322edcfb5dd907a8)
2025-09-29T03:04:44.9214835Z Download action repository 'actions/setup-python@v6.0.0' (SHA:e797f83bcb11b83ae66e0230d6156d7c80228e7c)
2025-09-29T03:04:45.4778428Z Download action repository 'bossOfCode/install-scratchattach@v1.0.3' (SHA:be17a7cf1ecb5a7040eb42ef26c2e1fbe72bb25a)
2025-09-29T03:04:46.0357451Z Complete job name: Run Prioritzing Handler
2025-09-29T03:04:46.1165171Z ##[group]Run actions/checkout@v5.0.0
2025-09-29T03:04:46.1166580Z with:
2025-09-29T03:04:46.1167583Z   ref: main
2025-09-29T03:04:46.1168364Z   repository: Boss-1s/scratchattach
2025-09-29T03:04:46.1169658Z   token: ***
2025-09-29T03:04:46.1170421Z   ssh-strict: true
2025-09-29T03:04:46.1171197Z   ssh-user: git
2025-09-29T03:04:46.1172007Z   persist-credentials: true
2025-09-29T03:04:46.1172898Z   clean: true
2025-09-29T03:04:46.1173691Z   sparse-checkout-cone-mode: true
2025-09-29T03:04:46.1174674Z   fetch-depth: 1
2025-09-29T03:04:46.1175443Z   fetch-tags: false
2025-09-29T03:04:46.1176273Z   show-progress: true
2025-09-29T03:04:46.1177402Z   lfs: false
2025-09-29T03:04:46.1178175Z   submodules: false
2025-09-29T03:04:46.1178992Z   set-safe-directory: true
2025-09-29T03:04:46.1180213Z ##[endgroup]
2025-09-29T03:04:46.2159232Z Syncing repository: Boss-1s/scratchattach
2025-09-29T03:04:46.2161911Z ##[group]Getting Git version info
2025-09-29T03:04:46.2163493Z Working directory is '/home/runner/work/scratchattach/scratchattach'
2025-09-29T03:04:46.2165574Z [command]/usr/bin/git version
2025-09-29T03:04:46.2209994Z git version 2.51.0
2025-09-29T03:04:46.2232821Z ##[endgroup]
2025-09-29T03:04:46.2249625Z Temporarily overriding HOME='/home/runner/work/_temp/195f3f79-4131-4095-ae76-ea1a2d807c5c' before making global git config changes
2025-09-29T03:04:46.2254455Z Adding repository directory to the temporary git global config as a safe directory
2025-09-29T03:04:46.2258593Z [command]/usr/bin/git config --global --add safe.directory /home/runner/work/scratchattach/scratchattach
2025-09-29T03:04:46.2295266Z Deleting the contents of '/home/runner/work/scratchattach/scratchattach'
2025-09-29T03:04:46.2299133Z ##[group]Initializing the repository
2025-09-29T03:04:46.2304315Z [command]/usr/bin/git init /home/runner/work/scratchattach/scratchattach
2025-09-29T03:04:46.2559112Z hint: Using 'master' as the name for the initial branch. This default branch name
2025-09-29T03:04:46.2562393Z hint: is subject to change. To configure the initial branch name to use in all
2025-09-29T03:04:46.2565117Z hint: of your new repositories, which will suppress this warning, call:
2025-09-29T03:04:46.2567432Z hint:
2025-09-29T03:04:46.2568569Z hint: 	git config --global init.defaultBranch <name>
2025-09-29T03:04:46.2570095Z hint:
2025-09-29T03:04:46.2571411Z hint: Names commonly chosen instead of 'master' are 'main', 'trunk' and
2025-09-29T03:04:46.2573143Z hint: 'development'. The just-created branch can be renamed via this command:
2025-09-29T03:04:46.2574765Z hint:
2025-09-29T03:04:46.2575782Z hint: 	git branch -m <name>
2025-09-29T03:04:46.2576646Z hint:
2025-09-29T03:04:46.2578133Z hint: Disable this message with "git config set advice.defaultBranchName false"
2025-09-29T03:04:46.2580198Z Initialized empty Git repository in /home/runner/work/scratchattach/scratchattach/.git/
2025-09-29T03:04:46.2583420Z [command]/usr/bin/git remote add origin https://github.com/Boss-1s/scratchattach
2025-09-29T03:04:46.2618271Z ##[endgroup]
2025-09-29T03:04:46.2619849Z ##[group]Disabling automatic garbage collection
2025-09-29T03:04:46.2621511Z [command]/usr/bin/git config --local gc.auto 0
2025-09-29T03:04:46.2652478Z ##[endgroup]
2025-09-29T03:04:46.2654757Z ##[group]Setting up auth
2025-09-29T03:04:46.2660147Z [command]/usr/bin/git config --local --name-only --get-regexp core\.sshCommand
2025-09-29T03:04:46.2694241Z [command]/usr/bin/git submodule foreach --recursive sh -c "git config --local --name-only --get-regexp 'core\.sshCommand' && git config --local --unset-all 'core.sshCommand' || :"
2025-09-29T03:04:46.3025386Z [command]/usr/bin/git config --local --name-only --get-regexp http\.https\:\/\/github\.com\/\.extraheader
2025-09-29T03:04:46.3056204Z [command]/usr/bin/git submodule foreach --recursive sh -c "git config --local --name-only --get-regexp 'http\.https\:\/\/github\.com\/\.extraheader' && git config --local --unset-all 'http.https://github.com/.extraheader' || :"
2025-09-29T03:04:46.3325212Z [command]/usr/bin/git config --local http.https://github.com/.extraheader AUTHORIZATION: basic ***
2025-09-29T03:04:46.3366757Z ##[endgroup]
2025-09-29T03:04:46.3368539Z ##[group]Fetching the repository
2025-09-29T03:04:46.3380185Z [command]/usr/bin/git -c protocol.version=2 fetch --no-tags --prune --no-recurse-submodules --depth=1 origin +refs/heads/main*:refs/remotes/origin/main* +refs/tags/main*:refs/tags/main*
2025-09-29T03:04:47.5787357Z From https://github.com/Boss-1s/scratchattach
2025-09-29T03:04:47.5790784Z  * [new branch]      main       -> origin/main
2025-09-29T03:04:47.5820018Z ##[endgroup]
2025-09-29T03:04:47.5820645Z ##[group]Determining the checkout info
2025-09-29T03:04:47.5826771Z [command]/usr/bin/git branch --list --remote origin/main
2025-09-29T03:04:47.5850400Z   origin/main
2025-09-29T03:04:47.5854870Z ##[endgroup]
2025-09-29T03:04:47.5859305Z [command]/usr/bin/git sparse-checkout disable
2025-09-29T03:04:47.5898739Z [command]/usr/bin/git config --local --unset-all extensions.worktreeConfig
2025-09-29T03:04:47.5924842Z ##[group]Checking out the ref
2025-09-29T03:04:47.5929039Z [command]/usr/bin/git checkout --progress --force -B main refs/remotes/origin/main
2025-09-29T03:04:47.7298955Z Switched to a new branch 'main'
2025-09-29T03:04:47.7300022Z branch 'main' set up to track 'origin/main'.
2025-09-29T03:04:47.7319641Z ##[endgroup]
2025-09-29T03:04:47.7358548Z [command]/usr/bin/git log -1 --format=%H
2025-09-29T03:04:47.7382126Z 2e59a4c38496d92e7c2a40f03f38f3dcd98ab624
2025-09-29T03:04:47.7620300Z ##[group]Run actions/setup-python@v6.0.0
2025-09-29T03:04:47.7620727Z with:
2025-09-29T03:04:47.7620991Z   python-version: 3.13
2025-09-29T03:04:47.7621301Z   check-latest: false
2025-09-29T03:04:47.7621734Z   token: ***
2025-09-29T03:04:47.7622006Z   update-environment: true
2025-09-29T03:04:47.7622330Z   allow-prereleases: false
2025-09-29T03:04:47.7622645Z   freethreaded: false
2025-09-29T03:04:47.7622918Z ##[endgroup]
2025-09-29T03:04:47.8891179Z ##[group]Installed versions
2025-09-29T03:04:47.8985610Z (node:2059) [DEP0040] DeprecationWarning: The `punycode` module is deprecated. Please use a userland alternative instead.
2025-09-29T03:04:47.8987919Z (Use `node --trace-deprecation ...` to show where the warning was created)
2025-09-29T03:04:47.8988790Z Successfully set up CPython (3.13.7)
2025-09-29T03:04:47.8989743Z ##[endgroup]
2025-09-29T03:04:47.9134186Z ##[group]Run bossOfCode/install-scratchattach@v1.0.3
2025-09-29T03:04:47.9134628Z env:
2025-09-29T03:04:47.9134960Z   pythonLocation: /opt/hostedtoolcache/Python/3.13.7/x64
2025-09-29T03:04:47.9135491Z   PKG_CONFIG_PATH: /opt/hostedtoolcache/Python/3.13.7/x64/lib/pkgconfig
2025-09-29T03:04:47.9135999Z   Python_ROOT_DIR: /opt/hostedtoolcache/Python/3.13.7/x64
2025-09-29T03:04:47.9136448Z   Python2_ROOT_DIR: /opt/hostedtoolcache/Python/3.13.7/x64
2025-09-29T03:04:47.9137117Z   Python3_ROOT_DIR: /opt/hostedtoolcache/Python/3.13.7/x64
2025-09-29T03:04:47.9137599Z   LD_LIBRARY_PATH: /opt/hostedtoolcache/Python/3.13.7/x64/lib
2025-09-29T03:04:47.9137983Z ##[endgroup]
2025-09-29T03:04:47.9219122Z ##[group]Run python3 -m pip install --upgrade pip
2025-09-29T03:04:47.9219645Z [36;1mpython3 -m pip install --upgrade pip[0m
2025-09-29T03:04:47.9271372Z shell: /usr/bin/bash --noprofile --norc -e -o pipefail {0}
2025-09-29T03:04:47.9271820Z env:
2025-09-29T03:04:47.9272198Z   pythonLocation: /opt/hostedtoolcache/Python/3.13.7/x64
2025-09-29T03:04:47.9272732Z   PKG_CONFIG_PATH: /opt/hostedtoolcache/Python/3.13.7/x64/lib/pkgconfig
2025-09-29T03:04:47.9273232Z   Python_ROOT_DIR: /opt/hostedtoolcache/Python/3.13.7/x64
2025-09-29T03:04:47.9273692Z   Python2_ROOT_DIR: /opt/hostedtoolcache/Python/3.13.7/x64
2025-09-29T03:04:47.9274152Z   Python3_ROOT_DIR: /opt/hostedtoolcache/Python/3.13.7/x64
2025-09-29T03:04:47.9274604Z   LD_LIBRARY_PATH: /opt/hostedtoolcache/Python/3.13.7/x64/lib
2025-09-29T03:04:47.9274986Z ##[endgroup]
2025-09-29T03:04:50.8628681Z Requirement already satisfied: pip in /opt/hostedtoolcache/Python/3.13.7/x64/lib/python3.13/site-packages (25.2)
2025-09-29T03:04:51.0759299Z ##[group]Run pip install -U scratchattach
2025-09-29T03:04:51.0759857Z [36;1mpip install -U scratchattach[0m
2025-09-29T03:04:51.0794165Z shell: /usr/bin/bash --noprofile --norc -e -o pipefail {0}
2025-09-29T03:04:51.0794506Z env:
2025-09-29T03:04:51.0794763Z   pythonLocation: /opt/hostedtoolcache/Python/3.13.7/x64
2025-09-29T03:04:51.0795162Z   PKG_CONFIG_PATH: /opt/hostedtoolcache/Python/3.13.7/x64/lib/pkgconfig
2025-09-29T03:04:51.0795547Z   Python_ROOT_DIR: /opt/hostedtoolcache/Python/3.13.7/x64
2025-09-29T03:04:51.0795892Z   Python2_ROOT_DIR: /opt/hostedtoolcache/Python/3.13.7/x64
2025-09-29T03:04:51.0796236Z   Python3_ROOT_DIR: /opt/hostedtoolcache/Python/3.13.7/x64
2025-09-29T03:04:51.0796569Z   LD_LIBRARY_PATH: /opt/hostedtoolcache/Python/3.13.7/x64/lib
2025-09-29T03:04:51.0797031Z ##[endgroup]
2025-09-29T03:04:51.5960979Z Collecting scratchattach
2025-09-29T03:04:51.6301121Z   Downloading scratchattach-2.1.13-py3-none-any.whl.metadata (5.5 kB)
2025-09-29T03:04:51.6543140Z Collecting websocket-client (from scratchattach)
2025-09-29T03:04:51.6576338Z   Downloading websocket_client-1.8.0-py3-none-any.whl.metadata (8.0 kB)
2025-09-29T03:04:51.6842471Z Collecting requests (from scratchattach)
2025-09-29T03:04:51.6882525Z   Downloading requests-2.32.5-py3-none-any.whl.metadata (4.9 kB)
2025-09-29T03:04:51.6992434Z Collecting bs4 (from scratchattach)
2025-09-29T03:04:51.7024535Z   Downloading bs4-0.0.2-py2.py3-none-any.whl.metadata (411 bytes)
2025-09-29T03:04:51.7752552Z Collecting SimpleWebSocketServer (from scratchattach)
2025-09-29T03:04:51.7832235Z   Downloading SimpleWebSocketServer-0.1.2.tar.gz (10 kB)
2025-09-29T03:04:51.7913765Z   Installing build dependencies: started
2025-09-29T03:04:52.5584682Z   Installing build dependencies: finished with status 'done'
2025-09-29T03:04:52.5591628Z   Getting requirements to build wheel: started
2025-09-29T03:04:52.9789871Z   Getting requirements to build wheel: finished with status 'done'
2025-09-29T03:04:52.9800365Z   Preparing metadata (pyproject.toml): started
2025-09-29T03:04:53.1837345Z   Preparing metadata (pyproject.toml): finished with status 'done'
2025-09-29T03:04:53.2003125Z Collecting typing-extensions (from scratchattach)
2025-09-29T03:04:53.2031651Z   Downloading typing_extensions-4.15.0-py3-none-any.whl.metadata (3.3 kB)
2025-09-29T03:04:53.2233405Z Collecting beautifulsoup4 (from bs4->scratchattach)
2025-09-29T03:04:53.2259631Z   Downloading beautifulsoup4-4.14.0-py3-none-any.whl.metadata (3.8 kB)
2025-09-29T03:04:53.2451495Z Collecting soupsieve>1.2 (from beautifulsoup4->bs4->scratchattach)
2025-09-29T03:04:53.2477347Z   Downloading soupsieve-2.8-py3-none-any.whl.metadata (4.6 kB)
2025-09-29T03:04:53.3488744Z Collecting charset_normalizer<4,>=2 (from requests->scratchattach)
2025-09-29T03:04:53.3515249Z   Downloading charset_normalizer-3.4.3-cp313-cp313-manylinux2014_x86_64.manylinux_2_17_x86_64.manylinux_2_28_x86_64.whl.metadata (36 kB)
2025-09-29T03:04:53.3810186Z Collecting idna<4,>=2.5 (from requests->scratchattach)
2025-09-29T03:04:53.3836045Z   Downloading idna-3.10-py3-none-any.whl.metadata (10 kB)
2025-09-29T03:04:53.4125740Z Collecting urllib3<3,>=1.21.1 (from requests->scratchattach)
2025-09-29T03:04:53.4161901Z   Downloading urllib3-2.5.0-py3-none-any.whl.metadata (6.5 kB)
2025-09-29T03:04:53.4507150Z Collecting certifi>=2017.4.17 (from requests->scratchattach)
2025-09-29T03:04:53.4552316Z   Downloading certifi-2025.8.3-py3-none-any.whl.metadata (2.4 kB)
2025-09-29T03:04:53.4663435Z Downloading scratchattach-2.1.13-py3-none-any.whl (141 kB)
2025-09-29T03:04:53.4779445Z Downloading bs4-0.0.2-py2.py3-none-any.whl (1.2 kB)
2025-09-29T03:04:53.4836281Z Downloading beautifulsoup4-4.14.0-py3-none-any.whl (106 kB)
2025-09-29T03:04:53.4906322Z Downloading soupsieve-2.8-py3-none-any.whl (36 kB)
2025-09-29T03:04:53.4957677Z Downloading typing_extensions-4.15.0-py3-none-any.whl (44 kB)
2025-09-29T03:04:53.5030803Z Downloading requests-2.32.5-py3-none-any.whl (64 kB)
2025-09-29T03:04:53.5084589Z Downloading charset_normalizer-3.4.3-cp313-cp313-manylinux2014_x86_64.manylinux_2_17_x86_64.manylinux_2_28_x86_64.whl (151 kB)
2025-09-29T03:04:53.5146637Z Downloading idna-3.10-py3-none-any.whl (70 kB)
2025-09-29T03:04:53.5195879Z Downloading urllib3-2.5.0-py3-none-any.whl (129 kB)
2025-09-29T03:04:53.5270667Z Downloading certifi-2025.8.3-py3-none-any.whl (161 kB)
2025-09-29T03:04:53.5338161Z Downloading websocket_client-1.8.0-py3-none-any.whl (58 kB)
2025-09-29T03:04:53.5478897Z Building wheels for collected packages: SimpleWebSocketServer
2025-09-29T03:04:53.5487203Z   Building wheel for SimpleWebSocketServer (pyproject.toml): started
2025-09-29T03:04:53.7805473Z   Building wheel for SimpleWebSocketServer (pyproject.toml): finished with status 'done'
2025-09-29T03:04:53.7812462Z   Created wheel for SimpleWebSocketServer: filename=simplewebsocketserver-0.1.2-py3-none-any.whl size=9715 sha256=c638222c0c889fafbbb98c5a56203bb1773cbc657e2f1589c50a7d4d13328cff
2025-09-29T03:04:53.7814124Z   Stored in directory: /home/runner/.cache/pip/wheels/c4/5b/e8/4f2c15a82edc4923058056f6681373168be02a0c00389a6dcf
2025-09-29T03:04:53.7833291Z Successfully built SimpleWebSocketServer
2025-09-29T03:04:53.8017509Z Installing collected packages: SimpleWebSocketServer, websocket-client, urllib3, typing-extensions, soupsieve, idna, charset_normalizer, certifi, requests, beautifulsoup4, bs4, scratchattach
2025-09-29T03:04:54.4019715Z 
2025-09-29T03:04:54.4042623Z Successfully installed SimpleWebSocketServer-0.1.2 beautifulsoup4-4.14.0 bs4-0.0.2 certifi-2025.8.3 charset_normalizer-3.4.3 idna-3.10 requests-2.32.5 scratchattach-2.1.13 soupsieve-2.8 typing-extensions-4.15.0 urllib3-2.5.0 websocket-client-1.8.0
2025-09-29T03:04:54.4910528Z ##[group]Run actions/checkout@v5.0.0
2025-09-29T03:04:54.4910804Z with:
2025-09-29T03:04:54.4910980Z   ref: main
2025-09-29T03:04:54.4911174Z   repository: Boss-1s/scratchattach
2025-09-29T03:04:54.4911531Z   token: ***
2025-09-29T03:04:54.4911717Z   ssh-strict: true
2025-09-29T03:04:54.4911902Z   ssh-user: git
2025-09-29T03:04:54.4912090Z   persist-credentials: true
2025-09-29T03:04:54.4912303Z   clean: true
2025-09-29T03:04:54.4912490Z   sparse-checkout-cone-mode: true
2025-09-29T03:04:54.4912913Z   fetch-depth: 1
2025-09-29T03:04:54.4913096Z   fetch-tags: false
2025-09-29T03:04:54.4913280Z   show-progress: true
2025-09-29T03:04:54.4913467Z   lfs: false
2025-09-29T03:04:54.4913635Z   submodules: false
2025-09-29T03:04:54.4913818Z   set-safe-directory: true
2025-09-29T03:04:54.4914017Z env:
2025-09-29T03:04:54.4914238Z   pythonLocation: /opt/hostedtoolcache/Python/3.13.7/x64
2025-09-29T03:04:54.4914632Z   PKG_CONFIG_PATH: /opt/hostedtoolcache/Python/3.13.7/x64/lib/pkgconfig
2025-09-29T03:04:54.4915043Z   Python_ROOT_DIR: /opt/hostedtoolcache/Python/3.13.7/x64
2025-09-29T03:04:54.4915372Z   Python2_ROOT_DIR: /opt/hostedtoolcache/Python/3.13.7/x64
2025-09-29T03:04:54.4915703Z   Python3_ROOT_DIR: /opt/hostedtoolcache/Python/3.13.7/x64
2025-09-29T03:04:54.4916043Z   LD_LIBRARY_PATH: /opt/hostedtoolcache/Python/3.13.7/x64/lib
2025-09-29T03:04:54.4916322Z ##[endgroup]
2025-09-29T03:04:54.5698260Z Syncing repository: Boss-1s/scratchattach
2025-09-29T03:04:54.5699163Z ##[group]Getting Git version info
2025-09-29T03:04:54.5699920Z Working directory is '/home/runner/work/scratchattach/scratchattach'
2025-09-29T03:04:54.5736525Z [command]/usr/bin/git version
2025-09-29T03:04:54.5773949Z git version 2.51.0
2025-09-29T03:04:54.5795415Z ##[endgroup]
2025-09-29T03:04:54.5810369Z Temporarily overriding HOME='/home/runner/work/_temp/9a446f6e-8a99-4ee8-b01e-650089606872' before making global git config changes
2025-09-29T03:04:54.5811667Z Adding repository directory to the temporary git global config as a safe directory
2025-09-29T03:04:54.5816097Z [command]/usr/bin/git config --global --add safe.directory /home/runner/work/scratchattach/scratchattach
2025-09-29T03:04:54.5856025Z [command]/usr/bin/git config --local --get remote.origin.url
2025-09-29T03:04:54.5877683Z https://github.com/Boss-1s/scratchattach
2025-09-29T03:04:54.5891470Z ##[group]Removing previously created refs, to avoid conflicts
2025-09-29T03:04:54.5895385Z [command]/usr/bin/git rev-parse --symbolic-full-name --verify --quiet HEAD
2025-09-29T03:04:54.5915975Z refs/heads/main
2025-09-29T03:04:54.5925648Z [command]/usr/bin/git checkout --detach
2025-09-29T03:04:54.7087785Z HEAD is now at 2e59a4c [BOT] Download Logs
2025-09-29T03:04:54.7143599Z [command]/usr/bin/git branch --delete --force main
2025-09-29T03:04:54.7173094Z Deleted branch main (was 2e59a4c).
2025-09-29T03:04:54.7215104Z ##[endgroup]
2025-09-29T03:04:54.7220477Z [command]/usr/bin/git submodule status
2025-09-29T03:04:54.7471822Z ##[group]Cleaning the repository
2025-09-29T03:04:54.7476563Z [command]/usr/bin/git clean -ffdx
2025-09-29T03:04:54.7516551Z [command]/usr/bin/git reset --hard HEAD
2025-09-29T03:04:54.7567852Z HEAD is now at 2e59a4c [BOT] Download Logs
2025-09-29T03:04:54.7574213Z ##[endgroup]
2025-09-29T03:04:54.7575602Z ##[group]Disabling automatic garbage collection
2025-09-29T03:04:54.7581006Z [command]/usr/bin/git config --local gc.auto 0
2025-09-29T03:04:54.7608428Z ##[endgroup]
2025-09-29T03:04:54.7609043Z ##[group]Setting up auth
2025-09-29T03:04:54.7616442Z [command]/usr/bin/git config --local --name-only --get-regexp core\.sshCommand
2025-09-29T03:04:54.7647298Z [command]/usr/bin/git submodule foreach --recursive sh -c "git config --local --name-only --get-regexp 'core\.sshCommand' && git config --local --unset-all 'core.sshCommand' || :"
2025-09-29T03:04:54.7893626Z [command]/usr/bin/git config --local --name-only --get-regexp http\.https\:\/\/github\.com\/\.extraheader
2025-09-29T03:04:54.7917708Z http.https://github.com/.extraheader
2025-09-29T03:04:54.7928284Z [command]/usr/bin/git config --local --unset-all http.https://github.com/.extraheader
2025-09-29T03:04:54.7960204Z [command]/usr/bin/git submodule foreach --recursive sh -c "git config --local --name-only --get-regexp 'http\.https\:\/\/github\.com\/\.extraheader' && git config --local --unset-all 'http.https://github.com/.extraheader' || :"
2025-09-29T03:04:54.8220147Z [command]/usr/bin/git config --local http.https://github.com/.extraheader AUTHORIZATION: basic ***
2025-09-29T03:04:54.8258962Z ##[endgroup]
2025-09-29T03:04:54.8259550Z ##[group]Fetching the repository
2025-09-29T03:04:54.8272479Z [command]/usr/bin/git -c protocol.version=2 fetch --no-tags --prune --no-recurse-submodules --depth=1 origin +refs/heads/main*:refs/remotes/origin/main* +refs/tags/main*:refs/tags/main*
2025-09-29T03:04:55.4318327Z ##[endgroup]
2025-09-29T03:04:55.4318963Z ##[group]Determining the checkout info
2025-09-29T03:04:55.4326167Z [command]/usr/bin/git branch --list --remote origin/main
2025-09-29T03:04:55.4352977Z   origin/main
2025-09-29T03:04:55.4358069Z ##[endgroup]
2025-09-29T03:04:55.4362991Z [command]/usr/bin/git sparse-checkout disable
2025-09-29T03:04:55.4412291Z [command]/usr/bin/git config --local --unset-all extensions.worktreeConfig
2025-09-29T03:04:55.4441674Z ##[group]Checking out the ref
2025-09-29T03:04:55.4446108Z [command]/usr/bin/git checkout --progress --force -B main refs/remotes/origin/main
2025-09-29T03:04:55.4500892Z Switched to a new branch 'main'
2025-09-29T03:04:55.4503696Z branch 'main' set up to track 'origin/main'.
2025-09-29T03:04:55.4511130Z ##[endgroup]
2025-09-29T03:04:55.4550393Z [command]/usr/bin/git log -1 --format=%H
2025-09-29T03:04:55.4575502Z 2e59a4c38496d92e7c2a40f03f38f3dcd98ab624
2025-09-29T03:04:55.4693752Z ##[group]Run python3 aesthetic_prioritizing.py
2025-09-29T03:04:55.4694097Z [36;1mpython3 aesthetic_prioritizing.py[0m
2025-09-29T03:04:55.4727755Z shell: /usr/bin/bash -e {0}
2025-09-29T03:04:55.4727983Z env:
2025-09-29T03:04:55.4728228Z   pythonLocation: /opt/hostedtoolcache/Python/3.13.7/x64
2025-09-29T03:04:55.4728632Z   PKG_CONFIG_PATH: /opt/hostedtoolcache/Python/3.13.7/x64/lib/pkgconfig
2025-09-29T03:04:55.4729021Z   Python_ROOT_DIR: /opt/hostedtoolcache/Python/3.13.7/x64
2025-09-29T03:04:55.4729375Z   Python2_ROOT_DIR: /opt/hostedtoolcache/Python/3.13.7/x64
2025-09-29T03:04:55.4729711Z   Python3_ROOT_DIR: /opt/hostedtoolcache/Python/3.13.7/x64
2025-09-29T03:04:55.4730053Z   LD_LIBRARY_PATH: /opt/hostedtoolcache/Python/3.13.7/x64/lib
2025-09-29T03:04:55.4730528Z   PASS: ***
2025-09-29T03:04:55.4730695Z ##[endgroup]
2025-09-29T03:20:10.3820206Z Prioritizing: Attempt 1
2025-09-29T03:20:10.3820755Z Unfavorited project 1193158560
2025-09-29T03:20:10.3821391Z Favorited project 1193158560 to move it to the top
2025-09-29T03:20:10.3821978Z Unfavorited project 1193158559
2025-09-29T03:20:10.3822512Z Favorited project 1193158559 to move it to the top
2025-09-29T03:20:10.3823152Z Process failed, retying. Error: Make sure all provided arguments are valid
2025-09-29T03:20:10.3823689Z Prioritizing: Attempt 2
2025-09-29T03:20:10.3823923Z Unfavorited project 1193158560
2025-09-29T03:20:10.3824186Z Favorited project 1193158560 to move it to the top
2025-09-29T03:20:10.3824462Z Unfavorited project 1193158559
2025-09-29T03:20:10.3824704Z Favorited project 1193158559 to move it to the top
2025-09-29T03:20:10.3824976Z Unfavorited project 1193158558
2025-09-29T03:20:10.3825228Z Favorited project 1193158558 to move it to the top
2025-09-29T03:20:10.3825503Z Unfavorited project 1193158567
2025-09-29T03:20:10.3825750Z Favorited project 1193158567 to move it to the top
2025-09-29T03:20:10.3826014Z Unfavorited project 1193158568
2025-09-29T03:20:10.3826261Z Favorited project 1193158568 to move it to the top
2025-09-29T03:20:10.3826547Z Prioritized projects in your favorite list.
2025-09-29T03:20:10.3826804Z Prioritizing: Attempt 1
2025-09-29T03:20:10.3827312Z Unfollowed stuido 50609120
2025-09-29T03:20:10.3827548Z Followed studio 50609120 to move it to the top
2025-09-29T03:20:10.3827809Z Unfollowed stuido 50609126
2025-09-29T03:20:10.3828031Z Followed studio 50609126 to move it to the top
2025-09-29T03:20:10.3828289Z Unfollowed stuido 50609128
2025-09-29T03:20:10.3828512Z Followed studio 50609128 to move it to the top
2025-09-29T03:20:10.3828755Z Unfollowed stuido 50609129
2025-09-29T03:20:10.3828974Z Followed studio 50609129 to move it to the top
2025-09-29T03:20:10.3829246Z Prioritized studios in your favorite list.
2025-09-29T03:20:10.4161158Z Post job cleanup.
2025-09-29T03:20:10.4952220Z [command]/usr/bin/git version
2025-09-29T03:20:10.4989021Z git version 2.51.0
2025-09-29T03:20:10.5026243Z Temporarily overriding HOME='/home/runner/work/_temp/daeaad12-9604-496e-82f9-5b0834962db5' before making global git config changes
2025-09-29T03:20:10.5027517Z Adding repository directory to the temporary git global config as a safe directory
2025-09-29T03:20:10.5032240Z [command]/usr/bin/git config --global --add safe.directory /home/runner/work/scratchattach/scratchattach
2025-09-29T03:20:10.5070325Z [command]/usr/bin/git config --local --name-only --get-regexp core\.sshCommand
2025-09-29T03:20:10.5103756Z [command]/usr/bin/git submodule foreach --recursive sh -c "git config --local --name-only --get-regexp 'core\.sshCommand' && git config --local --unset-all 'core.sshCommand' || :"
2025-09-29T03:20:10.5335662Z [command]/usr/bin/git config --local --name-only --get-regexp http\.https\:\/\/github\.com\/\.extraheader
2025-09-29T03:20:10.5358836Z http.https://github.com/.extraheader
2025-09-29T03:20:10.5369108Z [command]/usr/bin/git config --local --unset-all http.https://github.com/.extraheader
2025-09-29T03:20:10.5402121Z [command]/usr/bin/git submodule foreach --recursive sh -c "git config --local --name-only --get-regexp 'http\.https\:\/\/github\.com\/\.extraheader' && git config --local --unset-all 'http.https://github.com/.extraheader' || :"
2025-09-29T03:20:10.5752056Z Post job cleanup.
2025-09-29T03:20:10.6966507Z (node:2583) [DEP0040] DeprecationWarning: The `punycode` module is deprecated. Please use a userland alternative instead.
2025-09-29T03:20:10.6967682Z (Use `node --trace-deprecation ...` to show where the warning was created)
2025-09-29T03:20:10.7087107Z Post job cleanup.
2025-09-29T03:20:10.7878265Z [command]/usr/bin/git version
2025-09-29T03:20:10.7915779Z git version 2.51.0
2025-09-29T03:20:10.7955747Z Temporarily overriding HOME='/home/runner/work/_temp/6deaa5f1-739b-4a4d-b2b9-1a7996754d58' before making global git config changes
2025-09-29T03:20:10.7957226Z Adding repository directory to the temporary git global config as a safe directory
2025-09-29T03:20:10.7962345Z [command]/usr/bin/git config --global --add safe.directory /home/runner/work/scratchattach/scratchattach
2025-09-29T03:20:10.8002540Z [command]/usr/bin/git config --local --name-only --get-regexp core\.sshCommand
2025-09-29T03:20:10.8037091Z [command]/usr/bin/git submodule foreach --recursive sh -c "git config --local --name-only --get-regexp 'core\.sshCommand' && git config --local --unset-all 'core.sshCommand' || :"
2025-09-29T03:20:10.8292875Z [command]/usr/bin/git config --local --name-only --get-regexp http\.https\:\/\/github\.com\/\.extraheader
2025-09-29T03:20:10.8332293Z [command]/usr/bin/git submodule foreach --recursive sh -c "git config --local --name-only --get-regexp 'http\.https\:\/\/github\.com\/\.extraheader' && git config --local --unset-all 'http.https://github.com/.extraheader' || :"
2025-09-29T03:20:10.8717709Z Cleaning up orphan processes
