2025-09-09T15:12:59.7845614Z Current runner version: '2.328.0'
2025-09-09T15:12:59.7871499Z ##[group]Runner Image Provisioner
2025-09-09T15:12:59.7872341Z Hosted Compute Agent
2025-09-09T15:12:59.7872945Z Version: 20250908.385
2025-09-09T15:12:59.7873572Z Commit: cfce01a78eb650f23de9981e2e79cb8dc83e6056
2025-09-09T15:12:59.7874243Z Build Date: 2025-09-08T16:07:37Z
2025-09-09T15:12:59.7874884Z ##[endgroup]
2025-09-09T15:12:59.7875462Z ##[group]Operating System
2025-09-09T15:12:59.7875983Z Ubuntu
2025-09-09T15:12:59.7876478Z 24.04.3
2025-09-09T15:12:59.7876945Z LTS
2025-09-09T15:12:59.7877365Z ##[endgroup]
2025-09-09T15:12:59.7877880Z ##[group]Runner Image
2025-09-09T15:12:59.7878468Z Image: ubuntu-24.04
2025-09-09T15:12:59.7878943Z Version: 20250907.24.1
2025-09-09T15:12:59.7879980Z Included Software: https://github.com/actions/runner-images/blob/ubuntu24/20250907.24/images/ubuntu/Ubuntu2404-Readme.md
2025-09-09T15:12:59.7881815Z Image Release: https://github.com/actions/runner-images/releases/tag/ubuntu24%2F20250907.24
2025-09-09T15:12:59.7882962Z ##[endgroup]
2025-09-09T15:12:59.7883962Z ##[group]GITHUB_TOKEN Permissions
2025-09-09T15:12:59.7886137Z Contents: write
2025-09-09T15:12:59.7886684Z Metadata: read
2025-09-09T15:12:59.7887233Z ##[endgroup]
2025-09-09T15:12:59.7889542Z Secret source: Actions
2025-09-09T15:12:59.7890659Z Prepare workflow directory
2025-09-09T15:12:59.8237258Z Prepare all required actions
2025-09-09T15:12:59.8275767Z Getting action download info
2025-09-09T15:13:00.2002806Z Download action repository 'actions/checkout@v5.0.0' (SHA:08c6903cd8c0fde910a37f88322edcfb5dd907a8)
2025-09-09T15:13:00.4023911Z Download action repository 'actions/setup-python@v6.0.0' (SHA:e797f83bcb11b83ae66e0230d6156d7c80228e7c)
2025-09-09T15:13:01.0087843Z Download action repository 'bossOfCode/install-scratchattach@v1.0.3' (SHA:be17a7cf1ecb5a7040eb42ef26c2e1fbe72bb25a)
2025-09-09T15:13:01.5118946Z Complete job name: Run Prioritzing Handler
2025-09-09T15:13:01.5948250Z ##[group]Run actions/checkout@v5.0.0
2025-09-09T15:13:01.5949648Z with:
2025-09-09T15:13:01.5950393Z   ref: main
2025-09-09T15:13:01.5951510Z   repository: Boss-1s/scratchattach
2025-09-09T15:13:01.5952931Z   token: ***
2025-09-09T15:13:01.5953688Z   ssh-strict: true
2025-09-09T15:13:01.5954471Z   ssh-user: git
2025-09-09T15:13:01.5955277Z   persist-credentials: true
2025-09-09T15:13:01.5956165Z   clean: true
2025-09-09T15:13:01.5956985Z   sparse-checkout-cone-mode: true
2025-09-09T15:13:01.5957977Z   fetch-depth: 1
2025-09-09T15:13:01.5958792Z   fetch-tags: false
2025-09-09T15:13:01.5959623Z   show-progress: true
2025-09-09T15:13:01.5960469Z   lfs: false
2025-09-09T15:13:01.5961362Z   submodules: false
2025-09-09T15:13:01.5962211Z   set-safe-directory: true
2025-09-09T15:13:01.5963456Z ##[endgroup]
2025-09-09T15:13:01.6913750Z Syncing repository: Boss-1s/scratchattach
2025-09-09T15:13:01.6916521Z ##[group]Getting Git version info
2025-09-09T15:13:01.6918062Z Working directory is '/home/runner/work/scratchattach/scratchattach'
2025-09-09T15:13:01.6920321Z [command]/usr/bin/git version
2025-09-09T15:13:01.6957645Z git version 2.51.0
2025-09-09T15:13:01.6978776Z ##[endgroup]
2025-09-09T15:13:01.6993685Z Temporarily overriding HOME='/home/runner/work/_temp/68124f46-864e-4ede-ae55-07a3d148ab10' before making global git config changes
2025-09-09T15:13:01.6996498Z Adding repository directory to the temporary git global config as a safe directory
2025-09-09T15:13:01.6999482Z [command]/usr/bin/git config --global --add safe.directory /home/runner/work/scratchattach/scratchattach
2025-09-09T15:13:01.7038984Z Deleting the contents of '/home/runner/work/scratchattach/scratchattach'
2025-09-09T15:13:01.7042388Z ##[group]Initializing the repository
2025-09-09T15:13:01.7047661Z [command]/usr/bin/git init /home/runner/work/scratchattach/scratchattach
2025-09-09T15:13:01.7143081Z hint: Using 'master' as the name for the initial branch. This default branch name
2025-09-09T15:13:01.7146664Z hint: is subject to change. To configure the initial branch name to use in all
2025-09-09T15:13:01.7149307Z hint: of your new repositories, which will suppress this warning, call:
2025-09-09T15:13:01.7152228Z hint:
2025-09-09T15:13:01.7153779Z hint: 	git config --global init.defaultBranch <name>
2025-09-09T15:13:01.7154952Z hint:
2025-09-09T15:13:01.7156116Z hint: Names commonly chosen instead of 'master' are 'main', 'trunk' and
2025-09-09T15:13:01.7158714Z hint: 'development'. The just-created branch can be renamed via this command:
2025-09-09T15:13:01.7160175Z hint:
2025-09-09T15:13:01.7160954Z hint: 	git branch -m <name>
2025-09-09T15:13:01.7162060Z hint:
2025-09-09T15:13:01.7163287Z hint: Disable this message with "git config set advice.defaultBranchName false"
2025-09-09T15:13:01.7165454Z Initialized empty Git repository in /home/runner/work/scratchattach/scratchattach/.git/
2025-09-09T15:13:01.7168838Z [command]/usr/bin/git remote add origin https://github.com/Boss-1s/scratchattach
2025-09-09T15:13:01.7197990Z ##[endgroup]
2025-09-09T15:13:01.7199413Z ##[group]Disabling automatic garbage collection
2025-09-09T15:13:01.7201251Z [command]/usr/bin/git config --local gc.auto 0
2025-09-09T15:13:01.7229414Z ##[endgroup]
2025-09-09T15:13:01.7230750Z ##[group]Setting up auth
2025-09-09T15:13:01.7236099Z [command]/usr/bin/git config --local --name-only --get-regexp core\.sshCommand
2025-09-09T15:13:01.7268601Z [command]/usr/bin/git submodule foreach --recursive sh -c "git config --local --name-only --get-regexp 'core\.sshCommand' && git config --local --unset-all 'core.sshCommand' || :"
2025-09-09T15:13:01.7608794Z [command]/usr/bin/git config --local --name-only --get-regexp http\.https\:\/\/github\.com\/\.extraheader
2025-09-09T15:13:01.7645402Z [command]/usr/bin/git submodule foreach --recursive sh -c "git config --local --name-only --get-regexp 'http\.https\:\/\/github\.com\/\.extraheader' && git config --local --unset-all 'http.https://github.com/.extraheader' || :"
2025-09-09T15:13:01.7870202Z [command]/usr/bin/git config --local http.https://github.com/.extraheader AUTHORIZATION: basic ***
2025-09-09T15:13:01.7910821Z ##[endgroup]
2025-09-09T15:13:01.7923656Z ##[group]Fetching the repository
2025-09-09T15:13:01.7926502Z [command]/usr/bin/git -c protocol.version=2 fetch --no-tags --prune --no-recurse-submodules --depth=1 origin +refs/heads/main*:refs/remotes/origin/main* +refs/tags/main*:refs/tags/main*
2025-09-09T15:13:02.5017991Z From https://github.com/Boss-1s/scratchattach
2025-09-09T15:13:02.5021340Z  * [new branch]      main       -> origin/main
2025-09-09T15:13:02.5048749Z ##[endgroup]
2025-09-09T15:13:02.5050119Z ##[group]Determining the checkout info
2025-09-09T15:13:02.5055586Z [command]/usr/bin/git branch --list --remote origin/main
2025-09-09T15:13:02.5078589Z   origin/main
2025-09-09T15:13:02.5084001Z ##[endgroup]
2025-09-09T15:13:02.5087521Z [command]/usr/bin/git sparse-checkout disable
2025-09-09T15:13:02.5126115Z [command]/usr/bin/git config --local --unset-all extensions.worktreeConfig
2025-09-09T15:13:02.5153195Z ##[group]Checking out the ref
2025-09-09T15:13:02.5155418Z [command]/usr/bin/git checkout --progress --force -B main refs/remotes/origin/main
2025-09-09T15:13:02.5974319Z Switched to a new branch 'main'
2025-09-09T15:13:02.5976038Z branch 'main' set up to track 'origin/main'.
2025-09-09T15:13:02.5989580Z ##[endgroup]
2025-09-09T15:13:02.6028642Z [command]/usr/bin/git log -1 --format=%H
2025-09-09T15:13:02.6051482Z 8a5f5e98e245023d6fb1b9b0fb61855bebb608fd
2025-09-09T15:13:02.6330556Z ##[group]Run actions/setup-python@v6.0.0
2025-09-09T15:13:02.6331715Z with:
2025-09-09T15:13:02.6332428Z   python-version: 3.13
2025-09-09T15:13:02.6333243Z   check-latest: false
2025-09-09T15:13:02.6334265Z   token: ***
2025-09-09T15:13:02.6335022Z   update-environment: true
2025-09-09T15:13:02.6335900Z   allow-prereleases: false
2025-09-09T15:13:02.6336764Z   freethreaded: false
2025-09-09T15:13:02.6337547Z ##[endgroup]
2025-09-09T15:13:02.7651512Z ##[group]Installed versions
2025-09-09T15:13:02.9517555Z (node:2210) [DEP0040] DeprecationWarning: The `punycode` module is deprecated. Please use a userland alternative instead.
2025-09-09T15:13:02.9519651Z (Use `node --trace-deprecation ...` to show where the warning was created)
2025-09-09T15:13:02.9520505Z Successfully set up CPython (3.13.7)
2025-09-09T15:13:02.9521687Z ##[endgroup]
2025-09-09T15:13:02.9672798Z ##[group]Run bossOfCode/install-scratchattach@v1.0.3
2025-09-09T15:13:02.9673260Z env:
2025-09-09T15:13:02.9673604Z   pythonLocation: /opt/hostedtoolcache/Python/3.13.7/x64
2025-09-09T15:13:02.9674140Z   PKG_CONFIG_PATH: /opt/hostedtoolcache/Python/3.13.7/x64/lib/pkgconfig
2025-09-09T15:13:02.9674646Z   Python_ROOT_DIR: /opt/hostedtoolcache/Python/3.13.7/x64
2025-09-09T15:13:02.9675120Z   Python2_ROOT_DIR: /opt/hostedtoolcache/Python/3.13.7/x64
2025-09-09T15:13:02.9675588Z   Python3_ROOT_DIR: /opt/hostedtoolcache/Python/3.13.7/x64
2025-09-09T15:13:02.9676046Z   LD_LIBRARY_PATH: /opt/hostedtoolcache/Python/3.13.7/x64/lib
2025-09-09T15:13:02.9676435Z ##[endgroup]
2025-09-09T15:13:02.9757248Z ##[group]Run python3 -m pip install --upgrade pip
2025-09-09T15:13:02.9757801Z [36;1mpython3 -m pip install --upgrade pip[0m
2025-09-09T15:13:03.1406023Z shell: /usr/bin/bash --noprofile --norc -e -o pipefail {0}
2025-09-09T15:13:03.1406534Z env:
2025-09-09T15:13:03.1406977Z   pythonLocation: /opt/hostedtoolcache/Python/3.13.7/x64
2025-09-09T15:13:03.1407601Z   PKG_CONFIG_PATH: /opt/hostedtoolcache/Python/3.13.7/x64/lib/pkgconfig
2025-09-09T15:13:03.1408198Z   Python_ROOT_DIR: /opt/hostedtoolcache/Python/3.13.7/x64
2025-09-09T15:13:03.1408744Z   Python2_ROOT_DIR: /opt/hostedtoolcache/Python/3.13.7/x64
2025-09-09T15:13:03.1409297Z   Python3_ROOT_DIR: /opt/hostedtoolcache/Python/3.13.7/x64
2025-09-09T15:13:03.1409846Z   LD_LIBRARY_PATH: /opt/hostedtoolcache/Python/3.13.7/x64/lib
2025-09-09T15:13:03.1410305Z ##[endgroup]
2025-09-09T15:13:11.2215524Z Requirement already satisfied: pip in /opt/hostedtoolcache/Python/3.13.7/x64/lib/python3.13/site-packages (25.2)
2025-09-09T15:13:11.5109627Z ##[group]Run pip install -U scratchattach
2025-09-09T15:13:11.5109988Z [36;1mpip install -U scratchattach[0m
2025-09-09T15:13:11.5140965Z shell: /usr/bin/bash --noprofile --norc -e -o pipefail {0}
2025-09-09T15:13:11.5141589Z env:
2025-09-09T15:13:11.5141857Z   pythonLocation: /opt/hostedtoolcache/Python/3.13.7/x64
2025-09-09T15:13:11.5142273Z   PKG_CONFIG_PATH: /opt/hostedtoolcache/Python/3.13.7/x64/lib/pkgconfig
2025-09-09T15:13:11.5142658Z   Python_ROOT_DIR: /opt/hostedtoolcache/Python/3.13.7/x64
2025-09-09T15:13:11.5142998Z   Python2_ROOT_DIR: /opt/hostedtoolcache/Python/3.13.7/x64
2025-09-09T15:13:11.5143365Z   Python3_ROOT_DIR: /opt/hostedtoolcache/Python/3.13.7/x64
2025-09-09T15:13:11.5143720Z   LD_LIBRARY_PATH: /opt/hostedtoolcache/Python/3.13.7/x64/lib
2025-09-09T15:13:11.5144006Z ##[endgroup]
2025-09-09T15:13:12.4494154Z Collecting scratchattach
2025-09-09T15:13:12.4845283Z   Downloading scratchattach-2.1.13-py3-none-any.whl.metadata (5.5 kB)
2025-09-09T15:13:12.5103332Z Collecting websocket-client (from scratchattach)
2025-09-09T15:13:12.5136691Z   Downloading websocket_client-1.8.0-py3-none-any.whl.metadata (8.0 kB)
2025-09-09T15:13:12.5435356Z Collecting requests (from scratchattach)
2025-09-09T15:13:12.5474349Z   Downloading requests-2.32.5-py3-none-any.whl.metadata (4.9 kB)
2025-09-09T15:13:12.5637693Z Collecting bs4 (from scratchattach)
2025-09-09T15:13:12.5676293Z   Downloading bs4-0.0.2-py2.py3-none-any.whl.metadata (411 bytes)
2025-09-09T15:13:12.5775033Z Collecting SimpleWebSocketServer (from scratchattach)
2025-09-09T15:13:12.5824885Z   Downloading SimpleWebSocketServer-0.1.2.tar.gz (10 kB)
2025-09-09T15:13:12.5900043Z   Installing build dependencies: started
2025-09-09T15:13:13.8932105Z   Installing build dependencies: finished with status 'done'
2025-09-09T15:13:13.8937110Z   Getting requirements to build wheel: started
2025-09-09T15:13:14.5204142Z   Getting requirements to build wheel: finished with status 'done'
2025-09-09T15:13:14.5213073Z   Preparing metadata (pyproject.toml): started
2025-09-09T15:13:14.7481011Z   Preparing metadata (pyproject.toml): finished with status 'done'
2025-09-09T15:13:14.7649456Z Collecting typing-extensions (from scratchattach)
2025-09-09T15:13:14.7686701Z   Downloading typing_extensions-4.15.0-py3-none-any.whl.metadata (3.3 kB)
2025-09-09T15:13:14.7872152Z Collecting beautifulsoup4 (from bs4->scratchattach)
2025-09-09T15:13:14.7909077Z   Downloading beautifulsoup4-4.13.5-py3-none-any.whl.metadata (3.8 kB)
2025-09-09T15:13:14.8106537Z Collecting soupsieve>1.2 (from beautifulsoup4->bs4->scratchattach)
2025-09-09T15:13:14.8148762Z   Downloading soupsieve-2.8-py3-none-any.whl.metadata (4.6 kB)
2025-09-09T15:13:14.9030271Z Collecting charset_normalizer<4,>=2 (from requests->scratchattach)
2025-09-09T15:13:14.9072151Z   Downloading charset_normalizer-3.4.3-cp313-cp313-manylinux2014_x86_64.manylinux_2_17_x86_64.manylinux_2_28_x86_64.whl.metadata (36 kB)
2025-09-09T15:13:14.9259126Z Collecting idna<4,>=2.5 (from requests->scratchattach)
2025-09-09T15:13:14.9296256Z   Downloading idna-3.10-py3-none-any.whl.metadata (10 kB)
2025-09-09T15:13:14.9633957Z Collecting urllib3<3,>=1.21.1 (from requests->scratchattach)
2025-09-09T15:13:14.9672256Z   Downloading urllib3-2.5.0-py3-none-any.whl.metadata (6.5 kB)
2025-09-09T15:13:14.9892402Z Collecting certifi>=2017.4.17 (from requests->scratchattach)
2025-09-09T15:13:14.9927771Z   Downloading certifi-2025.8.3-py3-none-any.whl.metadata (2.4 kB)
2025-09-09T15:13:15.0030446Z Downloading scratchattach-2.1.13-py3-none-any.whl (141 kB)
2025-09-09T15:13:15.0109555Z Downloading bs4-0.0.2-py2.py3-none-any.whl (1.2 kB)
2025-09-09T15:13:15.0166422Z Downloading beautifulsoup4-4.13.5-py3-none-any.whl (105 kB)
2025-09-09T15:13:15.0223368Z Downloading soupsieve-2.8-py3-none-any.whl (36 kB)
2025-09-09T15:13:15.0274744Z Downloading typing_extensions-4.15.0-py3-none-any.whl (44 kB)
2025-09-09T15:13:15.0327462Z Downloading requests-2.32.5-py3-none-any.whl (64 kB)
2025-09-09T15:13:15.0381372Z Downloading charset_normalizer-3.4.3-cp313-cp313-manylinux2014_x86_64.manylinux_2_17_x86_64.manylinux_2_28_x86_64.whl (151 kB)
2025-09-09T15:13:15.0455489Z Downloading idna-3.10-py3-none-any.whl (70 kB)
2025-09-09T15:13:15.0527404Z Downloading urllib3-2.5.0-py3-none-any.whl (129 kB)
2025-09-09T15:13:15.0589957Z Downloading certifi-2025.8.3-py3-none-any.whl (161 kB)
2025-09-09T15:13:15.0683322Z Downloading websocket_client-1.8.0-py3-none-any.whl (58 kB)
2025-09-09T15:13:15.0818531Z Building wheels for collected packages: SimpleWebSocketServer
2025-09-09T15:13:15.0826869Z   Building wheel for SimpleWebSocketServer (pyproject.toml): started
2025-09-09T15:13:15.3177754Z   Building wheel for SimpleWebSocketServer (pyproject.toml): finished with status 'done'
2025-09-09T15:13:15.3183561Z   Created wheel for SimpleWebSocketServer: filename=simplewebsocketserver-0.1.2-py3-none-any.whl size=9715 sha256=92996e184ef2d3752a97f441fe703e9d42a34bf2e9b84a4583bc99537b2e4ccc
2025-09-09T15:13:15.3185848Z   Stored in directory: /home/runner/.cache/pip/wheels/c4/5b/e8/4f2c15a82edc4923058056f6681373168be02a0c00389a6dcf
2025-09-09T15:13:15.3203819Z Successfully built SimpleWebSocketServer
2025-09-09T15:13:15.3386332Z Installing collected packages: SimpleWebSocketServer, websocket-client, urllib3, typing-extensions, soupsieve, idna, charset_normalizer, certifi, requests, beautifulsoup4, bs4, scratchattach
2025-09-09T15:13:15.9456707Z 
2025-09-09T15:13:15.9479961Z Successfully installed SimpleWebSocketServer-0.1.2 beautifulsoup4-4.13.5 bs4-0.0.2 certifi-2025.8.3 charset_normalizer-3.4.3 idna-3.10 requests-2.32.5 scratchattach-2.1.13 soupsieve-2.8 typing-extensions-4.15.0 urllib3-2.5.0 websocket-client-1.8.0
2025-09-09T15:13:16.0423363Z ##[group]Run actions/checkout@v5.0.0
2025-09-09T15:13:16.0423648Z with:
2025-09-09T15:13:16.0423824Z   ref: main
2025-09-09T15:13:16.0424036Z   repository: Boss-1s/scratchattach
2025-09-09T15:13:16.0424424Z   token: ***
2025-09-09T15:13:16.0424614Z   ssh-strict: true
2025-09-09T15:13:16.0424808Z   ssh-user: git
2025-09-09T15:13:16.0425002Z   persist-credentials: true
2025-09-09T15:13:16.0425227Z   clean: true
2025-09-09T15:13:16.0425441Z   sparse-checkout-cone-mode: true
2025-09-09T15:13:16.0425865Z   fetch-depth: 1
2025-09-09T15:13:16.0426060Z   fetch-tags: false
2025-09-09T15:13:16.0426259Z   show-progress: true
2025-09-09T15:13:16.0426453Z   lfs: false
2025-09-09T15:13:16.0426631Z   submodules: false
2025-09-09T15:13:16.0426825Z   set-safe-directory: true
2025-09-09T15:13:16.0427041Z env:
2025-09-09T15:13:16.0427280Z   pythonLocation: /opt/hostedtoolcache/Python/3.13.7/x64
2025-09-09T15:13:16.0427678Z   PKG_CONFIG_PATH: /opt/hostedtoolcache/Python/3.13.7/x64/lib/pkgconfig
2025-09-09T15:13:16.0428113Z   Python_ROOT_DIR: /opt/hostedtoolcache/Python/3.13.7/x64
2025-09-09T15:13:16.0428480Z   Python2_ROOT_DIR: /opt/hostedtoolcache/Python/3.13.7/x64
2025-09-09T15:13:16.0428832Z   Python3_ROOT_DIR: /opt/hostedtoolcache/Python/3.13.7/x64
2025-09-09T15:13:16.0429183Z   LD_LIBRARY_PATH: /opt/hostedtoolcache/Python/3.13.7/x64/lib
2025-09-09T15:13:16.0429516Z ##[endgroup]
2025-09-09T15:13:16.1218251Z Syncing repository: Boss-1s/scratchattach
2025-09-09T15:13:16.1219107Z ##[group]Getting Git version info
2025-09-09T15:13:16.1219654Z Working directory is '/home/runner/work/scratchattach/scratchattach'
2025-09-09T15:13:16.1254196Z [command]/usr/bin/git version
2025-09-09T15:13:16.1290400Z git version 2.51.0
2025-09-09T15:13:16.1343385Z ##[endgroup]
2025-09-09T15:13:16.1358736Z Temporarily overriding HOME='/home/runner/work/_temp/a625a8c7-d13f-4784-ab63-851950d24381' before making global git config changes
2025-09-09T15:13:16.1360030Z Adding repository directory to the temporary git global config as a safe directory
2025-09-09T15:13:16.1364895Z [command]/usr/bin/git config --global --add safe.directory /home/runner/work/scratchattach/scratchattach
2025-09-09T15:13:16.1404907Z [command]/usr/bin/git config --local --get remote.origin.url
2025-09-09T15:13:16.1426912Z https://github.com/Boss-1s/scratchattach
2025-09-09T15:13:16.1440829Z ##[group]Removing previously created refs, to avoid conflicts
2025-09-09T15:13:16.1445287Z [command]/usr/bin/git rev-parse --symbolic-full-name --verify --quiet HEAD
2025-09-09T15:13:16.1466960Z refs/heads/main
2025-09-09T15:13:16.1476170Z [command]/usr/bin/git checkout --detach
2025-09-09T15:13:16.2168621Z HEAD is now at 8a5f5e9 Update action2.yml
2025-09-09T15:13:16.2217206Z [command]/usr/bin/git branch --delete --force main
2025-09-09T15:13:16.2243271Z Deleted branch main (was 8a5f5e9).
2025-09-09T15:13:16.2280435Z ##[endgroup]
2025-09-09T15:13:16.2286448Z [command]/usr/bin/git submodule status
2025-09-09T15:13:16.2537283Z ##[group]Cleaning the repository
2025-09-09T15:13:16.2542522Z [command]/usr/bin/git clean -ffdx
2025-09-09T15:13:16.2580270Z [command]/usr/bin/git reset --hard HEAD
2025-09-09T15:13:16.2630411Z HEAD is now at 8a5f5e9 Update action2.yml
2025-09-09T15:13:16.2637270Z ##[endgroup]
2025-09-09T15:13:16.2638815Z ##[group]Disabling automatic garbage collection
2025-09-09T15:13:16.2644662Z [command]/usr/bin/git config --local gc.auto 0
2025-09-09T15:13:16.2672898Z ##[endgroup]
2025-09-09T15:13:16.2673432Z ##[group]Setting up auth
2025-09-09T15:13:16.2680905Z [command]/usr/bin/git config --local --name-only --get-regexp core\.sshCommand
2025-09-09T15:13:16.2712777Z [command]/usr/bin/git submodule foreach --recursive sh -c "git config --local --name-only --get-regexp 'core\.sshCommand' && git config --local --unset-all 'core.sshCommand' || :"
2025-09-09T15:13:16.2957010Z [command]/usr/bin/git config --local --name-only --get-regexp http\.https\:\/\/github\.com\/\.extraheader
2025-09-09T15:13:16.2980336Z http.https://github.com/.extraheader
2025-09-09T15:13:16.2990241Z [command]/usr/bin/git config --local --unset-all http.https://github.com/.extraheader
2025-09-09T15:13:16.3022665Z [command]/usr/bin/git submodule foreach --recursive sh -c "git config --local --name-only --get-regexp 'http\.https\:\/\/github\.com\/\.extraheader' && git config --local --unset-all 'http.https://github.com/.extraheader' || :"
2025-09-09T15:13:16.3287057Z [command]/usr/bin/git config --local http.https://github.com/.extraheader AUTHORIZATION: basic ***
2025-09-09T15:13:16.3327222Z ##[endgroup]
2025-09-09T15:13:16.3328061Z ##[group]Fetching the repository
2025-09-09T15:13:16.3337800Z [command]/usr/bin/git -c protocol.version=2 fetch --no-tags --prune --no-recurse-submodules --depth=1 origin +refs/heads/main*:refs/remotes/origin/main* +refs/tags/main*:refs/tags/main*
2025-09-09T15:13:16.6683447Z ##[endgroup]
2025-09-09T15:13:16.6684014Z ##[group]Determining the checkout info
2025-09-09T15:13:16.6689833Z [command]/usr/bin/git branch --list --remote origin/main
2025-09-09T15:13:16.6713716Z   origin/main
2025-09-09T15:13:16.6717732Z ##[endgroup]
2025-09-09T15:13:16.6722175Z [command]/usr/bin/git sparse-checkout disable
2025-09-09T15:13:16.6762432Z [command]/usr/bin/git config --local --unset-all extensions.worktreeConfig
2025-09-09T15:13:16.6788219Z ##[group]Checking out the ref
2025-09-09T15:13:16.6791907Z [command]/usr/bin/git checkout --progress --force -B main refs/remotes/origin/main
2025-09-09T15:13:16.6837021Z Switched to a new branch 'main'
2025-09-09T15:13:16.6839323Z branch 'main' set up to track 'origin/main'.
2025-09-09T15:13:16.6845793Z ##[endgroup]
2025-09-09T15:13:16.6881737Z [command]/usr/bin/git log -1 --format=%H
2025-09-09T15:13:16.6904223Z 8a5f5e98e245023d6fb1b9b0fb61855bebb608fd
2025-09-09T15:13:16.7034255Z ##[group]Run python3 aesthetic_prioritizing.py
2025-09-09T15:13:16.7034638Z [36;1mpython3 aesthetic_prioritizing.py[0m
2025-09-09T15:13:16.7066788Z shell: /usr/bin/bash -e {0}
2025-09-09T15:13:16.7067044Z env:
2025-09-09T15:13:16.7067313Z   pythonLocation: /opt/hostedtoolcache/Python/3.13.7/x64
2025-09-09T15:13:16.7067743Z   PKG_CONFIG_PATH: /opt/hostedtoolcache/Python/3.13.7/x64/lib/pkgconfig
2025-09-09T15:13:16.7068168Z   Python_ROOT_DIR: /opt/hostedtoolcache/Python/3.13.7/x64
2025-09-09T15:13:16.7068532Z   Python2_ROOT_DIR: /opt/hostedtoolcache/Python/3.13.7/x64
2025-09-09T15:13:16.7068887Z   Python3_ROOT_DIR: /opt/hostedtoolcache/Python/3.13.7/x64
2025-09-09T15:13:16.7069244Z   LD_LIBRARY_PATH: /opt/hostedtoolcache/Python/3.13.7/x64/lib
2025-09-09T15:13:16.7069745Z   PASS: ***
2025-09-09T15:13:16.7069928Z ##[endgroup]
2025-09-09T15:18:39.6038541Z Prioritizing: Attempt 1
2025-09-09T15:18:39.6039289Z Projects already on top. No prioritizing needed.
2025-09-09T15:18:39.6040094Z Prioritized projects in your favorite list.
2025-09-09T15:18:39.6040746Z Prioritizing: Attempt 1
2025-09-09T15:18:39.6041595Z Unfollowed stuido 50609120
2025-09-09T15:18:39.6042199Z Followed studio 50609120 to move it to the top
2025-09-09T15:18:39.6042851Z Unfollowed stuido 50609126
2025-09-09T15:18:39.6043450Z Followed studio 50609126 to move it to the top
2025-09-09T15:18:39.6044116Z Unfollowed stuido 50609128
2025-09-09T15:18:39.6044694Z Followed studio 50609128 to move it to the top
2025-09-09T15:18:39.6045361Z Unfollowed stuido 50609129
2025-09-09T15:18:39.6045936Z Followed studio 50609129 to move it to the top
2025-09-09T15:18:39.6046663Z Prioritized studios in your favorite list.
2025-09-09T15:18:39.6339290Z Post job cleanup.
2025-09-09T15:18:39.7099007Z [command]/usr/bin/git version
2025-09-09T15:18:39.7133607Z git version 2.51.0
2025-09-09T15:18:39.7174977Z Temporarily overriding HOME='/home/runner/work/_temp/671701b6-a178-44e5-8d11-b1defd9099f1' before making global git config changes
2025-09-09T15:18:39.7176260Z Adding repository directory to the temporary git global config as a safe directory
2025-09-09T15:18:39.7180735Z [command]/usr/bin/git config --global --add safe.directory /home/runner/work/scratchattach/scratchattach
2025-09-09T15:18:39.7214698Z [command]/usr/bin/git config --local --name-only --get-regexp core\.sshCommand
2025-09-09T15:18:39.7244991Z [command]/usr/bin/git submodule foreach --recursive sh -c "git config --local --name-only --get-regexp 'core\.sshCommand' && git config --local --unset-all 'core.sshCommand' || :"
2025-09-09T15:18:39.7465509Z [command]/usr/bin/git config --local --name-only --get-regexp http\.https\:\/\/github\.com\/\.extraheader
2025-09-09T15:18:39.7487256Z http.https://github.com/.extraheader
2025-09-09T15:18:39.7497464Z [command]/usr/bin/git config --local --unset-all http.https://github.com/.extraheader
2025-09-09T15:18:39.7527722Z [command]/usr/bin/git submodule foreach --recursive sh -c "git config --local --name-only --get-regexp 'http\.https\:\/\/github\.com\/\.extraheader' && git config --local --unset-all 'http.https://github.com/.extraheader' || :"
2025-09-09T15:18:39.7855848Z Post job cleanup.
2025-09-09T15:18:39.9010060Z (node:2548) [DEP0040] DeprecationWarning: The `punycode` module is deprecated. Please use a userland alternative instead.
2025-09-09T15:18:39.9012471Z (Use `node --trace-deprecation ...` to show where the warning was created)
2025-09-09T15:18:39.9136131Z Post job cleanup.
2025-09-09T15:18:39.9925034Z [command]/usr/bin/git version
2025-09-09T15:18:39.9967828Z git version 2.51.0
2025-09-09T15:18:40.0007023Z Temporarily overriding HOME='/home/runner/work/_temp/fa4696f2-5011-4c8a-a8ec-5d5b3c37be07' before making global git config changes
2025-09-09T15:18:40.0008481Z Adding repository directory to the temporary git global config as a safe directory
2025-09-09T15:18:40.0013129Z [command]/usr/bin/git config --global --add safe.directory /home/runner/work/scratchattach/scratchattach
2025-09-09T15:18:40.0050511Z [command]/usr/bin/git config --local --name-only --get-regexp core\.sshCommand
2025-09-09T15:18:40.0083588Z [command]/usr/bin/git submodule foreach --recursive sh -c "git config --local --name-only --get-regexp 'core\.sshCommand' && git config --local --unset-all 'core.sshCommand' || :"
2025-09-09T15:18:40.0363090Z [command]/usr/bin/git config --local --name-only --get-regexp http\.https\:\/\/github\.com\/\.extraheader
2025-09-09T15:18:40.0396860Z [command]/usr/bin/git submodule foreach --recursive sh -c "git config --local --name-only --get-regexp 'http\.https\:\/\/github\.com\/\.extraheader' && git config --local --unset-all 'http.https://github.com/.extraheader' || :"
2025-09-09T15:18:40.0753825Z Cleaning up orphan processes
