2025-12-28T06:34:08.0521341Z Current runner version: '2.330.0'
2025-12-28T06:34:08.0545077Z ##[group]Runner Image Provisioner
2025-12-28T06:34:08.0545926Z Hosted Compute Agent
2025-12-28T06:34:08.0546502Z Version: 20251211.462
2025-12-28T06:34:08.0547357Z Commit: 6cbad8c2bb55d58165063d031ccabf57e2d2db61
2025-12-28T06:34:08.0548125Z Build Date: 2025-12-11T16:28:49Z
2025-12-28T06:34:08.0548792Z Worker ID: {9f16df31-afca-4c64-bc64-9a5d5e16e56c}
2025-12-28T06:34:08.0549477Z ##[endgroup]
2025-12-28T06:34:08.0550025Z ##[group]Operating System
2025-12-28T06:34:08.0550575Z Ubuntu
2025-12-28T06:34:08.0551074Z 24.04.3
2025-12-28T06:34:08.0551554Z LTS
2025-12-28T06:34:08.0551992Z ##[endgroup]
2025-12-28T06:34:08.0552534Z ##[group]Runner Image
2025-12-28T06:34:08.0553101Z Image: ubuntu-24.04
2025-12-28T06:34:08.0553590Z Version: 20251215.174.1
2025-12-28T06:34:08.0554671Z Included Software: https://github.com/actions/runner-images/blob/ubuntu24/20251215.174/images/ubuntu/Ubuntu2404-Readme.md
2025-12-28T06:34:08.0556213Z Image Release: https://github.com/actions/runner-images/releases/tag/ubuntu24%2F20251215.174
2025-12-28T06:34:08.0557431Z ##[endgroup]
2025-12-28T06:34:08.0560008Z ##[group]GITHUB_TOKEN Permissions
2025-12-28T06:34:08.0562262Z Actions: write
2025-12-28T06:34:08.0562872Z ArtifactMetadata: write
2025-12-28T06:34:08.0563409Z Attestations: write
2025-12-28T06:34:08.0563975Z Checks: write
2025-12-28T06:34:08.0564499Z Contents: write
2025-12-28T06:34:08.0564998Z Deployments: write
2025-12-28T06:34:08.0565623Z Discussions: write
2025-12-28T06:34:08.0566150Z Issues: write
2025-12-28T06:34:08.0566917Z Metadata: read
2025-12-28T06:34:08.0567635Z Models: read
2025-12-28T06:34:08.0568137Z Packages: write
2025-12-28T06:34:08.0568655Z Pages: write
2025-12-28T06:34:08.0569239Z PullRequests: write
2025-12-28T06:34:08.0569861Z RepositoryProjects: write
2025-12-28T06:34:08.0570482Z SecurityEvents: write
2025-12-28T06:34:08.0571080Z Statuses: write
2025-12-28T06:34:08.0571575Z ##[endgroup]
2025-12-28T06:34:08.0573584Z Secret source: Actions
2025-12-28T06:34:08.0574758Z Prepare workflow directory
2025-12-28T06:34:08.0974697Z Prepare all required actions
2025-12-28T06:34:08.1029577Z Getting action download info
2025-12-28T06:34:08.4101302Z Download action repository 'actions/checkout@v6.0.1' (SHA:8e8c483db84b4bee98b60c0593521ed34d9990e8)
2025-12-28T06:34:08.5224358Z Download action repository 'actions/setup-python@v6.1.0' (SHA:83679a892e2d95755f2dac6acb0bfd1e9ac5d548)
2025-12-28T06:34:08.7332507Z Complete job name: Run 1
2025-12-28T06:34:08.8004560Z ##[group]Run actions/checkout@v6.0.1
2025-12-28T06:34:08.8005440Z with:
2025-12-28T06:34:08.8005833Z   ref: main
2025-12-28T06:34:08.8006251Z   repository: Boss-1s/scratchattach
2025-12-28T06:34:08.8007085Z   token: ***
2025-12-28T06:34:08.8007488Z   ssh-strict: true
2025-12-28T06:34:08.8007901Z   ssh-user: git
2025-12-28T06:34:08.8008312Z   persist-credentials: true
2025-12-28T06:34:08.8008778Z   clean: true
2025-12-28T06:34:08.8009191Z   sparse-checkout-cone-mode: true
2025-12-28T06:34:08.8009688Z   fetch-depth: 1
2025-12-28T06:34:08.8010100Z   fetch-tags: false
2025-12-28T06:34:08.8010503Z   show-progress: true
2025-12-28T06:34:08.8010925Z   lfs: false
2025-12-28T06:34:08.8011307Z   submodules: false
2025-12-28T06:34:08.8011727Z   set-safe-directory: true
2025-12-28T06:34:08.8012772Z ##[endgroup]
2025-12-28T06:34:08.8907790Z Syncing repository: Boss-1s/scratchattach
2025-12-28T06:34:08.8909480Z ##[group]Getting Git version info
2025-12-28T06:34:08.8910437Z Working directory is '/home/runner/work/scratchattach/scratchattach'
2025-12-28T06:34:08.8911470Z [command]/usr/bin/git version
2025-12-28T06:34:08.8957575Z git version 2.52.0
2025-12-28T06:34:08.8976969Z ##[endgroup]
2025-12-28T06:34:08.8990070Z Temporarily overriding HOME='/home/runner/work/_temp/a80f7f1d-5129-4359-a3db-e7fd2bb3f417' before making global git config changes
2025-12-28T06:34:08.8994479Z Adding repository directory to the temporary git global config as a safe directory
2025-12-28T06:34:08.8996541Z [command]/usr/bin/git config --global --add safe.directory /home/runner/work/scratchattach/scratchattach
2025-12-28T06:34:08.9032592Z Deleting the contents of '/home/runner/work/scratchattach/scratchattach'
2025-12-28T06:34:08.9036119Z ##[group]Initializing the repository
2025-12-28T06:34:08.9040981Z [command]/usr/bin/git init /home/runner/work/scratchattach/scratchattach
2025-12-28T06:34:08.9140124Z hint: Using 'master' as the name for the initial branch. This default branch name
2025-12-28T06:34:08.9141298Z hint: will change to "main" in Git 3.0. To configure the initial branch name
2025-12-28T06:34:08.9142178Z hint: to use in all of your new repositories, which will suppress this warning,
2025-12-28T06:34:08.9142862Z hint: call:
2025-12-28T06:34:08.9143235Z hint:
2025-12-28T06:34:08.9143723Z hint: 	git config --global init.defaultBranch <name>
2025-12-28T06:34:08.9144288Z hint:
2025-12-28T06:34:08.9144828Z hint: Names commonly chosen instead of 'master' are 'main', 'trunk' and
2025-12-28T06:34:08.9145714Z hint: 'development'. The just-created branch can be renamed via this command:
2025-12-28T06:34:08.9146408Z hint:
2025-12-28T06:34:08.9147042Z hint: 	git branch -m <name>
2025-12-28T06:34:08.9147506Z hint:
2025-12-28T06:34:08.9148150Z hint: Disable this message with "git config set advice.defaultBranchName false"
2025-12-28T06:34:08.9172197Z Initialized empty Git repository in /home/runner/work/scratchattach/scratchattach/.git/
2025-12-28T06:34:08.9181430Z [command]/usr/bin/git remote add origin https://github.com/Boss-1s/scratchattach
2025-12-28T06:34:08.9213831Z ##[endgroup]
2025-12-28T06:34:08.9214556Z ##[group]Disabling automatic garbage collection
2025-12-28T06:34:08.9217284Z [command]/usr/bin/git config --local gc.auto 0
2025-12-28T06:34:08.9243975Z ##[endgroup]
2025-12-28T06:34:08.9244672Z ##[group]Setting up auth
2025-12-28T06:34:08.9245438Z Removing SSH command configuration
2025-12-28T06:34:08.9250743Z [command]/usr/bin/git config --local --name-only --get-regexp core\.sshCommand
2025-12-28T06:34:08.9279640Z [command]/usr/bin/git submodule foreach --recursive sh -c "git config --local --name-only --get-regexp 'core\.sshCommand' && git config --local --unset-all 'core.sshCommand' || :"
2025-12-28T06:34:08.9621394Z Removing HTTP extra header
2025-12-28T06:34:08.9626612Z [command]/usr/bin/git config --local --name-only --get-regexp http\.https\:\/\/github\.com\/\.extraheader
2025-12-28T06:34:08.9654662Z [command]/usr/bin/git submodule foreach --recursive sh -c "git config --local --name-only --get-regexp 'http\.https\:\/\/github\.com\/\.extraheader' && git config --local --unset-all 'http.https://github.com/.extraheader' || :"
2025-12-28T06:34:08.9861719Z Removing includeIf entries pointing to credentials config files
2025-12-28T06:34:08.9867540Z [command]/usr/bin/git config --local --name-only --get-regexp ^includeIf\.gitdir:
2025-12-28T06:34:08.9899419Z [command]/usr/bin/git submodule foreach --recursive git config --local --show-origin --name-only --get-regexp remote.origin.url
2025-12-28T06:34:09.0114009Z [command]/usr/bin/git config --file /home/runner/work/_temp/git-credentials-66c1d6ab-3fd0-450f-801c-2205b18b4ef3.config http.https://github.com/.extraheader AUTHORIZATION: basic ***
2025-12-28T06:34:09.0148714Z [command]/usr/bin/git config --local includeIf.gitdir:/home/runner/work/scratchattach/scratchattach/.git.path /home/runner/work/_temp/git-credentials-66c1d6ab-3fd0-450f-801c-2205b18b4ef3.config
2025-12-28T06:34:09.0175806Z [command]/usr/bin/git config --local includeIf.gitdir:/home/runner/work/scratchattach/scratchattach/.git/worktrees/*.path /home/runner/work/_temp/git-credentials-66c1d6ab-3fd0-450f-801c-2205b18b4ef3.config
2025-12-28T06:34:09.0203286Z [command]/usr/bin/git config --local includeIf.gitdir:/github/workspace/.git.path /github/runner_temp/git-credentials-66c1d6ab-3fd0-450f-801c-2205b18b4ef3.config
2025-12-28T06:34:09.0232858Z [command]/usr/bin/git config --local includeIf.gitdir:/github/workspace/.git/worktrees/*.path /github/runner_temp/git-credentials-66c1d6ab-3fd0-450f-801c-2205b18b4ef3.config
2025-12-28T06:34:09.0260670Z ##[endgroup]
2025-12-28T06:34:09.0261808Z ##[group]Fetching the repository
2025-12-28T06:34:09.0273078Z [command]/usr/bin/git -c protocol.version=2 fetch --no-tags --prune --no-recurse-submodules --depth=1 origin +refs/heads/main*:refs/remotes/origin/main* +refs/tags/main*:refs/tags/main*
2025-12-28T06:34:12.0233231Z From https://github.com/Boss-1s/scratchattach
2025-12-28T06:34:12.0234979Z  * [new branch]      main       -> origin/main
2025-12-28T06:34:12.0266478Z ##[endgroup]
2025-12-28T06:34:12.0269772Z ##[group]Determining the checkout info
2025-12-28T06:34:12.0274264Z [command]/usr/bin/git branch --list --remote origin/main
2025-12-28T06:34:12.0305727Z   origin/main
2025-12-28T06:34:12.0312648Z ##[endgroup]
2025-12-28T06:34:12.0316619Z [command]/usr/bin/git sparse-checkout disable
2025-12-28T06:34:12.0358148Z [command]/usr/bin/git config --local --unset-all extensions.worktreeConfig
2025-12-28T06:34:12.0387867Z ##[group]Checking out the ref
2025-12-28T06:34:12.0389583Z [command]/usr/bin/git checkout --progress --force -B main refs/remotes/origin/main
2025-12-28T06:34:12.7341206Z Switched to a new branch 'main'
2025-12-28T06:34:12.7343022Z branch 'main' set up to track 'origin/main'.
2025-12-28T06:34:12.7428380Z ##[endgroup]
2025-12-28T06:34:12.7466312Z [command]/usr/bin/git log -1 --format=%H
2025-12-28T06:34:12.7489091Z 7a0b3a93ee43370053e05aacfd8e2b03dd79df5f
2025-12-28T06:34:12.7711227Z ##[group]Run actions/setup-python@v6.1.0
2025-12-28T06:34:12.7711571Z with:
2025-12-28T06:34:12.7711790Z   python-version: 3.13
2025-12-28T06:34:12.7712037Z   check-latest: false
2025-12-28T06:34:12.7712398Z   token: ***
2025-12-28T06:34:12.7712627Z   update-environment: true
2025-12-28T06:34:12.7712877Z   allow-prereleases: false
2025-12-28T06:34:12.7713123Z   freethreaded: false
2025-12-28T06:34:12.7713345Z ##[endgroup]
2025-12-28T06:34:12.8941732Z ##[group]Installed versions
2025-12-28T06:34:12.9039857Z (node:2112) [DEP0040] DeprecationWarning: The `punycode` module is deprecated. Please use a userland alternative instead.
2025-12-28T06:34:12.9040678Z (Use `node --trace-deprecation ...` to show where the warning was created)
2025-12-28T06:34:12.9041273Z Successfully set up CPython (3.13.11)
2025-12-28T06:34:12.9042108Z ##[endgroup]
2025-12-28T06:34:12.9168270Z ##[group]Run pip install -r requirements.txt
2025-12-28T06:34:12.9168713Z [36;1mpip install -r requirements.txt[0m
2025-12-28T06:34:12.9211643Z shell: /usr/bin/bash -e {0}
2025-12-28T06:34:12.9211936Z env:
2025-12-28T06:34:12.9212222Z   pythonLocation: /opt/hostedtoolcache/Python/3.13.11/x64
2025-12-28T06:34:12.9212690Z   PKG_CONFIG_PATH: /opt/hostedtoolcache/Python/3.13.11/x64/lib/pkgconfig
2025-12-28T06:34:12.9213135Z   Python_ROOT_DIR: /opt/hostedtoolcache/Python/3.13.11/x64
2025-12-28T06:34:12.9213513Z   Python2_ROOT_DIR: /opt/hostedtoolcache/Python/3.13.11/x64
2025-12-28T06:34:12.9213896Z   Python3_ROOT_DIR: /opt/hostedtoolcache/Python/3.13.11/x64
2025-12-28T06:34:12.9214280Z   LD_LIBRARY_PATH: /opt/hostedtoolcache/Python/3.13.11/x64/lib
2025-12-28T06:34:12.9214596Z ##[endgroup]
2025-12-28T06:34:14.7874208Z Collecting scratchattach>=2.1.15b0 (from -r requirements.txt (line 1))
2025-12-28T06:34:14.8416912Z   Downloading scratchattach-2.1.15b0-py3-none-any.whl.metadata (5.7 kB)
2025-12-28T06:34:14.8627878Z Collecting websocket-client (from scratchattach>=2.1.15b0->-r requirements.txt (line 1))
2025-12-28T06:34:14.8657756Z   Downloading websocket_client-1.9.0-py3-none-any.whl.metadata (8.3 kB)
2025-12-28T06:34:14.8934787Z Collecting requests (from scratchattach>=2.1.15b0->-r requirements.txt (line 1))
2025-12-28T06:34:14.8964427Z   Downloading requests-2.32.5-py3-none-any.whl.metadata (4.9 kB)
2025-12-28T06:34:14.9080528Z Collecting bs4 (from scratchattach>=2.1.15b0->-r requirements.txt (line 1))
2025-12-28T06:34:14.9109332Z   Downloading bs4-0.0.2-py2.py3-none-any.whl.metadata (411 bytes)
2025-12-28T06:34:14.9417144Z Collecting SimpleWebSocketServer (from scratchattach>=2.1.15b0->-r requirements.txt (line 1))
2025-12-28T06:34:14.9483069Z   Downloading SimpleWebSocketServer-0.1.2.tar.gz (10 kB)
2025-12-28T06:34:14.9560644Z   Installing build dependencies: started
2025-12-28T06:34:15.7771472Z   Installing build dependencies: finished with status 'done'
2025-12-28T06:34:15.7778771Z   Getting requirements to build wheel: started
2025-12-28T06:34:16.2012428Z   Getting requirements to build wheel: finished with status 'done'
2025-12-28T06:34:16.2021996Z   Preparing metadata (pyproject.toml): started
2025-12-28T06:34:16.3915224Z   Preparing metadata (pyproject.toml): finished with status 'done'
2025-12-28T06:34:16.4084022Z Collecting typing-extensions (from scratchattach>=2.1.15b0->-r requirements.txt (line 1))
2025-12-28T06:34:16.4113870Z   Downloading typing_extensions-4.15.0-py3-none-any.whl.metadata (3.3 kB)
2025-12-28T06:34:16.4254984Z Collecting browser_cookie3 (from scratchattach>=2.1.15b0->-r requirements.txt (line 1))
2025-12-28T06:34:16.4285076Z   Downloading browser_cookie3-0.20.1-py3-none-any.whl.metadata (713 bytes)
2025-12-28T06:34:16.4979369Z Collecting lz4 (from browser_cookie3->scratchattach>=2.1.15b0->-r requirements.txt (line 1))
2025-12-28T06:34:16.5018624Z   Downloading lz4-4.4.5-cp313-cp313-manylinux2014_x86_64.manylinux_2_17_x86_64.manylinux_2_28_x86_64.whl.metadata (3.8 kB)
2025-12-28T06:34:16.5816994Z Collecting pycryptodomex (from browser_cookie3->scratchattach>=2.1.15b0->-r requirements.txt (line 1))
2025-12-28T06:34:16.5847575Z   Downloading pycryptodomex-3.23.0-cp37-abi3-manylinux_2_17_x86_64.manylinux2014_x86_64.whl.metadata (3.4 kB)
2025-12-28T06:34:16.5961111Z Collecting jeepney (from browser_cookie3->scratchattach>=2.1.15b0->-r requirements.txt (line 1))
2025-12-28T06:34:16.5988253Z   Downloading jeepney-0.9.0-py3-none-any.whl.metadata (1.2 kB)
2025-12-28T06:34:16.6183085Z Collecting beautifulsoup4 (from bs4->scratchattach>=2.1.15b0->-r requirements.txt (line 1))
2025-12-28T06:34:16.6212127Z   Downloading beautifulsoup4-4.14.3-py3-none-any.whl.metadata (3.8 kB)
2025-12-28T06:34:16.6394475Z Collecting soupsieve>=1.6.1 (from beautifulsoup4->bs4->scratchattach>=2.1.15b0->-r requirements.txt (line 1))
2025-12-28T06:34:16.6424458Z   Downloading soupsieve-2.8.1-py3-none-any.whl.metadata (4.6 kB)
2025-12-28T06:34:16.7392071Z Collecting charset_normalizer<4,>=2 (from requests->scratchattach>=2.1.15b0->-r requirements.txt (line 1))
2025-12-28T06:34:16.7422578Z   Downloading charset_normalizer-3.4.4-cp313-cp313-manylinux2014_x86_64.manylinux_2_17_x86_64.manylinux_2_28_x86_64.whl.metadata (37 kB)
2025-12-28T06:34:16.7597327Z Collecting idna<4,>=2.5 (from requests->scratchattach>=2.1.15b0->-r requirements.txt (line 1))
2025-12-28T06:34:16.7632560Z   Downloading idna-3.11-py3-none-any.whl.metadata (8.4 kB)
2025-12-28T06:34:16.7950893Z Collecting urllib3<3,>=1.21.1 (from requests->scratchattach>=2.1.15b0->-r requirements.txt (line 1))
2025-12-28T06:34:16.7981501Z   Downloading urllib3-2.6.2-py3-none-any.whl.metadata (6.6 kB)
2025-12-28T06:34:16.8194823Z Collecting certifi>=2017.4.17 (from requests->scratchattach>=2.1.15b0->-r requirements.txt (line 1))
2025-12-28T06:34:16.8225566Z   Downloading certifi-2025.11.12-py3-none-any.whl.metadata (2.5 kB)
2025-12-28T06:34:16.8335112Z Downloading scratchattach-2.1.15b0-py3-none-any.whl (145 kB)
2025-12-28T06:34:16.8401557Z Downloading browser_cookie3-0.20.1-py3-none-any.whl (17 kB)
2025-12-28T06:34:16.8512268Z Downloading bs4-0.0.2-py2.py3-none-any.whl (1.2 kB)
2025-12-28T06:34:16.8513300Z Downloading beautifulsoup4-4.14.3-py3-none-any.whl (107 kB)
2025-12-28T06:34:16.8553785Z Downloading soupsieve-2.8.1-py3-none-any.whl (36 kB)
2025-12-28T06:34:16.8609675Z Downloading typing_extensions-4.15.0-py3-none-any.whl (44 kB)
2025-12-28T06:34:16.8659064Z Downloading jeepney-0.9.0-py3-none-any.whl (49 kB)
2025-12-28T06:34:16.8723249Z Downloading lz4-4.4.5-cp313-cp313-manylinux2014_x86_64.manylinux_2_17_x86_64.manylinux_2_28_x86_64.whl (1.4 MB)
2025-12-28T06:34:16.8837077Z    ━━━━━━━━━━━━━━━━━━━━━━━━━━━━━━━━━━━━━━━━ 1.4/1.4 MB 148.9 MB/s  0:00:00
2025-12-28T06:34:16.8868628Z Downloading pycryptodomex-3.23.0-cp37-abi3-manylinux_2_17_x86_64.manylinux2014_x86_64.whl (2.3 MB)
2025-12-28T06:34:16.8997747Z    ━━━━━━━━━━━━━━━━━━━━━━━━━━━━━━━━━━━━━━━━ 2.3/2.3 MB 189.6 MB/s  0:00:00
2025-12-28T06:34:16.9027348Z Downloading requests-2.32.5-py3-none-any.whl (64 kB)
2025-12-28T06:34:16.9080572Z Downloading charset_normalizer-3.4.4-cp313-cp313-manylinux2014_x86_64.manylinux_2_17_x86_64.manylinux_2_28_x86_64.whl (153 kB)
2025-12-28T06:34:16.9133147Z Downloading idna-3.11-py3-none-any.whl (71 kB)
2025-12-28T06:34:16.9183259Z Downloading urllib3-2.6.2-py3-none-any.whl (131 kB)
2025-12-28T06:34:16.9235472Z Downloading certifi-2025.11.12-py3-none-any.whl (159 kB)
2025-12-28T06:34:16.9292287Z Downloading websocket_client-1.9.0-py3-none-any.whl (82 kB)
2025-12-28T06:34:16.9502127Z Building wheels for collected packages: SimpleWebSocketServer
2025-12-28T06:34:16.9510331Z   Building wheel for SimpleWebSocketServer (pyproject.toml): started
2025-12-28T06:34:17.1693202Z   Building wheel for SimpleWebSocketServer (pyproject.toml): finished with status 'done'
2025-12-28T06:34:17.1699558Z   Created wheel for SimpleWebSocketServer: filename=simplewebsocketserver-0.1.2-py3-none-any.whl size=9715 sha256=b86cc7f50b9ecc9adcdd933c5907259f3dde8e45e2b6be447694f67de513c614
2025-12-28T06:34:17.1701103Z   Stored in directory: /home/runner/.cache/pip/wheels/c4/5b/e8/4f2c15a82edc4923058056f6681373168be02a0c00389a6dcf
2025-12-28T06:34:17.1719609Z Successfully built SimpleWebSocketServer
2025-12-28T06:34:17.1959795Z Installing collected packages: SimpleWebSocketServer, websocket-client, urllib3, typing-extensions, soupsieve, pycryptodomex, lz4, jeepney, idna, charset_normalizer, certifi, requests, browser_cookie3, beautifulsoup4, bs4, scratchattach
2025-12-28T06:34:18.2698623Z 
2025-12-28T06:34:18.2723953Z Successfully installed SimpleWebSocketServer-0.1.2 beautifulsoup4-4.14.3 browser_cookie3-0.20.1 bs4-0.0.2 certifi-2025.11.12 charset_normalizer-3.4.4 idna-3.11 jeepney-0.9.0 lz4-4.4.5 pycryptodomex-3.23.0 requests-2.32.5 scratchattach-2.1.15b0 soupsieve-2.8.1 typing-extensions-4.15.0 urllib3-2.6.2 websocket-client-1.9.0
2025-12-28T06:34:18.4613663Z ##[group]Run actions/checkout@v6.0.1
2025-12-28T06:34:18.4613909Z with:
2025-12-28T06:34:18.4614070Z   ref: main
2025-12-28T06:34:18.4614249Z   repository: Boss-1s/scratchattach
2025-12-28T06:34:18.4614582Z   token: ***
2025-12-28T06:34:18.4614753Z   ssh-strict: true
2025-12-28T06:34:18.4614928Z   ssh-user: git
2025-12-28T06:34:18.4615111Z   persist-credentials: true
2025-12-28T06:34:18.4615331Z   clean: true
2025-12-28T06:34:18.4615513Z   sparse-checkout-cone-mode: true
2025-12-28T06:34:18.4615740Z   fetch-depth: 1
2025-12-28T06:34:18.4615921Z   fetch-tags: false
2025-12-28T06:34:18.4616096Z   show-progress: true
2025-12-28T06:34:18.4616275Z   lfs: false
2025-12-28T06:34:18.4616440Z   submodules: false
2025-12-28T06:34:18.4616618Z   set-safe-directory: true
2025-12-28T06:34:18.4617043Z env:
2025-12-28T06:34:18.4617264Z   pythonLocation: /opt/hostedtoolcache/Python/3.13.11/x64
2025-12-28T06:34:18.4617656Z   PKG_CONFIG_PATH: /opt/hostedtoolcache/Python/3.13.11/x64/lib/pkgconfig
2025-12-28T06:34:18.4618087Z   Python_ROOT_DIR: /opt/hostedtoolcache/Python/3.13.11/x64
2025-12-28T06:34:18.4618425Z   Python2_ROOT_DIR: /opt/hostedtoolcache/Python/3.13.11/x64
2025-12-28T06:34:18.4618759Z   Python3_ROOT_DIR: /opt/hostedtoolcache/Python/3.13.11/x64
2025-12-28T06:34:18.4619091Z   LD_LIBRARY_PATH: /opt/hostedtoolcache/Python/3.13.11/x64/lib
2025-12-28T06:34:18.4619370Z ##[endgroup]
2025-12-28T06:34:18.5394043Z Syncing repository: Boss-1s/scratchattach
2025-12-28T06:34:18.5396855Z ##[group]Getting Git version info
2025-12-28T06:34:18.5397572Z Working directory is '/home/runner/work/scratchattach/scratchattach'
2025-12-28T06:34:18.5433066Z [command]/usr/bin/git version
2025-12-28T06:34:18.5467558Z git version 2.52.0
2025-12-28T06:34:18.5487048Z ##[endgroup]
2025-12-28T06:34:18.5501094Z Temporarily overriding HOME='/home/runner/work/_temp/f467146f-5625-42c1-a2a6-7f28e41ec00a' before making global git config changes
2025-12-28T06:34:18.5502378Z Adding repository directory to the temporary git global config as a safe directory
2025-12-28T06:34:18.5507066Z [command]/usr/bin/git config --global --add safe.directory /home/runner/work/scratchattach/scratchattach
2025-12-28T06:34:18.5543084Z [command]/usr/bin/git config --local --get remote.origin.url
2025-12-28T06:34:18.5563443Z https://github.com/Boss-1s/scratchattach
2025-12-28T06:34:18.5576220Z ##[group]Removing previously created refs, to avoid conflicts
2025-12-28T06:34:18.5580635Z [command]/usr/bin/git rev-parse --symbolic-full-name --verify --quiet HEAD
2025-12-28T06:34:18.5601750Z refs/heads/main
2025-12-28T06:34:18.5610906Z [command]/usr/bin/git checkout --detach
2025-12-28T06:34:19.1491543Z HEAD is now at 7a0b3a9 [BOT] Download Logs
2025-12-28T06:34:19.1549784Z [command]/usr/bin/git branch --delete --force main
2025-12-28T06:34:19.1578063Z Deleted branch main (was 7a0b3a9).
2025-12-28T06:34:19.1614362Z ##[endgroup]
2025-12-28T06:34:19.1618433Z [command]/usr/bin/git submodule status
2025-12-28T06:34:19.1843175Z ##[group]Cleaning the repository
2025-12-28T06:34:19.1847577Z [command]/usr/bin/git clean -ffdx
2025-12-28T06:34:19.1896199Z [command]/usr/bin/git reset --hard HEAD
2025-12-28T06:34:19.1993204Z HEAD is now at 7a0b3a9 [BOT] Download Logs
2025-12-28T06:34:19.1999135Z ##[endgroup]
2025-12-28T06:34:19.2001025Z ##[group]Disabling automatic garbage collection
2025-12-28T06:34:19.2005255Z [command]/usr/bin/git config --local gc.auto 0
2025-12-28T06:34:19.2031150Z ##[endgroup]
2025-12-28T06:34:19.2031721Z ##[group]Setting up auth
2025-12-28T06:34:19.2032961Z Removing SSH command configuration
2025-12-28T06:34:19.2039528Z [command]/usr/bin/git config --local --name-only --get-regexp core\.sshCommand
2025-12-28T06:34:19.2068855Z [command]/usr/bin/git submodule foreach --recursive sh -c "git config --local --name-only --get-regexp 'core\.sshCommand' && git config --local --unset-all 'core.sshCommand' || :"
2025-12-28T06:34:19.2287438Z Removing HTTP extra header
2025-12-28T06:34:19.2292218Z [command]/usr/bin/git config --local --name-only --get-regexp http\.https\:\/\/github\.com\/\.extraheader
2025-12-28T06:34:19.2322215Z [command]/usr/bin/git submodule foreach --recursive sh -c "git config --local --name-only --get-regexp 'http\.https\:\/\/github\.com\/\.extraheader' && git config --local --unset-all 'http.https://github.com/.extraheader' || :"
2025-12-28T06:34:19.2539246Z Removing includeIf entries pointing to credentials config files
2025-12-28T06:34:19.2544303Z [command]/usr/bin/git config --local --name-only --get-regexp ^includeIf\.gitdir:
2025-12-28T06:34:19.2565113Z includeif.gitdir:/home/runner/work/scratchattach/scratchattach/.git.path
2025-12-28T06:34:19.2566084Z includeif.gitdir:/home/runner/work/scratchattach/scratchattach/.git/worktrees/*.path
2025-12-28T06:34:19.2567051Z includeif.gitdir:/github/workspace/.git.path
2025-12-28T06:34:19.2567463Z includeif.gitdir:/github/workspace/.git/worktrees/*.path
2025-12-28T06:34:19.2580693Z [command]/usr/bin/git config --local --get-all includeif.gitdir:/home/runner/work/scratchattach/scratchattach/.git.path
2025-12-28T06:34:19.2601815Z /home/runner/work/_temp/git-credentials-66c1d6ab-3fd0-450f-801c-2205b18b4ef3.config
2025-12-28T06:34:19.2614864Z [command]/usr/bin/git config --local --unset includeif.gitdir:/home/runner/work/scratchattach/scratchattach/.git.path /home/runner/work/_temp/git-credentials-66c1d6ab-3fd0-450f-801c-2205b18b4ef3.config
2025-12-28T06:34:19.2649315Z [command]/usr/bin/git config --local --get-all includeif.gitdir:/home/runner/work/scratchattach/scratchattach/.git/worktrees/*.path
2025-12-28T06:34:19.2671762Z /home/runner/work/_temp/git-credentials-66c1d6ab-3fd0-450f-801c-2205b18b4ef3.config
2025-12-28T06:34:19.2682936Z [command]/usr/bin/git config --local --unset includeif.gitdir:/home/runner/work/scratchattach/scratchattach/.git/worktrees/*.path /home/runner/work/_temp/git-credentials-66c1d6ab-3fd0-450f-801c-2205b18b4ef3.config
2025-12-28T06:34:19.2713503Z [command]/usr/bin/git config --local --get-all includeif.gitdir:/github/workspace/.git.path
2025-12-28T06:34:19.2734570Z /github/runner_temp/git-credentials-66c1d6ab-3fd0-450f-801c-2205b18b4ef3.config
2025-12-28T06:34:19.2743484Z [command]/usr/bin/git config --local --unset includeif.gitdir:/github/workspace/.git.path /github/runner_temp/git-credentials-66c1d6ab-3fd0-450f-801c-2205b18b4ef3.config
2025-12-28T06:34:19.2775449Z [command]/usr/bin/git config --local --get-all includeif.gitdir:/github/workspace/.git/worktrees/*.path
2025-12-28T06:34:19.2796196Z /github/runner_temp/git-credentials-66c1d6ab-3fd0-450f-801c-2205b18b4ef3.config
2025-12-28T06:34:19.2805788Z [command]/usr/bin/git config --local --unset includeif.gitdir:/github/workspace/.git/worktrees/*.path /github/runner_temp/git-credentials-66c1d6ab-3fd0-450f-801c-2205b18b4ef3.config
2025-12-28T06:34:19.2839424Z [command]/usr/bin/git submodule foreach --recursive git config --local --show-origin --name-only --get-regexp remote.origin.url
2025-12-28T06:34:19.3073616Z Removing credentials config '/home/runner/work/_temp/git-credentials-66c1d6ab-3fd0-450f-801c-2205b18b4ef3.config'
2025-12-28T06:34:19.3086042Z [command]/usr/bin/git config --file /home/runner/work/_temp/git-credentials-1b95045b-9297-4b47-9be1-437ef4bf89c9.config http.https://github.com/.extraheader AUTHORIZATION: basic ***
2025-12-28T06:34:19.3122531Z [command]/usr/bin/git config --local includeIf.gitdir:/home/runner/work/scratchattach/scratchattach/.git.path /home/runner/work/_temp/git-credentials-1b95045b-9297-4b47-9be1-437ef4bf89c9.config
2025-12-28T06:34:19.3154201Z [command]/usr/bin/git config --local includeIf.gitdir:/home/runner/work/scratchattach/scratchattach/.git/worktrees/*.path /home/runner/work/_temp/git-credentials-1b95045b-9297-4b47-9be1-437ef4bf89c9.config
2025-12-28T06:34:19.3188867Z [command]/usr/bin/git config --local includeIf.gitdir:/github/workspace/.git.path /github/runner_temp/git-credentials-1b95045b-9297-4b47-9be1-437ef4bf89c9.config
2025-12-28T06:34:19.3222737Z [command]/usr/bin/git config --local includeIf.gitdir:/github/workspace/.git/worktrees/*.path /github/runner_temp/git-credentials-1b95045b-9297-4b47-9be1-437ef4bf89c9.config
2025-12-28T06:34:19.3249942Z ##[endgroup]
2025-12-28T06:34:19.3250439Z ##[group]Fetching the repository
2025-12-28T06:34:19.3263251Z [command]/usr/bin/git -c protocol.version=2 fetch --no-tags --prune --no-recurse-submodules --depth=1 origin +refs/heads/main*:refs/remotes/origin/main* +refs/tags/main*:refs/tags/main*
2025-12-28T06:34:19.5559120Z ##[endgroup]
2025-12-28T06:34:19.5559733Z ##[group]Determining the checkout info
2025-12-28T06:34:19.5566303Z [command]/usr/bin/git branch --list --remote origin/main
2025-12-28T06:34:19.5591439Z   origin/main
2025-12-28T06:34:19.5595519Z ##[endgroup]
2025-12-28T06:34:19.5600419Z [command]/usr/bin/git sparse-checkout disable
2025-12-28T06:34:19.5658015Z [command]/usr/bin/git config --local --unset-all extensions.worktreeConfig
2025-12-28T06:34:19.5682911Z ##[group]Checking out the ref
2025-12-28T06:34:19.5687226Z [command]/usr/bin/git checkout --progress --force -B main refs/remotes/origin/main
2025-12-28T06:34:19.5763090Z Switched to a new branch 'main'
2025-12-28T06:34:19.5765429Z branch 'main' set up to track 'origin/main'.
2025-12-28T06:34:19.5770855Z ##[endgroup]
2025-12-28T06:34:19.5812197Z [command]/usr/bin/git log -1 --format=%H
2025-12-28T06:34:19.5835298Z 7a0b3a93ee43370053e05aacfd8e2b03dd79df5f
2025-12-28T06:34:19.5943121Z ##[group]Run timeout 359m python3 message_viewer.py || { [[ $? -eq 124 ]] && exit 0; }
2025-12-28T06:34:19.5943645Z [36;1mtimeout 359m python3 message_viewer.py || { [[ $? -eq 124 ]] && exit 0; }[0m
2025-12-28T06:34:19.5978036Z shell: /usr/bin/bash -e {0}
2025-12-28T06:34:19.5978260Z env:
2025-12-28T06:34:19.5978498Z   pythonLocation: /opt/hostedtoolcache/Python/3.13.11/x64
2025-12-28T06:34:19.5978889Z   PKG_CONFIG_PATH: /opt/hostedtoolcache/Python/3.13.11/x64/lib/pkgconfig
2025-12-28T06:34:19.5979289Z   Python_ROOT_DIR: /opt/hostedtoolcache/Python/3.13.11/x64
2025-12-28T06:34:19.5979632Z   Python2_ROOT_DIR: /opt/hostedtoolcache/Python/3.13.11/x64
2025-12-28T06:34:19.5979962Z   Python3_ROOT_DIR: /opt/hostedtoolcache/Python/3.13.11/x64
2025-12-28T06:34:19.5980463Z   LD_LIBRARY_PATH: /opt/hostedtoolcache/Python/3.13.11/x64/lib
2025-12-28T06:34:19.5980849Z   PASS: ***
2025-12-28T06:34:19.5981010Z ##[endgroup]
2025-12-28T06:34:20.7426342Z Thanks for giving credit for CloudRequests!
2025-12-28T06:34:20.7432550Z Request handler is running
2025-12-28T07:00:40.5430535Z CloudEvents: Disconnected. Reconnecting ... 1766903842.5557365
2025-12-28T07:00:40.5431149Z CloudEvents: Reconnected. 1766903842.655885
2025-12-28T07:00:40.5431716Z CloudEvents: Disconnected. Reconnecting ... 1766903842.9059455
2025-12-28T07:00:40.5432283Z CloudEvents: Reconnected. 1766903843.0060709
2025-12-28T07:00:40.5432813Z CloudEvents: Disconnected. Reconnecting ... 1766904054.1978748
2025-12-28T07:00:40.5433162Z CloudEvents: Reconnected. 1766904054.2980134
2025-12-28T07:00:40.5433486Z CloudEvents: Disconnected. Reconnecting ... 1766904166.4719276
2025-12-28T07:00:40.5433824Z CloudEvents: Reconnected. 1766904166.572072
2025-12-28T07:00:40.5434167Z CloudEvents: Disconnected. Reconnecting ... 1766904166.8943343
2025-12-28T07:00:40.5434494Z CloudEvents: Reconnected. 1766904166.9944613
2025-12-28T07:00:40.5434814Z CloudEvents: Disconnected. Reconnecting ... 1766904182.0841553
2025-12-28T07:00:40.5435148Z CloudEvents: Reconnected. 1766904182.184298
2025-12-28T07:00:40.5435477Z CloudEvents: Disconnected. Reconnecting ... 1766904182.4464223
2025-12-28T07:00:40.5435812Z CloudEvents: Reconnected. 1766904182.5465727
2025-12-28T07:00:40.5436134Z CloudEvents: Disconnected. Reconnecting ... 1766904182.7689242
2025-12-28T07:00:40.5436458Z CloudEvents: Reconnected. 1766904182.869033
2025-12-28T07:00:40.5437093Z CloudEvents: Disconnected. Reconnecting ... 1766904213.1679971
2025-12-28T07:00:40.5437428Z CloudEvents: Reconnected. 1766904213.2681365
2025-12-28T07:00:40.5437756Z CloudEvents: Disconnected. Reconnecting ... 1766904213.490537
2025-12-28T07:00:40.5438087Z CloudEvents: Reconnected. 1766904213.5906627
2025-12-28T07:00:40.5438404Z CloudEvents: Disconnected. Reconnecting ... 1766904213.8299127
2025-12-28T07:00:40.5438749Z CloudEvents: Reconnected. 1766904213.9300108
2025-12-28T07:00:40.5439070Z CloudEvents: Disconnected. Reconnecting ... 1766904258.8268368
2025-12-28T07:00:40.5439391Z CloudEvents: Reconnected. 1766904258.9269843
2025-12-28T07:00:40.5439713Z CloudEvents: Disconnected. Reconnecting ... 1766904262.5614934
2025-12-28T07:00:40.5440045Z CloudEvents: Reconnected. 1766904262.6616266
2025-12-28T07:00:40.5440359Z CloudEvents: Disconnected. Reconnecting ... 1766904262.8963327
2025-12-28T07:00:40.5440687Z CloudEvents: Reconnected. 1766904262.99646
2025-12-28T07:00:40.5441008Z CloudEvents: Disconnected. Reconnecting ... 1766904263.2358932
2025-12-28T07:00:40.5441331Z CloudEvents: Reconnected. 1766904263.3360224
2025-12-28T07:00:40.5441650Z CloudEvents: Disconnected. Reconnecting ... 1766904268.2090032
2025-12-28T07:00:40.5441978Z CloudEvents: Reconnected. 1766904268.3091192
2025-12-28T07:00:40.5442294Z CloudEvents: Disconnected. Reconnecting ... 1766904268.5323415
2025-12-28T07:00:40.5442626Z CloudEvents: Reconnected. 1766904268.6324759
2025-12-28T07:00:40.5442940Z CloudEvents: Disconnected. Reconnecting ... 1766904268.8492231
2025-12-28T07:00:40.5443266Z CloudEvents: Reconnected. 1766904268.9493556
2025-12-28T07:00:40.5443874Z CloudEvents: Disconnected. Reconnecting ... 1766904271.739896
2025-12-28T07:00:40.5444204Z CloudEvents: Reconnected. 1766904271.8400297
2025-12-28T07:00:40.5444526Z CloudEvents: Disconnected. Reconnecting ... 1766904272.0803626
2025-12-28T07:00:40.5444856Z CloudEvents: Reconnected. 1766904272.1804914
2025-12-28T07:00:40.5445171Z CloudEvents: Disconnected. Reconnecting ... 1766904272.39611
2025-12-28T07:00:40.5445496Z CloudEvents: Reconnected. 1766904272.4962387
2025-12-28T07:00:40.5445820Z CloudEvents: Disconnected. Reconnecting ... 1766904276.8638055
2025-12-28T07:00:40.5446181Z CloudEvents: Reconnected. 1766904276.9639394
2025-12-28T07:00:40.5446501Z CloudEvents: Disconnected. Reconnecting ... 1766904277.2082055
2025-12-28T07:00:40.5447117Z CloudEvents: Reconnected. 1766904277.308334
2025-12-28T07:00:40.5447433Z CloudEvents: Disconnected. Reconnecting ... 1766904277.5422893
2025-12-28T07:00:40.5447762Z CloudEvents: Reconnected. 1766904277.6424174
2025-12-28T07:00:40.5448088Z CloudEvents: Disconnected. Reconnecting ... 1766904284.7680438
2025-12-28T07:00:40.5448417Z CloudEvents: Reconnected. 1766904284.8681803
2025-12-28T07:00:40.5448738Z CloudEvents: Disconnected. Reconnecting ... 1766904285.0977068
2025-12-28T07:00:40.5449067Z CloudEvents: Reconnected. 1766904285.1978443
2025-12-28T07:00:40.5449382Z CloudEvents: Disconnected. Reconnecting ... 1766904285.4328852
2025-12-28T07:00:40.5449697Z CloudEvents: Reconnected. 1766904285.533019
2025-12-28T07:00:40.5449993Z CloudEvents: Disconnected. Reconnecting ... 1766904363.037827
2025-12-28T07:00:40.5450304Z CloudEvents: Reconnected. 1766904363.1379685
2025-12-28T07:00:40.5450610Z CloudEvents: Disconnected. Reconnecting ... 1766904363.3702354
2025-12-28T07:00:40.5450920Z CloudEvents: Reconnected. 1766904363.4703639
2025-12-28T07:00:40.5451220Z CloudEvents: Disconnected. Reconnecting ... 1766904363.7050679
2025-12-28T07:00:40.5451524Z CloudEvents: Reconnected. 1766904363.8051963
2025-12-28T07:00:40.5451819Z CloudEvents: Disconnected. Reconnecting ... 1766904371.947761
2025-12-28T07:00:40.5452120Z CloudEvents: Reconnected. 1766904372.0479093
2025-12-28T07:00:40.5452415Z CloudEvents: Disconnected. Reconnecting ... 1766904372.2798944
2025-12-28T07:00:40.5452711Z CloudEvents: Reconnected. 1766904372.3800204
2025-12-28T07:00:40.5453004Z CloudEvents: Disconnected. Reconnecting ... 1766904381.6160088
2025-12-28T07:00:40.5453303Z CloudEvents: Reconnected. 1766904381.7161295
2025-12-28T07:00:40.5453589Z CloudEvents: Disconnected. Reconnecting ... 1766904381.9459574
2025-12-28T07:00:40.5453888Z CloudEvents: Reconnected. 1766904382.0460865
2025-12-28T07:00:40.5454178Z CloudEvents: Disconnected. Reconnecting ... 1766904382.278382
2025-12-28T07:00:40.5454472Z CloudEvents: Reconnected. 1766904382.3785021
2025-12-28T07:00:40.5454770Z CloudEvents: Disconnected. Reconnecting ... 1766904402.7064009
2025-12-28T07:00:40.5455072Z CloudEvents: Reconnected. 1766904402.8065445
2025-12-28T07:00:40.5455359Z CloudEvents: Disconnected. Reconnecting ... 1766904403.033582
2025-12-28T07:00:40.5455664Z CloudEvents: Reconnected. 1766904403.1337132
2025-12-28T07:00:40.5455961Z CloudEvents: Disconnected. Reconnecting ... 1766904414.5788455
2025-12-28T07:00:40.5456270Z CloudEvents: Reconnected. 1766904414.6789885
2025-12-28T07:00:40.5456576Z CloudEvents: Disconnected. Reconnecting ... 1766904423.596587
2025-12-28T07:00:40.5456991Z CloudEvents: Reconnected. 1766904423.696725
2025-12-28T07:00:40.5457292Z CloudEvents: Disconnected. Reconnecting ... 1766904423.922547
2025-12-28T07:00:40.5457594Z CloudEvents: Reconnected. 1766904424.0226996
2025-12-28T07:00:40.5457890Z CloudEvents: Disconnected. Reconnecting ... 1766904424.2407038
2025-12-28T07:00:40.5458195Z CloudEvents: Reconnected. 1766904424.340834
2025-12-28T07:00:40.5458494Z CloudEvents: Disconnected. Reconnecting ... 1766904432.5306284
2025-12-28T07:00:40.5458792Z CloudEvents: Reconnected. 1766904432.630763
2025-12-28T07:00:40.5459084Z CloudEvents: Disconnected. Reconnecting ... 1766904432.8482313
2025-12-28T07:00:40.5459521Z CloudEvents: Reconnected. 1766904432.9483602
2025-12-28T07:00:40.5459820Z CloudEvents: Disconnected. Reconnecting ... 1766904433.1726527
2025-12-28T07:00:40.5460120Z CloudEvents: Reconnected. 1766904433.2727838
2025-12-28T07:00:40.5460413Z CloudEvents: Disconnected. Reconnecting ... 1766904441.078246
2025-12-28T07:00:40.5460702Z CloudEvents: Reconnected. 1766904441.178386
2025-12-28T07:00:40.5460992Z CloudEvents: Disconnected. Reconnecting ... 1766904441.4052684
2025-12-28T07:00:40.5461285Z CloudEvents: Reconnected. 1766904441.5053957
2025-12-28T07:00:40.5461577Z CloudEvents: Disconnected. Reconnecting ... 1766904441.7340584
2025-12-28T07:00:40.5461874Z CloudEvents: Reconnected. 1766904441.8341901
2025-12-28T07:00:40.5462162Z CloudEvents: Disconnected. Reconnecting ... 1766904449.9279554
2025-12-28T07:00:40.5462571Z CloudEvents: Reconnected. 1766904450.0280893
2025-12-28T07:00:40.5462861Z CloudEvents: Disconnected. Reconnecting ... 1766904450.2469392
2025-12-28T07:00:40.5463153Z CloudEvents: Reconnected. 1766904450.34707
2025-12-28T07:00:40.5463452Z CloudEvents: Disconnected. Reconnecting ... 1766904450.5715954
2025-12-28T07:00:40.5463750Z CloudEvents: Reconnected. 1766904450.6717255
2025-12-28T07:00:40.5464037Z CloudEvents: Disconnected. Reconnecting ... 1766904626.868887
2025-12-28T07:00:40.5464333Z CloudEvents: Reconnected. 1766904626.9690223
2025-12-28T07:00:40.5464626Z CloudEvents: Disconnected. Reconnecting ... 1766904660.4993432
2025-12-28T07:00:40.5464920Z CloudEvents: Reconnected. 1766904660.5994964
2025-12-28T07:00:40.5465211Z CloudEvents: Disconnected. Reconnecting ... 1766904660.8245192
2025-12-28T07:00:40.5465504Z CloudEvents: Reconnected. 1766904660.9247205
2025-12-28T07:00:40.5465794Z CloudEvents: Disconnected. Reconnecting ... 1766904661.1663811
2025-12-28T07:00:40.5466096Z CloudEvents: Reconnected. 1766904661.2665498
2025-12-28T07:00:40.5466380Z CloudEvents: Disconnected. Reconnecting ... 1766904667.5222576
2025-12-28T07:00:40.5466783Z CloudEvents: Reconnected. 1766904667.6224053
2025-12-28T07:00:40.5467077Z CloudEvents: Disconnected. Reconnecting ... 1766904667.8571522
2025-12-28T07:00:40.5467372Z CloudEvents: Reconnected. 1766904667.95728
2025-12-28T07:00:40.5467658Z CloudEvents: Disconnected. Reconnecting ... 1766904668.1745412
2025-12-28T07:00:40.5467956Z CloudEvents: Reconnected. 1766904668.2747104
2025-12-28T07:00:40.5468247Z CloudEvents: Disconnected. Reconnecting ... 1766904777.0218577
2025-12-28T07:00:40.5468542Z CloudEvents: Reconnected. 1766904777.1220589
2025-12-28T07:00:40.5468834Z CloudEvents: Disconnected. Reconnecting ... 1766904777.3722641
2025-12-28T07:00:40.5469131Z CloudEvents: Reconnected. 1766904777.4724336
2025-12-28T07:00:40.5469418Z CloudEvents: Disconnected. Reconnecting ... 1766904777.6935153
2025-12-28T07:00:40.5469718Z CloudEvents: Reconnected. 1766904777.7937028
2025-12-28T07:00:40.5470009Z CloudEvents: Disconnected. Reconnecting ... 1766904781.6288006
2025-12-28T07:00:40.5470301Z CloudEvents: Reconnected. 1766904781.728974
2025-12-28T07:00:40.5470596Z CloudEvents: Disconnected. Reconnecting ... 1766904781.9642985
2025-12-28T07:00:40.5470901Z CloudEvents: Reconnected. 1766904782.0644598
2025-12-28T07:00:40.5471188Z CloudEvents: Disconnected. Reconnecting ... 1766904782.2964463
2025-12-28T07:00:40.5471490Z CloudEvents: Reconnected. 1766904782.3966038
2025-12-28T07:00:40.5471776Z CloudEvents: Disconnected. Reconnecting ... 1766904785.9993615
2025-12-28T07:00:40.5472073Z CloudEvents: Reconnected. 1766904786.099535
2025-12-28T07:00:40.5472363Z CloudEvents: Disconnected. Reconnecting ... 1766904786.3402407
2025-12-28T07:00:40.5472679Z CloudEvents: Reconnected. 1766904786.4404492
2025-12-28T07:00:40.5473047Z CloudEvents: Disconnected. Reconnecting ... 1766904786.667537
2025-12-28T07:00:40.5473341Z CloudEvents: Reconnected. 1766904786.7677453
2025-12-28T07:00:40.5473639Z CloudEvents: Disconnected. Reconnecting ... 1766904875.6829143
2025-12-28T07:00:40.5473972Z CloudEvents: Reconnected. 1766904875.78306
2025-12-28T07:00:40.5474262Z CloudEvents: Disconnected. Reconnecting ... 1766904876.030929
2025-12-28T07:00:40.5474672Z CloudEvents: Reconnected. 1766904876.1310642
2025-12-28T07:00:40.5474967Z CloudEvents: Disconnected. Reconnecting ... 1766904903.7653954
2025-12-28T07:00:40.5475267Z CloudEvents: Reconnected. 1766904903.86554
2025-12-28T07:00:40.5475554Z CloudEvents: Disconnected. Reconnecting ... 1766905073.879956
2025-12-28T07:00:40.5475843Z CloudEvents: Reconnected. 1766905073.980119
2025-12-28T07:00:40.5476133Z CloudEvents: Disconnected. Reconnecting ... 1766905074.221303
2025-12-28T07:00:40.5476431Z CloudEvents: Reconnected. 1766905074.3214493
2025-12-28T07:00:40.5476976Z CloudEvents: Disconnected. Reconnecting ... 1766905074.5438125
2025-12-28T07:00:40.5477304Z CloudEvents: Reconnected. 1766905074.6439447
2025-12-28T07:00:40.5477819Z CloudEvents: Disconnected. Reconnecting ... 1766905201.640484
2025-12-28T07:00:40.5478111Z CloudEvents: Reconnected. 1766905201.7406282
2025-12-28T07:00:40.5478412Z CloudEvents: Disconnected. Reconnecting ... 1766905201.9870505
2025-12-28T07:00:40.5478716Z CloudEvents: Reconnected. 1766905202.0871809
2025-12-28T07:00:40.5479003Z CloudEvents: Disconnected. Reconnecting ... 1766905239.8918598
2025-12-28T07:00:40.5479299Z CloudEvents: Reconnected. 1766905239.992013
2025-12-28T07:00:40.5479582Z CloudEvents: Disconnected. Reconnecting ... 1766905240.221136
2025-12-28T07:00:40.5479884Z CloudEvents: Reconnected. 1766905240.3212626
2025-12-28T07:27:56.6214227Z CloudEvents: Disconnected. Reconnecting ... 1766905240.5428746
2025-12-28T07:27:56.6215187Z CloudEvents: Reconnected. 1766905240.6430347
2025-12-28T07:27:56.6216027Z CloudEvents: Disconnected. Reconnecting ... 1766905397.4822044
2025-12-28T07:27:56.6217231Z CloudEvents: Reconnected. 1766905397.5823488
2025-12-28T07:27:56.6218050Z CloudEvents: Disconnected. Reconnecting ... 1766905434.4251108
2025-12-28T07:27:56.6218885Z CloudEvents: Reconnected. 1766905434.525255
2025-12-28T07:27:56.6219642Z CloudEvents: Disconnected. Reconnecting ... 1766905434.773005
2025-12-28T07:27:56.6220310Z CloudEvents: Reconnected. 1766905434.8731318
2025-12-28T07:27:56.6220933Z CloudEvents: Disconnected. Reconnecting ... 1766905478.4713278
2025-12-28T07:27:56.6221542Z CloudEvents: Reconnected. 1766905478.5714753
2025-12-28T07:27:56.6222164Z CloudEvents: Disconnected. Reconnecting ... 1766905478.8036432
2025-12-28T07:27:56.6222781Z CloudEvents: Reconnected. 1766905478.9037516
2025-12-28T07:27:56.6223371Z CloudEvents: Disconnected. Reconnecting ... 1766905578.9934368
2025-12-28T07:27:56.6223970Z CloudEvents: Reconnected. 1766905579.0935838
2025-12-28T07:27:56.6224564Z CloudEvents: Disconnected. Reconnecting ... 1766905579.4737835
2025-12-28T07:27:56.6224991Z CloudEvents: Reconnected. 1766905579.5739105
2025-12-28T07:27:56.6225314Z CloudEvents: Disconnected. Reconnecting ... 1766905579.807127
2025-12-28T07:27:56.6225662Z CloudEvents: Reconnected. 1766905579.9072554
2025-12-28T07:27:56.6225985Z CloudEvents: Disconnected. Reconnecting ... 1766905672.568436
2025-12-28T07:27:56.6226309Z CloudEvents: Reconnected. 1766905672.6685758
2025-12-28T07:27:56.6226811Z CloudEvents: Disconnected. Reconnecting ... 1766905672.9520416
2025-12-28T07:27:56.6227176Z CloudEvents: Reconnected. 1766905673.052167
2025-12-28T07:27:56.6227496Z CloudEvents: Disconnected. Reconnecting ... 1766905673.337163
2025-12-28T07:27:56.6227824Z CloudEvents: Reconnected. 1766905673.437272
2025-12-28T07:27:56.6228150Z CloudEvents: Disconnected. Reconnecting ... 1766905768.1953897
2025-12-28T07:27:56.6228486Z CloudEvents: Reconnected. 1766905768.2955327
2025-12-28T07:27:56.6228812Z CloudEvents: Disconnected. Reconnecting ... 1766905768.5531716
2025-12-28T07:27:56.6229138Z CloudEvents: Reconnected. 1766905768.6532998
2025-12-28T07:27:56.6229462Z CloudEvents: Disconnected. Reconnecting ... 1766905855.5430787
2025-12-28T07:27:56.6229794Z CloudEvents: Reconnected. 1766905855.643229
2025-12-28T07:27:56.6230098Z CloudEvents: Disconnected. Reconnecting ... 1766905882.0573285
2025-12-28T07:27:56.6230406Z CloudEvents: Reconnected. 1766905882.1574712
2025-12-28T07:27:56.6230943Z CloudEvents: Disconnected. Reconnecting ... 1766906010.9535704
2025-12-28T07:27:56.6231245Z CloudEvents: Reconnected. 1766906011.0537324
2025-12-28T07:27:56.6231538Z CloudEvents: Disconnected. Reconnecting ... 1766906026.8199975
2025-12-28T07:27:56.6231840Z CloudEvents: Reconnected. 1766906026.9201396
2025-12-28T07:27:56.6232127Z CloudEvents: Disconnected. Reconnecting ... 1766906027.2114317
2025-12-28T07:27:56.6232424Z CloudEvents: Reconnected. 1766906027.311561
2025-12-28T07:27:56.6232718Z CloudEvents: Disconnected. Reconnecting ... 1766906027.5625463
2025-12-28T07:27:56.6233012Z CloudEvents: Reconnected. 1766906027.6626976
2025-12-28T07:27:56.6233305Z CloudEvents: Disconnected. Reconnecting ... 1766906044.001297
2025-12-28T07:27:56.6233596Z CloudEvents: Reconnected. 1766906044.101438
2025-12-28T07:27:56.6234036Z CloudEvents: Disconnected. Reconnecting ... 1766906044.383066
2025-12-28T07:27:56.6234336Z CloudEvents: Reconnected. 1766906044.4831953
2025-12-28T07:27:56.6234626Z CloudEvents: Disconnected. Reconnecting ... 1766906073.7621982
2025-12-28T07:27:56.6234928Z CloudEvents: Reconnected. 1766906073.862342
2025-12-28T07:27:56.6235219Z CloudEvents: Disconnected. Reconnecting ... 1766906074.1165314
2025-12-28T07:27:56.6235517Z CloudEvents: Reconnected. 1766906074.2166603
2025-12-28T07:27:56.6235811Z CloudEvents: Disconnected. Reconnecting ... 1766906074.5250638
2025-12-28T07:27:56.6236108Z CloudEvents: Reconnected. 1766906074.6251917
2025-12-28T07:27:56.6236397Z CloudEvents: Disconnected. Reconnecting ... 1766906125.9966486
2025-12-28T07:27:56.6236908Z CloudEvents: Reconnected. 1766906126.096831
2025-12-28T07:27:56.6237214Z CloudEvents: Disconnected. Reconnecting ... 1766906126.3199363
2025-12-28T07:27:56.6237509Z CloudEvents: Reconnected. 1766906126.4200623
2025-12-28T07:27:56.6237820Z CloudEvents: Disconnected. Reconnecting ... 1766906126.6367962
2025-12-28T07:27:56.6238126Z CloudEvents: Reconnected. 1766906126.7369254
2025-12-28T07:27:56.6238420Z CloudEvents: Disconnected. Reconnecting ... 1766906195.2891362
2025-12-28T07:27:56.6238731Z CloudEvents: Reconnected. 1766906195.3892841
2025-12-28T07:27:56.6239027Z CloudEvents: Disconnected. Reconnecting ... 1766906231.3113341
2025-12-28T07:27:56.6239425Z CloudEvents: Reconnected. 1766906231.4114776
2025-12-28T07:27:56.6239819Z CloudEvents: Disconnected. Reconnecting ... 1766906231.6506288
2025-12-28T07:27:56.6240180Z CloudEvents: Reconnected. 1766906231.7507598
2025-12-28T07:27:56.6240712Z CloudEvents: Disconnected. Reconnecting ... 1766906231.9910011
2025-12-28T07:27:56.6241082Z CloudEvents: Reconnected. 1766906232.0911283
2025-12-28T07:27:56.6241506Z CloudEvents: Disconnected. Reconnecting ... 1766906240.8578653
2025-12-28T07:27:56.6241966Z CloudEvents: Reconnected. 1766906240.9580028
2025-12-28T07:27:56.6242321Z CloudEvents: Disconnected. Reconnecting ... 1766906241.1761816
2025-12-28T07:27:56.6286628Z CloudEvents: Reconnected. 1766906241.276294
2025-12-28T07:27:56.6287222Z CloudEvents: Disconnected. Reconnecting ... 1766906241.505174
2025-12-28T07:27:56.6287560Z CloudEvents: Reconnected. 1766906241.6053002
2025-12-28T07:27:56.6287890Z CloudEvents: Disconnected. Reconnecting ... 1766906246.854498
2025-12-28T07:27:56.6288206Z CloudEvents: Reconnected. 1766906246.9546149
2025-12-28T07:27:56.6288518Z CloudEvents: Disconnected. Reconnecting ... 1766906252.0117087
2025-12-28T07:27:56.6288838Z CloudEvents: Reconnected. 1766906252.1118498
2025-12-28T07:27:56.6289147Z CloudEvents: Disconnected. Reconnecting ... 1766906252.3293395
2025-12-28T07:27:56.6289455Z CloudEvents: Reconnected. 1766906252.429471
2025-12-28T07:27:56.6289750Z CloudEvents: Disconnected. Reconnecting ... 1766906252.6576567
2025-12-28T07:27:56.6290055Z CloudEvents: Reconnected. 1766906252.757785
2025-12-28T07:27:56.6290347Z CloudEvents: Disconnected. Reconnecting ... 1766906278.6774087
2025-12-28T07:27:56.6290654Z CloudEvents: Reconnected. 1766906278.7775557
2025-12-28T07:27:56.6290949Z CloudEvents: Disconnected. Reconnecting ... 1766906381.338309
2025-12-28T07:27:56.6291252Z CloudEvents: Reconnected. 1766906381.4384558
2025-12-28T07:27:56.6291720Z CloudEvents: Disconnected. Reconnecting ... 1766906381.6923885
2025-12-28T07:27:56.6292029Z CloudEvents: Reconnected. 1766906381.792517
2025-12-28T07:27:56.6292319Z CloudEvents: Disconnected. Reconnecting ... 1766906390.7478416
2025-12-28T07:27:56.6292620Z CloudEvents: Reconnected. 1766906390.8479784
2025-12-28T07:27:56.6292913Z CloudEvents: Disconnected. Reconnecting ... 1766906391.180384
2025-12-28T07:27:56.6293250Z CloudEvents: Reconnected. 1766906391.2805111
2025-12-28T07:27:56.6293553Z CloudEvents: Disconnected. Reconnecting ... 1766906391.50756
2025-12-28T07:27:56.6293851Z CloudEvents: Reconnected. 1766906391.60771
2025-12-28T07:27:56.6294145Z CloudEvents: Disconnected. Reconnecting ... 1766906395.1810253
2025-12-28T07:27:56.6294576Z CloudEvents: Reconnected. 1766906395.2811623
2025-12-28T07:27:56.6294868Z CloudEvents: Disconnected. Reconnecting ... 1766906395.5288255
2025-12-28T07:27:56.6295170Z CloudEvents: Reconnected. 1766906395.628951
2025-12-28T07:27:56.6295468Z CloudEvents: Disconnected. Reconnecting ... 1766906413.538204
2025-12-28T07:27:56.6295758Z CloudEvents: Reconnected. 1766906413.638344
2025-12-28T07:27:56.6296041Z CloudEvents: Disconnected. Reconnecting ... 1766906413.871694
2025-12-28T07:27:56.6296339Z CloudEvents: Reconnected. 1766906413.9717958
2025-12-28T07:27:56.6296814Z CloudEvents: Disconnected. Reconnecting ... 1766906414.2088027
2025-12-28T07:27:56.6297190Z CloudEvents: Reconnected. 1766906414.3089123
2025-12-28T07:27:56.6297486Z CloudEvents: Disconnected. Reconnecting ... 1766906426.368974
2025-12-28T07:27:56.6297813Z CloudEvents: Reconnected. 1766906426.4691138
2025-12-28T07:27:56.6298112Z CloudEvents: Disconnected. Reconnecting ... 1766906426.7158945
2025-12-28T07:27:56.6298416Z CloudEvents: Reconnected. 1766906426.8160229
2025-12-28T07:27:56.6298717Z CloudEvents: Disconnected. Reconnecting ... 1766906445.753838
2025-12-28T07:27:56.6299017Z CloudEvents: Reconnected. 1766906445.853978
2025-12-28T07:27:56.6299305Z CloudEvents: Disconnected. Reconnecting ... 1766906446.0954118
2025-12-28T07:27:56.6299610Z CloudEvents: Reconnected. 1766906446.1955411
2025-12-28T07:27:56.6299902Z CloudEvents: Disconnected. Reconnecting ... 1766906446.416557
2025-12-28T07:27:56.6300196Z CloudEvents: Reconnected. 1766906446.5167093
2025-12-28T07:27:56.6300487Z CloudEvents: Disconnected. Reconnecting ... 1766906459.873552
2025-12-28T07:27:56.6300788Z CloudEvents: Reconnected. 1766906459.97369
2025-12-28T07:27:56.6301081Z CloudEvents: Disconnected. Reconnecting ... 1766906460.2132275
2025-12-28T07:27:56.6301382Z CloudEvents: Reconnected. 1766906460.313352
2025-12-28T07:27:56.6301670Z CloudEvents: Disconnected. Reconnecting ... 1766906460.5284388
2025-12-28T07:27:56.6301972Z CloudEvents: Reconnected. 1766906460.628574
2025-12-28T07:27:56.6302268Z CloudEvents: Disconnected. Reconnecting ... 1766906463.8346214
2025-12-28T07:27:56.6302565Z CloudEvents: Reconnected. 1766906463.9347503
2025-12-28T07:27:56.6302857Z CloudEvents: Disconnected. Reconnecting ... 1766906464.1548889
2025-12-28T07:27:56.6303159Z CloudEvents: Reconnected. 1766906464.2550182
2025-12-28T07:27:56.6303449Z CloudEvents: Disconnected. Reconnecting ... 1766906464.473946
2025-12-28T07:27:56.6303745Z CloudEvents: Reconnected. 1766906464.5740724
2025-12-28T07:27:56.6304037Z CloudEvents: Disconnected. Reconnecting ... 1766906470.1779943
2025-12-28T07:27:56.6304331Z CloudEvents: Reconnected. 1766906470.278129
2025-12-28T07:27:56.6304621Z CloudEvents: Disconnected. Reconnecting ... 1766906470.5081592
2025-12-28T07:27:56.6304921Z CloudEvents: Reconnected. 1766906470.6082876
2025-12-28T07:27:56.6305211Z CloudEvents: Disconnected. Reconnecting ... 1766906485.7849095
2025-12-28T07:27:56.6305513Z CloudEvents: Reconnected. 1766906485.8850355
2025-12-28T07:27:56.6305802Z CloudEvents: Disconnected. Reconnecting ... 1766906486.1033325
2025-12-28T07:27:56.6306109Z CloudEvents: Reconnected. 1766906486.2034614
2025-12-28T07:27:56.6306409Z CloudEvents: Disconnected. Reconnecting ... 1766906486.4414616
2025-12-28T07:27:56.6306924Z CloudEvents: Reconnected. 1766906486.541599
2025-12-28T07:27:56.6307363Z CloudEvents: Disconnected. Reconnecting ... 1766906642.1430502
2025-12-28T07:27:56.6307680Z CloudEvents: Reconnected. 1766906642.2431927
2025-12-28T07:27:56.6307978Z CloudEvents: Disconnected. Reconnecting ... 1766906642.4805357
2025-12-28T07:27:56.6308281Z CloudEvents: Reconnected. 1766906642.5806594
2025-12-28T07:27:56.6308576Z CloudEvents: Disconnected. Reconnecting ... 1766906642.81787
2025-12-28T07:27:56.6308872Z CloudEvents: Reconnected. 1766906642.9179986
2025-12-28T07:27:56.6309178Z CloudEvents: Disconnected. Reconnecting ... 1766906757.497909
2025-12-28T07:27:56.6309481Z CloudEvents: Reconnected. 1766906757.5980546
2025-12-28T07:27:56.6309774Z CloudEvents: Disconnected. Reconnecting ... 1766906757.8543243
2025-12-28T07:27:56.6310181Z CloudEvents: Reconnected. 1766906757.9544532
2025-12-28T07:27:56.6310471Z CloudEvents: Disconnected. Reconnecting ... 1766906822.612797
2025-12-28T07:27:56.6310774Z CloudEvents: Reconnected. 1766906822.712937
2025-12-28T07:27:56.6311076Z CloudEvents: Disconnected. Reconnecting ... 1766906822.9564497
2025-12-28T07:27:56.6311372Z CloudEvents: Reconnected. 1766906823.0565739
2025-12-28T07:27:56.6311667Z CloudEvents: Disconnected. Reconnecting ... 1766906823.2891033
2025-12-28T07:27:56.6311967Z CloudEvents: Reconnected. 1766906823.3892324
2025-12-28T07:27:56.6312265Z CloudEvents: Disconnected. Reconnecting ... 1766906848.2084594
2025-12-28T07:27:56.6312576Z CloudEvents: Reconnected. 1766906848.3086145
2025-12-28T07:27:56.6312872Z CloudEvents: Disconnected. Reconnecting ... 1766906876.1538506
2025-12-28T07:27:56.6313170Z CloudEvents: Reconnected. 1766906876.2539809
2025-12-28T07:27:56.6313465Z CloudEvents: Disconnected. Reconnecting ... 1766906876.5210438
2025-12-28T08:00:23.6928602Z CloudEvents: Reconnected. 1766906876.6211746
2025-12-28T08:00:23.6929383Z CloudEvents: Disconnected. Reconnecting ... 1766906876.8410568
2025-12-28T08:00:23.6929845Z CloudEvents: Reconnected. 1766906876.941186
2025-12-28T08:00:23.6930300Z CloudEvents: Disconnected. Reconnecting ... 1766906911.8618433
2025-12-28T08:00:23.6930723Z CloudEvents: Reconnected. 1766906911.9619873
2025-12-28T08:00:23.6931134Z CloudEvents: Disconnected. Reconnecting ... 1766906912.1996374
2025-12-28T08:00:23.6931473Z CloudEvents: Reconnected. 1766906912.2997675
2025-12-28T08:00:23.6931771Z CloudEvents: Disconnected. Reconnecting ... 1766906933.8513465
2025-12-28T08:00:23.6932081Z CloudEvents: Reconnected. 1766906933.9514627
2025-12-28T08:00:23.6932389Z CloudEvents: Disconnected. Reconnecting ... 1766906934.1749501
2025-12-28T08:00:23.6932701Z CloudEvents: Reconnected. 1766906934.275081
2025-12-28T08:00:23.6933003Z CloudEvents: Disconnected. Reconnecting ... 1766907018.5152674
2025-12-28T08:00:23.6933318Z CloudEvents: Reconnected. 1766907018.6154127
2025-12-28T08:00:23.6933635Z CloudEvents: Disconnected. Reconnecting ... 1766907018.9169703
2025-12-28T08:00:23.6933937Z CloudEvents: Reconnected. 1766907019.0171003
2025-12-28T08:00:23.6934232Z CloudEvents: Disconnected. Reconnecting ... 1766907019.3034294
2025-12-28T08:00:23.6934536Z CloudEvents: Reconnected. 1766907019.4035609
2025-12-28T08:00:23.6934829Z CloudEvents: Disconnected. Reconnecting ... 1766907023.575353
2025-12-28T08:00:23.6935131Z CloudEvents: Reconnected. 1766907023.6754906
2025-12-28T08:00:23.6935426Z CloudEvents: Disconnected. Reconnecting ... 1766907023.9171226
2025-12-28T08:00:23.6935726Z CloudEvents: Reconnected. 1766907024.017253
2025-12-28T08:00:23.6936017Z CloudEvents: Disconnected. Reconnecting ... 1766907024.2730486
2025-12-28T08:00:23.6936319Z CloudEvents: Reconnected. 1766907024.3731806
2025-12-28T08:00:23.6936606Z CloudEvents: Disconnected. Reconnecting ... 1766907151.2873516
2025-12-28T08:00:23.6937107Z CloudEvents: Reconnected. 1766907151.3874547
2025-12-28T08:00:23.6937418Z CloudEvents: Disconnected. Reconnecting ... 1766907155.5839052
2025-12-28T08:00:23.6937722Z CloudEvents: Reconnected. 1766907155.6840444
2025-12-28T08:00:23.6938025Z CloudEvents: Disconnected. Reconnecting ... 1766907165.3668165
2025-12-28T08:00:23.6938534Z CloudEvents: Reconnected. 1766907165.4669573
2025-12-28T08:00:23.6938834Z CloudEvents: Disconnected. Reconnecting ... 1766907270.8745654
2025-12-28T08:00:23.6939132Z CloudEvents: Reconnected. 1766907270.9747124
2025-12-28T08:00:23.6939422Z CloudEvents: Disconnected. Reconnecting ... 1766907271.2133408
2025-12-28T08:00:23.6939723Z CloudEvents: Reconnected. 1766907271.31347
2025-12-28T08:00:23.6940022Z CloudEvents: Disconnected. Reconnecting ... 1766907271.5398722
2025-12-28T08:00:23.6940316Z CloudEvents: Reconnected. 1766907271.640006
2025-12-28T08:00:23.6940608Z CloudEvents: Disconnected. Reconnecting ... 1766907278.8209834
2025-12-28T08:00:23.6940908Z CloudEvents: Reconnected. 1766907278.9211257
2025-12-28T08:00:23.6941340Z CloudEvents: Disconnected. Reconnecting ... 1766907279.1490521
2025-12-28T08:00:23.6941639Z CloudEvents: Reconnected. 1766907279.2491875
2025-12-28T08:00:23.6941927Z CloudEvents: Disconnected. Reconnecting ... 1766907279.4762127
2025-12-28T08:00:23.6942231Z CloudEvents: Reconnected. 1766907279.5763392
2025-12-28T08:00:23.6942530Z CloudEvents: Disconnected. Reconnecting ... 1766907322.463187
2025-12-28T08:00:23.6942823Z CloudEvents: Reconnected. 1766907322.5633364
2025-12-28T08:00:23.6943117Z CloudEvents: Disconnected. Reconnecting ... 1766907322.7923732
2025-12-28T08:00:23.6943415Z CloudEvents: Reconnected. 1766907322.8925118
2025-12-28T08:00:23.6943734Z CloudEvents: Disconnected. Reconnecting ... 1766907625.9512372
2025-12-28T08:00:23.6944026Z CloudEvents: Reconnected. 1766907626.051381
2025-12-28T08:00:23.6944318Z CloudEvents: Disconnected. Reconnecting ... 1766907626.274799
2025-12-28T08:00:23.6944613Z CloudEvents: Reconnected. 1766907626.3749275
2025-12-28T08:00:23.6944901Z CloudEvents: Disconnected. Reconnecting ... 1766907626.6113162
2025-12-28T08:00:23.6945211Z CloudEvents: Reconnected. 1766907626.711412
2025-12-28T08:00:23.6945501Z CloudEvents: Disconnected. Reconnecting ... 1766907868.4975603
2025-12-28T08:00:23.6945800Z CloudEvents: Reconnected. 1766907868.5977042
2025-12-28T08:00:23.6946098Z CloudEvents: Disconnected. Reconnecting ... 1766907868.8383334
2025-12-28T08:00:23.6946390Z CloudEvents: Reconnected. 1766907868.938463
2025-12-28T08:00:23.6946789Z CloudEvents: Disconnected. Reconnecting ... 1766907869.1579914
2025-12-28T08:00:23.6947089Z CloudEvents: Reconnected. 1766907869.2581189
2025-12-28T08:00:23.6947377Z CloudEvents: Disconnected. Reconnecting ... 1766907909.9579825
2025-12-28T08:00:23.6947675Z CloudEvents: Reconnected. 1766907910.0581279
2025-12-28T08:00:23.6947970Z CloudEvents: Disconnected. Reconnecting ... 1766907910.2897208
2025-12-28T08:00:23.6948260Z CloudEvents: Reconnected. 1766907910.389847
2025-12-28T08:00:23.6948549Z CloudEvents: Disconnected. Reconnecting ... 1766907920.4711752
2025-12-28T08:00:23.6948850Z CloudEvents: Reconnected. 1766907920.5713139
2025-12-28T08:00:23.6949138Z CloudEvents: Disconnected. Reconnecting ... 1766907920.8248672
2025-12-28T08:00:23.6949433Z CloudEvents: Reconnected. 1766907920.924997
2025-12-28T08:00:23.6949723Z CloudEvents: Disconnected. Reconnecting ... 1766908025.7979164
2025-12-28T08:00:23.6950021Z CloudEvents: Reconnected. 1766908025.8980594
2025-12-28T08:00:23.6950313Z CloudEvents: Disconnected. Reconnecting ... 1766908029.7235181
2025-12-28T08:00:23.6950605Z CloudEvents: Reconnected. 1766908029.8236594
2025-12-28T08:00:23.6950905Z CloudEvents: Disconnected. Reconnecting ... 1766908040.69865
2025-12-28T08:00:23.6951201Z CloudEvents: Reconnected. 1766908040.798791
2025-12-28T08:00:23.6951484Z CloudEvents: Disconnected. Reconnecting ... 1766908041.0203085
2025-12-28T08:00:23.6951781Z CloudEvents: Reconnected. 1766908041.1204362
2025-12-28T08:00:23.6952071Z CloudEvents: Disconnected. Reconnecting ... 1766908041.357973
2025-12-28T08:00:23.6952365Z CloudEvents: Reconnected. 1766908041.4581041
2025-12-28T08:00:23.6952660Z CloudEvents: Disconnected. Reconnecting ... 1766908061.8750157
2025-12-28T08:00:23.6952958Z CloudEvents: Reconnected. 1766908061.9751563
2025-12-28T08:00:23.6953359Z CloudEvents: Disconnected. Reconnecting ... 1766908062.2237754
2025-12-28T08:00:23.6953661Z CloudEvents: Reconnected. 1766908062.3238642
2025-12-28T08:00:23.6953951Z CloudEvents: Disconnected. Reconnecting ... 1766908216.1440701
2025-12-28T08:00:23.6954248Z CloudEvents: Reconnected. 1766908216.2442124
2025-12-28T08:00:23.6954546Z CloudEvents: Disconnected. Reconnecting ... 1766908216.4642289
2025-12-28T08:00:23.6954837Z CloudEvents: Reconnected. 1766908216.5643573
2025-12-28T08:00:23.6955128Z CloudEvents: Disconnected. Reconnecting ... 1766908216.7994463
2025-12-28T08:00:23.6955424Z CloudEvents: Reconnected. 1766908216.899575
2025-12-28T08:00:23.6955709Z CloudEvents: Disconnected. Reconnecting ... 1766908222.9730637
2025-12-28T08:00:23.6956003Z CloudEvents: Reconnected. 1766908223.073199
2025-12-28T08:00:23.6956400Z CloudEvents: Disconnected. Reconnecting ... 1766908223.2943966
2025-12-28T08:00:23.6956790Z CloudEvents: Reconnected. 1766908223.3945289
2025-12-28T08:00:23.6957082Z CloudEvents: Disconnected. Reconnecting ... 1766908227.5185695
2025-12-28T08:00:23.6957381Z CloudEvents: Reconnected. 1766908227.618703
2025-12-28T08:00:23.6957667Z CloudEvents: Disconnected. Reconnecting ... 1766908227.8576417
2025-12-28T08:00:23.6957968Z CloudEvents: Reconnected. 1766908227.9577668
2025-12-28T08:00:23.6958263Z CloudEvents: Disconnected. Reconnecting ... 1766908228.17989
2025-12-28T08:00:23.6958559Z CloudEvents: Reconnected. 1766908228.2800188
2025-12-28T08:00:23.6958857Z CloudEvents: Disconnected. Reconnecting ... 1766908233.0053084
2025-12-28T08:00:23.6959149Z CloudEvents: Reconnected. 1766908233.1054432
2025-12-28T08:00:23.6959449Z CloudEvents: Disconnected. Reconnecting ... 1766908233.325446
2025-12-28T08:00:23.6959750Z CloudEvents: Reconnected. 1766908233.4255707
2025-12-28T08:00:23.6960042Z CloudEvents: Disconnected. Reconnecting ... 1766908233.6420116
2025-12-28T08:00:23.6960340Z CloudEvents: Reconnected. 1766908233.7421434
2025-12-28T08:00:23.6960628Z CloudEvents: Disconnected. Reconnecting ... 1766908238.718494
2025-12-28T08:00:23.6960924Z CloudEvents: Reconnected. 1766908238.8186095
2025-12-28T08:00:23.6961215Z CloudEvents: Disconnected. Reconnecting ... 1766908239.0420759
2025-12-28T08:00:23.6961515Z CloudEvents: Reconnected. 1766908239.1422057
2025-12-28T08:00:23.6961799Z CloudEvents: Disconnected. Reconnecting ... 1766908425.0968294
2025-12-28T08:00:23.6962100Z CloudEvents: Reconnected. 1766908425.1969762
2025-12-28T08:00:23.6962390Z CloudEvents: Disconnected. Reconnecting ... 1766908425.4420445
2025-12-28T08:00:23.6962682Z CloudEvents: Reconnected. 1766908425.5421734
2025-12-28T08:00:23.6962970Z CloudEvents: Disconnected. Reconnecting ... 1766908468.1021955
2025-12-28T08:00:23.6963262Z CloudEvents: Reconnected. 1766908468.2023404
2025-12-28T08:00:23.6963553Z CloudEvents: Disconnected. Reconnecting ... 1766908468.4238222
2025-12-28T08:00:23.6963855Z CloudEvents: Reconnected. 1766908468.523951
2025-12-28T08:00:23.6964138Z CloudEvents: Disconnected. Reconnecting ... 1766908484.8561316
2025-12-28T08:00:23.6964433Z CloudEvents: Reconnected. 1766908484.956276
2025-12-28T08:00:23.6964725Z CloudEvents: Disconnected. Reconnecting ... 1766908485.1778314
2025-12-28T08:00:23.6965015Z CloudEvents: Reconnected. 1766908485.277959
2025-12-28T08:00:23.6965303Z CloudEvents: Disconnected. Reconnecting ... 1766908485.5652866
2025-12-28T08:00:23.6965599Z CloudEvents: Reconnected. 1766908485.6654167
2025-12-28T08:00:23.6965885Z CloudEvents: Disconnected. Reconnecting ... 1766908525.2860212
2025-12-28T08:00:23.6966181Z CloudEvents: Reconnected. 1766908525.386164
2025-12-28T08:00:23.6966470Z CloudEvents: Disconnected. Reconnecting ... 1766908525.6238205
2025-12-28T08:00:23.6966929Z CloudEvents: Reconnected. 1766908525.7239516
2025-12-28T08:00:23.6967233Z CloudEvents: Disconnected. Reconnecting ... 1766908525.9445968
2025-12-28T08:00:23.6967537Z CloudEvents: Reconnected. 1766908526.0447242
2025-12-28T08:00:23.6967847Z CloudEvents: Disconnected. Reconnecting ... 1766908531.7121887
2025-12-28T08:00:23.6968149Z CloudEvents: Reconnected. 1766908531.8123252
2025-12-28T08:00:23.6968550Z CloudEvents: Disconnected. Reconnecting ... 1766908532.0352738
2025-12-28T08:00:23.6968852Z CloudEvents: Reconnected. 1766908532.1354048
2025-12-28T08:00:23.6969148Z CloudEvents: Disconnected. Reconnecting ... 1766908532.352029
2025-12-28T08:00:23.6969443Z CloudEvents: Reconnected. 1766908532.4521644
2025-12-28T08:00:23.6969733Z CloudEvents: Disconnected. Reconnecting ... 1766908666.4539425
2025-12-28T08:00:23.6970032Z CloudEvents: Reconnected. 1766908666.5540867
2025-12-28T08:00:23.6970319Z CloudEvents: Disconnected. Reconnecting ... 1766908693.0149755
2025-12-28T08:00:23.6970620Z CloudEvents: Reconnected. 1766908693.1151216
2025-12-28T08:00:23.6970923Z CloudEvents: Disconnected. Reconnecting ... 1766908693.3394997
2025-12-28T08:00:23.6971322Z CloudEvents: Reconnected. 1766908693.4396286
2025-12-28T08:00:23.6971614Z CloudEvents: Disconnected. Reconnecting ... 1766908693.6662035
2025-12-28T08:00:23.6971905Z CloudEvents: Reconnected. 1766908693.7663345
2025-12-28T08:00:23.6972202Z CloudEvents: Disconnected. Reconnecting ... 1766908726.661765
2025-12-28T08:00:23.6972500Z CloudEvents: Reconnected. 1766908726.76191
2025-12-28T08:00:23.6972789Z CloudEvents: Disconnected. Reconnecting ... 1766908743.4050944
2025-12-28T08:00:23.6973088Z CloudEvents: Reconnected. 1766908743.505196
2025-12-28T08:00:23.6973380Z CloudEvents: Disconnected. Reconnecting ... 1766908760.0567129
2025-12-28T08:00:23.6973675Z CloudEvents: Reconnected. 1766908760.156841
2025-12-28T08:00:23.6973969Z CloudEvents: Disconnected. Reconnecting ... 1766908760.4100406
2025-12-28T08:00:23.6974268Z CloudEvents: Reconnected. 1766908760.5101686
2025-12-28T08:00:23.6974555Z CloudEvents: Disconnected. Reconnecting ... 1766908760.7331934
2025-12-28T08:00:23.6984016Z CloudEvents: Reconnected. 1766908760.833319
2025-12-28T08:00:23.6984374Z CloudEvents: Disconnected. Reconnecting ... 1766908773.2251651
2025-12-28T08:00:23.6984708Z CloudEvents: Reconnected. 1766908773.325308
2025-12-28T08:00:23.6985027Z CloudEvents: Disconnected. Reconnecting ... 1766908773.55696
2025-12-28T08:00:23.6985344Z CloudEvents: Reconnected. 1766908773.6570876
2025-12-28T08:32:32.9470624Z CloudEvents: Disconnected. Reconnecting ... 1766908823.69265
2025-12-28T08:32:32.9471565Z CloudEvents: Reconnected. 1766908823.7928805
2025-12-28T08:32:32.9472382Z CloudEvents: Disconnected. Reconnecting ... 1766908824.0276072
2025-12-28T08:32:32.9473209Z CloudEvents: Reconnected. 1766908824.127737
2025-12-28T08:32:32.9474009Z CloudEvents: Disconnected. Reconnecting ... 1766908866.7158418
2025-12-28T08:32:32.9474868Z CloudEvents: Reconnected. 1766908866.8159869
2025-12-28T08:32:32.9475753Z CloudEvents: Disconnected. Reconnecting ... 1766908867.0396557
2025-12-28T08:32:32.9476947Z CloudEvents: Reconnected. 1766908867.1397855
2025-12-28T08:32:32.9477822Z CloudEvents: Disconnected. Reconnecting ... 1766908867.3588617
2025-12-28T08:32:32.9478693Z CloudEvents: Reconnected. 1766908867.458989
2025-12-28T08:32:32.9479478Z CloudEvents: Disconnected. Reconnecting ... 1766908906.785062
2025-12-28T08:32:32.9480318Z CloudEvents: Reconnected. 1766908906.8852077
2025-12-28T08:32:32.9480917Z CloudEvents: Disconnected. Reconnecting ... 1766908939.3990524
2025-12-28T08:32:32.9481554Z CloudEvents: Reconnected. 1766908939.4991922
2025-12-28T08:32:32.9482144Z CloudEvents: Disconnected. Reconnecting ... 1766908939.7299545
2025-12-28T08:32:32.9482671Z CloudEvents: Reconnected. 1766908939.8300838
2025-12-28T08:32:32.9483070Z CloudEvents: Disconnected. Reconnecting ... 1766908940.050286
2025-12-28T08:32:32.9483398Z CloudEvents: Reconnected. 1766908940.150416
2025-12-28T08:32:32.9483726Z CloudEvents: Disconnected. Reconnecting ... 1766908942.8409674
2025-12-28T08:32:32.9484057Z CloudEvents: Reconnected. 1766908942.941098
2025-12-28T08:32:32.9484374Z CloudEvents: Disconnected. Reconnecting ... 1766908943.211429
2025-12-28T08:32:32.9484718Z CloudEvents: Reconnected. 1766908943.3115568
2025-12-28T08:32:32.9485042Z CloudEvents: Disconnected. Reconnecting ... 1766908943.5497026
2025-12-28T08:32:32.9485372Z CloudEvents: Reconnected. 1766908943.6498404
2025-12-28T08:32:32.9485935Z CloudEvents: Disconnected. Reconnecting ... 1766908967.407538
2025-12-28T08:32:32.9486272Z CloudEvents: Reconnected. 1766908967.5077062
2025-12-28T08:32:32.9486592Z CloudEvents: Disconnected. Reconnecting ... 1766908967.7326114
2025-12-28T08:32:32.9487181Z CloudEvents: Reconnected. 1766908967.832739
2025-12-28T08:32:32.9487564Z CloudEvents: Disconnected. Reconnecting ... 1766908968.0701752
2025-12-28T08:32:32.9487911Z CloudEvents: Reconnected. 1766908968.1703038
2025-12-28T08:32:32.9488243Z CloudEvents: Disconnected. Reconnecting ... 1766909040.5630586
2025-12-28T08:32:32.9488572Z CloudEvents: Reconnected. 1766909040.663206
2025-12-28T08:32:32.9488897Z CloudEvents: Disconnected. Reconnecting ... 1766909040.9029431
2025-12-28T08:32:32.9489398Z CloudEvents: Reconnected. 1766909041.0030763
2025-12-28T08:32:32.9489718Z CloudEvents: Disconnected. Reconnecting ... 1766909041.227323
2025-12-28T08:32:32.9490061Z CloudEvents: Reconnected. 1766909041.3274524
2025-12-28T08:32:32.9490390Z CloudEvents: Disconnected. Reconnecting ... 1766909087.3119853
2025-12-28T08:32:32.9490715Z CloudEvents: Reconnected. 1766909087.4121292
2025-12-28T08:32:32.9491019Z CloudEvents: Disconnected. Reconnecting ... 1766909087.6621184
2025-12-28T08:32:32.9491327Z CloudEvents: Reconnected. 1766909087.7622457
2025-12-28T08:32:32.9491620Z CloudEvents: Disconnected. Reconnecting ... 1766909205.6344683
2025-12-28T08:32:32.9491925Z CloudEvents: Reconnected. 1766909205.7346141
2025-12-28T08:32:32.9492239Z CloudEvents: Disconnected. Reconnecting ... 1766909205.9695113
2025-12-28T08:32:32.9492533Z CloudEvents: Reconnected. 1766909206.0696385
2025-12-28T08:32:32.9492829Z CloudEvents: Disconnected. Reconnecting ... 1766909206.2850993
2025-12-28T08:32:32.9493133Z CloudEvents: Reconnected. 1766909206.3852274
2025-12-28T08:32:32.9493430Z CloudEvents: Disconnected. Reconnecting ... 1766909230.0942311
2025-12-28T08:32:32.9493731Z CloudEvents: Reconnected. 1766909230.1943765
2025-12-28T08:32:32.9494025Z CloudEvents: Disconnected. Reconnecting ... 1766909230.4319823
2025-12-28T08:32:32.9494327Z CloudEvents: Reconnected. 1766909230.5321105
2025-12-28T08:32:32.9494621Z CloudEvents: Disconnected. Reconnecting ... 1766909230.7543254
2025-12-28T08:32:32.9494922Z CloudEvents: Reconnected. 1766909230.8544645
2025-12-28T08:32:32.9495216Z CloudEvents: Disconnected. Reconnecting ... 1766909246.319533
2025-12-28T08:32:32.9495521Z CloudEvents: Reconnected. 1766909246.4196987
2025-12-28T08:32:32.9495813Z CloudEvents: Disconnected. Reconnecting ... 1766909246.651411
2025-12-28T08:32:32.9496111Z CloudEvents: Reconnected. 1766909246.7515395
2025-12-28T08:32:32.9496407Z CloudEvents: Disconnected. Reconnecting ... 1766909246.9911633
2025-12-28T08:32:32.9496884Z CloudEvents: Reconnected. 1766909247.0912883
2025-12-28T08:32:32.9497197Z CloudEvents: Disconnected. Reconnecting ... 1766909252.1345308
2025-12-28T08:32:32.9497492Z CloudEvents: Reconnected. 1766909252.2347004
2025-12-28T08:32:32.9497787Z CloudEvents: Disconnected. Reconnecting ... 1766909252.4720547
2025-12-28T08:32:32.9498090Z CloudEvents: Reconnected. 1766909252.5721855
2025-12-28T08:32:32.9498379Z CloudEvents: Disconnected. Reconnecting ... 1766909252.8052316
2025-12-28T08:32:32.9498681Z CloudEvents: Reconnected. 1766909252.9053593
2025-12-28T08:32:32.9498975Z CloudEvents: Disconnected. Reconnecting ... 1766909260.1859806
2025-12-28T08:32:32.9499269Z CloudEvents: Reconnected. 1766909260.2861164
2025-12-28T08:32:32.9499565Z CloudEvents: Disconnected. Reconnecting ... 1766909260.5237138
2025-12-28T08:32:32.9499864Z CloudEvents: Reconnected. 1766909260.6238415
2025-12-28T08:32:32.9500156Z CloudEvents: Disconnected. Reconnecting ... 1766909280.624399
2025-12-28T08:32:32.9500459Z CloudEvents: Reconnected. 1766909280.724543
2025-12-28T08:32:32.9500765Z CloudEvents: Disconnected. Reconnecting ... 1766909280.9582572
2025-12-28T08:32:32.9501058Z CloudEvents: Reconnected. 1766909281.058388
2025-12-28T08:32:32.9501356Z CloudEvents: Disconnected. Reconnecting ... 1766909281.2935884
2025-12-28T08:32:32.9501768Z CloudEvents: Reconnected. 1766909281.393717
2025-12-28T08:32:32.9502066Z CloudEvents: Disconnected. Reconnecting ... 1766909293.5918252
2025-12-28T08:32:32.9502491Z CloudEvents: Reconnected. 1766909293.6919672
2025-12-28T08:32:32.9502815Z CloudEvents: Disconnected. Reconnecting ... 1766909293.9203804
2025-12-28T08:32:32.9503118Z CloudEvents: Reconnected. 1766909294.0205095
2025-12-28T08:32:32.9503413Z CloudEvents: Disconnected. Reconnecting ... 1766909305.0231712
2025-12-28T08:32:32.9503710Z CloudEvents: Reconnected. 1766909305.1233115
2025-12-28T08:32:32.9504004Z CloudEvents: Disconnected. Reconnecting ... 1766909305.3660464
2025-12-28T08:32:32.9504303Z CloudEvents: Reconnected. 1766909305.4661763
2025-12-28T08:32:32.9504721Z CloudEvents: Disconnected. Reconnecting ... 1766909305.710835
2025-12-28T08:32:32.9505021Z CloudEvents: Reconnected. 1766909305.8109627
2025-12-28T08:32:32.9505319Z CloudEvents: Disconnected. Reconnecting ... 1766909320.4394407
2025-12-28T08:32:32.9505620Z CloudEvents: Reconnected. 1766909320.5395858
2025-12-28T08:32:32.9505990Z CloudEvents: Disconnected. Reconnecting ... 1766909382.078467
2025-12-28T08:32:32.9506289Z CloudEvents: Reconnected. 1766909382.1785948
2025-12-28T08:32:32.9506583Z CloudEvents: Disconnected. Reconnecting ... 1766909382.4414353
2025-12-28T08:32:32.9507058Z CloudEvents: Reconnected. 1766909382.541573
2025-12-28T08:32:32.9507352Z CloudEvents: Disconnected. Reconnecting ... 1766909382.7856047
2025-12-28T08:32:32.9507654Z CloudEvents: Reconnected. 1766909382.8857152
2025-12-28T08:32:32.9507950Z CloudEvents: Disconnected. Reconnecting ... 1766909422.2273633
2025-12-28T08:32:32.9508248Z CloudEvents: Reconnected. 1766909422.3275094
2025-12-28T08:32:32.9508541Z CloudEvents: Disconnected. Reconnecting ... 1766909422.5701585
2025-12-28T08:32:32.9508849Z CloudEvents: Reconnected. 1766909422.6702867
2025-12-28T08:32:32.9509139Z CloudEvents: Disconnected. Reconnecting ... 1766909562.8480456
2025-12-28T08:32:32.9509438Z CloudEvents: Reconnected. 1766909562.948193
2025-12-28T08:32:32.9509735Z CloudEvents: Disconnected. Reconnecting ... 1766909581.2805126
2025-12-28T08:32:32.9510030Z CloudEvents: Reconnected. 1766909581.380657
2025-12-28T08:32:32.9510324Z CloudEvents: Disconnected. Reconnecting ... 1766909634.6459377
2025-12-28T08:32:32.9510621Z CloudEvents: Reconnected. 1766909634.746096
2025-12-28T08:32:32.9510915Z CloudEvents: Disconnected. Reconnecting ... 1766909635.0190568
2025-12-28T08:32:32.9511218Z CloudEvents: Reconnected. 1766909635.1191897
2025-12-28T08:32:32.9511508Z CloudEvents: Disconnected. Reconnecting ... 1766909635.3393717
2025-12-28T08:32:32.9511810Z CloudEvents: Reconnected. 1766909635.4394994
2025-12-28T08:32:32.9512108Z CloudEvents: Disconnected. Reconnecting ... 1766910284.3968542
2025-12-28T08:32:32.9512410Z CloudEvents: Reconnected. 1766910284.496981
2025-12-28T08:32:32.9512702Z CloudEvents: Disconnected. Reconnecting ... 1766910284.7461967
2025-12-28T08:32:32.9513004Z CloudEvents: Reconnected. 1766910284.8463273
2025-12-28T08:32:32.9513297Z CloudEvents: Disconnected. Reconnecting ... 1766910339.2026403
2025-12-28T08:32:32.9513601Z CloudEvents: Reconnected. 1766910339.3027847
2025-12-28T08:32:32.9513896Z CloudEvents: Disconnected. Reconnecting ... 1766910339.5229516
2025-12-28T08:32:32.9514190Z CloudEvents: Reconnected. 1766910339.623082
2025-12-28T08:32:32.9514480Z CloudEvents: Disconnected. Reconnecting ... 1766910377.001501
2025-12-28T08:32:32.9514779Z CloudEvents: Reconnected. 1766910377.1016607
2025-12-28T08:32:32.9515072Z CloudEvents: Disconnected. Reconnecting ... 1766910377.3414314
2025-12-28T08:32:32.9515376Z CloudEvents: Reconnected. 1766910377.4415605
2025-12-28T08:32:32.9515665Z CloudEvents: Disconnected. Reconnecting ... 1766910377.6600704
2025-12-28T08:32:32.9515964Z CloudEvents: Reconnected. 1766910377.7601984
2025-12-28T08:32:32.9516265Z CloudEvents: Disconnected. Reconnecting ... 1766910416.7401047
2025-12-28T08:32:32.9516562Z CloudEvents: Reconnected. 1766910416.8402503
2025-12-28T08:32:32.9517170Z CloudEvents: Disconnected. Reconnecting ... 1766910417.0978813
2025-12-28T08:32:32.9517488Z CloudEvents: Reconnected. 1766910417.1980095
2025-12-28T08:32:32.9517778Z CloudEvents: Disconnected. Reconnecting ... 1766910417.428225
2025-12-28T08:32:32.9518081Z CloudEvents: Reconnected. 1766910417.5283537
2025-12-28T08:32:32.9518376Z CloudEvents: Disconnected. Reconnecting ... 1766910451.6654572
2025-12-28T08:32:32.9518671Z CloudEvents: Reconnected. 1766910451.7656069
2025-12-28T08:32:32.9518967Z CloudEvents: Disconnected. Reconnecting ... 1766910451.9964814
2025-12-28T08:32:32.9519265Z CloudEvents: Reconnected. 1766910452.0966132
2025-12-28T08:32:32.9519558Z CloudEvents: Disconnected. Reconnecting ... 1766910452.3162615
2025-12-28T08:32:32.9519857Z CloudEvents: Reconnected. 1766910452.4163904
2025-12-28T08:32:32.9520268Z CloudEvents: Disconnected. Reconnecting ... 1766910502.9330268
2025-12-28T08:32:32.9520566Z CloudEvents: Reconnected. 1766910503.0331714
2025-12-28T08:32:32.9520860Z CloudEvents: Disconnected. Reconnecting ... 1766910503.2685993
2025-12-28T08:32:32.9521165Z CloudEvents: Reconnected. 1766910503.368731
2025-12-28T08:32:32.9521457Z CloudEvents: Disconnected. Reconnecting ... 1766910589.0284386
2025-12-28T08:32:32.9521769Z CloudEvents: Reconnected. 1766910589.128584
2025-12-28T08:32:32.9522068Z CloudEvents: Disconnected. Reconnecting ... 1766910654.1231027
2025-12-28T08:32:32.9522369Z CloudEvents: Reconnected. 1766910654.223246
2025-12-28T08:32:32.9522664Z CloudEvents: Disconnected. Reconnecting ... 1766910654.4648883
2025-12-28T08:32:32.9522958Z CloudEvents: Reconnected. 1766910654.5650144
2025-12-28T08:32:32.9523254Z CloudEvents: Disconnected. Reconnecting ... 1766910654.8258564
2025-12-28T08:32:32.9523554Z CloudEvents: Reconnected. 1766910654.925984
2025-12-28T08:32:32.9523848Z CloudEvents: Disconnected. Reconnecting ... 1766910677.7453842
2025-12-28T08:32:32.9524148Z CloudEvents: Reconnected. 1766910677.84553
2025-12-28T08:32:32.9524435Z CloudEvents: Disconnected. Reconnecting ... 1766910678.104542
2025-12-28T08:32:32.9524740Z CloudEvents: Reconnected. 1766910678.2046936
2025-12-28T08:32:32.9525036Z CloudEvents: Disconnected. Reconnecting ... 1766910752.1659617
2025-12-28T08:32:32.9525333Z CloudEvents: Reconnected. 1766910752.2661104
2025-12-28T08:32:32.9525629Z CloudEvents: Disconnected. Reconnecting ... 1766910752.522251
2025-12-28T08:32:32.9525930Z CloudEvents: Reconnected. 1766910752.6223772
2025-12-28T08:32:32.9526219Z CloudEvents: Disconnected. Reconnecting ... 1766910752.84666
2025-12-28T09:05:00.4041424Z CloudEvents: Reconnected. 1766910752.9468205
2025-12-28T09:05:00.4042286Z CloudEvents: Disconnected. Reconnecting ... 1766910761.0496497
2025-12-28T09:05:00.4042946Z CloudEvents: Reconnected. 1766910761.1497884
2025-12-28T09:05:00.4043391Z CloudEvents: Disconnected. Reconnecting ... 1766910761.39092
2025-12-28T09:05:00.4043855Z CloudEvents: Reconnected. 1766910761.491051
2025-12-28T09:05:00.4044279Z CloudEvents: Disconnected. Reconnecting ... 1766910845.6469233
2025-12-28T09:05:00.4044716Z CloudEvents: Reconnected. 1766910845.7470682
2025-12-28T09:05:00.4045147Z CloudEvents: Disconnected. Reconnecting ... 1766910846.0118802
2025-12-28T09:05:00.4045564Z CloudEvents: Reconnected. 1766910846.1120088
2025-12-28T09:05:00.4045974Z CloudEvents: Disconnected. Reconnecting ... 1766910846.334895
2025-12-28T09:05:00.4046384Z CloudEvents: Reconnected. 1766910846.4350228
2025-12-28T09:05:00.4047135Z CloudEvents: Disconnected. Reconnecting ... 1766910876.277401
2025-12-28T09:05:00.4047579Z CloudEvents: Reconnected. 1766910876.3775496
2025-12-28T09:05:00.4048008Z CloudEvents: Disconnected. Reconnecting ... 1766910876.6095953
2025-12-28T09:05:00.4048445Z CloudEvents: Reconnected. 1766910876.7097244
2025-12-28T09:05:00.4048782Z CloudEvents: Disconnected. Reconnecting ... 1766910876.9240346
2025-12-28T09:05:00.4049099Z CloudEvents: Reconnected. 1766910877.0241601
2025-12-28T09:05:00.4049406Z CloudEvents: Disconnected. Reconnecting ... 1766910957.8684933
2025-12-28T09:05:00.4049722Z CloudEvents: Reconnected. 1766910957.9686391
2025-12-28T09:05:00.4050259Z CloudEvents: Disconnected. Reconnecting ... 1766910958.233024
2025-12-28T09:05:00.4050580Z CloudEvents: Reconnected. 1766910958.3331554
2025-12-28T09:05:00.4050885Z CloudEvents: Disconnected. Reconnecting ... 1766910958.573216
2025-12-28T09:05:00.4051190Z CloudEvents: Reconnected. 1766910958.6733453
2025-12-28T09:05:00.4051500Z CloudEvents: Disconnected. Reconnecting ... 1766910972.4127805
2025-12-28T09:05:00.4051811Z CloudEvents: Reconnected. 1766910972.5129309
2025-12-28T09:05:00.4052113Z CloudEvents: Disconnected. Reconnecting ... 1766910972.765547
2025-12-28T09:05:00.4052425Z CloudEvents: Reconnected. 1766910972.8656964
2025-12-28T09:05:00.4052727Z CloudEvents: Disconnected. Reconnecting ... 1766911129.0437725
2025-12-28T09:05:00.4053182Z CloudEvents: Reconnected. 1766911129.1439338
2025-12-28T09:05:00.4053486Z CloudEvents: Disconnected. Reconnecting ... 1766911129.3833964
2025-12-28T09:05:00.4053794Z CloudEvents: Reconnected. 1766911129.483524
2025-12-28T09:05:00.4054107Z CloudEvents: Disconnected. Reconnecting ... 1766911129.71491
2025-12-28T09:05:00.4054416Z CloudEvents: Reconnected. 1766911129.81504
2025-12-28T09:05:00.4054717Z CloudEvents: Disconnected. Reconnecting ... 1766911267.4336402
2025-12-28T09:05:00.4055026Z CloudEvents: Reconnected. 1766911267.53376
2025-12-28T09:05:00.4055323Z CloudEvents: Disconnected. Reconnecting ... 1766911267.77785
2025-12-28T09:05:00.4055624Z CloudEvents: Reconnected. 1766911267.877961
2025-12-28T09:05:00.4055927Z CloudEvents: Disconnected. Reconnecting ... 1766911296.0509117
2025-12-28T09:05:00.4056234Z CloudEvents: Reconnected. 1766911296.1510677
2025-12-28T09:05:00.4056544Z CloudEvents: Disconnected. Reconnecting ... 1766911296.3692842
2025-12-28T09:05:00.4056977Z CloudEvents: Reconnected. 1766911296.4694202
2025-12-28T09:05:00.4057290Z CloudEvents: Disconnected. Reconnecting ... 1766911317.4733615
2025-12-28T09:05:00.4057607Z CloudEvents: Reconnected. 1766911317.573503
2025-12-28T09:05:00.4057908Z CloudEvents: Disconnected. Reconnecting ... 1766911428.6077416
2025-12-28T09:05:00.4058229Z CloudEvents: Reconnected. 1766911428.7078867
2025-12-28T09:05:00.4058534Z CloudEvents: Disconnected. Reconnecting ... 1766911428.9720004
2025-12-28T09:05:00.4058846Z CloudEvents: Reconnected. 1766911429.0721288
2025-12-28T09:05:00.4059137Z CloudEvents: Disconnected. Reconnecting ... 1766911429.286626
2025-12-28T09:05:00.4059440Z CloudEvents: Reconnected. 1766911429.3867574
2025-12-28T09:05:00.4059736Z CloudEvents: Disconnected. Reconnecting ... 1766911457.1204927
2025-12-28T09:05:00.4060031Z CloudEvents: Reconnected. 1766911457.22064
2025-12-28T09:05:00.4060333Z CloudEvents: Disconnected. Reconnecting ... 1766911457.4581742
2025-12-28T09:05:00.4060631Z CloudEvents: Reconnected. 1766911457.5582826
2025-12-28T09:05:00.4060932Z CloudEvents: Disconnected. Reconnecting ... 1766911457.7724829
2025-12-28T09:05:00.4061236Z CloudEvents: Reconnected. 1766911457.8726141
2025-12-28T09:05:00.4061527Z CloudEvents: Disconnected. Reconnecting ... 1766911460.3132145
2025-12-28T09:05:00.4061831Z CloudEvents: Reconnected. 1766911460.4133296
2025-12-28T09:05:00.4062128Z CloudEvents: Disconnected. Reconnecting ... 1766911460.655034
2025-12-28T09:05:00.4062424Z CloudEvents: Reconnected. 1766911460.7551608
2025-12-28T09:05:00.4062722Z CloudEvents: Disconnected. Reconnecting ... 1766911460.9701471
2025-12-28T09:05:00.4063024Z CloudEvents: Reconnected. 1766911461.0702748
2025-12-28T09:05:00.4063319Z CloudEvents: Disconnected. Reconnecting ... 1766911560.8010576
2025-12-28T09:05:00.4063625Z CloudEvents: Reconnected. 1766911560.9012032
2025-12-28T09:05:00.4063923Z CloudEvents: Disconnected. Reconnecting ... 1766911561.1403248
2025-12-28T09:05:00.4064219Z CloudEvents: Reconnected. 1766911561.2404559
2025-12-28T09:05:00.4064515Z CloudEvents: Disconnected. Reconnecting ... 1766911561.4588842
2025-12-28T09:05:00.4064813Z CloudEvents: Reconnected. 1766911561.559013
2025-12-28T09:05:00.4065107Z CloudEvents: Disconnected. Reconnecting ... 1766911565.7488062
2025-12-28T09:05:00.4065408Z CloudEvents: Reconnected. 1766911565.8489444
2025-12-28T09:05:00.4065814Z CloudEvents: Disconnected. Reconnecting ... 1766911756.6953175
2025-12-28T09:05:00.4066119Z CloudEvents: Reconnected. 1766911756.795465
2025-12-28T09:05:00.4066414Z CloudEvents: Disconnected. Reconnecting ... 1766911757.021336
2025-12-28T09:05:00.4066811Z CloudEvents: Reconnected. 1766911757.1214662
2025-12-28T09:05:00.4067108Z CloudEvents: Disconnected. Reconnecting ... 1766911775.8211346
2025-12-28T09:05:00.4067429Z CloudEvents: Reconnected. 1766911775.9212599
2025-12-28T09:05:00.4067722Z CloudEvents: Disconnected. Reconnecting ... 1766911776.1410017
2025-12-28T09:05:00.4068021Z CloudEvents: Reconnected. 1766911776.2411294
2025-12-28T09:05:00.4068322Z CloudEvents: Disconnected. Reconnecting ... 1766911776.4713225
2025-12-28T09:05:00.4068736Z CloudEvents: Reconnected. 1766911776.5714626
2025-12-28T09:05:00.4069066Z CloudEvents: Disconnected. Reconnecting ... 1766911803.9932806
2025-12-28T09:05:00.4069367Z CloudEvents: Reconnected. 1766911804.093434
2025-12-28T09:05:00.4069664Z CloudEvents: Disconnected. Reconnecting ... 1766911804.3120377
2025-12-28T09:05:00.4069968Z CloudEvents: Reconnected. 1766911804.4121642
2025-12-28T09:05:00.4070259Z CloudEvents: Disconnected. Reconnecting ... 1766911891.9548604
2025-12-28T09:05:00.4070566Z CloudEvents: Reconnected. 1766911892.0550077
2025-12-28T09:05:00.4070861Z CloudEvents: Disconnected. Reconnecting ... 1766911892.285986
2025-12-28T09:05:00.4071154Z CloudEvents: Reconnected. 1766911892.386115
2025-12-28T09:05:00.4071448Z CloudEvents: Disconnected. Reconnecting ... 1766911923.6577096
2025-12-28T09:05:00.4071750Z CloudEvents: Reconnected. 1766911923.7578554
2025-12-28T09:05:00.4072038Z CloudEvents: Disconnected. Reconnecting ... 1766911923.9931412
2025-12-28T09:05:00.4072346Z CloudEvents: Reconnected. 1766911924.0932653
2025-12-28T09:05:00.4072645Z CloudEvents: Disconnected. Reconnecting ... 1766911924.3309712
2025-12-28T09:05:00.4072940Z CloudEvents: Reconnected. 1766911924.4310975
2025-12-28T09:05:00.4073242Z CloudEvents: Disconnected. Reconnecting ... 1766911979.0618558
2025-12-28T09:05:00.4073542Z CloudEvents: Reconnected. 1766911979.1619937
2025-12-28T09:05:00.4073831Z CloudEvents: Disconnected. Reconnecting ... 1766912018.147326
2025-12-28T09:05:00.4074131Z CloudEvents: Reconnected. 1766912018.247473
2025-12-28T09:05:00.4074418Z CloudEvents: Disconnected. Reconnecting ... 1766912028.8607888
2025-12-28T09:05:00.4074724Z CloudEvents: Reconnected. 1766912028.9609203
2025-12-28T09:05:00.4075022Z CloudEvents: Disconnected. Reconnecting ... 1766912029.3098917
2025-12-28T09:05:00.4075317Z CloudEvents: Reconnected. 1766912029.410018
2025-12-28T09:05:00.4075610Z CloudEvents: Disconnected. Reconnecting ... 1766912052.2618515
2025-12-28T09:05:00.4075911Z CloudEvents: Reconnected. 1766912052.361993
2025-12-28T09:05:00.4076205Z CloudEvents: Disconnected. Reconnecting ... 1766912052.6036134
2025-12-28T09:05:00.4076503Z CloudEvents: Reconnected. 1766912052.7037416
2025-12-28T09:05:00.4076895Z CloudEvents: Disconnected. Reconnecting ... 1766912052.9213686
2025-12-28T09:05:00.4077200Z CloudEvents: Reconnected. 1766912053.0214956
2025-12-28T09:05:00.4077503Z CloudEvents: Disconnected. Reconnecting ... 1766912056.684069
2025-12-28T09:05:00.4077804Z CloudEvents: Reconnected. 1766912056.7842016
2025-12-28T09:05:00.4078093Z CloudEvents: Disconnected. Reconnecting ... 1766912057.0194924
2025-12-28T09:05:00.4078404Z CloudEvents: Reconnected. 1766912057.1196206
2025-12-28T09:05:00.4078693Z CloudEvents: Disconnected. Reconnecting ... 1766912057.3364043
2025-12-28T09:05:00.4078994Z CloudEvents: Reconnected. 1766912057.4365313
2025-12-28T09:05:00.4079289Z CloudEvents: Disconnected. Reconnecting ... 1766912063.7391891
2025-12-28T09:05:00.4079585Z CloudEvents: Reconnected. 1766912063.8393264
2025-12-28T09:05:00.4079882Z CloudEvents: Disconnected. Reconnecting ... 1766912064.0743115
2025-12-28T09:05:00.4080183Z CloudEvents: Reconnected. 1766912064.1744418
2025-12-28T09:05:00.4080472Z CloudEvents: Disconnected. Reconnecting ... 1766912064.397416
2025-12-28T09:05:00.4080888Z CloudEvents: Reconnected. 1766912064.497547
2025-12-28T09:05:00.4081191Z CloudEvents: Disconnected. Reconnecting ... 1766912202.6584458
2025-12-28T09:05:00.4081488Z CloudEvents: Reconnected. 1766912202.75859
2025-12-28T09:05:00.4081783Z CloudEvents: Disconnected. Reconnecting ... 1766912242.7569602
2025-12-28T09:05:00.4082080Z CloudEvents: Reconnected. 1766912242.857107
2025-12-28T09:05:00.4082369Z CloudEvents: Disconnected. Reconnecting ... 1766912243.091464
2025-12-28T09:05:00.4082689Z CloudEvents: Reconnected. 1766912243.1915932
2025-12-28T09:05:00.4082979Z CloudEvents: Disconnected. Reconnecting ... 1766912243.4196982
2025-12-28T09:05:00.4083280Z CloudEvents: Reconnected. 1766912243.5198293
2025-12-28T09:05:00.4083576Z CloudEvents: Disconnected. Reconnecting ... 1766912409.4059336
2025-12-28T09:05:00.4083980Z CloudEvents: Reconnected. 1766912409.506073
2025-12-28T09:05:00.4084271Z CloudEvents: Disconnected. Reconnecting ... 1766912409.7380586
2025-12-28T09:05:00.4084579Z CloudEvents: Reconnected. 1766912409.8381865
2025-12-28T09:05:00.4084877Z CloudEvents: Disconnected. Reconnecting ... 1766912410.0686448
2025-12-28T09:05:00.4085179Z CloudEvents: Reconnected. 1766912410.1687741
2025-12-28T09:05:00.4085479Z CloudEvents: Disconnected. Reconnecting ... 1766912484.1498892
2025-12-28T09:05:00.4085771Z CloudEvents: Reconnected. 1766912484.250035
2025-12-28T09:05:00.4086064Z CloudEvents: Disconnected. Reconnecting ... 1766912484.5230446
2025-12-28T09:05:00.4086367Z CloudEvents: Reconnected. 1766912484.6231709
2025-12-28T09:05:00.4086755Z CloudEvents: Disconnected. Reconnecting ... 1766912484.8409162
2025-12-28T09:05:00.4087060Z CloudEvents: Reconnected. 1766912484.9410467
2025-12-28T09:05:00.4087348Z CloudEvents: Disconnected. Reconnecting ... 1766912491.2600634
2025-12-28T09:05:00.4087654Z CloudEvents: Reconnected. 1766912491.3601968
2025-12-28T09:05:00.4087952Z CloudEvents: Disconnected. Reconnecting ... 1766912491.5936944
2025-12-28T09:05:00.4088246Z CloudEvents: Reconnected. 1766912491.6938205
2025-12-28T09:05:00.4088550Z CloudEvents: Disconnected. Reconnecting ... 1766912491.910816
2025-12-28T09:05:00.4088850Z CloudEvents: Reconnected. 1766912492.0109398
2025-12-28T09:05:00.4089142Z CloudEvents: Disconnected. Reconnecting ... 1766912571.9786994
2025-12-28T09:05:00.4089440Z CloudEvents: Reconnected. 1766912572.078813
2025-12-28T09:05:00.4089735Z CloudEvents: Disconnected. Reconnecting ... 1766912572.2955534
2025-12-28T09:05:00.4090030Z CloudEvents: Reconnected. 1766912572.3957055
2025-12-28T09:05:00.4090327Z CloudEvents: Disconnected. Reconnecting ... 1766912619.2387543
2025-12-28T09:05:00.4090628Z CloudEvents: Reconnected. 1766912619.33889
2025-12-28T09:05:00.4090917Z CloudEvents: Disconnected. Reconnecting ... 1766912619.5857637
2025-12-28T09:05:00.4091224Z CloudEvents: Reconnected. 1766912619.685891
2025-12-28T09:32:52.2995455Z CloudEvents: Disconnected. Reconnecting ... 1766912700.4039235
2025-12-28T09:32:52.2996172Z CloudEvents: Reconnected. 1766912700.5041184
2025-12-28T09:32:52.2996553Z CloudEvents: Disconnected. Reconnecting ... 1766912777.829983
2025-12-28T09:32:52.2997078Z CloudEvents: Reconnected. 1766912777.9301271
2025-12-28T09:32:52.2997425Z CloudEvents: Disconnected. Reconnecting ... 1766912860.1345553
2025-12-28T09:32:52.2997795Z CloudEvents: Reconnected. 1766912860.2347214
2025-12-28T09:32:52.2998123Z CloudEvents: Disconnected. Reconnecting ... 1766912952.4304543
2025-12-28T09:32:52.2998459Z CloudEvents: Reconnected. 1766912952.5305965
2025-12-28T09:32:52.2998782Z CloudEvents: Disconnected. Reconnecting ... 1766912952.7665315
2025-12-28T09:32:52.2999117Z CloudEvents: Reconnected. 1766912952.8666592
2025-12-28T09:32:52.2999446Z CloudEvents: Disconnected. Reconnecting ... 1766913208.4984016
2025-12-28T09:32:52.2999770Z CloudEvents: Reconnected. 1766913208.598543
2025-12-28T09:32:52.3000103Z CloudEvents: Disconnected. Reconnecting ... 1766913208.8430147
2025-12-28T09:32:52.3000435Z CloudEvents: Reconnected. 1766913208.9431396
2025-12-28T09:32:52.3000754Z CloudEvents: Disconnected. Reconnecting ... 1766913209.197455
2025-12-28T09:32:52.3001345Z CloudEvents: Reconnected. 1766913209.2975812
2025-12-28T09:32:52.3001676Z CloudEvents: Disconnected. Reconnecting ... 1766913247.5174875
2025-12-28T09:32:52.3002002Z CloudEvents: Reconnected. 1766913247.6176114
2025-12-28T09:32:52.3002323Z CloudEvents: Disconnected. Reconnecting ... 1766913247.8383853
2025-12-28T09:32:52.3004167Z CloudEvents: Reconnected. 1766913247.9385126
2025-12-28T09:32:52.3004533Z CloudEvents: Disconnected. Reconnecting ... 1766913262.4427168
2025-12-28T09:32:52.3004876Z CloudEvents: Reconnected. 1766913262.5428576
2025-12-28T09:32:52.3005210Z CloudEvents: Disconnected. Reconnecting ... 1766913262.8517947
2025-12-28T09:32:52.3005548Z CloudEvents: Reconnected. 1766913262.9519224
2025-12-28T09:32:52.3006042Z CloudEvents: Disconnected. Reconnecting ... 1766913331.6655798
2025-12-28T09:32:52.3006372Z CloudEvents: Reconnected. 1766913331.7657232
2025-12-28T09:32:52.3006855Z CloudEvents: Disconnected. Reconnecting ... 1766913332.0649092
2025-12-28T09:32:52.3007195Z CloudEvents: Reconnected. 1766913332.1650374
2025-12-28T09:32:52.3007544Z CloudEvents: Disconnected. Reconnecting ... 1766913384.8344233
2025-12-28T09:32:52.3007877Z CloudEvents: Reconnected. 1766913384.9345632
2025-12-28T09:32:52.3008204Z CloudEvents: Disconnected. Reconnecting ... 1766913385.169612
2025-12-28T09:32:52.3008547Z CloudEvents: Reconnected. 1766913385.2697375
2025-12-28T09:32:52.3008873Z CloudEvents: Disconnected. Reconnecting ... 1766913385.520991
2025-12-28T09:32:52.3009203Z CloudEvents: Reconnected. 1766913385.6211262
2025-12-28T09:32:52.3009527Z CloudEvents: Disconnected. Reconnecting ... 1766913410.363261
2025-12-28T09:32:52.3009848Z CloudEvents: Reconnected. 1766913410.4634016
2025-12-28T09:32:52.3010177Z CloudEvents: Disconnected. Reconnecting ... 1766913468.6163356
2025-12-28T09:32:52.3010510Z CloudEvents: Reconnected. 1766913468.7164814
2025-12-28T09:32:52.3010826Z CloudEvents: Disconnected. Reconnecting ... 1766913468.9343905
2025-12-28T09:32:52.3011162Z CloudEvents: Reconnected. 1766913469.0345201
2025-12-28T09:32:52.3011481Z CloudEvents: Disconnected. Reconnecting ... 1766913469.2648802
2025-12-28T09:32:52.3011800Z CloudEvents: Reconnected. 1766913469.3650079
2025-12-28T09:32:52.3012115Z CloudEvents: Disconnected. Reconnecting ... 1766913500.964703
2025-12-28T09:32:52.3012441Z CloudEvents: Reconnected. 1766913501.0648475
2025-12-28T09:32:52.3012757Z CloudEvents: Disconnected. Reconnecting ... 1766913501.3074665
2025-12-28T09:32:52.3013085Z CloudEvents: Reconnected. 1766913501.407596
2025-12-28T09:32:52.3013397Z CloudEvents: Disconnected. Reconnecting ... 1766913542.266112
2025-12-28T09:32:52.3013725Z CloudEvents: Reconnected. 1766913542.3662548
2025-12-28T09:32:52.3014046Z CloudEvents: Disconnected. Reconnecting ... 1766913549.6567285
2025-12-28T09:32:52.3014375Z CloudEvents: Reconnected. 1766913549.7568386
2025-12-28T09:32:52.3014696Z CloudEvents: Disconnected. Reconnecting ... 1766913550.0043886
2025-12-28T09:32:52.3015025Z CloudEvents: Reconnected. 1766913550.1045148
2025-12-28T09:32:52.3015345Z CloudEvents: Disconnected. Reconnecting ... 1766913550.3413525
2025-12-28T09:32:52.3015674Z CloudEvents: Reconnected. 1766913550.44148
2025-12-28T09:32:52.3016003Z CloudEvents: Disconnected. Reconnecting ... 1766913650.0659108
2025-12-28T09:32:52.3016329Z CloudEvents: Reconnected. 1766913650.166053
2025-12-28T09:32:52.3016753Z CloudEvents: Disconnected. Reconnecting ... 1766913650.3920472
2025-12-28T09:32:52.3017061Z CloudEvents: Reconnected. 1766913650.4921744
2025-12-28T09:32:52.3017350Z CloudEvents: Disconnected. Reconnecting ... 1766913764.2910943
2025-12-28T09:32:52.3017648Z CloudEvents: Reconnected. 1766913764.3912363
2025-12-28T09:32:52.3017936Z CloudEvents: Disconnected. Reconnecting ... 1766913764.6649065
2025-12-28T09:32:52.3018261Z CloudEvents: Reconnected. 1766913764.7650337
2025-12-28T09:32:52.3018549Z CloudEvents: Disconnected. Reconnecting ... 1766913765.0074134
2025-12-28T09:32:52.3018840Z CloudEvents: Reconnected. 1766913765.1075437
2025-12-28T09:32:52.3019254Z CloudEvents: Disconnected. Reconnecting ... 1766913768.1818466
2025-12-28T09:32:52.3019556Z CloudEvents: Reconnected. 1766913768.281981
2025-12-28T09:32:52.3019838Z CloudEvents: Disconnected. Reconnecting ... 1766913768.5107703
2025-12-28T09:32:52.3020135Z CloudEvents: Reconnected. 1766913768.610899
2025-12-28T09:32:52.3020423Z CloudEvents: Disconnected. Reconnecting ... 1766913773.6562285
2025-12-28T09:32:52.3020718Z CloudEvents: Reconnected. 1766913773.7563653
2025-12-28T09:32:52.3021009Z CloudEvents: Disconnected. Reconnecting ... 1766913773.982403
2025-12-28T09:32:52.3021303Z CloudEvents: Reconnected. 1766913774.0825312
2025-12-28T09:32:52.3021590Z CloudEvents: Disconnected. Reconnecting ... 1766913774.3257337
2025-12-28T09:32:52.3021999Z CloudEvents: Reconnected. 1766913774.4258616
2025-12-28T09:32:52.3022288Z CloudEvents: Disconnected. Reconnecting ... 1766913794.9899974
2025-12-28T09:32:52.3022580Z CloudEvents: Reconnected. 1766913795.0901392
2025-12-28T09:32:52.3022875Z CloudEvents: Disconnected. Reconnecting ... 1766913795.3080401
2025-12-28T09:32:52.3023167Z CloudEvents: Reconnected. 1766913795.4081705
2025-12-28T09:32:52.3023459Z CloudEvents: Disconnected. Reconnecting ... 1766913795.6394565
2025-12-28T09:32:52.3023755Z CloudEvents: Reconnected. 1766913795.739586
2025-12-28T09:32:52.3024039Z CloudEvents: Disconnected. Reconnecting ... 1766913851.1436985
2025-12-28T09:32:52.3024336Z CloudEvents: Reconnected. 1766913851.243844
2025-12-28T09:32:52.3024629Z CloudEvents: Disconnected. Reconnecting ... 1766913851.4907289
2025-12-28T09:32:52.3024922Z CloudEvents: Reconnected. 1766913851.590856
2025-12-28T09:32:52.3025209Z CloudEvents: Disconnected. Reconnecting ... 1766913851.826652
2025-12-28T09:32:52.3025507Z CloudEvents: Reconnected. 1766913851.9267776
2025-12-28T09:32:52.3025802Z CloudEvents: Disconnected. Reconnecting ... 1766913862.0111403
2025-12-28T09:32:52.3026111Z CloudEvents: Reconnected. 1766913862.1112769
2025-12-28T09:32:52.3026401Z CloudEvents: Disconnected. Reconnecting ... 1766913862.3556302
2025-12-28T09:32:52.3026798Z CloudEvents: Reconnected. 1766913862.4557314
2025-12-28T09:32:52.3027086Z CloudEvents: Disconnected. Reconnecting ... 1766913862.6817977
2025-12-28T09:32:52.3027382Z CloudEvents: Reconnected. 1766913862.7819254
2025-12-28T09:32:52.3027670Z CloudEvents: Disconnected. Reconnecting ... 1766913872.122198
2025-12-28T09:32:52.3027966Z CloudEvents: Reconnected. 1766913872.222336
2025-12-28T09:32:52.3028251Z CloudEvents: Disconnected. Reconnecting ... 1766913872.437886
2025-12-28T09:32:52.3028540Z CloudEvents: Reconnected. 1766913872.5380175
2025-12-28T09:32:52.3028831Z CloudEvents: Disconnected. Reconnecting ... 1766913872.7661855
2025-12-28T09:32:52.3029126Z CloudEvents: Reconnected. 1766913872.8663163
2025-12-28T09:32:52.3029421Z CloudEvents: Disconnected. Reconnecting ... 1766913899.3675272
2025-12-28T09:32:52.3029718Z CloudEvents: Reconnected. 1766913899.4676943
2025-12-28T09:32:52.3030011Z CloudEvents: Disconnected. Reconnecting ... 1766913899.7028902
2025-12-28T09:32:52.3030305Z CloudEvents: Reconnected. 1766913899.8030221
2025-12-28T09:32:52.3030596Z CloudEvents: Disconnected. Reconnecting ... 1766913900.0399044
2025-12-28T09:32:52.3030892Z CloudEvents: Reconnected. 1766913900.1400323
2025-12-28T09:32:52.3031180Z CloudEvents: Disconnected. Reconnecting ... 1766913946.6439333
2025-12-28T09:32:52.3031475Z CloudEvents: Reconnected. 1766913946.744075
2025-12-28T09:32:52.3031757Z CloudEvents: Disconnected. Reconnecting ... 1766913946.9612017
2025-12-28T09:32:52.3032058Z CloudEvents: Reconnected. 1766913947.0613296
2025-12-28T09:32:52.3032347Z CloudEvents: Disconnected. Reconnecting ... 1766913947.2960432
2025-12-28T09:32:52.3032644Z CloudEvents: Reconnected. 1766913947.3961709
2025-12-28T09:32:52.3032933Z CloudEvents: Disconnected. Reconnecting ... 1766913981.125779
2025-12-28T09:32:52.3033232Z CloudEvents: Reconnected. 1766913981.225932
2025-12-28T09:32:52.3033515Z CloudEvents: Disconnected. Reconnecting ... 1766913981.4439461
2025-12-28T09:32:52.3033820Z CloudEvents: Reconnected. 1766913981.5440724
2025-12-28T09:32:52.3034223Z CloudEvents: Disconnected. Reconnecting ... 1766913981.7743723
2025-12-28T09:32:52.3034516Z CloudEvents: Reconnected. 1766913981.874502
2025-12-28T09:32:52.3034804Z CloudEvents: Disconnected. Reconnecting ... 1766913990.8469338
2025-12-28T09:32:52.3035099Z CloudEvents: Reconnected. 1766913990.947069
2025-12-28T09:32:52.3035382Z CloudEvents: Disconnected. Reconnecting ... 1766913991.1842968
2025-12-28T09:32:52.3035678Z CloudEvents: Reconnected. 1766913991.284425
2025-12-28T09:32:52.3035958Z CloudEvents: Disconnected. Reconnecting ... 1766913995.2002892
2025-12-28T09:32:52.3036256Z CloudEvents: Reconnected. 1766913995.30042
2025-12-28T09:32:52.3036549Z CloudEvents: Disconnected. Reconnecting ... 1766914001.6077156
2025-12-28T09:32:52.3037067Z CloudEvents: Reconnected. 1766914001.707856
2025-12-28T09:32:52.3037355Z CloudEvents: Disconnected. Reconnecting ... 1766914001.9335787
2025-12-28T09:32:52.3037656Z CloudEvents: Reconnected. 1766914002.0337079
2025-12-28T09:32:52.3037956Z CloudEvents: Disconnected. Reconnecting ... 1766914002.2613795
2025-12-28T09:32:52.3038265Z CloudEvents: Reconnected. 1766914002.3615105
2025-12-28T09:32:52.3038568Z CloudEvents: Disconnected. Reconnecting ... 1766914018.5943751
2025-12-28T09:32:52.3038870Z CloudEvents: Reconnected. 1766914018.6945205
2025-12-28T09:32:52.3039167Z CloudEvents: Disconnected. Reconnecting ... 1766914178.1780982
2025-12-28T09:32:52.3039464Z CloudEvents: Reconnected. 1766914178.2782435
2025-12-28T09:32:52.3039755Z CloudEvents: Disconnected. Reconnecting ... 1766914178.5536423
2025-12-28T09:32:52.3040056Z CloudEvents: Reconnected. 1766914178.6537673
2025-12-28T09:32:52.3040352Z CloudEvents: Disconnected. Reconnecting ... 1766914203.725458
2025-12-28T09:32:52.3040655Z CloudEvents: Reconnected. 1766914203.8256013
2025-12-28T09:32:52.3040952Z CloudEvents: Disconnected. Reconnecting ... 1766914204.0710433
2025-12-28T09:32:52.3041247Z CloudEvents: Reconnected. 1766914204.1711736
2025-12-28T09:32:52.3041547Z CloudEvents: Disconnected. Reconnecting ... 1766914255.03135
2025-12-28T09:32:52.3041848Z CloudEvents: Reconnected. 1766914255.1314964
2025-12-28T09:32:52.3042137Z CloudEvents: Disconnected. Reconnecting ... 1766914336.1763642
2025-12-28T09:32:52.3042438Z CloudEvents: Reconnected. 1766914336.2764883
2025-12-28T09:32:52.3042731Z CloudEvents: Disconnected. Reconnecting ... 1766914340.1777716
2025-12-28T09:32:52.3043026Z CloudEvents: Reconnected. 1766914340.2779028
2025-12-28T09:32:52.3043317Z CloudEvents: Disconnected. Reconnecting ... 1766914340.4991548
2025-12-28T09:32:52.3043614Z CloudEvents: Reconnected. 1766914340.5992837
2025-12-28T09:32:52.3043903Z CloudEvents: Disconnected. Reconnecting ... 1766914340.823281
2025-12-28T09:32:52.3044202Z CloudEvents: Reconnected. 1766914340.9234107
2025-12-28T09:32:52.3044498Z CloudEvents: Disconnected. Reconnecting ... 1766914371.6400445
2025-12-28T09:32:52.3044791Z CloudEvents: Reconnected. 1766914371.7401917
2025-12-28T09:32:52.3045082Z CloudEvents: Disconnected. Reconnecting ... 1766914371.9642258
2025-12-28T09:32:52.3045380Z CloudEvents: Reconnected. 1766914372.064355
2025-12-28T09:32:52.3045712Z CloudEvents: Disconnected. Reconnecting ... 1766914372.2993314
2025-12-28T10:00:46.9209592Z CloudEvents: Reconnected. 1766914372.3995116
2025-12-28T10:00:46.9210458Z CloudEvents: Disconnected. Reconnecting ... 1766914435.7477043
2025-12-28T10:00:46.9211211Z CloudEvents: Reconnected. 1766914435.8478508
2025-12-28T10:00:46.9211937Z CloudEvents: Disconnected. Reconnecting ... 1766914465.2691777
2025-12-28T10:00:46.9212672Z CloudEvents: Reconnected. 1766914465.3693266
2025-12-28T10:00:46.9213378Z CloudEvents: Disconnected. Reconnecting ... 1766914465.5985332
2025-12-28T10:00:46.9214108Z CloudEvents: Reconnected. 1766914465.6986613
2025-12-28T10:00:46.9214738Z CloudEvents: Disconnected. Reconnecting ... 1766914578.0050821
2025-12-28T10:00:46.9215185Z CloudEvents: Reconnected. 1766914578.1052299
2025-12-28T10:00:46.9215624Z CloudEvents: Disconnected. Reconnecting ... 1766914578.3261547
2025-12-28T10:00:46.9216268Z CloudEvents: Reconnected. 1766914578.4262846
2025-12-28T10:00:46.9216603Z CloudEvents: Disconnected. Reconnecting ... 1766914599.0297892
2025-12-28T10:00:46.9217293Z CloudEvents: Reconnected. 1766914599.1299276
2025-12-28T10:00:46.9217622Z CloudEvents: Disconnected. Reconnecting ... 1766914599.371338
2025-12-28T10:00:46.9217956Z CloudEvents: Reconnected. 1766914599.471465
2025-12-28T10:00:46.9218301Z CloudEvents: Disconnected. Reconnecting ... 1766914599.7097282
2025-12-28T10:00:46.9218829Z CloudEvents: Reconnected. 1766914599.8098593
2025-12-28T10:00:46.9219373Z CloudEvents: Disconnected. Reconnecting ... 1766914623.8387558
2025-12-28T10:00:46.9219963Z CloudEvents: Reconnected. 1766914623.9389007
2025-12-28T10:00:46.9220532Z CloudEvents: Disconnected. Reconnecting ... 1766914624.1737866
2025-12-28T10:00:46.9221358Z CloudEvents: Reconnected. 1766914624.2739155
2025-12-28T10:00:46.9221762Z CloudEvents: Disconnected. Reconnecting ... 1766914756.0862641
2025-12-28T10:00:46.9222091Z CloudEvents: Reconnected. 1766914756.1864073
2025-12-28T10:00:46.9222424Z CloudEvents: Disconnected. Reconnecting ... 1766914756.4087546
2025-12-28T10:00:46.9222829Z CloudEvents: Reconnected. 1766914756.5088837
2025-12-28T10:00:46.9223151Z CloudEvents: Disconnected. Reconnecting ... 1766914756.7625132
2025-12-28T10:00:46.9223480Z CloudEvents: Reconnected. 1766914756.8626432
2025-12-28T10:00:46.9223795Z CloudEvents: Disconnected. Reconnecting ... 1766915008.3964868
2025-12-28T10:00:46.9224125Z CloudEvents: Reconnected. 1766915008.4966462
2025-12-28T10:00:46.9224448Z CloudEvents: Disconnected. Reconnecting ... 1766915012.9040513
2025-12-28T10:00:46.9224773Z CloudEvents: Reconnected. 1766915013.0041847
2025-12-28T10:00:46.9225096Z CloudEvents: Disconnected. Reconnecting ... 1766915013.2488558
2025-12-28T10:00:46.9225429Z CloudEvents: Reconnected. 1766915013.3489861
2025-12-28T10:00:46.9225753Z CloudEvents: Disconnected. Reconnecting ... 1766915157.904536
2025-12-28T10:00:46.9226084Z CloudEvents: Reconnected. 1766915158.0047064
2025-12-28T10:00:46.9226410Z CloudEvents: Disconnected. Reconnecting ... 1766915158.2551851
2025-12-28T10:00:46.9226961Z CloudEvents: Reconnected. 1766915158.3553128
2025-12-28T10:00:46.9227259Z CloudEvents: Disconnected. Reconnecting ... 1766915171.4300833
2025-12-28T10:00:46.9227560Z CloudEvents: Reconnected. 1766915171.530237
2025-12-28T10:00:46.9227850Z CloudEvents: Disconnected. Reconnecting ... 1766915281.4716191
2025-12-28T10:00:46.9228150Z CloudEvents: Reconnected. 1766915281.5717623
2025-12-28T10:00:46.9228436Z CloudEvents: Disconnected. Reconnecting ... 1766915281.8120258
2025-12-28T10:00:46.9228738Z CloudEvents: Reconnected. 1766915281.912156
2025-12-28T10:00:46.9229032Z CloudEvents: Disconnected. Reconnecting ... 1766915294.2315211
2025-12-28T10:00:46.9229330Z CloudEvents: Reconnected. 1766915294.331711
2025-12-28T10:00:46.9229622Z CloudEvents: Disconnected. Reconnecting ... 1766915294.5636368
2025-12-28T10:00:46.9229928Z CloudEvents: Reconnected. 1766915294.6637359
2025-12-28T10:00:46.9230223Z CloudEvents: Disconnected. Reconnecting ... 1766915306.9993608
2025-12-28T10:00:46.9230529Z CloudEvents: Reconnected. 1766915307.0994818
2025-12-28T10:00:46.9230822Z CloudEvents: Disconnected. Reconnecting ... 1766915320.701399
2025-12-28T10:00:46.9231121Z CloudEvents: Reconnected. 1766915320.8015418
2025-12-28T10:00:46.9231416Z CloudEvents: Disconnected. Reconnecting ... 1766915321.0352423
2025-12-28T10:00:46.9231719Z CloudEvents: Reconnected. 1766915321.1353579
2025-12-28T10:00:46.9232014Z CloudEvents: Disconnected. Reconnecting ... 1766915327.0232487
2025-12-28T10:00:46.9232336Z CloudEvents: Reconnected. 1766915327.123386
2025-12-28T10:00:46.9232626Z CloudEvents: Disconnected. Reconnecting ... 1766915327.3516068
2025-12-28T10:00:46.9232923Z CloudEvents: Reconnected. 1766915327.4517336
2025-12-28T10:00:46.9233226Z CloudEvents: Disconnected. Reconnecting ... 1766915327.6686287
2025-12-28T10:00:46.9233525Z CloudEvents: Reconnected. 1766915327.7687576
2025-12-28T10:00:46.9233965Z CloudEvents: Disconnected. Reconnecting ... 1766915334.1467686
2025-12-28T10:00:46.9234272Z CloudEvents: Reconnected. 1766915334.246911
2025-12-28T10:00:46.9234565Z CloudEvents: Disconnected. Reconnecting ... 1766915376.6384864
2025-12-28T10:00:46.9234859Z CloudEvents: Reconnected. 1766915376.738633
2025-12-28T10:00:46.9235149Z CloudEvents: Disconnected. Reconnecting ... 1766915376.9670224
2025-12-28T10:00:46.9235448Z CloudEvents: Reconnected. 1766915377.0671484
2025-12-28T10:00:46.9235741Z CloudEvents: Disconnected. Reconnecting ... 1766915409.2926426
2025-12-28T10:00:46.9236055Z CloudEvents: Reconnected. 1766915409.3927848
2025-12-28T10:00:46.9236356Z CloudEvents: Disconnected. Reconnecting ... 1766915409.6197612
2025-12-28T10:00:46.9236785Z CloudEvents: Reconnected. 1766915409.7198982
2025-12-28T10:00:46.9237485Z CloudEvents: Disconnected. Reconnecting ... 1766915409.9653573
2025-12-28T10:00:46.9238081Z CloudEvents: Reconnected. 1766915410.0654886
2025-12-28T10:00:46.9238394Z CloudEvents: Disconnected. Reconnecting ... 1766915417.80043
2025-12-28T10:00:46.9238709Z CloudEvents: Reconnected. 1766915417.9005666
2025-12-28T10:00:46.9239004Z CloudEvents: Disconnected. Reconnecting ... 1766915427.817162
2025-12-28T10:00:46.9239308Z CloudEvents: Reconnected. 1766915427.9172826
2025-12-28T10:00:46.9239608Z CloudEvents: Disconnected. Reconnecting ... 1766915428.1472158
2025-12-28T10:00:46.9239909Z CloudEvents: Reconnected. 1766915428.2473445
2025-12-28T10:00:46.9240272Z CloudEvents: Disconnected. Reconnecting ... 1766915428.4740424
2025-12-28T10:00:46.9240586Z CloudEvents: Reconnected. 1766915428.574174
2025-12-28T10:00:46.9240881Z CloudEvents: Disconnected. Reconnecting ... 1766915431.9490345
2025-12-28T10:00:46.9241184Z CloudEvents: Reconnected. 1766915432.0491633
2025-12-28T10:00:46.9241489Z CloudEvents: Disconnected. Reconnecting ... 1766915432.2872283
2025-12-28T10:00:46.9241786Z CloudEvents: Reconnected. 1766915432.3873553
2025-12-28T10:00:46.9242085Z CloudEvents: Disconnected. Reconnecting ... 1766915436.401963
2025-12-28T10:00:46.9242387Z CloudEvents: Reconnected. 1766915436.502092
2025-12-28T10:00:46.9242688Z CloudEvents: Disconnected. Reconnecting ... 1766915436.7290554
2025-12-28T10:00:46.9242993Z CloudEvents: Reconnected. 1766915436.829184
2025-12-28T10:00:46.9243298Z CloudEvents: Disconnected. Reconnecting ... 1766915437.0570538
2025-12-28T10:00:46.9243616Z CloudEvents: Reconnected. 1766915437.1571848
2025-12-28T10:00:46.9243921Z CloudEvents: Disconnected. Reconnecting ... 1766915449.9804008
2025-12-28T10:00:46.9244221Z CloudEvents: Reconnected. 1766915450.0805433
2025-12-28T10:00:46.9244521Z CloudEvents: Disconnected. Reconnecting ... 1766915450.2981393
2025-12-28T10:00:46.9244824Z CloudEvents: Reconnected. 1766915450.3982677
2025-12-28T10:00:46.9245115Z CloudEvents: Disconnected. Reconnecting ... 1766915510.2995322
2025-12-28T10:00:46.9245422Z CloudEvents: Reconnected. 1766915510.3997147
2025-12-28T10:00:46.9245716Z CloudEvents: Disconnected. Reconnecting ... 1766915510.6352332
2025-12-28T10:00:46.9246011Z CloudEvents: Reconnected. 1766915510.7353647
2025-12-28T10:00:46.9246311Z CloudEvents: Disconnected. Reconnecting ... 1766915510.9524174
2025-12-28T10:00:46.9246607Z CloudEvents: Reconnected. 1766915511.05251
2025-12-28T10:00:46.9247104Z CloudEvents: Disconnected. Reconnecting ... 1766915537.3989851
2025-12-28T10:00:46.9247409Z CloudEvents: Reconnected. 1766915537.499132
2025-12-28T10:00:46.9247702Z CloudEvents: Disconnected. Reconnecting ... 1766915541.0295475
2025-12-28T10:00:46.9248002Z CloudEvents: Reconnected. 1766915541.1297126
2025-12-28T10:00:46.9248297Z CloudEvents: Disconnected. Reconnecting ... 1766915541.3589149
2025-12-28T10:00:46.9248593Z CloudEvents: Reconnected. 1766915541.4590418
2025-12-28T10:00:46.9248885Z CloudEvents: Disconnected. Reconnecting ... 1766915541.6761708
2025-12-28T10:00:46.9249194Z CloudEvents: Reconnected. 1766915541.7763002
2025-12-28T10:00:46.9249489Z CloudEvents: Disconnected. Reconnecting ... 1766915544.8831043
2025-12-28T10:00:46.9249788Z CloudEvents: Reconnected. 1766915544.9832149
2025-12-28T10:00:46.9250243Z CloudEvents: Disconnected. Reconnecting ... 1766915545.2187262
2025-12-28T10:00:46.9250545Z CloudEvents: Reconnected. 1766915545.318852
2025-12-28T10:00:46.9250843Z CloudEvents: Disconnected. Reconnecting ... 1766915548.41192
2025-12-28T10:00:46.9251137Z CloudEvents: Reconnected. 1766915548.512058
2025-12-28T10:00:46.9251431Z CloudEvents: Disconnected. Reconnecting ... 1766915548.7567177
2025-12-28T10:00:46.9251736Z CloudEvents: Reconnected. 1766915548.8568437
2025-12-28T10:00:46.9252025Z CloudEvents: Disconnected. Reconnecting ... 1766915658.7783794
2025-12-28T10:00:46.9252329Z CloudEvents: Reconnected. 1766915658.878505
2025-12-28T10:00:46.9252624Z CloudEvents: Disconnected. Reconnecting ... 1766915659.1271958
2025-12-28T10:00:46.9253061Z CloudEvents: Reconnected. 1766915659.227325
2025-12-28T10:00:46.9253351Z CloudEvents: Disconnected. Reconnecting ... 1766915707.6164954
2025-12-28T10:00:46.9253654Z CloudEvents: Reconnected. 1766915707.7166393
2025-12-28T10:00:46.9253952Z CloudEvents: Disconnected. Reconnecting ... 1766915741.2485776
2025-12-28T10:00:46.9254260Z CloudEvents: Reconnected. 1766915741.3487213
2025-12-28T10:00:46.9254562Z CloudEvents: Disconnected. Reconnecting ... 1766915741.6088586
2025-12-28T10:00:46.9254859Z CloudEvents: Reconnected. 1766915741.7089832
2025-12-28T10:00:46.9255157Z CloudEvents: Disconnected. Reconnecting ... 1766915741.934511
2025-12-28T10:00:46.9255456Z CloudEvents: Reconnected. 1766915742.0346394
2025-12-28T10:00:46.9255757Z CloudEvents: Disconnected. Reconnecting ... 1766915978.02787
2025-12-28T10:00:46.9256056Z CloudEvents: Reconnected. 1766915978.128017
2025-12-28T10:00:46.9256350Z CloudEvents: Disconnected. Reconnecting ... 1766915978.3544633
2025-12-28T10:00:46.9256813Z CloudEvents: Reconnected. 1766915978.454592
2025-12-28T10:00:46.9257217Z CloudEvents: Disconnected. Reconnecting ... 1766915978.6781883
2025-12-28T10:00:46.9257515Z CloudEvents: Reconnected. 1766915978.778316
2025-12-28T10:00:46.9257809Z CloudEvents: Disconnected. Reconnecting ... 1766916013.5000598
2025-12-28T10:00:46.9258117Z CloudEvents: Reconnected. 1766916013.600203
2025-12-28T10:00:46.9258405Z CloudEvents: Disconnected. Reconnecting ... 1766916013.9590378
2025-12-28T10:00:46.9258707Z CloudEvents: Reconnected. 1766916014.0591755
2025-12-28T10:00:46.9259012Z CloudEvents: Disconnected. Reconnecting ... 1766916014.279275
2025-12-28T10:00:46.9259308Z CloudEvents: Reconnected. 1766916014.3794034
2025-12-28T10:00:46.9259602Z CloudEvents: Disconnected. Reconnecting ... 1766916023.7843573
2025-12-28T10:00:46.9259898Z CloudEvents: Reconnected. 1766916023.8844943
2025-12-28T10:00:46.9260193Z CloudEvents: Disconnected. Reconnecting ... 1766916024.153133
2025-12-28T10:00:46.9260497Z CloudEvents: Reconnected. 1766916024.2532644
2025-12-28T10:00:46.9260790Z CloudEvents: Disconnected. Reconnecting ... 1766916024.475308
2025-12-28T10:00:46.9261088Z CloudEvents: Reconnected. 1766916024.575436
2025-12-28T10:00:46.9261380Z CloudEvents: Disconnected. Reconnecting ... 1766916038.120422
2025-12-28T10:00:46.9261675Z CloudEvents: Reconnected. 1766916038.2205644
2025-12-28T10:00:46.9261971Z CloudEvents: Disconnected. Reconnecting ... 1766916038.4790206
2025-12-28T10:00:46.9262282Z CloudEvents: Reconnected. 1766916038.5791495
2025-12-28T10:00:46.9262573Z CloudEvents: Disconnected. Reconnecting ... 1766916038.804997
2025-12-28T10:00:46.9262871Z CloudEvents: Reconnected. 1766916038.9051273
2025-12-28T10:00:46.9263168Z CloudEvents: Disconnected. Reconnecting ... 1766916046.8205848
2025-12-28T10:21:24.7230918Z CloudEvents: Reconnected. 1766916046.9207258
2025-12-28T10:21:24.7231767Z CloudEvents: Disconnected. Reconnecting ... 1766916047.1454093
2025-12-28T10:21:24.7232416Z CloudEvents: Reconnected. 1766916047.2455375
2025-12-28T10:21:24.7232863Z CloudEvents: Disconnected. Reconnecting ... 1766916095.187509
2025-12-28T10:21:24.7233261Z CloudEvents: Reconnected. 1766916095.2876518
2025-12-28T10:21:24.7233577Z CloudEvents: Disconnected. Reconnecting ... 1766916095.5206351
2025-12-28T10:21:24.7233885Z CloudEvents: Reconnected. 1766916095.620761
2025-12-28T10:21:24.7234443Z CloudEvents: Disconnected. Reconnecting ... 1766916095.855585
2025-12-28T10:21:24.7234764Z CloudEvents: Reconnected. 1766916095.9557142
2025-12-28T10:21:24.7235056Z CloudEvents: Disconnected. Reconnecting ... 1766916099.603401
2025-12-28T10:21:24.7235357Z CloudEvents: Reconnected. 1766916099.703531
2025-12-28T10:21:24.7235651Z CloudEvents: Disconnected. Reconnecting ... 1766916099.9247067
2025-12-28T10:21:24.7235964Z CloudEvents: Reconnected. 1766916100.0248415
2025-12-28T10:21:24.7236269Z CloudEvents: Disconnected. Reconnecting ... 1766916168.5907001
2025-12-28T10:21:24.7236571Z CloudEvents: Reconnected. 1766916168.6908488
2025-12-28T10:21:24.7237192Z CloudEvents: Disconnected. Reconnecting ... 1766916168.9190233
2025-12-28T10:21:24.7237673Z CloudEvents: Reconnected. 1766916169.0191514
2025-12-28T10:21:24.7237984Z CloudEvents: Disconnected. Reconnecting ... 1766916169.2535434
2025-12-28T10:21:24.7238302Z CloudEvents: Reconnected. 1766916169.3536892
2025-12-28T10:21:24.7238618Z CloudEvents: Disconnected. Reconnecting ... 1766916238.2488542
2025-12-28T10:21:24.7238918Z CloudEvents: Reconnected. 1766916238.348976
2025-12-28T10:21:24.7239221Z CloudEvents: Disconnected. Reconnecting ... 1766916238.578314
2025-12-28T10:21:24.7239533Z CloudEvents: Reconnected. 1766916238.6784415
2025-12-28T10:21:24.7239830Z CloudEvents: Disconnected. Reconnecting ... 1766916285.8719463
2025-12-28T10:21:24.7240132Z CloudEvents: Reconnected. 1766916285.9720824
2025-12-28T10:21:24.7240426Z CloudEvents: Disconnected. Reconnecting ... 1766916286.314182
2025-12-28T10:21:24.7240726Z CloudEvents: Reconnected. 1766916286.414313
2025-12-28T10:21:24.7241023Z CloudEvents: Disconnected. Reconnecting ... 1766916290.764489
2025-12-28T10:21:24.7241326Z CloudEvents: Reconnected. 1766916290.86463
2025-12-28T10:21:24.7241628Z CloudEvents: Disconnected. Reconnecting ... 1766916291.081898
2025-12-28T10:21:24.7241935Z CloudEvents: Reconnected. 1766916291.182028
2025-12-28T10:21:24.7242234Z CloudEvents: Disconnected. Reconnecting ... 1766916411.2350245
2025-12-28T10:21:24.7242549Z CloudEvents: Reconnected. 1766916411.3351676
2025-12-28T10:21:24.7242849Z CloudEvents: Disconnected. Reconnecting ... 1766916485.7178714
2025-12-28T10:21:24.7243152Z CloudEvents: Reconnected. 1766916485.818019
2025-12-28T10:21:24.7243451Z CloudEvents: Disconnected. Reconnecting ... 1766916486.0386572
2025-12-28T10:21:24.7243758Z CloudEvents: Reconnected. 1766916486.1387835
2025-12-28T10:21:24.7244054Z CloudEvents: Disconnected. Reconnecting ... 1766916507.5732834
2025-12-28T10:21:24.7244356Z CloudEvents: Reconnected. 1766916507.6734262
2025-12-28T10:21:24.7244647Z CloudEvents: Disconnected. Reconnecting ... 1766916507.9186199
2025-12-28T10:21:24.7244948Z CloudEvents: Reconnected. 1766916508.0187507
2025-12-28T10:21:24.7245253Z CloudEvents: Disconnected. Reconnecting ... 1766916508.236213
2025-12-28T10:21:24.7245548Z CloudEvents: Reconnected. 1766916508.3363457
2025-12-28T10:21:24.7245843Z CloudEvents: Disconnected. Reconnecting ... 1766916521.0812068
2025-12-28T10:21:24.7246149Z CloudEvents: Reconnected. 1766916521.1813526
2025-12-28T10:21:24.7246438Z CloudEvents: Disconnected. Reconnecting ... 1766916608.9231713
2025-12-28T10:21:24.7246861Z CloudEvents: Reconnected. 1766916609.023323
2025-12-28T10:21:24.7247160Z CloudEvents: Disconnected. Reconnecting ... 1766916609.264533
2025-12-28T10:21:24.7247456Z CloudEvents: Reconnected. 1766916609.3646588
2025-12-28T10:21:24.7247753Z CloudEvents: Disconnected. Reconnecting ... 1766916609.5844033
2025-12-28T10:21:24.7248053Z CloudEvents: Reconnected. 1766916609.6845324
2025-12-28T10:21:24.7248348Z CloudEvents: Disconnected. Reconnecting ... 1766916643.4208567
2025-12-28T10:21:24.7248651Z CloudEvents: Reconnected. 1766916643.5209997
2025-12-28T10:21:24.7248950Z CloudEvents: Disconnected. Reconnecting ... 1766916643.7828858
2025-12-28T10:21:24.7249249Z CloudEvents: Reconnected. 1766916643.883015
2025-12-28T10:21:24.7249542Z CloudEvents: Disconnected. Reconnecting ... 1766916644.102588
2025-12-28T10:21:24.7249954Z CloudEvents: Reconnected. 1766916644.2027156
2025-12-28T10:21:24.7250254Z CloudEvents: Disconnected. Reconnecting ... 1766916721.3959556
2025-12-28T10:21:24.7250554Z CloudEvents: Reconnected. 1766916721.4960992
2025-12-28T10:21:24.7250842Z CloudEvents: Disconnected. Reconnecting ... 1766916721.7353294
2025-12-28T10:21:24.7251139Z CloudEvents: Reconnected. 1766916721.835458
2025-12-28T10:21:24.7251430Z CloudEvents: Disconnected. Reconnecting ... 1766916722.0637107
2025-12-28T10:21:24.7251729Z CloudEvents: Reconnected. 1766916722.1638193
2025-12-28T10:21:24.7252027Z CloudEvents: Disconnected. Reconnecting ... 1766916789.3913777
2025-12-28T10:21:24.7252329Z CloudEvents: Reconnected. 1766916789.4915237
2025-12-28T10:21:24.7252624Z CloudEvents: Disconnected. Reconnecting ... 1766916789.7225308
2025-12-28T10:21:24.7253040Z CloudEvents: Reconnected. 1766916789.8226578
2025-12-28T10:21:24.7253332Z CloudEvents: Disconnected. Reconnecting ... 1766916802.6776264
2025-12-28T10:21:24.7253638Z CloudEvents: Reconnected. 1766916802.7777762
2025-12-28T10:21:24.7253944Z CloudEvents: Disconnected. Reconnecting ... 1766916803.0004492
2025-12-28T10:21:24.7254243Z CloudEvents: Reconnected. 1766916803.1005738
2025-12-28T10:21:24.7254540Z CloudEvents: Disconnected. Reconnecting ... 1766916803.3437326
2025-12-28T10:21:24.7254839Z CloudEvents: Reconnected. 1766916803.4438624
2025-12-28T10:21:24.7255131Z CloudEvents: Disconnected. Reconnecting ... 1766916805.4885182
2025-12-28T10:21:24.7255431Z CloudEvents: Reconnected. 1766916805.5886304
2025-12-28T10:21:24.7255730Z CloudEvents: Disconnected. Reconnecting ... 1766916805.8814702
2025-12-28T10:21:24.7256025Z CloudEvents: Reconnected. 1766916805.981597
2025-12-28T10:21:24.7256317Z CloudEvents: Disconnected. Reconnecting ... 1766916806.2821376
2025-12-28T10:21:24.7257094Z CloudEvents: Reconnected. 1766916806.3822649
2025-12-28T10:21:24.7257500Z CloudEvents: Disconnected. Reconnecting ... 1766916820.8854012
2025-12-28T10:21:24.7257822Z CloudEvents: Reconnected. 1766916820.9855444
2025-12-28T10:21:24.7258128Z CloudEvents: Disconnected. Reconnecting ... 1766916821.2170157
2025-12-28T10:21:24.7258438Z CloudEvents: Reconnected. 1766916821.317145
2025-12-28T10:21:24.7258743Z CloudEvents: Disconnected. Reconnecting ... 1766916821.5469327
2025-12-28T10:21:24.7259049Z CloudEvents: Reconnected. 1766916821.6470616
2025-12-28T10:21:24.7259347Z CloudEvents: Disconnected. Reconnecting ... 1766916918.747513
2025-12-28T10:21:24.7259655Z CloudEvents: Reconnected. 1766916918.8476593
2025-12-28T10:21:24.7259947Z CloudEvents: Disconnected. Reconnecting ... 1766916919.145209
2025-12-28T10:21:24.7260246Z CloudEvents: Reconnected. 1766916919.2453349
2025-12-28T10:21:24.7260540Z CloudEvents: Disconnected. Reconnecting ... 1766916919.472034
2025-12-28T10:21:24.7260836Z CloudEvents: Reconnected. 1766916919.5721574
2025-12-28T10:21:24.7261131Z CloudEvents: Disconnected. Reconnecting ... 1766917061.2567034
2025-12-28T10:21:24.7261438Z CloudEvents: Reconnected. 1766917061.3568406
2025-12-28T10:21:24.7261737Z CloudEvents: Disconnected. Reconnecting ... 1766917061.5973866
2025-12-28T10:21:24.7262045Z CloudEvents: Reconnected. 1766917061.697514
2025-12-28T10:21:24.7262337Z CloudEvents: Disconnected. Reconnecting ... 1766917061.9175
2025-12-28T10:21:24.7262640Z CloudEvents: Reconnected. 1766917062.0176284
2025-12-28T10:21:24.7262935Z CloudEvents: Disconnected. Reconnecting ... 1766917083.477232
2025-12-28T10:21:24.7263234Z CloudEvents: Reconnected. 1766917083.5773745
2025-12-28T10:21:24.7263534Z CloudEvents: Disconnected. Reconnecting ... 1766917083.7972906
2025-12-28T10:21:24.7263838Z CloudEvents: Reconnected. 1766917083.8974204
2025-12-28T10:21:24.7264128Z CloudEvents: Disconnected. Reconnecting ... 1766917148.1168244
2025-12-28T10:21:24.7264428Z CloudEvents: Reconnected. 1766917148.2169664
2025-12-28T10:21:24.7264726Z CloudEvents: Disconnected. Reconnecting ... 1766917148.4719737
2025-12-28T10:21:24.7265022Z CloudEvents: Reconnected. 1766917148.5721023
2025-12-28T10:21:24.7265320Z CloudEvents: Disconnected. Reconnecting ... 1766917148.7987483
2025-12-28T10:21:24.7265758Z CloudEvents: Reconnected. 1766917148.8988779
2025-12-28T10:21:24.7266049Z CloudEvents: Disconnected. Reconnecting ... 1766917151.478069
2025-12-28T10:21:24.7266348Z CloudEvents: Reconnected. 1766917151.5781627
2025-12-28T10:21:24.7266812Z CloudEvents: Disconnected. Reconnecting ... 1766917151.8042824
2025-12-28T10:21:24.7267150Z CloudEvents: Reconnected. 1766917151.9044116
2025-12-28T10:21:24.7267447Z CloudEvents: Disconnected. Reconnecting ... 1766917171.4745698
2025-12-28T10:21:24.7267742Z CloudEvents: Reconnected. 1766917171.5747144
2025-12-28T10:21:24.7268037Z CloudEvents: Disconnected. Reconnecting ... 1766917171.8160486
2025-12-28T10:21:24.7268337Z CloudEvents: Reconnected. 1766917171.9161751
2025-12-28T10:21:24.7268751Z CloudEvents: Disconnected. Reconnecting ... 1766917175.29971
2025-12-28T10:21:24.7269051Z CloudEvents: Reconnected. 1766917175.399839
2025-12-28T10:21:24.7269343Z CloudEvents: Disconnected. Reconnecting ... 1766917175.6411512
2025-12-28T10:21:24.7269646Z CloudEvents: Reconnected. 1766917175.7412817
2025-12-28T10:21:24.7269939Z CloudEvents: Disconnected. Reconnecting ... 1766917181.1377277
2025-12-28T10:21:24.7270236Z CloudEvents: Reconnected. 1766917181.2378645
2025-12-28T10:21:24.7270526Z CloudEvents: Disconnected. Reconnecting ... 1766917184.8848176
2025-12-28T10:21:24.7270824Z CloudEvents: Reconnected. 1766917184.9849527
2025-12-28T10:21:24.7271118Z CloudEvents: Disconnected. Reconnecting ... 1766917185.2334983
2025-12-28T10:21:24.7271418Z CloudEvents: Reconnected. 1766917185.3336275
2025-12-28T10:21:24.7271710Z CloudEvents: Disconnected. Reconnecting ... 1766917185.5552578
2025-12-28T10:21:24.7272002Z CloudEvents: Reconnected. 1766917185.6553664
2025-12-28T10:21:24.7272296Z CloudEvents: Disconnected. Reconnecting ... 1766917197.4378366
2025-12-28T10:21:24.7272601Z CloudEvents: Reconnected. 1766917197.5379765
2025-12-28T10:21:24.7272900Z CloudEvents: Disconnected. Reconnecting ... 1766917206.5077126
2025-12-28T10:21:24.7273203Z CloudEvents: Reconnected. 1766917206.6078498
2025-12-28T10:21:24.7273516Z CloudEvents: Disconnected. Reconnecting ... 1766917206.8288624
2025-12-28T10:21:24.7279439Z CloudEvents: Reconnected. 1766917206.928988
2025-12-28T10:21:24.7279788Z CloudEvents: Disconnected. Reconnecting ... 1766917207.2100668
2025-12-28T10:21:24.7280121Z CloudEvents: Reconnected. 1766917207.3101943
2025-12-28T10:21:24.7280447Z CloudEvents: Disconnected. Reconnecting ... 1766917227.3600554
2025-12-28T10:21:24.7280772Z CloudEvents: Reconnected. 1766917227.4601958
2025-12-28T10:21:24.7281072Z CloudEvents: Disconnected. Reconnecting ... 1766917230.9978032
2025-12-28T10:21:24.7281383Z CloudEvents: Reconnected. 1766917231.0979335
2025-12-28T10:21:24.7281682Z CloudEvents: Disconnected. Reconnecting ... 1766917238.1406128
2025-12-28T10:21:24.7281993Z CloudEvents: Reconnected. 1766917238.240749
2025-12-28T10:21:24.7282290Z CloudEvents: Disconnected. Reconnecting ... 1766917238.4754086
2025-12-28T10:21:24.7282592Z CloudEvents: Reconnected. 1766917238.5755408
2025-12-28T10:21:24.7282887Z CloudEvents: Disconnected. Reconnecting ... 1766917248.4575224
2025-12-28T10:21:24.7283190Z CloudEvents: Reconnected. 1766917248.5576925
2025-12-28T10:21:24.7283485Z CloudEvents: Disconnected. Reconnecting ... 1766917248.7789164
2025-12-28T10:21:24.7283782Z CloudEvents: Reconnected. 1766917248.8790474
2025-12-28T10:21:24.7284079Z CloudEvents: Disconnected. Reconnecting ... 1766917262.9423509
2025-12-28T10:21:24.7284374Z CloudEvents: Reconnected. 1766917263.0424976
2025-12-28T10:21:24.7284675Z CloudEvents: Disconnected. Reconnecting ... 1766917263.368197
2025-12-28T10:21:24.7284979Z CloudEvents: Reconnected. 1766917263.4683254
2025-12-28T10:21:24.7285272Z CloudEvents: Disconnected. Reconnecting ... 1766917276.0994716
2025-12-28T10:21:24.7285579Z CloudEvents: Reconnected. 1766917276.199614
2025-12-28T10:31:55.2329749Z CloudEvents: Disconnected. Reconnecting ... 1766917284.7228756
2025-12-28T10:31:55.2330676Z CloudEvents: Reconnected. 1766917284.8230686
2025-12-28T10:31:55.2331498Z CloudEvents: Disconnected. Reconnecting ... 1766917285.0528572
2025-12-28T10:31:55.2332235Z CloudEvents: Reconnected. 1766917285.1529841
2025-12-28T10:31:55.2333011Z CloudEvents: Disconnected. Reconnecting ... 1766917285.3807137
2025-12-28T10:31:55.2333817Z CloudEvents: Reconnected. 1766917285.4808419
2025-12-28T10:31:55.2334602Z CloudEvents: Disconnected. Reconnecting ... 1766917307.2213142
2025-12-28T10:31:55.2335387Z CloudEvents: Reconnected. 1766917307.321457
2025-12-28T10:31:55.2336232Z CloudEvents: Disconnected. Reconnecting ... 1766917307.57826
2025-12-28T10:31:55.2337527Z CloudEvents: Reconnected. 1766917307.6783876
2025-12-28T10:31:55.2338330Z CloudEvents: Disconnected. Reconnecting ... 1766917320.3325727
2025-12-28T10:31:55.2339524Z CloudEvents: Reconnected. 1766917320.4327104
2025-12-28T10:31:55.2340109Z CloudEvents: Disconnected. Reconnecting ... 1766917320.6602743
2025-12-28T10:31:55.2340714Z CloudEvents: Reconnected. 1766917320.760407
2025-12-28T10:31:55.2341306Z CloudEvents: Disconnected. Reconnecting ... 1766917320.9894001
2025-12-28T10:31:55.2341903Z CloudEvents: Reconnected. 1766917321.0895307
2025-12-28T10:31:55.2342359Z CloudEvents: Disconnected. Reconnecting ... 1766917324.4887803
2025-12-28T10:31:55.2342673Z CloudEvents: Reconnected. 1766917324.5888975
2025-12-28T10:31:55.2342967Z CloudEvents: Disconnected. Reconnecting ... 1766917324.80657
2025-12-28T10:31:55.2343280Z CloudEvents: Reconnected. 1766917324.9067016
2025-12-28T10:31:55.2343583Z CloudEvents: Disconnected. Reconnecting ... 1766917339.860538
2025-12-28T10:31:55.2343883Z CloudEvents: Reconnected. 1766917339.9607108
2025-12-28T10:31:55.2344180Z CloudEvents: Disconnected. Reconnecting ... 1766917340.196067
2025-12-28T10:31:55.2344480Z CloudEvents: Reconnected. 1766917340.2961948
2025-12-28T10:31:55.2344775Z CloudEvents: Disconnected. Reconnecting ... 1766917340.522983
2025-12-28T10:31:55.2345076Z CloudEvents: Reconnected. 1766917340.6231086
2025-12-28T10:31:55.2345374Z CloudEvents: Disconnected. Reconnecting ... 1766917346.3112457
2025-12-28T10:31:55.2345675Z CloudEvents: Reconnected. 1766917346.4113777
2025-12-28T10:31:55.2345977Z CloudEvents: Disconnected. Reconnecting ... 1766917346.6411483
2025-12-28T10:31:55.2346285Z CloudEvents: Reconnected. 1766917346.741279
2025-12-28T10:31:55.2346579Z CloudEvents: Disconnected. Reconnecting ... 1766917346.973244
2025-12-28T10:31:55.2347153Z CloudEvents: Reconnected. 1766917347.0733738
2025-12-28T10:31:55.2347455Z CloudEvents: Disconnected. Reconnecting ... 1766917353.1748145
2025-12-28T10:31:55.2347761Z CloudEvents: Reconnected. 1766917353.2749624
2025-12-28T10:31:55.2348056Z CloudEvents: Disconnected. Reconnecting ... 1766917353.5164773
2025-12-28T10:31:55.2348352Z CloudEvents: Reconnected. 1766917353.6165993
2025-12-28T10:31:55.2348654Z CloudEvents: Disconnected. Reconnecting ... 1766917353.8505242
2025-12-28T10:31:55.2348955Z CloudEvents: Reconnected. 1766917353.9506526
2025-12-28T10:31:55.2349245Z CloudEvents: Disconnected. Reconnecting ... 1766917359.8292842
2025-12-28T10:31:55.2349559Z CloudEvents: Reconnected. 1766917359.9294193
2025-12-28T10:31:55.2349856Z CloudEvents: Disconnected. Reconnecting ... 1766917360.1603847
2025-12-28T10:31:55.2350151Z CloudEvents: Reconnected. 1766917360.260517
2025-12-28T10:31:55.2350597Z CloudEvents: Disconnected. Reconnecting ... 1766917360.5000002
2025-12-28T10:31:55.2350907Z CloudEvents: Reconnected. 1766917360.6001334
2025-12-28T10:31:55.2351196Z CloudEvents: Disconnected. Reconnecting ... 1766917368.9767153
2025-12-28T10:31:55.2351501Z CloudEvents: Reconnected. 1766917369.0768535
2025-12-28T10:31:55.2351791Z CloudEvents: Disconnected. Reconnecting ... 1766917414.0583262
2025-12-28T10:31:55.2352092Z CloudEvents: Reconnected. 1766917414.158463
2025-12-28T10:31:55.2352387Z CloudEvents: Disconnected. Reconnecting ... 1766917432.7557235
2025-12-28T10:31:55.2352690Z CloudEvents: Reconnected. 1766917432.8558626
2025-12-28T10:31:55.2353024Z CloudEvents: Disconnected. Reconnecting ... 1766917433.1061637
2025-12-28T10:31:55.2353327Z CloudEvents: Reconnected. 1766917433.206301
2025-12-28T10:31:55.2353777Z CloudEvents: Disconnected. Reconnecting ... 1766917433.4365227
2025-12-28T10:31:55.2354089Z CloudEvents: Reconnected. 1766917433.5366533
2025-12-28T10:31:55.2354384Z CloudEvents: Disconnected. Reconnecting ... 1766917438.4213977
2025-12-28T10:31:55.2354680Z CloudEvents: Reconnected. 1766917438.5215316
2025-12-28T10:31:55.2354978Z CloudEvents: Disconnected. Reconnecting ... 1766917472.2953506
2025-12-28T10:31:55.2355279Z CloudEvents: Reconnected. 1766917472.3954957
2025-12-28T10:31:55.2355570Z CloudEvents: Disconnected. Reconnecting ... 1766917472.6530206
2025-12-28T10:31:55.2355872Z CloudEvents: Reconnected. 1766917472.7531476
2025-12-28T10:31:55.2356164Z CloudEvents: Disconnected. Reconnecting ... 1766917472.9940453
2025-12-28T10:31:55.2356572Z CloudEvents: Reconnected. 1766917473.094171
2025-12-28T10:31:55.2357128Z CloudEvents: Disconnected. Reconnecting ... 1766917486.6255472
2025-12-28T10:31:55.2357447Z CloudEvents: Reconnected. 1766917486.725715
2025-12-28T10:31:55.2357755Z CloudEvents: Disconnected. Reconnecting ... 1766917486.978049
2025-12-28T10:31:55.2358061Z CloudEvents: Reconnected. 1766917487.078136
2025-12-28T10:31:55.2358354Z CloudEvents: Disconnected. Reconnecting ... 1766917635.7437737
2025-12-28T10:31:55.2358663Z CloudEvents: Reconnected. 1766917635.8439221
2025-12-28T10:31:55.2358969Z CloudEvents: Disconnected. Reconnecting ... 1766917753.5365357
2025-12-28T10:31:55.2359267Z CloudEvents: Reconnected. 1766917753.636715
2025-12-28T10:31:55.2359560Z CloudEvents: Disconnected. Reconnecting ... 1766917758.8520212
2025-12-28T10:31:55.2359859Z CloudEvents: Reconnected. 1766917758.952157
2025-12-28T10:31:55.2360147Z CloudEvents: Disconnected. Reconnecting ... 1766917759.173598
2025-12-28T10:31:55.2360463Z CloudEvents: Reconnected. 1766917759.2737284
2025-12-28T10:31:55.2360758Z CloudEvents: Disconnected. Reconnecting ... 1766917759.5114903
2025-12-28T10:31:55.2361061Z CloudEvents: Reconnected. 1766917759.6116176
2025-12-28T10:31:55.2361365Z CloudEvents: Disconnected. Reconnecting ... 1766917764.5498009
2025-12-28T10:31:55.2361664Z CloudEvents: Reconnected. 1766917764.6499343
2025-12-28T10:31:55.2361960Z CloudEvents: Disconnected. Reconnecting ... 1766917785.3475826
2025-12-28T10:31:55.2362261Z CloudEvents: Reconnected. 1766917785.447727
2025-12-28T10:31:55.2362549Z CloudEvents: Disconnected. Reconnecting ... 1766917785.6818697
2025-12-28T10:31:55.2362854Z CloudEvents: Reconnected. 1766917785.7819996
2025-12-28T10:31:55.2363149Z CloudEvents: Disconnected. Reconnecting ... 1766917786.0021892
2025-12-28T10:31:55.2363449Z CloudEvents: Reconnected. 1766917786.1023185
2025-12-28T10:31:55.2363748Z CloudEvents: Disconnected. Reconnecting ... 1766917791.3233387
2025-12-28T10:31:55.2364049Z CloudEvents: Reconnected. 1766917791.4234812
2025-12-28T10:31:55.2364344Z CloudEvents: Disconnected. Reconnecting ... 1766917796.9400308
2025-12-28T10:31:55.2364647Z CloudEvents: Reconnected. 1766917797.040168
2025-12-28T10:31:55.2364936Z CloudEvents: Disconnected. Reconnecting ... 1766917797.2987244
2025-12-28T10:31:55.2365244Z CloudEvents: Reconnected. 1766917797.3988597
2025-12-28T10:31:55.2365540Z CloudEvents: Disconnected. Reconnecting ... 1766917801.3773487
2025-12-28T10:31:55.2365837Z CloudEvents: Reconnected. 1766917801.4774845
2025-12-28T10:31:55.2366130Z CloudEvents: Disconnected. Reconnecting ... 1766917805.4054313
2025-12-28T10:31:55.2366458Z CloudEvents: Reconnected. 1766917805.505565
2025-12-28T10:31:55.2366856Z CloudEvents: Disconnected. Reconnecting ... 1766917805.7232184
2025-12-28T10:31:55.2367160Z CloudEvents: Reconnected. 1766917805.8233488
2025-12-28T10:31:55.2367457Z CloudEvents: Disconnected. Reconnecting ... 1766917806.043741
2025-12-28T10:31:55.2367753Z CloudEvents: Reconnected. 1766917806.1438732
2025-12-28T10:31:55.2368056Z CloudEvents: Disconnected. Reconnecting ... 1766917816.3308504
2025-12-28T10:31:55.2368358Z CloudEvents: Reconnected. 1766917816.4309924
2025-12-28T10:31:55.2368659Z CloudEvents: Disconnected. Reconnecting ... 1766917822.4168777
2025-12-28T10:31:55.2369102Z CloudEvents: Reconnected. 1766917822.517026
2025-12-28T10:31:55.2369407Z CloudEvents: Disconnected. Reconnecting ... 1766917822.7365816
2025-12-28T10:31:55.2369712Z CloudEvents: Reconnected. 1766917822.836713
2025-12-28T10:31:55.2370008Z CloudEvents: Disconnected. Reconnecting ... 1766917823.0685577
2025-12-28T10:31:55.2370312Z CloudEvents: Reconnected. 1766917823.1687145
2025-12-28T10:31:55.2370612Z CloudEvents: Disconnected. Reconnecting ... 1766917826.4977214
2025-12-28T10:31:55.2370916Z CloudEvents: Reconnected. 1766917826.5978708
2025-12-28T10:31:55.2371213Z CloudEvents: Disconnected. Reconnecting ... 1766917826.8207855
2025-12-28T10:31:55.2371512Z CloudEvents: Reconnected. 1766917826.920919
2025-12-28T10:31:55.2371806Z CloudEvents: Disconnected. Reconnecting ... 1766917827.1405766
2025-12-28T10:31:55.2372221Z CloudEvents: Reconnected. 1766917827.2407072
2025-12-28T10:31:55.2372520Z CloudEvents: Disconnected. Reconnecting ... 1766917831.753846
2025-12-28T10:31:55.2372822Z CloudEvents: Reconnected. 1766917831.8539824
2025-12-28T10:31:55.2373120Z CloudEvents: Disconnected. Reconnecting ... 1766917832.0855458
2025-12-28T10:31:55.2373423Z CloudEvents: Reconnected. 1766917832.1857045
2025-12-28T10:31:55.2373714Z CloudEvents: Disconnected. Reconnecting ... 1766917840.2775824
2025-12-28T10:31:55.2374016Z CloudEvents: Reconnected. 1766917840.377721
2025-12-28T10:31:55.2374310Z CloudEvents: Disconnected. Reconnecting ... 1766917840.6146302
2025-12-28T10:31:55.2374607Z CloudEvents: Reconnected. 1766917840.714758
2025-12-28T10:31:55.2374900Z CloudEvents: Disconnected. Reconnecting ... 1766917840.9512792
2025-12-28T10:31:55.2375202Z CloudEvents: Reconnected. 1766917841.0514078
2025-12-28T10:31:55.2375494Z CloudEvents: Disconnected. Reconnecting ... 1766917846.1521845
2025-12-28T10:31:55.2375801Z CloudEvents: Reconnected. 1766917846.252321
2025-12-28T10:31:55.2376096Z CloudEvents: Disconnected. Reconnecting ... 1766917846.480598
2025-12-28T10:31:55.2376393Z CloudEvents: Reconnected. 1766917846.5807195
2025-12-28T10:31:55.2376805Z CloudEvents: Disconnected. Reconnecting ... 1766917851.7887492
2025-12-28T10:31:55.2377108Z CloudEvents: Reconnected. 1766917851.8888857
2025-12-28T10:31:55.2377401Z CloudEvents: Disconnected. Reconnecting ... 1766917852.1112568
2025-12-28T10:31:55.2377699Z CloudEvents: Reconnected. 1766917852.211384
2025-12-28T10:31:55.2377985Z CloudEvents: Disconnected. Reconnecting ... 1766917852.427052
2025-12-28T10:31:55.2378285Z CloudEvents: Reconnected. 1766917852.52719
2025-12-28T10:31:55.2378580Z CloudEvents: Disconnected. Reconnecting ... 1766917864.9567132
2025-12-28T10:31:55.2378879Z CloudEvents: Reconnected. 1766917865.0568595
2025-12-28T10:31:55.2379173Z CloudEvents: Disconnected. Reconnecting ... 1766917865.2769032
2025-12-28T10:31:55.2379483Z CloudEvents: Reconnected. 1766917865.3770325
2025-12-28T10:31:55.2379780Z CloudEvents: Disconnected. Reconnecting ... 1766917865.6000874
2025-12-28T10:31:55.2380083Z CloudEvents: Reconnected. 1766917865.7002199
2025-12-28T10:31:55.2380380Z CloudEvents: Disconnected. Reconnecting ... 1766917873.6150146
2025-12-28T10:31:55.2380675Z CloudEvents: Reconnected. 1766917873.715157
2025-12-28T10:31:55.2380968Z CloudEvents: Disconnected. Reconnecting ... 1766917892.816229
2025-12-28T10:31:55.2381269Z CloudEvents: Reconnected. 1766917892.9163709
2025-12-28T10:31:55.2381562Z CloudEvents: Disconnected. Reconnecting ... 1766917893.142584
2025-12-28T10:31:55.2381866Z CloudEvents: Reconnected. 1766917893.2427135
2025-12-28T10:31:55.2382161Z CloudEvents: Disconnected. Reconnecting ... 1766917893.476344
2025-12-28T10:31:55.2382455Z CloudEvents: Reconnected. 1766917893.576471
2025-12-28T10:31:55.2382753Z CloudEvents: Disconnected. Reconnecting ... 1766917909.8862703
2025-12-28T10:31:55.2383051Z CloudEvents: Reconnected. 1766917909.9864104
2025-12-28T10:31:55.2383352Z CloudEvents: Disconnected. Reconnecting ... 1766917914.4713352
2025-12-28T10:31:55.2383652Z CloudEvents: Reconnected. 1766917914.571472
2025-12-28T10:31:55.2383939Z CloudEvents: Disconnected. Reconnecting ... 1766917914.804346
2025-12-28T10:31:55.2384359Z CloudEvents: Reconnected. 1766917914.9044652
2025-12-28T10:31:55.2384663Z CloudEvents: Disconnected. Reconnecting ... 1766917915.1325939
2025-12-28T11:02:22.9443046Z CloudEvents: Reconnected. 1766917915.2327225
2025-12-28T11:02:22.9443940Z CloudEvents: Disconnected. Reconnecting ... 1766918022.6215336
2025-12-28T11:02:22.9444687Z CloudEvents: Reconnected. 1766918022.7217011
2025-12-28T11:02:22.9445149Z CloudEvents: Disconnected. Reconnecting ... 1766918022.9632792
2025-12-28T11:02:22.9445769Z CloudEvents: Reconnected. 1766918023.0634108
2025-12-28T11:02:22.9446496Z CloudEvents: Disconnected. Reconnecting ... 1766918023.2804687
2025-12-28T11:02:22.9447550Z CloudEvents: Reconnected. 1766918023.3805988
2025-12-28T11:02:22.9448695Z CloudEvents: Disconnected. Reconnecting ... 1766918125.9840977
2025-12-28T11:02:22.9449472Z CloudEvents: Reconnected. 1766918126.0842412
2025-12-28T11:02:22.9450251Z CloudEvents: Disconnected. Reconnecting ... 1766918126.3381515
2025-12-28T11:02:22.9451096Z CloudEvents: Reconnected. 1766918126.4382803
2025-12-28T11:02:22.9451863Z CloudEvents: Disconnected. Reconnecting ... 1766918157.9596028
2025-12-28T11:02:22.9452620Z CloudEvents: Reconnected. 1766918158.0597572
2025-12-28T11:02:22.9453376Z CloudEvents: Disconnected. Reconnecting ... 1766918158.2823112
2025-12-28T11:02:22.9454122Z CloudEvents: Reconnected. 1766918158.3824394
2025-12-28T11:02:22.9454830Z CloudEvents: Disconnected. Reconnecting ... 1766918191.468201
2025-12-28T11:02:22.9455407Z CloudEvents: Reconnected. 1766918191.5683477
2025-12-28T11:02:22.9455972Z CloudEvents: Disconnected. Reconnecting ... 1766918191.8682325
2025-12-28T11:02:22.9456314Z CloudEvents: Reconnected. 1766918191.9683607
2025-12-28T11:02:22.9456902Z CloudEvents: Disconnected. Reconnecting ... 1766918208.2596443
2025-12-28T11:02:22.9457239Z CloudEvents: Reconnected. 1766918208.3597832
2025-12-28T11:02:22.9457561Z CloudEvents: Disconnected. Reconnecting ... 1766918208.581829
2025-12-28T11:02:22.9457896Z CloudEvents: Reconnected. 1766918208.6819577
2025-12-28T11:02:22.9458213Z CloudEvents: Disconnected. Reconnecting ... 1766918208.9185522
2025-12-28T11:02:22.9458541Z CloudEvents: Reconnected. 1766918209.0187025
2025-12-28T11:02:22.9458862Z CloudEvents: Disconnected. Reconnecting ... 1766918217.6761742
2025-12-28T11:02:22.9459184Z CloudEvents: Reconnected. 1766918217.776312
2025-12-28T11:02:22.9459505Z CloudEvents: Disconnected. Reconnecting ... 1766918285.5355306
2025-12-28T11:02:22.9459828Z CloudEvents: Reconnected. 1766918285.6357217
2025-12-28T11:02:22.9460152Z CloudEvents: Disconnected. Reconnecting ... 1766918285.883363
2025-12-28T11:02:22.9460478Z CloudEvents: Reconnected. 1766918285.9834886
2025-12-28T11:02:22.9460793Z CloudEvents: Disconnected. Reconnecting ... 1766918286.3373964
2025-12-28T11:02:22.9461123Z CloudEvents: Reconnected. 1766918286.437522
2025-12-28T11:02:22.9461442Z CloudEvents: Disconnected. Reconnecting ... 1766918290.068332
2025-12-28T11:02:22.9461768Z CloudEvents: Reconnected. 1766918290.1684625
2025-12-28T11:02:22.9462097Z CloudEvents: Disconnected. Reconnecting ... 1766918299.1107128
2025-12-28T11:02:22.9462428Z CloudEvents: Reconnected. 1766918299.2108507
2025-12-28T11:02:22.9462745Z CloudEvents: Disconnected. Reconnecting ... 1766918299.4684095
2025-12-28T11:02:22.9463072Z CloudEvents: Reconnected. 1766918299.5685441
2025-12-28T11:02:22.9463392Z CloudEvents: Disconnected. Reconnecting ... 1766918299.7862284
2025-12-28T11:02:22.9463714Z CloudEvents: Reconnected. 1766918299.8863528
2025-12-28T11:02:22.9464042Z CloudEvents: Disconnected. Reconnecting ... 1766918313.2110622
2025-12-28T11:02:22.9464378Z CloudEvents: Reconnected. 1766918313.3112028
2025-12-28T11:02:22.9464709Z CloudEvents: Disconnected. Reconnecting ... 1766918313.5470045
2025-12-28T11:02:22.9465045Z CloudEvents: Reconnected. 1766918313.6471288
2025-12-28T11:02:22.9465367Z CloudEvents: Disconnected. Reconnecting ... 1766918462.7246032
2025-12-28T11:02:22.9465700Z CloudEvents: Reconnected. 1766918462.8247507
2025-12-28T11:02:22.9466226Z CloudEvents: Disconnected. Reconnecting ... 1766918463.0546315
2025-12-28T11:02:22.9466556Z CloudEvents: Reconnected. 1766918463.1547582
2025-12-28T11:02:22.9467061Z CloudEvents: Disconnected. Reconnecting ... 1766918510.0779436
2025-12-28T11:02:22.9467392Z CloudEvents: Reconnected. 1766918510.1780996
2025-12-28T11:02:22.9467709Z CloudEvents: Disconnected. Reconnecting ... 1766918510.4271204
2025-12-28T11:02:22.9468041Z CloudEvents: Reconnected. 1766918510.527251
2025-12-28T11:02:22.9468363Z CloudEvents: Disconnected. Reconnecting ... 1766918608.9845004
2025-12-28T11:02:22.9468689Z CloudEvents: Reconnected. 1766918609.0846457
2025-12-28T11:02:22.9469013Z CloudEvents: Disconnected. Reconnecting ... 1766918609.3542082
2025-12-28T11:02:22.9469461Z CloudEvents: Reconnected. 1766918609.454337
2025-12-28T11:02:22.9469783Z CloudEvents: Disconnected. Reconnecting ... 1766918609.690029
2025-12-28T11:02:22.9470113Z CloudEvents: Reconnected. 1766918609.7901387
2025-12-28T11:02:22.9470436Z CloudEvents: Disconnected. Reconnecting ... 1766918758.6360953
2025-12-28T11:02:22.9470771Z CloudEvents: Reconnected. 1766918758.736243
2025-12-28T11:02:22.9471095Z CloudEvents: Disconnected. Reconnecting ... 1766918758.9780133
2025-12-28T11:02:22.9471422Z CloudEvents: Reconnected. 1766918759.0781436
2025-12-28T11:02:22.9471723Z CloudEvents: Disconnected. Reconnecting ... 1766918759.3008263
2025-12-28T11:02:22.9472019Z CloudEvents: Reconnected. 1766918759.400953
2025-12-28T11:02:22.9472310Z CloudEvents: Disconnected. Reconnecting ... 1766918805.283264
2025-12-28T11:02:22.9472612Z CloudEvents: Reconnected. 1766918805.3834045
2025-12-28T11:02:22.9472909Z CloudEvents: Disconnected. Reconnecting ... 1766918805.6584282
2025-12-28T11:02:22.9473204Z CloudEvents: Reconnected. 1766918805.7585588
2025-12-28T11:02:22.9473506Z CloudEvents: Disconnected. Reconnecting ... 1766918805.9886537
2025-12-28T11:02:22.9473802Z CloudEvents: Reconnected. 1766918806.0887809
2025-12-28T11:02:22.9474097Z CloudEvents: Disconnected. Reconnecting ... 1766918853.126865
2025-12-28T11:02:22.9474398Z CloudEvents: Reconnected. 1766918853.227007
2025-12-28T11:02:22.9474691Z CloudEvents: Disconnected. Reconnecting ... 1766918853.4459813
2025-12-28T11:02:22.9474992Z CloudEvents: Reconnected. 1766918853.5461094
2025-12-28T11:02:22.9475287Z CloudEvents: Disconnected. Reconnecting ... 1766918862.8344688
2025-12-28T11:02:22.9475583Z CloudEvents: Reconnected. 1766918862.934603
2025-12-28T11:02:22.9475875Z CloudEvents: Disconnected. Reconnecting ... 1766918863.3696966
2025-12-28T11:02:22.9476175Z CloudEvents: Reconnected. 1766918863.469834
2025-12-28T11:02:22.9476472Z CloudEvents: Disconnected. Reconnecting ... 1766918895.3970964
2025-12-28T11:02:22.9476984Z CloudEvents: Reconnected. 1766918895.4972408
2025-12-28T11:02:22.9477298Z CloudEvents: Disconnected. Reconnecting ... 1766918895.7450955
2025-12-28T11:02:22.9477603Z CloudEvents: Reconnected. 1766918895.8452249
2025-12-28T11:02:22.9477911Z CloudEvents: Disconnected. Reconnecting ... 1766918896.0864651
2025-12-28T11:02:22.9478222Z CloudEvents: Reconnected. 1766918896.1865964
2025-12-28T11:02:22.9478518Z CloudEvents: Disconnected. Reconnecting ... 1766919004.612464
2025-12-28T11:02:22.9478824Z CloudEvents: Reconnected. 1766919004.7126093
2025-12-28T11:02:22.9479117Z CloudEvents: Disconnected. Reconnecting ... 1766919004.957214
2025-12-28T11:02:22.9479422Z CloudEvents: Reconnected. 1766919005.0573478
2025-12-28T11:02:22.9479721Z CloudEvents: Disconnected. Reconnecting ... 1766919101.5500333
2025-12-28T11:02:22.9480021Z CloudEvents: Reconnected. 1766919101.650183
2025-12-28T11:02:22.9480322Z CloudEvents: Disconnected. Reconnecting ... 1766919101.8906305
2025-12-28T11:02:22.9480624Z CloudEvents: Reconnected. 1766919101.9907618
2025-12-28T11:02:22.9480916Z CloudEvents: Disconnected. Reconnecting ... 1766919131.1164916
2025-12-28T11:02:22.9481224Z CloudEvents: Reconnected. 1766919131.216642
2025-12-28T11:02:22.9481523Z CloudEvents: Disconnected. Reconnecting ... 1766919144.9311144
2025-12-28T11:02:22.9481822Z CloudEvents: Reconnected. 1766919145.0312572
2025-12-28T11:02:22.9482240Z CloudEvents: Disconnected. Reconnecting ... 1766919145.2751586
2025-12-28T11:02:22.9482548Z CloudEvents: Reconnected. 1766919145.3752868
2025-12-28T11:02:22.9482842Z CloudEvents: Disconnected. Reconnecting ... 1766919260.7184656
2025-12-28T11:02:22.9483141Z CloudEvents: Reconnected. 1766919260.8186126
2025-12-28T11:02:22.9483435Z CloudEvents: Disconnected. Reconnecting ... 1766919261.0527153
2025-12-28T11:02:22.9483737Z CloudEvents: Reconnected. 1766919261.1528454
2025-12-28T11:02:22.9484032Z CloudEvents: Disconnected. Reconnecting ... 1766919269.0937665
2025-12-28T11:02:22.9484327Z CloudEvents: Reconnected. 1766919269.193911
2025-12-28T11:02:22.9484622Z CloudEvents: Disconnected. Reconnecting ... 1766919414.5244975
2025-12-28T11:02:22.9485034Z CloudEvents: Reconnected. 1766919414.6246393
2025-12-28T11:02:22.9485325Z CloudEvents: Disconnected. Reconnecting ... 1766919414.8751006
2025-12-28T11:02:22.9485626Z CloudEvents: Reconnected. 1766919414.9752266
2025-12-28T11:02:22.9485929Z CloudEvents: Disconnected. Reconnecting ... 1766919415.2065086
2025-12-28T11:02:22.9486225Z CloudEvents: Reconnected. 1766919415.3066094
2025-12-28T11:02:22.9486525Z CloudEvents: Disconnected. Reconnecting ... 1766919449.3439748
2025-12-28T11:02:22.9487078Z CloudEvents: Reconnected. 1766919449.4441173
2025-12-28T11:02:22.9487372Z CloudEvents: Disconnected. Reconnecting ... 1766919449.662237
2025-12-28T11:02:22.9487674Z CloudEvents: Reconnected. 1766919449.7623677
2025-12-28T11:02:22.9487966Z CloudEvents: Disconnected. Reconnecting ... 1766919484.7593648
2025-12-28T11:02:22.9488266Z CloudEvents: Reconnected. 1766919484.859507
2025-12-28T11:02:22.9488562Z CloudEvents: Disconnected. Reconnecting ... 1766919485.1377838
2025-12-28T11:02:22.9488862Z CloudEvents: Reconnected. 1766919485.237914
2025-12-28T11:02:22.9489156Z CloudEvents: Disconnected. Reconnecting ... 1766919485.4640226
2025-12-28T11:02:22.9489455Z CloudEvents: Reconnected. 1766919485.56415
2025-12-28T11:02:22.9489758Z CloudEvents: Disconnected. Reconnecting ... 1766919497.114738
2025-12-28T11:02:22.9490074Z CloudEvents: Reconnected. 1766919497.2148802
2025-12-28T11:02:22.9490382Z CloudEvents: Disconnected. Reconnecting ... 1766919497.4463913
2025-12-28T11:02:22.9490685Z CloudEvents: Reconnected. 1766919497.54652
2025-12-28T11:02:22.9490982Z CloudEvents: Disconnected. Reconnecting ... 1766919515.9509666
2025-12-28T11:02:22.9491286Z CloudEvents: Reconnected. 1766919516.0511007
2025-12-28T11:02:22.9491584Z CloudEvents: Disconnected. Reconnecting ... 1766919516.2838483
2025-12-28T11:02:22.9491888Z CloudEvents: Reconnected. 1766919516.3839772
2025-12-28T11:02:22.9492183Z CloudEvents: Disconnected. Reconnecting ... 1766919523.349908
2025-12-28T11:02:22.9492485Z CloudEvents: Reconnected. 1766919523.4500437
2025-12-28T11:02:22.9492785Z CloudEvents: Disconnected. Reconnecting ... 1766919523.6811204
2025-12-28T11:02:22.9493080Z CloudEvents: Reconnected. 1766919523.7812514
2025-12-28T11:02:22.9493380Z CloudEvents: Disconnected. Reconnecting ... 1766919524.028013
2025-12-28T11:02:22.9493683Z CloudEvents: Reconnected. 1766919524.1281419
2025-12-28T11:02:22.9493975Z CloudEvents: Disconnected. Reconnecting ... 1766919619.3967967
2025-12-28T11:02:22.9494274Z CloudEvents: Reconnected. 1766919619.4969423
2025-12-28T11:02:22.9494571Z CloudEvents: Disconnected. Reconnecting ... 1766919619.8417635
2025-12-28T11:02:22.9494866Z CloudEvents: Reconnected. 1766919619.9418864
2025-12-28T11:02:22.9495159Z CloudEvents: Disconnected. Reconnecting ... 1766919693.0007217
2025-12-28T11:02:22.9495463Z CloudEvents: Reconnected. 1766919693.100866
2025-12-28T11:02:22.9495755Z CloudEvents: Disconnected. Reconnecting ... 1766919693.3613546
2025-12-28T11:02:22.9496057Z CloudEvents: Reconnected. 1766919693.461485
2025-12-28T11:02:22.9496358Z CloudEvents: Disconnected. Reconnecting ... 1766919693.68958
2025-12-28T11:02:22.9496806Z CloudEvents: Reconnected. 1766919693.7897086
2025-12-28T11:02:22.9497115Z CloudEvents: Disconnected. Reconnecting ... 1766919731.9271903
2025-12-28T11:02:22.9497534Z CloudEvents: Reconnected. 1766919732.0273414
2025-12-28T11:02:22.9497835Z CloudEvents: Disconnected. Reconnecting ... 1766919732.2596176
2025-12-28T11:02:22.9498135Z CloudEvents: Reconnected. 1766919732.3597493
2025-12-28T11:02:22.9498427Z CloudEvents: Disconnected. Reconnecting ... 1766919738.6659744
2025-12-28T11:02:22.9498727Z CloudEvents: Reconnected. 1766919738.7661111
2025-12-28T11:02:22.9499022Z CloudEvents: Disconnected. Reconnecting ... 1766919742.8439527
2025-12-28T11:34:30.7878415Z CloudEvents: Reconnected. 1766919742.9440832
2025-12-28T11:34:30.7885835Z CloudEvents: Disconnected. Reconnecting ... 1766919743.2129123
2025-12-28T11:34:30.7886426Z CloudEvents: Reconnected. 1766919743.3130455
2025-12-28T11:34:30.7887078Z CloudEvents: Disconnected. Reconnecting ... 1766919743.5508652
2025-12-28T11:34:30.7887655Z CloudEvents: Reconnected. 1766919743.650991
2025-12-28T11:34:30.7887977Z CloudEvents: Disconnected. Reconnecting ... 1766919746.1183143
2025-12-28T11:34:30.7888296Z CloudEvents: Reconnected. 1766919746.2184472
2025-12-28T11:34:30.7888605Z CloudEvents: Disconnected. Reconnecting ... 1766919749.9851716
2025-12-28T11:34:30.7888913Z CloudEvents: Reconnected. 1766919750.0853057
2025-12-28T11:34:30.7889218Z CloudEvents: Disconnected. Reconnecting ... 1766919750.320242
2025-12-28T11:34:30.7889518Z CloudEvents: Reconnected. 1766919750.420371
2025-12-28T11:34:30.7889814Z CloudEvents: Disconnected. Reconnecting ... 1766919752.9760544
2025-12-28T11:34:30.7890122Z CloudEvents: Reconnected. 1766919753.076185
2025-12-28T11:34:30.7890415Z CloudEvents: Disconnected. Reconnecting ... 1766919753.3030536
2025-12-28T11:34:30.7890722Z CloudEvents: Reconnected. 1766919753.403182
2025-12-28T11:34:30.7891010Z CloudEvents: Disconnected. Reconnecting ... 1766919755.8803406
2025-12-28T11:34:30.7891322Z CloudEvents: Reconnected. 1766919755.9804661
2025-12-28T11:34:30.7891617Z CloudEvents: Disconnected. Reconnecting ... 1766919791.8473036
2025-12-28T11:34:30.7891914Z CloudEvents: Reconnected. 1766919791.947436
2025-12-28T11:34:30.7892213Z CloudEvents: Disconnected. Reconnecting ... 1766919792.1983883
2025-12-28T11:34:30.7892522Z CloudEvents: Reconnected. 1766919792.2985194
2025-12-28T11:34:30.7892820Z CloudEvents: Disconnected. Reconnecting ... 1766919871.8948565
2025-12-28T11:34:30.7893126Z CloudEvents: Reconnected. 1766919871.995004
2025-12-28T11:34:30.7893427Z CloudEvents: Disconnected. Reconnecting ... 1766919872.2467153
2025-12-28T11:34:30.7893729Z CloudEvents: Reconnected. 1766919872.3468492
2025-12-28T11:34:30.7894028Z CloudEvents: Disconnected. Reconnecting ... 1766919872.5840616
2025-12-28T11:34:30.7894326Z CloudEvents: Reconnected. 1766919872.6841905
2025-12-28T11:34:30.7894627Z CloudEvents: Disconnected. Reconnecting ... 1766919930.9844244
2025-12-28T11:34:30.7894935Z CloudEvents: Reconnected. 1766919931.0845711
2025-12-28T11:34:30.7895232Z CloudEvents: Disconnected. Reconnecting ... 1766919939.6738594
2025-12-28T11:34:30.7895566Z CloudEvents: Reconnected. 1766919939.7740016
2025-12-28T11:34:30.7895875Z CloudEvents: Disconnected. Reconnecting ... 1766919940.1671262
2025-12-28T11:34:30.7896169Z CloudEvents: Reconnected. 1766919940.2672575
2025-12-28T11:34:30.7896464Z CloudEvents: Disconnected. Reconnecting ... 1766919997.3568637
2025-12-28T11:34:30.7896867Z CloudEvents: Reconnected. 1766919997.457008
2025-12-28T11:34:30.7897153Z CloudEvents: Disconnected. Reconnecting ... 1766919997.7133512
2025-12-28T11:34:30.7897451Z CloudEvents: Reconnected. 1766919997.8134782
2025-12-28T11:34:30.7897742Z CloudEvents: Disconnected. Reconnecting ... 1766919998.0314975
2025-12-28T11:34:30.7898035Z CloudEvents: Reconnected. 1766919998.1316204
2025-12-28T11:34:30.7898328Z CloudEvents: Disconnected. Reconnecting ... 1766920026.75723
2025-12-28T11:34:30.7898626Z CloudEvents: Reconnected. 1766920026.8573766
2025-12-28T11:34:30.7898939Z CloudEvents: Disconnected. Reconnecting ... 1766920027.08034
2025-12-28T11:34:30.7899248Z CloudEvents: Reconnected. 1766920027.1804676
2025-12-28T11:34:30.7899545Z CloudEvents: Disconnected. Reconnecting ... 1766920027.4011145
2025-12-28T11:34:30.7900011Z CloudEvents: Reconnected. 1766920027.5012472
2025-12-28T11:34:30.7900314Z CloudEvents: Disconnected. Reconnecting ... 1766920045.2849643
2025-12-28T11:34:30.7900611Z CloudEvents: Reconnected. 1766920045.3851073
2025-12-28T11:34:30.7900906Z CloudEvents: Disconnected. Reconnecting ... 1766920061.5174682
2025-12-28T11:34:30.7901207Z CloudEvents: Reconnected. 1766920061.617596
2025-12-28T11:34:30.7901503Z CloudEvents: Disconnected. Reconnecting ... 1766920061.8607926
2025-12-28T11:34:30.7901807Z CloudEvents: Reconnected. 1766920061.9609044
2025-12-28T11:34:30.7902103Z CloudEvents: Disconnected. Reconnecting ... 1766920062.1934617
2025-12-28T11:34:30.7902405Z CloudEvents: Reconnected. 1766920062.293592
2025-12-28T11:34:30.7902807Z CloudEvents: Disconnected. Reconnecting ... 1766920078.2385771
2025-12-28T11:34:30.7903110Z CloudEvents: Reconnected. 1766920078.3387203
2025-12-28T11:34:30.7903402Z CloudEvents: Disconnected. Reconnecting ... 1766920078.5837421
2025-12-28T11:34:30.7903707Z CloudEvents: Reconnected. 1766920078.683879
2025-12-28T11:34:30.7903995Z CloudEvents: Disconnected. Reconnecting ... 1766920105.1785002
2025-12-28T11:34:30.7904295Z CloudEvents: Reconnected. 1766920105.2786472
2025-12-28T11:34:30.7904592Z CloudEvents: Disconnected. Reconnecting ... 1766920105.5491433
2025-12-28T11:34:30.7904885Z CloudEvents: Reconnected. 1766920105.6492693
2025-12-28T11:34:30.7905177Z CloudEvents: Disconnected. Reconnecting ... 1766920158.4367995
2025-12-28T11:34:30.7905484Z CloudEvents: Reconnected. 1766920158.5369465
2025-12-28T11:34:30.7905775Z CloudEvents: Disconnected. Reconnecting ... 1766920158.7847297
2025-12-28T11:34:30.7906077Z CloudEvents: Reconnected. 1766920158.8848581
2025-12-28T11:34:30.7906380Z CloudEvents: Disconnected. Reconnecting ... 1766920164.080375
2025-12-28T11:34:30.7906776Z CloudEvents: Reconnected. 1766920164.1805086
2025-12-28T11:34:30.7907075Z CloudEvents: Disconnected. Reconnecting ... 1766920164.3957486
2025-12-28T11:34:30.7907373Z CloudEvents: Reconnected. 1766920164.4958785
2025-12-28T11:34:30.7907671Z CloudEvents: Disconnected. Reconnecting ... 1766920169.2091374
2025-12-28T11:34:30.7907971Z CloudEvents: Reconnected. 1766920169.3092542
2025-12-28T11:34:30.7908262Z CloudEvents: Disconnected. Reconnecting ... 1766920169.5580215
2025-12-28T11:34:30.7908563Z CloudEvents: Reconnected. 1766920169.6581516
2025-12-28T11:34:30.7908862Z CloudEvents: Disconnected. Reconnecting ... 1766920173.7987006
2025-12-28T11:34:30.7909159Z CloudEvents: Reconnected. 1766920173.8988416
2025-12-28T11:34:30.7909455Z CloudEvents: Disconnected. Reconnecting ... 1766920174.131882
2025-12-28T11:34:30.7909766Z CloudEvents: Reconnected. 1766920174.2320101
2025-12-28T11:34:30.7910058Z CloudEvents: Disconnected. Reconnecting ... 1766920174.4460936
2025-12-28T11:34:30.7910369Z CloudEvents: Reconnected. 1766920174.5462265
2025-12-28T11:34:30.7910666Z CloudEvents: Disconnected. Reconnecting ... 1766920179.0613873
2025-12-28T11:34:30.7910969Z CloudEvents: Reconnected. 1766920179.1615217
2025-12-28T11:34:30.7911274Z CloudEvents: Disconnected. Reconnecting ... 1766920213.0717084
2025-12-28T11:34:30.7911571Z CloudEvents: Reconnected. 1766920213.1718519
2025-12-28T11:34:30.7911871Z CloudEvents: Disconnected. Reconnecting ... 1766920316.5522952
2025-12-28T11:34:30.7912175Z CloudEvents: Reconnected. 1766920316.6524448
2025-12-28T11:34:30.7912468Z CloudEvents: Disconnected. Reconnecting ... 1766920316.9095335
2025-12-28T11:34:30.7912769Z CloudEvents: Reconnected. 1766920317.0096629
2025-12-28T11:34:30.7913061Z CloudEvents: Disconnected. Reconnecting ... 1766920317.2442474
2025-12-28T11:34:30.7913354Z CloudEvents: Reconnected. 1766920317.344377
2025-12-28T11:34:30.7913646Z CloudEvents: Disconnected. Reconnecting ... 1766920325.7630525
2025-12-28T11:34:30.7913953Z CloudEvents: Reconnected. 1766920325.863189
2025-12-28T11:34:30.7914242Z CloudEvents: Disconnected. Reconnecting ... 1766920326.0984266
2025-12-28T11:34:30.7914548Z CloudEvents: Reconnected. 1766920326.1985524
2025-12-28T11:34:30.7914962Z CloudEvents: Disconnected. Reconnecting ... 1766920337.5901952
2025-12-28T11:34:30.7915259Z CloudEvents: Reconnected. 1766920337.6903362
2025-12-28T11:34:30.7915554Z CloudEvents: Disconnected. Reconnecting ... 1766920337.9158454
2025-12-28T11:34:30.7915848Z CloudEvents: Reconnected. 1766920338.015972
2025-12-28T11:34:30.7916140Z CloudEvents: Disconnected. Reconnecting ... 1766920338.2462845
2025-12-28T11:34:30.7916441Z CloudEvents: Reconnected. 1766920338.3464115
2025-12-28T11:34:30.7916926Z CloudEvents: Disconnected. Reconnecting ... 1766920405.8782206
2025-12-28T11:34:30.7917236Z CloudEvents: Reconnected. 1766920405.9783638
2025-12-28T11:34:30.7917535Z CloudEvents: Disconnected. Reconnecting ... 1766920406.2348666
2025-12-28T11:34:30.7917961Z CloudEvents: Reconnected. 1766920406.334976
2025-12-28T11:34:30.7918253Z CloudEvents: Disconnected. Reconnecting ... 1766920406.5655115
2025-12-28T11:34:30.7918558Z CloudEvents: Reconnected. 1766920406.6656406
2025-12-28T11:34:30.7918856Z CloudEvents: Disconnected. Reconnecting ... 1766920439.3293147
2025-12-28T11:34:30.7919163Z CloudEvents: Reconnected. 1766920439.429457
2025-12-28T11:34:30.7919462Z CloudEvents: Disconnected. Reconnecting ... 1766920439.662962
2025-12-28T11:34:30.7919761Z CloudEvents: Reconnected. 1766920439.7630906
2025-12-28T11:34:30.7920055Z CloudEvents: Disconnected. Reconnecting ... 1766920440.0178885
2025-12-28T11:34:30.7920353Z CloudEvents: Reconnected. 1766920440.1180193
2025-12-28T11:34:30.7920648Z CloudEvents: Disconnected. Reconnecting ... 1766920567.0801787
2025-12-28T11:34:30.7920950Z CloudEvents: Reconnected. 1766920567.180323
2025-12-28T11:34:30.7921239Z CloudEvents: Disconnected. Reconnecting ... 1766920567.4355848
2025-12-28T11:34:30.7921541Z CloudEvents: Reconnected. 1766920567.5357146
2025-12-28T11:34:30.7921843Z CloudEvents: Disconnected. Reconnecting ... 1766920581.9846165
2025-12-28T11:34:30.7922140Z CloudEvents: Reconnected. 1766920582.0847569
2025-12-28T11:34:30.7922433Z CloudEvents: Disconnected. Reconnecting ... 1766920582.304745
2025-12-28T11:34:30.7922739Z CloudEvents: Reconnected. 1766920582.4048696
2025-12-28T11:34:30.7923031Z CloudEvents: Disconnected. Reconnecting ... 1766920721.3757656
2025-12-28T11:34:30.7923336Z CloudEvents: Reconnected. 1766920721.4759204
2025-12-28T11:34:30.7923638Z CloudEvents: Disconnected. Reconnecting ... 1766920721.7885199
2025-12-28T11:34:30.7923931Z CloudEvents: Reconnected. 1766920721.8886483
2025-12-28T11:34:30.7924226Z CloudEvents: Disconnected. Reconnecting ... 1766921027.7483675
2025-12-28T11:34:30.7924519Z CloudEvents: Reconnected. 1766921027.8485112
2025-12-28T11:34:30.7924819Z CloudEvents: Disconnected. Reconnecting ... 1766921028.07093
2025-12-28T11:34:30.7925122Z CloudEvents: Reconnected. 1766921028.171064
2025-12-28T11:34:30.7925421Z CloudEvents: Disconnected. Reconnecting ... 1766921028.3898346
2025-12-28T11:34:30.7925722Z CloudEvents: Reconnected. 1766921028.4899647
2025-12-28T11:34:30.7926021Z CloudEvents: Disconnected. Reconnecting ... 1766921107.3858309
2025-12-28T11:34:30.7926321Z CloudEvents: Reconnected. 1766921107.4859755
2025-12-28T11:34:30.7926616Z CloudEvents: Disconnected. Reconnecting ... 1766921107.759527
2025-12-28T11:34:30.7927180Z CloudEvents: Reconnected. 1766921107.8596582
2025-12-28T11:34:30.7927500Z CloudEvents: Disconnected. Reconnecting ... 1766921251.7676175
2025-12-28T11:34:30.7927793Z CloudEvents: Reconnected. 1766921251.8677623
2025-12-28T11:34:30.7928082Z CloudEvents: Disconnected. Reconnecting ... 1766921252.0911303
2025-12-28T11:34:30.7928381Z CloudEvents: Reconnected. 1766921252.1912587
2025-12-28T11:34:30.7928672Z CloudEvents: Disconnected. Reconnecting ... 1766921252.4399662
2025-12-28T11:34:30.7928969Z CloudEvents: Reconnected. 1766921252.5400968
2025-12-28T11:34:30.7929251Z CloudEvents: Disconnected. Reconnecting ... 1766921394.969841
2025-12-28T11:34:30.7929557Z CloudEvents: Reconnected. 1766921395.0699868
2025-12-28T11:34:30.7929844Z CloudEvents: Disconnected. Reconnecting ... 1766921424.0880048
2025-12-28T11:34:30.7930139Z CloudEvents: Reconnected. 1766921424.1881518
2025-12-28T11:34:30.7930557Z CloudEvents: Disconnected. Reconnecting ... 1766921424.4179964
2025-12-28T11:34:30.7930855Z CloudEvents: Reconnected. 1766921424.5181224
2025-12-28T11:34:30.7931141Z CloudEvents: Disconnected. Reconnecting ... 1766921424.765956
2025-12-28T11:34:30.7931436Z CloudEvents: Reconnected. 1766921424.8660831
2025-12-28T11:34:30.7931720Z CloudEvents: Disconnected. Reconnecting ... 1766921518.948797
2025-12-28T11:34:30.7932014Z CloudEvents: Reconnected. 1766921519.048945
2025-12-28T11:34:30.7932302Z CloudEvents: Disconnected. Reconnecting ... 1766921519.3843384
2025-12-28T11:34:30.7932592Z CloudEvents: Reconnected. 1766921519.4844658
2025-12-28T11:34:30.7932882Z CloudEvents: Disconnected. Reconnecting ... 1766921670.4411142
2025-12-28T11:34:30.7933289Z CloudEvents: Reconnected. 1766921670.5412595
2025-12-28T11:59:46.8375341Z CloudEvents: Disconnected. Reconnecting ... 1766921670.7876425
2025-12-28T11:59:46.8376215Z CloudEvents: Reconnected. 1766921670.8878663
2025-12-28T11:59:46.8377213Z CloudEvents: Disconnected. Reconnecting ... 1766921727.346654
2025-12-28T11:59:46.8377967Z CloudEvents: Reconnected. 1766921727.4467943
2025-12-28T11:59:46.8378491Z CloudEvents: Disconnected. Reconnecting ... 1766921727.6885574
2025-12-28T11:59:46.8378920Z CloudEvents: Reconnected. 1766921727.7887151
2025-12-28T11:59:46.8379328Z CloudEvents: Disconnected. Reconnecting ... 1766921900.6891665
2025-12-28T11:59:46.8379737Z CloudEvents: Reconnected. 1766921900.7893093
2025-12-28T11:59:46.8380143Z CloudEvents: Disconnected. Reconnecting ... 1766921975.5430043
2025-12-28T11:59:46.8380573Z CloudEvents: Reconnected. 1766921975.6431503
2025-12-28T11:59:46.8380966Z CloudEvents: Disconnected. Reconnecting ... 1766921975.9488223
2025-12-28T11:59:46.8381379Z CloudEvents: Reconnected. 1766921976.0489492
2025-12-28T11:59:46.8381856Z CloudEvents: Disconnected. Reconnecting ... 1766921976.2684734
2025-12-28T11:59:46.8382637Z CloudEvents: Reconnected. 1766921976.3686023
2025-12-28T11:59:46.8383445Z CloudEvents: Disconnected. Reconnecting ... 1766921980.7005713
2025-12-28T11:59:46.8384053Z CloudEvents: Reconnected. 1766921980.8007135
2025-12-28T11:59:46.8384615Z CloudEvents: Disconnected. Reconnecting ... 1766921981.0269794
2025-12-28T11:59:46.8385209Z CloudEvents: Reconnected. 1766921981.127078
2025-12-28T11:59:46.8385793Z CloudEvents: Disconnected. Reconnecting ... 1766921993.7149792
2025-12-28T11:59:46.8386370Z CloudEvents: Reconnected. 1766921993.8151243
2025-12-28T11:59:46.8386976Z CloudEvents: Disconnected. Reconnecting ... 1766921994.0374029
2025-12-28T11:59:46.8387310Z CloudEvents: Reconnected. 1766921994.13753
2025-12-28T11:59:46.8387626Z CloudEvents: Disconnected. Reconnecting ... 1766922046.4248846
2025-12-28T11:59:46.8388016Z CloudEvents: Reconnected. 1766922046.5250292
2025-12-28T11:59:46.8388355Z CloudEvents: Disconnected. Reconnecting ... 1766922046.757077
2025-12-28T11:59:46.8388682Z CloudEvents: Reconnected. 1766922046.8572037
2025-12-28T11:59:46.8389004Z CloudEvents: Disconnected. Reconnecting ... 1766922051.317833
2025-12-28T11:59:46.8389332Z CloudEvents: Reconnected. 1766922051.4179664
2025-12-28T11:59:46.8389655Z CloudEvents: Disconnected. Reconnecting ... 1766922051.7644343
2025-12-28T11:59:46.8389985Z CloudEvents: Reconnected. 1766922051.864563
2025-12-28T11:59:46.8390303Z CloudEvents: Disconnected. Reconnecting ... 1766922052.0850148
2025-12-28T11:59:46.8390630Z CloudEvents: Reconnected. 1766922052.185143
2025-12-28T11:59:46.8390948Z CloudEvents: Disconnected. Reconnecting ... 1766922326.8988976
2025-12-28T11:59:46.8391271Z CloudEvents: Reconnected. 1766922326.9990454
2025-12-28T11:59:46.8391590Z CloudEvents: Disconnected. Reconnecting ... 1766922327.3696346
2025-12-28T11:59:46.8391920Z CloudEvents: Reconnected. 1766922327.4697633
2025-12-28T11:59:46.8392239Z CloudEvents: Disconnected. Reconnecting ... 1766922433.3426535
2025-12-28T11:59:46.8392567Z CloudEvents: Reconnected. 1766922433.4428518
2025-12-28T11:59:46.8392897Z CloudEvents: Disconnected. Reconnecting ... 1766922450.9523342
2025-12-28T11:59:46.8393467Z CloudEvents: Reconnected. 1766922451.0524755
2025-12-28T11:59:46.8393794Z CloudEvents: Disconnected. Reconnecting ... 1766922451.3027048
2025-12-28T11:59:46.8394099Z CloudEvents: Reconnected. 1766922451.402838
2025-12-28T11:59:46.8394386Z CloudEvents: Disconnected. Reconnecting ... 1766922467.6576037
2025-12-28T11:59:46.8394683Z CloudEvents: Reconnected. 1766922467.757753
2025-12-28T11:59:46.8394968Z CloudEvents: Disconnected. Reconnecting ... 1766922468.010797
2025-12-28T11:59:46.8395271Z CloudEvents: Reconnected. 1766922468.11093
2025-12-28T11:59:46.8395564Z CloudEvents: Disconnected. Reconnecting ... 1766922530.8476388
2025-12-28T11:59:46.8395860Z CloudEvents: Reconnected. 1766922530.947784
2025-12-28T11:59:46.8396153Z CloudEvents: Disconnected. Reconnecting ... 1766922531.1798136
2025-12-28T11:59:46.8396599Z CloudEvents: Reconnected. 1766922531.2799428
2025-12-28T11:59:46.8397050Z CloudEvents: Disconnected. Reconnecting ... 1766922531.5450573
2025-12-28T11:59:46.8397355Z CloudEvents: Reconnected. 1766922531.6451871
2025-12-28T11:59:46.8397651Z CloudEvents: Disconnected. Reconnecting ... 1766922535.167963
2025-12-28T11:59:46.8397946Z CloudEvents: Reconnected. 1766922535.2680957
2025-12-28T11:59:46.8398240Z CloudEvents: Disconnected. Reconnecting ... 1766922550.351189
2025-12-28T11:59:46.8398538Z CloudEvents: Reconnected. 1766922550.45133
2025-12-28T11:59:46.8398826Z CloudEvents: Disconnected. Reconnecting ... 1766922550.7955866
2025-12-28T11:59:46.8399128Z CloudEvents: Reconnected. 1766922550.8957207
2025-12-28T11:59:46.8399416Z CloudEvents: Disconnected. Reconnecting ... 1766922565.9712198
2025-12-28T11:59:46.8399718Z CloudEvents: Reconnected. 1766922566.0713663
2025-12-28T11:59:46.8400010Z CloudEvents: Disconnected. Reconnecting ... 1766922566.3227313
2025-12-28T11:59:46.8400309Z CloudEvents: Reconnected. 1766922566.4228592
2025-12-28T11:59:46.8400602Z CloudEvents: Disconnected. Reconnecting ... 1766922723.4236076
2025-12-28T11:59:46.8400902Z CloudEvents: Reconnected. 1766922723.5237525
2025-12-28T11:59:46.8401196Z CloudEvents: Disconnected. Reconnecting ... 1766922723.7761846
2025-12-28T11:59:46.8401496Z CloudEvents: Reconnected. 1766922723.8763127
2025-12-28T11:59:46.8401792Z CloudEvents: Disconnected. Reconnecting ... 1766922726.6233435
2025-12-28T11:59:46.8402087Z CloudEvents: Reconnected. 1766922726.723475
2025-12-28T11:59:46.8402380Z CloudEvents: Disconnected. Reconnecting ... 1766922726.9564471
2025-12-28T11:59:46.8402680Z CloudEvents: Reconnected. 1766922727.0565782
2025-12-28T11:59:46.8403164Z CloudEvents: Disconnected. Reconnecting ... 1766922727.2819304
2025-12-28T11:59:46.8403756Z CloudEvents: Reconnected. 1766922727.38206
2025-12-28T11:59:46.8404140Z CloudEvents: Disconnected. Reconnecting ... 1766922758.0151646
2025-12-28T11:59:46.8404454Z CloudEvents: Reconnected. 1766922758.1152937
2025-12-28T11:59:46.8404746Z CloudEvents: Disconnected. Reconnecting ... 1766922758.333943
2025-12-28T11:59:46.8405043Z CloudEvents: Reconnected. 1766922758.4340725
2025-12-28T11:59:46.8405342Z CloudEvents: Disconnected. Reconnecting ... 1766922758.6682968
2025-12-28T11:59:46.8405644Z CloudEvents: Reconnected. 1766922758.768424
2025-12-28T11:59:46.8405932Z CloudEvents: Disconnected. Reconnecting ... 1766922832.5933485
2025-12-28T11:59:46.8406316Z CloudEvents: Reconnected. 1766922832.693473
2025-12-28T11:59:46.8406617Z CloudEvents: Disconnected. Reconnecting ... 1766922832.95428
2025-12-28T11:59:46.8407105Z CloudEvents: Reconnected. 1766922833.0544095
2025-12-28T11:59:46.8407412Z CloudEvents: Disconnected. Reconnecting ... 1766922848.817267
2025-12-28T11:59:46.8407723Z CloudEvents: Reconnected. 1766922848.9174123
2025-12-28T11:59:46.8408024Z CloudEvents: Disconnected. Reconnecting ... 1766922849.1560588
2025-12-28T11:59:46.8408331Z CloudEvents: Reconnected. 1766922849.2561889
2025-12-28T11:59:46.8408629Z CloudEvents: Disconnected. Reconnecting ... 1766922849.4961789
2025-12-28T11:59:46.8408931Z CloudEvents: Reconnected. 1766922849.5963078
2025-12-28T11:59:46.8409226Z CloudEvents: Disconnected. Reconnecting ... 1766923004.093492
2025-12-28T11:59:46.8409674Z CloudEvents: Reconnected. 1766923004.193656
2025-12-28T11:59:46.8409980Z CloudEvents: Disconnected. Reconnecting ... 1766923004.4265678
2025-12-28T11:59:46.8410283Z CloudEvents: Reconnected. 1766923004.5266972
2025-12-28T11:59:46.8410575Z CloudEvents: Disconnected. Reconnecting ... 1766923004.752463
2025-12-28T11:59:46.8410874Z CloudEvents: Reconnected. 1766923004.8525941
2025-12-28T11:59:46.8411166Z CloudEvents: Disconnected. Reconnecting ... 1766923010.025762
2025-12-28T11:59:46.8411462Z CloudEvents: Reconnected. 1766923010.1258976
2025-12-28T11:59:46.8411757Z CloudEvents: Disconnected. Reconnecting ... 1766923010.3431916
2025-12-28T11:59:46.8412058Z CloudEvents: Reconnected. 1766923010.4433198
2025-12-28T11:59:46.8412456Z CloudEvents: Disconnected. Reconnecting ... 1766923010.696101
2025-12-28T11:59:46.8412755Z CloudEvents: Reconnected. 1766923010.79623
2025-12-28T11:59:46.8413043Z CloudEvents: Disconnected. Reconnecting ... 1766923043.643974
2025-12-28T11:59:46.8413348Z CloudEvents: Reconnected. 1766923043.7441175
2025-12-28T11:59:46.8413643Z CloudEvents: Disconnected. Reconnecting ... 1766923043.9704828
2025-12-28T11:59:46.8413938Z CloudEvents: Reconnected. 1766923044.070611
2025-12-28T11:59:46.8414234Z CloudEvents: Disconnected. Reconnecting ... 1766923047.0405362
2025-12-28T11:59:46.8414536Z CloudEvents: Reconnected. 1766923047.1407068
2025-12-28T11:59:46.8414826Z CloudEvents: Disconnected. Reconnecting ... 1766923053.2308452
2025-12-28T11:59:46.8415126Z CloudEvents: Reconnected. 1766923053.3309824
2025-12-28T11:59:46.8415421Z CloudEvents: Disconnected. Reconnecting ... 1766923053.5588946
2025-12-28T11:59:46.8415722Z CloudEvents: Reconnected. 1766923053.6590269
2025-12-28T11:59:46.8416015Z CloudEvents: Disconnected. Reconnecting ... 1766923053.8931253
2025-12-28T11:59:46.8416321Z CloudEvents: Reconnected. 1766923053.9932168
2025-12-28T11:59:46.8416612Z CloudEvents: Disconnected. Reconnecting ... 1766923065.377643
2025-12-28T11:59:46.8417087Z CloudEvents: Reconnected. 1766923065.477789
2025-12-28T11:59:46.8417384Z CloudEvents: Disconnected. Reconnecting ... 1766923065.7364008
2025-12-28T11:59:46.8417686Z CloudEvents: Reconnected. 1766923065.8365312
2025-12-28T11:59:46.8417978Z CloudEvents: Disconnected. Reconnecting ... 1766923066.076061
2025-12-28T11:59:46.8418273Z CloudEvents: Reconnected. 1766923066.1761894
2025-12-28T11:59:46.8418565Z CloudEvents: Disconnected. Reconnecting ... 1766923077.1365237
2025-12-28T11:59:46.8418867Z CloudEvents: Reconnected. 1766923077.2366908
2025-12-28T11:59:46.8419157Z CloudEvents: Disconnected. Reconnecting ... 1766923090.3721943
2025-12-28T11:59:46.8419459Z CloudEvents: Reconnected. 1766923090.4723358
2025-12-28T11:59:46.8419753Z CloudEvents: Disconnected. Reconnecting ... 1766923090.7260423
2025-12-28T11:59:46.8420055Z CloudEvents: Reconnected. 1766923090.826172
2025-12-28T11:59:46.8420347Z CloudEvents: Disconnected. Reconnecting ... 1766923091.0465372
2025-12-28T11:59:46.8420651Z CloudEvents: Reconnected. 1766923091.146691
2025-12-28T11:59:46.8420941Z CloudEvents: Disconnected. Reconnecting ... 1766923100.1496081
2025-12-28T11:59:46.8421246Z CloudEvents: Reconnected. 1766923100.2497456
2025-12-28T11:59:46.8421537Z CloudEvents: Disconnected. Reconnecting ... 1766923100.4787817
2025-12-28T11:59:46.8421845Z CloudEvents: Reconnected. 1766923100.5789144
2025-12-28T11:59:46.8422138Z CloudEvents: Disconnected. Reconnecting ... 1766923109.8568995
2025-12-28T11:59:46.8422432Z CloudEvents: Reconnected. 1766923109.957036
2025-12-28T11:59:46.8422723Z CloudEvents: Disconnected. Reconnecting ... 1766923118.061765
2025-12-28T11:59:46.8423023Z CloudEvents: Reconnected. 1766923118.1619024
2025-12-28T11:59:46.8423311Z CloudEvents: Disconnected. Reconnecting ... 1766923118.4067209
2025-12-28T11:59:46.8423618Z CloudEvents: Reconnected. 1766923118.506851
2025-12-28T11:59:46.8423909Z CloudEvents: Disconnected. Reconnecting ... 1766923118.7408755
2025-12-28T11:59:46.8424203Z CloudEvents: Reconnected. 1766923118.841002
2025-12-28T11:59:46.8424613Z CloudEvents: Disconnected. Reconnecting ... 1766923125.486822
2025-12-28T11:59:46.8424917Z CloudEvents: Reconnected. 1766923125.5869558
2025-12-28T11:59:46.8425204Z CloudEvents: Disconnected. Reconnecting ... 1766923148.4960346
2025-12-28T11:59:46.8425503Z CloudEvents: Reconnected. 1766923148.5961776
2025-12-28T11:59:46.8425791Z CloudEvents: Disconnected. Reconnecting ... 1766923148.8593807
2025-12-28T11:59:46.8426091Z CloudEvents: Reconnected. 1766923148.9595091
2025-12-28T11:59:46.8426385Z CloudEvents: Disconnected. Reconnecting ... 1766923149.2135534
2025-12-28T11:59:46.8426836Z CloudEvents: Reconnected. 1766923149.313707
2025-12-28T11:59:46.8427135Z CloudEvents: Disconnected. Reconnecting ... 1766923155.9569001
2025-12-28T11:59:46.8427436Z CloudEvents: Reconnected. 1766923156.0570376
2025-12-28T11:59:46.8427844Z CloudEvents: Disconnected. Reconnecting ... 1766923156.299553
2025-12-28T11:59:46.8428144Z CloudEvents: Reconnected. 1766923156.3997016
2025-12-28T11:59:46.8428436Z CloudEvents: Disconnected. Reconnecting ... 1766923186.4075701
2025-12-28T11:59:46.8428738Z CloudEvents: Reconnected. 1766923186.5077212
2025-12-28T11:59:46.8429033Z CloudEvents: Disconnected. Reconnecting ... 1766923186.7370481
2025-12-28T12:10:56.8844560Z CloudEvents: Reconnected. 1766923186.8371596
2025-12-28T12:10:56.8845320Z CloudEvents: Disconnected. Reconnecting ... 1766923187.0667965
2025-12-28T12:10:56.8845781Z CloudEvents: Reconnected. 1766923187.1669238
2025-12-28T12:10:56.8846191Z CloudEvents: Disconnected. Reconnecting ... 1766923213.4471745
2025-12-28T12:10:56.8846630Z CloudEvents: Reconnected. 1766923213.5473208
2025-12-28T12:10:56.8847437Z CloudEvents: Disconnected. Reconnecting ... 1766923213.7914777
2025-12-28T12:10:56.8847870Z CloudEvents: Reconnected. 1766923213.8916075
2025-12-28T12:10:56.8848293Z CloudEvents: Disconnected. Reconnecting ... 1766923254.691121
2025-12-28T12:10:56.8848686Z CloudEvents: Reconnected. 1766923254.7912722
2025-12-28T12:10:56.8849074Z CloudEvents: Disconnected. Reconnecting ... 1766923255.021749
2025-12-28T12:10:56.8849477Z CloudEvents: Reconnected. 1766923255.1218789
2025-12-28T12:10:56.8849861Z CloudEvents: Disconnected. Reconnecting ... 1766923267.8922093
2025-12-28T12:10:56.8850256Z CloudEvents: Reconnected. 1766923267.9923558
2025-12-28T12:10:56.8850652Z CloudEvents: Disconnected. Reconnecting ... 1766923268.2240613
2025-12-28T12:10:56.8850982Z CloudEvents: Reconnected. 1766923268.324196
2025-12-28T12:10:56.8851281Z CloudEvents: Disconnected. Reconnecting ... 1766923268.545457
2025-12-28T12:10:56.8851578Z CloudEvents: Reconnected. 1766923268.645586
2025-12-28T12:10:56.8851865Z CloudEvents: Disconnected. Reconnecting ... 1766923274.3702464
2025-12-28T12:10:56.8852168Z CloudEvents: Reconnected. 1766923274.4703844
2025-12-28T12:10:56.8852459Z CloudEvents: Disconnected. Reconnecting ... 1766923288.4250808
2025-12-28T12:10:56.8852758Z CloudEvents: Reconnected. 1766923288.5252295
2025-12-28T12:10:56.8853049Z CloudEvents: Disconnected. Reconnecting ... 1766923288.7665675
2025-12-28T12:10:56.8853366Z CloudEvents: Reconnected. 1766923288.8667235
2025-12-28T12:10:56.8853675Z CloudEvents: Disconnected. Reconnecting ... 1766923289.0866404
2025-12-28T12:10:56.8853985Z CloudEvents: Reconnected. 1766923289.186771
2025-12-28T12:10:56.8854279Z CloudEvents: Disconnected. Reconnecting ... 1766923297.26143
2025-12-28T12:10:56.8854585Z CloudEvents: Reconnected. 1766923297.3615692
2025-12-28T12:10:56.8854884Z CloudEvents: Disconnected. Reconnecting ... 1766923297.5909348
2025-12-28T12:10:56.8855182Z CloudEvents: Reconnected. 1766923297.6910686
2025-12-28T12:10:56.8855476Z CloudEvents: Disconnected. Reconnecting ... 1766923310.2256615
2025-12-28T12:10:56.8855774Z CloudEvents: Reconnected. 1766923310.3258379
2025-12-28T12:10:56.8856063Z CloudEvents: Disconnected. Reconnecting ... 1766923310.5437946
2025-12-28T12:10:56.8856371Z CloudEvents: Reconnected. 1766923310.6439219
2025-12-28T12:10:56.8856767Z CloudEvents: Disconnected. Reconnecting ... 1766923332.6977174
2025-12-28T12:10:56.8857070Z CloudEvents: Reconnected. 1766923332.7978714
2025-12-28T12:10:56.8857633Z CloudEvents: Disconnected. Reconnecting ... 1766923346.653103
2025-12-28T12:10:56.8857943Z CloudEvents: Reconnected. 1766923346.753245
2025-12-28T12:10:56.8858241Z CloudEvents: Disconnected. Reconnecting ... 1766923346.9801557
2025-12-28T12:10:56.8858538Z CloudEvents: Reconnected. 1766923347.080289
2025-12-28T12:10:56.8858824Z CloudEvents: Disconnected. Reconnecting ... 1766923347.2945683
2025-12-28T12:10:56.8859127Z CloudEvents: Reconnected. 1766923347.3946862
2025-12-28T12:10:56.8859435Z CloudEvents: Disconnected. Reconnecting ... 1766923354.1028497
2025-12-28T12:10:56.8859737Z CloudEvents: Reconnected. 1766923354.2029834
2025-12-28T12:10:56.8860043Z CloudEvents: Disconnected. Reconnecting ... 1766923360.1034262
2025-12-28T12:10:56.8860481Z CloudEvents: Reconnected. 1766923360.2035632
2025-12-28T12:10:56.8860777Z CloudEvents: Disconnected. Reconnecting ... 1766923360.432222
2025-12-28T12:10:56.8861103Z CloudEvents: Reconnected. 1766923360.53235
2025-12-28T12:10:56.8861401Z CloudEvents: Disconnected. Reconnecting ... 1766923360.770164
2025-12-28T12:10:56.8861699Z CloudEvents: Reconnected. 1766923360.8702893
2025-12-28T12:10:56.8861994Z CloudEvents: Disconnected. Reconnecting ... 1766923485.2382958
2025-12-28T12:10:56.8862296Z CloudEvents: Reconnected. 1766923485.33844
2025-12-28T12:10:56.8862588Z CloudEvents: Disconnected. Reconnecting ... 1766923529.8426101
2025-12-28T12:10:56.8862897Z CloudEvents: Reconnected. 1766923529.9427576
2025-12-28T12:10:56.8863198Z CloudEvents: Disconnected. Reconnecting ... 1766923530.2030206
2025-12-28T12:10:56.8863492Z CloudEvents: Reconnected. 1766923530.3031487
2025-12-28T12:10:56.8863788Z CloudEvents: Disconnected. Reconnecting ... 1766923530.5353034
2025-12-28T12:10:56.8864091Z CloudEvents: Reconnected. 1766923530.6354291
2025-12-28T12:10:56.8864379Z CloudEvents: Disconnected. Reconnecting ... 1766923533.6023812
2025-12-28T12:10:56.8864677Z CloudEvents: Reconnected. 1766923533.702516
2025-12-28T12:10:56.8864970Z CloudEvents: Disconnected. Reconnecting ... 1766923533.9952602
2025-12-28T12:10:56.8865270Z CloudEvents: Reconnected. 1766923534.0953915
2025-12-28T12:10:56.8865563Z CloudEvents: Disconnected. Reconnecting ... 1766923534.3253095
2025-12-28T12:10:56.8865862Z CloudEvents: Reconnected. 1766923534.4254363
2025-12-28T12:10:56.8866165Z CloudEvents: Disconnected. Reconnecting ... 1766923559.769943
2025-12-28T12:10:56.8866472Z CloudEvents: Reconnected. 1766923559.8700926
2025-12-28T12:10:56.8866876Z CloudEvents: Disconnected. Reconnecting ... 1766923560.1253855
2025-12-28T12:10:56.8867182Z CloudEvents: Reconnected. 1766923560.2255132
2025-12-28T12:10:56.8867478Z CloudEvents: Disconnected. Reconnecting ... 1766923560.4652703
2025-12-28T12:10:56.8867772Z CloudEvents: Reconnected. 1766923560.5653996
2025-12-28T12:10:56.8868071Z CloudEvents: Disconnected. Reconnecting ... 1766923577.1341367
2025-12-28T12:10:56.8868373Z CloudEvents: Reconnected. 1766923577.2342741
2025-12-28T12:10:56.8868666Z CloudEvents: Disconnected. Reconnecting ... 1766923577.4904766
2025-12-28T12:10:56.8868974Z CloudEvents: Reconnected. 1766923577.5906057
2025-12-28T12:10:56.8869267Z CloudEvents: Disconnected. Reconnecting ... 1766923577.8318074
2025-12-28T12:10:56.8869569Z CloudEvents: Reconnected. 1766923577.9319372
2025-12-28T12:10:56.8869869Z CloudEvents: Disconnected. Reconnecting ... 1766923635.2921257
2025-12-28T12:10:56.8870168Z CloudEvents: Reconnected. 1766923635.392243
2025-12-28T12:10:56.8870474Z CloudEvents: Disconnected. Reconnecting ... 1766923635.6714568
2025-12-28T12:10:56.8870774Z CloudEvents: Reconnected. 1766923635.7715716
2025-12-28T12:10:56.8871066Z CloudEvents: Disconnected. Reconnecting ... 1766923636.0084293
2025-12-28T12:10:56.8871372Z CloudEvents: Reconnected. 1766923636.108557
2025-12-28T12:10:56.8871677Z CloudEvents: Disconnected. Reconnecting ... 1766923669.6388316
2025-12-28T12:10:56.8871971Z CloudEvents: Reconnected. 1766923669.7389748
2025-12-28T12:10:56.8872263Z CloudEvents: Disconnected. Reconnecting ... 1766923670.02196
2025-12-28T12:10:56.8872681Z CloudEvents: Reconnected. 1766923670.1220908
2025-12-28T12:10:56.8872977Z CloudEvents: Disconnected. Reconnecting ... 1766923670.3471987
2025-12-28T12:10:56.8873279Z CloudEvents: Reconnected. 1766923670.4473286
2025-12-28T12:10:56.8873569Z CloudEvents: Disconnected. Reconnecting ... 1766923688.2710254
2025-12-28T12:10:56.8873860Z CloudEvents: Reconnected. 1766923688.3711662
2025-12-28T12:10:56.8874155Z CloudEvents: Disconnected. Reconnecting ... 1766923688.5995753
2025-12-28T12:10:56.8874449Z CloudEvents: Reconnected. 1766923688.6997066
2025-12-28T12:10:56.8874737Z CloudEvents: Disconnected. Reconnecting ... 1766923688.9578505
2025-12-28T12:10:56.8875033Z CloudEvents: Reconnected. 1766923689.0579777
2025-12-28T12:10:56.8875319Z CloudEvents: Disconnected. Reconnecting ... 1766923700.4740784
2025-12-28T12:10:56.8875723Z CloudEvents: Reconnected. 1766923700.5742195
2025-12-28T12:10:56.8876016Z CloudEvents: Disconnected. Reconnecting ... 1766923700.8321846
2025-12-28T12:10:56.8876307Z CloudEvents: Reconnected. 1766923700.9323113
2025-12-28T12:10:56.8876606Z CloudEvents: Disconnected. Reconnecting ... 1766923705.621801
2025-12-28T12:10:56.8877004Z CloudEvents: Reconnected. 1766923705.7219331
2025-12-28T12:10:56.8877294Z CloudEvents: Disconnected. Reconnecting ... 1766923713.2337706
2025-12-28T12:10:56.8877600Z CloudEvents: Reconnected. 1766923713.3339107
2025-12-28T12:10:56.8877890Z CloudEvents: Disconnected. Reconnecting ... 1766923717.019794
2025-12-28T12:10:56.8878184Z CloudEvents: Reconnected. 1766923717.1199262
2025-12-28T12:10:56.8878476Z CloudEvents: Disconnected. Reconnecting ... 1766923720.111767
2025-12-28T12:10:56.8878782Z CloudEvents: Reconnected. 1766923720.2118928
2025-12-28T12:10:56.8879077Z CloudEvents: Disconnected. Reconnecting ... 1766923720.4283667
2025-12-28T12:10:56.8879384Z CloudEvents: Reconnected. 1766923720.528498
2025-12-28T12:10:56.8879671Z CloudEvents: Disconnected. Reconnecting ... 1766923720.7457309
2025-12-28T12:10:56.8879969Z CloudEvents: Reconnected. 1766923720.845858
2025-12-28T12:10:56.8880265Z CloudEvents: Disconnected. Reconnecting ... 1766923727.1088972
2025-12-28T12:10:56.8880567Z CloudEvents: Reconnected. 1766923727.2090168
2025-12-28T12:10:56.8880860Z CloudEvents: Disconnected. Reconnecting ... 1766923727.4467034
2025-12-28T12:10:56.8881155Z CloudEvents: Reconnected. 1766923727.546835
2025-12-28T12:10:56.8881446Z CloudEvents: Disconnected. Reconnecting ... 1766923733.8178058
2025-12-28T12:10:56.8881746Z CloudEvents: Reconnected. 1766923733.917944
2025-12-28T12:10:56.8882036Z CloudEvents: Disconnected. Reconnecting ... 1766923734.1520548
2025-12-28T12:10:56.8882336Z CloudEvents: Reconnected. 1766923734.2521822
2025-12-28T12:10:56.8882627Z CloudEvents: Disconnected. Reconnecting ... 1766923734.480642
2025-12-28T12:10:56.8882933Z CloudEvents: Reconnected. 1766923734.5807714
2025-12-28T12:10:56.8883219Z CloudEvents: Disconnected. Reconnecting ... 1766923737.411007
2025-12-28T12:10:56.8883515Z CloudEvents: Reconnected. 1766923737.5111382
2025-12-28T12:10:56.8883806Z CloudEvents: Disconnected. Reconnecting ... 1766923737.7293775
2025-12-28T12:10:56.8884106Z CloudEvents: Reconnected. 1766923737.8295057
2025-12-28T12:10:56.8884396Z CloudEvents: Disconnected. Reconnecting ... 1766923738.063957
2025-12-28T12:10:56.8884688Z CloudEvents: Reconnected. 1766923738.1640851
2025-12-28T12:10:56.8884978Z CloudEvents: Disconnected. Reconnecting ... 1766923741.955768
2025-12-28T12:10:56.8885275Z CloudEvents: Reconnected. 1766923742.0559042
2025-12-28T12:10:56.8885563Z CloudEvents: Disconnected. Reconnecting ... 1766923742.2738078
2025-12-28T12:10:56.8885863Z CloudEvents: Reconnected. 1766923742.3739388
2025-12-28T12:10:56.8886156Z CloudEvents: Disconnected. Reconnecting ... 1766923742.5983212
2025-12-28T12:10:56.8886448Z CloudEvents: Reconnected. 1766923742.6984518
2025-12-28T12:10:56.8886837Z CloudEvents: Disconnected. Reconnecting ... 1766923829.5842383
2025-12-28T12:10:56.8887257Z CloudEvents: Reconnected. 1766923829.6843655
2025-12-28T12:10:56.8887567Z CloudEvents: Disconnected. Reconnecting ... 1766923829.9317572
2025-12-28T12:10:56.8887988Z CloudEvents: Reconnected. 1766923830.031896
2025-12-28T12:10:56.8888275Z CloudEvents: Disconnected. Reconnecting ... 1766923842.0519452
2025-12-28T12:10:56.8888574Z CloudEvents: Reconnected. 1766923842.1520855
2025-12-28T12:10:56.8888863Z CloudEvents: Disconnected. Reconnecting ... 1766923842.3904123
2025-12-28T12:10:56.8889155Z CloudEvents: Reconnected. 1766923842.4905431
2025-12-28T12:10:56.8889446Z CloudEvents: Disconnected. Reconnecting ... 1766923842.7359345
2025-12-28T12:10:56.8889744Z CloudEvents: Reconnected. 1766923842.836066
2025-12-28T12:10:56.8890031Z CloudEvents: Disconnected. Reconnecting ... 1766923845.21181
2025-12-28T12:10:56.8890327Z CloudEvents: Reconnected. 1766923845.3119493
2025-12-28T12:10:56.8890728Z CloudEvents: Disconnected. Reconnecting ... 1766923845.5391636
2025-12-28T12:10:56.8891023Z CloudEvents: Reconnected. 1766923845.6392937
2025-12-28T12:10:56.8891322Z CloudEvents: Disconnected. Reconnecting ... 1766923849.1341867
2025-12-28T12:10:56.8891624Z CloudEvents: Reconnected. 1766923849.234318
2025-12-28T12:10:56.8891915Z CloudEvents: Disconnected. Reconnecting ... 1766923849.7320726
2025-12-28T12:10:56.8892216Z CloudEvents: Reconnected. 1766923849.8322015
2025-12-28T12:10:56.8892506Z CloudEvents: Disconnected. Reconnecting ... 1766923852.9670696
2025-12-28T12:10:56.8892806Z CloudEvents: Reconnected. 1766923853.0672011
2025-12-28T12:10:56.8893096Z CloudEvents: Disconnected. Reconnecting ... 1766923853.292571
2025-12-28T12:10:56.8893387Z CloudEvents: Reconnected. 1766923853.3926992
2025-12-28T12:33:19.6082065Z CloudEvents: Disconnected. Reconnecting ...
2025-12-28T12:33:19.6137889Z Post job cleanup.
2025-12-28T12:33:19.6898516Z [command]/usr/bin/git version
2025-12-28T12:33:19.6965701Z git version 2.52.0
2025-12-28T12:33:19.7000950Z Temporarily overriding HOME='/home/runner/work/_temp/3f3a0022-fd02-4ea7-8a4f-7c9b018e6044' before making global git config changes
2025-12-28T12:33:19.7002141Z Adding repository directory to the temporary git global config as a safe directory
2025-12-28T12:33:19.7006451Z [command]/usr/bin/git config --global --add safe.directory /home/runner/work/scratchattach/scratchattach
2025-12-28T12:33:19.7035681Z Removing SSH command configuration
2025-12-28T12:33:19.7041775Z [command]/usr/bin/git config --local --name-only --get-regexp core\.sshCommand
2025-12-28T12:33:19.7073730Z [command]/usr/bin/git submodule foreach --recursive sh -c "git config --local --name-only --get-regexp 'core\.sshCommand' && git config --local --unset-all 'core.sshCommand' || :"
2025-12-28T12:33:19.7295632Z Removing HTTP extra header
2025-12-28T12:33:19.7300356Z [command]/usr/bin/git config --local --name-only --get-regexp http\.https\:\/\/github\.com\/\.extraheader
2025-12-28T12:33:19.7331951Z [command]/usr/bin/git submodule foreach --recursive sh -c "git config --local --name-only --get-regexp 'http\.https\:\/\/github\.com\/\.extraheader' && git config --local --unset-all 'http.https://github.com/.extraheader' || :"
2025-12-28T12:33:19.7548264Z Removing includeIf entries pointing to credentials config files
2025-12-28T12:33:19.7553903Z [command]/usr/bin/git config --local --name-only --get-regexp ^includeIf\.gitdir:
2025-12-28T12:33:19.7574925Z includeif.gitdir:/home/runner/work/scratchattach/scratchattach/.git.path
2025-12-28T12:33:19.7575680Z includeif.gitdir:/home/runner/work/scratchattach/scratchattach/.git/worktrees/*.path
2025-12-28T12:33:19.7576500Z includeif.gitdir:/github/workspace/.git.path
2025-12-28T12:33:19.7577277Z includeif.gitdir:/github/workspace/.git/worktrees/*.path
2025-12-28T12:33:19.7585068Z [command]/usr/bin/git config --local --get-all includeif.gitdir:/home/runner/work/scratchattach/scratchattach/.git.path
2025-12-28T12:33:19.7605421Z /home/runner/work/_temp/git-credentials-1b95045b-9297-4b47-9be1-437ef4bf89c9.config
2025-12-28T12:33:19.7615653Z [command]/usr/bin/git config --local --unset includeif.gitdir:/home/runner/work/scratchattach/scratchattach/.git.path /home/runner/work/_temp/git-credentials-1b95045b-9297-4b47-9be1-437ef4bf89c9.config
2025-12-28T12:33:19.7647001Z [command]/usr/bin/git config --local --get-all includeif.gitdir:/home/runner/work/scratchattach/scratchattach/.git/worktrees/*.path
2025-12-28T12:33:19.7668302Z /home/runner/work/_temp/git-credentials-1b95045b-9297-4b47-9be1-437ef4bf89c9.config
2025-12-28T12:33:19.7677463Z [command]/usr/bin/git config --local --unset includeif.gitdir:/home/runner/work/scratchattach/scratchattach/.git/worktrees/*.path /home/runner/work/_temp/git-credentials-1b95045b-9297-4b47-9be1-437ef4bf89c9.config
2025-12-28T12:33:19.7707602Z [command]/usr/bin/git config --local --get-all includeif.gitdir:/github/workspace/.git.path
2025-12-28T12:33:19.7727332Z /github/runner_temp/git-credentials-1b95045b-9297-4b47-9be1-437ef4bf89c9.config
2025-12-28T12:33:19.7734851Z [command]/usr/bin/git config --local --unset includeif.gitdir:/github/workspace/.git.path /github/runner_temp/git-credentials-1b95045b-9297-4b47-9be1-437ef4bf89c9.config
2025-12-28T12:33:19.7763788Z [command]/usr/bin/git config --local --get-all includeif.gitdir:/github/workspace/.git/worktrees/*.path
2025-12-28T12:33:19.7783194Z /github/runner_temp/git-credentials-1b95045b-9297-4b47-9be1-437ef4bf89c9.config
2025-12-28T12:33:19.7791595Z [command]/usr/bin/git config --local --unset includeif.gitdir:/github/workspace/.git/worktrees/*.path /github/runner_temp/git-credentials-1b95045b-9297-4b47-9be1-437ef4bf89c9.config
2025-12-28T12:33:19.7821710Z [command]/usr/bin/git submodule foreach --recursive git config --local --show-origin --name-only --get-regexp remote.origin.url
2025-12-28T12:33:19.8035590Z Removing credentials config '/home/runner/work/_temp/git-credentials-1b95045b-9297-4b47-9be1-437ef4bf89c9.config'
2025-12-28T12:33:19.8152218Z Post job cleanup.
2025-12-28T12:33:19.9253992Z (node:5588) [DEP0040] DeprecationWarning: The `punycode` module is deprecated. Please use a userland alternative instead.
2025-12-28T12:33:19.9255108Z (Use `node --trace-deprecation ...` to show where the warning was created)
2025-12-28T12:33:19.9365678Z Post job cleanup.
2025-12-28T12:33:20.0112020Z [command]/usr/bin/git version
2025-12-28T12:33:20.0151004Z git version 2.52.0
2025-12-28T12:33:20.0219228Z Temporarily overriding HOME='/home/runner/work/_temp/c6468557-92ea-4233-9f08-2c5eedf2b82c' before making global git config changes
2025-12-28T12:33:20.0221766Z Adding repository directory to the temporary git global config as a safe directory
2025-12-28T12:33:20.0225620Z [command]/usr/bin/git config --global --add safe.directory /home/runner/work/scratchattach/scratchattach
2025-12-28T12:33:20.0255421Z Removing SSH command configuration
2025-12-28T12:33:20.0262210Z [command]/usr/bin/git config --local --name-only --get-regexp core\.sshCommand
2025-12-28T12:33:20.0296040Z [command]/usr/bin/git submodule foreach --recursive sh -c "git config --local --name-only --get-regexp 'core\.sshCommand' && git config --local --unset-all 'core.sshCommand' || :"
2025-12-28T12:33:20.0536107Z Removing HTTP extra header
2025-12-28T12:33:20.0542368Z [command]/usr/bin/git config --local --name-only --get-regexp http\.https\:\/\/github\.com\/\.extraheader
2025-12-28T12:33:20.0578026Z [command]/usr/bin/git submodule foreach --recursive sh -c "git config --local --name-only --get-regexp 'http\.https\:\/\/github\.com\/\.extraheader' && git config --local --unset-all 'http.https://github.com/.extraheader' || :"
2025-12-28T12:33:20.0812786Z Removing includeIf entries pointing to credentials config files
2025-12-28T12:33:20.0820606Z [command]/usr/bin/git config --local --name-only --get-regexp ^includeIf\.gitdir:
2025-12-28T12:33:20.0855810Z [command]/usr/bin/git submodule foreach --recursive git config --local --show-origin --name-only --get-regexp remote.origin.url
2025-12-28T12:33:20.1199909Z Cleaning up orphan processes
