2026-01-12T02:03:29.6346767Z Current runner version: '2.330.0'
2026-01-12T02:03:29.6372625Z ##[group]Runner Image Provisioner
2026-01-12T02:03:29.6373432Z Hosted Compute Agent
2026-01-12T02:03:29.6373954Z Version: 20251211.462
2026-01-12T02:03:29.6374611Z Commit: 6cbad8c2bb55d58165063d031ccabf57e2d2db61
2026-01-12T02:03:29.6375314Z Build Date: 2025-12-11T16:28:49Z
2026-01-12T02:03:29.6376279Z Worker ID: {b6303ea1-f96c-4390-bb3d-e2fdef80fd7f}
2026-01-12T02:03:29.6377043Z ##[endgroup]
2026-01-12T02:03:29.6377551Z ##[group]Operating System
2026-01-12T02:03:29.6378089Z Ubuntu
2026-01-12T02:03:29.6378638Z 24.04.3
2026-01-12T02:03:29.6379100Z LTS
2026-01-12T02:03:29.6379568Z ##[endgroup]
2026-01-12T02:03:29.6380080Z ##[group]Runner Image
2026-01-12T02:03:29.6380662Z Image: ubuntu-24.04
2026-01-12T02:03:29.6381163Z Version: 20260105.202.1
2026-01-12T02:03:29.6382169Z Included Software: https://github.com/actions/runner-images/blob/ubuntu24/20260105.202/images/ubuntu/Ubuntu2404-Readme.md
2026-01-12T02:03:29.6383762Z Image Release: https://github.com/actions/runner-images/releases/tag/ubuntu24%2F20260105.202
2026-01-12T02:03:29.6384798Z ##[endgroup]
2026-01-12T02:03:29.6385773Z ##[group]GITHUB_TOKEN Permissions
2026-01-12T02:03:29.6388217Z Contents: write
2026-01-12T02:03:29.6388803Z Metadata: read
2026-01-12T02:03:29.6389269Z ##[endgroup]
2026-01-12T02:03:29.6391631Z Secret source: Actions
2026-01-12T02:03:29.6392296Z Prepare workflow directory
2026-01-12T02:03:29.6714164Z Prepare all required actions
2026-01-12T02:03:29.6752399Z Getting action download info
2026-01-12T02:03:30.0078791Z Download action repository 'actions/checkout@v6.0.1' (SHA:8e8c483db84b4bee98b60c0593521ed34d9990e8)
2026-01-12T02:03:30.2490164Z Download action repository 'pawanbahuguna/action-logs@v2.0.0' (SHA:2fb2206c1749d6d09b8799a05519c08ee503660d)
2026-01-12T02:03:30.6205486Z Complete job name: Download GH action logs
2026-01-12T02:03:30.6763189Z ##[group]Build container for action use: '/home/runner/work/_actions/pawanbahuguna/action-logs/v2.0.0/Dockerfile'.
2026-01-12T02:03:30.6817208Z ##[command]/usr/bin/docker build -t 98c80d:6ee11c245b254ffdaa05370d8d6a66e3 -f "/home/runner/work/_actions/pawanbahuguna/action-logs/v2.0.0/Dockerfile" "/home/runner/work/_actions/pawanbahuguna/action-logs/v2.0.0"
2026-01-12T02:03:31.3155705Z #0 building with "default" instance using docker driver
2026-01-12T02:03:31.3157803Z 
2026-01-12T02:03:31.3158182Z #1 [internal] load build definition from Dockerfile
2026-01-12T02:03:31.3159108Z #1 transferring dockerfile: 347B done
2026-01-12T02:03:31.3159859Z #1 DONE 0.0s
2026-01-12T02:03:31.3160185Z 
2026-01-12T02:03:31.3160618Z #2 [auth] library/alpine:pull token for registry-1.docker.io
2026-01-12T02:03:31.3161563Z #2 DONE 0.0s
2026-01-12T02:03:31.3161895Z 
2026-01-12T02:03:31.3162365Z #3 [internal] load metadata for docker.io/library/alpine:latest
2026-01-12T02:03:31.5358901Z #3 DONE 0.4s
2026-01-12T02:03:31.6482774Z 
2026-01-12T02:03:31.6484186Z #4 [internal] load .dockerignore
2026-01-12T02:03:31.6489592Z #4 transferring context: 2B done
2026-01-12T02:03:31.6491092Z #4 DONE 0.0s
2026-01-12T02:03:31.6491750Z 
2026-01-12T02:03:31.6492273Z #5 [internal] load build context
2026-01-12T02:03:31.6493656Z #5 transferring context: 2.53kB done
2026-01-12T02:03:31.6495034Z #5 DONE 0.0s
2026-01-12T02:03:31.6495637Z 
2026-01-12T02:03:31.6497921Z #6 [1/4] FROM docker.io/library/alpine:latest@sha256:865b95f46d98cf867a156fe4a135ad3fe50d2056aa3f25ed31662dff6da4eb62
2026-01-12T02:03:31.6502602Z #6 resolve docker.io/library/alpine:latest@sha256:865b95f46d98cf867a156fe4a135ad3fe50d2056aa3f25ed31662dff6da4eb62 done
2026-01-12T02:03:31.6506685Z #6 extracting sha256:1074353eec0db2c1d81d5af2671e56e00cf5738486f5762609ea33d606f88612
2026-01-12T02:03:31.7716409Z #6 extracting sha256:1074353eec0db2c1d81d5af2671e56e00cf5738486f5762609ea33d606f88612 0.1s done
2026-01-12T02:03:31.7720368Z #6 sha256:865b95f46d98cf867a156fe4a135ad3fe50d2056aa3f25ed31662dff6da4eb62 9.22kB / 9.22kB done
2026-01-12T02:03:31.7724660Z #6 sha256:1882fa4569e0c591ea092d3766c4893e19b8901a8e649de7067188aba3cc0679 1.02kB / 1.02kB done
2026-01-12T02:03:31.7729012Z #6 sha256:e7b39c54cdeca0d2aae83114bb605753a5f5bc511fe8be7590e38f6d9f915dad 611B / 611B done
2026-01-12T02:03:31.7732615Z #6 sha256:1074353eec0db2c1d81d5af2671e56e00cf5738486f5762609ea33d606f88612 3.86MB / 3.86MB 0.1s done
2026-01-12T02:03:31.7735140Z #6 DONE 0.2s
2026-01-12T02:03:31.9232561Z 
2026-01-12T02:03:31.9233773Z #7 [2/4] RUN apk update && apk add --no-cache curl jq
2026-01-12T02:03:32.3469318Z #7 0.574 v3.23.2-151-g0c1f0811a48 [https://dl-cdn.alpinelinux.org/alpine/v3.23/main]
2026-01-12T02:03:32.3470858Z #7 0.574 v3.23.2-151-g0c1f0811a48 [https://dl-cdn.alpinelinux.org/alpine/v3.23/community]
2026-01-12T02:03:32.3471861Z #7 0.574 OK: 27566 distinct packages available
2026-01-12T02:03:32.7242212Z #7 0.952 ( 1/12) Installing brotli-libs (1.2.0-r0)
2026-01-12T02:03:32.8262884Z #7 0.971 ( 2/12) Installing c-ares (1.34.6-r0)
2026-01-12T02:03:32.8263569Z #7 0.980 ( 3/12) Installing libunistring (1.4.1-r0)
2026-01-12T02:03:32.8264179Z #7 1.002 ( 4/12) Installing libidn2 (2.3.8-r0)
2026-01-12T02:03:32.8264783Z #7 1.012 ( 5/12) Installing nghttp2-libs (1.68.0-r0)
2026-01-12T02:03:32.8265417Z #7 1.025 ( 6/12) Installing nghttp3 (1.13.1-r0)
2026-01-12T02:03:32.8266195Z #7 1.032 ( 7/12) Installing libpsl (0.21.5-r3)
2026-01-12T02:03:32.8266635Z #7 1.039 ( 8/12) Installing zstd-libs (1.5.7-r2)
2026-01-12T02:03:32.8267005Z #7 1.054 ( 9/12) Installing libcurl (8.17.0-r1)
2026-01-12T02:03:33.0355740Z #7 1.067 (10/12) Installing curl (8.17.0-r1)
2026-01-12T02:03:33.0356550Z #7 1.078 (11/12) Installing oniguruma (6.9.10-r0)
2026-01-12T02:03:33.0357079Z #7 1.090 (12/12) Installing jq (1.8.1-r0)
2026-01-12T02:03:33.0357547Z #7 1.106 Executing busybox-1.37.0-r30.trigger
2026-01-12T02:03:33.0357991Z #7 1.113 OK: 14.1 MiB in 28 packages
2026-01-12T02:03:33.4819961Z #7 DONE 1.7s
2026-01-12T02:03:33.6107639Z 
2026-01-12T02:03:33.6108474Z #8 [3/4] COPY entrypoint.sh /entrypoint.sh
2026-01-12T02:03:33.6109047Z #8 DONE 0.0s
2026-01-12T02:03:33.6109247Z 
2026-01-12T02:03:33.6109401Z #9 [4/4] RUN chmod +x /entrypoint.sh
2026-01-12T02:03:33.6109812Z #9 DONE 0.1s
2026-01-12T02:03:33.7623557Z 
2026-01-12T02:03:33.7624026Z #10 exporting to image
2026-01-12T02:03:33.7624553Z #10 exporting layers
2026-01-12T02:03:34.0108675Z #10 exporting layers 0.4s done
2026-01-12T02:03:34.0289371Z #10 writing image sha256:a2c15b018f2be9cb10d43078b0373e893635d9854187c13dc7cbc083d260c2ce done
2026-01-12T02:03:34.0290366Z #10 naming to docker.io/library/98c80d:6ee11c245b254ffdaa05370d8d6a66e3 done
2026-01-12T02:03:34.0343787Z #10 DONE 0.4s
2026-01-12T02:03:34.0351838Z ##[endgroup]
2026-01-12T02:03:34.0610764Z ##[group]Run actions/checkout@v6.0.1
2026-01-12T02:03:34.0611339Z with:
2026-01-12T02:03:34.0611543Z   repository: Boss-1s/scratchattach
2026-01-12T02:03:34.0611926Z   token: ***
2026-01-12T02:03:34.0612139Z   ssh-strict: true
2026-01-12T02:03:34.0612320Z   ssh-user: git
2026-01-12T02:03:34.0612501Z   persist-credentials: true
2026-01-12T02:03:34.0612711Z   clean: true
2026-01-12T02:03:34.0612895Z   sparse-checkout-cone-mode: true
2026-01-12T02:03:34.0613141Z   fetch-depth: 1
2026-01-12T02:03:34.0613314Z   fetch-tags: false
2026-01-12T02:03:34.0613496Z   show-progress: true
2026-01-12T02:03:34.0613678Z   lfs: false
2026-01-12T02:03:34.0613836Z   submodules: false
2026-01-12T02:03:34.0614018Z   set-safe-directory: true
2026-01-12T02:03:34.0614564Z ##[endgroup]
2026-01-12T02:03:34.1526275Z Syncing repository: Boss-1s/scratchattach
2026-01-12T02:03:34.1527703Z ##[group]Getting Git version info
2026-01-12T02:03:34.1528171Z Working directory is '/home/runner/work/scratchattach/scratchattach'
2026-01-12T02:03:34.1528737Z [command]/usr/bin/git version
2026-01-12T02:03:34.1531665Z git version 2.52.0
2026-01-12T02:03:34.1584134Z ##[endgroup]
2026-01-12T02:03:34.1599353Z Temporarily overriding HOME='/home/runner/work/_temp/f260cc7e-68b2-44ef-94a9-8f1b85df4f7d' before making global git config changes
2026-01-12T02:03:34.1600283Z Adding repository directory to the temporary git global config as a safe directory
2026-01-12T02:03:34.1604778Z [command]/usr/bin/git config --global --add safe.directory /home/runner/work/scratchattach/scratchattach
2026-01-12T02:03:34.1646375Z Deleting the contents of '/home/runner/work/scratchattach/scratchattach'
2026-01-12T02:03:34.1649670Z ##[group]Initializing the repository
2026-01-12T02:03:34.1654466Z [command]/usr/bin/git init /home/runner/work/scratchattach/scratchattach
2026-01-12T02:03:34.1773754Z hint: Using 'master' as the name for the initial branch. This default branch name
2026-01-12T02:03:34.1774655Z hint: will change to "main" in Git 3.0. To configure the initial branch name
2026-01-12T02:03:34.1775508Z hint: to use in all of your new repositories, which will suppress this warning,
2026-01-12T02:03:34.1776312Z hint: call:
2026-01-12T02:03:34.1776579Z hint:
2026-01-12T02:03:34.1777048Z hint: 	git config --global init.defaultBranch <name>
2026-01-12T02:03:34.1777360Z hint:
2026-01-12T02:03:34.1777718Z hint: Names commonly chosen instead of 'master' are 'main', 'trunk' and
2026-01-12T02:03:34.1778640Z hint: 'development'. The just-created branch can be renamed via this command:
2026-01-12T02:03:34.1779257Z hint:
2026-01-12T02:03:34.1779552Z hint: 	git branch -m <name>
2026-01-12T02:03:34.1779898Z hint:
2026-01-12T02:03:34.1780403Z hint: Disable this message with "git config set advice.defaultBranchName false"
2026-01-12T02:03:34.1781371Z Initialized empty Git repository in /home/runner/work/scratchattach/scratchattach/.git/
2026-01-12T02:03:34.1789097Z [command]/usr/bin/git remote add origin https://github.com/Boss-1s/scratchattach
2026-01-12T02:03:34.1822490Z ##[endgroup]
2026-01-12T02:03:34.1823135Z ##[group]Disabling automatic garbage collection
2026-01-12T02:03:34.1827317Z [command]/usr/bin/git config --local gc.auto 0
2026-01-12T02:03:34.1856245Z ##[endgroup]
2026-01-12T02:03:34.1856871Z ##[group]Setting up auth
2026-01-12T02:03:34.1858276Z Removing SSH command configuration
2026-01-12T02:03:34.1864305Z [command]/usr/bin/git config --local --name-only --get-regexp core\.sshCommand
2026-01-12T02:03:34.1895703Z [command]/usr/bin/git submodule foreach --recursive sh -c "git config --local --name-only --get-regexp 'core\.sshCommand' && git config --local --unset-all 'core.sshCommand' || :"
2026-01-12T02:03:34.2266037Z Removing HTTP extra header
2026-01-12T02:03:34.2271109Z [command]/usr/bin/git config --local --name-only --get-regexp http\.https\:\/\/github\.com\/\.extraheader
2026-01-12T02:03:34.2301323Z [command]/usr/bin/git submodule foreach --recursive sh -c "git config --local --name-only --get-regexp 'http\.https\:\/\/github\.com\/\.extraheader' && git config --local --unset-all 'http.https://github.com/.extraheader' || :"
2026-01-12T02:03:34.2514826Z Removing includeIf entries pointing to credentials config files
2026-01-12T02:03:34.2521029Z [command]/usr/bin/git config --local --name-only --get-regexp ^includeIf\.gitdir:
2026-01-12T02:03:34.2550798Z [command]/usr/bin/git submodule foreach --recursive git config --local --show-origin --name-only --get-regexp remote.origin.url
2026-01-12T02:03:34.2770933Z [command]/usr/bin/git config --file /home/runner/work/_temp/git-credentials-2f26ba7c-50b5-43bb-bc4a-18894edac0f9.config http.https://github.com/.extraheader AUTHORIZATION: basic ***
2026-01-12T02:03:34.2805234Z [command]/usr/bin/git config --local includeIf.gitdir:/home/runner/work/scratchattach/scratchattach/.git.path /home/runner/work/_temp/git-credentials-2f26ba7c-50b5-43bb-bc4a-18894edac0f9.config
2026-01-12T02:03:34.2834162Z [command]/usr/bin/git config --local includeIf.gitdir:/home/runner/work/scratchattach/scratchattach/.git/worktrees/*.path /home/runner/work/_temp/git-credentials-2f26ba7c-50b5-43bb-bc4a-18894edac0f9.config
2026-01-12T02:03:34.2862250Z [command]/usr/bin/git config --local includeIf.gitdir:/github/workspace/.git.path /github/runner_temp/git-credentials-2f26ba7c-50b5-43bb-bc4a-18894edac0f9.config
2026-01-12T02:03:34.2891349Z [command]/usr/bin/git config --local includeIf.gitdir:/github/workspace/.git/worktrees/*.path /github/runner_temp/git-credentials-2f26ba7c-50b5-43bb-bc4a-18894edac0f9.config
2026-01-12T02:03:34.2916064Z ##[endgroup]
2026-01-12T02:03:34.2916731Z ##[group]Fetching the repository
2026-01-12T02:03:34.2926664Z [command]/usr/bin/git -c protocol.version=2 fetch --no-tags --prune --no-recurse-submodules --depth=1 origin +3c202e389e75110248b43fb4e6a4763b615906e3:refs/remotes/origin/main
2026-01-12T02:03:48.7906889Z From https://github.com/Boss-1s/scratchattach
2026-01-12T02:03:48.7907866Z  * [new ref]         3c202e389e75110248b43fb4e6a4763b615906e3 -> origin/main
2026-01-12T02:03:48.7936953Z ##[endgroup]
2026-01-12T02:03:48.7937530Z ##[group]Determining the checkout info
2026-01-12T02:03:48.7939637Z ##[endgroup]
2026-01-12T02:03:48.7944804Z [command]/usr/bin/git sparse-checkout disable
2026-01-12T02:03:48.7995128Z [command]/usr/bin/git config --local --unset-all extensions.worktreeConfig
2026-01-12T02:03:48.8023586Z ##[group]Checking out the ref
2026-01-12T02:03:48.8028645Z [command]/usr/bin/git checkout --progress --force -B main refs/remotes/origin/main
2026-01-12T02:03:50.2103174Z Updating files:  86% (2610/3030)
2026-01-12T02:03:50.5250998Z Updating files:  87% (2637/3030)
2026-01-12T02:03:50.5295784Z Updating files:  88% (2667/3030)
2026-01-12T02:03:50.5344579Z Updating files:  89% (2697/3030)
2026-01-12T02:03:50.7477055Z Updating files:  90% (2727/3030)
2026-01-12T02:03:50.7511811Z Updating files:  91% (2758/3030)
2026-01-12T02:03:50.8102824Z Updating files:  92% (2788/3030)
2026-01-12T02:03:50.9849955Z Updating files:  92% (2799/3030)
2026-01-12T02:03:51.5512211Z Updating files:  93% (2818/3030)
2026-01-12T02:03:51.7666801Z Updating files:  94% (2849/3030)
2026-01-12T02:03:51.8263821Z Updating files:  95% (2879/3030)
2026-01-12T02:03:52.1601875Z Updating files:  95% (2885/3030)
2026-01-12T02:03:52.1671908Z Updating files:  96% (2909/3030)
2026-01-12T02:03:52.3900845Z Updating files:  97% (2940/3030)
2026-01-12T02:03:52.8577761Z Updating files:  98% (2970/3030)
2026-01-12T02:03:52.9825084Z Updating files:  98% (2993/3030)
2026-01-12T02:03:53.2982579Z Updating files:  99% (3000/3030)
2026-01-12T02:03:53.2983746Z Updating files: 100% (3030/3030)
2026-01-12T02:03:53.2984494Z Updating files: 100% (3030/3030), done.
2026-01-12T02:03:53.3018859Z Switched to a new branch 'main'
2026-01-12T02:03:53.3022520Z branch 'main' set up to track 'origin/main'.
2026-01-12T02:03:53.3153119Z ##[endgroup]
2026-01-12T02:03:53.3198671Z [command]/usr/bin/git log -1 --format=%H
2026-01-12T02:03:53.3224018Z 3c202e389e75110248b43fb4e6a4763b615906e3
2026-01-12T02:03:53.3414741Z ##[group]Run pawanbahuguna/action-logs@v2.0.0
2026-01-12T02:03:53.3415053Z env:
2026-01-12T02:03:53.3415634Z   GH_TOKEN: ***
2026-01-12T02:03:53.3416115Z   GH_REPO: Boss-1s/scratchattach
2026-01-12T02:03:53.3416392Z   LOGS_DIR: .logs
2026-01-12T02:03:53.3416586Z ##[endgroup]
2026-01-12T02:03:53.3507516Z ##[command]/usr/bin/docker run --name c80d6ee11c245b254ffdaa05370d8d6a66e3_5e710c --label 98c80d --workdir /github/workspace --rm -e "GH_TOKEN" -e "GH_REPO" -e "LOGS_DIR" -e "HOME" -e "GITHUB_JOB" -e "GITHUB_REF" -e "GITHUB_SHA" -e "GITHUB_REPOSITORY" -e "GITHUB_REPOSITORY_OWNER" -e "GITHUB_REPOSITORY_OWNER_ID" -e "GITHUB_RUN_ID" -e "GITHUB_RUN_NUMBER" -e "GITHUB_RETENTION_DAYS" -e "GITHUB_RUN_ATTEMPT" -e "GITHUB_ACTOR_ID" -e "GITHUB_ACTOR" -e "GITHUB_WORKFLOW" -e "GITHUB_HEAD_REF" -e "GITHUB_BASE_REF" -e "GITHUB_EVENT_NAME" -e "GITHUB_SERVER_URL" -e "GITHUB_API_URL" -e "GITHUB_GRAPHQL_URL" -e "GITHUB_REF_NAME" -e "GITHUB_REF_PROTECTED" -e "GITHUB_REF_TYPE" -e "GITHUB_WORKFLOW_REF" -e "GITHUB_WORKFLOW_SHA" -e "GITHUB_REPOSITORY_ID" -e "GITHUB_TRIGGERING_ACTOR" -e "GITHUB_WORKSPACE" -e "GITHUB_ACTION" -e "GITHUB_EVENT_PATH" -e "GITHUB_ACTION_REPOSITORY" -e "GITHUB_ACTION_REF" -e "GITHUB_PATH" -e "GITHUB_ENV" -e "GITHUB_STEP_SUMMARY" -e "GITHUB_STATE" -e "GITHUB_OUTPUT" -e "RUNNER_OS" -e "RUNNER_ARCH" -e "RUNNER_NAME" -e "RUNNER_ENVIRONMENT" -e "RUNNER_TOOL_CACHE" -e "RUNNER_TEMP" -e "RUNNER_WORKSPACE" -e "ACTIONS_RUNTIME_URL" -e "ACTIONS_RUNTIME_TOKEN" -e "ACTIONS_CACHE_URL" -e "ACTIONS_RESULTS_URL" -e GITHUB_ACTIONS=true -e CI=true -v "/var/run/docker.sock":"/var/run/docker.sock" -v "/home/runner/work/_temp":"/github/runner_temp" -v "/home/runner/work/_temp/_github_home":"/github/home" -v "/home/runner/work/_temp/_github_workflow":"/github/workflow" -v "/home/runner/work/_temp/_runner_file_commands":"/github/file_commands" -v "/home/runner/work/scratchattach/scratchattach":"/github/workspace" 98c80d:6ee11c245b254ffdaa05370d8d6a66e3
2026-01-12T02:03:56.6522331Z Will only process 24hrs logs before or equal to 2026-01-11T02:03:56Z
2026-01-12T02:03:56.6523777Z Searching Workflow Runs
2026-01-12T02:03:59.0713973Z Fetching Job IDs
2026-01-12T02:04:02.3083104Z mkdir: can't create directory '.logs': File exists
2026-01-12T02:04:02.3089830Z Writing logs for job 60059222417
2026-01-12T02:04:02.4495731Z Writing logs for job 60059027100
2026-01-12T02:04:02.6001136Z Writing logs for job 60045527483
2026-01-12T02:04:02.9769819Z Writing logs for job 60044856426
2026-01-12T02:04:03.3036749Z Writing logs for job 60044182445
2026-01-12T02:04:03.6928791Z Writing logs for job 60034164085
2026-01-12T02:04:04.0091685Z Writing logs for job 60032963349
2026-01-12T02:04:04.4713746Z Writing logs for job 60023243676
2026-01-12T02:04:05.0360200Z Writing logs for job 60022382219
2026-01-12T02:04:05.5600742Z Writing logs for job 60021785359
2026-01-12T02:04:05.8546291Z Writing logs for job 60017027870
2026-01-12T02:04:06.0598757Z Writing logs for job 60013994650
2026-01-12T02:04:06.2899085Z Writing logs for job 60013993573
2026-01-12T02:04:06.5250484Z Writing logs for job 60013993575
2026-01-12T02:04:06.7626898Z Writing logs for job 60013963256
2026-01-12T02:04:07.0171952Z Logs Downloaded and saved!
2026-01-12T02:04:07.0172411Z Starting cleanup
2026-01-12T02:04:07.0178803Z cleanup Completed!!
2026-01-12T02:04:07.1244195Z ##[group]Run git config --global user.name 'Boss_1s [via Actions]'
2026-01-12T02:04:07.1244752Z [36;1mgit config --global user.name 'Boss_1s [via Actions]'[0m
2026-01-12T02:04:07.1245222Z [36;1mgit config --global user.email 'Boss-1s[auto]@users.noreply.github.com'[0m
2026-01-12T02:04:07.1245607Z [36;1m[0m
2026-01-12T02:04:07.1245789Z [36;1mgit pull origin main[0m
2026-01-12T02:04:07.1246266Z [36;1m[0m
2026-01-12T02:04:07.1246479Z [36;1mGIT_STATUS_OUTPUT=$(git status --porcelain)[0m
2026-01-12T02:04:07.1246748Z [36;1m[0m
2026-01-12T02:04:07.1246930Z [36;1mif [ -z "$GIT_STATUS_OUTPUT" ]; then[0m
2026-01-12T02:04:07.1247278Z [36;1m  echo "Git working tree is clean (no uncommitted changes)."[0m
2026-01-12T02:04:07.1247602Z [36;1m  exit 0[0m
2026-01-12T02:04:07.1247766Z [36;1melse[0m
2026-01-12T02:04:07.1247988Z [36;1m  echo "Git working tree has uncommitted changes:"[0m
2026-01-12T02:04:07.1248285Z [36;1m  echo "$GIT_STATUS_OUTPUT"[0m
2026-01-12T02:04:07.1248624Z [36;1m  echo "These changes will be pushed to the main branch."[0m
2026-01-12T02:04:07.1248917Z [36;1mfi[0m
2026-01-12T02:04:07.1249070Z [36;1m[0m
2026-01-12T02:04:07.1249221Z [36;1mgit add .[0m
2026-01-12T02:04:07.1249420Z [36;1mgit commit -m "[BOT] Download Logs"[0m
2026-01-12T02:04:07.1249681Z [36;1mgit push origin main[0m
2026-01-12T02:04:07.1286123Z shell: /usr/bin/bash -e {0}
2026-01-12T02:04:07.1286362Z ##[endgroup]
2026-01-12T02:04:07.2807609Z From https://github.com/Boss-1s/scratchattach
2026-01-12T02:04:07.2808126Z  * branch            main       -> FETCH_HEAD
2026-01-12T02:04:07.2882312Z Already up to date.
2026-01-12T02:04:07.6109596Z Git working tree has uncommitted changes:
2026-01-12T02:04:07.6109965Z ?? .logs/logs-60013963256-2026-01-12.txt
2026-01-12T02:04:07.6110227Z ?? .logs/logs-60013993573-2026-01-12.txt
2026-01-12T02:04:07.6110460Z ?? .logs/logs-60013993575-2026-01-12.txt
2026-01-12T02:04:07.6110692Z ?? .logs/logs-60013994650-2026-01-12.txt
2026-01-12T02:04:07.6110939Z ?? .logs/logs-60017027870-2026-01-12.txt
2026-01-12T02:04:07.6111169Z ?? .logs/logs-60021785359-2026-01-12.txt
2026-01-12T02:04:07.6111398Z ?? .logs/logs-60022382219-2026-01-12.txt
2026-01-12T02:04:07.6111768Z ?? .logs/logs-60023243676-2026-01-12.txt
2026-01-12T02:04:07.6112311Z ?? .logs/logs-60032963349-2026-01-12.txt
2026-01-12T02:04:07.6112536Z ?? .logs/logs-60034164085-2026-01-12.txt
2026-01-12T02:04:07.6112752Z ?? .logs/logs-60044182445-2026-01-12.txt
2026-01-12T02:04:07.6112973Z ?? .logs/logs-60044856426-2026-01-12.txt
2026-01-12T02:04:07.6113192Z ?? .logs/logs-60045527483-2026-01-12.txt
2026-01-12T02:04:07.6113414Z ?? .logs/logs-60059027100-2026-01-12.txt
2026-01-12T02:04:07.6113636Z ?? .logs/logs-60059222417-2026-01-12.txt
2026-01-12T02:04:07.6113890Z These changes will be pushed to the main branch.
2026-01-12T02:04:08.9017210Z [main cf97aa4] [BOT] Download Logs
2026-01-12T02:04:08.9019365Z  15 files changed, 1233178 insertions(+)
2026-01-12T02:04:08.9019948Z  create mode 100644 .logs/logs-60013963256-2026-01-12.txt
2026-01-12T02:04:08.9020551Z  create mode 100644 .logs/logs-60013993573-2026-01-12.txt
2026-01-12T02:04:08.9021152Z  create mode 100644 .logs/logs-60013993575-2026-01-12.txt
2026-01-12T02:04:08.9021714Z  create mode 100644 .logs/logs-60013994650-2026-01-12.txt
2026-01-12T02:04:08.9022309Z  create mode 100644 .logs/logs-60017027870-2026-01-12.txt
2026-01-12T02:04:08.9022865Z  create mode 100644 .logs/logs-60021785359-2026-01-12.txt
2026-01-12T02:04:08.9023410Z  create mode 100644 .logs/logs-60022382219-2026-01-12.txt
2026-01-12T02:04:08.9023963Z  create mode 100644 .logs/logs-60023243676-2026-01-12.txt
2026-01-12T02:04:08.9024527Z  create mode 100644 .logs/logs-60032963349-2026-01-12.txt
2026-01-12T02:04:08.9025079Z  create mode 100644 .logs/logs-60034164085-2026-01-12.txt
2026-01-12T02:04:08.9025645Z  create mode 100644 .logs/logs-60044182445-2026-01-12.txt
2026-01-12T02:04:08.9026439Z  create mode 100644 .logs/logs-60044856426-2026-01-12.txt
2026-01-12T02:04:08.9027428Z  create mode 100644 .logs/logs-60045527483-2026-01-12.txt
2026-01-12T02:04:08.9027993Z  create mode 100644 .logs/logs-60059027100-2026-01-12.txt
2026-01-12T02:04:08.9028568Z  create mode 100644 .logs/logs-60059222417-2026-01-12.txt
2026-01-12T02:04:21.5906509Z To https://github.com/Boss-1s/scratchattach
2026-01-12T02:04:21.5907099Z    3c202e3..cf97aa4  main -> main
2026-01-12T02:04:21.6020987Z Post job cleanup.
2026-01-12T02:04:21.6782515Z [command]/usr/bin/git version
2026-01-12T02:04:21.6850990Z git version 2.52.0
2026-01-12T02:04:21.6883393Z Copying '/home/runner/.gitconfig' to '/home/runner/work/_temp/a212a8e5-aca6-498f-a11c-6d026be3e4e4/.gitconfig'
2026-01-12T02:04:21.6892721Z Temporarily overriding HOME='/home/runner/work/_temp/a212a8e5-aca6-498f-a11c-6d026be3e4e4' before making global git config changes
2026-01-12T02:04:21.6894198Z Adding repository directory to the temporary git global config as a safe directory
2026-01-12T02:04:21.6899252Z [command]/usr/bin/git config --global --add safe.directory /home/runner/work/scratchattach/scratchattach
2026-01-12T02:04:21.6928776Z Removing SSH command configuration
2026-01-12T02:04:21.6935130Z [command]/usr/bin/git config --local --name-only --get-regexp core\.sshCommand
2026-01-12T02:04:21.6967583Z [command]/usr/bin/git submodule foreach --recursive sh -c "git config --local --name-only --get-regexp 'core\.sshCommand' && git config --local --unset-all 'core.sshCommand' || :"
2026-01-12T02:04:21.7191430Z Removing HTTP extra header
2026-01-12T02:04:21.7196531Z [command]/usr/bin/git config --local --name-only --get-regexp http\.https\:\/\/github\.com\/\.extraheader
2026-01-12T02:04:21.7228401Z [command]/usr/bin/git submodule foreach --recursive sh -c "git config --local --name-only --get-regexp 'http\.https\:\/\/github\.com\/\.extraheader' && git config --local --unset-all 'http.https://github.com/.extraheader' || :"
2026-01-12T02:04:21.7451883Z Removing includeIf entries pointing to credentials config files
2026-01-12T02:04:21.7452449Z [command]/usr/bin/git config --local --name-only --get-regexp ^includeIf\.gitdir:
2026-01-12T02:04:21.7473905Z includeif.gitdir:/home/runner/work/scratchattach/scratchattach/.git.path
2026-01-12T02:04:21.7474796Z includeif.gitdir:/home/runner/work/scratchattach/scratchattach/.git/worktrees/*.path
2026-01-12T02:04:21.7475549Z includeif.gitdir:/github/workspace/.git.path
2026-01-12T02:04:21.7476175Z includeif.gitdir:/github/workspace/.git/worktrees/*.path
2026-01-12T02:04:21.7484352Z [command]/usr/bin/git config --local --get-all includeif.gitdir:/home/runner/work/scratchattach/scratchattach/.git.path
2026-01-12T02:04:21.7505202Z /home/runner/work/_temp/git-credentials-2f26ba7c-50b5-43bb-bc4a-18894edac0f9.config
2026-01-12T02:04:21.7516235Z [command]/usr/bin/git config --local --unset includeif.gitdir:/home/runner/work/scratchattach/scratchattach/.git.path /home/runner/work/_temp/git-credentials-2f26ba7c-50b5-43bb-bc4a-18894edac0f9.config
2026-01-12T02:04:21.7548354Z [command]/usr/bin/git config --local --get-all includeif.gitdir:/home/runner/work/scratchattach/scratchattach/.git/worktrees/*.path
2026-01-12T02:04:21.7569104Z /home/runner/work/_temp/git-credentials-2f26ba7c-50b5-43bb-bc4a-18894edac0f9.config
2026-01-12T02:04:21.7578102Z [command]/usr/bin/git config --local --unset includeif.gitdir:/home/runner/work/scratchattach/scratchattach/.git/worktrees/*.path /home/runner/work/_temp/git-credentials-2f26ba7c-50b5-43bb-bc4a-18894edac0f9.config
2026-01-12T02:04:21.7609401Z [command]/usr/bin/git config --local --get-all includeif.gitdir:/github/workspace/.git.path
2026-01-12T02:04:21.7630205Z /github/runner_temp/git-credentials-2f26ba7c-50b5-43bb-bc4a-18894edac0f9.config
2026-01-12T02:04:21.7638996Z [command]/usr/bin/git config --local --unset includeif.gitdir:/github/workspace/.git.path /github/runner_temp/git-credentials-2f26ba7c-50b5-43bb-bc4a-18894edac0f9.config
2026-01-12T02:04:21.7669453Z [command]/usr/bin/git config --local --get-all includeif.gitdir:/github/workspace/.git/worktrees/*.path
2026-01-12T02:04:21.7689763Z /github/runner_temp/git-credentials-2f26ba7c-50b5-43bb-bc4a-18894edac0f9.config
2026-01-12T02:04:21.7699012Z [command]/usr/bin/git config --local --unset includeif.gitdir:/github/workspace/.git/worktrees/*.path /github/runner_temp/git-credentials-2f26ba7c-50b5-43bb-bc4a-18894edac0f9.config
2026-01-12T02:04:21.7729881Z [command]/usr/bin/git submodule foreach --recursive git config --local --show-origin --name-only --get-regexp remote.origin.url
2026-01-12T02:04:21.7945178Z Removing credentials config '/home/runner/work/_temp/git-credentials-2f26ba7c-50b5-43bb-bc4a-18894edac0f9.config'
2026-01-12T02:04:21.8105143Z Cleaning up orphan processes
