2025-12-25T18:34:28.2672819Z Current runner version: '2.330.0'
2025-12-25T18:34:28.2704308Z ##[group]Runner Image Provisioner
2025-12-25T18:34:28.2705583Z Hosted Compute Agent
2025-12-25T18:34:28.2706559Z Version: 20251211.462
2025-12-25T18:34:28.2707641Z Commit: 6cbad8c2bb55d58165063d031ccabf57e2d2db61
2025-12-25T18:34:28.2708896Z Build Date: 2025-12-11T16:28:49Z
2025-12-25T18:34:28.2710053Z Worker ID: {ed611086-d1dd-4464-a9b7-c20dddbab762}
2025-12-25T18:34:28.2711218Z ##[endgroup]
2025-12-25T18:34:28.2712401Z ##[group]Operating System
2025-12-25T18:34:28.2713502Z Ubuntu
2025-12-25T18:34:28.2714305Z 24.04.3
2025-12-25T18:34:28.2715156Z LTS
2025-12-25T18:34:28.2715906Z ##[endgroup]
2025-12-25T18:34:28.2716941Z ##[group]Runner Image
2025-12-25T18:34:28.2717677Z Image: ubuntu-24.04
2025-12-25T18:34:28.2718205Z Version: 20251215.174.1
2025-12-25T18:34:28.2719307Z Included Software: https://github.com/actions/runner-images/blob/ubuntu24/20251215.174/images/ubuntu/Ubuntu2404-Readme.md
2025-12-25T18:34:28.2720929Z Image Release: https://github.com/actions/runner-images/releases/tag/ubuntu24%2F20251215.174
2025-12-25T18:34:28.2722258Z ##[endgroup]
2025-12-25T18:34:28.2723286Z ##[group]GITHUB_TOKEN Permissions
2025-12-25T18:34:28.2725442Z Contents: read
2025-12-25T18:34:28.2725973Z Metadata: read
2025-12-25T18:34:28.2726485Z ##[endgroup]
2025-12-25T18:34:28.2728558Z Secret source: Actions
2025-12-25T18:34:28.2729242Z Prepare workflow directory
2025-12-25T18:34:28.3192120Z Prepare all required actions
2025-12-25T18:34:28.3248128Z Getting action download info
2025-12-25T18:34:28.6355219Z Download action repository 'actions/checkout@v6.0.1' (SHA:8e8c483db84b4bee98b60c0593521ed34d9990e8)
2025-12-25T18:34:28.7578772Z Download action repository 'actions/setup-python@v6.1.0' (SHA:83679a892e2d95755f2dac6acb0bfd1e9ac5d548)
2025-12-25T18:34:28.9409984Z Complete job name: build (3.14, ubuntu-latest)
2025-12-25T18:34:29.0096812Z ##[group]Run actions/checkout@v6.0.1
2025-12-25T18:34:29.0097688Z with:
2025-12-25T18:34:29.0098057Z   ref: scratch_chat_dev
2025-12-25T18:34:29.0098518Z   repository: Boss-1s/scratchattach
2025-12-25T18:34:29.0099208Z   token: ***
2025-12-25T18:34:29.0099573Z   ssh-strict: true
2025-12-25T18:34:29.0099952Z   ssh-user: git
2025-12-25T18:34:29.0100334Z   persist-credentials: true
2025-12-25T18:34:29.0100762Z   clean: true
2025-12-25T18:34:29.0101141Z   sparse-checkout-cone-mode: true
2025-12-25T18:34:29.0101603Z   fetch-depth: 1
2025-12-25T18:34:29.0102200Z   fetch-tags: false
2025-12-25T18:34:29.0102593Z   show-progress: true
2025-12-25T18:34:29.0102985Z   lfs: false
2025-12-25T18:34:29.0103334Z   submodules: false
2025-12-25T18:34:29.0103724Z   set-safe-directory: true
2025-12-25T18:34:29.0104410Z ##[endgroup]
2025-12-25T18:34:29.1003006Z Syncing repository: Boss-1s/scratchattach
2025-12-25T18:34:29.1004739Z ##[group]Getting Git version info
2025-12-25T18:34:29.1005559Z Working directory is '/home/runner/work/scratchattach/scratchattach'
2025-12-25T18:34:29.1006530Z [command]/usr/bin/git version
2025-12-25T18:34:29.1077665Z git version 2.52.0
2025-12-25T18:34:29.1099014Z ##[endgroup]
2025-12-25T18:34:29.1112980Z Temporarily overriding HOME='/home/runner/work/_temp/62e28021-1307-411a-806e-03bb082dcf65' before making global git config changes
2025-12-25T18:34:29.1114381Z Adding repository directory to the temporary git global config as a safe directory
2025-12-25T18:34:29.1118074Z [command]/usr/bin/git config --global --add safe.directory /home/runner/work/scratchattach/scratchattach
2025-12-25T18:34:29.1156282Z Deleting the contents of '/home/runner/work/scratchattach/scratchattach'
2025-12-25T18:34:29.1159714Z ##[group]Initializing the repository
2025-12-25T18:34:29.1164344Z [command]/usr/bin/git init /home/runner/work/scratchattach/scratchattach
2025-12-25T18:34:29.1282578Z hint: Using 'master' as the name for the initial branch. This default branch name
2025-12-25T18:34:29.1283769Z hint: will change to "main" in Git 3.0. To configure the initial branch name
2025-12-25T18:34:29.1284657Z hint: to use in all of your new repositories, which will suppress this warning,
2025-12-25T18:34:29.1285608Z hint: call:
2025-12-25T18:34:29.1286315Z hint:
2025-12-25T18:34:29.1287061Z hint: 	git config --global init.defaultBranch <name>
2025-12-25T18:34:29.1287711Z hint:
2025-12-25T18:34:29.1288413Z hint: Names commonly chosen instead of 'master' are 'main', 'trunk' and
2025-12-25T18:34:29.1289645Z hint: 'development'. The just-created branch can be renamed via this command:
2025-12-25T18:34:29.1290348Z hint:
2025-12-25T18:34:29.1290774Z hint: 	git branch -m <name>
2025-12-25T18:34:29.1291203Z hint:
2025-12-25T18:34:29.1292367Z hint: Disable this message with "git config set advice.defaultBranchName false"
2025-12-25T18:34:29.1293396Z Initialized empty Git repository in /home/runner/work/scratchattach/scratchattach/.git/
2025-12-25T18:34:29.1297011Z [command]/usr/bin/git remote add origin https://github.com/Boss-1s/scratchattach
2025-12-25T18:34:29.1383205Z ##[endgroup]
2025-12-25T18:34:29.1383914Z ##[group]Disabling automatic garbage collection
2025-12-25T18:34:29.1386695Z [command]/usr/bin/git config --local gc.auto 0
2025-12-25T18:34:29.1413212Z ##[endgroup]
2025-12-25T18:34:29.1413876Z ##[group]Setting up auth
2025-12-25T18:34:29.1414629Z Removing SSH command configuration
2025-12-25T18:34:29.1420405Z [command]/usr/bin/git config --local --name-only --get-regexp core\.sshCommand
2025-12-25T18:34:29.1450832Z [command]/usr/bin/git submodule foreach --recursive sh -c "git config --local --name-only --get-regexp 'core\.sshCommand' && git config --local --unset-all 'core.sshCommand' || :"
2025-12-25T18:34:29.1793855Z Removing HTTP extra header
2025-12-25T18:34:29.1798127Z [command]/usr/bin/git config --local --name-only --get-regexp http\.https\:\/\/github\.com\/\.extraheader
2025-12-25T18:34:29.1827599Z [command]/usr/bin/git submodule foreach --recursive sh -c "git config --local --name-only --get-regexp 'http\.https\:\/\/github\.com\/\.extraheader' && git config --local --unset-all 'http.https://github.com/.extraheader' || :"
2025-12-25T18:34:29.2036525Z Removing includeIf entries pointing to credentials config files
2025-12-25T18:34:29.2042248Z [command]/usr/bin/git config --local --name-only --get-regexp ^includeIf\.gitdir:
2025-12-25T18:34:29.2072375Z [command]/usr/bin/git submodule foreach --recursive git config --local --show-origin --name-only --get-regexp remote.origin.url
2025-12-25T18:34:29.2290104Z [command]/usr/bin/git config --file /home/runner/work/_temp/git-credentials-1dde6525-47e5-4c0d-91dd-cb34c17b41d5.config http.https://github.com/.extraheader AUTHORIZATION: basic ***
2025-12-25T18:34:29.2326851Z [command]/usr/bin/git config --local includeIf.gitdir:/home/runner/work/scratchattach/scratchattach/.git.path /home/runner/work/_temp/git-credentials-1dde6525-47e5-4c0d-91dd-cb34c17b41d5.config
2025-12-25T18:34:29.2356656Z [command]/usr/bin/git config --local includeIf.gitdir:/home/runner/work/scratchattach/scratchattach/.git/worktrees/*.path /home/runner/work/_temp/git-credentials-1dde6525-47e5-4c0d-91dd-cb34c17b41d5.config
2025-12-25T18:34:29.2386357Z [command]/usr/bin/git config --local includeIf.gitdir:/github/workspace/.git.path /github/runner_temp/git-credentials-1dde6525-47e5-4c0d-91dd-cb34c17b41d5.config
2025-12-25T18:34:29.2418918Z [command]/usr/bin/git config --local includeIf.gitdir:/github/workspace/.git/worktrees/*.path /github/runner_temp/git-credentials-1dde6525-47e5-4c0d-91dd-cb34c17b41d5.config
2025-12-25T18:34:29.2449714Z ##[endgroup]
2025-12-25T18:34:29.2450980Z ##[group]Fetching the repository
2025-12-25T18:34:29.2462271Z [command]/usr/bin/git -c protocol.version=2 fetch --no-tags --prune --no-recurse-submodules --depth=1 origin +refs/heads/scratch_chat_dev*:refs/remotes/origin/scratch_chat_dev* +refs/tags/scratch_chat_dev*:refs/tags/scratch_chat_dev*
2025-12-25T18:34:32.0450164Z From https://github.com/Boss-1s/scratchattach
2025-12-25T18:34:32.0451258Z  * [new branch]      scratch_chat_dev -> origin/scratch_chat_dev
2025-12-25T18:34:32.0484633Z ##[endgroup]
2025-12-25T18:34:32.0485839Z ##[group]Determining the checkout info
2025-12-25T18:34:32.0491327Z [command]/usr/bin/git branch --list --remote origin/scratch_chat_dev
2025-12-25T18:34:32.0523621Z   origin/scratch_chat_dev
2025-12-25T18:34:32.0529713Z ##[endgroup]
2025-12-25T18:34:32.0534173Z [command]/usr/bin/git sparse-checkout disable
2025-12-25T18:34:32.0579684Z [command]/usr/bin/git config --local --unset-all extensions.worktreeConfig
2025-12-25T18:34:32.0609190Z ##[group]Checking out the ref
2025-12-25T18:34:32.0614814Z [command]/usr/bin/git checkout --progress --force -B scratch_chat_dev refs/remotes/origin/scratch_chat_dev
2025-12-25T18:34:32.7313133Z Switched to a new branch 'scratch_chat_dev'
2025-12-25T18:34:32.7314345Z branch 'scratch_chat_dev' set up to track 'origin/scratch_chat_dev'.
2025-12-25T18:34:32.7372722Z ##[endgroup]
2025-12-25T18:34:32.7411703Z [command]/usr/bin/git log -1 --format=%H
2025-12-25T18:34:32.7435432Z f26b60aecc760d5272d36d182f68367aa02c71e2
2025-12-25T18:34:32.7659992Z ##[group]Run actions/setup-python@v6.1.0
2025-12-25T18:34:32.7660344Z with:
2025-12-25T18:34:32.7660581Z   python-version: 3.14
2025-12-25T18:34:32.7660827Z   check-latest: false
2025-12-25T18:34:32.7661205Z   token: ***
2025-12-25T18:34:32.7661439Z   update-environment: true
2025-12-25T18:34:32.7661691Z   allow-prereleases: false
2025-12-25T18:34:32.7662118Z   freethreaded: false
2025-12-25T18:34:32.7662344Z ##[endgroup]
2025-12-25T18:34:32.8938798Z ##[group]Installed versions
2025-12-25T18:34:32.9038235Z (node:2119) [DEP0040] DeprecationWarning: The `punycode` module is deprecated. Please use a userland alternative instead.
2025-12-25T18:34:32.9039031Z (Use `node --trace-deprecation ...` to show where the warning was created)
2025-12-25T18:34:32.9039643Z Successfully set up CPython (3.14.2)
2025-12-25T18:34:32.9040459Z ##[endgroup]
2025-12-25T18:34:32.9174338Z ##[group]Run cd test
2025-12-25T18:34:32.9174711Z [36;1mcd test[0m
2025-12-25T18:34:32.9174951Z [36;1mpython3 test5.py[0m
2025-12-25T18:34:32.9224514Z shell: /usr/bin/bash -e {0}
2025-12-25T18:34:32.9224830Z env:
2025-12-25T18:34:32.9225139Z   pythonLocation: /opt/hostedtoolcache/Python/3.14.2/x64
2025-12-25T18:34:32.9225618Z   PKG_CONFIG_PATH: /opt/hostedtoolcache/Python/3.14.2/x64/lib/pkgconfig
2025-12-25T18:34:32.9226057Z   Python_ROOT_DIR: /opt/hostedtoolcache/Python/3.14.2/x64
2025-12-25T18:34:32.9226439Z   Python2_ROOT_DIR: /opt/hostedtoolcache/Python/3.14.2/x64
2025-12-25T18:34:32.9226826Z   Python3_ROOT_DIR: /opt/hostedtoolcache/Python/3.14.2/x64
2025-12-25T18:34:32.9227200Z   LD_LIBRARY_PATH: /opt/hostedtoolcache/Python/3.14.2/x64/lib
2025-12-25T18:34:32.9227540Z ##[endgroup]
2025-12-25T18:34:33.0078059Z Traceback (most recent call last):
2025-12-25T18:34:33.0085478Z   File "/home/runner/work/scratchattach/scratchattach/test/test5.py", line 8, in <module>
2025-12-25T18:34:33.0086216Z     from key_multivalue_storage import Storage as s
2025-12-25T18:34:33.0086874Z   File "/home/runner/work/scratchattach/scratchattach/key_multivalue_storage.py", line 214
2025-12-25T18:34:33.0087383Z     if ".json" not in file_path:
2025-12-25T18:34:33.0087762Z TabError: inconsistent use of tabs and spaces in indentation
2025-12-25T18:34:33.0155150Z ##[error]Process completed with exit code 1.
2025-12-25T18:34:33.0258403Z Post job cleanup.
2025-12-25T18:34:33.1010969Z [command]/usr/bin/git version
2025-12-25T18:34:33.1078403Z git version 2.52.0
2025-12-25T18:34:33.1114515Z Temporarily overriding HOME='/home/runner/work/_temp/7deec20d-1c33-4e13-95e3-28e66d77ca1d' before making global git config changes
2025-12-25T18:34:33.1115880Z Adding repository directory to the temporary git global config as a safe directory
2025-12-25T18:34:33.1119516Z [command]/usr/bin/git config --global --add safe.directory /home/runner/work/scratchattach/scratchattach
2025-12-25T18:34:33.1148986Z Removing SSH command configuration
2025-12-25T18:34:33.1155617Z [command]/usr/bin/git config --local --name-only --get-regexp core\.sshCommand
2025-12-25T18:34:33.1189375Z [command]/usr/bin/git submodule foreach --recursive sh -c "git config --local --name-only --get-regexp 'core\.sshCommand' && git config --local --unset-all 'core.sshCommand' || :"
2025-12-25T18:34:33.1414629Z Removing HTTP extra header
2025-12-25T18:34:33.1419028Z [command]/usr/bin/git config --local --name-only --get-regexp http\.https\:\/\/github\.com\/\.extraheader
2025-12-25T18:34:33.1457954Z [command]/usr/bin/git submodule foreach --recursive sh -c "git config --local --name-only --get-regexp 'http\.https\:\/\/github\.com\/\.extraheader' && git config --local --unset-all 'http.https://github.com/.extraheader' || :"
2025-12-25T18:34:33.1673456Z Removing includeIf entries pointing to credentials config files
2025-12-25T18:34:33.1679058Z [command]/usr/bin/git config --local --name-only --get-regexp ^includeIf\.gitdir:
2025-12-25T18:34:33.1701003Z includeif.gitdir:/home/runner/work/scratchattach/scratchattach/.git.path
2025-12-25T18:34:33.1702142Z includeif.gitdir:/home/runner/work/scratchattach/scratchattach/.git/worktrees/*.path
2025-12-25T18:34:33.1703145Z includeif.gitdir:/github/workspace/.git.path
2025-12-25T18:34:33.1703959Z includeif.gitdir:/github/workspace/.git/worktrees/*.path
2025-12-25T18:34:33.1711309Z [command]/usr/bin/git config --local --get-all includeif.gitdir:/home/runner/work/scratchattach/scratchattach/.git.path
2025-12-25T18:34:33.1732812Z /home/runner/work/_temp/git-credentials-1dde6525-47e5-4c0d-91dd-cb34c17b41d5.config
2025-12-25T18:34:33.1743181Z [command]/usr/bin/git config --local --unset includeif.gitdir:/home/runner/work/scratchattach/scratchattach/.git.path /home/runner/work/_temp/git-credentials-1dde6525-47e5-4c0d-91dd-cb34c17b41d5.config
2025-12-25T18:34:33.1775481Z [command]/usr/bin/git config --local --get-all includeif.gitdir:/home/runner/work/scratchattach/scratchattach/.git/worktrees/*.path
2025-12-25T18:34:33.1796485Z /home/runner/work/_temp/git-credentials-1dde6525-47e5-4c0d-91dd-cb34c17b41d5.config
2025-12-25T18:34:33.1865656Z [command]/usr/bin/git config --local --unset includeif.gitdir:/home/runner/work/scratchattach/scratchattach/.git/worktrees/*.path /home/runner/work/_temp/git-credentials-1dde6525-47e5-4c0d-91dd-cb34c17b41d5.config
2025-12-25T18:34:33.1868247Z [command]/usr/bin/git config --local --get-all includeif.gitdir:/github/workspace/.git.path
2025-12-25T18:34:33.1869276Z /github/runner_temp/git-credentials-1dde6525-47e5-4c0d-91dd-cb34c17b41d5.config
2025-12-25T18:34:33.1871527Z [command]/usr/bin/git config --local --unset includeif.gitdir:/github/workspace/.git.path /github/runner_temp/git-credentials-1dde6525-47e5-4c0d-91dd-cb34c17b41d5.config
2025-12-25T18:34:33.1898673Z [command]/usr/bin/git config --local --get-all includeif.gitdir:/github/workspace/.git/worktrees/*.path
2025-12-25T18:34:33.1919709Z /github/runner_temp/git-credentials-1dde6525-47e5-4c0d-91dd-cb34c17b41d5.config
2025-12-25T18:34:33.1928918Z [command]/usr/bin/git config --local --unset includeif.gitdir:/github/workspace/.git/worktrees/*.path /github/runner_temp/git-credentials-1dde6525-47e5-4c0d-91dd-cb34c17b41d5.config
2025-12-25T18:34:33.1959555Z [command]/usr/bin/git submodule foreach --recursive git config --local --show-origin --name-only --get-regexp remote.origin.url
2025-12-25T18:34:33.2180173Z Removing credentials config '/home/runner/work/_temp/git-credentials-1dde6525-47e5-4c0d-91dd-cb34c17b41d5.config'
2025-12-25T18:34:33.2299285Z Cleaning up orphan processes
