2025-08-30T12:20:23.4252900Z Current runner version: '2.328.0'
2025-08-30T12:20:23.4285339Z ##[group]Runner Image Provisioner
2025-08-30T12:20:23.4286534Z Hosted Compute Agent
2025-08-30T12:20:23.4287361Z Version: 20250821.380
2025-08-30T12:20:23.4288688Z Commit: 438d12cb4fe092871db9867344e3bc0bc5319035
2025-08-30T12:20:23.4289836Z Build Date: 2025-08-21T20:49:43Z
2025-08-30T12:20:23.4290735Z ##[endgroup]
2025-08-30T12:20:23.4291634Z ##[group]Operating System
2025-08-30T12:20:23.4292574Z Ubuntu
2025-08-30T12:20:23.4293381Z 24.04.3
2025-08-30T12:20:23.4294056Z LTS
2025-08-30T12:20:23.4294835Z ##[endgroup]
2025-08-30T12:20:23.4295734Z ##[group]Runner Image
2025-08-30T12:20:23.4296585Z Image: ubuntu-24.04
2025-08-30T12:20:23.4297368Z Version: 20250824.1.0
2025-08-30T12:20:23.4299427Z Included Software: https://github.com/actions/runner-images/blob/ubuntu24/20250824.1/images/ubuntu/Ubuntu2404-Readme.md
2025-08-30T12:20:23.4302058Z Image Release: https://github.com/actions/runner-images/releases/tag/ubuntu24%2F20250824.1
2025-08-30T12:20:23.4303769Z ##[endgroup]
2025-08-30T12:20:23.4305366Z ##[group]GITHUB_TOKEN Permissions
2025-08-30T12:20:23.4308019Z Contents: write
2025-08-30T12:20:23.4308971Z Metadata: read
2025-08-30T12:20:23.4309802Z ##[endgroup]
2025-08-30T12:20:23.4312721Z Secret source: Actions
2025-08-30T12:20:23.4313778Z Prepare workflow directory
2025-08-30T12:20:23.4770485Z Prepare all required actions
2025-08-30T12:20:23.4825516Z Getting action download info
2025-08-30T12:20:23.7594869Z Download action repository 'actions/checkout@v5' (SHA:08c6903cd8c0fde910a37f88322edcfb5dd907a8)
2025-08-30T12:20:23.8461909Z Download action repository 'actions/setup-python@v5.6.0' (SHA:a26af69be951a213d495a4c3e4e4022e16d87065)
2025-08-30T12:20:23.9661539Z Download action repository 'bossOfCode/install-scratchattach@v1.0.3' (SHA:be17a7cf1ecb5a7040eb42ef26c2e1fbe72bb25a)
2025-08-30T12:20:24.2892952Z Complete job name: Run Prioritzing Handler
2025-08-30T12:20:24.3560515Z ##[group]Run actions/checkout@v5
2025-08-30T12:20:24.3561354Z with:
2025-08-30T12:20:24.3561755Z   ref: main
2025-08-30T12:20:24.3562153Z   repository: Boss-1s/scratchattach
2025-08-30T12:20:24.3562795Z   token: ***
2025-08-30T12:20:24.3563180Z   ssh-strict: true
2025-08-30T12:20:24.3563571Z   ssh-user: git
2025-08-30T12:20:24.3563963Z   persist-credentials: true
2025-08-30T12:20:24.3564401Z   clean: true
2025-08-30T12:20:24.3564798Z   sparse-checkout-cone-mode: true
2025-08-30T12:20:24.3565278Z   fetch-depth: 1
2025-08-30T12:20:24.3565673Z   fetch-tags: false
2025-08-30T12:20:24.3566075Z   show-progress: true
2025-08-30T12:20:24.3566485Z   lfs: false
2025-08-30T12:20:24.3566850Z   submodules: false
2025-08-30T12:20:24.3567247Z   set-safe-directory: true
2025-08-30T12:20:24.3568080Z ##[endgroup]
2025-08-30T12:20:24.4548199Z Syncing repository: Boss-1s/scratchattach
2025-08-30T12:20:24.4550970Z ##[group]Getting Git version info
2025-08-30T12:20:24.4552396Z Working directory is '/home/runner/work/scratchattach/scratchattach'
2025-08-30T12:20:24.4554179Z [command]/usr/bin/git version
2025-08-30T12:20:24.4555094Z git version 2.51.0
2025-08-30T12:20:24.4570200Z ##[endgroup]
2025-08-30T12:20:24.4582562Z Temporarily overriding HOME='/home/runner/work/_temp/d3906705-fdc4-4378-8d73-3d5beec923c1' before making global git config changes
2025-08-30T12:20:24.4586525Z Adding repository directory to the temporary git global config as a safe directory
2025-08-30T12:20:24.4590338Z [command]/usr/bin/git config --global --add safe.directory /home/runner/work/scratchattach/scratchattach
2025-08-30T12:20:24.4626390Z Deleting the contents of '/home/runner/work/scratchattach/scratchattach'
2025-08-30T12:20:24.4630193Z ##[group]Initializing the repository
2025-08-30T12:20:24.4634636Z [command]/usr/bin/git init /home/runner/work/scratchattach/scratchattach
2025-08-30T12:20:24.4693317Z hint: Using 'master' as the name for the initial branch. This default branch name
2025-08-30T12:20:24.4694870Z hint: is subject to change. To configure the initial branch name to use in all
2025-08-30T12:20:24.4696301Z hint: of your new repositories, which will suppress this warning, call:
2025-08-30T12:20:24.4697265Z hint:
2025-08-30T12:20:24.4698241Z hint: 	git config --global init.defaultBranch <name>
2025-08-30T12:20:24.4699057Z hint:
2025-08-30T12:20:24.4699599Z hint: Names commonly chosen instead of 'master' are 'main', 'trunk' and
2025-08-30T12:20:24.4700455Z hint: 'development'. The just-created branch can be renamed via this command:
2025-08-30T12:20:24.4701275Z hint:
2025-08-30T12:20:24.4701909Z hint: 	git branch -m <name>
2025-08-30T12:20:24.4702372Z hint:
2025-08-30T12:20:24.4702938Z hint: Disable this message with "git config set advice.defaultBranchName false"
2025-08-30T12:20:24.4703900Z Initialized empty Git repository in /home/runner/work/scratchattach/scratchattach/.git/
2025-08-30T12:20:24.4707038Z [command]/usr/bin/git remote add origin https://github.com/Boss-1s/scratchattach
2025-08-30T12:20:24.4742510Z ##[endgroup]
2025-08-30T12:20:24.4743724Z ##[group]Disabling automatic garbage collection
2025-08-30T12:20:24.4746830Z [command]/usr/bin/git config --local gc.auto 0
2025-08-30T12:20:24.4774490Z ##[endgroup]
2025-08-30T12:20:24.4776261Z ##[group]Setting up auth
2025-08-30T12:20:24.4781634Z [command]/usr/bin/git config --local --name-only --get-regexp core\.sshCommand
2025-08-30T12:20:24.4811814Z [command]/usr/bin/git submodule foreach --recursive sh -c "git config --local --name-only --get-regexp 'core\.sshCommand' && git config --local --unset-all 'core.sshCommand' || :"
2025-08-30T12:20:24.5073711Z [command]/usr/bin/git config --local --name-only --get-regexp http\.https\:\/\/github\.com\/\.extraheader
2025-08-30T12:20:24.5107398Z [command]/usr/bin/git submodule foreach --recursive sh -c "git config --local --name-only --get-regexp 'http\.https\:\/\/github\.com\/\.extraheader' && git config --local --unset-all 'http.https://github.com/.extraheader' || :"
2025-08-30T12:20:24.5332922Z [command]/usr/bin/git config --local http.https://github.com/.extraheader AUTHORIZATION: basic ***
2025-08-30T12:20:24.5372035Z ##[endgroup]
2025-08-30T12:20:24.5385898Z ##[group]Fetching the repository
2025-08-30T12:20:24.5387302Z [command]/usr/bin/git -c protocol.version=2 fetch --no-tags --prune --no-recurse-submodules --depth=1 origin +refs/heads/main*:refs/remotes/origin/main* +refs/tags/main*:refs/tags/main*
2025-08-30T12:20:24.8332891Z From https://github.com/Boss-1s/scratchattach
2025-08-30T12:20:24.8334227Z  * [new branch]      main       -> origin/main
2025-08-30T12:20:24.8364433Z ##[endgroup]
2025-08-30T12:20:24.8368212Z ##[group]Determining the checkout info
2025-08-30T12:20:24.8373011Z [command]/usr/bin/git branch --list --remote origin/main
2025-08-30T12:20:24.8397163Z   origin/main
2025-08-30T12:20:24.8403825Z ##[endgroup]
2025-08-30T12:20:24.8409008Z [command]/usr/bin/git sparse-checkout disable
2025-08-30T12:20:24.8445549Z [command]/usr/bin/git config --local --unset-all extensions.worktreeConfig
2025-08-30T12:20:24.8474602Z ##[group]Checking out the ref
2025-08-30T12:20:24.8478099Z [command]/usr/bin/git checkout --progress --force -B main refs/remotes/origin/main
2025-08-30T12:20:24.8727184Z Switched to a new branch 'main'
2025-08-30T12:20:24.8729854Z branch 'main' set up to track 'origin/main'.
2025-08-30T12:20:24.8736359Z ##[endgroup]
2025-08-30T12:20:24.8775037Z [command]/usr/bin/git log -1 --format=%H
2025-08-30T12:20:24.8799526Z 944d135f6e88c6740b07f4b30b36b0af64714671
2025-08-30T12:20:24.9102613Z ##[group]Run actions/setup-python@v5.6.0
2025-08-30T12:20:24.9103918Z with:
2025-08-30T12:20:24.9104767Z   python-version: 3.12.5
2025-08-30T12:20:24.9105807Z   check-latest: false
2025-08-30T12:20:24.9107064Z   token: ***
2025-08-30T12:20:24.9108159Z   update-environment: true
2025-08-30T12:20:24.9109236Z   allow-prereleases: false
2025-08-30T12:20:24.9110259Z   freethreaded: false
2025-08-30T12:20:24.9111201Z ##[endgroup]
2025-08-30T12:20:25.0822013Z ##[group]Installed versions
2025-08-30T12:20:25.0841699Z Version 3.12.5 was not found in the local cache
2025-08-30T12:20:25.4546348Z Version 3.12.5 is available for downloading
2025-08-30T12:20:25.4548475Z Download from "https://github.com/actions/python-versions/releases/download/3.12.5-10375840348/python-3.12.5-linux-24.04-x64.tar.gz"
2025-08-30T12:20:26.1785143Z Extract downloaded archive
2025-08-30T12:20:26.1886552Z [command]/usr/bin/tar xz --warning=no-unknown-keyword --overwrite -C /home/runner/work/_temp/c727be6b-a387-49b1-89de-c97548b0366e -f /home/runner/work/_temp/e966b123-b5a5-4cf4-93ab-3ff236568feb
2025-08-30T12:20:28.1701135Z Execute installation script
2025-08-30T12:20:28.1791531Z Check if Python hostedtoolcache folder exist...
2025-08-30T12:20:28.1792398Z Create Python 3.12.5 folder
2025-08-30T12:20:28.1808037Z Copy Python binaries to hostedtoolcache folder
2025-08-30T12:20:28.7422063Z Create additional symlinks (Required for the UsePythonVersion Azure Pipelines task and the setup-python GitHub Action)
2025-08-30T12:20:28.7464762Z Upgrading pip...
2025-08-30T12:20:30.7314942Z Looking in links: /tmp/tmpzbooxjs1
2025-08-30T12:20:30.7318832Z Requirement already satisfied: pip in /opt/hostedtoolcache/Python/3.12.5/x64/lib/python3.12/site-packages (24.2)
2025-08-30T12:20:31.8442904Z Collecting pip
2025-08-30T12:20:31.8944907Z Downloading pip-25.2-py3-none-any.whl.metadata (4.7 kB)
2025-08-30T12:20:31.9025289Z Downloading pip-25.2-py3-none-any.whl (1.8 MB)
2025-08-30T12:20:31.9352292Z ━━━━━━━━━━━━━━━━━━━━━━━━━━━━━━━━━━━━━━━━ 1.8/1.8 MB 86.3 MB/s eta 0:00:00
2025-08-30T12:20:31.9352627Z 
2025-08-30T12:20:31.9546108Z Installing collected packages: pip
2025-08-30T12:20:31.9548573Z Attempting uninstall: pip
2025-08-30T12:20:31.9569738Z Found existing installation: pip 24.2
2025-08-30T12:20:31.9996764Z Uninstalling pip-24.2:
2025-08-30T12:20:32.0085831Z Successfully uninstalled pip-24.2
2025-08-30T12:20:32.8803961Z Successfully installed pip-25.2
2025-08-30T12:20:32.9330016Z Create complete file
2025-08-30T12:20:32.9363029Z Successfully set up CPython (3.12.5)
2025-08-30T12:20:32.9450513Z ##[endgroup]
2025-08-30T12:20:32.9524690Z ##[group]Run bossOfCode/install-scratchattach@v1.0.3
2025-08-30T12:20:32.9525047Z env:
2025-08-30T12:20:32.9525294Z   pythonLocation: /opt/hostedtoolcache/Python/3.12.5/x64
2025-08-30T12:20:32.9525711Z   PKG_CONFIG_PATH: /opt/hostedtoolcache/Python/3.12.5/x64/lib/pkgconfig
2025-08-30T12:20:32.9526095Z   Python_ROOT_DIR: /opt/hostedtoolcache/Python/3.12.5/x64
2025-08-30T12:20:32.9526425Z   Python2_ROOT_DIR: /opt/hostedtoolcache/Python/3.12.5/x64
2025-08-30T12:20:32.9526779Z   Python3_ROOT_DIR: /opt/hostedtoolcache/Python/3.12.5/x64
2025-08-30T12:20:32.9527130Z   LD_LIBRARY_PATH: /opt/hostedtoolcache/Python/3.12.5/x64/lib
2025-08-30T12:20:32.9527434Z ##[endgroup]
2025-08-30T12:20:32.9604157Z ##[group]Run python3 -m pip install --upgrade pip
2025-08-30T12:20:32.9604574Z [36;1mpython3 -m pip install --upgrade pip[0m
2025-08-30T12:20:32.9654978Z shell: /usr/bin/bash --noprofile --norc -e -o pipefail {0}
2025-08-30T12:20:32.9655345Z env:
2025-08-30T12:20:32.9655638Z   pythonLocation: /opt/hostedtoolcache/Python/3.12.5/x64
2025-08-30T12:20:32.9656051Z   PKG_CONFIG_PATH: /opt/hostedtoolcache/Python/3.12.5/x64/lib/pkgconfig
2025-08-30T12:20:32.9656497Z   Python_ROOT_DIR: /opt/hostedtoolcache/Python/3.12.5/x64
2025-08-30T12:20:32.9656844Z   Python2_ROOT_DIR: /opt/hostedtoolcache/Python/3.12.5/x64
2025-08-30T12:20:32.9657184Z   Python3_ROOT_DIR: /opt/hostedtoolcache/Python/3.12.5/x64
2025-08-30T12:20:32.9657523Z   LD_LIBRARY_PATH: /opt/hostedtoolcache/Python/3.12.5/x64/lib
2025-08-30T12:20:32.9657967Z ##[endgroup]
2025-08-30T12:20:33.3547410Z Requirement already satisfied: pip in /opt/hostedtoolcache/Python/3.12.5/x64/lib/python3.12/site-packages (25.2)
2025-08-30T12:20:33.5371086Z ##[group]Run pip install -U scratchattach
2025-08-30T12:20:33.5371421Z [36;1mpip install -U scratchattach[0m
2025-08-30T12:20:33.5403468Z shell: /usr/bin/bash --noprofile --norc -e -o pipefail {0}
2025-08-30T12:20:33.5403799Z env:
2025-08-30T12:20:33.5404061Z   pythonLocation: /opt/hostedtoolcache/Python/3.12.5/x64
2025-08-30T12:20:33.5404467Z   PKG_CONFIG_PATH: /opt/hostedtoolcache/Python/3.12.5/x64/lib/pkgconfig
2025-08-30T12:20:33.5405082Z   Python_ROOT_DIR: /opt/hostedtoolcache/Python/3.12.5/x64
2025-08-30T12:20:33.5405432Z   Python2_ROOT_DIR: /opt/hostedtoolcache/Python/3.12.5/x64
2025-08-30T12:20:33.5405777Z   Python3_ROOT_DIR: /opt/hostedtoolcache/Python/3.12.5/x64
2025-08-30T12:20:33.5406127Z   LD_LIBRARY_PATH: /opt/hostedtoolcache/Python/3.12.5/x64/lib
2025-08-30T12:20:33.5406415Z ##[endgroup]
2025-08-30T12:20:33.9866986Z Collecting scratchattach
2025-08-30T12:20:34.0204278Z   Downloading scratchattach-2.1.13-py3-none-any.whl.metadata (5.5 kB)
2025-08-30T12:20:34.0414905Z Collecting websocket-client (from scratchattach)
2025-08-30T12:20:34.0448772Z   Downloading websocket_client-1.8.0-py3-none-any.whl.metadata (8.0 kB)
2025-08-30T12:20:34.0752677Z Collecting requests (from scratchattach)
2025-08-30T12:20:34.0785946Z   Downloading requests-2.32.5-py3-none-any.whl.metadata (4.9 kB)
2025-08-30T12:20:34.0892179Z Collecting bs4 (from scratchattach)
2025-08-30T12:20:34.0929738Z   Downloading bs4-0.0.2-py2.py3-none-any.whl.metadata (411 bytes)
2025-08-30T12:20:34.1070957Z Collecting SimpleWebSocketServer (from scratchattach)
2025-08-30T12:20:34.1112178Z   Downloading SimpleWebSocketServer-0.1.2.tar.gz (10 kB)
2025-08-30T12:20:34.1194499Z   Installing build dependencies: started
2025-08-30T12:20:34.8751527Z   Installing build dependencies: finished with status 'done'
2025-08-30T12:20:34.8758976Z   Getting requirements to build wheel: started
2025-08-30T12:20:35.2281201Z   Getting requirements to build wheel: finished with status 'done'
2025-08-30T12:20:35.2289918Z   Preparing metadata (pyproject.toml): started
2025-08-30T12:20:35.4125321Z   Preparing metadata (pyproject.toml): finished with status 'done'
2025-08-30T12:20:35.4292050Z Collecting typing-extensions (from scratchattach)
2025-08-30T12:20:35.4326529Z   Downloading typing_extensions-4.15.0-py3-none-any.whl.metadata (3.3 kB)
2025-08-30T12:20:35.4498606Z Collecting beautifulsoup4 (from bs4->scratchattach)
2025-08-30T12:20:35.4532792Z   Downloading beautifulsoup4-4.13.5-py3-none-any.whl.metadata (3.8 kB)
2025-08-30T12:20:35.4718321Z Collecting soupsieve>1.2 (from beautifulsoup4->bs4->scratchattach)
2025-08-30T12:20:35.4752525Z   Downloading soupsieve-2.8-py3-none-any.whl.metadata (4.6 kB)
2025-08-30T12:20:35.5734061Z Collecting charset_normalizer<4,>=2 (from requests->scratchattach)
2025-08-30T12:20:35.5768941Z   Downloading charset_normalizer-3.4.3-cp312-cp312-manylinux2014_x86_64.manylinux_2_17_x86_64.manylinux_2_28_x86_64.whl.metadata (36 kB)
2025-08-30T12:20:35.5939537Z Collecting idna<4,>=2.5 (from requests->scratchattach)
2025-08-30T12:20:35.5971415Z   Downloading idna-3.10-py3-none-any.whl.metadata (10 kB)
2025-08-30T12:20:35.6258074Z Collecting urllib3<3,>=1.21.1 (from requests->scratchattach)
2025-08-30T12:20:35.6295069Z   Downloading urllib3-2.5.0-py3-none-any.whl.metadata (6.5 kB)
2025-08-30T12:20:35.6511942Z Collecting certifi>=2017.4.17 (from requests->scratchattach)
2025-08-30T12:20:35.6546065Z   Downloading certifi-2025.8.3-py3-none-any.whl.metadata (2.4 kB)
2025-08-30T12:20:35.6649944Z Downloading scratchattach-2.1.13-py3-none-any.whl (141 kB)
2025-08-30T12:20:35.6715852Z Downloading bs4-0.0.2-py2.py3-none-any.whl (1.2 kB)
2025-08-30T12:20:35.6765835Z Downloading beautifulsoup4-4.13.5-py3-none-any.whl (105 kB)
2025-08-30T12:20:35.6819967Z Downloading soupsieve-2.8-py3-none-any.whl (36 kB)
2025-08-30T12:20:35.6871348Z Downloading typing_extensions-4.15.0-py3-none-any.whl (44 kB)
2025-08-30T12:20:35.6922479Z Downloading requests-2.32.5-py3-none-any.whl (64 kB)
2025-08-30T12:20:35.6974342Z Downloading charset_normalizer-3.4.3-cp312-cp312-manylinux2014_x86_64.manylinux_2_17_x86_64.manylinux_2_28_x86_64.whl (151 kB)
2025-08-30T12:20:35.7031616Z Downloading idna-3.10-py3-none-any.whl (70 kB)
2025-08-30T12:20:35.7084206Z Downloading urllib3-2.5.0-py3-none-any.whl (129 kB)
2025-08-30T12:20:35.7137138Z Downloading certifi-2025.8.3-py3-none-any.whl (161 kB)
2025-08-30T12:20:35.7194391Z Downloading websocket_client-1.8.0-py3-none-any.whl (58 kB)
2025-08-30T12:20:35.7328628Z Building wheels for collected packages: SimpleWebSocketServer
2025-08-30T12:20:35.7338548Z   Building wheel for SimpleWebSocketServer (pyproject.toml): started
2025-08-30T12:20:35.9549414Z   Building wheel for SimpleWebSocketServer (pyproject.toml): finished with status 'done'
2025-08-30T12:20:35.9554273Z   Created wheel for SimpleWebSocketServer: filename=simplewebsocketserver-0.1.2-py3-none-any.whl size=9715 sha256=ec78443bdb8ca24929186d276a03ae61047ea5167f4a4364f7a034775eead1e4
2025-08-30T12:20:35.9556033Z   Stored in directory: /home/runner/.cache/pip/wheels/81/fd/d8/f145b47bedceb5dff96b76e404a4ee9be956a4f8f150cd8133
2025-08-30T12:20:35.9574803Z Successfully built SimpleWebSocketServer
2025-08-30T12:20:35.9746907Z Installing collected packages: SimpleWebSocketServer, websocket-client, urllib3, typing-extensions, soupsieve, idna, charset_normalizer, certifi, requests, beautifulsoup4, bs4, scratchattach
2025-08-30T12:20:36.5508409Z 
2025-08-30T12:20:36.5528621Z Successfully installed SimpleWebSocketServer-0.1.2 beautifulsoup4-4.13.5 bs4-0.0.2 certifi-2025.8.3 charset_normalizer-3.4.3 idna-3.10 requests-2.32.5 scratchattach-2.1.13 soupsieve-2.8 typing-extensions-4.15.0 urllib3-2.5.0 websocket-client-1.8.0
2025-08-30T12:20:36.6409483Z ##[group]Run actions/checkout@v5
2025-08-30T12:20:36.6409914Z with:
2025-08-30T12:20:36.6410202Z   ref: main
2025-08-30T12:20:36.6410507Z   repository: Boss-1s/scratchattach
2025-08-30T12:20:36.6411081Z   token: ***
2025-08-30T12:20:36.6411407Z   ssh-strict: true
2025-08-30T12:20:36.6411723Z   ssh-user: git
2025-08-30T12:20:36.6412056Z   persist-credentials: true
2025-08-30T12:20:36.6412414Z   clean: true
2025-08-30T12:20:36.6412742Z   sparse-checkout-cone-mode: true
2025-08-30T12:20:36.6413141Z   fetch-depth: 1
2025-08-30T12:20:36.6413451Z   fetch-tags: false
2025-08-30T12:20:36.6413756Z   show-progress: true
2025-08-30T12:20:36.6414084Z   lfs: false
2025-08-30T12:20:36.6414362Z   submodules: false
2025-08-30T12:20:36.6414681Z   set-safe-directory: true
2025-08-30T12:20:36.6415043Z env:
2025-08-30T12:20:36.6415440Z   pythonLocation: /opt/hostedtoolcache/Python/3.12.5/x64
2025-08-30T12:20:36.6416127Z   PKG_CONFIG_PATH: /opt/hostedtoolcache/Python/3.12.5/x64/lib/pkgconfig
2025-08-30T12:20:36.6416856Z   Python_ROOT_DIR: /opt/hostedtoolcache/Python/3.12.5/x64
2025-08-30T12:20:36.6417462Z   Python2_ROOT_DIR: /opt/hostedtoolcache/Python/3.12.5/x64
2025-08-30T12:20:36.6418230Z   Python3_ROOT_DIR: /opt/hostedtoolcache/Python/3.12.5/x64
2025-08-30T12:20:36.6418842Z   LD_LIBRARY_PATH: /opt/hostedtoolcache/Python/3.12.5/x64/lib
2025-08-30T12:20:36.6419344Z ##[endgroup]
2025-08-30T12:20:36.7413495Z Syncing repository: Boss-1s/scratchattach
2025-08-30T12:20:36.7415895Z ##[group]Getting Git version info
2025-08-30T12:20:36.7416494Z Working directory is '/home/runner/work/scratchattach/scratchattach'
2025-08-30T12:20:36.7452112Z [command]/usr/bin/git version
2025-08-30T12:20:36.7487288Z git version 2.51.0
2025-08-30T12:20:36.7509862Z ##[endgroup]
2025-08-30T12:20:36.7525278Z Temporarily overriding HOME='/home/runner/work/_temp/534ca15b-cfa1-403f-8b99-009d0b9ce5e1' before making global git config changes
2025-08-30T12:20:36.7526576Z Adding repository directory to the temporary git global config as a safe directory
2025-08-30T12:20:36.7531312Z [command]/usr/bin/git config --global --add safe.directory /home/runner/work/scratchattach/scratchattach
2025-08-30T12:20:36.7998478Z [command]/usr/bin/git config --local --get remote.origin.url
2025-08-30T12:20:36.8021821Z https://github.com/Boss-1s/scratchattach
2025-08-30T12:20:36.8036470Z ##[group]Removing previously created refs, to avoid conflicts
2025-08-30T12:20:36.8042942Z [command]/usr/bin/git rev-parse --symbolic-full-name --verify --quiet HEAD
2025-08-30T12:20:36.8065567Z refs/heads/main
2025-08-30T12:20:36.8077293Z [command]/usr/bin/git checkout --detach
2025-08-30T12:20:36.8476071Z HEAD is now at 944d135 Update action3.yml
2025-08-30T12:20:36.8528538Z [command]/usr/bin/git branch --delete --force main
2025-08-30T12:20:36.8555360Z Deleted branch main (was 944d135).
2025-08-30T12:20:36.8594698Z ##[endgroup]
2025-08-30T12:20:36.8599062Z [command]/usr/bin/git submodule status
2025-08-30T12:20:36.8995880Z ##[group]Cleaning the repository
2025-08-30T12:20:36.9000782Z [command]/usr/bin/git clean -ffdx
2025-08-30T12:20:36.9033984Z [command]/usr/bin/git reset --hard HEAD
2025-08-30T12:20:36.9415926Z HEAD is now at 944d135 Update action3.yml
2025-08-30T12:20:36.9468194Z ##[endgroup]
2025-08-30T12:20:36.9468853Z ##[group]Disabling automatic garbage collection
2025-08-30T12:20:36.9469925Z [command]/usr/bin/git config --local gc.auto 0
2025-08-30T12:20:36.9516792Z ##[endgroup]
2025-08-30T12:20:36.9517633Z ##[group]Setting up auth
2025-08-30T12:20:36.9522865Z [command]/usr/bin/git config --local --name-only --get-regexp core\.sshCommand
2025-08-30T12:20:36.9565925Z [command]/usr/bin/git submodule foreach --recursive sh -c "git config --local --name-only --get-regexp 'core\.sshCommand' && git config --local --unset-all 'core.sshCommand' || :"
2025-08-30T12:20:36.9814203Z [command]/usr/bin/git config --local --name-only --get-regexp http\.https\:\/\/github\.com\/\.extraheader
2025-08-30T12:20:36.9837437Z http.https://github.com/.extraheader
2025-08-30T12:20:36.9847623Z [command]/usr/bin/git config --local --unset-all http.https://github.com/.extraheader
2025-08-30T12:20:36.9918862Z [command]/usr/bin/git submodule foreach --recursive sh -c "git config --local --name-only --get-regexp 'http\.https\:\/\/github\.com\/\.extraheader' && git config --local --unset-all 'http.https://github.com/.extraheader' || :"
2025-08-30T12:20:37.0192059Z [command]/usr/bin/git config --local http.https://github.com/.extraheader AUTHORIZATION: basic ***
2025-08-30T12:20:37.0413183Z ##[endgroup]
2025-08-30T12:20:37.0414037Z ##[group]Fetching the repository
2025-08-30T12:20:37.0428517Z [command]/usr/bin/git -c protocol.version=2 fetch --no-tags --prune --no-recurse-submodules --depth=1 origin +refs/heads/main*:refs/remotes/origin/main* +refs/tags/main*:refs/tags/main*
2025-08-30T12:20:37.2518746Z ##[endgroup]
2025-08-30T12:20:37.2519564Z ##[group]Determining the checkout info
2025-08-30T12:20:37.2526396Z [command]/usr/bin/git branch --list --remote origin/main
2025-08-30T12:20:37.2551387Z   origin/main
2025-08-30T12:20:37.2555591Z ##[endgroup]
2025-08-30T12:20:37.2560601Z [command]/usr/bin/git sparse-checkout disable
2025-08-30T12:20:37.3934950Z [command]/usr/bin/git config --local --unset-all extensions.worktreeConfig
2025-08-30T12:20:37.3976271Z ##[group]Checking out the ref
2025-08-30T12:20:37.3980546Z [command]/usr/bin/git checkout --progress --force -B main refs/remotes/origin/main
2025-08-30T12:20:37.4407439Z Switched to a new branch 'main'
2025-08-30T12:20:37.4410098Z branch 'main' set up to track 'origin/main'.
2025-08-30T12:20:37.4413499Z ##[endgroup]
2025-08-30T12:20:37.4465029Z [command]/usr/bin/git log -1 --format=%H
2025-08-30T12:20:37.4495100Z 944d135f6e88c6740b07f4b30b36b0af64714671
2025-08-30T12:20:37.4882258Z ##[group]Run python3 aesthetic_prioritizing.py
2025-08-30T12:20:37.4883062Z [36;1mpython3 aesthetic_prioritizing.py[0m
2025-08-30T12:20:37.4924429Z shell: /usr/bin/bash -e {0}
2025-08-30T12:20:37.4924798Z env:
2025-08-30T12:20:37.4925134Z   pythonLocation: /opt/hostedtoolcache/Python/3.12.5/x64
2025-08-30T12:20:37.4925570Z   PKG_CONFIG_PATH: /opt/hostedtoolcache/Python/3.12.5/x64/lib/pkgconfig
2025-08-30T12:20:37.4925972Z   Python_ROOT_DIR: /opt/hostedtoolcache/Python/3.12.5/x64
2025-08-30T12:20:37.4926315Z   Python2_ROOT_DIR: /opt/hostedtoolcache/Python/3.12.5/x64
2025-08-30T12:20:37.4926662Z   Python3_ROOT_DIR: /opt/hostedtoolcache/Python/3.12.5/x64
2025-08-30T12:20:37.4927017Z   LD_LIBRARY_PATH: /opt/hostedtoolcache/Python/3.12.5/x64/lib
2025-08-30T12:20:37.4927455Z   PASS: ***
2025-08-30T12:20:37.4927640Z ##[endgroup]
2025-08-30T12:20:38.4638454Z Prioritizing: Attempt 1
2025-08-30T12:20:38.4638847Z Projects already on top. No prioritizing needed.
2025-08-30T12:20:38.4639237Z Prioritized projects in your favorite list.
2025-08-30T12:20:38.4944427Z Post job cleanup.
2025-08-30T12:20:38.5747207Z [command]/usr/bin/git version
2025-08-30T12:20:38.5782562Z git version 2.51.0
2025-08-30T12:20:38.5818065Z Temporarily overriding HOME='/home/runner/work/_temp/45cfb1f1-d4d6-4e86-b337-a777b8458629' before making global git config changes
2025-08-30T12:20:38.5819029Z Adding repository directory to the temporary git global config as a safe directory
2025-08-30T12:20:38.5823510Z [command]/usr/bin/git config --global --add safe.directory /home/runner/work/scratchattach/scratchattach
2025-08-30T12:20:38.5858706Z [command]/usr/bin/git config --local --name-only --get-regexp core\.sshCommand
2025-08-30T12:20:38.5890747Z [command]/usr/bin/git submodule foreach --recursive sh -c "git config --local --name-only --get-regexp 'core\.sshCommand' && git config --local --unset-all 'core.sshCommand' || :"
2025-08-30T12:20:38.6112070Z [command]/usr/bin/git config --local --name-only --get-regexp http\.https\:\/\/github\.com\/\.extraheader
2025-08-30T12:20:38.6134264Z http.https://github.com/.extraheader
2025-08-30T12:20:38.6144280Z [command]/usr/bin/git config --local --unset-all http.https://github.com/.extraheader
2025-08-30T12:20:38.6177141Z [command]/usr/bin/git submodule foreach --recursive sh -c "git config --local --name-only --get-regexp 'http\.https\:\/\/github\.com\/\.extraheader' && git config --local --unset-all 'http.https://github.com/.extraheader' || :"
2025-08-30T12:20:38.6505216Z Post job cleanup.
2025-08-30T12:20:38.8137047Z Post job cleanup.
2025-08-30T12:20:38.8912218Z [command]/usr/bin/git version
2025-08-30T12:20:38.8948935Z git version 2.51.0
2025-08-30T12:20:38.8986827Z Temporarily overriding HOME='/home/runner/work/_temp/8a247a82-21a6-43d1-917a-bbaea85ff592' before making global git config changes
2025-08-30T12:20:38.8988342Z Adding repository directory to the temporary git global config as a safe directory
2025-08-30T12:20:38.8992943Z [command]/usr/bin/git config --global --add safe.directory /home/runner/work/scratchattach/scratchattach
2025-08-30T12:20:38.9029543Z [command]/usr/bin/git config --local --name-only --get-regexp core\.sshCommand
2025-08-30T12:20:38.9061817Z [command]/usr/bin/git submodule foreach --recursive sh -c "git config --local --name-only --get-regexp 'core\.sshCommand' && git config --local --unset-all 'core.sshCommand' || :"
2025-08-30T12:20:38.9284828Z [command]/usr/bin/git config --local --name-only --get-regexp http\.https\:\/\/github\.com\/\.extraheader
2025-08-30T12:20:38.9316721Z [command]/usr/bin/git submodule foreach --recursive sh -c "git config --local --name-only --get-regexp 'http\.https\:\/\/github\.com\/\.extraheader' && git config --local --unset-all 'http.https://github.com/.extraheader' || :"
2025-08-30T12:20:38.9644140Z Cleaning up orphan processes
