2025-09-12T01:00:47.3604672Z Current runner version: '2.328.0'
2025-09-12T01:00:47.3638735Z ##[group]Runner Image Provisioner
2025-09-12T01:00:47.3640159Z Hosted Compute Agent
2025-09-12T01:00:47.3641055Z Version: 20250829.383
2025-09-12T01:00:47.3642204Z Commit: 27cb235aab5b0e52e153a26cd86b4742e89dac5d
2025-09-12T01:00:47.3643499Z Build Date: 2025-08-29T13:48:48Z
2025-09-12T01:00:47.3644434Z ##[endgroup]
2025-09-12T01:00:47.3645706Z ##[group]Operating System
2025-09-12T01:00:47.3646680Z Ubuntu
2025-09-12T01:00:47.3647518Z 24.04.3
2025-09-12T01:00:47.3648342Z LTS
2025-09-12T01:00:47.3649205Z ##[endgroup]
2025-09-12T01:00:47.3650039Z ##[group]Runner Image
2025-09-12T01:00:47.3651112Z Image: ubuntu-24.04
2025-09-12T01:00:47.3652138Z Version: 20250907.24.1
2025-09-12T01:00:47.3653932Z Included Software: https://github.com/actions/runner-images/blob/ubuntu24/20250907.24/images/ubuntu/Ubuntu2404-Readme.md
2025-09-12T01:00:47.3657076Z Image Release: https://github.com/actions/runner-images/releases/tag/ubuntu24%2F20250907.24
2025-09-12T01:00:47.3658709Z ##[endgroup]
2025-09-12T01:00:47.3660503Z ##[group]GITHUB_TOKEN Permissions
2025-09-12T01:00:47.3663178Z Contents: write
2025-09-12T01:00:47.3664132Z Metadata: read
2025-09-12T01:00:47.3665230Z ##[endgroup]
2025-09-12T01:00:47.3668152Z Secret source: Actions
2025-09-12T01:00:47.3669468Z Prepare workflow directory
2025-09-12T01:00:47.4416702Z Prepare all required actions
2025-09-12T01:00:47.4476191Z Getting action download info
2025-09-12T01:00:47.7439443Z Download action repository 'actions/checkout@ff7abcd0c3c05ccf6adc123a8cd1fd4fb30fb493' (SHA:ff7abcd0c3c05ccf6adc123a8cd1fd4fb30fb493)
2025-09-12T01:00:47.8529265Z Download action repository 'actions/setup-python@v5' (SHA:a26af69be951a213d495a4c3e4e4022e16d87065)
2025-09-12T01:00:47.9638281Z Download action repository 'actions/cache@0400d5f644dc74513175e3cd8d07132dd4860809' (SHA:0400d5f644dc74513175e3cd8d07132dd4860809)
2025-09-12T01:00:48.1034103Z Download action repository 'actions/component-detection-dependency-submission-action@374343effede691df3a5ffaf36b4e7acab919590' (SHA:374343effede691df3a5ffaf36b4e7acab919590)
2025-09-12T01:00:48.4127701Z Complete job name: submit-pypi
2025-09-12T01:00:48.4746728Z ##[group]Run actions/checkout@ff7abcd0c3c05ccf6adc123a8cd1fd4fb30fb493
2025-09-12T01:00:48.4747762Z with:
2025-09-12T01:00:48.4748178Z   ref: refs/heads/scratch_chat_dev
2025-09-12T01:00:48.4748698Z   repository: Boss-1s/scratchattach
2025-09-12T01:00:48.4749352Z   token: ***
2025-09-12T01:00:48.4749740Z   ssh-strict: true
2025-09-12T01:00:48.4750140Z   ssh-user: git
2025-09-12T01:00:48.4750555Z   persist-credentials: true
2025-09-12T01:00:48.4751009Z   clean: true
2025-09-12T01:00:48.4751417Z   sparse-checkout-cone-mode: true
2025-09-12T01:00:48.4751897Z   fetch-depth: 1
2025-09-12T01:00:48.4752296Z   fetch-tags: false
2025-09-12T01:00:48.4752712Z   show-progress: true
2025-09-12T01:00:48.4753127Z   lfs: false
2025-09-12T01:00:48.4753512Z   submodules: false
2025-09-12T01:00:48.4753923Z   set-safe-directory: true
2025-09-12T01:00:48.4754560Z env:
2025-09-12T01:00:48.4755137Z   SKIP_CACHE: 
2025-09-12T01:00:48.4755528Z ##[endgroup]
2025-09-12T01:00:48.5657302Z Syncing repository: Boss-1s/scratchattach
2025-09-12T01:00:48.5659210Z ##[group]Getting Git version info
2025-09-12T01:00:48.5660139Z Working directory is '/home/runner/work/scratchattach/scratchattach'
2025-09-12T01:00:48.5661162Z [command]/usr/bin/git version
2025-09-12T01:00:48.5685765Z git version 2.51.0
2025-09-12T01:00:48.5705902Z ##[endgroup]
2025-09-12T01:00:48.5719700Z Temporarily overriding HOME='/home/runner/work/_temp/1c229cec-9aa8-4d99-b35a-052774fa4db2' before making global git config changes
2025-09-12T01:00:48.5721993Z Adding repository directory to the temporary git global config as a safe directory
2025-09-12T01:00:48.5725630Z [command]/usr/bin/git config --global --add safe.directory /home/runner/work/scratchattach/scratchattach
2025-09-12T01:00:48.5760553Z Deleting the contents of '/home/runner/work/scratchattach/scratchattach'
2025-09-12T01:00:48.5763978Z ##[group]Initializing the repository
2025-09-12T01:00:48.5768926Z [command]/usr/bin/git init /home/runner/work/scratchattach/scratchattach
2025-09-12T01:00:48.5850379Z hint: Using 'master' as the name for the initial branch. This default branch name
2025-09-12T01:00:48.5852008Z hint: is subject to change. To configure the initial branch name to use in all
2025-09-12T01:00:48.5853444Z hint: of your new repositories, which will suppress this warning, call:
2025-09-12T01:00:48.5854517Z hint:
2025-09-12T01:00:48.5855353Z hint: 	git config --global init.defaultBranch <name>
2025-09-12T01:00:48.5856257Z hint:
2025-09-12T01:00:48.5856903Z hint: Names commonly chosen instead of 'master' are 'main', 'trunk' and
2025-09-12T01:00:48.5858234Z hint: 'development'. The just-created branch can be renamed via this command:
2025-09-12T01:00:48.5859249Z hint:
2025-09-12T01:00:48.5859762Z hint: 	git branch -m <name>
2025-09-12T01:00:48.5860203Z hint:
2025-09-12T01:00:48.5860814Z hint: Disable this message with "git config set advice.defaultBranchName false"
2025-09-12T01:00:48.5861829Z Initialized empty Git repository in /home/runner/work/scratchattach/scratchattach/.git/
2025-09-12T01:00:48.5864273Z [command]/usr/bin/git remote add origin https://github.com/Boss-1s/scratchattach
2025-09-12T01:00:48.5896862Z ##[endgroup]
2025-09-12T01:00:48.5897583Z ##[group]Disabling automatic garbage collection
2025-09-12T01:00:48.5900323Z [command]/usr/bin/git config --local gc.auto 0
2025-09-12T01:00:48.5927013Z ##[endgroup]
2025-09-12T01:00:48.5927671Z ##[group]Setting up auth
2025-09-12T01:00:48.5933546Z [command]/usr/bin/git config --local --name-only --get-regexp core\.sshCommand
2025-09-12T01:00:48.5964170Z [command]/usr/bin/git submodule foreach --recursive sh -c "git config --local --name-only --get-regexp 'core\.sshCommand' && git config --local --unset-all 'core.sshCommand' || :"
2025-09-12T01:00:48.6237371Z [command]/usr/bin/git config --local --name-only --get-regexp http\.https\:\/\/github\.com\/\.extraheader
2025-09-12T01:00:48.6268186Z [command]/usr/bin/git submodule foreach --recursive sh -c "git config --local --name-only --get-regexp 'http\.https\:\/\/github\.com\/\.extraheader' && git config --local --unset-all 'http.https://github.com/.extraheader' || :"
2025-09-12T01:00:48.6483456Z [command]/usr/bin/git config --local http.https://github.com/.extraheader AUTHORIZATION: basic ***
2025-09-12T01:00:48.6517900Z ##[endgroup]
2025-09-12T01:00:48.6519123Z ##[group]Fetching the repository
2025-09-12T01:00:48.6528693Z [command]/usr/bin/git -c protocol.version=2 fetch --no-tags --prune --no-recurse-submodules --depth=1 origin +refs/heads/scratch_chat_dev:refs/remotes/origin/scratch_chat_dev
2025-09-12T01:00:49.1052748Z From https://github.com/Boss-1s/scratchattach
2025-09-12T01:00:49.1054479Z  * [new branch]      scratch_chat_dev -> origin/scratch_chat_dev
2025-09-12T01:00:49.1079902Z ##[endgroup]
2025-09-12T01:00:49.1081095Z ##[group]Determining the checkout info
2025-09-12T01:00:49.1082740Z ##[endgroup]
2025-09-12T01:00:49.1089033Z [command]/usr/bin/git sparse-checkout disable
2025-09-12T01:00:49.1130444Z [command]/usr/bin/git config --local --unset-all extensions.worktreeConfig
2025-09-12T01:00:49.1158148Z ##[group]Checking out the ref
2025-09-12T01:00:49.1163195Z [command]/usr/bin/git checkout --progress --force -B scratch_chat_dev refs/remotes/origin/scratch_chat_dev
2025-09-12T01:00:49.2092471Z Switched to a new branch 'scratch_chat_dev'
2025-09-12T01:00:49.2094141Z branch 'scratch_chat_dev' set up to track 'origin/scratch_chat_dev'.
2025-09-12T01:00:49.2109495Z ##[endgroup]
2025-09-12T01:00:49.2148953Z [command]/usr/bin/git log -1 --format=%H
2025-09-12T01:00:49.2171604Z d6bb7ec4e6b18a7e1ad82cd1fc5640e15f977a3f
2025-09-12T01:00:49.2452160Z ##[group]Run actions/setup-python@v5
2025-09-12T01:00:49.2453318Z with:
2025-09-12T01:00:49.2454119Z   check-latest: false
2025-09-12T01:00:49.2455427Z   token: ***
2025-09-12T01:00:49.2456283Z   update-environment: true
2025-09-12T01:00:49.2457267Z   allow-prereleases: false
2025-09-12T01:00:49.2458231Z   freethreaded: false
2025-09-12T01:00:49.2459318Z env:
2025-09-12T01:00:49.2460072Z   SKIP_CACHE: 
2025-09-12T01:00:49.2460877Z ##[endgroup]
2025-09-12T01:00:49.4428086Z [warning]Neither 'python-version' nor 'python-version-file' inputs were supplied. Attempting to find '.python-version' file.
2025-09-12T01:00:49.4431595Z [warning].python-version doesn't exist.
2025-09-12T01:00:49.4461114Z ##[warning]The `python-version` input is not set.  The version of Python currently in `PATH` will be used.
2025-09-12T01:00:49.4598333Z ##[group]Run version=$(python --version)
2025-09-12T01:00:49.4599521Z [36;1mversion=$(python --version)[0m
2025-09-12T01:00:49.4600703Z [36;1mecho "::notice::Using python version: $version"[0m
2025-09-12T01:00:49.4601919Z [36;1mpip_version=$(pip --version)[0m
2025-09-12T01:00:49.4603081Z [36;1mecho "::notice::Using pip version: $pip_version"[0m
2025-09-12T01:00:49.4604263Z [36;1mpip install pip-tools[0m
2025-09-12T01:00:49.4605613Z [36;1mpip_compile_version=$(pip-compile --version)[0m
2025-09-12T01:00:49.4607102Z [36;1mecho "::notice::Using pip-compile version: $pip_compile_version"[0m
2025-09-12T01:00:49.4658230Z shell: /usr/bin/bash --noprofile --norc -e -o pipefail {0}
2025-09-12T01:00:49.4659446Z env:
2025-09-12T01:00:49.4660144Z   SKIP_CACHE: 
2025-09-12T01:00:49.4660902Z ##[endgroup]
2025-09-12T01:00:49.4774735Z ##[notice]Using python version: Python 3.12.3
2025-09-12T01:00:50.3428434Z ##[notice]Using pip version: pip 24.0 from /usr/lib/python3/dist-packages/pip (python 3.12)
2025-09-12T01:00:50.7358811Z Defaulting to user installation because normal site-packages is not writeable
2025-09-12T01:00:51.7687038Z Collecting pip-tools
2025-09-12T01:00:51.8205374Z   Downloading pip_tools-7.5.0-py3-none-any.whl.metadata (26 kB)
2025-09-12T01:00:51.8657993Z Collecting build>=1.0.0 (from pip-tools)
2025-09-12T01:00:51.8728096Z   Downloading build-1.3.0-py3-none-any.whl.metadata (5.6 kB)
2025-09-12T01:00:51.8774299Z Requirement already satisfied: click>=8 in /usr/lib/python3/dist-packages (from pip-tools) (8.1.6)
2025-09-12T01:00:51.8783825Z Requirement already satisfied: pip>=22.2 in /usr/lib/python3/dist-packages (from pip-tools) (24.0)
2025-09-12T01:00:51.8952023Z Collecting pyproject_hooks (from pip-tools)
2025-09-12T01:00:51.9024231Z   Downloading pyproject_hooks-1.2.0-py3-none-any.whl.metadata (1.3 kB)
2025-09-12T01:00:51.9060557Z Requirement already satisfied: setuptools in /usr/lib/python3/dist-packages (from pip-tools) (68.1.2)
2025-09-12T01:00:51.9067763Z Requirement already satisfied: wheel in /usr/lib/python3/dist-packages (from pip-tools) (0.42.0)
2025-09-12T01:00:51.9153284Z Requirement already satisfied: packaging>=19.1 in /usr/lib/python3/dist-packages (from build>=1.0.0->pip-tools) (24.0)
2025-09-12T01:00:51.9295120Z Downloading pip_tools-7.5.0-py3-none-any.whl (65 kB)
2025-09-12T01:00:51.9519681Z    ━━━━━━━━━━━━━━━━━━━━━━━━━━━━━━━━━━━━━━━━ 65.1/65.1 kB 2.7 MB/s eta 0:00:00
2025-09-12T01:00:51.9633777Z Downloading build-1.3.0-py3-none-any.whl (23 kB)
2025-09-12T01:00:51.9761645Z Downloading pyproject_hooks-1.2.0-py3-none-any.whl (10 kB)
2025-09-12T01:00:52.2507410Z Installing collected packages: pyproject_hooks, build, pip-tools
2025-09-12T01:00:52.3168163Z Successfully installed build-1.3.0 pip-tools-7.5.0 pyproject_hooks-1.2.0
2025-09-12T01:00:52.7862337Z ##[notice]Using pip-compile version: pip-compile, version 7.5.0
2025-09-12T01:00:52.7988768Z ##[group]Run if [[ -n "" ]]; then
2025-09-12T01:00:52.7989076Z [36;1mif [[ -n "" ]]; then[0m
2025-09-12T01:00:52.7989420Z [36;1m  echo "Python cache disabled via 'GH_DEPENDENCY_SUBMISSION_SKIP_CACHE'"[0m
2025-09-12T01:00:52.7989768Z [36;1melse[0m
2025-09-12T01:00:52.7990175Z [36;1m  echo "Caching Python packages. Set 'GH_DEPENDENCY_SUBMISSION_SKIP_CACHE=true' to skip caching in future."[0m
2025-09-12T01:00:52.7990629Z [36;1mfi[0m
2025-09-12T01:00:52.8021626Z shell: /usr/bin/bash -e {0}
2025-09-12T01:00:52.8021870Z env:
2025-09-12T01:00:52.8022039Z   SKIP_CACHE: 
2025-09-12T01:00:52.8022240Z ##[endgroup]
2025-09-12T01:00:52.8072282Z Caching Python packages. Set 'GH_DEPENDENCY_SUBMISSION_SKIP_CACHE=true' to skip caching in future.
2025-09-12T01:00:52.9097034Z ##[group]Run actions/cache@0400d5f644dc74513175e3cd8d07132dd4860809
2025-09-12T01:00:52.9097403Z with:
2025-09-12T01:00:52.9097598Z   path: ~/.cache/pip
2025-09-12T01:00:52.9097993Z   key: Linux-pip-python-5a00fefc972129031f421abe69b90f4bbdcde70f32fc624502f11f9b2a1e2c79
2025-09-12T01:00:52.9098439Z   restore-keys: Linux-python-

2025-09-12T01:00:52.9098679Z   enableCrossOsArchive: false
2025-09-12T01:00:52.9098910Z   fail-on-cache-miss: false
2025-09-12T01:00:52.9099122Z   lookup-only: false
2025-09-12T01:00:52.9099317Z   save-always: false
2025-09-12T01:00:52.9099509Z env:
2025-09-12T01:00:52.9099664Z   SKIP_CACHE: 
2025-09-12T01:00:52.9099841Z ##[endgroup]
2025-09-12T01:00:53.1592120Z Cache hit for: Linux-pip-python-5a00fefc972129031f421abe69b90f4bbdcde70f32fc624502f11f9b2a1e2c79
2025-09-12T01:00:53.4042730Z Received 1474269 of 1474269 (100.0%), 8.9 MBs/sec
2025-09-12T01:00:53.4043415Z Cache Size: ~1 MB (1474269 B)
2025-09-12T01:00:53.4070661Z [command]/usr/bin/tar -xf /home/runner/work/_temp/d4b324ba-954d-468f-a0ab-27e20c171853/cache.tzst -P -C /home/runner/work/scratchattach/scratchattach --use-compress-program unzstd
2025-09-12T01:00:53.4236449Z Cache restored successfully
2025-09-12T01:00:53.4320412Z Cache restored from key: Linux-pip-python-5a00fefc972129031f421abe69b90f4bbdcde70f32fc624502f11f9b2a1e2c79
2025-09-12T01:00:53.4393156Z ##[group]Run if pip-compile --dry-run -o requirements.out requirements.txt; then
2025-09-12T01:00:53.4393679Z [36;1mif pip-compile --dry-run -o requirements.out requirements.txt; then[0m
2025-09-12T01:00:53.4394101Z [36;1m  echo "::debug::Python validate no broken dependencies"[0m
2025-09-12T01:00:53.4394461Z [36;1m  echo "{valid-project}={true}" >> "$GITHUB_OUTPUT"[0m
2025-09-12T01:00:53.4394739Z [36;1melse[0m
2025-09-12T01:00:53.4395471Z [36;1m  echo "{valid-project}={false}" >> "$GITHUB_OUTPUT"[0m
2025-09-12T01:00:53.4395985Z [36;1m  echo "### :warning: Python validation failed in repository root" >> $GITHUB_STEP_SUMMARY[0m
2025-09-12T01:00:53.4396833Z [36;1m  echo "We were unable to validate a Python project in the repository root. If your repository requires additional setup steps, you may need to check in your own workflow." >> $GITHUB_STEP_SUMMARY[0m
2025-09-12T01:00:53.4397520Z [36;1m  echo "" >> $GITHUB_STEP_SUMMARY[0m
2025-09-12T01:00:53.4398405Z [36;1m  echo "For more information on submitting Python dependencies from your own workflow, refer to [the submission action](https://github.com/actions/component-detection-dependency-submission-action)" >> $GITHUB_STEP_SUMMARY[0m
2025-09-12T01:00:53.4399323Z [36;1m  echo "::warning::Python validation failed in the repository root."[0m
2025-09-12T01:00:53.4399653Z [36;1m  exit 1[0m
2025-09-12T01:00:53.4399835Z [36;1mfi[0m
2025-09-12T01:00:53.4429423Z shell: /usr/bin/bash -e {0}
2025-09-12T01:00:53.4429642Z env:
2025-09-12T01:00:53.4429815Z   SKIP_CACHE: 
2025-09-12T01:00:53.4430000Z ##[endgroup]
2025-09-12T01:00:55.3280855Z WARNING: --strip-extras is becoming the default in version 8.0.0. To silence this warning, either use --strip-extras to opt into the new default or use --no-strip-extras to retain the existing behavior.
2025-09-12T01:00:55.3282377Z #
2025-09-12T01:00:55.3282924Z # This file is autogenerated by pip-compile with Python 3.12
2025-09-12T01:00:55.3283406Z # by the following command:
2025-09-12T01:00:55.3283685Z #
2025-09-12T01:00:55.3286091Z #    pip-compile --output-file=requirements.out requirements.txt
2025-09-12T01:00:55.3286646Z #
2025-09-12T01:00:55.3286929Z beautifulsoup4==4.13.5
2025-09-12T01:00:55.3287267Z     # via bs4
2025-09-12T01:00:55.3287553Z bs4==0.0.2
2025-09-12T01:00:55.3287846Z     # via scratchattach
2025-09-12T01:00:55.3288181Z certifi==2025.8.3
2025-09-12T01:00:55.3288481Z     # via requests
2025-09-12T01:00:55.3288811Z charset-normalizer==3.4.3
2025-09-12T01:00:55.3289168Z     # via requests
2025-09-12T01:00:55.3289466Z idna==3.10
2025-09-12T01:00:55.3290127Z     # via requests
2025-09-12T01:00:55.3290458Z requests==2.32.5
2025-09-12T01:00:55.3290781Z     # via scratchattach
2025-09-12T01:00:55.3291154Z scratchattach==2.1.13
2025-09-12T01:00:55.3291517Z     # via -r requirements.txt
2025-09-12T01:00:55.3291918Z simplewebsocketserver==0.1.2
2025-09-12T01:00:55.3292331Z     # via scratchattach
2025-09-12T01:00:55.3292699Z soupsieve==2.8
2025-09-12T01:00:55.3293032Z     # via beautifulsoup4
2025-09-12T01:00:55.3293433Z typing-extensions==4.15.0
2025-09-12T01:00:55.3293847Z     # via
2025-09-12T01:00:55.3294139Z     #   beautifulsoup4
2025-09-12T01:00:55.3294477Z     #   scratchattach
2025-09-12T01:00:55.3294812Z urllib3==2.5.0
2025-09-12T01:00:55.3295345Z     # via requests
2025-09-12T01:00:55.3295679Z websocket-client==1.8.0
2025-09-12T01:00:55.3296036Z     # via scratchattach
2025-09-12T01:00:55.3296393Z Dry-run, so nothing updated.
2025-09-12T01:00:55.4032191Z ##[group]Run actions/component-detection-dependency-submission-action@374343effede691df3a5ffaf36b4e7acab919590
2025-09-12T01:00:55.4032735Z with:
2025-09-12T01:00:55.4032926Z   detectorsCategories: Python
2025-09-12T01:00:55.4033156Z   detectorsFilter: PipReport
2025-09-12T01:00:55.4033428Z   snapshot-sha: d6bb7ec4e6b18a7e1ad82cd1fc5640e15f977a3f
2025-09-12T01:00:55.4033737Z   snapshot-ref: refs/heads/scratch_chat_dev
2025-09-12T01:00:55.4034020Z   detector-name: Automatic Dependency Submission
2025-09-12T01:00:55.4034289Z   detector-version: 3b6330baf42b
2025-09-12T01:00:55.4034703Z   detector-url: https://github.com/actions/component-detection-dependency-submission-action
2025-09-12T01:00:55.4035500Z   token: ***
2025-09-12T01:00:55.4035669Z   filePath: .
2025-09-12T01:00:55.4035837Z env:
2025-09-12T01:00:55.4035997Z   SKIP_CACHE: 
2025-09-12T01:00:55.4036173Z ##[endgroup]
2025-09-12T01:00:56.1257857Z Running component-detection
2025-09-12T01:00:56.1301840Z [command]/home/runner/work/scratchattach/scratchattach/component-detection scan --SourceDirectory . --ManifestFile ./output.json --DetectorsFilter PipReport --DetectorCategories Python
2025-09-12T01:00:56.4589545Z [01:00:56 INF] Finding components...
2025-09-12T01:00:57.0978686Z [01:00:57 INF] Starting enumeration of /home/runner/work/scratchattach/scratchattach
2025-09-12T01:00:57.1159277Z [01:00:57 INF] Enumerated 16 files and 0 directories in 00:00:00.0181511
2025-09-12T01:00:57.1413195Z [01:00:57 INF] PipReport: Generating pip installation report for /home/runner/work/scratchattach/scratchattach/requirements.txt
2025-09-12T01:00:59.1201231Z [01:00:59 INF] PipReport: Pip installation report for /home/runner/work/scratchattach/scratchattach/requirements.txt completed in 1.977 seconds with 12 detected packages.
2025-09-12T01:00:59.2481557Z                                [38;5;7mDetection Summary[0m                                
2025-09-12T01:00:59.2482589Z ┌───────────────────┬───────────────────┬───────────────────┬──────────────────┐
2025-09-12T01:00:59.2483619Z │ [1mComponent [0m        │ [1mDetection Time[0m    │ [1m# Components [0m     │ [1m# Explicitly [0m    │
2025-09-12T01:00:59.2484735Z │ [1mDetector Id[0m       │                   │ [1mFound[0m             │ [1mReferenced[0m       │
2025-09-12T01:00:59.2485971Z ├───────────────────┼───────────────────┼───────────────────┼──────────────────┤
2025-09-12T01:00:59.2486869Z │ [38;5;14mPipReport[0m         │ 2.7 seconds       │ 12                │ 1                │
2025-09-12T01:00:59.2487784Z │ ───────────────── │ ───────────────── │ ───────────────── │ ──────────────── │
2025-09-12T01:00:59.2488679Z │ [1;4mTotal[0m             │ 2.7 seconds       │ 12                │ 1                │
2025-09-12T01:00:59.2489546Z └───────────────────┴───────────────────┴───────────────────┴──────────────────┘
2025-09-12T01:00:59.2516844Z [01:00:59 INF] 
2025-09-12T01:00:59.2518919Z [01:00:59 INF] 
2025-09-12T01:00:59.2530153Z [01:00:59 INF] Detection time: 2.7023474 seconds.
2025-09-12T01:00:59.2866357Z [01:00:59 INF] Scan Manifest file: /home/runner/work/scratchattach/scratchattach/output.json
2025-09-12T01:00:59.3443701Z Getting manifests from results
2025-09-12T01:00:59.3495806Z ##[notice]Submitting snapshot...
2025-09-12T01:00:59.3523824Z ##[notice]{
    "manifests": {
        "requirements.txt": {
            "resolved": {
                "pkg:pypi/requests@2.32.5": {
                    "package_url": "pkg:pypi/requests@2.32.5",
                    "relationship": "indirect",
                    "scope": "runtime",
                    "dependencies": []
                },
                "pkg:pypi/certifi@2025.8.3": {
                    "package_url": "pkg:pypi/certifi@2025.8.3",
                    "relationship": "indirect",
                    "scope": "runtime",
                    "dependencies": []
                },
                "pkg:pypi/urllib3@2.5.0": {
                    "package_url": "pkg:pypi/urllib3@2.5.0",
                    "relationship": "indirect",
                    "scope": "runtime",
                    "dependencies": []
                },
                "pkg:pypi/typing-extensions@4.15.0": {
                    "package_url": "pkg:pypi/typing-extensions@4.15.0",
                    "relationship": "indirect",
                    "scope": "runtime",
                    "dependencies": []
                },
                "pkg:pypi/beautifulsoup4@4.13.5": {
                    "package_url": "pkg:pypi/beautifulsoup4@4.13.5",
                    "relationship": "indirect",
                    "scope": "runtime",
                    "dependencies": []
                },
                "pkg:pypi/bs4@0.0.2": {
                    "package_url": "pkg:pypi/bs4@0.0.2",
                    "relationship": "indirect",
                    "scope": "runtime",
                    "dependencies": []
                },
                "pkg:pypi/websocket-client@1.8.0": {
                    "package_url": "pkg:pypi/websocket-client@1.8.0",
                    "relationship": "indirect",
                    "scope": "runtime",
                    "dependencies": []
                },
                "pkg:pypi/soupsieve@2.8": {
                    "package_url": "pkg:pypi/soupsieve@2.8",
                    "relationship": "indirect",
                    "scope": "runtime",
                    "dependencies": []
                },
                "pkg:pypi/simplewebsocketserver@0.1.2": {
                    "package_url": "pkg:pypi/simplewebsocketserver@0.1.2",
                    "relationship": "indirect",
                    "scope": "runtime",
                    "dependencies": []
                },
                "pkg:pypi/scratchattach@2.1.13": {
                    "package_url": "pkg:pypi/scratchattach@2.1.13",
                    "relationship": "direct",
                    "scope": "runtime",
                    "dependencies": [
                        "pkg:pypi/requests@2.32.5",
                        "pkg:pypi/certifi@2025.8.3",
                        "pkg:pypi/urllib3@2.5.0",
                        "pkg:pypi/typing-extensions@4.15.0",
                        "pkg:pypi/beautifulsoup4@4.13.5",
                        "pkg:pypi/bs4@0.0.2",
                        "pkg:pypi/websocket-client@1.8.0",
                        "pkg:pypi/soupsieve@2.8",
                        "pkg:pypi/simplewebsocketserver@0.1.2",
                        "pkg:pypi/idna@3.10",
                        "pkg:pypi/charset-normalizer@3.4.3"
                    ]
                },
                "pkg:pypi/idna@3.10": {
                    "package_url": "pkg:pypi/idna@3.10",
                    "relationship": "indirect",
                    "scope": "runtime",
                    "dependencies": []
                },
                "pkg:pypi/charset-normalizer@3.4.3": {
                    "package_url": "pkg:pypi/charset-normalizer@3.4.3",
                    "relationship": "indirect",
                    "scope": "runtime",
                    "dependencies": []
                }
            },
            "name": "requirements.txt",
            "file": {
                "source_location": "requirements.txt"
            }
        }
    },
    "version": 0,
    "job": {
        "correlator": "submit-pypi",
        "id": "17661357279"
    },
    "sha": 
2025-09-12T01:00:59.6024085Z ##[notice]Snapshot successfully created at 2025-09-12T01:00:59.533Z
2025-09-12T01:00:59.7939416Z Post job cleanup.
2025-09-12T01:00:59.9219484Z Cache hit occurred on the primary key Linux-pip-python-5a00fefc972129031f421abe69b90f4bbdcde70f32fc624502f11f9b2a1e2c79, not saving cache.
2025-09-12T01:00:59.9306118Z Post job cleanup.
2025-09-12T01:01:00.0929994Z Post job cleanup.
2025-09-12T01:01:00.1689241Z [command]/usr/bin/git version
2025-09-12T01:01:00.1724611Z git version 2.51.0
2025-09-12T01:01:00.1760351Z Temporarily overriding HOME='/home/runner/work/_temp/ee1de9ec-024c-42ea-bd68-fb6254bc8033' before making global git config changes
2025-09-12T01:01:00.1761277Z Adding repository directory to the temporary git global config as a safe directory
2025-09-12T01:01:00.1765727Z [command]/usr/bin/git config --global --add safe.directory /home/runner/work/scratchattach/scratchattach
2025-09-12T01:01:00.1800208Z [command]/usr/bin/git config --local --name-only --get-regexp core\.sshCommand
2025-09-12T01:01:00.1832466Z [command]/usr/bin/git submodule foreach --recursive sh -c "git config --local --name-only --get-regexp 'core\.sshCommand' && git config --local --unset-all 'core.sshCommand' || :"
2025-09-12T01:01:00.2056518Z [command]/usr/bin/git config --local --name-only --get-regexp http\.https\:\/\/github\.com\/\.extraheader
2025-09-12T01:01:00.2078970Z http.https://github.com/.extraheader
2025-09-12T01:01:00.2087967Z [command]/usr/bin/git config --local --unset-all http.https://github.com/.extraheader
2025-09-12T01:01:00.2119317Z [command]/usr/bin/git submodule foreach --recursive sh -c "git config --local --name-only --get-regexp 'http\.https\:\/\/github\.com\/\.extraheader' && git config --local --unset-all 'http.https://github.com/.extraheader' || :"
2025-09-12T01:01:00.2444006Z Cleaning up orphan processes
