2025-10-25T18:26:52.9485993Z Current runner version: '2.329.0'
2025-10-25T18:26:52.9520185Z ##[group]Runner Image Provisioner
2025-10-25T18:26:52.9521471Z Hosted Compute Agent
2025-10-25T18:26:52.9522672Z Version: 20250912.392
2025-10-25T18:26:52.9523366Z Commit: d921fda672a98b64f4f82364647e2f10b2267d0b
2025-10-25T18:26:52.9524131Z Build Date: 2025-09-12T15:23:14Z
2025-10-25T18:26:52.9524767Z ##[endgroup]
2025-10-25T18:26:52.9525328Z ##[group]Operating System
2025-10-25T18:26:52.9525973Z Ubuntu
2025-10-25T18:26:52.9526472Z 24.04.3
2025-10-25T18:26:52.9526907Z LTS
2025-10-25T18:26:52.9527421Z ##[endgroup]
2025-10-25T18:26:52.9527911Z ##[group]Runner Image
2025-10-25T18:26:52.9528484Z Image: ubuntu-24.04
2025-10-25T18:26:52.9529023Z Version: 20250929.60.1
2025-10-25T18:26:52.9530017Z Included Software: https://github.com/actions/runner-images/blob/ubuntu24/20250929.60/images/ubuntu/Ubuntu2404-Readme.md
2025-10-25T18:26:52.9531535Z Image Release: https://github.com/actions/runner-images/releases/tag/ubuntu24%2F20250929.60
2025-10-25T18:26:52.9532884Z ##[endgroup]
2025-10-25T18:26:52.9535322Z ##[group]GITHUB_TOKEN Permissions
2025-10-25T18:26:52.9537638Z Actions: write
2025-10-25T18:26:52.9538236Z Attestations: write
2025-10-25T18:26:52.9538838Z Checks: write
2025-10-25T18:26:52.9539500Z Contents: write
2025-10-25T18:26:52.9540019Z Deployments: write
2025-10-25T18:26:52.9540575Z Discussions: write
2025-10-25T18:26:52.9541110Z Issues: write
2025-10-25T18:26:52.9541646Z Metadata: read
2025-10-25T18:26:52.9542095Z Models: read
2025-10-25T18:26:52.9542943Z Packages: write
2025-10-25T18:26:52.9543458Z Pages: write
2025-10-25T18:26:52.9543915Z PullRequests: write
2025-10-25T18:26:52.9544585Z RepositoryProjects: write
2025-10-25T18:26:52.9545164Z SecurityEvents: write
2025-10-25T18:26:52.9545750Z Statuses: write
2025-10-25T18:26:52.9546338Z ##[endgroup]
2025-10-25T18:26:52.9548653Z Secret source: Actions
2025-10-25T18:26:52.9549604Z Prepare workflow directory
2025-10-25T18:26:52.9983899Z Prepare all required actions
2025-10-25T18:26:53.0039489Z Getting action download info
2025-10-25T18:26:53.3309226Z Download action repository 'actions/checkout@v5.0.0' (SHA:08c6903cd8c0fde910a37f88322edcfb5dd907a8)
2025-10-25T18:26:53.5358943Z Download action repository 'actions/setup-python@v6.0.0' (SHA:e797f83bcb11b83ae66e0230d6156d7c80228e7c)
2025-10-25T18:26:53.6503755Z Download action repository 'bossOfCode/install-scratchattach@v1.0.3' (SHA:be17a7cf1ecb5a7040eb42ef26c2e1fbe72bb25a)
2025-10-25T18:26:54.5392538Z Complete job name: Run 1
2025-10-25T18:26:54.6088347Z ##[group]Run actions/checkout@v5.0.0
2025-10-25T18:26:54.6089251Z with:
2025-10-25T18:26:54.6089663Z   ref: main
2025-10-25T18:26:54.6090081Z   repository: Boss-1s/scratchattach
2025-10-25T18:26:54.6090788Z   token: ***
2025-10-25T18:26:54.6091199Z   ssh-strict: true
2025-10-25T18:26:54.6091620Z   ssh-user: git
2025-10-25T18:26:54.6092060Z   persist-credentials: true
2025-10-25T18:26:54.6092781Z   clean: true
2025-10-25T18:26:54.6093222Z   sparse-checkout-cone-mode: true
2025-10-25T18:26:54.6093797Z   fetch-depth: 1
2025-10-25T18:26:54.6094236Z   fetch-tags: false
2025-10-25T18:26:54.6094688Z   show-progress: true
2025-10-25T18:26:54.6095139Z   lfs: false
2025-10-25T18:26:54.6095549Z   submodules: false
2025-10-25T18:26:54.6095995Z   set-safe-directory: true
2025-10-25T18:26:54.6096734Z ##[endgroup]
2025-10-25T18:26:54.6998881Z Syncing repository: Boss-1s/scratchattach
2025-10-25T18:26:54.7000780Z ##[group]Getting Git version info
2025-10-25T18:26:54.7001656Z Working directory is '/home/runner/work/scratchattach/scratchattach'
2025-10-25T18:26:54.7003153Z [command]/usr/bin/git version
2025-10-25T18:26:54.7042231Z git version 2.51.0
2025-10-25T18:26:54.7095274Z ##[endgroup]
2025-10-25T18:26:54.7109173Z Temporarily overriding HOME='/home/runner/work/_temp/56f72840-4d4f-4726-a822-94e3147b9b99' before making global git config changes
2025-10-25T18:26:54.7111176Z Adding repository directory to the temporary git global config as a safe directory
2025-10-25T18:26:54.7114020Z [command]/usr/bin/git config --global --add safe.directory /home/runner/work/scratchattach/scratchattach
2025-10-25T18:26:54.7148143Z Deleting the contents of '/home/runner/work/scratchattach/scratchattach'
2025-10-25T18:26:54.7151263Z ##[group]Initializing the repository
2025-10-25T18:26:54.7156018Z [command]/usr/bin/git init /home/runner/work/scratchattach/scratchattach
2025-10-25T18:26:54.7260630Z hint: Using 'master' as the name for the initial branch. This default branch name
2025-10-25T18:26:54.7262607Z hint: is subject to change. To configure the initial branch name to use in all
2025-10-25T18:26:54.7264183Z hint: of your new repositories, which will suppress this warning, call:
2025-10-25T18:26:54.7265450Z hint:
2025-10-25T18:26:54.7266296Z hint: 	git config --global init.defaultBranch <name>
2025-10-25T18:26:54.7267331Z hint:
2025-10-25T18:26:54.7268112Z hint: Names commonly chosen instead of 'master' are 'main', 'trunk' and
2025-10-25T18:26:54.7269078Z hint: 'development'. The just-created branch can be renamed via this command:
2025-10-25T18:26:54.7270346Z hint:
2025-10-25T18:26:54.7271100Z hint: 	git branch -m <name>
2025-10-25T18:26:54.7271800Z hint:
2025-10-25T18:26:54.7272694Z hint: Disable this message with "git config set advice.defaultBranchName false"
2025-10-25T18:26:54.7273816Z Initialized empty Git repository in /home/runner/work/scratchattach/scratchattach/.git/
2025-10-25T18:26:54.7276900Z [command]/usr/bin/git remote add origin https://github.com/Boss-1s/scratchattach
2025-10-25T18:26:54.7310711Z ##[endgroup]
2025-10-25T18:26:54.7312072Z ##[group]Disabling automatic garbage collection
2025-10-25T18:26:54.7313620Z [command]/usr/bin/git config --local gc.auto 0
2025-10-25T18:26:54.7340405Z ##[endgroup]
2025-10-25T18:26:54.7341609Z ##[group]Setting up auth
2025-10-25T18:26:54.7346626Z [command]/usr/bin/git config --local --name-only --get-regexp core\.sshCommand
2025-10-25T18:26:54.7376403Z [command]/usr/bin/git submodule foreach --recursive sh -c "git config --local --name-only --get-regexp 'core\.sshCommand' && git config --local --unset-all 'core.sshCommand' || :"
2025-10-25T18:26:54.7675218Z [command]/usr/bin/git config --local --name-only --get-regexp http\.https\:\/\/github\.com\/\.extraheader
2025-10-25T18:26:54.7703257Z [command]/usr/bin/git submodule foreach --recursive sh -c "git config --local --name-only --get-regexp 'http\.https\:\/\/github\.com\/\.extraheader' && git config --local --unset-all 'http.https://github.com/.extraheader' || :"
2025-10-25T18:26:54.7919579Z [command]/usr/bin/git config --local http.https://github.com/.extraheader AUTHORIZATION: basic ***
2025-10-25T18:26:54.7952789Z ##[endgroup]
2025-10-25T18:26:54.7953642Z ##[group]Fetching the repository
2025-10-25T18:26:54.7961657Z [command]/usr/bin/git -c protocol.version=2 fetch --no-tags --prune --no-recurse-submodules --depth=1 origin +refs/heads/main*:refs/remotes/origin/main* +refs/tags/main*:refs/tags/main*
2025-10-25T18:26:56.1832880Z From https://github.com/Boss-1s/scratchattach
2025-10-25T18:26:56.1835262Z  * [new branch]      main       -> origin/main
2025-10-25T18:26:56.1903292Z ##[endgroup]
2025-10-25T18:26:56.1904550Z ##[group]Determining the checkout info
2025-10-25T18:26:56.1909838Z [command]/usr/bin/git branch --list --remote origin/main
2025-10-25T18:26:56.1932855Z   origin/main
2025-10-25T18:26:56.1938738Z ##[endgroup]
2025-10-25T18:26:56.1944093Z [command]/usr/bin/git sparse-checkout disable
2025-10-25T18:26:56.2032730Z [command]/usr/bin/git config --local --unset-all extensions.worktreeConfig
2025-10-25T18:26:56.2060160Z ##[group]Checking out the ref
2025-10-25T18:26:56.2063971Z [command]/usr/bin/git checkout --progress --force -B main refs/remotes/origin/main
2025-10-25T18:26:56.4731414Z Switched to a new branch 'main'
2025-10-25T18:26:56.4732978Z branch 'main' set up to track 'origin/main'.
2025-10-25T18:26:56.4763965Z ##[endgroup]
2025-10-25T18:26:56.4804400Z [command]/usr/bin/git log -1 --format=%H
2025-10-25T18:26:56.4827383Z b5d4552bd2d258b3b69e70c8c9620e07fca5bce0
2025-10-25T18:26:56.5049841Z ##[group]Run actions/setup-python@v6.0.0
2025-10-25T18:26:56.5050375Z with:
2025-10-25T18:26:56.5050579Z   python-version: 3.13
2025-10-25T18:26:56.5050800Z   check-latest: false
2025-10-25T18:26:56.5051136Z   token: ***
2025-10-25T18:26:56.5051338Z   update-environment: true
2025-10-25T18:26:56.5051645Z   allow-prereleases: false
2025-10-25T18:26:56.5051857Z   freethreaded: false
2025-10-25T18:26:56.5052057Z ##[endgroup]
2025-10-25T18:26:56.6290774Z ##[group]Installed versions
2025-10-25T18:26:56.6383062Z (node:2063) [DEP0040] DeprecationWarning: The `punycode` module is deprecated. Please use a userland alternative instead.
2025-10-25T18:26:56.6383962Z (Use `node --trace-deprecation ...` to show where the warning was created)
2025-10-25T18:26:56.6384604Z Successfully set up CPython (3.13.7)
2025-10-25T18:26:56.6385389Z ##[endgroup]
2025-10-25T18:26:56.6523260Z ##[group]Run bossOfCode/install-scratchattach@v1.0.3
2025-10-25T18:26:56.6523630Z env:
2025-10-25T18:26:56.6523892Z   pythonLocation: /opt/hostedtoolcache/Python/3.13.7/x64
2025-10-25T18:26:56.6524356Z   PKG_CONFIG_PATH: /opt/hostedtoolcache/Python/3.13.7/x64/lib/pkgconfig
2025-10-25T18:26:56.6524778Z   Python_ROOT_DIR: /opt/hostedtoolcache/Python/3.13.7/x64
2025-10-25T18:26:56.6525140Z   Python2_ROOT_DIR: /opt/hostedtoolcache/Python/3.13.7/x64
2025-10-25T18:26:56.6525521Z   Python3_ROOT_DIR: /opt/hostedtoolcache/Python/3.13.7/x64
2025-10-25T18:26:56.6525896Z   LD_LIBRARY_PATH: /opt/hostedtoolcache/Python/3.13.7/x64/lib
2025-10-25T18:26:56.6526192Z ##[endgroup]
2025-10-25T18:26:56.6603952Z ##[group]Run python3 -m pip install --upgrade pip
2025-10-25T18:26:56.6604366Z [36;1mpython3 -m pip install --upgrade pip[0m
2025-10-25T18:26:56.6860511Z shell: /usr/bin/bash --noprofile --norc -e -o pipefail {0}
2025-10-25T18:26:56.6860878Z env:
2025-10-25T18:26:56.6861186Z   pythonLocation: /opt/hostedtoolcache/Python/3.13.7/x64
2025-10-25T18:26:56.6861631Z   PKG_CONFIG_PATH: /opt/hostedtoolcache/Python/3.13.7/x64/lib/pkgconfig
2025-10-25T18:26:56.6862072Z   Python_ROOT_DIR: /opt/hostedtoolcache/Python/3.13.7/x64
2025-10-25T18:26:56.6862742Z   Python2_ROOT_DIR: /opt/hostedtoolcache/Python/3.13.7/x64
2025-10-25T18:26:56.6863132Z   Python3_ROOT_DIR: /opt/hostedtoolcache/Python/3.13.7/x64
2025-10-25T18:26:56.6863505Z   LD_LIBRARY_PATH: /opt/hostedtoolcache/Python/3.13.7/x64/lib
2025-10-25T18:26:56.6863823Z ##[endgroup]
2025-10-25T18:27:00.7641873Z Requirement already satisfied: pip in /opt/hostedtoolcache/Python/3.13.7/x64/lib/python3.13/site-packages (25.2)
2025-10-25T18:27:00.8316770Z Collecting pip
2025-10-25T18:27:00.9261937Z   Downloading pip-25.3-py3-none-any.whl.metadata (4.7 kB)
2025-10-25T18:27:00.9600487Z Downloading pip-25.3-py3-none-any.whl (1.8 MB)
2025-10-25T18:27:01.0872608Z    ━━━━━━━━━━━━━━━━━━━━━━━━━━━━━━━━━━━━━━━━ 1.8/1.8 MB 20.0 MB/s  0:00:00
2025-10-25T18:27:01.1221599Z Installing collected packages: pip
2025-10-25T18:27:01.1222889Z   Attempting uninstall: pip
2025-10-25T18:27:01.1249797Z     Found existing installation: pip 25.2
2025-10-25T18:27:01.3493480Z     Uninstalling pip-25.2:
2025-10-25T18:27:01.3555310Z       Successfully uninstalled pip-25.2
2025-10-25T18:27:02.2175343Z Successfully installed pip-25.3
2025-10-25T18:27:02.3282534Z ##[group]Run pip install -U scratchattach
2025-10-25T18:27:02.3282863Z [36;1mpip install -U scratchattach[0m
2025-10-25T18:27:02.3316467Z shell: /usr/bin/bash --noprofile --norc -e -o pipefail {0}
2025-10-25T18:27:02.3316790Z env:
2025-10-25T18:27:02.3317030Z   pythonLocation: /opt/hostedtoolcache/Python/3.13.7/x64
2025-10-25T18:27:02.3317446Z   PKG_CONFIG_PATH: /opt/hostedtoolcache/Python/3.13.7/x64/lib/pkgconfig
2025-10-25T18:27:02.3317849Z   Python_ROOT_DIR: /opt/hostedtoolcache/Python/3.13.7/x64
2025-10-25T18:27:02.3318206Z   Python2_ROOT_DIR: /opt/hostedtoolcache/Python/3.13.7/x64
2025-10-25T18:27:02.3318577Z   Python3_ROOT_DIR: /opt/hostedtoolcache/Python/3.13.7/x64
2025-10-25T18:27:02.3318936Z   LD_LIBRARY_PATH: /opt/hostedtoolcache/Python/3.13.7/x64/lib
2025-10-25T18:27:02.3319230Z ##[endgroup]
2025-10-25T18:27:02.8014914Z Collecting scratchattach
2025-10-25T18:27:02.9589969Z   Downloading scratchattach-2.1.13-py3-none-any.whl.metadata (5.5 kB)
2025-10-25T18:27:02.9809545Z Collecting websocket-client (from scratchattach)
2025-10-25T18:27:03.0005215Z   Downloading websocket_client-1.9.0-py3-none-any.whl.metadata (8.3 kB)
2025-10-25T18:27:03.0318914Z Collecting requests (from scratchattach)
2025-10-25T18:27:03.0514656Z   Downloading requests-2.32.5-py3-none-any.whl.metadata (4.9 kB)
2025-10-25T18:27:03.0630997Z Collecting bs4 (from scratchattach)
2025-10-25T18:27:03.0828842Z   Downloading bs4-0.0.2-py2.py3-none-any.whl.metadata (411 bytes)
2025-10-25T18:27:03.0936707Z Collecting SimpleWebSocketServer (from scratchattach)
2025-10-25T18:27:03.1134949Z   Downloading SimpleWebSocketServer-0.1.2.tar.gz (10 kB)
2025-10-25T18:27:03.1240523Z   Installing build dependencies: started
2025-10-25T18:27:04.0262692Z   Installing build dependencies: finished with status 'done'
2025-10-25T18:27:04.0268528Z   Getting requirements to build wheel: started
2025-10-25T18:27:04.4243737Z   Getting requirements to build wheel: finished with status 'done'
2025-10-25T18:27:04.4252117Z   Preparing metadata (pyproject.toml): started
2025-10-25T18:27:04.6169927Z   Preparing metadata (pyproject.toml): finished with status 'done'
2025-10-25T18:27:04.6332123Z Collecting typing-extensions (from scratchattach)
2025-10-25T18:27:04.6531233Z   Downloading typing_extensions-4.15.0-py3-none-any.whl.metadata (3.3 kB)
2025-10-25T18:27:04.6705899Z Collecting beautifulsoup4 (from bs4->scratchattach)
2025-10-25T18:27:04.6904443Z   Downloading beautifulsoup4-4.14.2-py3-none-any.whl.metadata (3.8 kB)
2025-10-25T18:27:04.7088259Z Collecting soupsieve>1.2 (from beautifulsoup4->bs4->scratchattach)
2025-10-25T18:27:04.7284769Z   Downloading soupsieve-2.8-py3-none-any.whl.metadata (4.6 kB)
2025-10-25T18:27:04.8193117Z Collecting charset_normalizer<4,>=2 (from requests->scratchattach)
2025-10-25T18:27:04.8394864Z   Downloading charset_normalizer-3.4.4-cp313-cp313-manylinux2014_x86_64.manylinux_2_17_x86_64.manylinux_2_28_x86_64.whl.metadata (37 kB)
2025-10-25T18:27:04.8663212Z Collecting idna<4,>=2.5 (from requests->scratchattach)
2025-10-25T18:27:04.8861326Z   Downloading idna-3.11-py3-none-any.whl.metadata (8.4 kB)
2025-10-25T18:27:04.9142256Z Collecting urllib3<3,>=1.21.1 (from requests->scratchattach)
2025-10-25T18:27:04.9344391Z   Downloading urllib3-2.5.0-py3-none-any.whl.metadata (6.5 kB)
2025-10-25T18:27:04.9622102Z Collecting certifi>=2017.4.17 (from requests->scratchattach)
2025-10-25T18:27:04.9822268Z   Downloading certifi-2025.10.5-py3-none-any.whl.metadata (2.5 kB)
2025-10-25T18:27:05.0077967Z Downloading scratchattach-2.1.13-py3-none-any.whl (141 kB)
2025-10-25T18:27:05.0615773Z Downloading bs4-0.0.2-py2.py3-none-any.whl (1.2 kB)
2025-10-25T18:27:05.0999278Z Downloading beautifulsoup4-4.14.2-py3-none-any.whl (106 kB)
2025-10-25T18:27:05.1254138Z Downloading soupsieve-2.8-py3-none-any.whl (36 kB)
2025-10-25T18:27:05.1471025Z Downloading typing_extensions-4.15.0-py3-none-any.whl (44 kB)
2025-10-25T18:27:05.1696591Z Downloading requests-2.32.5-py3-none-any.whl (64 kB)
2025-10-25T18:27:05.1929326Z Downloading charset_normalizer-3.4.4-cp313-cp313-manylinux2014_x86_64.manylinux_2_17_x86_64.manylinux_2_28_x86_64.whl (153 kB)
2025-10-25T18:27:05.2199171Z Downloading idna-3.11-py3-none-any.whl (71 kB)
2025-10-25T18:27:05.2435079Z Downloading urllib3-2.5.0-py3-none-any.whl (129 kB)
2025-10-25T18:27:05.2679806Z Downloading certifi-2025.10.5-py3-none-any.whl (163 kB)
2025-10-25T18:27:05.2937514Z Downloading websocket_client-1.9.0-py3-none-any.whl (82 kB)
2025-10-25T18:27:05.3075065Z Building wheels for collected packages: SimpleWebSocketServer
2025-10-25T18:27:05.3082805Z   Building wheel for SimpleWebSocketServer (pyproject.toml): started
2025-10-25T18:27:05.5281561Z   Building wheel for SimpleWebSocketServer (pyproject.toml): finished with status 'done'
2025-10-25T18:27:05.5286915Z   Created wheel for SimpleWebSocketServer: filename=simplewebsocketserver-0.1.2-py3-none-any.whl size=9715 sha256=771b7db656a23cd231fa2a8bb481b330724f8a2a29ca4b877655c721b4171b59
2025-10-25T18:27:05.5288635Z   Stored in directory: /home/runner/.cache/pip/wheels/c4/5b/e8/4f2c15a82edc4923058056f6681373168be02a0c00389a6dcf
2025-10-25T18:27:05.5305933Z Successfully built SimpleWebSocketServer
2025-10-25T18:27:05.5486744Z Installing collected packages: SimpleWebSocketServer, websocket-client, urllib3, typing-extensions, soupsieve, idna, charset_normalizer, certifi, requests, beautifulsoup4, bs4, scratchattach
2025-10-25T18:27:06.1477142Z 
2025-10-25T18:27:06.1499868Z Successfully installed SimpleWebSocketServer-0.1.2 beautifulsoup4-4.14.2 bs4-0.0.2 certifi-2025.10.5 charset_normalizer-3.4.4 idna-3.11 requests-2.32.5 scratchattach-2.1.13 soupsieve-2.8 typing-extensions-4.15.0 urllib3-2.5.0 websocket-client-1.9.0
2025-10-25T18:27:06.2331779Z ##[group]Run actions/checkout@v5.0.0
2025-10-25T18:27:06.2332037Z with:
2025-10-25T18:27:06.2332206Z   ref: main
2025-10-25T18:27:06.2332661Z   repository: Boss-1s/scratchattach
2025-10-25T18:27:06.2333012Z   token: ***
2025-10-25T18:27:06.2333206Z   ssh-strict: true
2025-10-25T18:27:06.2333385Z   ssh-user: git
2025-10-25T18:27:06.2333573Z   persist-credentials: true
2025-10-25T18:27:06.2333781Z   clean: true
2025-10-25T18:27:06.2333963Z   sparse-checkout-cone-mode: true
2025-10-25T18:27:06.2334189Z   fetch-depth: 1
2025-10-25T18:27:06.2334361Z   fetch-tags: false
2025-10-25T18:27:06.2334535Z   show-progress: true
2025-10-25T18:27:06.2334718Z   lfs: false
2025-10-25T18:27:06.2334883Z   submodules: false
2025-10-25T18:27:06.2335064Z   set-safe-directory: true
2025-10-25T18:27:06.2335260Z env:
2025-10-25T18:27:06.2335479Z   pythonLocation: /opt/hostedtoolcache/Python/3.13.7/x64
2025-10-25T18:27:06.2335860Z   PKG_CONFIG_PATH: /opt/hostedtoolcache/Python/3.13.7/x64/lib/pkgconfig
2025-10-25T18:27:06.2336256Z   Python_ROOT_DIR: /opt/hostedtoolcache/Python/3.13.7/x64
2025-10-25T18:27:06.2336591Z   Python2_ROOT_DIR: /opt/hostedtoolcache/Python/3.13.7/x64
2025-10-25T18:27:06.2336922Z   Python3_ROOT_DIR: /opt/hostedtoolcache/Python/3.13.7/x64
2025-10-25T18:27:06.2337256Z   LD_LIBRARY_PATH: /opt/hostedtoolcache/Python/3.13.7/x64/lib
2025-10-25T18:27:06.2337538Z ##[endgroup]
2025-10-25T18:27:06.3088826Z Syncing repository: Boss-1s/scratchattach
2025-10-25T18:27:06.3089863Z ##[group]Getting Git version info
2025-10-25T18:27:06.3090651Z Working directory is '/home/runner/work/scratchattach/scratchattach'
2025-10-25T18:27:06.3127860Z [command]/usr/bin/git version
2025-10-25T18:27:06.3162590Z git version 2.51.0
2025-10-25T18:27:06.3182832Z ##[endgroup]
2025-10-25T18:27:06.3196449Z Temporarily overriding HOME='/home/runner/work/_temp/ee3d3ab7-b397-4f17-933e-8b0021c6e012' before making global git config changes
2025-10-25T18:27:06.3197556Z Adding repository directory to the temporary git global config as a safe directory
2025-10-25T18:27:06.3201304Z [command]/usr/bin/git config --global --add safe.directory /home/runner/work/scratchattach/scratchattach
2025-10-25T18:27:06.3237746Z [command]/usr/bin/git config --local --get remote.origin.url
2025-10-25T18:27:06.3259669Z https://github.com/Boss-1s/scratchattach
2025-10-25T18:27:06.3272913Z ##[group]Removing previously created refs, to avoid conflicts
2025-10-25T18:27:06.3277113Z [command]/usr/bin/git rev-parse --symbolic-full-name --verify --quiet HEAD
2025-10-25T18:27:06.3297406Z refs/heads/main
2025-10-25T18:27:06.3306968Z [command]/usr/bin/git checkout --detach
2025-10-25T18:27:06.5637412Z HEAD is now at b5d4552 [BOT] Download Logs
2025-10-25T18:27:06.5686611Z [command]/usr/bin/git branch --delete --force main
2025-10-25T18:27:06.5712823Z Deleted branch main (was b5d4552).
2025-10-25T18:27:06.5751112Z ##[endgroup]
2025-10-25T18:27:06.5754468Z [command]/usr/bin/git submodule status
2025-10-25T18:27:06.5995680Z ##[group]Cleaning the repository
2025-10-25T18:27:06.6001290Z [command]/usr/bin/git clean -ffdx
2025-10-25T18:27:06.6043783Z [command]/usr/bin/git reset --hard HEAD
2025-10-25T18:27:06.6109164Z HEAD is now at b5d4552 [BOT] Download Logs
2025-10-25T18:27:06.6115747Z ##[endgroup]
2025-10-25T18:27:06.6116649Z ##[group]Disabling automatic garbage collection
2025-10-25T18:27:06.6121173Z [command]/usr/bin/git config --local gc.auto 0
2025-10-25T18:27:06.6148263Z ##[endgroup]
2025-10-25T18:27:06.6148917Z ##[group]Setting up auth
2025-10-25T18:27:06.6156000Z [command]/usr/bin/git config --local --name-only --get-regexp core\.sshCommand
2025-10-25T18:27:06.6185869Z [command]/usr/bin/git submodule foreach --recursive sh -c "git config --local --name-only --get-regexp 'core\.sshCommand' && git config --local --unset-all 'core.sshCommand' || :"
2025-10-25T18:27:06.6427514Z [command]/usr/bin/git config --local --name-only --get-regexp http\.https\:\/\/github\.com\/\.extraheader
2025-10-25T18:27:06.6452824Z http.https://github.com/.extraheader
2025-10-25T18:27:06.6461365Z [command]/usr/bin/git config --local --unset-all http.https://github.com/.extraheader
2025-10-25T18:27:06.6494245Z [command]/usr/bin/git submodule foreach --recursive sh -c "git config --local --name-only --get-regexp 'http\.https\:\/\/github\.com\/\.extraheader' && git config --local --unset-all 'http.https://github.com/.extraheader' || :"
2025-10-25T18:27:06.6741856Z [command]/usr/bin/git config --local http.https://github.com/.extraheader AUTHORIZATION: basic ***
2025-10-25T18:27:06.6779338Z ##[endgroup]
2025-10-25T18:27:06.6779970Z ##[group]Fetching the repository
2025-10-25T18:27:06.6788747Z [command]/usr/bin/git -c protocol.version=2 fetch --no-tags --prune --no-recurse-submodules --depth=1 origin +refs/heads/main*:refs/remotes/origin/main* +refs/tags/main*:refs/tags/main*
2025-10-25T18:27:06.9680816Z ##[endgroup]
2025-10-25T18:27:06.9681411Z ##[group]Determining the checkout info
2025-10-25T18:27:06.9688385Z [command]/usr/bin/git branch --list --remote origin/main
2025-10-25T18:27:06.9711999Z   origin/main
2025-10-25T18:27:06.9715710Z ##[endgroup]
2025-10-25T18:27:06.9719836Z [command]/usr/bin/git sparse-checkout disable
2025-10-25T18:27:06.9765797Z [command]/usr/bin/git config --local --unset-all extensions.worktreeConfig
2025-10-25T18:27:06.9791916Z ##[group]Checking out the ref
2025-10-25T18:27:06.9796466Z [command]/usr/bin/git checkout --progress --force -B main refs/remotes/origin/main
2025-10-25T18:27:06.9852454Z Switched to a new branch 'main'
2025-10-25T18:27:06.9855274Z branch 'main' set up to track 'origin/main'.
2025-10-25T18:27:06.9892648Z ##[endgroup]
2025-10-25T18:27:06.9926802Z [command]/usr/bin/git log -1 --format=%H
2025-10-25T18:27:06.9949547Z b5d4552bd2d258b3b69e70c8c9620e07fca5bce0
2025-10-25T18:27:07.0056059Z ##[group]Run timeout 359m python3 message_viewer.py || { [[ $? -eq 124 ]] && exit 0; }
2025-10-25T18:27:07.0056618Z [36;1mtimeout 359m python3 message_viewer.py || { [[ $? -eq 124 ]] && exit 0; }[0m
2025-10-25T18:27:07.0089079Z shell: /usr/bin/bash -e {0}
2025-10-25T18:27:07.0089294Z env:
2025-10-25T18:27:07.0089534Z   pythonLocation: /opt/hostedtoolcache/Python/3.13.7/x64
2025-10-25T18:27:07.0089932Z   PKG_CONFIG_PATH: /opt/hostedtoolcache/Python/3.13.7/x64/lib/pkgconfig
2025-10-25T18:27:07.0090331Z   Python_ROOT_DIR: /opt/hostedtoolcache/Python/3.13.7/x64
2025-10-25T18:27:07.0090687Z   Python2_ROOT_DIR: /opt/hostedtoolcache/Python/3.13.7/x64
2025-10-25T18:27:07.0091018Z   Python3_ROOT_DIR: /opt/hostedtoolcache/Python/3.13.7/x64
2025-10-25T18:27:07.0091364Z   LD_LIBRARY_PATH: /opt/hostedtoolcache/Python/3.13.7/x64/lib
2025-10-25T18:27:07.0091814Z   PASS: ***
2025-10-25T18:27:07.0091982Z ##[endgroup]
2025-10-25T18:27:07.9577368Z Traceback (most recent call last):
2025-10-25T18:27:07.9639196Z   File "/home/runner/work/scratchattach/scratchattach/message_viewer.py", line 20, in <module>
2025-10-25T18:27:07.9639750Z     client = cloud.requests()
2025-10-25T18:27:07.9640400Z   File "/opt/hostedtoolcache/Python/3.13.7/x64/lib/python3.13/site-packages/scratchattach/cloud/_base.py", line 101, in requests
2025-10-25T18:27:07.9641184Z     return CloudRequests(self, used_cloud_vars=used_cloud_vars, no_packet_loss=no_packet_loss,
2025-10-25T18:27:07.9641672Z                          respond_order=respond_order, debug=debug)
2025-10-25T18:27:07.9643075Z   File "/opt/hostedtoolcache/Python/3.13.7/x64/lib/python3.13/site-packages/scratchattach/eventhandlers/cloud_requests.py", line 67, in __init__
2025-10-25T18:27:07.9643757Z     super().__init__(cloud)
2025-10-25T18:27:07.9643984Z     ~~~~~~~~~~~~~~~~^^^^^^^
2025-10-25T18:27:07.9644655Z   File "/opt/hostedtoolcache/Python/3.13.7/x64/lib/python3.13/site-packages/scratchattach/eventhandlers/cloud_events.py", line 19, in __init__
2025-10-25T18:27:07.9645371Z     self.source_stream = cloud.create_event_stream()
2025-10-25T18:27:07.9645683Z                          ~~~~~~~~~~~~~~~~~~~~~~~~~^^
2025-10-25T18:27:07.9646363Z   File "/opt/hostedtoolcache/Python/3.13.7/x64/lib/python3.13/site-packages/scratchattach/cloud/_base.py", line 442, in create_event_stream
2025-10-25T18:27:07.9647041Z     self.event_stream = WebSocketEventStream(self)
2025-10-25T18:27:07.9647339Z                         ~~~~~~~~~~~~~~~~~~~~^^^^^^
2025-10-25T18:27:07.9647962Z   File "/opt/hostedtoolcache/Python/3.13.7/x64/lib/python3.13/site-packages/scratchattach/cloud/_base.py", line 125, in __init__
2025-10-25T18:27:07.9648568Z     self.source_cloud.connect()
2025-10-25T18:27:07.9648801Z     ~~~~~~~~~~~~~~~~~~~~~~~~~^^
2025-10-25T18:27:07.9649384Z   File "/opt/hostedtoolcache/Python/3.13.7/x64/lib/python3.13/site-packages/scratchattach/cloud/cloud.py", line 29, in connect
2025-10-25T18:27:07.9649971Z     super().connect()
2025-10-25T18:27:07.9650154Z     ~~~~~~~~~~~~~~~^^
2025-10-25T18:27:07.9650637Z   File "/opt/hostedtoolcache/Python/3.13.7/x64/lib/python3.13/site-packages/scratchattach/cloud/_base.py", line 305, in connect
2025-10-25T18:27:07.9651159Z     self.websocket.connect(
2025-10-25T18:27:07.9651360Z     ~~~~~~~~~~~~~~~~~~~~~~^
2025-10-25T18:27:07.9651555Z         self.cloud_host,
2025-10-25T18:27:07.9651745Z         ^^^^^^^^^^^^^^^^
2025-10-25T18:27:07.9651919Z     ...<4 lines>...
2025-10-25T18:27:07.9652102Z         header=self.header
2025-10-25T18:27:07.9652430Z         ^^^^^^^^^^^^^^^^^^
2025-10-25T18:27:07.9652720Z     )
2025-10-25T18:27:07.9652971Z     ^
2025-10-25T18:27:07.9653415Z   File "/opt/hostedtoolcache/Python/3.13.7/x64/lib/python3.13/site-packages/websocket/_core.py", line 268, in connect
2025-10-25T18:27:07.9654010Z     self.handshake_response = handshake(self.sock, url, *addrs, **options)
2025-10-25T18:27:07.9654360Z                               ~~~~~~~~~^^^^^^^^^^^^^^^^^^^^^^^^^^^^^^^^^^^
2025-10-25T18:27:07.9655131Z   File "/opt/hostedtoolcache/Python/3.13.7/x64/lib/python3.13/site-packages/websocket/_handshake.py", line 66, in handshake
2025-10-25T18:27:07.9655654Z     status, resp = _get_resp_headers(sock)
2025-10-25T18:27:07.9655891Z                    ~~~~~~~~~~~~~~~~~^^^^^^
2025-10-25T18:27:07.9656451Z   File "/opt/hostedtoolcache/Python/3.13.7/x64/lib/python3.13/site-packages/websocket/_handshake.py", line 158, in _get_resp_headers
2025-10-25T18:27:07.9657004Z     raise WebSocketBadStatusException(
2025-10-25T18:27:07.9657242Z     ...<5 lines>...
2025-10-25T18:27:07.9657412Z     )
2025-10-25T18:27:07.9658605Z websocket._exceptions.WebSocketBadStatusException: Handshake status 502 Bad Gateway -+-+- {'date': 'Sat, 25 Oct 2025 18:27:07 GMT', 'content-type': 'text/html', 'content-length': '157', 'connection': 'keep-alive', 'server': 'nginx/1.22.1'} -+-+- b'<html>\r\n<head><title>502 Bad Gateway</title></head>\r\n<body>\r\n<center><h1>502 Bad Gateway</h1></center>\r\n<hr><center>nginx/1.22.1</center>\r\n</body>\r\n</html>\r\n'
2025-10-25T18:27:07.9896617Z ##[error]Process completed with exit code 1.
2025-10-25T18:27:07.9964954Z Post job cleanup.
2025-10-25T18:27:08.0726473Z [command]/usr/bin/git version
2025-10-25T18:27:08.0794479Z git version 2.51.0
2025-10-25T18:27:08.0832980Z Temporarily overriding HOME='/home/runner/work/_temp/8357c346-30fd-4b1f-9bdb-46f8b78660db' before making global git config changes
2025-10-25T18:27:08.0834254Z Adding repository directory to the temporary git global config as a safe directory
2025-10-25T18:27:08.0838980Z [command]/usr/bin/git config --global --add safe.directory /home/runner/work/scratchattach/scratchattach
2025-10-25T18:27:08.0876767Z [command]/usr/bin/git config --local --name-only --get-regexp core\.sshCommand
2025-10-25T18:27:08.0909579Z [command]/usr/bin/git submodule foreach --recursive sh -c "git config --local --name-only --get-regexp 'core\.sshCommand' && git config --local --unset-all 'core.sshCommand' || :"
2025-10-25T18:27:08.1133577Z [command]/usr/bin/git config --local --name-only --get-regexp http\.https\:\/\/github\.com\/\.extraheader
2025-10-25T18:27:08.1154695Z http.https://github.com/.extraheader
2025-10-25T18:27:08.1165163Z [command]/usr/bin/git config --local --unset-all http.https://github.com/.extraheader
2025-10-25T18:27:08.1194990Z [command]/usr/bin/git submodule foreach --recursive sh -c "git config --local --name-only --get-regexp 'http\.https\:\/\/github\.com\/\.extraheader' && git config --local --unset-all 'http.https://github.com/.extraheader' || :"
2025-10-25T18:27:08.1536434Z Post job cleanup.
2025-10-25T18:27:08.2342930Z [command]/usr/bin/git version
2025-10-25T18:27:08.2379591Z git version 2.51.0
2025-10-25T18:27:08.2416970Z Temporarily overriding HOME='/home/runner/work/_temp/98b68480-6283-4c15-8c06-e9033b694a2e' before making global git config changes
2025-10-25T18:27:08.2418232Z Adding repository directory to the temporary git global config as a safe directory
2025-10-25T18:27:08.2422956Z [command]/usr/bin/git config --global --add safe.directory /home/runner/work/scratchattach/scratchattach
2025-10-25T18:27:08.2458461Z [command]/usr/bin/git config --local --name-only --get-regexp core\.sshCommand
2025-10-25T18:27:08.2490509Z [command]/usr/bin/git submodule foreach --recursive sh -c "git config --local --name-only --get-regexp 'core\.sshCommand' && git config --local --unset-all 'core.sshCommand' || :"
2025-10-25T18:27:08.2714940Z [command]/usr/bin/git config --local --name-only --get-regexp http\.https\:\/\/github\.com\/\.extraheader
2025-10-25T18:27:08.2752773Z [command]/usr/bin/git submodule foreach --recursive sh -c "git config --local --name-only --get-regexp 'http\.https\:\/\/github\.com\/\.extraheader' && git config --local --unset-all 'http.https://github.com/.extraheader' || :"
2025-10-25T18:27:08.3125587Z Cleaning up orphan processes
