2025-12-23T15:11:54.5070300Z Current runner version: '2.330.0'
2025-12-23T15:11:54.5096191Z ##[group]Runner Image Provisioner
2025-12-23T15:11:54.5096974Z Hosted Compute Agent
2025-12-23T15:11:54.5097471Z Version: 20251211.462
2025-12-23T15:11:54.5098028Z Commit: 6cbad8c2bb55d58165063d031ccabf57e2d2db61
2025-12-23T15:11:54.5098653Z Build Date: 2025-12-11T16:28:49Z
2025-12-23T15:11:54.5099262Z Worker ID: {32ceaf01-1d79-4fae-bbed-cc4d4ac176a6}
2025-12-23T15:11:54.5099899Z ##[endgroup]
2025-12-23T15:11:54.5100824Z ##[group]Operating System
2025-12-23T15:11:54.5101354Z Microsoft Windows Server 2025
2025-12-23T15:11:54.5101890Z 10.0.26100
2025-12-23T15:11:54.5102266Z Datacenter
2025-12-23T15:11:54.5102692Z ##[endgroup]
2025-12-23T15:11:54.5103096Z ##[group]Runner Image
2025-12-23T15:11:54.5103583Z Image: windows-2025
2025-12-23T15:11:54.5104042Z Version: 20251216.149.1
2025-12-23T15:11:54.5105350Z Included Software: https://github.com/actions/runner-images/blob/win25/20251216.149/images/windows/Windows2025-Readme.md
2025-12-23T15:11:54.5106722Z Image Release: https://github.com/actions/runner-images/releases/tag/win25%2F20251216.149
2025-12-23T15:11:54.5107566Z ##[endgroup]
2025-12-23T15:11:54.5110054Z ##[group]GITHUB_TOKEN Permissions
2025-12-23T15:11:54.5111972Z Actions: write
2025-12-23T15:11:54.5112473Z ArtifactMetadata: write
2025-12-23T15:11:54.5112982Z Attestations: write
2025-12-23T15:11:54.5113439Z Checks: write
2025-12-23T15:11:54.5113855Z Contents: write
2025-12-23T15:11:54.5114326Z Deployments: write
2025-12-23T15:11:54.5114746Z Discussions: write
2025-12-23T15:11:54.5115197Z Issues: write
2025-12-23T15:11:54.5115602Z Metadata: read
2025-12-23T15:11:54.5116030Z Models: read
2025-12-23T15:11:54.5116460Z Packages: write
2025-12-23T15:11:54.5116903Z Pages: write
2025-12-23T15:11:54.5117310Z PullRequests: write
2025-12-23T15:11:54.5117855Z RepositoryProjects: write
2025-12-23T15:11:54.5118363Z SecurityEvents: write
2025-12-23T15:11:54.5118799Z Statuses: write
2025-12-23T15:11:54.5119262Z ##[endgroup]
2025-12-23T15:11:54.5121810Z Secret source: Actions
2025-12-23T15:11:54.5122532Z Prepare workflow directory
2025-12-23T15:11:54.5463931Z Prepare all required actions
2025-12-23T15:11:54.5516325Z Getting action download info
2025-12-23T15:11:54.9404534Z Download action repository 'actions/checkout@v6.0.1' (SHA:8e8c483db84b4bee98b60c0593521ed34d9990e8)
2025-12-23T15:11:55.1098671Z Download action repository 'actions/setup-python@v6.1.0' (SHA:83679a892e2d95755f2dac6acb0bfd1e9ac5d548)
2025-12-23T15:11:55.4550490Z Complete job name: build (3.14, windows-latest)
2025-12-23T15:11:55.6055198Z ##[group]Run actions/checkout@v6.0.1
2025-12-23T15:11:55.6056274Z with:
2025-12-23T15:11:55.6056662Z   ref: scratch_chat_dev
2025-12-23T15:11:55.6057121Z   repository: Boss-1s/scratchattach
2025-12-23T15:11:55.6057866Z   token: ***
2025-12-23T15:11:55.6058232Z   ssh-strict: true
2025-12-23T15:11:55.6058624Z   ssh-user: git
2025-12-23T15:11:55.6059016Z   persist-credentials: true
2025-12-23T15:11:55.6059454Z   clean: true
2025-12-23T15:11:55.6059892Z   sparse-checkout-cone-mode: true
2025-12-23T15:11:55.6060383Z   fetch-depth: 1
2025-12-23T15:11:55.6060767Z   fetch-tags: false
2025-12-23T15:11:55.6061169Z   show-progress: true
2025-12-23T15:11:55.6061937Z   lfs: false
2025-12-23T15:11:55.6062375Z   submodules: false
2025-12-23T15:11:55.6062786Z   set-safe-directory: true
2025-12-23T15:11:55.6063507Z ##[endgroup]
2025-12-23T15:11:55.7488864Z Syncing repository: Boss-1s/scratchattach
2025-12-23T15:11:55.7490807Z ##[group]Getting Git version info
2025-12-23T15:11:55.7491608Z Working directory is 'D:\a\scratchattach\scratchattach'
2025-12-23T15:11:55.8383830Z [command]"C:\Program Files\Git\bin\git.exe" version
2025-12-23T15:11:56.2343900Z git version 2.52.0.windows.1
2025-12-23T15:11:56.2397403Z ##[endgroup]
2025-12-23T15:11:56.2419272Z Temporarily overriding HOME='D:\a\_temp\c7a7f19c-9dc9-4a8b-a594-1c7d75f9a5fb' before making global git config changes
2025-12-23T15:11:56.2420964Z Adding repository directory to the temporary git global config as a safe directory
2025-12-23T15:11:56.2430337Z [command]"C:\Program Files\Git\bin\git.exe" config --global --add safe.directory D:\a\scratchattach\scratchattach
2025-12-23T15:11:56.3000990Z Deleting the contents of 'D:\a\scratchattach\scratchattach'
2025-12-23T15:11:56.3007872Z ##[group]Initializing the repository
2025-12-23T15:11:56.3017049Z [command]"C:\Program Files\Git\bin\git.exe" init D:\a\scratchattach\scratchattach
2025-12-23T15:11:56.3905882Z Initialized empty Git repository in D:/a/scratchattach/scratchattach/.git/
2025-12-23T15:11:56.3953170Z [command]"C:\Program Files\Git\bin\git.exe" remote add origin https://github.com/Boss-1s/scratchattach
2025-12-23T15:11:56.4489245Z ##[endgroup]
2025-12-23T15:11:56.4490570Z ##[group]Disabling automatic garbage collection
2025-12-23T15:11:56.4499571Z [command]"C:\Program Files\Git\bin\git.exe" config --local gc.auto 0
2025-12-23T15:11:56.4834817Z ##[endgroup]
2025-12-23T15:11:56.4837503Z ##[group]Setting up auth
2025-12-23T15:11:56.4839483Z Removing SSH command configuration
2025-12-23T15:11:56.4852894Z [command]"C:\Program Files\Git\bin\git.exe" config --local --name-only --get-regexp core\.sshCommand
2025-12-23T15:11:56.5180450Z [command]"C:\Program Files\Git\bin\git.exe" submodule foreach --recursive "sh -c \"git config --local --name-only --get-regexp 'core\.sshCommand' && git config --local --unset-all 'core.sshCommand' || :\""
2025-12-23T15:11:57.9185203Z Removing HTTP extra header
2025-12-23T15:11:57.9194710Z [command]"C:\Program Files\Git\bin\git.exe" config --local --name-only --get-regexp http\.https\:\/\/github\.com\/\.extraheader
2025-12-23T15:11:57.9521564Z [command]"C:\Program Files\Git\bin\git.exe" submodule foreach --recursive "sh -c \"git config --local --name-only --get-regexp 'http\.https\:\/\/github\.com\/\.extraheader' && git config --local --unset-all 'http.https://github.com/.extraheader' || :\""
2025-12-23T15:11:58.5123199Z Removing includeIf entries pointing to credentials config files
2025-12-23T15:11:58.5133819Z [command]"C:\Program Files\Git\bin\git.exe" config --local --name-only --get-regexp ^includeIf\.gitdir:
2025-12-23T15:11:58.5449544Z [command]"C:\Program Files\Git\bin\git.exe" submodule foreach --recursive "git config --local --show-origin --name-only --get-regexp remote.origin.url"
2025-12-23T15:11:59.1083781Z [command]"C:\Program Files\Git\bin\git.exe" config --file D:\a\_temp\git-credentials-bb5b867c-e9b1-496b-83ec-7a5025eed51b.config http.https://github.com/.extraheader "AUTHORIZATION: basic ***"
2025-12-23T15:11:59.1426115Z [command]"C:\Program Files\Git\bin\git.exe" config --local includeIf.gitdir:D:/a/scratchattach/scratchattach/.git.path D:\a\_temp\git-credentials-bb5b867c-e9b1-496b-83ec-7a5025eed51b.config
2025-12-23T15:11:59.1756353Z [command]"C:\Program Files\Git\bin\git.exe" config --local includeIf.gitdir:D:/a/scratchattach/scratchattach/.git/worktrees/*.path D:\a\_temp\git-credentials-bb5b867c-e9b1-496b-83ec-7a5025eed51b.config
2025-12-23T15:11:59.2116025Z [command]"C:\Program Files\Git\bin\git.exe" config --local includeIf.gitdir:/github/workspace/.git.path /github/runner_temp/git-credentials-bb5b867c-e9b1-496b-83ec-7a5025eed51b.config
2025-12-23T15:11:59.2436472Z [command]"C:\Program Files\Git\bin\git.exe" config --local includeIf.gitdir:/github/workspace/.git/worktrees/*.path /github/runner_temp/git-credentials-bb5b867c-e9b1-496b-83ec-7a5025eed51b.config
2025-12-23T15:11:59.2765046Z ##[endgroup]
2025-12-23T15:11:59.2765663Z ##[group]Fetching the repository
2025-12-23T15:11:59.2780573Z [command]"C:\Program Files\Git\bin\git.exe" -c protocol.version=2 fetch --no-tags --prune --no-recurse-submodules --depth=1 origin +refs/heads/scratch_chat_dev*:refs/remotes/origin/scratch_chat_dev* +refs/tags/scratch_chat_dev*:refs/tags/scratch_chat_dev*
2025-12-23T15:12:01.5743663Z From https://github.com/Boss-1s/scratchattach
2025-12-23T15:12:01.5744535Z  * [new branch]      scratch_chat_dev -> origin/scratch_chat_dev
2025-12-23T15:12:01.6042673Z ##[endgroup]
2025-12-23T15:12:01.6044905Z ##[group]Determining the checkout info
2025-12-23T15:12:01.6055577Z [command]"C:\Program Files\Git\bin\git.exe" branch --list --remote origin/scratch_chat_dev
2025-12-23T15:12:01.6389126Z   origin/scratch_chat_dev
2025-12-23T15:12:01.6438751Z ##[endgroup]
2025-12-23T15:12:01.6449732Z [command]"C:\Program Files\Git\bin\git.exe" sparse-checkout disable
2025-12-23T15:12:01.6937662Z [command]"C:\Program Files\Git\bin\git.exe" config --local --unset-all extensions.worktreeConfig
2025-12-23T15:12:01.7255539Z ##[group]Checking out the ref
2025-12-23T15:12:01.7265942Z [command]"C:\Program Files\Git\bin\git.exe" checkout --progress --force -B scratch_chat_dev refs/remotes/origin/scratch_chat_dev
2025-12-23T15:12:02.7817960Z Updating files:  82% (1864/2269)
2025-12-23T15:12:02.8728838Z Updating files:  83% (1884/2269)
2025-12-23T15:12:02.8813286Z Updating files:  84% (1906/2269)
2025-12-23T15:12:02.8905780Z Updating files:  85% (1929/2269)
2025-12-23T15:12:02.9002113Z Updating files:  86% (1952/2269)
2025-12-23T15:12:02.9087174Z Updating files:  87% (1975/2269)
2025-12-23T15:12:02.9181937Z Updating files:  88% (1997/2269)
2025-12-23T15:12:02.9304663Z Updating files:  89% (2020/2269)
2025-12-23T15:12:02.9412336Z Updating files:  90% (2043/2269)
2025-12-23T15:12:02.9508802Z Updating files:  91% (2065/2269)
2025-12-23T15:12:02.9612019Z Updating files:  92% (2088/2269)
2025-12-23T15:12:02.9711962Z Updating files:  93% (2111/2269)
2025-12-23T15:12:02.9805957Z Updating files:  94% (2133/2269)
2025-12-23T15:12:02.9901972Z Updating files:  95% (2156/2269)
2025-12-23T15:12:02.9981565Z Updating files:  96% (2179/2269)
2025-12-23T15:12:03.0157562Z Updating files:  97% (2201/2269)
2025-12-23T15:12:03.0272146Z Updating files:  98% (2224/2269)
2025-12-23T15:12:03.0338821Z Updating files:  99% (2247/2269)
2025-12-23T15:12:03.0339324Z Updating files: 100% (2269/2269)
2025-12-23T15:12:03.0339685Z Updating files: 100% (2269/2269), done.
2025-12-23T15:12:03.0556509Z branch 'scratch_chat_dev' set up to track 'origin/scratch_chat_dev'.
2025-12-23T15:12:03.0571147Z Switched to a new branch 'scratch_chat_dev'
2025-12-23T15:12:03.0678896Z ##[endgroup]
2025-12-23T15:12:03.1085823Z [command]"C:\Program Files\Git\bin\git.exe" log -1 --format=%H
2025-12-23T15:12:03.1381493Z 8373eabc9f1f7f2763687c624f9935932c2657af
2025-12-23T15:12:03.1877483Z ##[group]Run actions/setup-python@v6.1.0
2025-12-23T15:12:03.1877807Z with:
2025-12-23T15:12:03.1877984Z   python-version: 3.14
2025-12-23T15:12:03.1878177Z   check-latest: false
2025-12-23T15:12:03.1878531Z   token: ***
2025-12-23T15:12:03.1878706Z   update-environment: true
2025-12-23T15:12:03.1878915Z   allow-prereleases: false
2025-12-23T15:12:03.1879114Z   freethreaded: false
2025-12-23T15:12:03.1879284Z ##[endgroup]
2025-12-23T15:12:03.3491788Z ##[group]Installed versions
2025-12-23T15:12:03.3732742Z (node:4740) [DEP0040] DeprecationWarning: The `punycode` module is deprecated. Please use a userland alternative instead.
2025-12-23T15:12:03.3733397Z (Use `node --trace-deprecation ...` to show where the warning was created)
2025-12-23T15:12:03.3734981Z Successfully set up CPython (3.14.2)
2025-12-23T15:12:03.3735627Z ##[endgroup]
2025-12-23T15:12:03.4005408Z ##[group]Run cd test
2025-12-23T15:12:03.4005732Z [36;1mcd test[0m
2025-12-23T15:12:03.4005921Z [36;1mpython3 test5.py[0m
2025-12-23T15:12:03.4775292Z shell: C:\Program Files\PowerShell\7\pwsh.EXE -command ". '{0}'"
2025-12-23T15:12:03.4775721Z env:
2025-12-23T15:12:03.4776022Z   pythonLocation: C:\hostedtoolcache\windows\Python\3.14.2\x64
2025-12-23T15:12:03.4776536Z   PKG_CONFIG_PATH: C:\hostedtoolcache\windows\Python\3.14.2\x64/lib/pkgconfig
2025-12-23T15:12:03.4777026Z   Python_ROOT_DIR: C:\hostedtoolcache\windows\Python\3.14.2\x64
2025-12-23T15:12:03.4777464Z   Python2_ROOT_DIR: C:\hostedtoolcache\windows\Python\3.14.2\x64
2025-12-23T15:12:03.4777865Z   Python3_ROOT_DIR: C:\hostedtoolcache\windows\Python\3.14.2\x64
2025-12-23T15:12:03.4778182Z ##[endgroup]
2025-12-23T15:12:11.4945272Z File 'test.json' not found. Creating a new one.
2025-12-23T15:12:11.5033512Z Data for key 'test_top_level_key' stored successfully in 'test.json'.
2025-12-23T15:12:11.5111400Z Data for key 'test_top_level_key2' stored successfully in 'test.json'.
2025-12-23T15:12:11.5189420Z Data for key 'test_top_level_key2' stored successfully in 'test.json'.
2025-12-23T15:12:13.5276542Z Data for key 'test_top_level_key' stored successfully in 'test.json'.
2025-12-23T15:12:13.5351613Z Sucessfully changed value skibidi toilet to sigma under key test_top_level_key.sk2.
2025-12-23T15:12:17.5451292Z Successfully deleted key 'test_top_level_key2' from 'test.json'.
2025-12-23T15:12:18.5540570Z Deleted all data from test.json sucessfully.
2025-12-23T15:12:18.5559837Z File 'test.json' not found. Creating a new one.
2025-12-23T15:12:18.5560443Z Data for key 'test_top_level_key' stored successfully in 'test.json'.
2025-12-23T15:12:18.5561166Z Sucessfully added values ['val1', 'skibidi toilet'] to subkeys ['sk1', 'sk2'], respectively.
2025-12-23T15:12:18.5561885Z Data for key 'test_top_level_key2' stored successfully in 'test.json'.
2025-12-23T15:12:18.5562573Z Sucessfully added values ['val1', 'the fate of sigma'] to subkeys ['sk1', 'sk2'], respectively.
2025-12-23T15:12:18.5563214Z Data for key 'test_top_level_key2' stored successfully in 'test.json'.
2025-12-23T15:12:18.5563841Z Sucessfully added values ['val3', 'the fate of shard'] to subkeys ['sk3', 'sk4'], respectively.
2025-12-23T15:12:18.5564510Z Data for key 'test_top_level_key' stored successfully in 'test.json'.
2025-12-23T15:12:18.5565214Z Sucessfully changed value skibidi toilet to sigma under key test_top_level_key.sk2.
2025-12-23T15:12:18.5565824Z Sucessfully set subkey sk2 to value sigma.
2025-12-23T15:12:18.5566211Z ['test_top_level_key', 'test_top_level_key2']
2025-12-23T15:12:18.5566574Z ['sk1: val1', 'sk2: sigma']
2025-12-23T15:12:18.5566988Z Successfully deleted key 'test_top_level_key2' from 'test.json'.
2025-12-23T15:12:18.5567627Z Sucessfully deleted key test_top_level_key2 and all its child data.
2025-12-23T15:12:18.5568179Z Deleted all data from test.json sucessfully.
2025-12-23T15:12:18.5568611Z Sucessfully deleted all data from test.json.
2025-12-23T15:12:18.5569008Z test passed sucessfully
2025-12-23T15:12:18.8779991Z Post job cleanup.
2025-12-23T15:12:19.0373965Z (node:5356) [DEP0040] DeprecationWarning: The `punycode` module is deprecated. Please use a userland alternative instead.
2025-12-23T15:12:19.0374668Z (Use `node --trace-deprecation ...` to show where the warning was created)
2025-12-23T15:12:19.0671554Z Post job cleanup.
2025-12-23T15:12:19.2736854Z [command]"C:\Program Files\Git\bin\git.exe" version
2025-12-23T15:12:19.3018509Z git version 2.52.0.windows.1
2025-12-23T15:12:19.3096469Z Temporarily overriding HOME='D:\a\_temp\3112c672-bd2f-4ce1-9e0b-dbe0d0fca262' before making global git config changes
2025-12-23T15:12:19.3098013Z Adding repository directory to the temporary git global config as a safe directory
2025-12-23T15:12:19.3108995Z [command]"C:\Program Files\Git\bin\git.exe" config --global --add safe.directory D:\a\scratchattach\scratchattach
2025-12-23T15:12:19.3441254Z Removing SSH command configuration
2025-12-23T15:12:19.3455668Z [command]"C:\Program Files\Git\bin\git.exe" config --local --name-only --get-regexp core\.sshCommand
2025-12-23T15:12:19.3874013Z [command]"C:\Program Files\Git\bin\git.exe" submodule foreach --recursive "sh -c \"git config --local --name-only --get-regexp 'core\.sshCommand' && git config --local --unset-all 'core.sshCommand' || :\""
2025-12-23T15:12:20.0115278Z Removing HTTP extra header
2025-12-23T15:12:20.0126467Z [command]"C:\Program Files\Git\bin\git.exe" config --local --name-only --get-regexp http\.https\:\/\/github\.com\/\.extraheader
2025-12-23T15:12:20.0479182Z [command]"C:\Program Files\Git\bin\git.exe" submodule foreach --recursive "sh -c \"git config --local --name-only --get-regexp 'http\.https\:\/\/github\.com\/\.extraheader' && git config --local --unset-all 'http.https://github.com/.extraheader' || :\""
2025-12-23T15:12:20.6694069Z Removing includeIf entries pointing to credentials config files
2025-12-23T15:12:20.6706953Z [command]"C:\Program Files\Git\bin\git.exe" config --local --name-only --get-regexp ^includeIf\.gitdir:
2025-12-23T15:12:20.7046354Z includeif.gitdir:D:/a/scratchattach/scratchattach/.git.path
2025-12-23T15:12:20.7047175Z includeif.gitdir:D:/a/scratchattach/scratchattach/.git/worktrees/*.path
2025-12-23T15:12:20.7047836Z includeif.gitdir:/github/workspace/.git.path
2025-12-23T15:12:20.7048413Z includeif.gitdir:/github/workspace/.git/worktrees/*.path
2025-12-23T15:12:20.7103126Z [command]"C:\Program Files\Git\bin\git.exe" config --local --get-all includeif.gitdir:D:/a/scratchattach/scratchattach/.git.path
2025-12-23T15:12:20.7423636Z D:\a\_temp\git-credentials-bb5b867c-e9b1-496b-83ec-7a5025eed51b.config
2025-12-23T15:12:20.7475521Z [command]"C:\Program Files\Git\bin\git.exe" config --local --unset includeif.gitdir:D:/a/scratchattach/scratchattach/.git.path D:\a\_temp\git-credentials-bb5b867c-e9b1-496b-83ec-7a5025eed51b.config
2025-12-23T15:12:20.7874362Z [command]"C:\Program Files\Git\bin\git.exe" config --local --get-all includeif.gitdir:D:/a/scratchattach/scratchattach/.git/worktrees/*.path
2025-12-23T15:12:20.8181828Z D:\a\_temp\git-credentials-bb5b867c-e9b1-496b-83ec-7a5025eed51b.config
2025-12-23T15:12:20.8237751Z [command]"C:\Program Files\Git\bin\git.exe" config --local --unset includeif.gitdir:D:/a/scratchattach/scratchattach/.git/worktrees/*.path D:\a\_temp\git-credentials-bb5b867c-e9b1-496b-83ec-7a5025eed51b.config
2025-12-23T15:12:20.8595934Z [command]"C:\Program Files\Git\bin\git.exe" config --local --get-all includeif.gitdir:/github/workspace/.git.path
2025-12-23T15:12:20.8896639Z /github/runner_temp/git-credentials-bb5b867c-e9b1-496b-83ec-7a5025eed51b.config
2025-12-23T15:12:20.8952493Z [command]"C:\Program Files\Git\bin\git.exe" config --local --unset includeif.gitdir:/github/workspace/.git.path /github/runner_temp/git-credentials-bb5b867c-e9b1-496b-83ec-7a5025eed51b.config
2025-12-23T15:12:20.9300201Z [command]"C:\Program Files\Git\bin\git.exe" config --local --get-all includeif.gitdir:/github/workspace/.git/worktrees/*.path
2025-12-23T15:12:20.9610285Z /github/runner_temp/git-credentials-bb5b867c-e9b1-496b-83ec-7a5025eed51b.config
2025-12-23T15:12:20.9664496Z [command]"C:\Program Files\Git\bin\git.exe" config --local --unset includeif.gitdir:/github/workspace/.git/worktrees/*.path /github/runner_temp/git-credentials-bb5b867c-e9b1-496b-83ec-7a5025eed51b.config
2025-12-23T15:12:21.0045372Z [command]"C:\Program Files\Git\bin\git.exe" submodule foreach --recursive "git config --local --show-origin --name-only --get-regexp remote.origin.url"
2025-12-23T15:12:21.6119817Z Removing credentials config 'D:\a\_temp\git-credentials-bb5b867c-e9b1-496b-83ec-7a5025eed51b.config'
2025-12-23T15:12:21.6352288Z Cleaning up orphan processes
