2025-12-23T14:58:18.3231300Z Current runner version: '2.330.0'
2025-12-23T14:58:18.3245390Z ##[group]Runner Image Provisioner
2025-12-23T14:58:18.3245850Z Hosted Compute Agent
2025-12-23T14:58:18.3246180Z Version: 20251211.462
2025-12-23T14:58:18.3246550Z Commit: 6cbad8c2bb55d58165063d031ccabf57e2d2db61
2025-12-23T14:58:18.3246970Z Build Date: 2025-12-11T16:28:49Z
2025-12-23T14:58:18.3247370Z Worker ID: {d28ac037-c4ae-4dad-8407-ac4a25ed46b1}
2025-12-23T14:58:18.3247780Z ##[endgroup]
2025-12-23T14:58:18.3248110Z ##[group]Operating System
2025-12-23T14:58:18.3248450Z macOS
2025-12-23T14:58:18.3248740Z 15.7.2
2025-12-23T14:58:18.3249090Z 24G325
2025-12-23T14:58:18.3249360Z ##[endgroup]
2025-12-23T14:58:18.3249650Z ##[group]Runner Image
2025-12-23T14:58:18.3249970Z Image: macos-15-arm64
2025-12-23T14:58:18.3250280Z Version: 20251215.0075.1
2025-12-23T14:58:18.3251440Z Included Software: https://github.com/actions/runner-images/blob/macos-15-arm64/20251215.0075/images/macos/macos-15-arm64-Readme.md
2025-12-23T14:58:18.3252510Z Image Release: https://github.com/actions/runner-images/releases/tag/macos-15-arm64%2F20251215.0075
2025-12-23T14:58:18.3253110Z ##[endgroup]
2025-12-23T14:58:18.3254900Z ##[group]GITHUB_TOKEN Permissions
2025-12-23T14:58:18.3256540Z Actions: write
2025-12-23T14:58:18.3256850Z ArtifactMetadata: write
2025-12-23T14:58:18.3257170Z Attestations: write
2025-12-23T14:58:18.3257470Z Checks: write
2025-12-23T14:58:18.3257760Z Contents: write
2025-12-23T14:58:18.3258090Z Deployments: write
2025-12-23T14:58:18.3258410Z Discussions: write
2025-12-23T14:58:18.3258710Z Issues: write
2025-12-23T14:58:18.3259000Z Metadata: read
2025-12-23T14:58:18.3259290Z Models: read
2025-12-23T14:58:18.3259570Z Packages: write
2025-12-23T14:58:18.3259870Z Pages: write
2025-12-23T14:58:18.3260190Z PullRequests: write
2025-12-23T14:58:18.3260580Z RepositoryProjects: write
2025-12-23T14:58:18.3260910Z SecurityEvents: write
2025-12-23T14:58:18.3261300Z Statuses: write
2025-12-23T14:58:18.3261600Z ##[endgroup]
2025-12-23T14:58:18.3263140Z Secret source: Actions
2025-12-23T14:58:18.3263540Z Prepare workflow directory
2025-12-23T14:58:18.3496790Z Prepare all required actions
2025-12-23T14:58:18.3525960Z Getting action download info
2025-12-23T14:58:18.5735280Z Download action repository 'actions/checkout@v6.0.1' (SHA:8e8c483db84b4bee98b60c0593521ed34d9990e8)
2025-12-23T14:58:18.8867350Z Download action repository 'actions/setup-python@v6.1.0' (SHA:83679a892e2d95755f2dac6acb0bfd1e9ac5d548)
2025-12-23T14:58:19.1253610Z Complete job name: build (3.12, macos-latest)
2025-12-23T14:58:19.1670920Z ##[group]Run actions/checkout@v6.0.1
2025-12-23T14:58:19.1671440Z with:
2025-12-23T14:58:19.1671710Z   ref: scratch_chat_dev
2025-12-23T14:58:19.1672030Z   repository: Boss-1s/scratchattach
2025-12-23T14:58:19.1672520Z   token: ***
2025-12-23T14:58:19.1672790Z   ssh-strict: true
2025-12-23T14:58:19.1673070Z   ssh-user: git
2025-12-23T14:58:19.1673350Z   persist-credentials: true
2025-12-23T14:58:19.1673670Z   clean: true
2025-12-23T14:58:19.1673960Z   sparse-checkout-cone-mode: true
2025-12-23T14:58:19.1674300Z   fetch-depth: 1
2025-12-23T14:58:19.1674580Z   fetch-tags: false
2025-12-23T14:58:19.1674860Z   show-progress: true
2025-12-23T14:58:19.1675150Z   lfs: false
2025-12-23T14:58:19.1675420Z   submodules: false
2025-12-23T14:58:19.1675710Z   set-safe-directory: true
2025-12-23T14:58:19.1676120Z ##[endgroup]
2025-12-23T14:58:19.7589450Z Syncing repository: Boss-1s/scratchattach
2025-12-23T14:58:19.7593690Z ##[group]Getting Git version info
2025-12-23T14:58:19.7596030Z Working directory is '/Users/runner/work/scratchattach/scratchattach'
2025-12-23T14:58:19.7622530Z [command]/opt/homebrew/bin/git version
2025-12-23T14:58:19.8421520Z git version 2.50.1
2025-12-23T14:58:19.8454870Z ##[endgroup]
2025-12-23T14:58:19.8461030Z Copying '/Users/runner/.gitconfig' to '/Users/runner/work/_temp/fd717035-cd3b-4f89-8d75-815bdf3c6aaf/.gitconfig'
2025-12-23T14:58:19.8466790Z Temporarily overriding HOME='/Users/runner/work/_temp/fd717035-cd3b-4f89-8d75-815bdf3c6aaf' before making global git config changes
2025-12-23T14:58:19.8468740Z Adding repository directory to the temporary git global config as a safe directory
2025-12-23T14:58:19.8472320Z [command]/opt/homebrew/bin/git config --global --add safe.directory /Users/runner/work/scratchattach/scratchattach
2025-12-23T14:58:19.8652730Z Deleting the contents of '/Users/runner/work/scratchattach/scratchattach'
2025-12-23T14:58:19.8654670Z ##[group]Initializing the repository
2025-12-23T14:58:19.8655720Z [command]/opt/homebrew/bin/git init /Users/runner/work/scratchattach/scratchattach
2025-12-23T14:58:19.8852470Z hint: Using 'master' as the name for the initial branch. This default branch name
2025-12-23T14:58:19.8853930Z hint: is subject to change. To configure the initial branch name to use in all
2025-12-23T14:58:19.8856810Z hint: of your new repositories, which will suppress this warning, call:
2025-12-23T14:58:19.8857490Z hint:
2025-12-23T14:58:19.8858170Z hint: 	git config --global init.defaultBranch <name>
2025-12-23T14:58:19.8858720Z hint:
2025-12-23T14:58:19.8860420Z hint: Names commonly chosen instead of 'master' are 'main', 'trunk' and
2025-12-23T14:58:19.8861300Z hint: 'development'. The just-created branch can be renamed via this command:
2025-12-23T14:58:19.8861900Z hint:
2025-12-23T14:58:19.8862360Z hint: 	git branch -m <name>
2025-12-23T14:58:19.8862880Z hint:
2025-12-23T14:58:19.8863510Z hint: Disable this message with "git config set advice.defaultBranchName false"
2025-12-23T14:58:19.8865960Z Initialized empty Git repository in /Users/runner/work/scratchattach/scratchattach/.git/
2025-12-23T14:58:19.8868240Z [command]/opt/homebrew/bin/git remote add origin https://github.com/Boss-1s/scratchattach
2025-12-23T14:58:19.8941060Z ##[endgroup]
2025-12-23T14:58:19.8944660Z ##[group]Disabling automatic garbage collection
2025-12-23T14:58:19.8953360Z [command]/opt/homebrew/bin/git config --local gc.auto 0
2025-12-23T14:58:19.9050060Z ##[endgroup]
2025-12-23T14:58:19.9051190Z ##[group]Setting up auth
2025-12-23T14:58:19.9052030Z Removing SSH command configuration
2025-12-23T14:58:19.9053230Z [command]/opt/homebrew/bin/git config --local --name-only --get-regexp core\.sshCommand
2025-12-23T14:58:19.9078620Z [command]/opt/homebrew/bin/git submodule foreach --recursive sh -c "git config --local --name-only --get-regexp 'core\.sshCommand' && git config --local --unset-all 'core.sshCommand' || :"
2025-12-23T14:58:20.0272980Z Removing HTTP extra header
2025-12-23T14:58:20.0274790Z [command]/opt/homebrew/bin/git config --local --name-only --get-regexp http\.https\:\/\/github\.com\/\.extraheader
2025-12-23T14:58:20.0338010Z [command]/opt/homebrew/bin/git submodule foreach --recursive sh -c "git config --local --name-only --get-regexp 'http\.https\:\/\/github\.com\/\.extraheader' && git config --local --unset-all 'http.https://github.com/.extraheader' || :"
2025-12-23T14:58:20.1065950Z Removing includeIf entries pointing to credentials config files
2025-12-23T14:58:20.1133430Z [command]/opt/homebrew/bin/git config --local --name-only --get-regexp ^includeIf\.gitdir:
2025-12-23T14:58:20.1440240Z [command]/opt/homebrew/bin/git submodule foreach --recursive git config --local --show-origin --name-only --get-regexp remote.origin.url
2025-12-23T14:58:20.2215400Z [command]/opt/homebrew/bin/git config --file /Users/runner/work/_temp/git-credentials-629e64e0-fc33-4c14-8cb5-cfc0e43e95ae.config http.https://github.com/.extraheader AUTHORIZATION: basic ***
2025-12-23T14:58:20.2313420Z [command]/opt/homebrew/bin/git config --local includeIf.gitdir:/Users/runner/work/scratchattach/scratchattach/.git.path /Users/runner/work/_temp/git-credentials-629e64e0-fc33-4c14-8cb5-cfc0e43e95ae.config
2025-12-23T14:58:20.2316520Z [command]/opt/homebrew/bin/git config --local includeIf.gitdir:/Users/runner/work/scratchattach/scratchattach/.git/worktrees/*.path /Users/runner/work/_temp/git-credentials-629e64e0-fc33-4c14-8cb5-cfc0e43e95ae.config
2025-12-23T14:58:20.2318940Z [command]/opt/homebrew/bin/git config --local includeIf.gitdir:/github/workspace/.git.path /github/runner_temp/git-credentials-629e64e0-fc33-4c14-8cb5-cfc0e43e95ae.config
2025-12-23T14:58:20.2352610Z [command]/opt/homebrew/bin/git config --local includeIf.gitdir:/github/workspace/.git/worktrees/*.path /github/runner_temp/git-credentials-629e64e0-fc33-4c14-8cb5-cfc0e43e95ae.config
2025-12-23T14:58:20.2442930Z ##[endgroup]
2025-12-23T14:58:20.2502030Z ##[group]Fetching the repository
2025-12-23T14:58:20.2511240Z [command]/opt/homebrew/bin/git -c protocol.version=2 fetch --no-tags --prune --no-recurse-submodules --depth=1 origin +refs/heads/scratch_chat_dev*:refs/remotes/origin/scratch_chat_dev* +refs/tags/scratch_chat_dev*:refs/tags/scratch_chat_dev*
2025-12-23T14:58:23.9492710Z From https://github.com/Boss-1s/scratchattach
2025-12-23T14:58:23.9493950Z  * [new branch]      scratch_chat_dev -> origin/scratch_chat_dev
2025-12-23T14:58:23.9566340Z ##[endgroup]
2025-12-23T14:58:23.9568310Z ##[group]Determining the checkout info
2025-12-23T14:58:23.9569410Z [command]/opt/homebrew/bin/git branch --list --remote origin/scratch_chat_dev
2025-12-23T14:58:23.9641020Z   origin/scratch_chat_dev
2025-12-23T14:58:23.9643940Z ##[endgroup]
2025-12-23T14:58:23.9645450Z [command]/opt/homebrew/bin/git sparse-checkout disable
2025-12-23T14:58:23.9725560Z [command]/opt/homebrew/bin/git config --local --unset-all extensions.worktreeConfig
2025-12-23T14:58:23.9779510Z ##[group]Checking out the ref
2025-12-23T14:58:23.9781500Z [command]/opt/homebrew/bin/git checkout --progress --force -B scratch_chat_dev refs/remotes/origin/scratch_chat_dev
2025-12-23T14:58:24.6912870Z Switched to a new branch 'scratch_chat_dev'
2025-12-23T14:58:24.7014190Z branch 'scratch_chat_dev' set up to track 'origin/scratch_chat_dev'.
2025-12-23T14:58:24.7056120Z ##[endgroup]
2025-12-23T14:58:24.7173030Z [command]/opt/homebrew/bin/git log -1 --format=%H
2025-12-23T14:58:24.7175820Z 687746c41cf69b14c466aa39e6cd8107e9948add
2025-12-23T14:58:24.7365210Z ##[group]Run actions/setup-python@v6.1.0
2025-12-23T14:58:24.7365520Z with:
2025-12-23T14:58:24.7365730Z   python-version: 3.12
2025-12-23T14:58:24.7366000Z   check-latest: false
2025-12-23T14:58:24.7366380Z   token: ***
2025-12-23T14:58:24.7366560Z   update-environment: true
2025-12-23T14:58:24.7366740Z   allow-prereleases: false
2025-12-23T14:58:24.7366930Z   freethreaded: false
2025-12-23T14:58:24.7367100Z ##[endgroup]
2025-12-23T14:58:24.8672110Z ##[group]Installed versions
2025-12-23T14:58:24.8732320Z (node:6343) [DEP0040] DeprecationWarning: The `punycode` module is deprecated. Please use a userland alternative instead.
2025-12-23T14:58:24.8756360Z (Use `node --trace-deprecation ...` to show where the warning was created)
2025-12-23T14:58:24.8756770Z Successfully set up CPython (3.12.10)
2025-12-23T14:58:24.8778830Z ##[endgroup]
2025-12-23T14:58:24.8834910Z ##[group]Run cd test
2025-12-23T14:58:24.8835130Z [36;1mcd test[0m
2025-12-23T14:58:24.8835270Z [36;1mpython3 test5.py[0m
2025-12-23T14:58:24.8890090Z shell: /bin/bash -e {0}
2025-12-23T14:58:24.8890300Z env:
2025-12-23T14:58:24.8890560Z   pythonLocation: /Users/runner/hostedtoolcache/Python/3.12.10/arm64
2025-12-23T14:58:24.8890990Z   PKG_CONFIG_PATH: /Users/runner/hostedtoolcache/Python/3.12.10/arm64/lib/pkgconfig
2025-12-23T14:58:24.8891390Z   Python_ROOT_DIR: /Users/runner/hostedtoolcache/Python/3.12.10/arm64
2025-12-23T14:58:24.8891750Z   Python2_ROOT_DIR: /Users/runner/hostedtoolcache/Python/3.12.10/arm64
2025-12-23T14:58:24.8892130Z   Python3_ROOT_DIR: /Users/runner/hostedtoolcache/Python/3.12.10/arm64
2025-12-23T14:58:24.8892390Z ##[endgroup]
2025-12-23T14:58:25.0461990Z Traceback (most recent call last):
2025-12-23T14:58:25.0468500Z   File "/Users/runner/work/scratchattach/scratchattach/test/test5.py", line 1, in <module>
2025-12-23T14:58:25.0469120Z     from key_multivalue_storage import Storage as s
2025-12-23T14:58:25.0469440Z ModuleNotFoundError: No module named 'key_multivalue_storage'
2025-12-23T14:58:25.0489930Z ##[error]Process completed with exit code 1.
2025-12-23T14:58:25.0571170Z Post job cleanup.
2025-12-23T14:58:25.1335180Z [command]/opt/homebrew/bin/git version
2025-12-23T14:58:25.1409030Z git version 2.50.1
2025-12-23T14:58:25.1448880Z Copying '/Users/runner/.gitconfig' to '/Users/runner/work/_temp/16733b34-bf99-45dc-8851-975861943a79/.gitconfig'
2025-12-23T14:58:25.1449600Z Temporarily overriding HOME='/Users/runner/work/_temp/16733b34-bf99-45dc-8851-975861943a79' before making global git config changes
2025-12-23T14:58:25.1450220Z Adding repository directory to the temporary git global config as a safe directory
2025-12-23T14:58:25.1450780Z [command]/opt/homebrew/bin/git config --global --add safe.directory /Users/runner/work/scratchattach/scratchattach
2025-12-23T14:58:25.1483180Z Removing SSH command configuration
2025-12-23T14:58:25.1485120Z [command]/opt/homebrew/bin/git config --local --name-only --get-regexp core\.sshCommand
2025-12-23T14:58:25.1539600Z [command]/opt/homebrew/bin/git submodule foreach --recursive sh -c "git config --local --name-only --get-regexp 'core\.sshCommand' && git config --local --unset-all 'core.sshCommand' || :"
2025-12-23T14:58:25.2229010Z Removing HTTP extra header
2025-12-23T14:58:25.2232510Z [command]/opt/homebrew/bin/git config --local --name-only --get-regexp http\.https\:\/\/github\.com\/\.extraheader
2025-12-23T14:58:25.2281910Z [command]/opt/homebrew/bin/git submodule foreach --recursive sh -c "git config --local --name-only --get-regexp 'http\.https\:\/\/github\.com\/\.extraheader' && git config --local --unset-all 'http.https://github.com/.extraheader' || :"
2025-12-23T14:58:25.2968700Z Removing includeIf entries pointing to credentials config files
2025-12-23T14:58:25.2973180Z [command]/opt/homebrew/bin/git config --local --name-only --get-regexp ^includeIf\.gitdir:
2025-12-23T14:58:25.3027790Z includeif.gitdir:/Users/runner/work/scratchattach/scratchattach/.git.path
2025-12-23T14:58:25.3030200Z includeif.gitdir:/Users/runner/work/scratchattach/scratchattach/.git/worktrees/*.path
2025-12-23T14:58:25.3030700Z includeif.gitdir:/github/workspace/.git.path
2025-12-23T14:58:25.3031060Z includeif.gitdir:/github/workspace/.git/worktrees/*.path
2025-12-23T14:58:25.3033430Z [command]/opt/homebrew/bin/git config --local --get-all includeif.gitdir:/Users/runner/work/scratchattach/scratchattach/.git.path
2025-12-23T14:58:25.3083790Z /Users/runner/work/_temp/git-credentials-629e64e0-fc33-4c14-8cb5-cfc0e43e95ae.config
2025-12-23T14:58:25.3093110Z [command]/opt/homebrew/bin/git config --local --unset includeif.gitdir:/Users/runner/work/scratchattach/scratchattach/.git.path /Users/runner/work/_temp/git-credentials-629e64e0-fc33-4c14-8cb5-cfc0e43e95ae.config
2025-12-23T14:58:25.3150150Z [command]/opt/homebrew/bin/git config --local --get-all includeif.gitdir:/Users/runner/work/scratchattach/scratchattach/.git/worktrees/*.path
2025-12-23T14:58:25.3199970Z /Users/runner/work/_temp/git-credentials-629e64e0-fc33-4c14-8cb5-cfc0e43e95ae.config
2025-12-23T14:58:25.3218680Z [command]/opt/homebrew/bin/git config --local --unset includeif.gitdir:/Users/runner/work/scratchattach/scratchattach/.git/worktrees/*.path /Users/runner/work/_temp/git-credentials-629e64e0-fc33-4c14-8cb5-cfc0e43e95ae.config
2025-12-23T14:58:25.3292710Z [command]/opt/homebrew/bin/git config --local --get-all includeif.gitdir:/github/workspace/.git.path
2025-12-23T14:58:25.3321290Z /github/runner_temp/git-credentials-629e64e0-fc33-4c14-8cb5-cfc0e43e95ae.config
2025-12-23T14:58:25.3326670Z [command]/opt/homebrew/bin/git config --local --unset includeif.gitdir:/github/workspace/.git.path /github/runner_temp/git-credentials-629e64e0-fc33-4c14-8cb5-cfc0e43e95ae.config
2025-12-23T14:58:25.3383780Z [command]/opt/homebrew/bin/git config --local --get-all includeif.gitdir:/github/workspace/.git/worktrees/*.path
2025-12-23T14:58:25.3456840Z /github/runner_temp/git-credentials-629e64e0-fc33-4c14-8cb5-cfc0e43e95ae.config
2025-12-23T14:58:25.3475930Z [command]/opt/homebrew/bin/git config --local --unset includeif.gitdir:/github/workspace/.git/worktrees/*.path /github/runner_temp/git-credentials-629e64e0-fc33-4c14-8cb5-cfc0e43e95ae.config
2025-12-23T14:58:25.3573210Z [command]/opt/homebrew/bin/git submodule foreach --recursive git config --local --show-origin --name-only --get-regexp remote.origin.url
2025-12-23T14:58:25.4824540Z Removing credentials config '/Users/runner/work/_temp/git-credentials-629e64e0-fc33-4c14-8cb5-cfc0e43e95ae.config'
2025-12-23T14:58:25.4873600Z Cleaning up orphan processes
