2025-11-06T01:47:35.5758603Z Current runner version: '2.329.0'
2025-11-06T01:47:35.5781418Z ##[group]Runner Image Provisioner
2025-11-06T01:47:35.5782223Z Hosted Compute Agent
2025-11-06T01:47:35.5782867Z Version: 20251016.436
2025-11-06T01:47:35.5783517Z Commit: 8ab8ac8bfd662a3739dab9fe09456aba92132568
2025-11-06T01:47:35.5784212Z Build Date: 2025-10-15T20:44:12Z
2025-11-06T01:47:35.5784897Z ##[endgroup]
2025-11-06T01:47:35.5785455Z ##[group]Operating System
2025-11-06T01:47:35.5786042Z Ubuntu
2025-11-06T01:47:35.5786506Z 24.04.3
2025-11-06T01:47:35.5787063Z LTS
2025-11-06T01:47:35.5787517Z ##[endgroup]
2025-11-06T01:47:35.5788247Z ##[group]Runner Image
2025-11-06T01:47:35.5788914Z Image: ubuntu-24.04
2025-11-06T01:47:35.5789412Z Version: 20251030.96.2
2025-11-06T01:47:35.5790490Z Included Software: https://github.com/actions/runner-images/blob/ubuntu24/20251030.96/images/ubuntu/Ubuntu2404-Readme.md
2025-11-06T01:47:35.5792113Z Image Release: https://github.com/actions/runner-images/releases/tag/ubuntu24%2F20251030.96
2025-11-06T01:47:35.5793065Z ##[endgroup]
2025-11-06T01:47:35.5794298Z ##[group]GITHUB_TOKEN Permissions
2025-11-06T01:47:35.5796450Z Contents: write
2025-11-06T01:47:35.5797373Z Metadata: read
2025-11-06T01:47:35.5798107Z ##[endgroup]
2025-11-06T01:47:35.5800564Z Secret source: Actions
2025-11-06T01:47:35.5801426Z Prepare workflow directory
2025-11-06T01:47:35.6375315Z Prepare all required actions
2025-11-06T01:47:35.6421330Z Getting action download info
2025-11-06T01:47:36.0698369Z Download action repository 'actions/checkout@ff7abcd0c3c05ccf6adc123a8cd1fd4fb30fb493' (SHA:ff7abcd0c3c05ccf6adc123a8cd1fd4fb30fb493)
2025-11-06T01:47:36.2406604Z Download action repository 'actions/setup-python@v6' (SHA:e797f83bcb11b83ae66e0230d6156d7c80228e7c)
2025-11-06T01:47:36.4431704Z Download action repository 'actions/cache@0057852bfaa89a56745cba8c7296529d2fc39830' (SHA:0057852bfaa89a56745cba8c7296529d2fc39830)
2025-11-06T01:47:36.5880175Z Download action repository 'actions/component-detection-dependency-submission-action@374343effede691df3a5ffaf36b4e7acab919590' (SHA:374343effede691df3a5ffaf36b4e7acab919590)
2025-11-06T01:47:37.3791333Z Complete job name: submit-pypi
2025-11-06T01:47:37.4525694Z ##[group]Run actions/checkout@ff7abcd0c3c05ccf6adc123a8cd1fd4fb30fb493
2025-11-06T01:47:37.4527446Z with:
2025-11-06T01:47:37.4528412Z   ref: refs/heads/main
2025-11-06T01:47:37.4529320Z   repository: Boss-1s/scratchattach
2025-11-06T01:47:37.4530621Z   token: ***
2025-11-06T01:47:37.4531382Z   ssh-strict: true
2025-11-06T01:47:37.4532179Z   ssh-user: git
2025-11-06T01:47:37.4533040Z   persist-credentials: true
2025-11-06T01:47:37.4533956Z   clean: true
2025-11-06T01:47:37.4534776Z   sparse-checkout-cone-mode: true
2025-11-06T01:47:37.4535776Z   fetch-depth: 1
2025-11-06T01:47:37.4536569Z   fetch-tags: false
2025-11-06T01:47:37.4537393Z   show-progress: true
2025-11-06T01:47:37.4538341Z   lfs: false
2025-11-06T01:47:37.4539092Z   submodules: false
2025-11-06T01:47:37.4539908Z   set-safe-directory: true
2025-11-06T01:47:37.4541044Z env:
2025-11-06T01:47:37.4541788Z   SKIP_CACHE: 
2025-11-06T01:47:37.4542540Z ##[endgroup]
2025-11-06T01:47:37.5469262Z Syncing repository: Boss-1s/scratchattach
2025-11-06T01:47:37.5472438Z ##[group]Getting Git version info
2025-11-06T01:47:37.5474452Z Working directory is '/home/runner/work/scratchattach/scratchattach'
2025-11-06T01:47:37.5476608Z [command]/usr/bin/git version
2025-11-06T01:47:37.5527116Z git version 2.51.2
2025-11-06T01:47:37.5580663Z ##[endgroup]
2025-11-06T01:47:37.5595508Z Temporarily overriding HOME='/home/runner/work/_temp/c0b6cb9b-2822-45b7-8b8b-ba60d20f16d5' before making global git config changes
2025-11-06T01:47:37.5599452Z Adding repository directory to the temporary git global config as a safe directory
2025-11-06T01:47:37.5601830Z [command]/usr/bin/git config --global --add safe.directory /home/runner/work/scratchattach/scratchattach
2025-11-06T01:47:37.5638160Z Deleting the contents of '/home/runner/work/scratchattach/scratchattach'
2025-11-06T01:47:37.5642066Z ##[group]Initializing the repository
2025-11-06T01:47:37.5647042Z [command]/usr/bin/git init /home/runner/work/scratchattach/scratchattach
2025-11-06T01:47:37.5741880Z hint: Using 'master' as the name for the initial branch. This default branch name
2025-11-06T01:47:37.5744211Z hint: is subject to change. To configure the initial branch name to use in all
2025-11-06T01:47:37.5747347Z hint: of your new repositories, which will suppress this warning, call:
2025-11-06T01:47:37.5750123Z hint:
2025-11-06T01:47:37.5751819Z hint: 	git config --global init.defaultBranch <name>
2025-11-06T01:47:37.5753894Z hint:
2025-11-06T01:47:37.5755840Z hint: Names commonly chosen instead of 'master' are 'main', 'trunk' and
2025-11-06T01:47:37.5759460Z hint: 'development'. The just-created branch can be renamed via this command:
2025-11-06T01:47:37.5762002Z hint:
2025-11-06T01:47:37.5763224Z hint: 	git branch -m <name>
2025-11-06T01:47:37.5764698Z hint:
2025-11-06T01:47:37.5766136Z hint: Disable this message with "git config set advice.defaultBranchName false"
2025-11-06T01:47:37.5768513Z Initialized empty Git repository in /home/runner/work/scratchattach/scratchattach/.git/
2025-11-06T01:47:37.5772725Z [command]/usr/bin/git remote add origin https://github.com/Boss-1s/scratchattach
2025-11-06T01:47:37.5795242Z ##[endgroup]
2025-11-06T01:47:37.5798080Z ##[group]Disabling automatic garbage collection
2025-11-06T01:47:37.5800343Z [command]/usr/bin/git config --local gc.auto 0
2025-11-06T01:47:37.5828781Z ##[endgroup]
2025-11-06T01:47:37.5831119Z ##[group]Setting up auth
2025-11-06T01:47:37.5835801Z [command]/usr/bin/git config --local --name-only --get-regexp core\.sshCommand
2025-11-06T01:47:37.5869506Z [command]/usr/bin/git submodule foreach --recursive sh -c "git config --local --name-only --get-regexp 'core\.sshCommand' && git config --local --unset-all 'core.sshCommand' || :"
2025-11-06T01:47:37.6216680Z [command]/usr/bin/git config --local --name-only --get-regexp http\.https\:\/\/github\.com\/\.extraheader
2025-11-06T01:47:37.6253000Z [command]/usr/bin/git submodule foreach --recursive sh -c "git config --local --name-only --get-regexp 'http\.https\:\/\/github\.com\/\.extraheader' && git config --local --unset-all 'http.https://github.com/.extraheader' || :"
2025-11-06T01:47:37.6498725Z [command]/usr/bin/git config --local http.https://github.com/.extraheader AUTHORIZATION: basic ***
2025-11-06T01:47:37.6538760Z ##[endgroup]
2025-11-06T01:47:37.6541224Z ##[group]Fetching the repository
2025-11-06T01:47:37.6551467Z [command]/usr/bin/git -c protocol.version=2 fetch --no-tags --prune --no-recurse-submodules --depth=1 origin +refs/heads/main:refs/remotes/origin/main
2025-11-06T01:47:38.9434208Z From https://github.com/Boss-1s/scratchattach
2025-11-06T01:47:38.9435600Z  * [new branch]      main       -> origin/main
2025-11-06T01:47:38.9465832Z ##[endgroup]
2025-11-06T01:47:38.9466299Z ##[group]Determining the checkout info
2025-11-06T01:47:38.9469073Z ##[endgroup]
2025-11-06T01:47:38.9474750Z [command]/usr/bin/git sparse-checkout disable
2025-11-06T01:47:38.9515351Z [command]/usr/bin/git config --local --unset-all extensions.worktreeConfig
2025-11-06T01:47:38.9541032Z ##[group]Checking out the ref
2025-11-06T01:47:38.9544987Z [command]/usr/bin/git checkout --progress --force -B main refs/remotes/origin/main
2025-11-06T01:47:39.2925654Z Switched to a new branch 'main'
2025-11-06T01:47:39.2926990Z branch 'main' set up to track 'origin/main'.
2025-11-06T01:47:39.2969963Z ##[endgroup]
2025-11-06T01:47:39.3013119Z [command]/usr/bin/git log -1 --format=%H
2025-11-06T01:47:39.3037040Z a7d5431f7bcdabc17084f44d906c0db542d25ffb
2025-11-06T01:47:39.3260811Z ##[group]Run actions/setup-python@v6
2025-11-06T01:47:39.3261167Z with:
2025-11-06T01:47:39.3261408Z   check-latest: false
2025-11-06T01:47:39.3261794Z   token: ***
2025-11-06T01:47:39.3262035Z   update-environment: true
2025-11-06T01:47:39.3262313Z   allow-prereleases: false
2025-11-06T01:47:39.3262581Z   freethreaded: false
2025-11-06T01:47:39.3262813Z env:
2025-11-06T01:47:39.3263009Z   SKIP_CACHE: 
2025-11-06T01:47:39.3263230Z ##[endgroup]
2025-11-06T01:47:39.4511456Z [warning]Neither 'python-version' nor 'python-version-file' inputs were supplied. Attempting to find '.python-version' file.
2025-11-06T01:47:39.4512555Z [warning].python-version doesn't exist.
2025-11-06T01:47:39.4536601Z ##[warning]The `python-version` input is not set.  The version of Python currently in `PATH` will be used.
2025-11-06T01:47:39.4544658Z (node:2049) [DEP0040] DeprecationWarning: The `punycode` module is deprecated. Please use a userland alternative instead.
2025-11-06T01:47:39.4545485Z (Use `node --trace-deprecation ...` to show where the warning was created)
2025-11-06T01:47:39.4646695Z ##[group]Run version=$(python --version)
2025-11-06T01:47:39.4647142Z [36;1mversion=$(python --version)[0m
2025-11-06T01:47:39.4647512Z [36;1mecho "::notice::Using python version: $version"[0m
2025-11-06T01:47:39.4648670Z [36;1mpip install "pip<25.3" # Temporary pin to avoid issues with pip 25.3+[0m
2025-11-06T01:47:39.4649142Z [36;1mpip_version=$(pip --version)[0m
2025-11-06T01:47:39.4649534Z [36;1mecho "::notice::Using pip version: $pip_version"[0m
2025-11-06T01:47:39.4649896Z [36;1mpip install pip-tools[0m
2025-11-06T01:47:39.4650232Z [36;1mpip_compile_version=$(pip-compile --version)[0m
2025-11-06T01:47:39.4650655Z [36;1mecho "::notice::Using pip-compile version: $pip_compile_version"[0m
2025-11-06T01:47:39.4689439Z shell: /usr/bin/bash --noprofile --norc -e -o pipefail {0}
2025-11-06T01:47:39.4689833Z env:
2025-11-06T01:47:39.4690040Z   SKIP_CACHE: 
2025-11-06T01:47:39.4690268Z ##[endgroup]
2025-11-06T01:47:39.4780249Z ##[notice]Using python version: Python 3.12.3
2025-11-06T01:47:40.8386661Z Defaulting to user installation because normal site-packages is not writeable
2025-11-06T01:47:41.8972533Z Requirement already satisfied: pip<25.3 in /usr/lib/python3/dist-packages (24.0)
2025-11-06T01:47:42.4425950Z ##[notice]Using pip version: pip 24.0 from /usr/lib/python3/dist-packages/pip (python 3.12)
2025-11-06T01:47:42.7029929Z Defaulting to user installation because normal site-packages is not writeable
2025-11-06T01:47:43.4848494Z Collecting pip-tools
2025-11-06T01:47:43.5819155Z   Downloading pip_tools-7.5.1-py3-none-any.whl.metadata (26 kB)
2025-11-06T01:47:43.6364195Z Collecting build>=1.0.0 (from pip-tools)
2025-11-06T01:47:43.6561830Z   Downloading build-1.3.0-py3-none-any.whl.metadata (5.6 kB)
2025-11-06T01:47:43.6605485Z Requirement already satisfied: click>=8 in /usr/lib/python3/dist-packages (from pip-tools) (8.1.6)
2025-11-06T01:47:43.6614087Z Requirement already satisfied: pip>=22.2 in /usr/lib/python3/dist-packages (from pip-tools) (24.0)
2025-11-06T01:47:43.6889046Z Collecting pyproject_hooks (from pip-tools)
2025-11-06T01:47:43.7081062Z   Downloading pyproject_hooks-1.2.0-py3-none-any.whl.metadata (1.3 kB)
2025-11-06T01:47:43.7116328Z Requirement already satisfied: setuptools in /usr/lib/python3/dist-packages (from pip-tools) (68.1.2)
2025-11-06T01:47:43.7126144Z Requirement already satisfied: wheel in /usr/lib/python3/dist-packages (from pip-tools) (0.42.0)
2025-11-06T01:47:43.7220515Z Requirement already satisfied: packaging>=19.1 in /usr/lib/python3/dist-packages (from build>=1.0.0->pip-tools) (24.0)
2025-11-06T01:47:43.7484565Z Downloading pip_tools-7.5.1-py3-none-any.whl (65 kB)
2025-11-06T01:47:43.7689629Z    ━━━━━━━━━━━━━━━━━━━━━━━━━━━━━━━━━━━━━━━━ 65.3/65.3 kB 3.0 MB/s eta 0:00:00
2025-11-06T01:47:43.7881068Z Downloading build-1.3.0-py3-none-any.whl (23 kB)
2025-11-06T01:47:43.8093319Z Downloading pyproject_hooks-1.2.0-py3-none-any.whl (10 kB)
2025-11-06T01:47:44.0678608Z Installing collected packages: pyproject_hooks, build, pip-tools
2025-11-06T01:47:44.1382148Z Successfully installed build-1.3.0 pip-tools-7.5.1 pyproject_hooks-1.2.0
2025-11-06T01:47:44.5891624Z ##[notice]Using pip-compile version: pip-compile, version 7.5.1
2025-11-06T01:47:44.5942133Z ##[group]Run if [[ -n "" ]]; then
2025-11-06T01:47:44.5942454Z [36;1mif [[ -n "" ]]; then[0m
2025-11-06T01:47:44.5942814Z [36;1m  echo "Python cache disabled via 'GH_DEPENDENCY_SUBMISSION_SKIP_CACHE'"[0m
2025-11-06T01:47:44.5943386Z [36;1melse[0m
2025-11-06T01:47:44.5943804Z [36;1m  echo "Caching Python packages. Set 'GH_DEPENDENCY_SUBMISSION_SKIP_CACHE=true' to skip caching in future."[0m
2025-11-06T01:47:44.5944270Z [36;1mfi[0m
2025-11-06T01:47:44.5975823Z shell: /usr/bin/bash -e {0}
2025-11-06T01:47:44.5976070Z env:
2025-11-06T01:47:44.5976266Z   SKIP_CACHE: 
2025-11-06T01:47:44.5976452Z ##[endgroup]
2025-11-06T01:47:44.6027968Z Caching Python packages. Set 'GH_DEPENDENCY_SUBMISSION_SKIP_CACHE=true' to skip caching in future.
2025-11-06T01:47:44.7833632Z ##[group]Run actions/cache@0057852bfaa89a56745cba8c7296529d2fc39830
2025-11-06T01:47:44.7834016Z with:
2025-11-06T01:47:44.7834208Z   path: ~/.cache/pip
2025-11-06T01:47:44.7834595Z   key: Linux-pip-python-933f3af192ad631118b3e297ab52aaed5541608dfe715694932b3d37f62acea2
2025-11-06T01:47:44.7835049Z   restore-keys: Linux-python-

2025-11-06T01:47:44.7835303Z   enableCrossOsArchive: false
2025-11-06T01:47:44.7835527Z   fail-on-cache-miss: false
2025-11-06T01:47:44.7835760Z   lookup-only: false
2025-11-06T01:47:44.7835946Z   save-always: false
2025-11-06T01:47:44.7836121Z env:
2025-11-06T01:47:44.7836274Z   SKIP_CACHE: 
2025-11-06T01:47:44.7836448Z ##[endgroup]
2025-11-06T01:47:45.2215741Z Cache hit for: Linux-pip-python-933f3af192ad631118b3e297ab52aaed5541608dfe715694932b3d37f62acea2
2025-11-06T01:47:46.2962735Z Received 5373244 of 5373244 (100.0%), 6.0 MBs/sec
2025-11-06T01:47:46.2963862Z Cache Size: ~5 MB (5373244 B)
2025-11-06T01:47:46.2993684Z [command]/usr/bin/tar -xf /home/runner/work/_temp/57a7f403-9707-46ee-ab37-697cde5451ba/cache.tzst -P -C /home/runner/work/scratchattach/scratchattach --use-compress-program unzstd
2025-11-06T01:47:46.3235713Z Cache restored successfully
2025-11-06T01:47:46.3334908Z Cache restored from key: Linux-pip-python-933f3af192ad631118b3e297ab52aaed5541608dfe715694932b3d37f62acea2
2025-11-06T01:47:46.3414247Z ##[group]Run if pip-compile --dry-run -o requirements.out requirements.txt; then
2025-11-06T01:47:46.3414812Z [36;1mif pip-compile --dry-run -o requirements.out requirements.txt; then[0m
2025-11-06T01:47:46.3415228Z [36;1m  echo "::debug::Python validate no broken dependencies"[0m
2025-11-06T01:47:46.3415587Z [36;1m  echo "{valid-project}={true}" >> "$GITHUB_OUTPUT"[0m
2025-11-06T01:47:46.3415877Z [36;1melse[0m
2025-11-06T01:47:46.3416118Z [36;1m  echo "{valid-project}={false}" >> "$GITHUB_OUTPUT"[0m
2025-11-06T01:47:46.3416557Z [36;1m  echo "### :warning: Python validation failed in repository root" >> $GITHUB_STEP_SUMMARY[0m
2025-11-06T01:47:46.3417387Z [36;1m  echo "We were unable to validate a Python project in the repository root. If your repository requires additional setup steps, you may need to check in your own workflow." >> $GITHUB_STEP_SUMMARY[0m
2025-11-06T01:47:46.3418376Z [36;1m  echo "" >> $GITHUB_STEP_SUMMARY[0m
2025-11-06T01:47:46.3419263Z [36;1m  echo "For more information on submitting Python dependencies from your own workflow, refer to [the submission action](https://github.com/actions/component-detection-dependency-submission-action)" >> $GITHUB_STEP_SUMMARY[0m
2025-11-06T01:47:46.3420227Z [36;1m  echo "::warning::Python validation failed in the repository root."[0m
2025-11-06T01:47:46.3420565Z [36;1m  exit 1[0m
2025-11-06T01:47:46.3420748Z [36;1mfi[0m
2025-11-06T01:47:46.3452969Z shell: /usr/bin/bash -e {0}
2025-11-06T01:47:46.3453197Z env:
2025-11-06T01:47:46.3453366Z   SKIP_CACHE: 
2025-11-06T01:47:46.3453554Z ##[endgroup]
2025-11-06T01:47:47.3493019Z   ERROR: Ignored the following yanked versions: 0.9.98, 1.0.7, 1.1.8, 1.2.1, 1.2.2, 1.2.4, 1.2.8, 1.4.0, 1.4.1, 1.4.2, 1.4.3
2025-11-06T01:47:47.3496468Z   ERROR: Could not find a version that satisfies the requirement scratchattach==2.1.14 (from versions: 0.4.2, 0.4.3, 0.4.4, 0.4.5, 0.4.6, 0.4.7, 0.4.8, 0.4.9, 0.5.1, 0.5.3, 0.5.4, 0.5.5, 0.5.6, 0.5.7, 0.5.8, 0.5.9, 0.6.0, 0.6.1, 0.6.2, 0.6.3, 0.6.4, 0.6.5, 0.6.6, 0.6.7, 0.6.8, 0.6.9, 0.7.0, 0.7.1, 0.7.2, 0.7.4, 0.7.5, 0.7.6, 0.7.7, 0.7.8, 0.7.9, 0.8.0, 0.8.3, 0.8.4, 0.8.5, 0.8.6, 0.8.8, 0.8.9, 0.9.0, 0.9.1, 0.9.2, 0.9.3, 0.9.5, 0.9.6, 0.9.7, 0.9.8, 0.9.9, 0.9.91, 0.9.92, 0.9.93, 0.9.94, 0.9.95, 0.9.96, 0.9.97, 0.9.99, 1.0.1, 1.0.2, 1.0.3, 1.0.5, 1.0.6, 1.0.8, 1.0.9, 1.1.0, 1.1.1, 1.1.2, 1.1.3, 1.1.4, 1.1.5, 1.1.6, 1.2.5, 1.2.6, 1.2.7, 1.2.9, 1.3.0, 1.3.2, 1.3.3, 1.3.4, 1.3.5, 1.3.6, 1.3.7, 1.4.4, 1.4.5, 1.4.6, 1.4.7, 1.4.8, 1.4.9, 1.5.0, 1.5.1, 1.5.2, 1.5.3, 1.5.4, 1.5.5, 1.5.6, 1.5.7, 1.5.9, 1.6.0, 1.6.1, 1.6.2, 1.6.3, 1.6.4, 1.6.5, 1.6.6, 1.6.7, 1.6.8, 1.6.9, 1.7.0, 1.7.1, 1.7.2, 1.7.3, 1.7.4, 2.0.5, 2.0.6, 2.0.7, 2.0.8, 2.0.9, 2.1.2, 2.1.3, 2.1.4, 2.1.5, 2.1.6, 2.1.7, 2.1.8, 2.1.9, 2.1.10a0, 2.1.10a1, 2.1.10a2, 2.1.10a3, 2.1.10, 2.1.11, 2.1.12, 2.1.13)
2025-11-06T01:47:47.3784684Z Traceback (most recent call last):
2025-11-06T01:47:47.3790102Z   File "/usr/lib/python3/dist-packages/pip/_vendor/resolvelib/resolvers.py", line 397, in resolve
2025-11-06T01:47:47.4004010Z     self._add_to_criteria(self.state.criteria, r, parent=None)
2025-11-06T01:47:47.4005271Z   File "/usr/lib/python3/dist-packages/pip/_vendor/resolvelib/resolvers.py", line 174, in _add_to_criteria
2025-11-06T01:47:47.4006466Z     raise RequirementsConflicted(criterion)
2025-11-06T01:47:47.4007373Z pip._vendor.resolvelib.resolvers.RequirementsConflicted: Requirements conflict: SpecifierRequirement('scratchattach==2.1.14')
2025-11-06T01:47:47.4008190Z 
2025-11-06T01:47:47.4008437Z During handling of the above exception, another exception occurred:
2025-11-06T01:47:47.4008757Z 
2025-11-06T01:47:47.4008875Z Traceback (most recent call last):
2025-11-06T01:47:47.4009522Z   File "/usr/lib/python3/dist-packages/pip/_internal/resolution/resolvelib/resolver.py", line 95, in resolve
2025-11-06T01:47:47.4409747Z     result = self._result = resolver.resolve(
2025-11-06T01:47:47.4410307Z                             ^^^^^^^^^^^^^^^^^
2025-11-06T01:47:47.4411565Z   File "/usr/lib/python3/dist-packages/pip/_vendor/resolvelib/resolvers.py", line 546, in resolve
2025-11-06T01:47:47.4412545Z     state = resolution.resolve(requirements, max_rounds=max_rounds)
2025-11-06T01:47:47.4414367Z             ^^^^^^^^^^^^^^^^^^^^^^^^^^^^^^^^^^^^^^^^^^^^^^^^^^^^^^^
2025-11-06T01:47:47.4415052Z   File "/usr/lib/python3/dist-packages/pip/_vendor/resolvelib/resolvers.py", line 399, in resolve
2025-11-06T01:47:47.4415609Z     raise ResolutionImpossible(e.criterion.information)
2025-11-06T01:47:47.4416326Z pip._vendor.resolvelib.resolvers.ResolutionImpossible: [RequirementInformation(requirement=SpecifierRequirement('scratchattach==2.1.14'), parent=None)]
2025-11-06T01:47:47.4416896Z 
2025-11-06T01:47:47.4417073Z The above exception was the direct cause of the following exception:
2025-11-06T01:47:47.4417342Z 
2025-11-06T01:47:47.4417438Z Traceback (most recent call last):
2025-11-06T01:47:47.4417994Z   File "/home/runner/.local/bin/pip-compile", line 8, in <module>
2025-11-06T01:47:47.4418326Z     sys.exit(cli())
2025-11-06T01:47:47.4418516Z              ^^^^^
2025-11-06T01:47:47.4418858Z   File "/usr/lib/python3/dist-packages/click/core.py", line 1157, in __call__
2025-11-06T01:47:47.4626632Z     return self.main(*args, **kwargs)
2025-11-06T01:47:47.4627231Z            ^^^^^^^^^^^^^^^^^^^^^^^^^^
2025-11-06T01:47:47.4628203Z   File "/usr/lib/python3/dist-packages/click/core.py", line 1078, in main
2025-11-06T01:47:47.4629780Z     rv = self.invoke(ctx)
2025-11-06T01:47:47.4630298Z          ^^^^^^^^^^^^^^^^
2025-11-06T01:47:47.4630898Z   File "/usr/lib/python3/dist-packages/click/core.py", line 1434, in invoke
2025-11-06T01:47:47.4633288Z     return ctx.invoke(self.callback, **ctx.params)
2025-11-06T01:47:47.4633932Z            ^^^^^^^^^^^^^^^^^^^^^^^^^^^^^^^^^^^^^^^
2025-11-06T01:47:47.4634772Z   File "/usr/lib/python3/dist-packages/click/core.py", line 783, in invoke
2025-11-06T01:47:47.4635592Z     return __callback(*args, **kwargs)
2025-11-06T01:47:47.4636100Z            ^^^^^^^^^^^^^^^^^^^^^^^^^^^
2025-11-06T01:47:47.4636571Z   File "/usr/lib/python3/dist-packages/click/decorators.py", line 33, in new_func
2025-11-06T01:47:47.4781838Z     return f(get_current_context(), *args, **kwargs)
2025-11-06T01:47:47.4782811Z            ^^^^^^^^^^^^^^^^^^^^^^^^^^^^^^^^^^^^^^^^^
2025-11-06T01:47:47.4783945Z   File "/home/runner/.local/lib/python3.12/site-packages/piptools/scripts/compile.py", line 479, in cli
2025-11-06T01:47:47.4785051Z     results = resolver.resolve(max_rounds=max_rounds)
2025-11-06T01:47:47.4785591Z               ^^^^^^^^^^^^^^^^^^^^^^^^^^^^^^^^^^^^^^^
2025-11-06T01:47:47.4786533Z   File "/home/runner/.local/lib/python3.12/site-packages/piptools/resolver.py", line 635, in resolve
2025-11-06T01:47:47.4787085Z     is_resolved = self._do_resolve(
2025-11-06T01:47:47.4787327Z                   ^^^^^^^^^^^^^^^^^
2025-11-06T01:47:47.4788110Z   File "/home/runner/.local/lib/python3.12/site-packages/piptools/resolver.py", line 670, in _do_resolve
2025-11-06T01:47:47.4788839Z     resolver.resolve(
2025-11-06T01:47:47.4789448Z   File "/usr/lib/python3/dist-packages/pip/_internal/resolution/resolvelib/resolver.py", line 104, in resolve
2025-11-06T01:47:47.4789977Z     raise error from e
2025-11-06T01:47:47.4790425Z pip._internal.exceptions.DistributionNotFound: No matching distribution found for scratchattach==2.1.14
2025-11-06T01:47:47.5298593Z ##[warning]Python validation failed in the repository root.
2025-11-06T01:47:47.5303214Z ##[error]Process completed with exit code 1.
2025-11-06T01:47:47.5392477Z Post job cleanup.
2025-11-06T01:47:47.6179968Z [command]/usr/bin/git version
2025-11-06T01:47:47.6215226Z git version 2.51.2
2025-11-06T01:47:47.6251000Z Temporarily overriding HOME='/home/runner/work/_temp/2b2463f6-0199-41aa-9a47-eff80ceef153' before making global git config changes
2025-11-06T01:47:47.6252044Z Adding repository directory to the temporary git global config as a safe directory
2025-11-06T01:47:47.6256505Z [command]/usr/bin/git config --global --add safe.directory /home/runner/work/scratchattach/scratchattach
2025-11-06T01:47:47.6291162Z [command]/usr/bin/git config --local --name-only --get-regexp core\.sshCommand
2025-11-06T01:47:47.6325231Z [command]/usr/bin/git submodule foreach --recursive sh -c "git config --local --name-only --get-regexp 'core\.sshCommand' && git config --local --unset-all 'core.sshCommand' || :"
2025-11-06T01:47:47.6549981Z [command]/usr/bin/git config --local --name-only --get-regexp http\.https\:\/\/github\.com\/\.extraheader
2025-11-06T01:47:47.6571984Z http.https://github.com/.extraheader
2025-11-06T01:47:47.6582315Z [command]/usr/bin/git config --local --unset-all http.https://github.com/.extraheader
2025-11-06T01:47:47.6612497Z [command]/usr/bin/git submodule foreach --recursive sh -c "git config --local --name-only --get-regexp 'http\.https\:\/\/github\.com\/\.extraheader' && git config --local --unset-all 'http.https://github.com/.extraheader' || :"
2025-11-06T01:47:47.6965325Z Cleaning up orphan processes
