2026-01-01T17:45:20.6605448Z Current runner version: '2.330.0'
2026-01-01T17:45:20.6631677Z ##[group]Runner Image Provisioner
2026-01-01T17:45:20.6632444Z Hosted Compute Agent
2026-01-01T17:45:20.6632910Z Version: 20251211.462
2026-01-01T17:45:20.6633565Z Commit: 6cbad8c2bb55d58165063d031ccabf57e2d2db61
2026-01-01T17:45:20.6634750Z Build Date: 2025-12-11T16:28:49Z
2026-01-01T17:45:20.6635657Z Worker ID: {ee8bd03c-b6f2-452a-b098-4a5922aabb76}
2026-01-01T17:45:20.6636638Z ##[endgroup]
2026-01-01T17:45:20.6637096Z ##[group]Operating System
2026-01-01T17:45:20.6637629Z Microsoft Windows Server 2025
2026-01-01T17:45:20.6638141Z 10.0.26100
2026-01-01T17:45:20.6638565Z Datacenter
2026-01-01T17:45:20.6638953Z ##[endgroup]
2026-01-01T17:45:20.6639410Z ##[group]Runner Image
2026-01-01T17:45:20.6639889Z Image: windows-2025
2026-01-01T17:45:20.6640312Z Version: 20251216.149.1
2026-01-01T17:45:20.6641685Z Included Software: https://github.com/actions/runner-images/blob/win25/20251216.149/images/windows/Windows2025-Readme.md
2026-01-01T17:45:20.6643080Z Image Release: https://github.com/actions/runner-images/releases/tag/win25%2F20251216.149
2026-01-01T17:45:20.6643954Z ##[endgroup]
2026-01-01T17:45:20.6644887Z ##[group]GITHUB_TOKEN Permissions
2026-01-01T17:45:20.6646707Z Contents: read
2026-01-01T17:45:20.6647227Z Metadata: read
2026-01-01T17:45:20.6647645Z ##[endgroup]
2026-01-01T17:45:20.6649812Z Secret source: Actions
2026-01-01T17:45:20.6650466Z Prepare workflow directory
2026-01-01T17:45:20.7018062Z Prepare all required actions
2026-01-01T17:45:20.7059334Z Getting action download info
2026-01-01T17:45:21.0715988Z Download action repository 'actions/checkout@v6.0.1' (SHA:8e8c483db84b4bee98b60c0593521ed34d9990e8)
2026-01-01T17:45:21.1997001Z Download action repository 'actions/setup-python@v6.1.0' (SHA:83679a892e2d95755f2dac6acb0bfd1e9ac5d548)
2026-01-01T17:45:21.4695321Z Complete job name: build (3.13, windows-latest)
2026-01-01T17:45:21.6043261Z ##[group]Run actions/checkout@v6.0.1
2026-01-01T17:45:21.6044249Z with:
2026-01-01T17:45:21.6044652Z   repository: Boss-1s/scratchattach
2026-01-01T17:45:21.6045295Z   token: ***
2026-01-01T17:45:21.6045636Z   ssh-strict: true
2026-01-01T17:45:21.6045984Z   ssh-user: git
2026-01-01T17:45:21.6046798Z   persist-credentials: true
2026-01-01T17:45:21.6047218Z   clean: true
2026-01-01T17:45:21.6047575Z   sparse-checkout-cone-mode: true
2026-01-01T17:45:21.6048014Z   fetch-depth: 1
2026-01-01T17:45:21.6048362Z   fetch-tags: false
2026-01-01T17:45:21.6048720Z   show-progress: true
2026-01-01T17:45:21.6049078Z   lfs: false
2026-01-01T17:45:21.6049402Z   submodules: false
2026-01-01T17:45:21.6049761Z   set-safe-directory: true
2026-01-01T17:45:21.6050433Z ##[endgroup]
2026-01-01T17:45:21.7482586Z Syncing repository: Boss-1s/scratchattach
2026-01-01T17:45:21.7485669Z ##[group]Getting Git version info
2026-01-01T17:45:21.7487209Z Working directory is 'D:\a\scratchattach\scratchattach'
2026-01-01T17:45:21.8469164Z [command]"C:\Program Files\Git\bin\git.exe" version
2026-01-01T17:45:22.2161801Z git version 2.52.0.windows.1
2026-01-01T17:45:22.2206393Z ##[endgroup]
2026-01-01T17:45:22.2225878Z Temporarily overriding HOME='D:\a\_temp\dda0a030-3a76-43f5-86c8-2cc6b2e59f52' before making global git config changes
2026-01-01T17:45:22.2227084Z Adding repository directory to the temporary git global config as a safe directory
2026-01-01T17:45:22.2236398Z [command]"C:\Program Files\Git\bin\git.exe" config --global --add safe.directory D:\a\scratchattach\scratchattach
2026-01-01T17:45:22.2879740Z Deleting the contents of 'D:\a\scratchattach\scratchattach'
2026-01-01T17:45:22.2885881Z ##[group]Initializing the repository
2026-01-01T17:45:22.2894433Z [command]"C:\Program Files\Git\bin\git.exe" init D:\a\scratchattach\scratchattach
2026-01-01T17:45:22.3888572Z Initialized empty Git repository in D:/a/scratchattach/scratchattach/.git/
2026-01-01T17:45:22.3937616Z [command]"C:\Program Files\Git\bin\git.exe" remote add origin https://github.com/Boss-1s/scratchattach
2026-01-01T17:45:22.4577512Z ##[endgroup]
2026-01-01T17:45:22.4578590Z ##[group]Disabling automatic garbage collection
2026-01-01T17:45:22.4586265Z [command]"C:\Program Files\Git\bin\git.exe" config --local gc.auto 0
2026-01-01T17:45:22.4881992Z ##[endgroup]
2026-01-01T17:45:22.4883360Z ##[group]Setting up auth
2026-01-01T17:45:22.4884610Z Removing SSH command configuration
2026-01-01T17:45:22.4895026Z [command]"C:\Program Files\Git\bin\git.exe" config --local --name-only --get-regexp core\.sshCommand
2026-01-01T17:45:22.5197404Z [command]"C:\Program Files\Git\bin\git.exe" submodule foreach --recursive "sh -c \"git config --local --name-only --get-regexp 'core\.sshCommand' && git config --local --unset-all 'core.sshCommand' || :\""
2026-01-01T17:45:24.9449647Z Removing HTTP extra header
2026-01-01T17:45:24.9459483Z [command]"C:\Program Files\Git\bin\git.exe" config --local --name-only --get-regexp http\.https\:\/\/github\.com\/\.extraheader
2026-01-01T17:45:24.9768186Z [command]"C:\Program Files\Git\bin\git.exe" submodule foreach --recursive "sh -c \"git config --local --name-only --get-regexp 'http\.https\:\/\/github\.com\/\.extraheader' && git config --local --unset-all 'http.https://github.com/.extraheader' || :\""
2026-01-01T17:45:25.5132891Z Removing includeIf entries pointing to credentials config files
2026-01-01T17:45:25.5143234Z [command]"C:\Program Files\Git\bin\git.exe" config --local --name-only --get-regexp ^includeIf\.gitdir:
2026-01-01T17:45:25.5437369Z [command]"C:\Program Files\Git\bin\git.exe" submodule foreach --recursive "git config --local --show-origin --name-only --get-regexp remote.origin.url"
2026-01-01T17:45:26.0823580Z [command]"C:\Program Files\Git\bin\git.exe" config --file D:\a\_temp\git-credentials-f5ae3ca7-2634-4d5c-9808-fe87e105a614.config http.https://github.com/.extraheader "AUTHORIZATION: basic ***"
2026-01-01T17:45:26.1143166Z [command]"C:\Program Files\Git\bin\git.exe" config --local includeIf.gitdir:D:/a/scratchattach/scratchattach/.git.path D:\a\_temp\git-credentials-f5ae3ca7-2634-4d5c-9808-fe87e105a614.config
2026-01-01T17:45:26.1439714Z [command]"C:\Program Files\Git\bin\git.exe" config --local includeIf.gitdir:D:/a/scratchattach/scratchattach/.git/worktrees/*.path D:\a\_temp\git-credentials-f5ae3ca7-2634-4d5c-9808-fe87e105a614.config
2026-01-01T17:45:26.1913872Z [command]"C:\Program Files\Git\bin\git.exe" config --local includeIf.gitdir:/github/workspace/.git.path /github/runner_temp/git-credentials-f5ae3ca7-2634-4d5c-9808-fe87e105a614.config
2026-01-01T17:45:26.2240194Z [command]"C:\Program Files\Git\bin\git.exe" config --local includeIf.gitdir:/github/workspace/.git/worktrees/*.path /github/runner_temp/git-credentials-f5ae3ca7-2634-4d5c-9808-fe87e105a614.config
2026-01-01T17:45:26.2564635Z ##[endgroup]
2026-01-01T17:45:26.2565558Z ##[group]Fetching the repository
2026-01-01T17:45:26.2585504Z [command]"C:\Program Files\Git\bin\git.exe" -c protocol.version=2 fetch --no-tags --prune --no-recurse-submodules --depth=1 origin +7bbe11e6988a6878f6baa5c625d9bf2094c46d38:refs/remotes/origin/key_multivalue_storage_refactor
2026-01-01T17:45:32.5832851Z From https://github.com/Boss-1s/scratchattach
2026-01-01T17:45:32.5833756Z  * [new ref]         7bbe11e6988a6878f6baa5c625d9bf2094c46d38 -> origin/key_multivalue_storage_refactor
2026-01-01T17:45:32.6093978Z ##[endgroup]
2026-01-01T17:45:32.6095032Z ##[group]Determining the checkout info
2026-01-01T17:45:32.6097169Z ##[endgroup]
2026-01-01T17:45:32.6112686Z [command]"C:\Program Files\Git\bin\git.exe" sparse-checkout disable
2026-01-01T17:45:32.6566745Z [command]"C:\Program Files\Git\bin\git.exe" config --local --unset-all extensions.worktreeConfig
2026-01-01T17:45:32.6864056Z ##[group]Checking out the ref
2026-01-01T17:45:32.6874119Z [command]"C:\Program Files\Git\bin\git.exe" checkout --progress --force -B key_multivalue_storage_refactor refs/remotes/origin/key_multivalue_storage_refactor
2026-01-01T17:45:33.7346915Z Updating files:  68% (1845/2681)
2026-01-01T17:45:33.7564136Z Updating files:  69% (1850/2681)
2026-01-01T17:45:33.9483129Z Updating files:  70% (1877/2681)
2026-01-01T17:45:33.9574376Z Updating files:  71% (1904/2681)
2026-01-01T17:45:33.9676942Z Updating files:  72% (1931/2681)
2026-01-01T17:45:33.9780394Z Updating files:  73% (1958/2681)
2026-01-01T17:45:33.9893903Z Updating files:  74% (1984/2681)
2026-01-01T17:45:33.9996096Z Updating files:  75% (2011/2681)
2026-01-01T17:45:34.0107953Z Updating files:  76% (2038/2681)
2026-01-01T17:45:34.0206004Z Updating files:  77% (2065/2681)
2026-01-01T17:45:34.0310273Z Updating files:  78% (2092/2681)
2026-01-01T17:45:34.0414115Z Updating files:  79% (2118/2681)
2026-01-01T17:45:34.0510597Z Updating files:  80% (2145/2681)
2026-01-01T17:45:34.0619378Z Updating files:  81% (2172/2681)
2026-01-01T17:45:34.0820476Z Updating files:  82% (2199/2681)
2026-01-01T17:45:34.0960997Z Updating files:  83% (2226/2681)
2026-01-01T17:45:34.1117169Z Updating files:  84% (2253/2681)
2026-01-01T17:45:34.1202302Z Updating files:  85% (2279/2681)
2026-01-01T17:45:34.1286606Z Updating files:  86% (2306/2681)
2026-01-01T17:45:34.1368061Z Updating files:  87% (2333/2681)
2026-01-01T17:45:34.1445180Z Updating files:  88% (2360/2681)
2026-01-01T17:45:34.1596308Z Updating files:  89% (2387/2681)
2026-01-01T17:45:34.1719220Z Updating files:  90% (2413/2681)
2026-01-01T17:45:34.1878783Z Updating files:  91% (2440/2681)
2026-01-01T17:45:34.2004901Z Updating files:  92% (2467/2681)
2026-01-01T17:45:34.2103195Z Updating files:  93% (2494/2681)
2026-01-01T17:45:34.2282134Z Updating files:  94% (2521/2681)
2026-01-01T17:45:34.2434295Z Updating files:  95% (2547/2681)
2026-01-01T17:45:34.2614761Z Updating files:  96% (2574/2681)
2026-01-01T17:45:34.7840009Z Updating files:  97% (2601/2681)
2026-01-01T17:45:34.9456116Z Updating files:  97% (2622/2681)
2026-01-01T17:45:35.1592620Z Updating files:  98% (2628/2681)
2026-01-01T17:45:35.3127344Z Updating files:  99% (2655/2681)
2026-01-01T17:45:35.3128985Z Updating files: 100% (2681/2681)
2026-01-01T17:45:35.3129360Z Updating files: 100% (2681/2681), done.
2026-01-01T17:45:35.3299512Z branch 'key_multivalue_storage_refactor' set up to track 'origin/key_multivalue_storage_refactor'.
2026-01-01T17:45:35.3317753Z Switched to a new branch 'key_multivalue_storage_refactor'
2026-01-01T17:45:35.3470168Z ##[endgroup]
2026-01-01T17:45:35.3788085Z [command]"C:\Program Files\Git\bin\git.exe" log -1 --format=%H
2026-01-01T17:45:35.4048967Z 7bbe11e6988a6878f6baa5c625d9bf2094c46d38
2026-01-01T17:45:35.4488095Z ##[group]Run actions/setup-python@v6.1.0
2026-01-01T17:45:35.4488404Z with:
2026-01-01T17:45:35.4488571Z   python-version: 3.13
2026-01-01T17:45:35.4488757Z   check-latest: false
2026-01-01T17:45:35.4489065Z   token: ***
2026-01-01T17:45:35.4489227Z   update-environment: true
2026-01-01T17:45:35.4489420Z   allow-prereleases: false
2026-01-01T17:45:35.4489606Z   freethreaded: false
2026-01-01T17:45:35.4489767Z ##[endgroup]
2026-01-01T17:45:35.6030275Z ##[group]Installed versions
2026-01-01T17:45:35.6281484Z (node:10220) [DEP0040] DeprecationWarning: The `punycode` module is deprecated. Please use a userland alternative instead.
2026-01-01T17:45:35.6282165Z (Use `node --trace-deprecation ...` to show where the warning was created)
2026-01-01T17:45:35.6283446Z Successfully set up CPython (3.13.11)
2026-01-01T17:45:35.6284013Z ##[endgroup]
2026-01-01T17:45:35.6554531Z ##[group]Run cd test
2026-01-01T17:45:35.6554834Z [36;1mcd test[0m
2026-01-01T17:45:35.6555029Z [36;1mpython3 o_test1.py[0m
2026-01-01T17:45:35.7228371Z shell: C:\Program Files\PowerShell\7\pwsh.EXE -command ". '{0}'"
2026-01-01T17:45:35.7228766Z env:
2026-01-01T17:45:35.7229064Z   pythonLocation: C:\hostedtoolcache\windows\Python\3.13.11\x64
2026-01-01T17:45:35.7229591Z   PKG_CONFIG_PATH: C:\hostedtoolcache\windows\Python\3.13.11\x64/lib/pkgconfig
2026-01-01T17:45:35.7230073Z   Python_ROOT_DIR: C:\hostedtoolcache\windows\Python\3.13.11\x64
2026-01-01T17:45:35.7230508Z   Python2_ROOT_DIR: C:\hostedtoolcache\windows\Python\3.13.11\x64
2026-01-01T17:45:35.7231247Z   Python3_ROOT_DIR: C:\hostedtoolcache\windows\Python\3.13.11\x64
2026-01-01T17:45:35.7231595Z ##[endgroup]
2026-01-01T17:45:41.0381604Z Deleted all data from otest.json sucessfully.
2026-01-01T17:45:41.0449606Z Data for key 'test_top_level_key' stored successfully in 'otest.json'.
2026-01-01T17:45:41.0518780Z Data for key 'test_top_level_key2' stored successfully in 'otest.json'.
2026-01-01T17:45:41.0587236Z Data for key 'test_top_level_key2' stored successfully in 'otest.json'.
2026-01-01T17:45:41.0656157Z Data for key 'test_top_level_key' stored successfully in 'otest.json'.
2026-01-01T17:45:41.0719099Z Sucessfully changed value skibidi toilet to sigma under key test_top_level_key.sk2.
2026-01-01T17:45:41.0785533Z Successfully deleted key 'test_top_level_key2' from 'otest.json'.
2026-01-01T17:45:41.0850979Z Deleted all data from otest.json sucessfully.
2026-01-01T17:45:41.0902426Z WARNING:py.warnings:D:\a\scratchattach\scratchattach\key_multivalue_storage.py:631: AdditionFailureWarning: WARNING! You are strongly advised against adding a Storage instance and a dict/list together, as it may break the Storage instance that is created.
2026-01-01T17:45:41.0903661Z   warnings.warn("WARNING! You are strongly advised against adding a Storage "+
2026-01-01T17:45:41.0903933Z 
2026-01-01T17:45:41.0904677Z WARNING:py.warnings:D:\a\scratchattach\scratchattach\key_multivalue_storage.py:638: AdditionFailureWarning: WARNING! You are strongly advised against adding a Storage instance and a dict/list together, as it may break the Storage instance that is created.
2026-01-01T17:45:41.0905640Z   warnings.warn("WARNING! You are strongly advised against adding a Storage "+
2026-01-01T17:45:41.0905902Z 
2026-01-01T17:45:41.0931875Z Deleted all data from otest.json sucessfully.
2026-01-01T17:45:41.0932559Z Sucessfully deleted all data from otest.json.
2026-01-01T17:45:41.0932945Z Begin test
2026-01-01T17:45:41.0933182Z --------------------
2026-01-01T17:45:41.0933521Z Part 1: Storing, Editing, and Deleting via JSON
2026-01-01T17:45:41.0933892Z --------------------
2026-01-01T17:45:41.0934635Z Data for key 'test_top_level_key' stored successfully in 'otest.json'.
2026-01-01T17:45:41.0935509Z Sucessfully added values ['val1', 'skibidi toilet'] to subkeys ['sk1', 'sk2'], respectively.
2026-01-01T17:45:41.0936292Z Data for key 'test_top_level_key2' stored successfully in 'otest.json'.
2026-01-01T17:45:41.0937042Z Sucessfully added values ['val1', 'the fate of sigma'] to subkeys ['sk1', 'sk2'], respectively.
2026-01-01T17:45:41.0937522Z Data for key 'test_top_level_key2' stored successfully in 'otest.json'.
2026-01-01T17:45:41.0937945Z Sucessfully added values ['val3', 'the fate of shard'] to subkeys ['sk3', 'sk4'], respectively.
2026-01-01T17:45:41.0938385Z Data for key 'test_top_level_key' stored successfully in 'otest.json'.
2026-01-01T17:45:41.0938814Z Sucessfully changed value skibidi toilet to sigma under key test_top_level_key.sk2.
2026-01-01T17:45:41.0939180Z Sucessfully set subkey sk2 to value sigma.
2026-01-01T17:45:41.0939496Z Successfully deleted key 'test_top_level_key2' from 'otest.json'.
2026-01-01T17:45:41.0939873Z Sucessfully deleted key test_top_level_key2 and all its child data.
2026-01-01T17:45:41.0940197Z Deleted all data from otest.json sucessfully.
2026-01-01T17:45:41.0942643Z Sucessfully deleted all data from otest.json.
2026-01-01T17:45:41.0942957Z Part 1 passed.
2026-01-01T17:45:41.0943123Z --------------------
2026-01-01T17:45:41.0943736Z Part 2: Storing, Editing, and Deleting via dunder methods
2026-01-01T17:45:41.0944054Z --------------------
2026-01-01T17:45:41.0944222Z Part 2.1: Comparisons
2026-01-01T17:45:41.0944393Z Part 2.1 passed.
2026-01-01T17:45:41.0944548Z Part 2.2: Arithmetic
2026-01-01T17:45:41.0944659Z 
2026-01-01T17:45:41.0944734Z test passed sucessfully
2026-01-01T17:45:41.3787418Z Post job cleanup.
2026-01-01T17:45:41.5208984Z (node:2488) [DEP0040] DeprecationWarning: The `punycode` module is deprecated. Please use a userland alternative instead.
2026-01-01T17:45:41.5210161Z (Use `node --trace-deprecation ...` to show where the warning was created)
2026-01-01T17:45:41.5506942Z Post job cleanup.
2026-01-01T17:45:41.7619397Z [command]"C:\Program Files\Git\bin\git.exe" version
2026-01-01T17:45:41.7897048Z git version 2.52.0.windows.1
2026-01-01T17:45:41.7964313Z Temporarily overriding HOME='D:\a\_temp\01ac7234-2d5f-4de9-bdeb-43729e31d3c1' before making global git config changes
2026-01-01T17:45:41.7965118Z Adding repository directory to the temporary git global config as a safe directory
2026-01-01T17:45:41.7974470Z [command]"C:\Program Files\Git\bin\git.exe" config --global --add safe.directory D:\a\scratchattach\scratchattach
2026-01-01T17:45:41.8271694Z Removing SSH command configuration
2026-01-01T17:45:41.8281986Z [command]"C:\Program Files\Git\bin\git.exe" config --local --name-only --get-regexp core\.sshCommand
2026-01-01T17:45:41.8595872Z [command]"C:\Program Files\Git\bin\git.exe" submodule foreach --recursive "sh -c \"git config --local --name-only --get-regexp 'core\.sshCommand' && git config --local --unset-all 'core.sshCommand' || :\""
2026-01-01T17:45:42.4540868Z Removing HTTP extra header
2026-01-01T17:45:42.4551432Z [command]"C:\Program Files\Git\bin\git.exe" config --local --name-only --get-regexp http\.https\:\/\/github\.com\/\.extraheader
2026-01-01T17:45:42.4867272Z [command]"C:\Program Files\Git\bin\git.exe" submodule foreach --recursive "sh -c \"git config --local --name-only --get-regexp 'http\.https\:\/\/github\.com\/\.extraheader' && git config --local --unset-all 'http.https://github.com/.extraheader' || :\""
2026-01-01T17:45:43.0172082Z Removing includeIf entries pointing to credentials config files
2026-01-01T17:45:43.0184605Z [command]"C:\Program Files\Git\bin\git.exe" config --local --name-only --get-regexp ^includeIf\.gitdir:
2026-01-01T17:45:43.0453377Z includeif.gitdir:D:/a/scratchattach/scratchattach/.git.path
2026-01-01T17:45:43.0454164Z includeif.gitdir:D:/a/scratchattach/scratchattach/.git/worktrees/*.path
2026-01-01T17:45:43.0454832Z includeif.gitdir:/github/workspace/.git.path
2026-01-01T17:45:43.0455351Z includeif.gitdir:/github/workspace/.git/worktrees/*.path
2026-01-01T17:45:43.0496607Z [command]"C:\Program Files\Git\bin\git.exe" config --local --get-all includeif.gitdir:D:/a/scratchattach/scratchattach/.git.path
2026-01-01T17:45:43.0763648Z D:\a\_temp\git-credentials-f5ae3ca7-2634-4d5c-9808-fe87e105a614.config
2026-01-01T17:45:43.0809119Z [command]"C:\Program Files\Git\bin\git.exe" config --local --unset includeif.gitdir:D:/a/scratchattach/scratchattach/.git.path D:\a\_temp\git-credentials-f5ae3ca7-2634-4d5c-9808-fe87e105a614.config
2026-01-01T17:45:43.1115038Z [command]"C:\Program Files\Git\bin\git.exe" config --local --get-all includeif.gitdir:D:/a/scratchattach/scratchattach/.git/worktrees/*.path
2026-01-01T17:45:43.1371394Z D:\a\_temp\git-credentials-f5ae3ca7-2634-4d5c-9808-fe87e105a614.config
2026-01-01T17:45:43.1416029Z [command]"C:\Program Files\Git\bin\git.exe" config --local --unset includeif.gitdir:D:/a/scratchattach/scratchattach/.git/worktrees/*.path D:\a\_temp\git-credentials-f5ae3ca7-2634-4d5c-9808-fe87e105a614.config
2026-01-01T17:45:43.1715720Z [command]"C:\Program Files\Git\bin\git.exe" config --local --get-all includeif.gitdir:/github/workspace/.git.path
2026-01-01T17:45:43.1977294Z /github/runner_temp/git-credentials-f5ae3ca7-2634-4d5c-9808-fe87e105a614.config
2026-01-01T17:45:43.2016357Z [command]"C:\Program Files\Git\bin\git.exe" config --local --unset includeif.gitdir:/github/workspace/.git.path /github/runner_temp/git-credentials-f5ae3ca7-2634-4d5c-9808-fe87e105a614.config
2026-01-01T17:45:43.2322853Z [command]"C:\Program Files\Git\bin\git.exe" config --local --get-all includeif.gitdir:/github/workspace/.git/worktrees/*.path
2026-01-01T17:45:43.2579639Z /github/runner_temp/git-credentials-f5ae3ca7-2634-4d5c-9808-fe87e105a614.config
2026-01-01T17:45:43.2618178Z [command]"C:\Program Files\Git\bin\git.exe" config --local --unset includeif.gitdir:/github/workspace/.git/worktrees/*.path /github/runner_temp/git-credentials-f5ae3ca7-2634-4d5c-9808-fe87e105a614.config
2026-01-01T17:45:43.2911733Z [command]"C:\Program Files\Git\bin\git.exe" submodule foreach --recursive "git config --local --show-origin --name-only --get-regexp remote.origin.url"
2026-01-01T17:45:43.8130398Z Removing credentials config 'D:\a\_temp\git-credentials-f5ae3ca7-2634-4d5c-9808-fe87e105a614.config'
2026-01-01T17:45:43.8297756Z Cleaning up orphan processes
