2025-08-30T18:21:23.0183853Z Current runner version: '2.328.0'
2025-08-30T18:21:23.0218393Z ##[group]Runner Image Provisioner
2025-08-30T18:21:23.0219595Z Hosted Compute Agent
2025-08-30T18:21:23.0220428Z Version: 20250821.380
2025-08-30T18:21:23.0221536Z Commit: 438d12cb4fe092871db9867344e3bc0bc5319035
2025-08-30T18:21:23.0223008Z Build Date: 2025-08-21T20:49:43Z
2025-08-30T18:21:23.0224010Z ##[endgroup]
2025-08-30T18:21:23.0225074Z ##[group]Operating System
2025-08-30T18:21:23.0226146Z Ubuntu
2025-08-30T18:21:23.0226921Z 24.04.3
2025-08-30T18:21:23.0228494Z LTS
2025-08-30T18:21:23.0229310Z ##[endgroup]
2025-08-30T18:21:23.0230215Z ##[group]Runner Image
2025-08-30T18:21:23.0231381Z Image: ubuntu-24.04
2025-08-30T18:21:23.0232253Z Version: 20250824.1.0
2025-08-30T18:21:23.0234064Z Included Software: https://github.com/actions/runner-images/blob/ubuntu24/20250824.1/images/ubuntu/Ubuntu2404-Readme.md
2025-08-30T18:21:23.0236858Z Image Release: https://github.com/actions/runner-images/releases/tag/ubuntu24%2F20250824.1
2025-08-30T18:21:23.0238805Z ##[endgroup]
2025-08-30T18:21:23.0243328Z ##[group]GITHUB_TOKEN Permissions
2025-08-30T18:21:23.0246404Z Actions: write
2025-08-30T18:21:23.0247492Z Attestations: write
2025-08-30T18:21:23.0248642Z Checks: write
2025-08-30T18:21:23.0249561Z Contents: write
2025-08-30T18:21:23.0250552Z Deployments: write
2025-08-30T18:21:23.0251531Z Discussions: write
2025-08-30T18:21:23.0252502Z Issues: write
2025-08-30T18:21:23.0253461Z Metadata: read
2025-08-30T18:21:23.0254423Z Models: read
2025-08-30T18:21:23.0255328Z Packages: write
2025-08-30T18:21:23.0256402Z Pages: write
2025-08-30T18:21:23.0257404Z PullRequests: write
2025-08-30T18:21:23.0258477Z RepositoryProjects: write
2025-08-30T18:21:23.0259572Z SecurityEvents: write
2025-08-30T18:21:23.0260656Z Statuses: write
2025-08-30T18:21:23.0261488Z ##[endgroup]
2025-08-30T18:21:23.0264645Z Secret source: Actions
2025-08-30T18:21:23.0266392Z Prepare workflow directory
2025-08-30T18:21:23.0975324Z Prepare all required actions
2025-08-30T18:21:23.1032401Z Getting action download info
2025-08-30T18:21:23.3901329Z Download action repository 'actions/checkout@v5' (SHA:08c6903cd8c0fde910a37f88322edcfb5dd907a8)
2025-08-30T18:21:23.5979098Z Download action repository 'actions/setup-python@v5.6.0' (SHA:a26af69be951a213d495a4c3e4e4022e16d87065)
2025-08-30T18:21:23.6779549Z Download action repository 'bossOfCode/install-scratchattach@v1.0.3' (SHA:be17a7cf1ecb5a7040eb42ef26c2e1fbe72bb25a)
2025-08-30T18:21:24.1636509Z Complete job name: Run 1
2025-08-30T18:21:24.2294695Z ##[group]Run actions/checkout@v5
2025-08-30T18:21:24.2295510Z with:
2025-08-30T18:21:24.2295900Z   ref: main
2025-08-30T18:21:24.2296315Z   repository: Boss-1s/scratchattach
2025-08-30T18:21:24.2296961Z   token: ***
2025-08-30T18:21:24.2297357Z   ssh-strict: true
2025-08-30T18:21:24.2297952Z   ssh-user: git
2025-08-30T18:21:24.2298374Z   persist-credentials: true
2025-08-30T18:21:24.2298833Z   clean: true
2025-08-30T18:21:24.2299247Z   sparse-checkout-cone-mode: true
2025-08-30T18:21:24.2299747Z   fetch-depth: 1
2025-08-30T18:21:24.2300170Z   fetch-tags: false
2025-08-30T18:21:24.2300582Z   show-progress: true
2025-08-30T18:21:24.2301002Z   lfs: false
2025-08-30T18:21:24.2301383Z   submodules: false
2025-08-30T18:21:24.2301800Z   set-safe-directory: true
2025-08-30T18:21:24.2302500Z ##[endgroup]
2025-08-30T18:21:24.3221200Z Syncing repository: Boss-1s/scratchattach
2025-08-30T18:21:24.3223179Z ##[group]Getting Git version info
2025-08-30T18:21:24.3224052Z Working directory is '/home/runner/work/scratchattach/scratchattach'
2025-08-30T18:21:24.3225065Z [command]/usr/bin/git version
2025-08-30T18:21:24.3295305Z git version 2.51.0
2025-08-30T18:21:24.3315641Z ##[endgroup]
2025-08-30T18:21:24.3329178Z Temporarily overriding HOME='/home/runner/work/_temp/c4305a42-3019-47ac-a9ab-1f60d1d0952c' before making global git config changes
2025-08-30T18:21:24.3331362Z Adding repository directory to the temporary git global config as a safe directory
2025-08-30T18:21:24.3333698Z [command]/usr/bin/git config --global --add safe.directory /home/runner/work/scratchattach/scratchattach
2025-08-30T18:21:24.3370790Z Deleting the contents of '/home/runner/work/scratchattach/scratchattach'
2025-08-30T18:21:24.3374207Z ##[group]Initializing the repository
2025-08-30T18:21:24.3378734Z [command]/usr/bin/git init /home/runner/work/scratchattach/scratchattach
2025-08-30T18:21:24.3501335Z hint: Using 'master' as the name for the initial branch. This default branch name
2025-08-30T18:21:24.3502601Z hint: is subject to change. To configure the initial branch name to use in all
2025-08-30T18:21:24.3503703Z hint: of your new repositories, which will suppress this warning, call:
2025-08-30T18:21:24.3505111Z hint:
2025-08-30T18:21:24.3505847Z hint: 	git config --global init.defaultBranch <name>
2025-08-30T18:21:24.3507092Z hint:
2025-08-30T18:21:24.3508325Z hint: Names commonly chosen instead of 'master' are 'main', 'trunk' and
2025-08-30T18:21:24.3510043Z hint: 'development'. The just-created branch can be renamed via this command:
2025-08-30T18:21:24.3511417Z hint:
2025-08-30T18:21:24.3512154Z hint: 	git branch -m <name>
2025-08-30T18:21:24.3513030Z hint:
2025-08-30T18:21:24.3514174Z hint: Disable this message with "git config set advice.defaultBranchName false"
2025-08-30T18:21:24.3516146Z Initialized empty Git repository in /home/runner/work/scratchattach/scratchattach/.git/
2025-08-30T18:21:24.3519290Z [command]/usr/bin/git remote add origin https://github.com/Boss-1s/scratchattach
2025-08-30T18:21:24.3554754Z ##[endgroup]
2025-08-30T18:21:24.3555961Z ##[group]Disabling automatic garbage collection
2025-08-30T18:21:24.3559092Z [command]/usr/bin/git config --local gc.auto 0
2025-08-30T18:21:24.3585791Z ##[endgroup]
2025-08-30T18:21:24.3586981Z ##[group]Setting up auth
2025-08-30T18:21:24.3592684Z [command]/usr/bin/git config --local --name-only --get-regexp core\.sshCommand
2025-08-30T18:21:24.3623036Z [command]/usr/bin/git submodule foreach --recursive sh -c "git config --local --name-only --get-regexp 'core\.sshCommand' && git config --local --unset-all 'core.sshCommand' || :"
2025-08-30T18:21:24.3950643Z [command]/usr/bin/git config --local --name-only --get-regexp http\.https\:\/\/github\.com\/\.extraheader
2025-08-30T18:21:24.3981159Z [command]/usr/bin/git submodule foreach --recursive sh -c "git config --local --name-only --get-regexp 'http\.https\:\/\/github\.com\/\.extraheader' && git config --local --unset-all 'http.https://github.com/.extraheader' || :"
2025-08-30T18:21:24.4194990Z [command]/usr/bin/git config --local http.https://github.com/.extraheader AUTHORIZATION: basic ***
2025-08-30T18:21:24.4228306Z ##[endgroup]
2025-08-30T18:21:24.4229569Z ##[group]Fetching the repository
2025-08-30T18:21:24.4237830Z [command]/usr/bin/git -c protocol.version=2 fetch --no-tags --prune --no-recurse-submodules --depth=1 origin +refs/heads/main*:refs/remotes/origin/main* +refs/tags/main*:refs/tags/main*
2025-08-30T18:21:24.8872631Z From https://github.com/Boss-1s/scratchattach
2025-08-30T18:21:24.8874410Z  * [new branch]      main       -> origin/main
2025-08-30T18:21:24.8906451Z ##[endgroup]
2025-08-30T18:21:24.8908505Z ##[group]Determining the checkout info
2025-08-30T18:21:24.8914389Z [command]/usr/bin/git branch --list --remote origin/main
2025-08-30T18:21:24.8937224Z   origin/main
2025-08-30T18:21:24.8942722Z ##[endgroup]
2025-08-30T18:21:24.8946030Z [command]/usr/bin/git sparse-checkout disable
2025-08-30T18:21:24.8994764Z [command]/usr/bin/git config --local --unset-all extensions.worktreeConfig
2025-08-30T18:21:24.9020786Z ##[group]Checking out the ref
2025-08-30T18:21:24.9025194Z [command]/usr/bin/git checkout --progress --force -B main refs/remotes/origin/main
2025-08-30T18:21:24.9273148Z Switched to a new branch 'main'
2025-08-30T18:21:24.9275653Z branch 'main' set up to track 'origin/main'.
2025-08-30T18:21:24.9282574Z ##[endgroup]
2025-08-30T18:21:24.9315510Z [command]/usr/bin/git log -1 --format=%H
2025-08-30T18:21:24.9338716Z 944d135f6e88c6740b07f4b30b36b0af64714671
2025-08-30T18:21:24.9642391Z ##[group]Run actions/setup-python@v5.6.0
2025-08-30T18:21:24.9643915Z with:
2025-08-30T18:21:24.9644757Z   python-version: 3.12.5
2025-08-30T18:21:24.9645908Z   check-latest: false
2025-08-30T18:21:24.9647166Z   token: ***
2025-08-30T18:21:24.9648411Z   update-environment: true
2025-08-30T18:21:24.9649496Z   allow-prereleases: false
2025-08-30T18:21:24.9650537Z   freethreaded: false
2025-08-30T18:21:24.9651463Z ##[endgroup]
2025-08-30T18:21:25.1377480Z ##[group]Installed versions
2025-08-30T18:21:25.1398309Z Version 3.12.5 was not found in the local cache
2025-08-30T18:21:25.6413326Z Version 3.12.5 is available for downloading
2025-08-30T18:21:25.6415183Z Download from "https://github.com/actions/python-versions/releases/download/3.12.5-10375840348/python-3.12.5-linux-24.04-x64.tar.gz"
2025-08-30T18:21:26.4446745Z Extract downloaded archive
2025-08-30T18:21:26.4550827Z [command]/usr/bin/tar xz --warning=no-unknown-keyword --overwrite -C /home/runner/work/_temp/2225886c-8226-4ce8-8664-804e771a9ba7 -f /home/runner/work/_temp/63e27a5f-448d-4683-9eae-8d95483c81c9
2025-08-30T18:21:28.4558073Z Execute installation script
2025-08-30T18:21:28.4643638Z Check if Python hostedtoolcache folder exist...
2025-08-30T18:21:28.4644160Z Create Python 3.12.5 folder
2025-08-30T18:21:28.4668604Z Copy Python binaries to hostedtoolcache folder
2025-08-30T18:21:29.1443451Z Create additional symlinks (Required for the UsePythonVersion Azure Pipelines task and the setup-python GitHub Action)
2025-08-30T18:21:29.1485519Z Upgrading pip...
2025-08-30T18:21:31.4044362Z Looking in links: /tmp/tmpylqpjil3
2025-08-30T18:21:31.4048523Z Requirement already satisfied: pip in /opt/hostedtoolcache/Python/3.12.5/x64/lib/python3.12/site-packages (24.2)
2025-08-30T18:21:32.5328153Z Collecting pip
2025-08-30T18:21:32.5996877Z Downloading pip-25.2-py3-none-any.whl.metadata (4.7 kB)
2025-08-30T18:21:32.6178431Z Downloading pip-25.2-py3-none-any.whl (1.8 MB)
2025-08-30T18:21:32.6901798Z ━━━━━━━━━━━━━━━━━━━━━━━━━━━━━━━━━━━━━━━━ 1.8/1.8 MB 42.7 MB/s eta 0:00:00
2025-08-30T18:21:32.6902298Z 
2025-08-30T18:21:32.7111847Z Installing collected packages: pip
2025-08-30T18:21:32.7114144Z Attempting uninstall: pip
2025-08-30T18:21:32.7135311Z Found existing installation: pip 24.2
2025-08-30T18:21:32.7536790Z Uninstalling pip-24.2:
2025-08-30T18:21:32.7615632Z Successfully uninstalled pip-24.2
2025-08-30T18:21:33.6401493Z Successfully installed pip-25.2
2025-08-30T18:21:33.6850836Z Create complete file
2025-08-30T18:21:33.6886696Z Successfully set up CPython (3.12.5)
2025-08-30T18:21:33.6887564Z ##[endgroup]
2025-08-30T18:21:33.7040138Z ##[group]Run bossOfCode/install-scratchattach@v1.0.3
2025-08-30T18:21:33.7040466Z env:
2025-08-30T18:21:33.7040707Z   pythonLocation: /opt/hostedtoolcache/Python/3.12.5/x64
2025-08-30T18:21:33.7041113Z   PKG_CONFIG_PATH: /opt/hostedtoolcache/Python/3.12.5/x64/lib/pkgconfig
2025-08-30T18:21:33.7041506Z   Python_ROOT_DIR: /opt/hostedtoolcache/Python/3.12.5/x64
2025-08-30T18:21:33.7041840Z   Python2_ROOT_DIR: /opt/hostedtoolcache/Python/3.12.5/x64
2025-08-30T18:21:33.7042197Z   Python3_ROOT_DIR: /opt/hostedtoolcache/Python/3.12.5/x64
2025-08-30T18:21:33.7042565Z   LD_LIBRARY_PATH: /opt/hostedtoolcache/Python/3.12.5/x64/lib
2025-08-30T18:21:33.7042869Z ##[endgroup]
2025-08-30T18:21:33.7183831Z ##[group]Run python3 -m pip install --upgrade pip
2025-08-30T18:21:33.7184232Z [36;1mpython3 -m pip install --upgrade pip[0m
2025-08-30T18:21:33.7240204Z shell: /usr/bin/bash --noprofile --norc -e -o pipefail {0}
2025-08-30T18:21:33.7240538Z env:
2025-08-30T18:21:33.7240837Z   pythonLocation: /opt/hostedtoolcache/Python/3.12.5/x64
2025-08-30T18:21:33.7241226Z   PKG_CONFIG_PATH: /opt/hostedtoolcache/Python/3.12.5/x64/lib/pkgconfig
2025-08-30T18:21:33.7241604Z   Python_ROOT_DIR: /opt/hostedtoolcache/Python/3.12.5/x64
2025-08-30T18:21:33.7241936Z   Python2_ROOT_DIR: /opt/hostedtoolcache/Python/3.12.5/x64
2025-08-30T18:21:33.7242264Z   Python3_ROOT_DIR: /opt/hostedtoolcache/Python/3.12.5/x64
2025-08-30T18:21:33.7242600Z   LD_LIBRARY_PATH: /opt/hostedtoolcache/Python/3.12.5/x64/lib
2025-08-30T18:21:33.7242891Z ##[endgroup]
2025-08-30T18:21:34.1007906Z Requirement already satisfied: pip in /opt/hostedtoolcache/Python/3.12.5/x64/lib/python3.12/site-packages (25.2)
2025-08-30T18:21:34.3386841Z ##[group]Run pip install -U scratchattach
2025-08-30T18:21:34.3387143Z [36;1mpip install -U scratchattach[0m
2025-08-30T18:21:34.3419014Z shell: /usr/bin/bash --noprofile --norc -e -o pipefail {0}
2025-08-30T18:21:34.3419316Z env:
2025-08-30T18:21:34.3419564Z   pythonLocation: /opt/hostedtoolcache/Python/3.12.5/x64
2025-08-30T18:21:34.3419963Z   PKG_CONFIG_PATH: /opt/hostedtoolcache/Python/3.12.5/x64/lib/pkgconfig
2025-08-30T18:21:34.3420343Z   Python_ROOT_DIR: /opt/hostedtoolcache/Python/3.12.5/x64
2025-08-30T18:21:34.3420698Z   Python2_ROOT_DIR: /opt/hostedtoolcache/Python/3.12.5/x64
2025-08-30T18:21:34.3421039Z   Python3_ROOT_DIR: /opt/hostedtoolcache/Python/3.12.5/x64
2025-08-30T18:21:34.3421370Z   LD_LIBRARY_PATH: /opt/hostedtoolcache/Python/3.12.5/x64/lib
2025-08-30T18:21:34.3421654Z ##[endgroup]
2025-08-30T18:21:34.8188504Z Collecting scratchattach
2025-08-30T18:21:34.8855251Z   Downloading scratchattach-2.1.13-py3-none-any.whl.metadata (5.5 kB)
2025-08-30T18:21:34.9302937Z Collecting websocket-client (from scratchattach)
2025-08-30T18:21:34.9437418Z   Downloading websocket_client-1.8.0-py3-none-any.whl.metadata (8.0 kB)
2025-08-30T18:21:34.9832608Z Collecting requests (from scratchattach)
2025-08-30T18:21:34.9979961Z   Downloading requests-2.32.5-py3-none-any.whl.metadata (4.9 kB)
2025-08-30T18:21:35.0209559Z Collecting bs4 (from scratchattach)
2025-08-30T18:21:35.0349877Z   Downloading bs4-0.0.2-py2.py3-none-any.whl.metadata (411 bytes)
2025-08-30T18:21:35.0557519Z Collecting SimpleWebSocketServer (from scratchattach)
2025-08-30T18:21:35.0710647Z   Downloading SimpleWebSocketServer-0.1.2.tar.gz (10 kB)
2025-08-30T18:21:35.0819903Z   Installing build dependencies: started
2025-08-30T18:21:36.1417149Z   Installing build dependencies: finished with status 'done'
2025-08-30T18:21:36.1423257Z   Getting requirements to build wheel: started
2025-08-30T18:21:36.5870714Z   Getting requirements to build wheel: finished with status 'done'
2025-08-30T18:21:36.5880266Z   Preparing metadata (pyproject.toml): started
2025-08-30T18:21:36.7724488Z   Preparing metadata (pyproject.toml): finished with status 'done'
2025-08-30T18:21:36.8167928Z Collecting typing-extensions (from scratchattach)
2025-08-30T18:21:36.8302152Z   Downloading typing_extensions-4.15.0-py3-none-any.whl.metadata (3.3 kB)
2025-08-30T18:21:36.8577285Z Collecting beautifulsoup4 (from bs4->scratchattach)
2025-08-30T18:21:36.8712076Z   Downloading beautifulsoup4-4.13.5-py3-none-any.whl.metadata (3.8 kB)
2025-08-30T18:21:36.8995304Z Collecting soupsieve>1.2 (from beautifulsoup4->bs4->scratchattach)
2025-08-30T18:21:36.9134051Z   Downloading soupsieve-2.8-py3-none-any.whl.metadata (4.6 kB)
2025-08-30T18:21:37.0244971Z Collecting charset_normalizer<4,>=2 (from requests->scratchattach)
2025-08-30T18:21:37.0380945Z   Downloading charset_normalizer-3.4.3-cp312-cp312-manylinux2014_x86_64.manylinux_2_17_x86_64.manylinux_2_28_x86_64.whl.metadata (36 kB)
2025-08-30T18:21:37.0712476Z Collecting idna<4,>=2.5 (from requests->scratchattach)
2025-08-30T18:21:37.0850900Z   Downloading idna-3.10-py3-none-any.whl.metadata (10 kB)
2025-08-30T18:21:37.1230753Z Collecting urllib3<3,>=1.21.1 (from requests->scratchattach)
2025-08-30T18:21:37.1378575Z   Downloading urllib3-2.5.0-py3-none-any.whl.metadata (6.5 kB)
2025-08-30T18:21:37.1678110Z Collecting certifi>=2017.4.17 (from requests->scratchattach)
2025-08-30T18:21:37.1815395Z   Downloading certifi-2025.8.3-py3-none-any.whl.metadata (2.4 kB)
2025-08-30T18:21:37.2026595Z Downloading scratchattach-2.1.13-py3-none-any.whl (141 kB)
2025-08-30T18:21:37.2341425Z Downloading bs4-0.0.2-py2.py3-none-any.whl (1.2 kB)
2025-08-30T18:21:37.2496657Z Downloading beautifulsoup4-4.13.5-py3-none-any.whl (105 kB)
2025-08-30T18:21:37.2671404Z Downloading soupsieve-2.8-py3-none-any.whl (36 kB)
2025-08-30T18:21:37.2831493Z Downloading typing_extensions-4.15.0-py3-none-any.whl (44 kB)
2025-08-30T18:21:37.2992687Z Downloading requests-2.32.5-py3-none-any.whl (64 kB)
2025-08-30T18:21:37.3156098Z Downloading charset_normalizer-3.4.3-cp312-cp312-manylinux2014_x86_64.manylinux_2_17_x86_64.manylinux_2_28_x86_64.whl (151 kB)
2025-08-30T18:21:37.3360349Z Downloading idna-3.10-py3-none-any.whl (70 kB)
2025-08-30T18:21:37.3521228Z Downloading urllib3-2.5.0-py3-none-any.whl (129 kB)
2025-08-30T18:21:37.3705203Z Downloading certifi-2025.8.3-py3-none-any.whl (161 kB)
2025-08-30T18:21:37.3890974Z Downloading websocket_client-1.8.0-py3-none-any.whl (58 kB)
2025-08-30T18:21:37.4029473Z Building wheels for collected packages: SimpleWebSocketServer
2025-08-30T18:21:37.4038001Z   Building wheel for SimpleWebSocketServer (pyproject.toml): started
2025-08-30T18:21:37.6218735Z   Building wheel for SimpleWebSocketServer (pyproject.toml): finished with status 'done'
2025-08-30T18:21:37.6225013Z   Created wheel for SimpleWebSocketServer: filename=simplewebsocketserver-0.1.2-py3-none-any.whl size=9715 sha256=30cea1007671c5fc8ba52254de64d2b856c479b3234ddffde88b8d7e6ccb80fb
2025-08-30T18:21:37.6227190Z   Stored in directory: /home/runner/.cache/pip/wheels/81/fd/d8/f145b47bedceb5dff96b76e404a4ee9be956a4f8f150cd8133
2025-08-30T18:21:37.6245802Z Successfully built SimpleWebSocketServer
2025-08-30T18:21:37.6418676Z Installing collected packages: SimpleWebSocketServer, websocket-client, urllib3, typing-extensions, soupsieve, idna, charset_normalizer, certifi, requests, beautifulsoup4, bs4, scratchattach
2025-08-30T18:21:38.2112536Z 
2025-08-30T18:21:38.2131560Z Successfully installed SimpleWebSocketServer-0.1.2 beautifulsoup4-4.13.5 bs4-0.0.2 certifi-2025.8.3 charset_normalizer-3.4.3 idna-3.10 requests-2.32.5 scratchattach-2.1.13 soupsieve-2.8 typing-extensions-4.15.0 urllib3-2.5.0 websocket-client-1.8.0
2025-08-30T18:21:38.2906487Z ##[group]Run actions/checkout@v5
2025-08-30T18:21:38.2906730Z with:
2025-08-30T18:21:38.2906891Z   ref: main
2025-08-30T18:21:38.2907072Z   repository: Boss-1s/scratchattach
2025-08-30T18:21:38.2907423Z   token: ***
2025-08-30T18:21:38.2907602Z   ssh-strict: true
2025-08-30T18:21:38.2907981Z   ssh-user: git
2025-08-30T18:21:38.2908163Z   persist-credentials: true
2025-08-30T18:21:38.2908369Z   clean: true
2025-08-30T18:21:38.2908551Z   sparse-checkout-cone-mode: true
2025-08-30T18:21:38.2908777Z   fetch-depth: 1
2025-08-30T18:21:38.2908955Z   fetch-tags: false
2025-08-30T18:21:38.2909132Z   show-progress: true
2025-08-30T18:21:38.2909316Z   lfs: false
2025-08-30T18:21:38.2909476Z   submodules: false
2025-08-30T18:21:38.2909660Z   set-safe-directory: true
2025-08-30T18:21:38.2909856Z env:
2025-08-30T18:21:38.2910079Z   pythonLocation: /opt/hostedtoolcache/Python/3.12.5/x64
2025-08-30T18:21:38.2910484Z   PKG_CONFIG_PATH: /opt/hostedtoolcache/Python/3.12.5/x64/lib/pkgconfig
2025-08-30T18:21:38.2910899Z   Python_ROOT_DIR: /opt/hostedtoolcache/Python/3.12.5/x64
2025-08-30T18:21:38.2911236Z   Python2_ROOT_DIR: /opt/hostedtoolcache/Python/3.12.5/x64
2025-08-30T18:21:38.2911564Z   Python3_ROOT_DIR: /opt/hostedtoolcache/Python/3.12.5/x64
2025-08-30T18:21:38.2911897Z   LD_LIBRARY_PATH: /opt/hostedtoolcache/Python/3.12.5/x64/lib
2025-08-30T18:21:38.2912179Z ##[endgroup]
2025-08-30T18:21:38.3665068Z Syncing repository: Boss-1s/scratchattach
2025-08-30T18:21:38.3665918Z ##[group]Getting Git version info
2025-08-30T18:21:38.3666560Z Working directory is '/home/runner/work/scratchattach/scratchattach'
2025-08-30T18:21:38.3700937Z [command]/usr/bin/git version
2025-08-30T18:21:38.3735215Z git version 2.51.0
2025-08-30T18:21:38.3755367Z ##[endgroup]
2025-08-30T18:21:38.3768920Z Temporarily overriding HOME='/home/runner/work/_temp/f7c9ae02-5be7-4922-88ba-d6b342ab1627' before making global git config changes
2025-08-30T18:21:38.3770207Z Adding repository directory to the temporary git global config as a safe directory
2025-08-30T18:21:38.3774469Z [command]/usr/bin/git config --global --add safe.directory /home/runner/work/scratchattach/scratchattach
2025-08-30T18:21:38.3810806Z [command]/usr/bin/git config --local --get remote.origin.url
2025-08-30T18:21:38.3831690Z https://github.com/Boss-1s/scratchattach
2025-08-30T18:21:38.3844416Z ##[group]Removing previously created refs, to avoid conflicts
2025-08-30T18:21:38.3848906Z [command]/usr/bin/git rev-parse --symbolic-full-name --verify --quiet HEAD
2025-08-30T18:21:38.3869342Z refs/heads/main
2025-08-30T18:21:38.3878751Z [command]/usr/bin/git checkout --detach
2025-08-30T18:21:38.4032050Z HEAD is now at 944d135 Update action3.yml
2025-08-30T18:21:38.4074194Z [command]/usr/bin/git branch --delete --force main
2025-08-30T18:21:38.4098230Z Deleted branch main (was 944d135).
2025-08-30T18:21:38.4131405Z ##[endgroup]
2025-08-30T18:21:38.4134776Z [command]/usr/bin/git submodule status
2025-08-30T18:21:38.4357584Z ##[group]Cleaning the repository
2025-08-30T18:21:38.4361958Z [command]/usr/bin/git clean -ffdx
2025-08-30T18:21:38.4393129Z [command]/usr/bin/git reset --hard HEAD
2025-08-30T18:21:38.4426362Z HEAD is now at 944d135 Update action3.yml
2025-08-30T18:21:38.4431346Z ##[endgroup]
2025-08-30T18:21:38.4432937Z ##[group]Disabling automatic garbage collection
2025-08-30T18:21:38.4436740Z [command]/usr/bin/git config --local gc.auto 0
2025-08-30T18:21:38.4462557Z ##[endgroup]
2025-08-30T18:21:38.4463114Z ##[group]Setting up auth
2025-08-30T18:21:38.4469720Z [command]/usr/bin/git config --local --name-only --get-regexp core\.sshCommand
2025-08-30T18:21:38.4499204Z [command]/usr/bin/git submodule foreach --recursive sh -c "git config --local --name-only --get-regexp 'core\.sshCommand' && git config --local --unset-all 'core.sshCommand' || :"
2025-08-30T18:21:38.4720748Z [command]/usr/bin/git config --local --name-only --get-regexp http\.https\:\/\/github\.com\/\.extraheader
2025-08-30T18:21:38.4741937Z http.https://github.com/.extraheader
2025-08-30T18:21:38.4751292Z [command]/usr/bin/git config --local --unset-all http.https://github.com/.extraheader
2025-08-30T18:21:38.4780648Z [command]/usr/bin/git submodule foreach --recursive sh -c "git config --local --name-only --get-regexp 'http\.https\:\/\/github\.com\/\.extraheader' && git config --local --unset-all 'http.https://github.com/.extraheader' || :"
2025-08-30T18:21:38.5000877Z [command]/usr/bin/git config --local http.https://github.com/.extraheader AUTHORIZATION: basic ***
2025-08-30T18:21:38.5035270Z ##[endgroup]
2025-08-30T18:21:38.5035797Z ##[group]Fetching the repository
2025-08-30T18:21:38.5043632Z [command]/usr/bin/git -c protocol.version=2 fetch --no-tags --prune --no-recurse-submodules --depth=1 origin +refs/heads/main*:refs/remotes/origin/main* +refs/tags/main*:refs/tags/main*
2025-08-30T18:21:38.8186479Z ##[endgroup]
2025-08-30T18:21:38.8187119Z ##[group]Determining the checkout info
2025-08-30T18:21:38.8195083Z [command]/usr/bin/git branch --list --remote origin/main
2025-08-30T18:21:38.8229875Z   origin/main
2025-08-30T18:21:38.8245344Z ##[endgroup]
2025-08-30T18:21:38.8245753Z [command]/usr/bin/git sparse-checkout disable
2025-08-30T18:21:38.8304862Z [command]/usr/bin/git config --local --unset-all extensions.worktreeConfig
2025-08-30T18:21:38.8346809Z ##[group]Checking out the ref
2025-08-30T18:21:38.8347554Z [command]/usr/bin/git checkout --progress --force -B main refs/remotes/origin/main
2025-08-30T18:21:38.8437782Z Switched to a new branch 'main'
2025-08-30T18:21:38.8438523Z branch 'main' set up to track 'origin/main'.
2025-08-30T18:21:38.8439794Z ##[endgroup]
2025-08-30T18:21:38.8486937Z [command]/usr/bin/git log -1 --format=%H
2025-08-30T18:21:38.8537815Z 944d135f6e88c6740b07f4b30b36b0af64714671
2025-08-30T18:21:38.8665850Z ##[group]Run timeout 359m python3 message_viewer.py || { [[ $? -eq 124 ]] && exit 0; }
2025-08-30T18:21:38.8666387Z [36;1mtimeout 359m python3 message_viewer.py || { [[ $? -eq 124 ]] && exit 0; }[0m
2025-08-30T18:21:38.8698665Z shell: /usr/bin/bash -e {0}
2025-08-30T18:21:38.8698890Z env:
2025-08-30T18:21:38.8699130Z   pythonLocation: /opt/hostedtoolcache/Python/3.12.5/x64
2025-08-30T18:21:38.8699539Z   PKG_CONFIG_PATH: /opt/hostedtoolcache/Python/3.12.5/x64/lib/pkgconfig
2025-08-30T18:21:38.8700083Z   Python_ROOT_DIR: /opt/hostedtoolcache/Python/3.12.5/x64
2025-08-30T18:21:38.8700444Z   Python2_ROOT_DIR: /opt/hostedtoolcache/Python/3.12.5/x64
2025-08-30T18:21:38.8700779Z   Python3_ROOT_DIR: /opt/hostedtoolcache/Python/3.12.5/x64
2025-08-30T18:21:38.8701118Z   LD_LIBRARY_PATH: /opt/hostedtoolcache/Python/3.12.5/x64/lib
2025-08-30T18:21:38.8701514Z   PASS: ***
2025-08-30T18:21:38.8701683Z ##[endgroup]
2025-08-30T18:21:40.1665767Z Thanks for giving credit for CloudRequests!
2025-08-30T18:21:40.1666284Z Request handler is running
2025-08-30T18:21:40.1672461Z Request handler is running
2025-08-31T00:20:38.9700488Z Post job cleanup.
2025-08-31T00:20:39.0452672Z [command]/usr/bin/git version
2025-08-31T00:20:39.0487977Z git version 2.51.0
2025-08-31T00:20:39.0523881Z Temporarily overriding HOME='/home/runner/work/_temp/e06b0ea9-0db8-42be-8559-c4b88f51ab19' before making global git config changes
2025-08-31T00:20:39.0525033Z Adding repository directory to the temporary git global config as a safe directory
2025-08-31T00:20:39.0529370Z [command]/usr/bin/git config --global --add safe.directory /home/runner/work/scratchattach/scratchattach
2025-08-31T00:20:39.0564274Z [command]/usr/bin/git config --local --name-only --get-regexp core\.sshCommand
2025-08-31T00:20:39.0597756Z [command]/usr/bin/git submodule foreach --recursive sh -c "git config --local --name-only --get-regexp 'core\.sshCommand' && git config --local --unset-all 'core.sshCommand' || :"
2025-08-31T00:20:39.0820969Z [command]/usr/bin/git config --local --name-only --get-regexp http\.https\:\/\/github\.com\/\.extraheader
2025-08-31T00:20:39.0843072Z http.https://github.com/.extraheader
2025-08-31T00:20:39.0852663Z [command]/usr/bin/git config --local --unset-all http.https://github.com/.extraheader
2025-08-31T00:20:39.0883520Z [command]/usr/bin/git submodule foreach --recursive sh -c "git config --local --name-only --get-regexp 'http\.https\:\/\/github\.com\/\.extraheader' && git config --local --unset-all 'http.https://github.com/.extraheader' || :"
2025-08-31T00:20:39.1246770Z Post job cleanup.
2025-08-31T00:20:39.2915255Z Post job cleanup.
2025-08-31T00:20:39.3685104Z [command]/usr/bin/git version
2025-08-31T00:20:39.3724968Z git version 2.51.0
2025-08-31T00:20:39.3761889Z Temporarily overriding HOME='/home/runner/work/_temp/94a45156-e37d-4952-9a39-a360502f96e6' before making global git config changes
2025-08-31T00:20:39.3763138Z Adding repository directory to the temporary git global config as a safe directory
2025-08-31T00:20:39.3768665Z [command]/usr/bin/git config --global --add safe.directory /home/runner/work/scratchattach/scratchattach
2025-08-31T00:20:39.3805297Z [command]/usr/bin/git config --local --name-only --get-regexp core\.sshCommand
2025-08-31T00:20:39.3839900Z [command]/usr/bin/git submodule foreach --recursive sh -c "git config --local --name-only --get-regexp 'core\.sshCommand' && git config --local --unset-all 'core.sshCommand' || :"
2025-08-31T00:20:39.4080802Z [command]/usr/bin/git config --local --name-only --get-regexp http\.https\:\/\/github\.com\/\.extraheader
2025-08-31T00:20:39.4115651Z [command]/usr/bin/git submodule foreach --recursive sh -c "git config --local --name-only --get-regexp 'http\.https\:\/\/github\.com\/\.extraheader' && git config --local --unset-all 'http.https://github.com/.extraheader' || :"
2025-08-31T00:20:39.4460390Z Cleaning up orphan processes
