2026-01-16T02:00:11.1831756Z Current runner version: '2.331.0'
2026-01-16T02:00:11.1854231Z ##[group]Runner Image Provisioner
2026-01-16T02:00:11.1855064Z Hosted Compute Agent
2026-01-16T02:00:11.1855585Z Version: 20251211.462
2026-01-16T02:00:11.1856613Z Commit: 6cbad8c2bb55d58165063d031ccabf57e2d2db61
2026-01-16T02:00:11.1857245Z Build Date: 2025-12-11T16:28:49Z
2026-01-16T02:00:11.1857959Z Worker ID: {787dc54b-f59d-49c3-9488-a5c045404f96}
2026-01-16T02:00:11.1858644Z ##[endgroup]
2026-01-16T02:00:11.1859105Z ##[group]Operating System
2026-01-16T02:00:11.1859717Z Ubuntu
2026-01-16T02:00:11.1860148Z 24.04.3
2026-01-16T02:00:11.1860577Z LTS
2026-01-16T02:00:11.1861045Z ##[endgroup]
2026-01-16T02:00:11.1861552Z ##[group]Runner Image
2026-01-16T02:00:11.1862030Z Image: ubuntu-24.04
2026-01-16T02:00:11.1862562Z Version: 20260111.209.1
2026-01-16T02:00:11.1863542Z Included Software: https://github.com/actions/runner-images/blob/ubuntu24/20260111.209/images/ubuntu/Ubuntu2404-Readme.md
2026-01-16T02:00:11.1865102Z Image Release: https://github.com/actions/runner-images/releases/tag/ubuntu24%2F20260111.209
2026-01-16T02:00:11.1866306Z ##[endgroup]
2026-01-16T02:00:11.1867582Z ##[group]GITHUB_TOKEN Permissions
2026-01-16T02:00:11.1869650Z Actions: read
2026-01-16T02:00:11.1870176Z Contents: read
2026-01-16T02:00:11.1870704Z Metadata: read
2026-01-16T02:00:11.1871206Z Packages: read
2026-01-16T02:00:11.1871661Z SecurityEvents: write
2026-01-16T02:00:11.1872208Z ##[endgroup]
2026-01-16T02:00:11.1874877Z Secret source: Actions
2026-01-16T02:00:11.1876227Z Prepare workflow directory
2026-01-16T02:00:11.2387404Z Prepare all required actions
2026-01-16T02:00:11.2424967Z Getting action download info
2026-01-16T02:00:11.5843505Z Download action repository 'actions/checkout@v4' (SHA:34e114876b0b11c390a56381ad16ebd13914f8d5)
2026-01-16T02:00:11.6848489Z Download action repository 'github/codeql-action@v4' (SHA:cdefb33c0f6224e58673d9004f47f7cb3e328b89)
2026-01-16T02:00:12.8230855Z Complete job name: Analyze (actions)
2026-01-16T02:00:12.8872232Z ##[group]Run actions/checkout@v4
2026-01-16T02:00:12.8873108Z with:
2026-01-16T02:00:12.8873540Z   repository: Boss-1s/scratchattach
2026-01-16T02:00:12.8874218Z   token: ***
2026-01-16T02:00:12.8874621Z   ssh-strict: true
2026-01-16T02:00:12.8875035Z   ssh-user: git
2026-01-16T02:00:12.8875441Z   persist-credentials: true
2026-01-16T02:00:12.8876068Z   clean: true
2026-01-16T02:00:12.8876494Z   sparse-checkout-cone-mode: true
2026-01-16T02:00:12.8876994Z   fetch-depth: 1
2026-01-16T02:00:12.8877384Z   fetch-tags: false
2026-01-16T02:00:12.8877792Z   show-progress: true
2026-01-16T02:00:12.8878197Z   lfs: false
2026-01-16T02:00:12.8878592Z   submodules: false
2026-01-16T02:00:12.8879010Z   set-safe-directory: true
2026-01-16T02:00:12.8879705Z env:
2026-01-16T02:00:12.8880093Z   CODE_SCANNING_REF: refs/heads/main
2026-01-16T02:00:12.8880613Z   CODE_SCANNING_BASE_BRANCH: 
2026-01-16T02:00:12.8881139Z   CODE_SCANNING_IS_ANALYZING_DEFAULT_BRANCH: true
2026-01-16T02:00:12.8881818Z   CODE_SCANNING_IS_STEADY_STATE_DEFAULT_SETUP: true
2026-01-16T02:00:12.8891220Z   CODE_SCANNING_WORKFLOW_FILE: H4sIAAAAAAAA/6RV32/bNhB+919x8AakfZDzsicBBaY4cuLNsFNJQZcVBUFTJ5mLTKr8kVTt8r8PFKVYWuM5Q/1kHj9+vLvv40nQPYYwncsc36+mE2VF4EM/f/sGJTc7u53hAwoz46K2Rs+YzJFoRoXgoiTKCuLw8PQ0kSKEvBF0z9lkguIhnADMN5cxSefRer1cX5EkXryaGAvH+W+GiyiNyUUSrefXr2XaUo1kq6hgu5cYlymJ1tHq7k+3uIwX0e0q+583cE2ooFXz1S1yLKitzH/fmGZxdHlH0izK4udL0zi7vQnBKIvfnfmwSX5frDYfyGK5il+b16NU90UlH0nBq1ahyV9yq50sPl10fwG83pEPwRvHvadG8S+ziorS0tKdfdtClRU6cDo7UKHk/rd0s37ToZUVAtVbXzJAjWrPteZSaH8PAGWmXYJCmncxJoVBYcbBmrJ7WuI4qJFZxU0TtCXrEB4VNzjpSbiwGEgRoFJShVDQSvtNbRQ1WDZ9FgXlVVBQbYYg6GruQQBcsMrmeAgABNB3JOxrGewCMHePVE0I58/Al3Bby6s82MscQxBS4GjTtzGEs49Tu7XC2KCiBrWZfjo7kkrdmJ0UJzN5AfZDiWiDdSdt0JlovkN2L60BhbXU3EjVdJRWOzW7ZpyzDvfrwy+TEcFScMNpxb8i+JE0Ou4tf+5c/rkKPNk5F7zl8cBHbnYHyVqfa66Dey5yHYI7GfTv4xnVd0h7X39v/slL/RpAD+EhOMcaRY6CNQGjbMdF6Q/5vs5QPHAlxR6FgXfv4MwXF+ykNpifDYk+W1TcZTedwk9w6QdMG21A2/4NdO+g4GUIfw+E7AZSoNHYOhwpLFU5DgC4IqrAvT8dwsdXDhovCGlPwdMTfBqQmp1CatrmVC1lt9srnrq0oFbySwOFVKCw5Nq4ejsSnod++7QVtKHKBC34mCMO9IQpzFE4u3XCa2QKjZ5dLbPr2wuSxFfLNEuWcUpuks0fd0NJDo/viGPGtr5BVUi17zztZ63m+nRF3aA+VNN9V/3PfSPer3x25HqTZl0d7mHO2jbMpDWtYO2KOHMNyxgR3GySkwS1VMcJ5hGZx0m2XCznURafomKUMFSGF9wNq6Okt8kqPUVlVaUPBGPBD5NwoFQfdIf+CQAA//+2RVGDAgkAAA==
2026-01-16T02:00:12.8901016Z ##[endgroup]
2026-01-16T02:00:12.9954725Z Syncing repository: Boss-1s/scratchattach
2026-01-16T02:00:12.9956661Z ##[group]Getting Git version info
2026-01-16T02:00:12.9957601Z Working directory is '/home/runner/work/scratchattach/scratchattach'
2026-01-16T02:00:12.9958652Z [command]/usr/bin/git version
2026-01-16T02:00:13.0044968Z git version 2.52.0
2026-01-16T02:00:13.0071053Z ##[endgroup]
2026-01-16T02:00:13.0085437Z Temporarily overriding HOME='/home/runner/work/_temp/d3d1eae8-218a-4812-ba5e-d6dd03f34a63' before making global git config changes
2026-01-16T02:00:13.0087706Z Adding repository directory to the temporary git global config as a safe directory
2026-01-16T02:00:13.0091081Z [command]/usr/bin/git config --global --add safe.directory /home/runner/work/scratchattach/scratchattach
2026-01-16T02:00:13.0130846Z Deleting the contents of '/home/runner/work/scratchattach/scratchattach'
2026-01-16T02:00:13.0134233Z ##[group]Initializing the repository
2026-01-16T02:00:13.0138371Z [command]/usr/bin/git init /home/runner/work/scratchattach/scratchattach
2026-01-16T02:00:13.0239865Z hint: Using 'master' as the name for the initial branch. This default branch name
2026-01-16T02:00:13.0241597Z hint: will change to "main" in Git 3.0. To configure the initial branch name
2026-01-16T02:00:13.0243199Z hint: to use in all of your new repositories, which will suppress this warning,
2026-01-16T02:00:13.0244481Z hint: call:
2026-01-16T02:00:13.0245167Z hint:
2026-01-16T02:00:13.0246130Z hint: 	git config --global init.defaultBranch <name>
2026-01-16T02:00:13.0247121Z hint:
2026-01-16T02:00:13.0247942Z hint: Names commonly chosen instead of 'master' are 'main', 'trunk' and
2026-01-16T02:00:13.0249128Z hint: 'development'. The just-created branch can be renamed via this command:
2026-01-16T02:00:13.0249878Z hint:
2026-01-16T02:00:13.0250292Z hint: 	git branch -m <name>
2026-01-16T02:00:13.0250743Z hint:
2026-01-16T02:00:13.0251370Z hint: Disable this message with "git config set advice.defaultBranchName false"
2026-01-16T02:00:13.0252992Z Initialized empty Git repository in /home/runner/work/scratchattach/scratchattach/.git/
2026-01-16T02:00:13.0257612Z [command]/usr/bin/git remote add origin https://github.com/Boss-1s/scratchattach
2026-01-16T02:00:13.0290471Z ##[endgroup]
2026-01-16T02:00:13.0291655Z ##[group]Disabling automatic garbage collection
2026-01-16T02:00:13.0294140Z [command]/usr/bin/git config --local gc.auto 0
2026-01-16T02:00:13.0321576Z ##[endgroup]
2026-01-16T02:00:13.0322662Z ##[group]Setting up auth
2026-01-16T02:00:13.0328088Z [command]/usr/bin/git config --local --name-only --get-regexp core\.sshCommand
2026-01-16T02:00:13.0357354Z [command]/usr/bin/git submodule foreach --recursive sh -c "git config --local --name-only --get-regexp 'core\.sshCommand' && git config --local --unset-all 'core.sshCommand' || :"
2026-01-16T02:00:13.0718597Z [command]/usr/bin/git config --local --name-only --get-regexp http\.https\:\/\/github\.com\/\.extraheader
2026-01-16T02:00:13.0747391Z [command]/usr/bin/git submodule foreach --recursive sh -c "git config --local --name-only --get-regexp 'http\.https\:\/\/github\.com\/\.extraheader' && git config --local --unset-all 'http.https://github.com/.extraheader' || :"
2026-01-16T02:00:13.0961472Z [command]/usr/bin/git config --local --name-only --get-regexp ^includeIf\.gitdir:
2026-01-16T02:00:13.0990208Z [command]/usr/bin/git submodule foreach --recursive git config --local --show-origin --name-only --get-regexp remote.origin.url
2026-01-16T02:00:13.1214417Z [command]/usr/bin/git config --local http.https://github.com/.extraheader AUTHORIZATION: basic ***
2026-01-16T02:00:13.1247108Z ##[endgroup]
2026-01-16T02:00:13.1247866Z ##[group]Fetching the repository
2026-01-16T02:00:13.1254793Z [command]/usr/bin/git -c protocol.version=2 fetch --no-tags --prune --no-recurse-submodules --depth=1 origin +d21d31728c3c84763a4a17c2f1f6f8360ca8ec11:refs/remotes/origin/main
2026-01-16T02:00:43.4206602Z From https://github.com/Boss-1s/scratchattach
2026-01-16T02:00:43.4207571Z  * [new ref]         d21d31728c3c84763a4a17c2f1f6f8360ca8ec11 -> origin/main
2026-01-16T02:00:43.4238388Z ##[endgroup]
2026-01-16T02:00:43.4238842Z ##[group]Determining the checkout info
2026-01-16T02:00:43.4240479Z ##[endgroup]
2026-01-16T02:00:43.4246260Z [command]/usr/bin/git sparse-checkout disable
2026-01-16T02:00:43.4289446Z [command]/usr/bin/git config --local --unset-all extensions.worktreeConfig
2026-01-16T02:00:43.4315338Z ##[group]Checking out the ref
2026-01-16T02:00:43.4320437Z [command]/usr/bin/git checkout --progress --force -B main refs/remotes/origin/main
2026-01-16T02:00:44.7900545Z Updating files:  84% (2611/3102)
2026-01-16T02:00:45.0766407Z Updating files:  85% (2637/3102)
2026-01-16T02:00:45.0803729Z Updating files:  86% (2668/3102)
2026-01-16T02:00:45.0844710Z Updating files:  87% (2699/3102)
2026-01-16T02:00:45.2810776Z Updating files:  88% (2730/3102)
2026-01-16T02:00:45.2838732Z Updating files:  89% (2761/3102)
2026-01-16T02:00:45.4724338Z Updating files:  90% (2792/3102)
2026-01-16T02:00:45.6721825Z Updating files:  90% (2812/3102)
2026-01-16T02:00:46.1213566Z Updating files:  91% (2823/3102)
2026-01-16T02:00:46.3473802Z Updating files:  92% (2854/3102)
2026-01-16T02:00:46.4542726Z Updating files:  93% (2885/3102)
2026-01-16T02:00:46.6634773Z Updating files:  93% (2897/3102)
2026-01-16T02:00:46.7775395Z Updating files:  94% (2916/3102)
2026-01-16T02:00:47.0129159Z Updating files:  95% (2947/3102)
2026-01-16T02:00:47.5524121Z Updating files:  96% (2978/3102)
2026-01-16T02:00:47.6564534Z Updating files:  96% (3004/3102)
2026-01-16T02:00:48.3793450Z Updating files:  97% (3009/3102)
2026-01-16T02:00:48.5026813Z Updating files:  98% (3040/3102)
2026-01-16T02:00:48.7722607Z Updating files:  98% (3051/3102)
2026-01-16T02:00:49.0247111Z Updating files:  99% (3071/3102)
2026-01-16T02:00:49.0248250Z Updating files: 100% (3102/3102)
2026-01-16T02:00:49.0248903Z Updating files: 100% (3102/3102), done.
2026-01-16T02:00:49.0280631Z Switched to a new branch 'main'
2026-01-16T02:00:49.0283962Z branch 'main' set up to track 'origin/main'.
2026-01-16T02:00:49.0433030Z ##[endgroup]
2026-01-16T02:00:49.0473778Z [command]/usr/bin/git log -1 --format=%H
2026-01-16T02:00:49.0495973Z d21d31728c3c84763a4a17c2f1f6f8360ca8ec11
2026-01-16T02:00:49.0766911Z ##[group]Run github/codeql-action/init@v4
2026-01-16T02:00:49.0767211Z with:
2026-01-16T02:00:49.0767396Z   analysis-kinds: code-scanning
2026-01-16T02:00:49.0767626Z   languages: actions
2026-01-16T02:00:49.0767819Z   build-mode: none
2026-01-16T02:00:49.0768010Z   dependency-caching: true
2026-01-16T02:00:49.0768338Z   config: default-setup:
  org:
    model-packs: [  ]
threat-models: [  ]

2026-01-16T02:00:49.0768831Z   token: ***
2026-01-16T02:00:49.0769284Z   matrix: {
  "language": "actions",
  "category": "/language:actions",
  "build-mode": "none",
  "runner": "[\"ubuntu-latest\"]"
}
2026-01-16T02:00:49.0769792Z   debug: false
2026-01-16T02:00:49.0769963Z env:
2026-01-16T02:00:49.0770133Z   CODE_SCANNING_REF: refs/heads/main
2026-01-16T02:00:49.0770372Z   CODE_SCANNING_BASE_BRANCH: 
2026-01-16T02:00:49.0770623Z   CODE_SCANNING_IS_ANALYZING_DEFAULT_BRANCH: true
2026-01-16T02:00:49.0770925Z   CODE_SCANNING_IS_STEADY_STATE_DEFAULT_SETUP: true
2026-01-16T02:00:49.0776628Z   CODE_SCANNING_WORKFLOW_FILE: H4sIAAAAAAAA/6RV32/bNhB+919x8AakfZDzsicBBaY4cuLNsFNJQZcVBUFTJ5mLTKr8kVTt8r8PFKVYWuM5Q/1kHj9+vLvv40nQPYYwncsc36+mE2VF4EM/f/sGJTc7u53hAwoz46K2Rs+YzJFoRoXgoiTKCuLw8PQ0kSKEvBF0z9lkguIhnADMN5cxSefRer1cX5EkXryaGAvH+W+GiyiNyUUSrefXr2XaUo1kq6hgu5cYlymJ1tHq7k+3uIwX0e0q+583cE2ooFXz1S1yLKitzH/fmGZxdHlH0izK4udL0zi7vQnBKIvfnfmwSX5frDYfyGK5il+b16NU90UlH0nBq1ahyV9yq50sPl10fwG83pEPwRvHvadG8S+ziorS0tKdfdtClRU6cDo7UKHk/rd0s37ToZUVAtVbXzJAjWrPteZSaH8PAGWmXYJCmncxJoVBYcbBmrJ7WuI4qJFZxU0TtCXrEB4VNzjpSbiwGEgRoFJShVDQSvtNbRQ1WDZ9FgXlVVBQbYYg6GruQQBcsMrmeAgABNB3JOxrGewCMHePVE0I58/Al3Bby6s82MscQxBS4GjTtzGEs49Tu7XC2KCiBrWZfjo7kkrdmJ0UJzN5AfZDiWiDdSdt0JlovkN2L60BhbXU3EjVdJRWOzW7ZpyzDvfrwy+TEcFScMNpxb8i+JE0Ou4tf+5c/rkKPNk5F7zl8cBHbnYHyVqfa66Dey5yHYI7GfTv4xnVd0h7X39v/slL/RpAD+EhOMcaRY6CNQGjbMdF6Q/5vs5QPHAlxR6FgXfv4MwXF+ykNpifDYk+W1TcZTedwk9w6QdMG21A2/4NdO+g4GUIfw+E7AZSoNHYOhwpLFU5DgC4IqrAvT8dwsdXDhovCGlPwdMTfBqQmp1CatrmVC1lt9srnrq0oFbySwOFVKCw5Nq4ejsSnod++7QVtKHKBC34mCMO9IQpzFE4u3XCa2QKjZ5dLbPr2wuSxFfLNEuWcUpuks0fd0NJDo/viGPGtr5BVUi17zztZ63m+nRF3aA+VNN9V/3PfSPer3x25HqTZl0d7mHO2jbMpDWtYO2KOHMNyxgR3GySkwS1VMcJ5hGZx0m2XCznURafomKUMFSGF9wNq6Okt8kqPUVlVaUPBGPBD5NwoFQfdIf+CQAA//+2RVGDAgkAAA==
2026-01-16T02:00:49.0782456Z ##[endgroup]
2026-01-16T02:00:49.6514521Z Job run UUID is 185367a6-8a0e-46ab-9e43-a1efa0653bf5.
2026-01-16T02:00:50.0216062Z ##[group]Setup CodeQL tools
2026-01-16T02:00:50.0269460Z [command]/usr/bin/tar --version
2026-01-16T02:00:50.0313216Z tar (GNU tar) 1.35
2026-01-16T02:00:50.0313671Z Copyright (C) 2023 Free Software Foundation, Inc.
2026-01-16T02:00:50.0314432Z License GPLv3+: GNU GPL version 3 or later <https://gnu.org/licenses/gpl.html>.
2026-01-16T02:00:50.0315456Z This is free software: you are free to change and redistribute it.
2026-01-16T02:00:50.0316346Z There is NO WARRANTY, to the extent permitted by law.
2026-01-16T02:00:50.0316730Z 
2026-01-16T02:00:50.0316915Z Written by John Gilmore and Jay Fenlason.
2026-01-16T02:00:50.0324959Z Found gnu tar version 1.35.
2026-01-16T02:00:50.0416796Z Did not find CodeQL tools version 2.23.9 in the toolcache.
2026-01-16T02:00:50.0420913Z Using CodeQL CLI version 2.23.9 sourced from https://github.com/github/codeql-action/releases/download/codeql-bundle-v2.23.9/codeql-bundle-linux64.tar.zst .
2026-01-16T02:00:50.0426587Z Downloading CodeQL tools from https://github.com/github/codeql-action/releases/download/codeql-bundle-v2.23.9/codeql-bundle-linux64.tar.zst . This may take a while.
2026-01-16T02:00:50.0427496Z Streaming the extraction of the CodeQL bundle.
2026-01-16T02:00:50.2381697Z [command]tar -x --zstd --ignore-zeros --warning=no-unknown-keyword --overwrite -f - -C /opt/hostedtoolcache/CodeQL/2.23.9/x64
2026-01-16T02:00:55.4674392Z Finished downloading and extracting CodeQL bundle to /opt/hostedtoolcache/CodeQL/2.23.9/x64 (5.4s).
2026-01-16T02:00:55.4676441Z Created toolcache marker file /opt/hostedtoolcache/CodeQL/2.23.9/x64.complete
2026-01-16T02:00:56.1096253Z [command]/opt/hostedtoolcache/CodeQL/2.23.9/x64/codeql/codeql version --format=json
2026-01-16T02:00:56.7237730Z {
2026-01-16T02:00:56.7238391Z   "productName" : "CodeQL",
2026-01-16T02:00:56.7238814Z   "vendor" : "GitHub",
2026-01-16T02:00:56.7239164Z   "version" : "2.23.9",
2026-01-16T02:00:56.7239574Z   "sha" : "8cc4f2c4a6d9de68fb9e505d3cdb2e830d1dc3d9",
2026-01-16T02:00:56.7240040Z   "branches" : [
2026-01-16T02:00:56.7240384Z     "codeql-cli-2.23.9"
2026-01-16T02:00:56.7240676Z   ],
2026-01-16T02:00:56.7240987Z   "copyright" : "Copyright (C) 2019-2026 GitHub, Inc.",
2026-01-16T02:00:56.7241568Z   "unpackedLocation" : "/opt/hostedtoolcache/CodeQL/2.23.9/x64/codeql",
2026-01-16T02:00:56.7242318Z   "configFileLocation" : "/home/runner/.config/codeql/config",
2026-01-16T02:00:56.7242894Z   "configFileFound" : false,
2026-01-16T02:00:56.7243276Z   "overlayVersion" : 4,
2026-01-16T02:00:56.7243608Z   "features" : {
2026-01-16T02:00:56.7243956Z     "analysisSummaryV2Default" : true,
2026-01-16T02:00:56.7244391Z     "buildModeOption" : true,
2026-01-16T02:00:56.7244887Z     "bundleSupportsIncludeDiagnostics" : true,
2026-01-16T02:00:56.7245353Z     "bundleSupportsIncludeLogs" : true,
2026-01-16T02:00:56.7245980Z     "bundleSupportsOverlay" : true,
2026-01-16T02:00:56.7246615Z     "databaseInterpretResultsSupportsSarifRunProperty" : true,
2026-01-16T02:00:56.7247249Z     "featuresInVersionResult" : true,
2026-01-16T02:00:56.7247780Z     "indirectTracingSupportsStaticBinaries" : false,
2026-01-16T02:00:56.7248376Z     "informsAboutUnsupportedPathFilters" : true,
2026-01-16T02:00:56.7248898Z     "supportsPython312" : true,
2026-01-16T02:00:56.7249313Z     "mrvaPackCreate" : true,
2026-01-16T02:00:56.7249998Z     "threatModelOption" : true,
2026-01-16T02:00:56.7250414Z     "traceCommandUseBuildMode" : true,
2026-01-16T02:00:56.7250844Z     "v2ramSizing" : true,
2026-01-16T02:00:56.7251221Z     "mrvaPackCreateMultipleQueries" : true,
2026-01-16T02:00:56.7251645Z     "setsCodeqlRunnerEnvVar" : true,
2026-01-16T02:00:56.7252103Z     "sarifMergeRunsFromEqualCategory" : true,
2026-01-16T02:00:56.7252564Z     "forceOverwrite" : true,
2026-01-16T02:00:56.7252960Z     "generateSummarySymbolMap" : true,
2026-01-16T02:00:56.7253488Z     "pythonDefaultIsToNotExtractStdlib" : true,
2026-01-16T02:00:56.7253974Z     "queryServerRunQueries" : true,
2026-01-16T02:00:56.7254434Z     "queryServerTrimCacheWithMode" : true,
2026-01-16T02:00:56.7254966Z     "builtinExtractorsSpecifyDefaultQueries" : true,
2026-01-16T02:00:56.7255447Z     "bqrsDiffResultSets" : true
2026-01-16T02:00:56.7255757Z   }
2026-01-16T02:00:56.7256195Z }
2026-01-16T02:00:56.7388530Z ##[endgroup]
2026-01-16T02:00:56.7393269Z ##[group]Load language configuration
2026-01-16T02:00:56.7431492Z [command]/opt/hostedtoolcache/CodeQL/2.23.9/x64/codeql/codeql resolve languages --format=betterjson --extractor-options-verbosity=4 --extractor-include-aliases --filter-to-languages-with-queries
2026-01-16T02:00:57.6289224Z {
2026-01-16T02:00:57.6290007Z   "aliases" : {
2026-01-16T02:00:57.6290683Z     "c" : "cpp",
2026-01-16T02:00:57.6309911Z     "c++" : "cpp",
2026-01-16T02:00:57.6310279Z     "c-c++" : "cpp",
2026-01-16T02:00:57.6310612Z     "c-cpp" : "cpp",
2026-01-16T02:00:57.6310918Z     "c#" : "csharp",
2026-01-16T02:00:57.6311226Z     "java-kotlin" : "java",
2026-01-16T02:00:57.6311585Z     "kotlin" : "java",
2026-01-16T02:00:57.6311932Z     "javascript-typescript" : "javascript",
2026-01-16T02:00:57.6312381Z     "typescript" : "javascript"
2026-01-16T02:00:57.6312734Z   },
2026-01-16T02:00:57.6313004Z   "extractors" : {
2026-01-16T02:00:57.6313286Z     "rust" : [
2026-01-16T02:00:57.6313526Z       {
2026-01-16T02:00:57.6313940Z         "extractor_root" : "/opt/hostedtoolcache/CodeQL/2.23.9/x64/codeql/rust",
2026-01-16T02:00:57.6314515Z         "extractor_options" : {
2026-01-16T02:00:57.6314864Z           "trap" : {
2026-01-16T02:00:57.6315202Z             "title" : "Options pertaining to TRAP.",
2026-01-16T02:00:57.6315796Z             "description" : "Options pertaining to TRAP.",
2026-01-16T02:00:57.6316464Z             "type" : "object",
2026-01-16T02:00:57.6317197Z             "properties" : {
2026-01-16T02:00:57.6317589Z               "compression" : {
2026-01-16T02:00:57.6318148Z                 "title" : "Controls compression for the TRAP files written by the extractor.",
2026-01-16T02:00:57.6319207Z                 "description" : "This option is only intended for use in debugging the extractor. Accepted values are 'gzip' (to write gzip-compressed TRAP) 'zstd' (to write Zstandard-compressed TRAP) and 'none' (the default, to write uncompressed TRAP).\n",
2026-01-16T02:00:57.6320120Z                 "type" : "string",
2026-01-16T02:00:57.6320384Z                 "pattern" : "^(none|gzip|zstd)$"
2026-01-16T02:00:57.6320629Z               }
2026-01-16T02:00:57.6320786Z             }
2026-01-16T02:00:57.6320947Z           },
2026-01-16T02:00:57.6321110Z           "cargo_target_dir" : {
2026-01-16T02:00:57.6321389Z             "title" : "Directory to use for cargo output files.",
2026-01-16T02:00:57.6322656Z             "description" : "This value is an optional path to use as `CARGO_TARGET_DIR` for the internal cargo commands the extractor uses. Pointing it to a persistent directory may reduce execution time of consecutive extractor runs. By default, a new scratch directory is used for each run.\n",
2026-01-16T02:00:57.6323713Z             "type" : "string"
2026-01-16T02:00:57.6323920Z           },
2026-01-16T02:00:57.6324084Z           "cargo_target" : {
2026-01-16T02:00:57.6324309Z             "title" : "Target architecture",
2026-01-16T02:00:57.6324885Z             "description" : "Target architecture to use for analysis, analogous to `cargo --target`. By default the host architecture is used.\n",
2026-01-16T02:00:57.6325656Z             "type" : "string"
2026-01-16T02:00:57.6326060Z           },
2026-01-16T02:00:57.6326328Z           "cargo_features" : {
2026-01-16T02:00:57.6326672Z             "title" : "Cargo features to turn on",
2026-01-16T02:00:57.6328389Z             "description" : "Comma-separated list of features to turn on. By default all features are enabled. If any features are specified, then only those features are enabled. The `default` feature must be explicitly specified if only default features are desired. Can be repeated.\n",
2026-01-16T02:00:57.6330130Z             "type" : "array"
2026-01-16T02:00:57.6330453Z           },
2026-01-16T02:00:57.6330755Z           "cargo_cfg_overrides" : {
2026-01-16T02:00:57.6331146Z             "title" : "Cargo cfg overrides",
2026-01-16T02:00:57.6332015Z             "description" : "Comma-separated list of cfg settings to enable, or disable if prefixed with `-`. Can be repeated.\n",
2026-01-16T02:00:57.6332824Z             "type" : "array"
2026-01-16T02:00:57.6333132Z           },
2026-01-16T02:00:57.6333409Z           "logging" : {
2026-01-16T02:00:57.6333796Z             "title" : "Options pertaining to logging.",
2026-01-16T02:00:57.6334337Z             "description" : "Options pertaining to logging.",
2026-01-16T02:00:57.6334822Z             "type" : "object",
2026-01-16T02:00:57.6335200Z             "properties" : {
2026-01-16T02:00:57.6335562Z               "verbosity" : {
2026-01-16T02:00:57.6336211Z                 "title" : "Extractor logging verbosity level.",
2026-01-16T02:00:57.6337985Z                 "description" : "Controls the level of verbosity of the extractor. The supported levels are (in order of increasing verbosity):\n  - off\n  - errors\n  - warnings\n  - info or progress\n  - debug or progress+\n  - trace or progress++\n  - progress+++\n",
2026-01-16T02:00:57.6339022Z                 "type" : "string",
2026-01-16T02:00:57.6339503Z                 "pattern" : "^(off|errors|warnings|(info|progress)|(debug|progress\\+)|(trace|progress\\+\\+)|progress\\+\\+\\+)$"
2026-01-16T02:00:57.6339977Z               },
2026-01-16T02:00:57.6340158Z               "flamegraph" : {
2026-01-16T02:00:57.6340452Z                 "title" : "[Experimental] File path for write flame graph log",
2026-01-16T02:00:57.6341513Z                 "description" : "Collect flame graph data using the `tracing-flame` crate. To render a flame graph or chart, run the `inferno-flamegraph` command. See also: https://crates.io/crates/tracing-flame\n",
2026-01-16T02:00:57.6342297Z                 "type" : "string"
2026-01-16T02:00:57.6342518Z               }
2026-01-16T02:00:57.6342736Z             }
2026-01-16T02:00:57.6342885Z           },
2026-01-16T02:00:57.6343067Z           "extract_dependencies_as_source" : {
2026-01-16T02:00:57.6343363Z             "title" : "Extract dependencies as source code",
2026-01-16T02:00:57.6343868Z             "description" : "Extract the full source code of dependencies instead of only extracting signatures.\n",
2026-01-16T02:00:57.6344337Z             "type" : "string",
2026-01-16T02:00:57.6344551Z             "pattern" : "^(false|true)$"
2026-01-16T02:00:57.6344773Z           }
2026-01-16T02:00:57.6344916Z         }
2026-01-16T02:00:57.6345063Z       }
2026-01-16T02:00:57.6345201Z     ],
2026-01-16T02:00:57.6345352Z     "python" : [
2026-01-16T02:00:57.6345510Z       {
2026-01-16T02:00:57.6345785Z         "extractor_root" : "/opt/hostedtoolcache/CodeQL/2.23.9/x64/codeql/python",
2026-01-16T02:00:57.6346729Z         "extractor_options" : {
2026-01-16T02:00:57.6347121Z           "logging" : {
2026-01-16T02:00:57.6347536Z             "title" : "Options pertaining to logging.",
2026-01-16T02:00:57.6348125Z             "description" : "Options pertaining to logging.",
2026-01-16T02:00:57.6348663Z             "type" : "object",
2026-01-16T02:00:57.6349033Z             "properties" : {
2026-01-16T02:00:57.6349412Z               "verbosity" : {
2026-01-16T02:00:57.6349847Z                 "title" : "Python extractor logging verbosity level.",
2026-01-16T02:00:57.6351115Z                 "description" : "Controls the level of verbosity of the CodeQL Python extractor.\nThe supported levels are (in order of increasing verbosity):\n\n  - off\n  - errors\n  - warnings\n  - info or progress\n  - debug or progress+\n  - trace or progress++\n  - progress+++\n",
2026-01-16T02:00:57.6352091Z                 "type" : "string",
2026-01-16T02:00:57.6352548Z                 "pattern" : "^(off|errors|warnings|(info|progress)|(debug|progress\\+)|(trace|progress\\+\\+)|progress\\+\\+\\+)$"
2026-01-16T02:00:57.6353015Z               }
2026-01-16T02:00:57.6353166Z             }
2026-01-16T02:00:57.6353316Z           },
2026-01-16T02:00:57.6353487Z           "python_executable_name" : {
2026-01-16T02:00:57.6353904Z             "title" : "Controls the name of the Python executable used by the Python extractor.",
2026-01-16T02:00:57.6355349Z             "description" : "The Python extractor uses platform-dependent heuristics to determine the name of the Python executable to use. Specifying a value for this option overrides the name of the Python executable used by the extractor. Accepted values are py, python and python3. Use this setting with caution, the Python extractor requires Python 3 to run.\n",
2026-01-16T02:00:57.6356832Z             "type" : "string",
2026-01-16T02:00:57.6357060Z             "pattern" : "^(py|python|python3)$"
2026-01-16T02:00:57.6357304Z           }
2026-01-16T02:00:57.6357449Z         }
2026-01-16T02:00:57.6357592Z       }
2026-01-16T02:00:57.6357727Z     ],
2026-01-16T02:00:57.6357872Z     "cpp" : [
2026-01-16T02:00:57.6358019Z       {
2026-01-16T02:00:57.6358278Z         "extractor_root" : "/opt/hostedtoolcache/CodeQL/2.23.9/x64/codeql/cpp",
2026-01-16T02:00:57.6358629Z         "extractor_options" : {
2026-01-16T02:00:57.6358841Z           "trap" : {
2026-01-16T02:00:57.6359027Z             "title" : "TRAP options",
2026-01-16T02:00:57.6359358Z             "description" : "Options about how the extractor handles TRAP files",
2026-01-16T02:00:57.6359708Z             "type" : "object",
2026-01-16T02:00:57.6359906Z             "visibility" : 3,
2026-01-16T02:00:57.6360117Z             "properties" : {
2026-01-16T02:00:57.6360310Z               "cache" : {
2026-01-16T02:00:57.6360519Z                 "title" : "TRAP cache options",
2026-01-16T02:00:57.6361041Z                 "description" : "Options about how the extractor handles its TRAP cache",
2026-01-16T02:00:57.6361410Z                 "type" : "object",
2026-01-16T02:00:57.6361629Z                 "properties" : {
2026-01-16T02:00:57.6361839Z                   "dir" : {
2026-01-16T02:00:57.6362059Z                     "title" : "TRAP cache directory",
2026-01-16T02:00:57.6362385Z                     "description" : "The directory of the TRAP cache to use",
2026-01-16T02:00:57.6362699Z                     "type" : "string"
2026-01-16T02:00:57.6362936Z                   },
2026-01-16T02:00:57.6363229Z                   "bound" : {
2026-01-16T02:00:57.6363952Z                     "title" : "TRAP cache bound",
2026-01-16T02:00:57.6364371Z                     "description" : "A soft limit (in MB) on the size of the TRAP cache",
2026-01-16T02:00:57.6364812Z                     "type" : "string",
2026-01-16T02:00:57.6365049Z                     "pattern" : "[0-9]+"
2026-01-16T02:00:57.6365397Z                   },
2026-01-16T02:00:57.6365668Z                   "write" : {
2026-01-16T02:00:57.6366193Z                     "title" : "TRAP cache writeable",
2026-01-16T02:00:57.6366639Z                     "description" : "Whether to write to the TRAP cache as well as reading it",
2026-01-16T02:00:57.6367012Z                     "type" : "string",
2026-01-16T02:00:57.6367266Z                     "pattern" : "(true|TRUE|false|FALSE)"
2026-01-16T02:00:57.6367514Z                   }
2026-01-16T02:00:57.6367675Z                 }
2026-01-16T02:00:57.6367836Z               }
2026-01-16T02:00:57.6367990Z             }
2026-01-16T02:00:57.6368141Z           },
2026-01-16T02:00:57.6368487Z           "scale_timeouts" : {
2026-01-16T02:00:57.6368780Z             "title" : "Value to scale compiler introspection timeouts with",
2026-01-16T02:00:57.6370242Z             "description" : "The extractor attempts to determine what compiler the source code being extracted is compiled with. To this end the extractor makes additional calls to the compiler, some of which are expected to return within a certain fixed time (either 10s or 15s). On some systems that are under high load this time might be too short, and can be scaled up using this option.\n",
2026-01-16T02:00:57.6371587Z             "type" : "string",
2026-01-16T02:00:57.6371797Z             "pattern" : "[0-9]+"
2026-01-16T02:00:57.6371999Z           },
2026-01-16T02:00:57.6372160Z           "log_verbosity" : {
2026-01-16T02:00:57.6372416Z             "title" : "Verbosity of the extractor logging",
2026-01-16T02:00:57.6373009Z             "description" : "Set the verbosity of the extractor logging to 'quiet' (0), 'normal' (1), 'chatty' (2), or 'noisy' (3). The default is 'normal'.\n",
2026-01-16T02:00:57.6373569Z             "type" : "string",
2026-01-16T02:00:57.6373768Z             "pattern" : "[0-3]"
2026-01-16T02:00:57.6373965Z           },
2026-01-16T02:00:57.6374126Z           "frontend_options" : {
2026-01-16T02:00:57.6374374Z             "title" : "C/C++ extractor frontend options",
2026-01-16T02:00:57.6374844Z             "description" : "Set additional options that should be passed to the C/C++ extractor frontend.\n",
2026-01-16T02:00:57.6375278Z             "type" : "array",
2026-01-16T02:00:57.6375479Z             "visibility" : 3
2026-01-16T02:00:57.6375662Z           }
2026-01-16T02:00:57.6375962Z         }
2026-01-16T02:00:57.6376162Z       }
2026-01-16T02:00:57.6376308Z     ],
2026-01-16T02:00:57.6376460Z     "csharp" : [
2026-01-16T02:00:57.6376625Z       {
2026-01-16T02:00:57.6376960Z         "extractor_root" : "/opt/hostedtoolcache/CodeQL/2.23.9/x64/codeql/csharp",
2026-01-16T02:00:57.6377512Z         "extractor_options" : {
2026-01-16T02:00:57.6377842Z           "trap" : {
2026-01-16T02:00:57.6378186Z             "title" : "Options pertaining to TRAP.",
2026-01-16T02:00:57.6378691Z             "description" : "Options pertaining to TRAP.",
2026-01-16T02:00:57.6379147Z             "type" : "object",
2026-01-16T02:00:57.6379370Z             "properties" : {
2026-01-16T02:00:57.6379567Z               "compression" : {
2026-01-16T02:00:57.6380055Z                 "title" : "Controls compression for the TRAP files written by the extractor.",
2026-01-16T02:00:57.6381019Z                 "description" : "This option is only intended for use in debugging the extractor. Accepted values are 'brotli' (the default, to write brotli-compressed TRAP), 'gzip', and 'none' (to write uncompressed TRAP).\n",
2026-01-16T02:00:57.6381823Z                 "type" : "string",
2026-01-16T02:00:57.6382062Z                 "pattern" : "^(none|gzip|brotli)$"
2026-01-16T02:00:57.6382298Z               }
2026-01-16T02:00:57.6382457Z             }
2026-01-16T02:00:57.6382609Z           },
2026-01-16T02:00:57.6382768Z           "buildless" : {
2026-01-16T02:00:57.6383084Z             "title" : "DEPRECATED - Whether to use buildless (standalone) extraction.",
2026-01-16T02:00:57.6384894Z             "description" : "DEPRECATED: Use `--build-mode none` instead.\nA value indicating, which type of extraction the autobuilder should perform. If 'true', then the standalone extractor will be used, otherwise tracing extraction will be performed. The default is 'false'. Note that buildless extraction will generally yield less accurate analysis results, and should only be used in cases where it is not possible to build the code (for example if it uses inaccessible dependencies).\n",
2026-01-16T02:00:57.6386757Z             "type" : "string",
2026-01-16T02:00:57.6386973Z             "pattern" : "^(false|true)$"
2026-01-16T02:00:57.6387188Z           },
2026-01-16T02:00:57.6387348Z           "logging" : {
2026-01-16T02:00:57.6387569Z             "title" : "Options pertaining to logging.",
2026-01-16T02:00:57.6388013Z             "description" : "Options pertaining to logging.",
2026-01-16T02:00:57.6388287Z             "type" : "object",
2026-01-16T02:00:57.6388490Z             "properties" : {
2026-01-16T02:00:57.6388694Z               "verbosity" : {
2026-01-16T02:00:57.6388931Z                 "title" : "Extractor logging verbosity level.",
2026-01-16T02:00:57.6389896Z                 "description" : "Controls the level of verbosity of the extractor. The supported levels are (in order of increasing verbosity):\n  - off\n  - errors\n  - warnings\n  - info or progress\n  - debug or progress+\n  - trace or progress++\n  - progress+++\n",
2026-01-16T02:00:57.6390813Z                 "type" : "string",
2026-01-16T02:00:57.6391276Z                 "pattern" : "^(off|errors|warnings|(info|progress)|(debug|progress\\+)|(trace|progress\\+\\+)|progress\\+\\+\\+)$"
2026-01-16T02:00:57.6391761Z               }
2026-01-16T02:00:57.6391919Z             }
2026-01-16T02:00:57.6392069Z           },
2026-01-16T02:00:57.6392225Z           "binlog" : {
2026-01-16T02:00:57.6392407Z             "title" : "Binlog",
2026-01-16T02:00:57.6393067Z             "description" : "[EXPERIMENTAL] The value is a path to the MsBuild binary log file that should be extracted. This option only works when `--build-mode none` is also specified.\n",
2026-01-16T02:00:57.6393756Z             "type" : "array"
2026-01-16T02:00:57.6393950Z           },
2026-01-16T02:00:57.6394119Z           "buildless_dependency_dir" : {
2026-01-16T02:00:57.6394520Z             "title" : "The path where buildless (standalone) extraction should keep dependencies.",
2026-01-16T02:00:57.6395148Z             "description" : "If set, the buildless (standalone) extractor will store dependencies in this directory.\n",
2026-01-16T02:00:57.6395613Z             "type" : "string"
2026-01-16T02:00:57.6396006Z           }
2026-01-16T02:00:57.6396217Z         }
2026-01-16T02:00:57.6396368Z       }
2026-01-16T02:00:57.6396506Z     ],
2026-01-16T02:00:57.6396658Z     "java" : [
2026-01-16T02:00:57.6396812Z       {
2026-01-16T02:00:57.6397077Z         "extractor_root" : "/opt/hostedtoolcache/CodeQL/2.23.9/x64/codeql/java",
2026-01-16T02:00:57.6397433Z         "extractor_options" : {
2026-01-16T02:00:57.6397637Z           "exclude" : {
2026-01-16T02:00:57.6397875Z             "title" : "A glob excluding files from analysis.",
2026-01-16T02:00:57.6398713Z             "description" : "A glob indicating what files to exclude from the analysis. This accepts glob patterns that are supported by Java's 'getPathMatcher' implementation.\n",
2026-01-16T02:00:57.6399382Z             "type" : "string"
2026-01-16T02:00:57.6399568Z           },
2026-01-16T02:00:57.6399735Z           "add_prefer_source" : {
2026-01-16T02:00:57.6400039Z             "title" : "Whether to always prefer source files over class files.",
2026-01-16T02:00:57.6401178Z             "description" : "A value indicating whether source files should be preferred over class files. If set to 'true', the extraction adds '-Xprefer:source' to the javac command line. If set to 'false', the extraction uses the default javac behavior ('-Xprefer:newer'). The default is 'true'.\n",
2026-01-16T02:00:57.6402217Z             "type" : "string",
2026-01-16T02:00:57.6402427Z             "pattern" : "^(false|true)$"
2026-01-16T02:00:57.6402659Z           },
2026-01-16T02:00:57.6402818Z           "buildless" : {
2026-01-16T02:00:57.6403141Z             "title" : "Whether to use buildless (standalone) extraction (experimental).",
2026-01-16T02:00:57.6404801Z             "description" : "A value indicating, which type of extraction the autobuilder should perform. If 'true', then the standalone extractor will be used, otherwise tracing extraction will be performed. The default is 'false'. Note that buildless extraction will generally yield less accurate analysis results, and should only be used in cases where it is not possible to build the code (for example if it uses inaccessible dependencies).\n",
2026-01-16T02:00:57.6406629Z             "type" : "string",
2026-01-16T02:00:57.6406842Z             "pattern" : "^(false|true)$"
2026-01-16T02:00:57.6407055Z           },
2026-01-16T02:00:57.6407227Z           "buildless_dependency_dir" : {
2026-01-16T02:00:57.6407619Z             "title" : "The path where buildless (standalone) extraction should keep dependencies.",
2026-01-16T02:00:57.6408242Z             "description" : "If set, the buildless (standalone) extractor will store dependencies in this directory.\n",
2026-01-16T02:00:57.6408706Z             "type" : "string"
2026-01-16T02:00:57.6408891Z           },
2026-01-16T02:00:57.6409061Z           "minimize_dependency_jars" : {
2026-01-16T02:00:57.6409447Z             "title" : "Whether to rewrite and minimize downloaded JAR dependencies (experimental).",
2026-01-16T02:00:57.6410265Z             "description" : "If 'true', JAR dependencies downloaded during extraction will be rewritten to remove unneeded data, such as method bodies. The default is 'false'.\n",
2026-01-16T02:00:57.6410927Z             "type" : "string",
2026-01-16T02:00:57.6411127Z             "pattern" : "^(false|true)$"
2026-01-16T02:00:57.6411340Z           }
2026-01-16T02:00:57.6411483Z         }
2026-01-16T02:00:57.6411636Z       }
2026-01-16T02:00:57.6411774Z     ],
2026-01-16T02:00:57.6411927Z     "go" : [
2026-01-16T02:00:57.6412079Z       {
2026-01-16T02:00:57.6412338Z         "extractor_root" : "/opt/hostedtoolcache/CodeQL/2.23.9/x64/codeql/go",
2026-01-16T02:00:57.6412688Z         "extractor_options" : {
2026-01-16T02:00:57.6412898Z           "extract_tests" : {
2026-01-16T02:00:57.6413207Z             "title" : "Whether to include Go test files in the CodeQL database.",
2026-01-16T02:00:57.6413835Z             "description" : "A value indicating whether Go test files should be included in the CodeQL database. The default is 'false'.\n",
2026-01-16T02:00:57.6414362Z             "type" : "string",
2026-01-16T02:00:57.6414568Z             "pattern" : "^(false|true)$"
2026-01-16T02:00:57.6414792Z           },
2026-01-16T02:00:57.6414954Z           "extract_vendor_dirs" : {
2026-01-16T02:00:57.6415301Z             "title" : "Whether to include Go vendor directories in the CodeQL database.",
2026-01-16T02:00:57.6416160Z             "description" : "A value indicating whether Go vendor directories should be included in the CodeQL database. The default is 'false'.\n",
2026-01-16T02:00:57.6416716Z             "type" : "string",
2026-01-16T02:00:57.6417054Z             "pattern" : "^(false|true)$"
2026-01-16T02:00:57.6417286Z           }
2026-01-16T02:00:57.6417434Z         }
2026-01-16T02:00:57.6417573Z       }
2026-01-16T02:00:57.6417715Z     ],
2026-01-16T02:00:57.6417856Z     "actions" : [
2026-01-16T02:00:57.6418019Z       {
2026-01-16T02:00:57.6418291Z         "extractor_root" : "/opt/hostedtoolcache/CodeQL/2.23.9/x64/codeql/actions",
2026-01-16T02:00:57.6418646Z         "extractor_options" : {
2026-01-16T02:00:57.6418853Z           "trap" : {
2026-01-16T02:00:57.6419040Z             "title" : "TRAP options",
2026-01-16T02:00:57.6419378Z             "description" : "Options about how the extractor handles TRAP files",
2026-01-16T02:00:57.6419714Z             "type" : "object",
2026-01-16T02:00:57.6419918Z             "visibility" : 3,
2026-01-16T02:00:57.6420137Z             "properties" : {
2026-01-16T02:00:57.6420335Z               "cache" : {
2026-01-16T02:00:57.6420557Z                 "title" : "TRAP cache options",
2026-01-16T02:00:57.6420919Z                 "description" : "Options about how the extractor handles its TRAP cache",
2026-01-16T02:00:57.6421281Z                 "type" : "object",
2026-01-16T02:00:57.6421503Z                 "properties" : {
2026-01-16T02:00:57.6421707Z                   "dir" : {
2026-01-16T02:00:57.6421933Z                     "title" : "TRAP cache directory",
2026-01-16T02:00:57.6422255Z                     "description" : "The directory of the TRAP cache to use",
2026-01-16T02:00:57.6422571Z                     "type" : "string"
2026-01-16T02:00:57.6422779Z                   },
2026-01-16T02:00:57.6423073Z                   "bound" : {
2026-01-16T02:00:57.6423285Z                     "title" : "TRAP cache bound",
2026-01-16T02:00:57.6423634Z                     "description" : "A soft limit (in MB) on the size of the TRAP cache",
2026-01-16T02:00:57.6423980Z                     "type" : "string",
2026-01-16T02:00:57.6424206Z                     "pattern" : "[0-9]+"
2026-01-16T02:00:57.6424437Z                   },
2026-01-16T02:00:57.6424606Z                   "write" : {
2026-01-16T02:00:57.6424832Z                     "title" : "TRAP cache writeable",
2026-01-16T02:00:57.6425213Z                     "description" : "Whether to write to the TRAP cache as well as reading it",
2026-01-16T02:00:57.6425595Z                     "type" : "string",
2026-01-16T02:00:57.6426026Z                     "pattern" : "(true|TRUE|false|FALSE)"
2026-01-16T02:00:57.6426287Z                   }
2026-01-16T02:00:57.6426452Z                 }
2026-01-16T02:00:57.6426604Z               }
2026-01-16T02:00:57.6426765Z             }
2026-01-16T02:00:57.6426915Z           }
2026-01-16T02:00:57.6427068Z         }
2026-01-16T02:00:57.6427208Z       }
2026-01-16T02:00:57.6427350Z     ],
2026-01-16T02:00:57.6427499Z     "javascript" : [
2026-01-16T02:00:57.6427675Z       {
2026-01-16T02:00:57.6427951Z         "extractor_root" : "/opt/hostedtoolcache/CodeQL/2.23.9/x64/codeql/javascript",
2026-01-16T02:00:57.6428328Z         "extractor_options" : {
2026-01-16T02:00:57.6428527Z           "trap" : {
2026-01-16T02:00:57.6428711Z             "title" : "TRAP options",
2026-01-16T02:00:57.6429053Z             "description" : "Options about how the extractor handles TRAP files",
2026-01-16T02:00:57.6429392Z             "type" : "object",
2026-01-16T02:00:57.6429599Z             "visibility" : 3,
2026-01-16T02:00:57.6429802Z             "properties" : {
2026-01-16T02:00:57.6430003Z               "cache" : {
2026-01-16T02:00:57.6430208Z                 "title" : "TRAP cache options",
2026-01-16T02:00:57.6430570Z                 "description" : "Options about how the extractor handles its TRAP cache",
2026-01-16T02:00:57.6430932Z                 "type" : "object",
2026-01-16T02:00:57.6431154Z                 "properties" : {
2026-01-16T02:00:57.6431367Z                   "dir" : {
2026-01-16T02:00:57.6431585Z                     "title" : "TRAP cache directory",
2026-01-16T02:00:57.6432160Z                     "description" : "The directory of the TRAP cache to use",
2026-01-16T02:00:57.6432728Z                     "type" : "string"
2026-01-16T02:00:57.6433115Z                   },
2026-01-16T02:00:57.6433421Z                   "bound" : {
2026-01-16T02:00:57.6433806Z                     "title" : "TRAP cache bound",
2026-01-16T02:00:57.6434213Z                     "description" : "A soft limit (in MB) on the size of the TRAP cache",
2026-01-16T02:00:57.6434579Z                     "type" : "string",
2026-01-16T02:00:57.6434815Z                     "pattern" : "[0-9]+"
2026-01-16T02:00:57.6435132Z                   },
2026-01-16T02:00:57.6435422Z                   "write" : {
2026-01-16T02:00:57.6435782Z                     "title" : "TRAP cache writeable",
2026-01-16T02:00:57.6436638Z                     "description" : "Whether to write to the TRAP cache as well as reading it",
2026-01-16T02:00:57.6437027Z                     "type" : "string",
2026-01-16T02:00:57.6437287Z                     "pattern" : "(true|TRUE|false|FALSE)"
2026-01-16T02:00:57.6437545Z                   }
2026-01-16T02:00:57.6437719Z                 }
2026-01-16T02:00:57.6437885Z               }
2026-01-16T02:00:57.6438038Z             }
2026-01-16T02:00:57.6438193Z           },
2026-01-16T02:00:57.6438429Z           "skip_types" : {
2026-01-16T02:00:57.6438688Z             "title" : "Skip type extraction for TypeScript",
2026-01-16T02:00:57.6439126Z             "description" : "Whether to skip the extraction of types in a TypeScript application",
2026-01-16T02:00:57.6439528Z             "type" : "string",
2026-01-16T02:00:57.6439741Z             "pattern" : "^(false|true)$"
2026-01-16T02:00:57.6440395Z           }
2026-01-16T02:00:57.6440541Z         }
2026-01-16T02:00:57.6440697Z       }
2026-01-16T02:00:57.6440837Z     ],
2026-01-16T02:00:57.6440985Z     "swift" : [
2026-01-16T02:00:57.6441146Z       {
2026-01-16T02:00:57.6441406Z         "extractor_root" : "/opt/hostedtoolcache/CodeQL/2.23.9/x64/codeql/swift"
2026-01-16T02:00:57.6441768Z       }
2026-01-16T02:00:57.6441911Z     ],
2026-01-16T02:00:57.6442062Z     "ruby" : [
2026-01-16T02:00:57.6442219Z       {
2026-01-16T02:00:57.6442485Z         "extractor_root" : "/opt/hostedtoolcache/CodeQL/2.23.9/x64/codeql/ruby",
2026-01-16T02:00:57.6442836Z         "extractor_options" : {
2026-01-16T02:00:57.6443049Z           "trap" : {
2026-01-16T02:00:57.6443259Z             "title" : "Options pertaining to TRAP.",
2026-01-16T02:00:57.6443565Z             "description" : "Options pertaining to TRAP.",
2026-01-16T02:00:57.6443840Z             "type" : "object",
2026-01-16T02:00:57.6444046Z             "properties" : {
2026-01-16T02:00:57.6444260Z               "compression" : {
2026-01-16T02:00:57.6444603Z                 "title" : "Controls compression for the TRAP files written by the extractor.",
2026-01-16T02:00:57.6445688Z                 "description" : "This option is only intended for use in debugging the extractor. Accepted values are 'gzip' (the default, to write gzip-compressed TRAP) 'zstd' (to write Zstandard-compressed TRAP) and 'none' (to write uncompressed TRAP).\n",
2026-01-16T02:00:57.6447416Z                 "type" : "string",
2026-01-16T02:00:57.6447833Z                 "pattern" : "^(none|gzip|zstd)$"
2026-01-16T02:00:57.6448134Z               }
2026-01-16T02:00:57.6448290Z             }
2026-01-16T02:00:57.6448444Z           }
2026-01-16T02:00:57.6448589Z         }
2026-01-16T02:00:57.6448735Z       }
2026-01-16T02:00:57.6448872Z     ]
2026-01-16T02:00:57.6449018Z   }
2026-01-16T02:00:57.6449161Z }
2026-01-16T02:00:57.6454933Z Languages from configuration: actions
2026-01-16T02:00:57.6462393Z [command]/opt/hostedtoolcache/CodeQL/2.23.9/x64/codeql/codeql resolve languages --format=betterjson --extractor-options-verbosity=4 --extractor-include-aliases
2026-01-16T02:00:58.5273547Z {
2026-01-16T02:00:58.5274314Z   "aliases" : {
2026-01-16T02:00:58.5274789Z     "c" : "cpp",
2026-01-16T02:00:58.5276222Z     "c++" : "cpp",
2026-01-16T02:00:58.5276803Z     "c-c++" : "cpp",
2026-01-16T02:00:58.5277443Z     "c-cpp" : "cpp",
2026-01-16T02:00:58.5278332Z     "c#" : "csharp",
2026-01-16T02:00:58.5283201Z     "java-kotlin" : "java",
2026-01-16T02:00:58.5283584Z     "kotlin" : "java",
2026-01-16T02:00:58.5283941Z     "javascript-typescript" : "javascript",
2026-01-16T02:00:58.5284389Z     "typescript" : "javascript"
2026-01-16T02:00:58.5284744Z   },
2026-01-16T02:00:58.5285018Z   "extractors" : {
2026-01-16T02:00:58.5285309Z     "xml" : [
2026-01-16T02:00:58.5285574Z       {
2026-01-16T02:00:58.5286213Z         "extractor_root" : "/opt/hostedtoolcache/CodeQL/2.23.9/x64/codeql/xml"
2026-01-16T02:00:58.5286807Z       }
2026-01-16T02:00:58.5287044Z     ],
2026-01-16T02:00:58.5287299Z     "python" : [
2026-01-16T02:00:58.5287570Z       {
2026-01-16T02:00:58.5288039Z         "extractor_root" : "/opt/hostedtoolcache/CodeQL/2.23.9/x64/codeql/python",
2026-01-16T02:00:58.5288656Z         "extractor_options" : {
2026-01-16T02:00:58.5289018Z           "logging" : {
2026-01-16T02:00:58.5289412Z             "title" : "Options pertaining to logging.",
2026-01-16T02:00:58.5289947Z             "description" : "Options pertaining to logging.",
2026-01-16T02:00:58.5290504Z             "type" : "object",
2026-01-16T02:00:58.5290861Z             "properties" : {
2026-01-16T02:00:58.5291185Z               "verbosity" : {
2026-01-16T02:00:58.5291607Z                 "title" : "Python extractor logging verbosity level.",
2026-01-16T02:00:58.5293370Z                 "description" : "Controls the level of verbosity of the CodeQL Python extractor.\nThe supported levels are (in order of increasing verbosity):\n\n  - off\n  - errors\n  - warnings\n  - info or progress\n  - debug or progress+\n  - trace or progress++\n  - progress+++\n",
2026-01-16T02:00:58.5295477Z                 "type" : "string",
2026-01-16T02:00:58.5296523Z                 "pattern" : "^(off|errors|warnings|(info|progress)|(debug|progress\\+)|(trace|progress\\+\\+)|progress\\+\\+\\+)$"
2026-01-16T02:00:58.5297427Z               }
2026-01-16T02:00:58.5297720Z             }
2026-01-16T02:00:58.5298016Z           },
2026-01-16T02:00:58.5298339Z           "python_executable_name" : {
2026-01-16T02:00:58.5299017Z             "title" : "Controls the name of the Python executable used by the Python extractor.",
2026-01-16T02:00:58.5301619Z             "description" : "The Python extractor uses platform-dependent heuristics to determine the name of the Python executable to use. Specifying a value for this option overrides the name of the Python executable used by the extractor. Accepted values are py, python and python3. Use this setting with caution, the Python extractor requires Python 3 to run.\n",
2026-01-16T02:00:58.5303947Z             "type" : "string",
2026-01-16T02:00:58.5304359Z             "pattern" : "^(py|python|python3)$"
2026-01-16T02:00:58.5304782Z           }
2026-01-16T02:00:58.5305044Z         }
2026-01-16T02:00:58.5305299Z       }
2026-01-16T02:00:58.5305531Z     ],
2026-01-16T02:00:58.5305791Z     "javascript" : [
2026-01-16T02:00:58.5306270Z       {
2026-01-16T02:00:58.5306769Z         "extractor_root" : "/opt/hostedtoolcache/CodeQL/2.23.9/x64/codeql/javascript",
2026-01-16T02:00:58.5307440Z         "extractor_options" : {
2026-01-16T02:00:58.5307820Z           "trap" : {
2026-01-16T02:00:58.5308145Z             "title" : "TRAP options",
2026-01-16T02:00:58.5308732Z             "description" : "Options about how the extractor handles TRAP files",
2026-01-16T02:00:58.5309352Z             "type" : "object",
2026-01-16T02:00:58.5309719Z             "visibility" : 3,
2026-01-16T02:00:58.5310086Z             "properties" : {
2026-01-16T02:00:58.5310434Z               "cache" : {
2026-01-16T02:00:58.5310824Z                 "title" : "TRAP cache options",
2026-01-16T02:00:58.5311502Z                 "description" : "Options about how the extractor handles its TRAP cache",
2026-01-16T02:00:58.5312146Z                 "type" : "object",
2026-01-16T02:00:58.5312530Z                 "properties" : {
2026-01-16T02:00:58.5312902Z                   "dir" : {
2026-01-16T02:00:58.5313530Z                     "title" : "TRAP cache directory",
2026-01-16T02:00:58.5314115Z                     "description" : "The directory of the TRAP cache to use",
2026-01-16T02:00:58.5314677Z                     "type" : "string"
2026-01-16T02:00:58.5315056Z                   },
2026-01-16T02:00:58.5315389Z                   "bound" : {
2026-01-16T02:00:58.5315986Z                     "title" : "TRAP cache bound",
2026-01-16T02:00:58.5316657Z                     "description" : "A soft limit (in MB) on the size of the TRAP cache",
2026-01-16T02:00:58.5317294Z                     "type" : "string",
2026-01-16T02:00:58.5317725Z                     "pattern" : "[0-9]+"
2026-01-16T02:00:58.5318124Z                   },
2026-01-16T02:00:58.5318437Z                   "write" : {
2026-01-16T02:00:58.5318841Z                     "title" : "TRAP cache writeable",
2026-01-16T02:00:58.5319528Z                     "description" : "Whether to write to the TRAP cache as well as reading it",
2026-01-16T02:00:58.5320225Z                     "type" : "string",
2026-01-16T02:00:58.5320678Z                     "pattern" : "(true|TRUE|false|FALSE)"
2026-01-16T02:00:58.5321117Z                   }
2026-01-16T02:00:58.5321416Z                 }
2026-01-16T02:00:58.5321698Z               }
2026-01-16T02:00:58.5321974Z             }
2026-01-16T02:00:58.5322233Z           },
2026-01-16T02:00:58.5322516Z           "skip_types" : {
2026-01-16T02:00:58.5322943Z             "title" : "Skip type extraction for TypeScript",
2026-01-16T02:00:58.5323681Z             "description" : "Whether to skip the extraction of types in a TypeScript application",
2026-01-16T02:00:58.5324612Z             "type" : "string",
2026-01-16T02:00:58.5325013Z             "pattern" : "^(false|true)$"
2026-01-16T02:00:58.5325417Z           }
2026-01-16T02:00:58.5325694Z         }
2026-01-16T02:00:58.5326149Z       }
2026-01-16T02:00:58.5326407Z     ],
2026-01-16T02:00:58.5326659Z     "rust" : [
2026-01-16T02:00:58.5326944Z       {
2026-01-16T02:00:58.5327426Z         "extractor_root" : "/opt/hostedtoolcache/CodeQL/2.23.9/x64/codeql/rust",
2026-01-16T02:00:58.5328050Z         "extractor_options" : {
2026-01-16T02:00:58.5328428Z           "trap" : {
2026-01-16T02:00:58.5328791Z             "title" : "Options pertaining to TRAP.",
2026-01-16T02:00:58.5329344Z             "description" : "Options pertaining to TRAP.",
2026-01-16T02:00:58.5329833Z             "type" : "object",
2026-01-16T02:00:58.5330203Z             "properties" : {
2026-01-16T02:00:58.5330542Z               "compression" : {
2026-01-16T02:00:58.5331131Z                 "title" : "Controls compression for the TRAP files written by the extractor.",
2026-01-16T02:00:58.5332841Z                 "description" : "This option is only intended for use in debugging the extractor. Accepted values are 'gzip' (to write gzip-compressed TRAP) 'zstd' (to write Zstandard-compressed TRAP) and 'none' (the default, to write uncompressed TRAP).\n",
2026-01-16T02:00:58.5333791Z                 "type" : "string",
2026-01-16T02:00:58.5334044Z                 "pattern" : "^(none|gzip|zstd)$"
2026-01-16T02:00:58.5334286Z               }
2026-01-16T02:00:58.5334449Z             }
2026-01-16T02:00:58.5334593Z           },
2026-01-16T02:00:58.5334759Z           "cargo_target_dir" : {
2026-01-16T02:00:58.5335028Z             "title" : "Directory to use for cargo output files.",
2026-01-16T02:00:58.5336350Z             "description" : "This value is an optional path to use as `CARGO_TARGET_DIR` for the internal cargo commands the extractor uses. Pointing it to a persistent directory may reduce execution time of consecutive extractor runs. By default, a new scratch directory is used for each run.\n",
2026-01-16T02:00:58.5337401Z             "type" : "string"
2026-01-16T02:00:58.5337599Z           },
2026-01-16T02:00:58.5337766Z           "cargo_target" : {
2026-01-16T02:00:58.5337988Z             "title" : "Target architecture",
2026-01-16T02:00:58.5338727Z             "description" : "Target architecture to use for analysis, analogous to `cargo --target`. By default the host architecture is used.\n",
2026-01-16T02:00:58.5339286Z             "type" : "string"
2026-01-16T02:00:58.5339472Z           },
2026-01-16T02:00:58.5339634Z           "cargo_features" : {
2026-01-16T02:00:58.5339860Z             "title" : "Cargo features to turn on",
2026-01-16T02:00:58.5340889Z             "description" : "Comma-separated list of features to turn on. By default all features are enabled. If any features are specified, then only those features are enabled. The `default` feature must be explicitly specified if only default features are desired. Can be repeated.\n",
2026-01-16T02:00:58.5342779Z             "type" : "array"
2026-01-16T02:00:58.5343131Z           },
2026-01-16T02:00:58.5343509Z           "cargo_cfg_overrides" : {
2026-01-16T02:00:58.5343927Z             "title" : "Cargo cfg overrides",
2026-01-16T02:00:58.5344858Z             "description" : "Comma-separated list of cfg settings to enable, or disable if prefixed with `-`. Can be repeated.\n",
2026-01-16T02:00:58.5345780Z             "type" : "array"
2026-01-16T02:00:58.5346325Z           },
2026-01-16T02:00:58.5346607Z           "logging" : {
2026-01-16T02:00:58.5347012Z             "title" : "Options pertaining to logging.",
2026-01-16T02:00:58.5347596Z             "description" : "Options pertaining to logging.",
2026-01-16T02:00:58.5348099Z             "type" : "object",
2026-01-16T02:00:58.5348473Z             "properties" : {
2026-01-16T02:00:58.5348794Z               "verbosity" : {
2026-01-16T02:00:58.5349044Z                 "title" : "Extractor logging verbosity level.",
2026-01-16T02:00:58.5350195Z                 "description" : "Controls the level of verbosity of the extractor. The supported levels are (in order of increasing verbosity):\n  - off\n  - errors\n  - warnings\n  - info or progress\n  - debug or progress+\n  - trace or progress++\n  - progress+++\n",
2026-01-16T02:00:58.5351098Z                 "type" : "string",
2026-01-16T02:00:58.5351567Z                 "pattern" : "^(off|errors|warnings|(info|progress)|(debug|progress\\+)|(trace|progress\\+\\+)|progress\\+\\+\\+)$"
2026-01-16T02:00:58.5352028Z               },
2026-01-16T02:00:58.5352205Z               "flamegraph" : {
2026-01-16T02:00:58.5352707Z                 "title" : "[Experimental] File path for write flame graph log",
2026-01-16T02:00:58.5354173Z                 "description" : "Collect flame graph data using the `tracing-flame` crate. To render a flame graph or chart, run the `inferno-flamegraph` command. See also: https://crates.io/crates/tracing-flame\n",
2026-01-16T02:00:58.5354967Z                 "type" : "string"
2026-01-16T02:00:58.5355178Z               }
2026-01-16T02:00:58.5355339Z             }
2026-01-16T02:00:58.5355484Z           },
2026-01-16T02:00:58.5355666Z           "extract_dependencies_as_source" : {
2026-01-16T02:00:58.5356190Z             "title" : "Extract dependencies as source code",
2026-01-16T02:00:58.5356689Z             "description" : "Extract the full source code of dependencies instead of only extracting signatures.\n",
2026-01-16T02:00:58.5357134Z             "type" : "string",
2026-01-16T02:00:58.5357342Z             "pattern" : "^(false|true)$"
2026-01-16T02:00:58.5357557Z           }
2026-01-16T02:00:58.5357705Z         }
2026-01-16T02:00:58.5357848Z       }
2026-01-16T02:00:58.5357984Z     ],
2026-01-16T02:00:58.5358127Z     "csv" : [
2026-01-16T02:00:58.5358271Z       {
2026-01-16T02:00:58.5358530Z         "extractor_root" : "/opt/hostedtoolcache/CodeQL/2.23.9/x64/codeql/csv"
2026-01-16T02:00:58.5358848Z       }
2026-01-16T02:00:58.5358987Z     ],
2026-01-16T02:00:58.5359131Z     "cpp" : [
2026-01-16T02:00:58.5359284Z       {
2026-01-16T02:00:58.5359521Z         "extractor_root" : "/opt/hostedtoolcache/CodeQL/2.23.9/x64/codeql/cpp",
2026-01-16T02:00:58.5359854Z         "extractor_options" : {
2026-01-16T02:00:58.5360053Z           "trap" : {
2026-01-16T02:00:58.5360242Z             "title" : "TRAP options",
2026-01-16T02:00:58.5360731Z             "description" : "Options about how the extractor handles TRAP files",
2026-01-16T02:00:58.5361066Z             "type" : "object",
2026-01-16T02:00:58.5361270Z             "visibility" : 3,
2026-01-16T02:00:58.5361468Z             "properties" : {
2026-01-16T02:00:58.5361665Z               "cache" : {
2026-01-16T02:00:58.5361869Z                 "title" : "TRAP cache options",
2026-01-16T02:00:58.5362225Z                 "description" : "Options about how the extractor handles its TRAP cache",
2026-01-16T02:00:58.5362574Z                 "type" : "object",
2026-01-16T02:00:58.5362791Z                 "properties" : {
2026-01-16T02:00:58.5363000Z                   "dir" : {
2026-01-16T02:00:58.5363211Z                     "title" : "TRAP cache directory",
2026-01-16T02:00:58.5363531Z                     "description" : "The directory of the TRAP cache to use",
2026-01-16T02:00:58.5363834Z                     "type" : "string"
2026-01-16T02:00:58.5364042Z                   },
2026-01-16T02:00:58.5364208Z                   "bound" : {
2026-01-16T02:00:58.5364424Z                     "title" : "TRAP cache bound",
2026-01-16T02:00:58.5364761Z                     "description" : "A soft limit (in MB) on the size of the TRAP cache",
2026-01-16T02:00:58.5365106Z                     "type" : "string",
2026-01-16T02:00:58.5365332Z                     "pattern" : "[0-9]+"
2026-01-16T02:00:58.5365552Z                   },
2026-01-16T02:00:58.5365725Z                   "write" : {
2026-01-16T02:00:58.5366058Z                     "title" : "TRAP cache writeable",
2026-01-16T02:00:58.5366440Z                     "description" : "Whether to write to the TRAP cache as well as reading it",
2026-01-16T02:00:58.5366919Z                     "type" : "string",
2026-01-16T02:00:58.5367165Z                     "pattern" : "(true|TRUE|false|FALSE)"
2026-01-16T02:00:58.5367403Z                   }
2026-01-16T02:00:58.5367571Z                 }
2026-01-16T02:00:58.5367730Z               }
2026-01-16T02:00:58.5367877Z             }
2026-01-16T02:00:58.5368026Z           },
2026-01-16T02:00:58.5368186Z           "scale_timeouts" : {
2026-01-16T02:00:58.5368470Z             "title" : "Value to scale compiler introspection timeouts with",
2026-01-16T02:00:58.5370349Z             "description" : "The extractor attempts to determine what compiler the source code being extracted is compiled with. To this end the extractor makes additional calls to the compiler, some of which are expected to return within a certain fixed time (either 10s or 15s). On some systems that are under high load this time might be too short, and can be scaled up using this option.\n",
2026-01-16T02:00:58.5371698Z             "type" : "string",
2026-01-16T02:00:58.5371909Z             "pattern" : "[0-9]+"
2026-01-16T02:00:58.5372106Z           },
2026-01-16T02:00:58.5372270Z           "log_verbosity" : {
2026-01-16T02:00:58.5372508Z             "title" : "Verbosity of the extractor logging",
2026-01-16T02:00:58.5373111Z             "description" : "Set the verbosity of the extractor logging to 'quiet' (0), 'normal' (1), 'chatty' (2), or 'noisy' (3). The default is 'normal'.\n",
2026-01-16T02:00:58.5373665Z             "type" : "string",
2026-01-16T02:00:58.5373878Z             "pattern" : "[0-3]"
2026-01-16T02:00:58.5374077Z           },
2026-01-16T02:00:58.5374244Z           "frontend_options" : {
2026-01-16T02:00:58.5374499Z             "title" : "C/C++ extractor frontend options",
2026-01-16T02:00:58.5374965Z             "description" : "Set additional options that should be passed to the C/C++ extractor frontend.\n",
2026-01-16T02:00:58.5375399Z             "type" : "array",
2026-01-16T02:00:58.5375601Z             "visibility" : 3
2026-01-16T02:00:58.5375790Z           }
2026-01-16T02:00:58.5376136Z         }
2026-01-16T02:00:58.5376284Z       }
2026-01-16T02:00:58.5376419Z     ],
2026-01-16T02:00:58.5376565Z     "java" : [
2026-01-16T02:00:58.5376718Z       {
2026-01-16T02:00:58.5376967Z         "extractor_root" : "/opt/hostedtoolcache/CodeQL/2.23.9/x64/codeql/java",
2026-01-16T02:00:58.5377312Z         "extractor_options" : {
2026-01-16T02:00:58.5377683Z           "exclude" : {
2026-01-16T02:00:58.5377922Z             "title" : "A glob excluding files from analysis.",
2026-01-16T02:00:58.5378627Z             "description" : "A glob indicating what files to exclude from the analysis. This accepts glob patterns that are supported by Java's 'getPathMatcher' implementation.\n",
2026-01-16T02:00:58.5379283Z             "type" : "string"
2026-01-16T02:00:58.5379467Z           },
2026-01-16T02:00:58.5379633Z           "add_prefer_source" : {
2026-01-16T02:00:58.5379938Z             "title" : "Whether to always prefer source files over class files.",
2026-01-16T02:00:58.5381059Z             "description" : "A value indicating whether source files should be preferred over class files. If set to 'true', the extraction adds '-Xprefer:source' to the javac command line. If set to 'false', the extraction uses the default javac behavior ('-Xprefer:newer'). The default is 'true'.\n",
2026-01-16T02:00:58.5382071Z             "type" : "string",
2026-01-16T02:00:58.5382279Z             "pattern" : "^(false|true)$"
2026-01-16T02:00:58.5382498Z           },
2026-01-16T02:00:58.5382657Z           "buildless" : {
2026-01-16T02:00:58.5383130Z             "title" : "Whether to use buildless (standalone) extraction (experimental).",
2026-01-16T02:00:58.5385972Z             "description" : "A value indicating, which type of extraction the autobuilder should perform. If 'true', then the standalone extractor will be used, otherwise tracing extraction will be performed. The default is 'false'. Note that buildless extraction will generally yield less accurate analysis results, and should only be used in cases where it is not possible to build the code (for example if it uses inaccessible dependencies).\n",
2026-01-16T02:00:58.5388721Z             "type" : "string",
2026-01-16T02:00:58.5389055Z             "pattern" : "^(false|true)$"
2026-01-16T02:00:58.5389401Z           },
2026-01-16T02:00:58.5389665Z           "buildless_dependency_dir" : {
2026-01-16T02:00:58.5390314Z             "title" : "The path where buildless (standalone) extraction should keep dependencies.",
2026-01-16T02:00:58.5391323Z             "description" : "If set, the buildless (standalone) extractor will store dependencies in this directory.\n",
2026-01-16T02:00:58.5392083Z             "type" : "string"
2026-01-16T02:00:58.5392387Z           },
2026-01-16T02:00:58.5392667Z           "minimize_dependency_jars" : {
2026-01-16T02:00:58.5393318Z             "title" : "Whether to rewrite and minimize downloaded JAR dependencies (experimental).",
2026-01-16T02:00:58.5394701Z             "description" : "If 'true', JAR dependencies downloaded during extraction will be rewritten to remove unneeded data, such as method bodies. The default is 'false'.\n",
2026-01-16T02:00:58.5395995Z             "type" : "string",
2026-01-16T02:00:58.5396339Z             "pattern" : "^(false|true)$"
2026-01-16T02:00:58.5396701Z           }
2026-01-16T02:00:58.5396938Z         }
2026-01-16T02:00:58.5397175Z       }
2026-01-16T02:00:58.5397409Z     ],
2026-01-16T02:00:58.5397647Z     "html" : [
2026-01-16T02:00:58.5397895Z       {
2026-01-16T02:00:58.5398310Z         "extractor_root" : "/opt/hostedtoolcache/CodeQL/2.23.9/x64/codeql/html"
2026-01-16T02:00:58.5398857Z       }
2026-01-16T02:00:58.5399082Z     ],
2026-01-16T02:00:58.5399319Z     "yaml" : [
2026-01-16T02:00:58.5399560Z       {
2026-01-16T02:00:58.5399981Z         "extractor_root" : "/opt/hostedtoolcache/CodeQL/2.23.9/x64/codeql/yaml"
2026-01-16T02:00:58.5400492Z       }
2026-01-16T02:00:58.5400718Z     ],
2026-01-16T02:00:58.5400947Z     "swift" : [
2026-01-16T02:00:58.5401212Z       {
2026-01-16T02:00:58.5401627Z         "extractor_root" : "/opt/hostedtoolcache/CodeQL/2.23.9/x64/codeql/swift"
2026-01-16T02:00:58.5402165Z       }
2026-01-16T02:00:58.5402401Z     ],
2026-01-16T02:00:58.5402645Z     "properties" : [
2026-01-16T02:00:58.5402936Z       {
2026-01-16T02:00:58.5403386Z         "extractor_root" : "/opt/hostedtoolcache/CodeQL/2.23.9/x64/codeql/properties"
2026-01-16T02:00:58.5404135Z       }
2026-01-16T02:00:58.5404367Z     ],
2026-01-16T02:00:58.5404608Z     "ruby" : [
2026-01-16T02:00:58.5404864Z       {
2026-01-16T02:00:58.5405289Z         "extractor_root" : "/opt/hostedtoolcache/CodeQL/2.23.9/x64/codeql/ruby",
2026-01-16T02:00:58.5406030Z         "extractor_options" : {
2026-01-16T02:00:58.5406385Z           "trap" : {
2026-01-16T02:00:58.5406728Z             "title" : "Options pertaining to TRAP.",
2026-01-16T02:00:58.5407232Z             "description" : "Options pertaining to TRAP.",
2026-01-16T02:00:58.5407694Z             "type" : "object",
2026-01-16T02:00:58.5408041Z             "properties" : {
2026-01-16T02:00:58.5408388Z               "compression" : {
2026-01-16T02:00:58.5431185Z                 "title" : "Controls compression for the TRAP files written by the extractor.",
2026-01-16T02:00:58.5433105Z                 "description" : "This option is only intended for use in debugging the extractor. Accepted values are 'gzip' (the default, to write gzip-compressed TRAP) 'zstd' (to write Zstandard-compressed TRAP) and 'none' (to write uncompressed TRAP).\n",
2026-01-16T02:00:58.5434714Z                 "type" : "string",
2026-01-16T02:00:58.5435121Z                 "pattern" : "^(none|gzip|zstd)$"
2026-01-16T02:00:58.5435524Z               }
2026-01-16T02:00:58.5435780Z             }
2026-01-16T02:00:58.5436184Z           }
2026-01-16T02:00:58.5436422Z         }
2026-01-16T02:00:58.5436662Z       }
2026-01-16T02:00:58.5436891Z     ],
2026-01-16T02:00:58.5437131Z     "go" : [
2026-01-16T02:00:58.5437373Z       {
2026-01-16T02:00:58.5437997Z         "extractor_root" : "/opt/hostedtoolcache/CodeQL/2.23.9/x64/codeql/go",
2026-01-16T02:00:58.5438574Z         "extractor_options" : {
2026-01-16T02:00:58.5438936Z           "extract_tests" : {
2026-01-16T02:00:58.5439451Z             "title" : "Whether to include Go test files in the CodeQL database.",
2026-01-16T02:00:58.5440537Z             "description" : "A value indicating whether Go test files should be included in the CodeQL database. The default is 'false'.\n",
2026-01-16T02:00:58.5441454Z             "type" : "string",
2026-01-16T02:00:58.5441809Z             "pattern" : "^(false|true)$"
2026-01-16T02:00:58.5442195Z           },
2026-01-16T02:00:58.5442476Z           "extract_vendor_dirs" : {
2026-01-16T02:00:58.5443071Z             "title" : "Whether to include Go vendor directories in the CodeQL database.",
2026-01-16T02:00:58.5444312Z             "description" : "A value indicating whether Go vendor directories should be included in the CodeQL database. The default is 'false'.\n",
2026-01-16T02:00:58.5445241Z             "type" : "string",
2026-01-16T02:00:58.5445579Z             "pattern" : "^(false|true)$"
2026-01-16T02:00:58.5446076Z           }
2026-01-16T02:00:58.5446316Z         }
2026-01-16T02:00:58.5446541Z       }
2026-01-16T02:00:58.5446780Z     ],
2026-01-16T02:00:58.5447007Z     "csharp" : [
2026-01-16T02:00:58.5447262Z       {
2026-01-16T02:00:58.5447677Z         "extractor_root" : "/opt/hostedtoolcache/CodeQL/2.23.9/x64/codeql/csharp",
2026-01-16T02:00:58.5448245Z         "extractor_options" : {
2026-01-16T02:00:58.5448557Z           "trap" : {
2026-01-16T02:00:58.5448882Z             "title" : "Options pertaining to TRAP.",
2026-01-16T02:00:58.5449331Z             "description" : "Options pertaining to TRAP.",
2026-01-16T02:00:58.5449611Z             "type" : "object",
2026-01-16T02:00:58.5449832Z             "properties" : {
2026-01-16T02:00:58.5450032Z               "compression" : {
2026-01-16T02:00:58.5450376Z                 "title" : "Controls compression for the TRAP files written by the extractor.",
2026-01-16T02:00:58.5451413Z                 "description" : "This option is only intended for use in debugging the extractor. Accepted values are 'brotli' (the default, to write brotli-compressed TRAP), 'gzip', and 'none' (to write uncompressed TRAP).\n",
2026-01-16T02:00:58.5452346Z                 "type" : "string",
2026-01-16T02:00:58.5452739Z                 "pattern" : "^(none|gzip|brotli)$"
2026-01-16T02:00:58.5452999Z               }
2026-01-16T02:00:58.5453162Z             }
2026-01-16T02:00:58.5453311Z           },
2026-01-16T02:00:58.5453472Z           "buildless" : {
2026-01-16T02:00:58.5453783Z             "title" : "DEPRECATED - Whether to use buildless (standalone) extraction.",
2026-01-16T02:00:58.5455612Z             "description" : "DEPRECATED: Use `--build-mode none` instead.\nA value indicating, which type of extraction the autobuilder should perform. If 'true', then the standalone extractor will be used, otherwise tracing extraction will be performed. The default is 'false'. Note that buildless extraction will generally yield less accurate analysis results, and should only be used in cases where it is not possible to build the code (for example if it uses inaccessible dependencies).\n",
2026-01-16T02:00:58.5457547Z             "type" : "string",
2026-01-16T02:00:58.5457779Z             "pattern" : "^(false|true)$"
2026-01-16T02:00:58.5457998Z           },
2026-01-16T02:00:58.5458163Z           "logging" : {
2026-01-16T02:00:58.5458383Z             "title" : "Options pertaining to logging.",
2026-01-16T02:00:58.5458701Z             "description" : "Options pertaining to logging.",
2026-01-16T02:00:58.5458979Z             "type" : "object",
2026-01-16T02:00:58.5459187Z             "properties" : {
2026-01-16T02:00:58.5459385Z               "verbosity" : {
2026-01-16T02:00:58.5459646Z                 "title" : "Extractor logging verbosity level.",
2026-01-16T02:00:58.5460623Z                 "description" : "Controls the level of verbosity of the extractor. The supported levels are (in order of increasing verbosity):\n  - off\n  - errors\n  - warnings\n  - info or progress\n  - debug or progress+\n  - trace or progress++\n  - progress+++\n",
2026-01-16T02:00:58.5462549Z                 "type" : "string",
2026-01-16T02:00:58.5463401Z                 "pattern" : "^(off|errors|warnings|(info|progress)|(debug|progress\\+)|(trace|progress\\+\\+)|progress\\+\\+\\+)$"
2026-01-16T02:00:58.5464251Z               }
2026-01-16T02:00:58.5464433Z             }
2026-01-16T02:00:58.5464593Z           },
2026-01-16T02:00:58.5464744Z           "binlog" : {
2026-01-16T02:00:58.5464934Z             "title" : "Binlog",
2026-01-16T02:00:58.5465617Z             "description" : "[EXPERIMENTAL] The value is a path to the MsBuild binary log file that should be extracted. This option only works when `--build-mode none` is also specified.\n",
2026-01-16T02:00:58.5466727Z             "type" : "array"
2026-01-16T02:00:58.5466920Z           },
2026-01-16T02:00:58.5467101Z           "buildless_dependency_dir" : {
2026-01-16T02:00:58.5467507Z             "title" : "The path where buildless (standalone) extraction should keep dependencies.",
2026-01-16T02:00:58.5468155Z             "description" : "If set, the buildless (standalone) extractor will store dependencies in this directory.\n",
2026-01-16T02:00:58.5468704Z             "type" : "string"
2026-01-16T02:00:58.5469031Z           }
2026-01-16T02:00:58.5469297Z         }
2026-01-16T02:00:58.5469544Z       }
2026-01-16T02:00:58.5469809Z     ],
2026-01-16T02:00:58.5470073Z     "actions" : [
2026-01-16T02:00:58.5470381Z       {
2026-01-16T02:00:58.5470864Z         "extractor_root" : "/opt/hostedtoolcache/CodeQL/2.23.9/x64/codeql/actions",
2026-01-16T02:00:58.5471529Z         "extractor_options" : {
2026-01-16T02:00:58.5471911Z           "trap" : {
2026-01-16T02:00:58.5472242Z             "title" : "TRAP options",
2026-01-16T02:00:58.5472880Z             "description" : "Options about how the extractor handles TRAP files",
2026-01-16T02:00:58.5473523Z             "type" : "object",
2026-01-16T02:00:58.5473915Z             "visibility" : 3,
2026-01-16T02:00:58.5474296Z             "properties" : {
2026-01-16T02:00:58.5474668Z               "cache" : {
2026-01-16T02:00:58.5475053Z                 "title" : "TRAP cache options",
2026-01-16T02:00:58.5475727Z                 "description" : "Options about how the extractor handles its TRAP cache",
2026-01-16T02:00:58.5476797Z                 "type" : "object",
2026-01-16T02:00:58.5477198Z                 "properties" : {
2026-01-16T02:00:58.5477566Z                   "dir" : {
2026-01-16T02:00:58.5477955Z                     "title" : "TRAP cache directory",
2026-01-16T02:00:58.5478554Z                     "description" : "The directory of the TRAP cache to use",
2026-01-16T02:00:58.5479112Z                     "type" : "string"
2026-01-16T02:00:58.5479478Z                   },
2026-01-16T02:00:58.5479782Z                   "bound" : {
2026-01-16T02:00:58.5480181Z                     "title" : "TRAP cache bound",
2026-01-16T02:00:58.5480816Z                     "description" : "A soft limit (in MB) on the size of the TRAP cache",
2026-01-16T02:00:58.5481440Z                     "type" : "string",
2026-01-16T02:00:58.5481848Z                     "pattern" : "[0-9]+"
2026-01-16T02:00:58.5482243Z                   },
2026-01-16T02:00:58.5482571Z                   "write" : {
2026-01-16T02:00:58.5482968Z                     "title" : "TRAP cache writeable",
2026-01-16T02:00:58.5483647Z                     "description" : "Whether to write to the TRAP cache as well as reading it",
2026-01-16T02:00:58.5484311Z                     "type" : "string",
2026-01-16T02:00:58.5484779Z                     "pattern" : "(true|TRUE|false|FALSE)"
2026-01-16T02:00:58.5485255Z                   }
2026-01-16T02:00:58.5485557Z                 }
2026-01-16T02:00:58.5486079Z               }
2026-01-16T02:00:58.5486382Z             }
2026-01-16T02:00:58.5486672Z           }
2026-01-16T02:00:58.5486932Z         }
2026-01-16T02:00:58.5487474Z       }
2026-01-16T02:00:58.5487726Z     ]
2026-01-16T02:00:58.5487984Z   }
2026-01-16T02:00:58.5488226Z }
2026-01-16T02:00:58.5488554Z Found 1 languages that support TRAP caching
2026-01-16T02:00:58.5489172Z Analyzing default branch. Skipping downloading of TRAP caches.
2026-01-16T02:00:58.5543035Z Using Git version 2.52.0
2026-01-16T02:00:58.5549706Z Using overlay database mode: none without caching.
2026-01-16T02:00:58.5551141Z Not performing diff-informed analysis because we are not analyzing a pull request.
2026-01-16T02:00:58.5552631Z ##[endgroup]
2026-01-16T02:00:58.5566415Z While resolving threads, found a cgroup CPUs file with 4 CPUs in /sys/fs/cgroup/cpuset.cpus.effective.
2026-01-16T02:00:58.5570798Z Skipping download of dependency cache for actions as we have no caching configuration for it.
2026-01-16T02:00:58.5579369Z Writing augmented user configuration file to /home/runner/work/_temp/user-config.yaml
2026-01-16T02:00:58.5580182Z ##[group]Augmented user configuration file contents
2026-01-16T02:00:58.5591696Z default-setup:
2026-01-16T02:00:58.5592001Z   org:
2026-01-16T02:00:58.5593133Z     model-packs: []
2026-01-16T02:00:58.5593320Z threat-models: []
2026-01-16T02:00:58.5593438Z 
2026-01-16T02:00:58.5593650Z ##[endgroup]
2026-01-16T02:00:58.5596470Z [command]/opt/hostedtoolcache/CodeQL/2.23.9/x64/codeql/codeql database init --force-overwrite --db-cluster /home/runner/work/_temp/codeql_databases --source-root=/home/runner/work/scratchattach/scratchattach --calculate-language-specific-baseline --extractor-include-aliases --sublanguage-file-coverage --language=actions --codescanning-config=/home/runner/work/_temp/user-config.yaml --build-mode=none
2026-01-16T02:00:59.8037134Z Package install location: /home/runner/.codeql/packages
2026-01-16T02:00:59.8037859Z Nothing downloaded.
2026-01-16T02:01:00.1800149Z Calculating baseline information in /home/runner/work/scratchattach/scratchattach
2026-01-16T02:01:00.5059414Z Running command in /home/runner/work/scratchattach/scratchattach: [/opt/hostedtoolcache/CodeQL/2.23.9/x64/codeql/actions/tools/configure-baseline.sh]
2026-01-16T02:01:00.5195393Z Calculated baseline information for languages: actions, python (338ms).
2026-01-16T02:01:03.6382508Z Resolving extractor actions.
2026-01-16T02:01:03.6417994Z Successfully loaded extractor GitHub Actions (actions) from /opt/hostedtoolcache/CodeQL/2.23.9/x64/codeql/actions.
2026-01-16T02:01:03.6688960Z Created skeleton CodeQL database at /home/runner/work/_temp/codeql_databases/actions. This in-progress database is ready to be populated by an extractor.
2026-01-16T02:01:03.9000094Z ##[group]Run github/codeql-action/start-proxy@v4
2026-01-16T02:01:03.9000401Z with:
2026-01-16T02:01:03.9000560Z   language: actions
2026-01-16T02:01:03.9000742Z   registry_secrets: []
2026-01-16T02:01:03.9001049Z   token: ***
2026-01-16T02:01:03.9001476Z   matrix: {
  "language": "actions",
  "category": "/language:actions",
  "build-mode": "none",
  "runner": "[\"ubuntu-latest\"]"
}
2026-01-16T02:01:03.9001970Z env:
2026-01-16T02:01:03.9002149Z   CODE_SCANNING_REF: refs/heads/main
2026-01-16T02:01:03.9002390Z   CODE_SCANNING_BASE_BRANCH: 
2026-01-16T02:01:03.9002632Z   CODE_SCANNING_IS_ANALYZING_DEFAULT_BRANCH: true
2026-01-16T02:01:03.9002934Z   CODE_SCANNING_IS_STEADY_STATE_DEFAULT_SETUP: true
2026-01-16T02:01:03.9008607Z   CODE_SCANNING_WORKFLOW_FILE: H4sIAAAAAAAA/6RV32/bNhB+919x8AakfZDzsicBBaY4cuLNsFNJQZcVBUFTJ5mLTKr8kVTt8r8PFKVYWuM5Q/1kHj9+vLvv40nQPYYwncsc36+mE2VF4EM/f/sGJTc7u53hAwoz46K2Rs+YzJFoRoXgoiTKCuLw8PQ0kSKEvBF0z9lkguIhnADMN5cxSefRer1cX5EkXryaGAvH+W+GiyiNyUUSrefXr2XaUo1kq6hgu5cYlymJ1tHq7k+3uIwX0e0q+583cE2ooFXz1S1yLKitzH/fmGZxdHlH0izK4udL0zi7vQnBKIvfnfmwSX5frDYfyGK5il+b16NU90UlH0nBq1ahyV9yq50sPl10fwG83pEPwRvHvadG8S+ziorS0tKdfdtClRU6cDo7UKHk/rd0s37ToZUVAtVbXzJAjWrPteZSaH8PAGWmXYJCmncxJoVBYcbBmrJ7WuI4qJFZxU0TtCXrEB4VNzjpSbiwGEgRoFJShVDQSvtNbRQ1WDZ9FgXlVVBQbYYg6GruQQBcsMrmeAgABNB3JOxrGewCMHePVE0I58/Al3Bby6s82MscQxBS4GjTtzGEs49Tu7XC2KCiBrWZfjo7kkrdmJ0UJzN5AfZDiWiDdSdt0JlovkN2L60BhbXU3EjVdJRWOzW7ZpyzDvfrwy+TEcFScMNpxb8i+JE0Ou4tf+5c/rkKPNk5F7zl8cBHbnYHyVqfa66Dey5yHYI7GfTv4xnVd0h7X39v/slL/RpAD+EhOMcaRY6CNQGjbMdF6Q/5vs5QPHAlxR6FgXfv4MwXF+ykNpifDYk+W1TcZTedwk9w6QdMG21A2/4NdO+g4GUIfw+E7AZSoNHYOhwpLFU5DgC4IqrAvT8dwsdXDhovCGlPwdMTfBqQmp1CatrmVC1lt9srnrq0oFbySwOFVKCw5Nq4ejsSnod++7QVtKHKBC34mCMO9IQpzFE4u3XCa2QKjZ5dLbPr2wuSxFfLNEuWcUpuks0fd0NJDo/viGPGtr5BVUi17zztZ63m+nRF3aA+VNN9V/3PfSPer3x25HqTZl0d7mHO2jbMpDWtYO2KOHMNyxgR3GySkwS1VMcJ5hGZx0m2XCznURafomKUMFSGF9wNq6Okt8kqPUVlVaUPBGPBD5NwoFQfdIf+CQAA//+2RVGDAgkAAA==
2026-01-16T02:01:03.9014440Z   CODEQL_ACTION_FEATURE_MULTI_LANGUAGE: false
2026-01-16T02:01:03.9014717Z   CODEQL_ACTION_FEATURE_SANDWICH: false
2026-01-16T02:01:03.9014970Z   CODEQL_ACTION_FEATURE_SARIF_COMBINE: true
2026-01-16T02:01:03.9015232Z   CODEQL_ACTION_FEATURE_WILL_UPLOAD: true
2026-01-16T02:01:03.9015474Z   CODEQL_ACTION_VERSION: 4.31.10
2026-01-16T02:01:03.9015733Z   JOB_RUN_UUID: 185367a6-8a0e-46ab-9e43-a1efa0653bf5
2026-01-16T02:01:03.9016262Z   CODEQL_ACTION_INIT_HAS_RUN: true
2026-01-16T02:01:03.9016592Z   CODEQL_ACTION_ANALYSIS_KEY: dynamic/github-code-scanning/codeql:analyze
2026-01-16T02:01:03.9016987Z   CODEQL_WORKFLOW_STARTED_AT: 2026-01-16T02:00:49.238Z
2026-01-16T02:01:03.9017249Z   CODEQL_RAM: 14581
2026-01-16T02:01:03.9017425Z   CODEQL_THREADS: 4
2026-01-16T02:01:03.9017590Z ##[endgroup]
2026-01-16T02:01:04.0879413Z Using registry_secrets input.
2026-01-16T02:01:04.0880520Z No credentials found, skipping proxy setup.
2026-01-16T02:01:04.1033119Z ##[group]Run github/codeql-action/analyze@v4
2026-01-16T02:01:04.1033408Z with:
2026-01-16T02:01:04.1033587Z   category: /language:actions
2026-01-16T02:01:04.1033812Z   output: ../results
2026-01-16T02:01:04.1033992Z   upload: always
2026-01-16T02:01:04.1034165Z   skip-queries: false
2026-01-16T02:01:04.1034439Z   checkout_path: /home/runner/work/scratchattach/scratchattach
2026-01-16T02:01:04.1034761Z   upload-database: true
2026-01-16T02:01:04.1034968Z   wait-for-processing: true
2026-01-16T02:01:04.1035296Z   token: ***
2026-01-16T02:01:04.1035727Z   matrix: {
  "language": "actions",
  "category": "/language:actions",
  "build-mode": "none",
  "runner": "[\"ubuntu-latest\"]"
}
2026-01-16T02:01:04.1036509Z   expect-error: false
2026-01-16T02:01:04.1036694Z env:
2026-01-16T02:01:04.1036861Z   CODE_SCANNING_REF: refs/heads/main
2026-01-16T02:01:04.1037095Z   CODE_SCANNING_BASE_BRANCH: 
2026-01-16T02:01:04.1037342Z   CODE_SCANNING_IS_ANALYZING_DEFAULT_BRANCH: true
2026-01-16T02:01:04.1037669Z   CODE_SCANNING_IS_STEADY_STATE_DEFAULT_SETUP: true
2026-01-16T02:01:04.1043181Z   CODE_SCANNING_WORKFLOW_FILE: H4sIAAAAAAAA/6RV32/bNhB+919x8AakfZDzsicBBaY4cuLNsFNJQZcVBUFTJ5mLTKr8kVTt8r8PFKVYWuM5Q/1kHj9+vLvv40nQPYYwncsc36+mE2VF4EM/f/sGJTc7u53hAwoz46K2Rs+YzJFoRoXgoiTKCuLw8PQ0kSKEvBF0z9lkguIhnADMN5cxSefRer1cX5EkXryaGAvH+W+GiyiNyUUSrefXr2XaUo1kq6hgu5cYlymJ1tHq7k+3uIwX0e0q+583cE2ooFXz1S1yLKitzH/fmGZxdHlH0izK4udL0zi7vQnBKIvfnfmwSX5frDYfyGK5il+b16NU90UlH0nBq1ahyV9yq50sPl10fwG83pEPwRvHvadG8S+ziorS0tKdfdtClRU6cDo7UKHk/rd0s37ToZUVAtVbXzJAjWrPteZSaH8PAGWmXYJCmncxJoVBYcbBmrJ7WuI4qJFZxU0TtCXrEB4VNzjpSbiwGEgRoFJShVDQSvtNbRQ1WDZ9FgXlVVBQbYYg6GruQQBcsMrmeAgABNB3JOxrGewCMHePVE0I58/Al3Bby6s82MscQxBS4GjTtzGEs49Tu7XC2KCiBrWZfjo7kkrdmJ0UJzN5AfZDiWiDdSdt0JlovkN2L60BhbXU3EjVdJRWOzW7ZpyzDvfrwy+TEcFScMNpxb8i+JE0Ou4tf+5c/rkKPNk5F7zl8cBHbnYHyVqfa66Dey5yHYI7GfTv4xnVd0h7X39v/slL/RpAD+EhOMcaRY6CNQGjbMdF6Q/5vs5QPHAlxR6FgXfv4MwXF+ykNpifDYk+W1TcZTedwk9w6QdMG21A2/4NdO+g4GUIfw+E7AZSoNHYOhwpLFU5DgC4IqrAvT8dwsdXDhovCGlPwdMTfBqQmp1CatrmVC1lt9srnrq0oFbySwOFVKCw5Nq4ejsSnod++7QVtKHKBC34mCMO9IQpzFE4u3XCa2QKjZ5dLbPr2wuSxFfLNEuWcUpuks0fd0NJDo/viGPGtr5BVUi17zztZ63m+nRF3aA+VNN9V/3PfSPer3x25HqTZl0d7mHO2jbMpDWtYO2KOHMNyxgR3GySkwS1VMcJ5hGZx0m2XCznURafomKUMFSGF9wNq6Okt8kqPUVlVaUPBGPBD5NwoFQfdIf+CQAA//+2RVGDAgkAAA==
2026-01-16T02:01:04.1049064Z   CODEQL_ACTION_FEATURE_MULTI_LANGUAGE: false
2026-01-16T02:01:04.1049336Z   CODEQL_ACTION_FEATURE_SANDWICH: false
2026-01-16T02:01:04.1049589Z   CODEQL_ACTION_FEATURE_SARIF_COMBINE: true
2026-01-16T02:01:04.1049851Z   CODEQL_ACTION_FEATURE_WILL_UPLOAD: true
2026-01-16T02:01:04.1050096Z   CODEQL_ACTION_VERSION: 4.31.10
2026-01-16T02:01:04.1050535Z   JOB_RUN_UUID: 185367a6-8a0e-46ab-9e43-a1efa0653bf5
2026-01-16T02:01:04.1050806Z   CODEQL_ACTION_INIT_HAS_RUN: true
2026-01-16T02:01:04.1051135Z   CODEQL_ACTION_ANALYSIS_KEY: dynamic/github-code-scanning/codeql:analyze
2026-01-16T02:01:04.1051522Z   CODEQL_WORKFLOW_STARTED_AT: 2026-01-16T02:00:49.238Z
2026-01-16T02:01:04.1051787Z   CODEQL_RAM: 14581
2026-01-16T02:01:04.1051967Z   CODEQL_THREADS: 4
2026-01-16T02:01:04.1052138Z   CODEQL_PROXY_HOST: 
2026-01-16T02:01:04.1052323Z   CODEQL_PROXY_PORT: 
2026-01-16T02:01:04.1052511Z   CODEQL_PROXY_CA_CERTIFICATE: 
2026-01-16T02:01:04.1052731Z   CODEQL_PROXY_URLS: 
2026-01-16T02:01:04.1052902Z ##[endgroup]
2026-01-16T02:01:05.1546563Z While resolving threads, found a cgroup CPUs file with 4 CPUs in /sys/fs/cgroup/cpuset.cpus.effective.
2026-01-16T02:01:05.1582579Z Not performing diff-informed analysis because we are not analyzing a pull request.
2026-01-16T02:01:05.1624622Z ##[group]Extracting actions
2026-01-16T02:01:05.1630298Z [command]/opt/hostedtoolcache/CodeQL/2.23.9/x64/codeql/codeql database trace-command --use-build-mode --working-dir /home/runner/work/scratchattach/scratchattach -O=actions.trap.cache.dir=/home/runner/work/_temp/trapCaches/actions -O=actions.trap.cache.bound=1024 -O=actions.trap.cache.write=true /home/runner/work/_temp/codeql_databases/actions
2026-01-16T02:01:05.9675768Z Running command in /home/runner/work/scratchattach/scratchattach: [/opt/hostedtoolcache/CodeQL/2.23.9/x64/codeql/actions/tools/autobuild.sh]
2026-01-16T02:01:05.9851456Z [2026-01-16 02:01:05] [build-stdout] LGTM_INDEX_FILTERS not set. Using the default filters, and passing through to the JavaScript extractor.
2026-01-16T02:01:06.8719687Z [2026-01-16 02:01:06] [build-stdout] Found JavaScript extractor at '/opt/hostedtoolcache/CodeQL/2.23.9/x64/codeql/javascript'.
2026-01-16T02:01:06.8720774Z [2026-01-16 02:01:06] [build-stdout] Running JavaScript autobuilder at '/opt/hostedtoolcache/CodeQL/2.23.9/x64/codeql/javascript/tools/autobuild.sh'.
2026-01-16T02:01:07.1085186Z [2026-01-16 02:01:07] [build-stdout] Parallel extraction with 4 threads.
2026-01-16T02:01:07.1399988Z [2026-01-16 02:01:07] [build-stdout] Extracting /home/runner/work/scratchattach/scratchattach/.github/workflows/action1.yml
2026-01-16T02:01:07.1414977Z [2026-01-16 02:01:07] [build-stdout] Extracting /home/runner/work/scratchattach/scratchattach/.github/workflows/action2.yml
2026-01-16T02:01:07.1422738Z [2026-01-16 02:01:07] [build-stdout] Extracting /home/runner/work/scratchattach/scratchattach/.github/workflows/action3.yml
2026-01-16T02:01:07.1449328Z [2026-01-16 02:01:07] [build-stdout] Extracting /home/runner/work/scratchattach/scratchattach/.github/workflows/action4.yml
2026-01-16T02:01:07.2279139Z [2026-01-16 02:01:07] [build-stdout] Done extracting /home/runner/work/scratchattach/scratchattach/.github/workflows/action3.yml (76 ms)
2026-01-16T02:01:07.2280999Z [2026-01-16 02:01:07] [build-stdout] Done extracting /home/runner/work/scratchattach/scratchattach/.github/workflows/action2.yml (80 ms)
2026-01-16T02:01:07.2282627Z [2026-01-16 02:01:07] [build-stdout] Extracting /home/runner/work/scratchattach/scratchattach/.github/workflows/test-multivalue.yml
2026-01-16T02:01:07.2284314Z [2026-01-16 02:01:07] [build-stdout] Done extracting /home/runner/work/scratchattach/scratchattach/.github/workflows/action4.yml (77 ms)
2026-01-16T02:01:07.2286319Z [2026-01-16 02:01:07] [build-stdout] Done extracting /home/runner/work/scratchattach/scratchattach/.github/workflows/action1.yml (86 ms)
2026-01-16T02:01:07.2370563Z [2026-01-16 02:01:07] [build-stdout] Done extracting /home/runner/work/scratchattach/scratchattach/.github/workflows/test-multivalue.yml (15 ms)
2026-01-16T02:01:07.2730235Z ##[endgroup]
2026-01-16T02:01:07.2734737Z ##[group]Finalizing actions
2026-01-16T02:01:07.2736447Z [command]/opt/hostedtoolcache/CodeQL/2.23.9/x64/codeql/codeql database finalize --finalize-dataset --threads=4 --ram=14581 /home/runner/work/_temp/codeql_databases/actions
2026-01-16T02:01:08.0244814Z Running TRAP import for CodeQL database at /home/runner/work/_temp/codeql_databases/actions...
2026-01-16T02:01:08.8207195Z Importing TRAP files
2026-01-16T02:01:09.0730679Z Merging relations
2026-01-16T02:01:09.1800943Z Finished writing database (relations: 8.04 KiB; string pool: 2.05 MiB).
2026-01-16T02:01:09.2347698Z TRAP import complete (1.2s).
2026-01-16T02:01:09.4124869Z Finished zipping source archive (3.96 KiB).
2026-01-16T02:01:09.4237706Z ##[endgroup]
2026-01-16T02:01:09.4242569Z ##[group]Running queries for actions
2026-01-16T02:01:09.4244536Z [command]/opt/hostedtoolcache/CodeQL/2.23.9/x64/codeql/codeql database run-queries --ram=14581 --threads=4 --expect-discarded-cache /home/runner/work/_temp/codeql_databases/actions --min-disk-free=1024 -v
2026-01-16T02:01:10.1624377Z Writing logs to /home/runner/work/_temp/codeql_databases/actions/log/database-run-queries-20260116.020110.159.log.
2026-01-16T02:01:10.2101701Z Stringpool size measured as 2146714
2026-01-16T02:01:10.7875696Z Writing logs to /home/runner/work/_temp/codeql_databases/actions/log/execute-queries-20260116.020110.784.log.
2026-01-16T02:01:11.0990061Z Recording pack reference codeql/actions-queries at /opt/hostedtoolcache/CodeQL/2.23.9/x64/codeql/qlpacks/codeql/actions-queries/0.6.17.
2026-01-16T02:01:12.3021031Z Compiling in 3 threads due to RAM limits.
2026-01-16T02:01:12.7116299Z [1/18] Loaded /opt/hostedtoolcache/CodeQL/2.23.9/x64/codeql/qlpacks/codeql/actions-queries/0.6.17/Security/CWE-312/UnmaskedSecretExposure.qlx.
2026-01-16T02:01:12.7137695Z [2/18] Loaded /opt/hostedtoolcache/CodeQL/2.23.9/x64/codeql/qlpacks/codeql/actions-queries/0.6.17/Security/CWE-312/ExcessiveSecretsExposure.qlx.
2026-01-16T02:01:12.8160786Z [3/18] Loaded /opt/hostedtoolcache/CodeQL/2.23.9/x64/codeql/qlpacks/codeql/actions-queries/0.6.17/Security/CWE-312/SecretsInArtifacts.qlx.
2026-01-16T02:01:13.2265243Z [4/18] Loaded /opt/hostedtoolcache/CodeQL/2.23.9/x64/codeql/qlpacks/codeql/actions-queries/0.6.17/Security/CWE-829/ArtifactPoisoningCritical.qlx.
2026-01-16T02:01:13.2660068Z [5/18] Loaded /opt/hostedtoolcache/CodeQL/2.23.9/x64/codeql/qlpacks/codeql/actions-queries/0.6.17/Security/CWE-829/UntrustedCheckoutCritical.qlx.
2026-01-16T02:01:13.2662407Z [6/18] Loaded /opt/hostedtoolcache/CodeQL/2.23.9/x64/codeql/qlpacks/codeql/actions-queries/0.6.17/Security/CWE-1395/UseOfKnownVulnerableAction.qlx.
2026-01-16T02:01:13.2801054Z [7/18] Loaded /opt/hostedtoolcache/CodeQL/2.23.9/x64/codeql/qlpacks/codeql/actions-queries/0.6.17/Security/CWE-829/UntrustedCheckoutHigh.qlx.
2026-01-16T02:01:13.4444779Z [8/18] Loaded /opt/hostedtoolcache/CodeQL/2.23.9/x64/codeql/qlpacks/codeql/actions-queries/0.6.17/Security/CWE-367/UntrustedCheckoutTOCTOUCritical.qlx.
2026-01-16T02:01:13.4666246Z [9/18] Loaded /opt/hostedtoolcache/CodeQL/2.23.9/x64/codeql/qlpacks/codeql/actions-queries/0.6.17/Security/CWE-367/UntrustedCheckoutTOCTOUHigh.qlx.
2026-01-16T02:01:13.4697030Z [10/18] Loaded /opt/hostedtoolcache/CodeQL/2.23.9/x64/codeql/qlpacks/codeql/actions-queries/0.6.17/Security/CWE-094/CodeInjectionCritical.qlx.
2026-01-16T02:01:13.5033322Z [11/18] Loaded /opt/hostedtoolcache/CodeQL/2.23.9/x64/codeql/qlpacks/codeql/actions-queries/0.6.17/Security/CWE-275/MissingActionsPermissions.qlx.
2026-01-16T02:01:13.6549175Z [12/18] Loaded /opt/hostedtoolcache/CodeQL/2.23.9/x64/codeql/qlpacks/codeql/actions-queries/0.6.17/Security/CWE-285/ImproperAccessControl.qlx.
2026-01-16T02:01:13.7321073Z [13/18] Loaded /opt/hostedtoolcache/CodeQL/2.23.9/x64/codeql/qlpacks/codeql/actions-queries/0.6.17/Security/CWE-077/EnvPathInjectionCritical.qlx.
2026-01-16T02:01:13.7847279Z [14/18] Loaded /opt/hostedtoolcache/CodeQL/2.23.9/x64/codeql/qlpacks/codeql/actions-queries/0.6.17/Security/CWE-077/EnvVarInjectionCritical.qlx.
2026-01-16T02:01:13.8398925Z [15/18] Loaded /opt/hostedtoolcache/CodeQL/2.23.9/x64/codeql/qlpacks/codeql/actions-queries/0.6.17/Security/CWE-349/CachePoisoningViaCodeInjection.qlx.
2026-01-16T02:01:13.8659647Z [16/18] Loaded /opt/hostedtoolcache/CodeQL/2.23.9/x64/codeql/qlpacks/codeql/actions-queries/0.6.17/Diagnostics/SuccessfullyExtractedFiles.qlx.
2026-01-16T02:01:13.9618964Z [17/18] Loaded /opt/hostedtoolcache/CodeQL/2.23.9/x64/codeql/qlpacks/codeql/actions-queries/0.6.17/Security/CWE-349/CachePoisoningViaDirectCache.qlx.
2026-01-16T02:01:13.9715107Z [18/18] Loaded /opt/hostedtoolcache/CodeQL/2.23.9/x64/codeql/qlpacks/codeql/actions-queries/0.6.17/Security/CWE-349/CachePoisoningViaPoisonableStep.qlx.
2026-01-16T02:01:14.2264142Z Starting evaluation of codeql/actions-queries/Diagnostics/SuccessfullyExtractedFiles.ql.
2026-01-16T02:01:14.2273542Z Starting evaluation of codeql/actions-queries/Security/CWE-077/EnvPathInjectionCritical.ql.
2026-01-16T02:01:14.2274570Z Starting evaluation of codeql/actions-queries/Security/CWE-077/EnvVarInjectionCritical.ql.
2026-01-16T02:01:14.2275595Z Starting evaluation of codeql/actions-queries/Security/CWE-094/CodeInjectionCritical.ql.
2026-01-16T02:01:14.2327538Z Starting evaluation of codeql/actions-queries/Security/CWE-1395/UseOfKnownVulnerableAction.ql.
2026-01-16T02:01:14.2351074Z Starting evaluation of codeql/actions-queries/Security/CWE-275/MissingActionsPermissions.ql.
2026-01-16T02:01:14.4559105Z [1/18 eval 218ms] Evaluation done; writing results to codeql/actions-queries/Diagnostics/SuccessfullyExtractedFiles.bqrs.
2026-01-16T02:01:14.4701220Z Starting evaluation of codeql/actions-queries/Security/CWE-285/ImproperAccessControl.ql.
2026-01-16T02:01:14.4763757Z Starting evaluation of codeql/actions-queries/Security/CWE-312/ExcessiveSecretsExposure.ql.
2026-01-16T02:01:14.4765179Z Starting evaluation of codeql/actions-queries/Security/CWE-312/SecretsInArtifacts.ql.
2026-01-16T02:01:15.2649585Z [2/18 eval 791ms] Evaluation done; writing results to codeql/actions-queries/Security/CWE-312/ExcessiveSecretsExposure.bqrs.
2026-01-16T02:01:15.3029153Z [3/18 eval 1.1s] Evaluation done; writing results to codeql/actions-queries/Security/CWE-1395/UseOfKnownVulnerableAction.bqrs.
2026-01-16T02:01:15.4958658Z [4/18 eval 1s] Evaluation done; writing results to codeql/actions-queries/Security/CWE-285/ImproperAccessControl.bqrs.
2026-01-16T02:01:15.5138186Z Starting evaluation of codeql/actions-queries/Security/CWE-312/UnmaskedSecretExposure.ql.
2026-01-16T02:01:15.5140409Z [5/18 eval 1s] Evaluation done; writing results to codeql/actions-queries/Security/CWE-312/SecretsInArtifacts.bqrs.
2026-01-16T02:01:15.5159596Z Starting evaluation of codeql/actions-queries/Security/CWE-349/CachePoisoningViaCodeInjection.ql.
2026-01-16T02:01:15.5161214Z Starting evaluation of codeql/actions-queries/Security/CWE-349/CachePoisoningViaDirectCache.ql.
2026-01-16T02:01:15.5162767Z [6/18 eval 2ms] Evaluation done; writing results to codeql/actions-queries/Security/CWE-312/UnmaskedSecretExposure.bqrs.
2026-01-16T02:01:15.5338747Z [7/18 eval 1.3s] Evaluation done; writing results to codeql/actions-queries/Security/CWE-275/MissingActionsPermissions.bqrs.
2026-01-16T02:01:15.5438395Z Starting evaluation of codeql/actions-queries/Security/CWE-349/CachePoisoningViaPoisonableStep.ql.
2026-01-16T02:01:15.5622799Z [8/18 eval 46ms] Evaluation done; writing results to codeql/actions-queries/Security/CWE-349/CachePoisoningViaDirectCache.bqrs.
2026-01-16T02:01:15.5839910Z Starting evaluation of codeql/actions-queries/Security/CWE-367/UntrustedCheckoutTOCTOUCritical.ql.
2026-01-16T02:01:15.5923134Z Starting evaluation of codeql/actions-queries/Security/CWE-367/UntrustedCheckoutTOCTOUHigh.ql.
2026-01-16T02:01:15.6668711Z Starting evaluation of codeql/actions-queries/Security/CWE-829/ArtifactPoisoningCritical.ql.
2026-01-16T02:01:15.6898239Z Starting evaluation of codeql/actions-queries/Security/CWE-829/UntrustedCheckoutCritical.ql.
2026-01-16T02:01:15.6899389Z Starting evaluation of codeql/actions-queries/Security/CWE-829/UntrustedCheckoutHigh.ql.
2026-01-16T02:01:15.7818032Z [9/18 eval 94ms] Evaluation done; writing results to codeql/actions-queries/Security/CWE-829/UntrustedCheckoutCritical.bqrs.
2026-01-16T02:01:15.8049367Z [10/18 eval 116ms] Evaluation done; writing results to codeql/actions-queries/Security/CWE-829/UntrustedCheckoutHigh.bqrs.
2026-01-16T02:01:15.8197967Z [11/18 eval 235ms] Evaluation done; writing results to codeql/actions-queries/Security/CWE-367/UntrustedCheckoutTOCTOUCritical.bqrs.
2026-01-16T02:01:15.8202950Z [12/18 eval 229ms] Evaluation done; writing results to codeql/actions-queries/Security/CWE-367/UntrustedCheckoutTOCTOUHigh.bqrs.
2026-01-16T02:01:15.9774645Z [13/18 eval 1.8s] Evaluation done; writing results to codeql/actions-queries/Security/CWE-094/CodeInjectionCritical.bqrs.
2026-01-16T02:01:15.9915368Z [14/18 eval 1.8s] Evaluation done; writing results to codeql/actions-queries/Security/CWE-077/EnvVarInjectionCritical.bqrs.
2026-01-16T02:01:16.0144339Z [15/18 eval 1.8s] Evaluation done; writing results to codeql/actions-queries/Security/CWE-077/EnvPathInjectionCritical.bqrs.
2026-01-16T02:01:16.0287434Z [16/18 eval 512ms] Evaluation done; writing results to codeql/actions-queries/Security/CWE-349/CachePoisoningViaCodeInjection.bqrs.
2026-01-16T02:01:16.0311928Z [17/18 eval 489ms] Evaluation done; writing results to codeql/actions-queries/Security/CWE-349/CachePoisoningViaPoisonableStep.bqrs.
2026-01-16T02:01:16.0588330Z [18/18 eval 392ms] Evaluation done; writing results to codeql/actions-queries/Security/CWE-829/ArtifactPoisoningCritical.bqrs.
2026-01-16T02:01:16.0597462Z Shutting down query evaluator.
2026-01-16T02:01:16.1116804Z Interpreting code scanning results for actions
2026-01-16T02:01:16.8257228Z Writing logs to /home/runner/work/_temp/codeql_databases/actions/log/database-interpret-results-20260116.020116.822.log.
2026-01-16T02:01:16.9753691Z Recording pack reference codeql/actions-queries at /opt/hostedtoolcache/CodeQL/2.23.9/x64/codeql/qlpacks/codeql/actions-queries/0.6.17.
2026-01-16T02:01:16.9963140Z Resolving extensions
2026-01-16T02:01:17.7789267Z Interpreting /opt/hostedtoolcache/CodeQL/2.23.9/x64/codeql/qlpacks/codeql/actions-queries/0.6.17/Security/CWE-312/UnmaskedSecretExposure.ql...
2026-01-16T02:01:17.8059860Z  ... found results file at /home/runner/work/_temp/codeql_databases/actions/results/codeql/actions-queries/Security/CWE-312/UnmaskedSecretExposure.bqrs.
2026-01-16T02:01:17.8216168Z Interpreting /opt/hostedtoolcache/CodeQL/2.23.9/x64/codeql/qlpacks/codeql/actions-queries/0.6.17/Security/CWE-312/SecretsInArtifacts.ql...
2026-01-16T02:01:17.8379831Z  ... found results file at /home/runner/work/_temp/codeql_databases/actions/results/codeql/actions-queries/Security/CWE-312/SecretsInArtifacts.bqrs.
2026-01-16T02:01:17.8387221Z Interpreting /opt/hostedtoolcache/CodeQL/2.23.9/x64/codeql/qlpacks/codeql/actions-queries/0.6.17/Security/CWE-312/ExcessiveSecretsExposure.ql...
2026-01-16T02:01:17.8504158Z  ... found results file at /home/runner/work/_temp/codeql_databases/actions/results/codeql/actions-queries/Security/CWE-312/ExcessiveSecretsExposure.bqrs.
2026-01-16T02:01:17.8510112Z Interpreting /opt/hostedtoolcache/CodeQL/2.23.9/x64/codeql/qlpacks/codeql/actions-queries/0.6.17/Security/CWE-829/ArtifactPoisoningCritical.ql...
2026-01-16T02:01:17.8616224Z  ... found results file at /home/runner/work/_temp/codeql_databases/actions/results/codeql/actions-queries/Security/CWE-829/ArtifactPoisoningCritical.bqrs.
2026-01-16T02:01:17.8624094Z Interpreting /opt/hostedtoolcache/CodeQL/2.23.9/x64/codeql/qlpacks/codeql/actions-queries/0.6.17/Security/CWE-829/UntrustedCheckoutCritical.ql...
2026-01-16T02:01:17.8719774Z  ... found results file at /home/runner/work/_temp/codeql_databases/actions/results/codeql/actions-queries/Security/CWE-829/UntrustedCheckoutCritical.bqrs.
2026-01-16T02:01:17.8721664Z Interpreting /opt/hostedtoolcache/CodeQL/2.23.9/x64/codeql/qlpacks/codeql/actions-queries/0.6.17/Security/CWE-829/UntrustedCheckoutHigh.ql...
2026-01-16T02:01:17.8801313Z  ... found results file at /home/runner/work/_temp/codeql_databases/actions/results/codeql/actions-queries/Security/CWE-829/UntrustedCheckoutHigh.bqrs.
2026-01-16T02:01:17.8808706Z Interpreting /opt/hostedtoolcache/CodeQL/2.23.9/x64/codeql/qlpacks/codeql/actions-queries/0.6.17/Security/CWE-1395/UseOfKnownVulnerableAction.ql...
2026-01-16T02:01:17.8886407Z  ... found results file at /home/runner/work/_temp/codeql_databases/actions/results/codeql/actions-queries/Security/CWE-1395/UseOfKnownVulnerableAction.bqrs.
2026-01-16T02:01:17.8915208Z Interpreting /opt/hostedtoolcache/CodeQL/2.23.9/x64/codeql/qlpacks/codeql/actions-queries/0.6.17/Security/CWE-094/CodeInjectionCritical.ql...
2026-01-16T02:01:17.8964608Z  ... found results file at /home/runner/work/_temp/codeql_databases/actions/results/codeql/actions-queries/Security/CWE-094/CodeInjectionCritical.bqrs.
2026-01-16T02:01:17.8971669Z Interpreting /opt/hostedtoolcache/CodeQL/2.23.9/x64/codeql/qlpacks/codeql/actions-queries/0.6.17/Security/CWE-367/UntrustedCheckoutTOCTOUCritical.ql...
2026-01-16T02:01:17.9050793Z  ... found results file at /home/runner/work/_temp/codeql_databases/actions/results/codeql/actions-queries/Security/CWE-367/UntrustedCheckoutTOCTOUCritical.bqrs.
2026-01-16T02:01:17.9063341Z Interpreting /opt/hostedtoolcache/CodeQL/2.23.9/x64/codeql/qlpacks/codeql/actions-queries/0.6.17/Security/CWE-367/UntrustedCheckoutTOCTOUHigh.ql...
2026-01-16T02:01:17.9123101Z  ... found results file at /home/runner/work/_temp/codeql_databases/actions/results/codeql/actions-queries/Security/CWE-367/UntrustedCheckoutTOCTOUHigh.bqrs.
2026-01-16T02:01:17.9138174Z Interpreting /opt/hostedtoolcache/CodeQL/2.23.9/x64/codeql/qlpacks/codeql/actions-queries/0.6.17/Security/CWE-275/MissingActionsPermissions.ql...
2026-01-16T02:01:17.9194796Z  ... found results file at /home/runner/work/_temp/codeql_databases/actions/results/codeql/actions-queries/Security/CWE-275/MissingActionsPermissions.bqrs.
2026-01-16T02:01:17.9198817Z Interpreting /opt/hostedtoolcache/CodeQL/2.23.9/x64/codeql/qlpacks/codeql/actions-queries/0.6.17/Security/CWE-077/EnvVarInjectionCritical.ql...
2026-01-16T02:01:17.9264718Z  ... found results file at /home/runner/work/_temp/codeql_databases/actions/results/codeql/actions-queries/Security/CWE-077/EnvVarInjectionCritical.bqrs.
2026-01-16T02:01:17.9278192Z Interpreting /opt/hostedtoolcache/CodeQL/2.23.9/x64/codeql/qlpacks/codeql/actions-queries/0.6.17/Security/CWE-077/EnvPathInjectionCritical.ql...
2026-01-16T02:01:17.9334809Z  ... found results file at /home/runner/work/_temp/codeql_databases/actions/results/codeql/actions-queries/Security/CWE-077/EnvPathInjectionCritical.bqrs.
2026-01-16T02:01:17.9338926Z Interpreting /opt/hostedtoolcache/CodeQL/2.23.9/x64/codeql/qlpacks/codeql/actions-queries/0.6.17/Security/CWE-285/ImproperAccessControl.ql...
2026-01-16T02:01:17.9403027Z  ... found results file at /home/runner/work/_temp/codeql_databases/actions/results/codeql/actions-queries/Security/CWE-285/ImproperAccessControl.bqrs.
2026-01-16T02:01:17.9419143Z Interpreting /opt/hostedtoolcache/CodeQL/2.23.9/x64/codeql/qlpacks/codeql/actions-queries/0.6.17/Security/CWE-349/CachePoisoningViaCodeInjection.ql...
2026-01-16T02:01:17.9478716Z  ... found results file at /home/runner/work/_temp/codeql_databases/actions/results/codeql/actions-queries/Security/CWE-349/CachePoisoningViaCodeInjection.bqrs.
2026-01-16T02:01:17.9495628Z Interpreting /opt/hostedtoolcache/CodeQL/2.23.9/x64/codeql/qlpacks/codeql/actions-queries/0.6.17/Security/CWE-349/CachePoisoningViaPoisonableStep.ql...
2026-01-16T02:01:17.9566085Z  ... found results file at /home/runner/work/_temp/codeql_databases/actions/results/codeql/actions-queries/Security/CWE-349/CachePoisoningViaPoisonableStep.bqrs.
2026-01-16T02:01:17.9570478Z Interpreting /opt/hostedtoolcache/CodeQL/2.23.9/x64/codeql/qlpacks/codeql/actions-queries/0.6.17/Security/CWE-349/CachePoisoningViaDirectCache.ql...
2026-01-16T02:01:17.9630828Z  ... found results file at /home/runner/work/_temp/codeql_databases/actions/results/codeql/actions-queries/Security/CWE-349/CachePoisoningViaDirectCache.bqrs.
2026-01-16T02:01:17.9647949Z Interpreting /opt/hostedtoolcache/CodeQL/2.23.9/x64/codeql/qlpacks/codeql/actions-queries/0.6.17/Diagnostics/SuccessfullyExtractedFiles.ql...
2026-01-16T02:01:17.9696245Z  ... found results file at /home/runner/work/_temp/codeql_databases/actions/results/codeql/actions-queries/Diagnostics/SuccessfullyExtractedFiles.bqrs.
2026-01-16T02:01:18.0707917Z Interpreted problem query "Unmasked Secret Exposure" (actions/unmasked-secret-exposure) at path /home/runner/work/_temp/codeql_databases/actions/results/codeql/actions-queries/Security/CWE-312/UnmaskedSecretExposure.bqrs.
2026-01-16T02:01:18.0743463Z Interpreted problem query "Storage of sensitive information in GitHub Actions artifact" (actions/secrets-in-artifacts) at path /home/runner/work/_temp/codeql_databases/actions/results/codeql/actions-queries/Security/CWE-312/SecretsInArtifacts.bqrs.
2026-01-16T02:01:18.0747889Z Interpreted problem query "Excessive Secrets Exposure" (actions/excessive-secrets-exposure) at path /home/runner/work/_temp/codeql_databases/actions/results/codeql/actions-queries/Security/CWE-312/ExcessiveSecretsExposure.bqrs.
2026-01-16T02:01:18.0751599Z Interpreted pathproblem query "Artifact poisoning" (actions/artifact-poisoning/critical) at path /home/runner/work/_temp/codeql_databases/actions/results/codeql/actions-queries/Security/CWE-829/ArtifactPoisoningCritical.bqrs.
2026-01-16T02:01:18.0755394Z Interpreted pathproblem query "Checkout of untrusted code in a privileged context" (actions/untrusted-checkout/critical) at path /home/runner/work/_temp/codeql_databases/actions/results/codeql/actions-queries/Security/CWE-829/UntrustedCheckoutCritical.bqrs.
2026-01-16T02:01:18.0790399Z Interpreted problem query "Checkout of untrusted code in trusted context" (actions/untrusted-checkout/high) at path /home/runner/work/_temp/codeql_databases/actions/results/codeql/actions-queries/Security/CWE-829/UntrustedCheckoutHigh.bqrs.
2026-01-16T02:01:18.0793308Z Interpreted problem query "Use of a known vulnerable action" (actions/vulnerable-action) at path /home/runner/work/_temp/codeql_databases/actions/results/codeql/actions-queries/Security/CWE-1395/UseOfKnownVulnerableAction.bqrs.
2026-01-16T02:01:18.0796197Z Interpreted pathproblem query "Code injection" (actions/code-injection/critical) at path /home/runner/work/_temp/codeql_databases/actions/results/codeql/actions-queries/Security/CWE-094/CodeInjectionCritical.bqrs.
2026-01-16T02:01:18.0799064Z Interpreted pathproblem query "Untrusted Checkout TOCTOU" (actions/untrusted-checkout-toctou/critical) at path /home/runner/work/_temp/codeql_databases/actions/results/codeql/actions-queries/Security/CWE-367/UntrustedCheckoutTOCTOUCritical.bqrs.
2026-01-16T02:01:18.0802068Z Interpreted problem query "Untrusted Checkout TOCTOU" (actions/untrusted-checkout-toctou/high) at path /home/runner/work/_temp/codeql_databases/actions/results/codeql/actions-queries/Security/CWE-367/UntrustedCheckoutTOCTOUHigh.bqrs.
2026-01-16T02:01:18.0805020Z Interpreted problem query "Workflow does not contain permissions" (actions/missing-workflow-permissions) at path /home/runner/work/_temp/codeql_databases/actions/results/codeql/actions-queries/Security/CWE-275/MissingActionsPermissions.bqrs.
2026-01-16T02:01:18.0808252Z Interpreted pathproblem query "Environment variable built from user-controlled sources" (actions/envvar-injection/critical) at path /home/runner/work/_temp/codeql_databases/actions/results/codeql/actions-queries/Security/CWE-077/EnvVarInjectionCritical.bqrs.
2026-01-16T02:01:18.0811614Z Interpreted pathproblem query "PATH environment variable built from user-controlled sources" (actions/envpath-injection/critical) at path /home/runner/work/_temp/codeql_databases/actions/results/codeql/actions-queries/Security/CWE-077/EnvPathInjectionCritical.bqrs.
2026-01-16T02:01:18.0814576Z Interpreted problem query "Improper Access Control" (actions/improper-access-control) at path /home/runner/work/_temp/codeql_databases/actions/results/codeql/actions-queries/Security/CWE-285/ImproperAccessControl.bqrs.
2026-01-16T02:01:18.0847711Z Interpreted pathproblem query "Cache Poisoning via low-privileged code injection" (actions/cache-poisoning/code-injection) at path /home/runner/work/_temp/codeql_databases/actions/results/codeql/actions-queries/Security/CWE-349/CachePoisoningViaCodeInjection.bqrs.
2026-01-16T02:01:18.0851289Z Interpreted pathproblem query "Cache Poisoning via execution of untrusted code" (actions/cache-poisoning/poisonable-step) at path /home/runner/work/_temp/codeql_databases/actions/results/codeql/actions-queries/Security/CWE-349/CachePoisoningViaPoisonableStep.bqrs.
2026-01-16T02:01:18.0854518Z Interpreted pathproblem query "Cache Poisoning via caching of untrusted files" (actions/cache-poisoning/direct-cache) at path /home/runner/work/_temp/codeql_databases/actions/results/codeql/actions-queries/Security/CWE-349/CachePoisoningViaDirectCache.bqrs.
2026-01-16T02:01:18.0857816Z Interpreted diagnostic query "Extracted files" (actions/diagnostics/successfully-extracted-files) at path /home/runner/work/_temp/codeql_databases/actions/results/codeql/actions-queries/Diagnostics/SuccessfullyExtractedFiles.bqrs.
2026-01-16T02:01:18.0859712Z Reading source archive /home/runner/work/_temp/codeql_databases/actions/src.zip
2026-01-16T02:01:18.1396266Z Interpreting file coverage baseline information
2026-01-16T02:01:18.1403943Z Finished interpreting file coverage baseline information.
2026-01-16T02:01:18.1411010Z Interpreting diagnostic messages...
2026-01-16T02:01:18.1786161Z Found 4 raw diagnostic messages.
2026-01-16T02:01:18.1874807Z Processed diagnostic messages (removed 0 due to limits, created 0 summary diagnostics for status page).
2026-01-16T02:01:18.1897621Z Interpreted diagnostic messages (46ms).
2026-01-16T02:01:18.3512701Z Exporting results to SARIF...
2026-01-16T02:01:18.4894496Z Exported results to SARIF (138ms).
2026-01-16T02:01:18.5205379Z ##[endgroup]
2026-01-16T02:01:18.5206944Z CodeQL scanned 5 out of 5 GitHub Actions files in this invocation. Check the status page for overall coverage information: https://github.com/Boss-1s/scratchattach/security/code-scanning/tools/CodeQL/status/
2026-01-16T02:01:18.5208300Z 
2026-01-16T02:01:18.5217293Z Post-processing sarif files: ["/home/runner/work/scratchattach/results/actions.sarif"]
2026-01-16T02:01:18.5234635Z Adding fingerprints to SARIF file. See https://docs.github.com/en/enterprise-cloud@latest/code-security/code-scanning/integrating-with-code-scanning/sarif-support-for-code-scanning#providing-data-to-track-code-scanning-alerts-across-runs for more information.
2026-01-16T02:01:18.5301067Z ##[group]Uploading code scanning results
2026-01-16T02:01:18.5396742Z Uploading results
2026-01-16T02:01:18.9334583Z Successfully uploaded results
2026-01-16T02:01:18.9335294Z ##[endgroup]
2026-01-16T02:01:18.9339936Z ##[group]Cleaning up databases
2026-01-16T02:01:18.9341753Z [command]/opt/hostedtoolcache/CodeQL/2.23.9/x64/codeql/codeql database cleanup /home/runner/work/_temp/codeql_databases/actions --cache-cleanup=clear
2026-01-16T02:01:19.6220405Z Cleaning up existing TRAP files after import...
2026-01-16T02:01:19.6260285Z TRAP files cleaned up (3ms).
2026-01-16T02:01:19.6260948Z Cleaning up scratch directory...
2026-01-16T02:01:19.6262846Z Scratch directory cleaned up (0ms).
2026-01-16T02:01:19.6687444Z ##[endgroup]
2026-01-16T02:01:19.6695480Z [command]/opt/hostedtoolcache/CodeQL/2.23.9/x64/codeql/codeql database bundle /home/runner/work/_temp/codeql_databases/actions --output=/home/runner/work/_temp/codeql_databases/actions.zip --name=actions
2026-01-16T02:01:20.4860059Z Creating bundle metadata for /home/runner/work/_temp/codeql_databases/actions...
2026-01-16T02:01:20.6522347Z Creating zip file at /home/runner/work/_temp/codeql_databases/actions.zip.
2026-01-16T02:01:21.2380438Z Skipping upload of TRAP cache for actions as it is too small
2026-01-16T02:01:21.2384273Z Skipping upload of dependency cache for actions as we have no caching configuration for it.
2026-01-16T02:01:21.2386462Z ##[group]Waiting for processing to finish
2026-01-16T02:01:21.3739515Z Analysis upload status is complete.
2026-01-16T02:01:21.3740103Z ##[endgroup]
2026-01-16T02:01:21.5455222Z Post job cleanup.
2026-01-16T02:01:22.3924220Z Post job cleanup.
2026-01-16T02:01:22.6051319Z Post job cleanup.
2026-01-16T02:01:23.6838918Z CodeQL job status was success.
2026-01-16T02:01:23.6848483Z Sending status report for init-post step.
2026-01-16T02:01:23.8512444Z Status report sent for init-post step.
2026-01-16T02:01:23.8691440Z Post job cleanup.
2026-01-16T02:01:23.9613647Z [command]/usr/bin/git version
2026-01-16T02:01:23.9649350Z git version 2.52.0
2026-01-16T02:01:23.9693429Z Temporarily overriding HOME='/home/runner/work/_temp/28f041d7-e261-41dd-a7bf-4ce67b478e2a' before making global git config changes
2026-01-16T02:01:23.9694722Z Adding repository directory to the temporary git global config as a safe directory
2026-01-16T02:01:23.9700445Z [command]/usr/bin/git config --global --add safe.directory /home/runner/work/scratchattach/scratchattach
2026-01-16T02:01:23.9743214Z [command]/usr/bin/git config --local --name-only --get-regexp core\.sshCommand
2026-01-16T02:01:23.9783357Z [command]/usr/bin/git submodule foreach --recursive sh -c "git config --local --name-only --get-regexp 'core\.sshCommand' && git config --local --unset-all 'core.sshCommand' || :"
2026-01-16T02:01:24.0027883Z [command]/usr/bin/git config --local --name-only --get-regexp http\.https\:\/\/github\.com\/\.extraheader
2026-01-16T02:01:24.0048379Z http.https://github.com/.extraheader
2026-01-16T02:01:24.0061118Z [command]/usr/bin/git config --local --unset-all http.https://github.com/.extraheader
2026-01-16T02:01:24.0091886Z [command]/usr/bin/git submodule foreach --recursive sh -c "git config --local --name-only --get-regexp 'http\.https\:\/\/github\.com\/\.extraheader' && git config --local --unset-all 'http.https://github.com/.extraheader' || :"
2026-01-16T02:01:24.0312938Z [command]/usr/bin/git config --local --name-only --get-regexp ^includeIf\.gitdir:
2026-01-16T02:01:24.0344201Z [command]/usr/bin/git submodule foreach --recursive git config --local --show-origin --name-only --get-regexp remote.origin.url
2026-01-16T02:01:24.0671176Z Cleaning up orphan processes
