2025-09-19T01:40:47.4623629Z Current runner version: '2.328.0'
2025-09-19T01:40:47.4647747Z ##[group]Runner Image Provisioner
2025-09-19T01:40:47.4648678Z Hosted Compute Agent
2025-09-19T01:40:47.4649232Z Version: 20250829.383
2025-09-19T01:40:47.4649879Z Commit: 27cb235aab5b0e52e153a26cd86b4742e89dac5d
2025-09-19T01:40:47.4650598Z Build Date: 2025-08-29T13:48:48Z
2025-09-19T01:40:47.4651194Z ##[endgroup]
2025-09-19T01:40:47.4651867Z ##[group]Operating System
2025-09-19T01:40:47.4652532Z Ubuntu
2025-09-19T01:40:47.4653018Z 24.04.3
2025-09-19T01:40:47.4653487Z LTS
2025-09-19T01:40:47.4653971Z ##[endgroup]
2025-09-19T01:40:47.4654439Z ##[group]Runner Image
2025-09-19T01:40:47.4655046Z Image: ubuntu-24.04
2025-09-19T01:40:47.4655541Z Version: 20250907.24.1
2025-09-19T01:40:47.4656545Z Included Software: https://github.com/actions/runner-images/blob/ubuntu24/20250907.24/images/ubuntu/Ubuntu2404-Readme.md
2025-09-19T01:40:47.4658124Z Image Release: https://github.com/actions/runner-images/releases/tag/ubuntu24%2F20250907.24
2025-09-19T01:40:47.4659079Z ##[endgroup]
2025-09-19T01:40:47.4660138Z ##[group]GITHUB_TOKEN Permissions
2025-09-19T01:40:47.4662496Z Contents: write
2025-09-19T01:40:47.4663093Z Metadata: read
2025-09-19T01:40:47.4663806Z ##[endgroup]
2025-09-19T01:40:47.4665892Z Secret source: Actions
2025-09-19T01:40:47.4666582Z Prepare workflow directory
2025-09-19T01:40:47.5163191Z Prepare all required actions
2025-09-19T01:40:47.5201306Z Getting action download info
2025-09-19T01:40:47.8686044Z Download action repository 'actions/checkout@ff7abcd0c3c05ccf6adc123a8cd1fd4fb30fb493' (SHA:ff7abcd0c3c05ccf6adc123a8cd1fd4fb30fb493)
2025-09-19T01:40:47.9545241Z Download action repository 'actions/setup-python@v5' (SHA:a26af69be951a213d495a4c3e4e4022e16d87065)
2025-09-19T01:40:48.0628664Z Download action repository 'actions/cache@0400d5f644dc74513175e3cd8d07132dd4860809' (SHA:0400d5f644dc74513175e3cd8d07132dd4860809)
2025-09-19T01:40:48.1688646Z Download action repository 'actions/component-detection-dependency-submission-action@374343effede691df3a5ffaf36b4e7acab919590' (SHA:374343effede691df3a5ffaf36b4e7acab919590)
2025-09-19T01:40:48.4978681Z Complete job name: submit-pypi
2025-09-19T01:40:48.5650070Z ##[group]Run actions/checkout@ff7abcd0c3c05ccf6adc123a8cd1fd4fb30fb493
2025-09-19T01:40:48.5651327Z with:
2025-09-19T01:40:48.5651994Z   ref: refs/heads/main
2025-09-19T01:40:48.5652553Z   repository: Boss-1s/scratchattach
2025-09-19T01:40:48.5653366Z   token: ***
2025-09-19T01:40:48.5653784Z   ssh-strict: true
2025-09-19T01:40:48.5654220Z   ssh-user: git
2025-09-19T01:40:48.5654672Z   persist-credentials: true
2025-09-19T01:40:48.5655183Z   clean: true
2025-09-19T01:40:48.5655613Z   sparse-checkout-cone-mode: true
2025-09-19T01:40:48.5656173Z   fetch-depth: 1
2025-09-19T01:40:48.5656584Z   fetch-tags: false
2025-09-19T01:40:48.5657039Z   show-progress: true
2025-09-19T01:40:48.5657487Z   lfs: false
2025-09-19T01:40:48.5657878Z   submodules: false
2025-09-19T01:40:48.5658317Z   set-safe-directory: true
2025-09-19T01:40:48.5659074Z env:
2025-09-19T01:40:48.5659484Z   SKIP_CACHE: 
2025-09-19T01:40:48.5659883Z ##[endgroup]
2025-09-19T01:40:48.6570713Z Syncing repository: Boss-1s/scratchattach
2025-09-19T01:40:48.6573126Z ##[group]Getting Git version info
2025-09-19T01:40:48.6574205Z Working directory is '/home/runner/work/scratchattach/scratchattach'
2025-09-19T01:40:48.6575641Z [command]/usr/bin/git version
2025-09-19T01:40:48.6585264Z git version 2.51.0
2025-09-19T01:40:48.6605451Z ##[endgroup]
2025-09-19T01:40:48.6619518Z Temporarily overriding HOME='/home/runner/work/_temp/5b814fb0-49da-41b3-8b3e-8f053d5e6a50' before making global git config changes
2025-09-19T01:40:48.6621851Z Adding repository directory to the temporary git global config as a safe directory
2025-09-19T01:40:48.6623976Z [command]/usr/bin/git config --global --add safe.directory /home/runner/work/scratchattach/scratchattach
2025-09-19T01:40:48.6659371Z Deleting the contents of '/home/runner/work/scratchattach/scratchattach'
2025-09-19T01:40:48.6662962Z ##[group]Initializing the repository
2025-09-19T01:40:48.6667146Z [command]/usr/bin/git init /home/runner/work/scratchattach/scratchattach
2025-09-19T01:40:48.6736833Z hint: Using 'master' as the name for the initial branch. This default branch name
2025-09-19T01:40:48.6738803Z hint: is subject to change. To configure the initial branch name to use in all
2025-09-19T01:40:48.6740585Z hint: of your new repositories, which will suppress this warning, call:
2025-09-19T01:40:48.6741438Z hint:
2025-09-19T01:40:48.6742256Z hint: 	git config --global init.defaultBranch <name>
2025-09-19T01:40:48.6742964Z hint:
2025-09-19T01:40:48.6743814Z hint: Names commonly chosen instead of 'master' are 'main', 'trunk' and
2025-09-19T01:40:48.6745762Z hint: 'development'. The just-created branch can be renamed via this command:
2025-09-19T01:40:48.6746833Z hint:
2025-09-19T01:40:48.6747232Z hint: 	git branch -m <name>
2025-09-19T01:40:48.6747717Z hint:
2025-09-19T01:40:48.6748895Z hint: Disable this message with "git config set advice.defaultBranchName false"
2025-09-19T01:40:48.6750860Z Initialized empty Git repository in /home/runner/work/scratchattach/scratchattach/.git/
2025-09-19T01:40:48.6753417Z [command]/usr/bin/git remote add origin https://github.com/Boss-1s/scratchattach
2025-09-19T01:40:48.6784851Z ##[endgroup]
2025-09-19T01:40:48.6785637Z ##[group]Disabling automatic garbage collection
2025-09-19T01:40:48.6788409Z [command]/usr/bin/git config --local gc.auto 0
2025-09-19T01:40:48.6814418Z ##[endgroup]
2025-09-19T01:40:48.6815140Z ##[group]Setting up auth
2025-09-19T01:40:48.6820660Z [command]/usr/bin/git config --local --name-only --get-regexp core\.sshCommand
2025-09-19T01:40:48.6852146Z [command]/usr/bin/git submodule foreach --recursive sh -c "git config --local --name-only --get-regexp 'core\.sshCommand' && git config --local --unset-all 'core.sshCommand' || :"
2025-09-19T01:40:48.7126799Z [command]/usr/bin/git config --local --name-only --get-regexp http\.https\:\/\/github\.com\/\.extraheader
2025-09-19T01:40:48.7156956Z [command]/usr/bin/git submodule foreach --recursive sh -c "git config --local --name-only --get-regexp 'http\.https\:\/\/github\.com\/\.extraheader' && git config --local --unset-all 'http.https://github.com/.extraheader' || :"
2025-09-19T01:40:48.7373044Z [command]/usr/bin/git config --local http.https://github.com/.extraheader AUTHORIZATION: basic ***
2025-09-19T01:40:48.7406712Z ##[endgroup]
2025-09-19T01:40:48.7407500Z ##[group]Fetching the repository
2025-09-19T01:40:48.7415696Z [command]/usr/bin/git -c protocol.version=2 fetch --no-tags --prune --no-recurse-submodules --depth=1 origin +refs/heads/main:refs/remotes/origin/main
2025-09-19T01:40:49.1959665Z From https://github.com/Boss-1s/scratchattach
2025-09-19T01:40:49.1961417Z  * [new branch]      main       -> origin/main
2025-09-19T01:40:49.1990851Z ##[endgroup]
2025-09-19T01:40:49.1992201Z ##[group]Determining the checkout info
2025-09-19T01:40:49.1993864Z ##[endgroup]
2025-09-19T01:40:49.1999769Z [command]/usr/bin/git sparse-checkout disable
2025-09-19T01:40:49.2043534Z [command]/usr/bin/git config --local --unset-all extensions.worktreeConfig
2025-09-19T01:40:49.2070736Z ##[group]Checking out the ref
2025-09-19T01:40:49.2075079Z [command]/usr/bin/git checkout --progress --force -B main refs/remotes/origin/main
2025-09-19T01:40:49.3156438Z Switched to a new branch 'main'
2025-09-19T01:40:49.3158072Z branch 'main' set up to track 'origin/main'.
2025-09-19T01:40:49.3175782Z ##[endgroup]
2025-09-19T01:40:49.3214778Z [command]/usr/bin/git log -1 --format=%H
2025-09-19T01:40:49.3237739Z 53ff8476161ebb969c23468d8dbb49c4eb04a416
2025-09-19T01:40:49.3520065Z ##[group]Run actions/setup-python@v5
2025-09-19T01:40:49.3521187Z with:
2025-09-19T01:40:49.3522134Z   check-latest: false
2025-09-19T01:40:49.3523275Z   token: ***
2025-09-19T01:40:49.3524117Z   update-environment: true
2025-09-19T01:40:49.3525120Z   allow-prereleases: false
2025-09-19T01:40:49.3526066Z   freethreaded: false
2025-09-19T01:40:49.3526904Z env:
2025-09-19T01:40:49.3527637Z   SKIP_CACHE: 
2025-09-19T01:40:49.3528438Z ##[endgroup]
2025-09-19T01:40:49.5279096Z [warning]Neither 'python-version' nor 'python-version-file' inputs were supplied. Attempting to find '.python-version' file.
2025-09-19T01:40:49.5282687Z [warning].python-version doesn't exist.
2025-09-19T01:40:49.5304274Z ##[warning]The `python-version` input is not set.  The version of Python currently in `PATH` will be used.
2025-09-19T01:40:49.5437635Z ##[group]Run version=$(python --version)
2025-09-19T01:40:49.5438857Z [36;1mversion=$(python --version)[0m
2025-09-19T01:40:49.5440042Z [36;1mecho "::notice::Using python version: $version"[0m
2025-09-19T01:40:49.5441259Z [36;1mpip_version=$(pip --version)[0m
2025-09-19T01:40:49.5442727Z [36;1mecho "::notice::Using pip version: $pip_version"[0m
2025-09-19T01:40:49.5443952Z [36;1mpip install pip-tools[0m
2025-09-19T01:40:49.5445059Z [36;1mpip_compile_version=$(pip-compile --version)[0m
2025-09-19T01:40:49.5446558Z [36;1mecho "::notice::Using pip-compile version: $pip_compile_version"[0m
2025-09-19T01:40:49.5506225Z shell: /usr/bin/bash --noprofile --norc -e -o pipefail {0}
2025-09-19T01:40:49.5507447Z env:
2025-09-19T01:40:49.5508130Z   SKIP_CACHE: 
2025-09-19T01:40:49.5508863Z ##[endgroup]
2025-09-19T01:40:49.5608823Z ##[notice]Using python version: Python 3.12.3
2025-09-19T01:40:50.3269370Z ##[notice]Using pip version: pip 24.0 from /usr/lib/python3/dist-packages/pip (python 3.12)
2025-09-19T01:40:50.7304079Z Defaulting to user installation because normal site-packages is not writeable
2025-09-19T01:40:51.4444730Z Collecting pip-tools
2025-09-19T01:40:51.5013095Z   Downloading pip_tools-7.5.0-py3-none-any.whl.metadata (26 kB)
2025-09-19T01:40:51.5450532Z Collecting build>=1.0.0 (from pip-tools)
2025-09-19T01:40:51.5528785Z   Downloading build-1.3.0-py3-none-any.whl.metadata (5.6 kB)
2025-09-19T01:40:51.5578898Z Requirement already satisfied: click>=8 in /usr/lib/python3/dist-packages (from pip-tools) (8.1.6)
2025-09-19T01:40:51.5587502Z Requirement already satisfied: pip>=22.2 in /usr/lib/python3/dist-packages (from pip-tools) (24.0)
2025-09-19T01:40:51.5843805Z Collecting pyproject_hooks (from pip-tools)
2025-09-19T01:40:51.5916944Z   Downloading pyproject_hooks-1.2.0-py3-none-any.whl.metadata (1.3 kB)
2025-09-19T01:40:51.5955663Z Requirement already satisfied: setuptools in /usr/lib/python3/dist-packages (from pip-tools) (68.1.2)
2025-09-19T01:40:51.5962323Z Requirement already satisfied: wheel in /usr/lib/python3/dist-packages (from pip-tools) (0.42.0)
2025-09-19T01:40:51.6047291Z Requirement already satisfied: packaging>=19.1 in /usr/lib/python3/dist-packages (from build>=1.0.0->pip-tools) (24.0)
2025-09-19T01:40:51.6202499Z Downloading pip_tools-7.5.0-py3-none-any.whl (65 kB)
2025-09-19T01:40:51.6282630Z    ━━━━━━━━━━━━━━━━━━━━━━━━━━━━━━━━━━━━━━━━ 65.1/65.1 kB 9.5 MB/s eta 0:00:00
2025-09-19T01:40:51.6394480Z Downloading build-1.3.0-py3-none-any.whl (23 kB)
2025-09-19T01:40:51.6516718Z Downloading pyproject_hooks-1.2.0-py3-none-any.whl (10 kB)
2025-09-19T01:40:51.9201486Z Installing collected packages: pyproject_hooks, build, pip-tools
2025-09-19T01:40:51.9879235Z Successfully installed build-1.3.0 pip-tools-7.5.0 pyproject_hooks-1.2.0
2025-09-19T01:40:52.4446547Z ##[notice]Using pip-compile version: pip-compile, version 7.5.0
2025-09-19T01:40:52.4566285Z ##[group]Run if [[ -n "" ]]; then
2025-09-19T01:40:52.4566609Z [36;1mif [[ -n "" ]]; then[0m
2025-09-19T01:40:52.4566953Z [36;1m  echo "Python cache disabled via 'GH_DEPENDENCY_SUBMISSION_SKIP_CACHE'"[0m
2025-09-19T01:40:52.4567302Z [36;1melse[0m
2025-09-19T01:40:52.4567696Z [36;1m  echo "Caching Python packages. Set 'GH_DEPENDENCY_SUBMISSION_SKIP_CACHE=true' to skip caching in future."[0m
2025-09-19T01:40:52.4568135Z [36;1mfi[0m
2025-09-19T01:40:52.4598099Z shell: /usr/bin/bash -e {0}
2025-09-19T01:40:52.4598333Z env:
2025-09-19T01:40:52.4598519Z   SKIP_CACHE: 
2025-09-19T01:40:52.4598695Z ##[endgroup]
2025-09-19T01:40:52.4649424Z Caching Python packages. Set 'GH_DEPENDENCY_SUBMISSION_SKIP_CACHE=true' to skip caching in future.
2025-09-19T01:40:52.5650904Z ##[group]Run actions/cache@0400d5f644dc74513175e3cd8d07132dd4860809
2025-09-19T01:40:52.5651316Z with:
2025-09-19T01:40:52.5651740Z   path: ~/.cache/pip
2025-09-19T01:40:52.5652238Z   key: Linux-pip-python-5a00fefc972129031f421abe69b90f4bbdcde70f32fc624502f11f9b2a1e2c79
2025-09-19T01:40:52.5652677Z   restore-keys: Linux-python-

2025-09-19T01:40:52.5652910Z   enableCrossOsArchive: false
2025-09-19T01:40:52.5653135Z   fail-on-cache-miss: false
2025-09-19T01:40:52.5653345Z   lookup-only: false
2025-09-19T01:40:52.5653528Z   save-always: false
2025-09-19T01:40:52.5653707Z env:
2025-09-19T01:40:52.5653860Z   SKIP_CACHE: 
2025-09-19T01:40:52.5654032Z ##[endgroup]
2025-09-19T01:40:52.7992480Z Cache hit for: Linux-pip-python-5a00fefc972129031f421abe69b90f4bbdcde70f32fc624502f11f9b2a1e2c79
2025-09-19T01:40:52.9416461Z Received 1473765 of 1473765 (100.0%), 17.8 MBs/sec
2025-09-19T01:40:52.9417164Z Cache Size: ~1 MB (1473765 B)
2025-09-19T01:40:52.9455066Z [command]/usr/bin/tar -xf /home/runner/work/_temp/8a3fd398-8c64-4c99-b2ec-f8ba714a2355/cache.tzst -P -C /home/runner/work/scratchattach/scratchattach --use-compress-program unzstd
2025-09-19T01:40:52.9614538Z Cache restored successfully
2025-09-19T01:40:52.9699211Z Cache restored from key: Linux-pip-python-5a00fefc972129031f421abe69b90f4bbdcde70f32fc624502f11f9b2a1e2c79
2025-09-19T01:40:52.9779214Z ##[group]Run if pip-compile --dry-run -o requirements.out requirements.txt; then
2025-09-19T01:40:52.9779777Z [36;1mif pip-compile --dry-run -o requirements.out requirements.txt; then[0m
2025-09-19T01:40:52.9780190Z [36;1m  echo "::debug::Python validate no broken dependencies"[0m
2025-09-19T01:40:52.9780550Z [36;1m  echo "{valid-project}={true}" >> "$GITHUB_OUTPUT"[0m
2025-09-19T01:40:52.9780832Z [36;1melse[0m
2025-09-19T01:40:52.9781071Z [36;1m  echo "{valid-project}={false}" >> "$GITHUB_OUTPUT"[0m
2025-09-19T01:40:52.9781882Z [36;1m  echo "### :warning: Python validation failed in repository root" >> $GITHUB_STEP_SUMMARY[0m
2025-09-19T01:40:52.9782743Z [36;1m  echo "We were unable to validate a Python project in the repository root. If your repository requires additional setup steps, you may need to check in your own workflow." >> $GITHUB_STEP_SUMMARY[0m
2025-09-19T01:40:52.9783459Z [36;1m  echo "" >> $GITHUB_STEP_SUMMARY[0m
2025-09-19T01:40:52.9784356Z [36;1m  echo "For more information on submitting Python dependencies from your own workflow, refer to [the submission action](https://github.com/actions/component-detection-dependency-submission-action)" >> $GITHUB_STEP_SUMMARY[0m
2025-09-19T01:40:52.9785270Z [36;1m  echo "::warning::Python validation failed in the repository root."[0m
2025-09-19T01:40:52.9785592Z [36;1m  exit 1[0m
2025-09-19T01:40:52.9785767Z [36;1mfi[0m
2025-09-19T01:40:52.9815327Z shell: /usr/bin/bash -e {0}
2025-09-19T01:40:52.9815558Z env:
2025-09-19T01:40:52.9815727Z   SKIP_CACHE: 
2025-09-19T01:40:52.9815907Z ##[endgroup]
2025-09-19T01:40:54.5065316Z WARNING: --strip-extras is becoming the default in version 8.0.0. To silence this warning, either use --strip-extras to opt into the new default or use --no-strip-extras to retain the existing behavior.
2025-09-19T01:40:54.5066566Z #
2025-09-19T01:40:54.5066958Z # This file is autogenerated by pip-compile with Python 3.12
2025-09-19T01:40:54.5067511Z # by the following command:
2025-09-19T01:40:54.5067875Z #
2025-09-19T01:40:54.5068279Z #    pip-compile --output-file=requirements.out requirements.txt
2025-09-19T01:40:54.5068794Z #
2025-09-19T01:40:54.5069076Z beautifulsoup4==4.13.5
2025-09-19T01:40:54.5069401Z     # via bs4
2025-09-19T01:40:54.5069688Z bs4==0.0.2
2025-09-19T01:40:54.5069969Z     # via scratchattach
2025-09-19T01:40:54.5070284Z certifi==2025.8.3
2025-09-19T01:40:54.5070577Z     # via requests
2025-09-19T01:40:54.5070909Z charset-normalizer==3.4.3
2025-09-19T01:40:54.5071280Z     # via requests
2025-09-19T01:40:54.5071797Z idna==3.10
2025-09-19T01:40:54.5072110Z     # via requests
2025-09-19T01:40:54.5072460Z requests==2.32.5
2025-09-19T01:40:54.5072790Z     # via scratchattach
2025-09-19T01:40:54.5073494Z scratchattach==2.1.13
2025-09-19T01:40:54.5073909Z     # via -r requirements.txt
2025-09-19T01:40:54.5074375Z simplewebsocketserver==0.1.2
2025-09-19T01:40:54.5074823Z     # via scratchattach
2025-09-19T01:40:54.5075228Z soupsieve==2.8
2025-09-19T01:40:54.5075601Z     # via beautifulsoup4
2025-09-19T01:40:54.5076017Z typing-extensions==4.15.0
2025-09-19T01:40:54.5076410Z     # via
2025-09-19T01:40:54.5076736Z     #   beautifulsoup4
2025-09-19T01:40:54.5077118Z     #   scratchattach
2025-09-19T01:40:54.5077528Z urllib3==2.5.0
2025-09-19T01:40:54.5077882Z     # via requests
2025-09-19T01:40:54.5078264Z websocket-client==1.8.0
2025-09-19T01:40:54.5078694Z     # via scratchattach
2025-09-19T01:40:54.5079126Z Dry-run, so nothing updated.
2025-09-19T01:40:54.5890888Z ##[group]Run actions/component-detection-dependency-submission-action@374343effede691df3a5ffaf36b4e7acab919590
2025-09-19T01:40:54.5891417Z with:
2025-09-19T01:40:54.5891817Z   detectorsCategories: Python
2025-09-19T01:40:54.5892084Z   detectorsFilter: PipReport
2025-09-19T01:40:54.5892350Z   snapshot-sha: 53ff8476161ebb969c23468d8dbb49c4eb04a416
2025-09-19T01:40:54.5892645Z   snapshot-ref: refs/heads/main
2025-09-19T01:40:54.5892905Z   detector-name: Automatic Dependency Submission
2025-09-19T01:40:54.5893186Z   detector-version: fabfa7102caf
2025-09-19T01:40:54.5893603Z   detector-url: https://github.com/actions/component-detection-dependency-submission-action
2025-09-19T01:40:54.5894150Z   token: ***
2025-09-19T01:40:54.5894327Z   filePath: .
2025-09-19T01:40:54.5894494Z env:
2025-09-19T01:40:54.5894656Z   SKIP_CACHE: 
2025-09-19T01:40:54.5894833Z ##[endgroup]
2025-09-19T01:40:55.5601325Z Running component-detection
2025-09-19T01:40:55.5651938Z [command]/home/runner/work/scratchattach/scratchattach/component-detection scan --SourceDirectory . --ManifestFile ./output.json --DetectorsFilter PipReport --DetectorCategories Python
2025-09-19T01:40:55.8929310Z [01:40:55 INF] Finding components...
2025-09-19T01:40:56.5390584Z [01:40:56 INF] Starting enumeration of /home/runner/work/scratchattach/scratchattach
2025-09-19T01:40:56.5568342Z [01:40:56 INF] Enumerated 20 files and 0 directories in 00:00:00.0180022
2025-09-19T01:40:56.5842695Z [01:40:56 INF] PipReport: Generating pip installation report for /home/runner/work/scratchattach/scratchattach/requirements.txt
2025-09-19T01:40:58.1638333Z [01:40:58 INF] PipReport: Pip installation report for /home/runner/work/scratchattach/scratchattach/requirements.txt completed in 1.578 seconds with 12 detected packages.
2025-09-19T01:40:58.2918845Z                                [38;5;7mDetection Summary[0m                                
2025-09-19T01:40:58.2919898Z ┌───────────────────┬───────────────────┬───────────────────┬──────────────────┐
2025-09-19T01:40:58.2921059Z │ [1mComponent [0m        │ [1mDetection Time[0m    │ [1m# Components [0m     │ [1m# Explicitly [0m    │
2025-09-19T01:40:58.2922638Z │ [1mDetector Id[0m       │                   │ [1mFound[0m             │ [1mReferenced[0m       │
2025-09-19T01:40:58.2923301Z ├───────────────────┼───────────────────┼───────────────────┼──────────────────┤
2025-09-19T01:40:58.2923791Z │ [38;5;14mPipReport[0m         │ 2.3 seconds       │ 12                │ 1                │
2025-09-19T01:40:58.2924295Z │ ───────────────── │ ───────────────── │ ───────────────── │ ──────────────── │
2025-09-19T01:40:58.2924742Z │ [1;4mTotal[0m             │ 2.3 seconds       │ 12                │ 1                │
2025-09-19T01:40:58.2925215Z └───────────────────┴───────────────────┴───────────────────┴──────────────────┘
2025-09-19T01:40:58.2952291Z [01:40:58 INF] 
2025-09-19T01:40:58.2955836Z [01:40:58 INF] 
2025-09-19T01:40:58.2966048Z [01:40:58 INF] Detection time: 2.3125586 seconds.
2025-09-19T01:40:58.3298787Z [01:40:58 INF] Scan Manifest file: /home/runner/work/scratchattach/scratchattach/output.json
2025-09-19T01:40:58.3870058Z Getting manifests from results
2025-09-19T01:40:58.3921747Z ##[notice]Submitting snapshot...
2025-09-19T01:40:58.3949377Z ##[notice]{
    "manifests": {
        "requirements.txt": {
            "resolved": {
                "pkg:pypi/requests@2.32.5": {
                    "package_url": "pkg:pypi/requests@2.32.5",
                    "relationship": "indirect",
                    "scope": "runtime",
                    "dependencies": []
                },
                "pkg:pypi/certifi@2025.8.3": {
                    "package_url": "pkg:pypi/certifi@2025.8.3",
                    "relationship": "indirect",
                    "scope": "runtime",
                    "dependencies": []
                },
                "pkg:pypi/urllib3@2.5.0": {
                    "package_url": "pkg:pypi/urllib3@2.5.0",
                    "relationship": "indirect",
                    "scope": "runtime",
                    "dependencies": []
                },
                "pkg:pypi/typing-extensions@4.15.0": {
                    "package_url": "pkg:pypi/typing-extensions@4.15.0",
                    "relationship": "indirect",
                    "scope": "runtime",
                    "dependencies": []
                },
                "pkg:pypi/beautifulsoup4@4.13.5": {
                    "package_url": "pkg:pypi/beautifulsoup4@4.13.5",
                    "relationship": "indirect",
                    "scope": "runtime",
                    "dependencies": []
                },
                "pkg:pypi/bs4@0.0.2": {
                    "package_url": "pkg:pypi/bs4@0.0.2",
                    "relationship": "indirect",
                    "scope": "runtime",
                    "dependencies": []
                },
                "pkg:pypi/websocket-client@1.8.0": {
                    "package_url": "pkg:pypi/websocket-client@1.8.0",
                    "relationship": "indirect",
                    "scope": "runtime",
                    "dependencies": []
                },
                "pkg:pypi/soupsieve@2.8": {
                    "package_url": "pkg:pypi/soupsieve@2.8",
                    "relationship": "indirect",
                    "scope": "runtime",
                    "dependencies": []
                },
                "pkg:pypi/simplewebsocketserver@0.1.2": {
                    "package_url": "pkg:pypi/simplewebsocketserver@0.1.2",
                    "relationship": "indirect",
                    "scope": "runtime",
                    "dependencies": []
                },
                "pkg:pypi/scratchattach@2.1.13": {
                    "package_url": "pkg:pypi/scratchattach@2.1.13",
                    "relationship": "direct",
                    "scope": "runtime",
                    "dependencies": [
                        "pkg:pypi/requests@2.32.5",
                        "pkg:pypi/certifi@2025.8.3",
                        "pkg:pypi/urllib3@2.5.0",
                        "pkg:pypi/typing-extensions@4.15.0",
                        "pkg:pypi/beautifulsoup4@4.13.5",
                        "pkg:pypi/bs4@0.0.2",
                        "pkg:pypi/websocket-client@1.8.0",
                        "pkg:pypi/soupsieve@2.8",
                        "pkg:pypi/simplewebsocketserver@0.1.2",
                        "pkg:pypi/idna@3.10",
                        "pkg:pypi/charset-normalizer@3.4.3"
                    ]
                },
                "pkg:pypi/idna@3.10": {
                    "package_url": "pkg:pypi/idna@3.10",
                    "relationship": "indirect",
                    "scope": "runtime",
                    "dependencies": []
                },
                "pkg:pypi/charset-normalizer@3.4.3": {
                    "package_url": "pkg:pypi/charset-normalizer@3.4.3",
                    "relationship": "indirect",
                    "scope": "runtime",
                    "dependencies": []
                }
            },
            "name": "requirements.txt",
            "file": {
                "source_location": "requirements.txt"
            }
        }
    },
    "version": 0,
    "job": {
        "correlator": "submit-pypi",
        "id": "17845979250"
    },
    "sha": 
2025-09-19T01:40:58.6516698Z ##[notice]Snapshot successfully created at 2025-09-19T01:40:58.551Z
2025-09-19T01:40:58.8353047Z Post job cleanup.
2025-09-19T01:40:58.9630647Z Cache hit occurred on the primary key Linux-pip-python-5a00fefc972129031f421abe69b90f4bbdcde70f32fc624502f11f9b2a1e2c79, not saving cache.
2025-09-19T01:40:58.9727222Z Post job cleanup.
2025-09-19T01:40:59.1380615Z Post job cleanup.
2025-09-19T01:40:59.2160701Z [command]/usr/bin/git version
2025-09-19T01:40:59.2196420Z git version 2.51.0
2025-09-19T01:40:59.2233780Z Temporarily overriding HOME='/home/runner/work/_temp/30e8fbf1-d362-47f2-a3b9-a1f8428b586d' before making global git config changes
2025-09-19T01:40:59.2234746Z Adding repository directory to the temporary git global config as a safe directory
2025-09-19T01:40:59.2239271Z [command]/usr/bin/git config --global --add safe.directory /home/runner/work/scratchattach/scratchattach
2025-09-19T01:40:59.2274756Z [command]/usr/bin/git config --local --name-only --get-regexp core\.sshCommand
2025-09-19T01:40:59.2309027Z [command]/usr/bin/git submodule foreach --recursive sh -c "git config --local --name-only --get-regexp 'core\.sshCommand' && git config --local --unset-all 'core.sshCommand' || :"
2025-09-19T01:40:59.2532952Z [command]/usr/bin/git config --local --name-only --get-regexp http\.https\:\/\/github\.com\/\.extraheader
2025-09-19T01:40:59.2554800Z http.https://github.com/.extraheader
2025-09-19T01:40:59.2564804Z [command]/usr/bin/git config --local --unset-all http.https://github.com/.extraheader
2025-09-19T01:40:59.2594555Z [command]/usr/bin/git submodule foreach --recursive sh -c "git config --local --name-only --get-regexp 'http\.https\:\/\/github\.com\/\.extraheader' && git config --local --unset-all 'http.https://github.com/.extraheader' || :"
2025-09-19T01:40:59.2920389Z Cleaning up orphan processes
