2025-11-17T18:51:45.4482801Z Current runner version: '2.329.0'
2025-11-17T18:51:45.4517729Z ##[group]Runner Image Provisioner
2025-11-17T18:51:45.4519186Z Hosted Compute Agent
2025-11-17T18:51:45.4520141Z Version: 20251016.436
2025-11-17T18:51:45.4521289Z Commit: 8ab8ac8bfd662a3739dab9fe09456aba92132568
2025-11-17T18:51:45.4522559Z Build Date: 2025-10-15T20:44:12Z
2025-11-17T18:51:45.4523680Z ##[endgroup]
2025-11-17T18:51:45.4524472Z ##[group]Operating System
2025-11-17T18:51:45.4525395Z Ubuntu
2025-11-17T18:51:45.4526112Z 24.04.3
2025-11-17T18:51:45.4526753Z LTS
2025-11-17T18:51:45.4527778Z ##[endgroup]
2025-11-17T18:51:45.4528615Z ##[group]Runner Image
2025-11-17T18:51:45.4529587Z Image: ubuntu-24.04
2025-11-17T18:51:45.4530456Z Version: 20251112.124.1
2025-11-17T18:51:45.4532139Z Included Software: https://github.com/actions/runner-images/blob/ubuntu24/20251112.124/images/ubuntu/Ubuntu2404-Readme.md
2025-11-17T18:51:45.4534787Z Image Release: https://github.com/actions/runner-images/releases/tag/ubuntu24%2F20251112.124
2025-11-17T18:51:45.4536710Z ##[endgroup]
2025-11-17T18:51:45.4541402Z ##[group]GITHUB_TOKEN Permissions
2025-11-17T18:51:45.4545014Z Actions: write
2025-11-17T18:51:45.4545832Z ArtifactMetadata: write
2025-11-17T18:51:45.4546864Z Attestations: write
2025-11-17T18:51:45.4547803Z Checks: write
2025-11-17T18:51:45.4548543Z Contents: write
2025-11-17T18:51:45.4549407Z Deployments: write
2025-11-17T18:51:45.4550247Z Discussions: write
2025-11-17T18:51:45.4551031Z Issues: write
2025-11-17T18:51:45.4551844Z Metadata: read
2025-11-17T18:51:45.4552618Z Models: read
2025-11-17T18:51:45.4553576Z Packages: write
2025-11-17T18:51:45.4554420Z Pages: write
2025-11-17T18:51:45.4555229Z PullRequests: write
2025-11-17T18:51:45.4556221Z RepositoryProjects: write
2025-11-17T18:51:45.4557663Z SecurityEvents: write
2025-11-17T18:51:45.4558501Z Statuses: write
2025-11-17T18:51:45.4559303Z ##[endgroup]
2025-11-17T18:51:45.4563019Z Secret source: Actions
2025-11-17T18:51:45.4565012Z Prepare workflow directory
2025-11-17T18:51:45.5191428Z Prepare all required actions
2025-11-17T18:51:45.5303826Z Getting action download info
2025-11-17T18:51:45.8899024Z Download action repository 'actions/checkout@v5.0.0' (SHA:08c6903cd8c0fde910a37f88322edcfb5dd907a8)
2025-11-17T18:51:46.0012262Z Download action repository 'actions/setup-python@v6.0.0' (SHA:e797f83bcb11b83ae66e0230d6156d7c80228e7c)
2025-11-17T18:51:46.0884299Z Download action repository 'bossOfCode/install-scratchattach@v1.0.3' (SHA:be17a7cf1ecb5a7040eb42ef26c2e1fbe72bb25a)
2025-11-17T18:51:46.5185229Z Complete job name: Run 1
2025-11-17T18:51:46.5930113Z ##[group]Run actions/checkout@v5.0.0
2025-11-17T18:51:46.5931074Z with:
2025-11-17T18:51:46.5931496Z   ref: main
2025-11-17T18:51:46.5931931Z   repository: Boss-1s/scratchattach
2025-11-17T18:51:46.5932629Z   token: ***
2025-11-17T18:51:46.5933247Z   ssh-strict: true
2025-11-17T18:51:46.5933684Z   ssh-user: git
2025-11-17T18:51:46.5934110Z   persist-credentials: true
2025-11-17T18:51:46.5934608Z   clean: true
2025-11-17T18:51:46.5935039Z   sparse-checkout-cone-mode: true
2025-11-17T18:51:46.5935615Z   fetch-depth: 1
2025-11-17T18:51:46.5936075Z   fetch-tags: false
2025-11-17T18:51:46.5936526Z   show-progress: true
2025-11-17T18:51:46.5936985Z   lfs: false
2025-11-17T18:51:46.5937398Z   submodules: false
2025-11-17T18:51:46.5937850Z   set-safe-directory: true
2025-11-17T18:51:46.5938616Z ##[endgroup]
2025-11-17T18:51:46.6870489Z Syncing repository: Boss-1s/scratchattach
2025-11-17T18:51:46.6872728Z ##[group]Getting Git version info
2025-11-17T18:51:46.6873799Z Working directory is '/home/runner/work/scratchattach/scratchattach'
2025-11-17T18:51:46.6874937Z [command]/usr/bin/git version
2025-11-17T18:51:46.6944151Z git version 2.51.2
2025-11-17T18:51:46.6996826Z ##[endgroup]
2025-11-17T18:51:46.7011120Z Temporarily overriding HOME='/home/runner/work/_temp/44877ddd-a728-4beb-91a1-3b26fe4eb54e' before making global git config changes
2025-11-17T18:51:46.7012559Z Adding repository directory to the temporary git global config as a safe directory
2025-11-17T18:51:46.7016613Z [command]/usr/bin/git config --global --add safe.directory /home/runner/work/scratchattach/scratchattach
2025-11-17T18:51:46.7060530Z Deleting the contents of '/home/runner/work/scratchattach/scratchattach'
2025-11-17T18:51:46.7063998Z ##[group]Initializing the repository
2025-11-17T18:51:46.7068835Z [command]/usr/bin/git init /home/runner/work/scratchattach/scratchattach
2025-11-17T18:51:46.7179623Z hint: Using 'master' as the name for the initial branch. This default branch name
2025-11-17T18:51:46.7180921Z hint: is subject to change. To configure the initial branch name to use in all
2025-11-17T18:51:46.7182136Z hint: of your new repositories, which will suppress this warning, call:
2025-11-17T18:51:46.7183106Z hint:
2025-11-17T18:51:46.7183684Z hint: 	git config --global init.defaultBranch <name>
2025-11-17T18:51:46.7184439Z hint:
2025-11-17T18:51:46.7185544Z hint: Names commonly chosen instead of 'master' are 'main', 'trunk' and
2025-11-17T18:51:46.7186887Z hint: 'development'. The just-created branch can be renamed via this command:
2025-11-17T18:51:46.7188237Z hint:
2025-11-17T18:51:46.7188730Z hint: 	git branch -m <name>
2025-11-17T18:51:46.7189247Z hint:
2025-11-17T18:51:46.7189943Z hint: Disable this message with "git config set advice.defaultBranchName false"
2025-11-17T18:51:46.7191338Z Initialized empty Git repository in /home/runner/work/scratchattach/scratchattach/.git/
2025-11-17T18:51:46.7196076Z [command]/usr/bin/git remote add origin https://github.com/Boss-1s/scratchattach
2025-11-17T18:51:46.7228948Z ##[endgroup]
2025-11-17T18:51:46.7229793Z ##[group]Disabling automatic garbage collection
2025-11-17T18:51:46.7232376Z [command]/usr/bin/git config --local gc.auto 0
2025-11-17T18:51:46.7260339Z ##[endgroup]
2025-11-17T18:51:46.7261765Z ##[group]Setting up auth
2025-11-17T18:51:46.7267639Z [command]/usr/bin/git config --local --name-only --get-regexp core\.sshCommand
2025-11-17T18:51:46.7300151Z [command]/usr/bin/git submodule foreach --recursive sh -c "git config --local --name-only --get-regexp 'core\.sshCommand' && git config --local --unset-all 'core.sshCommand' || :"
2025-11-17T18:51:46.7647649Z [command]/usr/bin/git config --local --name-only --get-regexp http\.https\:\/\/github\.com\/\.extraheader
2025-11-17T18:51:46.7680474Z [command]/usr/bin/git submodule foreach --recursive sh -c "git config --local --name-only --get-regexp 'http\.https\:\/\/github\.com\/\.extraheader' && git config --local --unset-all 'http.https://github.com/.extraheader' || :"
2025-11-17T18:51:46.7905147Z [command]/usr/bin/git config --local http.https://github.com/.extraheader AUTHORIZATION: basic ***
2025-11-17T18:51:46.7941358Z ##[endgroup]
2025-11-17T18:51:46.7943065Z ##[group]Fetching the repository
2025-11-17T18:51:46.7952331Z [command]/usr/bin/git -c protocol.version=2 fetch --no-tags --prune --no-recurse-submodules --depth=1 origin +refs/heads/main*:refs/remotes/origin/main* +refs/tags/main*:refs/tags/main*
2025-11-17T18:51:48.3014617Z From https://github.com/Boss-1s/scratchattach
2025-11-17T18:51:48.3017287Z  * [new branch]      main       -> origin/main
2025-11-17T18:51:48.3050290Z ##[endgroup]
2025-11-17T18:51:48.3052272Z ##[group]Determining the checkout info
2025-11-17T18:51:48.3058322Z [command]/usr/bin/git branch --list --remote origin/main
2025-11-17T18:51:48.3082600Z   origin/main
2025-11-17T18:51:48.3090226Z ##[endgroup]
2025-11-17T18:51:48.3095469Z [command]/usr/bin/git sparse-checkout disable
2025-11-17T18:51:48.3137738Z [command]/usr/bin/git config --local --unset-all extensions.worktreeConfig
2025-11-17T18:51:48.3172152Z ##[group]Checking out the ref
2025-11-17T18:51:48.3175247Z [command]/usr/bin/git checkout --progress --force -B main refs/remotes/origin/main
2025-11-17T18:51:48.7458614Z Switched to a new branch 'main'
2025-11-17T18:51:48.7461114Z branch 'main' set up to track 'origin/main'.
2025-11-17T18:51:48.7506231Z ##[endgroup]
2025-11-17T18:51:48.7553595Z [command]/usr/bin/git log -1 --format=%H
2025-11-17T18:51:48.7579957Z ae3ee11391c373f313ba1db02a75831ebd90a4b8
2025-11-17T18:51:48.7821381Z ##[group]Run actions/setup-python@v6.0.0
2025-11-17T18:51:48.7821702Z with:
2025-11-17T18:51:48.7821893Z   python-version: 3.13
2025-11-17T18:51:48.7822107Z   check-latest: false
2025-11-17T18:51:48.7822442Z   token: ***
2025-11-17T18:51:48.7822640Z   update-environment: true
2025-11-17T18:51:48.7823134Z   allow-prereleases: false
2025-11-17T18:51:48.7823363Z   freethreaded: false
2025-11-17T18:51:48.7823567Z ##[endgroup]
2025-11-17T18:51:48.9136190Z ##[group]Installed versions
2025-11-17T18:51:48.9270913Z (node:2056) [DEP0040] DeprecationWarning: The `punycode` module is deprecated. Please use a userland alternative instead.
2025-11-17T18:51:48.9271801Z (Use `node --trace-deprecation ...` to show where the warning was created)
2025-11-17T18:51:48.9273216Z Successfully set up CPython (3.13.9)
2025-11-17T18:51:48.9274087Z ##[endgroup]
2025-11-17T18:51:48.9418168Z ##[group]Run bossOfCode/install-scratchattach@v1.0.3
2025-11-17T18:51:48.9418509Z env:
2025-11-17T18:51:48.9418762Z   pythonLocation: /opt/hostedtoolcache/Python/3.13.9/x64
2025-11-17T18:51:48.9419193Z   PKG_CONFIG_PATH: /opt/hostedtoolcache/Python/3.13.9/x64/lib/pkgconfig
2025-11-17T18:51:48.9419588Z   Python_ROOT_DIR: /opt/hostedtoolcache/Python/3.13.9/x64
2025-11-17T18:51:48.9419928Z   Python2_ROOT_DIR: /opt/hostedtoolcache/Python/3.13.9/x64
2025-11-17T18:51:48.9420278Z   Python3_ROOT_DIR: /opt/hostedtoolcache/Python/3.13.9/x64
2025-11-17T18:51:48.9420635Z   LD_LIBRARY_PATH: /opt/hostedtoolcache/Python/3.13.9/x64/lib
2025-11-17T18:51:48.9420924Z ##[endgroup]
2025-11-17T18:51:48.9499291Z ##[group]Run python3 -m pip install --upgrade pip
2025-11-17T18:51:48.9499755Z [36;1mpython3 -m pip install --upgrade pip[0m
2025-11-17T18:51:48.9593400Z shell: /usr/bin/bash --noprofile --norc -e -o pipefail {0}
2025-11-17T18:51:48.9593761Z env:
2025-11-17T18:51:48.9594075Z   pythonLocation: /opt/hostedtoolcache/Python/3.13.9/x64
2025-11-17T18:51:48.9594511Z   PKG_CONFIG_PATH: /opt/hostedtoolcache/Python/3.13.9/x64/lib/pkgconfig
2025-11-17T18:51:48.9594940Z   Python_ROOT_DIR: /opt/hostedtoolcache/Python/3.13.9/x64
2025-11-17T18:51:48.9595313Z   Python2_ROOT_DIR: /opt/hostedtoolcache/Python/3.13.9/x64
2025-11-17T18:51:48.9595682Z   Python3_ROOT_DIR: /opt/hostedtoolcache/Python/3.13.9/x64
2025-11-17T18:51:48.9596051Z   LD_LIBRARY_PATH: /opt/hostedtoolcache/Python/3.13.9/x64/lib
2025-11-17T18:51:48.9596368Z ##[endgroup]
2025-11-17T18:51:50.9514864Z Requirement already satisfied: pip in /opt/hostedtoolcache/Python/3.13.9/x64/lib/python3.13/site-packages (25.3)
2025-11-17T18:51:51.2184205Z ##[group]Run pip install -U scratchattach
2025-11-17T18:51:51.2184536Z [36;1mpip install -U scratchattach[0m
2025-11-17T18:51:51.2218143Z shell: /usr/bin/bash --noprofile --norc -e -o pipefail {0}
2025-11-17T18:51:51.2218470Z env:
2025-11-17T18:51:51.2218731Z   pythonLocation: /opt/hostedtoolcache/Python/3.13.9/x64
2025-11-17T18:51:51.2219129Z   PKG_CONFIG_PATH: /opt/hostedtoolcache/Python/3.13.9/x64/lib/pkgconfig
2025-11-17T18:51:51.2219509Z   Python_ROOT_DIR: /opt/hostedtoolcache/Python/3.13.9/x64
2025-11-17T18:51:51.2219865Z   Python2_ROOT_DIR: /opt/hostedtoolcache/Python/3.13.9/x64
2025-11-17T18:51:51.2220204Z   Python3_ROOT_DIR: /opt/hostedtoolcache/Python/3.13.9/x64
2025-11-17T18:51:51.2220537Z   LD_LIBRARY_PATH: /opt/hostedtoolcache/Python/3.13.9/x64/lib
2025-11-17T18:51:51.2220831Z ##[endgroup]
2025-11-17T18:51:51.7008403Z Collecting scratchattach
2025-11-17T18:51:51.7595481Z   Downloading scratchattach-2.1.13-py3-none-any.whl.metadata (5.5 kB)
2025-11-17T18:51:51.7814753Z Collecting websocket-client (from scratchattach)
2025-11-17T18:51:51.7849633Z   Downloading websocket_client-1.9.0-py3-none-any.whl.metadata (8.3 kB)
2025-11-17T18:51:51.8149884Z Collecting requests (from scratchattach)
2025-11-17T18:51:51.8188587Z   Downloading requests-2.32.5-py3-none-any.whl.metadata (4.9 kB)
2025-11-17T18:51:51.8311916Z Collecting bs4 (from scratchattach)
2025-11-17T18:51:51.8344880Z   Downloading bs4-0.0.2-py2.py3-none-any.whl.metadata (411 bytes)
2025-11-17T18:51:51.8667876Z Collecting SimpleWebSocketServer (from scratchattach)
2025-11-17T18:51:51.8720608Z   Downloading SimpleWebSocketServer-0.1.2.tar.gz (10 kB)
2025-11-17T18:51:51.8796700Z   Installing build dependencies: started
2025-11-17T18:51:52.7802763Z   Installing build dependencies: finished with status 'done'
2025-11-17T18:51:52.7808664Z   Getting requirements to build wheel: started
2025-11-17T18:51:53.1869208Z   Getting requirements to build wheel: finished with status 'done'
2025-11-17T18:51:53.1878795Z   Preparing metadata (pyproject.toml): started
2025-11-17T18:51:53.3925564Z   Preparing metadata (pyproject.toml): finished with status 'done'
2025-11-17T18:51:53.4088175Z Collecting typing-extensions (from scratchattach)
2025-11-17T18:51:53.4123657Z   Downloading typing_extensions-4.15.0-py3-none-any.whl.metadata (3.3 kB)
2025-11-17T18:51:53.4300500Z Collecting beautifulsoup4 (from bs4->scratchattach)
2025-11-17T18:51:53.4333277Z   Downloading beautifulsoup4-4.14.2-py3-none-any.whl.metadata (3.8 kB)
2025-11-17T18:51:53.4517914Z Collecting soupsieve>1.2 (from beautifulsoup4->bs4->scratchattach)
2025-11-17T18:51:53.4559577Z   Downloading soupsieve-2.8-py3-none-any.whl.metadata (4.6 kB)
2025-11-17T18:51:53.5479916Z Collecting charset_normalizer<4,>=2 (from requests->scratchattach)
2025-11-17T18:51:53.5517911Z   Downloading charset_normalizer-3.4.4-cp313-cp313-manylinux2014_x86_64.manylinux_2_17_x86_64.manylinux_2_28_x86_64.whl.metadata (37 kB)
2025-11-17T18:51:53.5728167Z Collecting idna<4,>=2.5 (from requests->scratchattach)
2025-11-17T18:51:53.5764636Z   Downloading idna-3.11-py3-none-any.whl.metadata (8.4 kB)
2025-11-17T18:51:53.6058271Z Collecting urllib3<3,>=1.21.1 (from requests->scratchattach)
2025-11-17T18:51:53.6105092Z   Downloading urllib3-2.5.0-py3-none-any.whl.metadata (6.5 kB)
2025-11-17T18:51:53.6387200Z Collecting certifi>=2017.4.17 (from requests->scratchattach)
2025-11-17T18:51:53.6429353Z   Downloading certifi-2025.11.12-py3-none-any.whl.metadata (2.5 kB)
2025-11-17T18:51:53.6532592Z Downloading scratchattach-2.1.13-py3-none-any.whl (141 kB)
2025-11-17T18:51:53.6655017Z Downloading bs4-0.0.2-py2.py3-none-any.whl (1.2 kB)
2025-11-17T18:51:53.6708900Z Downloading beautifulsoup4-4.14.2-py3-none-any.whl (106 kB)
2025-11-17T18:51:53.6793750Z Downloading soupsieve-2.8-py3-none-any.whl (36 kB)
2025-11-17T18:51:53.6859572Z Downloading typing_extensions-4.15.0-py3-none-any.whl (44 kB)
2025-11-17T18:51:53.6929865Z Downloading requests-2.32.5-py3-none-any.whl (64 kB)
2025-11-17T18:51:53.7006326Z Downloading charset_normalizer-3.4.4-cp313-cp313-manylinux2014_x86_64.manylinux_2_17_x86_64.manylinux_2_28_x86_64.whl (153 kB)
2025-11-17T18:51:53.7106918Z Downloading idna-3.11-py3-none-any.whl (71 kB)
2025-11-17T18:51:53.7185413Z Downloading urllib3-2.5.0-py3-none-any.whl (129 kB)
2025-11-17T18:51:53.7247033Z Downloading certifi-2025.11.12-py3-none-any.whl (159 kB)
2025-11-17T18:51:53.7310401Z Downloading websocket_client-1.9.0-py3-none-any.whl (82 kB)
2025-11-17T18:51:53.7440311Z Building wheels for collected packages: SimpleWebSocketServer
2025-11-17T18:51:53.7448590Z   Building wheel for SimpleWebSocketServer (pyproject.toml): started
2025-11-17T18:51:53.9689090Z   Building wheel for SimpleWebSocketServer (pyproject.toml): finished with status 'done'
2025-11-17T18:51:53.9696680Z   Created wheel for SimpleWebSocketServer: filename=simplewebsocketserver-0.1.2-py3-none-any.whl size=9715 sha256=91c12dca78ad7a2eeb8b290e54defdd2983859e7295c1eaeef8a1927180e2022
2025-11-17T18:51:53.9698638Z   Stored in directory: /home/runner/.cache/pip/wheels/c4/5b/e8/4f2c15a82edc4923058056f6681373168be02a0c00389a6dcf
2025-11-17T18:51:53.9716812Z Successfully built SimpleWebSocketServer
2025-11-17T18:51:53.9902534Z Installing collected packages: SimpleWebSocketServer, websocket-client, urllib3, typing-extensions, soupsieve, idna, charset_normalizer, certifi, requests, beautifulsoup4, bs4, scratchattach
2025-11-17T18:51:54.5818356Z 
2025-11-17T18:51:54.5841751Z Successfully installed SimpleWebSocketServer-0.1.2 beautifulsoup4-4.14.2 bs4-0.0.2 certifi-2025.11.12 charset_normalizer-3.4.4 idna-3.11 requests-2.32.5 scratchattach-2.1.13 soupsieve-2.8 typing-extensions-4.15.0 urllib3-2.5.0 websocket-client-1.9.0
2025-11-17T18:51:54.6702089Z ##[group]Run actions/checkout@v5.0.0
2025-11-17T18:51:54.6702351Z with:
2025-11-17T18:51:54.6702519Z   ref: main
2025-11-17T18:51:54.6702711Z   repository: Boss-1s/scratchattach
2025-11-17T18:51:54.6703432Z   token: ***
2025-11-17T18:51:54.6703714Z   ssh-strict: true
2025-11-17T18:51:54.6703972Z   ssh-user: git
2025-11-17T18:51:54.6704166Z   persist-credentials: true
2025-11-17T18:51:54.6704384Z   clean: true
2025-11-17T18:51:54.6704574Z   sparse-checkout-cone-mode: true
2025-11-17T18:51:54.6704807Z   fetch-depth: 1
2025-11-17T18:51:54.6704993Z   fetch-tags: false
2025-11-17T18:51:54.6705179Z   show-progress: true
2025-11-17T18:51:54.6705373Z   lfs: false
2025-11-17T18:51:54.6705550Z   submodules: false
2025-11-17T18:51:54.6705740Z   set-safe-directory: true
2025-11-17T18:51:54.6705949Z env:
2025-11-17T18:51:54.6706176Z   pythonLocation: /opt/hostedtoolcache/Python/3.13.9/x64
2025-11-17T18:51:54.6706582Z   PKG_CONFIG_PATH: /opt/hostedtoolcache/Python/3.13.9/x64/lib/pkgconfig
2025-11-17T18:51:54.6706997Z   Python_ROOT_DIR: /opt/hostedtoolcache/Python/3.13.9/x64
2025-11-17T18:51:54.6707338Z   Python2_ROOT_DIR: /opt/hostedtoolcache/Python/3.13.9/x64
2025-11-17T18:51:54.6707671Z   Python3_ROOT_DIR: /opt/hostedtoolcache/Python/3.13.9/x64
2025-11-17T18:51:54.6708011Z   LD_LIBRARY_PATH: /opt/hostedtoolcache/Python/3.13.9/x64/lib
2025-11-17T18:51:54.6708296Z ##[endgroup]
2025-11-17T18:51:54.7492278Z Syncing repository: Boss-1s/scratchattach
2025-11-17T18:51:54.7493674Z ##[group]Getting Git version info
2025-11-17T18:51:54.7494386Z Working directory is '/home/runner/work/scratchattach/scratchattach'
2025-11-17T18:51:54.7530201Z [command]/usr/bin/git version
2025-11-17T18:51:54.7565698Z git version 2.51.2
2025-11-17T18:51:54.7587789Z ##[endgroup]
2025-11-17T18:51:54.7601348Z Temporarily overriding HOME='/home/runner/work/_temp/b642e525-9218-40d9-a23d-aebbb070aa57' before making global git config changes
2025-11-17T18:51:54.7602784Z Adding repository directory to the temporary git global config as a safe directory
2025-11-17T18:51:54.7606486Z [command]/usr/bin/git config --global --add safe.directory /home/runner/work/scratchattach/scratchattach
2025-11-17T18:51:54.7643663Z [command]/usr/bin/git config --local --get remote.origin.url
2025-11-17T18:51:54.7665594Z https://github.com/Boss-1s/scratchattach
2025-11-17T18:51:54.7677995Z ##[group]Removing previously created refs, to avoid conflicts
2025-11-17T18:51:54.7681830Z [command]/usr/bin/git rev-parse --symbolic-full-name --verify --quiet HEAD
2025-11-17T18:51:54.7703417Z refs/heads/main
2025-11-17T18:51:54.7713299Z [command]/usr/bin/git checkout --detach
2025-11-17T18:51:55.1205928Z HEAD is now at ae3ee11 [BOT] Download Logs
2025-11-17T18:51:55.1254485Z [command]/usr/bin/git branch --delete --force main
2025-11-17T18:51:55.1280388Z Deleted branch main (was ae3ee11).
2025-11-17T18:51:55.1316048Z ##[endgroup]
2025-11-17T18:51:55.1320158Z [command]/usr/bin/git submodule status
2025-11-17T18:51:55.1547634Z ##[group]Cleaning the repository
2025-11-17T18:51:55.1552076Z [command]/usr/bin/git clean -ffdx
2025-11-17T18:51:55.1595916Z [command]/usr/bin/git reset --hard HEAD
2025-11-17T18:51:55.1670846Z HEAD is now at ae3ee11 [BOT] Download Logs
2025-11-17T18:51:55.1678324Z ##[endgroup]
2025-11-17T18:51:55.1679561Z ##[group]Disabling automatic garbage collection
2025-11-17T18:51:55.1685033Z [command]/usr/bin/git config --local gc.auto 0
2025-11-17T18:51:55.1711848Z ##[endgroup]
2025-11-17T18:51:55.1712432Z ##[group]Setting up auth
2025-11-17T18:51:55.1719583Z [command]/usr/bin/git config --local --name-only --get-regexp core\.sshCommand
2025-11-17T18:51:55.1749037Z [command]/usr/bin/git submodule foreach --recursive sh -c "git config --local --name-only --get-regexp 'core\.sshCommand' && git config --local --unset-all 'core.sshCommand' || :"
2025-11-17T18:51:55.1982511Z [command]/usr/bin/git config --local --name-only --get-regexp http\.https\:\/\/github\.com\/\.extraheader
2025-11-17T18:51:55.2012094Z http.https://github.com/.extraheader
2025-11-17T18:51:55.2026783Z [command]/usr/bin/git config --local --unset-all http.https://github.com/.extraheader
2025-11-17T18:51:55.2066627Z [command]/usr/bin/git submodule foreach --recursive sh -c "git config --local --name-only --get-regexp 'http\.https\:\/\/github\.com\/\.extraheader' && git config --local --unset-all 'http.https://github.com/.extraheader' || :"
2025-11-17T18:51:55.2328129Z [command]/usr/bin/git config --local http.https://github.com/.extraheader AUTHORIZATION: basic ***
2025-11-17T18:51:55.2369152Z ##[endgroup]
2025-11-17T18:51:55.2369743Z ##[group]Fetching the repository
2025-11-17T18:51:55.2381653Z [command]/usr/bin/git -c protocol.version=2 fetch --no-tags --prune --no-recurse-submodules --depth=1 origin +refs/heads/main*:refs/remotes/origin/main* +refs/tags/main*:refs/tags/main*
2025-11-17T18:51:55.4863593Z ##[endgroup]
2025-11-17T18:51:55.4864342Z ##[group]Determining the checkout info
2025-11-17T18:51:55.4871441Z [command]/usr/bin/git branch --list --remote origin/main
2025-11-17T18:51:55.4898625Z   origin/main
2025-11-17T18:51:55.4903816Z ##[endgroup]
2025-11-17T18:51:55.4908905Z [command]/usr/bin/git sparse-checkout disable
2025-11-17T18:51:55.4958140Z [command]/usr/bin/git config --local --unset-all extensions.worktreeConfig
2025-11-17T18:51:55.4984530Z ##[group]Checking out the ref
2025-11-17T18:51:55.4989098Z [command]/usr/bin/git checkout --progress --force -B main refs/remotes/origin/main
2025-11-17T18:51:55.5052138Z Switched to a new branch 'main'
2025-11-17T18:51:55.5055496Z branch 'main' set up to track 'origin/main'.
2025-11-17T18:51:55.5062402Z ##[endgroup]
2025-11-17T18:51:55.5098271Z [command]/usr/bin/git log -1 --format=%H
2025-11-17T18:51:55.5121896Z ae3ee11391c373f313ba1db02a75831ebd90a4b8
2025-11-17T18:51:55.5238419Z ##[group]Run timeout 359m python3 message_viewer.py || { [[ $? -eq 124 ]] && exit 0; }
2025-11-17T18:51:55.5238982Z [36;1mtimeout 359m python3 message_viewer.py || { [[ $? -eq 124 ]] && exit 0; }[0m
2025-11-17T18:51:55.5273347Z shell: /usr/bin/bash -e {0}
2025-11-17T18:51:55.5273585Z env:
2025-11-17T18:51:55.5273832Z   pythonLocation: /opt/hostedtoolcache/Python/3.13.9/x64
2025-11-17T18:51:55.5274240Z   PKG_CONFIG_PATH: /opt/hostedtoolcache/Python/3.13.9/x64/lib/pkgconfig
2025-11-17T18:51:55.5274648Z   Python_ROOT_DIR: /opt/hostedtoolcache/Python/3.13.9/x64
2025-11-17T18:51:55.5274999Z   Python2_ROOT_DIR: /opt/hostedtoolcache/Python/3.13.9/x64
2025-11-17T18:51:55.5275337Z   Python3_ROOT_DIR: /opt/hostedtoolcache/Python/3.13.9/x64
2025-11-17T18:51:55.5275693Z   LD_LIBRARY_PATH: /opt/hostedtoolcache/Python/3.13.9/x64/lib
2025-11-17T18:51:55.5276148Z   PASS: ***
2025-11-17T18:51:55.5276326Z ##[endgroup]
2025-11-17T18:51:56.5057194Z Traceback (most recent call last):
2025-11-17T18:51:56.5114820Z   File "/home/runner/work/scratchattach/scratchattach/message_viewer.py", line 20, in <module>
2025-11-17T18:51:56.5115527Z     client = cloud.requests()
2025-11-17T18:51:56.5116307Z   File "/opt/hostedtoolcache/Python/3.13.9/x64/lib/python3.13/site-packages/scratchattach/cloud/_base.py", line 101, in requests
2025-11-17T18:51:56.5117254Z     return CloudRequests(self, used_cloud_vars=used_cloud_vars, no_packet_loss=no_packet_loss,
2025-11-17T18:51:56.5117838Z                          respond_order=respond_order, debug=debug)
2025-11-17T18:51:56.5118733Z   File "/opt/hostedtoolcache/Python/3.13.9/x64/lib/python3.13/site-packages/scratchattach/eventhandlers/cloud_requests.py", line 67, in __init__
2025-11-17T18:51:56.5119540Z     super().__init__(cloud)
2025-11-17T18:51:56.5119818Z     ~~~~~~~~~~~~~~~~^^^^^^^
2025-11-17T18:51:56.5120578Z   File "/opt/hostedtoolcache/Python/3.13.9/x64/lib/python3.13/site-packages/scratchattach/eventhandlers/cloud_events.py", line 19, in __init__
2025-11-17T18:51:56.5121429Z     self.source_stream = cloud.create_event_stream()
2025-11-17T18:51:56.5121812Z                          ~~~~~~~~~~~~~~~~~~~~~~~~~^^
2025-11-17T18:51:56.5123181Z   File "/opt/hostedtoolcache/Python/3.13.9/x64/lib/python3.13/site-packages/scratchattach/cloud/_base.py", line 442, in create_event_stream
2025-11-17T18:51:56.5123830Z     self.event_stream = WebSocketEventStream(self)
2025-11-17T18:51:56.5124122Z                         ~~~~~~~~~~~~~~~~~~~~^^^^^^
2025-11-17T18:51:56.5124699Z   File "/opt/hostedtoolcache/Python/3.13.9/x64/lib/python3.13/site-packages/scratchattach/cloud/_base.py", line 125, in __init__
2025-11-17T18:51:56.5125224Z     self.source_cloud.connect()
2025-11-17T18:51:56.5125451Z     ~~~~~~~~~~~~~~~~~~~~~~~~~^^
2025-11-17T18:51:56.5126013Z   File "/opt/hostedtoolcache/Python/3.13.9/x64/lib/python3.13/site-packages/scratchattach/cloud/cloud.py", line 29, in connect
2025-11-17T18:51:56.5126528Z     super().connect()
2025-11-17T18:51:56.5126725Z     ~~~~~~~~~~~~~~~^^
2025-11-17T18:51:56.5127234Z   File "/opt/hostedtoolcache/Python/3.13.9/x64/lib/python3.13/site-packages/scratchattach/cloud/_base.py", line 305, in connect
2025-11-17T18:51:56.5127764Z     self.websocket.connect(
2025-11-17T18:51:56.5127982Z     ~~~~~~~~~~~~~~~~~~~~~~^
2025-11-17T18:51:56.5128190Z         self.cloud_host,
2025-11-17T18:51:56.5128385Z         ^^^^^^^^^^^^^^^^
2025-11-17T18:51:56.5128573Z     ...<4 lines>...
2025-11-17T18:51:56.5128767Z         header=self.header
2025-11-17T18:51:56.5128969Z         ^^^^^^^^^^^^^^^^^^
2025-11-17T18:51:56.5129159Z     )
2025-11-17T18:51:56.5129309Z     ^
2025-11-17T18:51:56.5129744Z   File "/opt/hostedtoolcache/Python/3.13.9/x64/lib/python3.13/site-packages/websocket/_core.py", line 268, in connect
2025-11-17T18:51:56.5130324Z     self.handshake_response = handshake(self.sock, url, *addrs, **options)
2025-11-17T18:51:56.5130680Z                               ~~~~~~~~~^^^^^^^^^^^^^^^^^^^^^^^^^^^^^^^^^^^
2025-11-17T18:51:56.5131508Z   File "/opt/hostedtoolcache/Python/3.13.9/x64/lib/python3.13/site-packages/websocket/_handshake.py", line 66, in handshake
2025-11-17T18:51:56.5132053Z     status, resp = _get_resp_headers(sock)
2025-11-17T18:51:56.5132314Z                    ~~~~~~~~~~~~~~~~~^^^^^^
2025-11-17T18:51:56.5133172Z   File "/opt/hostedtoolcache/Python/3.13.9/x64/lib/python3.13/site-packages/websocket/_handshake.py", line 158, in _get_resp_headers
2025-11-17T18:51:56.5133767Z     raise WebSocketBadStatusException(
2025-11-17T18:51:56.5134017Z     ...<5 lines>...
2025-11-17T18:51:56.5134188Z     )
2025-11-17T18:51:56.5135483Z websocket._exceptions.WebSocketBadStatusException: Handshake status 500 Internal Server Error -+-+- {'date': 'Mon, 17 Nov 2025 18:51:56 GMT', 'content-type': 'text/html', 'content-length': '177', 'connection': 'keep-alive', 'server': 'nginx/1.22.1'} -+-+- b'<html>\r\n<head><title>500 Internal Server Error</title></head>\r\n<body>\r\n<center><h1>500 Internal Server Error</h1></center>\r\n<hr><center>nginx/1.22.1</center>\r\n</body>\r\n</html>\r\n'
2025-11-17T18:51:56.5390409Z ##[error]Process completed with exit code 1.
2025-11-17T18:51:56.5463098Z Post job cleanup.
2025-11-17T18:51:56.6246089Z [command]/usr/bin/git version
2025-11-17T18:51:56.6281677Z git version 2.51.2
2025-11-17T18:51:56.6319114Z Temporarily overriding HOME='/home/runner/work/_temp/3d2ec302-bee5-42f0-b849-69fd04228e30' before making global git config changes
2025-11-17T18:51:56.6320421Z Adding repository directory to the temporary git global config as a safe directory
2025-11-17T18:51:56.6325321Z [command]/usr/bin/git config --global --add safe.directory /home/runner/work/scratchattach/scratchattach
2025-11-17T18:51:56.6360597Z [command]/usr/bin/git config --local --name-only --get-regexp core\.sshCommand
2025-11-17T18:51:56.6417118Z [command]/usr/bin/git submodule foreach --recursive sh -c "git config --local --name-only --get-regexp 'core\.sshCommand' && git config --local --unset-all 'core.sshCommand' || :"
2025-11-17T18:51:56.6652729Z [command]/usr/bin/git config --local --name-only --get-regexp http\.https\:\/\/github\.com\/\.extraheader
2025-11-17T18:51:56.6676959Z http.https://github.com/.extraheader
2025-11-17T18:51:56.6686844Z [command]/usr/bin/git config --local --unset-all http.https://github.com/.extraheader
2025-11-17T18:51:56.6718960Z [command]/usr/bin/git submodule foreach --recursive sh -c "git config --local --name-only --get-regexp 'http\.https\:\/\/github\.com\/\.extraheader' && git config --local --unset-all 'http.https://github.com/.extraheader' || :"
2025-11-17T18:51:56.7065461Z Post job cleanup.
2025-11-17T18:51:56.7855099Z [command]/usr/bin/git version
2025-11-17T18:51:56.7895279Z git version 2.51.2
2025-11-17T18:51:56.7965018Z Temporarily overriding HOME='/home/runner/work/_temp/7f2f6f06-b6e5-4f2a-9083-ee10a6cae63b' before making global git config changes
2025-11-17T18:51:56.7966328Z Adding repository directory to the temporary git global config as a safe directory
2025-11-17T18:51:56.7970977Z [command]/usr/bin/git config --global --add safe.directory /home/runner/work/scratchattach/scratchattach
2025-11-17T18:51:56.8006612Z [command]/usr/bin/git config --local --name-only --get-regexp core\.sshCommand
2025-11-17T18:51:56.8038058Z [command]/usr/bin/git submodule foreach --recursive sh -c "git config --local --name-only --get-regexp 'core\.sshCommand' && git config --local --unset-all 'core.sshCommand' || :"
2025-11-17T18:51:56.8283684Z [command]/usr/bin/git config --local --name-only --get-regexp http\.https\:\/\/github\.com\/\.extraheader
2025-11-17T18:51:56.8327961Z [command]/usr/bin/git submodule foreach --recursive sh -c "git config --local --name-only --get-regexp 'http\.https\:\/\/github\.com\/\.extraheader' && git config --local --unset-all 'http.https://github.com/.extraheader' || :"
2025-11-17T18:51:56.8717359Z Cleaning up orphan processes
