2026-01-05T03:59:07.7807163Z Current runner version: '2.330.0'
2026-01-05T03:59:07.7833837Z ##[group]Runner Image Provisioner
2026-01-05T03:59:07.7835053Z Hosted Compute Agent
2026-01-05T03:59:07.7835855Z Version: 20251211.462
2026-01-05T03:59:07.7836535Z Commit: 6cbad8c2bb55d58165063d031ccabf57e2d2db61
2026-01-05T03:59:07.7837165Z Build Date: 2025-12-11T16:28:49Z
2026-01-05T03:59:07.7837889Z Worker ID: {db31ca75-51c4-4652-a154-6a2c9d7e6a25}
2026-01-05T03:59:07.7838848Z ##[endgroup]
2026-01-05T03:59:07.7839381Z ##[group]Operating System
2026-01-05T03:59:07.7839986Z Ubuntu
2026-01-05T03:59:07.7840462Z 24.04.3
2026-01-05T03:59:07.7840895Z LTS
2026-01-05T03:59:07.7841376Z ##[endgroup]
2026-01-05T03:59:07.7841894Z ##[group]Runner Image
2026-01-05T03:59:07.7842372Z Image: ubuntu-24.04
2026-01-05T03:59:07.7842922Z Version: 20251215.174.1
2026-01-05T03:59:07.7844051Z Included Software: https://github.com/actions/runner-images/blob/ubuntu24/20251215.174/images/ubuntu/Ubuntu2404-Readme.md
2026-01-05T03:59:07.7845853Z Image Release: https://github.com/actions/runner-images/releases/tag/ubuntu24%2F20251215.174
2026-01-05T03:59:07.7846863Z ##[endgroup]
2026-01-05T03:59:07.7847854Z ##[group]GITHUB_TOKEN Permissions
2026-01-05T03:59:07.7850276Z Contents: write
2026-01-05T03:59:07.7851043Z Metadata: read
2026-01-05T03:59:07.7851873Z ##[endgroup]
2026-01-05T03:59:07.7854750Z Secret source: Actions
2026-01-05T03:59:07.7855761Z Prepare workflow directory
2026-01-05T03:59:07.8565811Z Prepare all required actions
2026-01-05T03:59:07.8621385Z Getting action download info
2026-01-05T03:59:08.2017931Z Download action repository 'actions/checkout@93cb6efe18208431cddfb8368fd83d5badbf9bfd' (SHA:93cb6efe18208431cddfb8368fd83d5badbf9bfd)
2026-01-05T03:59:08.3241476Z Download action repository 'actions/setup-python@v6' (SHA:83679a892e2d95755f2dac6acb0bfd1e9ac5d548)
2026-01-05T03:59:08.4085170Z Download action repository 'actions/cache@9255dc7a253b0ccc959486e2bca901246202afeb' (SHA:9255dc7a253b0ccc959486e2bca901246202afeb)
2026-01-05T03:59:08.9603669Z Download action repository 'actions/component-detection-dependency-submission-action@374343effede691df3a5ffaf36b4e7acab919590' (SHA:374343effede691df3a5ffaf36b4e7acab919590)
2026-01-05T03:59:09.4563415Z Complete job name: submit-pypi
2026-01-05T03:59:09.5322486Z ##[group]Run actions/checkout@93cb6efe18208431cddfb8368fd83d5badbf9bfd
2026-01-05T03:59:09.5324171Z with:
2026-01-05T03:59:09.5324996Z   ref: refs/heads/key_multivalue_storage_refactor
2026-01-05T03:59:09.5326136Z   repository: Boss-1s/scratchattach
2026-01-05T03:59:09.5327375Z   token: ***
2026-01-05T03:59:09.5328111Z   ssh-strict: true
2026-01-05T03:59:09.5329126Z   ssh-user: git
2026-01-05T03:59:09.5329919Z   persist-credentials: true
2026-01-05T03:59:09.5330794Z   clean: true
2026-01-05T03:59:09.5331572Z   sparse-checkout-cone-mode: true
2026-01-05T03:59:09.5332539Z   fetch-depth: 1
2026-01-05T03:59:09.5333300Z   fetch-tags: false
2026-01-05T03:59:09.5334069Z   show-progress: true
2026-01-05T03:59:09.5334854Z   lfs: false
2026-01-05T03:59:09.5335564Z   submodules: false
2026-01-05T03:59:09.5336377Z   set-safe-directory: true
2026-01-05T03:59:09.5337474Z env:
2026-01-05T03:59:09.5338146Z   SKIP_CACHE: 
2026-01-05T03:59:09.5339109Z ##[endgroup]
2026-01-05T03:59:09.6254655Z Syncing repository: Boss-1s/scratchattach
2026-01-05T03:59:09.6257390Z ##[group]Getting Git version info
2026-01-05T03:59:09.6259077Z Working directory is '/home/runner/work/scratchattach/scratchattach'
2026-01-05T03:59:09.6261080Z [command]/usr/bin/git version
2026-01-05T03:59:09.6320702Z git version 2.52.0
2026-01-05T03:59:09.6373339Z ##[endgroup]
2026-01-05T03:59:09.6387852Z Temporarily overriding HOME='/home/runner/work/_temp/96573289-d73f-469a-b30f-1d6f41ae2836' before making global git config changes
2026-01-05T03:59:09.6391131Z Adding repository directory to the temporary git global config as a safe directory
2026-01-05T03:59:09.6394148Z [command]/usr/bin/git config --global --add safe.directory /home/runner/work/scratchattach/scratchattach
2026-01-05T03:59:09.6434008Z Deleting the contents of '/home/runner/work/scratchattach/scratchattach'
2026-01-05T03:59:09.6436906Z ##[group]Initializing the repository
2026-01-05T03:59:09.6441711Z [command]/usr/bin/git init /home/runner/work/scratchattach/scratchattach
2026-01-05T03:59:09.6569642Z hint: Using 'master' as the name for the initial branch. This default branch name
2026-01-05T03:59:09.6572016Z hint: will change to "main" in Git 3.0. To configure the initial branch name
2026-01-05T03:59:09.6574874Z hint: to use in all of your new repositories, which will suppress this warning,
2026-01-05T03:59:09.6577671Z hint: call:
2026-01-05T03:59:09.6579294Z hint:
2026-01-05T03:59:09.6581231Z hint: 	git config --global init.defaultBranch <name>
2026-01-05T03:59:09.6583632Z hint:
2026-01-05T03:59:09.6585532Z hint: Names commonly chosen instead of 'master' are 'main', 'trunk' and
2026-01-05T03:59:09.6588753Z hint: 'development'. The just-created branch can be renamed via this command:
2026-01-05T03:59:09.6591073Z hint:
2026-01-05T03:59:09.6592294Z hint: 	git branch -m <name>
2026-01-05T03:59:09.6593263Z hint:
2026-01-05T03:59:09.6594435Z hint: Disable this message with "git config set advice.defaultBranchName false"
2026-01-05T03:59:09.6596493Z Initialized empty Git repository in /home/runner/work/scratchattach/scratchattach/.git/
2026-01-05T03:59:09.6600964Z [command]/usr/bin/git remote add origin https://github.com/Boss-1s/scratchattach
2026-01-05T03:59:09.6642543Z ##[endgroup]
2026-01-05T03:59:09.6644895Z ##[group]Disabling automatic garbage collection
2026-01-05T03:59:09.6647078Z [command]/usr/bin/git config --local gc.auto 0
2026-01-05T03:59:09.6675451Z ##[endgroup]
2026-01-05T03:59:09.6677675Z ##[group]Setting up auth
2026-01-05T03:59:09.6682711Z [command]/usr/bin/git config --local --name-only --get-regexp core\.sshCommand
2026-01-05T03:59:09.6715223Z [command]/usr/bin/git submodule foreach --recursive sh -c "git config --local --name-only --get-regexp 'core\.sshCommand' && git config --local --unset-all 'core.sshCommand' || :"
2026-01-05T03:59:09.7063787Z [command]/usr/bin/git config --local --name-only --get-regexp http\.https\:\/\/github\.com\/\.extraheader
2026-01-05T03:59:09.7101519Z [command]/usr/bin/git submodule foreach --recursive sh -c "git config --local --name-only --get-regexp 'http\.https\:\/\/github\.com\/\.extraheader' && git config --local --unset-all 'http.https://github.com/.extraheader' || :"
2026-01-05T03:59:09.7318893Z [command]/usr/bin/git config --local --name-only --get-regexp ^includeIf\.gitdir:
2026-01-05T03:59:09.7348850Z [command]/usr/bin/git submodule foreach --recursive git config --local --show-origin --name-only --get-regexp remote.origin.url
2026-01-05T03:59:09.7576943Z [command]/usr/bin/git config --local http.https://github.com/.extraheader AUTHORIZATION: basic ***
2026-01-05T03:59:09.7611028Z ##[endgroup]
2026-01-05T03:59:09.7612337Z ##[group]Fetching the repository
2026-01-05T03:59:09.7620855Z [command]/usr/bin/git -c protocol.version=2 fetch --no-tags --prune --no-recurse-submodules --depth=1 origin +refs/heads/key_multivalue_storage_refactor:refs/remotes/origin/key_multivalue_storage_refactor
2026-01-05T03:59:15.1753193Z From https://github.com/Boss-1s/scratchattach
2026-01-05T03:59:15.1755631Z  * [new branch]      key_multivalue_storage_refactor -> origin/key_multivalue_storage_refactor
2026-01-05T03:59:15.1782370Z ##[endgroup]
2026-01-05T03:59:15.1783256Z ##[group]Determining the checkout info
2026-01-05T03:59:15.1786471Z ##[endgroup]
2026-01-05T03:59:15.1792084Z [command]/usr/bin/git sparse-checkout disable
2026-01-05T03:59:15.1835441Z [command]/usr/bin/git config --local --unset-all extensions.worktreeConfig
2026-01-05T03:59:15.1862310Z ##[group]Checking out the ref
2026-01-05T03:59:15.1867150Z [command]/usr/bin/git checkout --progress --force -B key_multivalue_storage_refactor refs/remotes/origin/key_multivalue_storage_refactor
2026-01-05T03:59:16.3897424Z Updating files:  97% (2618/2681)
2026-01-05T03:59:16.5523085Z Updating files:  98% (2628/2681)
2026-01-05T03:59:16.6558226Z Updating files:  99% (2655/2681)
2026-01-05T03:59:16.6559571Z Updating files: 100% (2681/2681)
2026-01-05T03:59:16.6560052Z Updating files: 100% (2681/2681), done.
2026-01-05T03:59:16.6590464Z Switched to a new branch 'key_multivalue_storage_refactor'
2026-01-05T03:59:16.6594101Z branch 'key_multivalue_storage_refactor' set up to track 'origin/key_multivalue_storage_refactor'.
2026-01-05T03:59:16.6683513Z ##[endgroup]
2026-01-05T03:59:16.6730006Z [command]/usr/bin/git log -1 --format=%H
2026-01-05T03:59:16.6752897Z 1a86520217457cdf144d8450457d42f81480f14e
2026-01-05T03:59:16.6979631Z ##[group]Run actions/setup-python@v6
2026-01-05T03:59:16.6980131Z with:
2026-01-05T03:59:16.6980384Z   check-latest: false
2026-01-05T03:59:16.6980835Z   token: ***
2026-01-05T03:59:16.6981142Z   update-environment: true
2026-01-05T03:59:16.6981634Z   allow-prereleases: false
2026-01-05T03:59:16.6981926Z   freethreaded: false
2026-01-05T03:59:16.6982273Z env:
2026-01-05T03:59:16.6982568Z   SKIP_CACHE: 
2026-01-05T03:59:16.6982814Z ##[endgroup]
2026-01-05T03:59:16.8254188Z [warning]Neither 'python-version' nor 'python-version-file' inputs were supplied. Attempting to find '.python-version' file.
2026-01-05T03:59:16.8255416Z [warning].python-version doesn't exist.
2026-01-05T03:59:16.8281027Z ##[warning]The `python-version` input is not set.  The version of Python currently in `PATH` will be used.
2026-01-05T03:59:16.8289007Z (node:2114) [DEP0040] DeprecationWarning: The `punycode` module is deprecated. Please use a userland alternative instead.
2026-01-05T03:59:16.8289983Z (Use `node --trace-deprecation ...` to show where the warning was created)
2026-01-05T03:59:16.8393044Z ##[group]Run version=$(python --version)
2026-01-05T03:59:16.8393639Z [36;1mversion=$(python --version)[0m
2026-01-05T03:59:16.8394081Z [36;1mecho "::notice::Using python version: $version"[0m
2026-01-05T03:59:16.8394586Z [36;1mpip install "pip<25.3" # Temporary pin to avoid issues with pip 25.3+[0m
2026-01-05T03:59:16.8395132Z [36;1mpip_version=$(pip --version)[0m
2026-01-05T03:59:16.8395545Z [36;1mecho "::notice::Using pip version: $pip_version"[0m
2026-01-05T03:59:16.8395998Z [36;1mpip install pip-tools[0m
2026-01-05T03:59:16.8396412Z [36;1mpip_compile_version=$(pip-compile --version)[0m
2026-01-05T03:59:16.8396890Z [36;1mecho "::notice::Using pip-compile version: $pip_compile_version"[0m
2026-01-05T03:59:16.8433821Z shell: /usr/bin/bash --noprofile --norc -e -o pipefail {0}
2026-01-05T03:59:16.8434258Z env:
2026-01-05T03:59:16.8434522Z   SKIP_CACHE: 
2026-01-05T03:59:16.8434909Z ##[endgroup]
2026-01-05T03:59:16.8571875Z ##[notice]Using python version: Python 3.12.3
2026-01-05T03:59:17.9171898Z Defaulting to user installation because normal site-packages is not writeable
2026-01-05T03:59:18.5648962Z Requirement already satisfied: pip<25.3 in /usr/lib/python3/dist-packages (24.0)
2026-01-05T03:59:19.1084344Z ##[notice]Using pip version: pip 24.0 from /usr/lib/python3/dist-packages/pip (python 3.12)
2026-01-05T03:59:19.3691826Z Defaulting to user installation because normal site-packages is not writeable
2026-01-05T03:59:19.6132233Z Collecting pip-tools
2026-01-05T03:59:19.6566073Z   Downloading pip_tools-7.5.2-py3-none-any.whl.metadata (26 kB)
2026-01-05T03:59:19.6910308Z Collecting build>=1.0.0 (from pip-tools)
2026-01-05T03:59:19.6941081Z   Downloading build-1.3.0-py3-none-any.whl.metadata (5.6 kB)
2026-01-05T03:59:19.6983573Z Requirement already satisfied: click>=8 in /usr/lib/python3/dist-packages (from pip-tools) (8.1.6)
2026-01-05T03:59:19.6993278Z Requirement already satisfied: pip>=22.2 in /usr/lib/python3/dist-packages (from pip-tools) (24.0)
2026-01-05T03:59:19.7123110Z Collecting pyproject_hooks (from pip-tools)
2026-01-05T03:59:19.7156158Z   Downloading pyproject_hooks-1.2.0-py3-none-any.whl.metadata (1.3 kB)
2026-01-05T03:59:19.7193316Z Requirement already satisfied: setuptools in /usr/lib/python3/dist-packages (from pip-tools) (68.1.2)
2026-01-05T03:59:19.7200875Z Requirement already satisfied: wheel in /usr/lib/python3/dist-packages (from pip-tools) (0.42.0)
2026-01-05T03:59:19.7285801Z Requirement already satisfied: packaging>=19.1 in /usr/lib/python3/dist-packages (from build>=1.0.0->pip-tools) (24.0)
2026-01-05T03:59:19.7384157Z Downloading pip_tools-7.5.2-py3-none-any.whl (66 kB)
2026-01-05T03:59:19.7488314Z    ━━━━━━━━━━━━━━━━━━━━━━━━━━━━━━━━━━━━━━━━ 66.9/66.9 kB 6.9 MB/s eta 0:00:00
2026-01-05T03:59:19.7522066Z Downloading build-1.3.0-py3-none-any.whl (23 kB)
2026-01-05T03:59:19.7574854Z Downloading pyproject_hooks-1.2.0-py3-none-any.whl (10 kB)
2026-01-05T03:59:20.0079317Z Installing collected packages: pyproject_hooks, build, pip-tools
2026-01-05T03:59:20.0819341Z Successfully installed build-1.3.0 pip-tools-7.5.2 pyproject_hooks-1.2.0
2026-01-05T03:59:20.6114981Z ##[notice]Using pip-compile version: pip-compile, version 7.5.2
2026-01-05T03:59:20.6170576Z ##[group]Run if [[ -n "" ]]; then
2026-01-05T03:59:20.6170893Z [36;1mif [[ -n "" ]]; then[0m
2026-01-05T03:59:20.6171256Z [36;1m  echo "Python cache disabled via 'GH_DEPENDENCY_SUBMISSION_SKIP_CACHE'"[0m
2026-01-05T03:59:20.6171638Z [36;1melse[0m
2026-01-05T03:59:20.6172057Z [36;1m  echo "Caching Python packages. Set 'GH_DEPENDENCY_SUBMISSION_SKIP_CACHE=true' to skip caching in future."[0m
2026-01-05T03:59:20.6172509Z [36;1mfi[0m
2026-01-05T03:59:20.6207017Z shell: /usr/bin/bash -e {0}
2026-01-05T03:59:20.6207279Z env:
2026-01-05T03:59:20.6207477Z   SKIP_CACHE: 
2026-01-05T03:59:20.6207682Z ##[endgroup]
2026-01-05T03:59:20.6260220Z Caching Python packages. Set 'GH_DEPENDENCY_SUBMISSION_SKIP_CACHE=true' to skip caching in future.
2026-01-05T03:59:20.8774867Z ##[group]Run actions/cache@9255dc7a253b0ccc959486e2bca901246202afeb
2026-01-05T03:59:20.8775241Z with:
2026-01-05T03:59:20.8775421Z   path: ~/.cache/pip
2026-01-05T03:59:20.8775843Z   key: Linux-pip-python-e85ab2cf7d1a67abcff61ef2db6e0732235856ee8b1df91debe4372ebe4f3535
2026-01-05T03:59:20.8776313Z   restore-keys: Linux-python-

2026-01-05T03:59:20.8776575Z   enableCrossOsArchive: false
2026-01-05T03:59:20.8776812Z   fail-on-cache-miss: false
2026-01-05T03:59:20.8777034Z   lookup-only: false
2026-01-05T03:59:20.8777249Z   save-always: false
2026-01-05T03:59:20.8777430Z env:
2026-01-05T03:59:20.8777593Z   SKIP_CACHE: 
2026-01-05T03:59:20.8777768Z ##[endgroup]
2026-01-05T03:59:21.1535783Z Cache hit for: Linux-pip-python-e85ab2cf7d1a67abcff61ef2db6e0732235856ee8b1df91debe4372ebe4f3535
2026-01-05T03:59:21.6392383Z Received 5481845 of 5481845 (100.0%), 14.1 MBs/sec
2026-01-05T03:59:21.6392958Z Cache Size: ~5 MB (5481845 B)
2026-01-05T03:59:21.6423034Z [command]/usr/bin/tar -xf /home/runner/work/_temp/1c6b30db-290b-4319-807b-909a673e3c6d/cache.tzst -P -C /home/runner/work/scratchattach/scratchattach --use-compress-program unzstd
2026-01-05T03:59:21.6691813Z Cache restored successfully
2026-01-05T03:59:21.6780456Z Cache restored from key: Linux-pip-python-e85ab2cf7d1a67abcff61ef2db6e0732235856ee8b1df91debe4372ebe4f3535
2026-01-05T03:59:21.6869423Z ##[group]Run if pip-compile --dry-run -o requirements.out requirements.txt; then
2026-01-05T03:59:21.6869996Z [36;1mif pip-compile --dry-run -o requirements.out requirements.txt; then[0m
2026-01-05T03:59:21.6870450Z [36;1m  echo "::debug::Python validate no broken dependencies"[0m
2026-01-05T03:59:21.6870809Z [36;1m  echo "{valid-project}={true}" >> "$GITHUB_OUTPUT"[0m
2026-01-05T03:59:21.6871086Z [36;1melse[0m
2026-01-05T03:59:21.6871327Z [36;1m  echo "{valid-project}={false}" >> "$GITHUB_OUTPUT"[0m
2026-01-05T03:59:21.6871767Z [36;1m  echo "### :warning: Python validation failed in repository root" >> $GITHUB_STEP_SUMMARY[0m
2026-01-05T03:59:21.6872600Z [36;1m  echo "We were unable to validate a Python project in the repository root. If your repository requires additional setup steps, you may need to check in your own workflow." >> $GITHUB_STEP_SUMMARY[0m
2026-01-05T03:59:21.6873301Z [36;1m  echo "" >> $GITHUB_STEP_SUMMARY[0m
2026-01-05T03:59:21.6874198Z [36;1m  echo "For more information on submitting Python dependencies from your own workflow, refer to [the submission action](https://github.com/actions/component-detection-dependency-submission-action)" >> $GITHUB_STEP_SUMMARY[0m
2026-01-05T03:59:21.6875334Z [36;1m  echo "::warning::Python validation failed in the repository root."[0m
2026-01-05T03:59:21.6875665Z [36;1m  exit 1[0m
2026-01-05T03:59:21.6876042Z [36;1mfi[0m
2026-01-05T03:59:21.6907955Z shell: /usr/bin/bash -e {0}
2026-01-05T03:59:21.6908193Z env:
2026-01-05T03:59:21.6908575Z   SKIP_CACHE: 
2026-01-05T03:59:21.6908779Z ##[endgroup]
2026-01-05T03:59:23.3751304Z WARNING: --strip-extras is becoming the default in version 8.0.0. To silence this warning, either use --strip-extras to opt into the new default or use --no-strip-extras to retain the existing behavior.
2026-01-05T03:59:23.3752662Z #
2026-01-05T03:59:23.3753149Z # This file is autogenerated by pip-compile with Python 3.12
2026-01-05T03:59:23.3753769Z # by the following command:
2026-01-05T03:59:23.3754204Z #
2026-01-05T03:59:23.3754695Z #    pip-compile --output-file=requirements.out requirements.txt
2026-01-05T03:59:23.3755288Z #
2026-01-05T03:59:23.3755628Z beautifulsoup4==4.14.3
2026-01-05T03:59:23.3756003Z     # via bs4
2026-01-05T03:59:23.3756380Z browser-cookie3==0.20.1
2026-01-05T03:59:23.3756769Z     # via scratchattach
2026-01-05T03:59:23.3757155Z bs4==0.0.2
2026-01-05T03:59:23.3757499Z     # via scratchattach
2026-01-05T03:59:23.3757876Z certifi==2026.1.4
2026-01-05T03:59:23.3758192Z     # via requests
2026-01-05T03:59:23.3758828Z charset-normalizer==3.4.4
2026-01-05T03:59:23.3759210Z     # via requests
2026-01-05T03:59:23.3759527Z idna==3.11
2026-01-05T03:59:23.3759848Z     # via requests
2026-01-05T03:59:23.3760172Z jeepney==0.9.0
2026-01-05T03:59:23.3760473Z     # via browser-cookie3
2026-01-05T03:59:23.3760787Z lz4==4.4.5
2026-01-05T03:59:23.3761072Z     # via browser-cookie3
2026-01-05T03:59:23.3761395Z pycryptodomex==3.23.0
2026-01-05T03:59:23.3761766Z     # via browser-cookie3
2026-01-05T03:59:23.3762084Z requests==2.32.5
2026-01-05T03:59:23.3762362Z     # via scratchattach
2026-01-05T03:59:23.3762675Z scratchattach==2.1.15b0
2026-01-05T03:59:23.3763010Z     # via -r requirements.txt
2026-01-05T03:59:23.3763379Z simplewebsocketserver==0.1.2
2026-01-05T03:59:23.3763718Z     # via scratchattach
2026-01-05T03:59:23.3764024Z soupsieve==2.8.1
2026-01-05T03:59:23.3764319Z     # via beautifulsoup4
2026-01-05T03:59:23.3764658Z typing-extensions==4.15.0
2026-01-05T03:59:23.3764973Z     # via
2026-01-05T03:59:23.3765235Z     #   beautifulsoup4
2026-01-05T03:59:23.3765529Z     #   scratchattach
2026-01-05T03:59:23.3765812Z urllib3==2.6.2
2026-01-05T03:59:23.3766084Z     # via requests
2026-01-05T03:59:23.3766366Z websocket-client==1.9.0
2026-01-05T03:59:23.3766681Z     # via scratchattach
2026-01-05T03:59:23.3767011Z Dry-run, so nothing updated.
2026-01-05T03:59:23.4598966Z ##[group]Run actions/component-detection-dependency-submission-action@374343effede691df3a5ffaf36b4e7acab919590
2026-01-05T03:59:23.4599527Z with:
2026-01-05T03:59:23.4599728Z   detectorsCategories: Python
2026-01-05T03:59:23.4599987Z   detectorsFilter: PipReport
2026-01-05T03:59:23.4600292Z   snapshot-sha: 1a86520217457cdf144d8450457d42f81480f14e
2026-01-05T03:59:23.4600636Z   snapshot-ref: refs/heads/key_multivalue_storage_refactor
2026-01-05T03:59:23.4600974Z   detector-name: Automatic Dependency Submission
2026-01-05T03:59:23.4601266Z   detector-version: 1f3f3060931e
2026-01-05T03:59:23.4601712Z   detector-url: https://github.com/actions/component-detection-dependency-submission-action
2026-01-05T03:59:23.4602266Z   token: ***
2026-01-05T03:59:23.4602457Z   filePath: .
2026-01-05T03:59:23.4602642Z env:
2026-01-05T03:59:23.4602805Z   SKIP_CACHE: 
2026-01-05T03:59:23.4602993Z ##[endgroup]
2026-01-05T03:59:24.2862097Z Running component-detection
2026-01-05T03:59:24.2914925Z [command]/home/runner/work/scratchattach/scratchattach/component-detection scan --SourceDirectory . --ManifestFile ./output.json --DetectorsFilter PipReport --DetectorCategories Python
2026-01-05T03:59:24.6364270Z [03:59:24 INF] Finding components...
2026-01-05T03:59:25.3504686Z [03:59:25 INF] Starting enumeration of /home/runner/work/scratchattach/scratchattach
2026-01-05T03:59:25.3695748Z [03:59:25 INF] Enumerated 20 files and 0 directories in 00:00:00.0195189
2026-01-05T03:59:25.4091965Z [03:59:25 INF] PipReport: Generating pip installation report for /home/runner/work/scratchattach/scratchattach/requirements.txt
2026-01-05T03:59:27.4290366Z [03:59:27 INF] PipReport: Pip installation report for /home/runner/work/scratchattach/scratchattach/requirements.txt completed in 2.018 seconds with 16 detected packages.
2026-01-05T03:59:27.5595864Z                                [38;5;7mDetection Summary[0m                                
2026-01-05T03:59:27.5596588Z ┌───────────────────┬───────────────────┬───────────────────┬──────────────────┐
2026-01-05T03:59:27.5597307Z │ [1mComponent [0m        │ [1mDetection Time[0m    │ [1m# Components [0m     │ [1m# Explicitly [0m    │
2026-01-05T03:59:27.5598063Z │ [1mDetector Id[0m       │                   │ [1mFound[0m             │ [1mReferenced[0m       │
2026-01-05T03:59:27.5599231Z ├───────────────────┼───────────────────┼───────────────────┼──────────────────┤
2026-01-05T03:59:27.5599858Z │ [38;5;14mPipReport[0m         │ 2.8 seconds       │ 16                │ 1                │
2026-01-05T03:59:27.5600471Z │ ───────────────── │ ───────────────── │ ───────────────── │ ──────────────── │
2026-01-05T03:59:27.5601018Z │ [1;4mTotal[0m             │ 2.8 seconds       │ 16                │ 1                │
2026-01-05T03:59:27.5601589Z └───────────────────┴───────────────────┴───────────────────┴──────────────────┘
2026-01-05T03:59:27.5630656Z [03:59:27 INF] 
2026-01-05T03:59:27.5634317Z [03:59:27 INF] 
2026-01-05T03:59:27.5644460Z [03:59:27 INF] Detection time: 2.838554 seconds.
2026-01-05T03:59:27.5976215Z [03:59:27 INF] Scan Manifest file: /home/runner/work/scratchattach/scratchattach/output.json
2026-01-05T03:59:27.6827466Z Getting manifests from results
2026-01-05T03:59:27.6879857Z ##[notice]Submitting snapshot...
2026-01-05T03:59:27.6901908Z ##[notice]{
    "manifests": {
        "requirements.txt": {
            "resolved": {
                "pkg:pypi/urllib3@2.6.2": {
                    "package_url": "pkg:pypi/urllib3@2.6.2",
                    "relationship": "indirect",
                    "scope": "runtime",
                    "dependencies": []
                },
                "pkg:pypi/requests@2.32.5": {
                    "package_url": "pkg:pypi/requests@2.32.5",
                    "relationship": "indirect",
                    "scope": "runtime",
                    "dependencies": []
                },
                "pkg:pypi/websocket-client@1.9.0": {
                    "package_url": "pkg:pypi/websocket-client@1.9.0",
                    "relationship": "indirect",
                    "scope": "runtime",
                    "dependencies": []
                },
                "pkg:pypi/browser-cookie3@0.20.1": {
                    "package_url": "pkg:pypi/browser-cookie3@0.20.1",
                    "relationship": "indirect",
                    "scope": "runtime",
                    "dependencies": []
                },
                "pkg:pypi/typing-extensions@4.15.0": {
                    "package_url": "pkg:pypi/typing-extensions@4.15.0",
                    "relationship": "indirect",
                    "scope": "runtime",
                    "dependencies": []
                },
                "pkg:pypi/jeepney@0.9.0": {
                    "package_url": "pkg:pypi/jeepney@0.9.0",
                    "relationship": "indirect",
                    "scope": "runtime",
                    "dependencies": []
                },
                "pkg:pypi/charset-normalizer@3.4.4": {
                    "package_url": "pkg:pypi/charset-normalizer@3.4.4",
                    "relationship": "indirect",
                    "scope": "runtime",
                    "dependencies": []
                },
                "pkg:pypi/scratchattach@2.1.15b0": {
                    "package_url": "pkg:pypi/scratchattach@2.1.15b0",
                    "relationship": "direct",
                    "scope": "runtime",
                    "dependencies": [
                        "pkg:pypi/urllib3@2.6.2",
                        "pkg:pypi/requests@2.32.5",
                        "pkg:pypi/websocket-client@1.9.0",
                        "pkg:pypi/browser-cookie3@0.20.1",
                        "pkg:pypi/typing-extensions@4.15.0",
                        "pkg:pypi/jeepney@0.9.0",
                        "pkg:pypi/charset-normalizer@3.4.4",
                        "pkg:pypi/soupsieve@2.8.1",
                        "pkg:pypi/bs4@0.0.2",
                        "pkg:pypi/beautifulsoup4@4.14.3",
                        "pkg:pypi/certifi@2026.1.4",
                        "pkg:pypi/idna@3.11",
                        "pkg:pypi/lz4@4.4.5",
                        "pkg:pypi/simplewebsocketserver@0.1.2",
                        "pkg:pypi/pycryptodomex@3.23.0"
                    ]
                },
                "pkg:pypi/soupsieve@2.8.1": {
                    "package_url": "pkg:pypi/soupsieve@2.8.1",
                    "relationship": "indirect",
                    "scope": "runtime",
                    "dependencies": []
                },
                "pkg:pypi/bs4@0.0.2": {
                    "package_url": "pkg:pypi/bs4@0.0.2",
                    "relationship": "indirect",
                    "scope": "runtime",
                    "dependencies": []
                },
                "pkg:pypi/beautifulsoup4@4.14.3": {
                    "package_url": "pkg:pypi/beautifulsoup4@4.14.3",
                    "relationship": "indirect",
                    "scope": "runtime",
                    "dependencies": []
                },
                "pkg:pypi/certifi@2026.1.4": {
                    "package_url": "pkg:pypi/certifi@2026.1.4",
                    "relationship": "indirect",
                    "scope": "runtime",
                    "dependencies": []
                },
                "pkg:pypi/idna@3.11": {
               
2026-01-05T03:59:27.9687284Z ##[notice]Snapshot successfully created at 2026-01-05T03:59:27.904Z
2026-01-05T03:59:28.2911718Z Post job cleanup.
2026-01-05T03:59:28.4115674Z Cache hit occurred on the primary key Linux-pip-python-e85ab2cf7d1a67abcff61ef2db6e0732235856ee8b1df91debe4372ebe4f3535, not saving cache.
2026-01-05T03:59:28.4233776Z Post job cleanup.
2026-01-05T03:59:28.5365379Z (node:2302) [DEP0040] DeprecationWarning: The `punycode` module is deprecated. Please use a userland alternative instead.
2026-01-05T03:59:28.5366139Z (Use `node --trace-deprecation ...` to show where the warning was created)
2026-01-05T03:59:28.5481871Z Post job cleanup.
2026-01-05T03:59:28.6260741Z [command]/usr/bin/git version
2026-01-05T03:59:28.6333095Z git version 2.52.0
2026-01-05T03:59:28.6373371Z Temporarily overriding HOME='/home/runner/work/_temp/f1d5cab1-424c-49ef-b7c1-e546560d23e7' before making global git config changes
2026-01-05T03:59:28.6374663Z Adding repository directory to the temporary git global config as a safe directory
2026-01-05T03:59:28.6379835Z [command]/usr/bin/git config --global --add safe.directory /home/runner/work/scratchattach/scratchattach
2026-01-05T03:59:28.6420889Z [command]/usr/bin/git config --local --name-only --get-regexp core\.sshCommand
2026-01-05T03:59:28.6457106Z [command]/usr/bin/git submodule foreach --recursive sh -c "git config --local --name-only --get-regexp 'core\.sshCommand' && git config --local --unset-all 'core.sshCommand' || :"
2026-01-05T03:59:28.6721403Z [command]/usr/bin/git config --local --name-only --get-regexp http\.https\:\/\/github\.com\/\.extraheader
2026-01-05T03:59:28.6747729Z http.https://github.com/.extraheader
2026-01-05T03:59:28.6759601Z [command]/usr/bin/git config --local --unset-all http.https://github.com/.extraheader
2026-01-05T03:59:28.6794086Z [command]/usr/bin/git submodule foreach --recursive sh -c "git config --local --name-only --get-regexp 'http\.https\:\/\/github\.com\/\.extraheader' && git config --local --unset-all 'http.https://github.com/.extraheader' || :"
2026-01-05T03:59:28.7054009Z [command]/usr/bin/git config --local --name-only --get-regexp ^includeIf\.gitdir:
2026-01-05T03:59:28.7089902Z [command]/usr/bin/git submodule foreach --recursive git config --local --show-origin --name-only --get-regexp remote.origin.url
2026-01-05T03:59:28.7466061Z Cleaning up orphan processes
