2025-10-01T01:49:23.4833751Z Current runner version: '2.328.0'
2025-10-01T01:49:23.4857850Z ##[group]Runner Image Provisioner
2025-10-01T01:49:23.4858675Z Hosted Compute Agent
2025-10-01T01:49:23.4859479Z Version: 20250912.392
2025-10-01T01:49:23.4860037Z Commit: d921fda672a98b64f4f82364647e2f10b2267d0b
2025-10-01T01:49:23.4860728Z Build Date: 2025-09-12T15:23:14Z
2025-10-01T01:49:23.4861317Z ##[endgroup]
2025-10-01T01:49:23.4861893Z ##[group]Operating System
2025-10-01T01:49:23.4862444Z Ubuntu
2025-10-01T01:49:23.4862904Z 24.04.3
2025-10-01T01:49:23.4863363Z LTS
2025-10-01T01:49:23.4863763Z ##[endgroup]
2025-10-01T01:49:23.4864280Z ##[group]Runner Image
2025-10-01T01:49:23.4864862Z Image: ubuntu-24.04
2025-10-01T01:49:23.4865328Z Version: 20250922.53.1
2025-10-01T01:49:23.4866358Z Included Software: https://github.com/actions/runner-images/blob/ubuntu24/20250922.53/images/ubuntu/Ubuntu2404-Readme.md
2025-10-01T01:49:23.4867856Z Image Release: https://github.com/actions/runner-images/releases/tag/ubuntu24%2F20250922.53
2025-10-01T01:49:23.4869111Z ##[endgroup]
2025-10-01T01:49:23.4870074Z ##[group]GITHUB_TOKEN Permissions
2025-10-01T01:49:23.4871899Z Contents: write
2025-10-01T01:49:23.4872421Z Metadata: read
2025-10-01T01:49:23.4872912Z ##[endgroup]
2025-10-01T01:49:23.4875298Z Secret source: Actions
2025-10-01T01:49:23.4876171Z Prepare workflow directory
2025-10-01T01:49:23.5199545Z Prepare all required actions
2025-10-01T01:49:23.5237558Z Getting action download info
2025-10-01T01:49:23.9422025Z Download action repository 'actions/checkout@v5.0.0' (SHA:08c6903cd8c0fde910a37f88322edcfb5dd907a8)
2025-10-01T01:49:24.1135350Z Download action repository 'pawanbahuguna/action-logs@v2.0.0' (SHA:2fb2206c1749d6d09b8799a05519c08ee503660d)
2025-10-01T01:49:24.7437065Z Complete job name: Download GH action logs
2025-10-01T01:49:24.7981244Z ##[group]Build container for action use: '/home/runner/work/_actions/pawanbahuguna/action-logs/v2.0.0/Dockerfile'.
2025-10-01T01:49:24.8031928Z ##[command]/usr/bin/docker build -t 9ba7b3:2fc42b0a60bf49518b401647e6295d0f -f "/home/runner/work/_actions/pawanbahuguna/action-logs/v2.0.0/Dockerfile" "/home/runner/work/_actions/pawanbahuguna/action-logs/v2.0.0"
2025-10-01T01:49:32.4217204Z #0 building with "default" instance using docker driver
2025-10-01T01:49:32.4218125Z 
2025-10-01T01:49:32.4218304Z #1 [internal] load build definition from Dockerfile
2025-10-01T01:49:32.4218739Z #1 transferring dockerfile: 347B done
2025-10-01T01:49:32.4219304Z #1 DONE 0.0s
2025-10-01T01:49:32.4219473Z 
2025-10-01T01:49:32.4219688Z #2 [internal] load metadata for docker.io/library/alpine:latest
2025-10-01T01:49:32.6277822Z #2 ...
2025-10-01T01:49:32.6278082Z 
2025-10-01T01:49:32.6278295Z #3 [auth] library/alpine:pull token for registry-1.docker.io
2025-10-01T01:49:32.6278676Z #3 DONE 0.0s
2025-10-01T01:49:32.7773027Z 
2025-10-01T01:49:32.7773574Z #2 [internal] load metadata for docker.io/library/alpine:latest
2025-10-01T01:49:33.2167529Z #2 DONE 0.9s
2025-10-01T01:49:33.3414802Z 
2025-10-01T01:49:33.3415467Z #4 [internal] load .dockerignore
2025-10-01T01:49:33.3416014Z #4 transferring context: 2B done
2025-10-01T01:49:33.3416410Z #4 DONE 0.0s
2025-10-01T01:49:33.3416581Z 
2025-10-01T01:49:33.3416738Z #5 [internal] load build context
2025-10-01T01:49:33.3417086Z #5 transferring context: 2.53kB done
2025-10-01T01:49:33.3417455Z #5 DONE 0.0s
2025-10-01T01:49:33.3417608Z 
2025-10-01T01:49:33.3418080Z #6 [1/4] FROM docker.io/library/alpine:latest@sha256:4bcff63911fcb4448bd4fdacec207030997caf25e9bea4045fa6c8c44de311d1
2025-10-01T01:49:33.3419351Z #6 resolve docker.io/library/alpine:latest@sha256:4bcff63911fcb4448bd4fdacec207030997caf25e9bea4045fa6c8c44de311d1 done
2025-10-01T01:49:33.3420313Z #6 sha256:9824c27679d3b27c5e1cb00a73adb6f4f8d556994111c12db3c5d61a0c843df8 0B / 3.80MB 0.1s
2025-10-01T01:49:33.3421176Z #6 sha256:4bcff63911fcb4448bd4fdacec207030997caf25e9bea4045fa6c8c44de311d1 9.22kB / 9.22kB done
2025-10-01T01:49:33.3422025Z #6 sha256:eafc1edb577d2e9b458664a15f23ea1c370214193226069eb22921169fc7e43f 1.02kB / 1.02kB done
2025-10-01T01:49:33.3423305Z #6 sha256:9234e8fb04c47cfe0f49931e4ac7eb76fa904e33b7f8576aec0501c085f02516 581B / 581B done
2025-10-01T01:49:33.5309525Z #6 extracting sha256:9824c27679d3b27c5e1cb00a73adb6f4f8d556994111c12db3c5d61a0c843df8
2025-10-01T01:49:33.6465207Z #6 sha256:9824c27679d3b27c5e1cb00a73adb6f4f8d556994111c12db3c5d61a0c843df8 3.80MB / 3.80MB 0.3s done
2025-10-01T01:49:33.6466393Z #6 extracting sha256:9824c27679d3b27c5e1cb00a73adb6f4f8d556994111c12db3c5d61a0c843df8 0.1s done
2025-10-01T01:49:33.6467181Z #6 DONE 0.4s
2025-10-01T01:49:33.7900317Z 
2025-10-01T01:49:33.7900806Z #7 [2/4] RUN apk update && apk add --no-cache curl jq
2025-10-01T01:49:33.7901939Z #7 0.142 fetch https://dl-cdn.alpinelinux.org/alpine/v3.22/main/x86_64/APKINDEX.tar.gz
2025-10-01T01:49:33.9141681Z #7 0.267 fetch https://dl-cdn.alpinelinux.org/alpine/v3.22/community/x86_64/APKINDEX.tar.gz
2025-10-01T01:49:34.2315939Z #7 0.584 v3.22.1-508-g8f330e62bd4 [https://dl-cdn.alpinelinux.org/alpine/v3.22/main]
2025-10-01T01:49:34.2316953Z #7 0.584 v3.22.1-507-g40d8f5311f4 [https://dl-cdn.alpinelinux.org/alpine/v3.22/community]
2025-10-01T01:49:34.2317657Z #7 0.584 OK: 26326 distinct packages available
2025-10-01T01:49:34.4133062Z #7 0.658 fetch https://dl-cdn.alpinelinux.org/alpine/v3.22/main/x86_64/APKINDEX.tar.gz
2025-10-01T01:49:34.4134022Z #7 0.766 fetch https://dl-cdn.alpinelinux.org/alpine/v3.22/community/x86_64/APKINDEX.tar.gz
2025-10-01T01:49:34.7269500Z #7 1.079 (1/11) Installing brotli-libs (1.1.0-r2)
2025-10-01T01:49:34.8332834Z #7 1.097 (2/11) Installing c-ares (1.34.5-r0)
2025-10-01T01:49:34.8333265Z #7 1.108 (3/11) Installing libunistring (1.3-r0)
2025-10-01T01:49:34.8333643Z #7 1.126 (4/11) Installing libidn2 (2.3.7-r0)
2025-10-01T01:49:34.8334024Z #7 1.137 (5/11) Installing nghttp2-libs (1.65.0-r0)
2025-10-01T01:49:34.8334848Z #7 1.147 (6/11) Installing libpsl (0.21.5-r3)
2025-10-01T01:49:34.8335213Z #7 1.157 (7/11) Installing zstd-libs (1.5.7-r0)
2025-10-01T01:49:34.8335567Z #7 1.172 (8/11) Installing libcurl (8.14.1-r1)
2025-10-01T01:49:35.0300165Z #7 1.186 (9/11) Installing curl (8.14.1-r1)
2025-10-01T01:49:35.0300717Z #7 1.198 (10/11) Installing oniguruma (6.9.10-r0)
2025-10-01T01:49:35.0301171Z #7 1.217 (11/11) Installing jq (1.8.0-r0)
2025-10-01T01:49:35.0301598Z #7 1.225 Executing busybox-1.37.0-r18.trigger
2025-10-01T01:49:35.0302017Z #7 1.232 OK: 13 MiB in 27 packages
2025-10-01T01:49:35.2805103Z #7 DONE 1.6s
2025-10-01T01:49:35.4167548Z 
2025-10-01T01:49:35.4168732Z #8 [3/4] COPY entrypoint.sh /entrypoint.sh
2025-10-01T01:49:35.4172445Z #8 DONE 0.0s
2025-10-01T01:49:35.4172672Z 
2025-10-01T01:49:35.4172831Z #9 [4/4] RUN chmod +x /entrypoint.sh
2025-10-01T01:49:35.4173202Z #9 DONE 0.1s
2025-10-01T01:49:35.5689016Z 
2025-10-01T01:49:35.5689416Z #10 exporting to image
2025-10-01T01:49:35.5689842Z #10 exporting layers
2025-10-01T01:49:36.0134743Z #10 exporting layers 0.6s done
2025-10-01T01:49:36.0363664Z #10 writing image sha256:25eaba671fe19bb46297ceac277016732f3e5200358c42baab93f3c9c2d0dbac done
2025-10-01T01:49:36.0364530Z #10 naming to docker.io/library/9ba7b3:2fc42b0a60bf49518b401647e6295d0f done
2025-10-01T01:49:36.0365152Z #10 DONE 0.6s
2025-10-01T01:49:36.0432718Z ##[endgroup]
2025-10-01T01:49:36.0688511Z ##[group]Run actions/checkout@v5.0.0
2025-10-01T01:49:36.0689326Z with:
2025-10-01T01:49:36.0689530Z   repository: Boss-1s/scratchattach
2025-10-01T01:49:36.0689906Z   token: ***
2025-10-01T01:49:36.0690086Z   ssh-strict: true
2025-10-01T01:49:36.0690271Z   ssh-user: git
2025-10-01T01:49:36.0690455Z   persist-credentials: true
2025-10-01T01:49:36.0690666Z   clean: true
2025-10-01T01:49:36.0690857Z   sparse-checkout-cone-mode: true
2025-10-01T01:49:36.0691098Z   fetch-depth: 1
2025-10-01T01:49:36.0691278Z   fetch-tags: false
2025-10-01T01:49:36.0691456Z   show-progress: true
2025-10-01T01:49:36.0691641Z   lfs: false
2025-10-01T01:49:36.0691805Z   submodules: false
2025-10-01T01:49:36.0691983Z   set-safe-directory: true
2025-10-01T01:49:36.0692678Z ##[endgroup]
2025-10-01T01:49:36.1623229Z Syncing repository: Boss-1s/scratchattach
2025-10-01T01:49:36.1624839Z ##[group]Getting Git version info
2025-10-01T01:49:36.1625273Z Working directory is '/home/runner/work/scratchattach/scratchattach'
2025-10-01T01:49:36.1625830Z [command]/usr/bin/git version
2025-10-01T01:49:36.1627342Z git version 2.51.0
2025-10-01T01:49:36.1647958Z ##[endgroup]
2025-10-01T01:49:36.1663865Z Temporarily overriding HOME='/home/runner/work/_temp/0aa2cc28-8659-40d5-8f98-53d25b8dad48' before making global git config changes
2025-10-01T01:49:36.1665205Z Adding repository directory to the temporary git global config as a safe directory
2025-10-01T01:49:36.1669693Z [command]/usr/bin/git config --global --add safe.directory /home/runner/work/scratchattach/scratchattach
2025-10-01T01:49:36.1707469Z Deleting the contents of '/home/runner/work/scratchattach/scratchattach'
2025-10-01T01:49:36.1711310Z ##[group]Initializing the repository
2025-10-01T01:49:36.1715822Z [command]/usr/bin/git init /home/runner/work/scratchattach/scratchattach
2025-10-01T01:49:36.1831081Z hint: Using 'master' as the name for the initial branch. This default branch name
2025-10-01T01:49:36.1831685Z hint: is subject to change. To configure the initial branch name to use in all
2025-10-01T01:49:36.1832168Z hint: of your new repositories, which will suppress this warning, call:
2025-10-01T01:49:36.1832520Z hint:
2025-10-01T01:49:36.1832830Z hint: 	git config --global init.defaultBranch <name>
2025-10-01T01:49:36.1833151Z hint:
2025-10-01T01:49:36.1833455Z hint: Names commonly chosen instead of 'master' are 'main', 'trunk' and
2025-10-01T01:49:36.1833957Z hint: 'development'. The just-created branch can be renamed via this command:
2025-10-01T01:49:36.1834374Z hint:
2025-10-01T01:49:36.1834686Z hint: 	git branch -m <name>
2025-10-01T01:49:36.1835046Z hint:
2025-10-01T01:49:36.1835594Z hint: Disable this message with "git config set advice.defaultBranchName false"
2025-10-01T01:49:36.1836502Z Initialized empty Git repository in /home/runner/work/scratchattach/scratchattach/.git/
2025-10-01T01:49:36.1849201Z [command]/usr/bin/git remote add origin https://github.com/Boss-1s/scratchattach
2025-10-01T01:49:36.1886622Z ##[endgroup]
2025-10-01T01:49:36.1887149Z ##[group]Disabling automatic garbage collection
2025-10-01T01:49:36.1892155Z [command]/usr/bin/git config --local gc.auto 0
2025-10-01T01:49:36.1921374Z ##[endgroup]
2025-10-01T01:49:36.1921933Z ##[group]Setting up auth
2025-10-01T01:49:36.1929536Z [command]/usr/bin/git config --local --name-only --get-regexp core\.sshCommand
2025-10-01T01:49:36.1962625Z [command]/usr/bin/git submodule foreach --recursive sh -c "git config --local --name-only --get-regexp 'core\.sshCommand' && git config --local --unset-all 'core.sshCommand' || :"
2025-10-01T01:49:36.2293121Z [command]/usr/bin/git config --local --name-only --get-regexp http\.https\:\/\/github\.com\/\.extraheader
2025-10-01T01:49:36.2323138Z [command]/usr/bin/git submodule foreach --recursive sh -c "git config --local --name-only --get-regexp 'http\.https\:\/\/github\.com\/\.extraheader' && git config --local --unset-all 'http.https://github.com/.extraheader' || :"
2025-10-01T01:49:36.2542849Z [command]/usr/bin/git config --local http.https://github.com/.extraheader AUTHORIZATION: basic ***
2025-10-01T01:49:36.2577788Z ##[endgroup]
2025-10-01T01:49:36.2578198Z ##[group]Fetching the repository
2025-10-01T01:49:36.2588014Z [command]/usr/bin/git -c protocol.version=2 fetch --no-tags --prune --no-recurse-submodules --depth=1 origin +6e60339a4ce3a96f27dc6a47abc76ec99e001a01:refs/remotes/origin/main
2025-10-01T01:49:37.4212654Z From https://github.com/Boss-1s/scratchattach
2025-10-01T01:49:37.4213251Z  * [new ref]         6e60339a4ce3a96f27dc6a47abc76ec99e001a01 -> origin/main
2025-10-01T01:49:37.4242618Z ##[endgroup]
2025-10-01T01:49:37.4243156Z ##[group]Determining the checkout info
2025-10-01T01:49:37.4245193Z ##[endgroup]
2025-10-01T01:49:37.4250239Z [command]/usr/bin/git sparse-checkout disable
2025-10-01T01:49:37.4337850Z [command]/usr/bin/git config --local --unset-all extensions.worktreeConfig
2025-10-01T01:49:37.4363083Z ##[group]Checking out the ref
2025-10-01T01:49:37.4366733Z [command]/usr/bin/git checkout --progress --force -B main refs/remotes/origin/main
2025-10-01T01:49:37.5795301Z Switched to a new branch 'main'
2025-10-01T01:49:37.5796117Z branch 'main' set up to track 'origin/main'.
2025-10-01T01:49:37.5818377Z ##[endgroup]
2025-10-01T01:49:37.5857158Z [command]/usr/bin/git log -1 --format=%H
2025-10-01T01:49:37.5882507Z 6e60339a4ce3a96f27dc6a47abc76ec99e001a01
2025-10-01T01:49:37.6059838Z ##[group]Run pawanbahuguna/action-logs@v2.0.0
2025-10-01T01:49:37.6060125Z env:
2025-10-01T01:49:37.6060705Z   GH_TOKEN: ***
2025-10-01T01:49:37.6060908Z   GH_REPO: Boss-1s/scratchattach
2025-10-01T01:49:37.6061126Z   LOGS_DIR: .logs
2025-10-01T01:49:37.6061303Z ##[endgroup]
2025-10-01T01:49:37.6147028Z ##[command]/usr/bin/docker run --name ba7b32fc42b0a60bf49518b401647e6295d0f_a4701a --label 9ba7b3 --workdir /github/workspace --rm -e "GH_TOKEN" -e "GH_REPO" -e "LOGS_DIR" -e "HOME" -e "GITHUB_JOB" -e "GITHUB_REF" -e "GITHUB_SHA" -e "GITHUB_REPOSITORY" -e "GITHUB_REPOSITORY_OWNER" -e "GITHUB_REPOSITORY_OWNER_ID" -e "GITHUB_RUN_ID" -e "GITHUB_RUN_NUMBER" -e "GITHUB_RETENTION_DAYS" -e "GITHUB_RUN_ATTEMPT" -e "GITHUB_ACTOR_ID" -e "GITHUB_ACTOR" -e "GITHUB_WORKFLOW" -e "GITHUB_HEAD_REF" -e "GITHUB_BASE_REF" -e "GITHUB_EVENT_NAME" -e "GITHUB_SERVER_URL" -e "GITHUB_API_URL" -e "GITHUB_GRAPHQL_URL" -e "GITHUB_REF_NAME" -e "GITHUB_REF_PROTECTED" -e "GITHUB_REF_TYPE" -e "GITHUB_WORKFLOW_REF" -e "GITHUB_WORKFLOW_SHA" -e "GITHUB_REPOSITORY_ID" -e "GITHUB_TRIGGERING_ACTOR" -e "GITHUB_WORKSPACE" -e "GITHUB_ACTION" -e "GITHUB_EVENT_PATH" -e "GITHUB_ACTION_REPOSITORY" -e "GITHUB_ACTION_REF" -e "GITHUB_PATH" -e "GITHUB_ENV" -e "GITHUB_STEP_SUMMARY" -e "GITHUB_STATE" -e "GITHUB_OUTPUT" -e "RUNNER_OS" -e "RUNNER_ARCH" -e "RUNNER_NAME" -e "RUNNER_ENVIRONMENT" -e "RUNNER_TOOL_CACHE" -e "RUNNER_TEMP" -e "RUNNER_WORKSPACE" -e "ACTIONS_RUNTIME_URL" -e "ACTIONS_RUNTIME_TOKEN" -e "ACTIONS_CACHE_URL" -e "ACTIONS_RESULTS_URL" -e GITHUB_ACTIONS=true -e CI=true -v "/var/run/docker.sock":"/var/run/docker.sock" -v "/home/runner/work/_temp/_github_home":"/github/home" -v "/home/runner/work/_temp/_github_workflow":"/github/workflow" -v "/home/runner/work/_temp/_runner_file_commands":"/github/file_commands" -v "/home/runner/work/scratchattach/scratchattach":"/github/workspace" 9ba7b3:2fc42b0a60bf49518b401647e6295d0f
2025-10-01T01:49:37.8416715Z Will only process 24hrs logs before or equal to 2025-09-30T01:49:37Z
2025-10-01T01:49:37.8417390Z Searching Workflow Runs
2025-10-01T01:49:40.6409104Z Fetching Job IDs
2025-10-01T01:49:45.6873036Z mkdir: can't create directory '.logs': File exists
2025-10-01T01:49:45.6879249Z Writing logs for job 51655162378
2025-10-01T01:49:45.9727233Z Writing logs for job 51654996583
2025-10-01T01:49:46.6219394Z Writing logs for job 51631556375
2025-10-01T01:49:47.3749571Z Writing logs for job 51629784684
2025-10-01T01:49:48.1341394Z Writing logs for job 51628931895
2025-10-01T01:49:48.8880217Z Writing logs for job 51627273438
2025-10-01T01:49:49.6517758Z Writing logs for job 51621146233
2025-10-01T01:49:50.2532611Z Writing logs for job 51621139515
2025-10-01T01:49:50.8377312Z Writing logs for job 51598403571
2025-10-01T01:49:51.5427825Z Writing logs for job 51594947182
2025-10-01T01:49:52.2221029Z Writing logs for job 51568263888
2025-10-01T01:49:52.9452573Z Writing logs for job 51566707757
2025-10-01T01:49:53.6089708Z Writing logs for job 51565466270
2025-10-01T01:49:54.2393722Z Writing logs for job 51555114853
2025-10-01T01:49:54.8241766Z Logs Downloaded and saved!
2025-10-01T01:49:54.8242164Z Starting cleanup
2025-10-01T01:49:54.8248711Z cleanup Completed!!
2025-10-01T01:49:54.9000240Z ##[group]Run git config --global user.name 'Boss_1s [via Actions]'
2025-10-01T01:49:54.9000808Z [36;1mgit config --global user.name 'Boss_1s [via Actions]'[0m
2025-10-01T01:49:54.9001245Z [36;1mgit config --global user.email 'Boss-1s[auto]@users.noreply.github.com'[0m
2025-10-01T01:49:54.9001636Z [36;1m[0m
2025-10-01T01:49:54.9001819Z [36;1mgit pull origin main[0m
2025-10-01T01:49:54.9002239Z [36;1m[0m
2025-10-01T01:49:54.9002450Z [36;1mGIT_STATUS_OUTPUT=$(git status --porcelain)[0m
2025-10-01T01:49:54.9002711Z [36;1m[0m
2025-10-01T01:49:54.9002905Z [36;1mif [ -z "$GIT_STATUS_OUTPUT" ]; then[0m
2025-10-01T01:49:54.9003236Z [36;1m  echo "Git working tree is clean (no uncommitted changes)."[0m
2025-10-01T01:49:54.9003542Z [36;1m  exit 0[0m
2025-10-01T01:49:54.9003714Z [36;1melse[0m
2025-10-01T01:49:54.9003930Z [36;1m  echo "Git working tree has uncommitted changes:"[0m
2025-10-01T01:49:54.9004224Z [36;1m  echo "$GIT_STATUS_OUTPUT"[0m
2025-10-01T01:49:54.9004556Z [36;1m  echo "These changes will be pushed to the main branch."[0m
2025-10-01T01:49:54.9004845Z [36;1mfi[0m
2025-10-01T01:49:54.9005006Z [36;1m[0m
2025-10-01T01:49:54.9005214Z [36;1mgit add .[0m
2025-10-01T01:49:54.9005422Z [36;1mgit commit -m "[BOT] Download Logs"[0m
2025-10-01T01:49:54.9005675Z [36;1mgit push origin main[0m
2025-10-01T01:49:54.9043326Z shell: /usr/bin/bash -e {0}
2025-10-01T01:49:54.9043723Z ##[endgroup]
2025-10-01T01:49:55.2754151Z From https://github.com/Boss-1s/scratchattach
2025-10-01T01:49:55.2754777Z  * branch            main       -> FETCH_HEAD
2025-10-01T01:49:55.2826313Z Already up to date.
2025-10-01T01:49:55.4029619Z Git working tree has uncommitted changes:
2025-10-01T01:49:55.4030104Z ?? .logs/logs-51555114853-2025-10-01.txt
2025-10-01T01:49:55.4030472Z ?? .logs/logs-51565466270-2025-10-01.txt
2025-10-01T01:49:55.4030845Z ?? .logs/logs-51566707757-2025-10-01.txt
2025-10-01T01:49:55.4031088Z ?? .logs/logs-51568263888-2025-10-01.txt
2025-10-01T01:49:55.4031340Z ?? .logs/logs-51594947182-2025-10-01.txt
2025-10-01T01:49:55.4031579Z ?? .logs/logs-51598403571-2025-10-01.txt
2025-10-01T01:49:55.4031967Z ?? .logs/logs-51621139515-2025-10-01.txt
2025-10-01T01:49:55.4032202Z ?? .logs/logs-51621146233-2025-10-01.txt
2025-10-01T01:49:55.4032429Z ?? .logs/logs-51627273438-2025-10-01.txt
2025-10-01T01:49:55.4032648Z ?? .logs/logs-51628931895-2025-10-01.txt
2025-10-01T01:49:55.4032886Z ?? .logs/logs-51629784684-2025-10-01.txt
2025-10-01T01:49:55.4033109Z ?? .logs/logs-51631556375-2025-10-01.txt
2025-10-01T01:49:55.4033337Z ?? .logs/logs-51654996583-2025-10-01.txt
2025-10-01T01:49:55.4033564Z ?? .logs/logs-51655162378-2025-10-01.txt
2025-10-01T01:49:55.4033822Z These changes will be pushed to the main branch.
2025-10-01T01:49:55.4323142Z [main 99b9692] [BOT] Download Logs
2025-10-01T01:49:55.4323577Z  14 files changed, 12719 insertions(+)
2025-10-01T01:49:55.4324034Z  create mode 100644 .logs/logs-51555114853-2025-10-01.txt
2025-10-01T01:49:55.4324408Z  create mode 100644 .logs/logs-51565466270-2025-10-01.txt
2025-10-01T01:49:55.4324733Z  create mode 100644 .logs/logs-51566707757-2025-10-01.txt
2025-10-01T01:49:55.4325029Z  create mode 100644 .logs/logs-51568263888-2025-10-01.txt
2025-10-01T01:49:55.4325328Z  create mode 100644 .logs/logs-51594947182-2025-10-01.txt
2025-10-01T01:49:55.4325742Z  create mode 100644 .logs/logs-51598403571-2025-10-01.txt
2025-10-01T01:49:55.4326292Z  create mode 100644 .logs/logs-51621139515-2025-10-01.txt
2025-10-01T01:49:55.4326813Z  create mode 100644 .logs/logs-51621146233-2025-10-01.txt
2025-10-01T01:49:55.4327344Z  create mode 100644 .logs/logs-51627273438-2025-10-01.txt
2025-10-01T01:49:55.4327754Z  create mode 100644 .logs/logs-51628931895-2025-10-01.txt
2025-10-01T01:49:55.4328054Z  create mode 100644 .logs/logs-51629784684-2025-10-01.txt
2025-10-01T01:49:55.4328347Z  create mode 100644 .logs/logs-51631556375-2025-10-01.txt
2025-10-01T01:49:55.4328645Z  create mode 100644 .logs/logs-51654996583-2025-10-01.txt
2025-10-01T01:49:55.4329386Z  create mode 100644 .logs/logs-51655162378-2025-10-01.txt
2025-10-01T01:49:56.3883028Z To https://github.com/Boss-1s/scratchattach
2025-10-01T01:49:56.3883578Z    6e60339..99b9692  main -> main
2025-10-01T01:49:56.4051977Z Post job cleanup.
2025-10-01T01:49:56.4822369Z [command]/usr/bin/git version
2025-10-01T01:49:56.4857695Z git version 2.51.0
2025-10-01T01:49:56.4888561Z Copying '/home/runner/.gitconfig' to '/home/runner/work/_temp/e3c4e7ae-f0f8-462c-9c5f-8d13b612e74a/.gitconfig'
2025-10-01T01:49:56.4898426Z Temporarily overriding HOME='/home/runner/work/_temp/e3c4e7ae-f0f8-462c-9c5f-8d13b612e74a' before making global git config changes
2025-10-01T01:49:56.4899692Z Adding repository directory to the temporary git global config as a safe directory
2025-10-01T01:49:56.4903670Z [command]/usr/bin/git config --global --add safe.directory /home/runner/work/scratchattach/scratchattach
2025-10-01T01:49:56.4939207Z [command]/usr/bin/git config --local --name-only --get-regexp core\.sshCommand
2025-10-01T01:49:56.4970583Z [command]/usr/bin/git submodule foreach --recursive sh -c "git config --local --name-only --get-regexp 'core\.sshCommand' && git config --local --unset-all 'core.sshCommand' || :"
2025-10-01T01:49:56.5189824Z [command]/usr/bin/git config --local --name-only --get-regexp http\.https\:\/\/github\.com\/\.extraheader
2025-10-01T01:49:56.5212838Z http.https://github.com/.extraheader
2025-10-01T01:49:56.5222472Z [command]/usr/bin/git config --local --unset-all http.https://github.com/.extraheader
2025-10-01T01:49:56.5252774Z [command]/usr/bin/git submodule foreach --recursive sh -c "git config --local --name-only --get-regexp 'http\.https\:\/\/github\.com\/\.extraheader' && git config --local --unset-all 'http.https://github.com/.extraheader' || :"
2025-10-01T01:49:56.5581536Z Cleaning up orphan processes
