2026-01-28T23:16:20.4942370Z Current runner version: '2.331.0'
2026-01-28T23:16:20.4965966Z ##[group]Runner Image Provisioner
2026-01-28T23:16:20.4966663Z Hosted Compute Agent
2026-01-28T23:16:20.4967182Z Version: 20260115.477
2026-01-28T23:16:20.4967694Z Commit: 4b342d620503cbe250a3154040964899ea7c9b00
2026-01-28T23:16:20.4968347Z Build Date: 2026-01-15T22:32:41Z
2026-01-28T23:16:20.4968943Z Worker ID: {67d0b82f-6294-4966-a5e0-cd6cf105d51b}
2026-01-28T23:16:20.4969559Z Azure Region: westus3
2026-01-28T23:16:20.4970089Z ##[endgroup]
2026-01-28T23:16:20.4971271Z ##[group]Operating System
2026-01-28T23:16:20.4971855Z Microsoft Windows Server 2025
2026-01-28T23:16:20.4972335Z 10.0.26100
2026-01-28T23:16:20.4972769Z Datacenter
2026-01-28T23:16:20.4973176Z ##[endgroup]
2026-01-28T23:16:20.4973608Z ##[group]Runner Image
2026-01-28T23:16:20.4974093Z Image: windows-2025
2026-01-28T23:16:20.4974950Z Version: 20260119.4.1
2026-01-28T23:16:20.4976243Z Included Software: https://github.com/actions/runner-images/blob/win25/20260119.4/images/windows/Windows2025-Readme.md
2026-01-28T23:16:20.4977630Z Image Release: https://github.com/actions/runner-images/releases/tag/win25%2F20260119.4
2026-01-28T23:16:20.4978404Z ##[endgroup]
2026-01-28T23:16:20.4979321Z ##[group]GITHUB_TOKEN Permissions
2026-01-28T23:16:20.4980995Z Contents: read
2026-01-28T23:16:20.4981478Z Metadata: read
2026-01-28T23:16:20.4981899Z ##[endgroup]
2026-01-28T23:16:20.4983777Z Secret source: Actions
2026-01-28T23:16:20.4984355Z Prepare workflow directory
2026-01-28T23:16:20.5410215Z Prepare all required actions
2026-01-28T23:16:20.5465000Z Getting action download info
2026-01-28T23:16:20.9106997Z Download action repository 'actions/checkout@v6.0.1' (SHA:8e8c483db84b4bee98b60c0593521ed34d9990e8)
2026-01-28T23:16:21.0367410Z Download action repository 'actions/setup-python@v6.1.0' (SHA:83679a892e2d95755f2dac6acb0bfd1e9ac5d548)
2026-01-28T23:16:21.3077840Z Complete job name: build (3.12, windows-latest)
2026-01-28T23:16:21.4460544Z ##[group]Run actions/checkout@v6.0.1
2026-01-28T23:16:21.4461527Z with:
2026-01-28T23:16:21.4461902Z   repository: Boss-1s/scratchattach
2026-01-28T23:16:21.4462612Z   token: ***
2026-01-28T23:16:21.4463032Z   ssh-strict: true
2026-01-28T23:16:21.4463470Z   ssh-user: git
2026-01-28T23:16:21.4463918Z   persist-credentials: true
2026-01-28T23:16:21.4464424Z   clean: true
2026-01-28T23:16:21.4464874Z   sparse-checkout-cone-mode: true
2026-01-28T23:16:21.4465416Z   fetch-depth: 1
2026-01-28T23:16:21.4465862Z   fetch-tags: false
2026-01-28T23:16:21.4466313Z   show-progress: true
2026-01-28T23:16:21.4466775Z   lfs: false
2026-01-28T23:16:21.4467185Z   submodules: false
2026-01-28T23:16:21.4467647Z   set-safe-directory: true
2026-01-28T23:16:21.4468373Z ##[endgroup]
2026-01-28T23:16:21.5846795Z Syncing repository: Boss-1s/scratchattach
2026-01-28T23:16:21.5850228Z ##[group]Getting Git version info
2026-01-28T23:16:21.5851405Z Working directory is 'D:\a\scratchattach\scratchattach'
2026-01-28T23:16:21.7152481Z [command]"C:\Program Files\Git\bin\git.exe" version
2026-01-28T23:16:22.0780147Z git version 2.52.0.windows.1
2026-01-28T23:16:22.0831221Z ##[endgroup]
2026-01-28T23:16:22.0853805Z Temporarily overriding HOME='D:\a\_temp\7b6668cc-58af-4891-ba3d-9c9d88201b34' before making global git config changes
2026-01-28T23:16:22.0856128Z Adding repository directory to the temporary git global config as a safe directory
2026-01-28T23:16:22.0864895Z [command]"C:\Program Files\Git\bin\git.exe" config --global --add safe.directory D:\a\scratchattach\scratchattach
2026-01-28T23:16:22.1456780Z Deleting the contents of 'D:\a\scratchattach\scratchattach'
2026-01-28T23:16:22.1464402Z ##[group]Initializing the repository
2026-01-28T23:16:22.1473771Z [command]"C:\Program Files\Git\bin\git.exe" init D:\a\scratchattach\scratchattach
2026-01-28T23:16:22.2394131Z Initialized empty Git repository in D:/a/scratchattach/scratchattach/.git/
2026-01-28T23:16:22.2439581Z [command]"C:\Program Files\Git\bin\git.exe" remote add origin https://github.com/Boss-1s/scratchattach
2026-01-28T23:16:22.2966588Z ##[endgroup]
2026-01-28T23:16:22.2967608Z ##[group]Disabling automatic garbage collection
2026-01-28T23:16:22.2975570Z [command]"C:\Program Files\Git\bin\git.exe" config --local gc.auto 0
2026-01-28T23:16:22.3259246Z ##[endgroup]
2026-01-28T23:16:22.3260917Z ##[group]Setting up auth
2026-01-28T23:16:22.3261809Z Removing SSH command configuration
2026-01-28T23:16:22.3272750Z [command]"C:\Program Files\Git\bin\git.exe" config --local --name-only --get-regexp core\.sshCommand
2026-01-28T23:16:22.3567803Z [command]"C:\Program Files\Git\bin\git.exe" submodule foreach --recursive "sh -c \"git config --local --name-only --get-regexp 'core\.sshCommand' && git config --local --unset-all 'core.sshCommand' || :\""
2026-01-28T23:16:23.7424728Z Removing HTTP extra header
2026-01-28T23:16:23.7437191Z [command]"C:\Program Files\Git\bin\git.exe" config --local --name-only --get-regexp http\.https\:\/\/github\.com\/\.extraheader
2026-01-28T23:16:23.7725207Z [command]"C:\Program Files\Git\bin\git.exe" submodule foreach --recursive "sh -c \"git config --local --name-only --get-regexp 'http\.https\:\/\/github\.com\/\.extraheader' && git config --local --unset-all 'http.https://github.com/.extraheader' || :\""
2026-01-28T23:16:24.2692404Z Removing includeIf entries pointing to credentials config files
2026-01-28T23:16:24.2702629Z [command]"C:\Program Files\Git\bin\git.exe" config --local --name-only --get-regexp ^includeIf\.gitdir:
2026-01-28T23:16:24.2981858Z [command]"C:\Program Files\Git\bin\git.exe" submodule foreach --recursive "git config --local --show-origin --name-only --get-regexp remote.origin.url"
2026-01-28T23:16:24.8253107Z [command]"C:\Program Files\Git\bin\git.exe" config --file D:\a\_temp\git-credentials-fb3b5f19-3a52-414c-9b7d-ef7bc80abc0f.config http.https://github.com/.extraheader "AUTHORIZATION: basic ***"
2026-01-28T23:16:24.8586683Z [command]"C:\Program Files\Git\bin\git.exe" config --local includeIf.gitdir:D:/a/scratchattach/scratchattach/.git.path D:\a\_temp\git-credentials-fb3b5f19-3a52-414c-9b7d-ef7bc80abc0f.config
2026-01-28T23:16:24.8876721Z [command]"C:\Program Files\Git\bin\git.exe" config --local includeIf.gitdir:D:/a/scratchattach/scratchattach/.git/worktrees/*.path D:\a\_temp\git-credentials-fb3b5f19-3a52-414c-9b7d-ef7bc80abc0f.config
2026-01-28T23:16:24.9207614Z [command]"C:\Program Files\Git\bin\git.exe" config --local includeIf.gitdir:/github/workspace/.git.path /github/runner_temp/git-credentials-fb3b5f19-3a52-414c-9b7d-ef7bc80abc0f.config
2026-01-28T23:16:24.9518568Z [command]"C:\Program Files\Git\bin\git.exe" config --local includeIf.gitdir:/github/workspace/.git/worktrees/*.path /github/runner_temp/git-credentials-fb3b5f19-3a52-414c-9b7d-ef7bc80abc0f.config
2026-01-28T23:16:24.9819533Z ##[endgroup]
2026-01-28T23:16:24.9820081Z ##[group]Fetching the repository
2026-01-28T23:16:24.9841415Z [command]"C:\Program Files\Git\bin\git.exe" -c protocol.version=2 fetch --no-tags --prune --no-recurse-submodules --depth=1 origin +207ca2ad028a3fecef309a1c01a46cfba304bd22:refs/remotes/origin/key_multivalue_storage_refactor
2026-01-28T23:16:28.9099289Z From https://github.com/Boss-1s/scratchattach
2026-01-28T23:16:28.9100375Z  * [new ref]         207ca2ad028a3fecef309a1c01a46cfba304bd22 -> origin/key_multivalue_storage_refactor
2026-01-28T23:16:28.9377480Z ##[endgroup]
2026-01-28T23:16:28.9378321Z ##[group]Determining the checkout info
2026-01-28T23:16:28.9380898Z ##[endgroup]
2026-01-28T23:16:28.9391078Z [command]"C:\Program Files\Git\bin\git.exe" sparse-checkout disable
2026-01-28T23:16:28.9825260Z [command]"C:\Program Files\Git\bin\git.exe" config --local --unset-all extensions.worktreeConfig
2026-01-28T23:16:29.0118162Z ##[group]Checking out the ref
2026-01-28T23:16:29.0126783Z [command]"C:\Program Files\Git\bin\git.exe" checkout --progress --force -B key_multivalue_storage_refactor refs/remotes/origin/key_multivalue_storage_refactor
2026-01-28T23:16:30.1238499Z Updating files:  70% (1902/2681)
2026-01-28T23:16:30.1331664Z Updating files:  71% (1904/2681)
2026-01-28T23:16:30.1431833Z Updating files:  72% (1931/2681)
2026-01-28T23:16:30.1537687Z Updating files:  73% (1958/2681)
2026-01-28T23:16:30.1656615Z Updating files:  74% (1984/2681)
2026-01-28T23:16:30.1742930Z Updating files:  75% (2011/2681)
2026-01-28T23:16:30.1857047Z Updating files:  76% (2038/2681)
2026-01-28T23:16:30.1954268Z Updating files:  77% (2065/2681)
2026-01-28T23:16:30.2060206Z Updating files:  78% (2092/2681)
2026-01-28T23:16:30.2160576Z Updating files:  79% (2118/2681)
2026-01-28T23:16:30.2255608Z Updating files:  80% (2145/2681)
2026-01-28T23:16:30.2357004Z Updating files:  81% (2172/2681)
2026-01-28T23:16:30.2559210Z Updating files:  82% (2199/2681)
2026-01-28T23:16:30.2703840Z Updating files:  83% (2226/2681)
2026-01-28T23:16:30.2858112Z Updating files:  84% (2253/2681)
2026-01-28T23:16:30.3070039Z Updating files:  85% (2279/2681)
2026-01-28T23:16:30.3148714Z Updating files:  86% (2306/2681)
2026-01-28T23:16:30.3230474Z Updating files:  87% (2333/2681)
2026-01-28T23:16:30.3306906Z Updating files:  88% (2360/2681)
2026-01-28T23:16:30.3453961Z Updating files:  89% (2387/2681)
2026-01-28T23:16:30.3579012Z Updating files:  90% (2413/2681)
2026-01-28T23:16:30.3732024Z Updating files:  91% (2440/2681)
2026-01-28T23:16:30.3860100Z Updating files:  92% (2467/2681)
2026-01-28T23:16:30.3962657Z Updating files:  93% (2494/2681)
2026-01-28T23:16:30.4153587Z Updating files:  94% (2521/2681)
2026-01-28T23:16:30.4299772Z Updating files:  95% (2547/2681)
2026-01-28T23:16:30.4474861Z Updating files:  96% (2574/2681)
2026-01-28T23:16:31.1209570Z Updating files:  97% (2601/2681)
2026-01-28T23:16:31.3318895Z Updating files:  98% (2628/2681)
2026-01-28T23:16:31.4816104Z Updating files:  99% (2655/2681)
2026-01-28T23:16:31.4818642Z Updating files: 100% (2681/2681)
2026-01-28T23:16:31.4819051Z Updating files: 100% (2681/2681), done.
2026-01-28T23:16:31.5029719Z branch 'key_multivalue_storage_refactor' set up to track 'origin/key_multivalue_storage_refactor'.
2026-01-28T23:16:31.5062568Z Switched to a new branch 'key_multivalue_storage_refactor'
2026-01-28T23:16:31.5210971Z ##[endgroup]
2026-01-28T23:16:31.6044902Z [command]"C:\Program Files\Git\bin\git.exe" log -1 --format=%H
2026-01-28T23:16:31.6321302Z 207ca2ad028a3fecef309a1c01a46cfba304bd22
2026-01-28T23:16:31.6841525Z ##[group]Run actions/setup-python@v6.1.0
2026-01-28T23:16:31.6841856Z with:
2026-01-28T23:16:31.6842015Z   python-version: 3.12
2026-01-28T23:16:31.6842213Z   check-latest: false
2026-01-28T23:16:31.6842535Z   token: ***
2026-01-28T23:16:31.6842712Z   update-environment: true
2026-01-28T23:16:31.6842910Z   allow-prereleases: false
2026-01-28T23:16:31.6843099Z   freethreaded: false
2026-01-28T23:16:31.6843262Z ##[endgroup]
2026-01-28T23:16:31.8359223Z ##[group]Installed versions
2026-01-28T23:16:31.8611649Z (node:7152) [DEP0040] DeprecationWarning: The `punycode` module is deprecated. Please use a userland alternative instead.
2026-01-28T23:16:31.8612332Z (Use `node --trace-deprecation ...` to show where the warning was created)
2026-01-28T23:16:31.8613729Z Successfully set up CPython (3.12.10)
2026-01-28T23:16:31.8614313Z ##[endgroup]
2026-01-28T23:16:31.8871256Z ##[group]Run cd test
2026-01-28T23:16:31.8871559Z [36;1mcd test[0m
2026-01-28T23:16:31.8871744Z [36;1mpython3 o_test1.py[0m
2026-01-28T23:16:31.9665725Z shell: C:\Program Files\PowerShell\7\pwsh.EXE -command ". '{0}'"
2026-01-28T23:16:31.9666129Z env:
2026-01-28T23:16:31.9666431Z   pythonLocation: C:\hostedtoolcache\windows\Python\3.12.10\x64
2026-01-28T23:16:31.9667017Z   PKG_CONFIG_PATH: C:\hostedtoolcache\windows\Python\3.12.10\x64/lib/pkgconfig
2026-01-28T23:16:31.9667550Z   Python_ROOT_DIR: C:\hostedtoolcache\windows\Python\3.12.10\x64
2026-01-28T23:16:31.9668038Z   Python2_ROOT_DIR: C:\hostedtoolcache\windows\Python\3.12.10\x64
2026-01-28T23:16:31.9668520Z   Python3_ROOT_DIR: C:\hostedtoolcache\windows\Python\3.12.10\x64
2026-01-28T23:16:31.9668909Z ##[endgroup]
2026-01-28T23:16:42.9809390Z [key_multivalue_storage.py]  Delete.all: INFO: Deleted all data from otest.json sucessfully.
2026-01-28T23:16:42.9810599Z Sucessfully deleted all data from otest.json.
2026-01-28T23:16:42.9811078Z Begin test
2026-01-28T23:16:42.9811313Z --------------------
2026-01-28T23:16:42.9812619Z Part 1: Storing, Editing, and Deleting via JSON
2026-01-28T23:16:42.9813046Z --------------------
2026-01-28T23:16:42.9813811Z [key_multivalue_storage.py]  __setattr__: INFO: Attempting to set 'instance_id' to '2497b400-cb31-4bae-ac4b-72a8ac329215'
2026-01-28T23:16:42.9814963Z [key_multivalue_storage.py]  __setattr__: INFO: Attempting to set 'key' to 'test_top_level_key'
2026-01-28T23:16:42.9816136Z [key_multivalue_storage.py]  __setattr__: INFO: Attempting to set 'values' to '{'sk1': 'val1', 'sk2': 'skibidi toilet'}'
2026-01-28T23:16:42.9817409Z [key_multivalue_storage.py]  store: INFO: Data for key 'test_top_level_key' stored successfully in 'otest.json'.
2026-01-28T23:16:42.9818497Z Sucessfully added values ['val1', 'skibidi toilet'] to subkeys ['sk1', 'sk2'], respectively.
2026-01-28T23:16:42.9819402Z [key_multivalue_storage.py]  Load.values: DEBUG: file_path=otest.json
2026-01-28T23:16:42.9820160Z [key_multivalue_storage.py]  Load.values: DEBUG: key=test_top_level_key
2026-01-28T23:16:42.9820853Z [key_multivalue_storage.py]  Load.values: DEBUG: keys=True
2026-01-28T23:16:42.9821449Z [key_multivalue_storage.py]  Load.values: DEBUG: raw=False
2026-01-28T23:16:42.9822565Z [key_multivalue_storage.py]  Load.values: DEBUG: loaded_data={'test_top_level_key': {'sk1': 23724622312, 'sk2': 240225226233226243226241234224226223242234}}
2026-01-28T23:16:42.9823810Z [key_multivalue_storage.py]  Load.values: DEBUG: key in loaded_data? True
2026-01-28T23:16:42.9825085Z [key_multivalue_storage.py]  Load.values: DEBUG: dict_to_load={'test_top_level_key': {'sk1': 23724622312, 'sk2': 240225226233226243226241234224226223242234}}
2026-01-28T23:16:42.9826715Z [key_multivalue_storage.py]  _from_dict: DEBUG: data_dict={'test_top_level_key': {'sk1': 23724622312, 'sk2': 240225226233226243226241234224226223242234}}
2026-01-28T23:16:42.9830116Z [key_multivalue_storage.py]  _from_dict: DEBUG: data_dict=False
2026-01-28T23:16:42.9830913Z [key_multivalue_storage.py]  _decode: DEBUG: totalchars 2
2026-01-28T23:16:42.9831578Z [key_multivalue_storage.py]  _decode: DEBUG: currentchar=37
2026-01-28T23:16:42.9832215Z [key_multivalue_storage.py]  _decode: DEBUG: totalchars 2
2026-01-28T23:16:42.9832848Z [key_multivalue_storage.py]  _decode: DEBUG: currentchar=46
2026-01-28T23:16:42.9833471Z [key_multivalue_storage.py]  _decode: DEBUG: totalchars 2
2026-01-28T23:16:42.9834083Z [key_multivalue_storage.py]  _decode: DEBUG: currentchar=23
2026-01-28T23:16:42.9834697Z [key_multivalue_storage.py]  _decode: DEBUG: totalchars 1
2026-01-28T23:16:42.9835292Z [key_multivalue_storage.py]  _decode: DEBUG: currentchar=2
2026-01-28T23:16:42.9835890Z [key_multivalue_storage.py]  _decode: DEBUG: totalchars 2
2026-01-28T23:16:42.9836483Z [key_multivalue_storage.py]  _decode: DEBUG: currentchar=40
2026-01-28T23:16:42.9837136Z [key_multivalue_storage.py]  _decode: DEBUG: totalchars 2
2026-01-28T23:16:42.9840187Z [key_multivalue_storage.py]  _decode: DEBUG: currentchar=25
2026-01-28T23:16:42.9840911Z [key_multivalue_storage.py]  _decode: DEBUG: totalchars 2
2026-01-28T23:16:42.9841461Z [key_multivalue_storage.py]  _decode: DEBUG: currentchar=26
2026-01-28T23:16:42.9841852Z [key_multivalue_storage.py]  _decode: DEBUG: totalchars 2
2026-01-28T23:16:42.9842206Z [key_multivalue_storage.py]  _decode: DEBUG: currentchar=33
2026-01-28T23:16:42.9842541Z [key_multivalue_storage.py]  _decode: DEBUG: totalchars 2
2026-01-28T23:16:42.9842875Z [key_multivalue_storage.py]  _decode: DEBUG: currentchar=26
2026-01-28T23:16:42.9843209Z [key_multivalue_storage.py]  _decode: DEBUG: totalchars 2
2026-01-28T23:16:42.9843536Z [key_multivalue_storage.py]  _decode: DEBUG: currentchar=43
2026-01-28T23:16:42.9843866Z [key_multivalue_storage.py]  _decode: DEBUG: totalchars 2
2026-01-28T23:16:42.9844393Z [key_multivalue_storage.py]  _decode: DEBUG: currentchar=26
2026-01-28T23:16:42.9844732Z [key_multivalue_storage.py]  _decode: DEBUG: totalchars 2
2026-01-28T23:16:42.9845062Z [key_multivalue_storage.py]  _decode: DEBUG: currentchar=41
2026-01-28T23:16:42.9845387Z [key_multivalue_storage.py]  _decode: DEBUG: totalchars 2
2026-01-28T23:16:42.9845710Z [key_multivalue_storage.py]  _decode: DEBUG: currentchar=34
2026-01-28T23:16:42.9846029Z [key_multivalue_storage.py]  _decode: DEBUG: totalchars 2
2026-01-28T23:16:42.9846344Z [key_multivalue_storage.py]  _decode: DEBUG: currentchar=24
2026-01-28T23:16:42.9846662Z [key_multivalue_storage.py]  _decode: DEBUG: totalchars 2
2026-01-28T23:16:42.9846974Z [key_multivalue_storage.py]  _decode: DEBUG: currentchar=26
2026-01-28T23:16:42.9847283Z [key_multivalue_storage.py]  _decode: DEBUG: totalchars 2
2026-01-28T23:16:42.9847665Z [key_multivalue_storage.py]  _decode: DEBUG: currentchar=23
2026-01-28T23:16:42.9848141Z [key_multivalue_storage.py]  _decode: DEBUG: totalchars 2
2026-01-28T23:16:42.9848453Z [key_multivalue_storage.py]  _decode: DEBUG: currentchar=42
2026-01-28T23:16:42.9848977Z [key_multivalue_storage.py]  _decode: DEBUG: totalchars 2
2026-01-28T23:16:42.9849285Z [key_multivalue_storage.py]  _decode: DEBUG: currentchar=34
2026-01-28T23:16:42.9849814Z [key_multivalue_storage.py]  __setattr__: INFO: Attempting to set 'instance_id' to '057d3b8b-0c9e-4473-9241-3e6a3938ee38'
2026-01-28T23:16:42.9850455Z [key_multivalue_storage.py]  __setattr__: INFO: Attempting to set 'key' to 'test_top_level_key'
2026-01-28T23:16:42.9851080Z [key_multivalue_storage.py]  __setattr__: INFO: Attempting to set 'values' to '{'sk1': 'val1', 'sk2': 'skibidi toilet'}'
2026-01-28T23:16:42.9851655Z [key_multivalue_storage.py]  Load.values: DEBUG: items.append(f'sk1: val1')
2026-01-28T23:16:42.9852120Z [key_multivalue_storage.py]  Load.values: DEBUG: items.append(f'sk2: skibidi toilet')
2026-01-28T23:16:42.9852580Z [key_multivalue_storage.py]  Load.values: DEBUG: file_path=otest.json
2026-01-28T23:16:42.9852998Z [key_multivalue_storage.py]  Load.values: DEBUG: key=test_top_level_key
2026-01-28T23:16:42.9853379Z [key_multivalue_storage.py]  Load.values: DEBUG: keys=False
2026-01-28T23:16:42.9853715Z [key_multivalue_storage.py]  Load.values: DEBUG: raw=False
2026-01-28T23:16:42.9854319Z [key_multivalue_storage.py]  Load.values: DEBUG: loaded_data={'test_top_level_key': {'sk1': 23724622312, 'sk2': 240225226233226243226241234224226223242234}}
2026-01-28T23:16:42.9854983Z [key_multivalue_storage.py]  Load.values: DEBUG: key in loaded_data? True
2026-01-28T23:16:42.9855631Z [key_multivalue_storage.py]  Load.values: DEBUG: dict_to_load={'test_top_level_key': {'sk1': 23724622312, 'sk2': 240225226233226243226241234224226223242234}}
2026-01-28T23:16:42.9856533Z [key_multivalue_storage.py]  _from_dict: DEBUG: data_dict={'test_top_level_key': {'sk1': 23724622312, 'sk2': 240225226233226243226241234224226223242234}}
2026-01-28T23:16:42.9857149Z [key_multivalue_storage.py]  _from_dict: DEBUG: data_dict=False
2026-01-28T23:16:42.9857496Z [key_multivalue_storage.py]  _decode: DEBUG: totalchars 2
2026-01-28T23:16:42.9858426Z [key_multivalue_storage.py]  _decode: DEBUG: currentchar=37
2026-01-28T23:16:42.9858812Z [key_multivalue_storage.py]  _decode: DEBUG: totalchars 2
2026-01-28T23:16:42.9859148Z [key_multivalue_storage.py]  _decode: DEBUG: currentchar=46
2026-01-28T23:16:42.9859476Z [key_multivalue_storage.py]  _decode: DEBUG: totalchars 2
2026-01-28T23:16:42.9859792Z [key_multivalue_storage.py]  _decode: DEBUG: currentchar=23
2026-01-28T23:16:42.9860113Z [key_multivalue_storage.py]  _decode: DEBUG: totalchars 1
2026-01-28T23:16:42.9860430Z [key_multivalue_storage.py]  _decode: DEBUG: currentchar=2
2026-01-28T23:16:42.9860755Z [key_multivalue_storage.py]  _decode: DEBUG: totalchars 2
2026-01-28T23:16:42.9861069Z [key_multivalue_storage.py]  _decode: DEBUG: currentchar=40
2026-01-28T23:16:42.9861395Z [key_multivalue_storage.py]  _decode: DEBUG: totalchars 2
2026-01-28T23:16:42.9862236Z [key_multivalue_storage.py]  _decode: DEBUG: currentchar=25
2026-01-28T23:16:42.9862559Z [key_multivalue_storage.py]  _decode: DEBUG: totalchars 2
2026-01-28T23:16:42.9862880Z [key_multivalue_storage.py]  _decode: DEBUG: currentchar=26
2026-01-28T23:16:42.9863190Z [key_multivalue_storage.py]  _decode: DEBUG: totalchars 2
2026-01-28T23:16:42.9863507Z [key_multivalue_storage.py]  _decode: DEBUG: currentchar=33
2026-01-28T23:16:42.9863815Z [key_multivalue_storage.py]  _decode: DEBUG: totalchars 2
2026-01-28T23:16:42.9864128Z [key_multivalue_storage.py]  _decode: DEBUG: currentchar=26
2026-01-28T23:16:42.9864522Z [key_multivalue_storage.py]  _decode: DEBUG: totalchars 2
2026-01-28T23:16:42.9864986Z [key_multivalue_storage.py]  _decode: DEBUG: currentchar=43
2026-01-28T23:16:42.9865299Z [key_multivalue_storage.py]  _decode: DEBUG: totalchars 2
2026-01-28T23:16:42.9865605Z [key_multivalue_storage.py]  _decode: DEBUG: currentchar=26
2026-01-28T23:16:42.9865917Z [key_multivalue_storage.py]  _decode: DEBUG: totalchars 2
2026-01-28T23:16:42.9866239Z [key_multivalue_storage.py]  _decode: DEBUG: currentchar=41
2026-01-28T23:16:42.9866552Z [key_multivalue_storage.py]  _decode: DEBUG: totalchars 2
2026-01-28T23:16:42.9866857Z [key_multivalue_storage.py]  _decode: DEBUG: currentchar=34
2026-01-28T23:16:42.9867170Z [key_multivalue_storage.py]  _decode: DEBUG: totalchars 2
2026-01-28T23:16:42.9867494Z [key_multivalue_storage.py]  _decode: DEBUG: currentchar=24
2026-01-28T23:16:42.9867874Z [key_multivalue_storage.py]  _decode: DEBUG: totalchars 2
2026-01-28T23:16:42.9868297Z [key_multivalue_storage.py]  _decode: DEBUG: currentchar=26
2026-01-28T23:16:42.9868612Z [key_multivalue_storage.py]  _decode: DEBUG: totalchars 2
2026-01-28T23:16:42.9869104Z [key_multivalue_storage.py]  _decode: DEBUG: currentchar=23
2026-01-28T23:16:42.9869421Z [key_multivalue_storage.py]  _decode: DEBUG: totalchars 2
2026-01-28T23:16:42.9869731Z [key_multivalue_storage.py]  _decode: DEBUG: currentchar=42
2026-01-28T23:16:42.9870048Z [key_multivalue_storage.py]  _decode: DEBUG: totalchars 2
2026-01-28T23:16:42.9870358Z [key_multivalue_storage.py]  _decode: DEBUG: currentchar=34
2026-01-28T23:16:42.9870875Z [key_multivalue_storage.py]  __setattr__: INFO: Attempting to set 'instance_id' to '48ae1728-2389-4e4f-b435-d3a8b5f3585f'
2026-01-28T23:16:42.9871507Z [key_multivalue_storage.py]  __setattr__: INFO: Attempting to set 'key' to 'test_top_level_key'
2026-01-28T23:16:42.9872124Z [key_multivalue_storage.py]  __setattr__: INFO: Attempting to set 'values' to '{'sk1': 'val1', 'sk2': 'skibidi toilet'}'
2026-01-28T23:16:42.9872668Z [key_multivalue_storage.py]  Load.values: DEBUG: items.append(val1)
2026-01-28T23:16:42.9873090Z [key_multivalue_storage.py]  Load.values: DEBUG: items.append(skibidi toilet)
2026-01-28T23:16:42.9873717Z [key_multivalue_storage.py]  __setattr__: INFO: Attempting to set 'instance_id' to '0658d888-bba6-4320-9093-1ddaca43c129'
2026-01-28T23:16:42.9927756Z [key_multivalue_storage.py]  __setattr__: INFO: Attempting to set 'key' to 'test_top_level_key2'
2026-01-28T23:16:42.9930630Z D:\a\scratchattach\scratchattach\key_multivalue_storage.py:672: AdditionFailureWarning: __add__: WARNING: AdditionFailureWarning: WARNING! You are strongly advised against adding a Storage instance and a dict/list together, as it may break the Storage instance that is created.
2026-01-28T23:16:42.9933058Z   warnings.warn(self.AdditionFailureWarning("WARNING! You are strongly advised against adding a Storage "+
2026-01-28T23:16:42.9935991Z D:\a\scratchattach\scratchattach\key_multivalue_storage.py:678: AdditionFailureWarning: __add__: WARNING: AdditionFailureWarning: WARNING! You are strongly advised against adding a Storage instance and a dict/list together, as it may break the Storage instance that is created.
2026-01-28T23:16:42.9938508Z   warnings.warn(self.AdditionFailureWarning("WARNING! You are strongly advised against adding a Storage "+
2026-01-28T23:16:42.9939695Z [key_multivalue_storage.py]  __setattr__: INFO: Attempting to set 'values' to '{'sk1': 'val1', 'sk2': 'the fate of sigma'}'
2026-01-28T23:16:42.9941080Z [key_multivalue_storage.py]  store: INFO: Data for key 'test_top_level_key2' stored successfully in 'otest.json'.
2026-01-28T23:16:42.9942061Z Sucessfully added values ['val1', 'the fate of sigma'] to subkeys ['sk1', 'sk2'], respectively.
2026-01-28T23:16:42.9942837Z [key_multivalue_storage.py]  Load.values: DEBUG: file_path=otest.json
2026-01-28T23:16:42.9943496Z [key_multivalue_storage.py]  Load.values: DEBUG: key=test_top_level_key2
2026-01-28T23:16:42.9944117Z [key_multivalue_storage.py]  Load.values: DEBUG: keys=True
2026-01-28T23:16:42.9944642Z [key_multivalue_storage.py]  Load.values: DEBUG: raw=False
2026-01-28T23:16:42.9946119Z [key_multivalue_storage.py]  Load.values: DEBUG: loaded_data={'test_top_level_key': {'sk1': 23724622312, 'sk2': 240225226233226243226241234224226223242234}, 'test_top_level_key2': {'sk1': 23724622312, 'sk2': 234232242241235246234242241224235241240226238227246}}
2026-01-28T23:16:42.9947773Z [key_multivalue_storage.py]  Load.values: DEBUG: key in loaded_data? True
2026-01-28T23:16:42.9948910Z [key_multivalue_storage.py]  Load.values: DEBUG: dict_to_load={'test_top_level_key2': {'sk1': 23724622312, 'sk2': 234232242241235246234242241224235241240226238227246}}
2026-01-28T23:16:42.9950429Z [key_multivalue_storage.py]  _from_dict: DEBUG: data_dict={'test_top_level_key2': {'sk1': 23724622312, 'sk2': 234232242241235246234242241224235241240226238227246}}
2026-01-28T23:16:42.9951777Z [key_multivalue_storage.py]  _from_dict: DEBUG: data_dict=False
2026-01-28T23:16:42.9952341Z [key_multivalue_storage.py]  _decode: DEBUG: totalchars 2
2026-01-28T23:16:42.9952890Z [key_multivalue_storage.py]  _decode: DEBUG: currentchar=37
2026-01-28T23:16:42.9953420Z [key_multivalue_storage.py]  _decode: DEBUG: totalchars 2
2026-01-28T23:16:42.9953948Z [key_multivalue_storage.py]  _decode: DEBUG: currentchar=46
2026-01-28T23:16:42.9954485Z [key_multivalue_storage.py]  _decode: DEBUG: totalchars 2
2026-01-28T23:16:42.9955030Z [key_multivalue_storage.py]  _decode: DEBUG: currentchar=23
2026-01-28T23:16:42.9955533Z [key_multivalue_storage.py]  _decode: DEBUG: totalchars 1
2026-01-28T23:16:42.9955995Z [key_multivalue_storage.py]  _decode: DEBUG: currentchar=2
2026-01-28T23:16:42.9956550Z [key_multivalue_storage.py]  _decode: DEBUG: totalchars 2
2026-01-28T23:16:42.9957104Z [key_multivalue_storage.py]  _decode: DEBUG: currentchar=34
2026-01-28T23:16:42.9957675Z [key_multivalue_storage.py]  _decode: DEBUG: totalchars 2
2026-01-28T23:16:42.9958227Z [key_multivalue_storage.py]  _decode: DEBUG: currentchar=32
2026-01-28T23:16:42.9958801Z [key_multivalue_storage.py]  _decode: DEBUG: totalchars 2
2026-01-28T23:16:42.9959357Z [key_multivalue_storage.py]  _decode: DEBUG: currentchar=42
2026-01-28T23:16:42.9959898Z [key_multivalue_storage.py]  _decode: DEBUG: totalchars 2
2026-01-28T23:16:42.9960461Z [key_multivalue_storage.py]  _decode: DEBUG: currentchar=41
2026-01-28T23:16:42.9961021Z [key_multivalue_storage.py]  _decode: DEBUG: totalchars 2
2026-01-28T23:16:42.9961573Z [key_multivalue_storage.py]  _decode: DEBUG: currentchar=35
2026-01-28T23:16:42.9962308Z [key_multivalue_storage.py]  _decode: DEBUG: totalchars 2
2026-01-28T23:16:42.9962912Z [key_multivalue_storage.py]  _decode: DEBUG: currentchar=46
2026-01-28T23:16:42.9963486Z [key_multivalue_storage.py]  _decode: DEBUG: totalchars 2
2026-01-28T23:16:42.9964059Z [key_multivalue_storage.py]  _decode: DEBUG: currentchar=34
2026-01-28T23:16:42.9964604Z [key_multivalue_storage.py]  _decode: DEBUG: totalchars 2
2026-01-28T23:16:42.9965105Z [key_multivalue_storage.py]  _decode: DEBUG: currentchar=42
2026-01-28T23:16:42.9965688Z [key_multivalue_storage.py]  _decode: DEBUG: totalchars 2
2026-01-28T23:16:42.9966280Z [key_multivalue_storage.py]  _decode: DEBUG: currentchar=41
2026-01-28T23:16:42.9966790Z [key_multivalue_storage.py]  _decode: DEBUG: totalchars 2
2026-01-28T23:16:42.9967358Z [key_multivalue_storage.py]  _decode: DEBUG: currentchar=24
2026-01-28T23:16:42.9968105Z [key_multivalue_storage.py]  _decode: DEBUG: totalchars 2
2026-01-28T23:16:42.9968728Z [key_multivalue_storage.py]  _decode: DEBUG: currentchar=35
2026-01-28T23:16:42.9969317Z [key_multivalue_storage.py]  _decode: DEBUG: totalchars 2
2026-01-28T23:16:42.9969847Z [key_multivalue_storage.py]  _decode: DEBUG: currentchar=41
2026-01-28T23:16:42.9970341Z [key_multivalue_storage.py]  _decode: DEBUG: totalchars 2
2026-01-28T23:16:42.9970873Z [key_multivalue_storage.py]  _decode: DEBUG: currentchar=40
2026-01-28T23:16:42.9971810Z [key_multivalue_storage.py]  _decode: DEBUG: totalchars 2
2026-01-28T23:16:42.9972384Z [key_multivalue_storage.py]  _decode: DEBUG: currentchar=26
2026-01-28T23:16:42.9972949Z [key_multivalue_storage.py]  _decode: DEBUG: totalchars 2
2026-01-28T23:16:42.9973517Z [key_multivalue_storage.py]  _decode: DEBUG: currentchar=38
2026-01-28T23:16:42.9974097Z [key_multivalue_storage.py]  _decode: DEBUG: totalchars 2
2026-01-28T23:16:42.9974657Z [key_multivalue_storage.py]  _decode: DEBUG: currentchar=27
2026-01-28T23:16:42.9975237Z [key_multivalue_storage.py]  _decode: DEBUG: totalchars 2
2026-01-28T23:16:42.9975813Z [key_multivalue_storage.py]  _decode: DEBUG: currentchar=46
2026-01-28T23:16:42.9976739Z [key_multivalue_storage.py]  __setattr__: INFO: Attempting to set 'instance_id' to '8024a2cd-3b6d-4138-8e34-648d54fc5f3c'
2026-01-28T23:16:42.9977864Z [key_multivalue_storage.py]  __setattr__: INFO: Attempting to set 'key' to 'test_top_level_key2'
2026-01-28T23:16:42.9979005Z [key_multivalue_storage.py]  __setattr__: INFO: Attempting to set 'values' to '{'sk1': 'val1', 'sk2': 'the fate of sigma'}'
2026-01-28T23:16:42.9980037Z [key_multivalue_storage.py]  Load.values: DEBUG: items.append(f'sk1: val1')
2026-01-28T23:16:42.9980874Z [key_multivalue_storage.py]  Load.values: DEBUG: items.append(f'sk2: the fate of sigma')
2026-01-28T23:16:42.9981364Z [key_multivalue_storage.py]  Load.values: DEBUG: file_path=otest.json
2026-01-28T23:16:42.9981783Z [key_multivalue_storage.py]  Load.values: DEBUG: key=test_top_level_key2
2026-01-28T23:16:42.9982172Z [key_multivalue_storage.py]  Load.values: DEBUG: keys=False
2026-01-28T23:16:42.9982500Z [key_multivalue_storage.py]  Load.values: DEBUG: raw=False
2026-01-28T23:16:42.9983419Z [key_multivalue_storage.py]  Load.values: DEBUG: loaded_data={'test_top_level_key': {'sk1': 23724622312, 'sk2': 240225226233226243226241234224226223242234}, 'test_top_level_key2': {'sk1': 23724622312, 'sk2': 234232242241235246234242241224235241240226238227246}}
2026-01-28T23:16:42.9984392Z [key_multivalue_storage.py]  Load.values: DEBUG: key in loaded_data? True
2026-01-28T23:16:42.9985067Z [key_multivalue_storage.py]  Load.values: DEBUG: dict_to_load={'test_top_level_key2': {'sk1': 23724622312, 'sk2': 234232242241235246234242241224235241240226238227246}}
2026-01-28T23:16:42.9986023Z [key_multivalue_storage.py]  _from_dict: DEBUG: data_dict={'test_top_level_key2': {'sk1': 23724622312, 'sk2': 234232242241235246234242241224235241240226238227246}}
2026-01-28T23:16:42.9987004Z [key_multivalue_storage.py]  _from_dict: DEBUG: data_dict=False
2026-01-28T23:16:42.9988019Z [key_multivalue_storage.py]  _decode: DEBUG: totalchars 2
2026-01-28T23:16:42.9988402Z [key_multivalue_storage.py]  _decode: DEBUG: currentchar=37
2026-01-28T23:16:42.9989095Z [key_multivalue_storage.py]  _decode: DEBUG: totalchars 2
2026-01-28T23:16:42.9989523Z [key_multivalue_storage.py]  _decode: DEBUG: currentchar=46
2026-01-28T23:16:42.9989852Z [key_multivalue_storage.py]  _decode: DEBUG: totalchars 2
2026-01-28T23:16:42.9990177Z [key_multivalue_storage.py]  _decode: DEBUG: currentchar=23
2026-01-28T23:16:42.9990502Z [key_multivalue_storage.py]  _decode: DEBUG: totalchars 1
2026-01-28T23:16:42.9990826Z [key_multivalue_storage.py]  _decode: DEBUG: currentchar=2
2026-01-28T23:16:42.9991148Z [key_multivalue_storage.py]  _decode: DEBUG: totalchars 2
2026-01-28T23:16:42.9991467Z [key_multivalue_storage.py]  _decode: DEBUG: currentchar=34
2026-01-28T23:16:42.9991928Z [key_multivalue_storage.py]  _decode: DEBUG: totalchars 2
2026-01-28T23:16:42.9992243Z [key_multivalue_storage.py]  _decode: DEBUG: currentchar=32
2026-01-28T23:16:42.9992564Z [key_multivalue_storage.py]  _decode: DEBUG: totalchars 2
2026-01-28T23:16:42.9992875Z [key_multivalue_storage.py]  _decode: DEBUG: currentchar=42
2026-01-28T23:16:42.9993194Z [key_multivalue_storage.py]  _decode: DEBUG: totalchars 2
2026-01-28T23:16:42.9993512Z [key_multivalue_storage.py]  _decode: DEBUG: currentchar=41
2026-01-28T23:16:42.9993821Z [key_multivalue_storage.py]  _decode: DEBUG: totalchars 2
2026-01-28T23:16:42.9994133Z [key_multivalue_storage.py]  _decode: DEBUG: currentchar=35
2026-01-28T23:16:42.9994443Z [key_multivalue_storage.py]  _decode: DEBUG: totalchars 2
2026-01-28T23:16:42.9994754Z [key_multivalue_storage.py]  _decode: DEBUG: currentchar=46
2026-01-28T23:16:42.9995061Z [key_multivalue_storage.py]  _decode: DEBUG: totalchars 2
2026-01-28T23:16:42.9995381Z [key_multivalue_storage.py]  _decode: DEBUG: currentchar=34
2026-01-28T23:16:42.9995695Z [key_multivalue_storage.py]  _decode: DEBUG: totalchars 2
2026-01-28T23:16:42.9996004Z [key_multivalue_storage.py]  _decode: DEBUG: currentchar=42
2026-01-28T23:16:42.9996317Z [key_multivalue_storage.py]  _decode: DEBUG: totalchars 2
2026-01-28T23:16:42.9996622Z [key_multivalue_storage.py]  _decode: DEBUG: currentchar=41
2026-01-28T23:16:42.9996934Z [key_multivalue_storage.py]  _decode: DEBUG: totalchars 2
2026-01-28T23:16:42.9997240Z [key_multivalue_storage.py]  _decode: DEBUG: currentchar=24
2026-01-28T23:16:42.9997555Z [key_multivalue_storage.py]  _decode: DEBUG: totalchars 2
2026-01-28T23:16:42.9997865Z [key_multivalue_storage.py]  _decode: DEBUG: currentchar=35
2026-01-28T23:16:42.9998170Z [key_multivalue_storage.py]  _decode: DEBUG: totalchars 2
2026-01-28T23:16:42.9998486Z [key_multivalue_storage.py]  _decode: DEBUG: currentchar=41
2026-01-28T23:16:42.9998793Z [key_multivalue_storage.py]  _decode: DEBUG: totalchars 2
2026-01-28T23:16:42.9999107Z [key_multivalue_storage.py]  _decode: DEBUG: currentchar=40
2026-01-28T23:16:42.9999409Z [key_multivalue_storage.py]  _decode: DEBUG: totalchars 2
2026-01-28T23:16:42.9999724Z [key_multivalue_storage.py]  _decode: DEBUG: currentchar=26
2026-01-28T23:16:43.0000037Z [key_multivalue_storage.py]  _decode: DEBUG: totalchars 2
2026-01-28T23:16:43.0000346Z [key_multivalue_storage.py]  _decode: DEBUG: currentchar=38
2026-01-28T23:16:43.0000660Z [key_multivalue_storage.py]  _decode: DEBUG: totalchars 2
2026-01-28T23:16:43.0000969Z [key_multivalue_storage.py]  _decode: DEBUG: currentchar=27
2026-01-28T23:16:43.0001296Z [key_multivalue_storage.py]  _decode: DEBUG: totalchars 2
2026-01-28T23:16:43.0001612Z [key_multivalue_storage.py]  _decode: DEBUG: currentchar=46
2026-01-28T23:16:43.0002131Z [key_multivalue_storage.py]  __setattr__: INFO: Attempting to set 'instance_id' to 'db31704d-a459-46a8-bacb-0409b2607916'
2026-01-28T23:16:43.0002767Z [key_multivalue_storage.py]  __setattr__: INFO: Attempting to set 'key' to 'test_top_level_key2'
2026-01-28T23:16:43.0003486Z [key_multivalue_storage.py]  __setattr__: INFO: Attempting to set 'values' to '{'sk1': 'val1', 'sk2': 'the fate of sigma'}'
2026-01-28T23:16:43.0004078Z [key_multivalue_storage.py]  Load.values: DEBUG: items.append(val1)
2026-01-28T23:16:43.0004523Z [key_multivalue_storage.py]  Load.values: DEBUG: items.append(the fate of sigma)
2026-01-28T23:16:43.0005104Z [key_multivalue_storage.py]  __setattr__: INFO: Attempting to set 'instance_id' to 'fd83dc03-f0af-4834-bcf8-8226c9fdb956'
2026-01-28T23:16:43.0005724Z [key_multivalue_storage.py]  __setattr__: INFO: Attempting to set 'key' to 'test_top_level_key2'
2026-01-28T23:16:43.0006342Z [key_multivalue_storage.py]  __setattr__: INFO: Attempting to set 'values' to '{'sk3': 'val3', 'sk4': 'the fate of shard'}'
2026-01-28T23:16:43.0007009Z [key_multivalue_storage.py]  store: INFO: Data for key 'test_top_level_key2' stored successfully in 'otest.json'.
2026-01-28T23:16:43.0007605Z Sucessfully added values ['val3', 'the fate of shard'] to subkeys ['sk3', 'sk4'], respectively.
2026-01-28T23:16:43.0008620Z [key_multivalue_storage.py]  Load.values: DEBUG: file_path=otest.json
2026-01-28T23:16:43.0009046Z [key_multivalue_storage.py]  Load.values: DEBUG: key=test_top_level_key2
2026-01-28T23:16:43.0009431Z [key_multivalue_storage.py]  Load.values: DEBUG: keys=True
2026-01-28T23:16:43.0009755Z [key_multivalue_storage.py]  Load.values: DEBUG: raw=False
2026-01-28T23:16:43.0010667Z [key_multivalue_storage.py]  Load.values: DEBUG: loaded_data={'test_top_level_key': {'sk1': 23724622312, 'sk2': 240225226233226243226241234224226223242234}, 'test_top_level_key2': {'sk3': 23724622314, 'sk4': 234232242241235246234242241224235241240232246239243}}
2026-01-28T23:16:43.0011629Z [key_multivalue_storage.py]  Load.values: DEBUG: key in loaded_data? True
2026-01-28T23:16:43.0012310Z [key_multivalue_storage.py]  Load.values: DEBUG: dict_to_load={'test_top_level_key2': {'sk3': 23724622314, 'sk4': 234232242241235246234242241224235241240232246239243}}
2026-01-28T23:16:43.0013231Z [key_multivalue_storage.py]  _from_dict: DEBUG: data_dict={'test_top_level_key2': {'sk3': 23724622314, 'sk4': 234232242241235246234242241224235241240232246239243}}
2026-01-28T23:16:43.0013897Z [key_multivalue_storage.py]  _from_dict: DEBUG: data_dict=False
2026-01-28T23:16:43.0014624Z [key_multivalue_storage.py]  _decode: DEBUG: totalchars 2
2026-01-28T23:16:43.0014961Z [key_multivalue_storage.py]  _decode: DEBUG: currentchar=37
2026-01-28T23:16:43.0015283Z [key_multivalue_storage.py]  _decode: DEBUG: totalchars 2
2026-01-28T23:16:43.0015603Z [key_multivalue_storage.py]  _decode: DEBUG: currentchar=46
2026-01-28T23:16:43.0015921Z [key_multivalue_storage.py]  _decode: DEBUG: totalchars 2
2026-01-28T23:16:43.0016234Z [key_multivalue_storage.py]  _decode: DEBUG: currentchar=23
2026-01-28T23:16:43.0016540Z [key_multivalue_storage.py]  _decode: DEBUG: totalchars 1
2026-01-28T23:16:43.0016855Z [key_multivalue_storage.py]  _decode: DEBUG: currentchar=4
2026-01-28T23:16:43.0017185Z [key_multivalue_storage.py]  _decode: DEBUG: totalchars 2
2026-01-28T23:16:43.0017501Z [key_multivalue_storage.py]  _decode: DEBUG: currentchar=34
2026-01-28T23:16:43.0017816Z [key_multivalue_storage.py]  _decode: DEBUG: totalchars 2
2026-01-28T23:16:43.0018123Z [key_multivalue_storage.py]  _decode: DEBUG: currentchar=32
2026-01-28T23:16:43.0018436Z [key_multivalue_storage.py]  _decode: DEBUG: totalchars 2
2026-01-28T23:16:43.0018743Z [key_multivalue_storage.py]  _decode: DEBUG: currentchar=42
2026-01-28T23:16:43.0019061Z [key_multivalue_storage.py]  _decode: DEBUG: totalchars 2
2026-01-28T23:16:43.0019367Z [key_multivalue_storage.py]  _decode: DEBUG: currentchar=41
2026-01-28T23:16:43.0019676Z [key_multivalue_storage.py]  _decode: DEBUG: totalchars 2
2026-01-28T23:16:43.0019989Z [key_multivalue_storage.py]  _decode: DEBUG: currentchar=35
2026-01-28T23:16:43.0020298Z [key_multivalue_storage.py]  _decode: DEBUG: totalchars 2
2026-01-28T23:16:43.0020611Z [key_multivalue_storage.py]  _decode: DEBUG: currentchar=46
2026-01-28T23:16:43.0020925Z [key_multivalue_storage.py]  _decode: DEBUG: totalchars 2
2026-01-28T23:16:43.0021369Z [key_multivalue_storage.py]  _decode: DEBUG: currentchar=34
2026-01-28T23:16:43.0021690Z [key_multivalue_storage.py]  _decode: DEBUG: totalchars 2
2026-01-28T23:16:43.0022005Z [key_multivalue_storage.py]  _decode: DEBUG: currentchar=42
2026-01-28T23:16:43.0022319Z [key_multivalue_storage.py]  _decode: DEBUG: totalchars 2
2026-01-28T23:16:43.0022626Z [key_multivalue_storage.py]  _decode: DEBUG: currentchar=41
2026-01-28T23:16:43.0022941Z [key_multivalue_storage.py]  _decode: DEBUG: totalchars 2
2026-01-28T23:16:43.0023253Z [key_multivalue_storage.py]  _decode: DEBUG: currentchar=24
2026-01-28T23:16:43.0023569Z [key_multivalue_storage.py]  _decode: DEBUG: totalchars 2
2026-01-28T23:16:43.0023874Z [key_multivalue_storage.py]  _decode: DEBUG: currentchar=35
2026-01-28T23:16:43.0024184Z [key_multivalue_storage.py]  _decode: DEBUG: totalchars 2
2026-01-28T23:16:43.0024589Z [key_multivalue_storage.py]  _decode: DEBUG: currentchar=41
2026-01-28T23:16:43.0024915Z [key_multivalue_storage.py]  _decode: DEBUG: totalchars 2
2026-01-28T23:16:43.0025237Z [key_multivalue_storage.py]  _decode: DEBUG: currentchar=40
2026-01-28T23:16:43.0025553Z [key_multivalue_storage.py]  _decode: DEBUG: totalchars 2
2026-01-28T23:16:43.0025867Z [key_multivalue_storage.py]  _decode: DEBUG: currentchar=32
2026-01-28T23:16:43.0026178Z [key_multivalue_storage.py]  _decode: DEBUG: totalchars 2
2026-01-28T23:16:43.0026492Z [key_multivalue_storage.py]  _decode: DEBUG: currentchar=46
2026-01-28T23:16:43.0026805Z [key_multivalue_storage.py]  _decode: DEBUG: totalchars 2
2026-01-28T23:16:43.0027116Z [key_multivalue_storage.py]  _decode: DEBUG: currentchar=39
2026-01-28T23:16:43.0027432Z [key_multivalue_storage.py]  _decode: DEBUG: totalchars 2
2026-01-28T23:16:43.0027743Z [key_multivalue_storage.py]  _decode: DEBUG: currentchar=43
2026-01-28T23:16:43.0028263Z [key_multivalue_storage.py]  __setattr__: INFO: Attempting to set 'instance_id' to '87ba6581-9d3c-4190-8f4e-a137c2a73067'
2026-01-28T23:16:43.0028908Z [key_multivalue_storage.py]  __setattr__: INFO: Attempting to set 'key' to 'test_top_level_key2'
2026-01-28T23:16:43.0029542Z [key_multivalue_storage.py]  __setattr__: INFO: Attempting to set 'values' to '{'sk3': 'val3', 'sk4': 'the fate of shard'}'
2026-01-28T23:16:43.0030122Z [key_multivalue_storage.py]  Load.values: DEBUG: items.append(f'sk3: val3')
2026-01-28T23:16:43.0030597Z [key_multivalue_storage.py]  Load.values: DEBUG: items.append(f'sk4: the fate of shard')
2026-01-28T23:16:43.0031072Z [key_multivalue_storage.py]  Load.values: DEBUG: file_path=otest.json
2026-01-28T23:16:43.0031501Z [key_multivalue_storage.py]  Load.values: DEBUG: key=test_top_level_key2
2026-01-28T23:16:43.0031883Z [key_multivalue_storage.py]  Load.values: DEBUG: keys=False
2026-01-28T23:16:43.0032213Z [key_multivalue_storage.py]  Load.values: DEBUG: raw=False
2026-01-28T23:16:43.0033137Z [key_multivalue_storage.py]  Load.values: DEBUG: loaded_data={'test_top_level_key': {'sk1': 23724622312, 'sk2': 240225226233226243226241234224226223242234}, 'test_top_level_key2': {'sk3': 23724622314, 'sk4': 234232242241235246234242241224235241240232246239243}}
2026-01-28T23:16:43.0034517Z [key_multivalue_storage.py]  Load.values: DEBUG: key in loaded_data? True
2026-01-28T23:16:43.0035244Z [key_multivalue_storage.py]  Load.values: DEBUG: dict_to_load={'test_top_level_key2': {'sk3': 23724622314, 'sk4': 234232242241235246234242241224235241240232246239243}}
2026-01-28T23:16:43.0036173Z [key_multivalue_storage.py]  _from_dict: DEBUG: data_dict={'test_top_level_key2': {'sk3': 23724622314, 'sk4': 234232242241235246234242241224235241240232246239243}}
2026-01-28T23:16:43.0036824Z [key_multivalue_storage.py]  _from_dict: DEBUG: data_dict=False
2026-01-28T23:16:43.0037185Z [key_multivalue_storage.py]  _decode: DEBUG: totalchars 2
2026-01-28T23:16:43.0037508Z [key_multivalue_storage.py]  _decode: DEBUG: currentchar=37
2026-01-28T23:16:43.0037830Z [key_multivalue_storage.py]  _decode: DEBUG: totalchars 2
2026-01-28T23:16:43.0038262Z [key_multivalue_storage.py]  _decode: DEBUG: currentchar=46
2026-01-28T23:16:43.0038587Z [key_multivalue_storage.py]  _decode: DEBUG: totalchars 2
2026-01-28T23:16:43.0038899Z [key_multivalue_storage.py]  _decode: DEBUG: currentchar=23
2026-01-28T23:16:43.0039213Z [key_multivalue_storage.py]  _decode: DEBUG: totalchars 1
2026-01-28T23:16:43.0039527Z [key_multivalue_storage.py]  _decode: DEBUG: currentchar=4
2026-01-28T23:16:43.0039839Z [key_multivalue_storage.py]  _decode: DEBUG: totalchars 2
2026-01-28T23:16:43.0040146Z [key_multivalue_storage.py]  _decode: DEBUG: currentchar=34
2026-01-28T23:16:43.0040457Z [key_multivalue_storage.py]  _decode: DEBUG: totalchars 2
2026-01-28T23:16:43.0040771Z [key_multivalue_storage.py]  _decode: DEBUG: currentchar=32
2026-01-28T23:16:43.0041082Z [key_multivalue_storage.py]  _decode: DEBUG: totalchars 2
2026-01-28T23:16:43.0041398Z [key_multivalue_storage.py]  _decode: DEBUG: currentchar=42
2026-01-28T23:16:43.0041791Z [key_multivalue_storage.py]  _decode: DEBUG: totalchars 2
2026-01-28T23:16:43.0042111Z [key_multivalue_storage.py]  _decode: DEBUG: currentchar=41
2026-01-28T23:16:43.0042421Z [key_multivalue_storage.py]  _decode: DEBUG: totalchars 2
2026-01-28T23:16:43.0042734Z [key_multivalue_storage.py]  _decode: DEBUG: currentchar=35
2026-01-28T23:16:43.0043051Z [key_multivalue_storage.py]  _decode: DEBUG: totalchars 2
2026-01-28T23:16:43.0043359Z [key_multivalue_storage.py]  _decode: DEBUG: currentchar=46
2026-01-28T23:16:43.0043672Z [key_multivalue_storage.py]  _decode: DEBUG: totalchars 2
2026-01-28T23:16:43.0043979Z [key_multivalue_storage.py]  _decode: DEBUG: currentchar=34
2026-01-28T23:16:43.0044292Z [key_multivalue_storage.py]  _decode: DEBUG: totalchars 2
2026-01-28T23:16:43.0044600Z [key_multivalue_storage.py]  _decode: DEBUG: currentchar=42
2026-01-28T23:16:43.0044915Z [key_multivalue_storage.py]  _decode: DEBUG: totalchars 2
2026-01-28T23:16:43.0045231Z [key_multivalue_storage.py]  _decode: DEBUG: currentchar=41
2026-01-28T23:16:43.0045543Z [key_multivalue_storage.py]  _decode: DEBUG: totalchars 2
2026-01-28T23:16:43.0045854Z [key_multivalue_storage.py]  _decode: DEBUG: currentchar=24
2026-01-28T23:16:43.0046165Z [key_multivalue_storage.py]  _decode: DEBUG: totalchars 2
2026-01-28T23:16:43.0046477Z [key_multivalue_storage.py]  _decode: DEBUG: currentchar=35
2026-01-28T23:16:43.0046786Z [key_multivalue_storage.py]  _decode: DEBUG: totalchars 2
2026-01-28T23:16:43.0047101Z [key_multivalue_storage.py]  _decode: DEBUG: currentchar=41
2026-01-28T23:16:43.0047415Z [key_multivalue_storage.py]  _decode: DEBUG: totalchars 2
2026-01-28T23:16:43.0047718Z [key_multivalue_storage.py]  _decode: DEBUG: currentchar=40
2026-01-28T23:16:43.0048032Z [key_multivalue_storage.py]  _decode: DEBUG: totalchars 2
2026-01-28T23:16:43.0048338Z [key_multivalue_storage.py]  _decode: DEBUG: currentchar=32
2026-01-28T23:16:43.0048653Z [key_multivalue_storage.py]  _decode: DEBUG: totalchars 2
2026-01-28T23:16:43.0048964Z [key_multivalue_storage.py]  _decode: DEBUG: currentchar=46
2026-01-28T23:16:43.0049278Z [key_multivalue_storage.py]  _decode: DEBUG: totalchars 2
2026-01-28T23:16:43.0049590Z [key_multivalue_storage.py]  _decode: DEBUG: currentchar=39
2026-01-28T23:16:43.0049899Z [key_multivalue_storage.py]  _decode: DEBUG: totalchars 2
2026-01-28T23:16:43.0050209Z [key_multivalue_storage.py]  _decode: DEBUG: currentchar=43
2026-01-28T23:16:43.0050729Z [key_multivalue_storage.py]  __setattr__: INFO: Attempting to set 'instance_id' to 'c84c0b0f-d6de-4224-a969-3dab7f2728b6'
2026-01-28T23:16:43.0051366Z [key_multivalue_storage.py]  __setattr__: INFO: Attempting to set 'key' to 'test_top_level_key2'
2026-01-28T23:16:43.0051990Z [key_multivalue_storage.py]  __setattr__: INFO: Attempting to set 'values' to '{'sk3': 'val3', 'sk4': 'the fate of shard'}'
2026-01-28T23:16:43.0053399Z [key_multivalue_storage.py]  Load.values: DEBUG: items.append(val3)
2026-01-28T23:16:43.0053903Z [key_multivalue_storage.py]  Load.values: DEBUG: items.append(the fate of shard)
2026-01-28T23:16:43.0055502Z [key_multivalue_storage.py]  _from_dict: DEBUG: data_dict={'test_top_level_key': {'sk1': 23724622312, 'sk2': 240225226233226243226241234224226223242234}}
2026-01-28T23:16:43.0056201Z [key_multivalue_storage.py]  _from_dict: DEBUG: data_dict=False
2026-01-28T23:16:43.0056560Z [key_multivalue_storage.py]  _decode: DEBUG: totalchars 2
2026-01-28T23:16:43.0056900Z [key_multivalue_storage.py]  _decode: DEBUG: currentchar=37
2026-01-28T23:16:43.0057449Z [key_multivalue_storage.py]  _decode: DEBUG: totalchars 2
2026-01-28T23:16:43.0057949Z [key_multivalue_storage.py]  _decode: DEBUG: currentchar=46
2026-01-28T23:16:43.0058285Z [key_multivalue_storage.py]  _decode: DEBUG: totalchars 2
2026-01-28T23:16:43.0058615Z [key_multivalue_storage.py]  _decode: DEBUG: currentchar=23
2026-01-28T23:16:43.0058934Z [key_multivalue_storage.py]  _decode: DEBUG: totalchars 1
2026-01-28T23:16:43.0059396Z [key_multivalue_storage.py]  _decode: DEBUG: currentchar=2
2026-01-28T23:16:43.0059723Z [key_multivalue_storage.py]  _decode: DEBUG: totalchars 2
2026-01-28T23:16:43.0060052Z [key_multivalue_storage.py]  _decode: DEBUG: currentchar=40
2026-01-28T23:16:43.0060373Z [key_multivalue_storage.py]  _decode: DEBUG: totalchars 2
2026-01-28T23:16:43.0060688Z [key_multivalue_storage.py]  _decode: DEBUG: currentchar=25
2026-01-28T23:16:43.0061001Z [key_multivalue_storage.py]  _decode: DEBUG: totalchars 2
2026-01-28T23:16:43.0061314Z [key_multivalue_storage.py]  _decode: DEBUG: currentchar=26
2026-01-28T23:16:43.0061627Z [key_multivalue_storage.py]  _decode: DEBUG: totalchars 2
2026-01-28T23:16:43.0061946Z [key_multivalue_storage.py]  _decode: DEBUG: currentchar=33
2026-01-28T23:16:43.0062255Z [key_multivalue_storage.py]  _decode: DEBUG: totalchars 2
2026-01-28T23:16:43.0062562Z [key_multivalue_storage.py]  _decode: DEBUG: currentchar=26
2026-01-28T23:16:43.0062876Z [key_multivalue_storage.py]  _decode: DEBUG: totalchars 2
2026-01-28T23:16:43.0063189Z [key_multivalue_storage.py]  _decode: DEBUG: currentchar=43
2026-01-28T23:16:43.0063509Z [key_multivalue_storage.py]  _decode: DEBUG: totalchars 2
2026-01-28T23:16:43.0063817Z [key_multivalue_storage.py]  _decode: DEBUG: currentchar=26
2026-01-28T23:16:43.0064136Z [key_multivalue_storage.py]  _decode: DEBUG: totalchars 2
2026-01-28T23:16:43.0064452Z [key_multivalue_storage.py]  _decode: DEBUG: currentchar=41
2026-01-28T23:16:43.0064766Z [key_multivalue_storage.py]  _decode: DEBUG: totalchars 2
2026-01-28T23:16:43.0065088Z [key_multivalue_storage.py]  _decode: DEBUG: currentchar=34
2026-01-28T23:16:43.0065397Z [key_multivalue_storage.py]  _decode: DEBUG: totalchars 2
2026-01-28T23:16:43.0065712Z [key_multivalue_storage.py]  _decode: DEBUG: currentchar=24
2026-01-28T23:16:43.0066051Z [key_multivalue_storage.py]  _decode: DEBUG: totalchars 2
2026-01-28T23:16:43.0066378Z [key_multivalue_storage.py]  _decode: DEBUG: currentchar=26
2026-01-28T23:16:43.0066691Z [key_multivalue_storage.py]  _decode: DEBUG: totalchars 2
2026-01-28T23:16:43.0067004Z [key_multivalue_storage.py]  _decode: DEBUG: currentchar=23
2026-01-28T23:16:43.0067322Z [key_multivalue_storage.py]  _decode: DEBUG: totalchars 2
2026-01-28T23:16:43.0067631Z [key_multivalue_storage.py]  _decode: DEBUG: currentchar=42
2026-01-28T23:16:43.0067946Z [key_multivalue_storage.py]  _decode: DEBUG: totalchars 2
2026-01-28T23:16:43.0068256Z [key_multivalue_storage.py]  _decode: DEBUG: currentchar=34
2026-01-28T23:16:43.0068793Z [key_multivalue_storage.py]  __setattr__: INFO: Attempting to set 'instance_id' to '0f672f3d-fa55-4df0-9213-f5e57cc704e8'
2026-01-28T23:16:43.0069457Z [key_multivalue_storage.py]  __setattr__: INFO: Attempting to set 'key' to 'test_top_level_key'
2026-01-28T23:16:43.0070076Z [key_multivalue_storage.py]  __setattr__: INFO: Attempting to set 'values' to '{'sk1': 'val1', 'sk2': 'skibidi toilet'}'
2026-01-28T23:16:43.0070859Z [key_multivalue_storage.py]  __store: INFO: Data for key 'test_top_level_key' stored successfully in 'otest.json'.
2026-01-28T23:16:43.0071779Z [key_multivalue_storage.py]  Edit.propval: INFO: Sucessfully changed value skibidi toilet to sigma under key test_top_level_key.sk2.
2026-01-28T23:16:43.0072334Z Sucessfully set subkey sk2 to value sigma.
2026-01-28T23:16:43.0072655Z [key_multivalue_storage.py]  Load.values: DEBUG: file_path=otest.json
2026-01-28T23:16:43.0073061Z [key_multivalue_storage.py]  Load.values: DEBUG: key=test_top_level_key
2026-01-28T23:16:43.0073431Z [key_multivalue_storage.py]  Load.values: DEBUG: keys=True
2026-01-28T23:16:43.0073860Z [key_multivalue_storage.py]  Load.values: DEBUG: raw=False
2026-01-28T23:16:43.0075416Z [key_multivalue_storage.py]  Load.values: DEBUG: loaded_data={'test_top_level_key': {'sk1': 'val1', 'sk2': 'sigma'}, 'test_top_level_key2': {'sk3': 23724622314, 'sk4': 234232242241235246234242241224235241240232246239243}}
2026-01-28T23:16:43.0076793Z [key_multivalue_storage.py]  Load.values: DEBUG: key in loaded_data? True
2026-01-28T23:16:43.0077941Z [key_multivalue_storage.py]  Load.values: DEBUG: dict_to_load={'test_top_level_key': {'sk1': 'val1', 'sk2': 'sigma'}}
2026-01-28T23:16:43.0079001Z [key_multivalue_storage.py]  _from_dict: DEBUG: data_dict={'test_top_level_key': {'sk1': 'val1', 'sk2': 'sigma'}}
2026-01-28T23:16:43.0079813Z [key_multivalue_storage.py]  _from_dict: DEBUG: data_dict=False
2026-01-28T23:16:43.0080740Z [key_multivalue_storage.py]  __setattr__: INFO: Attempting to set 'instance_id' to '4344316c-9f8d-45f9-b2dc-92ea63e659d1'
2026-01-28T23:16:43.0081474Z [key_multivalue_storage.py]  __setattr__: INFO: Attempting to set 'key' to 'test_top_level_key'
2026-01-28T23:16:43.0082072Z [key_multivalue_storage.py]  __setattr__: INFO: Attempting to set 'values' to '{'sk1': 'val1', 'sk2': 'sigma'}'
2026-01-28T23:16:43.0082619Z [key_multivalue_storage.py]  Load.values: DEBUG: items.append(f'sk1: val1')
2026-01-28T23:16:43.0083062Z [key_multivalue_storage.py]  Load.values: DEBUG: items.append(f'sk2: sigma')
2026-01-28T23:16:43.0083669Z [key_multivalue_storage.py]  Delete.by_key: DEBUG: loaded_data.keys()=dict_keys(['test_top_level_key', 'test_top_level_key2'])
2026-01-28T23:16:43.0084602Z [key_multivalue_storage.py]  Delete.by_key: DEBUG: loaded_data.values()=dict_values([{'sk1': 'val1', 'sk2': 'sigma'}, {'sk3': 23724622314, 'sk4': 234232242241235246234242241224235241240232246239243}])
2026-01-28T23:16:43.0085804Z [key_multivalue_storage.py]  Delete.by_key: DEBUG: loaded_data={'test_top_level_key': {'sk1': 'val1', 'sk2': 'sigma'}, 'test_top_level_key2': {'sk3': 23724622314, 'sk4': 234232242241235246234242241224235241240232246239243}}
2026-01-28T23:16:43.0086757Z [key_multivalue_storage.py]  Delete.by_key: INFO: Successfully deleted key 'test_top_level_key2' from 'otest.json'.
2026-01-28T23:16:43.0087304Z Sucessfully deleted key test_top_level_key2 and all its child data.
2026-01-28T23:16:43.0087770Z [key_multivalue_storage.py]  Delete.all: INFO: Deleted all data from otest.json sucessfully.
2026-01-28T23:16:43.0088194Z Sucessfully deleted all data from otest.json.
2026-01-28T23:16:43.0088429Z Part 1 passed.
2026-01-28T23:16:43.0088581Z --------------------
2026-01-28T23:16:43.0088813Z Part 2: Storing, Editing, and Deleting via dunder methods
2026-01-28T23:16:43.0089082Z --------------------
2026-01-28T23:16:43.0089497Z [key_multivalue_storage.py]  __setattr__: INFO: Attempting to set 'instance_id' to 'd29d001f-40c9-46cc-9070-16262fabc791'
2026-01-28T23:16:43.0090089Z [key_multivalue_storage.py]  __setattr__: INFO: Attempting to set 'key' to 'test1'
2026-01-28T23:16:43.0090643Z [key_multivalue_storage.py]  __setattr__: INFO: Attempting to set 'values' to '{'sk1': 'val1', 'sk2': 'val2'}'
2026-01-28T23:16:43.0091308Z [key_multivalue_storage.py]  __setattr__: INFO: Attempting to set 'instance_id' to 'd68f8ba9-09f6-41a1-a08f-591ae0d1d8ae'
2026-01-28T23:16:43.0091888Z [key_multivalue_storage.py]  __setattr__: INFO: Attempting to set 'key' to 'test1'
2026-01-28T23:16:43.0092463Z [key_multivalue_storage.py]  __setattr__: INFO: Attempting to set 'values' to '{'sk4': 'val1', 'sk6': 'val2', 'sk3': 'val3'}'
2026-01-28T23:16:43.0093327Z [key_multivalue_storage.py]  __setattr__: INFO: Attempting to set 'instance_id' to 'b82aa268-0322-4377-b3c3-55d86c46ef53'
2026-01-28T23:16:43.0093911Z [key_multivalue_storage.py]  __setattr__: INFO: Attempting to set 'key' to 'test2'
2026-01-28T23:16:43.0094487Z [key_multivalue_storage.py]  __setattr__: INFO: Attempting to set 'values' to '{'sk4': 'val1', 'sk6': 'val2', 'sk3': 'val3'}'
2026-01-28T23:16:43.0096209Z Part 2.1: Comparisons
2026-01-28T23:16:43.0096540Z Part 2.1 passed.
2026-01-28T23:16:43.0096703Z -----
2026-01-28T23:16:43.0096857Z Part 2.2: Arithmetic
2026-01-28T23:16:43.0097314Z [key_multivalue_storage.py]  __setattr__: INFO: Attempting to set 'instance_id' to 'b2abd228-c7cd-4658-a04d-18ef4b68bba8'
2026-01-28T23:16:43.0097934Z [key_multivalue_storage.py]  __setattr__: INFO: Attempting to set 'key' to 'test1'
2026-01-28T23:16:43.0098551Z [key_multivalue_storage.py]  __setattr__: INFO: Attempting to set 'values' to '{'sk1': 'val1', 'sk2': 'val2', 'sk7': '67', 'sk8': 'hehe'}'
2026-01-28T23:16:43.0099493Z [key_multivalue_storage.py]  __setattr__: INFO: Attempting to set 'instance_id' to 'ab10b2b0-daf4-411d-aed6-112e2917edcc'
2026-01-28T23:16:43.0100090Z [key_multivalue_storage.py]  __setattr__: INFO: Attempting to set 'key' to 'test1'
2026-01-28T23:16:43.0100840Z [key_multivalue_storage.py]  __setattr__: INFO: Attempting to set 'values' to '{'sk1': 'val1', 'sk2': 'val2', 'sk7': '67', 'sk8': 'hehe', 'sk4': 'val1', 'sk6': 'val2', 'sk3': 'val3'}'
2026-01-28T23:16:43.0101691Z [key_multivalue_storage.py]  __setattr__: INFO: Attempting to set 'instance_id' to 'a6a1ab84-e26f-448e-8449-e1afd5c4974d'
2026-01-28T23:16:43.0102302Z [key_multivalue_storage.py]  __setattr__: INFO: Attempting to set 'key' to 'test1'
2026-01-28T23:16:43.0102858Z [key_multivalue_storage.py]  __setattr__: INFO: Attempting to set 'values' to '{'sk1': 'val1', 'sk2': 'val2'}'
2026-01-28T23:16:43.0103535Z [key_multivalue_storage.py]  __setattr__: INFO: Attempting to set 'instance_id' to '710df781-542d-443a-97d0-0fc5de48b30e'
2026-01-28T23:16:43.0104120Z [key_multivalue_storage.py]  __setattr__: INFO: Attempting to set 'key' to 'test1'
2026-01-28T23:16:43.0104777Z [key_multivalue_storage.py]  __setattr__: INFO: Attempting to set 'values' to '{'sk1': 'val1', 'sk2': 'val2', 'sk4': 'val1', 'sk6': 'val2', 'sk3': 'val3'}'
2026-01-28T23:16:43.0105543Z [key_multivalue_storage.py]  __setattr__: INFO: Attempting to set 'instance_id' to '69055dcc-75e6-430d-9b1d-4e128fca1141'
2026-01-28T23:16:43.0106130Z [key_multivalue_storage.py]  __setattr__: INFO: Attempting to set 'key' to 'test1'
2026-01-28T23:16:43.0106670Z [key_multivalue_storage.py]  __setattr__: INFO: Attempting to set 'values' to '{'sk1': 'val1', 'sk2': 'val2'}'
2026-01-28T23:16:43.0107531Z [key_multivalue_storage.py]  __setattr__: INFO: Attempting to set 'instance_id' to '6fa35d53-bf96-4bd1-9c47-6245fabee6ca'
2026-01-28T23:16:43.0108311Z [key_multivalue_storage.py]  __setattr__: INFO: Attempting to set 'key' to 'test1'
2026-01-28T23:16:43.0108927Z [key_multivalue_storage.py]  __setattr__: INFO: Attempting to set 'values' to '{'sk1': 'val1', 'sk2': 'val2', 'undefined': ['val1', 'val2']}'
2026-01-28T23:16:43.0109664Z [key_multivalue_storage.py]  __setattr__: INFO: Attempting to set 'instance_id' to 'f801c31d-5470-469a-aba6-71f818956f2e'
2026-01-28T23:16:43.0110233Z [key_multivalue_storage.py]  __setattr__: INFO: Attempting to set 'key' to 'test1'
2026-01-28T23:16:43.0110761Z [key_multivalue_storage.py]  __setattr__: INFO: Attempting to set 'values' to '{'sk1': 'val1', 'sk2': 'val2'}'
2026-01-28T23:16:43.0111417Z [key_multivalue_storage.py]  __setattr__: INFO: Attempting to set 'instance_id' to 'bf20652c-36f2-447a-82d7-72299fb4fe5b'
2026-01-28T23:16:43.0111987Z [key_multivalue_storage.py]  __setattr__: INFO: Attempting to set 'key' to 'test1'
2026-01-28T23:16:43.0112540Z [key_multivalue_storage.py]  __setattr__: INFO: Attempting to set 'values' to '{'sk1': 'val1', 'sk2': 'val2'}'
2026-01-28T23:16:43.0113330Z [key_multivalue_storage.py]  __setattr__: INFO: Attempting to set 'instance_id' to '59580fff-090f-4075-bd8f-f523fa3bbe51'
2026-01-28T23:16:43.0113915Z [key_multivalue_storage.py]  __setattr__: INFO: Attempting to set 'key' to 'test1'
2026-01-28T23:16:43.0114814Z [key_multivalue_storage.py]  __setattr__: INFO: Attempting to set 'values' to '{'sk4': 'val1', 'sk6': 'val2', 'sk3': 'val3'}'
2026-01-28T23:16:43.0115526Z [key_multivalue_storage.py]  __setattr__: INFO: Attempting to set 'instance_id' to 'f735dfe4-a8eb-4e30-9859-7e2f03193ec5'
2026-01-28T23:16:43.0116229Z [key_multivalue_storage.py]  __setattr__: INFO: Attempting to set 'key' to 'test1'
2026-01-28T23:16:43.0116819Z [key_multivalue_storage.py]  __setattr__: INFO: Attempting to set 'values' to '{'sk4': 'val1', 'sk6': 'val2', 'sk3': 'val3'}'
2026-01-28T23:16:43.0117512Z [key_multivalue_storage.py]  __setattr__: INFO: Attempting to set 'instance_id' to 'b5e39ea0-1c53-4415-90f2-00ef7824b6b0'
2026-01-28T23:16:43.0118437Z [key_multivalue_storage.py]  __setattr__: INFO: Attempting to set 'key' to 'test1'
2026-01-28T23:16:43.0119134Z [key_multivalue_storage.py]  __setattr__: INFO: Attempting to set 'values' to '{'sk1': 'val1'}'
2026-01-28T23:16:43.0119765Z [key_multivalue_storage.py]  __setattr__: INFO: Attempting to set 'instance_id' to '7db03d7e-4b5a-415b-9493-a4048a7ce8a5'
2026-01-28T23:16:43.0120352Z [key_multivalue_storage.py]  __setattr__: INFO: Attempting to set 'key' to 'test1'
2026-01-28T23:16:43.0120851Z [key_multivalue_storage.py]  __setattr__: INFO: Attempting to set 'values' to '{'sk2': 'val2'}'
2026-01-28T23:16:43.0121478Z [key_multivalue_storage.py]  __setattr__: INFO: Attempting to set 'instance_id' to 'df651ed4-ed4d-4201-b905-44e3de3d5a80'
2026-01-28T23:16:43.0122058Z [key_multivalue_storage.py]  __setattr__: INFO: Attempting to set 'key' to 'test1'
2026-01-28T23:16:43.0122602Z [key_multivalue_storage.py]  __setattr__: INFO: Attempting to set 'values' to '{'sk1': 'val1', 'sk2': 'val2'}'
2026-01-28T23:16:43.0123034Z Part 2.2 passed.
2026-01-28T23:16:43.0123181Z -----
2026-01-28T23:16:43.0123335Z Part 2.3: Bitwise Operators
2026-01-28T23:16:43.0123764Z [key_multivalue_storage.py]  __setattr__: INFO: Attempting to set 'instance_id' to '6f16bc30-aa04-47f8-b273-b958a42a74e6'
2026-01-28T23:16:43.0124343Z [key_multivalue_storage.py]  __setattr__: INFO: Attempting to set 'key' to 'test1'
2026-01-28T23:16:43.0124919Z [key_multivalue_storage.py]  __setattr__: INFO: Attempting to set 'values' to '{'sk4': 'val1', 'sk6': 'val2', 'sk5': 'val3'}'
2026-01-28T23:16:43.0125605Z [key_multivalue_storage.py]  __setattr__: INFO: Attempting to set 'instance_id' to '254866d7-83b8-4082-b524-cbd4991dd8d7'
2026-01-28T23:16:43.0126174Z [key_multivalue_storage.py]  __setattr__: INFO: Attempting to set 'key' to 'test1'
2026-01-28T23:16:43.0126834Z [key_multivalue_storage.py]  __setattr__: INFO: Attempting to set 'values' to '{'sk4': 'val1', 'sk6': 'val2', 'sk3': 'val3'}'
2026-01-28T23:16:43.0128349Z [key_multivalue_storage.py]  __setattr__: INFO: Attempting to set 'instance_id' to '7b098b19-ff4a-434b-ae2e-0b2d94a6a0f5'
2026-01-28T23:16:43.0128962Z [key_multivalue_storage.py]  __setattr__: INFO: Attempting to set 'key' to 'test1'
2026-01-28T23:16:43.0129525Z [key_multivalue_storage.py]  __setattr__: INFO: Attempting to set 'values' to '{'sk6': 'val2', 'sk4': 'val1'}'
2026-01-28T23:16:43.0130194Z [key_multivalue_storage.py]  __setattr__: INFO: Attempting to set 'instance_id' to '3420048a-cb7c-4bdb-b494-ff0c1bb176ad'
2026-01-28T23:16:43.0130771Z [key_multivalue_storage.py]  __setattr__: INFO: Attempting to set 'key' to 'test1'
2026-01-28T23:16:43.0131385Z [key_multivalue_storage.py]  __setattr__: INFO: Attempting to set 'values' to '{'sk4': 'val1', 'sk5': 'val3', 'sk6': 'val2', 'sk3': 'val3'}'
2026-01-28T23:16:43.0132120Z [key_multivalue_storage.py]  __setattr__: INFO: Attempting to set 'instance_id' to '712e461f-f012-47ee-9495-2a1c2156921d'
2026-01-28T23:16:43.0132689Z [key_multivalue_storage.py]  __setattr__: INFO: Attempting to set 'key' to 'test1'
2026-01-28T23:16:43.0133440Z [key_multivalue_storage.py]  __setattr__: INFO: Attempting to set 'values' to '{'sk4': 'val1', 'sk5': 'val3', 'sk6': 'val2', 'sk3': 'val3'}'
2026-01-28T23:16:43.0134181Z [key_multivalue_storage.py]  __setattr__: INFO: Attempting to set 'instance_id' to 'eec8c8aa-b11e-45a6-80be-3208689b41e0'
2026-01-28T23:16:43.0134779Z [key_multivalue_storage.py]  __setattr__: INFO: Attempting to set 'key' to 'test1'
2026-01-28T23:16:43.0135400Z [key_multivalue_storage.py]  __setattr__: INFO: Attempting to set 'values' to '{'sk4': 'val1', 'sk5': 'val3', 'sk6': 'val2', 'sk3': 'val3'}'
2026-01-28T23:16:43.0136134Z [key_multivalue_storage.py]  __setattr__: INFO: Attempting to set 'instance_id' to '29f5ece3-b0cb-4362-aaef-7b8f8b555ef5'
2026-01-28T23:16:43.0136712Z [key_multivalue_storage.py]  __setattr__: INFO: Attempting to set 'key' to 'test1'
2026-01-28T23:16:43.0137325Z [key_multivalue_storage.py]  __setattr__: INFO: Attempting to set 'values' to '{'sk4': 'val1', 'sk5': 'val3', 'sk6': 'val2', 'sk3': 'val3'}'
2026-01-28T23:16:43.0138329Z [key_multivalue_storage.py]  __setattr__: INFO: Attempting to set 'instance_id' to '6eb762f7-9205-40f3-ae50-bf08a75ee059'
2026-01-28T23:16:43.0138923Z [key_multivalue_storage.py]  __setattr__: INFO: Attempting to set 'key' to 'test1'
2026-01-28T23:16:43.0139538Z [key_multivalue_storage.py]  __setattr__: INFO: Attempting to set 'values' to '{'sk4': 'val1', 'sk5': 'val3', 'sk6': 'val2', 'sk3': 'val3'}'
2026-01-28T23:16:43.0140275Z [key_multivalue_storage.py]  __setattr__: INFO: Attempting to set 'instance_id' to '10e5ddc4-1a63-4f66-b4ed-186c032df680'
2026-01-28T23:16:43.0140856Z [key_multivalue_storage.py]  __setattr__: INFO: Attempting to set 'key' to 'test1'
2026-01-28T23:16:43.0141464Z [key_multivalue_storage.py]  __setattr__: INFO: Attempting to set 'values' to '{'sk4': 'val1', 'sk5': 'val3', 'sk6': 'val2', 'sk3': 'val3'}'
2026-01-28T23:16:43.0142204Z [key_multivalue_storage.py]  __setattr__: INFO: Attempting to set 'instance_id' to '4fa5e119-8714-4ee6-84f0-8dbe8c286ee3'
2026-01-28T23:16:43.0142786Z [key_multivalue_storage.py]  __setattr__: INFO: Attempting to set 'key' to 'test1'
2026-01-28T23:16:43.0143588Z [key_multivalue_storage.py]  __setattr__: INFO: Attempting to set 'values' to '{'sk4': 'val1', 'sk5': 'val3', 'sk6': 'val2', 'sk3': 'val3'}'
2026-01-28T23:16:43.0144519Z [key_multivalue_storage.py]  __setattr__: INFO: Attempting to set 'instance_id' to '923b0de4-65d0-418f-8fb4-f1e684294c67'
2026-01-28T23:16:43.0146201Z [key_multivalue_storage.py]  __setattr__: INFO: Attempting to set 'key' to 'test1'
2026-01-28T23:16:43.0147403Z [key_multivalue_storage.py]  __setattr__: INFO: Attempting to set 'values' to '{'sk4': 'val1', 'sk5': 'val3', 'sk6': 'val2', 'sk3': 'val3'}'
2026-01-28T23:16:43.0148316Z [key_multivalue_storage.py]  __setattr__: INFO: Attempting to set 'instance_id' to '6d8063a6-8191-43f2-a15f-3db4c1f09653'
2026-01-28T23:16:43.0148911Z [key_multivalue_storage.py]  __setattr__: INFO: Attempting to set 'key' to 'test1'
2026-01-28T23:16:43.0149543Z [key_multivalue_storage.py]  __setattr__: INFO: Attempting to set 'values' to '{'sk4': 'val1', 'sk5': 'val3', 'sk6': 'val2', 'sk3': 'val3'}'
2026-01-28T23:16:43.0150268Z [key_multivalue_storage.py]  __setattr__: INFO: Attempting to set 'instance_id' to '06571369-49f9-4609-9986-890048a2eeae'
2026-01-28T23:16:43.0150840Z [key_multivalue_storage.py]  __setattr__: INFO: Attempting to set 'key' to 'test1'
2026-01-28T23:16:43.0151453Z [key_multivalue_storage.py]  __setattr__: INFO: Attempting to set 'values' to '{'sk4': 'val1', 'sk5': 'val3', 'sk6': 'val2', 'sk3': 'val3'}'
2026-01-28T23:16:43.0152193Z [key_multivalue_storage.py]  __setattr__: INFO: Attempting to set 'instance_id' to '74d0e45d-1f0f-41fc-b88d-b9d11a422d0a'
2026-01-28T23:16:43.0152773Z [key_multivalue_storage.py]  __setattr__: INFO: Attempting to set 'key' to 'test1'
2026-01-28T23:16:43.0153375Z [key_multivalue_storage.py]  __setattr__: INFO: Attempting to set 'values' to '{'sk4': 'val1', 'sk5': 'val3', 'sk6': 'val2', 'sk3': 'val3'}'
2026-01-28T23:16:43.0154266Z [key_multivalue_storage.py]  __setattr__: INFO: Attempting to set 'instance_id' to 'c8b9012f-7b14-4997-b0a8-20e245f45f9a'
2026-01-28T23:16:43.0154847Z [key_multivalue_storage.py]  __setattr__: INFO: Attempting to set 'key' to 'test1'
2026-01-28T23:16:43.0155455Z [key_multivalue_storage.py]  __setattr__: INFO: Attempting to set 'values' to '{'sk4': 'val1', 'sk5': 'val3', 'sk6': 'val2', 'sk3': 'val3'}'
2026-01-28T23:16:43.0156215Z [key_multivalue_storage.py]  __setattr__: INFO: Attempting to set 'instance_id' to '13d874fc-6069-4219-a486-6f9e55e8be1a'
2026-01-28T23:16:43.0156810Z [key_multivalue_storage.py]  __setattr__: INFO: Attempting to set 'key' to 'test1'
2026-01-28T23:16:43.0157438Z [key_multivalue_storage.py]  __setattr__: INFO: Attempting to set 'values' to '{'sk4': 'val1', 'sk5': 'val3', 'sk6': 'val2', 'sk3': 'val3'}'
2026-01-28T23:16:43.0158175Z [key_multivalue_storage.py]  __setattr__: INFO: Attempting to set 'instance_id' to '47634bd2-4c07-4e54-8ac6-d3da1fb1267a'
2026-01-28T23:16:43.0159430Z [key_multivalue_storage.py]  __setattr__: INFO: Attempting to set 'key' to 'test1'
2026-01-28T23:16:43.0160054Z [key_multivalue_storage.py]  __setattr__: INFO: Attempting to set 'values' to '{'sk4': 'val1', 'sk5': 'val3', 'sk6': 'val2', 'sk3': 'val3'}'
2026-01-28T23:16:43.0160796Z [key_multivalue_storage.py]  __setattr__: INFO: Attempting to set 'instance_id' to '8db2aa7a-e3d9-430c-9432-52a1b4382c20'
2026-01-28T23:16:43.0161376Z [key_multivalue_storage.py]  __setattr__: INFO: Attempting to set 'key' to 'test1'
2026-01-28T23:16:43.0161999Z [key_multivalue_storage.py]  __setattr__: INFO: Attempting to set 'values' to '{'sk4': 'val1', 'sk5': 'val3', 'sk6': 'val2', 'sk3': 'val3'}'
2026-01-28T23:16:43.0162736Z [key_multivalue_storage.py]  __setattr__: INFO: Attempting to set 'instance_id' to 'e1e75020-eb37-404c-9295-813b2d3dbfdd'
2026-01-28T23:16:43.0163315Z [key_multivalue_storage.py]  __setattr__: INFO: Attempting to set 'key' to 'test1'
2026-01-28T23:16:43.0163940Z [key_multivalue_storage.py]  __setattr__: INFO: Attempting to set 'values' to '{'sk4': 'val1', 'sk5': 'val3', 'sk6': 'val2', 'sk3': 'val3'}'
2026-01-28T23:16:43.0164687Z [key_multivalue_storage.py]  __setattr__: INFO: Attempting to set 'instance_id' to '6a850559-ce67-49ef-8b67-3991c897b22d'
2026-01-28T23:16:43.0165490Z [key_multivalue_storage.py]  __setattr__: INFO: Attempting to set 'key' to 'test1'
2026-01-28T23:16:43.0166299Z [key_multivalue_storage.py]  __setattr__: INFO: Attempting to set 'values' to '{'sk4': 'val1', 'sk5': 'val3', 'sk6': 'val2', 'sk3': 'val3'}'
2026-01-28T23:16:43.0167030Z [key_multivalue_storage.py]  __setattr__: INFO: Attempting to set 'instance_id' to 'a43c98fd-a488-4f60-b406-0273863dda2e'
2026-01-28T23:16:43.0167607Z [key_multivalue_storage.py]  __setattr__: INFO: Attempting to set 'key' to 'test1'
2026-01-28T23:16:43.0168220Z [key_multivalue_storage.py]  __setattr__: INFO: Attempting to set 'values' to '{'sk4': 'val1', 'sk5': 'val3', 'sk6': 'val2', 'sk3': 'val3'}'
2026-01-28T23:16:43.0168953Z [key_multivalue_storage.py]  __setattr__: INFO: Attempting to set 'instance_id' to '28b6f4e9-8e18-4958-bba0-f13550e85f48'
2026-01-28T23:16:43.0169519Z [key_multivalue_storage.py]  __setattr__: INFO: Attempting to set 'key' to 'test1'
2026-01-28T23:16:43.0170129Z [key_multivalue_storage.py]  __setattr__: INFO: Attempting to set 'values' to '{'sk4': 'val1', 'sk5': 'val3', 'sk6': 'val2', 'sk3': 'val3'}'
2026-01-28T23:16:43.0170852Z [key_multivalue_storage.py]  __setattr__: INFO: Attempting to set 'instance_id' to 'e22e3df7-5da3-4f7f-b6b1-a5aec859b212'
2026-01-28T23:16:43.0171428Z [key_multivalue_storage.py]  __setattr__: INFO: Attempting to set 'key' to 'test1'
2026-01-28T23:16:43.0172034Z [key_multivalue_storage.py]  __setattr__: INFO: Attempting to set 'values' to '{'sk4': 'val1', 'sk5': 'val3', 'sk6': 'val2', 'sk3': 'val3'}'
2026-01-28T23:16:43.0172759Z [key_multivalue_storage.py]  __setattr__: INFO: Attempting to set 'instance_id' to 'c5e74cba-10ca-4b7e-b8d7-c541b4c464b4'
2026-01-28T23:16:43.0173339Z [key_multivalue_storage.py]  __setattr__: INFO: Attempting to set 'key' to 'test1'
2026-01-28T23:16:43.0173999Z [key_multivalue_storage.py]  __setattr__: INFO: Attempting to set 'values' to '{'sk5': 'val3', 'sk3': 'val3'}'
2026-01-28T23:16:43.0174704Z [key_multivalue_storage.py]  __setattr__: INFO: Attempting to set 'instance_id' to 'acfffba2-2c30-411c-8e83-a87bf20c898e'
2026-01-28T23:16:43.0175297Z [key_multivalue_storage.py]  __setattr__: INFO: Attempting to set 'key' to 'test1'
2026-01-28T23:16:43.0175835Z [key_multivalue_storage.py]  __setattr__: INFO: Attempting to set 'values' to '{'sk6': 'val2', 'sk3': 'val3'}'
2026-01-28T23:16:43.0176498Z [key_multivalue_storage.py]  __setattr__: INFO: Attempting to set 'instance_id' to 'ed1a4a03-336e-4b92-83f9-34bb3456c35b'
2026-01-28T23:16:43.0177074Z [key_multivalue_storage.py]  __setattr__: INFO: Attempting to set 'key' to 'test1'
2026-01-28T23:16:43.0177568Z [key_multivalue_storage.py]  __setattr__: INFO: Attempting to set 'values' to '{'sk4': 'val1'}'
2026-01-28T23:16:43.0178041Z Part 2.3 passed.
2026-01-28T23:16:43.0178187Z -----
2026-01-28T23:16:43.0178350Z Part 2.4: Collection and Container tests
2026-01-28T23:16:43.0178823Z [key_multivalue_storage.py]  __setattr__: INFO: Attempting to set 'instance_id' to 'a9d5b3c1-ecae-4c99-a3b2-9fdf688d8aec'
2026-01-28T23:16:43.0179412Z [key_multivalue_storage.py]  __setattr__: INFO: Attempting to set 'key' to 'test1'
2026-01-28T23:16:43.0179954Z [key_multivalue_storage.py]  __setattr__: INFO: Attempting to set 'values' to '{'sk1': 'val1', 'sk2': 'val2'}'
2026-01-28T23:16:43.0180606Z [key_multivalue_storage.py]  __setattr__: INFO: Attempting to set 'instance_id' to 'c74b0709-4b96-4c13-929b-df34a4f1a997'
2026-01-28T23:16:43.0181182Z [key_multivalue_storage.py]  __setattr__: INFO: Attempting to set 'key' to 'test1'
2026-01-28T23:16:43.0181752Z [key_multivalue_storage.py]  __setattr__: INFO: Attempting to set 'values' to '{'sk4': 'val1', 'sk6': 'val2', 'sk3': 'val3'}'
2026-01-28T23:16:43.0182460Z [key_multivalue_storage.py]  __setattr__: INFO: Attempting to set 'instance_id' to 'd4b74f52-c2d1-42d2-b5e7-f61ee90c2ead'
2026-01-28T23:16:43.0183031Z [key_multivalue_storage.py]  __setattr__: INFO: Attempting to set 'key' to 'test2'
2026-01-28T23:16:43.0183596Z [key_multivalue_storage.py]  __setattr__: INFO: Attempting to set 'values' to '{'sk4': 'val1', 'sk6': 'val2', 'sk3': 'val3'}'
2026-01-28T23:16:43.0184286Z [key_multivalue_storage.py]  __setattr__: INFO: Attempting to set 'instance_id' to '3a343a4e-6c52-4400-964f-c5c51ff1f56a'
2026-01-28T23:16:43.0184851Z [key_multivalue_storage.py]  __setattr__: INFO: Attempting to set 'key' to 'test1'
2026-01-28T23:16:43.0185624Z [key_multivalue_storage.py]  __setattr__: INFO: Attempting to set 'values' to '{'sk1': 'hehe', 'sk2': 'val2', 'sk5': 'will be del'}'
2026-01-28T23:16:43.0186379Z [key_multivalue_storage.py]  __enter__: INFO: Acquring storage from object
2026-01-28T23:16:43.0186800Z [key_multivalue_storage.py]  __exit__: INFO: Releasing storage from object
2026-01-28T23:16:43.0187121Z Part 2.4 passed.
2026-01-28T23:16:43.0187262Z -----
2026-01-28T23:16:43.0187410Z Part 2.5: Built-in attributes
2026-01-28T23:16:43.0187594Z Part 2.5 passed.
2026-01-28T23:16:43.0187735Z -----
2026-01-28T23:16:43.0187876Z Part 2.6: Iteration Test (for loop)
2026-01-28T23:16:43.0188088Z Part 2.6 passed.
2026-01-28T23:16:43.0188235Z -----
2026-01-28T23:16:43.0188416Z Part 2.7: Miscellaneous Tests (__call__, __format__)
2026-01-28T23:16:43.0188670Z Part 2.7 passed.
2026-01-28T23:16:43.0188767Z 
2026-01-28T23:16:43.0188842Z Test passed sucessfully
2026-01-28T23:16:43.3252060Z Post job cleanup.
2026-01-28T23:16:43.4652674Z (node:7344) [DEP0040] DeprecationWarning: The `punycode` module is deprecated. Please use a userland alternative instead.
2026-01-28T23:16:43.4653396Z (Use `node --trace-deprecation ...` to show where the warning was created)
2026-01-28T23:16:43.4952316Z Post job cleanup.
2026-01-28T23:16:43.6818374Z [command]"C:\Program Files\Git\bin\git.exe" version
2026-01-28T23:16:43.7080039Z git version 2.52.0.windows.1
2026-01-28T23:16:43.7154912Z Temporarily overriding HOME='D:\a\_temp\c6f927ce-12fd-45e5-b86e-eb06cd4dfd6e' before making global git config changes
2026-01-28T23:16:43.7156046Z Adding repository directory to the temporary git global config as a safe directory
2026-01-28T23:16:43.7181424Z [command]"C:\Program Files\Git\bin\git.exe" config --global --add safe.directory D:\a\scratchattach\scratchattach
2026-01-28T23:16:43.7463350Z Removing SSH command configuration
2026-01-28T23:16:43.7475182Z [command]"C:\Program Files\Git\bin\git.exe" config --local --name-only --get-regexp core\.sshCommand
2026-01-28T23:16:43.7777960Z [command]"C:\Program Files\Git\bin\git.exe" submodule foreach --recursive "sh -c \"git config --local --name-only --get-regexp 'core\.sshCommand' && git config --local --unset-all 'core.sshCommand' || :\""
2026-01-28T23:16:44.3344765Z Removing HTTP extra header
2026-01-28T23:16:44.3355216Z [command]"C:\Program Files\Git\bin\git.exe" config --local --name-only --get-regexp http\.https\:\/\/github\.com\/\.extraheader
2026-01-28T23:16:44.3656334Z [command]"C:\Program Files\Git\bin\git.exe" submodule foreach --recursive "sh -c \"git config --local --name-only --get-regexp 'http\.https\:\/\/github\.com\/\.extraheader' && git config --local --unset-all 'http.https://github.com/.extraheader' || :\""
2026-01-28T23:16:44.9023681Z Removing includeIf entries pointing to credentials config files
2026-01-28T23:16:44.9035886Z [command]"C:\Program Files\Git\bin\git.exe" config --local --name-only --get-regexp ^includeIf\.gitdir:
2026-01-28T23:16:44.9292061Z includeif.gitdir:D:/a/scratchattach/scratchattach/.git.path
2026-01-28T23:16:44.9292855Z includeif.gitdir:D:/a/scratchattach/scratchattach/.git/worktrees/*.path
2026-01-28T23:16:44.9293548Z includeif.gitdir:/github/workspace/.git.path
2026-01-28T23:16:44.9294106Z includeif.gitdir:/github/workspace/.git/worktrees/*.path
2026-01-28T23:16:44.9332844Z [command]"C:\Program Files\Git\bin\git.exe" config --local --get-all includeif.gitdir:D:/a/scratchattach/scratchattach/.git.path
2026-01-28T23:16:44.9594255Z D:\a\_temp\git-credentials-fb3b5f19-3a52-414c-9b7d-ef7bc80abc0f.config
2026-01-28T23:16:44.9636483Z [command]"C:\Program Files\Git\bin\git.exe" config --local --unset includeif.gitdir:D:/a/scratchattach/scratchattach/.git.path D:\a\_temp\git-credentials-fb3b5f19-3a52-414c-9b7d-ef7bc80abc0f.config
2026-01-28T23:16:44.9953001Z [command]"C:\Program Files\Git\bin\git.exe" config --local --get-all includeif.gitdir:D:/a/scratchattach/scratchattach/.git/worktrees/*.path
2026-01-28T23:16:45.0246158Z D:\a\_temp\git-credentials-fb3b5f19-3a52-414c-9b7d-ef7bc80abc0f.config
2026-01-28T23:16:45.0306994Z [command]"C:\Program Files\Git\bin\git.exe" config --local --unset includeif.gitdir:D:/a/scratchattach/scratchattach/.git/worktrees/*.path D:\a\_temp\git-credentials-fb3b5f19-3a52-414c-9b7d-ef7bc80abc0f.config
2026-01-28T23:16:45.0728166Z [command]"C:\Program Files\Git\bin\git.exe" config --local --get-all includeif.gitdir:/github/workspace/.git.path
2026-01-28T23:16:45.1013488Z /github/runner_temp/git-credentials-fb3b5f19-3a52-414c-9b7d-ef7bc80abc0f.config
2026-01-28T23:16:45.1060847Z [command]"C:\Program Files\Git\bin\git.exe" config --local --unset includeif.gitdir:/github/workspace/.git.path /github/runner_temp/git-credentials-fb3b5f19-3a52-414c-9b7d-ef7bc80abc0f.config
2026-01-28T23:16:45.1374006Z [command]"C:\Program Files\Git\bin\git.exe" config --local --get-all includeif.gitdir:/github/workspace/.git/worktrees/*.path
2026-01-28T23:16:45.1638259Z /github/runner_temp/git-credentials-fb3b5f19-3a52-414c-9b7d-ef7bc80abc0f.config
2026-01-28T23:16:45.1675865Z [command]"C:\Program Files\Git\bin\git.exe" config --local --unset includeif.gitdir:/github/workspace/.git/worktrees/*.path /github/runner_temp/git-credentials-fb3b5f19-3a52-414c-9b7d-ef7bc80abc0f.config
2026-01-28T23:16:45.1979770Z [command]"C:\Program Files\Git\bin\git.exe" submodule foreach --recursive "git config --local --show-origin --name-only --get-regexp remote.origin.url"
2026-01-28T23:16:45.7410239Z Removing credentials config 'D:\a\_temp\git-credentials-fb3b5f19-3a52-414c-9b7d-ef7bc80abc0f.config'
2026-01-28T23:16:45.7601826Z Cleaning up orphan processes
