2025-12-23T15:08:46.2146372Z Current runner version: '2.330.0'
2025-12-23T15:08:46.2179574Z ##[group]Runner Image Provisioner
2025-12-23T15:08:46.2180673Z Hosted Compute Agent
2025-12-23T15:08:46.2181484Z Version: 20251211.462
2025-12-23T15:08:46.2182364Z Commit: 6cbad8c2bb55d58165063d031ccabf57e2d2db61
2025-12-23T15:08:46.2183545Z Build Date: 2025-12-11T16:28:49Z
2025-12-23T15:08:46.2184505Z Worker ID: {34b88b36-1487-4bf2-8a45-71a0803245f6}
2025-12-23T15:08:46.2185596Z ##[endgroup]
2025-12-23T15:08:46.2186448Z ##[group]Operating System
2025-12-23T15:08:46.2187363Z Microsoft Windows Server 2025
2025-12-23T15:08:46.2188244Z 10.0.26100
2025-12-23T15:08:46.2188933Z Datacenter
2025-12-23T15:08:46.2189652Z ##[endgroup]
2025-12-23T15:08:46.2190336Z ##[group]Runner Image
2025-12-23T15:08:46.2191138Z Image: windows-2025
2025-12-23T15:08:46.2191826Z Version: 20251216.149.1
2025-12-23T15:08:46.2194121Z Included Software: https://github.com/actions/runner-images/blob/win25/20251216.149/images/windows/Windows2025-Readme.md
2025-12-23T15:08:46.2197105Z Image Release: https://github.com/actions/runner-images/releases/tag/win25%2F20251216.149
2025-12-23T15:08:46.2198605Z ##[endgroup]
2025-12-23T15:08:46.2203215Z ##[group]GITHUB_TOKEN Permissions
2025-12-23T15:08:46.2205898Z Actions: write
2025-12-23T15:08:46.2206695Z ArtifactMetadata: write
2025-12-23T15:08:46.2207601Z Attestations: write
2025-12-23T15:08:46.2208294Z Checks: write
2025-12-23T15:08:46.2209134Z Contents: write
2025-12-23T15:08:46.2209932Z Deployments: write
2025-12-23T15:08:46.2210693Z Discussions: write
2025-12-23T15:08:46.2211482Z Issues: write
2025-12-23T15:08:46.2212200Z Metadata: read
2025-12-23T15:08:46.2213059Z Models: read
2025-12-23T15:08:46.2213710Z Packages: write
2025-12-23T15:08:46.2214469Z Pages: write
2025-12-23T15:08:46.2215172Z PullRequests: write
2025-12-23T15:08:46.2216555Z RepositoryProjects: write
2025-12-23T15:08:46.2217661Z SecurityEvents: write
2025-12-23T15:08:46.2218424Z Statuses: write
2025-12-23T15:08:46.2219184Z ##[endgroup]
2025-12-23T15:08:46.2221650Z Secret source: Actions
2025-12-23T15:08:46.2222435Z Prepare workflow directory
2025-12-23T15:08:46.2568710Z Prepare all required actions
2025-12-23T15:08:46.2606179Z Getting action download info
2025-12-23T15:08:46.4612698Z Download action repository 'actions/checkout@v6.0.1' (SHA:8e8c483db84b4bee98b60c0593521ed34d9990e8)
2025-12-23T15:08:46.5869443Z Download action repository 'actions/setup-python@v6.1.0' (SHA:83679a892e2d95755f2dac6acb0bfd1e9ac5d548)
2025-12-23T15:08:46.9355181Z Complete job name: build (3.10, windows-latest)
2025-12-23T15:08:47.0840991Z ##[group]Run actions/checkout@v6.0.1
2025-12-23T15:08:47.0841971Z with:
2025-12-23T15:08:47.0842317Z   ref: scratch_chat_dev
2025-12-23T15:08:47.0842738Z   repository: Boss-1s/scratchattach
2025-12-23T15:08:47.0843908Z   token: ***
2025-12-23T15:08:47.0844344Z   ssh-strict: true
2025-12-23T15:08:47.0844780Z   ssh-user: git
2025-12-23T15:08:47.0845236Z   persist-credentials: true
2025-12-23T15:08:47.0845744Z   clean: true
2025-12-23T15:08:47.0846225Z   sparse-checkout-cone-mode: true
2025-12-23T15:08:47.0846761Z   fetch-depth: 1
2025-12-23T15:08:47.0847198Z   fetch-tags: false
2025-12-23T15:08:47.0847647Z   show-progress: true
2025-12-23T15:08:47.0848107Z   lfs: false
2025-12-23T15:08:47.0848513Z   submodules: false
2025-12-23T15:08:47.0848974Z   set-safe-directory: true
2025-12-23T15:08:47.0849773Z ##[endgroup]
2025-12-23T15:08:47.2218110Z Syncing repository: Boss-1s/scratchattach
2025-12-23T15:08:47.2221915Z ##[group]Getting Git version info
2025-12-23T15:08:47.2224541Z Working directory is 'D:\a\scratchattach\scratchattach'
2025-12-23T15:08:47.3306899Z [command]"C:\Program Files\Git\bin\git.exe" version
2025-12-23T15:08:47.6422215Z git version 2.52.0.windows.1
2025-12-23T15:08:47.6481715Z ##[endgroup]
2025-12-23T15:08:47.6505944Z Temporarily overriding HOME='D:\a\_temp\d656adef-6ed3-46a0-8f8f-aaeb4c7f3567' before making global git config changes
2025-12-23T15:08:47.6508226Z Adding repository directory to the temporary git global config as a safe directory
2025-12-23T15:08:47.6518194Z [command]"C:\Program Files\Git\bin\git.exe" config --global --add safe.directory D:\a\scratchattach\scratchattach
2025-12-23T15:08:47.7257403Z Deleting the contents of 'D:\a\scratchattach\scratchattach'
2025-12-23T15:08:47.7263966Z ##[group]Initializing the repository
2025-12-23T15:08:47.7271973Z [command]"C:\Program Files\Git\bin\git.exe" init D:\a\scratchattach\scratchattach
2025-12-23T15:08:47.8395435Z Initialized empty Git repository in D:/a/scratchattach/scratchattach/.git/
2025-12-23T15:08:47.8439433Z [command]"C:\Program Files\Git\bin\git.exe" remote add origin https://github.com/Boss-1s/scratchattach
2025-12-23T15:08:47.8997947Z ##[endgroup]
2025-12-23T15:08:47.8999009Z ##[group]Disabling automatic garbage collection
2025-12-23T15:08:47.9005670Z [command]"C:\Program Files\Git\bin\git.exe" config --local gc.auto 0
2025-12-23T15:08:47.9289487Z ##[endgroup]
2025-12-23T15:08:47.9291224Z ##[group]Setting up auth
2025-12-23T15:08:47.9292618Z Removing SSH command configuration
2025-12-23T15:08:47.9302000Z [command]"C:\Program Files\Git\bin\git.exe" config --local --name-only --get-regexp core\.sshCommand
2025-12-23T15:08:47.9594536Z [command]"C:\Program Files\Git\bin\git.exe" submodule foreach --recursive "sh -c \"git config --local --name-only --get-regexp 'core\.sshCommand' && git config --local --unset-all 'core.sshCommand' || :\""
2025-12-23T15:08:49.3528630Z Removing HTTP extra header
2025-12-23T15:08:49.3538404Z [command]"C:\Program Files\Git\bin\git.exe" config --local --name-only --get-regexp http\.https\:\/\/github\.com\/\.extraheader
2025-12-23T15:08:49.3827151Z [command]"C:\Program Files\Git\bin\git.exe" submodule foreach --recursive "sh -c \"git config --local --name-only --get-regexp 'http\.https\:\/\/github\.com\/\.extraheader' && git config --local --unset-all 'http.https://github.com/.extraheader' || :\""
2025-12-23T15:08:49.8783885Z Removing includeIf entries pointing to credentials config files
2025-12-23T15:08:49.8794571Z [command]"C:\Program Files\Git\bin\git.exe" config --local --name-only --get-regexp ^includeIf\.gitdir:
2025-12-23T15:08:49.9083610Z [command]"C:\Program Files\Git\bin\git.exe" submodule foreach --recursive "git config --local --show-origin --name-only --get-regexp remote.origin.url"
2025-12-23T15:08:50.4332203Z [command]"C:\Program Files\Git\bin\git.exe" config --file D:\a\_temp\git-credentials-a56d2580-c775-4796-b3e9-dcb0f6543288.config http.https://github.com/.extraheader "AUTHORIZATION: basic ***"
2025-12-23T15:08:50.4682284Z [command]"C:\Program Files\Git\bin\git.exe" config --local includeIf.gitdir:D:/a/scratchattach/scratchattach/.git.path D:\a\_temp\git-credentials-a56d2580-c775-4796-b3e9-dcb0f6543288.config
2025-12-23T15:08:50.4997500Z [command]"C:\Program Files\Git\bin\git.exe" config --local includeIf.gitdir:D:/a/scratchattach/scratchattach/.git/worktrees/*.path D:\a\_temp\git-credentials-a56d2580-c775-4796-b3e9-dcb0f6543288.config
2025-12-23T15:08:50.5333616Z [command]"C:\Program Files\Git\bin\git.exe" config --local includeIf.gitdir:/github/workspace/.git.path /github/runner_temp/git-credentials-a56d2580-c775-4796-b3e9-dcb0f6543288.config
2025-12-23T15:08:50.5637303Z [command]"C:\Program Files\Git\bin\git.exe" config --local includeIf.gitdir:/github/workspace/.git/worktrees/*.path /github/runner_temp/git-credentials-a56d2580-c775-4796-b3e9-dcb0f6543288.config
2025-12-23T15:08:50.5945963Z ##[endgroup]
2025-12-23T15:08:50.5946741Z ##[group]Fetching the repository
2025-12-23T15:08:50.5960434Z [command]"C:\Program Files\Git\bin\git.exe" -c protocol.version=2 fetch --no-tags --prune --no-recurse-submodules --depth=1 origin +refs/heads/scratch_chat_dev*:refs/remotes/origin/scratch_chat_dev* +refs/tags/scratch_chat_dev*:refs/tags/scratch_chat_dev*
2025-12-23T15:08:54.6671447Z From https://github.com/Boss-1s/scratchattach
2025-12-23T15:08:54.6672198Z  * [new branch]      scratch_chat_dev -> origin/scratch_chat_dev
2025-12-23T15:08:54.6954658Z ##[endgroup]
2025-12-23T15:08:54.6956658Z ##[group]Determining the checkout info
2025-12-23T15:08:54.6965803Z [command]"C:\Program Files\Git\bin\git.exe" branch --list --remote origin/scratch_chat_dev
2025-12-23T15:08:54.7279712Z   origin/scratch_chat_dev
2025-12-23T15:08:54.7314103Z ##[endgroup]
2025-12-23T15:08:54.7321860Z [command]"C:\Program Files\Git\bin\git.exe" sparse-checkout disable
2025-12-23T15:08:54.7764547Z [command]"C:\Program Files\Git\bin\git.exe" config --local --unset-all extensions.worktreeConfig
2025-12-23T15:08:54.8068969Z ##[group]Checking out the ref
2025-12-23T15:08:54.8078639Z [command]"C:\Program Files\Git\bin\git.exe" checkout --progress --force -B scratch_chat_dev refs/remotes/origin/scratch_chat_dev
2025-12-23T15:08:55.9057073Z Updating files:  83% (1901/2269)
2025-12-23T15:08:55.9135864Z Updating files:  84% (1906/2269)
2025-12-23T15:08:55.9228371Z Updating files:  85% (1929/2269)
2025-12-23T15:08:55.9364950Z Updating files:  86% (1952/2269)
2025-12-23T15:08:55.9447956Z Updating files:  87% (1975/2269)
2025-12-23T15:08:55.9537698Z Updating files:  88% (1997/2269)
2025-12-23T15:08:55.9618807Z Updating files:  89% (2020/2269)
2025-12-23T15:08:55.9719435Z Updating files:  90% (2043/2269)
2025-12-23T15:08:55.9850245Z Updating files:  91% (2065/2269)
2025-12-23T15:08:55.9966186Z Updating files:  92% (2088/2269)
2025-12-23T15:08:56.0054627Z Updating files:  93% (2111/2269)
2025-12-23T15:08:56.0137473Z Updating files:  94% (2133/2269)
2025-12-23T15:08:56.0227207Z Updating files:  95% (2156/2269)
2025-12-23T15:08:56.0304524Z Updating files:  96% (2179/2269)
2025-12-23T15:08:56.0473966Z Updating files:  97% (2201/2269)
2025-12-23T15:08:56.0587138Z Updating files:  98% (2224/2269)
2025-12-23T15:08:56.0655400Z Updating files:  99% (2247/2269)
2025-12-23T15:08:56.0656098Z Updating files: 100% (2269/2269)
2025-12-23T15:08:56.0656538Z Updating files: 100% (2269/2269), done.
2025-12-23T15:08:56.0908778Z branch 'scratch_chat_dev' set up to track 'origin/scratch_chat_dev'.
2025-12-23T15:08:56.0922349Z Switched to a new branch 'scratch_chat_dev'
2025-12-23T15:08:56.1033786Z ##[endgroup]
2025-12-23T15:08:56.1400174Z [command]"C:\Program Files\Git\bin\git.exe" log -1 --format=%H
2025-12-23T15:08:56.1710677Z 5fcafa8b860e66a0b6afe9b31b264d684ecec2f0
2025-12-23T15:08:56.2131546Z ##[group]Run actions/setup-python@v6.1.0
2025-12-23T15:08:56.2131854Z with:
2025-12-23T15:08:56.2132015Z   python-version: 3.10
2025-12-23T15:08:56.2132203Z   check-latest: false
2025-12-23T15:08:56.2132529Z   token: ***
2025-12-23T15:08:56.2132700Z   update-environment: true
2025-12-23T15:08:56.2132892Z   allow-prereleases: false
2025-12-23T15:08:56.2133090Z   freethreaded: false
2025-12-23T15:08:56.2133251Z ##[endgroup]
2025-12-23T15:08:56.3651662Z ##[group]Installed versions
2025-12-23T15:08:56.3879969Z (node:5772) [DEP0040] DeprecationWarning: The `punycode` module is deprecated. Please use a userland alternative instead.
2025-12-23T15:08:56.3880596Z (Use `node --trace-deprecation ...` to show where the warning was created)
2025-12-23T15:08:56.3882249Z Successfully set up CPython (3.10.11)
2025-12-23T15:08:56.3882752Z ##[endgroup]
2025-12-23T15:08:56.4141063Z ##[group]Run cd test
2025-12-23T15:08:56.4141375Z [36;1mcd test[0m
2025-12-23T15:08:56.4141543Z [36;1mpython3 test5.py[0m
2025-12-23T15:08:56.5089718Z shell: C:\Program Files\PowerShell\7\pwsh.EXE -command ". '{0}'"
2025-12-23T15:08:56.5090108Z env:
2025-12-23T15:08:56.5090362Z   pythonLocation: C:\hostedtoolcache\windows\Python\3.10.11\x64
2025-12-23T15:08:56.5090824Z   PKG_CONFIG_PATH: C:\hostedtoolcache\windows\Python\3.10.11\x64/lib/pkgconfig
2025-12-23T15:08:56.5091234Z   Python_ROOT_DIR: C:\hostedtoolcache\windows\Python\3.10.11\x64
2025-12-23T15:08:56.5091607Z   Python2_ROOT_DIR: C:\hostedtoolcache\windows\Python\3.10.11\x64
2025-12-23T15:08:56.5091981Z   Python3_ROOT_DIR: C:\hostedtoolcache\windows\Python\3.10.11\x64
2025-12-23T15:08:56.5092287Z ##[endgroup]
2025-12-23T15:09:07.8450607Z Traceback (most recent call last):
2025-12-23T15:09:07.8457201Z   File "D:\a\scratchattach\scratchattach\test\test5.py", line 14, in <module>
2025-12-23T15:09:07.8841329Z     db_add_subval("test.json", "test_top_level_key", "sk1", "val1", "sk2", "skibidi toilet")
2025-12-23T15:09:07.8964860Z NameError: name 'db_add_subval' is not defined
2025-12-23T15:09:08.2270457Z ##[error]Process completed with exit code 1.
2025-12-23T15:09:08.2499355Z Post job cleanup.
2025-12-23T15:09:08.4400345Z [command]"C:\Program Files\Git\bin\git.exe" version
2025-12-23T15:09:08.4683988Z git version 2.52.0.windows.1
2025-12-23T15:09:08.4771567Z Temporarily overriding HOME='D:\a\_temp\2f2fb979-e836-4d46-87c3-65d9644519b0' before making global git config changes
2025-12-23T15:09:08.4772995Z Adding repository directory to the temporary git global config as a safe directory
2025-12-23T15:09:08.4787489Z [command]"C:\Program Files\Git\bin\git.exe" config --global --add safe.directory D:\a\scratchattach\scratchattach
2025-12-23T15:09:08.5127585Z Removing SSH command configuration
2025-12-23T15:09:08.5139005Z [command]"C:\Program Files\Git\bin\git.exe" config --local --name-only --get-regexp core\.sshCommand
2025-12-23T15:09:08.5459361Z [command]"C:\Program Files\Git\bin\git.exe" submodule foreach --recursive "sh -c \"git config --local --name-only --get-regexp 'core\.sshCommand' && git config --local --unset-all 'core.sshCommand' || :\""
2025-12-23T15:09:09.0932441Z Removing HTTP extra header
2025-12-23T15:09:09.0942513Z [command]"C:\Program Files\Git\bin\git.exe" config --local --name-only --get-regexp http\.https\:\/\/github\.com\/\.extraheader
2025-12-23T15:09:09.1294613Z [command]"C:\Program Files\Git\bin\git.exe" submodule foreach --recursive "sh -c \"git config --local --name-only --get-regexp 'http\.https\:\/\/github\.com\/\.extraheader' && git config --local --unset-all 'http.https://github.com/.extraheader' || :\""
2025-12-23T15:09:09.6445095Z Removing includeIf entries pointing to credentials config files
2025-12-23T15:09:09.6457114Z [command]"C:\Program Files\Git\bin\git.exe" config --local --name-only --get-regexp ^includeIf\.gitdir:
2025-12-23T15:09:09.6718996Z includeif.gitdir:D:/a/scratchattach/scratchattach/.git.path
2025-12-23T15:09:09.6720163Z includeif.gitdir:D:/a/scratchattach/scratchattach/.git/worktrees/*.path
2025-12-23T15:09:09.6720726Z includeif.gitdir:/github/workspace/.git.path
2025-12-23T15:09:09.6721131Z includeif.gitdir:/github/workspace/.git/worktrees/*.path
2025-12-23T15:09:09.6761795Z [command]"C:\Program Files\Git\bin\git.exe" config --local --get-all includeif.gitdir:D:/a/scratchattach/scratchattach/.git.path
2025-12-23T15:09:09.7016093Z D:\a\_temp\git-credentials-a56d2580-c775-4796-b3e9-dcb0f6543288.config
2025-12-23T15:09:09.7058351Z [command]"C:\Program Files\Git\bin\git.exe" config --local --unset includeif.gitdir:D:/a/scratchattach/scratchattach/.git.path D:\a\_temp\git-credentials-a56d2580-c775-4796-b3e9-dcb0f6543288.config
2025-12-23T15:09:09.7359128Z [command]"C:\Program Files\Git\bin\git.exe" config --local --get-all includeif.gitdir:D:/a/scratchattach/scratchattach/.git/worktrees/*.path
2025-12-23T15:09:09.7615917Z D:\a\_temp\git-credentials-a56d2580-c775-4796-b3e9-dcb0f6543288.config
2025-12-23T15:09:09.7659043Z [command]"C:\Program Files\Git\bin\git.exe" config --local --unset includeif.gitdir:D:/a/scratchattach/scratchattach/.git/worktrees/*.path D:\a\_temp\git-credentials-a56d2580-c775-4796-b3e9-dcb0f6543288.config
2025-12-23T15:09:09.7955992Z [command]"C:\Program Files\Git\bin\git.exe" config --local --get-all includeif.gitdir:/github/workspace/.git.path
2025-12-23T15:09:09.8215990Z /github/runner_temp/git-credentials-a56d2580-c775-4796-b3e9-dcb0f6543288.config
2025-12-23T15:09:09.8254971Z [command]"C:\Program Files\Git\bin\git.exe" config --local --unset includeif.gitdir:/github/workspace/.git.path /github/runner_temp/git-credentials-a56d2580-c775-4796-b3e9-dcb0f6543288.config
2025-12-23T15:09:09.8559441Z [command]"C:\Program Files\Git\bin\git.exe" config --local --get-all includeif.gitdir:/github/workspace/.git/worktrees/*.path
2025-12-23T15:09:09.8816783Z /github/runner_temp/git-credentials-a56d2580-c775-4796-b3e9-dcb0f6543288.config
2025-12-23T15:09:09.8857224Z [command]"C:\Program Files\Git\bin\git.exe" config --local --unset includeif.gitdir:/github/workspace/.git/worktrees/*.path /github/runner_temp/git-credentials-a56d2580-c775-4796-b3e9-dcb0f6543288.config
2025-12-23T15:09:09.9158780Z [command]"C:\Program Files\Git\bin\git.exe" submodule foreach --recursive "git config --local --show-origin --name-only --get-regexp remote.origin.url"
2025-12-23T15:09:10.4530551Z Removing credentials config 'D:\a\_temp\git-credentials-a56d2580-c775-4796-b3e9-dcb0f6543288.config'
2025-12-23T15:09:10.4701449Z Cleaning up orphan processes
