2025-09-11T22:47:17.4428903Z Current runner version: '2.328.0'
2025-09-11T22:47:17.4455285Z ##[group]Runner Image Provisioner
2025-09-11T22:47:17.4456215Z Hosted Compute Agent
2025-09-11T22:47:17.4456769Z Version: 20250829.383
2025-09-11T22:47:17.4457394Z Commit: 27cb235aab5b0e52e153a26cd86b4742e89dac5d
2025-09-11T22:47:17.4458578Z Build Date: 2025-08-29T13:48:48Z
2025-09-11T22:47:17.4459398Z ##[endgroup]
2025-09-11T22:47:17.4460020Z ##[group]Operating System
2025-09-11T22:47:17.4460640Z Ubuntu
2025-09-11T22:47:17.4461171Z 24.04.3
2025-09-11T22:47:17.4461621Z LTS
2025-09-11T22:47:17.4462134Z ##[endgroup]
2025-09-11T22:47:17.4462627Z ##[group]Runner Image
2025-09-11T22:47:17.4463212Z Image: ubuntu-24.04
2025-09-11T22:47:17.4463777Z Version: 20250907.24.1
2025-09-11T22:47:17.4464784Z Included Software: https://github.com/actions/runner-images/blob/ubuntu24/20250907.24/images/ubuntu/Ubuntu2404-Readme.md
2025-09-11T22:47:17.4466359Z Image Release: https://github.com/actions/runner-images/releases/tag/ubuntu24%2F20250907.24
2025-09-11T22:47:17.4467416Z ##[endgroup]
2025-09-11T22:47:17.4468473Z ##[group]GITHUB_TOKEN Permissions
2025-09-11T22:47:17.4470857Z Contents: write
2025-09-11T22:47:17.4471401Z Metadata: read
2025-09-11T22:47:17.4471902Z ##[endgroup]
2025-09-11T22:47:17.4474122Z Secret source: Actions
2025-09-11T22:47:17.4475298Z Prepare workflow directory
2025-09-11T22:47:17.5186924Z Prepare all required actions
2025-09-11T22:47:17.5244856Z Getting action download info
2025-09-11T22:47:17.8702449Z Download action repository 'actions/checkout@ff7abcd0c3c05ccf6adc123a8cd1fd4fb30fb493' (SHA:ff7abcd0c3c05ccf6adc123a8cd1fd4fb30fb493)
2025-09-11T22:47:18.0299475Z Download action repository 'actions/setup-python@v5' (SHA:a26af69be951a213d495a4c3e4e4022e16d87065)
2025-09-11T22:47:18.1741819Z Download action repository 'actions/cache@0400d5f644dc74513175e3cd8d07132dd4860809' (SHA:0400d5f644dc74513175e3cd8d07132dd4860809)
2025-09-11T22:47:18.2741057Z Download action repository 'actions/component-detection-dependency-submission-action@374343effede691df3a5ffaf36b4e7acab919590' (SHA:374343effede691df3a5ffaf36b4e7acab919590)
2025-09-11T22:47:18.9608284Z Complete job name: submit-pypi
2025-09-11T22:47:19.0400956Z ##[group]Run actions/checkout@ff7abcd0c3c05ccf6adc123a8cd1fd4fb30fb493
2025-09-11T22:47:19.0402726Z with:
2025-09-11T22:47:19.0403467Z   ref: refs/heads/scratch_chat_dev
2025-09-11T22:47:19.0404488Z   repository: Boss-1s/scratchattach
2025-09-11T22:47:19.0405810Z   token: ***
2025-09-11T22:47:19.0406555Z   ssh-strict: true
2025-09-11T22:47:19.0407309Z   ssh-user: git
2025-09-11T22:47:19.0408112Z   persist-credentials: true
2025-09-11T22:47:19.0409147Z   clean: true
2025-09-11T22:47:19.0409945Z   sparse-checkout-cone-mode: true
2025-09-11T22:47:19.0410920Z   fetch-depth: 1
2025-09-11T22:47:19.0411674Z   fetch-tags: false
2025-09-11T22:47:19.0412467Z   show-progress: true
2025-09-11T22:47:19.0413252Z   lfs: false
2025-09-11T22:47:19.0413969Z   submodules: false
2025-09-11T22:47:19.0414755Z   set-safe-directory: true
2025-09-11T22:47:19.0415875Z env:
2025-09-11T22:47:19.0416585Z   SKIP_CACHE: 
2025-09-11T22:47:19.0417306Z ##[endgroup]
2025-09-11T22:47:19.1385947Z Syncing repository: Boss-1s/scratchattach
2025-09-11T22:47:19.1389112Z ##[group]Getting Git version info
2025-09-11T22:47:19.1390601Z Working directory is '/home/runner/work/scratchattach/scratchattach'
2025-09-11T22:47:19.1392568Z [command]/usr/bin/git version
2025-09-11T22:47:19.1453197Z git version 2.51.0
2025-09-11T22:47:19.1477373Z ##[endgroup]
2025-09-11T22:47:19.1493359Z Temporarily overriding HOME='/home/runner/work/_temp/a9ee76da-0e98-4716-ae62-36fe57ed4e0d' before making global git config changes
2025-09-11T22:47:19.1497199Z Adding repository directory to the temporary git global config as a safe directory
2025-09-11T22:47:19.1500456Z [command]/usr/bin/git config --global --add safe.directory /home/runner/work/scratchattach/scratchattach
2025-09-11T22:47:19.1540669Z Deleting the contents of '/home/runner/work/scratchattach/scratchattach'
2025-09-11T22:47:19.1545198Z ##[group]Initializing the repository
2025-09-11T22:47:19.1550750Z [command]/usr/bin/git init /home/runner/work/scratchattach/scratchattach
2025-09-11T22:47:19.1663298Z hint: Using 'master' as the name for the initial branch. This default branch name
2025-09-11T22:47:19.1666779Z hint: is subject to change. To configure the initial branch name to use in all
2025-09-11T22:47:19.1668985Z hint: of your new repositories, which will suppress this warning, call:
2025-09-11T22:47:19.1671094Z hint:
2025-09-11T22:47:19.1672350Z hint: 	git config --global init.defaultBranch <name>
2025-09-11T22:47:19.1673711Z hint:
2025-09-11T22:47:19.1674755Z hint: Names commonly chosen instead of 'master' are 'main', 'trunk' and
2025-09-11T22:47:19.1676915Z hint: 'development'. The just-created branch can be renamed via this command:
2025-09-11T22:47:19.1679168Z hint:
2025-09-11T22:47:19.1679934Z hint: 	git branch -m <name>
2025-09-11T22:47:19.1680781Z hint:
2025-09-11T22:47:19.1681940Z hint: Disable this message with "git config set advice.defaultBranchName false"
2025-09-11T22:47:19.1683985Z Initialized empty Git repository in /home/runner/work/scratchattach/scratchattach/.git/
2025-09-11T22:47:19.1687346Z [command]/usr/bin/git remote add origin https://github.com/Boss-1s/scratchattach
2025-09-11T22:47:19.1757215Z ##[endgroup]
2025-09-11T22:47:19.1759443Z ##[group]Disabling automatic garbage collection
2025-09-11T22:47:19.1761375Z [command]/usr/bin/git config --local gc.auto 0
2025-09-11T22:47:19.1794970Z ##[endgroup]
2025-09-11T22:47:19.1796259Z ##[group]Setting up auth
2025-09-11T22:47:19.1802609Z [command]/usr/bin/git config --local --name-only --get-regexp core\.sshCommand
2025-09-11T22:47:19.1839950Z [command]/usr/bin/git submodule foreach --recursive sh -c "git config --local --name-only --get-regexp 'core\.sshCommand' && git config --local --unset-all 'core.sshCommand' || :"
2025-09-11T22:47:19.2170590Z [command]/usr/bin/git config --local --name-only --get-regexp http\.https\:\/\/github\.com\/\.extraheader
2025-09-11T22:47:19.2209279Z [command]/usr/bin/git submodule foreach --recursive sh -c "git config --local --name-only --get-regexp 'http\.https\:\/\/github\.com\/\.extraheader' && git config --local --unset-all 'http.https://github.com/.extraheader' || :"
2025-09-11T22:47:19.2444472Z [command]/usr/bin/git config --local http.https://github.com/.extraheader AUTHORIZATION: basic ***
2025-09-11T22:47:19.2486315Z ##[endgroup]
2025-09-11T22:47:19.2487668Z ##[group]Fetching the repository
2025-09-11T22:47:19.2495904Z [command]/usr/bin/git -c protocol.version=2 fetch --no-tags --prune --no-recurse-submodules --depth=1 origin +refs/heads/scratch_chat_dev:refs/remotes/origin/scratch_chat_dev
2025-09-11T22:47:19.7764901Z From https://github.com/Boss-1s/scratchattach
2025-09-11T22:47:19.7767173Z  * [new branch]      scratch_chat_dev -> origin/scratch_chat_dev
2025-09-11T22:47:19.7800246Z ##[endgroup]
2025-09-11T22:47:19.7801655Z ##[group]Determining the checkout info
2025-09-11T22:47:19.7803420Z ##[endgroup]
2025-09-11T22:47:19.7807633Z [command]/usr/bin/git sparse-checkout disable
2025-09-11T22:47:19.7856693Z [command]/usr/bin/git config --local --unset-all extensions.worktreeConfig
2025-09-11T22:47:19.7892234Z ##[group]Checking out the ref
2025-09-11T22:47:19.7895712Z [command]/usr/bin/git checkout --progress --force -B scratch_chat_dev refs/remotes/origin/scratch_chat_dev
2025-09-11T22:47:19.8649131Z Switched to a new branch 'scratch_chat_dev'
2025-09-11T22:47:19.8651457Z branch 'scratch_chat_dev' set up to track 'origin/scratch_chat_dev'.
2025-09-11T22:47:19.8666241Z ##[endgroup]
2025-09-11T22:47:19.8709357Z [command]/usr/bin/git log -1 --format=%H
2025-09-11T22:47:19.8736170Z e6a049962c5f61c8dbb3b40da472d714f26c5377
2025-09-11T22:47:19.9023800Z ##[group]Run actions/setup-python@v5
2025-09-11T22:47:19.9024803Z with:
2025-09-11T22:47:19.9025469Z   check-latest: false
2025-09-11T22:47:19.9026538Z   token: ***
2025-09-11T22:47:19.9027266Z   update-environment: true
2025-09-11T22:47:19.9028105Z   allow-prereleases: false
2025-09-11T22:47:19.9029207Z   freethreaded: false
2025-09-11T22:47:19.9030204Z env:
2025-09-11T22:47:19.9030836Z   SKIP_CACHE: 
2025-09-11T22:47:19.9031506Z ##[endgroup]
2025-09-11T22:47:20.0898996Z [warning]Neither 'python-version' nor 'python-version-file' inputs were supplied. Attempting to find '.python-version' file.
2025-09-11T22:47:20.0901724Z [warning].python-version doesn't exist.
2025-09-11T22:47:20.0922641Z ##[warning]The `python-version` input is not set.  The version of Python currently in `PATH` will be used.
2025-09-11T22:47:20.1044408Z ##[group]Run version=$(python --version)
2025-09-11T22:47:20.1045545Z [36;1mversion=$(python --version)[0m
2025-09-11T22:47:20.1046617Z [36;1mecho "::notice::Using python version: $version"[0m
2025-09-11T22:47:20.1047715Z [36;1mpip_version=$(pip --version)[0m
2025-09-11T22:47:20.1048965Z [36;1mecho "::notice::Using pip version: $pip_version"[0m
2025-09-11T22:47:20.1050099Z [36;1mpip install pip-tools[0m
2025-09-11T22:47:20.1051083Z [36;1mpip_compile_version=$(pip-compile --version)[0m
2025-09-11T22:47:20.1052478Z [36;1mecho "::notice::Using pip-compile version: $pip_compile_version"[0m
2025-09-11T22:47:20.1110932Z shell: /usr/bin/bash --noprofile --norc -e -o pipefail {0}
2025-09-11T22:47:20.1112098Z env:
2025-09-11T22:47:20.1112724Z   SKIP_CACHE: 
2025-09-11T22:47:20.1113382Z ##[endgroup]
2025-09-11T22:47:20.1220463Z ##[notice]Using python version: Python 3.12.3
2025-09-11T22:47:21.9388611Z ##[notice]Using pip version: pip 24.0 from /usr/lib/python3/dist-packages/pip (python 3.12)
2025-09-11T22:47:22.7993542Z Defaulting to user installation because normal site-packages is not writeable
2025-09-11T22:47:23.9124807Z Collecting pip-tools
2025-09-11T22:47:23.9491976Z   Downloading pip_tools-7.5.0-py3-none-any.whl.metadata (26 kB)
2025-09-11T22:47:23.9876632Z Collecting build>=1.0.0 (from pip-tools)
2025-09-11T22:47:23.9912047Z   Downloading build-1.3.0-py3-none-any.whl.metadata (5.6 kB)
2025-09-11T22:47:23.9962950Z Requirement already satisfied: click>=8 in /usr/lib/python3/dist-packages (from pip-tools) (8.1.6)
2025-09-11T22:47:23.9972852Z Requirement already satisfied: pip>=22.2 in /usr/lib/python3/dist-packages (from pip-tools) (24.0)
2025-09-11T22:47:24.0096274Z Collecting pyproject_hooks (from pip-tools)
2025-09-11T22:47:24.0129920Z   Downloading pyproject_hooks-1.2.0-py3-none-any.whl.metadata (1.3 kB)
2025-09-11T22:47:24.0168408Z Requirement already satisfied: setuptools in /usr/lib/python3/dist-packages (from pip-tools) (68.1.2)
2025-09-11T22:47:24.0175820Z Requirement already satisfied: wheel in /usr/lib/python3/dist-packages (from pip-tools) (0.42.0)
2025-09-11T22:47:24.0265800Z Requirement already satisfied: packaging>=19.1 in /usr/lib/python3/dist-packages (from build>=1.0.0->pip-tools) (24.0)
2025-09-11T22:47:24.0415499Z Downloading pip_tools-7.5.0-py3-none-any.whl (65 kB)
2025-09-11T22:47:24.0492365Z    ━━━━━━━━━━━━━━━━━━━━━━━━━━━━━━━━━━━━━━━━ 65.1/65.1 kB 10.7 MB/s eta 0:00:00
2025-09-11T22:47:24.0528373Z Downloading build-1.3.0-py3-none-any.whl (23 kB)
2025-09-11T22:47:24.0589461Z Downloading pyproject_hooks-1.2.0-py3-none-any.whl (10 kB)
2025-09-11T22:47:24.3815373Z Installing collected packages: pyproject_hooks, build, pip-tools
2025-09-11T22:47:24.4504880Z Successfully installed build-1.3.0 pip-tools-7.5.0 pyproject_hooks-1.2.0
2025-09-11T22:47:24.9750247Z ##[notice]Using pip-compile version: pip-compile, version 7.5.0
2025-09-11T22:47:24.9873375Z ##[group]Run if [[ -n "" ]]; then
2025-09-11T22:47:24.9873718Z [36;1mif [[ -n "" ]]; then[0m
2025-09-11T22:47:24.9874073Z [36;1m  echo "Python cache disabled via 'GH_DEPENDENCY_SUBMISSION_SKIP_CACHE'"[0m
2025-09-11T22:47:24.9874431Z [36;1melse[0m
2025-09-11T22:47:24.9874840Z [36;1m  echo "Caching Python packages. Set 'GH_DEPENDENCY_SUBMISSION_SKIP_CACHE=true' to skip caching in future."[0m
2025-09-11T22:47:24.9875284Z [36;1mfi[0m
2025-09-11T22:47:24.9907196Z shell: /usr/bin/bash -e {0}
2025-09-11T22:47:24.9907452Z env:
2025-09-11T22:47:24.9907634Z   SKIP_CACHE: 
2025-09-11T22:47:24.9907826Z ##[endgroup]
2025-09-11T22:47:24.9962055Z Caching Python packages. Set 'GH_DEPENDENCY_SUBMISSION_SKIP_CACHE=true' to skip caching in future.
2025-09-11T22:47:25.0951983Z ##[group]Run actions/cache@0400d5f644dc74513175e3cd8d07132dd4860809
2025-09-11T22:47:25.0952359Z with:
2025-09-11T22:47:25.0952539Z   path: ~/.cache/pip
2025-09-11T22:47:25.0952931Z   key: Linux-pip-python-5a00fefc972129031f421abe69b90f4bbdcde70f32fc624502f11f9b2a1e2c79
2025-09-11T22:47:25.0953379Z   restore-keys: Linux-python-

2025-09-11T22:47:25.0953625Z   enableCrossOsArchive: false
2025-09-11T22:47:25.0953856Z   fail-on-cache-miss: false
2025-09-11T22:47:25.0954069Z   lookup-only: false
2025-09-11T22:47:25.0954260Z   save-always: false
2025-09-11T22:47:25.0954439Z env:
2025-09-11T22:47:25.0954603Z   SKIP_CACHE: 
2025-09-11T22:47:25.0954775Z ##[endgroup]
2025-09-11T22:47:25.3696777Z Cache hit for: Linux-pip-python-5a00fefc972129031f421abe69b90f4bbdcde70f32fc624502f11f9b2a1e2c79
2025-09-11T22:47:25.7688015Z Received 1474269 of 1474269 (100.0%), 5.6 MBs/sec
2025-09-11T22:47:25.7689143Z Cache Size: ~1 MB (1474269 B)
2025-09-11T22:47:25.7719329Z [command]/usr/bin/tar -xf /home/runner/work/_temp/048e58c8-5292-47ba-baf6-ac234e117d0a/cache.tzst -P -C /home/runner/work/scratchattach/scratchattach --use-compress-program unzstd
2025-09-11T22:47:25.7914210Z Cache restored successfully
2025-09-11T22:47:25.8002579Z Cache restored from key: Linux-pip-python-5a00fefc972129031f421abe69b90f4bbdcde70f32fc624502f11f9b2a1e2c79
2025-09-11T22:47:25.8079720Z ##[group]Run if pip-compile --dry-run -o requirements.out requirements.txt; then
2025-09-11T22:47:25.8080313Z [36;1mif pip-compile --dry-run -o requirements.out requirements.txt; then[0m
2025-09-11T22:47:25.8080730Z [36;1m  echo "::debug::Python validate no broken dependencies"[0m
2025-09-11T22:47:25.8081087Z [36;1m  echo "{valid-project}={true}" >> "$GITHUB_OUTPUT"[0m
2025-09-11T22:47:25.8081371Z [36;1melse[0m
2025-09-11T22:47:25.8081620Z [36;1m  echo "{valid-project}={false}" >> "$GITHUB_OUTPUT"[0m
2025-09-11T22:47:25.8082057Z [36;1m  echo "### :warning: Python validation failed in repository root" >> $GITHUB_STEP_SUMMARY[0m
2025-09-11T22:47:25.8082902Z [36;1m  echo "We were unable to validate a Python project in the repository root. If your repository requires additional setup steps, you may need to check in your own workflow." >> $GITHUB_STEP_SUMMARY[0m
2025-09-11T22:47:25.8083599Z [36;1m  echo "" >> $GITHUB_STEP_SUMMARY[0m
2025-09-11T22:47:25.8084474Z [36;1m  echo "For more information on submitting Python dependencies from your own workflow, refer to [the submission action](https://github.com/actions/component-detection-dependency-submission-action)" >> $GITHUB_STEP_SUMMARY[0m
2025-09-11T22:47:25.8085388Z [36;1m  echo "::warning::Python validation failed in the repository root."[0m
2025-09-11T22:47:25.8085715Z [36;1m  exit 1[0m
2025-09-11T22:47:25.8085900Z [36;1mfi[0m
2025-09-11T22:47:25.8116105Z shell: /usr/bin/bash -e {0}
2025-09-11T22:47:25.8116338Z env:
2025-09-11T22:47:25.8116516Z   SKIP_CACHE: 
2025-09-11T22:47:25.8116702Z ##[endgroup]
2025-09-11T22:47:27.2032018Z WARNING: --strip-extras is becoming the default in version 8.0.0. To silence this warning, either use --strip-extras to opt into the new default or use --no-strip-extras to retain the existing behavior.
2025-09-11T22:47:27.2033517Z #
2025-09-11T22:47:27.2034084Z # This file is autogenerated by pip-compile with Python 3.12
2025-09-11T22:47:27.2034703Z # by the following command:
2025-09-11T22:47:27.2035311Z #
2025-09-11T22:47:27.2035802Z #    pip-compile --output-file=requirements.out requirements.txt
2025-09-11T22:47:27.2036406Z #
2025-09-11T22:47:27.2036726Z beautifulsoup4==4.13.5
2025-09-11T22:47:27.2037100Z     # via bs4
2025-09-11T22:47:27.2037450Z bs4==0.0.2
2025-09-11T22:47:27.2037779Z     # via scratchattach
2025-09-11T22:47:27.2038118Z certifi==2025.8.3
2025-09-11T22:47:27.2038416Z     # via requests
2025-09-11T22:47:27.2039188Z charset-normalizer==3.4.3
2025-09-11T22:47:27.2039574Z     # via requests
2025-09-11T22:47:27.2039891Z idna==3.10
2025-09-11T22:47:27.2040535Z     # via requests
2025-09-11T22:47:27.2040845Z requests==2.32.5
2025-09-11T22:47:27.2041140Z     # via scratchattach
2025-09-11T22:47:27.2041477Z scratchattach==2.1.13
2025-09-11T22:47:27.2041822Z     # via -r requirements.txt
2025-09-11T22:47:27.2042317Z simplewebsocketserver==0.1.2
2025-09-11T22:47:27.2042666Z     # via scratchattach
2025-09-11T22:47:27.2042988Z soupsieve==2.8
2025-09-11T22:47:27.2043282Z     # via beautifulsoup4
2025-09-11T22:47:27.2043614Z typing-extensions==4.15.0
2025-09-11T22:47:27.2043949Z     # via
2025-09-11T22:47:27.2044198Z     #   beautifulsoup4
2025-09-11T22:47:27.2044500Z     #   scratchattach
2025-09-11T22:47:27.2044836Z urllib3==2.5.0
2025-09-11T22:47:27.2045094Z     # via requests
2025-09-11T22:47:27.2045387Z websocket-client==1.8.0
2025-09-11T22:47:27.2045697Z     # via scratchattach
2025-09-11T22:47:27.2046006Z Dry-run, so nothing updated.
2025-09-11T22:47:27.3218248Z ##[group]Run actions/component-detection-dependency-submission-action@374343effede691df3a5ffaf36b4e7acab919590
2025-09-11T22:47:27.3219123Z with:
2025-09-11T22:47:27.3219334Z   detectorsCategories: Python
2025-09-11T22:47:27.3219588Z   detectorsFilter: PipReport
2025-09-11T22:47:27.3219860Z   snapshot-sha: e6a049962c5f61c8dbb3b40da472d714f26c5377
2025-09-11T22:47:27.3220172Z   snapshot-ref: refs/heads/scratch_chat_dev
2025-09-11T22:47:27.3220463Z   detector-name: Automatic Dependency Submission
2025-09-11T22:47:27.3220741Z   detector-version: 3b6330baf42b
2025-09-11T22:47:27.3221161Z   detector-url: https://github.com/actions/component-detection-dependency-submission-action
2025-09-11T22:47:27.3221717Z   token: ***
2025-09-11T22:47:27.3221907Z   filePath: .
2025-09-11T22:47:27.3222081Z env:
2025-09-11T22:47:27.3222249Z   SKIP_CACHE: 
2025-09-11T22:47:27.3222432Z ##[endgroup]
2025-09-11T22:47:28.1393875Z Running component-detection
2025-09-11T22:47:28.1436902Z [command]/home/runner/work/scratchattach/scratchattach/component-detection scan --SourceDirectory . --ManifestFile ./output.json --DetectorsFilter PipReport --DetectorCategories Python
2025-09-11T22:47:28.4832220Z [22:47:28 INF] Finding components...
2025-09-11T22:47:29.1791475Z [22:47:29 INF] Starting enumeration of /home/runner/work/scratchattach/scratchattach
2025-09-11T22:47:29.1982563Z [22:47:29 INF] Enumerated 17 files and 0 directories in 00:00:00.0193959
2025-09-11T22:47:29.2242264Z [22:47:29 INF] PipReport: Generating pip installation report for /home/runner/work/scratchattach/scratchattach/requirements.txt
2025-09-11T22:47:30.8449780Z [22:47:30 INF] PipReport: Pip installation report for /home/runner/work/scratchattach/scratchattach/requirements.txt completed in 1.619 seconds with 12 detected packages.
2025-09-11T22:47:30.9769631Z                                [38;5;7mDetection Summary[0m                                
2025-09-11T22:47:30.9770625Z ┌───────────────────┬───────────────────┬───────────────────┬──────────────────┐
2025-09-11T22:47:30.9771616Z │ [1mComponent [0m        │ [1mDetection Time[0m    │ [1m# Components [0m     │ [1m# Explicitly [0m    │
2025-09-11T22:47:30.9772711Z │ [1mDetector Id[0m       │                   │ [1mFound[0m             │ [1mReferenced[0m       │
2025-09-11T22:47:30.9773604Z ├───────────────────┼───────────────────┼───────────────────┼──────────────────┤
2025-09-11T22:47:30.9774444Z │ [38;5;14mPipReport[0m         │ 2.4 seconds       │ 12                │ 1                │
2025-09-11T22:47:30.9775355Z │ ───────────────── │ ───────────────── │ ───────────────── │ ──────────────── │
2025-09-11T22:47:30.9776145Z │ [1;4mTotal[0m             │ 2.4 seconds       │ 12                │ 1                │
2025-09-11T22:47:30.9777012Z └───────────────────┴───────────────────┴───────────────────┴──────────────────┘
2025-09-11T22:47:30.9806626Z [22:47:30 INF] 
2025-09-11T22:47:30.9809389Z [22:47:30 INF] 
2025-09-11T22:47:30.9821300Z [22:47:30 INF] Detection time: 2.4042184 seconds.
2025-09-11T22:47:31.0177401Z [22:47:31 INF] Scan Manifest file: /home/runner/work/scratchattach/scratchattach/output.json
2025-09-11T22:47:31.0780457Z Getting manifests from results
2025-09-11T22:47:31.0832525Z ##[notice]Submitting snapshot...
2025-09-11T22:47:31.0859555Z ##[notice]{
    "manifests": {
        "requirements.txt": {
            "resolved": {
                "pkg:pypi/requests@2.32.5": {
                    "package_url": "pkg:pypi/requests@2.32.5",
                    "relationship": "indirect",
                    "scope": "runtime",
                    "dependencies": []
                },
                "pkg:pypi/certifi@2025.8.3": {
                    "package_url": "pkg:pypi/certifi@2025.8.3",
                    "relationship": "indirect",
                    "scope": "runtime",
                    "dependencies": []
                },
                "pkg:pypi/urllib3@2.5.0": {
                    "package_url": "pkg:pypi/urllib3@2.5.0",
                    "relationship": "indirect",
                    "scope": "runtime",
                    "dependencies": []
                },
                "pkg:pypi/typing-extensions@4.15.0": {
                    "package_url": "pkg:pypi/typing-extensions@4.15.0",
                    "relationship": "indirect",
                    "scope": "runtime",
                    "dependencies": []
                },
                "pkg:pypi/beautifulsoup4@4.13.5": {
                    "package_url": "pkg:pypi/beautifulsoup4@4.13.5",
                    "relationship": "indirect",
                    "scope": "runtime",
                    "dependencies": []
                },
                "pkg:pypi/bs4@0.0.2": {
                    "package_url": "pkg:pypi/bs4@0.0.2",
                    "relationship": "indirect",
                    "scope": "runtime",
                    "dependencies": []
                },
                "pkg:pypi/websocket-client@1.8.0": {
                    "package_url": "pkg:pypi/websocket-client@1.8.0",
                    "relationship": "indirect",
                    "scope": "runtime",
                    "dependencies": []
                },
                "pkg:pypi/soupsieve@2.8": {
                    "package_url": "pkg:pypi/soupsieve@2.8",
                    "relationship": "indirect",
                    "scope": "runtime",
                    "dependencies": []
                },
                "pkg:pypi/simplewebsocketserver@0.1.2": {
                    "package_url": "pkg:pypi/simplewebsocketserver@0.1.2",
                    "relationship": "indirect",
                    "scope": "runtime",
                    "dependencies": []
                },
                "pkg:pypi/scratchattach@2.1.13": {
                    "package_url": "pkg:pypi/scratchattach@2.1.13",
                    "relationship": "direct",
                    "scope": "runtime",
                    "dependencies": [
                        "pkg:pypi/requests@2.32.5",
                        "pkg:pypi/certifi@2025.8.3",
                        "pkg:pypi/urllib3@2.5.0",
                        "pkg:pypi/typing-extensions@4.15.0",
                        "pkg:pypi/beautifulsoup4@4.13.5",
                        "pkg:pypi/bs4@0.0.2",
                        "pkg:pypi/websocket-client@1.8.0",
                        "pkg:pypi/soupsieve@2.8",
                        "pkg:pypi/simplewebsocketserver@0.1.2",
                        "pkg:pypi/idna@3.10",
                        "pkg:pypi/charset-normalizer@3.4.3"
                    ]
                },
                "pkg:pypi/idna@3.10": {
                    "package_url": "pkg:pypi/idna@3.10",
                    "relationship": "indirect",
                    "scope": "runtime",
                    "dependencies": []
                },
                "pkg:pypi/charset-normalizer@3.4.3": {
                    "package_url": "pkg:pypi/charset-normalizer@3.4.3",
                    "relationship": "indirect",
                    "scope": "runtime",
                    "dependencies": []
                }
            },
            "name": "requirements.txt",
            "file": {
                "source_location": "requirements.txt"
            }
        }
    },
    "version": 0,
    "job": {
        "correlator": "submit-pypi",
        "id": "17659228124"
    },
    "sha": 
2025-09-11T22:47:31.3539162Z ##[notice]Snapshot successfully created at 2025-09-11T22:47:31.287Z
2025-09-11T22:47:31.5322695Z Post job cleanup.
2025-09-11T22:47:31.6648276Z Cache hit occurred on the primary key Linux-pip-python-5a00fefc972129031f421abe69b90f4bbdcde70f32fc624502f11f9b2a1e2c79, not saving cache.
2025-09-11T22:47:31.6733883Z Post job cleanup.
2025-09-11T22:47:31.8431632Z Post job cleanup.
2025-09-11T22:47:31.9235044Z [command]/usr/bin/git version
2025-09-11T22:47:31.9272224Z git version 2.51.0
2025-09-11T22:47:31.9311031Z Temporarily overriding HOME='/home/runner/work/_temp/a5aa909b-3a38-4f21-8f1f-dda2a3cf4d2a' before making global git config changes
2025-09-11T22:47:31.9312044Z Adding repository directory to the temporary git global config as a safe directory
2025-09-11T22:47:31.9317131Z [command]/usr/bin/git config --global --add safe.directory /home/runner/work/scratchattach/scratchattach
2025-09-11T22:47:31.9359601Z [command]/usr/bin/git config --local --name-only --get-regexp core\.sshCommand
2025-09-11T22:47:31.9397978Z [command]/usr/bin/git submodule foreach --recursive sh -c "git config --local --name-only --get-regexp 'core\.sshCommand' && git config --local --unset-all 'core.sshCommand' || :"
2025-09-11T22:47:31.9640389Z [command]/usr/bin/git config --local --name-only --get-regexp http\.https\:\/\/github\.com\/\.extraheader
2025-09-11T22:47:31.9666263Z http.https://github.com/.extraheader
2025-09-11T22:47:31.9676791Z [command]/usr/bin/git config --local --unset-all http.https://github.com/.extraheader
2025-09-11T22:47:31.9710938Z [command]/usr/bin/git submodule foreach --recursive sh -c "git config --local --name-only --get-regexp 'http\.https\:\/\/github\.com\/\.extraheader' && git config --local --unset-all 'http.https://github.com/.extraheader' || :"
2025-09-11T22:47:32.0064908Z Cleaning up orphan processes
