2026-02-11T02:38:53.0177160Z Current runner version: '2.331.0'
2026-02-11T02:38:53.0199317Z ##[group]Runner Image Provisioner
2026-02-11T02:38:53.0200069Z Hosted Compute Agent
2026-02-11T02:38:53.0201076Z Version: 20260123.484
2026-02-11T02:38:53.0201698Z Commit: 6bd6555ca37d84114959e1c76d2c01448ff61c5d
2026-02-11T02:38:53.0202334Z Build Date: 2026-01-23T19:41:17Z
2026-02-11T02:38:53.0203077Z Worker ID: {f13c24bb-1371-4976-af25-b7d447a9223d}
2026-02-11T02:38:53.0203806Z Azure Region: westcentralus
2026-02-11T02:38:53.0204325Z ##[endgroup]
2026-02-11T02:38:53.0205791Z ##[group]Operating System
2026-02-11T02:38:53.0206341Z Ubuntu
2026-02-11T02:38:53.0206791Z 24.04.3
2026-02-11T02:38:53.0207427Z LTS
2026-02-11T02:38:53.0207865Z ##[endgroup]
2026-02-11T02:38:53.0208342Z ##[group]Runner Image
2026-02-11T02:38:53.0208945Z Image: ubuntu-24.04
2026-02-11T02:38:53.0209422Z Version: 20260201.15.1
2026-02-11T02:38:53.0211174Z Included Software: https://github.com/actions/runner-images/blob/ubuntu24/20260201.15/images/ubuntu/Ubuntu2404-Readme.md
2026-02-11T02:38:53.0212719Z Image Release: https://github.com/actions/runner-images/releases/tag/ubuntu24%2F20260201.15
2026-02-11T02:38:53.0213703Z ##[endgroup]
2026-02-11T02:38:53.0214672Z ##[group]GITHUB_TOKEN Permissions
2026-02-11T02:38:53.0216438Z Contents: write
2026-02-11T02:38:53.0217122Z Metadata: read
2026-02-11T02:38:53.0217629Z ##[endgroup]
2026-02-11T02:38:53.0219628Z Secret source: Actions
2026-02-11T02:38:53.0220862Z Prepare workflow directory
2026-02-11T02:38:53.0593177Z Prepare all required actions
2026-02-11T02:38:53.0630748Z Getting action download info
2026-02-11T02:38:53.4554396Z Download action repository 'actions/checkout@v6.0.2' (SHA:de0fac2e4500dabe0009e67214ff5f5447ce83dd)
2026-02-11T02:38:53.5444624Z Download action repository 'pawanbahuguna/action-logs@v2.0.0' (SHA:2fb2206c1749d6d09b8799a05519c08ee503660d)
2026-02-11T02:38:54.1343678Z Complete job name: Download GH action logs
2026-02-11T02:38:54.1864611Z ##[group]Build container for action use: '/home/runner/work/_actions/pawanbahuguna/action-logs/v2.0.0/Dockerfile'.
2026-02-11T02:38:54.1914409Z ##[command]/usr/bin/docker build -t d77de0:d762370ff1cb4d8ca4449ac57573626d -f "/home/runner/work/_actions/pawanbahuguna/action-logs/v2.0.0/Dockerfile" "/home/runner/work/_actions/pawanbahuguna/action-logs/v2.0.0"
2026-02-11T02:38:54.7508434Z #0 building with "default" instance using docker driver
2026-02-11T02:38:54.7509386Z 
2026-02-11T02:38:54.7509884Z #1 [internal] load build definition from Dockerfile
2026-02-11T02:38:54.7511183Z #1 transferring dockerfile: 347B done
2026-02-11T02:38:54.7512099Z #1 DONE 0.0s
2026-02-11T02:38:54.7512570Z 
2026-02-11T02:38:54.7513047Z #2 [internal] load metadata for docker.io/library/alpine:latest
2026-02-11T02:38:54.9034713Z #2 ...
2026-02-11T02:38:54.9035144Z 
2026-02-11T02:38:54.9035686Z #3 [auth] library/alpine:pull token for registry-1.docker.io
2026-02-11T02:38:54.9036842Z #3 DONE 0.0s
2026-02-11T02:38:55.0536805Z 
2026-02-11T02:38:55.0537798Z #2 [internal] load metadata for docker.io/library/alpine:latest
2026-02-11T02:38:55.3594781Z #2 DONE 0.8s
2026-02-11T02:38:55.4738814Z 
2026-02-11T02:38:55.4739780Z #4 [internal] load .dockerignore
2026-02-11T02:38:55.4741330Z #4 transferring context: 2B done
2026-02-11T02:38:55.4742283Z #4 DONE 0.0s
2026-02-11T02:38:55.4743045Z 
2026-02-11T02:38:55.4743485Z #5 [internal] load build context
2026-02-11T02:38:55.4744958Z #5 transferring context: 2.53kB done
2026-02-11T02:38:55.4746805Z #5 DONE 0.0s
2026-02-11T02:38:55.4747222Z 
2026-02-11T02:38:55.4750241Z #6 [1/4] FROM docker.io/library/alpine:latest@sha256:25109184c71bdad752c8312a8623239686a9a2071e8825f20acb8f2198c3f659
2026-02-11T02:38:55.4754135Z #6 resolve docker.io/library/alpine:latest@sha256:25109184c71bdad752c8312a8623239686a9a2071e8825f20acb8f2198c3f659 done
2026-02-11T02:38:55.4757441Z #6 sha256:a40c03cbb81c59bfb0e0887ab0b1859727075da7b9cc576a1cec2c771f38c5fb 611B / 611B done
2026-02-11T02:38:55.4760512Z #6 sha256:589002ba0eaed121a1dbf42f6648f29e5be55d5c8a6ee0f8eaa0285cc21ac153 0B / 3.86MB 0.1s
2026-02-11T02:38:55.4763784Z #6 sha256:25109184c71bdad752c8312a8623239686a9a2071e8825f20acb8f2198c3f659 9.22kB / 9.22kB done
2026-02-11T02:38:55.4766762Z #6 sha256:59855d3dceb3ae53991193bd03301e082b2a7faa56a514b03527ae0ec2ce3a95 1.02kB / 1.02kB done
2026-02-11T02:38:55.5893277Z #6 sha256:589002ba0eaed121a1dbf42f6648f29e5be55d5c8a6ee0f8eaa0285cc21ac153 2.10MB / 3.86MB 0.2s
2026-02-11T02:38:55.5897854Z #6 extracting sha256:589002ba0eaed121a1dbf42f6648f29e5be55d5c8a6ee0f8eaa0285cc21ac153
2026-02-11T02:38:55.7173840Z #6 sha256:589002ba0eaed121a1dbf42f6648f29e5be55d5c8a6ee0f8eaa0285cc21ac153 3.86MB / 3.86MB 0.2s done
2026-02-11T02:38:55.7175218Z #6 extracting sha256:589002ba0eaed121a1dbf42f6648f29e5be55d5c8a6ee0f8eaa0285cc21ac153 0.1s done
2026-02-11T02:38:55.7176089Z #6 DONE 0.3s
2026-02-11T02:38:55.8690110Z 
2026-02-11T02:38:55.8690992Z #7 [2/4] RUN apk update && apk add --no-cache curl jq
2026-02-11T02:38:56.3167806Z #7 0.598 v3.23.3-84-gbacb23b6fa2 [https://dl-cdn.alpinelinux.org/alpine/v3.23/main]
2026-02-11T02:38:56.3168551Z #7 0.598 v3.23.3-82-g7cc8f9855a3 [https://dl-cdn.alpinelinux.org/alpine/v3.23/community]
2026-02-11T02:38:56.3169052Z #7 0.598 OK: 27572 distinct packages available
2026-02-11T02:38:56.7569600Z #7 1.038 ( 1/12) Installing brotli-libs (1.2.0-r0)
2026-02-11T02:38:56.8717596Z #7 1.065 ( 2/12) Installing c-ares (1.34.6-r0)
2026-02-11T02:38:56.8718184Z #7 1.085 ( 3/12) Installing libunistring (1.4.1-r0)
2026-02-11T02:38:56.8718558Z #7 1.114 ( 4/12) Installing libidn2 (2.3.8-r0)
2026-02-11T02:38:56.8718930Z #7 1.134 ( 5/12) Installing nghttp2-libs (1.68.0-r0)
2026-02-11T02:38:56.8719300Z #7 1.153 ( 6/12) Installing nghttp3 (1.13.1-r0)
2026-02-11T02:38:56.9805090Z #7 1.173 ( 7/12) Installing libpsl (0.21.5-r3)
2026-02-11T02:38:56.9805653Z #7 1.191 ( 8/12) Installing zstd-libs (1.5.7-r2)
2026-02-11T02:38:56.9806003Z #7 1.216 ( 9/12) Installing libcurl (8.17.0-r1)
2026-02-11T02:38:56.9806646Z #7 1.241 (10/12) Installing curl (8.17.0-r1)
2026-02-11T02:38:56.9807013Z #7 1.262 (11/12) Installing oniguruma (6.9.10-r0)
2026-02-11T02:38:57.0852761Z #7 1.285 (12/12) Installing jq (1.8.1-r0)
2026-02-11T02:38:57.0853315Z #7 1.306 Executing busybox-1.37.0-r30.trigger
2026-02-11T02:38:57.0853663Z #7 1.313 OK: 14.1 MiB in 28 packages
2026-02-11T02:38:57.0853904Z #7 DONE 1.4s
2026-02-11T02:38:57.2114510Z 
2026-02-11T02:38:57.2114932Z #8 [3/4] COPY entrypoint.sh /entrypoint.sh
2026-02-11T02:38:57.2115440Z #8 DONE 0.0s
2026-02-11T02:38:57.2115614Z 
2026-02-11T02:38:57.2115762Z #9 [4/4] RUN chmod +x /entrypoint.sh
2026-02-11T02:38:57.2116142Z #9 DONE 0.1s
2026-02-11T02:38:57.3630169Z 
2026-02-11T02:38:57.3630324Z #10 exporting to image
2026-02-11T02:38:57.3631004Z #10 exporting layers
2026-02-11T02:38:58.0096095Z #10 exporting layers 0.8s done
2026-02-11T02:38:58.0260763Z #10 writing image sha256:cfbbc957aa63d8dccc13468624a0b09fa34b0a3a990d3c0f2ea6241b4532520d done
2026-02-11T02:38:58.0261885Z #10 naming to docker.io/library/d77de0:d762370ff1cb4d8ca4449ac57573626d done
2026-02-11T02:38:58.0262555Z #10 DONE 0.8s
2026-02-11T02:38:58.0334445Z ##[endgroup]
2026-02-11T02:38:58.0590997Z ##[group]Run actions/checkout@v6.0.2
2026-02-11T02:38:58.0591577Z with:
2026-02-11T02:38:58.0591784Z   repository: Boss-1s/scratchattach
2026-02-11T02:38:58.0592167Z   token: ***
2026-02-11T02:38:58.0592345Z   ssh-strict: true
2026-02-11T02:38:58.0592530Z   ssh-user: git
2026-02-11T02:38:58.0592718Z   persist-credentials: true
2026-02-11T02:38:58.0592920Z   clean: true
2026-02-11T02:38:58.0593111Z   sparse-checkout-cone-mode: true
2026-02-11T02:38:58.0593337Z   fetch-depth: 1
2026-02-11T02:38:58.0593518Z   fetch-tags: false
2026-02-11T02:38:58.0593707Z   show-progress: true
2026-02-11T02:38:58.0593887Z   lfs: false
2026-02-11T02:38:58.0594055Z   submodules: false
2026-02-11T02:38:58.0594236Z   set-safe-directory: true
2026-02-11T02:38:58.0594966Z ##[endgroup]
2026-02-11T02:38:58.1528177Z Syncing repository: Boss-1s/scratchattach
2026-02-11T02:38:58.1530126Z ##[group]Getting Git version info
2026-02-11T02:38:58.1531157Z Working directory is '/home/runner/work/scratchattach/scratchattach'
2026-02-11T02:38:58.1532530Z [command]/usr/bin/git version
2026-02-11T02:38:58.1533010Z git version 2.52.0
2026-02-11T02:38:58.1550004Z ##[endgroup]
2026-02-11T02:38:58.1565322Z Temporarily overriding HOME='/home/runner/work/_temp/415b2671-c1a1-4a82-b7de-a863f2f60165' before making global git config changes
2026-02-11T02:38:58.1566745Z Adding repository directory to the temporary git global config as a safe directory
2026-02-11T02:38:58.1571142Z [command]/usr/bin/git config --global --add safe.directory /home/runner/work/scratchattach/scratchattach
2026-02-11T02:38:58.1608241Z Deleting the contents of '/home/runner/work/scratchattach/scratchattach'
2026-02-11T02:38:58.1611918Z ##[group]Initializing the repository
2026-02-11T02:38:58.1616721Z [command]/usr/bin/git init /home/runner/work/scratchattach/scratchattach
2026-02-11T02:38:58.1714240Z hint: Using 'master' as the name for the initial branch. This default branch name
2026-02-11T02:38:58.1715200Z hint: will change to "main" in Git 3.0. To configure the initial branch name
2026-02-11T02:38:58.1716115Z hint: to use in all of your new repositories, which will suppress this warning,
2026-02-11T02:38:58.1716774Z hint: call:
2026-02-11T02:38:58.1717058Z hint:
2026-02-11T02:38:58.1717589Z hint: 	git config --global init.defaultBranch <name>
2026-02-11T02:38:58.1718128Z hint:
2026-02-11T02:38:58.1718606Z hint: Names commonly chosen instead of 'master' are 'main', 'trunk' and
2026-02-11T02:38:58.1719467Z hint: 'development'. The just-created branch can be renamed via this command:
2026-02-11T02:38:58.1720157Z hint:
2026-02-11T02:38:58.1720645Z hint: 	git branch -m <name>
2026-02-11T02:38:58.1721012Z hint:
2026-02-11T02:38:58.1721585Z hint: Disable this message with "git config set advice.defaultBranchName false"
2026-02-11T02:38:58.1722565Z Initialized empty Git repository in /home/runner/work/scratchattach/scratchattach/.git/
2026-02-11T02:38:58.1730347Z [command]/usr/bin/git remote add origin https://github.com/Boss-1s/scratchattach
2026-02-11T02:38:58.1762654Z ##[endgroup]
2026-02-11T02:38:58.1763056Z ##[group]Disabling automatic garbage collection
2026-02-11T02:38:58.1766522Z [command]/usr/bin/git config --local gc.auto 0
2026-02-11T02:38:58.1793197Z ##[endgroup]
2026-02-11T02:38:58.1793734Z ##[group]Setting up auth
2026-02-11T02:38:58.1794462Z Removing SSH command configuration
2026-02-11T02:38:58.1800847Z [command]/usr/bin/git config --local --name-only --get-regexp core\.sshCommand
2026-02-11T02:38:58.1830297Z [command]/usr/bin/git submodule foreach --recursive sh -c "git config --local --name-only --get-regexp 'core\.sshCommand' && git config --local --unset-all 'core.sshCommand' || :"
2026-02-11T02:38:58.2148370Z Removing HTTP extra header
2026-02-11T02:38:58.2153414Z [command]/usr/bin/git config --local --name-only --get-regexp http\.https\:\/\/github\.com\/\.extraheader
2026-02-11T02:38:58.2183594Z [command]/usr/bin/git submodule foreach --recursive sh -c "git config --local --name-only --get-regexp 'http\.https\:\/\/github\.com\/\.extraheader' && git config --local --unset-all 'http.https://github.com/.extraheader' || :"
2026-02-11T02:38:58.2394537Z Removing includeIf entries pointing to credentials config files
2026-02-11T02:38:58.2400000Z [command]/usr/bin/git config --local --name-only --get-regexp ^includeIf\.gitdir:
2026-02-11T02:38:58.2430853Z [command]/usr/bin/git submodule foreach --recursive git config --local --show-origin --name-only --get-regexp remote.origin.url
2026-02-11T02:38:58.2648898Z [command]/usr/bin/git config --file /home/runner/work/_temp/git-credentials-bcc1132a-d0bf-4105-86d4-9944b4631e59.config http.https://github.com/.extraheader AUTHORIZATION: basic ***
2026-02-11T02:38:58.2684183Z [command]/usr/bin/git config --local includeIf.gitdir:/home/runner/work/scratchattach/scratchattach/.git.path /home/runner/work/_temp/git-credentials-bcc1132a-d0bf-4105-86d4-9944b4631e59.config
2026-02-11T02:38:58.2713394Z [command]/usr/bin/git config --local includeIf.gitdir:/home/runner/work/scratchattach/scratchattach/.git/worktrees/*.path /home/runner/work/_temp/git-credentials-bcc1132a-d0bf-4105-86d4-9944b4631e59.config
2026-02-11T02:38:58.2742357Z [command]/usr/bin/git config --local includeIf.gitdir:/github/workspace/.git.path /github/runner_temp/git-credentials-bcc1132a-d0bf-4105-86d4-9944b4631e59.config
2026-02-11T02:38:58.2771981Z [command]/usr/bin/git config --local includeIf.gitdir:/github/workspace/.git/worktrees/*.path /github/runner_temp/git-credentials-bcc1132a-d0bf-4105-86d4-9944b4631e59.config
2026-02-11T02:38:58.2797367Z ##[endgroup]
2026-02-11T02:38:58.2798000Z ##[group]Fetching the repository
2026-02-11T02:38:58.2806391Z [command]/usr/bin/git -c protocol.version=2 fetch --no-tags --prune --no-recurse-submodules --depth=1 origin +080674f818e7a28b602b9f4826fc5de4d6c7cae4:refs/remotes/origin/main
2026-02-11T02:39:33.5448673Z From https://github.com/Boss-1s/scratchattach
2026-02-11T02:39:33.5449393Z  * [new ref]         080674f818e7a28b602b9f4826fc5de4d6c7cae4 -> origin/main
2026-02-11T02:39:33.5483839Z [command]/usr/bin/git branch --list --remote origin/main
2026-02-11T02:39:33.5513586Z   origin/main
2026-02-11T02:39:33.5522976Z [command]/usr/bin/git rev-parse refs/remotes/origin/main
2026-02-11T02:39:33.5543919Z 080674f818e7a28b602b9f4826fc5de4d6c7cae4
2026-02-11T02:39:33.5548181Z ##[endgroup]
2026-02-11T02:39:33.5548767Z ##[group]Determining the checkout info
2026-02-11T02:39:33.5551038Z ##[endgroup]
2026-02-11T02:39:33.5554038Z [command]/usr/bin/git sparse-checkout disable
2026-02-11T02:39:33.5592497Z [command]/usr/bin/git config --local --unset-all extensions.worktreeConfig
2026-02-11T02:39:33.5622209Z ##[group]Checking out the ref
2026-02-11T02:39:33.5622912Z [command]/usr/bin/git checkout --progress --force -B main refs/remotes/origin/main
2026-02-11T02:39:34.7129678Z Updating files:  74% (2611/3490)
2026-02-11T02:39:35.0579544Z Updating files:  75% (2618/3490)
2026-02-11T02:39:35.1997445Z Updating files:  76% (2653/3490)
2026-02-11T02:39:35.2038635Z Updating files:  77% (2688/3490)
2026-02-11T02:39:35.3969944Z Updating files:  78% (2723/3490)
2026-02-11T02:39:35.4001344Z Updating files:  79% (2758/3490)
2026-02-11T02:39:35.5854133Z Updating files:  80% (2792/3490)
2026-02-11T02:39:35.9081390Z Updating files:  80% (2812/3490)
2026-02-11T02:39:36.2184726Z Updating files:  81% (2827/3490)
2026-02-11T02:39:36.5516213Z Updating files:  82% (2862/3490)
2026-02-11T02:39:36.5925203Z Updating files:  83% (2897/3490)
2026-02-11T02:39:36.7656816Z Updating files:  83% (2898/3490)
2026-02-11T02:39:36.9673090Z Updating files:  84% (2932/3490)
2026-02-11T02:39:37.5307731Z Updating files:  85% (2967/3490)
2026-02-11T02:39:37.6584795Z Updating files:  86% (3002/3490)
2026-02-11T02:39:38.3265882Z Updating files:  86% (3004/3490)
2026-02-11T02:39:38.6241709Z Updating files:  87% (3037/3490)
2026-02-11T02:39:38.9082956Z Updating files:  87% (3051/3490)
2026-02-11T02:39:39.5335444Z Updating files:  88% (3072/3490)
2026-02-11T02:39:39.5869674Z Updating files:  89% (3107/3490)
2026-02-11T02:39:40.1494429Z Updating files:  89% (3108/3490)
2026-02-11T02:39:40.6196261Z Updating files:  90% (3141/3490)
2026-02-11T02:39:40.6935469Z Updating files:  90% (3167/3490)
2026-02-11T02:39:40.7817104Z Updating files:  91% (3176/3490)
2026-02-11T02:39:40.8003579Z Updating files:  92% (3211/3490)
2026-02-11T02:39:40.8208354Z Updating files:  93% (3246/3490)
2026-02-11T02:39:40.8299190Z Updating files:  94% (3281/3490)
2026-02-11T02:39:40.8814556Z Updating files:  95% (3316/3490)
2026-02-11T02:39:41.5695241Z Updating files:  96% (3351/3490)
2026-02-11T02:39:41.5700128Z Updating files:  96% (3383/3490)
2026-02-11T02:39:42.0203861Z Updating files:  97% (3386/3490)
2026-02-11T02:39:42.1664701Z Updating files:  98% (3421/3490)
2026-02-11T02:39:42.2648671Z Updating files:  99% (3456/3490)
2026-02-11T02:39:42.2649226Z Updating files: 100% (3490/3490)
2026-02-11T02:39:42.2649727Z Updating files: 100% (3490/3490), done.
2026-02-11T02:39:42.2685871Z Switched to a new branch 'main'
2026-02-11T02:39:42.2689405Z branch 'main' set up to track 'origin/main'.
2026-02-11T02:39:42.2890244Z ##[endgroup]
2026-02-11T02:39:42.2930185Z [command]/usr/bin/git log -1 --format=%H
2026-02-11T02:39:42.2953518Z 080674f818e7a28b602b9f4826fc5de4d6c7cae4
2026-02-11T02:39:42.3131043Z ##[group]Run pawanbahuguna/action-logs@v2.0.0
2026-02-11T02:39:42.3131354Z env:
2026-02-11T02:39:42.3131963Z   GH_TOKEN: ***
2026-02-11T02:39:42.3132162Z   GH_REPO: Boss-1s/scratchattach
2026-02-11T02:39:42.3132391Z   LOGS_DIR: .logs
2026-02-11T02:39:42.3132560Z ##[endgroup]
2026-02-11T02:39:42.3219198Z ##[command]/usr/bin/docker run --name d77de0d762370ff1cb4d8ca4449ac57573626d_4f3d45 --label d77de0 --workdir /github/workspace --rm -e "GH_TOKEN" -e "GH_REPO" -e "LOGS_DIR" -e "HOME" -e "GITHUB_JOB" -e "GITHUB_REF" -e "GITHUB_SHA" -e "GITHUB_REPOSITORY" -e "GITHUB_REPOSITORY_OWNER" -e "GITHUB_REPOSITORY_OWNER_ID" -e "GITHUB_RUN_ID" -e "GITHUB_RUN_NUMBER" -e "GITHUB_RETENTION_DAYS" -e "GITHUB_RUN_ATTEMPT" -e "GITHUB_ACTOR_ID" -e "GITHUB_ACTOR" -e "GITHUB_WORKFLOW" -e "GITHUB_HEAD_REF" -e "GITHUB_BASE_REF" -e "GITHUB_EVENT_NAME" -e "GITHUB_SERVER_URL" -e "GITHUB_API_URL" -e "GITHUB_GRAPHQL_URL" -e "GITHUB_REF_NAME" -e "GITHUB_REF_PROTECTED" -e "GITHUB_REF_TYPE" -e "GITHUB_WORKFLOW_REF" -e "GITHUB_WORKFLOW_SHA" -e "GITHUB_REPOSITORY_ID" -e "GITHUB_TRIGGERING_ACTOR" -e "GITHUB_WORKSPACE" -e "GITHUB_ACTION" -e "GITHUB_EVENT_PATH" -e "GITHUB_ACTION_REPOSITORY" -e "GITHUB_ACTION_REF" -e "GITHUB_PATH" -e "GITHUB_ENV" -e "GITHUB_STEP_SUMMARY" -e "GITHUB_STATE" -e "GITHUB_OUTPUT" -e "RUNNER_OS" -e "RUNNER_ARCH" -e "RUNNER_NAME" -e "RUNNER_ENVIRONMENT" -e "RUNNER_TOOL_CACHE" -e "RUNNER_TEMP" -e "RUNNER_WORKSPACE" -e "ACTIONS_RUNTIME_URL" -e "ACTIONS_RUNTIME_TOKEN" -e "ACTIONS_CACHE_URL" -e "ACTIONS_RESULTS_URL" -e "ACTIONS_ORCHESTRATION_ID" -e GITHUB_ACTIONS=true -e CI=true -v "/var/run/docker.sock":"/var/run/docker.sock" -v "/home/runner/work/_temp":"/github/runner_temp" -v "/home/runner/work/_temp/_github_home":"/github/home" -v "/home/runner/work/_temp/_github_workflow":"/github/workflow" -v "/home/runner/work/_temp/_runner_file_commands":"/github/file_commands" -v "/home/runner/work/scratchattach/scratchattach":"/github/workspace" d77de0:d762370ff1cb4d8ca4449ac57573626d
2026-02-11T02:39:45.7316804Z Will only process 24hrs logs before or equal to 2026-02-10T02:39:45Z
2026-02-11T02:39:45.7317455Z Searching Workflow Runs
2026-02-11T02:39:49.1241836Z Fetching Job IDs
2026-02-11T02:39:53.5112177Z mkdir: can't create directory '.logs': File exists
2026-02-11T02:39:53.5118094Z Writing logs for job 63195499790
2026-02-11T02:39:53.7787014Z Writing logs for job 63195183474
2026-02-11T02:39:54.3277999Z Writing logs for job 63154659198
2026-02-11T02:39:55.6489121Z Writing logs for job 63143544603
2026-02-11T02:39:56.1563651Z Writing logs for job 63143564226
2026-02-11T02:39:56.6886378Z Writing logs for job 63109003361
2026-02-11T02:39:58.1237931Z Writing logs for job 63070405479
2026-02-11T02:39:59.4019602Z Writing logs for job 63065055534
2026-02-11T02:40:00.7809472Z Writing logs for job 63059793426
2026-02-11T02:40:01.3272251Z Writing logs for job 63052970509
2026-02-11T02:40:01.8745887Z Writing logs for job 63052965753
2026-02-11T02:40:02.5307662Z Writing logs for job 63052965761
2026-02-11T02:40:03.2186856Z Writing logs for job 63052884427
2026-02-11T02:40:03.7744152Z Logs Downloaded and saved!
2026-02-11T02:40:03.7744559Z Starting cleanup
2026-02-11T02:40:03.7751357Z cleanup Completed!!
2026-02-11T02:40:03.8510961Z ##[group]Run git config --global user.name 'Boss_1s [via Actions]'
2026-02-11T02:40:03.8511534Z [36;1mgit config --global user.name 'Boss_1s [via Actions]'[0m
2026-02-11T02:40:03.8511997Z [36;1mgit config --global user.email 'Boss-1s[auto]@users.noreply.github.com'[0m
2026-02-11T02:40:03.8512371Z [36;1m[0m
2026-02-11T02:40:03.8512547Z [36;1mgit pull origin main[0m
2026-02-11T02:40:03.8512762Z [36;1m[0m
2026-02-11T02:40:03.8512980Z [36;1mGIT_STATUS_OUTPUT=$(git status --porcelain)[0m
2026-02-11T02:40:03.8513253Z [36;1m[0m
2026-02-11T02:40:03.8513443Z [36;1mif [ -z "$GIT_STATUS_OUTPUT" ]; then[0m
2026-02-11T02:40:03.8513988Z [36;1m  echo "Git working tree is clean (no uncommitted changes)."[0m
2026-02-11T02:40:03.8514316Z [36;1m  exit 0[0m
2026-02-11T02:40:03.8514491Z [36;1melse[0m
2026-02-11T02:40:03.8514709Z [36;1m  echo "Git working tree has uncommitted changes:"[0m
2026-02-11T02:40:03.8515012Z [36;1m  echo "$GIT_STATUS_OUTPUT"[0m
2026-02-11T02:40:03.8515346Z [36;1m  echo "These changes will be pushed to the main branch."[0m
2026-02-11T02:40:03.8515652Z [36;1mfi[0m
2026-02-11T02:40:03.8515814Z [36;1m[0m
2026-02-11T02:40:03.8515966Z [36;1mgit add .[0m
2026-02-11T02:40:03.8516176Z [36;1mgit commit -m "[BOT] Download Logs"[0m
2026-02-11T02:40:03.8516431Z [36;1mgit push origin main[0m
2026-02-11T02:40:03.8552124Z shell: /usr/bin/bash -e {0}
2026-02-11T02:40:03.8552375Z ##[endgroup]
2026-02-11T02:40:04.1627662Z From https://github.com/Boss-1s/scratchattach
2026-02-11T02:40:04.1628248Z  * branch            main       -> FETCH_HEAD
2026-02-11T02:40:04.1694944Z Already up to date.
2026-02-11T02:40:04.5895000Z Git working tree has uncommitted changes:
2026-02-11T02:40:04.5895483Z ?? .logs/logs-63052884427-2026-02-11.txt
2026-02-11T02:40:04.5895865Z ?? .logs/logs-63052965753-2026-02-11.txt
2026-02-11T02:40:04.5896338Z ?? .logs/logs-63052965761-2026-02-11.txt
2026-02-11T02:40:04.5896800Z ?? .logs/logs-63052970509-2026-02-11.txt
2026-02-11T02:40:04.5897304Z ?? .logs/logs-63059793426-2026-02-11.txt
2026-02-11T02:40:04.5897801Z ?? .logs/logs-63065055534-2026-02-11.txt
2026-02-11T02:40:04.5898292Z ?? .logs/logs-63070405479-2026-02-11.txt
2026-02-11T02:40:04.5898762Z ?? .logs/logs-63109003361-2026-02-11.txt
2026-02-11T02:40:04.5899218Z ?? .logs/logs-63143544603-2026-02-11.txt
2026-02-11T02:40:04.5899669Z ?? .logs/logs-63143564226-2026-02-11.txt
2026-02-11T02:40:04.5900156Z ?? .logs/logs-63154659198-2026-02-11.txt
2026-02-11T02:40:04.5901017Z ?? .logs/logs-63195183474-2026-02-11.txt
2026-02-11T02:40:04.5901519Z ?? .logs/logs-63195499790-2026-02-11.txt
2026-02-11T02:40:04.5902105Z These changes will be pushed to the main branch.
2026-02-11T02:40:04.9096533Z [main 29ab387] [BOT] Download Logs
2026-02-11T02:40:04.9096885Z  13 files changed, 239111 insertions(+)
2026-02-11T02:40:04.9097277Z  create mode 100644 .logs/logs-63052884427-2026-02-11.txt
2026-02-11T02:40:04.9097707Z  create mode 100644 .logs/logs-63052965753-2026-02-11.txt
2026-02-11T02:40:04.9098124Z  create mode 100644 .logs/logs-63052965761-2026-02-11.txt
2026-02-11T02:40:04.9098513Z  create mode 100644 .logs/logs-63052970509-2026-02-11.txt
2026-02-11T02:40:04.9098912Z  create mode 100644 .logs/logs-63059793426-2026-02-11.txt
2026-02-11T02:40:04.9099310Z  create mode 100644 .logs/logs-63065055534-2026-02-11.txt
2026-02-11T02:40:04.9099700Z  create mode 100644 .logs/logs-63070405479-2026-02-11.txt
2026-02-11T02:40:04.9100267Z  create mode 100644 .logs/logs-63109003361-2026-02-11.txt
2026-02-11T02:40:04.9101138Z  create mode 100644 .logs/logs-63143544603-2026-02-11.txt
2026-02-11T02:40:04.9101807Z  create mode 100644 .logs/logs-63143564226-2026-02-11.txt
2026-02-11T02:40:04.9102374Z  create mode 100644 .logs/logs-63154659198-2026-02-11.txt
2026-02-11T02:40:04.9102929Z  create mode 100644 .logs/logs-63195183474-2026-02-11.txt
2026-02-11T02:40:04.9103411Z  create mode 100644 .logs/logs-63195499790-2026-02-11.txt
2026-02-11T02:40:08.4950260Z To https://github.com/Boss-1s/scratchattach
2026-02-11T02:40:08.4951549Z    080674f..29ab387  main -> main
2026-02-11T02:40:08.5061432Z Post job cleanup.
2026-02-11T02:40:08.5838159Z [command]/usr/bin/git version
2026-02-11T02:40:08.5873731Z git version 2.52.0
2026-02-11T02:40:08.5907701Z Copying '/home/runner/.gitconfig' to '/home/runner/work/_temp/8524a1d8-ce3a-4629-9777-84e5d3e861ec/.gitconfig'
2026-02-11T02:40:08.5917027Z Temporarily overriding HOME='/home/runner/work/_temp/8524a1d8-ce3a-4629-9777-84e5d3e861ec' before making global git config changes
2026-02-11T02:40:08.5918604Z Adding repository directory to the temporary git global config as a safe directory
2026-02-11T02:40:08.5922818Z [command]/usr/bin/git config --global --add safe.directory /home/runner/work/scratchattach/scratchattach
2026-02-11T02:40:08.5951520Z Removing SSH command configuration
2026-02-11T02:40:08.5957667Z [command]/usr/bin/git config --local --name-only --get-regexp core\.sshCommand
2026-02-11T02:40:08.5990613Z [command]/usr/bin/git submodule foreach --recursive sh -c "git config --local --name-only --get-regexp 'core\.sshCommand' && git config --local --unset-all 'core.sshCommand' || :"
2026-02-11T02:40:08.6214159Z Removing HTTP extra header
2026-02-11T02:40:08.6218752Z [command]/usr/bin/git config --local --name-only --get-regexp http\.https\:\/\/github\.com\/\.extraheader
2026-02-11T02:40:08.6249431Z [command]/usr/bin/git submodule foreach --recursive sh -c "git config --local --name-only --get-regexp 'http\.https\:\/\/github\.com\/\.extraheader' && git config --local --unset-all 'http.https://github.com/.extraheader' || :"
2026-02-11T02:40:08.6467253Z Removing includeIf entries pointing to credentials config files
2026-02-11T02:40:08.6473175Z [command]/usr/bin/git config --local --name-only --get-regexp ^includeIf\.gitdir:
2026-02-11T02:40:08.6494931Z includeif.gitdir:/home/runner/work/scratchattach/scratchattach/.git.path
2026-02-11T02:40:08.6495911Z includeif.gitdir:/home/runner/work/scratchattach/scratchattach/.git/worktrees/*.path
2026-02-11T02:40:08.6496763Z includeif.gitdir:/github/workspace/.git.path
2026-02-11T02:40:08.6497400Z includeif.gitdir:/github/workspace/.git/worktrees/*.path
2026-02-11T02:40:08.6505604Z [command]/usr/bin/git config --local --get-all includeif.gitdir:/home/runner/work/scratchattach/scratchattach/.git.path
2026-02-11T02:40:08.6526443Z /home/runner/work/_temp/git-credentials-bcc1132a-d0bf-4105-86d4-9944b4631e59.config
2026-02-11T02:40:08.6536888Z [command]/usr/bin/git config --local --unset includeif.gitdir:/home/runner/work/scratchattach/scratchattach/.git.path /home/runner/work/_temp/git-credentials-bcc1132a-d0bf-4105-86d4-9944b4631e59.config
2026-02-11T02:40:08.6568266Z [command]/usr/bin/git config --local --get-all includeif.gitdir:/home/runner/work/scratchattach/scratchattach/.git/worktrees/*.path
2026-02-11T02:40:08.6589658Z /home/runner/work/_temp/git-credentials-bcc1132a-d0bf-4105-86d4-9944b4631e59.config
2026-02-11T02:40:08.6598701Z [command]/usr/bin/git config --local --unset includeif.gitdir:/home/runner/work/scratchattach/scratchattach/.git/worktrees/*.path /home/runner/work/_temp/git-credentials-bcc1132a-d0bf-4105-86d4-9944b4631e59.config
2026-02-11T02:40:08.6627374Z [command]/usr/bin/git config --local --get-all includeif.gitdir:/github/workspace/.git.path
2026-02-11T02:40:08.6647631Z /github/runner_temp/git-credentials-bcc1132a-d0bf-4105-86d4-9944b4631e59.config
2026-02-11T02:40:08.6655586Z [command]/usr/bin/git config --local --unset includeif.gitdir:/github/workspace/.git.path /github/runner_temp/git-credentials-bcc1132a-d0bf-4105-86d4-9944b4631e59.config
2026-02-11T02:40:08.6684166Z [command]/usr/bin/git config --local --get-all includeif.gitdir:/github/workspace/.git/worktrees/*.path
2026-02-11T02:40:08.6703495Z /github/runner_temp/git-credentials-bcc1132a-d0bf-4105-86d4-9944b4631e59.config
2026-02-11T02:40:08.6712249Z [command]/usr/bin/git config --local --unset includeif.gitdir:/github/workspace/.git/worktrees/*.path /github/runner_temp/git-credentials-bcc1132a-d0bf-4105-86d4-9944b4631e59.config
2026-02-11T02:40:08.6743584Z [command]/usr/bin/git submodule foreach --recursive git config --local --show-origin --name-only --get-regexp remote.origin.url
2026-02-11T02:40:08.6959079Z Removing credentials config '/home/runner/work/_temp/git-credentials-bcc1132a-d0bf-4105-86d4-9944b4631e59.config'
2026-02-11T02:40:08.7076339Z Cleaning up orphan processes
