2025-12-06T00:19:19.1930034Z Current runner version: '2.329.0'
2025-12-06T00:19:19.1955263Z ##[group]Runner Image Provisioner
2025-12-06T00:19:19.1956211Z Hosted Compute Agent
2025-12-06T00:19:19.1956730Z Version: 20251124.448
2025-12-06T00:19:19.1957320Z Commit: fda5086b43ec66ade217e5fcd18146c879571177
2025-12-06T00:19:19.1958094Z Build Date: 2025-11-24T21:16:26Z
2025-12-06T00:19:19.1958688Z ##[endgroup]
2025-12-06T00:19:19.1959210Z ##[group]Operating System
2025-12-06T00:19:19.1959813Z Ubuntu
2025-12-06T00:19:19.1960264Z 24.04.3
2025-12-06T00:19:19.1960998Z LTS
2025-12-06T00:19:19.1961478Z ##[endgroup]
2025-12-06T00:19:19.1962004Z ##[group]Runner Image
2025-12-06T00:19:19.1962565Z Image: ubuntu-24.04
2025-12-06T00:19:19.1963070Z Version: 20251126.144.1
2025-12-06T00:19:19.1964141Z Included Software: https://github.com/actions/runner-images/blob/ubuntu24/20251126.144/images/ubuntu/Ubuntu2404-Readme.md
2025-12-06T00:19:19.1965677Z Image Release: https://github.com/actions/runner-images/releases/tag/ubuntu24%2F20251126.144
2025-12-06T00:19:19.1966715Z ##[endgroup]
2025-12-06T00:19:19.1967718Z ##[group]GITHUB_TOKEN Permissions
2025-12-06T00:19:19.1969612Z Contents: write
2025-12-06T00:19:19.1970157Z Metadata: read
2025-12-06T00:19:19.1970637Z ##[endgroup]
2025-12-06T00:19:19.1973377Z Secret source: Actions
2025-12-06T00:19:19.1974077Z Prepare workflow directory
2025-12-06T00:19:19.2513994Z Prepare all required actions
2025-12-06T00:19:19.2553126Z Getting action download info
2025-12-06T00:19:19.7650431Z Download action repository 'actions/checkout@ff7abcd0c3c05ccf6adc123a8cd1fd4fb30fb493' (SHA:ff7abcd0c3c05ccf6adc123a8cd1fd4fb30fb493)
2025-12-06T00:19:21.0765691Z Download action repository 'actions/setup-python@v6' (SHA:83679a892e2d95755f2dac6acb0bfd1e9ac5d548)
2025-12-06T00:19:21.7835389Z Download action repository 'actions/cache@0057852bfaa89a56745cba8c7296529d2fc39830' (SHA:0057852bfaa89a56745cba8c7296529d2fc39830)
2025-12-06T00:19:21.8819608Z Download action repository 'actions/component-detection-dependency-submission-action@374343effede691df3a5ffaf36b4e7acab919590' (SHA:374343effede691df3a5ffaf36b4e7acab919590)
2025-12-06T00:19:22.4816376Z Complete job name: submit-pypi
2025-12-06T00:19:22.5417518Z ##[group]Run actions/checkout@ff7abcd0c3c05ccf6adc123a8cd1fd4fb30fb493
2025-12-06T00:19:22.5418287Z with:
2025-12-06T00:19:22.5418536Z   ref: refs/heads/scratch_chat_dev
2025-12-06T00:19:22.5418856Z   repository: Boss-1s/scratchattach
2025-12-06T00:19:22.5419356Z   token: ***
2025-12-06T00:19:22.5419586Z   ssh-strict: true
2025-12-06T00:19:22.5419824Z   ssh-user: git
2025-12-06T00:19:22.5420062Z   persist-credentials: true
2025-12-06T00:19:22.5420329Z   clean: true
2025-12-06T00:19:22.5420578Z   sparse-checkout-cone-mode: true
2025-12-06T00:19:22.5421052Z   fetch-depth: 1
2025-12-06T00:19:22.5421291Z   fetch-tags: false
2025-12-06T00:19:22.5421526Z   show-progress: true
2025-12-06T00:19:22.5421766Z   lfs: false
2025-12-06T00:19:22.5421985Z   submodules: false
2025-12-06T00:19:22.5422229Z   set-safe-directory: true
2025-12-06T00:19:22.5422739Z env:
2025-12-06T00:19:22.5422976Z   SKIP_CACHE: 
2025-12-06T00:19:22.5423194Z ##[endgroup]
2025-12-06T00:19:22.6346970Z Syncing repository: Boss-1s/scratchattach
2025-12-06T00:19:22.6348388Z ##[group]Getting Git version info
2025-12-06T00:19:22.6348867Z Working directory is '/home/runner/work/scratchattach/scratchattach'
2025-12-06T00:19:22.6349558Z [command]/usr/bin/git version
2025-12-06T00:19:22.6437620Z git version 2.52.0
2025-12-06T00:19:22.6458839Z ##[endgroup]
2025-12-06T00:19:22.6473941Z Temporarily overriding HOME='/home/runner/work/_temp/37889e60-e647-4ff0-b4ea-946268fb6176' before making global git config changes
2025-12-06T00:19:22.6475307Z Adding repository directory to the temporary git global config as a safe directory
2025-12-06T00:19:22.6479447Z [command]/usr/bin/git config --global --add safe.directory /home/runner/work/scratchattach/scratchattach
2025-12-06T00:19:22.6520978Z Deleting the contents of '/home/runner/work/scratchattach/scratchattach'
2025-12-06T00:19:22.6524640Z ##[group]Initializing the repository
2025-12-06T00:19:22.6529274Z [command]/usr/bin/git init /home/runner/work/scratchattach/scratchattach
2025-12-06T00:19:22.6661273Z hint: Using 'master' as the name for the initial branch. This default branch name
2025-12-06T00:19:22.6662482Z hint: will change to "main" in Git 3.0. To configure the initial branch name
2025-12-06T00:19:22.6663542Z hint: to use in all of your new repositories, which will suppress this warning,
2025-12-06T00:19:22.6664207Z hint: call:
2025-12-06T00:19:22.6664550Z hint:
2025-12-06T00:19:22.6665081Z hint: 	git config --global init.defaultBranch <name>
2025-12-06T00:19:22.6665636Z hint:
2025-12-06T00:19:22.6666159Z hint: Names commonly chosen instead of 'master' are 'main', 'trunk' and
2025-12-06T00:19:22.6667024Z hint: 'development'. The just-created branch can be renamed via this command:
2025-12-06T00:19:22.6667693Z hint:
2025-12-06T00:19:22.6667952Z hint: 	git branch -m <name>
2025-12-06T00:19:22.6668254Z hint:
2025-12-06T00:19:22.6668621Z hint: Disable this message with "git config set advice.defaultBranchName false"
2025-12-06T00:19:22.6669819Z Initialized empty Git repository in /home/runner/work/scratchattach/scratchattach/.git/
2025-12-06T00:19:22.6678345Z [command]/usr/bin/git remote add origin https://github.com/Boss-1s/scratchattach
2025-12-06T00:19:22.6716565Z ##[endgroup]
2025-12-06T00:19:22.6717303Z ##[group]Disabling automatic garbage collection
2025-12-06T00:19:22.6721607Z [command]/usr/bin/git config --local gc.auto 0
2025-12-06T00:19:22.6750332Z ##[endgroup]
2025-12-06T00:19:22.6751185Z ##[group]Setting up auth
2025-12-06T00:19:22.6758106Z [command]/usr/bin/git config --local --name-only --get-regexp core\.sshCommand
2025-12-06T00:19:22.6790369Z [command]/usr/bin/git submodule foreach --recursive sh -c "git config --local --name-only --get-regexp 'core\.sshCommand' && git config --local --unset-all 'core.sshCommand' || :"
2025-12-06T00:19:22.7140347Z [command]/usr/bin/git config --local --name-only --get-regexp http\.https\:\/\/github\.com\/\.extraheader
2025-12-06T00:19:22.7171434Z [command]/usr/bin/git submodule foreach --recursive sh -c "git config --local --name-only --get-regexp 'http\.https\:\/\/github\.com\/\.extraheader' && git config --local --unset-all 'http.https://github.com/.extraheader' || :"
2025-12-06T00:19:22.7396388Z [command]/usr/bin/git config --local http.https://github.com/.extraheader AUTHORIZATION: basic ***
2025-12-06T00:19:22.7433526Z ##[endgroup]
2025-12-06T00:19:22.7434093Z ##[group]Fetching the repository
2025-12-06T00:19:22.7441143Z [command]/usr/bin/git -c protocol.version=2 fetch --no-tags --prune --no-recurse-submodules --depth=1 origin +refs/heads/scratch_chat_dev:refs/remotes/origin/scratch_chat_dev
2025-12-06T00:19:23.6297976Z From https://github.com/Boss-1s/scratchattach
2025-12-06T00:19:23.6298549Z  * [new branch]      scratch_chat_dev -> origin/scratch_chat_dev
2025-12-06T00:19:23.6327999Z ##[endgroup]
2025-12-06T00:19:23.6328426Z ##[group]Determining the checkout info
2025-12-06T00:19:23.6331430Z ##[endgroup]
2025-12-06T00:19:23.6337271Z [command]/usr/bin/git sparse-checkout disable
2025-12-06T00:19:23.6380462Z [command]/usr/bin/git config --local --unset-all extensions.worktreeConfig
2025-12-06T00:19:23.6406897Z ##[group]Checking out the ref
2025-12-06T00:19:23.6411168Z [command]/usr/bin/git checkout --progress --force -B scratch_chat_dev refs/remotes/origin/scratch_chat_dev
2025-12-06T00:19:23.8619236Z Switched to a new branch 'scratch_chat_dev'
2025-12-06T00:19:23.8620028Z branch 'scratch_chat_dev' set up to track 'origin/scratch_chat_dev'.
2025-12-06T00:19:23.8648473Z ##[endgroup]
2025-12-06T00:19:23.8692222Z [command]/usr/bin/git log -1 --format=%H
2025-12-06T00:19:23.8716568Z 95ba3cd0681b4b8dad4303e7861de6ac2c67913e
2025-12-06T00:19:23.8937071Z ##[group]Run actions/setup-python@v6
2025-12-06T00:19:23.8937532Z with:
2025-12-06T00:19:23.8937836Z   check-latest: false
2025-12-06T00:19:23.8938272Z   token: ***
2025-12-06T00:19:23.8938605Z   update-environment: true
2025-12-06T00:19:23.8938920Z   allow-prereleases: false
2025-12-06T00:19:23.8939417Z   freethreaded: false
2025-12-06T00:19:23.8939686Z env:
2025-12-06T00:19:23.8940028Z   SKIP_CACHE: 
2025-12-06T00:19:23.8940384Z ##[endgroup]
2025-12-06T00:19:24.0259675Z [warning]Neither 'python-version' nor 'python-version-file' inputs were supplied. Attempting to find '.python-version' file.
2025-12-06T00:19:24.0261175Z [warning].python-version doesn't exist.
2025-12-06T00:19:24.0288183Z ##[warning]The `python-version` input is not set.  The version of Python currently in `PATH` will be used.
2025-12-06T00:19:24.0299123Z (node:2089) [DEP0040] DeprecationWarning: The `punycode` module is deprecated. Please use a userland alternative instead.
2025-12-06T00:19:24.0300569Z (Use `node --trace-deprecation ...` to show where the warning was created)
2025-12-06T00:19:24.0415319Z ##[group]Run version=$(python --version)
2025-12-06T00:19:24.0415860Z [36;1mversion=$(python --version)[0m
2025-12-06T00:19:24.0416285Z [36;1mecho "::notice::Using python version: $version"[0m
2025-12-06T00:19:24.0416822Z [36;1mpip install "pip<25.3" # Temporary pin to avoid issues with pip 25.3+[0m
2025-12-06T00:19:24.0417315Z [36;1mpip_version=$(pip --version)[0m
2025-12-06T00:19:24.0417716Z [36;1mecho "::notice::Using pip version: $pip_version"[0m
2025-12-06T00:19:24.0418183Z [36;1mpip install pip-tools[0m
2025-12-06T00:19:24.0418582Z [36;1mpip_compile_version=$(pip-compile --version)[0m
2025-12-06T00:19:24.0419035Z [36;1mecho "::notice::Using pip-compile version: $pip_compile_version"[0m
2025-12-06T00:19:24.0454957Z shell: /usr/bin/bash --noprofile --norc -e -o pipefail {0}
2025-12-06T00:19:24.0455438Z env:
2025-12-06T00:19:24.0455747Z   SKIP_CACHE: 
2025-12-06T00:19:24.0456048Z ##[endgroup]
2025-12-06T00:19:24.0549553Z ##[notice]Using python version: Python 3.12.3
2025-12-06T00:19:24.5027587Z Defaulting to user installation because normal site-packages is not writeable
2025-12-06T00:19:24.8392237Z Requirement already satisfied: pip<25.3 in /usr/lib/python3/dist-packages (24.0)
2025-12-06T00:19:25.4104612Z ##[notice]Using pip version: pip 24.0 from /usr/lib/python3/dist-packages/pip (python 3.12)
2025-12-06T00:19:25.6818871Z Defaulting to user installation because normal site-packages is not writeable
2025-12-06T00:19:25.9205669Z Collecting pip-tools
2025-12-06T00:19:25.9648965Z   Downloading pip_tools-7.5.2-py3-none-any.whl.metadata (26 kB)
2025-12-06T00:19:26.0001256Z Collecting build>=1.0.0 (from pip-tools)
2025-12-06T00:19:26.0115284Z   Downloading build-1.3.0-py3-none-any.whl.metadata (5.6 kB)
2025-12-06T00:19:26.0116812Z Requirement already satisfied: click>=8 in /usr/lib/python3/dist-packages (from pip-tools) (8.1.6)
2025-12-06T00:19:26.0236081Z Requirement already satisfied: pip>=22.2 in /usr/lib/python3/dist-packages (from pip-tools) (24.0)
2025-12-06T00:19:26.0236632Z Collecting pyproject_hooks (from pip-tools)
2025-12-06T00:19:26.0266804Z   Downloading pyproject_hooks-1.2.0-py3-none-any.whl.metadata (1.3 kB)
2025-12-06T00:19:26.0301135Z Requirement already satisfied: setuptools in /usr/lib/python3/dist-packages (from pip-tools) (68.1.2)
2025-12-06T00:19:26.0307389Z Requirement already satisfied: wheel in /usr/lib/python3/dist-packages (from pip-tools) (0.42.0)
2025-12-06T00:19:26.0393270Z Requirement already satisfied: packaging>=19.1 in /usr/lib/python3/dist-packages (from build>=1.0.0->pip-tools) (24.0)
2025-12-06T00:19:26.0495649Z Downloading pip_tools-7.5.2-py3-none-any.whl (66 kB)
2025-12-06T00:19:26.0566549Z    ━━━━━━━━━━━━━━━━━━━━━━━━━━━━━━━━━━━━━━━━ 66.9/66.9 kB 11.5 MB/s eta 0:00:00
2025-12-06T00:19:26.0598454Z Downloading build-1.3.0-py3-none-any.whl (23 kB)
2025-12-06T00:19:26.0657256Z Downloading pyproject_hooks-1.2.0-py3-none-any.whl (10 kB)
2025-12-06T00:19:26.3204721Z Installing collected packages: pyproject_hooks, build, pip-tools
2025-12-06T00:19:26.3887900Z Successfully installed build-1.3.0 pip-tools-7.5.2 pyproject_hooks-1.2.0
2025-12-06T00:19:26.8885751Z ##[notice]Using pip-compile version: pip-compile, version 7.5.2
2025-12-06T00:19:26.8944562Z ##[group]Run if [[ -n "" ]]; then
2025-12-06T00:19:26.8945086Z [36;1mif [[ -n "" ]]; then[0m
2025-12-06T00:19:26.8945446Z [36;1m  echo "Python cache disabled via 'GH_DEPENDENCY_SUBMISSION_SKIP_CACHE'"[0m
2025-12-06T00:19:26.8945828Z [36;1melse[0m
2025-12-06T00:19:26.8946245Z [36;1m  echo "Caching Python packages. Set 'GH_DEPENDENCY_SUBMISSION_SKIP_CACHE=true' to skip caching in future."[0m
2025-12-06T00:19:26.8946693Z [36;1mfi[0m
2025-12-06T00:19:26.8978197Z shell: /usr/bin/bash -e {0}
2025-12-06T00:19:26.8978439Z env:
2025-12-06T00:19:26.8978603Z   SKIP_CACHE: 
2025-12-06T00:19:26.8978798Z ##[endgroup]
2025-12-06T00:19:26.9029592Z Caching Python packages. Set 'GH_DEPENDENCY_SUBMISSION_SKIP_CACHE=true' to skip caching in future.
2025-12-06T00:19:27.0395190Z ##[group]Run actions/cache@0057852bfaa89a56745cba8c7296529d2fc39830
2025-12-06T00:19:27.0395581Z with:
2025-12-06T00:19:27.0395773Z   path: ~/.cache/pip
2025-12-06T00:19:27.0396173Z   key: Linux-pip-python-5a00fefc972129031f421abe69b90f4bbdcde70f32fc624502f11f9b2a1e2c79
2025-12-06T00:19:27.0396643Z   restore-keys: Linux-python-

2025-12-06T00:19:27.0396893Z   enableCrossOsArchive: false
2025-12-06T00:19:27.0397122Z   fail-on-cache-miss: false
2025-12-06T00:19:27.0397344Z   lookup-only: false
2025-12-06T00:19:27.0397533Z   save-always: false
2025-12-06T00:19:27.0397716Z env:
2025-12-06T00:19:27.0397871Z   SKIP_CACHE: 
2025-12-06T00:19:27.0398054Z ##[endgroup]
2025-12-06T00:19:27.5287912Z Cache hit for: Linux-pip-python-5a00fefc972129031f421abe69b90f4bbdcde70f32fc624502f11f9b2a1e2c79
2025-12-06T00:19:28.4713063Z Received 1511396 of 1511396 (100.0%), 2.2 MBs/sec
2025-12-06T00:19:28.4713715Z Cache Size: ~1 MB (1511396 B)
2025-12-06T00:19:28.4738512Z [command]/usr/bin/tar -xf /home/runner/work/_temp/c98ad1af-7d38-4756-851e-a7ae9b12d67a/cache.tzst -P -C /home/runner/work/scratchattach/scratchattach --use-compress-program unzstd
2025-12-06T00:19:28.4902329Z Cache restored successfully
2025-12-06T00:19:28.4986182Z Cache restored from key: Linux-pip-python-5a00fefc972129031f421abe69b90f4bbdcde70f32fc624502f11f9b2a1e2c79
2025-12-06T00:19:28.5070267Z ##[group]Run if pip-compile --dry-run -o requirements.out requirements.txt; then
2025-12-06T00:19:28.5071091Z [36;1mif pip-compile --dry-run -o requirements.out requirements.txt; then[0m
2025-12-06T00:19:28.5071535Z [36;1m  echo "::debug::Python validate no broken dependencies"[0m
2025-12-06T00:19:28.5071903Z [36;1m  echo "{valid-project}={true}" >> "$GITHUB_OUTPUT"[0m
2025-12-06T00:19:28.5072189Z [36;1melse[0m
2025-12-06T00:19:28.5072434Z [36;1m  echo "{valid-project}={false}" >> "$GITHUB_OUTPUT"[0m
2025-12-06T00:19:28.5072875Z [36;1m  echo "### :warning: Python validation failed in repository root" >> $GITHUB_STEP_SUMMARY[0m
2025-12-06T00:19:28.5073730Z [36;1m  echo "We were unable to validate a Python project in the repository root. If your repository requires additional setup steps, you may need to check in your own workflow." >> $GITHUB_STEP_SUMMARY[0m
2025-12-06T00:19:28.5074443Z [36;1m  echo "" >> $GITHUB_STEP_SUMMARY[0m
2025-12-06T00:19:28.5075355Z [36;1m  echo "For more information on submitting Python dependencies from your own workflow, refer to [the submission action](https://github.com/actions/component-detection-dependency-submission-action)" >> $GITHUB_STEP_SUMMARY[0m
2025-12-06T00:19:28.5076309Z [36;1m  echo "::warning::Python validation failed in the repository root."[0m
2025-12-06T00:19:28.5076643Z [36;1m  exit 1[0m
2025-12-06T00:19:28.5076822Z [36;1mfi[0m
2025-12-06T00:19:28.5108663Z shell: /usr/bin/bash -e {0}
2025-12-06T00:19:28.5108886Z env:
2025-12-06T00:19:28.5109058Z   SKIP_CACHE: 
2025-12-06T00:19:28.5109249Z ##[endgroup]
2025-12-06T00:19:29.8553753Z WARNING: --strip-extras is becoming the default in version 8.0.0. To silence this warning, either use --strip-extras to opt into the new default or use --no-strip-extras to retain the existing behavior.
2025-12-06T00:19:29.8555273Z #
2025-12-06T00:19:29.8555773Z # This file is autogenerated by pip-compile with Python 3.12
2025-12-06T00:19:29.8556841Z # by the following command:
2025-12-06T00:19:29.8557293Z #
2025-12-06T00:19:29.8557804Z #    pip-compile --output-file=requirements.out requirements.txt
2025-12-06T00:19:29.8558454Z #
2025-12-06T00:19:29.8558808Z beautifulsoup4==4.14.3
2025-12-06T00:19:29.8559215Z     # via bs4
2025-12-06T00:19:29.8559565Z bs4==0.0.2
2025-12-06T00:19:29.8559927Z     # via scratchattach
2025-12-06T00:19:29.8560328Z certifi==2025.11.12
2025-12-06T00:19:29.8561037Z     # via requests
2025-12-06T00:19:29.8561481Z charset-normalizer==3.4.4
2025-12-06T00:19:29.8561934Z     # via requests
2025-12-06T00:19:29.8562304Z idna==3.11
2025-12-06T00:19:29.8562645Z     # via requests
2025-12-06T00:19:29.8563086Z requests==2.32.5
2025-12-06T00:19:29.8563331Z     # via scratchattach
2025-12-06T00:19:29.8563601Z scratchattach==2.1.13
2025-12-06T00:19:29.8563889Z     # via -r requirements.txt
2025-12-06T00:19:29.8564134Z simplewebsocketserver==0.1.2
2025-12-06T00:19:29.8564611Z     # via scratchattach
2025-12-06T00:19:29.8565000Z soupsieve==2.8
2025-12-06T00:19:29.8565211Z     # via beautifulsoup4
2025-12-06T00:19:29.8565434Z typing-extensions==4.15.0
2025-12-06T00:19:29.8565648Z     # via
2025-12-06T00:19:29.8565816Z     #   beautifulsoup4
2025-12-06T00:19:29.8566014Z     #   scratchattach
2025-12-06T00:19:29.8566207Z urllib3==2.6.0
2025-12-06T00:19:29.8566383Z     # via requests
2025-12-06T00:19:29.8566577Z websocket-client==1.9.0
2025-12-06T00:19:29.8566789Z     # via scratchattach
2025-12-06T00:19:29.8567001Z Dry-run, so nothing updated.
2025-12-06T00:19:29.9472777Z ##[group]Run actions/component-detection-dependency-submission-action@374343effede691df3a5ffaf36b4e7acab919590
2025-12-06T00:19:29.9473321Z with:
2025-12-06T00:19:29.9473521Z   detectorsCategories: Python
2025-12-06T00:19:29.9473769Z   detectorsFilter: PipReport
2025-12-06T00:19:29.9474043Z   snapshot-sha: 95ba3cd0681b4b8dad4303e7861de6ac2c67913e
2025-12-06T00:19:29.9474372Z   snapshot-ref: refs/heads/scratch_chat_dev
2025-12-06T00:19:29.9474668Z   detector-name: Automatic Dependency Submission
2025-12-06T00:19:29.9474965Z   detector-version: 0a89483e840c
2025-12-06T00:19:29.9475393Z   detector-url: https://github.com/actions/component-detection-dependency-submission-action
2025-12-06T00:19:29.9475947Z   token: ***
2025-12-06T00:19:29.9476133Z   filePath: .
2025-12-06T00:19:29.9476298Z env:
2025-12-06T00:19:29.9476461Z   SKIP_CACHE: 
2025-12-06T00:19:29.9476641Z ##[endgroup]
2025-12-06T00:19:31.0226573Z Running component-detection
2025-12-06T00:19:31.0275660Z [command]/home/runner/work/scratchattach/scratchattach/component-detection scan --SourceDirectory . --ManifestFile ./output.json --DetectorsFilter PipReport --DetectorCategories Python
2025-12-06T00:19:31.3781449Z [00:19:31 INF] Finding components...
2025-12-06T00:19:32.1109947Z [00:19:32 INF] Starting enumeration of /home/runner/work/scratchattach/scratchattach
2025-12-06T00:19:32.1318932Z [00:19:32 INF] Enumerated 17 files and 0 directories in 00:00:00.0205329
2025-12-06T00:19:32.1617726Z [00:19:32 INF] PipReport: Generating pip installation report for /home/runner/work/scratchattach/scratchattach/requirements.txt
2025-12-06T00:19:33.7938047Z [00:19:33 INF] PipReport: Pip installation report for /home/runner/work/scratchattach/scratchattach/requirements.txt completed in 1.63 seconds with 12 detected packages.
2025-12-06T00:19:33.9561437Z                                [38;5;7mDetection Summary[0m                                
2025-12-06T00:19:33.9562544Z ┌───────────────────┬───────────────────┬───────────────────┬──────────────────┐
2025-12-06T00:19:33.9563733Z │ [1mComponent [0m        │ [1mDetection Time[0m    │ [1m# Components [0m     │ [1m# Explicitly [0m    │
2025-12-06T00:19:33.9564900Z │ [1mDetector Id[0m       │                   │ [1mFound[0m             │ [1mReferenced[0m       │
2025-12-06T00:19:33.9565722Z ├───────────────────┼───────────────────┼───────────────────┼──────────────────┤
2025-12-06T00:19:33.9566487Z │ [38;5;14mPipReport[0m         │ 2.5 seconds       │ 12                │ 1                │
2025-12-06T00:19:33.9567578Z │ ───────────────── │ ───────────────── │ ───────────────── │ ──────────────── │
2025-12-06T00:19:33.9568367Z │ [1;4mTotal[0m             │ 2.5 seconds       │ 12                │ 1                │
2025-12-06T00:19:33.9568888Z └───────────────────┴───────────────────┴───────────────────┴──────────────────┘
2025-12-06T00:19:33.9595601Z [00:19:33 INF] 
2025-12-06T00:19:33.9595998Z [00:19:33 INF] 
2025-12-06T00:19:33.9608637Z [00:19:33 INF] Detection time: 2.4916711 seconds.
2025-12-06T00:19:33.9935432Z [00:19:33 INF] Scan Manifest file: /home/runner/work/scratchattach/scratchattach/output.json
2025-12-06T00:19:34.0653645Z Getting manifests from results
2025-12-06T00:19:34.0702872Z ##[notice]Submitting snapshot...
2025-12-06T00:19:34.0719509Z ##[notice]{
    "manifests": {
        "requirements.txt": {
            "resolved": {
                "pkg:pypi/requests@2.32.5": {
                    "package_url": "pkg:pypi/requests@2.32.5",
                    "relationship": "indirect",
                    "scope": "runtime",
                    "dependencies": []
                },
                "pkg:pypi/websocket-client@1.9.0": {
                    "package_url": "pkg:pypi/websocket-client@1.9.0",
                    "relationship": "indirect",
                    "scope": "runtime",
                    "dependencies": []
                },
                "pkg:pypi/typing-extensions@4.15.0": {
                    "package_url": "pkg:pypi/typing-extensions@4.15.0",
                    "relationship": "indirect",
                    "scope": "runtime",
                    "dependencies": []
                },
                "pkg:pypi/urllib3@2.6.0": {
                    "package_url": "pkg:pypi/urllib3@2.6.0",
                    "relationship": "indirect",
                    "scope": "runtime",
                    "dependencies": []
                },
                "pkg:pypi/certifi@2025.11.12": {
                    "package_url": "pkg:pypi/certifi@2025.11.12",
                    "relationship": "indirect",
                    "scope": "runtime",
                    "dependencies": []
                },
                "pkg:pypi/charset-normalizer@3.4.4": {
                    "package_url": "pkg:pypi/charset-normalizer@3.4.4",
                    "relationship": "indirect",
                    "scope": "runtime",
                    "dependencies": []
                },
                "pkg:pypi/bs4@0.0.2": {
                    "package_url": "pkg:pypi/bs4@0.0.2",
                    "relationship": "indirect",
                    "scope": "runtime",
                    "dependencies": []
                },
                "pkg:pypi/beautifulsoup4@4.14.3": {
                    "package_url": "pkg:pypi/beautifulsoup4@4.14.3",
                    "relationship": "indirect",
                    "scope": "runtime",
                    "dependencies": []
                },
                "pkg:pypi/idna@3.11": {
                    "package_url": "pkg:pypi/idna@3.11",
                    "relationship": "indirect",
                    "scope": "runtime",
                    "dependencies": []
                },
                "pkg:pypi/soupsieve@2.8": {
                    "package_url": "pkg:pypi/soupsieve@2.8",
                    "relationship": "indirect",
                    "scope": "runtime",
                    "dependencies": []
                },
                "pkg:pypi/simplewebsocketserver@0.1.2": {
                    "package_url": "pkg:pypi/simplewebsocketserver@0.1.2",
                    "relationship": "indirect",
                    "scope": "runtime",
                    "dependencies": []
                },
                "pkg:pypi/scratchattach@2.1.13": {
                    "package_url": "pkg:pypi/scratchattach@2.1.13",
                    "relationship": "direct",
                    "scope": "runtime",
                    "dependencies": [
                        "pkg:pypi/requests@2.32.5",
                        "pkg:pypi/websocket-client@1.9.0",
                        "pkg:pypi/typing-extensions@4.15.0",
                        "pkg:pypi/urllib3@2.6.0",
                        "pkg:pypi/certifi@2025.11.12",
                        "pkg:pypi/charset-normalizer@3.4.4",
                        "pkg:pypi/bs4@0.0.2",
                        "pkg:pypi/beautifulsoup4@4.14.3",
                        "pkg:pypi/idna@3.11",
                        "pkg:pypi/soupsieve@2.8",
                        "pkg:pypi/simplewebsocketserver@0.1.2"
                    ]
                }
            },
            "name": "requirements.txt",
            "file": {
                "source_location": "requirements.txt"
            }
        }
    },
    "version": 0,
    "job": {
        "correlator": "submit-pypi",
        "id": "19979721991"
    },
    "
2025-12-06T00:19:34.4115659Z ##[notice]Snapshot successfully created at 2025-12-06T00:19:34.316Z
2025-12-06T00:19:34.6442442Z Post job cleanup.
2025-12-06T00:19:34.7752928Z Cache hit occurred on the primary key Linux-pip-python-5a00fefc972129031f421abe69b90f4bbdcde70f32fc624502f11f9b2a1e2c79, not saving cache.
2025-12-06T00:19:34.7838002Z Post job cleanup.
2025-12-06T00:19:34.9044638Z (node:2277) [DEP0040] DeprecationWarning: The `punycode` module is deprecated. Please use a userland alternative instead.
2025-12-06T00:19:34.9045734Z (Use `node --trace-deprecation ...` to show where the warning was created)
2025-12-06T00:19:34.9182039Z Post job cleanup.
2025-12-06T00:19:34.9960291Z [command]/usr/bin/git version
2025-12-06T00:19:34.9998400Z git version 2.52.0
2025-12-06T00:19:35.0038930Z Temporarily overriding HOME='/home/runner/work/_temp/43970cba-fdcf-4ffe-8df2-3be7da481a01' before making global git config changes
2025-12-06T00:19:35.0040263Z Adding repository directory to the temporary git global config as a safe directory
2025-12-06T00:19:35.0045942Z [command]/usr/bin/git config --global --add safe.directory /home/runner/work/scratchattach/scratchattach
2025-12-06T00:19:35.0087287Z [command]/usr/bin/git config --local --name-only --get-regexp core\.sshCommand
2025-12-06T00:19:35.0122899Z [command]/usr/bin/git submodule foreach --recursive sh -c "git config --local --name-only --get-regexp 'core\.sshCommand' && git config --local --unset-all 'core.sshCommand' || :"
2025-12-06T00:19:35.0360999Z [command]/usr/bin/git config --local --name-only --get-regexp http\.https\:\/\/github\.com\/\.extraheader
2025-12-06T00:19:35.0384159Z http.https://github.com/.extraheader
2025-12-06T00:19:35.0393932Z [command]/usr/bin/git config --local --unset-all http.https://github.com/.extraheader
2025-12-06T00:19:35.0426999Z [command]/usr/bin/git submodule foreach --recursive sh -c "git config --local --name-only --get-regexp 'http\.https\:\/\/github\.com\/\.extraheader' && git config --local --unset-all 'http.https://github.com/.extraheader' || :"
2025-12-06T00:19:35.0798944Z Cleaning up orphan processes
