2025-09-01T19:11:50.6319793Z Current runner version: '2.328.0'
2025-09-01T19:11:50.6348696Z ##[group]Runner Image Provisioner
2025-09-01T19:11:50.6349527Z Hosted Compute Agent
2025-09-01T19:11:50.6350170Z Version: 20250829.383
2025-09-01T19:11:50.6350814Z Commit: 27cb235aab5b0e52e153a26cd86b4742e89dac5d
2025-09-01T19:11:50.6351499Z Build Date: 2025-08-29T13:48:48Z
2025-09-01T19:11:50.6352150Z ##[endgroup]
2025-09-01T19:11:50.6352743Z ##[group]Operating System
2025-09-01T19:11:50.6353612Z Ubuntu
2025-09-01T19:11:50.6354171Z 24.04.3
2025-09-01T19:11:50.6354634Z LTS
2025-09-01T19:11:50.6355111Z ##[endgroup]
2025-09-01T19:11:50.6355665Z ##[group]Runner Image
2025-09-01T19:11:50.6356249Z Image: ubuntu-24.04
2025-09-01T19:11:50.6356774Z Version: 20250824.1.0
2025-09-01T19:11:50.6357824Z Included Software: https://github.com/actions/runner-images/blob/ubuntu24/20250824.1/images/ubuntu/Ubuntu2404-Readme.md
2025-09-01T19:11:50.6359370Z Image Release: https://github.com/actions/runner-images/releases/tag/ubuntu24%2F20250824.1
2025-09-01T19:11:50.6360479Z ##[endgroup]
2025-09-01T19:11:50.6363247Z ##[group]GITHUB_TOKEN Permissions
2025-09-01T19:11:50.6365674Z Actions: write
2025-09-01T19:11:50.6366251Z Attestations: write
2025-09-01T19:11:50.6366811Z Checks: write
2025-09-01T19:11:50.6367421Z Contents: write
2025-09-01T19:11:50.6367929Z Deployments: write
2025-09-01T19:11:50.6368458Z Discussions: write
2025-09-01T19:11:50.6369013Z Issues: write
2025-09-01T19:11:50.6369503Z Metadata: read
2025-09-01T19:11:50.6370013Z Models: read
2025-09-01T19:11:50.6370498Z Packages: write
2025-09-01T19:11:50.6371084Z Pages: write
2025-09-01T19:11:50.6371584Z PullRequests: write
2025-09-01T19:11:50.6372086Z RepositoryProjects: write
2025-09-01T19:11:50.6372742Z SecurityEvents: write
2025-09-01T19:11:50.6373795Z Statuses: write
2025-09-01T19:11:50.6374354Z ##[endgroup]
2025-09-01T19:11:50.6377065Z Secret source: Actions
2025-09-01T19:11:50.6377990Z Prepare workflow directory
2025-09-01T19:11:50.6716107Z Prepare all required actions
2025-09-01T19:11:50.6756204Z Getting action download info
2025-09-01T19:11:51.1383748Z Download action repository 'actions/checkout@v5' (SHA:08c6903cd8c0fde910a37f88322edcfb5dd907a8)
2025-09-01T19:11:51.2063077Z Download action repository 'actions/setup-python@v5.6.0' (SHA:a26af69be951a213d495a4c3e4e4022e16d87065)
2025-09-01T19:11:51.3259351Z Download action repository 'bossOfCode/install-scratchattach@v1.0.3' (SHA:be17a7cf1ecb5a7040eb42ef26c2e1fbe72bb25a)
2025-09-01T19:11:52.0095978Z Complete job name: Run 1
2025-09-01T19:11:52.0811062Z ##[group]Run actions/checkout@v5
2025-09-01T19:11:52.0812004Z with:
2025-09-01T19:11:52.0812458Z   ref: main
2025-09-01T19:11:52.0813141Z   repository: Boss-1s/scratchattach
2025-09-01T19:11:52.0813909Z   token: ***
2025-09-01T19:11:52.0814426Z   ssh-strict: true
2025-09-01T19:11:52.0814885Z   ssh-user: git
2025-09-01T19:11:52.0815360Z   persist-credentials: true
2025-09-01T19:11:52.0815874Z   clean: true
2025-09-01T19:11:52.0816318Z   sparse-checkout-cone-mode: true
2025-09-01T19:11:52.0816876Z   fetch-depth: 1
2025-09-01T19:11:52.0817349Z   fetch-tags: false
2025-09-01T19:11:52.0817816Z   show-progress: true
2025-09-01T19:11:52.0818324Z   lfs: false
2025-09-01T19:11:52.0818770Z   submodules: false
2025-09-01T19:11:52.0819247Z   set-safe-directory: true
2025-09-01T19:11:52.0820039Z ##[endgroup]
2025-09-01T19:11:52.1723263Z Syncing repository: Boss-1s/scratchattach
2025-09-01T19:11:52.1725341Z ##[group]Getting Git version info
2025-09-01T19:11:52.1726393Z Working directory is '/home/runner/work/scratchattach/scratchattach'
2025-09-01T19:11:52.1727674Z [command]/usr/bin/git version
2025-09-01T19:11:52.1755192Z git version 2.51.0
2025-09-01T19:11:52.1775888Z ##[endgroup]
2025-09-01T19:11:52.1790467Z Temporarily overriding HOME='/home/runner/work/_temp/6c56cc0e-1486-4bfa-aff7-af8feed95a23' before making global git config changes
2025-09-01T19:11:52.1793403Z Adding repository directory to the temporary git global config as a safe directory
2025-09-01T19:11:52.1796194Z [command]/usr/bin/git config --global --add safe.directory /home/runner/work/scratchattach/scratchattach
2025-09-01T19:11:52.1838097Z Deleting the contents of '/home/runner/work/scratchattach/scratchattach'
2025-09-01T19:11:52.1841877Z ##[group]Initializing the repository
2025-09-01T19:11:52.1847046Z [command]/usr/bin/git init /home/runner/work/scratchattach/scratchattach
2025-09-01T19:11:52.1906950Z hint: Using 'master' as the name for the initial branch. This default branch name
2025-09-01T19:11:52.1908856Z hint: is subject to change. To configure the initial branch name to use in all
2025-09-01T19:11:52.1910158Z hint: of your new repositories, which will suppress this warning, call:
2025-09-01T19:11:52.1911615Z hint:
2025-09-01T19:11:52.1912691Z hint: 	git config --global init.defaultBranch <name>
2025-09-01T19:11:52.1914155Z hint:
2025-09-01T19:11:52.1915362Z hint: Names commonly chosen instead of 'master' are 'main', 'trunk' and
2025-09-01T19:11:52.1917239Z hint: 'development'. The just-created branch can be renamed via this command:
2025-09-01T19:11:52.1918709Z hint:
2025-09-01T19:11:52.1919515Z hint: 	git branch -m <name>
2025-09-01T19:11:52.1920505Z hint:
2025-09-01T19:11:52.1921844Z hint: Disable this message with "git config set advice.defaultBranchName false"
2025-09-01T19:11:52.1924196Z Initialized empty Git repository in /home/runner/work/scratchattach/scratchattach/.git/
2025-09-01T19:11:52.1927259Z [command]/usr/bin/git remote add origin https://github.com/Boss-1s/scratchattach
2025-09-01T19:11:52.1957775Z ##[endgroup]
2025-09-01T19:11:52.1959202Z ##[group]Disabling automatic garbage collection
2025-09-01T19:11:52.1961675Z [command]/usr/bin/git config --local gc.auto 0
2025-09-01T19:11:52.1990528Z ##[endgroup]
2025-09-01T19:11:52.1991991Z ##[group]Setting up auth
2025-09-01T19:11:52.1997801Z [command]/usr/bin/git config --local --name-only --get-regexp core\.sshCommand
2025-09-01T19:11:52.2028332Z [command]/usr/bin/git submodule foreach --recursive sh -c "git config --local --name-only --get-regexp 'core\.sshCommand' && git config --local --unset-all 'core.sshCommand' || :"
2025-09-01T19:11:52.2298574Z [command]/usr/bin/git config --local --name-only --get-regexp http\.https\:\/\/github\.com\/\.extraheader
2025-09-01T19:11:52.2327502Z [command]/usr/bin/git submodule foreach --recursive sh -c "git config --local --name-only --get-regexp 'http\.https\:\/\/github\.com\/\.extraheader' && git config --local --unset-all 'http.https://github.com/.extraheader' || :"
2025-09-01T19:11:52.2546547Z [command]/usr/bin/git config --local http.https://github.com/.extraheader AUTHORIZATION: basic ***
2025-09-01T19:11:52.2581870Z ##[endgroup]
2025-09-01T19:11:52.2583883Z ##[group]Fetching the repository
2025-09-01T19:11:52.2592064Z [command]/usr/bin/git -c protocol.version=2 fetch --no-tags --prune --no-recurse-submodules --depth=1 origin +refs/heads/main*:refs/remotes/origin/main* +refs/tags/main*:refs/tags/main*
2025-09-01T19:11:52.8940175Z From https://github.com/Boss-1s/scratchattach
2025-09-01T19:11:52.8943798Z  * [new branch]      main       -> origin/main
2025-09-01T19:11:52.8971100Z ##[endgroup]
2025-09-01T19:11:52.8972241Z ##[group]Determining the checkout info
2025-09-01T19:11:52.8977918Z [command]/usr/bin/git branch --list --remote origin/main
2025-09-01T19:11:52.9001268Z   origin/main
2025-09-01T19:11:52.9006720Z ##[endgroup]
2025-09-01T19:11:52.9010223Z [command]/usr/bin/git sparse-checkout disable
2025-09-01T19:11:52.9047565Z [command]/usr/bin/git config --local --unset-all extensions.worktreeConfig
2025-09-01T19:11:52.9075321Z ##[group]Checking out the ref
2025-09-01T19:11:52.9078599Z [command]/usr/bin/git checkout --progress --force -B main refs/remotes/origin/main
2025-09-01T19:11:52.9365467Z Switched to a new branch 'main'
2025-09-01T19:11:52.9367413Z branch 'main' set up to track 'origin/main'.
2025-09-01T19:11:52.9377597Z ##[endgroup]
2025-09-01T19:11:52.9415711Z [command]/usr/bin/git log -1 --format=%H
2025-09-01T19:11:52.9438392Z bebaa4405341f8aacaaefa4d8383532a8a714152
2025-09-01T19:11:52.9765351Z ##[group]Run actions/setup-python@v5.6.0
2025-09-01T19:11:52.9766835Z with:
2025-09-01T19:11:52.9767681Z   python-version: 3.12.5
2025-09-01T19:11:52.9768672Z   check-latest: false
2025-09-01T19:11:52.9769859Z   token: ***
2025-09-01T19:11:52.9770722Z   update-environment: true
2025-09-01T19:11:52.9771767Z   allow-prereleases: false
2025-09-01T19:11:52.9772782Z   freethreaded: false
2025-09-01T19:11:52.9773894Z ##[endgroup]
2025-09-01T19:11:53.1438148Z ##[group]Installed versions
2025-09-01T19:11:53.1453334Z Version 3.12.5 was not found in the local cache
2025-09-01T19:11:53.8657194Z Version 3.12.5 is available for downloading
2025-09-01T19:11:53.8661267Z Download from "https://github.com/actions/python-versions/releases/download/3.12.5-10375840348/python-3.12.5-linux-24.04-x64.tar.gz"
2025-09-01T19:11:55.2912206Z Extract downloaded archive
2025-09-01T19:11:55.3048608Z [command]/usr/bin/tar xz --warning=no-unknown-keyword --overwrite -C /home/runner/work/_temp/65f202bf-b4be-4220-97c7-4a3542a44125 -f /home/runner/work/_temp/09d0cfd8-ed4a-4378-a6e1-47fcdb37e7bd
2025-09-01T19:11:57.2784939Z Execute installation script
2025-09-01T19:11:57.2872358Z Check if Python hostedtoolcache folder exist...
2025-09-01T19:11:57.2874258Z Create Python 3.12.5 folder
2025-09-01T19:11:57.2888115Z Copy Python binaries to hostedtoolcache folder
2025-09-01T19:11:57.8385452Z Create additional symlinks (Required for the UsePythonVersion Azure Pipelines task and the setup-python GitHub Action)
2025-09-01T19:11:57.8425325Z Upgrading pip...
2025-09-01T19:11:59.9706191Z Looking in links: /tmp/tmpkhy4_rsd
2025-09-01T19:11:59.9711638Z Requirement already satisfied: pip in /opt/hostedtoolcache/Python/3.12.5/x64/lib/python3.12/site-packages (24.2)
2025-09-01T19:12:01.0739382Z Collecting pip
2025-09-01T19:12:01.1124014Z Downloading pip-25.2-py3-none-any.whl.metadata (4.7 kB)
2025-09-01T19:12:01.1200458Z Downloading pip-25.2-py3-none-any.whl (1.8 MB)
2025-09-01T19:12:01.1543050Z ━━━━━━━━━━━━━━━━━━━━━━━━━━━━━━━━━━━━━━━━ 1.8/1.8 MB 93.4 MB/s eta 0:00:00
2025-09-01T19:12:01.1543563Z 
2025-09-01T19:12:01.1738682Z Installing collected packages: pip
2025-09-01T19:12:01.1740879Z Attempting uninstall: pip
2025-09-01T19:12:01.1761818Z Found existing installation: pip 24.2
2025-09-01T19:12:01.2117048Z Uninstalling pip-24.2:
2025-09-01T19:12:01.2171631Z Successfully uninstalled pip-24.2
2025-09-01T19:12:02.1027519Z Successfully installed pip-25.2
2025-09-01T19:12:02.1546494Z Create complete file
2025-09-01T19:12:02.1583984Z Successfully set up CPython (3.12.5)
2025-09-01T19:12:02.1584689Z ##[endgroup]
2025-09-01T19:12:02.1725809Z ##[group]Run bossOfCode/install-scratchattach@v1.0.3
2025-09-01T19:12:02.1726155Z env:
2025-09-01T19:12:02.1726394Z   pythonLocation: /opt/hostedtoolcache/Python/3.12.5/x64
2025-09-01T19:12:02.1726819Z   PKG_CONFIG_PATH: /opt/hostedtoolcache/Python/3.12.5/x64/lib/pkgconfig
2025-09-01T19:12:02.1727203Z   Python_ROOT_DIR: /opt/hostedtoolcache/Python/3.12.5/x64
2025-09-01T19:12:02.1727559Z   Python2_ROOT_DIR: /opt/hostedtoolcache/Python/3.12.5/x64
2025-09-01T19:12:02.1727900Z   Python3_ROOT_DIR: /opt/hostedtoolcache/Python/3.12.5/x64
2025-09-01T19:12:02.1728295Z   LD_LIBRARY_PATH: /opt/hostedtoolcache/Python/3.12.5/x64/lib
2025-09-01T19:12:02.1728582Z ##[endgroup]
2025-09-01T19:12:02.1871357Z ##[group]Run python3 -m pip install --upgrade pip
2025-09-01T19:12:02.1871830Z [36;1mpython3 -m pip install --upgrade pip[0m
2025-09-01T19:12:02.1922575Z shell: /usr/bin/bash --noprofile --norc -e -o pipefail {0}
2025-09-01T19:12:02.1923144Z env:
2025-09-01T19:12:02.1923446Z   pythonLocation: /opt/hostedtoolcache/Python/3.12.5/x64
2025-09-01T19:12:02.1923849Z   PKG_CONFIG_PATH: /opt/hostedtoolcache/Python/3.12.5/x64/lib/pkgconfig
2025-09-01T19:12:02.1924225Z   Python_ROOT_DIR: /opt/hostedtoolcache/Python/3.12.5/x64
2025-09-01T19:12:02.1924564Z   Python2_ROOT_DIR: /opt/hostedtoolcache/Python/3.12.5/x64
2025-09-01T19:12:02.1924899Z   Python3_ROOT_DIR: /opt/hostedtoolcache/Python/3.12.5/x64
2025-09-01T19:12:02.1925237Z   LD_LIBRARY_PATH: /opt/hostedtoolcache/Python/3.12.5/x64/lib
2025-09-01T19:12:02.1925516Z ##[endgroup]
2025-09-01T19:12:02.5704621Z Requirement already satisfied: pip in /opt/hostedtoolcache/Python/3.12.5/x64/lib/python3.12/site-packages (25.2)
2025-09-01T19:12:02.7377762Z ##[group]Run pip install -U scratchattach
2025-09-01T19:12:02.7378082Z [36;1mpip install -U scratchattach[0m
2025-09-01T19:12:02.7408993Z shell: /usr/bin/bash --noprofile --norc -e -o pipefail {0}
2025-09-01T19:12:02.7409308Z env:
2025-09-01T19:12:02.7409562Z   pythonLocation: /opt/hostedtoolcache/Python/3.12.5/x64
2025-09-01T19:12:02.7409966Z   PKG_CONFIG_PATH: /opt/hostedtoolcache/Python/3.12.5/x64/lib/pkgconfig
2025-09-01T19:12:02.7410345Z   Python_ROOT_DIR: /opt/hostedtoolcache/Python/3.12.5/x64
2025-09-01T19:12:02.7410678Z   Python2_ROOT_DIR: /opt/hostedtoolcache/Python/3.12.5/x64
2025-09-01T19:12:02.7411011Z   Python3_ROOT_DIR: /opt/hostedtoolcache/Python/3.12.5/x64
2025-09-01T19:12:02.7411347Z   LD_LIBRARY_PATH: /opt/hostedtoolcache/Python/3.12.5/x64/lib
2025-09-01T19:12:02.7411627Z ##[endgroup]
2025-09-01T19:12:03.2770905Z Collecting scratchattach
2025-09-01T19:12:03.3083065Z   Downloading scratchattach-2.1.13-py3-none-any.whl.metadata (5.5 kB)
2025-09-01T19:12:03.3285662Z Collecting websocket-client (from scratchattach)
2025-09-01T19:12:03.3311797Z   Downloading websocket_client-1.8.0-py3-none-any.whl.metadata (8.0 kB)
2025-09-01T19:12:03.3593528Z Collecting requests (from scratchattach)
2025-09-01T19:12:03.3621682Z   Downloading requests-2.32.5-py3-none-any.whl.metadata (4.9 kB)
2025-09-01T19:12:03.3727283Z Collecting bs4 (from scratchattach)
2025-09-01T19:12:03.3750461Z   Downloading bs4-0.0.2-py2.py3-none-any.whl.metadata (411 bytes)
2025-09-01T19:12:03.3891806Z Collecting SimpleWebSocketServer (from scratchattach)
2025-09-01T19:12:03.3928807Z   Downloading SimpleWebSocketServer-0.1.2.tar.gz (10 kB)
2025-09-01T19:12:03.4012147Z   Installing build dependencies: started
2025-09-01T19:12:04.1712165Z   Installing build dependencies: finished with status 'done'
2025-09-01T19:12:04.1717829Z   Getting requirements to build wheel: started
2025-09-01T19:12:04.5247486Z   Getting requirements to build wheel: finished with status 'done'
2025-09-01T19:12:04.5256220Z   Preparing metadata (pyproject.toml): started
2025-09-01T19:12:04.7098250Z   Preparing metadata (pyproject.toml): finished with status 'done'
2025-09-01T19:12:04.7251714Z Collecting typing-extensions (from scratchattach)
2025-09-01T19:12:04.7280056Z   Downloading typing_extensions-4.15.0-py3-none-any.whl.metadata (3.3 kB)
2025-09-01T19:12:04.7455373Z Collecting beautifulsoup4 (from bs4->scratchattach)
2025-09-01T19:12:04.7480420Z   Downloading beautifulsoup4-4.13.5-py3-none-any.whl.metadata (3.8 kB)
2025-09-01T19:12:04.7675575Z Collecting soupsieve>1.2 (from beautifulsoup4->bs4->scratchattach)
2025-09-01T19:12:04.7705187Z   Downloading soupsieve-2.8-py3-none-any.whl.metadata (4.6 kB)
2025-09-01T19:12:04.8707346Z Collecting charset_normalizer<4,>=2 (from requests->scratchattach)
2025-09-01T19:12:04.8736792Z   Downloading charset_normalizer-3.4.3-cp312-cp312-manylinux2014_x86_64.manylinux_2_17_x86_64.manylinux_2_28_x86_64.whl.metadata (36 kB)
2025-09-01T19:12:04.8908456Z Collecting idna<4,>=2.5 (from requests->scratchattach)
2025-09-01T19:12:04.9019987Z   Downloading idna-3.10-py3-none-any.whl.metadata (10 kB)
2025-09-01T19:12:04.9323847Z Collecting urllib3<3,>=1.21.1 (from requests->scratchattach)
2025-09-01T19:12:04.9352383Z   Downloading urllib3-2.5.0-py3-none-any.whl.metadata (6.5 kB)
2025-09-01T19:12:04.9564470Z Collecting certifi>=2017.4.17 (from requests->scratchattach)
2025-09-01T19:12:04.9599219Z   Downloading certifi-2025.8.3-py3-none-any.whl.metadata (2.4 kB)
2025-09-01T19:12:04.9715576Z Downloading scratchattach-2.1.13-py3-none-any.whl (141 kB)
2025-09-01T19:12:04.9772954Z Downloading bs4-0.0.2-py2.py3-none-any.whl (1.2 kB)
2025-09-01T19:12:04.9821473Z Downloading beautifulsoup4-4.13.5-py3-none-any.whl (105 kB)
2025-09-01T19:12:04.9874467Z Downloading soupsieve-2.8-py3-none-any.whl (36 kB)
2025-09-01T19:12:04.9926635Z Downloading typing_extensions-4.15.0-py3-none-any.whl (44 kB)
2025-09-01T19:12:04.9988811Z Downloading requests-2.32.5-py3-none-any.whl (64 kB)
2025-09-01T19:12:05.0035378Z Downloading charset_normalizer-3.4.3-cp312-cp312-manylinux2014_x86_64.manylinux_2_17_x86_64.manylinux_2_28_x86_64.whl (151 kB)
2025-09-01T19:12:05.0089412Z Downloading idna-3.10-py3-none-any.whl (70 kB)
2025-09-01T19:12:05.0140367Z Downloading urllib3-2.5.0-py3-none-any.whl (129 kB)
2025-09-01T19:12:05.0189836Z Downloading certifi-2025.8.3-py3-none-any.whl (161 kB)
2025-09-01T19:12:05.0248422Z Downloading websocket_client-1.8.0-py3-none-any.whl (58 kB)
2025-09-01T19:12:05.0384246Z Building wheels for collected packages: SimpleWebSocketServer
2025-09-01T19:12:05.0392410Z   Building wheel for SimpleWebSocketServer (pyproject.toml): started
2025-09-01T19:12:05.2617439Z   Building wheel for SimpleWebSocketServer (pyproject.toml): finished with status 'done'
2025-09-01T19:12:05.2626737Z   Created wheel for SimpleWebSocketServer: filename=simplewebsocketserver-0.1.2-py3-none-any.whl size=9715 sha256=a685bcb8b52364c5849d3326dab4b56da6dbc562d91e680449f9fdfcb25bf307
2025-09-01T19:12:05.2629240Z   Stored in directory: /home/runner/.cache/pip/wheels/81/fd/d8/f145b47bedceb5dff96b76e404a4ee9be956a4f8f150cd8133
2025-09-01T19:12:05.2649176Z Successfully built SimpleWebSocketServer
2025-09-01T19:12:05.2825012Z Installing collected packages: SimpleWebSocketServer, websocket-client, urllib3, typing-extensions, soupsieve, idna, charset_normalizer, certifi, requests, beautifulsoup4, bs4, scratchattach
2025-09-01T19:12:05.8480276Z 
2025-09-01T19:12:05.8499949Z Successfully installed SimpleWebSocketServer-0.1.2 beautifulsoup4-4.13.5 bs4-0.0.2 certifi-2025.8.3 charset_normalizer-3.4.3 idna-3.10 requests-2.32.5 scratchattach-2.1.13 soupsieve-2.8 typing-extensions-4.15.0 urllib3-2.5.0 websocket-client-1.8.0
2025-09-01T19:12:05.9289182Z ##[group]Run actions/checkout@v5
2025-09-01T19:12:05.9289423Z with:
2025-09-01T19:12:05.9289588Z   ref: main
2025-09-01T19:12:05.9289773Z   repository: Boss-1s/scratchattach
2025-09-01T19:12:05.9290149Z   token: ***
2025-09-01T19:12:05.9290325Z   ssh-strict: true
2025-09-01T19:12:05.9290504Z   ssh-user: git
2025-09-01T19:12:05.9290683Z   persist-credentials: true
2025-09-01T19:12:05.9290891Z   clean: true
2025-09-01T19:12:05.9291078Z   sparse-checkout-cone-mode: true
2025-09-01T19:12:05.9291303Z   fetch-depth: 1
2025-09-01T19:12:05.9291478Z   fetch-tags: false
2025-09-01T19:12:05.9291657Z   show-progress: true
2025-09-01T19:12:05.9291842Z   lfs: false
2025-09-01T19:12:05.9292007Z   submodules: false
2025-09-01T19:12:05.9292187Z   set-safe-directory: true
2025-09-01T19:12:05.9292388Z env:
2025-09-01T19:12:05.9292606Z   pythonLocation: /opt/hostedtoolcache/Python/3.12.5/x64
2025-09-01T19:12:05.9293143Z   PKG_CONFIG_PATH: /opt/hostedtoolcache/Python/3.12.5/x64/lib/pkgconfig
2025-09-01T19:12:05.9293562Z   Python_ROOT_DIR: /opt/hostedtoolcache/Python/3.12.5/x64
2025-09-01T19:12:05.9293906Z   Python2_ROOT_DIR: /opt/hostedtoolcache/Python/3.12.5/x64
2025-09-01T19:12:05.9294240Z   Python3_ROOT_DIR: /opt/hostedtoolcache/Python/3.12.5/x64
2025-09-01T19:12:05.9294578Z   LD_LIBRARY_PATH: /opt/hostedtoolcache/Python/3.12.5/x64/lib
2025-09-01T19:12:05.9294865Z ##[endgroup]
2025-09-01T19:12:06.0053936Z Syncing repository: Boss-1s/scratchattach
2025-09-01T19:12:06.0054782Z ##[group]Getting Git version info
2025-09-01T19:12:06.0055417Z Working directory is '/home/runner/work/scratchattach/scratchattach'
2025-09-01T19:12:06.0091314Z [command]/usr/bin/git version
2025-09-01T19:12:06.0127547Z git version 2.51.0
2025-09-01T19:12:06.0147766Z ##[endgroup]
2025-09-01T19:12:06.0161581Z Temporarily overriding HOME='/home/runner/work/_temp/99769ef8-c352-449d-83b1-b9d53465b5a6' before making global git config changes
2025-09-01T19:12:06.0163045Z Adding repository directory to the temporary git global config as a safe directory
2025-09-01T19:12:06.0167432Z [command]/usr/bin/git config --global --add safe.directory /home/runner/work/scratchattach/scratchattach
2025-09-01T19:12:06.0204165Z [command]/usr/bin/git config --local --get remote.origin.url
2025-09-01T19:12:06.0226687Z https://github.com/Boss-1s/scratchattach
2025-09-01T19:12:06.0239354Z ##[group]Removing previously created refs, to avoid conflicts
2025-09-01T19:12:06.0243846Z [command]/usr/bin/git rev-parse --symbolic-full-name --verify --quiet HEAD
2025-09-01T19:12:06.0263599Z refs/heads/main
2025-09-01T19:12:06.0273590Z [command]/usr/bin/git checkout --detach
2025-09-01T19:12:06.0521717Z HEAD is now at bebaa44 [BOT] Download Logs
2025-09-01T19:12:06.0568753Z [command]/usr/bin/git branch --delete --force main
2025-09-01T19:12:06.0593217Z Deleted branch main (was bebaa44).
2025-09-01T19:12:06.0627274Z ##[endgroup]
2025-09-01T19:12:06.0630580Z [command]/usr/bin/git submodule status
2025-09-01T19:12:06.0852431Z ##[group]Cleaning the repository
2025-09-01T19:12:06.0856645Z [command]/usr/bin/git clean -ffdx
2025-09-01T19:12:06.0889766Z [command]/usr/bin/git reset --hard HEAD
2025-09-01T19:12:06.0924518Z HEAD is now at bebaa44 [BOT] Download Logs
2025-09-01T19:12:06.0929714Z ##[endgroup]
2025-09-01T19:12:06.0931609Z ##[group]Disabling automatic garbage collection
2025-09-01T19:12:06.0935667Z [command]/usr/bin/git config --local gc.auto 0
2025-09-01T19:12:06.0962357Z ##[endgroup]
2025-09-01T19:12:06.0962743Z ##[group]Setting up auth
2025-09-01T19:12:06.0969343Z [command]/usr/bin/git config --local --name-only --get-regexp core\.sshCommand
2025-09-01T19:12:06.0998159Z [command]/usr/bin/git submodule foreach --recursive sh -c "git config --local --name-only --get-regexp 'core\.sshCommand' && git config --local --unset-all 'core.sshCommand' || :"
2025-09-01T19:12:06.1218421Z [command]/usr/bin/git config --local --name-only --get-regexp http\.https\:\/\/github\.com\/\.extraheader
2025-09-01T19:12:06.1241458Z http.https://github.com/.extraheader
2025-09-01T19:12:06.1250703Z [command]/usr/bin/git config --local --unset-all http.https://github.com/.extraheader
2025-09-01T19:12:06.1280222Z [command]/usr/bin/git submodule foreach --recursive sh -c "git config --local --name-only --get-regexp 'http\.https\:\/\/github\.com\/\.extraheader' && git config --local --unset-all 'http.https://github.com/.extraheader' || :"
2025-09-01T19:12:06.1501162Z [command]/usr/bin/git config --local http.https://github.com/.extraheader AUTHORIZATION: basic ***
2025-09-01T19:12:06.1541701Z ##[endgroup]
2025-09-01T19:12:06.1542292Z ##[group]Fetching the repository
2025-09-01T19:12:06.1550731Z [command]/usr/bin/git -c protocol.version=2 fetch --no-tags --prune --no-recurse-submodules --depth=1 origin +refs/heads/main*:refs/remotes/origin/main* +refs/tags/main*:refs/tags/main*
2025-09-01T19:12:06.6028262Z ##[endgroup]
2025-09-01T19:12:06.6028927Z ##[group]Determining the checkout info
2025-09-01T19:12:06.6035264Z [command]/usr/bin/git branch --list --remote origin/main
2025-09-01T19:12:06.6060699Z   origin/main
2025-09-01T19:12:06.6064867Z ##[endgroup]
2025-09-01T19:12:06.6069109Z [command]/usr/bin/git sparse-checkout disable
2025-09-01T19:12:06.6107566Z [command]/usr/bin/git config --local --unset-all extensions.worktreeConfig
2025-09-01T19:12:06.6132310Z ##[group]Checking out the ref
2025-09-01T19:12:06.6136242Z [command]/usr/bin/git checkout --progress --force -B main refs/remotes/origin/main
2025-09-01T19:12:06.6175092Z Switched to a new branch 'main'
2025-09-01T19:12:06.6177628Z branch 'main' set up to track 'origin/main'.
2025-09-01T19:12:06.6184187Z ##[endgroup]
2025-09-01T19:12:06.6218490Z [command]/usr/bin/git log -1 --format=%H
2025-09-01T19:12:06.6242822Z bebaa4405341f8aacaaefa4d8383532a8a714152
2025-09-01T19:12:06.6356358Z ##[group]Run timeout 359m python3 message_viewer.py || { [[ $? -eq 124 ]] && exit 0; }
2025-09-01T19:12:06.6356928Z [36;1mtimeout 359m python3 message_viewer.py || { [[ $? -eq 124 ]] && exit 0; }[0m
2025-09-01T19:12:06.6388765Z shell: /usr/bin/bash -e {0}
2025-09-01T19:12:06.6388987Z env:
2025-09-01T19:12:06.6389226Z   pythonLocation: /opt/hostedtoolcache/Python/3.12.5/x64
2025-09-01T19:12:06.6389637Z   PKG_CONFIG_PATH: /opt/hostedtoolcache/Python/3.12.5/x64/lib/pkgconfig
2025-09-01T19:12:06.6390215Z   Python_ROOT_DIR: /opt/hostedtoolcache/Python/3.12.5/x64
2025-09-01T19:12:06.6390562Z   Python2_ROOT_DIR: /opt/hostedtoolcache/Python/3.12.5/x64
2025-09-01T19:12:06.6390894Z   Python3_ROOT_DIR: /opt/hostedtoolcache/Python/3.12.5/x64
2025-09-01T19:12:06.6391233Z   LD_LIBRARY_PATH: /opt/hostedtoolcache/Python/3.12.5/x64/lib
2025-09-01T19:12:06.6391696Z   PASS: ***
2025-09-01T19:12:06.6391865Z ##[endgroup]
2025-09-01T19:12:07.6022805Z Thanks for giving credit for CloudRequests!
2025-09-01T19:12:07.6023522Z Request handler is running
2025-09-01T19:12:07.6029728Z Request handler is running
2025-09-02T01:11:06.6537126Z Post job cleanup.
2025-09-02T01:11:06.7303175Z [command]/usr/bin/git version
2025-09-02T01:11:06.7339602Z git version 2.51.0
2025-09-02T01:11:06.7377605Z Temporarily overriding HOME='/home/runner/work/_temp/3d7293dc-131e-4d1d-bad6-d948f3b7fbab' before making global git config changes
2025-09-02T01:11:06.7378843Z Adding repository directory to the temporary git global config as a safe directory
2025-09-02T01:11:06.7383429Z [command]/usr/bin/git config --global --add safe.directory /home/runner/work/scratchattach/scratchattach
2025-09-02T01:11:06.7419796Z [command]/usr/bin/git config --local --name-only --get-regexp core\.sshCommand
2025-09-02T01:11:06.7452427Z [command]/usr/bin/git submodule foreach --recursive sh -c "git config --local --name-only --get-regexp 'core\.sshCommand' && git config --local --unset-all 'core.sshCommand' || :"
2025-09-02T01:11:06.7675373Z [command]/usr/bin/git config --local --name-only --get-regexp http\.https\:\/\/github\.com\/\.extraheader
2025-09-02T01:11:06.7698189Z http.https://github.com/.extraheader
2025-09-02T01:11:06.7708563Z [command]/usr/bin/git config --local --unset-all http.https://github.com/.extraheader
2025-09-02T01:11:06.7740410Z [command]/usr/bin/git submodule foreach --recursive sh -c "git config --local --name-only --get-regexp 'http\.https\:\/\/github\.com\/\.extraheader' && git config --local --unset-all 'http.https://github.com/.extraheader' || :"
2025-09-02T01:11:06.8077296Z Post job cleanup.
2025-09-02T01:11:06.9730857Z Post job cleanup.
2025-09-02T01:11:07.0522698Z [command]/usr/bin/git version
2025-09-02T01:11:07.0558232Z git version 2.51.0
2025-09-02T01:11:07.0627841Z Temporarily overriding HOME='/home/runner/work/_temp/95ef3f0e-8653-4440-b598-fe88c437dfb8' before making global git config changes
2025-09-02T01:11:07.0629123Z Adding repository directory to the temporary git global config as a safe directory
2025-09-02T01:11:07.0634221Z [command]/usr/bin/git config --global --add safe.directory /home/runner/work/scratchattach/scratchattach
2025-09-02T01:11:07.0673727Z [command]/usr/bin/git config --local --name-only --get-regexp core\.sshCommand
2025-09-02T01:11:07.0707897Z [command]/usr/bin/git submodule foreach --recursive sh -c "git config --local --name-only --get-regexp 'core\.sshCommand' && git config --local --unset-all 'core.sshCommand' || :"
2025-09-02T01:11:07.0951209Z [command]/usr/bin/git config --local --name-only --get-regexp http\.https\:\/\/github\.com\/\.extraheader
2025-09-02T01:11:07.0986240Z [command]/usr/bin/git submodule foreach --recursive sh -c "git config --local --name-only --get-regexp 'http\.https\:\/\/github\.com\/\.extraheader' && git config --local --unset-all 'http.https://github.com/.extraheader' || :"
2025-09-02T01:11:07.1349635Z Cleaning up orphan processes
