2026-02-20T04:16:17.0145499Z Current runner version: '2.331.0'
2026-02-20T04:16:17.0171259Z ##[group]Runner Image Provisioner
2026-02-20T04:16:17.0172439Z Hosted Compute Agent
2026-02-20T04:16:17.0173064Z Version: 20260123.484
2026-02-20T04:16:17.0173653Z Commit: 6bd6555ca37d84114959e1c76d2c01448ff61c5d
2026-02-20T04:16:17.0174468Z Build Date: 2026-01-23T19:41:17Z
2026-02-20T04:16:17.0175170Z Worker ID: {c85565a8-abc1-498c-9790-217898abc361}
2026-02-20T04:16:17.0175882Z Azure Region: eastus2
2026-02-20T04:16:17.0176479Z ##[endgroup]
2026-02-20T04:16:17.0177807Z ##[group]Operating System
2026-02-20T04:16:17.0178399Z Ubuntu
2026-02-20T04:16:17.0178935Z 24.04.3
2026-02-20T04:16:17.0179429Z LTS
2026-02-20T04:16:17.0179917Z ##[endgroup]
2026-02-20T04:16:17.0180463Z ##[group]Runner Image
2026-02-20T04:16:17.0181011Z Image: ubuntu-24.04
2026-02-20T04:16:17.0181834Z Version: 20260201.15.1
2026-02-20T04:16:17.0183114Z Included Software: https://github.com/actions/runner-images/blob/ubuntu24/20260201.15/images/ubuntu/Ubuntu2404-Readme.md
2026-02-20T04:16:17.0184520Z Image Release: https://github.com/actions/runner-images/releases/tag/ubuntu24%2F20260201.15
2026-02-20T04:16:17.0185460Z ##[endgroup]
2026-02-20T04:16:17.0186488Z ##[group]GITHUB_TOKEN Permissions
2026-02-20T04:16:17.0188714Z Contents: write
2026-02-20T04:16:17.0189316Z Metadata: read
2026-02-20T04:16:17.0189855Z ##[endgroup]
2026-02-20T04:16:17.0192582Z Secret source: Actions
2026-02-20T04:16:17.0193621Z Prepare workflow directory
2026-02-20T04:16:17.0508025Z Prepare all required actions
2026-02-20T04:16:17.0547062Z Getting action download info
2026-02-20T04:16:17.3420967Z Download action repository 'actions/checkout@v6.0.2' (SHA:de0fac2e4500dabe0009e67214ff5f5447ce83dd)
2026-02-20T04:16:17.4243238Z Download action repository 'actions/setup-python@v6.2.0' (SHA:a309ff8b426b58ec0e2a45f0f869d46889d02405)
2026-02-20T04:16:17.8074463Z Complete job name: Run Prioritzing Handler
2026-02-20T04:16:17.8737880Z ##[group]Run actions/checkout@v6.0.2
2026-02-20T04:16:17.8738665Z with:
2026-02-20T04:16:17.8739059Z   ref: main
2026-02-20T04:16:17.8739457Z   repository: Boss-1s/scratchattach
2026-02-20T04:16:17.8740094Z   token: ***
2026-02-20T04:16:17.8740484Z   ssh-strict: true
2026-02-20T04:16:17.8740890Z   ssh-user: git
2026-02-20T04:16:17.8741289Z   persist-credentials: true
2026-02-20T04:16:17.8741916Z   clean: true
2026-02-20T04:16:17.8742311Z   sparse-checkout-cone-mode: true
2026-02-20T04:16:17.8742784Z   fetch-depth: 1
2026-02-20T04:16:17.8743175Z   fetch-tags: false
2026-02-20T04:16:17.8743566Z   show-progress: true
2026-02-20T04:16:17.8743963Z   lfs: false
2026-02-20T04:16:17.8744320Z   submodules: false
2026-02-20T04:16:17.8744719Z   set-safe-directory: true
2026-02-20T04:16:17.8745326Z ##[endgroup]
2026-02-20T04:16:17.9685402Z Syncing repository: Boss-1s/scratchattach
2026-02-20T04:16:17.9687187Z ##[group]Getting Git version info
2026-02-20T04:16:17.9688044Z Working directory is '/home/runner/work/scratchattach/scratchattach'
2026-02-20T04:16:17.9689138Z [command]/usr/bin/git version
2026-02-20T04:16:17.9744011Z git version 2.52.0
2026-02-20T04:16:17.9798027Z ##[endgroup]
2026-02-20T04:16:17.9813848Z Temporarily overriding HOME='/home/runner/work/_temp/abc66aeb-8a9e-4646-b050-743f13b3af3c' before making global git config changes
2026-02-20T04:16:17.9815585Z Adding repository directory to the temporary git global config as a safe directory
2026-02-20T04:16:17.9818700Z [command]/usr/bin/git config --global --add safe.directory /home/runner/work/scratchattach/scratchattach
2026-02-20T04:16:17.9863148Z Deleting the contents of '/home/runner/work/scratchattach/scratchattach'
2026-02-20T04:16:17.9866947Z ##[group]Initializing the repository
2026-02-20T04:16:17.9872578Z [command]/usr/bin/git init /home/runner/work/scratchattach/scratchattach
2026-02-20T04:16:17.9968996Z hint: Using 'master' as the name for the initial branch. This default branch name
2026-02-20T04:16:17.9970115Z hint: will change to "main" in Git 3.0. To configure the initial branch name
2026-02-20T04:16:17.9970983Z hint: to use in all of your new repositories, which will suppress this warning,
2026-02-20T04:16:17.9972538Z hint: call:
2026-02-20T04:16:17.9973024Z hint:
2026-02-20T04:16:17.9973546Z hint: 	git config --global init.defaultBranch <name>
2026-02-20T04:16:17.9974192Z hint:
2026-02-20T04:16:17.9975031Z hint: Names commonly chosen instead of 'master' are 'main', 'trunk' and
2026-02-20T04:16:17.9976273Z hint: 'development'. The just-created branch can be renamed via this command:
2026-02-20T04:16:17.9977276Z hint:
2026-02-20T04:16:17.9977664Z hint: 	git branch -m <name>
2026-02-20T04:16:17.9978092Z hint:
2026-02-20T04:16:17.9978668Z hint: Disable this message with "git config set advice.defaultBranchName false"
2026-02-20T04:16:17.9979667Z Initialized empty Git repository in /home/runner/work/scratchattach/scratchattach/.git/
2026-02-20T04:16:17.9982985Z [command]/usr/bin/git remote add origin https://github.com/Boss-1s/scratchattach
2026-02-20T04:16:18.0019387Z ##[endgroup]
2026-02-20T04:16:18.0020365Z ##[group]Disabling automatic garbage collection
2026-02-20T04:16:18.0023085Z [command]/usr/bin/git config --local gc.auto 0
2026-02-20T04:16:18.0055945Z ##[endgroup]
2026-02-20T04:16:18.0056682Z ##[group]Setting up auth
2026-02-20T04:16:18.0057387Z Removing SSH command configuration
2026-02-20T04:16:18.0065368Z [command]/usr/bin/git config --local --name-only --get-regexp core\.sshCommand
2026-02-20T04:16:18.0103451Z [command]/usr/bin/git submodule foreach --recursive sh -c "git config --local --name-only --get-regexp 'core\.sshCommand' && git config --local --unset-all 'core.sshCommand' || :"
2026-02-20T04:16:18.0468283Z Removing HTTP extra header
2026-02-20T04:16:18.0475667Z [command]/usr/bin/git config --local --name-only --get-regexp http\.https\:\/\/github\.com\/\.extraheader
2026-02-20T04:16:18.0512846Z [command]/usr/bin/git submodule foreach --recursive sh -c "git config --local --name-only --get-regexp 'http\.https\:\/\/github\.com\/\.extraheader' && git config --local --unset-all 'http.https://github.com/.extraheader' || :"
2026-02-20T04:16:18.0771684Z Removing includeIf entries pointing to credentials config files
2026-02-20T04:16:18.0773177Z [command]/usr/bin/git config --local --name-only --get-regexp ^includeIf\.gitdir:
2026-02-20T04:16:18.0805527Z [command]/usr/bin/git submodule foreach --recursive git config --local --show-origin --name-only --get-regexp remote.origin.url
2026-02-20T04:16:18.1060841Z [command]/usr/bin/git config --file /home/runner/work/_temp/git-credentials-09d5b1d7-a0d1-4384-98f1-4b5e65c1245a.config http.https://github.com/.extraheader AUTHORIZATION: basic ***
2026-02-20T04:16:18.1103526Z [command]/usr/bin/git config --local includeIf.gitdir:/home/runner/work/scratchattach/scratchattach/.git.path /home/runner/work/_temp/git-credentials-09d5b1d7-a0d1-4384-98f1-4b5e65c1245a.config
2026-02-20T04:16:18.1136153Z [command]/usr/bin/git config --local includeIf.gitdir:/home/runner/work/scratchattach/scratchattach/.git/worktrees/*.path /home/runner/work/_temp/git-credentials-09d5b1d7-a0d1-4384-98f1-4b5e65c1245a.config
2026-02-20T04:16:18.1167688Z [command]/usr/bin/git config --local includeIf.gitdir:/github/workspace/.git.path /github/runner_temp/git-credentials-09d5b1d7-a0d1-4384-98f1-4b5e65c1245a.config
2026-02-20T04:16:18.1200401Z [command]/usr/bin/git config --local includeIf.gitdir:/github/workspace/.git/worktrees/*.path /github/runner_temp/git-credentials-09d5b1d7-a0d1-4384-98f1-4b5e65c1245a.config
2026-02-20T04:16:18.1227456Z ##[endgroup]
2026-02-20T04:16:18.1228144Z ##[group]Fetching the repository
2026-02-20T04:16:18.1237155Z [command]/usr/bin/git -c protocol.version=2 fetch --no-tags --prune --no-recurse-submodules --depth=1 origin +refs/heads/main*:refs/remotes/origin/main* +refs/tags/main*:refs/tags/main*
2026-02-20T04:16:51.1712696Z From https://github.com/Boss-1s/scratchattach
2026-02-20T04:16:51.1713463Z  * [new branch]      main       -> origin/main
2026-02-20T04:16:51.1744556Z ##[endgroup]
2026-02-20T04:16:51.1745315Z ##[group]Determining the checkout info
2026-02-20T04:16:51.1750761Z [command]/usr/bin/git branch --list --remote origin/main
2026-02-20T04:16:51.1784224Z   origin/main
2026-02-20T04:16:51.1788863Z ##[endgroup]
2026-02-20T04:16:51.1793621Z [command]/usr/bin/git sparse-checkout disable
2026-02-20T04:16:51.1837304Z [command]/usr/bin/git config --local --unset-all extensions.worktreeConfig
2026-02-20T04:16:51.1866888Z ##[group]Checking out the ref
2026-02-20T04:16:51.1871217Z [command]/usr/bin/git checkout --progress --force -B main refs/remotes/origin/main
2026-02-20T04:16:52.6551829Z Updating files:  72% (2610/3619)
2026-02-20T04:16:52.9771838Z Updating files:  73% (2642/3619)
2026-02-20T04:16:52.9821000Z Updating files:  74% (2679/3619)
2026-02-20T04:16:53.2014996Z Updating files:  75% (2715/3619)
2026-02-20T04:16:53.2018533Z Updating files:  75% (2747/3619)
2026-02-20T04:16:53.2051250Z Updating files:  76% (2751/3619)
2026-02-20T04:16:53.6329088Z Updating files:  77% (2787/3619)
2026-02-20T04:16:54.1114125Z Updating files:  78% (2823/3619)
2026-02-20T04:16:54.2070594Z Updating files:  79% (2860/3619)
2026-02-20T04:16:54.4220036Z Updating files:  79% (2876/3619)
2026-02-20T04:16:54.7200198Z Updating files:  80% (2896/3619)
2026-02-20T04:16:54.9503400Z Updating files:  81% (2932/3619)
2026-02-20T04:16:55.2380017Z Updating files:  82% (2968/3619)
2026-02-20T04:16:55.7282466Z Updating files:  82% (2981/3619)
2026-02-20T04:16:56.1995779Z Updating files:  83% (3004/3619)
2026-02-20T04:16:56.6619421Z Updating files:  83% (3024/3619)
2026-02-20T04:16:57.2003197Z Updating files:  84% (3040/3619)
2026-02-20T04:16:58.0008274Z Updating files:  85% (3077/3619)
2026-02-20T04:16:58.2473339Z Updating files:  86% (3113/3619)
2026-02-20T04:16:58.5960025Z Updating files:  86% (3128/3619)
2026-02-20T04:16:59.1950991Z Updating files:  87% (3149/3619)
2026-02-20T04:16:59.1952163Z Updating files:  87% (3182/3619)
2026-02-20T04:16:59.2149858Z Updating files:  88% (3185/3619)
2026-02-20T04:16:59.2384368Z Updating files:  89% (3221/3619)
2026-02-20T04:16:59.2577600Z Updating files:  90% (3258/3619)
2026-02-20T04:16:59.2697666Z Updating files:  91% (3294/3619)
2026-02-20T04:16:59.6036740Z Updating files:  92% (3330/3619)
2026-02-20T04:17:00.2211799Z Updating files:  93% (3366/3619)
2026-02-20T04:17:00.2829603Z Updating files:  93% (3399/3619)
2026-02-20T04:17:00.6095376Z Updating files:  94% (3402/3619)
2026-02-20T04:17:00.8057583Z Updating files:  95% (3439/3619)
2026-02-20T04:17:00.9457981Z Updating files:  96% (3475/3619)
2026-02-20T04:17:01.0742620Z Updating files:  97% (3511/3619)
2026-02-20T04:17:01.1974413Z Updating files:  98% (3547/3619)
2026-02-20T04:17:01.2723006Z Updating files:  98% (3565/3619)
2026-02-20T04:17:01.3522882Z Updating files:  99% (3583/3619)
2026-02-20T04:17:01.3523508Z Updating files: 100% (3619/3619)
2026-02-20T04:17:01.3523773Z Updating files: 100% (3619/3619), done.
2026-02-20T04:17:01.3633431Z Switched to a new branch 'main'
2026-02-20T04:17:01.3636550Z branch 'main' set up to track 'origin/main'.
2026-02-20T04:17:01.3850594Z ##[endgroup]
2026-02-20T04:17:01.3900852Z [command]/usr/bin/git log -1 --format=%H
2026-02-20T04:17:01.3929758Z eb638f9f129c0770ac6ed91610f86e1ae394500a
2026-02-20T04:17:01.4160927Z ##[group]Run actions/setup-python@v6.2.0
2026-02-20T04:17:01.4161235Z with:
2026-02-20T04:17:01.4161773Z   python-version: 3.13
2026-02-20T04:17:01.4161980Z   check-latest: false
2026-02-20T04:17:01.4162315Z   token: ***
2026-02-20T04:17:01.4162532Z   update-environment: true
2026-02-20T04:17:01.4162786Z   allow-prereleases: false
2026-02-20T04:17:01.4163003Z   freethreaded: false
2026-02-20T04:17:01.4163209Z ##[endgroup]
2026-02-20T04:17:01.5408279Z ##[group]Installed versions
2026-02-20T04:17:01.5511100Z Successfully set up CPython (3.13.11)
2026-02-20T04:17:01.5511991Z ##[endgroup]
2026-02-20T04:17:01.5623104Z ##[group]Run pip install -r requirements.txt
2026-02-20T04:17:01.5623541Z [36;1mpip install -r requirements.txt[0m
2026-02-20T04:17:01.5672858Z shell: /usr/bin/bash -e {0}
2026-02-20T04:17:01.5673130Z env:
2026-02-20T04:17:01.5673386Z   pythonLocation: /opt/hostedtoolcache/Python/3.13.11/x64
2026-02-20T04:17:01.5674059Z   PKG_CONFIG_PATH: /opt/hostedtoolcache/Python/3.13.11/x64/lib/pkgconfig
2026-02-20T04:17:01.5674483Z   Python_ROOT_DIR: /opt/hostedtoolcache/Python/3.13.11/x64
2026-02-20T04:17:01.5674829Z   Python2_ROOT_DIR: /opt/hostedtoolcache/Python/3.13.11/x64
2026-02-20T04:17:01.5675191Z   Python3_ROOT_DIR: /opt/hostedtoolcache/Python/3.13.11/x64
2026-02-20T04:17:01.5675544Z   LD_LIBRARY_PATH: /opt/hostedtoolcache/Python/3.13.11/x64/lib
2026-02-20T04:17:01.5675861Z ##[endgroup]
2026-02-20T04:17:04.4781030Z Collecting scratchattach>=2.1.15b0 (from -r requirements.txt (line 1))
2026-02-20T04:17:04.5422393Z   Downloading scratchattach-3.0.0b2-py3-none-any.whl.metadata (5.6 kB)
2026-02-20T04:17:04.5661928Z Collecting websocket-client (from scratchattach>=2.1.15b0->-r requirements.txt (line 1))
2026-02-20T04:17:04.5739934Z   Downloading websocket_client-1.9.0-py3-none-any.whl.metadata (8.3 kB)
2026-02-20T04:17:04.6036261Z Collecting requests (from scratchattach>=2.1.15b0->-r requirements.txt (line 1))
2026-02-20T04:17:04.6104597Z   Downloading requests-2.32.5-py3-none-any.whl.metadata (4.9 kB)
2026-02-20T04:17:04.6244334Z Collecting bs4 (from scratchattach>=2.1.15b0->-r requirements.txt (line 1))
2026-02-20T04:17:04.6312573Z   Downloading bs4-0.0.2-py2.py3-none-any.whl.metadata (411 bytes)
2026-02-20T04:17:04.6441979Z Collecting SimpleWebSocketServer (from scratchattach>=2.1.15b0->-r requirements.txt (line 1))
2026-02-20T04:17:04.6517163Z   Downloading SimpleWebSocketServer-0.1.2.tar.gz (10 kB)
2026-02-20T04:17:04.6599501Z   Installing build dependencies: started
2026-02-20T04:17:05.4945517Z   Installing build dependencies: finished with status 'done'
2026-02-20T04:17:05.4951573Z   Getting requirements to build wheel: started
2026-02-20T04:17:06.0037048Z   Getting requirements to build wheel: finished with status 'done'
2026-02-20T04:17:06.0046546Z   Preparing metadata (pyproject.toml): started
2026-02-20T04:17:06.2005377Z   Preparing metadata (pyproject.toml): finished with status 'done'
2026-02-20T04:17:06.2181980Z Collecting typing-extensions (from scratchattach>=2.1.15b0->-r requirements.txt (line 1))
2026-02-20T04:17:06.2259667Z   Downloading typing_extensions-4.15.0-py3-none-any.whl.metadata (3.3 kB)
2026-02-20T04:17:06.2431126Z Collecting browser_cookie3 (from scratchattach>=2.1.15b0->-r requirements.txt (line 1))
2026-02-20T04:17:06.2504248Z   Downloading browser_cookie3-0.20.1-py3-none-any.whl.metadata (713 bytes)
2026-02-20T04:17:06.7063891Z Collecting aiohttp (from scratchattach>=2.1.15b0->-r requirements.txt (line 1))
2026-02-20T04:17:06.7146834Z   Downloading aiohttp-3.13.3-cp313-cp313-manylinux2014_x86_64.manylinux_2_17_x86_64.manylinux_2_28_x86_64.whl.metadata (8.1 kB)
2026-02-20T04:17:06.7520599Z Collecting rich (from scratchattach>=2.1.15b0->-r requirements.txt (line 1))
2026-02-20T04:17:06.7592799Z   Downloading rich-14.3.3-py3-none-any.whl.metadata (18 kB)
2026-02-20T04:17:07.2801235Z Collecting aiohappyeyeballs>=2.5.0 (from aiohttp->scratchattach>=2.1.15b0->-r requirements.txt (line 1))
2026-02-20T04:17:07.2873598Z   Downloading aiohappyeyeballs-2.6.1-py3-none-any.whl.metadata (5.9 kB)
2026-02-20T04:17:08.4125109Z Collecting aiosignal>=1.4.0 (from aiohttp->scratchattach>=2.1.15b0->-r requirements.txt (line 1))
2026-02-20T04:17:08.4197256Z   Downloading aiosignal-1.4.0-py3-none-any.whl.metadata (3.7 kB)
2026-02-20T04:17:09.7292874Z Collecting attrs>=17.3.0 (from aiohttp->scratchattach>=2.1.15b0->-r requirements.txt (line 1))
2026-02-20T04:17:09.7365803Z   Downloading attrs-25.4.0-py3-none-any.whl.metadata (10 kB)
2026-02-20T04:17:09.8010102Z Collecting frozenlist>=1.1.1 (from aiohttp->scratchattach>=2.1.15b0->-r requirements.txt (line 1))
2026-02-20T04:17:09.8124558Z   Downloading frozenlist-1.8.0-cp313-cp313-manylinux1_x86_64.manylinux_2_28_x86_64.manylinux_2_5_x86_64.whl.metadata (20 kB)
2026-02-20T04:17:10.0202155Z Collecting multidict<7.0,>=4.5 (from aiohttp->scratchattach>=2.1.15b0->-r requirements.txt (line 1))
2026-02-20T04:17:10.0290209Z   Downloading multidict-6.7.1-cp313-cp313-manylinux2014_x86_64.manylinux_2_17_x86_64.manylinux_2_28_x86_64.whl.metadata (5.3 kB)
2026-02-20T04:17:10.0778688Z Collecting propcache>=0.2.0 (from aiohttp->scratchattach>=2.1.15b0->-r requirements.txt (line 1))
2026-02-20T04:17:10.0869434Z   Downloading propcache-0.4.1-cp313-cp313-manylinux2014_x86_64.manylinux_2_17_x86_64.manylinux_2_28_x86_64.whl.metadata (13 kB)
2026-02-20T04:17:10.3001639Z Collecting yarl<2.0,>=1.17.0 (from aiohttp->scratchattach>=2.1.15b0->-r requirements.txt (line 1))
2026-02-20T04:17:10.3122954Z   Downloading yarl-1.22.0-cp313-cp313-manylinux2014_x86_64.manylinux_2_17_x86_64.manylinux_2_28_x86_64.whl.metadata (75 kB)
2026-02-20T04:17:10.3384436Z Collecting idna>=2.0 (from yarl<2.0,>=1.17.0->aiohttp->scratchattach>=2.1.15b0->-r requirements.txt (line 1))
2026-02-20T04:17:10.3453738Z   Downloading idna-3.11-py3-none-any.whl.metadata (8.4 kB)
2026-02-20T04:17:10.4054018Z Collecting lz4 (from browser_cookie3->scratchattach>=2.1.15b0->-r requirements.txt (line 1))
2026-02-20T04:17:10.4146889Z   Downloading lz4-4.4.5-cp313-cp313-manylinux2014_x86_64.manylinux_2_17_x86_64.manylinux_2_28_x86_64.whl.metadata (3.8 kB)
2026-02-20T04:17:10.4836231Z Collecting pycryptodomex (from browser_cookie3->scratchattach>=2.1.15b0->-r requirements.txt (line 1))
2026-02-20T04:17:10.4908244Z   Downloading pycryptodomex-3.23.0-cp37-abi3-manylinux_2_17_x86_64.manylinux2014_x86_64.whl.metadata (3.4 kB)
2026-02-20T04:17:10.5499802Z Collecting jeepney (from browser_cookie3->scratchattach>=2.1.15b0->-r requirements.txt (line 1))
2026-02-20T04:17:10.5570091Z   Downloading jeepney-0.9.0-py3-none-any.whl.metadata (1.2 kB)
2026-02-20T04:17:10.5763919Z Collecting beautifulsoup4 (from bs4->scratchattach>=2.1.15b0->-r requirements.txt (line 1))
2026-02-20T04:17:10.5852778Z   Downloading beautifulsoup4-4.14.3-py3-none-any.whl.metadata (3.8 kB)
2026-02-20T04:17:10.6036216Z Collecting soupsieve>=1.6.1 (from beautifulsoup4->bs4->scratchattach>=2.1.15b0->-r requirements.txt (line 1))
2026-02-20T04:17:10.6112918Z   Downloading soupsieve-2.8.3-py3-none-any.whl.metadata (4.6 kB)
2026-02-20T04:17:10.6823709Z Collecting charset_normalizer<4,>=2 (from requests->scratchattach>=2.1.15b0->-r requirements.txt (line 1))
2026-02-20T04:17:10.6897701Z   Downloading charset_normalizer-3.4.4-cp313-cp313-manylinux2014_x86_64.manylinux_2_17_x86_64.manylinux_2_28_x86_64.whl.metadata (37 kB)
2026-02-20T04:17:10.7159759Z Collecting urllib3<3,>=1.21.1 (from requests->scratchattach>=2.1.15b0->-r requirements.txt (line 1))
2026-02-20T04:17:10.7229610Z   Downloading urllib3-2.6.3-py3-none-any.whl.metadata (6.9 kB)
2026-02-20T04:17:10.7427636Z Collecting certifi>=2017.4.17 (from requests->scratchattach>=2.1.15b0->-r requirements.txt (line 1))
2026-02-20T04:17:10.7498881Z   Downloading certifi-2026.1.4-py3-none-any.whl.metadata (2.5 kB)
2026-02-20T04:17:10.7672848Z Collecting markdown-it-py>=2.2.0 (from rich->scratchattach>=2.1.15b0->-r requirements.txt (line 1))
2026-02-20T04:17:10.7740775Z   Downloading markdown_it_py-4.0.0-py3-none-any.whl.metadata (7.3 kB)
2026-02-20T04:17:10.7948283Z Collecting pygments<3.0.0,>=2.13.0 (from rich->scratchattach>=2.1.15b0->-r requirements.txt (line 1))
2026-02-20T04:17:10.8016328Z   Downloading pygments-2.19.2-py3-none-any.whl.metadata (2.5 kB)
2026-02-20T04:17:10.8149045Z Collecting mdurl~=0.1 (from markdown-it-py>=2.2.0->rich->scratchattach>=2.1.15b0->-r requirements.txt (line 1))
2026-02-20T04:17:10.8221258Z   Downloading mdurl-0.1.2-py3-none-any.whl.metadata (1.6 kB)
2026-02-20T04:17:10.8348668Z Downloading scratchattach-3.0.0b2-py3-none-any.whl (171 kB)
2026-02-20T04:17:10.8499793Z Downloading aiohttp-3.13.3-cp313-cp313-manylinux2014_x86_64.manylinux_2_17_x86_64.manylinux_2_28_x86_64.whl (1.7 MB)
2026-02-20T04:17:10.8682643Z    ━━━━━━━━━━━━━━━━━━━━━━━━━━━━━━━━━━━━━━━━ 1.7/1.7 MB 99.7 MB/s  0:00:00
2026-02-20T04:17:10.8752614Z Downloading multidict-6.7.1-cp313-cp313-manylinux2014_x86_64.manylinux_2_17_x86_64.manylinux_2_28_x86_64.whl (254 kB)
2026-02-20T04:17:10.8848062Z Downloading yarl-1.22.0-cp313-cp313-manylinux2014_x86_64.manylinux_2_17_x86_64.manylinux_2_28_x86_64.whl (377 kB)
2026-02-20T04:17:10.8962487Z Downloading aiohappyeyeballs-2.6.1-py3-none-any.whl (15 kB)
2026-02-20T04:17:10.9047721Z Downloading aiosignal-1.4.0-py3-none-any.whl (7.5 kB)
2026-02-20T04:17:10.9132219Z Downloading attrs-25.4.0-py3-none-any.whl (67 kB)
2026-02-20T04:17:10.9223117Z Downloading frozenlist-1.8.0-cp313-cp313-manylinux1_x86_64.manylinux_2_28_x86_64.manylinux_2_5_x86_64.whl (234 kB)
2026-02-20T04:17:10.9316384Z Downloading idna-3.11-py3-none-any.whl (71 kB)
2026-02-20T04:17:10.9405218Z Downloading propcache-0.4.1-cp313-cp313-manylinux2014_x86_64.manylinux_2_17_x86_64.manylinux_2_28_x86_64.whl (204 kB)
2026-02-20T04:17:10.9505739Z Downloading browser_cookie3-0.20.1-py3-none-any.whl (17 kB)
2026-02-20T04:17:10.9591662Z Downloading bs4-0.0.2-py2.py3-none-any.whl (1.2 kB)
2026-02-20T04:17:10.9675958Z Downloading beautifulsoup4-4.14.3-py3-none-any.whl (107 kB)
2026-02-20T04:17:10.9786155Z Downloading soupsieve-2.8.3-py3-none-any.whl (37 kB)
2026-02-20T04:17:10.9876382Z Downloading typing_extensions-4.15.0-py3-none-any.whl (44 kB)
2026-02-20T04:17:10.9961078Z Downloading jeepney-0.9.0-py3-none-any.whl (49 kB)
2026-02-20T04:17:11.0048918Z Downloading lz4-4.4.5-cp313-cp313-manylinux2014_x86_64.manylinux_2_17_x86_64.manylinux_2_28_x86_64.whl (1.4 MB)
2026-02-20T04:17:11.0184130Z    ━━━━━━━━━━━━━━━━━━━━━━━━━━━━━━━━━━━━━━━━ 1.4/1.4 MB 107.3 MB/s  0:00:00
2026-02-20T04:17:11.0254456Z Downloading pycryptodomex-3.23.0-cp37-abi3-manylinux_2_17_x86_64.manylinux2014_x86_64.whl (2.3 MB)
2026-02-20T04:17:11.0375526Z    ━━━━━━━━━━━━━━━━━━━━━━━━━━━━━━━━━━━━━━━━ 2.3/2.3 MB 205.7 MB/s  0:00:00
2026-02-20T04:17:11.0443347Z Downloading requests-2.32.5-py3-none-any.whl (64 kB)
2026-02-20T04:17:11.0535406Z Downloading charset_normalizer-3.4.4-cp313-cp313-manylinux2014_x86_64.manylinux_2_17_x86_64.manylinux_2_28_x86_64.whl (153 kB)
2026-02-20T04:17:11.0662188Z Downloading urllib3-2.6.3-py3-none-any.whl (131 kB)
2026-02-20T04:17:11.0753101Z Downloading certifi-2026.1.4-py3-none-any.whl (152 kB)
2026-02-20T04:17:11.0849546Z Downloading rich-14.3.3-py3-none-any.whl (310 kB)
2026-02-20T04:17:11.0948943Z Downloading pygments-2.19.2-py3-none-any.whl (1.2 MB)
2026-02-20T04:17:11.1030777Z    ━━━━━━━━━━━━━━━━━━━━━━━━━━━━━━━━━━━━━━━━ 1.2/1.2 MB 163.5 MB/s  0:00:00
2026-02-20T04:17:11.1101591Z Downloading markdown_it_py-4.0.0-py3-none-any.whl (87 kB)
2026-02-20T04:17:11.1188617Z Downloading mdurl-0.1.2-py3-none-any.whl (10.0 kB)
2026-02-20T04:17:11.1273588Z Downloading websocket_client-1.9.0-py3-none-any.whl (82 kB)
2026-02-20T04:17:11.1601582Z Building wheels for collected packages: SimpleWebSocketServer
2026-02-20T04:17:11.1609699Z   Building wheel for SimpleWebSocketServer (pyproject.toml): started
2026-02-20T04:17:11.3874769Z   Building wheel for SimpleWebSocketServer (pyproject.toml): finished with status 'done'
2026-02-20T04:17:11.3880664Z   Created wheel for SimpleWebSocketServer: filename=simplewebsocketserver-0.1.2-py3-none-any.whl size=9715 sha256=e0c109e5858d9c0a9d82427511cec1ea1c61c37ad84adbc1e3f187617472272a
2026-02-20T04:17:11.3882519Z   Stored in directory: /home/runner/.cache/pip/wheels/c4/5b/e8/4f2c15a82edc4923058056f6681373168be02a0c00389a6dcf
2026-02-20T04:17:11.3900392Z Successfully built SimpleWebSocketServer
2026-02-20T04:17:11.4334402Z Installing collected packages: SimpleWebSocketServer, websocket-client, urllib3, typing-extensions, soupsieve, pygments, pycryptodomex, propcache, multidict, mdurl, lz4, jeepney, idna, frozenlist, charset_normalizer, certifi, attrs, aiohappyeyeballs, yarl, requests, markdown-it-py, browser_cookie3, beautifulsoup4, aiosignal, rich, bs4, aiohttp, scratchattach
2026-02-20T04:17:13.9021682Z 
2026-02-20T04:17:13.9054632Z Successfully installed SimpleWebSocketServer-0.1.2 aiohappyeyeballs-2.6.1 aiohttp-3.13.3 aiosignal-1.4.0 attrs-25.4.0 beautifulsoup4-4.14.3 browser_cookie3-0.20.1 bs4-0.0.2 certifi-2026.1.4 charset_normalizer-3.4.4 frozenlist-1.8.0 idna-3.11 jeepney-0.9.0 lz4-4.4.5 markdown-it-py-4.0.0 mdurl-0.1.2 multidict-6.7.1 propcache-0.4.1 pycryptodomex-3.23.0 pygments-2.19.2 requests-2.32.5 rich-14.3.3 scratchattach-3.0.0b2 soupsieve-2.8.3 typing-extensions-4.15.0 urllib3-2.6.3 websocket-client-1.9.0 yarl-1.22.0
2026-02-20T04:17:14.0100923Z 
2026-02-20T04:17:14.0101696Z [notice] A new release of pip is available: 26.0 -> 26.0.1
2026-02-20T04:17:14.0102298Z [notice] To update, run: pip install --upgrade pip
2026-02-20T04:17:14.3400354Z ##[group]Run actions/checkout@v6.0.2
2026-02-20T04:17:14.3400620Z with:
2026-02-20T04:17:14.3400801Z   ref: main
2026-02-20T04:17:14.3400992Z   repository: Boss-1s/scratchattach
2026-02-20T04:17:14.3401549Z   token: ***
2026-02-20T04:17:14.3401741Z   ssh-strict: true
2026-02-20T04:17:14.3401925Z   ssh-user: git
2026-02-20T04:17:14.3402127Z   persist-credentials: true
2026-02-20T04:17:14.3402357Z   clean: true
2026-02-20T04:17:14.3402562Z   sparse-checkout-cone-mode: true
2026-02-20T04:17:14.3402805Z   fetch-depth: 1
2026-02-20T04:17:14.3402988Z   fetch-tags: false
2026-02-20T04:17:14.3403185Z   show-progress: true
2026-02-20T04:17:14.3403404Z   lfs: false
2026-02-20T04:17:14.3403572Z   submodules: false
2026-02-20T04:17:14.3403769Z   set-safe-directory: true
2026-02-20T04:17:14.3403978Z env:
2026-02-20T04:17:14.3404221Z   pythonLocation: /opt/hostedtoolcache/Python/3.13.11/x64
2026-02-20T04:17:14.3404627Z   PKG_CONFIG_PATH: /opt/hostedtoolcache/Python/3.13.11/x64/lib/pkgconfig
2026-02-20T04:17:14.3405065Z   Python_ROOT_DIR: /opt/hostedtoolcache/Python/3.13.11/x64
2026-02-20T04:17:14.3405413Z   Python2_ROOT_DIR: /opt/hostedtoolcache/Python/3.13.11/x64
2026-02-20T04:17:14.3405759Z   Python3_ROOT_DIR: /opt/hostedtoolcache/Python/3.13.11/x64
2026-02-20T04:17:14.3406107Z   LD_LIBRARY_PATH: /opt/hostedtoolcache/Python/3.13.11/x64/lib
2026-02-20T04:17:14.3406401Z ##[endgroup]
2026-02-20T04:17:14.4202860Z Syncing repository: Boss-1s/scratchattach
2026-02-20T04:17:14.4204043Z ##[group]Getting Git version info
2026-02-20T04:17:14.4204681Z Working directory is '/home/runner/work/scratchattach/scratchattach'
2026-02-20T04:17:14.4238913Z [command]/usr/bin/git version
2026-02-20T04:17:14.4276354Z git version 2.52.0
2026-02-20T04:17:14.4297792Z ##[endgroup]
2026-02-20T04:17:14.4312458Z Temporarily overriding HOME='/home/runner/work/_temp/9c7a9095-f0e7-48b9-93a6-b8d5ca2ffc25' before making global git config changes
2026-02-20T04:17:14.4313668Z Adding repository directory to the temporary git global config as a safe directory
2026-02-20T04:17:14.4318323Z [command]/usr/bin/git config --global --add safe.directory /home/runner/work/scratchattach/scratchattach
2026-02-20T04:17:14.4358410Z [command]/usr/bin/git config --local --get remote.origin.url
2026-02-20T04:17:14.4381839Z https://github.com/Boss-1s/scratchattach
2026-02-20T04:17:14.4394449Z ##[group]Removing previously created refs, to avoid conflicts
2026-02-20T04:17:14.4398283Z [command]/usr/bin/git rev-parse --symbolic-full-name --verify --quiet HEAD
2026-02-20T04:17:14.4421522Z refs/heads/main
2026-02-20T04:17:14.4430444Z [command]/usr/bin/git checkout --detach
2026-02-20T04:17:15.0031298Z HEAD is now at eb638f9 [BOT] Download Logs
2026-02-20T04:17:15.0084933Z [command]/usr/bin/git branch --delete --force main
2026-02-20T04:17:15.0114883Z Deleted branch main (was eb638f9).
2026-02-20T04:17:15.0154001Z ##[endgroup]
2026-02-20T04:17:15.0157945Z [command]/usr/bin/git submodule status
2026-02-20T04:17:15.0405645Z ##[group]Cleaning the repository
2026-02-20T04:17:15.0410538Z [command]/usr/bin/git clean -ffdx
2026-02-20T04:17:15.0470433Z [command]/usr/bin/git reset --hard HEAD
2026-02-20T04:17:15.0606848Z HEAD is now at eb638f9 [BOT] Download Logs
2026-02-20T04:17:15.0612859Z ##[endgroup]
2026-02-20T04:17:15.0615325Z ##[group]Disabling automatic garbage collection
2026-02-20T04:17:15.0620004Z [command]/usr/bin/git config --local gc.auto 0
2026-02-20T04:17:15.0649635Z ##[endgroup]
2026-02-20T04:17:15.0650118Z ##[group]Setting up auth
2026-02-20T04:17:15.0651688Z Removing SSH command configuration
2026-02-20T04:17:15.0657399Z [command]/usr/bin/git config --local --name-only --get-regexp core\.sshCommand
2026-02-20T04:17:15.0689397Z [command]/usr/bin/git submodule foreach --recursive sh -c "git config --local --name-only --get-regexp 'core\.sshCommand' && git config --local --unset-all 'core.sshCommand' || :"
2026-02-20T04:17:15.0946261Z Removing HTTP extra header
2026-02-20T04:17:15.0952233Z [command]/usr/bin/git config --local --name-only --get-regexp http\.https\:\/\/github\.com\/\.extraheader
2026-02-20T04:17:15.0982977Z [command]/usr/bin/git submodule foreach --recursive sh -c "git config --local --name-only --get-regexp 'http\.https\:\/\/github\.com\/\.extraheader' && git config --local --unset-all 'http.https://github.com/.extraheader' || :"
2026-02-20T04:17:15.1220935Z Removing includeIf entries pointing to credentials config files
2026-02-20T04:17:15.1227395Z [command]/usr/bin/git config --local --name-only --get-regexp ^includeIf\.gitdir:
2026-02-20T04:17:15.1258068Z includeif.gitdir:/home/runner/work/scratchattach/scratchattach/.git.path
2026-02-20T04:17:15.1259023Z includeif.gitdir:/home/runner/work/scratchattach/scratchattach/.git/worktrees/*.path
2026-02-20T04:17:15.1259799Z includeif.gitdir:/github/workspace/.git.path
2026-02-20T04:17:15.1260316Z includeif.gitdir:/github/workspace/.git/worktrees/*.path
2026-02-20T04:17:15.1268478Z [command]/usr/bin/git config --local --get-all includeif.gitdir:/home/runner/work/scratchattach/scratchattach/.git.path
2026-02-20T04:17:15.1292829Z /home/runner/work/_temp/git-credentials-09d5b1d7-a0d1-4384-98f1-4b5e65c1245a.config
2026-02-20T04:17:15.1303524Z [command]/usr/bin/git config --local --unset includeif.gitdir:/home/runner/work/scratchattach/scratchattach/.git.path /home/runner/work/_temp/git-credentials-09d5b1d7-a0d1-4384-98f1-4b5e65c1245a.config
2026-02-20T04:17:15.1338017Z [command]/usr/bin/git config --local --get-all includeif.gitdir:/home/runner/work/scratchattach/scratchattach/.git/worktrees/*.path
2026-02-20T04:17:15.1361533Z /home/runner/work/_temp/git-credentials-09d5b1d7-a0d1-4384-98f1-4b5e65c1245a.config
2026-02-20T04:17:15.1370038Z [command]/usr/bin/git config --local --unset includeif.gitdir:/home/runner/work/scratchattach/scratchattach/.git/worktrees/*.path /home/runner/work/_temp/git-credentials-09d5b1d7-a0d1-4384-98f1-4b5e65c1245a.config
2026-02-20T04:17:15.1400663Z [command]/usr/bin/git config --local --get-all includeif.gitdir:/github/workspace/.git.path
2026-02-20T04:17:15.1422764Z /github/runner_temp/git-credentials-09d5b1d7-a0d1-4384-98f1-4b5e65c1245a.config
2026-02-20T04:17:15.1430713Z [command]/usr/bin/git config --local --unset includeif.gitdir:/github/workspace/.git.path /github/runner_temp/git-credentials-09d5b1d7-a0d1-4384-98f1-4b5e65c1245a.config
2026-02-20T04:17:15.1464760Z [command]/usr/bin/git config --local --get-all includeif.gitdir:/github/workspace/.git/worktrees/*.path
2026-02-20T04:17:15.1486888Z /github/runner_temp/git-credentials-09d5b1d7-a0d1-4384-98f1-4b5e65c1245a.config
2026-02-20T04:17:15.1496007Z [command]/usr/bin/git config --local --unset includeif.gitdir:/github/workspace/.git/worktrees/*.path /github/runner_temp/git-credentials-09d5b1d7-a0d1-4384-98f1-4b5e65c1245a.config
2026-02-20T04:17:15.1531082Z [command]/usr/bin/git submodule foreach --recursive git config --local --show-origin --name-only --get-regexp remote.origin.url
2026-02-20T04:17:15.1771037Z Removing credentials config '/home/runner/work/_temp/git-credentials-09d5b1d7-a0d1-4384-98f1-4b5e65c1245a.config'
2026-02-20T04:17:15.1785648Z [command]/usr/bin/git config --file /home/runner/work/_temp/git-credentials-a76bc97a-3092-4a25-8360-fe07c40b6066.config http.https://github.com/.extraheader AUTHORIZATION: basic ***
2026-02-20T04:17:15.1825047Z [command]/usr/bin/git config --local includeIf.gitdir:/home/runner/work/scratchattach/scratchattach/.git.path /home/runner/work/_temp/git-credentials-a76bc97a-3092-4a25-8360-fe07c40b6066.config
2026-02-20T04:17:15.1855412Z [command]/usr/bin/git config --local includeIf.gitdir:/home/runner/work/scratchattach/scratchattach/.git/worktrees/*.path /home/runner/work/_temp/git-credentials-a76bc97a-3092-4a25-8360-fe07c40b6066.config
2026-02-20T04:17:15.1887685Z [command]/usr/bin/git config --local includeIf.gitdir:/github/workspace/.git.path /github/runner_temp/git-credentials-a76bc97a-3092-4a25-8360-fe07c40b6066.config
2026-02-20T04:17:15.1920019Z [command]/usr/bin/git config --local includeIf.gitdir:/github/workspace/.git/worktrees/*.path /github/runner_temp/git-credentials-a76bc97a-3092-4a25-8360-fe07c40b6066.config
2026-02-20T04:17:15.1946846Z ##[endgroup]
2026-02-20T04:17:15.1947360Z ##[group]Fetching the repository
2026-02-20T04:17:15.1956902Z [command]/usr/bin/git -c protocol.version=2 fetch --no-tags --prune --no-recurse-submodules --depth=1 origin +refs/heads/main*:refs/remotes/origin/main* +refs/tags/main*:refs/tags/main*
2026-02-20T04:17:15.4053527Z ##[endgroup]
2026-02-20T04:17:15.4053929Z ##[group]Determining the checkout info
2026-02-20T04:17:15.4059997Z [command]/usr/bin/git branch --list --remote origin/main
2026-02-20T04:17:15.4086730Z   origin/main
2026-02-20T04:17:15.4091646Z ##[endgroup]
2026-02-20T04:17:15.4096397Z [command]/usr/bin/git sparse-checkout disable
2026-02-20T04:17:15.4167246Z [command]/usr/bin/git config --local --unset-all extensions.worktreeConfig
2026-02-20T04:17:15.4203127Z ##[group]Checking out the ref
2026-02-20T04:17:15.4203760Z [command]/usr/bin/git checkout --progress --force -B main refs/remotes/origin/main
2026-02-20T04:17:15.4297034Z Switched to a new branch 'main'
2026-02-20T04:17:15.4299022Z branch 'main' set up to track 'origin/main'.
2026-02-20T04:17:15.4304925Z ##[endgroup]
2026-02-20T04:17:15.4343991Z [command]/usr/bin/git log -1 --format=%H
2026-02-20T04:17:15.4368952Z eb638f9f129c0770ac6ed91610f86e1ae394500a
2026-02-20T04:17:15.4486529Z ##[group]Run python3 aesthetic_prioritizing.py
2026-02-20T04:17:15.4486885Z [36;1mpython3 aesthetic_prioritizing.py[0m
2026-02-20T04:17:15.4522828Z shell: /usr/bin/bash -e {0}
2026-02-20T04:17:15.4523066Z env:
2026-02-20T04:17:15.4523326Z   pythonLocation: /opt/hostedtoolcache/Python/3.13.11/x64
2026-02-20T04:17:15.4523755Z   PKG_CONFIG_PATH: /opt/hostedtoolcache/Python/3.13.11/x64/lib/pkgconfig
2026-02-20T04:17:15.4524181Z   Python_ROOT_DIR: /opt/hostedtoolcache/Python/3.13.11/x64
2026-02-20T04:17:15.4524540Z   Python2_ROOT_DIR: /opt/hostedtoolcache/Python/3.13.11/x64
2026-02-20T04:17:15.4524894Z   Python3_ROOT_DIR: /opt/hostedtoolcache/Python/3.13.11/x64
2026-02-20T04:17:15.4525234Z   LD_LIBRARY_PATH: /opt/hostedtoolcache/Python/3.13.11/x64/lib
2026-02-20T04:17:15.4525644Z   PASS: ***
2026-02-20T04:17:15.4525827Z ##[endgroup]
2026-02-20T04:17:17.2422002Z Prioritizing: Attempt 1
2026-02-20T04:17:17.6586741Z Unfavorited project 1193158560
2026-02-20T04:18:02.6598601Z Favorited project 1193158560 to move it to the top
2026-02-20T04:18:49.5576074Z Unfavorited project 1193158559
2026-02-20T04:19:34.5587790Z Favorited project 1193158559 to move it to the top
2026-02-20T04:20:19.9871889Z Unfavorited project 1193158558
2026-02-20T04:21:04.9883747Z Favorited project 1193158558 to move it to the top
2026-02-20T04:21:50.3530107Z Favorited project 1193158567 because it was never favorited
2026-02-20T04:22:35.7204489Z Unfavorited project 1193158568
2026-02-20T04:23:20.7216292Z Favorited project 1193158568 to move it to the top
2026-02-20T04:24:05.8437257Z Prioritized projects in your favorite list.
2026-02-20T04:24:05.8992216Z Post job cleanup.
2026-02-20T04:24:05.9807616Z [command]/usr/bin/git version
2026-02-20T04:24:05.9876151Z git version 2.52.0
2026-02-20T04:24:05.9912341Z Temporarily overriding HOME='/home/runner/work/_temp/f8e34795-8d72-4a19-a6c1-c655ac407664' before making global git config changes
2026-02-20T04:24:05.9913190Z Adding repository directory to the temporary git global config as a safe directory
2026-02-20T04:24:05.9917685Z [command]/usr/bin/git config --global --add safe.directory /home/runner/work/scratchattach/scratchattach
2026-02-20T04:24:05.9949490Z Removing SSH command configuration
2026-02-20T04:24:05.9955752Z [command]/usr/bin/git config --local --name-only --get-regexp core\.sshCommand
2026-02-20T04:24:05.9991001Z [command]/usr/bin/git submodule foreach --recursive sh -c "git config --local --name-only --get-regexp 'core\.sshCommand' && git config --local --unset-all 'core.sshCommand' || :"
2026-02-20T04:24:06.0236428Z Removing HTTP extra header
2026-02-20T04:24:06.0241240Z [command]/usr/bin/git config --local --name-only --get-regexp http\.https\:\/\/github\.com\/\.extraheader
2026-02-20T04:24:06.0276757Z [command]/usr/bin/git submodule foreach --recursive sh -c "git config --local --name-only --get-regexp 'http\.https\:\/\/github\.com\/\.extraheader' && git config --local --unset-all 'http.https://github.com/.extraheader' || :"
2026-02-20T04:24:06.0518995Z Removing includeIf entries pointing to credentials config files
2026-02-20T04:24:06.0525862Z [command]/usr/bin/git config --local --name-only --get-regexp ^includeIf\.gitdir:
2026-02-20T04:24:06.0550364Z includeif.gitdir:/home/runner/work/scratchattach/scratchattach/.git.path
2026-02-20T04:24:06.0551163Z includeif.gitdir:/home/runner/work/scratchattach/scratchattach/.git/worktrees/*.path
2026-02-20T04:24:06.0551861Z includeif.gitdir:/github/workspace/.git.path
2026-02-20T04:24:06.0552212Z includeif.gitdir:/github/workspace/.git/worktrees/*.path
2026-02-20T04:24:06.0561172Z [command]/usr/bin/git config --local --get-all includeif.gitdir:/home/runner/work/scratchattach/scratchattach/.git.path
2026-02-20T04:24:06.0584147Z /home/runner/work/_temp/git-credentials-a76bc97a-3092-4a25-8360-fe07c40b6066.config
2026-02-20T04:24:06.0594597Z [command]/usr/bin/git config --local --unset includeif.gitdir:/home/runner/work/scratchattach/scratchattach/.git.path /home/runner/work/_temp/git-credentials-a76bc97a-3092-4a25-8360-fe07c40b6066.config
2026-02-20T04:24:06.0628984Z [command]/usr/bin/git config --local --get-all includeif.gitdir:/home/runner/work/scratchattach/scratchattach/.git/worktrees/*.path
2026-02-20T04:24:06.0651176Z /home/runner/work/_temp/git-credentials-a76bc97a-3092-4a25-8360-fe07c40b6066.config
2026-02-20T04:24:06.0660405Z [command]/usr/bin/git config --local --unset includeif.gitdir:/home/runner/work/scratchattach/scratchattach/.git/worktrees/*.path /home/runner/work/_temp/git-credentials-a76bc97a-3092-4a25-8360-fe07c40b6066.config
2026-02-20T04:24:06.0692924Z [command]/usr/bin/git config --local --get-all includeif.gitdir:/github/workspace/.git.path
2026-02-20T04:24:06.0714110Z /github/runner_temp/git-credentials-a76bc97a-3092-4a25-8360-fe07c40b6066.config
2026-02-20T04:24:06.0721972Z [command]/usr/bin/git config --local --unset includeif.gitdir:/github/workspace/.git.path /github/runner_temp/git-credentials-a76bc97a-3092-4a25-8360-fe07c40b6066.config
2026-02-20T04:24:06.0752891Z [command]/usr/bin/git config --local --get-all includeif.gitdir:/github/workspace/.git/worktrees/*.path
2026-02-20T04:24:06.0774127Z /github/runner_temp/git-credentials-a76bc97a-3092-4a25-8360-fe07c40b6066.config
2026-02-20T04:24:06.0783354Z [command]/usr/bin/git config --local --unset includeif.gitdir:/github/workspace/.git/worktrees/*.path /github/runner_temp/git-credentials-a76bc97a-3092-4a25-8360-fe07c40b6066.config
2026-02-20T04:24:06.0815778Z [command]/usr/bin/git submodule foreach --recursive git config --local --show-origin --name-only --get-regexp remote.origin.url
2026-02-20T04:24:06.1062962Z Removing credentials config '/home/runner/work/_temp/git-credentials-a76bc97a-3092-4a25-8360-fe07c40b6066.config'
2026-02-20T04:24:06.1226227Z Post job cleanup.
2026-02-20T04:24:06.2488779Z Post job cleanup.
2026-02-20T04:24:06.3295228Z [command]/usr/bin/git version
2026-02-20T04:24:06.3333291Z git version 2.52.0
2026-02-20T04:24:06.3371781Z Temporarily overriding HOME='/home/runner/work/_temp/a1fe2db1-1290-4af5-bb44-493c8d583289' before making global git config changes
2026-02-20T04:24:06.3373208Z Adding repository directory to the temporary git global config as a safe directory
2026-02-20T04:24:06.3377169Z [command]/usr/bin/git config --global --add safe.directory /home/runner/work/scratchattach/scratchattach
2026-02-20T04:24:06.3410211Z Removing SSH command configuration
2026-02-20T04:24:06.3416397Z [command]/usr/bin/git config --local --name-only --get-regexp core\.sshCommand
2026-02-20T04:24:06.3452268Z [command]/usr/bin/git submodule foreach --recursive sh -c "git config --local --name-only --get-regexp 'core\.sshCommand' && git config --local --unset-all 'core.sshCommand' || :"
2026-02-20T04:24:06.3710698Z Removing HTTP extra header
2026-02-20T04:24:06.3716021Z [command]/usr/bin/git config --local --name-only --get-regexp http\.https\:\/\/github\.com\/\.extraheader
2026-02-20T04:24:06.3754361Z [command]/usr/bin/git submodule foreach --recursive sh -c "git config --local --name-only --get-regexp 'http\.https\:\/\/github\.com\/\.extraheader' && git config --local --unset-all 'http.https://github.com/.extraheader' || :"
2026-02-20T04:24:06.4007071Z Removing includeIf entries pointing to credentials config files
2026-02-20T04:24:06.4016136Z [command]/usr/bin/git config --local --name-only --get-regexp ^includeIf\.gitdir:
2026-02-20T04:24:06.4052648Z [command]/usr/bin/git submodule foreach --recursive git config --local --show-origin --name-only --get-regexp remote.origin.url
2026-02-20T04:24:06.4437171Z Cleaning up orphan processes
