2026-01-23T03:44:05.7545626Z Current runner version: '2.331.0'
2026-01-23T03:44:05.7568026Z ##[group]Runner Image Provisioner
2026-01-23T03:44:05.7568847Z Hosted Compute Agent
2026-01-23T03:44:05.7569402Z Version: 20260115.477
2026-01-23T03:44:05.7570097Z Commit: 4b342d620503cbe250a3154040964899ea7c9b00
2026-01-23T03:44:05.7570786Z Build Date: 2026-01-15T22:32:41Z
2026-01-23T03:44:05.7571426Z Worker ID: {60b09231-b3b6-42e7-b699-f8c0b221a0af}
2026-01-23T03:44:05.7572151Z Azure Region: eastus
2026-01-23T03:44:05.7572691Z ##[endgroup]
2026-01-23T03:44:05.7574391Z ##[group]Operating System
2026-01-23T03:44:05.7575221Z Ubuntu
2026-01-23T03:44:05.7575716Z 24.04.3
2026-01-23T03:44:05.7576168Z LTS
2026-01-23T03:44:05.7576667Z ##[endgroup]
2026-01-23T03:44:05.7577171Z ##[group]Runner Image
2026-01-23T03:44:05.7577814Z Image: ubuntu-24.04
2026-01-23T03:44:05.7578360Z Version: 20260119.4.1
2026-01-23T03:44:05.7579560Z Included Software: https://github.com/actions/runner-images/blob/ubuntu24/20260119.4/images/ubuntu/Ubuntu2404-Readme.md
2026-01-23T03:44:05.7581070Z Image Release: https://github.com/actions/runner-images/releases/tag/ubuntu24%2F20260119.4
2026-01-23T03:44:05.7582263Z ##[endgroup]
2026-01-23T03:44:05.7583367Z ##[group]GITHUB_TOKEN Permissions
2026-01-23T03:44:05.7585400Z Contents: write
2026-01-23T03:44:05.7585917Z Metadata: read
2026-01-23T03:44:05.7586566Z ##[endgroup]
2026-01-23T03:44:05.7588520Z Secret source: Actions
2026-01-23T03:44:05.7589327Z Prepare workflow directory
2026-01-23T03:44:05.7900731Z Prepare all required actions
2026-01-23T03:44:05.7937569Z Getting action download info
2026-01-23T03:44:06.0558133Z Download action repository 'actions/checkout@v6.0.1' (SHA:8e8c483db84b4bee98b60c0593521ed34d9990e8)
2026-01-23T03:44:06.1753347Z Download action repository 'actions/setup-python@v6.1.0' (SHA:83679a892e2d95755f2dac6acb0bfd1e9ac5d548)
2026-01-23T03:44:06.4060761Z Complete job name: Run Prioritzing Handler
2026-01-23T03:44:06.4733596Z ##[group]Run actions/checkout@v6.0.1
2026-01-23T03:44:06.4734496Z with:
2026-01-23T03:44:06.4735283Z   ref: main
2026-01-23T03:44:06.4735706Z   repository: Boss-1s/scratchattach
2026-01-23T03:44:06.4736359Z   token: ***
2026-01-23T03:44:06.4736779Z   ssh-strict: true
2026-01-23T03:44:06.4737217Z   ssh-user: git
2026-01-23T03:44:06.4737641Z   persist-credentials: true
2026-01-23T03:44:06.4738089Z   clean: true
2026-01-23T03:44:06.4738487Z   sparse-checkout-cone-mode: true
2026-01-23T03:44:06.4738961Z   fetch-depth: 1
2026-01-23T03:44:06.4739343Z   fetch-tags: false
2026-01-23T03:44:06.4739753Z   show-progress: true
2026-01-23T03:44:06.4740156Z   lfs: false
2026-01-23T03:44:06.4740530Z   submodules: false
2026-01-23T03:44:06.4740931Z   set-safe-directory: true
2026-01-23T03:44:06.4741680Z ##[endgroup]
2026-01-23T03:44:06.5627641Z Syncing repository: Boss-1s/scratchattach
2026-01-23T03:44:06.5629383Z ##[group]Getting Git version info
2026-01-23T03:44:06.5630205Z Working directory is '/home/runner/work/scratchattach/scratchattach'
2026-01-23T03:44:06.5631212Z [command]/usr/bin/git version
2026-01-23T03:44:06.5696995Z git version 2.52.0
2026-01-23T03:44:06.5717941Z ##[endgroup]
2026-01-23T03:44:06.5732707Z Temporarily overriding HOME='/home/runner/work/_temp/0940babc-8f10-4223-835b-db6dc2164071' before making global git config changes
2026-01-23T03:44:06.5735285Z Adding repository directory to the temporary git global config as a safe directory
2026-01-23T03:44:06.5738353Z [command]/usr/bin/git config --global --add safe.directory /home/runner/work/scratchattach/scratchattach
2026-01-23T03:44:06.5776105Z Deleting the contents of '/home/runner/work/scratchattach/scratchattach'
2026-01-23T03:44:06.5780086Z ##[group]Initializing the repository
2026-01-23T03:44:06.5784806Z [command]/usr/bin/git init /home/runner/work/scratchattach/scratchattach
2026-01-23T03:44:06.5886481Z hint: Using 'master' as the name for the initial branch. This default branch name
2026-01-23T03:44:06.5887824Z hint: will change to "main" in Git 3.0. To configure the initial branch name
2026-01-23T03:44:06.5888870Z hint: to use in all of your new repositories, which will suppress this warning,
2026-01-23T03:44:06.5889877Z hint: call:
2026-01-23T03:44:06.5890703Z hint:
2026-01-23T03:44:06.5891388Z hint: 	git config --global init.defaultBranch <name>
2026-01-23T03:44:06.5891966Z hint:
2026-01-23T03:44:06.5892949Z hint: Names commonly chosen instead of 'master' are 'main', 'trunk' and
2026-01-23T03:44:06.5894626Z hint: 'development'. The just-created branch can be renamed via this command:
2026-01-23T03:44:06.5896142Z hint:
2026-01-23T03:44:06.5896887Z hint: 	git branch -m <name>
2026-01-23T03:44:06.5897723Z hint:
2026-01-23T03:44:06.5898728Z hint: Disable this message with "git config set advice.defaultBranchName false"
2026-01-23T03:44:06.5900526Z Initialized empty Git repository in /home/runner/work/scratchattach/scratchattach/.git/
2026-01-23T03:44:06.5903510Z [command]/usr/bin/git remote add origin https://github.com/Boss-1s/scratchattach
2026-01-23T03:44:06.5935959Z ##[endgroup]
2026-01-23T03:44:06.5937191Z ##[group]Disabling automatic garbage collection
2026-01-23T03:44:06.5940213Z [command]/usr/bin/git config --local gc.auto 0
2026-01-23T03:44:06.5967026Z ##[endgroup]
2026-01-23T03:44:06.5968289Z ##[group]Setting up auth
2026-01-23T03:44:06.5969217Z Removing SSH command configuration
2026-01-23T03:44:06.5974346Z [command]/usr/bin/git config --local --name-only --get-regexp core\.sshCommand
2026-01-23T03:44:06.6005634Z [command]/usr/bin/git submodule foreach --recursive sh -c "git config --local --name-only --get-regexp 'core\.sshCommand' && git config --local --unset-all 'core.sshCommand' || :"
2026-01-23T03:44:06.6325266Z Removing HTTP extra header
2026-01-23T03:44:06.6330532Z [command]/usr/bin/git config --local --name-only --get-regexp http\.https\:\/\/github\.com\/\.extraheader
2026-01-23T03:44:06.6360994Z [command]/usr/bin/git submodule foreach --recursive sh -c "git config --local --name-only --get-regexp 'http\.https\:\/\/github\.com\/\.extraheader' && git config --local --unset-all 'http.https://github.com/.extraheader' || :"
2026-01-23T03:44:06.6569449Z Removing includeIf entries pointing to credentials config files
2026-01-23T03:44:06.6575346Z [command]/usr/bin/git config --local --name-only --get-regexp ^includeIf\.gitdir:
2026-01-23T03:44:06.6605532Z [command]/usr/bin/git submodule foreach --recursive git config --local --show-origin --name-only --get-regexp remote.origin.url
2026-01-23T03:44:06.6823483Z [command]/usr/bin/git config --file /home/runner/work/_temp/git-credentials-321de75f-30ff-4b8d-af43-8912a44b419c.config http.https://github.com/.extraheader AUTHORIZATION: basic ***
2026-01-23T03:44:06.6858152Z [command]/usr/bin/git config --local includeIf.gitdir:/home/runner/work/scratchattach/scratchattach/.git.path /home/runner/work/_temp/git-credentials-321de75f-30ff-4b8d-af43-8912a44b419c.config
2026-01-23T03:44:06.6887430Z [command]/usr/bin/git config --local includeIf.gitdir:/home/runner/work/scratchattach/scratchattach/.git/worktrees/*.path /home/runner/work/_temp/git-credentials-321de75f-30ff-4b8d-af43-8912a44b419c.config
2026-01-23T03:44:06.6916764Z [command]/usr/bin/git config --local includeIf.gitdir:/github/workspace/.git.path /github/runner_temp/git-credentials-321de75f-30ff-4b8d-af43-8912a44b419c.config
2026-01-23T03:44:06.6946568Z [command]/usr/bin/git config --local includeIf.gitdir:/github/workspace/.git/worktrees/*.path /github/runner_temp/git-credentials-321de75f-30ff-4b8d-af43-8912a44b419c.config
2026-01-23T03:44:06.6973104Z ##[endgroup]
2026-01-23T03:44:06.6974348Z ##[group]Fetching the repository
2026-01-23T03:44:06.6982061Z [command]/usr/bin/git -c protocol.version=2 fetch --no-tags --prune --no-recurse-submodules --depth=1 origin +refs/heads/main*:refs/remotes/origin/main* +refs/tags/main*:refs/tags/main*
2026-01-23T03:45:00.6756939Z From https://github.com/Boss-1s/scratchattach
2026-01-23T03:45:00.6757801Z  * [new branch]      main       -> origin/main
2026-01-23T03:45:00.6785107Z ##[endgroup]
2026-01-23T03:45:00.6785958Z ##[group]Determining the checkout info
2026-01-23T03:45:00.6792661Z [command]/usr/bin/git branch --list --remote origin/main
2026-01-23T03:45:00.6822500Z   origin/main
2026-01-23T03:45:00.6826809Z ##[endgroup]
2026-01-23T03:45:00.6831061Z [command]/usr/bin/git sparse-checkout disable
2026-01-23T03:45:00.6872567Z [command]/usr/bin/git config --local --unset-all extensions.worktreeConfig
2026-01-23T03:45:00.6898325Z ##[group]Checking out the ref
2026-01-23T03:45:00.6901645Z [command]/usr/bin/git checkout --progress --force -B main refs/remotes/origin/main
2026-01-23T03:45:02.0573879Z Updating files:  81% (2611/3210)
2026-01-23T03:45:02.3598136Z Updating files:  82% (2633/3210)
2026-01-23T03:45:02.3638099Z Updating files:  83% (2665/3210)
2026-01-23T03:45:02.3677426Z Updating files:  84% (2697/3210)
2026-01-23T03:45:02.5725254Z Updating files:  85% (2729/3210)
2026-01-23T03:45:02.5757875Z Updating files:  86% (2761/3210)
2026-01-23T03:45:02.7122175Z Updating files:  87% (2793/3210)
2026-01-23T03:45:03.0271624Z Updating files:  87% (2808/3210)
2026-01-23T03:45:03.4168711Z Updating files:  88% (2825/3210)
2026-01-23T03:45:03.6614072Z Updating files:  89% (2857/3210)
2026-01-23T03:45:03.7030914Z Updating files:  90% (2889/3210)
2026-01-23T03:45:03.9780073Z Updating files:  90% (2896/3210)
2026-01-23T03:45:04.1425203Z Updating files:  91% (2922/3210)
2026-01-23T03:45:04.4503633Z Updating files:  92% (2954/3210)
2026-01-23T03:45:04.7227530Z Updating files:  93% (2986/3210)
2026-01-23T03:45:05.0750003Z Updating files:  93% (2998/3210)
2026-01-23T03:45:05.7640103Z Updating files:  94% (3018/3210)
2026-01-23T03:45:05.8232987Z Updating files:  94% (3040/3210)
2026-01-23T03:45:06.4547404Z Updating files:  95% (3050/3210)
2026-01-23T03:45:06.7124646Z Updating files:  96% (3082/3210)
2026-01-23T03:45:07.0263637Z Updating files:  96% (3101/3210)
2026-01-23T03:45:07.5530625Z Updating files:  97% (3114/3210)
2026-01-23T03:45:07.7166290Z Updating files:  98% (3146/3210)
2026-01-23T03:45:08.0118008Z Updating files:  98% (3155/3210)
2026-01-23T03:45:08.0913540Z Updating files:  99% (3178/3210)
2026-01-23T03:45:08.0914039Z Updating files: 100% (3210/3210)
2026-01-23T03:45:08.0914490Z Updating files: 100% (3210/3210), done.
2026-01-23T03:45:08.0949497Z Switched to a new branch 'main'
2026-01-23T03:45:08.0952924Z branch 'main' set up to track 'origin/main'.
2026-01-23T03:45:08.1125805Z ##[endgroup]
2026-01-23T03:45:08.1167159Z [command]/usr/bin/git log -1 --format=%H
2026-01-23T03:45:08.1192245Z 2595694fdf6aca6b98feee15dbed4110eda32731
2026-01-23T03:45:08.1410918Z ##[group]Run actions/setup-python@v6.1.0
2026-01-23T03:45:08.1411209Z with:
2026-01-23T03:45:08.1411391Z   python-version: 3.13
2026-01-23T03:45:08.1411601Z   check-latest: false
2026-01-23T03:45:08.1411923Z   token: ***
2026-01-23T03:45:08.1412115Z   update-environment: true
2026-01-23T03:45:08.1412345Z   allow-prereleases: false
2026-01-23T03:45:08.1412563Z   freethreaded: false
2026-01-23T03:45:08.1412755Z ##[endgroup]
2026-01-23T03:45:08.2638736Z ##[group]Installed versions
2026-01-23T03:45:08.2731512Z (node:2195) [DEP0040] DeprecationWarning: The `punycode` module is deprecated. Please use a userland alternative instead.
2026-01-23T03:45:08.2732325Z (Use `node --trace-deprecation ...` to show where the warning was created)
2026-01-23T03:45:08.2732880Z Successfully set up CPython (3.13.11)
2026-01-23T03:45:08.2733571Z ##[endgroup]
2026-01-23T03:45:08.2855897Z ##[group]Run pip install -r requirements.txt
2026-01-23T03:45:08.2856355Z [36;1mpip install -r requirements.txt[0m
2026-01-23T03:45:08.2902206Z shell: /usr/bin/bash -e {0}
2026-01-23T03:45:08.2902487Z env:
2026-01-23T03:45:08.2902741Z   pythonLocation: /opt/hostedtoolcache/Python/3.13.11/x64
2026-01-23T03:45:08.2903184Z   PKG_CONFIG_PATH: /opt/hostedtoolcache/Python/3.13.11/x64/lib/pkgconfig
2026-01-23T03:45:08.2903588Z   Python_ROOT_DIR: /opt/hostedtoolcache/Python/3.13.11/x64
2026-01-23T03:45:08.2903942Z   Python2_ROOT_DIR: /opt/hostedtoolcache/Python/3.13.11/x64
2026-01-23T03:45:08.2904300Z   Python3_ROOT_DIR: /opt/hostedtoolcache/Python/3.13.11/x64
2026-01-23T03:45:08.2904656Z   LD_LIBRARY_PATH: /opt/hostedtoolcache/Python/3.13.11/x64/lib
2026-01-23T03:45:08.2905357Z ##[endgroup]
2026-01-23T03:45:10.4929490Z Collecting scratchattach>=2.1.15b0 (from -r requirements.txt (line 1))
2026-01-23T03:45:10.5509607Z   Downloading scratchattach-2.1.15b0-py3-none-any.whl.metadata (5.7 kB)
2026-01-23T03:45:10.5749598Z Collecting websocket-client (from scratchattach>=2.1.15b0->-r requirements.txt (line 1))
2026-01-23T03:45:10.5784246Z   Downloading websocket_client-1.9.0-py3-none-any.whl.metadata (8.3 kB)
2026-01-23T03:45:10.6087967Z Collecting requests (from scratchattach>=2.1.15b0->-r requirements.txt (line 1))
2026-01-23T03:45:10.6133028Z   Downloading requests-2.32.5-py3-none-any.whl.metadata (4.9 kB)
2026-01-23T03:45:10.6246536Z Collecting bs4 (from scratchattach>=2.1.15b0->-r requirements.txt (line 1))
2026-01-23T03:45:10.6304745Z   Downloading bs4-0.0.2-py2.py3-none-any.whl.metadata (411 bytes)
2026-01-23T03:45:10.6438180Z Collecting SimpleWebSocketServer (from scratchattach>=2.1.15b0->-r requirements.txt (line 1))
2026-01-23T03:45:10.6484220Z   Downloading SimpleWebSocketServer-0.1.2.tar.gz (10 kB)
2026-01-23T03:45:10.6560919Z   Installing build dependencies: started
2026-01-23T03:45:11.5006413Z   Installing build dependencies: finished with status 'done'
2026-01-23T03:45:11.5012323Z   Getting requirements to build wheel: started
2026-01-23T03:45:11.9565308Z   Getting requirements to build wheel: finished with status 'done'
2026-01-23T03:45:11.9574717Z   Preparing metadata (pyproject.toml): started
2026-01-23T03:45:12.1472905Z   Preparing metadata (pyproject.toml): finished with status 'done'
2026-01-23T03:45:12.1649735Z Collecting typing-extensions (from scratchattach>=2.1.15b0->-r requirements.txt (line 1))
2026-01-23T03:45:12.1683982Z   Downloading typing_extensions-4.15.0-py3-none-any.whl.metadata (3.3 kB)
2026-01-23T03:45:12.1842381Z Collecting browser_cookie3 (from scratchattach>=2.1.15b0->-r requirements.txt (line 1))
2026-01-23T03:45:12.1913896Z   Downloading browser_cookie3-0.20.1-py3-none-any.whl.metadata (713 bytes)
2026-01-23T03:45:12.2576970Z Collecting lz4 (from browser_cookie3->scratchattach>=2.1.15b0->-r requirements.txt (line 1))
2026-01-23T03:45:12.2646484Z   Downloading lz4-4.4.5-cp313-cp313-manylinux2014_x86_64.manylinux_2_17_x86_64.manylinux_2_28_x86_64.whl.metadata (3.8 kB)
2026-01-23T03:45:12.3453539Z Collecting pycryptodomex (from browser_cookie3->scratchattach>=2.1.15b0->-r requirements.txt (line 1))
2026-01-23T03:45:12.3503102Z   Downloading pycryptodomex-3.23.0-cp37-abi3-manylinux_2_17_x86_64.manylinux2014_x86_64.whl.metadata (3.4 kB)
2026-01-23T03:45:12.3878407Z Collecting jeepney (from browser_cookie3->scratchattach>=2.1.15b0->-r requirements.txt (line 1))
2026-01-23T03:45:12.3909279Z   Downloading jeepney-0.9.0-py3-none-any.whl.metadata (1.2 kB)
2026-01-23T03:45:12.4246459Z Collecting beautifulsoup4 (from bs4->scratchattach>=2.1.15b0->-r requirements.txt (line 1))
2026-01-23T03:45:12.4279896Z   Downloading beautifulsoup4-4.14.3-py3-none-any.whl.metadata (3.8 kB)
2026-01-23T03:45:12.4478889Z Collecting soupsieve>=1.6.1 (from beautifulsoup4->bs4->scratchattach>=2.1.15b0->-r requirements.txt (line 1))
2026-01-23T03:45:12.4511692Z   Downloading soupsieve-2.8.3-py3-none-any.whl.metadata (4.6 kB)
2026-01-23T03:45:12.5422760Z Collecting charset_normalizer<4,>=2 (from requests->scratchattach>=2.1.15b0->-r requirements.txt (line 1))
2026-01-23T03:45:12.5458587Z   Downloading charset_normalizer-3.4.4-cp313-cp313-manylinux2014_x86_64.manylinux_2_17_x86_64.manylinux_2_28_x86_64.whl.metadata (37 kB)
2026-01-23T03:45:12.5652532Z Collecting idna<4,>=2.5 (from requests->scratchattach>=2.1.15b0->-r requirements.txt (line 1))
2026-01-23T03:45:12.5691420Z   Downloading idna-3.11-py3-none-any.whl.metadata (8.4 kB)
2026-01-23T03:45:12.6024746Z Collecting urllib3<3,>=1.21.1 (from requests->scratchattach>=2.1.15b0->-r requirements.txt (line 1))
2026-01-23T03:45:12.6067072Z   Downloading urllib3-2.6.3-py3-none-any.whl.metadata (6.9 kB)
2026-01-23T03:45:12.6315422Z Collecting certifi>=2017.4.17 (from requests->scratchattach>=2.1.15b0->-r requirements.txt (line 1))
2026-01-23T03:45:12.6355438Z   Downloading certifi-2026.1.4-py3-none-any.whl.metadata (2.5 kB)
2026-01-23T03:45:12.6510343Z Downloading scratchattach-2.1.15b0-py3-none-any.whl (145 kB)
2026-01-23T03:45:12.6608945Z Downloading browser_cookie3-0.20.1-py3-none-any.whl (17 kB)
2026-01-23T03:45:12.6661476Z Downloading bs4-0.0.2-py2.py3-none-any.whl (1.2 kB)
2026-01-23T03:45:12.6736014Z Downloading beautifulsoup4-4.14.3-py3-none-any.whl (107 kB)
2026-01-23T03:45:12.6797237Z Downloading soupsieve-2.8.3-py3-none-any.whl (37 kB)
2026-01-23T03:45:12.6862512Z Downloading typing_extensions-4.15.0-py3-none-any.whl (44 kB)
2026-01-23T03:45:12.6929251Z Downloading jeepney-0.9.0-py3-none-any.whl (49 kB)
2026-01-23T03:45:12.6987699Z Downloading lz4-4.4.5-cp313-cp313-manylinux2014_x86_64.manylinux_2_17_x86_64.manylinux_2_28_x86_64.whl (1.4 MB)
2026-01-23T03:45:12.7100983Z    ━━━━━━━━━━━━━━━━━━━━━━━━━━━━━━━━━━━━━━━━ 1.4/1.4 MB 152.0 MB/s  0:00:00
2026-01-23T03:45:12.7139835Z Downloading pycryptodomex-3.23.0-cp37-abi3-manylinux_2_17_x86_64.manylinux2014_x86_64.whl (2.3 MB)
2026-01-23T03:45:12.7392350Z    ━━━━━━━━━━━━━━━━━━━━━━━━━━━━━━━━━━━━━━━━ 2.3/2.3 MB 87.8 MB/s  0:00:00
2026-01-23T03:45:12.7427381Z Downloading requests-2.32.5-py3-none-any.whl (64 kB)
2026-01-23T03:45:12.7488712Z Downloading charset_normalizer-3.4.4-cp313-cp313-manylinux2014_x86_64.manylinux_2_17_x86_64.manylinux_2_28_x86_64.whl (153 kB)
2026-01-23T03:45:12.7551048Z Downloading idna-3.11-py3-none-any.whl (71 kB)
2026-01-23T03:45:12.7615983Z Downloading urllib3-2.6.3-py3-none-any.whl (131 kB)
2026-01-23T03:45:12.7681774Z Downloading certifi-2026.1.4-py3-none-any.whl (152 kB)
2026-01-23T03:45:12.7741268Z Downloading websocket_client-1.9.0-py3-none-any.whl (82 kB)
2026-01-23T03:45:12.7959831Z Building wheels for collected packages: SimpleWebSocketServer
2026-01-23T03:45:12.7968238Z   Building wheel for SimpleWebSocketServer (pyproject.toml): started
2026-01-23T03:45:13.0135320Z   Building wheel for SimpleWebSocketServer (pyproject.toml): finished with status 'done'
2026-01-23T03:45:13.0140879Z   Created wheel for SimpleWebSocketServer: filename=simplewebsocketserver-0.1.2-py3-none-any.whl size=9716 sha256=de674d36ca8e3b43d260e9303db703e35bfeea125d94a9fb1d1b831fb9a06973
2026-01-23T03:45:13.0142647Z   Stored in directory: /home/runner/.cache/pip/wheels/c4/5b/e8/4f2c15a82edc4923058056f6681373168be02a0c00389a6dcf
2026-01-23T03:45:13.0160715Z Successfully built SimpleWebSocketServer
2026-01-23T03:45:13.0401903Z Installing collected packages: SimpleWebSocketServer, websocket-client, urllib3, typing-extensions, soupsieve, pycryptodomex, lz4, jeepney, idna, charset_normalizer, certifi, requests, browser_cookie3, beautifulsoup4, bs4, scratchattach
2026-01-23T03:45:15.3331381Z 
2026-01-23T03:45:15.3356859Z Successfully installed SimpleWebSocketServer-0.1.2 beautifulsoup4-4.14.3 browser_cookie3-0.20.1 bs4-0.0.2 certifi-2026.1.4 charset_normalizer-3.4.4 idna-3.11 jeepney-0.9.0 lz4-4.4.5 pycryptodomex-3.23.0 requests-2.32.5 scratchattach-2.1.15b0 soupsieve-2.8.3 typing-extensions-4.15.0 urllib3-2.6.3 websocket-client-1.9.0
2026-01-23T03:45:15.5250156Z ##[group]Run actions/checkout@v6.0.1
2026-01-23T03:45:15.5250432Z with:
2026-01-23T03:45:15.5250598Z   ref: main
2026-01-23T03:45:15.5250777Z   repository: Boss-1s/scratchattach
2026-01-23T03:45:15.5251131Z   token: ***
2026-01-23T03:45:15.5251306Z   ssh-strict: true
2026-01-23T03:45:15.5251487Z   ssh-user: git
2026-01-23T03:45:15.5251674Z   persist-credentials: true
2026-01-23T03:45:15.5251888Z   clean: true
2026-01-23T03:45:15.5252081Z   sparse-checkout-cone-mode: true
2026-01-23T03:45:15.5252313Z   fetch-depth: 1
2026-01-23T03:45:15.5252488Z   fetch-tags: false
2026-01-23T03:45:15.5252672Z   show-progress: true
2026-01-23T03:45:15.5252852Z   lfs: false
2026-01-23T03:45:15.5253017Z   submodules: false
2026-01-23T03:45:15.5253204Z   set-safe-directory: true
2026-01-23T03:45:15.5253402Z env:
2026-01-23T03:45:15.5253630Z   pythonLocation: /opt/hostedtoolcache/Python/3.13.11/x64
2026-01-23T03:45:15.5254224Z   PKG_CONFIG_PATH: /opt/hostedtoolcache/Python/3.13.11/x64/lib/pkgconfig
2026-01-23T03:45:15.5254713Z   Python_ROOT_DIR: /opt/hostedtoolcache/Python/3.13.11/x64
2026-01-23T03:45:15.5255236Z   Python2_ROOT_DIR: /opt/hostedtoolcache/Python/3.13.11/x64
2026-01-23T03:45:15.5255597Z   Python3_ROOT_DIR: /opt/hostedtoolcache/Python/3.13.11/x64
2026-01-23T03:45:15.5255959Z   LD_LIBRARY_PATH: /opt/hostedtoolcache/Python/3.13.11/x64/lib
2026-01-23T03:45:15.5256250Z ##[endgroup]
2026-01-23T03:45:15.6009515Z Syncing repository: Boss-1s/scratchattach
2026-01-23T03:45:15.6010389Z ##[group]Getting Git version info
2026-01-23T03:45:15.6011040Z Working directory is '/home/runner/work/scratchattach/scratchattach'
2026-01-23T03:45:15.6044126Z [command]/usr/bin/git version
2026-01-23T03:45:15.6079334Z git version 2.52.0
2026-01-23T03:45:15.6099881Z ##[endgroup]
2026-01-23T03:45:15.6114333Z Temporarily overriding HOME='/home/runner/work/_temp/ff808568-62e3-41a9-86b7-58c31c141641' before making global git config changes
2026-01-23T03:45:15.6115793Z Adding repository directory to the temporary git global config as a safe directory
2026-01-23T03:45:15.6119431Z [command]/usr/bin/git config --global --add safe.directory /home/runner/work/scratchattach/scratchattach
2026-01-23T03:45:15.6156309Z [command]/usr/bin/git config --local --get remote.origin.url
2026-01-23T03:45:15.6176977Z https://github.com/Boss-1s/scratchattach
2026-01-23T03:45:15.6189570Z ##[group]Removing previously created refs, to avoid conflicts
2026-01-23T03:45:15.6193227Z [command]/usr/bin/git rev-parse --symbolic-full-name --verify --quiet HEAD
2026-01-23T03:45:15.6214066Z refs/heads/main
2026-01-23T03:45:15.6223654Z [command]/usr/bin/git checkout --detach
2026-01-23T03:45:15.7437643Z HEAD is now at 2595694 [BOT] Download Logs
2026-01-23T03:45:15.7485101Z [command]/usr/bin/git branch --delete --force main
2026-01-23T03:45:15.7510376Z Deleted branch main (was 2595694).
2026-01-23T03:45:15.7544381Z ##[endgroup]
2026-01-23T03:45:15.7548204Z [command]/usr/bin/git submodule status
2026-01-23T03:45:15.7770389Z ##[group]Cleaning the repository
2026-01-23T03:45:15.7774425Z [command]/usr/bin/git clean -ffdx
2026-01-23T03:45:15.7828113Z [command]/usr/bin/git reset --hard HEAD
2026-01-23T03:45:15.7942256Z HEAD is now at 2595694 [BOT] Download Logs
2026-01-23T03:45:15.7947911Z ##[endgroup]
2026-01-23T03:45:15.7949512Z ##[group]Disabling automatic garbage collection
2026-01-23T03:45:15.7953966Z [command]/usr/bin/git config --local gc.auto 0
2026-01-23T03:45:15.7980051Z ##[endgroup]
2026-01-23T03:45:15.7980636Z ##[group]Setting up auth
2026-01-23T03:45:15.7981869Z Removing SSH command configuration
2026-01-23T03:45:15.7988347Z [command]/usr/bin/git config --local --name-only --get-regexp core\.sshCommand
2026-01-23T03:45:15.8018428Z [command]/usr/bin/git submodule foreach --recursive sh -c "git config --local --name-only --get-regexp 'core\.sshCommand' && git config --local --unset-all 'core.sshCommand' || :"
2026-01-23T03:45:15.8251375Z Removing HTTP extra header
2026-01-23T03:45:15.8258109Z [command]/usr/bin/git config --local --name-only --get-regexp http\.https\:\/\/github\.com\/\.extraheader
2026-01-23T03:45:15.8293360Z [command]/usr/bin/git submodule foreach --recursive sh -c "git config --local --name-only --get-regexp 'http\.https\:\/\/github\.com\/\.extraheader' && git config --local --unset-all 'http.https://github.com/.extraheader' || :"
2026-01-23T03:45:15.8517542Z Removing includeIf entries pointing to credentials config files
2026-01-23T03:45:15.8523494Z [command]/usr/bin/git config --local --name-only --get-regexp ^includeIf\.gitdir:
2026-01-23T03:45:15.8553060Z includeif.gitdir:/home/runner/work/scratchattach/scratchattach/.git.path
2026-01-23T03:45:15.8554026Z includeif.gitdir:/home/runner/work/scratchattach/scratchattach/.git/worktrees/*.path
2026-01-23T03:45:15.8554564Z includeif.gitdir:/github/workspace/.git.path
2026-01-23T03:45:15.8555122Z includeif.gitdir:/github/workspace/.git/worktrees/*.path
2026-01-23T03:45:15.8561458Z [command]/usr/bin/git config --local --get-all includeif.gitdir:/home/runner/work/scratchattach/scratchattach/.git.path
2026-01-23T03:45:15.8581439Z /home/runner/work/_temp/git-credentials-321de75f-30ff-4b8d-af43-8912a44b419c.config
2026-01-23T03:45:15.8591050Z [command]/usr/bin/git config --local --unset includeif.gitdir:/home/runner/work/scratchattach/scratchattach/.git.path /home/runner/work/_temp/git-credentials-321de75f-30ff-4b8d-af43-8912a44b419c.config
2026-01-23T03:45:15.8622433Z [command]/usr/bin/git config --local --get-all includeif.gitdir:/home/runner/work/scratchattach/scratchattach/.git/worktrees/*.path
2026-01-23T03:45:15.8642343Z /home/runner/work/_temp/git-credentials-321de75f-30ff-4b8d-af43-8912a44b419c.config
2026-01-23T03:45:15.8649908Z [command]/usr/bin/git config --local --unset includeif.gitdir:/home/runner/work/scratchattach/scratchattach/.git/worktrees/*.path /home/runner/work/_temp/git-credentials-321de75f-30ff-4b8d-af43-8912a44b419c.config
2026-01-23T03:45:15.8678439Z [command]/usr/bin/git config --local --get-all includeif.gitdir:/github/workspace/.git.path
2026-01-23T03:45:15.8698065Z /github/runner_temp/git-credentials-321de75f-30ff-4b8d-af43-8912a44b419c.config
2026-01-23T03:45:15.8705262Z [command]/usr/bin/git config --local --unset includeif.gitdir:/github/workspace/.git.path /github/runner_temp/git-credentials-321de75f-30ff-4b8d-af43-8912a44b419c.config
2026-01-23T03:45:15.8736718Z [command]/usr/bin/git config --local --get-all includeif.gitdir:/github/workspace/.git/worktrees/*.path
2026-01-23T03:45:15.8758118Z /github/runner_temp/git-credentials-321de75f-30ff-4b8d-af43-8912a44b419c.config
2026-01-23T03:45:15.8767194Z [command]/usr/bin/git config --local --unset includeif.gitdir:/github/workspace/.git/worktrees/*.path /github/runner_temp/git-credentials-321de75f-30ff-4b8d-af43-8912a44b419c.config
2026-01-23T03:45:15.8802211Z [command]/usr/bin/git submodule foreach --recursive git config --local --show-origin --name-only --get-regexp remote.origin.url
2026-01-23T03:45:15.9030777Z Removing credentials config '/home/runner/work/_temp/git-credentials-321de75f-30ff-4b8d-af43-8912a44b419c.config'
2026-01-23T03:45:15.9045917Z [command]/usr/bin/git config --file /home/runner/work/_temp/git-credentials-933ed567-ef21-4986-82cd-c1a6e207ed41.config http.https://github.com/.extraheader AUTHORIZATION: basic ***
2026-01-23T03:45:15.9086938Z [command]/usr/bin/git config --local includeIf.gitdir:/home/runner/work/scratchattach/scratchattach/.git.path /home/runner/work/_temp/git-credentials-933ed567-ef21-4986-82cd-c1a6e207ed41.config
2026-01-23T03:45:15.9119277Z [command]/usr/bin/git config --local includeIf.gitdir:/home/runner/work/scratchattach/scratchattach/.git/worktrees/*.path /home/runner/work/_temp/git-credentials-933ed567-ef21-4986-82cd-c1a6e207ed41.config
2026-01-23T03:45:15.9151371Z [command]/usr/bin/git config --local includeIf.gitdir:/github/workspace/.git.path /github/runner_temp/git-credentials-933ed567-ef21-4986-82cd-c1a6e207ed41.config
2026-01-23T03:45:15.9181899Z [command]/usr/bin/git config --local includeIf.gitdir:/github/workspace/.git/worktrees/*.path /github/runner_temp/git-credentials-933ed567-ef21-4986-82cd-c1a6e207ed41.config
2026-01-23T03:45:15.9207696Z ##[endgroup]
2026-01-23T03:45:15.9208104Z ##[group]Fetching the repository
2026-01-23T03:45:15.9218085Z [command]/usr/bin/git -c protocol.version=2 fetch --no-tags --prune --no-recurse-submodules --depth=1 origin +refs/heads/main*:refs/remotes/origin/main* +refs/tags/main*:refs/tags/main*
2026-01-23T03:45:16.0937285Z ##[endgroup]
2026-01-23T03:45:16.0937923Z ##[group]Determining the checkout info
2026-01-23T03:45:16.0944467Z [command]/usr/bin/git branch --list --remote origin/main
2026-01-23T03:45:16.0971764Z   origin/main
2026-01-23T03:45:16.0976140Z ##[endgroup]
2026-01-23T03:45:16.0980644Z [command]/usr/bin/git sparse-checkout disable
2026-01-23T03:45:16.1042705Z [command]/usr/bin/git config --local --unset-all extensions.worktreeConfig
2026-01-23T03:45:16.1075778Z ##[group]Checking out the ref
2026-01-23T03:45:16.1079194Z [command]/usr/bin/git checkout --progress --force -B main refs/remotes/origin/main
2026-01-23T03:45:16.1177088Z Switched to a new branch 'main'
2026-01-23T03:45:16.1179127Z branch 'main' set up to track 'origin/main'.
2026-01-23T03:45:16.1186158Z ##[endgroup]
2026-01-23T03:45:16.1231803Z [command]/usr/bin/git log -1 --format=%H
2026-01-23T03:45:16.1254588Z 2595694fdf6aca6b98feee15dbed4110eda32731
2026-01-23T03:45:16.1371183Z ##[group]Run python3 aesthetic_prioritizing.py
2026-01-23T03:45:16.1371538Z [36;1mpython3 aesthetic_prioritizing.py[0m
2026-01-23T03:45:16.1404251Z shell: /usr/bin/bash -e {0}
2026-01-23T03:45:16.1404476Z env:
2026-01-23T03:45:16.1404726Z   pythonLocation: /opt/hostedtoolcache/Python/3.13.11/x64
2026-01-23T03:45:16.1405382Z   PKG_CONFIG_PATH: /opt/hostedtoolcache/Python/3.13.11/x64/lib/pkgconfig
2026-01-23T03:45:16.1405787Z   Python_ROOT_DIR: /opt/hostedtoolcache/Python/3.13.11/x64
2026-01-23T03:45:16.1406146Z   Python2_ROOT_DIR: /opt/hostedtoolcache/Python/3.13.11/x64
2026-01-23T03:45:16.1406533Z   Python3_ROOT_DIR: /opt/hostedtoolcache/Python/3.13.11/x64
2026-01-23T03:45:16.1406921Z   LD_LIBRARY_PATH: /opt/hostedtoolcache/Python/3.13.11/x64/lib
2026-01-23T03:45:16.1407351Z   PASS: ***
2026-01-23T03:45:16.1407568Z ##[endgroup]
2026-01-23T03:45:16.9579383Z Prioritizing: Attempt 1
2026-01-23T03:45:16.9586286Z Projects already on top. No prioritizing needed.
2026-01-23T03:45:16.9592721Z Prioritized projects in your favorite list.
2026-01-23T03:45:16.9594390Z Warning: For methods that require authentication, use session.connect_user instead of get_user
2026-01-23T03:45:16.9944557Z Post job cleanup.
2026-01-23T03:45:17.0724391Z [command]/usr/bin/git version
2026-01-23T03:45:17.0759799Z git version 2.52.0
2026-01-23T03:45:17.0798263Z Temporarily overriding HOME='/home/runner/work/_temp/0c08e5d9-fbda-44a6-a3ff-3a15e5b36ba8' before making global git config changes
2026-01-23T03:45:17.0799573Z Adding repository directory to the temporary git global config as a safe directory
2026-01-23T03:45:17.0804164Z [command]/usr/bin/git config --global --add safe.directory /home/runner/work/scratchattach/scratchattach
2026-01-23T03:45:17.0835393Z Removing SSH command configuration
2026-01-23T03:45:17.0841753Z [command]/usr/bin/git config --local --name-only --get-regexp core\.sshCommand
2026-01-23T03:45:17.0875064Z [command]/usr/bin/git submodule foreach --recursive sh -c "git config --local --name-only --get-regexp 'core\.sshCommand' && git config --local --unset-all 'core.sshCommand' || :"
2026-01-23T03:45:17.1103758Z Removing HTTP extra header
2026-01-23T03:45:17.1108964Z [command]/usr/bin/git config --local --name-only --get-regexp http\.https\:\/\/github\.com\/\.extraheader
2026-01-23T03:45:17.1140411Z [command]/usr/bin/git submodule foreach --recursive sh -c "git config --local --name-only --get-regexp 'http\.https\:\/\/github\.com\/\.extraheader' && git config --local --unset-all 'http.https://github.com/.extraheader' || :"
2026-01-23T03:45:17.1360753Z Removing includeIf entries pointing to credentials config files
2026-01-23T03:45:17.1366969Z [command]/usr/bin/git config --local --name-only --get-regexp ^includeIf\.gitdir:
2026-01-23T03:45:17.1388692Z includeif.gitdir:/home/runner/work/scratchattach/scratchattach/.git.path
2026-01-23T03:45:17.1389476Z includeif.gitdir:/home/runner/work/scratchattach/scratchattach/.git/worktrees/*.path
2026-01-23T03:45:17.1390288Z includeif.gitdir:/github/workspace/.git.path
2026-01-23T03:45:17.1390896Z includeif.gitdir:/github/workspace/.git/worktrees/*.path
2026-01-23T03:45:17.1398621Z [command]/usr/bin/git config --local --get-all includeif.gitdir:/home/runner/work/scratchattach/scratchattach/.git.path
2026-01-23T03:45:17.1419399Z /home/runner/work/_temp/git-credentials-933ed567-ef21-4986-82cd-c1a6e207ed41.config
2026-01-23T03:45:17.1429430Z [command]/usr/bin/git config --local --unset includeif.gitdir:/home/runner/work/scratchattach/scratchattach/.git.path /home/runner/work/_temp/git-credentials-933ed567-ef21-4986-82cd-c1a6e207ed41.config
2026-01-23T03:45:17.1461416Z [command]/usr/bin/git config --local --get-all includeif.gitdir:/home/runner/work/scratchattach/scratchattach/.git/worktrees/*.path
2026-01-23T03:45:17.1481553Z /home/runner/work/_temp/git-credentials-933ed567-ef21-4986-82cd-c1a6e207ed41.config
2026-01-23T03:45:17.1490529Z [command]/usr/bin/git config --local --unset includeif.gitdir:/home/runner/work/scratchattach/scratchattach/.git/worktrees/*.path /home/runner/work/_temp/git-credentials-933ed567-ef21-4986-82cd-c1a6e207ed41.config
2026-01-23T03:45:17.1520240Z [command]/usr/bin/git config --local --get-all includeif.gitdir:/github/workspace/.git.path
2026-01-23T03:45:17.1539967Z /github/runner_temp/git-credentials-933ed567-ef21-4986-82cd-c1a6e207ed41.config
2026-01-23T03:45:17.1547952Z [command]/usr/bin/git config --local --unset includeif.gitdir:/github/workspace/.git.path /github/runner_temp/git-credentials-933ed567-ef21-4986-82cd-c1a6e207ed41.config
2026-01-23T03:45:17.1576589Z [command]/usr/bin/git config --local --get-all includeif.gitdir:/github/workspace/.git/worktrees/*.path
2026-01-23T03:45:17.1595860Z /github/runner_temp/git-credentials-933ed567-ef21-4986-82cd-c1a6e207ed41.config
2026-01-23T03:45:17.1604122Z [command]/usr/bin/git config --local --unset includeif.gitdir:/github/workspace/.git/worktrees/*.path /github/runner_temp/git-credentials-933ed567-ef21-4986-82cd-c1a6e207ed41.config
2026-01-23T03:45:17.1633974Z [command]/usr/bin/git submodule foreach --recursive git config --local --show-origin --name-only --get-regexp remote.origin.url
2026-01-23T03:45:17.1849516Z Removing credentials config '/home/runner/work/_temp/git-credentials-933ed567-ef21-4986-82cd-c1a6e207ed41.config'
2026-01-23T03:45:17.1970423Z Post job cleanup.
2026-01-23T03:45:17.3181024Z (node:2539) [DEP0040] DeprecationWarning: The `punycode` module is deprecated. Please use a userland alternative instead.
2026-01-23T03:45:17.3182262Z (Use `node --trace-deprecation ...` to show where the warning was created)
2026-01-23T03:45:17.3331190Z Post job cleanup.
2026-01-23T03:45:17.4088739Z [command]/usr/bin/git version
2026-01-23T03:45:17.4123374Z git version 2.52.0
2026-01-23T03:45:17.4159826Z Temporarily overriding HOME='/home/runner/work/_temp/54b02e25-e322-4f8b-ae8f-25f6fcb33b9d' before making global git config changes
2026-01-23T03:45:17.4161151Z Adding repository directory to the temporary git global config as a safe directory
2026-01-23T03:45:17.4165812Z [command]/usr/bin/git config --global --add safe.directory /home/runner/work/scratchattach/scratchattach
2026-01-23T03:45:17.4195257Z Removing SSH command configuration
2026-01-23T03:45:17.4201093Z [command]/usr/bin/git config --local --name-only --get-regexp core\.sshCommand
2026-01-23T03:45:17.4257218Z [command]/usr/bin/git submodule foreach --recursive sh -c "git config --local --name-only --get-regexp 'core\.sshCommand' && git config --local --unset-all 'core.sshCommand' || :"
2026-01-23T03:45:17.4477547Z Removing HTTP extra header
2026-01-23T03:45:17.4482779Z [command]/usr/bin/git config --local --name-only --get-regexp http\.https\:\/\/github\.com\/\.extraheader
2026-01-23T03:45:17.4514080Z [command]/usr/bin/git submodule foreach --recursive sh -c "git config --local --name-only --get-regexp 'http\.https\:\/\/github\.com\/\.extraheader' && git config --local --unset-all 'http.https://github.com/.extraheader' || :"
2026-01-23T03:45:17.4729664Z Removing includeIf entries pointing to credentials config files
2026-01-23T03:45:17.4735228Z [command]/usr/bin/git config --local --name-only --get-regexp ^includeIf\.gitdir:
2026-01-23T03:45:17.4764001Z [command]/usr/bin/git submodule foreach --recursive git config --local --show-origin --name-only --get-regexp remote.origin.url
2026-01-23T03:45:17.5093755Z Cleaning up orphan processes
