2026-02-11T02:33:34.6462187Z Current runner version: '2.331.0'
2026-02-11T02:33:34.6487423Z ##[group]Runner Image Provisioner
2026-02-11T02:33:34.6488234Z Hosted Compute Agent
2026-02-11T02:33:34.6489012Z Version: 20260123.484
2026-02-11T02:33:34.6489658Z Commit: 6bd6555ca37d84114959e1c76d2c01448ff61c5d
2026-02-11T02:33:34.6490363Z Build Date: 2026-01-23T19:41:17Z
2026-02-11T02:33:34.6491024Z Worker ID: {67c216a7-a9e6-4665-9bf6-77230fb266c4}
2026-02-11T02:33:34.6491759Z Azure Region: westus
2026-02-11T02:33:34.6492286Z ##[endgroup]
2026-02-11T02:33:34.6493679Z ##[group]Operating System
2026-02-11T02:33:34.6494286Z Ubuntu
2026-02-11T02:33:34.6494715Z 24.04.3
2026-02-11T02:33:34.6495214Z LTS
2026-02-11T02:33:34.6495721Z ##[endgroup]
2026-02-11T02:33:34.6496182Z ##[group]Runner Image
2026-02-11T02:33:34.6496770Z Image: ubuntu-24.04
2026-02-11T02:33:34.6497296Z Version: 20260201.15.1
2026-02-11T02:33:34.6498408Z Included Software: https://github.com/actions/runner-images/blob/ubuntu24/20260201.15/images/ubuntu/Ubuntu2404-Readme.md
2026-02-11T02:33:34.6500137Z Image Release: https://github.com/actions/runner-images/releases/tag/ubuntu24%2F20260201.15
2026-02-11T02:33:34.6501032Z ##[endgroup]
2026-02-11T02:33:34.6503793Z ##[group]GITHUB_TOKEN Permissions
2026-02-11T02:33:34.6505690Z Actions: write
2026-02-11T02:33:34.6506363Z ArtifactMetadata: write
2026-02-11T02:33:34.6506952Z Attestations: write
2026-02-11T02:33:34.6507436Z Checks: write
2026-02-11T02:33:34.6507962Z Contents: write
2026-02-11T02:33:34.6508484Z Deployments: write
2026-02-11T02:33:34.6509146Z Discussions: write
2026-02-11T02:33:34.6509736Z Issues: write
2026-02-11T02:33:34.6510202Z Metadata: read
2026-02-11T02:33:34.6510691Z Models: read
2026-02-11T02:33:34.6511203Z Packages: write
2026-02-11T02:33:34.6511678Z Pages: write
2026-02-11T02:33:34.6512257Z PullRequests: write
2026-02-11T02:33:34.6512866Z RepositoryProjects: write
2026-02-11T02:33:34.6513415Z SecurityEvents: write
2026-02-11T02:33:34.6513932Z Statuses: write
2026-02-11T02:33:34.6514473Z ##[endgroup]
2026-02-11T02:33:34.6516453Z Secret source: Actions
2026-02-11T02:33:34.6517215Z Prepare workflow directory
2026-02-11T02:33:34.6831655Z Prepare all required actions
2026-02-11T02:33:34.6868212Z Getting action download info
2026-02-11T02:33:35.1314905Z Download action repository 'actions/checkout@v6.0.2' (SHA:de0fac2e4500dabe0009e67214ff5f5447ce83dd)
2026-02-11T02:33:35.2309399Z Download action repository 'actions/setup-python@v6.2.0' (SHA:a309ff8b426b58ec0e2a45f0f869d46889d02405)
2026-02-11T02:33:36.4109018Z Complete job name: Run 1
2026-02-11T02:33:36.4835488Z ##[group]Run actions/checkout@v6.0.2
2026-02-11T02:33:36.4836450Z with:
2026-02-11T02:33:36.4836873Z   ref: main
2026-02-11T02:33:36.4837324Z   repository: Boss-1s/scratchattach
2026-02-11T02:33:36.4838063Z   token: ***
2026-02-11T02:33:36.4838500Z   ssh-strict: true
2026-02-11T02:33:36.4839452Z   ssh-user: git
2026-02-11T02:33:36.4839977Z   persist-credentials: true
2026-02-11T02:33:36.4840493Z   clean: true
2026-02-11T02:33:36.4840955Z   sparse-checkout-cone-mode: true
2026-02-11T02:33:36.4841542Z   fetch-depth: 1
2026-02-11T02:33:36.4841990Z   fetch-tags: false
2026-02-11T02:33:36.4842450Z   show-progress: true
2026-02-11T02:33:36.4842926Z   lfs: false
2026-02-11T02:33:36.4843360Z   submodules: false
2026-02-11T02:33:36.4843816Z   set-safe-directory: true
2026-02-11T02:33:36.4844654Z ##[endgroup]
2026-02-11T02:33:36.5786116Z Syncing repository: Boss-1s/scratchattach
2026-02-11T02:33:36.5788208Z ##[group]Getting Git version info
2026-02-11T02:33:36.5789630Z Working directory is '/home/runner/work/scratchattach/scratchattach'
2026-02-11T02:33:36.5790835Z [command]/usr/bin/git version
2026-02-11T02:33:36.5834668Z git version 2.52.0
2026-02-11T02:33:36.5859384Z ##[endgroup]
2026-02-11T02:33:36.5875028Z Temporarily overriding HOME='/home/runner/work/_temp/ad7463c8-afd0-4bb7-a81b-c0e78db5986b' before making global git config changes
2026-02-11T02:33:36.5877809Z Adding repository directory to the temporary git global config as a safe directory
2026-02-11T02:33:36.5881233Z [command]/usr/bin/git config --global --add safe.directory /home/runner/work/scratchattach/scratchattach
2026-02-11T02:33:36.5921181Z Deleting the contents of '/home/runner/work/scratchattach/scratchattach'
2026-02-11T02:33:36.5924847Z ##[group]Initializing the repository
2026-02-11T02:33:36.5930137Z [command]/usr/bin/git init /home/runner/work/scratchattach/scratchattach
2026-02-11T02:33:36.6016357Z hint: Using 'master' as the name for the initial branch. This default branch name
2026-02-11T02:33:36.6017695Z hint: will change to "main" in Git 3.0. To configure the initial branch name
2026-02-11T02:33:36.6019580Z hint: to use in all of your new repositories, which will suppress this warning,
2026-02-11T02:33:36.6020564Z hint: call:
2026-02-11T02:33:36.6021367Z hint:
2026-02-11T02:33:36.6022448Z hint: 	git config --global init.defaultBranch <name>
2026-02-11T02:33:36.6023813Z hint:
2026-02-11T02:33:36.6025075Z hint: Names commonly chosen instead of 'master' are 'main', 'trunk' and
2026-02-11T02:33:36.6027050Z hint: 'development'. The just-created branch can be renamed via this command:
2026-02-11T02:33:36.6028533Z hint:
2026-02-11T02:33:36.6029661Z hint: 	git branch -m <name>
2026-02-11T02:33:36.6030694Z hint:
2026-02-11T02:33:36.6032082Z hint: Disable this message with "git config set advice.defaultBranchName false"
2026-02-11T02:33:36.6034241Z Initialized empty Git repository in /home/runner/work/scratchattach/scratchattach/.git/
2026-02-11T02:33:36.6037316Z [command]/usr/bin/git remote add origin https://github.com/Boss-1s/scratchattach
2026-02-11T02:33:36.6067911Z ##[endgroup]
2026-02-11T02:33:36.6069600Z ##[group]Disabling automatic garbage collection
2026-02-11T02:33:36.6072086Z [command]/usr/bin/git config --local gc.auto 0
2026-02-11T02:33:36.6100046Z ##[endgroup]
2026-02-11T02:33:36.6101562Z ##[group]Setting up auth
2026-02-11T02:33:36.6102747Z Removing SSH command configuration
2026-02-11T02:33:36.6108142Z [command]/usr/bin/git config --local --name-only --get-regexp core\.sshCommand
2026-02-11T02:33:36.6140022Z [command]/usr/bin/git submodule foreach --recursive sh -c "git config --local --name-only --get-regexp 'core\.sshCommand' && git config --local --unset-all 'core.sshCommand' || :"
2026-02-11T02:33:36.6476720Z Removing HTTP extra header
2026-02-11T02:33:36.6483174Z [command]/usr/bin/git config --local --name-only --get-regexp http\.https\:\/\/github\.com\/\.extraheader
2026-02-11T02:33:36.6515345Z [command]/usr/bin/git submodule foreach --recursive sh -c "git config --local --name-only --get-regexp 'http\.https\:\/\/github\.com\/\.extraheader' && git config --local --unset-all 'http.https://github.com/.extraheader' || :"
2026-02-11T02:33:36.6730109Z Removing includeIf entries pointing to credentials config files
2026-02-11T02:33:36.6735162Z [command]/usr/bin/git config --local --name-only --get-regexp ^includeIf\.gitdir:
2026-02-11T02:33:36.6766350Z [command]/usr/bin/git submodule foreach --recursive git config --local --show-origin --name-only --get-regexp remote.origin.url
2026-02-11T02:33:36.6988418Z [command]/usr/bin/git config --file /home/runner/work/_temp/git-credentials-07e90a06-4477-4cb1-9c51-6f55f6419f52.config http.https://github.com/.extraheader AUTHORIZATION: basic ***
2026-02-11T02:33:36.7024584Z [command]/usr/bin/git config --local includeIf.gitdir:/home/runner/work/scratchattach/scratchattach/.git.path /home/runner/work/_temp/git-credentials-07e90a06-4477-4cb1-9c51-6f55f6419f52.config
2026-02-11T02:33:36.7055950Z [command]/usr/bin/git config --local includeIf.gitdir:/home/runner/work/scratchattach/scratchattach/.git/worktrees/*.path /home/runner/work/_temp/git-credentials-07e90a06-4477-4cb1-9c51-6f55f6419f52.config
2026-02-11T02:33:36.7085891Z [command]/usr/bin/git config --local includeIf.gitdir:/github/workspace/.git.path /github/runner_temp/git-credentials-07e90a06-4477-4cb1-9c51-6f55f6419f52.config
2026-02-11T02:33:36.7119827Z [command]/usr/bin/git config --local includeIf.gitdir:/github/workspace/.git/worktrees/*.path /github/runner_temp/git-credentials-07e90a06-4477-4cb1-9c51-6f55f6419f52.config
2026-02-11T02:33:36.7146889Z ##[endgroup]
2026-02-11T02:33:36.7148344Z ##[group]Fetching the repository
2026-02-11T02:33:36.7158361Z [command]/usr/bin/git -c protocol.version=2 fetch --no-tags --prune --no-recurse-submodules --depth=1 origin +refs/heads/main*:refs/remotes/origin/main* +refs/tags/main*:refs/tags/main*
2026-02-11T02:34:12.3796870Z From https://github.com/Boss-1s/scratchattach
2026-02-11T02:34:12.3797650Z  * [new branch]      main       -> origin/main
2026-02-11T02:34:12.3833331Z ##[endgroup]
2026-02-11T02:34:12.3834159Z ##[group]Determining the checkout info
2026-02-11T02:34:12.3839722Z [command]/usr/bin/git branch --list --remote origin/main
2026-02-11T02:34:12.3897651Z   origin/main
2026-02-11T02:34:12.3902723Z ##[endgroup]
2026-02-11T02:34:12.3907756Z [command]/usr/bin/git sparse-checkout disable
2026-02-11T02:34:12.3948730Z [command]/usr/bin/git config --local --unset-all extensions.worktreeConfig
2026-02-11T02:34:12.3975961Z ##[group]Checking out the ref
2026-02-11T02:34:12.3980614Z [command]/usr/bin/git checkout --progress --force -B main refs/remotes/origin/main
2026-02-11T02:34:13.5828374Z Updating files:  74% (2610/3490)
2026-02-11T02:34:13.9540444Z Updating files:  75% (2618/3490)
2026-02-11T02:34:14.1063480Z Updating files:  76% (2653/3490)
2026-02-11T02:34:14.1106471Z Updating files:  77% (2688/3490)
2026-02-11T02:34:14.3152654Z Updating files:  78% (2723/3490)
2026-02-11T02:34:14.3183210Z Updating files:  79% (2758/3490)
2026-02-11T02:34:14.4181429Z Updating files:  80% (2792/3490)
2026-02-11T02:34:14.8516943Z Updating files:  80% (2807/3490)
2026-02-11T02:34:15.1625202Z Updating files:  81% (2827/3490)
2026-02-11T02:34:15.4089113Z Updating files:  82% (2862/3490)
2026-02-11T02:34:15.5071104Z Updating files:  82% (2886/3490)
2026-02-11T02:34:15.7321542Z Updating files:  83% (2897/3490)
2026-02-11T02:34:15.9365533Z Updating files:  84% (2932/3490)
2026-02-11T02:34:16.4114953Z Updating files:  85% (2967/3490)
2026-02-11T02:34:16.5319360Z Updating files:  85% (2993/3490)
2026-02-11T02:34:17.3736863Z Updating files:  86% (3002/3490)
2026-02-11T02:34:17.4334006Z Updating files:  87% (3037/3490)
2026-02-11T02:34:17.9570736Z Updating files:  87% (3038/3490)
2026-02-11T02:34:18.4060862Z Updating files:  88% (3072/3490)
2026-02-11T02:34:18.5974532Z Updating files:  88% (3100/3490)
2026-02-11T02:34:19.2362483Z Updating files:  89% (3107/3490)
2026-02-11T02:34:19.4177424Z Updating files:  90% (3141/3490)
2026-02-11T02:34:19.8010198Z Updating files:  90% (3154/3490)
2026-02-11T02:34:19.8933179Z Updating files:  91% (3176/3490)
2026-02-11T02:34:19.9122789Z Updating files:  92% (3211/3490)
2026-02-11T02:34:19.9331367Z Updating files:  93% (3246/3490)
2026-02-11T02:34:19.9421323Z Updating files:  94% (3281/3490)
2026-02-11T02:34:19.9920189Z Updating files:  95% (3316/3490)
2026-02-11T02:34:20.4799601Z Updating files:  96% (3351/3490)
2026-02-11T02:34:20.6843050Z Updating files:  96% (3370/3490)
2026-02-11T02:34:21.1517535Z Updating files:  97% (3386/3490)
2026-02-11T02:34:21.3011166Z Updating files:  98% (3421/3490)
2026-02-11T02:34:21.4017328Z Updating files:  99% (3456/3490)
2026-02-11T02:34:21.4018156Z Updating files: 100% (3490/3490)
2026-02-11T02:34:21.4019056Z Updating files: 100% (3490/3490), done.
2026-02-11T02:34:21.4746575Z Switched to a new branch 'main'
2026-02-11T02:34:21.4747316Z branch 'main' set up to track 'origin/main'.
2026-02-11T02:34:21.4946893Z ##[endgroup]
2026-02-11T02:34:21.4992304Z [command]/usr/bin/git log -1 --format=%H
2026-02-11T02:34:21.5022811Z 080674f818e7a28b602b9f4826fc5de4d6c7cae4
2026-02-11T02:34:21.5257838Z ##[group]Run actions/setup-python@v6.2.0
2026-02-11T02:34:21.5258125Z with:
2026-02-11T02:34:21.5258306Z   python-version: 3.13
2026-02-11T02:34:21.5258501Z   check-latest: false
2026-02-11T02:34:21.5258994Z   token: ***
2026-02-11T02:34:21.5259189Z   update-environment: true
2026-02-11T02:34:21.5259405Z   allow-prereleases: false
2026-02-11T02:34:21.5259610Z   freethreaded: false
2026-02-11T02:34:21.5259798Z ##[endgroup]
2026-02-11T02:34:21.6509325Z ##[group]Installed versions
2026-02-11T02:34:21.6615383Z Successfully set up CPython (3.13.11)
2026-02-11T02:34:21.6616089Z ##[endgroup]
2026-02-11T02:34:21.6723299Z ##[group]Run pip install -r requirements.txt
2026-02-11T02:34:21.6723666Z [36;1mpip install -r requirements.txt[0m
2026-02-11T02:34:21.6770640Z shell: /usr/bin/bash -e {0}
2026-02-11T02:34:21.6770873Z env:
2026-02-11T02:34:21.6771118Z   pythonLocation: /opt/hostedtoolcache/Python/3.13.11/x64
2026-02-11T02:34:21.6771554Z   PKG_CONFIG_PATH: /opt/hostedtoolcache/Python/3.13.11/x64/lib/pkgconfig
2026-02-11T02:34:21.6771971Z   Python_ROOT_DIR: /opt/hostedtoolcache/Python/3.13.11/x64
2026-02-11T02:34:21.6772347Z   Python2_ROOT_DIR: /opt/hostedtoolcache/Python/3.13.11/x64
2026-02-11T02:34:21.6772713Z   Python3_ROOT_DIR: /opt/hostedtoolcache/Python/3.13.11/x64
2026-02-11T02:34:21.6773070Z   LD_LIBRARY_PATH: /opt/hostedtoolcache/Python/3.13.11/x64/lib
2026-02-11T02:34:21.6773364Z ##[endgroup]
2026-02-11T02:34:23.6238094Z Collecting scratchattach>=2.1.15b0 (from -r requirements.txt (line 1))
2026-02-11T02:34:23.6809452Z   Downloading scratchattach-3.0.0b2-py3-none-any.whl.metadata (5.6 kB)
2026-02-11T02:34:23.7030141Z Collecting websocket-client (from scratchattach>=2.1.15b0->-r requirements.txt (line 1))
2026-02-11T02:34:23.7064823Z   Downloading websocket_client-1.9.0-py3-none-any.whl.metadata (8.3 kB)
2026-02-11T02:34:23.7308598Z Collecting requests (from scratchattach>=2.1.15b0->-r requirements.txt (line 1))
2026-02-11T02:34:23.7344359Z   Downloading requests-2.32.5-py3-none-any.whl.metadata (4.9 kB)
2026-02-11T02:34:23.7454769Z Collecting bs4 (from scratchattach>=2.1.15b0->-r requirements.txt (line 1))
2026-02-11T02:34:23.7514639Z   Downloading bs4-0.0.2-py2.py3-none-any.whl.metadata (411 bytes)
2026-02-11T02:34:23.7619439Z Collecting SimpleWebSocketServer (from scratchattach>=2.1.15b0->-r requirements.txt (line 1))
2026-02-11T02:34:23.7671834Z   Downloading SimpleWebSocketServer-0.1.2.tar.gz (10 kB)
2026-02-11T02:34:23.7749147Z   Installing build dependencies: started
2026-02-11T02:34:24.5727615Z   Installing build dependencies: finished with status 'done'
2026-02-11T02:34:24.5733954Z   Getting requirements to build wheel: started
2026-02-11T02:34:24.9788691Z   Getting requirements to build wheel: finished with status 'done'
2026-02-11T02:34:24.9797447Z   Preparing metadata (pyproject.toml): started
2026-02-11T02:34:25.1722803Z   Preparing metadata (pyproject.toml): finished with status 'done'
2026-02-11T02:34:25.1869028Z Collecting typing-extensions (from scratchattach>=2.1.15b0->-r requirements.txt (line 1))
2026-02-11T02:34:25.1905116Z   Downloading typing_extensions-4.15.0-py3-none-any.whl.metadata (3.3 kB)
2026-02-11T02:34:25.2719869Z Collecting browser_cookie3 (from scratchattach>=2.1.15b0->-r requirements.txt (line 1))
2026-02-11T02:34:25.2769151Z   Downloading browser_cookie3-0.20.1-py3-none-any.whl.metadata (713 bytes)
2026-02-11T02:34:25.7394281Z Collecting aiohttp (from scratchattach>=2.1.15b0->-r requirements.txt (line 1))
2026-02-11T02:34:25.7441762Z   Downloading aiohttp-3.13.3-cp313-cp313-manylinux2014_x86_64.manylinux_2_17_x86_64.manylinux_2_28_x86_64.whl.metadata (8.1 kB)
2026-02-11T02:34:25.7807420Z Collecting rich (from scratchattach>=2.1.15b0->-r requirements.txt (line 1))
2026-02-11T02:34:25.7839531Z   Downloading rich-14.3.2-py3-none-any.whl.metadata (18 kB)
2026-02-11T02:34:25.7991026Z Collecting aiohappyeyeballs>=2.5.0 (from aiohttp->scratchattach>=2.1.15b0->-r requirements.txt (line 1))
2026-02-11T02:34:25.8022636Z   Downloading aiohappyeyeballs-2.6.1-py3-none-any.whl.metadata (5.9 kB)
2026-02-11T02:34:25.8138083Z Collecting aiosignal>=1.4.0 (from aiohttp->scratchattach>=2.1.15b0->-r requirements.txt (line 1))
2026-02-11T02:34:25.8167685Z   Downloading aiosignal-1.4.0-py3-none-any.whl.metadata (3.7 kB)
2026-02-11T02:34:25.8335056Z Collecting attrs>=17.3.0 (from aiohttp->scratchattach>=2.1.15b0->-r requirements.txt (line 1))
2026-02-11T02:34:25.8364599Z   Downloading attrs-25.4.0-py3-none-any.whl.metadata (10 kB)
2026-02-11T02:34:25.9027764Z Collecting frozenlist>=1.1.1 (from aiohttp->scratchattach>=2.1.15b0->-r requirements.txt (line 1))
2026-02-11T02:34:25.9083421Z   Downloading frozenlist-1.8.0-cp313-cp313-manylinux1_x86_64.manylinux_2_28_x86_64.manylinux_2_5_x86_64.whl.metadata (20 kB)
2026-02-11T02:34:26.1486188Z Collecting multidict<7.0,>=4.5 (from aiohttp->scratchattach>=2.1.15b0->-r requirements.txt (line 1))
2026-02-11T02:34:26.1539549Z   Downloading multidict-6.7.1-cp313-cp313-manylinux2014_x86_64.manylinux_2_17_x86_64.manylinux_2_28_x86_64.whl.metadata (5.3 kB)
2026-02-11T02:34:26.2073845Z Collecting propcache>=0.2.0 (from aiohttp->scratchattach>=2.1.15b0->-r requirements.txt (line 1))
2026-02-11T02:34:26.2112314Z   Downloading propcache-0.4.1-cp313-cp313-manylinux2014_x86_64.manylinux_2_17_x86_64.manylinux_2_28_x86_64.whl.metadata (13 kB)
2026-02-11T02:34:26.4389793Z Collecting yarl<2.0,>=1.17.0 (from aiohttp->scratchattach>=2.1.15b0->-r requirements.txt (line 1))
2026-02-11T02:34:26.4424459Z   Downloading yarl-1.22.0-cp313-cp313-manylinux2014_x86_64.manylinux_2_17_x86_64.manylinux_2_28_x86_64.whl.metadata (75 kB)
2026-02-11T02:34:26.4631817Z Collecting idna>=2.0 (from yarl<2.0,>=1.17.0->aiohttp->scratchattach>=2.1.15b0->-r requirements.txt (line 1))
2026-02-11T02:34:26.4660930Z   Downloading idna-3.11-py3-none-any.whl.metadata (8.4 kB)
2026-02-11T02:34:26.5388184Z Collecting lz4 (from browser_cookie3->scratchattach>=2.1.15b0->-r requirements.txt (line 1))
2026-02-11T02:34:26.5434151Z   Downloading lz4-4.4.5-cp313-cp313-manylinux2014_x86_64.manylinux_2_17_x86_64.manylinux_2_28_x86_64.whl.metadata (3.8 kB)
2026-02-11T02:34:26.6154136Z Collecting pycryptodomex (from browser_cookie3->scratchattach>=2.1.15b0->-r requirements.txt (line 1))
2026-02-11T02:34:26.6190440Z   Downloading pycryptodomex-3.23.0-cp37-abi3-manylinux_2_17_x86_64.manylinux2014_x86_64.whl.metadata (3.4 kB)
2026-02-11T02:34:26.6680541Z Collecting jeepney (from browser_cookie3->scratchattach>=2.1.15b0->-r requirements.txt (line 1))
2026-02-11T02:34:26.7283280Z   Downloading jeepney-0.9.0-py3-none-any.whl.metadata (1.2 kB)
2026-02-11T02:34:26.7445373Z Collecting beautifulsoup4 (from bs4->scratchattach>=2.1.15b0->-r requirements.txt (line 1))
2026-02-11T02:34:26.7918414Z   Downloading beautifulsoup4-4.14.3-py3-none-any.whl.metadata (3.8 kB)
2026-02-11T02:34:26.8083009Z Collecting soupsieve>=1.6.1 (from beautifulsoup4->bs4->scratchattach>=2.1.15b0->-r requirements.txt (line 1))
2026-02-11T02:34:26.8307018Z   Downloading soupsieve-2.8.3-py3-none-any.whl.metadata (4.6 kB)
2026-02-11T02:34:26.9076503Z Collecting charset_normalizer<4,>=2 (from requests->scratchattach>=2.1.15b0->-r requirements.txt (line 1))
2026-02-11T02:34:26.9120086Z   Downloading charset_normalizer-3.4.4-cp313-cp313-manylinux2014_x86_64.manylinux_2_17_x86_64.manylinux_2_28_x86_64.whl.metadata (37 kB)
2026-02-11T02:34:26.9389427Z Collecting urllib3<3,>=1.21.1 (from requests->scratchattach>=2.1.15b0->-r requirements.txt (line 1))
2026-02-11T02:34:26.9423351Z   Downloading urllib3-2.6.3-py3-none-any.whl.metadata (6.9 kB)
2026-02-11T02:34:26.9606536Z Collecting certifi>=2017.4.17 (from requests->scratchattach>=2.1.15b0->-r requirements.txt (line 1))
2026-02-11T02:34:26.9641925Z   Downloading certifi-2026.1.4-py3-none-any.whl.metadata (2.5 kB)
2026-02-11T02:34:26.9783556Z Collecting markdown-it-py>=2.2.0 (from rich->scratchattach>=2.1.15b0->-r requirements.txt (line 1))
2026-02-11T02:34:26.9822413Z   Downloading markdown_it_py-4.0.0-py3-none-any.whl.metadata (7.3 kB)
2026-02-11T02:34:27.0022606Z Collecting pygments<3.0.0,>=2.13.0 (from rich->scratchattach>=2.1.15b0->-r requirements.txt (line 1))
2026-02-11T02:34:27.0053968Z   Downloading pygments-2.19.2-py3-none-any.whl.metadata (2.5 kB)
2026-02-11T02:34:27.0151196Z Collecting mdurl~=0.1 (from markdown-it-py>=2.2.0->rich->scratchattach>=2.1.15b0->-r requirements.txt (line 1))
2026-02-11T02:34:27.0190801Z   Downloading mdurl-0.1.2-py3-none-any.whl.metadata (1.6 kB)
2026-02-11T02:34:27.0370390Z Downloading scratchattach-3.0.0b2-py3-none-any.whl (171 kB)
2026-02-11T02:34:27.0577006Z Downloading aiohttp-3.13.3-cp313-cp313-manylinux2014_x86_64.manylinux_2_17_x86_64.manylinux_2_28_x86_64.whl (1.7 MB)
2026-02-11T02:34:27.0717181Z    ━━━━━━━━━━━━━━━━━━━━━━━━━━━━━━━━━━━━━━━━ 1.7/1.7 MB 154.6 MB/s  0:00:00
2026-02-11T02:34:27.0753067Z Downloading multidict-6.7.1-cp313-cp313-manylinux2014_x86_64.manylinux_2_17_x86_64.manylinux_2_28_x86_64.whl (254 kB)
2026-02-11T02:34:27.0818282Z Downloading yarl-1.22.0-cp313-cp313-manylinux2014_x86_64.manylinux_2_17_x86_64.manylinux_2_28_x86_64.whl (377 kB)
2026-02-11T02:34:27.0972407Z Downloading aiohappyeyeballs-2.6.1-py3-none-any.whl (15 kB)
2026-02-11T02:34:27.1021579Z Downloading aiosignal-1.4.0-py3-none-any.whl (7.5 kB)
2026-02-11T02:34:27.1069112Z Downloading attrs-25.4.0-py3-none-any.whl (67 kB)
2026-02-11T02:34:27.1121289Z Downloading frozenlist-1.8.0-cp313-cp313-manylinux1_x86_64.manylinux_2_28_x86_64.manylinux_2_5_x86_64.whl (234 kB)
2026-02-11T02:34:27.1182967Z Downloading idna-3.11-py3-none-any.whl (71 kB)
2026-02-11T02:34:27.1233442Z Downloading propcache-0.4.1-cp313-cp313-manylinux2014_x86_64.manylinux_2_17_x86_64.manylinux_2_28_x86_64.whl (204 kB)
2026-02-11T02:34:27.1302902Z Downloading browser_cookie3-0.20.1-py3-none-any.whl (17 kB)
2026-02-11T02:34:27.1352172Z Downloading bs4-0.0.2-py2.py3-none-any.whl (1.2 kB)
2026-02-11T02:34:27.1406625Z Downloading beautifulsoup4-4.14.3-py3-none-any.whl (107 kB)
2026-02-11T02:34:27.1459147Z Downloading soupsieve-2.8.3-py3-none-any.whl (37 kB)
2026-02-11T02:34:27.1510936Z Downloading typing_extensions-4.15.0-py3-none-any.whl (44 kB)
2026-02-11T02:34:27.1560070Z Downloading jeepney-0.9.0-py3-none-any.whl (49 kB)
2026-02-11T02:34:27.1630449Z Downloading lz4-4.4.5-cp313-cp313-manylinux2014_x86_64.manylinux_2_17_x86_64.manylinux_2_28_x86_64.whl (1.4 MB)
2026-02-11T02:34:27.1753627Z    ━━━━━━━━━━━━━━━━━━━━━━━━━━━━━━━━━━━━━━━━ 1.4/1.4 MB 110.2 MB/s  0:00:00
2026-02-11T02:34:27.1785797Z Downloading pycryptodomex-3.23.0-cp37-abi3-manylinux_2_17_x86_64.manylinux2014_x86_64.whl (2.3 MB)
2026-02-11T02:34:27.1959147Z    ━━━━━━━━━━━━━━━━━━━━━━━━━━━━━━━━━━━━━━━━ 2.3/2.3 MB 158.9 MB/s  0:00:00
2026-02-11T02:34:27.1991140Z Downloading requests-2.32.5-py3-none-any.whl (64 kB)
2026-02-11T02:34:27.2041926Z Downloading charset_normalizer-3.4.4-cp313-cp313-manylinux2014_x86_64.manylinux_2_17_x86_64.manylinux_2_28_x86_64.whl (153 kB)
2026-02-11T02:34:27.2097508Z Downloading urllib3-2.6.3-py3-none-any.whl (131 kB)
2026-02-11T02:34:27.2155876Z Downloading certifi-2026.1.4-py3-none-any.whl (152 kB)
2026-02-11T02:34:27.2214221Z Downloading rich-14.3.2-py3-none-any.whl (309 kB)
2026-02-11T02:34:27.2282058Z Downloading pygments-2.19.2-py3-none-any.whl (1.2 MB)
2026-02-11T02:34:27.2360574Z    ━━━━━━━━━━━━━━━━━━━━━━━━━━━━━━━━━━━━━━━━ 1.2/1.2 MB 165.9 MB/s  0:00:00
2026-02-11T02:34:27.2394585Z Downloading markdown_it_py-4.0.0-py3-none-any.whl (87 kB)
2026-02-11T02:34:27.2445413Z Downloading mdurl-0.1.2-py3-none-any.whl (10.0 kB)
2026-02-11T02:34:27.2492282Z Downloading websocket_client-1.9.0-py3-none-any.whl (82 kB)
2026-02-11T02:34:27.2825255Z Building wheels for collected packages: SimpleWebSocketServer
2026-02-11T02:34:27.2833859Z   Building wheel for SimpleWebSocketServer (pyproject.toml): started
2026-02-11T02:34:27.5032872Z   Building wheel for SimpleWebSocketServer (pyproject.toml): finished with status 'done'
2026-02-11T02:34:27.5040624Z   Created wheel for SimpleWebSocketServer: filename=simplewebsocketserver-0.1.2-py3-none-any.whl size=9715 sha256=bd2818b9799afe746d3230c4a0e56a1e9eed076fc8d6d86a38eb06728985ec79
2026-02-11T02:34:27.5042628Z   Stored in directory: /home/runner/.cache/pip/wheels/c4/5b/e8/4f2c15a82edc4923058056f6681373168be02a0c00389a6dcf
2026-02-11T02:34:27.5063367Z Successfully built SimpleWebSocketServer
2026-02-11T02:34:27.5523018Z Installing collected packages: SimpleWebSocketServer, websocket-client, urllib3, typing-extensions, soupsieve, pygments, pycryptodomex, propcache, multidict, mdurl, lz4, jeepney, idna, frozenlist, charset_normalizer, certifi, attrs, aiohappyeyeballs, yarl, requests, markdown-it-py, browser_cookie3, beautifulsoup4, aiosignal, rich, bs4, aiohttp, scratchattach
2026-02-11T02:34:29.9684756Z 
2026-02-11T02:34:29.9720418Z Successfully installed SimpleWebSocketServer-0.1.2 aiohappyeyeballs-2.6.1 aiohttp-3.13.3 aiosignal-1.4.0 attrs-25.4.0 beautifulsoup4-4.14.3 browser_cookie3-0.20.1 bs4-0.0.2 certifi-2026.1.4 charset_normalizer-3.4.4 frozenlist-1.8.0 idna-3.11 jeepney-0.9.0 lz4-4.4.5 markdown-it-py-4.0.0 mdurl-0.1.2 multidict-6.7.1 propcache-0.4.1 pycryptodomex-3.23.0 pygments-2.19.2 requests-2.32.5 rich-14.3.2 scratchattach-3.0.0b2 soupsieve-2.8.3 typing-extensions-4.15.0 urllib3-2.6.3 websocket-client-1.9.0 yarl-1.22.0
2026-02-11T02:34:30.0793950Z 
2026-02-11T02:34:30.0794386Z [notice] A new release of pip is available: 26.0 -> 26.0.1
2026-02-11T02:34:30.0794960Z [notice] To update, run: pip install --upgrade pip
2026-02-11T02:34:30.3494681Z ##[group]Run actions/checkout@v6.0.2
2026-02-11T02:34:30.3494942Z with:
2026-02-11T02:34:30.3495098Z   ref: main
2026-02-11T02:34:30.3495283Z   repository: Boss-1s/scratchattach
2026-02-11T02:34:30.3495646Z   token: ***
2026-02-11T02:34:30.3495816Z   ssh-strict: true
2026-02-11T02:34:30.3495996Z   ssh-user: git
2026-02-11T02:34:30.3496178Z   persist-credentials: true
2026-02-11T02:34:30.3496386Z   clean: true
2026-02-11T02:34:30.3496576Z   sparse-checkout-cone-mode: true
2026-02-11T02:34:30.3496800Z   fetch-depth: 1
2026-02-11T02:34:30.3496975Z   fetch-tags: false
2026-02-11T02:34:30.3497157Z   show-progress: true
2026-02-11T02:34:30.3497332Z   lfs: false
2026-02-11T02:34:30.3497493Z   submodules: false
2026-02-11T02:34:30.3497675Z   set-safe-directory: true
2026-02-11T02:34:30.3497873Z env:
2026-02-11T02:34:30.3498097Z   pythonLocation: /opt/hostedtoolcache/Python/3.13.11/x64
2026-02-11T02:34:30.3498491Z   PKG_CONFIG_PATH: /opt/hostedtoolcache/Python/3.13.11/x64/lib/pkgconfig
2026-02-11T02:34:30.3499168Z   Python_ROOT_DIR: /opt/hostedtoolcache/Python/3.13.11/x64
2026-02-11T02:34:30.3499523Z   Python2_ROOT_DIR: /opt/hostedtoolcache/Python/3.13.11/x64
2026-02-11T02:34:30.3499877Z   Python3_ROOT_DIR: /opt/hostedtoolcache/Python/3.13.11/x64
2026-02-11T02:34:30.3500230Z   LD_LIBRARY_PATH: /opt/hostedtoolcache/Python/3.13.11/x64/lib
2026-02-11T02:34:30.3500521Z ##[endgroup]
2026-02-11T02:34:30.4273604Z Syncing repository: Boss-1s/scratchattach
2026-02-11T02:34:30.4275931Z ##[group]Getting Git version info
2026-02-11T02:34:30.4276556Z Working directory is '/home/runner/work/scratchattach/scratchattach'
2026-02-11T02:34:30.4314127Z [command]/usr/bin/git version
2026-02-11T02:34:30.4349973Z git version 2.52.0
2026-02-11T02:34:30.4372515Z ##[endgroup]
2026-02-11T02:34:30.4386698Z Temporarily overriding HOME='/home/runner/work/_temp/652a53aa-3bf7-4982-b376-66a7bbe5f97c' before making global git config changes
2026-02-11T02:34:30.4387979Z Adding repository directory to the temporary git global config as a safe directory
2026-02-11T02:34:30.4391976Z [command]/usr/bin/git config --global --add safe.directory /home/runner/work/scratchattach/scratchattach
2026-02-11T02:34:30.4430117Z [command]/usr/bin/git config --local --get remote.origin.url
2026-02-11T02:34:30.4450753Z https://github.com/Boss-1s/scratchattach
2026-02-11T02:34:30.4465036Z ##[group]Removing previously created refs, to avoid conflicts
2026-02-11T02:34:30.4469376Z [command]/usr/bin/git rev-parse --symbolic-full-name --verify --quiet HEAD
2026-02-11T02:34:30.4490349Z refs/heads/main
2026-02-11T02:34:30.4499655Z [command]/usr/bin/git checkout --detach
2026-02-11T02:34:31.0168193Z HEAD is now at 080674f [BOT] Download Logs
2026-02-11T02:34:31.0221676Z [command]/usr/bin/git branch --delete --force main
2026-02-11T02:34:31.0248315Z Deleted branch main (was 080674f).
2026-02-11T02:34:31.0285380Z ##[endgroup]
2026-02-11T02:34:31.0289442Z [command]/usr/bin/git submodule status
2026-02-11T02:34:31.0523247Z ##[group]Cleaning the repository
2026-02-11T02:34:31.0528077Z [command]/usr/bin/git clean -ffdx
2026-02-11T02:34:31.0587132Z [command]/usr/bin/git reset --hard HEAD
2026-02-11T02:34:31.0714933Z HEAD is now at 080674f [BOT] Download Logs
2026-02-11T02:34:31.0721494Z ##[endgroup]
2026-02-11T02:34:31.0724453Z ##[group]Disabling automatic garbage collection
2026-02-11T02:34:31.0730184Z [command]/usr/bin/git config --local gc.auto 0
2026-02-11T02:34:31.0760817Z ##[endgroup]
2026-02-11T02:34:31.0761428Z ##[group]Setting up auth
2026-02-11T02:34:31.0763420Z Removing SSH command configuration
2026-02-11T02:34:31.0769589Z [command]/usr/bin/git config --local --name-only --get-regexp core\.sshCommand
2026-02-11T02:34:31.0802090Z [command]/usr/bin/git submodule foreach --recursive sh -c "git config --local --name-only --get-regexp 'core\.sshCommand' && git config --local --unset-all 'core.sshCommand' || :"
2026-02-11T02:34:31.1034492Z Removing HTTP extra header
2026-02-11T02:34:31.1040168Z [command]/usr/bin/git config --local --name-only --get-regexp http\.https\:\/\/github\.com\/\.extraheader
2026-02-11T02:34:31.1072085Z [command]/usr/bin/git submodule foreach --recursive sh -c "git config --local --name-only --get-regexp 'http\.https\:\/\/github\.com\/\.extraheader' && git config --local --unset-all 'http.https://github.com/.extraheader' || :"
2026-02-11T02:34:31.1303822Z Removing includeIf entries pointing to credentials config files
2026-02-11T02:34:31.1310707Z [command]/usr/bin/git config --local --name-only --get-regexp ^includeIf\.gitdir:
2026-02-11T02:34:31.1336255Z includeif.gitdir:/home/runner/work/scratchattach/scratchattach/.git.path
2026-02-11T02:34:31.1337236Z includeif.gitdir:/home/runner/work/scratchattach/scratchattach/.git/worktrees/*.path
2026-02-11T02:34:31.1338074Z includeif.gitdir:/github/workspace/.git.path
2026-02-11T02:34:31.1338700Z includeif.gitdir:/github/workspace/.git/worktrees/*.path
2026-02-11T02:34:31.1346072Z [command]/usr/bin/git config --local --get-all includeif.gitdir:/home/runner/work/scratchattach/scratchattach/.git.path
2026-02-11T02:34:31.1366463Z /home/runner/work/_temp/git-credentials-07e90a06-4477-4cb1-9c51-6f55f6419f52.config
2026-02-11T02:34:31.1377003Z [command]/usr/bin/git config --local --unset includeif.gitdir:/home/runner/work/scratchattach/scratchattach/.git.path /home/runner/work/_temp/git-credentials-07e90a06-4477-4cb1-9c51-6f55f6419f52.config
2026-02-11T02:34:31.1407636Z [command]/usr/bin/git config --local --get-all includeif.gitdir:/home/runner/work/scratchattach/scratchattach/.git/worktrees/*.path
2026-02-11T02:34:31.1429965Z /home/runner/work/_temp/git-credentials-07e90a06-4477-4cb1-9c51-6f55f6419f52.config
2026-02-11T02:34:31.1438608Z [command]/usr/bin/git config --local --unset includeif.gitdir:/home/runner/work/scratchattach/scratchattach/.git/worktrees/*.path /home/runner/work/_temp/git-credentials-07e90a06-4477-4cb1-9c51-6f55f6419f52.config
2026-02-11T02:34:31.1468622Z [command]/usr/bin/git config --local --get-all includeif.gitdir:/github/workspace/.git.path
2026-02-11T02:34:31.1489804Z /github/runner_temp/git-credentials-07e90a06-4477-4cb1-9c51-6f55f6419f52.config
2026-02-11T02:34:31.1497204Z [command]/usr/bin/git config --local --unset includeif.gitdir:/github/workspace/.git.path /github/runner_temp/git-credentials-07e90a06-4477-4cb1-9c51-6f55f6419f52.config
2026-02-11T02:34:31.1529074Z [command]/usr/bin/git config --local --get-all includeif.gitdir:/github/workspace/.git/worktrees/*.path
2026-02-11T02:34:31.1549680Z /github/runner_temp/git-credentials-07e90a06-4477-4cb1-9c51-6f55f6419f52.config
2026-02-11T02:34:31.1559607Z [command]/usr/bin/git config --local --unset includeif.gitdir:/github/workspace/.git/worktrees/*.path /github/runner_temp/git-credentials-07e90a06-4477-4cb1-9c51-6f55f6419f52.config
2026-02-11T02:34:31.1592491Z [command]/usr/bin/git submodule foreach --recursive git config --local --show-origin --name-only --get-regexp remote.origin.url
2026-02-11T02:34:31.1815771Z Removing credentials config '/home/runner/work/_temp/git-credentials-07e90a06-4477-4cb1-9c51-6f55f6419f52.config'
2026-02-11T02:34:31.1829301Z [command]/usr/bin/git config --file /home/runner/work/_temp/git-credentials-cc0b9d5c-65ce-4c9a-8c13-1afd4d7e9fbe.config http.https://github.com/.extraheader AUTHORIZATION: basic ***
2026-02-11T02:34:31.1865090Z [command]/usr/bin/git config --local includeIf.gitdir:/home/runner/work/scratchattach/scratchattach/.git.path /home/runner/work/_temp/git-credentials-cc0b9d5c-65ce-4c9a-8c13-1afd4d7e9fbe.config
2026-02-11T02:34:31.1893541Z [command]/usr/bin/git config --local includeIf.gitdir:/home/runner/work/scratchattach/scratchattach/.git/worktrees/*.path /home/runner/work/_temp/git-credentials-cc0b9d5c-65ce-4c9a-8c13-1afd4d7e9fbe.config
2026-02-11T02:34:31.1924486Z [command]/usr/bin/git config --local includeIf.gitdir:/github/workspace/.git.path /github/runner_temp/git-credentials-cc0b9d5c-65ce-4c9a-8c13-1afd4d7e9fbe.config
2026-02-11T02:34:31.1955810Z [command]/usr/bin/git config --local includeIf.gitdir:/github/workspace/.git/worktrees/*.path /github/runner_temp/git-credentials-cc0b9d5c-65ce-4c9a-8c13-1afd4d7e9fbe.config
2026-02-11T02:34:31.1982620Z ##[endgroup]
2026-02-11T02:34:31.1983149Z ##[group]Fetching the repository
2026-02-11T02:34:31.1993447Z [command]/usr/bin/git -c protocol.version=2 fetch --no-tags --prune --no-recurse-submodules --depth=1 origin +refs/heads/main*:refs/remotes/origin/main* +refs/tags/main*:refs/tags/main*
2026-02-11T02:34:31.7477963Z ##[endgroup]
2026-02-11T02:34:31.7478412Z ##[group]Determining the checkout info
2026-02-11T02:34:31.7484772Z [command]/usr/bin/git branch --list --remote origin/main
2026-02-11T02:34:31.7509389Z   origin/main
2026-02-11T02:34:31.7514117Z ##[endgroup]
2026-02-11T02:34:31.7518442Z [command]/usr/bin/git sparse-checkout disable
2026-02-11T02:34:31.7584908Z [command]/usr/bin/git config --local --unset-all extensions.worktreeConfig
2026-02-11T02:34:31.7611133Z ##[group]Checking out the ref
2026-02-11T02:34:31.7615541Z [command]/usr/bin/git checkout --progress --force -B main refs/remotes/origin/main
2026-02-11T02:34:31.7740355Z Switched to a new branch 'main'
2026-02-11T02:34:31.7742491Z branch 'main' set up to track 'origin/main'.
2026-02-11T02:34:31.7748405Z ##[endgroup]
2026-02-11T02:34:31.7785665Z [command]/usr/bin/git log -1 --format=%H
2026-02-11T02:34:31.7809156Z 080674f818e7a28b602b9f4826fc5de4d6c7cae4
2026-02-11T02:34:31.7918457Z ##[group]Run timeout 358m python3 message_viewer.py || { [[ $? -eq 124 ]] && exit 0; }
2026-02-11T02:34:31.7919724Z [36;1mtimeout 358m python3 message_viewer.py || { [[ $? -eq 124 ]] && exit 0; }[0m
2026-02-11T02:34:31.7952243Z shell: /usr/bin/bash -e {0}
2026-02-11T02:34:31.7952465Z env:
2026-02-11T02:34:31.7952710Z   pythonLocation: /opt/hostedtoolcache/Python/3.13.11/x64
2026-02-11T02:34:31.7953129Z   PKG_CONFIG_PATH: /opt/hostedtoolcache/Python/3.13.11/x64/lib/pkgconfig
2026-02-11T02:34:31.7953553Z   Python_ROOT_DIR: /opt/hostedtoolcache/Python/3.13.11/x64
2026-02-11T02:34:31.7953931Z   Python2_ROOT_DIR: /opt/hostedtoolcache/Python/3.13.11/x64
2026-02-11T02:34:31.7954292Z   Python3_ROOT_DIR: /opt/hostedtoolcache/Python/3.13.11/x64
2026-02-11T02:34:31.7954650Z   LD_LIBRARY_PATH: /opt/hostedtoolcache/Python/3.13.11/x64/lib
2026-02-11T02:34:31.7955073Z   PASS: ***
2026-02-11T02:34:31.7955239Z ##[endgroup]
2026-02-11T02:34:42.7597644Z Traceback (most recent call last):
2026-02-11T02:34:42.7614834Z   File "/opt/hostedtoolcache/Python/3.13.11/x64/lib/python3.13/site-packages/urllib3/connectionpool.py", line 534, in _make_request
2026-02-11T02:34:42.7615495Z     response = conn.getresponse()
2026-02-11T02:34:42.7616077Z   File "/opt/hostedtoolcache/Python/3.13.11/x64/lib/python3.13/site-packages/urllib3/connection.py", line 571, in getresponse
2026-02-11T02:34:42.7616633Z     httplib_response = super().getresponse()
2026-02-11T02:34:42.7617128Z   File "/opt/hostedtoolcache/Python/3.13.11/x64/lib/python3.13/http/client.py", line 1450, in getresponse
2026-02-11T02:34:42.7617576Z     response.begin()
2026-02-11T02:34:42.7617755Z     ~~~~~~~~~~~~~~^^
2026-02-11T02:34:42.7618131Z   File "/opt/hostedtoolcache/Python/3.13.11/x64/lib/python3.13/http/client.py", line 336, in begin
2026-02-11T02:34:42.7618584Z     version, status, reason = self._read_status()
2026-02-11T02:34:42.7619159Z                               ~~~~~~~~~~~~~~~~~^^
2026-02-11T02:34:42.7619955Z   File "/opt/hostedtoolcache/Python/3.13.11/x64/lib/python3.13/http/client.py", line 297, in _read_status
2026-02-11T02:34:42.7620479Z     line = str(self.fp.readline(_MAXLINE + 1), "iso-8859-1")
2026-02-11T02:34:42.7620768Z                ~~~~~~~~~~~~~~~~^^^^^^^^^^^^^^
2026-02-11T02:34:42.7621210Z   File "/opt/hostedtoolcache/Python/3.13.11/x64/lib/python3.13/socket.py", line 719, in readinto
2026-02-11T02:34:42.7621632Z     return self._sock.recv_into(b)
2026-02-11T02:34:42.7621846Z            ~~~~~~~~~~~~~~~~~~~~^^^
2026-02-11T02:34:42.7622283Z   File "/opt/hostedtoolcache/Python/3.13.11/x64/lib/python3.13/ssl.py", line 1304, in recv_into
2026-02-11T02:34:42.7622710Z     return self.read(nbytes, buffer)
2026-02-11T02:34:42.7622928Z            ~~~~~~~~~^^^^^^^^^^^^^^^^
2026-02-11T02:34:42.7623308Z   File "/opt/hostedtoolcache/Python/3.13.11/x64/lib/python3.13/ssl.py", line 1138, in read
2026-02-11T02:34:42.7623711Z     return self._sslobj.read(len, buffer)
2026-02-11T02:34:42.7623968Z            ~~~~~~~~~~~~~~~~~^^^^^^^^^^^^^
2026-02-11T02:34:42.7624211Z TimeoutError: The read operation timed out
2026-02-11T02:34:42.7624386Z 
2026-02-11T02:34:42.7624555Z The above exception was the direct cause of the following exception:
2026-02-11T02:34:42.7624812Z 
2026-02-11T02:34:42.7624897Z Traceback (most recent call last):
2026-02-11T02:34:42.7658501Z   File "/opt/hostedtoolcache/Python/3.13.11/x64/lib/python3.13/site-packages/requests/adapters.py", line 644, in send
2026-02-11T02:34:42.7659563Z     resp = conn.urlopen(
2026-02-11T02:34:42.7659922Z         method=request.method,
2026-02-11T02:34:42.7660273Z     ...<9 lines>...
2026-02-11T02:34:42.7660574Z         chunked=chunked,
2026-02-11T02:34:42.7660879Z     )
2026-02-11T02:34:42.7661624Z   File "/opt/hostedtoolcache/Python/3.13.11/x64/lib/python3.13/site-packages/urllib3/connectionpool.py", line 841, in urlopen
2026-02-11T02:34:42.7662229Z     retries = retries.increment(
2026-02-11T02:34:42.7662564Z         method, url, error=new_e, _pool=self, _stacktrace=sys.exc_info()[2]
2026-02-11T02:34:42.7663296Z     )
2026-02-11T02:34:42.7664156Z   File "/opt/hostedtoolcache/Python/3.13.11/x64/lib/python3.13/site-packages/urllib3/util/retry.py", line 490, in increment
2026-02-11T02:34:42.7665149Z     raise reraise(type(error), error, _stacktrace)
2026-02-11T02:34:42.7665619Z           ~~~~~~~^^^^^^^^^^^^^^^^^^^^^^^^^^^^^^^^^
2026-02-11T02:34:42.7666516Z   File "/opt/hostedtoolcache/Python/3.13.11/x64/lib/python3.13/site-packages/urllib3/util/util.py", line 39, in reraise
2026-02-11T02:34:42.7667423Z     raise value
2026-02-11T02:34:42.7668239Z   File "/opt/hostedtoolcache/Python/3.13.11/x64/lib/python3.13/site-packages/urllib3/connectionpool.py", line 787, in urlopen
2026-02-11T02:34:42.7669316Z     response = self._make_request(
2026-02-11T02:34:42.7669682Z         conn,
2026-02-11T02:34:42.7669940Z     ...<10 lines>...
2026-02-11T02:34:42.7670137Z         **response_kw,
2026-02-11T02:34:42.7670320Z     )
2026-02-11T02:34:42.7670844Z   File "/opt/hostedtoolcache/Python/3.13.11/x64/lib/python3.13/site-packages/urllib3/connectionpool.py", line 536, in _make_request
2026-02-11T02:34:42.7671466Z     self._raise_timeout(err=e, url=url, timeout_value=read_timeout)
2026-02-11T02:34:42.7671812Z     ~~~~~~~~~~~~~~~~~~~^^^^^^^^^^^^^^^^^^^^^^^^^^^^^^^^^^^^^^^^^^^^
2026-02-11T02:34:42.7672433Z   File "/opt/hostedtoolcache/Python/3.13.11/x64/lib/python3.13/site-packages/urllib3/connectionpool.py", line 367, in _raise_timeout
2026-02-11T02:34:42.7673004Z     raise ReadTimeoutError(
2026-02-11T02:34:42.7673293Z         self, url, f"Read timed out. (read timeout={timeout_value})"
2026-02-11T02:34:42.7673591Z     ) from err
2026-02-11T02:34:42.7674076Z urllib3.exceptions.ReadTimeoutError: HTTPSConnectionPool(host='scratch.mit.edu', port=443): Read timed out. (read timeout=10)
2026-02-11T02:34:42.7674547Z 
2026-02-11T02:34:42.7674719Z During handling of the above exception, another exception occurred:
2026-02-11T02:34:42.7674974Z 
2026-02-11T02:34:42.7675234Z Traceback (most recent call last):
2026-02-11T02:34:42.7675805Z   File "/opt/hostedtoolcache/Python/3.13.11/x64/lib/python3.13/site-packages/scratchattach/utils/requests.py", line 259, in post
2026-02-11T02:34:42.7676347Z     r = super().post(*args, **kwargs)
2026-02-11T02:34:42.7676841Z   File "/opt/hostedtoolcache/Python/3.13.11/x64/lib/python3.13/site-packages/requests/sessions.py", line 637, in post
2026-02-11T02:34:42.7677402Z     return self.request("POST", url, data=data, json=json, **kwargs)
2026-02-11T02:34:42.7677747Z            ~~~~~~~~~~~~^^^^^^^^^^^^^^^^^^^^^^^^^^^^^^^^^^^^^^^^^^^^^
2026-02-11T02:34:42.7678303Z   File "/opt/hostedtoolcache/Python/3.13.11/x64/lib/python3.13/site-packages/requests/sessions.py", line 589, in request
2026-02-11T02:34:42.7679099Z     resp = self.send(prep, **send_kwargs)
2026-02-11T02:34:42.7679709Z   File "/opt/hostedtoolcache/Python/3.13.11/x64/lib/python3.13/site-packages/requests/sessions.py", line 703, in send
2026-02-11T02:34:42.7680339Z     r = adapter.send(request, **kwargs)
2026-02-11T02:34:42.7680895Z   File "/opt/hostedtoolcache/Python/3.13.11/x64/lib/python3.13/site-packages/requests/adapters.py", line 690, in send
2026-02-11T02:34:42.7681418Z     raise ReadTimeout(e, request=request)
2026-02-11T02:34:42.7681949Z requests.exceptions.ReadTimeout: HTTPSConnectionPool(host='scratch.mit.edu', port=443): Read timed out. (read timeout=10)
2026-02-11T02:34:42.7682412Z 
2026-02-11T02:34:42.7682580Z During handling of the above exception, another exception occurred:
2026-02-11T02:34:42.7682838Z 
2026-02-11T02:34:42.7682929Z Traceback (most recent call last):
2026-02-11T02:34:42.7683366Z   File "/home/runner/work/scratchattach/scratchattach/message_viewer.py", line 18, in <module>
2026-02-11T02:34:42.7683835Z     session = scratch3.login("Boss_1sALT", passwrd)
2026-02-11T02:34:42.7684420Z   File "/opt/hostedtoolcache/Python/3.13.11/x64/lib/python3.13/site-packages/scratchattach/site/session.py", line 1252, in login
2026-02-11T02:34:42.7684955Z     request = requests.post(
2026-02-11T02:34:42.7685548Z         "https://scratch.mit.edu/login/", json={"username": username, "password": password}, headers=_headers,
2026-02-11T02:34:42.7686011Z         timeout=timeout
2026-02-11T02:34:42.7686188Z     )
2026-02-11T02:34:42.7686658Z   File "/opt/hostedtoolcache/Python/3.13.11/x64/lib/python3.13/site-packages/scratchattach/utils/requests.py", line 261, in post
2026-02-11T02:34:42.7687212Z     raise exceptions.FetchError(e)
2026-02-11T02:34:42.7687771Z scratchattach.utils.exceptions.FetchError: HTTPSConnectionPool(host='scratch.mit.edu', port=443): Read timed out. (read timeout=10)
2026-02-11T02:34:42.8131985Z ##[error]Process completed with exit code 1.
2026-02-11T02:34:42.8210532Z Post job cleanup.
2026-02-11T02:34:42.8979845Z [command]/usr/bin/git version
2026-02-11T02:34:42.9015981Z git version 2.52.0
2026-02-11T02:34:42.9056943Z Temporarily overriding HOME='/home/runner/work/_temp/23222fb7-ac6c-49ef-87f6-07eb4adb5846' before making global git config changes
2026-02-11T02:34:42.9058579Z Adding repository directory to the temporary git global config as a safe directory
2026-02-11T02:34:42.9082428Z [command]/usr/bin/git config --global --add safe.directory /home/runner/work/scratchattach/scratchattach
2026-02-11T02:34:42.9096345Z Removing SSH command configuration
2026-02-11T02:34:42.9102957Z [command]/usr/bin/git config --local --name-only --get-regexp core\.sshCommand
2026-02-11T02:34:42.9136470Z [command]/usr/bin/git submodule foreach --recursive sh -c "git config --local --name-only --get-regexp 'core\.sshCommand' && git config --local --unset-all 'core.sshCommand' || :"
2026-02-11T02:34:42.9367117Z Removing HTTP extra header
2026-02-11T02:34:42.9372076Z [command]/usr/bin/git config --local --name-only --get-regexp http\.https\:\/\/github\.com\/\.extraheader
2026-02-11T02:34:42.9404600Z [command]/usr/bin/git submodule foreach --recursive sh -c "git config --local --name-only --get-regexp 'http\.https\:\/\/github\.com\/\.extraheader' && git config --local --unset-all 'http.https://github.com/.extraheader' || :"
2026-02-11T02:34:42.9629996Z Removing includeIf entries pointing to credentials config files
2026-02-11T02:34:42.9639531Z [command]/usr/bin/git config --local --name-only --get-regexp ^includeIf\.gitdir:
2026-02-11T02:34:42.9665641Z includeif.gitdir:/home/runner/work/scratchattach/scratchattach/.git.path
2026-02-11T02:34:42.9666708Z includeif.gitdir:/home/runner/work/scratchattach/scratchattach/.git/worktrees/*.path
2026-02-11T02:34:42.9667413Z includeif.gitdir:/github/workspace/.git.path
2026-02-11T02:34:42.9667983Z includeif.gitdir:/github/workspace/.git/worktrees/*.path
2026-02-11T02:34:42.9678222Z [command]/usr/bin/git config --local --get-all includeif.gitdir:/home/runner/work/scratchattach/scratchattach/.git.path
2026-02-11T02:34:42.9701588Z /home/runner/work/_temp/git-credentials-cc0b9d5c-65ce-4c9a-8c13-1afd4d7e9fbe.config
2026-02-11T02:34:42.9715063Z [command]/usr/bin/git config --local --unset includeif.gitdir:/home/runner/work/scratchattach/scratchattach/.git.path /home/runner/work/_temp/git-credentials-cc0b9d5c-65ce-4c9a-8c13-1afd4d7e9fbe.config
2026-02-11T02:34:42.9752434Z [command]/usr/bin/git config --local --get-all includeif.gitdir:/home/runner/work/scratchattach/scratchattach/.git/worktrees/*.path
2026-02-11T02:34:42.9776794Z /home/runner/work/_temp/git-credentials-cc0b9d5c-65ce-4c9a-8c13-1afd4d7e9fbe.config
2026-02-11T02:34:42.9789298Z [command]/usr/bin/git config --local --unset includeif.gitdir:/home/runner/work/scratchattach/scratchattach/.git/worktrees/*.path /home/runner/work/_temp/git-credentials-cc0b9d5c-65ce-4c9a-8c13-1afd4d7e9fbe.config
2026-02-11T02:34:42.9825516Z [command]/usr/bin/git config --local --get-all includeif.gitdir:/github/workspace/.git.path
2026-02-11T02:34:42.9848271Z /github/runner_temp/git-credentials-cc0b9d5c-65ce-4c9a-8c13-1afd4d7e9fbe.config
2026-02-11T02:34:42.9859348Z [command]/usr/bin/git config --local --unset includeif.gitdir:/github/workspace/.git.path /github/runner_temp/git-credentials-cc0b9d5c-65ce-4c9a-8c13-1afd4d7e9fbe.config
2026-02-11T02:34:42.9892387Z [command]/usr/bin/git config --local --get-all includeif.gitdir:/github/workspace/.git/worktrees/*.path
2026-02-11T02:34:42.9913582Z /github/runner_temp/git-credentials-cc0b9d5c-65ce-4c9a-8c13-1afd4d7e9fbe.config
2026-02-11T02:34:42.9923218Z [command]/usr/bin/git config --local --unset includeif.gitdir:/github/workspace/.git/worktrees/*.path /github/runner_temp/git-credentials-cc0b9d5c-65ce-4c9a-8c13-1afd4d7e9fbe.config
2026-02-11T02:34:42.9955395Z [command]/usr/bin/git submodule foreach --recursive git config --local --show-origin --name-only --get-regexp remote.origin.url
2026-02-11T02:34:43.0205127Z Removing credentials config '/home/runner/work/_temp/git-credentials-cc0b9d5c-65ce-4c9a-8c13-1afd4d7e9fbe.config'
2026-02-11T02:34:43.0338202Z Post job cleanup.
2026-02-11T02:34:43.1102998Z [command]/usr/bin/git version
2026-02-11T02:34:43.1170481Z git version 2.52.0
2026-02-11T02:34:43.1211067Z Temporarily overriding HOME='/home/runner/work/_temp/02946d0c-ebff-4a2c-8e82-d6e52330a563' before making global git config changes
2026-02-11T02:34:43.1212420Z Adding repository directory to the temporary git global config as a safe directory
2026-02-11T02:34:43.1217161Z [command]/usr/bin/git config --global --add safe.directory /home/runner/work/scratchattach/scratchattach
2026-02-11T02:34:43.1248198Z Removing SSH command configuration
2026-02-11T02:34:43.1254568Z [command]/usr/bin/git config --local --name-only --get-regexp core\.sshCommand
2026-02-11T02:34:43.1287426Z [command]/usr/bin/git submodule foreach --recursive sh -c "git config --local --name-only --get-regexp 'core\.sshCommand' && git config --local --unset-all 'core.sshCommand' || :"
2026-02-11T02:34:43.1512953Z Removing HTTP extra header
2026-02-11T02:34:43.1517450Z [command]/usr/bin/git config --local --name-only --get-regexp http\.https\:\/\/github\.com\/\.extraheader
2026-02-11T02:34:43.1549190Z [command]/usr/bin/git submodule foreach --recursive sh -c "git config --local --name-only --get-regexp 'http\.https\:\/\/github\.com\/\.extraheader' && git config --local --unset-all 'http.https://github.com/.extraheader' || :"
2026-02-11T02:34:43.1768685Z Removing includeIf entries pointing to credentials config files
2026-02-11T02:34:43.1775319Z [command]/usr/bin/git config --local --name-only --get-regexp ^includeIf\.gitdir:
2026-02-11T02:34:43.1805729Z [command]/usr/bin/git submodule foreach --recursive git config --local --show-origin --name-only --get-regexp remote.origin.url
2026-02-11T02:34:43.2144357Z Cleaning up orphan processes
