2025-10-07T22:25:58.5906930Z Current runner version: '2.328.0'
2025-10-07T22:25:58.5931032Z ##[group]Runner Image Provisioner
2025-10-07T22:25:58.5931800Z Hosted Compute Agent
2025-10-07T22:25:58.5932491Z Version: 20250912.392
2025-10-07T22:25:58.5933121Z Commit: d921fda672a98b64f4f82364647e2f10b2267d0b
2025-10-07T22:25:58.5933785Z Build Date: 2025-09-12T15:23:14Z
2025-10-07T22:25:58.5934733Z ##[endgroup]
2025-10-07T22:25:58.5935326Z ##[group]Operating System
2025-10-07T22:25:58.5935903Z Ubuntu
2025-10-07T22:25:58.5936467Z 24.04.3
2025-10-07T22:25:58.5936975Z LTS
2025-10-07T22:25:58.5937429Z ##[endgroup]
2025-10-07T22:25:58.5938011Z ##[group]Runner Image
2025-10-07T22:25:58.5938614Z Image: ubuntu-24.04
2025-10-07T22:25:58.5939114Z Version: 20250929.60.1
2025-10-07T22:25:58.5940444Z Included Software: https://github.com/actions/runner-images/blob/ubuntu24/20250929.60/images/ubuntu/Ubuntu2404-Readme.md
2025-10-07T22:25:58.5942040Z Image Release: https://github.com/actions/runner-images/releases/tag/ubuntu24%2F20250929.60
2025-10-07T22:25:58.5943140Z ##[endgroup]
2025-10-07T22:25:58.5944739Z ##[group]GITHUB_TOKEN Permissions
2025-10-07T22:25:58.5946701Z Actions: read
2025-10-07T22:25:58.5947357Z Contents: read
2025-10-07T22:25:58.5947859Z Metadata: read
2025-10-07T22:25:58.5948430Z Packages: read
2025-10-07T22:25:58.5949009Z SecurityEvents: write
2025-10-07T22:25:58.5949568Z ##[endgroup]
2025-10-07T22:25:58.5952175Z Secret source: Actions
2025-10-07T22:25:58.5953295Z Prepare workflow directory
2025-10-07T22:25:58.6468458Z Prepare all required actions
2025-10-07T22:25:58.6505663Z Getting action download info
2025-10-07T22:25:58.9809837Z Download action repository 'actions/checkout@v4' (SHA:08eba0b27e820071cde6df949e0beb9ba4906955)
2025-10-07T22:25:59.1645444Z Download action repository 'github/codeql-action@v3' (SHA:a8d1ac45b9a34d11fe398d5503176af0d06b303e)
2025-10-07T22:26:00.1643180Z Complete job name: Analyze (actions)
2025-10-07T22:26:00.2262062Z ##[group]Run actions/checkout@v4
2025-10-07T22:26:00.2263255Z with:
2025-10-07T22:26:00.2263721Z   repository: Boss-1s/scratchattach
2025-10-07T22:26:00.2264640Z   token: ***
2025-10-07T22:26:00.2265037Z   ssh-strict: true
2025-10-07T22:26:00.2265446Z   ssh-user: git
2025-10-07T22:26:00.2265850Z   persist-credentials: true
2025-10-07T22:26:00.2266306Z   clean: true
2025-10-07T22:26:00.2266723Z   sparse-checkout-cone-mode: true
2025-10-07T22:26:00.2267218Z   fetch-depth: 1
2025-10-07T22:26:00.2267620Z   fetch-tags: false
2025-10-07T22:26:00.2268031Z   show-progress: true
2025-10-07T22:26:00.2268452Z   lfs: false
2025-10-07T22:26:00.2268842Z   submodules: false
2025-10-07T22:26:00.2269278Z   set-safe-directory: true
2025-10-07T22:26:00.2270020Z env:
2025-10-07T22:26:00.2270433Z   CODE_SCANNING_REF: refs/pull/50/head
2025-10-07T22:26:00.2270953Z   CODE_SCANNING_BASE_BRANCH: main
2025-10-07T22:26:00.2271492Z   CODE_SCANNING_IS_ANALYZING_DEFAULT_BRANCH: false
2025-10-07T22:26:00.2272154Z   CODE_SCANNING_IS_STEADY_STATE_DEFAULT_SETUP: true
2025-10-07T22:26:00.2283327Z   CODE_SCANNING_WORKFLOW_FILE: H4sIAAAAAAAA/6RV32/bNhB+919x8AakfZDzsD0JKFDFkRNvhp1aCrqsKAiaOslcZFLlD6dql/99oCjF0hLPGeon8/jx4919H0+C7jCE8VRm+GExHikrAh/6+ft3KLjZ2s0E9yjMhIvKGj1hMkOiGRWCi4IoK4jDw+PjSIoQslrQHWejEYp9OAKYri5jkkyj5XK+vCLrePZqYswd578ZLqIkJhfraDm9fi3ThmokG0UF277EOE9ItIwWd3+6xWU8i24X6f+8gWtCBS3rb26RYU5taf77xiSNo8s7kqRRGj9dmsTp7U0IRll8dubjav37bLH6SGbzRfzavB6kus9L+UByXjYKjf6SG+1k8emi+wvg9Y58CN447h01in+dlFQUlhbu7NsGqqzQgdPZgXIld78lq+WbFq2sEKje+pIBKlQ7rjWXQvt7ACgzzRIU0qyNMSkMCjMMVpTd0wKHQY3MKm7qoClZh/CguMFRR8KFxUCKAJWSKoScltpvaqOowaLussgpL4OcatMHQVtzBwLggpU2w0MAIICuI2FXS28XgLl7pKpDOH8CvoTbWF5mwU5mGIKQAgebvo0hnH0a240VxgYlNajN+PPZkVSq2mylOJnJC7AfSkQbrFppg9ZE0y2ye2kNKKyk5kaquqW02qnZNuOctbj3+19HA4K54IbTkn9D8CNpcNxb/ty5/EsZeLJzLrh5v/+lBT5wsz1I1vhccx3cc5HpENzJoHsfT6iuQ9r7+rn5Ry/1qwc9hPvgDCsUGQpWB4yyLReFP+T7OkGx50qKHQoD797BmS8u2EptMDvrE32xqLjLbjyGn+DSD5gmWoO23Rto30HOixD+7gnZDqRAo7FVOFBYqmIYAHBFlIF7fzqET68cNF4Q0pyCx0f43CM1W4XUNM0pG8p2t1M8cWlBpeTXGnKpQGHBtXH1tiQ8C/32aStoQ5UJGvAxRxzoCVOYoXB2a4XXyBQaPbmap9e3F2QdX82TdD2PE3KzXv1x15fk8PiOOGZo6xtUuVS71tN+1mquT1fUDupDNe131f/cN+LDwmdHrldJ2tbhHuakacNEWtMI1qyIM1e/jAHBzWp9kqCS6jjBNCLTeJ3OZ/NplManqBglDJXhOXfD6ijp7XqRnKKyqtQHgqHgh0nYU6oLukP/BAAA//+FBaDZAgkAAA==
2025-10-07T22:26:00.2294973Z ##[endgroup]
2025-10-07T22:26:00.3352400Z Syncing repository: Boss-1s/scratchattach
2025-10-07T22:26:00.3354523Z ##[group]Getting Git version info
2025-10-07T22:26:00.3355528Z Working directory is '/home/runner/work/scratchattach/scratchattach'
2025-10-07T22:26:00.3356554Z [command]/usr/bin/git version
2025-10-07T22:26:00.3412392Z git version 2.51.0
2025-10-07T22:26:00.3438174Z ##[endgroup]
2025-10-07T22:26:00.3452126Z Temporarily overriding HOME='/home/runner/work/_temp/e4bfff02-d25e-49d0-8044-28a98cebacdb' before making global git config changes
2025-10-07T22:26:00.3453580Z Adding repository directory to the temporary git global config as a safe directory
2025-10-07T22:26:00.3465075Z [command]/usr/bin/git config --global --add safe.directory /home/runner/work/scratchattach/scratchattach
2025-10-07T22:26:00.3499052Z Deleting the contents of '/home/runner/work/scratchattach/scratchattach'
2025-10-07T22:26:00.3502523Z ##[group]Initializing the repository
2025-10-07T22:26:00.3506691Z [command]/usr/bin/git init /home/runner/work/scratchattach/scratchattach
2025-10-07T22:26:00.3593358Z hint: Using 'master' as the name for the initial branch. This default branch name
2025-10-07T22:26:00.3594834Z hint: is subject to change. To configure the initial branch name to use in all
2025-10-07T22:26:00.3595775Z hint: of your new repositories, which will suppress this warning, call:
2025-10-07T22:26:00.3596605Z hint:
2025-10-07T22:26:00.3597351Z hint: 	git config --global init.defaultBranch <name>
2025-10-07T22:26:00.3598244Z hint:
2025-10-07T22:26:00.3599071Z hint: Names commonly chosen instead of 'master' are 'main', 'trunk' and
2025-10-07T22:26:00.3600611Z hint: 'development'. The just-created branch can be renamed via this command:
2025-10-07T22:26:00.3601361Z hint:
2025-10-07T22:26:00.3601751Z hint: 	git branch -m <name>
2025-10-07T22:26:00.3602411Z hint:
2025-10-07T22:26:00.3603180Z hint: Disable this message with "git config set advice.defaultBranchName false"
2025-10-07T22:26:00.3604374Z Initialized empty Git repository in /home/runner/work/scratchattach/scratchattach/.git/
2025-10-07T22:26:00.3608706Z [command]/usr/bin/git remote add origin https://github.com/Boss-1s/scratchattach
2025-10-07T22:26:00.3643658Z ##[endgroup]
2025-10-07T22:26:00.3644514Z ##[group]Disabling automatic garbage collection
2025-10-07T22:26:00.3647737Z [command]/usr/bin/git config --local gc.auto 0
2025-10-07T22:26:00.3675432Z ##[endgroup]
2025-10-07T22:26:00.3676109Z ##[group]Setting up auth
2025-10-07T22:26:00.3682124Z [command]/usr/bin/git config --local --name-only --get-regexp core\.sshCommand
2025-10-07T22:26:00.3711395Z [command]/usr/bin/git submodule foreach --recursive sh -c "git config --local --name-only --get-regexp 'core\.sshCommand' && git config --local --unset-all 'core.sshCommand' || :"
2025-10-07T22:26:00.4010586Z [command]/usr/bin/git config --local --name-only --get-regexp http\.https\:\/\/github\.com\/\.extraheader
2025-10-07T22:26:00.4039254Z [command]/usr/bin/git submodule foreach --recursive sh -c "git config --local --name-only --get-regexp 'http\.https\:\/\/github\.com\/\.extraheader' && git config --local --unset-all 'http.https://github.com/.extraheader' || :"
2025-10-07T22:26:00.4260335Z [command]/usr/bin/git config --local http.https://github.com/.extraheader AUTHORIZATION: basic ***
2025-10-07T22:26:00.4296746Z ##[endgroup]
2025-10-07T22:26:00.4298421Z ##[group]Fetching the repository
2025-10-07T22:26:00.4306543Z [command]/usr/bin/git -c protocol.version=2 fetch --no-tags --prune --no-recurse-submodules --depth=1 origin +ac2981e4901c8a3c3035b4a46b426e445c9a9334:refs/remotes/pull/50/head
2025-10-07T22:26:01.1644823Z From https://github.com/Boss-1s/scratchattach
2025-10-07T22:26:01.1646284Z  * [new ref]         ac2981e4901c8a3c3035b4a46b426e445c9a9334 -> pull/50/head
2025-10-07T22:26:01.1676623Z ##[endgroup]
2025-10-07T22:26:01.1677667Z ##[group]Determining the checkout info
2025-10-07T22:26:01.1679359Z ##[endgroup]
2025-10-07T22:26:01.1683905Z [command]/usr/bin/git sparse-checkout disable
2025-10-07T22:26:01.1724005Z [command]/usr/bin/git config --local --unset-all extensions.worktreeConfig
2025-10-07T22:26:01.1752473Z ##[group]Checking out the ref
2025-10-07T22:26:01.1755883Z [command]/usr/bin/git checkout --progress --force refs/remotes/pull/50/head
2025-10-07T22:26:01.3614206Z Note: switching to 'refs/remotes/pull/50/head'.
2025-10-07T22:26:01.3615525Z 
2025-10-07T22:26:01.3616427Z You are in 'detached HEAD' state. You can look around, make experimental
2025-10-07T22:26:01.3619145Z changes and commit them, and you can discard any commits you make in this
2025-10-07T22:26:01.3621535Z state without impacting any branches by switching back to a branch.
2025-10-07T22:26:01.3622957Z 
2025-10-07T22:26:01.3623902Z If you want to create a new branch to retain commits you create, you may
2025-10-07T22:26:01.3626288Z do so (now or later) by using -c with the switch command. Example:
2025-10-07T22:26:01.3627559Z 
2025-10-07T22:26:01.3628077Z   git switch -c <new-branch-name>
2025-10-07T22:26:01.3628991Z 
2025-10-07T22:26:01.3629486Z Or undo this operation with:
2025-10-07T22:26:01.3630321Z 
2025-10-07T22:26:01.3630757Z   git switch -
2025-10-07T22:26:01.3631392Z 
2025-10-07T22:26:01.3632514Z Turn off this advice by setting config variable advice.detachedHead to false
2025-10-07T22:26:01.3634157Z 
2025-10-07T22:26:01.3635128Z HEAD is now at ac2981e Merge branch 'main' into scratch_chat_dev
2025-10-07T22:26:01.3647075Z ##[endgroup]
2025-10-07T22:26:01.3687136Z [command]/usr/bin/git log -1 --format=%H
2025-10-07T22:26:01.3709663Z ac2981e4901c8a3c3035b4a46b426e445c9a9334
2025-10-07T22:26:01.4062238Z ##[group]Run github/codeql-action/init@v3
2025-10-07T22:26:01.4063451Z with:
2025-10-07T22:26:01.4064400Z   analysis-kinds: code-scanning
2025-10-07T22:26:01.4065450Z   languages: actions
2025-10-07T22:26:01.4066328Z   build-mode: none
2025-10-07T22:26:01.4067221Z   dependency-caching: true
2025-10-07T22:26:01.4068669Z   config: default-setup:
  org:
    model-packs: [  ]
threat-models: [  ]

2025-10-07T22:26:01.4070503Z   token: ***
2025-10-07T22:26:01.4072331Z   matrix: {
  "language": "actions",
  "category": "/language:actions",
  "build-mode": "none",
  "runner": "[\"ubuntu-latest\"]"
}
2025-10-07T22:26:01.4074653Z   debug: false
2025-10-07T22:26:01.4075437Z env:
2025-10-07T22:26:01.4076212Z   CODE_SCANNING_REF: refs/pull/50/head
2025-10-07T22:26:01.4077325Z   CODE_SCANNING_BASE_BRANCH: main
2025-10-07T22:26:01.4078486Z   CODE_SCANNING_IS_ANALYZING_DEFAULT_BRANCH: false
2025-10-07T22:26:01.4079848Z   CODE_SCANNING_IS_STEADY_STATE_DEFAULT_SETUP: true
2025-10-07T22:26:01.4108096Z   CODE_SCANNING_WORKFLOW_FILE: H4sIAAAAAAAA/6RV32/bNhB+919x8AakfZDzsD0JKFDFkRNvhp1aCrqsKAiaOslcZFLlD6dql/99oCjF0hLPGeon8/jx4919H0+C7jCE8VRm+GExHikrAh/6+ft3KLjZ2s0E9yjMhIvKGj1hMkOiGRWCi4IoK4jDw+PjSIoQslrQHWejEYp9OAKYri5jkkyj5XK+vCLrePZqYswd578ZLqIkJhfraDm9fi3ThmokG0UF277EOE9ItIwWd3+6xWU8i24X6f+8gWtCBS3rb26RYU5taf77xiSNo8s7kqRRGj9dmsTp7U0IRll8dubjav37bLH6SGbzRfzavB6kus9L+UByXjYKjf6SG+1k8emi+wvg9Y58CN447h01in+dlFQUlhbu7NsGqqzQgdPZgXIld78lq+WbFq2sEKje+pIBKlQ7rjWXQvt7ACgzzRIU0qyNMSkMCjMMVpTd0wKHQY3MKm7qoClZh/CguMFRR8KFxUCKAJWSKoScltpvaqOowaLussgpL4OcatMHQVtzBwLggpU2w0MAIICuI2FXS28XgLl7pKpDOH8CvoTbWF5mwU5mGIKQAgebvo0hnH0a240VxgYlNajN+PPZkVSq2mylOJnJC7AfSkQbrFppg9ZE0y2ye2kNKKyk5kaquqW02qnZNuOctbj3+19HA4K54IbTkn9D8CNpcNxb/ty5/EsZeLJzLrh5v/+lBT5wsz1I1vhccx3cc5HpENzJoHsfT6iuQ9r7+rn5Ry/1qwc9hPvgDCsUGQpWB4yyLReFP+T7OkGx50qKHQoD797BmS8u2EptMDvrE32xqLjLbjyGn+DSD5gmWoO23Rto30HOixD+7gnZDqRAo7FVOFBYqmIYAHBFlIF7fzqET68cNF4Q0pyCx0f43CM1W4XUNM0pG8p2t1M8cWlBpeTXGnKpQGHBtXH1tiQ8C/32aStoQ5UJGvAxRxzoCVOYoXB2a4XXyBQaPbmap9e3F2QdX82TdD2PE3KzXv1x15fk8PiOOGZo6xtUuVS71tN+1mquT1fUDupDNe131f/cN+LDwmdHrldJ2tbhHuakacNEWtMI1qyIM1e/jAHBzWp9kqCS6jjBNCLTeJ3OZ/NplManqBglDJXhOXfD6ijp7XqRnKKyqtQHgqHgh0nYU6oLukP/BAAA//+FBaDZAgkAAA==
2025-10-07T22:26:01.4135535Z ##[endgroup]
2025-10-07T22:26:01.9745770Z Job run UUID is 199ac2ac-0366-4e5a-9a98-b7f4842074b8.
2025-10-07T22:26:02.4819855Z ##[group]Setup CodeQL tools
2025-10-07T22:26:02.4887395Z [command]/usr/bin/tar --version
2025-10-07T22:26:02.4917547Z tar (GNU tar) 1.35
2025-10-07T22:26:02.4918520Z Copyright (C) 2023 Free Software Foundation, Inc.
2025-10-07T22:26:02.4919590Z License GPLv3+: GNU GPL version 3 or later <https://gnu.org/licenses/gpl.html>.
2025-10-07T22:26:02.4920589Z This is free software: you are free to change and redistribute it.
2025-10-07T22:26:02.4921381Z There is NO WARRANTY, to the extent permitted by law.
2025-10-07T22:26:02.4921836Z 
2025-10-07T22:26:02.4922079Z Written by John Gilmore and Jay Fenlason.
2025-10-07T22:26:02.4926652Z Found gnu tar version 1.35.
2025-10-07T22:26:02.5036358Z Did not find CodeQL tools version 2.23.2 in the toolcache.
2025-10-07T22:26:02.5042696Z Using CodeQL CLI version 2.23.2 sourced from https://github.com/github/codeql-action/releases/download/codeql-bundle-v2.23.2/codeql-bundle-linux64.tar.zst .
2025-10-07T22:26:02.5050443Z Downloading CodeQL tools from https://github.com/github/codeql-action/releases/download/codeql-bundle-v2.23.2/codeql-bundle-linux64.tar.zst . This may take a while.
2025-10-07T22:26:02.5051919Z Streaming the extraction of the CodeQL bundle.
2025-10-07T22:26:02.7196933Z [command]tar -x --zstd --ignore-zeros --warning=no-unknown-keyword --overwrite -f - -C /opt/hostedtoolcache/CodeQL/2.23.2/x64
2025-10-07T22:26:06.8862188Z Finished downloading and extracting CodeQL bundle to /opt/hostedtoolcache/CodeQL/2.23.2/x64 (4.4s).
2025-10-07T22:26:06.8863363Z Created toolcache marker file /opt/hostedtoolcache/CodeQL/2.23.2/x64.complete
2025-10-07T22:26:07.5709170Z [command]/opt/hostedtoolcache/CodeQL/2.23.2/x64/codeql/codeql version --format=json
2025-10-07T22:26:08.2269338Z {
2025-10-07T22:26:08.2271035Z   "productName" : "CodeQL",
2025-10-07T22:26:08.2271570Z   "vendor" : "GitHub",
2025-10-07T22:26:08.2274534Z   "version" : "2.23.2",
2025-10-07T22:26:08.2274913Z   "sha" : "54331b8085584a7da4e6228c885d6382811309df",
2025-10-07T22:26:08.2275450Z   "branches" : [
2025-10-07T22:26:08.2275781Z     "codeql-cli-2.23.2"
2025-10-07T22:26:08.2276112Z   ],
2025-10-07T22:26:08.2276479Z   "copyright" : "Copyright (C) 2019-2025 GitHub, Inc.",
2025-10-07T22:26:08.2277171Z   "unpackedLocation" : "/opt/hostedtoolcache/CodeQL/2.23.2/x64/codeql",
2025-10-07T22:26:08.2277916Z   "configFileLocation" : "/home/runner/.config/codeql/config",
2025-10-07T22:26:08.2278479Z   "configFileFound" : false,
2025-10-07T22:26:08.2278829Z   "overlayVersion" : 4,
2025-10-07T22:26:08.2279193Z   "features" : {
2025-10-07T22:26:08.2279559Z     "analysisSummaryV2Default" : true,
2025-10-07T22:26:08.2280003Z     "buildModeOption" : true,
2025-10-07T22:26:08.2280484Z     "bundleSupportsIncludeDiagnostics" : true,
2025-10-07T22:26:08.2281000Z     "bundleSupportsIncludeLogs" : true,
2025-10-07T22:26:08.2281626Z     "databaseInterpretResultsSupportsSarifRunProperty" : true,
2025-10-07T22:26:08.2357897Z     "featuresInVersionResult" : true,
2025-10-07T22:26:08.2358528Z     "indirectTracingSupportsStaticBinaries" : false,
2025-10-07T22:26:08.2359178Z     "informsAboutUnsupportedPathFilters" : true,
2025-10-07T22:26:08.2359706Z     "supportsPython312" : true,
2025-10-07T22:26:08.2360115Z     "mrvaPackCreate" : true,
2025-10-07T22:26:08.2360513Z     "threatModelOption" : true,
2025-10-07T22:26:08.2360936Z     "traceCommandUseBuildMode" : true,
2025-10-07T22:26:08.2361419Z     "v2ramSizing" : true,
2025-10-07T22:26:08.2361791Z     "mrvaPackCreateMultipleQueries" : true,
2025-10-07T22:26:08.2362298Z     "setsCodeqlRunnerEnvVar" : true,
2025-10-07T22:26:08.2362816Z     "sarifMergeRunsFromEqualCategory" : true,
2025-10-07T22:26:08.2363333Z     "forceOverwrite" : true,
2025-10-07T22:26:08.2363792Z     "generateSummarySymbolMap" : true,
2025-10-07T22:26:08.2364538Z     "pythonDefaultIsToNotExtractStdlib" : true,
2025-10-07T22:26:08.2365090Z     "queryServerRunQueries" : true,
2025-10-07T22:26:08.2365655Z     "queryServerTrimCacheWithMode" : true,
2025-10-07T22:26:08.2366270Z     "builtinExtractorsSpecifyDefaultQueries" : true
2025-10-07T22:26:08.2367118Z   }
2025-10-07T22:26:08.2367406Z }
2025-10-07T22:26:08.2655385Z ##[endgroup]
2025-10-07T22:26:08.2656940Z ##[group]Validating workflow
2025-10-07T22:26:08.2703208Z Detected no issues with the code scanning workflow.
2025-10-07T22:26:08.2704099Z ##[endgroup]
2025-10-07T22:26:08.2707358Z ##[group]Load language configuration
2025-10-07T22:26:08.2719926Z [command]/opt/hostedtoolcache/CodeQL/2.23.2/x64/codeql/codeql resolve languages --format=betterjson --extractor-options-verbosity=4 --extractor-include-aliases
2025-10-07T22:26:09.1719995Z {
2025-10-07T22:26:09.1720772Z   "aliases" : {
2025-10-07T22:26:09.1725559Z     "c" : "cpp",
2025-10-07T22:26:09.1725918Z     "c++" : "cpp",
2025-10-07T22:26:09.1726218Z     "c-c++" : "cpp",
2025-10-07T22:26:09.1726541Z     "c-cpp" : "cpp",
2025-10-07T22:26:09.1726867Z     "c#" : "csharp",
2025-10-07T22:26:09.1727198Z     "java-kotlin" : "java",
2025-10-07T22:26:09.1727551Z     "kotlin" : "java",
2025-10-07T22:26:09.1727957Z     "javascript-typescript" : "javascript",
2025-10-07T22:26:09.1728419Z     "typescript" : "javascript"
2025-10-07T22:26:09.1728775Z   },
2025-10-07T22:26:09.1729054Z   "extractors" : {
2025-10-07T22:26:09.1729353Z     "xml" : [
2025-10-07T22:26:09.1729631Z       {
2025-10-07T22:26:09.1730077Z         "extractor_root" : "/opt/hostedtoolcache/CodeQL/2.23.2/x64/codeql/xml"
2025-10-07T22:26:09.1730656Z       }
2025-10-07T22:26:09.1730909Z     ],
2025-10-07T22:26:09.1731187Z     "python" : [
2025-10-07T22:26:09.1731479Z       {
2025-10-07T22:26:09.1731956Z         "extractor_root" : "/opt/hostedtoolcache/CodeQL/2.23.2/x64/codeql/python",
2025-10-07T22:26:09.1732600Z         "extractor_options" : {
2025-10-07T22:26:09.1734751Z           "logging" : {
2025-10-07T22:26:09.1735198Z             "title" : "Options pertaining to logging.",
2025-10-07T22:26:09.1735746Z             "description" : "Options pertaining to logging.",
2025-10-07T22:26:09.1736258Z             "type" : "object",
2025-10-07T22:26:09.1736614Z             "properties" : {
2025-10-07T22:26:09.1736995Z               "verbosity" : {
2025-10-07T22:26:09.1737441Z                 "title" : "Python extractor logging verbosity level.",
2025-10-07T22:26:09.1739219Z                 "description" : "Controls the level of verbosity of the CodeQL Python extractor.\nThe supported levels are (in order of increasing verbosity):\n\n  - off\n  - errors\n  - warnings\n  - info or progress\n  - debug or progress+\n  - trace or progress++\n  - progress+++\n",
2025-10-07T22:26:09.1740872Z                 "type" : "string",
2025-10-07T22:26:09.1741654Z                 "pattern" : "^(off|errors|warnings|(info|progress)|(debug|progress\\+)|(trace|progress\\+\\+)|progress\\+\\+\\+)$"
2025-10-07T22:26:09.1742458Z               }
2025-10-07T22:26:09.1742733Z             }
2025-10-07T22:26:09.1743000Z           },
2025-10-07T22:26:09.1743301Z           "python_executable_name" : {
2025-10-07T22:26:09.1743969Z             "title" : "Controls the name of the Python executable used by the Python extractor.",
2025-10-07T22:26:09.1746593Z             "description" : "The Python extractor uses platform-dependent heuristics to determine the name of the Python executable to use. Specifying a value for this option overrides the name of the Python executable used by the extractor. Accepted values are py, python and python3. Use this setting with caution, the Python extractor requires Python 3 to run.\n",
2025-10-07T22:26:09.1748754Z             "type" : "string",
2025-10-07T22:26:09.1749154Z             "pattern" : "^(py|python|python3)$"
2025-10-07T22:26:09.1749564Z           }
2025-10-07T22:26:09.1749822Z         }
2025-10-07T22:26:09.1750073Z       }
2025-10-07T22:26:09.1750320Z     ],
2025-10-07T22:26:09.1750597Z     "javascript" : [
2025-10-07T22:26:09.1750902Z       {
2025-10-07T22:26:09.1751405Z         "extractor_root" : "/opt/hostedtoolcache/CodeQL/2.23.2/x64/codeql/javascript",
2025-10-07T22:26:09.1752050Z         "extractor_options" : {
2025-10-07T22:26:09.1752405Z           "trap" : {
2025-10-07T22:26:09.1753013Z             "title" : "TRAP options",
2025-10-07T22:26:09.1753581Z             "description" : "Options about how the extractor handles TRAP files",
2025-10-07T22:26:09.1754162Z             "type" : "object",
2025-10-07T22:26:09.1754700Z             "visibility" : 3,
2025-10-07T22:26:09.1755056Z             "properties" : {
2025-10-07T22:26:09.1755404Z               "cache" : {
2025-10-07T22:26:09.1755767Z                 "title" : "TRAP cache options",
2025-10-07T22:26:09.1756414Z                 "description" : "Options about how the extractor handles its TRAP cache",
2025-10-07T22:26:09.1757018Z                 "type" : "object",
2025-10-07T22:26:09.1757430Z                 "properties" : {
2025-10-07T22:26:09.1757793Z                   "dir" : {
2025-10-07T22:26:09.1758167Z                     "title" : "TRAP cache directory",
2025-10-07T22:26:09.1758716Z                     "description" : "The directory of the TRAP cache to use",
2025-10-07T22:26:09.1759245Z                     "type" : "string"
2025-10-07T22:26:09.1759626Z                   },
2025-10-07T22:26:09.1759922Z                   "bound" : {
2025-10-07T22:26:09.1760334Z                     "title" : "TRAP cache bound",
2025-10-07T22:26:09.1761049Z                     "description" : "A soft limit (in MB) on the size of the TRAP cache",
2025-10-07T22:26:09.1761623Z                     "type" : "string",
2025-10-07T22:26:09.1762027Z                     "pattern" : "[0-9]+"
2025-10-07T22:26:09.1762408Z                   },
2025-10-07T22:26:09.1762714Z                   "write" : {
2025-10-07T22:26:09.1763095Z                     "title" : "TRAP cache writeable",
2025-10-07T22:26:09.1763942Z                     "description" : "Whether to write to the TRAP cache as well as reading it",
2025-10-07T22:26:09.1764804Z                     "type" : "string",
2025-10-07T22:26:09.1765259Z                     "pattern" : "(true|TRUE|false|FALSE)"
2025-10-07T22:26:09.1765711Z                   }
2025-10-07T22:26:09.1766009Z                 }
2025-10-07T22:26:09.1766317Z               }
2025-10-07T22:26:09.1766594Z             }
2025-10-07T22:26:09.1766879Z           },
2025-10-07T22:26:09.1767178Z           "skip_types" : {
2025-10-07T22:26:09.1767613Z             "title" : "Skip type extraction for TypeScript",
2025-10-07T22:26:09.1768369Z             "description" : "Whether to skip the extraction of types in a TypeScript application",
2025-10-07T22:26:09.1769074Z             "type" : "string",
2025-10-07T22:26:09.1769461Z             "pattern" : "^(false|true)$"
2025-10-07T22:26:09.1769856Z           }
2025-10-07T22:26:09.1770125Z         }
2025-10-07T22:26:09.1770380Z       }
2025-10-07T22:26:09.1770635Z     ],
2025-10-07T22:26:09.1770907Z     "rust" : [
2025-10-07T22:26:09.1771190Z       {
2025-10-07T22:26:09.1771630Z         "extractor_root" : "/opt/hostedtoolcache/CodeQL/2.23.2/x64/codeql/rust",
2025-10-07T22:26:09.1772214Z         "extractor_options" : {
2025-10-07T22:26:09.1772572Z           "trap" : {
2025-10-07T22:26:09.1772923Z             "title" : "Options pertaining to TRAP.",
2025-10-07T22:26:09.1773425Z             "description" : "Options pertaining to TRAP.",
2025-10-07T22:26:09.1773875Z             "type" : "object",
2025-10-07T22:26:09.1774224Z             "properties" : {
2025-10-07T22:26:09.1785097Z               "compression" : {
2025-10-07T22:26:09.1785726Z                 "title" : "Controls compression for the TRAP files written by the extractor.",
2025-10-07T22:26:09.1787537Z                 "description" : "This option is only intended for use in debugging the extractor. Accepted values are 'gzip' (to write gzip-compressed TRAP) 'zstd' (to write Zstandard-compressed TRAP) and 'none' (the default, to write uncompressed TRAP).\n",
2025-10-07T22:26:09.1789063Z                 "type" : "string",
2025-10-07T22:26:09.1789475Z                 "pattern" : "^(none|gzip|zstd)$"
2025-10-07T22:26:09.1789879Z               }
2025-10-07T22:26:09.1790152Z             }
2025-10-07T22:26:09.1790414Z           },
2025-10-07T22:26:09.1790963Z           "cargo_target_dir" : {
2025-10-07T22:26:09.1791403Z             "title" : "Directory to use for cargo output files.",
2025-10-07T22:26:09.1793298Z             "description" : "This value is an optional path to use as `CARGO_TARGET_DIR` for the internal cargo commands the extractor uses. Pointing it to a persistent directory may reduce execution time of consecutive extractor runs. By default, a new scratch directory is used for each run.\n",
2025-10-07T22:26:09.1795212Z             "type" : "string"
2025-10-07T22:26:09.1795554Z           },
2025-10-07T22:26:09.1795889Z           "cargo_target" : {
2025-10-07T22:26:09.1796266Z             "title" : "Target architecture",
2025-10-07T22:26:09.1797229Z             "description" : "Target architecture to use for analysis, analogous to `cargo --target`. By default the host architecture is used.\n",
2025-10-07T22:26:09.1798150Z             "type" : "string"
2025-10-07T22:26:09.1798483Z           },
2025-10-07T22:26:09.1798757Z           "cargo_features" : {
2025-10-07T22:26:09.1799126Z             "title" : "Cargo features to turn on",
2025-10-07T22:26:09.1800886Z             "description" : "Comma-separated list of features to turn on. By default all features are enabled. If any features are specified, then only those features are enabled. The `default` feature must be explicitly specified if only default features are desired. Can be repeated.\n",
2025-10-07T22:26:09.1802604Z             "type" : "array"
2025-10-07T22:26:09.1802937Z           },
2025-10-07T22:26:09.1803229Z           "cargo_cfg_overrides" : {
2025-10-07T22:26:09.1803642Z             "title" : "Cargo cfg overrides",
2025-10-07T22:26:09.1804846Z             "description" : "Comma-separated list of cfg settings to enable, or disable if prefixed with `-`. Can be repeated.\n",
2025-10-07T22:26:09.1805709Z             "type" : "array"
2025-10-07T22:26:09.1806041Z           },
2025-10-07T22:26:09.1806306Z           "logging" : {
2025-10-07T22:26:09.1806692Z             "title" : "Options pertaining to logging.",
2025-10-07T22:26:09.1807220Z             "description" : "Options pertaining to logging.",
2025-10-07T22:26:09.1807709Z             "type" : "object",
2025-10-07T22:26:09.1808060Z             "properties" : {
2025-10-07T22:26:09.1808413Z               "verbosity" : {
2025-10-07T22:26:09.1808828Z                 "title" : "Extractor logging verbosity level.",
2025-10-07T22:26:09.1810387Z                 "description" : "Controls the level of verbosity of the extractor. The supported levels are (in order of increasing verbosity):\n  - off\n  - errors\n  - warnings\n  - info or progress\n  - debug or progress+\n  - trace or progress++\n  - progress+++\n",
2025-10-07T22:26:09.1811869Z                 "type" : "string",
2025-10-07T22:26:09.1812611Z                 "pattern" : "^(off|errors|warnings|(info|progress)|(debug|progress\\+)|(trace|progress\\+\\+)|progress\\+\\+\\+)$"
2025-10-07T22:26:09.1813355Z               },
2025-10-07T22:26:09.1813647Z               "flamegraph" : {
2025-10-07T22:26:09.1814121Z                 "title" : "[Experimental] File path for write flame graph log",
2025-10-07T22:26:09.1815741Z                 "description" : "Collect flame graph data using the `tracing-flame` crate. To render a flame graph or chart, run the `inferno-flamegraph` command. See also: https://crates.io/crates/tracing-flame\n",
2025-10-07T22:26:09.1816981Z                 "type" : "string"
2025-10-07T22:26:09.1817331Z               }
2025-10-07T22:26:09.1817590Z             }
2025-10-07T22:26:09.1817847Z           },
2025-10-07T22:26:09.1818152Z           "extract_dependencies_as_source" : {
2025-10-07T22:26:09.1818631Z             "title" : "Extract dependencies as source code",
2025-10-07T22:26:09.1819438Z             "description" : "Extract the full source code of dependencies instead of only extracting signatures.\n",
2025-10-07T22:26:09.1820179Z             "type" : "string",
2025-10-07T22:26:09.1820548Z             "pattern" : "^(false|true)$"
2025-10-07T22:26:09.1820917Z           }
2025-10-07T22:26:09.1821356Z         }
2025-10-07T22:26:09.1821591Z       }
2025-10-07T22:26:09.1821829Z     ],
2025-10-07T22:26:09.1822061Z     "csv" : [
2025-10-07T22:26:09.1822321Z       {
2025-10-07T22:26:09.1822740Z         "extractor_root" : "/opt/hostedtoolcache/CodeQL/2.23.2/x64/codeql/csv"
2025-10-07T22:26:09.1823271Z       }
2025-10-07T22:26:09.1823508Z     ],
2025-10-07T22:26:09.1823748Z     "cpp" : [
2025-10-07T22:26:09.1824002Z       {
2025-10-07T22:26:09.1824610Z         "extractor_root" : "/opt/hostedtoolcache/CodeQL/2.23.2/x64/codeql/cpp",
2025-10-07T22:26:09.1825180Z         "extractor_options" : {
2025-10-07T22:26:09.1825514Z           "trap" : {
2025-10-07T22:26:09.1825862Z             "title" : "TRAP options",
2025-10-07T22:26:09.1826399Z             "description" : "Options about how the extractor handles TRAP files",
2025-10-07T22:26:09.1826955Z             "type" : "object",
2025-10-07T22:26:09.1827317Z             "visibility" : 3,
2025-10-07T22:26:09.1827682Z             "properties" : {
2025-10-07T22:26:09.1828007Z               "cache" : {
2025-10-07T22:26:09.1828212Z                 "title" : "TRAP cache options",
2025-10-07T22:26:09.1828558Z                 "description" : "Options about how the extractor handles its TRAP cache",
2025-10-07T22:26:09.1828909Z                 "type" : "object",
2025-10-07T22:26:09.1829135Z                 "properties" : {
2025-10-07T22:26:09.1829339Z                   "dir" : {
2025-10-07T22:26:09.1829557Z                     "title" : "TRAP cache directory",
2025-10-07T22:26:09.1829866Z                     "description" : "The directory of the TRAP cache to use",
2025-10-07T22:26:09.1830155Z                     "type" : "string"
2025-10-07T22:26:09.1830511Z                   },
2025-10-07T22:26:09.1830695Z                   "bound" : {
2025-10-07T22:26:09.1830905Z                     "title" : "TRAP cache bound",
2025-10-07T22:26:09.1831224Z                     "description" : "A soft limit (in MB) on the size of the TRAP cache",
2025-10-07T22:26:09.1831549Z                     "type" : "string",
2025-10-07T22:26:09.1831773Z                     "pattern" : "[0-9]+"
2025-10-07T22:26:09.1831992Z                   },
2025-10-07T22:26:09.1832161Z                   "write" : {
2025-10-07T22:26:09.1832368Z                     "title" : "TRAP cache writeable",
2025-10-07T22:26:09.1832719Z                     "description" : "Whether to write to the TRAP cache as well as reading it",
2025-10-07T22:26:09.1833047Z                     "type" : "string",
2025-10-07T22:26:09.1833285Z                     "pattern" : "(true|TRUE|false|FALSE)"
2025-10-07T22:26:09.1833514Z                   }
2025-10-07T22:26:09.1833679Z                 }
2025-10-07T22:26:09.1833835Z               }
2025-10-07T22:26:09.1833992Z             }
2025-10-07T22:26:09.1834164Z           },
2025-10-07T22:26:09.1834570Z           "scale_timeouts" : {
2025-10-07T22:26:09.1834859Z             "title" : "Value to scale compiler introspection timeouts with",
2025-10-07T22:26:09.1836126Z             "description" : "The extractor attempts to determine what compiler the source code being extracted is compiled with. To this end the extractor makes additional calls to the compiler, some of which are expected to return within a certain fixed time (either 10s or 15s). On some systems that are under high load this time might be too short, and can be scaled up using this option.\n",
2025-10-07T22:26:09.1837303Z             "type" : "string",
2025-10-07T22:26:09.1837512Z             "pattern" : "[0-9]+"
2025-10-07T22:26:09.1837710Z           },
2025-10-07T22:26:09.1837874Z           "log_verbosity" : {
2025-10-07T22:26:09.1838119Z             "title" : "Verbosity of the extractor logging",
2025-10-07T22:26:09.1838649Z             "description" : "Set the verbosity of the extractor logging to 'quiet' (0), 'normal' (1), 'chatty' (2), or 'noisy' (3). The default is 'normal'.\n",
2025-10-07T22:26:09.1839140Z             "type" : "string",
2025-10-07T22:26:09.1839334Z             "pattern" : "[0-3]"
2025-10-07T22:26:09.1839666Z           },
2025-10-07T22:26:09.1839831Z           "frontend_options" : {
2025-10-07T22:26:09.1840072Z             "title" : "C/C++ extractor frontend options",
2025-10-07T22:26:09.1840511Z             "description" : "Set additional options that should be passed to the C/C++ extractor frontend.\n",
2025-10-07T22:26:09.1840910Z             "type" : "array",
2025-10-07T22:26:09.1841109Z             "visibility" : 3
2025-10-07T22:26:09.1841290Z           }
2025-10-07T22:26:09.1841436Z         }
2025-10-07T22:26:09.1841577Z       }
2025-10-07T22:26:09.1841720Z     ],
2025-10-07T22:26:09.1841861Z     "java" : [
2025-10-07T22:26:09.1842016Z       {
2025-10-07T22:26:09.1842262Z         "extractor_root" : "/opt/hostedtoolcache/CodeQL/2.23.2/x64/codeql/java",
2025-10-07T22:26:09.1842591Z         "extractor_options" : {
2025-10-07T22:26:09.1842792Z           "exclude" : {
2025-10-07T22:26:09.1843006Z             "title" : "A glob excluding files from analysis.",
2025-10-07T22:26:09.1843648Z             "description" : "A glob indicating what files to exclude from the analysis. This accepts glob patterns that are supported by Java's 'getPathMatcher' implementation.\n",
2025-10-07T22:26:09.1844242Z             "type" : "string"
2025-10-07T22:26:09.1844546Z           },
2025-10-07T22:26:09.1844710Z           "add_prefer_source" : {
2025-10-07T22:26:09.1845003Z             "title" : "Whether to always prefer source files over class files.",
2025-10-07T22:26:09.1846116Z             "description" : "A value indicating whether source files should be preferred over class files. If set to 'true', the extraction adds '-Xprefer:source' to the javac command line. If set to 'false', the extraction uses the default javac behavior ('-Xprefer:newer'). The default is 'true'.\n",
2025-10-07T22:26:09.1847022Z             "type" : "string",
2025-10-07T22:26:09.1847233Z             "pattern" : "^(false|true)$"
2025-10-07T22:26:09.1847446Z           },
2025-10-07T22:26:09.1847610Z           "buildless" : {
2025-10-07T22:26:09.1847908Z             "title" : "Whether to use buildless (standalone) extraction (experimental).",
2025-10-07T22:26:09.1849374Z             "description" : "A value indicating, which type of extraction the autobuilder should perform. If 'true', then the standalone extractor will be used, otherwise tracing extraction will be performed. The default is 'false'. Note that buildless extraction will generally yield less accurate analysis results, and should only be used in cases where it is not possible to build the code (for example if it uses inaccessible dependencies).\n",
2025-10-07T22:26:09.1850717Z             "type" : "string",
2025-10-07T22:26:09.1850924Z             "pattern" : "^(false|true)$"
2025-10-07T22:26:09.1851147Z           },
2025-10-07T22:26:09.1851327Z           "buildless_dependency_dir" : {
2025-10-07T22:26:09.1851691Z             "title" : "The path where buildless (standalone) extraction should keep dependencies.",
2025-10-07T22:26:09.1852269Z             "description" : "If set, the buildless (standalone) extractor will store dependencies in this directory.\n",
2025-10-07T22:26:09.1852702Z             "type" : "string"
2025-10-07T22:26:09.1852897Z           },
2025-10-07T22:26:09.1853069Z           "minimize_dependency_jars" : {
2025-10-07T22:26:09.1853439Z             "title" : "Whether to rewrite and minimize downloaded JAR dependencies (experimental).",
2025-10-07T22:26:09.1854175Z             "description" : "If 'true', JAR dependencies downloaded during extraction will be rewritten to remove unneeded data, such as method bodies. The default is 'false'.\n",
2025-10-07T22:26:09.1854859Z             "type" : "string",
2025-10-07T22:26:09.1855071Z             "pattern" : "^(false|true)$"
2025-10-07T22:26:09.1855284Z           }
2025-10-07T22:26:09.1855434Z         }
2025-10-07T22:26:09.1855571Z       }
2025-10-07T22:26:09.1855715Z     ],
2025-10-07T22:26:09.1855856Z     "html" : [
2025-10-07T22:26:09.1856012Z       {
2025-10-07T22:26:09.1856260Z         "extractor_root" : "/opt/hostedtoolcache/CodeQL/2.23.2/x64/codeql/html"
2025-10-07T22:26:09.1856681Z       }
2025-10-07T22:26:09.1856821Z     ],
2025-10-07T22:26:09.1856958Z     "yaml" : [
2025-10-07T22:26:09.1857111Z       {
2025-10-07T22:26:09.1857345Z         "extractor_root" : "/opt/hostedtoolcache/CodeQL/2.23.2/x64/codeql/yaml"
2025-10-07T22:26:09.1857646Z       }
2025-10-07T22:26:09.1857780Z     ],
2025-10-07T22:26:09.1857924Z     "swift" : [
2025-10-07T22:26:09.1858076Z       {
2025-10-07T22:26:09.1858317Z         "extractor_root" : "/opt/hostedtoolcache/CodeQL/2.23.2/x64/codeql/swift"
2025-10-07T22:26:09.1858617Z       }
2025-10-07T22:26:09.1858758Z     ],
2025-10-07T22:26:09.1858911Z     "properties" : [
2025-10-07T22:26:09.1859085Z       {
2025-10-07T22:26:09.1859350Z         "extractor_root" : "/opt/hostedtoolcache/CodeQL/2.23.2/x64/codeql/properties"
2025-10-07T22:26:09.1859675Z       }
2025-10-07T22:26:09.1859816Z     ],
2025-10-07T22:26:09.1859953Z     "ruby" : [
2025-10-07T22:26:09.1860107Z       {
2025-10-07T22:26:09.1860350Z         "extractor_root" : "/opt/hostedtoolcache/CodeQL/2.23.2/x64/codeql/ruby",
2025-10-07T22:26:09.1860679Z         "extractor_options" : {
2025-10-07T22:26:09.1860881Z           "trap" : {
2025-10-07T22:26:09.1861079Z             "title" : "Options pertaining to TRAP.",
2025-10-07T22:26:09.1861369Z             "description" : "Options pertaining to TRAP.",
2025-10-07T22:26:09.1861625Z             "type" : "object",
2025-10-07T22:26:09.1861827Z             "properties" : {
2025-10-07T22:26:09.1862028Z               "compression" : {
2025-10-07T22:26:09.1862349Z                 "title" : "Controls compression for the TRAP files written by the extractor.",
2025-10-07T22:26:09.1863383Z                 "description" : "This option is only intended for use in debugging the extractor. Accepted values are 'gzip' (the default, to write gzip-compressed TRAP) 'zstd' (to write Zstandard-compressed TRAP) and 'none' (to write uncompressed TRAP).\n",
2025-10-07T22:26:09.1864204Z                 "type" : "string",
2025-10-07T22:26:09.1864547Z                 "pattern" : "^(none|gzip|zstd)$"
2025-10-07T22:26:09.1864771Z               }
2025-10-07T22:26:09.1864930Z             }
2025-10-07T22:26:09.1865077Z           }
2025-10-07T22:26:09.1865225Z         }
2025-10-07T22:26:09.1865364Z       }
2025-10-07T22:26:09.1865506Z     ],
2025-10-07T22:26:09.1865648Z     "go" : [
2025-10-07T22:26:09.1865798Z       {
2025-10-07T22:26:09.1866034Z         "extractor_root" : "/opt/hostedtoolcache/CodeQL/2.23.2/x64/codeql/go",
2025-10-07T22:26:09.1866356Z         "extractor_options" : {
2025-10-07T22:26:09.1866555Z           "extract_tests" : {
2025-10-07T22:26:09.1866841Z             "title" : "Whether to include Go test files in the CodeQL database.",
2025-10-07T22:26:09.1867413Z             "description" : "A value indicating whether Go test files should be included in the CodeQL database. The default is 'false'.\n",
2025-10-07T22:26:09.1867885Z             "type" : "string",
2025-10-07T22:26:09.1868094Z             "pattern" : "^(false|true)$"
2025-10-07T22:26:09.1868308Z           },
2025-10-07T22:26:09.1868473Z           "extract_vendor_dirs" : {
2025-10-07T22:26:09.1868791Z             "title" : "Whether to include Go vendor directories in the CodeQL database.",
2025-10-07T22:26:09.1869402Z             "description" : "A value indicating whether Go vendor directories should be included in the CodeQL database. The default is 'false'.\n",
2025-10-07T22:26:09.1869906Z             "type" : "string",
2025-10-07T22:26:09.1870106Z             "pattern" : "^(false|true)$"
2025-10-07T22:26:09.1870321Z           }
2025-10-07T22:26:09.1870471Z         }
2025-10-07T22:26:09.1870613Z       }
2025-10-07T22:26:09.1870745Z     ],
2025-10-07T22:26:09.1870899Z     "csharp" : [
2025-10-07T22:26:09.1871054Z       {
2025-10-07T22:26:09.1871311Z         "extractor_root" : "/opt/hostedtoolcache/CodeQL/2.23.2/x64/codeql/csharp",
2025-10-07T22:26:09.1871643Z         "extractor_options" : {
2025-10-07T22:26:09.1871837Z           "trap" : {
2025-10-07T22:26:09.1872034Z             "title" : "Options pertaining to TRAP.",
2025-10-07T22:26:09.1872431Z             "description" : "Options pertaining to TRAP.",
2025-10-07T22:26:09.1872689Z             "type" : "object",
2025-10-07T22:26:09.1872881Z             "properties" : {
2025-10-07T22:26:09.1873083Z               "compression" : {
2025-10-07T22:26:09.1873398Z                 "title" : "Controls compression for the TRAP files written by the extractor.",
2025-10-07T22:26:09.1874236Z                 "description" : "This option is only intended for use in debugging the extractor. Accepted values are 'brotli' (the default, to write brotli-compressed TRAP), 'gzip', and 'none' (to write uncompressed TRAP).\n",
2025-10-07T22:26:09.1875103Z                 "type" : "string",
2025-10-07T22:26:09.1875330Z                 "pattern" : "^(none|gzip|brotli)$"
2025-10-07T22:26:09.1875560Z               }
2025-10-07T22:26:09.1875711Z             }
2025-10-07T22:26:09.1875866Z           },
2025-10-07T22:26:09.1876018Z           "buildless" : {
2025-10-07T22:26:09.1876325Z             "title" : "DEPRECATED - Whether to use buildless (standalone) extraction.",
2025-10-07T22:26:09.1877933Z             "description" : "DEPRECATED: Use `--build-mode none` instead.\nA value indicating, which type of extraction the autobuilder should perform. If 'true', then the standalone extractor will be used, otherwise tracing extraction will be performed. The default is 'false'. Note that buildless extraction will generally yield less accurate analysis results, and should only be used in cases where it is not possible to build the code (for example if it uses inaccessible dependencies).\n",
2025-10-07T22:26:09.1879419Z             "type" : "string",
2025-10-07T22:26:09.1879734Z             "pattern" : "^(false|true)$"
2025-10-07T22:26:09.1879957Z           },
2025-10-07T22:26:09.1880110Z           "logging" : {
2025-10-07T22:26:09.1880327Z             "title" : "Options pertaining to logging.",
2025-10-07T22:26:09.1880625Z             "description" : "Options pertaining to logging.",
2025-10-07T22:26:09.1880898Z             "type" : "object",
2025-10-07T22:26:09.1881094Z             "properties" : {
2025-10-07T22:26:09.1881295Z               "verbosity" : {
2025-10-07T22:26:09.1881524Z                 "title" : "Extractor logging verbosity level.",
2025-10-07T22:26:09.1882363Z                 "description" : "Controls the level of verbosity of the extractor. The supported levels are (in order of increasing verbosity):\n  - off\n  - errors\n  - warnings\n  - info or progress\n  - debug or progress+\n  - trace or progress++\n  - progress+++\n",
2025-10-07T22:26:09.1883153Z                 "type" : "string",
2025-10-07T22:26:09.1883570Z                 "pattern" : "^(off|errors|warnings|(info|progress)|(debug|progress\\+)|(trace|progress\\+\\+)|progress\\+\\+\\+)$"
2025-10-07T22:26:09.1883990Z               }
2025-10-07T22:26:09.1884146Z             }
2025-10-07T22:26:09.1884386Z           },
2025-10-07T22:26:09.1884545Z           "binlog" : {
2025-10-07T22:26:09.1884723Z             "title" : "Binlog",
2025-10-07T22:26:09.1885314Z             "description" : "[EXPERIMENTAL] The value is a path to the MsBuild binary log file that should be extracted. This option only works when `--build-mode none` is also specified.\n",
2025-10-07T22:26:09.1885918Z             "type" : "array"
2025-10-07T22:26:09.1886108Z           }
2025-10-07T22:26:09.1886247Z         }
2025-10-07T22:26:09.1886391Z       }
2025-10-07T22:26:09.1886527Z     ],
2025-10-07T22:26:09.1886672Z     "actions" : [
2025-10-07T22:26:09.1886832Z       {
2025-10-07T22:26:09.1887087Z         "extractor_root" : "/opt/hostedtoolcache/CodeQL/2.23.2/x64/codeql/actions",
2025-10-07T22:26:09.1887432Z         "extractor_options" : {
2025-10-07T22:26:09.1887624Z           "trap" : {
2025-10-07T22:26:09.1887811Z             "title" : "TRAP options",
2025-10-07T22:26:09.1888118Z             "description" : "Options about how the extractor handles TRAP files",
2025-10-07T22:26:09.1888480Z             "type" : "object",
2025-10-07T22:26:09.1888865Z             "visibility" : 3,
2025-10-07T22:26:09.1889067Z             "properties" : {
2025-10-07T22:26:09.1889267Z               "cache" : {
2025-10-07T22:26:09.1889469Z                 "title" : "TRAP cache options",
2025-10-07T22:26:09.1889811Z                 "description" : "Options about how the extractor handles its TRAP cache",
2025-10-07T22:26:09.1890145Z                 "type" : "object",
2025-10-07T22:26:09.1890364Z                 "properties" : {
2025-10-07T22:26:09.1890568Z                   "dir" : {
2025-10-07T22:26:09.1890778Z                     "title" : "TRAP cache directory",
2025-10-07T22:26:09.1891091Z                     "description" : "The directory of the TRAP cache to use",
2025-10-07T22:26:09.1891376Z                     "type" : "string"
2025-10-07T22:26:09.1891584Z                   },
2025-10-07T22:26:09.1891755Z                   "bound" : {
2025-10-07T22:26:09.1891965Z                     "title" : "TRAP cache bound",
2025-10-07T22:26:09.1892282Z                     "description" : "A soft limit (in MB) on the size of the TRAP cache",
2025-10-07T22:26:09.1892602Z                     "type" : "string",
2025-10-07T22:26:09.1892829Z                     "pattern" : "[0-9]+"
2025-10-07T22:26:09.1893035Z                   },
2025-10-07T22:26:09.1893205Z                   "write" : {
2025-10-07T22:26:09.1893410Z                     "title" : "TRAP cache writeable",
2025-10-07T22:26:09.1893760Z                     "description" : "Whether to write to the TRAP cache as well as reading it",
2025-10-07T22:26:09.1894093Z                     "type" : "string",
2025-10-07T22:26:09.1894427Z                     "pattern" : "(true|TRUE|false|FALSE)"
2025-10-07T22:26:09.1894774Z                   }
2025-10-07T22:26:09.1894931Z                 }
2025-10-07T22:26:09.1895087Z               }
2025-10-07T22:26:09.1895235Z             }
2025-10-07T22:26:09.1895385Z           }
2025-10-07T22:26:09.1895531Z         }
2025-10-07T22:26:09.1895680Z       }
2025-10-07T22:26:09.1895855Z     ]
2025-10-07T22:26:09.1896007Z   }
2025-10-07T22:26:09.1896145Z }
2025-10-07T22:26:09.1995867Z Languages from configuration: actions
2025-10-07T22:26:09.2002800Z [command]/opt/hostedtoolcache/CodeQL/2.23.2/x64/codeql/codeql resolve languages --format=betterjson --extractor-options-verbosity=4 --extractor-include-aliases
2025-10-07T22:26:10.0935264Z {
2025-10-07T22:26:10.0936002Z   "aliases" : {
2025-10-07T22:26:10.0936810Z     "c" : "cpp",
2025-10-07T22:26:10.0937421Z     "c++" : "cpp",
2025-10-07T22:26:10.0938245Z     "c-c++" : "cpp",
2025-10-07T22:26:10.0938876Z     "c-cpp" : "cpp",
2025-10-07T22:26:10.0939760Z     "c#" : "csharp",
2025-10-07T22:26:10.0940451Z     "java-kotlin" : "java",
2025-10-07T22:26:10.0941130Z     "kotlin" : "java",
2025-10-07T22:26:10.0941819Z     "javascript-typescript" : "javascript",
2025-10-07T22:26:10.0947864Z     "typescript" : "javascript"
2025-10-07T22:26:10.0948536Z   },
2025-10-07T22:26:10.0949122Z   "extractors" : {
2025-10-07T22:26:10.0949795Z     "xml" : [
2025-10-07T22:26:10.0950099Z       {
2025-10-07T22:26:10.0950527Z         "extractor_root" : "/opt/hostedtoolcache/CodeQL/2.23.2/x64/codeql/xml"
2025-10-07T22:26:10.0951084Z       }
2025-10-07T22:26:10.0951318Z     ],
2025-10-07T22:26:10.0951574Z     "python" : [
2025-10-07T22:26:10.0951846Z       {
2025-10-07T22:26:10.0952288Z         "extractor_root" : "/opt/hostedtoolcache/CodeQL/2.23.2/x64/codeql/python",
2025-10-07T22:26:10.0952865Z         "extractor_options" : {
2025-10-07T22:26:10.0953213Z           "logging" : {
2025-10-07T22:26:10.0953567Z             "title" : "Options pertaining to logging.",
2025-10-07T22:26:10.0954079Z             "description" : "Options pertaining to logging.",
2025-10-07T22:26:10.0954749Z             "type" : "object",
2025-10-07T22:26:10.0955090Z             "properties" : {
2025-10-07T22:26:10.0955434Z               "verbosity" : {
2025-10-07T22:26:10.0955856Z                 "title" : "Python extractor logging verbosity level.",
2025-10-07T22:26:10.0957529Z                 "description" : "Controls the level of verbosity of the CodeQL Python extractor.\nThe supported levels are (in order of increasing verbosity):\n\n  - off\n  - errors\n  - warnings\n  - info or progress\n  - debug or progress+\n  - trace or progress++\n  - progress+++\n",
2025-10-07T22:26:10.0959586Z                 "type" : "string",
2025-10-07T22:26:10.0960367Z                 "pattern" : "^(off|errors|warnings|(info|progress)|(debug|progress\\+)|(trace|progress\\+\\+)|progress\\+\\+\\+)$"
2025-10-07T22:26:10.0961160Z               }
2025-10-07T22:26:10.0961440Z             }
2025-10-07T22:26:10.0961712Z           },
2025-10-07T22:26:10.0962014Z           "python_executable_name" : {
2025-10-07T22:26:10.0962697Z             "title" : "Controls the name of the Python executable used by the Python extractor.",
2025-10-07T22:26:10.0965270Z             "description" : "The Python extractor uses platform-dependent heuristics to determine the name of the Python executable to use. Specifying a value for this option overrides the name of the Python executable used by the extractor. Accepted values are py, python and python3. Use this setting with caution, the Python extractor requires Python 3 to run.\n",
2025-10-07T22:26:10.0967422Z             "type" : "string",
2025-10-07T22:26:10.0967826Z             "pattern" : "^(py|python|python3)$"
2025-10-07T22:26:10.0968251Z           }
2025-10-07T22:26:10.0968508Z         }
2025-10-07T22:26:10.0968761Z       }
2025-10-07T22:26:10.0969005Z     ],
2025-10-07T22:26:10.0969273Z     "javascript" : [
2025-10-07T22:26:10.0969575Z       {
2025-10-07T22:26:10.0970072Z         "extractor_root" : "/opt/hostedtoolcache/CodeQL/2.23.2/x64/codeql/javascript",
2025-10-07T22:26:10.0970929Z         "extractor_options" : {
2025-10-07T22:26:10.0971305Z           "trap" : {
2025-10-07T22:26:10.0971632Z             "title" : "TRAP options",
2025-10-07T22:26:10.0972205Z             "description" : "Options about how the extractor handles TRAP files",
2025-10-07T22:26:10.0972785Z             "type" : "object",
2025-10-07T22:26:10.0973149Z             "visibility" : 3,
2025-10-07T22:26:10.0973514Z             "properties" : {
2025-10-07T22:26:10.0973864Z               "cache" : {
2025-10-07T22:26:10.0974242Z                 "title" : "TRAP cache options",
2025-10-07T22:26:10.0975067Z                 "description" : "Options about how the extractor handles its TRAP cache",
2025-10-07T22:26:10.0975690Z                 "type" : "object",
2025-10-07T22:26:10.0976075Z                 "properties" : {
2025-10-07T22:26:10.0976451Z                   "dir" : {
2025-10-07T22:26:10.0976820Z                     "title" : "TRAP cache directory",
2025-10-07T22:26:10.0977390Z                     "description" : "The directory of the TRAP cache to use",
2025-10-07T22:26:10.0977928Z                     "type" : "string"
2025-10-07T22:26:10.0978300Z                   },
2025-10-07T22:26:10.0978609Z                   "bound" : {
2025-10-07T22:26:10.0978982Z                     "title" : "TRAP cache bound",
2025-10-07T22:26:10.0979584Z                     "description" : "A soft limit (in MB) on the size of the TRAP cache",
2025-10-07T22:26:10.0980160Z                     "type" : "string",
2025-10-07T22:26:10.0980566Z                     "pattern" : "[0-9]+"
2025-10-07T22:26:10.0980949Z                   },
2025-10-07T22:26:10.0981257Z                   "write" : {
2025-10-07T22:26:10.0981638Z                     "title" : "TRAP cache writeable",
2025-10-07T22:26:10.0982277Z                     "description" : "Whether to write to the TRAP cache as well as reading it",
2025-10-07T22:26:10.0982911Z                     "type" : "string",
2025-10-07T22:26:10.0983347Z                     "pattern" : "(true|TRUE|false|FALSE)"
2025-10-07T22:26:10.0983786Z                   }
2025-10-07T22:26:10.0984073Z                 }
2025-10-07T22:26:10.0984538Z               }
2025-10-07T22:26:10.0984810Z             }
2025-10-07T22:26:10.0985085Z           },
2025-10-07T22:26:10.0985383Z           "skip_types" : {
2025-10-07T22:26:10.0985801Z             "title" : "Skip type extraction for TypeScript",
2025-10-07T22:26:10.0986747Z             "description" : "Whether to skip the extraction of types in a TypeScript application",
2025-10-07T22:26:10.0987399Z             "type" : "string",
2025-10-07T22:26:10.0987765Z             "pattern" : "^(false|true)$"
2025-10-07T22:26:10.0988138Z           }
2025-10-07T22:26:10.0988388Z         }
2025-10-07T22:26:10.0988627Z       }
2025-10-07T22:26:10.0988868Z     ],
2025-10-07T22:26:10.0989112Z     "rust" : [
2025-10-07T22:26:10.0989377Z       {
2025-10-07T22:26:10.0989815Z         "extractor_root" : "/opt/hostedtoolcache/CodeQL/2.23.2/x64/codeql/rust",
2025-10-07T22:26:10.0990406Z         "extractor_options" : {
2025-10-07T22:26:10.0990778Z           "trap" : {
2025-10-07T22:26:10.0991124Z             "title" : "Options pertaining to TRAP.",
2025-10-07T22:26:10.0991638Z             "description" : "Options pertaining to TRAP.",
2025-10-07T22:26:10.0992223Z             "type" : "object",
2025-10-07T22:26:10.0992590Z             "properties" : {
2025-10-07T22:26:10.0992959Z               "compression" : {
2025-10-07T22:26:10.0993544Z                 "title" : "Controls compression for the TRAP files written by the extractor.",
2025-10-07T22:26:10.0995457Z                 "description" : "This option is only intended for use in debugging the extractor. Accepted values are 'gzip' (to write gzip-compressed TRAP) 'zstd' (to write Zstandard-compressed TRAP) and 'none' (the default, to write uncompressed TRAP).\n",
2025-10-07T22:26:10.0996941Z                 "type" : "string",
2025-10-07T22:26:10.0997359Z                 "pattern" : "^(none|gzip|zstd)$"
2025-10-07T22:26:10.0997763Z               }
2025-10-07T22:26:10.0998246Z             }
2025-10-07T22:26:10.0998522Z           },
2025-10-07T22:26:10.0998811Z           "cargo_target_dir" : {
2025-10-07T22:26:10.0999257Z             "title" : "Directory to use for cargo output files.",
2025-10-07T22:26:10.1001038Z             "description" : "This value is an optional path to use as `CARGO_TARGET_DIR` for the internal cargo commands the extractor uses. Pointing it to a persistent directory may reduce execution time of consecutive extractor runs. By default, a new scratch directory is used for each run.\n",
2025-10-07T22:26:10.1002757Z             "type" : "string"
2025-10-07T22:26:10.1003087Z           },
2025-10-07T22:26:10.1003367Z           "cargo_target" : {
2025-10-07T22:26:10.1003741Z             "title" : "Target architecture",
2025-10-07T22:26:10.1004912Z             "description" : "Target architecture to use for analysis, analogous to `cargo --target`. By default the host architecture is used.\n",
2025-10-07T22:26:10.1005849Z             "type" : "string"
2025-10-07T22:26:10.1006198Z           },
2025-10-07T22:26:10.1006497Z           "cargo_features" : {
2025-10-07T22:26:10.1006893Z             "title" : "Cargo features to turn on",
2025-10-07T22:26:10.1008441Z             "description" : "Comma-separated list of features to turn on. By default all features are enabled. If any features are specified, then only those features are enabled. The `default` feature must be explicitly specified if only default features are desired. Can be repeated.\n",
2025-10-07T22:26:10.1009357Z             "type" : "array"
2025-10-07T22:26:10.1009556Z           },
2025-10-07T22:26:10.1009738Z           "cargo_cfg_overrides" : {
2025-10-07T22:26:10.1009976Z             "title" : "Cargo cfg overrides",
2025-10-07T22:26:10.1010445Z             "description" : "Comma-separated list of cfg settings to enable, or disable if prefixed with `-`. Can be repeated.\n",
2025-10-07T22:26:10.1010891Z             "type" : "array"
2025-10-07T22:26:10.1011086Z           },
2025-10-07T22:26:10.1011246Z           "logging" : {
2025-10-07T22:26:10.1011474Z             "title" : "Options pertaining to logging.",
2025-10-07T22:26:10.1011773Z             "description" : "Options pertaining to logging.",
2025-10-07T22:26:10.1012045Z             "type" : "object",
2025-10-07T22:26:10.1012257Z             "properties" : {
2025-10-07T22:26:10.1012647Z               "verbosity" : {
2025-10-07T22:26:10.1012892Z                 "title" : "Extractor logging verbosity level.",
2025-10-07T22:26:10.1013740Z                 "description" : "Controls the level of verbosity of the extractor. The supported levels are (in order of increasing verbosity):\n  - off\n  - errors\n  - warnings\n  - info or progress\n  - debug or progress+\n  - trace or progress++\n  - progress+++\n",
2025-10-07T22:26:10.1014766Z                 "type" : "string",
2025-10-07T22:26:10.1015197Z                 "pattern" : "^(off|errors|warnings|(info|progress)|(debug|progress\\+)|(trace|progress\\+\\+)|progress\\+\\+\\+)$"
2025-10-07T22:26:10.1015630Z               },
2025-10-07T22:26:10.1015810Z               "flamegraph" : {
2025-10-07T22:26:10.1016090Z                 "title" : "[Experimental] File path for write flame graph log",
2025-10-07T22:26:10.1016893Z                 "description" : "Collect flame graph data using the `tracing-flame` crate. To render a flame graph or chart, run the `inferno-flamegraph` command. See also: https://crates.io/crates/tracing-flame\n",
2025-10-07T22:26:10.1017588Z                 "type" : "string"
2025-10-07T22:26:10.1017795Z               }
2025-10-07T22:26:10.1017960Z             }
2025-10-07T22:26:10.1018111Z           },
2025-10-07T22:26:10.1018300Z           "extract_dependencies_as_source" : {
2025-10-07T22:26:10.1018583Z             "title" : "Extract dependencies as source code",
2025-10-07T22:26:10.1019051Z             "description" : "Extract the full source code of dependencies instead of only extracting signatures.\n",
2025-10-07T22:26:10.1019470Z             "type" : "string",
2025-10-07T22:26:10.1019814Z             "pattern" : "^(false|true)$"
2025-10-07T22:26:10.1020039Z           }
2025-10-07T22:26:10.1020207Z         }
2025-10-07T22:26:10.1020352Z       }
2025-10-07T22:26:10.1020500Z     ],
2025-10-07T22:26:10.1020652Z     "csv" : [
2025-10-07T22:26:10.1020805Z       {
2025-10-07T22:26:10.1021058Z         "extractor_root" : "/opt/hostedtoolcache/CodeQL/2.23.2/x64/codeql/csv"
2025-10-07T22:26:10.1021370Z       }
2025-10-07T22:26:10.1021520Z     ],
2025-10-07T22:26:10.1021668Z     "cpp" : [
2025-10-07T22:26:10.1021875Z       {
2025-10-07T22:26:10.1022121Z         "extractor_root" : "/opt/hostedtoolcache/CodeQL/2.23.2/x64/codeql/cpp",
2025-10-07T22:26:10.1022443Z         "extractor_options" : {
2025-10-07T22:26:10.1022656Z           "trap" : {
2025-10-07T22:26:10.1022850Z             "title" : "TRAP options",
2025-10-07T22:26:10.1023168Z             "description" : "Options about how the extractor handles TRAP files",
2025-10-07T22:26:10.1023491Z             "type" : "object",
2025-10-07T22:26:10.1023699Z             "visibility" : 3,
2025-10-07T22:26:10.1023910Z             "properties" : {
2025-10-07T22:26:10.1024105Z               "cache" : {
2025-10-07T22:26:10.1024525Z                 "title" : "TRAP cache options",
2025-10-07T22:26:10.1024882Z                 "description" : "Options about how the extractor handles its TRAP cache",
2025-10-07T22:26:10.1025229Z                 "type" : "object",
2025-10-07T22:26:10.1025448Z                 "properties" : {
2025-10-07T22:26:10.1025660Z                   "dir" : {
2025-10-07T22:26:10.1025883Z                     "title" : "TRAP cache directory",
2025-10-07T22:26:10.1026190Z                     "description" : "The directory of the TRAP cache to use",
2025-10-07T22:26:10.1026489Z                     "type" : "string"
2025-10-07T22:26:10.1026695Z                   },
2025-10-07T22:26:10.1026875Z                   "bound" : {
2025-10-07T22:26:10.1027088Z                     "title" : "TRAP cache bound",
2025-10-07T22:26:10.1027418Z                     "description" : "A soft limit (in MB) on the size of the TRAP cache",
2025-10-07T22:26:10.1027737Z                     "type" : "string",
2025-10-07T22:26:10.1027968Z                     "pattern" : "[0-9]+"
2025-10-07T22:26:10.1028192Z                   },
2025-10-07T22:26:10.1028363Z                   "write" : {
2025-10-07T22:26:10.1028716Z                     "title" : "TRAP cache writeable",
2025-10-07T22:26:10.1029065Z                     "description" : "Whether to write to the TRAP cache as well as reading it",
2025-10-07T22:26:10.1029409Z                     "type" : "string",
2025-10-07T22:26:10.1029648Z                     "pattern" : "(true|TRUE|false|FALSE)"
2025-10-07T22:26:10.1029889Z                   }
2025-10-07T22:26:10.1030052Z                 }
2025-10-07T22:26:10.1030218Z               }
2025-10-07T22:26:10.1030383Z             }
2025-10-07T22:26:10.1030538Z           },
2025-10-07T22:26:10.1030709Z           "scale_timeouts" : {
2025-10-07T22:26:10.1030993Z             "title" : "Value to scale compiler introspection timeouts with",
2025-10-07T22:26:10.1032261Z             "description" : "The extractor attempts to determine what compiler the source code being extracted is compiled with. To this end the extractor makes additional calls to the compiler, some of which are expected to return within a certain fixed time (either 10s or 15s). On some systems that are under high load this time might be too short, and can be scaled up using this option.\n",
2025-10-07T22:26:10.1033439Z             "type" : "string",
2025-10-07T22:26:10.1033644Z             "pattern" : "[0-9]+"
2025-10-07T22:26:10.1033849Z           },
2025-10-07T22:26:10.1034015Z           "log_verbosity" : {
2025-10-07T22:26:10.1034402Z             "title" : "Verbosity of the extractor logging",
2025-10-07T22:26:10.1034953Z             "description" : "Set the verbosity of the extractor logging to 'quiet' (0), 'normal' (1), 'chatty' (2), or 'noisy' (3). The default is 'normal'.\n",
2025-10-07T22:26:10.1035448Z             "type" : "string",
2025-10-07T22:26:10.1035769Z             "pattern" : "[0-3]"
2025-10-07T22:26:10.1035971Z           },
2025-10-07T22:26:10.1036144Z           "frontend_options" : {
2025-10-07T22:26:10.1036386Z             "title" : "C/C++ extractor frontend options",
2025-10-07T22:26:10.1036822Z             "description" : "Set additional options that should be passed to the C/C++ extractor frontend.\n",
2025-10-07T22:26:10.1037225Z             "type" : "array",
2025-10-07T22:26:10.1037430Z             "visibility" : 3
2025-10-07T22:26:10.1037618Z           }
2025-10-07T22:26:10.1037771Z         }
2025-10-07T22:26:10.1037916Z       }
2025-10-07T22:26:10.1038064Z     ],
2025-10-07T22:26:10.1038208Z     "java" : [
2025-10-07T22:26:10.1038369Z       {
2025-10-07T22:26:10.1038626Z         "extractor_root" : "/opt/hostedtoolcache/CodeQL/2.23.2/x64/codeql/java",
2025-10-07T22:26:10.1038954Z         "extractor_options" : {
2025-10-07T22:26:10.1039163Z           "exclude" : {
2025-10-07T22:26:10.1039386Z             "title" : "A glob excluding files from analysis.",
2025-10-07T22:26:10.1040031Z             "description" : "A glob indicating what files to exclude from the analysis. This accepts glob patterns that are supported by Java's 'getPathMatcher' implementation.\n",
2025-10-07T22:26:10.1040614Z             "type" : "string"
2025-10-07T22:26:10.1040809Z           },
2025-10-07T22:26:10.1040974Z           "add_prefer_source" : {
2025-10-07T22:26:10.1041275Z             "title" : "Whether to always prefer source files over class files.",
2025-10-07T22:26:10.1042273Z             "description" : "A value indicating whether source files should be preferred over class files. If set to 'true', the extraction adds '-Xprefer:source' to the javac command line. If set to 'false', the extraction uses the default javac behavior ('-Xprefer:newer'). The default is 'true'.\n",
2025-10-07T22:26:10.1043172Z             "type" : "string",
2025-10-07T22:26:10.1043391Z             "pattern" : "^(false|true)$"
2025-10-07T22:26:10.1043608Z           },
2025-10-07T22:26:10.1043777Z           "buildless" : {
2025-10-07T22:26:10.1044081Z             "title" : "Whether to use buildless (standalone) extraction (experimental).",
2025-10-07T22:26:10.1045698Z             "description" : "A value indicating, which type of extraction the autobuilder should perform. If 'true', then the standalone extractor will be used, otherwise tracing extraction will be performed. The default is 'false'. Note that buildless extraction will generally yield less accurate analysis results, and should only be used in cases where it is not possible to build the code (for example if it uses inaccessible dependencies).\n",
2025-10-07T22:26:10.1047173Z             "type" : "string",
2025-10-07T22:26:10.1047383Z             "pattern" : "^(false|true)$"
2025-10-07T22:26:10.1047609Z           },
2025-10-07T22:26:10.1047788Z           "buildless_dependency_dir" : {
2025-10-07T22:26:10.1048160Z             "title" : "The path where buildless (standalone) extraction should keep dependencies.",
2025-10-07T22:26:10.1048851Z             "description" : "If set, the buildless (standalone) extractor will store dependencies in this directory.\n",
2025-10-07T22:26:10.1049574Z             "type" : "string"
2025-10-07T22:26:10.1049908Z           },
2025-10-07T22:26:10.1050150Z           "minimize_dependency_jars" : {
2025-10-07T22:26:10.1050536Z             "title" : "Whether to rewrite and minimize downloaded JAR dependencies (experimental).",
2025-10-07T22:26:10.1051277Z             "description" : "If 'true', JAR dependencies downloaded during extraction will be rewritten to remove unneeded data, such as method bodies. The default is 'false'.\n",
2025-10-07T22:26:10.1051864Z             "type" : "string",
2025-10-07T22:26:10.1052078Z             "pattern" : "^(false|true)$"
2025-10-07T22:26:10.1052294Z           }
2025-10-07T22:26:10.1052449Z         }
2025-10-07T22:26:10.1052593Z       }
2025-10-07T22:26:10.1052741Z     ],
2025-10-07T22:26:10.1052887Z     "html" : [
2025-10-07T22:26:10.1053050Z       {
2025-10-07T22:26:10.1053433Z         "extractor_root" : "/opt/hostedtoolcache/CodeQL/2.23.2/x64/codeql/html"
2025-10-07T22:26:10.1053954Z       }
2025-10-07T22:26:10.1054113Z     ],
2025-10-07T22:26:10.1054418Z     "yaml" : [
2025-10-07T22:26:10.1054636Z       {
2025-10-07T22:26:10.1054888Z         "extractor_root" : "/opt/hostedtoolcache/CodeQL/2.23.2/x64/codeql/yaml"
2025-10-07T22:26:10.1055342Z       }
2025-10-07T22:26:10.1055486Z     ],
2025-10-07T22:26:10.1055765Z     "swift" : [
2025-10-07T22:26:10.1055943Z       {
2025-10-07T22:26:10.1056242Z         "extractor_root" : "/opt/hostedtoolcache/CodeQL/2.23.2/x64/codeql/swift"
2025-10-07T22:26:10.1056556Z       }
2025-10-07T22:26:10.1056695Z     ],
2025-10-07T22:26:10.1056854Z     "properties" : [
2025-10-07T22:26:10.1057029Z       {
2025-10-07T22:26:10.1057303Z         "extractor_root" : "/opt/hostedtoolcache/CodeQL/2.23.2/x64/codeql/properties"
2025-10-07T22:26:10.1057629Z       }
2025-10-07T22:26:10.1057773Z     ],
2025-10-07T22:26:10.1057918Z     "ruby" : [
2025-10-07T22:26:10.1058086Z       {
2025-10-07T22:26:10.1058335Z         "extractor_root" : "/opt/hostedtoolcache/CodeQL/2.23.2/x64/codeql/ruby",
2025-10-07T22:26:10.1058656Z         "extractor_options" : {
2025-10-07T22:26:10.1058868Z           "trap" : {
2025-10-07T22:26:10.1059069Z             "title" : "Options pertaining to TRAP.",
2025-10-07T22:26:10.1059365Z             "description" : "Options pertaining to TRAP.",
2025-10-07T22:26:10.1059623Z             "type" : "object",
2025-10-07T22:26:10.1059840Z             "properties" : {
2025-10-07T22:26:10.1060041Z               "compression" : {
2025-10-07T22:26:10.1060375Z                 "title" : "Controls compression for the TRAP files written by the extractor.",
2025-10-07T22:26:10.1061313Z                 "description" : "This option is only intended for use in debugging the extractor. Accepted values are 'gzip' (the default, to write gzip-compressed TRAP) 'zstd' (to write Zstandard-compressed TRAP) and 'none' (to write uncompressed TRAP).\n",
2025-10-07T22:26:10.1062117Z                 "type" : "string",
2025-10-07T22:26:10.1062358Z                 "pattern" : "^(none|gzip|zstd)$"
2025-10-07T22:26:10.1062591Z               }
2025-10-07T22:26:10.1062757Z             }
2025-10-07T22:26:10.1062913Z           }
2025-10-07T22:26:10.1063064Z         }
2025-10-07T22:26:10.1063351Z       }
2025-10-07T22:26:10.1063499Z     ],
2025-10-07T22:26:10.1063648Z     "go" : [
2025-10-07T22:26:10.1063799Z       {
2025-10-07T22:26:10.1064045Z         "extractor_root" : "/opt/hostedtoolcache/CodeQL/2.23.2/x64/codeql/go",
2025-10-07T22:26:10.1064570Z         "extractor_options" : {
2025-10-07T22:26:10.1064792Z           "extract_tests" : {
2025-10-07T22:26:10.1065083Z             "title" : "Whether to include Go test files in the CodeQL database.",
2025-10-07T22:26:10.1065665Z             "description" : "A value indicating whether Go test files should be included in the CodeQL database. The default is 'false'.\n",
2025-10-07T22:26:10.1066145Z             "type" : "string",
2025-10-07T22:26:10.1066370Z             "pattern" : "^(false|true)$"
2025-10-07T22:26:10.1066590Z           },
2025-10-07T22:26:10.1066763Z           "extract_vendor_dirs" : {
2025-10-07T22:26:10.1067090Z             "title" : "Whether to include Go vendor directories in the CodeQL database.",
2025-10-07T22:26:10.1067707Z             "description" : "A value indicating whether Go vendor directories should be included in the CodeQL database. The default is 'false'.\n",
2025-10-07T22:26:10.1068226Z             "type" : "string",
2025-10-07T22:26:10.1068435Z             "pattern" : "^(false|true)$"
2025-10-07T22:26:10.1068656Z           }
2025-10-07T22:26:10.1068806Z         }
2025-10-07T22:26:10.1068956Z       }
2025-10-07T22:26:10.1069104Z     ],
2025-10-07T22:26:10.1069253Z     "csharp" : [
2025-10-07T22:26:10.1069423Z       {
2025-10-07T22:26:10.1069678Z         "extractor_root" : "/opt/hostedtoolcache/CodeQL/2.23.2/x64/codeql/csharp",
2025-10-07T22:26:10.1070020Z         "extractor_options" : {
2025-10-07T22:26:10.1070375Z           "trap" : {
2025-10-07T22:26:10.1070589Z             "title" : "Options pertaining to TRAP.",
2025-10-07T22:26:10.1070876Z             "description" : "Options pertaining to TRAP.",
2025-10-07T22:26:10.1071141Z             "type" : "object",
2025-10-07T22:26:10.1071346Z             "properties" : {
2025-10-07T22:26:10.1071559Z               "compression" : {
2025-10-07T22:26:10.1071889Z                 "title" : "Controls compression for the TRAP files written by the extractor.",
2025-10-07T22:26:10.1072740Z                 "description" : "This option is only intended for use in debugging the extractor. Accepted values are 'brotli' (the default, to write brotli-compressed TRAP), 'gzip', and 'none' (to write uncompressed TRAP).\n",
2025-10-07T22:26:10.1073460Z                 "type" : "string",
2025-10-07T22:26:10.1073692Z                 "pattern" : "^(none|gzip|brotli)$"
2025-10-07T22:26:10.1073931Z               }
2025-10-07T22:26:10.1074087Z             }
2025-10-07T22:26:10.1074249Z           },
2025-10-07T22:26:10.1074618Z           "buildless" : {
2025-10-07T22:26:10.1074924Z             "title" : "DEPRECATED - Whether to use buildless (standalone) extraction.",
2025-10-07T22:26:10.1076527Z             "description" : "DEPRECATED: Use `--build-mode none` instead.\nA value indicating, which type of extraction the autobuilder should perform. If 'true', then the standalone extractor will be used, otherwise tracing extraction will be performed. The default is 'false'. Note that buildless extraction will generally yield less accurate analysis results, and should only be used in cases where it is not possible to build the code (for example if it uses inaccessible dependencies).\n",
2025-10-07T22:26:10.1078011Z             "type" : "string",
2025-10-07T22:26:10.1078225Z             "pattern" : "^(false|true)$"
2025-10-07T22:26:10.1078453Z           },
2025-10-07T22:26:10.1078614Z           "logging" : {
2025-10-07T22:26:10.1078834Z             "title" : "Options pertaining to logging.",
2025-10-07T22:26:10.1079140Z             "description" : "Options pertaining to logging.",
2025-10-07T22:26:10.1079408Z             "type" : "object",
2025-10-07T22:26:10.1079621Z             "properties" : {
2025-10-07T22:26:10.1079825Z               "verbosity" : {
2025-10-07T22:26:10.1080065Z                 "title" : "Extractor logging verbosity level.",
2025-10-07T22:26:10.1081026Z                 "description" : "Controls the level of verbosity of the extractor. The supported levels are (in order of increasing verbosity):\n  - off\n  - errors\n  - warnings\n  - info or progress\n  - debug or progress+\n  - trace or progress++\n  - progress+++\n",
2025-10-07T22:26:10.1081818Z                 "type" : "string",
2025-10-07T22:26:10.1082239Z                 "pattern" : "^(off|errors|warnings|(info|progress)|(debug|progress\\+)|(trace|progress\\+\\+)|progress\\+\\+\\+)$"
2025-10-07T22:26:10.1098901Z               }
2025-10-07T22:26:10.1099183Z             }
2025-10-07T22:26:10.1099351Z           },
2025-10-07T22:26:10.1099529Z           "binlog" : {
2025-10-07T22:26:10.1099724Z             "title" : "Binlog",
2025-10-07T22:26:10.1100350Z             "description" : "[EXPERIMENTAL] The value is a path to the MsBuild binary log file that should be extracted. This option only works when `--build-mode none` is also specified.\n",
2025-10-07T22:26:10.1100997Z             "type" : "array"
2025-10-07T22:26:10.1101194Z           }
2025-10-07T22:26:10.1101351Z         }
2025-10-07T22:26:10.1101497Z       }
2025-10-07T22:26:10.1101644Z     ],
2025-10-07T22:26:10.1101791Z     "actions" : [
2025-10-07T22:26:10.1101958Z       {
2025-10-07T22:26:10.1102220Z         "extractor_root" : "/opt/hostedtoolcache/CodeQL/2.23.2/x64/codeql/actions",
2025-10-07T22:26:10.1102566Z         "extractor_options" : {
2025-10-07T22:26:10.1102766Z           "trap" : {
2025-10-07T22:26:10.1102964Z             "title" : "TRAP options",
2025-10-07T22:26:10.1103286Z             "description" : "Options about how the extractor handles TRAP files",
2025-10-07T22:26:10.1103764Z             "type" : "object",
2025-10-07T22:26:10.1103984Z             "visibility" : 3,
2025-10-07T22:26:10.1104190Z             "properties" : {
2025-10-07T22:26:10.1104724Z               "cache" : {
2025-10-07T22:26:10.1105065Z                 "title" : "TRAP cache options",
2025-10-07T22:26:10.1105430Z                 "description" : "Options about how the extractor handles its TRAP cache",
2025-10-07T22:26:10.1105760Z                 "type" : "object",
2025-10-07T22:26:10.1105999Z                 "properties" : {
2025-10-07T22:26:10.1106221Z                   "dir" : {
2025-10-07T22:26:10.1106443Z                     "title" : "TRAP cache directory",
2025-10-07T22:26:10.1106760Z                     "description" : "The directory of the TRAP cache to use",
2025-10-07T22:26:10.1107051Z                     "type" : "string"
2025-10-07T22:26:10.1107263Z                   },
2025-10-07T22:26:10.1107437Z                   "bound" : {
2025-10-07T22:26:10.1107659Z                     "title" : "TRAP cache bound",
2025-10-07T22:26:10.1107988Z                     "description" : "A soft limit (in MB) on the size of the TRAP cache",
2025-10-07T22:26:10.1108335Z                     "type" : "string",
2025-10-07T22:26:10.1108567Z                     "pattern" : "[0-9]+"
2025-10-07T22:26:10.1108780Z                   },
2025-10-07T22:26:10.1108954Z                   "write" : {
2025-10-07T22:26:10.1109166Z                     "title" : "TRAP cache writeable",
2025-10-07T22:26:10.1109516Z                     "description" : "Whether to write to the TRAP cache as well as reading it",
2025-10-07T22:26:10.1109849Z                     "type" : "string",
2025-10-07T22:26:10.1110093Z                     "pattern" : "(true|TRUE|false|FALSE)"
2025-10-07T22:26:10.1110326Z                   }
2025-10-07T22:26:10.1110494Z                 }
2025-10-07T22:26:10.1110653Z               }
2025-10-07T22:26:10.1110815Z             }
2025-10-07T22:26:10.1110974Z           }
2025-10-07T22:26:10.1111126Z         }
2025-10-07T22:26:10.1111280Z       }
2025-10-07T22:26:10.1111422Z     ]
2025-10-07T22:26:10.1111572Z   }
2025-10-07T22:26:10.1111714Z }
2025-10-07T22:26:10.1185846Z Found 1 languages that support TRAP caching
2025-10-07T22:26:10.1191099Z Looking in Actions cache for TRAP cache with key codeql-trap-1-2.23.2-actions-unknown
2025-10-07T22:26:10.2611172Z No TRAP cache found in Actions cache for actions
2025-10-07T22:26:10.2617109Z Using overlay database mode: none without caching.
2025-10-07T22:26:10.2619589Z ##[endgroup]
2025-10-07T22:26:10.2634762Z While resolving threads, found a cgroup CPUs file with 4 CPUs in /sys/fs/cgroup/cpuset.cpus.effective.
2025-10-07T22:26:10.2640731Z Skipping download of dependency cache for actions as we have no caching configuration for it.
2025-10-07T22:26:10.2650955Z Writing augmented user configuration file to /home/runner/work/_temp/user-config.yaml
2025-10-07T22:26:10.2652011Z ##[group]Augmented user configuration file contents
2025-10-07T22:26:10.2664615Z default-setup:
2025-10-07T22:26:10.2664991Z   org:
2025-10-07T22:26:10.2665227Z     model-packs: []
2025-10-07T22:26:10.2665463Z threat-models: []
2025-10-07T22:26:10.2665683Z query-filters:
2025-10-07T22:26:10.2665906Z   - exclude:
2025-10-07T22:26:10.2666166Z       tags: exclude-from-incremental
2025-10-07T22:26:10.2666387Z 
2025-10-07T22:26:10.2666660Z ##[endgroup]
2025-10-07T22:26:10.2670845Z [command]/opt/hostedtoolcache/CodeQL/2.23.2/x64/codeql/codeql database init --force-overwrite --db-cluster /home/runner/work/_temp/codeql_databases --source-root=/home/runner/work/scratchattach/scratchattach --calculate-language-specific-baseline --extractor-include-aliases --sublanguage-file-coverage --language=actions --codescanning-config=/home/runner/work/_temp/user-config.yaml --build-mode=none
2025-10-07T22:26:11.5361824Z Package install location: /home/runner/.codeql/packages
2025-10-07T22:26:11.5362717Z Nothing downloaded.
2025-10-07T22:26:11.9300655Z Calculating baseline information in /home/runner/work/scratchattach/scratchattach
2025-10-07T22:26:12.0663749Z Running command in /home/runner/work/scratchattach/scratchattach: [/opt/hostedtoolcache/CodeQL/2.23.2/x64/codeql/actions/tools/configure-baseline.sh]
2025-10-07T22:26:12.0765761Z Calculated baseline information for languages: actions, python (145ms).
2025-10-07T22:26:15.1977348Z Resolving extractor actions.
2025-10-07T22:26:15.2007125Z Successfully loaded extractor GitHub Actions (actions) from /opt/hostedtoolcache/CodeQL/2.23.2/x64/codeql/actions.
2025-10-07T22:26:15.2273300Z Created skeleton CodeQL database at /home/runner/work/_temp/codeql_databases/actions. This in-progress database is ready to be populated by an extractor.
2025-10-07T22:26:15.5666938Z ##[group]Run github/codeql-action/start-proxy@v3
2025-10-07T22:26:15.5667239Z with:
2025-10-07T22:26:15.5667398Z   language: actions
2025-10-07T22:26:15.5667584Z   registry_secrets: []
2025-10-07T22:26:15.5667892Z   token: ***
2025-10-07T22:26:15.5668302Z   matrix: {
  "language": "actions",
  "category": "/language:actions",
  "build-mode": "none",
  "runner": "[\"ubuntu-latest\"]"
}
2025-10-07T22:26:15.5668748Z env:
2025-10-07T22:26:15.5668933Z   CODE_SCANNING_REF: refs/pull/50/head
2025-10-07T22:26:15.5669175Z   CODE_SCANNING_BASE_BRANCH: main
2025-10-07T22:26:15.5669421Z   CODE_SCANNING_IS_ANALYZING_DEFAULT_BRANCH: false
2025-10-07T22:26:15.5669733Z   CODE_SCANNING_IS_STEADY_STATE_DEFAULT_SETUP: true
2025-10-07T22:26:15.5676068Z   CODE_SCANNING_WORKFLOW_FILE: H4sIAAAAAAAA/6RV32/bNhB+919x8AakfZDzsD0JKFDFkRNvhp1aCrqsKAiaOslcZFLlD6dql/99oCjF0hLPGeon8/jx4919H0+C7jCE8VRm+GExHikrAh/6+ft3KLjZ2s0E9yjMhIvKGj1hMkOiGRWCi4IoK4jDw+PjSIoQslrQHWejEYp9OAKYri5jkkyj5XK+vCLrePZqYswd578ZLqIkJhfraDm9fi3ThmokG0UF277EOE9ItIwWd3+6xWU8i24X6f+8gWtCBS3rb26RYU5taf77xiSNo8s7kqRRGj9dmsTp7U0IRll8dubjav37bLH6SGbzRfzavB6kus9L+UByXjYKjf6SG+1k8emi+wvg9Y58CN447h01in+dlFQUlhbu7NsGqqzQgdPZgXIld78lq+WbFq2sEKje+pIBKlQ7rjWXQvt7ACgzzRIU0qyNMSkMCjMMVpTd0wKHQY3MKm7qoClZh/CguMFRR8KFxUCKAJWSKoScltpvaqOowaLussgpL4OcatMHQVtzBwLggpU2w0MAIICuI2FXS28XgLl7pKpDOH8CvoTbWF5mwU5mGIKQAgebvo0hnH0a240VxgYlNajN+PPZkVSq2mylOJnJC7AfSkQbrFppg9ZE0y2ye2kNKKyk5kaquqW02qnZNuOctbj3+19HA4K54IbTkn9D8CNpcNxb/ty5/EsZeLJzLrh5v/+lBT5wsz1I1vhccx3cc5HpENzJoHsfT6iuQ9r7+rn5Ry/1qwc9hPvgDCsUGQpWB4yyLReFP+T7OkGx50qKHQoD797BmS8u2EptMDvrE32xqLjLbjyGn+DSD5gmWoO23Rto30HOixD+7gnZDqRAo7FVOFBYqmIYAHBFlIF7fzqET68cNF4Q0pyCx0f43CM1W4XUNM0pG8p2t1M8cWlBpeTXGnKpQGHBtXH1tiQ8C/32aStoQ5UJGvAxRxzoCVOYoXB2a4XXyBQaPbmap9e3F2QdX82TdD2PE3KzXv1x15fk8PiOOGZo6xtUuVS71tN+1mquT1fUDupDNe131f/cN+LDwmdHrldJ2tbhHuakacNEWtMI1qyIM1e/jAHBzWp9kqCS6jjBNCLTeJ3OZ/NplManqBglDJXhOXfD6ijp7XqRnKKyqtQHgqHgh0nYU6oLukP/BAAA//+FBaDZAgkAAA==
2025-10-07T22:26:15.5683735Z   CODEQL_ACTION_FEATURE_MULTI_LANGUAGE: false
2025-10-07T22:26:15.5684002Z   CODEQL_ACTION_FEATURE_SANDWICH: false
2025-10-07T22:26:15.5684423Z   CODEQL_ACTION_FEATURE_SARIF_COMBINE: true
2025-10-07T22:26:15.5684725Z   CODEQL_ACTION_FEATURE_WILL_UPLOAD: true
2025-10-07T22:26:15.5684964Z   CODEQL_ACTION_VERSION: 3.30.7
2025-10-07T22:26:15.5685209Z   JOB_RUN_UUID: 199ac2ac-0366-4e5a-9a98-b7f4842074b8
2025-10-07T22:26:15.5685470Z   CODEQL_ACTION_INIT_HAS_RUN: true
2025-10-07T22:26:15.5685785Z   CODEQL_ACTION_ANALYSIS_KEY: dynamic/github-code-scanning/codeql:analyze
2025-10-07T22:26:15.5686148Z   CODEQL_WORKFLOW_STARTED_AT: 2025-10-07T22:26:01.562Z
2025-10-07T22:26:15.5686411Z   CODEQL_RAM: 14581
2025-10-07T22:26:15.5686591Z   CODEQL_THREADS: 4
2025-10-07T22:26:15.5686758Z ##[endgroup]
2025-10-07T22:26:15.7098211Z Using registry_secrets input.
2025-10-07T22:26:15.7099147Z No credentials found, skipping proxy setup.
2025-10-07T22:26:15.7258143Z ##[group]Run github/codeql-action/analyze@v3
2025-10-07T22:26:15.7258425Z with:
2025-10-07T22:26:15.7258598Z   category: /language:actions
2025-10-07T22:26:15.7258822Z   output: ../results
2025-10-07T22:26:15.7259001Z   upload: always
2025-10-07T22:26:15.7259172Z   add-snippets: false
2025-10-07T22:26:15.7259360Z   skip-queries: false
2025-10-07T22:26:15.7259614Z   checkout_path: /home/runner/work/scratchattach/scratchattach
2025-10-07T22:26:15.7259930Z   upload-database: true
2025-10-07T22:26:15.7260136Z   wait-for-processing: true
2025-10-07T22:26:15.7260469Z   token: ***
2025-10-07T22:26:15.7260868Z   matrix: {
  "language": "actions",
  "category": "/language:actions",
  "build-mode": "none",
  "runner": "[\"ubuntu-latest\"]"
}
2025-10-07T22:26:15.7261323Z   expect-error: false
2025-10-07T22:26:15.7261527Z env:
2025-10-07T22:26:15.7261696Z   CODE_SCANNING_REF: refs/pull/50/head
2025-10-07T22:26:15.7261939Z   CODE_SCANNING_BASE_BRANCH: main
2025-10-07T22:26:15.7262225Z   CODE_SCANNING_IS_ANALYZING_DEFAULT_BRANCH: false
2025-10-07T22:26:15.7262517Z   CODE_SCANNING_IS_STEADY_STATE_DEFAULT_SETUP: true
2025-10-07T22:26:15.7268934Z   CODE_SCANNING_WORKFLOW_FILE: H4sIAAAAAAAA/6RV32/bNhB+919x8AakfZDzsD0JKFDFkRNvhp1aCrqsKAiaOslcZFLlD6dql/99oCjF0hLPGeon8/jx4919H0+C7jCE8VRm+GExHikrAh/6+ft3KLjZ2s0E9yjMhIvKGj1hMkOiGRWCi4IoK4jDw+PjSIoQslrQHWejEYp9OAKYri5jkkyj5XK+vCLrePZqYswd578ZLqIkJhfraDm9fi3ThmokG0UF277EOE9ItIwWd3+6xWU8i24X6f+8gWtCBS3rb26RYU5taf77xiSNo8s7kqRRGj9dmsTp7U0IRll8dubjav37bLH6SGbzRfzavB6kus9L+UByXjYKjf6SG+1k8emi+wvg9Y58CN447h01in+dlFQUlhbu7NsGqqzQgdPZgXIld78lq+WbFq2sEKje+pIBKlQ7rjWXQvt7ACgzzRIU0qyNMSkMCjMMVpTd0wKHQY3MKm7qoClZh/CguMFRR8KFxUCKAJWSKoScltpvaqOowaLussgpL4OcatMHQVtzBwLggpU2w0MAIICuI2FXS28XgLl7pKpDOH8CvoTbWF5mwU5mGIKQAgebvo0hnH0a240VxgYlNajN+PPZkVSq2mylOJnJC7AfSkQbrFppg9ZE0y2ye2kNKKyk5kaquqW02qnZNuOctbj3+19HA4K54IbTkn9D8CNpcNxb/ty5/EsZeLJzLrh5v/+lBT5wsz1I1vhccx3cc5HpENzJoHsfT6iuQ9r7+rn5Ry/1qwc9hPvgDCsUGQpWB4yyLReFP+T7OkGx50qKHQoD797BmS8u2EptMDvrE32xqLjLbjyGn+DSD5gmWoO23Rto30HOixD+7gnZDqRAo7FVOFBYqmIYAHBFlIF7fzqET68cNF4Q0pyCx0f43CM1W4XUNM0pG8p2t1M8cWlBpeTXGnKpQGHBtXH1tiQ8C/32aStoQ5UJGvAxRxzoCVOYoXB2a4XXyBQaPbmap9e3F2QdX82TdD2PE3KzXv1x15fk8PiOOGZo6xtUuVS71tN+1mquT1fUDupDNe131f/cN+LDwmdHrldJ2tbhHuakacNEWtMI1qyIM1e/jAHBzWp9kqCS6jjBNCLTeJ3OZ/NplManqBglDJXhOXfD6ijp7XqRnKKyqtQHgqHgh0nYU6oLukP/BAAA//+FBaDZAgkAAA==
2025-10-07T22:26:15.7275444Z   CODEQL_ACTION_FEATURE_MULTI_LANGUAGE: false
2025-10-07T22:26:15.7275709Z   CODEQL_ACTION_FEATURE_SANDWICH: false
2025-10-07T22:26:15.7275953Z   CODEQL_ACTION_FEATURE_SARIF_COMBINE: true
2025-10-07T22:26:15.7276206Z   CODEQL_ACTION_FEATURE_WILL_UPLOAD: true
2025-10-07T22:26:15.7276451Z   CODEQL_ACTION_VERSION: 3.30.7
2025-10-07T22:26:15.7276698Z   JOB_RUN_UUID: 199ac2ac-0366-4e5a-9a98-b7f4842074b8
2025-10-07T22:26:15.7276971Z   CODEQL_ACTION_INIT_HAS_RUN: true
2025-10-07T22:26:15.7277454Z   CODEQL_ACTION_ANALYSIS_KEY: dynamic/github-code-scanning/codeql:analyze
2025-10-07T22:26:15.7277827Z   CODEQL_WORKFLOW_STARTED_AT: 2025-10-07T22:26:01.562Z
2025-10-07T22:26:15.7278085Z   CODEQL_RAM: 14581
2025-10-07T22:26:15.7278263Z   CODEQL_THREADS: 4
2025-10-07T22:26:15.7278441Z   CODEQL_PROXY_HOST: 
2025-10-07T22:26:15.7278624Z   CODEQL_PROXY_PORT: 
2025-10-07T22:26:15.7278817Z   CODEQL_PROXY_CA_CERTIFICATE: 
2025-10-07T22:26:15.7279024Z   CODEQL_PROXY_URLS: 
2025-10-07T22:26:15.7279204Z ##[endgroup]
2025-10-07T22:26:16.8154931Z While resolving threads, found a cgroup CPUs file with 4 CPUs in /sys/fs/cgroup/cpuset.cpus.effective.
2025-10-07T22:26:16.8192044Z ##[group]Generating diff range extension pack
2025-10-07T22:26:16.8192663Z Calculating diff ranges for main...refs/pull/50/head
2025-10-07T22:26:17.1072209Z Successfully created diff range extension pack at /home/runner/work/_temp/pr-diff-range.
2025-10-07T22:26:17.1072945Z ##[endgroup]
2025-10-07T22:26:17.1098464Z ##[group]Extracting actions
2025-10-07T22:26:17.1102691Z [command]/opt/hostedtoolcache/CodeQL/2.23.2/x64/codeql/codeql database trace-command --use-build-mode --working-dir /home/runner/work/scratchattach/scratchattach /home/runner/work/_temp/codeql_databases/actions
2025-10-07T22:26:17.8943514Z Running command in /home/runner/work/scratchattach/scratchattach: [/opt/hostedtoolcache/CodeQL/2.23.2/x64/codeql/actions/tools/autobuild.sh]
2025-10-07T22:26:17.9140627Z [2025-10-07 22:26:17] [build-stdout] LGTM_INDEX_FILTERS not set. Using the default filters, and passing through to the JavaScript extractor.
2025-10-07T22:26:18.7691617Z [2025-10-07 22:26:18] [build-stdout] Found JavaScript extractor at '/opt/hostedtoolcache/CodeQL/2.23.2/x64/codeql/javascript'.
2025-10-07T22:26:18.7693071Z [2025-10-07 22:26:18] [build-stdout] Running JavaScript autobuilder at '/opt/hostedtoolcache/CodeQL/2.23.2/x64/codeql/javascript/tools/autobuild.sh'.
2025-10-07T22:26:18.9957970Z [2025-10-07 22:26:18] [build-stdout] Parallel extraction with 4 threads.
2025-10-07T22:26:19.0272516Z [2025-10-07 22:26:19] [build-stdout] Extracting /home/runner/work/scratchattach/scratchattach/.github/workflows/action1.yml
2025-10-07T22:26:19.0275099Z [2025-10-07 22:26:19] [build-stdout] Extracting /home/runner/work/scratchattach/scratchattach/.github/workflows/action2.yml
2025-10-07T22:26:19.0293029Z [2025-10-07 22:26:19] [build-stdout] Extracting /home/runner/work/scratchattach/scratchattach/.github/workflows/action3.yml
2025-10-07T22:26:19.0316469Z [2025-10-07 22:26:19] [build-stdout] Extracting /home/runner/work/scratchattach/scratchattach/.github/workflows/action4.yml
2025-10-07T22:26:19.1052616Z [2025-10-07 22:26:19] [build-stdout] Done extracting /home/runner/work/scratchattach/scratchattach/.github/workflows/action3.yml (69 ms)
2025-10-07T22:26:19.1077936Z [2025-10-07 22:26:19] [build-stdout] Done extracting /home/runner/work/scratchattach/scratchattach/.github/workflows/action4.yml (75 ms)
2025-10-07T22:26:19.1096827Z [2025-10-07 22:26:19] [build-stdout] Done extracting /home/runner/work/scratchattach/scratchattach/.github/workflows/action1.yml (82 ms)
2025-10-07T22:26:19.1160294Z [2025-10-07 22:26:19] [build-stdout] Done extracting /home/runner/work/scratchattach/scratchattach/.github/workflows/action2.yml (88 ms)
2025-10-07T22:26:19.1186360Z [2025-10-07 22:26:19] [build-stderr] Only found JavaScript or TypeScript files that were empty or contained syntax errors.
2025-10-07T22:26:19.1410736Z ##[endgroup]
2025-10-07T22:26:19.1417919Z ##[group]Finalizing actions
2025-10-07T22:26:19.1420079Z [command]/opt/hostedtoolcache/CodeQL/2.23.2/x64/codeql/codeql database finalize --finalize-dataset --threads=4 --ram=14581 /home/runner/work/_temp/codeql_databases/actions
2025-10-07T22:26:19.9182636Z Running TRAP import for CodeQL database at /home/runner/work/_temp/codeql_databases/actions...
2025-10-07T22:26:20.7177263Z Importing TRAP files
2025-10-07T22:26:20.9652293Z Merging relations
2025-10-07T22:26:21.0928979Z Finished writing database (relations: 7.29 KiB; string pool: 2.05 MiB).
2025-10-07T22:26:21.1465985Z TRAP import complete (1.2s).
2025-10-07T22:26:21.3435465Z Finished zipping source archive (3.46 KiB).
2025-10-07T22:26:21.3554002Z ##[endgroup]
2025-10-07T22:26:21.3560058Z ##[group]Running queries for actions
2025-10-07T22:26:21.3562528Z [command]/opt/hostedtoolcache/CodeQL/2.23.2/x64/codeql/codeql database run-queries --ram=14581 --threads=4 --expect-discarded-cache --additional-packs=/home/runner/work/_temp/pr-diff-range --extension-packs=codeql-action/pr-diff-range /home/runner/work/_temp/codeql_databases/actions --min-disk-free=1024 -v
2025-10-07T22:26:22.0953153Z Writing logs to /home/runner/work/_temp/codeql_databases/actions/log/database-run-queries-20251007.222622.092.log.
2025-10-07T22:26:22.1469585Z Stringpool size measured as 2146714
2025-10-07T22:26:22.7738290Z Writing logs to /home/runner/work/_temp/codeql_databases/actions/log/execute-queries-20251007.222622.769.log.
2025-10-07T22:26:23.0948355Z Recording pack reference codeql/actions-queries at /opt/hostedtoolcache/CodeQL/2.23.2/x64/codeql/qlpacks/codeql/actions-queries/0.6.10.
2025-10-07T22:26:24.4373802Z Compiling in 3 threads due to RAM limits.
2025-10-07T22:26:24.8496662Z [1/18] Loaded /opt/hostedtoolcache/CodeQL/2.23.2/x64/codeql/qlpacks/codeql/actions-queries/0.6.10/Security/CWE-312/ExcessiveSecretsExposure.qlx.
2025-10-07T22:26:24.8498849Z [2/18] Loaded /opt/hostedtoolcache/CodeQL/2.23.2/x64/codeql/qlpacks/codeql/actions-queries/0.6.10/Security/CWE-312/UnmaskedSecretExposure.qlx.
2025-10-07T22:26:24.9262789Z [3/18] Loaded /opt/hostedtoolcache/CodeQL/2.23.2/x64/codeql/qlpacks/codeql/actions-queries/0.6.10/Security/CWE-312/SecretsInArtifacts.qlx.
2025-10-07T22:26:25.3861506Z [4/18] Loaded /opt/hostedtoolcache/CodeQL/2.23.2/x64/codeql/qlpacks/codeql/actions-queries/0.6.10/Security/CWE-829/ArtifactPoisoningCritical.qlx.
2025-10-07T22:26:25.4397711Z [5/18] Loaded /opt/hostedtoolcache/CodeQL/2.23.2/x64/codeql/qlpacks/codeql/actions-queries/0.6.10/Security/CWE-1395/UseOfKnownVulnerableAction.qlx.
2025-10-07T22:26:25.4484226Z [6/18] Loaded /opt/hostedtoolcache/CodeQL/2.23.2/x64/codeql/qlpacks/codeql/actions-queries/0.6.10/Security/CWE-829/UntrustedCheckoutCritical.qlx.
2025-10-07T22:26:25.4529879Z [7/18] Loaded /opt/hostedtoolcache/CodeQL/2.23.2/x64/codeql/qlpacks/codeql/actions-queries/0.6.10/Security/CWE-829/UntrustedCheckoutHigh.qlx.
2025-10-07T22:26:25.5856724Z [8/18] Loaded /opt/hostedtoolcache/CodeQL/2.23.2/x64/codeql/qlpacks/codeql/actions-queries/0.6.10/Security/CWE-367/UntrustedCheckoutTOCTOUHigh.qlx.
2025-10-07T22:26:25.6346974Z [9/18] Loaded /opt/hostedtoolcache/CodeQL/2.23.2/x64/codeql/qlpacks/codeql/actions-queries/0.6.10/Security/CWE-367/UntrustedCheckoutTOCTOUCritical.qlx.
2025-10-07T22:26:25.6438063Z [10/18] Loaded /opt/hostedtoolcache/CodeQL/2.23.2/x64/codeql/qlpacks/codeql/actions-queries/0.6.10/Security/CWE-094/CodeInjectionCritical.qlx.
2025-10-07T22:26:25.6558699Z [11/18] Loaded /opt/hostedtoolcache/CodeQL/2.23.2/x64/codeql/qlpacks/codeql/actions-queries/0.6.10/Security/CWE-275/MissingActionsPermissions.qlx.
2025-10-07T22:26:25.8614713Z [12/18] Loaded /opt/hostedtoolcache/CodeQL/2.23.2/x64/codeql/qlpacks/codeql/actions-queries/0.6.10/Security/CWE-285/ImproperAccessControl.qlx.
2025-10-07T22:26:25.9858150Z [13/18] Loaded /opt/hostedtoolcache/CodeQL/2.23.2/x64/codeql/qlpacks/codeql/actions-queries/0.6.10/Security/CWE-077/EnvVarInjectionCritical.qlx.
2025-10-07T22:26:25.9972162Z [14/18] Loaded /opt/hostedtoolcache/CodeQL/2.23.2/x64/codeql/qlpacks/codeql/actions-queries/0.6.10/Security/CWE-077/EnvPathInjectionCritical.qlx.
2025-10-07T22:26:26.0971378Z [15/18] Loaded /opt/hostedtoolcache/CodeQL/2.23.2/x64/codeql/qlpacks/codeql/actions-queries/0.6.10/Security/CWE-349/CachePoisoningViaCodeInjection.qlx.
2025-10-07T22:26:26.1127449Z [16/18] Loaded /opt/hostedtoolcache/CodeQL/2.23.2/x64/codeql/qlpacks/codeql/actions-queries/0.6.10/Diagnostics/SuccessfullyExtractedFiles.qlx.
2025-10-07T22:26:26.1986617Z [17/18] Loaded /opt/hostedtoolcache/CodeQL/2.23.2/x64/codeql/qlpacks/codeql/actions-queries/0.6.10/Security/CWE-349/CachePoisoningViaDirectCache.qlx.
2025-10-07T22:26:26.1999265Z [18/18] Loaded /opt/hostedtoolcache/CodeQL/2.23.2/x64/codeql/qlpacks/codeql/actions-queries/0.6.10/Security/CWE-349/CachePoisoningViaPoisonableStep.qlx.
2025-10-07T22:26:26.4321176Z Starting evaluation of codeql/actions-queries/Diagnostics/SuccessfullyExtractedFiles.ql.
2025-10-07T22:26:26.4338505Z Starting evaluation of codeql/actions-queries/Security/CWE-077/EnvPathInjectionCritical.ql.
2025-10-07T22:26:26.4343011Z Starting evaluation of codeql/actions-queries/Security/CWE-077/EnvVarInjectionCritical.ql.
2025-10-07T22:26:26.4344047Z Starting evaluation of codeql/actions-queries/Security/CWE-094/CodeInjectionCritical.ql.
2025-10-07T22:26:26.4388896Z Starting evaluation of codeql/actions-queries/Security/CWE-1395/UseOfKnownVulnerableAction.ql.
2025-10-07T22:26:26.4432124Z Starting evaluation of codeql/actions-queries/Security/CWE-275/MissingActionsPermissions.ql.
2025-10-07T22:26:26.4433247Z Starting evaluation of codeql/actions-queries/Security/CWE-285/ImproperAccessControl.ql.
2025-10-07T22:26:26.4434587Z Starting evaluation of codeql/actions-queries/Security/CWE-312/ExcessiveSecretsExposure.ql.
2025-10-07T22:26:26.6741456Z [1/18 eval 234ms] Evaluation done; writing results to codeql/actions-queries/Diagnostics/SuccessfullyExtractedFiles.bqrs.
2025-10-07T22:26:26.6934774Z Starting evaluation of codeql/actions-queries/Security/CWE-312/SecretsInArtifacts.ql.
2025-10-07T22:26:26.6935967Z Starting evaluation of codeql/actions-queries/Security/CWE-312/UnmaskedSecretExposure.ql.
2025-10-07T22:26:26.6937203Z Starting evaluation of codeql/actions-queries/Security/CWE-349/CachePoisoningViaCodeInjection.ql.
2025-10-07T22:26:27.4795402Z Starting evaluation of codeql/actions-queries/Security/CWE-349/CachePoisoningViaDirectCache.ql.
2025-10-07T22:26:27.4810509Z Starting evaluation of codeql/actions-queries/Security/CWE-349/CachePoisoningViaPoisonableStep.ql.
2025-10-07T22:26:27.5188324Z [2/18 eval 1.1s] Evaluation done; writing results to codeql/actions-queries/Security/CWE-312/ExcessiveSecretsExposure.bqrs.
2025-10-07T22:26:27.5239216Z [3/18 eval 836ms] Evaluation done; writing results to codeql/actions-queries/Security/CWE-312/UnmaskedSecretExposure.bqrs.
2025-10-07T22:26:27.5341946Z [4/18 eval 1.1s] Evaluation done; writing results to codeql/actions-queries/Security/CWE-1395/UseOfKnownVulnerableAction.bqrs.
2025-10-07T22:26:27.7589183Z [5/18 eval 1.3s] Evaluation done; writing results to codeql/actions-queries/Security/CWE-275/MissingActionsPermissions.bqrs.
2025-10-07T22:26:27.7686204Z [6/18 eval 1.1s] Evaluation done; writing results to codeql/actions-queries/Security/CWE-312/SecretsInArtifacts.bqrs.
2025-10-07T22:26:27.7729956Z [7/18 eval 1.3s] Evaluation done; writing results to codeql/actions-queries/Security/CWE-285/ImproperAccessControl.bqrs.
2025-10-07T22:26:27.8706292Z [8/18 eval 390ms] Evaluation done; writing results to codeql/actions-queries/Security/CWE-349/CachePoisoningViaDirectCache.bqrs.
2025-10-07T22:26:27.8772270Z Starting evaluation of codeql/actions-queries/Security/CWE-367/UntrustedCheckoutTOCTOUCritical.ql.
2025-10-07T22:26:27.8818758Z Starting evaluation of codeql/actions-queries/Security/CWE-367/UntrustedCheckoutTOCTOUHigh.ql.
2025-10-07T22:26:28.0511581Z Starting evaluation of codeql/actions-queries/Security/CWE-829/ArtifactPoisoningCritical.ql.
2025-10-07T22:26:28.0652342Z Starting evaluation of codeql/actions-queries/Security/CWE-829/UntrustedCheckoutCritical.ql.
2025-10-07T22:26:28.0659017Z Starting evaluation of codeql/actions-queries/Security/CWE-829/UntrustedCheckoutHigh.ql.
2025-10-07T22:26:28.2683626Z [9/18 eval 1.8s] Evaluation done; writing results to codeql/actions-queries/Security/CWE-077/EnvPathInjectionCritical.bqrs.
2025-10-07T22:26:28.2810763Z [10/18 eval 1.8s] Evaluation done; writing results to codeql/actions-queries/Security/CWE-077/EnvVarInjectionCritical.bqrs.
2025-10-07T22:26:28.2843341Z [11/18 eval 1.9s] Evaluation done; writing results to codeql/actions-queries/Security/CWE-094/CodeInjectionCritical.bqrs.
2025-10-07T22:26:28.2986372Z [12/18 eval 233ms] Evaluation done; writing results to codeql/actions-queries/Security/CWE-829/UntrustedCheckoutHigh.bqrs.
2025-10-07T22:26:28.3160116Z [13/18 eval 249ms] Evaluation done; writing results to codeql/actions-queries/Security/CWE-829/UntrustedCheckoutCritical.bqrs.
2025-10-07T22:26:28.3163070Z [14/18 eval 1.6s] Evaluation done; writing results to codeql/actions-queries/Security/CWE-349/CachePoisoningViaCodeInjection.bqrs.
2025-10-07T22:26:28.3164634Z [15/18 eval 434ms] Evaluation done; writing results to codeql/actions-queries/Security/CWE-367/UntrustedCheckoutTOCTOUHigh.bqrs.
2025-10-07T22:26:28.3357212Z [16/18 eval 455ms] Evaluation done; writing results to codeql/actions-queries/Security/CWE-367/UntrustedCheckoutTOCTOUCritical.bqrs.
2025-10-07T22:26:28.3551931Z [17/18 eval 873ms] Evaluation done; writing results to codeql/actions-queries/Security/CWE-349/CachePoisoningViaPoisonableStep.bqrs.
2025-10-07T22:26:28.3777574Z [18/18 eval 327ms] Evaluation done; writing results to codeql/actions-queries/Security/CWE-829/ArtifactPoisoningCritical.bqrs.
2025-10-07T22:26:28.3794983Z Shutting down query evaluator.
2025-10-07T22:26:28.4302754Z Interpreting code scanning results for actions
2025-10-07T22:26:29.1471924Z Writing logs to /home/runner/work/_temp/codeql_databases/actions/log/database-interpret-results-20251007.222629.143.log.
2025-10-07T22:26:29.2948328Z Recording pack reference codeql/actions-queries at /opt/hostedtoolcache/CodeQL/2.23.2/x64/codeql/qlpacks/codeql/actions-queries/0.6.10.
2025-10-07T22:26:29.3255341Z Resolving extensions
2025-10-07T22:26:30.1752202Z Interpreting /opt/hostedtoolcache/CodeQL/2.23.2/x64/codeql/qlpacks/codeql/actions-queries/0.6.10/Security/CWE-312/UnmaskedSecretExposure.ql...
2025-10-07T22:26:30.1939519Z  ... found results file at /home/runner/work/_temp/codeql_databases/actions/results/codeql/actions-queries/Security/CWE-312/UnmaskedSecretExposure.bqrs.
2025-10-07T22:26:30.2097954Z Interpreting /opt/hostedtoolcache/CodeQL/2.23.2/x64/codeql/qlpacks/codeql/actions-queries/0.6.10/Security/CWE-312/SecretsInArtifacts.ql...
2025-10-07T22:26:30.2230143Z  ... found results file at /home/runner/work/_temp/codeql_databases/actions/results/codeql/actions-queries/Security/CWE-312/SecretsInArtifacts.bqrs.
2025-10-07T22:26:30.2238716Z Interpreting /opt/hostedtoolcache/CodeQL/2.23.2/x64/codeql/qlpacks/codeql/actions-queries/0.6.10/Security/CWE-312/ExcessiveSecretsExposure.ql...
2025-10-07T22:26:30.2345269Z  ... found results file at /home/runner/work/_temp/codeql_databases/actions/results/codeql/actions-queries/Security/CWE-312/ExcessiveSecretsExposure.bqrs.
2025-10-07T22:26:30.2351422Z Interpreting /opt/hostedtoolcache/CodeQL/2.23.2/x64/codeql/qlpacks/codeql/actions-queries/0.6.10/Security/CWE-829/ArtifactPoisoningCritical.ql...
2025-10-07T22:26:30.2449403Z  ... found results file at /home/runner/work/_temp/codeql_databases/actions/results/codeql/actions-queries/Security/CWE-829/ArtifactPoisoningCritical.bqrs.
2025-10-07T22:26:30.2454802Z Interpreting /opt/hostedtoolcache/CodeQL/2.23.2/x64/codeql/qlpacks/codeql/actions-queries/0.6.10/Security/CWE-829/UntrustedCheckoutCritical.ql...
2025-10-07T22:26:30.2546147Z  ... found results file at /home/runner/work/_temp/codeql_databases/actions/results/codeql/actions-queries/Security/CWE-829/UntrustedCheckoutCritical.bqrs.
2025-10-07T22:26:30.2548086Z Interpreting /opt/hostedtoolcache/CodeQL/2.23.2/x64/codeql/qlpacks/codeql/actions-queries/0.6.10/Security/CWE-829/UntrustedCheckoutHigh.ql...
2025-10-07T22:26:30.2647203Z  ... found results file at /home/runner/work/_temp/codeql_databases/actions/results/codeql/actions-queries/Security/CWE-829/UntrustedCheckoutHigh.bqrs.
2025-10-07T22:26:30.2649089Z Interpreting /opt/hostedtoolcache/CodeQL/2.23.2/x64/codeql/qlpacks/codeql/actions-queries/0.6.10/Security/CWE-1395/UseOfKnownVulnerableAction.ql...
2025-10-07T22:26:30.2705994Z  ... found results file at /home/runner/work/_temp/codeql_databases/actions/results/codeql/actions-queries/Security/CWE-1395/UseOfKnownVulnerableAction.bqrs.
2025-10-07T22:26:30.2712846Z Interpreting /opt/hostedtoolcache/CodeQL/2.23.2/x64/codeql/qlpacks/codeql/actions-queries/0.6.10/Security/CWE-094/CodeInjectionCritical.ql...
2025-10-07T22:26:30.2806286Z  ... found results file at /home/runner/work/_temp/codeql_databases/actions/results/codeql/actions-queries/Security/CWE-094/CodeInjectionCritical.bqrs.
2025-10-07T22:26:30.2808359Z Interpreting /opt/hostedtoolcache/CodeQL/2.23.2/x64/codeql/qlpacks/codeql/actions-queries/0.6.10/Security/CWE-367/UntrustedCheckoutTOCTOUCritical.ql...
2025-10-07T22:26:30.2867542Z  ... found results file at /home/runner/work/_temp/codeql_databases/actions/results/codeql/actions-queries/Security/CWE-367/UntrustedCheckoutTOCTOUCritical.bqrs.
2025-10-07T22:26:30.2874889Z Interpreting /opt/hostedtoolcache/CodeQL/2.23.2/x64/codeql/qlpacks/codeql/actions-queries/0.6.10/Security/CWE-367/UntrustedCheckoutTOCTOUHigh.ql...
2025-10-07T22:26:30.2933580Z  ... found results file at /home/runner/work/_temp/codeql_databases/actions/results/codeql/actions-queries/Security/CWE-367/UntrustedCheckoutTOCTOUHigh.bqrs.
2025-10-07T22:26:30.2965014Z Interpreting /opt/hostedtoolcache/CodeQL/2.23.2/x64/codeql/qlpacks/codeql/actions-queries/0.6.10/Security/CWE-275/MissingActionsPermissions.ql...
2025-10-07T22:26:30.3012660Z  ... found results file at /home/runner/work/_temp/codeql_databases/actions/results/codeql/actions-queries/Security/CWE-275/MissingActionsPermissions.bqrs.
2025-10-07T22:26:30.3023313Z Interpreting /opt/hostedtoolcache/CodeQL/2.23.2/x64/codeql/qlpacks/codeql/actions-queries/0.6.10/Security/CWE-077/EnvVarInjectionCritical.ql...
2025-10-07T22:26:30.3086326Z  ... found results file at /home/runner/work/_temp/codeql_databases/actions/results/codeql/actions-queries/Security/CWE-077/EnvVarInjectionCritical.bqrs.
2025-10-07T22:26:30.3092657Z Interpreting /opt/hostedtoolcache/CodeQL/2.23.2/x64/codeql/qlpacks/codeql/actions-queries/0.6.10/Security/CWE-077/EnvPathInjectionCritical.ql...
2025-10-07T22:26:30.3144819Z  ... found results file at /home/runner/work/_temp/codeql_databases/actions/results/codeql/actions-queries/Security/CWE-077/EnvPathInjectionCritical.bqrs.
2025-10-07T22:26:30.3177355Z Interpreting /opt/hostedtoolcache/CodeQL/2.23.2/x64/codeql/qlpacks/codeql/actions-queries/0.6.10/Security/CWE-285/ImproperAccessControl.ql...
2025-10-07T22:26:30.3245735Z  ... found results file at /home/runner/work/_temp/codeql_databases/actions/results/codeql/actions-queries/Security/CWE-285/ImproperAccessControl.bqrs.
2025-10-07T22:26:30.3247593Z Interpreting /opt/hostedtoolcache/CodeQL/2.23.2/x64/codeql/qlpacks/codeql/actions-queries/0.6.10/Security/CWE-349/CachePoisoningViaCodeInjection.ql...
2025-10-07T22:26:30.3302089Z  ... found results file at /home/runner/work/_temp/codeql_databases/actions/results/codeql/actions-queries/Security/CWE-349/CachePoisoningViaCodeInjection.bqrs.
2025-10-07T22:26:30.3310008Z Interpreting /opt/hostedtoolcache/CodeQL/2.23.2/x64/codeql/qlpacks/codeql/actions-queries/0.6.10/Security/CWE-349/CachePoisoningViaPoisonableStep.ql...
2025-10-07T22:26:30.3372677Z  ... found results file at /home/runner/work/_temp/codeql_databases/actions/results/codeql/actions-queries/Security/CWE-349/CachePoisoningViaPoisonableStep.bqrs.
2025-10-07T22:26:30.3384766Z Interpreting /opt/hostedtoolcache/CodeQL/2.23.2/x64/codeql/qlpacks/codeql/actions-queries/0.6.10/Security/CWE-349/CachePoisoningViaDirectCache.ql...
2025-10-07T22:26:30.3447469Z  ... found results file at /home/runner/work/_temp/codeql_databases/actions/results/codeql/actions-queries/Security/CWE-349/CachePoisoningViaDirectCache.bqrs.
2025-10-07T22:26:30.3454736Z Interpreting /opt/hostedtoolcache/CodeQL/2.23.2/x64/codeql/qlpacks/codeql/actions-queries/0.6.10/Diagnostics/SuccessfullyExtractedFiles.ql...
2025-10-07T22:26:30.3516215Z  ... found results file at /home/runner/work/_temp/codeql_databases/actions/results/codeql/actions-queries/Diagnostics/SuccessfullyExtractedFiles.bqrs.
2025-10-07T22:26:30.4455581Z Interpreted problem query "Unmasked Secret Exposure" (actions/unmasked-secret-exposure) at path /home/runner/work/_temp/codeql_databases/actions/results/codeql/actions-queries/Security/CWE-312/UnmaskedSecretExposure.bqrs.
2025-10-07T22:26:30.4463569Z Interpreted problem query "Storage of sensitive information in GitHub Actions artifact" (actions/secrets-in-artifacts) at path /home/runner/work/_temp/codeql_databases/actions/results/codeql/actions-queries/Security/CWE-312/SecretsInArtifacts.bqrs.
2025-10-07T22:26:30.4476588Z Interpreted problem query "Excessive Secrets Exposure" (actions/excessive-secrets-exposure) at path /home/runner/work/_temp/codeql_databases/actions/results/codeql/actions-queries/Security/CWE-312/ExcessiveSecretsExposure.bqrs.
2025-10-07T22:26:30.4483310Z Interpreted pathproblem query "Artifact poisoning" (actions/artifact-poisoning/critical) at path /home/runner/work/_temp/codeql_databases/actions/results/codeql/actions-queries/Security/CWE-829/ArtifactPoisoningCritical.bqrs.
2025-10-07T22:26:30.4492756Z Interpreted pathproblem query "Checkout of untrusted code in a privileged context" (actions/untrusted-checkout/critical) at path /home/runner/work/_temp/codeql_databases/actions/results/codeql/actions-queries/Security/CWE-829/UntrustedCheckoutCritical.bqrs.
2025-10-07T22:26:30.4496382Z Interpreted problem query "Checkout of untrusted code in trusted context" (actions/untrusted-checkout/high) at path /home/runner/work/_temp/codeql_databases/actions/results/codeql/actions-queries/Security/CWE-829/UntrustedCheckoutHigh.bqrs.
2025-10-07T22:26:30.4499423Z Interpreted problem query "Use of a known vulnerable action" (actions/vulnerable-action) at path /home/runner/work/_temp/codeql_databases/actions/results/codeql/actions-queries/Security/CWE-1395/UseOfKnownVulnerableAction.bqrs.
2025-10-07T22:26:30.4503685Z Interpreted pathproblem query "Code injection" (actions/code-injection/critical) at path /home/runner/work/_temp/codeql_databases/actions/results/codeql/actions-queries/Security/CWE-094/CodeInjectionCritical.bqrs.
2025-10-07T22:26:30.4508087Z Interpreted pathproblem query "Untrusted Checkout TOCTOU" (actions/untrusted-checkout-toctou/critical) at path /home/runner/work/_temp/codeql_databases/actions/results/codeql/actions-queries/Security/CWE-367/UntrustedCheckoutTOCTOUCritical.bqrs.
2025-10-07T22:26:30.4515171Z Interpreted problem query "Untrusted Checkout TOCTOU" (actions/untrusted-checkout-toctou/high) at path /home/runner/work/_temp/codeql_databases/actions/results/codeql/actions-queries/Security/CWE-367/UntrustedCheckoutTOCTOUHigh.bqrs.
2025-10-07T22:26:30.4518181Z Interpreted problem query "Workflow does not contain permissions" (actions/missing-workflow-permissions) at path /home/runner/work/_temp/codeql_databases/actions/results/codeql/actions-queries/Security/CWE-275/MissingActionsPermissions.bqrs.
2025-10-07T22:26:30.4521416Z Interpreted pathproblem query "Environment variable built from user-controlled sources" (actions/envvar-injection/critical) at path /home/runner/work/_temp/codeql_databases/actions/results/codeql/actions-queries/Security/CWE-077/EnvVarInjectionCritical.bqrs.
2025-10-07T22:26:30.4551366Z Interpreted pathproblem query "PATH environment variable built from user-controlled sources" (actions/envpath-injection/critical) at path /home/runner/work/_temp/codeql_databases/actions/results/codeql/actions-queries/Security/CWE-077/EnvPathInjectionCritical.bqrs.
2025-10-07T22:26:30.4554488Z Interpreted problem query "Improper Access Control" (actions/improper-access-control) at path /home/runner/work/_temp/codeql_databases/actions/results/codeql/actions-queries/Security/CWE-285/ImproperAccessControl.bqrs.
2025-10-07T22:26:30.4557430Z Interpreted pathproblem query "Cache Poisoning via low-privileged code injection" (actions/cache-poisoning/code-injection) at path /home/runner/work/_temp/codeql_databases/actions/results/codeql/actions-queries/Security/CWE-349/CachePoisoningViaCodeInjection.bqrs.
2025-10-07T22:26:30.4560729Z Interpreted pathproblem query "Cache Poisoning via execution of untrusted code" (actions/cache-poisoning/poisonable-step) at path /home/runner/work/_temp/codeql_databases/actions/results/codeql/actions-queries/Security/CWE-349/CachePoisoningViaPoisonableStep.bqrs.
2025-10-07T22:26:30.4566877Z Interpreted pathproblem query "Cache Poisoning via caching of untrusted files" (actions/cache-poisoning/direct-cache) at path /home/runner/work/_temp/codeql_databases/actions/results/codeql/actions-queries/Security/CWE-349/CachePoisoningViaDirectCache.bqrs.
2025-10-07T22:26:30.4569741Z Interpreted diagnostic query "Extracted files" (actions/diagnostics/successfully-extracted-files) at path /home/runner/work/_temp/codeql_databases/actions/results/codeql/actions-queries/Diagnostics/SuccessfullyExtractedFiles.bqrs.
2025-10-07T22:26:30.4571668Z Reading source archive /home/runner/work/_temp/codeql_databases/actions/src.zip
2025-10-07T22:26:30.5057191Z Interpreting file coverage baseline information
2025-10-07T22:26:30.5076555Z Finished interpreting file coverage baseline information.
2025-10-07T22:26:30.5080877Z Interpreting diagnostic messages...
2025-10-07T22:26:30.5430934Z Found 3 raw diagnostic messages.
2025-10-07T22:26:30.5506528Z Processed diagnostic messages (removed 0 due to limits, created 0 summary diagnostics for status page).
2025-10-07T22:26:30.5536304Z Interpreted diagnostic messages (43ms).
2025-10-07T22:26:30.7231598Z Exporting results to SARIF...
2025-10-07T22:26:30.8664095Z Exported results to SARIF (142ms).
2025-10-07T22:26:30.8976304Z ##[endgroup]
2025-10-07T22:26:30.8977314Z CodeQL scanned 4 out of 4 GitHub Actions files in this invocation. Check the status page for overall coverage information: https://github.com/Boss-1s/scratchattach/security/code-scanning/tools/CodeQL/status/
2025-10-07T22:26:30.8978008Z 
2025-10-07T22:26:30.8986975Z ##[group]Uploading code scanning results
2025-10-07T22:26:30.8987584Z Processing sarif files: ["/home/runner/work/scratchattach/results/actions.sarif"]
2025-10-07T22:26:30.9004690Z Adding fingerprints to SARIF file. See https://docs.github.com/en/enterprise-cloud@latest/code-security/code-scanning/integrating-with-code-scanning/sarif-support-for-code-scanning#providing-data-to-track-code-scanning-alerts-across-runs for more information.
2025-10-07T22:26:30.9108211Z Uploading results
2025-10-07T22:26:31.3965285Z Successfully uploaded results
2025-10-07T22:26:31.3965903Z ##[endgroup]
2025-10-07T22:26:31.3982328Z Skipping upload of dependency cache for actions as we have no caching configuration for it.
2025-10-07T22:26:31.3983819Z ##[group]Waiting for processing to finish
2025-10-07T22:26:31.5376395Z Analysis upload status is pending.
2025-10-07T22:26:36.7180913Z Analysis upload status is complete.
2025-10-07T22:26:36.7181515Z ##[endgroup]
2025-10-07T22:26:36.8933187Z Post job cleanup.
2025-10-07T22:26:37.7250720Z Post job cleanup.
2025-10-07T22:26:37.9254075Z Post job cleanup.
2025-10-07T22:26:38.7629158Z CodeQL job status was success.
2025-10-07T22:26:38.7671980Z Sending status report for init-post step.
2025-10-07T22:26:39.0224647Z Status report sent for init-post step.
2025-10-07T22:26:39.0993296Z Post job cleanup.
2025-10-07T22:26:39.1912048Z [command]/usr/bin/git version
2025-10-07T22:26:39.1948717Z git version 2.51.0
2025-10-07T22:26:39.1992202Z Temporarily overriding HOME='/home/runner/work/_temp/f3940251-624b-4482-85f2-1ffd6689888c' before making global git config changes
2025-10-07T22:26:39.1993461Z Adding repository directory to the temporary git global config as a safe directory
2025-10-07T22:26:39.1998998Z [command]/usr/bin/git config --global --add safe.directory /home/runner/work/scratchattach/scratchattach
2025-10-07T22:26:39.2034116Z [command]/usr/bin/git config --local --name-only --get-regexp core\.sshCommand
2025-10-07T22:26:39.2066407Z [command]/usr/bin/git submodule foreach --recursive sh -c "git config --local --name-only --get-regexp 'core\.sshCommand' && git config --local --unset-all 'core.sshCommand' || :"
2025-10-07T22:26:39.2292444Z [command]/usr/bin/git config --local --name-only --get-regexp http\.https\:\/\/github\.com\/\.extraheader
2025-10-07T22:26:39.2313973Z http.https://github.com/.extraheader
2025-10-07T22:26:39.2327801Z [command]/usr/bin/git config --local --unset-all http.https://github.com/.extraheader
2025-10-07T22:26:39.2359289Z [command]/usr/bin/git submodule foreach --recursive sh -c "git config --local --name-only --get-regexp 'http\.https\:\/\/github\.com\/\.extraheader' && git config --local --unset-all 'http.https://github.com/.extraheader' || :"
2025-10-07T22:26:39.2682921Z Cleaning up orphan processes
