2025-10-08T00:06:49.8212842Z Current runner version: '2.328.0'
2025-10-08T00:06:49.8237031Z ##[group]Runner Image Provisioner
2025-10-08T00:06:49.8237888Z Hosted Compute Agent
2025-10-08T00:06:49.8238530Z Version: 20250912.392
2025-10-08T00:06:49.8239115Z Commit: d921fda672a98b64f4f82364647e2f10b2267d0b
2025-10-08T00:06:49.8239910Z Build Date: 2025-09-12T15:23:14Z
2025-10-08T00:06:49.8240574Z ##[endgroup]
2025-10-08T00:06:49.8241085Z ##[group]Operating System
2025-10-08T00:06:49.8241648Z Ubuntu
2025-10-08T00:06:49.8242107Z 24.04.3
2025-10-08T00:06:49.8242592Z LTS
2025-10-08T00:06:49.8243093Z ##[endgroup]
2025-10-08T00:06:49.8243593Z ##[group]Runner Image
2025-10-08T00:06:49.8244160Z Image: ubuntu-24.04
2025-10-08T00:06:49.8244678Z Version: 20250929.60.1
2025-10-08T00:06:49.8245680Z Included Software: https://github.com/actions/runner-images/blob/ubuntu24/20250929.60/images/ubuntu/Ubuntu2404-Readme.md
2025-10-08T00:06:49.8247554Z Image Release: https://github.com/actions/runner-images/releases/tag/ubuntu24%2F20250929.60
2025-10-08T00:06:49.8248579Z ##[endgroup]
2025-10-08T00:06:49.8249614Z ##[group]GITHUB_TOKEN Permissions
2025-10-08T00:06:49.8251484Z Contents: write
2025-10-08T00:06:49.8252053Z Metadata: read
2025-10-08T00:06:49.8252561Z ##[endgroup]
2025-10-08T00:06:49.8254647Z Secret source: Actions
2025-10-08T00:06:49.8255377Z Prepare workflow directory
2025-10-08T00:06:49.8569482Z Prepare all required actions
2025-10-08T00:06:49.8607302Z Getting action download info
2025-10-08T00:06:50.1844215Z Download action repository 'actions/checkout@v5.0.0' (SHA:08c6903cd8c0fde910a37f88322edcfb5dd907a8)
2025-10-08T00:06:50.3482874Z Download action repository 'actions/setup-python@v6.0.0' (SHA:e797f83bcb11b83ae66e0230d6156d7c80228e7c)
2025-10-08T00:06:50.4799710Z Download action repository 'bossOfCode/install-scratchattach@v1.0.3' (SHA:be17a7cf1ecb5a7040eb42ef26c2e1fbe72bb25a)
2025-10-08T00:06:50.8707752Z Complete job name: Run Request/Database Handler
2025-10-08T00:06:50.9372705Z ##[group]Run actions/checkout@v5.0.0
2025-10-08T00:06:50.9373546Z with:
2025-10-08T00:06:50.9373959Z   ref: scratch_chat_dev
2025-10-08T00:06:50.9374419Z   repository: Boss-1s/scratchattach
2025-10-08T00:06:50.9375055Z   token: ***
2025-10-08T00:06:50.9375438Z   ssh-strict: true
2025-10-08T00:06:50.9375833Z   ssh-user: git
2025-10-08T00:06:50.9376412Z   persist-credentials: true
2025-10-08T00:06:50.9376858Z   clean: true
2025-10-08T00:06:50.9377253Z   sparse-checkout-cone-mode: true
2025-10-08T00:06:50.9377724Z   fetch-depth: 1
2025-10-08T00:06:50.9378113Z   fetch-tags: false
2025-10-08T00:06:50.9378505Z   show-progress: true
2025-10-08T00:06:50.9378907Z   lfs: false
2025-10-08T00:06:50.9379277Z   submodules: false
2025-10-08T00:06:50.9379684Z   set-safe-directory: true
2025-10-08T00:06:50.9380367Z ##[endgroup]
2025-10-08T00:06:51.0300645Z Syncing repository: Boss-1s/scratchattach
2025-10-08T00:06:51.0302328Z ##[group]Getting Git version info
2025-10-08T00:06:51.0303129Z Working directory is '/home/runner/work/scratchattach/scratchattach'
2025-10-08T00:06:51.0304100Z [command]/usr/bin/git version
2025-10-08T00:06:51.0369162Z git version 2.51.0
2025-10-08T00:06:51.0389801Z ##[endgroup]
2025-10-08T00:06:51.0403692Z Temporarily overriding HOME='/home/runner/work/_temp/7861a184-76b1-4477-9be5-fa61cccb6a5a' before making global git config changes
2025-10-08T00:06:51.0408624Z Adding repository directory to the temporary git global config as a safe directory
2025-10-08T00:06:51.0410048Z [command]/usr/bin/git config --global --add safe.directory /home/runner/work/scratchattach/scratchattach
2025-10-08T00:06:51.0443867Z Deleting the contents of '/home/runner/work/scratchattach/scratchattach'
2025-10-08T00:06:51.0447450Z ##[group]Initializing the repository
2025-10-08T00:06:51.0452008Z [command]/usr/bin/git init /home/runner/work/scratchattach/scratchattach
2025-10-08T00:06:51.0567489Z hint: Using 'master' as the name for the initial branch. This default branch name
2025-10-08T00:06:51.0568633Z hint: is subject to change. To configure the initial branch name to use in all
2025-10-08T00:06:51.0569775Z hint: of your new repositories, which will suppress this warning, call:
2025-10-08T00:06:51.0570438Z hint:
2025-10-08T00:06:51.0571152Z hint: 	git config --global init.defaultBranch <name>
2025-10-08T00:06:51.0572024Z hint:
2025-10-08T00:06:51.0572583Z hint: Names commonly chosen instead of 'master' are 'main', 'trunk' and
2025-10-08T00:06:51.0573454Z hint: 'development'. The just-created branch can be renamed via this command:
2025-10-08T00:06:51.0574143Z hint:
2025-10-08T00:06:51.0574527Z hint: 	git branch -m <name>
2025-10-08T00:06:51.0575052Z hint:
2025-10-08T00:06:51.0576088Z hint: Disable this message with "git config set advice.defaultBranchName false"
2025-10-08T00:06:51.0577868Z Initialized empty Git repository in /home/runner/work/scratchattach/scratchattach/.git/
2025-10-08T00:06:51.0581804Z [command]/usr/bin/git remote add origin https://github.com/Boss-1s/scratchattach
2025-10-08T00:06:51.0617327Z ##[endgroup]
2025-10-08T00:06:51.0618050Z ##[group]Disabling automatic garbage collection
2025-10-08T00:06:51.0620593Z [command]/usr/bin/git config --local gc.auto 0
2025-10-08T00:06:51.0646713Z ##[endgroup]
2025-10-08T00:06:51.0647398Z ##[group]Setting up auth
2025-10-08T00:06:51.0652841Z [command]/usr/bin/git config --local --name-only --get-regexp core\.sshCommand
2025-10-08T00:06:51.0684063Z [command]/usr/bin/git submodule foreach --recursive sh -c "git config --local --name-only --get-regexp 'core\.sshCommand' && git config --local --unset-all 'core.sshCommand' || :"
2025-10-08T00:06:51.1008845Z [command]/usr/bin/git config --local --name-only --get-regexp http\.https\:\/\/github\.com\/\.extraheader
2025-10-08T00:06:51.1038133Z [command]/usr/bin/git submodule foreach --recursive sh -c "git config --local --name-only --get-regexp 'http\.https\:\/\/github\.com\/\.extraheader' && git config --local --unset-all 'http.https://github.com/.extraheader' || :"
2025-10-08T00:06:51.1255078Z [command]/usr/bin/git config --local http.https://github.com/.extraheader AUTHORIZATION: basic ***
2025-10-08T00:06:51.1287548Z ##[endgroup]
2025-10-08T00:06:51.1288320Z ##[group]Fetching the repository
2025-10-08T00:06:51.1297119Z [command]/usr/bin/git -c protocol.version=2 fetch --no-tags --prune --no-recurse-submodules --depth=1 origin +refs/heads/scratch_chat_dev*:refs/remotes/origin/scratch_chat_dev* +refs/tags/scratch_chat_dev*:refs/tags/scratch_chat_dev*
2025-10-08T00:06:51.7007441Z From https://github.com/Boss-1s/scratchattach
2025-10-08T00:06:51.7009536Z  * [new branch]      scratch_chat_dev -> origin/scratch_chat_dev
2025-10-08T00:06:51.7037527Z ##[endgroup]
2025-10-08T00:06:51.7038245Z ##[group]Determining the checkout info
2025-10-08T00:06:51.7044521Z [command]/usr/bin/git branch --list --remote origin/scratch_chat_dev
2025-10-08T00:06:51.7067572Z   origin/scratch_chat_dev
2025-10-08T00:06:51.7072417Z ##[endgroup]
2025-10-08T00:06:51.7076718Z [command]/usr/bin/git sparse-checkout disable
2025-10-08T00:06:51.7114534Z [command]/usr/bin/git config --local --unset-all extensions.worktreeConfig
2025-10-08T00:06:51.7140116Z ##[group]Checking out the ref
2025-10-08T00:06:51.7143867Z [command]/usr/bin/git checkout --progress --force -B scratch_chat_dev refs/remotes/origin/scratch_chat_dev
2025-10-08T00:06:51.9039079Z Switched to a new branch 'scratch_chat_dev'
2025-10-08T00:06:51.9041139Z branch 'scratch_chat_dev' set up to track 'origin/scratch_chat_dev'.
2025-10-08T00:06:51.9064453Z ##[endgroup]
2025-10-08T00:06:51.9105413Z [command]/usr/bin/git log -1 --format=%H
2025-10-08T00:06:51.9129223Z fa3e014d094e74c6d9762f24701dde90fcd405c3
2025-10-08T00:06:51.9369983Z ##[group]Run actions/setup-python@v6.0.0
2025-10-08T00:06:51.9370484Z with:
2025-10-08T00:06:51.9370850Z   python-version: 3.13
2025-10-08T00:06:51.9371237Z   check-latest: false
2025-10-08T00:06:51.9371754Z   token: ***
2025-10-08T00:06:51.9372129Z   update-environment: true
2025-10-08T00:06:51.9372543Z   allow-prereleases: false
2025-10-08T00:06:51.9372978Z   freethreaded: false
2025-10-08T00:06:51.9373345Z ##[endgroup]
2025-10-08T00:06:52.0627462Z ##[group]Installed versions
2025-10-08T00:06:52.0732846Z (node:2134) [DEP0040] DeprecationWarning: The `punycode` module is deprecated. Please use a userland alternative instead.
2025-10-08T00:06:52.0734182Z (Use `node --trace-deprecation ...` to show where the warning was created)
2025-10-08T00:06:52.0735120Z Successfully set up CPython (3.13.7)
2025-10-08T00:06:52.0735894Z ##[endgroup]
2025-10-08T00:06:52.0873787Z ##[group]Run bossOfCode/install-scratchattach@v1.0.3
2025-10-08T00:06:52.0874305Z env:
2025-10-08T00:06:52.0874700Z   pythonLocation: /opt/hostedtoolcache/Python/3.13.7/x64
2025-10-08T00:06:52.0875289Z   PKG_CONFIG_PATH: /opt/hostedtoolcache/Python/3.13.7/x64/lib/pkgconfig
2025-10-08T00:06:52.0875871Z   Python_ROOT_DIR: /opt/hostedtoolcache/Python/3.13.7/x64
2025-10-08T00:06:52.0876657Z   Python2_ROOT_DIR: /opt/hostedtoolcache/Python/3.13.7/x64
2025-10-08T00:06:52.0877186Z   Python3_ROOT_DIR: /opt/hostedtoolcache/Python/3.13.7/x64
2025-10-08T00:06:52.0877727Z   LD_LIBRARY_PATH: /opt/hostedtoolcache/Python/3.13.7/x64/lib
2025-10-08T00:06:52.0878213Z ##[endgroup]
2025-10-08T00:06:52.0958694Z ##[group]Run python3 -m pip install --upgrade pip
2025-10-08T00:06:52.0959284Z [36;1mpython3 -m pip install --upgrade pip[0m
2025-10-08T00:06:52.1160171Z shell: /usr/bin/bash --noprofile --norc -e -o pipefail {0}
2025-10-08T00:06:52.1160690Z env:
2025-10-08T00:06:52.1161140Z   pythonLocation: /opt/hostedtoolcache/Python/3.13.7/x64
2025-10-08T00:06:52.1161735Z   PKG_CONFIG_PATH: /opt/hostedtoolcache/Python/3.13.7/x64/lib/pkgconfig
2025-10-08T00:06:52.1162298Z   Python_ROOT_DIR: /opt/hostedtoolcache/Python/3.13.7/x64
2025-10-08T00:06:52.1162816Z   Python2_ROOT_DIR: /opt/hostedtoolcache/Python/3.13.7/x64
2025-10-08T00:06:52.1163351Z   Python3_ROOT_DIR: /opt/hostedtoolcache/Python/3.13.7/x64
2025-10-08T00:06:52.1163882Z   LD_LIBRARY_PATH: /opt/hostedtoolcache/Python/3.13.7/x64/lib
2025-10-08T00:06:52.1164331Z ##[endgroup]
2025-10-08T00:06:57.5112244Z Requirement already satisfied: pip in /opt/hostedtoolcache/Python/3.13.7/x64/lib/python3.13/site-packages (25.2)
2025-10-08T00:06:57.7343894Z ##[group]Run pip install -U scratchattach
2025-10-08T00:06:57.7344280Z [36;1mpip install -U scratchattach[0m
2025-10-08T00:06:57.7378766Z shell: /usr/bin/bash --noprofile --norc -e -o pipefail {0}
2025-10-08T00:06:57.7379135Z env:
2025-10-08T00:06:57.7379425Z   pythonLocation: /opt/hostedtoolcache/Python/3.13.7/x64
2025-10-08T00:06:57.7379870Z   PKG_CONFIG_PATH: /opt/hostedtoolcache/Python/3.13.7/x64/lib/pkgconfig
2025-10-08T00:06:57.7380308Z   Python_ROOT_DIR: /opt/hostedtoolcache/Python/3.13.7/x64
2025-10-08T00:06:57.7380691Z   Python2_ROOT_DIR: /opt/hostedtoolcache/Python/3.13.7/x64
2025-10-08T00:06:57.7381080Z   Python3_ROOT_DIR: /opt/hostedtoolcache/Python/3.13.7/x64
2025-10-08T00:06:57.7381467Z   LD_LIBRARY_PATH: /opt/hostedtoolcache/Python/3.13.7/x64/lib
2025-10-08T00:06:57.7381796Z ##[endgroup]
2025-10-08T00:06:58.6410480Z Collecting scratchattach
2025-10-08T00:06:58.6849028Z   Downloading scratchattach-2.1.13-py3-none-any.whl.metadata (5.5 kB)
2025-10-08T00:06:58.7071359Z Collecting websocket-client (from scratchattach)
2025-10-08T00:06:58.7111709Z   Downloading websocket_client-1.9.0-py3-none-any.whl.metadata (8.3 kB)
2025-10-08T00:06:58.7406585Z Collecting requests (from scratchattach)
2025-10-08T00:06:58.7442369Z   Downloading requests-2.32.5-py3-none-any.whl.metadata (4.9 kB)
2025-10-08T00:06:58.7552007Z Collecting bs4 (from scratchattach)
2025-10-08T00:06:58.7586285Z   Downloading bs4-0.0.2-py2.py3-none-any.whl.metadata (411 bytes)
2025-10-08T00:06:58.7694233Z Collecting SimpleWebSocketServer (from scratchattach)
2025-10-08T00:06:58.7741280Z   Downloading SimpleWebSocketServer-0.1.2.tar.gz (10 kB)
2025-10-08T00:06:58.7820702Z   Installing build dependencies: started
2025-10-08T00:06:59.8522137Z   Installing build dependencies: finished with status 'done'
2025-10-08T00:06:59.8527271Z   Getting requirements to build wheel: started
2025-10-08T00:07:00.3215593Z   Getting requirements to build wheel: finished with status 'done'
2025-10-08T00:07:00.3224133Z   Preparing metadata (pyproject.toml): started
2025-10-08T00:07:00.6024430Z   Preparing metadata (pyproject.toml): finished with status 'done'
2025-10-08T00:07:00.6192817Z Collecting typing-extensions (from scratchattach)
2025-10-08T00:07:00.6228036Z   Downloading typing_extensions-4.15.0-py3-none-any.whl.metadata (3.3 kB)
2025-10-08T00:07:00.6411607Z Collecting beautifulsoup4 (from bs4->scratchattach)
2025-10-08T00:07:00.6446343Z   Downloading beautifulsoup4-4.14.2-py3-none-any.whl.metadata (3.8 kB)
2025-10-08T00:07:00.6640270Z Collecting soupsieve>1.2 (from beautifulsoup4->bs4->scratchattach)
2025-10-08T00:07:00.6675661Z   Downloading soupsieve-2.8-py3-none-any.whl.metadata (4.6 kB)
2025-10-08T00:07:00.7536852Z Collecting charset_normalizer<4,>=2 (from requests->scratchattach)
2025-10-08T00:07:00.7573672Z   Downloading charset_normalizer-3.4.3-cp313-cp313-manylinux2014_x86_64.manylinux_2_17_x86_64.manylinux_2_28_x86_64.whl.metadata (36 kB)
2025-10-08T00:07:00.7764580Z Collecting idna<4,>=2.5 (from requests->scratchattach)
2025-10-08T00:07:00.7798105Z   Downloading idna-3.10-py3-none-any.whl.metadata (10 kB)
2025-10-08T00:07:00.8084058Z Collecting urllib3<3,>=1.21.1 (from requests->scratchattach)
2025-10-08T00:07:00.8118674Z   Downloading urllib3-2.5.0-py3-none-any.whl.metadata (6.5 kB)
2025-10-08T00:07:00.8445060Z Collecting certifi>=2017.4.17 (from requests->scratchattach)
2025-10-08T00:07:00.8479828Z   Downloading certifi-2025.10.5-py3-none-any.whl.metadata (2.5 kB)
2025-10-08T00:07:00.8594448Z Downloading scratchattach-2.1.13-py3-none-any.whl (141 kB)
2025-10-08T00:07:00.8675187Z Downloading bs4-0.0.2-py2.py3-none-any.whl (1.2 kB)
2025-10-08T00:07:00.8728043Z Downloading beautifulsoup4-4.14.2-py3-none-any.whl (106 kB)
2025-10-08T00:07:00.8789301Z Downloading soupsieve-2.8-py3-none-any.whl (36 kB)
2025-10-08T00:07:00.8848256Z Downloading typing_extensions-4.15.0-py3-none-any.whl (44 kB)
2025-10-08T00:07:00.8904718Z Downloading requests-2.32.5-py3-none-any.whl (64 kB)
2025-10-08T00:07:00.8963911Z Downloading charset_normalizer-3.4.3-cp313-cp313-manylinux2014_x86_64.manylinux_2_17_x86_64.manylinux_2_28_x86_64.whl (151 kB)
2025-10-08T00:07:00.9033046Z Downloading idna-3.10-py3-none-any.whl (70 kB)
2025-10-08T00:07:00.9134667Z Downloading urllib3-2.5.0-py3-none-any.whl (129 kB)
2025-10-08T00:07:00.9194946Z Downloading certifi-2025.10.5-py3-none-any.whl (163 kB)
2025-10-08T00:07:00.9263528Z Downloading websocket_client-1.9.0-py3-none-any.whl (82 kB)
2025-10-08T00:07:00.9400085Z Building wheels for collected packages: SimpleWebSocketServer
2025-10-08T00:07:00.9408362Z   Building wheel for SimpleWebSocketServer (pyproject.toml): started
2025-10-08T00:07:01.1619242Z   Building wheel for SimpleWebSocketServer (pyproject.toml): finished with status 'done'
2025-10-08T00:07:01.1625681Z   Created wheel for SimpleWebSocketServer: filename=simplewebsocketserver-0.1.2-py3-none-any.whl size=9715 sha256=b6098fc748856decb71f5a8e54e421ee9bf4c97d87f96d2186fbef98c50aba7c
2025-10-08T00:07:01.1627960Z   Stored in directory: /home/runner/.cache/pip/wheels/c4/5b/e8/4f2c15a82edc4923058056f6681373168be02a0c00389a6dcf
2025-10-08T00:07:01.1646367Z Successfully built SimpleWebSocketServer
2025-10-08T00:07:01.1829592Z Installing collected packages: SimpleWebSocketServer, websocket-client, urllib3, typing-extensions, soupsieve, idna, charset_normalizer, certifi, requests, beautifulsoup4, bs4, scratchattach
2025-10-08T00:07:01.8084776Z 
2025-10-08T00:07:01.8108033Z Successfully installed SimpleWebSocketServer-0.1.2 beautifulsoup4-4.14.2 bs4-0.0.2 certifi-2025.10.5 charset_normalizer-3.4.3 idna-3.10 requests-2.32.5 scratchattach-2.1.13 soupsieve-2.8 typing-extensions-4.15.0 urllib3-2.5.0 websocket-client-1.9.0
2025-10-08T00:07:01.8947279Z ##[group]Run actions/checkout@v5.0.0
2025-10-08T00:07:01.8947538Z with:
2025-10-08T00:07:01.8947714Z   ref: scratch_chat_dev
2025-10-08T00:07:01.8947931Z   repository: Boss-1s/scratchattach
2025-10-08T00:07:01.8948283Z   token: ***
2025-10-08T00:07:01.8948461Z   ssh-strict: true
2025-10-08T00:07:01.8948800Z   ssh-user: git
2025-10-08T00:07:01.8948990Z   persist-credentials: true
2025-10-08T00:07:01.8949198Z   clean: true
2025-10-08T00:07:01.8949380Z   sparse-checkout-cone-mode: true
2025-10-08T00:07:01.8949610Z   fetch-depth: 1
2025-10-08T00:07:01.8949788Z   fetch-tags: false
2025-10-08T00:07:01.8949966Z   show-progress: true
2025-10-08T00:07:01.8950149Z   lfs: false
2025-10-08T00:07:01.8950305Z   submodules: false
2025-10-08T00:07:01.8950493Z   set-safe-directory: true
2025-10-08T00:07:01.8950691Z env:
2025-10-08T00:07:01.8950915Z   pythonLocation: /opt/hostedtoolcache/Python/3.13.7/x64
2025-10-08T00:07:01.8951352Z   PKG_CONFIG_PATH: /opt/hostedtoolcache/Python/3.13.7/x64/lib/pkgconfig
2025-10-08T00:07:01.8951727Z   Python_ROOT_DIR: /opt/hostedtoolcache/Python/3.13.7/x64
2025-10-08T00:07:01.8952067Z   Python2_ROOT_DIR: /opt/hostedtoolcache/Python/3.13.7/x64
2025-10-08T00:07:01.8952397Z   Python3_ROOT_DIR: /opt/hostedtoolcache/Python/3.13.7/x64
2025-10-08T00:07:01.8952730Z   LD_LIBRARY_PATH: /opt/hostedtoolcache/Python/3.13.7/x64/lib
2025-10-08T00:07:01.8953026Z ##[endgroup]
2025-10-08T00:07:01.9737140Z Syncing repository: Boss-1s/scratchattach
2025-10-08T00:07:01.9739539Z ##[group]Getting Git version info
2025-10-08T00:07:01.9740128Z Working directory is '/home/runner/work/scratchattach/scratchattach'
2025-10-08T00:07:01.9774837Z [command]/usr/bin/git version
2025-10-08T00:07:01.9809526Z git version 2.51.0
2025-10-08T00:07:01.9828935Z ##[endgroup]
2025-10-08T00:07:01.9841921Z Temporarily overriding HOME='/home/runner/work/_temp/cf2bb8ef-86a6-4e30-9dd4-4628dfdf42bf' before making global git config changes
2025-10-08T00:07:01.9843159Z Adding repository directory to the temporary git global config as a safe directory
2025-10-08T00:07:01.9846815Z [command]/usr/bin/git config --global --add safe.directory /home/runner/work/scratchattach/scratchattach
2025-10-08T00:07:01.9882606Z [command]/usr/bin/git config --local --get remote.origin.url
2025-10-08T00:07:01.9902734Z https://github.com/Boss-1s/scratchattach
2025-10-08T00:07:01.9915342Z ##[group]Removing previously created refs, to avoid conflicts
2025-10-08T00:07:01.9919451Z [command]/usr/bin/git rev-parse --symbolic-full-name --verify --quiet HEAD
2025-10-08T00:07:01.9939734Z refs/heads/scratch_chat_dev
2025-10-08T00:07:01.9949025Z [command]/usr/bin/git checkout --detach
2025-10-08T00:07:02.1541094Z HEAD is now at fa3e014 fix: tabbed spaces
2025-10-08T00:07:02.1587263Z [command]/usr/bin/git branch --delete --force scratch_chat_dev
2025-10-08T00:07:02.1612385Z Deleted branch scratch_chat_dev (was fa3e014).
2025-10-08T00:07:02.1646676Z ##[endgroup]
2025-10-08T00:07:02.1650450Z [command]/usr/bin/git submodule status
2025-10-08T00:07:02.1871159Z ##[group]Cleaning the repository
2025-10-08T00:07:02.1875490Z [command]/usr/bin/git clean -ffdx
2025-10-08T00:07:02.1913825Z [command]/usr/bin/git reset --hard HEAD
2025-10-08T00:07:02.1968289Z HEAD is now at fa3e014 fix: tabbed spaces
2025-10-08T00:07:02.1973837Z ##[endgroup]
2025-10-08T00:07:02.1975798Z ##[group]Disabling automatic garbage collection
2025-10-08T00:07:02.1980368Z [command]/usr/bin/git config --local gc.auto 0
2025-10-08T00:07:02.2005769Z ##[endgroup]
2025-10-08T00:07:02.2006521Z ##[group]Setting up auth
2025-10-08T00:07:02.2013209Z [command]/usr/bin/git config --local --name-only --get-regexp core\.sshCommand
2025-10-08T00:07:02.2042241Z [command]/usr/bin/git submodule foreach --recursive sh -c "git config --local --name-only --get-regexp 'core\.sshCommand' && git config --local --unset-all 'core.sshCommand' || :"
2025-10-08T00:07:02.2260605Z [command]/usr/bin/git config --local --name-only --get-regexp http\.https\:\/\/github\.com\/\.extraheader
2025-10-08T00:07:02.2282163Z http.https://github.com/.extraheader
2025-10-08T00:07:02.2291961Z [command]/usr/bin/git config --local --unset-all http.https://github.com/.extraheader
2025-10-08T00:07:02.2321749Z [command]/usr/bin/git submodule foreach --recursive sh -c "git config --local --name-only --get-regexp 'http\.https\:\/\/github\.com\/\.extraheader' && git config --local --unset-all 'http.https://github.com/.extraheader' || :"
2025-10-08T00:07:02.2542213Z [command]/usr/bin/git config --local http.https://github.com/.extraheader AUTHORIZATION: basic ***
2025-10-08T00:07:02.2581549Z ##[endgroup]
2025-10-08T00:07:02.2582057Z ##[group]Fetching the repository
2025-10-08T00:07:02.2590259Z [command]/usr/bin/git -c protocol.version=2 fetch --no-tags --prune --no-recurse-submodules --depth=1 origin +refs/heads/scratch_chat_dev*:refs/remotes/origin/scratch_chat_dev* +refs/tags/scratch_chat_dev*:refs/tags/scratch_chat_dev*
2025-10-08T00:07:02.4888921Z ##[endgroup]
2025-10-08T00:07:02.4890248Z ##[group]Determining the checkout info
2025-10-08T00:07:02.4898867Z [command]/usr/bin/git branch --list --remote origin/scratch_chat_dev
2025-10-08T00:07:02.4924563Z   origin/scratch_chat_dev
2025-10-08T00:07:02.4930399Z ##[endgroup]
2025-10-08T00:07:02.4935142Z [command]/usr/bin/git sparse-checkout disable
2025-10-08T00:07:02.4989059Z [command]/usr/bin/git config --local --unset-all extensions.worktreeConfig
2025-10-08T00:07:02.5017722Z ##[group]Checking out the ref
2025-10-08T00:07:02.5023078Z [command]/usr/bin/git checkout --progress --force -B scratch_chat_dev refs/remotes/origin/scratch_chat_dev
2025-10-08T00:07:02.5081676Z Switched to a new branch 'scratch_chat_dev'
2025-10-08T00:07:02.5085265Z branch 'scratch_chat_dev' set up to track 'origin/scratch_chat_dev'.
2025-10-08T00:07:02.5092543Z ##[endgroup]
2025-10-08T00:07:02.5138206Z [command]/usr/bin/git log -1 --format=%H
2025-10-08T00:07:02.5164725Z fa3e014d094e74c6d9762f24701dde90fcd405c3
2025-10-08T00:07:02.5299140Z ##[group]Run git config --global user.name 'Boss-1s [via Actions]'
2025-10-08T00:07:02.5299606Z [36;1mgit config --global user.name 'Boss-1s [via Actions]'[0m
2025-10-08T00:07:02.5300036Z [36;1mgit config --global user.email 'Boss-1s[auto]@users.noreply.github.com'[0m
2025-10-08T00:07:02.5300509Z [36;1mtimeout 3m python3 scratch_chat.py || { [[ $? -eq 124 ]] && exit 0; }[0m
2025-10-08T00:07:02.5334672Z shell: /usr/bin/bash -e {0}
2025-10-08T00:07:02.5334907Z env:
2025-10-08T00:07:02.5335141Z   pythonLocation: /opt/hostedtoolcache/Python/3.13.7/x64
2025-10-08T00:07:02.5335553Z   PKG_CONFIG_PATH: /opt/hostedtoolcache/Python/3.13.7/x64/lib/pkgconfig
2025-10-08T00:07:02.5335939Z   Python_ROOT_DIR: /opt/hostedtoolcache/Python/3.13.7/x64
2025-10-08T00:07:02.5336498Z   Python2_ROOT_DIR: /opt/hostedtoolcache/Python/3.13.7/x64
2025-10-08T00:07:02.5336837Z   Python3_ROOT_DIR: /opt/hostedtoolcache/Python/3.13.7/x64
2025-10-08T00:07:02.5337201Z   LD_LIBRARY_PATH: /opt/hostedtoolcache/Python/3.13.7/x64/lib
2025-10-08T00:07:02.5337597Z   PASS: ***
2025-10-08T00:07:02.5337764Z ##[endgroup]
2025-10-08T00:07:02.5769475Z Traceback (most recent call last):
2025-10-08T00:07:02.5788148Z   File "/home/runner/work/scratchattach/scratchattach/scratch_chat.py", line 4, in <module>
2025-10-08T00:07:02.5788716Z     from key_multivalue_storage import Storage as s
2025-10-08T00:07:02.5789319Z   File "/home/runner/work/scratchattach/scratchattach/key_multivalue_storage.py", line 5, in <module>
2025-10-08T00:07:02.5789872Z     from warnings import UserWarning
2025-10-08T00:07:02.5790618Z ImportError: cannot import name 'UserWarning' from 'warnings' (/opt/hostedtoolcache/Python/3.13.7/x64/lib/python3.13/warnings.py). Did you mean: 'resetwarnings'?
2025-10-08T00:07:02.5849720Z ##[error]Process completed with exit code 1.
2025-10-08T00:07:02.5890235Z ##[group]Run bash push.sh
2025-10-08T00:07:02.5890490Z [36;1mbash push.sh[0m
2025-10-08T00:07:02.5922434Z shell: /usr/bin/bash -e {0}
2025-10-08T00:07:02.5922661Z env:
2025-10-08T00:07:02.5922905Z   pythonLocation: /opt/hostedtoolcache/Python/3.13.7/x64
2025-10-08T00:07:02.5923316Z   PKG_CONFIG_PATH: /opt/hostedtoolcache/Python/3.13.7/x64/lib/pkgconfig
2025-10-08T00:07:02.5923710Z   Python_ROOT_DIR: /opt/hostedtoolcache/Python/3.13.7/x64
2025-10-08T00:07:02.5924067Z   Python2_ROOT_DIR: /opt/hostedtoolcache/Python/3.13.7/x64
2025-10-08T00:07:02.5924407Z   Python3_ROOT_DIR: /opt/hostedtoolcache/Python/3.13.7/x64
2025-10-08T00:07:02.5924917Z   LD_LIBRARY_PATH: /opt/hostedtoolcache/Python/3.13.7/x64/lib
2025-10-08T00:07:02.5925201Z ##[endgroup]
2025-10-08T00:07:02.7481771Z From https://github.com/Boss-1s/scratchattach
2025-10-08T00:07:02.7482416Z  * branch            scratch_chat_dev -> FETCH_HEAD
2025-10-08T00:07:02.7560836Z Already up to date.
2025-10-08T00:07:02.7613006Z Git working tree has uncommitted changes:
2025-10-08T00:07:02.7614004Z  M __pycache__/key_multivalue_storage.cpython-313.pyc
2025-10-08T00:07:02.7616625Z These changes will be pushed to the scratch_chat_dev branch.#main
2025-10-08T00:07:02.7732040Z [scratch_chat_dev a627130] [BOT] Update file from workflow
2025-10-08T00:07:02.7732680Z  1 file changed, 0 insertions(+), 0 deletions(-)
2025-10-08T00:07:03.2654244Z To https://github.com/Boss-1s/scratchattach
2025-10-08T00:07:03.2654797Z    fa3e014..a627130  scratch_chat_dev -> scratch_chat_dev
2025-10-08T00:07:03.2751770Z Post job cleanup.
2025-10-08T00:07:03.3506680Z [command]/usr/bin/git version
2025-10-08T00:07:03.3541928Z git version 2.51.0
2025-10-08T00:07:03.3574149Z Copying '/home/runner/.gitconfig' to '/home/runner/work/_temp/9d98425f-6395-4d03-a3d6-08cb04ca12f3/.gitconfig'
2025-10-08T00:07:03.3582600Z Temporarily overriding HOME='/home/runner/work/_temp/9d98425f-6395-4d03-a3d6-08cb04ca12f3' before making global git config changes
2025-10-08T00:07:03.3584374Z Adding repository directory to the temporary git global config as a safe directory
2025-10-08T00:07:03.3589021Z [command]/usr/bin/git config --global --add safe.directory /home/runner/work/scratchattach/scratchattach
2025-10-08T00:07:03.3623295Z [command]/usr/bin/git config --local --name-only --get-regexp core\.sshCommand
2025-10-08T00:07:03.3655507Z [command]/usr/bin/git submodule foreach --recursive sh -c "git config --local --name-only --get-regexp 'core\.sshCommand' && git config --local --unset-all 'core.sshCommand' || :"
2025-10-08T00:07:03.3878040Z [command]/usr/bin/git config --local --name-only --get-regexp http\.https\:\/\/github\.com\/\.extraheader
2025-10-08T00:07:03.3899704Z http.https://github.com/.extraheader
2025-10-08T00:07:03.3909193Z [command]/usr/bin/git config --local --unset-all http.https://github.com/.extraheader
2025-10-08T00:07:03.3940646Z [command]/usr/bin/git submodule foreach --recursive sh -c "git config --local --name-only --get-regexp 'http\.https\:\/\/github\.com\/\.extraheader' && git config --local --unset-all 'http.https://github.com/.extraheader' || :"
2025-10-08T00:07:03.4299724Z Post job cleanup.
2025-10-08T00:07:03.5066808Z [command]/usr/bin/git version
2025-10-08T00:07:03.5102566Z git version 2.51.0
2025-10-08T00:07:03.5132611Z Copying '/home/runner/.gitconfig' to '/home/runner/work/_temp/f81cb2ac-ac5d-4010-a7b8-8635898370e0/.gitconfig'
2025-10-08T00:07:03.5141840Z Temporarily overriding HOME='/home/runner/work/_temp/f81cb2ac-ac5d-4010-a7b8-8635898370e0' before making global git config changes
2025-10-08T00:07:03.5143067Z Adding repository directory to the temporary git global config as a safe directory
2025-10-08T00:07:03.5148119Z [command]/usr/bin/git config --global --add safe.directory /home/runner/work/scratchattach/scratchattach
2025-10-08T00:07:03.5183653Z [command]/usr/bin/git config --local --name-only --get-regexp core\.sshCommand
2025-10-08T00:07:03.5217184Z [command]/usr/bin/git submodule foreach --recursive sh -c "git config --local --name-only --get-regexp 'core\.sshCommand' && git config --local --unset-all 'core.sshCommand' || :"
2025-10-08T00:07:03.5439963Z [command]/usr/bin/git config --local --name-only --get-regexp http\.https\:\/\/github\.com\/\.extraheader
2025-10-08T00:07:03.5469930Z [command]/usr/bin/git submodule foreach --recursive sh -c "git config --local --name-only --get-regexp 'http\.https\:\/\/github\.com\/\.extraheader' && git config --local --unset-all 'http.https://github.com/.extraheader' || :"
2025-10-08T00:07:03.5840149Z Cleaning up orphan processes
