2026-01-27T03:48:54.5813056Z Current runner version: '2.331.0'
2026-01-27T03:48:54.5838612Z ##[group]Runner Image Provisioner
2026-01-27T03:48:54.5839391Z Hosted Compute Agent
2026-01-27T03:48:54.5840012Z Version: 20260115.477
2026-01-27T03:48:54.5840903Z Commit: 4b342d620503cbe250a3154040964899ea7c9b00
2026-01-27T03:48:54.5841580Z Build Date: 2026-01-15T22:32:41Z
2026-01-27T03:48:54.5842298Z Worker ID: {3f2489dc-3df1-4915-b031-d036d12b71ae}
2026-01-27T03:48:54.5843009Z Azure Region: centralus
2026-01-27T03:48:54.5843535Z ##[endgroup]
2026-01-27T03:48:54.5845000Z ##[group]Operating System
2026-01-27T03:48:54.5845580Z Ubuntu
2026-01-27T03:48:54.5846008Z 24.04.3
2026-01-27T03:48:54.5846536Z LTS
2026-01-27T03:48:54.5847056Z ##[endgroup]
2026-01-27T03:48:54.5847515Z ##[group]Runner Image
2026-01-27T03:48:54.5848111Z Image: ubuntu-24.04
2026-01-27T03:48:54.5848620Z Version: 20260119.4.1
2026-01-27T03:48:54.5849783Z Included Software: https://github.com/actions/runner-images/blob/ubuntu24/20260119.4/images/ubuntu/Ubuntu2404-Readme.md
2026-01-27T03:48:54.5851520Z Image Release: https://github.com/actions/runner-images/releases/tag/ubuntu24%2F20260119.4
2026-01-27T03:48:54.5852391Z ##[endgroup]
2026-01-27T03:48:54.5853465Z ##[group]GITHUB_TOKEN Permissions
2026-01-27T03:48:54.5855565Z Contents: write
2026-01-27T03:48:54.5856199Z Metadata: read
2026-01-27T03:48:54.5856664Z ##[endgroup]
2026-01-27T03:48:54.5858645Z Secret source: Actions
2026-01-27T03:48:54.5859423Z Prepare workflow directory
2026-01-27T03:48:54.6186961Z Prepare all required actions
2026-01-27T03:48:54.6225773Z Getting action download info
2026-01-27T03:48:54.9475450Z Download action repository 'actions/checkout@v6.0.2' (SHA:de0fac2e4500dabe0009e67214ff5f5447ce83dd)
2026-01-27T03:48:55.7820751Z Download action repository 'actions/setup-python@v6.2.0' (SHA:a309ff8b426b58ec0e2a45f0f869d46889d02405)
2026-01-27T03:48:56.4200848Z Complete job name: Run Prioritzing Handler
2026-01-27T03:48:56.5033981Z ##[group]Run actions/checkout@v6.0.2
2026-01-27T03:48:56.5035387Z with:
2026-01-27T03:48:56.5036119Z   ref: main
2026-01-27T03:48:56.5036924Z   repository: Boss-1s/scratchattach
2026-01-27T03:48:56.5038219Z   token: ***
2026-01-27T03:48:56.5038984Z   ssh-strict: true
2026-01-27T03:48:56.5039782Z   ssh-user: git
2026-01-27T03:48:56.5040817Z   persist-credentials: true
2026-01-27T03:48:56.5041760Z   clean: true
2026-01-27T03:48:56.5042600Z   sparse-checkout-cone-mode: true
2026-01-27T03:48:56.5043605Z   fetch-depth: 1
2026-01-27T03:48:56.5044412Z   fetch-tags: false
2026-01-27T03:48:56.5045264Z   show-progress: true
2026-01-27T03:48:56.5046120Z   lfs: false
2026-01-27T03:48:56.5046890Z   submodules: false
2026-01-27T03:48:56.5047732Z   set-safe-directory: true
2026-01-27T03:48:56.5049034Z ##[endgroup]
2026-01-27T03:48:56.6029236Z Syncing repository: Boss-1s/scratchattach
2026-01-27T03:48:56.6032003Z ##[group]Getting Git version info
2026-01-27T03:48:56.6033551Z Working directory is '/home/runner/work/scratchattach/scratchattach'
2026-01-27T03:48:56.6035577Z [command]/usr/bin/git version
2026-01-27T03:48:56.7238719Z git version 2.52.0
2026-01-27T03:48:56.7263358Z ##[endgroup]
2026-01-27T03:48:56.7278769Z Temporarily overriding HOME='/home/runner/work/_temp/6c383330-204c-45cf-9274-1ca74639f2de' before making global git config changes
2026-01-27T03:48:56.7281739Z Adding repository directory to the temporary git global config as a safe directory
2026-01-27T03:48:56.7284669Z [command]/usr/bin/git config --global --add safe.directory /home/runner/work/scratchattach/scratchattach
2026-01-27T03:48:56.7384783Z Deleting the contents of '/home/runner/work/scratchattach/scratchattach'
2026-01-27T03:48:56.7388638Z ##[group]Initializing the repository
2026-01-27T03:48:56.7394140Z [command]/usr/bin/git init /home/runner/work/scratchattach/scratchattach
2026-01-27T03:48:56.7984436Z hint: Using 'master' as the name for the initial branch. This default branch name
2026-01-27T03:48:56.7986897Z hint: will change to "main" in Git 3.0. To configure the initial branch name
2026-01-27T03:48:56.7988888Z hint: to use in all of your new repositories, which will suppress this warning,
2026-01-27T03:48:56.7990969Z hint: call:
2026-01-27T03:48:56.7991744Z hint:
2026-01-27T03:48:56.7992767Z hint: 	git config --global init.defaultBranch <name>
2026-01-27T03:48:56.7994012Z hint:
2026-01-27T03:48:56.7995191Z hint: Names commonly chosen instead of 'master' are 'main', 'trunk' and
2026-01-27T03:48:56.7997055Z hint: 'development'. The just-created branch can be renamed via this command:
2026-01-27T03:48:56.7998518Z hint:
2026-01-27T03:48:56.7999283Z hint: 	git branch -m <name>
2026-01-27T03:48:56.8000282Z hint:
2026-01-27T03:48:56.8001516Z hint: Disable this message with "git config set advice.defaultBranchName false"
2026-01-27T03:48:56.8049129Z Initialized empty Git repository in /home/runner/work/scratchattach/scratchattach/.git/
2026-01-27T03:48:56.8061964Z [command]/usr/bin/git remote add origin https://github.com/Boss-1s/scratchattach
2026-01-27T03:48:56.8157544Z ##[endgroup]
2026-01-27T03:48:56.8160359Z ##[group]Disabling automatic garbage collection
2026-01-27T03:48:56.8162776Z [command]/usr/bin/git config --local gc.auto 0
2026-01-27T03:48:56.8191662Z ##[endgroup]
2026-01-27T03:48:56.8194022Z ##[group]Setting up auth
2026-01-27T03:48:56.8195812Z Removing SSH command configuration
2026-01-27T03:48:56.8199283Z [command]/usr/bin/git config --local --name-only --get-regexp core\.sshCommand
2026-01-27T03:48:56.8234066Z [command]/usr/bin/git submodule foreach --recursive sh -c "git config --local --name-only --get-regexp 'core\.sshCommand' && git config --local --unset-all 'core.sshCommand' || :"
2026-01-27T03:48:57.0065721Z Removing HTTP extra header
2026-01-27T03:48:57.0071712Z [command]/usr/bin/git config --local --name-only --get-regexp http\.https\:\/\/github\.com\/\.extraheader
2026-01-27T03:48:57.0103685Z [command]/usr/bin/git submodule foreach --recursive sh -c "git config --local --name-only --get-regexp 'http\.https\:\/\/github\.com\/\.extraheader' && git config --local --unset-all 'http.https://github.com/.extraheader' || :"
2026-01-27T03:48:57.0315883Z Removing includeIf entries pointing to credentials config files
2026-01-27T03:48:57.0322275Z [command]/usr/bin/git config --local --name-only --get-regexp ^includeIf\.gitdir:
2026-01-27T03:48:57.0353229Z [command]/usr/bin/git submodule foreach --recursive git config --local --show-origin --name-only --get-regexp remote.origin.url
2026-01-27T03:48:57.0573359Z [command]/usr/bin/git config --file /home/runner/work/_temp/git-credentials-bfd9560f-280f-4110-a4cf-d385b662f487.config http.https://github.com/.extraheader AUTHORIZATION: basic ***
2026-01-27T03:48:57.0609270Z [command]/usr/bin/git config --local includeIf.gitdir:/home/runner/work/scratchattach/scratchattach/.git.path /home/runner/work/_temp/git-credentials-bfd9560f-280f-4110-a4cf-d385b662f487.config
2026-01-27T03:48:57.0639373Z [command]/usr/bin/git config --local includeIf.gitdir:/home/runner/work/scratchattach/scratchattach/.git/worktrees/*.path /home/runner/work/_temp/git-credentials-bfd9560f-280f-4110-a4cf-d385b662f487.config
2026-01-27T03:48:57.0668676Z [command]/usr/bin/git config --local includeIf.gitdir:/github/workspace/.git.path /github/runner_temp/git-credentials-bfd9560f-280f-4110-a4cf-d385b662f487.config
2026-01-27T03:48:57.0697967Z [command]/usr/bin/git config --local includeIf.gitdir:/github/workspace/.git/worktrees/*.path /github/runner_temp/git-credentials-bfd9560f-280f-4110-a4cf-d385b662f487.config
2026-01-27T03:48:57.0724230Z ##[endgroup]
2026-01-27T03:48:57.0725540Z ##[group]Fetching the repository
2026-01-27T03:48:57.0733778Z [command]/usr/bin/git -c protocol.version=2 fetch --no-tags --prune --no-recurse-submodules --depth=1 origin +refs/heads/main*:refs/remotes/origin/main* +refs/tags/main*:refs/tags/main*
2026-01-27T03:49:50.0647267Z From https://github.com/Boss-1s/scratchattach
2026-01-27T03:49:50.0647718Z  * [new branch]      main       -> origin/main
2026-01-27T03:49:50.0676563Z ##[endgroup]
2026-01-27T03:49:50.0677278Z ##[group]Determining the checkout info
2026-01-27T03:49:50.0683399Z [command]/usr/bin/git branch --list --remote origin/main
2026-01-27T03:49:50.0713914Z   origin/main
2026-01-27T03:49:50.0718334Z ##[endgroup]
2026-01-27T03:49:50.0723202Z [command]/usr/bin/git sparse-checkout disable
2026-01-27T03:49:50.0826847Z [command]/usr/bin/git config --local --unset-all extensions.worktreeConfig
2026-01-27T03:49:50.0853359Z ##[group]Checking out the ref
2026-01-27T03:49:50.0857665Z [command]/usr/bin/git checkout --progress --force -B main refs/remotes/origin/main
2026-01-27T03:49:51.3578844Z Updating files:  79% (2611/3277)
2026-01-27T03:49:51.6141623Z Updating files:  80% (2622/3277)
2026-01-27T03:49:51.7516289Z Updating files:  81% (2655/3277)
2026-01-27T03:49:51.7558058Z Updating files:  82% (2688/3277)
2026-01-27T03:49:51.9561914Z Updating files:  83% (2720/3277)
2026-01-27T03:49:51.9591928Z Updating files:  84% (2753/3277)
2026-01-27T03:49:52.0963678Z Updating files:  85% (2786/3277)
2026-01-27T03:49:52.1896090Z Updating files:  85% (2808/3277)
2026-01-27T03:49:52.7486079Z Updating files:  86% (2819/3277)
2026-01-27T03:49:52.9664761Z Updating files:  87% (2851/3277)
2026-01-27T03:49:53.1315274Z Updating files:  88% (2884/3277)
2026-01-27T03:49:53.3472132Z Updating files:  88% (2897/3277)
2026-01-27T03:49:53.5128308Z Updating files:  89% (2917/3277)
2026-01-27T03:49:53.8199153Z Updating files:  90% (2950/3277)
2026-01-27T03:49:54.1084416Z Updating files:  91% (2983/3277)
2026-01-27T03:49:54.4458557Z Updating files:  91% (2999/3277)
2026-01-27T03:49:55.1392866Z Updating files:  92% (3015/3277)
2026-01-27T03:49:55.1404840Z Updating files:  92% (3040/3277)
2026-01-27T03:49:55.7108151Z Updating files:  93% (3048/3277)
2026-01-27T03:49:56.1105877Z Updating files:  94% (3081/3277)
2026-01-27T03:49:56.3615748Z Updating files:  94% (3105/3277)
2026-01-27T03:49:56.8966794Z Updating files:  95% (3114/3277)
2026-01-27T03:49:57.1217177Z Updating files:  96% (3146/3277)
2026-01-27T03:49:57.4269348Z Updating files:  96% (3160/3277)
2026-01-27T03:49:57.4622643Z Updating files:  97% (3179/3277)
2026-01-27T03:49:57.4805839Z Updating files:  98% (3212/3277)
2026-01-27T03:49:57.4892533Z Updating files:  99% (3245/3277)
2026-01-27T03:49:57.4892968Z Updating files: 100% (3277/3277)
2026-01-27T03:49:57.4893381Z Updating files: 100% (3277/3277), done.
2026-01-27T03:49:57.5501242Z Switched to a new branch 'main'
2026-01-27T03:49:57.5503947Z branch 'main' set up to track 'origin/main'.
2026-01-27T03:49:57.5676050Z ##[endgroup]
2026-01-27T03:49:57.5715153Z [command]/usr/bin/git log -1 --format=%H
2026-01-27T03:49:57.5739916Z be6e811329dba7a9857f1e28613a12361800621d
2026-01-27T03:49:57.5963074Z ##[group]Run actions/setup-python@v6.2.0
2026-01-27T03:49:57.5963355Z with:
2026-01-27T03:49:57.5963543Z   python-version: 3.13
2026-01-27T03:49:57.5963751Z   check-latest: false
2026-01-27T03:49:57.5964075Z   token: ***
2026-01-27T03:49:57.5964262Z   update-environment: true
2026-01-27T03:49:57.5964496Z   allow-prereleases: false
2026-01-27T03:49:57.5964704Z   freethreaded: false
2026-01-27T03:49:57.5964896Z ##[endgroup]
2026-01-27T03:49:57.7165819Z ##[group]Installed versions
2026-01-27T03:49:57.7753915Z Successfully set up CPython (3.13.11)
2026-01-27T03:49:57.7754692Z ##[endgroup]
2026-01-27T03:49:57.7859362Z ##[group]Run pip install -r requirements.txt
2026-01-27T03:49:57.7859738Z [36;1mpip install -r requirements.txt[0m
2026-01-27T03:49:57.8027426Z shell: /usr/bin/bash -e {0}
2026-01-27T03:49:57.8027679Z env:
2026-01-27T03:49:57.8027927Z   pythonLocation: /opt/hostedtoolcache/Python/3.13.11/x64
2026-01-27T03:49:57.8028388Z   PKG_CONFIG_PATH: /opt/hostedtoolcache/Python/3.13.11/x64/lib/pkgconfig
2026-01-27T03:49:57.8028802Z   Python_ROOT_DIR: /opt/hostedtoolcache/Python/3.13.11/x64
2026-01-27T03:49:57.8029157Z   Python2_ROOT_DIR: /opt/hostedtoolcache/Python/3.13.11/x64
2026-01-27T03:49:57.8029518Z   Python3_ROOT_DIR: /opt/hostedtoolcache/Python/3.13.11/x64
2026-01-27T03:49:57.8029879Z   LD_LIBRARY_PATH: /opt/hostedtoolcache/Python/3.13.11/x64/lib
2026-01-27T03:49:57.8030308Z ##[endgroup]
2026-01-27T03:50:00.4529197Z Collecting scratchattach>=2.1.15b0 (from -r requirements.txt (line 1))
2026-01-27T03:50:00.5409863Z   Downloading scratchattach-2.1.15b0-py3-none-any.whl.metadata (5.7 kB)
2026-01-27T03:50:00.5777219Z Collecting websocket-client (from scratchattach>=2.1.15b0->-r requirements.txt (line 1))
2026-01-27T03:50:00.5914628Z   Downloading websocket_client-1.9.0-py3-none-any.whl.metadata (8.3 kB)
2026-01-27T03:50:00.6386080Z Collecting requests (from scratchattach>=2.1.15b0->-r requirements.txt (line 1))
2026-01-27T03:50:00.6525341Z   Downloading requests-2.32.5-py3-none-any.whl.metadata (4.9 kB)
2026-01-27T03:50:00.6802434Z Collecting bs4 (from scratchattach>=2.1.15b0->-r requirements.txt (line 1))
2026-01-27T03:50:00.6960610Z   Downloading bs4-0.0.2-py2.py3-none-any.whl.metadata (411 bytes)
2026-01-27T03:50:00.7551907Z Collecting SimpleWebSocketServer (from scratchattach>=2.1.15b0->-r requirements.txt (line 1))
2026-01-27T03:50:00.7715326Z   Downloading SimpleWebSocketServer-0.1.2.tar.gz (10 kB)
2026-01-27T03:50:00.7832089Z   Installing build dependencies: started
2026-01-27T03:50:02.2395416Z   Installing build dependencies: finished with status 'done'
2026-01-27T03:50:02.2400960Z   Getting requirements to build wheel: started
2026-01-27T03:50:02.6719166Z   Getting requirements to build wheel: finished with status 'done'
2026-01-27T03:50:02.6727968Z   Preparing metadata (pyproject.toml): started
2026-01-27T03:50:03.2458320Z   Preparing metadata (pyproject.toml): finished with status 'done'
2026-01-27T03:50:03.3176206Z Collecting typing-extensions (from scratchattach>=2.1.15b0->-r requirements.txt (line 1))
2026-01-27T03:50:03.3313444Z   Downloading typing_extensions-4.15.0-py3-none-any.whl.metadata (3.3 kB)
2026-01-27T03:50:03.5154667Z Collecting browser_cookie3 (from scratchattach>=2.1.15b0->-r requirements.txt (line 1))
2026-01-27T03:50:03.5303499Z   Downloading browser_cookie3-0.20.1-py3-none-any.whl.metadata (713 bytes)
2026-01-27T03:50:03.7473886Z Collecting lz4 (from browser_cookie3->scratchattach>=2.1.15b0->-r requirements.txt (line 1))
2026-01-27T03:50:03.7627751Z   Downloading lz4-4.4.5-cp313-cp313-manylinux2014_x86_64.manylinux_2_17_x86_64.manylinux_2_28_x86_64.whl.metadata (3.8 kB)
2026-01-27T03:50:03.8745041Z Collecting pycryptodomex (from browser_cookie3->scratchattach>=2.1.15b0->-r requirements.txt (line 1))
2026-01-27T03:50:03.8887481Z   Downloading pycryptodomex-3.23.0-cp37-abi3-manylinux_2_17_x86_64.manylinux2014_x86_64.whl.metadata (3.4 kB)
2026-01-27T03:50:03.9141750Z Collecting jeepney (from browser_cookie3->scratchattach>=2.1.15b0->-r requirements.txt (line 1))
2026-01-27T03:50:03.9275929Z   Downloading jeepney-0.9.0-py3-none-any.whl.metadata (1.2 kB)
2026-01-27T03:50:03.9609102Z Collecting beautifulsoup4 (from bs4->scratchattach>=2.1.15b0->-r requirements.txt (line 1))
2026-01-27T03:50:03.9747810Z   Downloading beautifulsoup4-4.14.3-py3-none-any.whl.metadata (3.8 kB)
2026-01-27T03:50:04.0089796Z Collecting soupsieve>=1.6.1 (from beautifulsoup4->bs4->scratchattach>=2.1.15b0->-r requirements.txt (line 1))
2026-01-27T03:50:04.0223850Z   Downloading soupsieve-2.8.3-py3-none-any.whl.metadata (4.6 kB)
2026-01-27T03:50:04.1430605Z Collecting charset_normalizer<4,>=2 (from requests->scratchattach>=2.1.15b0->-r requirements.txt (line 1))
2026-01-27T03:50:04.1570836Z   Downloading charset_normalizer-3.4.4-cp313-cp313-manylinux2014_x86_64.manylinux_2_17_x86_64.manylinux_2_28_x86_64.whl.metadata (37 kB)
2026-01-27T03:50:04.1961834Z Collecting idna<4,>=2.5 (from requests->scratchattach>=2.1.15b0->-r requirements.txt (line 1))
2026-01-27T03:50:04.2096512Z   Downloading idna-3.11-py3-none-any.whl.metadata (8.4 kB)
2026-01-27T03:50:04.2533735Z Collecting urllib3<3,>=1.21.1 (from requests->scratchattach>=2.1.15b0->-r requirements.txt (line 1))
2026-01-27T03:50:04.2669411Z   Downloading urllib3-2.6.3-py3-none-any.whl.metadata (6.9 kB)
2026-01-27T03:50:04.3022530Z Collecting certifi>=2017.4.17 (from requests->scratchattach>=2.1.15b0->-r requirements.txt (line 1))
2026-01-27T03:50:04.3173561Z   Downloading certifi-2026.1.4-py3-none-any.whl.metadata (2.5 kB)
2026-01-27T03:50:04.3417941Z Downloading scratchattach-2.1.15b0-py3-none-any.whl (145 kB)
2026-01-27T03:50:04.3716485Z Downloading browser_cookie3-0.20.1-py3-none-any.whl (17 kB)
2026-01-27T03:50:04.3869618Z Downloading bs4-0.0.2-py2.py3-none-any.whl (1.2 kB)
2026-01-27T03:50:04.4025081Z Downloading beautifulsoup4-4.14.3-py3-none-any.whl (107 kB)
2026-01-27T03:50:04.4193573Z Downloading soupsieve-2.8.3-py3-none-any.whl (37 kB)
2026-01-27T03:50:04.4350942Z Downloading typing_extensions-4.15.0-py3-none-any.whl (44 kB)
2026-01-27T03:50:04.4507533Z Downloading jeepney-0.9.0-py3-none-any.whl (49 kB)
2026-01-27T03:50:04.4670693Z Downloading lz4-4.4.5-cp313-cp313-manylinux2014_x86_64.manylinux_2_17_x86_64.manylinux_2_28_x86_64.whl (1.4 MB)
2026-01-27T03:50:04.5007793Z    ━━━━━━━━━━━━━━━━━━━━━━━━━━━━━━━━━━━━━━━━ 1.4/1.4 MB 54.1 MB/s  0:00:00
2026-01-27T03:50:04.5151649Z Downloading pycryptodomex-3.23.0-cp37-abi3-manylinux_2_17_x86_64.manylinux2014_x86_64.whl (2.3 MB)
2026-01-27T03:50:04.5343161Z    ━━━━━━━━━━━━━━━━━━━━━━━━━━━━━━━━━━━━━━━━ 2.3/2.3 MB 119.8 MB/s  0:00:00
2026-01-27T03:50:04.5601080Z Downloading requests-2.32.5-py3-none-any.whl (64 kB)
2026-01-27T03:50:04.5766613Z Downloading charset_normalizer-3.4.4-cp313-cp313-manylinux2014_x86_64.manylinux_2_17_x86_64.manylinux_2_28_x86_64.whl (153 kB)
2026-01-27T03:50:04.5927053Z Downloading idna-3.11-py3-none-any.whl (71 kB)
2026-01-27T03:50:04.6088561Z Downloading urllib3-2.6.3-py3-none-any.whl (131 kB)
2026-01-27T03:50:04.6254088Z Downloading certifi-2026.1.4-py3-none-any.whl (152 kB)
2026-01-27T03:50:04.6414725Z Downloading websocket_client-1.9.0-py3-none-any.whl (82 kB)
2026-01-27T03:50:04.6653711Z Building wheels for collected packages: SimpleWebSocketServer
2026-01-27T03:50:04.6662086Z   Building wheel for SimpleWebSocketServer (pyproject.toml): started
2026-01-27T03:50:04.8826117Z   Building wheel for SimpleWebSocketServer (pyproject.toml): finished with status 'done'
2026-01-27T03:50:04.8833654Z   Created wheel for SimpleWebSocketServer: filename=simplewebsocketserver-0.1.2-py3-none-any.whl size=9716 sha256=d2139f5dd73c0784ae8716b9d7b9a8400e587cb8fda0c9c43a3ace9c6981f106
2026-01-27T03:50:04.8835720Z   Stored in directory: /home/runner/.cache/pip/wheels/c4/5b/e8/4f2c15a82edc4923058056f6681373168be02a0c00389a6dcf
2026-01-27T03:50:04.8854192Z Successfully built SimpleWebSocketServer
2026-01-27T03:50:04.9094557Z Installing collected packages: SimpleWebSocketServer, websocket-client, urllib3, typing-extensions, soupsieve, pycryptodomex, lz4, jeepney, idna, charset_normalizer, certifi, requests, browser_cookie3, beautifulsoup4, bs4, scratchattach
2026-01-27T03:50:06.0131467Z 
2026-01-27T03:50:06.0157681Z Successfully installed SimpleWebSocketServer-0.1.2 beautifulsoup4-4.14.3 browser_cookie3-0.20.1 bs4-0.0.2 certifi-2026.1.4 charset_normalizer-3.4.4 idna-3.11 jeepney-0.9.0 lz4-4.4.5 pycryptodomex-3.23.0 requests-2.32.5 scratchattach-2.1.15b0 soupsieve-2.8.3 typing-extensions-4.15.0 urllib3-2.6.3 websocket-client-1.9.0
2026-01-27T03:50:06.2561340Z ##[group]Run actions/checkout@v6.0.2
2026-01-27T03:50:06.2561621Z with:
2026-01-27T03:50:06.2561782Z   ref: main
2026-01-27T03:50:06.2561964Z   repository: Boss-1s/scratchattach
2026-01-27T03:50:06.2562321Z   token: ***
2026-01-27T03:50:06.2562500Z   ssh-strict: true
2026-01-27T03:50:06.2562675Z   ssh-user: git
2026-01-27T03:50:06.2562863Z   persist-credentials: true
2026-01-27T03:50:06.2563068Z   clean: true
2026-01-27T03:50:06.2563259Z   sparse-checkout-cone-mode: true
2026-01-27T03:50:06.2563490Z   fetch-depth: 1
2026-01-27T03:50:06.2563664Z   fetch-tags: false
2026-01-27T03:50:06.2563849Z   show-progress: true
2026-01-27T03:50:06.2564039Z   lfs: false
2026-01-27T03:50:06.2564200Z   submodules: false
2026-01-27T03:50:06.2564392Z   set-safe-directory: true
2026-01-27T03:50:06.2564590Z env:
2026-01-27T03:50:06.2564822Z   pythonLocation: /opt/hostedtoolcache/Python/3.13.11/x64
2026-01-27T03:50:06.2565221Z   PKG_CONFIG_PATH: /opt/hostedtoolcache/Python/3.13.11/x64/lib/pkgconfig
2026-01-27T03:50:06.2565645Z   Python_ROOT_DIR: /opt/hostedtoolcache/Python/3.13.11/x64
2026-01-27T03:50:06.2566183Z   Python2_ROOT_DIR: /opt/hostedtoolcache/Python/3.13.11/x64
2026-01-27T03:50:06.2566534Z   Python3_ROOT_DIR: /opt/hostedtoolcache/Python/3.13.11/x64
2026-01-27T03:50:06.2566888Z   LD_LIBRARY_PATH: /opt/hostedtoolcache/Python/3.13.11/x64/lib
2026-01-27T03:50:06.2567179Z ##[endgroup]
2026-01-27T03:50:06.3328074Z Syncing repository: Boss-1s/scratchattach
2026-01-27T03:50:06.3328692Z ##[group]Getting Git version info
2026-01-27T03:50:06.3329063Z Working directory is '/home/runner/work/scratchattach/scratchattach'
2026-01-27T03:50:06.3364588Z [command]/usr/bin/git version
2026-01-27T03:50:06.3399934Z git version 2.52.0
2026-01-27T03:50:06.3421932Z ##[endgroup]
2026-01-27T03:50:06.3435319Z Temporarily overriding HOME='/home/runner/work/_temp/d6bbdeb9-b988-427c-9a39-f244aecf6401' before making global git config changes
2026-01-27T03:50:06.3436286Z Adding repository directory to the temporary git global config as a safe directory
2026-01-27T03:50:06.3441653Z [command]/usr/bin/git config --global --add safe.directory /home/runner/work/scratchattach/scratchattach
2026-01-27T03:50:06.3479608Z [command]/usr/bin/git config --local --get remote.origin.url
2026-01-27T03:50:06.3501459Z https://github.com/Boss-1s/scratchattach
2026-01-27T03:50:06.3513434Z ##[group]Removing previously created refs, to avoid conflicts
2026-01-27T03:50:06.3517371Z [command]/usr/bin/git rev-parse --symbolic-full-name --verify --quiet HEAD
2026-01-27T03:50:06.3537885Z refs/heads/main
2026-01-27T03:50:06.3547575Z [command]/usr/bin/git checkout --detach
2026-01-27T03:50:06.8048166Z HEAD is now at be6e811 [BOT] Download Logs
2026-01-27T03:50:06.8099513Z [command]/usr/bin/git branch --delete --force main
2026-01-27T03:50:06.8127570Z Deleted branch main (was be6e811).
2026-01-27T03:50:06.8164563Z ##[endgroup]
2026-01-27T03:50:06.8169182Z [command]/usr/bin/git submodule status
2026-01-27T03:50:06.8413927Z ##[group]Cleaning the repository
2026-01-27T03:50:06.8418658Z [command]/usr/bin/git clean -ffdx
2026-01-27T03:50:06.8477941Z [command]/usr/bin/git reset --hard HEAD
2026-01-27T03:50:06.8595763Z HEAD is now at be6e811 [BOT] Download Logs
2026-01-27T03:50:06.8602363Z ##[endgroup]
2026-01-27T03:50:06.8603724Z ##[group]Disabling automatic garbage collection
2026-01-27T03:50:06.8608388Z [command]/usr/bin/git config --local gc.auto 0
2026-01-27T03:50:06.8635652Z ##[endgroup]
2026-01-27T03:50:06.8636209Z ##[group]Setting up auth
2026-01-27T03:50:06.8638157Z Removing SSH command configuration
2026-01-27T03:50:06.8644287Z [command]/usr/bin/git config --local --name-only --get-regexp core\.sshCommand
2026-01-27T03:50:06.8675832Z [command]/usr/bin/git submodule foreach --recursive sh -c "git config --local --name-only --get-regexp 'core\.sshCommand' && git config --local --unset-all 'core.sshCommand' || :"
2026-01-27T03:50:06.8924169Z Removing HTTP extra header
2026-01-27T03:50:06.8930109Z [command]/usr/bin/git config --local --name-only --get-regexp http\.https\:\/\/github\.com\/\.extraheader
2026-01-27T03:50:06.8964443Z [command]/usr/bin/git submodule foreach --recursive sh -c "git config --local --name-only --get-regexp 'http\.https\:\/\/github\.com\/\.extraheader' && git config --local --unset-all 'http.https://github.com/.extraheader' || :"
2026-01-27T03:50:06.9205464Z Removing includeIf entries pointing to credentials config files
2026-01-27T03:50:06.9212277Z [command]/usr/bin/git config --local --name-only --get-regexp ^includeIf\.gitdir:
2026-01-27T03:50:06.9237514Z includeif.gitdir:/home/runner/work/scratchattach/scratchattach/.git.path
2026-01-27T03:50:06.9238647Z includeif.gitdir:/home/runner/work/scratchattach/scratchattach/.git/worktrees/*.path
2026-01-27T03:50:06.9239670Z includeif.gitdir:/github/workspace/.git.path
2026-01-27T03:50:06.9241094Z includeif.gitdir:/github/workspace/.git/worktrees/*.path
2026-01-27T03:50:06.9247509Z [command]/usr/bin/git config --local --get-all includeif.gitdir:/home/runner/work/scratchattach/scratchattach/.git.path
2026-01-27T03:50:06.9268628Z /home/runner/work/_temp/git-credentials-bfd9560f-280f-4110-a4cf-d385b662f487.config
2026-01-27T03:50:06.9278923Z [command]/usr/bin/git config --local --unset includeif.gitdir:/home/runner/work/scratchattach/scratchattach/.git.path /home/runner/work/_temp/git-credentials-bfd9560f-280f-4110-a4cf-d385b662f487.config
2026-01-27T03:50:06.9307861Z [command]/usr/bin/git config --local --get-all includeif.gitdir:/home/runner/work/scratchattach/scratchattach/.git/worktrees/*.path
2026-01-27T03:50:06.9328242Z /home/runner/work/_temp/git-credentials-bfd9560f-280f-4110-a4cf-d385b662f487.config
2026-01-27T03:50:06.9337688Z [command]/usr/bin/git config --local --unset includeif.gitdir:/home/runner/work/scratchattach/scratchattach/.git/worktrees/*.path /home/runner/work/_temp/git-credentials-bfd9560f-280f-4110-a4cf-d385b662f487.config
2026-01-27T03:50:06.9367378Z [command]/usr/bin/git config --local --get-all includeif.gitdir:/github/workspace/.git.path
2026-01-27T03:50:06.9387398Z /github/runner_temp/git-credentials-bfd9560f-280f-4110-a4cf-d385b662f487.config
2026-01-27T03:50:06.9395938Z [command]/usr/bin/git config --local --unset includeif.gitdir:/github/workspace/.git.path /github/runner_temp/git-credentials-bfd9560f-280f-4110-a4cf-d385b662f487.config
2026-01-27T03:50:06.9427019Z [command]/usr/bin/git config --local --get-all includeif.gitdir:/github/workspace/.git/worktrees/*.path
2026-01-27T03:50:06.9447900Z /github/runner_temp/git-credentials-bfd9560f-280f-4110-a4cf-d385b662f487.config
2026-01-27T03:50:06.9458011Z [command]/usr/bin/git config --local --unset includeif.gitdir:/github/workspace/.git/worktrees/*.path /github/runner_temp/git-credentials-bfd9560f-280f-4110-a4cf-d385b662f487.config
2026-01-27T03:50:06.9491367Z [command]/usr/bin/git submodule foreach --recursive git config --local --show-origin --name-only --get-regexp remote.origin.url
2026-01-27T03:50:06.9714659Z Removing credentials config '/home/runner/work/_temp/git-credentials-bfd9560f-280f-4110-a4cf-d385b662f487.config'
2026-01-27T03:50:06.9729189Z [command]/usr/bin/git config --file /home/runner/work/_temp/git-credentials-4aa9b539-6492-402c-836b-d9a2f4d3b89a.config http.https://github.com/.extraheader AUTHORIZATION: basic ***
2026-01-27T03:50:06.9765961Z [command]/usr/bin/git config --local includeIf.gitdir:/home/runner/work/scratchattach/scratchattach/.git.path /home/runner/work/_temp/git-credentials-4aa9b539-6492-402c-836b-d9a2f4d3b89a.config
2026-01-27T03:50:06.9795419Z [command]/usr/bin/git config --local includeIf.gitdir:/home/runner/work/scratchattach/scratchattach/.git/worktrees/*.path /home/runner/work/_temp/git-credentials-4aa9b539-6492-402c-836b-d9a2f4d3b89a.config
2026-01-27T03:50:06.9824631Z [command]/usr/bin/git config --local includeIf.gitdir:/github/workspace/.git.path /github/runner_temp/git-credentials-4aa9b539-6492-402c-836b-d9a2f4d3b89a.config
2026-01-27T03:50:06.9855335Z [command]/usr/bin/git config --local includeIf.gitdir:/github/workspace/.git/worktrees/*.path /github/runner_temp/git-credentials-4aa9b539-6492-402c-836b-d9a2f4d3b89a.config
2026-01-27T03:50:06.9879905Z ##[endgroup]
2026-01-27T03:50:06.9880692Z ##[group]Fetching the repository
2026-01-27T03:50:06.9890371Z [command]/usr/bin/git -c protocol.version=2 fetch --no-tags --prune --no-recurse-submodules --depth=1 origin +refs/heads/main*:refs/remotes/origin/main* +refs/tags/main*:refs/tags/main*
2026-01-27T03:50:07.3040391Z ##[endgroup]
2026-01-27T03:50:07.3040976Z ##[group]Determining the checkout info
2026-01-27T03:50:07.3047080Z [command]/usr/bin/git branch --list --remote origin/main
2026-01-27T03:50:07.3073396Z   origin/main
2026-01-27T03:50:07.3078206Z ##[endgroup]
2026-01-27T03:50:07.3082869Z [command]/usr/bin/git sparse-checkout disable
2026-01-27T03:50:07.3147165Z [command]/usr/bin/git config --local --unset-all extensions.worktreeConfig
2026-01-27T03:50:07.3172966Z ##[group]Checking out the ref
2026-01-27T03:50:07.3177019Z [command]/usr/bin/git checkout --progress --force -B main refs/remotes/origin/main
2026-01-27T03:50:07.3293698Z Switched to a new branch 'main'
2026-01-27T03:50:07.3296127Z branch 'main' set up to track 'origin/main'.
2026-01-27T03:50:07.3301518Z ##[endgroup]
2026-01-27T03:50:07.3337330Z [command]/usr/bin/git log -1 --format=%H
2026-01-27T03:50:07.3360333Z be6e811329dba7a9857f1e28613a12361800621d
2026-01-27T03:50:07.3467074Z ##[group]Run python3 aesthetic_prioritizing.py
2026-01-27T03:50:07.3467442Z [36;1mpython3 aesthetic_prioritizing.py[0m
2026-01-27T03:50:07.3499213Z shell: /usr/bin/bash -e {0}
2026-01-27T03:50:07.3499431Z env:
2026-01-27T03:50:07.3499680Z   pythonLocation: /opt/hostedtoolcache/Python/3.13.11/x64
2026-01-27T03:50:07.3500096Z   PKG_CONFIG_PATH: /opt/hostedtoolcache/Python/3.13.11/x64/lib/pkgconfig
2026-01-27T03:50:07.3500898Z   Python_ROOT_DIR: /opt/hostedtoolcache/Python/3.13.11/x64
2026-01-27T03:50:07.3501264Z   Python2_ROOT_DIR: /opt/hostedtoolcache/Python/3.13.11/x64
2026-01-27T03:50:07.3501618Z   Python3_ROOT_DIR: /opt/hostedtoolcache/Python/3.13.11/x64
2026-01-27T03:50:07.3501968Z   LD_LIBRARY_PATH: /opt/hostedtoolcache/Python/3.13.11/x64/lib
2026-01-27T03:50:07.3502384Z   PASS: ***
2026-01-27T03:50:07.3502558Z ##[endgroup]
2026-01-27T03:50:08.3395874Z Prioritizing: Attempt 1
2026-01-27T03:50:08.3402280Z Projects already on top. No prioritizing needed.
2026-01-27T03:50:08.3408743Z Prioritized projects in your favorite list.
2026-01-27T03:50:08.3412913Z Warning: For methods that require authentication, use session.connect_user instead of get_user
2026-01-27T03:50:08.3789957Z Post job cleanup.
2026-01-27T03:50:08.4558604Z [command]/usr/bin/git version
2026-01-27T03:50:08.4593971Z git version 2.52.0
2026-01-27T03:50:08.4634240Z Temporarily overriding HOME='/home/runner/work/_temp/c6c0ee44-aa25-4b77-adc9-19c93a7ad315' before making global git config changes
2026-01-27T03:50:08.4635485Z Adding repository directory to the temporary git global config as a safe directory
2026-01-27T03:50:08.4639825Z [command]/usr/bin/git config --global --add safe.directory /home/runner/work/scratchattach/scratchattach
2026-01-27T03:50:08.4670619Z Removing SSH command configuration
2026-01-27T03:50:08.4676995Z [command]/usr/bin/git config --local --name-only --get-regexp core\.sshCommand
2026-01-27T03:50:08.4709783Z [command]/usr/bin/git submodule foreach --recursive sh -c "git config --local --name-only --get-regexp 'core\.sshCommand' && git config --local --unset-all 'core.sshCommand' || :"
2026-01-27T03:50:08.4941063Z Removing HTTP extra header
2026-01-27T03:50:08.4946154Z [command]/usr/bin/git config --local --name-only --get-regexp http\.https\:\/\/github\.com\/\.extraheader
2026-01-27T03:50:08.4979395Z [command]/usr/bin/git submodule foreach --recursive sh -c "git config --local --name-only --get-regexp 'http\.https\:\/\/github\.com\/\.extraheader' && git config --local --unset-all 'http.https://github.com/.extraheader' || :"
2026-01-27T03:50:08.5201816Z Removing includeIf entries pointing to credentials config files
2026-01-27T03:50:08.5207768Z [command]/usr/bin/git config --local --name-only --get-regexp ^includeIf\.gitdir:
2026-01-27T03:50:08.5230698Z includeif.gitdir:/home/runner/work/scratchattach/scratchattach/.git.path
2026-01-27T03:50:08.5231682Z includeif.gitdir:/home/runner/work/scratchattach/scratchattach/.git/worktrees/*.path
2026-01-27T03:50:08.5232185Z includeif.gitdir:/github/workspace/.git.path
2026-01-27T03:50:08.5232768Z includeif.gitdir:/github/workspace/.git/worktrees/*.path
2026-01-27T03:50:08.5240682Z [command]/usr/bin/git config --local --get-all includeif.gitdir:/home/runner/work/scratchattach/scratchattach/.git.path
2026-01-27T03:50:08.5260348Z /home/runner/work/_temp/git-credentials-4aa9b539-6492-402c-836b-d9a2f4d3b89a.config
2026-01-27T03:50:08.5269737Z [command]/usr/bin/git config --local --unset includeif.gitdir:/home/runner/work/scratchattach/scratchattach/.git.path /home/runner/work/_temp/git-credentials-4aa9b539-6492-402c-836b-d9a2f4d3b89a.config
2026-01-27T03:50:08.5302474Z [command]/usr/bin/git config --local --get-all includeif.gitdir:/home/runner/work/scratchattach/scratchattach/.git/worktrees/*.path
2026-01-27T03:50:08.5322987Z /home/runner/work/_temp/git-credentials-4aa9b539-6492-402c-836b-d9a2f4d3b89a.config
2026-01-27T03:50:08.5332392Z [command]/usr/bin/git config --local --unset includeif.gitdir:/home/runner/work/scratchattach/scratchattach/.git/worktrees/*.path /home/runner/work/_temp/git-credentials-4aa9b539-6492-402c-836b-d9a2f4d3b89a.config
2026-01-27T03:50:08.5361946Z [command]/usr/bin/git config --local --get-all includeif.gitdir:/github/workspace/.git.path
2026-01-27T03:50:08.5381526Z /github/runner_temp/git-credentials-4aa9b539-6492-402c-836b-d9a2f4d3b89a.config
2026-01-27T03:50:08.5389313Z [command]/usr/bin/git config --local --unset includeif.gitdir:/github/workspace/.git.path /github/runner_temp/git-credentials-4aa9b539-6492-402c-836b-d9a2f4d3b89a.config
2026-01-27T03:50:08.5418443Z [command]/usr/bin/git config --local --get-all includeif.gitdir:/github/workspace/.git/worktrees/*.path
2026-01-27T03:50:08.5438066Z /github/runner_temp/git-credentials-4aa9b539-6492-402c-836b-d9a2f4d3b89a.config
2026-01-27T03:50:08.5448192Z [command]/usr/bin/git config --local --unset includeif.gitdir:/github/workspace/.git/worktrees/*.path /github/runner_temp/git-credentials-4aa9b539-6492-402c-836b-d9a2f4d3b89a.config
2026-01-27T03:50:08.5478946Z [command]/usr/bin/git submodule foreach --recursive git config --local --show-origin --name-only --get-regexp remote.origin.url
2026-01-27T03:50:08.5700361Z Removing credentials config '/home/runner/work/_temp/git-credentials-4aa9b539-6492-402c-836b-d9a2f4d3b89a.config'
2026-01-27T03:50:08.5818767Z Post job cleanup.
2026-01-27T03:50:08.7082321Z Post job cleanup.
2026-01-27T03:50:08.7870532Z [command]/usr/bin/git version
2026-01-27T03:50:08.7910939Z git version 2.52.0
2026-01-27T03:50:08.7951334Z Temporarily overriding HOME='/home/runner/work/_temp/b139824a-c736-4d74-b5a0-e4b0934aae2d' before making global git config changes
2026-01-27T03:50:08.7952674Z Adding repository directory to the temporary git global config as a safe directory
2026-01-27T03:50:08.7957558Z [command]/usr/bin/git config --global --add safe.directory /home/runner/work/scratchattach/scratchattach
2026-01-27T03:50:08.7988318Z Removing SSH command configuration
2026-01-27T03:50:08.7994856Z [command]/usr/bin/git config --local --name-only --get-regexp core\.sshCommand
2026-01-27T03:50:08.8027239Z [command]/usr/bin/git submodule foreach --recursive sh -c "git config --local --name-only --get-regexp 'core\.sshCommand' && git config --local --unset-all 'core.sshCommand' || :"
2026-01-27T03:50:08.8246237Z Removing HTTP extra header
2026-01-27T03:50:08.8250945Z [command]/usr/bin/git config --local --name-only --get-regexp http\.https\:\/\/github\.com\/\.extraheader
2026-01-27T03:50:08.8283419Z [command]/usr/bin/git submodule foreach --recursive sh -c "git config --local --name-only --get-regexp 'http\.https\:\/\/github\.com\/\.extraheader' && git config --local --unset-all 'http.https://github.com/.extraheader' || :"
2026-01-27T03:50:08.8499621Z Removing includeIf entries pointing to credentials config files
2026-01-27T03:50:08.8505993Z [command]/usr/bin/git config --local --name-only --get-regexp ^includeIf\.gitdir:
2026-01-27T03:50:08.8535408Z [command]/usr/bin/git submodule foreach --recursive git config --local --show-origin --name-only --get-regexp remote.origin.url
2026-01-27T03:50:08.8868682Z Cleaning up orphan processes
