2025-12-25T03:04:43.8268849Z Current runner version: '2.330.0'
2025-12-25T03:04:43.8292425Z ##[group]Runner Image Provisioner
2025-12-25T03:04:43.8293301Z Hosted Compute Agent
2025-12-25T03:04:43.8293823Z Version: 20251211.462
2025-12-25T03:04:43.8294432Z Commit: 6cbad8c2bb55d58165063d031ccabf57e2d2db61
2025-12-25T03:04:43.8295188Z Build Date: 2025-12-11T16:28:49Z
2025-12-25T03:04:43.8295806Z Worker ID: {5768b1f4-7977-4a27-8a80-285a95576e7d}
2025-12-25T03:04:43.8296507Z ##[endgroup]
2025-12-25T03:04:43.8297077Z ##[group]Operating System
2025-12-25T03:04:43.8297598Z Ubuntu
2025-12-25T03:04:43.8298065Z 24.04.3
2025-12-25T03:04:43.8298517Z LTS
2025-12-25T03:04:43.8298989Z ##[endgroup]
2025-12-25T03:04:43.8299682Z ##[group]Runner Image
2025-12-25T03:04:43.8300255Z Image: ubuntu-24.04
2025-12-25T03:04:43.8300796Z Version: 20251215.174.1
2025-12-25T03:04:43.8301814Z Included Software: https://github.com/actions/runner-images/blob/ubuntu24/20251215.174/images/ubuntu/Ubuntu2404-Readme.md
2025-12-25T03:04:43.8303371Z Image Release: https://github.com/actions/runner-images/releases/tag/ubuntu24%2F20251215.174
2025-12-25T03:04:43.8304381Z ##[endgroup]
2025-12-25T03:04:43.8305438Z ##[group]GITHUB_TOKEN Permissions
2025-12-25T03:04:43.8307176Z Contents: write
2025-12-25T03:04:43.8307819Z Metadata: read
2025-12-25T03:04:43.8308380Z ##[endgroup]
2025-12-25T03:04:43.8311138Z Secret source: Actions
2025-12-25T03:04:43.8312129Z Prepare workflow directory
2025-12-25T03:04:43.8635848Z Prepare all required actions
2025-12-25T03:04:43.8674655Z Getting action download info
2025-12-25T03:04:44.2201055Z Download action repository 'actions/checkout@v6.0.1' (SHA:8e8c483db84b4bee98b60c0593521ed34d9990e8)
2025-12-25T03:04:44.8961035Z Download action repository 'actions/setup-python@v6.1.0' (SHA:83679a892e2d95755f2dac6acb0bfd1e9ac5d548)
2025-12-25T03:04:45.6421031Z Download action repository 'bossOfCode/install-scratchattach@v1.0.3' (SHA:be17a7cf1ecb5a7040eb42ef26c2e1fbe72bb25a)
2025-12-25T03:04:46.0960450Z Complete job name: Run Request/Database Handler
2025-12-25T03:04:46.1613024Z ##[group]Run actions/checkout@v6.0.1
2025-12-25T03:04:46.1613757Z with:
2025-12-25T03:04:46.1613988Z   ref: scratch_chat_dev
2025-12-25T03:04:46.1614247Z   repository: Boss-1s/scratchattach
2025-12-25T03:04:46.1614657Z   token: ***
2025-12-25T03:04:46.1614885Z   ssh-strict: true
2025-12-25T03:04:46.1615105Z   ssh-user: git
2025-12-25T03:04:46.1615337Z   persist-credentials: true
2025-12-25T03:04:46.1615594Z   clean: true
2025-12-25T03:04:46.1615822Z   sparse-checkout-cone-mode: true
2025-12-25T03:04:46.1616100Z   fetch-depth: 1
2025-12-25T03:04:46.1616321Z   fetch-tags: false
2025-12-25T03:04:46.1616548Z   show-progress: true
2025-12-25T03:04:46.1616779Z   lfs: false
2025-12-25T03:04:46.1616978Z   submodules: false
2025-12-25T03:04:46.1617212Z   set-safe-directory: true
2025-12-25T03:04:46.1617650Z ##[endgroup]
2025-12-25T03:04:46.2540935Z Syncing repository: Boss-1s/scratchattach
2025-12-25T03:04:46.2542268Z ##[group]Getting Git version info
2025-12-25T03:04:46.2542822Z Working directory is '/home/runner/work/scratchattach/scratchattach'
2025-12-25T03:04:46.2543451Z [command]/usr/bin/git version
2025-12-25T03:04:46.2587976Z git version 2.52.0
2025-12-25T03:04:46.2640287Z ##[endgroup]
2025-12-25T03:04:46.2655838Z Temporarily overriding HOME='/home/runner/work/_temp/5bd51072-f88d-43b0-944c-007a43406db5' before making global git config changes
2025-12-25T03:04:46.2657252Z Adding repository directory to the temporary git global config as a safe directory
2025-12-25T03:04:46.2661783Z [command]/usr/bin/git config --global --add safe.directory /home/runner/work/scratchattach/scratchattach
2025-12-25T03:04:46.2702684Z Deleting the contents of '/home/runner/work/scratchattach/scratchattach'
2025-12-25T03:04:46.2705404Z ##[group]Initializing the repository
2025-12-25T03:04:46.2709547Z [command]/usr/bin/git init /home/runner/work/scratchattach/scratchattach
2025-12-25T03:04:46.2807712Z hint: Using 'master' as the name for the initial branch. This default branch name
2025-12-25T03:04:46.2808624Z hint: will change to "main" in Git 3.0. To configure the initial branch name
2025-12-25T03:04:46.2809712Z hint: to use in all of your new repositories, which will suppress this warning,
2025-12-25T03:04:46.2810328Z hint: call:
2025-12-25T03:04:46.2810591Z hint:
2025-12-25T03:04:46.2810912Z hint: 	git config --global init.defaultBranch <name>
2025-12-25T03:04:46.2811350Z hint:
2025-12-25T03:04:46.2811881Z hint: Names commonly chosen instead of 'master' are 'main', 'trunk' and
2025-12-25T03:04:46.2812700Z hint: 'development'. The just-created branch can be renamed via this command:
2025-12-25T03:04:46.2813327Z hint:
2025-12-25T03:04:46.2813679Z hint: 	git branch -m <name>
2025-12-25T03:04:46.2814082Z hint:
2025-12-25T03:04:46.2814632Z hint: Disable this message with "git config set advice.defaultBranchName false"
2025-12-25T03:04:46.2815410Z Initialized empty Git repository in /home/runner/work/scratchattach/scratchattach/.git/
2025-12-25T03:04:46.2822063Z [command]/usr/bin/git remote add origin https://github.com/Boss-1s/scratchattach
2025-12-25T03:04:46.2855006Z ##[endgroup]
2025-12-25T03:04:46.2855452Z ##[group]Disabling automatic garbage collection
2025-12-25T03:04:46.2860031Z [command]/usr/bin/git config --local gc.auto 0
2025-12-25T03:04:46.2886621Z ##[endgroup]
2025-12-25T03:04:46.2887318Z ##[group]Setting up auth
2025-12-25T03:04:46.2888184Z Removing SSH command configuration
2025-12-25T03:04:46.2894467Z [command]/usr/bin/git config --local --name-only --get-regexp core\.sshCommand
2025-12-25T03:04:46.2924582Z [command]/usr/bin/git submodule foreach --recursive sh -c "git config --local --name-only --get-regexp 'core\.sshCommand' && git config --local --unset-all 'core.sshCommand' || :"
2025-12-25T03:04:46.3246052Z Removing HTTP extra header
2025-12-25T03:04:46.3250594Z [command]/usr/bin/git config --local --name-only --get-regexp http\.https\:\/\/github\.com\/\.extraheader
2025-12-25T03:04:46.3280683Z [command]/usr/bin/git submodule foreach --recursive sh -c "git config --local --name-only --get-regexp 'http\.https\:\/\/github\.com\/\.extraheader' && git config --local --unset-all 'http.https://github.com/.extraheader' || :"
2025-12-25T03:04:46.3493231Z Removing includeIf entries pointing to credentials config files
2025-12-25T03:04:46.3499083Z [command]/usr/bin/git config --local --name-only --get-regexp ^includeIf\.gitdir:
2025-12-25T03:04:46.3530157Z [command]/usr/bin/git submodule foreach --recursive git config --local --show-origin --name-only --get-regexp remote.origin.url
2025-12-25T03:04:46.3752807Z [command]/usr/bin/git config --file /home/runner/work/_temp/git-credentials-a1b4dc35-b199-4158-92a5-15e49cc326c9.config http.https://github.com/.extraheader AUTHORIZATION: basic ***
2025-12-25T03:04:46.3788212Z [command]/usr/bin/git config --local includeIf.gitdir:/home/runner/work/scratchattach/scratchattach/.git.path /home/runner/work/_temp/git-credentials-a1b4dc35-b199-4158-92a5-15e49cc326c9.config
2025-12-25T03:04:46.3818266Z [command]/usr/bin/git config --local includeIf.gitdir:/home/runner/work/scratchattach/scratchattach/.git/worktrees/*.path /home/runner/work/_temp/git-credentials-a1b4dc35-b199-4158-92a5-15e49cc326c9.config
2025-12-25T03:04:46.3847651Z [command]/usr/bin/git config --local includeIf.gitdir:/github/workspace/.git.path /github/runner_temp/git-credentials-a1b4dc35-b199-4158-92a5-15e49cc326c9.config
2025-12-25T03:04:46.3878489Z [command]/usr/bin/git config --local includeIf.gitdir:/github/workspace/.git/worktrees/*.path /github/runner_temp/git-credentials-a1b4dc35-b199-4158-92a5-15e49cc326c9.config
2025-12-25T03:04:46.3906352Z ##[endgroup]
2025-12-25T03:04:46.3907085Z ##[group]Fetching the repository
2025-12-25T03:04:46.3916757Z [command]/usr/bin/git -c protocol.version=2 fetch --no-tags --prune --no-recurse-submodules --depth=1 origin +refs/heads/scratch_chat_dev*:refs/remotes/origin/scratch_chat_dev* +refs/tags/scratch_chat_dev*:refs/tags/scratch_chat_dev*
2025-12-25T03:04:49.1808164Z From https://github.com/Boss-1s/scratchattach
2025-12-25T03:04:49.1808886Z  * [new branch]      scratch_chat_dev -> origin/scratch_chat_dev
2025-12-25T03:04:49.1843573Z ##[endgroup]
2025-12-25T03:04:49.1844222Z ##[group]Determining the checkout info
2025-12-25T03:04:49.1851082Z [command]/usr/bin/git branch --list --remote origin/scratch_chat_dev
2025-12-25T03:04:49.1880701Z   origin/scratch_chat_dev
2025-12-25T03:04:49.1885791Z ##[endgroup]
2025-12-25T03:04:49.1892272Z [command]/usr/bin/git sparse-checkout disable
2025-12-25T03:04:49.1936329Z [command]/usr/bin/git config --local --unset-all extensions.worktreeConfig
2025-12-25T03:04:49.1962875Z ##[group]Checking out the ref
2025-12-25T03:04:49.1967591Z [command]/usr/bin/git checkout --progress --force -B scratch_chat_dev refs/remotes/origin/scratch_chat_dev
2025-12-25T03:04:49.8222805Z Switched to a new branch 'scratch_chat_dev'
2025-12-25T03:04:49.8224448Z branch 'scratch_chat_dev' set up to track 'origin/scratch_chat_dev'.
2025-12-25T03:04:49.8284383Z ##[endgroup]
2025-12-25T03:04:49.8323722Z [command]/usr/bin/git log -1 --format=%H
2025-12-25T03:04:49.8348347Z c5b9feb6052f0f9c9cd05e27557e8fd5d0352d25
2025-12-25T03:04:49.8561336Z ##[group]Run actions/setup-python@v6.1.0
2025-12-25T03:04:49.8561621Z with:
2025-12-25T03:04:49.8561804Z   python-version: 3.14
2025-12-25T03:04:49.8562019Z   check-latest: true
2025-12-25T03:04:49.8562311Z   token: ***
2025-12-25T03:04:49.8562502Z   update-environment: true
2025-12-25T03:04:49.8562727Z   allow-prereleases: false
2025-12-25T03:04:49.8562930Z   freethreaded: false
2025-12-25T03:04:49.8563123Z ##[endgroup]
2025-12-25T03:04:49.9812144Z ##[group]Installed versions
2025-12-25T03:04:49.9995241Z (node:2118) [DEP0040] DeprecationWarning: The `punycode` module is deprecated. Please use a userland alternative instead.
2025-12-25T03:04:49.9995931Z (Use `node --trace-deprecation ...` to show where the warning was created)
2025-12-25T03:04:50.4615006Z Resolved as '3.14.2'
2025-12-25T03:04:50.4668033Z Successfully set up CPython (3.14.2)
2025-12-25T03:04:50.4669843Z ##[endgroup]
2025-12-25T03:04:50.4845752Z ##[group]Run bossOfCode/install-scratchattach@v1.0.3
2025-12-25T03:04:50.4846091Z env:
2025-12-25T03:04:50.4846340Z   pythonLocation: /opt/hostedtoolcache/Python/3.14.2/x64
2025-12-25T03:04:50.4846739Z   PKG_CONFIG_PATH: /opt/hostedtoolcache/Python/3.14.2/x64/lib/pkgconfig
2025-12-25T03:04:50.4847140Z   Python_ROOT_DIR: /opt/hostedtoolcache/Python/3.14.2/x64
2025-12-25T03:04:50.4847495Z   Python2_ROOT_DIR: /opt/hostedtoolcache/Python/3.14.2/x64
2025-12-25T03:04:50.4847830Z   Python3_ROOT_DIR: /opt/hostedtoolcache/Python/3.14.2/x64
2025-12-25T03:04:50.4848175Z   LD_LIBRARY_PATH: /opt/hostedtoolcache/Python/3.14.2/x64/lib
2025-12-25T03:04:50.4848453Z ##[endgroup]
2025-12-25T03:04:50.4992334Z ##[group]Run python3 -m pip install --upgrade pip
2025-12-25T03:04:50.4992725Z [36;1mpython3 -m pip install --upgrade pip[0m
2025-12-25T03:04:50.5038621Z shell: /usr/bin/bash --noprofile --norc -e -o pipefail {0}
2025-12-25T03:04:50.5038947Z env:
2025-12-25T03:04:50.5039232Z   pythonLocation: /opt/hostedtoolcache/Python/3.14.2/x64
2025-12-25T03:04:50.5039922Z   PKG_CONFIG_PATH: /opt/hostedtoolcache/Python/3.14.2/x64/lib/pkgconfig
2025-12-25T03:04:50.5040321Z   Python_ROOT_DIR: /opt/hostedtoolcache/Python/3.14.2/x64
2025-12-25T03:04:50.5040656Z   Python2_ROOT_DIR: /opt/hostedtoolcache/Python/3.14.2/x64
2025-12-25T03:04:50.5040999Z   Python3_ROOT_DIR: /opt/hostedtoolcache/Python/3.14.2/x64
2025-12-25T03:04:50.5041334Z   LD_LIBRARY_PATH: /opt/hostedtoolcache/Python/3.14.2/x64/lib
2025-12-25T03:04:50.5041612Z ##[endgroup]
2025-12-25T03:04:51.7518216Z Requirement already satisfied: pip in /opt/hostedtoolcache/Python/3.14.2/x64/lib/python3.14/site-packages (25.3)
2025-12-25T03:04:52.0079986Z ##[group]Run pip install -U scratchattach
2025-12-25T03:04:52.0080308Z [36;1mpip install -U scratchattach[0m
2025-12-25T03:04:52.0113089Z shell: /usr/bin/bash --noprofile --norc -e -o pipefail {0}
2025-12-25T03:04:52.0113408Z env:
2025-12-25T03:04:52.0113666Z   pythonLocation: /opt/hostedtoolcache/Python/3.14.2/x64
2025-12-25T03:04:52.0114070Z   PKG_CONFIG_PATH: /opt/hostedtoolcache/Python/3.14.2/x64/lib/pkgconfig
2025-12-25T03:04:52.0114623Z   Python_ROOT_DIR: /opt/hostedtoolcache/Python/3.14.2/x64
2025-12-25T03:04:52.0114953Z   Python2_ROOT_DIR: /opt/hostedtoolcache/Python/3.14.2/x64
2025-12-25T03:04:52.0115289Z   Python3_ROOT_DIR: /opt/hostedtoolcache/Python/3.14.2/x64
2025-12-25T03:04:52.0115624Z   LD_LIBRARY_PATH: /opt/hostedtoolcache/Python/3.14.2/x64/lib
2025-12-25T03:04:52.0115898Z ##[endgroup]
2025-12-25T03:04:52.4912596Z Collecting scratchattach
2025-12-25T03:04:52.5991845Z   Downloading scratchattach-2.1.13-py3-none-any.whl.metadata (5.5 kB)
2025-12-25T03:04:52.6206311Z Collecting websocket-client (from scratchattach)
2025-12-25T03:04:52.6405458Z   Downloading websocket_client-1.9.0-py3-none-any.whl.metadata (8.3 kB)
2025-12-25T03:04:52.6717174Z Collecting requests (from scratchattach)
2025-12-25T03:04:52.6914904Z   Downloading requests-2.32.5-py3-none-any.whl.metadata (4.9 kB)
2025-12-25T03:04:52.7033328Z Collecting bs4 (from scratchattach)
2025-12-25T03:04:52.7228907Z   Downloading bs4-0.0.2-py2.py3-none-any.whl.metadata (411 bytes)
2025-12-25T03:04:52.7327830Z Collecting SimpleWebSocketServer (from scratchattach)
2025-12-25T03:04:52.7525046Z   Downloading SimpleWebSocketServer-0.1.2.tar.gz (10 kB)
2025-12-25T03:04:52.7622042Z   Installing build dependencies: started
2025-12-25T03:04:53.9436423Z   Installing build dependencies: finished with status 'done'
2025-12-25T03:04:53.9443576Z   Getting requirements to build wheel: started
2025-12-25T03:04:54.3748580Z   Getting requirements to build wheel: finished with status 'done'
2025-12-25T03:04:54.3757385Z   Preparing metadata (pyproject.toml): started
2025-12-25T03:04:54.5844091Z   Preparing metadata (pyproject.toml): finished with status 'done'
2025-12-25T03:04:54.6016185Z Collecting typing-extensions (from scratchattach)
2025-12-25T03:04:54.6216549Z   Downloading typing_extensions-4.15.0-py3-none-any.whl.metadata (3.3 kB)
2025-12-25T03:04:54.6395342Z Collecting beautifulsoup4 (from bs4->scratchattach)
2025-12-25T03:04:54.6592102Z   Downloading beautifulsoup4-4.14.3-py3-none-any.whl.metadata (3.8 kB)
2025-12-25T03:04:54.6785705Z Collecting soupsieve>=1.6.1 (from beautifulsoup4->bs4->scratchattach)
2025-12-25T03:04:54.6983816Z   Downloading soupsieve-2.8.1-py3-none-any.whl.metadata (4.6 kB)
2025-12-25T03:04:54.7859275Z Collecting charset_normalizer<4,>=2 (from requests->scratchattach)
2025-12-25T03:04:54.8061202Z   Downloading charset_normalizer-3.4.4-cp314-cp314-manylinux2014_x86_64.manylinux_2_17_x86_64.manylinux_2_28_x86_64.whl.metadata (37 kB)
2025-12-25T03:04:54.8340031Z Collecting idna<4,>=2.5 (from requests->scratchattach)
2025-12-25T03:04:54.8536963Z   Downloading idna-3.11-py3-none-any.whl.metadata (8.4 kB)
2025-12-25T03:04:54.8843201Z Collecting urllib3<3,>=1.21.1 (from requests->scratchattach)
2025-12-25T03:04:54.9042234Z   Downloading urllib3-2.6.2-py3-none-any.whl.metadata (6.6 kB)
2025-12-25T03:04:54.9268157Z Collecting certifi>=2017.4.17 (from requests->scratchattach)
2025-12-25T03:04:54.9465000Z   Downloading certifi-2025.11.12-py3-none-any.whl.metadata (2.5 kB)
2025-12-25T03:04:54.9729311Z Downloading scratchattach-2.1.13-py3-none-any.whl (141 kB)
2025-12-25T03:04:55.0173141Z Downloading bs4-0.0.2-py2.py3-none-any.whl (1.2 kB)
2025-12-25T03:04:55.0389346Z Downloading beautifulsoup4-4.14.3-py3-none-any.whl (107 kB)
2025-12-25T03:04:55.0635323Z Downloading soupsieve-2.8.1-py3-none-any.whl (36 kB)
2025-12-25T03:04:55.0857403Z Downloading typing_extensions-4.15.0-py3-none-any.whl (44 kB)
2025-12-25T03:04:55.1079968Z Downloading requests-2.32.5-py3-none-any.whl (64 kB)
2025-12-25T03:04:55.1320845Z Downloading charset_normalizer-3.4.4-cp314-cp314-manylinux2014_x86_64.manylinux_2_17_x86_64.manylinux_2_28_x86_64.whl (152 kB)
2025-12-25T03:04:55.1590444Z Downloading idna-3.11-py3-none-any.whl (71 kB)
2025-12-25T03:04:55.1816459Z Downloading urllib3-2.6.2-py3-none-any.whl (131 kB)
2025-12-25T03:04:55.2060323Z Downloading certifi-2025.11.12-py3-none-any.whl (159 kB)
2025-12-25T03:04:55.2315512Z Downloading websocket_client-1.9.0-py3-none-any.whl (82 kB)
2025-12-25T03:04:55.2459955Z Building wheels for collected packages: SimpleWebSocketServer
2025-12-25T03:04:55.2468274Z   Building wheel for SimpleWebSocketServer (pyproject.toml): started
2025-12-25T03:04:55.4826615Z   Building wheel for SimpleWebSocketServer (pyproject.toml): finished with status 'done'
2025-12-25T03:04:55.4832675Z   Created wheel for SimpleWebSocketServer: filename=simplewebsocketserver-0.1.2-py3-none-any.whl size=9715 sha256=4767d9f0ea09794ea267e79ec1c306ebaec33b91041ff810d8b359283721a163
2025-12-25T03:04:55.4834058Z   Stored in directory: /home/runner/.cache/pip/wheels/5a/5b/20/48ef42cb119fe12cb5ea0267429e2c7bba29ccf56933420a51
2025-12-25T03:04:55.4852223Z Successfully built SimpleWebSocketServer
2025-12-25T03:04:55.5029318Z Installing collected packages: SimpleWebSocketServer, websocket-client, urllib3, typing-extensions, soupsieve, idna, charset_normalizer, certifi, requests, beautifulsoup4, bs4, scratchattach
2025-12-25T03:04:56.2508437Z 
2025-12-25T03:04:56.2528991Z Successfully installed SimpleWebSocketServer-0.1.2 beautifulsoup4-4.14.3 bs4-0.0.2 certifi-2025.11.12 charset_normalizer-3.4.4 idna-3.11 requests-2.32.5 scratchattach-2.1.13 soupsieve-2.8.1 typing-extensions-4.15.0 urllib3-2.6.2 websocket-client-1.9.0
2025-12-25T03:04:56.3443627Z ##[group]Run actions/checkout@v6.0.1
2025-12-25T03:04:56.3443887Z with:
2025-12-25T03:04:56.3444065Z   ref: scratch_chat_dev
2025-12-25T03:04:56.3444278Z   repository: Boss-1s/scratchattach
2025-12-25T03:04:56.3444616Z   token: ***
2025-12-25T03:04:56.3444795Z   ssh-strict: true
2025-12-25T03:04:56.3444971Z   ssh-user: git
2025-12-25T03:04:56.3445151Z   persist-credentials: true
2025-12-25T03:04:56.3445363Z   clean: true
2025-12-25T03:04:56.3445550Z   sparse-checkout-cone-mode: true
2025-12-25T03:04:56.3445774Z   fetch-depth: 1
2025-12-25T03:04:56.3445948Z   fetch-tags: false
2025-12-25T03:04:56.3446125Z   show-progress: true
2025-12-25T03:04:56.3446308Z   lfs: false
2025-12-25T03:04:56.3446469Z   submodules: false
2025-12-25T03:04:56.3446660Z   set-safe-directory: true
2025-12-25T03:04:56.3446852Z env:
2025-12-25T03:04:56.3447073Z   pythonLocation: /opt/hostedtoolcache/Python/3.14.2/x64
2025-12-25T03:04:56.3447516Z   PKG_CONFIG_PATH: /opt/hostedtoolcache/Python/3.14.2/x64/lib/pkgconfig
2025-12-25T03:04:56.3447890Z   Python_ROOT_DIR: /opt/hostedtoolcache/Python/3.14.2/x64
2025-12-25T03:04:56.3448225Z   Python2_ROOT_DIR: /opt/hostedtoolcache/Python/3.14.2/x64
2025-12-25T03:04:56.3448558Z   Python3_ROOT_DIR: /opt/hostedtoolcache/Python/3.14.2/x64
2025-12-25T03:04:56.3448887Z   LD_LIBRARY_PATH: /opt/hostedtoolcache/Python/3.14.2/x64/lib
2025-12-25T03:04:56.3449169Z ##[endgroup]
2025-12-25T03:04:56.4238906Z Syncing repository: Boss-1s/scratchattach
2025-12-25T03:04:56.4241244Z ##[group]Getting Git version info
2025-12-25T03:04:56.4241768Z Working directory is '/home/runner/work/scratchattach/scratchattach'
2025-12-25T03:04:56.4279022Z [command]/usr/bin/git version
2025-12-25T03:04:56.4317777Z git version 2.52.0
2025-12-25T03:04:56.4338513Z ##[endgroup]
2025-12-25T03:04:56.4353488Z Temporarily overriding HOME='/home/runner/work/_temp/1efeae58-6f4f-4efb-80e5-8d3e09097c2d' before making global git config changes
2025-12-25T03:04:56.4354401Z Adding repository directory to the temporary git global config as a safe directory
2025-12-25T03:04:56.4359968Z [command]/usr/bin/git config --global --add safe.directory /home/runner/work/scratchattach/scratchattach
2025-12-25T03:04:56.4401032Z [command]/usr/bin/git config --local --get remote.origin.url
2025-12-25T03:04:56.4425100Z https://github.com/Boss-1s/scratchattach
2025-12-25T03:04:56.4439041Z ##[group]Removing previously created refs, to avoid conflicts
2025-12-25T03:04:56.4443699Z [command]/usr/bin/git rev-parse --symbolic-full-name --verify --quiet HEAD
2025-12-25T03:04:56.4466903Z refs/heads/scratch_chat_dev
2025-12-25T03:04:56.4476289Z [command]/usr/bin/git checkout --detach
2025-12-25T03:04:56.9767543Z HEAD is now at c5b9feb Merge branch 'main' into scratch_chat_dev
2025-12-25T03:04:56.9816349Z [command]/usr/bin/git branch --delete --force scratch_chat_dev
2025-12-25T03:04:56.9844359Z Deleted branch scratch_chat_dev (was c5b9feb).
2025-12-25T03:04:56.9882002Z ##[endgroup]
2025-12-25T03:04:56.9886524Z [command]/usr/bin/git submodule status
2025-12-25T03:04:57.0128880Z ##[group]Cleaning the repository
2025-12-25T03:04:57.0134624Z [command]/usr/bin/git clean -ffdx
2025-12-25T03:04:57.0187214Z [command]/usr/bin/git reset --hard HEAD
2025-12-25T03:04:57.0282579Z HEAD is now at c5b9feb Merge branch 'main' into scratch_chat_dev
2025-12-25T03:04:57.0288302Z ##[endgroup]
2025-12-25T03:04:57.0291151Z ##[group]Disabling automatic garbage collection
2025-12-25T03:04:57.0295804Z [command]/usr/bin/git config --local gc.auto 0
2025-12-25T03:04:57.0326742Z ##[endgroup]
2025-12-25T03:04:57.0327195Z ##[group]Setting up auth
2025-12-25T03:04:57.0329071Z Removing SSH command configuration
2025-12-25T03:04:57.0335794Z [command]/usr/bin/git config --local --name-only --get-regexp core\.sshCommand
2025-12-25T03:04:57.0368288Z [command]/usr/bin/git submodule foreach --recursive sh -c "git config --local --name-only --get-regexp 'core\.sshCommand' && git config --local --unset-all 'core.sshCommand' || :"
2025-12-25T03:04:57.0605308Z Removing HTTP extra header
2025-12-25T03:04:57.0611502Z [command]/usr/bin/git config --local --name-only --get-regexp http\.https\:\/\/github\.com\/\.extraheader
2025-12-25T03:04:57.0644013Z [command]/usr/bin/git submodule foreach --recursive sh -c "git config --local --name-only --get-regexp 'http\.https\:\/\/github\.com\/\.extraheader' && git config --local --unset-all 'http.https://github.com/.extraheader' || :"
2025-12-25T03:04:57.0884965Z Removing includeIf entries pointing to credentials config files
2025-12-25T03:04:57.0892847Z [command]/usr/bin/git config --local --name-only --get-regexp ^includeIf\.gitdir:
2025-12-25T03:04:57.0920920Z includeif.gitdir:/home/runner/work/scratchattach/scratchattach/.git.path
2025-12-25T03:04:57.0922053Z includeif.gitdir:/home/runner/work/scratchattach/scratchattach/.git/worktrees/*.path
2025-12-25T03:04:57.0922827Z includeif.gitdir:/github/workspace/.git.path
2025-12-25T03:04:57.0923366Z includeif.gitdir:/github/workspace/.git/worktrees/*.path
2025-12-25T03:04:57.0930531Z [command]/usr/bin/git config --local --get-all includeif.gitdir:/home/runner/work/scratchattach/scratchattach/.git.path
2025-12-25T03:04:57.0952860Z /home/runner/work/_temp/git-credentials-a1b4dc35-b199-4158-92a5-15e49cc326c9.config
2025-12-25T03:04:57.0966516Z [command]/usr/bin/git config --local --unset includeif.gitdir:/home/runner/work/scratchattach/scratchattach/.git.path /home/runner/work/_temp/git-credentials-a1b4dc35-b199-4158-92a5-15e49cc326c9.config
2025-12-25T03:04:57.0997333Z [command]/usr/bin/git config --local --get-all includeif.gitdir:/home/runner/work/scratchattach/scratchattach/.git/worktrees/*.path
2025-12-25T03:04:57.1018077Z /home/runner/work/_temp/git-credentials-a1b4dc35-b199-4158-92a5-15e49cc326c9.config
2025-12-25T03:04:57.1026677Z [command]/usr/bin/git config --local --unset includeif.gitdir:/home/runner/work/scratchattach/scratchattach/.git/worktrees/*.path /home/runner/work/_temp/git-credentials-a1b4dc35-b199-4158-92a5-15e49cc326c9.config
2025-12-25T03:04:57.1056111Z [command]/usr/bin/git config --local --get-all includeif.gitdir:/github/workspace/.git.path
2025-12-25T03:04:57.1076521Z /github/runner_temp/git-credentials-a1b4dc35-b199-4158-92a5-15e49cc326c9.config
2025-12-25T03:04:57.1084146Z [command]/usr/bin/git config --local --unset includeif.gitdir:/github/workspace/.git.path /github/runner_temp/git-credentials-a1b4dc35-b199-4158-92a5-15e49cc326c9.config
2025-12-25T03:04:57.1150051Z [command]/usr/bin/git config --local --get-all includeif.gitdir:/github/workspace/.git/worktrees/*.path
2025-12-25T03:04:57.1170792Z /github/runner_temp/git-credentials-a1b4dc35-b199-4158-92a5-15e49cc326c9.config
2025-12-25T03:04:57.1180409Z [command]/usr/bin/git config --local --unset includeif.gitdir:/github/workspace/.git/worktrees/*.path /github/runner_temp/git-credentials-a1b4dc35-b199-4158-92a5-15e49cc326c9.config
2025-12-25T03:04:57.1214211Z [command]/usr/bin/git submodule foreach --recursive git config --local --show-origin --name-only --get-regexp remote.origin.url
2025-12-25T03:04:57.1437816Z Removing credentials config '/home/runner/work/_temp/git-credentials-a1b4dc35-b199-4158-92a5-15e49cc326c9.config'
2025-12-25T03:04:57.1451871Z [command]/usr/bin/git config --file /home/runner/work/_temp/git-credentials-72d6e705-0ba2-466f-ab45-09c389ff7087.config http.https://github.com/.extraheader AUTHORIZATION: basic ***
2025-12-25T03:04:57.1490366Z [command]/usr/bin/git config --local includeIf.gitdir:/home/runner/work/scratchattach/scratchattach/.git.path /home/runner/work/_temp/git-credentials-72d6e705-0ba2-466f-ab45-09c389ff7087.config
2025-12-25T03:04:57.1522560Z [command]/usr/bin/git config --local includeIf.gitdir:/home/runner/work/scratchattach/scratchattach/.git/worktrees/*.path /home/runner/work/_temp/git-credentials-72d6e705-0ba2-466f-ab45-09c389ff7087.config
2025-12-25T03:04:57.1553368Z [command]/usr/bin/git config --local includeIf.gitdir:/github/workspace/.git.path /github/runner_temp/git-credentials-72d6e705-0ba2-466f-ab45-09c389ff7087.config
2025-12-25T03:04:57.1585497Z [command]/usr/bin/git config --local includeIf.gitdir:/github/workspace/.git/worktrees/*.path /github/runner_temp/git-credentials-72d6e705-0ba2-466f-ab45-09c389ff7087.config
2025-12-25T03:04:57.1611668Z ##[endgroup]
2025-12-25T03:04:57.1612224Z ##[group]Fetching the repository
2025-12-25T03:04:57.1622825Z [command]/usr/bin/git -c protocol.version=2 fetch --no-tags --prune --no-recurse-submodules --depth=1 origin +refs/heads/scratch_chat_dev*:refs/remotes/origin/scratch_chat_dev* +refs/tags/scratch_chat_dev*:refs/tags/scratch_chat_dev*
2025-12-25T03:04:57.4059920Z ##[endgroup]
2025-12-25T03:04:57.4060327Z ##[group]Determining the checkout info
2025-12-25T03:04:57.4068633Z [command]/usr/bin/git branch --list --remote origin/scratch_chat_dev
2025-12-25T03:04:57.4097833Z   origin/scratch_chat_dev
2025-12-25T03:04:57.4102606Z ##[endgroup]
2025-12-25T03:04:57.4107779Z [command]/usr/bin/git sparse-checkout disable
2025-12-25T03:04:57.4176618Z [command]/usr/bin/git config --local --unset-all extensions.worktreeConfig
2025-12-25T03:04:57.4205798Z ##[group]Checking out the ref
2025-12-25T03:04:57.4210845Z [command]/usr/bin/git checkout --progress --force -B scratch_chat_dev refs/remotes/origin/scratch_chat_dev
2025-12-25T03:04:57.4283194Z Switched to a new branch 'scratch_chat_dev'
2025-12-25T03:04:57.4285299Z branch 'scratch_chat_dev' set up to track 'origin/scratch_chat_dev'.
2025-12-25T03:04:57.4290500Z ##[endgroup]
2025-12-25T03:04:57.4328587Z [command]/usr/bin/git log -1 --format=%H
2025-12-25T03:04:57.4354606Z c5b9feb6052f0f9c9cd05e27557e8fd5d0352d25
2025-12-25T03:04:57.4473634Z ##[group]Run git config --global user.name 'Boss-1s [via Actions]'
2025-12-25T03:04:57.4474092Z [36;1mgit config --global user.name 'Boss-1s [via Actions]'[0m
2025-12-25T03:04:57.4474528Z [36;1mgit config --global user.email 'Boss-1s[auto]@users.noreply.github.com'[0m
2025-12-25T03:04:57.4475014Z [36;1mtimeout 3m python3 scratch_chat.py || { [[ $? -eq 124 ]] && exit 0; }[0m
2025-12-25T03:04:57.4509213Z shell: /usr/bin/bash -e {0}
2025-12-25T03:04:57.4509626Z env:
2025-12-25T03:04:57.4509872Z   pythonLocation: /opt/hostedtoolcache/Python/3.14.2/x64
2025-12-25T03:04:57.4510275Z   PKG_CONFIG_PATH: /opt/hostedtoolcache/Python/3.14.2/x64/lib/pkgconfig
2025-12-25T03:04:57.4510658Z   Python_ROOT_DIR: /opt/hostedtoolcache/Python/3.14.2/x64
2025-12-25T03:04:57.4510988Z   Python2_ROOT_DIR: /opt/hostedtoolcache/Python/3.14.2/x64
2025-12-25T03:04:57.4511315Z   Python3_ROOT_DIR: /opt/hostedtoolcache/Python/3.14.2/x64
2025-12-25T03:04:57.4511695Z   LD_LIBRARY_PATH: /opt/hostedtoolcache/Python/3.14.2/x64/lib
2025-12-25T03:04:57.4512304Z   PASS: ***
2025-12-25T03:04:57.4512482Z ##[endgroup]
2025-12-25T03:04:58.5237772Z If you use cloud requests or cloud storages, please credit TimMcCool!
2025-12-25T03:04:58.5238178Z Request handler is running
2025-12-25T03:04:58.5242356Z Request handler is running
2025-12-25T03:05:32.7627416Z Traceback (most recent call last):
2025-12-25T03:05:32.7640598Z   File "/opt/hostedtoolcache/Python/3.14.2/x64/lib/python3.14/site-packages/scratchattach/eventhandlers/_base.py", line 46, in call_event
2025-12-25T03:05:32.7641418Z     func(*args)
2025-12-25T03:05:32.7641636Z     ~~~~^^^^^^^
2025-12-25T03:05:32.7642277Z   File "/home/runner/work/scratchattach/scratchattach/scratch_chat.py", line 126, in on_request
2025-12-25T03:05:32.7643773Z     dprint(f"Received request {request.request_name}, requested by {request.requester}, args {request.arguments}, timestamp {request.timestamp}, id {request.request_id}\n")
2025-12-25T03:05:32.7644665Z                                ^^^^^^^^^^^^^^^^^^^^
2025-12-25T03:05:32.7645247Z AttributeError: 'ReceivedRequest' object has no attribute 'request_name'. Did you mean: 'request_id'?
2025-12-25T03:05:32.7645877Z Deleted all data from chat.json sucessfully.
2025-12-25T03:05:32.7649590Z Sucessfully deleted all data from chat.json.
2025-12-25T03:05:56.3153943Z Traceback (most recent call last):
2025-12-25T03:05:56.3158282Z   File "/opt/hostedtoolcache/Python/3.14.2/x64/lib/python3.14/site-packages/scratchattach/eventhandlers/_base.py", line 46, in call_event
2025-12-25T03:05:56.3159629Z     func(*args)
2025-12-25T03:05:56.3159956Z     ~~~~^^^^^^^
2025-12-25T03:05:56.3162120Z   File "/home/runner/work/scratchattach/scratchattach/scratch_chat.py", line 126, in on_request
2025-12-25T03:05:56.3163280Z     dprint(f"Received request {request.request_name}, requested by {request.requester}, args {request.arguments}, timestamp {request.timestamp}, id {request.request_id}\n")
2025-12-25T03:05:56.3164172Z                                ^^^^^^^^^^^^^^^^^^^^
2025-12-25T03:05:56.3164754Z AttributeError: 'ReceivedRequest' object has no attribute 'request_name'. Did you mean: 'request_id'?
2025-12-25T03:05:56.3168441Z client.requester requested keys from database settings.json
2025-12-25T03:06:08.3784487Z Traceback (most recent call last):
2025-12-25T03:06:08.3788005Z   File "/opt/hostedtoolcache/Python/3.14.2/x64/lib/python3.14/site-packages/scratchattach/eventhandlers/_base.py", line 46, in call_event
2025-12-25T03:06:08.3789094Z     func(*args)
2025-12-25T03:06:08.3789317Z     ~~~~^^^^^^^
2025-12-25T03:06:08.3790212Z   File "/home/runner/work/scratchattach/scratchattach/scratch_chat.py", line 126, in on_request
2025-12-25T03:06:08.3791483Z     dprint(f"Received request {request.request_name}, requested by {request.requester}, args {request.arguments}, timestamp {request.timestamp}, id {request.request_id}\n")
2025-12-25T03:06:08.3792346Z                                ^^^^^^^^^^^^^^^^^^^^
2025-12-25T03:06:08.3793350Z AttributeError: 'ReceivedRequest' object has no attribute 'request_name'. Did you mean: 'request_id'?
2025-12-25T03:06:08.3798596Z client.requester requested subkeys under the top level key Boss_1s in database settings.json
2025-12-25T03:06:40.4933058Z Traceback (most recent call last):
2025-12-25T03:06:40.4938281Z   File "/opt/hostedtoolcache/Python/3.14.2/x64/lib/python3.14/site-packages/scratchattach/eventhandlers/_base.py", line 46, in call_event
2025-12-25T03:06:40.4939010Z     func(*args)
2025-12-25T03:06:40.4939196Z     ~~~~^^^^^^^
2025-12-25T03:06:40.4940011Z   File "/home/runner/work/scratchattach/scratchattach/scratch_chat.py", line 126, in on_request
2025-12-25T03:06:40.4941125Z     dprint(f"Received request {request.request_name}, requested by {request.requester}, args {request.arguments}, timestamp {request.timestamp}, id {request.request_id}\n")
2025-12-25T03:06:40.4941852Z                                ^^^^^^^^^^^^^^^^^^^^
2025-12-25T03:06:40.4942366Z AttributeError: 'ReceivedRequest' object has no attribute 'request_name'. Did you mean: 'request_id'?
2025-12-25T03:06:40.4948246Z client.requester requested keys from database settings.json
2025-12-25T03:06:50.4606629Z Traceback (most recent call last):
2025-12-25T03:06:50.4611004Z   File "/opt/hostedtoolcache/Python/3.14.2/x64/lib/python3.14/site-packages/scratchattach/eventhandlers/_base.py", line 46, in call_event
2025-12-25T03:06:50.4612370Z     func(*args)
2025-12-25T03:06:50.4612679Z     ~~~~^^^^^^^
2025-12-25T03:06:50.4613473Z   File "/home/runner/work/scratchattach/scratchattach/scratch_chat.py", line 126, in on_request
2025-12-25T03:06:50.4614610Z     dprint(f"Received request {request.request_name}, requested by {request.requester}, args {request.arguments}, timestamp {request.timestamp}, id {request.request_id}\n")
2025-12-25T03:06:50.4615465Z                                ^^^^^^^^^^^^^^^^^^^^
2025-12-25T03:06:50.4616046Z AttributeError: 'ReceivedRequest' object has no attribute 'request_name'. Did you mean: 'request_id'?
2025-12-25T03:06:50.4621069Z client.requester requested keys from database settings.json
2025-12-25T03:07:02.3339201Z Traceback (most recent call last):
2025-12-25T03:07:02.3344355Z   File "/opt/hostedtoolcache/Python/3.14.2/x64/lib/python3.14/site-packages/scratchattach/eventhandlers/_base.py", line 46, in call_event
2025-12-25T03:07:02.3345126Z     func(*args)
2025-12-25T03:07:02.3345338Z     ~~~~^^^^^^^
2025-12-25T03:07:02.3345953Z   File "/home/runner/work/scratchattach/scratchattach/scratch_chat.py", line 126, in on_request
2025-12-25T03:07:02.3347004Z     dprint(f"Received request {request.request_name}, requested by {request.requester}, args {request.arguments}, timestamp {request.timestamp}, id {request.request_id}\n")
2025-12-25T03:07:02.3347785Z                                ^^^^^^^^^^^^^^^^^^^^
2025-12-25T03:07:02.3348332Z AttributeError: 'ReceivedRequest' object has no attribute 'request_name'. Did you mean: 'request_id'?
2025-12-25T03:07:02.3353144Z Request Handler Pinged
2025-12-25T03:07:39.8325825Z Traceback (most recent call last):
2025-12-25T03:07:39.8330913Z   File "/opt/hostedtoolcache/Python/3.14.2/x64/lib/python3.14/site-packages/scratchattach/eventhandlers/_base.py", line 46, in call_event
2025-12-25T03:07:39.8331665Z     func(*args)
2025-12-25T03:07:39.8331885Z     ~~~~^^^^^^^
2025-12-25T03:07:39.8332385Z   File "/home/runner/work/scratchattach/scratchattach/scratch_chat.py", line 126, in on_request
2025-12-25T03:07:39.8333571Z     dprint(f"Received request {request.request_name}, requested by {request.requester}, args {request.arguments}, timestamp {request.timestamp}, id {request.request_id}\n")
2025-12-25T03:07:39.8334359Z                                ^^^^^^^^^^^^^^^^^^^^
2025-12-25T03:07:39.8334888Z AttributeError: 'ReceivedRequest' object has no attribute 'request_name'. Did you mean: 'request_id'?
2025-12-25T03:07:39.8338891Z client.requester requested keys from database settings.json
2025-12-25T03:07:57.4702384Z ##[group]Run bash push.sh
2025-12-25T03:07:57.4702653Z [36;1mbash push.sh[0m
2025-12-25T03:07:57.4735192Z shell: /usr/bin/bash -e {0}
2025-12-25T03:07:57.4735409Z env:
2025-12-25T03:07:57.4735637Z   pythonLocation: /opt/hostedtoolcache/Python/3.14.2/x64
2025-12-25T03:07:57.4736024Z   PKG_CONFIG_PATH: /opt/hostedtoolcache/Python/3.14.2/x64/lib/pkgconfig
2025-12-25T03:07:57.4736394Z   Python_ROOT_DIR: /opt/hostedtoolcache/Python/3.14.2/x64
2025-12-25T03:07:57.4736732Z   Python2_ROOT_DIR: /opt/hostedtoolcache/Python/3.14.2/x64
2025-12-25T03:07:57.4737060Z   Python3_ROOT_DIR: /opt/hostedtoolcache/Python/3.14.2/x64
2025-12-25T03:07:57.4737387Z   LD_LIBRARY_PATH: /opt/hostedtoolcache/Python/3.14.2/x64/lib
2025-12-25T03:07:57.4737658Z ##[endgroup]
2025-12-25T03:07:57.6494626Z From https://github.com/Boss-1s/scratchattach
2025-12-25T03:07:57.6497611Z  * branch            scratch_chat_dev -> FETCH_HEAD
2025-12-25T03:07:57.6571057Z Already up to date.
2025-12-25T03:07:57.6632069Z Git working tree has uncommitted changes:
2025-12-25T03:07:57.6632512Z ?? chat.json
2025-12-25T03:07:57.6634646Z These changes will be pushed to the scratch_chat_dev branch.#main
2025-12-25T03:07:57.6768555Z [scratch_chat_dev ec7eb35] [BOT] Update file from workflow
2025-12-25T03:07:57.6769087Z  1 file changed, 1 insertion(+)
2025-12-25T03:07:57.6769650Z  create mode 100644 chat.json
2025-12-25T03:07:58.1407695Z To https://github.com/Boss-1s/scratchattach
2025-12-25T03:07:58.1408645Z    c5b9feb..ec7eb35  scratch_chat_dev -> scratch_chat_dev
2025-12-25T03:07:58.1547950Z Post job cleanup.
2025-12-25T03:07:58.2358051Z [command]/usr/bin/git version
2025-12-25T03:07:58.2395124Z git version 2.52.0
2025-12-25T03:07:58.2427383Z Copying '/home/runner/.gitconfig' to '/home/runner/work/_temp/35829a78-9798-45ed-8e9e-552cade7151f/.gitconfig'
2025-12-25T03:07:58.2437088Z Temporarily overriding HOME='/home/runner/work/_temp/35829a78-9798-45ed-8e9e-552cade7151f' before making global git config changes
2025-12-25T03:07:58.2438402Z Adding repository directory to the temporary git global config as a safe directory
2025-12-25T03:07:58.2443149Z [command]/usr/bin/git config --global --add safe.directory /home/runner/work/scratchattach/scratchattach
2025-12-25T03:07:58.2474212Z Removing SSH command configuration
2025-12-25T03:07:58.2481118Z [command]/usr/bin/git config --local --name-only --get-regexp core\.sshCommand
2025-12-25T03:07:58.2517040Z [command]/usr/bin/git submodule foreach --recursive sh -c "git config --local --name-only --get-regexp 'core\.sshCommand' && git config --local --unset-all 'core.sshCommand' || :"
2025-12-25T03:07:58.2784747Z Removing HTTP extra header
2025-12-25T03:07:58.2790330Z [command]/usr/bin/git config --local --name-only --get-regexp http\.https\:\/\/github\.com\/\.extraheader
2025-12-25T03:07:58.2826895Z [command]/usr/bin/git submodule foreach --recursive sh -c "git config --local --name-only --get-regexp 'http\.https\:\/\/github\.com\/\.extraheader' && git config --local --unset-all 'http.https://github.com/.extraheader' || :"
2025-12-25T03:07:58.3064214Z Removing includeIf entries pointing to credentials config files
2025-12-25T03:07:58.3072643Z [command]/usr/bin/git config --local --name-only --get-regexp ^includeIf\.gitdir:
2025-12-25T03:07:58.3099603Z includeif.gitdir:/home/runner/work/scratchattach/scratchattach/.git.path
2025-12-25T03:07:58.3100327Z includeif.gitdir:/home/runner/work/scratchattach/scratchattach/.git/worktrees/*.path
2025-12-25T03:07:58.3100836Z includeif.gitdir:/github/workspace/.git.path
2025-12-25T03:07:58.3101259Z includeif.gitdir:/github/workspace/.git/worktrees/*.path
2025-12-25T03:07:58.3109868Z [command]/usr/bin/git config --local --get-all includeif.gitdir:/home/runner/work/scratchattach/scratchattach/.git.path
2025-12-25T03:07:58.3132703Z /home/runner/work/_temp/git-credentials-72d6e705-0ba2-466f-ab45-09c389ff7087.config
2025-12-25T03:07:58.3143432Z [command]/usr/bin/git config --local --unset includeif.gitdir:/home/runner/work/scratchattach/scratchattach/.git.path /home/runner/work/_temp/git-credentials-72d6e705-0ba2-466f-ab45-09c389ff7087.config
2025-12-25T03:07:58.3179765Z [command]/usr/bin/git config --local --get-all includeif.gitdir:/home/runner/work/scratchattach/scratchattach/.git/worktrees/*.path
2025-12-25T03:07:58.3202302Z /home/runner/work/_temp/git-credentials-72d6e705-0ba2-466f-ab45-09c389ff7087.config
2025-12-25T03:07:58.3212248Z [command]/usr/bin/git config --local --unset includeif.gitdir:/home/runner/work/scratchattach/scratchattach/.git/worktrees/*.path /home/runner/work/_temp/git-credentials-72d6e705-0ba2-466f-ab45-09c389ff7087.config
2025-12-25T03:07:58.3245470Z [command]/usr/bin/git config --local --get-all includeif.gitdir:/github/workspace/.git.path
2025-12-25T03:07:58.3268266Z /github/runner_temp/git-credentials-72d6e705-0ba2-466f-ab45-09c389ff7087.config
2025-12-25T03:07:58.3276906Z [command]/usr/bin/git config --local --unset includeif.gitdir:/github/workspace/.git.path /github/runner_temp/git-credentials-72d6e705-0ba2-466f-ab45-09c389ff7087.config
2025-12-25T03:07:58.3311560Z [command]/usr/bin/git config --local --get-all includeif.gitdir:/github/workspace/.git/worktrees/*.path
2025-12-25T03:07:58.3334730Z /github/runner_temp/git-credentials-72d6e705-0ba2-466f-ab45-09c389ff7087.config
2025-12-25T03:07:58.3345208Z [command]/usr/bin/git config --local --unset includeif.gitdir:/github/workspace/.git/worktrees/*.path /github/runner_temp/git-credentials-72d6e705-0ba2-466f-ab45-09c389ff7087.config
2025-12-25T03:07:58.3384773Z [command]/usr/bin/git submodule foreach --recursive git config --local --show-origin --name-only --get-regexp remote.origin.url
2025-12-25T03:07:58.3620398Z Removing credentials config '/home/runner/work/_temp/git-credentials-72d6e705-0ba2-466f-ab45-09c389ff7087.config'
2025-12-25T03:07:58.3754412Z Post job cleanup.
2025-12-25T03:07:58.5027674Z (node:2582) [DEP0040] DeprecationWarning: The `punycode` module is deprecated. Please use a userland alternative instead.
2025-12-25T03:07:58.5028371Z (Use `node --trace-deprecation ...` to show where the warning was created)
2025-12-25T03:07:58.5148343Z Post job cleanup.
2025-12-25T03:07:58.5936504Z [command]/usr/bin/git version
2025-12-25T03:07:58.6004300Z git version 2.52.0
2025-12-25T03:07:58.6036999Z Copying '/home/runner/.gitconfig' to '/home/runner/work/_temp/25e72af1-11b7-4255-b7c8-5efafb116f81/.gitconfig'
2025-12-25T03:07:58.6046344Z Temporarily overriding HOME='/home/runner/work/_temp/25e72af1-11b7-4255-b7c8-5efafb116f81' before making global git config changes
2025-12-25T03:07:58.6047670Z Adding repository directory to the temporary git global config as a safe directory
2025-12-25T03:07:58.6052793Z [command]/usr/bin/git config --global --add safe.directory /home/runner/work/scratchattach/scratchattach
2025-12-25T03:07:58.6083806Z Removing SSH command configuration
2025-12-25T03:07:58.6089936Z [command]/usr/bin/git config --local --name-only --get-regexp core\.sshCommand
2025-12-25T03:07:58.6122943Z [command]/usr/bin/git submodule foreach --recursive sh -c "git config --local --name-only --get-regexp 'core\.sshCommand' && git config --local --unset-all 'core.sshCommand' || :"
2025-12-25T03:07:58.6353945Z Removing HTTP extra header
2025-12-25T03:07:58.6358256Z [command]/usr/bin/git config --local --name-only --get-regexp http\.https\:\/\/github\.com\/\.extraheader
2025-12-25T03:07:58.6392379Z [command]/usr/bin/git submodule foreach --recursive sh -c "git config --local --name-only --get-regexp 'http\.https\:\/\/github\.com\/\.extraheader' && git config --local --unset-all 'http.https://github.com/.extraheader' || :"
2025-12-25T03:07:58.6610409Z Removing includeIf entries pointing to credentials config files
2025-12-25T03:07:58.6617086Z [command]/usr/bin/git config --local --name-only --get-regexp ^includeIf\.gitdir:
2025-12-25T03:07:58.6648069Z [command]/usr/bin/git submodule foreach --recursive git config --local --show-origin --name-only --get-regexp remote.origin.url
2025-12-25T03:07:58.7042578Z Cleaning up orphan processes
