2025-08-29T12:22:54.9420107Z Current runner version: '2.328.0'
2025-08-29T12:22:54.9454292Z ##[group]Runner Image Provisioner
2025-08-29T12:22:54.9455191Z Hosted Compute Agent
2025-08-29T12:22:54.9455765Z Version: 20250821.380
2025-08-29T12:22:54.9456438Z Commit: 438d12cb4fe092871db9867344e3bc0bc5319035
2025-08-29T12:22:54.9457195Z Build Date: 2025-08-21T20:49:43Z
2025-08-29T12:22:54.9457791Z ##[endgroup]
2025-08-29T12:22:54.9458372Z ##[group]Operating System
2025-08-29T12:22:54.9458991Z Ubuntu
2025-08-29T12:22:54.9459467Z 24.04.3
2025-08-29T12:22:54.9459942Z LTS
2025-08-29T12:22:54.9460378Z ##[endgroup]
2025-08-29T12:22:54.9461192Z ##[group]Runner Image
2025-08-29T12:22:54.9461851Z Image: ubuntu-24.04
2025-08-29T12:22:54.9462342Z Version: 20250824.1.0
2025-08-29T12:22:54.9463453Z Included Software: https://github.com/actions/runner-images/blob/ubuntu24/20250824.1/images/ubuntu/Ubuntu2404-Readme.md
2025-08-29T12:22:54.9464970Z Image Release: https://github.com/actions/runner-images/releases/tag/ubuntu24%2F20250824.1
2025-08-29T12:22:54.9466006Z ##[endgroup]
2025-08-29T12:22:54.9467070Z ##[group]GITHUB_TOKEN Permissions
2025-08-29T12:22:54.9469320Z Contents: write
2025-08-29T12:22:54.9469884Z Metadata: read
2025-08-29T12:22:54.9470401Z ##[endgroup]
2025-08-29T12:22:54.9473139Z Secret source: Actions
2025-08-29T12:22:54.9474155Z Prepare workflow directory
2025-08-29T12:22:54.9809146Z Prepare all required actions
2025-08-29T12:22:54.9847465Z Getting action download info
2025-08-29T12:22:55.3103509Z Download action repository 'actions/checkout@v5' (SHA:08c6903cd8c0fde910a37f88322edcfb5dd907a8)
2025-08-29T12:22:55.4774300Z Download action repository 'actions/setup-python@v5.6.0' (SHA:a26af69be951a213d495a4c3e4e4022e16d87065)
2025-08-29T12:22:55.6046873Z Download action repository 'bossOfCode/install-scratchattach@v1.0.3' (SHA:be17a7cf1ecb5a7040eb42ef26c2e1fbe72bb25a)
2025-08-29T12:22:55.9955032Z Complete job name: Run Prioritzing Handler
2025-08-29T12:22:56.0626529Z ##[group]Run actions/checkout@v5
2025-08-29T12:22:56.0627368Z with:
2025-08-29T12:22:56.0627787Z   ref: main
2025-08-29T12:22:56.0628214Z   repository: Boss-1s/scratchattach
2025-08-29T12:22:56.0628891Z   token: ***
2025-08-29T12:22:56.0629299Z   ssh-strict: true
2025-08-29T12:22:56.0629712Z   ssh-user: git
2025-08-29T12:22:56.0630132Z   persist-credentials: true
2025-08-29T12:22:56.0630602Z   clean: true
2025-08-29T12:22:56.0631255Z   sparse-checkout-cone-mode: true
2025-08-29T12:22:56.0631774Z   fetch-depth: 1
2025-08-29T12:22:56.0632186Z   fetch-tags: false
2025-08-29T12:22:56.0632606Z   show-progress: true
2025-08-29T12:22:56.0633022Z   lfs: false
2025-08-29T12:22:56.0633418Z   submodules: false
2025-08-29T12:22:56.0633850Z   set-safe-directory: true
2025-08-29T12:22:56.0634569Z ##[endgroup]
2025-08-29T12:22:56.1556593Z Syncing repository: Boss-1s/scratchattach
2025-08-29T12:22:56.1558390Z ##[group]Getting Git version info
2025-08-29T12:22:56.1559228Z Working directory is '/home/runner/work/scratchattach/scratchattach'
2025-08-29T12:22:56.1560251Z [command]/usr/bin/git version
2025-08-29T12:22:56.1613777Z git version 2.51.0
2025-08-29T12:22:56.1636504Z ##[endgroup]
2025-08-29T12:22:56.1652178Z Temporarily overriding HOME='/home/runner/work/_temp/ef4e835e-e0f9-4271-ae3f-77609657228e' before making global git config changes
2025-08-29T12:22:56.1654543Z Adding repository directory to the temporary git global config as a safe directory
2025-08-29T12:22:56.1657527Z [command]/usr/bin/git config --global --add safe.directory /home/runner/work/scratchattach/scratchattach
2025-08-29T12:22:56.1694052Z Deleting the contents of '/home/runner/work/scratchattach/scratchattach'
2025-08-29T12:22:56.1697804Z ##[group]Initializing the repository
2025-08-29T12:22:56.1702553Z [command]/usr/bin/git init /home/runner/work/scratchattach/scratchattach
2025-08-29T12:22:56.1785015Z hint: Using 'master' as the name for the initial branch. This default branch name
2025-08-29T12:22:56.1786449Z hint: is subject to change. To configure the initial branch name to use in all
2025-08-29T12:22:56.1787349Z hint: of your new repositories, which will suppress this warning, call:
2025-08-29T12:22:56.1788321Z hint:
2025-08-29T12:22:56.1789054Z hint: 	git config --global init.defaultBranch <name>
2025-08-29T12:22:56.1789946Z hint:
2025-08-29T12:22:56.1790538Z hint: Names commonly chosen instead of 'master' are 'main', 'trunk' and
2025-08-29T12:22:56.1792291Z hint: 'development'. The just-created branch can be renamed via this command:
2025-08-29T12:22:56.1793598Z hint:
2025-08-29T12:22:56.1794317Z hint: 	git branch -m <name>
2025-08-29T12:22:56.1795127Z hint:
2025-08-29T12:22:56.1796204Z hint: Disable this message with "git config set advice.defaultBranchName false"
2025-08-29T12:22:56.1798038Z Initialized empty Git repository in /home/runner/work/scratchattach/scratchattach/.git/
2025-08-29T12:22:56.1801777Z [command]/usr/bin/git remote add origin https://github.com/Boss-1s/scratchattach
2025-08-29T12:22:56.1837421Z ##[endgroup]
2025-08-29T12:22:56.1838634Z ##[group]Disabling automatic garbage collection
2025-08-29T12:22:56.1841568Z [command]/usr/bin/git config --local gc.auto 0
2025-08-29T12:22:56.1869527Z ##[endgroup]
2025-08-29T12:22:56.1870927Z ##[group]Setting up auth
2025-08-29T12:22:56.1876650Z [command]/usr/bin/git config --local --name-only --get-regexp core\.sshCommand
2025-08-29T12:22:56.1907226Z [command]/usr/bin/git submodule foreach --recursive sh -c "git config --local --name-only --get-regexp 'core\.sshCommand' && git config --local --unset-all 'core.sshCommand' || :"
2025-08-29T12:22:56.2230657Z [command]/usr/bin/git config --local --name-only --get-regexp http\.https\:\/\/github\.com\/\.extraheader
2025-08-29T12:22:56.2260542Z [command]/usr/bin/git submodule foreach --recursive sh -c "git config --local --name-only --get-regexp 'http\.https\:\/\/github\.com\/\.extraheader' && git config --local --unset-all 'http.https://github.com/.extraheader' || :"
2025-08-29T12:22:56.2476997Z [command]/usr/bin/git config --local http.https://github.com/.extraheader AUTHORIZATION: basic ***
2025-08-29T12:22:56.2509478Z ##[endgroup]
2025-08-29T12:22:56.2511063Z ##[group]Fetching the repository
2025-08-29T12:22:56.2519742Z [command]/usr/bin/git -c protocol.version=2 fetch --no-tags --prune --no-recurse-submodules --depth=1 origin +refs/heads/main*:refs/remotes/origin/main* +refs/tags/main*:refs/tags/main*
2025-08-29T12:22:56.5579475Z From https://github.com/Boss-1s/scratchattach
2025-08-29T12:22:56.5580508Z  * [new branch]      main       -> origin/main
2025-08-29T12:22:56.5610176Z ##[endgroup]
2025-08-29T12:22:56.5611239Z ##[group]Determining the checkout info
2025-08-29T12:22:56.5616766Z [command]/usr/bin/git branch --list --remote origin/main
2025-08-29T12:22:56.5639564Z   origin/main
2025-08-29T12:22:56.5644676Z ##[endgroup]
2025-08-29T12:22:56.5648329Z [command]/usr/bin/git sparse-checkout disable
2025-08-29T12:22:56.5686109Z [command]/usr/bin/git config --local --unset-all extensions.worktreeConfig
2025-08-29T12:22:56.5712639Z ##[group]Checking out the ref
2025-08-29T12:22:56.5716068Z [command]/usr/bin/git checkout --progress --force -B main refs/remotes/origin/main
2025-08-29T12:22:56.5775318Z Switched to a new branch 'main'
2025-08-29T12:22:56.5778323Z branch 'main' set up to track 'origin/main'.
2025-08-29T12:22:56.5784443Z ##[endgroup]
2025-08-29T12:22:56.5817093Z [command]/usr/bin/git log -1 --format=%H
2025-08-29T12:22:56.5840302Z eb5e61f37fed4bc572f0a487dc9536a3a0745d06
2025-08-29T12:22:56.6074639Z ##[group]Run actions/setup-python@v5.6.0
2025-08-29T12:22:56.6075286Z with:
2025-08-29T12:22:56.6075697Z   python-version: 3.12.5
2025-08-29T12:22:56.6076184Z   check-latest: false
2025-08-29T12:22:56.6076786Z   token: ***
2025-08-29T12:22:56.6077206Z   update-environment: true
2025-08-29T12:22:56.6077699Z   allow-prereleases: false
2025-08-29T12:22:56.6078176Z   freethreaded: false
2025-08-29T12:22:56.6078607Z ##[endgroup]
2025-08-29T12:22:56.7714609Z ##[group]Installed versions
2025-08-29T12:22:56.7783267Z Version 3.12.5 was not found in the local cache
2025-08-29T12:22:57.2374121Z Version 3.12.5 is available for downloading
2025-08-29T12:22:57.2377519Z Download from "https://github.com/actions/python-versions/releases/download/3.12.5-10375840348/python-3.12.5-linux-24.04-x64.tar.gz"
2025-08-29T12:22:58.0253119Z Extract downloaded archive
2025-08-29T12:22:58.0354607Z [command]/usr/bin/tar xz --warning=no-unknown-keyword --overwrite -C /home/runner/work/_temp/fe8969b8-786c-4319-b83e-2154b007d863 -f /home/runner/work/_temp/e3cba759-cfc0-4a02-ad84-f41ef5e1dddc
2025-08-29T12:22:59.9977463Z Execute installation script
2025-08-29T12:23:00.0066536Z Check if Python hostedtoolcache folder exist...
2025-08-29T12:23:00.0067230Z Create Python 3.12.5 folder
2025-08-29T12:23:00.0088354Z Copy Python binaries to hostedtoolcache folder
2025-08-29T12:23:00.7105762Z Create additional symlinks (Required for the UsePythonVersion Azure Pipelines task and the setup-python GitHub Action)
2025-08-29T12:23:00.7146696Z Upgrading pip...
2025-08-29T12:23:03.1332502Z Looking in links: /tmp/tmpvpmt9g79
2025-08-29T12:23:03.1337952Z Requirement already satisfied: pip in /opt/hostedtoolcache/Python/3.12.5/x64/lib/python3.12/site-packages (24.2)
2025-08-29T12:23:04.6709572Z Collecting pip
2025-08-29T12:23:04.7369967Z Downloading pip-25.2-py3-none-any.whl.metadata (4.7 kB)
2025-08-29T12:23:04.7563082Z Downloading pip-25.2-py3-none-any.whl (1.8 MB)
2025-08-29T12:23:04.8305690Z ━━━━━━━━━━━━━━━━━━━━━━━━━━━━━━━━━━━━━━━━ 1.8/1.8 MB 38.6 MB/s eta 0:00:00
2025-08-29T12:23:04.8307277Z 
2025-08-29T12:23:04.8656094Z Installing collected packages: pip
2025-08-29T12:23:04.8661719Z Attempting uninstall: pip
2025-08-29T12:23:04.8684788Z Found existing installation: pip 24.2
2025-08-29T12:23:04.9035546Z Uninstalling pip-24.2:
2025-08-29T12:23:04.9091260Z Successfully uninstalled pip-24.2
2025-08-29T12:23:05.7801048Z Successfully installed pip-25.2
2025-08-29T12:23:05.8237340Z Create complete file
2025-08-29T12:23:05.8277087Z Successfully set up CPython (3.12.5)
2025-08-29T12:23:05.8278115Z ##[endgroup]
2025-08-29T12:23:05.8413266Z ##[group]Run bossOfCode/install-scratchattach@v1.0.3
2025-08-29T12:23:05.8413634Z env:
2025-08-29T12:23:05.8413929Z   pythonLocation: /opt/hostedtoolcache/Python/3.12.5/x64
2025-08-29T12:23:05.8414351Z   PKG_CONFIG_PATH: /opt/hostedtoolcache/Python/3.12.5/x64/lib/pkgconfig
2025-08-29T12:23:05.8414745Z   Python_ROOT_DIR: /opt/hostedtoolcache/Python/3.12.5/x64
2025-08-29T12:23:05.8415090Z   Python2_ROOT_DIR: /opt/hostedtoolcache/Python/3.12.5/x64
2025-08-29T12:23:05.8415435Z   Python3_ROOT_DIR: /opt/hostedtoolcache/Python/3.12.5/x64
2025-08-29T12:23:05.8415810Z   LD_LIBRARY_PATH: /opt/hostedtoolcache/Python/3.12.5/x64/lib
2025-08-29T12:23:05.8416097Z ##[endgroup]
2025-08-29T12:23:05.8493437Z ##[group]Run python3 -m pip install --upgrade pip
2025-08-29T12:23:05.8493836Z [36;1mpython3 -m pip install --upgrade pip[0m
2025-08-29T12:23:05.8547890Z shell: /usr/bin/bash --noprofile --norc -e -o pipefail {0}
2025-08-29T12:23:05.8548247Z env:
2025-08-29T12:23:05.8548541Z   pythonLocation: /opt/hostedtoolcache/Python/3.12.5/x64
2025-08-29T12:23:05.8612388Z   PKG_CONFIG_PATH: /opt/hostedtoolcache/Python/3.12.5/x64/lib/pkgconfig
2025-08-29T12:23:05.8613232Z   Python_ROOT_DIR: /opt/hostedtoolcache/Python/3.12.5/x64
2025-08-29T12:23:05.8613956Z   Python2_ROOT_DIR: /opt/hostedtoolcache/Python/3.12.5/x64
2025-08-29T12:23:05.8614551Z   Python3_ROOT_DIR: /opt/hostedtoolcache/Python/3.12.5/x64
2025-08-29T12:23:05.8615180Z   LD_LIBRARY_PATH: /opt/hostedtoolcache/Python/3.12.5/x64/lib
2025-08-29T12:23:05.8615691Z ##[endgroup]
2025-08-29T12:23:06.6934933Z Requirement already satisfied: pip in /opt/hostedtoolcache/Python/3.12.5/x64/lib/python3.12/site-packages (25.2)
2025-08-29T12:23:06.8644089Z ##[group]Run pip install -U scratchattach
2025-08-29T12:23:06.8644409Z [36;1mpip install -U scratchattach[0m
2025-08-29T12:23:06.8675224Z shell: /usr/bin/bash --noprofile --norc -e -o pipefail {0}
2025-08-29T12:23:06.8675535Z env:
2025-08-29T12:23:06.8675792Z   pythonLocation: /opt/hostedtoolcache/Python/3.12.5/x64
2025-08-29T12:23:06.8676195Z   PKG_CONFIG_PATH: /opt/hostedtoolcache/Python/3.12.5/x64/lib/pkgconfig
2025-08-29T12:23:06.8676839Z   Python_ROOT_DIR: /opt/hostedtoolcache/Python/3.12.5/x64
2025-08-29T12:23:06.8677181Z   Python2_ROOT_DIR: /opt/hostedtoolcache/Python/3.12.5/x64
2025-08-29T12:23:06.8677522Z   Python3_ROOT_DIR: /opt/hostedtoolcache/Python/3.12.5/x64
2025-08-29T12:23:06.8677864Z   LD_LIBRARY_PATH: /opt/hostedtoolcache/Python/3.12.5/x64/lib
2025-08-29T12:23:06.8678154Z ##[endgroup]
2025-08-29T12:23:07.7913007Z Collecting scratchattach
2025-08-29T12:23:07.8696778Z   Downloading scratchattach-2.1.13-py3-none-any.whl.metadata (5.5 kB)
2025-08-29T12:23:07.8921494Z Collecting websocket-client (from scratchattach)
2025-08-29T12:23:07.9109283Z   Downloading websocket_client-1.8.0-py3-none-any.whl.metadata (8.0 kB)
2025-08-29T12:23:07.9426119Z Collecting requests (from scratchattach)
2025-08-29T12:23:07.9614319Z   Downloading requests-2.32.5-py3-none-any.whl.metadata (4.9 kB)
2025-08-29T12:23:07.9728130Z Collecting bs4 (from scratchattach)
2025-08-29T12:23:07.9915264Z   Downloading bs4-0.0.2-py2.py3-none-any.whl.metadata (411 bytes)
2025-08-29T12:23:08.0198197Z Collecting SimpleWebSocketServer (from scratchattach)
2025-08-29T12:23:08.0387392Z   Downloading SimpleWebSocketServer-0.1.2.tar.gz (10 kB)
2025-08-29T12:23:08.0489781Z   Installing build dependencies: started
2025-08-29T12:23:09.6163581Z   Installing build dependencies: finished with status 'done'
2025-08-29T12:23:09.6170041Z   Getting requirements to build wheel: started
2025-08-29T12:23:09.9612846Z   Getting requirements to build wheel: finished with status 'done'
2025-08-29T12:23:09.9620990Z   Preparing metadata (pyproject.toml): started
2025-08-29T12:23:10.1466908Z   Preparing metadata (pyproject.toml): finished with status 'done'
2025-08-29T12:23:10.1637888Z Collecting typing-extensions (from scratchattach)
2025-08-29T12:23:10.1830694Z   Downloading typing_extensions-4.15.0-py3-none-any.whl.metadata (3.3 kB)
2025-08-29T12:23:10.2008615Z Collecting beautifulsoup4 (from bs4->scratchattach)
2025-08-29T12:23:10.2196947Z   Downloading beautifulsoup4-4.13.5-py3-none-any.whl.metadata (3.8 kB)
2025-08-29T12:23:10.2425629Z Collecting soupsieve>1.2 (from beautifulsoup4->bs4->scratchattach)
2025-08-29T12:23:10.2615224Z   Downloading soupsieve-2.8-py3-none-any.whl.metadata (4.6 kB)
2025-08-29T12:23:10.3594131Z Collecting charset_normalizer<4,>=2 (from requests->scratchattach)
2025-08-29T12:23:10.3787657Z   Downloading charset_normalizer-3.4.3-cp312-cp312-manylinux2014_x86_64.manylinux_2_17_x86_64.manylinux_2_28_x86_64.whl.metadata (36 kB)
2025-08-29T12:23:10.4038324Z Collecting idna<4,>=2.5 (from requests->scratchattach)
2025-08-29T12:23:10.4225287Z   Downloading idna-3.10-py3-none-any.whl.metadata (10 kB)
2025-08-29T12:23:10.4564658Z Collecting urllib3<3,>=1.21.1 (from requests->scratchattach)
2025-08-29T12:23:10.4752677Z   Downloading urllib3-2.5.0-py3-none-any.whl.metadata (6.5 kB)
2025-08-29T12:23:10.4975607Z Collecting certifi>=2017.4.17 (from requests->scratchattach)
2025-08-29T12:23:10.5162341Z   Downloading certifi-2025.8.3-py3-none-any.whl.metadata (2.4 kB)
2025-08-29T12:23:10.5443965Z Downloading scratchattach-2.1.13-py3-none-any.whl (141 kB)
2025-08-29T12:23:10.5906809Z Downloading bs4-0.0.2-py2.py3-none-any.whl (1.2 kB)
2025-08-29T12:23:10.6126771Z Downloading beautifulsoup4-4.13.5-py3-none-any.whl (105 kB)
2025-08-29T12:23:10.6362857Z Downloading soupsieve-2.8-py3-none-any.whl (36 kB)
2025-08-29T12:23:10.6572175Z Downloading typing_extensions-4.15.0-py3-none-any.whl (44 kB)
2025-08-29T12:23:10.6782319Z Downloading requests-2.32.5-py3-none-any.whl (64 kB)
2025-08-29T12:23:10.6996754Z Downloading charset_normalizer-3.4.3-cp312-cp312-manylinux2014_x86_64.manylinux_2_17_x86_64.manylinux_2_28_x86_64.whl (151 kB)
2025-08-29T12:23:10.7255818Z Downloading idna-3.10-py3-none-any.whl (70 kB)
2025-08-29T12:23:10.7464651Z Downloading urllib3-2.5.0-py3-none-any.whl (129 kB)
2025-08-29T12:23:10.7746070Z Downloading certifi-2025.8.3-py3-none-any.whl (161 kB)
2025-08-29T12:23:10.8020458Z Downloading websocket_client-1.8.0-py3-none-any.whl (58 kB)
2025-08-29T12:23:10.8157804Z Building wheels for collected packages: SimpleWebSocketServer
2025-08-29T12:23:10.8166618Z   Building wheel for SimpleWebSocketServer (pyproject.toml): started
2025-08-29T12:23:11.0345489Z   Building wheel for SimpleWebSocketServer (pyproject.toml): finished with status 'done'
2025-08-29T12:23:11.0351469Z   Created wheel for SimpleWebSocketServer: filename=simplewebsocketserver-0.1.2-py3-none-any.whl size=9715 sha256=3b772b23596fa7503cf6c599cba27a48d2bae8b8a073c762a1a661b99852743c
2025-08-29T12:23:11.0353214Z   Stored in directory: /home/runner/.cache/pip/wheels/81/fd/d8/f145b47bedceb5dff96b76e404a4ee9be956a4f8f150cd8133
2025-08-29T12:23:11.0371291Z Successfully built SimpleWebSocketServer
2025-08-29T12:23:11.0544433Z Installing collected packages: SimpleWebSocketServer, websocket-client, urllib3, typing-extensions, soupsieve, idna, charset_normalizer, certifi, requests, beautifulsoup4, bs4, scratchattach
2025-08-29T12:23:11.6094419Z 
2025-08-29T12:23:11.6114276Z Successfully installed SimpleWebSocketServer-0.1.2 beautifulsoup4-4.13.5 bs4-0.0.2 certifi-2025.8.3 charset_normalizer-3.4.3 idna-3.10 requests-2.32.5 scratchattach-2.1.13 soupsieve-2.8 typing-extensions-4.15.0 urllib3-2.5.0 websocket-client-1.8.0
2025-08-29T12:23:11.6871171Z ##[group]Run actions/checkout@v5
2025-08-29T12:23:11.6871426Z with:
2025-08-29T12:23:11.6871591Z   ref: main
2025-08-29T12:23:11.6871782Z   repository: Boss-1s/scratchattach
2025-08-29T12:23:11.6872128Z   token: ***
2025-08-29T12:23:11.6872311Z   ssh-strict: true
2025-08-29T12:23:11.6872488Z   ssh-user: git
2025-08-29T12:23:11.6872673Z   persist-credentials: true
2025-08-29T12:23:11.6872884Z   clean: true
2025-08-29T12:23:11.6873066Z   sparse-checkout-cone-mode: true
2025-08-29T12:23:11.6873296Z   fetch-depth: 1
2025-08-29T12:23:11.6873473Z   fetch-tags: false
2025-08-29T12:23:11.6873653Z   show-progress: true
2025-08-29T12:23:11.6873838Z   lfs: false
2025-08-29T12:23:11.6874004Z   submodules: false
2025-08-29T12:23:11.6874191Z   set-safe-directory: true
2025-08-29T12:23:11.6874413Z env:
2025-08-29T12:23:11.6874633Z   pythonLocation: /opt/hostedtoolcache/Python/3.12.5/x64
2025-08-29T12:23:11.6875018Z   PKG_CONFIG_PATH: /opt/hostedtoolcache/Python/3.12.5/x64/lib/pkgconfig
2025-08-29T12:23:11.6875421Z   Python_ROOT_DIR: /opt/hostedtoolcache/Python/3.12.5/x64
2025-08-29T12:23:11.6875754Z   Python2_ROOT_DIR: /opt/hostedtoolcache/Python/3.12.5/x64
2025-08-29T12:23:11.6876080Z   Python3_ROOT_DIR: /opt/hostedtoolcache/Python/3.12.5/x64
2025-08-29T12:23:11.6876402Z   LD_LIBRARY_PATH: /opt/hostedtoolcache/Python/3.12.5/x64/lib
2025-08-29T12:23:11.6876684Z ##[endgroup]
2025-08-29T12:23:11.7630679Z Syncing repository: Boss-1s/scratchattach
2025-08-29T12:23:11.7631859Z ##[group]Getting Git version info
2025-08-29T12:23:11.7632414Z Working directory is '/home/runner/work/scratchattach/scratchattach'
2025-08-29T12:23:11.7668212Z [command]/usr/bin/git version
2025-08-29T12:23:11.7703674Z git version 2.51.0
2025-08-29T12:23:11.7723557Z ##[endgroup]
2025-08-29T12:23:11.7737505Z Temporarily overriding HOME='/home/runner/work/_temp/a00e743d-2b36-47f4-b625-750c51d20a9d' before making global git config changes
2025-08-29T12:23:11.7738797Z Adding repository directory to the temporary git global config as a safe directory
2025-08-29T12:23:11.7743453Z [command]/usr/bin/git config --global --add safe.directory /home/runner/work/scratchattach/scratchattach
2025-08-29T12:23:11.7778687Z [command]/usr/bin/git config --local --get remote.origin.url
2025-08-29T12:23:11.7798752Z https://github.com/Boss-1s/scratchattach
2025-08-29T12:23:11.7812991Z ##[group]Removing previously created refs, to avoid conflicts
2025-08-29T12:23:11.7816659Z [command]/usr/bin/git rev-parse --symbolic-full-name --verify --quiet HEAD
2025-08-29T12:23:11.7836650Z refs/heads/main
2025-08-29T12:23:11.7846995Z [command]/usr/bin/git checkout --detach
2025-08-29T12:23:11.7880959Z HEAD is now at eb5e61f Update scratch_chat_requests.py
2025-08-29T12:23:11.7921913Z [command]/usr/bin/git branch --delete --force main
2025-08-29T12:23:11.7946298Z Deleted branch main (was eb5e61f).
2025-08-29T12:23:11.7979457Z ##[endgroup]
2025-08-29T12:23:11.7982897Z [command]/usr/bin/git submodule status
2025-08-29T12:23:11.8201624Z ##[group]Cleaning the repository
2025-08-29T12:23:11.8205654Z [command]/usr/bin/git clean -ffdx
2025-08-29T12:23:11.8237551Z [command]/usr/bin/git reset --hard HEAD
2025-08-29T12:23:11.8268350Z HEAD is now at eb5e61f Update scratch_chat_requests.py
2025-08-29T12:23:11.8273624Z ##[endgroup]
2025-08-29T12:23:11.8274787Z ##[group]Disabling automatic garbage collection
2025-08-29T12:23:11.8278791Z [command]/usr/bin/git config --local gc.auto 0
2025-08-29T12:23:11.8303589Z ##[endgroup]
2025-08-29T12:23:11.8304017Z ##[group]Setting up auth
2025-08-29T12:23:11.8309929Z [command]/usr/bin/git config --local --name-only --get-regexp core\.sshCommand
2025-08-29T12:23:11.8338164Z [command]/usr/bin/git submodule foreach --recursive sh -c "git config --local --name-only --get-regexp 'core\.sshCommand' && git config --local --unset-all 'core.sshCommand' || :"
2025-08-29T12:23:11.8553719Z [command]/usr/bin/git config --local --name-only --get-regexp http\.https\:\/\/github\.com\/\.extraheader
2025-08-29T12:23:11.8574630Z http.https://github.com/.extraheader
2025-08-29T12:23:11.8583455Z [command]/usr/bin/git config --local --unset-all http.https://github.com/.extraheader
2025-08-29T12:23:11.8611524Z [command]/usr/bin/git submodule foreach --recursive sh -c "git config --local --name-only --get-regexp 'http\.https\:\/\/github\.com\/\.extraheader' && git config --local --unset-all 'http.https://github.com/.extraheader' || :"
2025-08-29T12:23:11.8830354Z [command]/usr/bin/git config --local http.https://github.com/.extraheader AUTHORIZATION: basic ***
2025-08-29T12:23:11.8869504Z ##[endgroup]
2025-08-29T12:23:11.8870107Z ##[group]Fetching the repository
2025-08-29T12:23:11.8877729Z [command]/usr/bin/git -c protocol.version=2 fetch --no-tags --prune --no-recurse-submodules --depth=1 origin +refs/heads/main*:refs/remotes/origin/main* +refs/tags/main*:refs/tags/main*
2025-08-29T12:23:12.2028211Z ##[endgroup]
2025-08-29T12:23:12.2028752Z ##[group]Determining the checkout info
2025-08-29T12:23:12.2035148Z [command]/usr/bin/git branch --list --remote origin/main
2025-08-29T12:23:12.2058258Z   origin/main
2025-08-29T12:23:12.2062491Z ##[endgroup]
2025-08-29T12:23:12.2066578Z [command]/usr/bin/git sparse-checkout disable
2025-08-29T12:23:12.2103308Z [command]/usr/bin/git config --local --unset-all extensions.worktreeConfig
2025-08-29T12:23:12.2127667Z ##[group]Checking out the ref
2025-08-29T12:23:12.2131485Z [command]/usr/bin/git checkout --progress --force -B main refs/remotes/origin/main
2025-08-29T12:23:12.2167529Z Switched to a new branch 'main'
2025-08-29T12:23:12.2170118Z branch 'main' set up to track 'origin/main'.
2025-08-29T12:23:12.2176721Z ##[endgroup]
2025-08-29T12:23:12.2210490Z [command]/usr/bin/git log -1 --format=%H
2025-08-29T12:23:12.2233684Z eb5e61f37fed4bc572f0a487dc9536a3a0745d06
2025-08-29T12:23:12.2339763Z ##[group]Run python3 aesthetic_prioritizing.py
2025-08-29T12:23:12.2340122Z [36;1mpython3 aesthetic_prioritizing.py[0m
2025-08-29T12:23:12.2372214Z shell: /usr/bin/bash -e {0}
2025-08-29T12:23:12.2372445Z env:
2025-08-29T12:23:12.2372690Z   pythonLocation: /opt/hostedtoolcache/Python/3.12.5/x64
2025-08-29T12:23:12.2373090Z   PKG_CONFIG_PATH: /opt/hostedtoolcache/Python/3.12.5/x64/lib/pkgconfig
2025-08-29T12:23:12.2373488Z   Python_ROOT_DIR: /opt/hostedtoolcache/Python/3.12.5/x64
2025-08-29T12:23:12.2373835Z   Python2_ROOT_DIR: /opt/hostedtoolcache/Python/3.12.5/x64
2025-08-29T12:23:12.2374167Z   Python3_ROOT_DIR: /opt/hostedtoolcache/Python/3.12.5/x64
2025-08-29T12:23:12.2374508Z   LD_LIBRARY_PATH: /opt/hostedtoolcache/Python/3.12.5/x64/lib
2025-08-29T12:23:12.2374890Z   PASS: ***
2025-08-29T12:23:12.2375061Z ##[endgroup]
2025-08-29T12:23:13.1388152Z Prioritizing: Attempt 1
2025-08-29T12:23:13.1388628Z Projects already on top. No prioritizing needed.
2025-08-29T12:23:13.1389293Z Prioritized projects in your favorite list.
2025-08-29T12:23:13.1682443Z Post job cleanup.
2025-08-29T12:23:13.2438581Z [command]/usr/bin/git version
2025-08-29T12:23:13.2474249Z git version 2.51.0
2025-08-29T12:23:13.2512364Z Temporarily overriding HOME='/home/runner/work/_temp/7cc927c7-2abd-49fe-b2f3-c0de4ce7237c' before making global git config changes
2025-08-29T12:23:13.2513616Z Adding repository directory to the temporary git global config as a safe directory
2025-08-29T12:23:13.2518060Z [command]/usr/bin/git config --global --add safe.directory /home/runner/work/scratchattach/scratchattach
2025-08-29T12:23:13.2551482Z [command]/usr/bin/git config --local --name-only --get-regexp core\.sshCommand
2025-08-29T12:23:13.2582857Z [command]/usr/bin/git submodule foreach --recursive sh -c "git config --local --name-only --get-regexp 'core\.sshCommand' && git config --local --unset-all 'core.sshCommand' || :"
2025-08-29T12:23:13.2802636Z [command]/usr/bin/git config --local --name-only --get-regexp http\.https\:\/\/github\.com\/\.extraheader
2025-08-29T12:23:13.2823852Z http.https://github.com/.extraheader
2025-08-29T12:23:13.2833383Z [command]/usr/bin/git config --local --unset-all http.https://github.com/.extraheader
2025-08-29T12:23:13.2864527Z [command]/usr/bin/git submodule foreach --recursive sh -c "git config --local --name-only --get-regexp 'http\.https\:\/\/github\.com\/\.extraheader' && git config --local --unset-all 'http.https://github.com/.extraheader' || :"
2025-08-29T12:23:13.3184989Z Post job cleanup.
2025-08-29T12:23:13.4853153Z Post job cleanup.
2025-08-29T12:23:13.5627635Z [command]/usr/bin/git version
2025-08-29T12:23:13.5662807Z git version 2.51.0
2025-08-29T12:23:13.5732218Z Temporarily overriding HOME='/home/runner/work/_temp/281ee5ec-a195-4aad-962a-af7eeecf9dba' before making global git config changes
2025-08-29T12:23:13.5733465Z Adding repository directory to the temporary git global config as a safe directory
2025-08-29T12:23:13.5737984Z [command]/usr/bin/git config --global --add safe.directory /home/runner/work/scratchattach/scratchattach
2025-08-29T12:23:13.5772025Z [command]/usr/bin/git config --local --name-only --get-regexp core\.sshCommand
2025-08-29T12:23:13.5803667Z [command]/usr/bin/git submodule foreach --recursive sh -c "git config --local --name-only --get-regexp 'core\.sshCommand' && git config --local --unset-all 'core.sshCommand' || :"
2025-08-29T12:23:13.6025185Z [command]/usr/bin/git config --local --name-only --get-regexp http\.https\:\/\/github\.com\/\.extraheader
2025-08-29T12:23:13.6056357Z [command]/usr/bin/git submodule foreach --recursive sh -c "git config --local --name-only --get-regexp 'http\.https\:\/\/github\.com\/\.extraheader' && git config --local --unset-all 'http.https://github.com/.extraheader' || :"
2025-08-29T12:23:13.6385596Z Cleaning up orphan processes
