2026-01-05T01:21:53.4710260Z Current runner version: '2.330.0'
2026-01-05T01:21:53.4750830Z ##[group]Runner Image Provisioner
2026-01-05T01:21:53.4752230Z Hosted Compute Agent
2026-01-05T01:21:53.4753070Z Version: 20251211.462
2026-01-05T01:21:53.4754010Z Commit: 6cbad8c2bb55d58165063d031ccabf57e2d2db61
2026-01-05T01:21:53.4755120Z Build Date: 2025-12-11T16:28:49Z
2026-01-05T01:21:53.4756470Z Worker ID: {25cb8289-a71f-479b-a37b-08dfccade2bf}
2026-01-05T01:21:53.4757580Z ##[endgroup]
2026-01-05T01:21:53.4759050Z ##[group]Operating System
2026-01-05T01:21:53.4759480Z macOS
2026-01-05T01:21:53.4759760Z 15.7.2
2026-01-05T01:21:53.4760040Z 24G325
2026-01-05T01:21:53.4760310Z ##[endgroup]
2026-01-05T01:21:53.4760610Z ##[group]Runner Image
2026-01-05T01:21:53.4760940Z Image: macos-15-arm64
2026-01-05T01:21:53.4761250Z Version: 20251215.0075.1
2026-01-05T01:21:53.4761950Z Included Software: https://github.com/actions/runner-images/blob/macos-15-arm64/20251215.0075/images/macos/macos-15-arm64-Readme.md
2026-01-05T01:21:53.4763400Z Image Release: https://github.com/actions/runner-images/releases/tag/macos-15-arm64%2F20251215.0075
2026-01-05T01:21:53.4765350Z ##[endgroup]
2026-01-05T01:21:53.4767090Z ##[group]GITHUB_TOKEN Permissions
2026-01-05T01:21:53.4770970Z Contents: read
2026-01-05T01:21:53.4772010Z Metadata: read
2026-01-05T01:21:53.4772810Z ##[endgroup]
2026-01-05T01:21:53.4777200Z Secret source: Actions
2026-01-05T01:21:53.4778670Z Prepare workflow directory
2026-01-05T01:21:53.5229870Z Prepare all required actions
2026-01-05T01:21:53.5281490Z Getting action download info
2026-01-05T01:21:54.0906270Z Download action repository 'actions/checkout@v6.0.1' (SHA:8e8c483db84b4bee98b60c0593521ed34d9990e8)
2026-01-05T01:21:54.4499120Z Download action repository 'actions/setup-python@v6.1.0' (SHA:83679a892e2d95755f2dac6acb0bfd1e9ac5d548)
2026-01-05T01:21:54.6760170Z Complete job name: build (3.14, macos-latest)
2026-01-05T01:21:54.7265510Z ##[group]Run actions/checkout@v6.0.1
2026-01-05T01:21:54.7266050Z with:
2026-01-05T01:21:54.7266340Z   repository: Boss-1s/scratchattach
2026-01-05T01:21:54.7266880Z   token: ***
2026-01-05T01:21:54.7267140Z   ssh-strict: true
2026-01-05T01:21:54.7267420Z   ssh-user: git
2026-01-05T01:21:54.7267700Z   persist-credentials: true
2026-01-05T01:21:54.7268010Z   clean: true
2026-01-05T01:21:54.7268300Z   sparse-checkout-cone-mode: true
2026-01-05T01:21:54.7268630Z   fetch-depth: 1
2026-01-05T01:21:54.7268910Z   fetch-tags: false
2026-01-05T01:21:54.7269190Z   show-progress: true
2026-01-05T01:21:54.7269470Z   lfs: false
2026-01-05T01:21:54.7269740Z   submodules: false
2026-01-05T01:21:54.7270030Z   set-safe-directory: true
2026-01-05T01:21:54.7270440Z ##[endgroup]
2026-01-05T01:21:55.3991580Z Syncing repository: Boss-1s/scratchattach
2026-01-05T01:21:55.3993400Z ##[group]Getting Git version info
2026-01-05T01:21:55.3994290Z Working directory is '/Users/runner/work/scratchattach/scratchattach'
2026-01-05T01:21:55.3995640Z [command]/opt/homebrew/bin/git version
2026-01-05T01:21:55.4698890Z git version 2.50.1
2026-01-05T01:21:55.4741990Z ##[endgroup]
2026-01-05T01:21:55.4759180Z Copying '/Users/runner/.gitconfig' to '/Users/runner/work/_temp/af1b637b-7ea7-4b99-aa07-e515e96c897a/.gitconfig'
2026-01-05T01:21:55.4769390Z Temporarily overriding HOME='/Users/runner/work/_temp/af1b637b-7ea7-4b99-aa07-e515e96c897a' before making global git config changes
2026-01-05T01:21:55.4772550Z Adding repository directory to the temporary git global config as a safe directory
2026-01-05T01:21:55.4773700Z [command]/opt/homebrew/bin/git config --global --add safe.directory /Users/runner/work/scratchattach/scratchattach
2026-01-05T01:21:55.4888820Z Deleting the contents of '/Users/runner/work/scratchattach/scratchattach'
2026-01-05T01:21:55.4894600Z ##[group]Initializing the repository
2026-01-05T01:21:55.4901770Z [command]/opt/homebrew/bin/git init /Users/runner/work/scratchattach/scratchattach
2026-01-05T01:21:55.5269010Z hint: Using 'master' as the name for the initial branch. This default branch name
2026-01-05T01:21:55.5277140Z hint: is subject to change. To configure the initial branch name to use in all
2026-01-05T01:21:55.5278760Z hint: of your new repositories, which will suppress this warning, call:
2026-01-05T01:21:55.5279950Z hint:
2026-01-05T01:21:55.5280510Z hint: 	git config --global init.defaultBranch <name>
2026-01-05T01:21:55.5280990Z hint:
2026-01-05T01:21:55.5281470Z hint: Names commonly chosen instead of 'master' are 'main', 'trunk' and
2026-01-05T01:21:55.5282290Z hint: 'development'. The just-created branch can be renamed via this command:
2026-01-05T01:21:55.5283070Z hint:
2026-01-05T01:21:55.5283620Z hint: 	git branch -m <name>
2026-01-05T01:21:55.5284080Z hint:
2026-01-05T01:21:55.5284560Z hint: Disable this message with "git config set advice.defaultBranchName false"
2026-01-05T01:21:55.5285460Z Initialized empty Git repository in /Users/runner/work/scratchattach/scratchattach/.git/
2026-01-05T01:21:55.5300280Z [command]/opt/homebrew/bin/git remote add origin https://github.com/Boss-1s/scratchattach
2026-01-05T01:21:55.5402700Z ##[endgroup]
2026-01-05T01:21:55.5404640Z ##[group]Disabling automatic garbage collection
2026-01-05T01:21:55.5410560Z [command]/opt/homebrew/bin/git config --local gc.auto 0
2026-01-05T01:21:55.5525150Z ##[endgroup]
2026-01-05T01:21:55.5525890Z ##[group]Setting up auth
2026-01-05T01:21:55.5526400Z Removing SSH command configuration
2026-01-05T01:21:55.5527530Z [command]/opt/homebrew/bin/git config --local --name-only --get-regexp core\.sshCommand
2026-01-05T01:21:55.5585560Z [command]/opt/homebrew/bin/git submodule foreach --recursive sh -c "git config --local --name-only --get-regexp 'core\.sshCommand' && git config --local --unset-all 'core.sshCommand' || :"
2026-01-05T01:21:55.6972730Z Removing HTTP extra header
2026-01-05T01:21:55.6978430Z [command]/opt/homebrew/bin/git config --local --name-only --get-regexp http\.https\:\/\/github\.com\/\.extraheader
2026-01-05T01:21:55.7054620Z [command]/opt/homebrew/bin/git submodule foreach --recursive sh -c "git config --local --name-only --get-regexp 'http\.https\:\/\/github\.com\/\.extraheader' && git config --local --unset-all 'http.https://github.com/.extraheader' || :"
2026-01-05T01:21:55.8492390Z Removing includeIf entries pointing to credentials config files
2026-01-05T01:21:55.8597300Z [command]/opt/homebrew/bin/git config --local --name-only --get-regexp ^includeIf\.gitdir:
2026-01-05T01:21:55.9142980Z [command]/opt/homebrew/bin/git submodule foreach --recursive git config --local --show-origin --name-only --get-regexp remote.origin.url
2026-01-05T01:21:55.9748440Z [command]/opt/homebrew/bin/git config --file /Users/runner/work/_temp/git-credentials-d1f41aca-2ed1-42e1-b3f7-2ef24cc82b1c.config http.https://github.com/.extraheader AUTHORIZATION: basic ***
2026-01-05T01:21:55.9865820Z [command]/opt/homebrew/bin/git config --local includeIf.gitdir:/Users/runner/work/scratchattach/scratchattach/.git.path /Users/runner/work/_temp/git-credentials-d1f41aca-2ed1-42e1-b3f7-2ef24cc82b1c.config
2026-01-05T01:21:55.9968570Z [command]/opt/homebrew/bin/git config --local includeIf.gitdir:/Users/runner/work/scratchattach/scratchattach/.git/worktrees/*.path /Users/runner/work/_temp/git-credentials-d1f41aca-2ed1-42e1-b3f7-2ef24cc82b1c.config
2026-01-05T01:21:56.0044400Z [command]/opt/homebrew/bin/git config --local includeIf.gitdir:/github/workspace/.git.path /github/runner_temp/git-credentials-d1f41aca-2ed1-42e1-b3f7-2ef24cc82b1c.config
2026-01-05T01:21:56.0118370Z [command]/opt/homebrew/bin/git config --local includeIf.gitdir:/github/workspace/.git/worktrees/*.path /github/runner_temp/git-credentials-d1f41aca-2ed1-42e1-b3f7-2ef24cc82b1c.config
2026-01-05T01:21:56.0194330Z ##[endgroup]
2026-01-05T01:21:56.0195820Z ##[group]Fetching the repository
2026-01-05T01:21:56.0199970Z [command]/opt/homebrew/bin/git -c protocol.version=2 fetch --no-tags --prune --no-recurse-submodules --depth=1 origin +84a75fc3847bcc2de0e7f45b3b41230ef659fec3:refs/remotes/origin/key_multivalue_storage_refactor
2026-01-05T01:22:01.0003200Z From https://github.com/Boss-1s/scratchattach
2026-01-05T01:22:01.0011250Z  * [new ref]         84a75fc3847bcc2de0e7f45b3b41230ef659fec3 -> origin/key_multivalue_storage_refactor
2026-01-05T01:22:01.0106160Z ##[endgroup]
2026-01-05T01:22:01.0108240Z ##[group]Determining the checkout info
2026-01-05T01:22:01.0110410Z ##[endgroup]
2026-01-05T01:22:01.0114510Z [command]/opt/homebrew/bin/git sparse-checkout disable
2026-01-05T01:22:01.0278550Z [command]/opt/homebrew/bin/git config --local --unset-all extensions.worktreeConfig
2026-01-05T01:22:01.0378340Z ##[group]Checking out the ref
2026-01-05T01:22:01.0381900Z [command]/opt/homebrew/bin/git checkout --progress --force -B key_multivalue_storage_refactor refs/remotes/origin/key_multivalue_storage_refactor
2026-01-05T01:22:02.1226690Z Updating files:  94% (2544/2681)
2026-01-05T01:22:02.1314790Z Updating files:  95% (2547/2681)
2026-01-05T01:22:02.1407830Z Updating files:  96% (2574/2681)
2026-01-05T01:22:02.7669770Z Updating files:  97% (2601/2681)
2026-01-05T01:22:02.9140010Z Updating files:  98% (2628/2681)
2026-01-05T01:22:03.0139570Z Updating files:  99% (2655/2681)
2026-01-05T01:22:03.0141880Z Updating files: 100% (2681/2681)
2026-01-05T01:22:03.0172950Z Updating files: 100% (2681/2681), done.
2026-01-05T01:22:03.0267220Z Switched to a new branch 'key_multivalue_storage_refactor'
2026-01-05T01:22:03.0368990Z branch 'key_multivalue_storage_refactor' set up to track 'origin/key_multivalue_storage_refactor'.
2026-01-05T01:22:03.0675790Z ##[endgroup]
2026-01-05T01:22:03.0869450Z [command]/opt/homebrew/bin/git log -1 --format=%H
2026-01-05T01:22:03.0971670Z 84a75fc3847bcc2de0e7f45b3b41230ef659fec3
2026-01-05T01:22:03.1619160Z ##[group]Run actions/setup-python@v6.1.0
2026-01-05T01:22:03.1619860Z with:
2026-01-05T01:22:03.1620280Z   python-version: 3.14
2026-01-05T01:22:03.1620710Z   check-latest: false
2026-01-05T01:22:03.1621580Z   token: ***
2026-01-05T01:22:03.1621940Z   update-environment: true
2026-01-05T01:22:03.1622390Z   allow-prereleases: false
2026-01-05T01:22:03.1622860Z   freethreaded: false
2026-01-05T01:22:03.1623290Z ##[endgroup]
2026-01-05T01:22:03.4450180Z ##[group]Installed versions
2026-01-05T01:22:03.4822120Z (node:2174) [DEP0040] DeprecationWarning: The `punycode` module is deprecated. Please use a userland alternative instead.
2026-01-05T01:22:03.4978950Z (Use `node --trace-deprecation ...` to show where the warning was created)
2026-01-05T01:22:03.5207760Z Successfully set up CPython (3.14.2)
2026-01-05T01:22:03.5208300Z ##[endgroup]
2026-01-05T01:22:03.5341790Z ##[group]Run cd test
2026-01-05T01:22:03.5342640Z [36;1mcd test[0m
2026-01-05T01:22:03.5343100Z [36;1mpython3 o_test1.py[0m
2026-01-05T01:22:03.5466540Z shell: /bin/bash -e {0}
2026-01-05T01:22:03.5466830Z env:
2026-01-05T01:22:03.5467110Z   pythonLocation: /Users/runner/hostedtoolcache/Python/3.14.2/arm64
2026-01-05T01:22:03.5467620Z   PKG_CONFIG_PATH: /Users/runner/hostedtoolcache/Python/3.14.2/arm64/lib/pkgconfig
2026-01-05T01:22:03.5468000Z   Python_ROOT_DIR: /Users/runner/hostedtoolcache/Python/3.14.2/arm64
2026-01-05T01:22:03.5468350Z   Python2_ROOT_DIR: /Users/runner/hostedtoolcache/Python/3.14.2/arm64
2026-01-05T01:22:03.5468850Z   Python3_ROOT_DIR: /Users/runner/hostedtoolcache/Python/3.14.2/arm64
2026-01-05T01:22:03.5469200Z ##[endgroup]
2026-01-05T01:22:06.0351210Z /Users/runner/work/scratchattach/scratchattach/key_multivalue_storage.py:663: AdditionFailureWarning: __add__: WARNING: AdditionFailureWarning: WARNING! You are strongly advised against adding a Storage instance and a dict/list together, as it may break the Storage instance that is created.
2026-01-05T01:22:06.0356330Z   warnings.warn(self.AdditionFailureWarning("WARNING! You are strongly advised against adding a Storage "+
2026-01-05T01:22:06.0358600Z [key_multivalue_storage.py]  Delete.all: INFO: Deleted all data from otest.json sucessfully.
2026-01-05T01:22:06.0359870Z Sucessfully deleted all data from otest.json.
2026-01-05T01:22:06.0360760Z Begin test
2026-01-05T01:22:06.0360980Z --------------------
2026-01-05T01:22:06.0361230Z Part 1: Storing, Editing, and Deleting via JSON
2026-01-05T01:22:06.0366680Z --------------------
2026-01-05T01:22:06.0367670Z [key_multivalue_storage.py]  __setattr__: INFO: Attempting to set 'instance_id' to '63e395e0-09db-4a28-b738-1a414338fff2'
2026-01-05T01:22:06.0370310Z [key_multivalue_storage.py]  __setattr__: INFO: Attempting to set 'key' to 'test_top_level_key'
2026-01-05T01:22:06.0371750Z [key_multivalue_storage.py]  __setattr__: INFO: Attempting to set 'values' to '{'sk1': 'val1', 'sk2': 'skibidi toilet'}'
2026-01-05T01:22:06.0373330Z [key_multivalue_storage.py]  store: INFO: Data for key 'test_top_level_key' stored successfully in 'otest.json'.
2026-01-05T01:22:06.0373890Z Sucessfully added values ['val1', 'skibidi toilet'] to subkeys ['sk1', 'sk2'], respectively.
2026-01-05T01:22:06.0374340Z [key_multivalue_storage.py]  Load.values: DEBUG: file_path=otest.json
2026-01-05T01:22:06.0374710Z [key_multivalue_storage.py]  Load.values: DEBUG: key=test_top_level_key
2026-01-05T01:22:06.0375630Z [key_multivalue_storage.py]  Load.values: DEBUG: keys=True
2026-01-05T01:22:06.0376000Z [key_multivalue_storage.py]  Load.values: DEBUG: raw=False
2026-01-05T01:22:06.0376510Z [key_multivalue_storage.py]  Load.values: DEBUG: loaded_data={'test_top_level_key': {'sk1': 23724622312, 'sk2': 240225226233226243226241234224226223242234}}
2026-01-05T01:22:06.0377020Z [key_multivalue_storage.py]  Load.values: DEBUG: key in loaded_data? True
2026-01-05T01:22:06.0377530Z [key_multivalue_storage.py]  Load.values: DEBUG: dict_to_load={'test_top_level_key': {'sk1': 23724622312, 'sk2': 240225226233226243226241234224226223242234}}
2026-01-05T01:22:06.0378180Z [key_multivalue_storage.py]  _from_dict: DEBUG: data_dict={'test_top_level_key': {'sk1': 23724622312, 'sk2': 240225226233226243226241234224226223242234}}
2026-01-05T01:22:06.0378690Z [key_multivalue_storage.py]  _from_dict: DEBUG: data_dict=False
2026-01-05T01:22:06.0379600Z [key_multivalue_storage.py]  _decode: DEBUG: totalchars 2
2026-01-05T01:22:06.0379940Z [key_multivalue_storage.py]  _decode: DEBUG: currentchar=37
2026-01-05T01:22:06.0380240Z [key_multivalue_storage.py]  _decode: DEBUG: totalchars 2
2026-01-05T01:22:06.0380520Z [key_multivalue_storage.py]  _decode: DEBUG: currentchar=46
2026-01-05T01:22:06.0380800Z [key_multivalue_storage.py]  _decode: DEBUG: totalchars 2
2026-01-05T01:22:06.0381080Z [key_multivalue_storage.py]  _decode: DEBUG: currentchar=23
2026-01-05T01:22:06.0381380Z [key_multivalue_storage.py]  _decode: DEBUG: totalchars 1
2026-01-05T01:22:06.0382580Z [key_multivalue_storage.py]  _decode: DEBUG: currentchar=2
2026-01-05T01:22:06.0383020Z [key_multivalue_storage.py]  _decode: DEBUG: totalchars 2
2026-01-05T01:22:06.0383300Z [key_multivalue_storage.py]  _decode: DEBUG: currentchar=40
2026-01-05T01:22:06.0383590Z [key_multivalue_storage.py]  _decode: DEBUG: totalchars 2
2026-01-05T01:22:06.0383880Z [key_multivalue_storage.py]  _decode: DEBUG: currentchar=25
2026-01-05T01:22:06.0384230Z [key_multivalue_storage.py]  _decode: DEBUG: totalchars 2
2026-01-05T01:22:06.0384530Z [key_multivalue_storage.py]  _decode: DEBUG: currentchar=26
2026-01-05T01:22:06.0384830Z [key_multivalue_storage.py]  _decode: DEBUG: totalchars 2
2026-01-05T01:22:06.0385120Z [key_multivalue_storage.py]  _decode: DEBUG: currentchar=33
2026-01-05T01:22:06.0385390Z [key_multivalue_storage.py]  _decode: DEBUG: totalchars 2
2026-01-05T01:22:06.0385690Z [key_multivalue_storage.py]  _decode: DEBUG: currentchar=26
2026-01-05T01:22:06.0385990Z [key_multivalue_storage.py]  _decode: DEBUG: totalchars 2
2026-01-05T01:22:06.0386270Z [key_multivalue_storage.py]  _decode: DEBUG: currentchar=43
2026-01-05T01:22:06.0386540Z [key_multivalue_storage.py]  _decode: DEBUG: totalchars 2
2026-01-05T01:22:06.0386830Z [key_multivalue_storage.py]  _decode: DEBUG: currentchar=26
2026-01-05T01:22:06.0387110Z [key_multivalue_storage.py]  _decode: DEBUG: totalchars 2
2026-01-05T01:22:06.0387380Z [key_multivalue_storage.py]  _decode: DEBUG: currentchar=41
2026-01-05T01:22:06.0387670Z [key_multivalue_storage.py]  _decode: DEBUG: totalchars 2
2026-01-05T01:22:06.0387950Z [key_multivalue_storage.py]  _decode: DEBUG: currentchar=34
2026-01-05T01:22:06.0388480Z [key_multivalue_storage.py]  _decode: DEBUG: totalchars 2
2026-01-05T01:22:06.0388750Z [key_multivalue_storage.py]  _decode: DEBUG: currentchar=24
2026-01-05T01:22:06.0389030Z [key_multivalue_storage.py]  _decode: DEBUG: totalchars 2
2026-01-05T01:22:06.0389310Z [key_multivalue_storage.py]  _decode: DEBUG: currentchar=26
2026-01-05T01:22:06.0389580Z [key_multivalue_storage.py]  _decode: DEBUG: totalchars 2
2026-01-05T01:22:06.0389880Z [key_multivalue_storage.py]  _decode: DEBUG: currentchar=23
2026-01-05T01:22:06.0390150Z [key_multivalue_storage.py]  _decode: DEBUG: totalchars 2
2026-01-05T01:22:06.0391010Z [key_multivalue_storage.py]  _decode: DEBUG: currentchar=42
2026-01-05T01:22:06.0391330Z [key_multivalue_storage.py]  _decode: DEBUG: totalchars 2
2026-01-05T01:22:06.0391640Z [key_multivalue_storage.py]  _decode: DEBUG: currentchar=34
2026-01-05T01:22:06.0392120Z [key_multivalue_storage.py]  __setattr__: INFO: Attempting to set 'instance_id' to '712a70e7-a7af-4688-aa32-26b0faf84505'
2026-01-05T01:22:06.0392650Z [key_multivalue_storage.py]  __setattr__: INFO: Attempting to set 'key' to 'test_top_level_key'
2026-01-05T01:22:06.0393760Z /Users/runner/work/scratchattach/scratchattach/key_multivalue_storage.py:669: AdditionFailureWarning: __add__: WARNING: AdditionFailureWarning: WARNING! You are strongly advised against adding a Storage instance and a dict/list together, as it may break the Storage instance that is created.
2026-01-05T01:22:06.0395110Z   warnings.warn(self.AdditionFailureWarning("WARNING! You are strongly advised against adding a Storage "+
2026-01-05T01:22:06.0395640Z [key_multivalue_storage.py]  __setattr__: INFO: Attempting to set 'values' to '{'sk1': 'val1', 'sk2': 'skibidi toilet'}'
2026-01-05T01:22:06.0396150Z [key_multivalue_storage.py]  Load.values: DEBUG: items.append(f'sk1: val1')
2026-01-05T01:22:06.0396530Z [key_multivalue_storage.py]  Load.values: DEBUG: items.append(f'sk2: skibidi toilet')
2026-01-05T01:22:06.0397100Z [key_multivalue_storage.py]  Load.values: DEBUG: file_path=otest.json
2026-01-05T01:22:06.0397720Z [key_multivalue_storage.py]  Load.values: DEBUG: key=test_top_level_key
2026-01-05T01:22:06.0398040Z [key_multivalue_storage.py]  Load.values: DEBUG: keys=False
2026-01-05T01:22:06.0398340Z [key_multivalue_storage.py]  Load.values: DEBUG: raw=False
2026-01-05T01:22:06.0399170Z [key_multivalue_storage.py]  Load.values: DEBUG: loaded_data={'test_top_level_key': {'sk1': 23724622312, 'sk2': 240225226233226243226241234224226223242234}}
2026-01-05T01:22:06.0399680Z [key_multivalue_storage.py]  Load.values: DEBUG: key in loaded_data? True
2026-01-05T01:22:06.0400200Z [key_multivalue_storage.py]  Load.values: DEBUG: dict_to_load={'test_top_level_key': {'sk1': 23724622312, 'sk2': 240225226233226243226241234224226223242234}}
2026-01-05T01:22:06.0400810Z [key_multivalue_storage.py]  _from_dict: DEBUG: data_dict={'test_top_level_key': {'sk1': 23724622312, 'sk2': 240225226233226243226241234224226223242234}}
2026-01-05T01:22:06.0401270Z [key_multivalue_storage.py]  _from_dict: DEBUG: data_dict=False
2026-01-05T01:22:06.0401590Z [key_multivalue_storage.py]  _decode: DEBUG: totalchars 2
2026-01-05T01:22:06.0401910Z [key_multivalue_storage.py]  _decode: DEBUG: currentchar=37
2026-01-05T01:22:06.0402190Z [key_multivalue_storage.py]  _decode: DEBUG: totalchars 2
2026-01-05T01:22:06.0402540Z [key_multivalue_storage.py]  _decode: DEBUG: currentchar=46
2026-01-05T01:22:06.0402810Z [key_multivalue_storage.py]  _decode: DEBUG: totalchars 2
2026-01-05T01:22:06.0403090Z [key_multivalue_storage.py]  _decode: DEBUG: currentchar=23
2026-01-05T01:22:06.0403380Z [key_multivalue_storage.py]  _decode: DEBUG: totalchars 1
2026-01-05T01:22:06.0403670Z [key_multivalue_storage.py]  _decode: DEBUG: currentchar=2
2026-01-05T01:22:06.0403940Z [key_multivalue_storage.py]  _decode: DEBUG: totalchars 2
2026-01-05T01:22:06.0404210Z [key_multivalue_storage.py]  _decode: DEBUG: currentchar=40
2026-01-05T01:22:06.0404500Z [key_multivalue_storage.py]  _decode: DEBUG: totalchars 2
2026-01-05T01:22:06.0404970Z [key_multivalue_storage.py]  _decode: DEBUG: currentchar=25
2026-01-05T01:22:06.0405350Z [key_multivalue_storage.py]  _decode: DEBUG: totalchars 2
2026-01-05T01:22:06.0405730Z [key_multivalue_storage.py]  _decode: DEBUG: currentchar=26
2026-01-05T01:22:06.0406120Z [key_multivalue_storage.py]  _decode: DEBUG: totalchars 2
2026-01-05T01:22:06.0406490Z [key_multivalue_storage.py]  _decode: DEBUG: currentchar=33
2026-01-05T01:22:06.0406780Z [key_multivalue_storage.py]  _decode: DEBUG: totalchars 2
2026-01-05T01:22:06.0407060Z [key_multivalue_storage.py]  _decode: DEBUG: currentchar=26
2026-01-05T01:22:06.0427830Z [key_multivalue_storage.py]  _decode: DEBUG: totalchars 2
2026-01-05T01:22:06.0428340Z [key_multivalue_storage.py]  _decode: DEBUG: currentchar=43
2026-01-05T01:22:06.0428660Z [key_multivalue_storage.py]  _decode: DEBUG: totalchars 2
2026-01-05T01:22:06.0430830Z [key_multivalue_storage.py]  _decode: DEBUG: currentchar=26
2026-01-05T01:22:06.0431250Z [key_multivalue_storage.py]  _decode: DEBUG: totalchars 2
2026-01-05T01:22:06.0431630Z [key_multivalue_storage.py]  _decode: DEBUG: currentchar=41
2026-01-05T01:22:06.0431930Z [key_multivalue_storage.py]  _decode: DEBUG: totalchars 2
2026-01-05T01:22:06.0432300Z [key_multivalue_storage.py]  _decode: DEBUG: currentchar=34
2026-01-05T01:22:06.0432580Z [key_multivalue_storage.py]  _decode: DEBUG: totalchars 2
2026-01-05T01:22:06.0432880Z [key_multivalue_storage.py]  _decode: DEBUG: currentchar=24
2026-01-05T01:22:06.0433150Z [key_multivalue_storage.py]  _decode: DEBUG: totalchars 2
2026-01-05T01:22:06.0434130Z [key_multivalue_storage.py]  _decode: DEBUG: currentchar=26
2026-01-05T01:22:06.0436810Z [key_multivalue_storage.py]  _decode: DEBUG: totalchars 2
2026-01-05T01:22:06.0437550Z [key_multivalue_storage.py]  _decode: DEBUG: currentchar=23
2026-01-05T01:22:06.0438330Z [key_multivalue_storage.py]  _decode: DEBUG: totalchars 2
2026-01-05T01:22:06.0439230Z [key_multivalue_storage.py]  _decode: DEBUG: currentchar=42
2026-01-05T01:22:06.0440760Z [key_multivalue_storage.py]  _decode: DEBUG: totalchars 2
2026-01-05T01:22:06.0441710Z [key_multivalue_storage.py]  _decode: DEBUG: currentchar=34
2026-01-05T01:22:06.0442230Z [key_multivalue_storage.py]  __setattr__: INFO: Attempting to set 'instance_id' to 'd469a87f-c500-4025-bd6d-a704f1cee572'
2026-01-05T01:22:06.0443410Z [key_multivalue_storage.py]  __setattr__: INFO: Attempting to set 'key' to 'test_top_level_key'
2026-01-05T01:22:06.0443960Z [key_multivalue_storage.py]  __setattr__: INFO: Attempting to set 'values' to '{'sk1': 'val1', 'sk2': 'skibidi toilet'}'
2026-01-05T01:22:06.0444420Z [key_multivalue_storage.py]  Load.values: DEBUG: items.append(val1)
2026-01-05T01:22:06.0444770Z [key_multivalue_storage.py]  Load.values: DEBUG: items.append(skibidi toilet)
2026-01-05T01:22:06.0445260Z [key_multivalue_storage.py]  __setattr__: INFO: Attempting to set 'instance_id' to '6e1ff998-6a41-4fd3-9f63-483de7e96b5b'
2026-01-05T01:22:06.0445990Z [key_multivalue_storage.py]  __setattr__: INFO: Attempting to set 'key' to 'test_top_level_key2'
2026-01-05T01:22:06.0446600Z [key_multivalue_storage.py]  __setattr__: INFO: Attempting to set 'values' to '{'sk1': 'val1', 'sk2': 'the fate of sigma'}'
2026-01-05T01:22:06.0447210Z [key_multivalue_storage.py]  store: INFO: Data for key 'test_top_level_key2' stored successfully in 'otest.json'.
2026-01-05T01:22:06.0447760Z Sucessfully added values ['val1', 'the fate of sigma'] to subkeys ['sk1', 'sk2'], respectively.
2026-01-05T01:22:06.0448200Z [key_multivalue_storage.py]  Load.values: DEBUG: file_path=otest.json
2026-01-05T01:22:06.0448540Z [key_multivalue_storage.py]  Load.values: DEBUG: key=test_top_level_key2
2026-01-05T01:22:06.0448880Z [key_multivalue_storage.py]  Load.values: DEBUG: keys=True
2026-01-05T01:22:06.0449300Z [key_multivalue_storage.py]  Load.values: DEBUG: raw=False
2026-01-05T01:22:06.0450230Z [key_multivalue_storage.py]  Load.values: DEBUG: loaded_data={'test_top_level_key': {'sk1': 23724622312, 'sk2': 240225226233226243226241234224226223242234}, 'test_top_level_key2': {'sk1': 23724622312, 'sk2': 234232242241235246234242241224235241240226238227246}}
2026-01-05T01:22:06.0451540Z [key_multivalue_storage.py]  Load.values: DEBUG: key in loaded_data? True
2026-01-05T01:22:06.0452060Z [key_multivalue_storage.py]  Load.values: DEBUG: dict_to_load={'test_top_level_key2': {'sk1': 23724622312, 'sk2': 234232242241235246234242241224235241240226238227246}}
2026-01-05T01:22:06.0452710Z [key_multivalue_storage.py]  _from_dict: DEBUG: data_dict={'test_top_level_key2': {'sk1': 23724622312, 'sk2': 234232242241235246234242241224235241240226238227246}}
2026-01-05T01:22:06.0453240Z [key_multivalue_storage.py]  _from_dict: DEBUG: data_dict=False
2026-01-05T01:22:06.0453550Z [key_multivalue_storage.py]  _decode: DEBUG: totalchars 2
2026-01-05T01:22:06.0453840Z [key_multivalue_storage.py]  _decode: DEBUG: currentchar=37
2026-01-05T01:22:06.0454120Z [key_multivalue_storage.py]  _decode: DEBUG: totalchars 2
2026-01-05T01:22:06.0454380Z [key_multivalue_storage.py]  _decode: DEBUG: currentchar=46
2026-01-05T01:22:06.0454660Z [key_multivalue_storage.py]  _decode: DEBUG: totalchars 2
2026-01-05T01:22:06.0454940Z [key_multivalue_storage.py]  _decode: DEBUG: currentchar=23
2026-01-05T01:22:06.0455210Z [key_multivalue_storage.py]  _decode: DEBUG: totalchars 1
2026-01-05T01:22:06.0455490Z [key_multivalue_storage.py]  _decode: DEBUG: currentchar=2
2026-01-05T01:22:06.0455750Z [key_multivalue_storage.py]  _decode: DEBUG: totalchars 2
2026-01-05T01:22:06.0456010Z [key_multivalue_storage.py]  _decode: DEBUG: currentchar=34
2026-01-05T01:22:06.0456330Z [key_multivalue_storage.py]  _decode: DEBUG: totalchars 2
2026-01-05T01:22:06.0456640Z [key_multivalue_storage.py]  _decode: DEBUG: currentchar=32
2026-01-05T01:22:06.0456910Z [key_multivalue_storage.py]  _decode: DEBUG: totalchars 2
2026-01-05T01:22:06.0457210Z [key_multivalue_storage.py]  _decode: DEBUG: currentchar=42
2026-01-05T01:22:06.0457480Z [key_multivalue_storage.py]  _decode: DEBUG: totalchars 2
2026-01-05T01:22:06.0457750Z [key_multivalue_storage.py]  _decode: DEBUG: currentchar=41
2026-01-05T01:22:06.0458010Z [key_multivalue_storage.py]  _decode: DEBUG: totalchars 2
2026-01-05T01:22:06.0458280Z [key_multivalue_storage.py]  _decode: DEBUG: currentchar=35
2026-01-05T01:22:06.0458540Z [key_multivalue_storage.py]  _decode: DEBUG: totalchars 2
2026-01-05T01:22:06.0459440Z [key_multivalue_storage.py]  _decode: DEBUG: currentchar=46
2026-01-05T01:22:06.0459800Z [key_multivalue_storage.py]  _decode: DEBUG: totalchars 2
2026-01-05T01:22:06.0460090Z [key_multivalue_storage.py]  _decode: DEBUG: currentchar=34
2026-01-05T01:22:06.0460370Z [key_multivalue_storage.py]  _decode: DEBUG: totalchars 2
2026-01-05T01:22:06.0460640Z [key_multivalue_storage.py]  _decode: DEBUG: currentchar=42
2026-01-05T01:22:06.0460900Z [key_multivalue_storage.py]  _decode: DEBUG: totalchars 2
2026-01-05T01:22:06.0461580Z [key_multivalue_storage.py]  _decode: DEBUG: currentchar=41
2026-01-05T01:22:06.0461870Z [key_multivalue_storage.py]  _decode: DEBUG: totalchars 2
2026-01-05T01:22:06.0462230Z [key_multivalue_storage.py]  _decode: DEBUG: currentchar=24
2026-01-05T01:22:06.0462520Z [key_multivalue_storage.py]  _decode: DEBUG: totalchars 2
2026-01-05T01:22:06.0462780Z [key_multivalue_storage.py]  _decode: DEBUG: currentchar=35
2026-01-05T01:22:06.0463140Z [key_multivalue_storage.py]  _decode: DEBUG: totalchars 2
2026-01-05T01:22:06.0463420Z [key_multivalue_storage.py]  _decode: DEBUG: currentchar=41
2026-01-05T01:22:06.0463710Z [key_multivalue_storage.py]  _decode: DEBUG: totalchars 2
2026-01-05T01:22:06.0463990Z [key_multivalue_storage.py]  _decode: DEBUG: currentchar=40
2026-01-05T01:22:06.0464270Z [key_multivalue_storage.py]  _decode: DEBUG: totalchars 2
2026-01-05T01:22:06.0464540Z [key_multivalue_storage.py]  _decode: DEBUG: currentchar=26
2026-01-05T01:22:06.0464800Z [key_multivalue_storage.py]  _decode: DEBUG: totalchars 2
2026-01-05T01:22:06.0465070Z [key_multivalue_storage.py]  _decode: DEBUG: currentchar=38
2026-01-05T01:22:06.0465330Z [key_multivalue_storage.py]  _decode: DEBUG: totalchars 2
2026-01-05T01:22:06.0465880Z [key_multivalue_storage.py]  _decode: DEBUG: currentchar=27
2026-01-05T01:22:06.0466140Z [key_multivalue_storage.py]  _decode: DEBUG: totalchars 2
2026-01-05T01:22:06.0466410Z [key_multivalue_storage.py]  _decode: DEBUG: currentchar=46
2026-01-05T01:22:06.0466850Z [key_multivalue_storage.py]  __setattr__: INFO: Attempting to set 'instance_id' to '9ac9b7e8-d67f-4efe-ba61-e28ecff0cf5c'
2026-01-05T01:22:06.0467400Z [key_multivalue_storage.py]  __setattr__: INFO: Attempting to set 'key' to 'test_top_level_key2'
2026-01-05T01:22:06.0467900Z [key_multivalue_storage.py]  __setattr__: INFO: Attempting to set 'values' to '{'sk1': 'val1', 'sk2': 'the fate of sigma'}'
2026-01-05T01:22:06.0468350Z [key_multivalue_storage.py]  Load.values: DEBUG: items.append(f'sk1: val1')
2026-01-05T01:22:06.0469070Z [key_multivalue_storage.py]  Load.values: DEBUG: items.append(f'sk2: the fate of sigma')
2026-01-05T01:22:06.0469440Z [key_multivalue_storage.py]  Load.values: DEBUG: file_path=otest.json
2026-01-05T01:22:06.0469780Z [key_multivalue_storage.py]  Load.values: DEBUG: key=test_top_level_key2
2026-01-05T01:22:06.0470100Z [key_multivalue_storage.py]  Load.values: DEBUG: keys=False
2026-01-05T01:22:06.0470430Z [key_multivalue_storage.py]  Load.values: DEBUG: raw=False
2026-01-05T01:22:06.0471150Z [key_multivalue_storage.py]  Load.values: DEBUG: loaded_data={'test_top_level_key': {'sk1': 23724622312, 'sk2': 240225226233226243226241234224226223242234}, 'test_top_level_key2': {'sk1': 23724622312, 'sk2': 234232242241235246234242241224235241240226238227246}}
2026-01-05T01:22:06.0471910Z [key_multivalue_storage.py]  Load.values: DEBUG: key in loaded_data? True
2026-01-05T01:22:06.0472410Z [key_multivalue_storage.py]  Load.values: DEBUG: dict_to_load={'test_top_level_key2': {'sk1': 23724622312, 'sk2': 234232242241235246234242241224235241240226238227246}}
2026-01-05T01:22:06.0473090Z [key_multivalue_storage.py]  _from_dict: DEBUG: data_dict={'test_top_level_key2': {'sk1': 23724622312, 'sk2': 234232242241235246234242241224235241240226238227246}}
2026-01-05T01:22:06.0473570Z [key_multivalue_storage.py]  _from_dict: DEBUG: data_dict=False
2026-01-05T01:22:06.0473870Z [key_multivalue_storage.py]  _decode: DEBUG: totalchars 2
2026-01-05T01:22:06.0474170Z [key_multivalue_storage.py]  _decode: DEBUG: currentchar=37
2026-01-05T01:22:06.0474790Z [key_multivalue_storage.py]  _decode: DEBUG: totalchars 2
2026-01-05T01:22:06.0475140Z [key_multivalue_storage.py]  _decode: DEBUG: currentchar=46
2026-01-05T01:22:06.0475440Z [key_multivalue_storage.py]  _decode: DEBUG: totalchars 2
2026-01-05T01:22:06.0475720Z [key_multivalue_storage.py]  _decode: DEBUG: currentchar=23
2026-01-05T01:22:06.0476030Z [key_multivalue_storage.py]  _decode: DEBUG: totalchars 1
2026-01-05T01:22:06.0476490Z [key_multivalue_storage.py]  _decode: DEBUG: currentchar=2
2026-01-05T01:22:06.0476800Z [key_multivalue_storage.py]  _decode: DEBUG: totalchars 2
2026-01-05T01:22:06.0477070Z [key_multivalue_storage.py]  _decode: DEBUG: currentchar=34
2026-01-05T01:22:06.0477590Z [key_multivalue_storage.py]  _decode: DEBUG: totalchars 2
2026-01-05T01:22:06.0477890Z [key_multivalue_storage.py]  _decode: DEBUG: currentchar=32
2026-01-05T01:22:06.0478440Z [key_multivalue_storage.py]  _decode: DEBUG: totalchars 2
2026-01-05T01:22:06.0478990Z [key_multivalue_storage.py]  _decode: DEBUG: currentchar=42
2026-01-05T01:22:06.0479330Z [key_multivalue_storage.py]  _decode: DEBUG: totalchars 2
2026-01-05T01:22:06.0479620Z [key_multivalue_storage.py]  _decode: DEBUG: currentchar=41
2026-01-05T01:22:06.0479960Z [key_multivalue_storage.py]  _decode: DEBUG: totalchars 2
2026-01-05T01:22:06.0480250Z [key_multivalue_storage.py]  _decode: DEBUG: currentchar=35
2026-01-05T01:22:06.0480560Z [key_multivalue_storage.py]  _decode: DEBUG: totalchars 2
2026-01-05T01:22:06.0480820Z [key_multivalue_storage.py]  _decode: DEBUG: currentchar=46
2026-01-05T01:22:06.0481080Z [key_multivalue_storage.py]  _decode: DEBUG: totalchars 2
2026-01-05T01:22:06.0481650Z [key_multivalue_storage.py]  _decode: DEBUG: currentchar=34
2026-01-05T01:22:06.0481930Z [key_multivalue_storage.py]  _decode: DEBUG: totalchars 2
2026-01-05T01:22:06.0482200Z [key_multivalue_storage.py]  _decode: DEBUG: currentchar=42
2026-01-05T01:22:06.0482460Z [key_multivalue_storage.py]  _decode: DEBUG: totalchars 2
2026-01-05T01:22:06.0482750Z [key_multivalue_storage.py]  _decode: DEBUG: currentchar=41
2026-01-05T01:22:06.0483020Z [key_multivalue_storage.py]  _decode: DEBUG: totalchars 2
2026-01-05T01:22:06.0483360Z [key_multivalue_storage.py]  _decode: DEBUG: currentchar=24
2026-01-05T01:22:06.0483640Z [key_multivalue_storage.py]  _decode: DEBUG: totalchars 2
2026-01-05T01:22:06.0483960Z [key_multivalue_storage.py]  _decode: DEBUG: currentchar=35
2026-01-05T01:22:06.0484240Z [key_multivalue_storage.py]  _decode: DEBUG: totalchars 2
2026-01-05T01:22:06.0484520Z [key_multivalue_storage.py]  _decode: DEBUG: currentchar=41
2026-01-05T01:22:06.0484880Z [key_multivalue_storage.py]  _decode: DEBUG: totalchars 2
2026-01-05T01:22:06.0485160Z [key_multivalue_storage.py]  _decode: DEBUG: currentchar=40
2026-01-05T01:22:06.0485440Z [key_multivalue_storage.py]  _decode: DEBUG: totalchars 2
2026-01-05T01:22:06.0485780Z [key_multivalue_storage.py]  _decode: DEBUG: currentchar=26
2026-01-05T01:22:06.0486080Z [key_multivalue_storage.py]  _decode: DEBUG: totalchars 2
2026-01-05T01:22:06.0486350Z [key_multivalue_storage.py]  _decode: DEBUG: currentchar=38
2026-01-05T01:22:06.0486610Z [key_multivalue_storage.py]  _decode: DEBUG: totalchars 2
2026-01-05T01:22:06.0486890Z [key_multivalue_storage.py]  _decode: DEBUG: currentchar=27
2026-01-05T01:22:06.0487150Z [key_multivalue_storage.py]  _decode: DEBUG: totalchars 2
2026-01-05T01:22:06.0487420Z [key_multivalue_storage.py]  _decode: DEBUG: currentchar=46
2026-01-05T01:22:06.0487810Z [key_multivalue_storage.py]  __setattr__: INFO: Attempting to set 'instance_id' to '00b58ac8-97b2-485e-828e-0fceb82e8e66'
2026-01-05T01:22:06.0488340Z [key_multivalue_storage.py]  __setattr__: INFO: Attempting to set 'key' to 'test_top_level_key2'
2026-01-05T01:22:06.0488970Z [key_multivalue_storage.py]  __setattr__: INFO: Attempting to set 'values' to '{'sk1': 'val1', 'sk2': 'the fate of sigma'}'
2026-01-05T01:22:06.0489460Z [key_multivalue_storage.py]  Load.values: DEBUG: items.append(val1)
2026-01-05T01:22:06.0489840Z [key_multivalue_storage.py]  Load.values: DEBUG: items.append(the fate of sigma)
2026-01-05T01:22:06.0490610Z [key_multivalue_storage.py]  __setattr__: INFO: Attempting to set 'instance_id' to 'c2313eb0-cac7-41bf-a86b-6a37d26c784e'
2026-01-05T01:22:06.0491100Z [key_multivalue_storage.py]  __setattr__: INFO: Attempting to set 'key' to 'test_top_level_key2'
2026-01-05T01:22:06.0491560Z [key_multivalue_storage.py]  __setattr__: INFO: Attempting to set 'values' to '{'sk3': 'val3', 'sk4': 'the fate of shard'}'
2026-01-05T01:22:06.0492070Z [key_multivalue_storage.py]  store: INFO: Data for key 'test_top_level_key2' stored successfully in 'otest.json'.
2026-01-05T01:22:06.0492550Z Sucessfully added values ['val3', 'the fate of shard'] to subkeys ['sk3', 'sk4'], respectively.
2026-01-05T01:22:06.0492930Z [key_multivalue_storage.py]  Load.values: DEBUG: file_path=otest.json
2026-01-05T01:22:06.0493380Z [key_multivalue_storage.py]  Load.values: DEBUG: key=test_top_level_key2
2026-01-05T01:22:06.0493680Z [key_multivalue_storage.py]  Load.values: DEBUG: keys=True
2026-01-05T01:22:06.0493950Z [key_multivalue_storage.py]  Load.values: DEBUG: raw=False
2026-01-05T01:22:06.0494610Z [key_multivalue_storage.py]  Load.values: DEBUG: loaded_data={'test_top_level_key': {'sk1': 23724622312, 'sk2': 240225226233226243226241234224226223242234}, 'test_top_level_key2': {'sk3': 23724622314, 'sk4': 234232242241235246234242241224235241240232246239243}}
2026-01-05T01:22:06.0495320Z [key_multivalue_storage.py]  Load.values: DEBUG: key in loaded_data? True
2026-01-05T01:22:06.0495810Z [key_multivalue_storage.py]  Load.values: DEBUG: dict_to_load={'test_top_level_key2': {'sk3': 23724622314, 'sk4': 234232242241235246234242241224235241240232246239243}}
2026-01-05T01:22:06.0496920Z [key_multivalue_storage.py]  _from_dict: DEBUG: data_dict={'test_top_level_key2': {'sk3': 23724622314, 'sk4': 234232242241235246234242241224235241240232246239243}}
2026-01-05T01:22:06.0498540Z [key_multivalue_storage.py]  _from_dict: DEBUG: data_dict=False
2026-01-05T01:22:06.0499320Z [key_multivalue_storage.py]  _decode: DEBUG: totalchars 2
2026-01-05T01:22:06.0500070Z [key_multivalue_storage.py]  _decode: DEBUG: currentchar=37
2026-01-05T01:22:06.0500870Z [key_multivalue_storage.py]  _decode: DEBUG: totalchars 2
2026-01-05T01:22:06.0501260Z [key_multivalue_storage.py]  _decode: DEBUG: currentchar=46
2026-01-05T01:22:06.0501560Z [key_multivalue_storage.py]  _decode: DEBUG: totalchars 2
2026-01-05T01:22:06.0501830Z [key_multivalue_storage.py]  _decode: DEBUG: currentchar=23
2026-01-05T01:22:06.0502120Z [key_multivalue_storage.py]  _decode: DEBUG: totalchars 1
2026-01-05T01:22:06.0502470Z [key_multivalue_storage.py]  _decode: DEBUG: currentchar=4
2026-01-05T01:22:06.0503560Z [key_multivalue_storage.py]  _decode: DEBUG: totalchars 2
2026-01-05T01:22:06.0503830Z [key_multivalue_storage.py]  _decode: DEBUG: currentchar=34
2026-01-05T01:22:06.0504100Z [key_multivalue_storage.py]  _decode: DEBUG: totalchars 2
2026-01-05T01:22:06.0504380Z [key_multivalue_storage.py]  _decode: DEBUG: currentchar=32
2026-01-05T01:22:06.0504720Z [key_multivalue_storage.py]  _decode: DEBUG: totalchars 2
2026-01-05T01:22:06.0505040Z [key_multivalue_storage.py]  _decode: DEBUG: currentchar=42
2026-01-05T01:22:06.0505330Z [key_multivalue_storage.py]  _decode: DEBUG: totalchars 2
2026-01-05T01:22:06.0505640Z [key_multivalue_storage.py]  _decode: DEBUG: currentchar=41
2026-01-05T01:22:06.0505930Z [key_multivalue_storage.py]  _decode: DEBUG: totalchars 2
2026-01-05T01:22:06.0506230Z [key_multivalue_storage.py]  _decode: DEBUG: currentchar=35
2026-01-05T01:22:06.0506530Z [key_multivalue_storage.py]  _decode: DEBUG: totalchars 2
2026-01-05T01:22:06.0506790Z [key_multivalue_storage.py]  _decode: DEBUG: currentchar=46
2026-01-05T01:22:06.0507050Z [key_multivalue_storage.py]  _decode: DEBUG: totalchars 2
2026-01-05T01:22:06.0507310Z [key_multivalue_storage.py]  _decode: DEBUG: currentchar=34
2026-01-05T01:22:06.0507570Z [key_multivalue_storage.py]  _decode: DEBUG: totalchars 2
2026-01-05T01:22:06.0507830Z [key_multivalue_storage.py]  _decode: DEBUG: currentchar=42
2026-01-05T01:22:06.0508460Z [key_multivalue_storage.py]  _decode: DEBUG: totalchars 2
2026-01-05T01:22:06.0508730Z [key_multivalue_storage.py]  _decode: DEBUG: currentchar=41
2026-01-05T01:22:06.0508990Z [key_multivalue_storage.py]  _decode: DEBUG: totalchars 2
2026-01-05T01:22:06.0509250Z [key_multivalue_storage.py]  _decode: DEBUG: currentchar=24
2026-01-05T01:22:06.0509510Z [key_multivalue_storage.py]  _decode: DEBUG: totalchars 2
2026-01-05T01:22:06.0509780Z [key_multivalue_storage.py]  _decode: DEBUG: currentchar=35
2026-01-05T01:22:06.0510080Z [key_multivalue_storage.py]  _decode: DEBUG: totalchars 2
2026-01-05T01:22:06.0510430Z [key_multivalue_storage.py]  _decode: DEBUG: currentchar=41
2026-01-05T01:22:06.0510740Z [key_multivalue_storage.py]  _decode: DEBUG: totalchars 2
2026-01-05T01:22:06.0511030Z [key_multivalue_storage.py]  _decode: DEBUG: currentchar=40
2026-01-05T01:22:06.0511350Z [key_multivalue_storage.py]  _decode: DEBUG: totalchars 2
2026-01-05T01:22:06.0511630Z [key_multivalue_storage.py]  _decode: DEBUG: currentchar=32
2026-01-05T01:22:06.0512160Z [key_multivalue_storage.py]  _decode: DEBUG: totalchars 2
2026-01-05T01:22:06.0512490Z [key_multivalue_storage.py]  _decode: DEBUG: currentchar=46
2026-01-05T01:22:06.0512790Z [key_multivalue_storage.py]  _decode: DEBUG: totalchars 2
2026-01-05T01:22:06.0513080Z [key_multivalue_storage.py]  _decode: DEBUG: currentchar=39
2026-01-05T01:22:06.0513370Z [key_multivalue_storage.py]  _decode: DEBUG: totalchars 2
2026-01-05T01:22:06.0513670Z [key_multivalue_storage.py]  _decode: DEBUG: currentchar=43
2026-01-05T01:22:06.0514110Z [key_multivalue_storage.py]  __setattr__: INFO: Attempting to set 'instance_id' to '077d3207-2a9c-4f4e-a3f7-987f8c53f260'
2026-01-05T01:22:06.0515020Z [key_multivalue_storage.py]  __setattr__: INFO: Attempting to set 'key' to 'test_top_level_key2'
2026-01-05T01:22:06.0515550Z [key_multivalue_storage.py]  __setattr__: INFO: Attempting to set 'values' to '{'sk3': 'val3', 'sk4': 'the fate of shard'}'
2026-01-05T01:22:06.0516010Z [key_multivalue_storage.py]  Load.values: DEBUG: items.append(f'sk3: val3')
2026-01-05T01:22:06.0516430Z [key_multivalue_storage.py]  Load.values: DEBUG: items.append(f'sk4: the fate of shard')
2026-01-05T01:22:06.0517080Z [key_multivalue_storage.py]  Load.values: DEBUG: file_path=otest.json
2026-01-05T01:22:06.0517420Z [key_multivalue_storage.py]  Load.values: DEBUG: key=test_top_level_key2
2026-01-05T01:22:06.0518320Z [key_multivalue_storage.py]  Load.values: DEBUG: keys=False
2026-01-05T01:22:06.0518620Z [key_multivalue_storage.py]  Load.values: DEBUG: raw=False
2026-01-05T01:22:06.0519310Z [key_multivalue_storage.py]  Load.values: DEBUG: loaded_data={'test_top_level_key': {'sk1': 23724622312, 'sk2': 240225226233226243226241234224226223242234}, 'test_top_level_key2': {'sk3': 23724622314, 'sk4': 234232242241235246234242241224235241240232246239243}}
2026-01-05T01:22:06.0520170Z [key_multivalue_storage.py]  Load.values: DEBUG: key in loaded_data? True
2026-01-05T01:22:06.0520770Z [key_multivalue_storage.py]  Load.values: DEBUG: dict_to_load={'test_top_level_key2': {'sk3': 23724622314, 'sk4': 234232242241235246234242241224235241240232246239243}}
2026-01-05T01:22:06.0521430Z [key_multivalue_storage.py]  _from_dict: DEBUG: data_dict={'test_top_level_key2': {'sk3': 23724622314, 'sk4': 234232242241235246234242241224235241240232246239243}}
2026-01-05T01:22:06.0522340Z [key_multivalue_storage.py]  _from_dict: DEBUG: data_dict=False
2026-01-05T01:22:06.0522640Z [key_multivalue_storage.py]  _decode: DEBUG: totalchars 2
2026-01-05T01:22:06.0522910Z [key_multivalue_storage.py]  _decode: DEBUG: currentchar=37
2026-01-05T01:22:06.0523190Z [key_multivalue_storage.py]  _decode: DEBUG: totalchars 2
2026-01-05T01:22:06.0523460Z [key_multivalue_storage.py]  _decode: DEBUG: currentchar=46
2026-01-05T01:22:06.0523720Z [key_multivalue_storage.py]  _decode: DEBUG: totalchars 2
2026-01-05T01:22:06.0523990Z [key_multivalue_storage.py]  _decode: DEBUG: currentchar=23
2026-01-05T01:22:06.0524250Z [key_multivalue_storage.py]  _decode: DEBUG: totalchars 1
2026-01-05T01:22:06.0524990Z [key_multivalue_storage.py]  _decode: DEBUG: currentchar=4
2026-01-05T01:22:06.0525260Z [key_multivalue_storage.py]  _decode: DEBUG: totalchars 2
2026-01-05T01:22:06.0525530Z [key_multivalue_storage.py]  _decode: DEBUG: currentchar=34
2026-01-05T01:22:06.0525790Z [key_multivalue_storage.py]  _decode: DEBUG: totalchars 2
2026-01-05T01:22:06.0526360Z [key_multivalue_storage.py]  _decode: DEBUG: currentchar=32
2026-01-05T01:22:06.0526650Z [key_multivalue_storage.py]  _decode: DEBUG: totalchars 2
2026-01-05T01:22:06.0526920Z [key_multivalue_storage.py]  _decode: DEBUG: currentchar=42
2026-01-05T01:22:06.0527190Z [key_multivalue_storage.py]  _decode: DEBUG: totalchars 2
2026-01-05T01:22:06.0527460Z [key_multivalue_storage.py]  _decode: DEBUG: currentchar=41
2026-01-05T01:22:06.0527720Z [key_multivalue_storage.py]  _decode: DEBUG: totalchars 2
2026-01-05T01:22:06.0527980Z [key_multivalue_storage.py]  _decode: DEBUG: currentchar=35
2026-01-05T01:22:06.0528250Z [key_multivalue_storage.py]  _decode: DEBUG: totalchars 2
2026-01-05T01:22:06.0528520Z [key_multivalue_storage.py]  _decode: DEBUG: currentchar=46
2026-01-05T01:22:06.0528790Z [key_multivalue_storage.py]  _decode: DEBUG: totalchars 2
2026-01-05T01:22:06.0529060Z [key_multivalue_storage.py]  _decode: DEBUG: currentchar=34
2026-01-05T01:22:06.0529320Z [key_multivalue_storage.py]  _decode: DEBUG: totalchars 2
2026-01-05T01:22:06.0529590Z [key_multivalue_storage.py]  _decode: DEBUG: currentchar=42
2026-01-05T01:22:06.0529860Z [key_multivalue_storage.py]  _decode: DEBUG: totalchars 2
2026-01-05T01:22:06.0530130Z [key_multivalue_storage.py]  _decode: DEBUG: currentchar=41
2026-01-05T01:22:06.0530640Z [key_multivalue_storage.py]  _decode: DEBUG: totalchars 2
2026-01-05T01:22:06.0530900Z [key_multivalue_storage.py]  _decode: DEBUG: currentchar=24
2026-01-05T01:22:06.0531170Z [key_multivalue_storage.py]  _decode: DEBUG: totalchars 2
2026-01-05T01:22:06.0531420Z [key_multivalue_storage.py]  _decode: DEBUG: currentchar=35
2026-01-05T01:22:06.0531690Z [key_multivalue_storage.py]  _decode: DEBUG: totalchars 2
2026-01-05T01:22:06.0531960Z [key_multivalue_storage.py]  _decode: DEBUG: currentchar=41
2026-01-05T01:22:06.0532220Z [key_multivalue_storage.py]  _decode: DEBUG: totalchars 2
2026-01-05T01:22:06.0532490Z [key_multivalue_storage.py]  _decode: DEBUG: currentchar=40
2026-01-05T01:22:06.0532750Z [key_multivalue_storage.py]  _decode: DEBUG: totalchars 2
2026-01-05T01:22:06.0533010Z [key_multivalue_storage.py]  _decode: DEBUG: currentchar=32
2026-01-05T01:22:06.0533270Z [key_multivalue_storage.py]  _decode: DEBUG: totalchars 2
2026-01-05T01:22:06.0533530Z [key_multivalue_storage.py]  _decode: DEBUG: currentchar=46
2026-01-05T01:22:06.0533800Z [key_multivalue_storage.py]  _decode: DEBUG: totalchars 2
2026-01-05T01:22:06.0534100Z [key_multivalue_storage.py]  _decode: DEBUG: currentchar=39
2026-01-05T01:22:06.0534390Z [key_multivalue_storage.py]  _decode: DEBUG: totalchars 2
2026-01-05T01:22:06.0534680Z [key_multivalue_storage.py]  _decode: DEBUG: currentchar=43
2026-01-05T01:22:06.0535130Z [key_multivalue_storage.py]  __setattr__: INFO: Attempting to set 'instance_id' to 'a189fc19-8e8a-426b-9896-c901b01a3b3d'
2026-01-05T01:22:06.0535660Z [key_multivalue_storage.py]  __setattr__: INFO: Attempting to set 'key' to 'test_top_level_key2'
2026-01-05T01:22:06.0536180Z [key_multivalue_storage.py]  __setattr__: INFO: Attempting to set 'values' to '{'sk3': 'val3', 'sk4': 'the fate of shard'}'
2026-01-05T01:22:06.0536650Z [key_multivalue_storage.py]  Load.values: DEBUG: items.append(val3)
2026-01-05T01:22:06.0537040Z [key_multivalue_storage.py]  Load.values: DEBUG: items.append(the fate of shard)
2026-01-05T01:22:06.0537600Z [key_multivalue_storage.py]  _from_dict: DEBUG: data_dict={'test_top_level_key': {'sk1': 23724622312, 'sk2': 240225226233226243226241234224226223242234}}
2026-01-05T01:22:06.0538110Z [key_multivalue_storage.py]  _from_dict: DEBUG: data_dict=False
2026-01-05T01:22:06.0538430Z [key_multivalue_storage.py]  _decode: DEBUG: totalchars 2
2026-01-05T01:22:06.0538920Z [key_multivalue_storage.py]  _decode: DEBUG: currentchar=37
2026-01-05T01:22:06.0539200Z [key_multivalue_storage.py]  _decode: DEBUG: totalchars 2
2026-01-05T01:22:06.0539460Z [key_multivalue_storage.py]  _decode: DEBUG: currentchar=46
2026-01-05T01:22:06.0539720Z [key_multivalue_storage.py]  _decode: DEBUG: totalchars 2
2026-01-05T01:22:06.0539980Z [key_multivalue_storage.py]  _decode: DEBUG: currentchar=23
2026-01-05T01:22:06.0540240Z [key_multivalue_storage.py]  _decode: DEBUG: totalchars 1
2026-01-05T01:22:06.0540500Z [key_multivalue_storage.py]  _decode: DEBUG: currentchar=2
2026-01-05T01:22:06.0540760Z [key_multivalue_storage.py]  _decode: DEBUG: totalchars 2
2026-01-05T01:22:06.0541020Z [key_multivalue_storage.py]  _decode: DEBUG: currentchar=40
2026-01-05T01:22:06.0541290Z [key_multivalue_storage.py]  _decode: DEBUG: totalchars 2
2026-01-05T01:22:06.0541550Z [key_multivalue_storage.py]  _decode: DEBUG: currentchar=25
2026-01-05T01:22:06.0541810Z [key_multivalue_storage.py]  _decode: DEBUG: totalchars 2
2026-01-05T01:22:06.0542080Z [key_multivalue_storage.py]  _decode: DEBUG: currentchar=26
2026-01-05T01:22:06.0542340Z [key_multivalue_storage.py]  _decode: DEBUG: totalchars 2
2026-01-05T01:22:06.0542600Z [key_multivalue_storage.py]  _decode: DEBUG: currentchar=33
2026-01-05T01:22:06.0542860Z [key_multivalue_storage.py]  _decode: DEBUG: totalchars 2
2026-01-05T01:22:06.0543370Z [key_multivalue_storage.py]  _decode: DEBUG: currentchar=26
2026-01-05T01:22:06.0543660Z [key_multivalue_storage.py]  _decode: DEBUG: totalchars 2
2026-01-05T01:22:06.0543940Z [key_multivalue_storage.py]  _decode: DEBUG: currentchar=43
2026-01-05T01:22:06.0544400Z [key_multivalue_storage.py]  _decode: DEBUG: totalchars 2
2026-01-05T01:22:06.0544680Z [key_multivalue_storage.py]  _decode: DEBUG: currentchar=26
2026-01-05T01:22:06.0544960Z [key_multivalue_storage.py]  _decode: DEBUG: totalchars 2
2026-01-05T01:22:06.0545230Z [key_multivalue_storage.py]  _decode: DEBUG: currentchar=41
2026-01-05T01:22:06.0545530Z [key_multivalue_storage.py]  _decode: DEBUG: totalchars 2
2026-01-05T01:22:06.0545800Z [key_multivalue_storage.py]  _decode: DEBUG: currentchar=34
2026-01-05T01:22:06.0546190Z [key_multivalue_storage.py]  _decode: DEBUG: totalchars 2
2026-01-05T01:22:06.0546560Z [key_multivalue_storage.py]  _decode: DEBUG: currentchar=24
2026-01-05T01:22:06.0546830Z [key_multivalue_storage.py]  _decode: DEBUG: totalchars 2
2026-01-05T01:22:06.0547110Z [key_multivalue_storage.py]  _decode: DEBUG: currentchar=26
2026-01-05T01:22:06.0547400Z [key_multivalue_storage.py]  _decode: DEBUG: totalchars 2
2026-01-05T01:22:06.0547670Z [key_multivalue_storage.py]  _decode: DEBUG: currentchar=23
2026-01-05T01:22:06.0547950Z [key_multivalue_storage.py]  _decode: DEBUG: totalchars 2
2026-01-05T01:22:06.0548240Z [key_multivalue_storage.py]  _decode: DEBUG: currentchar=42
2026-01-05T01:22:06.0548520Z [key_multivalue_storage.py]  _decode: DEBUG: totalchars 2
2026-01-05T01:22:06.0548800Z [key_multivalue_storage.py]  _decode: DEBUG: currentchar=34
2026-01-05T01:22:06.0556700Z [key_multivalue_storage.py]  __setattr__: INFO: Attempting to set 'instance_id' to 'c477ef2e-36a3-4db6-9588-2f6f1d0766a6'
2026-01-05T01:22:06.0557190Z [key_multivalue_storage.py]  __setattr__: INFO: Attempting to set 'key' to 'test_top_level_key'
2026-01-05T01:22:06.0557650Z [key_multivalue_storage.py]  __setattr__: INFO: Attempting to set 'values' to '{'sk1': 'val1', 'sk2': 'skibidi toilet'}'
2026-01-05T01:22:06.0558150Z [key_multivalue_storage.py]  __store: INFO: Data for key 'test_top_level_key' stored successfully in 'otest.json'.
2026-01-05T01:22:06.0558700Z [key_multivalue_storage.py]  Edit.propval: INFO: Sucessfully changed value skibidi toilet to sigma under key test_top_level_key.sk2.
2026-01-05T01:22:06.0559110Z Sucessfully set subkey sk2 to value sigma.
2026-01-05T01:22:06.0559380Z [key_multivalue_storage.py]  Load.values: DEBUG: file_path=otest.json
2026-01-05T01:22:06.0559710Z [key_multivalue_storage.py]  Load.values: DEBUG: key=test_top_level_key
2026-01-05T01:22:06.0560420Z [key_multivalue_storage.py]  Load.values: DEBUG: keys=True
2026-01-05T01:22:06.0560690Z [key_multivalue_storage.py]  Load.values: DEBUG: raw=False
2026-01-05T01:22:06.0561250Z [key_multivalue_storage.py]  Load.values: DEBUG: loaded_data={'test_top_level_key': {'sk1': 'val1', 'sk2': 'sigma'}, 'test_top_level_key2': {'sk3': 23724622314, 'sk4': 234232242241235246234242241224235241240232246239243}}
2026-01-05T01:22:06.0561830Z [key_multivalue_storage.py]  Load.values: DEBUG: key in loaded_data? True
2026-01-05T01:22:06.0562250Z [key_multivalue_storage.py]  Load.values: DEBUG: dict_to_load={'test_top_level_key': {'sk1': 'val1', 'sk2': 'sigma'}}
2026-01-05T01:22:06.0562740Z [key_multivalue_storage.py]  _from_dict: DEBUG: data_dict={'test_top_level_key': {'sk1': 'val1', 'sk2': 'sigma'}}
2026-01-05T01:22:06.0563130Z [key_multivalue_storage.py]  _from_dict: DEBUG: data_dict=False
2026-01-05T01:22:06.0563540Z [key_multivalue_storage.py]  __setattr__: INFO: Attempting to set 'instance_id' to 'ae40031d-b881-42ac-a7fa-2d30b7fa83f1'
2026-01-05T01:22:06.0564010Z [key_multivalue_storage.py]  __setattr__: INFO: Attempting to set 'key' to 'test_top_level_key'
2026-01-05T01:22:06.0564450Z [key_multivalue_storage.py]  __setattr__: INFO: Attempting to set 'values' to '{'sk1': 'val1', 'sk2': 'sigma'}'
2026-01-05T01:22:06.0564860Z [key_multivalue_storage.py]  Load.values: DEBUG: items.append(f'sk1: val1')
2026-01-05T01:22:06.0565210Z [key_multivalue_storage.py]  Load.values: DEBUG: items.append(f'sk2: sigma')
2026-01-05T01:22:06.0565660Z [key_multivalue_storage.py]  Delete.by_key: DEBUG: loaded_data.keys()=dict_keys(['test_top_level_key', 'test_top_level_key2'])
2026-01-05T01:22:06.0566530Z [key_multivalue_storage.py]  Delete.by_key: DEBUG: loaded_data.values()=dict_values([{'sk1': 'val1', 'sk2': 'sigma'}, {'sk3': 23724622314, 'sk4': 234232242241235246234242241224235241240232246239243}])
2026-01-05T01:22:06.0567340Z [key_multivalue_storage.py]  Delete.by_key: DEBUG: loaded_data={'test_top_level_key': {'sk1': 'val1', 'sk2': 'sigma'}, 'test_top_level_key2': {'sk3': 23724622314, 'sk4': 234232242241235246234242241224235241240232246239243}}
2026-01-05T01:22:06.0568030Z [key_multivalue_storage.py]  Delete.by_key: INFO: Successfully deleted key 'test_top_level_key2' from 'otest.json'.
2026-01-05T01:22:06.0568460Z Sucessfully deleted key test_top_level_key2 and all its child data.
2026-01-05T01:22:06.0568830Z [key_multivalue_storage.py]  Delete.all: INFO: Deleted all data from otest.json sucessfully.
2026-01-05T01:22:06.0569150Z Sucessfully deleted all data from otest.json.
2026-01-05T01:22:06.0569340Z Part 1 passed.
2026-01-05T01:22:06.0569470Z --------------------
2026-01-05T01:22:06.0569660Z Part 2: Storing, Editing, and Deleting via dunder methods
2026-01-05T01:22:06.0569890Z --------------------
2026-01-05T01:22:06.0570220Z [key_multivalue_storage.py]  __setattr__: INFO: Attempting to set 'instance_id' to '14321cb7-1f41-4328-8248-0188df82a063'
2026-01-05T01:22:06.0570690Z [key_multivalue_storage.py]  __setattr__: INFO: Attempting to set 'key' to 'test1'
2026-01-05T01:22:06.0571140Z [key_multivalue_storage.py]  __setattr__: INFO: Attempting to set 'values' to '{'sk1': 'val1', 'sk2': 'val2'}'
2026-01-05T01:22:06.0571650Z [key_multivalue_storage.py]  __setattr__: INFO: Attempting to set 'instance_id' to 'ead1c66a-bec7-46f1-812f-597e6585fe9c'
2026-01-05T01:22:06.0572140Z [key_multivalue_storage.py]  __setattr__: INFO: Attempting to set 'key' to 'test1'
2026-01-05T01:22:06.0572600Z [key_multivalue_storage.py]  __setattr__: INFO: Attempting to set 'values' to '{'sk4': 'val1', 'sk6': 'val2', 'sk3': 'val3'}'
2026-01-05T01:22:06.0573130Z [key_multivalue_storage.py]  __setattr__: INFO: Attempting to set 'instance_id' to 'cc19ce0a-00b9-4770-b779-5cf756cc94d1'
2026-01-05T01:22:06.0573580Z [key_multivalue_storage.py]  __setattr__: INFO: Attempting to set 'key' to 'test2'
2026-01-05T01:22:06.0574020Z [key_multivalue_storage.py]  __setattr__: INFO: Attempting to set 'values' to '{'sk4': 'val1', 'sk6': 'val2', 'sk3': 'val3'}'
2026-01-05T01:22:06.0574370Z Part 2.1: Comparisons
2026-01-05T01:22:06.0574760Z Part 2.1 passed.
2026-01-05T01:22:06.0574960Z -----
2026-01-05T01:22:06.0575080Z Part 2.2: Arithmetic
2026-01-05T01:22:06.0575400Z [key_multivalue_storage.py]  __setattr__: INFO: Attempting to set 'instance_id' to '4dcf6cba-6c89-472d-b4a1-9dfc1efc4c95'
2026-01-05T01:22:06.0575880Z [key_multivalue_storage.py]  __setattr__: INFO: Attempting to set 'key' to 'test1'
2026-01-05T01:22:06.0576340Z [key_multivalue_storage.py]  __setattr__: INFO: Attempting to set 'values' to '{'sk1': 'val1', 'sk2': 'val2', 'sk7': '67', 'sk8': 'hehe'}'
2026-01-05T01:22:06.0576900Z [key_multivalue_storage.py]  __setattr__: INFO: Attempting to set 'instance_id' to '90b73272-b5c8-47cc-b36f-74f40514c23b'
2026-01-05T01:22:06.0577380Z [key_multivalue_storage.py]  __setattr__: INFO: Attempting to set 'key' to 'test1'
2026-01-05T01:22:06.0577940Z [key_multivalue_storage.py]  __setattr__: INFO: Attempting to set 'values' to '{'sk1': 'val1', 'sk2': 'val2', 'sk7': '67', 'sk8': 'hehe', 'sk4': 'val1', 'sk6': 'val2', 'sk3': 'val3'}'
2026-01-05T01:22:06.0578580Z [key_multivalue_storage.py]  __setattr__: INFO: Attempting to set 'instance_id' to '137d3d21-c13f-491b-be33-da20c07c655a'
2026-01-05T01:22:06.0579040Z [key_multivalue_storage.py]  __setattr__: INFO: Attempting to set 'key' to 'test1'
2026-01-05T01:22:06.0579460Z [key_multivalue_storage.py]  __setattr__: INFO: Attempting to set 'values' to '{'sk1': 'val1', 'sk2': 'val2'}'
2026-01-05T01:22:06.0579950Z [key_multivalue_storage.py]  __setattr__: INFO: Attempting to set 'instance_id' to '2d730856-de99-46b4-8ee4-3cc7c7c8512f'
2026-01-05T01:22:06.0580410Z [key_multivalue_storage.py]  __setattr__: INFO: Attempting to set 'key' to 'test1'
2026-01-05T01:22:06.0581980Z [key_multivalue_storage.py]  __setattr__: INFO: Attempting to set 'values' to '{'sk1': 'val1', 'sk2': 'val2', 'sk4': 'val1', 'sk6': 'val2', 'sk3': 'val3'}'
2026-01-05T01:22:06.0582720Z [key_multivalue_storage.py]  __setattr__: INFO: Attempting to set 'instance_id' to 'a5cc3e91-9f51-4fcf-bedd-0749e80efcdf'
2026-01-05T01:22:06.0583420Z [key_multivalue_storage.py]  __setattr__: INFO: Attempting to set 'key' to 'test1'
2026-01-05T01:22:06.0583860Z [key_multivalue_storage.py]  __setattr__: INFO: Attempting to set 'values' to '{'sk1': 'val1', 'sk2': 'val2'}'
2026-01-05T01:22:06.0584410Z [key_multivalue_storage.py]  __setattr__: INFO: Attempting to set 'instance_id' to 'ae3041ad-6e31-484f-ac2d-60dcb41e3938'
2026-01-05T01:22:06.0584880Z [key_multivalue_storage.py]  __setattr__: INFO: Attempting to set 'key' to 'test1'
2026-01-05T01:22:06.0585390Z [key_multivalue_storage.py]  __setattr__: INFO: Attempting to set 'values' to '{'sk1': 'val1', 'sk2': 'val2', 'undefined': ['val1', 'val2']}'
2026-01-05T01:22:06.0586030Z [key_multivalue_storage.py]  __setattr__: INFO: Attempting to set 'instance_id' to '3840b18b-69a3-423f-8db2-ce2fafaf9245'
2026-01-05T01:22:06.0586510Z [key_multivalue_storage.py]  __setattr__: INFO: Attempting to set 'key' to 'test1'
2026-01-05T01:22:06.0586950Z [key_multivalue_storage.py]  __setattr__: INFO: Attempting to set 'values' to '{'sk1': 'val1', 'sk2': 'val2'}'
2026-01-05T01:22:06.0587480Z [key_multivalue_storage.py]  __setattr__: INFO: Attempting to set 'instance_id' to '8775052d-de33-4e90-95ac-e01e2db6bd4a'
2026-01-05T01:22:06.0587930Z [key_multivalue_storage.py]  __setattr__: INFO: Attempting to set 'key' to 'test1'
2026-01-05T01:22:06.0588360Z [key_multivalue_storage.py]  __setattr__: INFO: Attempting to set 'values' to '{'sk1': 'val1', 'sk2': 'val2'}'
2026-01-05T01:22:06.0588860Z [key_multivalue_storage.py]  __setattr__: INFO: Attempting to set 'instance_id' to 'fe6902e7-8fc1-4096-894d-e6e9f9f91480'
2026-01-05T01:22:06.0589300Z [key_multivalue_storage.py]  __setattr__: INFO: Attempting to set 'key' to 'test1'
2026-01-05T01:22:06.0589750Z [key_multivalue_storage.py]  __setattr__: INFO: Attempting to set 'values' to '{'sk4': 'val1', 'sk6': 'val2', 'sk3': 'val3'}'
2026-01-05T01:22:06.0590260Z [key_multivalue_storage.py]  __setattr__: INFO: Attempting to set 'instance_id' to 'e9abe720-5003-44bd-9233-aa1592accbd4'
2026-01-05T01:22:06.0590990Z [key_multivalue_storage.py]  __setattr__: INFO: Attempting to set 'key' to 'test1'
2026-01-05T01:22:06.0591440Z [key_multivalue_storage.py]  __setattr__: INFO: Attempting to set 'values' to '{'sk4': 'val1', 'sk6': 'val2', 'sk3': 'val3'}'
2026-01-05T01:22:06.0591990Z [key_multivalue_storage.py]  __setattr__: INFO: Attempting to set 'instance_id' to '73f6b180-95b6-41d1-83e0-f9ca2dc1ac8b'
2026-01-05T01:22:06.0592430Z [key_multivalue_storage.py]  __setattr__: INFO: Attempting to set 'key' to 'test1'
2026-01-05T01:22:06.0592830Z [key_multivalue_storage.py]  __setattr__: INFO: Attempting to set 'values' to '{'sk1': 'val1'}'
2026-01-05T01:22:06.0593300Z [key_multivalue_storage.py]  __setattr__: INFO: Attempting to set 'instance_id' to '83d761cf-043d-4d7e-b533-aead5d244050'
2026-01-05T01:22:06.0594010Z [key_multivalue_storage.py]  __setattr__: INFO: Attempting to set 'key' to 'test1'
2026-01-05T01:22:06.0594410Z [key_multivalue_storage.py]  __setattr__: INFO: Attempting to set 'values' to '{'sk2': 'val2'}'
2026-01-05T01:22:06.0594870Z [key_multivalue_storage.py]  __setattr__: INFO: Attempting to set 'instance_id' to '47892893-ea78-4a44-8e17-0835e957cce9'
2026-01-05T01:22:06.0595310Z [key_multivalue_storage.py]  __setattr__: INFO: Attempting to set 'key' to 'test1'
2026-01-05T01:22:06.0595730Z [key_multivalue_storage.py]  __setattr__: INFO: Attempting to set 'values' to '{'sk1': 'val1', 'sk2': 'val2'}'
2026-01-05T01:22:06.0596040Z Part 2.2 passed.
2026-01-05T01:22:06.0596170Z -----
2026-01-05T01:22:06.0596300Z Part 2.3: Bitwise Operators
2026-01-05T01:22:06.0596650Z [key_multivalue_storage.py]  __setattr__: INFO: Attempting to set 'instance_id' to '7ff5324d-31d5-4873-ad05-ec9aaf27f596'
2026-01-05T01:22:06.0597290Z [key_multivalue_storage.py]  __setattr__: INFO: Attempting to set 'key' to 'test1'
2026-01-05T01:22:06.0597750Z [key_multivalue_storage.py]  __setattr__: INFO: Attempting to set 'values' to '{'sk4': 'val1', 'sk6': 'val2', 'sk5': 'val3'}'
2026-01-05T01:22:06.0598270Z [key_multivalue_storage.py]  __setattr__: INFO: Attempting to set 'instance_id' to 'b1de91f8-139e-4e6d-a566-4c3160cc6a77'
2026-01-05T01:22:06.0598700Z [key_multivalue_storage.py]  __setattr__: INFO: Attempting to set 'key' to 'test1'
2026-01-05T01:22:06.0599130Z [key_multivalue_storage.py]  __setattr__: INFO: Attempting to set 'values' to '{'sk4': 'val1', 'sk6': 'val2', 'sk3': 'val3'}'
2026-01-05T01:22:06.0599640Z [key_multivalue_storage.py]  __setattr__: INFO: Attempting to set 'instance_id' to '0305049c-c90c-4d96-87a2-125b67aae0b7'
2026-01-05T01:22:06.0600070Z [key_multivalue_storage.py]  __setattr__: INFO: Attempting to set 'key' to 'test1'
2026-01-05T01:22:06.0600490Z [key_multivalue_storage.py]  __setattr__: INFO: Attempting to set 'values' to '{'sk4': 'val1', 'sk6': 'val2'}'
2026-01-05T01:22:06.0600980Z [key_multivalue_storage.py]  __setattr__: INFO: Attempting to set 'instance_id' to '9da1cb45-398d-404f-83c5-447d35c03d72'
2026-01-05T01:22:06.0601430Z [key_multivalue_storage.py]  __setattr__: INFO: Attempting to set 'key' to 'test1'
2026-01-05T01:22:06.0601840Z [key_multivalue_storage.py]  __setattr__: INFO: Attempting to set 'values' to '{'sk4': 'val1', 'sk6': 'val2'}'
2026-01-05T01:22:06.0602370Z [key_multivalue_storage.py]  __setattr__: INFO: Attempting to set 'instance_id' to '3d3eca5f-7cab-4d49-8b87-d871bfa79ad8'
2026-01-05T01:22:06.0602830Z [key_multivalue_storage.py]  __setattr__: INFO: Attempting to set 'key' to 'test1'
2026-01-05T01:22:06.0603290Z [key_multivalue_storage.py]  __setattr__: INFO: Attempting to set 'values' to '{'sk3': 'val3', 'sk4': 'val1', 'sk5': 'val3', 'sk6': 'val2'}'
2026-01-05T01:22:06.0603820Z [key_multivalue_storage.py]  __setattr__: INFO: Attempting to set 'instance_id' to '31fddf87-fa39-4a42-ae10-16678297efdf'
2026-01-05T01:22:06.0604250Z [key_multivalue_storage.py]  __setattr__: INFO: Attempting to set 'key' to 'test1'
2026-01-05T01:22:06.0604710Z [key_multivalue_storage.py]  __setattr__: INFO: Attempting to set 'values' to '{'sk3': 'val3', 'sk4': 'val1', 'sk5': 'val3', 'sk6': 'val2'}'
2026-01-05T01:22:06.0605420Z [key_multivalue_storage.py]  __setattr__: INFO: Attempting to set 'instance_id' to '8c0225b0-7868-44b7-9a51-9408e1c6103b'
2026-01-05T01:22:06.0606370Z [key_multivalue_storage.py]  __setattr__: INFO: Attempting to set 'key' to 'test1'
2026-01-05T01:22:06.0606860Z [key_multivalue_storage.py]  __setattr__: INFO: Attempting to set 'values' to '{'sk3': 'val3', 'sk4': 'val1', 'sk5': 'val3', 'sk6': 'val2'}'
2026-01-05T01:22:06.0607410Z [key_multivalue_storage.py]  __setattr__: INFO: Attempting to set 'instance_id' to '54326980-8f52-410c-a3b0-e208bd2e6ecf'
2026-01-05T01:22:06.0607850Z [key_multivalue_storage.py]  __setattr__: INFO: Attempting to set 'key' to 'test1'
2026-01-05T01:22:06.0608320Z [key_multivalue_storage.py]  __setattr__: INFO: Attempting to set 'values' to '{'sk3': 'val3', 'sk4': 'val1', 'sk5': 'val3', 'sk6': 'val2'}'
2026-01-05T01:22:06.0608850Z [key_multivalue_storage.py]  __setattr__: INFO: Attempting to set 'instance_id' to '8f69cdba-39b5-4fd7-8311-9b28d29982d1'
2026-01-05T01:22:06.0609290Z [key_multivalue_storage.py]  __setattr__: INFO: Attempting to set 'key' to 'test1'
2026-01-05T01:22:06.0609760Z [key_multivalue_storage.py]  __setattr__: INFO: Attempting to set 'values' to '{'sk3': 'val3', 'sk4': 'val1', 'sk5': 'val3', 'sk6': 'val2'}'
2026-01-05T01:22:06.0610280Z [key_multivalue_storage.py]  __setattr__: INFO: Attempting to set 'instance_id' to '19a9cc95-8ae0-41fd-a89d-81609942ce2e'
2026-01-05T01:22:06.0610730Z [key_multivalue_storage.py]  __setattr__: INFO: Attempting to set 'key' to 'test1'
2026-01-05T01:22:06.0611190Z [key_multivalue_storage.py]  __setattr__: INFO: Attempting to set 'values' to '{'sk3': 'val3', 'sk4': 'val1', 'sk5': 'val3', 'sk6': 'val2'}'
2026-01-05T01:22:06.0611900Z [key_multivalue_storage.py]  __setattr__: INFO: Attempting to set 'instance_id' to 'b1ad63e4-6a5e-452b-b717-ba51d950697d'
2026-01-05T01:22:06.0612330Z [key_multivalue_storage.py]  __setattr__: INFO: Attempting to set 'key' to 'test1'
2026-01-05T01:22:06.0612790Z [key_multivalue_storage.py]  __setattr__: INFO: Attempting to set 'values' to '{'sk3': 'val3', 'sk4': 'val1', 'sk5': 'val3', 'sk6': 'val2'}'
2026-01-05T01:22:06.0613320Z [key_multivalue_storage.py]  __setattr__: INFO: Attempting to set 'instance_id' to 'c8f7ee4a-360b-46b1-bb5a-78a51b20b868'
2026-01-05T01:22:06.0613770Z [key_multivalue_storage.py]  __setattr__: INFO: Attempting to set 'key' to 'test1'
2026-01-05T01:22:06.0614240Z [key_multivalue_storage.py]  __setattr__: INFO: Attempting to set 'values' to '{'sk3': 'val3', 'sk4': 'val1', 'sk5': 'val3', 'sk6': 'val2'}'
2026-01-05T01:22:06.0615240Z [key_multivalue_storage.py]  __setattr__: INFO: Attempting to set 'instance_id' to '37d17602-6426-4f04-b804-08b2ce510da6'
2026-01-05T01:22:06.0616470Z [key_multivalue_storage.py]  __setattr__: INFO: Attempting to set 'key' to 'test1'
2026-01-05T01:22:06.0617560Z [key_multivalue_storage.py]  __setattr__: INFO: Attempting to set 'values' to '{'sk3': 'val3', 'sk4': 'val1', 'sk5': 'val3', 'sk6': 'val2'}'
2026-01-05T01:22:06.0618170Z [key_multivalue_storage.py]  __setattr__: INFO: Attempting to set 'instance_id' to 'f4042b0b-0798-4362-bf37-0c56661dea37'
2026-01-05T01:22:06.0618660Z [key_multivalue_storage.py]  __setattr__: INFO: Attempting to set 'key' to 'test1'
2026-01-05T01:22:06.0619080Z [key_multivalue_storage.py]  __setattr__: INFO: Attempting to set 'values' to '{'sk5': 'val3', 'sk3': 'val3'}'
2026-01-05T01:22:06.0619580Z [key_multivalue_storage.py]  __setattr__: INFO: Attempting to set 'instance_id' to 'f20c58a6-a52c-495c-a52b-0ec6caf56f44'
2026-01-05T01:22:06.0620030Z [key_multivalue_storage.py]  __setattr__: INFO: Attempting to set 'key' to 'test1'
2026-01-05T01:22:06.0621530Z [key_multivalue_storage.py]  __setattr__: INFO: Attempting to set 'values' to '{'sk6': 'val2', 'sk3': 'val3'}'
2026-01-05T01:22:06.0622110Z [key_multivalue_storage.py]  __setattr__: INFO: Attempting to set 'instance_id' to '587df3c2-7c0f-4173-b432-42a229b5735f'
2026-01-05T01:22:06.0622580Z [key_multivalue_storage.py]  __setattr__: INFO: Attempting to set 'key' to 'test1'
2026-01-05T01:22:06.0623560Z [key_multivalue_storage.py]  __setattr__: INFO: Attempting to set 'values' to '{'sk4': 'val1'}'
2026-01-05T01:22:06.0623880Z Part 2.3 passed.
2026-01-05T01:22:06.0624010Z -----
2026-01-05T01:22:06.0624140Z Part 2.4: Collecting and Containing
2026-01-05T01:22:06.0624300Z 
2026-01-05T01:22:06.0624410Z Test passed sucessfully
2026-01-05T01:22:06.0758350Z Post job cleanup.
2026-01-05T01:22:06.2246580Z (node:2240) [DEP0040] DeprecationWarning: The `punycode` module is deprecated. Please use a userland alternative instead.
2026-01-05T01:22:06.2249210Z (Use `node --trace-deprecation ...` to show where the warning was created)
2026-01-05T01:22:06.2453580Z Post job cleanup.
2026-01-05T01:22:06.3574980Z [command]/opt/homebrew/bin/git version
2026-01-05T01:22:06.3663030Z git version 2.50.1
2026-01-05T01:22:06.3699100Z Copying '/Users/runner/.gitconfig' to '/Users/runner/work/_temp/7f820c50-2192-4dc2-a0f9-c214eaf001b6/.gitconfig'
2026-01-05T01:22:06.3706720Z Temporarily overriding HOME='/Users/runner/work/_temp/7f820c50-2192-4dc2-a0f9-c214eaf001b6' before making global git config changes
2026-01-05T01:22:06.3709570Z Adding repository directory to the temporary git global config as a safe directory
2026-01-05T01:22:06.3711190Z [command]/opt/homebrew/bin/git config --global --add safe.directory /Users/runner/work/scratchattach/scratchattach
2026-01-05T01:22:06.3789180Z Removing SSH command configuration
2026-01-05T01:22:06.3793100Z [command]/opt/homebrew/bin/git config --local --name-only --get-regexp core\.sshCommand
2026-01-05T01:22:06.3879310Z [command]/opt/homebrew/bin/git submodule foreach --recursive sh -c "git config --local --name-only --get-regexp 'core\.sshCommand' && git config --local --unset-all 'core.sshCommand' || :"
2026-01-05T01:22:06.5142370Z Removing HTTP extra header
2026-01-05T01:22:06.5146660Z [command]/opt/homebrew/bin/git config --local --name-only --get-regexp http\.https\:\/\/github\.com\/\.extraheader
2026-01-05T01:22:06.5235270Z [command]/opt/homebrew/bin/git submodule foreach --recursive sh -c "git config --local --name-only --get-regexp 'http\.https\:\/\/github\.com\/\.extraheader' && git config --local --unset-all 'http.https://github.com/.extraheader' || :"
2026-01-05T01:22:06.6596590Z Removing includeIf entries pointing to credentials config files
2026-01-05T01:22:06.6612690Z [command]/opt/homebrew/bin/git config --local --name-only --get-regexp ^includeIf\.gitdir:
2026-01-05T01:22:06.6709330Z includeif.gitdir:/Users/runner/work/scratchattach/scratchattach/.git.path
2026-01-05T01:22:06.6712830Z includeif.gitdir:/Users/runner/work/scratchattach/scratchattach/.git/worktrees/*.path
2026-01-05T01:22:06.6713640Z includeif.gitdir:/github/workspace/.git.path
2026-01-05T01:22:06.6714100Z includeif.gitdir:/github/workspace/.git/worktrees/*.path
2026-01-05T01:22:06.6717760Z [command]/opt/homebrew/bin/git config --local --get-all includeif.gitdir:/Users/runner/work/scratchattach/scratchattach/.git.path
2026-01-05T01:22:06.6802450Z /Users/runner/work/_temp/git-credentials-d1f41aca-2ed1-42e1-b3f7-2ef24cc82b1c.config
2026-01-05T01:22:06.6824710Z [command]/opt/homebrew/bin/git config --local --unset includeif.gitdir:/Users/runner/work/scratchattach/scratchattach/.git.path /Users/runner/work/_temp/git-credentials-d1f41aca-2ed1-42e1-b3f7-2ef24cc82b1c.config
2026-01-05T01:22:06.6930940Z [command]/opt/homebrew/bin/git config --local --get-all includeif.gitdir:/Users/runner/work/scratchattach/scratchattach/.git/worktrees/*.path
2026-01-05T01:22:06.7063380Z /Users/runner/work/_temp/git-credentials-d1f41aca-2ed1-42e1-b3f7-2ef24cc82b1c.config
2026-01-05T01:22:06.7073010Z [command]/opt/homebrew/bin/git config --local --unset includeif.gitdir:/Users/runner/work/scratchattach/scratchattach/.git/worktrees/*.path /Users/runner/work/_temp/git-credentials-d1f41aca-2ed1-42e1-b3f7-2ef24cc82b1c.config
2026-01-05T01:22:06.7150600Z [command]/opt/homebrew/bin/git config --local --get-all includeif.gitdir:/github/workspace/.git.path
2026-01-05T01:22:06.7264510Z /github/runner_temp/git-credentials-d1f41aca-2ed1-42e1-b3f7-2ef24cc82b1c.config
2026-01-05T01:22:06.7274190Z [command]/opt/homebrew/bin/git config --local --unset includeif.gitdir:/github/workspace/.git.path /github/runner_temp/git-credentials-d1f41aca-2ed1-42e1-b3f7-2ef24cc82b1c.config
2026-01-05T01:22:06.7368030Z [command]/opt/homebrew/bin/git config --local --get-all includeif.gitdir:/github/workspace/.git/worktrees/*.path
2026-01-05T01:22:06.7499440Z /github/runner_temp/git-credentials-d1f41aca-2ed1-42e1-b3f7-2ef24cc82b1c.config
2026-01-05T01:22:06.7516850Z [command]/opt/homebrew/bin/git config --local --unset includeif.gitdir:/github/workspace/.git/worktrees/*.path /github/runner_temp/git-credentials-d1f41aca-2ed1-42e1-b3f7-2ef24cc82b1c.config
2026-01-05T01:22:06.7606250Z [command]/opt/homebrew/bin/git submodule foreach --recursive git config --local --show-origin --name-only --get-regexp remote.origin.url
2026-01-05T01:22:06.8715330Z Removing credentials config '/Users/runner/work/_temp/git-credentials-d1f41aca-2ed1-42e1-b3f7-2ef24cc82b1c.config'
2026-01-05T01:22:06.8847280Z Cleaning up orphan processes
