2025-11-03T03:18:17.9511085Z Current runner version: '2.329.0'
2025-11-03T03:18:17.9544044Z ##[group]Runner Image Provisioner
2025-11-03T03:18:17.9545225Z Hosted Compute Agent
2025-11-03T03:18:17.9546300Z Version: 20251016.436
2025-11-03T03:18:17.9547276Z Commit: 8ab8ac8bfd662a3739dab9fe09456aba92132568
2025-11-03T03:18:17.9548261Z Build Date: 2025-10-15T20:44:12Z
2025-11-03T03:18:17.9549156Z ##[endgroup]
2025-11-03T03:18:17.9549952Z ##[group]Operating System
2025-11-03T03:18:17.9550739Z Ubuntu
2025-11-03T03:18:17.9551401Z 24.04.3
2025-11-03T03:18:17.9552017Z LTS
2025-11-03T03:18:17.9552674Z ##[endgroup]
2025-11-03T03:18:17.9553412Z ##[group]Runner Image
2025-11-03T03:18:17.9554166Z Image: ubuntu-24.04
2025-11-03T03:18:17.9554893Z Version: 20251030.96.2
2025-11-03T03:18:17.9556739Z Included Software: https://github.com/actions/runner-images/blob/ubuntu24/20251030.96/images/ubuntu/Ubuntu2404-Readme.md
2025-11-03T03:18:17.9559073Z Image Release: https://github.com/actions/runner-images/releases/tag/ubuntu24%2F20251030.96
2025-11-03T03:18:17.9560648Z ##[endgroup]
2025-11-03T03:18:17.9562161Z ##[group]GITHUB_TOKEN Permissions
2025-11-03T03:18:17.9565222Z Contents: write
2025-11-03T03:18:17.9566156Z Metadata: read
2025-11-03T03:18:17.9566911Z ##[endgroup]
2025-11-03T03:18:17.9569820Z Secret source: Actions
2025-11-03T03:18:17.9571141Z Prepare workflow directory
2025-11-03T03:18:17.9954931Z Prepare all required actions
2025-11-03T03:18:18.0011871Z Getting action download info
2025-11-03T03:18:18.3644180Z Download action repository 'actions/checkout@v5.0.0' (SHA:08c6903cd8c0fde910a37f88322edcfb5dd907a8)
2025-11-03T03:18:18.5257706Z Download action repository 'actions/setup-python@v6.0.0' (SHA:e797f83bcb11b83ae66e0230d6156d7c80228e7c)
2025-11-03T03:18:18.6401282Z Download action repository 'bossOfCode/install-scratchattach@v1.0.3' (SHA:be17a7cf1ecb5a7040eb42ef26c2e1fbe72bb25a)
2025-11-03T03:18:19.0517522Z Complete job name: Run Prioritzing Handler
2025-11-03T03:18:19.1138486Z ##[group]Run actions/checkout@v5.0.0
2025-11-03T03:18:19.1139417Z with:
2025-11-03T03:18:19.1140001Z   ref: main
2025-11-03T03:18:19.1140492Z   repository: Boss-1s/scratchattach
2025-11-03T03:18:19.1141319Z   token: ***
2025-11-03T03:18:19.1141862Z   ssh-strict: true
2025-11-03T03:18:19.1142382Z   ssh-user: git
2025-11-03T03:18:19.1142905Z   persist-credentials: true
2025-11-03T03:18:19.1143487Z   clean: true
2025-11-03T03:18:19.1144020Z   sparse-checkout-cone-mode: true
2025-11-03T03:18:19.1144629Z   fetch-depth: 1
2025-11-03T03:18:19.1145186Z   fetch-tags: false
2025-11-03T03:18:19.1146001Z   show-progress: true
2025-11-03T03:18:19.1146524Z   lfs: false
2025-11-03T03:18:19.1146961Z   submodules: false
2025-11-03T03:18:19.1147520Z   set-safe-directory: true
2025-11-03T03:18:19.1148420Z ##[endgroup]
2025-11-03T03:18:19.2017362Z Syncing repository: Boss-1s/scratchattach
2025-11-03T03:18:19.2019396Z ##[group]Getting Git version info
2025-11-03T03:18:19.2020527Z Working directory is '/home/runner/work/scratchattach/scratchattach'
2025-11-03T03:18:19.2021754Z [command]/usr/bin/git version
2025-11-03T03:18:19.2058686Z git version 2.51.2
2025-11-03T03:18:19.2108496Z ##[endgroup]
2025-11-03T03:18:19.2121204Z Temporarily overriding HOME='/home/runner/work/_temp/042f1938-a7f8-4b6b-af57-8028f7dd5ea5' before making global git config changes
2025-11-03T03:18:19.2123406Z Adding repository directory to the temporary git global config as a safe directory
2025-11-03T03:18:19.2125774Z [command]/usr/bin/git config --global --add safe.directory /home/runner/work/scratchattach/scratchattach
2025-11-03T03:18:19.2157839Z Deleting the contents of '/home/runner/work/scratchattach/scratchattach'
2025-11-03T03:18:19.2160791Z ##[group]Initializing the repository
2025-11-03T03:18:19.2164888Z [command]/usr/bin/git init /home/runner/work/scratchattach/scratchattach
2025-11-03T03:18:19.2337680Z hint: Using 'master' as the name for the initial branch. This default branch name
2025-11-03T03:18:19.2339638Z hint: is subject to change. To configure the initial branch name to use in all
2025-11-03T03:18:19.2341141Z hint: of your new repositories, which will suppress this warning, call:
2025-11-03T03:18:19.2342603Z hint:
2025-11-03T03:18:19.2343483Z hint: 	git config --global init.defaultBranch <name>
2025-11-03T03:18:19.2344515Z hint:
2025-11-03T03:18:19.2345677Z hint: Names commonly chosen instead of 'master' are 'main', 'trunk' and
2025-11-03T03:18:19.2347269Z hint: 'development'. The just-created branch can be renamed via this command:
2025-11-03T03:18:19.2348023Z hint:
2025-11-03T03:18:19.2348437Z hint: 	git branch -m <name>
2025-11-03T03:18:19.2348914Z hint:
2025-11-03T03:18:19.2349590Z hint: Disable this message with "git config set advice.defaultBranchName false"
2025-11-03T03:18:19.2350618Z Initialized empty Git repository in /home/runner/work/scratchattach/scratchattach/.git/
2025-11-03T03:18:19.2352400Z [command]/usr/bin/git remote add origin https://github.com/Boss-1s/scratchattach
2025-11-03T03:18:19.2353972Z ##[endgroup]
2025-11-03T03:18:19.2354707Z ##[group]Disabling automatic garbage collection
2025-11-03T03:18:19.2355359Z [command]/usr/bin/git config --local gc.auto 0
2025-11-03T03:18:19.2356951Z ##[endgroup]
2025-11-03T03:18:19.2357628Z ##[group]Setting up auth
2025-11-03T03:18:19.2358324Z [command]/usr/bin/git config --local --name-only --get-regexp core\.sshCommand
2025-11-03T03:18:19.2360347Z [command]/usr/bin/git submodule foreach --recursive sh -c "git config --local --name-only --get-regexp 'core\.sshCommand' && git config --local --unset-all 'core.sshCommand' || :"
2025-11-03T03:18:19.2646467Z [command]/usr/bin/git config --local --name-only --get-regexp http\.https\:\/\/github\.com\/\.extraheader
2025-11-03T03:18:19.2669470Z [command]/usr/bin/git submodule foreach --recursive sh -c "git config --local --name-only --get-regexp 'http\.https\:\/\/github\.com\/\.extraheader' && git config --local --unset-all 'http.https://github.com/.extraheader' || :"
2025-11-03T03:18:19.2833280Z [command]/usr/bin/git config --local http.https://github.com/.extraheader AUTHORIZATION: basic ***
2025-11-03T03:18:19.2860647Z ##[endgroup]
2025-11-03T03:18:19.2861574Z ##[group]Fetching the repository
2025-11-03T03:18:19.2869778Z [command]/usr/bin/git -c protocol.version=2 fetch --no-tags --prune --no-recurse-submodules --depth=1 origin +refs/heads/main*:refs/remotes/origin/main* +refs/tags/main*:refs/tags/main*
2025-11-03T03:18:20.8936471Z From https://github.com/Boss-1s/scratchattach
2025-11-03T03:18:20.8937194Z  * [new branch]      main       -> origin/main
2025-11-03T03:18:20.8963153Z ##[endgroup]
2025-11-03T03:18:20.8963858Z ##[group]Determining the checkout info
2025-11-03T03:18:20.8970416Z [command]/usr/bin/git branch --list --remote origin/main
2025-11-03T03:18:20.8989602Z   origin/main
2025-11-03T03:18:20.8993185Z ##[endgroup]
2025-11-03T03:18:20.8997222Z [command]/usr/bin/git sparse-checkout disable
2025-11-03T03:18:20.9028655Z [command]/usr/bin/git config --local --unset-all extensions.worktreeConfig
2025-11-03T03:18:20.9049585Z ##[group]Checking out the ref
2025-11-03T03:18:20.9052339Z [command]/usr/bin/git checkout --progress --force -B main refs/remotes/origin/main
2025-11-03T03:18:21.2222929Z Switched to a new branch 'main'
2025-11-03T03:18:21.2223620Z branch 'main' set up to track 'origin/main'.
2025-11-03T03:18:21.2244788Z ##[endgroup]
2025-11-03T03:18:21.2279960Z [command]/usr/bin/git log -1 --format=%H
2025-11-03T03:18:21.2300071Z c08ba8d38a48a859997629e2e47b17bcbceb79d2
2025-11-03T03:18:21.2490943Z ##[group]Run actions/setup-python@v6.0.0
2025-11-03T03:18:21.2491221Z with:
2025-11-03T03:18:21.2491405Z   python-version: 3.13
2025-11-03T03:18:21.2491629Z   check-latest: false
2025-11-03T03:18:21.2492002Z   token: ***
2025-11-03T03:18:21.2492194Z   update-environment: true
2025-11-03T03:18:21.2492431Z   allow-prereleases: false
2025-11-03T03:18:21.2492653Z   freethreaded: false
2025-11-03T03:18:21.2492847Z ##[endgroup]
2025-11-03T03:18:21.3690173Z ##[group]Installed versions
2025-11-03T03:18:21.4730106Z (node:2127) [DEP0040] DeprecationWarning: The `punycode` module is deprecated. Please use a userland alternative instead.
2025-11-03T03:18:21.4731500Z (Use `node --trace-deprecation ...` to show where the warning was created)
2025-11-03T03:18:21.4732077Z Successfully set up CPython (3.13.9)
2025-11-03T03:18:21.4732774Z ##[endgroup]
2025-11-03T03:18:21.4844525Z ##[group]Run bossOfCode/install-scratchattach@v1.0.3
2025-11-03T03:18:21.4844840Z env:
2025-11-03T03:18:21.4845095Z   pythonLocation: /opt/hostedtoolcache/Python/3.13.9/x64
2025-11-03T03:18:21.4845680Z   PKG_CONFIG_PATH: /opt/hostedtoolcache/Python/3.13.9/x64/lib/pkgconfig
2025-11-03T03:18:21.4846061Z   Python_ROOT_DIR: /opt/hostedtoolcache/Python/3.13.9/x64
2025-11-03T03:18:21.4846396Z   Python2_ROOT_DIR: /opt/hostedtoolcache/Python/3.13.9/x64
2025-11-03T03:18:21.4846720Z   Python3_ROOT_DIR: /opt/hostedtoolcache/Python/3.13.9/x64
2025-11-03T03:18:21.4847061Z   LD_LIBRARY_PATH: /opt/hostedtoolcache/Python/3.13.9/x64/lib
2025-11-03T03:18:21.4847339Z ##[endgroup]
2025-11-03T03:18:21.4925725Z ##[group]Run python3 -m pip install --upgrade pip
2025-11-03T03:18:21.4926199Z [36;1mpython3 -m pip install --upgrade pip[0m
2025-11-03T03:18:21.5034927Z shell: /usr/bin/bash --noprofile --norc -e -o pipefail {0}
2025-11-03T03:18:21.5035257Z env:
2025-11-03T03:18:21.5035706Z   pythonLocation: /opt/hostedtoolcache/Python/3.13.9/x64
2025-11-03T03:18:21.5036098Z   PKG_CONFIG_PATH: /opt/hostedtoolcache/Python/3.13.9/x64/lib/pkgconfig
2025-11-03T03:18:21.5036472Z   Python_ROOT_DIR: /opt/hostedtoolcache/Python/3.13.9/x64
2025-11-03T03:18:21.5036806Z   Python2_ROOT_DIR: /opt/hostedtoolcache/Python/3.13.9/x64
2025-11-03T03:18:21.5037133Z   Python3_ROOT_DIR: /opt/hostedtoolcache/Python/3.13.9/x64
2025-11-03T03:18:21.5037463Z   LD_LIBRARY_PATH: /opt/hostedtoolcache/Python/3.13.9/x64/lib
2025-11-03T03:18:21.5037752Z ##[endgroup]
2025-11-03T03:18:26.7122723Z Requirement already satisfied: pip in /opt/hostedtoolcache/Python/3.13.9/x64/lib/python3.13/site-packages (25.3)
2025-11-03T03:18:26.9709265Z ##[group]Run pip install -U scratchattach
2025-11-03T03:18:26.9709579Z [36;1mpip install -U scratchattach[0m
2025-11-03T03:18:26.9728671Z shell: /usr/bin/bash --noprofile --norc -e -o pipefail {0}
2025-11-03T03:18:26.9728971Z env:
2025-11-03T03:18:26.9729233Z   pythonLocation: /opt/hostedtoolcache/Python/3.13.9/x64
2025-11-03T03:18:26.9729606Z   PKG_CONFIG_PATH: /opt/hostedtoolcache/Python/3.13.9/x64/lib/pkgconfig
2025-11-03T03:18:26.9729974Z   Python_ROOT_DIR: /opt/hostedtoolcache/Python/3.13.9/x64
2025-11-03T03:18:26.9730305Z   Python2_ROOT_DIR: /opt/hostedtoolcache/Python/3.13.9/x64
2025-11-03T03:18:26.9730621Z   Python3_ROOT_DIR: /opt/hostedtoolcache/Python/3.13.9/x64
2025-11-03T03:18:26.9730949Z   LD_LIBRARY_PATH: /opt/hostedtoolcache/Python/3.13.9/x64/lib
2025-11-03T03:18:26.9731228Z ##[endgroup]
2025-11-03T03:18:27.8460016Z Collecting scratchattach
2025-11-03T03:18:27.9490180Z   Downloading scratchattach-2.1.13-py3-none-any.whl.metadata (5.5 kB)
2025-11-03T03:18:27.9682341Z Collecting websocket-client (from scratchattach)
2025-11-03T03:18:27.9869828Z   Downloading websocket_client-1.9.0-py3-none-any.whl.metadata (8.3 kB)
2025-11-03T03:18:28.0158242Z Collecting requests (from scratchattach)
2025-11-03T03:18:28.0346105Z   Downloading requests-2.32.5-py3-none-any.whl.metadata (4.9 kB)
2025-11-03T03:18:28.0465894Z Collecting bs4 (from scratchattach)
2025-11-03T03:18:28.0654615Z   Downloading bs4-0.0.2-py2.py3-none-any.whl.metadata (411 bytes)
2025-11-03T03:18:28.0989498Z Collecting SimpleWebSocketServer (from scratchattach)
2025-11-03T03:18:28.1176832Z   Downloading SimpleWebSocketServer-0.1.2.tar.gz (10 kB)
2025-11-03T03:18:28.1259523Z   Installing build dependencies: started
2025-11-03T03:18:29.4863411Z   Installing build dependencies: finished with status 'done'
2025-11-03T03:18:29.4869092Z   Getting requirements to build wheel: started
2025-11-03T03:18:30.0437184Z   Getting requirements to build wheel: finished with status 'done'
2025-11-03T03:18:30.0443365Z   Preparing metadata (pyproject.toml): started
2025-11-03T03:18:30.3194087Z   Preparing metadata (pyproject.toml): finished with status 'done'
2025-11-03T03:18:30.3345636Z Collecting typing-extensions (from scratchattach)
2025-11-03T03:18:30.3538383Z   Downloading typing_extensions-4.15.0-py3-none-any.whl.metadata (3.3 kB)
2025-11-03T03:18:30.3710564Z Collecting beautifulsoup4 (from bs4->scratchattach)
2025-11-03T03:18:30.3903934Z   Downloading beautifulsoup4-4.14.2-py3-none-any.whl.metadata (3.8 kB)
2025-11-03T03:18:30.4081446Z Collecting soupsieve>1.2 (from beautifulsoup4->bs4->scratchattach)
2025-11-03T03:18:30.4274388Z   Downloading soupsieve-2.8-py3-none-any.whl.metadata (4.6 kB)
2025-11-03T03:18:30.5079849Z Collecting charset_normalizer<4,>=2 (from requests->scratchattach)
2025-11-03T03:18:30.5271621Z   Downloading charset_normalizer-3.4.4-cp313-cp313-manylinux2014_x86_64.manylinux_2_17_x86_64.manylinux_2_28_x86_64.whl.metadata (37 kB)
2025-11-03T03:18:30.5519415Z Collecting idna<4,>=2.5 (from requests->scratchattach)
2025-11-03T03:18:30.5712325Z   Downloading idna-3.11-py3-none-any.whl.metadata (8.4 kB)
2025-11-03T03:18:30.5973684Z Collecting urllib3<3,>=1.21.1 (from requests->scratchattach)
2025-11-03T03:18:30.6167627Z   Downloading urllib3-2.5.0-py3-none-any.whl.metadata (6.5 kB)
2025-11-03T03:18:30.6380322Z Collecting certifi>=2017.4.17 (from requests->scratchattach)
2025-11-03T03:18:30.6571871Z   Downloading certifi-2025.10.5-py3-none-any.whl.metadata (2.5 kB)
2025-11-03T03:18:30.6823469Z Downloading scratchattach-2.1.13-py3-none-any.whl (141 kB)
2025-11-03T03:18:30.7252942Z Downloading bs4-0.0.2-py2.py3-none-any.whl (1.2 kB)
2025-11-03T03:18:30.7466187Z Downloading beautifulsoup4-4.14.2-py3-none-any.whl (106 kB)
2025-11-03T03:18:30.7710116Z Downloading soupsieve-2.8-py3-none-any.whl (36 kB)
2025-11-03T03:18:30.7922874Z Downloading typing_extensions-4.15.0-py3-none-any.whl (44 kB)
2025-11-03T03:18:30.8136798Z Downloading requests-2.32.5-py3-none-any.whl (64 kB)
2025-11-03T03:18:30.8361921Z Downloading charset_normalizer-3.4.4-cp313-cp313-manylinux2014_x86_64.manylinux_2_17_x86_64.manylinux_2_28_x86_64.whl (153 kB)
2025-11-03T03:18:30.8616487Z Downloading idna-3.11-py3-none-any.whl (71 kB)
2025-11-03T03:18:30.8828209Z Downloading urllib3-2.5.0-py3-none-any.whl (129 kB)
2025-11-03T03:18:30.9057691Z Downloading certifi-2025.10.5-py3-none-any.whl (163 kB)
2025-11-03T03:18:30.9299890Z Downloading websocket_client-1.9.0-py3-none-any.whl (82 kB)
2025-11-03T03:18:30.9432433Z Building wheels for collected packages: SimpleWebSocketServer
2025-11-03T03:18:30.9439861Z   Building wheel for SimpleWebSocketServer (pyproject.toml): started
2025-11-03T03:18:31.1493861Z   Building wheel for SimpleWebSocketServer (pyproject.toml): finished with status 'done'
2025-11-03T03:18:31.1499859Z   Created wheel for SimpleWebSocketServer: filename=simplewebsocketserver-0.1.2-py3-none-any.whl size=9715 sha256=ea5a896c1f83f1c16a1cbd1af3489b32f41ff0deb335e639b46d1b8d6e5fc615
2025-11-03T03:18:31.1501139Z   Stored in directory: /home/runner/.cache/pip/wheels/c4/5b/e8/4f2c15a82edc4923058056f6681373168be02a0c00389a6dcf
2025-11-03T03:18:31.1518878Z Successfully built SimpleWebSocketServer
2025-11-03T03:18:31.1678668Z Installing collected packages: SimpleWebSocketServer, websocket-client, urllib3, typing-extensions, soupsieve, idna, charset_normalizer, certifi, requests, beautifulsoup4, bs4, scratchattach
2025-11-03T03:18:31.7222066Z 
2025-11-03T03:18:31.7244211Z Successfully installed SimpleWebSocketServer-0.1.2 beautifulsoup4-4.14.2 bs4-0.0.2 certifi-2025.10.5 charset_normalizer-3.4.4 idna-3.11 requests-2.32.5 scratchattach-2.1.13 soupsieve-2.8 typing-extensions-4.15.0 urllib3-2.5.0 websocket-client-1.9.0
2025-11-03T03:18:31.7989132Z ##[group]Run actions/checkout@v5.0.0
2025-11-03T03:18:31.7989384Z with:
2025-11-03T03:18:31.7989555Z   ref: main
2025-11-03T03:18:31.7989762Z   repository: Boss-1s/scratchattach
2025-11-03T03:18:31.7990135Z   token: ***
2025-11-03T03:18:31.7990317Z   ssh-strict: true
2025-11-03T03:18:31.7990509Z   ssh-user: git
2025-11-03T03:18:31.7990707Z   persist-credentials: true
2025-11-03T03:18:31.7990920Z   clean: true
2025-11-03T03:18:31.7991125Z   sparse-checkout-cone-mode: true
2025-11-03T03:18:31.7991479Z   fetch-depth: 1
2025-11-03T03:18:31.7991654Z   fetch-tags: false
2025-11-03T03:18:31.7991846Z   show-progress: true
2025-11-03T03:18:31.7992030Z   lfs: false
2025-11-03T03:18:31.7992203Z   submodules: false
2025-11-03T03:18:31.7992395Z   set-safe-directory: true
2025-11-03T03:18:31.7992593Z env:
2025-11-03T03:18:31.7992822Z   pythonLocation: /opt/hostedtoolcache/Python/3.13.9/x64
2025-11-03T03:18:31.7993199Z   PKG_CONFIG_PATH: /opt/hostedtoolcache/Python/3.13.9/x64/lib/pkgconfig
2025-11-03T03:18:31.7993613Z   Python_ROOT_DIR: /opt/hostedtoolcache/Python/3.13.9/x64
2025-11-03T03:18:31.7994010Z   Python2_ROOT_DIR: /opt/hostedtoolcache/Python/3.13.9/x64
2025-11-03T03:18:31.7994346Z   Python3_ROOT_DIR: /opt/hostedtoolcache/Python/3.13.9/x64
2025-11-03T03:18:31.7994719Z   LD_LIBRARY_PATH: /opt/hostedtoolcache/Python/3.13.9/x64/lib
2025-11-03T03:18:31.7994996Z ##[endgroup]
2025-11-03T03:18:31.8725311Z Syncing repository: Boss-1s/scratchattach
2025-11-03T03:18:31.8727877Z ##[group]Getting Git version info
2025-11-03T03:18:31.8728350Z Working directory is '/home/runner/work/scratchattach/scratchattach'
2025-11-03T03:18:31.8761249Z [command]/usr/bin/git version
2025-11-03T03:18:31.8792597Z git version 2.51.2
2025-11-03T03:18:31.8811041Z ##[endgroup]
2025-11-03T03:18:31.8824019Z Temporarily overriding HOME='/home/runner/work/_temp/de89eb82-0471-4dea-8218-c146f047e139' before making global git config changes
2025-11-03T03:18:31.8825263Z Adding repository directory to the temporary git global config as a safe directory
2025-11-03T03:18:31.8829524Z [command]/usr/bin/git config --global --add safe.directory /home/runner/work/scratchattach/scratchattach
2025-11-03T03:18:31.8861528Z [command]/usr/bin/git config --local --get remote.origin.url
2025-11-03T03:18:31.8878455Z https://github.com/Boss-1s/scratchattach
2025-11-03T03:18:31.8889779Z ##[group]Removing previously created refs, to avoid conflicts
2025-11-03T03:18:31.8893911Z [command]/usr/bin/git rev-parse --symbolic-full-name --verify --quiet HEAD
2025-11-03T03:18:31.8910418Z refs/heads/main
2025-11-03T03:18:31.8918432Z [command]/usr/bin/git checkout --detach
2025-11-03T03:18:32.1138853Z HEAD is now at c08ba8d [BOT] Download Logs
2025-11-03T03:18:32.1180582Z [command]/usr/bin/git branch --delete --force main
2025-11-03T03:18:32.1201091Z Deleted branch main (was c08ba8d).
2025-11-03T03:18:32.1228011Z ##[endgroup]
2025-11-03T03:18:32.1231094Z [command]/usr/bin/git submodule status
2025-11-03T03:18:32.1405117Z ##[group]Cleaning the repository
2025-11-03T03:18:32.1409421Z [command]/usr/bin/git clean -ffdx
2025-11-03T03:18:32.1441303Z [command]/usr/bin/git reset --hard HEAD
2025-11-03T03:18:32.1489033Z HEAD is now at c08ba8d [BOT] Download Logs
2025-11-03T03:18:32.1493262Z ##[endgroup]
2025-11-03T03:18:32.1495600Z ##[group]Disabling automatic garbage collection
2025-11-03T03:18:32.1499923Z [command]/usr/bin/git config --local gc.auto 0
2025-11-03T03:18:32.1519896Z ##[endgroup]
2025-11-03T03:18:32.1520429Z ##[group]Setting up auth
2025-11-03T03:18:32.1526233Z [command]/usr/bin/git config --local --name-only --get-regexp core\.sshCommand
2025-11-03T03:18:32.1549220Z [command]/usr/bin/git submodule foreach --recursive sh -c "git config --local --name-only --get-regexp 'core\.sshCommand' && git config --local --unset-all 'core.sshCommand' || :"
2025-11-03T03:18:32.1722436Z [command]/usr/bin/git config --local --name-only --get-regexp http\.https\:\/\/github\.com\/\.extraheader
2025-11-03T03:18:32.1740663Z http.https://github.com/.extraheader
2025-11-03T03:18:32.1748180Z [command]/usr/bin/git config --local --unset-all http.https://github.com/.extraheader
2025-11-03T03:18:32.1771566Z [command]/usr/bin/git submodule foreach --recursive sh -c "git config --local --name-only --get-regexp 'http\.https\:\/\/github\.com\/\.extraheader' && git config --local --unset-all 'http.https://github.com/.extraheader' || :"
2025-11-03T03:18:32.1941491Z [command]/usr/bin/git config --local http.https://github.com/.extraheader AUTHORIZATION: basic ***
2025-11-03T03:18:32.1976032Z ##[endgroup]
2025-11-03T03:18:32.1976462Z ##[group]Fetching the repository
2025-11-03T03:18:32.1983920Z [command]/usr/bin/git -c protocol.version=2 fetch --no-tags --prune --no-recurse-submodules --depth=1 origin +refs/heads/main*:refs/remotes/origin/main* +refs/tags/main*:refs/tags/main*
2025-11-03T03:18:32.4776747Z ##[endgroup]
2025-11-03T03:18:32.4777203Z ##[group]Determining the checkout info
2025-11-03T03:18:32.4783437Z [command]/usr/bin/git branch --list --remote origin/main
2025-11-03T03:18:32.4802320Z   origin/main
2025-11-03T03:18:32.4805352Z ##[endgroup]
2025-11-03T03:18:32.4809754Z [command]/usr/bin/git sparse-checkout disable
2025-11-03T03:18:32.4848636Z [command]/usr/bin/git config --local --unset-all extensions.worktreeConfig
2025-11-03T03:18:32.4868372Z ##[group]Checking out the ref
2025-11-03T03:18:32.4871581Z [command]/usr/bin/git checkout --progress --force -B main refs/remotes/origin/main
2025-11-03T03:18:32.4914818Z Switched to a new branch 'main'
2025-11-03T03:18:32.4915837Z branch 'main' set up to track 'origin/main'.
2025-11-03T03:18:32.4921509Z ##[endgroup]
2025-11-03T03:18:32.4950271Z [command]/usr/bin/git log -1 --format=%H
2025-11-03T03:18:32.4968413Z c08ba8d38a48a859997629e2e47b17bcbceb79d2
2025-11-03T03:18:32.5048967Z ##[group]Run python3 aesthetic_prioritizing.py
2025-11-03T03:18:32.5049285Z [36;1mpython3 aesthetic_prioritizing.py[0m
2025-11-03T03:18:32.5069307Z shell: /usr/bin/bash -e {0}
2025-11-03T03:18:32.5069543Z env:
2025-11-03T03:18:32.5069799Z   pythonLocation: /opt/hostedtoolcache/Python/3.13.9/x64
2025-11-03T03:18:32.5070186Z   PKG_CONFIG_PATH: /opt/hostedtoolcache/Python/3.13.9/x64/lib/pkgconfig
2025-11-03T03:18:32.5070567Z   Python_ROOT_DIR: /opt/hostedtoolcache/Python/3.13.9/x64
2025-11-03T03:18:32.5070904Z   Python2_ROOT_DIR: /opt/hostedtoolcache/Python/3.13.9/x64
2025-11-03T03:18:32.5071229Z   Python3_ROOT_DIR: /opt/hostedtoolcache/Python/3.13.9/x64
2025-11-03T03:18:32.5071560Z   LD_LIBRARY_PATH: /opt/hostedtoolcache/Python/3.13.9/x64/lib
2025-11-03T03:18:32.5072002Z   PASS: ***
2025-11-03T03:18:32.5072181Z ##[endgroup]
2025-11-03T03:18:33.7276629Z Prioritizing: Attempt 1
2025-11-03T03:18:33.7282833Z Projects already on top. No prioritizing needed.
2025-11-03T03:18:33.7288717Z Prioritized projects in your favorite list.
2025-11-03T03:18:33.7293591Z Prioritizing: Attempt 1
2025-11-03T03:18:34.0023514Z Unfollowed stuido 50609120
2025-11-03T03:19:09.0033956Z Followed studio 50609120 to move it to the top
2025-11-03T03:19:54.6926800Z Unfollowed stuido 50609126
2025-11-03T03:20:29.6936612Z Followed studio 50609126 to move it to the top
2025-11-03T03:21:15.0816838Z Unfollowed stuido 50609128
2025-11-03T03:21:50.0826484Z Followed studio 50609128 to move it to the top
2025-11-03T03:22:35.4807072Z Unfollowed stuido 50609129
2025-11-03T03:23:10.4816897Z Followed studio 50609129 to move it to the top
2025-11-03T03:23:55.6417468Z Prioritized studios in your favorite list.
2025-11-03T03:23:55.6740999Z Post job cleanup.
2025-11-03T03:23:55.7460068Z [command]/usr/bin/git version
2025-11-03T03:23:55.7491887Z git version 2.51.2
2025-11-03T03:23:55.7524871Z Temporarily overriding HOME='/home/runner/work/_temp/442d0c56-226f-4f76-b609-ce668a614f1c' before making global git config changes
2025-11-03T03:23:55.7525992Z Adding repository directory to the temporary git global config as a safe directory
2025-11-03T03:23:55.7530118Z [command]/usr/bin/git config --global --add safe.directory /home/runner/work/scratchattach/scratchattach
2025-11-03T03:23:55.7560201Z [command]/usr/bin/git config --local --name-only --get-regexp core\.sshCommand
2025-11-03T03:23:55.7586106Z [command]/usr/bin/git submodule foreach --recursive sh -c "git config --local --name-only --get-regexp 'core\.sshCommand' && git config --local --unset-all 'core.sshCommand' || :"
2025-11-03T03:23:55.7755156Z [command]/usr/bin/git config --local --name-only --get-regexp http\.https\:\/\/github\.com\/\.extraheader
2025-11-03T03:23:55.7772171Z http.https://github.com/.extraheader
2025-11-03T03:23:55.7780400Z [command]/usr/bin/git config --local --unset-all http.https://github.com/.extraheader
2025-11-03T03:23:55.7805710Z [command]/usr/bin/git submodule foreach --recursive sh -c "git config --local --name-only --get-regexp 'http\.https\:\/\/github\.com\/\.extraheader' && git config --local --unset-all 'http.https://github.com/.extraheader' || :"
2025-11-03T03:23:55.8053415Z Post job cleanup.
2025-11-03T03:23:55.9281170Z (node:2483) [DEP0040] DeprecationWarning: The `punycode` module is deprecated. Please use a userland alternative instead.
2025-11-03T03:23:55.9282222Z (Use `node --trace-deprecation ...` to show where the warning was created)
2025-11-03T03:23:55.9381168Z Post job cleanup.
2025-11-03T03:23:56.0306520Z [command]/usr/bin/git version
2025-11-03T03:23:56.0350826Z git version 2.51.2
2025-11-03T03:23:56.0396466Z Temporarily overriding HOME='/home/runner/work/_temp/638b1b3a-2b5d-4fa1-b370-abda828f7506' before making global git config changes
2025-11-03T03:23:56.0397135Z Adding repository directory to the temporary git global config as a safe directory
2025-11-03T03:23:56.0403137Z [command]/usr/bin/git config --global --add safe.directory /home/runner/work/scratchattach/scratchattach
2025-11-03T03:23:56.0439888Z [command]/usr/bin/git config --local --name-only --get-regexp core\.sshCommand
2025-11-03T03:23:56.0471056Z [command]/usr/bin/git submodule foreach --recursive sh -c "git config --local --name-only --get-regexp 'core\.sshCommand' && git config --local --unset-all 'core.sshCommand' || :"
2025-11-03T03:23:56.0659083Z [command]/usr/bin/git config --local --name-only --get-regexp http\.https\:\/\/github\.com\/\.extraheader
2025-11-03T03:23:56.0688446Z [command]/usr/bin/git submodule foreach --recursive sh -c "git config --local --name-only --get-regexp 'http\.https\:\/\/github\.com\/\.extraheader' && git config --local --unset-all 'http.https://github.com/.extraheader' || :"
2025-11-03T03:23:56.0976845Z Cleaning up orphan processes
