2025-12-21T02:00:17.5297453Z Current runner version: '2.330.0'
2025-12-21T02:00:17.5329848Z ##[group]Runner Image Provisioner
2025-12-21T02:00:17.5331094Z Hosted Compute Agent
2025-12-21T02:00:17.5331974Z Version: 20251211.462
2025-12-21T02:00:17.5333072Z Commit: 6cbad8c2bb55d58165063d031ccabf57e2d2db61
2025-12-21T02:00:17.5334294Z Build Date: 2025-12-11T16:28:49Z
2025-12-21T02:00:17.5335563Z Worker ID: {a95d5c3c-8a5e-40d3-9a19-265b257d8f88}
2025-12-21T02:00:17.5336860Z ##[endgroup]
2025-12-21T02:00:17.5337745Z ##[group]Operating System
2025-12-21T02:00:17.5338638Z Ubuntu
2025-12-21T02:00:17.5339441Z 24.04.3
2025-12-21T02:00:17.5340128Z LTS
2025-12-21T02:00:17.5340878Z ##[endgroup]
2025-12-21T02:00:17.5341668Z ##[group]Runner Image
2025-12-21T02:00:17.5342780Z Image: ubuntu-24.04
2025-12-21T02:00:17.5343756Z Version: 20251215.174.1
2025-12-21T02:00:17.5346048Z Included Software: https://github.com/actions/runner-images/blob/ubuntu24/20251215.174/images/ubuntu/Ubuntu2404-Readme.md
2025-12-21T02:00:17.5349007Z Image Release: https://github.com/actions/runner-images/releases/tag/ubuntu24%2F20251215.174
2025-12-21T02:00:17.5350829Z ##[endgroup]
2025-12-21T02:00:17.5352545Z ##[group]GITHUB_TOKEN Permissions
2025-12-21T02:00:17.5356090Z Contents: write
2025-12-21T02:00:17.5357206Z Metadata: read
2025-12-21T02:00:17.5358000Z ##[endgroup]
2025-12-21T02:00:17.5360850Z Secret source: Actions
2025-12-21T02:00:17.5362198Z Prepare workflow directory
2025-12-21T02:00:17.5812075Z Prepare all required actions
2025-12-21T02:00:17.5867250Z Getting action download info
2025-12-21T02:00:17.8576100Z Download action repository 'actions/checkout@v6.0.1' (SHA:8e8c483db84b4bee98b60c0593521ed34d9990e8)
2025-12-21T02:00:17.9903698Z Download action repository 'pawanbahuguna/action-logs@v2.0.0' (SHA:2fb2206c1749d6d09b8799a05519c08ee503660d)
2025-12-21T02:00:18.4699211Z Complete job name: Download GH action logs
2025-12-21T02:00:18.5240123Z ##[group]Build container for action use: '/home/runner/work/_actions/pawanbahuguna/action-logs/v2.0.0/Dockerfile'.
2025-12-21T02:00:18.5291006Z ##[command]/usr/bin/docker build -t 3ac8a2:481b2647ea4d40f0ace328239f7cc45b -f "/home/runner/work/_actions/pawanbahuguna/action-logs/v2.0.0/Dockerfile" "/home/runner/work/_actions/pawanbahuguna/action-logs/v2.0.0"
2025-12-21T02:00:19.2085424Z #0 building with "default" instance using docker driver
2025-12-21T02:00:19.2087119Z 
2025-12-21T02:00:19.2087798Z #1 [internal] load build definition from Dockerfile
2025-12-21T02:00:19.2089331Z #1 transferring dockerfile: 347B done
2025-12-21T02:00:19.2090533Z #1 DONE 0.0s
2025-12-21T02:00:19.2091056Z 
2025-12-21T02:00:19.2091748Z #2 [auth] library/alpine:pull token for registry-1.docker.io
2025-12-21T02:00:19.3578361Z #2 DONE 0.0s
2025-12-21T02:00:19.3578751Z 
2025-12-21T02:00:19.3579221Z #3 [internal] load metadata for docker.io/library/alpine:latest
2025-12-21T02:00:19.6020570Z #3 DONE 0.4s
2025-12-21T02:00:19.7220455Z 
2025-12-21T02:00:19.7221015Z #4 [internal] load .dockerignore
2025-12-21T02:00:19.7222503Z #4 transferring context: 2B done
2025-12-21T02:00:19.7223867Z #4 DONE 0.0s
2025-12-21T02:00:19.7224406Z 
2025-12-21T02:00:19.7224860Z #5 [internal] load build context
2025-12-21T02:00:19.7226367Z #5 transferring context: 2.53kB done
2025-12-21T02:00:19.7227463Z #5 DONE 0.0s
2025-12-21T02:00:19.7227844Z 
2025-12-21T02:00:19.7229145Z #6 [1/4] FROM docker.io/library/alpine:latest@sha256:865b95f46d98cf867a156fe4a135ad3fe50d2056aa3f25ed31662dff6da4eb62
2025-12-21T02:00:19.7232496Z #6 resolve docker.io/library/alpine:latest@sha256:865b95f46d98cf867a156fe4a135ad3fe50d2056aa3f25ed31662dff6da4eb62 done
2025-12-21T02:00:19.7235809Z #6 sha256:1882fa4569e0c591ea092d3766c4893e19b8901a8e649de7067188aba3cc0679 1.02kB / 1.02kB done
2025-12-21T02:00:19.7238708Z #6 sha256:e7b39c54cdeca0d2aae83114bb605753a5f5bc511fe8be7590e38f6d9f915dad 611B / 611B done
2025-12-21T02:00:19.7241608Z #6 sha256:1074353eec0db2c1d81d5af2671e56e00cf5738486f5762609ea33d606f88612 1.05MB / 3.86MB 0.1s
2025-12-21T02:00:19.7244570Z #6 sha256:865b95f46d98cf867a156fe4a135ad3fe50d2056aa3f25ed31662dff6da4eb62 9.22kB / 9.22kB done
2025-12-21T02:00:19.8683948Z #6 sha256:1074353eec0db2c1d81d5af2671e56e00cf5738486f5762609ea33d606f88612 3.86MB / 3.86MB 0.2s done
2025-12-21T02:00:19.8689182Z #6 extracting sha256:1074353eec0db2c1d81d5af2671e56e00cf5738486f5762609ea33d606f88612 0.1s done
2025-12-21T02:00:20.0489615Z #6 DONE 0.3s
2025-12-21T02:00:20.0492154Z 
2025-12-21T02:00:20.0493070Z #7 [2/4] RUN apk update && apk add --no-cache curl jq
2025-12-21T02:00:20.3645746Z #7 0.466 v3.23.2-19-g4d93eb940e1 [https://dl-cdn.alpinelinux.org/alpine/v3.23/main]
2025-12-21T02:00:20.3646418Z #7 0.466 v3.23.2-22-g579532e3b58 [https://dl-cdn.alpinelinux.org/alpine/v3.23/community]
2025-12-21T02:00:20.3646837Z #7 0.466 OK: 27558 distinct packages available
2025-12-21T02:00:20.7067348Z #7 0.808 ( 1/12) Installing brotli-libs (1.2.0-r0)
2025-12-21T02:00:20.8165369Z #7 0.829 ( 2/12) Installing c-ares (1.34.6-r0)
2025-12-21T02:00:20.8165919Z #7 0.838 ( 3/12) Installing libunistring (1.4.1-r0)
2025-12-21T02:00:20.8166445Z #7 0.859 ( 4/12) Installing libidn2 (2.3.8-r0)
2025-12-21T02:00:20.8166798Z #7 0.867 ( 5/12) Installing nghttp2-libs (1.68.0-r0)
2025-12-21T02:00:20.8167125Z #7 0.875 ( 6/12) Installing nghttp3 (1.13.1-r0)
2025-12-21T02:00:20.8167446Z #7 0.883 ( 7/12) Installing libpsl (0.21.5-r3)
2025-12-21T02:00:20.8167726Z #7 0.890 ( 8/12) Installing zstd-libs (1.5.7-r2)
2025-12-21T02:00:20.8167993Z #7 0.906 ( 9/12) Installing libcurl (8.17.0-r1)
2025-12-21T02:00:20.8168247Z #7 0.918 (10/12) Installing curl (8.17.0-r1)
2025-12-21T02:00:20.9298591Z #7 0.929 (11/12) Installing oniguruma (6.9.10-r0)
2025-12-21T02:00:20.9299156Z #7 0.939 (12/12) Installing jq (1.8.1-r0)
2025-12-21T02:00:20.9299821Z #7 0.952 Executing busybox-1.37.0-r30.trigger
2025-12-21T02:00:20.9300281Z #7 0.959 OK: 14.1 MiB in 28 packages
2025-12-21T02:00:20.9300677Z #7 DONE 1.0s
2025-12-21T02:00:20.9300873Z 
2025-12-21T02:00:20.9301433Z #8 [3/4] COPY entrypoint.sh /entrypoint.sh
2025-12-21T02:00:21.0428266Z #8 DONE 0.0s
2025-12-21T02:00:21.0428523Z 
2025-12-21T02:00:21.0428707Z #9 [4/4] RUN chmod +x /entrypoint.sh
2025-12-21T02:00:21.0429128Z #9 DONE 0.1s
2025-12-21T02:00:21.1947876Z 
2025-12-21T02:00:21.1948392Z #10 exporting to image
2025-12-21T02:00:21.1950858Z #10 exporting layers
2025-12-21T02:00:22.0214067Z #10 exporting layers 1.0s done
2025-12-21T02:00:22.0679113Z #10 writing image sha256:07193dba64342b88e8bc1364d376af472fef3e3d7a8b4e4e0838db6786b5cc04 done
2025-12-21T02:00:22.0680104Z #10 naming to docker.io/library/3ac8a2:481b2647ea4d40f0ace328239f7cc45b done
2025-12-21T02:00:22.0680751Z #10 DONE 1.0s
2025-12-21T02:00:22.0759158Z ##[endgroup]
2025-12-21T02:00:22.1018195Z ##[group]Run actions/checkout@v6.0.1
2025-12-21T02:00:22.1018757Z with:
2025-12-21T02:00:22.1018958Z   repository: Boss-1s/scratchattach
2025-12-21T02:00:22.1019347Z   token: ***
2025-12-21T02:00:22.1019535Z   ssh-strict: true
2025-12-21T02:00:22.1019714Z   ssh-user: git
2025-12-21T02:00:22.1019907Z   persist-credentials: true
2025-12-21T02:00:22.1020117Z   clean: true
2025-12-21T02:00:22.1020380Z   sparse-checkout-cone-mode: true
2025-12-21T02:00:22.1020616Z   fetch-depth: 1
2025-12-21T02:00:22.1020788Z   fetch-tags: false
2025-12-21T02:00:22.1020972Z   show-progress: true
2025-12-21T02:00:22.1021153Z   lfs: false
2025-12-21T02:00:22.1021320Z   submodules: false
2025-12-21T02:00:22.1021529Z   set-safe-directory: true
2025-12-21T02:00:22.1021923Z ##[endgroup]
2025-12-21T02:00:22.1905164Z Syncing repository: Boss-1s/scratchattach
2025-12-21T02:00:22.1906539Z ##[group]Getting Git version info
2025-12-21T02:00:22.1907018Z Working directory is '/home/runner/work/scratchattach/scratchattach'
2025-12-21T02:00:22.1907755Z [command]/usr/bin/git version
2025-12-21T02:00:22.1912386Z git version 2.52.0
2025-12-21T02:00:22.1964280Z ##[endgroup]
2025-12-21T02:00:22.1977901Z Temporarily overriding HOME='/home/runner/work/_temp/3cdae5e4-5920-4d80-ada7-50a7edeb310d' before making global git config changes
2025-12-21T02:00:22.1979125Z Adding repository directory to the temporary git global config as a safe directory
2025-12-21T02:00:22.1982985Z [command]/usr/bin/git config --global --add safe.directory /home/runner/work/scratchattach/scratchattach
2025-12-21T02:00:22.2020626Z Deleting the contents of '/home/runner/work/scratchattach/scratchattach'
2025-12-21T02:00:22.2023915Z ##[group]Initializing the repository
2025-12-21T02:00:22.2028606Z [command]/usr/bin/git init /home/runner/work/scratchattach/scratchattach
2025-12-21T02:00:22.2180964Z hint: Using 'master' as the name for the initial branch. This default branch name
2025-12-21T02:00:22.2181880Z hint: will change to "main" in Git 3.0. To configure the initial branch name
2025-12-21T02:00:22.2182785Z hint: to use in all of your new repositories, which will suppress this warning,
2025-12-21T02:00:22.2183374Z hint: call:
2025-12-21T02:00:22.2183663Z hint:
2025-12-21T02:00:22.2184169Z hint: 	git config --global init.defaultBranch <name>
2025-12-21T02:00:22.2184527Z hint:
2025-12-21T02:00:22.2184851Z hint: Names commonly chosen instead of 'master' are 'main', 'trunk' and
2025-12-21T02:00:22.2185576Z hint: 'development'. The just-created branch can be renamed via this command:
2025-12-21T02:00:22.2185954Z hint:
2025-12-21T02:00:22.2186173Z hint: 	git branch -m <name>
2025-12-21T02:00:22.2186478Z hint:
2025-12-21T02:00:22.2187049Z hint: Disable this message with "git config set advice.defaultBranchName false"
2025-12-21T02:00:22.2188276Z Initialized empty Git repository in /home/runner/work/scratchattach/scratchattach/.git/
2025-12-21T02:00:22.2198854Z [command]/usr/bin/git remote add origin https://github.com/Boss-1s/scratchattach
2025-12-21T02:00:22.2242516Z ##[endgroup]
2025-12-21T02:00:22.2243158Z ##[group]Disabling automatic garbage collection
2025-12-21T02:00:22.2245511Z [command]/usr/bin/git config --local gc.auto 0
2025-12-21T02:00:22.2272614Z ##[endgroup]
2025-12-21T02:00:22.2273011Z ##[group]Setting up auth
2025-12-21T02:00:22.2274262Z Removing SSH command configuration
2025-12-21T02:00:22.2279907Z [command]/usr/bin/git config --local --name-only --get-regexp core\.sshCommand
2025-12-21T02:00:22.2309476Z [command]/usr/bin/git submodule foreach --recursive sh -c "git config --local --name-only --get-regexp 'core\.sshCommand' && git config --local --unset-all 'core.sshCommand' || :"
2025-12-21T02:00:22.2713308Z Removing HTTP extra header
2025-12-21T02:00:22.2718721Z [command]/usr/bin/git config --local --name-only --get-regexp http\.https\:\/\/github\.com\/\.extraheader
2025-12-21T02:00:22.2747401Z [command]/usr/bin/git submodule foreach --recursive sh -c "git config --local --name-only --get-regexp 'http\.https\:\/\/github\.com\/\.extraheader' && git config --local --unset-all 'http.https://github.com/.extraheader' || :"
2025-12-21T02:00:22.2956043Z Removing includeIf entries pointing to credentials config files
2025-12-21T02:00:22.2962128Z [command]/usr/bin/git config --local --name-only --get-regexp ^includeIf\.gitdir:
2025-12-21T02:00:22.2991663Z [command]/usr/bin/git submodule foreach --recursive git config --local --show-origin --name-only --get-regexp remote.origin.url
2025-12-21T02:00:22.3208280Z [command]/usr/bin/git config --file /home/runner/work/_temp/git-credentials-b82b9b59-35a3-476e-b929-038e78375af5.config http.https://github.com/.extraheader AUTHORIZATION: basic ***
2025-12-21T02:00:22.3243863Z [command]/usr/bin/git config --local includeIf.gitdir:/home/runner/work/scratchattach/scratchattach/.git.path /home/runner/work/_temp/git-credentials-b82b9b59-35a3-476e-b929-038e78375af5.config
2025-12-21T02:00:22.3272055Z [command]/usr/bin/git config --local includeIf.gitdir:/home/runner/work/scratchattach/scratchattach/.git/worktrees/*.path /home/runner/work/_temp/git-credentials-b82b9b59-35a3-476e-b929-038e78375af5.config
2025-12-21T02:00:22.3299628Z [command]/usr/bin/git config --local includeIf.gitdir:/github/workspace/.git.path /github/runner_temp/git-credentials-b82b9b59-35a3-476e-b929-038e78375af5.config
2025-12-21T02:00:22.3328346Z [command]/usr/bin/git config --local includeIf.gitdir:/github/workspace/.git/worktrees/*.path /github/runner_temp/git-credentials-b82b9b59-35a3-476e-b929-038e78375af5.config
2025-12-21T02:00:22.3353154Z ##[endgroup]
2025-12-21T02:00:22.3353680Z ##[group]Fetching the repository
2025-12-21T02:00:22.3362608Z [command]/usr/bin/git -c protocol.version=2 fetch --no-tags --prune --no-recurse-submodules --depth=1 origin +d655eefa31300d6bf2cefd3ad26a9f64fd2461eb:refs/remotes/origin/main
2025-12-21T02:00:24.6369594Z From https://github.com/Boss-1s/scratchattach
2025-12-21T02:00:24.6370286Z  * [new ref]         d655eefa31300d6bf2cefd3ad26a9f64fd2461eb -> origin/main
2025-12-21T02:00:24.6402357Z ##[endgroup]
2025-12-21T02:00:24.6402979Z ##[group]Determining the checkout info
2025-12-21T02:00:24.6405862Z ##[endgroup]
2025-12-21T02:00:24.6411308Z [command]/usr/bin/git sparse-checkout disable
2025-12-21T02:00:24.6462439Z [command]/usr/bin/git config --local --unset-all extensions.worktreeConfig
2025-12-21T02:00:24.6489663Z ##[group]Checking out the ref
2025-12-21T02:00:24.6493524Z [command]/usr/bin/git checkout --progress --force -B main refs/remotes/origin/main
2025-12-21T02:00:25.2608087Z Switched to a new branch 'main'
2025-12-21T02:00:25.2608768Z branch 'main' set up to track 'origin/main'.
2025-12-21T02:00:25.2670712Z ##[endgroup]
2025-12-21T02:00:25.2714862Z [command]/usr/bin/git log -1 --format=%H
2025-12-21T02:00:25.2739716Z d655eefa31300d6bf2cefd3ad26a9f64fd2461eb
2025-12-21T02:00:25.2923190Z ##[group]Run pawanbahuguna/action-logs@v2.0.0
2025-12-21T02:00:25.2923479Z env:
2025-12-21T02:00:25.2924019Z   GH_TOKEN: ***
2025-12-21T02:00:25.2924220Z   GH_REPO: Boss-1s/scratchattach
2025-12-21T02:00:25.2924434Z   LOGS_DIR: .logs
2025-12-21T02:00:25.2924613Z ##[endgroup]
2025-12-21T02:00:25.3011830Z ##[command]/usr/bin/docker run --name ac8a2481b2647ea4d40f0ace328239f7cc45b_77a921 --label 3ac8a2 --workdir /github/workspace --rm -e "GH_TOKEN" -e "GH_REPO" -e "LOGS_DIR" -e "HOME" -e "GITHUB_JOB" -e "GITHUB_REF" -e "GITHUB_SHA" -e "GITHUB_REPOSITORY" -e "GITHUB_REPOSITORY_OWNER" -e "GITHUB_REPOSITORY_OWNER_ID" -e "GITHUB_RUN_ID" -e "GITHUB_RUN_NUMBER" -e "GITHUB_RETENTION_DAYS" -e "GITHUB_RUN_ATTEMPT" -e "GITHUB_ACTOR_ID" -e "GITHUB_ACTOR" -e "GITHUB_WORKFLOW" -e "GITHUB_HEAD_REF" -e "GITHUB_BASE_REF" -e "GITHUB_EVENT_NAME" -e "GITHUB_SERVER_URL" -e "GITHUB_API_URL" -e "GITHUB_GRAPHQL_URL" -e "GITHUB_REF_NAME" -e "GITHUB_REF_PROTECTED" -e "GITHUB_REF_TYPE" -e "GITHUB_WORKFLOW_REF" -e "GITHUB_WORKFLOW_SHA" -e "GITHUB_REPOSITORY_ID" -e "GITHUB_TRIGGERING_ACTOR" -e "GITHUB_WORKSPACE" -e "GITHUB_ACTION" -e "GITHUB_EVENT_PATH" -e "GITHUB_ACTION_REPOSITORY" -e "GITHUB_ACTION_REF" -e "GITHUB_PATH" -e "GITHUB_ENV" -e "GITHUB_STEP_SUMMARY" -e "GITHUB_STATE" -e "GITHUB_OUTPUT" -e "RUNNER_OS" -e "RUNNER_ARCH" -e "RUNNER_NAME" -e "RUNNER_ENVIRONMENT" -e "RUNNER_TOOL_CACHE" -e "RUNNER_TEMP" -e "RUNNER_WORKSPACE" -e "ACTIONS_RUNTIME_URL" -e "ACTIONS_RUNTIME_TOKEN" -e "ACTIONS_CACHE_URL" -e "ACTIONS_RESULTS_URL" -e GITHUB_ACTIONS=true -e CI=true -v "/var/run/docker.sock":"/var/run/docker.sock" -v "/home/runner/work/_temp":"/github/runner_temp" -v "/home/runner/work/_temp/_github_home":"/github/home" -v "/home/runner/work/_temp/_github_workflow":"/github/workflow" -v "/home/runner/work/_temp/_runner_file_commands":"/github/file_commands" -v "/home/runner/work/scratchattach/scratchattach":"/github/workspace" 3ac8a2:481b2647ea4d40f0ace328239f7cc45b
2025-12-21T02:00:25.6484086Z Will only process 24hrs logs before or equal to 2025-12-20T02:00:25Z
2025-12-21T02:00:25.6484955Z Searching Workflow Runs
2025-12-21T02:00:27.8075534Z Fetching Job IDs
2025-12-21T02:00:30.0922089Z mkdir: can't create directory '.logs': File exists
2025-12-21T02:00:30.0929494Z Writing logs for job 58628480853
2025-12-21T02:00:30.2314043Z Writing logs for job 58628362213
2025-12-21T02:00:30.4289075Z Writing logs for job 58617899707
2025-12-21T02:00:30.6171177Z Writing logs for job 58617634944
2025-12-21T02:00:30.8693821Z Writing logs for job 58617084928
2025-12-21T02:00:31.1080472Z Writing logs for job 58609101447
2025-12-21T02:00:31.2987977Z Writing logs for job 58608204351
2025-12-21T02:00:31.5056424Z Writing logs for job 58600189238
2025-12-21T02:00:31.7257515Z Writing logs for job 58599565268
2025-12-21T02:00:31.9627817Z Writing logs for job 58599022075
2025-12-21T02:00:32.1519118Z Writing logs for job 58593280928
2025-12-21T02:00:32.3599068Z Logs Downloaded and saved!
2025-12-21T02:00:32.3599471Z Starting cleanup
2025-12-21T02:00:32.3606203Z cleanup Completed!!
2025-12-21T02:00:32.4399817Z ##[group]Run git config --global user.name 'Boss_1s [via Actions]'
2025-12-21T02:00:32.4400350Z [36;1mgit config --global user.name 'Boss_1s [via Actions]'[0m
2025-12-21T02:00:32.4400796Z [36;1mgit config --global user.email 'Boss-1s[auto]@users.noreply.github.com'[0m
2025-12-21T02:00:32.4401142Z [36;1m[0m
2025-12-21T02:00:32.4401324Z [36;1mgit pull origin main[0m
2025-12-21T02:00:32.4401526Z [36;1m[0m
2025-12-21T02:00:32.4401734Z [36;1mGIT_STATUS_OUTPUT=$(git status --porcelain)[0m
2025-12-21T02:00:32.4402002Z [36;1m[0m
2025-12-21T02:00:32.4402179Z [36;1mif [ -z "$GIT_STATUS_OUTPUT" ]; then[0m
2025-12-21T02:00:32.4402520Z [36;1m  echo "Git working tree is clean (no uncommitted changes)."[0m
2025-12-21T02:00:32.4402822Z [36;1m  exit 0[0m
2025-12-21T02:00:32.4402986Z [36;1melse[0m
2025-12-21T02:00:32.4403202Z [36;1m  echo "Git working tree has uncommitted changes:"[0m
2025-12-21T02:00:32.4403483Z [36;1m  echo "$GIT_STATUS_OUTPUT"[0m
2025-12-21T02:00:32.4403807Z [36;1m  echo "These changes will be pushed to the main branch."[0m
2025-12-21T02:00:32.4404088Z [36;1mfi[0m
2025-12-21T02:00:32.4404246Z [36;1m[0m
2025-12-21T02:00:32.4404403Z [36;1mgit add .[0m
2025-12-21T02:00:32.4404604Z [36;1mgit commit -m "[BOT] Download Logs"[0m
2025-12-21T02:00:32.4404864Z [36;1mgit push origin main[0m
2025-12-21T02:00:32.4441539Z shell: /usr/bin/bash -e {0}
2025-12-21T02:00:32.4441774Z ##[endgroup]
2025-12-21T02:00:32.5859338Z From https://github.com/Boss-1s/scratchattach
2025-12-21T02:00:32.5859864Z  * branch            main       -> FETCH_HEAD
2025-12-21T02:00:32.5929208Z Already up to date.
2025-12-21T02:00:32.8144185Z Git working tree has uncommitted changes:
2025-12-21T02:00:32.8144649Z ?? .logs/logs-58593280928-2025-12-21.txt
2025-12-21T02:00:32.8145212Z ?? .logs/logs-58599022075-2025-12-21.txt
2025-12-21T02:00:32.8145472Z ?? .logs/logs-58599565268-2025-12-21.txt
2025-12-21T02:00:32.8145705Z ?? .logs/logs-58600189238-2025-12-21.txt
2025-12-21T02:00:32.8145954Z ?? .logs/logs-58608204351-2025-12-21.txt
2025-12-21T02:00:32.8146198Z ?? .logs/logs-58609101447-2025-12-21.txt
2025-12-21T02:00:32.8146442Z ?? .logs/logs-58617084928-2025-12-21.txt
2025-12-21T02:00:32.8146667Z ?? .logs/logs-58617634944-2025-12-21.txt
2025-12-21T02:00:32.8146883Z ?? .logs/logs-58617899707-2025-12-21.txt
2025-12-21T02:00:32.8147115Z ?? .logs/logs-58628362213-2025-12-21.txt
2025-12-21T02:00:32.8147330Z ?? .logs/logs-58628480853-2025-12-21.txt
2025-12-21T02:00:32.8147593Z These changes will be pushed to the main branch.
2025-12-21T02:00:32.8420043Z [main 57b37ee] [BOT] Download Logs
2025-12-21T02:00:32.8420470Z  11 files changed, 6337 insertions(+)
2025-12-21T02:00:32.8420934Z  create mode 100644 .logs/logs-58593280928-2025-12-21.txt
2025-12-21T02:00:32.8421279Z  create mode 100644 .logs/logs-58599022075-2025-12-21.txt
2025-12-21T02:00:32.8421591Z  create mode 100644 .logs/logs-58599565268-2025-12-21.txt
2025-12-21T02:00:32.8421891Z  create mode 100644 .logs/logs-58600189238-2025-12-21.txt
2025-12-21T02:00:32.8422193Z  create mode 100644 .logs/logs-58608204351-2025-12-21.txt
2025-12-21T02:00:32.8422487Z  create mode 100644 .logs/logs-58609101447-2025-12-21.txt
2025-12-21T02:00:32.8422989Z  create mode 100644 .logs/logs-58617084928-2025-12-21.txt
2025-12-21T02:00:32.8423508Z  create mode 100644 .logs/logs-58617634944-2025-12-21.txt
2025-12-21T02:00:32.8424041Z  create mode 100644 .logs/logs-58617899707-2025-12-21.txt
2025-12-21T02:00:32.8424571Z  create mode 100644 .logs/logs-58628362213-2025-12-21.txt
2025-12-21T02:00:32.8424947Z  create mode 100644 .logs/logs-58628480853-2025-12-21.txt
2025-12-21T02:00:33.4075413Z To https://github.com/Boss-1s/scratchattach
2025-12-21T02:00:33.4076437Z    d655eef..57b37ee  main -> main
2025-12-21T02:00:33.4245706Z Post job cleanup.
2025-12-21T02:00:33.5003449Z [command]/usr/bin/git version
2025-12-21T02:00:33.5038031Z git version 2.52.0
2025-12-21T02:00:33.5070640Z Copying '/home/runner/.gitconfig' to '/home/runner/work/_temp/31894348-6d7b-4367-baee-9c719d050272/.gitconfig'
2025-12-21T02:00:33.5080468Z Temporarily overriding HOME='/home/runner/work/_temp/31894348-6d7b-4367-baee-9c719d050272' before making global git config changes
2025-12-21T02:00:33.5081652Z Adding repository directory to the temporary git global config as a safe directory
2025-12-21T02:00:33.5085937Z [command]/usr/bin/git config --global --add safe.directory /home/runner/work/scratchattach/scratchattach
2025-12-21T02:00:33.5114526Z Removing SSH command configuration
2025-12-21T02:00:33.5120585Z [command]/usr/bin/git config --local --name-only --get-regexp core\.sshCommand
2025-12-21T02:00:33.5177586Z [command]/usr/bin/git submodule foreach --recursive sh -c "git config --local --name-only --get-regexp 'core\.sshCommand' && git config --local --unset-all 'core.sshCommand' || :"
2025-12-21T02:00:33.5401959Z Removing HTTP extra header
2025-12-21T02:00:33.5406691Z [command]/usr/bin/git config --local --name-only --get-regexp http\.https\:\/\/github\.com\/\.extraheader
2025-12-21T02:00:33.5437386Z [command]/usr/bin/git submodule foreach --recursive sh -c "git config --local --name-only --get-regexp 'http\.https\:\/\/github\.com\/\.extraheader' && git config --local --unset-all 'http.https://github.com/.extraheader' || :"
2025-12-21T02:00:33.5654298Z Removing includeIf entries pointing to credentials config files
2025-12-21T02:00:33.5660067Z [command]/usr/bin/git config --local --name-only --get-regexp ^includeIf\.gitdir:
2025-12-21T02:00:33.5682234Z includeif.gitdir:/home/runner/work/scratchattach/scratchattach/.git.path
2025-12-21T02:00:33.5682987Z includeif.gitdir:/home/runner/work/scratchattach/scratchattach/.git/worktrees/*.path
2025-12-21T02:00:33.5683808Z includeif.gitdir:/github/workspace/.git.path
2025-12-21T02:00:33.5684417Z includeif.gitdir:/github/workspace/.git/worktrees/*.path
2025-12-21T02:00:33.5692335Z [command]/usr/bin/git config --local --get-all includeif.gitdir:/home/runner/work/scratchattach/scratchattach/.git.path
2025-12-21T02:00:33.5712791Z /home/runner/work/_temp/git-credentials-b82b9b59-35a3-476e-b929-038e78375af5.config
2025-12-21T02:00:33.5723109Z [command]/usr/bin/git config --local --unset includeif.gitdir:/home/runner/work/scratchattach/scratchattach/.git.path /home/runner/work/_temp/git-credentials-b82b9b59-35a3-476e-b929-038e78375af5.config
2025-12-21T02:00:33.5754679Z [command]/usr/bin/git config --local --get-all includeif.gitdir:/home/runner/work/scratchattach/scratchattach/.git/worktrees/*.path
2025-12-21T02:00:33.5775697Z /home/runner/work/_temp/git-credentials-b82b9b59-35a3-476e-b929-038e78375af5.config
2025-12-21T02:00:33.5784614Z [command]/usr/bin/git config --local --unset includeif.gitdir:/home/runner/work/scratchattach/scratchattach/.git/worktrees/*.path /home/runner/work/_temp/git-credentials-b82b9b59-35a3-476e-b929-038e78375af5.config
2025-12-21T02:00:33.5813413Z [command]/usr/bin/git config --local --get-all includeif.gitdir:/github/workspace/.git.path
2025-12-21T02:00:33.5834423Z /github/runner_temp/git-credentials-b82b9b59-35a3-476e-b929-038e78375af5.config
2025-12-21T02:00:33.5843401Z [command]/usr/bin/git config --local --unset includeif.gitdir:/github/workspace/.git.path /github/runner_temp/git-credentials-b82b9b59-35a3-476e-b929-038e78375af5.config
2025-12-21T02:00:33.5874089Z [command]/usr/bin/git config --local --get-all includeif.gitdir:/github/workspace/.git/worktrees/*.path
2025-12-21T02:00:33.5894039Z /github/runner_temp/git-credentials-b82b9b59-35a3-476e-b929-038e78375af5.config
2025-12-21T02:00:33.5903110Z [command]/usr/bin/git config --local --unset includeif.gitdir:/github/workspace/.git/worktrees/*.path /github/runner_temp/git-credentials-b82b9b59-35a3-476e-b929-038e78375af5.config
2025-12-21T02:00:33.5934554Z [command]/usr/bin/git submodule foreach --recursive git config --local --show-origin --name-only --get-regexp remote.origin.url
2025-12-21T02:00:33.6147894Z Removing credentials config '/home/runner/work/_temp/git-credentials-b82b9b59-35a3-476e-b929-038e78375af5.config'
2025-12-21T02:00:33.6293839Z Cleaning up orphan processes
