2025-10-06T01:31:38.1241614Z Current runner version: '2.328.0'
2025-10-06T01:31:38.1265408Z ##[group]Runner Image Provisioner
2025-10-06T01:31:38.1266179Z Hosted Compute Agent
2025-10-06T01:31:38.1266712Z Version: 20250912.392
2025-10-06T01:31:38.1267284Z Commit: d921fda672a98b64f4f82364647e2f10b2267d0b
2025-10-06T01:31:38.1267911Z Build Date: 2025-09-12T15:23:14Z
2025-10-06T01:31:38.1268495Z ##[endgroup]
2025-10-06T01:31:38.1268986Z ##[group]Operating System
2025-10-06T01:31:38.1269522Z Ubuntu
2025-10-06T01:31:38.1269931Z 24.04.3
2025-10-06T01:31:38.1270413Z LTS
2025-10-06T01:31:38.1270794Z ##[endgroup]
2025-10-06T01:31:38.1271230Z ##[group]Runner Image
2025-10-06T01:31:38.1271809Z Image: ubuntu-24.04
2025-10-06T01:31:38.1272250Z Version: 20250929.60.1
2025-10-06T01:31:38.1273468Z Included Software: https://github.com/actions/runner-images/blob/ubuntu24/20250929.60/images/ubuntu/Ubuntu2404-Readme.md
2025-10-06T01:31:38.1275002Z Image Release: https://github.com/actions/runner-images/releases/tag/ubuntu24%2F20250929.60
2025-10-06T01:31:38.1275907Z ##[endgroup]
2025-10-06T01:31:38.1276814Z ##[group]GITHUB_TOKEN Permissions
2025-10-06T01:31:38.1278652Z Contents: write
2025-10-06T01:31:38.1279213Z Metadata: read
2025-10-06T01:31:38.1279621Z ##[endgroup]
2025-10-06T01:31:38.1281617Z Secret source: Actions
2025-10-06T01:31:38.1282242Z Prepare workflow directory
2025-10-06T01:31:38.1772881Z Prepare all required actions
2025-10-06T01:31:38.1810600Z Getting action download info
2025-10-06T01:31:38.6612343Z Download action repository 'actions/checkout@ff7abcd0c3c05ccf6adc123a8cd1fd4fb30fb493' (SHA:ff7abcd0c3c05ccf6adc123a8cd1fd4fb30fb493)
2025-10-06T01:31:38.8256362Z Download action repository 'actions/setup-python@v5' (SHA:a26af69be951a213d495a4c3e4e4022e16d87065)
2025-10-06T01:31:38.9562607Z Download action repository 'actions/cache@0400d5f644dc74513175e3cd8d07132dd4860809' (SHA:0400d5f644dc74513175e3cd8d07132dd4860809)
2025-10-06T01:31:39.1158732Z Download action repository 'actions/component-detection-dependency-submission-action@374343effede691df3a5ffaf36b4e7acab919590' (SHA:374343effede691df3a5ffaf36b4e7acab919590)
2025-10-06T01:31:39.8925947Z Complete job name: submit-pypi
2025-10-06T01:31:39.9604334Z ##[group]Run actions/checkout@ff7abcd0c3c05ccf6adc123a8cd1fd4fb30fb493
2025-10-06T01:31:39.9606236Z with:
2025-10-06T01:31:39.9607074Z   ref: refs/heads/main
2025-10-06T01:31:39.9607999Z   repository: Boss-1s/scratchattach
2025-10-06T01:31:39.9609447Z   token: ***
2025-10-06T01:31:39.9610278Z   ssh-strict: true
2025-10-06T01:31:39.9611142Z   ssh-user: git
2025-10-06T01:31:39.9612081Z   persist-credentials: true
2025-10-06T01:31:39.9613146Z   clean: true
2025-10-06T01:31:39.9614026Z   sparse-checkout-cone-mode: true
2025-10-06T01:31:39.9615023Z   fetch-depth: 1
2025-10-06T01:31:39.9615944Z   fetch-tags: false
2025-10-06T01:31:39.9616777Z   show-progress: true
2025-10-06T01:31:39.9617645Z   lfs: false
2025-10-06T01:31:39.9618462Z   submodules: false
2025-10-06T01:31:39.9619317Z   set-safe-directory: true
2025-10-06T01:31:39.9620511Z env:
2025-10-06T01:31:39.9621385Z   SKIP_CACHE: 
2025-10-06T01:31:39.9622192Z ##[endgroup]
2025-10-06T01:31:40.0735277Z Syncing repository: Boss-1s/scratchattach
2025-10-06T01:31:40.0737846Z ##[group]Getting Git version info
2025-10-06T01:31:40.0739188Z Working directory is '/home/runner/work/scratchattach/scratchattach'
2025-10-06T01:31:40.0741147Z [command]/usr/bin/git version
2025-10-06T01:31:40.0772226Z git version 2.51.0
2025-10-06T01:31:40.0792168Z ##[endgroup]
2025-10-06T01:31:40.0808542Z Temporarily overriding HOME='/home/runner/work/_temp/86dec93b-fbd8-4d5e-b08e-6d5502915b34' before making global git config changes
2025-10-06T01:31:40.0812817Z Adding repository directory to the temporary git global config as a safe directory
2025-10-06T01:31:40.0816601Z [command]/usr/bin/git config --global --add safe.directory /home/runner/work/scratchattach/scratchattach
2025-10-06T01:31:40.0848025Z Deleting the contents of '/home/runner/work/scratchattach/scratchattach'
2025-10-06T01:31:40.0851438Z ##[group]Initializing the repository
2025-10-06T01:31:40.0856972Z [command]/usr/bin/git init /home/runner/work/scratchattach/scratchattach
2025-10-06T01:31:40.0955879Z hint: Using 'master' as the name for the initial branch. This default branch name
2025-10-06T01:31:40.0958294Z hint: is subject to change. To configure the initial branch name to use in all
2025-10-06T01:31:40.0961386Z hint: of your new repositories, which will suppress this warning, call:
2025-10-06T01:31:40.0963584Z hint:
2025-10-06T01:31:40.0965081Z hint: 	git config --global init.defaultBranch <name>
2025-10-06T01:31:40.0966841Z hint:
2025-10-06T01:31:40.0968415Z hint: Names commonly chosen instead of 'master' are 'main', 'trunk' and
2025-10-06T01:31:40.0971181Z hint: 'development'. The just-created branch can be renamed via this command:
2025-10-06T01:31:40.0973428Z hint:
2025-10-06T01:31:40.0974606Z hint: 	git branch -m <name>
2025-10-06T01:31:40.0975950Z hint:
2025-10-06T01:31:40.0977219Z hint: Disable this message with "git config set advice.defaultBranchName false"
2025-10-06T01:31:40.0979227Z Initialized empty Git repository in /home/runner/work/scratchattach/scratchattach/.git/
2025-10-06T01:31:40.0983036Z [command]/usr/bin/git remote add origin https://github.com/Boss-1s/scratchattach
2025-10-06T01:31:40.1013446Z ##[endgroup]
2025-10-06T01:31:40.1015506Z ##[group]Disabling automatic garbage collection
2025-10-06T01:31:40.1017456Z [command]/usr/bin/git config --local gc.auto 0
2025-10-06T01:31:40.1042628Z ##[endgroup]
2025-10-06T01:31:40.1044980Z ##[group]Setting up auth
2025-10-06T01:31:40.1050307Z [command]/usr/bin/git config --local --name-only --get-regexp core\.sshCommand
2025-10-06T01:31:40.1078799Z [command]/usr/bin/git submodule foreach --recursive sh -c "git config --local --name-only --get-regexp 'core\.sshCommand' && git config --local --unset-all 'core.sshCommand' || :"
2025-10-06T01:31:40.1357710Z [command]/usr/bin/git config --local --name-only --get-regexp http\.https\:\/\/github\.com\/\.extraheader
2025-10-06T01:31:40.1385897Z [command]/usr/bin/git submodule foreach --recursive sh -c "git config --local --name-only --get-regexp 'http\.https\:\/\/github\.com\/\.extraheader' && git config --local --unset-all 'http.https://github.com/.extraheader' || :"
2025-10-06T01:31:40.1558388Z [command]/usr/bin/git config --local http.https://github.com/.extraheader AUTHORIZATION: basic ***
2025-10-06T01:31:40.1588318Z ##[endgroup]
2025-10-06T01:31:40.1589732Z ##[group]Fetching the repository
2025-10-06T01:31:40.1598177Z [command]/usr/bin/git -c protocol.version=2 fetch --no-tags --prune --no-recurse-submodules --depth=1 origin +refs/heads/main:refs/remotes/origin/main
2025-10-06T01:31:41.3510845Z From https://github.com/Boss-1s/scratchattach
2025-10-06T01:31:41.3512913Z  * [new branch]      main       -> origin/main
2025-10-06T01:31:41.3535262Z ##[endgroup]
2025-10-06T01:31:41.3535701Z ##[group]Determining the checkout info
2025-10-06T01:31:41.3537400Z ##[endgroup]
2025-10-06T01:31:41.3541988Z [command]/usr/bin/git sparse-checkout disable
2025-10-06T01:31:41.3577991Z [command]/usr/bin/git config --local --unset-all extensions.worktreeConfig
2025-10-06T01:31:41.3601101Z ##[group]Checking out the ref
2025-10-06T01:31:41.3605333Z [command]/usr/bin/git checkout --progress --force -B main refs/remotes/origin/main
2025-10-06T01:31:41.5117259Z Switched to a new branch 'main'
2025-10-06T01:31:41.5117974Z branch 'main' set up to track 'origin/main'.
2025-10-06T01:31:41.5130592Z ##[endgroup]
2025-10-06T01:31:41.5176201Z [command]/usr/bin/git log -1 --format=%H
2025-10-06T01:31:41.5198034Z 467c9317c3e56ef901d2d422336a5a83c523f2c8
2025-10-06T01:31:41.5411664Z ##[group]Run actions/setup-python@v5
2025-10-06T01:31:41.5412041Z with:
2025-10-06T01:31:41.5412277Z   check-latest: false
2025-10-06T01:31:41.5412710Z   token: ***
2025-10-06T01:31:41.5413135Z   update-environment: true
2025-10-06T01:31:41.5413436Z   allow-prereleases: false
2025-10-06T01:31:41.5413704Z   freethreaded: false
2025-10-06T01:31:41.5413935Z env:
2025-10-06T01:31:41.5414145Z   SKIP_CACHE: 
2025-10-06T01:31:41.5414361Z ##[endgroup]
2025-10-06T01:31:41.7037408Z [warning]Neither 'python-version' nor 'python-version-file' inputs were supplied. Attempting to find '.python-version' file.
2025-10-06T01:31:41.7038516Z [warning].python-version doesn't exist.
2025-10-06T01:31:41.7059360Z ##[warning]The `python-version` input is not set.  The version of Python currently in `PATH` will be used.
2025-10-06T01:31:41.7133392Z ##[group]Run version=$(python --version)
2025-10-06T01:31:41.7133964Z [36;1mversion=$(python --version)[0m
2025-10-06T01:31:41.7134326Z [36;1mecho "::notice::Using python version: $version"[0m
2025-10-06T01:31:41.7134677Z [36;1mpip_version=$(pip --version)[0m
2025-10-06T01:31:41.7135037Z [36;1mecho "::notice::Using pip version: $pip_version"[0m
2025-10-06T01:31:41.7135413Z [36;1mpip install pip-tools[0m
2025-10-06T01:31:41.7135741Z [36;1mpip_compile_version=$(pip-compile --version)[0m
2025-10-06T01:31:41.7136156Z [36;1mecho "::notice::Using pip-compile version: $pip_compile_version"[0m
2025-10-06T01:31:41.7164121Z shell: /usr/bin/bash --noprofile --norc -e -o pipefail {0}
2025-10-06T01:31:41.7164523Z env:
2025-10-06T01:31:41.7164746Z   SKIP_CACHE: 
2025-10-06T01:31:41.7164968Z ##[endgroup]
2025-10-06T01:31:41.7243590Z ##[notice]Using python version: Python 3.12.3
2025-10-06T01:31:44.0278870Z ##[notice]Using pip version: pip 24.0 from /usr/lib/python3/dist-packages/pip (python 3.12)
2025-10-06T01:31:45.0453274Z Defaulting to user installation because normal site-packages is not writeable
2025-10-06T01:31:46.5349662Z Collecting pip-tools
2025-10-06T01:31:46.6235903Z   Downloading pip_tools-7.5.1-py3-none-any.whl.metadata (26 kB)
2025-10-06T01:31:46.6755587Z Collecting build>=1.0.0 (from pip-tools)
2025-10-06T01:31:46.6945374Z   Downloading build-1.3.0-py3-none-any.whl.metadata (5.6 kB)
2025-10-06T01:31:46.6991616Z Requirement already satisfied: click>=8 in /usr/lib/python3/dist-packages (from pip-tools) (8.1.6)
2025-10-06T01:31:46.7001007Z Requirement already satisfied: pip>=22.2 in /usr/lib/python3/dist-packages (from pip-tools) (24.0)
2025-10-06T01:31:46.7278311Z Collecting pyproject_hooks (from pip-tools)
2025-10-06T01:31:46.7489041Z   Downloading pyproject_hooks-1.2.0-py3-none-any.whl.metadata (1.3 kB)
2025-10-06T01:31:46.7525501Z Requirement already satisfied: setuptools in /usr/lib/python3/dist-packages (from pip-tools) (68.1.2)
2025-10-06T01:31:46.7531976Z Requirement already satisfied: wheel in /usr/lib/python3/dist-packages (from pip-tools) (0.42.0)
2025-10-06T01:31:46.7610815Z Requirement already satisfied: packaging>=19.1 in /usr/lib/python3/dist-packages (from build>=1.0.0->pip-tools) (24.0)
2025-10-06T01:31:46.7937330Z Downloading pip_tools-7.5.1-py3-none-any.whl (65 kB)
2025-10-06T01:31:46.8147287Z    ━━━━━━━━━━━━━━━━━━━━━━━━━━━━━━━━━━━━━━━━ 65.3/65.3 kB 3.0 MB/s eta 0:00:00
2025-10-06T01:31:46.8340112Z Downloading build-1.3.0-py3-none-any.whl (23 kB)
2025-10-06T01:31:46.8566405Z Downloading pyproject_hooks-1.2.0-py3-none-any.whl (10 kB)
2025-10-06T01:31:47.1813800Z Installing collected packages: pyproject_hooks, build, pip-tools
2025-10-06T01:31:47.2426593Z Successfully installed build-1.3.0 pip-tools-7.5.1 pyproject_hooks-1.2.0
2025-10-06T01:31:47.7972601Z ##[notice]Using pip-compile version: pip-compile, version 7.5.1
2025-10-06T01:31:47.8021736Z ##[group]Run if [[ -n "" ]]; then
2025-10-06T01:31:47.8022051Z [36;1mif [[ -n "" ]]; then[0m
2025-10-06T01:31:47.8022382Z [36;1m  echo "Python cache disabled via 'GH_DEPENDENCY_SUBMISSION_SKIP_CACHE'"[0m
2025-10-06T01:31:47.8022722Z [36;1melse[0m
2025-10-06T01:31:47.8023394Z [36;1m  echo "Caching Python packages. Set 'GH_DEPENDENCY_SUBMISSION_SKIP_CACHE=true' to skip caching in future."[0m
2025-10-06T01:31:47.8023815Z [36;1mfi[0m
2025-10-06T01:31:47.8043285Z shell: /usr/bin/bash -e {0}
2025-10-06T01:31:47.8043542Z env:
2025-10-06T01:31:47.8043724Z   SKIP_CACHE: 
2025-10-06T01:31:47.8043933Z ##[endgroup]
2025-10-06T01:31:47.8083671Z Caching Python packages. Set 'GH_DEPENDENCY_SUBMISSION_SKIP_CACHE=true' to skip caching in future.
2025-10-06T01:31:47.9198782Z ##[group]Run actions/cache@0400d5f644dc74513175e3cd8d07132dd4860809
2025-10-06T01:31:47.9199128Z with:
2025-10-06T01:31:47.9199316Z   path: ~/.cache/pip
2025-10-06T01:31:47.9199694Z   key: Linux-pip-python-5a00fefc972129031f421abe69b90f4bbdcde70f32fc624502f11f9b2a1e2c79
2025-10-06T01:31:47.9200130Z   restore-keys: Linux-python-

2025-10-06T01:31:47.9200370Z   enableCrossOsArchive: false
2025-10-06T01:31:47.9200609Z   fail-on-cache-miss: false
2025-10-06T01:31:47.9200827Z   lookup-only: false
2025-10-06T01:31:47.9201021Z   save-always: false
2025-10-06T01:31:47.9201207Z env:
2025-10-06T01:31:47.9201376Z   SKIP_CACHE: 
2025-10-06T01:31:47.9201562Z ##[endgroup]
2025-10-06T01:31:48.2809323Z Cache hit for: Linux-pip-python-5a00fefc972129031f421abe69b90f4bbdcde70f32fc624502f11f9b2a1e2c79
2025-10-06T01:31:48.9220437Z Received 1473765 of 1473765 (100.0%), 3.4 MBs/sec
2025-10-06T01:31:48.9220898Z Cache Size: ~1 MB (1473765 B)
2025-10-06T01:31:48.9246666Z [command]/usr/bin/tar -xf /home/runner/work/_temp/8c90169d-93e0-4dc2-ba1c-4d6bc8e6f1d5/cache.tzst -P -C /home/runner/work/scratchattach/scratchattach --use-compress-program unzstd
2025-10-06T01:31:48.9362472Z Cache restored successfully
2025-10-06T01:31:48.9440884Z Cache restored from key: Linux-pip-python-5a00fefc972129031f421abe69b90f4bbdcde70f32fc624502f11f9b2a1e2c79
2025-10-06T01:31:48.9495377Z ##[group]Run if pip-compile --dry-run -o requirements.out requirements.txt; then
2025-10-06T01:31:48.9495894Z [36;1mif pip-compile --dry-run -o requirements.out requirements.txt; then[0m
2025-10-06T01:31:48.9496290Z [36;1m  echo "::debug::Python validate no broken dependencies"[0m
2025-10-06T01:31:48.9496642Z [36;1m  echo "{valid-project}={true}" >> "$GITHUB_OUTPUT"[0m
2025-10-06T01:31:48.9496920Z [36;1melse[0m
2025-10-06T01:31:48.9497170Z [36;1m  echo "{valid-project}={false}" >> "$GITHUB_OUTPUT"[0m
2025-10-06T01:31:48.9497585Z [36;1m  echo "### :warning: Python validation failed in repository root" >> $GITHUB_STEP_SUMMARY[0m
2025-10-06T01:31:48.9498378Z [36;1m  echo "We were unable to validate a Python project in the repository root. If your repository requires additional setup steps, you may need to check in your own workflow." >> $GITHUB_STEP_SUMMARY[0m
2025-10-06T01:31:48.9499067Z [36;1m  echo "" >> $GITHUB_STEP_SUMMARY[0m
2025-10-06T01:31:48.9499926Z [36;1m  echo "For more information on submitting Python dependencies from your own workflow, refer to [the submission action](https://github.com/actions/component-detection-dependency-submission-action)" >> $GITHUB_STEP_SUMMARY[0m
2025-10-06T01:31:48.9500803Z [36;1m  echo "::warning::Python validation failed in the repository root."[0m
2025-10-06T01:31:48.9501123Z [36;1m  exit 1[0m
2025-10-06T01:31:48.9501319Z [36;1mfi[0m
2025-10-06T01:31:48.9520127Z shell: /usr/bin/bash -e {0}
2025-10-06T01:31:48.9520367Z env:
2025-10-06T01:31:48.9520558Z   SKIP_CACHE: 
2025-10-06T01:31:48.9520757Z ##[endgroup]
2025-10-06T01:31:51.4056681Z WARNING: --strip-extras is becoming the default in version 8.0.0. To silence this warning, either use --strip-extras to opt into the new default or use --no-strip-extras to retain the existing behavior.
2025-10-06T01:31:51.4057436Z #
2025-10-06T01:31:51.4057723Z # This file is autogenerated by pip-compile with Python 3.12
2025-10-06T01:31:51.4058240Z # by the following command:
2025-10-06T01:31:51.4058534Z #
2025-10-06T01:31:51.4058795Z #    pip-compile --output-file=requirements.out requirements.txt
2025-10-06T01:31:51.4059276Z #
2025-10-06T01:31:51.4059512Z beautifulsoup4==4.14.2
2025-10-06T01:31:51.4059790Z     # via bs4
2025-10-06T01:31:51.4060033Z bs4==0.0.2
2025-10-06T01:31:51.4060252Z     # via scratchattach
2025-10-06T01:31:51.4060573Z certifi==2025.10.5
2025-10-06T01:31:51.4060822Z     # via requests
2025-10-06T01:31:51.4061087Z charset-normalizer==3.4.3
2025-10-06T01:31:51.4061367Z     # via requests
2025-10-06T01:31:51.4061636Z idna==3.10
2025-10-06T01:31:51.4061887Z     # via requests
2025-10-06T01:31:51.4062147Z requests==2.32.5
2025-10-06T01:31:51.4062433Z     # via scratchattach
2025-10-06T01:31:51.4063297Z scratchattach==2.1.13
2025-10-06T01:31:51.4063611Z     # via -r requirements.txt
2025-10-06T01:31:51.4063945Z simplewebsocketserver==0.1.2
2025-10-06T01:31:51.4064262Z     # via scratchattach
2025-10-06T01:31:51.4064559Z soupsieve==2.8
2025-10-06T01:31:51.4064866Z     # via beautifulsoup4
2025-10-06T01:31:51.4065208Z typing-extensions==4.15.0
2025-10-06T01:31:51.4065582Z     # via
2025-10-06T01:31:51.4065835Z     #   beautifulsoup4
2025-10-06T01:31:51.4066165Z     #   scratchattach
2025-10-06T01:31:51.4066473Z urllib3==2.5.0
2025-10-06T01:31:51.4066763Z     # via requests
2025-10-06T01:31:51.4067083Z websocket-client==1.8.0
2025-10-06T01:31:51.4067455Z     # via scratchattach
2025-10-06T01:31:51.4067812Z Dry-run, so nothing updated.
2025-10-06T01:31:51.4954481Z ##[group]Run actions/component-detection-dependency-submission-action@374343effede691df3a5ffaf36b4e7acab919590
2025-10-06T01:31:51.4954983Z with:
2025-10-06T01:31:51.4955173Z   detectorsCategories: Python
2025-10-06T01:31:51.4955428Z   detectorsFilter: PipReport
2025-10-06T01:31:51.4955703Z   snapshot-sha: 467c9317c3e56ef901d2d422336a5a83c523f2c8
2025-10-06T01:31:51.4955991Z   snapshot-ref: refs/heads/main
2025-10-06T01:31:51.4956242Z   detector-name: Automatic Dependency Submission
2025-10-06T01:31:51.4956520Z   detector-version: d151ad4cd06e
2025-10-06T01:31:51.4956933Z   detector-url: https://github.com/actions/component-detection-dependency-submission-action
2025-10-06T01:31:51.4957474Z   token: ***
2025-10-06T01:31:51.4957649Z   filePath: .
2025-10-06T01:31:51.4957831Z env:
2025-10-06T01:31:51.4958007Z   SKIP_CACHE: 
2025-10-06T01:31:51.4958187Z ##[endgroup]
2025-10-06T01:31:52.7650961Z Running component-detection
2025-10-06T01:31:52.7702136Z [command]/home/runner/work/scratchattach/scratchattach/component-detection scan --SourceDirectory . --ManifestFile ./output.json --DetectorsFilter PipReport --DetectorCategories Python
2025-10-06T01:31:53.0441576Z [01:31:53 INF] Finding components...
2025-10-06T01:31:53.6606497Z [01:31:53 INF] Starting enumeration of /home/runner/work/scratchattach/scratchattach
2025-10-06T01:31:53.6760894Z [01:31:53 INF] Enumerated 20 files and 0 directories in 00:00:00.0152671
2025-10-06T01:31:53.7005762Z [01:31:53 INF] PipReport: Generating pip installation report for /home/runner/work/scratchattach/scratchattach/requirements.txt
2025-10-06T01:31:55.9662259Z [01:31:55 INF] PipReport: Pip installation report for /home/runner/work/scratchattach/scratchattach/requirements.txt completed in 2.264 seconds with 12 detected packages.
2025-10-06T01:31:56.0818940Z                                [38;5;7mDetection Summary[0m                                
2025-10-06T01:31:56.0819763Z ┌───────────────────┬───────────────────┬───────────────────┬──────────────────┐
2025-10-06T01:31:56.0820646Z │ [1mComponent [0m        │ [1mDetection Time[0m    │ [1m# Components [0m     │ [1m# Explicitly [0m    │
2025-10-06T01:31:56.0821196Z │ [1mDetector Id[0m       │                   │ [1mFound[0m             │ [1mReferenced[0m       │
2025-10-06T01:31:56.0821685Z ├───────────────────┼───────────────────┼───────────────────┼──────────────────┤
2025-10-06T01:31:56.0822117Z │ [38;5;14mPipReport[0m         │ 2.9 seconds       │ 12                │ 1                │
2025-10-06T01:31:56.0822573Z │ ───────────────── │ ───────────────── │ ───────────────── │ ──────────────── │
2025-10-06T01:31:56.0823246Z │ [1;4mTotal[0m             │ 3 seconds         │ 12                │ 1                │
2025-10-06T01:31:56.0823686Z └───────────────────┴───────────────────┴───────────────────┴──────────────────┘
2025-10-06T01:31:56.0849710Z [01:31:56 INF] 
2025-10-06T01:31:56.0851051Z [01:31:56 INF] 
2025-10-06T01:31:56.0862554Z [01:31:56 INF] Detection time: 2.9605371 seconds.
2025-10-06T01:31:56.1145617Z [01:31:56 INF] Scan Manifest file: /home/runner/work/scratchattach/scratchattach/output.json
2025-10-06T01:31:56.1643564Z Getting manifests from results
2025-10-06T01:31:56.1688246Z ##[notice]Submitting snapshot...
2025-10-06T01:31:56.1715533Z ##[notice]{
    "manifests": {
        "requirements.txt": {
            "resolved": {
                "pkg:pypi/requests@2.32.5": {
                    "package_url": "pkg:pypi/requests@2.32.5",
                    "relationship": "indirect",
                    "scope": "runtime",
                    "dependencies": []
                },
                "pkg:pypi/certifi@2025.10.5": {
                    "package_url": "pkg:pypi/certifi@2025.10.5",
                    "relationship": "indirect",
                    "scope": "runtime",
                    "dependencies": []
                },
                "pkg:pypi/urllib3@2.5.0": {
                    "package_url": "pkg:pypi/urllib3@2.5.0",
                    "relationship": "indirect",
                    "scope": "runtime",
                    "dependencies": []
                },
                "pkg:pypi/typing-extensions@4.15.0": {
                    "package_url": "pkg:pypi/typing-extensions@4.15.0",
                    "relationship": "indirect",
                    "scope": "runtime",
                    "dependencies": []
                },
                "pkg:pypi/bs4@0.0.2": {
                    "package_url": "pkg:pypi/bs4@0.0.2",
                    "relationship": "indirect",
                    "scope": "runtime",
                    "dependencies": []
                },
                "pkg:pypi/websocket-client@1.8.0": {
                    "package_url": "pkg:pypi/websocket-client@1.8.0",
                    "relationship": "indirect",
                    "scope": "runtime",
                    "dependencies": []
                },
                "pkg:pypi/beautifulsoup4@4.14.2": {
                    "package_url": "pkg:pypi/beautifulsoup4@4.14.2",
                    "relationship": "indirect",
                    "scope": "runtime",
                    "dependencies": []
                },
                "pkg:pypi/soupsieve@2.8": {
                    "package_url": "pkg:pypi/soupsieve@2.8",
                    "relationship": "indirect",
                    "scope": "runtime",
                    "dependencies": []
                },
                "pkg:pypi/simplewebsocketserver@0.1.2": {
                    "package_url": "pkg:pypi/simplewebsocketserver@0.1.2",
                    "relationship": "indirect",
                    "scope": "runtime",
                    "dependencies": []
                },
                "pkg:pypi/scratchattach@2.1.13": {
                    "package_url": "pkg:pypi/scratchattach@2.1.13",
                    "relationship": "direct",
                    "scope": "runtime",
                    "dependencies": [
                        "pkg:pypi/requests@2.32.5",
                        "pkg:pypi/certifi@2025.10.5",
                        "pkg:pypi/urllib3@2.5.0",
                        "pkg:pypi/typing-extensions@4.15.0",
                        "pkg:pypi/bs4@0.0.2",
                        "pkg:pypi/websocket-client@1.8.0",
                        "pkg:pypi/beautifulsoup4@4.14.2",
                        "pkg:pypi/soupsieve@2.8",
                        "pkg:pypi/simplewebsocketserver@0.1.2",
                        "pkg:pypi/idna@3.10",
                        "pkg:pypi/charset-normalizer@3.4.3"
                    ]
                },
                "pkg:pypi/idna@3.10": {
                    "package_url": "pkg:pypi/idna@3.10",
                    "relationship": "indirect",
                    "scope": "runtime",
                    "dependencies": []
                },
                "pkg:pypi/charset-normalizer@3.4.3": {
                    "package_url": "pkg:pypi/charset-normalizer@3.4.3",
                    "relationship": "indirect",
                    "scope": "runtime",
                    "dependencies": []
                }
            },
            "name": "requirements.txt",
            "file": {
                "source_location": "requirements.txt"
            }
        }
    },
    "version": 0,
    "job": {
        "correlator": "submit-pypi",
        "id": "18267473078"
    },
    "sha
2025-10-06T01:31:56.5657219Z ##[notice]Snapshot successfully created at 2025-10-06T01:31:56.423Z
2025-10-06T01:31:56.7440260Z Post job cleanup.
2025-10-06T01:31:56.8677515Z Cache hit occurred on the primary key Linux-pip-python-5a00fefc972129031f421abe69b90f4bbdcde70f32fc624502f11f9b2a1e2c79, not saving cache.
2025-10-06T01:31:56.8738856Z Post job cleanup.
2025-10-06T01:31:57.0348624Z Post job cleanup.
2025-10-06T01:31:57.1088741Z [command]/usr/bin/git version
2025-10-06T01:31:57.1122203Z git version 2.51.0
2025-10-06T01:31:57.1156686Z Temporarily overriding HOME='/home/runner/work/_temp/12e5b590-e1b7-4775-8d24-eb66e1a4a1c7' before making global git config changes
2025-10-06T01:31:57.1157856Z Adding repository directory to the temporary git global config as a safe directory
2025-10-06T01:31:57.1162476Z [command]/usr/bin/git config --global --add safe.directory /home/runner/work/scratchattach/scratchattach
2025-10-06T01:31:57.1195367Z [command]/usr/bin/git config --local --name-only --get-regexp core\.sshCommand
2025-10-06T01:31:57.1224239Z [command]/usr/bin/git submodule foreach --recursive sh -c "git config --local --name-only --get-regexp 'core\.sshCommand' && git config --local --unset-all 'core.sshCommand' || :"
2025-10-06T01:31:57.1410792Z [command]/usr/bin/git config --local --name-only --get-regexp http\.https\:\/\/github\.com\/\.extraheader
2025-10-06T01:31:57.1429920Z http.https://github.com/.extraheader
2025-10-06T01:31:57.1438829Z [command]/usr/bin/git config --local --unset-all http.https://github.com/.extraheader
2025-10-06T01:31:57.1466121Z [command]/usr/bin/git submodule foreach --recursive sh -c "git config --local --name-only --get-regexp 'http\.https\:\/\/github\.com\/\.extraheader' && git config --local --unset-all 'http.https://github.com/.extraheader' || :"
2025-10-06T01:31:57.1742811Z Cleaning up orphan processes
