2026-01-12T02:04:28.5920484Z Current runner version: '2.330.0'
2026-01-12T02:04:28.5946688Z ##[group]Runner Image Provisioner
2026-01-12T02:04:28.5947646Z Hosted Compute Agent
2026-01-12T02:04:28.5948195Z Version: 20251211.462
2026-01-12T02:04:28.5948803Z Commit: 6cbad8c2bb55d58165063d031ccabf57e2d2db61
2026-01-12T02:04:28.5949582Z Build Date: 2025-12-11T16:28:49Z
2026-01-12T02:04:28.5950259Z Worker ID: {fe97e521-ead0-42c8-87f6-133c01070d32}
2026-01-12T02:04:28.5950967Z ##[endgroup]
2026-01-12T02:04:28.5951554Z ##[group]Operating System
2026-01-12T02:04:28.5952461Z Ubuntu
2026-01-12T02:04:28.5952942Z 24.04.3
2026-01-12T02:04:28.5953502Z LTS
2026-01-12T02:04:28.5953950Z ##[endgroup]
2026-01-12T02:04:28.5954510Z ##[group]Runner Image
2026-01-12T02:04:28.5955084Z Image: ubuntu-24.04
2026-01-12T02:04:28.5955631Z Version: 20260105.202.1
2026-01-12T02:04:28.5956662Z Included Software: https://github.com/actions/runner-images/blob/ubuntu24/20260105.202/images/ubuntu/Ubuntu2404-Readme.md
2026-01-12T02:04:28.5958249Z Image Release: https://github.com/actions/runner-images/releases/tag/ubuntu24%2F20260105.202
2026-01-12T02:04:28.5959304Z ##[endgroup]
2026-01-12T02:04:28.5960671Z ##[group]GITHUB_TOKEN Permissions
2026-01-12T02:04:28.5963026Z Actions: read
2026-01-12T02:04:28.5963690Z Contents: read
2026-01-12T02:04:28.5964216Z Metadata: read
2026-01-12T02:04:28.5964822Z Packages: read
2026-01-12T02:04:28.5965328Z SecurityEvents: write
2026-01-12T02:04:28.5965958Z ##[endgroup]
2026-01-12T02:04:28.5968127Z Secret source: Actions
2026-01-12T02:04:28.5968910Z Prepare workflow directory
2026-01-12T02:04:28.6516818Z Prepare all required actions
2026-01-12T02:04:28.6556621Z Getting action download info
2026-01-12T02:04:28.9347508Z Download action repository 'actions/checkout@v4' (SHA:34e114876b0b11c390a56381ad16ebd13914f8d5)
2026-01-12T02:04:29.0428584Z Download action repository 'github/codeql-action@v4' (SHA:5d4e8d1aca955e8d8589aabd499c5cae939e33c7)
2026-01-12T02:04:29.8929195Z Complete job name: Analyze (actions)
2026-01-12T02:04:29.9620194Z ##[group]Run actions/checkout@v4
2026-01-12T02:04:29.9621191Z with:
2026-01-12T02:04:29.9621680Z   repository: Boss-1s/scratchattach
2026-01-12T02:04:29.9622884Z   token: ***
2026-01-12T02:04:29.9623347Z   ssh-strict: true
2026-01-12T02:04:29.9623831Z   ssh-user: git
2026-01-12T02:04:29.9624294Z   persist-credentials: true
2026-01-12T02:04:29.9624810Z   clean: true
2026-01-12T02:04:29.9625264Z   sparse-checkout-cone-mode: true
2026-01-12T02:04:29.9625820Z   fetch-depth: 1
2026-01-12T02:04:29.9626261Z   fetch-tags: false
2026-01-12T02:04:29.9626724Z   show-progress: true
2026-01-12T02:04:29.9627176Z   lfs: false
2026-01-12T02:04:29.9627614Z   submodules: false
2026-01-12T02:04:29.9628095Z   set-safe-directory: true
2026-01-12T02:04:29.9628926Z env:
2026-01-12T02:04:29.9629368Z   CODE_SCANNING_REF: refs/heads/main
2026-01-12T02:04:29.9629948Z   CODE_SCANNING_BASE_BRANCH: 
2026-01-12T02:04:29.9630548Z   CODE_SCANNING_IS_ANALYZING_DEFAULT_BRANCH: true
2026-01-12T02:04:29.9631325Z   CODE_SCANNING_IS_STEADY_STATE_DEFAULT_SETUP: true
2026-01-12T02:04:29.9642681Z   CODE_SCANNING_WORKFLOW_FILE: H4sIAAAAAAAA/6RV32/bNhB+919x8AakfZDzsicBBaY4cuLNsFNJQZcVBUFTJ5mLTKr8kVTt8r8PFKVYWuM5Q/1kHj9+vLvv40nQPYYwncsc36+mE2VF4EM/f/sGJTc7u53hAwoz46K2Rs+YzJFoRoXgoiTKCuLw8PQ0kSKEvBF0z9lkguIhnADMN5cxSefRer1cX5EkXryaGAvH+W+GiyiNyUUSrefXr2XaUo1kq6hgu5cYlymJ1tHq7k+3uIwX0e0q+583cE2ooFXz1S1yLKitzH/fmGZxdHlH0izK4udL0zi7vQnBKIvfnfmwSX5frDYfyGK5il+b16NU90UlH0nBq1ahyV9yq50sPl10fwG83pEPwRvHvadG8S+ziorS0tKdfdtClRU6cDo7UKHk/rd0s37ToZUVAtVbXzJAjWrPteZSaH8PAGWmXYJCmncxJoVBYcbBmrJ7WuI4qJFZxU0TtCXrEB4VNzjpSbiwGEgRoFJShVDQSvtNbRQ1WDZ9FgXlVVBQbYYg6GruQQBcsMrmeAgABNB3JOxrGewCMHePVE0I58/Al3Bby6s82MscQxBS4GjTtzGEs49Tu7XC2KCiBrWZfjo7kkrdmJ0UJzN5AfZDiWiDdSdt0JlovkN2L60BhbXU3EjVdJRWOzW7ZpyzDvfrwy+TEcFScMNpxb8i+JE0Ou4tf+5c/rkKPNk5F7zl8cBHbnYHyVqfa66Dey5yHYI7GfTv4xnVd0h7X39v/slL/RpAD+EhOMcaRY6CNQGjbMdF6Q/5vs5QPHAlxR6FgXfv4MwXF+ykNpifDYk+W1TcZTedwk9w6QdMG21A2/4NdO+g4GUIfw+E7AZSoNHYOhwpLFU5DgC4IqrAvT8dwsdXDhovCGlPwdMTfBqQmp1CatrmVC1lt9srnrq0oFbySwOFVKCw5Nq4ejsSnod++7QVtKHKBC34mCMO9IQpzFE4u3XCa2QKjZ5dLbPr2wuSxFfLNEuWcUpuks0fd0NJDo/viGPGtr5BVUi17zztZ63m+nRF3aA+VNN9V/3PfSPer3x25HqTZl0d7mHO2jbMpDWtYO2KOHMNyxgR3GySkwS1VMcJ5hGZx0m2XCznURafomKUMFSGF9wNq6Okt8kqPUVlVaUPBGPBD5NwoFQfdIf+CQAA//+2RVGDAgkAAA==
2026-01-12T02:04:29.9654392Z ##[endgroup]
2026-01-12T02:04:30.0787891Z Syncing repository: Boss-1s/scratchattach
2026-01-12T02:04:30.0790156Z ##[group]Getting Git version info
2026-01-12T02:04:30.0791063Z Working directory is '/home/runner/work/scratchattach/scratchattach'
2026-01-12T02:04:30.0792769Z [command]/usr/bin/git version
2026-01-12T02:04:30.0884927Z git version 2.52.0
2026-01-12T02:04:30.0915941Z ##[endgroup]
2026-01-12T02:04:30.0932031Z Temporarily overriding HOME='/home/runner/work/_temp/243e1ccf-7458-4b51-9856-2732b0d8a7d9' before making global git config changes
2026-01-12T02:04:30.0934359Z Adding repository directory to the temporary git global config as a safe directory
2026-01-12T02:04:30.0938030Z [command]/usr/bin/git config --global --add safe.directory /home/runner/work/scratchattach/scratchattach
2026-01-12T02:04:30.0986453Z Deleting the contents of '/home/runner/work/scratchattach/scratchattach'
2026-01-12T02:04:30.0990390Z ##[group]Initializing the repository
2026-01-12T02:04:30.0995126Z [command]/usr/bin/git init /home/runner/work/scratchattach/scratchattach
2026-01-12T02:04:30.1141077Z hint: Using 'master' as the name for the initial branch. This default branch name
2026-01-12T02:04:30.1143765Z hint: will change to "main" in Git 3.0. To configure the initial branch name
2026-01-12T02:04:30.1146133Z hint: to use in all of your new repositories, which will suppress this warning,
2026-01-12T02:04:30.1147580Z hint: call:
2026-01-12T02:04:30.1148067Z hint:
2026-01-12T02:04:30.1148709Z hint: 	git config --global init.defaultBranch <name>
2026-01-12T02:04:30.1149380Z hint:
2026-01-12T02:04:30.1150020Z hint: Names commonly chosen instead of 'master' are 'main', 'trunk' and
2026-01-12T02:04:30.1151382Z hint: 'development'. The just-created branch can be renamed via this command:
2026-01-12T02:04:30.1152796Z hint:
2026-01-12T02:04:30.1153479Z hint: 	git branch -m <name>
2026-01-12T02:04:30.1154030Z hint:
2026-01-12T02:04:30.1154707Z hint: Disable this message with "git config set advice.defaultBranchName false"
2026-01-12T02:04:30.1155919Z Initialized empty Git repository in /home/runner/work/scratchattach/scratchattach/.git/
2026-01-12T02:04:30.1159338Z [command]/usr/bin/git remote add origin https://github.com/Boss-1s/scratchattach
2026-01-12T02:04:30.1197898Z ##[endgroup]
2026-01-12T02:04:30.1198765Z ##[group]Disabling automatic garbage collection
2026-01-12T02:04:30.1202585Z [command]/usr/bin/git config --local gc.auto 0
2026-01-12T02:04:30.1233592Z ##[endgroup]
2026-01-12T02:04:30.1234374Z ##[group]Setting up auth
2026-01-12T02:04:30.1240552Z [command]/usr/bin/git config --local --name-only --get-regexp core\.sshCommand
2026-01-12T02:04:30.1274665Z [command]/usr/bin/git submodule foreach --recursive sh -c "git config --local --name-only --get-regexp 'core\.sshCommand' && git config --local --unset-all 'core.sshCommand' || :"
2026-01-12T02:04:30.1652542Z [command]/usr/bin/git config --local --name-only --get-regexp http\.https\:\/\/github\.com\/\.extraheader
2026-01-12T02:04:30.1687904Z [command]/usr/bin/git submodule foreach --recursive sh -c "git config --local --name-only --get-regexp 'http\.https\:\/\/github\.com\/\.extraheader' && git config --local --unset-all 'http.https://github.com/.extraheader' || :"
2026-01-12T02:04:30.1920650Z [command]/usr/bin/git config --local --name-only --get-regexp ^includeIf\.gitdir:
2026-01-12T02:04:30.1953822Z [command]/usr/bin/git submodule foreach --recursive git config --local --show-origin --name-only --get-regexp remote.origin.url
2026-01-12T02:04:30.2188850Z [command]/usr/bin/git config --local http.https://github.com/.extraheader AUTHORIZATION: basic ***
2026-01-12T02:04:30.2225739Z ##[endgroup]
2026-01-12T02:04:30.2226602Z ##[group]Fetching the repository
2026-01-12T02:04:30.2235039Z [command]/usr/bin/git -c protocol.version=2 fetch --no-tags --prune --no-recurse-submodules --depth=1 origin +cf97aa4733a7dc0bf15d9a0c0085f05d74a0cb39:refs/remotes/origin/main
2026-01-12T02:04:46.7694302Z From https://github.com/Boss-1s/scratchattach
2026-01-12T02:04:46.7695319Z  * [new ref]         cf97aa4733a7dc0bf15d9a0c0085f05d74a0cb39 -> origin/main
2026-01-12T02:04:46.7731375Z ##[endgroup]
2026-01-12T02:04:46.7732927Z ##[group]Determining the checkout info
2026-01-12T02:04:46.7733943Z ##[endgroup]
2026-01-12T02:04:46.7740077Z [command]/usr/bin/git sparse-checkout disable
2026-01-12T02:04:46.7783564Z [command]/usr/bin/git config --local --unset-all extensions.worktreeConfig
2026-01-12T02:04:46.7808675Z ##[group]Checking out the ref
2026-01-12T02:04:46.7813492Z [command]/usr/bin/git checkout --progress --force -B main refs/remotes/origin/main
2026-01-12T02:04:47.9581365Z Updating files:  85% (2610/3045)
2026-01-12T02:04:48.2476306Z Updating files:  86% (2619/3045)
2026-01-12T02:04:48.4640848Z Updating files:  87% (2650/3045)
2026-01-12T02:04:48.4686583Z Updating files:  88% (2680/3045)
2026-01-12T02:04:48.4724103Z Updating files:  89% (2711/3045)
2026-01-12T02:04:48.6759480Z Updating files:  90% (2741/3045)
2026-01-12T02:04:48.7355666Z Updating files:  91% (2771/3045)
2026-01-12T02:04:48.8164105Z Updating files:  92% (2802/3045)
2026-01-12T02:04:49.2197394Z Updating files:  92% (2808/3045)
2026-01-12T02:04:49.5259963Z Updating files:  93% (2832/3045)
2026-01-12T02:04:49.7717990Z Updating files:  94% (2863/3045)
2026-01-12T02:04:49.8135275Z Updating files:  95% (2893/3045)
2026-01-12T02:04:50.0912135Z Updating files:  95% (2896/3045)
2026-01-12T02:04:50.2621129Z Updating files:  96% (2924/3045)
2026-01-12T02:04:50.5706158Z Updating files:  97% (2954/3045)
2026-01-12T02:04:50.8524183Z Updating files:  98% (2985/3045)
2026-01-12T02:04:51.2135110Z Updating files:  98% (2998/3045)
2026-01-12T02:04:51.5214879Z Updating files:  99% (3015/3045)
2026-01-12T02:04:51.5215865Z Updating files: 100% (3045/3045)
2026-01-12T02:04:51.5244000Z Updating files: 100% (3045/3045), done.
2026-01-12T02:04:51.5263795Z Switched to a new branch 'main'
2026-01-12T02:04:51.5267133Z branch 'main' set up to track 'origin/main'.
2026-01-12T02:04:51.5405067Z ##[endgroup]
2026-01-12T02:04:51.5444186Z [command]/usr/bin/git log -1 --format=%H
2026-01-12T02:04:51.5465877Z cf97aa4733a7dc0bf15d9a0c0085f05d74a0cb39
2026-01-12T02:04:51.5738536Z ##[group]Run github/codeql-action/init@v4
2026-01-12T02:04:51.5738825Z with:
2026-01-12T02:04:51.5739017Z   analysis-kinds: code-scanning
2026-01-12T02:04:51.5739246Z   languages: actions
2026-01-12T02:04:51.5739432Z   build-mode: none
2026-01-12T02:04:51.5739619Z   dependency-caching: true
2026-01-12T02:04:51.5739945Z   config: default-setup:
  org:
    model-packs: [  ]
threat-models: [  ]

2026-01-12T02:04:51.5740447Z   token: ***
2026-01-12T02:04:51.5740881Z   matrix: {
  "language": "actions",
  "category": "/language:actions",
  "build-mode": "none",
  "runner": "[\"ubuntu-latest\"]"
}
2026-01-12T02:04:51.5741397Z   debug: false
2026-01-12T02:04:51.5741565Z env:
2026-01-12T02:04:51.5741763Z   CODE_SCANNING_REF: refs/heads/main
2026-01-12T02:04:51.5742155Z   CODE_SCANNING_BASE_BRANCH: 
2026-01-12T02:04:51.5742415Z   CODE_SCANNING_IS_ANALYZING_DEFAULT_BRANCH: true
2026-01-12T02:04:51.5742729Z   CODE_SCANNING_IS_STEADY_STATE_DEFAULT_SETUP: true
2026-01-12T02:04:51.5748314Z   CODE_SCANNING_WORKFLOW_FILE: H4sIAAAAAAAA/6RV32/bNhB+919x8AakfZDzsicBBaY4cuLNsFNJQZcVBUFTJ5mLTKr8kVTt8r8PFKVYWuM5Q/1kHj9+vLvv40nQPYYwncsc36+mE2VF4EM/f/sGJTc7u53hAwoz46K2Rs+YzJFoRoXgoiTKCuLw8PQ0kSKEvBF0z9lkguIhnADMN5cxSefRer1cX5EkXryaGAvH+W+GiyiNyUUSrefXr2XaUo1kq6hgu5cYlymJ1tHq7k+3uIwX0e0q+583cE2ooFXz1S1yLKitzH/fmGZxdHlH0izK4udL0zi7vQnBKIvfnfmwSX5frDYfyGK5il+b16NU90UlH0nBq1ahyV9yq50sPl10fwG83pEPwRvHvadG8S+ziorS0tKdfdtClRU6cDo7UKHk/rd0s37ToZUVAtVbXzJAjWrPteZSaH8PAGWmXYJCmncxJoVBYcbBmrJ7WuI4qJFZxU0TtCXrEB4VNzjpSbiwGEgRoFJShVDQSvtNbRQ1WDZ9FgXlVVBQbYYg6GruQQBcsMrmeAgABNB3JOxrGewCMHePVE0I58/Al3Bby6s82MscQxBS4GjTtzGEs49Tu7XC2KCiBrWZfjo7kkrdmJ0UJzN5AfZDiWiDdSdt0JlovkN2L60BhbXU3EjVdJRWOzW7ZpyzDvfrwy+TEcFScMNpxb8i+JE0Ou4tf+5c/rkKPNk5F7zl8cBHbnYHyVqfa66Dey5yHYI7GfTv4xnVd0h7X39v/slL/RpAD+EhOMcaRY6CNQGjbMdF6Q/5vs5QPHAlxR6FgXfv4MwXF+ykNpifDYk+W1TcZTedwk9w6QdMG21A2/4NdO+g4GUIfw+E7AZSoNHYOhwpLFU5DgC4IqrAvT8dwsdXDhovCGlPwdMTfBqQmp1CatrmVC1lt9srnrq0oFbySwOFVKCw5Nq4ejsSnod++7QVtKHKBC34mCMO9IQpzFE4u3XCa2QKjZ5dLbPr2wuSxFfLNEuWcUpuks0fd0NJDo/viGPGtr5BVUi17zztZ63m+nRF3aA+VNN9V/3PfSPer3x25HqTZl0d7mHO2jbMpDWtYO2KOHMNyxgR3GySkwS1VMcJ5hGZx0m2XCznURafomKUMFSGF9wNq6Okt8kqPUVlVaUPBGPBD5NwoFQfdIf+CQAA//+2RVGDAgkAAA==
2026-01-12T02:04:51.5754338Z ##[endgroup]
2026-01-12T02:04:52.0727444Z Job run UUID is 3b8ba318-44e3-4943-8b45-899a6ad1c777.
2026-01-12T02:04:52.4568976Z ##[group]Setup CodeQL tools
2026-01-12T02:04:52.4632711Z [command]/usr/bin/tar --version
2026-01-12T02:04:52.4677997Z tar (GNU tar) 1.35
2026-01-12T02:04:52.4678478Z Copyright (C) 2023 Free Software Foundation, Inc.
2026-01-12T02:04:52.4679303Z License GPLv3+: GNU GPL version 3 or later <https://gnu.org/licenses/gpl.html>.
2026-01-12T02:04:52.4680137Z This is free software: you are free to change and redistribute it.
2026-01-12T02:04:52.4680915Z There is NO WARRANTY, to the extent permitted by law.
2026-01-12T02:04:52.4681284Z 
2026-01-12T02:04:52.4681454Z Written by John Gilmore and Jay Fenlason.
2026-01-12T02:04:52.4689101Z Found gnu tar version 1.35.
2026-01-12T02:04:52.4714180Z Found CodeQL tools version 2.23.8 in the toolcache.
2026-01-12T02:04:52.4714977Z Using CodeQL CLI version 2.23.8 from toolcache at /opt/hostedtoolcache/CodeQL/2.23.8/x64
2026-01-12T02:04:55.3125650Z [command]/opt/hostedtoolcache/CodeQL/2.23.8/x64/codeql/codeql version --format=json
2026-01-12T02:04:55.9374154Z {
2026-01-12T02:04:55.9374638Z   "productName" : "CodeQL",
2026-01-12T02:04:55.9375260Z   "vendor" : "GitHub",
2026-01-12T02:04:55.9376085Z   "version" : "2.23.8",
2026-01-12T02:04:55.9376491Z   "sha" : "d1011989dbb0da337606a511d9a16ba52ef49122",
2026-01-12T02:04:55.9376956Z   "branches" : [
2026-01-12T02:04:55.9377278Z     "codeql-cli-2.23.8"
2026-01-12T02:04:55.9377604Z   ],
2026-01-12T02:04:55.9377976Z   "copyright" : "Copyright (C) 2019-2025 GitHub, Inc.",
2026-01-12T02:04:55.9378620Z   "unpackedLocation" : "/opt/hostedtoolcache/CodeQL/2.23.8/x64/codeql",
2026-01-12T02:04:55.9379239Z   "configFileLocation" : "/home/runner/.config/codeql/config",
2026-01-12T02:04:55.9379966Z   "configFileFound" : false,
2026-01-12T02:04:55.9380193Z   "overlayVersion" : 4,
2026-01-12T02:04:55.9380386Z   "features" : {
2026-01-12T02:04:55.9380590Z     "analysisSummaryV2Default" : true,
2026-01-12T02:04:55.9380834Z     "buildModeOption" : true,
2026-01-12T02:04:55.9381101Z     "bundleSupportsIncludeDiagnostics" : true,
2026-01-12T02:04:55.9381379Z     "bundleSupportsIncludeLogs" : true,
2026-01-12T02:04:55.9381725Z     "databaseInterpretResultsSupportsSarifRunProperty" : true,
2026-01-12T02:04:55.9382397Z     "featuresInVersionResult" : true,
2026-01-12T02:04:55.9382707Z     "indirectTracingSupportsStaticBinaries" : false,
2026-01-12T02:04:55.9383036Z     "informsAboutUnsupportedPathFilters" : true,
2026-01-12T02:04:55.9383325Z     "supportsPython312" : true,
2026-01-12T02:04:55.9383552Z     "mrvaPackCreate" : true,
2026-01-12T02:04:55.9383764Z     "threatModelOption" : true,
2026-01-12T02:04:55.9383996Z     "traceCommandUseBuildMode" : true,
2026-01-12T02:04:55.9384236Z     "v2ramSizing" : true,
2026-01-12T02:04:55.9384468Z     "mrvaPackCreateMultipleQueries" : true,
2026-01-12T02:04:55.9384730Z     "setsCodeqlRunnerEnvVar" : true,
2026-01-12T02:04:55.9384996Z     "sarifMergeRunsFromEqualCategory" : true,
2026-01-12T02:04:55.9385253Z     "forceOverwrite" : true,
2026-01-12T02:04:55.9385482Z     "generateSummarySymbolMap" : true,
2026-01-12T02:04:55.9385757Z     "pythonDefaultIsToNotExtractStdlib" : true,
2026-01-12T02:04:55.9386043Z     "queryServerRunQueries" : true,
2026-01-12T02:04:55.9386299Z     "queryServerTrimCacheWithMode" : true,
2026-01-12T02:04:55.9386600Z     "builtinExtractorsSpecifyDefaultQueries" : true,
2026-01-12T02:04:55.9386900Z     "bqrsDiffResultSets" : true
2026-01-12T02:04:55.9387107Z   }
2026-01-12T02:04:55.9387444Z }
2026-01-12T02:04:55.9512099Z ##[endgroup]
2026-01-12T02:04:55.9516425Z ##[group]Load language configuration
2026-01-12T02:04:55.9551475Z [command]/opt/hostedtoolcache/CodeQL/2.23.8/x64/codeql/codeql resolve languages --format=betterjson --extractor-options-verbosity=4 --extractor-include-aliases --filter-to-languages-with-queries
2026-01-12T02:04:58.4421424Z {
2026-01-12T02:04:58.4422383Z   "aliases" : {
2026-01-12T02:04:58.4423021Z     "c" : "cpp",
2026-01-12T02:04:58.4423621Z     "c++" : "cpp",
2026-01-12T02:04:58.4424182Z     "c-c++" : "cpp",
2026-01-12T02:04:58.4425018Z     "c-cpp" : "cpp",
2026-01-12T02:04:58.4426986Z     "c#" : "csharp",
2026-01-12T02:04:58.4427649Z     "java-kotlin" : "java",
2026-01-12T02:04:58.4428233Z     "kotlin" : "java",
2026-01-12T02:04:58.4428789Z     "javascript-typescript" : "javascript",
2026-01-12T02:04:58.4433857Z     "typescript" : "javascript"
2026-01-12T02:04:58.4437141Z   },
2026-01-12T02:04:58.4437488Z   "extractors" : {
2026-01-12T02:04:58.4442242Z     "rust" : [
2026-01-12T02:04:58.4443179Z       {
2026-01-12T02:04:58.4444059Z         "extractor_root" : "/opt/hostedtoolcache/CodeQL/2.23.8/x64/codeql/rust",
2026-01-12T02:04:58.4444974Z         "extractor_options" : {
2026-01-12T02:04:58.4447938Z           "trap" : {
2026-01-12T02:04:58.4448365Z             "title" : "Options pertaining to TRAP.",
2026-01-12T02:04:58.4448931Z             "description" : "Options pertaining to TRAP.",
2026-01-12T02:04:58.4449451Z             "type" : "object",
2026-01-12T02:04:58.4449837Z             "properties" : {
2026-01-12T02:04:58.4450213Z               "compression" : {
2026-01-12T02:04:58.4450838Z                 "title" : "Controls compression for the TRAP files written by the extractor.",
2026-01-12T02:04:58.4452836Z                 "description" : "This option is only intended for use in debugging the extractor. Accepted values are 'gzip' (to write gzip-compressed TRAP) 'zstd' (to write Zstandard-compressed TRAP) and 'none' (the default, to write uncompressed TRAP).\n",
2026-01-12T02:04:58.4454542Z                 "type" : "string",
2026-01-12T02:04:58.4454987Z                 "pattern" : "^(none|gzip|zstd)$"
2026-01-12T02:04:58.4455422Z               }
2026-01-12T02:04:58.4455721Z             }
2026-01-12T02:04:58.4455970Z           },
2026-01-12T02:04:58.4456651Z           "cargo_target_dir" : {
2026-01-12T02:04:58.4457104Z             "title" : "Directory to use for cargo output files.",
2026-01-12T02:04:58.4459206Z             "description" : "This value is an optional path to use as `CARGO_TARGET_DIR` for the internal cargo commands the extractor uses. Pointing it to a persistent directory may reduce execution time of consecutive extractor runs. By default, a new scratch directory is used for each run.\n",
2026-01-12T02:04:58.4461123Z             "type" : "string"
2026-01-12T02:04:58.4461495Z           },
2026-01-12T02:04:58.4461796Z           "cargo_target" : {
2026-01-12T02:04:58.4462498Z             "title" : "Target architecture",
2026-01-12T02:04:58.4463568Z             "description" : "Target architecture to use for analysis, analogous to `cargo --target`. By default the host architecture is used.\n",
2026-01-12T02:04:58.4464608Z             "type" : "string"
2026-01-12T02:04:58.4464962Z           },
2026-01-12T02:04:58.4465234Z           "cargo_features" : {
2026-01-12T02:04:58.4465627Z             "title" : "Cargo features to turn on",
2026-01-12T02:04:58.4467438Z             "description" : "Comma-separated list of features to turn on. By default all features are enabled. If any features are specified, then only those features are enabled. The `default` feature must be explicitly specified if only default features are desired. Can be repeated.\n",
2026-01-12T02:04:58.4469284Z             "type" : "array"
2026-01-12T02:04:58.4469631Z           },
2026-01-12T02:04:58.4469942Z           "cargo_cfg_overrides" : {
2026-01-12T02:04:58.4470369Z             "title" : "Cargo cfg overrides",
2026-01-12T02:04:58.4471285Z             "description" : "Comma-separated list of cfg settings to enable, or disable if prefixed with `-`. Can be repeated.\n",
2026-01-12T02:04:58.4472529Z             "type" : "array"
2026-01-12T02:04:58.4472878Z           },
2026-01-12T02:04:58.4473158Z           "logging" : {
2026-01-12T02:04:58.4473604Z             "title" : "Options pertaining to logging.",
2026-01-12T02:04:58.4474181Z             "description" : "Options pertaining to logging.",
2026-01-12T02:04:58.4474707Z             "type" : "object",
2026-01-12T02:04:58.4475080Z             "properties" : {
2026-01-12T02:04:58.4475432Z               "verbosity" : {
2026-01-12T02:04:58.4475871Z                 "title" : "Extractor logging verbosity level.",
2026-01-12T02:04:58.4477556Z                 "description" : "Controls the level of verbosity of the extractor. The supported levels are (in order of increasing verbosity):\n  - off\n  - errors\n  - warnings\n  - info or progress\n  - debug or progress+\n  - trace or progress++\n  - progress+++\n",
2026-01-12T02:04:58.4479232Z                 "type" : "string",
2026-01-12T02:04:58.4480079Z                 "pattern" : "^(off|errors|warnings|(info|progress)|(debug|progress\\+)|(trace|progress\\+\\+)|progress\\+\\+\\+)$"
2026-01-12T02:04:58.4480922Z               },
2026-01-12T02:04:58.4481263Z               "flamegraph" : {
2026-01-12T02:04:58.4481804Z                 "title" : "[Experimental] File path for write flame graph log",
2026-01-12T02:04:58.4483581Z                 "description" : "Collect flame graph data using the `tracing-flame` crate. To render a flame graph or chart, run the `inferno-flamegraph` command. See also: https://crates.io/crates/tracing-flame\n",
2026-01-12T02:04:58.4484992Z                 "type" : "string"
2026-01-12T02:04:58.4485388Z               }
2026-01-12T02:04:58.4485786Z             }
2026-01-12T02:04:58.4486019Z           },
2026-01-12T02:04:58.4486345Z           "extract_dependencies_as_source" : {
2026-01-12T02:04:58.4486884Z             "title" : "Extract dependencies as source code",
2026-01-12T02:04:58.4487795Z             "description" : "Extract the full source code of dependencies instead of only extracting signatures.\n",
2026-01-12T02:04:58.4488627Z             "type" : "string",
2026-01-12T02:04:58.4489023Z             "pattern" : "^(false|true)$"
2026-01-12T02:04:58.4489409Z           }
2026-01-12T02:04:58.4489866Z         }
2026-01-12T02:04:58.4490124Z       }
2026-01-12T02:04:58.4490338Z     ],
2026-01-12T02:04:58.4490569Z     "python" : [
2026-01-12T02:04:58.4490850Z       {
2026-01-12T02:04:58.4491329Z         "extractor_root" : "/opt/hostedtoolcache/CodeQL/2.23.8/x64/codeql/python",
2026-01-12T02:04:58.4492232Z         "extractor_options" : {
2026-01-12T02:04:58.4492616Z           "logging" : {
2026-01-12T02:04:58.4493015Z             "title" : "Options pertaining to logging.",
2026-01-12T02:04:58.4493597Z             "description" : "Options pertaining to logging.",
2026-01-12T02:04:58.4494115Z             "type" : "object",
2026-01-12T02:04:58.4494483Z             "properties" : {
2026-01-12T02:04:58.4494838Z               "verbosity" : {
2026-01-12T02:04:58.4495318Z                 "title" : "Python extractor logging verbosity level.",
2026-01-12T02:04:58.4497232Z                 "description" : "Controls the level of verbosity of the CodeQL Python extractor.\nThe supported levels are (in order of increasing verbosity):\n\n  - off\n  - errors\n  - warnings\n  - info or progress\n  - debug or progress+\n  - trace or progress++\n  - progress+++\n",
2026-01-12T02:04:58.4498516Z                 "type" : "string",
2026-01-12T02:04:58.4498996Z                 "pattern" : "^(off|errors|warnings|(info|progress)|(debug|progress\\+)|(trace|progress\\+\\+)|progress\\+\\+\\+)$"
2026-01-12T02:04:58.4499489Z               }
2026-01-12T02:04:58.4499650Z             }
2026-01-12T02:04:58.4499807Z           },
2026-01-12T02:04:58.4499979Z           "python_executable_name" : {
2026-01-12T02:04:58.4500364Z             "title" : "Controls the name of the Python executable used by the Python extractor.",
2026-01-12T02:04:58.4502422Z             "description" : "The Python extractor uses platform-dependent heuristics to determine the name of the Python executable to use. Specifying a value for this option overrides the name of the Python executable used by the extractor. Accepted values are py, python and python3. Use this setting with caution, the Python extractor requires Python 3 to run.\n",
2026-01-12T02:04:58.4504023Z             "type" : "string",
2026-01-12T02:04:58.4504362Z             "pattern" : "^(py|python|python3)$"
2026-01-12T02:04:58.4504668Z           }
2026-01-12T02:04:58.4504826Z         }
2026-01-12T02:04:58.4504971Z       }
2026-01-12T02:04:58.4505117Z     ],
2026-01-12T02:04:58.4505271Z     "cpp" : [
2026-01-12T02:04:58.4505426Z       {
2026-01-12T02:04:58.4505685Z         "extractor_root" : "/opt/hostedtoolcache/CodeQL/2.23.8/x64/codeql/cpp",
2026-01-12T02:04:58.4506073Z         "extractor_options" : {
2026-01-12T02:04:58.4506290Z           "trap" : {
2026-01-12T02:04:58.4506479Z             "title" : "TRAP options",
2026-01-12T02:04:58.4506824Z             "description" : "Options about how the extractor handles TRAP files",
2026-01-12T02:04:58.4507167Z             "type" : "object",
2026-01-12T02:04:58.4507378Z             "visibility" : 3,
2026-01-12T02:04:58.4507585Z             "properties" : {
2026-01-12T02:04:58.4507793Z               "cache" : {
2026-01-12T02:04:58.4508008Z                 "title" : "TRAP cache options",
2026-01-12T02:04:58.4508367Z                 "description" : "Options about how the extractor handles its TRAP cache",
2026-01-12T02:04:58.4508731Z                 "type" : "object",
2026-01-12T02:04:58.4508947Z                 "properties" : {
2026-01-12T02:04:58.4509155Z                   "dir" : {
2026-01-12T02:04:58.4509370Z                     "title" : "TRAP cache directory",
2026-01-12T02:04:58.4509700Z                     "description" : "The directory of the TRAP cache to use",
2026-01-12T02:04:58.4510013Z                     "type" : "string"
2026-01-12T02:04:58.4510236Z                   },
2026-01-12T02:04:58.4510412Z                   "bound" : {
2026-01-12T02:04:58.4510622Z                     "title" : "TRAP cache bound",
2026-01-12T02:04:58.4510972Z                     "description" : "A soft limit (in MB) on the size of the TRAP cache",
2026-01-12T02:04:58.4511474Z                     "type" : "string",
2026-01-12T02:04:58.4511720Z                     "pattern" : "[0-9]+"
2026-01-12T02:04:58.4512267Z                   },
2026-01-12T02:04:58.4512543Z                   "write" : {
2026-01-12T02:04:58.4512883Z                     "title" : "TRAP cache writeable",
2026-01-12T02:04:58.4513276Z                     "description" : "Whether to write to the TRAP cache as well as reading it",
2026-01-12T02:04:58.4513652Z                     "type" : "string",
2026-01-12T02:04:58.4513898Z                     "pattern" : "(true|TRUE|false|FALSE)"
2026-01-12T02:04:58.4514153Z                   }
2026-01-12T02:04:58.4514315Z                 }
2026-01-12T02:04:58.4514478Z               }
2026-01-12T02:04:58.4514640Z             }
2026-01-12T02:04:58.4514795Z           },
2026-01-12T02:04:58.4514960Z           "scale_timeouts" : {
2026-01-12T02:04:58.4515252Z             "title" : "Value to scale compiler introspection timeouts with",
2026-01-12T02:04:58.4516701Z             "description" : "The extractor attempts to determine what compiler the source code being extracted is compiled with. To this end the extractor makes additional calls to the compiler, some of which are expected to return within a certain fixed time (either 10s or 15s). On some systems that are under high load this time might be too short, and can be scaled up using this option.\n",
2026-01-12T02:04:58.4518036Z             "type" : "string",
2026-01-12T02:04:58.4518250Z             "pattern" : "[0-9]+"
2026-01-12T02:04:58.4518448Z           },
2026-01-12T02:04:58.4518614Z           "log_verbosity" : {
2026-01-12T02:04:58.4518855Z             "title" : "Verbosity of the extractor logging",
2026-01-12T02:04:58.4519604Z             "description" : "Set the verbosity of the extractor logging to 'quiet' (0), 'normal' (1), 'chatty' (2), or 'noisy' (3). The default is 'normal'.\n",
2026-01-12T02:04:58.4520172Z             "type" : "string",
2026-01-12T02:04:58.4520372Z             "pattern" : "[0-3]"
2026-01-12T02:04:58.4520575Z           },
2026-01-12T02:04:58.4520739Z           "frontend_options" : {
2026-01-12T02:04:58.4520985Z             "title" : "C/C++ extractor frontend options",
2026-01-12T02:04:58.4521453Z             "description" : "Set additional options that should be passed to the C/C++ extractor frontend.\n",
2026-01-12T02:04:58.4522113Z             "type" : "array",
2026-01-12T02:04:58.4522326Z             "visibility" : 3
2026-01-12T02:04:58.4522515Z           }
2026-01-12T02:04:58.4522668Z         }
2026-01-12T02:04:58.4522813Z       }
2026-01-12T02:04:58.4522961Z     ],
2026-01-12T02:04:58.4523109Z     "csharp" : [
2026-01-12T02:04:58.4523276Z       {
2026-01-12T02:04:58.4523542Z         "extractor_root" : "/opt/hostedtoolcache/CodeQL/2.23.8/x64/codeql/csharp",
2026-01-12T02:04:58.4523908Z         "extractor_options" : {
2026-01-12T02:04:58.4524110Z           "trap" : {
2026-01-12T02:04:58.4524319Z             "title" : "Options pertaining to TRAP.",
2026-01-12T02:04:58.4524620Z             "description" : "Options pertaining to TRAP.",
2026-01-12T02:04:58.4524899Z             "type" : "object",
2026-01-12T02:04:58.4525102Z             "properties" : {
2026-01-12T02:04:58.4525299Z               "compression" : {
2026-01-12T02:04:58.4525640Z                 "title" : "Controls compression for the TRAP files written by the extractor.",
2026-01-12T02:04:58.4526613Z                 "description" : "This option is only intended for use in debugging the extractor. Accepted values are 'brotli' (the default, to write brotli-compressed TRAP), 'gzip', and 'none' (to write uncompressed TRAP).\n",
2026-01-12T02:04:58.4527425Z                 "type" : "string",
2026-01-12T02:04:58.4527670Z                 "pattern" : "^(none|gzip|brotli)$"
2026-01-12T02:04:58.4527915Z               }
2026-01-12T02:04:58.4528075Z             }
2026-01-12T02:04:58.4528225Z           },
2026-01-12T02:04:58.4528389Z           "buildless" : {
2026-01-12T02:04:58.4528825Z             "title" : "DEPRECATED - Whether to use buildless (standalone) extraction.",
2026-01-12T02:04:58.4530688Z             "description" : "DEPRECATED: Use `--build-mode none` instead.\nA value indicating, which type of extraction the autobuilder should perform. If 'true', then the standalone extractor will be used, otherwise tracing extraction will be performed. The default is 'false'. Note that buildless extraction will generally yield less accurate analysis results, and should only be used in cases where it is not possible to build the code (for example if it uses inaccessible dependencies).\n",
2026-01-12T02:04:58.4532597Z             "type" : "string",
2026-01-12T02:04:58.4532818Z             "pattern" : "^(false|true)$"
2026-01-12T02:04:58.4533051Z           },
2026-01-12T02:04:58.4533225Z           "logging" : {
2026-01-12T02:04:58.4533447Z             "title" : "Options pertaining to logging.",
2026-01-12T02:04:58.4533773Z             "description" : "Options pertaining to logging.",
2026-01-12T02:04:58.4534051Z             "type" : "object",
2026-01-12T02:04:58.4534265Z             "properties" : {
2026-01-12T02:04:58.4534467Z               "verbosity" : {
2026-01-12T02:04:58.4534715Z                 "title" : "Extractor logging verbosity level.",
2026-01-12T02:04:58.4535678Z                 "description" : "Controls the level of verbosity of the extractor. The supported levels are (in order of increasing verbosity):\n  - off\n  - errors\n  - warnings\n  - info or progress\n  - debug or progress+\n  - trace or progress++\n  - progress+++\n",
2026-01-12T02:04:58.4536599Z                 "type" : "string",
2026-01-12T02:04:58.4537065Z                 "pattern" : "^(off|errors|warnings|(info|progress)|(debug|progress\\+)|(trace|progress\\+\\+)|progress\\+\\+\\+)$"
2026-01-12T02:04:58.4537680Z               }
2026-01-12T02:04:58.4537838Z             }
2026-01-12T02:04:58.4537997Z           },
2026-01-12T02:04:58.4538154Z           "binlog" : {
2026-01-12T02:04:58.4538345Z             "title" : "Binlog",
2026-01-12T02:04:58.4539017Z             "description" : "[EXPERIMENTAL] The value is a path to the MsBuild binary log file that should be extracted. This option only works when `--build-mode none` is also specified.\n",
2026-01-12T02:04:58.4539712Z             "type" : "array"
2026-01-12T02:04:58.4539904Z           },
2026-01-12T02:04:58.4540080Z           "buildless_dependency_dir" : {
2026-01-12T02:04:58.4540485Z             "title" : "The path where buildless (standalone) extraction should keep dependencies.",
2026-01-12T02:04:58.4541114Z             "description" : "If set, the buildless (standalone) extractor will store dependencies in this directory.\n",
2026-01-12T02:04:58.4541588Z             "type" : "string"
2026-01-12T02:04:58.4541785Z           }
2026-01-12T02:04:58.4542116Z         }
2026-01-12T02:04:58.4542273Z       }
2026-01-12T02:04:58.4542416Z     ],
2026-01-12T02:04:58.4542569Z     "java" : [
2026-01-12T02:04:58.4542726Z       {
2026-01-12T02:04:58.4542987Z         "extractor_root" : "/opt/hostedtoolcache/CodeQL/2.23.8/x64/codeql/java",
2026-01-12T02:04:58.4543342Z         "extractor_options" : {
2026-01-12T02:04:58.4543555Z           "exclude" : {
2026-01-12T02:04:58.4543788Z             "title" : "A glob excluding files from analysis.",
2026-01-12T02:04:58.4544500Z             "description" : "A glob indicating what files to exclude from the analysis. This accepts glob patterns that are supported by Java's 'getPathMatcher' implementation.\n",
2026-01-12T02:04:58.4545170Z             "type" : "string"
2026-01-12T02:04:58.4545354Z           },
2026-01-12T02:04:58.4545524Z           "add_prefer_source" : {
2026-01-12T02:04:58.4545830Z             "title" : "Whether to always prefer source files over class files.",
2026-01-12T02:04:58.4546971Z             "description" : "A value indicating whether source files should be preferred over class files. If set to 'true', the extraction adds '-Xprefer:source' to the javac command line. If set to 'false', the extraction uses the default javac behavior ('-Xprefer:newer'). The default is 'true'.\n",
2026-01-12T02:04:58.4548125Z             "type" : "string",
2026-01-12T02:04:58.4548340Z             "pattern" : "^(false|true)$"
2026-01-12T02:04:58.4548564Z           },
2026-01-12T02:04:58.4548724Z           "buildless" : {
2026-01-12T02:04:58.4549041Z             "title" : "Whether to use buildless (standalone) extraction (experimental).",
2026-01-12T02:04:58.4550708Z             "description" : "A value indicating, which type of extraction the autobuilder should perform. If 'true', then the standalone extractor will be used, otherwise tracing extraction will be performed. The default is 'false'. Note that buildless extraction will generally yield less accurate analysis results, and should only be used in cases where it is not possible to build the code (for example if it uses inaccessible dependencies).\n",
2026-01-12T02:04:58.4552390Z             "type" : "string",
2026-01-12T02:04:58.4552606Z             "pattern" : "^(false|true)$"
2026-01-12T02:04:58.4552822Z           },
2026-01-12T02:04:58.4553000Z           "buildless_dependency_dir" : {
2026-01-12T02:04:58.4553388Z             "title" : "The path where buildless (standalone) extraction should keep dependencies.",
2026-01-12T02:04:58.4554025Z             "description" : "If set, the buildless (standalone) extractor will store dependencies in this directory.\n",
2026-01-12T02:04:58.4554500Z             "type" : "string"
2026-01-12T02:04:58.4554688Z           },
2026-01-12T02:04:58.4554863Z           "minimize_dependency_jars" : {
2026-01-12T02:04:58.4555254Z             "title" : "Whether to rewrite and minimize downloaded JAR dependencies (experimental).",
2026-01-12T02:04:58.4556082Z             "description" : "If 'true', JAR dependencies downloaded during extraction will be rewritten to remove unneeded data, such as method bodies. The default is 'false'.\n",
2026-01-12T02:04:58.4556853Z             "type" : "string",
2026-01-12T02:04:58.4557066Z             "pattern" : "^(false|true)$"
2026-01-12T02:04:58.4557286Z           }
2026-01-12T02:04:58.4557432Z         }
2026-01-12T02:04:58.4557586Z       }
2026-01-12T02:04:58.4557727Z     ],
2026-01-12T02:04:58.4557875Z     "go" : [
2026-01-12T02:04:58.4558022Z       {
2026-01-12T02:04:58.4558278Z         "extractor_root" : "/opt/hostedtoolcache/CodeQL/2.23.8/x64/codeql/go",
2026-01-12T02:04:58.4558618Z         "extractor_options" : {
2026-01-12T02:04:58.4558833Z           "extract_tests" : {
2026-01-12T02:04:58.4559129Z             "title" : "Whether to include Go test files in the CodeQL database.",
2026-01-12T02:04:58.4559754Z             "description" : "A value indicating whether Go test files should be included in the CodeQL database. The default is 'false'.\n",
2026-01-12T02:04:58.4560284Z             "type" : "string",
2026-01-12T02:04:58.4560498Z             "pattern" : "^(false|true)$"
2026-01-12T02:04:58.4560722Z           },
2026-01-12T02:04:58.4560888Z           "extract_vendor_dirs" : {
2026-01-12T02:04:58.4561235Z             "title" : "Whether to include Go vendor directories in the CodeQL database.",
2026-01-12T02:04:58.4562087Z             "description" : "A value indicating whether Go vendor directories should be included in the CodeQL database. The default is 'false'.\n",
2026-01-12T02:04:58.4562655Z             "type" : "string",
2026-01-12T02:04:58.4562867Z             "pattern" : "^(false|true)$"
2026-01-12T02:04:58.4563083Z           }
2026-01-12T02:04:58.4563234Z         }
2026-01-12T02:04:58.4563373Z       }
2026-01-12T02:04:58.4563530Z     ],
2026-01-12T02:04:58.4563677Z     "actions" : [
2026-01-12T02:04:58.4563843Z       {
2026-01-12T02:04:58.4564106Z         "extractor_root" : "/opt/hostedtoolcache/CodeQL/2.23.8/x64/codeql/actions",
2026-01-12T02:04:58.4564465Z         "extractor_options" : {
2026-01-12T02:04:58.4564674Z           "trap" : {
2026-01-12T02:04:58.4564868Z             "title" : "TRAP options",
2026-01-12T02:04:58.4565193Z             "description" : "Options about how the extractor handles TRAP files",
2026-01-12T02:04:58.4565527Z             "type" : "object",
2026-01-12T02:04:58.4565862Z             "visibility" : 3,
2026-01-12T02:04:58.4566069Z             "properties" : {
2026-01-12T02:04:58.4566270Z               "cache" : {
2026-01-12T02:04:58.4566477Z                 "title" : "TRAP cache options",
2026-01-12T02:04:58.4566838Z                 "description" : "Options about how the extractor handles its TRAP cache",
2026-01-12T02:04:58.4567198Z                 "type" : "object",
2026-01-12T02:04:58.4567421Z                 "properties" : {
2026-01-12T02:04:58.4567634Z                   "dir" : {
2026-01-12T02:04:58.4567850Z                     "title" : "TRAP cache directory",
2026-01-12T02:04:58.4568186Z                     "description" : "The directory of the TRAP cache to use",
2026-01-12T02:04:58.4568502Z                     "type" : "string"
2026-01-12T02:04:58.4568716Z                   },
2026-01-12T02:04:58.4568890Z                   "bound" : {
2026-01-12T02:04:58.4569108Z                     "title" : "TRAP cache bound",
2026-01-12T02:04:58.4569454Z                     "description" : "A soft limit (in MB) on the size of the TRAP cache",
2026-01-12T02:04:58.4569804Z                     "type" : "string",
2026-01-12T02:04:58.4570034Z                     "pattern" : "[0-9]+"
2026-01-12T02:04:58.4570248Z                   },
2026-01-12T02:04:58.4570422Z                   "write" : {
2026-01-12T02:04:58.4570641Z                     "title" : "TRAP cache writeable",
2026-01-12T02:04:58.4571022Z                     "description" : "Whether to write to the TRAP cache as well as reading it",
2026-01-12T02:04:58.4571391Z                     "type" : "string",
2026-01-12T02:04:58.4571644Z                     "pattern" : "(true|TRUE|false|FALSE)"
2026-01-12T02:04:58.4572082Z                   }
2026-01-12T02:04:58.4572383Z                 }
2026-01-12T02:04:58.4572544Z               }
2026-01-12T02:04:58.4572701Z             }
2026-01-12T02:04:58.4572877Z           }
2026-01-12T02:04:58.4573027Z         }
2026-01-12T02:04:58.4573178Z       }
2026-01-12T02:04:58.4573320Z     ],
2026-01-12T02:04:58.4573481Z     "javascript" : [
2026-01-12T02:04:58.4573659Z       {
2026-01-12T02:04:58.4573937Z         "extractor_root" : "/opt/hostedtoolcache/CodeQL/2.23.8/x64/codeql/javascript",
2026-01-12T02:04:58.4574318Z         "extractor_options" : {
2026-01-12T02:04:58.4574530Z           "trap" : {
2026-01-12T02:04:58.4574722Z             "title" : "TRAP options",
2026-01-12T02:04:58.4575047Z             "description" : "Options about how the extractor handles TRAP files",
2026-01-12T02:04:58.4575389Z             "type" : "object",
2026-01-12T02:04:58.4575594Z             "visibility" : 3,
2026-01-12T02:04:58.4575806Z             "properties" : {
2026-01-12T02:04:58.4576008Z               "cache" : {
2026-01-12T02:04:58.4576227Z                 "title" : "TRAP cache options",
2026-01-12T02:04:58.4576594Z                 "description" : "Options about how the extractor handles its TRAP cache",
2026-01-12T02:04:58.4576953Z                 "type" : "object",
2026-01-12T02:04:58.4577178Z                 "properties" : {
2026-01-12T02:04:58.4577382Z                   "dir" : {
2026-01-12T02:04:58.4577602Z                     "title" : "TRAP cache directory",
2026-01-12T02:04:58.4577924Z                     "description" : "The directory of the TRAP cache to use",
2026-01-12T02:04:58.4578245Z                     "type" : "string"
2026-01-12T02:04:58.4578453Z                   },
2026-01-12T02:04:58.4578627Z                   "bound" : {
2026-01-12T02:04:58.4578848Z                     "title" : "TRAP cache bound",
2026-01-12T02:04:58.4579191Z                     "description" : "A soft limit (in MB) on the size of the TRAP cache",
2026-01-12T02:04:58.4579539Z                     "type" : "string",
2026-01-12T02:04:58.4579770Z                     "pattern" : "[0-9]+"
2026-01-12T02:04:58.4579993Z                   },
2026-01-12T02:04:58.4580162Z                   "write" : {
2026-01-12T02:04:58.4580386Z                     "title" : "TRAP cache writeable",
2026-01-12T02:04:58.4580896Z                     "description" : "Whether to write to the TRAP cache as well as reading it",
2026-01-12T02:04:58.4581281Z                     "type" : "string",
2026-01-12T02:04:58.4581534Z                     "pattern" : "(true|TRUE|false|FALSE)"
2026-01-12T02:04:58.4581779Z                   }
2026-01-12T02:04:58.4582124Z                 }
2026-01-12T02:04:58.4582293Z               }
2026-01-12T02:04:58.4582454Z             }
2026-01-12T02:04:58.4582608Z           },
2026-01-12T02:04:58.4582776Z           "skip_types" : {
2026-01-12T02:04:58.4583019Z             "title" : "Skip type extraction for TypeScript",
2026-01-12T02:04:58.4583455Z             "description" : "Whether to skip the extraction of types in a TypeScript application",
2026-01-12T02:04:58.4583864Z             "type" : "string",
2026-01-12T02:04:58.4584081Z             "pattern" : "^(false|true)$"
2026-01-12T02:04:58.4584307Z           }
2026-01-12T02:04:58.4584455Z         }
2026-01-12T02:04:58.4584609Z       }
2026-01-12T02:04:58.4584753Z     ],
2026-01-12T02:04:58.4584911Z     "swift" : [
2026-01-12T02:04:58.4585066Z       {
2026-01-12T02:04:58.4585328Z         "extractor_root" : "/opt/hostedtoolcache/CodeQL/2.23.8/x64/codeql/swift"
2026-01-12T02:04:58.4585656Z       }
2026-01-12T02:04:58.4585803Z     ],
2026-01-12T02:04:58.4585950Z     "ruby" : [
2026-01-12T02:04:58.4586109Z       {
2026-01-12T02:04:58.4586355Z         "extractor_root" : "/opt/hostedtoolcache/CodeQL/2.23.8/x64/codeql/ruby",
2026-01-12T02:04:58.4586700Z         "extractor_options" : {
2026-01-12T02:04:58.4586909Z           "trap" : {
2026-01-12T02:04:58.4587114Z             "title" : "Options pertaining to TRAP.",
2026-01-12T02:04:58.4587425Z             "description" : "Options pertaining to TRAP.",
2026-01-12T02:04:58.4587830Z             "type" : "object",
2026-01-12T02:04:58.4588041Z             "properties" : {
2026-01-12T02:04:58.4588242Z               "compression" : {
2026-01-12T02:04:58.4588583Z                 "title" : "Controls compression for the TRAP files written by the extractor.",
2026-01-12T02:04:58.4589648Z                 "description" : "This option is only intended for use in debugging the extractor. Accepted values are 'gzip' (the default, to write gzip-compressed TRAP) 'zstd' (to write Zstandard-compressed TRAP) and 'none' (to write uncompressed TRAP).\n",
2026-01-12T02:04:58.4590555Z                 "type" : "string",
2026-01-12T02:04:58.4590790Z                 "pattern" : "^(none|gzip|zstd)$"
2026-01-12T02:04:58.4591022Z               }
2026-01-12T02:04:58.4591183Z             }
2026-01-12T02:04:58.4591336Z           }
2026-01-12T02:04:58.4591487Z         }
2026-01-12T02:04:58.4591629Z       }
2026-01-12T02:04:58.4591773Z     ]
2026-01-12T02:04:58.4592076Z   }
2026-01-12T02:04:58.4592233Z }
2026-01-12T02:04:58.4697146Z Languages from configuration: actions
2026-01-12T02:04:58.4704107Z [command]/opt/hostedtoolcache/CodeQL/2.23.8/x64/codeql/codeql resolve languages --format=betterjson --extractor-options-verbosity=4 --extractor-include-aliases
2026-01-12T02:04:59.3890967Z {
2026-01-12T02:04:59.3891389Z   "aliases" : {
2026-01-12T02:04:59.3906255Z     "c" : "cpp",
2026-01-12T02:04:59.3912933Z     "c++" : "cpp",
2026-01-12T02:04:59.3914444Z     "c-c++" : "cpp",
2026-01-12T02:04:59.3915926Z     "c-cpp" : "cpp",
2026-01-12T02:04:59.3917384Z     "c#" : "csharp",
2026-01-12T02:04:59.3918817Z     "java-kotlin" : "java",
2026-01-12T02:04:59.3920275Z     "kotlin" : "java",
2026-01-12T02:04:59.3921761Z     "javascript-typescript" : "javascript",
2026-01-12T02:04:59.3923588Z     "typescript" : "javascript"
2026-01-12T02:04:59.3929552Z   },
2026-01-12T02:04:59.3929869Z   "extractors" : {
2026-01-12T02:04:59.3930201Z     "xml" : [
2026-01-12T02:04:59.3930501Z       {
2026-01-12T02:04:59.3930958Z         "extractor_root" : "/opt/hostedtoolcache/CodeQL/2.23.8/x64/codeql/xml"
2026-01-12T02:04:59.3931569Z       }
2026-01-12T02:04:59.3931991Z     ],
2026-01-12T02:04:59.3932248Z     "python" : [
2026-01-12T02:04:59.3932539Z       {
2026-01-12T02:04:59.3933506Z         "extractor_root" : "/opt/hostedtoolcache/CodeQL/2.23.8/x64/codeql/python",
2026-01-12T02:04:59.3934117Z         "extractor_options" : {
2026-01-12T02:04:59.3934448Z           "logging" : {
2026-01-12T02:04:59.3934812Z             "title" : "Options pertaining to logging.",
2026-01-12T02:04:59.3935323Z             "description" : "Options pertaining to logging.",
2026-01-12T02:04:59.3935865Z             "type" : "object",
2026-01-12T02:04:59.3936194Z             "properties" : {
2026-01-12T02:04:59.3936551Z               "verbosity" : {
2026-01-12T02:04:59.3936836Z                 "title" : "Python extractor logging verbosity level.",
2026-01-12T02:04:59.3937912Z                 "description" : "Controls the level of verbosity of the CodeQL Python extractor.\nThe supported levels are (in order of increasing verbosity):\n\n  - off\n  - errors\n  - warnings\n  - info or progress\n  - debug or progress+\n  - trace or progress++\n  - progress+++\n",
2026-01-12T02:04:59.3938962Z                 "type" : "string",
2026-01-12T02:04:59.3939451Z                 "pattern" : "^(off|errors|warnings|(info|progress)|(debug|progress\\+)|(trace|progress\\+\\+)|progress\\+\\+\\+)$"
2026-01-12T02:04:59.3939931Z               }
2026-01-12T02:04:59.3940101Z             }
2026-01-12T02:04:59.3940252Z           },
2026-01-12T02:04:59.3940434Z           "python_executable_name" : {
2026-01-12T02:04:59.3940817Z             "title" : "Controls the name of the Python executable used by the Python extractor.",
2026-01-12T02:04:59.3942529Z             "description" : "The Python extractor uses platform-dependent heuristics to determine the name of the Python executable to use. Specifying a value for this option overrides the name of the Python executable used by the extractor. Accepted values are py, python and python3. Use this setting with caution, the Python extractor requires Python 3 to run.\n",
2026-01-12T02:04:59.3944027Z             "type" : "string",
2026-01-12T02:04:59.3944260Z             "pattern" : "^(py|python|python3)$"
2026-01-12T02:04:59.3944507Z           }
2026-01-12T02:04:59.3944662Z         }
2026-01-12T02:04:59.3944813Z       }
2026-01-12T02:04:59.3944953Z     ],
2026-01-12T02:04:59.3945111Z     "javascript" : [
2026-01-12T02:04:59.3945283Z       {
2026-01-12T02:04:59.3945565Z         "extractor_root" : "/opt/hostedtoolcache/CodeQL/2.23.8/x64/codeql/javascript",
2026-01-12T02:04:59.3945941Z         "extractor_options" : {
2026-01-12T02:04:59.3946147Z           "trap" : {
2026-01-12T02:04:59.3946343Z             "title" : "TRAP options",
2026-01-12T02:04:59.3946667Z             "description" : "Options about how the extractor handles TRAP files",
2026-01-12T02:04:59.3947009Z             "type" : "object",
2026-01-12T02:04:59.3947212Z             "visibility" : 3,
2026-01-12T02:04:59.3947437Z             "properties" : {
2026-01-12T02:04:59.3947698Z               "cache" : {
2026-01-12T02:04:59.3948091Z                 "title" : "TRAP cache options",
2026-01-12T02:04:59.3948782Z                 "description" : "Options about how the extractor handles its TRAP cache",
2026-01-12T02:04:59.3949477Z                 "type" : "object",
2026-01-12T02:04:59.3949715Z                 "properties" : {
2026-01-12T02:04:59.3949921Z                   "dir" : {
2026-01-12T02:04:59.3950144Z                     "title" : "TRAP cache directory",
2026-01-12T02:04:59.3950469Z                     "description" : "The directory of the TRAP cache to use",
2026-01-12T02:04:59.3950788Z                     "type" : "string"
2026-01-12T02:04:59.3950996Z                   },
2026-01-12T02:04:59.3951173Z                   "bound" : {
2026-01-12T02:04:59.3951391Z                     "title" : "TRAP cache bound",
2026-01-12T02:04:59.3951730Z                     "description" : "A soft limit (in MB) on the size of the TRAP cache",
2026-01-12T02:04:59.3952224Z                     "type" : "string",
2026-01-12T02:04:59.3952464Z                     "pattern" : "[0-9]+"
2026-01-12T02:04:59.3952689Z                   },
2026-01-12T02:04:59.3952861Z                   "write" : {
2026-01-12T02:04:59.3953251Z                     "title" : "TRAP cache writeable",
2026-01-12T02:04:59.3953639Z                     "description" : "Whether to write to the TRAP cache as well as reading it",
2026-01-12T02:04:59.3954011Z                     "type" : "string",
2026-01-12T02:04:59.3954264Z                     "pattern" : "(true|TRUE|false|FALSE)"
2026-01-12T02:04:59.3954507Z                   }
2026-01-12T02:04:59.3954675Z                 }
2026-01-12T02:04:59.3954830Z               }
2026-01-12T02:04:59.3954988Z             }
2026-01-12T02:04:59.3955139Z           },
2026-01-12T02:04:59.3955308Z           "skip_types" : {
2026-01-12T02:04:59.3955549Z             "title" : "Skip type extraction for TypeScript",
2026-01-12T02:04:59.3955989Z             "description" : "Whether to skip the extraction of types in a TypeScript application",
2026-01-12T02:04:59.3956394Z             "type" : "string",
2026-01-12T02:04:59.3956606Z             "pattern" : "^(false|true)$"
2026-01-12T02:04:59.3956831Z           }
2026-01-12T02:04:59.3956988Z         }
2026-01-12T02:04:59.3957141Z       }
2026-01-12T02:04:59.3957285Z     ],
2026-01-12T02:04:59.3957437Z     "rust" : [
2026-01-12T02:04:59.3957591Z       {
2026-01-12T02:04:59.3957851Z         "extractor_root" : "/opt/hostedtoolcache/CodeQL/2.23.8/x64/codeql/rust",
2026-01-12T02:04:59.3958194Z         "extractor_options" : {
2026-01-12T02:04:59.3958402Z           "trap" : {
2026-01-12T02:04:59.3958608Z             "title" : "Options pertaining to TRAP.",
2026-01-12T02:04:59.3958910Z             "description" : "Options pertaining to TRAP.",
2026-01-12T02:04:59.3959182Z             "type" : "object",
2026-01-12T02:04:59.3959384Z             "properties" : {
2026-01-12T02:04:59.3959590Z               "compression" : {
2026-01-12T02:04:59.3960102Z                 "title" : "Controls compression for the TRAP files written by the extractor.",
2026-01-12T02:04:59.3961163Z                 "description" : "This option is only intended for use in debugging the extractor. Accepted values are 'gzip' (to write gzip-compressed TRAP) 'zstd' (to write Zstandard-compressed TRAP) and 'none' (the default, to write uncompressed TRAP).\n",
2026-01-12T02:04:59.3962186Z                 "type" : "string",
2026-01-12T02:04:59.3962426Z                 "pattern" : "^(none|gzip|zstd)$"
2026-01-12T02:04:59.3962668Z               }
2026-01-12T02:04:59.3962823Z             }
2026-01-12T02:04:59.3962983Z           },
2026-01-12T02:04:59.3963167Z           "cargo_target_dir" : {
2026-01-12T02:04:59.3963432Z             "title" : "Directory to use for cargo output files.",
2026-01-12T02:04:59.3964534Z             "description" : "This value is an optional path to use as `CARGO_TARGET_DIR` for the internal cargo commands the extractor uses. Pointing it to a persistent directory may reduce execution time of consecutive extractor runs. By default, a new scratch directory is used for each run.\n",
2026-01-12T02:04:59.3965578Z             "type" : "string"
2026-01-12T02:04:59.3965775Z           },
2026-01-12T02:04:59.3965942Z           "cargo_target" : {
2026-01-12T02:04:59.3966164Z             "title" : "Target architecture",
2026-01-12T02:04:59.3966735Z             "description" : "Target architecture to use for analysis, analogous to `cargo --target`. By default the host architecture is used.\n",
2026-01-12T02:04:59.3967283Z             "type" : "string"
2026-01-12T02:04:59.3967479Z           },
2026-01-12T02:04:59.3967641Z           "cargo_features" : {
2026-01-12T02:04:59.3967872Z             "title" : "Cargo features to turn on",
2026-01-12T02:04:59.3969273Z             "description" : "Comma-separated list of features to turn on. By default all features are enabled. If any features are specified, then only those features are enabled. The `default` feature must be explicitly specified if only default features are desired. Can be repeated.\n",
2026-01-12T02:04:59.3970311Z             "type" : "array"
2026-01-12T02:04:59.3970506Z           },
2026-01-12T02:04:59.3970673Z           "cargo_cfg_overrides" : {
2026-01-12T02:04:59.3971061Z             "title" : "Cargo cfg overrides",
2026-01-12T02:04:59.3971571Z             "description" : "Comma-separated list of cfg settings to enable, or disable if prefixed with `-`. Can be repeated.\n",
2026-01-12T02:04:59.3972344Z             "type" : "array"
2026-01-12T02:04:59.3972537Z           },
2026-01-12T02:04:59.3972699Z           "logging" : {
2026-01-12T02:04:59.3972922Z             "title" : "Options pertaining to logging.",
2026-01-12T02:04:59.3973234Z             "description" : "Options pertaining to logging.",
2026-01-12T02:04:59.3973518Z             "type" : "object",
2026-01-12T02:04:59.3973722Z             "properties" : {
2026-01-12T02:04:59.3973926Z               "verbosity" : {
2026-01-12T02:04:59.3974172Z                 "title" : "Extractor logging verbosity level.",
2026-01-12T02:04:59.3975147Z                 "description" : "Controls the level of verbosity of the extractor. The supported levels are (in order of increasing verbosity):\n  - off\n  - errors\n  - warnings\n  - info or progress\n  - debug or progress+\n  - trace or progress++\n  - progress+++\n",
2026-01-12T02:04:59.3976077Z                 "type" : "string",
2026-01-12T02:04:59.3976535Z                 "pattern" : "^(off|errors|warnings|(info|progress)|(debug|progress\\+)|(trace|progress\\+\\+)|progress\\+\\+\\+)$"
2026-01-12T02:04:59.3977009Z               },
2026-01-12T02:04:59.3977185Z               "flamegraph" : {
2026-01-12T02:04:59.3977482Z                 "title" : "[Experimental] File path for write flame graph log",
2026-01-12T02:04:59.3978380Z                 "description" : "Collect flame graph data using the `tracing-flame` crate. To render a flame graph or chart, run the `inferno-flamegraph` command. See also: https://crates.io/crates/tracing-flame\n",
2026-01-12T02:04:59.3979309Z                 "type" : "string"
2026-01-12T02:04:59.3979515Z               }
2026-01-12T02:04:59.3979669Z             }
2026-01-12T02:04:59.3979824Z           },
2026-01-12T02:04:59.3980011Z           "extract_dependencies_as_source" : {
2026-01-12T02:04:59.3980309Z             "title" : "Extract dependencies as source code",
2026-01-12T02:04:59.3980805Z             "description" : "Extract the full source code of dependencies instead of only extracting signatures.\n",
2026-01-12T02:04:59.3981268Z             "type" : "string",
2026-01-12T02:04:59.3981476Z             "pattern" : "^(false|true)$"
2026-01-12T02:04:59.3981705Z           }
2026-01-12T02:04:59.3982043Z         }
2026-01-12T02:04:59.3982204Z       }
2026-01-12T02:04:59.3982462Z     ],
2026-01-12T02:04:59.3982706Z     "csv" : [
2026-01-12T02:04:59.3982983Z       {
2026-01-12T02:04:59.3983416Z         "extractor_root" : "/opt/hostedtoolcache/CodeQL/2.23.8/x64/codeql/csv"
2026-01-12T02:04:59.3983768Z       }
2026-01-12T02:04:59.3983909Z     ],
2026-01-12T02:04:59.3984071Z     "cpp" : [
2026-01-12T02:04:59.3984227Z       {
2026-01-12T02:04:59.3984479Z         "extractor_root" : "/opt/hostedtoolcache/CodeQL/2.23.8/x64/codeql/cpp",
2026-01-12T02:04:59.3984822Z         "extractor_options" : {
2026-01-12T02:04:59.3985033Z           "trap" : {
2026-01-12T02:04:59.3985226Z             "title" : "TRAP options",
2026-01-12T02:04:59.3985552Z             "description" : "Options about how the extractor handles TRAP files",
2026-01-12T02:04:59.3985899Z             "type" : "object",
2026-01-12T02:04:59.3986099Z             "visibility" : 3,
2026-01-12T02:04:59.3986307Z             "properties" : {
2026-01-12T02:04:59.3986497Z               "cache" : {
2026-01-12T02:04:59.3986708Z                 "title" : "TRAP cache options",
2026-01-12T02:04:59.3987062Z                 "description" : "Options about how the extractor handles its TRAP cache",
2026-01-12T02:04:59.3987421Z                 "type" : "object",
2026-01-12T02:04:59.3987650Z                 "properties" : {
2026-01-12T02:04:59.3987853Z                   "dir" : {
2026-01-12T02:04:59.3988074Z                     "title" : "TRAP cache directory",
2026-01-12T02:04:59.3988540Z                     "description" : "The directory of the TRAP cache to use",
2026-01-12T02:04:59.3988862Z                     "type" : "string"
2026-01-12T02:04:59.3989068Z                   },
2026-01-12T02:04:59.3989243Z                   "bound" : {
2026-01-12T02:04:59.3989454Z                     "title" : "TRAP cache bound",
2026-01-12T02:04:59.3989801Z                     "description" : "A soft limit (in MB) on the size of the TRAP cache",
2026-01-12T02:04:59.3990148Z                     "type" : "string",
2026-01-12T02:04:59.3990373Z                     "pattern" : "[0-9]+"
2026-01-12T02:04:59.3990592Z                   },
2026-01-12T02:04:59.3990760Z                   "write" : {
2026-01-12T02:04:59.3990981Z                     "title" : "TRAP cache writeable",
2026-01-12T02:04:59.3991363Z                     "description" : "Whether to write to the TRAP cache as well as reading it",
2026-01-12T02:04:59.3991734Z                     "type" : "string",
2026-01-12T02:04:59.3992196Z                     "pattern" : "(true|TRUE|false|FALSE)"
2026-01-12T02:04:59.3992464Z                   }
2026-01-12T02:04:59.3992636Z                 }
2026-01-12T02:04:59.3992792Z               }
2026-01-12T02:04:59.3992951Z             }
2026-01-12T02:04:59.3993099Z           },
2026-01-12T02:04:59.3993267Z           "scale_timeouts" : {
2026-01-12T02:04:59.3993555Z             "title" : "Value to scale compiler introspection timeouts with",
2026-01-12T02:04:59.3994997Z             "description" : "The extractor attempts to determine what compiler the source code being extracted is compiled with. To this end the extractor makes additional calls to the compiler, some of which are expected to return within a certain fixed time (either 10s or 15s). On some systems that are under high load this time might be too short, and can be scaled up using this option.\n",
2026-01-12T02:04:59.3996467Z             "type" : "string",
2026-01-12T02:04:59.3996673Z             "pattern" : "[0-9]+"
2026-01-12T02:04:59.3996877Z           },
2026-01-12T02:04:59.3997040Z           "log_verbosity" : {
2026-01-12T02:04:59.3997296Z             "title" : "Verbosity of the extractor logging",
2026-01-12T02:04:59.3997898Z             "description" : "Set the verbosity of the extractor logging to 'quiet' (0), 'normal' (1), 'chatty' (2), or 'noisy' (3). The default is 'normal'.\n",
2026-01-12T02:04:59.3998460Z             "type" : "string",
2026-01-12T02:04:59.3998664Z             "pattern" : "[0-3]"
2026-01-12T02:04:59.3998859Z           },
2026-01-12T02:04:59.3999036Z           "frontend_options" : {
2026-01-12T02:04:59.3999289Z             "title" : "C/C++ extractor frontend options",
2026-01-12T02:04:59.3999768Z             "description" : "Set additional options that should be passed to the C/C++ extractor frontend.\n",
2026-01-12T02:04:59.4000217Z             "type" : "array",
2026-01-12T02:04:59.4000434Z             "visibility" : 3
2026-01-12T02:04:59.4000623Z           }
2026-01-12T02:04:59.4000781Z         }
2026-01-12T02:04:59.4000927Z       }
2026-01-12T02:04:59.4001076Z     ],
2026-01-12T02:04:59.4001228Z     "java" : [
2026-01-12T02:04:59.4001383Z       {
2026-01-12T02:04:59.4001647Z         "extractor_root" : "/opt/hostedtoolcache/CodeQL/2.23.8/x64/codeql/java",
2026-01-12T02:04:59.4002205Z         "extractor_options" : {
2026-01-12T02:04:59.4002439Z           "exclude" : {
2026-01-12T02:04:59.4002674Z             "title" : "A glob excluding files from analysis.",
2026-01-12T02:04:59.4003396Z             "description" : "A glob indicating what files to exclude from the analysis. This accepts glob patterns that are supported by Java's 'getPathMatcher' implementation.\n",
2026-01-12T02:04:59.4004063Z             "type" : "string"
2026-01-12T02:04:59.4004259Z           },
2026-01-12T02:04:59.4004432Z           "add_prefer_source" : {
2026-01-12T02:04:59.4004751Z             "title" : "Whether to always prefer source files over class files.",
2026-01-12T02:04:59.4006038Z             "description" : "A value indicating whether source files should be preferred over class files. If set to 'true', the extraction adds '-Xprefer:source' to the javac command line. If set to 'false', the extraction uses the default javac behavior ('-Xprefer:newer'). The default is 'true'.\n",
2026-01-12T02:04:59.4007079Z             "type" : "string",
2026-01-12T02:04:59.4007298Z             "pattern" : "^(false|true)$"
2026-01-12T02:04:59.4007520Z           },
2026-01-12T02:04:59.4007682Z           "buildless" : {
2026-01-12T02:04:59.4008004Z             "title" : "Whether to use buildless (standalone) extraction (experimental).",
2026-01-12T02:04:59.4009655Z             "description" : "A value indicating, which type of extraction the autobuilder should perform. If 'true', then the standalone extractor will be used, otherwise tracing extraction will be performed. The default is 'false'. Note that buildless extraction will generally yield less accurate analysis results, and should only be used in cases where it is not possible to build the code (for example if it uses inaccessible dependencies).\n",
2026-01-12T02:04:59.4011181Z             "type" : "string",
2026-01-12T02:04:59.4011393Z             "pattern" : "^(false|true)$"
2026-01-12T02:04:59.4011609Z           },
2026-01-12T02:04:59.4011783Z           "buildless_dependency_dir" : {
2026-01-12T02:04:59.4012430Z             "title" : "The path where buildless (standalone) extraction should keep dependencies.",
2026-01-12T02:04:59.4013080Z             "description" : "If set, the buildless (standalone) extractor will store dependencies in this directory.\n",
2026-01-12T02:04:59.4013548Z             "type" : "string"
2026-01-12T02:04:59.4013755Z           },
2026-01-12T02:04:59.4013935Z           "minimize_dependency_jars" : {
2026-01-12T02:04:59.4014331Z             "title" : "Whether to rewrite and minimize downloaded JAR dependencies (experimental).",
2026-01-12T02:04:59.4015294Z             "description" : "If 'true', JAR dependencies downloaded during extraction will be rewritten to remove unneeded data, such as method bodies. The default is 'false'.\n",
2026-01-12T02:04:59.4015954Z             "type" : "string",
2026-01-12T02:04:59.4016167Z             "pattern" : "^(false|true)$"
2026-01-12T02:04:59.4016383Z           }
2026-01-12T02:04:59.4016540Z         }
2026-01-12T02:04:59.4016681Z       }
2026-01-12T02:04:59.4016829Z     ],
2026-01-12T02:04:59.4016979Z     "html" : [
2026-01-12T02:04:59.4017134Z       {
2026-01-12T02:04:59.4017389Z         "extractor_root" : "/opt/hostedtoolcache/CodeQL/2.23.8/x64/codeql/html"
2026-01-12T02:04:59.4017716Z       }
2026-01-12T02:04:59.4017861Z     ],
2026-01-12T02:04:59.4018002Z     "yaml" : [
2026-01-12T02:04:59.4018166Z       {
2026-01-12T02:04:59.4018437Z         "extractor_root" : "/opt/hostedtoolcache/CodeQL/2.23.8/x64/codeql/yaml"
2026-01-12T02:04:59.4018770Z       }
2026-01-12T02:04:59.4018906Z     ],
2026-01-12T02:04:59.4019059Z     "swift" : [
2026-01-12T02:04:59.4019216Z       {
2026-01-12T02:04:59.4019473Z         "extractor_root" : "/opt/hostedtoolcache/CodeQL/2.23.8/x64/codeql/swift"
2026-01-12T02:04:59.4019799Z       }
2026-01-12T02:04:59.4019943Z     ],
2026-01-12T02:04:59.4020099Z     "properties" : [
2026-01-12T02:04:59.4020271Z       {
2026-01-12T02:04:59.4020548Z         "extractor_root" : "/opt/hostedtoolcache/CodeQL/2.23.8/x64/codeql/properties"
2026-01-12T02:04:59.4020896Z       }
2026-01-12T02:04:59.4021039Z     ],
2026-01-12T02:04:59.4021178Z     "ruby" : [
2026-01-12T02:04:59.4021334Z       {
2026-01-12T02:04:59.4021575Z         "extractor_root" : "/opt/hostedtoolcache/CodeQL/2.23.8/x64/codeql/ruby",
2026-01-12T02:04:59.4022141Z         "extractor_options" : {
2026-01-12T02:04:59.4022355Z           "trap" : {
2026-01-12T02:04:59.4022556Z             "title" : "Options pertaining to TRAP.",
2026-01-12T02:04:59.4022874Z             "description" : "Options pertaining to TRAP.",
2026-01-12T02:04:59.4023164Z             "type" : "object",
2026-01-12T02:04:59.4023370Z             "properties" : {
2026-01-12T02:04:59.4023572Z               "compression" : {
2026-01-12T02:04:59.4024038Z                 "title" : "Controls compression for the TRAP files written by the extractor.",
2026-01-12T02:04:59.4025103Z                 "description" : "This option is only intended for use in debugging the extractor. Accepted values are 'gzip' (the default, to write gzip-compressed TRAP) 'zstd' (to write Zstandard-compressed TRAP) and 'none' (to write uncompressed TRAP).\n",
2026-01-12T02:04:59.4026017Z                 "type" : "string",
2026-01-12T02:04:59.4026254Z                 "pattern" : "^(none|gzip|zstd)$"
2026-01-12T02:04:59.4026486Z               }
2026-01-12T02:04:59.4026648Z             }
2026-01-12T02:04:59.4026798Z           }
2026-01-12T02:04:59.4026948Z         }
2026-01-12T02:04:59.4027089Z       }
2026-01-12T02:04:59.4027235Z     ],
2026-01-12T02:04:59.4027382Z     "go" : [
2026-01-12T02:04:59.4027536Z       {
2026-01-12T02:04:59.4027781Z         "extractor_root" : "/opt/hostedtoolcache/CodeQL/2.23.8/x64/codeql/go",
2026-01-12T02:04:59.4028125Z         "extractor_options" : {
2026-01-12T02:04:59.4028340Z           "extract_tests" : {
2026-01-12T02:04:59.4028644Z             "title" : "Whether to include Go test files in the CodeQL database.",
2026-01-12T02:04:59.4029281Z             "description" : "A value indicating whether Go test files should be included in the CodeQL database. The default is 'false'.\n",
2026-01-12T02:04:59.4029816Z             "type" : "string",
2026-01-12T02:04:59.4030031Z             "pattern" : "^(false|true)$"
2026-01-12T02:04:59.4030251Z           },
2026-01-12T02:04:59.4030424Z           "extract_vendor_dirs" : {
2026-01-12T02:04:59.4030767Z             "title" : "Whether to include Go vendor directories in the CodeQL database.",
2026-01-12T02:04:59.4031450Z             "description" : "A value indicating whether Go vendor directories should be included in the CodeQL database. The default is 'false'.\n",
2026-01-12T02:04:59.4032403Z             "type" : "string",
2026-01-12T02:04:59.4032614Z             "pattern" : "^(false|true)$"
2026-01-12T02:04:59.4033035Z           }
2026-01-12T02:04:59.4050667Z         }
2026-01-12T02:04:59.4050916Z       }
2026-01-12T02:04:59.4051079Z     ],
2026-01-12T02:04:59.4051258Z     "csharp" : [
2026-01-12T02:04:59.4051439Z       {
2026-01-12T02:04:59.4051743Z         "extractor_root" : "/opt/hostedtoolcache/CodeQL/2.23.8/x64/codeql/csharp",
2026-01-12T02:04:59.4052512Z         "extractor_options" : {
2026-01-12T02:04:59.4052751Z           "trap" : {
2026-01-12T02:04:59.4053078Z             "title" : "Options pertaining to TRAP.",
2026-01-12T02:04:59.4053585Z             "description" : "Options pertaining to TRAP.",
2026-01-12T02:04:59.4054050Z             "type" : "object",
2026-01-12T02:04:59.4054416Z             "properties" : {
2026-01-12T02:04:59.4054666Z               "compression" : {
2026-01-12T02:04:59.4055031Z                 "title" : "Controls compression for the TRAP files written by the extractor.",
2026-01-12T02:04:59.4056026Z                 "description" : "This option is only intended for use in debugging the extractor. Accepted values are 'brotli' (the default, to write brotli-compressed TRAP), 'gzip', and 'none' (to write uncompressed TRAP).\n",
2026-01-12T02:04:59.4056878Z                 "type" : "string",
2026-01-12T02:04:59.4057314Z                 "pattern" : "^(none|gzip|brotli)$"
2026-01-12T02:04:59.4057690Z               }
2026-01-12T02:04:59.4057862Z             }
2026-01-12T02:04:59.4058029Z           },
2026-01-12T02:04:59.4058193Z           "buildless" : {
2026-01-12T02:04:59.4058530Z             "title" : "DEPRECATED - Whether to use buildless (standalone) extraction.",
2026-01-12T02:04:59.4060687Z             "description" : "DEPRECATED: Use `--build-mode none` instead.\nA value indicating, which type of extraction the autobuilder should perform. If 'true', then the standalone extractor will be used, otherwise tracing extraction will be performed. The default is 'false'. Note that buildless extraction will generally yield less accurate analysis results, and should only be used in cases where it is not possible to build the code (for example if it uses inaccessible dependencies).\n",
2026-01-12T02:04:59.4062794Z             "type" : "string",
2026-01-12T02:04:59.4063033Z             "pattern" : "^(false|true)$"
2026-01-12T02:04:59.4063267Z           },
2026-01-12T02:04:59.4063430Z           "logging" : {
2026-01-12T02:04:59.4063665Z             "title" : "Options pertaining to logging.",
2026-01-12T02:04:59.4063985Z             "description" : "Options pertaining to logging.",
2026-01-12T02:04:59.4064278Z             "type" : "object",
2026-01-12T02:04:59.4064488Z             "properties" : {
2026-01-12T02:04:59.4064708Z               "verbosity" : {
2026-01-12T02:04:59.4064959Z                 "title" : "Extractor logging verbosity level.",
2026-01-12T02:04:59.4065954Z                 "description" : "Controls the level of verbosity of the extractor. The supported levels are (in order of increasing verbosity):\n  - off\n  - errors\n  - warnings\n  - info or progress\n  - debug or progress+\n  - trace or progress++\n  - progress+++\n",
2026-01-12T02:04:59.4067207Z                 "type" : "string",
2026-01-12T02:04:59.4067682Z                 "pattern" : "^(off|errors|warnings|(info|progress)|(debug|progress\\+)|(trace|progress\\+\\+)|progress\\+\\+\\+)$"
2026-01-12T02:04:59.4068310Z               }
2026-01-12T02:04:59.4068481Z             }
2026-01-12T02:04:59.4068719Z           },
2026-01-12T02:04:59.4068912Z           "binlog" : {
2026-01-12T02:04:59.4069215Z             "title" : "Binlog",
2026-01-12T02:04:59.4070290Z             "description" : "[EXPERIMENTAL] The value is a path to the MsBuild binary log file that should be extracted. This option only works when `--build-mode none` is also specified.\n",
2026-01-12T02:04:59.4071003Z             "type" : "array"
2026-01-12T02:04:59.4071375Z           },
2026-01-12T02:04:59.4071556Z           "buildless_dependency_dir" : {
2026-01-12T02:04:59.4072234Z             "title" : "The path where buildless (standalone) extraction should keep dependencies.",
2026-01-12T02:04:59.4072901Z             "description" : "If set, the buildless (standalone) extractor will store dependencies in this directory.\n",
2026-01-12T02:04:59.4073436Z             "type" : "string"
2026-01-12T02:04:59.4073824Z           }
2026-01-12T02:04:59.4074074Z         }
2026-01-12T02:04:59.4074335Z       }
2026-01-12T02:04:59.4074508Z     ],
2026-01-12T02:04:59.4074670Z     "actions" : [
2026-01-12T02:04:59.4074836Z       {
2026-01-12T02:04:59.4075118Z         "extractor_root" : "/opt/hostedtoolcache/CodeQL/2.23.8/x64/codeql/actions",
2026-01-12T02:04:59.4075491Z         "extractor_options" : {
2026-01-12T02:04:59.4075711Z           "trap" : {
2026-01-12T02:04:59.4076002Z             "title" : "TRAP options",
2026-01-12T02:04:59.4076592Z             "description" : "Options about how the extractor handles TRAP files",
2026-01-12T02:04:59.4077205Z             "type" : "object",
2026-01-12T02:04:59.4077465Z             "visibility" : 3,
2026-01-12T02:04:59.4077684Z             "properties" : {
2026-01-12T02:04:59.4077893Z               "cache" : {
2026-01-12T02:04:59.4078130Z                 "title" : "TRAP cache options",
2026-01-12T02:04:59.4078498Z                 "description" : "Options about how the extractor handles its TRAP cache",
2026-01-12T02:04:59.4078869Z                 "type" : "object",
2026-01-12T02:04:59.4079093Z                 "properties" : {
2026-01-12T02:04:59.4079304Z                   "dir" : {
2026-01-12T02:04:59.4079532Z                     "title" : "TRAP cache directory",
2026-01-12T02:04:59.4079859Z                     "description" : "The directory of the TRAP cache to use",
2026-01-12T02:04:59.4080184Z                     "type" : "string"
2026-01-12T02:04:59.4080397Z                   },
2026-01-12T02:04:59.4080578Z                   "bound" : {
2026-01-12T02:04:59.4080805Z                     "title" : "TRAP cache bound",
2026-01-12T02:04:59.4081157Z                     "description" : "A soft limit (in MB) on the size of the TRAP cache",
2026-01-12T02:04:59.4081511Z                     "type" : "string",
2026-01-12T02:04:59.4082091Z                     "pattern" : "[0-9]+"
2026-01-12T02:04:59.4082355Z                   },
2026-01-12T02:04:59.4082536Z                   "write" : {
2026-01-12T02:04:59.4082774Z                     "title" : "TRAP cache writeable",
2026-01-12T02:04:59.4083167Z                     "description" : "Whether to write to the TRAP cache as well as reading it",
2026-01-12T02:04:59.4083551Z                     "type" : "string",
2026-01-12T02:04:59.4083803Z                     "pattern" : "(true|TRUE|false|FALSE)"
2026-01-12T02:04:59.4084061Z                   }
2026-01-12T02:04:59.4084232Z                 }
2026-01-12T02:04:59.4084652Z               }
2026-01-12T02:04:59.4084927Z             }
2026-01-12T02:04:59.4085195Z           }
2026-01-12T02:04:59.4085459Z         }
2026-01-12T02:04:59.4085659Z       }
2026-01-12T02:04:59.4085927Z     ]
2026-01-12T02:04:59.4086180Z   }
2026-01-12T02:04:59.4086453Z }
2026-01-12T02:04:59.4086793Z Found 1 languages that support TRAP caching
2026-01-12T02:04:59.4087396Z Analyzing default branch. Skipping downloading of TRAP caches.
2026-01-12T02:04:59.4088807Z Using overlay database mode: none without caching.
2026-01-12T02:04:59.4089715Z Not performing diff-informed analysis because we are not analyzing a pull request.
2026-01-12T02:04:59.4090598Z ##[endgroup]
2026-01-12T02:04:59.4091595Z While resolving threads, found a cgroup CPUs file with 4 CPUs in /sys/fs/cgroup/cpuset.cpus.effective.
2026-01-12T02:04:59.4092872Z Skipping download of dependency cache for actions as we have no caching configuration for it.
2026-01-12T02:04:59.4099073Z Writing augmented user configuration file to /home/runner/work/_temp/user-config.yaml
2026-01-12T02:04:59.4099971Z ##[group]Augmented user configuration file contents
2026-01-12T02:04:59.4112131Z default-setup:
2026-01-12T02:04:59.4112451Z   org:
2026-01-12T02:04:59.4112726Z     model-packs: []
2026-01-12T02:04:59.4113060Z threat-models: []
2026-01-12T02:04:59.4113308Z 
2026-01-12T02:04:59.4113712Z ##[endgroup]
2026-01-12T02:04:59.4117034Z [command]/opt/hostedtoolcache/CodeQL/2.23.8/x64/codeql/codeql database init --force-overwrite --db-cluster /home/runner/work/_temp/codeql_databases --source-root=/home/runner/work/scratchattach/scratchattach --calculate-language-specific-baseline --extractor-include-aliases --sublanguage-file-coverage --language=actions --codescanning-config=/home/runner/work/_temp/user-config.yaml --build-mode=none
2026-01-12T02:05:00.9712185Z Package install location: /home/runner/.codeql/packages
2026-01-12T02:05:00.9716634Z Nothing downloaded.
2026-01-12T02:05:01.6467626Z Calculating baseline information in /home/runner/work/scratchattach/scratchattach
2026-01-12T02:05:02.3144510Z Running command in /home/runner/work/scratchattach/scratchattach: [/opt/hostedtoolcache/CodeQL/2.23.8/x64/codeql/actions/tools/configure-baseline.sh]
2026-01-12T02:05:02.3296406Z Calculated baseline information for languages: actions, python (683ms).
2026-01-12T02:05:05.6462526Z Resolving extractor actions.
2026-01-12T02:05:05.6515056Z Successfully loaded extractor GitHub Actions (actions) from /opt/hostedtoolcache/CodeQL/2.23.8/x64/codeql/actions.
2026-01-12T02:05:05.6918902Z Created skeleton CodeQL database at /home/runner/work/_temp/codeql_databases/actions. This in-progress database is ready to be populated by an extractor.
2026-01-12T02:05:05.9230133Z ##[group]Run github/codeql-action/start-proxy@v4
2026-01-12T02:05:05.9230437Z with:
2026-01-12T02:05:05.9230599Z   language: actions
2026-01-12T02:05:05.9230786Z   registry_secrets: []
2026-01-12T02:05:05.9231088Z   token: ***
2026-01-12T02:05:05.9231518Z   matrix: {
  "language": "actions",
  "category": "/language:actions",
  "build-mode": "none",
  "runner": "[\"ubuntu-latest\"]"
}
2026-01-12T02:05:05.9232261Z env:
2026-01-12T02:05:05.9232435Z   CODE_SCANNING_REF: refs/heads/main
2026-01-12T02:05:05.9232683Z   CODE_SCANNING_BASE_BRANCH: 
2026-01-12T02:05:05.9232929Z   CODE_SCANNING_IS_ANALYZING_DEFAULT_BRANCH: true
2026-01-12T02:05:05.9233235Z   CODE_SCANNING_IS_STEADY_STATE_DEFAULT_SETUP: true
2026-01-12T02:05:05.9238881Z   CODE_SCANNING_WORKFLOW_FILE: H4sIAAAAAAAA/6RV32/bNhB+919x8AakfZDzsicBBaY4cuLNsFNJQZcVBUFTJ5mLTKr8kVTt8r8PFKVYWuM5Q/1kHj9+vLvv40nQPYYwncsc36+mE2VF4EM/f/sGJTc7u53hAwoz46K2Rs+YzJFoRoXgoiTKCuLw8PQ0kSKEvBF0z9lkguIhnADMN5cxSefRer1cX5EkXryaGAvH+W+GiyiNyUUSrefXr2XaUo1kq6hgu5cYlymJ1tHq7k+3uIwX0e0q+583cE2ooFXz1S1yLKitzH/fmGZxdHlH0izK4udL0zi7vQnBKIvfnfmwSX5frDYfyGK5il+b16NU90UlH0nBq1ahyV9yq50sPl10fwG83pEPwRvHvadG8S+ziorS0tKdfdtClRU6cDo7UKHk/rd0s37ToZUVAtVbXzJAjWrPteZSaH8PAGWmXYJCmncxJoVBYcbBmrJ7WuI4qJFZxU0TtCXrEB4VNzjpSbiwGEgRoFJShVDQSvtNbRQ1WDZ9FgXlVVBQbYYg6GruQQBcsMrmeAgABNB3JOxrGewCMHePVE0I58/Al3Bby6s82MscQxBS4GjTtzGEs49Tu7XC2KCiBrWZfjo7kkrdmJ0UJzN5AfZDiWiDdSdt0JlovkN2L60BhbXU3EjVdJRWOzW7ZpyzDvfrwy+TEcFScMNpxb8i+JE0Ou4tf+5c/rkKPNk5F7zl8cBHbnYHyVqfa66Dey5yHYI7GfTv4xnVd0h7X39v/slL/RpAD+EhOMcaRY6CNQGjbMdF6Q/5vs5QPHAlxR6FgXfv4MwXF+ykNpifDYk+W1TcZTedwk9w6QdMG21A2/4NdO+g4GUIfw+E7AZSoNHYOhwpLFU5DgC4IqrAvT8dwsdXDhovCGlPwdMTfBqQmp1CatrmVC1lt9srnrq0oFbySwOFVKCw5Nq4ejsSnod++7QVtKHKBC34mCMO9IQpzFE4u3XCa2QKjZ5dLbPr2wuSxFfLNEuWcUpuks0fd0NJDo/viGPGtr5BVUi17zztZ63m+nRF3aA+VNN9V/3PfSPer3x25HqTZl0d7mHO2jbMpDWtYO2KOHMNyxgR3GySkwS1VMcJ5hGZx0m2XCznURafomKUMFSGF9wNq6Okt8kqPUVlVaUPBGPBD5NwoFQfdIf+CQAA//+2RVGDAgkAAA==
2026-01-12T02:05:05.9244916Z   CODEQL_ACTION_FEATURE_MULTI_LANGUAGE: false
2026-01-12T02:05:05.9245203Z   CODEQL_ACTION_FEATURE_SANDWICH: false
2026-01-12T02:05:05.9245459Z   CODEQL_ACTION_FEATURE_SARIF_COMBINE: true
2026-01-12T02:05:05.9245724Z   CODEQL_ACTION_FEATURE_WILL_UPLOAD: true
2026-01-12T02:05:05.9245970Z   CODEQL_ACTION_VERSION: 4.31.9
2026-01-12T02:05:05.9246226Z   JOB_RUN_UUID: 3b8ba318-44e3-4943-8b45-899a6ad1c777
2026-01-12T02:05:05.9246494Z   CODEQL_ACTION_INIT_HAS_RUN: true
2026-01-12T02:05:05.9247017Z   CODEQL_ACTION_ANALYSIS_KEY: dynamic/github-code-scanning/codeql:analyze
2026-01-12T02:05:05.9247408Z   CODEQL_WORKFLOW_STARTED_AT: 2026-01-12T02:04:51.722Z
2026-01-12T02:05:05.9247676Z   CODEQL_RAM: 14581
2026-01-12T02:05:05.9247857Z   CODEQL_THREADS: 4
2026-01-12T02:05:05.9248026Z ##[endgroup]
2026-01-12T02:05:06.0754938Z Using registry_secrets input.
2026-01-12T02:05:06.0756287Z No credentials found, skipping proxy setup.
2026-01-12T02:05:06.0917946Z ##[group]Run github/codeql-action/analyze@v4
2026-01-12T02:05:06.0918230Z with:
2026-01-12T02:05:06.0918412Z   category: /language:actions
2026-01-12T02:05:06.0918633Z   output: ../results
2026-01-12T02:05:06.0918828Z   upload: always
2026-01-12T02:05:06.0919015Z   skip-queries: false
2026-01-12T02:05:06.0919285Z   checkout_path: /home/runner/work/scratchattach/scratchattach
2026-01-12T02:05:06.0919621Z   upload-database: true
2026-01-12T02:05:06.0919828Z   wait-for-processing: true
2026-01-12T02:05:06.0920190Z   token: ***
2026-01-12T02:05:06.0920651Z   matrix: {
  "language": "actions",
  "category": "/language:actions",
  "build-mode": "none",
  "runner": "[\"ubuntu-latest\"]"
}
2026-01-12T02:05:06.0921161Z   expect-error: false
2026-01-12T02:05:06.0921354Z env:
2026-01-12T02:05:06.0921520Z   CODE_SCANNING_REF: refs/heads/main
2026-01-12T02:05:06.0921763Z   CODE_SCANNING_BASE_BRANCH: 
2026-01-12T02:05:06.0922281Z   CODE_SCANNING_IS_ANALYZING_DEFAULT_BRANCH: true
2026-01-12T02:05:06.0922628Z   CODE_SCANNING_IS_STEADY_STATE_DEFAULT_SETUP: true
2026-01-12T02:05:06.0928179Z   CODE_SCANNING_WORKFLOW_FILE: H4sIAAAAAAAA/6RV32/bNhB+919x8AakfZDzsicBBaY4cuLNsFNJQZcVBUFTJ5mLTKr8kVTt8r8PFKVYWuM5Q/1kHj9+vLvv40nQPYYwncsc36+mE2VF4EM/f/sGJTc7u53hAwoz46K2Rs+YzJFoRoXgoiTKCuLw8PQ0kSKEvBF0z9lkguIhnADMN5cxSefRer1cX5EkXryaGAvH+W+GiyiNyUUSrefXr2XaUo1kq6hgu5cYlymJ1tHq7k+3uIwX0e0q+583cE2ooFXz1S1yLKitzH/fmGZxdHlH0izK4udL0zi7vQnBKIvfnfmwSX5frDYfyGK5il+b16NU90UlH0nBq1ahyV9yq50sPl10fwG83pEPwRvHvadG8S+ziorS0tKdfdtClRU6cDo7UKHk/rd0s37ToZUVAtVbXzJAjWrPteZSaH8PAGWmXYJCmncxJoVBYcbBmrJ7WuI4qJFZxU0TtCXrEB4VNzjpSbiwGEgRoFJShVDQSvtNbRQ1WDZ9FgXlVVBQbYYg6GruQQBcsMrmeAgABNB3JOxrGewCMHePVE0I58/Al3Bby6s82MscQxBS4GjTtzGEs49Tu7XC2KCiBrWZfjo7kkrdmJ0UJzN5AfZDiWiDdSdt0JlovkN2L60BhbXU3EjVdJRWOzW7ZpyzDvfrwy+TEcFScMNpxb8i+JE0Ou4tf+5c/rkKPNk5F7zl8cBHbnYHyVqfa66Dey5yHYI7GfTv4xnVd0h7X39v/slL/RpAD+EhOMcaRY6CNQGjbMdF6Q/5vs5QPHAlxR6FgXfv4MwXF+ykNpifDYk+W1TcZTedwk9w6QdMG21A2/4NdO+g4GUIfw+E7AZSoNHYOhwpLFU5DgC4IqrAvT8dwsdXDhovCGlPwdMTfBqQmp1CatrmVC1lt9srnrq0oFbySwOFVKCw5Nq4ejsSnod++7QVtKHKBC34mCMO9IQpzFE4u3XCa2QKjZ5dLbPr2wuSxFfLNEuWcUpuks0fd0NJDo/viGPGtr5BVUi17zztZ63m+nRF3aA+VNN9V/3PfSPer3x25HqTZl0d7mHO2jbMpDWtYO2KOHMNyxgR3GySkwS1VMcJ5hGZx0m2XCznURafomKUMFSGF9wNq6Okt8kqPUVlVaUPBGPBD5NwoFQfdIf+CQAA//+2RVGDAgkAAA==
2026-01-12T02:05:06.0934151Z   CODEQL_ACTION_FEATURE_MULTI_LANGUAGE: false
2026-01-12T02:05:06.0934428Z   CODEQL_ACTION_FEATURE_SANDWICH: false
2026-01-12T02:05:06.0934688Z   CODEQL_ACTION_FEATURE_SARIF_COMBINE: true
2026-01-12T02:05:06.0934949Z   CODEQL_ACTION_FEATURE_WILL_UPLOAD: true
2026-01-12T02:05:06.0935225Z   CODEQL_ACTION_VERSION: 4.31.9
2026-01-12T02:05:06.0935482Z   JOB_RUN_UUID: 3b8ba318-44e3-4943-8b45-899a6ad1c777
2026-01-12T02:05:06.0935752Z   CODEQL_ACTION_INIT_HAS_RUN: true
2026-01-12T02:05:06.0936088Z   CODEQL_ACTION_ANALYSIS_KEY: dynamic/github-code-scanning/codeql:analyze
2026-01-12T02:05:06.0936475Z   CODEQL_WORKFLOW_STARTED_AT: 2026-01-12T02:04:51.722Z
2026-01-12T02:05:06.0936746Z   CODEQL_RAM: 14581
2026-01-12T02:05:06.0936935Z   CODEQL_THREADS: 4
2026-01-12T02:05:06.0937115Z   CODEQL_PROXY_HOST: 
2026-01-12T02:05:06.0937310Z   CODEQL_PROXY_PORT: 
2026-01-12T02:05:06.0937499Z   CODEQL_PROXY_CA_CERTIFICATE: 
2026-01-12T02:05:06.0937713Z   CODEQL_PROXY_URLS: 
2026-01-12T02:05:06.0937887Z ##[endgroup]
2026-01-12T02:05:07.1425889Z While resolving threads, found a cgroup CPUs file with 4 CPUs in /sys/fs/cgroup/cpuset.cpus.effective.
2026-01-12T02:05:07.1463453Z Not performing diff-informed analysis because we are not analyzing a pull request.
2026-01-12T02:05:07.1505288Z ##[group]Extracting actions
2026-01-12T02:05:07.1510132Z [command]/opt/hostedtoolcache/CodeQL/2.23.8/x64/codeql/codeql database trace-command --use-build-mode --working-dir /home/runner/work/scratchattach/scratchattach -O=actions.trap.cache.dir=/home/runner/work/_temp/trapCaches/actions -O=actions.trap.cache.bound=1024 -O=actions.trap.cache.write=true /home/runner/work/_temp/codeql_databases/actions
2026-01-12T02:05:07.9967117Z Running command in /home/runner/work/scratchattach/scratchattach: [/opt/hostedtoolcache/CodeQL/2.23.8/x64/codeql/actions/tools/autobuild.sh]
2026-01-12T02:05:08.0150295Z [2026-01-12 02:05:08] [build-stdout] LGTM_INDEX_FILTERS not set. Using the default filters, and passing through to the JavaScript extractor.
2026-01-12T02:05:08.9121060Z [2026-01-12 02:05:08] [build-stdout] Found JavaScript extractor at '/opt/hostedtoolcache/CodeQL/2.23.8/x64/codeql/javascript'.
2026-01-12T02:05:08.9122473Z [2026-01-12 02:05:08] [build-stdout] Running JavaScript autobuilder at '/opt/hostedtoolcache/CodeQL/2.23.8/x64/codeql/javascript/tools/autobuild.sh'.
2026-01-12T02:05:09.4027560Z [2026-01-12 02:05:09] [build-stdout] Parallel extraction with 4 threads.
2026-01-12T02:05:09.4549248Z [2026-01-12 02:05:09] [build-stdout] Extracting /home/runner/work/scratchattach/scratchattach/.github/workflows/action1.yml
2026-01-12T02:05:09.4559230Z [2026-01-12 02:05:09] [build-stdout] Extracting /home/runner/work/scratchattach/scratchattach/.github/workflows/action2.yml
2026-01-12T02:05:09.4560233Z [2026-01-12 02:05:09] [build-stdout] Extracting /home/runner/work/scratchattach/scratchattach/.github/workflows/action3.yml
2026-01-12T02:05:09.4560992Z [2026-01-12 02:05:09] [build-stdout] Extracting /home/runner/work/scratchattach/scratchattach/.github/workflows/action4.yml
2026-01-12T02:05:09.6558276Z [2026-01-12 02:05:09] [build-stdout] Done extracting /home/runner/work/scratchattach/scratchattach/.github/workflows/action3.yml (197 ms)
2026-01-12T02:05:09.6560118Z [2026-01-12 02:05:09] [build-stdout] Done extracting /home/runner/work/scratchattach/scratchattach/.github/workflows/action1.yml (196 ms)
2026-01-12T02:05:09.6561672Z [2026-01-12 02:05:09] [build-stdout] Extracting /home/runner/work/scratchattach/scratchattach/.github/workflows/test-multivalue.yml
2026-01-12T02:05:09.6563465Z [2026-01-12 02:05:09] [build-stdout] Done extracting /home/runner/work/scratchattach/scratchattach/.github/workflows/action4.yml (196 ms)
2026-01-12T02:05:09.6633028Z [2026-01-12 02:05:09] [build-stdout] Done extracting /home/runner/work/scratchattach/scratchattach/.github/workflows/action2.yml (206 ms)
2026-01-12T02:05:09.6683406Z [2026-01-12 02:05:09] [build-stdout] Done extracting /home/runner/work/scratchattach/scratchattach/.github/workflows/test-multivalue.yml (13 ms)
2026-01-12T02:05:09.7022540Z ##[endgroup]
2026-01-12T02:05:09.7028370Z ##[group]Finalizing actions
2026-01-12T02:05:09.7030126Z [command]/opt/hostedtoolcache/CodeQL/2.23.8/x64/codeql/codeql database finalize --finalize-dataset --threads=4 --ram=14581 /home/runner/work/_temp/codeql_databases/actions
2026-01-12T02:05:10.5011551Z Running TRAP import for CodeQL database at /home/runner/work/_temp/codeql_databases/actions...
2026-01-12T02:05:11.5576324Z Importing TRAP files
2026-01-12T02:05:12.0944899Z Merging relations
2026-01-12T02:05:12.2511478Z Finished writing database (relations: 8.15 KiB; string pool: 2.05 MiB).
2026-01-12T02:05:12.2863467Z TRAP import complete (1.8s).
2026-01-12T02:05:12.5371354Z Finished zipping source archive (3.96 KiB).
2026-01-12T02:05:12.5524749Z ##[endgroup]
2026-01-12T02:05:12.5530276Z ##[group]Running queries for actions
2026-01-12T02:05:12.5533023Z [command]/opt/hostedtoolcache/CodeQL/2.23.8/x64/codeql/codeql database run-queries --ram=14581 --threads=4 --expect-discarded-cache /home/runner/work/_temp/codeql_databases/actions --min-disk-free=1024 -v
2026-01-12T02:05:13.3089745Z Writing logs to /home/runner/work/_temp/codeql_databases/actions/log/database-run-queries-20260112.020513.306.log.
2026-01-12T02:05:13.3582637Z Stringpool size measured as 2146714
2026-01-12T02:05:13.9699796Z Writing logs to /home/runner/work/_temp/codeql_databases/actions/log/execute-queries-20260112.020513.967.log.
2026-01-12T02:05:14.3022381Z Recording pack reference codeql/actions-queries at /opt/hostedtoolcache/CodeQL/2.23.8/x64/codeql/qlpacks/codeql/actions-queries/0.6.16.
2026-01-12T02:05:16.1023380Z Compiling in 3 threads due to RAM limits.
2026-01-12T02:05:16.6104274Z [1/18] Loaded /opt/hostedtoolcache/CodeQL/2.23.8/x64/codeql/qlpacks/codeql/actions-queries/0.6.16/Security/CWE-312/ExcessiveSecretsExposure.qlx.
2026-01-12T02:05:16.6123333Z [2/18] Loaded /opt/hostedtoolcache/CodeQL/2.23.8/x64/codeql/qlpacks/codeql/actions-queries/0.6.16/Security/CWE-312/UnmaskedSecretExposure.qlx.
2026-01-12T02:05:16.6626293Z [3/18] Loaded /opt/hostedtoolcache/CodeQL/2.23.8/x64/codeql/qlpacks/codeql/actions-queries/0.6.16/Security/CWE-312/SecretsInArtifacts.qlx.
2026-01-12T02:05:17.1317989Z [4/18] Loaded /opt/hostedtoolcache/CodeQL/2.23.8/x64/codeql/qlpacks/codeql/actions-queries/0.6.16/Security/CWE-829/ArtifactPoisoningCritical.qlx.
2026-01-12T02:05:17.1966250Z [5/18] Loaded /opt/hostedtoolcache/CodeQL/2.23.8/x64/codeql/qlpacks/codeql/actions-queries/0.6.16/Security/CWE-1395/UseOfKnownVulnerableAction.qlx.
2026-01-12T02:05:17.2079355Z [6/18] Loaded /opt/hostedtoolcache/CodeQL/2.23.8/x64/codeql/qlpacks/codeql/actions-queries/0.6.16/Security/CWE-829/UntrustedCheckoutCritical.qlx.
2026-01-12T02:05:17.2204446Z [7/18] Loaded /opt/hostedtoolcache/CodeQL/2.23.8/x64/codeql/qlpacks/codeql/actions-queries/0.6.16/Security/CWE-829/UntrustedCheckoutHigh.qlx.
2026-01-12T02:05:17.3753465Z [8/18] Loaded /opt/hostedtoolcache/CodeQL/2.23.8/x64/codeql/qlpacks/codeql/actions-queries/0.6.16/Security/CWE-367/UntrustedCheckoutTOCTOUCritical.qlx.
2026-01-12T02:05:17.4068319Z [9/18] Loaded /opt/hostedtoolcache/CodeQL/2.23.8/x64/codeql/qlpacks/codeql/actions-queries/0.6.16/Security/CWE-094/CodeInjectionCritical.qlx.
2026-01-12T02:05:17.4224142Z [10/18] Loaded /opt/hostedtoolcache/CodeQL/2.23.8/x64/codeql/qlpacks/codeql/actions-queries/0.6.16/Security/CWE-367/UntrustedCheckoutTOCTOUHigh.qlx.
2026-01-12T02:05:17.4245269Z [11/18] Loaded /opt/hostedtoolcache/CodeQL/2.23.8/x64/codeql/qlpacks/codeql/actions-queries/0.6.16/Security/CWE-275/MissingActionsPermissions.qlx.
2026-01-12T02:05:17.5728298Z [12/18] Loaded /opt/hostedtoolcache/CodeQL/2.23.8/x64/codeql/qlpacks/codeql/actions-queries/0.6.16/Security/CWE-285/ImproperAccessControl.qlx.
2026-01-12T02:05:17.7406638Z [13/18] Loaded /opt/hostedtoolcache/CodeQL/2.23.8/x64/codeql/qlpacks/codeql/actions-queries/0.6.16/Security/CWE-077/EnvVarInjectionCritical.qlx.
2026-01-12T02:05:17.8236470Z [14/18] Loaded /opt/hostedtoolcache/CodeQL/2.23.8/x64/codeql/qlpacks/codeql/actions-queries/0.6.16/Security/CWE-349/CachePoisoningViaCodeInjection.qlx.
2026-01-12T02:05:17.8863239Z [15/18] Loaded /opt/hostedtoolcache/CodeQL/2.23.8/x64/codeql/qlpacks/codeql/actions-queries/0.6.16/Security/CWE-077/EnvPathInjectionCritical.qlx.
2026-01-12T02:05:17.9088124Z [16/18] Loaded /opt/hostedtoolcache/CodeQL/2.23.8/x64/codeql/qlpacks/codeql/actions-queries/0.6.16/Diagnostics/SuccessfullyExtractedFiles.qlx.
2026-01-12T02:05:17.9664897Z [17/18] Loaded /opt/hostedtoolcache/CodeQL/2.23.8/x64/codeql/qlpacks/codeql/actions-queries/0.6.16/Security/CWE-349/CachePoisoningViaPoisonableStep.qlx.
2026-01-12T02:05:18.0275926Z [18/18] Loaded /opt/hostedtoolcache/CodeQL/2.23.8/x64/codeql/qlpacks/codeql/actions-queries/0.6.16/Security/CWE-349/CachePoisoningViaDirectCache.qlx.
2026-01-12T02:05:18.2307151Z Starting evaluation of codeql/actions-queries/Diagnostics/SuccessfullyExtractedFiles.ql.
2026-01-12T02:05:18.2312309Z Starting evaluation of codeql/actions-queries/Security/CWE-077/EnvPathInjectionCritical.ql.
2026-01-12T02:05:18.2317492Z Starting evaluation of codeql/actions-queries/Security/CWE-077/EnvVarInjectionCritical.ql.
2026-01-12T02:05:18.2321370Z Starting evaluation of codeql/actions-queries/Security/CWE-094/CodeInjectionCritical.ql.
2026-01-12T02:05:18.2388317Z Starting evaluation of codeql/actions-queries/Security/CWE-1395/UseOfKnownVulnerableAction.ql.
2026-01-12T02:05:18.2390393Z Starting evaluation of codeql/actions-queries/Security/CWE-275/MissingActionsPermissions.ql.
2026-01-12T02:05:18.2392180Z Starting evaluation of codeql/actions-queries/Security/CWE-285/ImproperAccessControl.ql.
2026-01-12T02:05:18.2410637Z Starting evaluation of codeql/actions-queries/Security/CWE-312/ExcessiveSecretsExposure.ql.
2026-01-12T02:05:18.4869148Z [1/18 eval 249ms] Evaluation done; writing results to codeql/actions-queries/Diagnostics/SuccessfullyExtractedFiles.bqrs.
2026-01-12T02:05:18.4899706Z Starting evaluation of codeql/actions-queries/Security/CWE-312/SecretsInArtifacts.ql.
2026-01-12T02:05:18.4958881Z Starting evaluation of codeql/actions-queries/Security/CWE-312/UnmaskedSecretExposure.ql.
2026-01-12T02:05:18.4960501Z Starting evaluation of codeql/actions-queries/Security/CWE-349/CachePoisoningViaCodeInjection.ql.
2026-01-12T02:05:18.4962185Z Starting evaluation of codeql/actions-queries/Security/CWE-349/CachePoisoningViaDirectCache.ql.
2026-01-12T02:05:19.3105080Z [2/18 eval 1.1s] Evaluation done; writing results to codeql/actions-queries/Security/CWE-312/ExcessiveSecretsExposure.bqrs.
2026-01-12T02:05:19.3163123Z [3/18 eval 820ms] Evaluation done; writing results to codeql/actions-queries/Security/CWE-312/UnmaskedSecretExposure.bqrs.
2026-01-12T02:05:19.3556436Z [4/18 eval 1.1s] Evaluation done; writing results to codeql/actions-queries/Security/CWE-1395/UseOfKnownVulnerableAction.bqrs.
2026-01-12T02:05:19.5996099Z [5/18 eval 1.4s] Evaluation done; writing results to codeql/actions-queries/Security/CWE-285/ImproperAccessControl.bqrs.
2026-01-12T02:05:19.5998101Z [6/18 eval 1.4s] Evaluation done; writing results to codeql/actions-queries/Security/CWE-275/MissingActionsPermissions.bqrs.
2026-01-12T02:05:19.5999730Z [7/18 eval 1.1s] Evaluation done; writing results to codeql/actions-queries/Security/CWE-312/SecretsInArtifacts.bqrs.
2026-01-12T02:05:19.6001251Z Starting evaluation of codeql/actions-queries/Security/CWE-349/CachePoisoningViaPoisonableStep.ql.
2026-01-12T02:05:19.6243330Z [8/18 eval 1.1s] Evaluation done; writing results to codeql/actions-queries/Security/CWE-349/CachePoisoningViaDirectCache.bqrs.
2026-01-12T02:05:19.6382764Z Starting evaluation of codeql/actions-queries/Security/CWE-367/UntrustedCheckoutTOCTOUCritical.ql.
2026-01-12T02:05:19.6494901Z Starting evaluation of codeql/actions-queries/Security/CWE-367/UntrustedCheckoutTOCTOUHigh.ql.
2026-01-12T02:05:19.7866513Z Starting evaluation of codeql/actions-queries/Security/CWE-829/ArtifactPoisoningCritical.ql.
2026-01-12T02:05:19.7966610Z Starting evaluation of codeql/actions-queries/Security/CWE-829/UntrustedCheckoutCritical.ql.
2026-01-12T02:05:19.7980635Z Starting evaluation of codeql/actions-queries/Security/CWE-829/UntrustedCheckoutHigh.ql.
2026-01-12T02:05:19.9263171Z [9/18 eval 1.7s] Evaluation done; writing results to codeql/actions-queries/Security/CWE-094/CodeInjectionCritical.bqrs.
2026-01-12T02:05:19.9509520Z [10/18 eval 1.5s] Evaluation done; writing results to codeql/actions-queries/Security/CWE-349/CachePoisoningViaCodeInjection.bqrs.
2026-01-12T02:05:20.0144209Z [11/18 eval 1.8s] Evaluation done; writing results to codeql/actions-queries/Security/CWE-077/EnvVarInjectionCritical.bqrs.
2026-01-12T02:05:20.0358040Z [12/18 eval 393ms] Evaluation done; writing results to codeql/actions-queries/Security/CWE-367/UntrustedCheckoutTOCTOUCritical.bqrs.
2026-01-12T02:05:20.0450747Z [13/18 eval 247ms] Evaluation done; writing results to codeql/actions-queries/Security/CWE-829/UntrustedCheckoutHigh.bqrs.
2026-01-12T02:05:20.0475425Z [14/18 eval 399ms] Evaluation done; writing results to codeql/actions-queries/Security/CWE-367/UntrustedCheckoutTOCTOUHigh.bqrs.
2026-01-12T02:05:20.0477197Z [15/18 eval 1.8s] Evaluation done; writing results to codeql/actions-queries/Security/CWE-077/EnvPathInjectionCritical.bqrs.
2026-01-12T02:05:20.0570872Z [16/18 eval 260ms] Evaluation done; writing results to codeql/actions-queries/Security/CWE-829/UntrustedCheckoutCritical.bqrs.
2026-01-12T02:05:20.0607446Z [17/18 eval 462ms] Evaluation done; writing results to codeql/actions-queries/Security/CWE-349/CachePoisoningViaPoisonableStep.bqrs.
2026-01-12T02:05:20.0917452Z [18/18 eval 305ms] Evaluation done; writing results to codeql/actions-queries/Security/CWE-829/ArtifactPoisoningCritical.bqrs.
2026-01-12T02:05:20.0933627Z Shutting down query evaluator.
2026-01-12T02:05:20.1461794Z Interpreting code scanning results for actions
2026-01-12T02:05:20.9027912Z Writing logs to /home/runner/work/_temp/codeql_databases/actions/log/database-interpret-results-20260112.020520.899.log.
2026-01-12T02:05:21.0660507Z Recording pack reference codeql/actions-queries at /opt/hostedtoolcache/CodeQL/2.23.8/x64/codeql/qlpacks/codeql/actions-queries/0.6.16.
2026-01-12T02:05:21.0886389Z Resolving extensions
2026-01-12T02:05:21.9336238Z Interpreting /opt/hostedtoolcache/CodeQL/2.23.8/x64/codeql/qlpacks/codeql/actions-queries/0.6.16/Security/CWE-312/UnmaskedSecretExposure.ql...
2026-01-12T02:05:21.9693105Z  ... found results file at /home/runner/work/_temp/codeql_databases/actions/results/codeql/actions-queries/Security/CWE-312/UnmaskedSecretExposure.bqrs.
2026-01-12T02:05:21.9880178Z Interpreting /opt/hostedtoolcache/CodeQL/2.23.8/x64/codeql/qlpacks/codeql/actions-queries/0.6.16/Security/CWE-312/SecretsInArtifacts.ql...
2026-01-12T02:05:22.0024327Z  ... found results file at /home/runner/work/_temp/codeql_databases/actions/results/codeql/actions-queries/Security/CWE-312/SecretsInArtifacts.bqrs.
2026-01-12T02:05:22.0037914Z Interpreting /opt/hostedtoolcache/CodeQL/2.23.8/x64/codeql/qlpacks/codeql/actions-queries/0.6.16/Security/CWE-312/ExcessiveSecretsExposure.ql...
2026-01-12T02:05:22.0158571Z  ... found results file at /home/runner/work/_temp/codeql_databases/actions/results/codeql/actions-queries/Security/CWE-312/ExcessiveSecretsExposure.bqrs.
2026-01-12T02:05:22.0169977Z Interpreting /opt/hostedtoolcache/CodeQL/2.23.8/x64/codeql/qlpacks/codeql/actions-queries/0.6.16/Security/CWE-829/ArtifactPoisoningCritical.ql...
2026-01-12T02:05:22.0320871Z  ... found results file at /home/runner/work/_temp/codeql_databases/actions/results/codeql/actions-queries/Security/CWE-829/ArtifactPoisoningCritical.bqrs.
2026-01-12T02:05:22.0348783Z Interpreting /opt/hostedtoolcache/CodeQL/2.23.8/x64/codeql/qlpacks/codeql/actions-queries/0.6.16/Security/CWE-829/UntrustedCheckoutCritical.ql...
2026-01-12T02:05:22.0433867Z  ... found results file at /home/runner/work/_temp/codeql_databases/actions/results/codeql/actions-queries/Security/CWE-829/UntrustedCheckoutCritical.bqrs.
2026-01-12T02:05:22.0441975Z Interpreting /opt/hostedtoolcache/CodeQL/2.23.8/x64/codeql/qlpacks/codeql/actions-queries/0.6.16/Security/CWE-829/UntrustedCheckoutHigh.ql...
2026-01-12T02:05:22.0534492Z  ... found results file at /home/runner/work/_temp/codeql_databases/actions/results/codeql/actions-queries/Security/CWE-829/UntrustedCheckoutHigh.bqrs.
2026-01-12T02:05:22.0542272Z Interpreting /opt/hostedtoolcache/CodeQL/2.23.8/x64/codeql/qlpacks/codeql/actions-queries/0.6.16/Security/CWE-1395/UseOfKnownVulnerableAction.ql...
2026-01-12T02:05:22.0633158Z  ... found results file at /home/runner/work/_temp/codeql_databases/actions/results/codeql/actions-queries/Security/CWE-1395/UseOfKnownVulnerableAction.bqrs.
2026-01-12T02:05:22.0645372Z Interpreting /opt/hostedtoolcache/CodeQL/2.23.8/x64/codeql/qlpacks/codeql/actions-queries/0.6.16/Security/CWE-094/CodeInjectionCritical.ql...
2026-01-12T02:05:22.0718746Z  ... found results file at /home/runner/work/_temp/codeql_databases/actions/results/codeql/actions-queries/Security/CWE-094/CodeInjectionCritical.bqrs.
2026-01-12T02:05:22.0729497Z Interpreting /opt/hostedtoolcache/CodeQL/2.23.8/x64/codeql/qlpacks/codeql/actions-queries/0.6.16/Security/CWE-367/UntrustedCheckoutTOCTOUCritical.ql...
2026-01-12T02:05:22.0806195Z  ... found results file at /home/runner/work/_temp/codeql_databases/actions/results/codeql/actions-queries/Security/CWE-367/UntrustedCheckoutTOCTOUCritical.bqrs.
2026-01-12T02:05:22.0814140Z Interpreting /opt/hostedtoolcache/CodeQL/2.23.8/x64/codeql/qlpacks/codeql/actions-queries/0.6.16/Security/CWE-367/UntrustedCheckoutTOCTOUHigh.ql...
2026-01-12T02:05:22.0911329Z  ... found results file at /home/runner/work/_temp/codeql_databases/actions/results/codeql/actions-queries/Security/CWE-367/UntrustedCheckoutTOCTOUHigh.bqrs.
2026-01-12T02:05:22.0943735Z Interpreting /opt/hostedtoolcache/CodeQL/2.23.8/x64/codeql/qlpacks/codeql/actions-queries/0.6.16/Security/CWE-275/MissingActionsPermissions.ql...
2026-01-12T02:05:22.1000754Z  ... found results file at /home/runner/work/_temp/codeql_databases/actions/results/codeql/actions-queries/Security/CWE-275/MissingActionsPermissions.bqrs.
2026-01-12T02:05:22.1009447Z Interpreting /opt/hostedtoolcache/CodeQL/2.23.8/x64/codeql/qlpacks/codeql/actions-queries/0.6.16/Security/CWE-077/EnvVarInjectionCritical.ql...
2026-01-12T02:05:22.1114110Z  ... found results file at /home/runner/work/_temp/codeql_databases/actions/results/codeql/actions-queries/Security/CWE-077/EnvVarInjectionCritical.bqrs.
2026-01-12T02:05:22.1116586Z Interpreting /opt/hostedtoolcache/CodeQL/2.23.8/x64/codeql/qlpacks/codeql/actions-queries/0.6.16/Security/CWE-077/EnvPathInjectionCritical.ql...
2026-01-12T02:05:22.1158461Z  ... found results file at /home/runner/work/_temp/codeql_databases/actions/results/codeql/actions-queries/Security/CWE-077/EnvPathInjectionCritical.bqrs.
2026-01-12T02:05:22.1184168Z Interpreting /opt/hostedtoolcache/CodeQL/2.23.8/x64/codeql/qlpacks/codeql/actions-queries/0.6.16/Security/CWE-285/ImproperAccessControl.ql...
2026-01-12T02:05:22.1236786Z  ... found results file at /home/runner/work/_temp/codeql_databases/actions/results/codeql/actions-queries/Security/CWE-285/ImproperAccessControl.bqrs.
2026-01-12T02:05:22.1245728Z Interpreting /opt/hostedtoolcache/CodeQL/2.23.8/x64/codeql/qlpacks/codeql/actions-queries/0.6.16/Security/CWE-349/CachePoisoningViaCodeInjection.ql...
2026-01-12T02:05:22.1324864Z  ... found results file at /home/runner/work/_temp/codeql_databases/actions/results/codeql/actions-queries/Security/CWE-349/CachePoisoningViaCodeInjection.bqrs.
2026-01-12T02:05:22.1332888Z Interpreting /opt/hostedtoolcache/CodeQL/2.23.8/x64/codeql/qlpacks/codeql/actions-queries/0.6.16/Security/CWE-349/CachePoisoningViaPoisonableStep.ql...
2026-01-12T02:05:22.1424058Z  ... found results file at /home/runner/work/_temp/codeql_databases/actions/results/codeql/actions-queries/Security/CWE-349/CachePoisoningViaPoisonableStep.bqrs.
2026-01-12T02:05:22.1427864Z Interpreting /opt/hostedtoolcache/CodeQL/2.23.8/x64/codeql/qlpacks/codeql/actions-queries/0.6.16/Security/CWE-349/CachePoisoningViaDirectCache.ql...
2026-01-12T02:05:22.1502633Z  ... found results file at /home/runner/work/_temp/codeql_databases/actions/results/codeql/actions-queries/Security/CWE-349/CachePoisoningViaDirectCache.bqrs.
2026-01-12T02:05:22.1512429Z Interpreting /opt/hostedtoolcache/CodeQL/2.23.8/x64/codeql/qlpacks/codeql/actions-queries/0.6.16/Diagnostics/SuccessfullyExtractedFiles.ql...
2026-01-12T02:05:22.1602122Z  ... found results file at /home/runner/work/_temp/codeql_databases/actions/results/codeql/actions-queries/Diagnostics/SuccessfullyExtractedFiles.bqrs.
2026-01-12T02:05:22.2726063Z Interpreted problem query "Unmasked Secret Exposure" (actions/unmasked-secret-exposure) at path /home/runner/work/_temp/codeql_databases/actions/results/codeql/actions-queries/Security/CWE-312/UnmaskedSecretExposure.bqrs.
2026-01-12T02:05:22.2744974Z Interpreted problem query "Storage of sensitive information in GitHub Actions artifact" (actions/secrets-in-artifacts) at path /home/runner/work/_temp/codeql_databases/actions/results/codeql/actions-queries/Security/CWE-312/SecretsInArtifacts.bqrs.
2026-01-12T02:05:22.2748043Z Interpreted problem query "Excessive Secrets Exposure" (actions/excessive-secrets-exposure) at path /home/runner/work/_temp/codeql_databases/actions/results/codeql/actions-queries/Security/CWE-312/ExcessiveSecretsExposure.bqrs.
2026-01-12T02:05:22.2773103Z Interpreted pathproblem query "Artifact poisoning" (actions/artifact-poisoning/critical) at path /home/runner/work/_temp/codeql_databases/actions/results/codeql/actions-queries/Security/CWE-829/ArtifactPoisoningCritical.bqrs.
2026-01-12T02:05:22.2776487Z Interpreted pathproblem query "Checkout of untrusted code in a privileged context" (actions/untrusted-checkout/critical) at path /home/runner/work/_temp/codeql_databases/actions/results/codeql/actions-queries/Security/CWE-829/UntrustedCheckoutCritical.bqrs.
2026-01-12T02:05:22.2779736Z Interpreted problem query "Checkout of untrusted code in trusted context" (actions/untrusted-checkout/high) at path /home/runner/work/_temp/codeql_databases/actions/results/codeql/actions-queries/Security/CWE-829/UntrustedCheckoutHigh.bqrs.
2026-01-12T02:05:22.2782754Z Interpreted problem query "Use of a known vulnerable action" (actions/vulnerable-action) at path /home/runner/work/_temp/codeql_databases/actions/results/codeql/actions-queries/Security/CWE-1395/UseOfKnownVulnerableAction.bqrs.
2026-01-12T02:05:22.2785417Z Interpreted pathproblem query "Code injection" (actions/code-injection/critical) at path /home/runner/work/_temp/codeql_databases/actions/results/codeql/actions-queries/Security/CWE-094/CodeInjectionCritical.bqrs.
2026-01-12T02:05:22.2808062Z Interpreted pathproblem query "Untrusted Checkout TOCTOU" (actions/untrusted-checkout-toctou/critical) at path /home/runner/work/_temp/codeql_databases/actions/results/codeql/actions-queries/Security/CWE-367/UntrustedCheckoutTOCTOUCritical.bqrs.
2026-01-12T02:05:22.2811534Z Interpreted problem query "Untrusted Checkout TOCTOU" (actions/untrusted-checkout-toctou/high) at path /home/runner/work/_temp/codeql_databases/actions/results/codeql/actions-queries/Security/CWE-367/UntrustedCheckoutTOCTOUHigh.bqrs.
2026-01-12T02:05:22.2814990Z Interpreted problem query "Workflow does not contain permissions" (actions/missing-workflow-permissions) at path /home/runner/work/_temp/codeql_databases/actions/results/codeql/actions-queries/Security/CWE-275/MissingActionsPermissions.bqrs.
2026-01-12T02:05:22.2821764Z Interpreted pathproblem query "Environment variable built from user-controlled sources" (actions/envvar-injection/critical) at path /home/runner/work/_temp/codeql_databases/actions/results/codeql/actions-queries/Security/CWE-077/EnvVarInjectionCritical.bqrs.
2026-01-12T02:05:22.2826484Z Interpreted pathproblem query "PATH environment variable built from user-controlled sources" (actions/envpath-injection/critical) at path /home/runner/work/_temp/codeql_databases/actions/results/codeql/actions-queries/Security/CWE-077/EnvPathInjectionCritical.bqrs.
2026-01-12T02:05:22.2829626Z Interpreted problem query "Improper Access Control" (actions/improper-access-control) at path /home/runner/work/_temp/codeql_databases/actions/results/codeql/actions-queries/Security/CWE-285/ImproperAccessControl.bqrs.
2026-01-12T02:05:22.2832784Z Interpreted pathproblem query "Cache Poisoning via low-privileged code injection" (actions/cache-poisoning/code-injection) at path /home/runner/work/_temp/codeql_databases/actions/results/codeql/actions-queries/Security/CWE-349/CachePoisoningViaCodeInjection.bqrs.
2026-01-12T02:05:22.2836171Z Interpreted pathproblem query "Cache Poisoning via execution of untrusted code" (actions/cache-poisoning/poisonable-step) at path /home/runner/work/_temp/codeql_databases/actions/results/codeql/actions-queries/Security/CWE-349/CachePoisoningViaPoisonableStep.bqrs.
2026-01-12T02:05:22.2839680Z Interpreted pathproblem query "Cache Poisoning via caching of untrusted files" (actions/cache-poisoning/direct-cache) at path /home/runner/work/_temp/codeql_databases/actions/results/codeql/actions-queries/Security/CWE-349/CachePoisoningViaDirectCache.bqrs.
2026-01-12T02:05:22.2842981Z Interpreted diagnostic query "Extracted files" (actions/diagnostics/successfully-extracted-files) at path /home/runner/work/_temp/codeql_databases/actions/results/codeql/actions-queries/Diagnostics/SuccessfullyExtractedFiles.bqrs.
2026-01-12T02:05:22.2844984Z Reading source archive /home/runner/work/_temp/codeql_databases/actions/src.zip
2026-01-12T02:05:22.4062931Z Interpreting file coverage baseline information
2026-01-12T02:05:22.4075230Z Finished interpreting file coverage baseline information.
2026-01-12T02:05:22.4087748Z Interpreting diagnostic messages...
2026-01-12T02:05:22.4467958Z Found 3 raw diagnostic messages.
2026-01-12T02:05:22.4563208Z Processed diagnostic messages (removed 0 due to limits, created 0 summary diagnostics for status page).
2026-01-12T02:05:22.4594397Z Interpreted diagnostic messages (48ms).
2026-01-12T02:05:22.6955542Z Exporting results to SARIF...
2026-01-12T02:05:22.8387816Z Exported results to SARIF (144ms).
2026-01-12T02:05:22.8704765Z ##[endgroup]
2026-01-12T02:05:22.8707943Z CodeQL scanned 5 out of 5 GitHub Actions files in this invocation. Check the status page for overall coverage information: https://github.com/Boss-1s/scratchattach/security/code-scanning/tools/CodeQL/status/
2026-01-12T02:05:22.8708734Z 
2026-01-12T02:05:22.8717271Z Post-processing sarif files: ["/home/runner/work/scratchattach/results/actions.sarif"]
2026-01-12T02:05:22.8733231Z Adding fingerprints to SARIF file. See https://docs.github.com/en/enterprise-cloud@latest/code-security/code-scanning/integrating-with-code-scanning/sarif-support-for-code-scanning#providing-data-to-track-code-scanning-alerts-across-runs for more information.
2026-01-12T02:05:22.8796367Z ##[group]Uploading code scanning results
2026-01-12T02:05:22.8902526Z Uploading results
2026-01-12T02:05:23.1803185Z Successfully uploaded results
2026-01-12T02:05:23.1803731Z ##[endgroup]
2026-01-12T02:05:23.1809732Z ##[group]Cleaning up databases
2026-01-12T02:05:23.1811319Z [command]/opt/hostedtoolcache/CodeQL/2.23.8/x64/codeql/codeql database cleanup /home/runner/work/_temp/codeql_databases/actions --cache-cleanup=clear
2026-01-12T02:05:23.9066609Z Cleaning up existing TRAP files after import...
2026-01-12T02:05:23.9117123Z TRAP files cleaned up (3ms).
2026-01-12T02:05:23.9121404Z Cleaning up scratch directory...
2026-01-12T02:05:23.9122390Z Scratch directory cleaned up (0ms).
2026-01-12T02:05:24.0059413Z ##[endgroup]
2026-01-12T02:05:24.0068846Z [command]/opt/hostedtoolcache/CodeQL/2.23.8/x64/codeql/codeql database bundle /home/runner/work/_temp/codeql_databases/actions --output=/home/runner/work/_temp/codeql_databases/actions.zip --name=actions
2026-01-12T02:05:24.8960186Z Creating bundle metadata for /home/runner/work/_temp/codeql_databases/actions...
2026-01-12T02:05:25.3643659Z Creating zip file at /home/runner/work/_temp/codeql_databases/actions.zip.
2026-01-12T02:05:26.0983946Z Skipping upload of TRAP cache for actions as it is too small
2026-01-12T02:05:26.0987520Z Skipping upload of dependency cache for actions as we have no caching configuration for it.
2026-01-12T02:05:26.0989221Z ##[group]Waiting for processing to finish
2026-01-12T02:05:26.2463420Z Analysis upload status is complete.
2026-01-12T02:05:26.2464422Z ##[endgroup]
2026-01-12T02:05:26.4138643Z Post job cleanup.
2026-01-12T02:05:27.3012619Z Post job cleanup.
2026-01-12T02:05:27.5112345Z Post job cleanup.
2026-01-12T02:05:28.6038062Z CodeQL job status was success.
2026-01-12T02:05:28.6048031Z Sending status report for init-post step.
2026-01-12T02:05:28.7558610Z Status report sent for init-post step.
2026-01-12T02:05:28.7714108Z Post job cleanup.
2026-01-12T02:05:28.8715302Z [command]/usr/bin/git version
2026-01-12T02:05:28.8754762Z git version 2.52.0
2026-01-12T02:05:28.8805860Z Temporarily overriding HOME='/home/runner/work/_temp/4673277c-4646-4193-85fe-2ebc7c287ebc' before making global git config changes
2026-01-12T02:05:28.8807152Z Adding repository directory to the temporary git global config as a safe directory
2026-01-12T02:05:28.8813489Z [command]/usr/bin/git config --global --add safe.directory /home/runner/work/scratchattach/scratchattach
2026-01-12T02:05:28.8858103Z [command]/usr/bin/git config --local --name-only --get-regexp core\.sshCommand
2026-01-12T02:05:28.8895177Z [command]/usr/bin/git submodule foreach --recursive sh -c "git config --local --name-only --get-regexp 'core\.sshCommand' && git config --local --unset-all 'core.sshCommand' || :"
2026-01-12T02:05:28.9138309Z [command]/usr/bin/git config --local --name-only --get-regexp http\.https\:\/\/github\.com\/\.extraheader
2026-01-12T02:05:28.9162292Z http.https://github.com/.extraheader
2026-01-12T02:05:28.9176594Z [command]/usr/bin/git config --local --unset-all http.https://github.com/.extraheader
2026-01-12T02:05:28.9212333Z [command]/usr/bin/git submodule foreach --recursive sh -c "git config --local --name-only --get-regexp 'http\.https\:\/\/github\.com\/\.extraheader' && git config --local --unset-all 'http.https://github.com/.extraheader' || :"
2026-01-12T02:05:28.9454525Z [command]/usr/bin/git config --local --name-only --get-regexp ^includeIf\.gitdir:
2026-01-12T02:05:28.9489220Z [command]/usr/bin/git submodule foreach --recursive git config --local --show-origin --name-only --get-regexp remote.origin.url
2026-01-12T02:05:28.9837720Z Cleaning up orphan processes
