2025-08-30T06:22:36.2537702Z Current runner version: '2.328.0'
2025-08-30T06:22:36.2573321Z ##[group]Runner Image Provisioner
2025-08-30T06:22:36.2574676Z Hosted Compute Agent
2025-08-30T06:22:36.2575691Z Version: 20250829.383
2025-08-30T06:22:36.2576908Z Commit: 27cb235aab5b0e52e153a26cd86b4742e89dac5d
2025-08-30T06:22:36.2578439Z Build Date: 2025-08-29T13:48:48Z
2025-08-30T06:22:36.2579626Z ##[endgroup]
2025-08-30T06:22:36.2580527Z ##[group]Operating System
2025-08-30T06:22:36.2581601Z Ubuntu
2025-08-30T06:22:36.2582429Z 24.04.3
2025-08-30T06:22:36.2583191Z LTS
2025-08-30T06:22:36.2583993Z ##[endgroup]
2025-08-30T06:22:36.2584890Z ##[group]Runner Image
2025-08-30T06:22:36.2585930Z Image: ubuntu-24.04
2025-08-30T06:22:36.2586876Z Version: 20250824.1.0
2025-08-30T06:22:36.2589034Z Included Software: https://github.com/actions/runner-images/blob/ubuntu24/20250824.1/images/ubuntu/Ubuntu2404-Readme.md
2025-08-30T06:22:36.2591789Z Image Release: https://github.com/actions/runner-images/releases/tag/ubuntu24%2F20250824.1
2025-08-30T06:22:36.2593478Z ##[endgroup]
2025-08-30T06:22:36.2597695Z ##[group]GITHUB_TOKEN Permissions
2025-08-30T06:22:36.2600617Z Actions: write
2025-08-30T06:22:36.2601553Z Attestations: write
2025-08-30T06:22:36.2602549Z Checks: write
2025-08-30T06:22:36.2603338Z Contents: write
2025-08-30T06:22:36.2604163Z Deployments: write
2025-08-30T06:22:36.2605111Z Discussions: write
2025-08-30T06:22:36.2605846Z Issues: write
2025-08-30T06:22:36.2606714Z Metadata: read
2025-08-30T06:22:36.2607722Z Models: read
2025-08-30T06:22:36.2609042Z Packages: write
2025-08-30T06:22:36.2610096Z Pages: write
2025-08-30T06:22:36.2610925Z PullRequests: write
2025-08-30T06:22:36.2611816Z RepositoryProjects: write
2025-08-30T06:22:36.2612856Z SecurityEvents: write
2025-08-30T06:22:36.2614016Z Statuses: write
2025-08-30T06:22:36.2614940Z ##[endgroup]
2025-08-30T06:22:36.2619067Z Secret source: Actions
2025-08-30T06:22:36.2620255Z Prepare workflow directory
2025-08-30T06:22:36.3104428Z Prepare all required actions
2025-08-30T06:22:36.3163104Z Getting action download info
2025-08-30T06:22:36.5646592Z Download action repository 'actions/checkout@v5' (SHA:08c6903cd8c0fde910a37f88322edcfb5dd907a8)
2025-08-30T06:22:36.6484785Z Download action repository 'actions/setup-python@v5.6.0' (SHA:a26af69be951a213d495a4c3e4e4022e16d87065)
2025-08-30T06:22:36.7605297Z Download action repository 'bossOfCode/install-scratchattach@v1.0.3' (SHA:be17a7cf1ecb5a7040eb42ef26c2e1fbe72bb25a)
2025-08-30T06:22:37.0936657Z Complete job name: Run 1
2025-08-30T06:22:37.1618152Z ##[group]Run actions/checkout@v5
2025-08-30T06:22:37.1619014Z with:
2025-08-30T06:22:37.1619378Z   ref: main
2025-08-30T06:22:37.1619767Z   repository: Boss-1s/scratchattach
2025-08-30T06:22:37.1620458Z   token: ***
2025-08-30T06:22:37.1620836Z   ssh-strict: true
2025-08-30T06:22:37.1621224Z   ssh-user: git
2025-08-30T06:22:37.1621629Z   persist-credentials: true
2025-08-30T06:22:37.1622075Z   clean: true
2025-08-30T06:22:37.1622467Z   sparse-checkout-cone-mode: true
2025-08-30T06:22:37.1622946Z   fetch-depth: 1
2025-08-30T06:22:37.1623353Z   fetch-tags: false
2025-08-30T06:22:37.1623739Z   show-progress: true
2025-08-30T06:22:37.1624140Z   lfs: false
2025-08-30T06:22:37.1624502Z   submodules: false
2025-08-30T06:22:37.1624890Z   set-safe-directory: true
2025-08-30T06:22:37.1625531Z ##[endgroup]
2025-08-30T06:22:37.2620969Z Syncing repository: Boss-1s/scratchattach
2025-08-30T06:22:37.2623490Z ##[group]Getting Git version info
2025-08-30T06:22:37.2624878Z Working directory is '/home/runner/work/scratchattach/scratchattach'
2025-08-30T06:22:37.2626680Z [command]/usr/bin/git version
2025-08-30T06:22:37.2627516Z git version 2.51.0
2025-08-30T06:22:37.2633632Z ##[endgroup]
2025-08-30T06:22:37.2648445Z Temporarily overriding HOME='/home/runner/work/_temp/d6d29139-f70a-4805-9759-c04424300a9c' before making global git config changes
2025-08-30T06:22:37.2650770Z Adding repository directory to the temporary git global config as a safe directory
2025-08-30T06:22:37.2653579Z [command]/usr/bin/git config --global --add safe.directory /home/runner/work/scratchattach/scratchattach
2025-08-30T06:22:37.2691333Z Deleting the contents of '/home/runner/work/scratchattach/scratchattach'
2025-08-30T06:22:37.2694893Z ##[group]Initializing the repository
2025-08-30T06:22:37.2699500Z [command]/usr/bin/git init /home/runner/work/scratchattach/scratchattach
2025-08-30T06:22:37.2762973Z hint: Using 'master' as the name for the initial branch. This default branch name
2025-08-30T06:22:37.2764668Z hint: is subject to change. To configure the initial branch name to use in all
2025-08-30T06:22:37.2766212Z hint: of your new repositories, which will suppress this warning, call:
2025-08-30T06:22:37.2767416Z hint:
2025-08-30T06:22:37.2768494Z hint: 	git config --global init.defaultBranch <name>
2025-08-30T06:22:37.2769613Z hint:
2025-08-30T06:22:37.2770632Z hint: Names commonly chosen instead of 'master' are 'main', 'trunk' and
2025-08-30T06:22:37.2772248Z hint: 'development'. The just-created branch can be renamed via this command:
2025-08-30T06:22:37.2773578Z hint:
2025-08-30T06:22:37.2774209Z hint: 	git branch -m <name>
2025-08-30T06:22:37.2774945Z hint:
2025-08-30T06:22:37.2775983Z hint: Disable this message with "git config set advice.defaultBranchName false"
2025-08-30T06:22:37.2777871Z Initialized empty Git repository in /home/runner/work/scratchattach/scratchattach/.git/
2025-08-30T06:22:37.2781249Z [command]/usr/bin/git remote add origin https://github.com/Boss-1s/scratchattach
2025-08-30T06:22:37.2815596Z ##[endgroup]
2025-08-30T06:22:37.2816794Z ##[group]Disabling automatic garbage collection
2025-08-30T06:22:37.2819948Z [command]/usr/bin/git config --local gc.auto 0
2025-08-30T06:22:37.2850425Z ##[endgroup]
2025-08-30T06:22:37.2851612Z ##[group]Setting up auth
2025-08-30T06:22:37.2858381Z [command]/usr/bin/git config --local --name-only --get-regexp core\.sshCommand
2025-08-30T06:22:37.2891176Z [command]/usr/bin/git submodule foreach --recursive sh -c "git config --local --name-only --get-regexp 'core\.sshCommand' && git config --local --unset-all 'core.sshCommand' || :"
2025-08-30T06:22:37.3183290Z [command]/usr/bin/git config --local --name-only --get-regexp http\.https\:\/\/github\.com\/\.extraheader
2025-08-30T06:22:37.3214190Z [command]/usr/bin/git submodule foreach --recursive sh -c "git config --local --name-only --get-regexp 'http\.https\:\/\/github\.com\/\.extraheader' && git config --local --unset-all 'http.https://github.com/.extraheader' || :"
2025-08-30T06:22:37.3458325Z [command]/usr/bin/git config --local http.https://github.com/.extraheader AUTHORIZATION: basic ***
2025-08-30T06:22:37.3493527Z ##[endgroup]
2025-08-30T06:22:37.3494736Z ##[group]Fetching the repository
2025-08-30T06:22:37.3504208Z [command]/usr/bin/git -c protocol.version=2 fetch --no-tags --prune --no-recurse-submodules --depth=1 origin +refs/heads/main*:refs/remotes/origin/main* +refs/tags/main*:refs/tags/main*
2025-08-30T06:22:37.6628909Z From https://github.com/Boss-1s/scratchattach
2025-08-30T06:22:37.6629836Z  * [new branch]      main       -> origin/main
2025-08-30T06:22:37.6661226Z ##[endgroup]
2025-08-30T06:22:37.6662579Z ##[group]Determining the checkout info
2025-08-30T06:22:37.6668654Z [command]/usr/bin/git branch --list --remote origin/main
2025-08-30T06:22:37.6693062Z   origin/main
2025-08-30T06:22:37.6700122Z ##[endgroup]
2025-08-30T06:22:37.6703248Z [command]/usr/bin/git sparse-checkout disable
2025-08-30T06:22:37.6747232Z [command]/usr/bin/git config --local --unset-all extensions.worktreeConfig
2025-08-30T06:22:37.6775213Z ##[group]Checking out the ref
2025-08-30T06:22:37.6779061Z [command]/usr/bin/git checkout --progress --force -B main refs/remotes/origin/main
2025-08-30T06:22:37.7032952Z Switched to a new branch 'main'
2025-08-30T06:22:37.7035615Z branch 'main' set up to track 'origin/main'.
2025-08-30T06:22:37.7040218Z ##[endgroup]
2025-08-30T06:22:37.7081962Z [command]/usr/bin/git log -1 --format=%H
2025-08-30T06:22:37.7105926Z 944d135f6e88c6740b07f4b30b36b0af64714671
2025-08-30T06:22:37.7412538Z ##[group]Run actions/setup-python@v5.6.0
2025-08-30T06:22:37.7414068Z with:
2025-08-30T06:22:37.7414894Z   python-version: 3.12.5
2025-08-30T06:22:37.7415938Z   check-latest: false
2025-08-30T06:22:37.7417245Z   token: ***
2025-08-30T06:22:37.7418302Z   update-environment: true
2025-08-30T06:22:37.7419379Z   allow-prereleases: false
2025-08-30T06:22:37.7420411Z   freethreaded: false
2025-08-30T06:22:37.7421334Z ##[endgroup]
2025-08-30T06:22:37.9130010Z ##[group]Installed versions
2025-08-30T06:22:37.9252971Z Version 3.12.5 was not found in the local cache
2025-08-30T06:22:38.2677854Z Version 3.12.5 is available for downloading
2025-08-30T06:22:38.2680222Z Download from "https://github.com/actions/python-versions/releases/download/3.12.5-10375840348/python-3.12.5-linux-24.04-x64.tar.gz"
2025-08-30T06:22:39.2492663Z Extract downloaded archive
2025-08-30T06:22:39.2595724Z [command]/usr/bin/tar xz --warning=no-unknown-keyword --overwrite -C /home/runner/work/_temp/4c2383d4-19fa-43eb-80dc-933dfcc2f20b -f /home/runner/work/_temp/6ccaccf9-5bf9-4870-9acd-58d81dee6059
2025-08-30T06:22:41.2486111Z Execute installation script
2025-08-30T06:22:41.2577284Z Check if Python hostedtoolcache folder exist...
2025-08-30T06:22:41.2577982Z Create Python 3.12.5 folder
2025-08-30T06:22:41.2651091Z Copy Python binaries to hostedtoolcache folder
2025-08-30T06:22:41.9964332Z Create additional symlinks (Required for the UsePythonVersion Azure Pipelines task and the setup-python GitHub Action)
2025-08-30T06:22:42.0004413Z Upgrading pip...
2025-08-30T06:22:44.4062900Z Looking in links: /tmp/tmpfo3vy_q8
2025-08-30T06:22:44.4067317Z Requirement already satisfied: pip in /opt/hostedtoolcache/Python/3.12.5/x64/lib/python3.12/site-packages (24.2)
2025-08-30T06:22:45.9687704Z Collecting pip
2025-08-30T06:22:46.0152994Z Downloading pip-25.2-py3-none-any.whl.metadata (4.7 kB)
2025-08-30T06:22:46.0269039Z Downloading pip-25.2-py3-none-any.whl (1.8 MB)
2025-08-30T06:22:46.1339075Z ━━━━━━━━━━━━━━━━━━━━━━━━━━━━━━━━━━━━━━━━ 1.8/1.8 MB 19.1 MB/s eta 0:00:00
2025-08-30T06:22:46.1339566Z 
2025-08-30T06:22:46.1608974Z Installing collected packages: pip
2025-08-30T06:22:46.1609686Z Attempting uninstall: pip
2025-08-30T06:22:46.1631158Z Found existing installation: pip 24.2
2025-08-30T06:22:46.1982357Z Uninstalling pip-24.2:
2025-08-30T06:22:46.2038417Z Successfully uninstalled pip-24.2
2025-08-30T06:22:47.0613547Z Successfully installed pip-25.2
2025-08-30T06:22:47.1103225Z Create complete file
2025-08-30T06:22:47.1138493Z Successfully set up CPython (3.12.5)
2025-08-30T06:22:47.1139987Z ##[endgroup]
2025-08-30T06:22:47.1284404Z ##[group]Run bossOfCode/install-scratchattach@v1.0.3
2025-08-30T06:22:47.1284755Z env:
2025-08-30T06:22:47.1284999Z   pythonLocation: /opt/hostedtoolcache/Python/3.12.5/x64
2025-08-30T06:22:47.1285403Z   PKG_CONFIG_PATH: /opt/hostedtoolcache/Python/3.12.5/x64/lib/pkgconfig
2025-08-30T06:22:47.1285805Z   Python_ROOT_DIR: /opt/hostedtoolcache/Python/3.12.5/x64
2025-08-30T06:22:47.1286142Z   Python2_ROOT_DIR: /opt/hostedtoolcache/Python/3.12.5/x64
2025-08-30T06:22:47.1286497Z   Python3_ROOT_DIR: /opt/hostedtoolcache/Python/3.12.5/x64
2025-08-30T06:22:47.1286857Z   LD_LIBRARY_PATH: /opt/hostedtoolcache/Python/3.12.5/x64/lib
2025-08-30T06:22:47.1287180Z ##[endgroup]
2025-08-30T06:22:47.1432337Z ##[group]Run python3 -m pip install --upgrade pip
2025-08-30T06:22:47.1432755Z [36;1mpython3 -m pip install --upgrade pip[0m
2025-08-30T06:22:47.1591413Z shell: /usr/bin/bash --noprofile --norc -e -o pipefail {0}
2025-08-30T06:22:47.1591751Z env:
2025-08-30T06:22:47.1592055Z   pythonLocation: /opt/hostedtoolcache/Python/3.12.5/x64
2025-08-30T06:22:47.1592452Z   PKG_CONFIG_PATH: /opt/hostedtoolcache/Python/3.12.5/x64/lib/pkgconfig
2025-08-30T06:22:47.1592840Z   Python_ROOT_DIR: /opt/hostedtoolcache/Python/3.12.5/x64
2025-08-30T06:22:47.1593183Z   Python2_ROOT_DIR: /opt/hostedtoolcache/Python/3.12.5/x64
2025-08-30T06:22:47.1593529Z   Python3_ROOT_DIR: /opt/hostedtoolcache/Python/3.12.5/x64
2025-08-30T06:22:47.1593880Z   LD_LIBRARY_PATH: /opt/hostedtoolcache/Python/3.12.5/x64/lib
2025-08-30T06:22:47.1594176Z ##[endgroup]
2025-08-30T06:22:47.9325991Z Requirement already satisfied: pip in /opt/hostedtoolcache/Python/3.12.5/x64/lib/python3.12/site-packages (25.2)
2025-08-30T06:22:48.1297209Z ##[group]Run pip install -U scratchattach
2025-08-30T06:22:48.1297530Z [36;1mpip install -U scratchattach[0m
2025-08-30T06:22:48.1329354Z shell: /usr/bin/bash --noprofile --norc -e -o pipefail {0}
2025-08-30T06:22:48.1329680Z env:
2025-08-30T06:22:48.1329930Z   pythonLocation: /opt/hostedtoolcache/Python/3.12.5/x64
2025-08-30T06:22:48.1330325Z   PKG_CONFIG_PATH: /opt/hostedtoolcache/Python/3.12.5/x64/lib/pkgconfig
2025-08-30T06:22:48.1330697Z   Python_ROOT_DIR: /opt/hostedtoolcache/Python/3.12.5/x64
2025-08-30T06:22:48.1331026Z   Python2_ROOT_DIR: /opt/hostedtoolcache/Python/3.12.5/x64
2025-08-30T06:22:48.1331359Z   Python3_ROOT_DIR: /opt/hostedtoolcache/Python/3.12.5/x64
2025-08-30T06:22:48.1331693Z   LD_LIBRARY_PATH: /opt/hostedtoolcache/Python/3.12.5/x64/lib
2025-08-30T06:22:48.1331968Z ##[endgroup]
2025-08-30T06:22:48.5936929Z Collecting scratchattach
2025-08-30T06:22:48.6419677Z   Downloading scratchattach-2.1.13-py3-none-any.whl.metadata (5.5 kB)
2025-08-30T06:22:48.6683341Z Collecting websocket-client (from scratchattach)
2025-08-30T06:22:48.6755190Z   Downloading websocket_client-1.8.0-py3-none-any.whl.metadata (8.0 kB)
2025-08-30T06:22:48.7115417Z Collecting requests (from scratchattach)
2025-08-30T06:22:48.7184837Z   Downloading requests-2.32.5-py3-none-any.whl.metadata (4.9 kB)
2025-08-30T06:22:48.7335087Z Collecting bs4 (from scratchattach)
2025-08-30T06:22:48.7405659Z   Downloading bs4-0.0.2-py2.py3-none-any.whl.metadata (411 bytes)
2025-08-30T06:22:48.7553666Z Collecting SimpleWebSocketServer (from scratchattach)
2025-08-30T06:22:48.7630721Z   Downloading SimpleWebSocketServer-0.1.2.tar.gz (10 kB)
2025-08-30T06:22:48.7720452Z   Installing build dependencies: started
2025-08-30T06:22:49.6351790Z   Installing build dependencies: finished with status 'done'
2025-08-30T06:22:49.6358206Z   Getting requirements to build wheel: started
2025-08-30T06:22:49.9942552Z   Getting requirements to build wheel: finished with status 'done'
2025-08-30T06:22:49.9952615Z   Preparing metadata (pyproject.toml): started
2025-08-30T06:22:50.1845720Z   Preparing metadata (pyproject.toml): finished with status 'done'
2025-08-30T06:22:50.2068257Z Collecting typing-extensions (from scratchattach)
2025-08-30T06:22:50.2139321Z   Downloading typing_extensions-4.15.0-py3-none-any.whl.metadata (3.3 kB)
2025-08-30T06:22:50.2358851Z Collecting beautifulsoup4 (from bs4->scratchattach)
2025-08-30T06:22:50.2426844Z   Downloading beautifulsoup4-4.13.5-py3-none-any.whl.metadata (3.8 kB)
2025-08-30T06:22:50.2665242Z Collecting soupsieve>1.2 (from beautifulsoup4->bs4->scratchattach)
2025-08-30T06:22:50.2735429Z   Downloading soupsieve-2.8-py3-none-any.whl.metadata (4.6 kB)
2025-08-30T06:22:50.3821132Z Collecting charset_normalizer<4,>=2 (from requests->scratchattach)
2025-08-30T06:22:50.3896701Z   Downloading charset_normalizer-3.4.3-cp312-cp312-manylinux2014_x86_64.manylinux_2_17_x86_64.manylinux_2_28_x86_64.whl.metadata (36 kB)
2025-08-30T06:22:50.4148410Z Collecting idna<4,>=2.5 (from requests->scratchattach)
2025-08-30T06:22:50.4222155Z   Downloading idna-3.10-py3-none-any.whl.metadata (10 kB)
2025-08-30T06:22:50.4578823Z Collecting urllib3<3,>=1.21.1 (from requests->scratchattach)
2025-08-30T06:22:50.4651240Z   Downloading urllib3-2.5.0-py3-none-any.whl.metadata (6.5 kB)
2025-08-30T06:22:50.4917193Z Collecting certifi>=2017.4.17 (from requests->scratchattach)
2025-08-30T06:22:50.4993120Z   Downloading certifi-2025.8.3-py3-none-any.whl.metadata (2.4 kB)
2025-08-30T06:22:50.5137176Z Downloading scratchattach-2.1.13-py3-none-any.whl (141 kB)
2025-08-30T06:22:50.5293438Z Downloading bs4-0.0.2-py2.py3-none-any.whl (1.2 kB)
2025-08-30T06:22:50.5382615Z Downloading beautifulsoup4-4.13.5-py3-none-any.whl (105 kB)
2025-08-30T06:22:50.5477855Z Downloading soupsieve-2.8-py3-none-any.whl (36 kB)
2025-08-30T06:22:50.5571822Z Downloading typing_extensions-4.15.0-py3-none-any.whl (44 kB)
2025-08-30T06:22:50.5665080Z Downloading requests-2.32.5-py3-none-any.whl (64 kB)
2025-08-30T06:22:50.5760070Z Downloading charset_normalizer-3.4.3-cp312-cp312-manylinux2014_x86_64.manylinux_2_17_x86_64.manylinux_2_28_x86_64.whl (151 kB)
2025-08-30T06:22:50.5868667Z Downloading idna-3.10-py3-none-any.whl (70 kB)
2025-08-30T06:22:50.5963264Z Downloading urllib3-2.5.0-py3-none-any.whl (129 kB)
2025-08-30T06:22:50.6062976Z Downloading certifi-2025.8.3-py3-none-any.whl (161 kB)
2025-08-30T06:22:50.6163277Z Downloading websocket_client-1.8.0-py3-none-any.whl (58 kB)
2025-08-30T06:22:50.6301570Z Building wheels for collected packages: SimpleWebSocketServer
2025-08-30T06:22:50.6309971Z   Building wheel for SimpleWebSocketServer (pyproject.toml): started
2025-08-30T06:22:50.8617483Z   Building wheel for SimpleWebSocketServer (pyproject.toml): finished with status 'done'
2025-08-30T06:22:50.8623582Z   Created wheel for SimpleWebSocketServer: filename=simplewebsocketserver-0.1.2-py3-none-any.whl size=9715 sha256=c34728f0344607cfca56fd505bf9b79e31df633b12afdb3e5090494bbb954714
2025-08-30T06:22:50.8625284Z   Stored in directory: /home/runner/.cache/pip/wheels/81/fd/d8/f145b47bedceb5dff96b76e404a4ee9be956a4f8f150cd8133
2025-08-30T06:22:50.8645117Z Successfully built SimpleWebSocketServer
2025-08-30T06:22:50.8817469Z Installing collected packages: SimpleWebSocketServer, websocket-client, urllib3, typing-extensions, soupsieve, idna, charset_normalizer, certifi, requests, beautifulsoup4, bs4, scratchattach
2025-08-30T06:22:51.4523803Z 
2025-08-30T06:22:51.4543678Z Successfully installed SimpleWebSocketServer-0.1.2 beautifulsoup4-4.13.5 bs4-0.0.2 certifi-2025.8.3 charset_normalizer-3.4.3 idna-3.10 requests-2.32.5 scratchattach-2.1.13 soupsieve-2.8 typing-extensions-4.15.0 urllib3-2.5.0 websocket-client-1.8.0
2025-08-30T06:22:51.5384250Z ##[group]Run actions/checkout@v5
2025-08-30T06:22:51.5384512Z with:
2025-08-30T06:22:51.5384683Z   ref: main
2025-08-30T06:22:51.5384865Z   repository: Boss-1s/scratchattach
2025-08-30T06:22:51.5385217Z   token: ***
2025-08-30T06:22:51.5385399Z   ssh-strict: true
2025-08-30T06:22:51.5385579Z   ssh-user: git
2025-08-30T06:22:51.5385758Z   persist-credentials: true
2025-08-30T06:22:51.5385962Z   clean: true
2025-08-30T06:22:51.5386140Z   sparse-checkout-cone-mode: true
2025-08-30T06:22:51.5386362Z   fetch-depth: 1
2025-08-30T06:22:51.5386533Z   fetch-tags: false
2025-08-30T06:22:51.5386706Z   show-progress: true
2025-08-30T06:22:51.5386881Z   lfs: false
2025-08-30T06:22:51.5387035Z   submodules: false
2025-08-30T06:22:51.5387215Z   set-safe-directory: true
2025-08-30T06:22:51.5387410Z env:
2025-08-30T06:22:51.5387623Z   pythonLocation: /opt/hostedtoolcache/Python/3.12.5/x64
2025-08-30T06:22:51.5388179Z   PKG_CONFIG_PATH: /opt/hostedtoolcache/Python/3.12.5/x64/lib/pkgconfig
2025-08-30T06:22:51.5388588Z   Python_ROOT_DIR: /opt/hostedtoolcache/Python/3.12.5/x64
2025-08-30T06:22:51.5388923Z   Python2_ROOT_DIR: /opt/hostedtoolcache/Python/3.12.5/x64
2025-08-30T06:22:51.5389257Z   Python3_ROOT_DIR: /opt/hostedtoolcache/Python/3.12.5/x64
2025-08-30T06:22:51.5389586Z   LD_LIBRARY_PATH: /opt/hostedtoolcache/Python/3.12.5/x64/lib
2025-08-30T06:22:51.5389867Z ##[endgroup]
2025-08-30T06:22:51.6189430Z Syncing repository: Boss-1s/scratchattach
2025-08-30T06:22:51.6190090Z ##[group]Getting Git version info
2025-08-30T06:22:51.6190455Z Working directory is '/home/runner/work/scratchattach/scratchattach'
2025-08-30T06:22:51.6222997Z [command]/usr/bin/git version
2025-08-30T06:22:51.6260021Z git version 2.51.0
2025-08-30T06:22:51.6280352Z ##[endgroup]
2025-08-30T06:22:51.6294617Z Temporarily overriding HOME='/home/runner/work/_temp/f0b7f785-2497-49eb-a9ac-034c4c49eef0' before making global git config changes
2025-08-30T06:22:51.6295565Z Adding repository directory to the temporary git global config as a safe directory
2025-08-30T06:22:51.6300280Z [command]/usr/bin/git config --global --add safe.directory /home/runner/work/scratchattach/scratchattach
2025-08-30T06:22:51.6339366Z [command]/usr/bin/git config --local --get remote.origin.url
2025-08-30T06:22:51.6361297Z https://github.com/Boss-1s/scratchattach
2025-08-30T06:22:51.6374153Z ##[group]Removing previously created refs, to avoid conflicts
2025-08-30T06:22:51.6378210Z [command]/usr/bin/git rev-parse --symbolic-full-name --verify --quiet HEAD
2025-08-30T06:22:51.6399493Z refs/heads/main
2025-08-30T06:22:51.6409545Z [command]/usr/bin/git checkout --detach
2025-08-30T06:22:51.6566503Z HEAD is now at 944d135 Update action3.yml
2025-08-30T06:22:51.6612708Z [command]/usr/bin/git branch --delete --force main
2025-08-30T06:22:51.6638564Z Deleted branch main (was 944d135).
2025-08-30T06:22:51.6674806Z ##[endgroup]
2025-08-30T06:22:51.6678964Z [command]/usr/bin/git submodule status
2025-08-30T06:22:51.6907208Z ##[group]Cleaning the repository
2025-08-30T06:22:51.6912824Z [command]/usr/bin/git clean -ffdx
2025-08-30T06:22:51.6947968Z [command]/usr/bin/git reset --hard HEAD
2025-08-30T06:22:51.6982866Z HEAD is now at 944d135 Update action3.yml
2025-08-30T06:22:51.6988323Z ##[endgroup]
2025-08-30T06:22:51.6990166Z ##[group]Disabling automatic garbage collection
2025-08-30T06:22:51.6994092Z [command]/usr/bin/git config --local gc.auto 0
2025-08-30T06:22:51.7020153Z ##[endgroup]
2025-08-30T06:22:51.7020562Z ##[group]Setting up auth
2025-08-30T06:22:51.7027348Z [command]/usr/bin/git config --local --name-only --get-regexp core\.sshCommand
2025-08-30T06:22:51.7057116Z [command]/usr/bin/git submodule foreach --recursive sh -c "git config --local --name-only --get-regexp 'core\.sshCommand' && git config --local --unset-all 'core.sshCommand' || :"
2025-08-30T06:22:51.7282994Z [command]/usr/bin/git config --local --name-only --get-regexp http\.https\:\/\/github\.com\/\.extraheader
2025-08-30T06:22:51.7305772Z http.https://github.com/.extraheader
2025-08-30T06:22:51.7315171Z [command]/usr/bin/git config --local --unset-all http.https://github.com/.extraheader
2025-08-30T06:22:51.7345899Z [command]/usr/bin/git submodule foreach --recursive sh -c "git config --local --name-only --get-regexp 'http\.https\:\/\/github\.com\/\.extraheader' && git config --local --unset-all 'http.https://github.com/.extraheader' || :"
2025-08-30T06:22:51.7573190Z [command]/usr/bin/git config --local http.https://github.com/.extraheader AUTHORIZATION: basic ***
2025-08-30T06:22:51.7617236Z ##[endgroup]
2025-08-30T06:22:51.7618360Z ##[group]Fetching the repository
2025-08-30T06:22:51.7631162Z [command]/usr/bin/git -c protocol.version=2 fetch --no-tags --prune --no-recurse-submodules --depth=1 origin +refs/heads/main*:refs/remotes/origin/main* +refs/tags/main*:refs/tags/main*
2025-08-30T06:22:51.9754656Z ##[endgroup]
2025-08-30T06:22:51.9755059Z ##[group]Determining the checkout info
2025-08-30T06:22:51.9762264Z [command]/usr/bin/git branch --list --remote origin/main
2025-08-30T06:22:51.9786540Z   origin/main
2025-08-30T06:22:51.9791102Z ##[endgroup]
2025-08-30T06:22:51.9795457Z [command]/usr/bin/git sparse-checkout disable
2025-08-30T06:22:51.9834431Z [command]/usr/bin/git config --local --unset-all extensions.worktreeConfig
2025-08-30T06:22:51.9860502Z ##[group]Checking out the ref
2025-08-30T06:22:51.9864851Z [command]/usr/bin/git checkout --progress --force -B main refs/remotes/origin/main
2025-08-30T06:22:51.9902631Z Switched to a new branch 'main'
2025-08-30T06:22:51.9904831Z branch 'main' set up to track 'origin/main'.
2025-08-30T06:22:51.9912819Z ##[endgroup]
2025-08-30T06:22:51.9955227Z [command]/usr/bin/git log -1 --format=%H
2025-08-30T06:22:51.9987535Z 944d135f6e88c6740b07f4b30b36b0af64714671
2025-08-30T06:22:52.0117372Z ##[group]Run timeout 359m python3 message_viewer.py || { [[ $? -eq 124 ]] && exit 0; }
2025-08-30T06:22:52.0117912Z [36;1mtimeout 359m python3 message_viewer.py || { [[ $? -eq 124 ]] && exit 0; }[0m
2025-08-30T06:22:52.0149621Z shell: /usr/bin/bash -e {0}
2025-08-30T06:22:52.0149838Z env:
2025-08-30T06:22:52.0150076Z   pythonLocation: /opt/hostedtoolcache/Python/3.12.5/x64
2025-08-30T06:22:52.0150478Z   PKG_CONFIG_PATH: /opt/hostedtoolcache/Python/3.12.5/x64/lib/pkgconfig
2025-08-30T06:22:52.0151036Z   Python_ROOT_DIR: /opt/hostedtoolcache/Python/3.12.5/x64
2025-08-30T06:22:52.0151364Z   Python2_ROOT_DIR: /opt/hostedtoolcache/Python/3.12.5/x64
2025-08-30T06:22:52.0151685Z   Python3_ROOT_DIR: /opt/hostedtoolcache/Python/3.12.5/x64
2025-08-30T06:22:52.0152022Z   LD_LIBRARY_PATH: /opt/hostedtoolcache/Python/3.12.5/x64/lib
2025-08-30T06:22:52.0152428Z   PASS: ***
2025-08-30T06:22:52.0152593Z ##[endgroup]
2025-08-30T06:22:53.0945793Z Thanks for giving credit for CloudRequests!
2025-08-30T06:22:53.0946320Z Request handler is running
2025-08-30T06:22:53.0952486Z Request handler is running
2025-08-30T12:21:52.0301775Z Post job cleanup.
2025-08-30T12:21:52.1113178Z [command]/usr/bin/git version
2025-08-30T12:21:52.1156353Z git version 2.51.0
2025-08-30T12:21:52.1196940Z Temporarily overriding HOME='/home/runner/work/_temp/b9102a82-27a4-4f06-8a2b-c6055d10e63d' before making global git config changes
2025-08-30T12:21:52.1198779Z Adding repository directory to the temporary git global config as a safe directory
2025-08-30T12:21:52.1200046Z [command]/usr/bin/git config --global --add safe.directory /home/runner/work/scratchattach/scratchattach
2025-08-30T12:21:52.1240020Z [command]/usr/bin/git config --local --name-only --get-regexp core\.sshCommand
2025-08-30T12:21:52.1275966Z [command]/usr/bin/git submodule foreach --recursive sh -c "git config --local --name-only --get-regexp 'core\.sshCommand' && git config --local --unset-all 'core.sshCommand' || :"
2025-08-30T12:21:52.1529737Z [command]/usr/bin/git config --local --name-only --get-regexp http\.https\:\/\/github\.com\/\.extraheader
2025-08-30T12:21:52.1555647Z http.https://github.com/.extraheader
2025-08-30T12:21:52.1567868Z [command]/usr/bin/git config --local --unset-all http.https://github.com/.extraheader
2025-08-30T12:21:52.1604162Z [command]/usr/bin/git submodule foreach --recursive sh -c "git config --local --name-only --get-regexp 'http\.https\:\/\/github\.com\/\.extraheader' && git config --local --unset-all 'http.https://github.com/.extraheader' || :"
2025-08-30T12:21:52.1993889Z Post job cleanup.
2025-08-30T12:21:52.3726784Z Post job cleanup.
2025-08-30T12:21:52.4525997Z [command]/usr/bin/git version
2025-08-30T12:21:52.4563643Z git version 2.51.0
2025-08-30T12:21:52.4602074Z Temporarily overriding HOME='/home/runner/work/_temp/51456ba4-6905-4a8a-a25e-276fe9460305' before making global git config changes
2025-08-30T12:21:52.4603403Z Adding repository directory to the temporary git global config as a safe directory
2025-08-30T12:21:52.4607496Z [command]/usr/bin/git config --global --add safe.directory /home/runner/work/scratchattach/scratchattach
2025-08-30T12:21:52.4647183Z [command]/usr/bin/git config --local --name-only --get-regexp core\.sshCommand
2025-08-30T12:21:52.4681619Z [command]/usr/bin/git submodule foreach --recursive sh -c "git config --local --name-only --get-regexp 'core\.sshCommand' && git config --local --unset-all 'core.sshCommand' || :"
2025-08-30T12:21:52.4932982Z [command]/usr/bin/git config --local --name-only --get-regexp http\.https\:\/\/github\.com\/\.extraheader
2025-08-30T12:21:52.4973711Z [command]/usr/bin/git submodule foreach --recursive sh -c "git config --local --name-only --get-regexp 'http\.https\:\/\/github\.com\/\.extraheader' && git config --local --unset-all 'http.https://github.com/.extraheader' || :"
2025-08-30T12:21:52.5360943Z Cleaning up orphan processes
