2025-12-24T15:13:40.1852776Z Current runner version: '2.330.0'
2025-12-24T15:13:40.1879235Z ##[group]Runner Image Provisioner
2025-12-24T15:13:40.1880010Z Hosted Compute Agent
2025-12-24T15:13:40.1880501Z Version: 20251211.462
2025-12-24T15:13:40.1881062Z Commit: 6cbad8c2bb55d58165063d031ccabf57e2d2db61
2025-12-24T15:13:40.1881671Z Build Date: 2025-12-11T16:28:49Z
2025-12-24T15:13:40.1882263Z Worker ID: {650d8b42-0957-4a3b-9d01-8801f59d490c}
2025-12-24T15:13:40.1882849Z ##[endgroup]
2025-12-24T15:13:40.1883399Z ##[group]Operating System
2025-12-24T15:13:40.1884201Z Microsoft Windows Server 2025
2025-12-24T15:13:40.1884984Z 10.0.26100
2025-12-24T15:13:40.1885641Z Datacenter
2025-12-24T15:13:40.1886096Z ##[endgroup]
2025-12-24T15:13:40.1886572Z ##[group]Runner Image
2025-12-24T15:13:40.1887042Z Image: windows-2025
2025-12-24T15:13:40.1887489Z Version: 20251216.149.1
2025-12-24T15:13:40.1888812Z Included Software: https://github.com/actions/runner-images/blob/win25/20251216.149/images/windows/Windows2025-Readme.md
2025-12-24T15:13:40.1890183Z Image Release: https://github.com/actions/runner-images/releases/tag/win25%2F20251216.149
2025-12-24T15:13:40.1890981Z ##[endgroup]
2025-12-24T15:13:40.1892297Z ##[group]GITHUB_TOKEN Permissions
2025-12-24T15:13:40.1894091Z Contents: read
2025-12-24T15:13:40.1894548Z Metadata: read
2025-12-24T15:13:40.1894984Z ##[endgroup]
2025-12-24T15:13:40.1896978Z Secret source: Actions
2025-12-24T15:13:40.1897662Z Prepare workflow directory
2025-12-24T15:13:40.2253357Z Prepare all required actions
2025-12-24T15:13:40.2302814Z Getting action download info
2025-12-24T15:13:40.6240848Z Download action repository 'actions/checkout@v6.0.1' (SHA:8e8c483db84b4bee98b60c0593521ed34d9990e8)
2025-12-24T15:13:40.7701755Z Download action repository 'actions/setup-python@v6.1.0' (SHA:83679a892e2d95755f2dac6acb0bfd1e9ac5d548)
2025-12-24T15:13:41.0997776Z Complete job name: build (3.13, windows-latest)
2025-12-24T15:13:41.2931180Z ##[group]Run actions/checkout@v6.0.1
2025-12-24T15:13:41.2933226Z with:
2025-12-24T15:13:41.2934072Z   ref: scratch_chat_dev
2025-12-24T15:13:41.2934671Z   repository: Boss-1s/scratchattach
2025-12-24T15:13:41.2935577Z   token: ***
2025-12-24T15:13:41.2936060Z   ssh-strict: true
2025-12-24T15:13:41.2936549Z   ssh-user: git
2025-12-24T15:13:41.2937061Z   persist-credentials: true
2025-12-24T15:13:41.2937611Z   clean: true
2025-12-24T15:13:41.2938114Z   sparse-checkout-cone-mode: true
2025-12-24T15:13:41.2938715Z   fetch-depth: 1
2025-12-24T15:13:41.2939216Z   fetch-tags: false
2025-12-24T15:13:41.2939717Z   show-progress: true
2025-12-24T15:13:41.2940211Z   lfs: false
2025-12-24T15:13:41.2940655Z   submodules: false
2025-12-24T15:13:41.2941157Z   set-safe-directory: true
2025-12-24T15:13:41.2942133Z ##[endgroup]
2025-12-24T15:13:41.4373272Z Syncing repository: Boss-1s/scratchattach
2025-12-24T15:13:41.4375058Z ##[group]Getting Git version info
2025-12-24T15:13:41.4375819Z Working directory is 'D:\a\scratchattach\scratchattach'
2025-12-24T15:13:41.5475580Z [command]"C:\Program Files\Git\bin\git.exe" version
2025-12-24T15:13:42.1969120Z git version 2.52.0.windows.1
2025-12-24T15:13:42.2017680Z ##[endgroup]
2025-12-24T15:13:42.2036373Z Temporarily overriding HOME='D:\a\_temp\d40d4a40-743c-4b20-a09c-26ee123176e7' before making global git config changes
2025-12-24T15:13:42.2038112Z Adding repository directory to the temporary git global config as a safe directory
2025-12-24T15:13:42.2046821Z [command]"C:\Program Files\Git\bin\git.exe" config --global --add safe.directory D:\a\scratchattach\scratchattach
2025-12-24T15:13:42.2809540Z Deleting the contents of 'D:\a\scratchattach\scratchattach'
2025-12-24T15:13:42.2815328Z ##[group]Initializing the repository
2025-12-24T15:13:42.2823648Z [command]"C:\Program Files\Git\bin\git.exe" init D:\a\scratchattach\scratchattach
2025-12-24T15:13:42.4497575Z Initialized empty Git repository in D:/a/scratchattach/scratchattach/.git/
2025-12-24T15:13:42.4560222Z [command]"C:\Program Files\Git\bin\git.exe" remote add origin https://github.com/Boss-1s/scratchattach
2025-12-24T15:13:42.5419589Z ##[endgroup]
2025-12-24T15:13:42.5420831Z ##[group]Disabling automatic garbage collection
2025-12-24T15:13:42.5427561Z [command]"C:\Program Files\Git\bin\git.exe" config --local gc.auto 0
2025-12-24T15:13:42.5720630Z ##[endgroup]
2025-12-24T15:13:42.5722529Z ##[group]Setting up auth
2025-12-24T15:13:42.5723457Z Removing SSH command configuration
2025-12-24T15:13:42.5732958Z [command]"C:\Program Files\Git\bin\git.exe" config --local --name-only --get-regexp core\.sshCommand
2025-12-24T15:13:42.6032976Z [command]"C:\Program Files\Git\bin\git.exe" submodule foreach --recursive "sh -c \"git config --local --name-only --get-regexp 'core\.sshCommand' && git config --local --unset-all 'core.sshCommand' || :\""
2025-12-24T15:13:44.8494458Z Removing HTTP extra header
2025-12-24T15:13:44.8508492Z [command]"C:\Program Files\Git\bin\git.exe" config --local --name-only --get-regexp http\.https\:\/\/github\.com\/\.extraheader
2025-12-24T15:13:44.8822465Z [command]"C:\Program Files\Git\bin\git.exe" submodule foreach --recursive "sh -c \"git config --local --name-only --get-regexp 'http\.https\:\/\/github\.com\/\.extraheader' && git config --local --unset-all 'http.https://github.com/.extraheader' || :\""
2025-12-24T15:13:45.4026614Z Removing includeIf entries pointing to credentials config files
2025-12-24T15:13:45.4037740Z [command]"C:\Program Files\Git\bin\git.exe" config --local --name-only --get-regexp ^includeIf\.gitdir:
2025-12-24T15:13:45.4345518Z [command]"C:\Program Files\Git\bin\git.exe" submodule foreach --recursive "git config --local --show-origin --name-only --get-regexp remote.origin.url"
2025-12-24T15:13:45.9524960Z [command]"C:\Program Files\Git\bin\git.exe" config --file D:\a\_temp\git-credentials-66ab12d1-5c14-4cfa-961f-187d5071acb8.config http.https://github.com/.extraheader "AUTHORIZATION: basic ***"
2025-12-24T15:13:45.9865493Z [command]"C:\Program Files\Git\bin\git.exe" config --local includeIf.gitdir:D:/a/scratchattach/scratchattach/.git.path D:\a\_temp\git-credentials-66ab12d1-5c14-4cfa-961f-187d5071acb8.config
2025-12-24T15:13:46.0170001Z [command]"C:\Program Files\Git\bin\git.exe" config --local includeIf.gitdir:D:/a/scratchattach/scratchattach/.git/worktrees/*.path D:\a\_temp\git-credentials-66ab12d1-5c14-4cfa-961f-187d5071acb8.config
2025-12-24T15:13:46.0523542Z [command]"C:\Program Files\Git\bin\git.exe" config --local includeIf.gitdir:/github/workspace/.git.path /github/runner_temp/git-credentials-66ab12d1-5c14-4cfa-961f-187d5071acb8.config
2025-12-24T15:13:46.0840480Z [command]"C:\Program Files\Git\bin\git.exe" config --local includeIf.gitdir:/github/workspace/.git/worktrees/*.path /github/runner_temp/git-credentials-66ab12d1-5c14-4cfa-961f-187d5071acb8.config
2025-12-24T15:13:46.1146674Z ##[endgroup]
2025-12-24T15:13:46.1147205Z ##[group]Fetching the repository
2025-12-24T15:13:46.1161095Z [command]"C:\Program Files\Git\bin\git.exe" -c protocol.version=2 fetch --no-tags --prune --no-recurse-submodules --depth=1 origin +refs/heads/scratch_chat_dev*:refs/remotes/origin/scratch_chat_dev* +refs/tags/scratch_chat_dev*:refs/tags/scratch_chat_dev*
2025-12-24T15:13:54.0253819Z From https://github.com/Boss-1s/scratchattach
2025-12-24T15:13:54.0254487Z  * [new branch]      scratch_chat_dev -> origin/scratch_chat_dev
2025-12-24T15:13:54.3891042Z ##[endgroup]
2025-12-24T15:13:54.3891622Z ##[group]Determining the checkout info
2025-12-24T15:13:54.3908362Z [command]"C:\Program Files\Git\bin\git.exe" branch --list --remote origin/scratch_chat_dev
2025-12-24T15:13:54.5833079Z   origin/scratch_chat_dev
2025-12-24T15:13:54.5888011Z ##[endgroup]
2025-12-24T15:13:54.5900314Z [command]"C:\Program Files\Git\bin\git.exe" sparse-checkout disable
2025-12-24T15:13:55.0233415Z [command]"C:\Program Files\Git\bin\git.exe" config --local --unset-all extensions.worktreeConfig
2025-12-24T15:13:55.0623534Z ##[group]Checking out the ref
2025-12-24T15:13:55.0632814Z [command]"C:\Program Files\Git\bin\git.exe" checkout --progress --force -B scratch_chat_dev refs/remotes/origin/scratch_chat_dev
2025-12-24T15:13:56.6335127Z Updating files:  74% (1692/2270)
2025-12-24T15:13:56.6510600Z Updating files:  75% (1703/2270)
2025-12-24T15:13:56.6681245Z Updating files:  76% (1726/2270)
2025-12-24T15:13:56.6842949Z Updating files:  77% (1748/2270)
2025-12-24T15:13:56.7007574Z Updating files:  78% (1771/2270)
2025-12-24T15:13:56.7163428Z Updating files:  79% (1794/2270)
2025-12-24T15:13:56.7313783Z Updating files:  80% (1816/2270)
2025-12-24T15:13:56.7519367Z Updating files:  81% (1839/2270)
2025-12-24T15:13:56.7675854Z Updating files:  82% (1862/2270)
2025-12-24T15:13:56.8498285Z Updating files:  83% (1885/2270)
2025-12-24T15:13:56.8614618Z Updating files:  84% (1907/2270)
2025-12-24T15:13:56.8754096Z Updating files:  85% (1930/2270)
2025-12-24T15:13:56.8850694Z Updating files:  86% (1953/2270)
2025-12-24T15:13:56.8941946Z Updating files:  87% (1975/2270)
2025-12-24T15:13:56.9042319Z Updating files:  88% (1998/2270)
2025-12-24T15:13:56.9124230Z Updating files:  89% (2021/2270)
2025-12-24T15:13:56.9246229Z Updating files:  90% (2043/2270)
2025-12-24T15:13:56.9350350Z Updating files:  91% (2066/2270)
2025-12-24T15:13:56.9447063Z Updating files:  92% (2089/2270)
2025-12-24T15:13:56.9546342Z Updating files:  93% (2112/2270)
2025-12-24T15:13:56.9638967Z Updating files:  94% (2134/2270)
2025-12-24T15:13:56.9743133Z Updating files:  95% (2157/2270)
2025-12-24T15:13:56.9851500Z Updating files:  96% (2180/2270)
2025-12-24T15:13:57.0099317Z Updating files:  97% (2202/2270)
2025-12-24T15:13:57.0210494Z Updating files:  98% (2225/2270)
2025-12-24T15:13:57.0275037Z Updating files:  99% (2248/2270)
2025-12-24T15:13:57.0275650Z Updating files: 100% (2270/2270)
2025-12-24T15:13:57.0276129Z Updating files: 100% (2270/2270), done.
2025-12-24T15:13:57.8939386Z branch 'scratch_chat_dev' set up to track 'origin/scratch_chat_dev'.
2025-12-24T15:13:57.8958133Z Switched to a new branch 'scratch_chat_dev'
2025-12-24T15:13:57.9074675Z ##[endgroup]
2025-12-24T15:13:58.6872912Z [command]"C:\Program Files\Git\bin\git.exe" log -1 --format=%H
2025-12-24T15:13:59.0584521Z c5b9feb6052f0f9c9cd05e27557e8fd5d0352d25
2025-12-24T15:13:59.1059509Z ##[group]Run actions/setup-python@v6.1.0
2025-12-24T15:13:59.1059968Z with:
2025-12-24T15:13:59.1060235Z   python-version: 3.13
2025-12-24T15:13:59.1060543Z   check-latest: false
2025-12-24T15:13:59.1061284Z   token: ***
2025-12-24T15:13:59.1061595Z   update-environment: true
2025-12-24T15:13:59.1061954Z   allow-prereleases: false
2025-12-24T15:13:59.1062290Z   freethreaded: false
2025-12-24T15:13:59.1062583Z ##[endgroup]
2025-12-24T15:13:59.2794467Z ##[group]Installed versions
2025-12-24T15:13:59.7721951Z (node:3000) [DEP0040] DeprecationWarning: The `punycode` module is deprecated. Please use a userland alternative instead.
2025-12-24T15:13:59.7723103Z (Use `node --trace-deprecation ...` to show where the warning was created)
2025-12-24T15:13:59.7724076Z Successfully set up CPython (3.13.11)
2025-12-24T15:13:59.7725022Z ##[endgroup]
2025-12-24T15:13:59.8047694Z ##[group]Run cd test
2025-12-24T15:13:59.8047986Z [36;1mcd test[0m
2025-12-24T15:13:59.8048172Z [36;1mpython3 test5.py[0m
2025-12-24T15:14:02.2042076Z shell: C:\Program Files\PowerShell\7\pwsh.EXE -command ". '{0}'"
2025-12-24T15:14:02.2042499Z env:
2025-12-24T15:14:02.2042820Z   pythonLocation: C:\hostedtoolcache\windows\Python\3.13.11\x64
2025-12-24T15:14:02.2043290Z   PKG_CONFIG_PATH: C:\hostedtoolcache\windows\Python\3.13.11\x64/lib/pkgconfig
2025-12-24T15:14:02.2043743Z   Python_ROOT_DIR: C:\hostedtoolcache\windows\Python\3.13.11\x64
2025-12-24T15:14:02.2044146Z   Python2_ROOT_DIR: C:\hostedtoolcache\windows\Python\3.13.11\x64
2025-12-24T15:14:02.2044688Z   Python3_ROOT_DIR: C:\hostedtoolcache\windows\Python\3.13.11\x64
2025-12-24T15:14:02.2045054Z ##[endgroup]
2025-12-24T15:14:31.5863520Z File 'test.json' not found. Creating a new one.
2025-12-24T15:14:31.5935379Z Data for key 'test_top_level_key' stored successfully in 'test.json'.
2025-12-24T15:14:31.6005784Z Data for key 'test_top_level_key2' stored successfully in 'test.json'.
2025-12-24T15:14:31.6071553Z Data for key 'test_top_level_key2' stored successfully in 'test.json'.
2025-12-24T15:14:33.6154802Z Data for key 'test_top_level_key' stored successfully in 'test.json'.
2025-12-24T15:14:33.6225497Z Sucessfully changed value skibidi toilet to sigma under key test_top_level_key.sk2.
2025-12-24T15:14:37.6325081Z Successfully deleted key 'test_top_level_key2' from 'test.json'.
2025-12-24T15:14:38.6404327Z Deleted all data from test.json sucessfully.
2025-12-24T15:14:38.6422198Z File 'test.json' not found. Creating a new one.
2025-12-24T15:14:38.6423191Z Data for key 'test_top_level_key' stored successfully in 'test.json'.
2025-12-24T15:14:38.6423956Z Sucessfully added values ['val1', 'skibidi toilet'] to subkeys ['sk1', 'sk2'], respectively.
2025-12-24T15:14:38.6424741Z Data for key 'test_top_level_key2' stored successfully in 'test.json'.
2025-12-24T15:14:38.6425498Z Sucessfully added values ['val1', 'the fate of sigma'] to subkeys ['sk1', 'sk2'], respectively.
2025-12-24T15:14:38.6426231Z Data for key 'test_top_level_key2' stored successfully in 'test.json'.
2025-12-24T15:14:38.6426957Z Sucessfully added values ['val3', 'the fate of shard'] to subkeys ['sk3', 'sk4'], respectively.
2025-12-24T15:14:38.6427687Z Data for key 'test_top_level_key' stored successfully in 'test.json'.
2025-12-24T15:14:38.6428388Z Sucessfully changed value skibidi toilet to sigma under key test_top_level_key.sk2.
2025-12-24T15:14:38.6428984Z Sucessfully set subkey sk2 to value sigma.
2025-12-24T15:14:38.6429383Z ['test_top_level_key', 'test_top_level_key2']
2025-12-24T15:14:38.6429751Z ['sk1: val1', 'sk2: sigma']
2025-12-24T15:14:38.6430175Z Successfully deleted key 'test_top_level_key2' from 'test.json'.
2025-12-24T15:14:38.6430806Z Sucessfully deleted key test_top_level_key2 and all its child data.
2025-12-24T15:14:38.6431343Z Deleted all data from test.json sucessfully.
2025-12-24T15:14:38.6431777Z Sucessfully deleted all data from test.json.
2025-12-24T15:14:38.6432148Z test passed sucessfully
2025-12-24T15:14:39.1627335Z Post job cleanup.
2025-12-24T15:14:39.3070821Z (node:1384) [DEP0040] DeprecationWarning: The `punycode` module is deprecated. Please use a userland alternative instead.
2025-12-24T15:14:39.3071954Z (Use `node --trace-deprecation ...` to show where the warning was created)
2025-12-24T15:14:39.3353241Z Post job cleanup.
2025-12-24T15:14:39.5382388Z [command]"C:\Program Files\Git\bin\git.exe" version
2025-12-24T15:14:39.5654925Z git version 2.52.0.windows.1
2025-12-24T15:14:39.5723141Z Temporarily overriding HOME='D:\a\_temp\c1b29d3b-dd1e-49c4-8d1f-87be389551bd' before making global git config changes
2025-12-24T15:14:39.5723997Z Adding repository directory to the temporary git global config as a safe directory
2025-12-24T15:14:39.5733385Z [command]"C:\Program Files\Git\bin\git.exe" config --global --add safe.directory D:\a\scratchattach\scratchattach
2025-12-24T15:14:39.6037955Z Removing SSH command configuration
2025-12-24T15:14:39.6049185Z [command]"C:\Program Files\Git\bin\git.exe" config --local --name-only --get-regexp core\.sshCommand
2025-12-24T15:14:39.6368409Z [command]"C:\Program Files\Git\bin\git.exe" submodule foreach --recursive "sh -c \"git config --local --name-only --get-regexp 'core\.sshCommand' && git config --local --unset-all 'core.sshCommand' || :\""
2025-12-24T15:14:40.2071322Z Removing HTTP extra header
2025-12-24T15:14:40.2080899Z [command]"C:\Program Files\Git\bin\git.exe" config --local --name-only --get-regexp http\.https\:\/\/github\.com\/\.extraheader
2025-12-24T15:14:40.2391677Z [command]"C:\Program Files\Git\bin\git.exe" submodule foreach --recursive "sh -c \"git config --local --name-only --get-regexp 'http\.https\:\/\/github\.com\/\.extraheader' && git config --local --unset-all 'http.https://github.com/.extraheader' || :\""
2025-12-24T15:14:40.7640094Z Removing includeIf entries pointing to credentials config files
2025-12-24T15:14:40.7651654Z [command]"C:\Program Files\Git\bin\git.exe" config --local --name-only --get-regexp ^includeIf\.gitdir:
2025-12-24T15:14:40.7919789Z includeif.gitdir:D:/a/scratchattach/scratchattach/.git.path
2025-12-24T15:14:40.7920428Z includeif.gitdir:D:/a/scratchattach/scratchattach/.git/worktrees/*.path
2025-12-24T15:14:40.7921123Z includeif.gitdir:/github/workspace/.git.path
2025-12-24T15:14:40.7921669Z includeif.gitdir:/github/workspace/.git/worktrees/*.path
2025-12-24T15:14:40.7963119Z [command]"C:\Program Files\Git\bin\git.exe" config --local --get-all includeif.gitdir:D:/a/scratchattach/scratchattach/.git.path
2025-12-24T15:14:40.8238928Z D:\a\_temp\git-credentials-66ab12d1-5c14-4cfa-961f-187d5071acb8.config
2025-12-24T15:14:40.8287725Z [command]"C:\Program Files\Git\bin\git.exe" config --local --unset includeif.gitdir:D:/a/scratchattach/scratchattach/.git.path D:\a\_temp\git-credentials-66ab12d1-5c14-4cfa-961f-187d5071acb8.config
2025-12-24T15:14:40.8601971Z [command]"C:\Program Files\Git\bin\git.exe" config --local --get-all includeif.gitdir:D:/a/scratchattach/scratchattach/.git/worktrees/*.path
2025-12-24T15:14:40.8870253Z D:\a\_temp\git-credentials-66ab12d1-5c14-4cfa-961f-187d5071acb8.config
2025-12-24T15:14:40.8917891Z [command]"C:\Program Files\Git\bin\git.exe" config --local --unset includeif.gitdir:D:/a/scratchattach/scratchattach/.git/worktrees/*.path D:\a\_temp\git-credentials-66ab12d1-5c14-4cfa-961f-187d5071acb8.config
2025-12-24T15:14:40.9237606Z [command]"C:\Program Files\Git\bin\git.exe" config --local --get-all includeif.gitdir:/github/workspace/.git.path
2025-12-24T15:14:40.9501636Z /github/runner_temp/git-credentials-66ab12d1-5c14-4cfa-961f-187d5071acb8.config
2025-12-24T15:14:40.9539605Z [command]"C:\Program Files\Git\bin\git.exe" config --local --unset includeif.gitdir:/github/workspace/.git.path /github/runner_temp/git-credentials-66ab12d1-5c14-4cfa-961f-187d5071acb8.config
2025-12-24T15:14:40.9840479Z [command]"C:\Program Files\Git\bin\git.exe" config --local --get-all includeif.gitdir:/github/workspace/.git/worktrees/*.path
2025-12-24T15:14:41.0101068Z /github/runner_temp/git-credentials-66ab12d1-5c14-4cfa-961f-187d5071acb8.config
2025-12-24T15:14:41.0142046Z [command]"C:\Program Files\Git\bin\git.exe" config --local --unset includeif.gitdir:/github/workspace/.git/worktrees/*.path /github/runner_temp/git-credentials-66ab12d1-5c14-4cfa-961f-187d5071acb8.config
2025-12-24T15:14:41.0451375Z [command]"C:\Program Files\Git\bin\git.exe" submodule foreach --recursive "git config --local --show-origin --name-only --get-regexp remote.origin.url"
2025-12-24T15:14:41.5759204Z Removing credentials config 'D:\a\_temp\git-credentials-66ab12d1-5c14-4cfa-961f-187d5071acb8.config'
2025-12-24T15:14:41.5934974Z Cleaning up orphan processes
