2026-02-19T02:30:15.8059468Z Current runner version: '2.331.0'
2026-02-19T02:30:15.8085414Z ##[group]Runner Image Provisioner
2026-02-19T02:30:15.8086344Z Hosted Compute Agent
2026-02-19T02:30:15.8086877Z Version: 20260123.484
2026-02-19T02:30:15.8087521Z Commit: 6bd6555ca37d84114959e1c76d2c01448ff61c5d
2026-02-19T02:30:15.8088230Z Build Date: 2026-01-23T19:41:17Z
2026-02-19T02:30:15.8088914Z Worker ID: {8daa96b8-3808-4651-8dc4-6929d6ef7585}
2026-02-19T02:30:15.8089611Z Azure Region: westus
2026-02-19T02:30:15.8090149Z ##[endgroup]
2026-02-19T02:30:15.8091743Z ##[group]Operating System
2026-02-19T02:30:15.8092559Z Ubuntu
2026-02-19T02:30:15.8093721Z 24.04.3
2026-02-19T02:30:15.8094264Z LTS
2026-02-19T02:30:15.8094695Z ##[endgroup]
2026-02-19T02:30:15.8095263Z ##[group]Runner Image
2026-02-19T02:30:15.8095852Z Image: ubuntu-24.04
2026-02-19T02:30:15.8096367Z Version: 20260209.23.1
2026-02-19T02:30:15.8097655Z Included Software: https://github.com/actions/runner-images/blob/ubuntu24/20260209.23/images/ubuntu/Ubuntu2404-Readme.md
2026-02-19T02:30:15.8099093Z Image Release: https://github.com/actions/runner-images/releases/tag/ubuntu24%2F20260209.23
2026-02-19T02:30:15.8100074Z ##[endgroup]
2026-02-19T02:30:15.8101110Z ##[group]GITHUB_TOKEN Permissions
2026-02-19T02:30:15.8103286Z Contents: write
2026-02-19T02:30:15.8103846Z Metadata: read
2026-02-19T02:30:15.8104358Z ##[endgroup]
2026-02-19T02:30:15.8106641Z Secret source: Actions
2026-02-19T02:30:15.8107559Z Prepare workflow directory
2026-02-19T02:30:15.8444921Z Prepare all required actions
2026-02-19T02:30:15.8487583Z Getting action download info
2026-02-19T02:30:16.3159907Z Download action repository 'actions/checkout@v6.0.2' (SHA:de0fac2e4500dabe0009e67214ff5f5447ce83dd)
2026-02-19T02:30:16.4854059Z Download action repository 'pawanbahuguna/action-logs@v2.0.0' (SHA:2fb2206c1749d6d09b8799a05519c08ee503660d)
2026-02-19T02:30:17.0538452Z Complete job name: Download GH action logs
2026-02-19T02:30:17.1092036Z ##[group]Build container for action use: '/home/runner/work/_actions/pawanbahuguna/action-logs/v2.0.0/Dockerfile'.
2026-02-19T02:30:17.1149572Z ##[command]/usr/bin/docker build -t f2dcc9:040db2e850c54670ba9d56e8aa3cad0c -f "/home/runner/work/_actions/pawanbahuguna/action-logs/v2.0.0/Dockerfile" "/home/runner/work/_actions/pawanbahuguna/action-logs/v2.0.0"
2026-02-19T02:30:17.6563890Z #0 building with "default" instance using docker driver
2026-02-19T02:30:17.6564948Z 
2026-02-19T02:30:17.6565490Z #1 [internal] load build definition from Dockerfile
2026-02-19T02:30:17.6566708Z #1 transferring dockerfile: 347B done
2026-02-19T02:30:17.6567803Z #1 DONE 0.0s
2026-02-19T02:30:17.6568366Z 
2026-02-19T02:30:17.6569235Z #2 [internal] load metadata for docker.io/library/alpine:latest
2026-02-19T02:30:17.8981837Z #2 ...
2026-02-19T02:30:17.8982294Z 
2026-02-19T02:30:17.8982900Z #3 [auth] library/alpine:pull token for registry-1.docker.io
2026-02-19T02:30:17.8984301Z #3 DONE 0.0s
2026-02-19T02:30:18.0484995Z 
2026-02-19T02:30:18.4314058Z #2 [internal] load metadata for docker.io/library/alpine:latest
2026-02-19T02:30:18.4317141Z #2 DONE 0.9s
2026-02-19T02:30:18.6184158Z 
2026-02-19T02:30:18.6186126Z #4 [internal] load .dockerignore
2026-02-19T02:30:18.6188821Z #4 transferring context: 2B done
2026-02-19T02:30:18.6190341Z #4 DONE 0.0s
2026-02-19T02:30:18.6190969Z 
2026-02-19T02:30:18.6191453Z #5 [internal] load build context
2026-02-19T02:30:18.6192804Z #5 transferring context: 2.53kB done
2026-02-19T02:30:18.6194608Z #5 DONE 0.0s
2026-02-19T02:30:18.6195335Z 
2026-02-19T02:30:18.6197555Z #6 [1/4] FROM docker.io/library/alpine:latest@sha256:25109184c71bdad752c8312a8623239686a9a2071e8825f20acb8f2198c3f659
2026-02-19T02:30:18.6203192Z #6 resolve docker.io/library/alpine:latest@sha256:25109184c71bdad752c8312a8623239686a9a2071e8825f20acb8f2198c3f659 0.0s done
2026-02-19T02:30:18.6208824Z #6 sha256:589002ba0eaed121a1dbf42f6648f29e5be55d5c8a6ee0f8eaa0285cc21ac153 3.86MB / 3.86MB 0.1s done
2026-02-19T02:30:18.8582099Z #6 extracting sha256:589002ba0eaed121a1dbf42f6648f29e5be55d5c8a6ee0f8eaa0285cc21ac153 0.1s done
2026-02-19T02:30:18.8583696Z #6 DONE 0.3s
2026-02-19T02:30:18.8584021Z 
2026-02-19T02:30:18.8584322Z #7 [2/4] RUN apk update && apk add --no-cache curl jq
2026-02-19T02:30:19.3264441Z #7 0.619 v3.23.3-132-g79a44341879 [https://dl-cdn.alpinelinux.org/alpine/v3.23/main]
2026-02-19T02:30:19.3265438Z #7 0.619 v3.23.3-144-gd2759914e5a [https://dl-cdn.alpinelinux.org/alpine/v3.23/community]
2026-02-19T02:30:19.3266206Z #7 0.619 OK: 27572 distinct packages available
2026-02-19T02:30:20.0117095Z #7 1.304 ( 1/12) Installing brotli-libs (1.2.0-r0)
2026-02-19T02:30:20.1444953Z #7 1.315 ( 2/12) Installing c-ares (1.34.6-r0)
2026-02-19T02:30:20.1445632Z #7 1.319 ( 3/12) Installing libunistring (1.4.1-r0)
2026-02-19T02:30:20.1446107Z #7 1.331 ( 4/12) Installing libidn2 (2.3.8-r0)
2026-02-19T02:30:20.1447643Z #7 1.335 ( 5/12) Installing nghttp2-libs (1.68.0-r0)
2026-02-19T02:30:20.1449907Z #7 1.339 ( 6/12) Installing nghttp3 (1.13.1-r0)
2026-02-19T02:30:20.1450994Z #7 1.342 ( 7/12) Installing libpsl (0.21.5-r3)
2026-02-19T02:30:20.1452575Z #7 1.345 ( 8/12) Installing zstd-libs (1.5.7-r2)
2026-02-19T02:30:20.1453804Z #7 1.352 ( 9/12) Installing libcurl (8.17.0-r1)
2026-02-19T02:30:20.1455231Z #7 1.360 (10/12) Installing curl (8.17.0-r1)
2026-02-19T02:30:20.1455790Z #7 1.365 (11/12) Installing oniguruma (6.9.10-r0)
2026-02-19T02:30:20.1456283Z #7 1.372 (12/12) Installing jq (1.8.1-r0)
2026-02-19T02:30:20.1456875Z #7 1.379 Executing busybox-1.37.0-r30.trigger
2026-02-19T02:30:20.1457332Z #7 1.385 OK: 14.1 MiB in 28 packages
2026-02-19T02:30:20.1457709Z #7 DONE 1.4s
2026-02-19T02:30:20.3099221Z 
2026-02-19T02:30:20.3100690Z #8 [3/4] COPY entrypoint.sh /entrypoint.sh
2026-02-19T02:30:20.3101510Z #8 DONE 0.0s
2026-02-19T02:30:20.3101728Z 
2026-02-19T02:30:20.3102214Z #9 [4/4] RUN chmod +x /entrypoint.sh
2026-02-19T02:30:20.3102632Z #9 DONE 0.1s
2026-02-19T02:30:20.4621197Z 
2026-02-19T02:30:20.4622087Z #10 exporting to image
2026-02-19T02:30:20.4622610Z #10 exporting layers
2026-02-19T02:30:20.6619174Z #10 exporting layers 0.4s done
2026-02-19T02:30:20.7645927Z #10 exporting manifest sha256:9579c4a957498782f3edef4c2bee5215bfbc7dcf90f511da85be4427b909d589 done
2026-02-19T02:30:20.7648563Z #10 exporting config sha256:070e0cdf2612a369641291129fa9558a48df2ea3ccff7d97c595f53caaa6b932 done
2026-02-19T02:30:20.7650354Z #10 exporting attestation manifest sha256:4cbe14f6118e384d94b412cf0a604ebd0d782839cb67099010248989239842d6 done
2026-02-19T02:30:20.7652484Z #10 exporting manifest list sha256:4e99122de9f33b6e6b57efe226daf6005c8d80370108a1496483b5f4d4d246aa done
2026-02-19T02:30:20.7653754Z #10 naming to docker.io/library/f2dcc9:040db2e850c54670ba9d56e8aa3cad0c done
2026-02-19T02:30:20.7654616Z #10 unpacking to docker.io/library/f2dcc9:040db2e850c54670ba9d56e8aa3cad0c 0.1s done
2026-02-19T02:30:20.7655294Z #10 DONE 0.5s
2026-02-19T02:30:20.8096162Z ##[endgroup]
2026-02-19T02:30:20.8363881Z ##[group]Run actions/checkout@v6.0.2
2026-02-19T02:30:20.8364463Z with:
2026-02-19T02:30:20.8364667Z   repository: Boss-1s/scratchattach
2026-02-19T02:30:20.8365076Z   token: ***
2026-02-19T02:30:20.8365255Z   ssh-strict: true
2026-02-19T02:30:20.8365437Z   ssh-user: git
2026-02-19T02:30:20.8365618Z   persist-credentials: true
2026-02-19T02:30:20.8365838Z   clean: true
2026-02-19T02:30:20.8366027Z   sparse-checkout-cone-mode: true
2026-02-19T02:30:20.8366256Z   fetch-depth: 1
2026-02-19T02:30:20.8366429Z   fetch-tags: false
2026-02-19T02:30:20.8366604Z   show-progress: true
2026-02-19T02:30:20.8366789Z   lfs: false
2026-02-19T02:30:20.8366944Z   submodules: false
2026-02-19T02:30:20.8367126Z   set-safe-directory: true
2026-02-19T02:30:20.8367514Z ##[endgroup]
2026-02-19T02:30:20.9297438Z Syncing repository: Boss-1s/scratchattach
2026-02-19T02:30:20.9298661Z ##[group]Getting Git version info
2026-02-19T02:30:20.9299118Z Working directory is '/home/runner/work/scratchattach/scratchattach'
2026-02-19T02:30:20.9299707Z [command]/usr/bin/git version
2026-02-19T02:30:20.9300679Z git version 2.52.0
2026-02-19T02:30:20.9323821Z ##[endgroup]
2026-02-19T02:30:20.9338616Z Temporarily overriding HOME='/home/runner/work/_temp/020a784a-6f6b-46d1-beef-c9b0ca1e00f5' before making global git config changes
2026-02-19T02:30:20.9341860Z Adding repository directory to the temporary git global config as a safe directory
2026-02-19T02:30:20.9345143Z [command]/usr/bin/git config --global --add safe.directory /home/runner/work/scratchattach/scratchattach
2026-02-19T02:30:20.9388059Z Deleting the contents of '/home/runner/work/scratchattach/scratchattach'
2026-02-19T02:30:20.9391780Z ##[group]Initializing the repository
2026-02-19T02:30:20.9396791Z [command]/usr/bin/git init /home/runner/work/scratchattach/scratchattach
2026-02-19T02:30:20.9502186Z hint: Using 'master' as the name for the initial branch. This default branch name
2026-02-19T02:30:20.9503781Z hint: will change to "main" in Git 3.0. To configure the initial branch name
2026-02-19T02:30:20.9504735Z hint: to use in all of your new repositories, which will suppress this warning,
2026-02-19T02:30:20.9505569Z hint: call:
2026-02-19T02:30:20.9505878Z hint:
2026-02-19T02:30:20.9506327Z hint: 	git config --global init.defaultBranch <name>
2026-02-19T02:30:20.9506816Z hint:
2026-02-19T02:30:20.9507293Z hint: Names commonly chosen instead of 'master' are 'main', 'trunk' and
2026-02-19T02:30:20.9508187Z hint: 'development'. The just-created branch can be renamed via this command:
2026-02-19T02:30:20.9508820Z hint:
2026-02-19T02:30:20.9509108Z hint: 	git branch -m <name>
2026-02-19T02:30:20.9509327Z hint:
2026-02-19T02:30:20.9509632Z hint: Disable this message with "git config set advice.defaultBranchName false"
2026-02-19T02:30:20.9510227Z Initialized empty Git repository in /home/runner/work/scratchattach/scratchattach/.git/
2026-02-19T02:30:20.9520125Z [command]/usr/bin/git remote add origin https://github.com/Boss-1s/scratchattach
2026-02-19T02:30:20.9555079Z ##[endgroup]
2026-02-19T02:30:20.9555693Z ##[group]Disabling automatic garbage collection
2026-02-19T02:30:20.9559212Z [command]/usr/bin/git config --local gc.auto 0
2026-02-19T02:30:20.9587592Z ##[endgroup]
2026-02-19T02:30:20.9587936Z ##[group]Setting up auth
2026-02-19T02:30:20.9589442Z Removing SSH command configuration
2026-02-19T02:30:20.9596002Z [command]/usr/bin/git config --local --name-only --get-regexp core\.sshCommand
2026-02-19T02:30:20.9629266Z [command]/usr/bin/git submodule foreach --recursive sh -c "git config --local --name-only --get-regexp 'core\.sshCommand' && git config --local --unset-all 'core.sshCommand' || :"
2026-02-19T02:30:20.9964133Z Removing HTTP extra header
2026-02-19T02:30:20.9969191Z [command]/usr/bin/git config --local --name-only --get-regexp http\.https\:\/\/github\.com\/\.extraheader
2026-02-19T02:30:21.0001344Z [command]/usr/bin/git submodule foreach --recursive sh -c "git config --local --name-only --get-regexp 'http\.https\:\/\/github\.com\/\.extraheader' && git config --local --unset-all 'http.https://github.com/.extraheader' || :"
2026-02-19T02:30:21.0229172Z Removing includeIf entries pointing to credentials config files
2026-02-19T02:30:21.0236267Z [command]/usr/bin/git config --local --name-only --get-regexp ^includeIf\.gitdir:
2026-02-19T02:30:21.0269872Z [command]/usr/bin/git submodule foreach --recursive git config --local --show-origin --name-only --get-regexp remote.origin.url
2026-02-19T02:30:21.0508331Z [command]/usr/bin/git config --file /home/runner/work/_temp/git-credentials-0b5844aa-fd12-4e20-917a-212378145150.config http.https://github.com/.extraheader AUTHORIZATION: basic ***
2026-02-19T02:30:21.0546803Z [command]/usr/bin/git config --local includeIf.gitdir:/home/runner/work/scratchattach/scratchattach/.git.path /home/runner/work/_temp/git-credentials-0b5844aa-fd12-4e20-917a-212378145150.config
2026-02-19T02:30:21.0578412Z [command]/usr/bin/git config --local includeIf.gitdir:/home/runner/work/scratchattach/scratchattach/.git/worktrees/*.path /home/runner/work/_temp/git-credentials-0b5844aa-fd12-4e20-917a-212378145150.config
2026-02-19T02:30:21.0610305Z [command]/usr/bin/git config --local includeIf.gitdir:/github/workspace/.git.path /github/runner_temp/git-credentials-0b5844aa-fd12-4e20-917a-212378145150.config
2026-02-19T02:30:21.0642061Z [command]/usr/bin/git config --local includeIf.gitdir:/github/workspace/.git/worktrees/*.path /github/runner_temp/git-credentials-0b5844aa-fd12-4e20-917a-212378145150.config
2026-02-19T02:30:21.0669456Z ##[endgroup]
2026-02-19T02:30:21.0669857Z ##[group]Fetching the repository
2026-02-19T02:30:21.0678271Z [command]/usr/bin/git -c protocol.version=2 fetch --no-tags --prune --no-recurse-submodules --depth=1 origin +f5e9944872555adc580832a20f267ed95dc0850f:refs/remotes/origin/main
2026-02-19T02:31:01.3846566Z From https://github.com/Boss-1s/scratchattach
2026-02-19T02:31:01.3847446Z  * [new ref]         f5e9944872555adc580832a20f267ed95dc0850f -> origin/main
2026-02-19T02:31:01.3884033Z [command]/usr/bin/git branch --list --remote origin/main
2026-02-19T02:31:01.3916273Z   origin/main
2026-02-19T02:31:01.3924735Z [command]/usr/bin/git rev-parse refs/remotes/origin/main
2026-02-19T02:31:01.3947835Z f5e9944872555adc580832a20f267ed95dc0850f
2026-02-19T02:31:01.3951797Z ##[endgroup]
2026-02-19T02:31:01.3952381Z ##[group]Determining the checkout info
2026-02-19T02:31:01.3953634Z ##[endgroup]
2026-02-19T02:31:01.3957858Z [command]/usr/bin/git sparse-checkout disable
2026-02-19T02:31:01.3999507Z [command]/usr/bin/git config --local --unset-all extensions.worktreeConfig
2026-02-19T02:31:01.4027216Z ##[group]Checking out the ref
2026-02-19T02:31:01.4030821Z [command]/usr/bin/git checkout --progress --force -B main refs/remotes/origin/main
2026-02-19T02:31:02.7271467Z Updating files:  72% (2610/3592)
2026-02-19T02:31:02.9462230Z Updating files:  73% (2623/3592)
2026-02-19T02:31:03.0845005Z Updating files:  74% (2659/3592)
2026-02-19T02:31:03.0885739Z Updating files:  75% (2694/3592)
2026-02-19T02:31:03.2916537Z Updating files:  76% (2730/3592)
2026-02-19T02:31:03.3479039Z Updating files:  77% (2766/3592)
2026-02-19T02:31:03.4289646Z Updating files:  78% (2802/3592)
2026-02-19T02:31:03.9829465Z Updating files:  78% (2808/3592)
2026-02-19T02:31:04.1652758Z Updating files:  79% (2838/3592)
2026-02-19T02:31:04.4127370Z Updating files:  80% (2874/3592)
2026-02-19T02:31:04.6808499Z Updating files:  80% (2896/3592)
2026-02-19T02:31:04.7673299Z Updating files:  81% (2910/3592)
2026-02-19T02:31:05.1628493Z Updating files:  82% (2946/3592)
2026-02-19T02:31:05.4384493Z Updating files:  83% (2982/3592)
2026-02-19T02:31:05.7891719Z Updating files:  83% (2998/3592)
2026-02-19T02:31:06.4683371Z Updating files:  84% (3018/3592)
2026-02-19T02:31:06.6121097Z Updating files:  84% (3040/3592)
2026-02-19T02:31:07.1818093Z Updating files:  85% (3054/3592)
2026-02-19T02:31:07.4636002Z Updating files:  86% (3090/3592)
2026-02-19T02:31:07.8821491Z Updating files:  86% (3105/3592)
2026-02-19T02:31:08.4314763Z Updating files:  87% (3126/3592)
2026-02-19T02:31:08.4910760Z Updating files:  87% (3155/3592)
2026-02-19T02:31:08.8232380Z Updating files:  88% (3161/3592)
2026-02-19T02:31:08.8434762Z Updating files:  89% (3197/3592)
2026-02-19T02:31:08.8640053Z Updating files:  90% (3233/3592)
2026-02-19T02:31:08.8784679Z Updating files:  91% (3269/3592)
2026-02-19T02:31:08.8908339Z Updating files:  92% (3305/3592)
2026-02-19T02:31:09.4087493Z Updating files:  93% (3341/3592)
2026-02-19T02:31:09.5086774Z Updating files:  93% (3370/3592)
2026-02-19T02:31:10.0294516Z Updating files:  94% (3377/3592)
2026-02-19T02:31:10.1925675Z Updating files:  95% (3413/3592)
2026-02-19T02:31:10.3724115Z Updating files:  96% (3449/3592)
2026-02-19T02:31:10.4081105Z Updating files:  97% (3485/3592)
2026-02-19T02:31:10.4997962Z Updating files:  97% (3496/3592)
2026-02-19T02:31:10.6487084Z Updating files:  98% (3521/3592)
2026-02-19T02:31:10.7546282Z Updating files:  99% (3557/3592)
2026-02-19T02:31:10.7547021Z Updating files: 100% (3592/3592)
2026-02-19T02:31:10.7547551Z Updating files: 100% (3592/3592), done.
2026-02-19T02:31:10.9734988Z Switched to a new branch 'main'
2026-02-19T02:31:10.9737328Z branch 'main' set up to track 'origin/main'.
2026-02-19T02:31:10.9945172Z ##[endgroup]
2026-02-19T02:31:10.9990239Z [command]/usr/bin/git log -1 --format=%H
2026-02-19T02:31:11.0015645Z f5e9944872555adc580832a20f267ed95dc0850f
2026-02-19T02:31:11.0201831Z ##[group]Run pawanbahuguna/action-logs@v2.0.0
2026-02-19T02:31:11.0202136Z env:
2026-02-19T02:31:11.0202717Z   GH_TOKEN: ***
2026-02-19T02:31:11.0202920Z   GH_REPO: Boss-1s/scratchattach
2026-02-19T02:31:11.0203423Z   LOGS_DIR: .logs
2026-02-19T02:31:11.0203602Z ##[endgroup]
2026-02-19T02:31:11.0291611Z ##[command]/usr/bin/docker run --name f2dcc9040db2e850c54670ba9d56e8aa3cad0c_b68f9a --label f2dcc9 --workdir /github/workspace --rm -e "GH_TOKEN" -e "GH_REPO" -e "LOGS_DIR" -e "HOME" -e "GITHUB_JOB" -e "GITHUB_REF" -e "GITHUB_SHA" -e "GITHUB_REPOSITORY" -e "GITHUB_REPOSITORY_OWNER" -e "GITHUB_REPOSITORY_OWNER_ID" -e "GITHUB_RUN_ID" -e "GITHUB_RUN_NUMBER" -e "GITHUB_RETENTION_DAYS" -e "GITHUB_RUN_ATTEMPT" -e "GITHUB_ACTOR_ID" -e "GITHUB_ACTOR" -e "GITHUB_WORKFLOW" -e "GITHUB_HEAD_REF" -e "GITHUB_BASE_REF" -e "GITHUB_EVENT_NAME" -e "GITHUB_SERVER_URL" -e "GITHUB_API_URL" -e "GITHUB_GRAPHQL_URL" -e "GITHUB_REF_NAME" -e "GITHUB_REF_PROTECTED" -e "GITHUB_REF_TYPE" -e "GITHUB_WORKFLOW_REF" -e "GITHUB_WORKFLOW_SHA" -e "GITHUB_REPOSITORY_ID" -e "GITHUB_TRIGGERING_ACTOR" -e "GITHUB_WORKSPACE" -e "GITHUB_ACTION" -e "GITHUB_EVENT_PATH" -e "GITHUB_ACTION_REPOSITORY" -e "GITHUB_ACTION_REF" -e "GITHUB_PATH" -e "GITHUB_ENV" -e "GITHUB_STEP_SUMMARY" -e "GITHUB_STATE" -e "GITHUB_OUTPUT" -e "RUNNER_OS" -e "RUNNER_ARCH" -e "RUNNER_NAME" -e "RUNNER_ENVIRONMENT" -e "RUNNER_TOOL_CACHE" -e "RUNNER_TEMP" -e "RUNNER_WORKSPACE" -e "ACTIONS_RUNTIME_URL" -e "ACTIONS_RUNTIME_TOKEN" -e "ACTIONS_CACHE_URL" -e "ACTIONS_RESULTS_URL" -e "ACTIONS_ORCHESTRATION_ID" -e GITHUB_ACTIONS=true -e CI=true -v "/var/run/docker.sock":"/var/run/docker.sock" -v "/home/runner/work/_temp":"/github/runner_temp" -v "/home/runner/work/_temp/_github_home":"/github/home" -v "/home/runner/work/_temp/_github_workflow":"/github/workflow" -v "/home/runner/work/_temp/_runner_file_commands":"/github/file_commands" -v "/home/runner/work/scratchattach/scratchattach":"/github/workspace" f2dcc9:040db2e850c54670ba9d56e8aa3cad0c
2026-02-19T02:31:14.4728605Z Will only process 24hrs logs before or equal to 2026-02-18T02:31:14Z
2026-02-19T02:31:14.4729276Z Searching Workflow Runs
2026-02-19T02:31:19.9304211Z Fetching Job IDs
2026-02-19T02:31:24.5026486Z mkdir: can't create directory '.logs': File exists
2026-02-19T02:31:24.5033353Z Writing logs for job 64093702863
2026-02-19T02:31:24.7813771Z Writing logs for job 64093409412
2026-02-19T02:31:25.0726475Z Writing logs for job 64056982526
2026-02-19T02:31:26.4616362Z Writing logs for job 64050613080
2026-02-19T02:31:27.7612540Z Writing logs for job 64040505283
2026-02-19T02:31:28.3761090Z Writing logs for job 64040505655
2026-02-19T02:31:28.9555931Z Writing logs for job 64005065653
2026-02-19T02:31:30.3889830Z Writing logs for job 63968110150
2026-02-19T02:31:31.8631552Z Writing logs for job 63961271639
2026-02-19T02:31:32.5968634Z Writing logs for job 63950496465
2026-02-19T02:31:33.2604230Z Writing logs for job 63950492826
2026-02-19T02:31:34.0015067Z Writing logs for job 63950492829
2026-02-19T02:31:34.7182646Z Writing logs for job 63950420953
2026-02-19T02:31:35.3834630Z Logs Downloaded and saved!
2026-02-19T02:31:35.3835006Z Starting cleanup
2026-02-19T02:31:35.3841608Z cleanup Completed!!
2026-02-19T02:31:35.4783486Z ##[group]Run git config --global user.name 'Boss_1s [via Actions]'
2026-02-19T02:31:35.4784053Z [36;1mgit config --global user.name 'Boss_1s [via Actions]'[0m
2026-02-19T02:31:35.4784625Z [36;1mgit config --global user.email 'Boss-1s[auto]@users.noreply.github.com'[0m
2026-02-19T02:31:35.4785292Z [36;1m[0m
2026-02-19T02:31:35.4785508Z [36;1mgit pull origin main[0m
2026-02-19T02:31:35.4785719Z [36;1m[0m
2026-02-19T02:31:35.4785932Z [36;1mGIT_STATUS_OUTPUT=$(git status --porcelain)[0m
2026-02-19T02:31:35.4786205Z [36;1m[0m
2026-02-19T02:31:35.4786394Z [36;1mif [ -z "$GIT_STATUS_OUTPUT" ]; then[0m
2026-02-19T02:31:35.4786738Z [36;1m  echo "Git working tree is clean (no uncommitted changes)."[0m
2026-02-19T02:31:35.4787270Z [36;1m  exit 0[0m
2026-02-19T02:31:35.4787439Z [36;1melse[0m
2026-02-19T02:31:35.4787665Z [36;1m  echo "Git working tree has uncommitted changes:"[0m
2026-02-19T02:31:35.4787963Z [36;1m  echo "$GIT_STATUS_OUTPUT"[0m
2026-02-19T02:31:35.4788306Z [36;1m  echo "These changes will be pushed to the main branch."[0m
2026-02-19T02:31:35.4788606Z [36;1mfi[0m
2026-02-19T02:31:35.4788772Z [36;1m[0m
2026-02-19T02:31:35.4788927Z [36;1mgit add .[0m
2026-02-19T02:31:35.4789128Z [36;1mgit commit -m "[BOT] Download Logs"[0m
2026-02-19T02:31:35.4789387Z [36;1mgit push origin main[0m
2026-02-19T02:31:35.4843311Z shell: /usr/bin/bash -e {0}
2026-02-19T02:31:35.4843567Z ##[endgroup]
2026-02-19T02:31:35.8123792Z From https://github.com/Boss-1s/scratchattach
2026-02-19T02:31:35.8124300Z  * branch            main       -> FETCH_HEAD
2026-02-19T02:31:35.8204468Z Already up to date.
2026-02-19T02:31:37.0584180Z Git working tree has uncommitted changes:
2026-02-19T02:31:37.0584555Z ?? .logs/logs-63950420953-2026-02-19.txt
2026-02-19T02:31:37.0584835Z ?? .logs/logs-63950492826-2026-02-19.txt
2026-02-19T02:31:37.0585189Z ?? .logs/logs-63950492829-2026-02-19.txt
2026-02-19T02:31:37.0585592Z ?? .logs/logs-63950496465-2026-02-19.txt
2026-02-19T02:31:37.0586010Z ?? .logs/logs-63961271639-2026-02-19.txt
2026-02-19T02:31:37.0586413Z ?? .logs/logs-63968110150-2026-02-19.txt
2026-02-19T02:31:37.0586814Z ?? .logs/logs-64005065653-2026-02-19.txt
2026-02-19T02:31:37.0587090Z ?? .logs/logs-64040505283-2026-02-19.txt
2026-02-19T02:31:37.0587324Z ?? .logs/logs-64040505655-2026-02-19.txt
2026-02-19T02:31:37.0587555Z ?? .logs/logs-64050613080-2026-02-19.txt
2026-02-19T02:31:37.0587784Z ?? .logs/logs-64056982526-2026-02-19.txt
2026-02-19T02:31:37.0588008Z ?? .logs/logs-64093409412-2026-02-19.txt
2026-02-19T02:31:37.0588231Z ?? .logs/logs-64093702863-2026-02-19.txt
2026-02-19T02:31:37.0588485Z These changes will be pushed to the main branch.
2026-02-19T02:31:37.3193736Z [main 3215c8e] [BOT] Download Logs
2026-02-19T02:31:37.3194226Z  13 files changed, 185438 insertions(+)
2026-02-19T02:31:37.3194742Z  create mode 100644 .logs/logs-63950420953-2026-02-19.txt
2026-02-19T02:31:37.3195232Z  create mode 100644 .logs/logs-63950492826-2026-02-19.txt
2026-02-19T02:31:37.3195632Z  create mode 100644 .logs/logs-63950492829-2026-02-19.txt
2026-02-19T02:31:37.3195992Z  create mode 100644 .logs/logs-63950496465-2026-02-19.txt
2026-02-19T02:31:37.3196341Z  create mode 100644 .logs/logs-63961271639-2026-02-19.txt
2026-02-19T02:31:37.3196734Z  create mode 100644 .logs/logs-63968110150-2026-02-19.txt
2026-02-19T02:31:37.3197086Z  create mode 100644 .logs/logs-64005065653-2026-02-19.txt
2026-02-19T02:31:37.3197432Z  create mode 100644 .logs/logs-64040505283-2026-02-19.txt
2026-02-19T02:31:37.3197783Z  create mode 100644 .logs/logs-64040505655-2026-02-19.txt
2026-02-19T02:31:37.3198131Z  create mode 100644 .logs/logs-64050613080-2026-02-19.txt
2026-02-19T02:31:37.3198482Z  create mode 100644 .logs/logs-64056982526-2026-02-19.txt
2026-02-19T02:31:37.3198846Z  create mode 100644 .logs/logs-64093409412-2026-02-19.txt
2026-02-19T02:31:37.3199205Z  create mode 100644 .logs/logs-64093702863-2026-02-19.txt
2026-02-19T02:31:39.7616283Z To https://github.com/Boss-1s/scratchattach
2026-02-19T02:31:39.7616947Z    f5e9944..3215c8e  main -> main
2026-02-19T02:31:39.7738976Z Post job cleanup.
2026-02-19T02:31:39.8549735Z [command]/usr/bin/git version
2026-02-19T02:31:39.8586527Z git version 2.52.0
2026-02-19T02:31:39.8622116Z Copying '/home/runner/.gitconfig' to '/home/runner/work/_temp/5c844972-58ba-4ea4-af5d-082954e0a520/.gitconfig'
2026-02-19T02:31:39.8631085Z Temporarily overriding HOME='/home/runner/work/_temp/5c844972-58ba-4ea4-af5d-082954e0a520' before making global git config changes
2026-02-19T02:31:39.8632709Z Adding repository directory to the temporary git global config as a safe directory
2026-02-19T02:31:39.8637686Z [command]/usr/bin/git config --global --add safe.directory /home/runner/work/scratchattach/scratchattach
2026-02-19T02:31:39.8669300Z Removing SSH command configuration
2026-02-19T02:31:39.8675223Z [command]/usr/bin/git config --local --name-only --get-regexp core\.sshCommand
2026-02-19T02:31:39.8711227Z [command]/usr/bin/git submodule foreach --recursive sh -c "git config --local --name-only --get-regexp 'core\.sshCommand' && git config --local --unset-all 'core.sshCommand' || :"
2026-02-19T02:31:39.8951051Z Removing HTTP extra header
2026-02-19T02:31:39.8955810Z [command]/usr/bin/git config --local --name-only --get-regexp http\.https\:\/\/github\.com\/\.extraheader
2026-02-19T02:31:39.8988969Z [command]/usr/bin/git submodule foreach --recursive sh -c "git config --local --name-only --get-regexp 'http\.https\:\/\/github\.com\/\.extraheader' && git config --local --unset-all 'http.https://github.com/.extraheader' || :"
2026-02-19T02:31:39.9223819Z Removing includeIf entries pointing to credentials config files
2026-02-19T02:31:39.9230345Z [command]/usr/bin/git config --local --name-only --get-regexp ^includeIf\.gitdir:
2026-02-19T02:31:39.9254128Z includeif.gitdir:/home/runner/work/scratchattach/scratchattach/.git.path
2026-02-19T02:31:39.9255013Z includeif.gitdir:/home/runner/work/scratchattach/scratchattach/.git/worktrees/*.path
2026-02-19T02:31:39.9255498Z includeif.gitdir:/github/workspace/.git.path
2026-02-19T02:31:39.9255870Z includeif.gitdir:/github/workspace/.git/worktrees/*.path
2026-02-19T02:31:39.9265016Z [command]/usr/bin/git config --local --get-all includeif.gitdir:/home/runner/work/scratchattach/scratchattach/.git.path
2026-02-19T02:31:39.9287401Z /home/runner/work/_temp/git-credentials-0b5844aa-fd12-4e20-917a-212378145150.config
2026-02-19T02:31:39.9298302Z [command]/usr/bin/git config --local --unset includeif.gitdir:/home/runner/work/scratchattach/scratchattach/.git.path /home/runner/work/_temp/git-credentials-0b5844aa-fd12-4e20-917a-212378145150.config
2026-02-19T02:31:39.9333446Z [command]/usr/bin/git config --local --get-all includeif.gitdir:/home/runner/work/scratchattach/scratchattach/.git/worktrees/*.path
2026-02-19T02:31:39.9355340Z /home/runner/work/_temp/git-credentials-0b5844aa-fd12-4e20-917a-212378145150.config
2026-02-19T02:31:39.9364889Z [command]/usr/bin/git config --local --unset includeif.gitdir:/home/runner/work/scratchattach/scratchattach/.git/worktrees/*.path /home/runner/work/_temp/git-credentials-0b5844aa-fd12-4e20-917a-212378145150.config
2026-02-19T02:31:39.9396026Z [command]/usr/bin/git config --local --get-all includeif.gitdir:/github/workspace/.git.path
2026-02-19T02:31:39.9417548Z /github/runner_temp/git-credentials-0b5844aa-fd12-4e20-917a-212378145150.config
2026-02-19T02:31:39.9426127Z [command]/usr/bin/git config --local --unset includeif.gitdir:/github/workspace/.git.path /github/runner_temp/git-credentials-0b5844aa-fd12-4e20-917a-212378145150.config
2026-02-19T02:31:39.9458530Z [command]/usr/bin/git config --local --get-all includeif.gitdir:/github/workspace/.git/worktrees/*.path
2026-02-19T02:31:39.9480181Z /github/runner_temp/git-credentials-0b5844aa-fd12-4e20-917a-212378145150.config
2026-02-19T02:31:39.9489173Z [command]/usr/bin/git config --local --unset includeif.gitdir:/github/workspace/.git/worktrees/*.path /github/runner_temp/git-credentials-0b5844aa-fd12-4e20-917a-212378145150.config
2026-02-19T02:31:39.9521549Z [command]/usr/bin/git submodule foreach --recursive git config --local --show-origin --name-only --get-regexp remote.origin.url
2026-02-19T02:31:39.9764950Z Removing credentials config '/home/runner/work/_temp/git-credentials-0b5844aa-fd12-4e20-917a-212378145150.config'
2026-02-19T02:31:39.9910835Z Cleaning up orphan processes
