2025-09-07T09:10:37.7070891Z Current runner version: '2.328.0'
2025-09-07T09:10:37.7103179Z ##[group]Runner Image Provisioner
2025-09-07T09:10:37.7104305Z Hosted Compute Agent
2025-09-07T09:10:37.7105454Z Version: 20250829.383
2025-09-07T09:10:37.7106518Z Commit: 27cb235aab5b0e52e153a26cd86b4742e89dac5d
2025-09-07T09:10:37.7107726Z Build Date: 2025-08-29T13:48:48Z
2025-09-07T09:10:37.7108876Z ##[endgroup]
2025-09-07T09:10:37.7109853Z ##[group]Operating System
2025-09-07T09:10:37.7110815Z Ubuntu
2025-09-07T09:10:37.7111712Z 24.04.3
2025-09-07T09:10:37.7112535Z LTS
2025-09-07T09:10:37.7113286Z ##[endgroup]
2025-09-07T09:10:37.7114271Z ##[group]Runner Image
2025-09-07T09:10:37.7115493Z Image: ubuntu-24.04
2025-09-07T09:10:37.7116335Z Version: 20250831.1.0
2025-09-07T09:10:37.7118191Z Included Software: https://github.com/actions/runner-images/blob/ubuntu24/20250831.1/images/ubuntu/Ubuntu2404-Readme.md
2025-09-07T09:10:37.7120872Z Image Release: https://github.com/actions/runner-images/releases/tag/ubuntu24%2F20250831.1
2025-09-07T09:10:37.7122810Z ##[endgroup]
2025-09-07T09:10:37.7124700Z ##[group]GITHUB_TOKEN Permissions
2025-09-07T09:10:37.7127614Z Contents: write
2025-09-07T09:10:37.7128475Z Metadata: read
2025-09-07T09:10:37.7129311Z ##[endgroup]
2025-09-07T09:10:37.7132512Z Secret source: Actions
2025-09-07T09:10:37.7133629Z Prepare workflow directory
2025-09-07T09:10:37.7574125Z Prepare all required actions
2025-09-07T09:10:37.7628803Z Getting action download info
2025-09-07T09:10:38.0950579Z Download action repository 'actions/checkout@v5.0.0' (SHA:08c6903cd8c0fde910a37f88322edcfb5dd907a8)
2025-09-07T09:10:38.1955110Z Download action repository 'actions/setup-python@v6.0.0' (SHA:e797f83bcb11b83ae66e0230d6156d7c80228e7c)
2025-09-07T09:10:38.4738184Z Download action repository 'bossOfCode/install-scratchattach@v1.0.3' (SHA:be17a7cf1ecb5a7040eb42ef26c2e1fbe72bb25a)
2025-09-07T09:10:38.8004258Z Complete job name: Run Prioritzing Handler
2025-09-07T09:10:38.8681332Z ##[group]Run actions/checkout@v5.0.0
2025-09-07T09:10:38.8682272Z with:
2025-09-07T09:10:38.8682710Z   ref: main
2025-09-07T09:10:38.8683145Z   repository: Boss-1s/scratchattach
2025-09-07T09:10:38.8683868Z   token: ***
2025-09-07T09:10:38.8684297Z   ssh-strict: true
2025-09-07T09:10:38.8684933Z   ssh-user: git
2025-09-07T09:10:38.8685381Z   persist-credentials: true
2025-09-07T09:10:38.8685873Z   clean: true
2025-09-07T09:10:38.8686319Z   sparse-checkout-cone-mode: true
2025-09-07T09:10:38.8686839Z   fetch-depth: 1
2025-09-07T09:10:38.8687268Z   fetch-tags: false
2025-09-07T09:10:38.8687736Z   show-progress: true
2025-09-07T09:10:38.8688189Z   lfs: false
2025-09-07T09:10:38.8688610Z   submodules: false
2025-09-07T09:10:38.8689062Z   set-safe-directory: true
2025-09-07T09:10:38.8689804Z ##[endgroup]
2025-09-07T09:10:38.9577608Z Syncing repository: Boss-1s/scratchattach
2025-09-07T09:10:38.9579487Z ##[group]Getting Git version info
2025-09-07T09:10:38.9580385Z Working directory is '/home/runner/work/scratchattach/scratchattach'
2025-09-07T09:10:38.9581730Z [command]/usr/bin/git version
2025-09-07T09:10:38.9660178Z git version 2.51.0
2025-09-07T09:10:38.9680513Z ##[endgroup]
2025-09-07T09:10:38.9696281Z Temporarily overriding HOME='/home/runner/work/_temp/7416eeab-2aa8-4481-9f1b-d0848410afa0' before making global git config changes
2025-09-07T09:10:38.9699009Z Adding repository directory to the temporary git global config as a safe directory
2025-09-07T09:10:38.9701538Z [command]/usr/bin/git config --global --add safe.directory /home/runner/work/scratchattach/scratchattach
2025-09-07T09:10:38.9736806Z Deleting the contents of '/home/runner/work/scratchattach/scratchattach'
2025-09-07T09:10:38.9739697Z ##[group]Initializing the repository
2025-09-07T09:10:38.9743964Z [command]/usr/bin/git init /home/runner/work/scratchattach/scratchattach
2025-09-07T09:10:38.9851498Z hint: Using 'master' as the name for the initial branch. This default branch name
2025-09-07T09:10:38.9853355Z hint: is subject to change. To configure the initial branch name to use in all
2025-09-07T09:10:38.9855129Z hint: of your new repositories, which will suppress this warning, call:
2025-09-07T09:10:38.9856159Z hint:
2025-09-07T09:10:38.9856714Z hint: 	git config --global init.defaultBranch <name>
2025-09-07T09:10:38.9857605Z hint:
2025-09-07T09:10:38.9858626Z hint: Names commonly chosen instead of 'master' are 'main', 'trunk' and
2025-09-07T09:10:38.9860244Z hint: 'development'. The just-created branch can be renamed via this command:
2025-09-07T09:10:38.9861425Z hint:
2025-09-07T09:10:38.9862230Z hint: 	git branch -m <name>
2025-09-07T09:10:38.9863075Z hint:
2025-09-07T09:10:38.9864177Z hint: Disable this message with "git config set advice.defaultBranchName false"
2025-09-07T09:10:38.9866242Z Initialized empty Git repository in /home/runner/work/scratchattach/scratchattach/.git/
2025-09-07T09:10:38.9869354Z [command]/usr/bin/git remote add origin https://github.com/Boss-1s/scratchattach
2025-09-07T09:10:38.9905396Z ##[endgroup]
2025-09-07T09:10:38.9906663Z ##[group]Disabling automatic garbage collection
2025-09-07T09:10:38.9908044Z [command]/usr/bin/git config --local gc.auto 0
2025-09-07T09:10:38.9934354Z ##[endgroup]
2025-09-07T09:10:38.9935734Z ##[group]Setting up auth
2025-09-07T09:10:38.9940097Z [command]/usr/bin/git config --local --name-only --get-regexp core\.sshCommand
2025-09-07T09:10:38.9969731Z [command]/usr/bin/git submodule foreach --recursive sh -c "git config --local --name-only --get-regexp 'core\.sshCommand' && git config --local --unset-all 'core.sshCommand' || :"
2025-09-07T09:10:39.0309344Z [command]/usr/bin/git config --local --name-only --get-regexp http\.https\:\/\/github\.com\/\.extraheader
2025-09-07T09:10:39.0339703Z [command]/usr/bin/git submodule foreach --recursive sh -c "git config --local --name-only --get-regexp 'http\.https\:\/\/github\.com\/\.extraheader' && git config --local --unset-all 'http.https://github.com/.extraheader' || :"
2025-09-07T09:10:39.0552820Z [command]/usr/bin/git config --local http.https://github.com/.extraheader AUTHORIZATION: basic ***
2025-09-07T09:10:39.0585070Z ##[endgroup]
2025-09-07T09:10:39.0586273Z ##[group]Fetching the repository
2025-09-07T09:10:39.0594140Z [command]/usr/bin/git -c protocol.version=2 fetch --no-tags --prune --no-recurse-submodules --depth=1 origin +refs/heads/main*:refs/remotes/origin/main* +refs/tags/main*:refs/tags/main*
2025-09-07T09:10:39.4705538Z From https://github.com/Boss-1s/scratchattach
2025-09-07T09:10:39.4706987Z  * [new branch]      main       -> origin/main
2025-09-07T09:10:39.4741984Z ##[endgroup]
2025-09-07T09:10:39.4743024Z ##[group]Determining the checkout info
2025-09-07T09:10:39.4748589Z [command]/usr/bin/git branch --list --remote origin/main
2025-09-07T09:10:39.4771686Z   origin/main
2025-09-07T09:10:39.4777199Z ##[endgroup]
2025-09-07T09:10:39.4780659Z [command]/usr/bin/git sparse-checkout disable
2025-09-07T09:10:39.4824879Z [command]/usr/bin/git config --local --unset-all extensions.worktreeConfig
2025-09-07T09:10:39.4852324Z ##[group]Checking out the ref
2025-09-07T09:10:39.4856061Z [command]/usr/bin/git checkout --progress --force -B main refs/remotes/origin/main
2025-09-07T09:10:39.5549368Z Switched to a new branch 'main'
2025-09-07T09:10:39.5550957Z branch 'main' set up to track 'origin/main'.
2025-09-07T09:10:39.5563230Z ##[endgroup]
2025-09-07T09:10:39.5600588Z [command]/usr/bin/git log -1 --format=%H
2025-09-07T09:10:39.5623604Z f80b4d17709586783bcc262d7a67106c7955a93f
2025-09-07T09:10:39.5922909Z ##[group]Run actions/setup-python@v6.0.0
2025-09-07T09:10:39.5924145Z with:
2025-09-07T09:10:39.5925186Z   python-version: 3.12.5
2025-09-07T09:10:39.5926178Z   check-latest: false
2025-09-07T09:10:39.5927378Z   token: ***
2025-09-07T09:10:39.5928272Z   update-environment: true
2025-09-07T09:10:39.5929339Z   allow-prereleases: false
2025-09-07T09:10:39.5930382Z   freethreaded: false
2025-09-07T09:10:39.5931324Z ##[endgroup]
2025-09-07T09:10:39.7329662Z ##[group]Installed versions
2025-09-07T09:10:39.7545408Z Version 3.12.5 was not found in the local cache
2025-09-07T09:10:39.7716500Z (node:2215) [DEP0040] DeprecationWarning: The `punycode` module is deprecated. Please use a userland alternative instead.
2025-09-07T09:10:39.7719827Z (Use `node --trace-deprecation ...` to show where the warning was created)
2025-09-07T09:10:40.1199946Z Version 3.12.5 is available for downloading
2025-09-07T09:10:40.1203400Z Download from "https://github.com/actions/python-versions/releases/download/3.12.5-10375840348/python-3.12.5-linux-24.04-x64.tar.gz"
2025-09-07T09:10:40.7566094Z Extract downloaded archive
2025-09-07T09:10:40.7748408Z [command]/usr/bin/tar xz --warning=no-unknown-keyword --overwrite -C /home/runner/work/_temp/54faee8d-6466-44e0-8bc0-b3d1147ba6c9 -f /home/runner/work/_temp/ddc01745-a7d3-4405-b34f-7fb779b101a3
2025-09-07T09:10:42.8017270Z Execute installation script
2025-09-07T09:10:42.8109460Z Check if Python hostedtoolcache folder exist...
2025-09-07T09:10:42.8110521Z Create Python 3.12.5 folder
2025-09-07T09:10:42.8123089Z Copy Python binaries to hostedtoolcache folder
2025-09-07T09:10:43.3555808Z Create additional symlinks (Required for the UsePythonVersion Azure Pipelines task and the setup-python GitHub Action)
2025-09-07T09:10:43.3595203Z Upgrading pip...
2025-09-07T09:10:45.7631229Z Looking in links: /tmp/tmprqyhqt0h
2025-09-07T09:10:45.7635491Z Requirement already satisfied: pip in /opt/hostedtoolcache/Python/3.12.5/x64/lib/python3.12/site-packages (24.2)
2025-09-07T09:10:47.3165989Z Collecting pip
2025-09-07T09:10:47.3769469Z Downloading pip-25.2-py3-none-any.whl.metadata (4.7 kB)
2025-09-07T09:10:47.3893141Z Downloading pip-25.2-py3-none-any.whl (1.8 MB)
2025-09-07T09:10:47.4305144Z ━━━━━━━━━━━━━━━━━━━━━━━━━━━━━━━━━━━━━━━━ 1.8/1.8 MB 78.1 MB/s eta 0:00:00
2025-09-07T09:10:47.4307243Z 
2025-09-07T09:10:47.4592812Z Installing collected packages: pip
2025-09-07T09:10:47.4595040Z Attempting uninstall: pip
2025-09-07T09:10:47.4615827Z Found existing installation: pip 24.2
2025-09-07T09:10:47.4965516Z Uninstalling pip-24.2:
2025-09-07T09:10:47.5019968Z Successfully uninstalled pip-24.2
2025-09-07T09:10:48.3662795Z Successfully installed pip-25.2
2025-09-07T09:10:48.4121351Z Create complete file
2025-09-07T09:10:48.4163197Z Successfully set up CPython (3.12.5)
2025-09-07T09:10:48.4164986Z ##[endgroup]
2025-09-07T09:10:48.4342105Z ##[group]Run bossOfCode/install-scratchattach@v1.0.3
2025-09-07T09:10:48.4342433Z env:
2025-09-07T09:10:48.4342676Z   pythonLocation: /opt/hostedtoolcache/Python/3.12.5/x64
2025-09-07T09:10:48.4343098Z   PKG_CONFIG_PATH: /opt/hostedtoolcache/Python/3.12.5/x64/lib/pkgconfig
2025-09-07T09:10:48.4343500Z   Python_ROOT_DIR: /opt/hostedtoolcache/Python/3.12.5/x64
2025-09-07T09:10:48.4343876Z   Python2_ROOT_DIR: /opt/hostedtoolcache/Python/3.12.5/x64
2025-09-07T09:10:48.4344221Z   Python3_ROOT_DIR: /opt/hostedtoolcache/Python/3.12.5/x64
2025-09-07T09:10:48.4344776Z   LD_LIBRARY_PATH: /opt/hostedtoolcache/Python/3.12.5/x64/lib
2025-09-07T09:10:48.4345065Z ##[endgroup]
2025-09-07T09:10:48.4421101Z ##[group]Run python3 -m pip install --upgrade pip
2025-09-07T09:10:48.4421495Z [36;1mpython3 -m pip install --upgrade pip[0m
2025-09-07T09:10:48.4550890Z shell: /usr/bin/bash --noprofile --norc -e -o pipefail {0}
2025-09-07T09:10:48.4551422Z env:
2025-09-07T09:10:48.4551886Z   pythonLocation: /opt/hostedtoolcache/Python/3.12.5/x64
2025-09-07T09:10:48.4552593Z   PKG_CONFIG_PATH: /opt/hostedtoolcache/Python/3.12.5/x64/lib/pkgconfig
2025-09-07T09:10:48.4553278Z   Python_ROOT_DIR: /opt/hostedtoolcache/Python/3.12.5/x64
2025-09-07T09:10:48.4553896Z   Python2_ROOT_DIR: /opt/hostedtoolcache/Python/3.12.5/x64
2025-09-07T09:10:48.4554714Z   Python3_ROOT_DIR: /opt/hostedtoolcache/Python/3.12.5/x64
2025-09-07T09:10:48.4555342Z   LD_LIBRARY_PATH: /opt/hostedtoolcache/Python/3.12.5/x64/lib
2025-09-07T09:10:48.4555860Z ##[endgroup]
2025-09-07T09:10:49.2863762Z Requirement already satisfied: pip in /opt/hostedtoolcache/Python/3.12.5/x64/lib/python3.12/site-packages (25.2)
2025-09-07T09:10:49.4791602Z ##[group]Run pip install -U scratchattach
2025-09-07T09:10:49.4791926Z [36;1mpip install -U scratchattach[0m
2025-09-07T09:10:49.4822265Z shell: /usr/bin/bash --noprofile --norc -e -o pipefail {0}
2025-09-07T09:10:49.4822755Z env:
2025-09-07T09:10:49.4823009Z   pythonLocation: /opt/hostedtoolcache/Python/3.12.5/x64
2025-09-07T09:10:49.4823409Z   PKG_CONFIG_PATH: /opt/hostedtoolcache/Python/3.12.5/x64/lib/pkgconfig
2025-09-07T09:10:49.4823807Z   Python_ROOT_DIR: /opt/hostedtoolcache/Python/3.12.5/x64
2025-09-07T09:10:49.4824154Z   Python2_ROOT_DIR: /opt/hostedtoolcache/Python/3.12.5/x64
2025-09-07T09:10:49.4824614Z   Python3_ROOT_DIR: /opt/hostedtoolcache/Python/3.12.5/x64
2025-09-07T09:10:49.4824964Z   LD_LIBRARY_PATH: /opt/hostedtoolcache/Python/3.12.5/x64/lib
2025-09-07T09:10:49.4825250Z ##[endgroup]
2025-09-07T09:10:50.4036570Z Collecting scratchattach
2025-09-07T09:10:50.4490462Z   Downloading scratchattach-2.1.13-py3-none-any.whl.metadata (5.5 kB)
2025-09-07T09:10:50.4771115Z Collecting websocket-client (from scratchattach)
2025-09-07T09:10:50.4845122Z   Downloading websocket_client-1.8.0-py3-none-any.whl.metadata (8.0 kB)
2025-09-07T09:10:50.5233843Z Collecting requests (from scratchattach)
2025-09-07T09:10:50.5305908Z   Downloading requests-2.32.5-py3-none-any.whl.metadata (4.9 kB)
2025-09-07T09:10:50.5465309Z Collecting bs4 (from scratchattach)
2025-09-07T09:10:50.5535225Z   Downloading bs4-0.0.2-py2.py3-none-any.whl.metadata (411 bytes)
2025-09-07T09:10:50.5683262Z Collecting SimpleWebSocketServer (from scratchattach)
2025-09-07T09:10:50.5753447Z   Downloading SimpleWebSocketServer-0.1.2.tar.gz (10 kB)
2025-09-07T09:10:50.5852938Z   Installing build dependencies: started
2025-09-07T09:10:51.8815357Z   Installing build dependencies: finished with status 'done'
2025-09-07T09:10:51.8821450Z   Getting requirements to build wheel: started
2025-09-07T09:10:52.2291790Z   Getting requirements to build wheel: finished with status 'done'
2025-09-07T09:10:52.2301051Z   Preparing metadata (pyproject.toml): started
2025-09-07T09:10:52.4117824Z   Preparing metadata (pyproject.toml): finished with status 'done'
2025-09-07T09:10:52.4381300Z Collecting typing-extensions (from scratchattach)
2025-09-07T09:10:52.4453890Z   Downloading typing_extensions-4.15.0-py3-none-any.whl.metadata (3.3 kB)
2025-09-07T09:10:52.4682417Z Collecting beautifulsoup4 (from bs4->scratchattach)
2025-09-07T09:10:52.4755076Z   Downloading beautifulsoup4-4.13.5-py3-none-any.whl.metadata (3.8 kB)
2025-09-07T09:10:52.5020200Z Collecting soupsieve>1.2 (from beautifulsoup4->bs4->scratchattach)
2025-09-07T09:10:52.5090807Z   Downloading soupsieve-2.8-py3-none-any.whl.metadata (4.6 kB)
2025-09-07T09:10:52.6192676Z Collecting charset_normalizer<4,>=2 (from requests->scratchattach)
2025-09-07T09:10:52.6271560Z   Downloading charset_normalizer-3.4.3-cp312-cp312-manylinux2014_x86_64.manylinux_2_17_x86_64.manylinux_2_28_x86_64.whl.metadata (36 kB)
2025-09-07T09:10:52.6519327Z Collecting idna<4,>=2.5 (from requests->scratchattach)
2025-09-07T09:10:52.6591565Z   Downloading idna-3.10-py3-none-any.whl.metadata (10 kB)
2025-09-07T09:10:52.6974809Z Collecting urllib3<3,>=1.21.1 (from requests->scratchattach)
2025-09-07T09:10:52.7045960Z   Downloading urllib3-2.5.0-py3-none-any.whl.metadata (6.5 kB)
2025-09-07T09:10:52.7308102Z Collecting certifi>=2017.4.17 (from requests->scratchattach)
2025-09-07T09:10:52.7381213Z   Downloading certifi-2025.8.3-py3-none-any.whl.metadata (2.4 kB)
2025-09-07T09:10:52.7518794Z Downloading scratchattach-2.1.13-py3-none-any.whl (141 kB)
2025-09-07T09:10:52.7676800Z Downloading bs4-0.0.2-py2.py3-none-any.whl (1.2 kB)
2025-09-07T09:10:52.7765147Z Downloading beautifulsoup4-4.13.5-py3-none-any.whl (105 kB)
2025-09-07T09:10:52.7862050Z Downloading soupsieve-2.8-py3-none-any.whl (36 kB)
2025-09-07T09:10:52.7954136Z Downloading typing_extensions-4.15.0-py3-none-any.whl (44 kB)
2025-09-07T09:10:52.8046523Z Downloading requests-2.32.5-py3-none-any.whl (64 kB)
2025-09-07T09:10:52.8141774Z Downloading charset_normalizer-3.4.3-cp312-cp312-manylinux2014_x86_64.manylinux_2_17_x86_64.manylinux_2_28_x86_64.whl (151 kB)
2025-09-07T09:10:52.8256268Z Downloading idna-3.10-py3-none-any.whl (70 kB)
2025-09-07T09:10:52.8353210Z Downloading urllib3-2.5.0-py3-none-any.whl (129 kB)
2025-09-07T09:10:52.8456807Z Downloading certifi-2025.8.3-py3-none-any.whl (161 kB)
2025-09-07T09:10:52.8555616Z Downloading websocket_client-1.8.0-py3-none-any.whl (58 kB)
2025-09-07T09:10:52.8691008Z Building wheels for collected packages: SimpleWebSocketServer
2025-09-07T09:10:52.8699020Z   Building wheel for SimpleWebSocketServer (pyproject.toml): started
2025-09-07T09:10:53.0875534Z   Building wheel for SimpleWebSocketServer (pyproject.toml): finished with status 'done'
2025-09-07T09:10:53.0881777Z   Created wheel for SimpleWebSocketServer: filename=simplewebsocketserver-0.1.2-py3-none-any.whl size=9715 sha256=471602f95d303b0b87c99c8e19fbe6d3f877ca3f3a627f09b5fbd8f6743b3165
2025-09-07T09:10:53.0883210Z   Stored in directory: /home/runner/.cache/pip/wheels/81/fd/d8/f145b47bedceb5dff96b76e404a4ee9be956a4f8f150cd8133
2025-09-07T09:10:53.0901365Z Successfully built SimpleWebSocketServer
2025-09-07T09:10:53.1072346Z Installing collected packages: SimpleWebSocketServer, websocket-client, urllib3, typing-extensions, soupsieve, idna, charset_normalizer, certifi, requests, beautifulsoup4, bs4, scratchattach
2025-09-07T09:10:53.6661241Z 
2025-09-07T09:10:53.6681734Z Successfully installed SimpleWebSocketServer-0.1.2 beautifulsoup4-4.13.5 bs4-0.0.2 certifi-2025.8.3 charset_normalizer-3.4.3 idna-3.10 requests-2.32.5 scratchattach-2.1.13 soupsieve-2.8 typing-extensions-4.15.0 urllib3-2.5.0 websocket-client-1.8.0
2025-09-07T09:10:53.7457466Z ##[group]Run actions/checkout@v5.0.0
2025-09-07T09:10:53.7457722Z with:
2025-09-07T09:10:53.7457892Z   ref: main
2025-09-07T09:10:53.7458084Z   repository: Boss-1s/scratchattach
2025-09-07T09:10:53.7458438Z   token: ***
2025-09-07T09:10:53.7458626Z   ssh-strict: true
2025-09-07T09:10:53.7458811Z   ssh-user: git
2025-09-07T09:10:53.7459001Z   persist-credentials: true
2025-09-07T09:10:53.7459217Z   clean: true
2025-09-07T09:10:53.7459409Z   sparse-checkout-cone-mode: true
2025-09-07T09:10:53.7459646Z   fetch-depth: 1
2025-09-07T09:10:53.7459844Z   fetch-tags: false
2025-09-07T09:10:53.7460029Z   show-progress: true
2025-09-07T09:10:53.7460221Z   lfs: false
2025-09-07T09:10:53.7460394Z   submodules: false
2025-09-07T09:10:53.7460583Z   set-safe-directory: true
2025-09-07T09:10:53.7460787Z env:
2025-09-07T09:10:53.7461014Z   pythonLocation: /opt/hostedtoolcache/Python/3.12.5/x64
2025-09-07T09:10:53.7461410Z   PKG_CONFIG_PATH: /opt/hostedtoolcache/Python/3.12.5/x64/lib/pkgconfig
2025-09-07T09:10:53.7461818Z   Python_ROOT_DIR: /opt/hostedtoolcache/Python/3.12.5/x64
2025-09-07T09:10:53.7462162Z   Python2_ROOT_DIR: /opt/hostedtoolcache/Python/3.12.5/x64
2025-09-07T09:10:53.7462501Z   Python3_ROOT_DIR: /opt/hostedtoolcache/Python/3.12.5/x64
2025-09-07T09:10:53.7462840Z   LD_LIBRARY_PATH: /opt/hostedtoolcache/Python/3.12.5/x64/lib
2025-09-07T09:10:53.7463135Z ##[endgroup]
2025-09-07T09:10:53.8198267Z Syncing repository: Boss-1s/scratchattach
2025-09-07T09:10:53.8201333Z ##[group]Getting Git version info
2025-09-07T09:10:53.8202036Z Working directory is '/home/runner/work/scratchattach/scratchattach'
2025-09-07T09:10:53.8236854Z [command]/usr/bin/git version
2025-09-07T09:10:53.8270671Z git version 2.51.0
2025-09-07T09:10:53.8290678Z ##[endgroup]
2025-09-07T09:10:53.8303326Z Temporarily overriding HOME='/home/runner/work/_temp/f08adebf-b10a-4877-8e39-e5c0dfb67af4' before making global git config changes
2025-09-07T09:10:53.8304741Z Adding repository directory to the temporary git global config as a safe directory
2025-09-07T09:10:53.8308004Z [command]/usr/bin/git config --global --add safe.directory /home/runner/work/scratchattach/scratchattach
2025-09-07T09:10:53.8342980Z [command]/usr/bin/git config --local --get remote.origin.url
2025-09-07T09:10:53.8364725Z https://github.com/Boss-1s/scratchattach
2025-09-07T09:10:53.8377378Z ##[group]Removing previously created refs, to avoid conflicts
2025-09-07T09:10:53.8381024Z [command]/usr/bin/git rev-parse --symbolic-full-name --verify --quiet HEAD
2025-09-07T09:10:53.8401280Z refs/heads/main
2025-09-07T09:10:53.8410720Z [command]/usr/bin/git checkout --detach
2025-09-07T09:10:53.8997155Z HEAD is now at f80b4d1 [BOT] Download Logs
2025-09-07T09:10:53.9038025Z [command]/usr/bin/git branch --delete --force main
2025-09-07T09:10:53.9062132Z Deleted branch main (was f80b4d1).
2025-09-07T09:10:53.9096592Z ##[endgroup]
2025-09-07T09:10:53.9100636Z [command]/usr/bin/git submodule status
2025-09-07T09:10:53.9319945Z ##[group]Cleaning the repository
2025-09-07T09:10:53.9324065Z [command]/usr/bin/git clean -ffdx
2025-09-07T09:10:53.9357565Z [command]/usr/bin/git reset --hard HEAD
2025-09-07T09:10:53.9395105Z HEAD is now at f80b4d1 [BOT] Download Logs
2025-09-07T09:10:53.9400264Z ##[endgroup]
2025-09-07T09:10:53.9401741Z ##[group]Disabling automatic garbage collection
2025-09-07T09:10:53.9406094Z [command]/usr/bin/git config --local gc.auto 0
2025-09-07T09:10:53.9432527Z ##[endgroup]
2025-09-07T09:10:53.9433122Z ##[group]Setting up auth
2025-09-07T09:10:53.9439828Z [command]/usr/bin/git config --local --name-only --get-regexp core\.sshCommand
2025-09-07T09:10:53.9470486Z [command]/usr/bin/git submodule foreach --recursive sh -c "git config --local --name-only --get-regexp 'core\.sshCommand' && git config --local --unset-all 'core.sshCommand' || :"
2025-09-07T09:10:53.9705553Z [command]/usr/bin/git config --local --name-only --get-regexp http\.https\:\/\/github\.com\/\.extraheader
2025-09-07T09:10:53.9728236Z http.https://github.com/.extraheader
2025-09-07T09:10:53.9735563Z [command]/usr/bin/git config --local --unset-all http.https://github.com/.extraheader
2025-09-07T09:10:53.9765535Z [command]/usr/bin/git submodule foreach --recursive sh -c "git config --local --name-only --get-regexp 'http\.https\:\/\/github\.com\/\.extraheader' && git config --local --unset-all 'http.https://github.com/.extraheader' || :"
2025-09-07T09:10:54.0008043Z [command]/usr/bin/git config --local http.https://github.com/.extraheader AUTHORIZATION: basic ***
2025-09-07T09:10:54.0081243Z ##[endgroup]
2025-09-07T09:10:54.0081913Z ##[group]Fetching the repository
2025-09-07T09:10:54.0094061Z [command]/usr/bin/git -c protocol.version=2 fetch --no-tags --prune --no-recurse-submodules --depth=1 origin +refs/heads/main*:refs/remotes/origin/main* +refs/tags/main*:refs/tags/main*
2025-09-07T09:10:54.2176214Z ##[endgroup]
2025-09-07T09:10:54.2176677Z ##[group]Determining the checkout info
2025-09-07T09:10:54.2183994Z [command]/usr/bin/git branch --list --remote origin/main
2025-09-07T09:10:54.2206631Z   origin/main
2025-09-07T09:10:54.2210743Z ##[endgroup]
2025-09-07T09:10:54.2214994Z [command]/usr/bin/git sparse-checkout disable
2025-09-07T09:10:54.2252276Z [command]/usr/bin/git config --local --unset-all extensions.worktreeConfig
2025-09-07T09:10:54.2277403Z ##[group]Checking out the ref
2025-09-07T09:10:54.2280979Z [command]/usr/bin/git checkout --progress --force -B main refs/remotes/origin/main
2025-09-07T09:10:54.2324027Z Switched to a new branch 'main'
2025-09-07T09:10:54.2326871Z branch 'main' set up to track 'origin/main'.
2025-09-07T09:10:54.2333562Z ##[endgroup]
2025-09-07T09:10:54.2367692Z [command]/usr/bin/git log -1 --format=%H
2025-09-07T09:10:54.2390096Z f80b4d17709586783bcc262d7a67106c7955a93f
2025-09-07T09:10:54.2496615Z ##[group]Run python3 aesthetic_prioritizing.py
2025-09-07T09:10:54.2496967Z [36;1mpython3 aesthetic_prioritizing.py[0m
2025-09-07T09:10:54.2527194Z shell: /usr/bin/bash -e {0}
2025-09-07T09:10:54.2527421Z env:
2025-09-07T09:10:54.2527666Z   pythonLocation: /opt/hostedtoolcache/Python/3.12.5/x64
2025-09-07T09:10:54.2528061Z   PKG_CONFIG_PATH: /opt/hostedtoolcache/Python/3.12.5/x64/lib/pkgconfig
2025-09-07T09:10:54.2528463Z   Python_ROOT_DIR: /opt/hostedtoolcache/Python/3.12.5/x64
2025-09-07T09:10:54.2528808Z   Python2_ROOT_DIR: /opt/hostedtoolcache/Python/3.12.5/x64
2025-09-07T09:10:54.2529142Z   Python3_ROOT_DIR: /opt/hostedtoolcache/Python/3.12.5/x64
2025-09-07T09:10:54.2529482Z   LD_LIBRARY_PATH: /opt/hostedtoolcache/Python/3.12.5/x64/lib
2025-09-07T09:10:54.2529931Z   PASS: ***
2025-09-07T09:10:54.2530274Z ##[endgroup]
2025-09-07T09:16:20.7959749Z Prioritizing: Attempt 1
2025-09-07T09:16:20.7960337Z Projects already on top. No prioritizing needed.
2025-09-07T09:16:20.7960829Z Prioritized projects in your favorite list.
2025-09-07T09:16:20.7961390Z Prioritizing: Attempt 1
2025-09-07T09:16:20.7961835Z Unfollowed stuido 50609120
2025-09-07T09:16:20.7962312Z Followed studio 50609120 to move it to the top
2025-09-07T09:16:20.7962799Z Unfollowed stuido 50609126
2025-09-07T09:16:20.7963275Z Followed studio 50609126 to move it to the top
2025-09-07T09:16:20.7963785Z Unfollowed stuido 50609128
2025-09-07T09:16:20.7964226Z Followed studio 50609128 to move it to the top
2025-09-07T09:16:20.7965005Z Unfollowed stuido 50609129
2025-09-07T09:16:20.7965445Z Followed studio 50609129 to move it to the top
2025-09-07T09:16:20.7966003Z Prioritized studios in your favorite list.
2025-09-07T09:16:20.8245275Z Post job cleanup.
2025-09-07T09:16:20.8998486Z [command]/usr/bin/git version
2025-09-07T09:16:20.9033317Z git version 2.51.0
2025-09-07T09:16:20.9070938Z Temporarily overriding HOME='/home/runner/work/_temp/55f7f6d3-feaa-4346-b318-3e5da96f1ee2' before making global git config changes
2025-09-07T09:16:20.9072210Z Adding repository directory to the temporary git global config as a safe directory
2025-09-07T09:16:20.9076755Z [command]/usr/bin/git config --global --add safe.directory /home/runner/work/scratchattach/scratchattach
2025-09-07T09:16:20.9111695Z [command]/usr/bin/git config --local --name-only --get-regexp core\.sshCommand
2025-09-07T09:16:20.9143396Z [command]/usr/bin/git submodule foreach --recursive sh -c "git config --local --name-only --get-regexp 'core\.sshCommand' && git config --local --unset-all 'core.sshCommand' || :"
2025-09-07T09:16:20.9364032Z [command]/usr/bin/git config --local --name-only --get-regexp http\.https\:\/\/github\.com\/\.extraheader
2025-09-07T09:16:20.9385979Z http.https://github.com/.extraheader
2025-09-07T09:16:20.9396141Z [command]/usr/bin/git config --local --unset-all http.https://github.com/.extraheader
2025-09-07T09:16:20.9429178Z [command]/usr/bin/git submodule foreach --recursive sh -c "git config --local --name-only --get-regexp 'http\.https\:\/\/github\.com\/\.extraheader' && git config --local --unset-all 'http.https://github.com/.extraheader' || :"
2025-09-07T09:16:20.9782046Z Post job cleanup.
2025-09-07T09:16:21.0909276Z (node:2614) [DEP0040] DeprecationWarning: The `punycode` module is deprecated. Please use a userland alternative instead.
2025-09-07T09:16:21.0910442Z (Use `node --trace-deprecation ...` to show where the warning was created)
2025-09-07T09:16:21.1021798Z Post job cleanup.
2025-09-07T09:16:21.1836228Z [command]/usr/bin/git version
2025-09-07T09:16:21.1877731Z git version 2.51.0
2025-09-07T09:16:21.1915590Z Temporarily overriding HOME='/home/runner/work/_temp/99395b0f-4e07-483c-9a0f-7fb9bfeed1df' before making global git config changes
2025-09-07T09:16:21.1916948Z Adding repository directory to the temporary git global config as a safe directory
2025-09-07T09:16:21.1922665Z [command]/usr/bin/git config --global --add safe.directory /home/runner/work/scratchattach/scratchattach
2025-09-07T09:16:21.1958240Z [command]/usr/bin/git config --local --name-only --get-regexp core\.sshCommand
2025-09-07T09:16:21.1991389Z [command]/usr/bin/git submodule foreach --recursive sh -c "git config --local --name-only --get-regexp 'core\.sshCommand' && git config --local --unset-all 'core.sshCommand' || :"
2025-09-07T09:16:21.2211196Z [command]/usr/bin/git config --local --name-only --get-regexp http\.https\:\/\/github\.com\/\.extraheader
2025-09-07T09:16:21.2240600Z [command]/usr/bin/git submodule foreach --recursive sh -c "git config --local --name-only --get-regexp 'http\.https\:\/\/github\.com\/\.extraheader' && git config --local --unset-all 'http.https://github.com/.extraheader' || :"
2025-09-07T09:16:21.2565893Z Cleaning up orphan processes
