2025-09-01T06:19:58.9270546Z Current runner version: '2.328.0'
2025-09-01T06:19:58.9293525Z ##[group]Runner Image Provisioner
2025-09-01T06:19:58.9294337Z Hosted Compute Agent
2025-09-01T06:19:58.9295012Z Version: 20250821.380
2025-09-01T06:19:58.9295720Z Commit: 438d12cb4fe092871db9867344e3bc0bc5319035
2025-09-01T06:19:58.9296422Z Build Date: 2025-08-21T20:49:43Z
2025-09-01T06:19:58.9296975Z ##[endgroup]
2025-09-01T06:19:58.9297629Z ##[group]Operating System
2025-09-01T06:19:58.9298156Z Ubuntu
2025-09-01T06:19:58.9298610Z 24.04.3
2025-09-01T06:19:58.9299135Z LTS
2025-09-01T06:19:58.9299580Z ##[endgroup]
2025-09-01T06:19:58.9300069Z ##[group]Runner Image
2025-09-01T06:19:58.9300709Z Image: ubuntu-24.04
2025-09-01T06:19:58.9301199Z Version: 20250824.1.0
2025-09-01T06:19:58.9302186Z Included Software: https://github.com/actions/runner-images/blob/ubuntu24/20250824.1/images/ubuntu/Ubuntu2404-Readme.md
2025-09-01T06:19:58.9303746Z Image Release: https://github.com/actions/runner-images/releases/tag/ubuntu24%2F20250824.1
2025-09-01T06:19:58.9305090Z ##[endgroup]
2025-09-01T06:19:58.9306207Z ##[group]GITHUB_TOKEN Permissions
2025-09-01T06:19:58.9307969Z Contents: write
2025-09-01T06:19:58.9308610Z Metadata: read
2025-09-01T06:19:58.9309125Z ##[endgroup]
2025-09-01T06:19:58.9311437Z Secret source: Actions
2025-09-01T06:19:58.9312427Z Prepare workflow directory
2025-09-01T06:19:58.9673891Z Prepare all required actions
2025-09-01T06:19:58.9718277Z Getting action download info
2025-09-01T06:19:59.5288195Z Download action repository 'actions/checkout@v5' (SHA:08c6903cd8c0fde910a37f88322edcfb5dd907a8)
2025-09-01T06:19:59.7430677Z Download action repository 'actions/setup-python@v5.6.0' (SHA:a26af69be951a213d495a4c3e4e4022e16d87065)
2025-09-01T06:19:59.8557689Z Download action repository 'bossOfCode/install-scratchattach@v1.0.3' (SHA:be17a7cf1ecb5a7040eb42ef26c2e1fbe72bb25a)
2025-09-01T06:20:00.5464344Z Complete job name: Run Prioritzing Handler
2025-09-01T06:20:00.6175715Z ##[group]Run actions/checkout@v5
2025-09-01T06:20:00.6176657Z with:
2025-09-01T06:20:00.6177110Z   ref: main
2025-09-01T06:20:00.6177552Z   repository: Boss-1s/scratchattach
2025-09-01T06:20:00.6178259Z   token: ***
2025-09-01T06:20:00.6178682Z   ssh-strict: true
2025-09-01T06:20:00.6179113Z   ssh-user: git
2025-09-01T06:20:00.6179554Z   persist-credentials: true
2025-09-01T06:20:00.6180067Z   clean: true
2025-09-01T06:20:00.6180517Z   sparse-checkout-cone-mode: true
2025-09-01T06:20:00.6181041Z   fetch-depth: 1
2025-09-01T06:20:00.6181489Z   fetch-tags: false
2025-09-01T06:20:00.6181928Z   show-progress: true
2025-09-01T06:20:00.6182378Z   lfs: false
2025-09-01T06:20:00.6182803Z   submodules: false
2025-09-01T06:20:00.6183248Z   set-safe-directory: true
2025-09-01T06:20:00.6183960Z ##[endgroup]
2025-09-01T06:20:00.7117108Z Syncing repository: Boss-1s/scratchattach
2025-09-01T06:20:00.7118996Z ##[group]Getting Git version info
2025-09-01T06:20:00.7119937Z Working directory is '/home/runner/work/scratchattach/scratchattach'
2025-09-01T06:20:00.7121196Z [command]/usr/bin/git version
2025-09-01T06:20:00.7174427Z git version 2.51.0
2025-09-01T06:20:00.7195030Z ##[endgroup]
2025-09-01T06:20:00.7209033Z Temporarily overriding HOME='/home/runner/work/_temp/91d068fe-b3cb-4b69-863c-7a9a302ee8c8' before making global git config changes
2025-09-01T06:20:00.7211603Z Adding repository directory to the temporary git global config as a safe directory
2025-09-01T06:20:00.7213555Z [command]/usr/bin/git config --global --add safe.directory /home/runner/work/scratchattach/scratchattach
2025-09-01T06:20:00.7248588Z Deleting the contents of '/home/runner/work/scratchattach/scratchattach'
2025-09-01T06:20:00.7251922Z ##[group]Initializing the repository
2025-09-01T06:20:00.7256033Z [command]/usr/bin/git init /home/runner/work/scratchattach/scratchattach
2025-09-01T06:20:00.7379573Z hint: Using 'master' as the name for the initial branch. This default branch name
2025-09-01T06:20:00.7381172Z hint: is subject to change. To configure the initial branch name to use in all
2025-09-01T06:20:00.7382458Z hint: of your new repositories, which will suppress this warning, call:
2025-09-01T06:20:00.7383662Z hint:
2025-09-01T06:20:00.7384324Z hint: 	git config --global init.defaultBranch <name>
2025-09-01T06:20:00.7385352Z hint:
2025-09-01T06:20:00.7386059Z hint: Names commonly chosen instead of 'master' are 'main', 'trunk' and
2025-09-01T06:20:00.7387226Z hint: 'development'. The just-created branch can be renamed via this command:
2025-09-01T06:20:00.7388662Z hint:
2025-09-01T06:20:00.7389421Z hint: 	git branch -m <name>
2025-09-01T06:20:00.7390307Z hint:
2025-09-01T06:20:00.7391460Z hint: Disable this message with "git config set advice.defaultBranchName false"
2025-09-01T06:20:00.7393104Z Initialized empty Git repository in /home/runner/work/scratchattach/scratchattach/.git/
2025-09-01T06:20:00.7399092Z [command]/usr/bin/git remote add origin https://github.com/Boss-1s/scratchattach
2025-09-01T06:20:00.7437944Z ##[endgroup]
2025-09-01T06:20:00.7439316Z ##[group]Disabling automatic garbage collection
2025-09-01T06:20:00.7441836Z [command]/usr/bin/git config --local gc.auto 0
2025-09-01T06:20:00.7469256Z ##[endgroup]
2025-09-01T06:20:00.7470004Z ##[group]Setting up auth
2025-09-01T06:20:00.7475318Z [command]/usr/bin/git config --local --name-only --get-regexp core\.sshCommand
2025-09-01T06:20:00.7504213Z [command]/usr/bin/git submodule foreach --recursive sh -c "git config --local --name-only --get-regexp 'core\.sshCommand' && git config --local --unset-all 'core.sshCommand' || :"
2025-09-01T06:20:00.7818922Z [command]/usr/bin/git config --local --name-only --get-regexp http\.https\:\/\/github\.com\/\.extraheader
2025-09-01T06:20:00.7848570Z [command]/usr/bin/git submodule foreach --recursive sh -c "git config --local --name-only --get-regexp 'http\.https\:\/\/github\.com\/\.extraheader' && git config --local --unset-all 'http.https://github.com/.extraheader' || :"
2025-09-01T06:20:00.8062955Z [command]/usr/bin/git config --local http.https://github.com/.extraheader AUTHORIZATION: basic ***
2025-09-01T06:20:00.8098607Z ##[endgroup]
2025-09-01T06:20:00.8100118Z ##[group]Fetching the repository
2025-09-01T06:20:00.8108656Z [command]/usr/bin/git -c protocol.version=2 fetch --no-tags --prune --no-recurse-submodules --depth=1 origin +refs/heads/main*:refs/remotes/origin/main* +refs/tags/main*:refs/tags/main*
2025-09-01T06:20:01.5736704Z From https://github.com/Boss-1s/scratchattach
2025-09-01T06:20:01.5737895Z  * [new branch]      main       -> origin/main
2025-09-01T06:20:01.5766775Z ##[endgroup]
2025-09-01T06:20:01.5767981Z ##[group]Determining the checkout info
2025-09-01T06:20:01.5773559Z [command]/usr/bin/git branch --list --remote origin/main
2025-09-01T06:20:01.5797565Z   origin/main
2025-09-01T06:20:01.5802843Z ##[endgroup]
2025-09-01T06:20:01.5807493Z [command]/usr/bin/git sparse-checkout disable
2025-09-01T06:20:01.5848151Z [command]/usr/bin/git config --local --unset-all extensions.worktreeConfig
2025-09-01T06:20:01.5876011Z ##[group]Checking out the ref
2025-09-01T06:20:01.5879197Z [command]/usr/bin/git checkout --progress --force -B main refs/remotes/origin/main
2025-09-01T06:20:01.6179373Z Switched to a new branch 'main'
2025-09-01T06:20:01.6181051Z branch 'main' set up to track 'origin/main'.
2025-09-01T06:20:01.6190210Z ##[endgroup]
2025-09-01T06:20:01.6228693Z [command]/usr/bin/git log -1 --format=%H
2025-09-01T06:20:01.6253101Z bebaa4405341f8aacaaefa4d8383532a8a714152
2025-09-01T06:20:01.6560660Z ##[group]Run actions/setup-python@v5.6.0
2025-09-01T06:20:01.6561980Z with:
2025-09-01T06:20:01.6562864Z   python-version: 3.12.5
2025-09-01T06:20:01.6563932Z   check-latest: false
2025-09-01T06:20:01.6565390Z   token: ***
2025-09-01T06:20:01.6566322Z   update-environment: true
2025-09-01T06:20:01.6567435Z   allow-prereleases: false
2025-09-01T06:20:01.6568533Z   freethreaded: false
2025-09-01T06:20:01.6569515Z ##[endgroup]
2025-09-01T06:20:01.8267707Z ##[group]Installed versions
2025-09-01T06:20:01.8373701Z Version 3.12.5 was not found in the local cache
2025-09-01T06:20:02.7519977Z Version 3.12.5 is available for downloading
2025-09-01T06:20:02.7521796Z Download from "https://github.com/actions/python-versions/releases/download/3.12.5-10375840348/python-3.12.5-linux-24.04-x64.tar.gz"
2025-09-01T06:20:03.6835578Z Extract downloaded archive
2025-09-01T06:20:03.6941579Z [command]/usr/bin/tar xz --warning=no-unknown-keyword --overwrite -C /home/runner/work/_temp/42679358-daf4-4c51-b4ee-af0eb40afb7c -f /home/runner/work/_temp/ec87dce6-8176-4f0a-832d-c5a2d6bd410b
2025-09-01T06:20:05.6898338Z Execute installation script
2025-09-01T06:20:05.6991271Z Check if Python hostedtoolcache folder exist...
2025-09-01T06:20:05.6992941Z Create Python 3.12.5 folder
2025-09-01T06:20:05.7012975Z Copy Python binaries to hostedtoolcache folder
2025-09-01T06:20:06.3931591Z Create additional symlinks (Required for the UsePythonVersion Azure Pipelines task and the setup-python GitHub Action)
2025-09-01T06:20:06.3972292Z Upgrading pip...
2025-09-01T06:20:08.8215206Z Looking in links: /tmp/tmp5j45fo_6
2025-09-01T06:20:08.8219423Z Requirement already satisfied: pip in /opt/hostedtoolcache/Python/3.12.5/x64/lib/python3.12/site-packages (24.2)
2025-09-01T06:20:10.3834078Z Collecting pip
2025-09-01T06:20:10.4379352Z Downloading pip-25.2-py3-none-any.whl.metadata (4.7 kB)
2025-09-01T06:20:10.4548277Z Downloading pip-25.2-py3-none-any.whl (1.8 MB)
2025-09-01T06:20:10.5083831Z ━━━━━━━━━━━━━━━━━━━━━━━━━━━━━━━━━━━━━━━━ 1.8/1.8 MB 56.6 MB/s eta 0:00:00
2025-09-01T06:20:10.5084315Z 
2025-09-01T06:20:10.5354910Z Installing collected packages: pip
2025-09-01T06:20:10.5356457Z Attempting uninstall: pip
2025-09-01T06:20:10.5377561Z Found existing installation: pip 24.2
2025-09-01T06:20:10.5733015Z Uninstalling pip-24.2:
2025-09-01T06:20:10.5789031Z Successfully uninstalled pip-24.2
2025-09-01T06:20:11.6036533Z Successfully installed pip-25.2
2025-09-01T06:20:11.6499774Z Create complete file
2025-09-01T06:20:11.6538196Z Successfully set up CPython (3.12.5)
2025-09-01T06:20:11.6539005Z ##[endgroup]
2025-09-01T06:20:11.6696436Z ##[group]Run bossOfCode/install-scratchattach@v1.0.3
2025-09-01T06:20:11.6696815Z env:
2025-09-01T06:20:11.6697073Z   pythonLocation: /opt/hostedtoolcache/Python/3.12.5/x64
2025-09-01T06:20:11.6697509Z   PKG_CONFIG_PATH: /opt/hostedtoolcache/Python/3.12.5/x64/lib/pkgconfig
2025-09-01T06:20:11.6697928Z   Python_ROOT_DIR: /opt/hostedtoolcache/Python/3.12.5/x64
2025-09-01T06:20:11.6698306Z   Python2_ROOT_DIR: /opt/hostedtoolcache/Python/3.12.5/x64
2025-09-01T06:20:11.6698656Z   Python3_ROOT_DIR: /opt/hostedtoolcache/Python/3.12.5/x64
2025-09-01T06:20:11.6699019Z   LD_LIBRARY_PATH: /opt/hostedtoolcache/Python/3.12.5/x64/lib
2025-09-01T06:20:11.6699320Z ##[endgroup]
2025-09-01T06:20:11.6980199Z ##[group]Run python3 -m pip install --upgrade pip
2025-09-01T06:20:11.6980618Z [36;1mpython3 -m pip install --upgrade pip[0m
2025-09-01T06:20:11.7036279Z shell: /usr/bin/bash --noprofile --norc -e -o pipefail {0}
2025-09-01T06:20:11.7036621Z env:
2025-09-01T06:20:11.7036925Z   pythonLocation: /opt/hostedtoolcache/Python/3.12.5/x64
2025-09-01T06:20:11.7100937Z   PKG_CONFIG_PATH: /opt/hostedtoolcache/Python/3.12.5/x64/lib/pkgconfig
2025-09-01T06:20:11.7101489Z   Python_ROOT_DIR: /opt/hostedtoolcache/Python/3.12.5/x64
2025-09-01T06:20:11.7101901Z   Python2_ROOT_DIR: /opt/hostedtoolcache/Python/3.12.5/x64
2025-09-01T06:20:11.7102326Z   Python3_ROOT_DIR: /opt/hostedtoolcache/Python/3.12.5/x64
2025-09-01T06:20:11.7102716Z   LD_LIBRARY_PATH: /opt/hostedtoolcache/Python/3.12.5/x64/lib
2025-09-01T06:20:11.7103018Z ##[endgroup]
2025-09-01T06:20:12.5420136Z Requirement already satisfied: pip in /opt/hostedtoolcache/Python/3.12.5/x64/lib/python3.12/site-packages (25.2)
2025-09-01T06:20:12.7581084Z ##[group]Run pip install -U scratchattach
2025-09-01T06:20:12.7581402Z [36;1mpip install -U scratchattach[0m
2025-09-01T06:20:12.7612006Z shell: /usr/bin/bash --noprofile --norc -e -o pipefail {0}
2025-09-01T06:20:12.7612329Z env:
2025-09-01T06:20:12.7612585Z   pythonLocation: /opt/hostedtoolcache/Python/3.12.5/x64
2025-09-01T06:20:12.7613002Z   PKG_CONFIG_PATH: /opt/hostedtoolcache/Python/3.12.5/x64/lib/pkgconfig
2025-09-01T06:20:12.7613588Z   Python_ROOT_DIR: /opt/hostedtoolcache/Python/3.12.5/x64
2025-09-01T06:20:12.7613928Z   Python2_ROOT_DIR: /opt/hostedtoolcache/Python/3.12.5/x64
2025-09-01T06:20:12.7614276Z   Python3_ROOT_DIR: /opt/hostedtoolcache/Python/3.12.5/x64
2025-09-01T06:20:12.7614883Z   LD_LIBRARY_PATH: /opt/hostedtoolcache/Python/3.12.5/x64/lib
2025-09-01T06:20:12.7615203Z ##[endgroup]
2025-09-01T06:20:13.4029978Z Collecting scratchattach
2025-09-01T06:20:13.4595456Z   Downloading scratchattach-2.1.13-py3-none-any.whl.metadata (5.5 kB)
2025-09-01T06:20:13.4883209Z Collecting websocket-client (from scratchattach)
2025-09-01T06:20:13.4985923Z   Downloading websocket_client-1.8.0-py3-none-any.whl.metadata (8.0 kB)
2025-09-01T06:20:13.5358094Z Collecting requests (from scratchattach)
2025-09-01T06:20:13.5465569Z   Downloading requests-2.32.5-py3-none-any.whl.metadata (4.9 kB)
2025-09-01T06:20:13.5651824Z Collecting bs4 (from scratchattach)
2025-09-01T06:20:13.5750603Z   Downloading bs4-0.0.2-py2.py3-none-any.whl.metadata (411 bytes)
2025-09-01T06:20:13.6464978Z Collecting SimpleWebSocketServer (from scratchattach)
2025-09-01T06:20:13.6572107Z   Downloading SimpleWebSocketServer-0.1.2.tar.gz (10 kB)
2025-09-01T06:20:13.6665582Z   Installing build dependencies: started
2025-09-01T06:20:14.5042241Z   Installing build dependencies: finished with status 'done'
2025-09-01T06:20:14.5048366Z   Getting requirements to build wheel: started
2025-09-01T06:20:14.8696032Z   Getting requirements to build wheel: finished with status 'done'
2025-09-01T06:20:14.8704052Z   Preparing metadata (pyproject.toml): started
2025-09-01T06:20:15.0540866Z   Preparing metadata (pyproject.toml): finished with status 'done'
2025-09-01T06:20:15.0787285Z Collecting typing-extensions (from scratchattach)
2025-09-01T06:20:15.0893218Z   Downloading typing_extensions-4.15.0-py3-none-any.whl.metadata (3.3 kB)
2025-09-01T06:20:15.1144370Z Collecting beautifulsoup4 (from bs4->scratchattach)
2025-09-01T06:20:15.1245101Z   Downloading beautifulsoup4-4.13.5-py3-none-any.whl.metadata (3.8 kB)
2025-09-01T06:20:15.1504366Z Collecting soupsieve>1.2 (from beautifulsoup4->bs4->scratchattach)
2025-09-01T06:20:15.1603158Z   Downloading soupsieve-2.8-py3-none-any.whl.metadata (4.6 kB)
2025-09-01T06:20:15.2711021Z Collecting charset_normalizer<4,>=2 (from requests->scratchattach)
2025-09-01T06:20:15.2817546Z   Downloading charset_normalizer-3.4.3-cp312-cp312-manylinux2014_x86_64.manylinux_2_17_x86_64.manylinux_2_28_x86_64.whl.metadata (36 kB)
2025-09-01T06:20:15.3092405Z Collecting idna<4,>=2.5 (from requests->scratchattach)
2025-09-01T06:20:15.3191109Z   Downloading idna-3.10-py3-none-any.whl.metadata (10 kB)
2025-09-01T06:20:15.3558617Z Collecting urllib3<3,>=1.21.1 (from requests->scratchattach)
2025-09-01T06:20:15.3659172Z   Downloading urllib3-2.5.0-py3-none-any.whl.metadata (6.5 kB)
2025-09-01T06:20:15.3944880Z Collecting certifi>=2017.4.17 (from requests->scratchattach)
2025-09-01T06:20:15.4047986Z   Downloading certifi-2025.8.3-py3-none-any.whl.metadata (2.4 kB)
2025-09-01T06:20:15.4226272Z Downloading scratchattach-2.1.13-py3-none-any.whl (141 kB)
2025-09-01T06:20:15.4462437Z Downloading bs4-0.0.2-py2.py3-none-any.whl (1.2 kB)
2025-09-01T06:20:15.4581978Z Downloading beautifulsoup4-4.13.5-py3-none-any.whl (105 kB)
2025-09-01T06:20:15.4713253Z Downloading soupsieve-2.8-py3-none-any.whl (36 kB)
2025-09-01T06:20:15.4832490Z Downloading typing_extensions-4.15.0-py3-none-any.whl (44 kB)
2025-09-01T06:20:15.4955376Z Downloading requests-2.32.5-py3-none-any.whl (64 kB)
2025-09-01T06:20:15.5080788Z Downloading charset_normalizer-3.4.3-cp312-cp312-manylinux2014_x86_64.manylinux_2_17_x86_64.manylinux_2_28_x86_64.whl (151 kB)
2025-09-01T06:20:15.5222190Z Downloading idna-3.10-py3-none-any.whl (70 kB)
2025-09-01T06:20:15.5344275Z Downloading urllib3-2.5.0-py3-none-any.whl (129 kB)
2025-09-01T06:20:15.5475138Z Downloading certifi-2025.8.3-py3-none-any.whl (161 kB)
2025-09-01T06:20:15.5611993Z Downloading websocket_client-1.8.0-py3-none-any.whl (58 kB)
2025-09-01T06:20:15.5748882Z Building wheels for collected packages: SimpleWebSocketServer
2025-09-01T06:20:15.5757882Z   Building wheel for SimpleWebSocketServer (pyproject.toml): started
2025-09-01T06:20:15.7986241Z   Building wheel for SimpleWebSocketServer (pyproject.toml): finished with status 'done'
2025-09-01T06:20:15.7992618Z   Created wheel for SimpleWebSocketServer: filename=simplewebsocketserver-0.1.2-py3-none-any.whl size=9715 sha256=6a93a451e5f2a6eb0ac165c55d0b0ce718ce6361256a3089b92e45157e7c76df
2025-09-01T06:20:15.7994975Z   Stored in directory: /home/runner/.cache/pip/wheels/81/fd/d8/f145b47bedceb5dff96b76e404a4ee9be956a4f8f150cd8133
2025-09-01T06:20:15.8012936Z Successfully built SimpleWebSocketServer
2025-09-01T06:20:15.8190130Z Installing collected packages: SimpleWebSocketServer, websocket-client, urllib3, typing-extensions, soupsieve, idna, charset_normalizer, certifi, requests, beautifulsoup4, bs4, scratchattach
2025-09-01T06:20:16.3697796Z 
2025-09-01T06:20:16.3717227Z Successfully installed SimpleWebSocketServer-0.1.2 beautifulsoup4-4.13.5 bs4-0.0.2 certifi-2025.8.3 charset_normalizer-3.4.3 idna-3.10 requests-2.32.5 scratchattach-2.1.13 soupsieve-2.8 typing-extensions-4.15.0 urllib3-2.5.0 websocket-client-1.8.0
2025-09-01T06:20:16.4497125Z ##[group]Run actions/checkout@v5
2025-09-01T06:20:16.4497375Z with:
2025-09-01T06:20:16.4497550Z   ref: main
2025-09-01T06:20:16.4497753Z   repository: Boss-1s/scratchattach
2025-09-01T06:20:16.4498116Z   token: ***
2025-09-01T06:20:16.4498304Z   ssh-strict: true
2025-09-01T06:20:16.4498494Z   ssh-user: git
2025-09-01T06:20:16.4498689Z   persist-credentials: true
2025-09-01T06:20:16.4498913Z   clean: true
2025-09-01T06:20:16.4499109Z   sparse-checkout-cone-mode: true
2025-09-01T06:20:16.4499348Z   fetch-depth: 1
2025-09-01T06:20:16.4499537Z   fetch-tags: false
2025-09-01T06:20:16.4499726Z   show-progress: true
2025-09-01T06:20:16.4499922Z   lfs: false
2025-09-01T06:20:16.4500099Z   submodules: false
2025-09-01T06:20:16.4500293Z   set-safe-directory: true
2025-09-01T06:20:16.4500517Z env:
2025-09-01T06:20:16.4500744Z   pythonLocation: /opt/hostedtoolcache/Python/3.12.5/x64
2025-09-01T06:20:16.4501139Z   PKG_CONFIG_PATH: /opt/hostedtoolcache/Python/3.12.5/x64/lib/pkgconfig
2025-09-01T06:20:16.4501540Z   Python_ROOT_DIR: /opt/hostedtoolcache/Python/3.12.5/x64
2025-09-01T06:20:16.4501882Z   Python2_ROOT_DIR: /opt/hostedtoolcache/Python/3.12.5/x64
2025-09-01T06:20:16.4502220Z   Python3_ROOT_DIR: /opt/hostedtoolcache/Python/3.12.5/x64
2025-09-01T06:20:16.4502557Z   LD_LIBRARY_PATH: /opt/hostedtoolcache/Python/3.12.5/x64/lib
2025-09-01T06:20:16.4502848Z ##[endgroup]
2025-09-01T06:20:16.5281015Z Syncing repository: Boss-1s/scratchattach
2025-09-01T06:20:16.5282814Z ##[group]Getting Git version info
2025-09-01T06:20:16.5283423Z Working directory is '/home/runner/work/scratchattach/scratchattach'
2025-09-01T06:20:16.5319576Z [command]/usr/bin/git version
2025-09-01T06:20:16.5355796Z git version 2.51.0
2025-09-01T06:20:16.5377133Z ##[endgroup]
2025-09-01T06:20:16.5390542Z Temporarily overriding HOME='/home/runner/work/_temp/839daff5-42bf-4d22-a8d6-66dd466d0e9f' before making global git config changes
2025-09-01T06:20:16.5391663Z Adding repository directory to the temporary git global config as a safe directory
2025-09-01T06:20:16.5395501Z [command]/usr/bin/git config --global --add safe.directory /home/runner/work/scratchattach/scratchattach
2025-09-01T06:20:16.5432691Z [command]/usr/bin/git config --local --get remote.origin.url
2025-09-01T06:20:16.5452850Z https://github.com/Boss-1s/scratchattach
2025-09-01T06:20:16.5466765Z ##[group]Removing previously created refs, to avoid conflicts
2025-09-01T06:20:16.5470906Z [command]/usr/bin/git rev-parse --symbolic-full-name --verify --quiet HEAD
2025-09-01T06:20:16.5491524Z refs/heads/main
2025-09-01T06:20:16.5501060Z [command]/usr/bin/git checkout --detach
2025-09-01T06:20:16.5748520Z HEAD is now at bebaa44 [BOT] Download Logs
2025-09-01T06:20:16.5792051Z [command]/usr/bin/git branch --delete --force main
2025-09-01T06:20:16.5816804Z Deleted branch main (was bebaa44).
2025-09-01T06:20:16.5851287Z ##[endgroup]
2025-09-01T06:20:16.5855151Z [command]/usr/bin/git submodule status
2025-09-01T06:20:16.6076239Z ##[group]Cleaning the repository
2025-09-01T06:20:16.6111636Z [command]/usr/bin/git clean -ffdx
2025-09-01T06:20:16.6144368Z [command]/usr/bin/git reset --hard HEAD
2025-09-01T06:20:16.6178367Z HEAD is now at bebaa44 [BOT] Download Logs
2025-09-01T06:20:16.6184010Z ##[endgroup]
2025-09-01T06:20:16.6185843Z ##[group]Disabling automatic garbage collection
2025-09-01T06:20:16.6189593Z [command]/usr/bin/git config --local gc.auto 0
2025-09-01T06:20:16.6216025Z ##[endgroup]
2025-09-01T06:20:16.6216550Z ##[group]Setting up auth
2025-09-01T06:20:16.6223294Z [command]/usr/bin/git config --local --name-only --get-regexp core\.sshCommand
2025-09-01T06:20:16.6252306Z [command]/usr/bin/git submodule foreach --recursive sh -c "git config --local --name-only --get-regexp 'core\.sshCommand' && git config --local --unset-all 'core.sshCommand' || :"
2025-09-01T06:20:16.6476246Z [command]/usr/bin/git config --local --name-only --get-regexp http\.https\:\/\/github\.com\/\.extraheader
2025-09-01T06:20:16.6499660Z http.https://github.com/.extraheader
2025-09-01T06:20:16.6509205Z [command]/usr/bin/git config --local --unset-all http.https://github.com/.extraheader
2025-09-01T06:20:16.6539453Z [command]/usr/bin/git submodule foreach --recursive sh -c "git config --local --name-only --get-regexp 'http\.https\:\/\/github\.com\/\.extraheader' && git config --local --unset-all 'http.https://github.com/.extraheader' || :"
2025-09-01T06:20:16.6766216Z [command]/usr/bin/git config --local http.https://github.com/.extraheader AUTHORIZATION: basic ***
2025-09-01T06:20:16.6807253Z ##[endgroup]
2025-09-01T06:20:16.6807885Z ##[group]Fetching the repository
2025-09-01T06:20:16.6815763Z [command]/usr/bin/git -c protocol.version=2 fetch --no-tags --prune --no-recurse-submodules --depth=1 origin +refs/heads/main*:refs/remotes/origin/main* +refs/tags/main*:refs/tags/main*
2025-09-01T06:20:17.1160119Z ##[endgroup]
2025-09-01T06:20:17.1160742Z ##[group]Determining the checkout info
2025-09-01T06:20:17.1167907Z [command]/usr/bin/git branch --list --remote origin/main
2025-09-01T06:20:17.1191561Z   origin/main
2025-09-01T06:20:17.1195663Z ##[endgroup]
2025-09-01T06:20:17.1199696Z [command]/usr/bin/git sparse-checkout disable
2025-09-01T06:20:17.1235821Z [command]/usr/bin/git config --local --unset-all extensions.worktreeConfig
2025-09-01T06:20:17.1260757Z ##[group]Checking out the ref
2025-09-01T06:20:17.1264338Z [command]/usr/bin/git checkout --progress --force -B main refs/remotes/origin/main
2025-09-01T06:20:17.1300752Z Switched to a new branch 'main'
2025-09-01T06:20:17.1303324Z branch 'main' set up to track 'origin/main'.
2025-09-01T06:20:17.1309093Z ##[endgroup]
2025-09-01T06:20:17.1343308Z [command]/usr/bin/git log -1 --format=%H
2025-09-01T06:20:17.1365323Z bebaa4405341f8aacaaefa4d8383532a8a714152
2025-09-01T06:20:17.1470671Z ##[group]Run python3 aesthetic_prioritizing.py
2025-09-01T06:20:17.1471039Z [36;1mpython3 aesthetic_prioritizing.py[0m
2025-09-01T06:20:17.1502298Z shell: /usr/bin/bash -e {0}
2025-09-01T06:20:17.1502537Z env:
2025-09-01T06:20:17.1502793Z   pythonLocation: /opt/hostedtoolcache/Python/3.12.5/x64
2025-09-01T06:20:17.1503196Z   PKG_CONFIG_PATH: /opt/hostedtoolcache/Python/3.12.5/x64/lib/pkgconfig
2025-09-01T06:20:17.1503601Z   Python_ROOT_DIR: /opt/hostedtoolcache/Python/3.12.5/x64
2025-09-01T06:20:17.1503954Z   Python2_ROOT_DIR: /opt/hostedtoolcache/Python/3.12.5/x64
2025-09-01T06:20:17.1504292Z   Python3_ROOT_DIR: /opt/hostedtoolcache/Python/3.12.5/x64
2025-09-01T06:20:17.1505267Z   LD_LIBRARY_PATH: /opt/hostedtoolcache/Python/3.12.5/x64/lib
2025-09-01T06:20:17.1505746Z   PASS: ***
2025-09-01T06:20:17.1505927Z ##[endgroup]
2025-09-01T06:30:22.4873640Z Prioritizing: Attempt 1
2025-09-01T06:30:22.4874274Z Unfavorited project 1193158560
2025-09-01T06:30:22.4875235Z Favorited project 1193158560 to move it to the top
2025-09-01T06:30:22.4875933Z Unfavorited project 1193158559
2025-09-01T06:30:22.4877079Z Favorited project 1193158559 to move it to the top
2025-09-01T06:30:22.4877660Z Unfavorited project 1193158558
2025-09-01T06:30:22.4878054Z Favorited project 1193158558 to move it to the top
2025-09-01T06:30:22.4878477Z Unfavorited project 1193158567
2025-09-01T06:30:22.4878859Z Favorited project 1193158567 to move it to the top
2025-09-01T06:30:22.4879283Z Unfavorited project 1193158568
2025-09-01T06:30:22.4879671Z Favorited project 1193158568 to move it to the top
2025-09-01T06:30:22.4880124Z Prioritized projects in your favorite list.
2025-09-01T06:30:22.5175762Z Post job cleanup.
2025-09-01T06:30:22.5938013Z [command]/usr/bin/git version
2025-09-01T06:30:22.5973659Z git version 2.51.0
2025-09-01T06:30:22.6011404Z Temporarily overriding HOME='/home/runner/work/_temp/7e5212e1-a781-4c4a-bd74-608e841ba8ac' before making global git config changes
2025-09-01T06:30:22.6012680Z Adding repository directory to the temporary git global config as a safe directory
2025-09-01T06:30:22.6017280Z [command]/usr/bin/git config --global --add safe.directory /home/runner/work/scratchattach/scratchattach
2025-09-01T06:30:22.6051890Z [command]/usr/bin/git config --local --name-only --get-regexp core\.sshCommand
2025-09-01T06:30:22.6085287Z [command]/usr/bin/git submodule foreach --recursive sh -c "git config --local --name-only --get-regexp 'core\.sshCommand' && git config --local --unset-all 'core.sshCommand' || :"
2025-09-01T06:30:22.6308379Z [command]/usr/bin/git config --local --name-only --get-regexp http\.https\:\/\/github\.com\/\.extraheader
2025-09-01T06:30:22.6331637Z http.https://github.com/.extraheader
2025-09-01T06:30:22.6341206Z [command]/usr/bin/git config --local --unset-all http.https://github.com/.extraheader
2025-09-01T06:30:22.6372543Z [command]/usr/bin/git submodule foreach --recursive sh -c "git config --local --name-only --get-regexp 'http\.https\:\/\/github\.com\/\.extraheader' && git config --local --unset-all 'http.https://github.com/.extraheader' || :"
2025-09-01T06:30:22.6705806Z Post job cleanup.
2025-09-01T06:30:22.8694911Z Post job cleanup.
2025-09-01T06:30:22.9495671Z [command]/usr/bin/git version
2025-09-01T06:30:22.9533147Z git version 2.51.0
2025-09-01T06:30:22.9570273Z Temporarily overriding HOME='/home/runner/work/_temp/3b24955e-452c-481a-a67c-075085b34879' before making global git config changes
2025-09-01T06:30:22.9571539Z Adding repository directory to the temporary git global config as a safe directory
2025-09-01T06:30:22.9576024Z [command]/usr/bin/git config --global --add safe.directory /home/runner/work/scratchattach/scratchattach
2025-09-01T06:30:22.9610690Z [command]/usr/bin/git config --local --name-only --get-regexp core\.sshCommand
2025-09-01T06:30:22.9643941Z [command]/usr/bin/git submodule foreach --recursive sh -c "git config --local --name-only --get-regexp 'core\.sshCommand' && git config --local --unset-all 'core.sshCommand' || :"
2025-09-01T06:30:22.9865478Z [command]/usr/bin/git config --local --name-only --get-regexp http\.https\:\/\/github\.com\/\.extraheader
2025-09-01T06:30:22.9896197Z [command]/usr/bin/git submodule foreach --recursive sh -c "git config --local --name-only --get-regexp 'http\.https\:\/\/github\.com\/\.extraheader' && git config --local --unset-all 'http.https://github.com/.extraheader' || :"
2025-09-01T06:30:23.0225247Z Cleaning up orphan processes
