2025-10-29T03:16:23.7117932Z Current runner version: '2.328.0'
2025-10-29T03:16:23.7140920Z ##[group]Runner Image Provisioner
2025-10-29T03:16:23.7141727Z Hosted Compute Agent
2025-10-29T03:16:23.7142256Z Version: 20250912.392
2025-10-29T03:16:23.7142939Z Commit: d921fda672a98b64f4f82364647e2f10b2267d0b
2025-10-29T03:16:23.7143596Z Build Date: 2025-09-12T15:23:14Z
2025-10-29T03:16:23.7144229Z ##[endgroup]
2025-10-29T03:16:23.7144853Z ##[group]Operating System
2025-10-29T03:16:23.7145387Z Ubuntu
2025-10-29T03:16:23.7145865Z 24.04.3
2025-10-29T03:16:23.7146369Z LTS
2025-10-29T03:16:23.7146808Z ##[endgroup]
2025-10-29T03:16:23.7147305Z ##[group]Runner Image
2025-10-29T03:16:23.7147939Z Image: ubuntu-24.04
2025-10-29T03:16:23.7148712Z Version: 20250929.60.1
2025-10-29T03:16:23.7149745Z Included Software: https://github.com/actions/runner-images/blob/ubuntu24/20250929.60/images/ubuntu/Ubuntu2404-Readme.md
2025-10-29T03:16:23.7151287Z Image Release: https://github.com/actions/runner-images/releases/tag/ubuntu24%2F20250929.60
2025-10-29T03:16:23.7152294Z ##[endgroup]
2025-10-29T03:16:23.7153355Z ##[group]GITHUB_TOKEN Permissions
2025-10-29T03:16:23.7155118Z Contents: write
2025-10-29T03:16:23.7155731Z Metadata: read
2025-10-29T03:16:23.7156278Z ##[endgroup]
2025-10-29T03:16:23.7158636Z Secret source: Actions
2025-10-29T03:16:23.7159584Z Prepare workflow directory
2025-10-29T03:16:23.7472422Z Prepare all required actions
2025-10-29T03:16:23.7518369Z Getting action download info
2025-10-29T03:16:24.2481841Z Download action repository 'actions/checkout@v5.0.0' (SHA:08c6903cd8c0fde910a37f88322edcfb5dd907a8)
2025-10-29T03:16:24.4557641Z Download action repository 'actions/setup-python@v6.0.0' (SHA:e797f83bcb11b83ae66e0230d6156d7c80228e7c)
2025-10-29T03:16:24.5674822Z Download action repository 'bossOfCode/install-scratchattach@v1.0.3' (SHA:be17a7cf1ecb5a7040eb42ef26c2e1fbe72bb25a)
2025-10-29T03:16:25.0960148Z Complete job name: Run Prioritzing Handler
2025-10-29T03:16:25.1623671Z ##[group]Run actions/checkout@v5.0.0
2025-10-29T03:16:25.1624527Z with:
2025-10-29T03:16:25.1624937Z   ref: main
2025-10-29T03:16:25.1625357Z   repository: Boss-1s/scratchattach
2025-10-29T03:16:25.1626031Z   token: ***
2025-10-29T03:16:25.1626427Z   ssh-strict: true
2025-10-29T03:16:25.1626839Z   ssh-user: git
2025-10-29T03:16:25.1627257Z   persist-credentials: true
2025-10-29T03:16:25.1627724Z   clean: true
2025-10-29T03:16:25.1628134Z   sparse-checkout-cone-mode: true
2025-10-29T03:16:25.1628798Z   fetch-depth: 1
2025-10-29T03:16:25.1629238Z   fetch-tags: false
2025-10-29T03:16:25.1629655Z   show-progress: true
2025-10-29T03:16:25.1630072Z   lfs: false
2025-10-29T03:16:25.1630448Z   submodules: false
2025-10-29T03:16:25.1630864Z   set-safe-directory: true
2025-10-29T03:16:25.1631562Z ##[endgroup]
2025-10-29T03:16:25.2588472Z Syncing repository: Boss-1s/scratchattach
2025-10-29T03:16:25.2590317Z ##[group]Getting Git version info
2025-10-29T03:16:25.2591179Z Working directory is '/home/runner/work/scratchattach/scratchattach'
2025-10-29T03:16:25.2592186Z [command]/usr/bin/git version
2025-10-29T03:16:25.2648107Z git version 2.51.0
2025-10-29T03:16:25.2668401Z ##[endgroup]
2025-10-29T03:16:25.2681552Z Temporarily overriding HOME='/home/runner/work/_temp/d96078ea-e84b-43da-a834-51bd562e23d0' before making global git config changes
2025-10-29T03:16:25.2685834Z Adding repository directory to the temporary git global config as a safe directory
2025-10-29T03:16:25.2686970Z [command]/usr/bin/git config --global --add safe.directory /home/runner/work/scratchattach/scratchattach
2025-10-29T03:16:25.2721664Z Deleting the contents of '/home/runner/work/scratchattach/scratchattach'
2025-10-29T03:16:25.2724832Z ##[group]Initializing the repository
2025-10-29T03:16:25.2729706Z [command]/usr/bin/git init /home/runner/work/scratchattach/scratchattach
2025-10-29T03:16:25.2855646Z hint: Using 'master' as the name for the initial branch. This default branch name
2025-10-29T03:16:25.2856774Z hint: is subject to change. To configure the initial branch name to use in all
2025-10-29T03:16:25.2857771Z hint: of your new repositories, which will suppress this warning, call:
2025-10-29T03:16:25.2859146Z hint:
2025-10-29T03:16:25.2859862Z hint: 	git config --global init.defaultBranch <name>
2025-10-29T03:16:25.2860857Z hint:
2025-10-29T03:16:25.2861468Z hint: Names commonly chosen instead of 'master' are 'main', 'trunk' and
2025-10-29T03:16:25.2863203Z hint: 'development'. The just-created branch can be renamed via this command:
2025-10-29T03:16:25.2864668Z hint:
2025-10-29T03:16:25.2865408Z hint: 	git branch -m <name>
2025-10-29T03:16:25.2866278Z hint:
2025-10-29T03:16:25.2867443Z hint: Disable this message with "git config set advice.defaultBranchName false"
2025-10-29T03:16:25.2869652Z Initialized empty Git repository in /home/runner/work/scratchattach/scratchattach/.git/
2025-10-29T03:16:25.2872905Z [command]/usr/bin/git remote add origin https://github.com/Boss-1s/scratchattach
2025-10-29T03:16:25.2911443Z ##[endgroup]
2025-10-29T03:16:25.2912642Z ##[group]Disabling automatic garbage collection
2025-10-29T03:16:25.2915580Z [command]/usr/bin/git config --local gc.auto 0
2025-10-29T03:16:25.2943651Z ##[endgroup]
2025-10-29T03:16:25.2944824Z ##[group]Setting up auth
2025-10-29T03:16:25.2950598Z [command]/usr/bin/git config --local --name-only --get-regexp core\.sshCommand
2025-10-29T03:16:25.2981030Z [command]/usr/bin/git submodule foreach --recursive sh -c "git config --local --name-only --get-regexp 'core\.sshCommand' && git config --local --unset-all 'core.sshCommand' || :"
2025-10-29T03:16:25.3322526Z [command]/usr/bin/git config --local --name-only --get-regexp http\.https\:\/\/github\.com\/\.extraheader
2025-10-29T03:16:25.3352197Z [command]/usr/bin/git submodule foreach --recursive sh -c "git config --local --name-only --get-regexp 'http\.https\:\/\/github\.com\/\.extraheader' && git config --local --unset-all 'http.https://github.com/.extraheader' || :"
2025-10-29T03:16:25.3567935Z [command]/usr/bin/git config --local http.https://github.com/.extraheader AUTHORIZATION: basic ***
2025-10-29T03:16:25.3601444Z ##[endgroup]
2025-10-29T03:16:25.3602716Z ##[group]Fetching the repository
2025-10-29T03:16:25.3611535Z [command]/usr/bin/git -c protocol.version=2 fetch --no-tags --prune --no-recurse-submodules --depth=1 origin +refs/heads/main*:refs/remotes/origin/main* +refs/tags/main*:refs/tags/main*
2025-10-29T03:16:26.8234525Z From https://github.com/Boss-1s/scratchattach
2025-10-29T03:16:26.8236932Z  * [new branch]      main       -> origin/main
2025-10-29T03:16:26.8266629Z ##[endgroup]
2025-10-29T03:16:26.8267386Z ##[group]Determining the checkout info
2025-10-29T03:16:26.8273979Z [command]/usr/bin/git branch --list --remote origin/main
2025-10-29T03:16:26.8296755Z   origin/main
2025-10-29T03:16:26.8301582Z ##[endgroup]
2025-10-29T03:16:26.8305824Z [command]/usr/bin/git sparse-checkout disable
2025-10-29T03:16:26.8343765Z [command]/usr/bin/git config --local --unset-all extensions.worktreeConfig
2025-10-29T03:16:26.8369446Z ##[group]Checking out the ref
2025-10-29T03:16:26.8373006Z [command]/usr/bin/git checkout --progress --force -B main refs/remotes/origin/main
2025-10-29T03:16:27.1323968Z Switched to a new branch 'main'
2025-10-29T03:16:27.1326075Z branch 'main' set up to track 'origin/main'.
2025-10-29T03:16:27.1360652Z ##[endgroup]
2025-10-29T03:16:27.1399489Z [command]/usr/bin/git log -1 --format=%H
2025-10-29T03:16:27.1423565Z dccbff44426c1c785b12b6103aa80e9553bca86d
2025-10-29T03:16:27.1644774Z ##[group]Run actions/setup-python@v6.0.0
2025-10-29T03:16:27.1645121Z with:
2025-10-29T03:16:27.1645340Z   python-version: 3.13
2025-10-29T03:16:27.1645597Z   check-latest: false
2025-10-29T03:16:27.1646026Z   token: ***
2025-10-29T03:16:27.1646258Z   update-environment: true
2025-10-29T03:16:27.1646524Z   allow-prereleases: false
2025-10-29T03:16:27.1646778Z   freethreaded: false
2025-10-29T03:16:27.1647009Z ##[endgroup]
2025-10-29T03:16:27.2899920Z ##[group]Installed versions
2025-10-29T03:16:27.3442352Z (node:2058) [DEP0040] DeprecationWarning: The `punycode` module is deprecated. Please use a userland alternative instead.
2025-10-29T03:16:27.3444030Z (Use `node --trace-deprecation ...` to show where the warning was created)
2025-10-29T03:16:27.3444873Z Successfully set up CPython (3.13.7)
2025-10-29T03:16:27.3445837Z ##[endgroup]
2025-10-29T03:16:27.3582535Z ##[group]Run bossOfCode/install-scratchattach@v1.0.3
2025-10-29T03:16:27.3582917Z env:
2025-10-29T03:16:27.3583202Z   pythonLocation: /opt/hostedtoolcache/Python/3.13.7/x64
2025-10-29T03:16:27.3583653Z   PKG_CONFIG_PATH: /opt/hostedtoolcache/Python/3.13.7/x64/lib/pkgconfig
2025-10-29T03:16:27.3584091Z   Python_ROOT_DIR: /opt/hostedtoolcache/Python/3.13.7/x64
2025-10-29T03:16:27.3584467Z   Python2_ROOT_DIR: /opt/hostedtoolcache/Python/3.13.7/x64
2025-10-29T03:16:27.3584842Z   Python3_ROOT_DIR: /opt/hostedtoolcache/Python/3.13.7/x64
2025-10-29T03:16:27.3585225Z   LD_LIBRARY_PATH: /opt/hostedtoolcache/Python/3.13.7/x64/lib
2025-10-29T03:16:27.3585548Z ##[endgroup]
2025-10-29T03:16:27.3662094Z ##[group]Run python3 -m pip install --upgrade pip
2025-10-29T03:16:27.3662549Z [36;1mpython3 -m pip install --upgrade pip[0m
2025-10-29T03:16:27.3786384Z shell: /usr/bin/bash --noprofile --norc -e -o pipefail {0}
2025-10-29T03:16:27.3786773Z env:
2025-10-29T03:16:27.3787109Z   pythonLocation: /opt/hostedtoolcache/Python/3.13.7/x64
2025-10-29T03:16:27.3787548Z   PKG_CONFIG_PATH: /opt/hostedtoolcache/Python/3.13.7/x64/lib/pkgconfig
2025-10-29T03:16:27.3787991Z   Python_ROOT_DIR: /opt/hostedtoolcache/Python/3.13.7/x64
2025-10-29T03:16:27.3788630Z   Python2_ROOT_DIR: /opt/hostedtoolcache/Python/3.13.7/x64
2025-10-29T03:16:27.3789028Z   Python3_ROOT_DIR: /opt/hostedtoolcache/Python/3.13.7/x64
2025-10-29T03:16:27.3789422Z   LD_LIBRARY_PATH: /opt/hostedtoolcache/Python/3.13.7/x64/lib
2025-10-29T03:16:27.3789756Z ##[endgroup]
2025-10-29T03:16:31.1071962Z Requirement already satisfied: pip in /opt/hostedtoolcache/Python/3.13.7/x64/lib/python3.13/site-packages (25.2)
2025-10-29T03:16:31.1867492Z Collecting pip
2025-10-29T03:16:31.2232692Z   Downloading pip-25.3-py3-none-any.whl.metadata (4.7 kB)
2025-10-29T03:16:31.2394304Z Downloading pip-25.3-py3-none-any.whl (1.8 MB)
2025-10-29T03:16:31.2754022Z    ━━━━━━━━━━━━━━━━━━━━━━━━━━━━━━━━━━━━━━━━ 1.8/1.8 MB 95.0 MB/s  0:00:00
2025-10-29T03:16:31.3142375Z Installing collected packages: pip
2025-10-29T03:16:31.3144332Z   Attempting uninstall: pip
2025-10-29T03:16:31.3171909Z     Found existing installation: pip 25.2
2025-10-29T03:16:31.5183580Z     Uninstalling pip-25.2:
2025-10-29T03:16:31.5246141Z       Successfully uninstalled pip-25.2
2025-10-29T03:16:32.3940448Z Successfully installed pip-25.3
2025-10-29T03:16:32.5103034Z ##[group]Run pip install -U scratchattach
2025-10-29T03:16:32.5103358Z [36;1mpip install -U scratchattach[0m
2025-10-29T03:16:32.5137681Z shell: /usr/bin/bash --noprofile --norc -e -o pipefail {0}
2025-10-29T03:16:32.5138017Z env:
2025-10-29T03:16:32.5138471Z   pythonLocation: /opt/hostedtoolcache/Python/3.13.7/x64
2025-10-29T03:16:32.5138884Z   PKG_CONFIG_PATH: /opt/hostedtoolcache/Python/3.13.7/x64/lib/pkgconfig
2025-10-29T03:16:32.5139286Z   Python_ROOT_DIR: /opt/hostedtoolcache/Python/3.13.7/x64
2025-10-29T03:16:32.5139642Z   Python2_ROOT_DIR: /opt/hostedtoolcache/Python/3.13.7/x64
2025-10-29T03:16:32.5140017Z   Python3_ROOT_DIR: /opt/hostedtoolcache/Python/3.13.7/x64
2025-10-29T03:16:32.5140376Z   LD_LIBRARY_PATH: /opt/hostedtoolcache/Python/3.13.7/x64/lib
2025-10-29T03:16:32.5140664Z ##[endgroup]
2025-10-29T03:16:33.4821404Z Collecting scratchattach
2025-10-29T03:16:33.5383871Z   Downloading scratchattach-2.1.14-py3-none-any.whl.metadata (5.7 kB)
2025-10-29T03:16:33.5618422Z Collecting websocket-client (from scratchattach)
2025-10-29T03:16:33.5652879Z   Downloading websocket_client-1.9.0-py3-none-any.whl.metadata (8.3 kB)
2025-10-29T03:16:33.5960564Z Collecting requests (from scratchattach)
2025-10-29T03:16:33.5995015Z   Downloading requests-2.32.5-py3-none-any.whl.metadata (4.9 kB)
2025-10-29T03:16:33.6119192Z Collecting bs4 (from scratchattach)
2025-10-29T03:16:33.6154015Z   Downloading bs4-0.0.2-py2.py3-none-any.whl.metadata (411 bytes)
2025-10-29T03:16:33.6947800Z Collecting SimpleWebSocketServer (from scratchattach)
2025-10-29T03:16:33.6995291Z   Downloading SimpleWebSocketServer-0.1.2.tar.gz (10 kB)
2025-10-29T03:16:33.7072761Z   Installing build dependencies: started
2025-10-29T03:16:35.1356845Z   Installing build dependencies: finished with status 'done'
2025-10-29T03:16:35.1362561Z   Getting requirements to build wheel: started
2025-10-29T03:16:35.5396035Z   Getting requirements to build wheel: finished with status 'done'
2025-10-29T03:16:35.5404620Z   Preparing metadata (pyproject.toml): started
2025-10-29T03:16:35.7331639Z   Preparing metadata (pyproject.toml): finished with status 'done'
2025-10-29T03:16:35.7598137Z Collecting typing-extensions (from scratchattach)
2025-10-29T03:16:35.7636055Z   Downloading typing_extensions-4.15.0-py3-none-any.whl.metadata (3.3 kB)
2025-10-29T03:16:35.7840045Z Collecting browser_cookie3 (from scratchattach)
2025-10-29T03:16:35.7882127Z   Downloading browser_cookie3-0.20.1-py3-none-any.whl.metadata (713 bytes)
2025-10-29T03:16:35.8495066Z Collecting lz4 (from browser_cookie3->scratchattach)
2025-10-29T03:16:35.8539223Z   Downloading lz4-4.4.4-cp313-cp313-manylinux_2_17_x86_64.manylinux2014_x86_64.whl.metadata (3.8 kB)
2025-10-29T03:16:35.9315918Z Collecting pycryptodomex (from browser_cookie3->scratchattach)
2025-10-29T03:16:35.9360927Z   Downloading pycryptodomex-3.23.0-cp37-abi3-manylinux_2_17_x86_64.manylinux2014_x86_64.whl.metadata (3.4 kB)
2025-10-29T03:16:35.9495371Z Collecting jeepney (from browser_cookie3->scratchattach)
2025-10-29T03:16:35.9528413Z   Downloading jeepney-0.9.0-py3-none-any.whl.metadata (1.2 kB)
2025-10-29T03:16:35.9714776Z Collecting beautifulsoup4 (from bs4->scratchattach)
2025-10-29T03:16:35.9772344Z   Downloading beautifulsoup4-4.14.2-py3-none-any.whl.metadata (3.8 kB)
2025-10-29T03:16:35.9957283Z Collecting soupsieve>1.2 (from beautifulsoup4->bs4->scratchattach)
2025-10-29T03:16:35.9997640Z   Downloading soupsieve-2.8-py3-none-any.whl.metadata (4.6 kB)
2025-10-29T03:16:36.0896214Z Collecting charset_normalizer<4,>=2 (from requests->scratchattach)
2025-10-29T03:16:36.0933373Z   Downloading charset_normalizer-3.4.4-cp313-cp313-manylinux2014_x86_64.manylinux_2_17_x86_64.manylinux_2_28_x86_64.whl.metadata (37 kB)
2025-10-29T03:16:36.1127785Z Collecting idna<4,>=2.5 (from requests->scratchattach)
2025-10-29T03:16:36.1167522Z   Downloading idna-3.11-py3-none-any.whl.metadata (8.4 kB)
2025-10-29T03:16:36.1448495Z Collecting urllib3<3,>=1.21.1 (from requests->scratchattach)
2025-10-29T03:16:36.1484231Z   Downloading urllib3-2.5.0-py3-none-any.whl.metadata (6.5 kB)
2025-10-29T03:16:36.1721697Z Collecting certifi>=2017.4.17 (from requests->scratchattach)
2025-10-29T03:16:36.1756367Z   Downloading certifi-2025.10.5-py3-none-any.whl.metadata (2.5 kB)
2025-10-29T03:16:36.1872630Z Downloading scratchattach-2.1.14-py3-none-any.whl (145 kB)
2025-10-29T03:16:36.1989890Z Downloading browser_cookie3-0.20.1-py3-none-any.whl (17 kB)
2025-10-29T03:16:36.2048954Z Downloading bs4-0.0.2-py2.py3-none-any.whl (1.2 kB)
2025-10-29T03:16:36.2106146Z Downloading beautifulsoup4-4.14.2-py3-none-any.whl (106 kB)
2025-10-29T03:16:36.2164629Z Downloading soupsieve-2.8-py3-none-any.whl (36 kB)
2025-10-29T03:16:36.2221656Z Downloading typing_extensions-4.15.0-py3-none-any.whl (44 kB)
2025-10-29T03:16:36.2274462Z Downloading jeepney-0.9.0-py3-none-any.whl (49 kB)
2025-10-29T03:16:36.2391392Z Downloading lz4-4.4.4-cp313-cp313-manylinux_2_17_x86_64.manylinux2014_x86_64.whl (1.3 MB)
2025-10-29T03:16:36.2718888Z    ━━━━━━━━━━━━━━━━━━━━━━━━━━━━━━━━━━━━━━━━ 1.3/1.3 MB 33.7 MB/s  0:00:00
2025-10-29T03:16:36.2783597Z Downloading pycryptodomex-3.23.0-cp37-abi3-manylinux_2_17_x86_64.manylinux2014_x86_64.whl (2.3 MB)
2025-10-29T03:16:36.2993486Z    ━━━━━━━━━━━━━━━━━━━━━━━━━━━━━━━━━━━━━━━━ 2.3/2.3 MB 107.2 MB/s  0:00:00
2025-10-29T03:16:36.3028557Z Downloading requests-2.32.5-py3-none-any.whl (64 kB)
2025-10-29T03:16:36.3085119Z Downloading charset_normalizer-3.4.4-cp313-cp313-manylinux2014_x86_64.manylinux_2_17_x86_64.manylinux_2_28_x86_64.whl (153 kB)
2025-10-29T03:16:36.3142414Z Downloading idna-3.11-py3-none-any.whl (71 kB)
2025-10-29T03:16:36.3222311Z Downloading urllib3-2.5.0-py3-none-any.whl (129 kB)
2025-10-29T03:16:36.3283607Z Downloading certifi-2025.10.5-py3-none-any.whl (163 kB)
2025-10-29T03:16:36.3346865Z Downloading websocket_client-1.9.0-py3-none-any.whl (82 kB)
2025-10-29T03:16:36.3556112Z Building wheels for collected packages: SimpleWebSocketServer
2025-10-29T03:16:36.3564539Z   Building wheel for SimpleWebSocketServer (pyproject.toml): started
2025-10-29T03:16:36.5774264Z   Building wheel for SimpleWebSocketServer (pyproject.toml): finished with status 'done'
2025-10-29T03:16:36.5780099Z   Created wheel for SimpleWebSocketServer: filename=simplewebsocketserver-0.1.2-py3-none-any.whl size=9715 sha256=2f82832675a0903a7085bbcef9018f5ac9f69af65a404e6c95449e2c83131f3c
2025-10-29T03:16:36.5781791Z   Stored in directory: /home/runner/.cache/pip/wheels/c4/5b/e8/4f2c15a82edc4923058056f6681373168be02a0c00389a6dcf
2025-10-29T03:16:36.5800406Z Successfully built SimpleWebSocketServer
2025-10-29T03:16:36.6044599Z Installing collected packages: SimpleWebSocketServer, websocket-client, urllib3, typing-extensions, soupsieve, pycryptodomex, lz4, jeepney, idna, charset_normalizer, certifi, requests, browser_cookie3, beautifulsoup4, bs4, scratchattach
2025-10-29T03:16:37.6959245Z 
2025-10-29T03:16:37.6985736Z Successfully installed SimpleWebSocketServer-0.1.2 beautifulsoup4-4.14.2 browser_cookie3-0.20.1 bs4-0.0.2 certifi-2025.10.5 charset_normalizer-3.4.4 idna-3.11 jeepney-0.9.0 lz4-4.4.4 pycryptodomex-3.23.0 requests-2.32.5 scratchattach-2.1.14 soupsieve-2.8 typing-extensions-4.15.0 urllib3-2.5.0 websocket-client-1.9.0
2025-10-29T03:16:37.7945234Z ##[group]Run actions/checkout@v5.0.0
2025-10-29T03:16:37.7945498Z with:
2025-10-29T03:16:37.7945669Z   ref: main
2025-10-29T03:16:37.7945852Z   repository: Boss-1s/scratchattach
2025-10-29T03:16:37.7946198Z   token: ***
2025-10-29T03:16:37.7946372Z   ssh-strict: true
2025-10-29T03:16:37.7946569Z   ssh-user: git
2025-10-29T03:16:37.7946749Z   persist-credentials: true
2025-10-29T03:16:37.7946956Z   clean: true
2025-10-29T03:16:37.7947144Z   sparse-checkout-cone-mode: true
2025-10-29T03:16:37.7947363Z   fetch-depth: 1
2025-10-29T03:16:37.7947534Z   fetch-tags: false
2025-10-29T03:16:37.7947708Z   show-progress: true
2025-10-29T03:16:37.7947889Z   lfs: false
2025-10-29T03:16:37.7948051Z   submodules: false
2025-10-29T03:16:37.7948438Z   set-safe-directory: true
2025-10-29T03:16:37.7948637Z env:
2025-10-29T03:16:37.7948860Z   pythonLocation: /opt/hostedtoolcache/Python/3.13.7/x64
2025-10-29T03:16:37.7949239Z   PKG_CONFIG_PATH: /opt/hostedtoolcache/Python/3.13.7/x64/lib/pkgconfig
2025-10-29T03:16:37.7949654Z   Python_ROOT_DIR: /opt/hostedtoolcache/Python/3.13.7/x64
2025-10-29T03:16:37.7949987Z   Python2_ROOT_DIR: /opt/hostedtoolcache/Python/3.13.7/x64
2025-10-29T03:16:37.7950311Z   Python3_ROOT_DIR: /opt/hostedtoolcache/Python/3.13.7/x64
2025-10-29T03:16:37.7950638Z   LD_LIBRARY_PATH: /opt/hostedtoolcache/Python/3.13.7/x64/lib
2025-10-29T03:16:37.7950917Z ##[endgroup]
2025-10-29T03:16:37.8734618Z Syncing repository: Boss-1s/scratchattach
2025-10-29T03:16:37.8735380Z ##[group]Getting Git version info
2025-10-29T03:16:37.8735990Z Working directory is '/home/runner/work/scratchattach/scratchattach'
2025-10-29T03:16:37.8770271Z [command]/usr/bin/git version
2025-10-29T03:16:37.8805802Z git version 2.51.0
2025-10-29T03:16:37.8825389Z ##[endgroup]
2025-10-29T03:16:37.8838512Z Temporarily overriding HOME='/home/runner/work/_temp/0093dfae-2b4b-4620-bb59-01b085606902' before making global git config changes
2025-10-29T03:16:37.8839412Z Adding repository directory to the temporary git global config as a safe directory
2025-10-29T03:16:37.8843765Z [command]/usr/bin/git config --global --add safe.directory /home/runner/work/scratchattach/scratchattach
2025-10-29T03:16:37.8881822Z [command]/usr/bin/git config --local --get remote.origin.url
2025-10-29T03:16:37.8902860Z https://github.com/Boss-1s/scratchattach
2025-10-29T03:16:37.8915366Z ##[group]Removing previously created refs, to avoid conflicts
2025-10-29T03:16:37.8919496Z [command]/usr/bin/git rev-parse --symbolic-full-name --verify --quiet HEAD
2025-10-29T03:16:37.8939747Z refs/heads/main
2025-10-29T03:16:37.8949518Z [command]/usr/bin/git checkout --detach
2025-10-29T03:16:38.0085068Z HEAD is now at dccbff4 [BOT] Download Logs
2025-10-29T03:16:38.0143587Z [command]/usr/bin/git branch --delete --force main
2025-10-29T03:16:38.0176297Z Deleted branch main (was dccbff4).
2025-10-29T03:16:38.0211365Z ##[endgroup]
2025-10-29T03:16:38.0215300Z [command]/usr/bin/git submodule status
2025-10-29T03:16:38.0440477Z ##[group]Cleaning the repository
2025-10-29T03:16:38.0443847Z [command]/usr/bin/git clean -ffdx
2025-10-29T03:16:38.0485356Z [command]/usr/bin/git reset --hard HEAD
2025-10-29T03:16:38.0552206Z HEAD is now at dccbff4 [BOT] Download Logs
2025-10-29T03:16:38.0557397Z ##[endgroup]
2025-10-29T03:16:38.0559355Z ##[group]Disabling automatic garbage collection
2025-10-29T03:16:38.0563705Z [command]/usr/bin/git config --local gc.auto 0
2025-10-29T03:16:38.0589273Z ##[endgroup]
2025-10-29T03:16:38.0589819Z ##[group]Setting up auth
2025-10-29T03:16:38.0596558Z [command]/usr/bin/git config --local --name-only --get-regexp core\.sshCommand
2025-10-29T03:16:38.0626001Z [command]/usr/bin/git submodule foreach --recursive sh -c "git config --local --name-only --get-regexp 'core\.sshCommand' && git config --local --unset-all 'core.sshCommand' || :"
2025-10-29T03:16:38.0847536Z [command]/usr/bin/git config --local --name-only --get-regexp http\.https\:\/\/github\.com\/\.extraheader
2025-10-29T03:16:38.0867946Z http.https://github.com/.extraheader
2025-10-29T03:16:38.0876884Z [command]/usr/bin/git config --local --unset-all http.https://github.com/.extraheader
2025-10-29T03:16:38.0905547Z [command]/usr/bin/git submodule foreach --recursive sh -c "git config --local --name-only --get-regexp 'http\.https\:\/\/github\.com\/\.extraheader' && git config --local --unset-all 'http.https://github.com/.extraheader' || :"
2025-10-29T03:16:38.1130908Z [command]/usr/bin/git config --local http.https://github.com/.extraheader AUTHORIZATION: basic ***
2025-10-29T03:16:38.1168734Z ##[endgroup]
2025-10-29T03:16:38.1169362Z ##[group]Fetching the repository
2025-10-29T03:16:38.1177595Z [command]/usr/bin/git -c protocol.version=2 fetch --no-tags --prune --no-recurse-submodules --depth=1 origin +refs/heads/main*:refs/remotes/origin/main* +refs/tags/main*:refs/tags/main*
2025-10-29T03:16:38.6294583Z ##[endgroup]
2025-10-29T03:16:38.6294987Z ##[group]Determining the checkout info
2025-10-29T03:16:38.6301925Z [command]/usr/bin/git branch --list --remote origin/main
2025-10-29T03:16:38.6326373Z   origin/main
2025-10-29T03:16:38.6330931Z ##[endgroup]
2025-10-29T03:16:38.6335216Z [command]/usr/bin/git sparse-checkout disable
2025-10-29T03:16:38.6380447Z [command]/usr/bin/git config --local --unset-all extensions.worktreeConfig
2025-10-29T03:16:38.6404762Z ##[group]Checking out the ref
2025-10-29T03:16:38.6409248Z [command]/usr/bin/git checkout --progress --force -B main refs/remotes/origin/main
2025-10-29T03:16:38.6464805Z Switched to a new branch 'main'
2025-10-29T03:16:38.6467481Z branch 'main' set up to track 'origin/main'.
2025-10-29T03:16:38.6474262Z ##[endgroup]
2025-10-29T03:16:38.6508749Z [command]/usr/bin/git log -1 --format=%H
2025-10-29T03:16:38.6531685Z dccbff44426c1c785b12b6103aa80e9553bca86d
2025-10-29T03:16:38.6641157Z ##[group]Run python3 aesthetic_prioritizing.py
2025-10-29T03:16:38.6641493Z [36;1mpython3 aesthetic_prioritizing.py[0m
2025-10-29T03:16:38.6674859Z shell: /usr/bin/bash -e {0}
2025-10-29T03:16:38.6675082Z env:
2025-10-29T03:16:38.6675323Z   pythonLocation: /opt/hostedtoolcache/Python/3.13.7/x64
2025-10-29T03:16:38.6675719Z   PKG_CONFIG_PATH: /opt/hostedtoolcache/Python/3.13.7/x64/lib/pkgconfig
2025-10-29T03:16:38.6676106Z   Python_ROOT_DIR: /opt/hostedtoolcache/Python/3.13.7/x64
2025-10-29T03:16:38.6676450Z   Python2_ROOT_DIR: /opt/hostedtoolcache/Python/3.13.7/x64
2025-10-29T03:16:38.6676949Z   Python3_ROOT_DIR: /opt/hostedtoolcache/Python/3.13.7/x64
2025-10-29T03:16:38.6677284Z   LD_LIBRARY_PATH: /opt/hostedtoolcache/Python/3.13.7/x64/lib
2025-10-29T03:16:38.6677664Z   PASS: ***
2025-10-29T03:16:38.6677826Z ##[endgroup]
2025-10-29T03:16:39.8216528Z Prioritizing: Attempt 1
2025-10-29T03:16:39.8222945Z Projects already on top. No prioritizing needed.
2025-10-29T03:16:39.8229494Z Prioritized projects in your favorite list.
2025-10-29T03:16:39.8235577Z Prioritizing: Attempt 1
2025-10-29T03:16:40.1020207Z Unfollowed stuido 50609120
2025-10-29T03:17:15.1031626Z Followed studio 50609120 to move it to the top
2025-10-29T03:18:00.5569858Z Unfollowed stuido 50609126
2025-10-29T03:18:35.5583473Z Followed studio 50609126 to move it to the top
2025-10-29T03:19:20.9491629Z Unfollowed stuido 50609128
2025-10-29T03:19:55.9503428Z Followed studio 50609128 to move it to the top
2025-10-29T03:20:41.3569796Z Unfollowed stuido 50609129
2025-10-29T03:21:16.3581826Z Followed studio 50609129 to move it to the top
2025-10-29T03:22:01.5030954Z Prioritized studios in your favorite list.
2025-10-29T03:22:01.5369787Z Post job cleanup.
2025-10-29T03:22:01.6131340Z [command]/usr/bin/git version
2025-10-29T03:22:01.6165951Z git version 2.51.0
2025-10-29T03:22:01.6203353Z Temporarily overriding HOME='/home/runner/work/_temp/90d40a58-b3c7-4406-bc8d-0e61200fe647' before making global git config changes
2025-10-29T03:22:01.6204617Z Adding repository directory to the temporary git global config as a safe directory
2025-10-29T03:22:01.6209217Z [command]/usr/bin/git config --global --add safe.directory /home/runner/work/scratchattach/scratchattach
2025-10-29T03:22:01.6244013Z [command]/usr/bin/git config --local --name-only --get-regexp core\.sshCommand
2025-10-29T03:22:01.6276123Z [command]/usr/bin/git submodule foreach --recursive sh -c "git config --local --name-only --get-regexp 'core\.sshCommand' && git config --local --unset-all 'core.sshCommand' || :"
2025-10-29T03:22:01.6502042Z [command]/usr/bin/git config --local --name-only --get-regexp http\.https\:\/\/github\.com\/\.extraheader
2025-10-29T03:22:01.6524174Z http.https://github.com/.extraheader
2025-10-29T03:22:01.6534657Z [command]/usr/bin/git config --local --unset-all http.https://github.com/.extraheader
2025-10-29T03:22:01.6564891Z [command]/usr/bin/git submodule foreach --recursive sh -c "git config --local --name-only --get-regexp 'http\.https\:\/\/github\.com\/\.extraheader' && git config --local --unset-all 'http.https://github.com/.extraheader' || :"
2025-10-29T03:22:01.6912421Z Post job cleanup.
2025-10-29T03:22:01.8035301Z (node:2446) [DEP0040] DeprecationWarning: The `punycode` module is deprecated. Please use a userland alternative instead.
2025-10-29T03:22:01.8036440Z (Use `node --trace-deprecation ...` to show where the warning was created)
2025-10-29T03:22:01.8165649Z Post job cleanup.
2025-10-29T03:22:01.8949274Z [command]/usr/bin/git version
2025-10-29T03:22:01.8990494Z git version 2.51.0
2025-10-29T03:22:01.9031640Z Temporarily overriding HOME='/home/runner/work/_temp/96f82180-9b50-4c2b-8b75-0220829c4cd0' before making global git config changes
2025-10-29T03:22:01.9033045Z Adding repository directory to the temporary git global config as a safe directory
2025-10-29T03:22:01.9036971Z [command]/usr/bin/git config --global --add safe.directory /home/runner/work/scratchattach/scratchattach
2025-10-29T03:22:01.9075441Z [command]/usr/bin/git config --local --name-only --get-regexp core\.sshCommand
2025-10-29T03:22:01.9112425Z [command]/usr/bin/git submodule foreach --recursive sh -c "git config --local --name-only --get-regexp 'core\.sshCommand' && git config --local --unset-all 'core.sshCommand' || :"
2025-10-29T03:22:01.9352764Z [command]/usr/bin/git config --local --name-only --get-regexp http\.https\:\/\/github\.com\/\.extraheader
2025-10-29T03:22:01.9386602Z [command]/usr/bin/git submodule foreach --recursive sh -c "git config --local --name-only --get-regexp 'http\.https\:\/\/github\.com\/\.extraheader' && git config --local --unset-all 'http.https://github.com/.extraheader' || :"
2025-10-29T03:22:01.9726378Z Cleaning up orphan processes
