2025-10-04T02:51:32.5816157Z Current runner version: '2.328.0'
2025-10-04T02:51:32.5839403Z ##[group]Runner Image Provisioner
2025-10-04T02:51:32.5840225Z Hosted Compute Agent
2025-10-04T02:51:32.5840842Z Version: 20250912.392
2025-10-04T02:51:32.5841435Z Commit: d921fda672a98b64f4f82364647e2f10b2267d0b
2025-10-04T02:51:32.5842127Z Build Date: 2025-09-12T15:23:14Z
2025-10-04T02:51:32.5842877Z ##[endgroup]
2025-10-04T02:51:32.5843552Z ##[group]Operating System
2025-10-04T02:51:32.5844116Z Ubuntu
2025-10-04T02:51:32.5844531Z 24.04.3
2025-10-04T02:51:32.5845056Z LTS
2025-10-04T02:51:32.5845479Z ##[endgroup]
2025-10-04T02:51:32.5845956Z ##[group]Runner Image
2025-10-04T02:51:32.5846596Z Image: ubuntu-24.04
2025-10-04T02:51:32.5847078Z Version: 20250929.60.1
2025-10-04T02:51:32.5848059Z Included Software: https://github.com/actions/runner-images/blob/ubuntu24/20250929.60/images/ubuntu/Ubuntu2404-Readme.md
2025-10-04T02:51:32.5849648Z Image Release: https://github.com/actions/runner-images/releases/tag/ubuntu24%2F20250929.60
2025-10-04T02:51:32.5850659Z ##[endgroup]
2025-10-04T02:51:32.5851644Z ##[group]GITHUB_TOKEN Permissions
2025-10-04T02:51:32.5853658Z Contents: write
2025-10-04T02:51:32.5854387Z Metadata: read
2025-10-04T02:51:32.5854911Z ##[endgroup]
2025-10-04T02:51:32.5857394Z Secret source: Actions
2025-10-04T02:51:32.5858395Z Prepare workflow directory
2025-10-04T02:51:32.6207018Z Prepare all required actions
2025-10-04T02:51:32.6265771Z Getting action download info
2025-10-04T02:51:33.0826544Z Download action repository 'actions/checkout@v5.0.0' (SHA:08c6903cd8c0fde910a37f88322edcfb5dd907a8)
2025-10-04T02:51:33.5283670Z Download action repository 'actions/setup-python@v6.0.0' (SHA:e797f83bcb11b83ae66e0230d6156d7c80228e7c)
2025-10-04T02:51:33.7449922Z Download action repository 'bossOfCode/install-scratchattach@v1.0.3' (SHA:be17a7cf1ecb5a7040eb42ef26c2e1fbe72bb25a)
2025-10-04T02:51:34.3795184Z Complete job name: Run Prioritzing Handler
2025-10-04T02:51:34.4490384Z ##[group]Run actions/checkout@v5.0.0
2025-10-04T02:51:34.4491256Z with:
2025-10-04T02:51:34.4491665Z   ref: main
2025-10-04T02:51:34.4492070Z   repository: Boss-1s/scratchattach
2025-10-04T02:51:34.4492955Z   token: ***
2025-10-04T02:51:34.4493349Z   ssh-strict: true
2025-10-04T02:51:34.4493742Z   ssh-user: git
2025-10-04T02:51:34.4494151Z   persist-credentials: true
2025-10-04T02:51:34.4494604Z   clean: true
2025-10-04T02:51:34.4495006Z   sparse-checkout-cone-mode: true
2025-10-04T02:51:34.4495506Z   fetch-depth: 1
2025-10-04T02:51:34.4495903Z   fetch-tags: false
2025-10-04T02:51:34.4496318Z   show-progress: true
2025-10-04T02:51:34.4496727Z   lfs: false
2025-10-04T02:51:34.4497098Z   submodules: false
2025-10-04T02:51:34.4497506Z   set-safe-directory: true
2025-10-04T02:51:34.4498213Z ##[endgroup]
2025-10-04T02:51:34.5407889Z Syncing repository: Boss-1s/scratchattach
2025-10-04T02:51:34.5409602Z ##[group]Getting Git version info
2025-10-04T02:51:34.5410444Z Working directory is '/home/runner/work/scratchattach/scratchattach'
2025-10-04T02:51:34.5411528Z [command]/usr/bin/git version
2025-10-04T02:51:34.6243310Z git version 2.51.0
2025-10-04T02:51:34.6267284Z ##[endgroup]
2025-10-04T02:51:34.6286163Z Temporarily overriding HOME='/home/runner/work/_temp/95c9361d-997d-4eb7-8c8d-3308e3ac8f2f' before making global git config changes
2025-10-04T02:51:34.6288067Z Adding repository directory to the temporary git global config as a safe directory
2025-10-04T02:51:34.6293279Z [command]/usr/bin/git config --global --add safe.directory /home/runner/work/scratchattach/scratchattach
2025-10-04T02:51:34.6389943Z Deleting the contents of '/home/runner/work/scratchattach/scratchattach'
2025-10-04T02:51:34.6394854Z ##[group]Initializing the repository
2025-10-04T02:51:34.6400398Z [command]/usr/bin/git init /home/runner/work/scratchattach/scratchattach
2025-10-04T02:51:34.7350835Z hint: Using 'master' as the name for the initial branch. This default branch name
2025-10-04T02:51:34.7352688Z hint: is subject to change. To configure the initial branch name to use in all
2025-10-04T02:51:34.7353778Z hint: of your new repositories, which will suppress this warning, call:
2025-10-04T02:51:34.7354772Z hint:
2025-10-04T02:51:34.7355286Z hint: 	git config --global init.defaultBranch <name>
2025-10-04T02:51:34.7355861Z hint:
2025-10-04T02:51:34.7356418Z hint: Names commonly chosen instead of 'master' are 'main', 'trunk' and
2025-10-04T02:51:34.7357287Z hint: 'development'. The just-created branch can be renamed via this command:
2025-10-04T02:51:34.7357987Z hint:
2025-10-04T02:51:34.7358374Z hint: 	git branch -m <name>
2025-10-04T02:51:34.7358823Z hint:
2025-10-04T02:51:34.7359407Z hint: Disable this message with "git config set advice.defaultBranchName false"
2025-10-04T02:51:34.7389584Z Initialized empty Git repository in /home/runner/work/scratchattach/scratchattach/.git/
2025-10-04T02:51:34.7402982Z [command]/usr/bin/git remote add origin https://github.com/Boss-1s/scratchattach
2025-10-04T02:51:34.7522823Z ##[endgroup]
2025-10-04T02:51:34.7524057Z ##[group]Disabling automatic garbage collection
2025-10-04T02:51:34.7527303Z [command]/usr/bin/git config --local gc.auto 0
2025-10-04T02:51:34.7556562Z ##[endgroup]
2025-10-04T02:51:34.7557833Z ##[group]Setting up auth
2025-10-04T02:51:34.7563844Z [command]/usr/bin/git config --local --name-only --get-regexp core\.sshCommand
2025-10-04T02:51:34.7594023Z [command]/usr/bin/git submodule foreach --recursive sh -c "git config --local --name-only --get-regexp 'core\.sshCommand' && git config --local --unset-all 'core.sshCommand' || :"
2025-10-04T02:51:34.9260686Z [command]/usr/bin/git config --local --name-only --get-regexp http\.https\:\/\/github\.com\/\.extraheader
2025-10-04T02:51:34.9291227Z [command]/usr/bin/git submodule foreach --recursive sh -c "git config --local --name-only --get-regexp 'http\.https\:\/\/github\.com\/\.extraheader' && git config --local --unset-all 'http.https://github.com/.extraheader' || :"
2025-10-04T02:51:34.9513373Z [command]/usr/bin/git config --local http.https://github.com/.extraheader AUTHORIZATION: basic ***
2025-10-04T02:51:34.9548142Z ##[endgroup]
2025-10-04T02:51:34.9556635Z ##[group]Fetching the repository
2025-10-04T02:51:34.9558076Z [command]/usr/bin/git -c protocol.version=2 fetch --no-tags --prune --no-recurse-submodules --depth=1 origin +refs/heads/main*:refs/remotes/origin/main* +refs/tags/main*:refs/tags/main*
2025-10-04T02:51:36.3573840Z From https://github.com/Boss-1s/scratchattach
2025-10-04T02:51:36.3577948Z  * [new branch]      main       -> origin/main
2025-10-04T02:51:36.3646502Z ##[endgroup]
2025-10-04T02:51:36.3648283Z ##[group]Determining the checkout info
2025-10-04T02:51:36.3654247Z [command]/usr/bin/git branch --list --remote origin/main
2025-10-04T02:51:36.3677768Z   origin/main
2025-10-04T02:51:36.3683816Z ##[endgroup]
2025-10-04T02:51:36.3687950Z [command]/usr/bin/git sparse-checkout disable
2025-10-04T02:51:36.3770362Z [command]/usr/bin/git config --local --unset-all extensions.worktreeConfig
2025-10-04T02:51:36.3798457Z ##[group]Checking out the ref
2025-10-04T02:51:36.3802421Z [command]/usr/bin/git checkout --progress --force -B main refs/remotes/origin/main
2025-10-04T02:51:36.5438825Z Switched to a new branch 'main'
2025-10-04T02:51:36.5440874Z branch 'main' set up to track 'origin/main'.
2025-10-04T02:51:36.5462494Z ##[endgroup]
2025-10-04T02:51:36.5501971Z [command]/usr/bin/git log -1 --format=%H
2025-10-04T02:51:36.5525693Z bafc4900ab766801297c0cf24767382c3cbd361f
2025-10-04T02:51:36.5836381Z ##[group]Run actions/setup-python@v6.0.0
2025-10-04T02:51:36.5837604Z with:
2025-10-04T02:51:36.5838441Z   python-version: 3.13
2025-10-04T02:51:36.5839421Z   check-latest: false
2025-10-04T02:51:36.5840640Z   token: ***
2025-10-04T02:51:36.5841524Z   update-environment: true
2025-10-04T02:51:36.5842733Z   allow-prereleases: false
2025-10-04T02:51:36.5843780Z   freethreaded: false
2025-10-04T02:51:36.5844709Z ##[endgroup]
2025-10-04T02:51:36.7179770Z ##[group]Installed versions
2025-10-04T02:51:36.7813970Z (node:2063) [DEP0040] DeprecationWarning: The `punycode` module is deprecated. Please use a userland alternative instead.
2025-10-04T02:51:36.7815891Z (Use `node --trace-deprecation ...` to show where the warning was created)
2025-10-04T02:51:36.7817083Z Successfully set up CPython (3.13.7)
2025-10-04T02:51:36.7818044Z ##[endgroup]
2025-10-04T02:51:36.7959089Z ##[group]Run bossOfCode/install-scratchattach@v1.0.3
2025-10-04T02:51:36.7959495Z env:
2025-10-04T02:51:36.7959804Z   pythonLocation: /opt/hostedtoolcache/Python/3.13.7/x64
2025-10-04T02:51:36.7960302Z   PKG_CONFIG_PATH: /opt/hostedtoolcache/Python/3.13.7/x64/lib/pkgconfig
2025-10-04T02:51:36.7960776Z   Python_ROOT_DIR: /opt/hostedtoolcache/Python/3.13.7/x64
2025-10-04T02:51:36.7961221Z   Python2_ROOT_DIR: /opt/hostedtoolcache/Python/3.13.7/x64
2025-10-04T02:51:36.7961660Z   Python3_ROOT_DIR: /opt/hostedtoolcache/Python/3.13.7/x64
2025-10-04T02:51:36.7962089Z   LD_LIBRARY_PATH: /opt/hostedtoolcache/Python/3.13.7/x64/lib
2025-10-04T02:51:36.7962947Z ##[endgroup]
2025-10-04T02:51:36.8042992Z ##[group]Run python3 -m pip install --upgrade pip
2025-10-04T02:51:36.8043469Z [36;1mpython3 -m pip install --upgrade pip[0m
2025-10-04T02:51:36.8419412Z shell: /usr/bin/bash --noprofile --norc -e -o pipefail {0}
2025-10-04T02:51:36.8419828Z env:
2025-10-04T02:51:36.8420201Z   pythonLocation: /opt/hostedtoolcache/Python/3.13.7/x64
2025-10-04T02:51:36.8420698Z   PKG_CONFIG_PATH: /opt/hostedtoolcache/Python/3.13.7/x64/lib/pkgconfig
2025-10-04T02:51:36.8421190Z   Python_ROOT_DIR: /opt/hostedtoolcache/Python/3.13.7/x64
2025-10-04T02:51:36.8421620Z   Python2_ROOT_DIR: /opt/hostedtoolcache/Python/3.13.7/x64
2025-10-04T02:51:36.8422057Z   Python3_ROOT_DIR: /opt/hostedtoolcache/Python/3.13.7/x64
2025-10-04T02:51:36.8422678Z   LD_LIBRARY_PATH: /opt/hostedtoolcache/Python/3.13.7/x64/lib
2025-10-04T02:51:36.8423050Z ##[endgroup]
2025-10-04T02:51:49.5746986Z Requirement already satisfied: pip in /opt/hostedtoolcache/Python/3.13.7/x64/lib/python3.13/site-packages (25.2)
2025-10-04T02:51:49.9051743Z ##[group]Run pip install -U scratchattach
2025-10-04T02:51:49.9052086Z [36;1mpip install -U scratchattach[0m
2025-10-04T02:51:49.9084942Z shell: /usr/bin/bash --noprofile --norc -e -o pipefail {0}
2025-10-04T02:51:49.9085251Z env:
2025-10-04T02:51:49.9085493Z   pythonLocation: /opt/hostedtoolcache/Python/3.13.7/x64
2025-10-04T02:51:49.9085882Z   PKG_CONFIG_PATH: /opt/hostedtoolcache/Python/3.13.7/x64/lib/pkgconfig
2025-10-04T02:51:49.9086278Z   Python_ROOT_DIR: /opt/hostedtoolcache/Python/3.13.7/x64
2025-10-04T02:51:49.9086619Z   Python2_ROOT_DIR: /opt/hostedtoolcache/Python/3.13.7/x64
2025-10-04T02:51:49.9086948Z   Python3_ROOT_DIR: /opt/hostedtoolcache/Python/3.13.7/x64
2025-10-04T02:51:49.9087274Z   LD_LIBRARY_PATH: /opt/hostedtoolcache/Python/3.13.7/x64/lib
2025-10-04T02:51:49.9087550Z ##[endgroup]
2025-10-04T02:51:50.9280449Z Collecting scratchattach
2025-10-04T02:51:50.9859024Z   Downloading scratchattach-2.1.13-py3-none-any.whl.metadata (5.5 kB)
2025-10-04T02:51:51.0251745Z Collecting websocket-client (from scratchattach)
2025-10-04T02:51:51.0359053Z   Downloading websocket_client-1.8.0-py3-none-any.whl.metadata (8.0 kB)
2025-10-04T02:51:51.0725012Z Collecting requests (from scratchattach)
2025-10-04T02:51:51.0861835Z   Downloading requests-2.32.5-py3-none-any.whl.metadata (4.9 kB)
2025-10-04T02:51:51.1038389Z Collecting bs4 (from scratchattach)
2025-10-04T02:51:51.1143701Z   Downloading bs4-0.0.2-py2.py3-none-any.whl.metadata (411 bytes)
2025-10-04T02:51:51.1890984Z Collecting SimpleWebSocketServer (from scratchattach)
2025-10-04T02:51:51.2003807Z   Downloading SimpleWebSocketServer-0.1.2.tar.gz (10 kB)
2025-10-04T02:51:51.2084395Z   Installing build dependencies: started
2025-10-04T02:51:52.5971821Z   Installing build dependencies: finished with status 'done'
2025-10-04T02:51:52.5978731Z   Getting requirements to build wheel: started
2025-10-04T02:51:53.0993321Z   Getting requirements to build wheel: finished with status 'done'
2025-10-04T02:51:53.1002464Z   Preparing metadata (pyproject.toml): started
2025-10-04T02:51:53.3308275Z   Preparing metadata (pyproject.toml): finished with status 'done'
2025-10-04T02:51:53.3556729Z Collecting typing-extensions (from scratchattach)
2025-10-04T02:51:53.3658715Z   Downloading typing_extensions-4.15.0-py3-none-any.whl.metadata (3.3 kB)
2025-10-04T02:51:53.3912975Z Collecting beautifulsoup4 (from bs4->scratchattach)
2025-10-04T02:51:53.4013996Z   Downloading beautifulsoup4-4.14.2-py3-none-any.whl.metadata (3.8 kB)
2025-10-04T02:51:53.4289560Z Collecting soupsieve>1.2 (from beautifulsoup4->bs4->scratchattach)
2025-10-04T02:51:53.4398064Z   Downloading soupsieve-2.8-py3-none-any.whl.metadata (4.6 kB)
2025-10-04T02:51:53.5404881Z Collecting charset_normalizer<4,>=2 (from requests->scratchattach)
2025-10-04T02:51:53.5509119Z   Downloading charset_normalizer-3.4.3-cp313-cp313-manylinux2014_x86_64.manylinux_2_17_x86_64.manylinux_2_28_x86_64.whl.metadata (36 kB)
2025-10-04T02:51:53.5798324Z Collecting idna<4,>=2.5 (from requests->scratchattach)
2025-10-04T02:51:53.5907631Z   Downloading idna-3.10-py3-none-any.whl.metadata (10 kB)
2025-10-04T02:51:53.6271044Z Collecting urllib3<3,>=1.21.1 (from requests->scratchattach)
2025-10-04T02:51:53.6373948Z   Downloading urllib3-2.5.0-py3-none-any.whl.metadata (6.5 kB)
2025-10-04T02:51:53.6659713Z Collecting certifi>=2017.4.17 (from requests->scratchattach)
2025-10-04T02:51:53.6761290Z   Downloading certifi-2025.8.3-py3-none-any.whl.metadata (2.4 kB)
2025-10-04T02:51:53.6936631Z Downloading scratchattach-2.1.13-py3-none-any.whl (141 kB)
2025-10-04T02:51:53.7166565Z Downloading bs4-0.0.2-py2.py3-none-any.whl (1.2 kB)
2025-10-04T02:51:53.7286207Z Downloading beautifulsoup4-4.14.2-py3-none-any.whl (106 kB)
2025-10-04T02:51:53.7589966Z Downloading soupsieve-2.8-py3-none-any.whl (36 kB)
2025-10-04T02:51:53.7726004Z Downloading typing_extensions-4.15.0-py3-none-any.whl (44 kB)
2025-10-04T02:51:53.7847604Z Downloading requests-2.32.5-py3-none-any.whl (64 kB)
2025-10-04T02:51:53.7975352Z Downloading charset_normalizer-3.4.3-cp313-cp313-manylinux2014_x86_64.manylinux_2_17_x86_64.manylinux_2_28_x86_64.whl (151 kB)
2025-10-04T02:51:53.8114680Z Downloading idna-3.10-py3-none-any.whl (70 kB)
2025-10-04T02:51:53.8234026Z Downloading urllib3-2.5.0-py3-none-any.whl (129 kB)
2025-10-04T02:51:53.8369020Z Downloading certifi-2025.8.3-py3-none-any.whl (161 kB)
2025-10-04T02:51:53.8503147Z Downloading websocket_client-1.8.0-py3-none-any.whl (58 kB)
2025-10-04T02:51:53.8635506Z Building wheels for collected packages: SimpleWebSocketServer
2025-10-04T02:51:53.8643830Z   Building wheel for SimpleWebSocketServer (pyproject.toml): started
2025-10-04T02:51:54.0881481Z   Building wheel for SimpleWebSocketServer (pyproject.toml): finished with status 'done'
2025-10-04T02:51:54.0886995Z   Created wheel for SimpleWebSocketServer: filename=simplewebsocketserver-0.1.2-py3-none-any.whl size=9715 sha256=d802801d742a0ae5bb9d4a7ad8c2d2a80188bc1b349b17c878062f22b3208d1b
2025-10-04T02:51:54.0888862Z   Stored in directory: /home/runner/.cache/pip/wheels/c4/5b/e8/4f2c15a82edc4923058056f6681373168be02a0c00389a6dcf
2025-10-04T02:51:54.0907203Z Successfully built SimpleWebSocketServer
2025-10-04T02:51:54.1090866Z Installing collected packages: SimpleWebSocketServer, websocket-client, urllib3, typing-extensions, soupsieve, idna, charset_normalizer, certifi, requests, beautifulsoup4, bs4, scratchattach
2025-10-04T02:51:54.7651557Z 
2025-10-04T02:51:54.7673055Z Successfully installed SimpleWebSocketServer-0.1.2 beautifulsoup4-4.14.2 bs4-0.0.2 certifi-2025.8.3 charset_normalizer-3.4.3 idna-3.10 requests-2.32.5 scratchattach-2.1.13 soupsieve-2.8 typing-extensions-4.15.0 urllib3-2.5.0 websocket-client-1.8.0
2025-10-04T02:51:54.8540594Z ##[group]Run actions/checkout@v5.0.0
2025-10-04T02:51:54.8540854Z with:
2025-10-04T02:51:54.8541011Z   ref: main
2025-10-04T02:51:54.8541193Z   repository: Boss-1s/scratchattach
2025-10-04T02:51:54.8541537Z   token: ***
2025-10-04T02:51:54.8541701Z   ssh-strict: true
2025-10-04T02:51:54.8541879Z   ssh-user: git
2025-10-04T02:51:54.8542062Z   persist-credentials: true
2025-10-04T02:51:54.8542529Z   clean: true
2025-10-04T02:51:54.8542742Z   sparse-checkout-cone-mode: true
2025-10-04T02:51:54.8543155Z   fetch-depth: 1
2025-10-04T02:51:54.8543330Z   fetch-tags: false
2025-10-04T02:51:54.8543519Z   show-progress: true
2025-10-04T02:51:54.8543699Z   lfs: false
2025-10-04T02:51:54.8543866Z   submodules: false
2025-10-04T02:51:54.8544050Z   set-safe-directory: true
2025-10-04T02:51:54.8544248Z env:
2025-10-04T02:51:54.8544473Z   pythonLocation: /opt/hostedtoolcache/Python/3.13.7/x64
2025-10-04T02:51:54.8544865Z   PKG_CONFIG_PATH: /opt/hostedtoolcache/Python/3.13.7/x64/lib/pkgconfig
2025-10-04T02:51:54.8545273Z   Python_ROOT_DIR: /opt/hostedtoolcache/Python/3.13.7/x64
2025-10-04T02:51:54.8545601Z   Python2_ROOT_DIR: /opt/hostedtoolcache/Python/3.13.7/x64
2025-10-04T02:51:54.8545931Z   Python3_ROOT_DIR: /opt/hostedtoolcache/Python/3.13.7/x64
2025-10-04T02:51:54.8546264Z   LD_LIBRARY_PATH: /opt/hostedtoolcache/Python/3.13.7/x64/lib
2025-10-04T02:51:54.8546542Z ##[endgroup]
2025-10-04T02:51:54.9303797Z Syncing repository: Boss-1s/scratchattach
2025-10-04T02:51:54.9305791Z ##[group]Getting Git version info
2025-10-04T02:51:54.9306558Z Working directory is '/home/runner/work/scratchattach/scratchattach'
2025-10-04T02:51:54.9343595Z [command]/usr/bin/git version
2025-10-04T02:51:54.9379347Z git version 2.51.0
2025-10-04T02:51:54.9399296Z ##[endgroup]
2025-10-04T02:51:54.9413606Z Temporarily overriding HOME='/home/runner/work/_temp/3e6bc1b6-1605-4666-8b72-d5cfb03c8740' before making global git config changes
2025-10-04T02:51:54.9414873Z Adding repository directory to the temporary git global config as a safe directory
2025-10-04T02:51:54.9419511Z [command]/usr/bin/git config --global --add safe.directory /home/runner/work/scratchattach/scratchattach
2025-10-04T02:51:54.9456183Z [command]/usr/bin/git config --local --get remote.origin.url
2025-10-04T02:51:54.9477977Z https://github.com/Boss-1s/scratchattach
2025-10-04T02:51:54.9490815Z ##[group]Removing previously created refs, to avoid conflicts
2025-10-04T02:51:54.9495512Z [command]/usr/bin/git rev-parse --symbolic-full-name --verify --quiet HEAD
2025-10-04T02:51:54.9516149Z refs/heads/main
2025-10-04T02:51:54.9525858Z [command]/usr/bin/git checkout --detach
2025-10-04T02:51:55.0852889Z HEAD is now at bafc490 [BOT] Download Logs
2025-10-04T02:51:55.0900073Z [command]/usr/bin/git branch --delete --force main
2025-10-04T02:51:55.0925311Z Deleted branch main (was bafc490).
2025-10-04T02:51:55.0959882Z ##[endgroup]
2025-10-04T02:51:55.0963799Z [command]/usr/bin/git submodule status
2025-10-04T02:51:55.1220523Z ##[group]Cleaning the repository
2025-10-04T02:51:55.1226164Z [command]/usr/bin/git clean -ffdx
2025-10-04T02:51:55.1261951Z [command]/usr/bin/git reset --hard HEAD
2025-10-04T02:51:55.1311426Z HEAD is now at bafc490 [BOT] Download Logs
2025-10-04T02:51:55.1316865Z ##[endgroup]
2025-10-04T02:51:55.1318704Z ##[group]Disabling automatic garbage collection
2025-10-04T02:51:55.1323386Z [command]/usr/bin/git config --local gc.auto 0
2025-10-04T02:51:55.1348556Z ##[endgroup]
2025-10-04T02:51:55.1348918Z ##[group]Setting up auth
2025-10-04T02:51:55.1355403Z [command]/usr/bin/git config --local --name-only --get-regexp core\.sshCommand
2025-10-04T02:51:55.1384532Z [command]/usr/bin/git submodule foreach --recursive sh -c "git config --local --name-only --get-regexp 'core\.sshCommand' && git config --local --unset-all 'core.sshCommand' || :"
2025-10-04T02:51:55.1604649Z [command]/usr/bin/git config --local --name-only --get-regexp http\.https\:\/\/github\.com\/\.extraheader
2025-10-04T02:51:55.1625194Z http.https://github.com/.extraheader
2025-10-04T02:51:55.1633877Z [command]/usr/bin/git config --local --unset-all http.https://github.com/.extraheader
2025-10-04T02:51:55.1664353Z [command]/usr/bin/git submodule foreach --recursive sh -c "git config --local --name-only --get-regexp 'http\.https\:\/\/github\.com\/\.extraheader' && git config --local --unset-all 'http.https://github.com/.extraheader' || :"
2025-10-04T02:51:55.1885622Z [command]/usr/bin/git config --local http.https://github.com/.extraheader AUTHORIZATION: basic ***
2025-10-04T02:51:55.1924793Z ##[endgroup]
2025-10-04T02:51:55.1925284Z ##[group]Fetching the repository
2025-10-04T02:51:55.1933275Z [command]/usr/bin/git -c protocol.version=2 fetch --no-tags --prune --no-recurse-submodules --depth=1 origin +refs/heads/main*:refs/remotes/origin/main* +refs/tags/main*:refs/tags/main*
2025-10-04T02:51:55.6520771Z ##[endgroup]
2025-10-04T02:51:55.6521122Z ##[group]Determining the checkout info
2025-10-04T02:51:55.6528345Z [command]/usr/bin/git branch --list --remote origin/main
2025-10-04T02:51:55.6551409Z   origin/main
2025-10-04T02:51:55.6555717Z ##[endgroup]
2025-10-04T02:51:55.6560282Z [command]/usr/bin/git sparse-checkout disable
2025-10-04T02:51:55.6603788Z [command]/usr/bin/git config --local --unset-all extensions.worktreeConfig
2025-10-04T02:51:55.6628917Z ##[group]Checking out the ref
2025-10-04T02:51:55.6633615Z [command]/usr/bin/git checkout --progress --force -B main refs/remotes/origin/main
2025-10-04T02:51:55.6687374Z Switched to a new branch 'main'
2025-10-04T02:51:55.6690364Z branch 'main' set up to track 'origin/main'.
2025-10-04T02:51:55.6696159Z ##[endgroup]
2025-10-04T02:51:55.6730260Z [command]/usr/bin/git log -1 --format=%H
2025-10-04T02:51:55.6753452Z bafc4900ab766801297c0cf24767382c3cbd361f
2025-10-04T02:51:55.6856443Z ##[group]Run python3 aesthetic_prioritizing.py
2025-10-04T02:51:55.6856769Z [36;1mpython3 aesthetic_prioritizing.py[0m
2025-10-04T02:51:55.6889997Z shell: /usr/bin/bash -e {0}
2025-10-04T02:51:55.6890221Z env:
2025-10-04T02:51:55.6890457Z   pythonLocation: /opt/hostedtoolcache/Python/3.13.7/x64
2025-10-04T02:51:55.6890862Z   PKG_CONFIG_PATH: /opt/hostedtoolcache/Python/3.13.7/x64/lib/pkgconfig
2025-10-04T02:51:55.6891243Z   Python_ROOT_DIR: /opt/hostedtoolcache/Python/3.13.7/x64
2025-10-04T02:51:55.6891578Z   Python2_ROOT_DIR: /opt/hostedtoolcache/Python/3.13.7/x64
2025-10-04T02:51:55.6891907Z   Python3_ROOT_DIR: /opt/hostedtoolcache/Python/3.13.7/x64
2025-10-04T02:51:55.6892475Z   LD_LIBRARY_PATH: /opt/hostedtoolcache/Python/3.13.7/x64/lib
2025-10-04T02:51:55.6893072Z   PASS: ***
2025-10-04T02:51:55.6893244Z ##[endgroup]
2025-10-04T02:57:20.0500517Z Prioritizing: Attempt 1
2025-10-04T02:57:20.0501075Z Projects already on top. No prioritizing needed.
2025-10-04T02:57:20.0501736Z Prioritized projects in your favorite list.
2025-10-04T02:57:20.0502230Z Prioritizing: Attempt 1
2025-10-04T02:57:20.0502865Z Unfollowed stuido 50609120
2025-10-04T02:57:20.0503321Z Followed studio 50609120 to move it to the top
2025-10-04T02:57:20.0503814Z Unfollowed stuido 50609126
2025-10-04T02:57:20.0504251Z Followed studio 50609126 to move it to the top
2025-10-04T02:57:20.0504730Z Unfollowed stuido 50609128
2025-10-04T02:57:20.0505142Z Followed studio 50609128 to move it to the top
2025-10-04T02:57:20.0505618Z Unfollowed stuido 50609129
2025-10-04T02:57:20.0506047Z Followed studio 50609129 to move it to the top
2025-10-04T02:57:20.0506572Z Prioritized studios in your favorite list.
2025-10-04T02:57:20.0796897Z Post job cleanup.
2025-10-04T02:57:20.1562149Z [command]/usr/bin/git version
2025-10-04T02:57:20.1598382Z git version 2.51.0
2025-10-04T02:57:20.1636680Z Temporarily overriding HOME='/home/runner/work/_temp/b2244ead-2896-4696-b37d-44cc7fcd0035' before making global git config changes
2025-10-04T02:57:20.1637942Z Adding repository directory to the temporary git global config as a safe directory
2025-10-04T02:57:20.1642813Z [command]/usr/bin/git config --global --add safe.directory /home/runner/work/scratchattach/scratchattach
2025-10-04T02:57:20.1678173Z [command]/usr/bin/git config --local --name-only --get-regexp core\.sshCommand
2025-10-04T02:57:20.1711600Z [command]/usr/bin/git submodule foreach --recursive sh -c "git config --local --name-only --get-regexp 'core\.sshCommand' && git config --local --unset-all 'core.sshCommand' || :"
2025-10-04T02:57:20.1937469Z [command]/usr/bin/git config --local --name-only --get-regexp http\.https\:\/\/github\.com\/\.extraheader
2025-10-04T02:57:20.1958788Z http.https://github.com/.extraheader
2025-10-04T02:57:20.1969040Z [command]/usr/bin/git config --local --unset-all http.https://github.com/.extraheader
2025-10-04T02:57:20.2000458Z [command]/usr/bin/git submodule foreach --recursive sh -c "git config --local --name-only --get-regexp 'http\.https\:\/\/github\.com\/\.extraheader' && git config --local --unset-all 'http.https://github.com/.extraheader' || :"
2025-10-04T02:57:20.2327086Z Post job cleanup.
2025-10-04T02:57:20.3485373Z (node:2419) [DEP0040] DeprecationWarning: The `punycode` module is deprecated. Please use a userland alternative instead.
2025-10-04T02:57:20.3486516Z (Use `node --trace-deprecation ...` to show where the warning was created)
2025-10-04T02:57:20.3636130Z Post job cleanup.
2025-10-04T02:57:20.4723589Z [command]/usr/bin/git version
2025-10-04T02:57:20.4772064Z git version 2.51.0
2025-10-04T02:57:20.4828078Z Temporarily overriding HOME='/home/runner/work/_temp/7a2ae46e-8bc0-4fbc-9071-b09d91d77198' before making global git config changes
2025-10-04T02:57:20.4829296Z Adding repository directory to the temporary git global config as a safe directory
2025-10-04T02:57:20.4835723Z [command]/usr/bin/git config --global --add safe.directory /home/runner/work/scratchattach/scratchattach
2025-10-04T02:57:20.4877932Z [command]/usr/bin/git config --local --name-only --get-regexp core\.sshCommand
2025-10-04T02:57:20.4915939Z [command]/usr/bin/git submodule foreach --recursive sh -c "git config --local --name-only --get-regexp 'core\.sshCommand' && git config --local --unset-all 'core.sshCommand' || :"
2025-10-04T02:57:20.5161383Z [command]/usr/bin/git config --local --name-only --get-regexp http\.https\:\/\/github\.com\/\.extraheader
2025-10-04T02:57:20.5198836Z [command]/usr/bin/git submodule foreach --recursive sh -c "git config --local --name-only --get-regexp 'http\.https\:\/\/github\.com\/\.extraheader' && git config --local --unset-all 'http.https://github.com/.extraheader' || :"
2025-10-04T02:57:20.5575927Z Cleaning up orphan processes
