2026-01-12T03:50:58.4503632Z Current runner version: '2.330.0'
2026-01-12T03:50:58.4527228Z ##[group]Runner Image Provisioner
2026-01-12T03:50:58.4528181Z Hosted Compute Agent
2026-01-12T03:50:58.4528795Z Version: 20251211.462
2026-01-12T03:50:58.4529381Z Commit: 6cbad8c2bb55d58165063d031ccabf57e2d2db61
2026-01-12T03:50:58.4530138Z Build Date: 2025-12-11T16:28:49Z
2026-01-12T03:50:58.4531004Z Worker ID: {4c452037-174b-4da5-b45b-90e21b639e89}
2026-01-12T03:50:58.4531752Z ##[endgroup]
2026-01-12T03:50:58.4532370Z ##[group]Operating System
2026-01-12T03:50:58.4532958Z Ubuntu
2026-01-12T03:50:58.4533388Z 24.04.3
2026-01-12T03:50:58.4533927Z LTS
2026-01-12T03:50:58.4534372Z ##[endgroup]
2026-01-12T03:50:58.4534903Z ##[group]Runner Image
2026-01-12T03:50:58.4535504Z Image: ubuntu-24.04
2026-01-12T03:50:58.4536009Z Version: 20260105.202.1
2026-01-12T03:50:58.4537020Z Included Software: https://github.com/actions/runner-images/blob/ubuntu24/20260105.202/images/ubuntu/Ubuntu2404-Readme.md
2026-01-12T03:50:58.4538624Z Image Release: https://github.com/actions/runner-images/releases/tag/ubuntu24%2F20260105.202
2026-01-12T03:50:58.4539652Z ##[endgroup]
2026-01-12T03:50:58.4540883Z ##[group]GITHUB_TOKEN Permissions
2026-01-12T03:50:58.4543147Z Contents: write
2026-01-12T03:50:58.4543791Z Metadata: read
2026-01-12T03:50:58.4544301Z ##[endgroup]
2026-01-12T03:50:58.4546366Z Secret source: Actions
2026-01-12T03:50:58.4547044Z Prepare workflow directory
2026-01-12T03:50:58.4867389Z Prepare all required actions
2026-01-12T03:50:58.4904819Z Getting action download info
2026-01-12T03:50:58.9297622Z Download action repository 'actions/checkout@v6.0.1' (SHA:8e8c483db84b4bee98b60c0593521ed34d9990e8)
2026-01-12T03:50:59.0594399Z Download action repository 'actions/setup-python@v6.1.0' (SHA:83679a892e2d95755f2dac6acb0bfd1e9ac5d548)
2026-01-12T03:50:59.2844583Z Complete job name: Run Prioritzing Handler
2026-01-12T03:50:59.3549128Z ##[group]Run actions/checkout@v6.0.1
2026-01-12T03:50:59.3550008Z with:
2026-01-12T03:50:59.3550384Z   ref: main
2026-01-12T03:50:59.3550986Z   repository: Boss-1s/scratchattach
2026-01-12T03:50:59.3551678Z   token: ***
2026-01-12T03:50:59.3552067Z   ssh-strict: true
2026-01-12T03:50:59.3552470Z   ssh-user: git
2026-01-12T03:50:59.3552882Z   persist-credentials: true
2026-01-12T03:50:59.3553334Z   clean: true
2026-01-12T03:50:59.3553738Z   sparse-checkout-cone-mode: true
2026-01-12T03:50:59.3554228Z   fetch-depth: 1
2026-01-12T03:50:59.3554619Z   fetch-tags: false
2026-01-12T03:50:59.3555017Z   show-progress: true
2026-01-12T03:50:59.3555421Z   lfs: false
2026-01-12T03:50:59.3555804Z   submodules: false
2026-01-12T03:50:59.3556203Z   set-safe-directory: true
2026-01-12T03:50:59.3556893Z ##[endgroup]
2026-01-12T03:50:59.4545133Z Syncing repository: Boss-1s/scratchattach
2026-01-12T03:50:59.4547690Z ##[group]Getting Git version info
2026-01-12T03:50:59.4548599Z Working directory is '/home/runner/work/scratchattach/scratchattach'
2026-01-12T03:50:59.4549637Z [command]/usr/bin/git version
2026-01-12T03:50:59.4619463Z git version 2.52.0
2026-01-12T03:50:59.4672434Z ##[endgroup]
2026-01-12T03:50:59.4688124Z Temporarily overriding HOME='/home/runner/work/_temp/a39a2888-30b8-4e25-bb3c-8b36db5dd4ef' before making global git config changes
2026-01-12T03:50:59.4690477Z Adding repository directory to the temporary git global config as a safe directory
2026-01-12T03:50:59.4694734Z [command]/usr/bin/git config --global --add safe.directory /home/runner/work/scratchattach/scratchattach
2026-01-12T03:50:59.4735573Z Deleting the contents of '/home/runner/work/scratchattach/scratchattach'
2026-01-12T03:50:59.4739203Z ##[group]Initializing the repository
2026-01-12T03:50:59.4744086Z [command]/usr/bin/git init /home/runner/work/scratchattach/scratchattach
2026-01-12T03:50:59.4896384Z hint: Using 'master' as the name for the initial branch. This default branch name
2026-01-12T03:50:59.4897865Z hint: will change to "main" in Git 3.0. To configure the initial branch name
2026-01-12T03:50:59.4898917Z hint: to use in all of your new repositories, which will suppress this warning,
2026-01-12T03:50:59.4900386Z hint: call:
2026-01-12T03:50:59.4901230Z hint:
2026-01-12T03:50:59.4902095Z hint: 	git config --global init.defaultBranch <name>
2026-01-12T03:50:59.4903204Z hint:
2026-01-12T03:50:59.4904231Z hint: Names commonly chosen instead of 'master' are 'main', 'trunk' and
2026-01-12T03:50:59.4905900Z hint: 'development'. The just-created branch can be renamed via this command:
2026-01-12T03:50:59.4907244Z hint:
2026-01-12T03:50:59.4907899Z hint: 	git branch -m <name>
2026-01-12T03:50:59.4908656Z hint:
2026-01-12T03:50:59.4909670Z hint: Disable this message with "git config set advice.defaultBranchName false"
2026-01-12T03:50:59.4911809Z Initialized empty Git repository in /home/runner/work/scratchattach/scratchattach/.git/
2026-01-12T03:50:59.4914727Z [command]/usr/bin/git remote add origin https://github.com/Boss-1s/scratchattach
2026-01-12T03:50:59.4947844Z ##[endgroup]
2026-01-12T03:50:59.4949066Z ##[group]Disabling automatic garbage collection
2026-01-12T03:50:59.4952547Z [command]/usr/bin/git config --local gc.auto 0
2026-01-12T03:50:59.4979846Z ##[endgroup]
2026-01-12T03:50:59.4981271Z ##[group]Setting up auth
2026-01-12T03:50:59.4982208Z Removing SSH command configuration
2026-01-12T03:50:59.4987744Z [command]/usr/bin/git config --local --name-only --get-regexp core\.sshCommand
2026-01-12T03:50:59.5019544Z [command]/usr/bin/git submodule foreach --recursive sh -c "git config --local --name-only --get-regexp 'core\.sshCommand' && git config --local --unset-all 'core.sshCommand' || :"
2026-01-12T03:50:59.5378506Z Removing HTTP extra header
2026-01-12T03:50:59.5384547Z [command]/usr/bin/git config --local --name-only --get-regexp http\.https\:\/\/github\.com\/\.extraheader
2026-01-12T03:50:59.5421237Z [command]/usr/bin/git submodule foreach --recursive sh -c "git config --local --name-only --get-regexp 'http\.https\:\/\/github\.com\/\.extraheader' && git config --local --unset-all 'http.https://github.com/.extraheader' || :"
2026-01-12T03:50:59.5657924Z Removing includeIf entries pointing to credentials config files
2026-01-12T03:50:59.5664659Z [command]/usr/bin/git config --local --name-only --get-regexp ^includeIf\.gitdir:
2026-01-12T03:50:59.5696272Z [command]/usr/bin/git submodule foreach --recursive git config --local --show-origin --name-only --get-regexp remote.origin.url
2026-01-12T03:50:59.5936610Z [command]/usr/bin/git config --file /home/runner/work/_temp/git-credentials-5ea360ed-5f1c-49b7-b444-c5683156eadc.config http.https://github.com/.extraheader AUTHORIZATION: basic ***
2026-01-12T03:50:59.5973685Z [command]/usr/bin/git config --local includeIf.gitdir:/home/runner/work/scratchattach/scratchattach/.git.path /home/runner/work/_temp/git-credentials-5ea360ed-5f1c-49b7-b444-c5683156eadc.config
2026-01-12T03:50:59.6002065Z [command]/usr/bin/git config --local includeIf.gitdir:/home/runner/work/scratchattach/scratchattach/.git/worktrees/*.path /home/runner/work/_temp/git-credentials-5ea360ed-5f1c-49b7-b444-c5683156eadc.config
2026-01-12T03:50:59.6031646Z [command]/usr/bin/git config --local includeIf.gitdir:/github/workspace/.git.path /github/runner_temp/git-credentials-5ea360ed-5f1c-49b7-b444-c5683156eadc.config
2026-01-12T03:50:59.6061432Z [command]/usr/bin/git config --local includeIf.gitdir:/github/workspace/.git/worktrees/*.path /github/runner_temp/git-credentials-5ea360ed-5f1c-49b7-b444-c5683156eadc.config
2026-01-12T03:50:59.6088165Z ##[endgroup]
2026-01-12T03:50:59.6089397Z ##[group]Fetching the repository
2026-01-12T03:50:59.6097563Z [command]/usr/bin/git -c protocol.version=2 fetch --no-tags --prune --no-recurse-submodules --depth=1 origin +refs/heads/main*:refs/remotes/origin/main* +refs/tags/main*:refs/tags/main*
2026-01-12T03:51:18.4977469Z From https://github.com/Boss-1s/scratchattach
2026-01-12T03:51:18.4978349Z  * [new branch]      main       -> origin/main
2026-01-12T03:51:18.5005384Z ##[endgroup]
2026-01-12T03:51:18.5006166Z ##[group]Determining the checkout info
2026-01-12T03:51:18.5013050Z [command]/usr/bin/git branch --list --remote origin/main
2026-01-12T03:51:18.5044426Z   origin/main
2026-01-12T03:51:18.5049481Z ##[endgroup]
2026-01-12T03:51:18.5053942Z [command]/usr/bin/git sparse-checkout disable
2026-01-12T03:51:18.5093606Z [command]/usr/bin/git config --local --unset-all extensions.worktreeConfig
2026-01-12T03:51:18.5120475Z ##[group]Checking out the ref
2026-01-12T03:51:18.5125758Z [command]/usr/bin/git checkout --progress --force -B main refs/remotes/origin/main
2026-01-12T03:51:19.6757127Z Updating files:  85% (2611/3045)
2026-01-12T03:51:19.9578608Z Updating files:  86% (2619/3045)
2026-01-12T03:51:20.1746243Z Updating files:  87% (2650/3045)
2026-01-12T03:51:20.1806756Z Updating files:  88% (2680/3045)
2026-01-12T03:51:20.1852994Z Updating files:  89% (2711/3045)
2026-01-12T03:51:20.3850065Z Updating files:  90% (2741/3045)
2026-01-12T03:51:20.4412626Z Updating files:  91% (2771/3045)
2026-01-12T03:51:20.5222716Z Updating files:  92% (2802/3045)
2026-01-12T03:51:20.9123100Z Updating files:  92% (2808/3045)
2026-01-12T03:51:21.2131306Z Updating files:  93% (2832/3045)
2026-01-12T03:51:21.4591748Z Updating files:  94% (2863/3045)
2026-01-12T03:51:21.5589261Z Updating files:  95% (2893/3045)
2026-01-12T03:51:21.7856281Z Updating files:  95% (2897/3045)
2026-01-12T03:51:21.9543167Z Updating files:  96% (2924/3045)
2026-01-12T03:51:22.3186164Z Updating files:  97% (2954/3045)
2026-01-12T03:51:22.5176536Z Updating files:  98% (2985/3045)
2026-01-12T03:51:22.9487773Z Updating files:  98% (2994/3045)
2026-01-12T03:51:23.2540366Z Updating files:  99% (3015/3045)
2026-01-12T03:51:23.2542515Z Updating files: 100% (3045/3045)
2026-01-12T03:51:23.2542997Z Updating files: 100% (3045/3045), done.
2026-01-12T03:51:23.2745394Z Switched to a new branch 'main'
2026-01-12T03:51:23.2748556Z branch 'main' set up to track 'origin/main'.
2026-01-12T03:51:23.2881362Z ##[endgroup]
2026-01-12T03:51:23.2923512Z [command]/usr/bin/git log -1 --format=%H
2026-01-12T03:51:23.2949357Z cf97aa4733a7dc0bf15d9a0c0085f05d74a0cb39
2026-01-12T03:51:23.3182954Z ##[group]Run actions/setup-python@v6.1.0
2026-01-12T03:51:23.3183280Z with:
2026-01-12T03:51:23.3183467Z   python-version: 3.13
2026-01-12T03:51:23.3183679Z   check-latest: false
2026-01-12T03:51:23.3183996Z   token: ***
2026-01-12T03:51:23.3184188Z   update-environment: true
2026-01-12T03:51:23.3184413Z   allow-prereleases: false
2026-01-12T03:51:23.3184616Z   freethreaded: false
2026-01-12T03:51:23.3184810Z ##[endgroup]
2026-01-12T03:51:23.4447140Z ##[group]Installed versions
2026-01-12T03:51:23.4965364Z (node:2108) [DEP0040] DeprecationWarning: The `punycode` module is deprecated. Please use a userland alternative instead.
2026-01-12T03:51:23.4966726Z (Use `node --trace-deprecation ...` to show where the warning was created)
2026-01-12T03:51:23.4967652Z Successfully set up CPython (3.13.11)
2026-01-12T03:51:23.4968369Z ##[endgroup]
2026-01-12T03:51:23.5103579Z ##[group]Run pip install -r requirements.txt
2026-01-12T03:51:23.5104006Z [36;1mpip install -r requirements.txt[0m
2026-01-12T03:51:23.5215901Z shell: /usr/bin/bash -e {0}
2026-01-12T03:51:23.5216184Z env:
2026-01-12T03:51:23.5216436Z   pythonLocation: /opt/hostedtoolcache/Python/3.13.11/x64
2026-01-12T03:51:23.5216872Z   PKG_CONFIG_PATH: /opt/hostedtoolcache/Python/3.13.11/x64/lib/pkgconfig
2026-01-12T03:51:23.5217296Z   Python_ROOT_DIR: /opt/hostedtoolcache/Python/3.13.11/x64
2026-01-12T03:51:23.5217657Z   Python2_ROOT_DIR: /opt/hostedtoolcache/Python/3.13.11/x64
2026-01-12T03:51:23.5218025Z   Python3_ROOT_DIR: /opt/hostedtoolcache/Python/3.13.11/x64
2026-01-12T03:51:23.5218399Z   LD_LIBRARY_PATH: /opt/hostedtoolcache/Python/3.13.11/x64/lib
2026-01-12T03:51:23.5218743Z ##[endgroup]
2026-01-12T03:51:26.0226060Z Collecting scratchattach>=2.1.15b0 (from -r requirements.txt (line 1))
2026-01-12T03:51:26.0801649Z   Downloading scratchattach-2.1.15b0-py3-none-any.whl.metadata (5.7 kB)
2026-01-12T03:51:26.1062941Z Collecting websocket-client (from scratchattach>=2.1.15b0->-r requirements.txt (line 1))
2026-01-12T03:51:26.1104311Z   Downloading websocket_client-1.9.0-py3-none-any.whl.metadata (8.3 kB)
2026-01-12T03:51:26.1393238Z Collecting requests (from scratchattach>=2.1.15b0->-r requirements.txt (line 1))
2026-01-12T03:51:26.1436827Z   Downloading requests-2.32.5-py3-none-any.whl.metadata (4.9 kB)
2026-01-12T03:51:26.1572425Z Collecting bs4 (from scratchattach>=2.1.15b0->-r requirements.txt (line 1))
2026-01-12T03:51:26.1636413Z   Downloading bs4-0.0.2-py2.py3-none-any.whl.metadata (411 bytes)
2026-01-12T03:51:26.1753970Z Collecting SimpleWebSocketServer (from scratchattach>=2.1.15b0->-r requirements.txt (line 1))
2026-01-12T03:51:26.1804299Z   Downloading SimpleWebSocketServer-0.1.2.tar.gz (10 kB)
2026-01-12T03:51:26.1881604Z   Installing build dependencies: started
2026-01-12T03:51:27.6761012Z   Installing build dependencies: finished with status 'done'
2026-01-12T03:51:27.6766757Z   Getting requirements to build wheel: started
2026-01-12T03:51:28.0826710Z   Getting requirements to build wheel: finished with status 'done'
2026-01-12T03:51:28.0835785Z   Preparing metadata (pyproject.toml): started
2026-01-12T03:51:28.2758481Z   Preparing metadata (pyproject.toml): finished with status 'done'
2026-01-12T03:51:28.2981838Z Collecting typing-extensions (from scratchattach>=2.1.15b0->-r requirements.txt (line 1))
2026-01-12T03:51:28.3016899Z   Downloading typing_extensions-4.15.0-py3-none-any.whl.metadata (3.3 kB)
2026-01-12T03:51:28.3843404Z Collecting browser_cookie3 (from scratchattach>=2.1.15b0->-r requirements.txt (line 1))
2026-01-12T03:51:28.3890519Z   Downloading browser_cookie3-0.20.1-py3-none-any.whl.metadata (713 bytes)
2026-01-12T03:51:28.4647980Z Collecting lz4 (from browser_cookie3->scratchattach>=2.1.15b0->-r requirements.txt (line 1))
2026-01-12T03:51:28.4649360Z   Downloading lz4-4.4.5-cp313-cp313-manylinux2014_x86_64.manylinux_2_17_x86_64.manylinux_2_28_x86_64.whl.metadata (3.8 kB)
2026-01-12T03:51:28.5584065Z Collecting pycryptodomex (from browser_cookie3->scratchattach>=2.1.15b0->-r requirements.txt (line 1))
2026-01-12T03:51:28.5638262Z   Downloading pycryptodomex-3.23.0-cp37-abi3-manylinux_2_17_x86_64.manylinux2014_x86_64.whl.metadata (3.4 kB)
2026-01-12T03:51:28.5767920Z Collecting jeepney (from browser_cookie3->scratchattach>=2.1.15b0->-r requirements.txt (line 1))
2026-01-12T03:51:28.5809218Z   Downloading jeepney-0.9.0-py3-none-any.whl.metadata (1.2 kB)
2026-01-12T03:51:28.6009809Z Collecting beautifulsoup4 (from bs4->scratchattach>=2.1.15b0->-r requirements.txt (line 1))
2026-01-12T03:51:28.6039152Z   Downloading beautifulsoup4-4.14.3-py3-none-any.whl.metadata (3.8 kB)
2026-01-12T03:51:28.6236737Z Collecting soupsieve>=1.6.1 (from beautifulsoup4->bs4->scratchattach>=2.1.15b0->-r requirements.txt (line 1))
2026-01-12T03:51:28.6271448Z   Downloading soupsieve-2.8.1-py3-none-any.whl.metadata (4.6 kB)
2026-01-12T03:51:28.7199446Z Collecting charset_normalizer<4,>=2 (from requests->scratchattach>=2.1.15b0->-r requirements.txt (line 1))
2026-01-12T03:51:28.7250591Z   Downloading charset_normalizer-3.4.4-cp313-cp313-manylinux2014_x86_64.manylinux_2_17_x86_64.manylinux_2_28_x86_64.whl.metadata (37 kB)
2026-01-12T03:51:28.7494894Z Collecting idna<4,>=2.5 (from requests->scratchattach>=2.1.15b0->-r requirements.txt (line 1))
2026-01-12T03:51:28.7526599Z   Downloading idna-3.11-py3-none-any.whl.metadata (8.4 kB)
2026-01-12T03:51:28.7856276Z Collecting urllib3<3,>=1.21.1 (from requests->scratchattach>=2.1.15b0->-r requirements.txt (line 1))
2026-01-12T03:51:28.7887792Z   Downloading urllib3-2.6.3-py3-none-any.whl.metadata (6.9 kB)
2026-01-12T03:51:28.8123747Z Collecting certifi>=2017.4.17 (from requests->scratchattach>=2.1.15b0->-r requirements.txt (line 1))
2026-01-12T03:51:28.8161004Z   Downloading certifi-2026.1.4-py3-none-any.whl.metadata (2.5 kB)
2026-01-12T03:51:28.8277334Z Downloading scratchattach-2.1.15b0-py3-none-any.whl (145 kB)
2026-01-12T03:51:28.8382762Z Downloading browser_cookie3-0.20.1-py3-none-any.whl (17 kB)
2026-01-12T03:51:28.8545347Z Downloading bs4-0.0.2-py2.py3-none-any.whl (1.2 kB)
2026-01-12T03:51:28.8610997Z Downloading beautifulsoup4-4.14.3-py3-none-any.whl (107 kB)
2026-01-12T03:51:28.8669005Z Downloading soupsieve-2.8.1-py3-none-any.whl (36 kB)
2026-01-12T03:51:28.8724145Z Downloading typing_extensions-4.15.0-py3-none-any.whl (44 kB)
2026-01-12T03:51:28.8776147Z Downloading jeepney-0.9.0-py3-none-any.whl (49 kB)
2026-01-12T03:51:28.8914444Z Downloading lz4-4.4.5-cp313-cp313-manylinux2014_x86_64.manylinux_2_17_x86_64.manylinux_2_28_x86_64.whl (1.4 MB)
2026-01-12T03:51:28.9033323Z    ━━━━━━━━━━━━━━━━━━━━━━━━━━━━━━━━━━━━━━━━ 1.4/1.4 MB 124.7 MB/s  0:00:00
2026-01-12T03:51:28.9093085Z Downloading pycryptodomex-3.23.0-cp37-abi3-manylinux_2_17_x86_64.manylinux2014_x86_64.whl (2.3 MB)
2026-01-12T03:51:28.9240614Z    ━━━━━━━━━━━━━━━━━━━━━━━━━━━━━━━━━━━━━━━━ 2.3/2.3 MB 165.8 MB/s  0:00:00
2026-01-12T03:51:28.9273324Z Downloading requests-2.32.5-py3-none-any.whl (64 kB)
2026-01-12T03:51:28.9341975Z Downloading charset_normalizer-3.4.4-cp313-cp313-manylinux2014_x86_64.manylinux_2_17_x86_64.manylinux_2_28_x86_64.whl (153 kB)
2026-01-12T03:51:28.9407261Z Downloading idna-3.11-py3-none-any.whl (71 kB)
2026-01-12T03:51:28.9465224Z Downloading urllib3-2.6.3-py3-none-any.whl (131 kB)
2026-01-12T03:51:28.9556267Z Downloading certifi-2026.1.4-py3-none-any.whl (152 kB)
2026-01-12T03:51:28.9619567Z Downloading websocket_client-1.9.0-py3-none-any.whl (82 kB)
2026-01-12T03:51:28.9837390Z Building wheels for collected packages: SimpleWebSocketServer
2026-01-12T03:51:28.9845955Z   Building wheel for SimpleWebSocketServer (pyproject.toml): started
2026-01-12T03:51:29.2066871Z   Building wheel for SimpleWebSocketServer (pyproject.toml): finished with status 'done'
2026-01-12T03:51:29.2073221Z   Created wheel for SimpleWebSocketServer: filename=simplewebsocketserver-0.1.2-py3-none-any.whl size=9715 sha256=07eb09210df7f78968d1d0779b032cc72351ca573d260bae3fc5bb17adf56910
2026-01-12T03:51:29.2075198Z   Stored in directory: /home/runner/.cache/pip/wheels/c4/5b/e8/4f2c15a82edc4923058056f6681373168be02a0c00389a6dcf
2026-01-12T03:51:29.2094032Z Successfully built SimpleWebSocketServer
2026-01-12T03:51:29.2340300Z Installing collected packages: SimpleWebSocketServer, websocket-client, urllib3, typing-extensions, soupsieve, pycryptodomex, lz4, jeepney, idna, charset_normalizer, certifi, requests, browser_cookie3, beautifulsoup4, bs4, scratchattach
2026-01-12T03:51:30.3261305Z 
2026-01-12T03:51:30.3288394Z Successfully installed SimpleWebSocketServer-0.1.2 beautifulsoup4-4.14.3 browser_cookie3-0.20.1 bs4-0.0.2 certifi-2026.1.4 charset_normalizer-3.4.4 idna-3.11 jeepney-0.9.0 lz4-4.4.5 pycryptodomex-3.23.0 requests-2.32.5 scratchattach-2.1.15b0 soupsieve-2.8.1 typing-extensions-4.15.0 urllib3-2.6.3 websocket-client-1.9.0
2026-01-12T03:51:30.5203875Z ##[group]Run actions/checkout@v6.0.1
2026-01-12T03:51:30.5204150Z with:
2026-01-12T03:51:30.5204320Z   ref: main
2026-01-12T03:51:30.5204503Z   repository: Boss-1s/scratchattach
2026-01-12T03:51:30.5204861Z   token: ***
2026-01-12T03:51:30.5205038Z   ssh-strict: true
2026-01-12T03:51:30.5205216Z   ssh-user: git
2026-01-12T03:51:30.5205405Z   persist-credentials: true
2026-01-12T03:51:30.5205631Z   clean: true
2026-01-12T03:51:30.5205822Z   sparse-checkout-cone-mode: true
2026-01-12T03:51:30.5206049Z   fetch-depth: 1
2026-01-12T03:51:30.5206221Z   fetch-tags: false
2026-01-12T03:51:30.5206408Z   show-progress: true
2026-01-12T03:51:30.5206586Z   lfs: false
2026-01-12T03:51:30.5206764Z   submodules: false
2026-01-12T03:51:30.5206955Z   set-safe-directory: true
2026-01-12T03:51:30.5207150Z env:
2026-01-12T03:51:30.5207379Z   pythonLocation: /opt/hostedtoolcache/Python/3.13.11/x64
2026-01-12T03:51:30.5207782Z   PKG_CONFIG_PATH: /opt/hostedtoolcache/Python/3.13.11/x64/lib/pkgconfig
2026-01-12T03:51:30.5208211Z   Python_ROOT_DIR: /opt/hostedtoolcache/Python/3.13.11/x64
2026-01-12T03:51:30.5208554Z   Python2_ROOT_DIR: /opt/hostedtoolcache/Python/3.13.11/x64
2026-01-12T03:51:30.5208907Z   Python3_ROOT_DIR: /opt/hostedtoolcache/Python/3.13.11/x64
2026-01-12T03:51:30.5209271Z   LD_LIBRARY_PATH: /opt/hostedtoolcache/Python/3.13.11/x64/lib
2026-01-12T03:51:30.5209571Z ##[endgroup]
2026-01-12T03:51:30.5969852Z Syncing repository: Boss-1s/scratchattach
2026-01-12T03:51:30.5970985Z ##[group]Getting Git version info
2026-01-12T03:51:30.5971523Z Working directory is '/home/runner/work/scratchattach/scratchattach'
2026-01-12T03:51:30.6009153Z [command]/usr/bin/git version
2026-01-12T03:51:30.6045395Z git version 2.52.0
2026-01-12T03:51:30.6097095Z ##[endgroup]
2026-01-12T03:51:30.6110442Z Temporarily overriding HOME='/home/runner/work/_temp/ba09c011-0cda-4561-b1d5-c78c81448295' before making global git config changes
2026-01-12T03:51:30.6111421Z Adding repository directory to the temporary git global config as a safe directory
2026-01-12T03:51:30.6115726Z [command]/usr/bin/git config --global --add safe.directory /home/runner/work/scratchattach/scratchattach
2026-01-12T03:51:30.6154213Z [command]/usr/bin/git config --local --get remote.origin.url
2026-01-12T03:51:30.6175993Z https://github.com/Boss-1s/scratchattach
2026-01-12T03:51:30.6189272Z ##[group]Removing previously created refs, to avoid conflicts
2026-01-12T03:51:30.6193711Z [command]/usr/bin/git rev-parse --symbolic-full-name --verify --quiet HEAD
2026-01-12T03:51:30.6214492Z refs/heads/main
2026-01-12T03:51:30.6223382Z [command]/usr/bin/git checkout --detach
2026-01-12T03:51:30.9006920Z HEAD is now at cf97aa4 [BOT] Download Logs
2026-01-12T03:51:30.9056302Z [command]/usr/bin/git branch --delete --force main
2026-01-12T03:51:30.9081550Z Deleted branch main (was cf97aa4).
2026-01-12T03:51:30.9117716Z ##[endgroup]
2026-01-12T03:51:30.9121648Z [command]/usr/bin/git submodule status
2026-01-12T03:51:30.9351401Z ##[group]Cleaning the repository
2026-01-12T03:51:30.9355831Z [command]/usr/bin/git clean -ffdx
2026-01-12T03:51:30.9409212Z [command]/usr/bin/git reset --hard HEAD
2026-01-12T03:51:30.9520475Z HEAD is now at cf97aa4 [BOT] Download Logs
2026-01-12T03:51:30.9526751Z ##[endgroup]
2026-01-12T03:51:30.9528791Z ##[group]Disabling automatic garbage collection
2026-01-12T03:51:30.9533380Z [command]/usr/bin/git config --local gc.auto 0
2026-01-12T03:51:30.9558974Z ##[endgroup]
2026-01-12T03:51:30.9559306Z ##[group]Setting up auth
2026-01-12T03:51:30.9561080Z Removing SSH command configuration
2026-01-12T03:51:30.9567149Z [command]/usr/bin/git config --local --name-only --get-regexp core\.sshCommand
2026-01-12T03:51:30.9597738Z [command]/usr/bin/git submodule foreach --recursive sh -c "git config --local --name-only --get-regexp 'core\.sshCommand' && git config --local --unset-all 'core.sshCommand' || :"
2026-01-12T03:51:30.9820699Z Removing HTTP extra header
2026-01-12T03:51:30.9825728Z [command]/usr/bin/git config --local --name-only --get-regexp http\.https\:\/\/github\.com\/\.extraheader
2026-01-12T03:51:30.9855756Z [command]/usr/bin/git submodule foreach --recursive sh -c "git config --local --name-only --get-regexp 'http\.https\:\/\/github\.com\/\.extraheader' && git config --local --unset-all 'http.https://github.com/.extraheader' || :"
2026-01-12T03:51:31.0077818Z Removing includeIf entries pointing to credentials config files
2026-01-12T03:51:31.0084085Z [command]/usr/bin/git config --local --name-only --get-regexp ^includeIf\.gitdir:
2026-01-12T03:51:31.0106106Z includeif.gitdir:/home/runner/work/scratchattach/scratchattach/.git.path
2026-01-12T03:51:31.0107137Z includeif.gitdir:/home/runner/work/scratchattach/scratchattach/.git/worktrees/*.path
2026-01-12T03:51:31.0107979Z includeif.gitdir:/github/workspace/.git.path
2026-01-12T03:51:31.0108620Z includeif.gitdir:/github/workspace/.git/worktrees/*.path
2026-01-12T03:51:31.0115683Z [command]/usr/bin/git config --local --get-all includeif.gitdir:/home/runner/work/scratchattach/scratchattach/.git.path
2026-01-12T03:51:31.0143598Z /home/runner/work/_temp/git-credentials-5ea360ed-5f1c-49b7-b444-c5683156eadc.config
2026-01-12T03:51:31.0153545Z [command]/usr/bin/git config --local --unset includeif.gitdir:/home/runner/work/scratchattach/scratchattach/.git.path /home/runner/work/_temp/git-credentials-5ea360ed-5f1c-49b7-b444-c5683156eadc.config
2026-01-12T03:51:31.0183272Z [command]/usr/bin/git config --local --get-all includeif.gitdir:/home/runner/work/scratchattach/scratchattach/.git/worktrees/*.path
2026-01-12T03:51:31.0203537Z /home/runner/work/_temp/git-credentials-5ea360ed-5f1c-49b7-b444-c5683156eadc.config
2026-01-12T03:51:31.0212039Z [command]/usr/bin/git config --local --unset includeif.gitdir:/home/runner/work/scratchattach/scratchattach/.git/worktrees/*.path /home/runner/work/_temp/git-credentials-5ea360ed-5f1c-49b7-b444-c5683156eadc.config
2026-01-12T03:51:31.0242041Z [command]/usr/bin/git config --local --get-all includeif.gitdir:/github/workspace/.git.path
2026-01-12T03:51:31.0262440Z /github/runner_temp/git-credentials-5ea360ed-5f1c-49b7-b444-c5683156eadc.config
2026-01-12T03:51:31.0270391Z [command]/usr/bin/git config --local --unset includeif.gitdir:/github/workspace/.git.path /github/runner_temp/git-credentials-5ea360ed-5f1c-49b7-b444-c5683156eadc.config
2026-01-12T03:51:31.0300918Z [command]/usr/bin/git config --local --get-all includeif.gitdir:/github/workspace/.git/worktrees/*.path
2026-01-12T03:51:31.0321345Z /github/runner_temp/git-credentials-5ea360ed-5f1c-49b7-b444-c5683156eadc.config
2026-01-12T03:51:31.0331074Z [command]/usr/bin/git config --local --unset includeif.gitdir:/github/workspace/.git/worktrees/*.path /github/runner_temp/git-credentials-5ea360ed-5f1c-49b7-b444-c5683156eadc.config
2026-01-12T03:51:31.0363198Z [command]/usr/bin/git submodule foreach --recursive git config --local --show-origin --name-only --get-regexp remote.origin.url
2026-01-12T03:51:31.0581499Z Removing credentials config '/home/runner/work/_temp/git-credentials-5ea360ed-5f1c-49b7-b444-c5683156eadc.config'
2026-01-12T03:51:31.0595292Z [command]/usr/bin/git config --file /home/runner/work/_temp/git-credentials-1d5f5843-5a74-4d8e-9625-f3675f32b707.config http.https://github.com/.extraheader AUTHORIZATION: basic ***
2026-01-12T03:51:31.0631899Z [command]/usr/bin/git config --local includeIf.gitdir:/home/runner/work/scratchattach/scratchattach/.git.path /home/runner/work/_temp/git-credentials-1d5f5843-5a74-4d8e-9625-f3675f32b707.config
2026-01-12T03:51:31.0664650Z [command]/usr/bin/git config --local includeIf.gitdir:/home/runner/work/scratchattach/scratchattach/.git/worktrees/*.path /home/runner/work/_temp/git-credentials-1d5f5843-5a74-4d8e-9625-f3675f32b707.config
2026-01-12T03:51:31.0694369Z [command]/usr/bin/git config --local includeIf.gitdir:/github/workspace/.git.path /github/runner_temp/git-credentials-1d5f5843-5a74-4d8e-9625-f3675f32b707.config
2026-01-12T03:51:31.0724918Z [command]/usr/bin/git config --local includeIf.gitdir:/github/workspace/.git/worktrees/*.path /github/runner_temp/git-credentials-1d5f5843-5a74-4d8e-9625-f3675f32b707.config
2026-01-12T03:51:31.0750130Z ##[endgroup]
2026-01-12T03:51:31.0750701Z ##[group]Fetching the repository
2026-01-12T03:51:31.0760287Z [command]/usr/bin/git -c protocol.version=2 fetch --no-tags --prune --no-recurse-submodules --depth=1 origin +refs/heads/main*:refs/remotes/origin/main* +refs/tags/main*:refs/tags/main*
2026-01-12T03:51:31.5628187Z ##[endgroup]
2026-01-12T03:51:31.5628828Z ##[group]Determining the checkout info
2026-01-12T03:51:31.5636048Z [command]/usr/bin/git branch --list --remote origin/main
2026-01-12T03:51:31.5663117Z   origin/main
2026-01-12T03:51:31.5667142Z ##[endgroup]
2026-01-12T03:51:31.5672007Z [command]/usr/bin/git sparse-checkout disable
2026-01-12T03:51:31.5734722Z [command]/usr/bin/git config --local --unset-all extensions.worktreeConfig
2026-01-12T03:51:31.5761674Z ##[group]Checking out the ref
2026-01-12T03:51:31.5766079Z [command]/usr/bin/git checkout --progress --force -B main refs/remotes/origin/main
2026-01-12T03:51:31.5847905Z Switched to a new branch 'main'
2026-01-12T03:51:31.5850158Z branch 'main' set up to track 'origin/main'.
2026-01-12T03:51:31.5855638Z ##[endgroup]
2026-01-12T03:51:31.5897640Z [command]/usr/bin/git log -1 --format=%H
2026-01-12T03:51:31.5920084Z cf97aa4733a7dc0bf15d9a0c0085f05d74a0cb39
2026-01-12T03:51:31.6032040Z ##[group]Run python3 aesthetic_prioritizing.py
2026-01-12T03:51:31.6032424Z [36;1mpython3 aesthetic_prioritizing.py[0m
2026-01-12T03:51:31.6067046Z shell: /usr/bin/bash -e {0}
2026-01-12T03:51:31.6067273Z env:
2026-01-12T03:51:31.6067525Z   pythonLocation: /opt/hostedtoolcache/Python/3.13.11/x64
2026-01-12T03:51:31.6067961Z   PKG_CONFIG_PATH: /opt/hostedtoolcache/Python/3.13.11/x64/lib/pkgconfig
2026-01-12T03:51:31.6068384Z   Python_ROOT_DIR: /opt/hostedtoolcache/Python/3.13.11/x64
2026-01-12T03:51:31.6068736Z   Python2_ROOT_DIR: /opt/hostedtoolcache/Python/3.13.11/x64
2026-01-12T03:51:31.6069092Z   Python3_ROOT_DIR: /opt/hostedtoolcache/Python/3.13.11/x64
2026-01-12T03:51:31.6069444Z   LD_LIBRARY_PATH: /opt/hostedtoolcache/Python/3.13.11/x64/lib
2026-01-12T03:51:31.6069852Z   PASS: ***
2026-01-12T03:51:31.6070024Z ##[endgroup]
2026-01-12T03:51:33.0237646Z Prioritizing: Attempt 1
2026-01-12T03:51:33.0244893Z Projects already on top. No prioritizing needed.
2026-01-12T03:51:33.0251528Z Prioritized projects in your favorite list.
2026-01-12T03:51:33.0257309Z Prioritizing: Attempt 1
2026-01-12T03:51:33.4291681Z Unfollowed stuido 50609120
2026-01-12T03:52:08.4303662Z Followed studio 50609120 to move it to the top
2026-01-12T03:52:53.9310983Z Unfollowed stuido 50609126
2026-01-12T03:53:28.9322504Z Followed studio 50609126 to move it to the top
2026-01-12T03:54:14.6896449Z Unfollowed stuido 50609128
2026-01-12T03:54:49.6909082Z Followed studio 50609128 to move it to the top
2026-01-12T03:55:35.2340600Z Unfollowed stuido 50609129
2026-01-12T03:56:10.2352168Z Followed studio 50609129 to move it to the top
2026-01-12T03:56:55.5709081Z Prioritized studios in your favorite list.
2026-01-12T03:56:55.6058558Z Post job cleanup.
2026-01-12T03:56:55.6828868Z [command]/usr/bin/git version
2026-01-12T03:56:55.6867005Z git version 2.52.0
2026-01-12T03:56:55.6936294Z Temporarily overriding HOME='/home/runner/work/_temp/1a36c4e7-33e2-4470-9d0e-da56bead993e' before making global git config changes
2026-01-12T03:56:55.6937646Z Adding repository directory to the temporary git global config as a safe directory
2026-01-12T03:56:55.6942380Z [command]/usr/bin/git config --global --add safe.directory /home/runner/work/scratchattach/scratchattach
2026-01-12T03:56:55.6972755Z Removing SSH command configuration
2026-01-12T03:56:55.6979137Z [command]/usr/bin/git config --local --name-only --get-regexp core\.sshCommand
2026-01-12T03:56:55.7012092Z [command]/usr/bin/git submodule foreach --recursive sh -c "git config --local --name-only --get-regexp 'core\.sshCommand' && git config --local --unset-all 'core.sshCommand' || :"
2026-01-12T03:56:55.7238422Z Removing HTTP extra header
2026-01-12T03:56:55.7244215Z [command]/usr/bin/git config --local --name-only --get-regexp http\.https\:\/\/github\.com\/\.extraheader
2026-01-12T03:56:55.7276408Z [command]/usr/bin/git submodule foreach --recursive sh -c "git config --local --name-only --get-regexp 'http\.https\:\/\/github\.com\/\.extraheader' && git config --local --unset-all 'http.https://github.com/.extraheader' || :"
2026-01-12T03:56:55.7497582Z Removing includeIf entries pointing to credentials config files
2026-01-12T03:56:55.7504322Z [command]/usr/bin/git config --local --name-only --get-regexp ^includeIf\.gitdir:
2026-01-12T03:56:55.7526339Z includeif.gitdir:/home/runner/work/scratchattach/scratchattach/.git.path
2026-01-12T03:56:55.7527142Z includeif.gitdir:/home/runner/work/scratchattach/scratchattach/.git/worktrees/*.path
2026-01-12T03:56:55.7527600Z includeif.gitdir:/github/workspace/.git.path
2026-01-12T03:56:55.7528057Z includeif.gitdir:/github/workspace/.git/worktrees/*.path
2026-01-12T03:56:55.7535817Z [command]/usr/bin/git config --local --get-all includeif.gitdir:/home/runner/work/scratchattach/scratchattach/.git.path
2026-01-12T03:56:55.7557541Z /home/runner/work/_temp/git-credentials-1d5f5843-5a74-4d8e-9625-f3675f32b707.config
2026-01-12T03:56:55.7567824Z [command]/usr/bin/git config --local --unset includeif.gitdir:/home/runner/work/scratchattach/scratchattach/.git.path /home/runner/work/_temp/git-credentials-1d5f5843-5a74-4d8e-9625-f3675f32b707.config
2026-01-12T03:56:55.7600049Z [command]/usr/bin/git config --local --get-all includeif.gitdir:/home/runner/work/scratchattach/scratchattach/.git/worktrees/*.path
2026-01-12T03:56:55.7621027Z /home/runner/work/_temp/git-credentials-1d5f5843-5a74-4d8e-9625-f3675f32b707.config
2026-01-12T03:56:55.7630671Z [command]/usr/bin/git config --local --unset includeif.gitdir:/home/runner/work/scratchattach/scratchattach/.git/worktrees/*.path /home/runner/work/_temp/git-credentials-1d5f5843-5a74-4d8e-9625-f3675f32b707.config
2026-01-12T03:56:55.7660588Z [command]/usr/bin/git config --local --get-all includeif.gitdir:/github/workspace/.git.path
2026-01-12T03:56:55.7681483Z /github/runner_temp/git-credentials-1d5f5843-5a74-4d8e-9625-f3675f32b707.config
2026-01-12T03:56:55.7689346Z [command]/usr/bin/git config --local --unset includeif.gitdir:/github/workspace/.git.path /github/runner_temp/git-credentials-1d5f5843-5a74-4d8e-9625-f3675f32b707.config
2026-01-12T03:56:55.7718457Z [command]/usr/bin/git config --local --get-all includeif.gitdir:/github/workspace/.git/worktrees/*.path
2026-01-12T03:56:55.7738696Z /github/runner_temp/git-credentials-1d5f5843-5a74-4d8e-9625-f3675f32b707.config
2026-01-12T03:56:55.7747453Z [command]/usr/bin/git config --local --unset includeif.gitdir:/github/workspace/.git/worktrees/*.path /github/runner_temp/git-credentials-1d5f5843-5a74-4d8e-9625-f3675f32b707.config
2026-01-12T03:56:55.7777590Z [command]/usr/bin/git submodule foreach --recursive git config --local --show-origin --name-only --get-regexp remote.origin.url
2026-01-12T03:56:55.8001890Z Removing credentials config '/home/runner/work/_temp/git-credentials-1d5f5843-5a74-4d8e-9625-f3675f32b707.config'
2026-01-12T03:56:55.8157036Z Post job cleanup.
2026-01-12T03:56:55.9289488Z (node:2566) [DEP0040] DeprecationWarning: The `punycode` module is deprecated. Please use a userland alternative instead.
2026-01-12T03:56:55.9290364Z (Use `node --trace-deprecation ...` to show where the warning was created)
2026-01-12T03:56:55.9413255Z Post job cleanup.
2026-01-12T03:56:56.0195112Z [command]/usr/bin/git version
2026-01-12T03:56:56.0236161Z git version 2.52.0
2026-01-12T03:56:56.0311116Z Temporarily overriding HOME='/home/runner/work/_temp/9bc205e1-f20c-4b48-ae6a-9508535ffe25' before making global git config changes
2026-01-12T03:56:56.0312780Z Adding repository directory to the temporary git global config as a safe directory
2026-01-12T03:56:56.0316945Z [command]/usr/bin/git config --global --add safe.directory /home/runner/work/scratchattach/scratchattach
2026-01-12T03:56:56.0348759Z Removing SSH command configuration
2026-01-12T03:56:56.0355984Z [command]/usr/bin/git config --local --name-only --get-regexp core\.sshCommand
2026-01-12T03:56:56.0390637Z [command]/usr/bin/git submodule foreach --recursive sh -c "git config --local --name-only --get-regexp 'core\.sshCommand' && git config --local --unset-all 'core.sshCommand' || :"
2026-01-12T03:56:56.0636671Z Removing HTTP extra header
2026-01-12T03:56:56.0643223Z [command]/usr/bin/git config --local --name-only --get-regexp http\.https\:\/\/github\.com\/\.extraheader
2026-01-12T03:56:56.0678619Z [command]/usr/bin/git submodule foreach --recursive sh -c "git config --local --name-only --get-regexp 'http\.https\:\/\/github\.com\/\.extraheader' && git config --local --unset-all 'http.https://github.com/.extraheader' || :"
2026-01-12T03:56:56.0920598Z Removing includeIf entries pointing to credentials config files
2026-01-12T03:56:56.0928637Z [command]/usr/bin/git config --local --name-only --get-regexp ^includeIf\.gitdir:
2026-01-12T03:56:56.0961709Z [command]/usr/bin/git submodule foreach --recursive git config --local --show-origin --name-only --get-regexp remote.origin.url
2026-01-12T03:56:56.1335672Z Cleaning up orphan processes
