2025-12-25T03:18:03.0377023Z Current runner version: '2.330.0'
2025-12-25T03:18:03.0410958Z ##[group]Runner Image Provisioner
2025-12-25T03:18:03.0412205Z Hosted Compute Agent
2025-12-25T03:18:03.0413092Z Version: 20251211.462
2025-12-25T03:18:03.0414281Z Commit: 6cbad8c2bb55d58165063d031ccabf57e2d2db61
2025-12-25T03:18:03.0415440Z Build Date: 2025-12-11T16:28:49Z
2025-12-25T03:18:03.0416582Z Worker ID: {6af005f1-4b75-4114-bf02-422f6954c59c}
2025-12-25T03:18:03.0417867Z ##[endgroup]
2025-12-25T03:18:03.0418757Z ##[group]Operating System
2025-12-25T03:18:03.0419911Z Ubuntu
2025-12-25T03:18:03.0420829Z 24.04.3
2025-12-25T03:18:03.0421528Z LTS
2025-12-25T03:18:03.0422296Z ##[endgroup]
2025-12-25T03:18:03.0423324Z ##[group]Runner Image
2025-12-25T03:18:03.0424262Z Image: ubuntu-24.04
2025-12-25T03:18:03.0425116Z Version: 20251215.174.1
2025-12-25T03:18:03.0426950Z Included Software: https://github.com/actions/runner-images/blob/ubuntu24/20251215.174/images/ubuntu/Ubuntu2404-Readme.md
2025-12-25T03:18:03.0430040Z Image Release: https://github.com/actions/runner-images/releases/tag/ubuntu24%2F20251215.174
2025-12-25T03:18:03.0432009Z ##[endgroup]
2025-12-25T03:18:03.0434254Z ##[group]GITHUB_TOKEN Permissions
2025-12-25T03:18:03.0437230Z Actions: read
2025-12-25T03:18:03.0438073Z Contents: read
2025-12-25T03:18:03.0439114Z Metadata: read
2025-12-25T03:18:03.0439882Z Packages: read
2025-12-25T03:18:03.0440835Z SecurityEvents: write
2025-12-25T03:18:03.0441730Z ##[endgroup]
2025-12-25T03:18:03.0444773Z Secret source: Actions
2025-12-25T03:18:03.0446355Z Prepare workflow directory
2025-12-25T03:18:03.1208324Z Prepare all required actions
2025-12-25T03:18:03.1266542Z Getting action download info
2025-12-25T03:18:03.3779551Z Download action repository 'actions/checkout@v4' (SHA:34e114876b0b11c390a56381ad16ebd13914f8d5)
2025-12-25T03:18:03.4687359Z Download action repository 'github/codeql-action@v4' (SHA:5d4e8d1aca955e8d8589aabd499c5cae939e33c7)
2025-12-25T03:18:04.3137688Z Complete job name: Analyze (python)
2025-12-25T03:18:04.3816092Z ##[group]Run actions/checkout@v4
2025-12-25T03:18:04.3817072Z with:
2025-12-25T03:18:04.3817545Z   repository: Boss-1s/scratchattach
2025-12-25T03:18:04.3818477Z   token: ***
2025-12-25T03:18:04.3819082Z   ssh-strict: true
2025-12-25T03:18:04.3819563Z   ssh-user: git
2025-12-25T03:18:04.3820033Z   persist-credentials: true
2025-12-25T03:18:04.3820596Z   clean: true
2025-12-25T03:18:04.3821080Z   sparse-checkout-cone-mode: true
2025-12-25T03:18:04.3821718Z   fetch-depth: 1
2025-12-25T03:18:04.3822176Z   fetch-tags: false
2025-12-25T03:18:04.3822662Z   show-progress: true
2025-12-25T03:18:04.3823140Z   lfs: false
2025-12-25T03:18:04.3823584Z   submodules: false
2025-12-25T03:18:04.3824083Z   set-safe-directory: true
2025-12-25T03:18:04.3824870Z env:
2025-12-25T03:18:04.3825328Z   CODE_SCANNING_REF: refs/pull/50/head
2025-12-25T03:18:04.3826010Z   CODE_SCANNING_BASE_BRANCH: main
2025-12-25T03:18:04.3826736Z   CODE_SCANNING_IS_ANALYZING_DEFAULT_BRANCH: false
2025-12-25T03:18:04.3827647Z   CODE_SCANNING_IS_STEADY_STATE_DEFAULT_SETUP: true
2025-12-25T03:18:04.3848181Z   CODE_SCANNING_WORKFLOW_FILE: H4sIAAAAAAAA/6RV32/bNhB+919x8AakfZDzsicBBaY4cuLNsFNJQZcVBUFTJ5mLTKr8kVTt8r8PFKVYWuM5Q/1kHj9+vLvv40nQPYYwncsc36+mE2VF4EM/f/sGJTc7u53hAwoz46K2Rs+YzJFoRoXgoiTKCuLw8PQ0kSKEvBF0z9lkguIhnADMN5cxSefRer1cX5EkXryaGAvH+W+GiyiNyUUSrefXr2XaUo1kq6hgu5cYlymJ1tHq7k+3uIwX0e0q+583cE2ooFXz1S1yLKitzH/fmGZxdHlH0izK4udL0zi7vQnBKIvfnfmwSX5frDYfyGK5il+b16NU90UlH0nBq1ahyV9yq50sPl10fwG83pEPwRvHvadG8S+ziorS0tKdfdtClRU6cDo7UKHk/rd0s37ToZUVAtVbXzJAjWrPteZSaH8PAGWmXYJCmncxJoVBYcbBmrJ7WuI4qJFZxU0TtCXrEB4VNzjpSbiwGEgRoFJShVDQSvtNbRQ1WDZ9FgXlVVBQbYYg6GruQQBcsMrmeAgABNB3JOxrGewCMHePVE0I58/Al3Bby6s82MscQxBS4GjTtzGEs49Tu7XC2KCiBrWZfjo7kkrdmJ0UJzN5AfZDiWiDdSdt0JlovkN2L60BhbXU3EjVdJRWOzW7ZpyzDvfrwy+TEcFScMNpxb8i+JE0Ou4tf+5c/rkKPNk5F7zl8cBHbnYHyVqfa66Dey5yHYI7GfTv4xnVd0h7X39v/slL/RpAD+EhOMcaRY6CNQGjbMdF6Q/5vs5QPHAlxR6FgXfv4MwXF+ykNpifDYk+W1TcZTedwk9w6QdMG21A2/4NdO+g4GUIfw+E7AZSoNHYOhwpLFU5DgC4IqrAvT8dwsdXDhovCGlPwdMTfBqQmp1CatrmVC1lt9srnrq0oFbySwOFVKCw5Nq4ejsSnod++7QVtKHKBC34mCMO9IQpzFE4u3XCa2QKjZ5dLbPr2wuSxFfLNEuWcUpuks0fd0NJDo/viGPGtr5BVUi17zztZ63m+nRF3aA+VNN9V/3PfSPer3x25HqTZl0d7mHO2jbMpDWtYO2KOHMNyxgR3GySkwS1VMcJ5hGZx0m2XCznURafomKUMFSGF9wNq6Okt8kqPUVlVaUPBGPBD5NwoFQfdIf+CQAA//+2RVGDAgkAAA==
2025-12-25T03:18:04.3869139Z ##[endgroup]
2025-12-25T03:18:04.4978611Z Syncing repository: Boss-1s/scratchattach
2025-12-25T03:18:04.4982466Z ##[group]Getting Git version info
2025-12-25T03:18:04.4984288Z Working directory is '/home/runner/work/scratchattach/scratchattach'
2025-12-25T03:18:04.4986408Z [command]/usr/bin/git version
2025-12-25T03:18:04.5052903Z git version 2.52.0
2025-12-25T03:18:04.5080995Z ##[endgroup]
2025-12-25T03:18:04.5095480Z Temporarily overriding HOME='/home/runner/work/_temp/0bada469-b32b-44b9-be72-479dba5f4bde' before making global git config changes
2025-12-25T03:18:04.5097768Z Adding repository directory to the temporary git global config as a safe directory
2025-12-25T03:18:04.5100831Z [command]/usr/bin/git config --global --add safe.directory /home/runner/work/scratchattach/scratchattach
2025-12-25T03:18:04.5151835Z Deleting the contents of '/home/runner/work/scratchattach/scratchattach'
2025-12-25T03:18:04.5154809Z ##[group]Initializing the repository
2025-12-25T03:18:04.5159341Z [command]/usr/bin/git init /home/runner/work/scratchattach/scratchattach
2025-12-25T03:18:04.5270941Z hint: Using 'master' as the name for the initial branch. This default branch name
2025-12-25T03:18:04.5273357Z hint: will change to "main" in Git 3.0. To configure the initial branch name
2025-12-25T03:18:04.5275711Z hint: to use in all of your new repositories, which will suppress this warning,
2025-12-25T03:18:04.5276918Z hint: call:
2025-12-25T03:18:04.5277335Z hint:
2025-12-25T03:18:04.5277978Z hint: 	git config --global init.defaultBranch <name>
2025-12-25T03:18:04.5278786Z hint:
2025-12-25T03:18:04.5279843Z hint: Names commonly chosen instead of 'master' are 'main', 'trunk' and
2025-12-25T03:18:04.5282004Z hint: 'development'. The just-created branch can be renamed via this command:
2025-12-25T03:18:04.5283097Z hint:
2025-12-25T03:18:04.5283719Z hint: 	git branch -m <name>
2025-12-25T03:18:04.5284294Z hint:
2025-12-25T03:18:04.5285106Z hint: Disable this message with "git config set advice.defaultBranchName false"
2025-12-25T03:18:04.5287367Z Initialized empty Git repository in /home/runner/work/scratchattach/scratchattach/.git/
2025-12-25T03:18:04.5290014Z [command]/usr/bin/git remote add origin https://github.com/Boss-1s/scratchattach
2025-12-25T03:18:04.5322304Z ##[endgroup]
2025-12-25T03:18:04.5323184Z ##[group]Disabling automatic garbage collection
2025-12-25T03:18:04.5326078Z [command]/usr/bin/git config --local gc.auto 0
2025-12-25T03:18:04.5355069Z ##[endgroup]
2025-12-25T03:18:04.5355885Z ##[group]Setting up auth
2025-12-25T03:18:04.5361712Z [command]/usr/bin/git config --local --name-only --get-regexp core\.sshCommand
2025-12-25T03:18:04.5392289Z [command]/usr/bin/git submodule foreach --recursive sh -c "git config --local --name-only --get-regexp 'core\.sshCommand' && git config --local --unset-all 'core.sshCommand' || :"
2025-12-25T03:18:04.5762836Z [command]/usr/bin/git config --local --name-only --get-regexp http\.https\:\/\/github\.com\/\.extraheader
2025-12-25T03:18:04.5791612Z [command]/usr/bin/git submodule foreach --recursive sh -c "git config --local --name-only --get-regexp 'http\.https\:\/\/github\.com\/\.extraheader' && git config --local --unset-all 'http.https://github.com/.extraheader' || :"
2025-12-25T03:18:04.6010701Z [command]/usr/bin/git config --local --name-only --get-regexp ^includeIf\.gitdir:
2025-12-25T03:18:04.6040955Z [command]/usr/bin/git submodule foreach --recursive git config --local --show-origin --name-only --get-regexp remote.origin.url
2025-12-25T03:18:04.6272943Z [command]/usr/bin/git config --local http.https://github.com/.extraheader AUTHORIZATION: basic ***
2025-12-25T03:18:04.6305877Z ##[endgroup]
2025-12-25T03:18:04.6306791Z ##[group]Fetching the repository
2025-12-25T03:18:04.6315343Z [command]/usr/bin/git -c protocol.version=2 fetch --no-tags --prune --no-recurse-submodules --depth=1 origin +a1692bb45d3cd2f99e75c9823b9250bbb332fa6c:refs/remotes/pull/50/head
2025-12-25T03:18:07.4645363Z From https://github.com/Boss-1s/scratchattach
2025-12-25T03:18:07.4648202Z  * [new ref]         a1692bb45d3cd2f99e75c9823b9250bbb332fa6c -> pull/50/head
2025-12-25T03:18:07.4682481Z ##[endgroup]
2025-12-25T03:18:07.4682987Z ##[group]Determining the checkout info
2025-12-25T03:18:07.4684735Z ##[endgroup]
2025-12-25T03:18:07.4690263Z [command]/usr/bin/git sparse-checkout disable
2025-12-25T03:18:07.4735766Z [command]/usr/bin/git config --local --unset-all extensions.worktreeConfig
2025-12-25T03:18:07.4762984Z ##[group]Checking out the ref
2025-12-25T03:18:07.4767455Z [command]/usr/bin/git checkout --progress --force refs/remotes/pull/50/head
2025-12-25T03:18:08.1419340Z Note: switching to 'refs/remotes/pull/50/head'.
2025-12-25T03:18:08.1419977Z 
2025-12-25T03:18:08.1420564Z You are in 'detached HEAD' state. You can look around, make experimental
2025-12-25T03:18:08.1422029Z changes and commit them, and you can discard any commits you make in this
2025-12-25T03:18:08.1422979Z state without impacting any branches by switching back to a branch.
2025-12-25T03:18:08.1424134Z 
2025-12-25T03:18:08.1424658Z If you want to create a new branch to retain commits you create, you may
2025-12-25T03:18:08.1425527Z do so (now or later) by using -c with the switch command. Example:
2025-12-25T03:18:08.1425973Z 
2025-12-25T03:18:08.1426170Z   git switch -c <new-branch-name>
2025-12-25T03:18:08.1426475Z 
2025-12-25T03:18:08.1426700Z Or undo this operation with:
2025-12-25T03:18:08.1427062Z 
2025-12-25T03:18:08.1427262Z   git switch -
2025-12-25T03:18:08.1427530Z 
2025-12-25T03:18:08.1427928Z Turn off this advice by setting config variable advice.detachedHead to false
2025-12-25T03:18:08.1428554Z 
2025-12-25T03:18:08.1429323Z HEAD is now at a1692bb Update scratch_chat.py
2025-12-25T03:18:08.1482467Z ##[endgroup]
2025-12-25T03:18:08.1525779Z [command]/usr/bin/git log -1 --format=%H
2025-12-25T03:18:08.1550510Z a1692bb45d3cd2f99e75c9823b9250bbb332fa6c
2025-12-25T03:18:08.1857008Z ##[group]Run github/codeql-action/init@v4
2025-12-25T03:18:08.1857332Z with:
2025-12-25T03:18:08.1857526Z   analysis-kinds: code-scanning
2025-12-25T03:18:08.1858010Z   languages: python
2025-12-25T03:18:08.1858208Z   build-mode: none
2025-12-25T03:18:08.1858402Z   dependency-caching: true
2025-12-25T03:18:08.1858714Z   config: default-setup:
  org:
    model-packs: [  ]
threat-models: [  ]

2025-12-25T03:18:08.1859346Z   token: ***
2025-12-25T03:18:08.1859750Z   matrix: {
  "language": "python",
  "category": "/language:python",
  "build-mode": "none",
  "runner": "[\"ubuntu-latest\"]"
}
2025-12-25T03:18:08.1860482Z   debug: false
2025-12-25T03:18:08.1860682Z env:
2025-12-25T03:18:08.1860862Z   CODE_SCANNING_REF: refs/pull/50/head
2025-12-25T03:18:08.1861108Z   CODE_SCANNING_BASE_BRANCH: main
2025-12-25T03:18:08.1861369Z   CODE_SCANNING_IS_ANALYZING_DEFAULT_BRANCH: false
2025-12-25T03:18:08.1861656Z   CODE_SCANNING_IS_STEADY_STATE_DEFAULT_SETUP: true
2025-12-25T03:18:08.1867292Z   CODE_SCANNING_WORKFLOW_FILE: H4sIAAAAAAAA/6RV32/bNhB+919x8AakfZDzsicBBaY4cuLNsFNJQZcVBUFTJ5mLTKr8kVTt8r8PFKVYWuM5Q/1kHj9+vLvv40nQPYYwncsc36+mE2VF4EM/f/sGJTc7u53hAwoz46K2Rs+YzJFoRoXgoiTKCuLw8PQ0kSKEvBF0z9lkguIhnADMN5cxSefRer1cX5EkXryaGAvH+W+GiyiNyUUSrefXr2XaUo1kq6hgu5cYlymJ1tHq7k+3uIwX0e0q+583cE2ooFXz1S1yLKitzH/fmGZxdHlH0izK4udL0zi7vQnBKIvfnfmwSX5frDYfyGK5il+b16NU90UlH0nBq1ahyV9yq50sPl10fwG83pEPwRvHvadG8S+ziorS0tKdfdtClRU6cDo7UKHk/rd0s37ToZUVAtVbXzJAjWrPteZSaH8PAGWmXYJCmncxJoVBYcbBmrJ7WuI4qJFZxU0TtCXrEB4VNzjpSbiwGEgRoFJShVDQSvtNbRQ1WDZ9FgXlVVBQbYYg6GruQQBcsMrmeAgABNB3JOxrGewCMHePVE0I58/Al3Bby6s82MscQxBS4GjTtzGEs49Tu7XC2KCiBrWZfjo7kkrdmJ0UJzN5AfZDiWiDdSdt0JlovkN2L60BhbXU3EjVdJRWOzW7ZpyzDvfrwy+TEcFScMNpxb8i+JE0Ou4tf+5c/rkKPNk5F7zl8cBHbnYHyVqfa66Dey5yHYI7GfTv4xnVd0h7X39v/slL/RpAD+EhOMcaRY6CNQGjbMdF6Q/5vs5QPHAlxR6FgXfv4MwXF+ykNpifDYk+W1TcZTedwk9w6QdMG21A2/4NdO+g4GUIfw+E7AZSoNHYOhwpLFU5DgC4IqrAvT8dwsdXDhovCGlPwdMTfBqQmp1CatrmVC1lt9srnrq0oFbySwOFVKCw5Nq4ejsSnod++7QVtKHKBC34mCMO9IQpzFE4u3XCa2QKjZ5dLbPr2wuSxFfLNEuWcUpuks0fd0NJDo/viGPGtr5BVUi17zztZ63m+nRF3aA+VNN9V/3PfSPer3x25HqTZl0d7mHO2jbMpDWtYO2KOHMNyxgR3GySkwS1VMcJ5hGZx0m2XCznURafomKUMFSGF9wNq6Okt8kqPUVlVaUPBGPBD5NwoFQfdIf+CQAA//+2RVGDAgkAAA==
2025-12-25T03:18:08.1874083Z ##[endgroup]
2025-12-25T03:18:08.7349431Z Job run UUID is b95191c4-9145-4b57-8d41-a8062f2d2451.
2025-12-25T03:18:09.1122882Z ##[group]Setup CodeQL tools
2025-12-25T03:18:09.1189493Z [command]/usr/bin/tar --version
2025-12-25T03:18:09.1235255Z tar (GNU tar) 1.35
2025-12-25T03:18:09.1236069Z Copyright (C) 2023 Free Software Foundation, Inc.
2025-12-25T03:18:09.1237100Z License GPLv3+: GNU GPL version 3 or later <https://gnu.org/licenses/gpl.html>.
2025-12-25T03:18:09.1237900Z This is free software: you are free to change and redistribute it.
2025-12-25T03:18:09.1238548Z There is NO WARRANTY, to the extent permitted by law.
2025-12-25T03:18:09.1239119Z 
2025-12-25T03:18:09.1239309Z Written by John Gilmore and Jay Fenlason.
2025-12-25T03:18:09.1247263Z Found gnu tar version 1.35.
2025-12-25T03:18:09.1276570Z Found CodeQL tools version 2.23.8 in the toolcache.
2025-12-25T03:18:09.1277294Z Using CodeQL CLI version 2.23.8 from toolcache at /opt/hostedtoolcache/CodeQL/2.23.8/x64
2025-12-25T03:18:09.9595771Z [command]/opt/hostedtoolcache/CodeQL/2.23.8/x64/codeql/codeql version --format=json
2025-12-25T03:18:10.5929874Z {
2025-12-25T03:18:10.5930683Z   "productName" : "CodeQL",
2025-12-25T03:18:10.5933952Z   "vendor" : "GitHub",
2025-12-25T03:18:10.5934691Z   "version" : "2.23.8",
2025-12-25T03:18:10.5936016Z   "sha" : "d1011989dbb0da337606a511d9a16ba52ef49122",
2025-12-25T03:18:10.5936764Z   "branches" : [
2025-12-25T03:18:10.5937228Z     "codeql-cli-2.23.8"
2025-12-25T03:18:10.5937661Z   ],
2025-12-25T03:18:10.5938470Z   "copyright" : "Copyright (C) 2019-2025 GitHub, Inc.",
2025-12-25T03:18:10.5939598Z   "unpackedLocation" : "/opt/hostedtoolcache/CodeQL/2.23.8/x64/codeql",
2025-12-25T03:18:10.5940584Z   "configFileLocation" : "/home/runner/.config/codeql/config",
2025-12-25T03:18:10.5941940Z   "configFileFound" : false,
2025-12-25T03:18:10.5942656Z   "overlayVersion" : 4,
2025-12-25T03:18:10.5943127Z   "features" : {
2025-12-25T03:18:10.5943600Z     "analysisSummaryV2Default" : true,
2025-12-25T03:18:10.5944304Z     "buildModeOption" : true,
2025-12-25T03:18:10.5945139Z     "bundleSupportsIncludeDiagnostics" : true,
2025-12-25T03:18:10.5947334Z     "bundleSupportsIncludeLogs" : true,
2025-12-25T03:18:10.5948173Z     "databaseInterpretResultsSupportsSarifRunProperty" : true,
2025-12-25T03:18:10.5949159Z     "featuresInVersionResult" : true,
2025-12-25T03:18:10.5949840Z     "indirectTracingSupportsStaticBinaries" : false,
2025-12-25T03:18:10.5950605Z     "informsAboutUnsupportedPathFilters" : true,
2025-12-25T03:18:10.5951250Z     "supportsPython312" : true,
2025-12-25T03:18:10.5951916Z     "mrvaPackCreate" : true,
2025-12-25T03:18:10.5952431Z     "threatModelOption" : true,
2025-12-25T03:18:10.5953768Z     "traceCommandUseBuildMode" : true,
2025-12-25T03:18:10.5954224Z     "v2ramSizing" : true,
2025-12-25T03:18:10.5954655Z     "mrvaPackCreateMultipleQueries" : true,
2025-12-25T03:18:10.5955149Z     "setsCodeqlRunnerEnvVar" : true,
2025-12-25T03:18:10.5955613Z     "sarifMergeRunsFromEqualCategory" : true,
2025-12-25T03:18:10.5956075Z     "forceOverwrite" : true,
2025-12-25T03:18:10.5956477Z     "generateSummarySymbolMap" : true,
2025-12-25T03:18:10.5956951Z     "pythonDefaultIsToNotExtractStdlib" : true,
2025-12-25T03:18:10.5957436Z     "queryServerRunQueries" : true,
2025-12-25T03:18:10.5957852Z     "queryServerTrimCacheWithMode" : true,
2025-12-25T03:18:10.5958393Z     "builtinExtractorsSpecifyDefaultQueries" : true,
2025-12-25T03:18:10.5959109Z     "bqrsDiffResultSets" : true
2025-12-25T03:18:10.5959458Z   }
2025-12-25T03:18:10.5960344Z }
2025-12-25T03:18:10.6667569Z ##[endgroup]
2025-12-25T03:18:10.6671856Z ##[group]Load language configuration
2025-12-25T03:18:10.6705312Z [command]/opt/hostedtoolcache/CodeQL/2.23.8/x64/codeql/codeql resolve languages --format=betterjson --extractor-options-verbosity=4 --extractor-include-aliases --filter-to-languages-with-queries
2025-12-25T03:18:11.6758473Z {
2025-12-25T03:18:11.6759480Z   "aliases" : {
2025-12-25T03:18:11.6759882Z     "c" : "cpp",
2025-12-25T03:18:11.6760187Z     "c++" : "cpp",
2025-12-25T03:18:11.6760475Z     "c-c++" : "cpp",
2025-12-25T03:18:11.6760803Z     "c-cpp" : "cpp",
2025-12-25T03:18:11.6761119Z     "c#" : "csharp",
2025-12-25T03:18:11.6761458Z     "java-kotlin" : "java",
2025-12-25T03:18:11.6761813Z     "kotlin" : "java",
2025-12-25T03:18:11.6762175Z     "javascript-typescript" : "javascript",
2025-12-25T03:18:11.6762630Z     "typescript" : "javascript"
2025-12-25T03:18:11.6762972Z   },
2025-12-25T03:18:11.6763230Z   "extractors" : {
2025-12-25T03:18:11.6763519Z     "rust" : [
2025-12-25T03:18:11.6763796Z       {
2025-12-25T03:18:11.6764232Z         "extractor_root" : "/opt/hostedtoolcache/CodeQL/2.23.8/x64/codeql/rust",
2025-12-25T03:18:11.6764805Z         "extractor_options" : {
2025-12-25T03:18:11.6765169Z           "trap" : {
2025-12-25T03:18:11.6765586Z             "title" : "Options pertaining to TRAP.",
2025-12-25T03:18:11.6766065Z             "description" : "Options pertaining to TRAP.",
2025-12-25T03:18:11.6766522Z             "type" : "object",
2025-12-25T03:18:11.6766885Z             "properties" : {
2025-12-25T03:18:11.6767246Z               "compression" : {
2025-12-25T03:18:11.6767832Z                 "title" : "Controls compression for the TRAP files written by the extractor.",
2025-12-25T03:18:11.6769663Z                 "description" : "This option is only intended for use in debugging the extractor. Accepted values are 'gzip' (to write gzip-compressed TRAP) 'zstd' (to write Zstandard-compressed TRAP) and 'none' (the default, to write uncompressed TRAP).\n",
2025-12-25T03:18:11.6771136Z                 "type" : "string",
2025-12-25T03:18:11.6771551Z                 "pattern" : "^(none|gzip|zstd)$"
2025-12-25T03:18:11.6771950Z               }
2025-12-25T03:18:11.6772233Z             }
2025-12-25T03:18:11.6772501Z           },
2025-12-25T03:18:11.6773192Z           "cargo_target_dir" : {
2025-12-25T03:18:11.6773652Z             "title" : "Directory to use for cargo output files.",
2025-12-25T03:18:11.6775535Z             "description" : "This value is an optional path to use as `CARGO_TARGET_DIR` for the internal cargo commands the extractor uses. Pointing it to a persistent directory may reduce execution time of consecutive extractor runs. By default, a new scratch directory is used for each run.\n",
2025-12-25T03:18:11.6777206Z             "type" : "string"
2025-12-25T03:18:11.6777544Z           },
2025-12-25T03:18:11.6777832Z           "cargo_target" : {
2025-12-25T03:18:11.6778208Z             "title" : "Target architecture",
2025-12-25T03:18:11.6779290Z             "description" : "Target architecture to use for analysis, analogous to `cargo --target`. By default the host architecture is used.\n",
2025-12-25T03:18:11.6780155Z             "type" : "string"
2025-12-25T03:18:11.6780502Z           },
2025-12-25T03:18:11.6780789Z           "cargo_features" : {
2025-12-25T03:18:11.6781163Z             "title" : "Cargo features to turn on",
2025-12-25T03:18:11.6782773Z             "description" : "Comma-separated list of features to turn on. By default all features are enabled. If any features are specified, then only those features are enabled. The `default` feature must be explicitly specified if only default features are desired. Can be repeated.\n",
2025-12-25T03:18:11.6784325Z             "type" : "array"
2025-12-25T03:18:11.6784649Z           },
2025-12-25T03:18:11.6784930Z           "cargo_cfg_overrides" : {
2025-12-25T03:18:11.6785325Z             "title" : "Cargo cfg overrides",
2025-12-25T03:18:11.6786133Z             "description" : "Comma-separated list of cfg settings to enable, or disable if prefixed with `-`. Can be repeated.\n",
2025-12-25T03:18:11.6786903Z             "type" : "array"
2025-12-25T03:18:11.6787216Z           },
2025-12-25T03:18:11.6787478Z           "logging" : {
2025-12-25T03:18:11.6788093Z             "title" : "Options pertaining to logging.",
2025-12-25T03:18:11.6788590Z             "description" : "Options pertaining to logging.",
2025-12-25T03:18:11.6805273Z             "type" : "object",
2025-12-25T03:18:11.6805682Z             "properties" : {
2025-12-25T03:18:11.6806062Z               "verbosity" : {
2025-12-25T03:18:11.6806500Z                 "title" : "Extractor logging verbosity level.",
2025-12-25T03:18:11.6808020Z                 "description" : "Controls the level of verbosity of the extractor. The supported levels are (in order of increasing verbosity):\n  - off\n  - errors\n  - warnings\n  - info or progress\n  - debug or progress+\n  - trace or progress++\n  - progress+++\n",
2025-12-25T03:18:11.6809755Z                 "type" : "string",
2025-12-25T03:18:11.6810545Z                 "pattern" : "^(off|errors|warnings|(info|progress)|(debug|progress\\+)|(trace|progress\\+\\+)|progress\\+\\+\\+)$"
2025-12-25T03:18:11.6811286Z               },
2025-12-25T03:18:11.6811631Z               "flamegraph" : {
2025-12-25T03:18:11.6812152Z                 "title" : "[Experimental] File path for write flame graph log",
2025-12-25T03:18:11.6813542Z                 "description" : "Collect flame graph data using the `tracing-flame` crate. To render a flame graph or chart, run the `inferno-flamegraph` command. See also: https://crates.io/crates/tracing-flame\n",
2025-12-25T03:18:11.6814764Z                 "type" : "string"
2025-12-25T03:18:11.6815130Z               }
2025-12-25T03:18:11.6815487Z             }
2025-12-25T03:18:11.6815756Z           },
2025-12-25T03:18:11.6816171Z           "extract_dependencies_as_source" : {
2025-12-25T03:18:11.6816670Z             "title" : "Extract dependencies as source code",
2025-12-25T03:18:11.6817443Z             "description" : "Extract the full source code of dependencies instead of only extracting signatures.\n",
2025-12-25T03:18:11.6818210Z             "type" : "string",
2025-12-25T03:18:11.6818604Z             "pattern" : "^(false|true)$"
2025-12-25T03:18:11.6819216Z           }
2025-12-25T03:18:11.6819747Z         }
2025-12-25T03:18:11.6820025Z       }
2025-12-25T03:18:11.6820281Z     ],
2025-12-25T03:18:11.6820533Z     "python" : [
2025-12-25T03:18:11.6820824Z       {
2025-12-25T03:18:11.6821278Z         "extractor_root" : "/opt/hostedtoolcache/CodeQL/2.23.8/x64/codeql/python",
2025-12-25T03:18:11.6821909Z         "extractor_options" : {
2025-12-25T03:18:11.6822277Z           "logging" : {
2025-12-25T03:18:11.6822666Z             "title" : "Options pertaining to logging.",
2025-12-25T03:18:11.6823192Z             "description" : "Options pertaining to logging.",
2025-12-25T03:18:11.6823680Z             "type" : "object",
2025-12-25T03:18:11.6824004Z             "properties" : {
2025-12-25T03:18:11.6824310Z               "verbosity" : {
2025-12-25T03:18:11.6824761Z                 "title" : "Python extractor logging verbosity level.",
2025-12-25T03:18:11.6826384Z                 "description" : "Controls the level of verbosity of the CodeQL Python extractor.\nThe supported levels are (in order of increasing verbosity):\n\n  - off\n  - errors\n  - warnings\n  - info or progress\n  - debug or progress+\n  - trace or progress++\n  - progress+++\n",
2025-12-25T03:18:11.6827435Z                 "type" : "string",
2025-12-25T03:18:11.6827874Z                 "pattern" : "^(off|errors|warnings|(info|progress)|(debug|progress\\+)|(trace|progress\\+\\+)|progress\\+\\+\\+)$"
2025-12-25T03:18:11.6828284Z               }
2025-12-25T03:18:11.6828446Z             }
2025-12-25T03:18:11.6828588Z           },
2025-12-25T03:18:11.6828762Z           "python_executable_name" : {
2025-12-25T03:18:11.6829378Z             "title" : "Controls the name of the Python executable used by the Python extractor.",
2025-12-25T03:18:11.6830684Z             "description" : "The Python extractor uses platform-dependent heuristics to determine the name of the Python executable to use. Specifying a value for this option overrides the name of the Python executable used by the extractor. Accepted values are py, python and python3. Use this setting with caution, the Python extractor requires Python 3 to run.\n",
2025-12-25T03:18:11.6832059Z             "type" : "string",
2025-12-25T03:18:11.6832280Z             "pattern" : "^(py|python|python3)$"
2025-12-25T03:18:11.6832642Z           }
2025-12-25T03:18:11.6832897Z         }
2025-12-25T03:18:11.6833167Z       }
2025-12-25T03:18:11.6833415Z     ],
2025-12-25T03:18:11.6833676Z     "cpp" : [
2025-12-25T03:18:11.6833958Z       {
2025-12-25T03:18:11.6834296Z         "extractor_root" : "/opt/hostedtoolcache/CodeQL/2.23.8/x64/codeql/cpp",
2025-12-25T03:18:11.6834631Z         "extractor_options" : {
2025-12-25T03:18:11.6834824Z           "trap" : {
2025-12-25T03:18:11.6835013Z             "title" : "TRAP options",
2025-12-25T03:18:11.6835388Z             "description" : "Options about how the extractor handles TRAP files",
2025-12-25T03:18:11.6835955Z             "type" : "object",
2025-12-25T03:18:11.6836313Z             "visibility" : 3,
2025-12-25T03:18:11.6836698Z             "properties" : {
2025-12-25T03:18:11.6837040Z               "cache" : {
2025-12-25T03:18:11.6837330Z                 "title" : "TRAP cache options",
2025-12-25T03:18:11.6837676Z                 "description" : "Options about how the extractor handles its TRAP cache",
2025-12-25T03:18:11.6838007Z                 "type" : "object",
2025-12-25T03:18:11.6838221Z                 "properties" : {
2025-12-25T03:18:11.6838416Z                   "dir" : {
2025-12-25T03:18:11.6838626Z                     "title" : "TRAP cache directory",
2025-12-25T03:18:11.6839136Z                     "description" : "The directory of the TRAP cache to use",
2025-12-25T03:18:11.6839433Z                     "type" : "string"
2025-12-25T03:18:11.6839631Z                   },
2025-12-25T03:18:11.6839805Z                   "bound" : {
2025-12-25T03:18:11.6840006Z                     "title" : "TRAP cache bound",
2025-12-25T03:18:11.6840326Z                     "description" : "A soft limit (in MB) on the size of the TRAP cache",
2025-12-25T03:18:11.6840847Z                     "type" : "string",
2025-12-25T03:18:11.6841076Z                     "pattern" : "[0-9]+"
2025-12-25T03:18:11.6841293Z                   },
2025-12-25T03:18:11.6841454Z                   "write" : {
2025-12-25T03:18:11.6841666Z                     "title" : "TRAP cache writeable",
2025-12-25T03:18:11.6842006Z                     "description" : "Whether to write to the TRAP cache as well as reading it",
2025-12-25T03:18:11.6842340Z                     "type" : "string",
2025-12-25T03:18:11.6842573Z                     "pattern" : "(true|TRUE|false|FALSE)"
2025-12-25T03:18:11.6842803Z                   }
2025-12-25T03:18:11.6842968Z                 }
2025-12-25T03:18:11.6843119Z               }
2025-12-25T03:18:11.6843276Z             }
2025-12-25T03:18:11.6843424Z           },
2025-12-25T03:18:11.6843585Z           "scale_timeouts" : {
2025-12-25T03:18:11.6843856Z             "title" : "Value to scale compiler introspection timeouts with",
2025-12-25T03:18:11.6845121Z             "description" : "The extractor attempts to determine what compiler the source code being extracted is compiled with. To this end the extractor makes additional calls to the compiler, some of which are expected to return within a certain fixed time (either 10s or 15s). On some systems that are under high load this time might be too short, and can be scaled up using this option.\n",
2025-12-25T03:18:11.6846296Z             "type" : "string",
2025-12-25T03:18:11.6846490Z             "pattern" : "[0-9]+"
2025-12-25T03:18:11.6846684Z           },
2025-12-25T03:18:11.6846838Z           "log_verbosity" : {
2025-12-25T03:18:11.6847068Z             "title" : "Verbosity of the extractor logging",
2025-12-25T03:18:11.6847588Z             "description" : "Set the verbosity of the extractor logging to 'quiet' (0), 'normal' (1), 'chatty' (2), or 'noisy' (3). The default is 'normal'.\n",
2025-12-25T03:18:11.6848072Z             "type" : "string",
2025-12-25T03:18:11.6848400Z             "pattern" : "[0-3]"
2025-12-25T03:18:11.6848590Z           },
2025-12-25T03:18:11.6848759Z           "frontend_options" : {
2025-12-25T03:18:11.6849276Z             "title" : "C/C++ extractor frontend options",
2025-12-25T03:18:11.6850024Z             "description" : "Set additional options that should be passed to the C/C++ extractor frontend.\n",
2025-12-25T03:18:11.6850582Z             "type" : "array",
2025-12-25T03:18:11.6850789Z             "visibility" : 3
2025-12-25T03:18:11.6851077Z           }
2025-12-25T03:18:11.6851310Z         }
2025-12-25T03:18:11.6851537Z       }
2025-12-25T03:18:11.6851750Z     ],
2025-12-25T03:18:11.6851945Z     "csharp" : [
2025-12-25T03:18:11.6852102Z       {
2025-12-25T03:18:11.6852369Z         "extractor_root" : "/opt/hostedtoolcache/CodeQL/2.23.8/x64/codeql/csharp",
2025-12-25T03:18:11.6852699Z         "extractor_options" : {
2025-12-25T03:18:11.6852896Z           "trap" : {
2025-12-25T03:18:11.6853088Z             "title" : "Options pertaining to TRAP.",
2025-12-25T03:18:11.6853382Z             "description" : "Options pertaining to TRAP.",
2025-12-25T03:18:11.6853628Z             "type" : "object",
2025-12-25T03:18:11.6853823Z             "properties" : {
2025-12-25T03:18:11.6854019Z               "compression" : {
2025-12-25T03:18:11.6854327Z                 "title" : "Controls compression for the TRAP files written by the extractor.",
2025-12-25T03:18:11.6855164Z                 "description" : "This option is only intended for use in debugging the extractor. Accepted values are 'brotli' (the default, to write brotli-compressed TRAP), 'gzip', and 'none' (to write uncompressed TRAP).\n",
2025-12-25T03:18:11.6855867Z                 "type" : "string",
2025-12-25T03:18:11.6856096Z                 "pattern" : "^(none|gzip|brotli)$"
2025-12-25T03:18:11.6856316Z               }
2025-12-25T03:18:11.6856486Z             }
2025-12-25T03:18:11.6856637Z           },
2025-12-25T03:18:11.6856788Z           "buildless" : {
2025-12-25T03:18:11.6857237Z             "title" : "DEPRECATED - Whether to use buildless (standalone) extraction.",
2025-12-25T03:18:11.6859028Z             "description" : "DEPRECATED: Use `--build-mode none` instead.\nA value indicating, which type of extraction the autobuilder should perform. If 'true', then the standalone extractor will be used, otherwise tracing extraction will be performed. The default is 'false'. Note that buildless extraction will generally yield less accurate analysis results, and should only be used in cases where it is not possible to build the code (for example if it uses inaccessible dependencies).\n",
2025-12-25T03:18:11.6860501Z             "type" : "string",
2025-12-25T03:18:11.6860716Z             "pattern" : "^(false|true)$"
2025-12-25T03:18:11.6860928Z           },
2025-12-25T03:18:11.6861085Z           "logging" : {
2025-12-25T03:18:11.6861288Z             "title" : "Options pertaining to logging.",
2025-12-25T03:18:11.6861579Z             "description" : "Options pertaining to logging.",
2025-12-25T03:18:11.6861840Z             "type" : "object",
2025-12-25T03:18:11.6862053Z             "properties" : {
2025-12-25T03:18:11.6862251Z               "verbosity" : {
2025-12-25T03:18:11.6862642Z                 "title" : "Extractor logging verbosity level.",
2025-12-25T03:18:11.6864367Z                 "description" : "Controls the level of verbosity of the extractor. The supported levels are (in order of increasing verbosity):\n  - off\n  - errors\n  - warnings\n  - info or progress\n  - debug or progress+\n  - trace or progress++\n  - progress+++\n",
2025-12-25T03:18:11.6865669Z                 "type" : "string",
2025-12-25T03:18:11.6866298Z                 "pattern" : "^(off|errors|warnings|(info|progress)|(debug|progress\\+)|(trace|progress\\+\\+)|progress\\+\\+\\+)$"
2025-12-25T03:18:11.6866952Z               }
2025-12-25T03:18:11.6867196Z             }
2025-12-25T03:18:11.6867424Z           },
2025-12-25T03:18:11.6867668Z           "binlog" : {
2025-12-25T03:18:11.6867948Z             "title" : "Binlog",
2025-12-25T03:18:11.6869254Z             "description" : "[EXPERIMENTAL] The value is a path to the MsBuild binary log file that should be extracted. This option only works when `--build-mode none` is also specified.\n",
2025-12-25T03:18:11.6870210Z             "type" : "array"
2025-12-25T03:18:11.6870499Z           },
2025-12-25T03:18:11.6870770Z           "buildless_dependency_dir" : {
2025-12-25T03:18:11.6871371Z             "title" : "The path where buildless (standalone) extraction should keep dependencies.",
2025-12-25T03:18:11.6872251Z             "description" : "If set, the buildless (standalone) extractor will store dependencies in this directory.\n",
2025-12-25T03:18:11.6872945Z             "type" : "string"
2025-12-25T03:18:11.6873260Z           }
2025-12-25T03:18:11.6873495Z         }
2025-12-25T03:18:11.6873732Z       }
2025-12-25T03:18:11.6873955Z     ],
2025-12-25T03:18:11.6874186Z     "java" : [
2025-12-25T03:18:11.6874425Z       {
2025-12-25T03:18:11.6874811Z         "extractor_root" : "/opt/hostedtoolcache/CodeQL/2.23.8/x64/codeql/java",
2025-12-25T03:18:11.6875328Z         "extractor_options" : {
2025-12-25T03:18:11.6875627Z           "exclude" : {
2025-12-25T03:18:11.6875964Z             "title" : "A glob excluding files from analysis.",
2025-12-25T03:18:11.6876952Z             "description" : "A glob indicating what files to exclude from the analysis. This accepts glob patterns that are supported by Java's 'getPathMatcher' implementation.\n",
2025-12-25T03:18:11.6877898Z             "type" : "string"
2025-12-25T03:18:11.6878190Z           },
2025-12-25T03:18:11.6878450Z           "add_prefer_source" : {
2025-12-25T03:18:11.6879046Z             "title" : "Whether to always prefer source files over class files.",
2025-12-25T03:18:11.6880655Z             "description" : "A value indicating whether source files should be preferred over class files. If set to 'true', the extraction adds '-Xprefer:source' to the javac command line. If set to 'false', the extraction uses the default javac behavior ('-Xprefer:newer'). The default is 'true'.\n",
2025-12-25T03:18:11.6882250Z             "type" : "string",
2025-12-25T03:18:11.6882585Z             "pattern" : "^(false|true)$"
2025-12-25T03:18:11.6882939Z           },
2025-12-25T03:18:11.6883196Z           "buildless" : {
2025-12-25T03:18:11.6883676Z             "title" : "Whether to use buildless (standalone) extraction (experimental).",
2025-12-25T03:18:11.6886142Z             "description" : "A value indicating, which type of extraction the autobuilder should perform. If 'true', then the standalone extractor will be used, otherwise tracing extraction will be performed. The default is 'false'. Note that buildless extraction will generally yield less accurate analysis results, and should only be used in cases where it is not possible to build the code (for example if it uses inaccessible dependencies).\n",
2025-12-25T03:18:11.6888414Z             "type" : "string",
2025-12-25T03:18:11.6888763Z             "pattern" : "^(false|true)$"
2025-12-25T03:18:11.6889298Z           },
2025-12-25T03:18:11.6889591Z           "buildless_dependency_dir" : {
2025-12-25T03:18:11.6890202Z             "title" : "The path where buildless (standalone) extraction should keep dependencies.",
2025-12-25T03:18:11.6891139Z             "description" : "If set, the buildless (standalone) extractor will store dependencies in this directory.\n",
2025-12-25T03:18:11.6891854Z             "type" : "string"
2025-12-25T03:18:11.6892161Z           },
2025-12-25T03:18:11.6892446Z           "minimize_dependency_jars" : {
2025-12-25T03:18:11.6893063Z             "title" : "Whether to rewrite and minimize downloaded JAR dependencies (experimental).",
2025-12-25T03:18:11.6894320Z             "description" : "If 'true', JAR dependencies downloaded during extraction will be rewritten to remove unneeded data, such as method bodies. The default is 'false'.\n",
2025-12-25T03:18:11.6895315Z             "type" : "string",
2025-12-25T03:18:11.6895652Z             "pattern" : "^(false|true)$"
2025-12-25T03:18:11.6896169Z           }
2025-12-25T03:18:11.6896405Z         }
2025-12-25T03:18:11.6896648Z       }
2025-12-25T03:18:11.6896880Z     ],
2025-12-25T03:18:11.6897127Z     "go" : [
2025-12-25T03:18:11.6897367Z       {
2025-12-25T03:18:11.6897776Z         "extractor_root" : "/opt/hostedtoolcache/CodeQL/2.23.8/x64/codeql/go",
2025-12-25T03:18:11.6898304Z         "extractor_options" : {
2025-12-25T03:18:11.6898647Z           "extract_tests" : {
2025-12-25T03:18:11.6899248Z             "title" : "Whether to include Go test files in the CodeQL database.",
2025-12-25T03:18:11.6900196Z             "description" : "A value indicating whether Go test files should be included in the CodeQL database. The default is 'false'.\n",
2025-12-25T03:18:11.6900997Z             "type" : "string",
2025-12-25T03:18:11.6901335Z             "pattern" : "^(false|true)$"
2025-12-25T03:18:11.6901689Z           },
2025-12-25T03:18:11.6901958Z           "extract_vendor_dirs" : {
2025-12-25T03:18:11.6902500Z             "title" : "Whether to include Go vendor directories in the CodeQL database.",
2025-12-25T03:18:11.6903551Z             "description" : "A value indicating whether Go vendor directories should be included in the CodeQL database. The default is 'false'.\n",
2025-12-25T03:18:11.6904409Z             "type" : "string",
2025-12-25T03:18:11.6904755Z             "pattern" : "^(false|true)$"
2025-12-25T03:18:11.6905114Z           }
2025-12-25T03:18:11.6905353Z         }
2025-12-25T03:18:11.6905588Z       }
2025-12-25T03:18:11.6905813Z     ],
2025-12-25T03:18:11.6906058Z     "actions" : [
2025-12-25T03:18:11.6906318Z       {
2025-12-25T03:18:11.6906751Z         "extractor_root" : "/opt/hostedtoolcache/CodeQL/2.23.8/x64/codeql/actions",
2025-12-25T03:18:11.6907305Z         "extractor_options" : {
2025-12-25T03:18:11.6907636Z           "trap" : {
2025-12-25T03:18:11.6907931Z             "title" : "TRAP options",
2025-12-25T03:18:11.6908441Z             "description" : "Options about how the extractor handles TRAP files",
2025-12-25T03:18:11.6909089Z             "type" : "object",
2025-12-25T03:18:11.6909549Z             "visibility" : 3,
2025-12-25T03:18:11.6909890Z             "properties" : {
2025-12-25T03:18:11.6910197Z               "cache" : {
2025-12-25T03:18:11.6910527Z                 "title" : "TRAP cache options",
2025-12-25T03:18:11.6911078Z                 "description" : "Options about how the extractor handles its TRAP cache",
2025-12-25T03:18:11.6911611Z                 "type" : "object",
2025-12-25T03:18:11.6911958Z                 "properties" : {
2025-12-25T03:18:11.6912291Z                   "dir" : {
2025-12-25T03:18:11.6912629Z                     "title" : "TRAP cache directory",
2025-12-25T03:18:11.6913127Z                     "description" : "The directory of the TRAP cache to use",
2025-12-25T03:18:11.6913610Z                     "type" : "string"
2025-12-25T03:18:11.6913946Z                   },
2025-12-25T03:18:11.6914230Z                   "bound" : {
2025-12-25T03:18:11.6914569Z                     "title" : "TRAP cache bound",
2025-12-25T03:18:11.6915112Z                     "description" : "A soft limit (in MB) on the size of the TRAP cache",
2025-12-25T03:18:11.6915631Z                     "type" : "string",
2025-12-25T03:18:11.6916001Z                     "pattern" : "[0-9]+"
2025-12-25T03:18:11.6916356Z                   },
2025-12-25T03:18:11.6916629Z                   "write" : {
2025-12-25T03:18:11.6916981Z                     "title" : "TRAP cache writeable",
2025-12-25T03:18:11.6917551Z                     "description" : "Whether to write to the TRAP cache as well as reading it",
2025-12-25T03:18:11.6918110Z                     "type" : "string",
2025-12-25T03:18:11.6918490Z                     "pattern" : "(true|TRUE|false|FALSE)"
2025-12-25T03:18:11.6919008Z                   }
2025-12-25T03:18:11.6919274Z                 }
2025-12-25T03:18:11.6919536Z               }
2025-12-25T03:18:11.6919789Z             }
2025-12-25T03:18:11.6920049Z           }
2025-12-25T03:18:11.6920291Z         }
2025-12-25T03:18:11.6920677Z       }
2025-12-25T03:18:11.6920915Z     ],
2025-12-25T03:18:11.6921161Z     "javascript" : [
2025-12-25T03:18:11.6921444Z       {
2025-12-25T03:18:11.6921884Z         "extractor_root" : "/opt/hostedtoolcache/CodeQL/2.23.8/x64/codeql/javascript",
2025-12-25T03:18:11.6922454Z         "extractor_options" : {
2025-12-25T03:18:11.6922761Z           "trap" : {
2025-12-25T03:18:11.6923052Z             "title" : "TRAP options",
2025-12-25T03:18:11.6923564Z             "description" : "Options about how the extractor handles TRAP files",
2025-12-25T03:18:11.6924099Z             "type" : "object",
2025-12-25T03:18:11.6924433Z             "visibility" : 3,
2025-12-25T03:18:11.6924767Z             "properties" : {
2025-12-25T03:18:11.6925104Z               "cache" : {
2025-12-25T03:18:11.6925439Z                 "title" : "TRAP cache options",
2025-12-25T03:18:11.6926010Z                 "description" : "Options about how the extractor handles its TRAP cache",
2025-12-25T03:18:11.6926558Z                 "type" : "object",
2025-12-25T03:18:11.6926914Z                 "properties" : {
2025-12-25T03:18:11.6927242Z                   "dir" : {
2025-12-25T03:18:11.6927586Z                     "title" : "TRAP cache directory",
2025-12-25T03:18:11.6928105Z                     "description" : "The directory of the TRAP cache to use",
2025-12-25T03:18:11.6928594Z                     "type" : "string"
2025-12-25T03:18:11.6929062Z                   },
2025-12-25T03:18:11.6929347Z                   "bound" : {
2025-12-25T03:18:11.6929690Z                     "title" : "TRAP cache bound",
2025-12-25T03:18:11.6930220Z                     "description" : "A soft limit (in MB) on the size of the TRAP cache",
2025-12-25T03:18:11.6930745Z                     "type" : "string",
2025-12-25T03:18:11.6931109Z                     "pattern" : "[0-9]+"
2025-12-25T03:18:11.6931465Z                   },
2025-12-25T03:18:11.6931740Z                   "write" : {
2025-12-25T03:18:11.6932088Z                     "title" : "TRAP cache writeable",
2025-12-25T03:18:11.6932987Z                     "description" : "Whether to write to the TRAP cache as well as reading it",
2025-12-25T03:18:11.6933540Z                     "type" : "string",
2025-12-25T03:18:11.6933904Z                     "pattern" : "(true|TRUE|false|FALSE)"
2025-12-25T03:18:11.6934261Z                   }
2025-12-25T03:18:11.6934515Z                 }
2025-12-25T03:18:11.6934762Z               }
2025-12-25T03:18:11.6935007Z             }
2025-12-25T03:18:11.6935230Z           },
2025-12-25T03:18:11.6935478Z           "skip_types" : {
2025-12-25T03:18:11.6935827Z             "title" : "Skip type extraction for TypeScript",
2025-12-25T03:18:11.6936447Z             "description" : "Whether to skip the extraction of types in a TypeScript application",
2025-12-25T03:18:11.6936998Z             "type" : "string",
2025-12-25T03:18:11.6937322Z             "pattern" : "^(false|true)$"
2025-12-25T03:18:11.6937628Z           }
2025-12-25T03:18:11.6937781Z         }
2025-12-25T03:18:11.6937919Z       }
2025-12-25T03:18:11.6938066Z     ],
2025-12-25T03:18:11.6938214Z     "swift" : [
2025-12-25T03:18:11.6938361Z       {
2025-12-25T03:18:11.6938609Z         "extractor_root" : "/opt/hostedtoolcache/CodeQL/2.23.8/x64/codeql/swift"
2025-12-25T03:18:11.6939133Z       }
2025-12-25T03:18:11.6939279Z     ],
2025-12-25T03:18:11.6939415Z     "ruby" : [
2025-12-25T03:18:11.6939567Z       {
2025-12-25T03:18:11.6940000Z         "extractor_root" : "/opt/hostedtoolcache/CodeQL/2.23.8/x64/codeql/ruby",
2025-12-25T03:18:11.6940552Z         "extractor_options" : {
2025-12-25T03:18:11.6940866Z           "trap" : {
2025-12-25T03:18:11.6941162Z             "title" : "Options pertaining to TRAP.",
2025-12-25T03:18:11.6941449Z             "description" : "Options pertaining to TRAP.",
2025-12-25T03:18:11.6941700Z             "type" : "object",
2025-12-25T03:18:11.6941902Z             "properties" : {
2025-12-25T03:18:11.6942101Z               "compression" : {
2025-12-25T03:18:11.6942425Z                 "title" : "Controls compression for the TRAP files written by the extractor.",
2025-12-25T03:18:11.6943742Z                 "description" : "This option is only intended for use in debugging the extractor. Accepted values are 'gzip' (the default, to write gzip-compressed TRAP) 'zstd' (to write Zstandard-compressed TRAP) and 'none' (to write uncompressed TRAP).\n",
2025-12-25T03:18:11.6944574Z                 "type" : "string",
2025-12-25T03:18:11.6944813Z                 "pattern" : "^(none|gzip|zstd)$"
2025-12-25T03:18:11.6945036Z               }
2025-12-25T03:18:11.6945192Z             }
2025-12-25T03:18:11.6945337Z           }
2025-12-25T03:18:11.6945485Z         }
2025-12-25T03:18:11.6945624Z       }
2025-12-25T03:18:11.6945765Z     ]
2025-12-25T03:18:11.6945901Z   }
2025-12-25T03:18:11.6946050Z }
2025-12-25T03:18:11.6961706Z Languages from configuration: python
2025-12-25T03:18:11.6968546Z [command]/opt/hostedtoolcache/CodeQL/2.23.8/x64/codeql/codeql resolve languages --format=betterjson --extractor-options-verbosity=4 --extractor-include-aliases
2025-12-25T03:18:12.6105044Z {
2025-12-25T03:18:12.6108462Z   "aliases" : {
2025-12-25T03:18:12.6109939Z     "c" : "cpp",
2025-12-25T03:18:12.6123216Z     "c++" : "cpp",
2025-12-25T03:18:12.6123711Z     "c-c++" : "cpp",
2025-12-25T03:18:12.6124152Z     "c-cpp" : "cpp",
2025-12-25T03:18:12.6124587Z     "c#" : "csharp",
2025-12-25T03:18:12.6125131Z     "java-kotlin" : "java",
2025-12-25T03:18:12.6125474Z     "kotlin" : "java",
2025-12-25T03:18:12.6125819Z     "javascript-typescript" : "javascript",
2025-12-25T03:18:12.6126272Z     "typescript" : "javascript"
2025-12-25T03:18:12.6126637Z   },
2025-12-25T03:18:12.6126908Z   "extractors" : {
2025-12-25T03:18:12.6127183Z     "xml" : [
2025-12-25T03:18:12.6127464Z       {
2025-12-25T03:18:12.6127906Z         "extractor_root" : "/opt/hostedtoolcache/CodeQL/2.23.8/x64/codeql/xml"
2025-12-25T03:18:12.6128460Z       }
2025-12-25T03:18:12.6128706Z     ],
2025-12-25T03:18:12.6129189Z     "python" : [
2025-12-25T03:18:12.6129470Z       {
2025-12-25T03:18:12.6130468Z         "extractor_root" : "/opt/hostedtoolcache/CodeQL/2.23.8/x64/codeql/python",
2025-12-25T03:18:12.6131010Z         "extractor_options" : {
2025-12-25T03:18:12.6131357Z           "logging" : {
2025-12-25T03:18:12.6131680Z             "title" : "Options pertaining to logging.",
2025-12-25T03:18:12.6132187Z             "description" : "Options pertaining to logging.",
2025-12-25T03:18:12.6132666Z             "type" : "object",
2025-12-25T03:18:12.6133036Z             "properties" : {
2025-12-25T03:18:12.6133387Z               "verbosity" : {
2025-12-25T03:18:12.6133834Z                 "title" : "Python extractor logging verbosity level.",
2025-12-25T03:18:12.6135342Z                 "description" : "Controls the level of verbosity of the CodeQL Python extractor.\nThe supported levels are (in order of increasing verbosity):\n\n  - off\n  - errors\n  - warnings\n  - info or progress\n  - debug or progress+\n  - trace or progress++\n  - progress+++\n",
2025-12-25T03:18:12.6136813Z                 "type" : "string",
2025-12-25T03:18:12.6137579Z                 "pattern" : "^(off|errors|warnings|(info|progress)|(debug|progress\\+)|(trace|progress\\+\\+)|progress\\+\\+\\+)$"
2025-12-25T03:18:12.6138331Z               }
2025-12-25T03:18:12.6138622Z             }
2025-12-25T03:18:12.6139104Z           },
2025-12-25T03:18:12.6139415Z           "python_executable_name" : {
2025-12-25T03:18:12.6140029Z             "title" : "Controls the name of the Python executable used by the Python extractor.",
2025-12-25T03:18:12.6142261Z             "description" : "The Python extractor uses platform-dependent heuristics to determine the name of the Python executable to use. Specifying a value for this option overrides the name of the Python executable used by the extractor. Accepted values are py, python and python3. Use this setting with caution, the Python extractor requires Python 3 to run.\n",
2025-12-25T03:18:12.6144248Z             "type" : "string",
2025-12-25T03:18:12.6144631Z             "pattern" : "^(py|python|python3)$"
2025-12-25T03:18:12.6145359Z           }
2025-12-25T03:18:12.6145635Z         }
2025-12-25T03:18:12.6145882Z       }
2025-12-25T03:18:12.6146097Z     ],
2025-12-25T03:18:12.6146323Z     "javascript" : [
2025-12-25T03:18:12.6146597Z       {
2025-12-25T03:18:12.6147232Z         "extractor_root" : "/opt/hostedtoolcache/CodeQL/2.23.8/x64/codeql/javascript",
2025-12-25T03:18:12.6147844Z         "extractor_options" : {
2025-12-25T03:18:12.6148187Z           "trap" : {
2025-12-25T03:18:12.6148485Z             "title" : "TRAP options",
2025-12-25T03:18:12.6149212Z             "description" : "Options about how the extractor handles TRAP files",
2025-12-25T03:18:12.6149773Z             "type" : "object",
2025-12-25T03:18:12.6150133Z             "visibility" : 3,
2025-12-25T03:18:12.6150495Z             "properties" : {
2025-12-25T03:18:12.6150815Z               "cache" : {
2025-12-25T03:18:12.6151138Z                 "title" : "TRAP cache options",
2025-12-25T03:18:12.6151638Z                 "description" : "Options about how the extractor handles its TRAP cache",
2025-12-25T03:18:12.6152183Z                 "type" : "object",
2025-12-25T03:18:12.6152542Z                 "properties" : {
2025-12-25T03:18:12.6152891Z                   "dir" : {
2025-12-25T03:18:12.6153255Z                     "title" : "TRAP cache directory",
2025-12-25T03:18:12.6153787Z                     "description" : "The directory of the TRAP cache to use",
2025-12-25T03:18:12.6154305Z                     "type" : "string"
2025-12-25T03:18:12.6154654Z                   },
2025-12-25T03:18:12.6154938Z                   "bound" : {
2025-12-25T03:18:12.6155299Z                     "title" : "TRAP cache bound",
2025-12-25T03:18:12.6155831Z                     "description" : "A soft limit (in MB) on the size of the TRAP cache",
2025-12-25T03:18:12.6156365Z                     "type" : "string",
2025-12-25T03:18:12.6156760Z                     "pattern" : "[0-9]+"
2025-12-25T03:18:12.6157125Z                   },
2025-12-25T03:18:12.6157457Z                   "write" : {
2025-12-25T03:18:12.6158061Z                     "title" : "TRAP cache writeable",
2025-12-25T03:18:12.6158671Z                     "description" : "Whether to write to the TRAP cache as well as reading it",
2025-12-25T03:18:12.6159472Z                     "type" : "string",
2025-12-25T03:18:12.6159878Z                     "pattern" : "(true|TRUE|false|FALSE)"
2025-12-25T03:18:12.6160249Z                   }
2025-12-25T03:18:12.6160529Z                 }
2025-12-25T03:18:12.6160807Z               }
2025-12-25T03:18:12.6161077Z             }
2025-12-25T03:18:12.6161352Z           },
2025-12-25T03:18:12.6161632Z           "skip_types" : {
2025-12-25T03:18:12.6162034Z             "title" : "Skip type extraction for TypeScript",
2025-12-25T03:18:12.6162730Z             "description" : "Whether to skip the extraction of types in a TypeScript application",
2025-12-25T03:18:12.6163352Z             "type" : "string",
2025-12-25T03:18:12.6163695Z             "pattern" : "^(false|true)$"
2025-12-25T03:18:12.6164080Z           }
2025-12-25T03:18:12.6164354Z         }
2025-12-25T03:18:12.6164597Z       }
2025-12-25T03:18:12.6164849Z     ],
2025-12-25T03:18:12.6165087Z     "rust" : [
2025-12-25T03:18:12.6165348Z       {
2025-12-25T03:18:12.6165745Z         "extractor_root" : "/opt/hostedtoolcache/CodeQL/2.23.8/x64/codeql/rust",
2025-12-25T03:18:12.6166322Z         "extractor_options" : {
2025-12-25T03:18:12.6166673Z           "trap" : {
2025-12-25T03:18:12.6167003Z             "title" : "Options pertaining to TRAP.",
2025-12-25T03:18:12.6167511Z             "description" : "Options pertaining to TRAP.",
2025-12-25T03:18:12.6167927Z             "type" : "object",
2025-12-25T03:18:12.6168284Z             "properties" : {
2025-12-25T03:18:12.6168644Z               "compression" : {
2025-12-25T03:18:12.6169408Z                 "title" : "Controls compression for the TRAP files written by the extractor.",
2025-12-25T03:18:12.6170945Z                 "description" : "This option is only intended for use in debugging the extractor. Accepted values are 'gzip' (to write gzip-compressed TRAP) 'zstd' (to write Zstandard-compressed TRAP) and 'none' (the default, to write uncompressed TRAP).\n",
2025-12-25T03:18:12.6172628Z                 "type" : "string",
2025-12-25T03:18:12.6173045Z                 "pattern" : "^(none|gzip|zstd)$"
2025-12-25T03:18:12.6173434Z               }
2025-12-25T03:18:12.6173678Z             }
2025-12-25T03:18:12.6173940Z           },
2025-12-25T03:18:12.6174238Z           "cargo_target_dir" : {
2025-12-25T03:18:12.6174662Z             "title" : "Directory to use for cargo output files.",
2025-12-25T03:18:12.6176357Z             "description" : "This value is an optional path to use as `CARGO_TARGET_DIR` for the internal cargo commands the extractor uses. Pointing it to a persistent directory may reduce execution time of consecutive extractor runs. By default, a new scratch directory is used for each run.\n",
2025-12-25T03:18:12.6177927Z             "type" : "string"
2025-12-25T03:18:12.6178208Z           },
2025-12-25T03:18:12.6178382Z           "cargo_target" : {
2025-12-25T03:18:12.6178654Z             "title" : "Target architecture",
2025-12-25T03:18:12.6179640Z             "description" : "Target architecture to use for analysis, analogous to `cargo --target`. By default the host architecture is used.\n",
2025-12-25T03:18:12.6180202Z             "type" : "string"
2025-12-25T03:18:12.6180385Z           },
2025-12-25T03:18:12.6180546Z           "cargo_features" : {
2025-12-25T03:18:12.6180764Z             "title" : "Cargo features to turn on",
2025-12-25T03:18:12.6181670Z             "description" : "Comma-separated list of features to turn on. By default all features are enabled. If any features are specified, then only those features are enabled. The `default` feature must be explicitly specified if only default features are desired. Can be repeated.\n",
2025-12-25T03:18:12.6182574Z             "type" : "array"
2025-12-25T03:18:12.6182761Z           },
2025-12-25T03:18:12.6182936Z           "cargo_cfg_overrides" : {
2025-12-25T03:18:12.6183337Z             "title" : "Cargo cfg overrides",
2025-12-25T03:18:12.6183821Z             "description" : "Comma-separated list of cfg settings to enable, or disable if prefixed with `-`. Can be repeated.\n",
2025-12-25T03:18:12.6184259Z             "type" : "array"
2025-12-25T03:18:12.6184442Z           },
2025-12-25T03:18:12.6184588Z           "logging" : {
2025-12-25T03:18:12.6184814Z             "title" : "Options pertaining to logging.",
2025-12-25T03:18:12.6185110Z             "description" : "Options pertaining to logging.",
2025-12-25T03:18:12.6185366Z             "type" : "object",
2025-12-25T03:18:12.6185561Z             "properties" : {
2025-12-25T03:18:12.6185756Z               "verbosity" : {
2025-12-25T03:18:12.6185976Z                 "title" : "Extractor logging verbosity level.",
2025-12-25T03:18:12.6186821Z                 "description" : "Controls the level of verbosity of the extractor. The supported levels are (in order of increasing verbosity):\n  - off\n  - errors\n  - warnings\n  - info or progress\n  - debug or progress+\n  - trace or progress++\n  - progress+++\n",
2025-12-25T03:18:12.6187617Z                 "type" : "string",
2025-12-25T03:18:12.6188036Z                 "pattern" : "^(off|errors|warnings|(info|progress)|(debug|progress\\+)|(trace|progress\\+\\+)|progress\\+\\+\\+)$"
2025-12-25T03:18:12.6188447Z               },
2025-12-25T03:18:12.6188611Z               "flamegraph" : {
2025-12-25T03:18:12.6189103Z                 "title" : "[Experimental] File path for write flame graph log",
2025-12-25T03:18:12.6189892Z                 "description" : "Collect flame graph data using the `tracing-flame` crate. To render a flame graph or chart, run the `inferno-flamegraph` command. See also: https://crates.io/crates/tracing-flame\n",
2025-12-25T03:18:12.6190853Z                 "type" : "string"
2025-12-25T03:18:12.6191169Z               }
2025-12-25T03:18:12.6191424Z             }
2025-12-25T03:18:12.6191673Z           },
2025-12-25T03:18:12.6192191Z           "extract_dependencies_as_source" : {
2025-12-25T03:18:12.6192657Z             "title" : "Extract dependencies as source code",
2025-12-25T03:18:12.6193206Z             "description" : "Extract the full source code of dependencies instead of only extracting signatures.\n",
2025-12-25T03:18:12.6193614Z             "type" : "string",
2025-12-25T03:18:12.6193816Z             "pattern" : "^(false|true)$"
2025-12-25T03:18:12.6194029Z           }
2025-12-25T03:18:12.6194169Z         }
2025-12-25T03:18:12.6194313Z       }
2025-12-25T03:18:12.6194448Z     ],
2025-12-25T03:18:12.6194594Z     "csv" : [
2025-12-25T03:18:12.6194736Z       {
2025-12-25T03:18:12.6194973Z         "extractor_root" : "/opt/hostedtoolcache/CodeQL/2.23.8/x64/codeql/csv"
2025-12-25T03:18:12.6195271Z       }
2025-12-25T03:18:12.6195404Z     ],
2025-12-25T03:18:12.6195547Z     "cpp" : [
2025-12-25T03:18:12.6195693Z       {
2025-12-25T03:18:12.6195929Z         "extractor_root" : "/opt/hostedtoolcache/CodeQL/2.23.8/x64/codeql/cpp",
2025-12-25T03:18:12.6196246Z         "extractor_options" : {
2025-12-25T03:18:12.6196444Z           "trap" : {
2025-12-25T03:18:12.6196623Z             "title" : "TRAP options",
2025-12-25T03:18:12.6196937Z             "description" : "Options about how the extractor handles TRAP files",
2025-12-25T03:18:12.6197259Z             "type" : "object",
2025-12-25T03:18:12.6197458Z             "visibility" : 3,
2025-12-25T03:18:12.6197662Z             "properties" : {
2025-12-25T03:18:12.6197853Z               "cache" : {
2025-12-25T03:18:12.6198060Z                 "title" : "TRAP cache options",
2025-12-25T03:18:12.6198388Z                 "description" : "Options about how the extractor handles its TRAP cache",
2025-12-25T03:18:12.6198723Z                 "type" : "object",
2025-12-25T03:18:12.6199158Z                 "properties" : {
2025-12-25T03:18:12.6199364Z                   "dir" : {
2025-12-25T03:18:12.6199569Z                     "title" : "TRAP cache directory",
2025-12-25T03:18:12.6200018Z                     "description" : "The directory of the TRAP cache to use",
2025-12-25T03:18:12.6200328Z                     "type" : "string"
2025-12-25T03:18:12.6200530Z                   },
2025-12-25T03:18:12.6200702Z                   "bound" : {
2025-12-25T03:18:12.6200903Z                     "title" : "TRAP cache bound",
2025-12-25T03:18:12.6201217Z                     "description" : "A soft limit (in MB) on the size of the TRAP cache",
2025-12-25T03:18:12.6201520Z                     "type" : "string",
2025-12-25T03:18:12.6201742Z                     "pattern" : "[0-9]+"
2025-12-25T03:18:12.6201946Z                   },
2025-12-25T03:18:12.6202114Z                   "write" : {
2025-12-25T03:18:12.6202325Z                     "title" : "TRAP cache writeable",
2025-12-25T03:18:12.6202662Z                     "description" : "Whether to write to the TRAP cache as well as reading it",
2025-12-25T03:18:12.6202998Z                     "type" : "string",
2025-12-25T03:18:12.6203230Z                     "pattern" : "(true|TRUE|false|FALSE)"
2025-12-25T03:18:12.6203471Z                   }
2025-12-25T03:18:12.6203626Z                 }
2025-12-25T03:18:12.6203782Z               }
2025-12-25T03:18:12.6203929Z             }
2025-12-25T03:18:12.6204077Z           },
2025-12-25T03:18:12.6204239Z           "scale_timeouts" : {
2025-12-25T03:18:12.6204499Z             "title" : "Value to scale compiler introspection timeouts with",
2025-12-25T03:18:12.6205732Z             "description" : "The extractor attempts to determine what compiler the source code being extracted is compiled with. To this end the extractor makes additional calls to the compiler, some of which are expected to return within a certain fixed time (either 10s or 15s). On some systems that are under high load this time might be too short, and can be scaled up using this option.\n",
2025-12-25T03:18:12.6206877Z             "type" : "string",
2025-12-25T03:18:12.6207076Z             "pattern" : "[0-9]+"
2025-12-25T03:18:12.6207266Z           },
2025-12-25T03:18:12.6207572Z           "log_verbosity" : {
2025-12-25T03:18:12.6207804Z             "title" : "Verbosity of the extractor logging",
2025-12-25T03:18:12.6208318Z             "description" : "Set the verbosity of the extractor logging to 'quiet' (0), 'normal' (1), 'chatty' (2), or 'noisy' (3). The default is 'normal'.\n",
2025-12-25T03:18:12.6208799Z             "type" : "string",
2025-12-25T03:18:12.6209230Z             "pattern" : "[0-3]"
2025-12-25T03:18:12.6209426Z           },
2025-12-25T03:18:12.6209596Z           "frontend_options" : {
2025-12-25T03:18:12.6209833Z             "title" : "C/C++ extractor frontend options",
2025-12-25T03:18:12.6210264Z             "description" : "Set additional options that should be passed to the C/C++ extractor frontend.\n",
2025-12-25T03:18:12.6210654Z             "type" : "array",
2025-12-25T03:18:12.6210852Z             "visibility" : 3
2025-12-25T03:18:12.6211030Z           }
2025-12-25T03:18:12.6211177Z         }
2025-12-25T03:18:12.6211315Z       }
2025-12-25T03:18:12.6211463Z     ],
2025-12-25T03:18:12.6211606Z     "java" : [
2025-12-25T03:18:12.6211760Z       {
2025-12-25T03:18:12.6211999Z         "extractor_root" : "/opt/hostedtoolcache/CodeQL/2.23.8/x64/codeql/java",
2025-12-25T03:18:12.6212319Z         "extractor_options" : {
2025-12-25T03:18:12.6212514Z           "exclude" : {
2025-12-25T03:18:12.6212729Z             "title" : "A glob excluding files from analysis.",
2025-12-25T03:18:12.6213358Z             "description" : "A glob indicating what files to exclude from the analysis. This accepts glob patterns that are supported by Java's 'getPathMatcher' implementation.\n",
2025-12-25T03:18:12.6213932Z             "type" : "string"
2025-12-25T03:18:12.6214114Z           },
2025-12-25T03:18:12.6214275Z           "add_prefer_source" : {
2025-12-25T03:18:12.6214568Z             "title" : "Whether to always prefer source files over class files.",
2025-12-25T03:18:12.6215668Z             "description" : "A value indicating whether source files should be preferred over class files. If set to 'true', the extraction adds '-Xprefer:source' to the javac command line. If set to 'false', the extraction uses the default javac behavior ('-Xprefer:newer'). The default is 'true'.\n",
2025-12-25T03:18:12.6216568Z             "type" : "string",
2025-12-25T03:18:12.6216783Z             "pattern" : "^(false|true)$"
2025-12-25T03:18:12.6216993Z           },
2025-12-25T03:18:12.6217154Z           "buildless" : {
2025-12-25T03:18:12.6217440Z             "title" : "Whether to use buildless (standalone) extraction (experimental).",
2025-12-25T03:18:12.6219099Z             "description" : "A value indicating, which type of extraction the autobuilder should perform. If 'true', then the standalone extractor will be used, otherwise tracing extraction will be performed. The default is 'false'. Note that buildless extraction will generally yield less accurate analysis results, and should only be used in cases where it is not possible to build the code (for example if it uses inaccessible dependencies).\n",
2025-12-25T03:18:12.6220446Z             "type" : "string",
2025-12-25T03:18:12.6220648Z             "pattern" : "^(false|true)$"
2025-12-25T03:18:12.6220861Z           },
2025-12-25T03:18:12.6221024Z           "buildless_dependency_dir" : {
2025-12-25T03:18:12.6221390Z             "title" : "The path where buildless (standalone) extraction should keep dependencies.",
2025-12-25T03:18:12.6221942Z             "description" : "If set, the buildless (standalone) extractor will store dependencies in this directory.\n",
2025-12-25T03:18:12.6222349Z             "type" : "string"
2025-12-25T03:18:12.6222529Z           },
2025-12-25T03:18:12.6222688Z           "minimize_dependency_jars" : {
2025-12-25T03:18:12.6223047Z             "title" : "Whether to rewrite and minimize downloaded JAR dependencies (experimental).",
2025-12-25T03:18:12.6223769Z             "description" : "If 'true', JAR dependencies downloaded during extraction will be rewritten to remove unneeded data, such as method bodies. The default is 'false'.\n",
2025-12-25T03:18:12.6224504Z             "type" : "string",
2025-12-25T03:18:12.6224705Z             "pattern" : "^(false|true)$"
2025-12-25T03:18:12.6224905Z           }
2025-12-25T03:18:12.6225048Z         }
2025-12-25T03:18:12.6225183Z       }
2025-12-25T03:18:12.6225321Z     ],
2025-12-25T03:18:12.6225460Z     "html" : [
2025-12-25T03:18:12.6225611Z       {
2025-12-25T03:18:12.6225845Z         "extractor_root" : "/opt/hostedtoolcache/CodeQL/2.23.8/x64/codeql/html"
2025-12-25T03:18:12.6226145Z       }
2025-12-25T03:18:12.6226279Z     ],
2025-12-25T03:18:12.6226413Z     "yaml" : [
2025-12-25T03:18:12.6226563Z       {
2025-12-25T03:18:12.6226820Z         "extractor_root" : "/opt/hostedtoolcache/CodeQL/2.23.8/x64/codeql/yaml"
2025-12-25T03:18:12.6227117Z       }
2025-12-25T03:18:12.6227246Z     ],
2025-12-25T03:18:12.6227389Z     "swift" : [
2025-12-25T03:18:12.6227540Z       {
2025-12-25T03:18:12.6227781Z         "extractor_root" : "/opt/hostedtoolcache/CodeQL/2.23.8/x64/codeql/swift"
2025-12-25T03:18:12.6228081Z       }
2025-12-25T03:18:12.6228222Z     ],
2025-12-25T03:18:12.6228366Z     "properties" : [
2025-12-25T03:18:12.6228538Z       {
2025-12-25T03:18:12.6228802Z         "extractor_root" : "/opt/hostedtoolcache/CodeQL/2.23.8/x64/codeql/properties"
2025-12-25T03:18:12.6229345Z       }
2025-12-25T03:18:12.6229491Z     ],
2025-12-25T03:18:12.6229639Z     "ruby" : [
2025-12-25T03:18:12.6229802Z       {
2025-12-25T03:18:12.6230045Z         "extractor_root" : "/opt/hostedtoolcache/CodeQL/2.23.8/x64/codeql/ruby",
2025-12-25T03:18:12.6230369Z         "extractor_options" : {
2025-12-25T03:18:12.6230567Z           "trap" : {
2025-12-25T03:18:12.6230772Z             "title" : "Options pertaining to TRAP.",
2025-12-25T03:18:12.6231052Z             "description" : "Options pertaining to TRAP.",
2025-12-25T03:18:12.6231314Z             "type" : "object",
2025-12-25T03:18:12.6231522Z             "properties" : {
2025-12-25T03:18:12.6231716Z               "compression" : {
2025-12-25T03:18:12.6232167Z                 "title" : "Controls compression for the TRAP files written by the extractor.",
2025-12-25T03:18:12.6233094Z                 "description" : "This option is only intended for use in debugging the extractor. Accepted values are 'gzip' (the default, to write gzip-compressed TRAP) 'zstd' (to write Zstandard-compressed TRAP) and 'none' (to write uncompressed TRAP).\n",
2025-12-25T03:18:12.6233886Z                 "type" : "string",
2025-12-25T03:18:12.6234114Z                 "pattern" : "^(none|gzip|zstd)$"
2025-12-25T03:18:12.6234338Z               }
2025-12-25T03:18:12.6234497Z             }
2025-12-25T03:18:12.6234641Z           }
2025-12-25T03:18:12.6234786Z         }
2025-12-25T03:18:12.6234923Z       }
2025-12-25T03:18:12.6235063Z     ],
2025-12-25T03:18:12.6235199Z     "go" : [
2025-12-25T03:18:12.6235348Z       {
2025-12-25T03:18:12.6235577Z         "extractor_root" : "/opt/hostedtoolcache/CodeQL/2.23.8/x64/codeql/go",
2025-12-25T03:18:12.6235892Z         "extractor_options" : {
2025-12-25T03:18:12.6236094Z           "extract_tests" : {
2025-12-25T03:18:12.6236378Z             "title" : "Whether to include Go test files in the CodeQL database.",
2025-12-25T03:18:12.6236937Z             "description" : "A value indicating whether Go test files should be included in the CodeQL database. The default is 'false'.\n",
2025-12-25T03:18:12.6237401Z             "type" : "string",
2025-12-25T03:18:12.6237608Z             "pattern" : "^(false|true)$"
2025-12-25T03:18:12.6237816Z           },
2025-12-25T03:18:12.6237979Z           "extract_vendor_dirs" : {
2025-12-25T03:18:12.6238291Z             "title" : "Whether to include Go vendor directories in the CodeQL database.",
2025-12-25T03:18:12.6239110Z             "description" : "A value indicating whether Go vendor directories should be included in the CodeQL database. The default is 'false'.\n",
2025-12-25T03:18:12.6239803Z             "type" : "string",
2025-12-25T03:18:12.6240003Z             "pattern" : "^(false|true)$"
2025-12-25T03:18:12.6240366Z           }
2025-12-25T03:18:12.6240505Z         }
2025-12-25T03:18:12.6240652Z       }
2025-12-25T03:18:12.6240787Z     ],
2025-12-25T03:18:12.6240944Z     "csharp" : [
2025-12-25T03:18:12.6241099Z       {
2025-12-25T03:18:12.6241346Z         "extractor_root" : "/opt/hostedtoolcache/CodeQL/2.23.8/x64/codeql/csharp",
2025-12-25T03:18:12.6241670Z         "extractor_options" : {
2025-12-25T03:18:12.6241867Z           "trap" : {
2025-12-25T03:18:12.6242063Z             "title" : "Options pertaining to TRAP.",
2025-12-25T03:18:12.6242334Z             "description" : "Options pertaining to TRAP.",
2025-12-25T03:18:12.6242598Z             "type" : "object",
2025-12-25T03:18:12.6242793Z             "properties" : {
2025-12-25T03:18:12.6242994Z               "compression" : {
2025-12-25T03:18:12.6243298Z                 "title" : "Controls compression for the TRAP files written by the extractor.",
2025-12-25T03:18:12.6244128Z                 "description" : "This option is only intended for use in debugging the extractor. Accepted values are 'brotli' (the default, to write brotli-compressed TRAP), 'gzip', and 'none' (to write uncompressed TRAP).\n",
2025-12-25T03:18:12.6244838Z                 "type" : "string",
2025-12-25T03:18:12.6245057Z                 "pattern" : "^(none|gzip|brotli)$"
2025-12-25T03:18:12.6245283Z               }
2025-12-25T03:18:12.6245430Z             }
2025-12-25T03:18:12.6245580Z           },
2025-12-25T03:18:12.6245791Z           "buildless" : {
2025-12-25T03:18:12.6264206Z             "title" : "DEPRECATED - Whether to use buildless (standalone) extraction.",
2025-12-25T03:18:12.6266105Z             "description" : "DEPRECATED: Use `--build-mode none` instead.\nA value indicating, which type of extraction the autobuilder should perform. If 'true', then the standalone extractor will be used, otherwise tracing extraction will be performed. The default is 'false'. Note that buildless extraction will generally yield less accurate analysis results, and should only be used in cases where it is not possible to build the code (for example if it uses inaccessible dependencies).\n",
2025-12-25T03:18:12.6268262Z             "type" : "string",
2025-12-25T03:18:12.6268503Z             "pattern" : "^(false|true)$"
2025-12-25T03:18:12.6268728Z           },
2025-12-25T03:18:12.6269101Z           "logging" : {
2025-12-25T03:18:12.6269318Z             "title" : "Options pertaining to logging.",
2025-12-25T03:18:12.6269622Z             "description" : "Options pertaining to logging.",
2025-12-25T03:18:12.6269995Z             "type" : "object",
2025-12-25T03:18:12.6270214Z             "properties" : {
2025-12-25T03:18:12.6270423Z               "verbosity" : {
2025-12-25T03:18:12.6270656Z                 "title" : "Extractor logging verbosity level.",
2025-12-25T03:18:12.6271502Z                 "description" : "Controls the level of verbosity of the extractor. The supported levels are (in order of increasing verbosity):\n  - off\n  - errors\n  - warnings\n  - info or progress\n  - debug or progress+\n  - trace or progress++\n  - progress+++\n",
2025-12-25T03:18:12.6272305Z                 "type" : "string",
2025-12-25T03:18:12.6272732Z                 "pattern" : "^(off|errors|warnings|(info|progress)|(debug|progress\\+)|(trace|progress\\+\\+)|progress\\+\\+\\+)$"
2025-12-25T03:18:12.6273165Z               }
2025-12-25T03:18:12.6273324Z             }
2025-12-25T03:18:12.6273482Z           },
2025-12-25T03:18:12.6273636Z           "binlog" : {
2025-12-25T03:18:12.6273825Z             "title" : "Binlog",
2025-12-25T03:18:12.6274415Z             "description" : "[EXPERIMENTAL] The value is a path to the MsBuild binary log file that should be extracted. This option only works when `--build-mode none` is also specified.\n",
2025-12-25T03:18:12.6275018Z             "type" : "array"
2025-12-25T03:18:12.6275201Z           },
2025-12-25T03:18:12.6275377Z           "buildless_dependency_dir" : {
2025-12-25T03:18:12.6275751Z             "title" : "The path where buildless (standalone) extraction should keep dependencies.",
2025-12-25T03:18:12.6276503Z             "description" : "If set, the buildless (standalone) extractor will store dependencies in this directory.\n",
2025-12-25T03:18:12.6276925Z             "type" : "string"
2025-12-25T03:18:12.6277116Z           }
2025-12-25T03:18:12.6277263Z         }
2025-12-25T03:18:12.6277406Z       }
2025-12-25T03:18:12.6277637Z     ],
2025-12-25T03:18:12.6277893Z     "actions" : [
2025-12-25T03:18:12.6278175Z       {
2025-12-25T03:18:12.6278601Z         "extractor_root" : "/opt/hostedtoolcache/CodeQL/2.23.8/x64/codeql/actions",
2025-12-25T03:18:12.6279330Z         "extractor_options" : {
2025-12-25T03:18:12.6279639Z           "trap" : {
2025-12-25T03:18:12.6279826Z             "title" : "TRAP options",
2025-12-25T03:18:12.6280147Z             "description" : "Options about how the extractor handles TRAP files",
2025-12-25T03:18:12.6280458Z             "type" : "object",
2025-12-25T03:18:12.6280751Z             "visibility" : 3,
2025-12-25T03:18:12.6281082Z             "properties" : {
2025-12-25T03:18:12.6281434Z               "cache" : {
2025-12-25T03:18:12.6281783Z                 "title" : "TRAP cache options",
2025-12-25T03:18:12.6282335Z                 "description" : "Options about how the extractor handles its TRAP cache",
2025-12-25T03:18:12.6282679Z                 "type" : "object",
2025-12-25T03:18:12.6282893Z                 "properties" : {
2025-12-25T03:18:12.6283100Z                   "dir" : {
2025-12-25T03:18:12.6283405Z                     "title" : "TRAP cache directory",
2025-12-25T03:18:12.6283778Z                     "description" : "The directory of the TRAP cache to use",
2025-12-25T03:18:12.6284069Z                     "type" : "string"
2025-12-25T03:18:12.6284279Z                   },
2025-12-25T03:18:12.6284452Z                   "bound" : {
2025-12-25T03:18:12.6284669Z                     "title" : "TRAP cache bound",
2025-12-25T03:18:12.6284992Z                     "description" : "A soft limit (in MB) on the size of the TRAP cache",
2025-12-25T03:18:12.6285309Z                     "type" : "string",
2025-12-25T03:18:12.6285837Z                     "pattern" : "[0-9]+"
2025-12-25T03:18:12.6286213Z                   },
2025-12-25T03:18:12.6286501Z                   "write" : {
2025-12-25T03:18:12.6286742Z                     "title" : "TRAP cache writeable",
2025-12-25T03:18:12.6287109Z                     "description" : "Whether to write to the TRAP cache as well as reading it",
2025-12-25T03:18:12.6287448Z                     "type" : "string",
2025-12-25T03:18:12.6287695Z                     "pattern" : "(true|TRUE|false|FALSE)"
2025-12-25T03:18:12.6287931Z                   }
2025-12-25T03:18:12.6288087Z                 }
2025-12-25T03:18:12.6288251Z               }
2025-12-25T03:18:12.6288504Z             }
2025-12-25T03:18:12.6288755Z           }
2025-12-25T03:18:12.6289132Z         }
2025-12-25T03:18:12.6289375Z       }
2025-12-25T03:18:12.6289540Z     ]
2025-12-25T03:18:12.6289688Z   }
2025-12-25T03:18:12.6289828Z }
2025-12-25T03:18:12.6290057Z python does not support TRAP caching (missing option group)
2025-12-25T03:18:12.6290387Z Found 0 languages that support TRAP caching
2025-12-25T03:18:12.6293349Z Using overlay database mode: none without caching.
2025-12-25T03:18:12.6295323Z ##[endgroup]
2025-12-25T03:18:12.6310055Z While resolving threads, found a cgroup CPUs file with 4 CPUs in /sys/fs/cgroup/cpuset.cpus.effective.
2025-12-25T03:18:12.6317106Z Skipping download of dependency cache for python as we have no caching configuration for it.
2025-12-25T03:18:12.6331541Z Writing augmented user configuration file to /home/runner/work/_temp/user-config.yaml
2025-12-25T03:18:12.6332613Z ##[group]Augmented user configuration file contents
2025-12-25T03:18:12.6355858Z default-setup:
2025-12-25T03:18:12.6357308Z   org:
2025-12-25T03:18:12.6357610Z     model-packs: []
2025-12-25T03:18:12.6357934Z threat-models: []
2025-12-25T03:18:12.6358230Z query-filters:
2025-12-25T03:18:12.6358497Z   - exclude:
2025-12-25T03:18:12.6359034Z       tags: exclude-from-incremental
2025-12-25T03:18:12.6359687Z 
2025-12-25T03:18:12.6360060Z ##[endgroup]
2025-12-25T03:18:12.6370450Z [command]/opt/hostedtoolcache/CodeQL/2.23.8/x64/codeql/codeql database init --force-overwrite --db-cluster /home/runner/work/_temp/codeql_databases --source-root=/home/runner/work/scratchattach/scratchattach --calculate-language-specific-baseline --extractor-include-aliases --sublanguage-file-coverage --language=python --codescanning-config=/home/runner/work/_temp/user-config.yaml --build-mode=none
2025-12-25T03:18:13.9271762Z Package install location: /home/runner/.codeql/packages
2025-12-25T03:18:13.9272318Z Nothing downloaded.
2025-12-25T03:18:15.6587381Z Calculating baseline information in /home/runner/work/scratchattach/scratchattach
2025-12-25T03:18:15.9792435Z Running command in /home/runner/work/scratchattach/scratchattach: [/opt/hostedtoolcache/CodeQL/2.23.8/x64/codeql/actions/tools/configure-baseline.sh]
2025-12-25T03:18:15.9906773Z Calculated baseline information for languages: actions, python (330ms).
2025-12-25T03:18:19.1455011Z Resolving extractor python.
2025-12-25T03:18:19.1502335Z Successfully loaded extractor Python (python) from /opt/hostedtoolcache/CodeQL/2.23.8/x64/codeql/python.
2025-12-25T03:18:19.1837684Z Created skeleton CodeQL database at /home/runner/work/_temp/codeql_databases/python. This in-progress database is ready to be populated by an extractor.
2025-12-25T03:18:19.4160521Z ##[group]Run github/codeql-action/start-proxy@v4
2025-12-25T03:18:19.4160818Z with:
2025-12-25T03:18:19.4160994Z   language: python
2025-12-25T03:18:19.4161182Z   registry_secrets: []
2025-12-25T03:18:19.4161529Z   token: ***
2025-12-25T03:18:19.4161974Z   matrix: {
  "language": "python",
  "category": "/language:python",
  "build-mode": "none",
  "runner": "[\"ubuntu-latest\"]"
}
2025-12-25T03:18:19.4162432Z env:
2025-12-25T03:18:19.4162614Z   CODE_SCANNING_REF: refs/pull/50/head
2025-12-25T03:18:19.4162872Z   CODE_SCANNING_BASE_BRANCH: main
2025-12-25T03:18:19.4163135Z   CODE_SCANNING_IS_ANALYZING_DEFAULT_BRANCH: false
2025-12-25T03:18:19.4163453Z   CODE_SCANNING_IS_STEADY_STATE_DEFAULT_SETUP: true
2025-12-25T03:18:19.4169307Z   CODE_SCANNING_WORKFLOW_FILE: H4sIAAAAAAAA/6RV32/bNhB+919x8AakfZDzsicBBaY4cuLNsFNJQZcVBUFTJ5mLTKr8kVTt8r8PFKVYWuM5Q/1kHj9+vLvv40nQPYYwncsc36+mE2VF4EM/f/sGJTc7u53hAwoz46K2Rs+YzJFoRoXgoiTKCuLw8PQ0kSKEvBF0z9lkguIhnADMN5cxSefRer1cX5EkXryaGAvH+W+GiyiNyUUSrefXr2XaUo1kq6hgu5cYlymJ1tHq7k+3uIwX0e0q+583cE2ooFXz1S1yLKitzH/fmGZxdHlH0izK4udL0zi7vQnBKIvfnfmwSX5frDYfyGK5il+b16NU90UlH0nBq1ahyV9yq50sPl10fwG83pEPwRvHvadG8S+ziorS0tKdfdtClRU6cDo7UKHk/rd0s37ToZUVAtVbXzJAjWrPteZSaH8PAGWmXYJCmncxJoVBYcbBmrJ7WuI4qJFZxU0TtCXrEB4VNzjpSbiwGEgRoFJShVDQSvtNbRQ1WDZ9FgXlVVBQbYYg6GruQQBcsMrmeAgABNB3JOxrGewCMHePVE0I58/Al3Bby6s82MscQxBS4GjTtzGEs49Tu7XC2KCiBrWZfjo7kkrdmJ0UJzN5AfZDiWiDdSdt0JlovkN2L60BhbXU3EjVdJRWOzW7ZpyzDvfrwy+TEcFScMNpxb8i+JE0Ou4tf+5c/rkKPNk5F7zl8cBHbnYHyVqfa66Dey5yHYI7GfTv4xnVd0h7X39v/slL/RpAD+EhOMcaRY6CNQGjbMdF6Q/5vs5QPHAlxR6FgXfv4MwXF+ykNpifDYk+W1TcZTedwk9w6QdMG21A2/4NdO+g4GUIfw+E7AZSoNHYOhwpLFU5DgC4IqrAvT8dwsdXDhovCGlPwdMTfBqQmp1CatrmVC1lt9srnrq0oFbySwOFVKCw5Nq4ejsSnod++7QVtKHKBC34mCMO9IQpzFE4u3XCa2QKjZ5dLbPr2wuSxFfLNEuWcUpuks0fd0NJDo/viGPGtr5BVUi17zztZ63m+nRF3aA+VNN9V/3PfSPer3x25HqTZl0d7mHO2jbMpDWtYO2KOHMNyxgR3GySkwS1VMcJ5hGZx0m2XCznURafomKUMFSGF9wNq6Okt8kqPUVlVaUPBGPBD5NwoFQfdIf+CQAA//+2RVGDAgkAAA==
2025-12-25T03:18:19.4175051Z   CODEQL_ACTION_FEATURE_MULTI_LANGUAGE: false
2025-12-25T03:18:19.4175318Z   CODEQL_ACTION_FEATURE_SANDWICH: false
2025-12-25T03:18:19.4175566Z   CODEQL_ACTION_FEATURE_SARIF_COMBINE: true
2025-12-25T03:18:19.4175824Z   CODEQL_ACTION_FEATURE_WILL_UPLOAD: true
2025-12-25T03:18:19.4176063Z   CODEQL_ACTION_VERSION: 4.31.9
2025-12-25T03:18:19.4176314Z   JOB_RUN_UUID: b95191c4-9145-4b57-8d41-a8062f2d2451
2025-12-25T03:18:19.4176577Z   CODEQL_ACTION_INIT_HAS_RUN: true
2025-12-25T03:18:19.4176903Z   CODEQL_ACTION_ANALYSIS_KEY: dynamic/github-code-scanning/codeql:analyze
2025-12-25T03:18:19.4177276Z   CODEQL_WORKFLOW_STARTED_AT: 2025-12-25T03:18:08.333Z
2025-12-25T03:18:19.4177535Z   CODEQL_RAM: 14581
2025-12-25T03:18:19.4177897Z   CODEQL_THREADS: 4
2025-12-25T03:18:19.4178066Z ##[endgroup]
2025-12-25T03:18:19.5665360Z Using registry_secrets input.
2025-12-25T03:18:19.5666954Z No credentials found, skipping proxy setup.
2025-12-25T03:18:19.5825771Z ##[group]Run github/codeql-action/analyze@v4
2025-12-25T03:18:19.5826043Z with:
2025-12-25T03:18:19.5826222Z   category: /language:python
2025-12-25T03:18:19.5826437Z   output: ../results
2025-12-25T03:18:19.5826628Z   upload: always
2025-12-25T03:18:19.5826805Z   skip-queries: false
2025-12-25T03:18:19.5827079Z   checkout_path: /home/runner/work/scratchattach/scratchattach
2025-12-25T03:18:19.5827395Z   upload-database: true
2025-12-25T03:18:19.5827600Z   wait-for-processing: true
2025-12-25T03:18:19.5827936Z   token: ***
2025-12-25T03:18:19.5828332Z   matrix: {
  "language": "python",
  "category": "/language:python",
  "build-mode": "none",
  "runner": "[\"ubuntu-latest\"]"
}
2025-12-25T03:18:19.5828786Z   expect-error: false
2025-12-25T03:18:19.5829318Z env:
2025-12-25T03:18:19.5829498Z   CODE_SCANNING_REF: refs/pull/50/head
2025-12-25T03:18:19.5829747Z   CODE_SCANNING_BASE_BRANCH: main
2025-12-25T03:18:19.5829996Z   CODE_SCANNING_IS_ANALYZING_DEFAULT_BRANCH: false
2025-12-25T03:18:19.5830316Z   CODE_SCANNING_IS_STEADY_STATE_DEFAULT_SETUP: true
2025-12-25T03:18:19.5835878Z   CODE_SCANNING_WORKFLOW_FILE: H4sIAAAAAAAA/6RV32/bNhB+919x8AakfZDzsicBBaY4cuLNsFNJQZcVBUFTJ5mLTKr8kVTt8r8PFKVYWuM5Q/1kHj9+vLvv40nQPYYwncsc36+mE2VF4EM/f/sGJTc7u53hAwoz46K2Rs+YzJFoRoXgoiTKCuLw8PQ0kSKEvBF0z9lkguIhnADMN5cxSefRer1cX5EkXryaGAvH+W+GiyiNyUUSrefXr2XaUo1kq6hgu5cYlymJ1tHq7k+3uIwX0e0q+583cE2ooFXz1S1yLKitzH/fmGZxdHlH0izK4udL0zi7vQnBKIvfnfmwSX5frDYfyGK5il+b16NU90UlH0nBq1ahyV9yq50sPl10fwG83pEPwRvHvadG8S+ziorS0tKdfdtClRU6cDo7UKHk/rd0s37ToZUVAtVbXzJAjWrPteZSaH8PAGWmXYJCmncxJoVBYcbBmrJ7WuI4qJFZxU0TtCXrEB4VNzjpSbiwGEgRoFJShVDQSvtNbRQ1WDZ9FgXlVVBQbYYg6GruQQBcsMrmeAgABNB3JOxrGewCMHePVE0I58/Al3Bby6s82MscQxBS4GjTtzGEs49Tu7XC2KCiBrWZfjo7kkrdmJ0UJzN5AfZDiWiDdSdt0JlovkN2L60BhbXU3EjVdJRWOzW7ZpyzDvfrwy+TEcFScMNpxb8i+JE0Ou4tf+5c/rkKPNk5F7zl8cBHbnYHyVqfa66Dey5yHYI7GfTv4xnVd0h7X39v/slL/RpAD+EhOMcaRY6CNQGjbMdF6Q/5vs5QPHAlxR6FgXfv4MwXF+ykNpifDYk+W1TcZTedwk9w6QdMG21A2/4NdO+g4GUIfw+E7AZSoNHYOhwpLFU5DgC4IqrAvT8dwsdXDhovCGlPwdMTfBqQmp1CatrmVC1lt9srnrq0oFbySwOFVKCw5Nq4ejsSnod++7QVtKHKBC34mCMO9IQpzFE4u3XCa2QKjZ5dLbPr2wuSxFfLNEuWcUpuks0fd0NJDo/viGPGtr5BVUi17zztZ63m+nRF3aA+VNN9V/3PfSPer3x25HqTZl0d7mHO2jbMpDWtYO2KOHMNyxgR3GySkwS1VMcJ5hGZx0m2XCznURafomKUMFSGF9wNq6Okt8kqPUVlVaUPBGPBD5NwoFQfdIf+CQAA//+2RVGDAgkAAA==
2025-12-25T03:18:19.5841717Z   CODEQL_ACTION_FEATURE_MULTI_LANGUAGE: false
2025-12-25T03:18:19.5841986Z   CODEQL_ACTION_FEATURE_SANDWICH: false
2025-12-25T03:18:19.5842233Z   CODEQL_ACTION_FEATURE_SARIF_COMBINE: true
2025-12-25T03:18:19.5842491Z   CODEQL_ACTION_FEATURE_WILL_UPLOAD: true
2025-12-25T03:18:19.5842729Z   CODEQL_ACTION_VERSION: 4.31.9
2025-12-25T03:18:19.5842976Z   JOB_RUN_UUID: b95191c4-9145-4b57-8d41-a8062f2d2451
2025-12-25T03:18:19.5843234Z   CODEQL_ACTION_INIT_HAS_RUN: true
2025-12-25T03:18:19.5843561Z   CODEQL_ACTION_ANALYSIS_KEY: dynamic/github-code-scanning/codeql:analyze
2025-12-25T03:18:19.5843925Z   CODEQL_WORKFLOW_STARTED_AT: 2025-12-25T03:18:08.333Z
2025-12-25T03:18:19.5844191Z   CODEQL_RAM: 14581
2025-12-25T03:18:19.5844367Z   CODEQL_THREADS: 4
2025-12-25T03:18:19.5844535Z   CODEQL_PROXY_HOST: 
2025-12-25T03:18:19.5844721Z   CODEQL_PROXY_PORT: 
2025-12-25T03:18:19.5844906Z   CODEQL_PROXY_CA_CERTIFICATE: 
2025-12-25T03:18:19.5845116Z   CODEQL_PROXY_URLS: 
2025-12-25T03:18:19.5845288Z ##[endgroup]
2025-12-25T03:18:20.6225176Z While resolving threads, found a cgroup CPUs file with 4 CPUs in /sys/fs/cgroup/cpuset.cpus.effective.
2025-12-25T03:18:20.6264028Z ##[group]Generating diff range extension pack
2025-12-25T03:18:20.6264746Z Calculating diff ranges for main...refs/pull/50/head
2025-12-25T03:18:20.8958246Z Successfully created diff range extension pack at /home/runner/work/_temp/pr-diff-range.
2025-12-25T03:18:20.8959368Z ##[endgroup]
2025-12-25T03:18:20.8985236Z ##[group]Extracting python
2025-12-25T03:18:20.8989690Z [command]/opt/hostedtoolcache/CodeQL/2.23.8/x64/codeql/codeql database trace-command --use-build-mode --working-dir /home/runner/work/scratchattach/scratchattach /home/runner/work/_temp/codeql_databases/python
2025-12-25T03:18:21.6937209Z Running command in /home/runner/work/scratchattach/scratchattach: [/opt/hostedtoolcache/CodeQL/2.23.8/x64/codeql/python/tools/autobuild.sh]
2025-12-25T03:18:21.8363638Z [2025-12-25 03:18:21] [build-stderr] /bin/sh: 1: python2: not found
2025-12-25T03:18:21.8867352Z [2025-12-25 03:18:21] [build-stdout] Source root appears to be the real root.
2025-12-25T03:18:21.8868302Z [2025-12-25 03:18:21] [build-stdout] Will try to guess Python version, as it was not specified in `lgtm.yml`
2025-12-25T03:18:21.8869563Z [2025-12-25 03:18:21] [build-stdout] Trying to guess Python version based on Trove classifiers in setup.py
2025-12-25T03:18:21.8870660Z [2025-12-25 03:18:21] [build-stdout] Did not find setup.py (expected it to be at /home/runner/work/scratchattach/scratchattach/setup.py)
2025-12-25T03:18:21.8871654Z [2025-12-25 03:18:21] [build-stdout] Trying to guess Python version based on travis file
2025-12-25T03:18:21.8873094Z [2025-12-25 03:18:21] [build-stdout] Did not find any travis files (expected them at either ['/home/runner/work/scratchattach/scratchattach/.travis.yml', '/home/runner/work/scratchattach/scratchattach/travis.yml'])
2025-12-25T03:18:21.8874549Z [2025-12-25 03:18:21] [build-stdout] Trying to guess Python version based on installed versions
2025-12-25T03:18:21.8875293Z [2025-12-25 03:18:21] [build-stdout] Wanted to run Python 2, but it is not available. Using Python 3 instead
2025-12-25T03:18:21.8875880Z [2025-12-25 03:18:21] [build-stdout] This script is running Python 3, but Python 2 is also available (as 'python3')
2025-12-25T03:18:21.8876448Z [2025-12-25 03:18:21] [build-stdout] Could not guess Python version, will use default: Python 3
2025-12-25T03:18:21.8877543Z [2025-12-25 03:18:21] [build-stdout] Calling python3 -S /opt/hostedtoolcache/CodeQL/2.23.8/x64/codeql/python/tools/python_tracer.py --verbosity 3 -z all -c /home/runner/work/_temp/codeql_databases/python/working/trap_cache -R /home/runner/work/scratchattach/scratchattach
2025-12-25T03:18:22.3073474Z [2025-12-25 03:18:22] [build-stdout] INFO: The Python extractor has recently stopped extracting the standard library by default. If you encounter problems, please let us know by submitting an issue to https://github.com/github/codeql. It is possible to re-enable extraction of the standard library by setting the environment variable CODEQL_EXTRACTOR_PYTHON_EXTRACT_STDLIB.
2025-12-25T03:18:22.3086670Z [2025-12-25 03:18:22] [build-stdout] [INFO] Extraction will use the Python 3 standard library.
2025-12-25T03:18:22.3094640Z [2025-12-25 03:18:22] [build-stdout] [INFO] sys_path is: ['/opt/hostedtoolcache/CodeQL/2.23.8/x64/codeql/python/tools', '/usr/lib/python312.zip', '/usr/lib/python3.12', '/usr/lib/python3.12/lib-dynload']
2025-12-25T03:18:22.3097846Z [2025-12-25 03:18:22] [build-stdout] [INFO] Python version 3.12.3
2025-12-25T03:18:22.3099789Z [2025-12-25 03:18:22] [build-stdout] [INFO] Python extractor version 7.1.6
2025-12-25T03:18:22.4153271Z [2025-12-25 03:18:22] [build-stdout] [INFO] [4] Extracted folder /home/runner/work/scratchattach/scratchattach/.archive in 0ms
2025-12-25T03:18:22.4318119Z [2025-12-25 03:18:22] [build-stdout] [INFO] [4] Extracted file /home/runner/work/scratchattach/scratchattach/install.py in 10ms
2025-12-25T03:18:22.4525250Z [2025-12-25 03:18:22] [build-stdout] [INFO] [2] Extracted file /home/runner/work/scratchattach/scratchattach/.archive/scratch_chat_db.py in 67ms
2025-12-25T03:18:22.4574727Z [2025-12-25 03:18:22] [build-stdout] [INFO] [1] Extracted file /home/runner/work/scratchattach/scratchattach/message_viewer.py in 74ms
2025-12-25T03:18:22.4703702Z [2025-12-25 03:18:22] [build-stdout] [INFO] [2] Extracted file /home/runner/work/scratchattach/scratchattach/test/test2.py in 14ms
2025-12-25T03:18:22.4731075Z [2025-12-25 03:18:22] [build-stdout] [INFO] [1] Extracted file /home/runner/work/scratchattach/scratchattach/test/test1.py in 8ms
2025-12-25T03:18:22.4842298Z [2025-12-25 03:18:22] [build-stdout] [INFO] [2] Extracted file /home/runner/work/scratchattach/scratchattach/test/test3.py in 17ms
2025-12-25T03:18:22.5007451Z [2025-12-25 03:18:22] [build-stdout] [INFO] [3] Extracted file /home/runner/work/scratchattach/scratchattach/aesthetic_prioritizing.py in 117ms
2025-12-25T03:18:22.5070422Z [2025-12-25 03:18:22] [build-stdout] [INFO] [3] Skipped built-in file /usr/lib/python3.12/os.py
2025-12-25T03:18:22.5072179Z [2025-12-25 03:18:22] [build-stdout] [INFO] [3] Extracted folder /home/runner/work/scratchattach/scratchattach/test in 1ms
2025-12-25T03:18:22.5302649Z [2025-12-25 03:18:22] [build-stdout] [INFO] [3] Extracted file /home/runner/work/scratchattach/scratchattach/test/test4.py in 28ms
2025-12-25T03:18:22.5308473Z [2025-12-25 03:18:22] [build-stdout] [INFO] [3] Skipped built-in file /usr/lib/python3.12/logging/__init__.py
2025-12-25T03:18:22.5376697Z [2025-12-25 03:18:22] [build-stdout] [INFO] [3] Extracted module time in 6ms
2025-12-25T03:18:22.5381896Z [2025-12-25 03:18:22] [build-stdout] [INFO] [3] Skipped built-in file /usr/lib/python3.12/warnings.py
2025-12-25T03:18:22.5412076Z [2025-12-25 03:18:22] [build-stdout] [INFO] [3] Extracted folder /usr/lib/python3.12/json in 0ms
2025-12-25T03:18:22.5412920Z [2025-12-25 03:18:22] [build-stdout] [INFO] [3] Extracted module sys in 0ms
2025-12-25T03:18:22.5413717Z [2025-12-25 03:18:22] [build-stdout] [INFO] [3] Extracted folder /usr/lib/python3.12/logging in 0ms
2025-12-25T03:18:22.5414621Z [2025-12-25 03:18:22] [build-stdout] [INFO] [3] Skipped built-in file /usr/lib/python3.12/json/__init__.py
2025-12-25T03:18:22.5485512Z [2025-12-25 03:18:22] [build-stdout] [INFO] [1] Extracted file /home/runner/work/scratchattach/scratchattach/test/test5.py in 83ms
2025-12-25T03:18:22.5489081Z [2025-12-25 03:18:22] [build-stdout] [INFO] [3] Skipped built-in file /usr/lib/python3.12/typing.py
2025-12-25T03:18:22.5915226Z [2025-12-25 03:18:22] [build-stdout] [INFO] [2] Extracted file /home/runner/work/scratchattach/scratchattach/scratch_chat.py in 109ms
2025-12-25T03:18:22.7742313Z [2025-12-25 03:18:22] [build-stdout] [INFO] [4] Extracted file /home/runner/work/scratchattach/scratchattach/key_multivalue_storage.py in 350ms
2025-12-25T03:18:22.7753075Z [2025-12-25 03:18:22] [build-stdout] [INFO] [3] Skipped built-in file /usr/lib/python3.12/uuid.py
2025-12-25T03:18:22.8211257Z [2025-12-25 03:18:22] [build-stdout] [INFO] Processed 23 modules in 0.51s
2025-12-25T03:18:22.8648508Z ##[endgroup]
2025-12-25T03:18:22.8653036Z ##[group]Finalizing python
2025-12-25T03:18:22.8655122Z [command]/opt/hostedtoolcache/CodeQL/2.23.8/x64/codeql/codeql database finalize --finalize-dataset --threads=4 --ram=14581 /home/runner/work/_temp/codeql_databases/python
2025-12-25T03:18:23.6430494Z Running pre-finalize script /opt/hostedtoolcache/CodeQL/2.23.8/x64/codeql/python/tools/pre-finalize.sh in /home/runner/work/scratchattach/scratchattach.
2025-12-25T03:18:23.7165609Z Running command in /home/runner/work/scratchattach/scratchattach: [/opt/hostedtoolcache/CodeQL/2.23.8/x64/codeql/python/tools/pre-finalize.sh]
2025-12-25T03:18:24.4819629Z [2025-12-25 03:18:24] [build-stderr] Scanning for files in /home/runner/work/scratchattach/scratchattach...
2025-12-25T03:18:24.6115932Z [2025-12-25 03:18:24] [build-stderr] /home/runner/work/_temp/codeql_databases/python: Indexing files in in /home/runner/work/scratchattach/scratchattach...
2025-12-25T03:18:24.6448210Z [2025-12-25 03:18:24] [build-stderr] Running command in /home/runner/work/scratchattach/scratchattach: [/opt/hostedtoolcache/CodeQL/2.23.8/x64/codeql/yaml/tools/index-files.sh, /home/runner/work/_temp/codeql_databases/python/working/files-to-index9268034209972562069.list]
2025-12-25T03:18:25.2622659Z Pre-finalize script /opt/hostedtoolcache/CodeQL/2.23.8/x64/codeql/python/tools/pre-finalize.sh completed in 1618 ms.
2025-12-25T03:18:25.2663423Z Running TRAP import for CodeQL database at /home/runner/work/_temp/codeql_databases/python...
2025-12-25T03:18:26.0770663Z Importing TRAP files
2025-12-25T03:18:26.5884697Z Merging relations
2025-12-25T03:18:26.9113282Z Finished writing database (relations: 176.34 KiB; string pool: 2.08 MiB).
2025-12-25T03:18:26.9464559Z TRAP import complete (1.7s).
2025-12-25T03:18:27.1521606Z Finished zipping source archive (18.79 KiB).
2025-12-25T03:18:27.1756392Z ##[endgroup]
2025-12-25T03:18:27.1761922Z ##[group]Running queries for python
2025-12-25T03:18:27.1764154Z [command]/opt/hostedtoolcache/CodeQL/2.23.8/x64/codeql/codeql database run-queries --ram=14581 --threads=4 --expect-discarded-cache --additional-packs=/home/runner/work/_temp/pr-diff-range --extension-packs=codeql-action/pr-diff-range /home/runner/work/_temp/codeql_databases/python --min-disk-free=1024 -v
2025-12-25T03:18:27.9226563Z Writing logs to /home/runner/work/_temp/codeql_databases/python/log/database-run-queries-20251225.031827.920.log.
2025-12-25T03:18:27.9731598Z Stringpool size measured as 2179482
2025-12-25T03:18:28.5812037Z Writing logs to /home/runner/work/_temp/codeql_databases/python/log/execute-queries-20251225.031828.577.log.
2025-12-25T03:18:28.8993801Z Recording pack reference codeql/python-queries at /opt/hostedtoolcache/CodeQL/2.23.8/x64/codeql/qlpacks/codeql/python-queries/1.7.3.
2025-12-25T03:18:31.3195278Z Compiling in 3 threads due to RAM limits.
2025-12-25T03:18:32.0143342Z [1/45] Loaded /opt/hostedtoolcache/CodeQL/2.23.8/x64/codeql/qlpacks/codeql/python-queries/1.7.3/Security/CWE-020/IncompleteUrlSubstringSanitization.qlx.
2025-12-25T03:18:32.4886858Z [2/45] Loaded /opt/hostedtoolcache/CodeQL/2.23.8/x64/codeql/qlpacks/codeql/python-queries/1.7.3/Security/CWE-020/IncompleteHostnameRegExp.qlx.
2025-12-25T03:18:32.6184624Z [3/45] Loaded /opt/hostedtoolcache/CodeQL/2.23.8/x64/codeql/qlpacks/codeql/python-queries/1.7.3/Security/CWE-020/OverlyLargeRange.qlx.
2025-12-25T03:18:32.7190148Z [4/45] Loaded /opt/hostedtoolcache/CodeQL/2.23.8/x64/codeql/qlpacks/codeql/python-queries/1.7.3/Security/CWE-312/CleartextLogging.qlx.
2025-12-25T03:18:32.7357893Z [5/45] Loaded /opt/hostedtoolcache/CodeQL/2.23.8/x64/codeql/qlpacks/codeql/python-queries/1.7.3/Security/CWE-312/CleartextStorage.qlx.
2025-12-25T03:18:32.9046887Z [6/45] Loaded /opt/hostedtoolcache/CodeQL/2.23.8/x64/codeql/qlpacks/codeql/python-queries/1.7.3/Security/CWE-1275/SameSiteNoneCookie.qlx.
2025-12-25T03:18:32.9742380Z [7/45] Loaded /opt/hostedtoolcache/CodeQL/2.23.8/x64/codeql/qlpacks/codeql/python-queries/1.7.3/Security/CWE-020/CookieInjection.qlx.
2025-12-25T03:18:33.0132268Z [8/45] Loaded /opt/hostedtoolcache/CodeQL/2.23.8/x64/codeql/qlpacks/codeql/python-queries/1.7.3/Security/CWE-326/WeakCryptoKey.qlx.
2025-12-25T03:18:33.0360746Z [9/45] Loaded /opt/hostedtoolcache/CodeQL/2.23.8/x64/codeql/qlpacks/codeql/python-queries/1.7.3/Security/CWE-776/XmlBomb.qlx.
2025-12-25T03:18:33.1757495Z [10/45] Loaded /opt/hostedtoolcache/CodeQL/2.23.8/x64/codeql/qlpacks/codeql/python-queries/1.7.3/Security/CWE-113/HeaderInjection.qlx.
2025-12-25T03:18:33.2924408Z [11/45] Loaded /opt/hostedtoolcache/CodeQL/2.23.8/x64/codeql/qlpacks/codeql/python-queries/1.7.3/Security/CWE-295/MissingHostKeyValidation.qlx.
2025-12-25T03:18:33.3153219Z [12/45] Loaded /opt/hostedtoolcache/CodeQL/2.23.8/x64/codeql/qlpacks/codeql/python-queries/1.7.3/Security/CWE-078/CommandInjection.qlx.
2025-12-25T03:18:33.3581276Z [13/45] Loaded /opt/hostedtoolcache/CodeQL/2.23.8/x64/codeql/qlpacks/codeql/python-queries/1.7.3/Security/CWE-601/UrlRedirect.qlx.
2025-12-25T03:18:33.6184302Z [14/45] Loaded /opt/hostedtoolcache/CodeQL/2.23.8/x64/codeql/qlpacks/codeql/python-queries/1.7.3/Security/CWE-643/XpathInjection.qlx.
2025-12-25T03:18:33.6915006Z [15/45] Loaded /opt/hostedtoolcache/CodeQL/2.23.8/x64/codeql/qlpacks/codeql/python-queries/1.7.3/Security/CWE-079/ReflectedXss.qlx.
2025-12-25T03:18:33.7253144Z [16/45] Loaded /opt/hostedtoolcache/CodeQL/2.23.8/x64/codeql/qlpacks/codeql/python-queries/1.7.3/Security/CWE-943/NoSqlInjection.qlx.
2025-12-25T03:18:33.7799455Z [17/45] Loaded /opt/hostedtoolcache/CodeQL/2.23.8/x64/codeql/qlpacks/codeql/python-queries/1.7.3/Security/CVE-2018-1281/BindToAllInterfaces.qlx.
2025-12-25T03:18:33.8400412Z [18/45] Loaded /opt/hostedtoolcache/CodeQL/2.23.8/x64/codeql/qlpacks/codeql/python-queries/1.7.3/Security/CWE-089/SqlInjection.qlx.
2025-12-25T03:18:33.9855107Z [19/45] Loaded /opt/hostedtoolcache/CodeQL/2.23.8/x64/codeql/qlpacks/codeql/python-queries/1.7.3/Security/CWE-022/PathInjection.qlx.
2025-12-25T03:18:34.0130681Z [20/45] Loaded /opt/hostedtoolcache/CodeQL/2.23.8/x64/codeql/qlpacks/codeql/python-queries/1.7.3/Security/CWE-614/InsecureCookie.qlx.
2025-12-25T03:18:34.0493363Z [21/45] Loaded /opt/hostedtoolcache/CodeQL/2.23.8/x64/codeql/qlpacks/codeql/python-queries/1.7.3/Security/CWE-1004/NonHttpOnlyCookie.qlx.
2025-12-25T03:18:34.0590322Z [22/45] Loaded /opt/hostedtoolcache/CodeQL/2.23.8/x64/codeql/qlpacks/codeql/python-queries/1.7.3/Security/CWE-116/BadTagFilter.qlx.
2025-12-25T03:18:34.0796903Z [23/45] Loaded /opt/hostedtoolcache/CodeQL/2.23.8/x64/codeql/qlpacks/codeql/python-queries/1.7.3/Security/CWE-377/InsecureTemporaryFile.qlx.
2025-12-25T03:18:34.1544384Z [24/45] Loaded /opt/hostedtoolcache/CodeQL/2.23.8/x64/codeql/qlpacks/codeql/python-queries/1.7.3/Security/CWE-352/CSRFProtectionDisabled.qlx.
2025-12-25T03:18:34.1750650Z [25/45] Loaded /opt/hostedtoolcache/CodeQL/2.23.8/x64/codeql/qlpacks/codeql/python-queries/1.7.3/Security/CWE-730/ReDoS.qlx.
2025-12-25T03:18:34.2411386Z [26/45] Loaded /opt/hostedtoolcache/CodeQL/2.23.8/x64/codeql/qlpacks/codeql/python-queries/1.7.3/Security/CWE-730/PolynomialReDoS.qlx.
2025-12-25T03:18:34.4150833Z [27/45] Loaded /opt/hostedtoolcache/CodeQL/2.23.8/x64/codeql/qlpacks/codeql/python-queries/1.7.3/Security/CWE-730/RegexInjection.qlx.
2025-12-25T03:18:34.4187153Z [28/45] Loaded /opt/hostedtoolcache/CodeQL/2.23.8/x64/codeql/qlpacks/codeql/python-queries/1.7.3/Security/CWE-094/CodeInjection.qlx.
2025-12-25T03:18:34.4575916Z [29/45] Loaded /opt/hostedtoolcache/CodeQL/2.23.8/x64/codeql/qlpacks/codeql/python-queries/1.7.3/Security/CWE-502/UnsafeDeserialization.qlx.
2025-12-25T03:18:34.4811919Z [30/45] Loaded /opt/hostedtoolcache/CodeQL/2.23.8/x64/codeql/qlpacks/codeql/python-queries/1.7.3/Security/CWE-215/FlaskDebug.qlx.
2025-12-25T03:18:34.5530787Z [31/45] Loaded /opt/hostedtoolcache/CodeQL/2.23.8/x64/codeql/qlpacks/codeql/python-queries/1.7.3/Security/CWE-327/InsecureDefaultProtocol.qlx.
2025-12-25T03:18:34.5563886Z [32/45] Loaded /opt/hostedtoolcache/CodeQL/2.23.8/x64/codeql/qlpacks/codeql/python-queries/1.7.3/Security/CWE-074/TemplateInjection.qlx.
2025-12-25T03:18:34.6197949Z [33/45] Loaded /opt/hostedtoolcache/CodeQL/2.23.8/x64/codeql/qlpacks/codeql/python-queries/1.7.3/Security/CWE-327/InsecureProtocol.qlx.
2025-12-25T03:18:34.6279232Z [34/45] Loaded /opt/hostedtoolcache/CodeQL/2.23.8/x64/codeql/qlpacks/codeql/python-queries/1.7.3/Security/CWE-327/BrokenCryptoAlgorithm.qlx.
2025-12-25T03:18:34.8720914Z [35/45] Loaded /opt/hostedtoolcache/CodeQL/2.23.8/x64/codeql/qlpacks/codeql/python-queries/1.7.3/Security/CWE-327/WeakSensitiveDataHashing.qlx.
2025-12-25T03:18:34.9098515Z [36/45] Loaded /opt/hostedtoolcache/CodeQL/2.23.8/x64/codeql/qlpacks/codeql/python-queries/1.7.3/Security/CWE-090/LdapInjection.qlx.
2025-12-25T03:18:34.9321910Z [37/45] Loaded /opt/hostedtoolcache/CodeQL/2.23.8/x64/codeql/qlpacks/codeql/python-queries/1.7.3/Security/CWE-918/FullServerSideRequestForgery.qlx.
2025-12-25T03:18:35.0262478Z [38/45] Loaded /opt/hostedtoolcache/CodeQL/2.23.8/x64/codeql/qlpacks/codeql/python-queries/1.7.3/Security/CWE-285/PamAuthorization.qlx.
2025-12-25T03:18:35.1471201Z [39/45] Loaded /opt/hostedtoolcache/CodeQL/2.23.8/x64/codeql/qlpacks/codeql/python-queries/1.7.3/Expressions/UseofInput.qlx.
2025-12-25T03:18:35.1560896Z [40/45] Loaded /opt/hostedtoolcache/CodeQL/2.23.8/x64/codeql/qlpacks/codeql/python-queries/1.7.3/Security/CWE-209/StackTraceExposure.qlx.
2025-12-25T03:18:35.1861960Z [41/45] Loaded /opt/hostedtoolcache/CodeQL/2.23.8/x64/codeql/qlpacks/codeql/python-queries/1.7.3/Diagnostics/ExtractedFiles.qlx.
2025-12-25T03:18:35.1931484Z [42/45] Loaded /opt/hostedtoolcache/CodeQL/2.23.8/x64/codeql/qlpacks/codeql/python-queries/1.7.3/Diagnostics/ExtractionWarnings.qlx.
2025-12-25T03:18:35.2029100Z [43/45] Loaded /opt/hostedtoolcache/CodeQL/2.23.8/x64/codeql/qlpacks/codeql/python-queries/1.7.3/Security/CWE-611/Xxe.qlx.
2025-12-25T03:18:35.2058433Z [44/45] Loaded /opt/hostedtoolcache/CodeQL/2.23.8/x64/codeql/qlpacks/codeql/python-queries/1.7.3/Summary/LinesOfCode.qlx.
2025-12-25T03:18:35.2145827Z [45/45] Loaded /opt/hostedtoolcache/CodeQL/2.23.8/x64/codeql/qlpacks/codeql/python-queries/1.7.3/Summary/LinesOfUserCode.qlx.
2025-12-25T03:18:35.6066320Z Starting evaluation of codeql/python-queries/Diagnostics/ExtractedFiles.ql.
2025-12-25T03:18:35.6073893Z Starting evaluation of codeql/python-queries/Diagnostics/ExtractionWarnings.ql.
2025-12-25T03:18:35.6095879Z Starting evaluation of codeql/python-queries/Expressions/UseofInput.ql.
2025-12-25T03:18:35.6159086Z Starting evaluation of codeql/python-queries/Security/CVE-2018-1281/BindToAllInterfaces.ql.
2025-12-25T03:18:35.6833795Z Starting evaluation of codeql/python-queries/Security/CWE-020/CookieInjection.ql.
2025-12-25T03:18:35.8905037Z [1/45 eval 270ms] Evaluation done; writing results to codeql/python-queries/Diagnostics/ExtractionWarnings.bqrs.
2025-12-25T03:18:35.8972740Z [2/45 eval 292ms] Evaluation done; writing results to codeql/python-queries/Diagnostics/ExtractedFiles.bqrs.
2025-12-25T03:18:36.8576443Z Starting evaluation of codeql/python-queries/Security/CWE-020/IncompleteHostnameRegExp.ql.
2025-12-25T03:18:36.8682783Z Starting evaluation of codeql/python-queries/Security/CWE-020/IncompleteUrlSubstringSanitization.ql.
2025-12-25T03:18:36.8692602Z Starting evaluation of codeql/python-queries/Security/CWE-020/OverlyLargeRange.ql.
2025-12-25T03:18:36.8984741Z [3/45 eval 31ms] Evaluation done; writing results to codeql/python-queries/Security/CWE-020/IncompleteUrlSubstringSanitization.bqrs.
2025-12-25T03:18:37.1374258Z Starting evaluation of codeql/python-queries/Security/CWE-022/PathInjection.ql.
2025-12-25T03:18:37.1395467Z Starting evaluation of codeql/python-queries/Security/CWE-074/TemplateInjection.ql.
2025-12-25T03:18:37.2133334Z Starting evaluation of codeql/python-queries/Security/CWE-078/CommandInjection.ql.
2025-12-25T03:18:37.2700344Z Starting evaluation of codeql/python-queries/Security/CWE-079/ReflectedXss.ql.
2025-12-25T03:18:37.2937929Z Starting evaluation of codeql/python-queries/Security/CWE-089/SqlInjection.ql.
2025-12-25T03:18:37.3189221Z Starting evaluation of codeql/python-queries/Security/CWE-090/LdapInjection.ql.
2025-12-25T03:18:37.3371423Z Starting evaluation of codeql/python-queries/Security/CWE-094/CodeInjection.ql.
2025-12-25T03:18:37.3622172Z Starting evaluation of codeql/python-queries/Security/CWE-1004/NonHttpOnlyCookie.ql.
2025-12-25T03:18:37.3758306Z Starting evaluation of codeql/python-queries/Security/CWE-113/HeaderInjection.ql.
2025-12-25T03:18:37.3896593Z Starting evaluation of codeql/python-queries/Security/CWE-116/BadTagFilter.ql.
2025-12-25T03:18:37.3939913Z Starting evaluation of codeql/python-queries/Security/CWE-1275/SameSiteNoneCookie.ql.
2025-12-25T03:18:37.4081086Z Starting evaluation of codeql/python-queries/Security/CWE-209/StackTraceExposure.ql.
2025-12-25T03:18:37.4872792Z [4/45 eval 1.9s] Evaluation done; writing results to codeql/python-queries/Expressions/UseofInput.bqrs.
2025-12-25T03:18:37.4895376Z [5/45 eval 1.9s] Evaluation done; writing results to codeql/python-queries/Security/CVE-2018-1281/BindToAllInterfaces.bqrs.
2025-12-25T03:18:37.7060460Z Starting evaluation of codeql/python-queries/Security/CWE-215/FlaskDebug.ql.
2025-12-25T03:18:37.7141485Z Starting evaluation of codeql/python-queries/Security/CWE-285/PamAuthorization.ql.
2025-12-25T03:18:37.7339597Z Starting evaluation of codeql/python-queries/Security/CWE-295/MissingHostKeyValidation.ql.
2025-12-25T03:18:37.7426851Z Starting evaluation of codeql/python-queries/Security/CWE-312/CleartextLogging.ql.
2025-12-25T03:18:37.7433246Z [6/45 eval 9ms] Evaluation done; writing results to codeql/python-queries/Security/CWE-295/MissingHostKeyValidation.bqrs.
2025-12-25T03:18:37.7557279Z Starting evaluation of codeql/python-queries/Security/CWE-312/CleartextStorage.ql.
2025-12-25T03:18:37.8316314Z Starting evaluation of codeql/python-queries/Security/CWE-326/WeakCryptoKey.ql.
2025-12-25T03:18:37.8625754Z [7/45 eval 30ms] Evaluation done; writing results to codeql/python-queries/Security/CWE-326/WeakCryptoKey.bqrs.
2025-12-25T03:18:37.8631396Z Starting evaluation of codeql/python-queries/Security/CWE-327/BrokenCryptoAlgorithm.ql.
2025-12-25T03:18:37.8648400Z Starting evaluation of codeql/python-queries/Security/CWE-327/InsecureDefaultProtocol.ql.
2025-12-25T03:18:37.8721242Z [8/45 eval 8ms] Evaluation done; writing results to codeql/python-queries/Security/CWE-327/InsecureDefaultProtocol.bqrs.
2025-12-25T03:18:37.8841949Z Starting evaluation of codeql/python-queries/Security/CWE-327/InsecureProtocol.ql.
2025-12-25T03:18:37.8843154Z [9/45 eval 20ms] Evaluation done; writing results to codeql/python-queries/Security/CWE-327/BrokenCryptoAlgorithm.bqrs.
2025-12-25T03:18:37.8888381Z Starting evaluation of codeql/python-queries/Security/CWE-327/WeakSensitiveDataHashing.ql.
2025-12-25T03:18:37.9977492Z Starting evaluation of codeql/python-queries/Security/CWE-352/CSRFProtectionDisabled.ql.
2025-12-25T03:18:38.0010745Z Starting evaluation of codeql/python-queries/Security/CWE-377/InsecureTemporaryFile.ql.
2025-12-25T03:18:38.0164394Z Starting evaluation of codeql/python-queries/Security/CWE-502/UnsafeDeserialization.ql.
2025-12-25T03:18:38.0165653Z [10/45 eval 127ms] Evaluation done; writing results to codeql/python-queries/Security/CWE-327/WeakSensitiveDataHashing.bqrs.
2025-12-25T03:18:38.0337850Z Starting evaluation of codeql/python-queries/Security/CWE-601/UrlRedirect.ql.
2025-12-25T03:18:38.0339126Z [11/45 eval 36ms] Evaluation done; writing results to codeql/python-queries/Security/CWE-352/CSRFProtectionDisabled.bqrs.
2025-12-25T03:18:38.0835288Z Starting evaluation of codeql/python-queries/Security/CWE-611/Xxe.ql.
2025-12-25T03:18:38.1022272Z Starting evaluation of codeql/python-queries/Security/CWE-614/InsecureCookie.ql.
2025-12-25T03:18:38.1042976Z Starting evaluation of codeql/python-queries/Security/CWE-643/XpathInjection.ql.
2025-12-25T03:18:38.1240079Z Starting evaluation of codeql/python-queries/Security/CWE-730/PolynomialReDoS.ql.
2025-12-25T03:18:38.1330200Z Starting evaluation of codeql/python-queries/Security/CWE-730/ReDoS.ql.
2025-12-25T03:18:38.1367107Z Starting evaluation of codeql/python-queries/Security/CWE-730/RegexInjection.ql.
2025-12-25T03:18:38.1570921Z Starting evaluation of codeql/python-queries/Security/CWE-776/XmlBomb.ql.
2025-12-25T03:18:38.1784272Z Starting evaluation of codeql/python-queries/Security/CWE-918/FullServerSideRequestForgery.ql.
2025-12-25T03:18:38.1958680Z Starting evaluation of codeql/python-queries/Security/CWE-943/NoSqlInjection.ql.
2025-12-25T03:18:38.2130652Z Starting evaluation of codeql/python-queries/Summary/LinesOfCode.ql.
2025-12-25T03:18:38.2187007Z Starting evaluation of codeql/python-queries/Summary/LinesOfUserCode.ql.
2025-12-25T03:18:38.2188187Z [12/45 eval 5ms] Evaluation done; writing results to codeql/python-queries/Summary/LinesOfCode.bqrs.
2025-12-25T03:18:38.2519936Z [13/45 eval 36ms] Evaluation done; writing results to codeql/python-queries/Summary/LinesOfUserCode.bqrs.
2025-12-25T03:18:38.5435382Z [14/45 eval 342ms] Evaluation done; writing results to codeql/python-queries/Security/CWE-943/NoSqlInjection.bqrs.
2025-12-25T03:18:38.6095391Z [15/45 eval 1.5s] Evaluation done; writing results to codeql/python-queries/Security/CWE-074/TemplateInjection.bqrs.
2025-12-25T03:18:38.6366136Z [16/45 eval 531ms] Evaluation done; writing results to codeql/python-queries/Security/CWE-643/XpathInjection.bqrs.
2025-12-25T03:18:38.6664064Z [17/45 eval 635ms] Evaluation done; writing results to codeql/python-queries/Security/CWE-601/UrlRedirect.bqrs.
2025-12-25T03:18:38.7574945Z [18/45 eval 1.9s] Evaluation done; writing results to codeql/python-queries/Security/CWE-020/OverlyLargeRange.bqrs.
2025-12-25T03:18:38.7678310Z [19/45 eval 1.9s] Evaluation done; writing results to codeql/python-queries/Security/CWE-020/IncompleteHostnameRegExp.bqrs.
2025-12-25T03:18:38.7802302Z [20/45 eval 1.4s] Evaluation done; writing results to codeql/python-queries/Security/CWE-116/BadTagFilter.bqrs.
2025-12-25T03:18:38.7812237Z [21/45 eval 647ms] Evaluation done; writing results to codeql/python-queries/Security/CWE-730/ReDoS.bqrs.
2025-12-25T03:18:38.7828463Z [22/45 eval 658ms] Evaluation done; writing results to codeql/python-queries/Security/CWE-730/PolynomialReDoS.bqrs.
2025-12-25T03:18:38.8002166Z [23/45 eval 3.1s] Evaluation done; writing results to codeql/python-queries/Security/CWE-020/CookieInjection.bqrs.
2025-12-25T03:18:38.8181569Z [24/45 eval 1.5s] Evaluation done; writing results to codeql/python-queries/Security/CWE-094/CodeInjection.bqrs.
2025-12-25T03:18:38.8474263Z [25/45 eval 765ms] Evaluation done; writing results to codeql/python-queries/Security/CWE-611/Xxe.bqrs.
2025-12-25T03:18:38.9251023Z [26/45 eval 1.8s] Evaluation done; writing results to codeql/python-queries/Security/CWE-022/PathInjection.bqrs.
2025-12-25T03:18:38.9421213Z [27/45 eval 1.7s] Evaluation done; writing results to codeql/python-queries/Security/CWE-078/CommandInjection.bqrs.
2025-12-25T03:18:38.9587589Z [28/45 eval 1.7s] Evaluation done; writing results to codeql/python-queries/Security/CWE-079/ReflectedXss.bqrs.
2025-12-25T03:18:38.9724814Z [29/45 eval 1.7s] Evaluation done; writing results to codeql/python-queries/Security/CWE-089/SqlInjection.bqrs.
2025-12-25T03:18:39.0377098Z [30/45 eval 1.7s] Evaluation done; writing results to codeql/python-queries/Security/CWE-090/LdapInjection.bqrs.
2025-12-25T03:18:39.0562892Z [31/45 eval 1.7s] Evaluation done; writing results to codeql/python-queries/Security/CWE-113/HeaderInjection.bqrs.
2025-12-25T03:18:39.0587529Z [32/45 eval 1.7s] Evaluation done; writing results to codeql/python-queries/Security/CWE-1004/NonHttpOnlyCookie.bqrs.
2025-12-25T03:18:39.0649074Z [33/45 eval 1.7s] Evaluation done; writing results to codeql/python-queries/Security/CWE-1275/SameSiteNoneCookie.bqrs.
2025-12-25T03:18:39.0831698Z [34/45 eval 1.7s] Evaluation done; writing results to codeql/python-queries/Security/CWE-209/StackTraceExposure.bqrs.
2025-12-25T03:18:39.0930490Z [35/45 eval 1.4s] Evaluation done; writing results to codeql/python-queries/Security/CWE-285/PamAuthorization.bqrs.
2025-12-25T03:18:39.1050092Z [36/45 eval 1.4s] Evaluation done; writing results to codeql/python-queries/Security/CWE-215/FlaskDebug.bqrs.
2025-12-25T03:18:39.1529876Z [37/45 eval 1.4s] Evaluation done; writing results to codeql/python-queries/Security/CWE-312/CleartextStorage.bqrs.
2025-12-25T03:18:39.1709139Z [38/45 eval 1.2s] Evaluation done; writing results to codeql/python-queries/Security/CWE-377/InsecureTemporaryFile.bqrs.
2025-12-25T03:18:39.1744859Z [39/45 eval 1.1s] Evaluation done; writing results to codeql/python-queries/Security/CWE-614/InsecureCookie.bqrs.
2025-12-25T03:18:39.1869441Z [40/45 eval 1.2s] Evaluation done; writing results to codeql/python-queries/Security/CWE-502/UnsafeDeserialization.bqrs.
2025-12-25T03:18:39.2126043Z [41/45 eval 1.3s] Evaluation done; writing results to codeql/python-queries/Security/CWE-327/InsecureProtocol.bqrs.
2025-12-25T03:18:39.2169745Z [42/45 eval 1.1s] Evaluation done; writing results to codeql/python-queries/Security/CWE-730/RegexInjection.bqrs.
2025-12-25T03:18:39.2273363Z [43/45 eval 1.1s] Evaluation done; writing results to codeql/python-queries/Security/CWE-776/XmlBomb.bqrs.
2025-12-25T03:18:39.2504516Z [44/45 eval 1.1s] Evaluation done; writing results to codeql/python-queries/Security/CWE-918/FullServerSideRequestForgery.bqrs.
2025-12-25T03:18:39.2599163Z [45/45 eval 1.5s] Evaluation done; writing results to codeql/python-queries/Security/CWE-312/CleartextLogging.bqrs.
2025-12-25T03:18:39.2602751Z Shutting down query evaluator.
2025-12-25T03:18:39.3326195Z Interpreting code scanning results for python
2025-12-25T03:18:40.0558023Z Writing logs to /home/runner/work/_temp/codeql_databases/python/log/database-interpret-results-20251225.031840.053.log.
2025-12-25T03:18:40.2036400Z Recording pack reference codeql/python-queries at /opt/hostedtoolcache/CodeQL/2.23.8/x64/codeql/qlpacks/codeql/python-queries/1.7.3.
2025-12-25T03:18:40.2505841Z Resolving extensions
2025-12-25T03:18:41.5901257Z Interpreting /opt/hostedtoolcache/CodeQL/2.23.8/x64/codeql/qlpacks/codeql/python-queries/1.7.3/Security/CWE-312/CleartextLogging.ql...
2025-12-25T03:18:41.6157675Z  ... found results file at /home/runner/work/_temp/codeql_databases/python/results/codeql/python-queries/Security/CWE-312/CleartextLogging.bqrs.
2025-12-25T03:18:41.6344656Z Interpreting /opt/hostedtoolcache/CodeQL/2.23.8/x64/codeql/qlpacks/codeql/python-queries/1.7.3/Security/CWE-312/CleartextStorage.ql...
2025-12-25T03:18:41.6483367Z  ... found results file at /home/runner/work/_temp/codeql_databases/python/results/codeql/python-queries/Security/CWE-312/CleartextStorage.bqrs.
2025-12-25T03:18:41.6504900Z Interpreting /opt/hostedtoolcache/CodeQL/2.23.8/x64/codeql/qlpacks/codeql/python-queries/1.7.3/Security/CWE-020/IncompleteUrlSubstringSanitization.ql...
2025-12-25T03:18:41.6608743Z  ... found results file at /home/runner/work/_temp/codeql_databases/python/results/codeql/python-queries/Security/CWE-020/IncompleteUrlSubstringSanitization.bqrs.
2025-12-25T03:18:41.6630201Z Interpreting /opt/hostedtoolcache/CodeQL/2.23.8/x64/codeql/qlpacks/codeql/python-queries/1.7.3/Security/CWE-020/IncompleteHostnameRegExp.ql...
2025-12-25T03:18:41.6725660Z  ... found results file at /home/runner/work/_temp/codeql_databases/python/results/codeql/python-queries/Security/CWE-020/IncompleteHostnameRegExp.bqrs.
2025-12-25T03:18:41.6734665Z Interpreting /opt/hostedtoolcache/CodeQL/2.23.8/x64/codeql/qlpacks/codeql/python-queries/1.7.3/Security/CWE-020/OverlyLargeRange.ql...
2025-12-25T03:18:41.6837589Z  ... found results file at /home/runner/work/_temp/codeql_databases/python/results/codeql/python-queries/Security/CWE-020/OverlyLargeRange.bqrs.
2025-12-25T03:18:41.6850011Z Interpreting /opt/hostedtoolcache/CodeQL/2.23.8/x64/codeql/qlpacks/codeql/python-queries/1.7.3/Security/CWE-020/CookieInjection.ql...
2025-12-25T03:18:41.6940740Z  ... found results file at /home/runner/work/_temp/codeql_databases/python/results/codeql/python-queries/Security/CWE-020/CookieInjection.bqrs.
2025-12-25T03:18:41.6950845Z Interpreting /opt/hostedtoolcache/CodeQL/2.23.8/x64/codeql/qlpacks/codeql/python-queries/1.7.3/Security/CWE-1275/SameSiteNoneCookie.ql...
2025-12-25T03:18:41.7053471Z  ... found results file at /home/runner/work/_temp/codeql_databases/python/results/codeql/python-queries/Security/CWE-1275/SameSiteNoneCookie.bqrs.
2025-12-25T03:18:41.7057865Z Interpreting /opt/hostedtoolcache/CodeQL/2.23.8/x64/codeql/qlpacks/codeql/python-queries/1.7.3/Security/CWE-776/XmlBomb.ql...
2025-12-25T03:18:41.7131334Z  ... found results file at /home/runner/work/_temp/codeql_databases/python/results/codeql/python-queries/Security/CWE-776/XmlBomb.bqrs.
2025-12-25T03:18:41.7139801Z Interpreting /opt/hostedtoolcache/CodeQL/2.23.8/x64/codeql/qlpacks/codeql/python-queries/1.7.3/Security/CWE-326/WeakCryptoKey.ql...
2025-12-25T03:18:41.7220285Z  ... found results file at /home/runner/work/_temp/codeql_databases/python/results/codeql/python-queries/Security/CWE-326/WeakCryptoKey.bqrs.
2025-12-25T03:18:41.7230238Z Interpreting /opt/hostedtoolcache/CodeQL/2.23.8/x64/codeql/qlpacks/codeql/python-queries/1.7.3/Security/CWE-113/HeaderInjection.ql...
2025-12-25T03:18:41.7314533Z  ... found results file at /home/runner/work/_temp/codeql_databases/python/results/codeql/python-queries/Security/CWE-113/HeaderInjection.bqrs.
2025-12-25T03:18:41.7330143Z Interpreting /opt/hostedtoolcache/CodeQL/2.23.8/x64/codeql/qlpacks/codeql/python-queries/1.7.3/Security/CWE-601/UrlRedirect.ql...
2025-12-25T03:18:41.7395107Z  ... found results file at /home/runner/work/_temp/codeql_databases/python/results/codeql/python-queries/Security/CWE-601/UrlRedirect.bqrs.
2025-12-25T03:18:41.7403886Z Interpreting /opt/hostedtoolcache/CodeQL/2.23.8/x64/codeql/qlpacks/codeql/python-queries/1.7.3/Security/CWE-078/CommandInjection.ql...
2025-12-25T03:18:41.7502409Z  ... found results file at /home/runner/work/_temp/codeql_databases/python/results/codeql/python-queries/Security/CWE-078/CommandInjection.bqrs.
2025-12-25T03:18:41.7504470Z Interpreting /opt/hostedtoolcache/CodeQL/2.23.8/x64/codeql/qlpacks/codeql/python-queries/1.7.3/Security/CWE-295/MissingHostKeyValidation.ql...
2025-12-25T03:18:41.7556973Z  ... found results file at /home/runner/work/_temp/codeql_databases/python/results/codeql/python-queries/Security/CWE-295/MissingHostKeyValidation.bqrs.
2025-12-25T03:18:41.7564433Z Interpreting /opt/hostedtoolcache/CodeQL/2.23.8/x64/codeql/qlpacks/codeql/python-queries/1.7.3/Security/CWE-943/NoSqlInjection.ql...
2025-12-25T03:18:41.7632958Z  ... found results file at /home/runner/work/_temp/codeql_databases/python/results/codeql/python-queries/Security/CWE-943/NoSqlInjection.bqrs.
2025-12-25T03:18:41.7641610Z Interpreting /opt/hostedtoolcache/CodeQL/2.23.8/x64/codeql/qlpacks/codeql/python-queries/1.7.3/Security/CWE-643/XpathInjection.ql...
2025-12-25T03:18:41.7707403Z  ... found results file at /home/runner/work/_temp/codeql_databases/python/results/codeql/python-queries/Security/CWE-643/XpathInjection.bqrs.
2025-12-25T03:18:41.7720140Z Interpreting /opt/hostedtoolcache/CodeQL/2.23.8/x64/codeql/qlpacks/codeql/python-queries/1.7.3/Security/CWE-079/ReflectedXss.ql...
2025-12-25T03:18:41.7781822Z  ... found results file at /home/runner/work/_temp/codeql_databases/python/results/codeql/python-queries/Security/CWE-079/ReflectedXss.bqrs.
2025-12-25T03:18:41.7793410Z Interpreting /opt/hostedtoolcache/CodeQL/2.23.8/x64/codeql/qlpacks/codeql/python-queries/1.7.3/Security/CWE-089/SqlInjection.ql...
2025-12-25T03:18:41.7862627Z  ... found results file at /home/runner/work/_temp/codeql_databases/python/results/codeql/python-queries/Security/CWE-089/SqlInjection.bqrs.
2025-12-25T03:18:41.7866284Z Interpreting /opt/hostedtoolcache/CodeQL/2.23.8/x64/codeql/qlpacks/codeql/python-queries/1.7.3/Security/CVE-2018-1281/BindToAllInterfaces.ql...
2025-12-25T03:18:41.7924693Z  ... found results file at /home/runner/work/_temp/codeql_databases/python/results/codeql/python-queries/Security/CVE-2018-1281/BindToAllInterfaces.bqrs.
2025-12-25T03:18:41.7931717Z Interpreting /opt/hostedtoolcache/CodeQL/2.23.8/x64/codeql/qlpacks/codeql/python-queries/1.7.3/Security/CWE-022/PathInjection.ql...
2025-12-25T03:18:41.7998209Z  ... found results file at /home/runner/work/_temp/codeql_databases/python/results/codeql/python-queries/Security/CWE-022/PathInjection.bqrs.
2025-12-25T03:18:41.8012359Z Interpreting /opt/hostedtoolcache/CodeQL/2.23.8/x64/codeql/qlpacks/codeql/python-queries/1.7.3/Security/CWE-614/InsecureCookie.ql...
2025-12-25T03:18:41.8069913Z  ... found results file at /home/runner/work/_temp/codeql_databases/python/results/codeql/python-queries/Security/CWE-614/InsecureCookie.bqrs.
2025-12-25T03:18:41.8085444Z Interpreting /opt/hostedtoolcache/CodeQL/2.23.8/x64/codeql/qlpacks/codeql/python-queries/1.7.3/Security/CWE-1004/NonHttpOnlyCookie.ql...
2025-12-25T03:18:41.8152351Z  ... found results file at /home/runner/work/_temp/codeql_databases/python/results/codeql/python-queries/Security/CWE-1004/NonHttpOnlyCookie.bqrs.
2025-12-25T03:18:41.8160587Z Interpreting /opt/hostedtoolcache/CodeQL/2.23.8/x64/codeql/qlpacks/codeql/python-queries/1.7.3/Security/CWE-116/BadTagFilter.ql...
2025-12-25T03:18:41.8220395Z  ... found results file at /home/runner/work/_temp/codeql_databases/python/results/codeql/python-queries/Security/CWE-116/BadTagFilter.bqrs.
2025-12-25T03:18:41.8226401Z Interpreting /opt/hostedtoolcache/CodeQL/2.23.8/x64/codeql/qlpacks/codeql/python-queries/1.7.3/Security/CWE-377/InsecureTemporaryFile.ql...
2025-12-25T03:18:41.8304348Z  ... found results file at /home/runner/work/_temp/codeql_databases/python/results/codeql/python-queries/Security/CWE-377/InsecureTemporaryFile.bqrs.
2025-12-25T03:18:41.8310193Z Interpreting /opt/hostedtoolcache/CodeQL/2.23.8/x64/codeql/qlpacks/codeql/python-queries/1.7.3/Security/CWE-352/CSRFProtectionDisabled.ql...
2025-12-25T03:18:41.8360200Z  ... found results file at /home/runner/work/_temp/codeql_databases/python/results/codeql/python-queries/Security/CWE-352/CSRFProtectionDisabled.bqrs.
2025-12-25T03:18:41.8367579Z Interpreting /opt/hostedtoolcache/CodeQL/2.23.8/x64/codeql/qlpacks/codeql/python-queries/1.7.3/Security/CWE-730/ReDoS.ql...
2025-12-25T03:18:41.8432941Z  ... found results file at /home/runner/work/_temp/codeql_databases/python/results/codeql/python-queries/Security/CWE-730/ReDoS.bqrs.
2025-12-25T03:18:41.8438787Z Interpreting /opt/hostedtoolcache/CodeQL/2.23.8/x64/codeql/qlpacks/codeql/python-queries/1.7.3/Security/CWE-730/PolynomialReDoS.ql...
2025-12-25T03:18:41.8504703Z  ... found results file at /home/runner/work/_temp/codeql_databases/python/results/codeql/python-queries/Security/CWE-730/PolynomialReDoS.bqrs.
2025-12-25T03:18:41.8511243Z Interpreting /opt/hostedtoolcache/CodeQL/2.23.8/x64/codeql/qlpacks/codeql/python-queries/1.7.3/Security/CWE-730/RegexInjection.ql...
2025-12-25T03:18:41.8570144Z  ... found results file at /home/runner/work/_temp/codeql_databases/python/results/codeql/python-queries/Security/CWE-730/RegexInjection.bqrs.
2025-12-25T03:18:41.8579561Z Interpreting /opt/hostedtoolcache/CodeQL/2.23.8/x64/codeql/qlpacks/codeql/python-queries/1.7.3/Security/CWE-094/CodeInjection.ql...
2025-12-25T03:18:41.8641166Z  ... found results file at /home/runner/work/_temp/codeql_databases/python/results/codeql/python-queries/Security/CWE-094/CodeInjection.bqrs.
2025-12-25T03:18:41.8646730Z Interpreting /opt/hostedtoolcache/CodeQL/2.23.8/x64/codeql/qlpacks/codeql/python-queries/1.7.3/Security/CWE-502/UnsafeDeserialization.ql...
2025-12-25T03:18:41.8708448Z  ... found results file at /home/runner/work/_temp/codeql_databases/python/results/codeql/python-queries/Security/CWE-502/UnsafeDeserialization.bqrs.
2025-12-25T03:18:41.8731355Z Interpreting /opt/hostedtoolcache/CodeQL/2.23.8/x64/codeql/qlpacks/codeql/python-queries/1.7.3/Security/CWE-215/FlaskDebug.ql...
2025-12-25T03:18:41.8778443Z  ... found results file at /home/runner/work/_temp/codeql_databases/python/results/codeql/python-queries/Security/CWE-215/FlaskDebug.bqrs.
2025-12-25T03:18:41.8785063Z Interpreting /opt/hostedtoolcache/CodeQL/2.23.8/x64/codeql/qlpacks/codeql/python-queries/1.7.3/Security/CWE-074/TemplateInjection.ql...
2025-12-25T03:18:41.8851519Z  ... found results file at /home/runner/work/_temp/codeql_databases/python/results/codeql/python-queries/Security/CWE-074/TemplateInjection.bqrs.
2025-12-25T03:18:41.8854270Z Interpreting /opt/hostedtoolcache/CodeQL/2.23.8/x64/codeql/qlpacks/codeql/python-queries/1.7.3/Security/CWE-327/InsecureProtocol.ql...
2025-12-25T03:18:41.8913178Z  ... found results file at /home/runner/work/_temp/codeql_databases/python/results/codeql/python-queries/Security/CWE-327/InsecureProtocol.bqrs.
2025-12-25T03:18:41.8919587Z Interpreting /opt/hostedtoolcache/CodeQL/2.23.8/x64/codeql/qlpacks/codeql/python-queries/1.7.3/Security/CWE-327/InsecureDefaultProtocol.ql...
2025-12-25T03:18:41.8975124Z  ... found results file at /home/runner/work/_temp/codeql_databases/python/results/codeql/python-queries/Security/CWE-327/InsecureDefaultProtocol.bqrs.
2025-12-25T03:18:41.8985837Z Interpreting /opt/hostedtoolcache/CodeQL/2.23.8/x64/codeql/qlpacks/codeql/python-queries/1.7.3/Security/CWE-327/WeakSensitiveDataHashing.ql...
2025-12-25T03:18:41.9042354Z  ... found results file at /home/runner/work/_temp/codeql_databases/python/results/codeql/python-queries/Security/CWE-327/WeakSensitiveDataHashing.bqrs.
2025-12-25T03:18:41.9045878Z Interpreting /opt/hostedtoolcache/CodeQL/2.23.8/x64/codeql/qlpacks/codeql/python-queries/1.7.3/Security/CWE-327/BrokenCryptoAlgorithm.ql...
2025-12-25T03:18:41.9096630Z  ... found results file at /home/runner/work/_temp/codeql_databases/python/results/codeql/python-queries/Security/CWE-327/BrokenCryptoAlgorithm.bqrs.
2025-12-25T03:18:41.9101946Z Interpreting /opt/hostedtoolcache/CodeQL/2.23.8/x64/codeql/qlpacks/codeql/python-queries/1.7.3/Security/CWE-918/FullServerSideRequestForgery.ql...
2025-12-25T03:18:41.9162533Z  ... found results file at /home/runner/work/_temp/codeql_databases/python/results/codeql/python-queries/Security/CWE-918/FullServerSideRequestForgery.bqrs.
2025-12-25T03:18:41.9181461Z Interpreting /opt/hostedtoolcache/CodeQL/2.23.8/x64/codeql/qlpacks/codeql/python-queries/1.7.3/Security/CWE-090/LdapInjection.ql...
2025-12-25T03:18:41.9233612Z  ... found results file at /home/runner/work/_temp/codeql_databases/python/results/codeql/python-queries/Security/CWE-090/LdapInjection.bqrs.
2025-12-25T03:18:41.9244477Z Interpreting /opt/hostedtoolcache/CodeQL/2.23.8/x64/codeql/qlpacks/codeql/python-queries/1.7.3/Security/CWE-285/PamAuthorization.ql...
2025-12-25T03:18:41.9319285Z  ... found results file at /home/runner/work/_temp/codeql_databases/python/results/codeql/python-queries/Security/CWE-285/PamAuthorization.bqrs.
2025-12-25T03:18:41.9327900Z Interpreting /opt/hostedtoolcache/CodeQL/2.23.8/x64/codeql/qlpacks/codeql/python-queries/1.7.3/Security/CWE-209/StackTraceExposure.ql...
2025-12-25T03:18:41.9396972Z  ... found results file at /home/runner/work/_temp/codeql_databases/python/results/codeql/python-queries/Security/CWE-209/StackTraceExposure.bqrs.
2025-12-25T03:18:41.9407219Z Interpreting /opt/hostedtoolcache/CodeQL/2.23.8/x64/codeql/qlpacks/codeql/python-queries/1.7.3/Security/CWE-611/Xxe.ql...
2025-12-25T03:18:41.9501963Z  ... found results file at /home/runner/work/_temp/codeql_databases/python/results/codeql/python-queries/Security/CWE-611/Xxe.bqrs.
2025-12-25T03:18:41.9503404Z Interpreting /opt/hostedtoolcache/CodeQL/2.23.8/x64/codeql/qlpacks/codeql/python-queries/1.7.3/Expressions/UseofInput.ql...
2025-12-25T03:18:41.9554972Z  ... found results file at /home/runner/work/_temp/codeql_databases/python/results/codeql/python-queries/Expressions/UseofInput.bqrs.
2025-12-25T03:18:41.9562686Z Interpreting /opt/hostedtoolcache/CodeQL/2.23.8/x64/codeql/qlpacks/codeql/python-queries/1.7.3/Diagnostics/ExtractionWarnings.ql...
2025-12-25T03:18:41.9624108Z  ... found results file at /home/runner/work/_temp/codeql_databases/python/results/codeql/python-queries/Diagnostics/ExtractionWarnings.bqrs.
2025-12-25T03:18:41.9632092Z Interpreting /opt/hostedtoolcache/CodeQL/2.23.8/x64/codeql/qlpacks/codeql/python-queries/1.7.3/Diagnostics/ExtractedFiles.ql...
2025-12-25T03:18:41.9704386Z  ... found results file at /home/runner/work/_temp/codeql_databases/python/results/codeql/python-queries/Diagnostics/ExtractedFiles.bqrs.
2025-12-25T03:18:41.9706130Z Interpreting /opt/hostedtoolcache/CodeQL/2.23.8/x64/codeql/qlpacks/codeql/python-queries/1.7.3/Summary/LinesOfUserCode.ql...
2025-12-25T03:18:41.9766386Z  ... found results file at /home/runner/work/_temp/codeql_databases/python/results/codeql/python-queries/Summary/LinesOfUserCode.bqrs.
2025-12-25T03:18:41.9781583Z Interpreting /opt/hostedtoolcache/CodeQL/2.23.8/x64/codeql/qlpacks/codeql/python-queries/1.7.3/Summary/LinesOfCode.ql...
2025-12-25T03:18:41.9827629Z  ... found results file at /home/runner/work/_temp/codeql_databases/python/results/codeql/python-queries/Summary/LinesOfCode.bqrs.
2025-12-25T03:18:42.0433178Z Interpreted pathproblem query "Clear-text logging of sensitive information" (py/clear-text-logging-sensitive-data) at path /home/runner/work/_temp/codeql_databases/python/results/codeql/python-queries/Security/CWE-312/CleartextLogging.bqrs.
2025-12-25T03:18:42.0457753Z Interpreted pathproblem query "Clear-text storage of sensitive information" (py/clear-text-storage-sensitive-data) at path /home/runner/work/_temp/codeql_databases/python/results/codeql/python-queries/Security/CWE-312/CleartextStorage.bqrs.
2025-12-25T03:18:42.0461542Z Interpreted problem query "Incomplete URL substring sanitization" (py/incomplete-url-substring-sanitization) at path /home/runner/work/_temp/codeql_databases/python/results/codeql/python-queries/Security/CWE-020/IncompleteUrlSubstringSanitization.bqrs.
2025-12-25T03:18:42.0473416Z Interpreted problem query "Incomplete regular expression for hostnames" (py/incomplete-hostname-regexp) at path /home/runner/work/_temp/codeql_databases/python/results/codeql/python-queries/Security/CWE-020/IncompleteHostnameRegExp.bqrs.
2025-12-25T03:18:42.0477753Z Interpreted problem query "Overly permissive regular expression range" (py/overly-large-range) at path /home/runner/work/_temp/codeql_databases/python/results/codeql/python-queries/Security/CWE-020/OverlyLargeRange.bqrs.
2025-12-25T03:18:42.0480718Z Interpreted pathproblem query "Construction of a cookie using user-supplied input" (py/cookie-injection) at path /home/runner/work/_temp/codeql_databases/python/results/codeql/python-queries/Security/CWE-020/CookieInjection.bqrs.
2025-12-25T03:18:42.0483389Z Interpreted problem query "Sensitive cookie with `SameSite` attribute set to `None`" (py/samesite-none-cookie) at path /home/runner/work/_temp/codeql_databases/python/results/codeql/python-queries/Security/CWE-1275/SameSiteNoneCookie.bqrs.
2025-12-25T03:18:42.0485796Z Interpreted pathproblem query "XML internal entity expansion" (py/xml-bomb) at path /home/runner/work/_temp/codeql_databases/python/results/codeql/python-queries/Security/CWE-776/XmlBomb.bqrs.
2025-12-25T03:18:42.0488039Z Interpreted problem query "Use of weak cryptographic key" (py/weak-crypto-key) at path /home/runner/work/_temp/codeql_databases/python/results/codeql/python-queries/Security/CWE-326/WeakCryptoKey.bqrs.
2025-12-25T03:18:42.0490510Z Interpreted pathproblem query "HTTP Response Splitting" (py/http-response-splitting) at path /home/runner/work/_temp/codeql_databases/python/results/codeql/python-queries/Security/CWE-113/HeaderInjection.bqrs.
2025-12-25T03:18:42.0492875Z Interpreted pathproblem query "URL redirection from remote source" (py/url-redirection) at path /home/runner/work/_temp/codeql_databases/python/results/codeql/python-queries/Security/CWE-601/UrlRedirect.bqrs.
2025-12-25T03:18:42.0495253Z Interpreted pathproblem query "Uncontrolled command line" (py/command-line-injection) at path /home/runner/work/_temp/codeql_databases/python/results/codeql/python-queries/Security/CWE-078/CommandInjection.bqrs.
2025-12-25T03:18:42.0497944Z Interpreted problem query "Accepting unknown SSH host keys when using Paramiko" (py/paramiko-missing-host-key-validation) at path /home/runner/work/_temp/codeql_databases/python/results/codeql/python-queries/Security/CWE-295/MissingHostKeyValidation.bqrs.
2025-12-25T03:18:42.0520880Z Interpreted pathproblem query "NoSQL Injection" (py/nosql-injection) at path /home/runner/work/_temp/codeql_databases/python/results/codeql/python-queries/Security/CWE-943/NoSqlInjection.bqrs.
2025-12-25T03:18:42.0523300Z Interpreted pathproblem query "XPath query built from user-controlled sources" (py/xpath-injection) at path /home/runner/work/_temp/codeql_databases/python/results/codeql/python-queries/Security/CWE-643/XpathInjection.bqrs.
2025-12-25T03:18:42.0525832Z Interpreted pathproblem query "Reflected server-side cross-site scripting" (py/reflective-xss) at path /home/runner/work/_temp/codeql_databases/python/results/codeql/python-queries/Security/CWE-079/ReflectedXss.bqrs.
2025-12-25T03:18:42.0528359Z Interpreted pathproblem query "SQL query built from user-controlled sources" (py/sql-injection) at path /home/runner/work/_temp/codeql_databases/python/results/codeql/python-queries/Security/CWE-089/SqlInjection.bqrs.
2025-12-25T03:18:42.0531190Z Interpreted problem query "Binding a socket to all network interfaces" (py/bind-socket-all-network-interfaces) at path /home/runner/work/_temp/codeql_databases/python/results/codeql/python-queries/Security/CVE-2018-1281/BindToAllInterfaces.bqrs.
2025-12-25T03:18:42.0533868Z Interpreted pathproblem query "Uncontrolled data used in path expression" (py/path-injection) at path /home/runner/work/_temp/codeql_databases/python/results/codeql/python-queries/Security/CWE-022/PathInjection.bqrs.
2025-12-25T03:18:42.0536237Z Interpreted problem query "Failure to use secure cookies" (py/insecure-cookie) at path /home/runner/work/_temp/codeql_databases/python/results/codeql/python-queries/Security/CWE-614/InsecureCookie.bqrs.
2025-12-25T03:18:42.0539422Z Interpreted problem query "Sensitive cookie missing `HttpOnly` attribute" (py/client-exposed-cookie) at path /home/runner/work/_temp/codeql_databases/python/results/codeql/python-queries/Security/CWE-1004/NonHttpOnlyCookie.bqrs.
2025-12-25T03:18:42.0541869Z Interpreted problem query "Bad HTML filtering regexp" (py/bad-tag-filter) at path /home/runner/work/_temp/codeql_databases/python/results/codeql/python-queries/Security/CWE-116/BadTagFilter.bqrs.
2025-12-25T03:18:42.0544178Z Interpreted problem query "Insecure temporary file" (py/insecure-temporary-file) at path /home/runner/work/_temp/codeql_databases/python/results/codeql/python-queries/Security/CWE-377/InsecureTemporaryFile.bqrs.
2025-12-25T03:18:42.0546710Z Interpreted problem query "CSRF protection weakened or disabled" (py/csrf-protection-disabled) at path /home/runner/work/_temp/codeql_databases/python/results/codeql/python-queries/Security/CWE-352/CSRFProtectionDisabled.bqrs.
2025-12-25T03:18:42.0549289Z Interpreted problem query "Inefficient regular expression" (py/redos) at path /home/runner/work/_temp/codeql_databases/python/results/codeql/python-queries/Security/CWE-730/ReDoS.bqrs.
2025-12-25T03:18:42.0551665Z Interpreted pathproblem query "Polynomial regular expression used on uncontrolled data" (py/polynomial-redos) at path /home/runner/work/_temp/codeql_databases/python/results/codeql/python-queries/Security/CWE-730/PolynomialReDoS.bqrs.
2025-12-25T03:18:42.0561706Z Interpreted pathproblem query "Regular expression injection" (py/regex-injection) at path /home/runner/work/_temp/codeql_databases/python/results/codeql/python-queries/Security/CWE-730/RegexInjection.bqrs.
2025-12-25T03:18:42.0564022Z Interpreted pathproblem query "Code injection" (py/code-injection) at path /home/runner/work/_temp/codeql_databases/python/results/codeql/python-queries/Security/CWE-094/CodeInjection.bqrs.
2025-12-25T03:18:42.0566513Z Interpreted pathproblem query "Deserialization of user-controlled data" (py/unsafe-deserialization) at path /home/runner/work/_temp/codeql_databases/python/results/codeql/python-queries/Security/CWE-502/UnsafeDeserialization.bqrs.
2025-12-25T03:18:42.0569148Z Interpreted problem query "Flask app is run in debug mode" (py/flask-debug) at path /home/runner/work/_temp/codeql_databases/python/results/codeql/python-queries/Security/CWE-215/FlaskDebug.bqrs.
2025-12-25T03:18:42.0571452Z Interpreted pathproblem query "Server Side Template Injection" (py/template-injection) at path /home/runner/work/_temp/codeql_databases/python/results/codeql/python-queries/Security/CWE-074/TemplateInjection.bqrs.
2025-12-25T03:18:42.0573801Z Interpreted problem query "Use of insecure SSL/TLS version" (py/insecure-protocol) at path /home/runner/work/_temp/codeql_databases/python/results/codeql/python-queries/Security/CWE-327/InsecureProtocol.bqrs.
2025-12-25T03:18:42.0576272Z Interpreted problem query "Default version of SSL/TLS may be insecure" (py/insecure-default-protocol) at path /home/runner/work/_temp/codeql_databases/python/results/codeql/python-queries/Security/CWE-327/InsecureDefaultProtocol.bqrs.
2025-12-25T03:18:42.0579423Z Interpreted pathproblem query "Use of a broken or weak cryptographic hashing algorithm on sensitive data" (py/weak-sensitive-data-hashing) at path /home/runner/work/_temp/codeql_databases/python/results/codeql/python-queries/Security/CWE-327/WeakSensitiveDataHashing.bqrs.
2025-12-25T03:18:42.0582293Z Interpreted problem query "Use of a broken or weak cryptographic algorithm" (py/weak-cryptographic-algorithm) at path /home/runner/work/_temp/codeql_databases/python/results/codeql/python-queries/Security/CWE-327/BrokenCryptoAlgorithm.bqrs.
2025-12-25T03:18:42.0584877Z Interpreted pathproblem query "Full server-side request forgery" (py/full-ssrf) at path /home/runner/work/_temp/codeql_databases/python/results/codeql/python-queries/Security/CWE-918/FullServerSideRequestForgery.bqrs.
2025-12-25T03:18:42.0587363Z Interpreted pathproblem query "LDAP query built from user-controlled sources" (py/ldap-injection) at path /home/runner/work/_temp/codeql_databases/python/results/codeql/python-queries/Security/CWE-090/LdapInjection.bqrs.
2025-12-25T03:18:42.0590527Z Interpreted pathproblem query "PAM authorization bypass due to incorrect usage" (py/pam-auth-bypass) at path /home/runner/work/_temp/codeql_databases/python/results/codeql/python-queries/Security/CWE-285/PamAuthorization.bqrs.
2025-12-25T03:18:42.0608738Z Interpreted pathproblem query "Information exposure through an exception" (py/stack-trace-exposure) at path /home/runner/work/_temp/codeql_databases/python/results/codeql/python-queries/Security/CWE-209/StackTraceExposure.bqrs.
2025-12-25T03:18:42.0611294Z Interpreted pathproblem query "XML external entity expansion" (py/xxe) at path /home/runner/work/_temp/codeql_databases/python/results/codeql/python-queries/Security/CWE-611/Xxe.bqrs.
2025-12-25T03:18:42.0613352Z Interpreted problem query "'input' function used in Python 2" (py/use-of-input) at path /home/runner/work/_temp/codeql_databases/python/results/codeql/python-queries/Expressions/UseofInput.bqrs.
2025-12-25T03:18:42.0638629Z Interpreted diagnostic query "Python extraction warnings" (py/diagnostics/extraction-warnings) at path /home/runner/work/_temp/codeql_databases/python/results/codeql/python-queries/Diagnostics/ExtractionWarnings.bqrs.
2025-12-25T03:18:42.0643879Z Interpreted diagnostic query "Extracted Python files" (py/diagnostics/successfully-extracted-files) at path /home/runner/work/_temp/codeql_databases/python/results/codeql/python-queries/Diagnostics/ExtractedFiles.bqrs.
2025-12-25T03:18:42.0648002Z Interpreted metric query "Total lines of user written Python code in the database" (py/summary/lines-of-user-code) at path /home/runner/work/_temp/codeql_databases/python/results/codeql/python-queries/Summary/LinesOfUserCode.bqrs.
2025-12-25T03:18:42.0650711Z Interpreted metric query "Total lines of Python code in the database" (py/summary/lines-of-code) at path /home/runner/work/_temp/codeql_databases/python/results/codeql/python-queries/Summary/LinesOfCode.bqrs.
2025-12-25T03:18:42.0652406Z Reading source archive /home/runner/work/_temp/codeql_databases/python/src.zip
2025-12-25T03:18:42.1510175Z Interpreting file coverage baseline information
2025-12-25T03:18:42.1541119Z Finished interpreting file coverage baseline information.
2025-12-25T03:18:42.1542133Z Interpreting diagnostic messages...
2025-12-25T03:18:42.1916225Z Found 3 raw diagnostic messages.
2025-12-25T03:18:42.2008682Z Processed diagnostic messages (removed 0 due to limits, created 0 summary diagnostics for status page).
2025-12-25T03:18:42.2033096Z Interpreted diagnostic messages (49ms).
2025-12-25T03:18:42.3831875Z Exporting results to SARIF...
2025-12-25T03:18:42.5241707Z Exported results to SARIF (141ms).
2025-12-25T03:18:42.5585267Z ##[endgroup]
2025-12-25T03:18:42.5586536Z CodeQL scanned 11 out of 11 Python files and 5 out of 5 GitHub Actions files in this invocation. Check the status page for overall coverage information: https://github.com/Boss-1s/scratchattach/security/code-scanning/tools/CodeQL/status/
2025-12-25T03:18:42.5587703Z 
2025-12-25T03:18:42.5596712Z Post-processing sarif files: ["/home/runner/work/scratchattach/results/python.sarif"]
2025-12-25T03:18:42.5625230Z Adding fingerprints to SARIF file. See https://docs.github.com/en/enterprise-cloud@latest/code-security/code-scanning/integrating-with-code-scanning/sarif-support-for-code-scanning#providing-data-to-track-code-scanning-alerts-across-runs for more information.
2025-12-25T03:18:42.5627746Z ##[group]Uploading code scanning results
2025-12-25T03:18:42.5758458Z Uploading results
2025-12-25T03:18:42.8810126Z Successfully uploaded results
2025-12-25T03:18:42.8810832Z ##[endgroup]
2025-12-25T03:18:42.8824394Z Skipping upload of dependency cache for python as we have no caching configuration for it.
2025-12-25T03:18:42.8826263Z ##[group]Waiting for processing to finish
2025-12-25T03:18:43.0034235Z Analysis upload status is pending.
2025-12-25T03:18:48.1602332Z Analysis upload status is complete.
2025-12-25T03:18:48.1603217Z ##[endgroup]
2025-12-25T03:18:48.3557421Z Post job cleanup.
2025-12-25T03:18:49.1980267Z Post job cleanup.
2025-12-25T03:18:49.3961710Z Post job cleanup.
2025-12-25T03:18:50.2572324Z CodeQL job status was success.
2025-12-25T03:18:50.2581398Z Sending status report for init-post step.
2025-12-25T03:18:50.5048258Z Status report sent for init-post step.
2025-12-25T03:18:50.5417390Z Post job cleanup.
2025-12-25T03:18:50.6356227Z [command]/usr/bin/git version
2025-12-25T03:18:50.6392656Z git version 2.52.0
2025-12-25T03:18:50.6436825Z Temporarily overriding HOME='/home/runner/work/_temp/0c50c98c-86f8-40cd-9347-1468af02c7e1' before making global git config changes
2025-12-25T03:18:50.6438069Z Adding repository directory to the temporary git global config as a safe directory
2025-12-25T03:18:50.6443781Z [command]/usr/bin/git config --global --add safe.directory /home/runner/work/scratchattach/scratchattach
2025-12-25T03:18:50.6480297Z [command]/usr/bin/git config --local --name-only --get-regexp core\.sshCommand
2025-12-25T03:18:50.6513343Z [command]/usr/bin/git submodule foreach --recursive sh -c "git config --local --name-only --get-regexp 'core\.sshCommand' && git config --local --unset-all 'core.sshCommand' || :"
2025-12-25T03:18:50.6744167Z [command]/usr/bin/git config --local --name-only --get-regexp http\.https\:\/\/github\.com\/\.extraheader
2025-12-25T03:18:50.6764972Z http.https://github.com/.extraheader
2025-12-25T03:18:50.6777607Z [command]/usr/bin/git config --local --unset-all http.https://github.com/.extraheader
2025-12-25T03:18:50.6807981Z [command]/usr/bin/git submodule foreach --recursive sh -c "git config --local --name-only --get-regexp 'http\.https\:\/\/github\.com\/\.extraheader' && git config --local --unset-all 'http.https://github.com/.extraheader' || :"
2025-12-25T03:18:50.7032259Z [command]/usr/bin/git config --local --name-only --get-regexp ^includeIf\.gitdir:
2025-12-25T03:18:50.7064516Z [command]/usr/bin/git submodule foreach --recursive git config --local --show-origin --name-only --get-regexp remote.origin.url
2025-12-25T03:18:50.7401664Z Cleaning up orphan processes
