2025-12-31T15:46:39.1854090Z Current runner version: '2.330.0'
2025-12-31T15:46:39.1868010Z ##[group]Runner Image Provisioner
2025-12-31T15:46:39.1868470Z Hosted Compute Agent
2025-12-31T15:46:39.1868790Z Version: 20251211.462
2025-12-31T15:46:39.1869150Z Commit: 6cbad8c2bb55d58165063d031ccabf57e2d2db61
2025-12-31T15:46:39.1869580Z Build Date: 2025-12-11T16:28:49Z
2025-12-31T15:46:39.1869980Z Worker ID: {379b7e97-c86f-4272-825c-0e56146e8397}
2025-12-31T15:46:39.1870380Z ##[endgroup]
2025-12-31T15:46:39.1870710Z ##[group]Operating System
2025-12-31T15:46:39.1871040Z macOS
2025-12-31T15:46:39.1871330Z 15.7.2
2025-12-31T15:46:39.1871640Z 24G325
2025-12-31T15:46:39.1871920Z ##[endgroup]
2025-12-31T15:46:39.1872300Z ##[group]Runner Image
2025-12-31T15:46:39.1872620Z Image: macos-15-arm64
2025-12-31T15:46:39.1872960Z Version: 20251215.0075.1
2025-12-31T15:46:39.1873680Z Included Software: https://github.com/actions/runner-images/blob/macos-15-arm64/20251215.0075/images/macos/macos-15-arm64-Readme.md
2025-12-31T15:46:39.1874720Z Image Release: https://github.com/actions/runner-images/releases/tag/macos-15-arm64%2F20251215.0075
2025-12-31T15:46:39.1875340Z ##[endgroup]
2025-12-31T15:46:39.1875970Z ##[group]GITHUB_TOKEN Permissions
2025-12-31T15:46:39.1876980Z Contents: read
2025-12-31T15:46:39.1877290Z Metadata: read
2025-12-31T15:46:39.1877580Z ##[endgroup]
2025-12-31T15:46:39.1878920Z Secret source: Actions
2025-12-31T15:46:39.1879330Z Prepare workflow directory
2025-12-31T15:46:39.2118020Z Prepare all required actions
2025-12-31T15:46:39.2148200Z Getting action download info
2025-12-31T15:46:39.3805000Z Download action repository 'actions/checkout@v6.0.1' (SHA:8e8c483db84b4bee98b60c0593521ed34d9990e8)
2025-12-31T15:46:39.7222510Z Download action repository 'actions/setup-python@v6.1.0' (SHA:83679a892e2d95755f2dac6acb0bfd1e9ac5d548)
2025-12-31T15:46:39.9781310Z Complete job name: build (3.14, macos-latest)
2025-12-31T15:46:40.0171190Z ##[group]Run actions/checkout@v6.0.1
2025-12-31T15:46:40.0171750Z with:
2025-12-31T15:46:40.0172020Z   ref: scratch_chat_dev
2025-12-31T15:46:40.0172350Z   repository: Boss-1s/scratchattach
2025-12-31T15:46:40.0172870Z   token: ***
2025-12-31T15:46:40.0173130Z   ssh-strict: true
2025-12-31T15:46:40.0173390Z   ssh-user: git
2025-12-31T15:46:40.0173660Z   persist-credentials: true
2025-12-31T15:46:40.0173960Z   clean: true
2025-12-31T15:46:40.0174230Z   sparse-checkout-cone-mode: true
2025-12-31T15:46:40.0174550Z   fetch-depth: 1
2025-12-31T15:46:40.0174810Z   fetch-tags: false
2025-12-31T15:46:40.0175080Z   show-progress: true
2025-12-31T15:46:40.0175350Z   lfs: false
2025-12-31T15:46:40.0175600Z   submodules: false
2025-12-31T15:46:40.0175880Z   set-safe-directory: true
2025-12-31T15:46:40.0176280Z ##[endgroup]
2025-12-31T15:46:40.3997050Z Syncing repository: Boss-1s/scratchattach
2025-12-31T15:46:40.3998410Z ##[group]Getting Git version info
2025-12-31T15:46:40.3998990Z Working directory is '/Users/runner/work/scratchattach/scratchattach'
2025-12-31T15:46:40.3999730Z [command]/opt/homebrew/bin/git version
2025-12-31T15:46:40.4511170Z git version 2.50.1
2025-12-31T15:46:40.4682230Z ##[endgroup]
2025-12-31T15:46:40.4689550Z Copying '/Users/runner/.gitconfig' to '/Users/runner/work/_temp/3794d6ce-6fc8-42a7-a702-93b7d6cf7122/.gitconfig'
2025-12-31T15:46:40.4690660Z Temporarily overriding HOME='/Users/runner/work/_temp/3794d6ce-6fc8-42a7-a702-93b7d6cf7122' before making global git config changes
2025-12-31T15:46:40.4691600Z Adding repository directory to the temporary git global config as a safe directory
2025-12-31T15:46:40.4693500Z [command]/opt/homebrew/bin/git config --global --add safe.directory /Users/runner/work/scratchattach/scratchattach
2025-12-31T15:46:40.4818300Z Deleting the contents of '/Users/runner/work/scratchattach/scratchattach'
2025-12-31T15:46:40.4819870Z ##[group]Initializing the repository
2025-12-31T15:46:40.4820550Z [command]/opt/homebrew/bin/git init /Users/runner/work/scratchattach/scratchattach
2025-12-31T15:46:40.4977960Z hint: Using 'master' as the name for the initial branch. This default branch name
2025-12-31T15:46:40.4979330Z hint: is subject to change. To configure the initial branch name to use in all
2025-12-31T15:46:40.4979970Z hint: of your new repositories, which will suppress this warning, call:
2025-12-31T15:46:40.4980450Z hint:
2025-12-31T15:46:40.4980830Z hint: 	git config --global init.defaultBranch <name>
2025-12-31T15:46:40.4981230Z hint:
2025-12-31T15:46:40.4981630Z hint: Names commonly chosen instead of 'master' are 'main', 'trunk' and
2025-12-31T15:46:40.4982240Z hint: 'development'. The just-created branch can be renamed via this command:
2025-12-31T15:46:40.4982740Z hint:
2025-12-31T15:46:40.4983030Z hint: 	git branch -m <name>
2025-12-31T15:46:40.4983360Z hint:
2025-12-31T15:46:40.4983790Z hint: Disable this message with "git config set advice.defaultBranchName false"
2025-12-31T15:46:40.4984500Z Initialized empty Git repository in /Users/runner/work/scratchattach/scratchattach/.git/
2025-12-31T15:46:40.4987560Z [command]/opt/homebrew/bin/git remote add origin https://github.com/Boss-1s/scratchattach
2025-12-31T15:46:40.5062370Z ##[endgroup]
2025-12-31T15:46:40.5063160Z ##[group]Disabling automatic garbage collection
2025-12-31T15:46:40.5064950Z [command]/opt/homebrew/bin/git config --local gc.auto 0
2025-12-31T15:46:40.5128990Z ##[endgroup]
2025-12-31T15:46:40.5129540Z ##[group]Setting up auth
2025-12-31T15:46:40.5129940Z Removing SSH command configuration
2025-12-31T15:46:40.5133090Z [command]/opt/homebrew/bin/git config --local --name-only --get-regexp core\.sshCommand
2025-12-31T15:46:40.5196720Z [command]/opt/homebrew/bin/git submodule foreach --recursive sh -c "git config --local --name-only --get-regexp 'core\.sshCommand' && git config --local --unset-all 'core.sshCommand' || :"
2025-12-31T15:46:40.6050460Z Removing HTTP extra header
2025-12-31T15:46:40.6054110Z [command]/opt/homebrew/bin/git config --local --name-only --get-regexp http\.https\:\/\/github\.com\/\.extraheader
2025-12-31T15:46:40.6105160Z [command]/opt/homebrew/bin/git submodule foreach --recursive sh -c "git config --local --name-only --get-regexp 'http\.https\:\/\/github\.com\/\.extraheader' && git config --local --unset-all 'http.https://github.com/.extraheader' || :"
2025-12-31T15:46:40.6731680Z Removing includeIf entries pointing to credentials config files
2025-12-31T15:46:40.6735020Z [command]/opt/homebrew/bin/git config --local --name-only --get-regexp ^includeIf\.gitdir:
2025-12-31T15:46:40.6781780Z [command]/opt/homebrew/bin/git submodule foreach --recursive git config --local --show-origin --name-only --get-regexp remote.origin.url
2025-12-31T15:46:40.7852730Z [command]/opt/homebrew/bin/git config --file /Users/runner/work/_temp/git-credentials-cff219af-a16f-4505-93e3-7b247477e376.config http.https://github.com/.extraheader AUTHORIZATION: basic ***
2025-12-31T15:46:40.7855330Z [command]/opt/homebrew/bin/git config --local includeIf.gitdir:/Users/runner/work/scratchattach/scratchattach/.git.path /Users/runner/work/_temp/git-credentials-cff219af-a16f-4505-93e3-7b247477e376.config
2025-12-31T15:46:40.7857750Z [command]/opt/homebrew/bin/git config --local includeIf.gitdir:/Users/runner/work/scratchattach/scratchattach/.git/worktrees/*.path /Users/runner/work/_temp/git-credentials-cff219af-a16f-4505-93e3-7b247477e376.config
2025-12-31T15:46:40.7872680Z [command]/opt/homebrew/bin/git config --local includeIf.gitdir:/github/workspace/.git.path /github/runner_temp/git-credentials-cff219af-a16f-4505-93e3-7b247477e376.config
2025-12-31T15:46:40.8008130Z [command]/opt/homebrew/bin/git config --local includeIf.gitdir:/github/workspace/.git/worktrees/*.path /github/runner_temp/git-credentials-cff219af-a16f-4505-93e3-7b247477e376.config
2025-12-31T15:46:40.8023070Z ##[endgroup]
2025-12-31T15:46:40.8023700Z ##[group]Fetching the repository
2025-12-31T15:46:40.8025000Z [command]/opt/homebrew/bin/git -c protocol.version=2 fetch --no-tags --prune --no-recurse-submodules --depth=1 origin +refs/heads/scratch_chat_dev*:refs/remotes/origin/scratch_chat_dev* +refs/tags/scratch_chat_dev*:refs/tags/scratch_chat_dev*
2025-12-31T15:46:44.3391750Z From https://github.com/Boss-1s/scratchattach
2025-12-31T15:46:44.3392850Z  * [new branch]      scratch_chat_dev -> origin/scratch_chat_dev
2025-12-31T15:46:44.3463300Z ##[endgroup]
2025-12-31T15:46:44.3464130Z ##[group]Determining the checkout info
2025-12-31T15:46:44.3466320Z [command]/opt/homebrew/bin/git branch --list --remote origin/scratch_chat_dev
2025-12-31T15:46:44.3533140Z   origin/scratch_chat_dev
2025-12-31T15:46:44.3535060Z ##[endgroup]
2025-12-31T15:46:44.3537870Z [command]/opt/homebrew/bin/git sparse-checkout disable
2025-12-31T15:46:44.3602090Z [command]/opt/homebrew/bin/git config --local --unset-all extensions.worktreeConfig
2025-12-31T15:46:44.3653310Z ##[group]Checking out the ref
2025-12-31T15:46:44.3654590Z [command]/opt/homebrew/bin/git checkout --progress --force -B scratch_chat_dev refs/remotes/origin/scratch_chat_dev
2025-12-31T15:46:45.2845270Z Switched to a new branch 'scratch_chat_dev'
2025-12-31T15:46:45.2953820Z branch 'scratch_chat_dev' set up to track 'origin/scratch_chat_dev'.
2025-12-31T15:46:45.2957050Z ##[endgroup]
2025-12-31T15:46:45.3024530Z [command]/opt/homebrew/bin/git log -1 --format=%H
2025-12-31T15:46:45.3114800Z 024069c85aed8c1108645d8c8d0db417da117aa1
2025-12-31T15:46:45.3403660Z ##[group]Run actions/setup-python@v6.1.0
2025-12-31T15:46:45.3403980Z with:
2025-12-31T15:46:45.3404180Z   python-version: 3.14
2025-12-31T15:46:45.3404410Z   check-latest: false
2025-12-31T15:46:45.3404800Z   token: ***
2025-12-31T15:46:45.3405000Z   update-environment: true
2025-12-31T15:46:45.3405250Z   allow-prereleases: false
2025-12-31T15:46:45.3405490Z   freethreaded: false
2025-12-31T15:46:45.3405720Z ##[endgroup]
2025-12-31T15:46:45.4698850Z ##[group]Installed versions
2025-12-31T15:46:45.4756060Z (node:32671) [DEP0040] DeprecationWarning: The `punycode` module is deprecated. Please use a userland alternative instead.
2025-12-31T15:46:45.4756990Z (Use `node --trace-deprecation ...` to show where the warning was created)
2025-12-31T15:46:45.4757370Z Successfully set up CPython (3.14.2)
2025-12-31T15:46:45.4758210Z ##[endgroup]
2025-12-31T15:46:45.4838390Z ##[group]Run cd test
2025-12-31T15:46:45.4838670Z [36;1mcd test[0m
2025-12-31T15:46:45.4838860Z [36;1mpython3 o_test1.py[0m
2025-12-31T15:46:45.4891410Z shell: /bin/bash -e {0}
2025-12-31T15:46:45.4891640Z env:
2025-12-31T15:46:45.4891960Z   pythonLocation: /Users/runner/hostedtoolcache/Python/3.14.2/arm64
2025-12-31T15:46:45.4892490Z   PKG_CONFIG_PATH: /Users/runner/hostedtoolcache/Python/3.14.2/arm64/lib/pkgconfig
2025-12-31T15:46:45.4892920Z   Python_ROOT_DIR: /Users/runner/hostedtoolcache/Python/3.14.2/arm64
2025-12-31T15:46:45.4893310Z   Python2_ROOT_DIR: /Users/runner/hostedtoolcache/Python/3.14.2/arm64
2025-12-31T15:46:45.4893710Z   Python3_ROOT_DIR: /Users/runner/hostedtoolcache/Python/3.14.2/arm64
2025-12-31T15:46:45.4894010Z ##[endgroup]
2025-12-31T15:46:45.7205840Z File otest.json not found. Creating a new one.
2025-12-31T15:46:45.7240130Z Data for key test_top_level_key stored successfully in otest.json.
2025-12-31T15:46:45.7349850Z Traceback (most recent call last):
2025-12-31T15:46:45.7350260Z File 'otest.json' not found. Creating a new one.
2025-12-31T15:46:45.7354320Z   File "/Users/runner/work/scratchattach/scratchattach/test/o_test1.py", line 76, in <module>
2025-12-31T15:46:45.7356200Z Data for key 'test_top_level_key' stored successfully in 'otest.json'.
2025-12-31T15:46:45.7356760Z     assert db_get_keys("otest.json") == "test_top_level_key", "failed at debug point 1"
2025-12-31T15:46:45.7357290Z Sucessfully added values ['val1', 'skibidi toilet'] to subkeys ['sk1', 'sk2'], respectively.
2025-12-31T15:46:45.7357710Z            ^^^^^^^^^^^^^^^^^^^^^^^^^^^^^^^^^^^^^^^^^^^^^^^^^
2025-12-31T15:46:45.7357990Z AssertionError: failed at debug point 1
2025-12-31T15:46:45.7366510Z ##[error]Process completed with exit code 1.
2025-12-31T15:46:45.7449550Z Post job cleanup.
2025-12-31T15:46:45.8322850Z [command]/opt/homebrew/bin/git version
2025-12-31T15:46:45.8348160Z git version 2.50.1
2025-12-31T15:46:45.8367400Z Copying '/Users/runner/.gitconfig' to '/Users/runner/work/_temp/08b926d2-7e91-4aaf-9995-84d1f56845cc/.gitconfig'
2025-12-31T15:46:45.8372440Z Temporarily overriding HOME='/Users/runner/work/_temp/08b926d2-7e91-4aaf-9995-84d1f56845cc' before making global git config changes
2025-12-31T15:46:45.8373990Z Adding repository directory to the temporary git global config as a safe directory
2025-12-31T15:46:45.8375650Z [command]/opt/homebrew/bin/git config --global --add safe.directory /Users/runner/work/scratchattach/scratchattach
2025-12-31T15:46:45.8424820Z Removing SSH command configuration
2025-12-31T15:46:45.8428730Z [command]/opt/homebrew/bin/git config --local --name-only --get-regexp core\.sshCommand
2025-12-31T15:46:45.8484140Z [command]/opt/homebrew/bin/git submodule foreach --recursive sh -c "git config --local --name-only --get-regexp 'core\.sshCommand' && git config --local --unset-all 'core.sshCommand' || :"
2025-12-31T15:46:45.9141160Z Removing HTTP extra header
2025-12-31T15:46:45.9144360Z [command]/opt/homebrew/bin/git config --local --name-only --get-regexp http\.https\:\/\/github\.com\/\.extraheader
2025-12-31T15:46:45.9196140Z [command]/opt/homebrew/bin/git submodule foreach --recursive sh -c "git config --local --name-only --get-regexp 'http\.https\:\/\/github\.com\/\.extraheader' && git config --local --unset-all 'http.https://github.com/.extraheader' || :"
2025-12-31T15:46:46.0541280Z Removing includeIf entries pointing to credentials config files
2025-12-31T15:46:46.0547440Z [command]/opt/homebrew/bin/git config --local --name-only --get-regexp ^includeIf\.gitdir:
2025-12-31T15:46:46.0548380Z includeif.gitdir:/Users/runner/work/scratchattach/scratchattach/.git.path
2025-12-31T15:46:46.0549050Z includeif.gitdir:/Users/runner/work/scratchattach/scratchattach/.git/worktrees/*.path
2025-12-31T15:46:46.0549670Z includeif.gitdir:/github/workspace/.git.path
2025-12-31T15:46:46.0550150Z includeif.gitdir:/github/workspace/.git/worktrees/*.path
2025-12-31T15:46:46.0551710Z [command]/opt/homebrew/bin/git config --local --get-all includeif.gitdir:/Users/runner/work/scratchattach/scratchattach/.git.path
2025-12-31T15:46:46.0552500Z /Users/runner/work/_temp/git-credentials-cff219af-a16f-4505-93e3-7b247477e376.config
2025-12-31T15:46:46.0554100Z [command]/opt/homebrew/bin/git config --local --unset includeif.gitdir:/Users/runner/work/scratchattach/scratchattach/.git.path /Users/runner/work/_temp/git-credentials-cff219af-a16f-4505-93e3-7b247477e376.config
2025-12-31T15:46:46.0555930Z [command]/opt/homebrew/bin/git config --local --get-all includeif.gitdir:/Users/runner/work/scratchattach/scratchattach/.git/worktrees/*.path
2025-12-31T15:46:46.0703390Z /Users/runner/work/_temp/git-credentials-cff219af-a16f-4505-93e3-7b247477e376.config
2025-12-31T15:46:46.0775640Z [command]/opt/homebrew/bin/git config --local --unset includeif.gitdir:/Users/runner/work/scratchattach/scratchattach/.git/worktrees/*.path /Users/runner/work/_temp/git-credentials-cff219af-a16f-4505-93e3-7b247477e376.config
2025-12-31T15:46:46.0794720Z [command]/opt/homebrew/bin/git config --local --get-all includeif.gitdir:/github/workspace/.git.path
2025-12-31T15:46:46.0800040Z /github/runner_temp/git-credentials-cff219af-a16f-4505-93e3-7b247477e376.config
2025-12-31T15:46:46.0804790Z [command]/opt/homebrew/bin/git config --local --unset includeif.gitdir:/github/workspace/.git.path /github/runner_temp/git-credentials-cff219af-a16f-4505-93e3-7b247477e376.config
2025-12-31T15:46:46.1110000Z [command]/opt/homebrew/bin/git config --local --get-all includeif.gitdir:/github/workspace/.git/worktrees/*.path
2025-12-31T15:46:46.1160370Z /github/runner_temp/git-credentials-cff219af-a16f-4505-93e3-7b247477e376.config
2025-12-31T15:46:46.1277170Z [command]/opt/homebrew/bin/git config --local --unset includeif.gitdir:/github/workspace/.git/worktrees/*.path /github/runner_temp/git-credentials-cff219af-a16f-4505-93e3-7b247477e376.config
2025-12-31T15:46:46.1375820Z [command]/opt/homebrew/bin/git submodule foreach --recursive git config --local --show-origin --name-only --get-regexp remote.origin.url
2025-12-31T15:46:46.1998100Z Removing credentials config '/Users/runner/work/_temp/git-credentials-cff219af-a16f-4505-93e3-7b247477e376.config'
2025-12-31T15:46:46.2063130Z Cleaning up orphan processes
