2025-10-27T01:52:30.4178530Z Current runner version: '2.329.0'
2025-10-27T01:52:30.4213329Z ##[group]Runner Image Provisioner
2025-10-27T01:52:30.4214634Z Hosted Compute Agent
2025-10-27T01:52:30.4215546Z Version: 20250912.392
2025-10-27T01:52:30.4216586Z Commit: d921fda672a98b64f4f82364647e2f10b2267d0b
2025-10-27T01:52:30.4217669Z Build Date: 2025-09-12T15:23:14Z
2025-10-27T01:52:30.4218873Z ##[endgroup]
2025-10-27T01:52:30.4219751Z ##[group]Operating System
2025-10-27T01:52:30.4220601Z Ubuntu
2025-10-27T01:52:30.4221466Z 24.04.3
2025-10-27T01:52:30.4222334Z LTS
2025-10-27T01:52:30.4223011Z ##[endgroup]
2025-10-27T01:52:30.4223897Z ##[group]Runner Image
2025-10-27T01:52:30.4224770Z Image: ubuntu-24.04
2025-10-27T01:52:30.4225575Z Version: 20250929.60.1
2025-10-27T01:52:30.4227461Z Included Software: https://github.com/actions/runner-images/blob/ubuntu24/20250929.60/images/ubuntu/Ubuntu2404-Readme.md
2025-10-27T01:52:30.4230245Z Image Release: https://github.com/actions/runner-images/releases/tag/ubuntu24%2F20250929.60
2025-10-27T01:52:30.4231982Z ##[endgroup]
2025-10-27T01:52:30.4233937Z ##[group]GITHUB_TOKEN Permissions
2025-10-27T01:52:30.4236587Z Contents: write
2025-10-27T01:52:30.4237473Z Metadata: read
2025-10-27T01:52:30.4238723Z ##[endgroup]
2025-10-27T01:52:30.4242228Z Secret source: Actions
2025-10-27T01:52:30.4243583Z Prepare workflow directory
2025-10-27T01:52:30.4725320Z Prepare all required actions
2025-10-27T01:52:30.4784738Z Getting action download info
2025-10-27T01:52:30.7329320Z Download action repository 'actions/checkout@v5.0.0' (SHA:08c6903cd8c0fde910a37f88322edcfb5dd907a8)
2025-10-27T01:52:30.9399656Z Download action repository 'pawanbahuguna/action-logs@v2.0.0' (SHA:2fb2206c1749d6d09b8799a05519c08ee503660d)
2025-10-27T01:52:31.2550038Z Complete job name: Download GH action logs
2025-10-27T01:52:31.3104902Z ##[group]Build container for action use: '/home/runner/work/_actions/pawanbahuguna/action-logs/v2.0.0/Dockerfile'.
2025-10-27T01:52:31.3157507Z ##[command]/usr/bin/docker build -t af18a0:5e0332b4492245c38aaaaeed217b88bc -f "/home/runner/work/_actions/pawanbahuguna/action-logs/v2.0.0/Dockerfile" "/home/runner/work/_actions/pawanbahuguna/action-logs/v2.0.0"
2025-10-27T01:52:34.2542948Z #0 building with "default" instance using docker driver
2025-10-27T01:52:34.2543672Z 
2025-10-27T01:52:34.2544084Z #1 [internal] load build definition from Dockerfile
2025-10-27T01:52:34.2544858Z #1 transferring dockerfile: 347B done
2025-10-27T01:52:34.2545502Z #1 DONE 0.0s
2025-10-27T01:52:34.2545763Z 
2025-10-27T01:52:34.2546149Z #2 [auth] library/alpine:pull token for registry-1.docker.io
2025-10-27T01:52:34.2546936Z #2 DONE 0.0s
2025-10-27T01:52:34.2547200Z 
2025-10-27T01:52:34.2547591Z #3 [internal] load metadata for docker.io/library/alpine:latest
2025-10-27T01:52:34.3420850Z #3 DONE 0.3s
2025-10-27T01:52:34.4552329Z 
2025-10-27T01:52:34.4553709Z #4 [internal] load .dockerignore
2025-10-27T01:52:34.4554747Z #4 transferring context: 2B done
2025-10-27T01:52:34.4555553Z #4 DONE 0.0s
2025-10-27T01:52:34.4555976Z 
2025-10-27T01:52:34.4556325Z #5 [internal] load build context
2025-10-27T01:52:34.4557187Z #5 transferring context: 2.53kB done
2025-10-27T01:52:34.4558050Z #5 DONE 0.0s
2025-10-27T01:52:34.4558776Z 
2025-10-27T01:52:34.4559646Z #6 [1/4] FROM docker.io/library/alpine:latest@sha256:4b7ce07002c69e8f3d704a9c5d6fd3053be500b7f1c69fc0d80990c2ad8dd412
2025-10-27T01:52:34.4561699Z #6 resolve docker.io/library/alpine:latest@sha256:4b7ce07002c69e8f3d704a9c5d6fd3053be500b7f1c69fc0d80990c2ad8dd412 done
2025-10-27T01:52:34.4563893Z #6 extracting sha256:2d35ebdb57d9971fea0cac1582aa78935adf8058b2cc32db163c98822e5dfa1b
2025-10-27T01:52:34.5770116Z #6 extracting sha256:2d35ebdb57d9971fea0cac1582aa78935adf8058b2cc32db163c98822e5dfa1b 0.1s done
2025-10-27T01:52:34.5772646Z #6 sha256:4b7ce07002c69e8f3d704a9c5d6fd3053be500b7f1c69fc0d80990c2ad8dd412 9.22kB / 9.22kB done
2025-10-27T01:52:34.5774571Z #6 sha256:85f2b723e106c34644cd5851d7e81ee87da98ac54672b29947c052a45d31dc2f 1.02kB / 1.02kB done
2025-10-27T01:52:34.5776786Z #6 sha256:706db57fb2063f39f69632c5b5c9c439633fda35110e65587c5d85553fd1cc38 581B / 581B done
2025-10-27T01:52:34.5780207Z #6 sha256:2d35ebdb57d9971fea0cac1582aa78935adf8058b2cc32db163c98822e5dfa1b 3.80MB / 3.80MB 0.1s done
2025-10-27T01:52:34.5781778Z #6 DONE 0.2s
2025-10-27T01:52:34.7076101Z 
2025-10-27T01:52:34.7077120Z #7 [2/4] RUN apk update && apk add --no-cache curl jq
2025-10-27T01:52:34.7079255Z #7 0.129 fetch https://dl-cdn.alpinelinux.org/alpine/v3.22/main/x86_64/APKINDEX.tar.gz
2025-10-27T01:52:34.9338906Z #7 0.205 fetch https://dl-cdn.alpinelinux.org/alpine/v3.22/community/x86_64/APKINDEX.tar.gz
2025-10-27T01:52:35.0959317Z #7 0.518 v3.22.2-85-ge92a8d17c70 [https://dl-cdn.alpinelinux.org/alpine/v3.22/main]
2025-10-27T01:52:35.0960247Z #7 0.518 v3.22.2-89-gea7511a9c1a [https://dl-cdn.alpinelinux.org/alpine/v3.22/community]
2025-10-27T01:52:35.0960845Z #7 0.518 OK: 26319 distinct packages available
2025-10-27T01:52:35.2306319Z #7 0.591 fetch https://dl-cdn.alpinelinux.org/alpine/v3.22/main/x86_64/APKINDEX.tar.gz
2025-10-27T01:52:35.5306268Z #7 0.652 fetch https://dl-cdn.alpinelinux.org/alpine/v3.22/community/x86_64/APKINDEX.tar.gz
2025-10-27T01:52:35.5307198Z #7 0.952 (1/11) Installing brotli-libs (1.1.0-r2)
2025-10-27T01:52:35.7687970Z #7 0.965 (2/11) Installing c-ares (1.34.5-r0)
2025-10-27T01:52:35.7688682Z #7 0.970 (3/11) Installing libunistring (1.3-r0)
2025-10-27T01:52:35.7689101Z #7 0.984 (4/11) Installing libidn2 (2.3.7-r0)
2025-10-27T01:52:35.7689578Z #7 0.992 (5/11) Installing nghttp2-libs (1.65.0-r0)
2025-10-27T01:52:35.7690056Z #7 0.996 (6/11) Installing libpsl (0.21.5-r3)
2025-10-27T01:52:35.7690426Z #7 0.999 (7/11) Installing zstd-libs (1.5.7-r0)
2025-10-27T01:52:35.7690711Z #7 1.008 (8/11) Installing libcurl (8.14.1-r2)
2025-10-27T01:52:35.7691447Z #7 1.015 (9/11) Installing curl (8.14.1-r2)
2025-10-27T01:52:35.7691754Z #7 1.021 (10/11) Installing oniguruma (6.9.10-r0)
2025-10-27T01:52:35.7692027Z #7 1.029 (11/11) Installing jq (1.8.0-r0)
2025-10-27T01:52:35.7692284Z #7 1.034 Executing busybox-1.37.0-r19.trigger
2025-10-27T01:52:35.7692553Z #7 1.040 OK: 13 MiB in 27 packages
2025-10-27T01:52:36.7380830Z #7 DONE 2.2s
2025-10-27T01:52:36.8666909Z 
2025-10-27T01:52:36.8667376Z #8 [3/4] COPY entrypoint.sh /entrypoint.sh
2025-10-27T01:52:36.8667876Z #8 DONE 0.0s
2025-10-27T01:52:36.8668113Z 
2025-10-27T01:52:36.8668855Z #9 [4/4] RUN chmod +x /entrypoint.sh
2025-10-27T01:52:36.8669242Z #9 DONE 0.1s
2025-10-27T01:52:37.0117317Z 
2025-10-27T01:52:37.0117710Z #10 exporting to image
2025-10-27T01:52:37.0118133Z #10 exporting layers 0.1s done
2025-10-27T01:52:37.0331755Z #10 writing image sha256:2c29234add0cbcad0f65456729d7f7819c17c988577d88c1675d063f36b0bb6a done
2025-10-27T01:52:37.0332858Z #10 naming to docker.io/library/af18a0:5e0332b4492245c38aaaaeed217b88bc done
2025-10-27T01:52:37.0333594Z #10 DONE 0.1s
2025-10-27T01:52:37.0392269Z ##[endgroup]
2025-10-27T01:52:37.0642695Z ##[group]Run actions/checkout@v5.0.0
2025-10-27T01:52:37.0643516Z with:
2025-10-27T01:52:37.0643743Z   repository: Boss-1s/scratchattach
2025-10-27T01:52:37.0644168Z   token: ***
2025-10-27T01:52:37.0644348Z   ssh-strict: true
2025-10-27T01:52:37.0644559Z   ssh-user: git
2025-10-27T01:52:37.0644743Z   persist-credentials: true
2025-10-27T01:52:37.0644950Z   clean: true
2025-10-27T01:52:37.0645133Z   sparse-checkout-cone-mode: true
2025-10-27T01:52:37.0645364Z   fetch-depth: 1
2025-10-27T01:52:37.0645543Z   fetch-tags: false
2025-10-27T01:52:37.0645721Z   show-progress: true
2025-10-27T01:52:37.0645908Z   lfs: false
2025-10-27T01:52:37.0646073Z   submodules: false
2025-10-27T01:52:37.0646257Z   set-safe-directory: true
2025-10-27T01:52:37.0646711Z ##[endgroup]
2025-10-27T01:52:37.1569575Z Syncing repository: Boss-1s/scratchattach
2025-10-27T01:52:37.1570865Z ##[group]Getting Git version info
2025-10-27T01:52:37.1571369Z Working directory is '/home/runner/work/scratchattach/scratchattach'
2025-10-27T01:52:37.1571932Z [command]/usr/bin/git version
2025-10-27T01:52:37.1573794Z git version 2.51.0
2025-10-27T01:52:37.1594995Z ##[endgroup]
2025-10-27T01:52:37.1609009Z Temporarily overriding HOME='/home/runner/work/_temp/86d4f5e3-39a4-41e5-98ad-88080d774c17' before making global git config changes
2025-10-27T01:52:37.1610531Z Adding repository directory to the temporary git global config as a safe directory
2025-10-27T01:52:37.1614567Z [command]/usr/bin/git config --global --add safe.directory /home/runner/work/scratchattach/scratchattach
2025-10-27T01:52:37.1653929Z Deleting the contents of '/home/runner/work/scratchattach/scratchattach'
2025-10-27T01:52:37.1657716Z ##[group]Initializing the repository
2025-10-27T01:52:37.1662526Z [command]/usr/bin/git init /home/runner/work/scratchattach/scratchattach
2025-10-27T01:52:37.1781561Z hint: Using 'master' as the name for the initial branch. This default branch name
2025-10-27T01:52:37.1782430Z hint: is subject to change. To configure the initial branch name to use in all
2025-10-27T01:52:37.1782962Z hint: of your new repositories, which will suppress this warning, call:
2025-10-27T01:52:37.1783322Z hint:
2025-10-27T01:52:37.1783622Z hint: 	git config --global init.defaultBranch <name>
2025-10-27T01:52:37.1783936Z hint:
2025-10-27T01:52:37.1784221Z hint: Names commonly chosen instead of 'master' are 'main', 'trunk' and
2025-10-27T01:52:37.1784736Z hint: 'development'. The just-created branch can be renamed via this command:
2025-10-27T01:52:37.1785396Z hint:
2025-10-27T01:52:37.1785760Z hint: 	git branch -m <name>
2025-10-27T01:52:37.1786153Z hint:
2025-10-27T01:52:37.1786621Z hint: Disable this message with "git config set advice.defaultBranchName false"
2025-10-27T01:52:37.1787515Z Initialized empty Git repository in /home/runner/work/scratchattach/scratchattach/.git/
2025-10-27T01:52:37.1797563Z [command]/usr/bin/git remote add origin https://github.com/Boss-1s/scratchattach
2025-10-27T01:52:37.1831998Z ##[endgroup]
2025-10-27T01:52:37.1832716Z ##[group]Disabling automatic garbage collection
2025-10-27T01:52:37.1836728Z [command]/usr/bin/git config --local gc.auto 0
2025-10-27T01:52:37.1863652Z ##[endgroup]
2025-10-27T01:52:37.1864041Z ##[group]Setting up auth
2025-10-27T01:52:37.1870822Z [command]/usr/bin/git config --local --name-only --get-regexp core\.sshCommand
2025-10-27T01:52:37.1902530Z [command]/usr/bin/git submodule foreach --recursive sh -c "git config --local --name-only --get-regexp 'core\.sshCommand' && git config --local --unset-all 'core.sshCommand' || :"
2025-10-27T01:52:37.2243196Z [command]/usr/bin/git config --local --name-only --get-regexp http\.https\:\/\/github\.com\/\.extraheader
2025-10-27T01:52:37.2275532Z [command]/usr/bin/git submodule foreach --recursive sh -c "git config --local --name-only --get-regexp 'http\.https\:\/\/github\.com\/\.extraheader' && git config --local --unset-all 'http.https://github.com/.extraheader' || :"
2025-10-27T01:52:37.2498756Z [command]/usr/bin/git config --local http.https://github.com/.extraheader AUTHORIZATION: basic ***
2025-10-27T01:52:37.2534214Z ##[endgroup]
2025-10-27T01:52:37.2534940Z ##[group]Fetching the repository
2025-10-27T01:52:37.2543563Z [command]/usr/bin/git -c protocol.version=2 fetch --no-tags --prune --no-recurse-submodules --depth=1 origin +b4b064e6f50d43d2cbf72882332ceaf69410b62e:refs/remotes/origin/main
2025-10-27T01:52:38.1806656Z From https://github.com/Boss-1s/scratchattach
2025-10-27T01:52:38.1807228Z  * [new ref]         b4b064e6f50d43d2cbf72882332ceaf69410b62e -> origin/main
2025-10-27T01:52:38.1839571Z ##[endgroup]
2025-10-27T01:52:38.1840118Z ##[group]Determining the checkout info
2025-10-27T01:52:38.1842318Z ##[endgroup]
2025-10-27T01:52:38.1849464Z [command]/usr/bin/git sparse-checkout disable
2025-10-27T01:52:38.1936906Z [command]/usr/bin/git config --local --unset-all extensions.worktreeConfig
2025-10-27T01:52:38.1963294Z ##[group]Checking out the ref
2025-10-27T01:52:38.1969366Z [command]/usr/bin/git checkout --progress --force -B main refs/remotes/origin/main
2025-10-27T01:52:38.4656638Z Switched to a new branch 'main'
2025-10-27T01:52:38.4657598Z branch 'main' set up to track 'origin/main'.
2025-10-27T01:52:38.4691201Z ##[endgroup]
2025-10-27T01:52:38.4734472Z [command]/usr/bin/git log -1 --format=%H
2025-10-27T01:52:38.4759640Z b4b064e6f50d43d2cbf72882332ceaf69410b62e
2025-10-27T01:52:38.4955934Z ##[group]Run pawanbahuguna/action-logs@v2.0.0
2025-10-27T01:52:38.4956232Z env:
2025-10-27T01:52:38.4956785Z   GH_TOKEN: ***
2025-10-27T01:52:38.4957044Z   GH_REPO: Boss-1s/scratchattach
2025-10-27T01:52:38.4957264Z   LOGS_DIR: .logs
2025-10-27T01:52:38.4957431Z ##[endgroup]
2025-10-27T01:52:38.5049610Z ##[command]/usr/bin/docker run --name af18a05e0332b4492245c38aaaaeed217b88bc_51e69d --label af18a0 --workdir /github/workspace --rm -e "GH_TOKEN" -e "GH_REPO" -e "LOGS_DIR" -e "HOME" -e "GITHUB_JOB" -e "GITHUB_REF" -e "GITHUB_SHA" -e "GITHUB_REPOSITORY" -e "GITHUB_REPOSITORY_OWNER" -e "GITHUB_REPOSITORY_OWNER_ID" -e "GITHUB_RUN_ID" -e "GITHUB_RUN_NUMBER" -e "GITHUB_RETENTION_DAYS" -e "GITHUB_RUN_ATTEMPT" -e "GITHUB_ACTOR_ID" -e "GITHUB_ACTOR" -e "GITHUB_WORKFLOW" -e "GITHUB_HEAD_REF" -e "GITHUB_BASE_REF" -e "GITHUB_EVENT_NAME" -e "GITHUB_SERVER_URL" -e "GITHUB_API_URL" -e "GITHUB_GRAPHQL_URL" -e "GITHUB_REF_NAME" -e "GITHUB_REF_PROTECTED" -e "GITHUB_REF_TYPE" -e "GITHUB_WORKFLOW_REF" -e "GITHUB_WORKFLOW_SHA" -e "GITHUB_REPOSITORY_ID" -e "GITHUB_TRIGGERING_ACTOR" -e "GITHUB_WORKSPACE" -e "GITHUB_ACTION" -e "GITHUB_EVENT_PATH" -e "GITHUB_ACTION_REPOSITORY" -e "GITHUB_ACTION_REF" -e "GITHUB_PATH" -e "GITHUB_ENV" -e "GITHUB_STEP_SUMMARY" -e "GITHUB_STATE" -e "GITHUB_OUTPUT" -e "RUNNER_OS" -e "RUNNER_ARCH" -e "RUNNER_NAME" -e "RUNNER_ENVIRONMENT" -e "RUNNER_TOOL_CACHE" -e "RUNNER_TEMP" -e "RUNNER_WORKSPACE" -e "ACTIONS_RUNTIME_URL" -e "ACTIONS_RUNTIME_TOKEN" -e "ACTIONS_CACHE_URL" -e "ACTIONS_RESULTS_URL" -e GITHUB_ACTIONS=true -e CI=true -v "/var/run/docker.sock":"/var/run/docker.sock" -v "/home/runner/work/_temp/_github_home":"/github/home" -v "/home/runner/work/_temp/_github_workflow":"/github/workflow" -v "/home/runner/work/_temp/_runner_file_commands":"/github/file_commands" -v "/home/runner/work/scratchattach/scratchattach":"/github/workspace" af18a0:5e0332b4492245c38aaaaeed217b88bc
2025-10-27T01:52:38.7692674Z Will only process 24hrs logs before or equal to 2025-10-26T01:52:38Z
2025-10-27T01:52:38.7693502Z Searching Workflow Runs
2025-10-27T01:52:40.7616494Z Fetching Job IDs
2025-10-27T01:52:43.5410052Z mkdir: can't create directory '.logs': File exists
2025-10-27T01:52:43.5416123Z Writing logs for job 53712246386
2025-10-27T01:52:43.6670222Z Writing logs for job 53712087627
2025-10-27T01:52:43.8236526Z Writing logs for job 53703298498
2025-10-27T01:52:44.0462492Z Writing logs for job 53703298500
2025-10-27T01:52:44.2119124Z Writing logs for job 53703298504
2025-10-27T01:52:44.4424412Z Writing logs for job 53700400128
2025-10-27T01:52:44.6487809Z Writing logs for job 53699770357
2025-10-27T01:52:44.8909437Z Writing logs for job 53699492032
2025-10-27T01:52:45.0832522Z Writing logs for job 53698946780
2025-10-27T01:52:45.3854745Z Writing logs for job 53689956781
2025-10-27T01:52:45.6279471Z Writing logs for job 53689235513
2025-10-27T01:52:45.8392159Z Writing logs for job 53680654232
2025-10-27T01:52:46.0398493Z Writing logs for job 53680441825
2025-10-27T01:52:46.2677681Z Writing logs for job 53679990110
2025-10-27T01:52:46.4817056Z Writing logs for job 53675068992
2025-10-27T01:52:46.6780495Z Logs Downloaded and saved!
2025-10-27T01:52:46.6780963Z Starting cleanup
2025-10-27T01:52:46.6787715Z cleanup Completed!!
2025-10-27T01:52:46.7591165Z ##[group]Run git config --global user.name 'Boss_1s [via Actions]'
2025-10-27T01:52:46.7591673Z [36;1mgit config --global user.name 'Boss_1s [via Actions]'[0m
2025-10-27T01:52:46.7592105Z [36;1mgit config --global user.email 'Boss-1s[auto]@users.noreply.github.com'[0m
2025-10-27T01:52:46.7592454Z [36;1m[0m
2025-10-27T01:52:46.7592624Z [36;1mgit pull origin main[0m
2025-10-27T01:52:46.7592840Z [36;1m[0m
2025-10-27T01:52:46.7593044Z [36;1mGIT_STATUS_OUTPUT=$(git status --porcelain)[0m
2025-10-27T01:52:46.7593305Z [36;1m[0m
2025-10-27T01:52:46.7593492Z [36;1mif [ -z "$GIT_STATUS_OUTPUT" ]; then[0m
2025-10-27T01:52:46.7594009Z [36;1m  echo "Git working tree is clean (no uncommitted changes)."[0m
2025-10-27T01:52:46.7594305Z [36;1m  exit 0[0m
2025-10-27T01:52:46.7594465Z [36;1melse[0m
2025-10-27T01:52:46.7594679Z [36;1m  echo "Git working tree has uncommitted changes:"[0m
2025-10-27T01:52:46.7594964Z [36;1m  echo "$GIT_STATUS_OUTPUT"[0m
2025-10-27T01:52:46.7595292Z [36;1m  echo "These changes will be pushed to the main branch."[0m
2025-10-27T01:52:46.7595568Z [36;1mfi[0m
2025-10-27T01:52:46.7595725Z [36;1m[0m
2025-10-27T01:52:46.7595877Z [36;1mgit add .[0m
2025-10-27T01:52:46.7596080Z [36;1mgit commit -m "[BOT] Download Logs"[0m
2025-10-27T01:52:46.7596339Z [36;1mgit push origin main[0m
2025-10-27T01:52:46.7632813Z shell: /usr/bin/bash -e {0}
2025-10-27T01:52:46.7633049Z ##[endgroup]
2025-10-27T01:52:46.9114397Z From https://github.com/Boss-1s/scratchattach
2025-10-27T01:52:46.9114908Z  * branch            main       -> FETCH_HEAD
2025-10-27T01:52:46.9230976Z Already up to date.
2025-10-27T01:52:47.1572232Z Git working tree has uncommitted changes:
2025-10-27T01:52:47.1572730Z ?? .logs/logs-53675068992-2025-10-27.txt
2025-10-27T01:52:47.1573147Z ?? .logs/logs-53679990110-2025-10-27.txt
2025-10-27T01:52:47.1573537Z ?? .logs/logs-53680441825-2025-10-27.txt
2025-10-27T01:52:47.1573926Z ?? .logs/logs-53680654232-2025-10-27.txt
2025-10-27T01:52:47.1574372Z ?? .logs/logs-53689235513-2025-10-27.txt
2025-10-27T01:52:47.1574781Z ?? .logs/logs-53689956781-2025-10-27.txt
2025-10-27T01:52:47.1575165Z ?? .logs/logs-53698946780-2025-10-27.txt
2025-10-27T01:52:47.1575544Z ?? .logs/logs-53699492032-2025-10-27.txt
2025-10-27T01:52:47.1575935Z ?? .logs/logs-53699770357-2025-10-27.txt
2025-10-27T01:52:47.1576229Z ?? .logs/logs-53700400128-2025-10-27.txt
2025-10-27T01:52:47.1576486Z ?? .logs/logs-53703298498-2025-10-27.txt
2025-10-27T01:52:47.1576739Z ?? .logs/logs-53703298500-2025-10-27.txt
2025-10-27T01:52:47.1576970Z ?? .logs/logs-53703298504-2025-10-27.txt
2025-10-27T01:52:47.1577201Z ?? .logs/logs-53712087627-2025-10-27.txt
2025-10-27T01:52:47.1577438Z ?? .logs/logs-53712246386-2025-10-27.txt
2025-10-27T01:52:47.1577704Z These changes will be pushed to the main branch.
2025-10-27T01:52:47.1995909Z [main abc4cf1] [BOT] Download Logs
2025-10-27T01:52:47.1996353Z  15 files changed, 22102 insertions(+)
2025-10-27T01:52:47.1996772Z  create mode 100644 .logs/logs-53675068992-2025-10-27.txt
2025-10-27T01:52:47.1997106Z  create mode 100644 .logs/logs-53679990110-2025-10-27.txt
2025-10-27T01:52:47.1997406Z  create mode 100644 .logs/logs-53680441825-2025-10-27.txt
2025-10-27T01:52:47.1997701Z  create mode 100644 .logs/logs-53680654232-2025-10-27.txt
2025-10-27T01:52:47.1997996Z  create mode 100644 .logs/logs-53689235513-2025-10-27.txt
2025-10-27T01:52:47.1998635Z  create mode 100644 .logs/logs-53689956781-2025-10-27.txt
2025-10-27T01:52:47.1998927Z  create mode 100644 .logs/logs-53698946780-2025-10-27.txt
2025-10-27T01:52:47.1999215Z  create mode 100644 .logs/logs-53699492032-2025-10-27.txt
2025-10-27T01:52:47.1999509Z  create mode 100644 .logs/logs-53699770357-2025-10-27.txt
2025-10-27T01:52:47.1999817Z  create mode 100644 .logs/logs-53700400128-2025-10-27.txt
2025-10-27T01:52:47.2000106Z  create mode 100644 .logs/logs-53703298498-2025-10-27.txt
2025-10-27T01:52:47.2000402Z  create mode 100644 .logs/logs-53703298500-2025-10-27.txt
2025-10-27T01:52:47.2001020Z  create mode 100644 .logs/logs-53703298504-2025-10-27.txt
2025-10-27T01:52:47.2001381Z  create mode 100644 .logs/logs-53712087627-2025-10-27.txt
2025-10-27T01:52:47.2001694Z  create mode 100644 .logs/logs-53712246386-2025-10-27.txt
2025-10-27T01:52:47.8814241Z To https://github.com/Boss-1s/scratchattach
2025-10-27T01:52:47.8814606Z    b4b064e..abc4cf1  main -> main
2025-10-27T01:52:47.8990005Z Post job cleanup.
2025-10-27T01:52:47.9771639Z [command]/usr/bin/git version
2025-10-27T01:52:47.9838913Z git version 2.51.0
2025-10-27T01:52:47.9874024Z Copying '/home/runner/.gitconfig' to '/home/runner/work/_temp/0a17f400-7e6c-41b9-af64-7eb04d67811d/.gitconfig'
2025-10-27T01:52:47.9883607Z Temporarily overriding HOME='/home/runner/work/_temp/0a17f400-7e6c-41b9-af64-7eb04d67811d' before making global git config changes
2025-10-27T01:52:47.9884859Z Adding repository directory to the temporary git global config as a safe directory
2025-10-27T01:52:47.9889949Z [command]/usr/bin/git config --global --add safe.directory /home/runner/work/scratchattach/scratchattach
2025-10-27T01:52:47.9930562Z [command]/usr/bin/git config --local --name-only --get-regexp core\.sshCommand
2025-10-27T01:52:47.9965686Z [command]/usr/bin/git submodule foreach --recursive sh -c "git config --local --name-only --get-regexp 'core\.sshCommand' && git config --local --unset-all 'core.sshCommand' || :"
2025-10-27T01:52:48.0200301Z [command]/usr/bin/git config --local --name-only --get-regexp http\.https\:\/\/github\.com\/\.extraheader
2025-10-27T01:52:48.0225044Z http.https://github.com/.extraheader
2025-10-27T01:52:48.0235386Z [command]/usr/bin/git config --local --unset-all http.https://github.com/.extraheader
2025-10-27T01:52:48.0267728Z [command]/usr/bin/git submodule foreach --recursive sh -c "git config --local --name-only --get-regexp 'http\.https\:\/\/github\.com\/\.extraheader' && git config --local --unset-all 'http.https://github.com/.extraheader' || :"
2025-10-27T01:52:48.0609306Z Cleaning up orphan processes
