2025-10-01T18:49:38.0534749Z Current runner version: '2.328.0'
2025-10-01T18:49:38.0560736Z ##[group]Runner Image Provisioner
2025-10-01T18:49:38.0561533Z Hosted Compute Agent
2025-10-01T18:49:38.0562543Z Version: 20250912.392
2025-10-01T18:49:38.0563219Z Commit: d921fda672a98b64f4f82364647e2f10b2267d0b
2025-10-01T18:49:38.0563864Z Build Date: 2025-09-12T15:23:14Z
2025-10-01T18:49:38.0564532Z ##[endgroup]
2025-10-01T18:49:38.0565081Z ##[group]Operating System
2025-10-01T18:49:38.0565666Z Ubuntu
2025-10-01T18:49:38.0566201Z 24.04.3
2025-10-01T18:49:38.0566620Z LTS
2025-10-01T18:49:38.0567062Z ##[endgroup]
2025-10-01T18:49:38.0567629Z ##[group]Runner Image
2025-10-01T18:49:38.0568203Z Image: ubuntu-24.04
2025-10-01T18:49:38.0568699Z Version: 20250922.53.1
2025-10-01T18:49:38.0569790Z Included Software: https://github.com/actions/runner-images/blob/ubuntu24/20250922.53/images/ubuntu/Ubuntu2404-Readme.md
2025-10-01T18:49:38.0571371Z Image Release: https://github.com/actions/runner-images/releases/tag/ubuntu24%2F20250922.53
2025-10-01T18:49:38.0572528Z ##[endgroup]
2025-10-01T18:49:38.0575038Z ##[group]GITHUB_TOKEN Permissions
2025-10-01T18:49:38.0577479Z Actions: write
2025-10-01T18:49:38.0578033Z Attestations: write
2025-10-01T18:49:38.0578545Z Checks: write
2025-10-01T18:49:38.0579108Z Contents: write
2025-10-01T18:49:38.0579674Z Deployments: write
2025-10-01T18:49:38.0580206Z Discussions: write
2025-10-01T18:49:38.0580835Z Issues: write
2025-10-01T18:49:38.0581506Z Metadata: read
2025-10-01T18:49:38.0582164Z Models: read
2025-10-01T18:49:38.0582727Z Packages: write
2025-10-01T18:49:38.0583243Z Pages: write
2025-10-01T18:49:38.0583710Z PullRequests: write
2025-10-01T18:49:38.0584339Z RepositoryProjects: write
2025-10-01T18:49:38.0584906Z SecurityEvents: write
2025-10-01T18:49:38.0585529Z Statuses: write
2025-10-01T18:49:38.0586076Z ##[endgroup]
2025-10-01T18:49:38.0588326Z Secret source: Actions
2025-10-01T18:49:38.0589053Z Prepare workflow directory
2025-10-01T18:49:38.0949558Z Prepare all required actions
2025-10-01T18:49:38.0990097Z Getting action download info
2025-10-01T18:49:38.5148386Z Download action repository 'actions/checkout@v5.0.0' (SHA:08c6903cd8c0fde910a37f88322edcfb5dd907a8)
2025-10-01T18:49:38.6740858Z Download action repository 'actions/setup-python@v6.0.0' (SHA:e797f83bcb11b83ae66e0230d6156d7c80228e7c)
2025-10-01T18:49:39.2005799Z Download action repository 'bossOfCode/install-scratchattach@v1.0.3' (SHA:be17a7cf1ecb5a7040eb42ef26c2e1fbe72bb25a)
2025-10-01T18:49:39.6928489Z Complete job name: Run 1
2025-10-01T18:49:39.7739722Z ##[group]Run actions/checkout@v5.0.0
2025-10-01T18:49:39.7741329Z with:
2025-10-01T18:49:39.7742237Z   ref: main
2025-10-01T18:49:39.7743030Z   repository: Boss-1s/scratchattach
2025-10-01T18:49:39.7744322Z   token: ***
2025-10-01T18:49:39.7745074Z   ssh-strict: true
2025-10-01T18:49:39.7745841Z   ssh-user: git
2025-10-01T18:49:39.7746635Z   persist-credentials: true
2025-10-01T18:49:39.7747532Z   clean: true
2025-10-01T18:49:39.7748329Z   sparse-checkout-cone-mode: true
2025-10-01T18:49:39.7749307Z   fetch-depth: 1
2025-10-01T18:49:39.7750120Z   fetch-tags: false
2025-10-01T18:49:39.7750936Z   show-progress: true
2025-10-01T18:49:39.7751860Z   lfs: false
2025-10-01T18:49:39.7752608Z   submodules: false
2025-10-01T18:49:39.7753406Z   set-safe-directory: true
2025-10-01T18:49:39.7754566Z ##[endgroup]
2025-10-01T18:49:39.8740208Z Syncing repository: Boss-1s/scratchattach
2025-10-01T18:49:39.8743424Z ##[group]Getting Git version info
2025-10-01T18:49:39.8745027Z Working directory is '/home/runner/work/scratchattach/scratchattach'
2025-10-01T18:49:39.8747236Z [command]/usr/bin/git version
2025-10-01T18:49:39.8813054Z git version 2.51.0
2025-10-01T18:49:39.8836018Z ##[endgroup]
2025-10-01T18:49:39.8853965Z Temporarily overriding HOME='/home/runner/work/_temp/ef54e96d-5e82-449f-b7d7-86448fcf76ef' before making global git config changes
2025-10-01T18:49:39.8858763Z Adding repository directory to the temporary git global config as a safe directory
2025-10-01T18:49:39.8863027Z [command]/usr/bin/git config --global --add safe.directory /home/runner/work/scratchattach/scratchattach
2025-10-01T18:49:39.8900365Z Deleting the contents of '/home/runner/work/scratchattach/scratchattach'
2025-10-01T18:49:39.8904110Z ##[group]Initializing the repository
2025-10-01T18:49:39.8909248Z [command]/usr/bin/git init /home/runner/work/scratchattach/scratchattach
2025-10-01T18:49:39.9031221Z hint: Using 'master' as the name for the initial branch. This default branch name
2025-10-01T18:49:39.9035051Z hint: is subject to change. To configure the initial branch name to use in all
2025-10-01T18:49:39.9038115Z hint: of your new repositories, which will suppress this warning, call:
2025-10-01T18:49:39.9039658Z hint:
2025-10-01T18:49:39.9041389Z hint: 	git config --global init.defaultBranch <name>
2025-10-01T18:49:39.9043465Z hint:
2025-10-01T18:49:39.9044554Z hint: Names commonly chosen instead of 'master' are 'main', 'trunk' and
2025-10-01T18:49:39.9046537Z hint: 'development'. The just-created branch can be renamed via this command:
2025-10-01T18:49:39.9048217Z hint:
2025-10-01T18:49:39.9048968Z hint: 	git branch -m <name>
2025-10-01T18:49:39.9049812Z hint:
2025-10-01T18:49:39.9050978Z hint: Disable this message with "git config set advice.defaultBranchName false"
2025-10-01T18:49:39.9053224Z Initialized empty Git repository in /home/runner/work/scratchattach/scratchattach/.git/
2025-10-01T18:49:39.9056473Z [command]/usr/bin/git remote add origin https://github.com/Boss-1s/scratchattach
2025-10-01T18:49:39.9088178Z ##[endgroup]
2025-10-01T18:49:39.9089766Z ##[group]Disabling automatic garbage collection
2025-10-01T18:49:39.9091521Z [command]/usr/bin/git config --local gc.auto 0
2025-10-01T18:49:39.9120186Z ##[endgroup]
2025-10-01T18:49:39.9121468Z ##[group]Setting up auth
2025-10-01T18:49:39.9128026Z [command]/usr/bin/git config --local --name-only --get-regexp core\.sshCommand
2025-10-01T18:49:39.9160780Z [command]/usr/bin/git submodule foreach --recursive sh -c "git config --local --name-only --get-regexp 'core\.sshCommand' && git config --local --unset-all 'core.sshCommand' || :"
2025-10-01T18:49:39.9489232Z [command]/usr/bin/git config --local --name-only --get-regexp http\.https\:\/\/github\.com\/\.extraheader
2025-10-01T18:49:39.9522182Z [command]/usr/bin/git submodule foreach --recursive sh -c "git config --local --name-only --get-regexp 'http\.https\:\/\/github\.com\/\.extraheader' && git config --local --unset-all 'http.https://github.com/.extraheader' || :"
2025-10-01T18:49:39.9750489Z [command]/usr/bin/git config --local http.https://github.com/.extraheader AUTHORIZATION: basic ***
2025-10-01T18:49:39.9789476Z ##[endgroup]
2025-10-01T18:49:39.9790948Z ##[group]Fetching the repository
2025-10-01T18:49:39.9802730Z [command]/usr/bin/git -c protocol.version=2 fetch --no-tags --prune --no-recurse-submodules --depth=1 origin +refs/heads/main*:refs/remotes/origin/main* +refs/tags/main*:refs/tags/main*
2025-10-01T18:49:40.9269015Z From https://github.com/Boss-1s/scratchattach
2025-10-01T18:49:40.9271923Z  * [new branch]      main       -> origin/main
2025-10-01T18:49:40.9305236Z ##[endgroup]
2025-10-01T18:49:40.9306087Z ##[group]Determining the checkout info
2025-10-01T18:49:40.9314283Z [command]/usr/bin/git branch --list --remote origin/main
2025-10-01T18:49:40.9339131Z   origin/main
2025-10-01T18:49:40.9344261Z ##[endgroup]
2025-10-01T18:49:40.9348558Z [command]/usr/bin/git sparse-checkout disable
2025-10-01T18:49:40.9389738Z [command]/usr/bin/git config --local --unset-all extensions.worktreeConfig
2025-10-01T18:49:40.9417282Z ##[group]Checking out the ref
2025-10-01T18:49:40.9421020Z [command]/usr/bin/git checkout --progress --force -B main refs/remotes/origin/main
2025-10-01T18:49:41.0900058Z Switched to a new branch 'main'
2025-10-01T18:49:41.0901183Z branch 'main' set up to track 'origin/main'.
2025-10-01T18:49:41.0921915Z ##[endgroup]
2025-10-01T18:49:41.0964102Z [command]/usr/bin/git log -1 --format=%H
2025-10-01T18:49:41.0989637Z 99b9692b9d32c366aa8a3092928af86e7a536269
2025-10-01T18:49:41.1225256Z ##[group]Run actions/setup-python@v6.0.0
2025-10-01T18:49:41.1225927Z with:
2025-10-01T18:49:41.1226203Z   python-version: 3.13
2025-10-01T18:49:41.1226520Z   check-latest: false
2025-10-01T18:49:41.1226982Z   token: ***
2025-10-01T18:49:41.1227262Z   update-environment: true
2025-10-01T18:49:41.1227582Z   allow-prereleases: false
2025-10-01T18:49:41.1227880Z   freethreaded: false
2025-10-01T18:49:41.1228154Z ##[endgroup]
2025-10-01T18:49:41.2545620Z ##[group]Installed versions
2025-10-01T18:49:41.2632831Z (node:2048) [DEP0040] DeprecationWarning: The `punycode` module is deprecated. Please use a userland alternative instead.
2025-10-01T18:49:41.2634356Z (Use `node --trace-deprecation ...` to show where the warning was created)
2025-10-01T18:49:41.2635305Z Successfully set up CPython (3.13.7)
2025-10-01T18:49:41.2636243Z ##[endgroup]
2025-10-01T18:49:41.2787963Z ##[group]Run bossOfCode/install-scratchattach@v1.0.3
2025-10-01T18:49:41.2788425Z env:
2025-10-01T18:49:41.2788764Z   pythonLocation: /opt/hostedtoolcache/Python/3.13.7/x64
2025-10-01T18:49:41.2789310Z   PKG_CONFIG_PATH: /opt/hostedtoolcache/Python/3.13.7/x64/lib/pkgconfig
2025-10-01T18:49:41.2789824Z   Python_ROOT_DIR: /opt/hostedtoolcache/Python/3.13.7/x64
2025-10-01T18:49:41.2790266Z   Python2_ROOT_DIR: /opt/hostedtoolcache/Python/3.13.7/x64
2025-10-01T18:49:41.2790725Z   Python3_ROOT_DIR: /opt/hostedtoolcache/Python/3.13.7/x64
2025-10-01T18:49:41.2791174Z   LD_LIBRARY_PATH: /opt/hostedtoolcache/Python/3.13.7/x64/lib
2025-10-01T18:49:41.2791546Z ##[endgroup]
2025-10-01T18:49:41.2877650Z ##[group]Run python3 -m pip install --upgrade pip
2025-10-01T18:49:41.2878209Z [36;1mpython3 -m pip install --upgrade pip[0m
2025-10-01T18:49:41.2930995Z shell: /usr/bin/bash --noprofile --norc -e -o pipefail {0}
2025-10-01T18:49:41.2931468Z env:
2025-10-01T18:49:41.2932123Z   pythonLocation: /opt/hostedtoolcache/Python/3.13.7/x64
2025-10-01T18:49:41.2932708Z   PKG_CONFIG_PATH: /opt/hostedtoolcache/Python/3.13.7/x64/lib/pkgconfig
2025-10-01T18:49:41.2933259Z   Python_ROOT_DIR: /opt/hostedtoolcache/Python/3.13.7/x64
2025-10-01T18:49:41.2933763Z   Python2_ROOT_DIR: /opt/hostedtoolcache/Python/3.13.7/x64
2025-10-01T18:49:41.2934256Z   Python3_ROOT_DIR: /opt/hostedtoolcache/Python/3.13.7/x64
2025-10-01T18:49:41.2934740Z   LD_LIBRARY_PATH: /opt/hostedtoolcache/Python/3.13.7/x64/lib
2025-10-01T18:49:41.2935148Z ##[endgroup]
2025-10-01T18:49:42.4103222Z Requirement already satisfied: pip in /opt/hostedtoolcache/Python/3.13.7/x64/lib/python3.13/site-packages (25.2)
2025-10-01T18:49:42.6917218Z ##[group]Run pip install -U scratchattach
2025-10-01T18:49:42.6917599Z [36;1mpip install -U scratchattach[0m
2025-10-01T18:49:42.6950525Z shell: /usr/bin/bash --noprofile --norc -e -o pipefail {0}
2025-10-01T18:49:42.6950890Z env:
2025-10-01T18:49:42.6951168Z   pythonLocation: /opt/hostedtoolcache/Python/3.13.7/x64
2025-10-01T18:49:42.6951803Z   PKG_CONFIG_PATH: /opt/hostedtoolcache/Python/3.13.7/x64/lib/pkgconfig
2025-10-01T18:49:42.6952238Z   Python_ROOT_DIR: /opt/hostedtoolcache/Python/3.13.7/x64
2025-10-01T18:49:42.6952628Z   Python2_ROOT_DIR: /opt/hostedtoolcache/Python/3.13.7/x64
2025-10-01T18:49:42.6953027Z   Python3_ROOT_DIR: /opt/hostedtoolcache/Python/3.13.7/x64
2025-10-01T18:49:42.6953416Z   LD_LIBRARY_PATH: /opt/hostedtoolcache/Python/3.13.7/x64/lib
2025-10-01T18:49:42.6953745Z ##[endgroup]
2025-10-01T18:49:43.1804545Z Collecting scratchattach
2025-10-01T18:49:43.4997501Z   Downloading scratchattach-2.1.13-py3-none-any.whl.metadata (5.5 kB)
2025-10-01T18:49:43.5315091Z Collecting websocket-client (from scratchattach)
2025-10-01T18:49:43.5636980Z   Downloading websocket_client-1.8.0-py3-none-any.whl.metadata (8.0 kB)
2025-10-01T18:49:43.6052426Z Collecting requests (from scratchattach)
2025-10-01T18:49:43.6374642Z   Downloading requests-2.32.5-py3-none-any.whl.metadata (4.9 kB)
2025-10-01T18:49:43.6599382Z Collecting bs4 (from scratchattach)
2025-10-01T18:49:43.6914817Z   Downloading bs4-0.0.2-py2.py3-none-any.whl.metadata (411 bytes)
2025-10-01T18:49:43.7320881Z Collecting SimpleWebSocketServer (from scratchattach)
2025-10-01T18:49:43.7636769Z   Downloading SimpleWebSocketServer-0.1.2.tar.gz (10 kB)
2025-10-01T18:49:43.7749055Z   Installing build dependencies: started
2025-10-01T18:49:44.8062574Z   Installing build dependencies: finished with status 'done'
2025-10-01T18:49:44.8067696Z   Getting requirements to build wheel: started
2025-10-01T18:49:45.1747267Z   Getting requirements to build wheel: finished with status 'done'
2025-10-01T18:49:45.1757268Z   Preparing metadata (pyproject.toml): started
2025-10-01T18:49:45.3719409Z   Preparing metadata (pyproject.toml): finished with status 'done'
2025-10-01T18:49:45.3976371Z Collecting typing-extensions (from scratchattach)
2025-10-01T18:49:45.4288917Z   Downloading typing_extensions-4.15.0-py3-none-any.whl.metadata (3.3 kB)
2025-10-01T18:49:45.4554079Z Collecting beautifulsoup4 (from bs4->scratchattach)
2025-10-01T18:49:45.4871902Z   Downloading beautifulsoup4-4.14.2-py3-none-any.whl.metadata (3.8 kB)
2025-10-01T18:49:45.5148304Z Collecting soupsieve>1.2 (from beautifulsoup4->bs4->scratchattach)
2025-10-01T18:49:45.5462827Z   Downloading soupsieve-2.8-py3-none-any.whl.metadata (4.6 kB)
2025-10-01T18:49:45.6495090Z Collecting charset_normalizer<4,>=2 (from requests->scratchattach)
2025-10-01T18:49:45.6815880Z   Downloading charset_normalizer-3.4.3-cp313-cp313-manylinux2014_x86_64.manylinux_2_17_x86_64.manylinux_2_28_x86_64.whl.metadata (36 kB)
2025-10-01T18:49:45.7201045Z Collecting idna<4,>=2.5 (from requests->scratchattach)
2025-10-01T18:49:45.7515119Z   Downloading idna-3.10-py3-none-any.whl.metadata (10 kB)
2025-10-01T18:49:45.7897974Z Collecting urllib3<3,>=1.21.1 (from requests->scratchattach)
2025-10-01T18:49:45.8213120Z   Downloading urllib3-2.5.0-py3-none-any.whl.metadata (6.5 kB)
2025-10-01T18:49:45.8515138Z Collecting certifi>=2017.4.17 (from requests->scratchattach)
2025-10-01T18:49:45.8836939Z   Downloading certifi-2025.8.3-py3-none-any.whl.metadata (2.4 kB)
2025-10-01T18:49:45.9216609Z Downloading scratchattach-2.1.13-py3-none-any.whl (141 kB)
2025-10-01T18:49:45.9935505Z Downloading bs4-0.0.2-py2.py3-none-any.whl (1.2 kB)
2025-10-01T18:49:46.0267481Z Downloading beautifulsoup4-4.14.2-py3-none-any.whl (106 kB)
2025-10-01T18:49:46.0658504Z Downloading soupsieve-2.8-py3-none-any.whl (36 kB)
2025-10-01T18:49:46.1005978Z Downloading typing_extensions-4.15.0-py3-none-any.whl (44 kB)
2025-10-01T18:49:46.1365804Z Downloading requests-2.32.5-py3-none-any.whl (64 kB)
2025-10-01T18:49:46.1732143Z Downloading charset_normalizer-3.4.3-cp313-cp313-manylinux2014_x86_64.manylinux_2_17_x86_64.manylinux_2_28_x86_64.whl (151 kB)
2025-10-01T18:49:46.2164037Z Downloading idna-3.10-py3-none-any.whl (70 kB)
2025-10-01T18:49:46.2518979Z Downloading urllib3-2.5.0-py3-none-any.whl (129 kB)
2025-10-01T18:49:46.2902652Z Downloading certifi-2025.8.3-py3-none-any.whl (161 kB)
2025-10-01T18:49:46.3308298Z Downloading websocket_client-1.8.0-py3-none-any.whl (58 kB)
2025-10-01T18:49:46.3449001Z Building wheels for collected packages: SimpleWebSocketServer
2025-10-01T18:49:46.3458476Z   Building wheel for SimpleWebSocketServer (pyproject.toml): started
2025-10-01T18:49:46.5723155Z   Building wheel for SimpleWebSocketServer (pyproject.toml): finished with status 'done'
2025-10-01T18:49:46.5728612Z   Created wheel for SimpleWebSocketServer: filename=simplewebsocketserver-0.1.2-py3-none-any.whl size=9715 sha256=f4cf1c165bd8c22b4594ae87535f01f71ac3f2cc54553ef4704345496adaea6d
2025-10-01T18:49:46.5730377Z   Stored in directory: /home/runner/.cache/pip/wheels/c4/5b/e8/4f2c15a82edc4923058056f6681373168be02a0c00389a6dcf
2025-10-01T18:49:46.5748708Z Successfully built SimpleWebSocketServer
2025-10-01T18:49:46.5930018Z Installing collected packages: SimpleWebSocketServer, websocket-client, urllib3, typing-extensions, soupsieve, idna, charset_normalizer, certifi, requests, beautifulsoup4, bs4, scratchattach
2025-10-01T18:49:47.1713840Z 
2025-10-01T18:49:47.1737324Z Successfully installed SimpleWebSocketServer-0.1.2 beautifulsoup4-4.14.2 bs4-0.0.2 certifi-2025.8.3 charset_normalizer-3.4.3 idna-3.10 requests-2.32.5 scratchattach-2.1.13 soupsieve-2.8 typing-extensions-4.15.0 urllib3-2.5.0 websocket-client-1.8.0
2025-10-01T18:49:47.2668013Z ##[group]Run actions/checkout@v5.0.0
2025-10-01T18:49:47.2668266Z with:
2025-10-01T18:49:47.2668424Z   ref: main
2025-10-01T18:49:47.2668607Z   repository: Boss-1s/scratchattach
2025-10-01T18:49:47.2668980Z   token: ***
2025-10-01T18:49:47.2669163Z   ssh-strict: true
2025-10-01T18:49:47.2669339Z   ssh-user: git
2025-10-01T18:49:47.2669530Z   persist-credentials: true
2025-10-01T18:49:47.2669736Z   clean: true
2025-10-01T18:49:47.2669927Z   sparse-checkout-cone-mode: true
2025-10-01T18:49:47.2670153Z   fetch-depth: 1
2025-10-01T18:49:47.2670324Z   fetch-tags: false
2025-10-01T18:49:47.2670522Z   show-progress: true
2025-10-01T18:49:47.2670706Z   lfs: false
2025-10-01T18:49:47.2670866Z   submodules: false
2025-10-01T18:49:47.2671053Z   set-safe-directory: true
2025-10-01T18:49:47.2671245Z env:
2025-10-01T18:49:47.2671473Z   pythonLocation: /opt/hostedtoolcache/Python/3.13.7/x64
2025-10-01T18:49:47.2672278Z   PKG_CONFIG_PATH: /opt/hostedtoolcache/Python/3.13.7/x64/lib/pkgconfig
2025-10-01T18:49:47.2672689Z   Python_ROOT_DIR: /opt/hostedtoolcache/Python/3.13.7/x64
2025-10-01T18:49:47.2673018Z   Python2_ROOT_DIR: /opt/hostedtoolcache/Python/3.13.7/x64
2025-10-01T18:49:47.2673345Z   Python3_ROOT_DIR: /opt/hostedtoolcache/Python/3.13.7/x64
2025-10-01T18:49:47.2673673Z   LD_LIBRARY_PATH: /opt/hostedtoolcache/Python/3.13.7/x64/lib
2025-10-01T18:49:47.2673945Z ##[endgroup]
2025-10-01T18:49:47.3486777Z Syncing repository: Boss-1s/scratchattach
2025-10-01T18:49:47.3487404Z ##[group]Getting Git version info
2025-10-01T18:49:47.3487867Z Working directory is '/home/runner/work/scratchattach/scratchattach'
2025-10-01T18:49:47.3520727Z [command]/usr/bin/git version
2025-10-01T18:49:47.3556928Z git version 2.51.0
2025-10-01T18:49:47.3577454Z ##[endgroup]
2025-10-01T18:49:47.3593798Z Temporarily overriding HOME='/home/runner/work/_temp/0e6023b3-40c9-45bf-b7fe-34e61f5c5439' before making global git config changes
2025-10-01T18:49:47.3595131Z Adding repository directory to the temporary git global config as a safe directory
2025-10-01T18:49:47.3599569Z [command]/usr/bin/git config --global --add safe.directory /home/runner/work/scratchattach/scratchattach
2025-10-01T18:49:47.3639086Z [command]/usr/bin/git config --local --get remote.origin.url
2025-10-01T18:49:47.3661754Z https://github.com/Boss-1s/scratchattach
2025-10-01T18:49:47.3675959Z ##[group]Removing previously created refs, to avoid conflicts
2025-10-01T18:49:47.3679793Z [command]/usr/bin/git rev-parse --symbolic-full-name --verify --quiet HEAD
2025-10-01T18:49:47.3700883Z refs/heads/main
2025-10-01T18:49:47.3710530Z [command]/usr/bin/git checkout --detach
2025-10-01T18:49:47.4488969Z HEAD is now at 99b9692 [BOT] Download Logs
2025-10-01T18:49:47.4537251Z [command]/usr/bin/git branch --delete --force main
2025-10-01T18:49:47.4562835Z Deleted branch main (was 99b9692).
2025-10-01T18:49:47.4599831Z ##[endgroup]
2025-10-01T18:49:47.4603892Z [command]/usr/bin/git submodule status
2025-10-01T18:49:47.4850054Z ##[group]Cleaning the repository
2025-10-01T18:49:47.4855982Z [command]/usr/bin/git clean -ffdx
2025-10-01T18:49:47.4898922Z [command]/usr/bin/git reset --hard HEAD
2025-10-01T18:49:47.4951362Z HEAD is now at 99b9692 [BOT] Download Logs
2025-10-01T18:49:47.4958289Z ##[endgroup]
2025-10-01T18:49:47.4959407Z ##[group]Disabling automatic garbage collection
2025-10-01T18:49:47.4965616Z [command]/usr/bin/git config --local gc.auto 0
2025-10-01T18:49:47.4994865Z ##[endgroup]
2025-10-01T18:49:47.4995481Z ##[group]Setting up auth
2025-10-01T18:49:47.5002275Z [command]/usr/bin/git config --local --name-only --get-regexp core\.sshCommand
2025-10-01T18:49:47.5034299Z [command]/usr/bin/git submodule foreach --recursive sh -c "git config --local --name-only --get-regexp 'core\.sshCommand' && git config --local --unset-all 'core.sshCommand' || :"
2025-10-01T18:49:47.5284880Z [command]/usr/bin/git config --local --name-only --get-regexp http\.https\:\/\/github\.com\/\.extraheader
2025-10-01T18:49:47.5312821Z http.https://github.com/.extraheader
2025-10-01T18:49:47.5321520Z [command]/usr/bin/git config --local --unset-all http.https://github.com/.extraheader
2025-10-01T18:49:47.5357714Z [command]/usr/bin/git submodule foreach --recursive sh -c "git config --local --name-only --get-regexp 'http\.https\:\/\/github\.com\/\.extraheader' && git config --local --unset-all 'http.https://github.com/.extraheader' || :"
2025-10-01T18:49:47.5614403Z [command]/usr/bin/git config --local http.https://github.com/.extraheader AUTHORIZATION: basic ***
2025-10-01T18:49:47.5667581Z ##[endgroup]
2025-10-01T18:49:47.5668202Z ##[group]Fetching the repository
2025-10-01T18:49:47.5680431Z [command]/usr/bin/git -c protocol.version=2 fetch --no-tags --prune --no-recurse-submodules --depth=1 origin +refs/heads/main*:refs/remotes/origin/main* +refs/tags/main*:refs/tags/main*
2025-10-01T18:49:47.9039113Z ##[endgroup]
2025-10-01T18:49:47.9039580Z ##[group]Determining the checkout info
2025-10-01T18:49:47.9047362Z [command]/usr/bin/git branch --list --remote origin/main
2025-10-01T18:49:47.9072496Z   origin/main
2025-10-01T18:49:47.9076629Z ##[endgroup]
2025-10-01T18:49:47.9080910Z [command]/usr/bin/git sparse-checkout disable
2025-10-01T18:49:47.9123196Z [command]/usr/bin/git config --local --unset-all extensions.worktreeConfig
2025-10-01T18:49:47.9148039Z ##[group]Checking out the ref
2025-10-01T18:49:47.9152356Z [command]/usr/bin/git checkout --progress --force -B main refs/remotes/origin/main
2025-10-01T18:49:47.9204607Z Switched to a new branch 'main'
2025-10-01T18:49:47.9207418Z branch 'main' set up to track 'origin/main'.
2025-10-01T18:49:47.9214444Z ##[endgroup]
2025-10-01T18:49:47.9250859Z [command]/usr/bin/git log -1 --format=%H
2025-10-01T18:49:47.9274372Z 99b9692b9d32c366aa8a3092928af86e7a536269
2025-10-01T18:49:47.9382289Z ##[group]Run timeout 359m python3 message_viewer.py || { [[ $? -eq 124 ]] && exit 0; }
2025-10-01T18:49:47.9382900Z [36;1mtimeout 359m python3 message_viewer.py || { [[ $? -eq 124 ]] && exit 0; }[0m
2025-10-01T18:49:47.9416984Z shell: /usr/bin/bash -e {0}
2025-10-01T18:49:47.9417226Z env:
2025-10-01T18:49:47.9417489Z   pythonLocation: /opt/hostedtoolcache/Python/3.13.7/x64
2025-10-01T18:49:47.9417943Z   PKG_CONFIG_PATH: /opt/hostedtoolcache/Python/3.13.7/x64/lib/pkgconfig
2025-10-01T18:49:47.9418380Z   Python_ROOT_DIR: /opt/hostedtoolcache/Python/3.13.7/x64
2025-10-01T18:49:47.9418764Z   Python2_ROOT_DIR: /opt/hostedtoolcache/Python/3.13.7/x64
2025-10-01T18:49:47.9419145Z   Python3_ROOT_DIR: /opt/hostedtoolcache/Python/3.13.7/x64
2025-10-01T18:49:47.9419531Z   LD_LIBRARY_PATH: /opt/hostedtoolcache/Python/3.13.7/x64/lib
2025-10-01T18:49:47.9420017Z   PASS: ***
2025-10-01T18:49:47.9420200Z ##[endgroup]
2025-10-01T18:49:49.2897810Z Thanks for giving credit for CloudRequests!
2025-10-01T18:49:49.2898364Z Request handler is running
2025-10-01T18:49:49.2904515Z Request handler is running
2025-10-01T19:50:32.2156784Z CloudEvents: Disconnected. Reconnecting ... 1759344590.7817442
2025-10-01T19:50:32.2157516Z CloudEvents: Reconnected. 1759344590.8819377
2025-10-01T19:50:32.2157940Z CloudEvents: Disconnected. Reconnecting ... 1759344591.130786
2025-10-01T19:50:32.2158361Z CloudEvents: Reconnected. 1759344591.2309752
2025-10-01T19:50:32.2158766Z CloudEvents: Disconnected. Reconnecting ... 1759344630.597643
2025-10-01T19:50:32.2159171Z CloudEvents: Reconnected. 1759344630.6978161
2025-10-01T19:50:32.2159580Z CloudEvents: Disconnected. Reconnecting ... 1759344630.9141083
2025-10-01T19:50:32.2159988Z CloudEvents: Reconnected. 1759344631.01431
2025-10-01T19:50:32.2160417Z CloudEvents: Disconnected. Reconnecting ... 1759344673.4189343
2025-10-01T19:50:32.2160840Z CloudEvents: Reconnected. 1759344673.5191362
2025-10-01T19:50:32.2161240Z CloudEvents: Disconnected. Reconnecting ... 1759344673.742362
2025-10-01T19:50:32.2161999Z CloudEvents: Reconnected. 1759344673.8425386
2025-10-01T19:50:32.2162474Z CloudEvents: Disconnected. Reconnecting ... 1759344771.4057274
2025-10-01T19:50:32.2162886Z CloudEvents: Reconnected. 1759344771.5059276
2025-10-01T19:50:32.2163650Z CloudEvents: Disconnected. Reconnecting ... 1759344890.105907
2025-10-01T19:50:32.2164060Z CloudEvents: Reconnected. 1759344890.2060833
2025-10-01T19:50:32.2164458Z CloudEvents: Disconnected. Reconnecting ... 1759344890.4582672
2025-10-01T19:50:32.2164871Z CloudEvents: Reconnected. 1759344890.5584548
2025-10-01T19:50:32.2165268Z CloudEvents: Disconnected. Reconnecting ... 1759344890.780074
2025-10-01T19:50:32.2165675Z CloudEvents: Reconnected. 1759344890.8802435
2025-10-01T19:50:32.2166079Z CloudEvents: Disconnected. Reconnecting ... 1759344931.4728696
2025-10-01T19:50:32.2166486Z CloudEvents: Reconnected. 1759344931.5730486
2025-10-01T19:50:32.2166861Z CloudEvents: Disconnected. Reconnecting ... 1759344937.4830887
2025-10-01T19:50:32.2167177Z CloudEvents: Reconnected. 1759344937.5832677
2025-10-01T19:50:32.2167478Z CloudEvents: Disconnected. Reconnecting ... 1759344944.8263376
2025-10-01T19:50:32.2167791Z CloudEvents: Reconnected. 1759344944.926503
2025-10-01T19:50:32.2168119Z CloudEvents: Disconnected. Reconnecting ... 1759344945.120064
2025-10-01T19:50:32.2168431Z CloudEvents: Reconnected. 1759344945.2202246
2025-10-01T19:50:32.2168740Z CloudEvents: Disconnected. Reconnecting ... 1759344955.138368
2025-10-01T19:50:32.2169055Z CloudEvents: Reconnected. 1759344955.2385495
2025-10-01T19:50:32.2169358Z CloudEvents: Disconnected. Reconnecting ... 1759344968.7854583
2025-10-01T19:50:32.2169681Z CloudEvents: Reconnected. 1759344968.8856375
2025-10-01T19:50:32.2170033Z CloudEvents: Disconnected. Reconnecting ... 1759344969.148244
2025-10-01T19:50:32.2170340Z CloudEvents: Reconnected. 1759344969.2484121
2025-10-01T19:50:32.2170644Z CloudEvents: Disconnected. Reconnecting ... 1759344973.776283
2025-10-01T19:50:32.2171170Z CloudEvents: Reconnected. 1759344973.8764668
2025-10-01T19:50:32.2171475Z CloudEvents: Disconnected. Reconnecting ... 1759344974.102699
2025-10-01T19:50:32.2171920Z CloudEvents: Reconnected. 1759344974.202874
2025-10-01T19:50:32.2172240Z CloudEvents: Disconnected. Reconnecting ... 1759345594.9745142
2025-10-01T19:50:32.2172572Z CloudEvents: Reconnected. 1759345595.0747068
2025-10-01T19:50:32.2172875Z CloudEvents: Disconnected. Reconnecting ... 1759345607.823375
2025-10-01T19:50:32.2173183Z CloudEvents: Reconnected. 1759345607.923558
2025-10-01T19:50:32.2173486Z CloudEvents: Disconnected. Reconnecting ... 1759345690.8316174
2025-10-01T19:50:32.2173795Z CloudEvents: Reconnected. 1759345690.931786
2025-10-01T19:50:32.2174100Z CloudEvents: Disconnected. Reconnecting ... 1759345691.1374688
2025-10-01T19:50:32.2174405Z CloudEvents: Reconnected. 1759345691.237645
2025-10-01T19:50:32.2174708Z CloudEvents: Disconnected. Reconnecting ... 1759345706.5397983
2025-10-01T19:50:32.2175024Z CloudEvents: Reconnected. 1759345706.6399639
2025-10-01T19:50:32.2175340Z CloudEvents: Disconnected. Reconnecting ... 1759345786.3055239
2025-10-01T19:50:32.2175658Z CloudEvents: Reconnected. 1759345786.4057012
2025-10-01T19:50:32.2175958Z CloudEvents: Disconnected. Reconnecting ... 1759345786.614682
2025-10-01T19:50:32.2176271Z CloudEvents: Reconnected. 1759345786.71488
2025-10-01T19:50:32.2176584Z CloudEvents: Disconnected. Reconnecting ... 1759345884.1073625
2025-10-01T19:50:32.2176893Z CloudEvents: Reconnected. 1759345884.2075608
2025-10-01T19:50:32.2177191Z CloudEvents: Disconnected. Reconnecting ... 1759345938.19382
2025-10-01T19:50:32.2177491Z CloudEvents: Reconnected. 1759345938.2939875
2025-10-01T19:50:32.2177784Z CloudEvents: Disconnected. Reconnecting ... 1759345938.5050488
2025-10-01T19:50:32.2178086Z CloudEvents: Reconnected. 1759345938.6052294
2025-10-01T19:50:32.2178382Z CloudEvents: Disconnected. Reconnecting ... 1759345972.3237906
2025-10-01T19:50:32.2178677Z CloudEvents: Reconnected. 1759345972.423994
2025-10-01T19:50:32.2178971Z CloudEvents: Disconnected. Reconnecting ... 1759346096.624905
2025-10-01T19:50:32.2179273Z CloudEvents: Reconnected. 1759346096.7250872
2025-10-01T19:50:32.2179564Z CloudEvents: Disconnected. Reconnecting ... 1759346096.9946275
2025-10-01T19:50:32.2179995Z CloudEvents: Reconnected. 1759346097.0948303
2025-10-01T19:50:32.2180289Z CloudEvents: Disconnected. Reconnecting ... 1759346097.33136
2025-10-01T19:50:32.2180655Z CloudEvents: Reconnected. 1759346097.431533
2025-10-01T19:50:32.2180989Z CloudEvents: Disconnected. Reconnecting ... 1759346416.2994947
2025-10-01T19:50:32.2181283Z CloudEvents: Reconnected. 1759346416.3996935
2025-10-01T19:50:32.2181684Z CloudEvents: Disconnected. Reconnecting ... 1759346416.650521
2025-10-01T19:50:32.2181984Z CloudEvents: Reconnected. 1759346416.7506812
2025-10-01T19:50:32.2182274Z CloudEvents: Disconnected. Reconnecting ... 1759346417.0040107
2025-10-01T19:50:32.2182580Z CloudEvents: Reconnected. 1759346417.1042309
2025-10-01T19:50:32.2182878Z CloudEvents: Disconnected. Reconnecting ... 1759346421.0399036
2025-10-01T19:50:32.2183171Z CloudEvents: Reconnected. 1759346421.140077
2025-10-01T19:50:32.2183466Z CloudEvents: Disconnected. Reconnecting ... 1759346421.3678248
2025-10-01T19:50:32.2183760Z CloudEvents: Reconnected. 1759346421.4680169
2025-10-01T19:50:32.2184063Z CloudEvents: Disconnected. Reconnecting ... 1759346421.6626124
2025-10-01T19:50:32.2184364Z CloudEvents: Reconnected. 1759346421.7628117
2025-10-01T19:50:32.2184653Z CloudEvents: Disconnected. Reconnecting ... 1759346485.3759332
2025-10-01T19:50:32.2184958Z CloudEvents: Reconnected. 1759346485.4760966
2025-10-01T19:50:32.2185266Z CloudEvents: Disconnected. Reconnecting ... 1759346537.4179688
2025-10-01T19:50:32.2185559Z CloudEvents: Reconnected. 1759346537.5181444
2025-10-01T19:50:32.2185856Z CloudEvents: Disconnected. Reconnecting ... 1759346537.7533855
2025-10-01T19:50:32.2186160Z CloudEvents: Reconnected. 1759346537.8535943
2025-10-01T19:50:32.2186458Z CloudEvents: Disconnected. Reconnecting ... 1759346554.1295695
2025-10-01T19:50:32.2186901Z CloudEvents: Reconnected. 1759346554.2297382
2025-10-01T19:50:32.2187205Z CloudEvents: Disconnected. Reconnecting ... 1759346561.9434927
2025-10-01T19:50:32.2187501Z CloudEvents: Reconnected. 1759346562.0436683
2025-10-01T19:50:32.2187804Z CloudEvents: Disconnected. Reconnecting ... 1759346711.0669367
2025-10-01T19:50:32.2188100Z CloudEvents: Reconnected. 1759346711.1671138
2025-10-01T19:50:32.2188394Z CloudEvents: Disconnected. Reconnecting ... 1759346713.1623592
2025-10-01T19:50:32.2188699Z CloudEvents: Reconnected. 1759346713.2625344
2025-10-01T19:50:32.2188987Z CloudEvents: Disconnected. Reconnecting ... 1759346784.5533836
2025-10-01T19:50:32.2189290Z CloudEvents: Reconnected. 1759346784.653566
2025-10-01T19:50:32.2189583Z CloudEvents: Disconnected. Reconnecting ... 1759346784.8933756
2025-10-01T19:50:32.2189878Z CloudEvents: Reconnected. 1759346784.9935923
2025-10-01T19:50:32.2190171Z CloudEvents: Disconnected. Reconnecting ... 1759346965.4477863
2025-10-01T19:50:32.2190477Z CloudEvents: Reconnected. 1759346965.5479605
2025-10-01T19:50:32.2190767Z CloudEvents: Disconnected. Reconnecting ... 1759347243.747381
2025-10-01T19:50:32.2191065Z CloudEvents: Reconnected. 1759347243.8475642
2025-10-01T19:50:32.2191362Z CloudEvents: Disconnected. Reconnecting ... 1759347271.5524983
2025-10-01T19:50:32.2191767Z CloudEvents: Reconnected. 1759347271.6526866
2025-10-01T19:50:32.2192064Z CloudEvents: Disconnected. Reconnecting ... 1759347271.8526702
2025-10-01T19:50:32.2192368Z CloudEvents: Reconnected. 1759347271.9528637
2025-10-01T19:50:32.2192663Z CloudEvents: Disconnected. Reconnecting ... 1759347272.1696603
2025-10-01T19:50:32.2192964Z CloudEvents: Reconnected. 1759347272.2698085
2025-10-01T19:50:32.2193256Z CloudEvents: Disconnected. Reconnecting ... 1759347322.3672357
2025-10-01T19:50:32.2193555Z CloudEvents: Reconnected. 1759347322.4674237
2025-10-01T19:50:32.2193851Z CloudEvents: Disconnected. Reconnecting ... 1759347325.0542073
2025-10-01T19:50:32.2194147Z CloudEvents: Reconnected. 1759347325.1544151
2025-10-01T19:50:32.2194447Z CloudEvents: Disconnected. Reconnecting ... 1759347530.6089113
2025-10-01T19:50:32.2194748Z CloudEvents: Reconnected. 1759347530.709071
2025-10-01T19:50:32.2195033Z CloudEvents: Disconnected. Reconnecting ... 1759347530.9485319
2025-10-01T19:50:32.2195461Z CloudEvents: Reconnected. 1759347531.0487082
2025-10-01T19:50:32.2195755Z CloudEvents: Disconnected. Reconnecting ... 1759347649.372269
2025-10-01T19:50:32.2196047Z CloudEvents: Reconnected. 1759347649.472458
2025-10-01T19:50:32.2196339Z CloudEvents: Disconnected. Reconnecting ... 1759347873.1263018
2025-10-01T19:50:32.2196637Z CloudEvents: Reconnected. 1759347873.226483
2025-10-01T19:50:32.2196923Z CloudEvents: Disconnected. Reconnecting ... 1759347873.4583557
2025-10-01T19:50:32.2197222Z CloudEvents: Reconnected. 1759347873.5585473
2025-10-01T19:50:32.2197515Z CloudEvents: Disconnected. Reconnecting ... 1759348025.1890156
2025-10-01T19:50:32.2197816Z CloudEvents: Reconnected. 1759348025.2892034
2025-10-01T19:50:32.2198117Z CloudEvents: Disconnected. Reconnecting ... 1759348025.5130281
2025-10-01T19:50:32.2198411Z CloudEvents: Reconnected. 1759348025.613206
2025-10-01T19:50:32.2198701Z CloudEvents: Disconnected. Reconnecting ... 1759348025.8059678
2025-10-01T19:50:32.2199017Z CloudEvents: Reconnected. 1759348025.9061186
2025-10-01T19:50:32.2199319Z CloudEvents: Disconnected. Reconnecting ... 1759348029.640127
2025-10-01T19:50:32.2199629Z CloudEvents: Reconnected. 1759348029.7402844
2025-10-01T19:50:32.2199932Z CloudEvents: Disconnected. Reconnecting ... 1759348040.0797026
2025-10-01T19:50:32.2200238Z CloudEvents: Reconnected. 1759348040.1798573
2025-10-01T19:50:32.2200539Z CloudEvents: Disconnected. Reconnecting ... 1759348040.407549
2025-10-01T19:50:32.2200841Z CloudEvents: Reconnected. 1759348040.507701
2025-10-01T19:50:32.2201136Z CloudEvents: Disconnected. Reconnecting ... 1759348050.3935895
2025-10-01T19:50:32.2201444Z CloudEvents: Reconnected. 1759348050.4937334
2025-10-01T19:50:32.2202149Z CloudEvents: Disconnected. Reconnecting ... 1759348050.704686
2025-10-01T19:50:32.2202471Z CloudEvents: Reconnected. 1759348050.8048537
2025-10-01T19:50:32.2202777Z CloudEvents: Disconnected. Reconnecting ... 1759348051.0537817
2025-10-01T19:50:32.2203075Z CloudEvents: Reconnected. 1759348051.1539474
2025-10-01T19:50:32.2203371Z CloudEvents: Disconnected. Reconnecting ... 1759348193.426036
2025-10-01T19:50:32.2203670Z CloudEvents: Reconnected. 1759348193.5262516
2025-10-01T19:50:32.2203961Z CloudEvents: Disconnected. Reconnecting ... 1759348193.7340727
2025-10-01T19:50:32.2204260Z CloudEvents: Reconnected. 1759348193.834238
2025-10-01T19:50:32.2204559Z CloudEvents: Disconnected. Reconnecting ... 1759348194.0795317
2025-10-01T19:50:32.2204853Z CloudEvents: Reconnected. 1759348194.179701
2025-10-01T19:50:32.2205143Z CloudEvents: Disconnected. Reconnecting ... 1759348195.076809
2025-10-01T19:50:32.2205443Z CloudEvents: Reconnected. 1759348195.1769807
2025-10-01T19:50:32.2205732Z CloudEvents: Disconnected. Reconnecting ... 1759348211.593684
2025-10-01T19:50:32.2206031Z CloudEvents: Reconnected. 1759348211.693862
2025-10-01T19:50:32.2206317Z CloudEvents: Disconnected. Reconnecting ... 1759348219.287837
2025-10-01T19:50:32.2206615Z CloudEvents: Reconnected. 1759348219.3880389
2025-10-01T19:50:32.2206915Z CloudEvents: Disconnected. Reconnecting ... 1759348230.4947197
2025-10-01T19:50:32.2207212Z CloudEvents: Reconnected. 1759348230.5948958
2025-10-01T20:56:00.6497530Z CloudEvents: Disconnected. Reconnecting ... 1759348232.2154582
2025-10-01T20:56:00.6498284Z CloudEvents: Reconnected. 1759348232.3157105
2025-10-01T20:56:00.6498818Z CloudEvents: Disconnected. Reconnecting ... 1759348232.5115168
2025-10-01T20:56:00.6499552Z CloudEvents: Reconnected. 1759348232.611675
2025-10-01T20:56:00.6500168Z CloudEvents: Disconnected. Reconnecting ... 1759348315.6903114
2025-10-01T20:56:00.6500881Z CloudEvents: Reconnected. 1759348315.7905023
2025-10-01T20:56:00.6501502Z CloudEvents: Disconnected. Reconnecting ... 1759348613.1589022
2025-10-01T20:56:00.6502479Z CloudEvents: Reconnected. 1759348613.2591124
2025-10-01T20:56:00.6503101Z CloudEvents: Disconnected. Reconnecting ... 1759348768.8444784
2025-10-01T20:56:00.6503751Z CloudEvents: Reconnected. 1759348768.9446826
2025-10-01T20:56:00.6504546Z CloudEvents: Disconnected. Reconnecting ... 1759348769.1675143
2025-10-01T20:56:00.6504938Z CloudEvents: Reconnected. 1759348769.2676976
2025-10-01T20:56:00.6505324Z CloudEvents: Disconnected. Reconnecting ... 1759348769.4961267
2025-10-01T20:56:00.6505717Z CloudEvents: Reconnected. 1759348769.5963132
2025-10-01T20:56:00.6506092Z CloudEvents: Disconnected. Reconnecting ... 1759348810.0720115
2025-10-01T20:56:00.6506476Z CloudEvents: Reconnected. 1759348810.172217
2025-10-01T20:56:00.6506855Z CloudEvents: Disconnected. Reconnecting ... 1759348810.4068875
2025-10-01T20:56:00.6507237Z CloudEvents: Reconnected. 1759348810.5070937
2025-10-01T20:56:00.6507614Z CloudEvents: Disconnected. Reconnecting ... 1759348820.2568793
2025-10-01T20:56:00.6507999Z CloudEvents: Reconnected. 1759348820.3570662
2025-10-01T20:56:00.6508376Z CloudEvents: Disconnected. Reconnecting ... 1759348826.5365496
2025-10-01T20:56:00.6508947Z CloudEvents: Reconnected. 1759348826.6367264
2025-10-01T20:56:00.6509549Z CloudEvents: Disconnected. Reconnecting ... 1759348831.0773542
2025-10-01T20:56:00.6510107Z CloudEvents: Reconnected. 1759348831.177527
2025-10-01T20:56:00.6510602Z CloudEvents: Disconnected. Reconnecting ... 1759348831.5259767
2025-10-01T20:56:00.6511121Z CloudEvents: Reconnected. 1759348831.626195
2025-10-01T20:56:00.6511509Z CloudEvents: Disconnected. Reconnecting ... 1759348989.4884381
2025-10-01T20:56:00.6512198Z CloudEvents: Reconnected. 1759348989.5886471
2025-10-01T20:56:00.6512710Z CloudEvents: Disconnected. Reconnecting ... 1759348989.7990668
2025-10-01T20:56:00.6513214Z CloudEvents: Reconnected. 1759348989.8992486
2025-10-01T20:56:00.6513628Z CloudEvents: Disconnected. Reconnecting ... 1759349287.4850469
2025-10-01T20:56:00.6514013Z CloudEvents: Reconnected. 1759349287.585247
2025-10-01T20:56:00.6514593Z CloudEvents: Disconnected. Reconnecting ... 1759349287.8048072
2025-10-01T20:56:00.6515028Z CloudEvents: Reconnected. 1759349287.905018
2025-10-01T20:56:00.6515416Z CloudEvents: Disconnected. Reconnecting ... 1759349288.1349907
2025-10-01T20:56:00.6515734Z CloudEvents: Reconnected. 1759349288.2351522
2025-10-01T20:56:00.6516035Z CloudEvents: Disconnected. Reconnecting ... 1759349511.6545827
2025-10-01T20:56:00.6516336Z CloudEvents: Reconnected. 1759349511.7547739
2025-10-01T20:56:00.6516641Z CloudEvents: Disconnected. Reconnecting ... 1759349673.7680686
2025-10-01T20:56:00.6516945Z CloudEvents: Reconnected. 1759349673.8682578
2025-10-01T20:56:00.6517242Z CloudEvents: Disconnected. Reconnecting ... 1759349674.0967054
2025-10-01T20:56:00.6517549Z CloudEvents: Reconnected. 1759349674.1968782
2025-10-01T20:56:00.6517850Z CloudEvents: Disconnected. Reconnecting ... 1759349674.426134
2025-10-01T20:56:00.6518153Z CloudEvents: Reconnected. 1759349674.5263453
2025-10-01T20:56:00.6518460Z CloudEvents: Disconnected. Reconnecting ... 1759349705.5006137
2025-10-01T20:56:00.6518759Z CloudEvents: Reconnected. 1759349705.6008255
2025-10-01T20:56:00.6519057Z CloudEvents: Disconnected. Reconnecting ... 1759349705.800211
2025-10-01T20:56:00.6519369Z CloudEvents: Reconnected. 1759349705.900395
2025-10-01T20:56:00.6519661Z CloudEvents: Disconnected. Reconnecting ... 1759349706.1128716
2025-10-01T20:56:00.6519969Z CloudEvents: Reconnected. 1759349706.2130442
2025-10-01T20:56:00.6520271Z CloudEvents: Disconnected. Reconnecting ... 1759350043.783984
2025-10-01T20:56:00.6520582Z CloudEvents: Reconnected. 1759350043.8842185
2025-10-01T20:56:00.6520892Z CloudEvents: Disconnected. Reconnecting ... 1759350044.1249578
2025-10-01T20:56:00.6521206Z CloudEvents: Reconnected. 1759350044.2251976
2025-10-01T20:56:00.6521499Z CloudEvents: Disconnected. Reconnecting ... 1759350071.4603784
2025-10-01T20:56:00.6522039Z CloudEvents: Reconnected. 1759350071.5605829
2025-10-01T20:56:00.6522341Z CloudEvents: Disconnected. Reconnecting ... 1759350071.7821026
2025-10-01T20:56:00.6522654Z CloudEvents: Reconnected. 1759350071.8823214
2025-10-01T20:56:00.6522954Z CloudEvents: Disconnected. Reconnecting ... 1759350074.7927432
2025-10-01T20:56:00.6523253Z CloudEvents: Reconnected. 1759350074.892946
2025-10-01T20:56:00.6523698Z CloudEvents: Disconnected. Reconnecting ... 1759350075.0963488
2025-10-01T20:56:00.6524007Z CloudEvents: Reconnected. 1759350075.1965244
2025-10-01T20:56:00.6524301Z CloudEvents: Disconnected. Reconnecting ... 1759350075.3815074
2025-10-01T20:56:00.6524608Z CloudEvents: Reconnected. 1759350075.481689
2025-10-01T20:56:00.6524906Z CloudEvents: Disconnected. Reconnecting ... 1759350175.172523
2025-10-01T20:56:00.6525206Z CloudEvents: Reconnected. 1759350175.2726872
2025-10-01T20:56:00.6525510Z CloudEvents: Disconnected. Reconnecting ... 1759350291.8874578
2025-10-01T20:56:00.6525815Z CloudEvents: Reconnected. 1759350291.9876301
2025-10-01T20:56:00.6526111Z CloudEvents: Disconnected. Reconnecting ... 1759350307.4316125
2025-10-01T20:56:00.6526418Z CloudEvents: Reconnected. 1759350307.5318182
2025-10-01T20:56:00.6526716Z CloudEvents: Disconnected. Reconnecting ... 1759350482.656391
2025-10-01T20:56:00.6527016Z CloudEvents: Reconnected. 1759350482.7566025
2025-10-01T20:56:00.6527318Z CloudEvents: Disconnected. Reconnecting ... 1759350482.989653
2025-10-01T20:56:00.6527618Z CloudEvents: Reconnected. 1759350483.0898623
2025-10-01T20:56:00.6527921Z CloudEvents: Disconnected. Reconnecting ... 1759350499.8430917
2025-10-01T20:56:00.6528225Z CloudEvents: Reconnected. 1759350499.9432955
2025-10-01T20:56:00.6528516Z CloudEvents: Disconnected. Reconnecting ... 1759350515.1393461
2025-10-01T20:56:00.6528820Z CloudEvents: Reconnected. 1759350515.2395198
2025-10-01T20:56:00.6529119Z CloudEvents: Disconnected. Reconnecting ... 1759350548.8196118
2025-10-01T20:56:00.6529421Z CloudEvents: Reconnected. 1759350548.9197845
2025-10-01T20:56:00.6529722Z CloudEvents: Disconnected. Reconnecting ... 1759350558.992702
2025-10-01T20:56:00.6530287Z CloudEvents: Reconnected. 1759350559.0929093
2025-10-01T20:56:00.6530863Z CloudEvents: Disconnected. Reconnecting ... 1759350618.337908
2025-10-01T20:56:00.6531425Z CloudEvents: Reconnected. 1759350618.438082
2025-10-01T20:56:00.6532186Z CloudEvents: Disconnected. Reconnecting ... 1759350618.6717248
2025-10-01T20:56:00.6532513Z CloudEvents: Reconnected. 1759350618.771903
2025-10-01T20:56:00.6532818Z CloudEvents: Disconnected. Reconnecting ... 1759350619.0122263
2025-10-01T20:56:00.6533127Z CloudEvents: Reconnected. 1759350619.112414
2025-10-01T20:56:00.6533433Z CloudEvents: Disconnected. Reconnecting ... 1759350661.6895902
2025-10-01T20:56:00.6533747Z CloudEvents: Reconnected. 1759350661.7897727
2025-10-01T20:56:00.6534046Z CloudEvents: Disconnected. Reconnecting ... 1759350828.026295
2025-10-01T20:56:00.6534352Z CloudEvents: Reconnected. 1759350828.1264555
2025-10-01T20:56:00.6534656Z CloudEvents: Disconnected. Reconnecting ... 1759351022.5900362
2025-10-01T20:56:00.6534956Z CloudEvents: Reconnected. 1759351022.6902418
2025-10-01T20:56:00.6535259Z CloudEvents: Disconnected. Reconnecting ... 1759351050.8906686
2025-10-01T20:56:00.6535565Z CloudEvents: Reconnected. 1759351050.9908497
2025-10-01T20:56:00.6535858Z CloudEvents: Disconnected. Reconnecting ... 1759351051.2235618
2025-10-01T20:56:00.6536165Z CloudEvents: Reconnected. 1759351051.3237455
2025-10-01T20:56:00.6536468Z CloudEvents: Disconnected. Reconnecting ... 1759351056.1157453
2025-10-01T20:56:00.6536769Z CloudEvents: Reconnected. 1759351056.2159116
2025-10-01T20:56:00.6537072Z CloudEvents: Disconnected. Reconnecting ... 1759351080.9847035
2025-10-01T20:56:00.6537372Z CloudEvents: Reconnected. 1759351081.084885
2025-10-01T20:56:00.6537670Z CloudEvents: Disconnected. Reconnecting ... 1759351081.29056
2025-10-01T20:56:00.6537975Z CloudEvents: Reconnected. 1759351081.3907104
2025-10-01T20:56:00.6538293Z CloudEvents: Disconnected. Reconnecting ... 1759351114.9696505
2025-10-01T20:56:00.6544992Z CloudEvents: Reconnected. 1759351115.0698462
2025-10-01T20:56:00.6545471Z CloudEvents: Disconnected. Reconnecting ... 1759351115.3020976
2025-10-01T20:56:00.6545812Z CloudEvents: Reconnected. 1759351115.4022717
2025-10-01T20:56:00.6546125Z CloudEvents: Disconnected. Reconnecting ... 1759351145.633993
2025-10-01T20:56:00.6546880Z CloudEvents: Reconnected. 1759351145.734138
2025-10-01T20:56:00.6547193Z CloudEvents: Disconnected. Reconnecting ... 1759351145.927195
2025-10-01T20:56:00.6547513Z CloudEvents: Reconnected. 1759351146.0273845
2025-10-01T20:56:00.6547825Z CloudEvents: Disconnected. Reconnecting ... 1759351146.261309
2025-10-01T20:56:00.6548125Z CloudEvents: Reconnected. 1759351146.3615167
2025-10-01T20:56:00.6548433Z CloudEvents: Disconnected. Reconnecting ... 1759351162.6253679
2025-10-01T20:56:00.6548747Z CloudEvents: Reconnected. 1759351162.7255547
2025-10-01T20:56:00.6549046Z CloudEvents: Disconnected. Reconnecting ... 1759351162.9213686
2025-10-01T20:56:00.6549353Z CloudEvents: Reconnected. 1759351163.021576
2025-10-01T20:56:00.6549660Z CloudEvents: Disconnected. Reconnecting ... 1759351310.145816
2025-10-01T20:56:00.6549960Z CloudEvents: Reconnected. 1759351310.2459712
2025-10-01T20:56:00.6550260Z CloudEvents: Disconnected. Reconnecting ... 1759351315.6847785
2025-10-01T20:56:00.6550562Z CloudEvents: Reconnected. 1759351315.7849488
2025-10-01T20:56:00.6550877Z CloudEvents: Disconnected. Reconnecting ... 1759351326.5137358
2025-10-01T20:56:00.6551192Z CloudEvents: Reconnected. 1759351326.6139443
2025-10-01T20:56:00.6551488Z CloudEvents: Disconnected. Reconnecting ... 1759351326.842285
2025-10-01T20:56:00.6552120Z CloudEvents: Reconnected. 1759351326.9425073
2025-10-01T20:56:00.6552595Z CloudEvents: Disconnected. Reconnecting ... 1759351327.1643362
2025-10-01T20:56:00.6552901Z CloudEvents: Reconnected. 1759351327.2644737
2025-10-01T20:56:00.6553202Z CloudEvents: Disconnected. Reconnecting ... 1759351335.175362
2025-10-01T20:56:00.6553530Z CloudEvents: Reconnected. 1759351335.2755325
2025-10-01T20:56:00.6553827Z CloudEvents: Disconnected. Reconnecting ... 1759351340.471903
2025-10-01T20:56:00.6554259Z CloudEvents: Reconnected. 1759351340.5720894
2025-10-01T20:56:00.6554565Z CloudEvents: Disconnected. Reconnecting ... 1759351340.8133807
2025-10-01T20:56:00.6554870Z CloudEvents: Reconnected. 1759351340.9135306
2025-10-01T20:56:00.6555168Z CloudEvents: Disconnected. Reconnecting ... 1759351342.5933204
2025-10-01T20:56:00.6555476Z CloudEvents: Reconnected. 1759351342.6934857
2025-10-01T20:56:00.6555774Z CloudEvents: Disconnected. Reconnecting ... 1759351409.3974667
2025-10-01T20:56:00.6556071Z CloudEvents: Reconnected. 1759351409.4976895
2025-10-01T20:56:00.6556366Z CloudEvents: Disconnected. Reconnecting ... 1759351409.7263072
2025-10-01T20:56:00.6556667Z CloudEvents: Reconnected. 1759351409.8265097
2025-10-01T20:56:00.6556958Z CloudEvents: Disconnected. Reconnecting ... 1759351410.0200982
2025-10-01T20:56:00.6557264Z CloudEvents: Reconnected. 1759351410.1202793
2025-10-01T20:56:00.6557558Z CloudEvents: Disconnected. Reconnecting ... 1759351412.669372
2025-10-01T20:56:00.6557859Z CloudEvents: Reconnected. 1759351412.7695613
2025-10-01T20:56:00.6558154Z CloudEvents: Disconnected. Reconnecting ... 1759352024.237604
2025-10-01T20:56:00.6558449Z CloudEvents: Reconnected. 1759352024.3377986
2025-10-01T20:56:00.6558745Z CloudEvents: Disconnected. Reconnecting ... 1759352024.569379
2025-10-01T20:56:00.6559050Z CloudEvents: Reconnected. 1759352024.6695476
2025-10-01T20:56:00.6559342Z CloudEvents: Disconnected. Reconnecting ... 1759352062.2943878
2025-10-01T20:56:00.6559669Z CloudEvents: Reconnected. 1759352062.3945572
2025-10-01T20:56:00.6559976Z CloudEvents: Disconnected. Reconnecting ... 1759352062.63685
2025-10-01T20:56:00.6560279Z CloudEvents: Reconnected. 1759352062.7370079
2025-10-01T20:56:00.6560590Z CloudEvents: Disconnected. Reconnecting ... 1759352160.5493064
2025-10-01T21:58:53.9278971Z CloudEvents: Reconnected. 1759352160.6494768
2025-10-01T21:58:53.9279771Z CloudEvents: Disconnected. Reconnecting ... 1759352165.026691
2025-10-01T21:58:53.9280533Z CloudEvents: Reconnected. 1759352165.1268935
2025-10-01T21:58:53.9281436Z CloudEvents: Disconnected. Reconnecting ... 1759352241.9144397
2025-10-01T21:58:53.9282514Z CloudEvents: Reconnected. 1759352242.014643
2025-10-01T21:58:53.9283309Z CloudEvents: Disconnected. Reconnecting ... 1759352326.2259917
2025-10-01T21:58:53.9284445Z CloudEvents: Reconnected. 1759352326.3261907
2025-10-01T21:58:53.9285017Z CloudEvents: Disconnected. Reconnecting ... 1759352390.0660312
2025-10-01T21:58:53.9285617Z CloudEvents: Reconnected. 1759352390.1662385
2025-10-01T21:58:53.9286234Z CloudEvents: Disconnected. Reconnecting ... 1759352444.5089743
2025-10-01T21:58:53.9287034Z CloudEvents: Reconnected. 1759352444.6091497
2025-10-01T21:58:53.9287829Z CloudEvents: Disconnected. Reconnecting ... 1759352716.8747942
2025-10-01T21:58:53.9288469Z CloudEvents: Reconnected. 1759352716.9749315
2025-10-01T21:58:53.9289152Z CloudEvents: Disconnected. Reconnecting ... 1759352944.6299672
2025-10-01T21:58:53.9289834Z CloudEvents: Reconnected. 1759352944.7301362
2025-10-01T21:58:53.9290586Z CloudEvents: Disconnected. Reconnecting ... 1759353094.7486262
2025-10-01T21:58:53.9291433Z CloudEvents: Reconnected. 1759353094.848778
2025-10-01T21:58:53.9292332Z CloudEvents: Disconnected. Reconnecting ... 1759353095.0733657
2025-10-01T21:58:53.9293038Z CloudEvents: Reconnected. 1759353095.1735141
2025-10-01T21:58:53.9293672Z CloudEvents: Disconnected. Reconnecting ... 1759353095.3578172
2025-10-01T21:58:53.9294265Z CloudEvents: Reconnected. 1759353095.4579556
2025-10-01T21:58:53.9294857Z CloudEvents: Disconnected. Reconnecting ... 1759353112.9542005
2025-10-01T21:58:53.9295413Z CloudEvents: Reconnected. 1759353113.0543606
2025-10-01T21:58:53.9295933Z CloudEvents: Disconnected. Reconnecting ... 1759353163.694819
2025-10-01T21:58:53.9296436Z CloudEvents: Reconnected. 1759353163.794967
2025-10-01T21:58:53.9296914Z CloudEvents: Disconnected. Reconnecting ... 1759353273.2160525
2025-10-01T21:58:53.9297419Z CloudEvents: Reconnected. 1759353273.3161922
2025-10-01T21:58:53.9298002Z CloudEvents: Disconnected. Reconnecting ... 1759353273.5433962
2025-10-01T21:58:53.9298547Z CloudEvents: Reconnected. 1759353273.6435525
2025-10-01T21:58:53.9299061Z CloudEvents: Disconnected. Reconnecting ... 1759353281.0415854
2025-10-01T21:58:53.9299471Z CloudEvents: Reconnected. 1759353281.141752
2025-10-01T21:58:53.9299884Z CloudEvents: Disconnected. Reconnecting ... 1759353414.1225393
2025-10-01T21:58:53.9300197Z CloudEvents: Reconnected. 1759353414.2226872
2025-10-01T21:58:53.9300505Z CloudEvents: Disconnected. Reconnecting ... 1759353414.544864
2025-10-01T21:58:53.9300822Z CloudEvents: Reconnected. 1759353414.6449986
2025-10-01T21:58:53.9301133Z CloudEvents: Disconnected. Reconnecting ... 1759353430.0017939
2025-10-01T21:58:53.9301450Z CloudEvents: Reconnected. 1759353430.1019726
2025-10-01T21:58:53.9301964Z CloudEvents: Disconnected. Reconnecting ... 1759353575.0559838
2025-10-01T21:58:53.9302267Z CloudEvents: Reconnected. 1759353575.156182
2025-10-01T21:58:53.9302567Z CloudEvents: Disconnected. Reconnecting ... 1759353580.8157082
2025-10-01T21:58:53.9302877Z CloudEvents: Reconnected. 1759353580.915862
2025-10-01T21:58:53.9303178Z CloudEvents: Disconnected. Reconnecting ... 1759353644.6011443
2025-10-01T21:58:53.9303482Z CloudEvents: Reconnected. 1759353644.701335
2025-10-01T21:58:53.9303787Z CloudEvents: Disconnected. Reconnecting ... 1759353644.901393
2025-10-01T21:58:53.9304087Z CloudEvents: Reconnected. 1759353645.0015388
2025-10-01T21:58:53.9304386Z CloudEvents: Disconnected. Reconnecting ... 1759353645.2170992
2025-10-01T21:58:53.9304689Z CloudEvents: Reconnected. 1759353645.3172424
2025-10-01T21:58:53.9304981Z CloudEvents: Disconnected. Reconnecting ... 1759353676.7611072
2025-10-01T21:58:53.9305290Z CloudEvents: Reconnected. 1759353676.8612862
2025-10-01T21:58:53.9305584Z CloudEvents: Disconnected. Reconnecting ... 1759353677.1061466
2025-10-01T21:58:53.9305888Z CloudEvents: Reconnected. 1759353677.2063541
2025-10-01T21:58:53.9306189Z CloudEvents: Disconnected. Reconnecting ... 1759353677.4145844
2025-10-01T21:58:53.9306490Z CloudEvents: Reconnected. 1759353677.514779
2025-10-01T21:58:53.9306791Z CloudEvents: Disconnected. Reconnecting ... 1759353733.5233722
2025-10-01T21:58:53.9307096Z CloudEvents: Reconnected. 1759353733.6235454
2025-10-01T21:58:53.9307560Z CloudEvents: Disconnected. Reconnecting ... 1759353733.8244326
2025-10-01T21:58:53.9307864Z CloudEvents: Reconnected. 1759353733.9246278
2025-10-01T21:58:53.9308162Z CloudEvents: Disconnected. Reconnecting ... 1759353734.1178856
2025-10-01T21:58:53.9308460Z CloudEvents: Reconnected. 1759353734.2180474
2025-10-01T21:58:53.9308757Z CloudEvents: Disconnected. Reconnecting ... 1759353798.7675345
2025-10-01T21:58:53.9309060Z CloudEvents: Reconnected. 1759353798.8677056
2025-10-01T21:58:53.9309355Z CloudEvents: Disconnected. Reconnecting ... 1759353799.0794718
2025-10-01T21:58:53.9309658Z CloudEvents: Reconnected. 1759353799.1796205
2025-10-01T21:58:53.9309955Z CloudEvents: Disconnected. Reconnecting ... 1759353883.071704
2025-10-01T21:58:53.9310260Z CloudEvents: Reconnected. 1759353883.171898
2025-10-01T21:58:53.9310560Z CloudEvents: Disconnected. Reconnecting ... 1759354030.6934984
2025-10-01T21:58:53.9310860Z CloudEvents: Reconnected. 1759354030.7936256
2025-10-01T21:58:53.9311159Z CloudEvents: Disconnected. Reconnecting ... 1759354185.1123295
2025-10-01T21:58:53.9311468Z CloudEvents: Reconnected. 1759354185.2125003
2025-10-01T21:58:53.9312013Z CloudEvents: Disconnected. Reconnecting ... 1759354191.7467563
2025-10-01T21:58:53.9312318Z CloudEvents: Reconnected. 1759354191.8469257
2025-10-01T21:58:53.9312617Z CloudEvents: Disconnected. Reconnecting ... 1759354192.0808134
2025-10-01T21:58:53.9312915Z CloudEvents: Reconnected. 1759354192.180965
2025-10-01T21:58:53.9313213Z CloudEvents: Disconnected. Reconnecting ... 1759354235.0935776
2025-10-01T21:58:53.9313513Z CloudEvents: Reconnected. 1759354235.1937819
2025-10-01T21:58:53.9313808Z CloudEvents: Disconnected. Reconnecting ... 1759354245.3609717
2025-10-01T21:58:53.9314112Z CloudEvents: Reconnected. 1759354245.4611962
2025-10-01T21:58:53.9314533Z CloudEvents: Disconnected. Reconnecting ... 1759354245.6865594
2025-10-01T21:58:53.9314859Z CloudEvents: Reconnected. 1759354245.7867467
2025-10-01T21:58:53.9315162Z CloudEvents: Disconnected. Reconnecting ... 1759354265.4778845
2025-10-01T21:58:53.9315468Z CloudEvents: Reconnected. 1759354265.5780668
2025-10-01T21:58:53.9315765Z CloudEvents: Disconnected. Reconnecting ... 1759354284.4008646
2025-10-01T21:58:53.9316070Z CloudEvents: Reconnected. 1759354284.5010152
2025-10-01T21:58:53.9316361Z CloudEvents: Disconnected. Reconnecting ... 1759354284.68704
2025-10-01T21:58:53.9316663Z CloudEvents: Reconnected. 1759354284.7872052
2025-10-01T21:58:53.9316961Z CloudEvents: Disconnected. Reconnecting ... 1759354537.0573797
2025-10-01T21:58:53.9317261Z CloudEvents: Reconnected. 1759354537.1575477
2025-10-01T21:58:53.9317559Z CloudEvents: Disconnected. Reconnecting ... 1759354622.2976696
2025-10-01T21:58:53.9317864Z CloudEvents: Reconnected. 1759354622.3978379
2025-10-01T21:58:53.9318161Z CloudEvents: Disconnected. Reconnecting ... 1759354692.3212526
2025-10-01T21:58:53.9318464Z CloudEvents: Reconnected. 1759354692.4214377
2025-10-01T21:58:53.9318758Z CloudEvents: Disconnected. Reconnecting ... 1759354727.1886966
2025-10-01T21:58:53.9319070Z CloudEvents: Reconnected. 1759354727.2888496
2025-10-01T21:58:53.9319369Z CloudEvents: Disconnected. Reconnecting ... 1759354822.6058927
2025-10-01T21:58:53.9319667Z CloudEvents: Reconnected. 1759354822.7060428
2025-10-01T21:58:53.9319969Z CloudEvents: Disconnected. Reconnecting ... 1759354822.9319947
2025-10-01T21:58:53.9320287Z CloudEvents: Reconnected. 1759354823.032128
2025-10-01T21:58:53.9320593Z CloudEvents: Disconnected. Reconnecting ... 1759354847.8050752
2025-10-01T21:58:53.9320903Z CloudEvents: Reconnected. 1759354847.90528
2025-10-01T21:58:53.9321207Z CloudEvents: Disconnected. Reconnecting ... 1759354864.8774724
2025-10-01T21:58:53.9321510Z CloudEvents: Reconnected. 1759354864.9776745
2025-10-01T21:58:53.9321937Z CloudEvents: Disconnected. Reconnecting ... 1759354865.172073
2025-10-01T21:58:53.9322249Z CloudEvents: Reconnected. 1759354865.2722466
2025-10-01T21:58:53.9322546Z CloudEvents: Disconnected. Reconnecting ... 1759355010.6980875
2025-10-01T21:58:53.9322851Z CloudEvents: Reconnected. 1759355010.7982504
2025-10-01T21:58:53.9323276Z CloudEvents: Disconnected. Reconnecting ... 1759355011.06473
2025-10-01T21:58:53.9323580Z CloudEvents: Reconnected. 1759355011.1648679
2025-10-01T21:58:53.9323880Z CloudEvents: Disconnected. Reconnecting ... 1759355074.3113682
2025-10-01T21:58:53.9324178Z CloudEvents: Reconnected. 1759355074.4115324
2025-10-01T21:58:53.9324476Z CloudEvents: Disconnected. Reconnecting ... 1759355074.6335351
2025-10-01T21:58:53.9324783Z CloudEvents: Reconnected. 1759355074.7337165
2025-10-01T21:58:53.9325076Z CloudEvents: Disconnected. Reconnecting ... 1759355190.8004298
2025-10-01T21:58:53.9325380Z CloudEvents: Reconnected. 1759355190.900617
2025-10-01T21:58:53.9325678Z CloudEvents: Disconnected. Reconnecting ... 1759355191.1301212
2025-10-01T21:58:53.9325980Z CloudEvents: Reconnected. 1759355191.2302752
2025-10-01T21:58:53.9326282Z CloudEvents: Disconnected. Reconnecting ... 1759355272.4952269
2025-10-01T21:58:53.9326595Z CloudEvents: Reconnected. 1759355272.5954125
2025-10-01T21:58:53.9326908Z CloudEvents: Disconnected. Reconnecting ... 1759355355.896831
2025-10-01T21:58:53.9327219Z CloudEvents: Reconnected. 1759355355.9969952
2025-10-01T21:58:53.9327521Z CloudEvents: Disconnected. Reconnecting ... 1759355373.3517492
2025-10-01T21:58:53.9327833Z CloudEvents: Reconnected. 1759355373.4519455
2025-10-01T21:58:53.9328137Z CloudEvents: Disconnected. Reconnecting ... 1759355373.6763558
2025-10-01T21:58:53.9328439Z CloudEvents: Reconnected. 1759355373.776507
2025-10-01T21:58:53.9328744Z CloudEvents: Disconnected. Reconnecting ... 1759355386.7149384
2025-10-01T21:58:53.9329049Z CloudEvents: Reconnected. 1759355386.815105
2025-10-01T21:58:53.9329343Z CloudEvents: Disconnected. Reconnecting ... 1759355404.9377718
2025-10-01T21:58:53.9329761Z CloudEvents: Reconnected. 1759355405.0379696
2025-10-01T21:58:53.9330072Z CloudEvents: Disconnected. Reconnecting ... 1759355413.5967557
2025-10-01T21:58:53.9330372Z CloudEvents: Reconnected. 1759355413.6969054
2025-10-01T21:58:53.9330673Z CloudEvents: Disconnected. Reconnecting ... 1759355413.8920197
2025-10-01T21:58:53.9330986Z CloudEvents: Reconnected. 1759355413.9922097
2025-10-01T21:58:53.9331282Z CloudEvents: Disconnected. Reconnecting ... 1759355566.493313
2025-10-01T21:58:53.9331685Z CloudEvents: Reconnected. 1759355566.5934856
2025-10-01T21:58:53.9331983Z CloudEvents: Disconnected. Reconnecting ... 1759355566.8184643
2025-10-01T21:58:53.9332290Z CloudEvents: Reconnected. 1759355566.9186358
2025-10-01T21:58:53.9332593Z CloudEvents: Disconnected. Reconnecting ... 1759355567.1046336
2025-10-01T21:58:53.9332895Z CloudEvents: Reconnected. 1759355567.2048328
2025-10-01T21:58:53.9333197Z CloudEvents: Disconnected. Reconnecting ... 1759355622.215714
2025-10-01T21:58:53.9333500Z CloudEvents: Reconnected. 1759355622.3159103
2025-10-01T21:58:53.9333799Z CloudEvents: Disconnected. Reconnecting ... 1759355624.272341
2025-10-01T21:58:53.9334107Z CloudEvents: Reconnected. 1759355624.3725007
2025-10-01T21:58:53.9334406Z CloudEvents: Disconnected. Reconnecting ... 1759355635.0784504
2025-10-01T21:58:53.9334712Z CloudEvents: Reconnected. 1759355635.1786084
2025-10-01T21:58:53.9335014Z CloudEvents: Disconnected. Reconnecting ... 1759355765.0850282
2025-10-01T21:58:53.9335321Z CloudEvents: Reconnected. 1759355765.1852584
2025-10-01T21:58:53.9335615Z CloudEvents: Disconnected. Reconnecting ... 1759355776.3556108
2025-10-01T21:58:53.9335922Z CloudEvents: Reconnected. 1759355776.4557889
2025-10-01T21:58:53.9336222Z CloudEvents: Disconnected. Reconnecting ... 1759355883.5352564
2025-10-01T21:58:53.9336556Z CloudEvents: Reconnected. 1759355883.6354198
2025-10-01T21:58:53.9336856Z CloudEvents: Disconnected. Reconnecting ... 1759355883.9040868
2025-10-01T21:58:53.9337156Z CloudEvents: Reconnected. 1759355884.0042257
2025-10-01T21:58:53.9337456Z CloudEvents: Disconnected. Reconnecting ... 1759355933.8274436
2025-10-01T22:38:03.5168595Z CloudEvents: Reconnected. 1759355933.927614
2025-10-01T22:38:03.5169384Z CloudEvents: Disconnected. Reconnecting ... 1759355934.1329727
2025-10-01T22:38:03.5170340Z CloudEvents: Reconnected. 1759355934.2331839
2025-10-01T22:38:03.5170789Z CloudEvents: Disconnected. Reconnecting ... 1759355942.3438334
2025-10-01T22:38:03.5171231Z CloudEvents: Reconnected. 1759355942.443992
2025-10-01T22:38:03.5171921Z CloudEvents: Disconnected. Reconnecting ... 1759355942.7135165
2025-10-01T22:38:03.5172574Z CloudEvents: Reconnected. 1759355942.8136473
2025-10-01T22:38:03.5173027Z CloudEvents: Disconnected. Reconnecting ... 1759355985.8962748
2025-10-01T22:38:03.5173475Z CloudEvents: Reconnected. 1759355985.9964244
2025-10-01T22:38:03.5173906Z CloudEvents: Disconnected. Reconnecting ... 1759356082.9365647
2025-10-01T22:38:03.5174351Z CloudEvents: Reconnected. 1759356083.0367713
2025-10-01T22:38:03.5174841Z CloudEvents: Disconnected. Reconnecting ... 1759356118.5579967
2025-10-01T22:38:03.5175286Z CloudEvents: Reconnected. 1759356118.6581857
2025-10-01T22:38:03.5175718Z CloudEvents: Disconnected. Reconnecting ... 1759356118.8505762
2025-10-01T22:38:03.5176157Z CloudEvents: Reconnected. 1759356118.9507458
2025-10-01T22:38:03.5176595Z CloudEvents: Disconnected. Reconnecting ... 1759356119.1625934
2025-10-01T22:38:03.5177030Z CloudEvents: Reconnected. 1759356119.2627752
2025-10-01T22:38:03.5177460Z CloudEvents: Disconnected. Reconnecting ... 1759356174.8793383
2025-10-01T22:38:03.5177903Z CloudEvents: Reconnected. 1759356174.979512
2025-10-01T22:38:03.5178330Z CloudEvents: Disconnected. Reconnecting ... 1759356175.2818131
2025-10-01T22:38:03.5178772Z CloudEvents: Reconnected. 1759356175.3819504
2025-10-01T22:38:03.5179203Z CloudEvents: Disconnected. Reconnecting ... 1759356185.3282967
2025-10-01T22:38:03.5179640Z CloudEvents: Reconnected. 1759356185.4284575
2025-10-01T22:38:03.5180015Z CloudEvents: Disconnected. Reconnecting ... 1759356188.0572927
2025-10-01T22:38:03.5180546Z CloudEvents: Reconnected. 1759356188.1574497
2025-10-01T22:38:03.5180872Z CloudEvents: Disconnected. Reconnecting ... 1759356188.3735406
2025-10-01T22:38:03.5181182Z CloudEvents: Reconnected. 1759356188.4736774
2025-10-01T22:38:03.5181489Z CloudEvents: Disconnected. Reconnecting ... 1759356188.6607397
2025-10-01T22:38:03.5181915Z CloudEvents: Reconnected. 1759356188.7609305
2025-10-01T22:38:03.5182218Z CloudEvents: Disconnected. Reconnecting ... 1759356282.5454166
2025-10-01T22:38:03.5182528Z CloudEvents: Reconnected. 1759356282.645587
2025-10-01T22:38:03.5182822Z CloudEvents: Disconnected. Reconnecting ... 1759356325.4382255
2025-10-01T22:38:03.5183128Z CloudEvents: Reconnected. 1759356325.5383785
2025-10-01T22:38:03.5183424Z CloudEvents: Disconnected. Reconnecting ... 1759356325.7568896
2025-10-01T22:38:03.5183736Z CloudEvents: Reconnected. 1759356325.8570173
2025-10-01T22:38:03.5184033Z CloudEvents: Disconnected. Reconnecting ... 1759356326.0423486
2025-10-01T22:38:03.5184339Z CloudEvents: Reconnected. 1759356326.1425126
2025-10-01T22:38:03.5184637Z CloudEvents: Disconnected. Reconnecting ... 1759356381.9438653
2025-10-01T22:38:03.5184940Z CloudEvents: Reconnected. 1759356382.0440373
2025-10-01T22:38:03.5185237Z CloudEvents: Disconnected. Reconnecting ... 1759356389.4838152
2025-10-01T22:38:03.5185546Z CloudEvents: Reconnected. 1759356389.5839665
2025-10-01T22:38:03.5185845Z CloudEvents: Disconnected. Reconnecting ... 1759356389.8107576
2025-10-01T22:38:03.5186144Z CloudEvents: Reconnected. 1759356389.910917
2025-10-01T22:38:03.5186446Z CloudEvents: Disconnected. Reconnecting ... 1759356391.1909115
2025-10-01T22:38:03.5186749Z CloudEvents: Reconnected. 1759356391.2910824
2025-10-01T22:38:03.5187043Z CloudEvents: Disconnected. Reconnecting ... 1759356398.0295734
2025-10-01T22:38:03.5187345Z CloudEvents: Reconnected. 1759356398.1297286
2025-10-01T22:38:03.5194554Z CloudEvents: Disconnected. Reconnecting ... 1759356398.3210485
2025-10-01T22:38:03.5195159Z CloudEvents: Reconnected. 1759356398.421227
2025-10-01T22:38:03.5195667Z CloudEvents: Disconnected. Reconnecting ... 1759356399.5437894
2025-10-01T22:38:03.5196162Z CloudEvents: Reconnected. 1759356399.6439414
2025-10-01T22:38:03.5196574Z CloudEvents: Disconnected. Reconnecting ... 1759356399.8431396
2025-10-01T22:38:03.5197094Z CloudEvents: Reconnected. 1759356399.9432795
2025-10-01T22:38:03.5197404Z CloudEvents: Disconnected. Reconnecting ... 1759356420.1356406
2025-10-01T22:38:03.5197710Z CloudEvents: Reconnected. 1759356420.2357705
2025-10-01T22:38:03.5198034Z CloudEvents: Disconnected. Reconnecting ... 1759356420.4340491
2025-10-01T22:38:03.5198337Z CloudEvents: Reconnected. 1759356420.5342078
2025-10-01T22:38:03.5198627Z CloudEvents: Disconnected. Reconnecting ... 1759356432.0275445
2025-10-01T22:38:03.5198943Z CloudEvents: Reconnected. 1759356432.127709
2025-10-01T22:38:03.5199233Z CloudEvents: Disconnected. Reconnecting ... 1759356432.3183863
2025-10-01T22:38:03.5199549Z CloudEvents: Reconnected. 1759356432.418578
2025-10-01T22:38:03.5199867Z CloudEvents: Disconnected. Reconnecting ... 1759356434.0520828
2025-10-01T22:38:03.5200174Z CloudEvents: Reconnected. 1759356434.1522305
2025-10-01T22:38:03.5200484Z CloudEvents: Disconnected. Reconnecting ... 1759356448.6345558
2025-10-01T22:38:03.5200805Z CloudEvents: Reconnected. 1759356448.7346985
2025-10-01T22:38:03.5201112Z CloudEvents: Disconnected. Reconnecting ... 1759356448.9358785
2025-10-01T22:38:03.5201427Z CloudEvents: Reconnected. 1759356449.0360465
2025-10-01T22:38:03.5201877Z CloudEvents: Disconnected. Reconnecting ... 1759356510.7677343
2025-10-01T22:38:03.5202196Z CloudEvents: Reconnected. 1759356510.8679013
2025-10-01T22:38:03.5202509Z CloudEvents: Disconnected. Reconnecting ... 1759356619.1173637
2025-10-01T22:38:03.5202820Z CloudEvents: Reconnected. 1759356619.2175524
2025-10-01T22:38:03.5203115Z CloudEvents: Disconnected. Reconnecting ... 1759356619.4929204
2025-10-01T22:38:03.5203419Z CloudEvents: Reconnected. 1759356619.5930533
2025-10-01T22:38:03.5203835Z CloudEvents: Disconnected. Reconnecting ... 1759356743.5286229
2025-10-01T22:38:03.5204146Z CloudEvents: Reconnected. 1759356743.62884
2025-10-01T22:38:03.5204447Z CloudEvents: Disconnected. Reconnecting ... 1759356743.8897371
2025-10-01T22:38:03.5204753Z CloudEvents: Reconnected. 1759356743.9899426
2025-10-01T22:38:03.5205048Z CloudEvents: Disconnected. Reconnecting ... 1759356758.8186076
2025-10-01T22:38:03.5205350Z CloudEvents: Reconnected. 1759356758.9188323
2025-10-01T22:38:03.5205644Z CloudEvents: Disconnected. Reconnecting ... 1759356865.9015565
2025-10-01T22:38:03.5205948Z CloudEvents: Reconnected. 1759356866.0017254
2025-10-01T22:38:03.5206246Z CloudEvents: Disconnected. Reconnecting ... 1759356866.2102556
2025-10-01T22:38:03.5206547Z CloudEvents: Reconnected. 1759356866.3104057
2025-10-01T22:38:03.5206849Z CloudEvents: Disconnected. Reconnecting ... 1759356874.241475
2025-10-01T22:38:03.5207156Z CloudEvents: Reconnected. 1759356874.3416467
2025-10-01T22:38:03.5207449Z CloudEvents: Disconnected. Reconnecting ... 1759356880.010247
2025-10-01T22:38:03.5207757Z CloudEvents: Reconnected. 1759356880.1104467
2025-10-01T22:38:03.5208046Z CloudEvents: Disconnected. Reconnecting ... 1759356884.272503
2025-10-01T22:38:03.5208349Z CloudEvents: Reconnected. 1759356884.3726578
2025-10-01T22:38:03.5208652Z CloudEvents: Disconnected. Reconnecting ... 1759356884.6315274
2025-10-01T22:38:03.5208952Z CloudEvents: Reconnected. 1759356884.7316892
2025-10-01T22:38:03.5209249Z CloudEvents: Disconnected. Reconnecting ... 1759356902.6953669
2025-10-01T22:38:03.5209551Z CloudEvents: Reconnected. 1759356902.7955215
2025-10-01T22:38:03.5209841Z CloudEvents: Disconnected. Reconnecting ... 1759356902.9908283
2025-10-01T22:38:03.5210145Z CloudEvents: Reconnected. 1759356903.0909867
2025-10-01T22:38:03.5210442Z CloudEvents: Disconnected. Reconnecting ... 1759356903.2978344
2025-10-01T22:38:03.5210740Z CloudEvents: Reconnected. 1759356903.3979805
2025-10-01T22:38:03.5211038Z CloudEvents: Disconnected. Reconnecting ... 1759356917.5367613
2025-10-01T22:38:03.5211344Z CloudEvents: Reconnected. 1759356917.6369612
2025-10-01T22:38:03.5211738Z CloudEvents: Disconnected. Reconnecting ... 1759356963.1031225
2025-10-01T22:38:03.5212167Z CloudEvents: Reconnected. 1759356963.2032988
2025-10-01T22:38:03.5212628Z CloudEvents: Disconnected. Reconnecting ... 1759356975.1585202
2025-10-01T22:38:03.5212931Z CloudEvents: Reconnected. 1759356975.258694
2025-10-01T22:38:03.5213236Z CloudEvents: Disconnected. Reconnecting ... 1759356992.0219376
2025-10-01T22:38:03.5213536Z CloudEvents: Reconnected. 1759356992.1221082
2025-10-01T22:38:03.5213833Z CloudEvents: Disconnected. Reconnecting ... 1759357022.957801
2025-10-01T22:38:03.5214136Z CloudEvents: Reconnected. 1759357023.05798
2025-10-01T22:38:03.5214426Z CloudEvents: Disconnected. Reconnecting ... 1759357023.273272
2025-10-01T22:38:03.5214729Z CloudEvents: Reconnected. 1759357023.3734279
2025-10-01T22:38:03.5215023Z CloudEvents: Disconnected. Reconnecting ... 1759357073.134658
2025-10-01T22:38:03.5215322Z CloudEvents: Reconnected. 1759357073.2348566
2025-10-01T22:38:03.5215618Z CloudEvents: Disconnected. Reconnecting ... 1759357083.922592
2025-10-01T22:38:03.5215922Z CloudEvents: Reconnected. 1759357084.022761
2025-10-01T22:38:03.5216213Z CloudEvents: Disconnected. Reconnecting ... 1759357148.1718824
2025-10-01T22:38:03.5216522Z CloudEvents: Reconnected. 1759357148.272065
2025-10-01T22:38:03.5216826Z CloudEvents: Disconnected. Reconnecting ... 1759357148.5063193
2025-10-01T22:38:03.5217141Z CloudEvents: Reconnected. 1759357148.6065238
2025-10-01T22:38:03.5217435Z CloudEvents: Disconnected. Reconnecting ... 1759357148.8016317
2025-10-01T22:38:03.5217741Z CloudEvents: Reconnected. 1759357148.901829
2025-10-01T22:38:03.5218037Z CloudEvents: Disconnected. Reconnecting ... 1759357178.3371134
2025-10-01T22:38:03.5218339Z CloudEvents: Reconnected. 1759357178.4372935
2025-10-01T22:38:03.5218638Z CloudEvents: Disconnected. Reconnecting ... 1759357190.4301047
2025-10-01T22:38:03.5218942Z CloudEvents: Reconnected. 1759357190.5302746
2025-10-01T22:38:03.5219353Z CloudEvents: Disconnected. Reconnecting ... 1759357358.6715853
2025-10-01T22:38:03.5219662Z CloudEvents: Reconnected. 1759357358.7717624
2025-10-01T22:38:03.5219959Z CloudEvents: Disconnected. Reconnecting ... 1759357388.6996617
2025-10-01T22:38:03.5220263Z CloudEvents: Reconnected. 1759357388.7998352
2025-10-01T22:38:03.5220559Z CloudEvents: Disconnected. Reconnecting ... 1759357389.0023644
2025-10-01T22:38:03.5220862Z CloudEvents: Reconnected. 1759357389.1025493
2025-10-01T22:38:03.5221157Z CloudEvents: Disconnected. Reconnecting ... 1759357389.332796
2025-10-01T22:38:03.5221459Z CloudEvents: Reconnected. 1759357389.4329767
2025-10-01T22:38:03.5221862Z CloudEvents: Disconnected. Reconnecting ... 1759357460.306071
2025-10-01T22:38:03.5222162Z CloudEvents: Reconnected. 1759357460.4062781
2025-10-01T22:38:03.5222464Z CloudEvents: Disconnected. Reconnecting ... 1759357671.5394335
2025-10-01T22:38:03.5222759Z CloudEvents: Reconnected. 1759357671.6395962
2025-10-01T22:38:03.5223061Z CloudEvents: Disconnected. Reconnecting ... 1759357733.3680778
2025-10-01T22:38:03.5223363Z CloudEvents: Reconnected. 1759357733.468277
2025-10-01T22:38:03.5223654Z CloudEvents: Disconnected. Reconnecting ... 1759357794.7482631
2025-10-01T22:38:03.5223963Z CloudEvents: Reconnected. 1759357794.8484874
2025-10-01T22:38:03.5224258Z CloudEvents: Disconnected. Reconnecting ... 1759357812.8035266
2025-10-01T22:38:03.5224556Z CloudEvents: Reconnected. 1759357812.9037054
2025-10-01T22:38:03.5224854Z CloudEvents: Disconnected. Reconnecting ... 1759357872.3605895
2025-10-01T22:38:03.5225149Z CloudEvents: Reconnected. 1759357872.460799
2025-10-01T22:38:03.5225443Z CloudEvents: Disconnected. Reconnecting ... 1759358145.0366256
2025-10-01T22:38:03.5225746Z CloudEvents: Reconnected. 1759358145.13679
2025-10-01T22:38:03.5226040Z CloudEvents: Disconnected. Reconnecting ... 1759358254.16434
2025-10-01T22:38:03.5226345Z CloudEvents: Reconnected. 1759358254.2645183
2025-10-01T22:38:03.5226645Z CloudEvents: Disconnected. Reconnecting ... 1759358254.607807
2025-10-01T22:38:03.5226946Z CloudEvents: Reconnected. 1759358254.7079594
2025-10-01T22:38:03.5227244Z CloudEvents: Disconnected. Reconnecting ... 1759358262.4326992
2025-10-01T22:38:03.5227547Z CloudEvents: Reconnected. 1759358262.532889
2025-10-01T22:38:03.5229669Z CloudEvents: Disconnected. Reconnecting ... 1759358283.2022927
2025-10-01T22:38:03.5229987Z CloudEvents: Reconnected. 1759358283.3024619
2025-10-01T23:31:12.7675623Z CloudEvents: Disconnected. Reconnecting ... 1759358283.5166018
2025-10-01T23:31:12.7676537Z CloudEvents: Reconnected. 1759358283.6168244
2025-10-01T23:31:12.7677276Z CloudEvents: Disconnected. Reconnecting ... 1759358288.5863998
2025-10-01T23:31:12.7678029Z CloudEvents: Reconnected. 1759358288.6865482
2025-10-01T23:31:12.7678610Z CloudEvents: Disconnected. Reconnecting ... 1759358293.1585197
2025-10-01T23:31:12.7679207Z CloudEvents: Reconnected. 1759358293.2587028
2025-10-01T23:31:12.7679737Z CloudEvents: Disconnected. Reconnecting ... 1759358305.397799
2025-10-01T23:31:12.7680146Z CloudEvents: Reconnected. 1759358305.4979992
2025-10-01T23:31:12.7680520Z CloudEvents: Disconnected. Reconnecting ... 1759358305.7490804
2025-10-01T23:31:12.7680900Z CloudEvents: Reconnected. 1759358305.8492475
2025-10-01T23:31:12.7681281Z CloudEvents: Disconnected. Reconnecting ... 1759358439.064064
2025-10-01T23:31:12.7681959Z CloudEvents: Reconnected. 1759358439.1642668
2025-10-01T23:31:12.7682341Z CloudEvents: Disconnected. Reconnecting ... 1759358644.721941
2025-10-01T23:31:12.7682714Z CloudEvents: Reconnected. 1759358644.8221457
2025-10-01T23:31:12.7683080Z CloudEvents: Disconnected. Reconnecting ... 1759358654.150556
2025-10-01T23:31:12.7683452Z CloudEvents: Reconnected. 1759358654.25076
2025-10-01T23:31:12.7683817Z CloudEvents: Disconnected. Reconnecting ... 1759358718.0125675
2025-10-01T23:31:12.7684200Z CloudEvents: Reconnected. 1759358718.1127715
2025-10-01T23:31:12.7684562Z CloudEvents: Disconnected. Reconnecting ... 1759358718.32994
2025-10-01T23:31:12.7685312Z CloudEvents: Reconnected. 1759358718.4301271
2025-10-01T23:31:12.7685688Z CloudEvents: Disconnected. Reconnecting ... 1759358801.6432662
2025-10-01T23:31:12.7686061Z CloudEvents: Reconnected. 1759358801.7434347
2025-10-01T23:31:12.7686430Z CloudEvents: Disconnected. Reconnecting ... 1759358802.0136578
2025-10-01T23:31:12.7686826Z CloudEvents: Reconnected. 1759358802.1138258
2025-10-01T23:31:12.7687195Z CloudEvents: Disconnected. Reconnecting ... 1759358802.3357456
2025-10-01T23:31:12.7687573Z CloudEvents: Reconnected. 1759358802.43594
2025-10-01T23:31:12.7687937Z CloudEvents: Disconnected. Reconnecting ... 1759358808.8789985
2025-10-01T23:31:12.7688324Z CloudEvents: Reconnected. 1759358808.9791923
2025-10-01T23:31:12.7688692Z CloudEvents: Disconnected. Reconnecting ... 1759358812.5779507
2025-10-01T23:31:12.7689007Z CloudEvents: Reconnected. 1759358812.6781151
2025-10-01T23:31:12.7689312Z CloudEvents: Disconnected. Reconnecting ... 1759358812.8938913
2025-10-01T23:31:12.7689616Z CloudEvents: Reconnected. 1759358812.9940321
2025-10-01T23:31:12.7689919Z CloudEvents: Disconnected. Reconnecting ... 1759358813.209665
2025-10-01T23:31:12.7690450Z CloudEvents: Reconnected. 1759358813.3098433
2025-10-01T23:31:12.7690964Z CloudEvents: Disconnected. Reconnecting ... 1759358828.9873562
2025-10-01T23:31:12.7691464Z CloudEvents: Reconnected. 1759358829.087526
2025-10-01T23:31:12.7692217Z CloudEvents: Disconnected. Reconnecting ... 1759358829.2946332
2025-10-01T23:31:12.7692744Z CloudEvents: Reconnected. 1759358829.394822
2025-10-01T23:31:12.7693260Z CloudEvents: Disconnected. Reconnecting ... 1759358863.406108
2025-10-01T23:31:12.7693834Z CloudEvents: Reconnected. 1759358863.5062795
2025-10-01T23:31:12.7694406Z CloudEvents: Disconnected. Reconnecting ... 1759358954.081318
2025-10-01T23:31:12.7694989Z CloudEvents: Reconnected. 1759358954.1815145
2025-10-01T23:31:12.7695338Z CloudEvents: Disconnected. Reconnecting ... 1759359194.5482342
2025-10-01T23:31:12.7695654Z CloudEvents: Reconnected. 1759359194.648399
2025-10-01T23:31:12.7695970Z CloudEvents: Disconnected. Reconnecting ... 1759359223.9987698
2025-10-01T23:31:12.7696279Z CloudEvents: Reconnected. 1759359224.0989742
2025-10-01T23:31:12.7696577Z CloudEvents: Disconnected. Reconnecting ... 1759359263.9880064
2025-10-01T23:31:12.7697127Z CloudEvents: Reconnected. 1759359264.0882459
2025-10-01T23:31:12.7697431Z CloudEvents: Disconnected. Reconnecting ... 1759359304.247502
2025-10-01T23:31:12.7697733Z CloudEvents: Reconnected. 1759359304.3476653
2025-10-01T23:31:12.7698033Z CloudEvents: Disconnected. Reconnecting ... 1759359304.5514808
2025-10-01T23:31:12.7698335Z CloudEvents: Reconnected. 1759359304.6516483
2025-10-01T23:31:12.7698631Z CloudEvents: Disconnected. Reconnecting ... 1759359304.887046
2025-10-01T23:31:12.7698943Z CloudEvents: Reconnected. 1759359304.987234
2025-10-01T23:31:12.7699250Z CloudEvents: Disconnected. Reconnecting ... 1759359329.6497626
2025-10-01T23:31:12.7699569Z CloudEvents: Reconnected. 1759359329.7499268
2025-10-01T23:31:12.7699879Z CloudEvents: Disconnected. Reconnecting ... 1759359388.0308514
2025-10-01T23:31:12.7700184Z CloudEvents: Reconnected. 1759359388.1310503
2025-10-01T23:31:12.7700490Z CloudEvents: Disconnected. Reconnecting ... 1759359474.655402
2025-10-01T23:31:12.7700795Z CloudEvents: Reconnected. 1759359474.755556
2025-10-01T23:31:12.7701100Z CloudEvents: Disconnected. Reconnecting ... 1759359477.8394918
2025-10-01T23:31:12.7701417Z CloudEvents: Reconnected. 1759359477.9396822
2025-10-01T23:31:12.7701994Z CloudEvents: Disconnected. Reconnecting ... 1759359544.2084272
2025-10-01T23:31:12.7702302Z CloudEvents: Reconnected. 1759359544.3085902
2025-10-01T23:31:12.7702605Z CloudEvents: Disconnected. Reconnecting ... 1759359566.3429356
2025-10-01T23:31:12.7702908Z CloudEvents: Reconnected. 1759359566.4430869
2025-10-01T23:31:12.7703208Z CloudEvents: Disconnected. Reconnecting ... 1759359566.66241
2025-10-01T23:31:12.7703514Z CloudEvents: Reconnected. 1759359566.7625556
2025-10-01T23:31:12.7703806Z CloudEvents: Disconnected. Reconnecting ... 1759359587.8496275
2025-10-01T23:31:12.7704247Z CloudEvents: Reconnected. 1759359587.9498026
2025-10-01T23:31:12.7704552Z CloudEvents: Disconnected. Reconnecting ... 1759359667.4997962
2025-10-01T23:31:12.7704856Z CloudEvents: Reconnected. 1759359667.5999863
2025-10-01T23:31:12.7705159Z CloudEvents: Disconnected. Reconnecting ... 1759359667.8189235
2025-10-01T23:31:12.7705462Z CloudEvents: Reconnected. 1759359667.9191334
2025-10-01T23:31:12.7705755Z CloudEvents: Disconnected. Reconnecting ... 1759359805.7189236
2025-10-01T23:31:12.7706064Z CloudEvents: Reconnected. 1759359805.8191268
2025-10-01T23:31:12.7706364Z CloudEvents: Disconnected. Reconnecting ... 1759359936.1143472
2025-10-01T23:31:12.7706665Z CloudEvents: Reconnected. 1759359936.2145193
2025-10-01T23:31:12.7706966Z CloudEvents: Disconnected. Reconnecting ... 1759359944.3414798
2025-10-01T23:31:12.7707263Z CloudEvents: Reconnected. 1759359944.4416373
2025-10-01T23:31:12.7707560Z CloudEvents: Disconnected. Reconnecting ... 1759359944.6351151
2025-10-01T23:31:12.7707871Z CloudEvents: Reconnected. 1759359944.7352614
2025-10-01T23:31:12.7708173Z CloudEvents: Disconnected. Reconnecting ... 1759359975.185591
2025-10-01T23:31:12.7708476Z CloudEvents: Reconnected. 1759359975.285788
2025-10-01T23:31:12.7708776Z CloudEvents: Disconnected. Reconnecting ... 1759360093.008343
2025-10-01T23:31:12.7709074Z CloudEvents: Reconnected. 1759360093.10851
2025-10-01T23:31:12.7709389Z CloudEvents: Disconnected. Reconnecting ... 1759360093.586127
2025-10-01T23:31:12.7709691Z CloudEvents: Reconnected. 1759360093.686261
2025-10-01T23:31:12.7709984Z CloudEvents: Disconnected. Reconnecting ... 1759360154.171069
2025-10-01T23:31:12.7710288Z CloudEvents: Reconnected. 1759360154.2712293
2025-10-01T23:31:12.7710585Z CloudEvents: Disconnected. Reconnecting ... 1759360180.0843165
2025-10-01T23:31:12.7710884Z CloudEvents: Reconnected. 1759360180.1844578
2025-10-01T23:31:12.7711183Z CloudEvents: Disconnected. Reconnecting ... 1759360245.7444394
2025-10-01T23:31:12.7711481Z CloudEvents: Reconnected. 1759360245.8446112
2025-10-01T23:31:12.7711975Z CloudEvents: Disconnected. Reconnecting ... 1759360246.0558627
2025-10-01T23:31:12.7712279Z CloudEvents: Reconnected. 1759360246.1560602
2025-10-01T23:31:12.7712570Z CloudEvents: Disconnected. Reconnecting ... 1759360263.2493002
2025-10-01T23:31:12.7713004Z CloudEvents: Reconnected. 1759360263.3494616
2025-10-01T23:31:12.7713300Z CloudEvents: Disconnected. Reconnecting ... 1759360581.9409688
2025-10-01T23:31:12.7713596Z CloudEvents: Reconnected. 1759360582.041128
2025-10-01T23:31:12.7713891Z CloudEvents: Disconnected. Reconnecting ... 1759360804.5094912
2025-10-01T23:31:12.7714194Z CloudEvents: Reconnected. 1759360804.6096985
2025-10-01T23:31:12.7714486Z CloudEvents: Disconnected. Reconnecting ... 1759360812.5286825
2025-10-01T23:31:12.7714789Z CloudEvents: Reconnected. 1759360812.6288548
2025-10-01T23:31:12.7715086Z CloudEvents: Disconnected. Reconnecting ... 1759360872.5388794
2025-10-01T23:31:12.7715380Z CloudEvents: Reconnected. 1759360872.639048
2025-10-01T23:31:12.7715678Z CloudEvents: Disconnected. Reconnecting ... 1759360915.952767
2025-10-01T23:31:12.7715978Z CloudEvents: Reconnected. 1759360916.0529256
2025-10-01T23:31:12.7716276Z CloudEvents: Disconnected. Reconnecting ... 1759360940.2072978
2025-10-01T23:31:12.7716587Z CloudEvents: Reconnected. 1759360940.3074682
2025-10-01T23:31:12.7716889Z CloudEvents: Disconnected. Reconnecting ... 1759360967.4397776
2025-10-01T23:31:12.7717203Z CloudEvents: Reconnected. 1759360967.5399354
2025-10-01T23:31:12.7717506Z CloudEvents: Disconnected. Reconnecting ... 1759360974.2886703
2025-10-01T23:31:12.7717802Z CloudEvents: Reconnected. 1759360974.388831
2025-10-01T23:31:12.7718096Z CloudEvents: Disconnected. Reconnecting ... 1759360985.5098758
2025-10-01T23:31:12.7718403Z CloudEvents: Reconnected. 1759360985.6100318
2025-10-01T23:31:12.7718695Z CloudEvents: Disconnected. Reconnecting ... 1759361085.825553
2025-10-01T23:31:12.7718997Z CloudEvents: Reconnected. 1759361085.9257276
2025-10-01T23:31:12.7719410Z CloudEvents: Disconnected. Reconnecting ... 1759361113.5555878
2025-10-01T23:31:12.7719715Z CloudEvents: Reconnected. 1759361113.6557586
2025-10-01T23:31:12.7720011Z CloudEvents: Disconnected. Reconnecting ... 1759361119.986003
2025-10-01T23:31:12.7720308Z CloudEvents: Reconnected. 1759361120.08615
2025-10-01T23:31:12.7720613Z CloudEvents: Disconnected. Reconnecting ... 1759361120.2890997
2025-10-01T23:31:12.7720915Z CloudEvents: Reconnected. 1759361120.3892505
2025-10-01T23:31:12.7721212Z CloudEvents: Disconnected. Reconnecting ... 1759361120.5755165
2025-10-01T23:31:12.7721517Z CloudEvents: Reconnected. 1759361120.6756535
2025-10-01T23:31:12.7722052Z CloudEvents: Disconnected. Reconnecting ... 1759361126.8837488
2025-10-01T23:31:12.7722351Z CloudEvents: Reconnected. 1759361126.9839332
2025-10-01T23:31:12.7722647Z CloudEvents: Disconnected. Reconnecting ... 1759361138.1680658
2025-10-01T23:31:12.7722949Z CloudEvents: Reconnected. 1759361138.2682352
2025-10-01T23:31:12.7723240Z CloudEvents: Disconnected. Reconnecting ... 1759361150.285217
2025-10-01T23:31:12.7723548Z CloudEvents: Reconnected. 1759361150.3853712
2025-10-01T23:31:12.7723848Z CloudEvents: Disconnected. Reconnecting ... 1759361169.1102185
2025-10-01T23:31:12.7724145Z CloudEvents: Reconnected. 1759361169.2103763
2025-10-01T23:31:12.7724446Z CloudEvents: Disconnected. Reconnecting ... 1759361169.4015357
2025-10-01T23:31:12.7724744Z CloudEvents: Reconnected. 1759361169.5016694
2025-10-01T23:31:12.7725043Z CloudEvents: Disconnected. Reconnecting ... 1759361177.9620967
2025-10-01T23:31:12.7725344Z CloudEvents: Reconnected. 1759361178.0622737
2025-10-01T23:31:12.7725638Z CloudEvents: Disconnected. Reconnecting ... 1759361188.5256104
2025-10-01T23:31:12.7725942Z CloudEvents: Reconnected. 1759361188.6257775
2025-10-01T23:31:12.7726240Z CloudEvents: Disconnected. Reconnecting ... 1759361188.8115745
2025-10-01T23:31:12.7726537Z CloudEvents: Reconnected. 1759361188.9117577
2025-10-01T23:31:12.7726835Z CloudEvents: Disconnected. Reconnecting ... 1759361189.098151
2025-10-01T23:31:12.7727141Z CloudEvents: Reconnected. 1759361189.1983824
2025-10-01T23:31:12.7727437Z CloudEvents: Disconnected. Reconnecting ... 1759361301.9047172
2025-10-01T23:31:12.7727749Z CloudEvents: Reconnected. 1759361302.0048766
2025-10-01T23:31:12.7728180Z CloudEvents: Disconnected. Reconnecting ... 1759361341.5072136
2025-10-01T23:31:12.7728478Z CloudEvents: Reconnected. 1759361341.6073608
2025-10-01T23:31:12.7728779Z CloudEvents: Disconnected. Reconnecting ... 1759361341.8023963
2025-10-01T23:31:12.7729077Z CloudEvents: Reconnected. 1759361341.9025798
2025-10-01T23:31:12.7729375Z CloudEvents: Disconnected. Reconnecting ... 1759361342.2013059
2025-10-01T23:31:12.7729678Z CloudEvents: Reconnected. 1759361342.301499
2025-10-01T23:31:12.7729972Z CloudEvents: Disconnected. Reconnecting ... 1759361472.667055
2025-10-02T00:48:47.9521099Z CloudEvents: Reconnected.
2025-10-02T00:48:47.9575335Z Post job cleanup.
2025-10-02T00:48:48.0366560Z [command]/usr/bin/git version
2025-10-02T00:48:48.0403710Z git version 2.51.0
2025-10-02T00:48:48.0440804Z Temporarily overriding HOME='/home/runner/work/_temp/e731ce9c-07d8-4317-9f2b-2a16674b2b48' before making global git config changes
2025-10-02T00:48:48.0442355Z Adding repository directory to the temporary git global config as a safe directory
2025-10-02T00:48:48.0447305Z [command]/usr/bin/git config --global --add safe.directory /home/runner/work/scratchattach/scratchattach
2025-10-02T00:48:48.0484162Z [command]/usr/bin/git config --local --name-only --get-regexp core\.sshCommand
2025-10-02T00:48:48.0516057Z [command]/usr/bin/git submodule foreach --recursive sh -c "git config --local --name-only --get-regexp 'core\.sshCommand' && git config --local --unset-all 'core.sshCommand' || :"
2025-10-02T00:48:48.0739797Z [command]/usr/bin/git config --local --name-only --get-regexp http\.https\:\/\/github\.com\/\.extraheader
2025-10-02T00:48:48.0762243Z http.https://github.com/.extraheader
2025-10-02T00:48:48.0771907Z [command]/usr/bin/git config --local --unset-all http.https://github.com/.extraheader
2025-10-02T00:48:48.0803253Z [command]/usr/bin/git submodule foreach --recursive sh -c "git config --local --name-only --get-regexp 'http\.https\:\/\/github\.com\/\.extraheader' && git config --local --unset-all 'http.https://github.com/.extraheader' || :"
2025-10-02T00:48:48.1145543Z Post job cleanup.
2025-10-02T00:48:48.2301334Z (node:5855) [DEP0040] DeprecationWarning: The `punycode` module is deprecated. Please use a userland alternative instead.
2025-10-02T00:48:48.2304103Z (Use `node --trace-deprecation ...` to show where the warning was created)
2025-10-02T00:48:48.2430127Z Post job cleanup.
2025-10-02T00:48:48.3248041Z [command]/usr/bin/git version
2025-10-02T00:48:48.3287273Z git version 2.51.0
2025-10-02T00:48:48.3325979Z Temporarily overriding HOME='/home/runner/work/_temp/e7dc515d-f86f-4483-84ce-5e02cab26dbc' before making global git config changes
2025-10-02T00:48:48.3326874Z Adding repository directory to the temporary git global config as a safe directory
2025-10-02T00:48:48.3330885Z [command]/usr/bin/git config --global --add safe.directory /home/runner/work/scratchattach/scratchattach
2025-10-02T00:48:48.3364607Z [command]/usr/bin/git config --local --name-only --get-regexp core\.sshCommand
2025-10-02T00:48:48.3397661Z [command]/usr/bin/git submodule foreach --recursive sh -c "git config --local --name-only --get-regexp 'core\.sshCommand' && git config --local --unset-all 'core.sshCommand' || :"
2025-10-02T00:48:48.3619698Z [command]/usr/bin/git config --local --name-only --get-regexp http\.https\:\/\/github\.com\/\.extraheader
2025-10-02T00:48:48.3651355Z [command]/usr/bin/git submodule foreach --recursive sh -c "git config --local --name-only --get-regexp 'http\.https\:\/\/github\.com\/\.extraheader' && git config --local --unset-all 'http.https://github.com/.extraheader' || :"
2025-10-02T00:48:48.3982672Z Cleaning up orphan processes
