2025-12-22T01:59:33.9041791Z Current runner version: '2.330.0'
2025-12-22T01:59:33.9075275Z ##[group]Runner Image Provisioner
2025-12-22T01:59:33.9076507Z Hosted Compute Agent
2025-12-22T01:59:33.9077294Z Version: 20251211.462
2025-12-22T01:59:33.9078236Z Commit: 6cbad8c2bb55d58165063d031ccabf57e2d2db61
2025-12-22T01:59:33.9079327Z Build Date: 2025-12-11T16:28:49Z
2025-12-22T01:59:33.9080296Z Worker ID: {b3c5d90f-dd5d-481b-99a4-2349c6380fd4}
2025-12-22T01:59:33.9081515Z ##[endgroup]
2025-12-22T01:59:33.9082402Z ##[group]Operating System
2025-12-22T01:59:33.9083265Z Ubuntu
2025-12-22T01:59:33.9083948Z 24.04.3
2025-12-22T01:59:33.9084638Z LTS
2025-12-22T01:59:33.9085342Z ##[endgroup]
2025-12-22T01:59:33.9086210Z ##[group]Runner Image
2025-12-22T01:59:33.9087116Z Image: ubuntu-24.04
2025-12-22T01:59:33.9087932Z Version: 20251215.174.1
2025-12-22T01:59:33.9089541Z Included Software: https://github.com/actions/runner-images/blob/ubuntu24/20251215.174/images/ubuntu/Ubuntu2404-Readme.md
2025-12-22T01:59:33.9092237Z Image Release: https://github.com/actions/runner-images/releases/tag/ubuntu24%2F20251215.174
2025-12-22T01:59:33.9093761Z ##[endgroup]
2025-12-22T01:59:33.9095482Z ##[group]GITHUB_TOKEN Permissions
2025-12-22T01:59:33.9098276Z Contents: write
2025-12-22T01:59:33.9099158Z Metadata: read
2025-12-22T01:59:33.9099871Z ##[endgroup]
2025-12-22T01:59:33.9102888Z Secret source: Actions
2025-12-22T01:59:33.9104021Z Prepare workflow directory
2025-12-22T01:59:33.9486526Z Prepare all required actions
2025-12-22T01:59:33.9542698Z Getting action download info
2025-12-22T01:59:34.3079074Z Download action repository 'actions/checkout@v6.0.1' (SHA:8e8c483db84b4bee98b60c0593521ed34d9990e8)
2025-12-22T01:59:34.3956178Z Download action repository 'pawanbahuguna/action-logs@v2.0.0' (SHA:2fb2206c1749d6d09b8799a05519c08ee503660d)
2025-12-22T01:59:34.8365477Z Complete job name: Download GH action logs
2025-12-22T01:59:34.8758529Z ##[group]Build container for action use: '/home/runner/work/_actions/pawanbahuguna/action-logs/v2.0.0/Dockerfile'.
2025-12-22T01:59:34.8816657Z ##[command]/usr/bin/docker build -t 9983cd:08a0a2041aac4a0fbeac25f8aa9c3ea7 -f "/home/runner/work/_actions/pawanbahuguna/action-logs/v2.0.0/Dockerfile" "/home/runner/work/_actions/pawanbahuguna/action-logs/v2.0.0"
2025-12-22T01:59:35.3678434Z #0 building with "default" instance using docker driver
2025-12-22T01:59:35.3679807Z 
2025-12-22T01:59:35.3680851Z #1 [internal] load build definition from Dockerfile
2025-12-22T01:59:35.3682824Z #1 transferring dockerfile: 347B done
2025-12-22T01:59:35.3684428Z #1 DONE 0.0s
2025-12-22T01:59:35.3685100Z 
2025-12-22T01:59:35.3686081Z #2 [auth] library/alpine:pull token for registry-1.docker.io
2025-12-22T01:59:35.5173622Z #2 DONE 0.0s
2025-12-22T01:59:35.5174305Z 
2025-12-22T01:59:35.5175259Z #3 [internal] load metadata for docker.io/library/alpine:latest
2025-12-22T01:59:35.7418697Z #3 DONE 0.5s
2025-12-22T01:59:35.8573378Z 
2025-12-22T01:59:35.8574851Z #4 [internal] load .dockerignore
2025-12-22T01:59:35.8577155Z #4 transferring context: 2B done
2025-12-22T01:59:35.8578221Z #4 DONE 0.0s
2025-12-22T01:59:35.8578848Z 
2025-12-22T01:59:35.8579327Z #5 [internal] load build context
2025-12-22T01:59:35.8580463Z #5 transferring context: 2.53kB done
2025-12-22T01:59:35.8581743Z #5 DONE 0.0s
2025-12-22T01:59:35.8582306Z 
2025-12-22T01:59:35.8583993Z #6 [1/4] FROM docker.io/library/alpine:latest@sha256:865b95f46d98cf867a156fe4a135ad3fe50d2056aa3f25ed31662dff6da4eb62
2025-12-22T01:59:35.8587647Z #6 resolve docker.io/library/alpine:latest@sha256:865b95f46d98cf867a156fe4a135ad3fe50d2056aa3f25ed31662dff6da4eb62 done
2025-12-22T01:59:35.8591691Z #6 extracting sha256:1074353eec0db2c1d81d5af2671e56e00cf5738486f5762609ea33d606f88612
2025-12-22T01:59:35.8595206Z #6 sha256:e7b39c54cdeca0d2aae83114bb605753a5f5bc511fe8be7590e38f6d9f915dad 611B / 611B done
2025-12-22T01:59:35.8599505Z #6 sha256:1074353eec0db2c1d81d5af2671e56e00cf5738486f5762609ea33d606f88612 3.86MB / 3.86MB 0.1s done
2025-12-22T01:59:35.8602667Z #6 sha256:865b95f46d98cf867a156fe4a135ad3fe50d2056aa3f25ed31662dff6da4eb62 9.22kB / 9.22kB done
2025-12-22T01:59:35.8607255Z #6 sha256:1882fa4569e0c591ea092d3766c4893e19b8901a8e649de7067188aba3cc0679 1.02kB / 1.02kB done
2025-12-22T01:59:36.0824668Z #6 extracting sha256:1074353eec0db2c1d81d5af2671e56e00cf5738486f5762609ea33d606f88612 0.1s done
2025-12-22T01:59:36.0827389Z #6 DONE 0.2s
2025-12-22T01:59:36.0827952Z 
2025-12-22T01:59:36.0828578Z #7 [2/4] RUN apk update && apk add --no-cache curl jq
2025-12-22T01:59:36.4076504Z #7 0.475 v3.23.2-19-g4d93eb940e1 [https://dl-cdn.alpinelinux.org/alpine/v3.23/main]
2025-12-22T01:59:36.4080622Z #7 0.475 v3.23.2-22-g579532e3b58 [https://dl-cdn.alpinelinux.org/alpine/v3.23/community]
2025-12-22T01:59:36.4083803Z #7 0.475 OK: 27558 distinct packages available
2025-12-22T01:59:36.7555326Z #7 0.824 ( 1/12) Installing brotli-libs (1.2.0-r0)
2025-12-22T01:59:36.8598218Z #7 0.838 ( 2/12) Installing c-ares (1.34.6-r0)
2025-12-22T01:59:36.8600669Z #7 0.846 ( 3/12) Installing libunistring (1.4.1-r0)
2025-12-22T01:59:36.8602775Z #7 0.863 ( 4/12) Installing libidn2 (2.3.8-r0)
2025-12-22T01:59:36.8604611Z #7 0.869 ( 5/12) Installing nghttp2-libs (1.68.0-r0)
2025-12-22T01:59:36.8606931Z #7 0.876 ( 6/12) Installing nghttp3 (1.13.1-r0)
2025-12-22T01:59:36.8609454Z #7 0.881 ( 7/12) Installing libpsl (0.21.5-r3)
2025-12-22T01:59:36.8612066Z #7 0.888 ( 8/12) Installing zstd-libs (1.5.7-r2)
2025-12-22T01:59:36.8614762Z #7 0.898 ( 9/12) Installing libcurl (8.17.0-r1)
2025-12-22T01:59:36.8616972Z #7 0.908 (10/12) Installing curl (8.17.0-r1)
2025-12-22T01:59:36.8619055Z #7 0.915 (11/12) Installing oniguruma (6.9.10-r0)
2025-12-22T01:59:36.8621266Z #7 0.922 (12/12) Installing jq (1.8.1-r0)
2025-12-22T01:59:36.8623516Z #7 0.928 Executing busybox-1.37.0-r30.trigger
2025-12-22T01:59:37.0471863Z #7 0.935 OK: 14.1 MiB in 28 packages
2025-12-22T01:59:37.0472645Z #7 DONE 1.0s
2025-12-22T01:59:37.0472870Z 
2025-12-22T01:59:37.0473439Z #8 [3/4] COPY entrypoint.sh /entrypoint.sh
2025-12-22T01:59:37.0474335Z #8 DONE 0.0s
2025-12-22T01:59:37.0474612Z 
2025-12-22T01:59:37.0474765Z #9 [4/4] RUN chmod +x /entrypoint.sh
2025-12-22T01:59:37.0475097Z #9 DONE 0.1s
2025-12-22T01:59:37.1995659Z 
2025-12-22T01:59:37.1996460Z #10 exporting to image
2025-12-22T01:59:37.1997089Z #10 exporting layers
2025-12-22T01:59:38.0100519Z #10 exporting layers 1.0s done
2025-12-22T01:59:38.0269389Z #10 writing image sha256:8780f90d8771b14a38b88e0d360e3d86940b54bacfe078bf244fc7217c35dd0f done
2025-12-22T01:59:38.0270482Z #10 naming to docker.io/library/9983cd:08a0a2041aac4a0fbeac25f8aa9c3ea7 done
2025-12-22T01:59:38.0271115Z #10 DONE 1.0s
2025-12-22T01:59:38.0314882Z ##[endgroup]
2025-12-22T01:59:38.0572543Z ##[group]Run actions/checkout@v6.0.1
2025-12-22T01:59:38.0573199Z with:
2025-12-22T01:59:38.0573569Z   repository: Boss-1s/scratchattach
2025-12-22T01:59:38.0574170Z   token: ***
2025-12-22T01:59:38.0574392Z   ssh-strict: true
2025-12-22T01:59:38.0574739Z   ssh-user: git
2025-12-22T01:59:38.0574997Z   persist-credentials: true
2025-12-22T01:59:38.0575298Z   clean: true
2025-12-22T01:59:38.0575626Z   sparse-checkout-cone-mode: true
2025-12-22T01:59:38.0575948Z   fetch-depth: 1
2025-12-22T01:59:38.0576216Z   fetch-tags: false
2025-12-22T01:59:38.0576535Z   show-progress: true
2025-12-22T01:59:38.0576765Z   lfs: false
2025-12-22T01:59:38.0577011Z   submodules: false
2025-12-22T01:59:38.0577267Z   set-safe-directory: true
2025-12-22T01:59:38.0577752Z ##[endgroup]
2025-12-22T01:59:38.1469682Z Syncing repository: Boss-1s/scratchattach
2025-12-22T01:59:38.1471487Z ##[group]Getting Git version info
2025-12-22T01:59:38.1472150Z Working directory is '/home/runner/work/scratchattach/scratchattach'
2025-12-22T01:59:38.1473164Z [command]/usr/bin/git version
2025-12-22T01:59:38.1473504Z git version 2.52.0
2025-12-22T01:59:38.1585274Z ##[endgroup]
2025-12-22T01:59:38.1589840Z Temporarily overriding HOME='/home/runner/work/_temp/65427185-29ae-4c54-8ac6-ca888fe9eb7b' before making global git config changes
2025-12-22T01:59:38.1590527Z Adding repository directory to the temporary git global config as a safe directory
2025-12-22T01:59:38.1591243Z [command]/usr/bin/git config --global --add safe.directory /home/runner/work/scratchattach/scratchattach
2025-12-22T01:59:38.1592434Z Deleting the contents of '/home/runner/work/scratchattach/scratchattach'
2025-12-22T01:59:38.1592976Z ##[group]Initializing the repository
2025-12-22T01:59:38.1593313Z [command]/usr/bin/git init /home/runner/work/scratchattach/scratchattach
2025-12-22T01:59:38.1625792Z hint: Using 'master' as the name for the initial branch. This default branch name
2025-12-22T01:59:38.1626653Z hint: will change to "main" in Git 3.0. To configure the initial branch name
2025-12-22T01:59:38.1627099Z hint: to use in all of your new repositories, which will suppress this warning,
2025-12-22T01:59:38.1627419Z hint: call:
2025-12-22T01:59:38.1627589Z hint:
2025-12-22T01:59:38.1627841Z hint: 	git config --global init.defaultBranch <name>
2025-12-22T01:59:38.1628118Z hint:
2025-12-22T01:59:38.1628540Z hint: Names commonly chosen instead of 'master' are 'main', 'trunk' and
2025-12-22T01:59:38.1629222Z hint: 'development'. The just-created branch can be renamed via this command:
2025-12-22T01:59:38.1629543Z hint:
2025-12-22T01:59:38.1629790Z hint: 	git branch -m <name>
2025-12-22T01:59:38.1630126Z hint:
2025-12-22T01:59:38.1630575Z hint: Disable this message with "git config set advice.defaultBranchName false"
2025-12-22T01:59:38.1631838Z Initialized empty Git repository in /home/runner/work/scratchattach/scratchattach/.git/
2025-12-22T01:59:38.1637957Z [command]/usr/bin/git remote add origin https://github.com/Boss-1s/scratchattach
2025-12-22T01:59:38.1667272Z ##[endgroup]
2025-12-22T01:59:38.1667909Z ##[group]Disabling automatic garbage collection
2025-12-22T01:59:38.1672021Z [command]/usr/bin/git config --local gc.auto 0
2025-12-22T01:59:38.1694222Z ##[endgroup]
2025-12-22T01:59:38.1694769Z ##[group]Setting up auth
2025-12-22T01:59:38.1695706Z Removing SSH command configuration
2025-12-22T01:59:38.1702148Z [command]/usr/bin/git config --local --name-only --get-regexp core\.sshCommand
2025-12-22T01:59:38.1727110Z [command]/usr/bin/git submodule foreach --recursive sh -c "git config --local --name-only --get-regexp 'core\.sshCommand' && git config --local --unset-all 'core.sshCommand' || :"
2025-12-22T01:59:38.1997626Z Removing HTTP extra header
2025-12-22T01:59:38.2003589Z [command]/usr/bin/git config --local --name-only --get-regexp http\.https\:\/\/github\.com\/\.extraheader
2025-12-22T01:59:38.2028645Z [command]/usr/bin/git submodule foreach --recursive sh -c "git config --local --name-only --get-regexp 'http\.https\:\/\/github\.com\/\.extraheader' && git config --local --unset-all 'http.https://github.com/.extraheader' || :"
2025-12-22T01:59:38.2197030Z Removing includeIf entries pointing to credentials config files
2025-12-22T01:59:38.2204493Z [command]/usr/bin/git config --local --name-only --get-regexp ^includeIf\.gitdir:
2025-12-22T01:59:38.2231171Z [command]/usr/bin/git submodule foreach --recursive git config --local --show-origin --name-only --get-regexp remote.origin.url
2025-12-22T01:59:38.2400887Z [command]/usr/bin/git config --file /home/runner/work/_temp/git-credentials-303787c4-c798-4c4a-bcd3-14e12fdd0182.config http.https://github.com/.extraheader AUTHORIZATION: basic ***
2025-12-22T01:59:38.2432070Z [command]/usr/bin/git config --local includeIf.gitdir:/home/runner/work/scratchattach/scratchattach/.git.path /home/runner/work/_temp/git-credentials-303787c4-c798-4c4a-bcd3-14e12fdd0182.config
2025-12-22T01:59:38.2456991Z [command]/usr/bin/git config --local includeIf.gitdir:/home/runner/work/scratchattach/scratchattach/.git/worktrees/*.path /home/runner/work/_temp/git-credentials-303787c4-c798-4c4a-bcd3-14e12fdd0182.config
2025-12-22T01:59:38.2479189Z [command]/usr/bin/git config --local includeIf.gitdir:/github/workspace/.git.path /github/runner_temp/git-credentials-303787c4-c798-4c4a-bcd3-14e12fdd0182.config
2025-12-22T01:59:38.2502003Z [command]/usr/bin/git config --local includeIf.gitdir:/github/workspace/.git/worktrees/*.path /github/runner_temp/git-credentials-303787c4-c798-4c4a-bcd3-14e12fdd0182.config
2025-12-22T01:59:38.2522467Z ##[endgroup]
2025-12-22T01:59:38.2522932Z ##[group]Fetching the repository
2025-12-22T01:59:38.2531255Z [command]/usr/bin/git -c protocol.version=2 fetch --no-tags --prune --no-recurse-submodules --depth=1 origin +57b37eef886a9826e2fe8d6baae0021ea87ca898:refs/remotes/origin/main
2025-12-22T01:59:40.8503021Z From https://github.com/Boss-1s/scratchattach
2025-12-22T01:59:40.8503782Z  * [new ref]         57b37eef886a9826e2fe8d6baae0021ea87ca898 -> origin/main
2025-12-22T01:59:40.8528066Z ##[endgroup]
2025-12-22T01:59:40.8528437Z ##[group]Determining the checkout info
2025-12-22T01:59:40.8530265Z ##[endgroup]
2025-12-22T01:59:40.8535137Z [command]/usr/bin/git sparse-checkout disable
2025-12-22T01:59:40.8574675Z [command]/usr/bin/git config --local --unset-all extensions.worktreeConfig
2025-12-22T01:59:40.8595676Z ##[group]Checking out the ref
2025-12-22T01:59:40.8600097Z [command]/usr/bin/git checkout --progress --force -B main refs/remotes/origin/main
2025-12-22T01:59:41.4439665Z Switched to a new branch 'main'
2025-12-22T01:59:41.4440227Z branch 'main' set up to track 'origin/main'.
2025-12-22T01:59:41.4472562Z ##[endgroup]
2025-12-22T01:59:41.4505771Z [command]/usr/bin/git log -1 --format=%H
2025-12-22T01:59:41.4525212Z 57b37eef886a9826e2fe8d6baae0021ea87ca898
2025-12-22T01:59:41.4680231Z ##[group]Run pawanbahuguna/action-logs@v2.0.0
2025-12-22T01:59:41.4680483Z env:
2025-12-22T01:59:41.4681057Z   GH_TOKEN: ***
2025-12-22T01:59:41.4681245Z   GH_REPO: Boss-1s/scratchattach
2025-12-22T01:59:41.4681743Z   LOGS_DIR: .logs
2025-12-22T01:59:41.4681915Z ##[endgroup]
2025-12-22T01:59:41.4771155Z ##[command]/usr/bin/docker run --name cd08a0a2041aac4a0fbeac25f8aa9c3ea7_f35a46 --label 9983cd --workdir /github/workspace --rm -e "GH_TOKEN" -e "GH_REPO" -e "LOGS_DIR" -e "HOME" -e "GITHUB_JOB" -e "GITHUB_REF" -e "GITHUB_SHA" -e "GITHUB_REPOSITORY" -e "GITHUB_REPOSITORY_OWNER" -e "GITHUB_REPOSITORY_OWNER_ID" -e "GITHUB_RUN_ID" -e "GITHUB_RUN_NUMBER" -e "GITHUB_RETENTION_DAYS" -e "GITHUB_RUN_ATTEMPT" -e "GITHUB_ACTOR_ID" -e "GITHUB_ACTOR" -e "GITHUB_WORKFLOW" -e "GITHUB_HEAD_REF" -e "GITHUB_BASE_REF" -e "GITHUB_EVENT_NAME" -e "GITHUB_SERVER_URL" -e "GITHUB_API_URL" -e "GITHUB_GRAPHQL_URL" -e "GITHUB_REF_NAME" -e "GITHUB_REF_PROTECTED" -e "GITHUB_REF_TYPE" -e "GITHUB_WORKFLOW_REF" -e "GITHUB_WORKFLOW_SHA" -e "GITHUB_REPOSITORY_ID" -e "GITHUB_TRIGGERING_ACTOR" -e "GITHUB_WORKSPACE" -e "GITHUB_ACTION" -e "GITHUB_EVENT_PATH" -e "GITHUB_ACTION_REPOSITORY" -e "GITHUB_ACTION_REF" -e "GITHUB_PATH" -e "GITHUB_ENV" -e "GITHUB_STEP_SUMMARY" -e "GITHUB_STATE" -e "GITHUB_OUTPUT" -e "RUNNER_OS" -e "RUNNER_ARCH" -e "RUNNER_NAME" -e "RUNNER_ENVIRONMENT" -e "RUNNER_TOOL_CACHE" -e "RUNNER_TEMP" -e "RUNNER_WORKSPACE" -e "ACTIONS_RUNTIME_URL" -e "ACTIONS_RUNTIME_TOKEN" -e "ACTIONS_CACHE_URL" -e "ACTIONS_RESULTS_URL" -e GITHUB_ACTIONS=true -e CI=true -v "/var/run/docker.sock":"/var/run/docker.sock" -v "/home/runner/work/_temp":"/github/runner_temp" -v "/home/runner/work/_temp/_github_home":"/github/home" -v "/home/runner/work/_temp/_github_workflow":"/github/workflow" -v "/home/runner/work/_temp/_runner_file_commands":"/github/file_commands" -v "/home/runner/work/scratchattach/scratchattach":"/github/workspace" 9983cd:08a0a2041aac4a0fbeac25f8aa9c3ea7
2025-12-22T01:59:41.8303023Z Will only process 24hrs logs before or equal to 2025-12-21T01:59:41Z
2025-12-22T01:59:41.8303666Z Searching Workflow Runs
2025-12-22T01:59:44.3215039Z Fetching Job IDs
2025-12-22T01:59:47.6604162Z mkdir: can't create directory '.logs': File exists
2025-12-22T01:59:47.6608556Z Writing logs for job 58668305364
2025-12-22T01:59:47.8107100Z Writing logs for job 58668127251
2025-12-22T01:59:47.9622691Z Writing logs for job 58656169934
2025-12-22T01:59:48.3405532Z Writing logs for job 58655654887
2025-12-22T01:59:48.6380808Z Writing logs for job 58655038720
2025-12-22T01:59:48.8880733Z Writing logs for job 58646329377
2025-12-22T01:59:49.2771916Z Writing logs for job 58645299069
2025-12-22T01:59:49.6828737Z Writing logs for job 58636840244
2025-12-22T01:59:50.0813023Z Writing logs for job 58636168610
2025-12-22T01:59:50.4081660Z Writing logs for job 58635648392
2025-12-22T01:59:50.7977581Z Writing logs for job 58631149819
2025-12-22T01:59:51.1325717Z Writing logs for job 58628494764
2025-12-22T01:59:51.4163601Z Writing logs for job 58628493793
2025-12-22T01:59:51.9681051Z Writing logs for job 58628493796
2025-12-22T01:59:52.2797107Z Writing logs for job 58628480853
2025-12-22T01:59:52.5989665Z Logs Downloaded and saved!
2025-12-22T01:59:52.5990126Z Starting cleanup
2025-12-22T01:59:52.5995277Z cleanup Completed!!
2025-12-22T01:59:52.6618952Z ##[group]Run git config --global user.name 'Boss_1s [via Actions]'
2025-12-22T01:59:52.6619544Z [36;1mgit config --global user.name 'Boss_1s [via Actions]'[0m
2025-12-22T01:59:52.6620048Z [36;1mgit config --global user.email 'Boss-1s[auto]@users.noreply.github.com'[0m
2025-12-22T01:59:52.6620455Z [36;1m[0m
2025-12-22T01:59:52.6620635Z [36;1mgit pull origin main[0m
2025-12-22T01:59:52.6620866Z [36;1m[0m
2025-12-22T01:59:52.6621081Z [36;1mGIT_STATUS_OUTPUT=$(git status --porcelain)[0m
2025-12-22T01:59:52.6621548Z [36;1m[0m
2025-12-22T01:59:52.6621743Z [36;1mif [ -z "$GIT_STATUS_OUTPUT" ]; then[0m
2025-12-22T01:59:52.6622055Z [36;1m  echo "Git working tree is clean (no uncommitted changes)."[0m
2025-12-22T01:59:52.6622340Z [36;1m  exit 0[0m
2025-12-22T01:59:52.6622514Z [36;1melse[0m
2025-12-22T01:59:52.6622722Z [36;1m  echo "Git working tree has uncommitted changes:"[0m
2025-12-22T01:59:52.6622996Z [36;1m  echo "$GIT_STATUS_OUTPUT"[0m
2025-12-22T01:59:52.6623309Z [36;1m  echo "These changes will be pushed to the main branch."[0m
2025-12-22T01:59:52.6623575Z [36;1mfi[0m
2025-12-22T01:59:52.6623729Z [36;1m[0m
2025-12-22T01:59:52.6623872Z [36;1mgit add .[0m
2025-12-22T01:59:52.6624074Z [36;1mgit commit -m "[BOT] Download Logs"[0m
2025-12-22T01:59:52.6624305Z [36;1mgit push origin main[0m
2025-12-22T01:59:52.6648243Z shell: /usr/bin/bash -e {0}
2025-12-22T01:59:52.6648489Z ##[endgroup]
2025-12-22T01:59:52.8363540Z From https://github.com/Boss-1s/scratchattach
2025-12-22T01:59:52.8364095Z  * branch            main       -> FETCH_HEAD
2025-12-22T01:59:52.8423614Z Already up to date.
2025-12-22T01:59:53.2814429Z Git working tree has uncommitted changes:
2025-12-22T01:59:53.2815006Z ?? .logs/logs-58628480853-2025-12-22.txt
2025-12-22T01:59:53.2815350Z ?? .logs/logs-58628493793-2025-12-22.txt
2025-12-22T01:59:53.2815621Z ?? .logs/logs-58628493796-2025-12-22.txt
2025-12-22T01:59:53.2815889Z ?? .logs/logs-58628494764-2025-12-22.txt
2025-12-22T01:59:53.2816177Z ?? .logs/logs-58631149819-2025-12-22.txt
2025-12-22T01:59:53.2816472Z ?? .logs/logs-58635648392-2025-12-22.txt
2025-12-22T01:59:53.2816730Z ?? .logs/logs-58636168610-2025-12-22.txt
2025-12-22T01:59:53.2816994Z ?? .logs/logs-58636840244-2025-12-22.txt
2025-12-22T01:59:53.2817251Z ?? .logs/logs-58645299069-2025-12-22.txt
2025-12-22T01:59:53.2817502Z ?? .logs/logs-58646329377-2025-12-22.txt
2025-12-22T01:59:53.2817770Z ?? .logs/logs-58655038720-2025-12-22.txt
2025-12-22T01:59:53.2818041Z ?? .logs/logs-58655654887-2025-12-22.txt
2025-12-22T01:59:53.2818299Z ?? .logs/logs-58656169934-2025-12-22.txt
2025-12-22T01:59:53.2818561Z ?? .logs/logs-58668127251-2025-12-22.txt
2025-12-22T01:59:53.2818817Z ?? .logs/logs-58668305364-2025-12-22.txt
2025-12-22T01:59:53.2819116Z These changes will be pushed to the main branch.
2025-12-22T01:59:53.3272182Z [main 9ad4821] [BOT] Download Logs
2025-12-22T01:59:53.3272513Z  15 files changed, 24564 insertions(+)
2025-12-22T01:59:53.3272873Z  create mode 100644 .logs/logs-58628480853-2025-12-22.txt
2025-12-22T01:59:53.3273247Z  create mode 100644 .logs/logs-58628493793-2025-12-22.txt
2025-12-22T01:59:53.3273609Z  create mode 100644 .logs/logs-58628493796-2025-12-22.txt
2025-12-22T01:59:53.3273959Z  create mode 100644 .logs/logs-58628494764-2025-12-22.txt
2025-12-22T01:59:53.3274306Z  create mode 100644 .logs/logs-58631149819-2025-12-22.txt
2025-12-22T01:59:53.3274645Z  create mode 100644 .logs/logs-58635648392-2025-12-22.txt
2025-12-22T01:59:53.3275202Z  create mode 100644 .logs/logs-58636168610-2025-12-22.txt
2025-12-22T01:59:53.3275585Z  create mode 100644 .logs/logs-58636840244-2025-12-22.txt
2025-12-22T01:59:53.3275922Z  create mode 100644 .logs/logs-58645299069-2025-12-22.txt
2025-12-22T01:59:53.3276265Z  create mode 100644 .logs/logs-58646329377-2025-12-22.txt
2025-12-22T01:59:53.3276601Z  create mode 100644 .logs/logs-58655038720-2025-12-22.txt
2025-12-22T01:59:53.3276948Z  create mode 100644 .logs/logs-58655654887-2025-12-22.txt
2025-12-22T01:59:53.3277432Z  create mode 100644 .logs/logs-58656169934-2025-12-22.txt
2025-12-22T01:59:53.3277779Z  create mode 100644 .logs/logs-58668127251-2025-12-22.txt
2025-12-22T01:59:53.3278121Z  create mode 100644 .logs/logs-58668305364-2025-12-22.txt
2025-12-22T01:59:54.0295122Z To https://github.com/Boss-1s/scratchattach
2025-12-22T01:59:54.0295486Z    57b37ee..9ad4821  main -> main
2025-12-22T01:59:54.0395273Z Post job cleanup.
2025-12-22T01:59:54.1139372Z [command]/usr/bin/git version
2025-12-22T01:59:54.1171838Z git version 2.52.0
2025-12-22T01:59:54.1199194Z Copying '/home/runner/.gitconfig' to '/home/runner/work/_temp/dfeb82af-5e4c-49cd-9a3a-4c1541d9291a/.gitconfig'
2025-12-22T01:59:54.1207312Z Temporarily overriding HOME='/home/runner/work/_temp/dfeb82af-5e4c-49cd-9a3a-4c1541d9291a' before making global git config changes
2025-12-22T01:59:54.1208265Z Adding repository directory to the temporary git global config as a safe directory
2025-12-22T01:59:54.1211936Z [command]/usr/bin/git config --global --add safe.directory /home/runner/work/scratchattach/scratchattach
2025-12-22T01:59:54.1236928Z Removing SSH command configuration
2025-12-22T01:59:54.1242479Z [command]/usr/bin/git config --local --name-only --get-regexp core\.sshCommand
2025-12-22T01:59:54.1269368Z [command]/usr/bin/git submodule foreach --recursive sh -c "git config --local --name-only --get-regexp 'core\.sshCommand' && git config --local --unset-all 'core.sshCommand' || :"
2025-12-22T01:59:54.1439419Z Removing HTTP extra header
2025-12-22T01:59:54.1444288Z [command]/usr/bin/git config --local --name-only --get-regexp http\.https\:\/\/github\.com\/\.extraheader
2025-12-22T01:59:54.1469551Z [command]/usr/bin/git submodule foreach --recursive sh -c "git config --local --name-only --get-regexp 'http\.https\:\/\/github\.com\/\.extraheader' && git config --local --unset-all 'http.https://github.com/.extraheader' || :"
2025-12-22T01:59:54.1635800Z Removing includeIf entries pointing to credentials config files
2025-12-22T01:59:54.1642168Z [command]/usr/bin/git config --local --name-only --get-regexp ^includeIf\.gitdir:
2025-12-22T01:59:54.1661107Z includeif.gitdir:/home/runner/work/scratchattach/scratchattach/.git.path
2025-12-22T01:59:54.1661857Z includeif.gitdir:/home/runner/work/scratchattach/scratchattach/.git/worktrees/*.path
2025-12-22T01:59:54.1662293Z includeif.gitdir:/github/workspace/.git.path
2025-12-22T01:59:54.1662626Z includeif.gitdir:/github/workspace/.git/worktrees/*.path
2025-12-22T01:59:54.1669767Z [command]/usr/bin/git config --local --get-all includeif.gitdir:/home/runner/work/scratchattach/scratchattach/.git.path
2025-12-22T01:59:54.1686368Z /home/runner/work/_temp/git-credentials-303787c4-c798-4c4a-bcd3-14e12fdd0182.config
2025-12-22T01:59:54.1695504Z [command]/usr/bin/git config --local --unset includeif.gitdir:/home/runner/work/scratchattach/scratchattach/.git.path /home/runner/work/_temp/git-credentials-303787c4-c798-4c4a-bcd3-14e12fdd0182.config
2025-12-22T01:59:54.1720652Z [command]/usr/bin/git config --local --get-all includeif.gitdir:/home/runner/work/scratchattach/scratchattach/.git/worktrees/*.path
2025-12-22T01:59:54.1737219Z /home/runner/work/_temp/git-credentials-303787c4-c798-4c4a-bcd3-14e12fdd0182.config
2025-12-22T01:59:54.1745416Z [command]/usr/bin/git config --local --unset includeif.gitdir:/home/runner/work/scratchattach/scratchattach/.git/worktrees/*.path /home/runner/work/_temp/git-credentials-303787c4-c798-4c4a-bcd3-14e12fdd0182.config
2025-12-22T01:59:54.1769789Z [command]/usr/bin/git config --local --get-all includeif.gitdir:/github/workspace/.git.path
2025-12-22T01:59:54.1786617Z /github/runner_temp/git-credentials-303787c4-c798-4c4a-bcd3-14e12fdd0182.config
2025-12-22T01:59:54.1793026Z [command]/usr/bin/git config --local --unset includeif.gitdir:/github/workspace/.git.path /github/runner_temp/git-credentials-303787c4-c798-4c4a-bcd3-14e12fdd0182.config
2025-12-22T01:59:54.1817857Z [command]/usr/bin/git config --local --get-all includeif.gitdir:/github/workspace/.git/worktrees/*.path
2025-12-22T01:59:54.1834792Z /github/runner_temp/git-credentials-303787c4-c798-4c4a-bcd3-14e12fdd0182.config
2025-12-22T01:59:54.1841640Z [command]/usr/bin/git config --local --unset includeif.gitdir:/github/workspace/.git/worktrees/*.path /github/runner_temp/git-credentials-303787c4-c798-4c4a-bcd3-14e12fdd0182.config
2025-12-22T01:59:54.1865742Z [command]/usr/bin/git submodule foreach --recursive git config --local --show-origin --name-only --get-regexp remote.origin.url
2025-12-22T01:59:54.2029286Z Removing credentials config '/home/runner/work/_temp/git-credentials-303787c4-c798-4c4a-bcd3-14e12fdd0182.config'
2025-12-22T01:59:54.2134782Z Cleaning up orphan processes
