2025-09-06T15:47:08.0585744Z Current runner version: '2.328.0'
2025-09-06T15:47:08.0618890Z ##[group]Runner Image Provisioner
2025-09-06T15:47:08.0620246Z Hosted Compute Agent
2025-09-06T15:47:08.0621164Z Version: 20250829.383
2025-09-06T15:47:08.0622228Z Commit: 27cb235aab5b0e52e153a26cd86b4742e89dac5d
2025-09-06T15:47:08.0623599Z Build Date: 2025-08-29T13:48:48Z
2025-09-06T15:47:08.0624612Z ##[endgroup]
2025-09-06T15:47:08.0625585Z ##[group]Operating System
2025-09-06T15:47:08.0626934Z Ubuntu
2025-09-06T15:47:08.0627858Z 24.04.3
2025-09-06T15:47:08.0628627Z LTS
2025-09-06T15:47:08.0629489Z ##[endgroup]
2025-09-06T15:47:08.0630302Z ##[group]Runner Image
2025-09-06T15:47:08.0631370Z Image: ubuntu-24.04
2025-09-06T15:47:08.0632344Z Version: 20250831.1.0
2025-09-06T15:47:08.0634199Z Included Software: https://github.com/actions/runner-images/blob/ubuntu24/20250831.1/images/ubuntu/Ubuntu2404-Readme.md
2025-09-06T15:47:08.0637149Z Image Release: https://github.com/actions/runner-images/releases/tag/ubuntu24%2F20250831.1
2025-09-06T15:47:08.0638975Z ##[endgroup]
2025-09-06T15:47:08.0641236Z ##[group]GITHUB_TOKEN Permissions
2025-09-06T15:47:08.0644300Z Actions: read
2025-09-06T15:47:08.0645141Z Contents: read
2025-09-06T15:47:08.0646092Z Metadata: read
2025-09-06T15:47:08.0647220Z Packages: read
2025-09-06T15:47:08.0648079Z SecurityEvents: write
2025-09-06T15:47:08.0648966Z ##[endgroup]
2025-09-06T15:47:08.0651970Z Secret source: Actions
2025-09-06T15:47:08.0653378Z Prepare workflow directory
2025-09-06T15:47:08.1373370Z Prepare all required actions
2025-09-06T15:47:08.1428896Z Getting action download info
2025-09-06T15:47:08.3860209Z Download action repository 'actions/checkout@v4' (SHA:08eba0b27e820071cde6df949e0beb9ba4906955)
2025-09-06T15:47:08.5534485Z Download action repository 'github/codeql-action@v3' (SHA:f1f6e5f6af878fb37288ce1c627459e94dbf7d01)
2025-09-06T15:47:09.1443262Z Complete job name: Analyze (python)
2025-09-06T15:47:09.2082289Z ##[group]Run actions/checkout@v4
2025-09-06T15:47:09.2083226Z with:
2025-09-06T15:47:09.2083667Z   repository: Boss-1s/scratchattach
2025-09-06T15:47:09.2084398Z   token: ***
2025-09-06T15:47:09.2084799Z   ssh-strict: true
2025-09-06T15:47:09.2085213Z   ssh-user: git
2025-09-06T15:47:09.2085628Z   persist-credentials: true
2025-09-06T15:47:09.2086099Z   clean: true
2025-09-06T15:47:09.2086681Z   sparse-checkout-cone-mode: true
2025-09-06T15:47:09.2087192Z   fetch-depth: 1
2025-09-06T15:47:09.2087599Z   fetch-tags: false
2025-09-06T15:47:09.2088012Z   show-progress: true
2025-09-06T15:47:09.2088433Z   lfs: false
2025-09-06T15:47:09.2088822Z   submodules: false
2025-09-06T15:47:09.2089269Z   set-safe-directory: true
2025-09-06T15:47:09.2089982Z env:
2025-09-06T15:47:09.2090402Z   CODE_SCANNING_REF: refs/heads/main
2025-09-06T15:47:09.2090927Z   CODE_SCANNING_BASE_BRANCH: 
2025-09-06T15:47:09.2091462Z   CODE_SCANNING_IS_ANALYZING_DEFAULT_BRANCH: true
2025-09-06T15:47:09.2092159Z   CODE_SCANNING_IS_STEADY_STATE_DEFAULT_SETUP: true
2025-09-06T15:47:09.2102763Z   CODE_SCANNING_WORKFLOW_FILE: H4sIAAAAAAAA/6RV32/bNhB+919x8AakfZDzsD0JKFDFURJvhp1aCrqsKAiaOslcZFLlD6dql/99oEjX0hrPGZqn8Pjdx7v7Pp0F3WIM46ks8N18PFJWRD7089evUHGzsesJ7lCYCReNNXrCZIFEMyoEFxVRVhCHh6enkRQxFK2gW85GIxS7eAQwXV6mJJsmi8VscU1W6dWLibF0nP9muEiylFysksX05qVMa6qRrBUVbPMc4ywjySKZ3//pDpfpVXI3z//nC1wTKmjdfnGHAktqa/PfL2Z5mlzekyxP8vTbo1ma393GYJTF73LeL1e/X82X78nVbJ6+tK5HqR7KWj6SktedQqO/5Fo7WXy56P4F8HonPgSvHPeWGsU/T2oqKksrl/u6gyordOR0dqBSye1v2XLxKqCVFQLVa98yQINqy7XmUmj/DgBlpjuCQlqEGJPCoDDDYEPZA61wGNTIrOKmjbqWdQyPihsc7Um4sBhJEaFSUsVQ0lr7S20UNVi1+ypKyuuopNr0QRB63oMAuGC1LfAQAIhgP5F430vvFoC5d6RqYzj/BnwOt7a8LqKtLDAGIQUOLv0YYzj7MLZrK4yNampQm/HHsyOlNK3ZSHGykmdgP1SINtgEaaNgoukG2YO0BhQ2UnMjVRsorXZqhmGcs4B7u/t1NCCYCW44rfkXBL+SBune8ufO5Z/qyJOdc8HN290vAfjIzeYg2b537R37va1Hz02iBz2E++ACGxQFCtZGjLINF5VP8hOboNhxJcUWhYE3b+DMlx1tpDZYnPWJPllU3FU3HsNPcOlXRxdtQdu9u4PDS17F8HdPorBqIo3GNvFAO6mqYQDANVFH7svSMXx44QrxoyZdFjw9wcceqdkopKYbTt1Rhtu9lpkrCxolP7dQSgUKK66N6zeQ8CL216dF1oYqE3XgY1of6AlTWKBwRgrCa2QKjZ5cz/KbuwuySq9nWb6apRm5XS3/uO9LcvisjjhmaNhbVKVU2+BWv0U116c7Civ40E34xfR/bvu/m/vqyM0yy0Mf7pObdGOYSGs6wboTcebqtzEguF2uThI0Uh0nmCZkmq7y2dVsmuTpKSpGCUNleMndGjpKereaZ6eorKr1gWAo+GHH9ZTaB13SPwEAAP//ZjEj+9wIAAA=
2025-09-06T15:47:09.2113858Z ##[endgroup]
2025-09-06T15:47:09.3223207Z Syncing repository: Boss-1s/scratchattach
2025-09-06T15:47:09.3226440Z ##[group]Getting Git version info
2025-09-06T15:47:09.3228146Z Working directory is '/home/runner/work/scratchattach/scratchattach'
2025-09-06T15:47:09.3230057Z [command]/usr/bin/git version
2025-09-06T15:47:09.3327797Z git version 2.51.0
2025-09-06T15:47:09.3354327Z ##[endgroup]
2025-09-06T15:47:09.3370228Z Temporarily overriding HOME='/home/runner/work/_temp/05882aad-6a9f-493a-ba86-db4bba07b0f7' before making global git config changes
2025-09-06T15:47:09.3373039Z Adding repository directory to the temporary git global config as a safe directory
2025-09-06T15:47:09.3384016Z [command]/usr/bin/git config --global --add safe.directory /home/runner/work/scratchattach/scratchattach
2025-09-06T15:47:09.3421155Z Deleting the contents of '/home/runner/work/scratchattach/scratchattach'
2025-09-06T15:47:09.3424889Z ##[group]Initializing the repository
2025-09-06T15:47:09.3429876Z [command]/usr/bin/git init /home/runner/work/scratchattach/scratchattach
2025-09-06T15:47:09.3566997Z hint: Using 'master' as the name for the initial branch. This default branch name
2025-09-06T15:47:09.3568438Z hint: is subject to change. To configure the initial branch name to use in all
2025-09-06T15:47:09.3569420Z hint: of your new repositories, which will suppress this warning, call:
2025-09-06T15:47:09.3570395Z hint:
2025-09-06T15:47:09.3571305Z hint: 	git config --global init.defaultBranch <name>
2025-09-06T15:47:09.3571965Z hint:
2025-09-06T15:47:09.3573020Z hint: Names commonly chosen instead of 'master' are 'main', 'trunk' and
2025-09-06T15:47:09.3574915Z hint: 'development'. The just-created branch can be renamed via this command:
2025-09-06T15:47:09.3576957Z hint:
2025-09-06T15:47:09.3577890Z hint: 	git branch -m <name>
2025-09-06T15:47:09.3578825Z hint:
2025-09-06T15:47:09.3579964Z hint: Disable this message with "git config set advice.defaultBranchName false"
2025-09-06T15:47:09.3582076Z Initialized empty Git repository in /home/runner/work/scratchattach/scratchattach/.git/
2025-09-06T15:47:09.3585440Z [command]/usr/bin/git remote add origin https://github.com/Boss-1s/scratchattach
2025-09-06T15:47:09.3622460Z ##[endgroup]
2025-09-06T15:47:09.3623801Z ##[group]Disabling automatic garbage collection
2025-09-06T15:47:09.3627380Z [command]/usr/bin/git config --local gc.auto 0
2025-09-06T15:47:09.3655895Z ##[endgroup]
2025-09-06T15:47:09.3657557Z ##[group]Setting up auth
2025-09-06T15:47:09.3663568Z [command]/usr/bin/git config --local --name-only --get-regexp core\.sshCommand
2025-09-06T15:47:09.3693988Z [command]/usr/bin/git submodule foreach --recursive sh -c "git config --local --name-only --get-regexp 'core\.sshCommand' && git config --local --unset-all 'core.sshCommand' || :"
2025-09-06T15:47:09.4077510Z [command]/usr/bin/git config --local --name-only --get-regexp http\.https\:\/\/github\.com\/\.extraheader
2025-09-06T15:47:09.4107489Z [command]/usr/bin/git submodule foreach --recursive sh -c "git config --local --name-only --get-regexp 'http\.https\:\/\/github\.com\/\.extraheader' && git config --local --unset-all 'http.https://github.com/.extraheader' || :"
2025-09-06T15:47:09.4322619Z [command]/usr/bin/git config --local http.https://github.com/.extraheader AUTHORIZATION: basic ***
2025-09-06T15:47:09.4363431Z ##[endgroup]
2025-09-06T15:47:09.4364899Z ##[group]Fetching the repository
2025-09-06T15:47:09.4373375Z [command]/usr/bin/git -c protocol.version=2 fetch --no-tags --prune --no-recurse-submodules --depth=1 origin +99c89e669ea2b1b23b0aab930319c5d8172f432b:refs/remotes/origin/main
2025-09-06T15:47:09.7168751Z From https://github.com/Boss-1s/scratchattach
2025-09-06T15:47:09.7170123Z  * [new ref]         99c89e669ea2b1b23b0aab930319c5d8172f432b -> origin/main
2025-09-06T15:47:09.7210777Z ##[endgroup]
2025-09-06T15:47:09.7212180Z ##[group]Determining the checkout info
2025-09-06T15:47:09.7213872Z ##[endgroup]
2025-09-06T15:47:09.7217638Z [command]/usr/bin/git sparse-checkout disable
2025-09-06T15:47:09.7264267Z [command]/usr/bin/git config --local --unset-all extensions.worktreeConfig
2025-09-06T15:47:09.7291348Z ##[group]Checking out the ref
2025-09-06T15:47:09.7294538Z [command]/usr/bin/git checkout --progress --force -B main refs/remotes/origin/main
2025-09-06T15:47:09.7843831Z Switched to a new branch 'main'
2025-09-06T15:47:09.7845395Z branch 'main' set up to track 'origin/main'.
2025-09-06T15:47:09.7857241Z ##[endgroup]
2025-09-06T15:47:09.7893994Z [command]/usr/bin/git log -1 --format=%H
2025-09-06T15:47:09.7917379Z 99c89e669ea2b1b23b0aab930319c5d8172f432b
2025-09-06T15:47:09.8268374Z ##[group]Run github/codeql-action/init@v3
2025-09-06T15:47:09.8269587Z with:
2025-09-06T15:47:09.8270375Z   languages: python
2025-09-06T15:47:09.8271253Z   build-mode: none
2025-09-06T15:47:09.8272161Z   dependency-caching: true
2025-09-06T15:47:09.8273594Z   config: default-setup:
  org:
    model-packs: [  ]
threat-models: [  ]

2025-09-06T15:47:09.8275231Z   analysis-kinds: code-scanning
2025-09-06T15:47:09.8276689Z   token: ***
2025-09-06T15:47:09.8278518Z   matrix: {
  "language": "python",
  "category": "/language:python",
  "build-mode": "none",
  "runner": "[\"ubuntu-latest\"]"
}
2025-09-06T15:47:09.8280644Z   debug: false
2025-09-06T15:47:09.8281453Z env:
2025-09-06T15:47:09.8282248Z   CODE_SCANNING_REF: refs/heads/main
2025-09-06T15:47:09.8283393Z   CODE_SCANNING_BASE_BRANCH: 
2025-09-06T15:47:09.8284551Z   CODE_SCANNING_IS_ANALYZING_DEFAULT_BRANCH: true
2025-09-06T15:47:09.8285955Z   CODE_SCANNING_IS_STEADY_STATE_DEFAULT_SETUP: true
2025-09-06T15:47:09.8311417Z   CODE_SCANNING_WORKFLOW_FILE: H4sIAAAAAAAA/6RV32/bNhB+919x8AakfZDzsD0JKFDFURJvhp1aCrqsKAiaOslcZFLlD6dql/99oEjX0hrPGZqn8Pjdx7v7Pp0F3WIM46ks8N18PFJWRD7089evUHGzsesJ7lCYCReNNXrCZIFEMyoEFxVRVhCHh6enkRQxFK2gW85GIxS7eAQwXV6mJJsmi8VscU1W6dWLibF0nP9muEiylFysksX05qVMa6qRrBUVbPMc4ywjySKZ3//pDpfpVXI3z//nC1wTKmjdfnGHAktqa/PfL2Z5mlzekyxP8vTbo1ma393GYJTF73LeL1e/X82X78nVbJ6+tK5HqR7KWj6SktedQqO/5Fo7WXy56P4F8HonPgSvHPeWGsU/T2oqKksrl/u6gyordOR0dqBSye1v2XLxKqCVFQLVa98yQINqy7XmUmj/DgBlpjuCQlqEGJPCoDDDYEPZA61wGNTIrOKmjbqWdQyPihsc7Um4sBhJEaFSUsVQ0lr7S20UNVi1+ypKyuuopNr0QRB63oMAuGC1LfAQAIhgP5F430vvFoC5d6RqYzj/BnwOt7a8LqKtLDAGIQUOLv0YYzj7MLZrK4yNampQm/HHsyOlNK3ZSHGykmdgP1SINtgEaaNgoukG2YO0BhQ2UnMjVRsorXZqhmGcs4B7u/t1NCCYCW44rfkXBL+SBune8ufO5Z/qyJOdc8HN290vAfjIzeYg2b537R37va1Hz02iBz2E++ACGxQFCtZGjLINF5VP8hOboNhxJcUWhYE3b+DMlx1tpDZYnPWJPllU3FU3HsNPcOlXRxdtQdu9u4PDS17F8HdPorBqIo3GNvFAO6mqYQDANVFH7svSMXx44QrxoyZdFjw9wcceqdkopKYbTt1Rhtu9lpkrCxolP7dQSgUKK66N6zeQ8CL216dF1oYqE3XgY1of6AlTWKBwRgrCa2QKjZ5cz/KbuwuySq9nWb6apRm5XS3/uO9LcvisjjhmaNhbVKVU2+BWv0U116c7Civ40E34xfR/bvu/m/vqyM0yy0Mf7pObdGOYSGs6wboTcebqtzEguF2uThI0Uh0nmCZkmq7y2dVsmuTpKSpGCUNleMndGjpKereaZ6eorKr1gWAo+GHH9ZTaB13SPwEAAP//ZjEj+9wIAAA=
2025-09-06T15:47:09.8336956Z ##[endgroup]
2025-09-06T15:47:09.9846171Z Job run UUID is fd491f46-2ba0-4f38-bf43-c6550078eaa4.
2025-09-06T15:47:10.5419359Z ##[group]Setup CodeQL tools
2025-09-06T15:47:10.5459909Z [command]/usr/bin/tar --version
2025-09-06T15:47:10.5491334Z tar (GNU tar) 1.35
2025-09-06T15:47:10.5492533Z Copyright (C) 2023 Free Software Foundation, Inc.
2025-09-06T15:47:10.5494236Z License GPLv3+: GNU GPL version 3 or later <https://gnu.org/licenses/gpl.html>.
2025-09-06T15:47:10.5496025Z This is free software: you are free to change and redistribute it.
2025-09-06T15:47:10.5497827Z There is NO WARRANTY, to the extent permitted by law.
2025-09-06T15:47:10.5498686Z 
2025-09-06T15:47:10.5499095Z Written by John Gilmore and Jay Fenlason.
2025-09-06T15:47:10.5500566Z Found gnu tar version 1.35.
2025-09-06T15:47:10.5534068Z Did not find CodeQL tools version 2.23.0 in the toolcache.
2025-09-06T15:47:10.5538502Z Using CodeQL CLI version 2.23.0 sourced from https://github.com/github/codeql-action/releases/download/codeql-bundle-v2.23.0/codeql-bundle-linux64.tar.zst .
2025-09-06T15:47:10.5544814Z Downloading CodeQL tools from https://github.com/github/codeql-action/releases/download/codeql-bundle-v2.23.0/codeql-bundle-linux64.tar.zst . This may take a while.
2025-09-06T15:47:10.5548679Z Streaming the extraction of the CodeQL bundle.
2025-09-06T15:47:14.6781670Z [command]tar -x --zstd --ignore-zeros --warning=no-unknown-keyword --overwrite -f - -C /opt/hostedtoolcache/CodeQL/2.23.0/x64
2025-09-06T15:47:14.6783018Z Finished downloading and extracting CodeQL bundle to /opt/hostedtoolcache/CodeQL/2.23.0/x64 (4.1s).
2025-09-06T15:47:14.6783893Z Created toolcache marker file /opt/hostedtoolcache/CodeQL/2.23.0/x64.complete
2025-09-06T15:47:15.3075258Z [command]/opt/hostedtoolcache/CodeQL/2.23.0/x64/codeql/codeql version --format=json
2025-09-06T15:47:15.9152508Z {
2025-09-06T15:47:15.9152988Z   "productName" : "CodeQL",
2025-09-06T15:47:15.9153446Z   "vendor" : "GitHub",
2025-09-06T15:47:15.9153807Z   "version" : "2.23.0",
2025-09-06T15:47:15.9154205Z   "sha" : "407f5b2b71c60a8014fac9861a292050cb059ce6",
2025-09-06T15:47:15.9154667Z   "branches" : [
2025-09-06T15:47:15.9155031Z     "codeql-cli-2.23.0"
2025-09-06T15:47:15.9155374Z   ],
2025-09-06T15:47:15.9155754Z   "copyright" : "Copyright (C) 2019-2025 GitHub, Inc.",
2025-09-06T15:47:15.9156181Z   "unpackedLocation" : "/opt/hostedtoolcache/CodeQL/2.23.0/x64/codeql",
2025-09-06T15:47:15.9156941Z   "configFileLocation" : "/home/runner/.config/codeql/config",
2025-09-06T15:47:15.9157560Z   "configFileFound" : false,
2025-09-06T15:47:15.9157926Z   "overlayVersion" : 4,
2025-09-06T15:47:15.9158261Z   "features" : {
2025-09-06T15:47:15.9158600Z     "analysisSummaryV2Default" : true,
2025-09-06T15:47:15.9159057Z     "buildModeOption" : true,
2025-09-06T15:47:15.9159479Z     "bundleSupportsIncludeDiagnostics" : true,
2025-09-06T15:47:15.9160043Z     "bundleSupportsIncludeLogs" : true,
2025-09-06T15:47:15.9160650Z     "databaseInterpretResultsSupportsSarifRunProperty" : true,
2025-09-06T15:47:15.9161253Z     "featuresInVersionResult" : true,
2025-09-06T15:47:15.9161808Z     "indirectTracingSupportsStaticBinaries" : false,
2025-09-06T15:47:15.9162387Z     "informsAboutUnsupportedPathFilters" : true,
2025-09-06T15:47:15.9162882Z     "supportsPython312" : true,
2025-09-06T15:47:15.9163270Z     "mrvaPackCreate" : true,
2025-09-06T15:47:15.9163667Z     "threatModelOption" : true,
2025-09-06T15:47:15.9164093Z     "traceCommandUseBuildMode" : true,
2025-09-06T15:47:15.9164558Z     "v2ramSizing" : true,
2025-09-06T15:47:15.9164946Z     "mrvaPackCreateMultipleQueries" : true,
2025-09-06T15:47:15.9165391Z     "setsCodeqlRunnerEnvVar" : true,
2025-09-06T15:47:15.9165839Z     "sarifMergeRunsFromEqualCategory" : true,
2025-09-06T15:47:15.9166274Z     "forceOverwrite" : true,
2025-09-06T15:47:15.9166856Z     "generateSummarySymbolMap" : true,
2025-09-06T15:47:15.9167205Z     "pythonDefaultIsToNotExtractStdlib" : true,
2025-09-06T15:47:15.9167478Z     "queryServerRunQueries" : true,
2025-09-06T15:47:15.9229794Z     "queryServerTrimCacheWithMode" : true,
2025-09-06T15:47:15.9230480Z     "resolveLanguagesFilterToLanguagesWithQueries" : true
2025-09-06T15:47:15.9231049Z   }
2025-09-06T15:47:15.9231292Z }
2025-09-06T15:47:15.9287691Z ##[endgroup]
2025-09-06T15:47:15.9288264Z ##[group]Validating workflow
2025-09-06T15:47:15.9330897Z Detected no issues with the code scanning workflow.
2025-09-06T15:47:15.9331635Z ##[endgroup]
2025-09-06T15:47:15.9334144Z ##[group]Load language configuration
2025-09-06T15:47:15.9344003Z [command]/opt/hostedtoolcache/CodeQL/2.23.0/x64/codeql/codeql resolve languages --format=betterjson --extractor-options-verbosity=4 --extractor-include-aliases
2025-09-06T15:47:16.8328214Z {
2025-09-06T15:47:16.8332520Z   "aliases" : {
2025-09-06T15:47:16.8336739Z     "c" : "cpp",
2025-09-06T15:47:16.8338258Z     "c++" : "cpp",
2025-09-06T15:47:16.8340101Z     "c-c++" : "cpp",
2025-09-06T15:47:16.8340677Z     "c-cpp" : "cpp",
2025-09-06T15:47:16.8341549Z     "c#" : "csharp",
2025-09-06T15:47:16.8342095Z     "java-kotlin" : "java",
2025-09-06T15:47:16.8342686Z     "kotlin" : "java",
2025-09-06T15:47:16.8343545Z     "javascript-typescript" : "javascript",
2025-09-06T15:47:16.8369700Z     "typescript" : "javascript"
2025-09-06T15:47:16.8370344Z   },
2025-09-06T15:47:16.8370820Z   "extractors" : {
2025-09-06T15:47:16.8371312Z     "xml" : [
2025-09-06T15:47:16.8371759Z       {
2025-09-06T15:47:16.8372383Z         "extractor_root" : "/opt/hostedtoolcache/CodeQL/2.23.0/x64/codeql/xml"
2025-09-06T15:47:16.8373093Z       }
2025-09-06T15:47:16.8373637Z     ],
2025-09-06T15:47:16.8374134Z     "python" : [
2025-09-06T15:47:16.8374730Z       {
2025-09-06T15:47:16.8375522Z         "extractor_root" : "/opt/hostedtoolcache/CodeQL/2.23.0/x64/codeql/python",
2025-09-06T15:47:16.8376740Z         "extractor_options" : {
2025-09-06T15:47:16.8377763Z           "logging" : {
2025-09-06T15:47:16.8378476Z             "title" : "Options pertaining to logging.",
2025-09-06T15:47:16.8379280Z             "description" : "Options pertaining to logging.",
2025-09-06T15:47:16.8380051Z             "type" : "object",
2025-09-06T15:47:16.8380669Z             "properties" : {
2025-09-06T15:47:16.8381279Z               "verbosity" : {
2025-09-06T15:47:16.8381954Z                 "title" : "Python extractor logging verbosity level.",
2025-09-06T15:47:16.8383903Z                 "description" : "Controls the level of verbosity of the CodeQL Python extractor.\nThe supported levels are (in order of increasing verbosity):\n\n  - off\n  - errors\n  - warnings\n  - info or progress\n  - debug or progress+\n  - trace or progress++\n  - progress+++\n",
2025-09-06T15:47:16.8385945Z                 "type" : "string",
2025-09-06T15:47:16.8387168Z                 "pattern" : "^(off|errors|warnings|(info|progress)|(debug|progress\\+)|(trace|progress\\+\\+)|progress\\+\\+\\+)$"
2025-09-06T15:47:16.8388285Z               }
2025-09-06T15:47:16.8388597Z             }
2025-09-06T15:47:16.8388875Z           },
2025-09-06T15:47:16.8389185Z           "python_executable_name" : {
2025-09-06T15:47:16.8389846Z             "title" : "Controls the name of the Python executable used by the Python extractor.",
2025-09-06T15:47:16.8392213Z             "description" : "The Python extractor uses platform-dependent heuristics to determine the name of the Python executable to use. Specifying a value for this option overrides the name of the Python executable used by the extractor. Accepted values are py, python and python3. Use this setting with caution, the Python extractor requires Python 3 to run.\n",
2025-09-06T15:47:16.8394324Z             "type" : "string",
2025-09-06T15:47:16.8394722Z             "pattern" : "^(py|python|python3)$"
2025-09-06T15:47:16.8395125Z           }
2025-09-06T15:47:16.8395383Z         }
2025-09-06T15:47:16.8395627Z       }
2025-09-06T15:47:16.8395872Z     ],
2025-09-06T15:47:16.8396138Z     "properties" : [
2025-09-06T15:47:16.8396449Z       {
2025-09-06T15:47:16.8397115Z         "extractor_root" : "/opt/hostedtoolcache/CodeQL/2.23.0/x64/codeql/properties"
2025-09-06T15:47:16.8397722Z       }
2025-09-06T15:47:16.8397969Z     ],
2025-09-06T15:47:16.8398228Z     "javascript" : [
2025-09-06T15:47:16.8398527Z       {
2025-09-06T15:47:16.8399021Z         "extractor_root" : "/opt/hostedtoolcache/CodeQL/2.23.0/x64/codeql/javascript",
2025-09-06T15:47:16.8399651Z         "extractor_options" : {
2025-09-06T15:47:16.8399990Z           "trap" : {
2025-09-06T15:47:16.8400308Z             "title" : "TRAP options",
2025-09-06T15:47:16.8400865Z             "description" : "Options about how the extractor handles TRAP files",
2025-09-06T15:47:16.8401445Z             "type" : "object",
2025-09-06T15:47:16.8401792Z             "visibility" : 3,
2025-09-06T15:47:16.8402149Z             "properties" : {
2025-09-06T15:47:16.8402497Z               "cache" : {
2025-09-06T15:47:16.8403022Z                 "title" : "TRAP cache options",
2025-09-06T15:47:16.8403635Z                 "description" : "Options about how the extractor handles its TRAP cache",
2025-09-06T15:47:16.8404235Z                 "type" : "object",
2025-09-06T15:47:16.8404614Z                 "properties" : {
2025-09-06T15:47:16.8404978Z                   "dir" : {
2025-09-06T15:47:16.8405638Z                     "title" : "TRAP cache directory",
2025-09-06T15:47:16.8406247Z                     "description" : "The directory of the TRAP cache to use",
2025-09-06T15:47:16.8406967Z                     "type" : "string"
2025-09-06T15:47:16.8407345Z                   },
2025-09-06T15:47:16.8407640Z                   "bound" : {
2025-09-06T15:47:16.8408008Z                     "title" : "TRAP cache bound",
2025-09-06T15:47:16.8408592Z                     "description" : "A soft limit (in MB) on the size of the TRAP cache",
2025-09-06T15:47:16.8409166Z                     "type" : "string",
2025-09-06T15:47:16.8409765Z                     "pattern" : "[0-9]+"
2025-09-06T15:47:16.8410149Z                   },
2025-09-06T15:47:16.8410454Z                   "write" : {
2025-09-06T15:47:16.8410833Z                     "title" : "TRAP cache writeable",
2025-09-06T15:47:16.8411468Z                     "description" : "Whether to write to the TRAP cache as well as reading it",
2025-09-06T15:47:16.8412091Z                     "type" : "string",
2025-09-06T15:47:16.8412518Z                     "pattern" : "(true|TRUE|false|FALSE)"
2025-09-06T15:47:16.8412948Z                   }
2025-09-06T15:47:16.8413222Z                 }
2025-09-06T15:47:16.8413492Z               }
2025-09-06T15:47:16.8413754Z             }
2025-09-06T15:47:16.8414014Z           },
2025-09-06T15:47:16.8414286Z           "skip_types" : {
2025-09-06T15:47:16.8414690Z             "title" : "Skip type extraction for TypeScript",
2025-09-06T15:47:16.8415390Z             "description" : "Whether to skip the extraction of types in a TypeScript application",
2025-09-06T15:47:16.8416047Z             "type" : "string",
2025-09-06T15:47:16.8416409Z             "pattern" : "^(false|true)$"
2025-09-06T15:47:16.8416944Z           }
2025-09-06T15:47:16.8417191Z         }
2025-09-06T15:47:16.8417425Z       }
2025-09-06T15:47:16.8417696Z     ],
2025-09-06T15:47:16.8417938Z     "csharp" : [
2025-09-06T15:47:16.8418207Z       {
2025-09-06T15:47:16.8418645Z         "extractor_root" : "/opt/hostedtoolcache/CodeQL/2.23.0/x64/codeql/csharp",
2025-09-06T15:47:16.8419228Z         "extractor_options" : {
2025-09-06T15:47:16.8419567Z           "trap" : {
2025-09-06T15:47:16.8419903Z             "title" : "Options pertaining to TRAP.",
2025-09-06T15:47:16.8420380Z             "description" : "Options pertaining to TRAP.",
2025-09-06T15:47:16.8420824Z             "type" : "object",
2025-09-06T15:47:16.8421166Z             "properties" : {
2025-09-06T15:47:16.8421505Z               "compression" : {
2025-09-06T15:47:16.8422057Z                 "title" : "Controls compression for the TRAP files written by the extractor.",
2025-09-06T15:47:16.8423551Z                 "description" : "This option is only intended for use in debugging the extractor. Accepted values are 'brotli' (the default, to write brotli-compressed TRAP), 'gzip', and 'none' (to write uncompressed TRAP).\n",
2025-09-06T15:47:16.8424834Z                 "type" : "string",
2025-09-06T15:47:16.8425231Z                 "pattern" : "^(none|gzip|brotli)$"
2025-09-06T15:47:16.8425620Z               }
2025-09-06T15:47:16.8425880Z             }
2025-09-06T15:47:16.8426134Z           },
2025-09-06T15:47:16.8426406Z           "buildless" : {
2025-09-06T15:47:16.8427065Z             "title" : "DEPRECATED - Whether to use buildless (standalone) extraction.",
2025-09-06T15:47:16.8430067Z             "description" : "DEPRECATED: Use `--build-mode none` instead.\nA value indicating, which type of extraction the autobuilder should perform. If 'true', then the standalone extractor will be used, otherwise tracing extraction will be performed. The default is 'false'. Note that buildless extraction will generally yield less accurate analysis results, and should only be used in cases where it is not possible to build the code (for example if it uses inaccessible dependencies).\n",
2025-09-06T15:47:16.8432807Z             "type" : "string",
2025-09-06T15:47:16.8433186Z             "pattern" : "^(false|true)$"
2025-09-06T15:47:16.8433879Z           },
2025-09-06T15:47:16.8434167Z           "logging" : {
2025-09-06T15:47:16.8434546Z             "title" : "Options pertaining to logging.",
2025-09-06T15:47:16.8435095Z             "description" : "Options pertaining to logging.",
2025-09-06T15:47:16.8435578Z             "type" : "object",
2025-09-06T15:47:16.8435925Z             "properties" : {
2025-09-06T15:47:16.8436275Z               "verbosity" : {
2025-09-06T15:47:16.8436904Z                 "title" : "Extractor logging verbosity level.",
2025-09-06T15:47:16.8438709Z                 "description" : "Controls the level of verbosity of the extractor. The supported levels are (in order of increasing verbosity):\n  - off\n  - errors\n  - warnings\n  - info or progress\n  - debug or progress+\n  - trace or progress++\n  - progress+++\n",
2025-09-06T15:47:16.8440252Z                 "type" : "string",
2025-09-06T15:47:16.8441038Z                 "pattern" : "^(off|errors|warnings|(info|progress)|(debug|progress\\+)|(trace|progress\\+\\+)|progress\\+\\+\\+)$"
2025-09-06T15:47:16.8441819Z               }
2025-09-06T15:47:16.8442116Z             }
2025-09-06T15:47:16.8442387Z           },
2025-09-06T15:47:16.8442674Z           "binlog" : {
2025-09-06T15:47:16.8443000Z             "title" : "Binlog",
2025-09-06T15:47:16.8444120Z             "description" : "[EXPERIMENTAL] The value is a path to the MsBuild binary log file that should be extracted. This option only works when `--build-mode none` is also specified.\n",
2025-09-06T15:47:16.8445258Z             "type" : "array"
2025-09-06T15:47:16.8445585Z           }
2025-09-06T15:47:16.8445840Z         }
2025-09-06T15:47:16.8446089Z       }
2025-09-06T15:47:16.8446350Z     ],
2025-09-06T15:47:16.8446803Z     "rust" : [
2025-09-06T15:47:16.8447089Z       {
2025-09-06T15:47:16.8447534Z         "extractor_root" : "/opt/hostedtoolcache/CodeQL/2.23.0/x64/codeql/rust",
2025-09-06T15:47:16.8448134Z         "extractor_options" : {
2025-09-06T15:47:16.8448491Z           "trap" : {
2025-09-06T15:47:16.8448876Z             "title" : "Options pertaining to TRAP.",
2025-09-06T15:47:16.8449404Z             "description" : "Options pertaining to TRAP.",
2025-09-06T15:47:16.8449866Z             "type" : "object",
2025-09-06T15:47:16.8450235Z             "properties" : {
2025-09-06T15:47:16.8450604Z               "compression" : {
2025-09-06T15:47:16.8451201Z                 "title" : "Controls compression for the TRAP files written by the extractor.",
2025-09-06T15:47:16.8452944Z                 "description" : "This option is only intended for use in debugging the extractor. Accepted values are 'gzip' (to write gzip-compressed TRAP) 'zstd' (to write Zstandard-compressed TRAP) and 'none' (the default, to write uncompressed TRAP).\n",
2025-09-06T15:47:16.8454427Z                 "type" : "string",
2025-09-06T15:47:16.8454841Z                 "pattern" : "^(none|gzip|zstd)$"
2025-09-06T15:47:16.8455246Z               }
2025-09-06T15:47:16.8455527Z             }
2025-09-06T15:47:16.8455790Z           },
2025-09-06T15:47:16.8456091Z           "cargo_target_dir" : {
2025-09-06T15:47:16.8456724Z             "title" : "Directory to use for cargo output files.",
2025-09-06T15:47:16.8458524Z             "description" : "This value is an optional path to use as `CARGO_TARGET_DIR` for the internal cargo commands the extractor uses. Pointing it to a persistent directory may reduce execution time of consecutive extractor runs. By default, a new scratch directory is used for each run.\n",
2025-09-06T15:47:16.8460253Z             "type" : "string"
2025-09-06T15:47:16.8460613Z           },
2025-09-06T15:47:16.8460903Z           "cargo_target" : {
2025-09-06T15:47:16.8461281Z             "title" : "Target architecture",
2025-09-06T15:47:16.8462192Z             "description" : "Target architecture to use for analysis, analogous to `cargo --target`. By default the host architecture is used.\n",
2025-09-06T15:47:16.8463088Z             "type" : "string"
2025-09-06T15:47:16.8463437Z           },
2025-09-06T15:47:16.8463733Z           "cargo_features" : {
2025-09-06T15:47:16.8464401Z             "title" : "Cargo features to turn on",
2025-09-06T15:47:16.8466136Z             "description" : "Comma-separated list of features to turn on. By default all features are enabled. If any features are specified, then only those features are enabled. The `default` feature must be explicitly specified if only default features are desired. Can be repeated.\n",
2025-09-06T15:47:16.8468042Z             "type" : "array"
2025-09-06T15:47:16.8468398Z           },
2025-09-06T15:47:16.8468700Z           "cargo_cfg_overrides" : {
2025-09-06T15:47:16.8469131Z             "title" : "Cargo cfg overrides",
2025-09-06T15:47:16.8470218Z             "description" : "Comma-separated list of cfg settings to enable, or disable if prefixed with `-`. Can be repeated.\n",
2025-09-06T15:47:16.8471080Z             "type" : "array"
2025-09-06T15:47:16.8471429Z           },
2025-09-06T15:47:16.8471713Z           "logging" : {
2025-09-06T15:47:16.8472108Z             "title" : "Options pertaining to logging.",
2025-09-06T15:47:16.8472659Z             "description" : "Options pertaining to logging.",
2025-09-06T15:47:16.8473140Z             "type" : "object",
2025-09-06T15:47:16.8473495Z             "properties" : {
2025-09-06T15:47:16.8473858Z               "verbosity" : {
2025-09-06T15:47:16.8474282Z                 "title" : "Extractor logging verbosity level.",
2025-09-06T15:47:16.8475834Z                 "description" : "Controls the level of verbosity of the extractor. The supported levels are (in order of increasing verbosity):\n  - off\n  - errors\n  - warnings\n  - info or progress\n  - debug or progress+\n  - trace or progress++\n  - progress+++\n",
2025-09-06T15:47:16.8477565Z                 "type" : "string",
2025-09-06T15:47:16.8478346Z                 "pattern" : "^(off|errors|warnings|(info|progress)|(debug|progress\\+)|(trace|progress\\+\\+)|progress\\+\\+\\+)$"
2025-09-06T15:47:16.8479141Z               },
2025-09-06T15:47:16.8479520Z               "flamegraph" : {
2025-09-06T15:47:16.8480039Z                 "title" : "[Experimental] File path for write flame graph log",
2025-09-06T15:47:16.8481669Z                 "description" : "Collect flame graph data using the `tracing-flame` crate. To render a flame graph or chart, run the `inferno-flamegraph` command. See also: https://crates.io/crates/tracing-flame\n",
2025-09-06T15:47:16.8482985Z                 "type" : "string"
2025-09-06T15:47:16.8483371Z               }
2025-09-06T15:47:16.8483662Z             }
2025-09-06T15:47:16.8483955Z           },
2025-09-06T15:47:16.8484310Z           "extract_dependencies_as_source" : {
2025-09-06T15:47:16.8484851Z             "title" : "Extract dependencies as source code",
2025-09-06T15:47:16.8485699Z             "description" : "Extract the full source code of dependencies instead of only extracting signatures.\n",
2025-09-06T15:47:16.8486676Z             "type" : "string",
2025-09-06T15:47:16.8487086Z             "pattern" : "^(false|true)$"
2025-09-06T15:47:16.8487496Z           }
2025-09-06T15:47:16.8487780Z         }
2025-09-06T15:47:16.8488045Z       }
2025-09-06T15:47:16.8488298Z     ],
2025-09-06T15:47:16.8488571Z     "ruby" : [
2025-09-06T15:47:16.8488853Z       {
2025-09-06T15:47:16.8489326Z         "extractor_root" : "/opt/hostedtoolcache/CodeQL/2.23.0/x64/codeql/ruby",
2025-09-06T15:47:16.8489949Z         "extractor_options" : {
2025-09-06T15:47:16.8490317Z           "trap" : {
2025-09-06T15:47:16.8490699Z             "title" : "Options pertaining to TRAP.",
2025-09-06T15:47:16.8491220Z             "description" : "Options pertaining to TRAP.",
2025-09-06T15:47:16.8491677Z             "type" : "object",
2025-09-06T15:47:16.8492028Z             "properties" : {
2025-09-06T15:47:16.8492378Z               "compression" : {
2025-09-06T15:47:16.8492936Z                 "title" : "Controls compression for the TRAP files written by the extractor.",
2025-09-06T15:47:16.8494653Z                 "description" : "This option is only intended for use in debugging the extractor. Accepted values are 'gzip' (the default, to write gzip-compressed TRAP) 'zstd' (to write Zstandard-compressed TRAP) and 'none' (to write uncompressed TRAP).\n",
2025-09-06T15:47:16.8496402Z                 "type" : "string",
2025-09-06T15:47:16.8497007Z                 "pattern" : "^(none|gzip|zstd)$"
2025-09-06T15:47:16.8497430Z               }
2025-09-06T15:47:16.8497714Z             }
2025-09-06T15:47:16.8497996Z           }
2025-09-06T15:47:16.8498255Z         }
2025-09-06T15:47:16.8498509Z       }
2025-09-06T15:47:16.8498760Z     ],
2025-09-06T15:47:16.8499020Z     "go" : [
2025-09-06T15:47:16.8499294Z       {
2025-09-06T15:47:16.8499926Z         "extractor_root" : "/opt/hostedtoolcache/CodeQL/2.23.0/x64/codeql/go",
2025-09-06T15:47:16.8500543Z         "extractor_options" : {
2025-09-06T15:47:16.8500924Z           "extract_tests" : {
2025-09-06T15:47:16.8501445Z             "title" : "Whether to include Go test files in the CodeQL database.",
2025-09-06T15:47:16.8502474Z             "description" : "A value indicating whether Go test files should be included in the CodeQL database. The default is 'false'.\n",
2025-09-06T15:47:16.8503370Z             "type" : "string",
2025-09-06T15:47:16.8503742Z             "pattern" : "^(false|true)$"
2025-09-06T15:47:16.8504129Z           },
2025-09-06T15:47:16.8504420Z           "extract_vendor_dirs" : {
2025-09-06T15:47:16.8505004Z             "title" : "Whether to include Go vendor directories in the CodeQL database.",
2025-09-06T15:47:16.8506155Z             "description" : "A value indicating whether Go vendor directories should be included in the CodeQL database. The default is 'false'.\n",
2025-09-06T15:47:16.8507270Z             "type" : "string",
2025-09-06T15:47:16.8507651Z             "pattern" : "^(false|true)$"
2025-09-06T15:47:16.8508043Z           }
2025-09-06T15:47:16.8508294Z         }
2025-09-06T15:47:16.8508549Z       }
2025-09-06T15:47:16.8508785Z     ],
2025-09-06T15:47:16.8509040Z     "cpp" : [
2025-09-06T15:47:16.8509316Z       {
2025-09-06T15:47:16.8509777Z         "extractor_root" : "/opt/hostedtoolcache/CodeQL/2.23.0/x64/codeql/cpp",
2025-09-06T15:47:16.8510357Z         "extractor_options" : {
2025-09-06T15:47:16.8510718Z           "trap" : {
2025-09-06T15:47:16.8511032Z             "title" : "TRAP options",
2025-09-06T15:47:16.8511595Z             "description" : "Options about how the extractor handles TRAP files",
2025-09-06T15:47:16.8512181Z             "type" : "object",
2025-09-06T15:47:16.8512543Z             "visibility" : 3,
2025-09-06T15:47:16.8512917Z             "properties" : {
2025-09-06T15:47:16.8513259Z               "cache" : {
2025-09-06T15:47:16.8513620Z                 "title" : "TRAP cache options",
2025-09-06T15:47:16.8514239Z                 "description" : "Options about how the extractor handles its TRAP cache",
2025-09-06T15:47:16.8514844Z                 "type" : "object",
2025-09-06T15:47:16.8515222Z                 "properties" : {
2025-09-06T15:47:16.8515583Z                   "dir" : {
2025-09-06T15:47:16.8515950Z                     "title" : "TRAP cache directory",
2025-09-06T15:47:16.8516656Z                     "description" : "The directory of the TRAP cache to use",
2025-09-06T15:47:16.8517191Z                     "type" : "string"
2025-09-06T15:47:16.8517554Z                   },
2025-09-06T15:47:16.8517859Z                   "bound" : {
2025-09-06T15:47:16.8518223Z                     "title" : "TRAP cache bound",
2025-09-06T15:47:16.8518797Z                     "description" : "A soft limit (in MB) on the size of the TRAP cache",
2025-09-06T15:47:16.8519380Z                     "type" : "string",
2025-09-06T15:47:16.8519783Z                     "pattern" : "[0-9]+"
2025-09-06T15:47:16.8520177Z                   },
2025-09-06T15:47:16.8520492Z                   "write" : {
2025-09-06T15:47:16.8520882Z                     "title" : "TRAP cache writeable",
2025-09-06T15:47:16.8521568Z                     "description" : "Whether to write to the TRAP cache as well as reading it",
2025-09-06T15:47:16.8522191Z                     "type" : "string",
2025-09-06T15:47:16.8522831Z                     "pattern" : "(true|TRUE|false|FALSE)"
2025-09-06T15:47:16.8523247Z                   }
2025-09-06T15:47:16.8523519Z                 }
2025-09-06T15:47:16.8523797Z               }
2025-09-06T15:47:16.8524058Z             }
2025-09-06T15:47:16.8524316Z           },
2025-09-06T15:47:16.8524600Z           "scale_timeouts" : {
2025-09-06T15:47:16.8525083Z             "title" : "Value to scale compiler introspection timeouts with",
2025-09-06T15:47:16.8527732Z             "description" : "The extractor attempts to determine what compiler the source code being extracted is compiled with. To this end the extractor makes additional calls to the compiler, some of which are expected to return within a certain fixed time (either 10s or 15s). On some systems that are under high load this time might be too short, and can be scaled up using this option.\n",
2025-09-06T15:47:16.8529943Z             "type" : "string",
2025-09-06T15:47:16.8530311Z             "pattern" : "[0-9]+"
2025-09-06T15:47:16.8530676Z           },
2025-09-06T15:47:16.8530958Z           "log_verbosity" : {
2025-09-06T15:47:16.8531379Z             "title" : "Verbosity of the extractor logging",
2025-09-06T15:47:16.8532348Z             "description" : "Set the verbosity of the extractor logging to 'quiet' (0), 'normal' (1), 'chatty' (2), or 'noisy' (3). The default is 'normal'.\n",
2025-09-06T15:47:16.8533268Z             "type" : "string",
2025-09-06T15:47:16.8533628Z             "pattern" : "[0-3]"
2025-09-06T15:47:16.8533977Z           },
2025-09-06T15:47:16.8534268Z           "frontend_options" : {
2025-09-06T15:47:16.8534714Z             "title" : "C/C++ extractor frontend options",
2025-09-06T15:47:16.8535510Z             "description" : "Set additional options that should be passed to the C/C++ extractor frontend.\n",
2025-09-06T15:47:16.8536240Z             "type" : "array",
2025-09-06T15:47:16.8536769Z             "visibility" : 3
2025-09-06T15:47:16.8537109Z           }
2025-09-06T15:47:16.8537375Z         }
2025-09-06T15:47:16.8537618Z       }
2025-09-06T15:47:16.8537867Z     ],
2025-09-06T15:47:16.8538109Z     "yaml" : [
2025-09-06T15:47:16.8538384Z       {
2025-09-06T15:47:16.8538825Z         "extractor_root" : "/opt/hostedtoolcache/CodeQL/2.23.0/x64/codeql/yaml"
2025-09-06T15:47:16.8539381Z       }
2025-09-06T15:47:16.8539631Z     ],
2025-09-06T15:47:16.8539894Z     "html" : [
2025-09-06T15:47:16.8540164Z       {
2025-09-06T15:47:16.8540594Z         "extractor_root" : "/opt/hostedtoolcache/CodeQL/2.23.0/x64/codeql/html"
2025-09-06T15:47:16.8541146Z       }
2025-09-06T15:47:16.8541379Z     ],
2025-09-06T15:47:16.8541630Z     "swift" : [
2025-09-06T15:47:16.8541906Z       {
2025-09-06T15:47:16.8542338Z         "extractor_root" : "/opt/hostedtoolcache/CodeQL/2.23.0/x64/codeql/swift"
2025-09-06T15:47:16.8542880Z       }
2025-09-06T15:47:16.8543131Z     ],
2025-09-06T15:47:16.8543377Z     "csv" : [
2025-09-06T15:47:16.8543644Z       {
2025-09-06T15:47:16.8544079Z         "extractor_root" : "/opt/hostedtoolcache/CodeQL/2.23.0/x64/codeql/csv"
2025-09-06T15:47:16.8544625Z       }
2025-09-06T15:47:16.8544870Z     ],
2025-09-06T15:47:16.8545114Z     "actions" : [
2025-09-06T15:47:16.8545396Z       {
2025-09-06T15:47:16.8545845Z         "extractor_root" : "/opt/hostedtoolcache/CodeQL/2.23.0/x64/codeql/actions",
2025-09-06T15:47:16.8546454Z         "extractor_options" : {
2025-09-06T15:47:16.8546969Z           "trap" : {
2025-09-06T15:47:16.8547306Z             "title" : "TRAP options",
2025-09-06T15:47:16.8547874Z             "description" : "Options about how the extractor handles TRAP files",
2025-09-06T15:47:16.8548460Z             "type" : "object",
2025-09-06T15:47:16.8548833Z             "visibility" : 3,
2025-09-06T15:47:16.8549201Z             "properties" : {
2025-09-06T15:47:16.8549548Z               "cache" : {
2025-09-06T15:47:16.8549897Z                 "title" : "TRAP cache options",
2025-09-06T15:47:16.8550512Z                 "description" : "Options about how the extractor handles its TRAP cache",
2025-09-06T15:47:16.8551317Z                 "type" : "object",
2025-09-06T15:47:16.8551700Z                 "properties" : {
2025-09-06T15:47:16.8552055Z                   "dir" : {
2025-09-06T15:47:16.8552429Z                     "title" : "TRAP cache directory",
2025-09-06T15:47:16.8552980Z                     "description" : "The directory of the TRAP cache to use",
2025-09-06T15:47:16.8553501Z                     "type" : "string"
2025-09-06T15:47:16.8553869Z                   },
2025-09-06T15:47:16.8554165Z                   "bound" : {
2025-09-06T15:47:16.8554544Z                     "title" : "TRAP cache bound",
2025-09-06T15:47:16.8555286Z                     "description" : "A soft limit (in MB) on the size of the TRAP cache",
2025-09-06T15:47:16.8555914Z                     "type" : "string",
2025-09-06T15:47:16.8556340Z                     "pattern" : "[0-9]+"
2025-09-06T15:47:16.8556925Z                   },
2025-09-06T15:47:16.8557259Z                   "write" : {
2025-09-06T15:47:16.8557669Z                     "title" : "TRAP cache writeable",
2025-09-06T15:47:16.8558334Z                     "description" : "Whether to write to the TRAP cache as well as reading it",
2025-09-06T15:47:16.8558957Z                     "type" : "string",
2025-09-06T15:47:16.8559383Z                     "pattern" : "(true|TRUE|false|FALSE)"
2025-09-06T15:47:16.8559796Z                   }
2025-09-06T15:47:16.8560075Z                 }
2025-09-06T15:47:16.8560343Z               }
2025-09-06T15:47:16.8560607Z             }
2025-09-06T15:47:16.8560861Z           }
2025-09-06T15:47:16.8561108Z         }
2025-09-06T15:47:16.8561352Z       }
2025-09-06T15:47:16.8561594Z     ],
2025-09-06T15:47:16.8561839Z     "java" : [
2025-09-06T15:47:16.8562098Z       {
2025-09-06T15:47:16.8562540Z         "extractor_root" : "/opt/hostedtoolcache/CodeQL/2.23.0/x64/codeql/java",
2025-09-06T15:47:16.8563104Z         "extractor_options" : {
2025-09-06T15:47:16.8563468Z           "exclude" : {
2025-09-06T15:47:16.8563866Z             "title" : "A glob excluding files from analysis.",
2025-09-06T15:47:16.8565040Z             "description" : "A glob indicating what files to exclude from the analysis. This accepts glob patterns that are supported by Java's 'getPathMatcher' implementation.\n",
2025-09-06T15:47:16.8566135Z             "type" : "string"
2025-09-06T15:47:16.8566469Z           },
2025-09-06T15:47:16.8566960Z           "add_prefer_source" : {
2025-09-06T15:47:16.8567495Z             "title" : "Whether to always prefer source files over class files.",
2025-09-06T15:47:16.8569350Z             "description" : "A value indicating whether source files should be preferred over class files. If set to 'true', the extraction adds '-Xprefer:source' to the javac command line. If set to 'false', the extraction uses the default javac behavior ('-Xprefer:newer'). The default is 'true'.\n",
2025-09-06T15:47:16.8571029Z             "type" : "string",
2025-09-06T15:47:16.8571411Z             "pattern" : "^(false|true)$"
2025-09-06T15:47:16.8571800Z           },
2025-09-06T15:47:16.8572072Z           "buildless" : {
2025-09-06T15:47:16.8572606Z             "title" : "Whether to use buildless (standalone) extraction (experimental).",
2025-09-06T15:47:16.8575286Z             "description" : "A value indicating, which type of extraction the autobuilder should perform. If 'true', then the standalone extractor will be used, otherwise tracing extraction will be performed. The default is 'false'. Note that buildless extraction will generally yield less accurate analysis results, and should only be used in cases where it is not possible to build the code (for example if it uses inaccessible dependencies).\n",
2025-09-06T15:47:16.8577945Z             "type" : "string",
2025-09-06T15:47:16.8578334Z             "pattern" : "^(false|true)$"
2025-09-06T15:47:16.8578724Z           },
2025-09-06T15:47:16.8579025Z           "buildless_dependency_dir" : {
2025-09-06T15:47:16.8579749Z             "title" : "The path where buildless (standalone) extraction should keep dependencies.",
2025-09-06T15:47:16.8580996Z             "description" : "If set, the buildless (standalone) extractor will store dependencies in this directory.\n",
2025-09-06T15:47:16.8581767Z             "type" : "string"
2025-09-06T15:47:16.8582118Z           },
2025-09-06T15:47:16.8582437Z           "minimize_dependency_jars" : {
2025-09-06T15:47:16.8583106Z             "title" : "Whether to rewrite and minimize downloaded JAR dependencies (experimental).",
2025-09-06T15:47:16.8584450Z             "description" : "If 'true', JAR dependencies downloaded during extraction will be rewritten to remove unneeded data, such as method bodies. The default is 'false'.\n",
2025-09-06T15:47:16.8585742Z             "type" : "string",
2025-09-06T15:47:16.8586106Z             "pattern" : "^(false|true)$"
2025-09-06T15:47:16.8586462Z           }
2025-09-06T15:47:16.8586882Z         }
2025-09-06T15:47:16.8587144Z       }
2025-09-06T15:47:16.8587385Z     ]
2025-09-06T15:47:16.8587630Z   }
2025-09-06T15:47:16.8587876Z }
2025-09-06T15:47:16.8799223Z Languages from configuration: python
2025-09-06T15:47:16.8805610Z [command]/opt/hostedtoolcache/CodeQL/2.23.0/x64/codeql/codeql resolve languages --format=betterjson --extractor-options-verbosity=4 --extractor-include-aliases
2025-09-06T15:47:17.7617657Z {
2025-09-06T15:47:17.7622817Z   "aliases" : {
2025-09-06T15:47:17.7623332Z     "c" : "cpp",
2025-09-06T15:47:17.7624315Z     "c++" : "cpp",
2025-09-06T15:47:17.7624824Z     "c-c++" : "cpp",
2025-09-06T15:47:17.7625335Z     "c-cpp" : "cpp",
2025-09-06T15:47:17.7625831Z     "c#" : "csharp",
2025-09-06T15:47:17.7626388Z     "java-kotlin" : "java",
2025-09-06T15:47:17.7627211Z     "kotlin" : "java",
2025-09-06T15:47:17.7629837Z     "javascript-typescript" : "javascript",
2025-09-06T15:47:17.7630301Z     "typescript" : "javascript"
2025-09-06T15:47:17.7630646Z   },
2025-09-06T15:47:17.7630910Z   "extractors" : {
2025-09-06T15:47:17.7631199Z     "xml" : [
2025-09-06T15:47:17.7631469Z       {
2025-09-06T15:47:17.7634635Z         "extractor_root" : "/opt/hostedtoolcache/CodeQL/2.23.0/x64/codeql/xml"
2025-09-06T15:47:17.7635225Z       }
2025-09-06T15:47:17.7635480Z     ],
2025-09-06T15:47:17.7635737Z     "python" : [
2025-09-06T15:47:17.7636026Z       {
2025-09-06T15:47:17.7636483Z         "extractor_root" : "/opt/hostedtoolcache/CodeQL/2.23.0/x64/codeql/python",
2025-09-06T15:47:17.7637277Z         "extractor_options" : {
2025-09-06T15:47:17.7637638Z           "logging" : {
2025-09-06T15:47:17.7638013Z             "title" : "Options pertaining to logging.",
2025-09-06T15:47:17.7638537Z             "description" : "Options pertaining to logging.",
2025-09-06T15:47:17.7639040Z             "type" : "object",
2025-09-06T15:47:17.7639401Z             "properties" : {
2025-09-06T15:47:17.7639744Z               "verbosity" : {
2025-09-06T15:47:17.7640183Z                 "title" : "Python extractor logging verbosity level.",
2025-09-06T15:47:17.7641849Z                 "description" : "Controls the level of verbosity of the CodeQL Python extractor.\nThe supported levels are (in order of increasing verbosity):\n\n  - off\n  - errors\n  - warnings\n  - info or progress\n  - debug or progress+\n  - trace or progress++\n  - progress+++\n",
2025-09-06T15:47:17.7643547Z                 "type" : "string",
2025-09-06T15:47:17.7644300Z                 "pattern" : "^(off|errors|warnings|(info|progress)|(debug|progress\\+)|(trace|progress\\+\\+)|progress\\+\\+\\+)$"
2025-09-06T15:47:17.7645053Z               }
2025-09-06T15:47:17.7645324Z             }
2025-09-06T15:47:17.7645577Z           },
2025-09-06T15:47:17.7645877Z           "python_executable_name" : {
2025-09-06T15:47:17.7646655Z             "title" : "Controls the name of the Python executable used by the Python extractor.",
2025-09-06T15:47:17.7649019Z             "description" : "The Python extractor uses platform-dependent heuristics to determine the name of the Python executable to use. Specifying a value for this option overrides the name of the Python executable used by the extractor. Accepted values are py, python and python3. Use this setting with caution, the Python extractor requires Python 3 to run.\n",
2025-09-06T15:47:17.7651535Z             "type" : "string",
2025-09-06T15:47:17.7651921Z             "pattern" : "^(py|python|python3)$"
2025-09-06T15:47:17.7652331Z           }
2025-09-06T15:47:17.7652578Z         }
2025-09-06T15:47:17.7652836Z       }
2025-09-06T15:47:17.7653080Z     ],
2025-09-06T15:47:17.7653330Z     "properties" : [
2025-09-06T15:47:17.7653628Z       {
2025-09-06T15:47:17.7654098Z         "extractor_root" : "/opt/hostedtoolcache/CodeQL/2.23.0/x64/codeql/properties"
2025-09-06T15:47:17.7654699Z       }
2025-09-06T15:47:17.7654938Z     ],
2025-09-06T15:47:17.7655379Z     "javascript" : [
2025-09-06T15:47:17.7655674Z       {
2025-09-06T15:47:17.7656150Z         "extractor_root" : "/opt/hostedtoolcache/CodeQL/2.23.0/x64/codeql/javascript",
2025-09-06T15:47:17.7656956Z         "extractor_options" : {
2025-09-06T15:47:17.7657313Z           "trap" : {
2025-09-06T15:47:17.7657641Z             "title" : "TRAP options",
2025-09-06T15:47:17.7658219Z             "description" : "Options about how the extractor handles TRAP files",
2025-09-06T15:47:17.7658792Z             "type" : "object",
2025-09-06T15:47:17.7659134Z             "visibility" : 3,
2025-09-06T15:47:17.7659497Z             "properties" : {
2025-09-06T15:47:17.7659840Z               "cache" : {
2025-09-06T15:47:17.7660195Z                 "title" : "TRAP cache options",
2025-09-06T15:47:17.7660792Z                 "description" : "Options about how the extractor handles its TRAP cache",
2025-09-06T15:47:17.7661386Z                 "type" : "object",
2025-09-06T15:47:17.7661763Z                 "properties" : {
2025-09-06T15:47:17.7662114Z                   "dir" : {
2025-09-06T15:47:17.7662483Z                     "title" : "TRAP cache directory",
2025-09-06T15:47:17.7663064Z                     "description" : "The directory of the TRAP cache to use",
2025-09-06T15:47:17.7663593Z                     "type" : "string"
2025-09-06T15:47:17.7663979Z                   },
2025-09-06T15:47:17.7664293Z                   "bound" : {
2025-09-06T15:47:17.7664660Z                     "title" : "TRAP cache bound",
2025-09-06T15:47:17.7665241Z                     "description" : "A soft limit (in MB) on the size of the TRAP cache",
2025-09-06T15:47:17.7665808Z                     "type" : "string",
2025-09-06T15:47:17.7666217Z                     "pattern" : "[0-9]+"
2025-09-06T15:47:17.7666797Z                   },
2025-09-06T15:47:17.7667094Z                   "write" : {
2025-09-06T15:47:17.7667468Z                     "title" : "TRAP cache writeable",
2025-09-06T15:47:17.7668098Z                     "description" : "Whether to write to the TRAP cache as well as reading it",
2025-09-06T15:47:17.7668706Z                     "type" : "string",
2025-09-06T15:47:17.7669125Z                     "pattern" : "(true|TRUE|false|FALSE)"
2025-09-06T15:47:17.7669544Z                   }
2025-09-06T15:47:17.7669816Z                 }
2025-09-06T15:47:17.7670094Z               }
2025-09-06T15:47:17.7670365Z             }
2025-09-06T15:47:17.7670622Z           },
2025-09-06T15:47:17.7670902Z           "skip_types" : {
2025-09-06T15:47:17.7671304Z             "title" : "Skip type extraction for TypeScript",
2025-09-06T15:47:17.7672028Z             "description" : "Whether to skip the extraction of types in a TypeScript application",
2025-09-06T15:47:17.7672679Z             "type" : "string",
2025-09-06T15:47:17.7673051Z             "pattern" : "^(false|true)$"
2025-09-06T15:47:17.7673421Z           }
2025-09-06T15:47:17.7673677Z         }
2025-09-06T15:47:17.7673917Z       }
2025-09-06T15:47:17.7674161Z     ],
2025-09-06T15:47:17.7674427Z     "csharp" : [
2025-09-06T15:47:17.7674697Z       {
2025-09-06T15:47:17.7675137Z         "extractor_root" : "/opt/hostedtoolcache/CodeQL/2.23.0/x64/codeql/csharp",
2025-09-06T15:47:17.7675719Z         "extractor_options" : {
2025-09-06T15:47:17.7676063Z           "trap" : {
2025-09-06T15:47:17.7676400Z             "title" : "Options pertaining to TRAP.",
2025-09-06T15:47:17.7677228Z             "description" : "Options pertaining to TRAP.",
2025-09-06T15:47:17.7677664Z             "type" : "object",
2025-09-06T15:47:17.7678009Z             "properties" : {
2025-09-06T15:47:17.7678348Z               "compression" : {
2025-09-06T15:47:17.7678906Z                 "title" : "Controls compression for the TRAP files written by the extractor.",
2025-09-06T15:47:17.7680400Z                 "description" : "This option is only intended for use in debugging the extractor. Accepted values are 'brotli' (the default, to write brotli-compressed TRAP), 'gzip', and 'none' (to write uncompressed TRAP).\n",
2025-09-06T15:47:17.7681828Z                 "type" : "string",
2025-09-06T15:47:17.7682231Z                 "pattern" : "^(none|gzip|brotli)$"
2025-09-06T15:47:17.7682626Z               }
2025-09-06T15:47:17.7682891Z             }
2025-09-06T15:47:17.7683137Z           },
2025-09-06T15:47:17.7683403Z           "buildless" : {
2025-09-06T15:47:17.7683924Z             "title" : "DEPRECATED - Whether to use buildless (standalone) extraction.",
2025-09-06T15:47:17.7686948Z             "description" : "DEPRECATED: Use `--build-mode none` instead.\nA value indicating, which type of extraction the autobuilder should perform. If 'true', then the standalone extractor will be used, otherwise tracing extraction will be performed. The default is 'false'. Note that buildless extraction will generally yield less accurate analysis results, and should only be used in cases where it is not possible to build the code (for example if it uses inaccessible dependencies).\n",
2025-09-06T15:47:17.7688579Z             "type" : "string",
2025-09-06T15:47:17.7688802Z             "pattern" : "^(false|true)$"
2025-09-06T15:47:17.7689021Z           },
2025-09-06T15:47:17.7689182Z           "logging" : {
2025-09-06T15:47:17.7689391Z             "title" : "Options pertaining to logging.",
2025-09-06T15:47:17.7689686Z             "description" : "Options pertaining to logging.",
2025-09-06T15:47:17.7689952Z             "type" : "object",
2025-09-06T15:47:17.7690149Z             "properties" : {
2025-09-06T15:47:17.7690347Z               "verbosity" : {
2025-09-06T15:47:17.7690571Z                 "title" : "Extractor logging verbosity level.",
2025-09-06T15:47:17.7691411Z                 "description" : "Controls the level of verbosity of the extractor. The supported levels are (in order of increasing verbosity):\n  - off\n  - errors\n  - warnings\n  - info or progress\n  - debug or progress+\n  - trace or progress++\n  - progress+++\n",
2025-09-06T15:47:17.7692201Z                 "type" : "string",
2025-09-06T15:47:17.7692630Z                 "pattern" : "^(off|errors|warnings|(info|progress)|(debug|progress\\+)|(trace|progress\\+\\+)|progress\\+\\+\\+)$"
2025-09-06T15:47:17.7693049Z               }
2025-09-06T15:47:17.7693203Z             }
2025-09-06T15:47:17.7693357Z           },
2025-09-06T15:47:17.7693510Z           "binlog" : {
2025-09-06T15:47:17.7693695Z             "title" : "Binlog",
2025-09-06T15:47:17.7694290Z             "description" : "[EXPERIMENTAL] The value is a path to the MsBuild binary log file that should be extracted. This option only works when `--build-mode none` is also specified.\n",
2025-09-06T15:47:17.7694896Z             "type" : "array"
2025-09-06T15:47:17.7695076Z           }
2025-09-06T15:47:17.7695225Z         }
2025-09-06T15:47:17.7695366Z       }
2025-09-06T15:47:17.7695512Z     ],
2025-09-06T15:47:17.7695658Z     "rust" : [
2025-09-06T15:47:17.7695806Z       {
2025-09-06T15:47:17.7696056Z         "extractor_root" : "/opt/hostedtoolcache/CodeQL/2.23.0/x64/codeql/rust",
2025-09-06T15:47:17.7696383Z         "extractor_options" : {
2025-09-06T15:47:17.7696731Z           "trap" : {
2025-09-06T15:47:17.7696928Z             "title" : "Options pertaining to TRAP.",
2025-09-06T15:47:17.7697213Z             "description" : "Options pertaining to TRAP.",
2025-09-06T15:47:17.7697467Z             "type" : "object",
2025-09-06T15:47:17.7697666Z             "properties" : {
2025-09-06T15:47:17.7698026Z               "compression" : {
2025-09-06T15:47:17.7698340Z                 "title" : "Controls compression for the TRAP files written by the extractor.",
2025-09-06T15:47:17.7699249Z                 "description" : "This option is only intended for use in debugging the extractor. Accepted values are 'gzip' (to write gzip-compressed TRAP) 'zstd' (to write Zstandard-compressed TRAP) and 'none' (the default, to write uncompressed TRAP).\n",
2025-09-06T15:47:17.7700103Z                 "type" : "string",
2025-09-06T15:47:17.7700328Z                 "pattern" : "^(none|gzip|zstd)$"
2025-09-06T15:47:17.7700551Z               }
2025-09-06T15:47:17.7700816Z             }
2025-09-06T15:47:17.7700964Z           },
2025-09-06T15:47:17.7701131Z           "cargo_target_dir" : {
2025-09-06T15:47:17.7701381Z             "title" : "Directory to use for cargo output files.",
2025-09-06T15:47:17.7702326Z             "description" : "This value is an optional path to use as `CARGO_TARGET_DIR` for the internal cargo commands the extractor uses. Pointing it to a persistent directory may reduce execution time of consecutive extractor runs. By default, a new scratch directory is used for each run.\n",
2025-09-06T15:47:17.7703224Z             "type" : "string"
2025-09-06T15:47:17.7703410Z           },
2025-09-06T15:47:17.7703569Z           "cargo_target" : {
2025-09-06T15:47:17.7703771Z             "title" : "Target architecture",
2025-09-06T15:47:17.7704279Z             "description" : "Target architecture to use for analysis, analogous to `cargo --target`. By default the host architecture is used.\n",
2025-09-06T15:47:17.7704765Z             "type" : "string"
2025-09-06T15:47:17.7704967Z           },
2025-09-06T15:47:17.7705130Z           "cargo_features" : {
2025-09-06T15:47:17.7705348Z             "title" : "Cargo features to turn on",
2025-09-06T15:47:17.7706243Z             "description" : "Comma-separated list of features to turn on. By default all features are enabled. If any features are specified, then only those features are enabled. The `default` feature must be explicitly specified if only default features are desired. Can be repeated.\n",
2025-09-06T15:47:17.7707264Z             "type" : "array"
2025-09-06T15:47:17.7707439Z           },
2025-09-06T15:47:17.7707603Z           "cargo_cfg_overrides" : {
2025-09-06T15:47:17.7707823Z             "title" : "Cargo cfg overrides",
2025-09-06T15:47:17.7708274Z             "description" : "Comma-separated list of cfg settings to enable, or disable if prefixed with `-`. Can be repeated.\n",
2025-09-06T15:47:17.7708718Z             "type" : "array"
2025-09-06T15:47:17.7708894Z           },
2025-09-06T15:47:17.7709053Z           "logging" : {
2025-09-06T15:47:17.7709255Z             "title" : "Options pertaining to logging.",
2025-09-06T15:47:17.7709545Z             "description" : "Options pertaining to logging.",
2025-09-06T15:47:17.7709801Z             "type" : "object",
2025-09-06T15:47:17.7709997Z             "properties" : {
2025-09-06T15:47:17.7710189Z               "verbosity" : {
2025-09-06T15:47:17.7710420Z                 "title" : "Extractor logging verbosity level.",
2025-09-06T15:47:17.7711252Z                 "description" : "Controls the level of verbosity of the extractor. The supported levels are (in order of increasing verbosity):\n  - off\n  - errors\n  - warnings\n  - info or progress\n  - debug or progress+\n  - trace or progress++\n  - progress+++\n",
2025-09-06T15:47:17.7712028Z                 "type" : "string",
2025-09-06T15:47:17.7712438Z                 "pattern" : "^(off|errors|warnings|(info|progress)|(debug|progress\\+)|(trace|progress\\+\\+)|progress\\+\\+\\+)$"
2025-09-06T15:47:17.7712844Z               },
2025-09-06T15:47:17.7713012Z               "flamegraph" : {
2025-09-06T15:47:17.7713278Z                 "title" : "[Experimental] File path for write flame graph log",
2025-09-06T15:47:17.7714067Z                 "description" : "Collect flame graph data using the `tracing-flame` crate. To render a flame graph or chart, run the `inferno-flamegraph` command. See also: https://crates.io/crates/tracing-flame\n",
2025-09-06T15:47:17.7714871Z                 "type" : "string"
2025-09-06T15:47:17.7715063Z               }
2025-09-06T15:47:17.7715221Z             }
2025-09-06T15:47:17.7715367Z           },
2025-09-06T15:47:17.7715546Z           "extract_dependencies_as_source" : {
2025-09-06T15:47:17.7715817Z             "title" : "Extract dependencies as source code",
2025-09-06T15:47:17.7716257Z             "description" : "Extract the full source code of dependencies instead of only extracting signatures.\n",
2025-09-06T15:47:17.7716794Z             "type" : "string",
2025-09-06T15:47:17.7717102Z             "pattern" : "^(false|true)$"
2025-09-06T15:47:17.7717322Z           }
2025-09-06T15:47:17.7717464Z         }
2025-09-06T15:47:17.7717607Z       }
2025-09-06T15:47:17.7717743Z     ],
2025-09-06T15:47:17.7717890Z     "ruby" : [
2025-09-06T15:47:17.7718036Z       {
2025-09-06T15:47:17.7718281Z         "extractor_root" : "/opt/hostedtoolcache/CodeQL/2.23.0/x64/codeql/ruby",
2025-09-06T15:47:17.7718606Z         "extractor_options" : {
2025-09-06T15:47:17.7718797Z           "trap" : {
2025-09-06T15:47:17.7718997Z             "title" : "Options pertaining to TRAP.",
2025-09-06T15:47:17.7719266Z             "description" : "Options pertaining to TRAP.",
2025-09-06T15:47:17.7719519Z             "type" : "object",
2025-09-06T15:47:17.7719710Z             "properties" : {
2025-09-06T15:47:17.7719905Z               "compression" : {
2025-09-06T15:47:17.7720214Z                 "title" : "Controls compression for the TRAP files written by the extractor.",
2025-09-06T15:47:17.7721132Z                 "description" : "This option is only intended for use in debugging the extractor. Accepted values are 'gzip' (the default, to write gzip-compressed TRAP) 'zstd' (to write Zstandard-compressed TRAP) and 'none' (to write uncompressed TRAP).\n",
2025-09-06T15:47:17.7721920Z                 "type" : "string",
2025-09-06T15:47:17.7722143Z                 "pattern" : "^(none|gzip|zstd)$"
2025-09-06T15:47:17.7722367Z               }
2025-09-06T15:47:17.7722516Z             }
2025-09-06T15:47:17.7722668Z           }
2025-09-06T15:47:17.7722807Z         }
2025-09-06T15:47:17.7722954Z       }
2025-09-06T15:47:17.7723089Z     ],
2025-09-06T15:47:17.7723231Z     "go" : [
2025-09-06T15:47:17.7723375Z       {
2025-09-06T15:47:17.7723613Z         "extractor_root" : "/opt/hostedtoolcache/CodeQL/2.23.0/x64/codeql/go",
2025-09-06T15:47:17.7723924Z         "extractor_options" : {
2025-09-06T15:47:17.7724123Z           "extract_tests" : {
2025-09-06T15:47:17.7724406Z             "title" : "Whether to include Go test files in the CodeQL database.",
2025-09-06T15:47:17.7724955Z             "description" : "A value indicating whether Go test files should be included in the CodeQL database. The default is 'false'.\n",
2025-09-06T15:47:17.7725423Z             "type" : "string",
2025-09-06T15:47:17.7725621Z             "pattern" : "^(false|true)$"
2025-09-06T15:47:17.7725836Z           },
2025-09-06T15:47:17.7726002Z           "extract_vendor_dirs" : {
2025-09-06T15:47:17.7726315Z             "title" : "Whether to include Go vendor directories in the CodeQL database.",
2025-09-06T15:47:17.7727023Z             "description" : "A value indicating whether Go vendor directories should be included in the CodeQL database. The default is 'false'.\n",
2025-09-06T15:47:17.7727513Z             "type" : "string",
2025-09-06T15:47:17.7727714Z             "pattern" : "^(false|true)$"
2025-09-06T15:47:17.7727917Z           }
2025-09-06T15:47:17.7728059Z         }
2025-09-06T15:47:17.7728194Z       }
2025-09-06T15:47:17.7728334Z     ],
2025-09-06T15:47:17.7728475Z     "cpp" : [
2025-09-06T15:47:17.7728625Z       {
2025-09-06T15:47:17.7728865Z         "extractor_root" : "/opt/hostedtoolcache/CodeQL/2.23.0/x64/codeql/cpp",
2025-09-06T15:47:17.7729176Z         "extractor_options" : {
2025-09-06T15:47:17.7729371Z           "trap" : {
2025-09-06T15:47:17.7729548Z             "title" : "TRAP options",
2025-09-06T15:47:17.7729979Z             "description" : "Options about how the extractor handles TRAP files",
2025-09-06T15:47:17.7730283Z             "type" : "object",
2025-09-06T15:47:17.7730478Z             "visibility" : 3,
2025-09-06T15:47:17.7730670Z             "properties" : {
2025-09-06T15:47:17.7730864Z               "cache" : {
2025-09-06T15:47:17.7731065Z                 "title" : "TRAP cache options",
2025-09-06T15:47:17.7731393Z                 "description" : "Options about how the extractor handles its TRAP cache",
2025-09-06T15:47:17.7731720Z                 "type" : "object",
2025-09-06T15:47:17.7731927Z                 "properties" : {
2025-09-06T15:47:17.7732233Z                   "dir" : {
2025-09-06T15:47:17.7732482Z                     "title" : "TRAP cache directory",
2025-09-06T15:47:17.7732786Z                     "description" : "The directory of the TRAP cache to use",
2025-09-06T15:47:17.7733066Z                     "type" : "string"
2025-09-06T15:47:17.7733275Z                   },
2025-09-06T15:47:17.7733445Z                   "bound" : {
2025-09-06T15:47:17.7733646Z                     "title" : "TRAP cache bound",
2025-09-06T15:47:17.7733962Z                     "description" : "A soft limit (in MB) on the size of the TRAP cache",
2025-09-06T15:47:17.7734268Z                     "type" : "string",
2025-09-06T15:47:17.7734492Z                     "pattern" : "[0-9]+"
2025-09-06T15:47:17.7734701Z                   },
2025-09-06T15:47:17.7734876Z                   "write" : {
2025-09-06T15:47:17.7735080Z                     "title" : "TRAP cache writeable",
2025-09-06T15:47:17.7735428Z                     "description" : "Whether to write to the TRAP cache as well as reading it",
2025-09-06T15:47:17.7735767Z                     "type" : "string",
2025-09-06T15:47:17.7735995Z                     "pattern" : "(true|TRUE|false|FALSE)"
2025-09-06T15:47:17.7736224Z                   }
2025-09-06T15:47:17.7736377Z                 }
2025-09-06T15:47:17.7736628Z               }
2025-09-06T15:47:17.7736793Z             }
2025-09-06T15:47:17.7736941Z           },
2025-09-06T15:47:17.7737094Z           "scale_timeouts" : {
2025-09-06T15:47:17.7737366Z             "title" : "Value to scale compiler introspection timeouts with",
2025-09-06T15:47:17.7738617Z             "description" : "The extractor attempts to determine what compiler the source code being extracted is compiled with. To this end the extractor makes additional calls to the compiler, some of which are expected to return within a certain fixed time (either 10s or 15s). On some systems that are under high load this time might be too short, and can be scaled up using this option.\n",
2025-09-06T15:47:17.7739776Z             "type" : "string",
2025-09-06T15:47:17.7739974Z             "pattern" : "[0-9]+"
2025-09-06T15:47:17.7740160Z           },
2025-09-06T15:47:17.7740319Z           "log_verbosity" : {
2025-09-06T15:47:17.7740542Z             "title" : "Verbosity of the extractor logging",
2025-09-06T15:47:17.7741068Z             "description" : "Set the verbosity of the extractor logging to 'quiet' (0), 'normal' (1), 'chatty' (2), or 'noisy' (3). The default is 'normal'.\n",
2025-09-06T15:47:17.7741548Z             "type" : "string",
2025-09-06T15:47:17.7741739Z             "pattern" : "[0-3]"
2025-09-06T15:47:17.7741926Z           },
2025-09-06T15:47:17.7742082Z           "frontend_options" : {
2025-09-06T15:47:17.7742315Z             "title" : "C/C++ extractor frontend options",
2025-09-06T15:47:17.7742735Z             "description" : "Set additional options that should be passed to the C/C++ extractor frontend.\n",
2025-09-06T15:47:17.7743128Z             "type" : "array",
2025-09-06T15:47:17.7743325Z             "visibility" : 3
2025-09-06T15:47:17.7743504Z           }
2025-09-06T15:47:17.7743649Z         }
2025-09-06T15:47:17.7743788Z       }
2025-09-06T15:47:17.7743930Z     ],
2025-09-06T15:47:17.7744074Z     "yaml" : [
2025-09-06T15:47:17.7744230Z       {
2025-09-06T15:47:17.7744468Z         "extractor_root" : "/opt/hostedtoolcache/CodeQL/2.23.0/x64/codeql/yaml"
2025-09-06T15:47:17.7744931Z       }
2025-09-06T15:47:17.7745062Z     ],
2025-09-06T15:47:17.7745204Z     "html" : [
2025-09-06T15:47:17.7745350Z       {
2025-09-06T15:47:17.7745584Z         "extractor_root" : "/opt/hostedtoolcache/CodeQL/2.23.0/x64/codeql/html"
2025-09-06T15:47:17.7745883Z       }
2025-09-06T15:47:17.7746016Z     ],
2025-09-06T15:47:17.7746159Z     "swift" : [
2025-09-06T15:47:17.7746308Z       {
2025-09-06T15:47:17.7746687Z         "extractor_root" : "/opt/hostedtoolcache/CodeQL/2.23.0/x64/codeql/swift"
2025-09-06T15:47:17.7746985Z       }
2025-09-06T15:47:17.7747124Z     ],
2025-09-06T15:47:17.7747372Z     "csv" : [
2025-09-06T15:47:17.7747527Z       {
2025-09-06T15:47:17.7747755Z         "extractor_root" : "/opt/hostedtoolcache/CodeQL/2.23.0/x64/codeql/csv"
2025-09-06T15:47:17.7748050Z       }
2025-09-06T15:47:17.7748180Z     ],
2025-09-06T15:47:17.7748323Z     "actions" : [
2025-09-06T15:47:17.7748484Z       {
2025-09-06T15:47:17.7748730Z         "extractor_root" : "/opt/hostedtoolcache/CodeQL/2.23.0/x64/codeql/actions",
2025-09-06T15:47:17.7749057Z         "extractor_options" : {
2025-09-06T15:47:17.7749251Z           "trap" : {
2025-09-06T15:47:17.7749436Z             "title" : "TRAP options",
2025-09-06T15:47:17.7749735Z             "description" : "Options about how the extractor handles TRAP files",
2025-09-06T15:47:17.7750046Z             "type" : "object",
2025-09-06T15:47:17.7750237Z             "visibility" : 3,
2025-09-06T15:47:17.7750433Z             "properties" : {
2025-09-06T15:47:17.7750625Z               "cache" : {
2025-09-06T15:47:17.7750818Z                 "title" : "TRAP cache options",
2025-09-06T15:47:17.7751148Z                 "description" : "Options about how the extractor handles its TRAP cache",
2025-09-06T15:47:17.7751470Z                 "type" : "object",
2025-09-06T15:47:17.7751680Z                 "properties" : {
2025-09-06T15:47:17.7751872Z                   "dir" : {
2025-09-06T15:47:17.7752079Z                     "title" : "TRAP cache directory",
2025-09-06T15:47:17.7752375Z                     "description" : "The directory of the TRAP cache to use",
2025-09-06T15:47:17.7752660Z                     "type" : "string"
2025-09-06T15:47:17.7752861Z                   },
2025-09-06T15:47:17.7753025Z                   "bound" : {
2025-09-06T15:47:17.7753226Z                     "title" : "TRAP cache bound",
2025-09-06T15:47:17.7753528Z                     "description" : "A soft limit (in MB) on the size of the TRAP cache",
2025-09-06T15:47:17.7753839Z                     "type" : "string",
2025-09-06T15:47:17.7754057Z                     "pattern" : "[0-9]+"
2025-09-06T15:47:17.7754273Z                   },
2025-09-06T15:47:17.7754433Z                   "write" : {
2025-09-06T15:47:17.7754643Z                     "title" : "TRAP cache writeable",
2025-09-06T15:47:17.7754988Z                     "description" : "Whether to write to the TRAP cache as well as reading it",
2025-09-06T15:47:17.7755315Z                     "type" : "string",
2025-09-06T15:47:17.7755550Z                     "pattern" : "(true|TRUE|false|FALSE)"
2025-09-06T15:47:17.7755775Z                   }
2025-09-06T15:47:17.7755937Z                 }
2025-09-06T15:47:17.7756091Z               }
2025-09-06T15:47:17.7756246Z             }
2025-09-06T15:47:17.7756391Z           }
2025-09-06T15:47:17.7756647Z         }
2025-09-06T15:47:17.7756787Z       }
2025-09-06T15:47:17.7756930Z     ],
2025-09-06T15:47:17.7757073Z     "java" : [
2025-09-06T15:47:17.7757227Z       {
2025-09-06T15:47:17.7757470Z         "extractor_root" : "/opt/hostedtoolcache/CodeQL/2.23.0/x64/codeql/java",
2025-09-06T15:47:17.7757783Z         "extractor_options" : {
2025-09-06T15:47:17.7757985Z           "exclude" : {
2025-09-06T15:47:17.7758196Z             "title" : "A glob excluding files from analysis.",
2025-09-06T15:47:17.7774967Z             "description" : "A glob indicating what files to exclude from the analysis. This accepts glob patterns that are supported by Java's 'getPathMatcher' implementation.\n",
2025-09-06T15:47:17.7776033Z             "type" : "string"
2025-09-06T15:47:17.7776246Z           },
2025-09-06T15:47:17.7776421Z           "add_prefer_source" : {
2025-09-06T15:47:17.7776865Z             "title" : "Whether to always prefer source files over class files.",
2025-09-06T15:47:17.7777862Z             "description" : "A value indicating whether source files should be preferred over class files. If set to 'true', the extraction adds '-Xprefer:source' to the javac command line. If set to 'false', the extraction uses the default javac behavior ('-Xprefer:newer'). The default is 'true'.\n",
2025-09-06T15:47:17.7778878Z             "type" : "string",
2025-09-06T15:47:17.7779099Z             "pattern" : "^(false|true)$"
2025-09-06T15:47:17.7779311Z           },
2025-09-06T15:47:17.7779478Z           "buildless" : {
2025-09-06T15:47:17.7779776Z             "title" : "Whether to use buildless (standalone) extraction (experimental).",
2025-09-06T15:47:17.7781237Z             "description" : "A value indicating, which type of extraction the autobuilder should perform. If 'true', then the standalone extractor will be used, otherwise tracing extraction will be performed. The default is 'false'. Note that buildless extraction will generally yield less accurate analysis results, and should only be used in cases where it is not possible to build the code (for example if it uses inaccessible dependencies).\n",
2025-09-06T15:47:17.7782577Z             "type" : "string",
2025-09-06T15:47:17.7782785Z             "pattern" : "^(false|true)$"
2025-09-06T15:47:17.7783004Z           },
2025-09-06T15:47:17.7783174Z           "buildless_dependency_dir" : {
2025-09-06T15:47:17.7783545Z             "title" : "The path where buildless (standalone) extraction should keep dependencies.",
2025-09-06T15:47:17.7784106Z             "description" : "If set, the buildless (standalone) extractor will store dependencies in this directory.\n",
2025-09-06T15:47:17.7784518Z             "type" : "string"
2025-09-06T15:47:17.7784714Z           },
2025-09-06T15:47:17.7784883Z           "minimize_dependency_jars" : {
2025-09-06T15:47:17.7785244Z             "title" : "Whether to rewrite and minimize downloaded JAR dependencies (experimental).",
2025-09-06T15:47:17.7785965Z             "description" : "If 'true', JAR dependencies downloaded during extraction will be rewritten to remove unneeded data, such as method bodies. The default is 'false'.\n",
2025-09-06T15:47:17.7786647Z             "type" : "string",
2025-09-06T15:47:17.7786855Z             "pattern" : "^(false|true)$"
2025-09-06T15:47:17.7787062Z           }
2025-09-06T15:47:17.7787212Z         }
2025-09-06T15:47:17.7787354Z       }
2025-09-06T15:47:17.7787505Z     ]
2025-09-06T15:47:17.7787642Z   }
2025-09-06T15:47:17.7787789Z }
2025-09-06T15:47:17.7867602Z python does not support TRAP caching (missing option group)
2025-09-06T15:47:17.7868174Z Found 0 languages that support TRAP caching
2025-09-06T15:47:17.7872904Z Using overlay database mode: none without caching.
2025-09-06T15:47:17.7877649Z Not performing diff-informed analysis because we are not analyzing a pull request.
2025-09-06T15:47:17.7880411Z ##[endgroup]
2025-09-06T15:47:17.7895665Z While resolving threads, found a cgroup CPUs file with 4 CPUs in /sys/fs/cgroup/cpuset.cpus.effective.
2025-09-06T15:47:17.7901305Z Skipping download of dependency cache for python as we have no caching configuration for it.
2025-09-06T15:47:17.7912015Z Writing augmented user configuration file to /home/runner/work/_temp/user-config.yaml
2025-09-06T15:47:17.7913122Z ##[group]Augmented user configuration file contents
2025-09-06T15:47:17.7924470Z default-setup:
2025-09-06T15:47:17.7924868Z   org:
2025-09-06T15:47:17.7925147Z     model-packs: []
2025-09-06T15:47:17.7925478Z threat-models: []
2025-09-06T15:47:17.7925681Z 
2025-09-06T15:47:17.7926092Z ##[endgroup]
2025-09-06T15:47:17.7930069Z [command]/opt/hostedtoolcache/CodeQL/2.23.0/x64/codeql/codeql database init --force-overwrite --db-cluster /home/runner/work/_temp/codeql_databases --source-root=/home/runner/work/scratchattach/scratchattach --calculate-language-specific-baseline --extractor-include-aliases --sublanguage-file-coverage --language=python --codescanning-config=/home/runner/work/_temp/user-config.yaml --build-mode=none
2025-09-06T15:47:19.0750967Z Package install location: /home/runner/.codeql/packages
2025-09-06T15:47:19.0751519Z Nothing downloaded.
2025-09-06T15:47:19.7038717Z Calculating baseline information in /home/runner/work/scratchattach/scratchattach
2025-09-06T15:47:19.7750806Z Calculated baseline information for languages: python (69ms).
2025-09-06T15:47:22.8941677Z Resolving extractor python.
2025-09-06T15:47:22.8984133Z Successfully loaded extractor Python (python) from /opt/hostedtoolcache/CodeQL/2.23.0/x64/codeql/python.
2025-09-06T15:47:22.9248087Z Created skeleton CodeQL database at /home/runner/work/_temp/codeql_databases/python. This in-progress database is ready to be populated by an extractor.
2025-09-06T15:47:23.1042302Z ##[group]Run github/codeql-action/start-proxy@v3
2025-09-06T15:47:23.1042614Z with:
2025-09-06T15:47:23.1042786Z   language: python
2025-09-06T15:47:23.1042980Z   registry_secrets: []
2025-09-06T15:47:23.1043283Z   token: ***
2025-09-06T15:47:23.1043438Z env:
2025-09-06T15:47:23.1043606Z   CODE_SCANNING_REF: refs/heads/main
2025-09-06T15:47:23.1043836Z   CODE_SCANNING_BASE_BRANCH: 
2025-09-06T15:47:23.1044084Z   CODE_SCANNING_IS_ANALYZING_DEFAULT_BRANCH: true
2025-09-06T15:47:23.1044366Z   CODE_SCANNING_IS_STEADY_STATE_DEFAULT_SETUP: true
2025-09-06T15:47:23.1049997Z   CODE_SCANNING_WORKFLOW_FILE: H4sIAAAAAAAA/6RV32/bNhB+919x8AakfZDzsD0JKFDFURJvhp1aCrqsKAiaOslcZFLlD6dql/99oEjX0hrPGZqn8Pjdx7v7Pp0F3WIM46ks8N18PFJWRD7089evUHGzsesJ7lCYCReNNXrCZIFEMyoEFxVRVhCHh6enkRQxFK2gW85GIxS7eAQwXV6mJJsmi8VscU1W6dWLibF0nP9muEiylFysksX05qVMa6qRrBUVbPMc4ywjySKZ3//pDpfpVXI3z//nC1wTKmjdfnGHAktqa/PfL2Z5mlzekyxP8vTbo1ma393GYJTF73LeL1e/X82X78nVbJ6+tK5HqR7KWj6SktedQqO/5Fo7WXy56P4F8HonPgSvHPeWGsU/T2oqKksrl/u6gyordOR0dqBSye1v2XLxKqCVFQLVa98yQINqy7XmUmj/DgBlpjuCQlqEGJPCoDDDYEPZA61wGNTIrOKmjbqWdQyPihsc7Um4sBhJEaFSUsVQ0lr7S20UNVi1+ypKyuuopNr0QRB63oMAuGC1LfAQAIhgP5F430vvFoC5d6RqYzj/BnwOt7a8LqKtLDAGIQUOLv0YYzj7MLZrK4yNampQm/HHsyOlNK3ZSHGykmdgP1SINtgEaaNgoukG2YO0BhQ2UnMjVRsorXZqhmGcs4B7u/t1NCCYCW44rfkXBL+SBune8ufO5Z/qyJOdc8HN290vAfjIzeYg2b537R37va1Hz02iBz2E++ACGxQFCtZGjLINF5VP8hOboNhxJcUWhYE3b+DMlx1tpDZYnPWJPllU3FU3HsNPcOlXRxdtQdu9u4PDS17F8HdPorBqIo3GNvFAO6mqYQDANVFH7svSMXx44QrxoyZdFjw9wcceqdkopKYbTt1Rhtu9lpkrCxolP7dQSgUKK66N6zeQ8CL216dF1oYqE3XgY1of6AlTWKBwRgrCa2QKjZ5cz/KbuwuySq9nWb6apRm5XS3/uO9LcvisjjhmaNhbVKVU2+BWv0U116c7Civ40E34xfR/bvu/m/vqyM0yy0Mf7pObdGOYSGs6wboTcebqtzEguF2uThI0Uh0nmCZkmq7y2dVsmuTpKSpGCUNleMndGjpKereaZ6eorKr1gWAo+GHH9ZTaB13SPwEAAP//ZjEj+9wIAAA=
2025-09-06T15:47:23.1055620Z   CODEQL_ACTION_FEATURE_MULTI_LANGUAGE: false
2025-09-06T15:47:23.1055886Z   CODEQL_ACTION_FEATURE_SANDWICH: false
2025-09-06T15:47:23.1056131Z   CODEQL_ACTION_FEATURE_SARIF_COMBINE: true
2025-09-06T15:47:23.1056387Z   CODEQL_ACTION_FEATURE_WILL_UPLOAD: true
2025-09-06T15:47:23.1056716Z   CODEQL_ACTION_VERSION: 3.30.1
2025-09-06T15:47:23.1056967Z   JOB_RUN_UUID: fd491f46-2ba0-4f38-bf43-c6550078eaa4
2025-09-06T15:47:23.1057226Z   CODEQL_ACTION_INIT_HAS_RUN: true
2025-09-06T15:47:23.1057536Z   CODEQL_ACTION_ANALYSIS_KEY: dynamic/github-code-scanning/codeql:analyze
2025-09-06T15:47:23.1057897Z   CODEQL_WORKFLOW_STARTED_AT: 2025-09-06T15:47:09.979Z
2025-09-06T15:47:23.1058144Z   CODEQL_RAM: 14581
2025-09-06T15:47:23.1058316Z   CODEQL_THREADS: 4
2025-09-06T15:47:23.1058480Z ##[endgroup]
2025-09-06T15:47:23.1988188Z Using registry_secrets input.
2025-09-06T15:47:23.1989720Z No credentials found, skipping proxy setup.
2025-09-06T15:47:23.2139792Z ##[group]Run github/codeql-action/analyze@v3
2025-09-06T15:47:23.2140064Z with:
2025-09-06T15:47:23.2140245Z   category: /language:python
2025-09-06T15:47:23.2140463Z   output: ../results
2025-09-06T15:47:23.2140643Z   upload: always
2025-09-06T15:47:23.2140816Z   add-snippets: false
2025-09-06T15:47:23.2141003Z   skip-queries: false
2025-09-06T15:47:23.2141422Z   checkout_path: /home/runner/work/scratchattach/scratchattach
2025-09-06T15:47:23.2141736Z   upload-database: true
2025-09-06T15:47:23.2141935Z   wait-for-processing: true
2025-09-06T15:47:23.2142259Z   token: ***
2025-09-06T15:47:23.2142653Z   matrix: {
  "language": "python",
  "category": "/language:python",
  "build-mode": "none",
  "runner": "[\"ubuntu-latest\"]"
}
2025-09-06T15:47:23.2143105Z   expect-error: false
2025-09-06T15:47:23.2143290Z env:
2025-09-06T15:47:23.2143453Z   CODE_SCANNING_REF: refs/heads/main
2025-09-06T15:47:23.2143691Z   CODE_SCANNING_BASE_BRANCH: 
2025-09-06T15:47:23.2143978Z   CODE_SCANNING_IS_ANALYZING_DEFAULT_BRANCH: true
2025-09-06T15:47:23.2144263Z   CODE_SCANNING_IS_STEADY_STATE_DEFAULT_SETUP: true
2025-09-06T15:47:23.2149897Z   CODE_SCANNING_WORKFLOW_FILE: H4sIAAAAAAAA/6RV32/bNhB+919x8AakfZDzsD0JKFDFURJvhp1aCrqsKAiaOslcZFLlD6dql/99oEjX0hrPGZqn8Pjdx7v7Pp0F3WIM46ks8N18PFJWRD7089evUHGzsesJ7lCYCReNNXrCZIFEMyoEFxVRVhCHh6enkRQxFK2gW85GIxS7eAQwXV6mJJsmi8VscU1W6dWLibF0nP9muEiylFysksX05qVMa6qRrBUVbPMc4ywjySKZ3//pDpfpVXI3z//nC1wTKmjdfnGHAktqa/PfL2Z5mlzekyxP8vTbo1ma393GYJTF73LeL1e/X82X78nVbJ6+tK5HqR7KWj6SktedQqO/5Fo7WXy56P4F8HonPgSvHPeWGsU/T2oqKksrl/u6gyordOR0dqBSye1v2XLxKqCVFQLVa98yQINqy7XmUmj/DgBlpjuCQlqEGJPCoDDDYEPZA61wGNTIrOKmjbqWdQyPihsc7Um4sBhJEaFSUsVQ0lr7S20UNVi1+ypKyuuopNr0QRB63oMAuGC1LfAQAIhgP5F430vvFoC5d6RqYzj/BnwOt7a8LqKtLDAGIQUOLv0YYzj7MLZrK4yNampQm/HHsyOlNK3ZSHGykmdgP1SINtgEaaNgoukG2YO0BhQ2UnMjVRsorXZqhmGcs4B7u/t1NCCYCW44rfkXBL+SBune8ufO5Z/qyJOdc8HN290vAfjIzeYg2b537R37va1Hz02iBz2E++ACGxQFCtZGjLINF5VP8hOboNhxJcUWhYE3b+DMlx1tpDZYnPWJPllU3FU3HsNPcOlXRxdtQdu9u4PDS17F8HdPorBqIo3GNvFAO6mqYQDANVFH7svSMXx44QrxoyZdFjw9wcceqdkopKYbTt1Rhtu9lpkrCxolP7dQSgUKK66N6zeQ8CL216dF1oYqE3XgY1of6AlTWKBwRgrCa2QKjZ5cz/KbuwuySq9nWb6apRm5XS3/uO9LcvisjjhmaNhbVKVU2+BWv0U116c7Civ40E34xfR/bvu/m/vqyM0yy0Mf7pObdGOYSGs6wboTcebqtzEguF2uThI0Uh0nmCZkmq7y2dVsmuTpKSpGCUNleMndGjpKereaZ6eorKr1gWAo+GHH9ZTaB13SPwEAAP//ZjEj+9wIAAA=
2025-09-06T15:47:23.2155467Z   CODEQL_ACTION_FEATURE_MULTI_LANGUAGE: false
2025-09-06T15:47:23.2155728Z   CODEQL_ACTION_FEATURE_SANDWICH: false
2025-09-06T15:47:23.2155980Z   CODEQL_ACTION_FEATURE_SARIF_COMBINE: true
2025-09-06T15:47:23.2156237Z   CODEQL_ACTION_FEATURE_WILL_UPLOAD: true
2025-09-06T15:47:23.2156478Z   CODEQL_ACTION_VERSION: 3.30.1
2025-09-06T15:47:23.2156895Z   JOB_RUN_UUID: fd491f46-2ba0-4f38-bf43-c6550078eaa4
2025-09-06T15:47:23.2157158Z   CODEQL_ACTION_INIT_HAS_RUN: true
2025-09-06T15:47:23.2157474Z   CODEQL_ACTION_ANALYSIS_KEY: dynamic/github-code-scanning/codeql:analyze
2025-09-06T15:47:23.2157837Z   CODEQL_WORKFLOW_STARTED_AT: 2025-09-06T15:47:09.979Z
2025-09-06T15:47:23.2158106Z   CODEQL_RAM: 14581
2025-09-06T15:47:23.2158275Z   CODEQL_THREADS: 4
2025-09-06T15:47:23.2158454Z   CODEQL_PROXY_HOST: 
2025-09-06T15:47:23.2158638Z   CODEQL_PROXY_PORT: 
2025-09-06T15:47:23.2158821Z   CODEQL_PROXY_CA_CERTIFICATE: 
2025-09-06T15:47:23.2159033Z   CODEQL_PROXY_URLS: 
2025-09-06T15:47:23.2159207Z ##[endgroup]
2025-09-06T15:47:24.2301080Z While resolving threads, found a cgroup CPUs file with 4 CPUs in /sys/fs/cgroup/cpuset.cpus.effective.
2025-09-06T15:47:24.2336140Z Not performing diff-informed analysis because we are not analyzing a pull request.
2025-09-06T15:47:24.2425289Z ##[group]Extracting python
2025-09-06T15:47:24.2429479Z [command]/opt/hostedtoolcache/CodeQL/2.23.0/x64/codeql/codeql database trace-command --use-build-mode --working-dir /home/runner/work/scratchattach/scratchattach /home/runner/work/_temp/codeql_databases/python
2025-09-06T15:47:25.0163446Z Running command in /home/runner/work/scratchattach/scratchattach: [/opt/hostedtoolcache/CodeQL/2.23.0/x64/codeql/python/tools/autobuild.sh]
2025-09-06T15:47:25.1084909Z [2025-09-06 15:47:25] [build-stderr] /bin/sh: 1: python2: not found
2025-09-06T15:47:25.1392623Z [2025-09-06 15:47:25] [build-stdout] Source root appears to be the real root.
2025-09-06T15:47:25.1393536Z [2025-09-06 15:47:25] [build-stdout] Will try to guess Python version, as it was not specified in `lgtm.yml`
2025-09-06T15:47:25.1399581Z [2025-09-06 15:47:25] [build-stdout] Trying to guess Python version based on Trove classifiers in setup.py
2025-09-06T15:47:25.1402521Z [2025-09-06 15:47:25] [build-stdout] Did not find setup.py (expected it to be at /home/runner/work/scratchattach/scratchattach/setup.py)
2025-09-06T15:47:25.1404551Z [2025-09-06 15:47:25] [build-stdout] Trying to guess Python version based on travis file
2025-09-06T15:47:25.1420015Z [2025-09-06 15:47:25] [build-stdout] Did not find any travis files (expected them at either ['/home/runner/work/scratchattach/scratchattach/.travis.yml', '/home/runner/work/scratchattach/scratchattach/travis.yml'])
2025-09-06T15:47:25.1422936Z [2025-09-06 15:47:25] [build-stdout] Trying to guess Python version based on installed versions
2025-09-06T15:47:25.1424810Z [2025-09-06 15:47:25] [build-stdout] Wanted to run Python 2, but it is not available. Using Python 3 instead
2025-09-06T15:47:25.1425872Z [2025-09-06 15:47:25] [build-stdout] This script is running Python 3, but Python 2 is also available (as 'python3')
2025-09-06T15:47:25.1427069Z [2025-09-06 15:47:25] [build-stdout] Could not guess Python version, will use default: Python 3
2025-09-06T15:47:25.1429073Z [2025-09-06 15:47:25] [build-stdout] Calling python3 -S /opt/hostedtoolcache/CodeQL/2.23.0/x64/codeql/python/tools/python_tracer.py --verbosity 3 -z all -c /home/runner/work/_temp/codeql_databases/python/working/trap_cache -R /home/runner/work/scratchattach/scratchattach
2025-09-06T15:47:25.4848310Z [2025-09-06 15:47:25] [build-stdout] INFO: The Python extractor has recently stopped extracting the standard library by default. If you encounter problems, please let us know by submitting an issue to https://github.com/github/codeql. It is possible to re-enable extraction of the standard library by setting the environment variable CODEQL_EXTRACTOR_PYTHON_EXTRACT_STDLIB.
2025-09-06T15:47:25.4862411Z [2025-09-06 15:47:25] [build-stdout] [INFO] Extraction will use the Python 3 standard library.
2025-09-06T15:47:25.4868373Z [2025-09-06 15:47:25] [build-stdout] [INFO] sys_path is: ['/opt/hostedtoolcache/CodeQL/2.23.0/x64/codeql/python/tools', '/usr/lib/python312.zip', '/usr/lib/python3.12', '/usr/lib/python3.12/lib-dynload']
2025-09-06T15:47:25.4873245Z [2025-09-06 15:47:25] [build-stdout] [INFO] Python version 3.12.3
2025-09-06T15:47:25.4875045Z [2025-09-06 15:47:25] [build-stdout] [INFO] Python extractor version 7.1.3
2025-09-06T15:47:25.5721057Z [2025-09-06 15:47:25] [build-stdout] [INFO] [3] Extracted file /home/runner/work/scratchattach/scratchattach/test1.py in 15ms
2025-09-06T15:47:25.5759694Z [2025-09-06 15:47:25] [build-stdout] [INFO] [2] Extracted file /home/runner/work/scratchattach/scratchattach/test2.py in 18ms
2025-09-06T15:47:25.5854323Z [2025-09-06 15:47:25] [build-stdout] [INFO] [4] Extracted file /home/runner/work/scratchattach/scratchattach/test3.py in 22ms
2025-09-06T15:47:25.5969702Z [2025-09-06 15:47:25] [build-stdout] [INFO] [1] Extracted file /home/runner/work/scratchattach/scratchattach/test4.py in 36ms
2025-09-06T15:47:25.6083135Z [2025-09-06 15:47:25] [build-stdout] [INFO] [1] Extracted file /home/runner/work/scratchattach/scratchattach/install.py in 4ms
2025-09-06T15:47:25.6220830Z [2025-09-06 15:47:25] [build-stdout] [INFO] [4] Extracted file /home/runner/work/scratchattach/scratchattach/message_viewer.py in 42ms
2025-09-06T15:47:25.6226774Z [2025-09-06 15:47:25] [build-stdout] [INFO] [4] Skipped built-in file /usr/lib/python3.12/os.py
2025-09-06T15:47:25.6249598Z [2025-09-06 15:47:25] [build-stdout] [INFO] [4] Extracted module sys in 0ms
2025-09-06T15:47:25.6310142Z [2025-09-06 15:47:25] [build-stdout] [INFO] [4] Extracted module time in 7ms
2025-09-06T15:47:25.6316720Z [2025-09-06 15:47:25] [build-stdout] [INFO] [4] Skipped built-in file /usr/lib/python3.12/warnings.py
2025-09-06T15:47:25.6330269Z [2025-09-06 15:47:25] [build-stdout] [INFO] [2] Extracted file /home/runner/work/scratchattach/scratchattach/scratch_chat_db.py in 58ms
2025-09-06T15:47:25.6340401Z [2025-09-06 15:47:25] [build-stdout] [INFO] [4] Skipped built-in file /usr/lib/python3.12/json/__init__.py
2025-09-06T15:47:25.6349915Z [2025-09-06 15:47:25] [build-stdout] [INFO] [4] Extracted folder /usr/lib/python3.12/json in 1ms
2025-09-06T15:47:25.6572706Z [2025-09-06 15:47:25] [build-stdout] [INFO] [1] Extracted file /home/runner/work/scratchattach/scratchattach/scratch_chat_requests.py in 55ms
2025-09-06T15:47:25.6609084Z [2025-09-06 15:47:25] [build-stdout] [INFO] [3] Extracted file /home/runner/work/scratchattach/scratchattach/aesthetic_prioritizing.py in 87ms
2025-09-06T15:47:25.7004406Z [2025-09-06 15:47:25] [build-stdout] [INFO] Processed 15 modules in 0.21s
2025-09-06T15:47:25.7422622Z ##[endgroup]
2025-09-06T15:47:25.7429353Z ##[group]Finalizing python
2025-09-06T15:47:25.7431052Z [command]/opt/hostedtoolcache/CodeQL/2.23.0/x64/codeql/codeql database finalize --finalize-dataset --threads=4 --ram=14581 /home/runner/work/_temp/codeql_databases/python
2025-09-06T15:47:26.5105798Z Running pre-finalize script /opt/hostedtoolcache/CodeQL/2.23.0/x64/codeql/python/tools/pre-finalize.sh in /home/runner/work/scratchattach/scratchattach.
2025-09-06T15:47:26.5876725Z Running command in /home/runner/work/scratchattach/scratchattach: [/opt/hostedtoolcache/CodeQL/2.23.0/x64/codeql/python/tools/pre-finalize.sh]
2025-09-06T15:47:27.3271280Z [2025-09-06 15:47:27] [build-stderr] Scanning for files in /home/runner/work/scratchattach/scratchattach...
2025-09-06T15:47:27.4175215Z [2025-09-06 15:47:27] [build-stderr] /home/runner/work/_temp/codeql_databases/python: Indexing files in in /home/runner/work/scratchattach/scratchattach...
2025-09-06T15:47:27.4501546Z [2025-09-06 15:47:27] [build-stderr] Running command in /home/runner/work/scratchattach/scratchattach: [/opt/hostedtoolcache/CodeQL/2.23.0/x64/codeql/yaml/tools/index-files.sh, /home/runner/work/_temp/codeql_databases/python/working/files-to-index11845744075653898996.list]
2025-09-06T15:47:27.8541422Z Pre-finalize script /opt/hostedtoolcache/CodeQL/2.23.0/x64/codeql/python/tools/pre-finalize.sh completed in 1344 ms.
2025-09-06T15:47:27.8574887Z Running TRAP import for CodeQL database at /home/runner/work/_temp/codeql_databases/python...
2025-09-06T15:47:28.6149036Z Importing TRAP files
2025-09-06T15:47:29.0241523Z Merging relations
2025-09-06T15:47:29.2920252Z Finished writing database (relations: 94.67 KiB; string pool: 2.08 MiB).
2025-09-06T15:47:29.3274597Z TRAP import complete (1.5s).
2025-09-06T15:47:29.5360655Z Finished zipping source archive (11.13 KiB).
2025-09-06T15:47:29.5689727Z ##[endgroup]
2025-09-06T15:47:29.5695119Z ##[group]Running queries for python
2025-09-06T15:47:29.5697275Z [command]/opt/hostedtoolcache/CodeQL/2.23.0/x64/codeql/codeql database run-queries --ram=14581 --threads=4 --expect-discarded-cache /home/runner/work/_temp/codeql_databases/python --intra-layer-parallelism --min-disk-free=1024 -v
2025-09-06T15:47:30.2956139Z Writing logs to /home/runner/work/_temp/codeql_databases/python/log/database-run-queries-20250906.154730.292.log.
2025-09-06T15:47:30.3450815Z Stringpool size measured as 2179482
2025-09-06T15:47:30.9578303Z Writing logs to /home/runner/work/_temp/codeql_databases/python/log/execute-queries-20250906.154730.951.log.
2025-09-06T15:47:31.2911509Z Recording pack reference codeql/python-queries at /opt/hostedtoolcache/CodeQL/2.23.0/x64/codeql/qlpacks/codeql/python-queries/1.6.4.
2025-09-06T15:47:33.2103806Z Compiling in 3 threads due to RAM limits.
2025-09-06T15:47:34.3270807Z [1/43] Loaded /opt/hostedtoolcache/CodeQL/2.23.0/x64/codeql/qlpacks/codeql/python-queries/1.6.4/Security/CWE-116/BadTagFilter.qlx.
2025-09-06T15:47:34.5082916Z [2/43] Loaded /opt/hostedtoolcache/CodeQL/2.23.0/x64/codeql/qlpacks/codeql/python-queries/1.6.4/Security/CWE-209/StackTraceExposure.qlx.
2025-09-06T15:47:34.6182806Z [3/43] Loaded /opt/hostedtoolcache/CodeQL/2.23.0/x64/codeql/qlpacks/codeql/python-queries/1.6.4/Security/CWE-327/InsecureProtocol.qlx.
2025-09-06T15:47:34.6569767Z [4/43] Loaded /opt/hostedtoolcache/CodeQL/2.23.0/x64/codeql/qlpacks/codeql/python-queries/1.6.4/Security/CWE-090/LdapInjection.qlx.
2025-09-06T15:47:34.7047672Z [5/43] Loaded /opt/hostedtoolcache/CodeQL/2.23.0/x64/codeql/qlpacks/codeql/python-queries/1.6.4/Security/CWE-327/InsecureDefaultProtocol.qlx.
2025-09-06T15:47:34.7230958Z [6/43] Loaded /opt/hostedtoolcache/CodeQL/2.23.0/x64/codeql/qlpacks/codeql/python-queries/1.6.4/Security/CWE-327/BrokenCryptoAlgorithm.qlx.
2025-09-06T15:47:34.7741586Z [7/43] Loaded /opt/hostedtoolcache/CodeQL/2.23.0/x64/codeql/qlpacks/codeql/python-queries/1.6.4/Security/CWE-327/WeakSensitiveDataHashing.qlx.
2025-09-06T15:47:34.9421735Z [8/43] Loaded /opt/hostedtoolcache/CodeQL/2.23.0/x64/codeql/qlpacks/codeql/python-queries/1.6.4/Security/CWE-074/TemplateInjection.qlx.
2025-09-06T15:47:34.9879777Z [9/43] Loaded /opt/hostedtoolcache/CodeQL/2.23.0/x64/codeql/qlpacks/codeql/python-queries/1.6.4/Security/CWE-776/XmlBomb.qlx.
2025-09-06T15:47:35.0100285Z [10/43] Loaded /opt/hostedtoolcache/CodeQL/2.23.0/x64/codeql/qlpacks/codeql/python-queries/1.6.4/Security/CWE-643/XpathInjection.qlx.
2025-09-06T15:47:35.0220685Z [11/43] Loaded /opt/hostedtoolcache/CodeQL/2.23.0/x64/codeql/qlpacks/codeql/python-queries/1.6.4/Security/CVE-2018-1281/BindToAllInterfaces.qlx.
2025-09-06T15:47:35.0493511Z [12/43] Loaded /opt/hostedtoolcache/CodeQL/2.23.0/x64/codeql/qlpacks/codeql/python-queries/1.6.4/Security/CWE-295/MissingHostKeyValidation.qlx.
2025-09-06T15:47:35.1111230Z [13/43] Loaded /opt/hostedtoolcache/CodeQL/2.23.0/x64/codeql/qlpacks/codeql/python-queries/1.6.4/Security/CWE-352/CSRFProtectionDisabled.qlx.
2025-09-06T15:47:35.2070451Z [14/43] Loaded /opt/hostedtoolcache/CodeQL/2.23.0/x64/codeql/qlpacks/codeql/python-queries/1.6.4/Security/CWE-094/CodeInjection.qlx.
2025-09-06T15:47:35.2212473Z [15/43] Loaded /opt/hostedtoolcache/CodeQL/2.23.0/x64/codeql/qlpacks/codeql/python-queries/1.6.4/Security/CWE-918/FullServerSideRequestForgery.qlx.
2025-09-06T15:47:35.2893483Z [16/43] Loaded /opt/hostedtoolcache/CodeQL/2.23.0/x64/codeql/qlpacks/codeql/python-queries/1.6.4/Security/CWE-730/PolynomialReDoS.qlx.
2025-09-06T15:47:35.3067683Z [17/43] Loaded /opt/hostedtoolcache/CodeQL/2.23.0/x64/codeql/qlpacks/codeql/python-queries/1.6.4/Security/CWE-730/ReDoS.qlx.
2025-09-06T15:47:35.4378933Z [18/43] Loaded /opt/hostedtoolcache/CodeQL/2.23.0/x64/codeql/qlpacks/codeql/python-queries/1.6.4/Security/CWE-730/RegexInjection.qlx.
2025-09-06T15:47:35.4461904Z [19/43] Loaded /opt/hostedtoolcache/CodeQL/2.23.0/x64/codeql/qlpacks/codeql/python-queries/1.6.4/Security/CWE-614/InsecureCookie.qlx.
2025-09-06T15:47:35.5004452Z [20/43] Loaded /opt/hostedtoolcache/CodeQL/2.23.0/x64/codeql/qlpacks/codeql/python-queries/1.6.4/Security/CWE-502/UnsafeDeserialization.qlx.
2025-09-06T15:47:35.5718095Z [21/43] Loaded /opt/hostedtoolcache/CodeQL/2.23.0/x64/codeql/qlpacks/codeql/python-queries/1.6.4/Security/CWE-312/CleartextStorage.qlx.
2025-09-06T15:47:35.6260654Z [22/43] Loaded /opt/hostedtoolcache/CodeQL/2.23.0/x64/codeql/qlpacks/codeql/python-queries/1.6.4/Security/CWE-078/CommandInjection.qlx.
2025-09-06T15:47:35.6262475Z [23/43] Loaded /opt/hostedtoolcache/CodeQL/2.23.0/x64/codeql/qlpacks/codeql/python-queries/1.6.4/Security/CWE-312/CleartextLogging.qlx.
2025-09-06T15:47:35.6306134Z [24/43] Loaded /opt/hostedtoolcache/CodeQL/2.23.0/x64/codeql/qlpacks/codeql/python-queries/1.6.4/Security/CWE-326/WeakCryptoKey.qlx.
2025-09-06T15:47:35.6668376Z [25/43] Loaded /opt/hostedtoolcache/CodeQL/2.23.0/x64/codeql/qlpacks/codeql/python-queries/1.6.4/Security/CWE-377/InsecureTemporaryFile.qlx.
2025-09-06T15:47:35.6854681Z [26/43] Loaded /opt/hostedtoolcache/CodeQL/2.23.0/x64/codeql/qlpacks/codeql/python-queries/1.6.4/Security/CWE-020/IncompleteUrlSubstringSanitization.qlx.
2025-09-06T15:47:35.7481817Z [27/43] Loaded /opt/hostedtoolcache/CodeQL/2.23.0/x64/codeql/qlpacks/codeql/python-queries/1.6.4/Security/CWE-020/OverlyLargeRange.qlx.
2025-09-06T15:47:35.8442017Z [28/43] Loaded /opt/hostedtoolcache/CodeQL/2.23.0/x64/codeql/qlpacks/codeql/python-queries/1.6.4/Security/CWE-113/HeaderInjection.qlx.
2025-09-06T15:47:35.8540070Z [29/43] Loaded /opt/hostedtoolcache/CodeQL/2.23.0/x64/codeql/qlpacks/codeql/python-queries/1.6.4/Security/CWE-943/NoSqlInjection.qlx.
2025-09-06T15:47:35.8848540Z [30/43] Loaded /opt/hostedtoolcache/CodeQL/2.23.0/x64/codeql/qlpacks/codeql/python-queries/1.6.4/Security/CWE-020/CookieInjection.qlx.
2025-09-06T15:47:35.9199172Z [31/43] Loaded /opt/hostedtoolcache/CodeQL/2.23.0/x64/codeql/qlpacks/codeql/python-queries/1.6.4/Security/CWE-020/IncompleteHostnameRegExp.qlx.
2025-09-06T15:47:36.0040875Z [32/43] Loaded /opt/hostedtoolcache/CodeQL/2.23.0/x64/codeql/qlpacks/codeql/python-queries/1.6.4/Security/CWE-079/ReflectedXss.qlx.
2025-09-06T15:47:36.1229224Z [33/43] Loaded /opt/hostedtoolcache/CodeQL/2.23.0/x64/codeql/qlpacks/codeql/python-queries/1.6.4/Security/CWE-022/PathInjection.qlx.
2025-09-06T15:47:36.1465304Z [34/43] Loaded /opt/hostedtoolcache/CodeQL/2.23.0/x64/codeql/qlpacks/codeql/python-queries/1.6.4/Security/CWE-285/PamAuthorization.qlx.
2025-09-06T15:47:36.1596144Z [35/43] Loaded /opt/hostedtoolcache/CodeQL/2.23.0/x64/codeql/qlpacks/codeql/python-queries/1.6.4/Security/CWE-215/FlaskDebug.qlx.
2025-09-06T15:47:36.3650093Z [36/43] Loaded /opt/hostedtoolcache/CodeQL/2.23.0/x64/codeql/qlpacks/codeql/python-queries/1.6.4/Security/CWE-601/UrlRedirect.qlx.
2025-09-06T15:47:36.4000552Z [37/43] Loaded /opt/hostedtoolcache/CodeQL/2.23.0/x64/codeql/qlpacks/codeql/python-queries/1.6.4/Security/CWE-611/Xxe.qlx.
2025-09-06T15:47:36.4059391Z [38/43] Loaded /opt/hostedtoolcache/CodeQL/2.23.0/x64/codeql/qlpacks/codeql/python-queries/1.6.4/Security/CWE-089/SqlInjection.qlx.
2025-09-06T15:47:36.4111994Z [39/43] Loaded /opt/hostedtoolcache/CodeQL/2.23.0/x64/codeql/qlpacks/codeql/python-queries/1.6.4/Diagnostics/ExtractionWarnings.qlx.
2025-09-06T15:47:36.4122352Z [40/43] Loaded /opt/hostedtoolcache/CodeQL/2.23.0/x64/codeql/qlpacks/codeql/python-queries/1.6.4/Diagnostics/ExtractedFiles.qlx.
2025-09-06T15:47:36.4145922Z [41/43] Loaded /opt/hostedtoolcache/CodeQL/2.23.0/x64/codeql/qlpacks/codeql/python-queries/1.6.4/Expressions/UseofInput.qlx.
2025-09-06T15:47:36.4260409Z [42/43] Loaded /opt/hostedtoolcache/CodeQL/2.23.0/x64/codeql/qlpacks/codeql/python-queries/1.6.4/Summary/LinesOfCode.qlx.
2025-09-06T15:47:36.4266795Z [43/43] Loaded /opt/hostedtoolcache/CodeQL/2.23.0/x64/codeql/qlpacks/codeql/python-queries/1.6.4/Summary/LinesOfUserCode.qlx.
2025-09-06T15:47:36.7668609Z Starting evaluation of codeql/python-queries/Diagnostics/ExtractedFiles.ql.
2025-09-06T15:47:36.7687625Z Starting evaluation of codeql/python-queries/Diagnostics/ExtractionWarnings.ql.
2025-09-06T15:47:36.7688775Z Starting evaluation of codeql/python-queries/Expressions/UseofInput.ql.
2025-09-06T15:47:36.7690070Z Starting evaluation of codeql/python-queries/Security/CVE-2018-1281/BindToAllInterfaces.ql.
2025-09-06T15:47:36.7727292Z Starting evaluation of codeql/python-queries/Security/CWE-020/CookieInjection.ql.
2025-09-06T15:47:36.7731474Z Starting evaluation of codeql/python-queries/Security/CWE-020/IncompleteHostnameRegExp.ql.
2025-09-06T15:47:37.0429458Z [1/43 eval 252ms] Evaluation done; writing results to codeql/python-queries/Diagnostics/ExtractedFiles.bqrs.
2025-09-06T15:47:37.0484807Z [2/43 eval 283ms] Evaluation done; writing results to codeql/python-queries/Diagnostics/ExtractionWarnings.bqrs.
2025-09-06T15:47:37.8423447Z Starting evaluation of codeql/python-queries/Security/CWE-020/IncompleteUrlSubstringSanitization.ql.
2025-09-06T15:47:37.8628792Z [3/43 eval 21ms] Evaluation done; writing results to codeql/python-queries/Security/CWE-020/IncompleteUrlSubstringSanitization.bqrs.
2025-09-06T15:47:37.8762693Z Starting evaluation of codeql/python-queries/Security/CWE-020/OverlyLargeRange.ql.
2025-09-06T15:47:37.8930361Z Starting evaluation of codeql/python-queries/Security/CWE-022/PathInjection.ql.
2025-09-06T15:47:37.9300946Z Starting evaluation of codeql/python-queries/Security/CWE-074/TemplateInjection.ql.
2025-09-06T15:47:38.0153934Z Starting evaluation of codeql/python-queries/Security/CWE-078/CommandInjection.ql.
2025-09-06T15:47:38.0522215Z Starting evaluation of codeql/python-queries/Security/CWE-079/ReflectedXss.ql.
2025-09-06T15:47:38.0712226Z Starting evaluation of codeql/python-queries/Security/CWE-089/SqlInjection.ql.
2025-09-06T15:47:38.0891692Z Starting evaluation of codeql/python-queries/Security/CWE-090/LdapInjection.ql.
2025-09-06T15:47:38.1017892Z Starting evaluation of codeql/python-queries/Security/CWE-094/CodeInjection.ql.
2025-09-06T15:47:38.1037172Z Starting evaluation of codeql/python-queries/Security/CWE-113/HeaderInjection.ql.
2025-09-06T15:47:38.1558050Z Starting evaluation of codeql/python-queries/Security/CWE-116/BadTagFilter.ql.
2025-09-06T15:47:38.1559060Z Starting evaluation of codeql/python-queries/Security/CWE-209/StackTraceExposure.ql.
2025-09-06T15:47:38.1712603Z Starting evaluation of codeql/python-queries/Security/CWE-215/FlaskDebug.ql.
2025-09-06T15:47:38.3637987Z Starting evaluation of codeql/python-queries/Security/CWE-285/PamAuthorization.ql.
2025-09-06T15:47:38.3757610Z Starting evaluation of codeql/python-queries/Security/CWE-295/MissingHostKeyValidation.ql.
2025-09-06T15:47:38.3802096Z Starting evaluation of codeql/python-queries/Security/CWE-312/CleartextLogging.ql.
2025-09-06T15:47:38.3830577Z Starting evaluation of codeql/python-queries/Security/CWE-312/CleartextStorage.ql.
2025-09-06T15:47:38.5353469Z Starting evaluation of codeql/python-queries/Security/CWE-326/WeakCryptoKey.ql.
2025-09-06T15:47:38.5412211Z Starting evaluation of codeql/python-queries/Security/CWE-327/BrokenCryptoAlgorithm.ql.
2025-09-06T15:47:38.5487717Z Starting evaluation of codeql/python-queries/Security/CWE-327/InsecureDefaultProtocol.ql.
2025-09-06T15:47:38.5528898Z Starting evaluation of codeql/python-queries/Security/CWE-327/InsecureProtocol.ql.
2025-09-06T15:47:38.5641048Z Starting evaluation of codeql/python-queries/Security/CWE-327/WeakSensitiveDataHashing.ql.
2025-09-06T15:47:38.5642184Z Starting evaluation of codeql/python-queries/Security/CWE-352/CSRFProtectionDisabled.ql.
2025-09-06T15:47:38.5698913Z Starting evaluation of codeql/python-queries/Security/CWE-377/InsecureTemporaryFile.ql.
2025-09-06T15:47:38.6007946Z [4/43 eval 34ms] Evaluation done; writing results to codeql/python-queries/Security/CWE-352/CSRFProtectionDisabled.bqrs.
2025-09-06T15:47:38.6009285Z Starting evaluation of codeql/python-queries/Security/CWE-502/UnsafeDeserialization.ql.
2025-09-06T15:47:38.6229971Z Starting evaluation of codeql/python-queries/Security/CWE-601/UrlRedirect.ql.
2025-09-06T15:47:38.6432509Z Starting evaluation of codeql/python-queries/Security/CWE-611/Xxe.ql.
2025-09-06T15:47:38.6701975Z Starting evaluation of codeql/python-queries/Security/CWE-614/InsecureCookie.ql.
2025-09-06T15:47:38.6763695Z Starting evaluation of codeql/python-queries/Security/CWE-643/XpathInjection.ql.
2025-09-06T15:47:38.6864413Z Starting evaluation of codeql/python-queries/Security/CWE-730/PolynomialReDoS.ql.
2025-09-06T15:47:38.8021914Z [5/43 eval 252ms] Evaluation done; writing results to codeql/python-queries/Security/CWE-327/InsecureDefaultProtocol.bqrs.
2025-09-06T15:47:38.8023809Z [6/43 eval 2s] Evaluation done; writing results to codeql/python-queries/Expressions/UseofInput.bqrs.
2025-09-06T15:47:38.8028981Z [7/43 eval 2s] Evaluation done; writing results to codeql/python-queries/Security/CVE-2018-1281/BindToAllInterfaces.bqrs.
2025-09-06T15:47:38.8080283Z [8/43 eval 431ms] Evaluation done; writing results to codeql/python-queries/Security/CWE-295/MissingHostKeyValidation.bqrs.
2025-09-06T15:47:38.9740738Z [9/43 eval 432ms] Evaluation done; writing results to codeql/python-queries/Security/CWE-327/BrokenCryptoAlgorithm.bqrs.
2025-09-06T15:47:38.9805604Z [10/43 eval 445ms] Evaluation done; writing results to codeql/python-queries/Security/CWE-326/WeakCryptoKey.bqrs.
2025-09-06T15:47:39.0589710Z [11/43 eval 496ms] Evaluation done; writing results to codeql/python-queries/Security/CWE-327/WeakSensitiveDataHashing.bqrs.
2025-09-06T15:47:39.0664791Z Starting evaluation of codeql/python-queries/Security/CWE-730/ReDoS.ql.
2025-09-06T15:47:39.0689503Z Starting evaluation of codeql/python-queries/Security/CWE-730/RegexInjection.ql.
2025-09-06T15:47:39.0946976Z Starting evaluation of codeql/python-queries/Security/CWE-776/XmlBomb.ql.
2025-09-06T15:47:39.1027664Z Starting evaluation of codeql/python-queries/Security/CWE-918/FullServerSideRequestForgery.ql.
2025-09-06T15:47:39.1373947Z Starting evaluation of codeql/python-queries/Security/CWE-943/NoSqlInjection.ql.
2025-09-06T15:47:39.1569482Z Starting evaluation of codeql/python-queries/Summary/LinesOfCode.ql.
2025-09-06T15:47:39.1575392Z Starting evaluation of codeql/python-queries/Summary/LinesOfUserCode.ql.
2025-09-06T15:47:39.1592622Z [12/43 eval 2ms] Evaluation done; writing results to codeql/python-queries/Summary/LinesOfCode.bqrs.
2025-09-06T15:47:39.1886222Z [13/43 eval 28ms] Evaluation done; writing results to codeql/python-queries/Summary/LinesOfUserCode.bqrs.
2025-09-06T15:47:39.5106696Z [14/43 eval 375ms] Evaluation done; writing results to codeql/python-queries/Security/CWE-943/NoSqlInjection.bqrs.
2025-09-06T15:47:39.6078694Z [15/43 eval 1.7s] Evaluation done; writing results to codeql/python-queries/Security/CWE-074/TemplateInjection.bqrs.
2025-09-06T15:47:39.6438728Z [16/43 eval 966ms] Evaluation done; writing results to codeql/python-queries/Security/CWE-643/XpathInjection.bqrs.
2025-09-06T15:47:39.6628812Z [17/43 eval 1s] Evaluation done; writing results to codeql/python-queries/Security/CWE-601/UrlRedirect.bqrs.
2025-09-06T15:47:39.7157909Z [18/43 eval 2.9s] Evaluation done; writing results to codeql/python-queries/Security/CWE-020/IncompleteHostnameRegExp.bqrs.
2025-09-06T15:47:39.7384578Z [19/43 eval 1.9s] Evaluation done; writing results to codeql/python-queries/Security/CWE-020/OverlyLargeRange.bqrs.
2025-09-06T15:47:39.7389148Z [20/43 eval 1.6s] Evaluation done; writing results to codeql/python-queries/Security/CWE-116/BadTagFilter.bqrs.
2025-09-06T15:47:39.7390311Z [21/43 eval 670ms] Evaluation done; writing results to codeql/python-queries/Security/CWE-730/ReDoS.bqrs.
2025-09-06T15:47:39.7391449Z [22/43 eval 1.1s] Evaluation done; writing results to codeql/python-queries/Security/CWE-730/PolynomialReDoS.bqrs.
2025-09-06T15:47:39.7914219Z [23/43 eval 3s] Evaluation done; writing results to codeql/python-queries/Security/CWE-020/CookieInjection.bqrs.
2025-09-06T15:47:39.8089264Z [24/43 eval 1.7s] Evaluation done; writing results to codeql/python-queries/Security/CWE-094/CodeInjection.bqrs.
2025-09-06T15:47:39.8717905Z [25/43 eval 1.2s] Evaluation done; writing results to codeql/python-queries/Security/CWE-611/Xxe.bqrs.
2025-09-06T15:47:39.9095794Z [26/43 eval 1.9s] Evaluation done; writing results to codeql/python-queries/Security/CWE-079/ReflectedXss.bqrs.
2025-09-06T15:47:39.9099343Z [27/43 eval 2s] Evaluation done; writing results to codeql/python-queries/Security/CWE-022/PathInjection.bqrs.
2025-09-06T15:47:39.9285632Z [28/43 eval 1.9s] Evaluation done; writing results to codeql/python-queries/Security/CWE-089/SqlInjection.bqrs.
2025-09-06T15:47:39.9288915Z [29/43 eval 1.9s] Evaluation done; writing results to codeql/python-queries/Security/CWE-078/CommandInjection.bqrs.
2025-09-06T15:47:39.9514844Z [30/43 eval 1.9s] Evaluation done; writing results to codeql/python-queries/Security/CWE-090/LdapInjection.bqrs.
2025-09-06T15:47:39.9726483Z [31/43 eval 1.9s] Evaluation done; writing results to codeql/python-queries/Security/CWE-113/HeaderInjection.bqrs.
2025-09-06T15:47:39.9772248Z [32/43 eval 1.8s] Evaluation done; writing results to codeql/python-queries/Security/CWE-209/StackTraceExposure.bqrs.
2025-09-06T15:47:39.9804548Z [33/43 eval 1.8s] Evaluation done; writing results to codeql/python-queries/Security/CWE-215/FlaskDebug.bqrs.
2025-09-06T15:47:40.0373091Z [34/43 eval 1.7s] Evaluation done; writing results to codeql/python-queries/Security/CWE-285/PamAuthorization.bqrs.
2025-09-06T15:47:40.0801003Z [35/43 eval 1.7s] Evaluation done; writing results to codeql/python-queries/Security/CWE-312/CleartextStorage.bqrs.
2025-09-06T15:47:40.1033036Z [36/43 eval 1.5s] Evaluation done; writing results to codeql/python-queries/Security/CWE-377/InsecureTemporaryFile.bqrs.
2025-09-06T15:47:40.1365950Z [37/43 eval 1.6s] Evaluation done; writing results to codeql/python-queries/Security/CWE-327/InsecureProtocol.bqrs.
2025-09-06T15:47:40.1418347Z [38/43 eval 1.5s] Evaluation done; writing results to codeql/python-queries/Security/CWE-502/UnsafeDeserialization.bqrs.
2025-09-06T15:47:40.1547117Z [39/43 eval 1.1s] Evaluation done; writing results to codeql/python-queries/Security/CWE-776/XmlBomb.bqrs.
2025-09-06T15:47:40.1707575Z [40/43 eval 1.1s] Evaluation done; writing results to codeql/python-queries/Security/CWE-730/RegexInjection.bqrs.
2025-09-06T15:47:40.1826665Z [41/43 eval 1.5s] Evaluation done; writing results to codeql/python-queries/Security/CWE-614/InsecureCookie.bqrs.
2025-09-06T15:47:40.1890707Z [42/43 eval 1.1s] Evaluation done; writing results to codeql/python-queries/Security/CWE-918/FullServerSideRequestForgery.bqrs.
2025-09-06T15:47:40.2125425Z [43/43 eval 1.8s] Evaluation done; writing results to codeql/python-queries/Security/CWE-312/CleartextLogging.bqrs.
2025-09-06T15:47:40.2131319Z Shutting down query evaluator.
2025-09-06T15:47:40.2909134Z ##[group]Interpreting results for python
2025-09-06T15:47:41.0074590Z Writing logs to /home/runner/work/_temp/codeql_databases/python/log/database-interpret-results-20250906.154741.004.log.
2025-09-06T15:47:41.1619593Z Recording pack reference codeql/python-queries at /opt/hostedtoolcache/CodeQL/2.23.0/x64/codeql/qlpacks/codeql/python-queries/1.6.4.
2025-09-06T15:47:41.1907394Z Resolving extensions
2025-09-06T15:47:42.9111994Z Interpreting /opt/hostedtoolcache/CodeQL/2.23.0/x64/codeql/qlpacks/codeql/python-queries/1.6.4/Security/CWE-116/BadTagFilter.ql...
2025-09-06T15:47:42.9329526Z  ... found results file at /home/runner/work/_temp/codeql_databases/python/results/codeql/python-queries/Security/CWE-116/BadTagFilter.bqrs.
2025-09-06T15:47:42.9482438Z Interpreting /opt/hostedtoolcache/CodeQL/2.23.0/x64/codeql/qlpacks/codeql/python-queries/1.6.4/Security/CWE-209/StackTraceExposure.ql...
2025-09-06T15:47:42.9621984Z  ... found results file at /home/runner/work/_temp/codeql_databases/python/results/codeql/python-queries/Security/CWE-209/StackTraceExposure.bqrs.
2025-09-06T15:47:42.9631872Z Interpreting /opt/hostedtoolcache/CodeQL/2.23.0/x64/codeql/qlpacks/codeql/python-queries/1.6.4/Security/CWE-090/LdapInjection.ql...
2025-09-06T15:47:42.9735851Z  ... found results file at /home/runner/work/_temp/codeql_databases/python/results/codeql/python-queries/Security/CWE-090/LdapInjection.bqrs.
2025-09-06T15:47:42.9744618Z Interpreting /opt/hostedtoolcache/CodeQL/2.23.0/x64/codeql/qlpacks/codeql/python-queries/1.6.4/Security/CWE-327/InsecureProtocol.ql...
2025-09-06T15:47:42.9849185Z  ... found results file at /home/runner/work/_temp/codeql_databases/python/results/codeql/python-queries/Security/CWE-327/InsecureProtocol.bqrs.
2025-09-06T15:47:42.9869291Z Interpreting /opt/hostedtoolcache/CodeQL/2.23.0/x64/codeql/qlpacks/codeql/python-queries/1.6.4/Security/CWE-327/WeakSensitiveDataHashing.ql...
2025-09-06T15:47:42.9950339Z  ... found results file at /home/runner/work/_temp/codeql_databases/python/results/codeql/python-queries/Security/CWE-327/WeakSensitiveDataHashing.bqrs.
2025-09-06T15:47:42.9979430Z Interpreting /opt/hostedtoolcache/CodeQL/2.23.0/x64/codeql/qlpacks/codeql/python-queries/1.6.4/Security/CWE-327/InsecureDefaultProtocol.ql...
2025-09-06T15:47:43.0059426Z  ... found results file at /home/runner/work/_temp/codeql_databases/python/results/codeql/python-queries/Security/CWE-327/InsecureDefaultProtocol.bqrs.
2025-09-06T15:47:43.0066477Z Interpreting /opt/hostedtoolcache/CodeQL/2.23.0/x64/codeql/qlpacks/codeql/python-queries/1.6.4/Security/CWE-327/BrokenCryptoAlgorithm.ql...
2025-09-06T15:47:43.0154595Z  ... found results file at /home/runner/work/_temp/codeql_databases/python/results/codeql/python-queries/Security/CWE-327/BrokenCryptoAlgorithm.bqrs.
2025-09-06T15:47:43.0160358Z Interpreting /opt/hostedtoolcache/CodeQL/2.23.0/x64/codeql/qlpacks/codeql/python-queries/1.6.4/Security/CWE-074/TemplateInjection.ql...
2025-09-06T15:47:43.0250609Z  ... found results file at /home/runner/work/_temp/codeql_databases/python/results/codeql/python-queries/Security/CWE-074/TemplateInjection.bqrs.
2025-09-06T15:47:43.0278311Z Interpreting /opt/hostedtoolcache/CodeQL/2.23.0/x64/codeql/qlpacks/codeql/python-queries/1.6.4/Security/CWE-643/XpathInjection.ql...
2025-09-06T15:47:43.0347158Z  ... found results file at /home/runner/work/_temp/codeql_databases/python/results/codeql/python-queries/Security/CWE-643/XpathInjection.bqrs.
2025-09-06T15:47:43.0355052Z Interpreting /opt/hostedtoolcache/CodeQL/2.23.0/x64/codeql/qlpacks/codeql/python-queries/1.6.4/Security/CWE-776/XmlBomb.ql...
2025-09-06T15:47:43.0430875Z  ... found results file at /home/runner/work/_temp/codeql_databases/python/results/codeql/python-queries/Security/CWE-776/XmlBomb.bqrs.
2025-09-06T15:47:43.0435987Z Interpreting /opt/hostedtoolcache/CodeQL/2.23.0/x64/codeql/qlpacks/codeql/python-queries/1.6.4/Security/CVE-2018-1281/BindToAllInterfaces.ql...
2025-09-06T15:47:43.0514998Z  ... found results file at /home/runner/work/_temp/codeql_databases/python/results/codeql/python-queries/Security/CVE-2018-1281/BindToAllInterfaces.bqrs.
2025-09-06T15:47:43.0521628Z Interpreting /opt/hostedtoolcache/CodeQL/2.23.0/x64/codeql/qlpacks/codeql/python-queries/1.6.4/Security/CWE-352/CSRFProtectionDisabled.ql...
2025-09-06T15:47:43.0588880Z  ... found results file at /home/runner/work/_temp/codeql_databases/python/results/codeql/python-queries/Security/CWE-352/CSRFProtectionDisabled.bqrs.
2025-09-06T15:47:43.0597617Z Interpreting /opt/hostedtoolcache/CodeQL/2.23.0/x64/codeql/qlpacks/codeql/python-queries/1.6.4/Security/CWE-295/MissingHostKeyValidation.ql...
2025-09-06T15:47:43.0673292Z  ... found results file at /home/runner/work/_temp/codeql_databases/python/results/codeql/python-queries/Security/CWE-295/MissingHostKeyValidation.bqrs.
2025-09-06T15:47:43.0678798Z Interpreting /opt/hostedtoolcache/CodeQL/2.23.0/x64/codeql/qlpacks/codeql/python-queries/1.6.4/Security/CWE-094/CodeInjection.ql...
2025-09-06T15:47:43.0749979Z  ... found results file at /home/runner/work/_temp/codeql_databases/python/results/codeql/python-queries/Security/CWE-094/CodeInjection.bqrs.
2025-09-06T15:47:43.0756672Z Interpreting /opt/hostedtoolcache/CodeQL/2.23.0/x64/codeql/qlpacks/codeql/python-queries/1.6.4/Security/CWE-918/FullServerSideRequestForgery.ql...
2025-09-06T15:47:43.0815777Z  ... found results file at /home/runner/work/_temp/codeql_databases/python/results/codeql/python-queries/Security/CWE-918/FullServerSideRequestForgery.bqrs.
2025-09-06T15:47:43.0821198Z Interpreting /opt/hostedtoolcache/CodeQL/2.23.0/x64/codeql/qlpacks/codeql/python-queries/1.6.4/Security/CWE-730/PolynomialReDoS.ql...
2025-09-06T15:47:43.0878415Z  ... found results file at /home/runner/work/_temp/codeql_databases/python/results/codeql/python-queries/Security/CWE-730/PolynomialReDoS.bqrs.
2025-09-06T15:47:43.0883358Z Interpreting /opt/hostedtoolcache/CodeQL/2.23.0/x64/codeql/qlpacks/codeql/python-queries/1.6.4/Security/CWE-730/RegexInjection.ql...
2025-09-06T15:47:43.0969910Z  ... found results file at /home/runner/work/_temp/codeql_databases/python/results/codeql/python-queries/Security/CWE-730/RegexInjection.bqrs.
2025-09-06T15:47:43.0971492Z Interpreting /opt/hostedtoolcache/CodeQL/2.23.0/x64/codeql/qlpacks/codeql/python-queries/1.6.4/Security/CWE-730/ReDoS.ql...
2025-09-06T15:47:43.1016039Z  ... found results file at /home/runner/work/_temp/codeql_databases/python/results/codeql/python-queries/Security/CWE-730/ReDoS.bqrs.
2025-09-06T15:47:43.1024822Z Interpreting /opt/hostedtoolcache/CodeQL/2.23.0/x64/codeql/qlpacks/codeql/python-queries/1.6.4/Security/CWE-502/UnsafeDeserialization.ql...
2025-09-06T15:47:43.1102893Z  ... found results file at /home/runner/work/_temp/codeql_databases/python/results/codeql/python-queries/Security/CWE-502/UnsafeDeserialization.bqrs.
2025-09-06T15:47:43.1104652Z Interpreting /opt/hostedtoolcache/CodeQL/2.23.0/x64/codeql/qlpacks/codeql/python-queries/1.6.4/Security/CWE-614/InsecureCookie.ql...
2025-09-06T15:47:43.1162464Z  ... found results file at /home/runner/work/_temp/codeql_databases/python/results/codeql/python-queries/Security/CWE-614/InsecureCookie.bqrs.
2025-09-06T15:47:43.1169412Z Interpreting /opt/hostedtoolcache/CodeQL/2.23.0/x64/codeql/qlpacks/codeql/python-queries/1.6.4/Security/CWE-078/CommandInjection.ql...
2025-09-06T15:47:43.1229072Z  ... found results file at /home/runner/work/_temp/codeql_databases/python/results/codeql/python-queries/Security/CWE-078/CommandInjection.bqrs.
2025-09-06T15:47:43.1230997Z Interpreting /opt/hostedtoolcache/CodeQL/2.23.0/x64/codeql/qlpacks/codeql/python-queries/1.6.4/Security/CWE-312/CleartextStorage.ql...
2025-09-06T15:47:43.1279494Z  ... found results file at /home/runner/work/_temp/codeql_databases/python/results/codeql/python-queries/Security/CWE-312/CleartextStorage.bqrs.
2025-09-06T15:47:43.1286226Z Interpreting /opt/hostedtoolcache/CodeQL/2.23.0/x64/codeql/qlpacks/codeql/python-queries/1.6.4/Security/CWE-312/CleartextLogging.ql...
2025-09-06T15:47:43.1335180Z  ... found results file at /home/runner/work/_temp/codeql_databases/python/results/codeql/python-queries/Security/CWE-312/CleartextLogging.bqrs.
2025-09-06T15:47:43.1342653Z Interpreting /opt/hostedtoolcache/CodeQL/2.23.0/x64/codeql/qlpacks/codeql/python-queries/1.6.4/Security/CWE-326/WeakCryptoKey.ql...
2025-09-06T15:47:43.1404502Z  ... found results file at /home/runner/work/_temp/codeql_databases/python/results/codeql/python-queries/Security/CWE-326/WeakCryptoKey.bqrs.
2025-09-06T15:47:43.1406203Z Interpreting /opt/hostedtoolcache/CodeQL/2.23.0/x64/codeql/qlpacks/codeql/python-queries/1.6.4/Security/CWE-113/HeaderInjection.ql...
2025-09-06T15:47:43.1462936Z  ... found results file at /home/runner/work/_temp/codeql_databases/python/results/codeql/python-queries/Security/CWE-113/HeaderInjection.bqrs.
2025-09-06T15:47:43.1467554Z Interpreting /opt/hostedtoolcache/CodeQL/2.23.0/x64/codeql/qlpacks/codeql/python-queries/1.6.4/Security/CWE-377/InsecureTemporaryFile.ql...
2025-09-06T15:47:43.1514220Z  ... found results file at /home/runner/work/_temp/codeql_databases/python/results/codeql/python-queries/Security/CWE-377/InsecureTemporaryFile.bqrs.
2025-09-06T15:47:43.1515966Z Interpreting /opt/hostedtoolcache/CodeQL/2.23.0/x64/codeql/qlpacks/codeql/python-queries/1.6.4/Security/CWE-943/NoSqlInjection.ql...
2025-09-06T15:47:43.1572727Z  ... found results file at /home/runner/work/_temp/codeql_databases/python/results/codeql/python-queries/Security/CWE-943/NoSqlInjection.bqrs.
2025-09-06T15:47:43.1574563Z Interpreting /opt/hostedtoolcache/CodeQL/2.23.0/x64/codeql/qlpacks/codeql/python-queries/1.6.4/Security/CWE-020/IncompleteUrlSubstringSanitization.ql...
2025-09-06T15:47:43.1615466Z  ... found results file at /home/runner/work/_temp/codeql_databases/python/results/codeql/python-queries/Security/CWE-020/IncompleteUrlSubstringSanitization.bqrs.
2025-09-06T15:47:43.1619955Z Interpreting /opt/hostedtoolcache/CodeQL/2.23.0/x64/codeql/qlpacks/codeql/python-queries/1.6.4/Security/CWE-020/OverlyLargeRange.ql...
2025-09-06T15:47:43.1676253Z  ... found results file at /home/runner/work/_temp/codeql_databases/python/results/codeql/python-queries/Security/CWE-020/OverlyLargeRange.bqrs.
2025-09-06T15:47:43.1682311Z Interpreting /opt/hostedtoolcache/CodeQL/2.23.0/x64/codeql/qlpacks/codeql/python-queries/1.6.4/Security/CWE-020/CookieInjection.ql...
2025-09-06T15:47:43.1739313Z  ... found results file at /home/runner/work/_temp/codeql_databases/python/results/codeql/python-queries/Security/CWE-020/CookieInjection.bqrs.
2025-09-06T15:47:43.1741451Z Interpreting /opt/hostedtoolcache/CodeQL/2.23.0/x64/codeql/qlpacks/codeql/python-queries/1.6.4/Security/CWE-020/IncompleteHostnameRegExp.ql...
2025-09-06T15:47:43.1790180Z  ... found results file at /home/runner/work/_temp/codeql_databases/python/results/codeql/python-queries/Security/CWE-020/IncompleteHostnameRegExp.bqrs.
2025-09-06T15:47:43.1797142Z Interpreting /opt/hostedtoolcache/CodeQL/2.23.0/x64/codeql/qlpacks/codeql/python-queries/1.6.4/Security/CWE-079/ReflectedXss.ql...
2025-09-06T15:47:43.1870437Z  ... found results file at /home/runner/work/_temp/codeql_databases/python/results/codeql/python-queries/Security/CWE-079/ReflectedXss.bqrs.
2025-09-06T15:47:43.1874820Z Interpreting /opt/hostedtoolcache/CodeQL/2.23.0/x64/codeql/qlpacks/codeql/python-queries/1.6.4/Security/CWE-022/PathInjection.ql...
2025-09-06T15:47:43.1921167Z  ... found results file at /home/runner/work/_temp/codeql_databases/python/results/codeql/python-queries/Security/CWE-022/PathInjection.bqrs.
2025-09-06T15:47:43.1927560Z Interpreting /opt/hostedtoolcache/CodeQL/2.23.0/x64/codeql/qlpacks/codeql/python-queries/1.6.4/Security/CWE-285/PamAuthorization.ql...
2025-09-06T15:47:43.1988208Z  ... found results file at /home/runner/work/_temp/codeql_databases/python/results/codeql/python-queries/Security/CWE-285/PamAuthorization.bqrs.
2025-09-06T15:47:43.1992592Z Interpreting /opt/hostedtoolcache/CodeQL/2.23.0/x64/codeql/qlpacks/codeql/python-queries/1.6.4/Security/CWE-601/UrlRedirect.ql...
2025-09-06T15:47:43.2022809Z  ... found results file at /home/runner/work/_temp/codeql_databases/python/results/codeql/python-queries/Security/CWE-601/UrlRedirect.bqrs.
2025-09-06T15:47:43.2029354Z Interpreting /opt/hostedtoolcache/CodeQL/2.23.0/x64/codeql/qlpacks/codeql/python-queries/1.6.4/Security/CWE-215/FlaskDebug.ql...
2025-09-06T15:47:43.2088807Z  ... found results file at /home/runner/work/_temp/codeql_databases/python/results/codeql/python-queries/Security/CWE-215/FlaskDebug.bqrs.
2025-09-06T15:47:43.2093036Z Interpreting /opt/hostedtoolcache/CodeQL/2.23.0/x64/codeql/qlpacks/codeql/python-queries/1.6.4/Security/CWE-089/SqlInjection.ql...
2025-09-06T15:47:43.2125970Z  ... found results file at /home/runner/work/_temp/codeql_databases/python/results/codeql/python-queries/Security/CWE-089/SqlInjection.bqrs.
2025-09-06T15:47:43.2132718Z Interpreting /opt/hostedtoolcache/CodeQL/2.23.0/x64/codeql/qlpacks/codeql/python-queries/1.6.4/Security/CWE-611/Xxe.ql...
2025-09-06T15:47:43.2258184Z  ... found results file at /home/runner/work/_temp/codeql_databases/python/results/codeql/python-queries/Security/CWE-611/Xxe.bqrs.
2025-09-06T15:47:43.2270562Z Interpreting /opt/hostedtoolcache/CodeQL/2.23.0/x64/codeql/qlpacks/codeql/python-queries/1.6.4/Expressions/UseofInput.ql...
2025-09-06T15:47:43.2305492Z  ... found results file at /home/runner/work/_temp/codeql_databases/python/results/codeql/python-queries/Expressions/UseofInput.bqrs.
2025-09-06T15:47:43.2313442Z Interpreting /opt/hostedtoolcache/CodeQL/2.23.0/x64/codeql/qlpacks/codeql/python-queries/1.6.4/Diagnostics/ExtractionWarnings.ql...
2025-09-06T15:47:43.2350008Z  ... found results file at /home/runner/work/_temp/codeql_databases/python/results/codeql/python-queries/Diagnostics/ExtractionWarnings.bqrs.
2025-09-06T15:47:43.2356424Z Interpreting /opt/hostedtoolcache/CodeQL/2.23.0/x64/codeql/qlpacks/codeql/python-queries/1.6.4/Diagnostics/ExtractedFiles.ql...
2025-09-06T15:47:43.2411439Z  ... found results file at /home/runner/work/_temp/codeql_databases/python/results/codeql/python-queries/Diagnostics/ExtractedFiles.bqrs.
2025-09-06T15:47:43.2413021Z Interpreting /opt/hostedtoolcache/CodeQL/2.23.0/x64/codeql/qlpacks/codeql/python-queries/1.6.4/Summary/LinesOfCode.ql...
2025-09-06T15:47:43.2443444Z  ... found results file at /home/runner/work/_temp/codeql_databases/python/results/codeql/python-queries/Summary/LinesOfCode.bqrs.
2025-09-06T15:47:43.2450347Z Interpreting /opt/hostedtoolcache/CodeQL/2.23.0/x64/codeql/qlpacks/codeql/python-queries/1.6.4/Summary/LinesOfUserCode.ql...
2025-09-06T15:47:43.2507095Z  ... found results file at /home/runner/work/_temp/codeql_databases/python/results/codeql/python-queries/Summary/LinesOfUserCode.bqrs.
2025-09-06T15:47:43.3025202Z Interpreted problem query "Bad HTML filtering regexp" (py/bad-tag-filter) at path /home/runner/work/_temp/codeql_databases/python/results/codeql/python-queries/Security/CWE-116/BadTagFilter.bqrs.
2025-09-06T15:47:43.3071031Z Interpreted pathproblem query "Information exposure through an exception" (py/stack-trace-exposure) at path /home/runner/work/_temp/codeql_databases/python/results/codeql/python-queries/Security/CWE-209/StackTraceExposure.bqrs.
2025-09-06T15:47:43.3074021Z Interpreted pathproblem query "LDAP query built from user-controlled sources" (py/ldap-injection) at path /home/runner/work/_temp/codeql_databases/python/results/codeql/python-queries/Security/CWE-090/LdapInjection.bqrs.
2025-09-06T15:47:43.3076728Z Interpreted problem query "Use of insecure SSL/TLS version" (py/insecure-protocol) at path /home/runner/work/_temp/codeql_databases/python/results/codeql/python-queries/Security/CWE-327/InsecureProtocol.bqrs.
2025-09-06T15:47:43.3079613Z Interpreted pathproblem query "Use of a broken or weak cryptographic hashing algorithm on sensitive data" (py/weak-sensitive-data-hashing) at path /home/runner/work/_temp/codeql_databases/python/results/codeql/python-queries/Security/CWE-327/WeakSensitiveDataHashing.bqrs.
2025-09-06T15:47:43.3082668Z Interpreted problem query "Default version of SSL/TLS may be insecure" (py/insecure-default-protocol) at path /home/runner/work/_temp/codeql_databases/python/results/codeql/python-queries/Security/CWE-327/InsecureDefaultProtocol.bqrs.
2025-09-06T15:47:43.3085566Z Interpreted problem query "Use of a broken or weak cryptographic algorithm" (py/weak-cryptographic-algorithm) at path /home/runner/work/_temp/codeql_databases/python/results/codeql/python-queries/Security/CWE-327/BrokenCryptoAlgorithm.bqrs.
2025-09-06T15:47:43.3088458Z Interpreted pathproblem query "Server Side Template Injection" (py/template-injection) at path /home/runner/work/_temp/codeql_databases/python/results/codeql/python-queries/Security/CWE-074/TemplateInjection.bqrs.
2025-09-06T15:47:43.3099617Z Interpreted pathproblem query "XPath query built from user-controlled sources" (py/xpath-injection) at path /home/runner/work/_temp/codeql_databases/python/results/codeql/python-queries/Security/CWE-643/XpathInjection.bqrs.
2025-09-06T15:47:43.3104533Z Interpreted pathproblem query "XML internal entity expansion" (py/xml-bomb) at path /home/runner/work/_temp/codeql_databases/python/results/codeql/python-queries/Security/CWE-776/XmlBomb.bqrs.
2025-09-06T15:47:43.3112796Z Interpreted problem query "Binding a socket to all network interfaces" (py/bind-socket-all-network-interfaces) at path /home/runner/work/_temp/codeql_databases/python/results/codeql/python-queries/Security/CVE-2018-1281/BindToAllInterfaces.bqrs.
2025-09-06T15:47:43.3115649Z Interpreted problem query "CSRF protection weakened or disabled" (py/csrf-protection-disabled) at path /home/runner/work/_temp/codeql_databases/python/results/codeql/python-queries/Security/CWE-352/CSRFProtectionDisabled.bqrs.
2025-09-06T15:47:43.3121176Z Interpreted problem query "Accepting unknown SSH host keys when using Paramiko" (py/paramiko-missing-host-key-validation) at path /home/runner/work/_temp/codeql_databases/python/results/codeql/python-queries/Security/CWE-295/MissingHostKeyValidation.bqrs.
2025-09-06T15:47:43.3123872Z Interpreted pathproblem query "Code injection" (py/code-injection) at path /home/runner/work/_temp/codeql_databases/python/results/codeql/python-queries/Security/CWE-094/CodeInjection.bqrs.
2025-09-06T15:47:43.3128535Z Interpreted pathproblem query "Full server-side request forgery" (py/full-ssrf) at path /home/runner/work/_temp/codeql_databases/python/results/codeql/python-queries/Security/CWE-918/FullServerSideRequestForgery.bqrs.
2025-09-06T15:47:43.3133692Z Interpreted pathproblem query "Polynomial regular expression used on uncontrolled data" (py/polynomial-redos) at path /home/runner/work/_temp/codeql_databases/python/results/codeql/python-queries/Security/CWE-730/PolynomialReDoS.bqrs.
2025-09-06T15:47:43.3136815Z Interpreted pathproblem query "Regular expression injection" (py/regex-injection) at path /home/runner/work/_temp/codeql_databases/python/results/codeql/python-queries/Security/CWE-730/RegexInjection.bqrs.
2025-09-06T15:47:43.3142378Z Interpreted problem query "Inefficient regular expression" (py/redos) at path /home/runner/work/_temp/codeql_databases/python/results/codeql/python-queries/Security/CWE-730/ReDoS.bqrs.
2025-09-06T15:47:43.3145155Z Interpreted pathproblem query "Deserialization of user-controlled data" (py/unsafe-deserialization) at path /home/runner/work/_temp/codeql_databases/python/results/codeql/python-queries/Security/CWE-502/UnsafeDeserialization.bqrs.
2025-09-06T15:47:43.3148014Z Interpreted problem query "Failure to use secure cookies" (py/insecure-cookie) at path /home/runner/work/_temp/codeql_databases/python/results/codeql/python-queries/Security/CWE-614/InsecureCookie.bqrs.
2025-09-06T15:47:43.3152987Z Interpreted pathproblem query "Uncontrolled command line" (py/command-line-injection) at path /home/runner/work/_temp/codeql_databases/python/results/codeql/python-queries/Security/CWE-078/CommandInjection.bqrs.
2025-09-06T15:47:43.3157175Z Interpreted pathproblem query "Clear-text storage of sensitive information" (py/clear-text-storage-sensitive-data) at path /home/runner/work/_temp/codeql_databases/python/results/codeql/python-queries/Security/CWE-312/CleartextStorage.bqrs.
2025-09-06T15:47:43.3160185Z Interpreted pathproblem query "Clear-text logging of sensitive information" (py/clear-text-logging-sensitive-data) at path /home/runner/work/_temp/codeql_databases/python/results/codeql/python-queries/Security/CWE-312/CleartextLogging.bqrs.
2025-09-06T15:47:43.3166144Z Interpreted problem query "Use of weak cryptographic key" (py/weak-crypto-key) at path /home/runner/work/_temp/codeql_databases/python/results/codeql/python-queries/Security/CWE-326/WeakCryptoKey.bqrs.
2025-09-06T15:47:43.3171742Z Interpreted pathproblem query "HTTP Response Splitting" (py/http-response-splitting) at path /home/runner/work/_temp/codeql_databases/python/results/codeql/python-queries/Security/CWE-113/HeaderInjection.bqrs.
2025-09-06T15:47:43.3177390Z Interpreted problem query "Insecure temporary file" (py/insecure-temporary-file) at path /home/runner/work/_temp/codeql_databases/python/results/codeql/python-queries/Security/CWE-377/InsecureTemporaryFile.bqrs.
2025-09-06T15:47:43.3179831Z Interpreted pathproblem query "NoSQL Injection" (py/nosql-injection) at path /home/runner/work/_temp/codeql_databases/python/results/codeql/python-queries/Security/CWE-943/NoSqlInjection.bqrs.
2025-09-06T15:47:43.3187391Z Interpreted problem query "Incomplete URL substring sanitization" (py/incomplete-url-substring-sanitization) at path /home/runner/work/_temp/codeql_databases/python/results/codeql/python-queries/Security/CWE-020/IncompleteUrlSubstringSanitization.bqrs.
2025-09-06T15:47:43.3190316Z Interpreted problem query "Overly permissive regular expression range" (py/overly-large-range) at path /home/runner/work/_temp/codeql_databases/python/results/codeql/python-queries/Security/CWE-020/OverlyLargeRange.bqrs.
2025-09-06T15:47:43.3193009Z Interpreted pathproblem query "Construction of a cookie using user-supplied input" (py/cookie-injection) at path /home/runner/work/_temp/codeql_databases/python/results/codeql/python-queries/Security/CWE-020/CookieInjection.bqrs.
2025-09-06T15:47:43.3195865Z Interpreted problem query "Incomplete regular expression for hostnames" (py/incomplete-hostname-regexp) at path /home/runner/work/_temp/codeql_databases/python/results/codeql/python-queries/Security/CWE-020/IncompleteHostnameRegExp.bqrs.
2025-09-06T15:47:43.3201544Z Interpreted pathproblem query "Reflected server-side cross-site scripting" (py/reflective-xss) at path /home/runner/work/_temp/codeql_databases/python/results/codeql/python-queries/Security/CWE-079/ReflectedXss.bqrs.
2025-09-06T15:47:43.3216751Z Interpreted pathproblem query "Uncontrolled data used in path expression" (py/path-injection) at path /home/runner/work/_temp/codeql_databases/python/results/codeql/python-queries/Security/CWE-022/PathInjection.bqrs.
2025-09-06T15:47:43.3223936Z Interpreted pathproblem query "PAM authorization bypass due to incorrect usage" (py/pam-auth-bypass) at path /home/runner/work/_temp/codeql_databases/python/results/codeql/python-queries/Security/CWE-285/PamAuthorization.bqrs.
2025-09-06T15:47:43.3231437Z Interpreted pathproblem query "URL redirection from remote source" (py/url-redirection) at path /home/runner/work/_temp/codeql_databases/python/results/codeql/python-queries/Security/CWE-601/UrlRedirect.bqrs.
2025-09-06T15:47:43.3233840Z Interpreted problem query "Flask app is run in debug mode" (py/flask-debug) at path /home/runner/work/_temp/codeql_databases/python/results/codeql/python-queries/Security/CWE-215/FlaskDebug.bqrs.
2025-09-06T15:47:43.3236202Z Interpreted pathproblem query "SQL query built from user-controlled sources" (py/sql-injection) at path /home/runner/work/_temp/codeql_databases/python/results/codeql/python-queries/Security/CWE-089/SqlInjection.bqrs.
2025-09-06T15:47:43.3253822Z Interpreted pathproblem query "XML external entity expansion" (py/xxe) at path /home/runner/work/_temp/codeql_databases/python/results/codeql/python-queries/Security/CWE-611/Xxe.bqrs.
2025-09-06T15:47:43.3256045Z Interpreted problem query "'input' function used in Python 2" (py/use-of-input) at path /home/runner/work/_temp/codeql_databases/python/results/codeql/python-queries/Expressions/UseofInput.bqrs.
2025-09-06T15:47:43.3258679Z Interpreted diagnostic query "Python extraction warnings" (py/diagnostics/extraction-warnings) at path /home/runner/work/_temp/codeql_databases/python/results/codeql/python-queries/Diagnostics/ExtractionWarnings.bqrs.
2025-09-06T15:47:43.3261392Z Interpreted diagnostic query "Extracted Python files" (py/diagnostics/successfully-extracted-files) at path /home/runner/work/_temp/codeql_databases/python/results/codeql/python-queries/Diagnostics/ExtractedFiles.bqrs.
2025-09-06T15:47:43.3264545Z Interpreted metric query "Total lines of Python code in the database" (py/summary/lines-of-code) at path /home/runner/work/_temp/codeql_databases/python/results/codeql/python-queries/Summary/LinesOfCode.bqrs.
2025-09-06T15:47:43.3271762Z Interpreted metric query "Total lines of user written Python code in the database" (py/summary/lines-of-user-code) at path /home/runner/work/_temp/codeql_databases/python/results/codeql/python-queries/Summary/LinesOfUserCode.bqrs.
2025-09-06T15:47:43.3273937Z Reading source archive /home/runner/work/_temp/codeql_databases/python/src.zip
2025-09-06T15:47:43.3837588Z Interpreting file coverage baseline information
2025-09-06T15:47:43.3846439Z Finished interpreting file coverage baseline information.
2025-09-06T15:47:43.3857431Z Interpreting diagnostic messages...
2025-09-06T15:47:43.4260133Z Found 3 raw diagnostic messages.
2025-09-06T15:47:43.4332098Z Processed diagnostic messages (removed 0 due to limits, created 0 summary diagnostics for status page).
2025-09-06T15:47:43.4350960Z Interpreted diagnostic messages (48ms).
2025-09-06T15:47:43.5943814Z Exporting results to SARIF...
2025-09-06T15:47:43.7199426Z Exported results to SARIF (125ms).
2025-09-06T15:47:43.7610322Z ##[endgroup]
2025-09-06T15:47:43.7611160Z CodeQL scanned 9 out of 9 Python files in this invocation. Check the status page for overall coverage information: https://github.com/Boss-1s/scratchattach/security/code-scanning/tools/CodeQL/status/
2025-09-06T15:47:43.7611828Z 
2025-09-06T15:47:43.7630184Z ##[group]Uploading code scanning results
2025-09-06T15:47:43.7630789Z Processing sarif files: ["/home/runner/work/scratchattach/results/python.sarif"]
2025-09-06T15:47:43.7644418Z Adding fingerprints to SARIF file. See https://docs.github.com/en/enterprise-cloud@latest/code-security/code-scanning/integrating-with-code-scanning/sarif-support-for-code-scanning#providing-data-to-track-code-scanning-alerts-across-runs for more information.
2025-09-06T15:47:43.7774130Z Uploading results
2025-09-06T15:47:44.1042087Z Successfully uploaded results
2025-09-06T15:47:44.1042585Z ##[endgroup]
2025-09-06T15:47:44.1048274Z ##[group]Cleaning up databases
2025-09-06T15:47:44.1050633Z [command]/opt/hostedtoolcache/CodeQL/2.23.0/x64/codeql/codeql database cleanup /home/runner/work/_temp/codeql_databases/python --cache-cleanup=clear
2025-09-06T15:47:44.7854863Z Cleaning up existing TRAP files after import...
2025-09-06T15:47:44.7905451Z TRAP files cleaned up (3ms).
2025-09-06T15:47:44.7906403Z Cleaning up scratch directory...
2025-09-06T15:47:44.7908927Z Scratch directory cleaned up (0ms).
2025-09-06T15:47:44.8612133Z ##[endgroup]
2025-09-06T15:47:44.8621127Z [command]/opt/hostedtoolcache/CodeQL/2.23.0/x64/codeql/codeql database bundle /home/runner/work/_temp/codeql_databases/python --output=/home/runner/work/_temp/codeql_databases/python.zip --name=python
2025-09-06T15:47:45.7028090Z Creating bundle metadata for /home/runner/work/_temp/codeql_databases/python...
2025-09-06T15:47:45.8846231Z Creating zip file at /home/runner/work/_temp/codeql_databases/python.zip.
2025-09-06T15:47:46.5314350Z Skipping upload of dependency cache for python as we have no caching configuration for it.
2025-09-06T15:47:46.5315501Z ##[group]Waiting for processing to finish
2025-09-06T15:47:46.6674742Z Analysis upload status is complete.
2025-09-06T15:47:46.6675443Z ##[endgroup]
2025-09-06T15:47:46.7761250Z Post job cleanup.
2025-09-06T15:47:47.5925253Z Post job cleanup.
2025-09-06T15:47:47.8006159Z Post job cleanup.
2025-09-06T15:47:48.6647820Z CodeQL job status was success.
2025-09-06T15:47:48.6690747Z Sending status report for init-post step.
2025-09-06T15:47:48.8380134Z Status report sent for init-post step.
2025-09-06T15:47:48.9177787Z Post job cleanup.
2025-09-06T15:47:49.0090626Z [command]/usr/bin/git version
2025-09-06T15:47:49.0125643Z git version 2.51.0
2025-09-06T15:47:49.0167358Z Temporarily overriding HOME='/home/runner/work/_temp/3598b383-70c4-466d-b07e-09393d9b0487' before making global git config changes
2025-09-06T15:47:49.0168237Z Adding repository directory to the temporary git global config as a safe directory
2025-09-06T15:47:49.0172871Z [command]/usr/bin/git config --global --add safe.directory /home/runner/work/scratchattach/scratchattach
2025-09-06T15:47:49.0207029Z [command]/usr/bin/git config --local --name-only --get-regexp core\.sshCommand
2025-09-06T15:47:49.0238799Z [command]/usr/bin/git submodule foreach --recursive sh -c "git config --local --name-only --get-regexp 'core\.sshCommand' && git config --local --unset-all 'core.sshCommand' || :"
2025-09-06T15:47:49.0464336Z [command]/usr/bin/git config --local --name-only --get-regexp http\.https\:\/\/github\.com\/\.extraheader
2025-09-06T15:47:49.0485029Z http.https://github.com/.extraheader
2025-09-06T15:47:49.0496970Z [command]/usr/bin/git config --local --unset-all http.https://github.com/.extraheader
2025-09-06T15:47:49.0525964Z [command]/usr/bin/git submodule foreach --recursive sh -c "git config --local --name-only --get-regexp 'http\.https\:\/\/github\.com\/\.extraheader' && git config --local --unset-all 'http.https://github.com/.extraheader' || :"
2025-09-06T15:47:49.0841501Z Cleaning up orphan processes
