2025-12-24T15:13:38.2163630Z Current runner version: '2.330.0'
2025-12-24T15:13:38.2178000Z ##[group]Runner Image Provisioner
2025-12-24T15:13:38.2178510Z Hosted Compute Agent
2025-12-24T15:13:38.2178890Z Version: 20251211.462
2025-12-24T15:13:38.2179310Z Commit: 6cbad8c2bb55d58165063d031ccabf57e2d2db61
2025-12-24T15:13:38.2179760Z Build Date: 2025-12-11T16:28:49Z
2025-12-24T15:13:38.2180180Z Worker ID: {8ac5be6e-20e8-45d1-b664-51554a70b55f}
2025-12-24T15:13:38.2180620Z ##[endgroup]
2025-12-24T15:13:38.2180950Z ##[group]Operating System
2025-12-24T15:13:38.2181300Z macOS
2025-12-24T15:13:38.2181590Z 15.7.2
2025-12-24T15:13:38.2181860Z 24G325
2025-12-24T15:13:38.2182150Z ##[endgroup]
2025-12-24T15:13:38.2182450Z ##[group]Runner Image
2025-12-24T15:13:38.2182770Z Image: macos-15-arm64
2025-12-24T15:13:38.2183090Z Version: 20251215.0075.1
2025-12-24T15:13:38.2183770Z Included Software: https://github.com/actions/runner-images/blob/macos-15-arm64/20251215.0075/images/macos/macos-15-arm64-Readme.md
2025-12-24T15:13:38.2184790Z Image Release: https://github.com/actions/runner-images/releases/tag/macos-15-arm64%2F20251215.0075
2025-12-24T15:13:38.2185400Z ##[endgroup]
2025-12-24T15:13:38.2186040Z ##[group]GITHUB_TOKEN Permissions
2025-12-24T15:13:38.2187080Z Contents: read
2025-12-24T15:13:38.2187390Z Metadata: read
2025-12-24T15:13:38.2187870Z ##[endgroup]
2025-12-24T15:13:38.2189170Z Secret source: Actions
2025-12-24T15:13:38.2189560Z Prepare workflow directory
2025-12-24T15:13:38.2427330Z Prepare all required actions
2025-12-24T15:13:38.2455660Z Getting action download info
2025-12-24T15:13:38.7323260Z Download action repository 'actions/checkout@v6.0.1' (SHA:8e8c483db84b4bee98b60c0593521ed34d9990e8)
2025-12-24T15:13:38.9933200Z Download action repository 'actions/setup-python@v6.1.0' (SHA:83679a892e2d95755f2dac6acb0bfd1e9ac5d548)
2025-12-24T15:13:39.2506650Z Complete job name: build (3.12, macos-latest)
2025-12-24T15:13:39.3004950Z ##[group]Run actions/checkout@v6.0.1
2025-12-24T15:13:39.3005940Z with:
2025-12-24T15:13:39.3006260Z   ref: scratch_chat_dev
2025-12-24T15:13:39.3006640Z   repository: Boss-1s/scratchattach
2025-12-24T15:13:39.3007270Z   token: ***
2025-12-24T15:13:39.3007570Z   ssh-strict: true
2025-12-24T15:13:39.3007870Z   ssh-user: git
2025-12-24T15:13:39.3008190Z   persist-credentials: true
2025-12-24T15:13:39.3008540Z   clean: true
2025-12-24T15:13:39.3008860Z   sparse-checkout-cone-mode: true
2025-12-24T15:13:39.3009240Z   fetch-depth: 1
2025-12-24T15:13:39.3009560Z   fetch-tags: false
2025-12-24T15:13:39.3009880Z   show-progress: true
2025-12-24T15:13:39.3010200Z   lfs: false
2025-12-24T15:13:39.3010490Z   submodules: false
2025-12-24T15:13:39.3010810Z   set-safe-directory: true
2025-12-24T15:13:39.3011340Z ##[endgroup]
2025-12-24T15:13:39.7217510Z Syncing repository: Boss-1s/scratchattach
2025-12-24T15:13:39.7219150Z ##[group]Getting Git version info
2025-12-24T15:13:39.7219870Z Working directory is '/Users/runner/work/scratchattach/scratchattach'
2025-12-24T15:13:39.7220680Z [command]/opt/homebrew/bin/git version
2025-12-24T15:13:39.7732890Z git version 2.50.1
2025-12-24T15:13:39.7776280Z ##[endgroup]
2025-12-24T15:13:39.7840310Z Copying '/Users/runner/.gitconfig' to '/Users/runner/work/_temp/8eae5412-a126-4a77-8504-50be558042d4/.gitconfig'
2025-12-24T15:13:39.7842220Z Temporarily overriding HOME='/Users/runner/work/_temp/8eae5412-a126-4a77-8504-50be558042d4' before making global git config changes
2025-12-24T15:13:39.7843480Z Adding repository directory to the temporary git global config as a safe directory
2025-12-24T15:13:39.7844920Z [command]/opt/homebrew/bin/git config --global --add safe.directory /Users/runner/work/scratchattach/scratchattach
2025-12-24T15:13:39.7921790Z Deleting the contents of '/Users/runner/work/scratchattach/scratchattach'
2025-12-24T15:13:39.7991700Z ##[group]Initializing the repository
2025-12-24T15:13:39.7992560Z [command]/opt/homebrew/bin/git init /Users/runner/work/scratchattach/scratchattach
2025-12-24T15:13:39.8154540Z hint: Using 'master' as the name for the initial branch. This default branch name
2025-12-24T15:13:39.8163950Z hint: is subject to change. To configure the initial branch name to use in all
2025-12-24T15:13:39.8164890Z hint: of your new repositories, which will suppress this warning, call:
2025-12-24T15:13:39.8165630Z hint:
2025-12-24T15:13:39.8166300Z hint: 	git config --global init.defaultBranch <name>
2025-12-24T15:13:39.8167990Z hint:
2025-12-24T15:13:39.8168640Z hint: Names commonly chosen instead of 'master' are 'main', 'trunk' and
2025-12-24T15:13:39.8169530Z hint: 'development'. The just-created branch can be renamed via this command:
2025-12-24T15:13:39.8170320Z hint:
2025-12-24T15:13:39.8170770Z hint: 	git branch -m <name>
2025-12-24T15:13:39.8171260Z hint:
2025-12-24T15:13:39.8171910Z hint: Disable this message with "git config set advice.defaultBranchName false"
2025-12-24T15:13:39.8173040Z Initialized empty Git repository in /Users/runner/work/scratchattach/scratchattach/.git/
2025-12-24T15:13:39.8175420Z [command]/opt/homebrew/bin/git remote add origin https://github.com/Boss-1s/scratchattach
2025-12-24T15:13:39.8241040Z ##[endgroup]
2025-12-24T15:13:39.8241700Z ##[group]Disabling automatic garbage collection
2025-12-24T15:13:39.8246420Z [command]/opt/homebrew/bin/git config --local gc.auto 0
2025-12-24T15:13:39.8313970Z ##[endgroup]
2025-12-24T15:13:39.8314780Z ##[group]Setting up auth
2025-12-24T15:13:39.8315520Z Removing SSH command configuration
2025-12-24T15:13:39.8319980Z [command]/opt/homebrew/bin/git config --local --name-only --get-regexp core\.sshCommand
2025-12-24T15:13:39.8382810Z [command]/opt/homebrew/bin/git submodule foreach --recursive sh -c "git config --local --name-only --get-regexp 'core\.sshCommand' && git config --local --unset-all 'core.sshCommand' || :"
2025-12-24T15:13:39.9280430Z Removing HTTP extra header
2025-12-24T15:13:39.9284960Z [command]/opt/homebrew/bin/git config --local --name-only --get-regexp http\.https\:\/\/github\.com\/\.extraheader
2025-12-24T15:13:39.9340490Z [command]/opt/homebrew/bin/git submodule foreach --recursive sh -c "git config --local --name-only --get-regexp 'http\.https\:\/\/github\.com\/\.extraheader' && git config --local --unset-all 'http.https://github.com/.extraheader' || :"
2025-12-24T15:13:40.0104960Z Removing includeIf entries pointing to credentials config files
2025-12-24T15:13:40.0109170Z [command]/opt/homebrew/bin/git config --local --name-only --get-regexp ^includeIf\.gitdir:
2025-12-24T15:13:40.0171110Z [command]/opt/homebrew/bin/git submodule foreach --recursive git config --local --show-origin --name-only --get-regexp remote.origin.url
2025-12-24T15:13:40.1729640Z [command]/opt/homebrew/bin/git config --file /Users/runner/work/_temp/git-credentials-321f6cdd-57ba-4b5b-84ec-d51ec10ddb8a.config http.https://github.com/.extraheader AUTHORIZATION: basic ***
2025-12-24T15:13:40.1732660Z [command]/opt/homebrew/bin/git config --local includeIf.gitdir:/Users/runner/work/scratchattach/scratchattach/.git.path /Users/runner/work/_temp/git-credentials-321f6cdd-57ba-4b5b-84ec-d51ec10ddb8a.config
2025-12-24T15:13:40.1764260Z [command]/opt/homebrew/bin/git config --local includeIf.gitdir:/Users/runner/work/scratchattach/scratchattach/.git/worktrees/*.path /Users/runner/work/_temp/git-credentials-321f6cdd-57ba-4b5b-84ec-d51ec10ddb8a.config
2025-12-24T15:13:40.1820990Z [command]/opt/homebrew/bin/git config --local includeIf.gitdir:/github/workspace/.git.path /github/runner_temp/git-credentials-321f6cdd-57ba-4b5b-84ec-d51ec10ddb8a.config
2025-12-24T15:13:40.1880110Z [command]/opt/homebrew/bin/git config --local includeIf.gitdir:/github/workspace/.git/worktrees/*.path /github/runner_temp/git-credentials-321f6cdd-57ba-4b5b-84ec-d51ec10ddb8a.config
2025-12-24T15:13:40.1946120Z ##[endgroup]
2025-12-24T15:13:40.1946810Z ##[group]Fetching the repository
2025-12-24T15:13:40.1950990Z [command]/opt/homebrew/bin/git -c protocol.version=2 fetch --no-tags --prune --no-recurse-submodules --depth=1 origin +refs/heads/scratch_chat_dev*:refs/remotes/origin/scratch_chat_dev* +refs/tags/scratch_chat_dev*:refs/tags/scratch_chat_dev*
2025-12-24T15:13:41.5530920Z From https://github.com/Boss-1s/scratchattach
2025-12-24T15:13:41.5532280Z  * [new branch]      scratch_chat_dev -> origin/scratch_chat_dev
2025-12-24T15:13:41.5609480Z ##[endgroup]
2025-12-24T15:13:41.5610380Z ##[group]Determining the checkout info
2025-12-24T15:13:41.5616440Z [command]/opt/homebrew/bin/git branch --list --remote origin/scratch_chat_dev
2025-12-24T15:13:41.5687610Z   origin/scratch_chat_dev
2025-12-24T15:13:41.5691710Z ##[endgroup]
2025-12-24T15:13:41.5693200Z [command]/opt/homebrew/bin/git sparse-checkout disable
2025-12-24T15:13:41.5766870Z [command]/opt/homebrew/bin/git config --local --unset-all extensions.worktreeConfig
2025-12-24T15:13:41.5825730Z ##[group]Checking out the ref
2025-12-24T15:13:41.5828060Z [command]/opt/homebrew/bin/git checkout --progress --force -B scratch_chat_dev refs/remotes/origin/scratch_chat_dev
2025-12-24T15:13:42.3071630Z Switched to a new branch 'scratch_chat_dev'
2025-12-24T15:13:42.3091280Z branch 'scratch_chat_dev' set up to track 'origin/scratch_chat_dev'.
2025-12-24T15:13:42.3109150Z ##[endgroup]
2025-12-24T15:13:42.3246290Z [command]/opt/homebrew/bin/git log -1 --format=%H
2025-12-24T15:13:42.3318110Z c5b9feb6052f0f9c9cd05e27557e8fd5d0352d25
2025-12-24T15:13:42.3587100Z ##[group]Run actions/setup-python@v6.1.0
2025-12-24T15:13:42.3587400Z with:
2025-12-24T15:13:42.3587570Z   python-version: 3.12
2025-12-24T15:13:42.3587740Z   check-latest: false
2025-12-24T15:13:42.3588090Z   token: ***
2025-12-24T15:13:42.3588240Z   update-environment: true
2025-12-24T15:13:42.3588420Z   allow-prereleases: false
2025-12-24T15:13:42.3588590Z   freethreaded: false
2025-12-24T15:13:42.3588740Z ##[endgroup]
2025-12-24T15:13:42.5003470Z ##[group]Installed versions
2025-12-24T15:13:42.5071450Z (node:3885) [DEP0040] DeprecationWarning: The `punycode` module is deprecated. Please use a userland alternative instead.
2025-12-24T15:13:42.5072230Z (Use `node --trace-deprecation ...` to show where the warning was created)
2025-12-24T15:13:42.5072550Z Successfully set up CPython (3.12.10)
2025-12-24T15:13:42.5073080Z ##[endgroup]
2025-12-24T15:13:42.5185030Z ##[group]Run cd test
2025-12-24T15:13:42.5185360Z [36;1mcd test[0m
2025-12-24T15:13:42.5185590Z [36;1mpython3 test5.py[0m
2025-12-24T15:13:42.5236480Z shell: /bin/bash -e {0}
2025-12-24T15:13:42.5236840Z env:
2025-12-24T15:13:42.5237130Z   pythonLocation: /Users/runner/hostedtoolcache/Python/3.12.10/arm64
2025-12-24T15:13:42.5237540Z   PKG_CONFIG_PATH: /Users/runner/hostedtoolcache/Python/3.12.10/arm64/lib/pkgconfig
2025-12-24T15:13:42.5237940Z   Python_ROOT_DIR: /Users/runner/hostedtoolcache/Python/3.12.10/arm64
2025-12-24T15:13:42.5238360Z   Python2_ROOT_DIR: /Users/runner/hostedtoolcache/Python/3.12.10/arm64
2025-12-24T15:13:42.5238730Z   Python3_ROOT_DIR: /Users/runner/hostedtoolcache/Python/3.12.10/arm64
2025-12-24T15:13:42.5239000Z ##[endgroup]
2025-12-24T15:13:42.7372500Z File test.json not found. Creating a new one.
2025-12-24T15:13:42.7418770Z Data for key test_top_level_key stored successfully in test.json.
2025-12-24T15:13:42.7456690Z Data for key test_top_level_key2 stored successfully in test.json.
2025-12-24T15:13:42.7493410Z Data for key test_top_level_key2 stored successfully in test.json.
2025-12-24T15:13:44.7606490Z Data for key test_top_level_key stored successfully in test.json.
2025-12-24T15:13:44.7687380Z Sucessfully changed value skibidi toilet to sigma under key test_top_level_key.sk2.
2025-12-24T15:13:49.0345510Z Successfully deleted key test_top_level_key2 from test.json.
2025-12-24T15:13:50.0906140Z Deleted all data from test.json sucessfully.
2025-12-24T15:13:50.0908610Z File 'test.json' not found. Creating a new one.
2025-12-24T15:13:50.0909040Z Data for key 'test_top_level_key' stored successfully in 'test.json'.
2025-12-24T15:13:50.0909570Z Sucessfully added values ['val1', 'skibidi toilet'] to subkeys ['sk1', 'sk2'], respectively.
2025-12-24T15:13:50.0910030Z Data for key 'test_top_level_key2' stored successfully in 'test.json'.
2025-12-24T15:13:50.0910630Z Sucessfully added values ['val1', 'the fate of sigma'] to subkeys ['sk1', 'sk2'], respectively.
2025-12-24T15:13:50.0911770Z Data for key 'test_top_level_key2' stored successfully in 'test.json'.
2025-12-24T15:13:50.0912250Z Sucessfully added values ['val3', 'the fate of shard'] to subkeys ['sk3', 'sk4'], respectively.
2025-12-24T15:13:50.0912660Z Data for key 'test_top_level_key' stored successfully in 'test.json'.
2025-12-24T15:13:50.0913100Z Sucessfully changed value skibidi toilet to sigma under key test_top_level_key.sk2.
2025-12-24T15:13:50.0913510Z Sucessfully set subkey sk2 to value sigma.
2025-12-24T15:13:50.0913850Z ['test_top_level_key', 'test_top_level_key2']
2025-12-24T15:13:50.0914100Z ['sk1: val1', 'sk2: sigma']
2025-12-24T15:13:50.0914350Z Successfully deleted key 'test_top_level_key2' from 'test.json'.
2025-12-24T15:13:50.0914750Z Sucessfully deleted key test_top_level_key2 and all its child data.
2025-12-24T15:13:50.0915070Z Deleted all data from test.json sucessfully.
2025-12-24T15:13:50.0915320Z Sucessfully deleted all data from test.json.
2025-12-24T15:13:50.0915550Z test passed sucessfully
2025-12-24T15:13:50.1024030Z Post job cleanup.
2025-12-24T15:13:50.2042440Z (node:4068) [DEP0040] DeprecationWarning: The `punycode` module is deprecated. Please use a userland alternative instead.
2025-12-24T15:13:50.2043200Z (Use `node --trace-deprecation ...` to show where the warning was created)
2025-12-24T15:13:50.2149890Z Post job cleanup.
2025-12-24T15:13:50.2923860Z [command]/opt/homebrew/bin/git version
2025-12-24T15:13:50.2984350Z git version 2.50.1
2025-12-24T15:13:50.3002110Z Copying '/Users/runner/.gitconfig' to '/Users/runner/work/_temp/bd14b337-1ad4-4b26-b545-6e8069addbf7/.gitconfig'
2025-12-24T15:13:50.3016650Z Temporarily overriding HOME='/Users/runner/work/_temp/bd14b337-1ad4-4b26-b545-6e8069addbf7' before making global git config changes
2025-12-24T15:13:50.3017600Z Adding repository directory to the temporary git global config as a safe directory
2025-12-24T15:13:50.3018360Z [command]/opt/homebrew/bin/git config --global --add safe.directory /Users/runner/work/scratchattach/scratchattach
2025-12-24T15:13:50.3078000Z Removing SSH command configuration
2025-12-24T15:13:50.3084220Z [command]/opt/homebrew/bin/git config --local --name-only --get-regexp core\.sshCommand
2025-12-24T15:13:50.3159130Z [command]/opt/homebrew/bin/git submodule foreach --recursive sh -c "git config --local --name-only --get-regexp 'core\.sshCommand' && git config --local --unset-all 'core.sshCommand' || :"
2025-12-24T15:13:50.4156310Z Removing HTTP extra header
2025-12-24T15:13:50.4156850Z [command]/opt/homebrew/bin/git config --local --name-only --get-regexp http\.https\:\/\/github\.com\/\.extraheader
2025-12-24T15:13:50.4214210Z [command]/opt/homebrew/bin/git submodule foreach --recursive sh -c "git config --local --name-only --get-regexp 'http\.https\:\/\/github\.com\/\.extraheader' && git config --local --unset-all 'http.https://github.com/.extraheader' || :"
2025-12-24T15:13:50.4935190Z Removing includeIf entries pointing to credentials config files
2025-12-24T15:13:50.4941740Z [command]/opt/homebrew/bin/git config --local --name-only --get-regexp ^includeIf\.gitdir:
2025-12-24T15:13:50.5001810Z includeif.gitdir:/Users/runner/work/scratchattach/scratchattach/.git.path
2025-12-24T15:13:50.5004430Z includeif.gitdir:/Users/runner/work/scratchattach/scratchattach/.git/worktrees/*.path
2025-12-24T15:13:50.5005090Z includeif.gitdir:/github/workspace/.git.path
2025-12-24T15:13:50.5005520Z includeif.gitdir:/github/workspace/.git/worktrees/*.path
2025-12-24T15:13:50.5008410Z [command]/opt/homebrew/bin/git config --local --get-all includeif.gitdir:/Users/runner/work/scratchattach/scratchattach/.git.path
2025-12-24T15:13:50.5061080Z /Users/runner/work/_temp/git-credentials-321f6cdd-57ba-4b5b-84ec-d51ec10ddb8a.config
2025-12-24T15:13:50.5070010Z [command]/opt/homebrew/bin/git config --local --unset includeif.gitdir:/Users/runner/work/scratchattach/scratchattach/.git.path /Users/runner/work/_temp/git-credentials-321f6cdd-57ba-4b5b-84ec-d51ec10ddb8a.config
2025-12-24T15:13:50.5131240Z [command]/opt/homebrew/bin/git config --local --get-all includeif.gitdir:/Users/runner/work/scratchattach/scratchattach/.git/worktrees/*.path
2025-12-24T15:13:50.5183320Z /Users/runner/work/_temp/git-credentials-321f6cdd-57ba-4b5b-84ec-d51ec10ddb8a.config
2025-12-24T15:13:50.5194030Z [command]/opt/homebrew/bin/git config --local --unset includeif.gitdir:/Users/runner/work/scratchattach/scratchattach/.git/worktrees/*.path /Users/runner/work/_temp/git-credentials-321f6cdd-57ba-4b5b-84ec-d51ec10ddb8a.config
2025-12-24T15:13:50.5372410Z [command]/opt/homebrew/bin/git config --local --get-all includeif.gitdir:/github/workspace/.git.path
2025-12-24T15:13:50.5423000Z /github/runner_temp/git-credentials-321f6cdd-57ba-4b5b-84ec-d51ec10ddb8a.config
2025-12-24T15:13:50.5468000Z [command]/opt/homebrew/bin/git config --local --unset includeif.gitdir:/github/workspace/.git.path /github/runner_temp/git-credentials-321f6cdd-57ba-4b5b-84ec-d51ec10ddb8a.config
2025-12-24T15:13:50.5469370Z [command]/opt/homebrew/bin/git config --local --get-all includeif.gitdir:/github/workspace/.git/worktrees/*.path
2025-12-24T15:13:50.5475360Z /github/runner_temp/git-credentials-321f6cdd-57ba-4b5b-84ec-d51ec10ddb8a.config
2025-12-24T15:13:50.5478660Z [command]/opt/homebrew/bin/git config --local --unset includeif.gitdir:/github/workspace/.git/worktrees/*.path /github/runner_temp/git-credentials-321f6cdd-57ba-4b5b-84ec-d51ec10ddb8a.config
2025-12-24T15:13:50.5538400Z [command]/opt/homebrew/bin/git submodule foreach --recursive git config --local --show-origin --name-only --get-regexp remote.origin.url
2025-12-24T15:13:50.6237390Z Removing credentials config '/Users/runner/work/_temp/git-credentials-321f6cdd-57ba-4b5b-84ec-d51ec10ddb8a.config'
2025-12-24T15:13:50.6313730Z Cleaning up orphan processes
