2025-12-18T06:58:58.3882380Z Current runner version: '2.330.0'
2025-12-18T06:58:58.3905098Z ##[group]Runner Image Provisioner
2025-12-18T06:58:58.3906094Z Hosted Compute Agent
2025-12-18T06:58:58.3906663Z Version: 20251211.462
2025-12-18T06:58:58.3907340Z Commit: 6cbad8c2bb55d58165063d031ccabf57e2d2db61
2025-12-18T06:58:58.3908049Z Build Date: 2025-12-11T16:28:49Z
2025-12-18T06:58:58.3908692Z Worker ID: {ae827960-f045-4890-9cf4-391deea66632}
2025-12-18T06:58:58.3909436Z ##[endgroup]
2025-12-18T06:58:58.3909957Z ##[group]Operating System
2025-12-18T06:58:58.3910481Z Ubuntu
2025-12-18T06:58:58.3910962Z 24.04.3
2025-12-18T06:58:58.3911414Z LTS
2025-12-18T06:58:58.3911841Z ##[endgroup]
2025-12-18T06:58:58.3912485Z ##[group]Runner Image
2025-12-18T06:58:58.3913026Z Image: ubuntu-24.04
2025-12-18T06:58:58.3913503Z Version: 20251215.174.1
2025-12-18T06:58:58.3914576Z Included Software: https://github.com/actions/runner-images/blob/ubuntu24/20251215.174/images/ubuntu/Ubuntu2404-Readme.md
2025-12-18T06:58:58.3916253Z Image Release: https://github.com/actions/runner-images/releases/tag/ubuntu24%2F20251215.174
2025-12-18T06:58:58.3917364Z ##[endgroup]
2025-12-18T06:58:58.3919920Z ##[group]GITHUB_TOKEN Permissions
2025-12-18T06:58:58.3922144Z Actions: write
2025-12-18T06:58:58.3922725Z ArtifactMetadata: write
2025-12-18T06:58:58.3923251Z Attestations: write
2025-12-18T06:58:58.3923852Z Checks: write
2025-12-18T06:58:58.3924344Z Contents: write
2025-12-18T06:58:58.3924816Z Deployments: write
2025-12-18T06:58:58.3925423Z Discussions: write
2025-12-18T06:58:58.3926073Z Issues: write
2025-12-18T06:58:58.3926575Z Metadata: read
2025-12-18T06:58:58.3927128Z Models: read
2025-12-18T06:58:58.3927587Z Packages: write
2025-12-18T06:58:58.3928085Z Pages: write
2025-12-18T06:58:58.3928653Z PullRequests: write
2025-12-18T06:58:58.3929252Z RepositoryProjects: write
2025-12-18T06:58:58.3929827Z SecurityEvents: write
2025-12-18T06:58:58.3930400Z Statuses: write
2025-12-18T06:58:58.3930913Z ##[endgroup]
2025-12-18T06:58:58.3933001Z Secret source: Actions
2025-12-18T06:58:58.3933807Z Prepare workflow directory
2025-12-18T06:58:58.4254527Z Prepare all required actions
2025-12-18T06:58:58.4292657Z Getting action download info
2025-12-18T06:58:59.0027709Z Download action repository 'actions/checkout@v6.0.1' (SHA:8e8c483db84b4bee98b60c0593521ed34d9990e8)
2025-12-18T06:58:59.1485137Z Download action repository 'actions/setup-python@v6.1.0' (SHA:83679a892e2d95755f2dac6acb0bfd1e9ac5d548)
2025-12-18T06:58:59.2564792Z Download action repository 'bossOfCode/install-scratchattach@v1.0.3' (SHA:be17a7cf1ecb5a7040eb42ef26c2e1fbe72bb25a)
2025-12-18T06:58:59.8664122Z Complete job name: Run 1
2025-12-18T06:58:59.9391673Z ##[group]Run actions/checkout@v6.0.1
2025-12-18T06:58:59.9392637Z with:
2025-12-18T06:58:59.9393082Z   ref: main
2025-12-18T06:58:59.9393547Z   repository: Boss-1s/scratchattach
2025-12-18T06:58:59.9394280Z   token: ***
2025-12-18T06:58:59.9394729Z   ssh-strict: true
2025-12-18T06:58:59.9395193Z   ssh-user: git
2025-12-18T06:58:59.9395826Z   persist-credentials: true
2025-12-18T06:58:59.9396390Z   clean: true
2025-12-18T06:58:59.9396858Z   sparse-checkout-cone-mode: true
2025-12-18T06:58:59.9397417Z   fetch-depth: 1
2025-12-18T06:58:59.9397874Z   fetch-tags: false
2025-12-18T06:58:59.9398339Z   show-progress: true
2025-12-18T06:58:59.9398819Z   lfs: false
2025-12-18T06:58:59.9399254Z   submodules: false
2025-12-18T06:58:59.9399714Z   set-safe-directory: true
2025-12-18T06:58:59.9400494Z ##[endgroup]
2025-12-18T06:59:00.0310583Z Syncing repository: Boss-1s/scratchattach
2025-12-18T06:59:00.0312884Z ##[group]Getting Git version info
2025-12-18T06:59:00.0313840Z Working directory is '/home/runner/work/scratchattach/scratchattach'
2025-12-18T06:59:00.0315084Z [command]/usr/bin/git version
2025-12-18T06:59:00.0382081Z git version 2.52.0
2025-12-18T06:59:00.0404470Z ##[endgroup]
2025-12-18T06:59:00.0421447Z Temporarily overriding HOME='/home/runner/work/_temp/210336b2-dd9e-4c5f-9a64-8c8ecca72289' before making global git config changes
2025-12-18T06:59:00.0424179Z Adding repository directory to the temporary git global config as a safe directory
2025-12-18T06:59:00.0427648Z [command]/usr/bin/git config --global --add safe.directory /home/runner/work/scratchattach/scratchattach
2025-12-18T06:59:00.0471901Z Deleting the contents of '/home/runner/work/scratchattach/scratchattach'
2025-12-18T06:59:00.0475466Z ##[group]Initializing the repository
2025-12-18T06:59:00.0480837Z [command]/usr/bin/git init /home/runner/work/scratchattach/scratchattach
2025-12-18T06:59:00.0602772Z hint: Using 'master' as the name for the initial branch. This default branch name
2025-12-18T06:59:00.0604206Z hint: will change to "main" in Git 3.0. To configure the initial branch name
2025-12-18T06:59:00.0605950Z hint: to use in all of your new repositories, which will suppress this warning,
2025-12-18T06:59:00.0607120Z hint: call:
2025-12-18T06:59:00.0607613Z hint:
2025-12-18T06:59:00.0608545Z hint: 	git config --global init.defaultBranch <name>
2025-12-18T06:59:00.0609630Z hint:
2025-12-18T06:59:00.0610360Z hint: Names commonly chosen instead of 'master' are 'main', 'trunk' and
2025-12-18T06:59:00.0611615Z hint: 'development'. The just-created branch can be renamed via this command:
2025-12-18T06:59:00.0612796Z hint:
2025-12-18T06:59:00.0613316Z hint: 	git branch -m <name>
2025-12-18T06:59:00.0613876Z hint:
2025-12-18T06:59:00.0614548Z hint: Disable this message with "git config set advice.defaultBranchName false"
2025-12-18T06:59:00.0616350Z Initialized empty Git repository in /home/runner/work/scratchattach/scratchattach/.git/
2025-12-18T06:59:00.0619150Z [command]/usr/bin/git remote add origin https://github.com/Boss-1s/scratchattach
2025-12-18T06:59:00.0688043Z ##[endgroup]
2025-12-18T06:59:00.0688895Z ##[group]Disabling automatic garbage collection
2025-12-18T06:59:00.0692058Z [command]/usr/bin/git config --local gc.auto 0
2025-12-18T06:59:00.0721832Z ##[endgroup]
2025-12-18T06:59:00.0722764Z ##[group]Setting up auth
2025-12-18T06:59:00.0723731Z Removing SSH command configuration
2025-12-18T06:59:00.0730565Z [command]/usr/bin/git config --local --name-only --get-regexp core\.sshCommand
2025-12-18T06:59:00.0766886Z [command]/usr/bin/git submodule foreach --recursive sh -c "git config --local --name-only --get-regexp 'core\.sshCommand' && git config --local --unset-all 'core.sshCommand' || :"
2025-12-18T06:59:00.1106230Z Removing HTTP extra header
2025-12-18T06:59:00.1113120Z [command]/usr/bin/git config --local --name-only --get-regexp http\.https\:\/\/github\.com\/\.extraheader
2025-12-18T06:59:00.1146149Z [command]/usr/bin/git submodule foreach --recursive sh -c "git config --local --name-only --get-regexp 'http\.https\:\/\/github\.com\/\.extraheader' && git config --local --unset-all 'http.https://github.com/.extraheader' || :"
2025-12-18T06:59:00.1360439Z Removing includeIf entries pointing to credentials config files
2025-12-18T06:59:00.1367283Z [command]/usr/bin/git config --local --name-only --get-regexp ^includeIf\.gitdir:
2025-12-18T06:59:00.1399455Z [command]/usr/bin/git submodule foreach --recursive git config --local --show-origin --name-only --get-regexp remote.origin.url
2025-12-18T06:59:00.1622521Z [command]/usr/bin/git config --file /home/runner/work/_temp/git-credentials-39d1d9bf-d34a-4e99-bc5c-588498253f45.config http.https://github.com/.extraheader AUTHORIZATION: basic ***
2025-12-18T06:59:00.1658615Z [command]/usr/bin/git config --local includeIf.gitdir:/home/runner/work/scratchattach/scratchattach/.git.path /home/runner/work/_temp/git-credentials-39d1d9bf-d34a-4e99-bc5c-588498253f45.config
2025-12-18T06:59:00.1690741Z [command]/usr/bin/git config --local includeIf.gitdir:/home/runner/work/scratchattach/scratchattach/.git/worktrees/*.path /home/runner/work/_temp/git-credentials-39d1d9bf-d34a-4e99-bc5c-588498253f45.config
2025-12-18T06:59:00.1721200Z [command]/usr/bin/git config --local includeIf.gitdir:/github/workspace/.git.path /github/runner_temp/git-credentials-39d1d9bf-d34a-4e99-bc5c-588498253f45.config
2025-12-18T06:59:00.1752226Z [command]/usr/bin/git config --local includeIf.gitdir:/github/workspace/.git/worktrees/*.path /github/runner_temp/git-credentials-39d1d9bf-d34a-4e99-bc5c-588498253f45.config
2025-12-18T06:59:00.1778356Z ##[endgroup]
2025-12-18T06:59:00.1779877Z ##[group]Fetching the repository
2025-12-18T06:59:00.1788829Z [command]/usr/bin/git -c protocol.version=2 fetch --no-tags --prune --no-recurse-submodules --depth=1 origin +refs/heads/main*:refs/remotes/origin/main* +refs/tags/main*:refs/tags/main*
2025-12-18T06:59:02.9235928Z From https://github.com/Boss-1s/scratchattach
2025-12-18T06:59:02.9237232Z  * [new branch]      main       -> origin/main
2025-12-18T06:59:02.9269869Z ##[endgroup]
2025-12-18T06:59:02.9270616Z ##[group]Determining the checkout info
2025-12-18T06:59:02.9276910Z [command]/usr/bin/git branch --list --remote origin/main
2025-12-18T06:59:02.9308482Z   origin/main
2025-12-18T06:59:02.9312963Z ##[endgroup]
2025-12-18T06:59:02.9317402Z [command]/usr/bin/git sparse-checkout disable
2025-12-18T06:59:02.9358936Z [command]/usr/bin/git config --local --unset-all extensions.worktreeConfig
2025-12-18T06:59:02.9384589Z ##[group]Checking out the ref
2025-12-18T06:59:02.9388375Z [command]/usr/bin/git checkout --progress --force -B main refs/remotes/origin/main
2025-12-18T06:59:03.5476974Z Switched to a new branch 'main'
2025-12-18T06:59:03.5478161Z branch 'main' set up to track 'origin/main'.
2025-12-18T06:59:03.5534242Z ##[endgroup]
2025-12-18T06:59:03.5577496Z [command]/usr/bin/git log -1 --format=%H
2025-12-18T06:59:03.5602039Z 3bd3cc936eb4a9e3de56404cc2fcb9cbe7dc56dd
2025-12-18T06:59:03.5831696Z ##[group]Run actions/setup-python@v6.1.0
2025-12-18T06:59:03.5831992Z with:
2025-12-18T06:59:03.5832175Z   python-version: 3.13
2025-12-18T06:59:03.5832395Z   check-latest: false
2025-12-18T06:59:03.5832712Z   token: ***
2025-12-18T06:59:03.5832905Z   update-environment: true
2025-12-18T06:59:03.5833132Z   allow-prereleases: false
2025-12-18T06:59:03.5833347Z   freethreaded: false
2025-12-18T06:59:03.5833538Z ##[endgroup]
2025-12-18T06:59:03.7101031Z ##[group]Installed versions
2025-12-18T06:59:03.7207199Z (node:2120) [DEP0040] DeprecationWarning: The `punycode` module is deprecated. Please use a userland alternative instead.
2025-12-18T06:59:03.7208249Z (Use `node --trace-deprecation ...` to show where the warning was created)
2025-12-18T06:59:03.7209022Z Successfully set up CPython (3.13.11)
2025-12-18T06:59:03.7210054Z ##[endgroup]
2025-12-18T06:59:03.7357486Z ##[group]Run bossOfCode/install-scratchattach@v1.0.3
2025-12-18T06:59:03.7357824Z env:
2025-12-18T06:59:03.7358087Z   pythonLocation: /opt/hostedtoolcache/Python/3.13.11/x64
2025-12-18T06:59:03.7358520Z   PKG_CONFIG_PATH: /opt/hostedtoolcache/Python/3.13.11/x64/lib/pkgconfig
2025-12-18T06:59:03.7358936Z   Python_ROOT_DIR: /opt/hostedtoolcache/Python/3.13.11/x64
2025-12-18T06:59:03.7359301Z   Python2_ROOT_DIR: /opt/hostedtoolcache/Python/3.13.11/x64
2025-12-18T06:59:03.7359655Z   Python3_ROOT_DIR: /opt/hostedtoolcache/Python/3.13.11/x64
2025-12-18T06:59:03.7360010Z   LD_LIBRARY_PATH: /opt/hostedtoolcache/Python/3.13.11/x64/lib
2025-12-18T06:59:03.7360329Z ##[endgroup]
2025-12-18T06:59:03.7509080Z ##[group]Run python3 -m pip install --upgrade pip
2025-12-18T06:59:03.7509528Z [36;1mpython3 -m pip install --upgrade pip[0m
2025-12-18T06:59:03.7556500Z shell: /usr/bin/bash --noprofile --norc -e -o pipefail {0}
2025-12-18T06:59:03.7556882Z env:
2025-12-18T06:59:03.7557198Z   pythonLocation: /opt/hostedtoolcache/Python/3.13.11/x64
2025-12-18T06:59:03.7557631Z   PKG_CONFIG_PATH: /opt/hostedtoolcache/Python/3.13.11/x64/lib/pkgconfig
2025-12-18T06:59:03.7558056Z   Python_ROOT_DIR: /opt/hostedtoolcache/Python/3.13.11/x64
2025-12-18T06:59:03.7558443Z   Python2_ROOT_DIR: /opt/hostedtoolcache/Python/3.13.11/x64
2025-12-18T06:59:03.7558824Z   Python3_ROOT_DIR: /opt/hostedtoolcache/Python/3.13.11/x64
2025-12-18T06:59:03.7559197Z   LD_LIBRARY_PATH: /opt/hostedtoolcache/Python/3.13.11/x64/lib
2025-12-18T06:59:03.7559501Z ##[endgroup]
2025-12-18T06:59:05.7194520Z Requirement already satisfied: pip in /opt/hostedtoolcache/Python/3.13.11/x64/lib/python3.13/site-packages (25.3)
2025-12-18T06:59:05.9640834Z ##[group]Run pip install -U scratchattach
2025-12-18T06:59:05.9641148Z [36;1mpip install -U scratchattach[0m
2025-12-18T06:59:05.9674759Z shell: /usr/bin/bash --noprofile --norc -e -o pipefail {0}
2025-12-18T06:59:05.9675088Z env:
2025-12-18T06:59:05.9675355Z   pythonLocation: /opt/hostedtoolcache/Python/3.13.11/x64
2025-12-18T06:59:05.9676008Z   PKG_CONFIG_PATH: /opt/hostedtoolcache/Python/3.13.11/x64/lib/pkgconfig
2025-12-18T06:59:05.9676444Z   Python_ROOT_DIR: /opt/hostedtoolcache/Python/3.13.11/x64
2025-12-18T06:59:05.9676821Z   Python2_ROOT_DIR: /opt/hostedtoolcache/Python/3.13.11/x64
2025-12-18T06:59:05.9677190Z   Python3_ROOT_DIR: /opt/hostedtoolcache/Python/3.13.11/x64
2025-12-18T06:59:05.9677562Z   LD_LIBRARY_PATH: /opt/hostedtoolcache/Python/3.13.11/x64/lib
2025-12-18T06:59:05.9677871Z ##[endgroup]
2025-12-18T06:59:06.4914920Z Collecting scratchattach
2025-12-18T06:59:06.5473820Z   Downloading scratchattach-2.1.13-py3-none-any.whl.metadata (5.5 kB)
2025-12-18T06:59:06.5696558Z Collecting websocket-client (from scratchattach)
2025-12-18T06:59:06.5743772Z   Downloading websocket_client-1.9.0-py3-none-any.whl.metadata (8.3 kB)
2025-12-18T06:59:06.6028527Z Collecting requests (from scratchattach)
2025-12-18T06:59:06.6061849Z   Downloading requests-2.32.5-py3-none-any.whl.metadata (4.9 kB)
2025-12-18T06:59:06.6159717Z Collecting bs4 (from scratchattach)
2025-12-18T06:59:06.6186383Z   Downloading bs4-0.0.2-py2.py3-none-any.whl.metadata (411 bytes)
2025-12-18T06:59:06.6981009Z Collecting SimpleWebSocketServer (from scratchattach)
2025-12-18T06:59:06.7024933Z   Downloading SimpleWebSocketServer-0.1.2.tar.gz (10 kB)
2025-12-18T06:59:06.7104239Z   Installing build dependencies: started
2025-12-18T06:59:07.5146018Z   Installing build dependencies: finished with status 'done'
2025-12-18T06:59:07.5151461Z   Getting requirements to build wheel: started
2025-12-18T06:59:07.9078729Z   Getting requirements to build wheel: finished with status 'done'
2025-12-18T06:59:07.9087863Z   Preparing metadata (pyproject.toml): started
2025-12-18T06:59:08.1006633Z   Preparing metadata (pyproject.toml): finished with status 'done'
2025-12-18T06:59:08.1168804Z Collecting typing-extensions (from scratchattach)
2025-12-18T06:59:08.1194883Z   Downloading typing_extensions-4.15.0-py3-none-any.whl.metadata (3.3 kB)
2025-12-18T06:59:08.1423366Z Collecting beautifulsoup4 (from bs4->scratchattach)
2025-12-18T06:59:08.1452474Z   Downloading beautifulsoup4-4.14.3-py3-none-any.whl.metadata (3.8 kB)
2025-12-18T06:59:08.1641172Z Collecting soupsieve>=1.6.1 (from beautifulsoup4->bs4->scratchattach)
2025-12-18T06:59:08.1669496Z   Downloading soupsieve-2.8-py3-none-any.whl.metadata (4.6 kB)
2025-12-18T06:59:08.2574290Z Collecting charset_normalizer<4,>=2 (from requests->scratchattach)
2025-12-18T06:59:08.2607205Z   Downloading charset_normalizer-3.4.4-cp313-cp313-manylinux2014_x86_64.manylinux_2_17_x86_64.manylinux_2_28_x86_64.whl.metadata (37 kB)
2025-12-18T06:59:08.2800691Z Collecting idna<4,>=2.5 (from requests->scratchattach)
2025-12-18T06:59:08.2826388Z   Downloading idna-3.11-py3-none-any.whl.metadata (8.4 kB)
2025-12-18T06:59:08.3113802Z Collecting urllib3<3,>=1.21.1 (from requests->scratchattach)
2025-12-18T06:59:08.3139544Z   Downloading urllib3-2.6.2-py3-none-any.whl.metadata (6.6 kB)
2025-12-18T06:59:08.3356687Z Collecting certifi>=2017.4.17 (from requests->scratchattach)
2025-12-18T06:59:08.3381348Z   Downloading certifi-2025.11.12-py3-none-any.whl.metadata (2.5 kB)
2025-12-18T06:59:08.3486400Z Downloading scratchattach-2.1.13-py3-none-any.whl (141 kB)
2025-12-18T06:59:08.3601281Z Downloading bs4-0.0.2-py2.py3-none-any.whl (1.2 kB)
2025-12-18T06:59:08.3641622Z Downloading beautifulsoup4-4.14.3-py3-none-any.whl (107 kB)
2025-12-18T06:59:08.3694581Z Downloading soupsieve-2.8-py3-none-any.whl (36 kB)
2025-12-18T06:59:08.3736991Z Downloading typing_extensions-4.15.0-py3-none-any.whl (44 kB)
2025-12-18T06:59:08.3782260Z Downloading requests-2.32.5-py3-none-any.whl (64 kB)
2025-12-18T06:59:08.3830114Z Downloading charset_normalizer-3.4.4-cp313-cp313-manylinux2014_x86_64.manylinux_2_17_x86_64.manylinux_2_28_x86_64.whl (153 kB)
2025-12-18T06:59:08.3883908Z Downloading idna-3.11-py3-none-any.whl (71 kB)
2025-12-18T06:59:08.3932465Z Downloading urllib3-2.6.2-py3-none-any.whl (131 kB)
2025-12-18T06:59:08.3981964Z Downloading certifi-2025.11.12-py3-none-any.whl (159 kB)
2025-12-18T06:59:08.4039456Z Downloading websocket_client-1.9.0-py3-none-any.whl (82 kB)
2025-12-18T06:59:08.4171490Z Building wheels for collected packages: SimpleWebSocketServer
2025-12-18T06:59:08.4180382Z   Building wheel for SimpleWebSocketServer (pyproject.toml): started
2025-12-18T06:59:08.6385139Z   Building wheel for SimpleWebSocketServer (pyproject.toml): finished with status 'done'
2025-12-18T06:59:08.6391548Z   Created wheel for SimpleWebSocketServer: filename=simplewebsocketserver-0.1.2-py3-none-any.whl size=9715 sha256=6641f26cfafd0bcaadc7fd7c16cf6803fbae88eebc8df5f5147d4c097f70ac1a
2025-12-18T06:59:08.6393280Z   Stored in directory: /home/runner/.cache/pip/wheels/c4/5b/e8/4f2c15a82edc4923058056f6681373168be02a0c00389a6dcf
2025-12-18T06:59:08.6412909Z Successfully built SimpleWebSocketServer
2025-12-18T06:59:08.6600067Z Installing collected packages: SimpleWebSocketServer, websocket-client, urllib3, typing-extensions, soupsieve, idna, charset_normalizer, certifi, requests, beautifulsoup4, bs4, scratchattach
2025-12-18T06:59:09.2553570Z 
2025-12-18T06:59:09.2576850Z Successfully installed SimpleWebSocketServer-0.1.2 beautifulsoup4-4.14.3 bs4-0.0.2 certifi-2025.11.12 charset_normalizer-3.4.4 idna-3.11 requests-2.32.5 scratchattach-2.1.13 soupsieve-2.8 typing-extensions-4.15.0 urllib3-2.6.2 websocket-client-1.9.0
2025-12-18T06:59:09.3491441Z ##[group]Run actions/checkout@v6.0.1
2025-12-18T06:59:09.3491711Z with:
2025-12-18T06:59:09.3491875Z   ref: main
2025-12-18T06:59:09.3492060Z   repository: Boss-1s/scratchattach
2025-12-18T06:59:09.3492403Z   token: ***
2025-12-18T06:59:09.3492580Z   ssh-strict: true
2025-12-18T06:59:09.3492762Z   ssh-user: git
2025-12-18T06:59:09.3492964Z   persist-credentials: true
2025-12-18T06:59:09.3493176Z   clean: true
2025-12-18T06:59:09.3493365Z   sparse-checkout-cone-mode: true
2025-12-18T06:59:09.3493591Z   fetch-depth: 1
2025-12-18T06:59:09.3493768Z   fetch-tags: false
2025-12-18T06:59:09.3493944Z   show-progress: true
2025-12-18T06:59:09.3494130Z   lfs: false
2025-12-18T06:59:09.3494297Z   submodules: false
2025-12-18T06:59:09.3494479Z   set-safe-directory: true
2025-12-18T06:59:09.3494676Z env:
2025-12-18T06:59:09.3494897Z   pythonLocation: /opt/hostedtoolcache/Python/3.13.11/x64
2025-12-18T06:59:09.3495295Z   PKG_CONFIG_PATH: /opt/hostedtoolcache/Python/3.13.11/x64/lib/pkgconfig
2025-12-18T06:59:09.3495845Z   Python_ROOT_DIR: /opt/hostedtoolcache/Python/3.13.11/x64
2025-12-18T06:59:09.3496185Z   Python2_ROOT_DIR: /opt/hostedtoolcache/Python/3.13.11/x64
2025-12-18T06:59:09.3496523Z   Python3_ROOT_DIR: /opt/hostedtoolcache/Python/3.13.11/x64
2025-12-18T06:59:09.3496860Z   LD_LIBRARY_PATH: /opt/hostedtoolcache/Python/3.13.11/x64/lib
2025-12-18T06:59:09.3497150Z ##[endgroup]
2025-12-18T06:59:09.4264358Z Syncing repository: Boss-1s/scratchattach
2025-12-18T06:59:09.4265143Z ##[group]Getting Git version info
2025-12-18T06:59:09.4265921Z Working directory is '/home/runner/work/scratchattach/scratchattach'
2025-12-18T06:59:09.4303397Z [command]/usr/bin/git version
2025-12-18T06:59:09.4340421Z git version 2.52.0
2025-12-18T06:59:09.4392719Z ##[endgroup]
2025-12-18T06:59:09.4406809Z Temporarily overriding HOME='/home/runner/work/_temp/19bacce8-23e6-4c83-9902-9215350ab2a5' before making global git config changes
2025-12-18T06:59:09.4407980Z Adding repository directory to the temporary git global config as a safe directory
2025-12-18T06:59:09.4412128Z [command]/usr/bin/git config --global --add safe.directory /home/runner/work/scratchattach/scratchattach
2025-12-18T06:59:09.4451507Z [command]/usr/bin/git config --local --get remote.origin.url
2025-12-18T06:59:09.4472774Z https://github.com/Boss-1s/scratchattach
2025-12-18T06:59:09.4486283Z ##[group]Removing previously created refs, to avoid conflicts
2025-12-18T06:59:09.4490217Z [command]/usr/bin/git rev-parse --symbolic-full-name --verify --quiet HEAD
2025-12-18T06:59:09.4510778Z refs/heads/main
2025-12-18T06:59:09.4520055Z [command]/usr/bin/git checkout --detach
2025-12-18T06:59:09.9179963Z HEAD is now at 3bd3cc9 [BOT] Download Logs
2025-12-18T06:59:09.9230430Z [command]/usr/bin/git branch --delete --force main
2025-12-18T06:59:09.9258109Z Deleted branch main (was 3bd3cc9).
2025-12-18T06:59:09.9295159Z ##[endgroup]
2025-12-18T06:59:09.9299317Z [command]/usr/bin/git submodule status
2025-12-18T06:59:09.9530365Z ##[group]Cleaning the repository
2025-12-18T06:59:09.9534733Z [command]/usr/bin/git clean -ffdx
2025-12-18T06:59:09.9581993Z [command]/usr/bin/git reset --hard HEAD
2025-12-18T06:59:09.9670310Z HEAD is now at 3bd3cc9 [BOT] Download Logs
2025-12-18T06:59:09.9676046Z ##[endgroup]
2025-12-18T06:59:09.9677988Z ##[group]Disabling automatic garbage collection
2025-12-18T06:59:09.9683021Z [command]/usr/bin/git config --local gc.auto 0
2025-12-18T06:59:09.9709528Z ##[endgroup]
2025-12-18T06:59:09.9710101Z ##[group]Setting up auth
2025-12-18T06:59:09.9711458Z Removing SSH command configuration
2025-12-18T06:59:09.9717835Z [command]/usr/bin/git config --local --name-only --get-regexp core\.sshCommand
2025-12-18T06:59:09.9748475Z [command]/usr/bin/git submodule foreach --recursive sh -c "git config --local --name-only --get-regexp 'core\.sshCommand' && git config --local --unset-all 'core.sshCommand' || :"
2025-12-18T06:59:09.9973132Z Removing HTTP extra header
2025-12-18T06:59:09.9978330Z [command]/usr/bin/git config --local --name-only --get-regexp http\.https\:\/\/github\.com\/\.extraheader
2025-12-18T06:59:10.0008338Z [command]/usr/bin/git submodule foreach --recursive sh -c "git config --local --name-only --get-regexp 'http\.https\:\/\/github\.com\/\.extraheader' && git config --local --unset-all 'http.https://github.com/.extraheader' || :"
2025-12-18T06:59:10.0228519Z Removing includeIf entries pointing to credentials config files
2025-12-18T06:59:10.0234394Z [command]/usr/bin/git config --local --name-only --get-regexp ^includeIf\.gitdir:
2025-12-18T06:59:10.0259027Z includeif.gitdir:/home/runner/work/scratchattach/scratchattach/.git.path
2025-12-18T06:59:10.0260762Z includeif.gitdir:/home/runner/work/scratchattach/scratchattach/.git/worktrees/*.path
2025-12-18T06:59:10.0261621Z includeif.gitdir:/github/workspace/.git.path
2025-12-18T06:59:10.0262257Z includeif.gitdir:/github/workspace/.git/worktrees/*.path
2025-12-18T06:59:10.0268457Z [command]/usr/bin/git config --local --get-all includeif.gitdir:/home/runner/work/scratchattach/scratchattach/.git.path
2025-12-18T06:59:10.0289650Z /home/runner/work/_temp/git-credentials-39d1d9bf-d34a-4e99-bc5c-588498253f45.config
2025-12-18T06:59:10.0300739Z [command]/usr/bin/git config --local --unset includeif.gitdir:/home/runner/work/scratchattach/scratchattach/.git.path /home/runner/work/_temp/git-credentials-39d1d9bf-d34a-4e99-bc5c-588498253f45.config
2025-12-18T06:59:10.0331319Z [command]/usr/bin/git config --local --get-all includeif.gitdir:/home/runner/work/scratchattach/scratchattach/.git/worktrees/*.path
2025-12-18T06:59:10.0351732Z /home/runner/work/_temp/git-credentials-39d1d9bf-d34a-4e99-bc5c-588498253f45.config
2025-12-18T06:59:10.0360105Z [command]/usr/bin/git config --local --unset includeif.gitdir:/home/runner/work/scratchattach/scratchattach/.git/worktrees/*.path /home/runner/work/_temp/git-credentials-39d1d9bf-d34a-4e99-bc5c-588498253f45.config
2025-12-18T06:59:10.0388595Z [command]/usr/bin/git config --local --get-all includeif.gitdir:/github/workspace/.git.path
2025-12-18T06:59:10.0408194Z /github/runner_temp/git-credentials-39d1d9bf-d34a-4e99-bc5c-588498253f45.config
2025-12-18T06:59:10.0415441Z [command]/usr/bin/git config --local --unset includeif.gitdir:/github/workspace/.git.path /github/runner_temp/git-credentials-39d1d9bf-d34a-4e99-bc5c-588498253f45.config
2025-12-18T06:59:10.0445396Z [command]/usr/bin/git config --local --get-all includeif.gitdir:/github/workspace/.git/worktrees/*.path
2025-12-18T06:59:10.0464620Z /github/runner_temp/git-credentials-39d1d9bf-d34a-4e99-bc5c-588498253f45.config
2025-12-18T06:59:10.0474346Z [command]/usr/bin/git config --local --unset includeif.gitdir:/github/workspace/.git/worktrees/*.path /github/runner_temp/git-credentials-39d1d9bf-d34a-4e99-bc5c-588498253f45.config
2025-12-18T06:59:10.0506429Z [command]/usr/bin/git submodule foreach --recursive git config --local --show-origin --name-only --get-regexp remote.origin.url
2025-12-18T06:59:10.0725321Z Removing credentials config '/home/runner/work/_temp/git-credentials-39d1d9bf-d34a-4e99-bc5c-588498253f45.config'
2025-12-18T06:59:10.0738523Z [command]/usr/bin/git config --file /home/runner/work/_temp/git-credentials-215fb9f7-a72c-4ef2-8287-4244c755a26f.config http.https://github.com/.extraheader AUTHORIZATION: basic ***
2025-12-18T06:59:10.0773613Z [command]/usr/bin/git config --local includeIf.gitdir:/home/runner/work/scratchattach/scratchattach/.git.path /home/runner/work/_temp/git-credentials-215fb9f7-a72c-4ef2-8287-4244c755a26f.config
2025-12-18T06:59:10.0803132Z [command]/usr/bin/git config --local includeIf.gitdir:/home/runner/work/scratchattach/scratchattach/.git/worktrees/*.path /home/runner/work/_temp/git-credentials-215fb9f7-a72c-4ef2-8287-4244c755a26f.config
2025-12-18T06:59:10.0832198Z [command]/usr/bin/git config --local includeIf.gitdir:/github/workspace/.git.path /github/runner_temp/git-credentials-215fb9f7-a72c-4ef2-8287-4244c755a26f.config
2025-12-18T06:59:10.0860540Z [command]/usr/bin/git config --local includeIf.gitdir:/github/workspace/.git/worktrees/*.path /github/runner_temp/git-credentials-215fb9f7-a72c-4ef2-8287-4244c755a26f.config
2025-12-18T06:59:10.0885010Z ##[endgroup]
2025-12-18T06:59:10.0885415Z ##[group]Fetching the repository
2025-12-18T06:59:10.0894665Z [command]/usr/bin/git -c protocol.version=2 fetch --no-tags --prune --no-recurse-submodules --depth=1 origin +refs/heads/main*:refs/remotes/origin/main* +refs/tags/main*:refs/tags/main*
2025-12-18T06:59:10.5379387Z ##[endgroup]
2025-12-18T06:59:10.5379786Z ##[group]Determining the checkout info
2025-12-18T06:59:10.5386970Z [command]/usr/bin/git branch --list --remote origin/main
2025-12-18T06:59:10.5412782Z   origin/main
2025-12-18T06:59:10.5417119Z ##[endgroup]
2025-12-18T06:59:10.5421521Z [command]/usr/bin/git sparse-checkout disable
2025-12-18T06:59:10.5477160Z [command]/usr/bin/git config --local --unset-all extensions.worktreeConfig
2025-12-18T06:59:10.5503091Z ##[group]Checking out the ref
2025-12-18T06:59:10.5507309Z [command]/usr/bin/git checkout --progress --force -B main refs/remotes/origin/main
2025-12-18T06:59:10.5573151Z Switched to a new branch 'main'
2025-12-18T06:59:10.5581804Z branch 'main' set up to track 'origin/main'.
2025-12-18T06:59:10.5584214Z ##[endgroup]
2025-12-18T06:59:10.5621168Z [command]/usr/bin/git log -1 --format=%H
2025-12-18T06:59:10.5644872Z 3bd3cc936eb4a9e3de56404cc2fcb9cbe7dc56dd
2025-12-18T06:59:10.5754921Z ##[group]Run timeout 359m python3 message_viewer.py || { [[ $? -eq 124 ]] && exit 0; }
2025-12-18T06:59:10.5755495Z [36;1mtimeout 359m python3 message_viewer.py || { [[ $? -eq 124 ]] && exit 0; }[0m
2025-12-18T06:59:10.5789595Z shell: /usr/bin/bash -e {0}
2025-12-18T06:59:10.5789823Z env:
2025-12-18T06:59:10.5790075Z   pythonLocation: /opt/hostedtoolcache/Python/3.13.11/x64
2025-12-18T06:59:10.5790497Z   PKG_CONFIG_PATH: /opt/hostedtoolcache/Python/3.13.11/x64/lib/pkgconfig
2025-12-18T06:59:10.5790911Z   Python_ROOT_DIR: /opt/hostedtoolcache/Python/3.13.11/x64
2025-12-18T06:59:10.5791278Z   Python2_ROOT_DIR: /opt/hostedtoolcache/Python/3.13.11/x64
2025-12-18T06:59:10.5791638Z   Python3_ROOT_DIR: /opt/hostedtoolcache/Python/3.13.11/x64
2025-12-18T06:59:10.5791991Z   LD_LIBRARY_PATH: /opt/hostedtoolcache/Python/3.13.11/x64/lib
2025-12-18T06:59:10.5792465Z   PASS: ***
2025-12-18T06:59:10.5792641Z ##[endgroup]
2025-12-18T06:59:11.3681805Z Traceback (most recent call last):
2025-12-18T06:59:11.3739986Z   File "/home/runner/work/scratchattach/scratchattach/message_viewer.py", line 20, in <module>
2025-12-18T06:59:11.3740920Z     client = cloud.requests()
2025-12-18T06:59:11.3741688Z   File "/opt/hostedtoolcache/Python/3.13.11/x64/lib/python3.13/site-packages/scratchattach/cloud/_base.py", line 101, in requests
2025-12-18T06:59:11.3742645Z     return CloudRequests(self, used_cloud_vars=used_cloud_vars, no_packet_loss=no_packet_loss,
2025-12-18T06:59:11.3743221Z                          respond_order=respond_order, debug=debug)
2025-12-18T06:59:11.3744111Z   File "/opt/hostedtoolcache/Python/3.13.11/x64/lib/python3.13/site-packages/scratchattach/eventhandlers/cloud_requests.py", line 67, in __init__
2025-12-18T06:59:11.3744923Z     super().__init__(cloud)
2025-12-18T06:59:11.3745183Z     ~~~~~~~~~~~~~~~~^^^^^^^
2025-12-18T06:59:11.3746095Z   File "/opt/hostedtoolcache/Python/3.13.11/x64/lib/python3.13/site-packages/scratchattach/eventhandlers/cloud_events.py", line 19, in __init__
2025-12-18T06:59:11.3746804Z     self.source_stream = cloud.create_event_stream()
2025-12-18T06:59:11.3747111Z                          ~~~~~~~~~~~~~~~~~~~~~~~~~^^
2025-12-18T06:59:11.3747792Z   File "/opt/hostedtoolcache/Python/3.13.11/x64/lib/python3.13/site-packages/scratchattach/cloud/_base.py", line 442, in create_event_stream
2025-12-18T06:59:11.3748448Z     self.event_stream = WebSocketEventStream(self)
2025-12-18T06:59:11.3748750Z                         ~~~~~~~~~~~~~~~~~~~~^^^^^^
2025-12-18T06:59:11.3749357Z   File "/opt/hostedtoolcache/Python/3.13.11/x64/lib/python3.13/site-packages/scratchattach/cloud/_base.py", line 125, in __init__
2025-12-18T06:59:11.3749936Z     self.source_cloud.connect()
2025-12-18T06:59:11.3750158Z     ~~~~~~~~~~~~~~~~~~~~~~~~~^^
2025-12-18T06:59:11.3750731Z   File "/opt/hostedtoolcache/Python/3.13.11/x64/lib/python3.13/site-packages/scratchattach/cloud/cloud.py", line 29, in connect
2025-12-18T06:59:11.3751289Z     super().connect()
2025-12-18T06:59:11.3751481Z     ~~~~~~~~~~~~~~~^^
2025-12-18T06:59:11.3752009Z   File "/opt/hostedtoolcache/Python/3.13.11/x64/lib/python3.13/site-packages/scratchattach/cloud/_base.py", line 305, in connect
2025-12-18T06:59:11.3752585Z     self.websocket.connect(
2025-12-18T06:59:11.3752796Z     ~~~~~~~~~~~~~~~~~~~~~~^
2025-12-18T06:59:11.3753005Z         self.cloud_host,
2025-12-18T06:59:11.3753209Z         ^^^^^^^^^^^^^^^^
2025-12-18T06:59:11.3753394Z     ...<4 lines>...
2025-12-18T06:59:11.3753586Z         header=self.header
2025-12-18T06:59:11.3753789Z         ^^^^^^^^^^^^^^^^^^
2025-12-18T06:59:11.3753983Z     )
2025-12-18T06:59:11.3754137Z     ^
2025-12-18T06:59:11.3754590Z   File "/opt/hostedtoolcache/Python/3.13.11/x64/lib/python3.13/site-packages/websocket/_core.py", line 268, in connect
2025-12-18T06:59:11.3755239Z     self.handshake_response = handshake(self.sock, url, *addrs, **options)
2025-12-18T06:59:11.3755616Z                               ~~~~~~~~~^^^^^^^^^^^^^^^^^^^^^^^^^^^^^^^^^^^
2025-12-18T06:59:11.3756528Z   File "/opt/hostedtoolcache/Python/3.13.11/x64/lib/python3.13/site-packages/websocket/_handshake.py", line 66, in handshake
2025-12-18T06:59:11.3757093Z     status, resp = _get_resp_headers(sock)
2025-12-18T06:59:11.3757339Z                    ~~~~~~~~~~~~~~~~~^^^^^^
2025-12-18T06:59:11.3757911Z   File "/opt/hostedtoolcache/Python/3.13.11/x64/lib/python3.13/site-packages/websocket/_handshake.py", line 158, in _get_resp_headers
2025-12-18T06:59:11.3758486Z     raise WebSocketBadStatusException(
2025-12-18T06:59:11.3758725Z     ...<5 lines>...
2025-12-18T06:59:11.3758894Z     )
2025-12-18T06:59:11.3760092Z websocket._exceptions.WebSocketBadStatusException: Handshake status 502 Bad Gateway -+-+- {'date': 'Thu, 18 Dec 2025 06:59:11 GMT', 'content-type': 'text/html', 'content-length': '157', 'connection': 'keep-alive', 'server': 'nginx/1.22.1'} -+-+- b'<html>\r\n<head><title>502 Bad Gateway</title></head>\r\n<body>\r\n<center><h1>502 Bad Gateway</h1></center>\r\n<hr><center>nginx/1.22.1</center>\r\n</body>\r\n</html>\r\n'
2025-12-18T06:59:11.4016522Z ##[error]Process completed with exit code 1.
2025-12-18T06:59:11.4089289Z Post job cleanup.
2025-12-18T06:59:11.4869369Z [command]/usr/bin/git version
2025-12-18T06:59:11.4937729Z git version 2.52.0
2025-12-18T06:59:11.4974733Z Temporarily overriding HOME='/home/runner/work/_temp/7a47b775-b4f9-4854-8ff2-46e5a2973edf' before making global git config changes
2025-12-18T06:59:11.4975877Z Adding repository directory to the temporary git global config as a safe directory
2025-12-18T06:59:11.4980728Z [command]/usr/bin/git config --global --add safe.directory /home/runner/work/scratchattach/scratchattach
2025-12-18T06:59:11.5012681Z Removing SSH command configuration
2025-12-18T06:59:11.5019080Z [command]/usr/bin/git config --local --name-only --get-regexp core\.sshCommand
2025-12-18T06:59:11.5054775Z [command]/usr/bin/git submodule foreach --recursive sh -c "git config --local --name-only --get-regexp 'core\.sshCommand' && git config --local --unset-all 'core.sshCommand' || :"
2025-12-18T06:59:11.5282998Z Removing HTTP extra header
2025-12-18T06:59:11.5288268Z [command]/usr/bin/git config --local --name-only --get-regexp http\.https\:\/\/github\.com\/\.extraheader
2025-12-18T06:59:11.5321264Z [command]/usr/bin/git submodule foreach --recursive sh -c "git config --local --name-only --get-regexp 'http\.https\:\/\/github\.com\/\.extraheader' && git config --local --unset-all 'http.https://github.com/.extraheader' || :"
2025-12-18T06:59:11.5546968Z Removing includeIf entries pointing to credentials config files
2025-12-18T06:59:11.5553742Z [command]/usr/bin/git config --local --name-only --get-regexp ^includeIf\.gitdir:
2025-12-18T06:59:11.5577186Z includeif.gitdir:/home/runner/work/scratchattach/scratchattach/.git.path
2025-12-18T06:59:11.5578031Z includeif.gitdir:/home/runner/work/scratchattach/scratchattach/.git/worktrees/*.path
2025-12-18T06:59:11.5578503Z includeif.gitdir:/github/workspace/.git.path
2025-12-18T06:59:11.5578860Z includeif.gitdir:/github/workspace/.git/worktrees/*.path
2025-12-18T06:59:11.5586885Z [command]/usr/bin/git config --local --get-all includeif.gitdir:/home/runner/work/scratchattach/scratchattach/.git.path
2025-12-18T06:59:11.5607164Z /home/runner/work/_temp/git-credentials-215fb9f7-a72c-4ef2-8287-4244c755a26f.config
2025-12-18T06:59:11.5617418Z [command]/usr/bin/git config --local --unset includeif.gitdir:/home/runner/work/scratchattach/scratchattach/.git.path /home/runner/work/_temp/git-credentials-215fb9f7-a72c-4ef2-8287-4244c755a26f.config
2025-12-18T06:59:11.5650124Z [command]/usr/bin/git config --local --get-all includeif.gitdir:/home/runner/work/scratchattach/scratchattach/.git/worktrees/*.path
2025-12-18T06:59:11.5671228Z /home/runner/work/_temp/git-credentials-215fb9f7-a72c-4ef2-8287-4244c755a26f.config
2025-12-18T06:59:11.5680752Z [command]/usr/bin/git config --local --unset includeif.gitdir:/home/runner/work/scratchattach/scratchattach/.git/worktrees/*.path /home/runner/work/_temp/git-credentials-215fb9f7-a72c-4ef2-8287-4244c755a26f.config
2025-12-18T06:59:11.5711171Z [command]/usr/bin/git config --local --get-all includeif.gitdir:/github/workspace/.git.path
2025-12-18T06:59:11.5732416Z /github/runner_temp/git-credentials-215fb9f7-a72c-4ef2-8287-4244c755a26f.config
2025-12-18T06:59:11.5741693Z [command]/usr/bin/git config --local --unset includeif.gitdir:/github/workspace/.git.path /github/runner_temp/git-credentials-215fb9f7-a72c-4ef2-8287-4244c755a26f.config
2025-12-18T06:59:11.5775207Z [command]/usr/bin/git config --local --get-all includeif.gitdir:/github/workspace/.git/worktrees/*.path
2025-12-18T06:59:11.5799880Z /github/runner_temp/git-credentials-215fb9f7-a72c-4ef2-8287-4244c755a26f.config
2025-12-18T06:59:11.5809464Z [command]/usr/bin/git config --local --unset includeif.gitdir:/github/workspace/.git/worktrees/*.path /github/runner_temp/git-credentials-215fb9f7-a72c-4ef2-8287-4244c755a26f.config
2025-12-18T06:59:11.5841592Z [command]/usr/bin/git submodule foreach --recursive git config --local --show-origin --name-only --get-regexp remote.origin.url
2025-12-18T06:59:11.6064328Z Removing credentials config '/home/runner/work/_temp/git-credentials-215fb9f7-a72c-4ef2-8287-4244c755a26f.config'
2025-12-18T06:59:11.6202447Z Post job cleanup.
2025-12-18T06:59:11.6976207Z [command]/usr/bin/git version
2025-12-18T06:59:11.7013120Z git version 2.52.0
2025-12-18T06:59:11.7082328Z Temporarily overriding HOME='/home/runner/work/_temp/df463e09-6892-4077-aa94-afa3802f8bcf' before making global git config changes
2025-12-18T06:59:11.7083618Z Adding repository directory to the temporary git global config as a safe directory
2025-12-18T06:59:11.7088677Z [command]/usr/bin/git config --global --add safe.directory /home/runner/work/scratchattach/scratchattach
2025-12-18T06:59:11.7119646Z Removing SSH command configuration
2025-12-18T06:59:11.7126146Z [command]/usr/bin/git config --local --name-only --get-regexp core\.sshCommand
2025-12-18T06:59:11.7160306Z [command]/usr/bin/git submodule foreach --recursive sh -c "git config --local --name-only --get-regexp 'core\.sshCommand' && git config --local --unset-all 'core.sshCommand' || :"
2025-12-18T06:59:11.7387049Z Removing HTTP extra header
2025-12-18T06:59:11.7392055Z [command]/usr/bin/git config --local --name-only --get-regexp http\.https\:\/\/github\.com\/\.extraheader
2025-12-18T06:59:11.7425346Z [command]/usr/bin/git submodule foreach --recursive sh -c "git config --local --name-only --get-regexp 'http\.https\:\/\/github\.com\/\.extraheader' && git config --local --unset-all 'http.https://github.com/.extraheader' || :"
2025-12-18T06:59:11.7646854Z Removing includeIf entries pointing to credentials config files
2025-12-18T06:59:11.7653672Z [command]/usr/bin/git config --local --name-only --get-regexp ^includeIf\.gitdir:
2025-12-18T06:59:11.7687297Z [command]/usr/bin/git submodule foreach --recursive git config --local --show-origin --name-only --get-regexp remote.origin.url
2025-12-18T06:59:11.8051156Z Cleaning up orphan processes
