2026-01-09T01:59:41.0060840Z Current runner version: '2.330.0'
2026-01-09T01:59:41.0085409Z ##[group]Runner Image Provisioner
2026-01-09T01:59:41.0086310Z Hosted Compute Agent
2026-01-09T01:59:41.0086832Z Version: 20251211.462
2026-01-09T01:59:41.0087370Z Commit: 6cbad8c2bb55d58165063d031ccabf57e2d2db61
2026-01-09T01:59:41.0088365Z Build Date: 2025-12-11T16:28:49Z
2026-01-09T01:59:41.0088948Z Worker ID: {5eba29ce-3ef7-47a6-a9b3-db135bcc7ef6}
2026-01-09T01:59:41.0089584Z ##[endgroup]
2026-01-09T01:59:41.0090078Z ##[group]Operating System
2026-01-09T01:59:41.0090607Z Ubuntu
2026-01-09T01:59:41.0091017Z 24.04.3
2026-01-09T01:59:41.0091456Z LTS
2026-01-09T01:59:41.0091885Z ##[endgroup]
2026-01-09T01:59:41.0092527Z ##[group]Runner Image
2026-01-09T01:59:41.0093041Z Image: ubuntu-24.04
2026-01-09T01:59:41.0093483Z Version: 20260105.202.1
2026-01-09T01:59:41.0094387Z Included Software: https://github.com/actions/runner-images/blob/ubuntu24/20260105.202/images/ubuntu/Ubuntu2404-Readme.md
2026-01-09T01:59:41.0095796Z Image Release: https://github.com/actions/runner-images/releases/tag/ubuntu24%2F20260105.202
2026-01-09T01:59:41.0096647Z ##[endgroup]
2026-01-09T01:59:41.0097882Z ##[group]GITHUB_TOKEN Permissions
2026-01-09T01:59:41.0100122Z Actions: read
2026-01-09T01:59:41.0100611Z Contents: read
2026-01-09T01:59:41.0101086Z Metadata: read
2026-01-09T01:59:41.0101542Z Packages: read
2026-01-09T01:59:41.0101995Z SecurityEvents: write
2026-01-09T01:59:41.0102475Z ##[endgroup]
2026-01-09T01:59:41.0104606Z Secret source: Actions
2026-01-09T01:59:41.0105189Z Prepare workflow directory
2026-01-09T01:59:41.0602553Z Prepare all required actions
2026-01-09T01:59:41.0640744Z Getting action download info
2026-01-09T01:59:41.4131336Z Download action repository 'actions/checkout@v4' (SHA:34e114876b0b11c390a56381ad16ebd13914f8d5)
2026-01-09T01:59:41.4877314Z Download action repository 'github/codeql-action@v4' (SHA:5d4e8d1aca955e8d8589aabd499c5cae939e33c7)
2026-01-09T01:59:42.5435391Z Complete job name: Analyze (python)
2026-01-09T01:59:42.6041289Z ##[group]Run actions/checkout@v4
2026-01-09T01:59:42.6042280Z with:
2026-01-09T01:59:42.6042908Z   repository: Boss-1s/scratchattach
2026-01-09T01:59:42.6043766Z   token: ***
2026-01-09T01:59:42.6044261Z   ssh-strict: true
2026-01-09T01:59:42.6044809Z   ssh-user: git
2026-01-09T01:59:42.6045328Z   persist-credentials: true
2026-01-09T01:59:42.6045850Z   clean: true
2026-01-09T01:59:42.6046395Z   sparse-checkout-cone-mode: true
2026-01-09T01:59:42.6047001Z   fetch-depth: 1
2026-01-09T01:59:42.6047477Z   fetch-tags: false
2026-01-09T01:59:42.6048187Z   show-progress: true
2026-01-09T01:59:42.6048677Z   lfs: false
2026-01-09T01:59:42.6049185Z   submodules: false
2026-01-09T01:59:42.6049704Z   set-safe-directory: true
2026-01-09T01:59:42.6050560Z env:
2026-01-09T01:59:42.6051026Z   CODE_SCANNING_REF: refs/heads/main
2026-01-09T01:59:42.6158512Z   CODE_SCANNING_BASE_BRANCH: 
2026-01-09T01:59:42.6159615Z   CODE_SCANNING_IS_ANALYZING_DEFAULT_BRANCH: true
2026-01-09T01:59:42.6160406Z   CODE_SCANNING_IS_STEADY_STATE_DEFAULT_SETUP: true
2026-01-09T01:59:42.6174042Z   CODE_SCANNING_WORKFLOW_FILE: H4sIAAAAAAAA/6RV32/bNhB+919x8AakfZDzsicBBaY4cuLNsFNJQZcVBUFTJ5mLTKr8kVTt8r8PFKVYWuM5Q/1kHj9+vLvv40nQPYYwncsc36+mE2VF4EM/f/sGJTc7u53hAwoz46K2Rs+YzJFoRoXgoiTKCuLw8PQ0kSKEvBF0z9lkguIhnADMN5cxSefRer1cX5EkXryaGAvH+W+GiyiNyUUSrefXr2XaUo1kq6hgu5cYlymJ1tHq7k+3uIwX0e0q+583cE2ooFXz1S1yLKitzH/fmGZxdHlH0izK4udL0zi7vQnBKIvfnfmwSX5frDYfyGK5il+b16NU90UlH0nBq1ahyV9yq50sPl10fwG83pEPwRvHvadG8S+ziorS0tKdfdtClRU6cDo7UKHk/rd0s37ToZUVAtVbXzJAjWrPteZSaH8PAGWmXYJCmncxJoVBYcbBmrJ7WuI4qJFZxU0TtCXrEB4VNzjpSbiwGEgRoFJShVDQSvtNbRQ1WDZ9FgXlVVBQbYYg6GruQQBcsMrmeAgABNB3JOxrGewCMHePVE0I58/Al3Bby6s82MscQxBS4GjTtzGEs49Tu7XC2KCiBrWZfjo7kkrdmJ0UJzN5AfZDiWiDdSdt0JlovkN2L60BhbXU3EjVdJRWOzW7ZpyzDvfrwy+TEcFScMNpxb8i+JE0Ou4tf+5c/rkKPNk5F7zl8cBHbnYHyVqfa66Dey5yHYI7GfTv4xnVd0h7X39v/slL/RpAD+EhOMcaRY6CNQGjbMdF6Q/5vs5QPHAlxR6FgXfv4MwXF+ykNpifDYk+W1TcZTedwk9w6QdMG21A2/4NdO+g4GUIfw+E7AZSoNHYOhwpLFU5DgC4IqrAvT8dwsdXDhovCGlPwdMTfBqQmp1CatrmVC1lt9srnrq0oFbySwOFVKCw5Nq4ejsSnod++7QVtKHKBC34mCMO9IQpzFE4u3XCa2QKjZ5dLbPr2wuSxFfLNEuWcUpuks0fd0NJDo/viGPGtr5BVUi17zztZ63m+nRF3aA+VNN9V/3PfSPer3x25HqTZl0d7mHO2jbMpDWtYO2KOHMNyxgR3GySkwS1VMcJ5hGZx0m2XCznURafomKUMFSGF9wNq6Okt8kqPUVlVaUPBGPBD5NwoFQfdIf+CQAA//+2RVGDAgkAAA==
2026-01-09T01:59:42.6184613Z ##[endgroup]
2026-01-09T01:59:42.7214644Z Syncing repository: Boss-1s/scratchattach
2026-01-09T01:59:42.7216768Z ##[group]Getting Git version info
2026-01-09T01:59:42.7217601Z Working directory is '/home/runner/work/scratchattach/scratchattach'
2026-01-09T01:59:42.7218949Z [command]/usr/bin/git version
2026-01-09T01:59:42.7266209Z git version 2.52.0
2026-01-09T01:59:42.7290643Z ##[endgroup]
2026-01-09T01:59:42.7305796Z Temporarily overriding HOME='/home/runner/work/_temp/7a37cf3b-b44f-402f-a0f5-4eedd2bb244d' before making global git config changes
2026-01-09T01:59:42.7308858Z Adding repository directory to the temporary git global config as a safe directory
2026-01-09T01:59:42.7321940Z [command]/usr/bin/git config --global --add safe.directory /home/runner/work/scratchattach/scratchattach
2026-01-09T01:59:42.7359939Z Deleting the contents of '/home/runner/work/scratchattach/scratchattach'
2026-01-09T01:59:42.7363476Z ##[group]Initializing the repository
2026-01-09T01:59:42.7368845Z [command]/usr/bin/git init /home/runner/work/scratchattach/scratchattach
2026-01-09T01:59:42.7440074Z hint: Using 'master' as the name for the initial branch. This default branch name
2026-01-09T01:59:42.7442107Z hint: will change to "main" in Git 3.0. To configure the initial branch name
2026-01-09T01:59:42.7444015Z hint: to use in all of your new repositories, which will suppress this warning,
2026-01-09T01:59:42.7445504Z hint: call:
2026-01-09T01:59:42.7446326Z hint:
2026-01-09T01:59:42.7447352Z hint: 	git config --global init.defaultBranch <name>
2026-01-09T01:59:42.7448754Z hint:
2026-01-09T01:59:42.7449950Z hint: Names commonly chosen instead of 'master' are 'main', 'trunk' and
2026-01-09T01:59:42.7452137Z hint: 'development'. The just-created branch can be renamed via this command:
2026-01-09T01:59:42.7453714Z hint:
2026-01-09T01:59:42.7454617Z hint: 	git branch -m <name>
2026-01-09T01:59:42.7455654Z hint:
2026-01-09T01:59:42.7456906Z hint: Disable this message with "git config set advice.defaultBranchName false"
2026-01-09T01:59:42.7459027Z Initialized empty Git repository in /home/runner/work/scratchattach/scratchattach/.git/
2026-01-09T01:59:42.7462073Z [command]/usr/bin/git remote add origin https://github.com/Boss-1s/scratchattach
2026-01-09T01:59:42.7487236Z ##[endgroup]
2026-01-09T01:59:42.7488973Z ##[group]Disabling automatic garbage collection
2026-01-09T01:59:42.7492339Z [command]/usr/bin/git config --local gc.auto 0
2026-01-09T01:59:42.7517641Z ##[endgroup]
2026-01-09T01:59:42.7519354Z ##[group]Setting up auth
2026-01-09T01:59:42.7525511Z [command]/usr/bin/git config --local --name-only --get-regexp core\.sshCommand
2026-01-09T01:59:42.7552717Z [command]/usr/bin/git submodule foreach --recursive sh -c "git config --local --name-only --get-regexp 'core\.sshCommand' && git config --local --unset-all 'core.sshCommand' || :"
2026-01-09T01:59:42.7826151Z [command]/usr/bin/git config --local --name-only --get-regexp http\.https\:\/\/github\.com\/\.extraheader
2026-01-09T01:59:42.7854214Z [command]/usr/bin/git submodule foreach --recursive sh -c "git config --local --name-only --get-regexp 'http\.https\:\/\/github\.com\/\.extraheader' && git config --local --unset-all 'http.https://github.com/.extraheader' || :"
2026-01-09T01:59:42.8032148Z [command]/usr/bin/git config --local --name-only --get-regexp ^includeIf\.gitdir:
2026-01-09T01:59:42.8067604Z [command]/usr/bin/git submodule foreach --recursive git config --local --show-origin --name-only --get-regexp remote.origin.url
2026-01-09T01:59:42.8268320Z [command]/usr/bin/git config --local http.https://github.com/.extraheader AUTHORIZATION: basic ***
2026-01-09T01:59:42.8298159Z ##[endgroup]
2026-01-09T01:59:42.8299052Z ##[group]Fetching the repository
2026-01-09T01:59:42.8306267Z [command]/usr/bin/git -c protocol.version=2 fetch --no-tags --prune --no-recurse-submodules --depth=1 origin +dba3563b4e2ec777f829dcc8f2e639af3de32629:refs/remotes/origin/main
2026-01-09T02:00:09.9580762Z From https://github.com/Boss-1s/scratchattach
2026-01-09T02:00:09.9581551Z  * [new ref]         dba3563b4e2ec777f829dcc8f2e639af3de32629 -> origin/main
2026-01-09T02:00:09.9612864Z ##[endgroup]
2026-01-09T02:00:09.9613385Z ##[group]Determining the checkout info
2026-01-09T02:00:09.9616842Z ##[endgroup]
2026-01-09T02:00:09.9625174Z [command]/usr/bin/git sparse-checkout disable
2026-01-09T02:00:09.9661357Z [command]/usr/bin/git config --local --unset-all extensions.worktreeConfig
2026-01-09T02:00:09.9683495Z ##[group]Checking out the ref
2026-01-09T02:00:09.9688865Z [command]/usr/bin/git checkout --progress --force -B main refs/remotes/origin/main
2026-01-09T02:00:11.3806062Z Updating files:  87% (2611/3001)
2026-01-09T02:00:11.7184442Z Updating files:  88% (2641/3001)
2026-01-09T02:00:11.7216110Z Updating files:  89% (2671/3001)
2026-01-09T02:00:11.7247963Z Updating files:  90% (2701/3001)
2026-01-09T02:00:11.9609967Z Updating files:  91% (2731/3001)
2026-01-09T02:00:11.9671305Z Updating files:  92% (2761/3001)
2026-01-09T02:00:12.0285649Z Updating files:  93% (2791/3001)
2026-01-09T02:00:12.3091819Z Updating files:  93% (2799/3001)
2026-01-09T02:00:12.8789376Z Updating files:  94% (2821/3001)
2026-01-09T02:00:13.0115454Z Updating files:  95% (2851/3001)
2026-01-09T02:00:13.1108077Z Updating files:  95% (2876/3001)
2026-01-09T02:00:13.5401609Z Updating files:  96% (2881/3001)
2026-01-09T02:00:13.5464096Z Updating files:  97% (2911/3001)
2026-01-09T02:00:13.7786039Z Updating files:  98% (2941/3001)
2026-01-09T02:00:14.0072819Z Updating files:  99% (2971/3001)
2026-01-09T02:00:14.0760998Z Updating files:  99% (2979/3001)
2026-01-09T02:00:14.0761448Z Updating files: 100% (3001/3001)
2026-01-09T02:00:14.0761924Z Updating files: 100% (3001/3001), done.
2026-01-09T02:00:14.0790825Z Switched to a new branch 'main'
2026-01-09T02:00:14.0795194Z branch 'main' set up to track 'origin/main'.
2026-01-09T02:00:14.0854566Z ##[endgroup]
2026-01-09T02:00:14.0889690Z [command]/usr/bin/git log -1 --format=%H
2026-01-09T02:00:14.0910246Z dba3563b4e2ec777f829dcc8f2e639af3de32629
2026-01-09T02:00:14.1182621Z ##[group]Run github/codeql-action/init@v4
2026-01-09T02:00:14.1182908Z with:
2026-01-09T02:00:14.1183099Z   analysis-kinds: code-scanning
2026-01-09T02:00:14.1183320Z   languages: python
2026-01-09T02:00:14.1183519Z   build-mode: none
2026-01-09T02:00:14.1183718Z   dependency-caching: true
2026-01-09T02:00:14.1184033Z   config: default-setup:
  org:
    model-packs: [  ]
threat-models: [  ]

2026-01-09T02:00:14.1184643Z   token: ***
2026-01-09T02:00:14.1185050Z   matrix: {
  "language": "python",
  "category": "/language:python",
  "build-mode": "none",
  "runner": "[\"ubuntu-latest\"]"
}
2026-01-09T02:00:14.1185516Z   debug: false
2026-01-09T02:00:14.1185689Z env:
2026-01-09T02:00:14.1185859Z   CODE_SCANNING_REF: refs/heads/main
2026-01-09T02:00:14.1186103Z   CODE_SCANNING_BASE_BRANCH: 
2026-01-09T02:00:14.1186366Z   CODE_SCANNING_IS_ANALYZING_DEFAULT_BRANCH: true
2026-01-09T02:00:14.1186662Z   CODE_SCANNING_IS_STEADY_STATE_DEFAULT_SETUP: true
2026-01-09T02:00:14.1192229Z   CODE_SCANNING_WORKFLOW_FILE: H4sIAAAAAAAA/6RV32/bNhB+919x8AakfZDzsicBBaY4cuLNsFNJQZcVBUFTJ5mLTKr8kVTt8r8PFKVYWuM5Q/1kHj9+vLvv40nQPYYwncsc36+mE2VF4EM/f/sGJTc7u53hAwoz46K2Rs+YzJFoRoXgoiTKCuLw8PQ0kSKEvBF0z9lkguIhnADMN5cxSefRer1cX5EkXryaGAvH+W+GiyiNyUUSrefXr2XaUo1kq6hgu5cYlymJ1tHq7k+3uIwX0e0q+583cE2ooFXz1S1yLKitzH/fmGZxdHlH0izK4udL0zi7vQnBKIvfnfmwSX5frDYfyGK5il+b16NU90UlH0nBq1ahyV9yq50sPl10fwG83pEPwRvHvadG8S+ziorS0tKdfdtClRU6cDo7UKHk/rd0s37ToZUVAtVbXzJAjWrPteZSaH8PAGWmXYJCmncxJoVBYcbBmrJ7WuI4qJFZxU0TtCXrEB4VNzjpSbiwGEgRoFJShVDQSvtNbRQ1WDZ9FgXlVVBQbYYg6GruQQBcsMrmeAgABNB3JOxrGewCMHePVE0I58/Al3Bby6s82MscQxBS4GjTtzGEs49Tu7XC2KCiBrWZfjo7kkrdmJ0UJzN5AfZDiWiDdSdt0JlovkN2L60BhbXU3EjVdJRWOzW7ZpyzDvfrwy+TEcFScMNpxb8i+JE0Ou4tf+5c/rkKPNk5F7zl8cBHbnYHyVqfa66Dey5yHYI7GfTv4xnVd0h7X39v/slL/RpAD+EhOMcaRY6CNQGjbMdF6Q/5vs5QPHAlxR6FgXfv4MwXF+ykNpifDYk+W1TcZTedwk9w6QdMG21A2/4NdO+g4GUIfw+E7AZSoNHYOhwpLFU5DgC4IqrAvT8dwsdXDhovCGlPwdMTfBqQmp1CatrmVC1lt9srnrq0oFbySwOFVKCw5Nq4ejsSnod++7QVtKHKBC34mCMO9IQpzFE4u3XCa2QKjZ5dLbPr2wuSxFfLNEuWcUpuks0fd0NJDo/viGPGtr5BVUi17zztZ63m+nRF3aA+VNN9V/3PfSPer3x25HqTZl0d7mHO2jbMpDWtYO2KOHMNyxgR3GySkwS1VMcJ5hGZx0m2XCznURafomKUMFSGF9wNq6Okt8kqPUVlVaUPBGPBD5NwoFQfdIf+CQAA//+2RVGDAgkAAA==
2026-01-09T02:00:14.1197808Z ##[endgroup]
2026-01-09T02:00:14.7749458Z Job run UUID is 3b3447da-103f-4264-a264-7c4469545b70.
2026-01-09T02:00:15.5449724Z ##[group]Setup CodeQL tools
2026-01-09T02:00:15.5505829Z [command]/usr/bin/tar --version
2026-01-09T02:00:15.5561080Z tar (GNU tar) 1.35
2026-01-09T02:00:15.5561622Z Copyright (C) 2023 Free Software Foundation, Inc.
2026-01-09T02:00:15.5562192Z License GPLv3+: GNU GPL version 3 or later <https://gnu.org/licenses/gpl.html>.
2026-01-09T02:00:15.5562685Z This is free software: you are free to change and redistribute it.
2026-01-09T02:00:15.5563051Z There is NO WARRANTY, to the extent permitted by law.
2026-01-09T02:00:15.5563282Z 
2026-01-09T02:00:15.5563378Z Written by John Gilmore and Jay Fenlason.
2026-01-09T02:00:15.5572042Z Found gnu tar version 1.35.
2026-01-09T02:00:15.5594378Z Found CodeQL tools version 2.23.8 in the toolcache.
2026-01-09T02:00:15.5595056Z Using CodeQL CLI version 2.23.8 from toolcache at /opt/hostedtoolcache/CodeQL/2.23.8/x64
2026-01-09T02:00:17.7061536Z [command]/opt/hostedtoolcache/CodeQL/2.23.8/x64/codeql/codeql version --format=json
2026-01-09T02:00:18.4426331Z {
2026-01-09T02:00:18.4427897Z   "productName" : "CodeQL",
2026-01-09T02:00:18.4428259Z   "vendor" : "GitHub",
2026-01-09T02:00:18.4428532Z   "version" : "2.23.8",
2026-01-09T02:00:18.4428844Z   "sha" : "d1011989dbb0da337606a511d9a16ba52ef49122",
2026-01-09T02:00:18.4429229Z   "branches" : [
2026-01-09T02:00:18.4429515Z     "codeql-cli-2.23.8"
2026-01-09T02:00:18.4429792Z   ],
2026-01-09T02:00:18.4430091Z   "copyright" : "Copyright (C) 2019-2025 GitHub, Inc.",
2026-01-09T02:00:18.4430589Z   "unpackedLocation" : "/opt/hostedtoolcache/CodeQL/2.23.8/x64/codeql",
2026-01-09T02:00:18.4431183Z   "configFileLocation" : "/home/runner/.config/codeql/config",
2026-01-09T02:00:18.4432228Z   "configFileFound" : false,
2026-01-09T02:00:18.4432606Z   "overlayVersion" : 4,
2026-01-09T02:00:18.4432897Z   "features" : {
2026-01-09T02:00:18.4433210Z     "analysisSummaryV2Default" : true,
2026-01-09T02:00:18.4433629Z     "buildModeOption" : true,
2026-01-09T02:00:18.4434060Z     "bundleSupportsIncludeDiagnostics" : true,
2026-01-09T02:00:18.4434553Z     "bundleSupportsIncludeLogs" : true,
2026-01-09T02:00:18.4435164Z     "databaseInterpretResultsSupportsSarifRunProperty" : true,
2026-01-09T02:00:18.4435728Z     "featuresInVersionResult" : true,
2026-01-09T02:00:18.4436228Z     "indirectTracingSupportsStaticBinaries" : false,
2026-01-09T02:00:18.4436794Z     "informsAboutUnsupportedPathFilters" : true,
2026-01-09T02:00:18.4437250Z     "supportsPython312" : true,
2026-01-09T02:00:18.4437627Z     "mrvaPackCreate" : true,
2026-01-09T02:00:18.4438252Z     "threatModelOption" : true,
2026-01-09T02:00:18.4438655Z     "traceCommandUseBuildMode" : true,
2026-01-09T02:00:18.4439056Z     "v2ramSizing" : true,
2026-01-09T02:00:18.4439477Z     "mrvaPackCreateMultipleQueries" : true,
2026-01-09T02:00:18.4440008Z     "setsCodeqlRunnerEnvVar" : true,
2026-01-09T02:00:18.4440489Z     "sarifMergeRunsFromEqualCategory" : true,
2026-01-09T02:00:18.4440932Z     "forceOverwrite" : true,
2026-01-09T02:00:18.4441314Z     "generateSummarySymbolMap" : true,
2026-01-09T02:00:18.4441800Z     "pythonDefaultIsToNotExtractStdlib" : true,
2026-01-09T02:00:18.4442260Z     "queryServerRunQueries" : true,
2026-01-09T02:00:18.4442686Z     "queryServerTrimCacheWithMode" : true,
2026-01-09T02:00:18.4443178Z     "builtinExtractorsSpecifyDefaultQueries" : true,
2026-01-09T02:00:18.4443662Z     "bqrsDiffResultSets" : true
2026-01-09T02:00:18.4444019Z   }
2026-01-09T02:00:18.4444255Z }
2026-01-09T02:00:18.4588966Z ##[endgroup]
2026-01-09T02:00:18.4592142Z ##[group]Load language configuration
2026-01-09T02:00:18.4625896Z [command]/opt/hostedtoolcache/CodeQL/2.23.8/x64/codeql/codeql resolve languages --format=betterjson --extractor-options-verbosity=4 --extractor-include-aliases --filter-to-languages-with-queries
2026-01-09T02:00:19.6373997Z {
2026-01-09T02:00:19.6374428Z   "aliases" : {
2026-01-09T02:00:19.6374772Z     "c" : "cpp",
2026-01-09T02:00:19.6375117Z     "c++" : "cpp",
2026-01-09T02:00:19.6375446Z     "c-c++" : "cpp",
2026-01-09T02:00:19.6375787Z     "c-cpp" : "cpp",
2026-01-09T02:00:19.6376124Z     "c#" : "csharp",
2026-01-09T02:00:19.6376456Z     "java-kotlin" : "java",
2026-01-09T02:00:19.6376852Z     "kotlin" : "java",
2026-01-09T02:00:19.6377251Z     "javascript-typescript" : "javascript",
2026-01-09T02:00:19.6377898Z     "typescript" : "javascript"
2026-01-09T02:00:19.6378289Z   },
2026-01-09T02:00:19.6378576Z   "extractors" : {
2026-01-09T02:00:19.6378869Z     "rust" : [
2026-01-09T02:00:19.6379153Z       {
2026-01-09T02:00:19.6379588Z         "extractor_root" : "/opt/hostedtoolcache/CodeQL/2.23.8/x64/codeql/rust",
2026-01-09T02:00:19.6380084Z         "extractor_options" : {
2026-01-09T02:00:19.6380328Z           "trap" : {
2026-01-09T02:00:19.6380754Z             "title" : "Options pertaining to TRAP.",
2026-01-09T02:00:19.6381295Z             "description" : "Options pertaining to TRAP.",
2026-01-09T02:00:19.6381738Z             "type" : "object",
2026-01-09T02:00:19.6382090Z             "properties" : {
2026-01-09T02:00:19.6382445Z               "compression" : {
2026-01-09T02:00:19.6383063Z                 "title" : "Controls compression for the TRAP files written by the extractor.",
2026-01-09T02:00:19.6384976Z                 "description" : "This option is only intended for use in debugging the extractor. Accepted values are 'gzip' (to write gzip-compressed TRAP) 'zstd' (to write Zstandard-compressed TRAP) and 'none' (the default, to write uncompressed TRAP).\n",
2026-01-09T02:00:19.6386716Z                 "type" : "string",
2026-01-09T02:00:19.6387141Z                 "pattern" : "^(none|gzip|zstd)$"
2026-01-09T02:00:19.6387578Z               }
2026-01-09T02:00:19.6388006Z             }
2026-01-09T02:00:19.6388246Z           },
2026-01-09T02:00:19.6389063Z           "cargo_target_dir" : {
2026-01-09T02:00:19.6389548Z             "title" : "Directory to use for cargo output files.",
2026-01-09T02:00:19.6391533Z             "description" : "This value is an optional path to use as `CARGO_TARGET_DIR` for the internal cargo commands the extractor uses. Pointing it to a persistent directory may reduce execution time of consecutive extractor runs. By default, a new scratch directory is used for each run.\n",
2026-01-09T02:00:19.6393330Z             "type" : "string"
2026-01-09T02:00:19.6393672Z           },
2026-01-09T02:00:19.6393946Z           "cargo_target" : {
2026-01-09T02:00:19.6394317Z             "title" : "Target architecture",
2026-01-09T02:00:19.6395302Z             "description" : "Target architecture to use for analysis, analogous to `cargo --target`. By default the host architecture is used.\n",
2026-01-09T02:00:19.6396249Z             "type" : "string"
2026-01-09T02:00:19.6396599Z           },
2026-01-09T02:00:19.6396903Z           "cargo_features" : {
2026-01-09T02:00:19.6397301Z             "title" : "Cargo features to turn on",
2026-01-09T02:00:19.6399263Z             "description" : "Comma-separated list of features to turn on. By default all features are enabled. If any features are specified, then only those features are enabled. The `default` feature must be explicitly specified if only default features are desired. Can be repeated.\n",
2026-01-09T02:00:19.6401049Z             "type" : "array"
2026-01-09T02:00:19.6401401Z           },
2026-01-09T02:00:19.6401703Z           "cargo_cfg_overrides" : {
2026-01-09T02:00:19.6402139Z             "title" : "Cargo cfg overrides",
2026-01-09T02:00:19.6403065Z             "description" : "Comma-separated list of cfg settings to enable, or disable if prefixed with `-`. Can be repeated.\n",
2026-01-09T02:00:19.6403964Z             "type" : "array"
2026-01-09T02:00:19.6404666Z           },
2026-01-09T02:00:19.6404958Z           "logging" : {
2026-01-09T02:00:19.6405385Z             "title" : "Options pertaining to logging.",
2026-01-09T02:00:19.6405931Z             "description" : "Options pertaining to logging.",
2026-01-09T02:00:19.6406425Z             "type" : "object",
2026-01-09T02:00:19.6406780Z             "properties" : {
2026-01-09T02:00:19.6407133Z               "verbosity" : {
2026-01-09T02:00:19.6407571Z                 "title" : "Extractor logging verbosity level.",
2026-01-09T02:00:19.6409415Z                 "description" : "Controls the level of verbosity of the extractor. The supported levels are (in order of increasing verbosity):\n  - off\n  - errors\n  - warnings\n  - info or progress\n  - debug or progress+\n  - trace or progress++\n  - progress+++\n",
2026-01-09T02:00:19.6410904Z                 "type" : "string",
2026-01-09T02:00:19.6411651Z                 "pattern" : "^(off|errors|warnings|(info|progress)|(debug|progress\\+)|(trace|progress\\+\\+)|progress\\+\\+\\+)$"
2026-01-09T02:00:19.6412407Z               },
2026-01-09T02:00:19.6412706Z               "flamegraph" : {
2026-01-09T02:00:19.6413207Z                 "title" : "[Experimental] File path for write flame graph log",
2026-01-09T02:00:19.6414648Z                 "description" : "Collect flame graph data using the `tracing-flame` crate. To render a flame graph or chart, run the `inferno-flamegraph` command. See also: https://crates.io/crates/tracing-flame\n",
2026-01-09T02:00:19.6415943Z                 "type" : "string"
2026-01-09T02:00:19.6416366Z               }
2026-01-09T02:00:19.6416840Z             }
2026-01-09T02:00:19.6417112Z           },
2026-01-09T02:00:19.6417442Z           "extract_dependencies_as_source" : {
2026-01-09T02:00:19.6418118Z             "title" : "Extract dependencies as source code",
2026-01-09T02:00:19.6419009Z             "description" : "Extract the full source code of dependencies instead of only extracting signatures.\n",
2026-01-09T02:00:19.6419819Z             "type" : "string",
2026-01-09T02:00:19.6420240Z             "pattern" : "^(false|true)$"
2026-01-09T02:00:19.6420660Z           }
2026-01-09T02:00:19.6421230Z         }
2026-01-09T02:00:19.6421519Z       }
2026-01-09T02:00:19.6421749Z     ],
2026-01-09T02:00:19.6421995Z     "python" : [
2026-01-09T02:00:19.6422224Z       {
2026-01-09T02:00:19.6422664Z         "extractor_root" : "/opt/hostedtoolcache/CodeQL/2.23.8/x64/codeql/python",
2026-01-09T02:00:19.6423256Z         "extractor_options" : {
2026-01-09T02:00:19.6423576Z           "logging" : {
2026-01-09T02:00:19.6423859Z             "title" : "Options pertaining to logging.",
2026-01-09T02:00:19.6424187Z             "description" : "Options pertaining to logging.",
2026-01-09T02:00:19.6424482Z             "type" : "object",
2026-01-09T02:00:19.6424694Z             "properties" : {
2026-01-09T02:00:19.6424917Z               "verbosity" : {
2026-01-09T02:00:19.6425186Z                 "title" : "Python extractor logging verbosity level.",
2026-01-09T02:00:19.6426195Z                 "description" : "Controls the level of verbosity of the CodeQL Python extractor.\nThe supported levels are (in order of increasing verbosity):\n\n  - off\n  - errors\n  - warnings\n  - info or progress\n  - debug or progress+\n  - trace or progress++\n  - progress+++\n",
2026-01-09T02:00:19.6427116Z                 "type" : "string",
2026-01-09T02:00:19.6427566Z                 "pattern" : "^(off|errors|warnings|(info|progress)|(debug|progress\\+)|(trace|progress\\+\\+)|progress\\+\\+\\+)$"
2026-01-09T02:00:19.6428209Z               }
2026-01-09T02:00:19.6428386Z             }
2026-01-09T02:00:19.6428561Z           },
2026-01-09T02:00:19.6428745Z           "python_executable_name" : {
2026-01-09T02:00:19.6429121Z             "title" : "Controls the name of the Python executable used by the Python extractor.",
2026-01-09T02:00:19.6430444Z             "description" : "The Python extractor uses platform-dependent heuristics to determine the name of the Python executable to use. Specifying a value for this option overrides the name of the Python executable used by the extractor. Accepted values are py, python and python3. Use this setting with caution, the Python extractor requires Python 3 to run.\n",
2026-01-09T02:00:19.6431782Z             "type" : "string",
2026-01-09T02:00:19.6432027Z             "pattern" : "^(py|python|python3)$"
2026-01-09T02:00:19.6432271Z           }
2026-01-09T02:00:19.6432451Z         }
2026-01-09T02:00:19.6432607Z       }
2026-01-09T02:00:19.6432773Z     ],
2026-01-09T02:00:19.6432933Z     "cpp" : [
2026-01-09T02:00:19.6433121Z       {
2026-01-09T02:00:19.6433375Z         "extractor_root" : "/opt/hostedtoolcache/CodeQL/2.23.8/x64/codeql/cpp",
2026-01-09T02:00:19.6433701Z         "extractor_options" : {
2026-01-09T02:00:19.6433910Z           "trap" : {
2026-01-09T02:00:19.6434099Z             "title" : "TRAP options",
2026-01-09T02:00:19.6434420Z             "description" : "Options about how the extractor handles TRAP files",
2026-01-09T02:00:19.6434749Z             "type" : "object",
2026-01-09T02:00:19.6434959Z             "visibility" : 3,
2026-01-09T02:00:19.6435159Z             "properties" : {
2026-01-09T02:00:19.6435368Z               "cache" : {
2026-01-09T02:00:19.6435575Z                 "title" : "TRAP cache options",
2026-01-09T02:00:19.6435931Z                 "description" : "Options about how the extractor handles its TRAP cache",
2026-01-09T02:00:19.6436280Z                 "type" : "object",
2026-01-09T02:00:19.6436495Z                 "properties" : {
2026-01-09T02:00:19.6436704Z                   "dir" : {
2026-01-09T02:00:19.6436922Z                     "title" : "TRAP cache directory",
2026-01-09T02:00:19.6437368Z                     "description" : "The directory of the TRAP cache to use",
2026-01-09T02:00:19.6437817Z                     "type" : "string"
2026-01-09T02:00:19.6438045Z                   },
2026-01-09T02:00:19.6438223Z                   "bound" : {
2026-01-09T02:00:19.6438449Z                     "title" : "TRAP cache bound",
2026-01-09T02:00:19.6438800Z                     "description" : "A soft limit (in MB) on the size of the TRAP cache",
2026-01-09T02:00:19.6439234Z                     "type" : "string",
2026-01-09T02:00:19.6439471Z                     "pattern" : "[0-9]+"
2026-01-09T02:00:19.6439681Z                   },
2026-01-09T02:00:19.6439866Z                   "write" : {
2026-01-09T02:00:19.6440086Z                     "title" : "TRAP cache writeable",
2026-01-09T02:00:19.6440456Z                     "description" : "Whether to write to the TRAP cache as well as reading it",
2026-01-09T02:00:19.6440815Z                     "type" : "string",
2026-01-09T02:00:19.6441069Z                     "pattern" : "(true|TRUE|false|FALSE)"
2026-01-09T02:00:19.6441322Z                   }
2026-01-09T02:00:19.6441489Z                 }
2026-01-09T02:00:19.6441666Z               }
2026-01-09T02:00:19.6441827Z             }
2026-01-09T02:00:19.6441991Z           },
2026-01-09T02:00:19.6442162Z           "scale_timeouts" : {
2026-01-09T02:00:19.6442457Z             "title" : "Value to scale compiler introspection timeouts with",
2026-01-09T02:00:19.6443769Z             "description" : "The extractor attempts to determine what compiler the source code being extracted is compiled with. To this end the extractor makes additional calls to the compiler, some of which are expected to return within a certain fixed time (either 10s or 15s). On some systems that are under high load this time might be too short, and can be scaled up using this option.\n",
2026-01-09T02:00:19.6445147Z             "type" : "string",
2026-01-09T02:00:19.6445364Z             "pattern" : "[0-9]+"
2026-01-09T02:00:19.6445559Z           },
2026-01-09T02:00:19.6445834Z           "log_verbosity" : {
2026-01-09T02:00:19.6446079Z             "title" : "Verbosity of the extractor logging",
2026-01-09T02:00:19.6446646Z             "description" : "Set the verbosity of the extractor logging to 'quiet' (0), 'normal' (1), 'chatty' (2), or 'noisy' (3). The default is 'normal'.\n",
2026-01-09T02:00:19.6447330Z             "type" : "string",
2026-01-09T02:00:19.6447632Z             "pattern" : "[0-3]"
2026-01-09T02:00:19.6448010Z           },
2026-01-09T02:00:19.6448189Z           "frontend_options" : {
2026-01-09T02:00:19.6448447Z             "title" : "C/C++ extractor frontend options",
2026-01-09T02:00:19.6449001Z             "description" : "Set additional options that should be passed to the C/C++ extractor frontend.\n",
2026-01-09T02:00:19.6449405Z             "type" : "array",
2026-01-09T02:00:19.6449616Z             "visibility" : 3
2026-01-09T02:00:19.6449815Z           }
2026-01-09T02:00:19.6449974Z         }
2026-01-09T02:00:19.6450139Z       }
2026-01-09T02:00:19.6450292Z     ],
2026-01-09T02:00:19.6450460Z     "csharp" : [
2026-01-09T02:00:19.6450622Z       {
2026-01-09T02:00:19.6450897Z         "extractor_root" : "/opt/hostedtoolcache/CodeQL/2.23.8/x64/codeql/csharp",
2026-01-09T02:00:19.6451234Z         "extractor_options" : {
2026-01-09T02:00:19.6451466Z           "trap" : {
2026-01-09T02:00:19.6451674Z             "title" : "Options pertaining to TRAP.",
2026-01-09T02:00:19.6451974Z             "description" : "Options pertaining to TRAP.",
2026-01-09T02:00:19.6452247Z             "type" : "object",
2026-01-09T02:00:19.6452443Z             "properties" : {
2026-01-09T02:00:19.6452650Z               "compression" : {
2026-01-09T02:00:19.6452978Z                 "title" : "Controls compression for the TRAP files written by the extractor.",
2026-01-09T02:00:19.6453863Z                 "description" : "This option is only intended for use in debugging the extractor. Accepted values are 'brotli' (the default, to write brotli-compressed TRAP), 'gzip', and 'none' (to write uncompressed TRAP).\n",
2026-01-09T02:00:19.6454601Z                 "type" : "string",
2026-01-09T02:00:19.6454841Z                 "pattern" : "^(none|gzip|brotli)$"
2026-01-09T02:00:19.6455078Z               }
2026-01-09T02:00:19.6455231Z             }
2026-01-09T02:00:19.6455392Z           },
2026-01-09T02:00:19.6455550Z           "buildless" : {
2026-01-09T02:00:19.6455976Z             "title" : "DEPRECATED - Whether to use buildless (standalone) extraction.",
2026-01-09T02:00:19.6457625Z             "description" : "DEPRECATED: Use `--build-mode none` instead.\nA value indicating, which type of extraction the autobuilder should perform. If 'true', then the standalone extractor will be used, otherwise tracing extraction will be performed. The default is 'false'. Note that buildless extraction will generally yield less accurate analysis results, and should only be used in cases where it is not possible to build the code (for example if it uses inaccessible dependencies).\n",
2026-01-09T02:00:19.6459291Z             "type" : "string",
2026-01-09T02:00:19.6459513Z             "pattern" : "^(false|true)$"
2026-01-09T02:00:19.6459738Z           },
2026-01-09T02:00:19.6459898Z           "logging" : {
2026-01-09T02:00:19.6460122Z             "title" : "Options pertaining to logging.",
2026-01-09T02:00:19.6460429Z             "description" : "Options pertaining to logging.",
2026-01-09T02:00:19.6460715Z             "type" : "object",
2026-01-09T02:00:19.6460927Z             "properties" : {
2026-01-09T02:00:19.6461149Z               "verbosity" : {
2026-01-09T02:00:19.6461393Z                 "title" : "Extractor logging verbosity level.",
2026-01-09T02:00:19.6462657Z                 "description" : "Controls the level of verbosity of the extractor. The supported levels are (in order of increasing verbosity):\n  - off\n  - errors\n  - warnings\n  - info or progress\n  - debug or progress+\n  - trace or progress++\n  - progress+++\n",
2026-01-09T02:00:19.6463505Z                 "type" : "string",
2026-01-09T02:00:19.6463949Z                 "pattern" : "^(off|errors|warnings|(info|progress)|(debug|progress\\+)|(trace|progress\\+\\+)|progress\\+\\+\\+)$"
2026-01-09T02:00:19.6464501Z               }
2026-01-09T02:00:19.6464678Z             }
2026-01-09T02:00:19.6464835Z           },
2026-01-09T02:00:19.6465139Z           "binlog" : {
2026-01-09T02:00:19.6465327Z             "title" : "Binlog",
2026-01-09T02:00:19.6465957Z             "description" : "[EXPERIMENTAL] The value is a path to the MsBuild binary log file that should be extracted. This option only works when `--build-mode none` is also specified.\n",
2026-01-09T02:00:19.6466621Z             "type" : "array"
2026-01-09T02:00:19.6466819Z           },
2026-01-09T02:00:19.6467026Z           "buildless_dependency_dir" : {
2026-01-09T02:00:19.6467420Z             "title" : "The path where buildless (standalone) extraction should keep dependencies.",
2026-01-09T02:00:19.6468185Z             "description" : "If set, the buildless (standalone) extractor will store dependencies in this directory.\n",
2026-01-09T02:00:19.6468655Z             "type" : "string"
2026-01-09T02:00:19.6468857Z           }
2026-01-09T02:00:19.6469037Z         }
2026-01-09T02:00:19.6469194Z       }
2026-01-09T02:00:19.6469374Z     ],
2026-01-09T02:00:19.6469542Z     "java" : [
2026-01-09T02:00:19.6469735Z       {
2026-01-09T02:00:19.6469997Z         "extractor_root" : "/opt/hostedtoolcache/CodeQL/2.23.8/x64/codeql/java",
2026-01-09T02:00:19.6470352Z         "extractor_options" : {
2026-01-09T02:00:19.6470563Z           "exclude" : {
2026-01-09T02:00:19.6470804Z             "title" : "A glob excluding files from analysis.",
2026-01-09T02:00:19.6471464Z             "description" : "A glob indicating what files to exclude from the analysis. This accepts glob patterns that are supported by Java's 'getPathMatcher' implementation.\n",
2026-01-09T02:00:19.6472075Z             "type" : "string"
2026-01-09T02:00:19.6472281Z           },
2026-01-09T02:00:19.6472451Z           "add_prefer_source" : {
2026-01-09T02:00:19.6472767Z             "title" : "Whether to always prefer source files over class files.",
2026-01-09T02:00:19.6473788Z             "description" : "A value indicating whether source files should be preferred over class files. If set to 'true', the extraction adds '-Xprefer:source' to the javac command line. If set to 'false', the extraction uses the default javac behavior ('-Xprefer:newer'). The default is 'true'.\n",
2026-01-09T02:00:19.6474860Z             "type" : "string",
2026-01-09T02:00:19.6475088Z             "pattern" : "^(false|true)$"
2026-01-09T02:00:19.6475311Z           },
2026-01-09T02:00:19.6475488Z           "buildless" : {
2026-01-09T02:00:19.6475791Z             "title" : "Whether to use buildless (standalone) extraction (experimental).",
2026-01-09T02:00:19.6478105Z             "description" : "A value indicating, which type of extraction the autobuilder should perform. If 'true', then the standalone extractor will be used, otherwise tracing extraction will be performed. The default is 'false'. Note that buildless extraction will generally yield less accurate analysis results, and should only be used in cases where it is not possible to build the code (for example if it uses inaccessible dependencies).\n",
2026-01-09T02:00:19.6480401Z             "type" : "string",
2026-01-09T02:00:19.6480730Z             "pattern" : "^(false|true)$"
2026-01-09T02:00:19.6481064Z           },
2026-01-09T02:00:19.6481314Z           "buildless_dependency_dir" : {
2026-01-09T02:00:19.6481907Z             "title" : "The path where buildless (standalone) extraction should keep dependencies.",
2026-01-09T02:00:19.6482915Z             "description" : "If set, the buildless (standalone) extractor will store dependencies in this directory.\n",
2026-01-09T02:00:19.6483587Z             "type" : "string"
2026-01-09T02:00:19.6483898Z           },
2026-01-09T02:00:19.6484153Z           "minimize_dependency_jars" : {
2026-01-09T02:00:19.6484766Z             "title" : "Whether to rewrite and minimize downloaded JAR dependencies (experimental).",
2026-01-09T02:00:19.6486015Z             "description" : "If 'true', JAR dependencies downloaded during extraction will be rewritten to remove unneeded data, such as method bodies. The default is 'false'.\n",
2026-01-09T02:00:19.6487075Z             "type" : "string",
2026-01-09T02:00:19.6487626Z             "pattern" : "^(false|true)$"
2026-01-09T02:00:19.6488146Z           }
2026-01-09T02:00:19.6488381Z         }
2026-01-09T02:00:19.6488630Z       }
2026-01-09T02:00:19.6488877Z     ],
2026-01-09T02:00:19.6489096Z     "go" : [
2026-01-09T02:00:19.6489331Z       {
2026-01-09T02:00:19.6489734Z         "extractor_root" : "/opt/hostedtoolcache/CodeQL/2.23.8/x64/codeql/go",
2026-01-09T02:00:19.6490289Z         "extractor_options" : {
2026-01-09T02:00:19.6490625Z           "extract_tests" : {
2026-01-09T02:00:19.6491095Z             "title" : "Whether to include Go test files in the CodeQL database.",
2026-01-09T02:00:19.6492099Z             "description" : "A value indicating whether Go test files should be included in the CodeQL database. The default is 'false'.\n",
2026-01-09T02:00:19.6492951Z             "type" : "string",
2026-01-09T02:00:19.6493323Z             "pattern" : "^(false|true)$"
2026-01-09T02:00:19.6493702Z           },
2026-01-09T02:00:19.6494004Z           "extract_vendor_dirs" : {
2026-01-09T02:00:19.6494582Z             "title" : "Whether to include Go vendor directories in the CodeQL database.",
2026-01-09T02:00:19.6495763Z             "description" : "A value indicating whether Go vendor directories should be included in the CodeQL database. The default is 'false'.\n",
2026-01-09T02:00:19.6496730Z             "type" : "string",
2026-01-09T02:00:19.6497092Z             "pattern" : "^(false|true)$"
2026-01-09T02:00:19.6497468Z           }
2026-01-09T02:00:19.6497831Z         }
2026-01-09T02:00:19.6498065Z       }
2026-01-09T02:00:19.6498275Z     ],
2026-01-09T02:00:19.6498533Z     "actions" : [
2026-01-09T02:00:19.6498815Z       {
2026-01-09T02:00:19.6499235Z         "extractor_root" : "/opt/hostedtoolcache/CodeQL/2.23.8/x64/codeql/actions",
2026-01-09T02:00:19.6499830Z         "extractor_options" : {
2026-01-09T02:00:19.6500184Z           "trap" : {
2026-01-09T02:00:19.6500494Z             "title" : "TRAP options",
2026-01-09T02:00:19.6501068Z             "description" : "Options about how the extractor handles TRAP files",
2026-01-09T02:00:19.6501656Z             "type" : "object",
2026-01-09T02:00:19.6502174Z             "visibility" : 3,
2026-01-09T02:00:19.6502532Z             "properties" : {
2026-01-09T02:00:19.6502856Z               "cache" : {
2026-01-09T02:00:19.6503189Z                 "title" : "TRAP cache options",
2026-01-09T02:00:19.6503769Z                 "description" : "Options about how the extractor handles its TRAP cache",
2026-01-09T02:00:19.6504385Z                 "type" : "object",
2026-01-09T02:00:19.6504761Z                 "properties" : {
2026-01-09T02:00:19.6505125Z                   "dir" : {
2026-01-09T02:00:19.6505497Z                     "title" : "TRAP cache directory",
2026-01-09T02:00:19.6506048Z                     "description" : "The directory of the TRAP cache to use",
2026-01-09T02:00:19.6506596Z                     "type" : "string"
2026-01-09T02:00:19.6506937Z                   },
2026-01-09T02:00:19.6507232Z                   "bound" : {
2026-01-09T02:00:19.6507587Z                     "title" : "TRAP cache bound",
2026-01-09T02:00:19.6508315Z                     "description" : "A soft limit (in MB) on the size of the TRAP cache",
2026-01-09T02:00:19.6508923Z                     "type" : "string",
2026-01-09T02:00:19.6509309Z                     "pattern" : "[0-9]+"
2026-01-09T02:00:19.6509691Z                   },
2026-01-09T02:00:19.6509987Z                   "write" : {
2026-01-09T02:00:19.6510370Z                     "title" : "TRAP cache writeable",
2026-01-09T02:00:19.6511092Z                     "description" : "Whether to write to the TRAP cache as well as reading it",
2026-01-09T02:00:19.6511768Z                     "type" : "string",
2026-01-09T02:00:19.6512189Z                     "pattern" : "(true|TRUE|false|FALSE)"
2026-01-09T02:00:19.6512617Z                   }
2026-01-09T02:00:19.6512894Z                 }
2026-01-09T02:00:19.6513179Z               }
2026-01-09T02:00:19.6513442Z             }
2026-01-09T02:00:19.6513919Z           }
2026-01-09T02:00:19.6514182Z         }
2026-01-09T02:00:19.6514433Z       }
2026-01-09T02:00:19.6514704Z     ],
2026-01-09T02:00:19.6515003Z     "javascript" : [
2026-01-09T02:00:19.6515300Z       {
2026-01-09T02:00:19.6515760Z         "extractor_root" : "/opt/hostedtoolcache/CodeQL/2.23.8/x64/codeql/javascript",
2026-01-09T02:00:19.6516379Z         "extractor_options" : {
2026-01-09T02:00:19.6516730Z           "trap" : {
2026-01-09T02:00:19.6517050Z             "title" : "TRAP options",
2026-01-09T02:00:19.6517599Z             "description" : "Options about how the extractor handles TRAP files",
2026-01-09T02:00:19.6518298Z             "type" : "object",
2026-01-09T02:00:19.6518650Z             "visibility" : 3,
2026-01-09T02:00:19.6518984Z             "properties" : {
2026-01-09T02:00:19.6519325Z               "cache" : {
2026-01-09T02:00:19.6519649Z                 "title" : "TRAP cache options",
2026-01-09T02:00:19.6520244Z                 "description" : "Options about how the extractor handles its TRAP cache",
2026-01-09T02:00:19.6520839Z                 "type" : "object",
2026-01-09T02:00:19.6521207Z                 "properties" : {
2026-01-09T02:00:19.6521545Z                   "dir" : {
2026-01-09T02:00:19.6521906Z                     "title" : "TRAP cache directory",
2026-01-09T02:00:19.6522435Z                     "description" : "The directory of the TRAP cache to use",
2026-01-09T02:00:19.6522938Z                     "type" : "string"
2026-01-09T02:00:19.6523301Z                   },
2026-01-09T02:00:19.6523573Z                   "bound" : {
2026-01-09T02:00:19.6523878Z                     "title" : "TRAP cache bound",
2026-01-09T02:00:19.6524430Z                     "description" : "A soft limit (in MB) on the size of the TRAP cache",
2026-01-09T02:00:19.6525034Z                     "type" : "string",
2026-01-09T02:00:19.6525428Z                     "pattern" : "[0-9]+"
2026-01-09T02:00:19.6525817Z                   },
2026-01-09T02:00:19.6526136Z                   "write" : {
2026-01-09T02:00:19.6526487Z                     "title" : "TRAP cache writeable",
2026-01-09T02:00:19.6527286Z                     "description" : "Whether to write to the TRAP cache as well as reading it",
2026-01-09T02:00:19.6527976Z                     "type" : "string",
2026-01-09T02:00:19.6528416Z                     "pattern" : "(true|TRUE|false|FALSE)"
2026-01-09T02:00:19.6528847Z                   }
2026-01-09T02:00:19.6529146Z                 }
2026-01-09T02:00:19.6529420Z               }
2026-01-09T02:00:19.6529661Z             }
2026-01-09T02:00:19.6529884Z           },
2026-01-09T02:00:19.6530143Z           "skip_types" : {
2026-01-09T02:00:19.6530543Z             "title" : "Skip type extraction for TypeScript",
2026-01-09T02:00:19.6531262Z             "description" : "Whether to skip the extraction of types in a TypeScript application",
2026-01-09T02:00:19.6531903Z             "type" : "string",
2026-01-09T02:00:19.6532231Z             "pattern" : "^(false|true)$"
2026-01-09T02:00:19.6532584Z           }
2026-01-09T02:00:19.6532804Z         }
2026-01-09T02:00:19.6533034Z       }
2026-01-09T02:00:19.6533258Z     ],
2026-01-09T02:00:19.6533525Z     "swift" : [
2026-01-09T02:00:19.6533781Z       {
2026-01-09T02:00:19.6534163Z         "extractor_root" : "/opt/hostedtoolcache/CodeQL/2.23.8/x64/codeql/swift"
2026-01-09T02:00:19.6534663Z       }
2026-01-09T02:00:19.6534886Z     ],
2026-01-09T02:00:19.6535141Z     "ruby" : [
2026-01-09T02:00:19.6535382Z       {
2026-01-09T02:00:19.6535782Z         "extractor_root" : "/opt/hostedtoolcache/CodeQL/2.23.8/x64/codeql/ruby",
2026-01-09T02:00:19.6536275Z         "extractor_options" : {
2026-01-09T02:00:19.6536598Z           "trap" : {
2026-01-09T02:00:19.6536909Z             "title" : "Options pertaining to TRAP.",
2026-01-09T02:00:19.6537429Z             "description" : "Options pertaining to TRAP.",
2026-01-09T02:00:19.6537926Z             "type" : "object",
2026-01-09T02:00:19.6538220Z             "properties" : {
2026-01-09T02:00:19.6538635Z               "compression" : {
2026-01-09T02:00:19.6538963Z                 "title" : "Controls compression for the TRAP files written by the extractor.",
2026-01-09T02:00:19.6539953Z                 "description" : "This option is only intended for use in debugging the extractor. Accepted values are 'gzip' (the default, to write gzip-compressed TRAP) 'zstd' (to write Zstandard-compressed TRAP) and 'none' (to write uncompressed TRAP).\n",
2026-01-09T02:00:19.6540809Z                 "type" : "string",
2026-01-09T02:00:19.6541115Z                 "pattern" : "^(none|gzip|zstd)$"
2026-01-09T02:00:19.6541460Z               }
2026-01-09T02:00:19.6541673Z             }
2026-01-09T02:00:19.6541907Z           }
2026-01-09T02:00:19.6542056Z         }
2026-01-09T02:00:19.6542211Z       }
2026-01-09T02:00:19.6542352Z     ]
2026-01-09T02:00:19.6542506Z   }
2026-01-09T02:00:19.6542653Z }
2026-01-09T02:00:19.6561609Z Languages from configuration: python
2026-01-09T02:00:19.6569259Z [command]/opt/hostedtoolcache/CodeQL/2.23.8/x64/codeql/codeql resolve languages --format=betterjson --extractor-options-verbosity=4 --extractor-include-aliases
2026-01-09T02:00:20.6736988Z {
2026-01-09T02:00:20.6737367Z   "aliases" : {
2026-01-09T02:00:20.6738260Z     "c" : "cpp",
2026-01-09T02:00:20.6739363Z     "c++" : "cpp",
2026-01-09T02:00:20.6741551Z     "c-c++" : "cpp",
2026-01-09T02:00:20.6741879Z     "c-cpp" : "cpp",
2026-01-09T02:00:20.6742198Z     "c#" : "csharp",
2026-01-09T02:00:20.6742524Z     "java-kotlin" : "java",
2026-01-09T02:00:20.6742906Z     "kotlin" : "java",
2026-01-09T02:00:20.6743290Z     "javascript-typescript" : "javascript",
2026-01-09T02:00:20.6743765Z     "typescript" : "javascript"
2026-01-09T02:00:20.6744131Z   },
2026-01-09T02:00:20.6744379Z   "extractors" : {
2026-01-09T02:00:20.6744691Z     "xml" : [
2026-01-09T02:00:20.6744969Z       {
2026-01-09T02:00:20.6745478Z         "extractor_root" : "/opt/hostedtoolcache/CodeQL/2.23.8/x64/codeql/xml"
2026-01-09T02:00:20.6746059Z       }
2026-01-09T02:00:20.6746346Z     ],
2026-01-09T02:00:20.6746609Z     "python" : [
2026-01-09T02:00:20.6746905Z       {
2026-01-09T02:00:20.6750565Z         "extractor_root" : "/opt/hostedtoolcache/CodeQL/2.23.8/x64/codeql/python",
2026-01-09T02:00:20.6751258Z         "extractor_options" : {
2026-01-09T02:00:20.6751552Z           "logging" : {
2026-01-09T02:00:20.6751867Z             "title" : "Options pertaining to logging.",
2026-01-09T02:00:20.6752336Z             "description" : "Options pertaining to logging.",
2026-01-09T02:00:20.6752746Z             "type" : "object",
2026-01-09T02:00:20.6753054Z             "properties" : {
2026-01-09T02:00:20.6753347Z               "verbosity" : {
2026-01-09T02:00:20.6753732Z                 "title" : "Python extractor logging verbosity level.",
2026-01-09T02:00:20.6755157Z                 "description" : "Controls the level of verbosity of the CodeQL Python extractor.\nThe supported levels are (in order of increasing verbosity):\n\n  - off\n  - errors\n  - warnings\n  - info or progress\n  - debug or progress+\n  - trace or progress++\n  - progress+++\n",
2026-01-09T02:00:20.6756800Z                 "type" : "string",
2026-01-09T02:00:20.6757484Z                 "pattern" : "^(off|errors|warnings|(info|progress)|(debug|progress\\+)|(trace|progress\\+\\+)|progress\\+\\+\\+)$"
2026-01-09T02:00:20.6758313Z               }
2026-01-09T02:00:20.6758622Z             }
2026-01-09T02:00:20.6758841Z           },
2026-01-09T02:00:20.6759107Z           "python_executable_name" : {
2026-01-09T02:00:20.6759712Z             "title" : "Controls the name of the Python executable used by the Python extractor.",
2026-01-09T02:00:20.6761882Z             "description" : "The Python extractor uses platform-dependent heuristics to determine the name of the Python executable to use. Specifying a value for this option overrides the name of the Python executable used by the extractor. Accepted values are py, python and python3. Use this setting with caution, the Python extractor requires Python 3 to run.\n",
2026-01-09T02:00:20.6764238Z             "type" : "string",
2026-01-09T02:00:20.6764618Z             "pattern" : "^(py|python|python3)$"
2026-01-09T02:00:20.6764968Z           }
2026-01-09T02:00:20.6765193Z         }
2026-01-09T02:00:20.6765404Z       }
2026-01-09T02:00:20.6765611Z     ],
2026-01-09T02:00:20.6765860Z     "javascript" : [
2026-01-09T02:00:20.6766144Z       {
2026-01-09T02:00:20.6766745Z         "extractor_root" : "/opt/hostedtoolcache/CodeQL/2.23.8/x64/codeql/javascript",
2026-01-09T02:00:20.6767404Z         "extractor_options" : {
2026-01-09T02:00:20.6767854Z           "trap" : {
2026-01-09T02:00:20.6768244Z             "title" : "TRAP options",
2026-01-09T02:00:20.6768760Z             "description" : "Options about how the extractor handles TRAP files",
2026-01-09T02:00:20.6769394Z             "type" : "object",
2026-01-09T02:00:20.6769804Z             "visibility" : 3,
2026-01-09T02:00:20.6770193Z             "properties" : {
2026-01-09T02:00:20.6770513Z               "cache" : {
2026-01-09T02:00:20.6770947Z                 "title" : "TRAP cache options",
2026-01-09T02:00:20.6771498Z                 "description" : "Options about how the extractor handles its TRAP cache",
2026-01-09T02:00:20.6772178Z                 "type" : "object",
2026-01-09T02:00:20.6772517Z                 "properties" : {
2026-01-09T02:00:20.6772899Z                   "dir" : {
2026-01-09T02:00:20.6773276Z                     "title" : "TRAP cache directory",
2026-01-09T02:00:20.6773868Z                     "description" : "The directory of the TRAP cache to use",
2026-01-09T02:00:20.6774432Z                     "type" : "string"
2026-01-09T02:00:20.6774846Z                   },
2026-01-09T02:00:20.6775118Z                   "bound" : {
2026-01-09T02:00:20.6775557Z                     "title" : "TRAP cache bound",
2026-01-09T02:00:20.6776210Z                     "description" : "A soft limit (in MB) on the size of the TRAP cache",
2026-01-09T02:00:20.6776724Z                     "type" : "string",
2026-01-09T02:00:20.6777132Z                     "pattern" : "[0-9]+"
2026-01-09T02:00:20.6777535Z                   },
2026-01-09T02:00:20.6778019Z                   "write" : {
2026-01-09T02:00:20.6778755Z                     "title" : "TRAP cache writeable",
2026-01-09T02:00:20.6779438Z                     "description" : "Whether to write to the TRAP cache as well as reading it",
2026-01-09T02:00:20.6780190Z                     "type" : "string",
2026-01-09T02:00:20.6780608Z                     "pattern" : "(true|TRUE|false|FALSE)"
2026-01-09T02:00:20.6781097Z                   }
2026-01-09T02:00:20.6781457Z                 }
2026-01-09T02:00:20.6781702Z               }
2026-01-09T02:00:20.6781951Z             }
2026-01-09T02:00:20.6782247Z           },
2026-01-09T02:00:20.6782870Z           "skip_types" : {
2026-01-09T02:00:20.6783973Z             "title" : "Skip type extraction for TypeScript",
2026-01-09T02:00:20.6784647Z             "description" : "Whether to skip the extraction of types in a TypeScript application",
2026-01-09T02:00:20.6785282Z             "type" : "string",
2026-01-09T02:00:20.6785621Z             "pattern" : "^(false|true)$"
2026-01-09T02:00:20.6785975Z           }
2026-01-09T02:00:20.6786202Z         }
2026-01-09T02:00:20.6786425Z       }
2026-01-09T02:00:20.6786661Z     ],
2026-01-09T02:00:20.6786892Z     "rust" : [
2026-01-09T02:00:20.6787129Z       {
2026-01-09T02:00:20.6787527Z         "extractor_root" : "/opt/hostedtoolcache/CodeQL/2.23.8/x64/codeql/rust",
2026-01-09T02:00:20.6788292Z         "extractor_options" : {
2026-01-09T02:00:20.6788644Z           "trap" : {
2026-01-09T02:00:20.6788973Z             "title" : "Options pertaining to TRAP.",
2026-01-09T02:00:20.6789413Z             "description" : "Options pertaining to TRAP.",
2026-01-09T02:00:20.6789856Z             "type" : "object",
2026-01-09T02:00:20.6790190Z             "properties" : {
2026-01-09T02:00:20.6790537Z               "compression" : {
2026-01-09T02:00:20.6791089Z                 "title" : "Controls compression for the TRAP files written by the extractor.",
2026-01-09T02:00:20.6793037Z                 "description" : "This option is only intended for use in debugging the extractor. Accepted values are 'gzip' (to write gzip-compressed TRAP) 'zstd' (to write Zstandard-compressed TRAP) and 'none' (the default, to write uncompressed TRAP).\n",
2026-01-09T02:00:20.6794531Z                 "type" : "string",
2026-01-09T02:00:20.6794864Z                 "pattern" : "^(none|gzip|zstd)$"
2026-01-09T02:00:20.6795217Z               }
2026-01-09T02:00:20.6795496Z             }
2026-01-09T02:00:20.6795765Z           },
2026-01-09T02:00:20.6796047Z           "cargo_target_dir" : {
2026-01-09T02:00:20.6796515Z             "title" : "Directory to use for cargo output files.",
2026-01-09T02:00:20.6798508Z             "description" : "This value is an optional path to use as `CARGO_TARGET_DIR` for the internal cargo commands the extractor uses. Pointing it to a persistent directory may reduce execution time of consecutive extractor runs. By default, a new scratch directory is used for each run.\n",
2026-01-09T02:00:20.6800203Z             "type" : "string"
2026-01-09T02:00:20.6800569Z           },
2026-01-09T02:00:20.6800842Z           "cargo_target" : {
2026-01-09T02:00:20.6801251Z             "title" : "Target architecture",
2026-01-09T02:00:20.6802159Z             "description" : "Target architecture to use for analysis, analogous to `cargo --target`. By default the host architecture is used.\n",
2026-01-09T02:00:20.6802986Z             "type" : "string"
2026-01-09T02:00:20.6803308Z           },
2026-01-09T02:00:20.6803563Z           "cargo_features" : {
2026-01-09T02:00:20.6803961Z             "title" : "Cargo features to turn on",
2026-01-09T02:00:20.6805494Z             "description" : "Comma-separated list of features to turn on. By default all features are enabled. If any features are specified, then only those features are enabled. The `default` feature must be explicitly specified if only default features are desired. Can be repeated.\n",
2026-01-09T02:00:20.6807119Z             "type" : "array"
2026-01-09T02:00:20.6807423Z           },
2026-01-09T02:00:20.6807835Z           "cargo_cfg_overrides" : {
2026-01-09T02:00:20.6808529Z             "title" : "Cargo cfg overrides",
2026-01-09T02:00:20.6809352Z             "description" : "Comma-separated list of cfg settings to enable, or disable if prefixed with `-`. Can be repeated.\n",
2026-01-09T02:00:20.6810207Z             "type" : "array"
2026-01-09T02:00:20.6810483Z           },
2026-01-09T02:00:20.6810730Z           "logging" : {
2026-01-09T02:00:20.6811099Z             "title" : "Options pertaining to logging.",
2026-01-09T02:00:20.6811619Z             "description" : "Options pertaining to logging.",
2026-01-09T02:00:20.6812070Z             "type" : "object",
2026-01-09T02:00:20.6812435Z             "properties" : {
2026-01-09T02:00:20.6812774Z               "verbosity" : {
2026-01-09T02:00:20.6813171Z                 "title" : "Extractor logging verbosity level.",
2026-01-09T02:00:20.6814648Z                 "description" : "Controls the level of verbosity of the extractor. The supported levels are (in order of increasing verbosity):\n  - off\n  - errors\n  - warnings\n  - info or progress\n  - debug or progress+\n  - trace or progress++\n  - progress+++\n",
2026-01-09T02:00:20.6816079Z                 "type" : "string",
2026-01-09T02:00:20.6816859Z                 "pattern" : "^(off|errors|warnings|(info|progress)|(debug|progress\\+)|(trace|progress\\+\\+)|progress\\+\\+\\+)$"
2026-01-09T02:00:20.6817622Z               },
2026-01-09T02:00:20.6818139Z               "flamegraph" : {
2026-01-09T02:00:20.6818544Z                 "title" : "[Experimental] File path for write flame graph log",
2026-01-09T02:00:20.6819888Z                 "description" : "Collect flame graph data using the `tracing-flame` crate. To render a flame graph or chart, run the `inferno-flamegraph` command. See also: https://crates.io/crates/tracing-flame\n",
2026-01-09T02:00:20.6821145Z                 "type" : "string"
2026-01-09T02:00:20.6821763Z               }
2026-01-09T02:00:20.6822039Z             }
2026-01-09T02:00:20.6822312Z           },
2026-01-09T02:00:20.6822623Z           "extract_dependencies_as_source" : {
2026-01-09T02:00:20.6823085Z             "title" : "Extract dependencies as source code",
2026-01-09T02:00:20.6823792Z             "description" : "Extract the full source code of dependencies instead of only extracting signatures.\n",
2026-01-09T02:00:20.6824388Z             "type" : "string",
2026-01-09T02:00:20.6824700Z             "pattern" : "^(false|true)$"
2026-01-09T02:00:20.6824927Z           }
2026-01-09T02:00:20.6825078Z         }
2026-01-09T02:00:20.6825238Z       }
2026-01-09T02:00:20.6825380Z     ],
2026-01-09T02:00:20.6825537Z     "csv" : [
2026-01-09T02:00:20.6825706Z       {
2026-01-09T02:00:20.6825949Z         "extractor_root" : "/opt/hostedtoolcache/CodeQL/2.23.8/x64/codeql/csv"
2026-01-09T02:00:20.6826265Z       }
2026-01-09T02:00:20.6826408Z     ],
2026-01-09T02:00:20.6826566Z     "cpp" : [
2026-01-09T02:00:20.6826723Z       {
2026-01-09T02:00:20.6826979Z         "extractor_root" : "/opt/hostedtoolcache/CodeQL/2.23.8/x64/codeql/cpp",
2026-01-09T02:00:20.6827311Z         "extractor_options" : {
2026-01-09T02:00:20.6827524Z           "trap" : {
2026-01-09T02:00:20.6827886Z             "title" : "TRAP options",
2026-01-09T02:00:20.6828223Z             "description" : "Options about how the extractor handles TRAP files",
2026-01-09T02:00:20.6828571Z             "type" : "object",
2026-01-09T02:00:20.6828796Z             "visibility" : 3,
2026-01-09T02:00:20.6829030Z             "properties" : {
2026-01-09T02:00:20.6829254Z               "cache" : {
2026-01-09T02:00:20.6829496Z                 "title" : "TRAP cache options",
2026-01-09T02:00:20.6829964Z                 "description" : "Options about how the extractor handles its TRAP cache",
2026-01-09T02:00:20.6830320Z                 "type" : "object",
2026-01-09T02:00:20.6830574Z                 "properties" : {
2026-01-09T02:00:20.6830805Z                   "dir" : {
2026-01-09T02:00:20.6831047Z                     "title" : "TRAP cache directory",
2026-01-09T02:00:20.6831625Z                     "description" : "The directory of the TRAP cache to use",
2026-01-09T02:00:20.6831952Z                     "type" : "string"
2026-01-09T02:00:20.6832274Z                   },
2026-01-09T02:00:20.6832471Z                   "bound" : {
2026-01-09T02:00:20.6832712Z                     "title" : "TRAP cache bound",
2026-01-09T02:00:20.6833058Z                     "description" : "A soft limit (in MB) on the size of the TRAP cache",
2026-01-09T02:00:20.6833421Z                     "type" : "string",
2026-01-09T02:00:20.6833689Z                     "pattern" : "[0-9]+"
2026-01-09T02:00:20.6833912Z                   },
2026-01-09T02:00:20.6834136Z                   "write" : {
2026-01-09T02:00:20.6834371Z                     "title" : "TRAP cache writeable",
2026-01-09T02:00:20.6834762Z                     "description" : "Whether to write to the TRAP cache as well as reading it",
2026-01-09T02:00:20.6835123Z                     "type" : "string",
2026-01-09T02:00:20.6835376Z                     "pattern" : "(true|TRUE|false|FALSE)"
2026-01-09T02:00:20.6835621Z                   }
2026-01-09T02:00:20.6835807Z                 }
2026-01-09T02:00:20.6835972Z               }
2026-01-09T02:00:20.6836145Z             }
2026-01-09T02:00:20.6836310Z           },
2026-01-09T02:00:20.6836471Z           "scale_timeouts" : {
2026-01-09T02:00:20.6836763Z             "title" : "Value to scale compiler introspection timeouts with",
2026-01-09T02:00:20.6838240Z             "description" : "The extractor attempts to determine what compiler the source code being extracted is compiled with. To this end the extractor makes additional calls to the compiler, some of which are expected to return within a certain fixed time (either 10s or 15s). On some systems that are under high load this time might be too short, and can be scaled up using this option.\n",
2026-01-09T02:00:20.6839887Z             "type" : "string",
2026-01-09T02:00:20.6840254Z             "pattern" : "[0-9]+"
2026-01-09T02:00:20.6840459Z           },
2026-01-09T02:00:20.6840646Z           "log_verbosity" : {
2026-01-09T02:00:20.6840901Z             "title" : "Verbosity of the extractor logging",
2026-01-09T02:00:20.6841475Z             "description" : "Set the verbosity of the extractor logging to 'quiet' (0), 'normal' (1), 'chatty' (2), or 'noisy' (3). The default is 'normal'.\n",
2026-01-09T02:00:20.6842004Z             "type" : "string",
2026-01-09T02:00:20.6842240Z             "pattern" : "[0-3]"
2026-01-09T02:00:20.6842441Z           },
2026-01-09T02:00:20.6842635Z           "frontend_options" : {
2026-01-09T02:00:20.6842899Z             "title" : "C/C++ extractor frontend options",
2026-01-09T02:00:20.6843339Z             "description" : "Set additional options that should be passed to the C/C++ extractor frontend.\n",
2026-01-09T02:00:20.6843764Z             "type" : "array",
2026-01-09T02:00:20.6843969Z             "visibility" : 3
2026-01-09T02:00:20.6844182Z           }
2026-01-09T02:00:20.6844345Z         }
2026-01-09T02:00:20.6844510Z       }
2026-01-09T02:00:20.6844658Z     ],
2026-01-09T02:00:20.6844823Z     "java" : [
2026-01-09T02:00:20.6845014Z       {
2026-01-09T02:00:20.6845285Z         "extractor_root" : "/opt/hostedtoolcache/CodeQL/2.23.8/x64/codeql/java",
2026-01-09T02:00:20.6845632Z         "extractor_options" : {
2026-01-09T02:00:20.6845835Z           "exclude" : {
2026-01-09T02:00:20.6846075Z             "title" : "A glob excluding files from analysis.",
2026-01-09T02:00:20.6846728Z             "description" : "A glob indicating what files to exclude from the analysis. This accepts glob patterns that are supported by Java's 'getPathMatcher' implementation.\n",
2026-01-09T02:00:20.6847347Z             "type" : "string"
2026-01-09T02:00:20.6847542Z           },
2026-01-09T02:00:20.6847881Z           "add_prefer_source" : {
2026-01-09T02:00:20.6848206Z             "title" : "Whether to always prefer source files over class files.",
2026-01-09T02:00:20.6849394Z             "description" : "A value indicating whether source files should be preferred over class files. If set to 'true', the extraction adds '-Xprefer:source' to the javac command line. If set to 'false', the extraction uses the default javac behavior ('-Xprefer:newer'). The default is 'true'.\n",
2026-01-09T02:00:20.6850344Z             "type" : "string",
2026-01-09T02:00:20.6850558Z             "pattern" : "^(false|true)$"
2026-01-09T02:00:20.6850789Z           },
2026-01-09T02:00:20.6850954Z           "buildless" : {
2026-01-09T02:00:20.6851274Z             "title" : "Whether to use buildless (standalone) extraction (experimental).",
2026-01-09T02:00:20.6852797Z             "description" : "A value indicating, which type of extraction the autobuilder should perform. If 'true', then the standalone extractor will be used, otherwise tracing extraction will be performed. The default is 'false'. Note that buildless extraction will generally yield less accurate analysis results, and should only be used in cases where it is not possible to build the code (for example if it uses inaccessible dependencies).\n",
2026-01-09T02:00:20.6854187Z             "type" : "string",
2026-01-09T02:00:20.6854429Z             "pattern" : "^(false|true)$"
2026-01-09T02:00:20.6854658Z           },
2026-01-09T02:00:20.6854833Z           "buildless_dependency_dir" : {
2026-01-09T02:00:20.6855218Z             "title" : "The path where buildless (standalone) extraction should keep dependencies.",
2026-01-09T02:00:20.6855802Z             "description" : "If set, the buildless (standalone) extractor will store dependencies in this directory.\n",
2026-01-09T02:00:20.6856245Z             "type" : "string"
2026-01-09T02:00:20.6856431Z           },
2026-01-09T02:00:20.6856616Z           "minimize_dependency_jars" : {
2026-01-09T02:00:20.6856990Z             "title" : "Whether to rewrite and minimize downloaded JAR dependencies (experimental).",
2026-01-09T02:00:20.6857912Z             "description" : "If 'true', JAR dependencies downloaded during extraction will be rewritten to remove unneeded data, such as method bodies. The default is 'false'.\n",
2026-01-09T02:00:20.6858722Z             "type" : "string",
2026-01-09T02:00:20.6858931Z             "pattern" : "^(false|true)$"
2026-01-09T02:00:20.6859156Z           }
2026-01-09T02:00:20.6859309Z         }
2026-01-09T02:00:20.6859478Z       }
2026-01-09T02:00:20.6859631Z     ],
2026-01-09T02:00:20.6859802Z     "html" : [
2026-01-09T02:00:20.6859966Z       {
2026-01-09T02:00:20.6860233Z         "extractor_root" : "/opt/hostedtoolcache/CodeQL/2.23.8/x64/codeql/html"
2026-01-09T02:00:20.6860563Z       }
2026-01-09T02:00:20.6860708Z     ],
2026-01-09T02:00:20.6860874Z     "yaml" : [
2026-01-09T02:00:20.6861037Z       {
2026-01-09T02:00:20.6861356Z         "extractor_root" : "/opt/hostedtoolcache/CodeQL/2.23.8/x64/codeql/yaml"
2026-01-09T02:00:20.6861669Z       }
2026-01-09T02:00:20.6861824Z     ],
2026-01-09T02:00:20.6861971Z     "swift" : [
2026-01-09T02:00:20.6862155Z       {
2026-01-09T02:00:20.6862405Z         "extractor_root" : "/opt/hostedtoolcache/CodeQL/2.23.8/x64/codeql/swift"
2026-01-09T02:00:20.6862723Z       }
2026-01-09T02:00:20.6862874Z     ],
2026-01-09T02:00:20.6863036Z     "properties" : [
2026-01-09T02:00:20.6863232Z       {
2026-01-09T02:00:20.6863504Z         "extractor_root" : "/opt/hostedtoolcache/CodeQL/2.23.8/x64/codeql/properties"
2026-01-09T02:00:20.6863843Z       }
2026-01-09T02:00:20.6863983Z     ],
2026-01-09T02:00:20.6864154Z     "ruby" : [
2026-01-09T02:00:20.6864309Z       {
2026-01-09T02:00:20.6864555Z         "extractor_root" : "/opt/hostedtoolcache/CodeQL/2.23.8/x64/codeql/ruby",
2026-01-09T02:00:20.6864880Z         "extractor_options" : {
2026-01-09T02:00:20.6865097Z           "trap" : {
2026-01-09T02:00:20.6865312Z             "title" : "Options pertaining to TRAP.",
2026-01-09T02:00:20.6865616Z             "description" : "Options pertaining to TRAP.",
2026-01-09T02:00:20.6865891Z             "type" : "object",
2026-01-09T02:00:20.6866100Z             "properties" : {
2026-01-09T02:00:20.6866315Z               "compression" : {
2026-01-09T02:00:20.6866745Z                 "title" : "Controls compression for the TRAP files written by the extractor.",
2026-01-09T02:00:20.6867876Z                 "description" : "This option is only intended for use in debugging the extractor. Accepted values are 'gzip' (the default, to write gzip-compressed TRAP) 'zstd' (to write Zstandard-compressed TRAP) and 'none' (to write uncompressed TRAP).\n",
2026-01-09T02:00:20.6868730Z                 "type" : "string",
2026-01-09T02:00:20.6868972Z                 "pattern" : "^(none|gzip|zstd)$"
2026-01-09T02:00:20.6869220Z               }
2026-01-09T02:00:20.6869384Z             }
2026-01-09T02:00:20.6869559Z           }
2026-01-09T02:00:20.6869719Z         }
2026-01-09T02:00:20.6869883Z       }
2026-01-09T02:00:20.6870040Z     ],
2026-01-09T02:00:20.6870210Z     "go" : [
2026-01-09T02:00:20.6870362Z       {
2026-01-09T02:00:20.6870610Z         "extractor_root" : "/opt/hostedtoolcache/CodeQL/2.23.8/x64/codeql/go",
2026-01-09T02:00:20.6870937Z         "extractor_options" : {
2026-01-09T02:00:20.6871156Z           "extract_tests" : {
2026-01-09T02:00:20.6871457Z             "title" : "Whether to include Go test files in the CodeQL database.",
2026-01-09T02:00:20.6872033Z             "description" : "A value indicating whether Go test files should be included in the CodeQL database. The default is 'false'.\n",
2026-01-09T02:00:20.6872540Z             "type" : "string",
2026-01-09T02:00:20.6872753Z             "pattern" : "^(false|true)$"
2026-01-09T02:00:20.6872978Z           },
2026-01-09T02:00:20.6873146Z           "extract_vendor_dirs" : {
2026-01-09T02:00:20.6873488Z             "title" : "Whether to include Go vendor directories in the CodeQL database.",
2026-01-09T02:00:20.6874132Z             "description" : "A value indicating whether Go vendor directories should be included in the CodeQL database. The default is 'false'.\n",
2026-01-09T02:00:20.6874754Z             "type" : "string",
2026-01-09T02:00:20.6874985Z             "pattern" : "^(false|true)$"
2026-01-09T02:00:20.6875202Z           }
2026-01-09T02:00:20.6875370Z         }
2026-01-09T02:00:20.6959530Z       }
2026-01-09T02:00:20.6959959Z     ],
2026-01-09T02:00:20.6960222Z     "csharp" : [
2026-01-09T02:00:20.6960506Z       {
2026-01-09T02:00:20.6960956Z         "extractor_root" : "/opt/hostedtoolcache/CodeQL/2.23.8/x64/codeql/csharp",
2026-01-09T02:00:20.6961512Z         "extractor_options" : {
2026-01-09T02:00:20.6961833Z           "trap" : {
2026-01-09T02:00:20.6962202Z             "title" : "Options pertaining to TRAP.",
2026-01-09T02:00:20.6962748Z             "description" : "Options pertaining to TRAP.",
2026-01-09T02:00:20.6963230Z             "type" : "object",
2026-01-09T02:00:20.6963579Z             "properties" : {
2026-01-09T02:00:20.6963910Z               "compression" : {
2026-01-09T02:00:20.6964461Z                 "title" : "Controls compression for the TRAP files written by the extractor.",
2026-01-09T02:00:20.6966075Z                 "description" : "This option is only intended for use in debugging the extractor. Accepted values are 'brotli' (the default, to write brotli-compressed TRAP), 'gzip', and 'none' (to write uncompressed TRAP).\n",
2026-01-09T02:00:20.6967293Z                 "type" : "string",
2026-01-09T02:00:20.6967537Z                 "pattern" : "^(none|gzip|brotli)$"
2026-01-09T02:00:20.6967996Z               }
2026-01-09T02:00:20.6968197Z             }
2026-01-09T02:00:20.6968360Z           },
2026-01-09T02:00:20.6968551Z           "buildless" : {
2026-01-09T02:00:20.6968873Z             "title" : "DEPRECATED - Whether to use buildless (standalone) extraction.",
2026-01-09T02:00:20.6970968Z             "description" : "DEPRECATED: Use `--build-mode none` instead.\nA value indicating, which type of extraction the autobuilder should perform. If 'true', then the standalone extractor will be used, otherwise tracing extraction will be performed. The default is 'false'. Note that buildless extraction will generally yield less accurate analysis results, and should only be used in cases where it is not possible to build the code (for example if it uses inaccessible dependencies).\n",
2026-01-09T02:00:20.6973375Z             "type" : "string",
2026-01-09T02:00:20.6973717Z             "pattern" : "^(false|true)$"
2026-01-09T02:00:20.6974052Z           },
2026-01-09T02:00:20.6974274Z           "logging" : {
2026-01-09T02:00:20.6974595Z             "title" : "Options pertaining to logging.",
2026-01-09T02:00:20.6975025Z             "description" : "Options pertaining to logging.",
2026-01-09T02:00:20.6975416Z             "type" : "object",
2026-01-09T02:00:20.6975714Z             "properties" : {
2026-01-09T02:00:20.6976023Z               "verbosity" : {
2026-01-09T02:00:20.6976362Z                 "title" : "Extractor logging verbosity level.",
2026-01-09T02:00:20.6977832Z                 "description" : "Controls the level of verbosity of the extractor. The supported levels are (in order of increasing verbosity):\n  - off\n  - errors\n  - warnings\n  - info or progress\n  - debug or progress+\n  - trace or progress++\n  - progress+++\n",
2026-01-09T02:00:20.6979087Z                 "type" : "string",
2026-01-09T02:00:20.6979537Z                 "pattern" : "^(off|errors|warnings|(info|progress)|(debug|progress\\+)|(trace|progress\\+\\+)|progress\\+\\+\\+)$"
2026-01-09T02:00:20.6980005Z               }
2026-01-09T02:00:20.6980197Z             }
2026-01-09T02:00:20.6980363Z           },
2026-01-09T02:00:20.6980537Z           "binlog" : {
2026-01-09T02:00:20.6980729Z             "title" : "Binlog",
2026-01-09T02:00:20.6981379Z             "description" : "[EXPERIMENTAL] The value is a path to the MsBuild binary log file that should be extracted. This option only works when `--build-mode none` is also specified.\n",
2026-01-09T02:00:20.6982015Z             "type" : "array"
2026-01-09T02:00:20.6982219Z           },
2026-01-09T02:00:20.6982400Z           "buildless_dependency_dir" : {
2026-01-09T02:00:20.6983028Z             "title" : "The path where buildless (standalone) extraction should keep dependencies.",
2026-01-09T02:00:20.6983632Z             "description" : "If set, the buildless (standalone) extractor will store dependencies in this directory.\n",
2026-01-09T02:00:20.6984079Z             "type" : "string"
2026-01-09T02:00:20.6984289Z           }
2026-01-09T02:00:20.6984448Z         }
2026-01-09T02:00:20.6984619Z       }
2026-01-09T02:00:20.6984779Z     ],
2026-01-09T02:00:20.6984955Z     "actions" : [
2026-01-09T02:00:20.6985144Z       {
2026-01-09T02:00:20.6985420Z         "extractor_root" : "/opt/hostedtoolcache/CodeQL/2.23.8/x64/codeql/actions",
2026-01-09T02:00:20.6985793Z         "extractor_options" : {
2026-01-09T02:00:20.6986000Z           "trap" : {
2026-01-09T02:00:20.6986258Z             "title" : "TRAP options",
2026-01-09T02:00:20.6986649Z             "description" : "Options about how the extractor handles TRAP files",
2026-01-09T02:00:20.6986989Z             "type" : "object",
2026-01-09T02:00:20.6987242Z             "visibility" : 3,
2026-01-09T02:00:20.6987547Z             "properties" : {
2026-01-09T02:00:20.6988526Z               "cache" : {
2026-01-09T02:00:20.6988871Z                 "title" : "TRAP cache options",
2026-01-09T02:00:20.6989318Z                 "description" : "Options about how the extractor handles its TRAP cache",
2026-01-09T02:00:20.6989662Z                 "type" : "object",
2026-01-09T02:00:20.6989898Z                 "properties" : {
2026-01-09T02:00:20.6990101Z                   "dir" : {
2026-01-09T02:00:20.6990326Z                     "title" : "TRAP cache directory",
2026-01-09T02:00:20.6990638Z                     "description" : "The directory of the TRAP cache to use",
2026-01-09T02:00:20.6990951Z                     "type" : "string"
2026-01-09T02:00:20.6991157Z                   },
2026-01-09T02:00:20.6991338Z                   "bound" : {
2026-01-09T02:00:20.6991548Z                     "title" : "TRAP cache bound",
2026-01-09T02:00:20.6991897Z                     "description" : "A soft limit (in MB) on the size of the TRAP cache",
2026-01-09T02:00:20.6992241Z                     "type" : "string",
2026-01-09T02:00:20.6992650Z                     "pattern" : "[0-9]+"
2026-01-09T02:00:20.6992888Z                   },
2026-01-09T02:00:20.6993066Z                   "write" : {
2026-01-09T02:00:20.6993297Z                     "title" : "TRAP cache writeable",
2026-01-09T02:00:20.6993661Z                     "description" : "Whether to write to the TRAP cache as well as reading it",
2026-01-09T02:00:20.6994025Z                     "type" : "string",
2026-01-09T02:00:20.6994284Z                     "pattern" : "(true|TRUE|false|FALSE)"
2026-01-09T02:00:20.6994550Z                   }
2026-01-09T02:00:20.6994741Z                 }
2026-01-09T02:00:20.6994912Z               }
2026-01-09T02:00:20.6995099Z             }
2026-01-09T02:00:20.6995265Z           }
2026-01-09T02:00:20.6995491Z         }
2026-01-09T02:00:20.6995679Z       }
2026-01-09T02:00:20.6995855Z     ]
2026-01-09T02:00:20.6996008Z   }
2026-01-09T02:00:20.6996254Z }
2026-01-09T02:00:20.6996657Z python does not support TRAP caching (missing option group)
2026-01-09T02:00:20.6997171Z Found 0 languages that support TRAP caching
2026-01-09T02:00:20.6998308Z Using overlay database mode: none without caching.
2026-01-09T02:00:20.6999092Z Not performing diff-informed analysis because we are not analyzing a pull request.
2026-01-09T02:00:20.6999965Z ##[endgroup]
2026-01-09T02:00:20.7001268Z While resolving threads, found a cgroup CPUs file with 4 CPUs in /sys/fs/cgroup/cpuset.cpus.effective.
2026-01-09T02:00:20.7002305Z Skipping download of dependency cache for python as we have no caching configuration for it.
2026-01-09T02:00:20.7003089Z Writing augmented user configuration file to /home/runner/work/_temp/user-config.yaml
2026-01-09T02:00:20.7003635Z ##[group]Augmented user configuration file contents
2026-01-09T02:00:20.7003900Z default-setup:
2026-01-09T02:00:20.7004074Z   org:
2026-01-09T02:00:20.7004401Z     model-packs: []
2026-01-09T02:00:20.7004602Z threat-models: []
2026-01-09T02:00:20.7004713Z 
2026-01-09T02:00:20.7004918Z ##[endgroup]
2026-01-09T02:00:20.7006285Z [command]/opt/hostedtoolcache/CodeQL/2.23.8/x64/codeql/codeql database init --force-overwrite --db-cluster /home/runner/work/_temp/codeql_databases --source-root=/home/runner/work/scratchattach/scratchattach --calculate-language-specific-baseline --extractor-include-aliases --sublanguage-file-coverage --language=python --codescanning-config=/home/runner/work/_temp/user-config.yaml --build-mode=none
2026-01-09T02:00:22.3039521Z Package install location: /home/runner/.codeql/packages
2026-01-09T02:00:22.3040250Z Nothing downloaded.
2026-01-09T02:00:23.9994650Z Calculating baseline information in /home/runner/work/scratchattach/scratchattach
2026-01-09T02:00:24.5205498Z Running command in /home/runner/work/scratchattach/scratchattach: [/opt/hostedtoolcache/CodeQL/2.23.8/x64/codeql/actions/tools/configure-baseline.sh]
2026-01-09T02:00:24.5361522Z Calculated baseline information for languages: actions, python (535ms).
2026-01-09T02:00:27.8032352Z Resolving extractor python.
2026-01-09T02:00:27.8075796Z Successfully loaded extractor Python (python) from /opt/hostedtoolcache/CodeQL/2.23.8/x64/codeql/python.
2026-01-09T02:00:27.8494086Z Created skeleton CodeQL database at /home/runner/work/_temp/codeql_databases/python. This in-progress database is ready to be populated by an extractor.
2026-01-09T02:00:28.1921543Z ##[group]Run github/codeql-action/start-proxy@v4
2026-01-09T02:00:28.1921827Z with:
2026-01-09T02:00:28.1921994Z   language: python
2026-01-09T02:00:28.1922178Z   registry_secrets: []
2026-01-09T02:00:28.1922503Z   token: ***
2026-01-09T02:00:28.1922916Z   matrix: {
  "language": "python",
  "category": "/language:python",
  "build-mode": "none",
  "runner": "[\"ubuntu-latest\"]"
}
2026-01-09T02:00:28.1923366Z env:
2026-01-09T02:00:28.1923529Z   CODE_SCANNING_REF: refs/heads/main
2026-01-09T02:00:28.1923768Z   CODE_SCANNING_BASE_BRANCH: 
2026-01-09T02:00:28.1924019Z   CODE_SCANNING_IS_ANALYZING_DEFAULT_BRANCH: true
2026-01-09T02:00:28.1924315Z   CODE_SCANNING_IS_STEADY_STATE_DEFAULT_SETUP: true
2026-01-09T02:00:28.1930072Z   CODE_SCANNING_WORKFLOW_FILE: H4sIAAAAAAAA/6RV32/bNhB+919x8AakfZDzsicBBaY4cuLNsFNJQZcVBUFTJ5mLTKr8kVTt8r8PFKVYWuM5Q/1kHj9+vLvv40nQPYYwncsc36+mE2VF4EM/f/sGJTc7u53hAwoz46K2Rs+YzJFoRoXgoiTKCuLw8PQ0kSKEvBF0z9lkguIhnADMN5cxSefRer1cX5EkXryaGAvH+W+GiyiNyUUSrefXr2XaUo1kq6hgu5cYlymJ1tHq7k+3uIwX0e0q+583cE2ooFXz1S1yLKitzH/fmGZxdHlH0izK4udL0zi7vQnBKIvfnfmwSX5frDYfyGK5il+b16NU90UlH0nBq1ahyV9yq50sPl10fwG83pEPwRvHvadG8S+ziorS0tKdfdtClRU6cDo7UKHk/rd0s37ToZUVAtVbXzJAjWrPteZSaH8PAGWmXYJCmncxJoVBYcbBmrJ7WuI4qJFZxU0TtCXrEB4VNzjpSbiwGEgRoFJShVDQSvtNbRQ1WDZ9FgXlVVBQbYYg6GruQQBcsMrmeAgABNB3JOxrGewCMHePVE0I58/Al3Bby6s82MscQxBS4GjTtzGEs49Tu7XC2KCiBrWZfjo7kkrdmJ0UJzN5AfZDiWiDdSdt0JlovkN2L60BhbXU3EjVdJRWOzW7ZpyzDvfrwy+TEcFScMNpxb8i+JE0Ou4tf+5c/rkKPNk5F7zl8cBHbnYHyVqfa66Dey5yHYI7GfTv4xnVd0h7X39v/slL/RpAD+EhOMcaRY6CNQGjbMdF6Q/5vs5QPHAlxR6FgXfv4MwXF+ykNpifDYk+W1TcZTedwk9w6QdMG21A2/4NdO+g4GUIfw+E7AZSoNHYOhwpLFU5DgC4IqrAvT8dwsdXDhovCGlPwdMTfBqQmp1CatrmVC1lt9srnrq0oFbySwOFVKCw5Nq4ejsSnod++7QVtKHKBC34mCMO9IQpzFE4u3XCa2QKjZ5dLbPr2wuSxFfLNEuWcUpuks0fd0NJDo/viGPGtr5BVUi17zztZ63m+nRF3aA+VNN9V/3PfSPer3x25HqTZl0d7mHO2jbMpDWtYO2KOHMNyxgR3GySkwS1VMcJ5hGZx0m2XCznURafomKUMFSGF9wNq6Okt8kqPUVlVaUPBGPBD5NwoFQfdIf+CQAA//+2RVGDAgkAAA==
2026-01-09T02:00:28.1935385Z   CODEQL_ACTION_FEATURE_MULTI_LANGUAGE: false
2026-01-09T02:00:28.1935655Z   CODEQL_ACTION_FEATURE_SANDWICH: false
2026-01-09T02:00:28.1935903Z   CODEQL_ACTION_FEATURE_SARIF_COMBINE: true
2026-01-09T02:00:28.1936165Z   CODEQL_ACTION_FEATURE_WILL_UPLOAD: true
2026-01-09T02:00:28.1936402Z   CODEQL_ACTION_VERSION: 4.31.9
2026-01-09T02:00:28.1936654Z   JOB_RUN_UUID: 3b3447da-103f-4264-a264-7c4469545b70
2026-01-09T02:00:28.1936912Z   CODEQL_ACTION_INIT_HAS_RUN: true
2026-01-09T02:00:28.1937236Z   CODEQL_ACTION_ANALYSIS_KEY: dynamic/github-code-scanning/codeql:analyze
2026-01-09T02:00:28.1937608Z   CODEQL_WORKFLOW_STARTED_AT: 2026-01-09T02:00:14.269Z
2026-01-09T02:00:28.1938249Z   CODEQL_RAM: 14580
2026-01-09T02:00:28.1938437Z   CODEQL_THREADS: 4
2026-01-09T02:00:28.1938605Z ##[endgroup]
2026-01-09T02:00:28.3456092Z Using registry_secrets input.
2026-01-09T02:00:28.3457179Z No credentials found, skipping proxy setup.
2026-01-09T02:00:28.3680927Z ##[group]Run github/codeql-action/analyze@v4
2026-01-09T02:00:28.3681198Z with:
2026-01-09T02:00:28.3681411Z   category: /language:python
2026-01-09T02:00:28.3681627Z   output: ../results
2026-01-09T02:00:28.3681815Z   upload: always
2026-01-09T02:00:28.3682006Z   skip-queries: false
2026-01-09T02:00:28.3682269Z   checkout_path: /home/runner/work/scratchattach/scratchattach
2026-01-09T02:00:28.3682582Z   upload-database: true
2026-01-09T02:00:28.3682781Z   wait-for-processing: true
2026-01-09T02:00:28.3683157Z   token: ***
2026-01-09T02:00:28.3683557Z   matrix: {
  "language": "python",
  "category": "/language:python",
  "build-mode": "none",
  "runner": "[\"ubuntu-latest\"]"
}
2026-01-09T02:00:28.3684046Z   expect-error: false
2026-01-09T02:00:28.3684237Z env:
2026-01-09T02:00:28.3684408Z   CODE_SCANNING_REF: refs/heads/main
2026-01-09T02:00:28.3684661Z   CODE_SCANNING_BASE_BRANCH: 
2026-01-09T02:00:28.3684901Z   CODE_SCANNING_IS_ANALYZING_DEFAULT_BRANCH: true
2026-01-09T02:00:28.3685270Z   CODE_SCANNING_IS_STEADY_STATE_DEFAULT_SETUP: true
2026-01-09T02:00:28.3691393Z   CODE_SCANNING_WORKFLOW_FILE: H4sIAAAAAAAA/6RV32/bNhB+919x8AakfZDzsicBBaY4cuLNsFNJQZcVBUFTJ5mLTKr8kVTt8r8PFKVYWuM5Q/1kHj9+vLvv40nQPYYwncsc36+mE2VF4EM/f/sGJTc7u53hAwoz46K2Rs+YzJFoRoXgoiTKCuLw8PQ0kSKEvBF0z9lkguIhnADMN5cxSefRer1cX5EkXryaGAvH+W+GiyiNyUUSrefXr2XaUo1kq6hgu5cYlymJ1tHq7k+3uIwX0e0q+583cE2ooFXz1S1yLKitzH/fmGZxdHlH0izK4udL0zi7vQnBKIvfnfmwSX5frDYfyGK5il+b16NU90UlH0nBq1ahyV9yq50sPl10fwG83pEPwRvHvadG8S+ziorS0tKdfdtClRU6cDo7UKHk/rd0s37ToZUVAtVbXzJAjWrPteZSaH8PAGWmXYJCmncxJoVBYcbBmrJ7WuI4qJFZxU0TtCXrEB4VNzjpSbiwGEgRoFJShVDQSvtNbRQ1WDZ9FgXlVVBQbYYg6GruQQBcsMrmeAgABNB3JOxrGewCMHePVE0I58/Al3Bby6s82MscQxBS4GjTtzGEs49Tu7XC2KCiBrWZfjo7kkrdmJ0UJzN5AfZDiWiDdSdt0JlovkN2L60BhbXU3EjVdJRWOzW7ZpyzDvfrwy+TEcFScMNpxb8i+JE0Ou4tf+5c/rkKPNk5F7zl8cBHbnYHyVqfa66Dey5yHYI7GfTv4xnVd0h7X39v/slL/RpAD+EhOMcaRY6CNQGjbMdF6Q/5vs5QPHAlxR6FgXfv4MwXF+ykNpifDYk+W1TcZTedwk9w6QdMG21A2/4NdO+g4GUIfw+E7AZSoNHYOhwpLFU5DgC4IqrAvT8dwsdXDhovCGlPwdMTfBqQmp1CatrmVC1lt9srnrq0oFbySwOFVKCw5Nq4ejsSnod++7QVtKHKBC34mCMO9IQpzFE4u3XCa2QKjZ5dLbPr2wuSxFfLNEuWcUpuks0fd0NJDo/viGPGtr5BVUi17zztZ63m+nRF3aA+VNN9V/3PfSPer3x25HqTZl0d7mHO2jbMpDWtYO2KOHMNyxgR3GySkwS1VMcJ5hGZx0m2XCznURafomKUMFSGF9wNq6Okt8kqPUVlVaUPBGPBD5NwoFQfdIf+CQAA//+2RVGDAgkAAA==
2026-01-09T02:00:28.3697343Z   CODEQL_ACTION_FEATURE_MULTI_LANGUAGE: false
2026-01-09T02:00:28.3697611Z   CODEQL_ACTION_FEATURE_SANDWICH: false
2026-01-09T02:00:28.3697977Z   CODEQL_ACTION_FEATURE_SARIF_COMBINE: true
2026-01-09T02:00:28.3698230Z   CODEQL_ACTION_FEATURE_WILL_UPLOAD: true
2026-01-09T02:00:28.3698479Z   CODEQL_ACTION_VERSION: 4.31.9
2026-01-09T02:00:28.3698726Z   JOB_RUN_UUID: 3b3447da-103f-4264-a264-7c4469545b70
2026-01-09T02:00:28.3699009Z   CODEQL_ACTION_INIT_HAS_RUN: true
2026-01-09T02:00:28.3699329Z   CODEQL_ACTION_ANALYSIS_KEY: dynamic/github-code-scanning/codeql:analyze
2026-01-09T02:00:28.3699689Z   CODEQL_WORKFLOW_STARTED_AT: 2026-01-09T02:00:14.269Z
2026-01-09T02:00:28.3699955Z   CODEQL_RAM: 14580
2026-01-09T02:00:28.3700156Z   CODEQL_THREADS: 4
2026-01-09T02:00:28.3700342Z   CODEQL_PROXY_HOST: 
2026-01-09T02:00:28.3700527Z   CODEQL_PROXY_PORT: 
2026-01-09T02:00:28.3700724Z   CODEQL_PROXY_CA_CERTIFICATE: 
2026-01-09T02:00:28.3700926Z   CODEQL_PROXY_URLS: 
2026-01-09T02:00:28.3701112Z ##[endgroup]
2026-01-09T02:00:29.5944724Z While resolving threads, found a cgroup CPUs file with 4 CPUs in /sys/fs/cgroup/cpuset.cpus.effective.
2026-01-09T02:00:29.5979413Z Not performing diff-informed analysis because we are not analyzing a pull request.
2026-01-09T02:00:29.6019445Z ##[group]Extracting python
2026-01-09T02:00:29.6021408Z [command]/opt/hostedtoolcache/CodeQL/2.23.8/x64/codeql/codeql database trace-command --use-build-mode --working-dir /home/runner/work/scratchattach/scratchattach /home/runner/work/_temp/codeql_databases/python
2026-01-09T02:00:30.4434203Z Running command in /home/runner/work/scratchattach/scratchattach: [/opt/hostedtoolcache/CodeQL/2.23.8/x64/codeql/python/tools/autobuild.sh]
2026-01-09T02:00:30.5674934Z [2026-01-09 02:00:30] [build-stderr] /bin/sh: 1: python2: not found
2026-01-09T02:00:30.6140274Z [2026-01-09 02:00:30] [build-stdout] Source root appears to be the real root.
2026-01-09T02:00:30.6141196Z [2026-01-09 02:00:30] [build-stdout] Will try to guess Python version, as it was not specified in `lgtm.yml`
2026-01-09T02:00:30.6142187Z [2026-01-09 02:00:30] [build-stdout] Trying to guess Python version based on Trove classifiers in setup.py
2026-01-09T02:00:30.6143350Z [2026-01-09 02:00:30] [build-stdout] Did not find setup.py (expected it to be at /home/runner/work/scratchattach/scratchattach/setup.py)
2026-01-09T02:00:30.6144379Z [2026-01-09 02:00:30] [build-stdout] Trying to guess Python version based on travis file
2026-01-09T02:00:30.6154367Z [2026-01-09 02:00:30] [build-stdout] Did not find any travis files (expected them at either ['/home/runner/work/scratchattach/scratchattach/.travis.yml', '/home/runner/work/scratchattach/scratchattach/travis.yml'])
2026-01-09T02:00:30.6156329Z [2026-01-09 02:00:30] [build-stdout] Trying to guess Python version based on installed versions
2026-01-09T02:00:30.6157236Z [2026-01-09 02:00:30] [build-stdout] Wanted to run Python 2, but it is not available. Using Python 3 instead
2026-01-09T02:00:30.6158520Z [2026-01-09 02:00:30] [build-stdout] This script is running Python 3, but Python 2 is also available (as 'python3')
2026-01-09T02:00:30.6159532Z [2026-01-09 02:00:30] [build-stdout] Could not guess Python version, will use default: Python 3
2026-01-09T02:00:30.6161467Z [2026-01-09 02:00:30] [build-stdout] Calling python3 -S /opt/hostedtoolcache/CodeQL/2.23.8/x64/codeql/python/tools/python_tracer.py --verbosity 3 -z all -c /home/runner/work/_temp/codeql_databases/python/working/trap_cache -R /home/runner/work/scratchattach/scratchattach
2026-01-09T02:00:31.0803236Z [2026-01-09 02:00:31] [build-stdout] INFO: The Python extractor has recently stopped extracting the standard library by default. If you encounter problems, please let us know by submitting an issue to https://github.com/github/codeql. It is possible to re-enable extraction of the standard library by setting the environment variable CODEQL_EXTRACTOR_PYTHON_EXTRACT_STDLIB.
2026-01-09T02:00:31.0818095Z [2026-01-09 02:00:31] [build-stdout] [INFO] Extraction will use the Python 3 standard library.
2026-01-09T02:00:31.0826455Z [2026-01-09 02:00:31] [build-stdout] [INFO] sys_path is: ['/opt/hostedtoolcache/CodeQL/2.23.8/x64/codeql/python/tools', '/usr/lib/python312.zip', '/usr/lib/python3.12', '/usr/lib/python3.12/lib-dynload']
2026-01-09T02:00:31.0830541Z [2026-01-09 02:00:31] [build-stdout] [INFO] Python version 3.12.3
2026-01-09T02:00:31.0831227Z [2026-01-09 02:00:31] [build-stdout] [INFO] Python extractor version 7.1.6
2026-01-09T02:00:31.1790045Z [2026-01-09 02:00:31] [build-stdout] [INFO] [1] Extracted file /home/runner/work/scratchattach/scratchattach/test2.py in 20ms
2026-01-09T02:00:31.2101580Z [2026-01-09 02:00:31] [build-stdout] [INFO] [4] Extracted file /home/runner/work/scratchattach/scratchattach/test1.py in 13ms
2026-01-09T02:00:31.2174921Z [2026-01-09 02:00:31] [build-stdout] [INFO] [2] Extracted file /home/runner/work/scratchattach/scratchattach/scratch_chat_db.py in 59ms
2026-01-09T02:00:31.2294935Z [2026-01-09 02:00:31] [build-stdout] [INFO] [4] Extracted file /home/runner/work/scratchattach/scratchattach/test3.py in 21ms
2026-01-09T02:00:31.2346999Z [2026-01-09 02:00:31] [build-stdout] [INFO] [4] Extracted file /home/runner/work/scratchattach/scratchattach/install.py in 5ms
2026-01-09T02:00:31.2385994Z [2026-01-09 02:00:31] [build-stdout] [INFO] [3] Extracted file /home/runner/work/scratchattach/scratchattach/scratch_chat_requests.py in 77ms
2026-01-09T02:00:31.2387322Z [2026-01-09 02:00:31] [build-stdout] [INFO] [3] Skipped built-in file /usr/lib/python3.12/warnings.py
2026-01-09T02:00:31.2388698Z [2026-01-09 02:00:31] [build-stdout] [INFO] [3] Extracted folder /usr/lib/python3.12/json in 1ms
2026-01-09T02:00:31.2389791Z [2026-01-09 02:00:31] [build-stdout] [INFO] [3] Skipped built-in file /usr/lib/python3.12/os.py
2026-01-09T02:00:31.2390820Z [2026-01-09 02:00:31] [build-stdout] [INFO] [3] Skipped built-in file /usr/lib/python3.12/json/__init__.py
2026-01-09T02:00:31.2453508Z [2026-01-09 02:00:31] [build-stdout] [INFO] [1] Extracted file /home/runner/work/scratchattach/scratchattach/message_viewer.py in 64ms
2026-01-09T02:00:31.2459887Z [2026-01-09 02:00:31] [build-stdout] [INFO] [1] Skipped built-in file /usr/lib/python3.12/logging/__init__.py
2026-01-09T02:00:31.2460864Z [2026-01-09 02:00:31] [build-stdout] [INFO] [1] Extracted folder /usr/lib/python3.12/logging in 1ms
2026-01-09T02:00:31.2473161Z [2026-01-09 02:00:31] [build-stdout] [INFO] [1] Extracted module sys in 0ms
2026-01-09T02:00:31.2507226Z [2026-01-09 02:00:31] [build-stdout] [INFO] [3] Extracted module time in 6ms
2026-01-09T02:00:31.2663706Z [2026-01-09 02:00:31] [build-stdout] [INFO] [4] Extracted file /home/runner/work/scratchattach/scratchattach/test4.py in 31ms
2026-01-09T02:00:31.2993161Z [2026-01-09 02:00:31] [build-stdout] [INFO] [2] Extracted file /home/runner/work/scratchattach/scratchattach/aesthetic_prioritizing.py in 82ms
2026-01-09T02:00:31.3456324Z [2026-01-09 02:00:31] [build-stdout] [INFO] Processed 17 modules in 0.26s
2026-01-09T02:00:31.3856787Z ##[endgroup]
2026-01-09T02:00:31.3860844Z ##[group]Finalizing python
2026-01-09T02:00:31.3862328Z [command]/opt/hostedtoolcache/CodeQL/2.23.8/x64/codeql/codeql database finalize --finalize-dataset --threads=4 --ram=14580 /home/runner/work/_temp/codeql_databases/python
2026-01-09T02:00:32.1360512Z Running pre-finalize script /opt/hostedtoolcache/CodeQL/2.23.8/x64/codeql/python/tools/pre-finalize.sh in /home/runner/work/scratchattach/scratchattach.
2026-01-09T02:00:32.2175406Z Running command in /home/runner/work/scratchattach/scratchattach: [/opt/hostedtoolcache/CodeQL/2.23.8/x64/codeql/python/tools/pre-finalize.sh]
2026-01-09T02:00:32.9906250Z [2026-01-09 02:00:32] [build-stderr] Scanning for files in /home/runner/work/scratchattach/scratchattach...
2026-01-09T02:00:33.1219037Z [2026-01-09 02:00:33] [build-stderr] /home/runner/work/_temp/codeql_databases/python: Indexing files in in /home/runner/work/scratchattach/scratchattach...
2026-01-09T02:00:33.1552076Z [2026-01-09 02:00:33] [build-stderr] Running command in /home/runner/work/scratchattach/scratchattach: [/opt/hostedtoolcache/CodeQL/2.23.8/x64/codeql/yaml/tools/index-files.sh, /home/runner/work/_temp/codeql_databases/python/working/files-to-index13822739250573918254.list]
2026-01-09T02:00:33.7839804Z Pre-finalize script /opt/hostedtoolcache/CodeQL/2.23.8/x64/codeql/python/tools/pre-finalize.sh completed in 1647 ms.
2026-01-09T02:00:33.7882488Z Running TRAP import for CodeQL database at /home/runner/work/_temp/codeql_databases/python...
2026-01-09T02:00:34.7661333Z Importing TRAP files
2026-01-09T02:00:35.3933485Z Merging relations
2026-01-09T02:00:35.7044191Z Finished writing database (relations: 98.25 KiB; string pool: 2.08 MiB).
2026-01-09T02:00:35.7251519Z TRAP import complete (1.9s).
2026-01-09T02:00:35.9729936Z Finished zipping source archive (11.88 KiB).
2026-01-09T02:00:36.0148147Z ##[endgroup]
2026-01-09T02:00:36.0152807Z ##[group]Running queries for python
2026-01-09T02:00:36.0154977Z [command]/opt/hostedtoolcache/CodeQL/2.23.8/x64/codeql/codeql database run-queries --ram=14580 --threads=4 --expect-discarded-cache /home/runner/work/_temp/codeql_databases/python --min-disk-free=1024 -v
2026-01-09T02:00:36.8136862Z Writing logs to /home/runner/work/_temp/codeql_databases/python/log/database-run-queries-20260109.020036.810.log.
2026-01-09T02:00:36.8672195Z Stringpool size measured as 2179482
2026-01-09T02:00:37.4790005Z Writing logs to /home/runner/work/_temp/codeql_databases/python/log/execute-queries-20260109.020037.475.log.
2026-01-09T02:00:37.8218260Z Recording pack reference codeql/python-queries at /opt/hostedtoolcache/CodeQL/2.23.8/x64/codeql/qlpacks/codeql/python-queries/1.7.3.
2026-01-09T02:00:40.0077597Z Compiling in 3 threads due to RAM limits.
2026-01-09T02:00:40.7057282Z [1/45] Loaded /opt/hostedtoolcache/CodeQL/2.23.8/x64/codeql/qlpacks/codeql/python-queries/1.7.3/Security/CWE-020/IncompleteUrlSubstringSanitization.qlx.
2026-01-09T02:00:41.3026138Z [2/45] Loaded /opt/hostedtoolcache/CodeQL/2.23.8/x64/codeql/qlpacks/codeql/python-queries/1.7.3/Security/CWE-020/IncompleteHostnameRegExp.qlx.
2026-01-09T02:00:41.3472582Z [3/45] Loaded /opt/hostedtoolcache/CodeQL/2.23.8/x64/codeql/qlpacks/codeql/python-queries/1.7.3/Security/CWE-312/CleartextLogging.qlx.
2026-01-09T02:00:41.4824820Z [4/45] Loaded /opt/hostedtoolcache/CodeQL/2.23.8/x64/codeql/qlpacks/codeql/python-queries/1.7.3/Security/CWE-020/OverlyLargeRange.qlx.
2026-01-09T02:00:41.5170692Z [5/45] Loaded /opt/hostedtoolcache/CodeQL/2.23.8/x64/codeql/qlpacks/codeql/python-queries/1.7.3/Security/CWE-312/CleartextStorage.qlx.
2026-01-09T02:00:41.6703626Z [6/45] Loaded /opt/hostedtoolcache/CodeQL/2.23.8/x64/codeql/qlpacks/codeql/python-queries/1.7.3/Security/CWE-1275/SameSiteNoneCookie.qlx.
2026-01-09T02:00:41.7881399Z [7/45] Loaded /opt/hostedtoolcache/CodeQL/2.23.8/x64/codeql/qlpacks/codeql/python-queries/1.7.3/Security/CWE-326/WeakCryptoKey.qlx.
2026-01-09T02:00:41.8129809Z [8/45] Loaded /opt/hostedtoolcache/CodeQL/2.23.8/x64/codeql/qlpacks/codeql/python-queries/1.7.3/Security/CWE-776/XmlBomb.qlx.
2026-01-09T02:00:41.8131141Z [9/45] Loaded /opt/hostedtoolcache/CodeQL/2.23.8/x64/codeql/qlpacks/codeql/python-queries/1.7.3/Security/CWE-020/CookieInjection.qlx.
2026-01-09T02:00:42.0575891Z [10/45] Loaded /opt/hostedtoolcache/CodeQL/2.23.8/x64/codeql/qlpacks/codeql/python-queries/1.7.3/Security/CWE-113/HeaderInjection.qlx.
2026-01-09T02:00:42.0704083Z [11/45] Loaded /opt/hostedtoolcache/CodeQL/2.23.8/x64/codeql/qlpacks/codeql/python-queries/1.7.3/Security/CWE-601/UrlRedirect.qlx.
2026-01-09T02:00:42.1220241Z [12/45] Loaded /opt/hostedtoolcache/CodeQL/2.23.8/x64/codeql/qlpacks/codeql/python-queries/1.7.3/Security/CWE-078/CommandInjection.qlx.
2026-01-09T02:00:42.1288951Z [13/45] Loaded /opt/hostedtoolcache/CodeQL/2.23.8/x64/codeql/qlpacks/codeql/python-queries/1.7.3/Security/CWE-295/MissingHostKeyValidation.qlx.
2026-01-09T02:00:42.3411979Z [14/45] Loaded /opt/hostedtoolcache/CodeQL/2.23.8/x64/codeql/qlpacks/codeql/python-queries/1.7.3/Security/CWE-943/NoSqlInjection.qlx.
2026-01-09T02:00:42.3641580Z [15/45] Loaded /opt/hostedtoolcache/CodeQL/2.23.8/x64/codeql/qlpacks/codeql/python-queries/1.7.3/Security/CWE-079/ReflectedXss.qlx.
2026-01-09T02:00:42.3771512Z [16/45] Loaded /opt/hostedtoolcache/CodeQL/2.23.8/x64/codeql/qlpacks/codeql/python-queries/1.7.3/Security/CWE-643/XpathInjection.qlx.
2026-01-09T02:00:42.4337081Z [17/45] Loaded /opt/hostedtoolcache/CodeQL/2.23.8/x64/codeql/qlpacks/codeql/python-queries/1.7.3/Security/CVE-2018-1281/BindToAllInterfaces.qlx.
2026-01-09T02:00:42.5462628Z [18/45] Loaded /opt/hostedtoolcache/CodeQL/2.23.8/x64/codeql/qlpacks/codeql/python-queries/1.7.3/Security/CWE-089/SqlInjection.qlx.
2026-01-09T02:00:42.5824473Z [19/45] Loaded /opt/hostedtoolcache/CodeQL/2.23.8/x64/codeql/qlpacks/codeql/python-queries/1.7.3/Security/CWE-614/InsecureCookie.qlx.
2026-01-09T02:00:42.6110911Z [20/45] Loaded /opt/hostedtoolcache/CodeQL/2.23.8/x64/codeql/qlpacks/codeql/python-queries/1.7.3/Security/CWE-022/PathInjection.qlx.
2026-01-09T02:00:42.6627582Z [21/45] Loaded /opt/hostedtoolcache/CodeQL/2.23.8/x64/codeql/qlpacks/codeql/python-queries/1.7.3/Security/CWE-116/BadTagFilter.qlx.
2026-01-09T02:00:42.7409447Z [22/45] Loaded /opt/hostedtoolcache/CodeQL/2.23.8/x64/codeql/qlpacks/codeql/python-queries/1.7.3/Security/CWE-1004/NonHttpOnlyCookie.qlx.
2026-01-09T02:00:42.7411500Z [23/45] Loaded /opt/hostedtoolcache/CodeQL/2.23.8/x64/codeql/qlpacks/codeql/python-queries/1.7.3/Security/CWE-377/InsecureTemporaryFile.qlx.
2026-01-09T02:00:42.7970091Z [24/45] Loaded /opt/hostedtoolcache/CodeQL/2.23.8/x64/codeql/qlpacks/codeql/python-queries/1.7.3/Security/CWE-352/CSRFProtectionDisabled.qlx.
2026-01-09T02:00:42.8155067Z [25/45] Loaded /opt/hostedtoolcache/CodeQL/2.23.8/x64/codeql/qlpacks/codeql/python-queries/1.7.3/Security/CWE-730/ReDoS.qlx.
2026-01-09T02:00:42.8997365Z [26/45] Loaded /opt/hostedtoolcache/CodeQL/2.23.8/x64/codeql/qlpacks/codeql/python-queries/1.7.3/Security/CWE-730/PolynomialReDoS.qlx.
2026-01-09T02:00:43.0202871Z [27/45] Loaded /opt/hostedtoolcache/CodeQL/2.23.8/x64/codeql/qlpacks/codeql/python-queries/1.7.3/Security/CWE-730/RegexInjection.qlx.
2026-01-09T02:00:43.0448655Z [28/45] Loaded /opt/hostedtoolcache/CodeQL/2.23.8/x64/codeql/qlpacks/codeql/python-queries/1.7.3/Security/CWE-094/CodeInjection.qlx.
2026-01-09T02:00:43.0646082Z [29/45] Loaded /opt/hostedtoolcache/CodeQL/2.23.8/x64/codeql/qlpacks/codeql/python-queries/1.7.3/Security/CWE-215/FlaskDebug.qlx.
2026-01-09T02:00:43.1146063Z [30/45] Loaded /opt/hostedtoolcache/CodeQL/2.23.8/x64/codeql/qlpacks/codeql/python-queries/1.7.3/Security/CWE-502/UnsafeDeserialization.qlx.
2026-01-09T02:00:43.1793462Z [31/45] Loaded /opt/hostedtoolcache/CodeQL/2.23.8/x64/codeql/qlpacks/codeql/python-queries/1.7.3/Security/CWE-074/TemplateInjection.qlx.
2026-01-09T02:00:43.1919693Z [32/45] Loaded /opt/hostedtoolcache/CodeQL/2.23.8/x64/codeql/qlpacks/codeql/python-queries/1.7.3/Security/CWE-327/InsecureDefaultProtocol.qlx.
2026-01-09T02:00:43.2379706Z [33/45] Loaded /opt/hostedtoolcache/CodeQL/2.23.8/x64/codeql/qlpacks/codeql/python-queries/1.7.3/Security/CWE-327/InsecureProtocol.qlx.
2026-01-09T02:00:43.2452852Z [34/45] Loaded /opt/hostedtoolcache/CodeQL/2.23.8/x64/codeql/qlpacks/codeql/python-queries/1.7.3/Security/CWE-327/BrokenCryptoAlgorithm.qlx.
2026-01-09T02:00:43.5166886Z [35/45] Loaded /opt/hostedtoolcache/CodeQL/2.23.8/x64/codeql/qlpacks/codeql/python-queries/1.7.3/Security/CWE-327/WeakSensitiveDataHashing.qlx.
2026-01-09T02:00:43.5339507Z [36/45] Loaded /opt/hostedtoolcache/CodeQL/2.23.8/x64/codeql/qlpacks/codeql/python-queries/1.7.3/Security/CWE-918/FullServerSideRequestForgery.qlx.
2026-01-09T02:00:43.5370322Z [37/45] Loaded /opt/hostedtoolcache/CodeQL/2.23.8/x64/codeql/qlpacks/codeql/python-queries/1.7.3/Security/CWE-090/LdapInjection.qlx.
2026-01-09T02:00:43.6683620Z [38/45] Loaded /opt/hostedtoolcache/CodeQL/2.23.8/x64/codeql/qlpacks/codeql/python-queries/1.7.3/Security/CWE-285/PamAuthorization.qlx.
2026-01-09T02:00:43.6953994Z [39/45] Loaded /opt/hostedtoolcache/CodeQL/2.23.8/x64/codeql/qlpacks/codeql/python-queries/1.7.3/Security/CWE-611/Xxe.qlx.
2026-01-09T02:00:43.7066579Z [40/45] Loaded /opt/hostedtoolcache/CodeQL/2.23.8/x64/codeql/qlpacks/codeql/python-queries/1.7.3/Security/CWE-209/StackTraceExposure.qlx.
2026-01-09T02:00:43.7116442Z [41/45] Loaded /opt/hostedtoolcache/CodeQL/2.23.8/x64/codeql/qlpacks/codeql/python-queries/1.7.3/Diagnostics/ExtractionWarnings.qlx.
2026-01-09T02:00:43.7241525Z [42/45] Loaded /opt/hostedtoolcache/CodeQL/2.23.8/x64/codeql/qlpacks/codeql/python-queries/1.7.3/Expressions/UseofInput.qlx.
2026-01-09T02:00:43.7313977Z [43/45] Loaded /opt/hostedtoolcache/CodeQL/2.23.8/x64/codeql/qlpacks/codeql/python-queries/1.7.3/Diagnostics/ExtractedFiles.qlx.
2026-01-09T02:00:43.7319495Z [44/45] Loaded /opt/hostedtoolcache/CodeQL/2.23.8/x64/codeql/qlpacks/codeql/python-queries/1.7.3/Summary/LinesOfUserCode.qlx.
2026-01-09T02:00:43.7341778Z [45/45] Loaded /opt/hostedtoolcache/CodeQL/2.23.8/x64/codeql/qlpacks/codeql/python-queries/1.7.3/Summary/LinesOfCode.qlx.
2026-01-09T02:00:44.0332981Z Starting evaluation of codeql/python-queries/Diagnostics/ExtractedFiles.ql.
2026-01-09T02:00:44.0333849Z Starting evaluation of codeql/python-queries/Security/CVE-2018-1281/BindToAllInterfaces.ql.
2026-01-09T02:00:44.0334670Z Starting evaluation of codeql/python-queries/Diagnostics/ExtractionWarnings.ql.
2026-01-09T02:00:44.0339085Z Starting evaluation of codeql/python-queries/Expressions/UseofInput.ql.
2026-01-09T02:00:44.2446666Z Starting evaluation of codeql/python-queries/Security/CWE-020/CookieInjection.ql.
2026-01-09T02:00:44.2622633Z [1/45 eval 222ms] Evaluation done; writing results to codeql/python-queries/Diagnostics/ExtractionWarnings.bqrs.
2026-01-09T02:00:44.3444028Z [2/45 eval 311ms] Evaluation done; writing results to codeql/python-queries/Diagnostics/ExtractedFiles.bqrs.
2026-01-09T02:00:44.4108998Z Starting evaluation of codeql/python-queries/Security/CWE-020/IncompleteHostnameRegExp.ql.
2026-01-09T02:00:44.5174590Z [3/45 eval 484ms] Evaluation done; writing results to codeql/python-queries/Security/CVE-2018-1281/BindToAllInterfaces.bqrs.
2026-01-09T02:00:45.1201580Z Starting evaluation of codeql/python-queries/Security/CWE-020/IncompleteUrlSubstringSanitization.ql.
2026-01-09T02:00:45.1662846Z Starting evaluation of codeql/python-queries/Security/CWE-020/OverlyLargeRange.ql.
2026-01-09T02:00:45.1667310Z [4/45 eval 47ms] Evaluation done; writing results to codeql/python-queries/Security/CWE-020/IncompleteUrlSubstringSanitization.bqrs.
2026-01-09T02:00:45.1701378Z Starting evaluation of codeql/python-queries/Security/CWE-022/PathInjection.ql.
2026-01-09T02:00:45.1958449Z Starting evaluation of codeql/python-queries/Security/CWE-074/TemplateInjection.ql.
2026-01-09T02:00:45.3217079Z Starting evaluation of codeql/python-queries/Security/CWE-078/CommandInjection.ql.
2026-01-09T02:00:45.3572404Z Starting evaluation of codeql/python-queries/Security/CWE-079/ReflectedXss.ql.
2026-01-09T02:00:45.4297920Z Starting evaluation of codeql/python-queries/Security/CWE-090/LdapInjection.ql.
2026-01-09T02:00:45.4343199Z Starting evaluation of codeql/python-queries/Security/CWE-089/SqlInjection.ql.
2026-01-09T02:00:47.7159690Z Starting evaluation of codeql/python-queries/Security/CWE-094/CodeInjection.ql.
2026-01-09T02:00:47.7514762Z Starting evaluation of codeql/python-queries/Security/CWE-1004/NonHttpOnlyCookie.ql.
2026-01-09T02:00:47.7662799Z Starting evaluation of codeql/python-queries/Security/CWE-113/HeaderInjection.ql.
2026-01-09T02:00:47.7798772Z Starting evaluation of codeql/python-queries/Security/CWE-116/BadTagFilter.ql.
2026-01-09T02:00:47.7831033Z Starting evaluation of codeql/python-queries/Security/CWE-1275/SameSiteNoneCookie.ql.
2026-01-09T02:00:47.7944845Z [5/45 eval 11ms] Evaluation done; writing results to codeql/python-queries/Security/CWE-1275/SameSiteNoneCookie.bqrs.
2026-01-09T02:00:47.7948515Z Starting evaluation of codeql/python-queries/Security/CWE-209/StackTraceExposure.ql.
2026-01-09T02:00:47.8299559Z Starting evaluation of codeql/python-queries/Security/CWE-215/FlaskDebug.ql.
2026-01-09T02:00:47.8345042Z Starting evaluation of codeql/python-queries/Security/CWE-285/PamAuthorization.ql.
2026-01-09T02:00:47.8510876Z Starting evaluation of codeql/python-queries/Security/CWE-295/MissingHostKeyValidation.ql.
2026-01-09T02:00:47.8514404Z Starting evaluation of codeql/python-queries/Security/CWE-312/CleartextLogging.ql.
2026-01-09T02:00:47.8515730Z Starting evaluation of codeql/python-queries/Security/CWE-312/CleartextStorage.ql.
2026-01-09T02:00:48.0203469Z [6/45 eval 4s] Evaluation done; writing results to codeql/python-queries/Expressions/UseofInput.bqrs.
2026-01-09T02:00:48.0246347Z [7/45 eval 175ms] Evaluation done; writing results to codeql/python-queries/Security/CWE-295/MissingHostKeyValidation.bqrs.
2026-01-09T02:00:48.1942742Z Starting evaluation of codeql/python-queries/Security/CWE-326/WeakCryptoKey.ql.
2026-01-09T02:00:48.2212867Z [8/45 eval 21ms] Evaluation done; writing results to codeql/python-queries/Security/CWE-326/WeakCryptoKey.bqrs.
2026-01-09T02:00:48.2214397Z Starting evaluation of codeql/python-queries/Security/CWE-327/BrokenCryptoAlgorithm.ql.
2026-01-09T02:00:48.2355153Z [9/45 eval 15ms] Evaluation done; writing results to codeql/python-queries/Security/CWE-327/BrokenCryptoAlgorithm.bqrs.
2026-01-09T02:00:48.2598430Z Starting evaluation of codeql/python-queries/Security/CWE-327/InsecureDefaultProtocol.ql.
2026-01-09T02:00:48.2618332Z Starting evaluation of codeql/python-queries/Security/CWE-327/InsecureProtocol.ql.
2026-01-09T02:00:48.2648732Z Starting evaluation of codeql/python-queries/Security/CWE-327/WeakSensitiveDataHashing.ql.
2026-01-09T02:00:48.2667545Z [10/45 eval 5ms] Evaluation done; writing results to codeql/python-queries/Security/CWE-327/InsecureDefaultProtocol.bqrs.
2026-01-09T02:00:48.2669851Z Starting evaluation of codeql/python-queries/Security/CWE-352/CSRFProtectionDisabled.ql.
2026-01-09T02:00:48.2769929Z Starting evaluation of codeql/python-queries/Security/CWE-377/InsecureTemporaryFile.ql.
2026-01-09T02:00:48.2795014Z [11/45 eval 13ms] Evaluation done; writing results to codeql/python-queries/Security/CWE-352/CSRFProtectionDisabled.bqrs.
2026-01-09T02:00:48.3380998Z Starting evaluation of codeql/python-queries/Security/CWE-502/UnsafeDeserialization.ql.
2026-01-09T02:00:48.3399321Z [12/45 eval 73ms] Evaluation done; writing results to codeql/python-queries/Security/CWE-327/WeakSensitiveDataHashing.bqrs.
2026-01-09T02:00:48.3478942Z Starting evaluation of codeql/python-queries/Security/CWE-601/UrlRedirect.ql.
2026-01-09T02:00:48.3695970Z Starting evaluation of codeql/python-queries/Security/CWE-611/Xxe.ql.
2026-01-09T02:00:48.3965988Z Starting evaluation of codeql/python-queries/Security/CWE-614/InsecureCookie.ql.
2026-01-09T02:00:48.3969408Z Starting evaluation of codeql/python-queries/Security/CWE-643/XpathInjection.ql.
2026-01-09T02:00:48.4126790Z Starting evaluation of codeql/python-queries/Security/CWE-730/PolynomialReDoS.ql.
2026-01-09T02:00:48.4128567Z Starting evaluation of codeql/python-queries/Security/CWE-730/ReDoS.ql.
2026-01-09T02:00:48.4130622Z Starting evaluation of codeql/python-queries/Security/CWE-730/RegexInjection.ql.
2026-01-09T02:00:48.4595831Z Starting evaluation of codeql/python-queries/Security/CWE-776/XmlBomb.ql.
2026-01-09T02:00:48.4819883Z Starting evaluation of codeql/python-queries/Security/CWE-918/FullServerSideRequestForgery.ql.
2026-01-09T02:00:48.4971754Z Starting evaluation of codeql/python-queries/Security/CWE-943/NoSqlInjection.ql.
2026-01-09T02:00:48.5016172Z Starting evaluation of codeql/python-queries/Summary/LinesOfCode.ql.
2026-01-09T02:00:48.5152079Z [13/45 eval 13ms] Evaluation done; writing results to codeql/python-queries/Summary/LinesOfCode.bqrs.
2026-01-09T02:00:48.5185624Z Starting evaluation of codeql/python-queries/Summary/LinesOfUserCode.ql.
2026-01-09T02:00:48.5468225Z [14/45 eval 28ms] Evaluation done; writing results to codeql/python-queries/Summary/LinesOfUserCode.bqrs.
2026-01-09T02:00:48.7823073Z [15/45 eval 285ms] Evaluation done; writing results to codeql/python-queries/Security/CWE-943/NoSqlInjection.bqrs.
2026-01-09T02:00:48.8455484Z [16/45 eval 3.6s] Evaluation done; writing results to codeql/python-queries/Security/CWE-074/TemplateInjection.bqrs.
2026-01-09T02:00:48.8810216Z [17/45 eval 485ms] Evaluation done; writing results to codeql/python-queries/Security/CWE-643/XpathInjection.bqrs.
2026-01-09T02:00:48.9153777Z [18/45 eval 569ms] Evaluation done; writing results to codeql/python-queries/Security/CWE-601/UrlRedirect.bqrs.
2026-01-09T02:00:49.0689565Z [19/45 eval 4.7s] Evaluation done; writing results to codeql/python-queries/Security/CWE-020/IncompleteHostnameRegExp.bqrs.
2026-01-09T02:00:49.0934614Z [20/45 eval 3.9s] Evaluation done; writing results to codeql/python-queries/Security/CWE-020/OverlyLargeRange.bqrs.
2026-01-09T02:00:49.0936262Z [21/45 eval 1.3s] Evaluation done; writing results to codeql/python-queries/Security/CWE-116/BadTagFilter.bqrs.
2026-01-09T02:00:49.0937855Z [22/45 eval 682ms] Evaluation done; writing results to codeql/python-queries/Security/CWE-730/PolynomialReDoS.bqrs.
2026-01-09T02:00:49.0952296Z [23/45 eval 682ms] Evaluation done; writing results to codeql/python-queries/Security/CWE-730/ReDoS.bqrs.
2026-01-09T02:00:49.1189393Z [24/45 eval 4.9s] Evaluation done; writing results to codeql/python-queries/Security/CWE-020/CookieInjection.bqrs.
2026-01-09T02:00:49.1457254Z [25/45 eval 1.4s] Evaluation done; writing results to codeql/python-queries/Security/CWE-094/CodeInjection.bqrs.
2026-01-09T02:00:49.1673705Z [26/45 eval 798ms] Evaluation done; writing results to codeql/python-queries/Security/CWE-611/Xxe.bqrs.
2026-01-09T02:00:49.2012448Z [27/45 eval 3.8s] Evaluation done; writing results to codeql/python-queries/Security/CWE-079/ReflectedXss.bqrs.
2026-01-09T02:00:49.2709794Z [28/45 eval 3.8s] Evaluation done; writing results to codeql/python-queries/Security/CWE-089/SqlInjection.bqrs.
2026-01-09T02:00:49.2969288Z [29/45 eval 3.9s] Evaluation done; writing results to codeql/python-queries/Security/CWE-090/LdapInjection.bqrs.
2026-01-09T02:00:49.3176296Z [30/45 eval 4.1s] Evaluation done; writing results to codeql/python-queries/Security/CWE-022/PathInjection.bqrs.
2026-01-09T02:00:49.3440073Z [31/45 eval 4s] Evaluation done; writing results to codeql/python-queries/Security/CWE-078/CommandInjection.bqrs.
2026-01-09T02:00:49.3609175Z [32/45 eval 1.6s] Evaluation done; writing results to codeql/python-queries/Security/CWE-113/HeaderInjection.bqrs.
2026-01-09T02:00:49.3798778Z [33/45 eval 1.6s] Evaluation done; writing results to codeql/python-queries/Security/CWE-209/StackTraceExposure.bqrs.
2026-01-09T02:00:49.3831706Z [34/45 eval 1.6s] Evaluation done; writing results to codeql/python-queries/Security/CWE-1004/NonHttpOnlyCookie.bqrs.
2026-01-09T02:00:49.4336712Z [35/45 eval 1.6s] Evaluation done; writing results to codeql/python-queries/Security/CWE-215/FlaskDebug.bqrs.
2026-01-09T02:00:49.4338883Z [36/45 eval 1.6s] Evaluation done; writing results to codeql/python-queries/Security/CWE-285/PamAuthorization.bqrs.
2026-01-09T02:00:49.4728723Z [37/45 eval 1.6s] Evaluation done; writing results to codeql/python-queries/Security/CWE-312/CleartextStorage.bqrs.
2026-01-09T02:00:49.5031701Z [38/45 eval 1.2s] Evaluation done; writing results to codeql/python-queries/Security/CWE-502/UnsafeDeserialization.bqrs.
2026-01-09T02:00:49.5124816Z [39/45 eval 1.1s] Evaluation done; writing results to codeql/python-queries/Security/CWE-614/InsecureCookie.bqrs.
2026-01-09T02:00:49.5324542Z [40/45 eval 1.3s] Evaluation done; writing results to codeql/python-queries/Security/CWE-377/InsecureTemporaryFile.bqrs.
2026-01-09T02:00:49.5359870Z [41/45 eval 1.3s] Evaluation done; writing results to codeql/python-queries/Security/CWE-327/InsecureProtocol.bqrs.
2026-01-09T02:00:49.5360917Z [42/45 eval 1.1s] Evaluation done; writing results to codeql/python-queries/Security/CWE-776/XmlBomb.bqrs.
2026-01-09T02:00:49.5506749Z [43/45 eval 1.1s] Evaluation done; writing results to codeql/python-queries/Security/CWE-730/RegexInjection.bqrs.
2026-01-09T02:00:49.5659870Z [44/45 eval 1.7s] Evaluation done; writing results to codeql/python-queries/Security/CWE-312/CleartextLogging.bqrs.
2026-01-09T02:00:49.5844043Z [45/45 eval 1.1s] Evaluation done; writing results to codeql/python-queries/Security/CWE-918/FullServerSideRequestForgery.bqrs.
2026-01-09T02:00:49.5848962Z Shutting down query evaluator.
2026-01-09T02:00:49.7002003Z Interpreting code scanning results for python
2026-01-09T02:00:50.4246025Z Writing logs to /home/runner/work/_temp/codeql_databases/python/log/database-interpret-results-20260109.020050.421.log.
2026-01-09T02:00:50.5739876Z Recording pack reference codeql/python-queries at /opt/hostedtoolcache/CodeQL/2.23.8/x64/codeql/qlpacks/codeql/python-queries/1.7.3.
2026-01-09T02:00:50.6011276Z Resolving extensions
2026-01-09T02:00:51.6459910Z Interpreting /opt/hostedtoolcache/CodeQL/2.23.8/x64/codeql/qlpacks/codeql/python-queries/1.7.3/Security/CWE-312/CleartextLogging.ql...
2026-01-09T02:00:51.6705226Z  ... found results file at /home/runner/work/_temp/codeql_databases/python/results/codeql/python-queries/Security/CWE-312/CleartextLogging.bqrs.
2026-01-09T02:00:51.6869410Z Interpreting /opt/hostedtoolcache/CodeQL/2.23.8/x64/codeql/qlpacks/codeql/python-queries/1.7.3/Security/CWE-312/CleartextStorage.ql...
2026-01-09T02:00:51.6988534Z  ... found results file at /home/runner/work/_temp/codeql_databases/python/results/codeql/python-queries/Security/CWE-312/CleartextStorage.bqrs.
2026-01-09T02:00:51.6990519Z Interpreting /opt/hostedtoolcache/CodeQL/2.23.8/x64/codeql/qlpacks/codeql/python-queries/1.7.3/Security/CWE-020/IncompleteUrlSubstringSanitization.ql...
2026-01-09T02:00:51.7118799Z  ... found results file at /home/runner/work/_temp/codeql_databases/python/results/codeql/python-queries/Security/CWE-020/IncompleteUrlSubstringSanitization.bqrs.
2026-01-09T02:00:51.7120860Z Interpreting /opt/hostedtoolcache/CodeQL/2.23.8/x64/codeql/qlpacks/codeql/python-queries/1.7.3/Security/CWE-020/IncompleteHostnameRegExp.ql...
2026-01-09T02:00:51.7218999Z  ... found results file at /home/runner/work/_temp/codeql_databases/python/results/codeql/python-queries/Security/CWE-020/IncompleteHostnameRegExp.bqrs.
2026-01-09T02:00:51.7230003Z Interpreting /opt/hostedtoolcache/CodeQL/2.23.8/x64/codeql/qlpacks/codeql/python-queries/1.7.3/Security/CWE-020/OverlyLargeRange.ql...
2026-01-09T02:00:51.7340886Z  ... found results file at /home/runner/work/_temp/codeql_databases/python/results/codeql/python-queries/Security/CWE-020/OverlyLargeRange.bqrs.
2026-01-09T02:00:51.7350054Z Interpreting /opt/hostedtoolcache/CodeQL/2.23.8/x64/codeql/qlpacks/codeql/python-queries/1.7.3/Security/CWE-020/CookieInjection.ql...
2026-01-09T02:00:51.7445175Z  ... found results file at /home/runner/work/_temp/codeql_databases/python/results/codeql/python-queries/Security/CWE-020/CookieInjection.bqrs.
2026-01-09T02:00:51.7450803Z Interpreting /opt/hostedtoolcache/CodeQL/2.23.8/x64/codeql/qlpacks/codeql/python-queries/1.7.3/Security/CWE-1275/SameSiteNoneCookie.ql...
2026-01-09T02:00:51.7537228Z  ... found results file at /home/runner/work/_temp/codeql_databases/python/results/codeql/python-queries/Security/CWE-1275/SameSiteNoneCookie.bqrs.
2026-01-09T02:00:51.7545439Z Interpreting /opt/hostedtoolcache/CodeQL/2.23.8/x64/codeql/qlpacks/codeql/python-queries/1.7.3/Security/CWE-776/XmlBomb.ql...
2026-01-09T02:00:51.7642680Z  ... found results file at /home/runner/work/_temp/codeql_databases/python/results/codeql/python-queries/Security/CWE-776/XmlBomb.bqrs.
2026-01-09T02:00:51.7663273Z Interpreting /opt/hostedtoolcache/CodeQL/2.23.8/x64/codeql/qlpacks/codeql/python-queries/1.7.3/Security/CWE-326/WeakCryptoKey.ql...
2026-01-09T02:00:51.7763612Z  ... found results file at /home/runner/work/_temp/codeql_databases/python/results/codeql/python-queries/Security/CWE-326/WeakCryptoKey.bqrs.
2026-01-09T02:00:51.7767452Z Interpreting /opt/hostedtoolcache/CodeQL/2.23.8/x64/codeql/qlpacks/codeql/python-queries/1.7.3/Security/CWE-113/HeaderInjection.ql...
2026-01-09T02:00:51.7854320Z  ... found results file at /home/runner/work/_temp/codeql_databases/python/results/codeql/python-queries/Security/CWE-113/HeaderInjection.bqrs.
2026-01-09T02:00:51.7864141Z Interpreting /opt/hostedtoolcache/CodeQL/2.23.8/x64/codeql/qlpacks/codeql/python-queries/1.7.3/Security/CWE-601/UrlRedirect.ql...
2026-01-09T02:00:51.7954490Z  ... found results file at /home/runner/work/_temp/codeql_databases/python/results/codeql/python-queries/Security/CWE-601/UrlRedirect.bqrs.
2026-01-09T02:00:51.7956961Z Interpreting /opt/hostedtoolcache/CodeQL/2.23.8/x64/codeql/qlpacks/codeql/python-queries/1.7.3/Security/CWE-078/CommandInjection.ql...
2026-01-09T02:00:51.8034899Z  ... found results file at /home/runner/work/_temp/codeql_databases/python/results/codeql/python-queries/Security/CWE-078/CommandInjection.bqrs.
2026-01-09T02:00:51.8046807Z Interpreting /opt/hostedtoolcache/CodeQL/2.23.8/x64/codeql/qlpacks/codeql/python-queries/1.7.3/Security/CWE-295/MissingHostKeyValidation.ql...
2026-01-09T02:00:51.8125108Z  ... found results file at /home/runner/work/_temp/codeql_databases/python/results/codeql/python-queries/Security/CWE-295/MissingHostKeyValidation.bqrs.
2026-01-09T02:00:51.8152668Z Interpreting /opt/hostedtoolcache/CodeQL/2.23.8/x64/codeql/qlpacks/codeql/python-queries/1.7.3/Security/CWE-943/NoSqlInjection.ql...
2026-01-09T02:00:51.8215545Z  ... found results file at /home/runner/work/_temp/codeql_databases/python/results/codeql/python-queries/Security/CWE-943/NoSqlInjection.bqrs.
2026-01-09T02:00:51.8222101Z Interpreting /opt/hostedtoolcache/CodeQL/2.23.8/x64/codeql/qlpacks/codeql/python-queries/1.7.3/Security/CWE-643/XpathInjection.ql...
2026-01-09T02:00:51.8302383Z  ... found results file at /home/runner/work/_temp/codeql_databases/python/results/codeql/python-queries/Security/CWE-643/XpathInjection.bqrs.
2026-01-09T02:00:51.8308967Z Interpreting /opt/hostedtoolcache/CodeQL/2.23.8/x64/codeql/qlpacks/codeql/python-queries/1.7.3/Security/CWE-079/ReflectedXss.ql...
2026-01-09T02:00:51.8382252Z  ... found results file at /home/runner/work/_temp/codeql_databases/python/results/codeql/python-queries/Security/CWE-079/ReflectedXss.bqrs.
2026-01-09T02:00:51.8390843Z Interpreting /opt/hostedtoolcache/CodeQL/2.23.8/x64/codeql/qlpacks/codeql/python-queries/1.7.3/Security/CWE-089/SqlInjection.ql...
2026-01-09T02:00:51.8470046Z  ... found results file at /home/runner/work/_temp/codeql_databases/python/results/codeql/python-queries/Security/CWE-089/SqlInjection.bqrs.
2026-01-09T02:00:51.8471618Z Interpreting /opt/hostedtoolcache/CodeQL/2.23.8/x64/codeql/qlpacks/codeql/python-queries/1.7.3/Security/CVE-2018-1281/BindToAllInterfaces.ql...
2026-01-09T02:00:51.8549448Z  ... found results file at /home/runner/work/_temp/codeql_databases/python/results/codeql/python-queries/Security/CVE-2018-1281/BindToAllInterfaces.bqrs.
2026-01-09T02:00:51.8552854Z Interpreting /opt/hostedtoolcache/CodeQL/2.23.8/x64/codeql/qlpacks/codeql/python-queries/1.7.3/Security/CWE-022/PathInjection.ql...
2026-01-09T02:00:51.8620863Z  ... found results file at /home/runner/work/_temp/codeql_databases/python/results/codeql/python-queries/Security/CWE-022/PathInjection.bqrs.
2026-01-09T02:00:51.8632128Z Interpreting /opt/hostedtoolcache/CodeQL/2.23.8/x64/codeql/qlpacks/codeql/python-queries/1.7.3/Security/CWE-614/InsecureCookie.ql...
2026-01-09T02:00:51.8698503Z  ... found results file at /home/runner/work/_temp/codeql_databases/python/results/codeql/python-queries/Security/CWE-614/InsecureCookie.bqrs.
2026-01-09T02:00:51.8712156Z Interpreting /opt/hostedtoolcache/CodeQL/2.23.8/x64/codeql/qlpacks/codeql/python-queries/1.7.3/Security/CWE-1004/NonHttpOnlyCookie.ql...
2026-01-09T02:00:51.8792860Z  ... found results file at /home/runner/work/_temp/codeql_databases/python/results/codeql/python-queries/Security/CWE-1004/NonHttpOnlyCookie.bqrs.
2026-01-09T02:00:51.8794198Z Interpreting /opt/hostedtoolcache/CodeQL/2.23.8/x64/codeql/qlpacks/codeql/python-queries/1.7.3/Security/CWE-116/BadTagFilter.ql...
2026-01-09T02:00:51.8868219Z  ... found results file at /home/runner/work/_temp/codeql_databases/python/results/codeql/python-queries/Security/CWE-116/BadTagFilter.bqrs.
2026-01-09T02:00:51.8871208Z Interpreting /opt/hostedtoolcache/CodeQL/2.23.8/x64/codeql/qlpacks/codeql/python-queries/1.7.3/Security/CWE-377/InsecureTemporaryFile.ql...
2026-01-09T02:00:51.8941818Z  ... found results file at /home/runner/work/_temp/codeql_databases/python/results/codeql/python-queries/Security/CWE-377/InsecureTemporaryFile.bqrs.
2026-01-09T02:00:51.8955405Z Interpreting /opt/hostedtoolcache/CodeQL/2.23.8/x64/codeql/qlpacks/codeql/python-queries/1.7.3/Security/CWE-352/CSRFProtectionDisabled.ql...
2026-01-09T02:00:51.9013931Z  ... found results file at /home/runner/work/_temp/codeql_databases/python/results/codeql/python-queries/Security/CWE-352/CSRFProtectionDisabled.bqrs.
2026-01-09T02:00:51.9023001Z Interpreting /opt/hostedtoolcache/CodeQL/2.23.8/x64/codeql/qlpacks/codeql/python-queries/1.7.3/Security/CWE-730/ReDoS.ql...
2026-01-09T02:00:51.9092419Z  ... found results file at /home/runner/work/_temp/codeql_databases/python/results/codeql/python-queries/Security/CWE-730/ReDoS.bqrs.
2026-01-09T02:00:51.9101458Z Interpreting /opt/hostedtoolcache/CodeQL/2.23.8/x64/codeql/qlpacks/codeql/python-queries/1.7.3/Security/CWE-730/PolynomialReDoS.ql...
2026-01-09T02:00:51.9181435Z  ... found results file at /home/runner/work/_temp/codeql_databases/python/results/codeql/python-queries/Security/CWE-730/PolynomialReDoS.bqrs.
2026-01-09T02:00:51.9183724Z Interpreting /opt/hostedtoolcache/CodeQL/2.23.8/x64/codeql/qlpacks/codeql/python-queries/1.7.3/Security/CWE-730/RegexInjection.ql...
2026-01-09T02:00:51.9250667Z  ... found results file at /home/runner/work/_temp/codeql_databases/python/results/codeql/python-queries/Security/CWE-730/RegexInjection.bqrs.
2026-01-09T02:00:51.9256294Z Interpreting /opt/hostedtoolcache/CodeQL/2.23.8/x64/codeql/qlpacks/codeql/python-queries/1.7.3/Security/CWE-094/CodeInjection.ql...
2026-01-09T02:00:51.9341636Z  ... found results file at /home/runner/work/_temp/codeql_databases/python/results/codeql/python-queries/Security/CWE-094/CodeInjection.bqrs.
2026-01-09T02:00:51.9343732Z Interpreting /opt/hostedtoolcache/CodeQL/2.23.8/x64/codeql/qlpacks/codeql/python-queries/1.7.3/Security/CWE-502/UnsafeDeserialization.ql...
2026-01-09T02:00:51.9390218Z  ... found results file at /home/runner/work/_temp/codeql_databases/python/results/codeql/python-queries/Security/CWE-502/UnsafeDeserialization.bqrs.
2026-01-09T02:00:51.9400846Z Interpreting /opt/hostedtoolcache/CodeQL/2.23.8/x64/codeql/qlpacks/codeql/python-queries/1.7.3/Security/CWE-215/FlaskDebug.ql...
2026-01-09T02:00:51.9462631Z  ... found results file at /home/runner/work/_temp/codeql_databases/python/results/codeql/python-queries/Security/CWE-215/FlaskDebug.bqrs.
2026-01-09T02:00:51.9469468Z Interpreting /opt/hostedtoolcache/CodeQL/2.23.8/x64/codeql/qlpacks/codeql/python-queries/1.7.3/Security/CWE-074/TemplateInjection.ql...
2026-01-09T02:00:51.9528133Z  ... found results file at /home/runner/work/_temp/codeql_databases/python/results/codeql/python-queries/Security/CWE-074/TemplateInjection.bqrs.
2026-01-09T02:00:51.9535721Z Interpreting /opt/hostedtoolcache/CodeQL/2.23.8/x64/codeql/qlpacks/codeql/python-queries/1.7.3/Security/CWE-327/InsecureProtocol.ql...
2026-01-09T02:00:51.9609456Z  ... found results file at /home/runner/work/_temp/codeql_databases/python/results/codeql/python-queries/Security/CWE-327/InsecureProtocol.bqrs.
2026-01-09T02:00:51.9629814Z Interpreting /opt/hostedtoolcache/CodeQL/2.23.8/x64/codeql/qlpacks/codeql/python-queries/1.7.3/Security/CWE-327/InsecureDefaultProtocol.ql...
2026-01-09T02:00:51.9677282Z  ... found results file at /home/runner/work/_temp/codeql_databases/python/results/codeql/python-queries/Security/CWE-327/InsecureDefaultProtocol.bqrs.
2026-01-09T02:00:51.9685518Z Interpreting /opt/hostedtoolcache/CodeQL/2.23.8/x64/codeql/qlpacks/codeql/python-queries/1.7.3/Security/CWE-327/WeakSensitiveDataHashing.ql...
2026-01-09T02:00:51.9754603Z  ... found results file at /home/runner/work/_temp/codeql_databases/python/results/codeql/python-queries/Security/CWE-327/WeakSensitiveDataHashing.bqrs.
2026-01-09T02:00:51.9764018Z Interpreting /opt/hostedtoolcache/CodeQL/2.23.8/x64/codeql/qlpacks/codeql/python-queries/1.7.3/Security/CWE-327/BrokenCryptoAlgorithm.ql...
2026-01-09T02:00:51.9814668Z  ... found results file at /home/runner/work/_temp/codeql_databases/python/results/codeql/python-queries/Security/CWE-327/BrokenCryptoAlgorithm.bqrs.
2026-01-09T02:00:51.9826156Z Interpreting /opt/hostedtoolcache/CodeQL/2.23.8/x64/codeql/qlpacks/codeql/python-queries/1.7.3/Security/CWE-918/FullServerSideRequestForgery.ql...
2026-01-09T02:00:51.9886954Z  ... found results file at /home/runner/work/_temp/codeql_databases/python/results/codeql/python-queries/Security/CWE-918/FullServerSideRequestForgery.bqrs.
2026-01-09T02:00:51.9893164Z Interpreting /opt/hostedtoolcache/CodeQL/2.23.8/x64/codeql/qlpacks/codeql/python-queries/1.7.3/Security/CWE-090/LdapInjection.ql...
2026-01-09T02:00:51.9945191Z  ... found results file at /home/runner/work/_temp/codeql_databases/python/results/codeql/python-queries/Security/CWE-090/LdapInjection.bqrs.
2026-01-09T02:00:51.9950822Z Interpreting /opt/hostedtoolcache/CodeQL/2.23.8/x64/codeql/qlpacks/codeql/python-queries/1.7.3/Security/CWE-285/PamAuthorization.ql...
2026-01-09T02:00:52.0017835Z  ... found results file at /home/runner/work/_temp/codeql_databases/python/results/codeql/python-queries/Security/CWE-285/PamAuthorization.bqrs.
2026-01-09T02:00:52.0025458Z Interpreting /opt/hostedtoolcache/CodeQL/2.23.8/x64/codeql/qlpacks/codeql/python-queries/1.7.3/Security/CWE-209/StackTraceExposure.ql...
2026-01-09T02:00:52.0080420Z  ... found results file at /home/runner/work/_temp/codeql_databases/python/results/codeql/python-queries/Security/CWE-209/StackTraceExposure.bqrs.
2026-01-09T02:00:52.0087149Z Interpreting /opt/hostedtoolcache/CodeQL/2.23.8/x64/codeql/qlpacks/codeql/python-queries/1.7.3/Security/CWE-611/Xxe.ql...
2026-01-09T02:00:52.0135565Z  ... found results file at /home/runner/work/_temp/codeql_databases/python/results/codeql/python-queries/Security/CWE-611/Xxe.bqrs.
2026-01-09T02:00:52.0149937Z Interpreting /opt/hostedtoolcache/CodeQL/2.23.8/x64/codeql/qlpacks/codeql/python-queries/1.7.3/Expressions/UseofInput.ql...
2026-01-09T02:00:52.0199663Z  ... found results file at /home/runner/work/_temp/codeql_databases/python/results/codeql/python-queries/Expressions/UseofInput.bqrs.
2026-01-09T02:00:52.0206317Z Interpreting /opt/hostedtoolcache/CodeQL/2.23.8/x64/codeql/qlpacks/codeql/python-queries/1.7.3/Diagnostics/ExtractionWarnings.ql...
2026-01-09T02:00:52.0267881Z  ... found results file at /home/runner/work/_temp/codeql_databases/python/results/codeql/python-queries/Diagnostics/ExtractionWarnings.bqrs.
2026-01-09T02:00:52.0278420Z Interpreting /opt/hostedtoolcache/CodeQL/2.23.8/x64/codeql/qlpacks/codeql/python-queries/1.7.3/Diagnostics/ExtractedFiles.ql...
2026-01-09T02:00:52.0343187Z  ... found results file at /home/runner/work/_temp/codeql_databases/python/results/codeql/python-queries/Diagnostics/ExtractedFiles.bqrs.
2026-01-09T02:00:52.0347551Z Interpreting /opt/hostedtoolcache/CodeQL/2.23.8/x64/codeql/qlpacks/codeql/python-queries/1.7.3/Summary/LinesOfUserCode.ql...
2026-01-09T02:00:52.0412416Z  ... found results file at /home/runner/work/_temp/codeql_databases/python/results/codeql/python-queries/Summary/LinesOfUserCode.bqrs.
2026-01-09T02:00:52.0414000Z Interpreting /opt/hostedtoolcache/CodeQL/2.23.8/x64/codeql/qlpacks/codeql/python-queries/1.7.3/Summary/LinesOfCode.ql...
2026-01-09T02:00:52.0471637Z  ... found results file at /home/runner/work/_temp/codeql_databases/python/results/codeql/python-queries/Summary/LinesOfCode.bqrs.
2026-01-09T02:00:52.1055533Z Interpreted pathproblem query "Clear-text logging of sensitive information" (py/clear-text-logging-sensitive-data) at path /home/runner/work/_temp/codeql_databases/python/results/codeql/python-queries/Security/CWE-312/CleartextLogging.bqrs.
2026-01-09T02:00:52.1069463Z Interpreted pathproblem query "Clear-text storage of sensitive information" (py/clear-text-storage-sensitive-data) at path /home/runner/work/_temp/codeql_databases/python/results/codeql/python-queries/Security/CWE-312/CleartextStorage.bqrs.
2026-01-09T02:00:52.1078410Z Interpreted problem query "Incomplete URL substring sanitization" (py/incomplete-url-substring-sanitization) at path /home/runner/work/_temp/codeql_databases/python/results/codeql/python-queries/Security/CWE-020/IncompleteUrlSubstringSanitization.bqrs.
2026-01-09T02:00:52.1081314Z Interpreted problem query "Incomplete regular expression for hostnames" (py/incomplete-hostname-regexp) at path /home/runner/work/_temp/codeql_databases/python/results/codeql/python-queries/Security/CWE-020/IncompleteHostnameRegExp.bqrs.
2026-01-09T02:00:52.1083913Z Interpreted problem query "Overly permissive regular expression range" (py/overly-large-range) at path /home/runner/work/_temp/codeql_databases/python/results/codeql/python-queries/Security/CWE-020/OverlyLargeRange.bqrs.
2026-01-09T02:00:52.1086390Z Interpreted pathproblem query "Construction of a cookie using user-supplied input" (py/cookie-injection) at path /home/runner/work/_temp/codeql_databases/python/results/codeql/python-queries/Security/CWE-020/CookieInjection.bqrs.
2026-01-09T02:00:52.1089238Z Interpreted problem query "Sensitive cookie with `SameSite` attribute set to `None`" (py/samesite-none-cookie) at path /home/runner/work/_temp/codeql_databases/python/results/codeql/python-queries/Security/CWE-1275/SameSiteNoneCookie.bqrs.
2026-01-09T02:00:52.1091620Z Interpreted pathproblem query "XML internal entity expansion" (py/xml-bomb) at path /home/runner/work/_temp/codeql_databases/python/results/codeql/python-queries/Security/CWE-776/XmlBomb.bqrs.
2026-01-09T02:00:52.1101445Z Interpreted problem query "Use of weak cryptographic key" (py/weak-crypto-key) at path /home/runner/work/_temp/codeql_databases/python/results/codeql/python-queries/Security/CWE-326/WeakCryptoKey.bqrs.
2026-01-09T02:00:52.1105019Z Interpreted pathproblem query "HTTP Response Splitting" (py/http-response-splitting) at path /home/runner/work/_temp/codeql_databases/python/results/codeql/python-queries/Security/CWE-113/HeaderInjection.bqrs.
2026-01-09T02:00:52.1108626Z Interpreted pathproblem query "URL redirection from remote source" (py/url-redirection) at path /home/runner/work/_temp/codeql_databases/python/results/codeql/python-queries/Security/CWE-601/UrlRedirect.bqrs.
2026-01-09T02:00:52.1112310Z Interpreted pathproblem query "Uncontrolled command line" (py/command-line-injection) at path /home/runner/work/_temp/codeql_databases/python/results/codeql/python-queries/Security/CWE-078/CommandInjection.bqrs.
2026-01-09T02:00:52.1115126Z Interpreted problem query "Accepting unknown SSH host keys when using Paramiko" (py/paramiko-missing-host-key-validation) at path /home/runner/work/_temp/codeql_databases/python/results/codeql/python-queries/Security/CWE-295/MissingHostKeyValidation.bqrs.
2026-01-09T02:00:52.1117540Z Interpreted pathproblem query "NoSQL Injection" (py/nosql-injection) at path /home/runner/work/_temp/codeql_databases/python/results/codeql/python-queries/Security/CWE-943/NoSqlInjection.bqrs.
2026-01-09T02:00:52.1120020Z Interpreted pathproblem query "XPath query built from user-controlled sources" (py/xpath-injection) at path /home/runner/work/_temp/codeql_databases/python/results/codeql/python-queries/Security/CWE-643/XpathInjection.bqrs.
2026-01-09T02:00:52.1123986Z Interpreted pathproblem query "Reflected server-side cross-site scripting" (py/reflective-xss) at path /home/runner/work/_temp/codeql_databases/python/results/codeql/python-queries/Security/CWE-079/ReflectedXss.bqrs.
2026-01-09T02:00:52.1126635Z Interpreted pathproblem query "SQL query built from user-controlled sources" (py/sql-injection) at path /home/runner/work/_temp/codeql_databases/python/results/codeql/python-queries/Security/CWE-089/SqlInjection.bqrs.
2026-01-09T02:00:52.1129898Z Interpreted problem query "Binding a socket to all network interfaces" (py/bind-socket-all-network-interfaces) at path /home/runner/work/_temp/codeql_databases/python/results/codeql/python-queries/Security/CVE-2018-1281/BindToAllInterfaces.bqrs.
2026-01-09T02:00:52.1134258Z Interpreted pathproblem query "Uncontrolled data used in path expression" (py/path-injection) at path /home/runner/work/_temp/codeql_databases/python/results/codeql/python-queries/Security/CWE-022/PathInjection.bqrs.
2026-01-09T02:00:52.1138319Z Interpreted problem query "Failure to use secure cookies" (py/insecure-cookie) at path /home/runner/work/_temp/codeql_databases/python/results/codeql/python-queries/Security/CWE-614/InsecureCookie.bqrs.
2026-01-09T02:00:52.1144299Z Interpreted problem query "Sensitive cookie missing `HttpOnly` attribute" (py/client-exposed-cookie) at path /home/runner/work/_temp/codeql_databases/python/results/codeql/python-queries/Security/CWE-1004/NonHttpOnlyCookie.bqrs.
2026-01-09T02:00:52.1148076Z Interpreted problem query "Bad HTML filtering regexp" (py/bad-tag-filter) at path /home/runner/work/_temp/codeql_databases/python/results/codeql/python-queries/Security/CWE-116/BadTagFilter.bqrs.
2026-01-09T02:00:52.1150343Z Interpreted problem query "Insecure temporary file" (py/insecure-temporary-file) at path /home/runner/work/_temp/codeql_databases/python/results/codeql/python-queries/Security/CWE-377/InsecureTemporaryFile.bqrs.
2026-01-09T02:00:52.1155253Z Interpreted problem query "CSRF protection weakened or disabled" (py/csrf-protection-disabled) at path /home/runner/work/_temp/codeql_databases/python/results/codeql/python-queries/Security/CWE-352/CSRFProtectionDisabled.bqrs.
2026-01-09T02:00:52.1157882Z Interpreted problem query "Inefficient regular expression" (py/redos) at path /home/runner/work/_temp/codeql_databases/python/results/codeql/python-queries/Security/CWE-730/ReDoS.bqrs.
2026-01-09T02:00:52.1163781Z Interpreted pathproblem query "Polynomial regular expression used on uncontrolled data" (py/polynomial-redos) at path /home/runner/work/_temp/codeql_databases/python/results/codeql/python-queries/Security/CWE-730/PolynomialReDoS.bqrs.
2026-01-09T02:00:52.1169218Z Interpreted pathproblem query "Regular expression injection" (py/regex-injection) at path /home/runner/work/_temp/codeql_databases/python/results/codeql/python-queries/Security/CWE-730/RegexInjection.bqrs.
2026-01-09T02:00:52.1171067Z Interpreted pathproblem query "Code injection" (py/code-injection) at path /home/runner/work/_temp/codeql_databases/python/results/codeql/python-queries/Security/CWE-094/CodeInjection.bqrs.
2026-01-09T02:00:52.1172938Z Interpreted pathproblem query "Deserialization of user-controlled data" (py/unsafe-deserialization) at path /home/runner/work/_temp/codeql_databases/python/results/codeql/python-queries/Security/CWE-502/UnsafeDeserialization.bqrs.
2026-01-09T02:00:52.1174850Z Interpreted problem query "Flask app is run in debug mode" (py/flask-debug) at path /home/runner/work/_temp/codeql_databases/python/results/codeql/python-queries/Security/CWE-215/FlaskDebug.bqrs.
2026-01-09T02:00:52.1180845Z Interpreted pathproblem query "Server Side Template Injection" (py/template-injection) at path /home/runner/work/_temp/codeql_databases/python/results/codeql/python-queries/Security/CWE-074/TemplateInjection.bqrs.
2026-01-09T02:00:52.1190806Z Interpreted problem query "Use of insecure SSL/TLS version" (py/insecure-protocol) at path /home/runner/work/_temp/codeql_databases/python/results/codeql/python-queries/Security/CWE-327/InsecureProtocol.bqrs.
2026-01-09T02:00:52.1194534Z Interpreted problem query "Default version of SSL/TLS may be insecure" (py/insecure-default-protocol) at path /home/runner/work/_temp/codeql_databases/python/results/codeql/python-queries/Security/CWE-327/InsecureDefaultProtocol.bqrs.
2026-01-09T02:00:52.1197452Z Interpreted pathproblem query "Use of a broken or weak cryptographic hashing algorithm on sensitive data" (py/weak-sensitive-data-hashing) at path /home/runner/work/_temp/codeql_databases/python/results/codeql/python-queries/Security/CWE-327/WeakSensitiveDataHashing.bqrs.
2026-01-09T02:00:52.1220113Z Interpreted problem query "Use of a broken or weak cryptographic algorithm" (py/weak-cryptographic-algorithm) at path /home/runner/work/_temp/codeql_databases/python/results/codeql/python-queries/Security/CWE-327/BrokenCryptoAlgorithm.bqrs.
2026-01-09T02:00:52.1222978Z Interpreted pathproblem query "Full server-side request forgery" (py/full-ssrf) at path /home/runner/work/_temp/codeql_databases/python/results/codeql/python-queries/Security/CWE-918/FullServerSideRequestForgery.bqrs.
2026-01-09T02:00:52.1225588Z Interpreted pathproblem query "LDAP query built from user-controlled sources" (py/ldap-injection) at path /home/runner/work/_temp/codeql_databases/python/results/codeql/python-queries/Security/CWE-090/LdapInjection.bqrs.
2026-01-09T02:00:52.1228359Z Interpreted pathproblem query "PAM authorization bypass due to incorrect usage" (py/pam-auth-bypass) at path /home/runner/work/_temp/codeql_databases/python/results/codeql/python-queries/Security/CWE-285/PamAuthorization.bqrs.
2026-01-09T02:00:52.1231116Z Interpreted pathproblem query "Information exposure through an exception" (py/stack-trace-exposure) at path /home/runner/work/_temp/codeql_databases/python/results/codeql/python-queries/Security/CWE-209/StackTraceExposure.bqrs.
2026-01-09T02:00:52.1234110Z Interpreted pathproblem query "XML external entity expansion" (py/xxe) at path /home/runner/work/_temp/codeql_databases/python/results/codeql/python-queries/Security/CWE-611/Xxe.bqrs.
2026-01-09T02:00:52.1236081Z Interpreted problem query "'input' function used in Python 2" (py/use-of-input) at path /home/runner/work/_temp/codeql_databases/python/results/codeql/python-queries/Expressions/UseofInput.bqrs.
2026-01-09T02:00:52.1240806Z Interpreted diagnostic query "Python extraction warnings" (py/diagnostics/extraction-warnings) at path /home/runner/work/_temp/codeql_databases/python/results/codeql/python-queries/Diagnostics/ExtractionWarnings.bqrs.
2026-01-09T02:00:52.1243619Z Interpreted diagnostic query "Extracted Python files" (py/diagnostics/successfully-extracted-files) at path /home/runner/work/_temp/codeql_databases/python/results/codeql/python-queries/Diagnostics/ExtractedFiles.bqrs.
2026-01-09T02:00:52.1253471Z Interpreted metric query "Total lines of user written Python code in the database" (py/summary/lines-of-user-code) at path /home/runner/work/_temp/codeql_databases/python/results/codeql/python-queries/Summary/LinesOfUserCode.bqrs.
2026-01-09T02:00:52.1257619Z Interpreted metric query "Total lines of Python code in the database" (py/summary/lines-of-code) at path /home/runner/work/_temp/codeql_databases/python/results/codeql/python-queries/Summary/LinesOfCode.bqrs.
2026-01-09T02:00:52.1259973Z Reading source archive /home/runner/work/_temp/codeql_databases/python/src.zip
2026-01-09T02:00:52.2412208Z Interpreting file coverage baseline information
2026-01-09T02:00:52.2431092Z Finished interpreting file coverage baseline information.
2026-01-09T02:00:52.2433013Z Interpreting diagnostic messages...
2026-01-09T02:00:52.2846569Z Found 3 raw diagnostic messages.
2026-01-09T02:00:52.2944283Z Processed diagnostic messages (removed 0 due to limits, created 0 summary diagnostics for status page).
2026-01-09T02:00:52.2970356Z Interpreted diagnostic messages (51ms).
2026-01-09T02:00:52.5234964Z Exporting results to SARIF...
2026-01-09T02:00:52.6770115Z Exported results to SARIF (153ms).
2026-01-09T02:00:52.7072653Z ##[endgroup]
2026-01-09T02:00:52.7073805Z CodeQL scanned 9 out of 9 Python files and 5 out of 5 GitHub Actions files in this invocation. Check the status page for overall coverage information: https://github.com/Boss-1s/scratchattach/security/code-scanning/tools/CodeQL/status/
2026-01-09T02:00:52.7074808Z 
2026-01-09T02:00:52.7083009Z Post-processing sarif files: ["/home/runner/work/scratchattach/results/python.sarif"]
2026-01-09T02:00:52.7137577Z Adding fingerprints to SARIF file. See https://docs.github.com/en/enterprise-cloud@latest/code-security/code-scanning/integrating-with-code-scanning/sarif-support-for-code-scanning#providing-data-to-track-code-scanning-alerts-across-runs for more information.
2026-01-09T02:00:52.7139083Z ##[group]Uploading code scanning results
2026-01-09T02:00:52.7264423Z Uploading results
2026-01-09T02:00:53.6338432Z Successfully uploaded results
2026-01-09T02:00:53.6339079Z ##[endgroup]
2026-01-09T02:00:53.6345070Z ##[group]Cleaning up databases
2026-01-09T02:00:53.6346877Z [command]/opt/hostedtoolcache/CodeQL/2.23.8/x64/codeql/codeql database cleanup /home/runner/work/_temp/codeql_databases/python --cache-cleanup=clear
2026-01-09T02:00:54.3736449Z Cleaning up existing TRAP files after import...
2026-01-09T02:00:54.3781971Z TRAP files cleaned up (3ms).
2026-01-09T02:00:54.3783846Z Cleaning up scratch directory...
2026-01-09T02:00:54.3785158Z Scratch directory cleaned up (0ms).
2026-01-09T02:00:54.4282905Z ##[endgroup]
2026-01-09T02:00:54.4292261Z [command]/opt/hostedtoolcache/CodeQL/2.23.8/x64/codeql/codeql database bundle /home/runner/work/_temp/codeql_databases/python --output=/home/runner/work/_temp/codeql_databases/python.zip --name=python
2026-01-09T02:00:55.3631683Z Creating bundle metadata for /home/runner/work/_temp/codeql_databases/python...
2026-01-09T02:00:55.7328316Z Creating zip file at /home/runner/work/_temp/codeql_databases/python.zip.
2026-01-09T02:00:56.6983572Z Skipping upload of dependency cache for python as we have no caching configuration for it.
2026-01-09T02:00:56.6985431Z ##[group]Waiting for processing to finish
2026-01-09T02:00:56.8784490Z Analysis upload status is complete.
2026-01-09T02:00:56.8785099Z ##[endgroup]
2026-01-09T02:00:57.1148446Z Post job cleanup.
2026-01-09T02:00:58.0148072Z Post job cleanup.
2026-01-09T02:00:58.2414301Z Post job cleanup.
2026-01-09T02:00:59.4203270Z CodeQL job status was success.
2026-01-09T02:00:59.4212506Z Sending status report for init-post step.
2026-01-09T02:00:59.6889801Z Status report sent for init-post step.
2026-01-09T02:00:59.7021911Z Post job cleanup.
2026-01-09T02:00:59.8001663Z [command]/usr/bin/git version
2026-01-09T02:00:59.8039586Z git version 2.52.0
2026-01-09T02:00:59.8088741Z Temporarily overriding HOME='/home/runner/work/_temp/606efece-e896-49e2-a83a-4a10ac735648' before making global git config changes
2026-01-09T02:00:59.8089872Z Adding repository directory to the temporary git global config as a safe directory
2026-01-09T02:00:59.8104060Z [command]/usr/bin/git config --global --add safe.directory /home/runner/work/scratchattach/scratchattach
2026-01-09T02:00:59.8161250Z [command]/usr/bin/git config --local --name-only --get-regexp core\.sshCommand
2026-01-09T02:00:59.8196191Z [command]/usr/bin/git submodule foreach --recursive sh -c "git config --local --name-only --get-regexp 'core\.sshCommand' && git config --local --unset-all 'core.sshCommand' || :"
2026-01-09T02:00:59.8536752Z [command]/usr/bin/git config --local --name-only --get-regexp http\.https\:\/\/github\.com\/\.extraheader
2026-01-09T02:00:59.8564013Z http.https://github.com/.extraheader
2026-01-09T02:00:59.8605525Z [command]/usr/bin/git config --local --unset-all http.https://github.com/.extraheader
2026-01-09T02:00:59.8641953Z [command]/usr/bin/git submodule foreach --recursive sh -c "git config --local --name-only --get-regexp 'http\.https\:\/\/github\.com\/\.extraheader' && git config --local --unset-all 'http.https://github.com/.extraheader' || :"
2026-01-09T02:00:59.8873346Z [command]/usr/bin/git config --local --name-only --get-regexp ^includeIf\.gitdir:
2026-01-09T02:00:59.8907995Z [command]/usr/bin/git submodule foreach --recursive git config --local --show-origin --name-only --get-regexp remote.origin.url
2026-01-09T02:00:59.9238546Z Cleaning up orphan processes
