2025-09-09T01:18:30.2985122Z Current runner version: '2.328.0'
2025-09-09T01:18:30.3011175Z ##[group]Runner Image Provisioner
2025-09-09T01:18:30.3012018Z Hosted Compute Agent
2025-09-09T01:18:30.3012537Z Version: 20250908.385
2025-09-09T01:18:30.3013229Z Commit: cfce01a78eb650f23de9981e2e79cb8dc83e6056
2025-09-09T01:18:30.3013926Z Build Date: 2025-09-08T16:07:37Z
2025-09-09T01:18:30.3014479Z ##[endgroup]
2025-09-09T01:18:30.3015111Z ##[group]Operating System
2025-09-09T01:18:30.3015623Z Ubuntu
2025-09-09T01:18:30.3016079Z 24.04.3
2025-09-09T01:18:30.3016583Z LTS
2025-09-09T01:18:30.3017004Z ##[endgroup]
2025-09-09T01:18:30.3017487Z ##[group]Runner Image
2025-09-09T01:18:30.3018092Z Image: ubuntu-24.04
2025-09-09T01:18:30.3018564Z Version: 20250831.1.0
2025-09-09T01:18:30.3019562Z Included Software: https://github.com/actions/runner-images/blob/ubuntu24/20250831.1/images/ubuntu/Ubuntu2404-Readme.md
2025-09-09T01:18:30.3021392Z Image Release: https://github.com/actions/runner-images/releases/tag/ubuntu24%2F20250831.1
2025-09-09T01:18:30.3022416Z ##[endgroup]
2025-09-09T01:18:30.3024885Z ##[group]GITHUB_TOKEN Permissions
2025-09-09T01:18:30.3026865Z Actions: write
2025-09-09T01:18:30.3027514Z Attestations: write
2025-09-09T01:18:30.3028003Z Checks: write
2025-09-09T01:18:30.3028528Z Contents: write
2025-09-09T01:18:30.3029031Z Deployments: write
2025-09-09T01:18:30.3029570Z Discussions: write
2025-09-09T01:18:30.3030064Z Issues: write
2025-09-09T01:18:30.3030539Z Metadata: read
2025-09-09T01:18:30.3031237Z Models: read
2025-09-09T01:18:30.3031768Z Packages: write
2025-09-09T01:18:30.3032271Z Pages: write
2025-09-09T01:18:30.3032781Z PullRequests: write
2025-09-09T01:18:30.3033291Z RepositoryProjects: write
2025-09-09T01:18:30.3033993Z SecurityEvents: write
2025-09-09T01:18:30.3034636Z Statuses: write
2025-09-09T01:18:30.3035129Z ##[endgroup]
2025-09-09T01:18:30.3037712Z Secret source: Actions
2025-09-09T01:18:30.3038658Z Prepare workflow directory
2025-09-09T01:18:30.3425826Z Prepare all required actions
2025-09-09T01:18:30.3479452Z Getting action download info
2025-09-09T01:18:30.8165204Z Download action repository 'actions/checkout@v5.0.0' (SHA:08c6903cd8c0fde910a37f88322edcfb5dd907a8)
2025-09-09T01:18:30.9735033Z Download action repository 'actions/setup-python@v6.0.0' (SHA:e797f83bcb11b83ae66e0230d6156d7c80228e7c)
2025-09-09T01:18:31.6083571Z Download action repository 'bossOfCode/install-scratchattach@v1.0.3' (SHA:be17a7cf1ecb5a7040eb42ef26c2e1fbe72bb25a)
2025-09-09T01:18:32.1345283Z Complete job name: Run 1
2025-09-09T01:18:32.2110307Z ##[group]Run actions/checkout@v5.0.0
2025-09-09T01:18:32.2111677Z with:
2025-09-09T01:18:32.2112157Z   ref: main
2025-09-09T01:18:32.2112690Z   repository: Boss-1s/scratchattach
2025-09-09T01:18:32.2113672Z   token: ***
2025-09-09T01:18:32.2114182Z   ssh-strict: true
2025-09-09T01:18:32.2114714Z   ssh-user: git
2025-09-09T01:18:32.2115264Z   persist-credentials: true
2025-09-09T01:18:32.2115889Z   clean: true
2025-09-09T01:18:32.2116429Z   sparse-checkout-cone-mode: true
2025-09-09T01:18:32.2117145Z   fetch-depth: 1
2025-09-09T01:18:32.2117699Z   fetch-tags: false
2025-09-09T01:18:32.2118260Z   show-progress: true
2025-09-09T01:18:32.2118829Z   lfs: false
2025-09-09T01:18:32.2119320Z   submodules: false
2025-09-09T01:18:32.2119874Z   set-safe-directory: true
2025-09-09T01:18:32.2120861Z ##[endgroup]
2025-09-09T01:18:32.3109561Z Syncing repository: Boss-1s/scratchattach
2025-09-09T01:18:32.3112420Z ##[group]Getting Git version info
2025-09-09T01:18:32.3113685Z Working directory is '/home/runner/work/scratchattach/scratchattach'
2025-09-09T01:18:32.3115422Z [command]/usr/bin/git version
2025-09-09T01:18:32.3163187Z git version 2.51.0
2025-09-09T01:18:32.3185674Z ##[endgroup]
2025-09-09T01:18:32.3203438Z Temporarily overriding HOME='/home/runner/work/_temp/78d6de85-bfca-426d-87b3-be662c3c6500' before making global git config changes
2025-09-09T01:18:32.3207612Z Adding repository directory to the temporary git global config as a safe directory
2025-09-09T01:18:32.3211185Z [command]/usr/bin/git config --global --add safe.directory /home/runner/work/scratchattach/scratchattach
2025-09-09T01:18:32.3251579Z Deleting the contents of '/home/runner/work/scratchattach/scratchattach'
2025-09-09T01:18:32.3255177Z ##[group]Initializing the repository
2025-09-09T01:18:32.3261000Z [command]/usr/bin/git init /home/runner/work/scratchattach/scratchattach
2025-09-09T01:18:32.3395455Z hint: Using 'master' as the name for the initial branch. This default branch name
2025-09-09T01:18:32.3397966Z hint: is subject to change. To configure the initial branch name to use in all
2025-09-09T01:18:32.3400119Z hint: of your new repositories, which will suppress this warning, call:
2025-09-09T01:18:32.3402223Z hint:
2025-09-09T01:18:32.3403410Z hint: 	git config --global init.defaultBranch <name>
2025-09-09T01:18:32.3404879Z hint:
2025-09-09T01:18:32.3406244Z hint: Names commonly chosen instead of 'master' are 'main', 'trunk' and
2025-09-09T01:18:32.3409109Z hint: 'development'. The just-created branch can be renamed via this command:
2025-09-09T01:18:32.3411302Z hint:
2025-09-09T01:18:32.3412248Z hint: 	git branch -m <name>
2025-09-09T01:18:32.3413315Z hint:
2025-09-09T01:18:32.3414847Z hint: Disable this message with "git config set advice.defaultBranchName false"
2025-09-09T01:18:32.3417595Z Initialized empty Git repository in /home/runner/work/scratchattach/scratchattach/.git/
2025-09-09T01:18:32.3422099Z [command]/usr/bin/git remote add origin https://github.com/Boss-1s/scratchattach
2025-09-09T01:18:32.3458314Z ##[endgroup]
2025-09-09T01:18:32.3459969Z ##[group]Disabling automatic garbage collection
2025-09-09T01:18:32.3462473Z [command]/usr/bin/git config --local gc.auto 0
2025-09-09T01:18:32.3497478Z ##[endgroup]
2025-09-09T01:18:32.3499168Z ##[group]Setting up auth
2025-09-09T01:18:32.3508103Z [command]/usr/bin/git config --local --name-only --get-regexp core\.sshCommand
2025-09-09T01:18:32.3548659Z [command]/usr/bin/git submodule foreach --recursive sh -c "git config --local --name-only --get-regexp 'core\.sshCommand' && git config --local --unset-all 'core.sshCommand' || :"
2025-09-09T01:18:32.3918379Z [command]/usr/bin/git config --local --name-only --get-regexp http\.https\:\/\/github\.com\/\.extraheader
2025-09-09T01:18:32.3956679Z [command]/usr/bin/git submodule foreach --recursive sh -c "git config --local --name-only --get-regexp 'http\.https\:\/\/github\.com\/\.extraheader' && git config --local --unset-all 'http.https://github.com/.extraheader' || :"
2025-09-09T01:18:32.4209239Z [command]/usr/bin/git config --local http.https://github.com/.extraheader AUTHORIZATION: basic ***
2025-09-09T01:18:32.4244096Z ##[endgroup]
2025-09-09T01:18:32.4245827Z ##[group]Fetching the repository
2025-09-09T01:18:32.4254951Z [command]/usr/bin/git -c protocol.version=2 fetch --no-tags --prune --no-recurse-submodules --depth=1 origin +refs/heads/main*:refs/remotes/origin/main* +refs/tags/main*:refs/tags/main*
2025-09-09T01:18:33.2533038Z From https://github.com/Boss-1s/scratchattach
2025-09-09T01:18:33.2535448Z  * [new branch]      main       -> origin/main
2025-09-09T01:18:33.2563969Z ##[endgroup]
2025-09-09T01:18:33.2565010Z ##[group]Determining the checkout info
2025-09-09T01:18:33.2571438Z [command]/usr/bin/git branch --list --remote origin/main
2025-09-09T01:18:33.2594691Z   origin/main
2025-09-09T01:18:33.2600632Z ##[endgroup]
2025-09-09T01:18:33.2605148Z [command]/usr/bin/git sparse-checkout disable
2025-09-09T01:18:33.2647786Z [command]/usr/bin/git config --local --unset-all extensions.worktreeConfig
2025-09-09T01:18:33.2676132Z ##[group]Checking out the ref
2025-09-09T01:18:33.2678805Z [command]/usr/bin/git checkout --progress --force -B main refs/remotes/origin/main
2025-09-09T01:18:33.3427069Z Switched to a new branch 'main'
2025-09-09T01:18:33.3428661Z branch 'main' set up to track 'origin/main'.
2025-09-09T01:18:33.3443331Z ##[endgroup]
2025-09-09T01:18:33.3483002Z [command]/usr/bin/git log -1 --format=%H
2025-09-09T01:18:33.3506158Z adc021de68102d448f7956d888875f3b7de2c741
2025-09-09T01:18:33.3795481Z ##[group]Run actions/setup-python@v6.0.0
2025-09-09T01:18:33.3796710Z with:
2025-09-09T01:18:33.3797399Z   python-version: 3.13
2025-09-09T01:18:33.3798178Z   check-latest: false
2025-09-09T01:18:33.3799188Z   token: ***
2025-09-09T01:18:33.3799906Z   update-environment: true
2025-09-09T01:18:33.3800967Z   allow-prereleases: false
2025-09-09T01:18:33.3801817Z   freethreaded: false
2025-09-09T01:18:33.3802557Z ##[endgroup]
2025-09-09T01:18:33.5097770Z ##[group]Installed versions
2025-09-09T01:18:33.5186539Z (node:2064) [DEP0040] DeprecationWarning: The `punycode` module is deprecated. Please use a userland alternative instead.
2025-09-09T01:18:33.5189002Z (Use `node --trace-deprecation ...` to show where the warning was created)
2025-09-09T01:18:33.5191248Z Successfully set up CPython (3.13.7)
2025-09-09T01:18:33.5193544Z ##[endgroup]
2025-09-09T01:18:33.5369235Z ##[group]Run bossOfCode/install-scratchattach@v1.0.3
2025-09-09T01:18:33.5370250Z env:
2025-09-09T01:18:33.5371344Z   pythonLocation: /opt/hostedtoolcache/Python/3.13.7/x64
2025-09-09T01:18:33.5372695Z   PKG_CONFIG_PATH: /opt/hostedtoolcache/Python/3.13.7/x64/lib/pkgconfig
2025-09-09T01:18:33.5373991Z   Python_ROOT_DIR: /opt/hostedtoolcache/Python/3.13.7/x64
2025-09-09T01:18:33.5375164Z   Python2_ROOT_DIR: /opt/hostedtoolcache/Python/3.13.7/x64
2025-09-09T01:18:33.5376357Z   Python3_ROOT_DIR: /opt/hostedtoolcache/Python/3.13.7/x64
2025-09-09T01:18:33.5377556Z   LD_LIBRARY_PATH: /opt/hostedtoolcache/Python/3.13.7/x64/lib
2025-09-09T01:18:33.5378563Z ##[endgroup]
2025-09-09T01:18:33.5475049Z ##[group]Run python3 -m pip install --upgrade pip
2025-09-09T01:18:33.5476232Z [36;1mpython3 -m pip install --upgrade pip[0m
2025-09-09T01:18:33.5546634Z shell: /usr/bin/bash --noprofile --norc -e -o pipefail {0}
2025-09-09T01:18:33.5547683Z env:
2025-09-09T01:18:33.5548550Z   pythonLocation: /opt/hostedtoolcache/Python/3.13.7/x64
2025-09-09T01:18:33.5549860Z   PKG_CONFIG_PATH: /opt/hostedtoolcache/Python/3.13.7/x64/lib/pkgconfig
2025-09-09T01:18:33.5551376Z   Python_ROOT_DIR: /opt/hostedtoolcache/Python/3.13.7/x64
2025-09-09T01:18:33.5552565Z   Python2_ROOT_DIR: /opt/hostedtoolcache/Python/3.13.7/x64
2025-09-09T01:18:33.5553750Z   Python3_ROOT_DIR: /opt/hostedtoolcache/Python/3.13.7/x64
2025-09-09T01:18:33.5554930Z   LD_LIBRARY_PATH: /opt/hostedtoolcache/Python/3.13.7/x64/lib
2025-09-09T01:18:33.5555940Z ##[endgroup]
2025-09-09T01:18:34.6029058Z Requirement already satisfied: pip in /opt/hostedtoolcache/Python/3.13.7/x64/lib/python3.13/site-packages (25.2)
2025-09-09T01:18:34.7969173Z ##[group]Run pip install -U scratchattach
2025-09-09T01:18:34.7969534Z [36;1mpip install -U scratchattach[0m
2025-09-09T01:18:34.8001936Z shell: /usr/bin/bash --noprofile --norc -e -o pipefail {0}
2025-09-09T01:18:34.8002284Z env:
2025-09-09T01:18:34.8002546Z   pythonLocation: /opt/hostedtoolcache/Python/3.13.7/x64
2025-09-09T01:18:34.8002946Z   PKG_CONFIG_PATH: /opt/hostedtoolcache/Python/3.13.7/x64/lib/pkgconfig
2025-09-09T01:18:34.8003330Z   Python_ROOT_DIR: /opt/hostedtoolcache/Python/3.13.7/x64
2025-09-09T01:18:34.8003671Z   Python2_ROOT_DIR: /opt/hostedtoolcache/Python/3.13.7/x64
2025-09-09T01:18:34.8004028Z   Python3_ROOT_DIR: /opt/hostedtoolcache/Python/3.13.7/x64
2025-09-09T01:18:34.8004403Z   LD_LIBRARY_PATH: /opt/hostedtoolcache/Python/3.13.7/x64/lib
2025-09-09T01:18:34.8004695Z ##[endgroup]
2025-09-09T01:18:35.3350109Z Collecting scratchattach
2025-09-09T01:18:35.3720939Z   Downloading scratchattach-2.1.13-py3-none-any.whl.metadata (5.5 kB)
2025-09-09T01:18:35.3942692Z Collecting websocket-client (from scratchattach)
2025-09-09T01:18:35.4014576Z   Downloading websocket_client-1.8.0-py3-none-any.whl.metadata (8.0 kB)
2025-09-09T01:18:35.4308825Z Collecting requests (from scratchattach)
2025-09-09T01:18:35.4353088Z   Downloading requests-2.32.5-py3-none-any.whl.metadata (4.9 kB)
2025-09-09T01:18:35.4543758Z Collecting bs4 (from scratchattach)
2025-09-09T01:18:35.4577940Z   Downloading bs4-0.0.2-py2.py3-none-any.whl.metadata (411 bytes)
2025-09-09T01:18:35.5342631Z Collecting SimpleWebSocketServer (from scratchattach)
2025-09-09T01:18:35.5412909Z   Downloading SimpleWebSocketServer-0.1.2.tar.gz (10 kB)
2025-09-09T01:18:35.5517757Z   Installing build dependencies: started
2025-09-09T01:18:36.3023553Z   Installing build dependencies: finished with status 'done'
2025-09-09T01:18:36.3031134Z   Getting requirements to build wheel: started
2025-09-09T01:18:36.6872128Z   Getting requirements to build wheel: finished with status 'done'
2025-09-09T01:18:36.6881163Z   Preparing metadata (pyproject.toml): started
2025-09-09T01:18:36.8799437Z   Preparing metadata (pyproject.toml): finished with status 'done'
2025-09-09T01:18:36.8962838Z Collecting typing-extensions (from scratchattach)
2025-09-09T01:18:36.9013754Z   Downloading typing_extensions-4.15.0-py3-none-any.whl.metadata (3.3 kB)
2025-09-09T01:18:36.9211501Z Collecting beautifulsoup4 (from bs4->scratchattach)
2025-09-09T01:18:36.9248363Z   Downloading beautifulsoup4-4.13.5-py3-none-any.whl.metadata (3.8 kB)
2025-09-09T01:18:36.9440950Z Collecting soupsieve>1.2 (from beautifulsoup4->bs4->scratchattach)
2025-09-09T01:18:36.9478533Z   Downloading soupsieve-2.8-py3-none-any.whl.metadata (4.6 kB)
2025-09-09T01:18:37.0354539Z Collecting charset_normalizer<4,>=2 (from requests->scratchattach)
2025-09-09T01:18:37.0390576Z   Downloading charset_normalizer-3.4.3-cp313-cp313-manylinux2014_x86_64.manylinux_2_17_x86_64.manylinux_2_28_x86_64.whl.metadata (36 kB)
2025-09-09T01:18:37.0574583Z Collecting idna<4,>=2.5 (from requests->scratchattach)
2025-09-09T01:18:37.0607825Z   Downloading idna-3.10-py3-none-any.whl.metadata (10 kB)
2025-09-09T01:18:37.0894441Z Collecting urllib3<3,>=1.21.1 (from requests->scratchattach)
2025-09-09T01:18:37.0930544Z   Downloading urllib3-2.5.0-py3-none-any.whl.metadata (6.5 kB)
2025-09-09T01:18:37.1154964Z Collecting certifi>=2017.4.17 (from requests->scratchattach)
2025-09-09T01:18:37.1191266Z   Downloading certifi-2025.8.3-py3-none-any.whl.metadata (2.4 kB)
2025-09-09T01:18:37.1857740Z Downloading scratchattach-2.1.13-py3-none-any.whl (141 kB)
2025-09-09T01:18:37.1979069Z Downloading bs4-0.0.2-py2.py3-none-any.whl (1.2 kB)
2025-09-09T01:18:37.2034433Z Downloading beautifulsoup4-4.13.5-py3-none-any.whl (105 kB)
2025-09-09T01:18:37.2112376Z Downloading soupsieve-2.8-py3-none-any.whl (36 kB)
2025-09-09T01:18:37.2212470Z Downloading typing_extensions-4.15.0-py3-none-any.whl (44 kB)
2025-09-09T01:18:37.2305073Z Downloading requests-2.32.5-py3-none-any.whl (64 kB)
2025-09-09T01:18:37.2403270Z Downloading charset_normalizer-3.4.3-cp313-cp313-manylinux2014_x86_64.manylinux_2_17_x86_64.manylinux_2_28_x86_64.whl (151 kB)
2025-09-09T01:18:37.2494472Z Downloading idna-3.10-py3-none-any.whl (70 kB)
2025-09-09T01:18:37.2556203Z Downloading urllib3-2.5.0-py3-none-any.whl (129 kB)
2025-09-09T01:18:37.2615688Z Downloading certifi-2025.8.3-py3-none-any.whl (161 kB)
2025-09-09T01:18:37.2675250Z Downloading websocket_client-1.8.0-py3-none-any.whl (58 kB)
2025-09-09T01:18:37.2815258Z Building wheels for collected packages: SimpleWebSocketServer
2025-09-09T01:18:37.2824335Z   Building wheel for SimpleWebSocketServer (pyproject.toml): started
2025-09-09T01:18:37.5120084Z   Building wheel for SimpleWebSocketServer (pyproject.toml): finished with status 'done'
2025-09-09T01:18:37.5127039Z   Created wheel for SimpleWebSocketServer: filename=simplewebsocketserver-0.1.2-py3-none-any.whl size=9715 sha256=8cad2eaf547ad8cfac56bf4066aab0c2c0b357c9dff129a20f052ee95cb534bb
2025-09-09T01:18:37.5129212Z   Stored in directory: /home/runner/.cache/pip/wheels/c4/5b/e8/4f2c15a82edc4923058056f6681373168be02a0c00389a6dcf
2025-09-09T01:18:37.5148480Z Successfully built SimpleWebSocketServer
2025-09-09T01:18:37.5335792Z Installing collected packages: SimpleWebSocketServer, websocket-client, urllib3, typing-extensions, soupsieve, idna, charset_normalizer, certifi, requests, beautifulsoup4, bs4, scratchattach
2025-09-09T01:18:38.1169794Z 
2025-09-09T01:18:38.1192232Z Successfully installed SimpleWebSocketServer-0.1.2 beautifulsoup4-4.13.5 bs4-0.0.2 certifi-2025.8.3 charset_normalizer-3.4.3 idna-3.10 requests-2.32.5 scratchattach-2.1.13 soupsieve-2.8 typing-extensions-4.15.0 urllib3-2.5.0 websocket-client-1.8.0
2025-09-09T01:18:38.2125024Z ##[group]Run actions/checkout@v5.0.0
2025-09-09T01:18:38.2125279Z with:
2025-09-09T01:18:38.2125444Z   ref: main
2025-09-09T01:18:38.2125633Z   repository: Boss-1s/scratchattach
2025-09-09T01:18:38.2125985Z   token: ***
2025-09-09T01:18:38.2126157Z   ssh-strict: true
2025-09-09T01:18:38.2126336Z   ssh-user: git
2025-09-09T01:18:38.2126561Z   persist-credentials: true
2025-09-09T01:18:38.2126773Z   clean: true
2025-09-09T01:18:38.2126955Z   sparse-checkout-cone-mode: true
2025-09-09T01:18:38.2127186Z   fetch-depth: 1
2025-09-09T01:18:38.2127359Z   fetch-tags: false
2025-09-09T01:18:38.2127538Z   show-progress: true
2025-09-09T01:18:38.2127721Z   lfs: false
2025-09-09T01:18:38.2127883Z   submodules: false
2025-09-09T01:18:38.2128064Z   set-safe-directory: true
2025-09-09T01:18:38.2128258Z env:
2025-09-09T01:18:38.2128473Z   pythonLocation: /opt/hostedtoolcache/Python/3.13.7/x64
2025-09-09T01:18:38.2128882Z   PKG_CONFIG_PATH: /opt/hostedtoolcache/Python/3.13.7/x64/lib/pkgconfig
2025-09-09T01:18:38.2129273Z   Python_ROOT_DIR: /opt/hostedtoolcache/Python/3.13.7/x64
2025-09-09T01:18:38.2129607Z   Python2_ROOT_DIR: /opt/hostedtoolcache/Python/3.13.7/x64
2025-09-09T01:18:38.2129934Z   Python3_ROOT_DIR: /opt/hostedtoolcache/Python/3.13.7/x64
2025-09-09T01:18:38.2130260Z   LD_LIBRARY_PATH: /opt/hostedtoolcache/Python/3.13.7/x64/lib
2025-09-09T01:18:38.2130541Z ##[endgroup]
2025-09-09T01:18:38.2923961Z Syncing repository: Boss-1s/scratchattach
2025-09-09T01:18:38.2924833Z ##[group]Getting Git version info
2025-09-09T01:18:38.2925477Z Working directory is '/home/runner/work/scratchattach/scratchattach'
2025-09-09T01:18:38.2961092Z [command]/usr/bin/git version
2025-09-09T01:18:38.2998595Z git version 2.51.0
2025-09-09T01:18:38.3019739Z ##[endgroup]
2025-09-09T01:18:38.3035404Z Temporarily overriding HOME='/home/runner/work/_temp/8d4417d8-a28d-4183-8fd5-69090091e7d4' before making global git config changes
2025-09-09T01:18:38.3036694Z Adding repository directory to the temporary git global config as a safe directory
2025-09-09T01:18:38.3041512Z [command]/usr/bin/git config --global --add safe.directory /home/runner/work/scratchattach/scratchattach
2025-09-09T01:18:38.3082933Z [command]/usr/bin/git config --local --get remote.origin.url
2025-09-09T01:18:38.3106965Z https://github.com/Boss-1s/scratchattach
2025-09-09T01:18:38.3121350Z ##[group]Removing previously created refs, to avoid conflicts
2025-09-09T01:18:38.3125758Z [command]/usr/bin/git rev-parse --symbolic-full-name --verify --quiet HEAD
2025-09-09T01:18:38.3148433Z refs/heads/main
2025-09-09T01:18:38.3158963Z [command]/usr/bin/git checkout --detach
2025-09-09T01:18:38.3791964Z HEAD is now at adc021d Merge pull request #53 from Boss-1s/Boss-1s-bump-py-3.12.5-to-3.13
2025-09-09T01:18:38.3840280Z [command]/usr/bin/git branch --delete --force main
2025-09-09T01:18:38.3868428Z Deleted branch main (was adc021d).
2025-09-09T01:18:38.3910182Z ##[endgroup]
2025-09-09T01:18:38.3914637Z [command]/usr/bin/git submodule status
2025-09-09T01:18:38.4148749Z ##[group]Cleaning the repository
2025-09-09T01:18:38.4154034Z [command]/usr/bin/git clean -ffdx
2025-09-09T01:18:38.4191558Z [command]/usr/bin/git reset --hard HEAD
2025-09-09T01:18:38.4234066Z HEAD is now at adc021d Merge pull request #53 from Boss-1s/Boss-1s-bump-py-3.12.5-to-3.13
2025-09-09T01:18:38.4239233Z ##[endgroup]
2025-09-09T01:18:38.4242142Z ##[group]Disabling automatic garbage collection
2025-09-09T01:18:38.4246140Z [command]/usr/bin/git config --local gc.auto 0
2025-09-09T01:18:38.4273588Z ##[endgroup]
2025-09-09T01:18:38.4274039Z ##[group]Setting up auth
2025-09-09T01:18:38.4280806Z [command]/usr/bin/git config --local --name-only --get-regexp core\.sshCommand
2025-09-09T01:18:38.4310650Z [command]/usr/bin/git submodule foreach --recursive sh -c "git config --local --name-only --get-regexp 'core\.sshCommand' && git config --local --unset-all 'core.sshCommand' || :"
2025-09-09T01:18:38.4543696Z [command]/usr/bin/git config --local --name-only --get-regexp http\.https\:\/\/github\.com\/\.extraheader
2025-09-09T01:18:38.4565675Z http.https://github.com/.extraheader
2025-09-09T01:18:38.4574832Z [command]/usr/bin/git config --local --unset-all http.https://github.com/.extraheader
2025-09-09T01:18:38.4605512Z [command]/usr/bin/git submodule foreach --recursive sh -c "git config --local --name-only --get-regexp 'http\.https\:\/\/github\.com\/\.extraheader' && git config --local --unset-all 'http.https://github.com/.extraheader' || :"
2025-09-09T01:18:38.4837980Z [command]/usr/bin/git config --local http.https://github.com/.extraheader AUTHORIZATION: basic ***
2025-09-09T01:18:38.4909100Z ##[endgroup]
2025-09-09T01:18:38.4909545Z ##[group]Fetching the repository
2025-09-09T01:18:38.4917909Z [command]/usr/bin/git -c protocol.version=2 fetch --no-tags --prune --no-recurse-submodules --depth=1 origin +refs/heads/main*:refs/remotes/origin/main* +refs/tags/main*:refs/tags/main*
2025-09-09T01:18:39.0024814Z ##[endgroup]
2025-09-09T01:18:39.0025386Z ##[group]Determining the checkout info
2025-09-09T01:18:39.0032260Z [command]/usr/bin/git branch --list --remote origin/main
2025-09-09T01:18:39.0056299Z   origin/main
2025-09-09T01:18:39.0060349Z ##[endgroup]
2025-09-09T01:18:39.0065087Z [command]/usr/bin/git sparse-checkout disable
2025-09-09T01:18:39.0104274Z [command]/usr/bin/git config --local --unset-all extensions.worktreeConfig
2025-09-09T01:18:39.0129704Z ##[group]Checking out the ref
2025-09-09T01:18:39.0134333Z [command]/usr/bin/git checkout --progress --force -B main refs/remotes/origin/main
2025-09-09T01:18:39.0180451Z Switched to a new branch 'main'
2025-09-09T01:18:39.0183024Z branch 'main' set up to track 'origin/main'.
2025-09-09T01:18:39.0189303Z ##[endgroup]
2025-09-09T01:18:39.0225493Z [command]/usr/bin/git log -1 --format=%H
2025-09-09T01:18:39.0250360Z adc021de68102d448f7956d888875f3b7de2c741
2025-09-09T01:18:39.0366178Z ##[group]Run timeout 359m python3 message_viewer.py || { [[ $? -eq 124 ]] && exit 0; }
2025-09-09T01:18:39.0366762Z [36;1mtimeout 359m python3 message_viewer.py || { [[ $? -eq 124 ]] && exit 0; }[0m
2025-09-09T01:18:39.0398123Z shell: /usr/bin/bash -e {0}
2025-09-09T01:18:39.0398341Z env:
2025-09-09T01:18:39.0398581Z   pythonLocation: /opt/hostedtoolcache/Python/3.13.7/x64
2025-09-09T01:18:39.0398978Z   PKG_CONFIG_PATH: /opt/hostedtoolcache/Python/3.13.7/x64/lib/pkgconfig
2025-09-09T01:18:39.0399356Z   Python_ROOT_DIR: /opt/hostedtoolcache/Python/3.13.7/x64
2025-09-09T01:18:39.0399694Z   Python2_ROOT_DIR: /opt/hostedtoolcache/Python/3.13.7/x64
2025-09-09T01:18:39.0400024Z   Python3_ROOT_DIR: /opt/hostedtoolcache/Python/3.13.7/x64
2025-09-09T01:18:39.0400388Z   LD_LIBRARY_PATH: /opt/hostedtoolcache/Python/3.13.7/x64/lib
2025-09-09T01:18:39.0401015Z   PASS: ***
2025-09-09T01:18:39.0401189Z ##[endgroup]
2025-09-09T01:18:40.0385810Z /opt/hostedtoolcache/Python/3.13.7/x64/lib/python3.13/site-packages/scratchattach/site/session.py:1049: UserWarning: Key error at key 'user' when reading scratch.mit.edu/session API response
2025-09-09T01:18:40.0386873Z   warnings.warn(f"Key error at key {e} when reading scratch.mit.edu/session API response")
2025-09-09T01:18:40.0387958Z /opt/hostedtoolcache/Python/3.13.7/x64/lib/python3.13/site-packages/scratchattach/site/session.py:1059: UserWarning: Warning: Logged in by id, but couldn't fetch XToken. Make sure the provided session id is valid.
2025-09-09T01:18:40.0388969Z   warnings.warn("Warning: Logged in by id, but couldn't fetch XToken. "
2025-09-09T01:18:40.1551188Z Traceback (most recent call last):
2025-09-09T01:18:40.1647922Z   File "/home/runner/work/scratchattach/scratchattach/message_viewer.py", line 15, in <module>
2025-09-09T01:18:40.1648528Z     client = cloud.requests()
2025-09-09T01:18:40.1649186Z   File "/opt/hostedtoolcache/Python/3.13.7/x64/lib/python3.13/site-packages/scratchattach/cloud/_base.py", line 101, in requests
2025-09-09T01:18:40.1649993Z     return CloudRequests(self, used_cloud_vars=used_cloud_vars, no_packet_loss=no_packet_loss,
2025-09-09T01:18:40.1651150Z                          respond_order=respond_order, debug=debug)
2025-09-09T01:18:40.1651918Z   File "/opt/hostedtoolcache/Python/3.13.7/x64/lib/python3.13/site-packages/scratchattach/eventhandlers/cloud_requests.py", line 67, in __init__
2025-09-09T01:18:40.1652599Z     super().__init__(cloud)
2025-09-09T01:18:40.1652824Z     ~~~~~~~~~~~~~~~~^^^^^^^
2025-09-09T01:18:40.1653459Z   File "/opt/hostedtoolcache/Python/3.13.7/x64/lib/python3.13/site-packages/scratchattach/eventhandlers/cloud_events.py", line 19, in __init__
2025-09-09T01:18:40.1654154Z     self.source_stream = cloud.create_event_stream()
2025-09-09T01:18:40.1654462Z                          ~~~~~~~~~~~~~~~~~~~~~~~~~^^
2025-09-09T01:18:40.1655140Z   File "/opt/hostedtoolcache/Python/3.13.7/x64/lib/python3.13/site-packages/scratchattach/cloud/_base.py", line 442, in create_event_stream
2025-09-09T01:18:40.1655834Z     self.event_stream = WebSocketEventStream(self)
2025-09-09T01:18:40.1656138Z                         ~~~~~~~~~~~~~~~~~~~~^^^^^^
2025-09-09T01:18:40.1656768Z   File "/opt/hostedtoolcache/Python/3.13.7/x64/lib/python3.13/site-packages/scratchattach/cloud/_base.py", line 125, in __init__
2025-09-09T01:18:40.1657364Z     self.source_cloud.connect()
2025-09-09T01:18:40.1657601Z     ~~~~~~~~~~~~~~~~~~~~~~~~~^^
2025-09-09T01:18:40.1658189Z   File "/opt/hostedtoolcache/Python/3.13.7/x64/lib/python3.13/site-packages/scratchattach/cloud/cloud.py", line 29, in connect
2025-09-09T01:18:40.1658762Z     super().connect()
2025-09-09T01:18:40.1658965Z     ~~~~~~~~~~~~~~~^^
2025-09-09T01:18:40.1659517Z   File "/opt/hostedtoolcache/Python/3.13.7/x64/lib/python3.13/site-packages/scratchattach/cloud/_base.py", line 305, in connect
2025-09-09T01:18:40.1660099Z     self.websocket.connect(
2025-09-09T01:18:40.1660328Z     ~~~~~~~~~~~~~~~~~~~~~~^
2025-09-09T01:18:40.1660529Z         self.cloud_host,
2025-09-09T01:18:40.1661199Z         ^^^^^^^^^^^^^^^^
2025-09-09T01:18:40.1661412Z     ...<4 lines>...
2025-09-09T01:18:40.1661603Z         header=self.header
2025-09-09T01:18:40.1661800Z         ^^^^^^^^^^^^^^^^^^
2025-09-09T01:18:40.1661983Z     )
2025-09-09T01:18:40.1662128Z     ^
2025-09-09T01:18:40.1662580Z   File "/opt/hostedtoolcache/Python/3.13.7/x64/lib/python3.13/site-packages/websocket/_core.py", line 261, in connect
2025-09-09T01:18:40.1663174Z     self.handshake_response = handshake(self.sock, url, *addrs, **options)
2025-09-09T01:18:40.1663522Z                               ~~~~~~~~~^^^^^^^^^^^^^^^^^^^^^^^^^^^^^^^^^^^
2025-09-09T01:18:40.1664062Z   File "/opt/hostedtoolcache/Python/3.13.7/x64/lib/python3.13/site-packages/websocket/_handshake.py", line 65, in handshake
2025-09-09T01:18:40.1664575Z     status, resp = _get_resp_headers(sock)
2025-09-09T01:18:40.1664816Z                    ~~~~~~~~~~~~~~~~~^^^^^^
2025-09-09T01:18:40.1665387Z   File "/opt/hostedtoolcache/Python/3.13.7/x64/lib/python3.13/site-packages/websocket/_handshake.py", line 150, in _get_resp_headers
2025-09-09T01:18:40.1665972Z     raise WebSocketBadStatusException(
2025-09-09T01:18:40.1666219Z     ...<5 lines>...
2025-09-09T01:18:40.1666380Z     )
2025-09-09T01:18:40.1667559Z websocket._exceptions.WebSocketBadStatusException: Handshake status 502 Bad Gateway -+-+- {'date': 'Tue, 09 Sep 2025 01:18:40 GMT', 'content-type': 'text/html', 'content-length': '157', 'connection': 'keep-alive', 'server': 'nginx/1.22.1'} -+-+- b'<html>\r\n<head><title>502 Bad Gateway</title></head>\r\n<body>\r\n<center><h1>502 Bad Gateway</h1></center>\r\n<hr><center>nginx/1.22.1</center>\r\n</body>\r\n</html>\r\n'
2025-09-09T01:18:40.1940567Z ##[error]Process completed with exit code 1.
2025-09-09T01:18:40.2008573Z Post job cleanup.
2025-09-09T01:18:40.2834558Z [command]/usr/bin/git version
2025-09-09T01:18:40.2873289Z git version 2.51.0
2025-09-09T01:18:40.2911389Z Temporarily overriding HOME='/home/runner/work/_temp/e513a3ab-ef1e-4ac8-bc2f-fd908d7ba4f3' before making global git config changes
2025-09-09T01:18:40.2912336Z Adding repository directory to the temporary git global config as a safe directory
2025-09-09T01:18:40.2917354Z [command]/usr/bin/git config --global --add safe.directory /home/runner/work/scratchattach/scratchattach
2025-09-09T01:18:40.2959792Z [command]/usr/bin/git config --local --name-only --get-regexp core\.sshCommand
2025-09-09T01:18:40.2999862Z [command]/usr/bin/git submodule foreach --recursive sh -c "git config --local --name-only --get-regexp 'core\.sshCommand' && git config --local --unset-all 'core.sshCommand' || :"
2025-09-09T01:18:40.3233911Z [command]/usr/bin/git config --local --name-only --get-regexp http\.https\:\/\/github\.com\/\.extraheader
2025-09-09T01:18:40.3259948Z http.https://github.com/.extraheader
2025-09-09T01:18:40.3271319Z [command]/usr/bin/git config --local --unset-all http.https://github.com/.extraheader
2025-09-09T01:18:40.3305932Z [command]/usr/bin/git submodule foreach --recursive sh -c "git config --local --name-only --get-regexp 'http\.https\:\/\/github\.com\/\.extraheader' && git config --local --unset-all 'http.https://github.com/.extraheader' || :"
2025-09-09T01:18:40.3664829Z Post job cleanup.
2025-09-09T01:18:40.4471347Z [command]/usr/bin/git version
2025-09-09T01:18:40.4509063Z git version 2.51.0
2025-09-09T01:18:40.4549033Z Temporarily overriding HOME='/home/runner/work/_temp/983b5aa3-8b7d-4af7-95e6-da936f083646' before making global git config changes
2025-09-09T01:18:40.4550294Z Adding repository directory to the temporary git global config as a safe directory
2025-09-09T01:18:40.4555466Z [command]/usr/bin/git config --global --add safe.directory /home/runner/work/scratchattach/scratchattach
2025-09-09T01:18:40.4596386Z [command]/usr/bin/git config --local --name-only --get-regexp core\.sshCommand
2025-09-09T01:18:40.4632085Z [command]/usr/bin/git submodule foreach --recursive sh -c "git config --local --name-only --get-regexp 'core\.sshCommand' && git config --local --unset-all 'core.sshCommand' || :"
2025-09-09T01:18:40.4868597Z [command]/usr/bin/git config --local --name-only --get-regexp http\.https\:\/\/github\.com\/\.extraheader
2025-09-09T01:18:40.4904586Z [command]/usr/bin/git submodule foreach --recursive sh -c "git config --local --name-only --get-regexp 'http\.https\:\/\/github\.com\/\.extraheader' && git config --local --unset-all 'http.https://github.com/.extraheader' || :"
2025-09-09T01:18:40.5247544Z Cleaning up orphan processes
