2025-12-24T03:25:24.0659283Z Current runner version: '2.330.0'
2025-12-24T03:25:24.0680765Z ##[group]Runner Image Provisioner
2025-12-24T03:25:24.0681598Z Hosted Compute Agent
2025-12-24T03:25:24.0682277Z Version: 20251211.462
2025-12-24T03:25:24.0682873Z Commit: 6cbad8c2bb55d58165063d031ccabf57e2d2db61
2025-12-24T03:25:24.0683584Z Build Date: 2025-12-11T16:28:49Z
2025-12-24T03:25:24.0684408Z Worker ID: {35dc6763-51d4-4793-badf-edb75ddbc863}
2025-12-24T03:25:24.0685100Z ##[endgroup]
2025-12-24T03:25:24.0685619Z ##[group]Operating System
2025-12-24T03:25:24.0686231Z Ubuntu
2025-12-24T03:25:24.0686715Z 24.04.3
2025-12-24T03:25:24.0687180Z LTS
2025-12-24T03:25:24.0687683Z ##[endgroup]
2025-12-24T03:25:24.0688229Z ##[group]Runner Image
2025-12-24T03:25:24.0688775Z Image: ubuntu-24.04
2025-12-24T03:25:24.0689575Z Version: 20251215.174.1
2025-12-24T03:25:24.0690694Z Included Software: https://github.com/actions/runner-images/blob/ubuntu24/20251215.174/images/ubuntu/Ubuntu2404-Readme.md
2025-12-24T03:25:24.0692320Z Image Release: https://github.com/actions/runner-images/releases/tag/ubuntu24%2F20251215.174
2025-12-24T03:25:24.0693391Z ##[endgroup]
2025-12-24T03:25:24.0694517Z ##[group]GITHUB_TOKEN Permissions
2025-12-24T03:25:24.0696479Z Contents: write
2025-12-24T03:25:24.0697015Z Metadata: read
2025-12-24T03:25:24.0697635Z ##[endgroup]
2025-12-24T03:25:24.0699910Z Secret source: Actions
2025-12-24T03:25:24.0700604Z Prepare workflow directory
2025-12-24T03:25:24.1010279Z Prepare all required actions
2025-12-24T03:25:24.1046296Z Getting action download info
2025-12-24T03:25:24.6416125Z Download action repository 'actions/checkout@v6.0.1' (SHA:8e8c483db84b4bee98b60c0593521ed34d9990e8)
2025-12-24T03:25:24.7619296Z Download action repository 'actions/setup-python@v6.1.0' (SHA:83679a892e2d95755f2dac6acb0bfd1e9ac5d548)
2025-12-24T03:25:24.8447071Z Download action repository 'bossOfCode/install-scratchattach@v1.0.3' (SHA:be17a7cf1ecb5a7040eb42ef26c2e1fbe72bb25a)
2025-12-24T03:25:25.4334681Z Complete job name: Run Prioritzing Handler
2025-12-24T03:25:25.5045456Z ##[group]Run actions/checkout@v6.0.1
2025-12-24T03:25:25.5046398Z with:
2025-12-24T03:25:25.5046814Z   ref: main
2025-12-24T03:25:25.5047246Z   repository: Boss-1s/scratchattach
2025-12-24T03:25:25.5047959Z   token: ***
2025-12-24T03:25:25.5048394Z   ssh-strict: true
2025-12-24T03:25:25.5048832Z   ssh-user: git
2025-12-24T03:25:25.5049473Z   persist-credentials: true
2025-12-24T03:25:25.5049976Z   clean: true
2025-12-24T03:25:25.5050426Z   sparse-checkout-cone-mode: true
2025-12-24T03:25:25.5050963Z   fetch-depth: 1
2025-12-24T03:25:25.5051428Z   fetch-tags: false
2025-12-24T03:25:25.5051872Z   show-progress: true
2025-12-24T03:25:25.5052344Z   lfs: false
2025-12-24T03:25:25.5052767Z   submodules: false
2025-12-24T03:25:25.5053237Z   set-safe-directory: true
2025-12-24T03:25:25.5053995Z ##[endgroup]
2025-12-24T03:25:25.5946595Z Syncing repository: Boss-1s/scratchattach
2025-12-24T03:25:25.5948487Z ##[group]Getting Git version info
2025-12-24T03:25:25.5949827Z Working directory is '/home/runner/work/scratchattach/scratchattach'
2025-12-24T03:25:25.5950956Z [command]/usr/bin/git version
2025-12-24T03:25:25.6006643Z git version 2.52.0
2025-12-24T03:25:25.6058027Z ##[endgroup]
2025-12-24T03:25:25.6072524Z Temporarily overriding HOME='/home/runner/work/_temp/a94c6fd2-23de-4ed9-bf7f-66f18ba27346' before making global git config changes
2025-12-24T03:25:25.6074330Z Adding repository directory to the temporary git global config as a safe directory
2025-12-24T03:25:25.6076682Z [command]/usr/bin/git config --global --add safe.directory /home/runner/work/scratchattach/scratchattach
2025-12-24T03:25:25.6114851Z Deleting the contents of '/home/runner/work/scratchattach/scratchattach'
2025-12-24T03:25:25.6118137Z ##[group]Initializing the repository
2025-12-24T03:25:25.6122576Z [command]/usr/bin/git init /home/runner/work/scratchattach/scratchattach
2025-12-24T03:25:25.6234331Z hint: Using 'master' as the name for the initial branch. This default branch name
2025-12-24T03:25:25.6236387Z hint: will change to "main" in Git 3.0. To configure the initial branch name
2025-12-24T03:25:25.6238392Z hint: to use in all of your new repositories, which will suppress this warning,
2025-12-24T03:25:25.6239911Z hint: call:
2025-12-24T03:25:25.6240510Z hint:
2025-12-24T03:25:25.6241376Z hint: 	git config --global init.defaultBranch <name>
2025-12-24T03:25:25.6242406Z hint:
2025-12-24T03:25:25.6243645Z hint: Names commonly chosen instead of 'master' are 'main', 'trunk' and
2025-12-24T03:25:25.6245397Z hint: 'development'. The just-created branch can be renamed via this command:
2025-12-24T03:25:25.6246660Z hint:
2025-12-24T03:25:25.6247319Z hint: 	git branch -m <name>
2025-12-24T03:25:25.6247917Z hint:
2025-12-24T03:25:25.6249232Z hint: Disable this message with "git config set advice.defaultBranchName false"
2025-12-24T03:25:25.6250413Z Initialized empty Git repository in /home/runner/work/scratchattach/scratchattach/.git/
2025-12-24T03:25:25.6252149Z [command]/usr/bin/git remote add origin https://github.com/Boss-1s/scratchattach
2025-12-24T03:25:25.6283149Z ##[endgroup]
2025-12-24T03:25:25.6283954Z ##[group]Disabling automatic garbage collection
2025-12-24T03:25:25.6286579Z [command]/usr/bin/git config --local gc.auto 0
2025-12-24T03:25:25.6314568Z ##[endgroup]
2025-12-24T03:25:25.6315741Z ##[group]Setting up auth
2025-12-24T03:25:25.6316348Z Removing SSH command configuration
2025-12-24T03:25:25.6322551Z [command]/usr/bin/git config --local --name-only --get-regexp core\.sshCommand
2025-12-24T03:25:25.6353915Z [command]/usr/bin/git submodule foreach --recursive sh -c "git config --local --name-only --get-regexp 'core\.sshCommand' && git config --local --unset-all 'core.sshCommand' || :"
2025-12-24T03:25:25.6683972Z Removing HTTP extra header
2025-12-24T03:25:25.6689785Z [command]/usr/bin/git config --local --name-only --get-regexp http\.https\:\/\/github\.com\/\.extraheader
2025-12-24T03:25:25.6719147Z [command]/usr/bin/git submodule foreach --recursive sh -c "git config --local --name-only --get-regexp 'http\.https\:\/\/github\.com\/\.extraheader' && git config --local --unset-all 'http.https://github.com/.extraheader' || :"
2025-12-24T03:25:25.6927047Z Removing includeIf entries pointing to credentials config files
2025-12-24T03:25:25.6932747Z [command]/usr/bin/git config --local --name-only --get-regexp ^includeIf\.gitdir:
2025-12-24T03:25:25.6963024Z [command]/usr/bin/git submodule foreach --recursive git config --local --show-origin --name-only --get-regexp remote.origin.url
2025-12-24T03:25:25.7182230Z [command]/usr/bin/git config --file /home/runner/work/_temp/git-credentials-b05ea298-c50a-4238-8dfc-7b9184a37459.config http.https://github.com/.extraheader AUTHORIZATION: basic ***
2025-12-24T03:25:25.7217971Z [command]/usr/bin/git config --local includeIf.gitdir:/home/runner/work/scratchattach/scratchattach/.git.path /home/runner/work/_temp/git-credentials-b05ea298-c50a-4238-8dfc-7b9184a37459.config
2025-12-24T03:25:25.7247808Z [command]/usr/bin/git config --local includeIf.gitdir:/home/runner/work/scratchattach/scratchattach/.git/worktrees/*.path /home/runner/work/_temp/git-credentials-b05ea298-c50a-4238-8dfc-7b9184a37459.config
2025-12-24T03:25:25.7278086Z [command]/usr/bin/git config --local includeIf.gitdir:/github/workspace/.git.path /github/runner_temp/git-credentials-b05ea298-c50a-4238-8dfc-7b9184a37459.config
2025-12-24T03:25:25.7308172Z [command]/usr/bin/git config --local includeIf.gitdir:/github/workspace/.git/worktrees/*.path /github/runner_temp/git-credentials-b05ea298-c50a-4238-8dfc-7b9184a37459.config
2025-12-24T03:25:25.7334204Z ##[endgroup]
2025-12-24T03:25:25.7335621Z ##[group]Fetching the repository
2025-12-24T03:25:25.7344490Z [command]/usr/bin/git -c protocol.version=2 fetch --no-tags --prune --no-recurse-submodules --depth=1 origin +refs/heads/main*:refs/remotes/origin/main* +refs/tags/main*:refs/tags/main*
2025-12-24T03:25:28.8220122Z From https://github.com/Boss-1s/scratchattach
2025-12-24T03:25:28.8221881Z  * [new branch]      main       -> origin/main
2025-12-24T03:25:28.8251128Z ##[endgroup]
2025-12-24T03:25:28.8252056Z ##[group]Determining the checkout info
2025-12-24T03:25:28.8257950Z [command]/usr/bin/git branch --list --remote origin/main
2025-12-24T03:25:28.8287026Z   origin/main
2025-12-24T03:25:28.8291788Z ##[endgroup]
2025-12-24T03:25:28.8295796Z [command]/usr/bin/git sparse-checkout disable
2025-12-24T03:25:28.8336808Z [command]/usr/bin/git config --local --unset-all extensions.worktreeConfig
2025-12-24T03:25:28.8363520Z ##[group]Checking out the ref
2025-12-24T03:25:28.8367391Z [command]/usr/bin/git checkout --progress --force -B main refs/remotes/origin/main
2025-12-24T03:25:29.4891612Z Switched to a new branch 'main'
2025-12-24T03:25:29.4892361Z branch 'main' set up to track 'origin/main'.
2025-12-24T03:25:29.4948770Z ##[endgroup]
2025-12-24T03:25:29.4989815Z [command]/usr/bin/git log -1 --format=%H
2025-12-24T03:25:29.5014885Z 6fa2444b66a7ed19ec702446d8708b272000ce72
2025-12-24T03:25:29.5241628Z ##[group]Run actions/setup-python@v6.1.0
2025-12-24T03:25:29.5241924Z with:
2025-12-24T03:25:29.5242109Z   python-version: 3.13
2025-12-24T03:25:29.5242350Z   check-latest: false
2025-12-24T03:25:29.5242689Z   token: ***
2025-12-24T03:25:29.5242877Z   update-environment: true
2025-12-24T03:25:29.5243104Z   allow-prereleases: false
2025-12-24T03:25:29.5243360Z   freethreaded: false
2025-12-24T03:25:29.5243549Z ##[endgroup]
2025-12-24T03:25:29.6487235Z ##[group]Installed versions
2025-12-24T03:25:29.6596262Z (node:2127) [DEP0040] DeprecationWarning: The `punycode` module is deprecated. Please use a userland alternative instead.
2025-12-24T03:25:29.6597481Z (Use `node --trace-deprecation ...` to show where the warning was created)
2025-12-24T03:25:29.6598213Z Successfully set up CPython (3.13.11)
2025-12-24T03:25:29.6599220Z ##[endgroup]
2025-12-24T03:25:29.6733027Z ##[group]Run bossOfCode/install-scratchattach@v1.0.3
2025-12-24T03:25:29.6733355Z env:
2025-12-24T03:25:29.6733598Z   pythonLocation: /opt/hostedtoolcache/Python/3.13.11/x64
2025-12-24T03:25:29.6734007Z   PKG_CONFIG_PATH: /opt/hostedtoolcache/Python/3.13.11/x64/lib/pkgconfig
2025-12-24T03:25:29.6734429Z   Python_ROOT_DIR: /opt/hostedtoolcache/Python/3.13.11/x64
2025-12-24T03:25:29.6734779Z   Python2_ROOT_DIR: /opt/hostedtoolcache/Python/3.13.11/x64
2025-12-24T03:25:29.6735118Z   Python3_ROOT_DIR: /opt/hostedtoolcache/Python/3.13.11/x64
2025-12-24T03:25:29.6735465Z   LD_LIBRARY_PATH: /opt/hostedtoolcache/Python/3.13.11/x64/lib
2025-12-24T03:25:29.6735755Z ##[endgroup]
2025-12-24T03:25:29.6812918Z ##[group]Run python3 -m pip install --upgrade pip
2025-12-24T03:25:29.6881246Z [36;1mpython3 -m pip install --upgrade pip[0m
2025-12-24T03:25:29.6932161Z shell: /usr/bin/bash --noprofile --norc -e -o pipefail {0}
2025-12-24T03:25:29.6932506Z env:
2025-12-24T03:25:29.6932795Z   pythonLocation: /opt/hostedtoolcache/Python/3.13.11/x64
2025-12-24T03:25:29.6933205Z   PKG_CONFIG_PATH: /opt/hostedtoolcache/Python/3.13.11/x64/lib/pkgconfig
2025-12-24T03:25:29.6933606Z   Python_ROOT_DIR: /opt/hostedtoolcache/Python/3.13.11/x64
2025-12-24T03:25:29.6933967Z   Python2_ROOT_DIR: /opt/hostedtoolcache/Python/3.13.11/x64
2025-12-24T03:25:29.6934327Z   Python3_ROOT_DIR: /opt/hostedtoolcache/Python/3.13.11/x64
2025-12-24T03:25:29.6934679Z   LD_LIBRARY_PATH: /opt/hostedtoolcache/Python/3.13.11/x64/lib
2025-12-24T03:25:29.6934963Z ##[endgroup]
2025-12-24T03:25:30.4510353Z Requirement already satisfied: pip in /opt/hostedtoolcache/Python/3.13.11/x64/lib/python3.13/site-packages (25.3)
2025-12-24T03:25:30.6757450Z ##[group]Run pip install -U scratchattach
2025-12-24T03:25:30.6757781Z [36;1mpip install -U scratchattach[0m
2025-12-24T03:25:30.6790958Z shell: /usr/bin/bash --noprofile --norc -e -o pipefail {0}
2025-12-24T03:25:30.6791274Z env:
2025-12-24T03:25:30.6791528Z   pythonLocation: /opt/hostedtoolcache/Python/3.13.11/x64
2025-12-24T03:25:30.6791925Z   PKG_CONFIG_PATH: /opt/hostedtoolcache/Python/3.13.11/x64/lib/pkgconfig
2025-12-24T03:25:30.6792325Z   Python_ROOT_DIR: /opt/hostedtoolcache/Python/3.13.11/x64
2025-12-24T03:25:30.6792688Z   Python2_ROOT_DIR: /opt/hostedtoolcache/Python/3.13.11/x64
2025-12-24T03:25:30.6793196Z   Python3_ROOT_DIR: /opt/hostedtoolcache/Python/3.13.11/x64
2025-12-24T03:25:30.6793536Z   LD_LIBRARY_PATH: /opt/hostedtoolcache/Python/3.13.11/x64/lib
2025-12-24T03:25:30.6793821Z ##[endgroup]
2025-12-24T03:25:31.1933385Z Collecting scratchattach
2025-12-24T03:25:31.2516629Z   Downloading scratchattach-2.1.13-py3-none-any.whl.metadata (5.5 kB)
2025-12-24T03:25:31.2803190Z Collecting websocket-client (from scratchattach)
2025-12-24T03:25:31.2857949Z   Downloading websocket_client-1.9.0-py3-none-any.whl.metadata (8.3 kB)
2025-12-24T03:25:31.3157144Z Collecting requests (from scratchattach)
2025-12-24T03:25:31.3184411Z   Downloading requests-2.32.5-py3-none-any.whl.metadata (4.9 kB)
2025-12-24T03:25:31.3303433Z Collecting bs4 (from scratchattach)
2025-12-24T03:25:31.3328570Z   Downloading bs4-0.0.2-py2.py3-none-any.whl.metadata (411 bytes)
2025-12-24T03:25:31.4057463Z Collecting SimpleWebSocketServer (from scratchattach)
2025-12-24T03:25:31.4112317Z   Downloading SimpleWebSocketServer-0.1.2.tar.gz (10 kB)
2025-12-24T03:25:31.4193139Z   Installing build dependencies: started
2025-12-24T03:25:32.2301927Z   Installing build dependencies: finished with status 'done'
2025-12-24T03:25:32.2307473Z   Getting requirements to build wheel: started
2025-12-24T03:25:32.6205612Z   Getting requirements to build wheel: finished with status 'done'
2025-12-24T03:25:32.6214312Z   Preparing metadata (pyproject.toml): started
2025-12-24T03:25:32.8112778Z   Preparing metadata (pyproject.toml): finished with status 'done'
2025-12-24T03:25:32.8272241Z Collecting typing-extensions (from scratchattach)
2025-12-24T03:25:32.8470669Z   Downloading typing_extensions-4.15.0-py3-none-any.whl.metadata (3.3 kB)
2025-12-24T03:25:32.8651598Z Collecting beautifulsoup4 (from bs4->scratchattach)
2025-12-24T03:25:32.8781619Z   Downloading beautifulsoup4-4.14.3-py3-none-any.whl.metadata (3.8 kB)
2025-12-24T03:25:32.8979748Z Collecting soupsieve>=1.6.1 (from beautifulsoup4->bs4->scratchattach)
2025-12-24T03:25:32.9061682Z   Downloading soupsieve-2.8.1-py3-none-any.whl.metadata (4.6 kB)
2025-12-24T03:25:32.9971518Z Collecting charset_normalizer<4,>=2 (from requests->scratchattach)
2025-12-24T03:25:33.0014704Z   Downloading charset_normalizer-3.4.4-cp313-cp313-manylinux2014_x86_64.manylinux_2_17_x86_64.manylinux_2_28_x86_64.whl.metadata (37 kB)
2025-12-24T03:25:33.0229915Z Collecting idna<4,>=2.5 (from requests->scratchattach)
2025-12-24T03:25:33.0294051Z   Downloading idna-3.11-py3-none-any.whl.metadata (8.4 kB)
2025-12-24T03:25:33.0594909Z Collecting urllib3<3,>=1.21.1 (from requests->scratchattach)
2025-12-24T03:25:33.0624712Z   Downloading urllib3-2.6.2-py3-none-any.whl.metadata (6.6 kB)
2025-12-24T03:25:33.0861399Z Collecting certifi>=2017.4.17 (from requests->scratchattach)
2025-12-24T03:25:33.0903814Z   Downloading certifi-2025.11.12-py3-none-any.whl.metadata (2.5 kB)
2025-12-24T03:25:33.1016547Z Downloading scratchattach-2.1.13-py3-none-any.whl (141 kB)
2025-12-24T03:25:33.1133881Z Downloading bs4-0.0.2-py2.py3-none-any.whl (1.2 kB)
2025-12-24T03:25:33.1190112Z Downloading beautifulsoup4-4.14.3-py3-none-any.whl (107 kB)
2025-12-24T03:25:33.1270565Z Downloading soupsieve-2.8.1-py3-none-any.whl (36 kB)
2025-12-24T03:25:33.1327594Z Downloading typing_extensions-4.15.0-py3-none-any.whl (44 kB)
2025-12-24T03:25:33.1393527Z Downloading requests-2.32.5-py3-none-any.whl (64 kB)
2025-12-24T03:25:33.1444850Z Downloading charset_normalizer-3.4.4-cp313-cp313-manylinux2014_x86_64.manylinux_2_17_x86_64.manylinux_2_28_x86_64.whl (153 kB)
2025-12-24T03:25:33.1501321Z Downloading idna-3.11-py3-none-any.whl (71 kB)
2025-12-24T03:25:33.1623349Z Downloading urllib3-2.6.2-py3-none-any.whl (131 kB)
2025-12-24T03:25:33.1678405Z Downloading certifi-2025.11.12-py3-none-any.whl (159 kB)
2025-12-24T03:25:33.1747017Z Downloading websocket_client-1.9.0-py3-none-any.whl (82 kB)
2025-12-24T03:25:33.1880031Z Building wheels for collected packages: SimpleWebSocketServer
2025-12-24T03:25:33.1887393Z   Building wheel for SimpleWebSocketServer (pyproject.toml): started
2025-12-24T03:25:33.4089158Z   Building wheel for SimpleWebSocketServer (pyproject.toml): finished with status 'done'
2025-12-24T03:25:33.4094620Z   Created wheel for SimpleWebSocketServer: filename=simplewebsocketserver-0.1.2-py3-none-any.whl size=9715 sha256=a76ec84afdea88e62f488b8282cbedd1b7005d591929dae7129da2451f95de2e
2025-12-24T03:25:33.4096411Z   Stored in directory: /home/runner/.cache/pip/wheels/c4/5b/e8/4f2c15a82edc4923058056f6681373168be02a0c00389a6dcf
2025-12-24T03:25:33.4114959Z Successfully built SimpleWebSocketServer
2025-12-24T03:25:33.4301674Z Installing collected packages: SimpleWebSocketServer, websocket-client, urllib3, typing-extensions, soupsieve, idna, charset_normalizer, certifi, requests, beautifulsoup4, bs4, scratchattach
2025-12-24T03:25:34.0255005Z 
2025-12-24T03:25:34.0276494Z Successfully installed SimpleWebSocketServer-0.1.2 beautifulsoup4-4.14.3 bs4-0.0.2 certifi-2025.11.12 charset_normalizer-3.4.4 idna-3.11 requests-2.32.5 scratchattach-2.1.13 soupsieve-2.8.1 typing-extensions-4.15.0 urllib3-2.6.2 websocket-client-1.9.0
2025-12-24T03:25:34.1078130Z ##[group]Run actions/checkout@v6.0.1
2025-12-24T03:25:34.1078387Z with:
2025-12-24T03:25:34.1078551Z   ref: main
2025-12-24T03:25:34.1078742Z   repository: Boss-1s/scratchattach
2025-12-24T03:25:34.1079426Z   token: ***
2025-12-24T03:25:34.1079613Z   ssh-strict: true
2025-12-24T03:25:34.1079798Z   ssh-user: git
2025-12-24T03:25:34.1079984Z   persist-credentials: true
2025-12-24T03:25:34.1080194Z   clean: true
2025-12-24T03:25:34.1080384Z   sparse-checkout-cone-mode: true
2025-12-24T03:25:34.1080609Z   fetch-depth: 1
2025-12-24T03:25:34.1080783Z   fetch-tags: false
2025-12-24T03:25:34.1080964Z   show-progress: true
2025-12-24T03:25:34.1081146Z   lfs: false
2025-12-24T03:25:34.1081313Z   submodules: false
2025-12-24T03:25:34.1081494Z   set-safe-directory: true
2025-12-24T03:25:34.1081687Z env:
2025-12-24T03:25:34.1081905Z   pythonLocation: /opt/hostedtoolcache/Python/3.13.11/x64
2025-12-24T03:25:34.1082299Z   PKG_CONFIG_PATH: /opt/hostedtoolcache/Python/3.13.11/x64/lib/pkgconfig
2025-12-24T03:25:34.1082731Z   Python_ROOT_DIR: /opt/hostedtoolcache/Python/3.13.11/x64
2025-12-24T03:25:34.1083060Z   Python2_ROOT_DIR: /opt/hostedtoolcache/Python/3.13.11/x64
2025-12-24T03:25:34.1083394Z   Python3_ROOT_DIR: /opt/hostedtoolcache/Python/3.13.11/x64
2025-12-24T03:25:34.1083731Z   LD_LIBRARY_PATH: /opt/hostedtoolcache/Python/3.13.11/x64/lib
2025-12-24T03:25:34.1084008Z ##[endgroup]
2025-12-24T03:25:34.1841721Z Syncing repository: Boss-1s/scratchattach
2025-12-24T03:25:34.1842357Z ##[group]Getting Git version info
2025-12-24T03:25:34.1842738Z Working directory is '/home/runner/work/scratchattach/scratchattach'
2025-12-24T03:25:34.1874765Z [command]/usr/bin/git version
2025-12-24T03:25:34.1910369Z git version 2.52.0
2025-12-24T03:25:34.1929815Z ##[endgroup]
2025-12-24T03:25:34.1942886Z Temporarily overriding HOME='/home/runner/work/_temp/6a12414e-9406-4d17-8ab9-d953cd389ec5' before making global git config changes
2025-12-24T03:25:34.1944179Z Adding repository directory to the temporary git global config as a safe directory
2025-12-24T03:25:34.1947522Z [command]/usr/bin/git config --global --add safe.directory /home/runner/work/scratchattach/scratchattach
2025-12-24T03:25:34.1984242Z [command]/usr/bin/git config --local --get remote.origin.url
2025-12-24T03:25:34.2007678Z https://github.com/Boss-1s/scratchattach
2025-12-24T03:25:34.2020586Z ##[group]Removing previously created refs, to avoid conflicts
2025-12-24T03:25:34.2025075Z [command]/usr/bin/git rev-parse --symbolic-full-name --verify --quiet HEAD
2025-12-24T03:25:34.2046171Z refs/heads/main
2025-12-24T03:25:34.2055816Z [command]/usr/bin/git checkout --detach
2025-12-24T03:25:34.6198126Z HEAD is now at 6fa2444 [BOT] Download Logs
2025-12-24T03:25:34.6249216Z [command]/usr/bin/git branch --delete --force main
2025-12-24T03:25:34.6276547Z Deleted branch main (was 6fa2444).
2025-12-24T03:25:34.6313195Z ##[endgroup]
2025-12-24T03:25:34.6316891Z [command]/usr/bin/git submodule status
2025-12-24T03:25:34.6546612Z ##[group]Cleaning the repository
2025-12-24T03:25:34.6551772Z [command]/usr/bin/git clean -ffdx
2025-12-24T03:25:34.6600027Z [command]/usr/bin/git reset --hard HEAD
2025-12-24T03:25:34.6693843Z HEAD is now at 6fa2444 [BOT] Download Logs
2025-12-24T03:25:34.6699154Z ##[endgroup]
2025-12-24T03:25:34.6700609Z ##[group]Disabling automatic garbage collection
2025-12-24T03:25:34.6704723Z [command]/usr/bin/git config --local gc.auto 0
2025-12-24T03:25:34.6730175Z ##[endgroup]
2025-12-24T03:25:34.6730682Z ##[group]Setting up auth
2025-12-24T03:25:34.6731799Z Removing SSH command configuration
2025-12-24T03:25:34.6737462Z [command]/usr/bin/git config --local --name-only --get-regexp core\.sshCommand
2025-12-24T03:25:34.6767256Z [command]/usr/bin/git submodule foreach --recursive sh -c "git config --local --name-only --get-regexp 'core\.sshCommand' && git config --local --unset-all 'core.sshCommand' || :"
2025-12-24T03:25:34.6988043Z Removing HTTP extra header
2025-12-24T03:25:34.6993100Z [command]/usr/bin/git config --local --name-only --get-regexp http\.https\:\/\/github\.com\/\.extraheader
2025-12-24T03:25:34.7025748Z [command]/usr/bin/git submodule foreach --recursive sh -c "git config --local --name-only --get-regexp 'http\.https\:\/\/github\.com\/\.extraheader' && git config --local --unset-all 'http.https://github.com/.extraheader' || :"
2025-12-24T03:25:34.7243857Z Removing includeIf entries pointing to credentials config files
2025-12-24T03:25:34.7249916Z [command]/usr/bin/git config --local --name-only --get-regexp ^includeIf\.gitdir:
2025-12-24T03:25:34.7273280Z includeif.gitdir:/home/runner/work/scratchattach/scratchattach/.git.path
2025-12-24T03:25:34.7274255Z includeif.gitdir:/home/runner/work/scratchattach/scratchattach/.git/worktrees/*.path
2025-12-24T03:25:34.7275082Z includeif.gitdir:/github/workspace/.git.path
2025-12-24T03:25:34.7275703Z includeif.gitdir:/github/workspace/.git/worktrees/*.path
2025-12-24T03:25:34.7282506Z [command]/usr/bin/git config --local --get-all includeif.gitdir:/home/runner/work/scratchattach/scratchattach/.git.path
2025-12-24T03:25:34.7303869Z /home/runner/work/_temp/git-credentials-b05ea298-c50a-4238-8dfc-7b9184a37459.config
2025-12-24T03:25:34.7313214Z [command]/usr/bin/git config --local --unset includeif.gitdir:/home/runner/work/scratchattach/scratchattach/.git.path /home/runner/work/_temp/git-credentials-b05ea298-c50a-4238-8dfc-7b9184a37459.config
2025-12-24T03:25:34.7342062Z [command]/usr/bin/git config --local --get-all includeif.gitdir:/home/runner/work/scratchattach/scratchattach/.git/worktrees/*.path
2025-12-24T03:25:34.7361832Z /home/runner/work/_temp/git-credentials-b05ea298-c50a-4238-8dfc-7b9184a37459.config
2025-12-24T03:25:34.7369810Z [command]/usr/bin/git config --local --unset includeif.gitdir:/home/runner/work/scratchattach/scratchattach/.git/worktrees/*.path /home/runner/work/_temp/git-credentials-b05ea298-c50a-4238-8dfc-7b9184a37459.config
2025-12-24T03:25:34.7398185Z [command]/usr/bin/git config --local --get-all includeif.gitdir:/github/workspace/.git.path
2025-12-24T03:25:34.7418242Z /github/runner_temp/git-credentials-b05ea298-c50a-4238-8dfc-7b9184a37459.config
2025-12-24T03:25:34.7425669Z [command]/usr/bin/git config --local --unset includeif.gitdir:/github/workspace/.git.path /github/runner_temp/git-credentials-b05ea298-c50a-4238-8dfc-7b9184a37459.config
2025-12-24T03:25:34.7455016Z [command]/usr/bin/git config --local --get-all includeif.gitdir:/github/workspace/.git/worktrees/*.path
2025-12-24T03:25:34.7474131Z /github/runner_temp/git-credentials-b05ea298-c50a-4238-8dfc-7b9184a37459.config
2025-12-24T03:25:34.7484112Z [command]/usr/bin/git config --local --unset includeif.gitdir:/github/workspace/.git/worktrees/*.path /github/runner_temp/git-credentials-b05ea298-c50a-4238-8dfc-7b9184a37459.config
2025-12-24T03:25:34.7515329Z [command]/usr/bin/git submodule foreach --recursive git config --local --show-origin --name-only --get-regexp remote.origin.url
2025-12-24T03:25:34.7730991Z Removing credentials config '/home/runner/work/_temp/git-credentials-b05ea298-c50a-4238-8dfc-7b9184a37459.config'
2025-12-24T03:25:34.7743470Z [command]/usr/bin/git config --file /home/runner/work/_temp/git-credentials-f3c2002c-631e-4adc-9f27-e6793f70ee1f.config http.https://github.com/.extraheader AUTHORIZATION: basic ***
2025-12-24T03:25:34.7778052Z [command]/usr/bin/git config --local includeIf.gitdir:/home/runner/work/scratchattach/scratchattach/.git.path /home/runner/work/_temp/git-credentials-f3c2002c-631e-4adc-9f27-e6793f70ee1f.config
2025-12-24T03:25:34.7807120Z [command]/usr/bin/git config --local includeIf.gitdir:/home/runner/work/scratchattach/scratchattach/.git/worktrees/*.path /home/runner/work/_temp/git-credentials-f3c2002c-631e-4adc-9f27-e6793f70ee1f.config
2025-12-24T03:25:34.7837128Z [command]/usr/bin/git config --local includeIf.gitdir:/github/workspace/.git.path /github/runner_temp/git-credentials-f3c2002c-631e-4adc-9f27-e6793f70ee1f.config
2025-12-24T03:25:34.7866568Z [command]/usr/bin/git config --local includeIf.gitdir:/github/workspace/.git/worktrees/*.path /github/runner_temp/git-credentials-f3c2002c-631e-4adc-9f27-e6793f70ee1f.config
2025-12-24T03:25:34.7891481Z ##[endgroup]
2025-12-24T03:25:34.7892067Z ##[group]Fetching the repository
2025-12-24T03:25:34.7901417Z [command]/usr/bin/git -c protocol.version=2 fetch --no-tags --prune --no-recurse-submodules --depth=1 origin +refs/heads/main*:refs/remotes/origin/main* +refs/tags/main*:refs/tags/main*
2025-12-24T03:25:35.2770148Z ##[endgroup]
2025-12-24T03:25:35.2770750Z ##[group]Determining the checkout info
2025-12-24T03:25:35.2777822Z [command]/usr/bin/git branch --list --remote origin/main
2025-12-24T03:25:35.2804006Z   origin/main
2025-12-24T03:25:35.2808412Z ##[endgroup]
2025-12-24T03:25:35.2813335Z [command]/usr/bin/git sparse-checkout disable
2025-12-24T03:25:35.2872643Z [command]/usr/bin/git config --local --unset-all extensions.worktreeConfig
2025-12-24T03:25:35.2898773Z ##[group]Checking out the ref
2025-12-24T03:25:35.2903291Z [command]/usr/bin/git checkout --progress --force -B main refs/remotes/origin/main
2025-12-24T03:25:35.2974368Z Switched to a new branch 'main'
2025-12-24T03:25:35.2976679Z branch 'main' set up to track 'origin/main'.
2025-12-24T03:25:35.2982343Z ##[endgroup]
2025-12-24T03:25:35.3016833Z [command]/usr/bin/git log -1 --format=%H
2025-12-24T03:25:35.3040300Z 6fa2444b66a7ed19ec702446d8708b272000ce72
2025-12-24T03:25:35.3148428Z ##[group]Run python3 aesthetic_prioritizing.py
2025-12-24T03:25:35.3148783Z [36;1mpython3 aesthetic_prioritizing.py[0m
2025-12-24T03:25:35.3181652Z shell: /usr/bin/bash -e {0}
2025-12-24T03:25:35.3181874Z env:
2025-12-24T03:25:35.3182117Z   pythonLocation: /opt/hostedtoolcache/Python/3.13.11/x64
2025-12-24T03:25:35.3182521Z   PKG_CONFIG_PATH: /opt/hostedtoolcache/Python/3.13.11/x64/lib/pkgconfig
2025-12-24T03:25:35.3182909Z   Python_ROOT_DIR: /opt/hostedtoolcache/Python/3.13.11/x64
2025-12-24T03:25:35.3183259Z   Python2_ROOT_DIR: /opt/hostedtoolcache/Python/3.13.11/x64
2025-12-24T03:25:35.3183617Z   Python3_ROOT_DIR: /opt/hostedtoolcache/Python/3.13.11/x64
2025-12-24T03:25:35.3183982Z   LD_LIBRARY_PATH: /opt/hostedtoolcache/Python/3.13.11/x64/lib
2025-12-24T03:25:35.3184436Z   PASS: ***
2025-12-24T03:25:35.3184612Z ##[endgroup]
2025-12-24T03:25:40.0330396Z Prioritizing: Attempt 1
2025-12-24T03:25:40.0337255Z Projects already on top. No prioritizing needed.
2025-12-24T03:25:40.0343525Z Prioritized projects in your favorite list.
2025-12-24T03:25:40.0349786Z Prioritizing: Attempt 1
2025-12-24T03:25:40.4093888Z Unfollowed stuido 50609120
2025-12-24T03:26:15.4105335Z Followed studio 50609120 to move it to the top
2025-12-24T03:27:00.9058118Z Unfollowed stuido 50609126
2025-12-24T03:27:35.9069366Z Followed studio 50609126 to move it to the top
2025-12-24T03:28:21.3989592Z Unfollowed stuido 50609128
2025-12-24T03:28:56.4000489Z Followed studio 50609128 to move it to the top
2025-12-24T03:29:41.8889078Z Unfollowed stuido 50609129
2025-12-24T03:30:16.8900613Z Followed studio 50609129 to move it to the top
2025-12-24T03:31:07.4691277Z Prioritized studios in your favorite list.
2025-12-24T03:31:07.5002897Z Post job cleanup.
2025-12-24T03:31:07.5761337Z [command]/usr/bin/git version
2025-12-24T03:31:07.5796049Z git version 2.52.0
2025-12-24T03:31:07.5832864Z Temporarily overriding HOME='/home/runner/work/_temp/6d601e3b-9952-4988-acef-847acddab2d0' before making global git config changes
2025-12-24T03:31:07.5834161Z Adding repository directory to the temporary git global config as a safe directory
2025-12-24T03:31:07.5838709Z [command]/usr/bin/git config --global --add safe.directory /home/runner/work/scratchattach/scratchattach
2025-12-24T03:31:07.5868106Z Removing SSH command configuration
2025-12-24T03:31:07.5874469Z [command]/usr/bin/git config --local --name-only --get-regexp core\.sshCommand
2025-12-24T03:31:07.5932426Z [command]/usr/bin/git submodule foreach --recursive sh -c "git config --local --name-only --get-regexp 'core\.sshCommand' && git config --local --unset-all 'core.sshCommand' || :"
2025-12-24T03:31:07.6156044Z Removing HTTP extra header
2025-12-24T03:31:07.6161100Z [command]/usr/bin/git config --local --name-only --get-regexp http\.https\:\/\/github\.com\/\.extraheader
2025-12-24T03:31:07.6192771Z [command]/usr/bin/git submodule foreach --recursive sh -c "git config --local --name-only --get-regexp 'http\.https\:\/\/github\.com\/\.extraheader' && git config --local --unset-all 'http.https://github.com/.extraheader' || :"
2025-12-24T03:31:07.6417589Z Removing includeIf entries pointing to credentials config files
2025-12-24T03:31:07.6418357Z [command]/usr/bin/git config --local --name-only --get-regexp ^includeIf\.gitdir:
2025-12-24T03:31:07.6439281Z includeif.gitdir:/home/runner/work/scratchattach/scratchattach/.git.path
2025-12-24T03:31:07.6440082Z includeif.gitdir:/home/runner/work/scratchattach/scratchattach/.git/worktrees/*.path
2025-12-24T03:31:07.6440532Z includeif.gitdir:/github/workspace/.git.path
2025-12-24T03:31:07.6440855Z includeif.gitdir:/github/workspace/.git/worktrees/*.path
2025-12-24T03:31:07.6449040Z [command]/usr/bin/git config --local --get-all includeif.gitdir:/home/runner/work/scratchattach/scratchattach/.git.path
2025-12-24T03:31:07.6469751Z /home/runner/work/_temp/git-credentials-f3c2002c-631e-4adc-9f27-e6793f70ee1f.config
2025-12-24T03:31:07.6479590Z [command]/usr/bin/git config --local --unset includeif.gitdir:/home/runner/work/scratchattach/scratchattach/.git.path /home/runner/work/_temp/git-credentials-f3c2002c-631e-4adc-9f27-e6793f70ee1f.config
2025-12-24T03:31:07.6511700Z [command]/usr/bin/git config --local --get-all includeif.gitdir:/home/runner/work/scratchattach/scratchattach/.git/worktrees/*.path
2025-12-24T03:31:07.6532830Z /home/runner/work/_temp/git-credentials-f3c2002c-631e-4adc-9f27-e6793f70ee1f.config
2025-12-24T03:31:07.6541939Z [command]/usr/bin/git config --local --unset includeif.gitdir:/home/runner/work/scratchattach/scratchattach/.git/worktrees/*.path /home/runner/work/_temp/git-credentials-f3c2002c-631e-4adc-9f27-e6793f70ee1f.config
2025-12-24T03:31:07.6571859Z [command]/usr/bin/git config --local --get-all includeif.gitdir:/github/workspace/.git.path
2025-12-24T03:31:07.6592668Z /github/runner_temp/git-credentials-f3c2002c-631e-4adc-9f27-e6793f70ee1f.config
2025-12-24T03:31:07.6600466Z [command]/usr/bin/git config --local --unset includeif.gitdir:/github/workspace/.git.path /github/runner_temp/git-credentials-f3c2002c-631e-4adc-9f27-e6793f70ee1f.config
2025-12-24T03:31:07.6631360Z [command]/usr/bin/git config --local --get-all includeif.gitdir:/github/workspace/.git/worktrees/*.path
2025-12-24T03:31:07.6652055Z /github/runner_temp/git-credentials-f3c2002c-631e-4adc-9f27-e6793f70ee1f.config
2025-12-24T03:31:07.6661152Z [command]/usr/bin/git config --local --unset includeif.gitdir:/github/workspace/.git/worktrees/*.path /github/runner_temp/git-credentials-f3c2002c-631e-4adc-9f27-e6793f70ee1f.config
2025-12-24T03:31:07.6692209Z [command]/usr/bin/git submodule foreach --recursive git config --local --show-origin --name-only --get-regexp remote.origin.url
2025-12-24T03:31:07.6906187Z Removing credentials config '/home/runner/work/_temp/git-credentials-f3c2002c-631e-4adc-9f27-e6793f70ee1f.config'
2025-12-24T03:31:07.7024890Z Post job cleanup.
2025-12-24T03:31:07.8384851Z (node:2616) [DEP0040] DeprecationWarning: The `punycode` module is deprecated. Please use a userland alternative instead.
2025-12-24T03:31:07.8386369Z (Use `node --trace-deprecation ...` to show where the warning was created)
2025-12-24T03:31:07.8560709Z Post job cleanup.
2025-12-24T03:31:07.9624481Z [command]/usr/bin/git version
2025-12-24T03:31:07.9665115Z git version 2.52.0
2025-12-24T03:31:07.9734536Z Temporarily overriding HOME='/home/runner/work/_temp/27b78a0a-3cd9-4127-846b-ae069182074f' before making global git config changes
2025-12-24T03:31:07.9735823Z Adding repository directory to the temporary git global config as a safe directory
2025-12-24T03:31:07.9740673Z [command]/usr/bin/git config --global --add safe.directory /home/runner/work/scratchattach/scratchattach
2025-12-24T03:31:07.9771107Z Removing SSH command configuration
2025-12-24T03:31:07.9778119Z [command]/usr/bin/git config --local --name-only --get-regexp core\.sshCommand
2025-12-24T03:31:07.9813051Z [command]/usr/bin/git submodule foreach --recursive sh -c "git config --local --name-only --get-regexp 'core\.sshCommand' && git config --local --unset-all 'core.sshCommand' || :"
2025-12-24T03:31:08.0054153Z Removing HTTP extra header
2025-12-24T03:31:08.0059381Z [command]/usr/bin/git config --local --name-only --get-regexp http\.https\:\/\/github\.com\/\.extraheader
2025-12-24T03:31:08.0089940Z [command]/usr/bin/git submodule foreach --recursive sh -c "git config --local --name-only --get-regexp 'http\.https\:\/\/github\.com\/\.extraheader' && git config --local --unset-all 'http.https://github.com/.extraheader' || :"
2025-12-24T03:31:08.0306729Z Removing includeIf entries pointing to credentials config files
2025-12-24T03:31:08.0312399Z [command]/usr/bin/git config --local --name-only --get-regexp ^includeIf\.gitdir:
2025-12-24T03:31:08.0341846Z [command]/usr/bin/git submodule foreach --recursive git config --local --show-origin --name-only --get-regexp remote.origin.url
2025-12-24T03:31:08.0667744Z Cleaning up orphan processes
