2025-12-24T15:13:39.1374694Z Current runner version: '2.330.0'
2025-12-24T15:13:39.1400319Z ##[group]Runner Image Provisioner
2025-12-24T15:13:39.1401116Z Hosted Compute Agent
2025-12-24T15:13:39.1401892Z Version: 20251211.462
2025-12-24T15:13:39.1402944Z Commit: 6cbad8c2bb55d58165063d031ccabf57e2d2db61
2025-12-24T15:13:39.1404310Z Build Date: 2025-12-11T16:28:49Z
2025-12-24T15:13:39.1405407Z Worker ID: {c4273124-32cc-45be-8cef-10d406757803}
2025-12-24T15:13:39.1406489Z ##[endgroup]
2025-12-24T15:13:39.1407190Z ##[group]Operating System
2025-12-24T15:13:39.1408104Z Microsoft Windows Server 2025
2025-12-24T15:13:39.1408983Z 10.0.26100
2025-12-24T15:13:39.1409691Z Datacenter
2025-12-24T15:13:39.1410390Z ##[endgroup]
2025-12-24T15:13:39.1411192Z ##[group]Runner Image
2025-12-24T15:13:39.1411968Z Image: windows-2025
2025-12-24T15:13:39.1412825Z Version: 20251216.149.1
2025-12-24T15:13:39.1415126Z Included Software: https://github.com/actions/runner-images/blob/win25/20251216.149/images/windows/Windows2025-Readme.md
2025-12-24T15:13:39.1417865Z Image Release: https://github.com/actions/runner-images/releases/tag/win25%2F20251216.149
2025-12-24T15:13:39.1419347Z ##[endgroup]
2025-12-24T15:13:39.1420896Z ##[group]GITHUB_TOKEN Permissions
2025-12-24T15:13:39.1423234Z Contents: read
2025-12-24T15:13:39.1424347Z Metadata: read
2025-12-24T15:13:39.1425068Z ##[endgroup]
2025-12-24T15:13:39.1427887Z Secret source: Actions
2025-12-24T15:13:39.1428948Z Prepare workflow directory
2025-12-24T15:13:39.1876259Z Prepare all required actions
2025-12-24T15:13:39.1931367Z Getting action download info
2025-12-24T15:13:39.5985893Z Download action repository 'actions/checkout@v6.0.1' (SHA:8e8c483db84b4bee98b60c0593521ed34d9990e8)
2025-12-24T15:13:39.7805501Z Download action repository 'actions/setup-python@v6.1.0' (SHA:83679a892e2d95755f2dac6acb0bfd1e9ac5d548)
2025-12-24T15:13:40.1719598Z Complete job name: build (3.14, windows-latest)
2025-12-24T15:13:40.4842628Z ##[group]Run actions/checkout@v6.0.1
2025-12-24T15:13:40.4844204Z with:
2025-12-24T15:13:40.4845000Z   ref: scratch_chat_dev
2025-12-24T15:13:40.4845931Z   repository: Boss-1s/scratchattach
2025-12-24T15:13:40.4847253Z   token: ***
2025-12-24T15:13:40.4848032Z   ssh-strict: true
2025-12-24T15:13:40.4848850Z   ssh-user: git
2025-12-24T15:13:40.4849676Z   persist-credentials: true
2025-12-24T15:13:40.4850596Z   clean: true
2025-12-24T15:13:40.4851399Z   sparse-checkout-cone-mode: true
2025-12-24T15:13:40.4852459Z   fetch-depth: 1
2025-12-24T15:13:40.4853632Z   fetch-tags: false
2025-12-24T15:13:40.4854432Z   show-progress: true
2025-12-24T15:13:40.4855211Z   lfs: false
2025-12-24T15:13:40.4855931Z   submodules: false
2025-12-24T15:13:40.4856731Z   set-safe-directory: true
2025-12-24T15:13:40.4857849Z ##[endgroup]
2025-12-24T15:13:40.6475590Z Syncing repository: Boss-1s/scratchattach
2025-12-24T15:13:40.6478694Z ##[group]Getting Git version info
2025-12-24T15:13:40.6480344Z Working directory is 'D:\a\scratchattach\scratchattach'
2025-12-24T15:13:40.7760796Z [command]"C:\Program Files\Git\bin\git.exe" version
2025-12-24T15:13:41.3464779Z git version 2.52.0.windows.1
2025-12-24T15:13:41.3514283Z ##[endgroup]
2025-12-24T15:13:41.3534708Z Temporarily overriding HOME='D:\a\_temp\16540c62-ce81-4f87-84ff-e1c6ce92f0d8' before making global git config changes
2025-12-24T15:13:41.3537334Z Adding repository directory to the temporary git global config as a safe directory
2025-12-24T15:13:41.3545244Z [command]"C:\Program Files\Git\bin\git.exe" config --global --add safe.directory D:\a\scratchattach\scratchattach
2025-12-24T15:13:41.4202229Z Deleting the contents of 'D:\a\scratchattach\scratchattach'
2025-12-24T15:13:41.4208106Z ##[group]Initializing the repository
2025-12-24T15:13:41.4217901Z [command]"C:\Program Files\Git\bin\git.exe" init D:\a\scratchattach\scratchattach
2025-12-24T15:13:41.5199983Z Initialized empty Git repository in D:/a/scratchattach/scratchattach/.git/
2025-12-24T15:13:41.5244857Z [command]"C:\Program Files\Git\bin\git.exe" remote add origin https://github.com/Boss-1s/scratchattach
2025-12-24T15:13:41.5866355Z ##[endgroup]
2025-12-24T15:13:41.5867744Z ##[group]Disabling automatic garbage collection
2025-12-24T15:13:41.5874116Z [command]"C:\Program Files\Git\bin\git.exe" config --local gc.auto 0
2025-12-24T15:13:41.6156385Z ##[endgroup]
2025-12-24T15:13:41.6157826Z ##[group]Setting up auth
2025-12-24T15:13:41.6159037Z Removing SSH command configuration
2025-12-24T15:13:41.6169231Z [command]"C:\Program Files\Git\bin\git.exe" config --local --name-only --get-regexp core\.sshCommand
2025-12-24T15:13:41.6536482Z [command]"C:\Program Files\Git\bin\git.exe" submodule foreach --recursive "sh -c \"git config --local --name-only --get-regexp 'core\.sshCommand' && git config --local --unset-all 'core.sshCommand' || :\""
2025-12-24T15:13:43.1185160Z Removing HTTP extra header
2025-12-24T15:13:43.1194647Z [command]"C:\Program Files\Git\bin\git.exe" config --local --name-only --get-regexp http\.https\:\/\/github\.com\/\.extraheader
2025-12-24T15:13:43.1484539Z [command]"C:\Program Files\Git\bin\git.exe" submodule foreach --recursive "sh -c \"git config --local --name-only --get-regexp 'http\.https\:\/\/github\.com\/\.extraheader' && git config --local --unset-all 'http.https://github.com/.extraheader' || :\""
2025-12-24T15:13:43.6389927Z Removing includeIf entries pointing to credentials config files
2025-12-24T15:13:43.6400364Z [command]"C:\Program Files\Git\bin\git.exe" config --local --name-only --get-regexp ^includeIf\.gitdir:
2025-12-24T15:13:43.6688564Z [command]"C:\Program Files\Git\bin\git.exe" submodule foreach --recursive "git config --local --show-origin --name-only --get-regexp remote.origin.url"
2025-12-24T15:13:44.1935388Z [command]"C:\Program Files\Git\bin\git.exe" config --file D:\a\_temp\git-credentials-fb9c309e-559f-4968-96e0-7a311a1bece8.config http.https://github.com/.extraheader "AUTHORIZATION: basic ***"
2025-12-24T15:13:44.2237306Z [command]"C:\Program Files\Git\bin\git.exe" config --local includeIf.gitdir:D:/a/scratchattach/scratchattach/.git.path D:\a\_temp\git-credentials-fb9c309e-559f-4968-96e0-7a311a1bece8.config
2025-12-24T15:13:44.2529742Z [command]"C:\Program Files\Git\bin\git.exe" config --local includeIf.gitdir:D:/a/scratchattach/scratchattach/.git/worktrees/*.path D:\a\_temp\git-credentials-fb9c309e-559f-4968-96e0-7a311a1bece8.config
2025-12-24T15:13:44.2860833Z [command]"C:\Program Files\Git\bin\git.exe" config --local includeIf.gitdir:/github/workspace/.git.path /github/runner_temp/git-credentials-fb9c309e-559f-4968-96e0-7a311a1bece8.config
2025-12-24T15:13:44.3144294Z [command]"C:\Program Files\Git\bin\git.exe" config --local includeIf.gitdir:/github/workspace/.git/worktrees/*.path /github/runner_temp/git-credentials-fb9c309e-559f-4968-96e0-7a311a1bece8.config
2025-12-24T15:13:44.3443997Z ##[endgroup]
2025-12-24T15:13:44.3444604Z ##[group]Fetching the repository
2025-12-24T15:13:44.3458628Z [command]"C:\Program Files\Git\bin\git.exe" -c protocol.version=2 fetch --no-tags --prune --no-recurse-submodules --depth=1 origin +refs/heads/scratch_chat_dev*:refs/remotes/origin/scratch_chat_dev* +refs/tags/scratch_chat_dev*:refs/tags/scratch_chat_dev*
2025-12-24T15:13:48.0234224Z From https://github.com/Boss-1s/scratchattach
2025-12-24T15:13:48.0235169Z  * [new branch]      scratch_chat_dev -> origin/scratch_chat_dev
2025-12-24T15:13:48.0544319Z ##[endgroup]
2025-12-24T15:13:48.0544843Z ##[group]Determining the checkout info
2025-12-24T15:13:48.0554713Z [command]"C:\Program Files\Git\bin\git.exe" branch --list --remote origin/scratch_chat_dev
2025-12-24T15:13:48.0923932Z   origin/scratch_chat_dev
2025-12-24T15:13:48.0956953Z ##[endgroup]
2025-12-24T15:13:48.0964686Z [command]"C:\Program Files\Git\bin\git.exe" sparse-checkout disable
2025-12-24T15:13:48.1442233Z [command]"C:\Program Files\Git\bin\git.exe" config --local --unset-all extensions.worktreeConfig
2025-12-24T15:13:48.1735048Z ##[group]Checking out the ref
2025-12-24T15:13:48.1744357Z [command]"C:\Program Files\Git\bin\git.exe" checkout --progress --force -B scratch_chat_dev refs/remotes/origin/scratch_chat_dev
2025-12-24T15:13:49.2812413Z Updating files:  83% (1902/2270)
2025-12-24T15:13:49.2892062Z Updating files:  84% (1907/2270)
2025-12-24T15:13:49.3062425Z Updating files:  85% (1930/2270)
2025-12-24T15:13:49.3151128Z Updating files:  86% (1953/2270)
2025-12-24T15:13:49.3242155Z Updating files:  87% (1975/2270)
2025-12-24T15:13:49.3342611Z Updating files:  88% (1998/2270)
2025-12-24T15:13:49.3412407Z Updating files:  89% (2021/2270)
2025-12-24T15:13:49.3520364Z Updating files:  90% (2043/2270)
2025-12-24T15:13:49.3657807Z Updating files:  91% (2066/2270)
2025-12-24T15:13:49.3742740Z Updating files:  92% (2089/2270)
2025-12-24T15:13:49.3834533Z Updating files:  93% (2112/2270)
2025-12-24T15:13:49.3922823Z Updating files:  94% (2134/2270)
2025-12-24T15:13:49.4013174Z Updating files:  95% (2157/2270)
2025-12-24T15:13:49.4096920Z Updating files:  96% (2180/2270)
2025-12-24T15:13:49.4273341Z Updating files:  97% (2202/2270)
2025-12-24T15:13:49.4384190Z Updating files:  98% (2225/2270)
2025-12-24T15:13:49.4451828Z Updating files:  99% (2248/2270)
2025-12-24T15:13:49.4452211Z Updating files: 100% (2270/2270)
2025-12-24T15:13:49.4452589Z Updating files: 100% (2270/2270), done.
2025-12-24T15:13:49.4659842Z branch 'scratch_chat_dev' set up to track 'origin/scratch_chat_dev'.
2025-12-24T15:13:49.4672856Z Switched to a new branch 'scratch_chat_dev'
2025-12-24T15:13:49.4774080Z ##[endgroup]
2025-12-24T15:13:49.5166469Z [command]"C:\Program Files\Git\bin\git.exe" log -1 --format=%H
2025-12-24T15:13:49.5441212Z c5b9feb6052f0f9c9cd05e27557e8fd5d0352d25
2025-12-24T15:13:49.5860897Z ##[group]Run actions/setup-python@v6.1.0
2025-12-24T15:13:49.5861208Z with:
2025-12-24T15:13:49.5861374Z   python-version: 3.14
2025-12-24T15:13:49.5861574Z   check-latest: false
2025-12-24T15:13:49.5861880Z   token: ***
2025-12-24T15:13:49.5862057Z   update-environment: true
2025-12-24T15:13:49.5862270Z   allow-prereleases: false
2025-12-24T15:13:49.5862464Z   freethreaded: false
2025-12-24T15:13:49.5862653Z ##[endgroup]
2025-12-24T15:13:49.7379654Z ##[group]Installed versions
2025-12-24T15:13:49.7611636Z (node:1392) [DEP0040] DeprecationWarning: The `punycode` module is deprecated. Please use a userland alternative instead.
2025-12-24T15:13:49.7612711Z (Use `node --trace-deprecation ...` to show where the warning was created)
2025-12-24T15:13:49.7613781Z Successfully set up CPython (3.14.2)
2025-12-24T15:13:49.7614444Z ##[endgroup]
2025-12-24T15:13:49.7889270Z ##[group]Run cd test
2025-12-24T15:13:49.7889551Z [36;1mcd test[0m
2025-12-24T15:13:49.7889732Z [36;1mpython3 test5.py[0m
2025-12-24T15:13:49.8764673Z shell: C:\Program Files\PowerShell\7\pwsh.EXE -command ". '{0}'"
2025-12-24T15:13:49.8765003Z env:
2025-12-24T15:13:49.8765265Z   pythonLocation: C:\hostedtoolcache\windows\Python\3.14.2\x64
2025-12-24T15:13:49.8765705Z   PKG_CONFIG_PATH: C:\hostedtoolcache\windows\Python\3.14.2\x64/lib/pkgconfig
2025-12-24T15:13:49.8766152Z   Python_ROOT_DIR: C:\hostedtoolcache\windows\Python\3.14.2\x64
2025-12-24T15:13:49.8766548Z   Python2_ROOT_DIR: C:\hostedtoolcache\windows\Python\3.14.2\x64
2025-12-24T15:13:49.8766934Z   Python3_ROOT_DIR: C:\hostedtoolcache\windows\Python\3.14.2\x64
2025-12-24T15:13:49.8767227Z ##[endgroup]
2025-12-24T15:13:56.4318131Z File 'test.json' not found. Creating a new one.
2025-12-24T15:13:56.4387568Z Data for key 'test_top_level_key' stored successfully in 'test.json'.
2025-12-24T15:13:56.4455555Z Data for key 'test_top_level_key2' stored successfully in 'test.json'.
2025-12-24T15:13:56.4521387Z Data for key 'test_top_level_key2' stored successfully in 'test.json'.
2025-12-24T15:13:58.4604442Z Data for key 'test_top_level_key' stored successfully in 'test.json'.
2025-12-24T15:13:58.4666129Z Sucessfully changed value skibidi toilet to sigma under key test_top_level_key.sk2.
2025-12-24T15:14:02.4762211Z Successfully deleted key 'test_top_level_key2' from 'test.json'.
2025-12-24T15:14:03.4842345Z Deleted all data from test.json sucessfully.
2025-12-24T15:14:03.4858497Z File 'test.json' not found. Creating a new one.
2025-12-24T15:14:03.4858998Z Data for key 'test_top_level_key' stored successfully in 'test.json'.
2025-12-24T15:14:03.4859471Z Sucessfully added values ['val1', 'skibidi toilet'] to subkeys ['sk1', 'sk2'], respectively.
2025-12-24T15:14:03.4859932Z Data for key 'test_top_level_key2' stored successfully in 'test.json'.
2025-12-24T15:14:03.4860401Z Sucessfully added values ['val1', 'the fate of sigma'] to subkeys ['sk1', 'sk2'], respectively.
2025-12-24T15:14:03.4860855Z Data for key 'test_top_level_key2' stored successfully in 'test.json'.
2025-12-24T15:14:03.4861284Z Sucessfully added values ['val3', 'the fate of shard'] to subkeys ['sk3', 'sk4'], respectively.
2025-12-24T15:14:03.4861718Z Data for key 'test_top_level_key' stored successfully in 'test.json'.
2025-12-24T15:14:03.4862139Z Sucessfully changed value skibidi toilet to sigma under key test_top_level_key.sk2.
2025-12-24T15:14:03.4862516Z Sucessfully set subkey sk2 to value sigma.
2025-12-24T15:14:03.4862779Z ['test_top_level_key', 'test_top_level_key2']
2025-12-24T15:14:03.4863023Z ['sk1: val1', 'sk2: sigma']
2025-12-24T15:14:03.4863296Z Successfully deleted key 'test_top_level_key2' from 'test.json'.
2025-12-24T15:14:03.4863679Z Sucessfully deleted key test_top_level_key2 and all its child data.
2025-12-24T15:14:03.4864010Z Deleted all data from test.json sucessfully.
2025-12-24T15:14:03.4864268Z Sucessfully deleted all data from test.json.
2025-12-24T15:14:03.4864508Z test passed sucessfully
2025-12-24T15:14:03.7981860Z Post job cleanup.
2025-12-24T15:14:03.9413775Z (node:8968) [DEP0040] DeprecationWarning: The `punycode` module is deprecated. Please use a userland alternative instead.
2025-12-24T15:14:03.9414420Z (Use `node --trace-deprecation ...` to show where the warning was created)
2025-12-24T15:14:03.9683078Z Post job cleanup.
2025-12-24T15:14:04.1683663Z [command]"C:\Program Files\Git\bin\git.exe" version
2025-12-24T15:14:04.1948859Z git version 2.52.0.windows.1
2025-12-24T15:14:04.2022369Z Temporarily overriding HOME='D:\a\_temp\7f110c3b-f87c-4b48-987b-af320dbd2677' before making global git config changes
2025-12-24T15:14:04.2023444Z Adding repository directory to the temporary git global config as a safe directory
2025-12-24T15:14:04.2032740Z [command]"C:\Program Files\Git\bin\git.exe" config --global --add safe.directory D:\a\scratchattach\scratchattach
2025-12-24T15:14:04.2335787Z Removing SSH command configuration
2025-12-24T15:14:04.2346684Z [command]"C:\Program Files\Git\bin\git.exe" config --local --name-only --get-regexp core\.sshCommand
2025-12-24T15:14:04.2654495Z [command]"C:\Program Files\Git\bin\git.exe" submodule foreach --recursive "sh -c \"git config --local --name-only --get-regexp 'core\.sshCommand' && git config --local --unset-all 'core.sshCommand' || :\""
2025-12-24T15:14:04.7805046Z Removing HTTP extra header
2025-12-24T15:14:04.7814909Z [command]"C:\Program Files\Git\bin\git.exe" config --local --name-only --get-regexp http\.https\:\/\/github\.com\/\.extraheader
2025-12-24T15:14:04.8160504Z [command]"C:\Program Files\Git\bin\git.exe" submodule foreach --recursive "sh -c \"git config --local --name-only --get-regexp 'http\.https\:\/\/github\.com\/\.extraheader' && git config --local --unset-all 'http.https://github.com/.extraheader' || :\""
2025-12-24T15:14:05.3676128Z Removing includeIf entries pointing to credentials config files
2025-12-24T15:14:05.3689061Z [command]"C:\Program Files\Git\bin\git.exe" config --local --name-only --get-regexp ^includeIf\.gitdir:
2025-12-24T15:14:05.3950122Z includeif.gitdir:D:/a/scratchattach/scratchattach/.git.path
2025-12-24T15:14:05.3950588Z includeif.gitdir:D:/a/scratchattach/scratchattach/.git/worktrees/*.path
2025-12-24T15:14:05.3950957Z includeif.gitdir:/github/workspace/.git.path
2025-12-24T15:14:05.3951310Z includeif.gitdir:/github/workspace/.git/worktrees/*.path
2025-12-24T15:14:05.3991198Z [command]"C:\Program Files\Git\bin\git.exe" config --local --get-all includeif.gitdir:D:/a/scratchattach/scratchattach/.git.path
2025-12-24T15:14:05.4242750Z D:\a\_temp\git-credentials-fb9c309e-559f-4968-96e0-7a311a1bece8.config
2025-12-24T15:14:05.4286513Z [command]"C:\Program Files\Git\bin\git.exe" config --local --unset includeif.gitdir:D:/a/scratchattach/scratchattach/.git.path D:\a\_temp\git-credentials-fb9c309e-559f-4968-96e0-7a311a1bece8.config
2025-12-24T15:14:05.4590424Z [command]"C:\Program Files\Git\bin\git.exe" config --local --get-all includeif.gitdir:D:/a/scratchattach/scratchattach/.git/worktrees/*.path
2025-12-24T15:14:05.4847502Z D:\a\_temp\git-credentials-fb9c309e-559f-4968-96e0-7a311a1bece8.config
2025-12-24T15:14:05.4887220Z [command]"C:\Program Files\Git\bin\git.exe" config --local --unset includeif.gitdir:D:/a/scratchattach/scratchattach/.git/worktrees/*.path D:\a\_temp\git-credentials-fb9c309e-559f-4968-96e0-7a311a1bece8.config
2025-12-24T15:14:05.5175993Z [command]"C:\Program Files\Git\bin\git.exe" config --local --get-all includeif.gitdir:/github/workspace/.git.path
2025-12-24T15:14:05.5431109Z /github/runner_temp/git-credentials-fb9c309e-559f-4968-96e0-7a311a1bece8.config
2025-12-24T15:14:05.5466733Z [command]"C:\Program Files\Git\bin\git.exe" config --local --unset includeif.gitdir:/github/workspace/.git.path /github/runner_temp/git-credentials-fb9c309e-559f-4968-96e0-7a311a1bece8.config
2025-12-24T15:14:05.5755125Z [command]"C:\Program Files\Git\bin\git.exe" config --local --get-all includeif.gitdir:/github/workspace/.git/worktrees/*.path
2025-12-24T15:14:05.5999077Z /github/runner_temp/git-credentials-fb9c309e-559f-4968-96e0-7a311a1bece8.config
2025-12-24T15:14:05.6035962Z [command]"C:\Program Files\Git\bin\git.exe" config --local --unset includeif.gitdir:/github/workspace/.git/worktrees/*.path /github/runner_temp/git-credentials-fb9c309e-559f-4968-96e0-7a311a1bece8.config
2025-12-24T15:14:05.6327820Z [command]"C:\Program Files\Git\bin\git.exe" submodule foreach --recursive "git config --local --show-origin --name-only --get-regexp remote.origin.url"
2025-12-24T15:14:06.1534910Z Removing credentials config 'D:\a\_temp\git-credentials-fb9c309e-559f-4968-96e0-7a311a1bece8.config'
2025-12-24T15:14:06.1702363Z Cleaning up orphan processes
