2025-12-31T15:46:40.0235157Z Current runner version: '2.330.0'
2025-12-31T15:46:40.0268068Z ##[group]Runner Image Provisioner
2025-12-31T15:46:40.0269528Z Hosted Compute Agent
2025-12-31T15:46:40.0270407Z Version: 20251211.462
2025-12-31T15:46:40.0271309Z Commit: 6cbad8c2bb55d58165063d031ccabf57e2d2db61
2025-12-31T15:46:40.0272334Z Build Date: 2025-12-11T16:28:49Z
2025-12-31T15:46:40.0273313Z Worker ID: {df937a8d-8854-4f15-8d79-f1e8b4bbbbdf}
2025-12-31T15:46:40.0274300Z ##[endgroup]
2025-12-31T15:46:40.0274979Z ##[group]Operating System
2025-12-31T15:46:40.0275867Z Ubuntu
2025-12-31T15:46:40.0276719Z 24.04.3
2025-12-31T15:46:40.0277374Z LTS
2025-12-31T15:46:40.0278030Z ##[endgroup]
2025-12-31T15:46:40.0278739Z ##[group]Runner Image
2025-12-31T15:46:40.0279464Z Image: ubuntu-24.04
2025-12-31T15:46:40.0280108Z Version: 20251215.174.1
2025-12-31T15:46:40.0281639Z Included Software: https://github.com/actions/runner-images/blob/ubuntu24/20251215.174/images/ubuntu/Ubuntu2404-Readme.md
2025-12-31T15:46:40.0284018Z Image Release: https://github.com/actions/runner-images/releases/tag/ubuntu24%2F20251215.174
2025-12-31T15:46:40.0285541Z ##[endgroup]
2025-12-31T15:46:40.0287244Z ##[group]GITHUB_TOKEN Permissions
2025-12-31T15:46:40.0290230Z Contents: read
2025-12-31T15:46:40.0291021Z Metadata: read
2025-12-31T15:46:40.0291803Z ##[endgroup]
2025-12-31T15:46:40.0294736Z Secret source: Actions
2025-12-31T15:46:40.0295743Z Prepare workflow directory
2025-12-31T15:46:40.0688569Z Prepare all required actions
2025-12-31T15:46:40.0745638Z Getting action download info
2025-12-31T15:46:40.3790485Z Download action repository 'actions/checkout@v6.0.1' (SHA:8e8c483db84b4bee98b60c0593521ed34d9990e8)
2025-12-31T15:46:40.4532684Z Download action repository 'actions/setup-python@v6.1.0' (SHA:83679a892e2d95755f2dac6acb0bfd1e9ac5d548)
2025-12-31T15:46:40.6179926Z Complete job name: build (3.10, ubuntu-latest)
2025-12-31T15:46:40.6814999Z ##[group]Run actions/checkout@v6.0.1
2025-12-31T15:46:40.6815933Z with:
2025-12-31T15:46:40.6816581Z   ref: scratch_chat_dev
2025-12-31T15:46:40.6817221Z   repository: Boss-1s/scratchattach
2025-12-31T15:46:40.6818019Z   token: ***
2025-12-31T15:46:40.6818472Z   ssh-strict: true
2025-12-31T15:46:40.6819028Z   ssh-user: git
2025-12-31T15:46:40.6819530Z   persist-credentials: true
2025-12-31T15:46:40.6820044Z   clean: true
2025-12-31T15:46:40.6820566Z   sparse-checkout-cone-mode: true
2025-12-31T15:46:40.6821126Z   fetch-depth: 1
2025-12-31T15:46:40.6821636Z   fetch-tags: false
2025-12-31T15:46:40.6822126Z   show-progress: true
2025-12-31T15:46:40.6822633Z   lfs: false
2025-12-31T15:46:40.6823070Z   submodules: false
2025-12-31T15:46:40.6823581Z   set-safe-directory: true
2025-12-31T15:46:40.6824400Z ##[endgroup]
2025-12-31T15:46:40.7699318Z Syncing repository: Boss-1s/scratchattach
2025-12-31T15:46:40.7701413Z ##[group]Getting Git version info
2025-12-31T15:46:40.7702486Z Working directory is '/home/runner/work/scratchattach/scratchattach'
2025-12-31T15:46:40.7703818Z [command]/usr/bin/git version
2025-12-31T15:46:40.7732915Z git version 2.52.0
2025-12-31T15:46:40.7751669Z ##[endgroup]
2025-12-31T15:46:40.7766975Z Temporarily overriding HOME='/home/runner/work/_temp/364c5c05-4f3c-4dab-9265-0ae6a7a4cf03' before making global git config changes
2025-12-31T15:46:40.7772711Z Adding repository directory to the temporary git global config as a safe directory
2025-12-31T15:46:40.7774978Z [command]/usr/bin/git config --global --add safe.directory /home/runner/work/scratchattach/scratchattach
2025-12-31T15:46:40.7807475Z Deleting the contents of '/home/runner/work/scratchattach/scratchattach'
2025-12-31T15:46:40.7810611Z ##[group]Initializing the repository
2025-12-31T15:46:40.7815713Z [command]/usr/bin/git init /home/runner/work/scratchattach/scratchattach
2025-12-31T15:46:40.7896255Z hint: Using 'master' as the name for the initial branch. This default branch name
2025-12-31T15:46:40.7897625Z hint: will change to "main" in Git 3.0. To configure the initial branch name
2025-12-31T15:46:40.7899472Z hint: to use in all of your new repositories, which will suppress this warning,
2025-12-31T15:46:40.7901246Z hint: call:
2025-12-31T15:46:40.7902104Z hint:
2025-12-31T15:46:40.7903170Z hint: 	git config --global init.defaultBranch <name>
2025-12-31T15:46:40.7904337Z hint:
2025-12-31T15:46:40.7905538Z hint: Names commonly chosen instead of 'master' are 'main', 'trunk' and
2025-12-31T15:46:40.7907481Z hint: 'development'. The just-created branch can be renamed via this command:
2025-12-31T15:46:40.7909023Z hint:
2025-12-31T15:46:40.7909862Z hint: 	git branch -m <name>
2025-12-31T15:46:40.7910817Z hint:
2025-12-31T15:46:40.7912092Z hint: Disable this message with "git config set advice.defaultBranchName false"
2025-12-31T15:46:40.7914132Z Initialized empty Git repository in /home/runner/work/scratchattach/scratchattach/.git/
2025-12-31T15:46:40.7917139Z [command]/usr/bin/git remote add origin https://github.com/Boss-1s/scratchattach
2025-12-31T15:46:40.7939287Z ##[endgroup]
2025-12-31T15:46:40.7940816Z ##[group]Disabling automatic garbage collection
2025-12-31T15:46:40.7942857Z [command]/usr/bin/git config --local gc.auto 0
2025-12-31T15:46:40.7966141Z ##[endgroup]
2025-12-31T15:46:40.7967786Z ##[group]Setting up auth
2025-12-31T15:46:40.7968951Z Removing SSH command configuration
2025-12-31T15:46:40.7973972Z [command]/usr/bin/git config --local --name-only --get-regexp core\.sshCommand
2025-12-31T15:46:40.8000683Z [command]/usr/bin/git submodule foreach --recursive sh -c "git config --local --name-only --get-regexp 'core\.sshCommand' && git config --local --unset-all 'core.sshCommand' || :"
2025-12-31T15:46:40.8261220Z Removing HTTP extra header
2025-12-31T15:46:40.8266191Z [command]/usr/bin/git config --local --name-only --get-regexp http\.https\:\/\/github\.com\/\.extraheader
2025-12-31T15:46:40.8291405Z [command]/usr/bin/git submodule foreach --recursive sh -c "git config --local --name-only --get-regexp 'http\.https\:\/\/github\.com\/\.extraheader' && git config --local --unset-all 'http.https://github.com/.extraheader' || :"
2025-12-31T15:46:40.8453530Z Removing includeIf entries pointing to credentials config files
2025-12-31T15:46:40.8459876Z [command]/usr/bin/git config --local --name-only --get-regexp ^includeIf\.gitdir:
2025-12-31T15:46:40.8485937Z [command]/usr/bin/git submodule foreach --recursive git config --local --show-origin --name-only --get-regexp remote.origin.url
2025-12-31T15:46:40.8660795Z [command]/usr/bin/git config --file /home/runner/work/_temp/git-credentials-e864edc7-1aad-41b4-838d-d376ab4fed39.config http.https://github.com/.extraheader AUTHORIZATION: basic ***
2025-12-31T15:46:40.8693436Z [command]/usr/bin/git config --local includeIf.gitdir:/home/runner/work/scratchattach/scratchattach/.git.path /home/runner/work/_temp/git-credentials-e864edc7-1aad-41b4-838d-d376ab4fed39.config
2025-12-31T15:46:40.8716128Z [command]/usr/bin/git config --local includeIf.gitdir:/home/runner/work/scratchattach/scratchattach/.git/worktrees/*.path /home/runner/work/_temp/git-credentials-e864edc7-1aad-41b4-838d-d376ab4fed39.config
2025-12-31T15:46:40.8738431Z [command]/usr/bin/git config --local includeIf.gitdir:/github/workspace/.git.path /github/runner_temp/git-credentials-e864edc7-1aad-41b4-838d-d376ab4fed39.config
2025-12-31T15:46:40.8761310Z [command]/usr/bin/git config --local includeIf.gitdir:/github/workspace/.git/worktrees/*.path /github/runner_temp/git-credentials-e864edc7-1aad-41b4-838d-d376ab4fed39.config
2025-12-31T15:46:40.8781681Z ##[endgroup]
2025-12-31T15:46:40.8783205Z ##[group]Fetching the repository
2025-12-31T15:46:40.8792261Z [command]/usr/bin/git -c protocol.version=2 fetch --no-tags --prune --no-recurse-submodules --depth=1 origin +refs/heads/scratch_chat_dev*:refs/remotes/origin/scratch_chat_dev* +refs/tags/scratch_chat_dev*:refs/tags/scratch_chat_dev*
2025-12-31T15:46:43.7323872Z From https://github.com/Boss-1s/scratchattach
2025-12-31T15:46:43.7325576Z  * [new branch]      scratch_chat_dev -> origin/scratch_chat_dev
2025-12-31T15:46:43.7355328Z ##[endgroup]
2025-12-31T15:46:43.7355839Z ##[group]Determining the checkout info
2025-12-31T15:46:43.7361865Z [command]/usr/bin/git branch --list --remote origin/scratch_chat_dev
2025-12-31T15:46:43.7381341Z   origin/scratch_chat_dev
2025-12-31T15:46:43.7384753Z ##[endgroup]
2025-12-31T15:46:43.7389338Z [command]/usr/bin/git sparse-checkout disable
2025-12-31T15:46:43.7421501Z [command]/usr/bin/git config --local --unset-all extensions.worktreeConfig
2025-12-31T15:46:43.7442672Z ##[group]Checking out the ref
2025-12-31T15:46:43.7447436Z [command]/usr/bin/git checkout --progress --force -B scratch_chat_dev refs/remotes/origin/scratch_chat_dev
2025-12-31T15:46:44.3861816Z Switched to a new branch 'scratch_chat_dev'
2025-12-31T15:46:44.3862606Z branch 'scratch_chat_dev' set up to track 'origin/scratch_chat_dev'.
2025-12-31T15:46:44.3892331Z ##[endgroup]
2025-12-31T15:46:44.3930031Z [command]/usr/bin/git log -1 --format=%H
2025-12-31T15:46:44.3951511Z 024069c85aed8c1108645d8c8d0db417da117aa1
2025-12-31T15:46:44.4145558Z ##[group]Run actions/setup-python@v6.1.0
2025-12-31T15:46:44.4145829Z with:
2025-12-31T15:46:44.4146025Z   python-version: 3.10
2025-12-31T15:46:44.4146232Z   check-latest: false
2025-12-31T15:46:44.4146718Z   token: ***
2025-12-31T15:46:44.4146900Z   update-environment: true
2025-12-31T15:46:44.4147119Z   allow-prereleases: false
2025-12-31T15:46:44.4147321Z   freethreaded: false
2025-12-31T15:46:44.4147513Z ##[endgroup]
2025-12-31T15:46:44.5365504Z ##[group]Installed versions
2025-12-31T15:46:44.5456811Z (node:2267) [DEP0040] DeprecationWarning: The `punycode` module is deprecated. Please use a userland alternative instead.
2025-12-31T15:46:44.5457685Z (Use `node --trace-deprecation ...` to show where the warning was created)
2025-12-31T15:46:44.5458361Z Successfully set up CPython (3.10.19)
2025-12-31T15:46:44.5459095Z ##[endgroup]
2025-12-31T15:46:44.5565399Z ##[group]Run cd test
2025-12-31T15:46:44.5565749Z [36;1mcd test[0m
2025-12-31T15:46:44.5565972Z [36;1mpython3 o_test1.py[0m
2025-12-31T15:46:44.5603017Z shell: /usr/bin/bash -e {0}
2025-12-31T15:46:44.5603275Z env:
2025-12-31T15:46:44.5603541Z   pythonLocation: /opt/hostedtoolcache/Python/3.10.19/x64
2025-12-31T15:46:44.5603944Z   PKG_CONFIG_PATH: /opt/hostedtoolcache/Python/3.10.19/x64/lib/pkgconfig
2025-12-31T15:46:44.5604333Z   Python_ROOT_DIR: /opt/hostedtoolcache/Python/3.10.19/x64
2025-12-31T15:46:44.5604670Z   Python2_ROOT_DIR: /opt/hostedtoolcache/Python/3.10.19/x64
2025-12-31T15:46:44.5605004Z   Python3_ROOT_DIR: /opt/hostedtoolcache/Python/3.10.19/x64
2025-12-31T15:46:44.5605332Z   LD_LIBRARY_PATH: /opt/hostedtoolcache/Python/3.10.19/x64/lib
2025-12-31T15:46:44.5605613Z ##[endgroup]
2025-12-31T15:46:44.6298781Z File otest.json not found. Creating a new one.
2025-12-31T15:46:44.6306419Z Data for key test_top_level_key stored successfully in otest.json.
2025-12-31T15:46:44.6307997Z Traceback (most recent call last):
2025-12-31T15:46:44.6316892Z   File "/home/runner/work/scratchattach/scratchattach/test/o_test1.py", line 76, in <module>
2025-12-31T15:46:44.6317842Z File 'otest.json' not found. Creating a new one.
2025-12-31T15:46:44.6318701Z     assert db_get_keys("otest.json") == "test_top_level_key", "failed at debug point 1"
2025-12-31T15:46:44.6319410Z AssertionError: failed at debug point 1
2025-12-31T15:46:44.6320059Z Data for key 'test_top_level_key' stored successfully in 'otest.json'.
2025-12-31T15:46:44.6320979Z Sucessfully added values ['val1', 'skibidi toilet'] to subkeys ['sk1', 'sk2'], respectively.
2025-12-31T15:46:44.6373829Z ##[error]Process completed with exit code 1.
2025-12-31T15:46:44.6470255Z Post job cleanup.
2025-12-31T15:46:44.7221417Z [command]/usr/bin/git version
2025-12-31T15:46:44.7252839Z git version 2.52.0
2025-12-31T15:46:44.7284140Z Temporarily overriding HOME='/home/runner/work/_temp/f9e206d6-aadc-49bc-9959-a1fb7922c2ab' before making global git config changes
2025-12-31T15:46:44.7285375Z Adding repository directory to the temporary git global config as a safe directory
2025-12-31T15:46:44.7289153Z [command]/usr/bin/git config --global --add safe.directory /home/runner/work/scratchattach/scratchattach
2025-12-31T15:46:44.7314439Z Removing SSH command configuration
2025-12-31T15:46:44.7320903Z [command]/usr/bin/git config --local --name-only --get-regexp core\.sshCommand
2025-12-31T15:46:44.7349195Z [command]/usr/bin/git submodule foreach --recursive sh -c "git config --local --name-only --get-regexp 'core\.sshCommand' && git config --local --unset-all 'core.sshCommand' || :"
2025-12-31T15:46:44.7525226Z Removing HTTP extra header
2025-12-31T15:46:44.7529635Z [command]/usr/bin/git config --local --name-only --get-regexp http\.https\:\/\/github\.com\/\.extraheader
2025-12-31T15:46:44.7555224Z [command]/usr/bin/git submodule foreach --recursive sh -c "git config --local --name-only --get-regexp 'http\.https\:\/\/github\.com\/\.extraheader' && git config --local --unset-all 'http.https://github.com/.extraheader' || :"
2025-12-31T15:46:44.7725445Z Removing includeIf entries pointing to credentials config files
2025-12-31T15:46:44.7731356Z [command]/usr/bin/git config --local --name-only --get-regexp ^includeIf\.gitdir:
2025-12-31T15:46:44.7749194Z includeif.gitdir:/home/runner/work/scratchattach/scratchattach/.git.path
2025-12-31T15:46:44.7750164Z includeif.gitdir:/home/runner/work/scratchattach/scratchattach/.git/worktrees/*.path
2025-12-31T15:46:44.7750901Z includeif.gitdir:/github/workspace/.git.path
2025-12-31T15:46:44.7751435Z includeif.gitdir:/github/workspace/.git/worktrees/*.path
2025-12-31T15:46:44.7758096Z [command]/usr/bin/git config --local --get-all includeif.gitdir:/home/runner/work/scratchattach/scratchattach/.git.path
2025-12-31T15:46:44.7774832Z /home/runner/work/_temp/git-credentials-e864edc7-1aad-41b4-838d-d376ab4fed39.config
2025-12-31T15:46:44.7783914Z [command]/usr/bin/git config --local --unset includeif.gitdir:/home/runner/work/scratchattach/scratchattach/.git.path /home/runner/work/_temp/git-credentials-e864edc7-1aad-41b4-838d-d376ab4fed39.config
2025-12-31T15:46:44.7810633Z [command]/usr/bin/git config --local --get-all includeif.gitdir:/home/runner/work/scratchattach/scratchattach/.git/worktrees/*.path
2025-12-31T15:46:44.7827580Z /home/runner/work/_temp/git-credentials-e864edc7-1aad-41b4-838d-d376ab4fed39.config
2025-12-31T15:46:44.7834797Z [command]/usr/bin/git config --local --unset includeif.gitdir:/home/runner/work/scratchattach/scratchattach/.git/worktrees/*.path /home/runner/work/_temp/git-credentials-e864edc7-1aad-41b4-838d-d376ab4fed39.config
2025-12-31T15:46:44.7858657Z [command]/usr/bin/git config --local --get-all includeif.gitdir:/github/workspace/.git.path
2025-12-31T15:46:44.7874844Z /github/runner_temp/git-credentials-e864edc7-1aad-41b4-838d-d376ab4fed39.config
2025-12-31T15:46:44.7881283Z [command]/usr/bin/git config --local --unset includeif.gitdir:/github/workspace/.git.path /github/runner_temp/git-credentials-e864edc7-1aad-41b4-838d-d376ab4fed39.config
2025-12-31T15:46:44.7905107Z [command]/usr/bin/git config --local --get-all includeif.gitdir:/github/workspace/.git/worktrees/*.path
2025-12-31T15:46:44.7921840Z /github/runner_temp/git-credentials-e864edc7-1aad-41b4-838d-d376ab4fed39.config
2025-12-31T15:46:44.7928869Z [command]/usr/bin/git config --local --unset includeif.gitdir:/github/workspace/.git/worktrees/*.path /github/runner_temp/git-credentials-e864edc7-1aad-41b4-838d-d376ab4fed39.config
2025-12-31T15:46:44.7953258Z [command]/usr/bin/git submodule foreach --recursive git config --local --show-origin --name-only --get-regexp remote.origin.url
2025-12-31T15:46:44.8120200Z Removing credentials config '/home/runner/work/_temp/git-credentials-e864edc7-1aad-41b4-838d-d376ab4fed39.config'
2025-12-31T15:46:44.8218002Z Cleaning up orphan processes
