2025-08-30T01:20:43.9030558Z Current runner version: '2.328.0'
2025-08-30T01:20:43.9053558Z ##[group]Runner Image Provisioner
2025-08-30T01:20:43.9054332Z Hosted Compute Agent
2025-08-30T01:20:43.9054965Z Version: 20250821.380
2025-08-30T01:20:43.9055791Z Commit: 438d12cb4fe092871db9867344e3bc0bc5319035
2025-08-30T01:20:43.9056484Z Build Date: 2025-08-21T20:49:43Z
2025-08-30T01:20:43.9057138Z ##[endgroup]
2025-08-30T01:20:43.9057699Z ##[group]Operating System
2025-08-30T01:20:43.9058321Z Ubuntu
2025-08-30T01:20:43.9058766Z 24.04.3
2025-08-30T01:20:43.9059324Z LTS
2025-08-30T01:20:43.9059777Z ##[endgroup]
2025-08-30T01:20:43.9060282Z ##[group]Runner Image
2025-08-30T01:20:43.9060931Z Image: ubuntu-24.04
2025-08-30T01:20:43.9061435Z Version: 20250824.1.0
2025-08-30T01:20:43.9062453Z Included Software: https://github.com/actions/runner-images/blob/ubuntu24/20250824.1/images/ubuntu/Ubuntu2404-Readme.md
2025-08-30T01:20:43.9064041Z Image Release: https://github.com/actions/runner-images/releases/tag/ubuntu24%2F20250824.1
2025-08-30T01:20:43.9064997Z ##[endgroup]
2025-08-30T01:20:43.9066243Z ##[group]GITHUB_TOKEN Permissions
2025-08-30T01:20:43.9068035Z Contents: write
2025-08-30T01:20:43.9068701Z Metadata: read
2025-08-30T01:20:43.9069187Z ##[endgroup]
2025-08-30T01:20:43.9071190Z Secret source: Actions
2025-08-30T01:20:43.9071919Z Prepare workflow directory
2025-08-30T01:20:43.9639376Z Prepare all required actions
2025-08-30T01:20:43.9676613Z Getting action download info
2025-08-30T01:20:44.3796515Z Download action repository 'actions/checkout@ff7abcd0c3c05ccf6adc123a8cd1fd4fb30fb493' (SHA:ff7abcd0c3c05ccf6adc123a8cd1fd4fb30fb493)
2025-08-30T01:20:44.5706029Z Download action repository 'actions/setup-python@v5' (SHA:a26af69be951a213d495a4c3e4e4022e16d87065)
2025-08-30T01:20:44.6752320Z Download action repository 'actions/cache@0400d5f644dc74513175e3cd8d07132dd4860809' (SHA:0400d5f644dc74513175e3cd8d07132dd4860809)
2025-08-30T01:20:44.8034503Z Download action repository 'actions/component-detection-dependency-submission-action@374343effede691df3a5ffaf36b4e7acab919590' (SHA:374343effede691df3a5ffaf36b4e7acab919590)
2025-08-30T01:20:45.7378385Z Complete job name: submit-pypi
2025-08-30T01:20:45.8035365Z ##[group]Run actions/checkout@ff7abcd0c3c05ccf6adc123a8cd1fd4fb30fb493
2025-08-30T01:20:45.8036706Z with:
2025-08-30T01:20:45.8037147Z   ref: refs/heads/main
2025-08-30T01:20:45.8037661Z   repository: Boss-1s/scratchattach
2025-08-30T01:20:45.8038397Z   token: ***
2025-08-30T01:20:45.8038860Z   ssh-strict: true
2025-08-30T01:20:45.8039348Z   ssh-user: git
2025-08-30T01:20:45.8039823Z   persist-credentials: true
2025-08-30T01:20:45.8040344Z   clean: true
2025-08-30T01:20:45.8040816Z   sparse-checkout-cone-mode: true
2025-08-30T01:20:45.8041374Z   fetch-depth: 1
2025-08-30T01:20:45.8041823Z   fetch-tags: false
2025-08-30T01:20:45.8042303Z   show-progress: true
2025-08-30T01:20:45.8042777Z   lfs: false
2025-08-30T01:20:45.8043222Z   submodules: false
2025-08-30T01:20:45.8043677Z   set-safe-directory: true
2025-08-30T01:20:45.8044403Z env:
2025-08-30T01:20:45.8044858Z   SKIP_CACHE: 
2025-08-30T01:20:45.8045300Z ##[endgroup]
2025-08-30T01:20:45.8940844Z Syncing repository: Boss-1s/scratchattach
2025-08-30T01:20:45.8942819Z ##[group]Getting Git version info
2025-08-30T01:20:45.8943671Z Working directory is '/home/runner/work/scratchattach/scratchattach'
2025-08-30T01:20:45.8944789Z [command]/usr/bin/git version
2025-08-30T01:20:45.9031177Z git version 2.51.0
2025-08-30T01:20:45.9051870Z ##[endgroup]
2025-08-30T01:20:45.9067871Z Temporarily overriding HOME='/home/runner/work/_temp/71fe89e4-c0dd-4f46-ad75-a2c6cc9fcc52' before making global git config changes
2025-08-30T01:20:45.9070671Z Adding repository directory to the temporary git global config as a safe directory
2025-08-30T01:20:45.9073262Z [command]/usr/bin/git config --global --add safe.directory /home/runner/work/scratchattach/scratchattach
2025-08-30T01:20:45.9113753Z Deleting the contents of '/home/runner/work/scratchattach/scratchattach'
2025-08-30T01:20:45.9117208Z ##[group]Initializing the repository
2025-08-30T01:20:45.9122236Z [command]/usr/bin/git init /home/runner/work/scratchattach/scratchattach
2025-08-30T01:20:45.9260422Z hint: Using 'master' as the name for the initial branch. This default branch name
2025-08-30T01:20:45.9261779Z hint: is subject to change. To configure the initial branch name to use in all
2025-08-30T01:20:45.9263010Z hint: of your new repositories, which will suppress this warning, call:
2025-08-30T01:20:45.9264184Z hint:
2025-08-30T01:20:45.9264748Z hint: 	git config --global init.defaultBranch <name>
2025-08-30T01:20:45.9265629Z hint:
2025-08-30T01:20:45.9266835Z hint: Names commonly chosen instead of 'master' are 'main', 'trunk' and
2025-08-30T01:20:45.9268133Z hint: 'development'. The just-created branch can be renamed via this command:
2025-08-30T01:20:45.9269676Z hint:
2025-08-30T01:20:45.9270561Z hint: 	git branch -m <name>
2025-08-30T01:20:45.9271578Z hint:
2025-08-30T01:20:45.9272894Z hint: Disable this message with "git config set advice.defaultBranchName false"
2025-08-30T01:20:45.9275115Z Initialized empty Git repository in /home/runner/work/scratchattach/scratchattach/.git/
2025-08-30T01:20:45.9279436Z [command]/usr/bin/git remote add origin https://github.com/Boss-1s/scratchattach
2025-08-30T01:20:45.9316772Z ##[endgroup]
2025-08-30T01:20:45.9318186Z ##[group]Disabling automatic garbage collection
2025-08-30T01:20:45.9320525Z [command]/usr/bin/git config --local gc.auto 0
2025-08-30T01:20:45.9348129Z ##[endgroup]
2025-08-30T01:20:45.9350205Z ##[group]Setting up auth
2025-08-30T01:20:45.9356022Z [command]/usr/bin/git config --local --name-only --get-regexp core\.sshCommand
2025-08-30T01:20:45.9388654Z [command]/usr/bin/git submodule foreach --recursive sh -c "git config --local --name-only --get-regexp 'core\.sshCommand' && git config --local --unset-all 'core.sshCommand' || :"
2025-08-30T01:20:45.9756347Z [command]/usr/bin/git config --local --name-only --get-regexp http\.https\:\/\/github\.com\/\.extraheader
2025-08-30T01:20:45.9789120Z [command]/usr/bin/git submodule foreach --recursive sh -c "git config --local --name-only --get-regexp 'http\.https\:\/\/github\.com\/\.extraheader' && git config --local --unset-all 'http.https://github.com/.extraheader' || :"
2025-08-30T01:20:46.0037423Z [command]/usr/bin/git config --local http.https://github.com/.extraheader AUTHORIZATION: basic ***
2025-08-30T01:20:46.0072311Z ##[endgroup]
2025-08-30T01:20:46.0073167Z ##[group]Fetching the repository
2025-08-30T01:20:46.0081261Z [command]/usr/bin/git -c protocol.version=2 fetch --no-tags --prune --no-recurse-submodules --depth=1 origin +refs/heads/main:refs/remotes/origin/main
2025-08-30T01:20:46.5246772Z From https://github.com/Boss-1s/scratchattach
2025-08-30T01:20:46.5247964Z  * [new branch]      main       -> origin/main
2025-08-30T01:20:46.5283849Z ##[endgroup]
2025-08-30T01:20:46.5285083Z ##[group]Determining the checkout info
2025-08-30T01:20:46.5287139Z ##[endgroup]
2025-08-30T01:20:46.5292349Z [command]/usr/bin/git sparse-checkout disable
2025-08-30T01:20:46.5332461Z [command]/usr/bin/git config --local --unset-all extensions.worktreeConfig
2025-08-30T01:20:46.5358662Z ##[group]Checking out the ref
2025-08-30T01:20:46.5363061Z [command]/usr/bin/git checkout --progress --force -B main refs/remotes/origin/main
2025-08-30T01:20:46.5425594Z Switched to a new branch 'main'
2025-08-30T01:20:46.5428505Z branch 'main' set up to track 'origin/main'.
2025-08-30T01:20:46.5434603Z ##[endgroup]
2025-08-30T01:20:46.5467690Z [command]/usr/bin/git log -1 --format=%H
2025-08-30T01:20:46.5488931Z c66e4166dcc80385fde61cb3118223aef70c8a5b
2025-08-30T01:20:46.5721182Z ##[group]Run actions/setup-python@v5
2025-08-30T01:20:46.5721790Z with:
2025-08-30T01:20:46.5722198Z   check-latest: false
2025-08-30T01:20:46.5722817Z   token: ***
2025-08-30T01:20:46.5723250Z   update-environment: true
2025-08-30T01:20:46.5723738Z   allow-prereleases: false
2025-08-30T01:20:46.5724209Z   freethreaded: false
2025-08-30T01:20:46.5724639Z env:
2025-08-30T01:20:46.5725008Z   SKIP_CACHE: 
2025-08-30T01:20:46.5725611Z ##[endgroup]
2025-08-30T01:20:46.7370866Z [warning]Neither 'python-version' nor 'python-version-file' inputs were supplied. Attempting to find '.python-version' file.
2025-08-30T01:20:46.7372485Z [warning].python-version doesn't exist.
2025-08-30T01:20:46.7393538Z ##[warning]The `python-version` input is not set.  The version of Python currently in `PATH` will be used.
2025-08-30T01:20:46.7491981Z ##[group]Run version=$(python --version)
2025-08-30T01:20:46.7492661Z [36;1mversion=$(python --version)[0m
2025-08-30T01:20:46.7493292Z [36;1mecho "::notice::Using python version: $version"[0m
2025-08-30T01:20:46.7493927Z [36;1mpip_version=$(pip --version)[0m
2025-08-30T01:20:46.7494542Z [36;1mecho "::notice::Using pip version: $pip_version"[0m
2025-08-30T01:20:46.7495178Z [36;1mpip install pip-tools[0m
2025-08-30T01:20:46.7496004Z [36;1mpip_compile_version=$(pip-compile --version)[0m
2025-08-30T01:20:46.7496801Z [36;1mecho "::notice::Using pip-compile version: $pip_compile_version"[0m
2025-08-30T01:20:46.7554084Z shell: /usr/bin/bash --noprofile --norc -e -o pipefail {0}
2025-08-30T01:20:46.7554764Z env:
2025-08-30T01:20:46.7555153Z   SKIP_CACHE: 
2025-08-30T01:20:46.7555852Z ##[endgroup]
2025-08-30T01:20:46.7648851Z ##[notice]Using python version: Python 3.12.3
2025-08-30T01:20:48.3790964Z ##[notice]Using pip version: pip 24.0 from /usr/lib/python3/dist-packages/pip (python 3.12)
2025-08-30T01:20:49.1171027Z Defaulting to user installation because normal site-packages is not writeable
2025-08-30T01:20:50.3109260Z Collecting pip-tools
2025-08-30T01:20:50.3664688Z   Downloading pip_tools-7.5.0-py3-none-any.whl.metadata (26 kB)
2025-08-30T01:20:50.4122439Z Collecting build>=1.0.0 (from pip-tools)
2025-08-30T01:20:50.4225135Z   Downloading build-1.3.0-py3-none-any.whl.metadata (5.6 kB)
2025-08-30T01:20:50.4272580Z Requirement already satisfied: click>=8 in /usr/lib/python3/dist-packages (from pip-tools) (8.1.6)
2025-08-30T01:20:50.4282763Z Requirement already satisfied: pip>=22.2 in /usr/lib/python3/dist-packages (from pip-tools) (24.0)
2025-08-30T01:20:50.4489585Z Collecting pyproject_hooks (from pip-tools)
2025-08-30T01:20:50.4586348Z   Downloading pyproject_hooks-1.2.0-py3-none-any.whl.metadata (1.3 kB)
2025-08-30T01:20:50.4629011Z Requirement already satisfied: setuptools in /usr/lib/python3/dist-packages (from pip-tools) (68.1.2)
2025-08-30T01:20:50.4635258Z Requirement already satisfied: wheel in /usr/lib/python3/dist-packages (from pip-tools) (0.42.0)
2025-08-30T01:20:50.4744123Z Requirement already satisfied: packaging>=19.1 in /usr/lib/python3/dist-packages (from build>=1.0.0->pip-tools) (24.0)
2025-08-30T01:20:50.4942857Z Downloading pip_tools-7.5.0-py3-none-any.whl (65 kB)
2025-08-30T01:20:50.5052638Z    ━━━━━━━━━━━━━━━━━━━━━━━━━━━━━━━━━━━━━━━━ 65.1/65.1 kB 6.7 MB/s eta 0:00:00
2025-08-30T01:20:50.5149713Z Downloading build-1.3.0-py3-none-any.whl (23 kB)
2025-08-30T01:20:50.5272641Z Downloading pyproject_hooks-1.2.0-py3-none-any.whl (10 kB)
2025-08-30T01:20:50.8290587Z Installing collected packages: pyproject_hooks, build, pip-tools
2025-08-30T01:20:50.8938596Z Successfully installed build-1.3.0 pip-tools-7.5.0 pyproject_hooks-1.2.0
2025-08-30T01:20:51.3436626Z ##[notice]Using pip-compile version: pip-compile, version 7.5.0
2025-08-30T01:20:51.3556013Z ##[group]Run if [[ -n "" ]]; then
2025-08-30T01:20:51.3556357Z [36;1mif [[ -n "" ]]; then[0m
2025-08-30T01:20:51.3556709Z [36;1m  echo "Python cache disabled via 'GH_DEPENDENCY_SUBMISSION_SKIP_CACHE'"[0m
2025-08-30T01:20:51.3557079Z [36;1melse[0m
2025-08-30T01:20:51.3557498Z [36;1m  echo "Caching Python packages. Set 'GH_DEPENDENCY_SUBMISSION_SKIP_CACHE=true' to skip caching in future."[0m
2025-08-30T01:20:51.3557966Z [36;1mfi[0m
2025-08-30T01:20:51.3588967Z shell: /usr/bin/bash -e {0}
2025-08-30T01:20:51.3589212Z env:
2025-08-30T01:20:51.3589404Z   SKIP_CACHE: 
2025-08-30T01:20:51.3589602Z ##[endgroup]
2025-08-30T01:20:51.3640680Z Caching Python packages. Set 'GH_DEPENDENCY_SUBMISSION_SKIP_CACHE=true' to skip caching in future.
2025-08-30T01:20:51.4371735Z ##[group]Run actions/cache@0400d5f644dc74513175e3cd8d07132dd4860809
2025-08-30T01:20:51.4372176Z with:
2025-08-30T01:20:51.4372371Z   path: ~/.cache/pip
2025-08-30T01:20:51.4372768Z   key: Linux-pip-python-5a00fefc972129031f421abe69b90f4bbdcde70f32fc624502f11f9b2a1e2c79
2025-08-30T01:20:51.4373242Z   restore-keys: Linux-python-

2025-08-30T01:20:51.4373496Z   enableCrossOsArchive: false
2025-08-30T01:20:51.4373737Z   fail-on-cache-miss: false
2025-08-30T01:20:51.4373959Z   lookup-only: false
2025-08-30T01:20:51.4374152Z   save-always: false
2025-08-30T01:20:51.4374337Z env:
2025-08-30T01:20:51.4374501Z   SKIP_CACHE: 
2025-08-30T01:20:51.4374684Z ##[endgroup]
2025-08-30T01:20:51.8353108Z Cache hit for: Linux-pip-python-5a00fefc972129031f421abe69b90f4bbdcde70f32fc624502f11f9b2a1e2c79
2025-08-30T01:20:52.8991727Z Received 1473765 of 1473765 (100.0%), 1.9 MBs/sec
2025-08-30T01:20:52.8992452Z Cache Size: ~1 MB (1473765 B)
2025-08-30T01:20:52.9032269Z [command]/usr/bin/tar -xf /home/runner/work/_temp/d2079742-c783-427e-8bb0-995586fd3614/cache.tzst -P -C /home/runner/work/scratchattach/scratchattach --use-compress-program unzstd
2025-08-30T01:20:52.9179513Z Cache restored successfully
2025-08-30T01:20:52.9262542Z Cache restored from key: Linux-pip-python-5a00fefc972129031f421abe69b90f4bbdcde70f32fc624502f11f9b2a1e2c79
2025-08-30T01:20:52.9335983Z ##[group]Run if pip-compile --dry-run -o requirements.out requirements.txt; then
2025-08-30T01:20:52.9336576Z [36;1mif pip-compile --dry-run -o requirements.out requirements.txt; then[0m
2025-08-30T01:20:52.9337009Z [36;1m  echo "::debug::Python validate no broken dependencies"[0m
2025-08-30T01:20:52.9337382Z [36;1m  echo "{valid-project}={true}" >> "$GITHUB_OUTPUT"[0m
2025-08-30T01:20:52.9337677Z [36;1melse[0m
2025-08-30T01:20:52.9337927Z [36;1m  echo "{valid-project}={false}" >> "$GITHUB_OUTPUT"[0m
2025-08-30T01:20:52.9338371Z [36;1m  echo "### :warning: Python validation failed in repository root" >> $GITHUB_STEP_SUMMARY[0m
2025-08-30T01:20:52.9339224Z [36;1m  echo "We were unable to validate a Python project in the repository root. If your repository requires additional setup steps, you may need to check in your own workflow." >> $GITHUB_STEP_SUMMARY[0m
2025-08-30T01:20:52.9339952Z [36;1m  echo "" >> $GITHUB_STEP_SUMMARY[0m
2025-08-30T01:20:52.9340872Z [36;1m  echo "For more information on submitting Python dependencies from your own workflow, refer to [the submission action](https://github.com/actions/component-detection-dependency-submission-action)" >> $GITHUB_STEP_SUMMARY[0m
2025-08-30T01:20:52.9341828Z [36;1m  echo "::warning::Python validation failed in the repository root."[0m
2025-08-30T01:20:52.9342174Z [36;1m  exit 1[0m
2025-08-30T01:20:52.9342365Z [36;1mfi[0m
2025-08-30T01:20:52.9371294Z shell: /usr/bin/bash -e {0}
2025-08-30T01:20:52.9371536Z env:
2025-08-30T01:20:52.9371722Z   SKIP_CACHE: 
2025-08-30T01:20:52.9371916Z ##[endgroup]
2025-08-30T01:20:54.8010325Z WARNING: --strip-extras is becoming the default in version 8.0.0. To silence this warning, either use --strip-extras to opt into the new default or use --no-strip-extras to retain the existing behavior.
2025-08-30T01:20:54.8011981Z #
2025-08-30T01:20:54.8012490Z # This file is autogenerated by pip-compile with Python 3.12
2025-08-30T01:20:54.8013144Z # by the following command:
2025-08-30T01:20:54.8013594Z #
2025-08-30T01:20:54.8014107Z #    pip-compile --output-file=requirements.out requirements.txt
2025-08-30T01:20:54.8014624Z #
2025-08-30T01:20:54.8014902Z beautifulsoup4==4.13.5
2025-08-30T01:20:54.8015229Z     # via bs4
2025-08-30T01:20:54.8015733Z bs4==0.0.2
2025-08-30T01:20:54.8016023Z     # via scratchattach
2025-08-30T01:20:54.8016352Z certifi==2025.8.3
2025-08-30T01:20:54.8016654Z     # via requests
2025-08-30T01:20:54.8016972Z charset-normalizer==3.4.3
2025-08-30T01:20:54.8017328Z     # via requests
2025-08-30T01:20:54.8017548Z idna==3.10
2025-08-30T01:20:54.8017719Z     # via requests
2025-08-30T01:20:54.8017904Z requests==2.32.5
2025-08-30T01:20:54.8018116Z     # via scratchattach
2025-08-30T01:20:54.8018599Z scratchattach==2.1.13
2025-08-30T01:20:54.8018826Z     # via -r requirements.txt
2025-08-30T01:20:54.8019080Z simplewebsocketserver==0.1.2
2025-08-30T01:20:54.8019310Z     # via scratchattach
2025-08-30T01:20:54.8019511Z soupsieve==2.8
2025-08-30T01:20:54.8019712Z     # via beautifulsoup4
2025-08-30T01:20:54.8019930Z typing-extensions==4.15.0
2025-08-30T01:20:54.8020186Z     # via
2025-08-30T01:20:54.8020370Z     #   beautifulsoup4
2025-08-30T01:20:54.8020581Z     #   scratchattach
2025-08-30T01:20:54.8020781Z urllib3==2.5.0
2025-08-30T01:20:54.8020969Z     # via requests
2025-08-30T01:20:54.8021167Z websocket-client==1.8.0
2025-08-30T01:20:54.8021369Z     # via scratchattach
2025-08-30T01:20:54.8021584Z Dry-run, so nothing updated.
2025-08-30T01:20:54.8737374Z ##[group]Run actions/component-detection-dependency-submission-action@374343effede691df3a5ffaf36b4e7acab919590
2025-08-30T01:20:54.8737912Z with:
2025-08-30T01:20:54.8738120Z   detectorsCategories: Python
2025-08-30T01:20:54.8738389Z   detectorsFilter: PipReport
2025-08-30T01:20:54.8738672Z   snapshot-sha: c66e4166dcc80385fde61cb3118223aef70c8a5b
2025-08-30T01:20:54.8738977Z   snapshot-ref: refs/heads/main
2025-08-30T01:20:54.8739248Z   detector-name: Automatic Dependency Submission
2025-08-30T01:20:54.8739542Z   detector-version: 1c785ca52a5a
2025-08-30T01:20:54.8739977Z   detector-url: https://github.com/actions/component-detection-dependency-submission-action
2025-08-30T01:20:54.8740545Z   token: ***
2025-08-30T01:20:54.8740738Z   filePath: .
2025-08-30T01:20:54.8740914Z env:
2025-08-30T01:20:54.8741089Z   SKIP_CACHE: 
2025-08-30T01:20:54.8741272Z ##[endgroup]
2025-08-30T01:20:55.9583204Z Running component-detection
2025-08-30T01:20:55.9643206Z [command]/home/runner/work/scratchattach/scratchattach/component-detection scan --SourceDirectory . --ManifestFile ./output.json --DetectorsFilter PipReport --DetectorCategories Python
2025-08-30T01:20:56.2874883Z [01:20:56 INF] Finding components...
2025-08-30T01:20:57.3800881Z [01:20:57 INF] Starting enumeration of /home/runner/work/scratchattach/scratchattach
2025-08-30T01:20:57.3977964Z [01:20:57 INF] Enumerated 20 files and 0 directories in 00:00:00.0179745
2025-08-30T01:20:57.4244453Z [01:20:57 INF] PipReport: Generating pip installation report for /home/runner/work/scratchattach/scratchattach/requirements.txt
2025-08-30T01:20:58.9970785Z [01:20:58 INF] PipReport: Pip installation report for /home/runner/work/scratchattach/scratchattach/requirements.txt completed in 1.57 seconds with 12 detected packages.
2025-08-30T01:20:59.1290337Z                                [38;5;7mDetection Summary[0m                                
2025-08-30T01:20:59.1291329Z ┌───────────────────┬───────────────────┬───────────────────┬──────────────────┐
2025-08-30T01:20:59.1292086Z │ [1mComponent [0m        │ [1mDetection Time[0m    │ [1m# Components [0m     │ [1m# Explicitly [0m    │
2025-08-30T01:20:59.1292810Z │ [1mDetector Id[0m       │                   │ [1mFound[0m             │ [1mReferenced[0m       │
2025-08-30T01:20:59.1293431Z ├───────────────────┼───────────────────┼───────────────────┼──────────────────┤
2025-08-30T01:20:59.1293995Z │ [38;5;14mPipReport[0m         │ 2.2 seconds       │ 12                │ 1                │
2025-08-30T01:20:59.1294502Z │ ───────────────── │ ───────────────── │ ───────────────── │ ──────────────── │
2025-08-30T01:20:59.1294961Z │ [1;4mTotal[0m             │ 2.8 seconds       │ 12                │ 1                │
2025-08-30T01:20:59.1295700Z └───────────────────┴───────────────────┴───────────────────┴──────────────────┘
2025-08-30T01:20:59.1323935Z [01:20:59 INF] 
2025-08-30T01:20:59.1327562Z [01:20:59 INF] 
2025-08-30T01:20:59.1338131Z [01:20:59 INF] Detection time: 2.7538758 seconds.
2025-08-30T01:20:59.1662647Z [01:20:59 INF] Scan Manifest file: /home/runner/work/scratchattach/scratchattach/output.json
2025-08-30T01:20:59.2240453Z Getting manifests from results
2025-08-30T01:20:59.2291875Z ##[notice]Submitting snapshot...
2025-08-30T01:20:59.2321248Z ##[notice]{
    "manifests": {
        "requirements.txt": {
            "resolved": {
                "pkg:pypi/requests@2.32.5": {
                    "package_url": "pkg:pypi/requests@2.32.5",
                    "relationship": "indirect",
                    "scope": "runtime",
                    "dependencies": []
                },
                "pkg:pypi/certifi@2025.8.3": {
                    "package_url": "pkg:pypi/certifi@2025.8.3",
                    "relationship": "indirect",
                    "scope": "runtime",
                    "dependencies": []
                },
                "pkg:pypi/urllib3@2.5.0": {
                    "package_url": "pkg:pypi/urllib3@2.5.0",
                    "relationship": "indirect",
                    "scope": "runtime",
                    "dependencies": []
                },
                "pkg:pypi/typing-extensions@4.15.0": {
                    "package_url": "pkg:pypi/typing-extensions@4.15.0",
                    "relationship": "indirect",
                    "scope": "runtime",
                    "dependencies": []
                },
                "pkg:pypi/beautifulsoup4@4.13.5": {
                    "package_url": "pkg:pypi/beautifulsoup4@4.13.5",
                    "relationship": "indirect",
                    "scope": "runtime",
                    "dependencies": []
                },
                "pkg:pypi/bs4@0.0.2": {
                    "package_url": "pkg:pypi/bs4@0.0.2",
                    "relationship": "indirect",
                    "scope": "runtime",
                    "dependencies": []
                },
                "pkg:pypi/websocket-client@1.8.0": {
                    "package_url": "pkg:pypi/websocket-client@1.8.0",
                    "relationship": "indirect",
                    "scope": "runtime",
                    "dependencies": []
                },
                "pkg:pypi/soupsieve@2.8": {
                    "package_url": "pkg:pypi/soupsieve@2.8",
                    "relationship": "indirect",
                    "scope": "runtime",
                    "dependencies": []
                },
                "pkg:pypi/simplewebsocketserver@0.1.2": {
                    "package_url": "pkg:pypi/simplewebsocketserver@0.1.2",
                    "relationship": "indirect",
                    "scope": "runtime",
                    "dependencies": []
                },
                "pkg:pypi/scratchattach@2.1.13": {
                    "package_url": "pkg:pypi/scratchattach@2.1.13",
                    "relationship": "direct",
                    "scope": "runtime",
                    "dependencies": [
                        "pkg:pypi/requests@2.32.5",
                        "pkg:pypi/certifi@2025.8.3",
                        "pkg:pypi/urllib3@2.5.0",
                        "pkg:pypi/typing-extensions@4.15.0",
                        "pkg:pypi/beautifulsoup4@4.13.5",
                        "pkg:pypi/bs4@0.0.2",
                        "pkg:pypi/websocket-client@1.8.0",
                        "pkg:pypi/soupsieve@2.8",
                        "pkg:pypi/simplewebsocketserver@0.1.2",
                        "pkg:pypi/idna@3.10",
                        "pkg:pypi/charset-normalizer@3.4.3"
                    ]
                },
                "pkg:pypi/idna@3.10": {
                    "package_url": "pkg:pypi/idna@3.10",
                    "relationship": "indirect",
                    "scope": "runtime",
                    "dependencies": []
                },
                "pkg:pypi/charset-normalizer@3.4.3": {
                    "package_url": "pkg:pypi/charset-normalizer@3.4.3",
                    "relationship": "indirect",
                    "scope": "runtime",
                    "dependencies": []
                }
            },
            "name": "requirements.txt",
            "file": {
                "source_location": "requirements.txt"
            }
        }
    },
    "version": 0,
    "job": {
        "correlator": "submit-pypi",
        "id": "17337542618"
    },
    "sha": 
2025-08-30T01:20:59.6675039Z ##[notice]Snapshot successfully created at 2025-08-30T01:20:59.543Z
2025-08-30T01:20:59.8201106Z Post job cleanup.
2025-08-30T01:20:59.9471508Z Cache hit occurred on the primary key Linux-pip-python-5a00fefc972129031f421abe69b90f4bbdcde70f32fc624502f11f9b2a1e2c79, not saving cache.
2025-08-30T01:20:59.9585634Z Post job cleanup.
2025-08-30T01:21:00.1215278Z Post job cleanup.
2025-08-30T01:21:00.2006036Z [command]/usr/bin/git version
2025-08-30T01:21:00.2041348Z git version 2.51.0
2025-08-30T01:21:00.2078842Z Temporarily overriding HOME='/home/runner/work/_temp/323c6e6a-2070-4714-be66-efa808a48475' before making global git config changes
2025-08-30T01:21:00.2080174Z Adding repository directory to the temporary git global config as a safe directory
2025-08-30T01:21:00.2084778Z [command]/usr/bin/git config --global --add safe.directory /home/runner/work/scratchattach/scratchattach
2025-08-30T01:21:00.2119951Z [command]/usr/bin/git config --local --name-only --get-regexp core\.sshCommand
2025-08-30T01:21:00.2150791Z [command]/usr/bin/git submodule foreach --recursive sh -c "git config --local --name-only --get-regexp 'core\.sshCommand' && git config --local --unset-all 'core.sshCommand' || :"
2025-08-30T01:21:00.2380061Z [command]/usr/bin/git config --local --name-only --get-regexp http\.https\:\/\/github\.com\/\.extraheader
2025-08-30T01:21:00.2407468Z http.https://github.com/.extraheader
2025-08-30T01:21:00.2420639Z [command]/usr/bin/git config --local --unset-all http.https://github.com/.extraheader
2025-08-30T01:21:00.2459723Z [command]/usr/bin/git submodule foreach --recursive sh -c "git config --local --name-only --get-regexp 'http\.https\:\/\/github\.com\/\.extraheader' && git config --local --unset-all 'http.https://github.com/.extraheader' || :"
2025-08-30T01:21:00.2840126Z Cleaning up orphan processes
