2025-10-12T07:19:49.9878296Z Current runner version: '2.328.0'
2025-10-12T07:19:49.9907394Z ##[group]Runner Image Provisioner
2025-10-12T07:19:49.9908131Z Hosted Compute Agent
2025-10-12T07:19:49.9908803Z Version: 20250912.392
2025-10-12T07:19:49.9909412Z Commit: d921fda672a98b64f4f82364647e2f10b2267d0b
2025-10-12T07:19:49.9910052Z Build Date: 2025-09-12T15:23:14Z
2025-10-12T07:19:49.9910715Z ##[endgroup]
2025-10-12T07:19:49.9911274Z ##[group]Operating System
2025-10-12T07:19:49.9911772Z Ubuntu
2025-10-12T07:19:49.9912295Z 24.04.3
2025-10-12T07:19:49.9912708Z LTS
2025-10-12T07:19:49.9913137Z ##[endgroup]
2025-10-12T07:19:49.9913946Z ##[group]Runner Image
2025-10-12T07:19:49.9914492Z Image: ubuntu-24.04
2025-10-12T07:19:49.9914987Z Version: 20250929.60.1
2025-10-12T07:19:49.9916089Z Included Software: https://github.com/actions/runner-images/blob/ubuntu24/20250929.60/images/ubuntu/Ubuntu2404-Readme.md
2025-10-12T07:19:49.9917631Z Image Release: https://github.com/actions/runner-images/releases/tag/ubuntu24%2F20250929.60
2025-10-12T07:19:49.9918713Z ##[endgroup]
2025-10-12T07:19:49.9921355Z ##[group]GITHUB_TOKEN Permissions
2025-10-12T07:19:49.9923502Z Actions: write
2025-10-12T07:19:49.9924299Z Attestations: write
2025-10-12T07:19:49.9924805Z Checks: write
2025-10-12T07:19:49.9925460Z Contents: write
2025-10-12T07:19:49.9925940Z Deployments: write
2025-10-12T07:19:49.9926492Z Discussions: write
2025-10-12T07:19:49.9927074Z Issues: write
2025-10-12T07:19:49.9927526Z Metadata: read
2025-10-12T07:19:49.9927999Z Models: read
2025-10-12T07:19:49.9928555Z Packages: write
2025-10-12T07:19:49.9929059Z Pages: write
2025-10-12T07:19:49.9929533Z PullRequests: write
2025-10-12T07:19:49.9930092Z RepositoryProjects: write
2025-10-12T07:19:49.9930665Z SecurityEvents: write
2025-10-12T07:19:49.9931277Z Statuses: write
2025-10-12T07:19:49.9931882Z ##[endgroup]
2025-10-12T07:19:49.9934326Z Secret source: Actions
2025-10-12T07:19:49.9935058Z Prepare workflow directory
2025-10-12T07:19:50.0324440Z Prepare all required actions
2025-10-12T07:19:50.0379929Z Getting action download info
2025-10-12T07:19:50.4218425Z Download action repository 'actions/checkout@v5.0.0' (SHA:08c6903cd8c0fde910a37f88322edcfb5dd907a8)
2025-10-12T07:19:50.8309117Z Download action repository 'actions/setup-python@v6.0.0' (SHA:e797f83bcb11b83ae66e0230d6156d7c80228e7c)
2025-10-12T07:19:50.9529598Z Download action repository 'bossOfCode/install-scratchattach@v1.0.3' (SHA:be17a7cf1ecb5a7040eb42ef26c2e1fbe72bb25a)
2025-10-12T07:19:51.4808344Z Complete job name: Run 1
2025-10-12T07:19:51.5509129Z ##[group]Run actions/checkout@v5.0.0
2025-10-12T07:19:51.5510076Z with:
2025-10-12T07:19:51.5510496Z   ref: main
2025-10-12T07:19:51.5510937Z   repository: Boss-1s/scratchattach
2025-10-12T07:19:51.5511720Z   token: ***
2025-10-12T07:19:51.5512150Z   ssh-strict: true
2025-10-12T07:19:51.5512591Z   ssh-user: git
2025-10-12T07:19:51.5513046Z   persist-credentials: true
2025-10-12T07:19:51.5513562Z   clean: true
2025-10-12T07:19:51.5514186Z   sparse-checkout-cone-mode: true
2025-10-12T07:19:51.5514763Z   fetch-depth: 1
2025-10-12T07:19:51.5515234Z   fetch-tags: false
2025-10-12T07:19:51.5515703Z   show-progress: true
2025-10-12T07:19:51.5516177Z   lfs: false
2025-10-12T07:19:51.5516589Z   submodules: false
2025-10-12T07:19:51.5517050Z   set-safe-directory: true
2025-10-12T07:19:51.5517820Z ##[endgroup]
2025-10-12T07:19:51.6465839Z Syncing repository: Boss-1s/scratchattach
2025-10-12T07:19:51.6467903Z ##[group]Getting Git version info
2025-10-12T07:19:51.6468869Z Working directory is '/home/runner/work/scratchattach/scratchattach'
2025-10-12T07:19:51.6470096Z [command]/usr/bin/git version
2025-10-12T07:19:51.6519957Z git version 2.51.0
2025-10-12T07:19:51.6540865Z ##[endgroup]
2025-10-12T07:19:51.6554286Z Temporarily overriding HOME='/home/runner/work/_temp/fe4f996b-411a-4f1b-a859-af7236eb990b' before making global git config changes
2025-10-12T07:19:51.6556478Z Adding repository directory to the temporary git global config as a safe directory
2025-10-12T07:19:51.6558845Z [command]/usr/bin/git config --global --add safe.directory /home/runner/work/scratchattach/scratchattach
2025-10-12T07:19:51.6595414Z Deleting the contents of '/home/runner/work/scratchattach/scratchattach'
2025-10-12T07:19:51.6598484Z ##[group]Initializing the repository
2025-10-12T07:19:51.6602857Z [command]/usr/bin/git init /home/runner/work/scratchattach/scratchattach
2025-10-12T07:19:51.6710204Z hint: Using 'master' as the name for the initial branch. This default branch name
2025-10-12T07:19:51.6712079Z hint: is subject to change. To configure the initial branch name to use in all
2025-10-12T07:19:51.6714265Z hint: of your new repositories, which will suppress this warning, call:
2025-10-12T07:19:51.6715579Z hint:
2025-10-12T07:19:51.6716343Z hint: 	git config --global init.defaultBranch <name>
2025-10-12T07:19:51.6717039Z hint:
2025-10-12T07:19:51.6717669Z hint: Names commonly chosen instead of 'master' are 'main', 'trunk' and
2025-10-12T07:19:51.6719001Z hint: 'development'. The just-created branch can be renamed via this command:
2025-10-12T07:19:51.6720397Z hint:
2025-10-12T07:19:51.6721081Z hint: 	git branch -m <name>
2025-10-12T07:19:51.6721641Z hint:
2025-10-12T07:19:51.6722361Z hint: Disable this message with "git config set advice.defaultBranchName false"
2025-10-12T07:19:51.6723994Z Initialized empty Git repository in /home/runner/work/scratchattach/scratchattach/.git/
2025-10-12T07:19:51.6726604Z [command]/usr/bin/git remote add origin https://github.com/Boss-1s/scratchattach
2025-10-12T07:19:51.6761457Z ##[endgroup]
2025-10-12T07:19:51.6762285Z ##[group]Disabling automatic garbage collection
2025-10-12T07:19:51.6764803Z [command]/usr/bin/git config --local gc.auto 0
2025-10-12T07:19:51.6791136Z ##[endgroup]
2025-10-12T07:19:51.6791865Z ##[group]Setting up auth
2025-10-12T07:19:51.6797626Z [command]/usr/bin/git config --local --name-only --get-regexp core\.sshCommand
2025-10-12T07:19:51.6828173Z [command]/usr/bin/git submodule foreach --recursive sh -c "git config --local --name-only --get-regexp 'core\.sshCommand' && git config --local --unset-all 'core.sshCommand' || :"
2025-10-12T07:19:51.7139768Z [command]/usr/bin/git config --local --name-only --get-regexp http\.https\:\/\/github\.com\/\.extraheader
2025-10-12T07:19:51.7168712Z [command]/usr/bin/git submodule foreach --recursive sh -c "git config --local --name-only --get-regexp 'http\.https\:\/\/github\.com\/\.extraheader' && git config --local --unset-all 'http.https://github.com/.extraheader' || :"
2025-10-12T07:19:51.7390540Z [command]/usr/bin/git config --local http.https://github.com/.extraheader AUTHORIZATION: basic ***
2025-10-12T07:19:51.7423802Z ##[endgroup]
2025-10-12T07:19:51.7424684Z ##[group]Fetching the repository
2025-10-12T07:19:51.7434106Z [command]/usr/bin/git -c protocol.version=2 fetch --no-tags --prune --no-recurse-submodules --depth=1 origin +refs/heads/main*:refs/remotes/origin/main* +refs/tags/main*:refs/tags/main*
2025-10-12T07:19:52.6994373Z From https://github.com/Boss-1s/scratchattach
2025-10-12T07:19:52.6996811Z  * [new branch]      main       -> origin/main
2025-10-12T07:19:52.7026247Z ##[endgroup]
2025-10-12T07:19:52.7027431Z ##[group]Determining the checkout info
2025-10-12T07:19:52.7032720Z [command]/usr/bin/git branch --list --remote origin/main
2025-10-12T07:19:52.7055929Z   origin/main
2025-10-12T07:19:52.7061209Z ##[endgroup]
2025-10-12T07:19:52.7065179Z [command]/usr/bin/git sparse-checkout disable
2025-10-12T07:19:52.7107655Z [command]/usr/bin/git config --local --unset-all extensions.worktreeConfig
2025-10-12T07:19:52.7135981Z ##[group]Checking out the ref
2025-10-12T07:19:52.7139205Z [command]/usr/bin/git checkout --progress --force -B main refs/remotes/origin/main
2025-10-12T07:19:52.9348462Z Switched to a new branch 'main'
2025-10-12T07:19:52.9351889Z branch 'main' set up to track 'origin/main'.
2025-10-12T07:19:52.9382405Z ##[endgroup]
2025-10-12T07:19:52.9426938Z [command]/usr/bin/git log -1 --format=%H
2025-10-12T07:19:52.9451387Z d9a7029f1b6da0d698b84b9bd1eaded0b401998a
2025-10-12T07:19:52.9752977Z ##[group]Run actions/setup-python@v6.0.0
2025-10-12T07:19:52.9754537Z with:
2025-10-12T07:19:52.9755255Z   python-version: 3.13
2025-10-12T07:19:52.9756089Z   check-latest: false
2025-10-12T07:19:52.9757189Z   token: ***
2025-10-12T07:19:52.9757980Z   update-environment: true
2025-10-12T07:19:52.9758950Z   allow-prereleases: false
2025-10-12T07:19:52.9759897Z   freethreaded: false
2025-10-12T07:19:52.9760733Z ##[endgroup]
2025-10-12T07:19:53.1030437Z ##[group]Installed versions
2025-10-12T07:19:53.1125176Z (node:2051) [DEP0040] DeprecationWarning: The `punycode` module is deprecated. Please use a userland alternative instead.
2025-10-12T07:19:53.1128870Z (Use `node --trace-deprecation ...` to show where the warning was created)
2025-10-12T07:19:53.1131153Z Successfully set up CPython (3.13.7)
2025-10-12T07:19:53.1133486Z ##[endgroup]
2025-10-12T07:19:53.1309011Z ##[group]Run bossOfCode/install-scratchattach@v1.0.3
2025-10-12T07:19:53.1310204Z env:
2025-10-12T07:19:53.1311083Z   pythonLocation: /opt/hostedtoolcache/Python/3.13.7/x64
2025-10-12T07:19:53.1312691Z   PKG_CONFIG_PATH: /opt/hostedtoolcache/Python/3.13.7/x64/lib/pkgconfig
2025-10-12T07:19:53.1314512Z   Python_ROOT_DIR: /opt/hostedtoolcache/Python/3.13.7/x64
2025-10-12T07:19:53.1315894Z   Python2_ROOT_DIR: /opt/hostedtoolcache/Python/3.13.7/x64
2025-10-12T07:19:53.1317285Z   Python3_ROOT_DIR: /opt/hostedtoolcache/Python/3.13.7/x64
2025-10-12T07:19:53.1318715Z   LD_LIBRARY_PATH: /opt/hostedtoolcache/Python/3.13.7/x64/lib
2025-10-12T07:19:53.1319893Z ##[endgroup]
2025-10-12T07:19:53.1415156Z ##[group]Run python3 -m pip install --upgrade pip
2025-10-12T07:19:53.1416416Z [36;1mpython3 -m pip install --upgrade pip[0m
2025-10-12T07:19:53.1562783Z shell: /usr/bin/bash --noprofile --norc -e -o pipefail {0}
2025-10-12T07:19:53.1564194Z env:
2025-10-12T07:19:53.1565117Z   pythonLocation: /opt/hostedtoolcache/Python/3.13.7/x64
2025-10-12T07:19:53.1566631Z   PKG_CONFIG_PATH: /opt/hostedtoolcache/Python/3.13.7/x64/lib/pkgconfig
2025-10-12T07:19:53.1568132Z   Python_ROOT_DIR: /opt/hostedtoolcache/Python/3.13.7/x64
2025-10-12T07:19:53.1569469Z   Python2_ROOT_DIR: /opt/hostedtoolcache/Python/3.13.7/x64
2025-10-12T07:19:53.1570805Z   Python3_ROOT_DIR: /opt/hostedtoolcache/Python/3.13.7/x64
2025-10-12T07:19:53.1572153Z   LD_LIBRARY_PATH: /opt/hostedtoolcache/Python/3.13.7/x64/lib
2025-10-12T07:19:53.1573291Z ##[endgroup]
2025-10-12T07:19:58.0552208Z Requirement already satisfied: pip in /opt/hostedtoolcache/Python/3.13.7/x64/lib/python3.13/site-packages (25.2)
2025-10-12T07:19:58.3632486Z ##[group]Run pip install -U scratchattach
2025-10-12T07:19:58.3632851Z [36;1mpip install -U scratchattach[0m
2025-10-12T07:19:58.3665767Z shell: /usr/bin/bash --noprofile --norc -e -o pipefail {0}
2025-10-12T07:19:58.3666102Z env:
2025-10-12T07:19:58.3666368Z   pythonLocation: /opt/hostedtoolcache/Python/3.13.7/x64
2025-10-12T07:19:58.3666793Z   PKG_CONFIG_PATH: /opt/hostedtoolcache/Python/3.13.7/x64/lib/pkgconfig
2025-10-12T07:19:58.3667196Z   Python_ROOT_DIR: /opt/hostedtoolcache/Python/3.13.7/x64
2025-10-12T07:19:58.3667541Z   Python2_ROOT_DIR: /opt/hostedtoolcache/Python/3.13.7/x64
2025-10-12T07:19:58.3667899Z   Python3_ROOT_DIR: /opt/hostedtoolcache/Python/3.13.7/x64
2025-10-12T07:19:58.3668250Z   LD_LIBRARY_PATH: /opt/hostedtoolcache/Python/3.13.7/x64/lib
2025-10-12T07:19:58.3668544Z ##[endgroup]
2025-10-12T07:19:59.1361691Z Collecting scratchattach
2025-10-12T07:19:59.2239939Z   Downloading scratchattach-2.1.13-py3-none-any.whl.metadata (5.5 kB)
2025-10-12T07:19:59.2529682Z Collecting websocket-client (from scratchattach)
2025-10-12T07:19:59.2665379Z   Downloading websocket_client-1.9.0-py3-none-any.whl.metadata (8.3 kB)
2025-10-12T07:19:59.3031158Z Collecting requests (from scratchattach)
2025-10-12T07:19:59.3169841Z   Downloading requests-2.32.5-py3-none-any.whl.metadata (4.9 kB)
2025-10-12T07:19:59.3372538Z Collecting bs4 (from scratchattach)
2025-10-12T07:19:59.3503938Z   Downloading bs4-0.0.2-py2.py3-none-any.whl.metadata (411 bytes)
2025-10-12T07:19:59.3671561Z Collecting SimpleWebSocketServer (from scratchattach)
2025-10-12T07:19:59.3814549Z   Downloading SimpleWebSocketServer-0.1.2.tar.gz (10 kB)
2025-10-12T07:19:59.3902459Z   Installing build dependencies: started
2025-10-12T07:20:00.2641763Z   Installing build dependencies: finished with status 'done'
2025-10-12T07:20:00.2647197Z   Getting requirements to build wheel: started
2025-10-12T07:20:00.6929596Z   Getting requirements to build wheel: finished with status 'done'
2025-10-12T07:20:00.6938539Z   Preparing metadata (pyproject.toml): started
2025-10-12T07:20:00.8967099Z   Preparing metadata (pyproject.toml): finished with status 'done'
2025-10-12T07:20:00.9205634Z Collecting typing-extensions (from scratchattach)
2025-10-12T07:20:00.9341568Z   Downloading typing_extensions-4.15.0-py3-none-any.whl.metadata (3.3 kB)
2025-10-12T07:20:00.9597641Z Collecting beautifulsoup4 (from bs4->scratchattach)
2025-10-12T07:20:00.9731778Z   Downloading beautifulsoup4-4.14.2-py3-none-any.whl.metadata (3.8 kB)
2025-10-12T07:20:01.0001333Z Collecting soupsieve>1.2 (from beautifulsoup4->bs4->scratchattach)
2025-10-12T07:20:01.0134341Z   Downloading soupsieve-2.8-py3-none-any.whl.metadata (4.6 kB)
2025-10-12T07:20:01.1117198Z Collecting charset_normalizer<4,>=2 (from requests->scratchattach)
2025-10-12T07:20:01.1256867Z   Downloading charset_normalizer-3.4.3-cp313-cp313-manylinux2014_x86_64.manylinux_2_17_x86_64.manylinux_2_28_x86_64.whl.metadata (36 kB)
2025-10-12T07:20:01.1594193Z Collecting idna<4,>=2.5 (from requests->scratchattach)
2025-10-12T07:20:01.1726523Z   Downloading idna-3.10-py3-none-any.whl.metadata (10 kB)
2025-10-12T07:20:01.2077971Z Collecting urllib3<3,>=1.21.1 (from requests->scratchattach)
2025-10-12T07:20:01.2212576Z   Downloading urllib3-2.5.0-py3-none-any.whl.metadata (6.5 kB)
2025-10-12T07:20:01.2507150Z Collecting certifi>=2017.4.17 (from requests->scratchattach)
2025-10-12T07:20:01.2648950Z   Downloading certifi-2025.10.5-py3-none-any.whl.metadata (2.5 kB)
2025-10-12T07:20:01.2846742Z Downloading scratchattach-2.1.13-py3-none-any.whl (141 kB)
2025-10-12T07:20:01.3147300Z Downloading bs4-0.0.2-py2.py3-none-any.whl (1.2 kB)
2025-10-12T07:20:01.3297056Z Downloading beautifulsoup4-4.14.2-py3-none-any.whl (106 kB)
2025-10-12T07:20:01.3467680Z Downloading soupsieve-2.8-py3-none-any.whl (36 kB)
2025-10-12T07:20:01.3621508Z Downloading typing_extensions-4.15.0-py3-none-any.whl (44 kB)
2025-10-12T07:20:01.3790064Z Downloading requests-2.32.5-py3-none-any.whl (64 kB)
2025-10-12T07:20:01.3944703Z Downloading charset_normalizer-3.4.3-cp313-cp313-manylinux2014_x86_64.manylinux_2_17_x86_64.manylinux_2_28_x86_64.whl (151 kB)
2025-10-12T07:20:01.4130946Z Downloading idna-3.10-py3-none-any.whl (70 kB)
2025-10-12T07:20:01.4287287Z Downloading urllib3-2.5.0-py3-none-any.whl (129 kB)
2025-10-12T07:20:01.4456988Z Downloading certifi-2025.10.5-py3-none-any.whl (163 kB)
2025-10-12T07:20:01.4629188Z Downloading websocket_client-1.9.0-py3-none-any.whl (82 kB)
2025-10-12T07:20:01.4767383Z Building wheels for collected packages: SimpleWebSocketServer
2025-10-12T07:20:01.4776008Z   Building wheel for SimpleWebSocketServer (pyproject.toml): started
2025-10-12T07:20:01.7062270Z   Building wheel for SimpleWebSocketServer (pyproject.toml): finished with status 'done'
2025-10-12T07:20:01.7067922Z   Created wheel for SimpleWebSocketServer: filename=simplewebsocketserver-0.1.2-py3-none-any.whl size=9715 sha256=1280992530d43574238919e84b6e1da584d33efb401b25546cb80bab988db72c
2025-10-12T07:20:01.7069593Z   Stored in directory: /home/runner/.cache/pip/wheels/c4/5b/e8/4f2c15a82edc4923058056f6681373168be02a0c00389a6dcf
2025-10-12T07:20:01.7087763Z Successfully built SimpleWebSocketServer
2025-10-12T07:20:01.7270178Z Installing collected packages: SimpleWebSocketServer, websocket-client, urllib3, typing-extensions, soupsieve, idna, charset_normalizer, certifi, requests, beautifulsoup4, bs4, scratchattach
2025-10-12T07:20:02.3329030Z 
2025-10-12T07:20:02.3351267Z Successfully installed SimpleWebSocketServer-0.1.2 beautifulsoup4-4.14.2 bs4-0.0.2 certifi-2025.10.5 charset_normalizer-3.4.3 idna-3.10 requests-2.32.5 scratchattach-2.1.13 soupsieve-2.8 typing-extensions-4.15.0 urllib3-2.5.0 websocket-client-1.9.0
2025-10-12T07:20:02.4215673Z ##[group]Run actions/checkout@v5.0.0
2025-10-12T07:20:02.4215946Z with:
2025-10-12T07:20:02.4216121Z   ref: main
2025-10-12T07:20:02.4216328Z   repository: Boss-1s/scratchattach
2025-10-12T07:20:02.4216696Z   token: ***
2025-10-12T07:20:02.4216889Z   ssh-strict: true
2025-10-12T07:20:02.4217078Z   ssh-user: git
2025-10-12T07:20:02.4217270Z   persist-credentials: true
2025-10-12T07:20:02.4217493Z   clean: true
2025-10-12T07:20:02.4217689Z   sparse-checkout-cone-mode: true
2025-10-12T07:20:02.4217927Z   fetch-depth: 1
2025-10-12T07:20:02.4218112Z   fetch-tags: false
2025-10-12T07:20:02.4218305Z   show-progress: true
2025-10-12T07:20:02.4218500Z   lfs: false
2025-10-12T07:20:02.4218676Z   submodules: false
2025-10-12T07:20:02.4218871Z   set-safe-directory: true
2025-10-12T07:20:02.4219088Z env:
2025-10-12T07:20:02.4219331Z   pythonLocation: /opt/hostedtoolcache/Python/3.13.7/x64
2025-10-12T07:20:02.4219755Z   PKG_CONFIG_PATH: /opt/hostedtoolcache/Python/3.13.7/x64/lib/pkgconfig
2025-10-12T07:20:02.4220175Z   Python_ROOT_DIR: /opt/hostedtoolcache/Python/3.13.7/x64
2025-10-12T07:20:02.4220522Z   Python2_ROOT_DIR: /opt/hostedtoolcache/Python/3.13.7/x64
2025-10-12T07:20:02.4220861Z   Python3_ROOT_DIR: /opt/hostedtoolcache/Python/3.13.7/x64
2025-10-12T07:20:02.4221210Z   LD_LIBRARY_PATH: /opt/hostedtoolcache/Python/3.13.7/x64/lib
2025-10-12T07:20:02.4221506Z ##[endgroup]
2025-10-12T07:20:02.4964527Z Syncing repository: Boss-1s/scratchattach
2025-10-12T07:20:02.4966466Z ##[group]Getting Git version info
2025-10-12T07:20:02.4966968Z Working directory is '/home/runner/work/scratchattach/scratchattach'
2025-10-12T07:20:02.5002117Z [command]/usr/bin/git version
2025-10-12T07:20:02.5038309Z git version 2.51.0
2025-10-12T07:20:02.5058492Z ##[endgroup]
2025-10-12T07:20:02.5071929Z Temporarily overriding HOME='/home/runner/work/_temp/d32b52be-345f-4b60-b5d5-915626640a31' before making global git config changes
2025-10-12T07:20:02.5073313Z Adding repository directory to the temporary git global config as a safe directory
2025-10-12T07:20:02.5076632Z [command]/usr/bin/git config --global --add safe.directory /home/runner/work/scratchattach/scratchattach
2025-10-12T07:20:02.5112615Z [command]/usr/bin/git config --local --get remote.origin.url
2025-10-12T07:20:02.5133890Z https://github.com/Boss-1s/scratchattach
2025-10-12T07:20:02.5146867Z ##[group]Removing previously created refs, to avoid conflicts
2025-10-12T07:20:02.5150652Z [command]/usr/bin/git rev-parse --symbolic-full-name --verify --quiet HEAD
2025-10-12T07:20:02.5170973Z refs/heads/main
2025-10-12T07:20:02.5180676Z [command]/usr/bin/git checkout --detach
2025-10-12T07:20:02.7058143Z HEAD is now at d9a7029 [BOT] Download Logs
2025-10-12T07:20:02.7107795Z [command]/usr/bin/git branch --delete --force main
2025-10-12T07:20:02.7134490Z Deleted branch main (was d9a7029).
2025-10-12T07:20:02.7173156Z ##[endgroup]
2025-10-12T07:20:02.7178152Z [command]/usr/bin/git submodule status
2025-10-12T07:20:02.7409161Z ##[group]Cleaning the repository
2025-10-12T07:20:02.7412685Z [command]/usr/bin/git clean -ffdx
2025-10-12T07:20:02.7452849Z [command]/usr/bin/git reset --hard HEAD
2025-10-12T07:20:02.7511527Z HEAD is now at d9a7029 [BOT] Download Logs
2025-10-12T07:20:02.7517219Z ##[endgroup]
2025-10-12T07:20:02.7519319Z ##[group]Disabling automatic garbage collection
2025-10-12T07:20:02.7523889Z [command]/usr/bin/git config --local gc.auto 0
2025-10-12T07:20:02.7550309Z ##[endgroup]
2025-10-12T07:20:02.7550895Z ##[group]Setting up auth
2025-10-12T07:20:02.7557973Z [command]/usr/bin/git config --local --name-only --get-regexp core\.sshCommand
2025-10-12T07:20:02.7588410Z [command]/usr/bin/git submodule foreach --recursive sh -c "git config --local --name-only --get-regexp 'core\.sshCommand' && git config --local --unset-all 'core.sshCommand' || :"
2025-10-12T07:20:02.7808182Z [command]/usr/bin/git config --local --name-only --get-regexp http\.https\:\/\/github\.com\/\.extraheader
2025-10-12T07:20:02.7828696Z http.https://github.com/.extraheader
2025-10-12T07:20:02.7838295Z [command]/usr/bin/git config --local --unset-all http.https://github.com/.extraheader
2025-10-12T07:20:02.7868044Z [command]/usr/bin/git submodule foreach --recursive sh -c "git config --local --name-only --get-regexp 'http\.https\:\/\/github\.com\/\.extraheader' && git config --local --unset-all 'http.https://github.com/.extraheader' || :"
2025-10-12T07:20:02.8089948Z [command]/usr/bin/git config --local http.https://github.com/.extraheader AUTHORIZATION: basic ***
2025-10-12T07:20:02.8132011Z ##[endgroup]
2025-10-12T07:20:02.8140621Z ##[group]Fetching the repository
2025-10-12T07:20:02.8141907Z [command]/usr/bin/git -c protocol.version=2 fetch --no-tags --prune --no-recurse-submodules --depth=1 origin +refs/heads/main*:refs/remotes/origin/main* +refs/tags/main*:refs/tags/main*
2025-10-12T07:20:03.1075659Z ##[endgroup]
2025-10-12T07:20:03.1076264Z ##[group]Determining the checkout info
2025-10-12T07:20:03.1082546Z [command]/usr/bin/git branch --list --remote origin/main
2025-10-12T07:20:03.1105542Z   origin/main
2025-10-12T07:20:03.1109216Z ##[endgroup]
2025-10-12T07:20:03.1113319Z [command]/usr/bin/git sparse-checkout disable
2025-10-12T07:20:03.1155604Z [command]/usr/bin/git config --local --unset-all extensions.worktreeConfig
2025-10-12T07:20:03.1179884Z ##[group]Checking out the ref
2025-10-12T07:20:03.1183448Z [command]/usr/bin/git checkout --progress --force -B main refs/remotes/origin/main
2025-10-12T07:20:03.1235553Z Switched to a new branch 'main'
2025-10-12T07:20:03.1238126Z branch 'main' set up to track 'origin/main'.
2025-10-12T07:20:03.1244923Z ##[endgroup]
2025-10-12T07:20:03.1280315Z [command]/usr/bin/git log -1 --format=%H
2025-10-12T07:20:03.1302613Z d9a7029f1b6da0d698b84b9bd1eaded0b401998a
2025-10-12T07:20:03.1408841Z ##[group]Run timeout 359m python3 message_viewer.py || { [[ $? -eq 124 ]] && exit 0; }
2025-10-12T07:20:03.1409402Z [36;1mtimeout 359m python3 message_viewer.py || { [[ $? -eq 124 ]] && exit 0; }[0m
2025-10-12T07:20:03.1441945Z shell: /usr/bin/bash -e {0}
2025-10-12T07:20:03.1442172Z env:
2025-10-12T07:20:03.1442422Z   pythonLocation: /opt/hostedtoolcache/Python/3.13.7/x64
2025-10-12T07:20:03.1442837Z   PKG_CONFIG_PATH: /opt/hostedtoolcache/Python/3.13.7/x64/lib/pkgconfig
2025-10-12T07:20:03.1443239Z   Python_ROOT_DIR: /opt/hostedtoolcache/Python/3.13.7/x64
2025-10-12T07:20:03.1443587Z   Python2_ROOT_DIR: /opt/hostedtoolcache/Python/3.13.7/x64
2025-10-12T07:20:03.1444135Z   Python3_ROOT_DIR: /opt/hostedtoolcache/Python/3.13.7/x64
2025-10-12T07:20:03.1444493Z   LD_LIBRARY_PATH: /opt/hostedtoolcache/Python/3.13.7/x64/lib
2025-10-12T07:20:03.1444933Z   PASS: ***
2025-10-12T07:20:03.1445119Z ##[endgroup]
2025-10-12T07:20:04.3247404Z Traceback (most recent call last):
2025-10-12T07:20:04.3326846Z   File "/home/runner/work/scratchattach/scratchattach/message_viewer.py", line 16, in <module>
2025-10-12T07:20:04.3327553Z     client = cloud.requests()
2025-10-12T07:20:04.3328209Z   File "/opt/hostedtoolcache/Python/3.13.7/x64/lib/python3.13/site-packages/scratchattach/cloud/_base.py", line 101, in requests
2025-10-12T07:20:04.3329026Z     return CloudRequests(self, used_cloud_vars=used_cloud_vars, no_packet_loss=no_packet_loss,
2025-10-12T07:20:04.3329521Z                          respond_order=respond_order, debug=debug)
2025-10-12T07:20:04.3330268Z   File "/opt/hostedtoolcache/Python/3.13.7/x64/lib/python3.13/site-packages/scratchattach/eventhandlers/cloud_requests.py", line 67, in __init__
2025-10-12T07:20:04.3330948Z     super().__init__(cloud)
2025-10-12T07:20:04.3331184Z     ~~~~~~~~~~~~~~~~^^^^^^^
2025-10-12T07:20:04.3331834Z   File "/opt/hostedtoolcache/Python/3.13.7/x64/lib/python3.13/site-packages/scratchattach/eventhandlers/cloud_events.py", line 19, in __init__
2025-10-12T07:20:04.3332541Z     self.source_stream = cloud.create_event_stream()
2025-10-12T07:20:04.3332863Z                          ~~~~~~~~~~~~~~~~~~~~~~~~~^^
2025-10-12T07:20:04.3333571Z   File "/opt/hostedtoolcache/Python/3.13.7/x64/lib/python3.13/site-packages/scratchattach/cloud/_base.py", line 442, in create_event_stream
2025-10-12T07:20:04.3334803Z     self.event_stream = WebSocketEventStream(self)
2025-10-12T07:20:04.3335120Z                         ~~~~~~~~~~~~~~~~~~~~^^^^^^
2025-10-12T07:20:04.3335782Z   File "/opt/hostedtoolcache/Python/3.13.7/x64/lib/python3.13/site-packages/scratchattach/cloud/_base.py", line 125, in __init__
2025-10-12T07:20:04.3336402Z     self.source_cloud.connect()
2025-10-12T07:20:04.3336644Z     ~~~~~~~~~~~~~~~~~~~~~~~~~^^
2025-10-12T07:20:04.3337246Z   File "/opt/hostedtoolcache/Python/3.13.7/x64/lib/python3.13/site-packages/scratchattach/cloud/cloud.py", line 29, in connect
2025-10-12T07:20:04.3337836Z     super().connect()
2025-10-12T07:20:04.3338039Z     ~~~~~~~~~~~~~~~^^
2025-10-12T07:20:04.3338563Z   File "/opt/hostedtoolcache/Python/3.13.7/x64/lib/python3.13/site-packages/scratchattach/cloud/_base.py", line 305, in connect
2025-10-12T07:20:04.3339096Z     self.websocket.connect(
2025-10-12T07:20:04.3339317Z     ~~~~~~~~~~~~~~~~~~~~~~^
2025-10-12T07:20:04.3339521Z         self.cloud_host,
2025-10-12T07:20:04.3339721Z         ^^^^^^^^^^^^^^^^
2025-10-12T07:20:04.3339906Z     ...<4 lines>...
2025-10-12T07:20:04.3340099Z         header=self.header
2025-10-12T07:20:04.3340298Z         ^^^^^^^^^^^^^^^^^^
2025-10-12T07:20:04.3340490Z     )
2025-10-12T07:20:04.3340652Z     ^
2025-10-12T07:20:04.3341082Z   File "/opt/hostedtoolcache/Python/3.13.7/x64/lib/python3.13/site-packages/websocket/_core.py", line 268, in connect
2025-10-12T07:20:04.3341669Z     self.handshake_response = handshake(self.sock, url, *addrs, **options)
2025-10-12T07:20:04.3342031Z                               ~~~~~~~~~^^^^^^^^^^^^^^^^^^^^^^^^^^^^^^^^^^^
2025-10-12T07:20:04.3342786Z   File "/opt/hostedtoolcache/Python/3.13.7/x64/lib/python3.13/site-packages/websocket/_handshake.py", line 66, in handshake
2025-10-12T07:20:04.3343324Z     status, resp = _get_resp_headers(sock)
2025-10-12T07:20:04.3343572Z                    ~~~~~~~~~~~~~~~~~^^^^^^
2025-10-12T07:20:04.3344257Z   File "/opt/hostedtoolcache/Python/3.13.7/x64/lib/python3.13/site-packages/websocket/_handshake.py", line 158, in _get_resp_headers
2025-10-12T07:20:04.3344823Z     raise WebSocketBadStatusException(
2025-10-12T07:20:04.3345073Z     ...<5 lines>...
2025-10-12T07:20:04.3345249Z     )
2025-10-12T07:20:04.3346440Z websocket._exceptions.WebSocketBadStatusException: Handshake status 502 Bad Gateway -+-+- {'date': 'Sun, 12 Oct 2025 07:20:04 GMT', 'content-type': 'text/html', 'content-length': '157', 'connection': 'keep-alive', 'server': 'nginx/1.22.1'} -+-+- b'<html>\r\n<head><title>502 Bad Gateway</title></head>\r\n<body>\r\n<center><h1>502 Bad Gateway</h1></center>\r\n<hr><center>nginx/1.22.1</center>\r\n</body>\r\n</html>\r\n'
2025-10-12T07:20:04.3596236Z ##[error]Process completed with exit code 1.
2025-10-12T07:20:04.3663595Z Post job cleanup.
2025-10-12T07:20:04.4439005Z [command]/usr/bin/git version
2025-10-12T07:20:04.4474352Z git version 2.51.0
2025-10-12T07:20:04.4511862Z Temporarily overriding HOME='/home/runner/work/_temp/f06c8f86-ef19-4dd9-bd0c-7a6d9d318da1' before making global git config changes
2025-10-12T07:20:04.4513195Z Adding repository directory to the temporary git global config as a safe directory
2025-10-12T07:20:04.4517763Z [command]/usr/bin/git config --global --add safe.directory /home/runner/work/scratchattach/scratchattach
2025-10-12T07:20:04.4552716Z [command]/usr/bin/git config --local --name-only --get-regexp core\.sshCommand
2025-10-12T07:20:04.4584500Z [command]/usr/bin/git submodule foreach --recursive sh -c "git config --local --name-only --get-regexp 'core\.sshCommand' && git config --local --unset-all 'core.sshCommand' || :"
2025-10-12T07:20:04.4807807Z [command]/usr/bin/git config --local --name-only --get-regexp http\.https\:\/\/github\.com\/\.extraheader
2025-10-12T07:20:04.4829476Z http.https://github.com/.extraheader
2025-10-12T07:20:04.4839053Z [command]/usr/bin/git config --local --unset-all http.https://github.com/.extraheader
2025-10-12T07:20:04.4870132Z [command]/usr/bin/git submodule foreach --recursive sh -c "git config --local --name-only --get-regexp 'http\.https\:\/\/github\.com\/\.extraheader' && git config --local --unset-all 'http.https://github.com/.extraheader' || :"
2025-10-12T07:20:04.5211761Z Post job cleanup.
2025-10-12T07:20:04.5981006Z [command]/usr/bin/git version
2025-10-12T07:20:04.6017364Z git version 2.51.0
2025-10-12T07:20:04.6055543Z Temporarily overriding HOME='/home/runner/work/_temp/03c9290b-a2b8-4da0-b4ae-7c75aa6adde5' before making global git config changes
2025-10-12T07:20:04.6056860Z Adding repository directory to the temporary git global config as a safe directory
2025-10-12T07:20:04.6061431Z [command]/usr/bin/git config --global --add safe.directory /home/runner/work/scratchattach/scratchattach
2025-10-12T07:20:04.6114513Z [command]/usr/bin/git config --local --name-only --get-regexp core\.sshCommand
2025-10-12T07:20:04.6131356Z [command]/usr/bin/git submodule foreach --recursive sh -c "git config --local --name-only --get-regexp 'core\.sshCommand' && git config --local --unset-all 'core.sshCommand' || :"
2025-10-12T07:20:04.6358969Z [command]/usr/bin/git config --local --name-only --get-regexp http\.https\:\/\/github\.com\/\.extraheader
2025-10-12T07:20:04.6396830Z [command]/usr/bin/git submodule foreach --recursive sh -c "git config --local --name-only --get-regexp 'http\.https\:\/\/github\.com\/\.extraheader' && git config --local --unset-all 'http.https://github.com/.extraheader' || :"
2025-10-12T07:20:04.6758854Z Cleaning up orphan processes
