2025-09-02T07:09:00.2073185Z Current runner version: '2.328.0'
2025-09-02T07:09:00.2097108Z ##[group]Runner Image Provisioner
2025-09-02T07:09:00.2097878Z Hosted Compute Agent
2025-09-02T07:09:00.2098497Z Version: 20250821.380
2025-09-02T07:09:00.2099119Z Commit: 438d12cb4fe092871db9867344e3bc0bc5319035
2025-09-02T07:09:00.2099774Z Build Date: 2025-08-21T20:49:43Z
2025-09-02T07:09:00.2100405Z ##[endgroup]
2025-09-02T07:09:00.2100975Z ##[group]Operating System
2025-09-02T07:09:00.2101482Z Ubuntu
2025-09-02T07:09:00.2101985Z 24.04.3
2025-09-02T07:09:00.2102420Z LTS
2025-09-02T07:09:00.2102875Z ##[endgroup]
2025-09-02T07:09:00.2103400Z ##[group]Runner Image
2025-09-02T07:09:00.2103951Z Image: ubuntu-24.04
2025-09-02T07:09:00.2104465Z Version: 20250824.1.0
2025-09-02T07:09:00.2105503Z Included Software: https://github.com/actions/runner-images/blob/ubuntu24/20250824.1/images/ubuntu/Ubuntu2404-Readme.md
2025-09-02T07:09:00.2107172Z Image Release: https://github.com/actions/runner-images/releases/tag/ubuntu24%2F20250824.1
2025-09-02T07:09:00.2108253Z ##[endgroup]
2025-09-02T07:09:00.2110607Z ##[group]GITHUB_TOKEN Permissions
2025-09-02T07:09:00.2112647Z Actions: write
2025-09-02T07:09:00.2113181Z Attestations: write
2025-09-02T07:09:00.2113694Z Checks: write
2025-09-02T07:09:00.2114272Z Contents: write
2025-09-02T07:09:00.2114762Z Deployments: write
2025-09-02T07:09:00.2115284Z Discussions: write
2025-09-02T07:09:00.2115727Z Issues: write
2025-09-02T07:09:00.2116470Z Metadata: read
2025-09-02T07:09:00.2116952Z Models: read
2025-09-02T07:09:00.2117415Z Packages: write
2025-09-02T07:09:00.2117980Z Pages: write
2025-09-02T07:09:00.2118467Z PullRequests: write
2025-09-02T07:09:00.2118949Z RepositoryProjects: write
2025-09-02T07:09:00.2119569Z SecurityEvents: write
2025-09-02T07:09:00.2120198Z Statuses: write
2025-09-02T07:09:00.2120677Z ##[endgroup]
2025-09-02T07:09:00.2123168Z Secret source: Actions
2025-09-02T07:09:00.2124099Z Prepare workflow directory
2025-09-02T07:09:00.2502679Z Prepare all required actions
2025-09-02T07:09:00.2540891Z Getting action download info
2025-09-02T07:09:00.7515264Z Download action repository 'actions/checkout@v5' (SHA:08c6903cd8c0fde910a37f88322edcfb5dd907a8)
2025-09-02T07:09:00.8868863Z Download action repository 'actions/setup-python@v5.6.0' (SHA:a26af69be951a213d495a4c3e4e4022e16d87065)
2025-09-02T07:09:00.9658816Z Download action repository 'bossOfCode/install-scratchattach@v1.0.3' (SHA:be17a7cf1ecb5a7040eb42ef26c2e1fbe72bb25a)
2025-09-02T07:09:01.6183749Z Complete job name: Run 1
2025-09-02T07:09:01.6922126Z ##[group]Run actions/checkout@v5
2025-09-02T07:09:01.6923420Z with:
2025-09-02T07:09:01.6923915Z   ref: main
2025-09-02T07:09:01.6924399Z   repository: Boss-1s/scratchattach
2025-09-02T07:09:01.6925208Z   token: ***
2025-09-02T07:09:01.6925675Z   ssh-strict: true
2025-09-02T07:09:01.6926409Z   ssh-user: git
2025-09-02T07:09:01.6926906Z   persist-credentials: true
2025-09-02T07:09:01.6927446Z   clean: true
2025-09-02T07:09:01.6927938Z   sparse-checkout-cone-mode: true
2025-09-02T07:09:01.6928516Z   fetch-depth: 1
2025-09-02T07:09:01.6929021Z   fetch-tags: false
2025-09-02T07:09:01.6929514Z   show-progress: true
2025-09-02T07:09:01.6930034Z   lfs: false
2025-09-02T07:09:01.6930497Z   submodules: false
2025-09-02T07:09:01.6930997Z   set-safe-directory: true
2025-09-02T07:09:01.6931838Z ##[endgroup]
2025-09-02T07:09:01.7861150Z Syncing repository: Boss-1s/scratchattach
2025-09-02T07:09:01.7863336Z ##[group]Getting Git version info
2025-09-02T07:09:01.7864298Z Working directory is '/home/runner/work/scratchattach/scratchattach'
2025-09-02T07:09:01.7865487Z [command]/usr/bin/git version
2025-09-02T07:09:01.7942146Z git version 2.51.0
2025-09-02T07:09:01.7963855Z ##[endgroup]
2025-09-02T07:09:01.7978618Z Temporarily overriding HOME='/home/runner/work/_temp/f92e6f9d-3df3-482a-8b69-96a88bcea969' before making global git config changes
2025-09-02T07:09:01.7980509Z Adding repository directory to the temporary git global config as a safe directory
2025-09-02T07:09:01.7983476Z [command]/usr/bin/git config --global --add safe.directory /home/runner/work/scratchattach/scratchattach
2025-09-02T07:09:01.8025611Z Deleting the contents of '/home/runner/work/scratchattach/scratchattach'
2025-09-02T07:09:01.8030337Z ##[group]Initializing the repository
2025-09-02T07:09:01.8035137Z [command]/usr/bin/git init /home/runner/work/scratchattach/scratchattach
2025-09-02T07:09:01.8189232Z hint: Using 'master' as the name for the initial branch. This default branch name
2025-09-02T07:09:01.8190599Z hint: is subject to change. To configure the initial branch name to use in all
2025-09-02T07:09:01.8192277Z hint: of your new repositories, which will suppress this warning, call:
2025-09-02T07:09:01.8193160Z hint:
2025-09-02T07:09:01.8194286Z hint: 	git config --global init.defaultBranch <name>
2025-09-02T07:09:01.8195625Z hint:
2025-09-02T07:09:01.8197144Z hint: Names commonly chosen instead of 'master' are 'main', 'trunk' and
2025-09-02T07:09:01.8199058Z hint: 'development'. The just-created branch can be renamed via this command:
2025-09-02T07:09:01.8200661Z hint:
2025-09-02T07:09:01.8201496Z hint: 	git branch -m <name>
2025-09-02T07:09:01.8202449Z hint:
2025-09-02T07:09:01.8203667Z hint: Disable this message with "git config set advice.defaultBranchName false"
2025-09-02T07:09:01.8206260Z Initialized empty Git repository in /home/runner/work/scratchattach/scratchattach/.git/
2025-09-02T07:09:01.8209980Z [command]/usr/bin/git remote add origin https://github.com/Boss-1s/scratchattach
2025-09-02T07:09:01.8249469Z ##[endgroup]
2025-09-02T07:09:01.8250996Z ##[group]Disabling automatic garbage collection
2025-09-02T07:09:01.8253468Z [command]/usr/bin/git config --local gc.auto 0
2025-09-02T07:09:01.8282243Z ##[endgroup]
2025-09-02T07:09:01.8283796Z ##[group]Setting up auth
2025-09-02T07:09:01.8290158Z [command]/usr/bin/git config --local --name-only --get-regexp core\.sshCommand
2025-09-02T07:09:01.8322457Z [command]/usr/bin/git submodule foreach --recursive sh -c "git config --local --name-only --get-regexp 'core\.sshCommand' && git config --local --unset-all 'core.sshCommand' || :"
2025-09-02T07:09:01.8699554Z [command]/usr/bin/git config --local --name-only --get-regexp http\.https\:\/\/github\.com\/\.extraheader
2025-09-02T07:09:01.8732334Z [command]/usr/bin/git submodule foreach --recursive sh -c "git config --local --name-only --get-regexp 'http\.https\:\/\/github\.com\/\.extraheader' && git config --local --unset-all 'http.https://github.com/.extraheader' || :"
2025-09-02T07:09:01.8952533Z [command]/usr/bin/git config --local http.https://github.com/.extraheader AUTHORIZATION: basic ***
2025-09-02T07:09:01.8988871Z ##[endgroup]
2025-09-02T07:09:01.8990437Z ##[group]Fetching the repository
2025-09-02T07:09:01.8999667Z [command]/usr/bin/git -c protocol.version=2 fetch --no-tags --prune --no-recurse-submodules --depth=1 origin +refs/heads/main*:refs/remotes/origin/main* +refs/tags/main*:refs/tags/main*
2025-09-02T07:09:02.7320638Z From https://github.com/Boss-1s/scratchattach
2025-09-02T07:09:02.7321868Z  * [new branch]      main       -> origin/main
2025-09-02T07:09:02.7352027Z ##[endgroup]
2025-09-02T07:09:02.7353945Z ##[group]Determining the checkout info
2025-09-02T07:09:02.7360148Z [command]/usr/bin/git branch --list --remote origin/main
2025-09-02T07:09:02.7384916Z   origin/main
2025-09-02T07:09:02.7391786Z ##[endgroup]
2025-09-02T07:09:02.7396370Z [command]/usr/bin/git sparse-checkout disable
2025-09-02T07:09:02.7443573Z [command]/usr/bin/git config --local --unset-all extensions.worktreeConfig
2025-09-02T07:09:02.7475518Z ##[group]Checking out the ref
2025-09-02T07:09:02.7478097Z [command]/usr/bin/git checkout --progress --force -B main refs/remotes/origin/main
2025-09-02T07:09:02.7832019Z Switched to a new branch 'main'
2025-09-02T07:09:02.7837641Z branch 'main' set up to track 'origin/main'.
2025-09-02T07:09:02.7848102Z ##[endgroup]
2025-09-02T07:09:02.7889611Z [command]/usr/bin/git log -1 --format=%H
2025-09-02T07:09:02.7917767Z 7805618378438c87c31f9b226207fa051673afb1
2025-09-02T07:09:02.8241854Z ##[group]Run actions/setup-python@v5.6.0
2025-09-02T07:09:02.8243248Z with:
2025-09-02T07:09:02.8243970Z   python-version: 3.12.5
2025-09-02T07:09:02.8244853Z   check-latest: false
2025-09-02T07:09:02.8246117Z   token: ***
2025-09-02T07:09:02.8246902Z   update-environment: true
2025-09-02T07:09:02.8247883Z   allow-prereleases: false
2025-09-02T07:09:02.8248850Z   freethreaded: false
2025-09-02T07:09:02.8249649Z ##[endgroup]
2025-09-02T07:09:02.9977759Z ##[group]Installed versions
2025-09-02T07:09:02.9995768Z Version 3.12.5 was not found in the local cache
2025-09-02T07:09:03.9222088Z Version 3.12.5 is available for downloading
2025-09-02T07:09:03.9223589Z Download from "https://github.com/actions/python-versions/releases/download/3.12.5-10375840348/python-3.12.5-linux-24.04-x64.tar.gz"
2025-09-02T07:09:04.7948545Z Extract downloaded archive
2025-09-02T07:09:04.8056292Z [command]/usr/bin/tar xz --warning=no-unknown-keyword --overwrite -C /home/runner/work/_temp/8b394ce7-244d-4370-b927-cc314c505f7c -f /home/runner/work/_temp/9a71f087-0d2c-47b7-8c68-99b69b0685dc
2025-09-02T07:09:06.7891283Z Execute installation script
2025-09-02T07:09:06.7979170Z Check if Python hostedtoolcache folder exist...
2025-09-02T07:09:06.7979747Z Create Python 3.12.5 folder
2025-09-02T07:09:06.8001716Z Copy Python binaries to hostedtoolcache folder
2025-09-02T07:09:07.3744515Z Create additional symlinks (Required for the UsePythonVersion Azure Pipelines task and the setup-python GitHub Action)
2025-09-02T07:09:07.3785547Z Upgrading pip...
2025-09-02T07:09:09.4609750Z Looking in links: /tmp/tmpjfo9c_ll
2025-09-02T07:09:09.4614066Z Requirement already satisfied: pip in /opt/hostedtoolcache/Python/3.12.5/x64/lib/python3.12/site-packages (24.2)
2025-09-02T07:09:10.5681148Z Collecting pip
2025-09-02T07:09:10.6227503Z Downloading pip-25.2-py3-none-any.whl.metadata (4.7 kB)
2025-09-02T07:09:10.6379260Z Downloading pip-25.2-py3-none-any.whl (1.8 MB)
2025-09-02T07:09:10.6926605Z ━━━━━━━━━━━━━━━━━━━━━━━━━━━━━━━━━━━━━━━━ 1.8/1.8 MB 56.1 MB/s eta 0:00:00
2025-09-02T07:09:10.6927089Z 
2025-09-02T07:09:10.7129727Z Installing collected packages: pip
2025-09-02T07:09:10.7136677Z Attempting uninstall: pip
2025-09-02T07:09:10.7159447Z Found existing installation: pip 24.2
2025-09-02T07:09:10.7513611Z Uninstalling pip-24.2:
2025-09-02T07:09:10.7568806Z Successfully uninstalled pip-24.2
2025-09-02T07:09:11.6248026Z Successfully installed pip-25.2
2025-09-02T07:09:11.6760333Z Create complete file
2025-09-02T07:09:11.6798674Z Successfully set up CPython (3.12.5)
2025-09-02T07:09:11.6799396Z ##[endgroup]
2025-09-02T07:09:11.6942185Z ##[group]Run bossOfCode/install-scratchattach@v1.0.3
2025-09-02T07:09:11.6942525Z env:
2025-09-02T07:09:11.6942767Z   pythonLocation: /opt/hostedtoolcache/Python/3.12.5/x64
2025-09-02T07:09:11.6943212Z   PKG_CONFIG_PATH: /opt/hostedtoolcache/Python/3.12.5/x64/lib/pkgconfig
2025-09-02T07:09:11.6943601Z   Python_ROOT_DIR: /opt/hostedtoolcache/Python/3.12.5/x64
2025-09-02T07:09:11.6943965Z   Python2_ROOT_DIR: /opt/hostedtoolcache/Python/3.12.5/x64
2025-09-02T07:09:11.6944301Z   Python3_ROOT_DIR: /opt/hostedtoolcache/Python/3.12.5/x64
2025-09-02T07:09:11.6944651Z   LD_LIBRARY_PATH: /opt/hostedtoolcache/Python/3.12.5/x64/lib
2025-09-02T07:09:11.6944938Z ##[endgroup]
2025-09-02T07:09:11.7083314Z ##[group]Run python3 -m pip install --upgrade pip
2025-09-02T07:09:11.7083735Z [36;1mpython3 -m pip install --upgrade pip[0m
2025-09-02T07:09:11.7139432Z shell: /usr/bin/bash --noprofile --norc -e -o pipefail {0}
2025-09-02T07:09:11.7139784Z env:
2025-09-02T07:09:11.7140100Z   pythonLocation: /opt/hostedtoolcache/Python/3.12.5/x64
2025-09-02T07:09:11.7140505Z   PKG_CONFIG_PATH: /opt/hostedtoolcache/Python/3.12.5/x64/lib/pkgconfig
2025-09-02T07:09:11.7140913Z   Python_ROOT_DIR: /opt/hostedtoolcache/Python/3.12.5/x64
2025-09-02T07:09:11.7141256Z   Python2_ROOT_DIR: /opt/hostedtoolcache/Python/3.12.5/x64
2025-09-02T07:09:11.7141593Z   Python3_ROOT_DIR: /opt/hostedtoolcache/Python/3.12.5/x64
2025-09-02T07:09:11.7141942Z   LD_LIBRARY_PATH: /opt/hostedtoolcache/Python/3.12.5/x64/lib
2025-09-02T07:09:11.7142235Z ##[endgroup]
2025-09-02T07:09:12.0952780Z Requirement already satisfied: pip in /opt/hostedtoolcache/Python/3.12.5/x64/lib/python3.12/site-packages (25.2)
2025-09-02T07:09:12.3166624Z ##[group]Run pip install -U scratchattach
2025-09-02T07:09:12.3166957Z [36;1mpip install -U scratchattach[0m
2025-09-02T07:09:12.3197812Z shell: /usr/bin/bash --noprofile --norc -e -o pipefail {0}
2025-09-02T07:09:12.3198128Z env:
2025-09-02T07:09:12.3198394Z   pythonLocation: /opt/hostedtoolcache/Python/3.12.5/x64
2025-09-02T07:09:12.3198800Z   PKG_CONFIG_PATH: /opt/hostedtoolcache/Python/3.12.5/x64/lib/pkgconfig
2025-09-02T07:09:12.3199180Z   Python_ROOT_DIR: /opt/hostedtoolcache/Python/3.12.5/x64
2025-09-02T07:09:12.3199515Z   Python2_ROOT_DIR: /opt/hostedtoolcache/Python/3.12.5/x64
2025-09-02T07:09:12.3199850Z   Python3_ROOT_DIR: /opt/hostedtoolcache/Python/3.12.5/x64
2025-09-02T07:09:12.3200188Z   LD_LIBRARY_PATH: /opt/hostedtoolcache/Python/3.12.5/x64/lib
2025-09-02T07:09:12.3200470Z ##[endgroup]
2025-09-02T07:09:12.8530666Z Collecting scratchattach
2025-09-02T07:09:12.9067204Z   Downloading scratchattach-2.1.13-py3-none-any.whl.metadata (5.5 kB)
2025-09-02T07:09:12.9375133Z Collecting websocket-client (from scratchattach)
2025-09-02T07:09:12.9479147Z   Downloading websocket_client-1.8.0-py3-none-any.whl.metadata (8.0 kB)
2025-09-02T07:09:12.9887861Z Collecting requests (from scratchattach)
2025-09-02T07:09:12.9995770Z   Downloading requests-2.32.5-py3-none-any.whl.metadata (4.9 kB)
2025-09-02T07:09:13.0210917Z Collecting bs4 (from scratchattach)
2025-09-02T07:09:13.0314131Z   Downloading bs4-0.0.2-py2.py3-none-any.whl.metadata (411 bytes)
2025-09-02T07:09:13.0592353Z Collecting SimpleWebSocketServer (from scratchattach)
2025-09-02T07:09:13.0708535Z   Downloading SimpleWebSocketServer-0.1.2.tar.gz (10 kB)
2025-09-02T07:09:13.0808871Z   Installing build dependencies: started
2025-09-02T07:09:13.9985727Z   Installing build dependencies: finished with status 'done'
2025-09-02T07:09:13.9992352Z   Getting requirements to build wheel: started
2025-09-02T07:09:14.3590417Z   Getting requirements to build wheel: finished with status 'done'
2025-09-02T07:09:14.3600036Z   Preparing metadata (pyproject.toml): started
2025-09-02T07:09:14.5499078Z   Preparing metadata (pyproject.toml): finished with status 'done'
2025-09-02T07:09:14.5755868Z Collecting typing-extensions (from scratchattach)
2025-09-02T07:09:14.5862735Z   Downloading typing_extensions-4.15.0-py3-none-any.whl.metadata (3.3 kB)
2025-09-02T07:09:14.6126981Z Collecting beautifulsoup4 (from bs4->scratchattach)
2025-09-02T07:09:14.6230375Z   Downloading beautifulsoup4-4.13.5-py3-none-any.whl.metadata (3.8 kB)
2025-09-02T07:09:14.6517142Z Collecting soupsieve>1.2 (from beautifulsoup4->bs4->scratchattach)
2025-09-02T07:09:14.6628969Z   Downloading soupsieve-2.8-py3-none-any.whl.metadata (4.6 kB)
2025-09-02T07:09:14.7803815Z Collecting charset_normalizer<4,>=2 (from requests->scratchattach)
2025-09-02T07:09:14.7916226Z   Downloading charset_normalizer-3.4.3-cp312-cp312-manylinux2014_x86_64.manylinux_2_17_x86_64.manylinux_2_28_x86_64.whl.metadata (36 kB)
2025-09-02T07:09:14.8230002Z Collecting idna<4,>=2.5 (from requests->scratchattach)
2025-09-02T07:09:14.8330869Z   Downloading idna-3.10-py3-none-any.whl.metadata (10 kB)
2025-09-02T07:09:14.8742905Z Collecting urllib3<3,>=1.21.1 (from requests->scratchattach)
2025-09-02T07:09:14.8847913Z   Downloading urllib3-2.5.0-py3-none-any.whl.metadata (6.5 kB)
2025-09-02T07:09:14.9191312Z Collecting certifi>=2017.4.17 (from requests->scratchattach)
2025-09-02T07:09:14.9297374Z   Downloading certifi-2025.8.3-py3-none-any.whl.metadata (2.4 kB)
2025-09-02T07:09:14.9478351Z Downloading scratchattach-2.1.13-py3-none-any.whl (141 kB)
2025-09-02T07:09:14.9715389Z Downloading bs4-0.0.2-py2.py3-none-any.whl (1.2 kB)
2025-09-02T07:09:14.9843378Z Downloading beautifulsoup4-4.13.5-py3-none-any.whl (105 kB)
2025-09-02T07:09:14.9982469Z Downloading soupsieve-2.8-py3-none-any.whl (36 kB)
2025-09-02T07:09:15.0123855Z Downloading typing_extensions-4.15.0-py3-none-any.whl (44 kB)
2025-09-02T07:09:15.0271259Z Downloading requests-2.32.5-py3-none-any.whl (64 kB)
2025-09-02T07:09:15.0406324Z Downloading charset_normalizer-3.4.3-cp312-cp312-manylinux2014_x86_64.manylinux_2_17_x86_64.manylinux_2_28_x86_64.whl (151 kB)
2025-09-02T07:09:15.0564543Z Downloading idna-3.10-py3-none-any.whl (70 kB)
2025-09-02T07:09:15.0710837Z Downloading urllib3-2.5.0-py3-none-any.whl (129 kB)
2025-09-02T07:09:15.0858282Z Downloading certifi-2025.8.3-py3-none-any.whl (161 kB)
2025-09-02T07:09:15.1009744Z Downloading websocket_client-1.8.0-py3-none-any.whl (58 kB)
2025-09-02T07:09:15.1147126Z Building wheels for collected packages: SimpleWebSocketServer
2025-09-02T07:09:15.1155343Z   Building wheel for SimpleWebSocketServer (pyproject.toml): started
2025-09-02T07:09:15.3396964Z   Building wheel for SimpleWebSocketServer (pyproject.toml): finished with status 'done'
2025-09-02T07:09:15.3404230Z   Created wheel for SimpleWebSocketServer: filename=simplewebsocketserver-0.1.2-py3-none-any.whl size=9715 sha256=cc9b2941b1b7a1a439a841b4f9d77047207364cde0efd452532b129a2b73a2b8
2025-09-02T07:09:15.3406462Z   Stored in directory: /home/runner/.cache/pip/wheels/81/fd/d8/f145b47bedceb5dff96b76e404a4ee9be956a4f8f150cd8133
2025-09-02T07:09:15.3424728Z Successfully built SimpleWebSocketServer
2025-09-02T07:09:15.3595299Z Installing collected packages: SimpleWebSocketServer, websocket-client, urllib3, typing-extensions, soupsieve, idna, charset_normalizer, certifi, requests, beautifulsoup4, bs4, scratchattach
2025-09-02T07:09:15.9371725Z 
2025-09-02T07:09:15.9391960Z Successfully installed SimpleWebSocketServer-0.1.2 beautifulsoup4-4.13.5 bs4-0.0.2 certifi-2025.8.3 charset_normalizer-3.4.3 idna-3.10 requests-2.32.5 scratchattach-2.1.13 soupsieve-2.8 typing-extensions-4.15.0 urllib3-2.5.0 websocket-client-1.8.0
2025-09-02T07:09:16.0201279Z ##[group]Run actions/checkout@v5
2025-09-02T07:09:16.0201533Z with:
2025-09-02T07:09:16.0201699Z   ref: main
2025-09-02T07:09:16.0201889Z   repository: Boss-1s/scratchattach
2025-09-02T07:09:16.0202260Z   token: ***
2025-09-02T07:09:16.0202440Z   ssh-strict: true
2025-09-02T07:09:16.0202619Z   ssh-user: git
2025-09-02T07:09:16.0202803Z   persist-credentials: true
2025-09-02T07:09:16.0203014Z   clean: true
2025-09-02T07:09:16.0203198Z   sparse-checkout-cone-mode: true
2025-09-02T07:09:16.0203428Z   fetch-depth: 1
2025-09-02T07:09:16.0203604Z   fetch-tags: false
2025-09-02T07:09:16.0203783Z   show-progress: true
2025-09-02T07:09:16.0203970Z   lfs: false
2025-09-02T07:09:16.0204133Z   submodules: false
2025-09-02T07:09:16.0204315Z   set-safe-directory: true
2025-09-02T07:09:16.0204512Z env:
2025-09-02T07:09:16.0204732Z   pythonLocation: /opt/hostedtoolcache/Python/3.12.5/x64
2025-09-02T07:09:16.0205119Z   PKG_CONFIG_PATH: /opt/hostedtoolcache/Python/3.12.5/x64/lib/pkgconfig
2025-09-02T07:09:16.0205524Z   Python_ROOT_DIR: /opt/hostedtoolcache/Python/3.12.5/x64
2025-09-02T07:09:16.0205864Z   Python2_ROOT_DIR: /opt/hostedtoolcache/Python/3.12.5/x64
2025-09-02T07:09:16.0206412Z   Python3_ROOT_DIR: /opt/hostedtoolcache/Python/3.12.5/x64
2025-09-02T07:09:16.0206751Z   LD_LIBRARY_PATH: /opt/hostedtoolcache/Python/3.12.5/x64/lib
2025-09-02T07:09:16.0207036Z ##[endgroup]
2025-09-02T07:09:16.0975033Z Syncing repository: Boss-1s/scratchattach
2025-09-02T07:09:16.0975616Z ##[group]Getting Git version info
2025-09-02T07:09:16.0976275Z Working directory is '/home/runner/work/scratchattach/scratchattach'
2025-09-02T07:09:16.1005643Z [command]/usr/bin/git version
2025-09-02T07:09:16.1042737Z git version 2.51.0
2025-09-02T07:09:16.1062428Z ##[endgroup]
2025-09-02T07:09:16.1076125Z Temporarily overriding HOME='/home/runner/work/_temp/e18bad51-763e-4924-a4e1-4f67a5ead941' before making global git config changes
2025-09-02T07:09:16.1077087Z Adding repository directory to the temporary git global config as a safe directory
2025-09-02T07:09:16.1081325Z [command]/usr/bin/git config --global --add safe.directory /home/runner/work/scratchattach/scratchattach
2025-09-02T07:09:16.1120103Z [command]/usr/bin/git config --local --get remote.origin.url
2025-09-02T07:09:16.1141955Z https://github.com/Boss-1s/scratchattach
2025-09-02T07:09:16.1154841Z ##[group]Removing previously created refs, to avoid conflicts
2025-09-02T07:09:16.1158926Z [command]/usr/bin/git rev-parse --symbolic-full-name --verify --quiet HEAD
2025-09-02T07:09:16.1181140Z refs/heads/main
2025-09-02T07:09:16.1190386Z [command]/usr/bin/git checkout --detach
2025-09-02T07:09:16.1481386Z HEAD is now at 7805618 [BOT] Download Logs
2025-09-02T07:09:16.1528984Z [command]/usr/bin/git branch --delete --force main
2025-09-02T07:09:16.1554117Z Deleted branch main (was 7805618).
2025-09-02T07:09:16.1588449Z ##[endgroup]
2025-09-02T07:09:16.1591633Z [command]/usr/bin/git submodule status
2025-09-02T07:09:16.1819584Z ##[group]Cleaning the repository
2025-09-02T07:09:16.1825486Z [command]/usr/bin/git clean -ffdx
2025-09-02T07:09:16.1859328Z [command]/usr/bin/git reset --hard HEAD
2025-09-02T07:09:16.1893799Z HEAD is now at 7805618 [BOT] Download Logs
2025-09-02T07:09:16.1898985Z ##[endgroup]
2025-09-02T07:09:16.1900686Z ##[group]Disabling automatic garbage collection
2025-09-02T07:09:16.1904576Z [command]/usr/bin/git config --local gc.auto 0
2025-09-02T07:09:16.1929776Z ##[endgroup]
2025-09-02T07:09:16.1930127Z ##[group]Setting up auth
2025-09-02T07:09:16.1936296Z [command]/usr/bin/git config --local --name-only --get-regexp core\.sshCommand
2025-09-02T07:09:16.1965584Z [command]/usr/bin/git submodule foreach --recursive sh -c "git config --local --name-only --get-regexp 'core\.sshCommand' && git config --local --unset-all 'core.sshCommand' || :"
2025-09-02T07:09:16.2184696Z [command]/usr/bin/git config --local --name-only --get-regexp http\.https\:\/\/github\.com\/\.extraheader
2025-09-02T07:09:16.2205877Z http.https://github.com/.extraheader
2025-09-02T07:09:16.2215016Z [command]/usr/bin/git config --local --unset-all http.https://github.com/.extraheader
2025-09-02T07:09:16.2243785Z [command]/usr/bin/git submodule foreach --recursive sh -c "git config --local --name-only --get-regexp 'http\.https\:\/\/github\.com\/\.extraheader' && git config --local --unset-all 'http.https://github.com/.extraheader' || :"
2025-09-02T07:09:16.2466968Z [command]/usr/bin/git config --local http.https://github.com/.extraheader AUTHORIZATION: basic ***
2025-09-02T07:09:16.2535644Z ##[endgroup]
2025-09-02T07:09:16.2536378Z ##[group]Fetching the repository
2025-09-02T07:09:16.2543912Z [command]/usr/bin/git -c protocol.version=2 fetch --no-tags --prune --no-recurse-submodules --depth=1 origin +refs/heads/main*:refs/remotes/origin/main* +refs/tags/main*:refs/tags/main*
2025-09-02T07:09:16.7702683Z ##[endgroup]
2025-09-02T07:09:16.7703262Z ##[group]Determining the checkout info
2025-09-02T07:09:16.7710273Z [command]/usr/bin/git branch --list --remote origin/main
2025-09-02T07:09:16.7733961Z   origin/main
2025-09-02T07:09:16.7738616Z ##[endgroup]
2025-09-02T07:09:16.7742808Z [command]/usr/bin/git sparse-checkout disable
2025-09-02T07:09:16.7799534Z [command]/usr/bin/git config --local --unset-all extensions.worktreeConfig
2025-09-02T07:09:16.7825618Z ##[group]Checking out the ref
2025-09-02T07:09:16.7831016Z [command]/usr/bin/git checkout --progress --force -B main refs/remotes/origin/main
2025-09-02T07:09:16.7871531Z Switched to a new branch 'main'
2025-09-02T07:09:16.7873763Z branch 'main' set up to track 'origin/main'.
2025-09-02T07:09:16.7879905Z ##[endgroup]
2025-09-02T07:09:16.7915375Z [command]/usr/bin/git log -1 --format=%H
2025-09-02T07:09:16.7938875Z 7805618378438c87c31f9b226207fa051673afb1
2025-09-02T07:09:16.8051174Z ##[group]Run timeout 359m python3 message_viewer.py || { [[ $? -eq 124 ]] && exit 0; }
2025-09-02T07:09:16.8051727Z [36;1mtimeout 359m python3 message_viewer.py || { [[ $? -eq 124 ]] && exit 0; }[0m
2025-09-02T07:09:16.8082880Z shell: /usr/bin/bash -e {0}
2025-09-02T07:09:16.8083100Z env:
2025-09-02T07:09:16.8083349Z   pythonLocation: /opt/hostedtoolcache/Python/3.12.5/x64
2025-09-02T07:09:16.8083765Z   PKG_CONFIG_PATH: /opt/hostedtoolcache/Python/3.12.5/x64/lib/pkgconfig
2025-09-02T07:09:16.8084310Z   Python_ROOT_DIR: /opt/hostedtoolcache/Python/3.12.5/x64
2025-09-02T07:09:16.8084650Z   Python2_ROOT_DIR: /opt/hostedtoolcache/Python/3.12.5/x64
2025-09-02T07:09:16.8084986Z   Python3_ROOT_DIR: /opt/hostedtoolcache/Python/3.12.5/x64
2025-09-02T07:09:16.8085323Z   LD_LIBRARY_PATH: /opt/hostedtoolcache/Python/3.12.5/x64/lib
2025-09-02T07:09:16.8085792Z   PASS: ***
2025-09-02T07:09:16.8086183Z ##[endgroup]
2025-09-02T07:09:17.9479062Z Thanks for giving credit for CloudRequests!
2025-09-02T07:09:17.9479599Z Request handler is running
2025-09-02T07:09:17.9485738Z Request handler is running
2025-09-02T13:08:16.8233036Z Post job cleanup.
2025-09-02T13:08:16.9012893Z [command]/usr/bin/git version
2025-09-02T13:08:16.9048832Z git version 2.51.0
2025-09-02T13:08:16.9087025Z Temporarily overriding HOME='/home/runner/work/_temp/5e1ce8fd-c4f2-42da-8fb0-d2a8a27882f9' before making global git config changes
2025-09-02T13:08:16.9088347Z Adding repository directory to the temporary git global config as a safe directory
2025-09-02T13:08:16.9093506Z [command]/usr/bin/git config --global --add safe.directory /home/runner/work/scratchattach/scratchattach
2025-09-02T13:08:16.9129729Z [command]/usr/bin/git config --local --name-only --get-regexp core\.sshCommand
2025-09-02T13:08:16.9162148Z [command]/usr/bin/git submodule foreach --recursive sh -c "git config --local --name-only --get-regexp 'core\.sshCommand' && git config --local --unset-all 'core.sshCommand' || :"
2025-09-02T13:08:16.9389490Z [command]/usr/bin/git config --local --name-only --get-regexp http\.https\:\/\/github\.com\/\.extraheader
2025-09-02T13:08:16.9412977Z http.https://github.com/.extraheader
2025-09-02T13:08:16.9422897Z [command]/usr/bin/git config --local --unset-all http.https://github.com/.extraheader
2025-09-02T13:08:16.9453892Z [command]/usr/bin/git submodule foreach --recursive sh -c "git config --local --name-only --get-regexp 'http\.https\:\/\/github\.com\/\.extraheader' && git config --local --unset-all 'http.https://github.com/.extraheader' || :"
2025-09-02T13:08:16.9795402Z Post job cleanup.
2025-09-02T13:08:17.1424372Z Post job cleanup.
2025-09-02T13:08:17.2200467Z [command]/usr/bin/git version
2025-09-02T13:08:17.2248045Z git version 2.51.0
2025-09-02T13:08:17.2302453Z Temporarily overriding HOME='/home/runner/work/_temp/2e71655b-5dd3-4985-b8e0-04b00ec6e7c5' before making global git config changes
2025-09-02T13:08:17.2304365Z Adding repository directory to the temporary git global config as a safe directory
2025-09-02T13:08:17.2310036Z [command]/usr/bin/git config --global --add safe.directory /home/runner/work/scratchattach/scratchattach
2025-09-02T13:08:17.2352864Z [command]/usr/bin/git config --local --name-only --get-regexp core\.sshCommand
2025-09-02T13:08:17.2390532Z [command]/usr/bin/git submodule foreach --recursive sh -c "git config --local --name-only --get-regexp 'core\.sshCommand' && git config --local --unset-all 'core.sshCommand' || :"
2025-09-02T13:08:17.2637376Z [command]/usr/bin/git config --local --name-only --get-regexp http\.https\:\/\/github\.com\/\.extraheader
2025-09-02T13:08:17.2675141Z [command]/usr/bin/git submodule foreach --recursive sh -c "git config --local --name-only --get-regexp 'http\.https\:\/\/github\.com\/\.extraheader' && git config --local --unset-all 'http.https://github.com/.extraheader' || :"
2025-09-02T13:08:17.3050755Z Cleaning up orphan processes
