2025-09-08T06:51:02.1140370Z Current runner version: '2.328.0'
2025-09-08T06:51:02.1175101Z ##[group]Runner Image Provisioner
2025-09-08T06:51:02.1176395Z Hosted Compute Agent
2025-09-08T06:51:02.1177307Z Version: 20250829.383
2025-09-08T06:51:02.1178435Z Commit: 27cb235aab5b0e52e153a26cd86b4742e89dac5d
2025-09-08T06:51:02.1179612Z Build Date: 2025-08-29T13:48:48Z
2025-09-08T06:51:02.1181045Z ##[endgroup]
2025-09-08T06:51:02.1181984Z ##[group]Operating System
2025-09-08T06:51:02.1182915Z Ubuntu
2025-09-08T06:51:02.1183854Z 24.04.3
2025-09-08T06:51:02.1184649Z LTS
2025-09-08T06:51:02.1185468Z ##[endgroup]
2025-09-08T06:51:02.1186460Z ##[group]Runner Image
2025-09-08T06:51:02.1187368Z Image: ubuntu-24.04
2025-09-08T06:51:02.1188206Z Version: 20250831.1.0
2025-09-08T06:51:02.1190371Z Included Software: https://github.com/actions/runner-images/blob/ubuntu24/20250831.1/images/ubuntu/Ubuntu2404-Readme.md
2025-09-08T06:51:02.1193158Z Image Release: https://github.com/actions/runner-images/releases/tag/ubuntu24%2F20250831.1
2025-09-08T06:51:02.1194961Z ##[endgroup]
2025-09-08T06:51:02.1199425Z ##[group]GITHUB_TOKEN Permissions
2025-09-08T06:51:02.1202523Z Actions: write
2025-09-08T06:51:02.1203640Z Attestations: write
2025-09-08T06:51:02.1204522Z Checks: write
2025-09-08T06:51:02.1205395Z Contents: write
2025-09-08T06:51:02.1206386Z Deployments: write
2025-09-08T06:51:02.1207299Z Discussions: write
2025-09-08T06:51:02.1208196Z Issues: write
2025-09-08T06:51:02.1209189Z Metadata: read
2025-09-08T06:51:02.1210175Z Models: read
2025-09-08T06:51:02.1211052Z Packages: write
2025-09-08T06:51:02.1211999Z Pages: write
2025-09-08T06:51:02.1212819Z PullRequests: write
2025-09-08T06:51:02.1213728Z RepositoryProjects: write
2025-09-08T06:51:02.1214865Z SecurityEvents: write
2025-09-08T06:51:02.1215985Z Statuses: write
2025-09-08T06:51:02.1216844Z ##[endgroup]
2025-09-08T06:51:02.1220188Z Secret source: Actions
2025-09-08T06:51:02.1221356Z Prepare workflow directory
2025-09-08T06:51:02.1705184Z Prepare all required actions
2025-09-08T06:51:02.1763867Z Getting action download info
2025-09-08T06:51:02.4487252Z Download action repository 'actions/checkout@v5.0.0' (SHA:08c6903cd8c0fde910a37f88322edcfb5dd907a8)
2025-09-08T06:51:02.5219778Z Download action repository 'actions/setup-python@v6.0.0' (SHA:e797f83bcb11b83ae66e0230d6156d7c80228e7c)
2025-09-08T06:51:02.8033785Z Download action repository 'bossOfCode/install-scratchattach@v1.0.3' (SHA:be17a7cf1ecb5a7040eb42ef26c2e1fbe72bb25a)
2025-09-08T06:51:03.1430272Z Complete job name: Run 1
2025-09-08T06:51:03.2142129Z ##[group]Run actions/checkout@v5.0.0
2025-09-08T06:51:03.2143124Z with:
2025-09-08T06:51:03.2143591Z   ref: main
2025-09-08T06:51:03.2144073Z   repository: Boss-1s/scratchattach
2025-09-08T06:51:03.2144857Z   token: ***
2025-09-08T06:51:03.2145323Z   ssh-strict: true
2025-09-08T06:51:03.2145795Z   ssh-user: git
2025-09-08T06:51:03.2146282Z   persist-credentials: true
2025-09-08T06:51:03.2146840Z   clean: true
2025-09-08T06:51:03.2147319Z   sparse-checkout-cone-mode: true
2025-09-08T06:51:03.2147888Z   fetch-depth: 1
2025-09-08T06:51:03.2148386Z   fetch-tags: false
2025-09-08T06:51:03.2148867Z   show-progress: true
2025-09-08T06:51:03.2149364Z   lfs: false
2025-09-08T06:51:03.2149814Z   submodules: false
2025-09-08T06:51:03.2150471Z   set-safe-directory: true
2025-09-08T06:51:03.2151248Z ##[endgroup]
2025-09-08T06:51:03.3088130Z Syncing repository: Boss-1s/scratchattach
2025-09-08T06:51:03.3090714Z ##[group]Getting Git version info
2025-09-08T06:51:03.3091709Z Working directory is '/home/runner/work/scratchattach/scratchattach'
2025-09-08T06:51:03.3093145Z [command]/usr/bin/git version
2025-09-08T06:51:03.3106906Z git version 2.51.0
2025-09-08T06:51:03.3128058Z ##[endgroup]
2025-09-08T06:51:03.3142016Z Temporarily overriding HOME='/home/runner/work/_temp/a851decc-59a8-48b5-aaf5-c9b1053f2cbb' before making global git config changes
2025-09-08T06:51:03.3144090Z Adding repository directory to the temporary git global config as a safe directory
2025-09-08T06:51:03.3147991Z [command]/usr/bin/git config --global --add safe.directory /home/runner/work/scratchattach/scratchattach
2025-09-08T06:51:03.3186379Z Deleting the contents of '/home/runner/work/scratchattach/scratchattach'
2025-09-08T06:51:03.3190639Z ##[group]Initializing the repository
2025-09-08T06:51:03.3195584Z [command]/usr/bin/git init /home/runner/work/scratchattach/scratchattach
2025-09-08T06:51:03.3264025Z hint: Using 'master' as the name for the initial branch. This default branch name
2025-09-08T06:51:03.3266718Z hint: is subject to change. To configure the initial branch name to use in all
2025-09-08T06:51:03.3268655Z hint: of your new repositories, which will suppress this warning, call:
2025-09-08T06:51:03.3270206Z hint:
2025-09-08T06:51:03.3271126Z hint: 	git config --global init.defaultBranch <name>
2025-09-08T06:51:03.3271802Z hint:
2025-09-08T06:51:03.3272431Z hint: Names commonly chosen instead of 'master' are 'main', 'trunk' and
2025-09-08T06:51:03.3273718Z hint: 'development'. The just-created branch can be renamed via this command:
2025-09-08T06:51:03.3275124Z hint:
2025-09-08T06:51:03.3275876Z hint: 	git branch -m <name>
2025-09-08T06:51:03.3276743Z hint:
2025-09-08T06:51:03.3277968Z hint: Disable this message with "git config set advice.defaultBranchName false"
2025-09-08T06:51:03.3280156Z Initialized empty Git repository in /home/runner/work/scratchattach/scratchattach/.git/
2025-09-08T06:51:03.3282459Z [command]/usr/bin/git remote add origin https://github.com/Boss-1s/scratchattach
2025-09-08T06:51:03.3315285Z ##[endgroup]
2025-09-08T06:51:03.3316721Z ##[group]Disabling automatic garbage collection
2025-09-08T06:51:03.3318382Z [command]/usr/bin/git config --local gc.auto 0
2025-09-08T06:51:03.3347152Z ##[endgroup]
2025-09-08T06:51:03.3347947Z ##[group]Setting up auth
2025-09-08T06:51:03.3353664Z [command]/usr/bin/git config --local --name-only --get-regexp core\.sshCommand
2025-09-08T06:51:03.3384682Z [command]/usr/bin/git submodule foreach --recursive sh -c "git config --local --name-only --get-regexp 'core\.sshCommand' && git config --local --unset-all 'core.sshCommand' || :"
2025-09-08T06:51:03.3644513Z [command]/usr/bin/git config --local --name-only --get-regexp http\.https\:\/\/github\.com\/\.extraheader
2025-09-08T06:51:03.3676661Z [command]/usr/bin/git submodule foreach --recursive sh -c "git config --local --name-only --get-regexp 'http\.https\:\/\/github\.com\/\.extraheader' && git config --local --unset-all 'http.https://github.com/.extraheader' || :"
2025-09-08T06:51:03.3893452Z [command]/usr/bin/git config --local http.https://github.com/.extraheader AUTHORIZATION: basic ***
2025-09-08T06:51:03.3927227Z ##[endgroup]
2025-09-08T06:51:03.3928726Z ##[group]Fetching the repository
2025-09-08T06:51:03.3937009Z [command]/usr/bin/git -c protocol.version=2 fetch --no-tags --prune --no-recurse-submodules --depth=1 origin +refs/heads/main*:refs/remotes/origin/main* +refs/tags/main*:refs/tags/main*
2025-09-08T06:51:03.8201346Z From https://github.com/Boss-1s/scratchattach
2025-09-08T06:51:03.8202487Z  * [new branch]      main       -> origin/main
2025-09-08T06:51:03.8230598Z ##[endgroup]
2025-09-08T06:51:03.8232501Z ##[group]Determining the checkout info
2025-09-08T06:51:03.8238177Z [command]/usr/bin/git branch --list --remote origin/main
2025-09-08T06:51:03.8262244Z   origin/main
2025-09-08T06:51:03.8267965Z ##[endgroup]
2025-09-08T06:51:03.8272319Z [command]/usr/bin/git sparse-checkout disable
2025-09-08T06:51:03.8309100Z [command]/usr/bin/git config --local --unset-all extensions.worktreeConfig
2025-09-08T06:51:03.8336882Z ##[group]Checking out the ref
2025-09-08T06:51:03.8340230Z [command]/usr/bin/git checkout --progress --force -B main refs/remotes/origin/main
2025-09-08T06:51:03.9087400Z Switched to a new branch 'main'
2025-09-08T06:51:03.9089133Z branch 'main' set up to track 'origin/main'.
2025-09-08T06:51:03.9103025Z ##[endgroup]
2025-09-08T06:51:03.9142312Z [command]/usr/bin/git log -1 --format=%H
2025-09-08T06:51:03.9166602Z adc021de68102d448f7956d888875f3b7de2c741
2025-09-08T06:51:03.9474336Z ##[group]Run actions/setup-python@v6.0.0
2025-09-08T06:51:03.9475845Z with:
2025-09-08T06:51:03.9476685Z   python-version: 3.13
2025-09-08T06:51:03.9477661Z   check-latest: false
2025-09-08T06:51:03.9478884Z   token: ***
2025-09-08T06:51:03.9479761Z   update-environment: true
2025-09-08T06:51:03.9480980Z   allow-prereleases: false
2025-09-08T06:51:03.9482009Z   freethreaded: false
2025-09-08T06:51:03.9482939Z ##[endgroup]
2025-09-08T06:51:04.0778068Z ##[group]Installed versions
2025-09-08T06:51:04.0869365Z (node:2183) [DEP0040] DeprecationWarning: The `punycode` module is deprecated. Please use a userland alternative instead.
2025-09-08T06:51:04.0873670Z (Use `node --trace-deprecation ...` to show where the warning was created)
2025-09-08T06:51:04.0876311Z Successfully set up CPython (3.13.7)
2025-09-08T06:51:04.0878074Z ##[endgroup]
2025-09-08T06:51:04.1087174Z ##[group]Run bossOfCode/install-scratchattach@v1.0.3
2025-09-08T06:51:04.1089281Z env:
2025-09-08T06:51:04.1091096Z   pythonLocation: /opt/hostedtoolcache/Python/3.13.7/x64
2025-09-08T06:51:04.1093959Z   PKG_CONFIG_PATH: /opt/hostedtoolcache/Python/3.13.7/x64/lib/pkgconfig
2025-09-08T06:51:04.1096834Z   Python_ROOT_DIR: /opt/hostedtoolcache/Python/3.13.7/x64
2025-09-08T06:51:04.1099413Z   Python2_ROOT_DIR: /opt/hostedtoolcache/Python/3.13.7/x64
2025-09-08T06:51:04.1102247Z   Python3_ROOT_DIR: /opt/hostedtoolcache/Python/3.13.7/x64
2025-09-08T06:51:04.1104877Z   LD_LIBRARY_PATH: /opt/hostedtoolcache/Python/3.13.7/x64/lib
2025-09-08T06:51:04.1107077Z ##[endgroup]
2025-09-08T06:51:04.1216202Z ##[group]Run python3 -m pip install --upgrade pip
2025-09-08T06:51:04.1217630Z [36;1mpython3 -m pip install --upgrade pip[0m
2025-09-08T06:51:04.1323408Z shell: /usr/bin/bash --noprofile --norc -e -o pipefail {0}
2025-09-08T06:51:04.1324747Z env:
2025-09-08T06:51:04.1325756Z   pythonLocation: /opt/hostedtoolcache/Python/3.13.7/x64
2025-09-08T06:51:04.1327408Z   PKG_CONFIG_PATH: /opt/hostedtoolcache/Python/3.13.7/x64/lib/pkgconfig
2025-09-08T06:51:04.1329018Z   Python_ROOT_DIR: /opt/hostedtoolcache/Python/3.13.7/x64
2025-09-08T06:51:04.1330678Z   Python2_ROOT_DIR: /opt/hostedtoolcache/Python/3.13.7/x64
2025-09-08T06:51:04.1332146Z   Python3_ROOT_DIR: /opt/hostedtoolcache/Python/3.13.7/x64
2025-09-08T06:51:04.1333659Z   LD_LIBRARY_PATH: /opt/hostedtoolcache/Python/3.13.7/x64/lib
2025-09-08T06:51:04.1334902Z ##[endgroup]
2025-09-08T06:51:06.3593053Z Requirement already satisfied: pip in /opt/hostedtoolcache/Python/3.13.7/x64/lib/python3.13/site-packages (25.2)
2025-09-08T06:51:06.5873356Z ##[group]Run pip install -U scratchattach
2025-09-08T06:51:06.5873699Z [36;1mpip install -U scratchattach[0m
2025-09-08T06:51:06.5904492Z shell: /usr/bin/bash --noprofile --norc -e -o pipefail {0}
2025-09-08T06:51:06.5904829Z env:
2025-09-08T06:51:06.5905088Z   pythonLocation: /opt/hostedtoolcache/Python/3.13.7/x64
2025-09-08T06:51:06.5905500Z   PKG_CONFIG_PATH: /opt/hostedtoolcache/Python/3.13.7/x64/lib/pkgconfig
2025-09-08T06:51:06.5905898Z   Python_ROOT_DIR: /opt/hostedtoolcache/Python/3.13.7/x64
2025-09-08T06:51:06.5906235Z   Python2_ROOT_DIR: /opt/hostedtoolcache/Python/3.13.7/x64
2025-09-08T06:51:06.5906589Z   Python3_ROOT_DIR: /opt/hostedtoolcache/Python/3.13.7/x64
2025-09-08T06:51:06.5906941Z   LD_LIBRARY_PATH: /opt/hostedtoolcache/Python/3.13.7/x64/lib
2025-09-08T06:51:06.5907228Z ##[endgroup]
2025-09-08T06:51:07.0787566Z Collecting scratchattach
2025-09-08T06:51:07.1297633Z   Downloading scratchattach-2.1.13-py3-none-any.whl.metadata (5.5 kB)
2025-09-08T06:51:07.1560748Z Collecting websocket-client (from scratchattach)
2025-09-08T06:51:07.1655008Z   Downloading websocket_client-1.8.0-py3-none-any.whl.metadata (8.0 kB)
2025-09-08T06:51:07.1996930Z Collecting requests (from scratchattach)
2025-09-08T06:51:07.2066576Z   Downloading requests-2.32.5-py3-none-any.whl.metadata (4.9 kB)
2025-09-08T06:51:07.2215810Z Collecting bs4 (from scratchattach)
2025-09-08T06:51:07.2292521Z   Downloading bs4-0.0.2-py2.py3-none-any.whl.metadata (411 bytes)
2025-09-08T06:51:07.2466193Z Collecting SimpleWebSocketServer (from scratchattach)
2025-09-08T06:51:07.2545551Z   Downloading SimpleWebSocketServer-0.1.2.tar.gz (10 kB)
2025-09-08T06:51:07.2629322Z   Installing build dependencies: started
2025-09-08T06:51:08.0922818Z   Installing build dependencies: finished with status 'done'
2025-09-08T06:51:08.0927868Z   Getting requirements to build wheel: started
2025-09-08T06:51:08.4913835Z   Getting requirements to build wheel: finished with status 'done'
2025-09-08T06:51:08.4922808Z   Preparing metadata (pyproject.toml): started
2025-09-08T06:51:08.6892167Z   Preparing metadata (pyproject.toml): finished with status 'done'
2025-09-08T06:51:08.7100915Z Collecting typing-extensions (from scratchattach)
2025-09-08T06:51:08.7197423Z   Downloading typing_extensions-4.15.0-py3-none-any.whl.metadata (3.3 kB)
2025-09-08T06:51:08.7434813Z Collecting beautifulsoup4 (from bs4->scratchattach)
2025-09-08T06:51:08.7508189Z   Downloading beautifulsoup4-4.13.5-py3-none-any.whl.metadata (3.8 kB)
2025-09-08T06:51:08.7746230Z Collecting soupsieve>1.2 (from beautifulsoup4->bs4->scratchattach)
2025-09-08T06:51:08.7817237Z   Downloading soupsieve-2.8-py3-none-any.whl.metadata (4.6 kB)
2025-09-08T06:51:08.8795020Z Collecting charset_normalizer<4,>=2 (from requests->scratchattach)
2025-09-08T06:51:08.8867711Z   Downloading charset_normalizer-3.4.3-cp313-cp313-manylinux2014_x86_64.manylinux_2_17_x86_64.manylinux_2_28_x86_64.whl.metadata (36 kB)
2025-09-08T06:51:08.9104546Z Collecting idna<4,>=2.5 (from requests->scratchattach)
2025-09-08T06:51:08.9173753Z   Downloading idna-3.10-py3-none-any.whl.metadata (10 kB)
2025-09-08T06:51:08.9511674Z Collecting urllib3<3,>=1.21.1 (from requests->scratchattach)
2025-09-08T06:51:08.9587994Z   Downloading urllib3-2.5.0-py3-none-any.whl.metadata (6.5 kB)
2025-09-08T06:51:08.9853217Z Collecting certifi>=2017.4.17 (from requests->scratchattach)
2025-09-08T06:51:08.9921541Z   Downloading certifi-2025.8.3-py3-none-any.whl.metadata (2.4 kB)
2025-09-08T06:51:09.0076973Z Downloading scratchattach-2.1.13-py3-none-any.whl (141 kB)
2025-09-08T06:51:09.0239145Z Downloading bs4-0.0.2-py2.py3-none-any.whl (1.2 kB)
2025-09-08T06:51:09.0329822Z Downloading beautifulsoup4-4.13.5-py3-none-any.whl (105 kB)
2025-09-08T06:51:09.0430511Z Downloading soupsieve-2.8-py3-none-any.whl (36 kB)
2025-09-08T06:51:09.0520504Z Downloading typing_extensions-4.15.0-py3-none-any.whl (44 kB)
2025-09-08T06:51:09.0609037Z Downloading requests-2.32.5-py3-none-any.whl (64 kB)
2025-09-08T06:51:09.0707580Z Downloading charset_normalizer-3.4.3-cp313-cp313-manylinux2014_x86_64.manylinux_2_17_x86_64.manylinux_2_28_x86_64.whl (151 kB)
2025-09-08T06:51:09.0816306Z Downloading idna-3.10-py3-none-any.whl (70 kB)
2025-09-08T06:51:09.0912342Z Downloading urllib3-2.5.0-py3-none-any.whl (129 kB)
2025-09-08T06:51:09.1010864Z Downloading certifi-2025.8.3-py3-none-any.whl (161 kB)
2025-09-08T06:51:09.1111925Z Downloading websocket_client-1.8.0-py3-none-any.whl (58 kB)
2025-09-08T06:51:09.1252864Z Building wheels for collected packages: SimpleWebSocketServer
2025-09-08T06:51:09.1262529Z   Building wheel for SimpleWebSocketServer (pyproject.toml): started
2025-09-08T06:51:09.3583954Z   Building wheel for SimpleWebSocketServer (pyproject.toml): finished with status 'done'
2025-09-08T06:51:09.3590345Z   Created wheel for SimpleWebSocketServer: filename=simplewebsocketserver-0.1.2-py3-none-any.whl size=9715 sha256=935322256c161544ed2a3459312339f3057c4f58273ad5cd8563f5b48bd685c2
2025-09-08T06:51:09.3591970Z   Stored in directory: /home/runner/.cache/pip/wheels/c4/5b/e8/4f2c15a82edc4923058056f6681373168be02a0c00389a6dcf
2025-09-08T06:51:09.3611535Z Successfully built SimpleWebSocketServer
2025-09-08T06:51:09.3800632Z Installing collected packages: SimpleWebSocketServer, websocket-client, urllib3, typing-extensions, soupsieve, idna, charset_normalizer, certifi, requests, beautifulsoup4, bs4, scratchattach
2025-09-08T06:51:09.9746090Z 
2025-09-08T06:51:09.9769098Z Successfully installed SimpleWebSocketServer-0.1.2 beautifulsoup4-4.13.5 bs4-0.0.2 certifi-2025.8.3 charset_normalizer-3.4.3 idna-3.10 requests-2.32.5 scratchattach-2.1.13 soupsieve-2.8 typing-extensions-4.15.0 urllib3-2.5.0 websocket-client-1.8.0
2025-09-08T06:51:10.0661427Z ##[group]Run actions/checkout@v5.0.0
2025-09-08T06:51:10.0661702Z with:
2025-09-08T06:51:10.0661896Z   ref: main
2025-09-08T06:51:10.0662101Z   repository: Boss-1s/scratchattach
2025-09-08T06:51:10.0662480Z   token: ***
2025-09-08T06:51:10.0662675Z   ssh-strict: true
2025-09-08T06:51:10.0662870Z   ssh-user: git
2025-09-08T06:51:10.0663067Z   persist-credentials: true
2025-09-08T06:51:10.0663288Z   clean: true
2025-09-08T06:51:10.0663486Z   sparse-checkout-cone-mode: true
2025-09-08T06:51:10.0663731Z   fetch-depth: 1
2025-09-08T06:51:10.0663920Z   fetch-tags: false
2025-09-08T06:51:10.0664113Z   show-progress: true
2025-09-08T06:51:10.0664314Z   lfs: false
2025-09-08T06:51:10.0664498Z   submodules: false
2025-09-08T06:51:10.0664694Z   set-safe-directory: true
2025-09-08T06:51:10.0664910Z env:
2025-09-08T06:51:10.0665148Z   pythonLocation: /opt/hostedtoolcache/Python/3.13.7/x64
2025-09-08T06:51:10.0665567Z   PKG_CONFIG_PATH: /opt/hostedtoolcache/Python/3.13.7/x64/lib/pkgconfig
2025-09-08T06:51:10.0665981Z   Python_ROOT_DIR: /opt/hostedtoolcache/Python/3.13.7/x64
2025-09-08T06:51:10.0666337Z   Python2_ROOT_DIR: /opt/hostedtoolcache/Python/3.13.7/x64
2025-09-08T06:51:10.0666684Z   Python3_ROOT_DIR: /opt/hostedtoolcache/Python/3.13.7/x64
2025-09-08T06:51:10.0667025Z   LD_LIBRARY_PATH: /opt/hostedtoolcache/Python/3.13.7/x64/lib
2025-09-08T06:51:10.0667321Z ##[endgroup]
2025-09-08T06:51:10.1446444Z Syncing repository: Boss-1s/scratchattach
2025-09-08T06:51:10.1447257Z ##[group]Getting Git version info
2025-09-08T06:51:10.1447660Z Working directory is '/home/runner/work/scratchattach/scratchattach'
2025-09-08T06:51:10.1480648Z [command]/usr/bin/git version
2025-09-08T06:51:10.1515704Z git version 2.51.0
2025-09-08T06:51:10.1534919Z ##[endgroup]
2025-09-08T06:51:10.1548073Z Temporarily overriding HOME='/home/runner/work/_temp/84ce404d-1fba-413c-bb59-fdf96d8e9d90' before making global git config changes
2025-09-08T06:51:10.1549368Z Adding repository directory to the temporary git global config as a safe directory
2025-09-08T06:51:10.1553017Z [command]/usr/bin/git config --global --add safe.directory /home/runner/work/scratchattach/scratchattach
2025-09-08T06:51:10.1588411Z [command]/usr/bin/git config --local --get remote.origin.url
2025-09-08T06:51:10.1608563Z https://github.com/Boss-1s/scratchattach
2025-09-08T06:51:10.1621155Z ##[group]Removing previously created refs, to avoid conflicts
2025-09-08T06:51:10.1624893Z [command]/usr/bin/git rev-parse --symbolic-full-name --verify --quiet HEAD
2025-09-08T06:51:10.1644952Z refs/heads/main
2025-09-08T06:51:10.1654006Z [command]/usr/bin/git checkout --detach
2025-09-08T06:51:10.2283372Z HEAD is now at adc021d Merge pull request #53 from Boss-1s/Boss-1s-bump-py-3.12.5-to-3.13
2025-09-08T06:51:10.2330200Z [command]/usr/bin/git branch --delete --force main
2025-09-08T06:51:10.2357045Z Deleted branch main (was adc021d).
2025-09-08T06:51:10.2391662Z ##[endgroup]
2025-09-08T06:51:10.2394690Z [command]/usr/bin/git submodule status
2025-09-08T06:51:10.2612978Z ##[group]Cleaning the repository
2025-09-08T06:51:10.2617268Z [command]/usr/bin/git clean -ffdx
2025-09-08T06:51:10.2651204Z [command]/usr/bin/git reset --hard HEAD
2025-09-08T06:51:10.2690577Z HEAD is now at adc021d Merge pull request #53 from Boss-1s/Boss-1s-bump-py-3.12.5-to-3.13
2025-09-08T06:51:10.2696657Z ##[endgroup]
2025-09-08T06:51:10.2698367Z ##[group]Disabling automatic garbage collection
2025-09-08T06:51:10.2703066Z [command]/usr/bin/git config --local gc.auto 0
2025-09-08T06:51:10.2728014Z ##[endgroup]
2025-09-08T06:51:10.2728591Z ##[group]Setting up auth
2025-09-08T06:51:10.2735475Z [command]/usr/bin/git config --local --name-only --get-regexp core\.sshCommand
2025-09-08T06:51:10.2764403Z [command]/usr/bin/git submodule foreach --recursive sh -c "git config --local --name-only --get-regexp 'core\.sshCommand' && git config --local --unset-all 'core.sshCommand' || :"
2025-09-08T06:51:10.2980806Z [command]/usr/bin/git config --local --name-only --get-regexp http\.https\:\/\/github\.com\/\.extraheader
2025-09-08T06:51:10.3001212Z http.https://github.com/.extraheader
2025-09-08T06:51:10.3010342Z [command]/usr/bin/git config --local --unset-all http.https://github.com/.extraheader
2025-09-08T06:51:10.3040663Z [command]/usr/bin/git submodule foreach --recursive sh -c "git config --local --name-only --get-regexp 'http\.https\:\/\/github\.com\/\.extraheader' && git config --local --unset-all 'http.https://github.com/.extraheader' || :"
2025-09-08T06:51:10.3268798Z [command]/usr/bin/git config --local http.https://github.com/.extraheader AUTHORIZATION: basic ***
2025-09-08T06:51:10.3306203Z ##[endgroup]
2025-09-08T06:51:10.3306803Z ##[group]Fetching the repository
2025-09-08T06:51:10.3314771Z [command]/usr/bin/git -c protocol.version=2 fetch --no-tags --prune --no-recurse-submodules --depth=1 origin +refs/heads/main*:refs/remotes/origin/main* +refs/tags/main*:refs/tags/main*
2025-09-08T06:51:10.5662062Z ##[endgroup]
2025-09-08T06:51:10.5662705Z ##[group]Determining the checkout info
2025-09-08T06:51:10.5670130Z [command]/usr/bin/git branch --list --remote origin/main
2025-09-08T06:51:10.5695293Z   origin/main
2025-09-08T06:51:10.5700218Z ##[endgroup]
2025-09-08T06:51:10.5705461Z [command]/usr/bin/git sparse-checkout disable
2025-09-08T06:51:10.5748479Z [command]/usr/bin/git config --local --unset-all extensions.worktreeConfig
2025-09-08T06:51:10.5775603Z ##[group]Checking out the ref
2025-09-08T06:51:10.5779685Z [command]/usr/bin/git checkout --progress --force -B main refs/remotes/origin/main
2025-09-08T06:51:10.5826060Z Switched to a new branch 'main'
2025-09-08T06:51:10.5828155Z branch 'main' set up to track 'origin/main'.
2025-09-08T06:51:10.5836318Z ##[endgroup]
2025-09-08T06:51:10.5875472Z [command]/usr/bin/git log -1 --format=%H
2025-09-08T06:51:10.5900278Z adc021de68102d448f7956d888875f3b7de2c741
2025-09-08T06:51:10.6010174Z ##[group]Run timeout 359m python3 message_viewer.py || { [[ $? -eq 124 ]] && exit 0; }
2025-09-08T06:51:10.6010781Z [36;1mtimeout 359m python3 message_viewer.py || { [[ $? -eq 124 ]] && exit 0; }[0m
2025-09-08T06:51:10.6042692Z shell: /usr/bin/bash -e {0}
2025-09-08T06:51:10.6042919Z env:
2025-09-08T06:51:10.6043160Z   pythonLocation: /opt/hostedtoolcache/Python/3.13.7/x64
2025-09-08T06:51:10.6043557Z   PKG_CONFIG_PATH: /opt/hostedtoolcache/Python/3.13.7/x64/lib/pkgconfig
2025-09-08T06:51:10.6043932Z   Python_ROOT_DIR: /opt/hostedtoolcache/Python/3.13.7/x64
2025-09-08T06:51:10.6044270Z   Python2_ROOT_DIR: /opt/hostedtoolcache/Python/3.13.7/x64
2025-09-08T06:51:10.6044614Z   Python3_ROOT_DIR: /opt/hostedtoolcache/Python/3.13.7/x64
2025-09-08T06:51:10.6044960Z   LD_LIBRARY_PATH: /opt/hostedtoolcache/Python/3.13.7/x64/lib
2025-09-08T06:51:10.6045381Z   PASS: ***
2025-09-08T06:51:10.6045593Z ##[endgroup]
2025-09-08T06:51:11.7192693Z Traceback (most recent call last):
2025-09-08T06:51:11.7247404Z   File "/home/runner/work/scratchattach/scratchattach/message_viewer.py", line 15, in <module>
2025-09-08T06:51:11.7248241Z     client = cloud.requests()
2025-09-08T06:51:11.7249138Z   File "/opt/hostedtoolcache/Python/3.13.7/x64/lib/python3.13/site-packages/scratchattach/cloud/_base.py", line 101, in requests
2025-09-08T06:51:11.7250442Z     return CloudRequests(self, used_cloud_vars=used_cloud_vars, no_packet_loss=no_packet_loss,
2025-09-08T06:51:11.7251141Z                          respond_order=respond_order, debug=debug)
2025-09-08T06:51:11.7252171Z   File "/opt/hostedtoolcache/Python/3.13.7/x64/lib/python3.13/site-packages/scratchattach/eventhandlers/cloud_requests.py", line 67, in __init__
2025-09-08T06:51:11.7253156Z     super().__init__(cloud)
2025-09-08T06:51:11.7253494Z     ~~~~~~~~~~~~~~~~^^^^^^^
2025-09-08T06:51:11.7254440Z   File "/opt/hostedtoolcache/Python/3.13.7/x64/lib/python3.13/site-packages/scratchattach/eventhandlers/cloud_events.py", line 19, in __init__
2025-09-08T06:51:11.7255459Z     self.source_stream = cloud.create_event_stream()
2025-09-08T06:51:11.7255904Z                          ~~~~~~~~~~~~~~~~~~~~~~~~~^^
2025-09-08T06:51:11.7257238Z   File "/opt/hostedtoolcache/Python/3.13.7/x64/lib/python3.13/site-packages/scratchattach/cloud/_base.py", line 442, in create_event_stream
2025-09-08T06:51:11.7258183Z     self.event_stream = WebSocketEventStream(self)
2025-09-08T06:51:11.7258658Z                         ~~~~~~~~~~~~~~~~~~~~^^^^^^
2025-09-08T06:51:11.7259560Z   File "/opt/hostedtoolcache/Python/3.13.7/x64/lib/python3.13/site-packages/scratchattach/cloud/_base.py", line 125, in __init__
2025-09-08T06:51:11.7260614Z     self.source_cloud.connect()
2025-09-08T06:51:11.7260958Z     ~~~~~~~~~~~~~~~~~~~~~~~~~^^
2025-09-08T06:51:11.7261782Z   File "/opt/hostedtoolcache/Python/3.13.7/x64/lib/python3.13/site-packages/scratchattach/cloud/cloud.py", line 29, in connect
2025-09-08T06:51:11.7262643Z     super().connect()
2025-09-08T06:51:11.7262949Z     ~~~~~~~~~~~~~~~^^
2025-09-08T06:51:11.7263753Z   File "/opt/hostedtoolcache/Python/3.13.7/x64/lib/python3.13/site-packages/scratchattach/cloud/_base.py", line 305, in connect
2025-09-08T06:51:11.7264608Z     self.websocket.connect(
2025-09-08T06:51:11.7264933Z     ~~~~~~~~~~~~~~~~~~~~~~^
2025-09-08T06:51:11.7265261Z         self.cloud_host,
2025-09-08T06:51:11.7265571Z         ^^^^^^^^^^^^^^^^
2025-09-08T06:51:11.7265861Z     ...<4 lines>...
2025-09-08T06:51:11.7266152Z         header=self.header
2025-09-08T06:51:11.7266462Z         ^^^^^^^^^^^^^^^^^^
2025-09-08T06:51:11.7266747Z     )
2025-09-08T06:51:11.7266988Z     ^
2025-09-08T06:51:11.7267666Z   File "/opt/hostedtoolcache/Python/3.13.7/x64/lib/python3.13/site-packages/websocket/_core.py", line 261, in connect
2025-09-08T06:51:11.7268595Z     self.handshake_response = handshake(self.sock, url, *addrs, **options)
2025-09-08T06:51:11.7269172Z                               ~~~~~~~~~^^^^^^^^^^^^^^^^^^^^^^^^^^^^^^^^^^^
2025-09-08T06:51:11.7270468Z   File "/opt/hostedtoolcache/Python/3.13.7/x64/lib/python3.13/site-packages/websocket/_handshake.py", line 65, in handshake
2025-09-08T06:51:11.7271326Z     status, resp = _get_resp_headers(sock)
2025-09-08T06:51:11.7271724Z                    ~~~~~~~~~~~~~~~~~^^^^^^
2025-09-08T06:51:11.7272603Z   File "/opt/hostedtoolcache/Python/3.13.7/x64/lib/python3.13/site-packages/websocket/_handshake.py", line 150, in _get_resp_headers
2025-09-08T06:51:11.7273503Z     raise WebSocketBadStatusException(
2025-09-08T06:51:11.7273872Z     ...<5 lines>...
2025-09-08T06:51:11.7274132Z     )
2025-09-08T06:51:11.7275938Z websocket._exceptions.WebSocketBadStatusException: Handshake status 502 Bad Gateway -+-+- {'date': 'Mon, 08 Sep 2025 06:51:11 GMT', 'content-type': 'text/html', 'content-length': '157', 'connection': 'keep-alive', 'server': 'nginx/1.22.1'} -+-+- b'<html>\r\n<head><title>502 Bad Gateway</title></head>\r\n<body>\r\n<center><h1>502 Bad Gateway</h1></center>\r\n<hr><center>nginx/1.22.1</center>\r\n</body>\r\n</html>\r\n'
2025-09-08T06:51:11.7517157Z ##[error]Process completed with exit code 1.
2025-09-08T06:51:11.7586981Z Post job cleanup.
2025-09-08T06:51:11.8354337Z [command]/usr/bin/git version
2025-09-08T06:51:11.8422547Z git version 2.51.0
2025-09-08T06:51:11.8461570Z Temporarily overriding HOME='/home/runner/work/_temp/99888797-1af8-498f-8a09-fb3511bdcf86' before making global git config changes
2025-09-08T06:51:11.8462903Z Adding repository directory to the temporary git global config as a safe directory
2025-09-08T06:51:11.8467525Z [command]/usr/bin/git config --global --add safe.directory /home/runner/work/scratchattach/scratchattach
2025-09-08T06:51:11.8503597Z [command]/usr/bin/git config --local --name-only --get-regexp core\.sshCommand
2025-09-08T06:51:11.8534463Z [command]/usr/bin/git submodule foreach --recursive sh -c "git config --local --name-only --get-regexp 'core\.sshCommand' && git config --local --unset-all 'core.sshCommand' || :"
2025-09-08T06:51:11.8756331Z [command]/usr/bin/git config --local --name-only --get-regexp http\.https\:\/\/github\.com\/\.extraheader
2025-09-08T06:51:11.8777932Z http.https://github.com/.extraheader
2025-09-08T06:51:11.8788231Z [command]/usr/bin/git config --local --unset-all http.https://github.com/.extraheader
2025-09-08T06:51:11.8819369Z [command]/usr/bin/git submodule foreach --recursive sh -c "git config --local --name-only --get-regexp 'http\.https\:\/\/github\.com\/\.extraheader' && git config --local --unset-all 'http.https://github.com/.extraheader' || :"
2025-09-08T06:51:11.9156121Z Post job cleanup.
2025-09-08T06:51:11.9957745Z [command]/usr/bin/git version
2025-09-08T06:51:11.9993139Z git version 2.51.0
2025-09-08T06:51:12.0028250Z Temporarily overriding HOME='/home/runner/work/_temp/69dc99b9-2bdd-4a2d-b2d1-0e452e358f41' before making global git config changes
2025-09-08T06:51:12.0048320Z Adding repository directory to the temporary git global config as a safe directory
2025-09-08T06:51:12.0049427Z [command]/usr/bin/git config --global --add safe.directory /home/runner/work/scratchattach/scratchattach
2025-09-08T06:51:12.0070952Z [command]/usr/bin/git config --local --name-only --get-regexp core\.sshCommand
2025-09-08T06:51:12.0103676Z [command]/usr/bin/git submodule foreach --recursive sh -c "git config --local --name-only --get-regexp 'core\.sshCommand' && git config --local --unset-all 'core.sshCommand' || :"
2025-09-08T06:51:12.0329505Z [command]/usr/bin/git config --local --name-only --get-regexp http\.https\:\/\/github\.com\/\.extraheader
2025-09-08T06:51:12.0368451Z [command]/usr/bin/git submodule foreach --recursive sh -c "git config --local --name-only --get-regexp 'http\.https\:\/\/github\.com\/\.extraheader' && git config --local --unset-all 'http.https://github.com/.extraheader' || :"
2025-09-08T06:51:12.0735592Z Cleaning up orphan processes
