2025-11-15T03:08:12.8698658Z Current runner version: '2.329.0'
2025-11-15T03:08:12.8733015Z ##[group]Runner Image Provisioner
2025-11-15T03:08:12.8734287Z Hosted Compute Agent
2025-11-15T03:08:12.8735368Z Version: 20251016.436
2025-11-15T03:08:12.8736493Z Commit: 8ab8ac8bfd662a3739dab9fe09456aba92132568
2025-11-15T03:08:12.8737863Z Build Date: 2025-10-15T20:44:12Z
2025-11-15T03:08:12.8739010Z ##[endgroup]
2025-11-15T03:08:12.8739992Z ##[group]Operating System
2025-11-15T03:08:12.8740900Z Ubuntu
2025-11-15T03:08:12.8741810Z 24.04.3
2025-11-15T03:08:12.8742680Z LTS
2025-11-15T03:08:12.8743400Z ##[endgroup]
2025-11-15T03:08:12.8744442Z ##[group]Runner Image
2025-11-15T03:08:12.8745476Z Image: ubuntu-24.04
2025-11-15T03:08:12.8746425Z Version: 20251112.124.1
2025-11-15T03:08:12.8748583Z Included Software: https://github.com/actions/runner-images/blob/ubuntu24/20251112.124/images/ubuntu/Ubuntu2404-Readme.md
2025-11-15T03:08:12.8751383Z Image Release: https://github.com/actions/runner-images/releases/tag/ubuntu24%2F20251112.124
2025-11-15T03:08:12.8753321Z ##[endgroup]
2025-11-15T03:08:12.8755127Z ##[group]GITHUB_TOKEN Permissions
2025-11-15T03:08:12.8758380Z Contents: write
2025-11-15T03:08:12.8759270Z Metadata: read
2025-11-15T03:08:12.8760101Z ##[endgroup]
2025-11-15T03:08:12.8762957Z Secret source: Actions
2025-11-15T03:08:12.8764190Z Prepare workflow directory
2025-11-15T03:08:12.9145454Z Prepare all required actions
2025-11-15T03:08:12.9201739Z Getting action download info
2025-11-15T03:08:13.2974442Z Download action repository 'actions/checkout@v5.0.0' (SHA:08c6903cd8c0fde910a37f88322edcfb5dd907a8)
2025-11-15T03:08:13.6843263Z Download action repository 'actions/setup-python@v6.0.0' (SHA:e797f83bcb11b83ae66e0230d6156d7c80228e7c)
2025-11-15T03:08:13.8244860Z Download action repository 'bossOfCode/install-scratchattach@v1.0.3' (SHA:be17a7cf1ecb5a7040eb42ef26c2e1fbe72bb25a)
2025-11-15T03:08:14.3015023Z Complete job name: Run Prioritzing Handler
2025-11-15T03:08:14.3736909Z ##[group]Run actions/checkout@v5.0.0
2025-11-15T03:08:14.3738081Z with:
2025-11-15T03:08:14.3738535Z   ref: main
2025-11-15T03:08:14.3738979Z   repository: Boss-1s/scratchattach
2025-11-15T03:08:14.3739722Z   token: ***
2025-11-15T03:08:14.3740147Z   ssh-strict: true
2025-11-15T03:08:14.3740582Z   ssh-user: git
2025-11-15T03:08:14.3741038Z   persist-credentials: true
2025-11-15T03:08:14.3741535Z   clean: true
2025-11-15T03:08:14.3741979Z   sparse-checkout-cone-mode: true
2025-11-15T03:08:14.3742508Z   fetch-depth: 1
2025-11-15T03:08:14.3742946Z   fetch-tags: false
2025-11-15T03:08:14.3743387Z   show-progress: true
2025-11-15T03:08:14.3743836Z   lfs: false
2025-11-15T03:08:14.3744254Z   submodules: false
2025-11-15T03:08:14.3744717Z   set-safe-directory: true
2025-11-15T03:08:14.3745453Z ##[endgroup]
2025-11-15T03:08:14.4665128Z Syncing repository: Boss-1s/scratchattach
2025-11-15T03:08:14.4666997Z ##[group]Getting Git version info
2025-11-15T03:08:14.4668267Z Working directory is '/home/runner/work/scratchattach/scratchattach'
2025-11-15T03:08:14.4669497Z [command]/usr/bin/git version
2025-11-15T03:08:14.4737140Z git version 2.51.2
2025-11-15T03:08:14.4758997Z ##[endgroup]
2025-11-15T03:08:14.4772415Z Temporarily overriding HOME='/home/runner/work/_temp/3c41a773-067e-4fba-89d1-d4f085bd58ff' before making global git config changes
2025-11-15T03:08:14.4774015Z Adding repository directory to the temporary git global config as a safe directory
2025-11-15T03:08:14.4777660Z [command]/usr/bin/git config --global --add safe.directory /home/runner/work/scratchattach/scratchattach
2025-11-15T03:08:14.4815592Z Deleting the contents of '/home/runner/work/scratchattach/scratchattach'
2025-11-15T03:08:14.4819182Z ##[group]Initializing the repository
2025-11-15T03:08:14.4823817Z [command]/usr/bin/git init /home/runner/work/scratchattach/scratchattach
2025-11-15T03:08:14.4953659Z hint: Using 'master' as the name for the initial branch. This default branch name
2025-11-15T03:08:14.4955943Z hint: is subject to change. To configure the initial branch name to use in all
2025-11-15T03:08:14.4958508Z hint: of your new repositories, which will suppress this warning, call:
2025-11-15T03:08:14.4959925Z hint:
2025-11-15T03:08:14.4960777Z hint: 	git config --global init.defaultBranch <name>
2025-11-15T03:08:14.4961829Z hint:
2025-11-15T03:08:14.4963366Z hint: Names commonly chosen instead of 'master' are 'main', 'trunk' and
2025-11-15T03:08:14.4964765Z hint: 'development'. The just-created branch can be renamed via this command:
2025-11-15T03:08:14.4965797Z hint:
2025-11-15T03:08:14.4966350Z hint: 	git branch -m <name>
2025-11-15T03:08:14.4967144Z hint:
2025-11-15T03:08:14.4968330Z hint: Disable this message with "git config set advice.defaultBranchName false"
2025-11-15T03:08:14.4969766Z Initialized empty Git repository in /home/runner/work/scratchattach/scratchattach/.git/
2025-11-15T03:08:14.4971570Z [command]/usr/bin/git remote add origin https://github.com/Boss-1s/scratchattach
2025-11-15T03:08:14.5009307Z ##[endgroup]
2025-11-15T03:08:14.5010806Z ##[group]Disabling automatic garbage collection
2025-11-15T03:08:14.5012009Z [command]/usr/bin/git config --local gc.auto 0
2025-11-15T03:08:14.5039490Z ##[endgroup]
2025-11-15T03:08:14.5040943Z ##[group]Setting up auth
2025-11-15T03:08:14.5046713Z [command]/usr/bin/git config --local --name-only --get-regexp core\.sshCommand
2025-11-15T03:08:14.5079069Z [command]/usr/bin/git submodule foreach --recursive sh -c "git config --local --name-only --get-regexp 'core\.sshCommand' && git config --local --unset-all 'core.sshCommand' || :"
2025-11-15T03:08:14.5505506Z [command]/usr/bin/git config --local --name-only --get-regexp http\.https\:\/\/github\.com\/\.extraheader
2025-11-15T03:08:14.5535258Z [command]/usr/bin/git submodule foreach --recursive sh -c "git config --local --name-only --get-regexp 'http\.https\:\/\/github\.com\/\.extraheader' && git config --local --unset-all 'http.https://github.com/.extraheader' || :"
2025-11-15T03:08:14.5757961Z [command]/usr/bin/git config --local http.https://github.com/.extraheader AUTHORIZATION: basic ***
2025-11-15T03:08:14.5792409Z ##[endgroup]
2025-11-15T03:08:14.5793287Z ##[group]Fetching the repository
2025-11-15T03:08:14.5802657Z [command]/usr/bin/git -c protocol.version=2 fetch --no-tags --prune --no-recurse-submodules --depth=1 origin +refs/heads/main*:refs/remotes/origin/main* +refs/tags/main*:refs/tags/main*
2025-11-15T03:08:16.1416544Z From https://github.com/Boss-1s/scratchattach
2025-11-15T03:08:16.1422343Z  * [new branch]      main       -> origin/main
2025-11-15T03:08:16.1452160Z ##[endgroup]
2025-11-15T03:08:16.1452865Z ##[group]Determining the checkout info
2025-11-15T03:08:16.1459870Z [command]/usr/bin/git branch --list --remote origin/main
2025-11-15T03:08:16.1483665Z   origin/main
2025-11-15T03:08:16.1488588Z ##[endgroup]
2025-11-15T03:08:16.1492964Z [command]/usr/bin/git sparse-checkout disable
2025-11-15T03:08:16.1531983Z [command]/usr/bin/git config --local --unset-all extensions.worktreeConfig
2025-11-15T03:08:16.1558447Z ##[group]Checking out the ref
2025-11-15T03:08:16.1562408Z [command]/usr/bin/git checkout --progress --force -B main refs/remotes/origin/main
2025-11-15T03:08:16.5843529Z Switched to a new branch 'main'
2025-11-15T03:08:16.5845807Z branch 'main' set up to track 'origin/main'.
2025-11-15T03:08:16.5889017Z ##[endgroup]
2025-11-15T03:08:16.5934412Z [command]/usr/bin/git log -1 --format=%H
2025-11-15T03:08:16.5960742Z 74e2ad4c21019e74435146bcf40a83b28b9e9bdb
2025-11-15T03:08:16.6203925Z ##[group]Run actions/setup-python@v6.0.0
2025-11-15T03:08:16.6204319Z with:
2025-11-15T03:08:16.6204594Z   python-version: 3.13
2025-11-15T03:08:16.6204892Z   check-latest: false
2025-11-15T03:08:16.6205331Z   token: ***
2025-11-15T03:08:16.6205612Z   update-environment: true
2025-11-15T03:08:16.6205929Z   allow-prereleases: false
2025-11-15T03:08:16.6206231Z   freethreaded: false
2025-11-15T03:08:16.6206504Z ##[endgroup]
2025-11-15T03:08:16.7469551Z ##[group]Installed versions
2025-11-15T03:08:16.7576255Z (node:2070) [DEP0040] DeprecationWarning: The `punycode` module is deprecated. Please use a userland alternative instead.
2025-11-15T03:08:16.7578486Z (Use `node --trace-deprecation ...` to show where the warning was created)
2025-11-15T03:08:16.7579324Z Successfully set up CPython (3.13.9)
2025-11-15T03:08:16.7580465Z ##[endgroup]
2025-11-15T03:08:16.7724563Z ##[group]Run bossOfCode/install-scratchattach@v1.0.3
2025-11-15T03:08:16.7725016Z env:
2025-11-15T03:08:16.7725354Z   pythonLocation: /opt/hostedtoolcache/Python/3.13.9/x64
2025-11-15T03:08:16.7725890Z   PKG_CONFIG_PATH: /opt/hostedtoolcache/Python/3.13.9/x64/lib/pkgconfig
2025-11-15T03:08:16.7726404Z   Python_ROOT_DIR: /opt/hostedtoolcache/Python/3.13.9/x64
2025-11-15T03:08:16.7726845Z   Python2_ROOT_DIR: /opt/hostedtoolcache/Python/3.13.9/x64
2025-11-15T03:08:16.7727302Z   Python3_ROOT_DIR: /opt/hostedtoolcache/Python/3.13.9/x64
2025-11-15T03:08:16.7728031Z   LD_LIBRARY_PATH: /opt/hostedtoolcache/Python/3.13.9/x64/lib
2025-11-15T03:08:16.7728424Z ##[endgroup]
2025-11-15T03:08:16.7809021Z ##[group]Run python3 -m pip install --upgrade pip
2025-11-15T03:08:16.7809526Z [36;1mpython3 -m pip install --upgrade pip[0m
2025-11-15T03:08:16.7861565Z shell: /usr/bin/bash --noprofile --norc -e -o pipefail {0}
2025-11-15T03:08:16.7862000Z env:
2025-11-15T03:08:16.7862383Z   pythonLocation: /opt/hostedtoolcache/Python/3.13.9/x64
2025-11-15T03:08:16.7862918Z   PKG_CONFIG_PATH: /opt/hostedtoolcache/Python/3.13.9/x64/lib/pkgconfig
2025-11-15T03:08:16.7863438Z   Python_ROOT_DIR: /opt/hostedtoolcache/Python/3.13.9/x64
2025-11-15T03:08:16.7863909Z   Python2_ROOT_DIR: /opt/hostedtoolcache/Python/3.13.9/x64
2025-11-15T03:08:16.7864361Z   Python3_ROOT_DIR: /opt/hostedtoolcache/Python/3.13.9/x64
2025-11-15T03:08:16.7864819Z   LD_LIBRARY_PATH: /opt/hostedtoolcache/Python/3.13.9/x64/lib
2025-11-15T03:08:16.7865197Z ##[endgroup]
2025-11-15T03:08:17.5353327Z Requirement already satisfied: pip in /opt/hostedtoolcache/Python/3.13.9/x64/lib/python3.13/site-packages (25.3)
2025-11-15T03:08:17.8521522Z ##[group]Run pip install -U scratchattach
2025-11-15T03:08:17.8521849Z [36;1mpip install -U scratchattach[0m
2025-11-15T03:08:17.8554532Z shell: /usr/bin/bash --noprofile --norc -e -o pipefail {0}
2025-11-15T03:08:17.8554843Z env:
2025-11-15T03:08:17.8555099Z   pythonLocation: /opt/hostedtoolcache/Python/3.13.9/x64
2025-11-15T03:08:17.8555510Z   PKG_CONFIG_PATH: /opt/hostedtoolcache/Python/3.13.9/x64/lib/pkgconfig
2025-11-15T03:08:17.8555901Z   Python_ROOT_DIR: /opt/hostedtoolcache/Python/3.13.9/x64
2025-11-15T03:08:17.8556249Z   Python2_ROOT_DIR: /opt/hostedtoolcache/Python/3.13.9/x64
2025-11-15T03:08:17.8556598Z   Python3_ROOT_DIR: /opt/hostedtoolcache/Python/3.13.9/x64
2025-11-15T03:08:17.8556944Z   LD_LIBRARY_PATH: /opt/hostedtoolcache/Python/3.13.9/x64/lib
2025-11-15T03:08:17.8557247Z ##[endgroup]
2025-11-15T03:08:18.3609940Z Collecting scratchattach
2025-11-15T03:08:18.5315723Z   Downloading scratchattach-2.1.13-py3-none-any.whl.metadata (5.5 kB)
2025-11-15T03:08:18.5671716Z Collecting websocket-client (from scratchattach)
2025-11-15T03:08:18.5957073Z   Downloading websocket_client-1.9.0-py3-none-any.whl.metadata (8.3 kB)
2025-11-15T03:08:18.6420656Z Collecting requests (from scratchattach)
2025-11-15T03:08:18.6705118Z   Downloading requests-2.32.5-py3-none-any.whl.metadata (4.9 kB)
2025-11-15T03:08:18.6947127Z Collecting bs4 (from scratchattach)
2025-11-15T03:08:18.7233261Z   Downloading bs4-0.0.2-py2.py3-none-any.whl.metadata (411 bytes)
2025-11-15T03:08:18.7452043Z Collecting SimpleWebSocketServer (from scratchattach)
2025-11-15T03:08:18.7747072Z   Downloading SimpleWebSocketServer-0.1.2.tar.gz (10 kB)
2025-11-15T03:08:18.7862278Z   Installing build dependencies: started
2025-11-15T03:08:19.8013941Z   Installing build dependencies: finished with status 'done'
2025-11-15T03:08:19.8021650Z   Getting requirements to build wheel: started
2025-11-15T03:08:20.1594547Z   Getting requirements to build wheel: finished with status 'done'
2025-11-15T03:08:20.1603876Z   Preparing metadata (pyproject.toml): started
2025-11-15T03:08:20.3427250Z   Preparing metadata (pyproject.toml): finished with status 'done'
2025-11-15T03:08:20.3726560Z Collecting typing-extensions (from scratchattach)
2025-11-15T03:08:20.4012360Z   Downloading typing_extensions-4.15.0-py3-none-any.whl.metadata (3.3 kB)
2025-11-15T03:08:20.4350607Z Collecting beautifulsoup4 (from bs4->scratchattach)
2025-11-15T03:08:20.4635737Z   Downloading beautifulsoup4-4.14.2-py3-none-any.whl.metadata (3.8 kB)
2025-11-15T03:08:20.4989020Z Collecting soupsieve>1.2 (from beautifulsoup4->bs4->scratchattach)
2025-11-15T03:08:20.5273419Z   Downloading soupsieve-2.8-py3-none-any.whl.metadata (4.6 kB)
2025-11-15T03:08:20.6632926Z Collecting charset_normalizer<4,>=2 (from requests->scratchattach)
2025-11-15T03:08:20.6926618Z   Downloading charset_normalizer-3.4.4-cp313-cp313-manylinux2014_x86_64.manylinux_2_17_x86_64.manylinux_2_28_x86_64.whl.metadata (37 kB)
2025-11-15T03:08:20.7395404Z Collecting idna<4,>=2.5 (from requests->scratchattach)
2025-11-15T03:08:20.7679275Z   Downloading idna-3.11-py3-none-any.whl.metadata (8.4 kB)
2025-11-15T03:08:20.8237280Z Collecting urllib3<3,>=1.21.1 (from requests->scratchattach)
2025-11-15T03:08:20.8524543Z   Downloading urllib3-2.5.0-py3-none-any.whl.metadata (6.5 kB)
2025-11-15T03:08:20.8903161Z Collecting certifi>=2017.4.17 (from requests->scratchattach)
2025-11-15T03:08:20.9190298Z   Downloading certifi-2025.11.12-py3-none-any.whl.metadata (2.5 kB)
2025-11-15T03:08:20.9539921Z Downloading scratchattach-2.1.13-py3-none-any.whl (141 kB)
2025-11-15T03:08:21.0183418Z Downloading bs4-0.0.2-py2.py3-none-any.whl (1.2 kB)
2025-11-15T03:08:21.0494443Z Downloading beautifulsoup4-4.14.2-py3-none-any.whl (106 kB)
2025-11-15T03:08:21.0857888Z Downloading soupsieve-2.8-py3-none-any.whl (36 kB)
2025-11-15T03:08:21.1270877Z Downloading typing_extensions-4.15.0-py3-none-any.whl (44 kB)
2025-11-15T03:08:21.1590510Z Downloading requests-2.32.5-py3-none-any.whl (64 kB)
2025-11-15T03:08:21.1923270Z Downloading charset_normalizer-3.4.4-cp313-cp313-manylinux2014_x86_64.manylinux_2_17_x86_64.manylinux_2_28_x86_64.whl (153 kB)
2025-11-15T03:08:21.2323102Z Downloading idna-3.11-py3-none-any.whl (71 kB)
2025-11-15T03:08:21.2652963Z Downloading urllib3-2.5.0-py3-none-any.whl (129 kB)
2025-11-15T03:08:21.3000377Z Downloading certifi-2025.11.12-py3-none-any.whl (159 kB)
2025-11-15T03:08:21.3365483Z Downloading websocket_client-1.9.0-py3-none-any.whl (82 kB)
2025-11-15T03:08:21.3514460Z Building wheels for collected packages: SimpleWebSocketServer
2025-11-15T03:08:21.3522505Z   Building wheel for SimpleWebSocketServer (pyproject.toml): started
2025-11-15T03:08:21.5761224Z   Building wheel for SimpleWebSocketServer (pyproject.toml): finished with status 'done'
2025-11-15T03:08:21.5767073Z   Created wheel for SimpleWebSocketServer: filename=simplewebsocketserver-0.1.2-py3-none-any.whl size=9715 sha256=5c870a3548fa04ffb1b681d81cfa2c2be15ee33959b8dbb6834dea6cf4c01a48
2025-11-15T03:08:21.5769095Z   Stored in directory: /home/runner/.cache/pip/wheels/c4/5b/e8/4f2c15a82edc4923058056f6681373168be02a0c00389a6dcf
2025-11-15T03:08:21.5787841Z Successfully built SimpleWebSocketServer
2025-11-15T03:08:21.5971636Z Installing collected packages: SimpleWebSocketServer, websocket-client, urllib3, typing-extensions, soupsieve, idna, charset_normalizer, certifi, requests, beautifulsoup4, bs4, scratchattach
2025-11-15T03:08:22.2403353Z 
2025-11-15T03:08:22.2426538Z Successfully installed SimpleWebSocketServer-0.1.2 beautifulsoup4-4.14.2 bs4-0.0.2 certifi-2025.11.12 charset_normalizer-3.4.4 idna-3.11 requests-2.32.5 scratchattach-2.1.13 soupsieve-2.8 typing-extensions-4.15.0 urllib3-2.5.0 websocket-client-1.9.0
2025-11-15T03:08:22.3392769Z ##[group]Run actions/checkout@v5.0.0
2025-11-15T03:08:22.3393065Z with:
2025-11-15T03:08:22.3393242Z   ref: main
2025-11-15T03:08:22.3393432Z   repository: Boss-1s/scratchattach
2025-11-15T03:08:22.3393794Z   token: ***
2025-11-15T03:08:22.3393984Z   ssh-strict: true
2025-11-15T03:08:22.3394168Z   ssh-user: git
2025-11-15T03:08:22.3394366Z   persist-credentials: true
2025-11-15T03:08:22.3394578Z   clean: true
2025-11-15T03:08:22.3394776Z   sparse-checkout-cone-mode: true
2025-11-15T03:08:22.3395188Z   fetch-depth: 1
2025-11-15T03:08:22.3395367Z   fetch-tags: false
2025-11-15T03:08:22.3395561Z   show-progress: true
2025-11-15T03:08:22.3395751Z   lfs: false
2025-11-15T03:08:22.3395918Z   submodules: false
2025-11-15T03:08:22.3396111Z   set-safe-directory: true
2025-11-15T03:08:22.3396308Z env:
2025-11-15T03:08:22.3396535Z   pythonLocation: /opt/hostedtoolcache/Python/3.13.9/x64
2025-11-15T03:08:22.3396937Z   PKG_CONFIG_PATH: /opt/hostedtoolcache/Python/3.13.9/x64/lib/pkgconfig
2025-11-15T03:08:22.3397350Z   Python_ROOT_DIR: /opt/hostedtoolcache/Python/3.13.9/x64
2025-11-15T03:08:22.3398114Z   Python2_ROOT_DIR: /opt/hostedtoolcache/Python/3.13.9/x64
2025-11-15T03:08:22.3398451Z   Python3_ROOT_DIR: /opt/hostedtoolcache/Python/3.13.9/x64
2025-11-15T03:08:22.3398789Z   LD_LIBRARY_PATH: /opt/hostedtoolcache/Python/3.13.9/x64/lib
2025-11-15T03:08:22.3399071Z ##[endgroup]
2025-11-15T03:08:22.4209078Z Syncing repository: Boss-1s/scratchattach
2025-11-15T03:08:22.4210642Z ##[group]Getting Git version info
2025-11-15T03:08:22.4211167Z Working directory is '/home/runner/work/scratchattach/scratchattach'
2025-11-15T03:08:22.4248132Z [command]/usr/bin/git version
2025-11-15T03:08:22.4285152Z git version 2.51.2
2025-11-15T03:08:22.4306501Z ##[endgroup]
2025-11-15T03:08:22.4320704Z Temporarily overriding HOME='/home/runner/work/_temp/17e00e70-7c15-4471-b699-fa8896071367' before making global git config changes
2025-11-15T03:08:22.4321920Z Adding repository directory to the temporary git global config as a safe directory
2025-11-15T03:08:22.4325689Z [command]/usr/bin/git config --global --add safe.directory /home/runner/work/scratchattach/scratchattach
2025-11-15T03:08:22.4365865Z [command]/usr/bin/git config --local --get remote.origin.url
2025-11-15T03:08:22.4389448Z https://github.com/Boss-1s/scratchattach
2025-11-15T03:08:22.4403203Z ##[group]Removing previously created refs, to avoid conflicts
2025-11-15T03:08:22.4407235Z [command]/usr/bin/git rev-parse --symbolic-full-name --verify --quiet HEAD
2025-11-15T03:08:22.4428945Z refs/heads/main
2025-11-15T03:08:22.4438239Z [command]/usr/bin/git checkout --detach
2025-11-15T03:08:22.7883110Z HEAD is now at 74e2ad4 [BOT] Download Logs
2025-11-15T03:08:22.7940675Z [command]/usr/bin/git branch --delete --force main
2025-11-15T03:08:22.7969151Z Deleted branch main (was 74e2ad4).
2025-11-15T03:08:22.8009986Z ##[endgroup]
2025-11-15T03:08:22.8015433Z [command]/usr/bin/git submodule status
2025-11-15T03:08:22.8264292Z ##[group]Cleaning the repository
2025-11-15T03:08:22.8270339Z [command]/usr/bin/git clean -ffdx
2025-11-15T03:08:22.8315961Z [command]/usr/bin/git reset --hard HEAD
2025-11-15T03:08:22.8392132Z HEAD is now at 74e2ad4 [BOT] Download Logs
2025-11-15T03:08:22.8398824Z ##[endgroup]
2025-11-15T03:08:22.8400060Z ##[group]Disabling automatic garbage collection
2025-11-15T03:08:22.8404968Z [command]/usr/bin/git config --local gc.auto 0
2025-11-15T03:08:22.8434563Z ##[endgroup]
2025-11-15T03:08:22.8435169Z ##[group]Setting up auth
2025-11-15T03:08:22.8442234Z [command]/usr/bin/git config --local --name-only --get-regexp core\.sshCommand
2025-11-15T03:08:22.8474949Z [command]/usr/bin/git submodule foreach --recursive sh -c "git config --local --name-only --get-regexp 'core\.sshCommand' && git config --local --unset-all 'core.sshCommand' || :"
2025-11-15T03:08:22.8723734Z [command]/usr/bin/git config --local --name-only --get-regexp http\.https\:\/\/github\.com\/\.extraheader
2025-11-15T03:08:22.8748222Z http.https://github.com/.extraheader
2025-11-15T03:08:22.8758597Z [command]/usr/bin/git config --local --unset-all http.https://github.com/.extraheader
2025-11-15T03:08:22.8793902Z [command]/usr/bin/git submodule foreach --recursive sh -c "git config --local --name-only --get-regexp 'http\.https\:\/\/github\.com\/\.extraheader' && git config --local --unset-all 'http.https://github.com/.extraheader' || :"
2025-11-15T03:08:22.9048391Z [command]/usr/bin/git config --local http.https://github.com/.extraheader AUTHORIZATION: basic ***
2025-11-15T03:08:22.9086274Z ##[endgroup]
2025-11-15T03:08:22.9088292Z ##[group]Fetching the repository
2025-11-15T03:08:22.9096085Z [command]/usr/bin/git -c protocol.version=2 fetch --no-tags --prune --no-recurse-submodules --depth=1 origin +refs/heads/main*:refs/remotes/origin/main* +refs/tags/main*:refs/tags/main*
2025-11-15T03:08:23.2018786Z ##[endgroup]
2025-11-15T03:08:23.2019342Z ##[group]Determining the checkout info
2025-11-15T03:08:23.2025258Z [command]/usr/bin/git branch --list --remote origin/main
2025-11-15T03:08:23.2049833Z   origin/main
2025-11-15T03:08:23.2053911Z ##[endgroup]
2025-11-15T03:08:23.2058703Z [command]/usr/bin/git sparse-checkout disable
2025-11-15T03:08:23.2105544Z [command]/usr/bin/git config --local --unset-all extensions.worktreeConfig
2025-11-15T03:08:23.2130791Z ##[group]Checking out the ref
2025-11-15T03:08:23.2134483Z [command]/usr/bin/git checkout --progress --force -B main refs/remotes/origin/main
2025-11-15T03:08:23.2194119Z Switched to a new branch 'main'
2025-11-15T03:08:23.2196618Z branch 'main' set up to track 'origin/main'.
2025-11-15T03:08:23.2203629Z ##[endgroup]
2025-11-15T03:08:23.2240113Z [command]/usr/bin/git log -1 --format=%H
2025-11-15T03:08:23.2264131Z 74e2ad4c21019e74435146bcf40a83b28b9e9bdb
2025-11-15T03:08:23.2372736Z ##[group]Run python3 aesthetic_prioritizing.py
2025-11-15T03:08:23.2373134Z [36;1mpython3 aesthetic_prioritizing.py[0m
2025-11-15T03:08:23.2406625Z shell: /usr/bin/bash -e {0}
2025-11-15T03:08:23.2406880Z env:
2025-11-15T03:08:23.2407147Z   pythonLocation: /opt/hostedtoolcache/Python/3.13.9/x64
2025-11-15T03:08:23.2407841Z   PKG_CONFIG_PATH: /opt/hostedtoolcache/Python/3.13.9/x64/lib/pkgconfig
2025-11-15T03:08:23.2408306Z   Python_ROOT_DIR: /opt/hostedtoolcache/Python/3.13.9/x64
2025-11-15T03:08:23.2408691Z   Python2_ROOT_DIR: /opt/hostedtoolcache/Python/3.13.9/x64
2025-11-15T03:08:23.2409086Z   Python3_ROOT_DIR: /opt/hostedtoolcache/Python/3.13.9/x64
2025-11-15T03:08:23.2409481Z   LD_LIBRARY_PATH: /opt/hostedtoolcache/Python/3.13.9/x64/lib
2025-11-15T03:08:23.2409954Z   PASS: ***
2025-11-15T03:08:23.2410153Z ##[endgroup]
2025-11-15T03:08:24.6743349Z Prioritizing: Attempt 1
2025-11-15T03:08:25.2129418Z Unfavorited project 1193158560
2025-11-15T03:09:10.2141376Z Favorited project 1193158560 to move it to the top
2025-11-15T03:09:56.0376831Z Unfavorited project 1193158559
2025-11-15T03:10:41.0389287Z Favorited project 1193158559 to move it to the top
2025-11-15T03:11:26.8742786Z Unfavorited project 1193158558
2025-11-15T03:12:11.8754354Z Favorited project 1193158558 to move it to the top
2025-11-15T03:12:57.5769011Z Unfavorited project 1193158567
2025-11-15T03:13:42.5780831Z Favorited project 1193158567 to move it to the top
2025-11-15T03:14:28.6638010Z Unfavorited project 1193158568
2025-11-15T03:15:13.6648558Z Favorited project 1193158568 to move it to the top
2025-11-15T03:15:58.9694386Z Prioritized projects in your favorite list.
2025-11-15T03:15:58.9701285Z Prioritizing: Attempt 1
2025-11-15T03:15:59.3745743Z Unfollowed stuido 50609120
2025-11-15T03:16:34.3758488Z Followed studio 50609120 to move it to the top
2025-11-15T03:17:20.0349794Z Unfollowed stuido 50609126
2025-11-15T03:17:55.0361984Z Followed studio 50609126 to move it to the top
2025-11-15T03:18:40.6998982Z Unfollowed stuido 50609128
2025-11-15T03:19:15.7010934Z Followed studio 50609128 to move it to the top
2025-11-15T03:20:01.3524878Z Unfollowed stuido 50609129
2025-11-15T03:20:36.3537269Z Followed studio 50609129 to move it to the top
2025-11-15T03:21:21.5814471Z Prioritized studios in your favorite list.
2025-11-15T03:21:21.6177155Z Post job cleanup.
2025-11-15T03:21:21.6972327Z [command]/usr/bin/git version
2025-11-15T03:21:21.7042530Z git version 2.51.2
2025-11-15T03:21:21.7082423Z Temporarily overriding HOME='/home/runner/work/_temp/02263341-ddab-435f-b6d2-f66c03ba8a9e' before making global git config changes
2025-11-15T03:21:21.7083702Z Adding repository directory to the temporary git global config as a safe directory
2025-11-15T03:21:21.7089021Z [command]/usr/bin/git config --global --add safe.directory /home/runner/work/scratchattach/scratchattach
2025-11-15T03:21:21.7129841Z [command]/usr/bin/git config --local --name-only --get-regexp core\.sshCommand
2025-11-15T03:21:21.7166231Z [command]/usr/bin/git submodule foreach --recursive sh -c "git config --local --name-only --get-regexp 'core\.sshCommand' && git config --local --unset-all 'core.sshCommand' || :"
2025-11-15T03:21:21.7399402Z [command]/usr/bin/git config --local --name-only --get-regexp http\.https\:\/\/github\.com\/\.extraheader
2025-11-15T03:21:21.7422642Z http.https://github.com/.extraheader
2025-11-15T03:21:21.7432455Z [command]/usr/bin/git config --local --unset-all http.https://github.com/.extraheader
2025-11-15T03:21:21.7464321Z [command]/usr/bin/git submodule foreach --recursive sh -c "git config --local --name-only --get-regexp 'http\.https\:\/\/github\.com\/\.extraheader' && git config --local --unset-all 'http.https://github.com/.extraheader' || :"
2025-11-15T03:21:21.7806987Z Post job cleanup.
2025-11-15T03:21:21.8956749Z (node:2605) [DEP0040] DeprecationWarning: The `punycode` module is deprecated. Please use a userland alternative instead.
2025-11-15T03:21:21.8957802Z (Use `node --trace-deprecation ...` to show where the warning was created)
2025-11-15T03:21:21.9077889Z Post job cleanup.
2025-11-15T03:21:21.9886899Z [command]/usr/bin/git version
2025-11-15T03:21:21.9927358Z git version 2.51.2
2025-11-15T03:21:21.9999602Z Temporarily overriding HOME='/home/runner/work/_temp/19a0bc7d-acfd-433a-ba93-7399aa7e50d9' before making global git config changes
2025-11-15T03:21:22.0001684Z Adding repository directory to the temporary git global config as a safe directory
2025-11-15T03:21:22.0004638Z [command]/usr/bin/git config --global --add safe.directory /home/runner/work/scratchattach/scratchattach
2025-11-15T03:21:22.0043796Z [command]/usr/bin/git config --local --name-only --get-regexp core\.sshCommand
2025-11-15T03:21:22.0079739Z [command]/usr/bin/git submodule foreach --recursive sh -c "git config --local --name-only --get-regexp 'core\.sshCommand' && git config --local --unset-all 'core.sshCommand' || :"
2025-11-15T03:21:22.0325508Z [command]/usr/bin/git config --local --name-only --get-regexp http\.https\:\/\/github\.com\/\.extraheader
2025-11-15T03:21:22.0360098Z [command]/usr/bin/git submodule foreach --recursive sh -c "git config --local --name-only --get-regexp 'http\.https\:\/\/github\.com\/\.extraheader' && git config --local --unset-all 'http.https://github.com/.extraheader' || :"
2025-11-15T03:21:22.0741619Z Cleaning up orphan processes
