2025-09-05T06:25:32.8223592Z Current runner version: '2.328.0'
2025-09-05T06:25:32.8256282Z ##[group]Runner Image Provisioner
2025-09-05T06:25:32.8257517Z Hosted Compute Agent
2025-09-05T06:25:32.8258503Z Version: 20250829.383
2025-09-05T06:25:32.8259424Z Commit: 27cb235aab5b0e52e153a26cd86b4742e89dac5d
2025-09-05T06:25:32.8260900Z Build Date: 2025-08-29T13:48:48Z
2025-09-05T06:25:32.8262104Z ##[endgroup]
2025-09-05T06:25:32.8262939Z ##[group]Operating System
2025-09-05T06:25:32.8263898Z Ubuntu
2025-09-05T06:25:32.8264804Z 24.04.3
2025-09-05T06:25:32.8265606Z LTS
2025-09-05T06:25:32.8266555Z ##[endgroup]
2025-09-05T06:25:32.8267404Z ##[group]Runner Image
2025-09-05T06:25:32.8268373Z Image: ubuntu-24.04
2025-09-05T06:25:32.8269400Z Version: 20250831.1.0
2025-09-05T06:25:32.8271458Z Included Software: https://github.com/actions/runner-images/blob/ubuntu24/20250831.1/images/ubuntu/Ubuntu2404-Readme.md
2025-09-05T06:25:32.8274369Z Image Release: https://github.com/actions/runner-images/releases/tag/ubuntu24%2F20250831.1
2025-09-05T06:25:32.8276073Z ##[endgroup]
2025-09-05T06:25:32.8280915Z ##[group]GITHUB_TOKEN Permissions
2025-09-05T06:25:32.8283708Z Actions: write
2025-09-05T06:25:32.8284665Z Attestations: write
2025-09-05T06:25:32.8285668Z Checks: write
2025-09-05T06:25:32.8286503Z Contents: write
2025-09-05T06:25:32.8287499Z Deployments: write
2025-09-05T06:25:32.8288351Z Discussions: write
2025-09-05T06:25:32.8289139Z Issues: write
2025-09-05T06:25:32.8290262Z Metadata: read
2025-09-05T06:25:32.8291068Z Models: read
2025-09-05T06:25:32.8291845Z Packages: write
2025-09-05T06:25:32.8292799Z Pages: write
2025-09-05T06:25:32.8293610Z PullRequests: write
2025-09-05T06:25:32.8294455Z RepositoryProjects: write
2025-09-05T06:25:32.8295486Z SecurityEvents: write
2025-09-05T06:25:32.8296505Z Statuses: write
2025-09-05T06:25:32.8297402Z ##[endgroup]
2025-09-05T06:25:32.8300395Z Secret source: Actions
2025-09-05T06:25:32.8301439Z Prepare workflow directory
2025-09-05T06:25:32.8773631Z Prepare all required actions
2025-09-05T06:25:32.8830859Z Getting action download info
2025-09-05T06:25:33.1104640Z Download action repository 'actions/checkout@v5.0.0' (SHA:08c6903cd8c0fde910a37f88322edcfb5dd907a8)
2025-09-05T06:25:33.1824953Z Download action repository 'actions/setup-python@v6.0.0' (SHA:e797f83bcb11b83ae66e0230d6156d7c80228e7c)
2025-09-05T06:25:33.4881981Z Download action repository 'bossOfCode/install-scratchattach@v1.0.3' (SHA:be17a7cf1ecb5a7040eb42ef26c2e1fbe72bb25a)
2025-09-05T06:25:33.8797245Z Complete job name: Run 1
2025-09-05T06:25:33.9496640Z ##[group]Run actions/checkout@v5.0.0
2025-09-05T06:25:33.9497546Z with:
2025-09-05T06:25:33.9497955Z   ref: main
2025-09-05T06:25:33.9498387Z   repository: Boss-1s/scratchattach
2025-09-05T06:25:33.9499082Z   token: ***
2025-09-05T06:25:33.9499525Z   ssh-strict: true
2025-09-05T06:25:33.9500336Z   ssh-user: git
2025-09-05T06:25:33.9500792Z   persist-credentials: true
2025-09-05T06:25:33.9501275Z   clean: true
2025-09-05T06:25:33.9501758Z   sparse-checkout-cone-mode: true
2025-09-05T06:25:33.9502532Z   fetch-depth: 1
2025-09-05T06:25:33.9503138Z   fetch-tags: false
2025-09-05T06:25:33.9503582Z   show-progress: true
2025-09-05T06:25:33.9504029Z   lfs: false
2025-09-05T06:25:33.9504461Z   submodules: false
2025-09-05T06:25:33.9504908Z   set-safe-directory: true
2025-09-05T06:25:33.9505730Z ##[endgroup]
2025-09-05T06:25:34.0432802Z Syncing repository: Boss-1s/scratchattach
2025-09-05T06:25:34.0434675Z ##[group]Getting Git version info
2025-09-05T06:25:34.0435518Z Working directory is '/home/runner/work/scratchattach/scratchattach'
2025-09-05T06:25:34.0436571Z [command]/usr/bin/git version
2025-09-05T06:25:34.0456505Z git version 2.51.0
2025-09-05T06:25:34.0477311Z ##[endgroup]
2025-09-05T06:25:34.0490897Z Temporarily overriding HOME='/home/runner/work/_temp/fcc5e08b-49a0-4b0b-939d-e85be846ebfe' before making global git config changes
2025-09-05T06:25:34.0493170Z Adding repository directory to the temporary git global config as a safe directory
2025-09-05T06:25:34.0495915Z [command]/usr/bin/git config --global --add safe.directory /home/runner/work/scratchattach/scratchattach
2025-09-05T06:25:34.0528700Z Deleting the contents of '/home/runner/work/scratchattach/scratchattach'
2025-09-05T06:25:34.0532929Z ##[group]Initializing the repository
2025-09-05T06:25:34.0537217Z [command]/usr/bin/git init /home/runner/work/scratchattach/scratchattach
2025-09-05T06:25:34.0599330Z hint: Using 'master' as the name for the initial branch. This default branch name
2025-09-05T06:25:34.0601347Z hint: is subject to change. To configure the initial branch name to use in all
2025-09-05T06:25:34.0602558Z hint: of your new repositories, which will suppress this warning, call:
2025-09-05T06:25:34.0603860Z hint:
2025-09-05T06:25:34.0604860Z hint: 	git config --global init.defaultBranch <name>
2025-09-05T06:25:34.0606036Z hint:
2025-09-05T06:25:34.0607180Z hint: Names commonly chosen instead of 'master' are 'main', 'trunk' and
2025-09-05T06:25:34.0609031Z hint: 'development'. The just-created branch can be renamed via this command:
2025-09-05T06:25:34.0610873Z hint:
2025-09-05T06:25:34.0611657Z hint: 	git branch -m <name>
2025-09-05T06:25:34.0612560Z hint:
2025-09-05T06:25:34.0613808Z hint: Disable this message with "git config set advice.defaultBranchName false"
2025-09-05T06:25:34.0615997Z Initialized empty Git repository in /home/runner/work/scratchattach/scratchattach/.git/
2025-09-05T06:25:34.0618772Z [command]/usr/bin/git remote add origin https://github.com/Boss-1s/scratchattach
2025-09-05T06:25:34.0648971Z ##[endgroup]
2025-09-05T06:25:34.0650541Z ##[group]Disabling automatic garbage collection
2025-09-05T06:25:34.0652852Z [command]/usr/bin/git config --local gc.auto 0
2025-09-05T06:25:34.0680314Z ##[endgroup]
2025-09-05T06:25:34.0681751Z ##[group]Setting up auth
2025-09-05T06:25:34.0687278Z [command]/usr/bin/git config --local --name-only --get-regexp core\.sshCommand
2025-09-05T06:25:34.0717676Z [command]/usr/bin/git submodule foreach --recursive sh -c "git config --local --name-only --get-regexp 'core\.sshCommand' && git config --local --unset-all 'core.sshCommand' || :"
2025-09-05T06:25:34.0984669Z [command]/usr/bin/git config --local --name-only --get-regexp http\.https\:\/\/github\.com\/\.extraheader
2025-09-05T06:25:34.1012997Z [command]/usr/bin/git submodule foreach --recursive sh -c "git config --local --name-only --get-regexp 'http\.https\:\/\/github\.com\/\.extraheader' && git config --local --unset-all 'http.https://github.com/.extraheader' || :"
2025-09-05T06:25:34.1228399Z [command]/usr/bin/git config --local http.https://github.com/.extraheader AUTHORIZATION: basic ***
2025-09-05T06:25:34.1260643Z ##[endgroup]
2025-09-05T06:25:34.1269313Z ##[group]Fetching the repository
2025-09-05T06:25:34.1270991Z [command]/usr/bin/git -c protocol.version=2 fetch --no-tags --prune --no-recurse-submodules --depth=1 origin +refs/heads/main*:refs/remotes/origin/main* +refs/tags/main*:refs/tags/main*
2025-09-05T06:25:34.4563002Z From https://github.com/Boss-1s/scratchattach
2025-09-05T06:25:34.4564725Z  * [new branch]      main       -> origin/main
2025-09-05T06:25:34.4592594Z ##[endgroup]
2025-09-05T06:25:34.4594491Z ##[group]Determining the checkout info
2025-09-05T06:25:34.4600115Z [command]/usr/bin/git branch --list --remote origin/main
2025-09-05T06:25:34.4623013Z   origin/main
2025-09-05T06:25:34.4628470Z ##[endgroup]
2025-09-05T06:25:34.4632030Z [command]/usr/bin/git sparse-checkout disable
2025-09-05T06:25:34.4667277Z [command]/usr/bin/git config --local --unset-all extensions.worktreeConfig
2025-09-05T06:25:34.4693313Z ##[group]Checking out the ref
2025-09-05T06:25:34.4696904Z [command]/usr/bin/git checkout --progress --force -B main refs/remotes/origin/main
2025-09-05T06:25:34.5203290Z Switched to a new branch 'main'
2025-09-05T06:25:34.5205973Z branch 'main' set up to track 'origin/main'.
2025-09-05T06:25:34.5217409Z ##[endgroup]
2025-09-05T06:25:34.5255624Z [command]/usr/bin/git log -1 --format=%H
2025-09-05T06:25:34.5278667Z 407ce2c253773d6cd03b18240d01e2b697158481
2025-09-05T06:25:34.5584427Z ##[group]Run actions/setup-python@v6.0.0
2025-09-05T06:25:34.5585905Z with:
2025-09-05T06:25:34.5586729Z   python-version: 3.12.5
2025-09-05T06:25:34.5587717Z   check-latest: false
2025-09-05T06:25:34.5588921Z   token: ***
2025-09-05T06:25:34.5590019Z   update-environment: true
2025-09-05T06:25:34.5591070Z   allow-prereleases: false
2025-09-05T06:25:34.5592098Z   freethreaded: false
2025-09-05T06:25:34.5593015Z ##[endgroup]
2025-09-05T06:25:34.6843090Z ##[group]Installed versions
2025-09-05T06:25:34.6860982Z Version 3.12.5 was not found in the local cache
2025-09-05T06:25:34.7024352Z (node:2091) [DEP0040] DeprecationWarning: The `punycode` module is deprecated. Please use a userland alternative instead.
2025-09-05T06:25:34.7027172Z (Use `node --trace-deprecation ...` to show where the warning was created)
2025-09-05T06:25:35.0123490Z Version 3.12.5 is available for downloading
2025-09-05T06:25:35.0127485Z Download from "https://github.com/actions/python-versions/releases/download/3.12.5-10375840348/python-3.12.5-linux-24.04-x64.tar.gz"
2025-09-05T06:25:35.6860375Z Extract downloaded archive
2025-09-05T06:25:35.7014104Z [command]/usr/bin/tar xz --warning=no-unknown-keyword --overwrite -C /home/runner/work/_temp/b91703f2-fb36-40b2-95be-5eddd7a77316 -f /home/runner/work/_temp/d0524348-ccce-4835-87fd-5bbc7e8c1516
2025-09-05T06:25:37.7150483Z Execute installation script
2025-09-05T06:25:37.7251608Z Check if Python hostedtoolcache folder exist...
2025-09-05T06:25:37.7252319Z Create Python 3.12.5 folder
2025-09-05T06:25:37.7268184Z Copy Python binaries to hostedtoolcache folder
2025-09-05T06:25:38.2734978Z Create additional symlinks (Required for the UsePythonVersion Azure Pipelines task and the setup-python GitHub Action)
2025-09-05T06:25:38.2775172Z Upgrading pip...
2025-09-05T06:25:40.2750876Z Looking in links: /tmp/tmp_l91ui9o
2025-09-05T06:25:40.2754796Z Requirement already satisfied: pip in /opt/hostedtoolcache/Python/3.12.5/x64/lib/python3.12/site-packages (24.2)
2025-09-05T06:25:41.3536478Z Collecting pip
2025-09-05T06:25:41.4040522Z Downloading pip-25.2-py3-none-any.whl.metadata (4.7 kB)
2025-09-05T06:25:41.4156931Z Downloading pip-25.2-py3-none-any.whl (1.8 MB)
2025-09-05T06:25:41.5034240Z ━━━━━━━━━━━━━━━━━━━━━━━━━━━━━━━━━━━━━━━━ 1.8/1.8 MB 23.2 MB/s eta 0:00:00
2025-09-05T06:25:41.5035935Z 
2025-09-05T06:25:41.5222984Z Installing collected packages: pip
2025-09-05T06:25:41.5224815Z Attempting uninstall: pip
2025-09-05T06:25:41.5246789Z Found existing installation: pip 24.2
2025-09-05T06:25:41.5599375Z Uninstalling pip-24.2:
2025-09-05T06:25:41.5654405Z Successfully uninstalled pip-24.2
2025-09-05T06:25:42.4192725Z Successfully installed pip-25.2
2025-09-05T06:25:42.4627089Z Create complete file
2025-09-05T06:25:42.4670280Z Successfully set up CPython (3.12.5)
2025-09-05T06:25:42.4671050Z ##[endgroup]
2025-09-05T06:25:42.4852854Z ##[group]Run bossOfCode/install-scratchattach@v1.0.3
2025-09-05T06:25:42.4853178Z env:
2025-09-05T06:25:42.4853423Z   pythonLocation: /opt/hostedtoolcache/Python/3.12.5/x64
2025-09-05T06:25:42.4853849Z   PKG_CONFIG_PATH: /opt/hostedtoolcache/Python/3.12.5/x64/lib/pkgconfig
2025-09-05T06:25:42.4854260Z   Python_ROOT_DIR: /opt/hostedtoolcache/Python/3.12.5/x64
2025-09-05T06:25:42.4854627Z   Python2_ROOT_DIR: /opt/hostedtoolcache/Python/3.12.5/x64
2025-09-05T06:25:42.4854970Z   Python3_ROOT_DIR: /opt/hostedtoolcache/Python/3.12.5/x64
2025-09-05T06:25:42.4855331Z   LD_LIBRARY_PATH: /opt/hostedtoolcache/Python/3.12.5/x64/lib
2025-09-05T06:25:42.4855620Z ##[endgroup]
2025-09-05T06:25:42.5001433Z ##[group]Run python3 -m pip install --upgrade pip
2025-09-05T06:25:42.5001827Z [36;1mpython3 -m pip install --upgrade pip[0m
2025-09-05T06:25:42.5057284Z shell: /usr/bin/bash --noprofile --norc -e -o pipefail {0}
2025-09-05T06:25:42.5057627Z env:
2025-09-05T06:25:42.5057916Z   pythonLocation: /opt/hostedtoolcache/Python/3.12.5/x64
2025-09-05T06:25:42.5058316Z   PKG_CONFIG_PATH: /opt/hostedtoolcache/Python/3.12.5/x64/lib/pkgconfig
2025-09-05T06:25:42.5058708Z   Python_ROOT_DIR: /opt/hostedtoolcache/Python/3.12.5/x64
2025-09-05T06:25:42.5059068Z   Python2_ROOT_DIR: /opt/hostedtoolcache/Python/3.12.5/x64
2025-09-05T06:25:42.5059834Z   Python3_ROOT_DIR: /opt/hostedtoolcache/Python/3.12.5/x64
2025-09-05T06:25:42.5060189Z   LD_LIBRARY_PATH: /opt/hostedtoolcache/Python/3.12.5/x64/lib
2025-09-05T06:25:42.5060473Z ##[endgroup]
2025-09-05T06:25:42.8865345Z Requirement already satisfied: pip in /opt/hostedtoolcache/Python/3.12.5/x64/lib/python3.12/site-packages (25.2)
2025-09-05T06:25:43.0778188Z ##[group]Run pip install -U scratchattach
2025-09-05T06:25:43.0778507Z [36;1mpip install -U scratchattach[0m
2025-09-05T06:25:43.0809205Z shell: /usr/bin/bash --noprofile --norc -e -o pipefail {0}
2025-09-05T06:25:43.0809509Z env:
2025-09-05T06:25:43.0809937Z   pythonLocation: /opt/hostedtoolcache/Python/3.12.5/x64
2025-09-05T06:25:43.0810345Z   PKG_CONFIG_PATH: /opt/hostedtoolcache/Python/3.12.5/x64/lib/pkgconfig
2025-09-05T06:25:43.0810746Z   Python_ROOT_DIR: /opt/hostedtoolcache/Python/3.12.5/x64
2025-09-05T06:25:43.0811100Z   Python2_ROOT_DIR: /opt/hostedtoolcache/Python/3.12.5/x64
2025-09-05T06:25:43.0811441Z   Python3_ROOT_DIR: /opt/hostedtoolcache/Python/3.12.5/x64
2025-09-05T06:25:43.0811791Z   LD_LIBRARY_PATH: /opt/hostedtoolcache/Python/3.12.5/x64/lib
2025-09-05T06:25:43.0812074Z ##[endgroup]
2025-09-05T06:25:43.5333284Z Collecting scratchattach
2025-09-05T06:25:43.5775592Z   Downloading scratchattach-2.1.13-py3-none-any.whl.metadata (5.5 kB)
2025-09-05T06:25:43.6026705Z Collecting websocket-client (from scratchattach)
2025-09-05T06:25:43.6096989Z   Downloading websocket_client-1.8.0-py3-none-any.whl.metadata (8.0 kB)
2025-09-05T06:25:43.6451763Z Collecting requests (from scratchattach)
2025-09-05T06:25:43.6524351Z   Downloading requests-2.32.5-py3-none-any.whl.metadata (4.9 kB)
2025-09-05T06:25:43.6666924Z Collecting bs4 (from scratchattach)
2025-09-05T06:25:43.6737127Z   Downloading bs4-0.0.2-py2.py3-none-any.whl.metadata (411 bytes)
2025-09-05T06:25:43.6868927Z Collecting SimpleWebSocketServer (from scratchattach)
2025-09-05T06:25:43.6945001Z   Downloading SimpleWebSocketServer-0.1.2.tar.gz (10 kB)
2025-09-05T06:25:43.7036955Z   Installing build dependencies: started
2025-09-05T06:25:44.5480973Z   Installing build dependencies: finished with status 'done'
2025-09-05T06:25:44.5487003Z   Getting requirements to build wheel: started
2025-09-05T06:25:44.8961389Z   Getting requirements to build wheel: finished with status 'done'
2025-09-05T06:25:44.8969516Z   Preparing metadata (pyproject.toml): started
2025-09-05T06:25:45.0783802Z   Preparing metadata (pyproject.toml): finished with status 'done'
2025-09-05T06:25:45.1004449Z Collecting typing-extensions (from scratchattach)
2025-09-05T06:25:45.1081529Z   Downloading typing_extensions-4.15.0-py3-none-any.whl.metadata (3.3 kB)
2025-09-05T06:25:45.1306510Z Collecting beautifulsoup4 (from bs4->scratchattach)
2025-09-05T06:25:45.1378927Z   Downloading beautifulsoup4-4.13.5-py3-none-any.whl.metadata (3.8 kB)
2025-09-05T06:25:45.1604054Z Collecting soupsieve>1.2 (from beautifulsoup4->bs4->scratchattach)
2025-09-05T06:25:45.1676339Z   Downloading soupsieve-2.8-py3-none-any.whl.metadata (4.6 kB)
2025-09-05T06:25:45.2768868Z Collecting charset_normalizer<4,>=2 (from requests->scratchattach)
2025-09-05T06:25:45.2841146Z   Downloading charset_normalizer-3.4.3-cp312-cp312-manylinux2014_x86_64.manylinux_2_17_x86_64.manylinux_2_28_x86_64.whl.metadata (36 kB)
2025-09-05T06:25:45.3087312Z Collecting idna<4,>=2.5 (from requests->scratchattach)
2025-09-05T06:25:45.3156246Z   Downloading idna-3.10-py3-none-any.whl.metadata (10 kB)
2025-09-05T06:25:45.3490930Z Collecting urllib3<3,>=1.21.1 (from requests->scratchattach)
2025-09-05T06:25:45.3562457Z   Downloading urllib3-2.5.0-py3-none-any.whl.metadata (6.5 kB)
2025-09-05T06:25:45.3816118Z Collecting certifi>=2017.4.17 (from requests->scratchattach)
2025-09-05T06:25:45.3887806Z   Downloading certifi-2025.8.3-py3-none-any.whl.metadata (2.4 kB)
2025-09-05T06:25:45.4028996Z Downloading scratchattach-2.1.13-py3-none-any.whl (141 kB)
2025-09-05T06:25:45.4198117Z Downloading bs4-0.0.2-py2.py3-none-any.whl (1.2 kB)
2025-09-05T06:25:45.4289378Z Downloading beautifulsoup4-4.13.5-py3-none-any.whl (105 kB)
2025-09-05T06:25:45.4384366Z Downloading soupsieve-2.8-py3-none-any.whl (36 kB)
2025-09-05T06:25:45.4504739Z Downloading typing_extensions-4.15.0-py3-none-any.whl (44 kB)
2025-09-05T06:25:45.4609934Z Downloading requests-2.32.5-py3-none-any.whl (64 kB)
2025-09-05T06:25:45.4707915Z Downloading charset_normalizer-3.4.3-cp312-cp312-manylinux2014_x86_64.manylinux_2_17_x86_64.manylinux_2_28_x86_64.whl (151 kB)
2025-09-05T06:25:45.4815665Z Downloading idna-3.10-py3-none-any.whl (70 kB)
2025-09-05T06:25:45.4913686Z Downloading urllib3-2.5.0-py3-none-any.whl (129 kB)
2025-09-05T06:25:45.5013604Z Downloading certifi-2025.8.3-py3-none-any.whl (161 kB)
2025-09-05T06:25:45.5117210Z Downloading websocket_client-1.8.0-py3-none-any.whl (58 kB)
2025-09-05T06:25:45.5250638Z Building wheels for collected packages: SimpleWebSocketServer
2025-09-05T06:25:45.5259031Z   Building wheel for SimpleWebSocketServer (pyproject.toml): started
2025-09-05T06:25:45.7441125Z   Building wheel for SimpleWebSocketServer (pyproject.toml): finished with status 'done'
2025-09-05T06:25:45.7446571Z   Created wheel for SimpleWebSocketServer: filename=simplewebsocketserver-0.1.2-py3-none-any.whl size=9715 sha256=dfd48cf1833e06b02298a0af5a50ac3530fb65415eadf7726a6433cf018b51e6
2025-09-05T06:25:45.7448147Z   Stored in directory: /home/runner/.cache/pip/wheels/81/fd/d8/f145b47bedceb5dff96b76e404a4ee9be956a4f8f150cd8133
2025-09-05T06:25:45.7466829Z Successfully built SimpleWebSocketServer
2025-09-05T06:25:45.7644333Z Installing collected packages: SimpleWebSocketServer, websocket-client, urllib3, typing-extensions, soupsieve, idna, charset_normalizer, certifi, requests, beautifulsoup4, bs4, scratchattach
2025-09-05T06:25:46.3177212Z 
2025-09-05T06:25:46.3196900Z Successfully installed SimpleWebSocketServer-0.1.2 beautifulsoup4-4.13.5 bs4-0.0.2 certifi-2025.8.3 charset_normalizer-3.4.3 idna-3.10 requests-2.32.5 scratchattach-2.1.13 soupsieve-2.8 typing-extensions-4.15.0 urllib3-2.5.0 websocket-client-1.8.0
2025-09-05T06:25:46.3994305Z ##[group]Run actions/checkout@v5.0.0
2025-09-05T06:25:46.3994567Z with:
2025-09-05T06:25:46.3994729Z   ref: main
2025-09-05T06:25:46.3994915Z   repository: Boss-1s/scratchattach
2025-09-05T06:25:46.3995297Z   token: ***
2025-09-05T06:25:46.3995562Z   ssh-strict: true
2025-09-05T06:25:46.3995749Z   ssh-user: git
2025-09-05T06:25:46.3995941Z   persist-credentials: true
2025-09-05T06:25:46.3996154Z   clean: true
2025-09-05T06:25:46.3996345Z   sparse-checkout-cone-mode: true
2025-09-05T06:25:46.3996573Z   fetch-depth: 1
2025-09-05T06:25:46.3996743Z   fetch-tags: false
2025-09-05T06:25:46.3996927Z   show-progress: true
2025-09-05T06:25:46.3997109Z   lfs: false
2025-09-05T06:25:46.3997277Z   submodules: false
2025-09-05T06:25:46.3997463Z   set-safe-directory: true
2025-09-05T06:25:46.3997658Z env:
2025-09-05T06:25:46.3997884Z   pythonLocation: /opt/hostedtoolcache/Python/3.12.5/x64
2025-09-05T06:25:46.3998268Z   PKG_CONFIG_PATH: /opt/hostedtoolcache/Python/3.12.5/x64/lib/pkgconfig
2025-09-05T06:25:46.3998682Z   Python_ROOT_DIR: /opt/hostedtoolcache/Python/3.12.5/x64
2025-09-05T06:25:46.3999011Z   Python2_ROOT_DIR: /opt/hostedtoolcache/Python/3.12.5/x64
2025-09-05T06:25:46.3999355Z   Python3_ROOT_DIR: /opt/hostedtoolcache/Python/3.12.5/x64
2025-09-05T06:25:46.3999914Z   LD_LIBRARY_PATH: /opt/hostedtoolcache/Python/3.12.5/x64/lib
2025-09-05T06:25:46.4000197Z ##[endgroup]
2025-09-05T06:25:46.4743727Z Syncing repository: Boss-1s/scratchattach
2025-09-05T06:25:46.4745849Z ##[group]Getting Git version info
2025-09-05T06:25:46.4746364Z Working directory is '/home/runner/work/scratchattach/scratchattach'
2025-09-05T06:25:46.4782738Z [command]/usr/bin/git version
2025-09-05T06:25:46.4818889Z git version 2.51.0
2025-09-05T06:25:46.4839985Z ##[endgroup]
2025-09-05T06:25:46.4854285Z Temporarily overriding HOME='/home/runner/work/_temp/613f52a9-85d5-4670-8c73-2212eefaf6a4' before making global git config changes
2025-09-05T06:25:46.4855560Z Adding repository directory to the temporary git global config as a safe directory
2025-09-05T06:25:46.4860128Z [command]/usr/bin/git config --global --add safe.directory /home/runner/work/scratchattach/scratchattach
2025-09-05T06:25:46.4896285Z [command]/usr/bin/git config --local --get remote.origin.url
2025-09-05T06:25:46.4916717Z https://github.com/Boss-1s/scratchattach
2025-09-05T06:25:46.4930063Z ##[group]Removing previously created refs, to avoid conflicts
2025-09-05T06:25:46.4934308Z [command]/usr/bin/git rev-parse --symbolic-full-name --verify --quiet HEAD
2025-09-05T06:25:46.4954926Z refs/heads/main
2025-09-05T06:25:46.4963743Z [command]/usr/bin/git checkout --detach
2025-09-05T06:25:46.5385695Z HEAD is now at 407ce2c [BOT] Download Logs
2025-09-05T06:25:46.5429934Z [command]/usr/bin/git branch --delete --force main
2025-09-05T06:25:46.5454031Z Deleted branch main (was 407ce2c).
2025-09-05T06:25:46.5489487Z ##[endgroup]
2025-09-05T06:25:46.5494051Z [command]/usr/bin/git submodule status
2025-09-05T06:25:46.5716279Z ##[group]Cleaning the repository
2025-09-05T06:25:46.5721234Z [command]/usr/bin/git clean -ffdx
2025-09-05T06:25:46.5754438Z [command]/usr/bin/git reset --hard HEAD
2025-09-05T06:25:46.5791355Z HEAD is now at 407ce2c [BOT] Download Logs
2025-09-05T06:25:46.5796417Z ##[endgroup]
2025-09-05T06:25:46.5798099Z ##[group]Disabling automatic garbage collection
2025-09-05T06:25:46.5802211Z [command]/usr/bin/git config --local gc.auto 0
2025-09-05T06:25:46.5826913Z ##[endgroup]
2025-09-05T06:25:46.5827400Z ##[group]Setting up auth
2025-09-05T06:25:46.5833718Z [command]/usr/bin/git config --local --name-only --get-regexp core\.sshCommand
2025-09-05T06:25:46.5862536Z [command]/usr/bin/git submodule foreach --recursive sh -c "git config --local --name-only --get-regexp 'core\.sshCommand' && git config --local --unset-all 'core.sshCommand' || :"
2025-09-05T06:25:46.6079265Z [command]/usr/bin/git config --local --name-only --get-regexp http\.https\:\/\/github\.com\/\.extraheader
2025-09-05T06:25:46.6099364Z http.https://github.com/.extraheader
2025-09-05T06:25:46.6107773Z [command]/usr/bin/git config --local --unset-all http.https://github.com/.extraheader
2025-09-05T06:25:46.6136979Z [command]/usr/bin/git submodule foreach --recursive sh -c "git config --local --name-only --get-regexp 'http\.https\:\/\/github\.com\/\.extraheader' && git config --local --unset-all 'http.https://github.com/.extraheader' || :"
2025-09-05T06:25:46.6356096Z [command]/usr/bin/git config --local http.https://github.com/.extraheader AUTHORIZATION: basic ***
2025-09-05T06:25:46.6396039Z ##[endgroup]
2025-09-05T06:25:46.6396645Z ##[group]Fetching the repository
2025-09-05T06:25:46.6404906Z [command]/usr/bin/git -c protocol.version=2 fetch --no-tags --prune --no-recurse-submodules --depth=1 origin +refs/heads/main*:refs/remotes/origin/main* +refs/tags/main*:refs/tags/main*
2025-09-05T06:25:46.8548985Z ##[endgroup]
2025-09-05T06:25:46.8550233Z ##[group]Determining the checkout info
2025-09-05T06:25:46.8556431Z [command]/usr/bin/git branch --list --remote origin/main
2025-09-05T06:25:46.8580102Z   origin/main
2025-09-05T06:25:46.8584432Z ##[endgroup]
2025-09-05T06:25:46.8588960Z [command]/usr/bin/git sparse-checkout disable
2025-09-05T06:25:46.8627730Z [command]/usr/bin/git config --local --unset-all extensions.worktreeConfig
2025-09-05T06:25:46.8652632Z ##[group]Checking out the ref
2025-09-05T06:25:46.8656712Z [command]/usr/bin/git checkout --progress --force -B main refs/remotes/origin/main
2025-09-05T06:25:46.8697294Z Switched to a new branch 'main'
2025-09-05T06:25:46.8699815Z branch 'main' set up to track 'origin/main'.
2025-09-05T06:25:46.8705490Z ##[endgroup]
2025-09-05T06:25:46.8739981Z [command]/usr/bin/git log -1 --format=%H
2025-09-05T06:25:46.8762963Z 407ce2c253773d6cd03b18240d01e2b697158481
2025-09-05T06:25:46.8868848Z ##[group]Run timeout 359m python3 message_viewer.py || { [[ $? -eq 124 ]] && exit 0; }
2025-09-05T06:25:46.8869379Z [36;1mtimeout 359m python3 message_viewer.py || { [[ $? -eq 124 ]] && exit 0; }[0m
2025-09-05T06:25:46.8900746Z shell: /usr/bin/bash -e {0}
2025-09-05T06:25:46.8901136Z env:
2025-09-05T06:25:46.8901384Z   pythonLocation: /opt/hostedtoolcache/Python/3.12.5/x64
2025-09-05T06:25:46.8901793Z   PKG_CONFIG_PATH: /opt/hostedtoolcache/Python/3.12.5/x64/lib/pkgconfig
2025-09-05T06:25:46.8902180Z   Python_ROOT_DIR: /opt/hostedtoolcache/Python/3.12.5/x64
2025-09-05T06:25:46.8902520Z   Python2_ROOT_DIR: /opt/hostedtoolcache/Python/3.12.5/x64
2025-09-05T06:25:46.8902856Z   Python3_ROOT_DIR: /opt/hostedtoolcache/Python/3.12.5/x64
2025-09-05T06:25:46.8903232Z   LD_LIBRARY_PATH: /opt/hostedtoolcache/Python/3.12.5/x64/lib
2025-09-05T06:25:46.8903695Z   PASS: ***
2025-09-05T06:25:46.8903864Z ##[endgroup]
2025-09-05T06:25:48.4038999Z Thanks for giving credit for CloudRequests!
2025-09-05T06:25:48.4039412Z Request handler is running
2025-09-05T06:25:48.4046775Z Request handler is running
2025-09-05T12:24:46.9049115Z Post job cleanup.
2025-09-05T12:24:46.9798163Z [command]/usr/bin/git version
2025-09-05T12:24:46.9833037Z git version 2.51.0
2025-09-05T12:24:46.9868442Z Temporarily overriding HOME='/home/runner/work/_temp/d1b4c72f-1565-439f-9ce5-b81378435172' before making global git config changes
2025-09-05T12:24:46.9869285Z Adding repository directory to the temporary git global config as a safe directory
2025-09-05T12:24:46.9874035Z [command]/usr/bin/git config --global --add safe.directory /home/runner/work/scratchattach/scratchattach
2025-09-05T12:24:46.9908271Z [command]/usr/bin/git config --local --name-only --get-regexp core\.sshCommand
2025-09-05T12:24:46.9941640Z [command]/usr/bin/git submodule foreach --recursive sh -c "git config --local --name-only --get-regexp 'core\.sshCommand' && git config --local --unset-all 'core.sshCommand' || :"
2025-09-05T12:24:47.0161826Z [command]/usr/bin/git config --local --name-only --get-regexp http\.https\:\/\/github\.com\/\.extraheader
2025-09-05T12:24:47.0183610Z http.https://github.com/.extraheader
2025-09-05T12:24:47.0193145Z [command]/usr/bin/git config --local --unset-all http.https://github.com/.extraheader
2025-09-05T12:24:47.0223472Z [command]/usr/bin/git submodule foreach --recursive sh -c "git config --local --name-only --get-regexp 'http\.https\:\/\/github\.com\/\.extraheader' && git config --local --unset-all 'http.https://github.com/.extraheader' || :"
2025-09-05T12:24:47.0545354Z Post job cleanup.
2025-09-05T12:24:47.1768633Z (node:4817) [DEP0040] DeprecationWarning: The `punycode` module is deprecated. Please use a userland alternative instead.
2025-09-05T12:24:47.1769986Z (Use `node --trace-deprecation ...` to show where the warning was created)
2025-09-05T12:24:47.1916841Z Post job cleanup.
2025-09-05T12:24:47.2679135Z [command]/usr/bin/git version
2025-09-05T12:24:47.2713898Z git version 2.51.0
2025-09-05T12:24:47.2749450Z Temporarily overriding HOME='/home/runner/work/_temp/4a359a04-fb20-4d10-9eda-f78717c2db86' before making global git config changes
2025-09-05T12:24:47.2750910Z Adding repository directory to the temporary git global config as a safe directory
2025-09-05T12:24:47.2755330Z [command]/usr/bin/git config --global --add safe.directory /home/runner/work/scratchattach/scratchattach
2025-09-05T12:24:47.2791095Z [command]/usr/bin/git config --local --name-only --get-regexp core\.sshCommand
2025-09-05T12:24:47.2846917Z [command]/usr/bin/git submodule foreach --recursive sh -c "git config --local --name-only --get-regexp 'core\.sshCommand' && git config --local --unset-all 'core.sshCommand' || :"
2025-09-05T12:24:47.3068178Z [command]/usr/bin/git config --local --name-only --get-regexp http\.https\:\/\/github\.com\/\.extraheader
2025-09-05T12:24:47.3098626Z [command]/usr/bin/git submodule foreach --recursive sh -c "git config --local --name-only --get-regexp 'http\.https\:\/\/github\.com\/\.extraheader' && git config --local --unset-all 'http.https://github.com/.extraheader' || :"
2025-09-05T12:24:47.3421695Z Cleaning up orphan processes
