2025-12-25T18:34:33.3690586Z Current runner version: '2.330.0'
2025-12-25T18:34:33.3715114Z ##[group]Runner Image Provisioner
2025-12-25T18:34:33.3715850Z Hosted Compute Agent
2025-12-25T18:34:33.3716359Z Version: 20251211.462
2025-12-25T18:34:33.3716884Z Commit: 6cbad8c2bb55d58165063d031ccabf57e2d2db61
2025-12-25T18:34:33.3718139Z Build Date: 2025-12-11T16:28:49Z
2025-12-25T18:34:33.3718834Z Worker ID: {b5ba8dec-07f8-4cc0-a42d-2be9019b576f}
2025-12-25T18:34:33.3719614Z ##[endgroup]
2025-12-25T18:34:33.3720093Z ##[group]Operating System
2025-12-25T18:34:33.3720619Z Microsoft Windows Server 2025
2025-12-25T18:34:33.3721158Z 10.0.26100
2025-12-25T18:34:33.3721536Z Datacenter
2025-12-25T18:34:33.3721930Z ##[endgroup]
2025-12-25T18:34:33.3722343Z ##[group]Runner Image
2025-12-25T18:34:33.3722853Z Image: windows-2025
2025-12-25T18:34:33.3723271Z Version: 20251216.149.1
2025-12-25T18:34:33.3724592Z Included Software: https://github.com/actions/runner-images/blob/win25/20251216.149/images/windows/Windows2025-Readme.md
2025-12-25T18:34:33.3725946Z Image Release: https://github.com/actions/runner-images/releases/tag/win25%2F20251216.149
2025-12-25T18:34:33.3726793Z ##[endgroup]
2025-12-25T18:34:33.3727687Z ##[group]GITHUB_TOKEN Permissions
2025-12-25T18:34:33.3729418Z Contents: read
2025-12-25T18:34:33.3729886Z Metadata: read
2025-12-25T18:34:33.3730362Z ##[endgroup]
2025-12-25T18:34:33.3732295Z Secret source: Actions
2025-12-25T18:34:33.3732950Z Prepare workflow directory
2025-12-25T18:34:33.4148373Z Prepare all required actions
2025-12-25T18:34:33.4203977Z Getting action download info
2025-12-25T18:34:33.8012129Z Download action repository 'actions/checkout@v6.0.1' (SHA:8e8c483db84b4bee98b60c0593521ed34d9990e8)
2025-12-25T18:34:33.9340264Z Download action repository 'actions/setup-python@v6.1.0' (SHA:83679a892e2d95755f2dac6acb0bfd1e9ac5d548)
2025-12-25T18:34:34.2351518Z Complete job name: build (3.11, windows-latest)
2025-12-25T18:34:34.4278286Z ##[group]Run actions/checkout@v6.0.1
2025-12-25T18:34:34.4279353Z with:
2025-12-25T18:34:34.4279903Z   ref: scratch_chat_dev
2025-12-25T18:34:34.4280404Z   repository: Boss-1s/scratchattach
2025-12-25T18:34:34.4281101Z   token: ***
2025-12-25T18:34:34.4281477Z   ssh-strict: true
2025-12-25T18:34:34.4281863Z   ssh-user: git
2025-12-25T18:34:34.4282278Z   persist-credentials: true
2025-12-25T18:34:34.4282715Z   clean: true
2025-12-25T18:34:34.4283115Z   sparse-checkout-cone-mode: true
2025-12-25T18:34:34.4283590Z   fetch-depth: 1
2025-12-25T18:34:34.4284242Z   fetch-tags: false
2025-12-25T18:34:34.4284668Z   show-progress: true
2025-12-25T18:34:34.4285069Z   lfs: false
2025-12-25T18:34:34.4285430Z   submodules: false
2025-12-25T18:34:34.4285825Z   set-safe-directory: true
2025-12-25T18:34:34.4286844Z ##[endgroup]
2025-12-25T18:34:34.5770225Z Syncing repository: Boss-1s/scratchattach
2025-12-25T18:34:34.5772017Z ##[group]Getting Git version info
2025-12-25T18:34:34.5772776Z Working directory is 'D:\a\scratchattach\scratchattach'
2025-12-25T18:34:34.6879015Z [command]"C:\Program Files\Git\bin\git.exe" version
2025-12-25T18:34:35.2855101Z git version 2.52.0.windows.1
2025-12-25T18:34:35.2908411Z ##[endgroup]
2025-12-25T18:34:35.2927981Z Temporarily overriding HOME='D:\a\_temp\97369aa2-7ec4-435d-bc9d-ee9417779279' before making global git config changes
2025-12-25T18:34:35.2929697Z Adding repository directory to the temporary git global config as a safe directory
2025-12-25T18:34:35.2938886Z [command]"C:\Program Files\Git\bin\git.exe" config --global --add safe.directory D:\a\scratchattach\scratchattach
2025-12-25T18:34:35.3701006Z Deleting the contents of 'D:\a\scratchattach\scratchattach'
2025-12-25T18:34:35.3707474Z ##[group]Initializing the repository
2025-12-25T18:34:35.3715567Z [command]"C:\Program Files\Git\bin\git.exe" init D:\a\scratchattach\scratchattach
2025-12-25T18:34:35.4929878Z Initialized empty Git repository in D:/a/scratchattach/scratchattach/.git/
2025-12-25T18:34:35.4974013Z [command]"C:\Program Files\Git\bin\git.exe" remote add origin https://github.com/Boss-1s/scratchattach
2025-12-25T18:34:35.5675244Z ##[endgroup]
2025-12-25T18:34:35.5677390Z ##[group]Disabling automatic garbage collection
2025-12-25T18:34:35.5684313Z [command]"C:\Program Files\Git\bin\git.exe" config --local gc.auto 0
2025-12-25T18:34:35.5981169Z ##[endgroup]
2025-12-25T18:34:35.5982575Z ##[group]Setting up auth
2025-12-25T18:34:35.5983949Z Removing SSH command configuration
2025-12-25T18:34:35.5994778Z [command]"C:\Program Files\Git\bin\git.exe" config --local --name-only --get-regexp core\.sshCommand
2025-12-25T18:34:35.6301047Z [command]"C:\Program Files\Git\bin\git.exe" submodule foreach --recursive "sh -c \"git config --local --name-only --get-regexp 'core\.sshCommand' && git config --local --unset-all 'core.sshCommand' || :\""
2025-12-25T18:34:37.4131208Z Removing HTTP extra header
2025-12-25T18:34:37.4145054Z [command]"C:\Program Files\Git\bin\git.exe" config --local --name-only --get-regexp http\.https\:\/\/github\.com\/\.extraheader
2025-12-25T18:34:37.4472884Z [command]"C:\Program Files\Git\bin\git.exe" submodule foreach --recursive "sh -c \"git config --local --name-only --get-regexp 'http\.https\:\/\/github\.com\/\.extraheader' && git config --local --unset-all 'http.https://github.com/.extraheader' || :\""
2025-12-25T18:34:37.9675353Z Removing includeIf entries pointing to credentials config files
2025-12-25T18:34:37.9687192Z [command]"C:\Program Files\Git\bin\git.exe" config --local --name-only --get-regexp ^includeIf\.gitdir:
2025-12-25T18:34:38.0009648Z [command]"C:\Program Files\Git\bin\git.exe" submodule foreach --recursive "git config --local --show-origin --name-only --get-regexp remote.origin.url"
2025-12-25T18:34:38.5258527Z [command]"C:\Program Files\Git\bin\git.exe" config --file D:\a\_temp\git-credentials-991c8ed0-d899-4e13-943d-5597359f9fa2.config http.https://github.com/.extraheader "AUTHORIZATION: basic ***"
2025-12-25T18:34:38.5575300Z [command]"C:\Program Files\Git\bin\git.exe" config --local includeIf.gitdir:D:/a/scratchattach/scratchattach/.git.path D:\a\_temp\git-credentials-991c8ed0-d899-4e13-943d-5597359f9fa2.config
2025-12-25T18:34:38.5884925Z [command]"C:\Program Files\Git\bin\git.exe" config --local includeIf.gitdir:D:/a/scratchattach/scratchattach/.git/worktrees/*.path D:\a\_temp\git-credentials-991c8ed0-d899-4e13-943d-5597359f9fa2.config
2025-12-25T18:34:38.6220578Z [command]"C:\Program Files\Git\bin\git.exe" config --local includeIf.gitdir:/github/workspace/.git.path /github/runner_temp/git-credentials-991c8ed0-d899-4e13-943d-5597359f9fa2.config
2025-12-25T18:34:38.6508798Z [command]"C:\Program Files\Git\bin\git.exe" config --local includeIf.gitdir:/github/workspace/.git/worktrees/*.path /github/runner_temp/git-credentials-991c8ed0-d899-4e13-943d-5597359f9fa2.config
2025-12-25T18:34:38.6824381Z ##[endgroup]
2025-12-25T18:34:38.6825019Z ##[group]Fetching the repository
2025-12-25T18:34:38.6839402Z [command]"C:\Program Files\Git\bin\git.exe" -c protocol.version=2 fetch --no-tags --prune --no-recurse-submodules --depth=1 origin +refs/heads/scratch_chat_dev*:refs/remotes/origin/scratch_chat_dev* +refs/tags/scratch_chat_dev*:refs/tags/scratch_chat_dev*
2025-12-25T18:34:41.1953249Z From https://github.com/Boss-1s/scratchattach
2025-12-25T18:34:41.1954261Z  * [new branch]      scratch_chat_dev -> origin/scratch_chat_dev
2025-12-25T18:34:41.2276707Z ##[endgroup]
2025-12-25T18:34:41.2277275Z ##[group]Determining the checkout info
2025-12-25T18:34:41.2293647Z [command]"C:\Program Files\Git\bin\git.exe" branch --list --remote origin/scratch_chat_dev
2025-12-25T18:34:41.2742629Z   origin/scratch_chat_dev
2025-12-25T18:34:41.2779385Z ##[endgroup]
2025-12-25T18:34:41.2789391Z [command]"C:\Program Files\Git\bin\git.exe" sparse-checkout disable
2025-12-25T18:34:41.3675913Z [command]"C:\Program Files\Git\bin\git.exe" config --local --unset-all extensions.worktreeConfig
2025-12-25T18:34:41.3966657Z ##[group]Checking out the ref
2025-12-25T18:34:41.3977056Z [command]"C:\Program Files\Git\bin\git.exe" checkout --progress --force -B scratch_chat_dev refs/remotes/origin/scratch_chat_dev
2025-12-25T18:34:42.4741896Z Updating files:  75% (1850/2463)
2025-12-25T18:34:42.4866064Z Updating files:  76% (1872/2463)
2025-12-25T18:34:42.5689903Z Updating files:  77% (1897/2463)
2025-12-25T18:34:42.5775774Z Updating files:  78% (1922/2463)
2025-12-25T18:34:42.5877974Z Updating files:  79% (1946/2463)
2025-12-25T18:34:42.5967021Z Updating files:  80% (1971/2463)
2025-12-25T18:34:42.6057930Z Updating files:  81% (1996/2463)
2025-12-25T18:34:42.6148587Z Updating files:  82% (2020/2463)
2025-12-25T18:34:42.6247642Z Updating files:  83% (2045/2463)
2025-12-25T18:34:42.6349033Z Updating files:  84% (2069/2463)
2025-12-25T18:34:42.6445107Z Updating files:  85% (2094/2463)
2025-12-25T18:34:42.6538395Z Updating files:  86% (2119/2463)
2025-12-25T18:34:42.6627436Z Updating files:  87% (2143/2463)
2025-12-25T18:34:42.6764705Z Updating files:  88% (2168/2463)
2025-12-25T18:34:42.6913687Z Updating files:  89% (2193/2463)
2025-12-25T18:34:42.7057575Z Updating files:  90% (2217/2463)
2025-12-25T18:34:42.7197150Z Updating files:  91% (2242/2463)
2025-12-25T18:34:42.7291850Z Updating files:  92% (2266/2463)
2025-12-25T18:34:42.7376650Z Updating files:  93% (2291/2463)
2025-12-25T18:34:42.7446061Z Updating files:  94% (2316/2463)
2025-12-25T18:34:42.7516610Z Updating files:  95% (2340/2463)
2025-12-25T18:34:42.7585535Z Updating files:  96% (2365/2463)
2025-12-25T18:34:42.7729743Z Updating files:  97% (2390/2463)
2025-12-25T18:34:42.7888923Z Updating files:  98% (2414/2463)
2025-12-25T18:34:42.7973813Z Updating files:  99% (2439/2463)
2025-12-25T18:34:42.7974690Z Updating files: 100% (2463/2463)
2025-12-25T18:34:42.7975147Z Updating files: 100% (2463/2463), done.
2025-12-25T18:34:42.8237627Z branch 'scratch_chat_dev' set up to track 'origin/scratch_chat_dev'.
2025-12-25T18:34:42.8250286Z Switched to a new branch 'scratch_chat_dev'
2025-12-25T18:34:42.8360674Z ##[endgroup]
2025-12-25T18:34:42.8949322Z [command]"C:\Program Files\Git\bin\git.exe" log -1 --format=%H
2025-12-25T18:34:42.9286734Z f26b60aecc760d5272d36d182f68367aa02c71e2
2025-12-25T18:34:42.9710739Z ##[group]Run actions/setup-python@v6.1.0
2025-12-25T18:34:42.9711063Z with:
2025-12-25T18:34:42.9711234Z   python-version: 3.11
2025-12-25T18:34:42.9711436Z   check-latest: false
2025-12-25T18:34:42.9711766Z   token: ***
2025-12-25T18:34:42.9711953Z   update-environment: true
2025-12-25T18:34:42.9712162Z   allow-prereleases: false
2025-12-25T18:34:42.9712349Z   freethreaded: false
2025-12-25T18:34:42.9712520Z ##[endgroup]
2025-12-25T18:34:43.1364195Z ##[group]Installed versions
2025-12-25T18:34:43.1665921Z (node:2392) [DEP0040] DeprecationWarning: The `punycode` module is deprecated. Please use a userland alternative instead.
2025-12-25T18:34:43.1667052Z (Use `node --trace-deprecation ...` to show where the warning was created)
2025-12-25T18:34:43.1667682Z Successfully set up CPython (3.11.9)
2025-12-25T18:34:43.1668346Z ##[endgroup]
2025-12-25T18:34:43.1948022Z ##[group]Run cd test
2025-12-25T18:34:43.1948440Z [36;1mcd test[0m
2025-12-25T18:34:43.1948730Z [36;1mpython3 test5.py[0m
2025-12-25T18:34:43.4052838Z shell: C:\Program Files\PowerShell\7\pwsh.EXE -command ". '{0}'"
2025-12-25T18:34:43.4053159Z env:
2025-12-25T18:34:43.4053415Z   pythonLocation: C:\hostedtoolcache\windows\Python\3.11.9\x64
2025-12-25T18:34:43.4053828Z   PKG_CONFIG_PATH: C:\hostedtoolcache\windows\Python\3.11.9\x64/lib/pkgconfig
2025-12-25T18:34:43.4055384Z   Python_ROOT_DIR: C:\hostedtoolcache\windows\Python\3.11.9\x64
2025-12-25T18:34:43.4056258Z   Python2_ROOT_DIR: C:\hostedtoolcache\windows\Python\3.11.9\x64
2025-12-25T18:34:43.4056817Z   Python3_ROOT_DIR: C:\hostedtoolcache\windows\Python\3.11.9\x64
2025-12-25T18:34:43.4057125Z ##[endgroup]
2025-12-25T18:34:51.2582571Z Traceback (most recent call last):
2025-12-25T18:34:51.2591630Z   File "D:\a\scratchattach\scratchattach\test\test5.py", line 8, in <module>
2025-12-25T18:34:51.2749875Z     from key_multivalue_storage import Storage as s
2025-12-25T18:34:51.2895351Z   File "D:\a\scratchattach\scratchattach\key_multivalue_storage.py", line 214
2025-12-25T18:34:51.2926640Z     if ".json" not in file_path:
2025-12-25T18:34:51.2927826Z TabError: inconsistent use of tabs and spaces in indentation
2025-12-25T18:34:51.7166244Z ##[error]Process completed with exit code 1.
2025-12-25T18:34:51.7377980Z Post job cleanup.
2025-12-25T18:34:51.9377935Z [command]"C:\Program Files\Git\bin\git.exe" version
2025-12-25T18:34:51.9653977Z git version 2.52.0.windows.1
2025-12-25T18:34:51.9722319Z Temporarily overriding HOME='D:\a\_temp\3068995f-188d-4d38-9c19-3ace5d82eab2' before making global git config changes
2025-12-25T18:34:51.9723394Z Adding repository directory to the temporary git global config as a safe directory
2025-12-25T18:34:51.9733376Z [command]"C:\Program Files\Git\bin\git.exe" config --global --add safe.directory D:\a\scratchattach\scratchattach
2025-12-25T18:34:52.0027225Z Removing SSH command configuration
2025-12-25T18:34:52.0037549Z [command]"C:\Program Files\Git\bin\git.exe" config --local --name-only --get-regexp core\.sshCommand
2025-12-25T18:34:52.0347732Z [command]"C:\Program Files\Git\bin\git.exe" submodule foreach --recursive "sh -c \"git config --local --name-only --get-regexp 'core\.sshCommand' && git config --local --unset-all 'core.sshCommand' || :\""
2025-12-25T18:34:52.5783605Z Removing HTTP extra header
2025-12-25T18:34:52.5793423Z [command]"C:\Program Files\Git\bin\git.exe" config --local --name-only --get-regexp http\.https\:\/\/github\.com\/\.extraheader
2025-12-25T18:34:52.6105381Z [command]"C:\Program Files\Git\bin\git.exe" submodule foreach --recursive "sh -c \"git config --local --name-only --get-regexp 'http\.https\:\/\/github\.com\/\.extraheader' && git config --local --unset-all 'http.https://github.com/.extraheader' || :\""
2025-12-25T18:34:53.1610901Z Removing includeIf entries pointing to credentials config files
2025-12-25T18:34:53.1627161Z [command]"C:\Program Files\Git\bin\git.exe" config --local --name-only --get-regexp ^includeIf\.gitdir:
2025-12-25T18:34:53.1892304Z includeif.gitdir:D:/a/scratchattach/scratchattach/.git.path
2025-12-25T18:34:53.1893047Z includeif.gitdir:D:/a/scratchattach/scratchattach/.git/worktrees/*.path
2025-12-25T18:34:53.1893649Z includeif.gitdir:/github/workspace/.git.path
2025-12-25T18:34:53.1894033Z includeif.gitdir:/github/workspace/.git/worktrees/*.path
2025-12-25T18:34:53.1936179Z [command]"C:\Program Files\Git\bin\git.exe" config --local --get-all includeif.gitdir:D:/a/scratchattach/scratchattach/.git.path
2025-12-25T18:34:53.2192577Z D:\a\_temp\git-credentials-991c8ed0-d899-4e13-943d-5597359f9fa2.config
2025-12-25T18:34:53.2234964Z [command]"C:\Program Files\Git\bin\git.exe" config --local --unset includeif.gitdir:D:/a/scratchattach/scratchattach/.git.path D:\a\_temp\git-credentials-991c8ed0-d899-4e13-943d-5597359f9fa2.config
2025-12-25T18:34:53.2538387Z [command]"C:\Program Files\Git\bin\git.exe" config --local --get-all includeif.gitdir:D:/a/scratchattach/scratchattach/.git/worktrees/*.path
2025-12-25T18:34:53.2815120Z D:\a\_temp\git-credentials-991c8ed0-d899-4e13-943d-5597359f9fa2.config
2025-12-25T18:34:53.2856614Z [command]"C:\Program Files\Git\bin\git.exe" config --local --unset includeif.gitdir:D:/a/scratchattach/scratchattach/.git/worktrees/*.path D:\a\_temp\git-credentials-991c8ed0-d899-4e13-943d-5597359f9fa2.config
2025-12-25T18:34:53.3148755Z [command]"C:\Program Files\Git\bin\git.exe" config --local --get-all includeif.gitdir:/github/workspace/.git.path
2025-12-25T18:34:53.3413448Z /github/runner_temp/git-credentials-991c8ed0-d899-4e13-943d-5597359f9fa2.config
2025-12-25T18:34:53.3450412Z [command]"C:\Program Files\Git\bin\git.exe" config --local --unset includeif.gitdir:/github/workspace/.git.path /github/runner_temp/git-credentials-991c8ed0-d899-4e13-943d-5597359f9fa2.config
2025-12-25T18:34:53.3749933Z [command]"C:\Program Files\Git\bin\git.exe" config --local --get-all includeif.gitdir:/github/workspace/.git/worktrees/*.path
2025-12-25T18:34:53.4012850Z /github/runner_temp/git-credentials-991c8ed0-d899-4e13-943d-5597359f9fa2.config
2025-12-25T18:34:53.4052404Z [command]"C:\Program Files\Git\bin\git.exe" config --local --unset includeif.gitdir:/github/workspace/.git/worktrees/*.path /github/runner_temp/git-credentials-991c8ed0-d899-4e13-943d-5597359f9fa2.config
2025-12-25T18:34:53.4361345Z [command]"C:\Program Files\Git\bin\git.exe" submodule foreach --recursive "git config --local --show-origin --name-only --get-regexp remote.origin.url"
2025-12-25T18:34:53.9529569Z Removing credentials config 'D:\a\_temp\git-credentials-991c8ed0-d899-4e13-943d-5597359f9fa2.config'
2025-12-25T18:34:53.9699712Z Cleaning up orphan processes
