2026-02-05T04:16:04.4111093Z Current runner version: '2.331.0'
2026-02-05T04:16:04.4135853Z ##[group]Runner Image Provisioner
2026-02-05T04:16:04.4137116Z Hosted Compute Agent
2026-02-05T04:16:04.4137705Z Version: 20260123.484
2026-02-05T04:16:04.4138324Z Commit: 6bd6555ca37d84114959e1c76d2c01448ff61c5d
2026-02-05T04:16:04.4139029Z Build Date: 2026-01-23T19:41:17Z
2026-02-05T04:16:04.4139701Z Worker ID: {3fa07f70-d958-4951-a298-066e36402ac7}
2026-02-05T04:16:04.4140412Z Azure Region: northcentralus
2026-02-05T04:16:04.4140993Z ##[endgroup]
2026-02-05T04:16:04.4142927Z ##[group]Operating System
2026-02-05T04:16:04.4143500Z Ubuntu
2026-02-05T04:16:04.4144140Z 24.04.3
2026-02-05T04:16:04.4144615Z LTS
2026-02-05T04:16:04.4145074Z ##[endgroup]
2026-02-05T04:16:04.4145761Z ##[group]Runner Image
2026-02-05T04:16:04.4146325Z Image: ubuntu-24.04
2026-02-05T04:16:04.4147221Z Version: 20260126.10.1
2026-02-05T04:16:04.4148528Z Included Software: https://github.com/actions/runner-images/blob/ubuntu24/20260126.10/images/ubuntu/Ubuntu2404-Readme.md
2026-02-05T04:16:04.4150034Z Image Release: https://github.com/actions/runner-images/releases/tag/ubuntu24%2F20260126.10
2026-02-05T04:16:04.4151001Z ##[endgroup]
2026-02-05T04:16:04.4152000Z ##[group]GITHUB_TOKEN Permissions
2026-02-05T04:16:04.4154334Z Contents: write
2026-02-05T04:16:04.4154897Z Metadata: read
2026-02-05T04:16:04.4155407Z ##[endgroup]
2026-02-05T04:16:04.4158060Z Secret source: Actions
2026-02-05T04:16:04.4159120Z Prepare workflow directory
2026-02-05T04:16:04.4492115Z Prepare all required actions
2026-02-05T04:16:04.4532267Z Getting action download info
2026-02-05T04:16:04.7880356Z Download action repository 'actions/checkout@v6.0.2' (SHA:de0fac2e4500dabe0009e67214ff5f5447ce83dd)
2026-02-05T04:16:04.8900422Z Download action repository 'actions/setup-python@v6.2.0' (SHA:a309ff8b426b58ec0e2a45f0f869d46889d02405)
2026-02-05T04:16:05.4206937Z Complete job name: Run Prioritzing Handler
2026-02-05T04:16:05.4910046Z ##[group]Run actions/checkout@v6.0.2
2026-02-05T04:16:05.4910939Z with:
2026-02-05T04:16:05.4911328Z   ref: main
2026-02-05T04:16:05.4911728Z   repository: Boss-1s/scratchattach
2026-02-05T04:16:05.4912416Z   token: ***
2026-02-05T04:16:05.4912792Z   ssh-strict: true
2026-02-05T04:16:05.4913186Z   ssh-user: git
2026-02-05T04:16:05.4913584Z   persist-credentials: true
2026-02-05T04:16:05.4914020Z   clean: true
2026-02-05T04:16:05.4914416Z   sparse-checkout-cone-mode: true
2026-02-05T04:16:05.4914893Z   fetch-depth: 1
2026-02-05T04:16:05.4915279Z   fetch-tags: false
2026-02-05T04:16:05.4915673Z   show-progress: true
2026-02-05T04:16:05.4916075Z   lfs: false
2026-02-05T04:16:05.4916451Z   submodules: false
2026-02-05T04:16:05.4917038Z   set-safe-directory: true
2026-02-05T04:16:05.4917722Z ##[endgroup]
2026-02-05T04:16:05.5896771Z Syncing repository: Boss-1s/scratchattach
2026-02-05T04:16:05.5899091Z ##[group]Getting Git version info
2026-02-05T04:16:05.5900028Z Working directory is '/home/runner/work/scratchattach/scratchattach'
2026-02-05T04:16:05.5901038Z [command]/usr/bin/git version
2026-02-05T04:16:05.5964261Z git version 2.52.0
2026-02-05T04:16:05.5988880Z ##[endgroup]
2026-02-05T04:16:05.6004166Z Temporarily overriding HOME='/home/runner/work/_temp/7934f9ea-acee-42a0-8eed-e2120ceb5134' before making global git config changes
2026-02-05T04:16:05.6006068Z Adding repository directory to the temporary git global config as a safe directory
2026-02-05T04:16:05.6009580Z [command]/usr/bin/git config --global --add safe.directory /home/runner/work/scratchattach/scratchattach
2026-02-05T04:16:05.6054156Z Deleting the contents of '/home/runner/work/scratchattach/scratchattach'
2026-02-05T04:16:05.6057807Z ##[group]Initializing the repository
2026-02-05T04:16:05.6062476Z [command]/usr/bin/git init /home/runner/work/scratchattach/scratchattach
2026-02-05T04:16:05.6192797Z hint: Using 'master' as the name for the initial branch. This default branch name
2026-02-05T04:16:05.6194750Z hint: will change to "main" in Git 3.0. To configure the initial branch name
2026-02-05T04:16:05.6196395Z hint: to use in all of your new repositories, which will suppress this warning,
2026-02-05T04:16:05.6198663Z hint: call:
2026-02-05T04:16:05.6199076Z hint:
2026-02-05T04:16:05.6199575Z hint: 	git config --global init.defaultBranch <name>
2026-02-05T04:16:05.6200188Z hint:
2026-02-05T04:16:05.6200748Z hint: Names commonly chosen instead of 'master' are 'main', 'trunk' and
2026-02-05T04:16:05.6202039Z hint: 'development'. The just-created branch can be renamed via this command:
2026-02-05T04:16:05.6203152Z hint:
2026-02-05T04:16:05.6203722Z hint: 	git branch -m <name>
2026-02-05T04:16:05.6204442Z hint:
2026-02-05T04:16:05.6205110Z hint: Disable this message with "git config set advice.defaultBranchName false"
2026-02-05T04:16:05.6206170Z Initialized empty Git repository in /home/runner/work/scratchattach/scratchattach/.git/
2026-02-05T04:16:05.6210616Z [command]/usr/bin/git remote add origin https://github.com/Boss-1s/scratchattach
2026-02-05T04:16:05.6250413Z ##[endgroup]
2026-02-05T04:16:05.6251179Z ##[group]Disabling automatic garbage collection
2026-02-05T04:16:05.6254738Z [command]/usr/bin/git config --local gc.auto 0
2026-02-05T04:16:05.6286126Z ##[endgroup]
2026-02-05T04:16:05.6287570Z ##[group]Setting up auth
2026-02-05T04:16:05.6288479Z Removing SSH command configuration
2026-02-05T04:16:05.6294704Z [command]/usr/bin/git config --local --name-only --get-regexp core\.sshCommand
2026-02-05T04:16:05.6329008Z [command]/usr/bin/git submodule foreach --recursive sh -c "git config --local --name-only --get-regexp 'core\.sshCommand' && git config --local --unset-all 'core.sshCommand' || :"
2026-02-05T04:16:05.6681463Z Removing HTTP extra header
2026-02-05T04:16:05.6687907Z [command]/usr/bin/git config --local --name-only --get-regexp http\.https\:\/\/github\.com\/\.extraheader
2026-02-05T04:16:05.6719748Z [command]/usr/bin/git submodule foreach --recursive sh -c "git config --local --name-only --get-regexp 'http\.https\:\/\/github\.com\/\.extraheader' && git config --local --unset-all 'http.https://github.com/.extraheader' || :"
2026-02-05T04:16:05.6944790Z Removing includeIf entries pointing to credentials config files
2026-02-05T04:16:05.6950952Z [command]/usr/bin/git config --local --name-only --get-regexp ^includeIf\.gitdir:
2026-02-05T04:16:05.6982802Z [command]/usr/bin/git submodule foreach --recursive git config --local --show-origin --name-only --get-regexp remote.origin.url
2026-02-05T04:16:05.7212175Z [command]/usr/bin/git config --file /home/runner/work/_temp/git-credentials-064879ca-7435-4b9f-8345-80a1d16495d1.config http.https://github.com/.extraheader AUTHORIZATION: basic ***
2026-02-05T04:16:05.7250480Z [command]/usr/bin/git config --local includeIf.gitdir:/home/runner/work/scratchattach/scratchattach/.git.path /home/runner/work/_temp/git-credentials-064879ca-7435-4b9f-8345-80a1d16495d1.config
2026-02-05T04:16:05.7282570Z [command]/usr/bin/git config --local includeIf.gitdir:/home/runner/work/scratchattach/scratchattach/.git/worktrees/*.path /home/runner/work/_temp/git-credentials-064879ca-7435-4b9f-8345-80a1d16495d1.config
2026-02-05T04:16:05.7313397Z [command]/usr/bin/git config --local includeIf.gitdir:/github/workspace/.git.path /github/runner_temp/git-credentials-064879ca-7435-4b9f-8345-80a1d16495d1.config
2026-02-05T04:16:05.7345215Z [command]/usr/bin/git config --local includeIf.gitdir:/github/workspace/.git/worktrees/*.path /github/runner_temp/git-credentials-064879ca-7435-4b9f-8345-80a1d16495d1.config
2026-02-05T04:16:05.7372184Z ##[endgroup]
2026-02-05T04:16:05.7372882Z ##[group]Fetching the repository
2026-02-05T04:16:05.7382060Z [command]/usr/bin/git -c protocol.version=2 fetch --no-tags --prune --no-recurse-submodules --depth=1 origin +refs/heads/main*:refs/remotes/origin/main* +refs/tags/main*:refs/tags/main*
2026-02-05T04:16:36.8751240Z From https://github.com/Boss-1s/scratchattach
2026-02-05T04:16:36.8752095Z  * [new branch]      main       -> origin/main
2026-02-05T04:16:36.8784657Z ##[endgroup]
2026-02-05T04:16:36.8785736Z ##[group]Determining the checkout info
2026-02-05T04:16:36.8791877Z [command]/usr/bin/git branch --list --remote origin/main
2026-02-05T04:16:36.8824561Z   origin/main
2026-02-05T04:16:36.8829771Z ##[endgroup]
2026-02-05T04:16:36.8834580Z [command]/usr/bin/git sparse-checkout disable
2026-02-05T04:16:36.8883403Z [command]/usr/bin/git config --local --unset-all extensions.worktreeConfig
2026-02-05T04:16:36.8915343Z ##[group]Checking out the ref
2026-02-05T04:16:36.8918865Z [command]/usr/bin/git checkout --progress --force -B main refs/remotes/origin/main
2026-02-05T04:16:38.3049964Z Updating files:  76% (2610/3432)
2026-02-05T04:16:38.6053883Z Updating files:  77% (2643/3432)
2026-02-05T04:16:38.6099519Z Updating files:  78% (2677/3432)
2026-02-05T04:16:38.7412819Z Updating files:  79% (2712/3432)
2026-02-05T04:16:38.8160647Z Updating files:  80% (2746/3432)
2026-02-05T04:16:38.9162737Z Updating files:  81% (2780/3432)
2026-02-05T04:16:39.0463922Z Updating files:  81% (2807/3432)
2026-02-05T04:16:39.6145348Z Updating files:  82% (2815/3432)
2026-02-05T04:16:39.8407472Z Updating files:  83% (2849/3432)
2026-02-05T04:16:39.9012098Z Updating files:  84% (2883/3432)
2026-02-05T04:16:40.2307360Z Updating files:  84% (2885/3432)
2026-02-05T04:16:40.4000870Z Updating files:  85% (2918/3432)
2026-02-05T04:16:40.7271019Z Updating files:  86% (2952/3432)
2026-02-05T04:16:40.9230521Z Updating files:  87% (2986/3432)
2026-02-05T04:16:41.4791950Z Updating files:  87% (2993/3432)
2026-02-05T04:16:41.9396940Z Updating files:  88% (3021/3432)
2026-02-05T04:16:42.2103292Z Updating files:  88% (3038/3432)
2026-02-05T04:16:42.7866507Z Updating files:  89% (3055/3432)
2026-02-05T04:16:42.9124803Z Updating files:  90% (3089/3432)
2026-02-05T04:16:43.4878827Z Updating files:  90% (3095/3432)
2026-02-05T04:16:43.8999572Z Updating files:  91% (3124/3432)
2026-02-05T04:16:44.0857016Z Updating files:  91% (3146/3432)
2026-02-05T04:16:44.4783192Z Updating files:  92% (3158/3432)
2026-02-05T04:16:44.4965806Z Updating files:  93% (3192/3432)
2026-02-05T04:16:44.5180883Z Updating files:  94% (3227/3432)
2026-02-05T04:16:44.5368315Z Updating files:  95% (3261/3432)
2026-02-05T04:16:44.5461476Z Updating files:  96% (3295/3432)
2026-02-05T04:16:44.8657866Z Updating files:  97% (3330/3432)
2026-02-05T04:16:44.9391996Z Updating files:  98% (3364/3432)
2026-02-05T04:16:45.4150016Z Updating files:  98% (3368/3432)
2026-02-05T04:16:45.7259495Z Updating files:  99% (3398/3432)
2026-02-05T04:16:45.7260125Z Updating files: 100% (3432/3432)
2026-02-05T04:16:45.7260502Z Updating files: 100% (3432/3432), done.
2026-02-05T04:16:45.8072109Z Switched to a new branch 'main'
2026-02-05T04:16:45.8074462Z branch 'main' set up to track 'origin/main'.
2026-02-05T04:16:45.8269564Z ##[endgroup]
2026-02-05T04:16:45.8311651Z [command]/usr/bin/git log -1 --format=%H
2026-02-05T04:16:45.8337732Z e69daeb67d3031f8d0cf84e641d508648020c5e6
2026-02-05T04:16:45.8574999Z ##[group]Run actions/setup-python@v6.2.0
2026-02-05T04:16:45.8575314Z with:
2026-02-05T04:16:45.8575513Z   python-version: 3.13
2026-02-05T04:16:45.8575789Z   check-latest: false
2026-02-05T04:16:45.8576185Z   token: ***
2026-02-05T04:16:45.8576382Z   update-environment: true
2026-02-05T04:16:45.8576807Z   allow-prereleases: false
2026-02-05T04:16:45.8577032Z   freethreaded: false
2026-02-05T04:16:45.8577232Z ##[endgroup]
2026-02-05T04:16:45.9877667Z ##[group]Installed versions
2026-02-05T04:16:46.0267277Z Successfully set up CPython (3.13.11)
2026-02-05T04:16:46.0268164Z ##[endgroup]
2026-02-05T04:16:46.0383384Z ##[group]Run pip install -r requirements.txt
2026-02-05T04:16:46.0383805Z [36;1mpip install -r requirements.txt[0m
2026-02-05T04:16:46.0577887Z shell: /usr/bin/bash -e {0}
2026-02-05T04:16:46.0578180Z env:
2026-02-05T04:16:46.0578481Z   pythonLocation: /opt/hostedtoolcache/Python/3.13.11/x64
2026-02-05T04:16:46.0578968Z   PKG_CONFIG_PATH: /opt/hostedtoolcache/Python/3.13.11/x64/lib/pkgconfig
2026-02-05T04:16:46.0579432Z   Python_ROOT_DIR: /opt/hostedtoolcache/Python/3.13.11/x64
2026-02-05T04:16:46.0579858Z   Python2_ROOT_DIR: /opt/hostedtoolcache/Python/3.13.11/x64
2026-02-05T04:16:46.0580526Z   Python3_ROOT_DIR: /opt/hostedtoolcache/Python/3.13.11/x64
2026-02-05T04:16:46.0580950Z   LD_LIBRARY_PATH: /opt/hostedtoolcache/Python/3.13.11/x64/lib
2026-02-05T04:16:46.0581314Z ##[endgroup]
2026-02-05T04:16:48.6845527Z Collecting scratchattach>=2.1.15b0 (from -r requirements.txt (line 1))
2026-02-05T04:16:48.7888395Z   Downloading scratchattach-3.0.0b2-py3-none-any.whl.metadata (5.6 kB)
2026-02-05T04:16:48.8127860Z Collecting websocket-client (from scratchattach>=2.1.15b0->-r requirements.txt (line 1))
2026-02-05T04:16:48.8323093Z   Downloading websocket_client-1.9.0-py3-none-any.whl.metadata (8.3 kB)
2026-02-05T04:16:48.8641813Z Collecting requests (from scratchattach>=2.1.15b0->-r requirements.txt (line 1))
2026-02-05T04:16:48.8837385Z   Downloading requests-2.32.5-py3-none-any.whl.metadata (4.9 kB)
2026-02-05T04:16:48.8963151Z Collecting bs4 (from scratchattach>=2.1.15b0->-r requirements.txt (line 1))
2026-02-05T04:16:48.9156490Z   Downloading bs4-0.0.2-py2.py3-none-any.whl.metadata (411 bytes)
2026-02-05T04:16:48.9269965Z Collecting SimpleWebSocketServer (from scratchattach>=2.1.15b0->-r requirements.txt (line 1))
2026-02-05T04:16:48.9465753Z   Downloading SimpleWebSocketServer-0.1.2.tar.gz (10 kB)
2026-02-05T04:16:48.9571161Z   Installing build dependencies: started
2026-02-05T04:16:50.0253006Z   Installing build dependencies: finished with status 'done'
2026-02-05T04:16:50.0260719Z   Getting requirements to build wheel: started
2026-02-05T04:16:50.4606509Z   Getting requirements to build wheel: finished with status 'done'
2026-02-05T04:16:50.4616327Z   Preparing metadata (pyproject.toml): started
2026-02-05T04:16:50.6654008Z   Preparing metadata (pyproject.toml): finished with status 'done'
2026-02-05T04:16:50.6835679Z Collecting typing-extensions (from scratchattach>=2.1.15b0->-r requirements.txt (line 1))
2026-02-05T04:16:50.7029186Z   Downloading typing_extensions-4.15.0-py3-none-any.whl.metadata (3.3 kB)
2026-02-05T04:16:50.7201494Z Collecting browser_cookie3 (from scratchattach>=2.1.15b0->-r requirements.txt (line 1))
2026-02-05T04:16:50.7405382Z   Downloading browser_cookie3-0.20.1-py3-none-any.whl.metadata (713 bytes)
2026-02-05T04:16:51.2598030Z Collecting aiohttp (from scratchattach>=2.1.15b0->-r requirements.txt (line 1))
2026-02-05T04:16:51.2797426Z   Downloading aiohttp-3.13.3-cp313-cp313-manylinux2014_x86_64.manylinux_2_17_x86_64.manylinux_2_28_x86_64.whl.metadata (8.1 kB)
2026-02-05T04:16:51.3259705Z Collecting rich (from scratchattach>=2.1.15b0->-r requirements.txt (line 1))
2026-02-05T04:16:51.3453897Z   Downloading rich-14.3.2-py3-none-any.whl.metadata (18 kB)
2026-02-05T04:16:51.3671253Z Collecting aiohappyeyeballs>=2.5.0 (from aiohttp->scratchattach>=2.1.15b0->-r requirements.txt (line 1))
2026-02-05T04:16:51.3862515Z   Downloading aiohappyeyeballs-2.6.1-py3-none-any.whl.metadata (5.9 kB)
2026-02-05T04:16:51.3986388Z Collecting aiosignal>=1.4.0 (from aiohttp->scratchattach>=2.1.15b0->-r requirements.txt (line 1))
2026-02-05T04:16:51.4177565Z   Downloading aiosignal-1.4.0-py3-none-any.whl.metadata (3.7 kB)
2026-02-05T04:16:51.4358770Z Collecting attrs>=17.3.0 (from aiohttp->scratchattach>=2.1.15b0->-r requirements.txt (line 1))
2026-02-05T04:16:51.4551125Z   Downloading attrs-25.4.0-py3-none-any.whl.metadata (10 kB)
2026-02-05T04:16:51.5314673Z Collecting frozenlist>=1.1.1 (from aiohttp->scratchattach>=2.1.15b0->-r requirements.txt (line 1))
2026-02-05T04:16:51.5509197Z   Downloading frozenlist-1.8.0-cp313-cp313-manylinux1_x86_64.manylinux_2_28_x86_64.manylinux_2_5_x86_64.whl.metadata (20 kB)
2026-02-05T04:16:51.8016204Z Collecting multidict<7.0,>=4.5 (from aiohttp->scratchattach>=2.1.15b0->-r requirements.txt (line 1))
2026-02-05T04:16:51.8218350Z   Downloading multidict-6.7.1-cp313-cp313-manylinux2014_x86_64.manylinux_2_17_x86_64.manylinux_2_28_x86_64.whl.metadata (5.3 kB)
2026-02-05T04:16:51.8828758Z Collecting propcache>=0.2.0 (from aiohttp->scratchattach>=2.1.15b0->-r requirements.txt (line 1))
2026-02-05T04:16:51.9028289Z   Downloading propcache-0.4.1-cp313-cp313-manylinux2014_x86_64.manylinux_2_17_x86_64.manylinux_2_28_x86_64.whl.metadata (13 kB)
2026-02-05T04:16:52.1712793Z Collecting yarl<2.0,>=1.17.0 (from aiohttp->scratchattach>=2.1.15b0->-r requirements.txt (line 1))
2026-02-05T04:16:52.1911357Z   Downloading yarl-1.22.0-cp313-cp313-manylinux2014_x86_64.manylinux_2_17_x86_64.manylinux_2_28_x86_64.whl.metadata (75 kB)
2026-02-05T04:16:52.2331087Z Collecting idna>=2.0 (from yarl<2.0,>=1.17.0->aiohttp->scratchattach>=2.1.15b0->-r requirements.txt (line 1))
2026-02-05T04:16:52.2523326Z   Downloading idna-3.11-py3-none-any.whl.metadata (8.4 kB)
2026-02-05T04:16:52.3370645Z Collecting lz4 (from browser_cookie3->scratchattach>=2.1.15b0->-r requirements.txt (line 1))
2026-02-05T04:16:52.3570635Z   Downloading lz4-4.4.5-cp313-cp313-manylinux2014_x86_64.manylinux_2_17_x86_64.manylinux_2_28_x86_64.whl.metadata (3.8 kB)
2026-02-05T04:16:52.4851143Z Collecting pycryptodomex (from browser_cookie3->scratchattach>=2.1.15b0->-r requirements.txt (line 1))
2026-02-05T04:16:52.5045353Z   Downloading pycryptodomex-3.23.0-cp37-abi3-manylinux_2_17_x86_64.manylinux2014_x86_64.whl.metadata (3.4 kB)
2026-02-05T04:16:52.5170567Z Collecting jeepney (from browser_cookie3->scratchattach>=2.1.15b0->-r requirements.txt (line 1))
2026-02-05T04:16:52.5364046Z   Downloading jeepney-0.9.0-py3-none-any.whl.metadata (1.2 kB)
2026-02-05T04:16:52.5561288Z Collecting beautifulsoup4 (from bs4->scratchattach>=2.1.15b0->-r requirements.txt (line 1))
2026-02-05T04:16:52.5756106Z   Downloading beautifulsoup4-4.14.3-py3-none-any.whl.metadata (3.8 kB)
2026-02-05T04:16:52.5968649Z Collecting soupsieve>=1.6.1 (from beautifulsoup4->bs4->scratchattach>=2.1.15b0->-r requirements.txt (line 1))
2026-02-05T04:16:52.6161231Z   Downloading soupsieve-2.8.3-py3-none-any.whl.metadata (4.6 kB)
2026-02-05T04:16:52.7118604Z Collecting charset_normalizer<4,>=2 (from requests->scratchattach>=2.1.15b0->-r requirements.txt (line 1))
2026-02-05T04:16:52.7315344Z   Downloading charset_normalizer-3.4.4-cp313-cp313-manylinux2014_x86_64.manylinux_2_17_x86_64.manylinux_2_28_x86_64.whl.metadata (37 kB)
2026-02-05T04:16:52.7688493Z Collecting urllib3<3,>=1.21.1 (from requests->scratchattach>=2.1.15b0->-r requirements.txt (line 1))
2026-02-05T04:16:52.7880758Z   Downloading urllib3-2.6.3-py3-none-any.whl.metadata (6.9 kB)
2026-02-05T04:16:52.8109635Z Collecting certifi>=2017.4.17 (from requests->scratchattach>=2.1.15b0->-r requirements.txt (line 1))
2026-02-05T04:16:52.8300771Z   Downloading certifi-2026.1.4-py3-none-any.whl.metadata (2.5 kB)
2026-02-05T04:16:52.8528483Z Collecting markdown-it-py>=2.2.0 (from rich->scratchattach>=2.1.15b0->-r requirements.txt (line 1))
2026-02-05T04:16:52.8719078Z   Downloading markdown_it_py-4.0.0-py3-none-any.whl.metadata (7.3 kB)
2026-02-05T04:16:52.8958720Z Collecting pygments<3.0.0,>=2.13.0 (from rich->scratchattach>=2.1.15b0->-r requirements.txt (line 1))
2026-02-05T04:16:52.9150015Z   Downloading pygments-2.19.2-py3-none-any.whl.metadata (2.5 kB)
2026-02-05T04:16:52.9279607Z Collecting mdurl~=0.1 (from markdown-it-py>=2.2.0->rich->scratchattach>=2.1.15b0->-r requirements.txt (line 1))
2026-02-05T04:16:52.9468267Z   Downloading mdurl-0.1.2-py3-none-any.whl.metadata (1.6 kB)
2026-02-05T04:16:52.9898726Z Downloading scratchattach-3.0.0b2-py3-none-any.whl (171 kB)
2026-02-05T04:16:53.0304823Z Downloading aiohttp-3.13.3-cp313-cp313-manylinux2014_x86_64.manylinux_2_17_x86_64.manylinux_2_28_x86_64.whl (1.7 MB)
2026-02-05T04:16:53.0792932Z    ━━━━━━━━━━━━━━━━━━━━━━━━━━━━━━━━━━━━━━━━ 1.7/1.7 MB 36.9 MB/s  0:00:00
2026-02-05T04:16:53.0989222Z Downloading multidict-6.7.1-cp313-cp313-manylinux2014_x86_64.manylinux_2_17_x86_64.manylinux_2_28_x86_64.whl (254 kB)
2026-02-05T04:16:53.1213146Z Downloading yarl-1.22.0-cp313-cp313-manylinux2014_x86_64.manylinux_2_17_x86_64.manylinux_2_28_x86_64.whl (377 kB)
2026-02-05T04:16:53.1444192Z Downloading aiohappyeyeballs-2.6.1-py3-none-any.whl (15 kB)
2026-02-05T04:16:53.1660410Z Downloading aiosignal-1.4.0-py3-none-any.whl (7.5 kB)
2026-02-05T04:16:53.1872962Z Downloading attrs-25.4.0-py3-none-any.whl (67 kB)
2026-02-05T04:16:53.2094639Z Downloading frozenlist-1.8.0-cp313-cp313-manylinux1_x86_64.manylinux_2_28_x86_64.manylinux_2_5_x86_64.whl (234 kB)
2026-02-05T04:16:53.2319729Z Downloading idna-3.11-py3-none-any.whl (71 kB)
2026-02-05T04:16:53.2539512Z Downloading propcache-0.4.1-cp313-cp313-manylinux2014_x86_64.manylinux_2_17_x86_64.manylinux_2_28_x86_64.whl (204 kB)
2026-02-05T04:16:53.2760668Z Downloading browser_cookie3-0.20.1-py3-none-any.whl (17 kB)
2026-02-05T04:16:53.2976376Z Downloading bs4-0.0.2-py2.py3-none-any.whl (1.2 kB)
2026-02-05T04:16:53.3189886Z Downloading beautifulsoup4-4.14.3-py3-none-any.whl (107 kB)
2026-02-05T04:16:53.3408661Z Downloading soupsieve-2.8.3-py3-none-any.whl (37 kB)
2026-02-05T04:16:53.3627471Z Downloading typing_extensions-4.15.0-py3-none-any.whl (44 kB)
2026-02-05T04:16:53.3843669Z Downloading jeepney-0.9.0-py3-none-any.whl (49 kB)
2026-02-05T04:16:53.4062225Z Downloading lz4-4.4.5-cp313-cp313-manylinux2014_x86_64.manylinux_2_17_x86_64.manylinux_2_28_x86_64.whl (1.4 MB)
2026-02-05T04:16:53.4166255Z    ━━━━━━━━━━━━━━━━━━━━━━━━━━━━━━━━━━━━━━━━ 1.4/1.4 MB 142.1 MB/s  0:00:00
2026-02-05T04:16:53.4362978Z Downloading pycryptodomex-3.23.0-cp37-abi3-manylinux_2_17_x86_64.manylinux2014_x86_64.whl (2.3 MB)
2026-02-05T04:16:53.4497000Z    ━━━━━━━━━━━━━━━━━━━━━━━━━━━━━━━━━━━━━━━━ 2.3/2.3 MB 185.7 MB/s  0:00:00
2026-02-05T04:16:53.4689325Z Downloading requests-2.32.5-py3-none-any.whl (64 kB)
2026-02-05T04:16:53.4907595Z Downloading charset_normalizer-3.4.4-cp313-cp313-manylinux2014_x86_64.manylinux_2_17_x86_64.manylinux_2_28_x86_64.whl (153 kB)
2026-02-05T04:16:53.5132671Z Downloading urllib3-2.6.3-py3-none-any.whl (131 kB)
2026-02-05T04:16:53.5352700Z Downloading certifi-2026.1.4-py3-none-any.whl (152 kB)
2026-02-05T04:16:53.5579807Z Downloading rich-14.3.2-py3-none-any.whl (309 kB)
2026-02-05T04:16:53.5812884Z Downloading pygments-2.19.2-py3-none-any.whl (1.2 MB)
2026-02-05T04:16:53.5905354Z    ━━━━━━━━━━━━━━━━━━━━━━━━━━━━━━━━━━━━━━━━ 1.2/1.2 MB 148.4 MB/s  0:00:00
2026-02-05T04:16:53.6104105Z Downloading markdown_it_py-4.0.0-py3-none-any.whl (87 kB)
2026-02-05T04:16:53.6323540Z Downloading mdurl-0.1.2-py3-none-any.whl (10.0 kB)
2026-02-05T04:16:53.6541695Z Downloading websocket_client-1.9.0-py3-none-any.whl (82 kB)
2026-02-05T04:16:53.6889030Z Building wheels for collected packages: SimpleWebSocketServer
2026-02-05T04:16:53.6898194Z   Building wheel for SimpleWebSocketServer (pyproject.toml): started
2026-02-05T04:16:53.9114288Z   Building wheel for SimpleWebSocketServer (pyproject.toml): finished with status 'done'
2026-02-05T04:16:53.9120019Z   Created wheel for SimpleWebSocketServer: filename=simplewebsocketserver-0.1.2-py3-none-any.whl size=9716 sha256=c00fc071284db485c8acb2686ac493f7ab955378d34534f8c1ab0e3992bf5c4c
2026-02-05T04:16:53.9121656Z   Stored in directory: /home/runner/.cache/pip/wheels/c4/5b/e8/4f2c15a82edc4923058056f6681373168be02a0c00389a6dcf
2026-02-05T04:16:53.9140752Z Successfully built SimpleWebSocketServer
2026-02-05T04:16:53.9616818Z Installing collected packages: SimpleWebSocketServer, websocket-client, urllib3, typing-extensions, soupsieve, pygments, pycryptodomex, propcache, multidict, mdurl, lz4, jeepney, idna, frozenlist, charset_normalizer, certifi, attrs, aiohappyeyeballs, yarl, requests, markdown-it-py, browser_cookie3, beautifulsoup4, aiosignal, rich, bs4, aiohttp, scratchattach
2026-02-05T04:16:56.5196038Z 
2026-02-05T04:16:56.5234456Z Successfully installed SimpleWebSocketServer-0.1.2 aiohappyeyeballs-2.6.1 aiohttp-3.13.3 aiosignal-1.4.0 attrs-25.4.0 beautifulsoup4-4.14.3 browser_cookie3-0.20.1 bs4-0.0.2 certifi-2026.1.4 charset_normalizer-3.4.4 frozenlist-1.8.0 idna-3.11 jeepney-0.9.0 lz4-4.4.5 markdown-it-py-4.0.0 mdurl-0.1.2 multidict-6.7.1 propcache-0.4.1 pycryptodomex-3.23.0 pygments-2.19.2 requests-2.32.5 rich-14.3.2 scratchattach-3.0.0b2 soupsieve-2.8.3 typing-extensions-4.15.0 urllib3-2.6.3 websocket-client-1.9.0 yarl-1.22.0
2026-02-05T04:16:56.6350173Z 
2026-02-05T04:16:56.6350900Z [notice] A new release of pip is available: 25.3 -> 26.0.1
2026-02-05T04:16:56.6351870Z [notice] To update, run: pip install --upgrade pip
2026-02-05T04:16:56.9697536Z ##[group]Run actions/checkout@v6.0.2
2026-02-05T04:16:56.9697822Z with:
2026-02-05T04:16:56.9697996Z   ref: main
2026-02-05T04:16:56.9698180Z   repository: Boss-1s/scratchattach
2026-02-05T04:16:56.9698556Z   token: ***
2026-02-05T04:16:56.9698739Z   ssh-strict: true
2026-02-05T04:16:56.9698921Z   ssh-user: git
2026-02-05T04:16:56.9699119Z   persist-credentials: true
2026-02-05T04:16:56.9699340Z   clean: true
2026-02-05T04:16:56.9699535Z   sparse-checkout-cone-mode: true
2026-02-05T04:16:56.9699771Z   fetch-depth: 1
2026-02-05T04:16:56.9699950Z   fetch-tags: false
2026-02-05T04:16:56.9700142Z   show-progress: true
2026-02-05T04:16:56.9700331Z   lfs: false
2026-02-05T04:16:56.9700498Z   submodules: false
2026-02-05T04:16:56.9700690Z   set-safe-directory: true
2026-02-05T04:16:56.9700889Z env:
2026-02-05T04:16:56.9701136Z   pythonLocation: /opt/hostedtoolcache/Python/3.13.11/x64
2026-02-05T04:16:56.9701554Z   PKG_CONFIG_PATH: /opt/hostedtoolcache/Python/3.13.11/x64/lib/pkgconfig
2026-02-05T04:16:56.9702040Z   Python_ROOT_DIR: /opt/hostedtoolcache/Python/3.13.11/x64
2026-02-05T04:16:56.9702410Z   Python2_ROOT_DIR: /opt/hostedtoolcache/Python/3.13.11/x64
2026-02-05T04:16:56.9702770Z   Python3_ROOT_DIR: /opt/hostedtoolcache/Python/3.13.11/x64
2026-02-05T04:16:56.9703134Z   LD_LIBRARY_PATH: /opt/hostedtoolcache/Python/3.13.11/x64/lib
2026-02-05T04:16:56.9703439Z ##[endgroup]
2026-02-05T04:16:57.0528286Z Syncing repository: Boss-1s/scratchattach
2026-02-05T04:16:57.0528927Z ##[group]Getting Git version info
2026-02-05T04:16:57.0529383Z Working directory is '/home/runner/work/scratchattach/scratchattach'
2026-02-05T04:16:57.0562291Z [command]/usr/bin/git version
2026-02-05T04:16:57.0601499Z git version 2.52.0
2026-02-05T04:16:57.0625830Z ##[endgroup]
2026-02-05T04:16:57.0641932Z Temporarily overriding HOME='/home/runner/work/_temp/f858f264-f87d-478e-bb25-aedd8f80db2b' before making global git config changes
2026-02-05T04:16:57.0643096Z Adding repository directory to the temporary git global config as a safe directory
2026-02-05T04:16:57.0648129Z [command]/usr/bin/git config --global --add safe.directory /home/runner/work/scratchattach/scratchattach
2026-02-05T04:16:57.0692301Z [command]/usr/bin/git config --local --get remote.origin.url
2026-02-05T04:16:57.0716445Z https://github.com/Boss-1s/scratchattach
2026-02-05T04:16:57.0731289Z ##[group]Removing previously created refs, to avoid conflicts
2026-02-05T04:16:57.0735985Z [command]/usr/bin/git rev-parse --symbolic-full-name --verify --quiet HEAD
2026-02-05T04:16:57.0759513Z refs/heads/main
2026-02-05T04:16:57.0770469Z [command]/usr/bin/git checkout --detach
2026-02-05T04:16:57.7552041Z HEAD is now at e69daeb [BOT] Download Logs
2026-02-05T04:16:57.7609262Z [command]/usr/bin/git branch --delete --force main
2026-02-05T04:16:57.7640166Z Deleted branch main (was e69daeb).
2026-02-05T04:16:57.7680366Z ##[endgroup]
2026-02-05T04:16:57.7684695Z [command]/usr/bin/git submodule status
2026-02-05T04:16:57.7944323Z ##[group]Cleaning the repository
2026-02-05T04:16:57.7956864Z [command]/usr/bin/git clean -ffdx
2026-02-05T04:16:57.8034700Z [command]/usr/bin/git reset --hard HEAD
2026-02-05T04:16:57.8198236Z HEAD is now at e69daeb [BOT] Download Logs
2026-02-05T04:16:57.8204443Z ##[endgroup]
2026-02-05T04:16:57.8207128Z ##[group]Disabling automatic garbage collection
2026-02-05T04:16:57.8212037Z [command]/usr/bin/git config --local gc.auto 0
2026-02-05T04:16:57.8242808Z ##[endgroup]
2026-02-05T04:16:57.8243329Z ##[group]Setting up auth
2026-02-05T04:16:57.8244767Z Removing SSH command configuration
2026-02-05T04:16:57.8251008Z [command]/usr/bin/git config --local --name-only --get-regexp core\.sshCommand
2026-02-05T04:16:57.8283265Z [command]/usr/bin/git submodule foreach --recursive sh -c "git config --local --name-only --get-regexp 'core\.sshCommand' && git config --local --unset-all 'core.sshCommand' || :"
2026-02-05T04:16:57.8519678Z Removing HTTP extra header
2026-02-05T04:16:57.8526085Z [command]/usr/bin/git config --local --name-only --get-regexp http\.https\:\/\/github\.com\/\.extraheader
2026-02-05T04:16:57.8559721Z [command]/usr/bin/git submodule foreach --recursive sh -c "git config --local --name-only --get-regexp 'http\.https\:\/\/github\.com\/\.extraheader' && git config --local --unset-all 'http.https://github.com/.extraheader' || :"
2026-02-05T04:16:57.8785821Z Removing includeIf entries pointing to credentials config files
2026-02-05T04:16:57.8792998Z [command]/usr/bin/git config --local --name-only --get-regexp ^includeIf\.gitdir:
2026-02-05T04:16:57.8850456Z includeif.gitdir:/home/runner/work/scratchattach/scratchattach/.git.path
2026-02-05T04:16:57.8851256Z includeif.gitdir:/home/runner/work/scratchattach/scratchattach/.git/worktrees/*.path
2026-02-05T04:16:57.8851742Z includeif.gitdir:/github/workspace/.git.path
2026-02-05T04:16:57.8852097Z includeif.gitdir:/github/workspace/.git/worktrees/*.path
2026-02-05T04:16:57.8860770Z [command]/usr/bin/git config --local --get-all includeif.gitdir:/home/runner/work/scratchattach/scratchattach/.git.path
2026-02-05T04:16:57.8882903Z /home/runner/work/_temp/git-credentials-064879ca-7435-4b9f-8345-80a1d16495d1.config
2026-02-05T04:16:57.8893565Z [command]/usr/bin/git config --local --unset includeif.gitdir:/home/runner/work/scratchattach/scratchattach/.git.path /home/runner/work/_temp/git-credentials-064879ca-7435-4b9f-8345-80a1d16495d1.config
2026-02-05T04:16:57.8926276Z [command]/usr/bin/git config --local --get-all includeif.gitdir:/home/runner/work/scratchattach/scratchattach/.git/worktrees/*.path
2026-02-05T04:16:57.8948603Z /home/runner/work/_temp/git-credentials-064879ca-7435-4b9f-8345-80a1d16495d1.config
2026-02-05T04:16:57.8957264Z [command]/usr/bin/git config --local --unset includeif.gitdir:/home/runner/work/scratchattach/scratchattach/.git/worktrees/*.path /home/runner/work/_temp/git-credentials-064879ca-7435-4b9f-8345-80a1d16495d1.config
2026-02-05T04:16:57.8986262Z [command]/usr/bin/git config --local --get-all includeif.gitdir:/github/workspace/.git.path
2026-02-05T04:16:57.9006116Z /github/runner_temp/git-credentials-064879ca-7435-4b9f-8345-80a1d16495d1.config
2026-02-05T04:16:57.9013490Z [command]/usr/bin/git config --local --unset includeif.gitdir:/github/workspace/.git.path /github/runner_temp/git-credentials-064879ca-7435-4b9f-8345-80a1d16495d1.config
2026-02-05T04:16:57.9044880Z [command]/usr/bin/git config --local --get-all includeif.gitdir:/github/workspace/.git/worktrees/*.path
2026-02-05T04:16:57.9064731Z /github/runner_temp/git-credentials-064879ca-7435-4b9f-8345-80a1d16495d1.config
2026-02-05T04:16:57.9074076Z [command]/usr/bin/git config --local --unset includeif.gitdir:/github/workspace/.git/worktrees/*.path /github/runner_temp/git-credentials-064879ca-7435-4b9f-8345-80a1d16495d1.config
2026-02-05T04:16:57.9108492Z [command]/usr/bin/git submodule foreach --recursive git config --local --show-origin --name-only --get-regexp remote.origin.url
2026-02-05T04:16:57.9333000Z Removing credentials config '/home/runner/work/_temp/git-credentials-064879ca-7435-4b9f-8345-80a1d16495d1.config'
2026-02-05T04:16:57.9348261Z [command]/usr/bin/git config --file /home/runner/work/_temp/git-credentials-8cbbdf4e-463e-472e-be5f-6dd3cd5b4bf5.config http.https://github.com/.extraheader AUTHORIZATION: basic ***
2026-02-05T04:16:57.9386040Z [command]/usr/bin/git config --local includeIf.gitdir:/home/runner/work/scratchattach/scratchattach/.git.path /home/runner/work/_temp/git-credentials-8cbbdf4e-463e-472e-be5f-6dd3cd5b4bf5.config
2026-02-05T04:16:57.9415850Z [command]/usr/bin/git config --local includeIf.gitdir:/home/runner/work/scratchattach/scratchattach/.git/worktrees/*.path /home/runner/work/_temp/git-credentials-8cbbdf4e-463e-472e-be5f-6dd3cd5b4bf5.config
2026-02-05T04:16:57.9445562Z [command]/usr/bin/git config --local includeIf.gitdir:/github/workspace/.git.path /github/runner_temp/git-credentials-8cbbdf4e-463e-472e-be5f-6dd3cd5b4bf5.config
2026-02-05T04:16:57.9474927Z [command]/usr/bin/git config --local includeIf.gitdir:/github/workspace/.git/worktrees/*.path /github/runner_temp/git-credentials-8cbbdf4e-463e-472e-be5f-6dd3cd5b4bf5.config
2026-02-05T04:16:57.9499351Z ##[endgroup]
2026-02-05T04:16:57.9499812Z ##[group]Fetching the repository
2026-02-05T04:16:57.9509281Z [command]/usr/bin/git -c protocol.version=2 fetch --no-tags --prune --no-recurse-submodules --depth=1 origin +refs/heads/main*:refs/remotes/origin/main* +refs/tags/main*:refs/tags/main*
2026-02-05T04:16:58.2219672Z ##[endgroup]
2026-02-05T04:16:58.2220342Z ##[group]Determining the checkout info
2026-02-05T04:16:58.2226050Z [command]/usr/bin/git branch --list --remote origin/main
2026-02-05T04:16:58.2251964Z   origin/main
2026-02-05T04:16:58.2256104Z ##[endgroup]
2026-02-05T04:16:58.2261176Z [command]/usr/bin/git sparse-checkout disable
2026-02-05T04:16:58.2327900Z [command]/usr/bin/git config --local --unset-all extensions.worktreeConfig
2026-02-05T04:16:58.2355247Z ##[group]Checking out the ref
2026-02-05T04:16:58.2359244Z [command]/usr/bin/git checkout --progress --force -B main refs/remotes/origin/main
2026-02-05T04:16:58.2445095Z Switched to a new branch 'main'
2026-02-05T04:16:58.2447615Z branch 'main' set up to track 'origin/main'.
2026-02-05T04:16:58.2452883Z ##[endgroup]
2026-02-05T04:16:58.2488989Z [command]/usr/bin/git log -1 --format=%H
2026-02-05T04:16:58.2511896Z e69daeb67d3031f8d0cf84e641d508648020c5e6
2026-02-05T04:16:58.2622545Z ##[group]Run python3 aesthetic_prioritizing.py
2026-02-05T04:16:58.2622926Z [36;1mpython3 aesthetic_prioritizing.py[0m
2026-02-05T04:16:58.2655622Z shell: /usr/bin/bash -e {0}
2026-02-05T04:16:58.2655849Z env:
2026-02-05T04:16:58.2656104Z   pythonLocation: /opt/hostedtoolcache/Python/3.13.11/x64
2026-02-05T04:16:58.2656527Z   PKG_CONFIG_PATH: /opt/hostedtoolcache/Python/3.13.11/x64/lib/pkgconfig
2026-02-05T04:16:58.2657193Z   Python_ROOT_DIR: /opt/hostedtoolcache/Python/3.13.11/x64
2026-02-05T04:16:58.2657563Z   Python2_ROOT_DIR: /opt/hostedtoolcache/Python/3.13.11/x64
2026-02-05T04:16:58.2657922Z   Python3_ROOT_DIR: /opt/hostedtoolcache/Python/3.13.11/x64
2026-02-05T04:16:58.2658308Z   LD_LIBRARY_PATH: /opt/hostedtoolcache/Python/3.13.11/x64/lib
2026-02-05T04:16:58.2658718Z   PASS: ***
2026-02-05T04:16:58.2658895Z ##[endgroup]
2026-02-05T04:16:59.1625957Z /opt/hostedtoolcache/Python/3.13.11/x64/lib/python3.13/site-packages/scratchattach/site/user.py:1245: UserAuthenticationWarning: Warning: For methods that require authentication, use session.connect_user instead of get_user.
2026-02-05T04:16:59.1628809Z To ignore this warning, use warnings.filterwarnings('ignore', category=scratchattach.UserAuthenticationWarning).
2026-02-05T04:16:59.1631222Z To ignore all warnings of the type GetAuthenticationWarning, which includes this warning, use `warnings.filterwarnings('ignore', category=scratchattach.GetAuthenticationWarning)`.
2026-02-05T04:16:59.1633164Z   warnings.warn(
2026-02-05T04:16:59.5204682Z Prioritizing: Attempt 1
2026-02-05T04:16:59.5212001Z Projects already on top. No prioritizing needed.
2026-02-05T04:16:59.5218469Z Prioritized projects in your favorite list.
2026-02-05T04:16:59.5797272Z Post job cleanup.
2026-02-05T04:16:59.6569883Z [command]/usr/bin/git version
2026-02-05T04:16:59.6605605Z git version 2.52.0
2026-02-05T04:16:59.6647664Z Temporarily overriding HOME='/home/runner/work/_temp/cfedace6-f19d-4c75-9e52-9c19fa0375a5' before making global git config changes
2026-02-05T04:16:59.6649100Z Adding repository directory to the temporary git global config as a safe directory
2026-02-05T04:16:59.6653978Z [command]/usr/bin/git config --global --add safe.directory /home/runner/work/scratchattach/scratchattach
2026-02-05T04:16:59.6684395Z Removing SSH command configuration
2026-02-05T04:16:59.6691177Z [command]/usr/bin/git config --local --name-only --get-regexp core\.sshCommand
2026-02-05T04:16:59.6727299Z [command]/usr/bin/git submodule foreach --recursive sh -c "git config --local --name-only --get-regexp 'core\.sshCommand' && git config --local --unset-all 'core.sshCommand' || :"
2026-02-05T04:16:59.6955328Z Removing HTTP extra header
2026-02-05T04:16:59.6960500Z [command]/usr/bin/git config --local --name-only --get-regexp http\.https\:\/\/github\.com\/\.extraheader
2026-02-05T04:16:59.6994352Z [command]/usr/bin/git submodule foreach --recursive sh -c "git config --local --name-only --get-regexp 'http\.https\:\/\/github\.com\/\.extraheader' && git config --local --unset-all 'http.https://github.com/.extraheader' || :"
2026-02-05T04:16:59.7218787Z Removing includeIf entries pointing to credentials config files
2026-02-05T04:16:59.7225496Z [command]/usr/bin/git config --local --name-only --get-regexp ^includeIf\.gitdir:
2026-02-05T04:16:59.7249603Z includeif.gitdir:/home/runner/work/scratchattach/scratchattach/.git.path
2026-02-05T04:16:59.7250682Z includeif.gitdir:/home/runner/work/scratchattach/scratchattach/.git/worktrees/*.path
2026-02-05T04:16:59.7251565Z includeif.gitdir:/github/workspace/.git.path
2026-02-05T04:16:59.7252233Z includeif.gitdir:/github/workspace/.git/worktrees/*.path
2026-02-05T04:16:59.7260453Z [command]/usr/bin/git config --local --get-all includeif.gitdir:/home/runner/work/scratchattach/scratchattach/.git.path
2026-02-05T04:16:59.7281992Z /home/runner/work/_temp/git-credentials-8cbbdf4e-463e-472e-be5f-6dd3cd5b4bf5.config
2026-02-05T04:16:59.7291989Z [command]/usr/bin/git config --local --unset includeif.gitdir:/home/runner/work/scratchattach/scratchattach/.git.path /home/runner/work/_temp/git-credentials-8cbbdf4e-463e-472e-be5f-6dd3cd5b4bf5.config
2026-02-05T04:16:59.7324917Z [command]/usr/bin/git config --local --get-all includeif.gitdir:/home/runner/work/scratchattach/scratchattach/.git/worktrees/*.path
2026-02-05T04:16:59.7345981Z /home/runner/work/_temp/git-credentials-8cbbdf4e-463e-472e-be5f-6dd3cd5b4bf5.config
2026-02-05T04:16:59.7355232Z [command]/usr/bin/git config --local --unset includeif.gitdir:/home/runner/work/scratchattach/scratchattach/.git/worktrees/*.path /home/runner/work/_temp/git-credentials-8cbbdf4e-463e-472e-be5f-6dd3cd5b4bf5.config
2026-02-05T04:16:59.7386378Z [command]/usr/bin/git config --local --get-all includeif.gitdir:/github/workspace/.git.path
2026-02-05T04:16:59.7406470Z /github/runner_temp/git-credentials-8cbbdf4e-463e-472e-be5f-6dd3cd5b4bf5.config
2026-02-05T04:16:59.7414016Z [command]/usr/bin/git config --local --unset includeif.gitdir:/github/workspace/.git.path /github/runner_temp/git-credentials-8cbbdf4e-463e-472e-be5f-6dd3cd5b4bf5.config
2026-02-05T04:16:59.7445501Z [command]/usr/bin/git config --local --get-all includeif.gitdir:/github/workspace/.git/worktrees/*.path
2026-02-05T04:16:59.7466203Z /github/runner_temp/git-credentials-8cbbdf4e-463e-472e-be5f-6dd3cd5b4bf5.config
2026-02-05T04:16:59.7476027Z [command]/usr/bin/git config --local --unset includeif.gitdir:/github/workspace/.git/worktrees/*.path /github/runner_temp/git-credentials-8cbbdf4e-463e-472e-be5f-6dd3cd5b4bf5.config
2026-02-05T04:16:59.7507745Z [command]/usr/bin/git submodule foreach --recursive git config --local --show-origin --name-only --get-regexp remote.origin.url
2026-02-05T04:16:59.7730683Z Removing credentials config '/home/runner/work/_temp/git-credentials-8cbbdf4e-463e-472e-be5f-6dd3cd5b4bf5.config'
2026-02-05T04:16:59.7879253Z Post job cleanup.
2026-02-05T04:16:59.9143494Z Post job cleanup.
2026-02-05T04:16:59.9945177Z [command]/usr/bin/git version
2026-02-05T04:16:59.9988182Z git version 2.52.0
2026-02-05T04:17:00.0030461Z Temporarily overriding HOME='/home/runner/work/_temp/d5f9614c-6c48-450c-9c7e-2e8981f1df94' before making global git config changes
2026-02-05T04:17:00.0031854Z Adding repository directory to the temporary git global config as a safe directory
2026-02-05T04:17:00.0037975Z [command]/usr/bin/git config --global --add safe.directory /home/runner/work/scratchattach/scratchattach
2026-02-05T04:17:00.0072083Z Removing SSH command configuration
2026-02-05T04:17:00.0079577Z [command]/usr/bin/git config --local --name-only --get-regexp core\.sshCommand
2026-02-05T04:17:00.0117118Z [command]/usr/bin/git submodule foreach --recursive sh -c "git config --local --name-only --get-regexp 'core\.sshCommand' && git config --local --unset-all 'core.sshCommand' || :"
2026-02-05T04:17:00.0369529Z Removing HTTP extra header
2026-02-05T04:17:00.0376393Z [command]/usr/bin/git config --local --name-only --get-regexp http\.https\:\/\/github\.com\/\.extraheader
2026-02-05T04:17:00.0415429Z [command]/usr/bin/git submodule foreach --recursive sh -c "git config --local --name-only --get-regexp 'http\.https\:\/\/github\.com\/\.extraheader' && git config --local --unset-all 'http.https://github.com/.extraheader' || :"
2026-02-05T04:17:00.0665914Z Removing includeIf entries pointing to credentials config files
2026-02-05T04:17:00.0674266Z [command]/usr/bin/git config --local --name-only --get-regexp ^includeIf\.gitdir:
2026-02-05T04:17:00.0710321Z [command]/usr/bin/git submodule foreach --recursive git config --local --show-origin --name-only --get-regexp remote.origin.url
2026-02-05T04:17:00.1092575Z Cleaning up orphan processes
