2025-08-30T15:09:54.2120523Z Current runner version: '2.328.0'
2025-08-30T15:09:54.2146631Z ##[group]Runner Image Provisioner
2025-08-30T15:09:54.2147432Z Hosted Compute Agent
2025-08-30T15:09:54.2147986Z Version: 20250821.380
2025-08-30T15:09:54.2148533Z Commit: 438d12cb4fe092871db9867344e3bc0bc5319035
2025-08-30T15:09:54.2149303Z Build Date: 2025-08-21T20:49:43Z
2025-08-30T15:09:54.2149889Z ##[endgroup]
2025-08-30T15:09:54.2150755Z ##[group]Operating System
2025-08-30T15:09:54.2151470Z Ubuntu
2025-08-30T15:09:54.2151923Z 24.04.3
2025-08-30T15:09:54.2152321Z LTS
2025-08-30T15:09:54.2152843Z ##[endgroup]
2025-08-30T15:09:54.2153299Z ##[group]Runner Image
2025-08-30T15:09:54.2153854Z Image: ubuntu-24.04
2025-08-30T15:09:54.2154423Z Version: 20250824.1.0
2025-08-30T15:09:54.2155386Z Included Software: https://github.com/actions/runner-images/blob/ubuntu24/20250824.1/images/ubuntu/Ubuntu2404-Readme.md
2025-08-30T15:09:54.2156983Z Image Release: https://github.com/actions/runner-images/releases/tag/ubuntu24%2F20250824.1
2025-08-30T15:09:54.2157978Z ##[endgroup]
2025-08-30T15:09:54.2159095Z ##[group]GITHUB_TOKEN Permissions
2025-08-30T15:09:54.2161505Z Contents: write
2025-08-30T15:09:54.2162050Z Metadata: read
2025-08-30T15:09:54.2162615Z ##[endgroup]
2025-08-30T15:09:54.2165022Z Secret source: Actions
2025-08-30T15:09:54.2166038Z Prepare workflow directory
2025-08-30T15:09:54.2577076Z Prepare all required actions
2025-08-30T15:09:54.2634149Z Getting action download info
2025-08-30T15:09:54.6215381Z Download action repository 'actions/checkout@v5' (SHA:08c6903cd8c0fde910a37f88322edcfb5dd907a8)
2025-08-30T15:09:54.7302620Z Download action repository 'actions/setup-python@v5.6.0' (SHA:a26af69be951a213d495a4c3e4e4022e16d87065)
2025-08-30T15:09:54.8564877Z Download action repository 'bossOfCode/install-scratchattach@v1.0.3' (SHA:be17a7cf1ecb5a7040eb42ef26c2e1fbe72bb25a)
2025-08-30T15:09:55.2439300Z Complete job name: Run Prioritzing Handler
2025-08-30T15:09:55.3156883Z ##[group]Run actions/checkout@v5
2025-08-30T15:09:55.3157797Z with:
2025-08-30T15:09:55.3158233Z   ref: main
2025-08-30T15:09:55.3158664Z   repository: Boss-1s/scratchattach
2025-08-30T15:09:55.3159389Z   token: ***
2025-08-30T15:09:55.3159817Z   ssh-strict: true
2025-08-30T15:09:55.3160262Z   ssh-user: git
2025-08-30T15:09:55.3160896Z   persist-credentials: true
2025-08-30T15:09:55.3161381Z   clean: true
2025-08-30T15:09:55.3161818Z   sparse-checkout-cone-mode: true
2025-08-30T15:09:55.3162355Z   fetch-depth: 1
2025-08-30T15:09:55.3162795Z   fetch-tags: false
2025-08-30T15:09:55.3163241Z   show-progress: true
2025-08-30T15:09:55.3163682Z   lfs: false
2025-08-30T15:09:55.3164090Z   submodules: false
2025-08-30T15:09:55.3164532Z   set-safe-directory: true
2025-08-30T15:09:55.3165282Z ##[endgroup]
2025-08-30T15:09:55.4078785Z Syncing repository: Boss-1s/scratchattach
2025-08-30T15:09:55.4081166Z ##[group]Getting Git version info
2025-08-30T15:09:55.4082073Z Working directory is '/home/runner/work/scratchattach/scratchattach'
2025-08-30T15:09:55.4083168Z [command]/usr/bin/git version
2025-08-30T15:09:55.4147209Z git version 2.51.0
2025-08-30T15:09:55.4168320Z ##[endgroup]
2025-08-30T15:09:55.4182646Z Temporarily overriding HOME='/home/runner/work/_temp/099ec626-0be0-40d6-a764-3dfb74f94f9d' before making global git config changes
2025-08-30T15:09:55.4187620Z Adding repository directory to the temporary git global config as a safe directory
2025-08-30T15:09:55.4189958Z [command]/usr/bin/git config --global --add safe.directory /home/runner/work/scratchattach/scratchattach
2025-08-30T15:09:55.4226306Z Deleting the contents of '/home/runner/work/scratchattach/scratchattach'
2025-08-30T15:09:55.4230191Z ##[group]Initializing the repository
2025-08-30T15:09:55.4235526Z [command]/usr/bin/git init /home/runner/work/scratchattach/scratchattach
2025-08-30T15:09:55.4308161Z hint: Using 'master' as the name for the initial branch. This default branch name
2025-08-30T15:09:55.4309319Z hint: is subject to change. To configure the initial branch name to use in all
2025-08-30T15:09:55.4310528Z hint: of your new repositories, which will suppress this warning, call:
2025-08-30T15:09:55.4312311Z hint:
2025-08-30T15:09:55.4313035Z hint: 	git config --global init.defaultBranch <name>
2025-08-30T15:09:55.4313926Z hint:
2025-08-30T15:09:55.4315117Z hint: Names commonly chosen instead of 'master' are 'main', 'trunk' and
2025-08-30T15:09:55.4317032Z hint: 'development'. The just-created branch can be renamed via this command:
2025-08-30T15:09:55.4318577Z hint:
2025-08-30T15:09:55.4319454Z hint: 	git branch -m <name>
2025-08-30T15:09:55.4320609Z hint:
2025-08-30T15:09:55.4321836Z hint: Disable this message with "git config set advice.defaultBranchName false"
2025-08-30T15:09:55.4324009Z Initialized empty Git repository in /home/runner/work/scratchattach/scratchattach/.git/
2025-08-30T15:09:55.4327368Z [command]/usr/bin/git remote add origin https://github.com/Boss-1s/scratchattach
2025-08-30T15:09:55.4365199Z ##[endgroup]
2025-08-30T15:09:55.4366592Z ##[group]Disabling automatic garbage collection
2025-08-30T15:09:55.4369093Z [command]/usr/bin/git config --local gc.auto 0
2025-08-30T15:09:55.4397309Z ##[endgroup]
2025-08-30T15:09:55.4398061Z ##[group]Setting up auth
2025-08-30T15:09:55.4404306Z [command]/usr/bin/git config --local --name-only --get-regexp core\.sshCommand
2025-08-30T15:09:55.4436338Z [command]/usr/bin/git submodule foreach --recursive sh -c "git config --local --name-only --get-regexp 'core\.sshCommand' && git config --local --unset-all 'core.sshCommand' || :"
2025-08-30T15:09:55.4755521Z [command]/usr/bin/git config --local --name-only --get-regexp http\.https\:\/\/github\.com\/\.extraheader
2025-08-30T15:09:55.4785653Z [command]/usr/bin/git submodule foreach --recursive sh -c "git config --local --name-only --get-regexp 'http\.https\:\/\/github\.com\/\.extraheader' && git config --local --unset-all 'http.https://github.com/.extraheader' || :"
2025-08-30T15:09:55.5001770Z [command]/usr/bin/git config --local http.https://github.com/.extraheader AUTHORIZATION: basic ***
2025-08-30T15:09:55.5036356Z ##[endgroup]
2025-08-30T15:09:55.5046188Z ##[group]Fetching the repository
2025-08-30T15:09:55.5047726Z [command]/usr/bin/git -c protocol.version=2 fetch --no-tags --prune --no-recurse-submodules --depth=1 origin +refs/heads/main*:refs/remotes/origin/main* +refs/tags/main*:refs/tags/main*
2025-08-30T15:09:55.9066319Z From https://github.com/Boss-1s/scratchattach
2025-08-30T15:09:55.9067919Z  * [new branch]      main       -> origin/main
2025-08-30T15:09:55.9099009Z ##[endgroup]
2025-08-30T15:09:55.9100180Z ##[group]Determining the checkout info
2025-08-30T15:09:55.9106507Z [command]/usr/bin/git branch --list --remote origin/main
2025-08-30T15:09:55.9130752Z   origin/main
2025-08-30T15:09:55.9136580Z ##[endgroup]
2025-08-30T15:09:55.9140513Z [command]/usr/bin/git sparse-checkout disable
2025-08-30T15:09:55.9184371Z [command]/usr/bin/git config --local --unset-all extensions.worktreeConfig
2025-08-30T15:09:55.9213361Z ##[group]Checking out the ref
2025-08-30T15:09:55.9217250Z [command]/usr/bin/git checkout --progress --force -B main refs/remotes/origin/main
2025-08-30T15:09:55.9469515Z Switched to a new branch 'main'
2025-08-30T15:09:55.9471306Z branch 'main' set up to track 'origin/main'.
2025-08-30T15:09:55.9479414Z ##[endgroup]
2025-08-30T15:09:55.9521045Z [command]/usr/bin/git log -1 --format=%H
2025-08-30T15:09:55.9547161Z 944d135f6e88c6740b07f4b30b36b0af64714671
2025-08-30T15:09:55.9857649Z ##[group]Run actions/setup-python@v5.6.0
2025-08-30T15:09:55.9859191Z with:
2025-08-30T15:09:55.9860075Z   python-version: 3.12.5
2025-08-30T15:09:55.9861283Z   check-latest: false
2025-08-30T15:09:55.9862502Z   token: ***
2025-08-30T15:09:55.9863403Z   update-environment: true
2025-08-30T15:09:55.9864471Z   allow-prereleases: false
2025-08-30T15:09:55.9865512Z   freethreaded: false
2025-08-30T15:09:55.9866438Z ##[endgroup]
2025-08-30T15:09:56.1632342Z ##[group]Installed versions
2025-08-30T15:09:56.1656744Z Version 3.12.5 was not found in the local cache
2025-08-30T15:09:56.6626647Z Version 3.12.5 is available for downloading
2025-08-30T15:09:56.6630092Z Download from "https://github.com/actions/python-versions/releases/download/3.12.5-10375840348/python-3.12.5-linux-24.04-x64.tar.gz"
2025-08-30T15:09:57.3934047Z Extract downloaded archive
2025-08-30T15:09:57.4047034Z [command]/usr/bin/tar xz --warning=no-unknown-keyword --overwrite -C /home/runner/work/_temp/bdbe8e3d-b3b2-4eeb-8acf-1959e5544cbe -f /home/runner/work/_temp/f039f3b0-2ebf-419a-b14d-f728d8ac32b8
2025-08-30T15:09:59.4328524Z Execute installation script
2025-08-30T15:09:59.4420515Z Check if Python hostedtoolcache folder exist...
2025-08-30T15:09:59.4421274Z Create Python 3.12.5 folder
2025-08-30T15:09:59.4442416Z Copy Python binaries to hostedtoolcache folder
2025-08-30T15:10:00.0919086Z Create additional symlinks (Required for the UsePythonVersion Azure Pipelines task and the setup-python GitHub Action)
2025-08-30T15:10:00.0959720Z Upgrading pip...
2025-08-30T15:10:02.5312784Z Looking in links: /tmp/tmpoai086ru
2025-08-30T15:10:02.5316974Z Requirement already satisfied: pip in /opt/hostedtoolcache/Python/3.12.5/x64/lib/python3.12/site-packages (24.2)
2025-08-30T15:10:04.0799464Z Collecting pip
2025-08-30T15:10:04.1139823Z Downloading pip-25.2-py3-none-any.whl.metadata (4.7 kB)
2025-08-30T15:10:04.1227239Z Downloading pip-25.2-py3-none-any.whl (1.8 MB)
2025-08-30T15:10:04.1515060Z ━━━━━━━━━━━━━━━━━━━━━━━━━━━━━━━━━━━━━━━━ 1.8/1.8 MB 114.3 MB/s eta 0:00:00
2025-08-30T15:10:04.1515522Z 
2025-08-30T15:10:04.1721925Z Installing collected packages: pip
2025-08-30T15:10:04.1722614Z Attempting uninstall: pip
2025-08-30T15:10:04.1744538Z Found existing installation: pip 24.2
2025-08-30T15:10:04.2149744Z Uninstalling pip-24.2:
2025-08-30T15:10:04.2205755Z Successfully uninstalled pip-24.2
2025-08-30T15:10:05.1151936Z Successfully installed pip-25.2
2025-08-30T15:10:05.1623314Z Create complete file
2025-08-30T15:10:05.1660762Z Successfully set up CPython (3.12.5)
2025-08-30T15:10:05.1661621Z ##[endgroup]
2025-08-30T15:10:05.1806786Z ##[group]Run bossOfCode/install-scratchattach@v1.0.3
2025-08-30T15:10:05.1807146Z env:
2025-08-30T15:10:05.1807401Z   pythonLocation: /opt/hostedtoolcache/Python/3.12.5/x64
2025-08-30T15:10:05.1807822Z   PKG_CONFIG_PATH: /opt/hostedtoolcache/Python/3.12.5/x64/lib/pkgconfig
2025-08-30T15:10:05.1808235Z   Python_ROOT_DIR: /opt/hostedtoolcache/Python/3.12.5/x64
2025-08-30T15:10:05.1808593Z   Python2_ROOT_DIR: /opt/hostedtoolcache/Python/3.12.5/x64
2025-08-30T15:10:05.1808948Z   Python3_ROOT_DIR: /opt/hostedtoolcache/Python/3.12.5/x64
2025-08-30T15:10:05.1809324Z   LD_LIBRARY_PATH: /opt/hostedtoolcache/Python/3.12.5/x64/lib
2025-08-30T15:10:05.1809617Z ##[endgroup]
2025-08-30T15:10:05.1886672Z ##[group]Run python3 -m pip install --upgrade pip
2025-08-30T15:10:05.1887102Z [36;1mpython3 -m pip install --upgrade pip[0m
2025-08-30T15:10:05.1943088Z shell: /usr/bin/bash --noprofile --norc -e -o pipefail {0}
2025-08-30T15:10:05.1943429Z env:
2025-08-30T15:10:05.1943725Z   pythonLocation: /opt/hostedtoolcache/Python/3.12.5/x64
2025-08-30T15:10:05.1944143Z   PKG_CONFIG_PATH: /opt/hostedtoolcache/Python/3.12.5/x64/lib/pkgconfig
2025-08-30T15:10:05.1944540Z   Python_ROOT_DIR: /opt/hostedtoolcache/Python/3.12.5/x64
2025-08-30T15:10:05.1944907Z   Python2_ROOT_DIR: /opt/hostedtoolcache/Python/3.12.5/x64
2025-08-30T15:10:05.1945267Z   Python3_ROOT_DIR: /opt/hostedtoolcache/Python/3.12.5/x64
2025-08-30T15:10:05.2009032Z   LD_LIBRARY_PATH: /opt/hostedtoolcache/Python/3.12.5/x64/lib
2025-08-30T15:10:05.2009638Z ##[endgroup]
2025-08-30T15:10:06.0045790Z Requirement already satisfied: pip in /opt/hostedtoolcache/Python/3.12.5/x64/lib/python3.12/site-packages (25.2)
2025-08-30T15:10:06.2006804Z ##[group]Run pip install -U scratchattach
2025-08-30T15:10:06.2007131Z [36;1mpip install -U scratchattach[0m
2025-08-30T15:10:06.2037944Z shell: /usr/bin/bash --noprofile --norc -e -o pipefail {0}
2025-08-30T15:10:06.2038269Z env:
2025-08-30T15:10:06.2038529Z   pythonLocation: /opt/hostedtoolcache/Python/3.12.5/x64
2025-08-30T15:10:06.2038940Z   PKG_CONFIG_PATH: /opt/hostedtoolcache/Python/3.12.5/x64/lib/pkgconfig
2025-08-30T15:10:06.2039532Z   Python_ROOT_DIR: /opt/hostedtoolcache/Python/3.12.5/x64
2025-08-30T15:10:06.2039873Z   Python2_ROOT_DIR: /opt/hostedtoolcache/Python/3.12.5/x64
2025-08-30T15:10:06.2040223Z   Python3_ROOT_DIR: /opt/hostedtoolcache/Python/3.12.5/x64
2025-08-30T15:10:06.2040779Z   LD_LIBRARY_PATH: /opt/hostedtoolcache/Python/3.12.5/x64/lib
2025-08-30T15:10:06.2041085Z ##[endgroup]
2025-08-30T15:10:06.6561558Z Collecting scratchattach
2025-08-30T15:10:06.6984032Z   Downloading scratchattach-2.1.13-py3-none-any.whl.metadata (5.5 kB)
2025-08-30T15:10:06.7209808Z Collecting websocket-client (from scratchattach)
2025-08-30T15:10:06.7264544Z   Downloading websocket_client-1.8.0-py3-none-any.whl.metadata (8.0 kB)
2025-08-30T15:10:06.7556709Z Collecting requests (from scratchattach)
2025-08-30T15:10:06.7595980Z   Downloading requests-2.32.5-py3-none-any.whl.metadata (4.9 kB)
2025-08-30T15:10:06.7718700Z Collecting bs4 (from scratchattach)
2025-08-30T15:10:06.7748641Z   Downloading bs4-0.0.2-py2.py3-none-any.whl.metadata (411 bytes)
2025-08-30T15:10:06.7851235Z Collecting SimpleWebSocketServer (from scratchattach)
2025-08-30T15:10:06.7898332Z   Downloading SimpleWebSocketServer-0.1.2.tar.gz (10 kB)
2025-08-30T15:10:06.7982757Z   Installing build dependencies: started
2025-08-30T15:10:07.5541826Z   Installing build dependencies: finished with status 'done'
2025-08-30T15:10:07.5548001Z   Getting requirements to build wheel: started
2025-08-30T15:10:07.9050512Z   Getting requirements to build wheel: finished with status 'done'
2025-08-30T15:10:07.9058899Z   Preparing metadata (pyproject.toml): started
2025-08-30T15:10:08.0975285Z   Preparing metadata (pyproject.toml): finished with status 'done'
2025-08-30T15:10:08.1151660Z Collecting typing-extensions (from scratchattach)
2025-08-30T15:10:08.1182427Z   Downloading typing_extensions-4.15.0-py3-none-any.whl.metadata (3.3 kB)
2025-08-30T15:10:08.1374785Z Collecting beautifulsoup4 (from bs4->scratchattach)
2025-08-30T15:10:08.1412797Z   Downloading beautifulsoup4-4.13.5-py3-none-any.whl.metadata (3.8 kB)
2025-08-30T15:10:08.1605856Z Collecting soupsieve>1.2 (from beautifulsoup4->bs4->scratchattach)
2025-08-30T15:10:08.1637439Z   Downloading soupsieve-2.8-py3-none-any.whl.metadata (4.6 kB)
2025-08-30T15:10:08.2622526Z Collecting charset_normalizer<4,>=2 (from requests->scratchattach)
2025-08-30T15:10:08.2656441Z   Downloading charset_normalizer-3.4.3-cp312-cp312-manylinux2014_x86_64.manylinux_2_17_x86_64.manylinux_2_28_x86_64.whl.metadata (36 kB)
2025-08-30T15:10:08.2829115Z Collecting idna<4,>=2.5 (from requests->scratchattach)
2025-08-30T15:10:08.2859087Z   Downloading idna-3.10-py3-none-any.whl.metadata (10 kB)
2025-08-30T15:10:08.3149143Z Collecting urllib3<3,>=1.21.1 (from requests->scratchattach)
2025-08-30T15:10:08.3185587Z   Downloading urllib3-2.5.0-py3-none-any.whl.metadata (6.5 kB)
2025-08-30T15:10:08.3413191Z Collecting certifi>=2017.4.17 (from requests->scratchattach)
2025-08-30T15:10:08.3446450Z   Downloading certifi-2025.8.3-py3-none-any.whl.metadata (2.4 kB)
2025-08-30T15:10:08.3553383Z Downloading scratchattach-2.1.13-py3-none-any.whl (141 kB)
2025-08-30T15:10:08.3644286Z Downloading bs4-0.0.2-py2.py3-none-any.whl (1.2 kB)
2025-08-30T15:10:08.3694596Z Downloading beautifulsoup4-4.13.5-py3-none-any.whl (105 kB)
2025-08-30T15:10:08.3751650Z Downloading soupsieve-2.8-py3-none-any.whl (36 kB)
2025-08-30T15:10:08.3806019Z Downloading typing_extensions-4.15.0-py3-none-any.whl (44 kB)
2025-08-30T15:10:08.3863998Z Downloading requests-2.32.5-py3-none-any.whl (64 kB)
2025-08-30T15:10:08.3918064Z Downloading charset_normalizer-3.4.3-cp312-cp312-manylinux2014_x86_64.manylinux_2_17_x86_64.manylinux_2_28_x86_64.whl (151 kB)
2025-08-30T15:10:08.3983133Z Downloading idna-3.10-py3-none-any.whl (70 kB)
2025-08-30T15:10:08.4035957Z Downloading urllib3-2.5.0-py3-none-any.whl (129 kB)
2025-08-30T15:10:08.4098752Z Downloading certifi-2025.8.3-py3-none-any.whl (161 kB)
2025-08-30T15:10:08.4160621Z Downloading websocket_client-1.8.0-py3-none-any.whl (58 kB)
2025-08-30T15:10:08.4295114Z Building wheels for collected packages: SimpleWebSocketServer
2025-08-30T15:10:08.4304445Z   Building wheel for SimpleWebSocketServer (pyproject.toml): started
2025-08-30T15:10:08.6525184Z   Building wheel for SimpleWebSocketServer (pyproject.toml): finished with status 'done'
2025-08-30T15:10:08.6531649Z   Created wheel for SimpleWebSocketServer: filename=simplewebsocketserver-0.1.2-py3-none-any.whl size=9715 sha256=d786f5320972fcf587d01e1f62394b9de994f344eb78f9bca349421b16a93cfa
2025-08-30T15:10:08.6533138Z   Stored in directory: /home/runner/.cache/pip/wheels/81/fd/d8/f145b47bedceb5dff96b76e404a4ee9be956a4f8f150cd8133
2025-08-30T15:10:08.6551601Z Successfully built SimpleWebSocketServer
2025-08-30T15:10:08.6725884Z Installing collected packages: SimpleWebSocketServer, websocket-client, urllib3, typing-extensions, soupsieve, idna, charset_normalizer, certifi, requests, beautifulsoup4, bs4, scratchattach
2025-08-30T15:10:09.2339421Z 
2025-08-30T15:10:09.2359596Z Successfully installed SimpleWebSocketServer-0.1.2 beautifulsoup4-4.13.5 bs4-0.0.2 certifi-2025.8.3 charset_normalizer-3.4.3 idna-3.10 requests-2.32.5 scratchattach-2.1.13 soupsieve-2.8 typing-extensions-4.15.0 urllib3-2.5.0 websocket-client-1.8.0
2025-08-30T15:10:09.3214894Z ##[group]Run actions/checkout@v5
2025-08-30T15:10:09.3215154Z with:
2025-08-30T15:10:09.3215327Z   ref: main
2025-08-30T15:10:09.3215514Z   repository: Boss-1s/scratchattach
2025-08-30T15:10:09.3215879Z   token: ***
2025-08-30T15:10:09.3216063Z   ssh-strict: true
2025-08-30T15:10:09.3216252Z   ssh-user: git
2025-08-30T15:10:09.3216439Z   persist-credentials: true
2025-08-30T15:10:09.3216663Z   clean: true
2025-08-30T15:10:09.3216851Z   sparse-checkout-cone-mode: true
2025-08-30T15:10:09.3217087Z   fetch-depth: 1
2025-08-30T15:10:09.3217273Z   fetch-tags: false
2025-08-30T15:10:09.3217464Z   show-progress: true
2025-08-30T15:10:09.3217660Z   lfs: false
2025-08-30T15:10:09.3217838Z   submodules: false
2025-08-30T15:10:09.3218027Z   set-safe-directory: true
2025-08-30T15:10:09.3218308Z env:
2025-08-30T15:10:09.3218532Z   pythonLocation: /opt/hostedtoolcache/Python/3.12.5/x64
2025-08-30T15:10:09.3218939Z   PKG_CONFIG_PATH: /opt/hostedtoolcache/Python/3.12.5/x64/lib/pkgconfig
2025-08-30T15:10:09.3219356Z   Python_ROOT_DIR: /opt/hostedtoolcache/Python/3.12.5/x64
2025-08-30T15:10:09.3219697Z   Python2_ROOT_DIR: /opt/hostedtoolcache/Python/3.12.5/x64
2025-08-30T15:10:09.3220033Z   Python3_ROOT_DIR: /opt/hostedtoolcache/Python/3.12.5/x64
2025-08-30T15:10:09.3220699Z   LD_LIBRARY_PATH: /opt/hostedtoolcache/Python/3.12.5/x64/lib
2025-08-30T15:10:09.3220998Z ##[endgroup]
2025-08-30T15:10:09.4000799Z Syncing repository: Boss-1s/scratchattach
2025-08-30T15:10:09.4003410Z ##[group]Getting Git version info
2025-08-30T15:10:09.4004162Z Working directory is '/home/runner/work/scratchattach/scratchattach'
2025-08-30T15:10:09.4041448Z [command]/usr/bin/git version
2025-08-30T15:10:09.4080177Z git version 2.51.0
2025-08-30T15:10:09.4101547Z ##[endgroup]
2025-08-30T15:10:09.4116454Z Temporarily overriding HOME='/home/runner/work/_temp/926637f0-963b-475a-a473-896be8fc7328' before making global git config changes
2025-08-30T15:10:09.4117750Z Adding repository directory to the temporary git global config as a safe directory
2025-08-30T15:10:09.4122429Z [command]/usr/bin/git config --global --add safe.directory /home/runner/work/scratchattach/scratchattach
2025-08-30T15:10:09.4160670Z [command]/usr/bin/git config --local --get remote.origin.url
2025-08-30T15:10:09.4181187Z https://github.com/Boss-1s/scratchattach
2025-08-30T15:10:09.4193560Z ##[group]Removing previously created refs, to avoid conflicts
2025-08-30T15:10:09.4197368Z [command]/usr/bin/git rev-parse --symbolic-full-name --verify --quiet HEAD
2025-08-30T15:10:09.4218153Z refs/heads/main
2025-08-30T15:10:09.4227874Z [command]/usr/bin/git checkout --detach
2025-08-30T15:10:09.4385734Z HEAD is now at 944d135 Update action3.yml
2025-08-30T15:10:09.4429854Z [command]/usr/bin/git branch --delete --force main
2025-08-30T15:10:09.4456175Z Deleted branch main (was 944d135).
2025-08-30T15:10:09.4490655Z ##[endgroup]
2025-08-30T15:10:09.4494253Z [command]/usr/bin/git submodule status
2025-08-30T15:10:09.4721773Z ##[group]Cleaning the repository
2025-08-30T15:10:09.4727770Z [command]/usr/bin/git clean -ffdx
2025-08-30T15:10:09.4762101Z [command]/usr/bin/git reset --hard HEAD
2025-08-30T15:10:09.4796054Z HEAD is now at 944d135 Update action3.yml
2025-08-30T15:10:09.4801358Z ##[endgroup]
2025-08-30T15:10:09.4803331Z ##[group]Disabling automatic garbage collection
2025-08-30T15:10:09.4807296Z [command]/usr/bin/git config --local gc.auto 0
2025-08-30T15:10:09.4833249Z ##[endgroup]
2025-08-30T15:10:09.4833659Z ##[group]Setting up auth
2025-08-30T15:10:09.4839930Z [command]/usr/bin/git config --local --name-only --get-regexp core\.sshCommand
2025-08-30T15:10:09.4869738Z [command]/usr/bin/git submodule foreach --recursive sh -c "git config --local --name-only --get-regexp 'core\.sshCommand' && git config --local --unset-all 'core.sshCommand' || :"
2025-08-30T15:10:09.5093843Z [command]/usr/bin/git config --local --name-only --get-regexp http\.https\:\/\/github\.com\/\.extraheader
2025-08-30T15:10:09.5117038Z http.https://github.com/.extraheader
2025-08-30T15:10:09.5126005Z [command]/usr/bin/git config --local --unset-all http.https://github.com/.extraheader
2025-08-30T15:10:09.5157096Z [command]/usr/bin/git submodule foreach --recursive sh -c "git config --local --name-only --get-regexp 'http\.https\:\/\/github\.com\/\.extraheader' && git config --local --unset-all 'http.https://github.com/.extraheader' || :"
2025-08-30T15:10:09.5388614Z [command]/usr/bin/git config --local http.https://github.com/.extraheader AUTHORIZATION: basic ***
2025-08-30T15:10:09.5465334Z ##[endgroup]
2025-08-30T15:10:09.5465985Z ##[group]Fetching the repository
2025-08-30T15:10:09.5474865Z [command]/usr/bin/git -c protocol.version=2 fetch --no-tags --prune --no-recurse-submodules --depth=1 origin +refs/heads/main*:refs/remotes/origin/main* +refs/tags/main*:refs/tags/main*
2025-08-30T15:10:09.8044730Z ##[endgroup]
2025-08-30T15:10:09.8045347Z ##[group]Determining the checkout info
2025-08-30T15:10:09.8052492Z [command]/usr/bin/git branch --list --remote origin/main
2025-08-30T15:10:09.8076109Z   origin/main
2025-08-30T15:10:09.8080235Z ##[endgroup]
2025-08-30T15:10:09.8084979Z [command]/usr/bin/git sparse-checkout disable
2025-08-30T15:10:09.8150932Z [command]/usr/bin/git config --local --unset-all extensions.worktreeConfig
2025-08-30T15:10:09.8175799Z ##[group]Checking out the ref
2025-08-30T15:10:09.8179649Z [command]/usr/bin/git checkout --progress --force -B main refs/remotes/origin/main
2025-08-30T15:10:09.8216352Z Switched to a new branch 'main'
2025-08-30T15:10:09.8218732Z branch 'main' set up to track 'origin/main'.
2025-08-30T15:10:09.8225435Z ##[endgroup]
2025-08-30T15:10:09.8260203Z [command]/usr/bin/git log -1 --format=%H
2025-08-30T15:10:09.8284873Z 944d135f6e88c6740b07f4b30b36b0af64714671
2025-08-30T15:10:09.8397145Z ##[group]Run python3 aesthetic_prioritizing.py
2025-08-30T15:10:09.8397500Z [36;1mpython3 aesthetic_prioritizing.py[0m
2025-08-30T15:10:09.8428954Z shell: /usr/bin/bash -e {0}
2025-08-30T15:10:09.8429202Z env:
2025-08-30T15:10:09.8429460Z   pythonLocation: /opt/hostedtoolcache/Python/3.12.5/x64
2025-08-30T15:10:09.8429857Z   PKG_CONFIG_PATH: /opt/hostedtoolcache/Python/3.12.5/x64/lib/pkgconfig
2025-08-30T15:10:09.8430261Z   Python_ROOT_DIR: /opt/hostedtoolcache/Python/3.12.5/x64
2025-08-30T15:10:09.8430830Z   Python2_ROOT_DIR: /opt/hostedtoolcache/Python/3.12.5/x64
2025-08-30T15:10:09.8431170Z   Python3_ROOT_DIR: /opt/hostedtoolcache/Python/3.12.5/x64
2025-08-30T15:10:09.8431520Z   LD_LIBRARY_PATH: /opt/hostedtoolcache/Python/3.12.5/x64/lib
2025-08-30T15:10:09.8431953Z   PASS: ***
2025-08-30T15:10:09.8432135Z ##[endgroup]
2025-08-30T15:10:10.8929086Z Prioritizing: Attempt 1
2025-08-30T15:10:10.8929597Z Projects already on top. No prioritizing needed.
2025-08-30T15:10:10.8930064Z Prioritized projects in your favorite list.
2025-08-30T15:10:10.9257130Z Post job cleanup.
2025-08-30T15:10:11.0087295Z [command]/usr/bin/git version
2025-08-30T15:10:11.0125331Z git version 2.51.0
2025-08-30T15:10:11.0162595Z Temporarily overriding HOME='/home/runner/work/_temp/a6c991bf-89ab-42f5-ac7d-840edaea72b8' before making global git config changes
2025-08-30T15:10:11.0163801Z Adding repository directory to the temporary git global config as a safe directory
2025-08-30T15:10:11.0168162Z [command]/usr/bin/git config --global --add safe.directory /home/runner/work/scratchattach/scratchattach
2025-08-30T15:10:11.0204664Z [command]/usr/bin/git config --local --name-only --get-regexp core\.sshCommand
2025-08-30T15:10:11.0237340Z [command]/usr/bin/git submodule foreach --recursive sh -c "git config --local --name-only --get-regexp 'core\.sshCommand' && git config --local --unset-all 'core.sshCommand' || :"
2025-08-30T15:10:11.0466782Z [command]/usr/bin/git config --local --name-only --get-regexp http\.https\:\/\/github\.com\/\.extraheader
2025-08-30T15:10:11.0490539Z http.https://github.com/.extraheader
2025-08-30T15:10:11.0500520Z [command]/usr/bin/git config --local --unset-all http.https://github.com/.extraheader
2025-08-30T15:10:11.0532532Z [command]/usr/bin/git submodule foreach --recursive sh -c "git config --local --name-only --get-regexp 'http\.https\:\/\/github\.com\/\.extraheader' && git config --local --unset-all 'http.https://github.com/.extraheader' || :"
2025-08-30T15:10:11.0919221Z Post job cleanup.
2025-08-30T15:10:11.2556145Z Post job cleanup.
2025-08-30T15:10:11.3340005Z [command]/usr/bin/git version
2025-08-30T15:10:11.3377345Z git version 2.51.0
2025-08-30T15:10:11.3416122Z Temporarily overriding HOME='/home/runner/work/_temp/e94e6689-e289-44dc-9dfc-781d53ff7f99' before making global git config changes
2025-08-30T15:10:11.3417417Z Adding repository directory to the temporary git global config as a safe directory
2025-08-30T15:10:11.3422419Z [command]/usr/bin/git config --global --add safe.directory /home/runner/work/scratchattach/scratchattach
2025-08-30T15:10:11.3458927Z [command]/usr/bin/git config --local --name-only --get-regexp core\.sshCommand
2025-08-30T15:10:11.3491923Z [command]/usr/bin/git submodule foreach --recursive sh -c "git config --local --name-only --get-regexp 'core\.sshCommand' && git config --local --unset-all 'core.sshCommand' || :"
2025-08-30T15:10:11.3741102Z [command]/usr/bin/git config --local --name-only --get-regexp http\.https\:\/\/github\.com\/\.extraheader
2025-08-30T15:10:11.3774359Z [command]/usr/bin/git submodule foreach --recursive sh -c "git config --local --name-only --get-regexp 'http\.https\:\/\/github\.com\/\.extraheader' && git config --local --unset-all 'http.https://github.com/.extraheader' || :"
2025-08-30T15:10:11.4116701Z Cleaning up orphan processes
