2025-11-14T01:48:02.6966914Z Current runner version: '2.329.0'
2025-11-14T01:48:02.6993433Z ##[group]Runner Image Provisioner
2025-11-14T01:48:02.6994283Z Hosted Compute Agent
2025-11-14T01:48:02.6994923Z Version: 20251016.436
2025-11-14T01:48:02.6995541Z Commit: 8ab8ac8bfd662a3739dab9fe09456aba92132568
2025-11-14T01:48:02.6996245Z Build Date: 2025-10-15T20:44:12Z
2025-11-14T01:48:02.6996894Z ##[endgroup]
2025-11-14T01:48:02.6997478Z ##[group]Operating System
2025-11-14T01:48:02.6998029Z Ubuntu
2025-11-14T01:48:02.6998557Z 24.04.3
2025-11-14T01:48:02.6999066Z LTS
2025-11-14T01:48:02.6999553Z ##[endgroup]
2025-11-14T01:48:02.7000116Z ##[group]Runner Image
2025-11-14T01:48:02.7001018Z Image: ubuntu-24.04
2025-11-14T01:48:02.7001560Z Version: 20251112.124.1
2025-11-14T01:48:02.7002658Z Included Software: https://github.com/actions/runner-images/blob/ubuntu24/20251112.124/images/ubuntu/Ubuntu2404-Readme.md
2025-11-14T01:48:02.7004227Z Image Release: https://github.com/actions/runner-images/releases/tag/ubuntu24%2F20251112.124
2025-11-14T01:48:02.7005329Z ##[endgroup]
2025-11-14T01:48:02.7006307Z ##[group]GITHUB_TOKEN Permissions
2025-11-14T01:48:02.7008271Z Contents: write
2025-11-14T01:48:02.7008932Z Metadata: read
2025-11-14T01:48:02.7009489Z ##[endgroup]
2025-11-14T01:48:02.7012147Z Secret source: Actions
2025-11-14T01:48:02.7013108Z Prepare workflow directory
2025-11-14T01:48:02.7337422Z Prepare all required actions
2025-11-14T01:48:02.7396327Z Getting action download info
2025-11-14T01:48:03.2325535Z Download action repository 'actions/checkout@v5.0.0' (SHA:08c6903cd8c0fde910a37f88322edcfb5dd907a8)
2025-11-14T01:48:03.3526424Z Download action repository 'pawanbahuguna/action-logs@v2.0.0' (SHA:2fb2206c1749d6d09b8799a05519c08ee503660d)
2025-11-14T01:48:03.9232739Z Complete job name: Download GH action logs
2025-11-14T01:48:03.9828754Z ##[group]Build container for action use: '/home/runner/work/_actions/pawanbahuguna/action-logs/v2.0.0/Dockerfile'.
2025-11-14T01:48:03.9883187Z ##[command]/usr/bin/docker build -t aeb996:fd6a92da33de4f7884e8979b4f2d075f -f "/home/runner/work/_actions/pawanbahuguna/action-logs/v2.0.0/Dockerfile" "/home/runner/work/_actions/pawanbahuguna/action-logs/v2.0.0"
2025-11-14T01:48:07.3317367Z #0 building with "default" instance using docker driver
2025-11-14T01:48:07.3317986Z 
2025-11-14T01:48:07.3318221Z #1 [internal] load build definition from Dockerfile
2025-11-14T01:48:07.3318807Z #1 transferring dockerfile: 347B done
2025-11-14T01:48:07.3319293Z #1 DONE 0.0s
2025-11-14T01:48:07.3319506Z 
2025-11-14T01:48:07.3319822Z #2 [internal] load metadata for docker.io/library/alpine:latest
2025-11-14T01:48:07.5696723Z #2 ...
2025-11-14T01:48:07.5697038Z 
2025-11-14T01:48:07.5697265Z #3 [auth] library/alpine:pull token for registry-1.docker.io
2025-11-14T01:48:07.5697656Z #3 DONE 0.0s
2025-11-14T01:48:07.7196257Z 
2025-11-14T01:48:07.7197114Z #2 [internal] load metadata for docker.io/library/alpine:latest
2025-11-14T01:48:08.1571427Z #2 DONE 1.0s
2025-11-14T01:48:08.2820729Z 
2025-11-14T01:48:08.2822054Z #4 [internal] load .dockerignore
2025-11-14T01:48:08.2822629Z #4 transferring context: 2B done
2025-11-14T01:48:08.2822987Z #4 DONE 0.0s
2025-11-14T01:48:08.2823179Z 
2025-11-14T01:48:08.2823330Z #5 [internal] load build context
2025-11-14T01:48:08.2823726Z #5 transferring context: 2.53kB done
2025-11-14T01:48:08.2824184Z #5 DONE 0.0s
2025-11-14T01:48:08.2824389Z 
2025-11-14T01:48:08.2824996Z #6 [1/4] FROM docker.io/library/alpine:latest@sha256:4b7ce07002c69e8f3d704a9c5d6fd3053be500b7f1c69fc0d80990c2ad8dd412
2025-11-14T01:48:08.2826425Z #6 resolve docker.io/library/alpine:latest@sha256:4b7ce07002c69e8f3d704a9c5d6fd3053be500b7f1c69fc0d80990c2ad8dd412 done
2025-11-14T01:48:08.2827750Z #6 sha256:4b7ce07002c69e8f3d704a9c5d6fd3053be500b7f1c69fc0d80990c2ad8dd412 9.22kB / 9.22kB done
2025-11-14T01:48:08.2829027Z #6 sha256:85f2b723e106c34644cd5851d7e81ee87da98ac54672b29947c052a45d31dc2f 1.02kB / 1.02kB done
2025-11-14T01:48:08.2830180Z #6 sha256:706db57fb2063f39f69632c5b5c9c439633fda35110e65587c5d85553fd1cc38 581B / 581B done
2025-11-14T01:48:08.2831822Z #6 sha256:2d35ebdb57d9971fea0cac1582aa78935adf8058b2cc32db163c98822e5dfa1b 0B / 3.80MB 0.1s
2025-11-14T01:48:08.4526311Z #6 sha256:2d35ebdb57d9971fea0cac1582aa78935adf8058b2cc32db163c98822e5dfa1b 3.80MB / 3.80MB 0.2s done
2025-11-14T01:48:08.4527591Z #6 extracting sha256:2d35ebdb57d9971fea0cac1582aa78935adf8058b2cc32db163c98822e5dfa1b 0.1s done
2025-11-14T01:48:08.6216779Z #6 DONE 0.3s
2025-11-14T01:48:08.6217159Z 
2025-11-14T01:48:08.6217464Z #7 [2/4] RUN apk update && apk add --no-cache curl jq
2025-11-14T01:48:08.6218317Z #7 0.143 fetch https://dl-cdn.alpinelinux.org/alpine/v3.22/main/x86_64/APKINDEX.tar.gz
2025-11-14T01:48:08.8536508Z #7 0.225 fetch https://dl-cdn.alpinelinux.org/alpine/v3.22/community/x86_64/APKINDEX.tar.gz
2025-11-14T01:48:09.0385125Z #7 0.560 v3.22.2-188-g01fda49996a [https://dl-cdn.alpinelinux.org/alpine/v3.22/main]
2025-11-14T01:48:09.0385986Z #7 0.560 v3.22.2-190-g33dddb46085 [https://dl-cdn.alpinelinux.org/alpine/v3.22/community]
2025-11-14T01:48:09.0386646Z #7 0.560 OK: 26320 distinct packages available
2025-11-14T01:48:09.1849392Z #7 0.638 fetch https://dl-cdn.alpinelinux.org/alpine/v3.22/main/x86_64/APKINDEX.tar.gz
2025-11-14T01:48:09.5029764Z #7 0.706 fetch https://dl-cdn.alpinelinux.org/alpine/v3.22/community/x86_64/APKINDEX.tar.gz
2025-11-14T01:48:09.5030578Z #7 1.024 (1/11) Installing brotli-libs (1.1.0-r2)
2025-11-14T01:48:09.7401473Z #7 1.040 (2/11) Installing c-ares (1.34.5-r0)
2025-11-14T01:48:09.7401866Z #7 1.045 (3/11) Installing libunistring (1.3-r0)
2025-11-14T01:48:09.7402279Z #7 1.059 (4/11) Installing libidn2 (2.3.7-r0)
2025-11-14T01:48:09.7402778Z #7 1.063 (5/11) Installing nghttp2-libs (1.65.0-r0)
2025-11-14T01:48:09.7403289Z #7 1.067 (6/11) Installing libpsl (0.21.5-r3)
2025-11-14T01:48:09.7404150Z #7 1.070 (7/11) Installing zstd-libs (1.5.7-r0)
2025-11-14T01:48:09.7404684Z #7 1.078 (8/11) Installing libcurl (8.14.1-r2)
2025-11-14T01:48:09.7405138Z #7 1.086 (9/11) Installing curl (8.14.1-r2)
2025-11-14T01:48:09.7405582Z #7 1.091 (10/11) Installing oniguruma (6.9.10-r0)
2025-11-14T01:48:09.7406047Z #7 1.098 (11/11) Installing jq (1.8.0-r0)
2025-11-14T01:48:09.7406476Z #7 1.105 Executing busybox-1.37.0-r19.trigger
2025-11-14T01:48:09.7406908Z #7 1.111 OK: 13 MiB in 27 packages
2025-11-14T01:48:10.1034880Z #7 DONE 1.6s
2025-11-14T01:48:10.2343240Z 
2025-11-14T01:48:10.2343691Z #8 [3/4] COPY entrypoint.sh /entrypoint.sh
2025-11-14T01:48:10.2344502Z #8 DONE 0.0s
2025-11-14T01:48:10.2344689Z 
2025-11-14T01:48:10.2344854Z #9 [4/4] RUN chmod +x /entrypoint.sh
2025-11-14T01:48:10.2345296Z #9 DONE 0.1s
2025-11-14T01:48:10.3861545Z 
2025-11-14T01:48:10.3861951Z #10 exporting to image
2025-11-14T01:48:10.3862387Z #10 exporting layers
2025-11-14T01:48:11.0107479Z #10 exporting layers 0.8s done
2025-11-14T01:48:11.0321046Z #10 writing image sha256:d320295f4ddd8b2ae5b0248f1a03240d86fe2b96bc2964443a53227bfd87eff8 done
2025-11-14T01:48:11.0321899Z #10 naming to docker.io/library/aeb996:fd6a92da33de4f7884e8979b4f2d075f done
2025-11-14T01:48:11.0411110Z #10 DONE 0.8s
2025-11-14T01:48:11.0418431Z ##[endgroup]
2025-11-14T01:48:11.0664692Z ##[group]Run actions/checkout@v5.0.0
2025-11-14T01:48:11.0665249Z with:
2025-11-14T01:48:11.0665455Z   repository: Boss-1s/scratchattach
2025-11-14T01:48:11.0665885Z   token: ***
2025-11-14T01:48:11.0666060Z   ssh-strict: true
2025-11-14T01:48:11.0666236Z   ssh-user: git
2025-11-14T01:48:11.0666430Z   persist-credentials: true
2025-11-14T01:48:11.0666634Z   clean: true
2025-11-14T01:48:11.0666830Z   sparse-checkout-cone-mode: true
2025-11-14T01:48:11.0667055Z   fetch-depth: 1
2025-11-14T01:48:11.0667232Z   fetch-tags: false
2025-11-14T01:48:11.0667416Z   show-progress: true
2025-11-14T01:48:11.0667594Z   lfs: false
2025-11-14T01:48:11.0667761Z   submodules: false
2025-11-14T01:48:11.0667940Z   set-safe-directory: true
2025-11-14T01:48:11.0668324Z ##[endgroup]
2025-11-14T01:48:11.1570750Z Syncing repository: Boss-1s/scratchattach
2025-11-14T01:48:11.1572139Z ##[group]Getting Git version info
2025-11-14T01:48:11.1572606Z Working directory is '/home/runner/work/scratchattach/scratchattach'
2025-11-14T01:48:11.1573499Z [command]/usr/bin/git version
2025-11-14T01:48:11.1574400Z git version 2.51.2
2025-11-14T01:48:11.1595373Z ##[endgroup]
2025-11-14T01:48:11.1610085Z Temporarily overriding HOME='/home/runner/work/_temp/d61204c2-cf2f-4f18-8dc4-39f6b7a5485c' before making global git config changes
2025-11-14T01:48:11.1611220Z Adding repository directory to the temporary git global config as a safe directory
2025-11-14T01:48:11.1615735Z [command]/usr/bin/git config --global --add safe.directory /home/runner/work/scratchattach/scratchattach
2025-11-14T01:48:11.1658302Z Deleting the contents of '/home/runner/work/scratchattach/scratchattach'
2025-11-14T01:48:11.1662637Z ##[group]Initializing the repository
2025-11-14T01:48:11.1667748Z [command]/usr/bin/git init /home/runner/work/scratchattach/scratchattach
2025-11-14T01:48:11.1806307Z hint: Using 'master' as the name for the initial branch. This default branch name
2025-11-14T01:48:11.1807233Z hint: is subject to change. To configure the initial branch name to use in all
2025-11-14T01:48:11.1808075Z hint: of your new repositories, which will suppress this warning, call:
2025-11-14T01:48:11.1808608Z hint:
2025-11-14T01:48:11.1809037Z hint: 	git config --global init.defaultBranch <name>
2025-11-14T01:48:11.1809627Z hint:
2025-11-14T01:48:11.1810208Z hint: Names commonly chosen instead of 'master' are 'main', 'trunk' and
2025-11-14T01:48:11.1811101Z hint: 'development'. The just-created branch can be renamed via this command:
2025-11-14T01:48:11.1811485Z hint:
2025-11-14T01:48:11.1811667Z hint: 	git branch -m <name>
2025-11-14T01:48:11.1811877Z hint:
2025-11-14T01:48:11.1812179Z hint: Disable this message with "git config set advice.defaultBranchName false"
2025-11-14T01:48:11.1812980Z Initialized empty Git repository in /home/runner/work/scratchattach/scratchattach/.git/
2025-11-14T01:48:11.1823320Z [command]/usr/bin/git remote add origin https://github.com/Boss-1s/scratchattach
2025-11-14T01:48:11.1865243Z ##[endgroup]
2025-11-14T01:48:11.1865909Z ##[group]Disabling automatic garbage collection
2025-11-14T01:48:11.1870190Z [command]/usr/bin/git config --local gc.auto 0
2025-11-14T01:48:11.1900718Z ##[endgroup]
2025-11-14T01:48:11.1901340Z ##[group]Setting up auth
2025-11-14T01:48:11.1908435Z [command]/usr/bin/git config --local --name-only --get-regexp core\.sshCommand
2025-11-14T01:48:11.1941400Z [command]/usr/bin/git submodule foreach --recursive sh -c "git config --local --name-only --get-regexp 'core\.sshCommand' && git config --local --unset-all 'core.sshCommand' || :"
2025-11-14T01:48:11.2335543Z [command]/usr/bin/git config --local --name-only --get-regexp http\.https\:\/\/github\.com\/\.extraheader
2025-11-14T01:48:11.2368830Z [command]/usr/bin/git submodule foreach --recursive sh -c "git config --local --name-only --get-regexp 'http\.https\:\/\/github\.com\/\.extraheader' && git config --local --unset-all 'http.https://github.com/.extraheader' || :"
2025-11-14T01:48:11.2601941Z [command]/usr/bin/git config --local http.https://github.com/.extraheader AUTHORIZATION: basic ***
2025-11-14T01:48:11.2649869Z ##[endgroup]
2025-11-14T01:48:11.2650609Z ##[group]Fetching the repository
2025-11-14T01:48:11.2659834Z [command]/usr/bin/git -c protocol.version=2 fetch --no-tags --prune --no-recurse-submodules --depth=1 origin +1eee16b18ffa1666ac35dc9d51e186f070b14fa9:refs/remotes/origin/main
2025-11-14T01:48:12.4679108Z From https://github.com/Boss-1s/scratchattach
2025-11-14T01:48:12.4679712Z  * [new ref]         1eee16b18ffa1666ac35dc9d51e186f070b14fa9 -> origin/main
2025-11-14T01:48:12.4712329Z ##[endgroup]
2025-11-14T01:48:12.4712683Z ##[group]Determining the checkout info
2025-11-14T01:48:12.4714910Z ##[endgroup]
2025-11-14T01:48:12.4719859Z [command]/usr/bin/git sparse-checkout disable
2025-11-14T01:48:12.4760708Z [command]/usr/bin/git config --local --unset-all extensions.worktreeConfig
2025-11-14T01:48:12.4788895Z ##[group]Checking out the ref
2025-11-14T01:48:12.4793978Z [command]/usr/bin/git checkout --progress --force -B main refs/remotes/origin/main
2025-11-14T01:48:12.8396743Z Switched to a new branch 'main'
2025-11-14T01:48:12.8398004Z branch 'main' set up to track 'origin/main'.
2025-11-14T01:48:12.8440551Z ##[endgroup]
2025-11-14T01:48:12.8480482Z [command]/usr/bin/git log -1 --format=%H
2025-11-14T01:48:12.8503717Z 1eee16b18ffa1666ac35dc9d51e186f070b14fa9
2025-11-14T01:48:12.8687529Z ##[group]Run pawanbahuguna/action-logs@v2.0.0
2025-11-14T01:48:12.8687829Z env:
2025-11-14T01:48:12.8688362Z   GH_TOKEN: ***
2025-11-14T01:48:12.8688579Z   GH_REPO: Boss-1s/scratchattach
2025-11-14T01:48:12.8688801Z   LOGS_DIR: .logs
2025-11-14T01:48:12.8688977Z ##[endgroup]
2025-11-14T01:48:12.8777313Z ##[command]/usr/bin/docker run --name aeb996fd6a92da33de4f7884e8979b4f2d075f_51983b --label aeb996 --workdir /github/workspace --rm -e "GH_TOKEN" -e "GH_REPO" -e "LOGS_DIR" -e "HOME" -e "GITHUB_JOB" -e "GITHUB_REF" -e "GITHUB_SHA" -e "GITHUB_REPOSITORY" -e "GITHUB_REPOSITORY_OWNER" -e "GITHUB_REPOSITORY_OWNER_ID" -e "GITHUB_RUN_ID" -e "GITHUB_RUN_NUMBER" -e "GITHUB_RETENTION_DAYS" -e "GITHUB_RUN_ATTEMPT" -e "GITHUB_ACTOR_ID" -e "GITHUB_ACTOR" -e "GITHUB_WORKFLOW" -e "GITHUB_HEAD_REF" -e "GITHUB_BASE_REF" -e "GITHUB_EVENT_NAME" -e "GITHUB_SERVER_URL" -e "GITHUB_API_URL" -e "GITHUB_GRAPHQL_URL" -e "GITHUB_REF_NAME" -e "GITHUB_REF_PROTECTED" -e "GITHUB_REF_TYPE" -e "GITHUB_WORKFLOW_REF" -e "GITHUB_WORKFLOW_SHA" -e "GITHUB_REPOSITORY_ID" -e "GITHUB_TRIGGERING_ACTOR" -e "GITHUB_WORKSPACE" -e "GITHUB_ACTION" -e "GITHUB_EVENT_PATH" -e "GITHUB_ACTION_REPOSITORY" -e "GITHUB_ACTION_REF" -e "GITHUB_PATH" -e "GITHUB_ENV" -e "GITHUB_STEP_SUMMARY" -e "GITHUB_STATE" -e "GITHUB_OUTPUT" -e "RUNNER_OS" -e "RUNNER_ARCH" -e "RUNNER_NAME" -e "RUNNER_ENVIRONMENT" -e "RUNNER_TOOL_CACHE" -e "RUNNER_TEMP" -e "RUNNER_WORKSPACE" -e "ACTIONS_RUNTIME_URL" -e "ACTIONS_RUNTIME_TOKEN" -e "ACTIONS_CACHE_URL" -e "ACTIONS_RESULTS_URL" -e GITHUB_ACTIONS=true -e CI=true -v "/var/run/docker.sock":"/var/run/docker.sock" -v "/home/runner/work/_temp/_github_home":"/github/home" -v "/home/runner/work/_temp/_github_workflow":"/github/workflow" -v "/home/runner/work/_temp/_runner_file_commands":"/github/file_commands" -v "/home/runner/work/scratchattach/scratchattach":"/github/workspace" aeb996:fd6a92da33de4f7884e8979b4f2d075f
2025-11-14T01:48:13.1552780Z Will only process 24hrs logs before or equal to 2025-11-13T01:48:13Z
2025-11-14T01:48:13.1553797Z Searching Workflow Runs
2025-11-14T01:48:15.8185457Z Fetching Job IDs
2025-11-14T01:48:22.7907829Z mkdir: can't create directory '.logs': File exists
2025-11-14T01:48:22.7914302Z Writing logs for job 55364434530
2025-11-14T01:48:23.0384460Z Writing logs for job 55364230921
2025-11-14T01:48:23.6694307Z Writing logs for job 55335915734
2025-11-14T01:48:24.2610232Z Writing logs for job 55334112960
2025-11-14T01:48:24.8740498Z Writing logs for job 55332148144
2025-11-14T01:48:25.4690700Z Writing logs for job 55329899703
2025-11-14T01:48:26.0218769Z Writing logs for job 55329896661
2025-11-14T01:48:26.5963100Z Writing logs for job 55326997903
2025-11-14T01:48:27.2472160Z Writing logs for job 55326983881
2025-11-14T01:48:27.8515755Z Writing logs for job 55324822005
2025-11-14T01:48:28.4530737Z Writing logs for job 55324809484
2025-11-14T01:48:29.0117333Z Writing logs for job 55300663460
2025-11-14T01:48:30.8256636Z Writing logs for job 55297175247
2025-11-14T01:48:32.6379211Z Writing logs for job 55270022066
2025-11-14T01:48:33.3514307Z Writing logs for job 55268476752
2025-11-14T01:48:34.0557045Z Writing logs for job 55267287498
2025-11-14T01:48:34.7091085Z Writing logs for job 55257249579
2025-11-14T01:48:35.3425250Z Writing logs for job 55252767000
2025-11-14T01:48:36.1351361Z Writing logs for job 55252767006
2025-11-14T01:48:36.8769542Z Writing logs for job 55252766480
2025-11-14T01:48:37.4948910Z Writing logs for job 55252745093
2025-11-14T01:48:38.0760908Z Logs Downloaded and saved!
2025-11-14T01:48:38.0761353Z Starting cleanup
2025-11-14T01:48:38.0767761Z cleanup Completed!!
2025-11-14T01:48:38.1709935Z ##[group]Run git config --global user.name 'Boss_1s [via Actions]'
2025-11-14T01:48:38.1711097Z [36;1mgit config --global user.name 'Boss_1s [via Actions]'[0m
2025-11-14T01:48:38.1711536Z [36;1mgit config --global user.email 'Boss-1s[auto]@users.noreply.github.com'[0m
2025-11-14T01:48:38.1711891Z [36;1m[0m
2025-11-14T01:48:38.1712132Z [36;1mgit pull origin main[0m
2025-11-14T01:48:38.1712334Z [36;1m[0m
2025-11-14T01:48:38.1712544Z [36;1mGIT_STATUS_OUTPUT=$(git status --porcelain)[0m
2025-11-14T01:48:38.1712806Z [36;1m[0m
2025-11-14T01:48:38.1712992Z [36;1mif [ -z "$GIT_STATUS_OUTPUT" ]; then[0m
2025-11-14T01:48:38.1713320Z [36;1m  echo "Git working tree is clean (no uncommitted changes)."[0m
2025-11-14T01:48:38.1713620Z [36;1m  exit 0[0m
2025-11-14T01:48:38.1713790Z [36;1melse[0m
2025-11-14T01:48:38.1714011Z [36;1m  echo "Git working tree has uncommitted changes:"[0m
2025-11-14T01:48:38.1714315Z [36;1m  echo "$GIT_STATUS_OUTPUT"[0m
2025-11-14T01:48:38.1714639Z [36;1m  echo "These changes will be pushed to the main branch."[0m
2025-11-14T01:48:38.1714935Z [36;1mfi[0m
2025-11-14T01:48:38.1715127Z [36;1m[0m
2025-11-14T01:48:38.1715275Z [36;1mgit add .[0m
2025-11-14T01:48:38.1715480Z [36;1mgit commit -m "[BOT] Download Logs"[0m
2025-11-14T01:48:38.1715730Z [36;1mgit push origin main[0m
2025-11-14T01:48:38.1752538Z shell: /usr/bin/bash -e {0}
2025-11-14T01:48:38.1752775Z ##[endgroup]
2025-11-14T01:48:38.5309690Z From https://github.com/Boss-1s/scratchattach
2025-11-14T01:48:38.5310209Z  * branch            main       -> FETCH_HEAD
2025-11-14T01:48:38.5384894Z Already up to date.
2025-11-14T01:48:38.8373467Z Git working tree has uncommitted changes:
2025-11-14T01:48:38.8373837Z ?? .logs/logs-55252745093-2025-11-14.txt
2025-11-14T01:48:38.8374095Z ?? .logs/logs-55252766480-2025-11-14.txt
2025-11-14T01:48:38.8374457Z ?? .logs/logs-55252767000-2025-11-14.txt
2025-11-14T01:48:38.8374846Z ?? .logs/logs-55252767006-2025-11-14.txt
2025-11-14T01:48:38.8375260Z ?? .logs/logs-55257249579-2025-11-14.txt
2025-11-14T01:48:38.8375635Z ?? .logs/logs-55267287498-2025-11-14.txt
2025-11-14T01:48:38.8376035Z ?? .logs/logs-55268476752-2025-11-14.txt
2025-11-14T01:48:38.8376261Z ?? .logs/logs-55270022066-2025-11-14.txt
2025-11-14T01:48:38.8376479Z ?? .logs/logs-55297175247-2025-11-14.txt
2025-11-14T01:48:38.8376693Z ?? .logs/logs-55300663460-2025-11-14.txt
2025-11-14T01:48:38.8376903Z ?? .logs/logs-55324809484-2025-11-14.txt
2025-11-14T01:48:38.8377116Z ?? .logs/logs-55324822005-2025-11-14.txt
2025-11-14T01:48:38.8377330Z ?? .logs/logs-55326983881-2025-11-14.txt
2025-11-14T01:48:38.8377539Z ?? .logs/logs-55326997903-2025-11-14.txt
2025-11-14T01:48:38.8377759Z ?? .logs/logs-55329896661-2025-11-14.txt
2025-11-14T01:48:38.8377971Z ?? .logs/logs-55329899703-2025-11-14.txt
2025-11-14T01:48:38.8378185Z ?? .logs/logs-55332148144-2025-11-14.txt
2025-11-14T01:48:38.8378397Z ?? .logs/logs-55334112960-2025-11-14.txt
2025-11-14T01:48:38.8378627Z ?? .logs/logs-55335915734-2025-11-14.txt
2025-11-14T01:48:38.8378853Z ?? .logs/logs-55364230921-2025-11-14.txt
2025-11-14T01:48:38.8379069Z ?? .logs/logs-55364434530-2025-11-14.txt
2025-11-14T01:48:38.8379320Z These changes will be pushed to the main branch.
2025-11-14T01:48:39.0705421Z [main d03bb74] [BOT] Download Logs
2025-11-14T01:48:39.0705912Z  21 files changed, 196582 insertions(+)
2025-11-14T01:48:39.0706546Z  create mode 100644 .logs/logs-55252745093-2025-11-14.txt
2025-11-14T01:48:39.0707257Z  create mode 100644 .logs/logs-55252766480-2025-11-14.txt
2025-11-14T01:48:39.0707963Z  create mode 100644 .logs/logs-55252767000-2025-11-14.txt
2025-11-14T01:48:39.0708571Z  create mode 100644 .logs/logs-55252767006-2025-11-14.txt
2025-11-14T01:48:39.0709098Z  create mode 100644 .logs/logs-55257249579-2025-11-14.txt
2025-11-14T01:48:39.0709630Z  create mode 100644 .logs/logs-55267287498-2025-11-14.txt
2025-11-14T01:48:39.0710154Z  create mode 100644 .logs/logs-55268476752-2025-11-14.txt
2025-11-14T01:48:39.0711336Z  create mode 100644 .logs/logs-55270022066-2025-11-14.txt
2025-11-14T01:48:39.0711715Z  create mode 100644 .logs/logs-55297175247-2025-11-14.txt
2025-11-14T01:48:39.0712217Z  create mode 100644 .logs/logs-55300663460-2025-11-14.txt
2025-11-14T01:48:39.0712567Z  create mode 100644 .logs/logs-55324809484-2025-11-14.txt
2025-11-14T01:48:39.0712923Z  create mode 100644 .logs/logs-55324822005-2025-11-14.txt
2025-11-14T01:48:39.0713265Z  create mode 100644 .logs/logs-55326983881-2025-11-14.txt
2025-11-14T01:48:39.0713611Z  create mode 100644 .logs/logs-55326997903-2025-11-14.txt
2025-11-14T01:48:39.0713946Z  create mode 100644 .logs/logs-55329896661-2025-11-14.txt
2025-11-14T01:48:39.0714289Z  create mode 100644 .logs/logs-55329899703-2025-11-14.txt
2025-11-14T01:48:39.0714629Z  create mode 100644 .logs/logs-55332148144-2025-11-14.txt
2025-11-14T01:48:39.0714965Z  create mode 100644 .logs/logs-55334112960-2025-11-14.txt
2025-11-14T01:48:39.0715309Z  create mode 100644 .logs/logs-55335915734-2025-11-14.txt
2025-11-14T01:48:39.0715655Z  create mode 100644 .logs/logs-55364230921-2025-11-14.txt
2025-11-14T01:48:39.0715990Z  create mode 100644 .logs/logs-55364434530-2025-11-14.txt
2025-11-14T01:48:41.3403383Z To https://github.com/Boss-1s/scratchattach
2025-11-14T01:48:41.3403737Z    1eee16b..d03bb74  main -> main
2025-11-14T01:48:41.3582285Z Post job cleanup.
2025-11-14T01:48:41.4347865Z [command]/usr/bin/git version
2025-11-14T01:48:41.4384024Z git version 2.51.2
2025-11-14T01:48:41.4414071Z Copying '/home/runner/.gitconfig' to '/home/runner/work/_temp/04c7f19a-6a09-4d05-b9a5-21fbf5f5bedd/.gitconfig'
2025-11-14T01:48:41.4423764Z Temporarily overriding HOME='/home/runner/work/_temp/04c7f19a-6a09-4d05-b9a5-21fbf5f5bedd' before making global git config changes
2025-11-14T01:48:41.4424565Z Adding repository directory to the temporary git global config as a safe directory
2025-11-14T01:48:41.4429536Z [command]/usr/bin/git config --global --add safe.directory /home/runner/work/scratchattach/scratchattach
2025-11-14T01:48:41.4464951Z [command]/usr/bin/git config --local --name-only --get-regexp core\.sshCommand
2025-11-14T01:48:41.4497670Z [command]/usr/bin/git submodule foreach --recursive sh -c "git config --local --name-only --get-regexp 'core\.sshCommand' && git config --local --unset-all 'core.sshCommand' || :"
2025-11-14T01:48:41.4723001Z [command]/usr/bin/git config --local --name-only --get-regexp http\.https\:\/\/github\.com\/\.extraheader
2025-11-14T01:48:41.4744439Z http.https://github.com/.extraheader
2025-11-14T01:48:41.4753765Z [command]/usr/bin/git config --local --unset-all http.https://github.com/.extraheader
2025-11-14T01:48:41.4785846Z [command]/usr/bin/git submodule foreach --recursive sh -c "git config --local --name-only --get-regexp 'http\.https\:\/\/github\.com\/\.extraheader' && git config --local --unset-all 'http.https://github.com/.extraheader' || :"
2025-11-14T01:48:41.5123088Z Cleaning up orphan processes
