2025-09-03T18:53:04.5686004Z Current runner version: '2.328.0'
2025-09-03T18:53:04.5718161Z ##[group]Runner Image Provisioner
2025-09-03T18:53:04.5719830Z Hosted Compute Agent
2025-09-03T18:53:04.5720720Z Version: 20250829.383
2025-09-03T18:53:04.5721656Z Commit: 27cb235aab5b0e52e153a26cd86b4742e89dac5d
2025-09-03T18:53:04.5722915Z Build Date: 2025-08-29T13:48:48Z
2025-09-03T18:53:04.5724024Z ##[endgroup]
2025-09-03T18:53:04.5725043Z ##[group]Operating System
2025-09-03T18:53:04.5726071Z Ubuntu
2025-09-03T18:53:04.5726826Z 24.04.3
2025-09-03T18:53:04.5727632Z LTS
2025-09-03T18:53:04.5728800Z ##[endgroup]
2025-09-03T18:53:04.5729658Z ##[group]Runner Image
2025-09-03T18:53:04.5730604Z Image: ubuntu-24.04
2025-09-03T18:53:04.5731593Z Version: 20250831.1.0
2025-09-03T18:53:04.5733217Z Included Software: https://github.com/actions/runner-images/blob/ubuntu24/20250831.1/images/ubuntu/Ubuntu2404-Readme.md
2025-09-03T18:53:04.5736004Z Image Release: https://github.com/actions/runner-images/releases/tag/ubuntu24%2F20250831.1
2025-09-03T18:53:04.5737727Z ##[endgroup]
2025-09-03T18:53:04.5742440Z ##[group]GITHUB_TOKEN Permissions
2025-09-03T18:53:04.5745505Z Actions: write
2025-09-03T18:53:04.5746544Z Attestations: write
2025-09-03T18:53:04.5747541Z Checks: write
2025-09-03T18:53:04.5748685Z Contents: write
2025-09-03T18:53:04.5749717Z Deployments: write
2025-09-03T18:53:04.5750674Z Discussions: write
2025-09-03T18:53:04.5751592Z Issues: write
2025-09-03T18:53:04.5752571Z Metadata: read
2025-09-03T18:53:04.5753411Z Models: read
2025-09-03T18:53:04.5754292Z Packages: write
2025-09-03T18:53:04.5755316Z Pages: write
2025-09-03T18:53:04.5756217Z PullRequests: write
2025-09-03T18:53:04.5757270Z RepositoryProjects: write
2025-09-03T18:53:04.5758639Z SecurityEvents: write
2025-09-03T18:53:04.5759659Z Statuses: write
2025-09-03T18:53:04.5760624Z ##[endgroup]
2025-09-03T18:53:04.5763768Z Secret source: Actions
2025-09-03T18:53:04.5765291Z Prepare workflow directory
2025-09-03T18:53:04.6157659Z Prepare all required actions
2025-09-03T18:53:04.6213607Z Getting action download info
2025-09-03T18:53:05.1103406Z Download action repository 'actions/checkout@v5' (SHA:08c6903cd8c0fde910a37f88322edcfb5dd907a8)
2025-09-03T18:53:05.2748765Z Download action repository 'actions/setup-python@v5.6.0' (SHA:a26af69be951a213d495a4c3e4e4022e16d87065)
2025-09-03T18:53:05.3886845Z Download action repository 'bossOfCode/install-scratchattach@v1.0.3' (SHA:be17a7cf1ecb5a7040eb42ef26c2e1fbe72bb25a)
2025-09-03T18:53:05.9314571Z Complete job name: Run 1
2025-09-03T18:53:06.0011046Z ##[group]Run actions/checkout@v5
2025-09-03T18:53:06.0011951Z with:
2025-09-03T18:53:06.0012365Z   ref: main
2025-09-03T18:53:06.0012802Z   repository: Boss-1s/scratchattach
2025-09-03T18:53:06.0013522Z   token: ***
2025-09-03T18:53:06.0013948Z   ssh-strict: true
2025-09-03T18:53:06.0014376Z   ssh-user: git
2025-09-03T18:53:06.0014819Z   persist-credentials: true
2025-09-03T18:53:06.0015320Z   clean: true
2025-09-03T18:53:06.0015761Z   sparse-checkout-cone-mode: true
2025-09-03T18:53:06.0016300Z   fetch-depth: 1
2025-09-03T18:53:06.0016760Z   fetch-tags: false
2025-09-03T18:53:06.0017204Z   show-progress: true
2025-09-03T18:53:06.0017654Z   lfs: false
2025-09-03T18:53:06.0018224Z   submodules: false
2025-09-03T18:53:06.0018682Z   set-safe-directory: true
2025-09-03T18:53:06.0019438Z ##[endgroup]
2025-09-03T18:53:06.0926128Z Syncing repository: Boss-1s/scratchattach
2025-09-03T18:53:06.0928334Z ##[group]Getting Git version info
2025-09-03T18:53:06.0929262Z Working directory is '/home/runner/work/scratchattach/scratchattach'
2025-09-03T18:53:06.0930358Z [command]/usr/bin/git version
2025-09-03T18:53:06.0986176Z git version 2.51.0
2025-09-03T18:53:06.1008753Z ##[endgroup]
2025-09-03T18:53:06.1023527Z Temporarily overriding HOME='/home/runner/work/_temp/6adbda3b-1d86-4ec7-92ed-33b0ec1b241d' before making global git config changes
2025-09-03T18:53:06.1024956Z Adding repository directory to the temporary git global config as a safe directory
2025-09-03T18:53:06.1028944Z [command]/usr/bin/git config --global --add safe.directory /home/runner/work/scratchattach/scratchattach
2025-09-03T18:53:06.1067995Z Deleting the contents of '/home/runner/work/scratchattach/scratchattach'
2025-09-03T18:53:06.1071478Z ##[group]Initializing the repository
2025-09-03T18:53:06.1075549Z [command]/usr/bin/git init /home/runner/work/scratchattach/scratchattach
2025-09-03T18:53:06.1172078Z hint: Using 'master' as the name for the initial branch. This default branch name
2025-09-03T18:53:06.1174002Z hint: is subject to change. To configure the initial branch name to use in all
2025-09-03T18:53:06.1175810Z hint: of your new repositories, which will suppress this warning, call:
2025-09-03T18:53:06.1177067Z hint:
2025-09-03T18:53:06.1178190Z hint: 	git config --global init.defaultBranch <name>
2025-09-03T18:53:06.1179137Z hint:
2025-09-03T18:53:06.1180164Z hint: Names commonly chosen instead of 'master' are 'main', 'trunk' and
2025-09-03T18:53:06.1181118Z hint: 'development'. The just-created branch can be renamed via this command:
2025-09-03T18:53:06.1181884Z hint:
2025-09-03T18:53:06.1182304Z hint: 	git branch -m <name>
2025-09-03T18:53:06.1183031Z hint:
2025-09-03T18:53:06.1184006Z hint: Disable this message with "git config set advice.defaultBranchName false"
2025-09-03T18:53:06.1185078Z Initialized empty Git repository in /home/runner/work/scratchattach/scratchattach/.git/
2025-09-03T18:53:06.1187816Z [command]/usr/bin/git remote add origin https://github.com/Boss-1s/scratchattach
2025-09-03T18:53:06.1232602Z ##[endgroup]
2025-09-03T18:53:06.1233390Z ##[group]Disabling automatic garbage collection
2025-09-03T18:53:06.1237446Z [command]/usr/bin/git config --local gc.auto 0
2025-09-03T18:53:06.1266714Z ##[endgroup]
2025-09-03T18:53:06.1268375Z ##[group]Setting up auth
2025-09-03T18:53:06.1274143Z [command]/usr/bin/git config --local --name-only --get-regexp core\.sshCommand
2025-09-03T18:53:06.1304967Z [command]/usr/bin/git submodule foreach --recursive sh -c "git config --local --name-only --get-regexp 'core\.sshCommand' && git config --local --unset-all 'core.sshCommand' || :"
2025-09-03T18:53:06.1631536Z [command]/usr/bin/git config --local --name-only --get-regexp http\.https\:\/\/github\.com\/\.extraheader
2025-09-03T18:53:06.1663582Z [command]/usr/bin/git submodule foreach --recursive sh -c "git config --local --name-only --get-regexp 'http\.https\:\/\/github\.com\/\.extraheader' && git config --local --unset-all 'http.https://github.com/.extraheader' || :"
2025-09-03T18:53:06.1885607Z [command]/usr/bin/git config --local http.https://github.com/.extraheader AUTHORIZATION: basic ***
2025-09-03T18:53:06.1920699Z ##[endgroup]
2025-09-03T18:53:06.1921522Z ##[group]Fetching the repository
2025-09-03T18:53:06.1929728Z [command]/usr/bin/git -c protocol.version=2 fetch --no-tags --prune --no-recurse-submodules --depth=1 origin +refs/heads/main*:refs/remotes/origin/main* +refs/tags/main*:refs/tags/main*
2025-09-03T18:53:06.8264728Z From https://github.com/Boss-1s/scratchattach
2025-09-03T18:53:06.8266528Z  * [new branch]      main       -> origin/main
2025-09-03T18:53:06.8296631Z ##[endgroup]
2025-09-03T18:53:06.8297789Z ##[group]Determining the checkout info
2025-09-03T18:53:06.8303211Z [command]/usr/bin/git branch --list --remote origin/main
2025-09-03T18:53:06.8326033Z   origin/main
2025-09-03T18:53:06.8331402Z ##[endgroup]
2025-09-03T18:53:06.8334998Z [command]/usr/bin/git sparse-checkout disable
2025-09-03T18:53:06.8378527Z [command]/usr/bin/git config --local --unset-all extensions.worktreeConfig
2025-09-03T18:53:06.8411200Z ##[group]Checking out the ref
2025-09-03T18:53:06.8413513Z [command]/usr/bin/git checkout --progress --force -B main refs/remotes/origin/main
2025-09-03T18:53:06.8785059Z Switched to a new branch 'main'
2025-09-03T18:53:06.8786743Z branch 'main' set up to track 'origin/main'.
2025-09-03T18:53:06.8797559Z ##[endgroup]
2025-09-03T18:53:06.8836838Z [command]/usr/bin/git log -1 --format=%H
2025-09-03T18:53:06.8859558Z 00676d5627fb895633b963fa027217c9b38c324b
2025-09-03T18:53:06.9166364Z ##[group]Run actions/setup-python@v5.6.0
2025-09-03T18:53:06.9168041Z with:
2025-09-03T18:53:06.9168904Z   python-version: 3.12.5
2025-09-03T18:53:06.9169927Z   check-latest: false
2025-09-03T18:53:06.9171148Z   token: ***
2025-09-03T18:53:06.9172042Z   update-environment: true
2025-09-03T18:53:06.9173115Z   allow-prereleases: false
2025-09-03T18:53:06.9174162Z   freethreaded: false
2025-09-03T18:53:06.9175096Z ##[endgroup]
2025-09-03T18:53:07.0829256Z ##[group]Installed versions
2025-09-03T18:53:07.0924078Z Version 3.12.5 was not found in the local cache
2025-09-03T18:53:08.1124531Z Version 3.12.5 is available for downloading
2025-09-03T18:53:08.1126115Z Download from "https://github.com/actions/python-versions/releases/download/3.12.5-10375840348/python-3.12.5-linux-24.04-x64.tar.gz"
2025-09-03T18:53:09.1389370Z Extract downloaded archive
2025-09-03T18:53:09.1517724Z [command]/usr/bin/tar xz --warning=no-unknown-keyword --overwrite -C /home/runner/work/_temp/1237920e-41cb-4a5d-9eaf-e0e98b5552d0 -f /home/runner/work/_temp/55296fad-89d8-44c9-9e45-af137b471ffd
2025-09-03T18:53:11.1470178Z Execute installation script
2025-09-03T18:53:11.1562798Z Check if Python hostedtoolcache folder exist...
2025-09-03T18:53:11.1563544Z Create Python 3.12.5 folder
2025-09-03T18:53:11.1577581Z Copy Python binaries to hostedtoolcache folder
2025-09-03T18:53:11.7091944Z Create additional symlinks (Required for the UsePythonVersion Azure Pipelines task and the setup-python GitHub Action)
2025-09-03T18:53:11.7132547Z Upgrading pip...
2025-09-03T18:53:14.1321433Z Looking in links: /tmp/tmpdvko125l
2025-09-03T18:53:14.1325439Z Requirement already satisfied: pip in /opt/hostedtoolcache/Python/3.12.5/x64/lib/python3.12/site-packages (24.2)
2025-09-03T18:53:15.7089934Z Collecting pip
2025-09-03T18:53:15.7900097Z Downloading pip-25.2-py3-none-any.whl.metadata (4.7 kB)
2025-09-03T18:53:15.8085347Z Downloading pip-25.2-py3-none-any.whl (1.8 MB)
2025-09-03T18:53:15.8810523Z ━━━━━━━━━━━━━━━━━━━━━━━━━━━━━━━━━━━━━━━━ 1.8/1.8 MB 42.0 MB/s eta 0:00:00
2025-09-03T18:53:15.8811105Z 
2025-09-03T18:53:15.9117089Z Installing collected packages: pip
2025-09-03T18:53:15.9118343Z Attempting uninstall: pip
2025-09-03T18:53:15.9139873Z Found existing installation: pip 24.2
2025-09-03T18:53:15.9496317Z Uninstalling pip-24.2:
2025-09-03T18:53:15.9555345Z Successfully uninstalled pip-24.2
2025-09-03T18:53:16.8320404Z Successfully installed pip-25.2
2025-09-03T18:53:16.8875174Z Create complete file
2025-09-03T18:53:16.8915067Z Successfully set up CPython (3.12.5)
2025-09-03T18:53:16.8916531Z ##[endgroup]
2025-09-03T18:53:16.9072513Z ##[group]Run bossOfCode/install-scratchattach@v1.0.3
2025-09-03T18:53:16.9072865Z env:
2025-09-03T18:53:16.9073110Z   pythonLocation: /opt/hostedtoolcache/Python/3.12.5/x64
2025-09-03T18:53:16.9073537Z   PKG_CONFIG_PATH: /opt/hostedtoolcache/Python/3.12.5/x64/lib/pkgconfig
2025-09-03T18:53:16.9073936Z   Python_ROOT_DIR: /opt/hostedtoolcache/Python/3.12.5/x64
2025-09-03T18:53:16.9074307Z   Python2_ROOT_DIR: /opt/hostedtoolcache/Python/3.12.5/x64
2025-09-03T18:53:16.9074653Z   Python3_ROOT_DIR: /opt/hostedtoolcache/Python/3.12.5/x64
2025-09-03T18:53:16.9075015Z   LD_LIBRARY_PATH: /opt/hostedtoolcache/Python/3.12.5/x64/lib
2025-09-03T18:53:16.9075314Z ##[endgroup]
2025-09-03T18:53:16.9224496Z ##[group]Run python3 -m pip install --upgrade pip
2025-09-03T18:53:16.9224936Z [36;1mpython3 -m pip install --upgrade pip[0m
2025-09-03T18:53:16.9282893Z shell: /usr/bin/bash --noprofile --norc -e -o pipefail {0}
2025-09-03T18:53:16.9283260Z env:
2025-09-03T18:53:16.9283575Z   pythonLocation: /opt/hostedtoolcache/Python/3.12.5/x64
2025-09-03T18:53:16.9283978Z   PKG_CONFIG_PATH: /opt/hostedtoolcache/Python/3.12.5/x64/lib/pkgconfig
2025-09-03T18:53:16.9284387Z   Python_ROOT_DIR: /opt/hostedtoolcache/Python/3.12.5/x64
2025-09-03T18:53:16.9284752Z   Python2_ROOT_DIR: /opt/hostedtoolcache/Python/3.12.5/x64
2025-09-03T18:53:16.9285124Z   Python3_ROOT_DIR: /opt/hostedtoolcache/Python/3.12.5/x64
2025-09-03T18:53:16.9285481Z   LD_LIBRARY_PATH: /opt/hostedtoolcache/Python/3.12.5/x64/lib
2025-09-03T18:53:16.9285779Z ##[endgroup]
2025-09-03T18:53:17.6231750Z Requirement already satisfied: pip in /opt/hostedtoolcache/Python/3.12.5/x64/lib/python3.12/site-packages (25.2)
2025-09-03T18:53:17.8583286Z ##[group]Run pip install -U scratchattach
2025-09-03T18:53:17.8583626Z [36;1mpip install -U scratchattach[0m
2025-09-03T18:53:17.8614012Z shell: /usr/bin/bash --noprofile --norc -e -o pipefail {0}
2025-09-03T18:53:17.8614335Z env:
2025-09-03T18:53:17.8614606Z   pythonLocation: /opt/hostedtoolcache/Python/3.12.5/x64
2025-09-03T18:53:17.8615039Z   PKG_CONFIG_PATH: /opt/hostedtoolcache/Python/3.12.5/x64/lib/pkgconfig
2025-09-03T18:53:17.8615453Z   Python_ROOT_DIR: /opt/hostedtoolcache/Python/3.12.5/x64
2025-09-03T18:53:17.8615803Z   Python2_ROOT_DIR: /opt/hostedtoolcache/Python/3.12.5/x64
2025-09-03T18:53:17.8616158Z   Python3_ROOT_DIR: /opt/hostedtoolcache/Python/3.12.5/x64
2025-09-03T18:53:17.8616514Z   LD_LIBRARY_PATH: /opt/hostedtoolcache/Python/3.12.5/x64/lib
2025-09-03T18:53:17.8616808Z ##[endgroup]
2025-09-03T18:53:18.3830995Z Collecting scratchattach
2025-09-03T18:53:18.4388624Z   Downloading scratchattach-2.1.13-py3-none-any.whl.metadata (5.5 kB)
2025-09-03T18:53:18.4731378Z Collecting websocket-client (from scratchattach)
2025-09-03T18:53:18.4842163Z   Downloading websocket_client-1.8.0-py3-none-any.whl.metadata (8.0 kB)
2025-09-03T18:53:18.5281840Z Collecting requests (from scratchattach)
2025-09-03T18:53:18.5392820Z   Downloading requests-2.32.5-py3-none-any.whl.metadata (4.9 kB)
2025-09-03T18:53:18.5637818Z Collecting bs4 (from scratchattach)
2025-09-03T18:53:18.5744347Z   Downloading bs4-0.0.2-py2.py3-none-any.whl.metadata (411 bytes)
2025-09-03T18:53:18.5974008Z Collecting SimpleWebSocketServer (from scratchattach)
2025-09-03T18:53:18.6098269Z   Downloading SimpleWebSocketServer-0.1.2.tar.gz (10 kB)
2025-09-03T18:53:18.6187326Z   Installing build dependencies: started
2025-09-03T18:53:19.5681868Z   Installing build dependencies: finished with status 'done'
2025-09-03T18:53:19.5687728Z   Getting requirements to build wheel: started
2025-09-03T18:53:19.9280834Z   Getting requirements to build wheel: finished with status 'done'
2025-09-03T18:53:19.9290306Z   Preparing metadata (pyproject.toml): started
2025-09-03T18:53:20.1167294Z   Preparing metadata (pyproject.toml): finished with status 'done'
2025-09-03T18:53:20.1470050Z Collecting typing-extensions (from scratchattach)
2025-09-03T18:53:20.1581541Z   Downloading typing_extensions-4.15.0-py3-none-any.whl.metadata (3.3 kB)
2025-09-03T18:53:20.1912094Z Collecting beautifulsoup4 (from bs4->scratchattach)
2025-09-03T18:53:20.2021637Z   Downloading beautifulsoup4-4.13.5-py3-none-any.whl.metadata (3.8 kB)
2025-09-03T18:53:20.2347544Z Collecting soupsieve>1.2 (from beautifulsoup4->bs4->scratchattach)
2025-09-03T18:53:20.2454668Z   Downloading soupsieve-2.8-py3-none-any.whl.metadata (4.6 kB)
2025-09-03T18:53:20.3742057Z Collecting charset_normalizer<4,>=2 (from requests->scratchattach)
2025-09-03T18:53:20.3851456Z   Downloading charset_normalizer-3.4.3-cp312-cp312-manylinux2014_x86_64.manylinux_2_17_x86_64.manylinux_2_28_x86_64.whl.metadata (36 kB)
2025-09-03T18:53:20.4204703Z Collecting idna<4,>=2.5 (from requests->scratchattach)
2025-09-03T18:53:20.4313473Z   Downloading idna-3.10-py3-none-any.whl.metadata (10 kB)
2025-09-03T18:53:20.4735337Z Collecting urllib3<3,>=1.21.1 (from requests->scratchattach)
2025-09-03T18:53:20.4843187Z   Downloading urllib3-2.5.0-py3-none-any.whl.metadata (6.5 kB)
2025-09-03T18:53:20.5180913Z Collecting certifi>=2017.4.17 (from requests->scratchattach)
2025-09-03T18:53:20.5294474Z   Downloading certifi-2025.8.3-py3-none-any.whl.metadata (2.4 kB)
2025-09-03T18:53:20.5469959Z Downloading scratchattach-2.1.13-py3-none-any.whl (141 kB)
2025-09-03T18:53:20.5705548Z Downloading bs4-0.0.2-py2.py3-none-any.whl (1.2 kB)
2025-09-03T18:53:20.5830791Z Downloading beautifulsoup4-4.13.5-py3-none-any.whl (105 kB)
2025-09-03T18:53:20.5974669Z Downloading soupsieve-2.8-py3-none-any.whl (36 kB)
2025-09-03T18:53:20.6114795Z Downloading typing_extensions-4.15.0-py3-none-any.whl (44 kB)
2025-09-03T18:53:20.6254526Z Downloading requests-2.32.5-py3-none-any.whl (64 kB)
2025-09-03T18:53:20.6387284Z Downloading charset_normalizer-3.4.3-cp312-cp312-manylinux2014_x86_64.manylinux_2_17_x86_64.manylinux_2_28_x86_64.whl (151 kB)
2025-09-03T18:53:20.6533713Z Downloading idna-3.10-py3-none-any.whl (70 kB)
2025-09-03T18:53:20.6675753Z Downloading urllib3-2.5.0-py3-none-any.whl (129 kB)
2025-09-03T18:53:20.6805886Z Downloading certifi-2025.8.3-py3-none-any.whl (161 kB)
2025-09-03T18:53:20.6950043Z Downloading websocket_client-1.8.0-py3-none-any.whl (58 kB)
2025-09-03T18:53:20.7084727Z Building wheels for collected packages: SimpleWebSocketServer
2025-09-03T18:53:20.7093833Z   Building wheel for SimpleWebSocketServer (pyproject.toml): started
2025-09-03T18:53:20.9358254Z   Building wheel for SimpleWebSocketServer (pyproject.toml): finished with status 'done'
2025-09-03T18:53:20.9364222Z   Created wheel for SimpleWebSocketServer: filename=simplewebsocketserver-0.1.2-py3-none-any.whl size=9715 sha256=1d20cb8085252949af3f8d94ffe035e0f0aaa2cf42adbd7fecbe3d75d50a91aa
2025-09-03T18:53:20.9365560Z   Stored in directory: /home/runner/.cache/pip/wheels/81/fd/d8/f145b47bedceb5dff96b76e404a4ee9be956a4f8f150cd8133
2025-09-03T18:53:20.9384316Z Successfully built SimpleWebSocketServer
2025-09-03T18:53:20.9558677Z Installing collected packages: SimpleWebSocketServer, websocket-client, urllib3, typing-extensions, soupsieve, idna, charset_normalizer, certifi, requests, beautifulsoup4, bs4, scratchattach
2025-09-03T18:53:21.5277503Z 
2025-09-03T18:53:21.5296734Z Successfully installed SimpleWebSocketServer-0.1.2 beautifulsoup4-4.13.5 bs4-0.0.2 certifi-2025.8.3 charset_normalizer-3.4.3 idna-3.10 requests-2.32.5 scratchattach-2.1.13 soupsieve-2.8 typing-extensions-4.15.0 urllib3-2.5.0 websocket-client-1.8.0
2025-09-03T18:53:21.6115495Z ##[group]Run actions/checkout@v5
2025-09-03T18:53:21.6115755Z with:
2025-09-03T18:53:21.6115932Z   ref: main
2025-09-03T18:53:21.6116127Z   repository: Boss-1s/scratchattach
2025-09-03T18:53:21.6116490Z   token: ***
2025-09-03T18:53:21.6116672Z   ssh-strict: true
2025-09-03T18:53:21.6116864Z   ssh-user: git
2025-09-03T18:53:21.6117064Z   persist-credentials: true
2025-09-03T18:53:21.6117284Z   clean: true
2025-09-03T18:53:21.6117473Z   sparse-checkout-cone-mode: true
2025-09-03T18:53:21.6117710Z   fetch-depth: 1
2025-09-03T18:53:21.6118113Z   fetch-tags: false
2025-09-03T18:53:21.6118304Z   show-progress: true
2025-09-03T18:53:21.6118495Z   lfs: false
2025-09-03T18:53:21.6118669Z   submodules: false
2025-09-03T18:53:21.6118858Z   set-safe-directory: true
2025-09-03T18:53:21.6119064Z env:
2025-09-03T18:53:21.6119289Z   pythonLocation: /opt/hostedtoolcache/Python/3.12.5/x64
2025-09-03T18:53:21.6119689Z   PKG_CONFIG_PATH: /opt/hostedtoolcache/Python/3.12.5/x64/lib/pkgconfig
2025-09-03T18:53:21.6120097Z   Python_ROOT_DIR: /opt/hostedtoolcache/Python/3.12.5/x64
2025-09-03T18:53:21.6120435Z   Python2_ROOT_DIR: /opt/hostedtoolcache/Python/3.12.5/x64
2025-09-03T18:53:21.6120771Z   Python3_ROOT_DIR: /opt/hostedtoolcache/Python/3.12.5/x64
2025-09-03T18:53:21.6121109Z   LD_LIBRARY_PATH: /opt/hostedtoolcache/Python/3.12.5/x64/lib
2025-09-03T18:53:21.6121396Z ##[endgroup]
2025-09-03T18:53:21.6891955Z Syncing repository: Boss-1s/scratchattach
2025-09-03T18:53:21.6894822Z ##[group]Getting Git version info
2025-09-03T18:53:21.6895347Z Working directory is '/home/runner/work/scratchattach/scratchattach'
2025-09-03T18:53:21.6932155Z [command]/usr/bin/git version
2025-09-03T18:53:21.6970589Z git version 2.51.0
2025-09-03T18:53:21.6991624Z ##[endgroup]
2025-09-03T18:53:21.7006653Z Temporarily overriding HOME='/home/runner/work/_temp/36d7715f-68d6-4a46-88ad-75d80541f95c' before making global git config changes
2025-09-03T18:53:21.7008165Z Adding repository directory to the temporary git global config as a safe directory
2025-09-03T18:53:21.7012868Z [command]/usr/bin/git config --global --add safe.directory /home/runner/work/scratchattach/scratchattach
2025-09-03T18:53:21.7051235Z [command]/usr/bin/git config --local --get remote.origin.url
2025-09-03T18:53:21.7072416Z https://github.com/Boss-1s/scratchattach
2025-09-03T18:53:21.7084628Z ##[group]Removing previously created refs, to avoid conflicts
2025-09-03T18:53:21.7088762Z [command]/usr/bin/git rev-parse --symbolic-full-name --verify --quiet HEAD
2025-09-03T18:53:21.7108531Z refs/heads/main
2025-09-03T18:53:21.7118189Z [command]/usr/bin/git checkout --detach
2025-09-03T18:53:21.7429852Z HEAD is now at 00676d5 [BOT] Download Logs
2025-09-03T18:53:21.7478429Z [command]/usr/bin/git branch --delete --force main
2025-09-03T18:53:21.7505451Z Deleted branch main (was 00676d5).
2025-09-03T18:53:21.7541925Z ##[endgroup]
2025-09-03T18:53:21.7545800Z [command]/usr/bin/git submodule status
2025-09-03T18:53:21.7772952Z ##[group]Cleaning the repository
2025-09-03T18:53:21.7778609Z [command]/usr/bin/git clean -ffdx
2025-09-03T18:53:21.7812577Z [command]/usr/bin/git reset --hard HEAD
2025-09-03T18:53:21.7847626Z HEAD is now at 00676d5 [BOT] Download Logs
2025-09-03T18:53:21.7853234Z ##[endgroup]
2025-09-03T18:53:21.7855023Z ##[group]Disabling automatic garbage collection
2025-09-03T18:53:21.7859244Z [command]/usr/bin/git config --local gc.auto 0
2025-09-03T18:53:21.7885070Z ##[endgroup]
2025-09-03T18:53:21.7885440Z ##[group]Setting up auth
2025-09-03T18:53:21.7891988Z [command]/usr/bin/git config --local --name-only --get-regexp core\.sshCommand
2025-09-03T18:53:21.7921393Z [command]/usr/bin/git submodule foreach --recursive sh -c "git config --local --name-only --get-regexp 'core\.sshCommand' && git config --local --unset-all 'core.sshCommand' || :"
2025-09-03T18:53:21.8159142Z [command]/usr/bin/git config --local --name-only --get-regexp http\.https\:\/\/github\.com\/\.extraheader
2025-09-03T18:53:21.8185179Z http.https://github.com/.extraheader
2025-09-03T18:53:21.8197779Z [command]/usr/bin/git config --local --unset-all http.https://github.com/.extraheader
2025-09-03T18:53:21.8235689Z [command]/usr/bin/git submodule foreach --recursive sh -c "git config --local --name-only --get-regexp 'http\.https\:\/\/github\.com\/\.extraheader' && git config --local --unset-all 'http.https://github.com/.extraheader' || :"
2025-09-03T18:53:21.8493080Z [command]/usr/bin/git config --local http.https://github.com/.extraheader AUTHORIZATION: basic ***
2025-09-03T18:53:21.8536149Z ##[endgroup]
2025-09-03T18:53:21.8536665Z ##[group]Fetching the repository
2025-09-03T18:53:21.8544814Z [command]/usr/bin/git -c protocol.version=2 fetch --no-tags --prune --no-recurse-submodules --depth=1 origin +refs/heads/main*:refs/remotes/origin/main* +refs/tags/main*:refs/tags/main*
2025-09-03T18:53:22.1772602Z ##[endgroup]
2025-09-03T18:53:22.1773244Z ##[group]Determining the checkout info
2025-09-03T18:53:22.1780789Z [command]/usr/bin/git branch --list --remote origin/main
2025-09-03T18:53:22.1804693Z   origin/main
2025-09-03T18:53:22.1809299Z ##[endgroup]
2025-09-03T18:53:22.1813552Z [command]/usr/bin/git sparse-checkout disable
2025-09-03T18:53:22.1851685Z [command]/usr/bin/git config --local --unset-all extensions.worktreeConfig
2025-09-03T18:53:22.1876200Z ##[group]Checking out the ref
2025-09-03T18:53:22.1880074Z [command]/usr/bin/git checkout --progress --force -B main refs/remotes/origin/main
2025-09-03T18:53:22.1918558Z Switched to a new branch 'main'
2025-09-03T18:53:22.1922131Z branch 'main' set up to track 'origin/main'.
2025-09-03T18:53:22.1928794Z ##[endgroup]
2025-09-03T18:53:22.1962537Z [command]/usr/bin/git log -1 --format=%H
2025-09-03T18:53:22.1985114Z 00676d5627fb895633b963fa027217c9b38c324b
2025-09-03T18:53:22.2093054Z ##[group]Run timeout 359m python3 message_viewer.py || { [[ $? -eq 124 ]] && exit 0; }
2025-09-03T18:53:22.2093615Z [36;1mtimeout 359m python3 message_viewer.py || { [[ $? -eq 124 ]] && exit 0; }[0m
2025-09-03T18:53:22.2124409Z shell: /usr/bin/bash -e {0}
2025-09-03T18:53:22.2124648Z env:
2025-09-03T18:53:22.2124906Z   pythonLocation: /opt/hostedtoolcache/Python/3.12.5/x64
2025-09-03T18:53:22.2125315Z   PKG_CONFIG_PATH: /opt/hostedtoolcache/Python/3.12.5/x64/lib/pkgconfig
2025-09-03T18:53:22.2125884Z   Python_ROOT_DIR: /opt/hostedtoolcache/Python/3.12.5/x64
2025-09-03T18:53:22.2126234Z   Python2_ROOT_DIR: /opt/hostedtoolcache/Python/3.12.5/x64
2025-09-03T18:53:22.2126583Z   Python3_ROOT_DIR: /opt/hostedtoolcache/Python/3.12.5/x64
2025-09-03T18:53:22.2126933Z   LD_LIBRARY_PATH: /opt/hostedtoolcache/Python/3.12.5/x64/lib
2025-09-03T18:53:22.2127379Z   PASS: ***
2025-09-03T18:53:22.2127563Z ##[endgroup]
2025-09-03T18:53:23.3317134Z Thanks for giving credit for CloudRequests!
2025-09-03T18:53:23.3317580Z Request handler is running
2025-09-03T18:53:23.3323510Z Request handler is running
2025-09-04T00:34:13.1443030Z CloudEvents: Disconnected. Reconnecting ... 1756926330.210942
2025-09-04T00:34:13.1443687Z CloudEvents: Reconnected. 1756926330.3111598
2025-09-04T00:34:13.1444165Z CloudEvents: Disconnected. Reconnecting ... 1756926470.4725761
2025-09-04T00:34:13.1444633Z CloudEvents: Reconnected. 1756926470.5727637
2025-09-04T00:34:13.1445081Z CloudEvents: Disconnected. Reconnecting ... 1756926508.906255
2025-09-04T00:34:13.1445555Z CloudEvents: Reconnected. 1756926509.0064492
2025-09-04T00:34:13.1446003Z CloudEvents: Disconnected. Reconnecting ... 1756926511.4744115
2025-09-04T00:34:13.1446455Z CloudEvents: Reconnected. 1756926511.5745897
2025-09-04T00:34:13.1446893Z CloudEvents: Disconnected. Reconnecting ... 1756926515.6213737
2025-09-04T00:34:13.1447345Z CloudEvents: Reconnected. 1756926515.7215714
2025-09-04T00:34:13.1447788Z CloudEvents: Disconnected. Reconnecting ... 1756926515.9672616
2025-09-04T00:34:13.1448492Z CloudEvents: Reconnected. 1756926516.0674534
2025-09-04T00:34:13.1448948Z CloudEvents: Disconnected. Reconnecting ... 1756926652.4320626
2025-09-04T00:34:13.1449396Z CloudEvents: Reconnected. 1756926652.5322697
2025-09-04T00:34:13.1449840Z CloudEvents: Disconnected. Reconnecting ... 1756927705.839897
2025-09-04T00:34:13.1450330Z CloudEvents: Reconnected. 1756927705.9400718
2025-09-04T00:34:13.1450771Z CloudEvents: Disconnected. Reconnecting ... 1756927764.4590747
2025-09-04T00:34:13.1451227Z CloudEvents: Reconnected. 1756927764.5592666
2025-09-04T00:34:13.1451667Z CloudEvents: Disconnected. Reconnecting ... 1756928129.274034
2025-09-04T00:34:13.1452109Z CloudEvents: Reconnected. 1756928129.3742123
2025-09-04T00:34:13.1452547Z CloudEvents: Disconnected. Reconnecting ... 1756928140.100415
2025-09-04T00:34:13.1452995Z CloudEvents: Reconnected. 1756928140.2005568
2025-09-04T00:34:13.1453478Z CloudEvents: Disconnected. Reconnecting ... 1756928140.4335845
2025-09-04T00:34:13.1453929Z CloudEvents: Reconnected. 1756928140.5337815
2025-09-04T00:34:13.1454373Z CloudEvents: Disconnected. Reconnecting ... 1756928140.7901855
2025-09-04T00:34:13.1454828Z CloudEvents: Reconnected. 1756928140.8903866
2025-09-04T00:34:13.1455233Z CloudEvents: Disconnected. Reconnecting ... 1756928362.8540955
2025-09-04T00:34:13.1455595Z CloudEvents: Reconnected. 1756928362.9542606
2025-09-04T00:34:13.1455947Z CloudEvents: Disconnected. Reconnecting ... 1756928757.215283
2025-09-04T00:34:13.1456303Z CloudEvents: Reconnected. 1756928757.3154469
2025-09-04T00:34:13.1456664Z CloudEvents: Disconnected. Reconnecting ... 1756928973.5829144
2025-09-04T00:34:13.1457025Z CloudEvents: Reconnected. 1756928973.6830769
2025-09-04T00:34:13.1457377Z CloudEvents: Disconnected. Reconnecting ... 1756929116.7165928
2025-09-04T00:34:13.1457741Z CloudEvents: Reconnected. 1756929116.8167775
2025-09-04T00:34:13.1458206Z CloudEvents: Disconnected. Reconnecting ... 1756929117.0653431
2025-09-04T00:34:13.1459023Z CloudEvents: Reconnected. 1756929117.1655178
2025-09-04T00:34:13.1459392Z CloudEvents: Disconnected. Reconnecting ... 1756929118.880554
2025-09-04T00:34:13.1459746Z CloudEvents: Reconnected. 1756929118.9807506
2025-09-04T00:34:13.1460100Z CloudEvents: Disconnected. Reconnecting ... 1756929405.0684536
2025-09-04T00:34:13.1460463Z CloudEvents: Reconnected. 1756929405.168624
2025-09-04T00:34:13.1460813Z CloudEvents: Disconnected. Reconnecting ... 1756929433.9499614
2025-09-04T00:34:13.1461174Z CloudEvents: Reconnected. 1756929434.0501368
2025-09-04T00:34:13.1461696Z CloudEvents: Disconnected. Reconnecting ... 1756929641.9130194
2025-09-04T00:34:13.1462050Z CloudEvents: Reconnected. 1756929642.0132084
2025-09-04T00:34:13.1462400Z CloudEvents: Disconnected. Reconnecting ... 1756929796.988682
2025-09-04T00:34:13.1462756Z CloudEvents: Reconnected. 1756929797.0888543
2025-09-04T00:34:13.1463099Z CloudEvents: Disconnected. Reconnecting ... 1756929835.626408
2025-09-04T00:34:13.1463453Z CloudEvents: Reconnected. 1756929835.7265766
2025-09-04T00:34:13.1463805Z CloudEvents: Disconnected. Reconnecting ... 1756930522.4699962
2025-09-04T00:34:13.1464164Z CloudEvents: Reconnected. 1756930522.570157
2025-09-04T00:34:13.1464515Z CloudEvents: Disconnected. Reconnecting ... 1756931309.1583276
2025-09-04T00:34:13.1464869Z CloudEvents: Reconnected. 1756931309.2585444
2025-09-04T00:34:13.1465223Z CloudEvents: Disconnected. Reconnecting ... 1756931379.9592192
2025-09-04T00:34:13.1465584Z CloudEvents: Reconnected. 1756931380.0593915
2025-09-04T00:34:13.1465901Z CloudEvents: Disconnected. Reconnecting ... 1756931642.8935015
2025-09-04T00:34:13.1466243Z CloudEvents: Reconnected. 1756931642.9936929
2025-09-04T00:34:13.1466552Z CloudEvents: Disconnected. Reconnecting ... 1756931649.140046
2025-09-04T00:34:13.1466867Z CloudEvents: Reconnected. 1756931649.2402444
2025-09-04T00:34:13.1467183Z CloudEvents: Disconnected. Reconnecting ... 1756932203.4186866
2025-09-04T00:34:13.1467501Z CloudEvents: Reconnected. 1756932203.5188444
2025-09-04T00:34:13.1467808Z CloudEvents: Disconnected. Reconnecting ... 1756932203.785015
2025-09-04T00:34:13.1468237Z CloudEvents: Reconnected. 1756932203.8851748
2025-09-04T00:34:13.1468541Z CloudEvents: Disconnected. Reconnecting ... 1756932277.5594814
2025-09-04T00:34:13.1468856Z CloudEvents: Reconnected. 1756932277.6596615
2025-09-04T00:34:13.1469165Z CloudEvents: Disconnected. Reconnecting ... 1756932346.5361216
2025-09-04T00:34:13.1469548Z CloudEvents: Reconnected. 1756932346.6363082
2025-09-04T00:34:13.1469883Z CloudEvents: Disconnected. Reconnecting ... 1756932839.9541328
2025-09-04T00:34:13.1470208Z CloudEvents: Reconnected. 1756932840.054306
2025-09-04T00:34:13.1470546Z CloudEvents: Disconnected. Reconnecting ... 1756933189.3294506
2025-09-04T00:34:13.1470858Z CloudEvents: Reconnected. 1756933189.4296305
2025-09-04T00:34:13.1471171Z CloudEvents: Disconnected. Reconnecting ... 1756933366.2913072
2025-09-04T00:34:13.1471496Z CloudEvents: Reconnected. 1756933366.391478
2025-09-04T00:34:13.1471816Z CloudEvents: Disconnected. Reconnecting ... 1756933419.627541
2025-09-04T00:34:13.1472137Z CloudEvents: Reconnected. 1756933419.727739
2025-09-04T00:34:13.1472457Z CloudEvents: Disconnected. Reconnecting ... 1756933725.7372186
2025-09-04T00:34:13.1472776Z CloudEvents: Reconnected. 1756933725.8374171
2025-09-04T00:34:13.1473093Z CloudEvents: Disconnected. Reconnecting ... 1756933760.8536227
2025-09-04T00:34:13.1473414Z CloudEvents: Reconnected. 1756933760.9538476
2025-09-04T00:34:13.1473723Z CloudEvents: Disconnected. Reconnecting ... 1756934148.4255722
2025-09-04T00:34:13.1474048Z CloudEvents: Reconnected. 1756934148.5257726
2025-09-04T00:34:13.1474441Z CloudEvents: Disconnected. Reconnecting ... 1756935145.228179
2025-09-04T00:34:13.1474760Z CloudEvents: Reconnected. 1756935145.3283608
2025-09-04T00:34:13.1475078Z CloudEvents: Disconnected. Reconnecting ... 1756935213.4153748
2025-09-04T00:34:13.1475389Z CloudEvents: Reconnected. 1756935213.5155241
2025-09-04T00:34:13.1475703Z CloudEvents: Disconnected. Reconnecting ... 1756936025.9416568
2025-09-04T00:34:13.1476178Z CloudEvents: Reconnected. 1756936026.0418737
2025-09-04T00:34:13.1476500Z CloudEvents: Disconnected. Reconnecting ... 1756936224.1055205
2025-09-04T00:34:13.1476819Z CloudEvents: Reconnected. 1756936224.2057064
2025-09-04T00:34:13.1477126Z CloudEvents: Disconnected. Reconnecting ... 1756936297.776489
2025-09-04T00:34:13.1477437Z CloudEvents: Reconnected. 1756936297.87669
2025-09-04T00:34:13.1477746Z CloudEvents: Disconnected. Reconnecting ... 1756936355.1367373
2025-09-04T00:34:13.1478184Z CloudEvents: Reconnected. 1756936355.2369256
2025-09-04T00:34:13.1478610Z CloudEvents: Disconnected. Reconnecting ... 1756936381.4660912
2025-09-04T00:34:13.1478921Z CloudEvents: Reconnected. 1756936381.566285
2025-09-04T00:34:13.1479225Z CloudEvents: Disconnected. Reconnecting ... 1756936381.8017445
2025-09-04T00:34:13.1479544Z CloudEvents: Reconnected. 1756936381.9019282
2025-09-04T00:34:13.1479853Z CloudEvents: Disconnected. Reconnecting ... 1756937067.8766906
2025-09-04T00:34:13.1480165Z CloudEvents: Reconnected. 1756937067.976883
2025-09-04T00:34:13.1480473Z CloudEvents: Disconnected. Reconnecting ... 1756937227.6515486
2025-09-04T00:34:13.1480789Z CloudEvents: Reconnected. 1756937227.7517297
2025-09-04T00:34:13.1481094Z CloudEvents: Disconnected. Reconnecting ... 1756937232.6236517
2025-09-04T00:34:13.1481409Z CloudEvents: Reconnected. 1756937232.7238472
2025-09-04T00:34:13.1481719Z CloudEvents: Disconnected. Reconnecting ... 1756937595.8695514
2025-09-04T00:34:13.1482028Z CloudEvents: Reconnected. 1756937595.969716
2025-09-04T00:34:13.1482342Z CloudEvents: Disconnected. Reconnecting ... 1756937901.246576
2025-09-04T00:34:13.1482655Z CloudEvents: Reconnected. 1756937901.3467379
2025-09-04T00:34:13.1482968Z CloudEvents: Disconnected. Reconnecting ... 1756938459.4850261
2025-09-04T00:34:13.1483286Z CloudEvents: Reconnected. 1756938459.5851934
2025-09-04T00:34:13.1483590Z CloudEvents: Disconnected. Reconnecting ... 1756938615.8233247
2025-09-04T00:34:13.1483908Z CloudEvents: Reconnected. 1756938615.9235246
2025-09-04T00:34:13.1484218Z CloudEvents: Disconnected. Reconnecting ... 1756938654.6405628
2025-09-04T00:34:13.1484527Z CloudEvents: Reconnected. 1756938654.740762
2025-09-04T00:34:13.1484840Z CloudEvents: Disconnected. Reconnecting ... 1756939035.1004739
2025-09-04T00:34:13.1485158Z CloudEvents: Reconnected. 1756939035.2006183
2025-09-04T00:34:13.1485474Z CloudEvents: Disconnected. Reconnecting ... 1756939327.2310958
2025-09-04T00:34:13.1485790Z CloudEvents: Reconnected. 1756939327.3312736
2025-09-04T00:34:13.1486102Z CloudEvents: Disconnected. Reconnecting ... 1756939497.1766655
2025-09-04T00:34:13.1486418Z CloudEvents: Reconnected. 1756939497.276858
2025-09-04T00:34:13.1486726Z CloudEvents: Disconnected. Reconnecting ... 1756940051.1100156
2025-09-04T00:34:13.1487040Z CloudEvents: Reconnected. 1756940051.2101686
2025-09-04T00:34:13.1487344Z CloudEvents: Disconnected. Reconnecting ... 1756940396.529872
2025-09-04T00:34:13.1487657Z CloudEvents: Reconnected. 1756940396.630039
2025-09-04T00:34:13.1488062Z CloudEvents: Disconnected. Reconnecting ... 1756940625.6432886
2025-09-04T00:34:13.1488378Z CloudEvents: Reconnected. 1756940625.743492
2025-09-04T00:34:13.1488685Z CloudEvents: Disconnected. Reconnecting ... 1756940950.9917586
2025-09-04T00:34:13.1488995Z CloudEvents: Reconnected. 1756940951.0919282
2025-09-04T00:34:13.1489304Z CloudEvents: Disconnected. Reconnecting ... 1756941101.7720912
2025-09-04T00:34:13.1489620Z CloudEvents: Reconnected. 1756941101.8722765
2025-09-04T00:34:13.1489924Z CloudEvents: Disconnected. Reconnecting ... 1756941238.5075288
2025-09-04T00:34:13.1490245Z CloudEvents: Reconnected. 1756941238.6076844
2025-09-04T00:34:13.1490564Z CloudEvents: Disconnected. Reconnecting ... 1756941260.1222644
2025-09-04T00:34:13.1490898Z CloudEvents: Reconnected. 1756941260.2224326
2025-09-04T00:34:13.1491222Z CloudEvents: Disconnected. Reconnecting ... 1756942393.0099916
2025-09-04T00:34:13.1491547Z CloudEvents: Reconnected. 1756942393.110188
2025-09-04T00:34:13.1491979Z CloudEvents: Disconnected. Reconnecting ... 1756942684.938469
2025-09-04T00:34:13.1492311Z CloudEvents: Reconnected. 1756942685.0386326
2025-09-04T00:34:13.1492620Z CloudEvents: Disconnected. Reconnecting ... 1756942753.722222
2025-09-04T00:34:13.1492942Z CloudEvents: Reconnected. 1756942753.8224044
2025-09-04T00:34:13.1493255Z CloudEvents: Disconnected. Reconnecting ... 1756943718.2217371
2025-09-04T00:34:13.1493569Z CloudEvents: Reconnected. 1756943718.321914
2025-09-04T00:34:13.1493881Z CloudEvents: Disconnected. Reconnecting ... 1756943809.8356566
2025-09-04T00:34:13.1494310Z CloudEvents: Reconnected. 1756943809.935856
2025-09-04T00:34:13.1494615Z CloudEvents: Disconnected. Reconnecting ... 1756944637.951183
2025-09-04T00:34:13.1494929Z CloudEvents: Reconnected. 1756944638.0513556
2025-09-04T00:34:13.1495236Z CloudEvents: Disconnected. Reconnecting ... 1756945012.311204
2025-09-04T00:34:13.1495543Z CloudEvents: Reconnected. 1756945012.4114032
2025-09-04T00:34:13.1495850Z CloudEvents: Disconnected. Reconnecting ... 1756945322.658592
2025-09-04T00:34:13.1496168Z CloudEvents: Reconnected. 1756945322.7587707
2025-09-04T00:34:13.1496476Z CloudEvents: Disconnected. Reconnecting ... 1756945789.5101266
2025-09-04T00:34:13.1496794Z CloudEvents: Reconnected. 1756945789.6102889
2025-09-04T00:34:13.1497100Z CloudEvents: Disconnected. Reconnecting ... 1756945789.8556204
2025-09-04T00:34:13.1497420Z CloudEvents: Reconnected. 1756945789.9558146
2025-09-04T00:52:22.2222128Z CloudEvents: Disconnected. Reconnecting ...
2025-09-04T00:52:22.2276861Z Post job cleanup.
2025-09-04T00:52:22.3078867Z [command]/usr/bin/git version
2025-09-04T00:52:22.3115682Z git version 2.51.0
2025-09-04T00:52:22.3152700Z Temporarily overriding HOME='/home/runner/work/_temp/ca99a32e-1d62-4958-b1b9-e6064754f77a' before making global git config changes
2025-09-04T00:52:22.3153582Z Adding repository directory to the temporary git global config as a safe directory
2025-09-04T00:52:22.3158345Z [command]/usr/bin/git config --global --add safe.directory /home/runner/work/scratchattach/scratchattach
2025-09-04T00:52:22.3193562Z [command]/usr/bin/git config --local --name-only --get-regexp core\.sshCommand
2025-09-04T00:52:22.3224585Z [command]/usr/bin/git submodule foreach --recursive sh -c "git config --local --name-only --get-regexp 'core\.sshCommand' && git config --local --unset-all 'core.sshCommand' || :"
2025-09-04T00:52:22.3460963Z [command]/usr/bin/git config --local --name-only --get-regexp http\.https\:\/\/github\.com\/\.extraheader
2025-09-04T00:52:22.3488504Z http.https://github.com/.extraheader
2025-09-04T00:52:22.3500726Z [command]/usr/bin/git config --local --unset-all http.https://github.com/.extraheader
2025-09-04T00:52:22.3535849Z [command]/usr/bin/git submodule foreach --recursive sh -c "git config --local --name-only --get-regexp 'http\.https\:\/\/github\.com\/\.extraheader' && git config --local --unset-all 'http.https://github.com/.extraheader' || :"
2025-09-04T00:52:22.3926919Z Post job cleanup.
2025-09-04T00:52:22.5585237Z Post job cleanup.
2025-09-04T00:52:22.6398446Z [command]/usr/bin/git version
2025-09-04T00:52:22.6439319Z git version 2.51.0
2025-09-04T00:52:22.6477228Z Temporarily overriding HOME='/home/runner/work/_temp/d578fe8e-eb01-46d3-ac16-f830f62254cc' before making global git config changes
2025-09-04T00:52:22.6480006Z Adding repository directory to the temporary git global config as a safe directory
2025-09-04T00:52:22.6486810Z [command]/usr/bin/git config --global --add safe.directory /home/runner/work/scratchattach/scratchattach
2025-09-04T00:52:22.6523179Z [command]/usr/bin/git config --local --name-only --get-regexp core\.sshCommand
2025-09-04T00:52:22.6558474Z [command]/usr/bin/git submodule foreach --recursive sh -c "git config --local --name-only --get-regexp 'core\.sshCommand' && git config --local --unset-all 'core.sshCommand' || :"
2025-09-04T00:52:22.6804026Z [command]/usr/bin/git config --local --name-only --get-regexp http\.https\:\/\/github\.com\/\.extraheader
2025-09-04T00:52:22.6840994Z [command]/usr/bin/git submodule foreach --recursive sh -c "git config --local --name-only --get-regexp 'http\.https\:\/\/github\.com\/\.extraheader' && git config --local --unset-all 'http.https://github.com/.extraheader' || :"
2025-09-04T00:52:22.7191419Z Cleaning up orphan processes
