2026-01-11T02:07:07.3628197Z Current runner version: '2.330.0'
2026-01-11T02:07:07.3652720Z ##[group]Runner Image Provisioner
2026-01-11T02:07:07.3653613Z Hosted Compute Agent
2026-01-11T02:07:07.3654170Z Version: 20251211.462
2026-01-11T02:07:07.3654791Z Commit: 6cbad8c2bb55d58165063d031ccabf57e2d2db61
2026-01-11T02:07:07.3655532Z Build Date: 2025-12-11T16:28:49Z
2026-01-11T02:07:07.3656180Z Worker ID: {40ebf632-d39e-472c-9ebc-c0167b09b44b}
2026-01-11T02:07:07.3656903Z ##[endgroup]
2026-01-11T02:07:07.3657395Z ##[group]Operating System
2026-01-11T02:07:07.3658024Z Ubuntu
2026-01-11T02:07:07.3658511Z 24.04.3
2026-01-11T02:07:07.3659254Z LTS
2026-01-11T02:07:07.3659832Z ##[endgroup]
2026-01-11T02:07:07.3660344Z ##[group]Runner Image
2026-01-11T02:07:07.3660895Z Image: ubuntu-24.04
2026-01-11T02:07:07.3661480Z Version: 20260105.202.1
2026-01-11T02:07:07.3662628Z Included Software: https://github.com/actions/runner-images/blob/ubuntu24/20260105.202/images/ubuntu/Ubuntu2404-Readme.md
2026-01-11T02:07:07.3664241Z Image Release: https://github.com/actions/runner-images/releases/tag/ubuntu24%2F20260105.202
2026-01-11T02:07:07.3665275Z ##[endgroup]
2026-01-11T02:07:07.3666329Z ##[group]GITHUB_TOKEN Permissions
2026-01-11T02:07:07.3668529Z Contents: write
2026-01-11T02:07:07.3669081Z Metadata: read
2026-01-11T02:07:07.3669806Z ##[endgroup]
2026-01-11T02:07:07.3672800Z Secret source: Actions
2026-01-11T02:07:07.3673773Z Prepare workflow directory
2026-01-11T02:07:07.3997635Z Prepare all required actions
2026-01-11T02:07:07.4037313Z Getting action download info
2026-01-11T02:07:07.8015000Z Download action repository 'actions/checkout@v6.0.1' (SHA:8e8c483db84b4bee98b60c0593521ed34d9990e8)
2026-01-11T02:07:08.0004793Z Download action repository 'pawanbahuguna/action-logs@v2.0.0' (SHA:2fb2206c1749d6d09b8799a05519c08ee503660d)
2026-01-11T02:07:08.4610131Z Complete job name: Download GH action logs
2026-01-11T02:07:08.5154005Z ##[group]Build container for action use: '/home/runner/work/_actions/pawanbahuguna/action-logs/v2.0.0/Dockerfile'.
2026-01-11T02:07:08.5205574Z ##[command]/usr/bin/docker build -t 588e1e:7fc077fd6c1d4824a16724d1c9018d32 -f "/home/runner/work/_actions/pawanbahuguna/action-logs/v2.0.0/Dockerfile" "/home/runner/work/_actions/pawanbahuguna/action-logs/v2.0.0"
2026-01-11T02:07:09.0709794Z #0 building with "default" instance using docker driver
2026-01-11T02:07:09.0710920Z 
2026-01-11T02:07:09.0711372Z #1 [internal] load build definition from Dockerfile
2026-01-11T02:07:09.0712721Z #1 transferring dockerfile: 347B done
2026-01-11T02:07:09.0713709Z #1 DONE 0.0s
2026-01-11T02:07:09.0714142Z 
2026-01-11T02:07:09.0714692Z #2 [auth] library/alpine:pull token for registry-1.docker.io
2026-01-11T02:07:09.2208580Z #2 DONE 0.0s
2026-01-11T02:07:09.2209067Z 
2026-01-11T02:07:09.2209688Z #3 [internal] load metadata for docker.io/library/alpine:latest
2026-01-11T02:07:10.8409588Z #3 DONE 1.9s
2026-01-11T02:07:10.9584729Z 
2026-01-11T02:07:10.9585121Z #4 [internal] load .dockerignore
2026-01-11T02:07:10.9585866Z #4 transferring context: 2B done
2026-01-11T02:07:10.9586456Z #4 DONE 0.0s
2026-01-11T02:07:10.9586622Z 
2026-01-11T02:07:10.9586727Z #5 [internal] load build context
2026-01-11T02:07:10.9587112Z #5 transferring context: 2.53kB done
2026-01-11T02:07:10.9587453Z #5 DONE 0.0s
2026-01-11T02:07:10.9587592Z 
2026-01-11T02:07:10.9588046Z #6 [1/4] FROM docker.io/library/alpine:latest@sha256:865b95f46d98cf867a156fe4a135ad3fe50d2056aa3f25ed31662dff6da4eb62
2026-01-11T02:07:10.9589097Z #6 resolve docker.io/library/alpine:latest@sha256:865b95f46d98cf867a156fe4a135ad3fe50d2056aa3f25ed31662dff6da4eb62 done
2026-01-11T02:07:10.9590052Z #6 sha256:865b95f46d98cf867a156fe4a135ad3fe50d2056aa3f25ed31662dff6da4eb62 9.22kB / 9.22kB done
2026-01-11T02:07:10.9590864Z #6 sha256:1882fa4569e0c591ea092d3766c4893e19b8901a8e649de7067188aba3cc0679 1.02kB / 1.02kB done
2026-01-11T02:07:10.9591686Z #6 sha256:e7b39c54cdeca0d2aae83114bb605753a5f5bc511fe8be7590e38f6d9f915dad 611B / 611B done
2026-01-11T02:07:10.9592826Z #6 sha256:1074353eec0db2c1d81d5af2671e56e00cf5738486f5762609ea33d606f88612 0B / 3.86MB 0.1s
2026-01-11T02:07:11.1027668Z #6 sha256:1074353eec0db2c1d81d5af2671e56e00cf5738486f5762609ea33d606f88612 3.86MB / 3.86MB 0.2s done
2026-01-11T02:07:11.1030506Z #6 extracting sha256:1074353eec0db2c1d81d5af2671e56e00cf5738486f5762609ea33d606f88612 0.1s done
2026-01-11T02:07:11.2854066Z #6 DONE 0.3s
2026-01-11T02:07:11.2854340Z 
2026-01-11T02:07:11.2854643Z #7 [2/4] RUN apk update && apk add --no-cache curl jq
2026-01-11T02:07:12.0198062Z #7 0.885 v3.23.2-138-g154162d2515 [https://dl-cdn.alpinelinux.org/alpine/v3.23/main]
2026-01-11T02:07:12.0198950Z #7 0.885 v3.23.2-145-g1e1c921d3df [https://dl-cdn.alpinelinux.org/alpine/v3.23/community]
2026-01-11T02:07:12.0199527Z #7 0.885 OK: 27566 distinct packages available
2026-01-11T02:07:12.3897070Z #7 1.255 ( 1/12) Installing brotli-libs (1.2.0-r0)
2026-01-11T02:07:12.4905387Z #7 1.275 ( 2/12) Installing c-ares (1.34.6-r0)
2026-01-11T02:07:12.4906070Z #7 1.287 ( 3/12) Installing libunistring (1.4.1-r0)
2026-01-11T02:07:12.4906467Z #7 1.308 ( 4/12) Installing libidn2 (2.3.8-r0)
2026-01-11T02:07:12.4906869Z #7 1.321 ( 5/12) Installing nghttp2-libs (1.68.0-r0)
2026-01-11T02:07:12.4907292Z #7 1.332 ( 6/12) Installing nghttp3 (1.13.1-r0)
2026-01-11T02:07:12.7215629Z #7 1.344 ( 7/12) Installing libpsl (0.21.5-r3)
2026-01-11T02:07:12.7216062Z #7 1.356 ( 8/12) Installing zstd-libs (1.5.7-r2)
2026-01-11T02:07:12.7216420Z #7 1.371 ( 9/12) Installing libcurl (8.17.0-r1)
2026-01-11T02:07:12.7216742Z #7 1.389 (10/12) Installing curl (8.17.0-r1)
2026-01-11T02:07:12.7217077Z #7 1.402 (11/12) Installing oniguruma (6.9.10-r0)
2026-01-11T02:07:12.7217487Z #7 1.416 (12/12) Installing jq (1.8.1-r0)
2026-01-11T02:07:12.7217801Z #7 1.430 Executing busybox-1.37.0-r30.trigger
2026-01-11T02:07:12.7218120Z #7 1.436 OK: 14.1 MiB in 28 packages
2026-01-11T02:07:12.9904911Z #7 DONE 1.9s
2026-01-11T02:07:13.1474329Z 
2026-01-11T02:07:13.1475103Z #8 [3/4] COPY entrypoint.sh /entrypoint.sh
2026-01-11T02:07:13.1475602Z #8 DONE 0.0s
2026-01-11T02:07:13.1475808Z 
2026-01-11T02:07:13.1475972Z #9 [4/4] RUN chmod +x /entrypoint.sh
2026-01-11T02:07:13.1476371Z #9 DONE 0.1s
2026-01-11T02:07:13.3000522Z 
2026-01-11T02:07:13.3001405Z #10 exporting to image
2026-01-11T02:07:13.3002181Z #10 exporting layers
2026-01-11T02:07:14.0132834Z #10 exporting layers 0.9s done
2026-01-11T02:07:14.0421525Z #10 writing image sha256:f85abffbce764b2afa664089261ee7bfaed9d29ebbc2f4817d3571dd91827521 done
2026-01-11T02:07:14.0422781Z #10 naming to docker.io/library/588e1e:7fc077fd6c1d4824a16724d1c9018d32 done
2026-01-11T02:07:14.0423442Z #10 DONE 0.9s
2026-01-11T02:07:14.0476799Z ##[endgroup]
2026-01-11T02:07:14.0738393Z ##[group]Run actions/checkout@v6.0.1
2026-01-11T02:07:14.0738953Z with:
2026-01-11T02:07:14.0739158Z   repository: Boss-1s/scratchattach
2026-01-11T02:07:14.0739534Z   token: ***
2026-01-11T02:07:14.0739722Z   ssh-strict: true
2026-01-11T02:07:14.0739902Z   ssh-user: git
2026-01-11T02:07:14.0740089Z   persist-credentials: true
2026-01-11T02:07:14.0740294Z   clean: true
2026-01-11T02:07:14.0740498Z   sparse-checkout-cone-mode: true
2026-01-11T02:07:14.0740751Z   fetch-depth: 1
2026-01-11T02:07:14.0740931Z   fetch-tags: false
2026-01-11T02:07:14.0741115Z   show-progress: true
2026-01-11T02:07:14.0741293Z   lfs: false
2026-01-11T02:07:14.0741454Z   submodules: false
2026-01-11T02:07:14.0741631Z   set-safe-directory: true
2026-01-11T02:07:14.0742229Z ##[endgroup]
2026-01-11T02:07:14.1670783Z Syncing repository: Boss-1s/scratchattach
2026-01-11T02:07:14.1672895Z ##[group]Getting Git version info
2026-01-11T02:07:14.1673674Z Working directory is '/home/runner/work/scratchattach/scratchattach'
2026-01-11T02:07:14.1674737Z [command]/usr/bin/git version
2026-01-11T02:07:14.1675174Z git version 2.52.0
2026-01-11T02:07:14.1688514Z ##[endgroup]
2026-01-11T02:07:14.1704203Z Temporarily overriding HOME='/home/runner/work/_temp/d6ca515b-1077-4dad-8af4-caedb4d99ae3' before making global git config changes
2026-01-11T02:07:14.1705624Z Adding repository directory to the temporary git global config as a safe directory
2026-01-11T02:07:14.1709892Z [command]/usr/bin/git config --global --add safe.directory /home/runner/work/scratchattach/scratchattach
2026-01-11T02:07:14.1748111Z Deleting the contents of '/home/runner/work/scratchattach/scratchattach'
2026-01-11T02:07:14.1751603Z ##[group]Initializing the repository
2026-01-11T02:07:14.1756036Z [command]/usr/bin/git init /home/runner/work/scratchattach/scratchattach
2026-01-11T02:07:14.1912415Z hint: Using 'master' as the name for the initial branch. This default branch name
2026-01-11T02:07:14.1913227Z hint: will change to "main" in Git 3.0. To configure the initial branch name
2026-01-11T02:07:14.1913782Z hint: to use in all of your new repositories, which will suppress this warning,
2026-01-11T02:07:14.1914214Z hint: call:
2026-01-11T02:07:14.1914413Z hint:
2026-01-11T02:07:14.1914813Z hint: 	git config --global init.defaultBranch <name>
2026-01-11T02:07:14.1915503Z hint:
2026-01-11T02:07:14.1916018Z hint: Names commonly chosen instead of 'master' are 'main', 'trunk' and
2026-01-11T02:07:14.1916931Z hint: 'development'. The just-created branch can be renamed via this command:
2026-01-11T02:07:14.1917402Z hint:
2026-01-11T02:07:14.1917614Z hint: 	git branch -m <name>
2026-01-11T02:07:14.1917857Z hint:
2026-01-11T02:07:14.1918304Z hint: Disable this message with "git config set advice.defaultBranchName false"
2026-01-11T02:07:14.1919499Z Initialized empty Git repository in /home/runner/work/scratchattach/scratchattach/.git/
2026-01-11T02:07:14.1929976Z [command]/usr/bin/git remote add origin https://github.com/Boss-1s/scratchattach
2026-01-11T02:07:14.1967517Z ##[endgroup]
2026-01-11T02:07:14.1968156Z ##[group]Disabling automatic garbage collection
2026-01-11T02:07:14.1972145Z [command]/usr/bin/git config --local gc.auto 0
2026-01-11T02:07:14.1998825Z ##[endgroup]
2026-01-11T02:07:14.1999418Z ##[group]Setting up auth
2026-01-11T02:07:14.2000340Z Removing SSH command configuration
2026-01-11T02:07:14.2006744Z [command]/usr/bin/git config --local --name-only --get-regexp core\.sshCommand
2026-01-11T02:07:14.2037004Z [command]/usr/bin/git submodule foreach --recursive sh -c "git config --local --name-only --get-regexp 'core\.sshCommand' && git config --local --unset-all 'core.sshCommand' || :"
2026-01-11T02:07:14.2420201Z Removing HTTP extra header
2026-01-11T02:07:14.2424900Z [command]/usr/bin/git config --local --name-only --get-regexp http\.https\:\/\/github\.com\/\.extraheader
2026-01-11T02:07:14.2453955Z [command]/usr/bin/git submodule foreach --recursive sh -c "git config --local --name-only --get-regexp 'http\.https\:\/\/github\.com\/\.extraheader' && git config --local --unset-all 'http.https://github.com/.extraheader' || :"
2026-01-11T02:07:14.2664796Z Removing includeIf entries pointing to credentials config files
2026-01-11T02:07:14.2670393Z [command]/usr/bin/git config --local --name-only --get-regexp ^includeIf\.gitdir:
2026-01-11T02:07:14.2699480Z [command]/usr/bin/git submodule foreach --recursive git config --local --show-origin --name-only --get-regexp remote.origin.url
2026-01-11T02:07:14.2918769Z [command]/usr/bin/git config --file /home/runner/work/_temp/git-credentials-7083362e-7aba-404e-833b-a32ff9ecd910.config http.https://github.com/.extraheader AUTHORIZATION: basic ***
2026-01-11T02:07:14.2952720Z [command]/usr/bin/git config --local includeIf.gitdir:/home/runner/work/scratchattach/scratchattach/.git.path /home/runner/work/_temp/git-credentials-7083362e-7aba-404e-833b-a32ff9ecd910.config
2026-01-11T02:07:14.2981354Z [command]/usr/bin/git config --local includeIf.gitdir:/home/runner/work/scratchattach/scratchattach/.git/worktrees/*.path /home/runner/work/_temp/git-credentials-7083362e-7aba-404e-833b-a32ff9ecd910.config
2026-01-11T02:07:14.3010323Z [command]/usr/bin/git config --local includeIf.gitdir:/github/workspace/.git.path /github/runner_temp/git-credentials-7083362e-7aba-404e-833b-a32ff9ecd910.config
2026-01-11T02:07:14.3040045Z [command]/usr/bin/git config --local includeIf.gitdir:/github/workspace/.git/worktrees/*.path /github/runner_temp/git-credentials-7083362e-7aba-404e-833b-a32ff9ecd910.config
2026-01-11T02:07:14.3065123Z ##[endgroup]
2026-01-11T02:07:14.3065734Z ##[group]Fetching the repository
2026-01-11T02:07:14.3074659Z [command]/usr/bin/git -c protocol.version=2 fetch --no-tags --prune --no-recurse-submodules --depth=1 origin +f6630aeaabe0299b0508cea2dad696d0ab6f8d93:refs/remotes/origin/main
2026-01-11T02:07:25.9025950Z From https://github.com/Boss-1s/scratchattach
2026-01-11T02:07:25.9026966Z  * [new ref]         f6630aeaabe0299b0508cea2dad696d0ab6f8d93 -> origin/main
2026-01-11T02:07:25.9054171Z ##[endgroup]
2026-01-11T02:07:25.9054552Z ##[group]Determining the checkout info
2026-01-11T02:07:25.9056949Z ##[endgroup]
2026-01-11T02:07:25.9062738Z [command]/usr/bin/git sparse-checkout disable
2026-01-11T02:07:25.9111757Z [command]/usr/bin/git config --local --unset-all extensions.worktreeConfig
2026-01-11T02:07:25.9138667Z ##[group]Checking out the ref
2026-01-11T02:07:25.9142723Z [command]/usr/bin/git checkout --progress --force -B main refs/remotes/origin/main
2026-01-11T02:07:27.2715541Z Updating files:  86% (2611/3019)
2026-01-11T02:07:27.4286708Z Updating files:  87% (2627/3019)
2026-01-11T02:07:27.5627926Z Updating files:  88% (2657/3019)
2026-01-11T02:07:27.5664889Z Updating files:  89% (2687/3019)
2026-01-11T02:07:27.7624835Z Updating files:  90% (2718/3019)
2026-01-11T02:07:27.7651266Z Updating files:  91% (2748/3019)
2026-01-11T02:07:27.9017204Z Updating files:  92% (2778/3019)
2026-01-11T02:07:27.9560260Z Updating files:  93% (2808/3019)
2026-01-11T02:07:28.4432633Z Updating files:  93% (2812/3019)
2026-01-11T02:07:28.5812282Z Updating files:  94% (2838/3019)
2026-01-11T02:07:28.9566368Z Updating files:  95% (2869/3019)
2026-01-11T02:07:29.0112636Z Updating files:  95% (2898/3019)
2026-01-11T02:07:29.1353198Z Updating files:  96% (2899/3019)
2026-01-11T02:07:29.2988210Z Updating files:  97% (2929/3019)
2026-01-11T02:07:29.6003814Z Updating files:  98% (2959/3019)
2026-01-11T02:07:29.9138581Z Updating files:  99% (2989/3019)
2026-01-11T02:07:29.9139223Z Updating files: 100% (3019/3019)
2026-01-11T02:07:29.9139619Z Updating files: 100% (3019/3019), done.
2026-01-11T02:07:29.9172458Z Switched to a new branch 'main'
2026-01-11T02:07:29.9175357Z branch 'main' set up to track 'origin/main'.
2026-01-11T02:07:29.9293000Z ##[endgroup]
2026-01-11T02:07:29.9337559Z [command]/usr/bin/git log -1 --format=%H
2026-01-11T02:07:29.9362216Z f6630aeaabe0299b0508cea2dad696d0ab6f8d93
2026-01-11T02:07:29.9575223Z ##[group]Run pawanbahuguna/action-logs@v2.0.0
2026-01-11T02:07:29.9575528Z env:
2026-01-11T02:07:29.9576152Z   GH_TOKEN: ***
2026-01-11T02:07:29.9576352Z   GH_REPO: Boss-1s/scratchattach
2026-01-11T02:07:29.9576579Z   LOGS_DIR: .logs
2026-01-11T02:07:29.9576753Z ##[endgroup]
2026-01-11T02:07:29.9664588Z ##[command]/usr/bin/docker run --name e1e7fc077fd6c1d4824a16724d1c9018d32_230fd0 --label 588e1e --workdir /github/workspace --rm -e "GH_TOKEN" -e "GH_REPO" -e "LOGS_DIR" -e "HOME" -e "GITHUB_JOB" -e "GITHUB_REF" -e "GITHUB_SHA" -e "GITHUB_REPOSITORY" -e "GITHUB_REPOSITORY_OWNER" -e "GITHUB_REPOSITORY_OWNER_ID" -e "GITHUB_RUN_ID" -e "GITHUB_RUN_NUMBER" -e "GITHUB_RETENTION_DAYS" -e "GITHUB_RUN_ATTEMPT" -e "GITHUB_ACTOR_ID" -e "GITHUB_ACTOR" -e "GITHUB_WORKFLOW" -e "GITHUB_HEAD_REF" -e "GITHUB_BASE_REF" -e "GITHUB_EVENT_NAME" -e "GITHUB_SERVER_URL" -e "GITHUB_API_URL" -e "GITHUB_GRAPHQL_URL" -e "GITHUB_REF_NAME" -e "GITHUB_REF_PROTECTED" -e "GITHUB_REF_TYPE" -e "GITHUB_WORKFLOW_REF" -e "GITHUB_WORKFLOW_SHA" -e "GITHUB_REPOSITORY_ID" -e "GITHUB_TRIGGERING_ACTOR" -e "GITHUB_WORKSPACE" -e "GITHUB_ACTION" -e "GITHUB_EVENT_PATH" -e "GITHUB_ACTION_REPOSITORY" -e "GITHUB_ACTION_REF" -e "GITHUB_PATH" -e "GITHUB_ENV" -e "GITHUB_STEP_SUMMARY" -e "GITHUB_STATE" -e "GITHUB_OUTPUT" -e "RUNNER_OS" -e "RUNNER_ARCH" -e "RUNNER_NAME" -e "RUNNER_ENVIRONMENT" -e "RUNNER_TOOL_CACHE" -e "RUNNER_TEMP" -e "RUNNER_WORKSPACE" -e "ACTIONS_RUNTIME_URL" -e "ACTIONS_RUNTIME_TOKEN" -e "ACTIONS_CACHE_URL" -e "ACTIONS_RESULTS_URL" -e GITHUB_ACTIONS=true -e CI=true -v "/var/run/docker.sock":"/var/run/docker.sock" -v "/home/runner/work/_temp":"/github/runner_temp" -v "/home/runner/work/_temp/_github_home":"/github/home" -v "/home/runner/work/_temp/_github_workflow":"/github/workflow" -v "/home/runner/work/_temp/_runner_file_commands":"/github/file_commands" -v "/home/runner/work/scratchattach/scratchattach":"/github/workspace" 588e1e:7fc077fd6c1d4824a16724d1c9018d32
2026-01-11T02:07:33.0079466Z Will only process 24hrs logs before or equal to 2026-01-10T02:07:33Z
2026-01-11T02:07:33.0080314Z Searching Workflow Runs
2026-01-11T02:07:36.2944122Z Fetching Job IDs
2026-01-11T02:07:39.2646072Z mkdir: can't create directory '.logs': File exists
2026-01-11T02:07:39.2652345Z Writing logs for job 60013963256
2026-01-11T02:07:39.4656909Z Writing logs for job 60013811427
2026-01-11T02:07:39.6501973Z Writing logs for job 60002337309
2026-01-11T02:07:40.6210735Z Writing logs for job 60001731200
2026-01-11T02:07:41.6219073Z Writing logs for job 60001085724
2026-01-11T02:07:42.5557368Z Writing logs for job 59992323020
2026-01-11T02:07:43.4320944Z Writing logs for job 59991289465
2026-01-11T02:07:44.1953368Z Writing logs for job 59982592018
2026-01-11T02:07:45.4315194Z Writing logs for job 59981829507
2026-01-11T02:07:46.4483958Z Writing logs for job 59981219872
2026-01-11T02:07:47.5538730Z Writing logs for job 59975268127
2026-01-11T02:07:47.9340962Z Logs Downloaded and saved!
2026-01-11T02:07:47.9341395Z Starting cleanup
2026-01-11T02:07:47.9347612Z cleanup Completed!!
2026-01-11T02:07:48.0246929Z ##[group]Run git config --global user.name 'Boss_1s [via Actions]'
2026-01-11T02:07:48.0247522Z [36;1mgit config --global user.name 'Boss_1s [via Actions]'[0m
2026-01-11T02:07:48.0248014Z [36;1mgit config --global user.email 'Boss-1s[auto]@users.noreply.github.com'[0m
2026-01-11T02:07:48.0248391Z [36;1m[0m
2026-01-11T02:07:48.0248573Z [36;1mgit pull origin main[0m
2026-01-11T02:07:48.0248785Z [36;1m[0m
2026-01-11T02:07:48.0249000Z [36;1mGIT_STATUS_OUTPUT=$(git status --porcelain)[0m
2026-01-11T02:07:48.0249271Z [36;1m[0m
2026-01-11T02:07:48.0249472Z [36;1mif [ -z "$GIT_STATUS_OUTPUT" ]; then[0m
2026-01-11T02:07:48.0249837Z [36;1m  echo "Git working tree is clean (no uncommitted changes)."[0m
2026-01-11T02:07:48.0250163Z [36;1m  exit 0[0m
2026-01-11T02:07:48.0250331Z [36;1melse[0m
2026-01-11T02:07:48.0250559Z [36;1m  echo "Git working tree has uncommitted changes:"[0m
2026-01-11T02:07:48.0250860Z [36;1m  echo "$GIT_STATUS_OUTPUT"[0m
2026-01-11T02:07:48.0251203Z [36;1m  echo "These changes will be pushed to the main branch."[0m
2026-01-11T02:07:48.0251500Z [36;1mfi[0m
2026-01-11T02:07:48.0251659Z [36;1m[0m
2026-01-11T02:07:48.0252028Z [36;1mgit add .[0m
2026-01-11T02:07:48.0252237Z [36;1mgit commit -m "[BOT] Download Logs"[0m
2026-01-11T02:07:48.0252496Z [36;1mgit push origin main[0m
2026-01-11T02:07:48.0289874Z shell: /usr/bin/bash -e {0}
2026-01-11T02:07:48.0290126Z ##[endgroup]
2026-01-11T02:07:48.2475735Z From https://github.com/Boss-1s/scratchattach
2026-01-11T02:07:48.2476305Z  * branch            main       -> FETCH_HEAD
2026-01-11T02:07:48.2548625Z Already up to date.
2026-01-11T02:07:49.1070638Z Git working tree has uncommitted changes:
2026-01-11T02:07:49.1071262Z ?? .logs/logs-59975268127-2026-01-11.txt
2026-01-11T02:07:49.1072355Z ?? .logs/logs-59981219872-2026-01-11.txt
2026-01-11T02:07:49.1072804Z ?? .logs/logs-59981829507-2026-01-11.txt
2026-01-11T02:07:49.1073908Z ?? .logs/logs-59982592018-2026-01-11.txt
2026-01-11T02:07:49.1074341Z ?? .logs/logs-59991289465-2026-01-11.txt
2026-01-11T02:07:49.1074706Z ?? .logs/logs-59992323020-2026-01-11.txt
2026-01-11T02:07:49.1074954Z ?? .logs/logs-60001085724-2026-01-11.txt
2026-01-11T02:07:49.1075203Z ?? .logs/logs-60001731200-2026-01-11.txt
2026-01-11T02:07:49.1075426Z ?? .logs/logs-60002337309-2026-01-11.txt
2026-01-11T02:07:49.1075702Z ?? .logs/logs-60013811427-2026-01-11.txt
2026-01-11T02:07:49.1075938Z ?? .logs/logs-60013963256-2026-01-11.txt
2026-01-11T02:07:49.1076196Z These changes will be pushed to the main branch.
2026-01-11T02:07:50.3303431Z [main 3c202e3] [BOT] Download Logs
2026-01-11T02:07:50.3304515Z  11 files changed, 1251656 insertions(+)
2026-01-11T02:07:50.3305173Z  create mode 100644 .logs/logs-59975268127-2026-01-11.txt
2026-01-11T02:07:50.3305943Z  create mode 100644 .logs/logs-59981219872-2026-01-11.txt
2026-01-11T02:07:50.3306758Z  create mode 100644 .logs/logs-59981829507-2026-01-11.txt
2026-01-11T02:07:50.3307465Z  create mode 100644 .logs/logs-59982592018-2026-01-11.txt
2026-01-11T02:07:50.3308117Z  create mode 100644 .logs/logs-59991289465-2026-01-11.txt
2026-01-11T02:07:50.3375029Z  create mode 100644 .logs/logs-59992323020-2026-01-11.txt
2026-01-11T02:07:50.3375578Z  create mode 100644 .logs/logs-60001085724-2026-01-11.txt
2026-01-11T02:07:50.3376103Z  create mode 100644 .logs/logs-60001731200-2026-01-11.txt
2026-01-11T02:07:50.3376599Z  create mode 100644 .logs/logs-60002337309-2026-01-11.txt
2026-01-11T02:07:50.3377106Z  create mode 100644 .logs/logs-60013811427-2026-01-11.txt
2026-01-11T02:07:50.3377695Z  create mode 100644 .logs/logs-60013963256-2026-01-11.txt
2026-01-11T02:08:03.3342840Z To https://github.com/Boss-1s/scratchattach
2026-01-11T02:08:03.3343628Z    f6630ae..3c202e3  main -> main
2026-01-11T02:08:03.3462530Z Post job cleanup.
2026-01-11T02:08:03.4208446Z [command]/usr/bin/git version
2026-01-11T02:08:03.4274709Z git version 2.52.0
2026-01-11T02:08:03.4305464Z Copying '/home/runner/.gitconfig' to '/home/runner/work/_temp/7cb42dea-4bef-4699-b592-105e9b8d8f6c/.gitconfig'
2026-01-11T02:08:03.4314280Z Temporarily overriding HOME='/home/runner/work/_temp/7cb42dea-4bef-4699-b592-105e9b8d8f6c' before making global git config changes
2026-01-11T02:08:03.4315666Z Adding repository directory to the temporary git global config as a safe directory
2026-01-11T02:08:03.4319695Z [command]/usr/bin/git config --global --add safe.directory /home/runner/work/scratchattach/scratchattach
2026-01-11T02:08:03.4348655Z Removing SSH command configuration
2026-01-11T02:08:03.4355104Z [command]/usr/bin/git config --local --name-only --get-regexp core\.sshCommand
2026-01-11T02:08:03.4387313Z [command]/usr/bin/git submodule foreach --recursive sh -c "git config --local --name-only --get-regexp 'core\.sshCommand' && git config --local --unset-all 'core.sshCommand' || :"
2026-01-11T02:08:03.4608513Z Removing HTTP extra header
2026-01-11T02:08:03.4612839Z [command]/usr/bin/git config --local --name-only --get-regexp http\.https\:\/\/github\.com\/\.extraheader
2026-01-11T02:08:03.4644906Z [command]/usr/bin/git submodule foreach --recursive sh -c "git config --local --name-only --get-regexp 'http\.https\:\/\/github\.com\/\.extraheader' && git config --local --unset-all 'http.https://github.com/.extraheader' || :"
2026-01-11T02:08:03.4864200Z Removing includeIf entries pointing to credentials config files
2026-01-11T02:08:03.4870751Z [command]/usr/bin/git config --local --name-only --get-regexp ^includeIf\.gitdir:
2026-01-11T02:08:03.4893236Z includeif.gitdir:/home/runner/work/scratchattach/scratchattach/.git.path
2026-01-11T02:08:03.4894005Z includeif.gitdir:/home/runner/work/scratchattach/scratchattach/.git/worktrees/*.path
2026-01-11T02:08:03.4894883Z includeif.gitdir:/github/workspace/.git.path
2026-01-11T02:08:03.4895529Z includeif.gitdir:/github/workspace/.git/worktrees/*.path
2026-01-11T02:08:03.4903796Z [command]/usr/bin/git config --local --get-all includeif.gitdir:/home/runner/work/scratchattach/scratchattach/.git.path
2026-01-11T02:08:03.4924260Z /home/runner/work/_temp/git-credentials-7083362e-7aba-404e-833b-a32ff9ecd910.config
2026-01-11T02:08:03.4934277Z [command]/usr/bin/git config --local --unset includeif.gitdir:/home/runner/work/scratchattach/scratchattach/.git.path /home/runner/work/_temp/git-credentials-7083362e-7aba-404e-833b-a32ff9ecd910.config
2026-01-11T02:08:03.4966302Z [command]/usr/bin/git config --local --get-all includeif.gitdir:/home/runner/work/scratchattach/scratchattach/.git/worktrees/*.path
2026-01-11T02:08:03.4987270Z /home/runner/work/_temp/git-credentials-7083362e-7aba-404e-833b-a32ff9ecd910.config
2026-01-11T02:08:03.4996354Z [command]/usr/bin/git config --local --unset includeif.gitdir:/home/runner/work/scratchattach/scratchattach/.git/worktrees/*.path /home/runner/work/_temp/git-credentials-7083362e-7aba-404e-833b-a32ff9ecd910.config
2026-01-11T02:08:03.5025722Z [command]/usr/bin/git config --local --get-all includeif.gitdir:/github/workspace/.git.path
2026-01-11T02:08:03.5046213Z /github/runner_temp/git-credentials-7083362e-7aba-404e-833b-a32ff9ecd910.config
2026-01-11T02:08:03.5053927Z [command]/usr/bin/git config --local --unset includeif.gitdir:/github/workspace/.git.path /github/runner_temp/git-credentials-7083362e-7aba-404e-833b-a32ff9ecd910.config
2026-01-11T02:08:03.5083094Z [command]/usr/bin/git config --local --get-all includeif.gitdir:/github/workspace/.git/worktrees/*.path
2026-01-11T02:08:03.5102489Z /github/runner_temp/git-credentials-7083362e-7aba-404e-833b-a32ff9ecd910.config
2026-01-11T02:08:03.5110952Z [command]/usr/bin/git config --local --unset includeif.gitdir:/github/workspace/.git/worktrees/*.path /github/runner_temp/git-credentials-7083362e-7aba-404e-833b-a32ff9ecd910.config
2026-01-11T02:08:03.5141135Z [command]/usr/bin/git submodule foreach --recursive git config --local --show-origin --name-only --get-regexp remote.origin.url
2026-01-11T02:08:03.5361580Z Removing credentials config '/home/runner/work/_temp/git-credentials-7083362e-7aba-404e-833b-a32ff9ecd910.config'
2026-01-11T02:08:03.5493499Z Cleaning up orphan processes
