2025-09-11T18:14:39.5340719Z Current runner version: '2.328.0'
2025-09-11T18:14:39.5374201Z ##[group]Runner Image Provisioner
2025-09-11T18:14:39.5375636Z Hosted Compute Agent
2025-09-11T18:14:39.5376456Z Version: 20250829.383
2025-09-11T18:14:39.5377625Z Commit: 27cb235aab5b0e52e153a26cd86b4742e89dac5d
2025-09-11T18:14:39.5378687Z Build Date: 2025-08-29T13:48:48Z
2025-09-11T18:14:39.5379596Z ##[endgroup]
2025-09-11T18:14:39.5380567Z ##[group]Operating System
2025-09-11T18:14:39.5381419Z Ubuntu
2025-09-11T18:14:39.5382125Z 24.04.3
2025-09-11T18:14:39.5382980Z LTS
2025-09-11T18:14:39.5383701Z ##[endgroup]
2025-09-11T18:14:39.5384677Z ##[group]Runner Image
2025-09-11T18:14:39.5385557Z Image: ubuntu-24.04
2025-09-11T18:14:39.5386428Z Version: 20250907.24.1
2025-09-11T18:14:39.5388099Z Included Software: https://github.com/actions/runner-images/blob/ubuntu24/20250907.24/images/ubuntu/Ubuntu2404-Readme.md
2025-09-11T18:14:39.5390810Z Image Release: https://github.com/actions/runner-images/releases/tag/ubuntu24%2F20250907.24
2025-09-11T18:14:39.5392539Z ##[endgroup]
2025-09-11T18:14:39.5394258Z ##[group]GITHUB_TOKEN Permissions
2025-09-11T18:14:39.5396957Z Contents: write
2025-09-11T18:14:39.5397863Z Metadata: read
2025-09-11T18:14:39.5398641Z ##[endgroup]
2025-09-11T18:14:39.5401448Z Secret source: Actions
2025-09-11T18:14:39.5402644Z Prepare workflow directory
2025-09-11T18:14:39.5852743Z Prepare all required actions
2025-09-11T18:14:39.5908554Z Getting action download info
2025-09-11T18:14:39.9257272Z Download action repository 'actions/checkout@v5.0.0' (SHA:08c6903cd8c0fde910a37f88322edcfb5dd907a8)
2025-09-11T18:14:40.0044135Z Download action repository 'actions/setup-python@v6.0.0' (SHA:e797f83bcb11b83ae66e0230d6156d7c80228e7c)
2025-09-11T18:14:40.2804448Z Download action repository 'bossOfCode/install-scratchattach@v1.0.3' (SHA:be17a7cf1ecb5a7040eb42ef26c2e1fbe72bb25a)
2025-09-11T18:14:40.6612914Z Complete job name: Run Prioritzing Handler
2025-09-11T18:14:40.7323768Z ##[group]Run actions/checkout@v5.0.0
2025-09-11T18:14:40.7325270Z with:
2025-09-11T18:14:40.7325770Z   ref: main
2025-09-11T18:14:40.7326217Z   repository: Boss-1s/scratchattach
2025-09-11T18:14:40.7326962Z   token: ***
2025-09-11T18:14:40.7327409Z   ssh-strict: true
2025-09-11T18:14:40.7327846Z   ssh-user: git
2025-09-11T18:14:40.7328299Z   persist-credentials: true
2025-09-11T18:14:40.7328792Z   clean: true
2025-09-11T18:14:40.7329246Z   sparse-checkout-cone-mode: true
2025-09-11T18:14:40.7329785Z   fetch-depth: 1
2025-09-11T18:14:40.7330221Z   fetch-tags: false
2025-09-11T18:14:40.7330687Z   show-progress: true
2025-09-11T18:14:40.7331150Z   lfs: false
2025-09-11T18:14:40.7331575Z   submodules: false
2025-09-11T18:14:40.7332040Z   set-safe-directory: true
2025-09-11T18:14:40.7332812Z ##[endgroup]
2025-09-11T18:14:40.8249448Z Syncing repository: Boss-1s/scratchattach
2025-09-11T18:14:40.8251764Z ##[group]Getting Git version info
2025-09-11T18:14:40.8252863Z Working directory is '/home/runner/work/scratchattach/scratchattach'
2025-09-11T18:14:40.8254117Z [command]/usr/bin/git version
2025-09-11T18:14:40.8263470Z git version 2.51.0
2025-09-11T18:14:40.8284954Z ##[endgroup]
2025-09-11T18:14:40.8299697Z Temporarily overriding HOME='/home/runner/work/_temp/cac32f15-8382-4bf1-aac6-619d5257e254' before making global git config changes
2025-09-11T18:14:40.8301750Z Adding repository directory to the temporary git global config as a safe directory
2025-09-11T18:14:40.8306261Z [command]/usr/bin/git config --global --add safe.directory /home/runner/work/scratchattach/scratchattach
2025-09-11T18:14:40.8342418Z Deleting the contents of '/home/runner/work/scratchattach/scratchattach'
2025-09-11T18:14:40.8346075Z ##[group]Initializing the repository
2025-09-11T18:14:40.8351119Z [command]/usr/bin/git init /home/runner/work/scratchattach/scratchattach
2025-09-11T18:14:40.8407706Z hint: Using 'master' as the name for the initial branch. This default branch name
2025-09-11T18:14:40.8409638Z hint: is subject to change. To configure the initial branch name to use in all
2025-09-11T18:14:40.8411301Z hint: of your new repositories, which will suppress this warning, call:
2025-09-11T18:14:40.8412365Z hint:
2025-09-11T18:14:40.8412954Z hint: 	git config --global init.defaultBranch <name>
2025-09-11T18:14:40.8413568Z hint:
2025-09-11T18:14:40.8414180Z hint: Names commonly chosen instead of 'master' are 'main', 'trunk' and
2025-09-11T18:14:40.8415406Z hint: 'development'. The just-created branch can be renamed via this command:
2025-09-11T18:14:40.8416504Z hint:
2025-09-11T18:14:40.8417111Z hint: 	git branch -m <name>
2025-09-11T18:14:40.8417597Z hint:
2025-09-11T18:14:40.8418231Z hint: Disable this message with "git config set advice.defaultBranchName false"
2025-09-11T18:14:40.8419561Z Initialized empty Git repository in /home/runner/work/scratchattach/scratchattach/.git/
2025-09-11T18:14:40.8422594Z [command]/usr/bin/git remote add origin https://github.com/Boss-1s/scratchattach
2025-09-11T18:14:40.8453106Z ##[endgroup]
2025-09-11T18:14:40.8453927Z ##[group]Disabling automatic garbage collection
2025-09-11T18:14:40.8456813Z [command]/usr/bin/git config --local gc.auto 0
2025-09-11T18:14:40.8482675Z ##[endgroup]
2025-09-11T18:14:40.8483444Z ##[group]Setting up auth
2025-09-11T18:14:40.8488907Z [command]/usr/bin/git config --local --name-only --get-regexp core\.sshCommand
2025-09-11T18:14:40.8518866Z [command]/usr/bin/git submodule foreach --recursive sh -c "git config --local --name-only --get-regexp 'core\.sshCommand' && git config --local --unset-all 'core.sshCommand' || :"
2025-09-11T18:14:40.8768832Z [command]/usr/bin/git config --local --name-only --get-regexp http\.https\:\/\/github\.com\/\.extraheader
2025-09-11T18:14:40.8799787Z [command]/usr/bin/git submodule foreach --recursive sh -c "git config --local --name-only --get-regexp 'http\.https\:\/\/github\.com\/\.extraheader' && git config --local --unset-all 'http.https://github.com/.extraheader' || :"
2025-09-11T18:14:40.9026712Z [command]/usr/bin/git config --local http.https://github.com/.extraheader AUTHORIZATION: basic ***
2025-09-11T18:14:40.9061743Z ##[endgroup]
2025-09-11T18:14:40.9063279Z ##[group]Fetching the repository
2025-09-11T18:14:40.9073471Z [command]/usr/bin/git -c protocol.version=2 fetch --no-tags --prune --no-recurse-submodules --depth=1 origin +refs/heads/main*:refs/remotes/origin/main* +refs/tags/main*:refs/tags/main*
2025-09-11T18:14:41.3888484Z From https://github.com/Boss-1s/scratchattach
2025-09-11T18:14:41.3889794Z  * [new branch]      main       -> origin/main
2025-09-11T18:14:41.3917329Z ##[endgroup]
2025-09-11T18:14:41.3918378Z ##[group]Determining the checkout info
2025-09-11T18:14:41.3923602Z [command]/usr/bin/git branch --list --remote origin/main
2025-09-11T18:14:41.3947140Z   origin/main
2025-09-11T18:14:41.3952422Z ##[endgroup]
2025-09-11T18:14:41.3956896Z [command]/usr/bin/git sparse-checkout disable
2025-09-11T18:14:41.3992432Z [command]/usr/bin/git config --local --unset-all extensions.worktreeConfig
2025-09-11T18:14:41.4019263Z ##[group]Checking out the ref
2025-09-11T18:14:41.4022278Z [command]/usr/bin/git checkout --progress --force -B main refs/remotes/origin/main
2025-09-11T18:14:41.4944654Z Switched to a new branch 'main'
2025-09-11T18:14:41.4946315Z branch 'main' set up to track 'origin/main'.
2025-09-11T18:14:41.4964243Z ##[endgroup]
2025-09-11T18:14:41.5009906Z [command]/usr/bin/git log -1 --format=%H
2025-09-11T18:14:41.5038848Z fd295db45b963623f40bde432675700738578dd7
2025-09-11T18:14:41.5359965Z ##[group]Run actions/setup-python@v6.0.0
2025-09-11T18:14:41.5361202Z with:
2025-09-11T18:14:41.5362049Z   python-version: 3.13
2025-09-11T18:14:41.5363026Z   check-latest: false
2025-09-11T18:14:41.5364239Z   token: ***
2025-09-11T18:14:41.5365383Z   update-environment: true
2025-09-11T18:14:41.5366454Z   allow-prereleases: false
2025-09-11T18:14:41.5367500Z   freethreaded: false
2025-09-11T18:14:41.5368441Z ##[endgroup]
2025-09-11T18:14:41.6725277Z ##[group]Installed versions
2025-09-11T18:14:41.7427531Z (node:2049) [DEP0040] DeprecationWarning: The `punycode` module is deprecated. Please use a userland alternative instead.
2025-09-11T18:14:41.7431937Z (Use `node --trace-deprecation ...` to show where the warning was created)
2025-09-11T18:14:41.7434663Z Successfully set up CPython (3.13.7)
2025-09-11T18:14:41.7437326Z ##[endgroup]
2025-09-11T18:14:41.7620743Z ##[group]Run bossOfCode/install-scratchattach@v1.0.3
2025-09-11T18:14:41.7622010Z env:
2025-09-11T18:14:41.7622977Z   pythonLocation: /opt/hostedtoolcache/Python/3.13.7/x64
2025-09-11T18:14:41.7624833Z   PKG_CONFIG_PATH: /opt/hostedtoolcache/Python/3.13.7/x64/lib/pkgconfig
2025-09-11T18:14:41.7626510Z   Python_ROOT_DIR: /opt/hostedtoolcache/Python/3.13.7/x64
2025-09-11T18:14:41.7628017Z   Python2_ROOT_DIR: /opt/hostedtoolcache/Python/3.13.7/x64
2025-09-11T18:14:41.7629548Z   Python3_ROOT_DIR: /opt/hostedtoolcache/Python/3.13.7/x64
2025-09-11T18:14:41.7631079Z   LD_LIBRARY_PATH: /opt/hostedtoolcache/Python/3.13.7/x64/lib
2025-09-11T18:14:41.7632366Z ##[endgroup]
2025-09-11T18:14:41.7732053Z ##[group]Run python3 -m pip install --upgrade pip
2025-09-11T18:14:41.7733469Z [36;1mpython3 -m pip install --upgrade pip[0m
2025-09-11T18:14:41.7846908Z shell: /usr/bin/bash --noprofile --norc -e -o pipefail {0}
2025-09-11T18:14:41.7848215Z env:
2025-09-11T18:14:41.7849223Z   pythonLocation: /opt/hostedtoolcache/Python/3.13.7/x64
2025-09-11T18:14:41.7850884Z   PKG_CONFIG_PATH: /opt/hostedtoolcache/Python/3.13.7/x64/lib/pkgconfig
2025-09-11T18:14:41.7852503Z   Python_ROOT_DIR: /opt/hostedtoolcache/Python/3.13.7/x64
2025-09-11T18:14:41.7853957Z   Python2_ROOT_DIR: /opt/hostedtoolcache/Python/3.13.7/x64
2025-09-11T18:14:41.7855801Z   Python3_ROOT_DIR: /opt/hostedtoolcache/Python/3.13.7/x64
2025-09-11T18:14:41.7857285Z   LD_LIBRARY_PATH: /opt/hostedtoolcache/Python/3.13.7/x64/lib
2025-09-11T18:14:41.7858527Z ##[endgroup]
2025-09-11T18:14:44.5591013Z Requirement already satisfied: pip in /opt/hostedtoolcache/Python/3.13.7/x64/lib/python3.13/site-packages (25.2)
2025-09-11T18:14:44.8117801Z ##[group]Run pip install -U scratchattach
2025-09-11T18:14:44.8118128Z [36;1mpip install -U scratchattach[0m
2025-09-11T18:14:44.8148857Z shell: /usr/bin/bash --noprofile --norc -e -o pipefail {0}
2025-09-11T18:14:44.8149176Z env:
2025-09-11T18:14:44.8149419Z   pythonLocation: /opt/hostedtoolcache/Python/3.13.7/x64
2025-09-11T18:14:44.8149812Z   PKG_CONFIG_PATH: /opt/hostedtoolcache/Python/3.13.7/x64/lib/pkgconfig
2025-09-11T18:14:44.8150198Z   Python_ROOT_DIR: /opt/hostedtoolcache/Python/3.13.7/x64
2025-09-11T18:14:44.8150525Z   Python2_ROOT_DIR: /opt/hostedtoolcache/Python/3.13.7/x64
2025-09-11T18:14:44.8150855Z   Python3_ROOT_DIR: /opt/hostedtoolcache/Python/3.13.7/x64
2025-09-11T18:14:44.8151204Z   LD_LIBRARY_PATH: /opt/hostedtoolcache/Python/3.13.7/x64/lib
2025-09-11T18:14:44.8151485Z ##[endgroup]
2025-09-11T18:14:45.7234096Z Collecting scratchattach
2025-09-11T18:14:45.7841598Z   Downloading scratchattach-2.1.13-py3-none-any.whl.metadata (5.5 kB)
2025-09-11T18:14:45.8094706Z Collecting websocket-client (from scratchattach)
2025-09-11T18:14:45.8168355Z   Downloading websocket_client-1.8.0-py3-none-any.whl.metadata (8.0 kB)
2025-09-11T18:14:45.8489045Z Collecting requests (from scratchattach)
2025-09-11T18:14:45.8563721Z   Downloading requests-2.32.5-py3-none-any.whl.metadata (4.9 kB)
2025-09-11T18:14:45.8700238Z Collecting bs4 (from scratchattach)
2025-09-11T18:14:45.8770738Z   Downloading bs4-0.0.2-py2.py3-none-any.whl.metadata (411 bytes)
2025-09-11T18:14:45.8902259Z Collecting SimpleWebSocketServer (from scratchattach)
2025-09-11T18:14:45.8981573Z   Downloading SimpleWebSocketServer-0.1.2.tar.gz (10 kB)
2025-09-11T18:14:45.9056663Z   Installing build dependencies: started
2025-09-11T18:14:47.2408197Z   Installing build dependencies: finished with status 'done'
2025-09-11T18:14:47.2414786Z   Getting requirements to build wheel: started
2025-09-11T18:14:47.7073567Z   Getting requirements to build wheel: finished with status 'done'
2025-09-11T18:14:47.7082443Z   Preparing metadata (pyproject.toml): started
2025-09-11T18:14:47.9038336Z   Preparing metadata (pyproject.toml): finished with status 'done'
2025-09-11T18:14:47.9241746Z Collecting typing-extensions (from scratchattach)
2025-09-11T18:14:47.9318081Z   Downloading typing_extensions-4.15.0-py3-none-any.whl.metadata (3.3 kB)
2025-09-11T18:14:47.9538402Z Collecting beautifulsoup4 (from bs4->scratchattach)
2025-09-11T18:14:47.9607709Z   Downloading beautifulsoup4-4.13.5-py3-none-any.whl.metadata (3.8 kB)
2025-09-11T18:14:47.9823273Z Collecting soupsieve>1.2 (from beautifulsoup4->bs4->scratchattach)
2025-09-11T18:14:47.9894860Z   Downloading soupsieve-2.8-py3-none-any.whl.metadata (4.6 kB)
2025-09-11T18:14:48.0811373Z Collecting charset_normalizer<4,>=2 (from requests->scratchattach)
2025-09-11T18:14:48.0896095Z   Downloading charset_normalizer-3.4.3-cp313-cp313-manylinux2014_x86_64.manylinux_2_17_x86_64.manylinux_2_28_x86_64.whl.metadata (36 kB)
2025-09-11T18:14:48.1115317Z Collecting idna<4,>=2.5 (from requests->scratchattach)
2025-09-11T18:14:48.1191555Z   Downloading idna-3.10-py3-none-any.whl.metadata (10 kB)
2025-09-11T18:14:48.1507326Z Collecting urllib3<3,>=1.21.1 (from requests->scratchattach)
2025-09-11T18:14:48.1578022Z   Downloading urllib3-2.5.0-py3-none-any.whl.metadata (6.5 kB)
2025-09-11T18:14:48.1832539Z Collecting certifi>=2017.4.17 (from requests->scratchattach)
2025-09-11T18:14:48.1904084Z   Downloading certifi-2025.8.3-py3-none-any.whl.metadata (2.4 kB)
2025-09-11T18:14:48.2047807Z Downloading scratchattach-2.1.13-py3-none-any.whl (141 kB)
2025-09-11T18:14:48.2205537Z Downloading bs4-0.0.2-py2.py3-none-any.whl (1.2 kB)
2025-09-11T18:14:48.2294923Z Downloading beautifulsoup4-4.13.5-py3-none-any.whl (105 kB)
2025-09-11T18:14:48.2387209Z Downloading soupsieve-2.8-py3-none-any.whl (36 kB)
2025-09-11T18:14:48.2475349Z Downloading typing_extensions-4.15.0-py3-none-any.whl (44 kB)
2025-09-11T18:14:48.2571298Z Downloading requests-2.32.5-py3-none-any.whl (64 kB)
2025-09-11T18:14:48.2664138Z Downloading charset_normalizer-3.4.3-cp313-cp313-manylinux2014_x86_64.manylinux_2_17_x86_64.manylinux_2_28_x86_64.whl (151 kB)
2025-09-11T18:14:48.2774036Z Downloading idna-3.10-py3-none-any.whl (70 kB)
2025-09-11T18:14:48.2865510Z Downloading urllib3-2.5.0-py3-none-any.whl (129 kB)
2025-09-11T18:14:48.2962476Z Downloading certifi-2025.8.3-py3-none-any.whl (161 kB)
2025-09-11T18:14:48.3058761Z Downloading websocket_client-1.8.0-py3-none-any.whl (58 kB)
2025-09-11T18:14:48.3189331Z Building wheels for collected packages: SimpleWebSocketServer
2025-09-11T18:14:48.3197576Z   Building wheel for SimpleWebSocketServer (pyproject.toml): started
2025-09-11T18:14:48.5424558Z   Building wheel for SimpleWebSocketServer (pyproject.toml): finished with status 'done'
2025-09-11T18:14:48.5429514Z   Created wheel for SimpleWebSocketServer: filename=simplewebsocketserver-0.1.2-py3-none-any.whl size=9715 sha256=2258eba7d808ab83c1317fb9defb67039f5c6ca14064dab31610ecf8ba24f399
2025-09-11T18:14:48.5431375Z   Stored in directory: /home/runner/.cache/pip/wheels/c4/5b/e8/4f2c15a82edc4923058056f6681373168be02a0c00389a6dcf
2025-09-11T18:14:48.5450237Z Successfully built SimpleWebSocketServer
2025-09-11T18:14:48.5629890Z Installing collected packages: SimpleWebSocketServer, websocket-client, urllib3, typing-extensions, soupsieve, idna, charset_normalizer, certifi, requests, beautifulsoup4, bs4, scratchattach
2025-09-11T18:14:49.1442249Z 
2025-09-11T18:14:49.1465548Z Successfully installed SimpleWebSocketServer-0.1.2 beautifulsoup4-4.13.5 bs4-0.0.2 certifi-2025.8.3 charset_normalizer-3.4.3 idna-3.10 requests-2.32.5 scratchattach-2.1.13 soupsieve-2.8 typing-extensions-4.15.0 urllib3-2.5.0 websocket-client-1.8.0
2025-09-11T18:14:49.2287007Z ##[group]Run actions/checkout@v5.0.0
2025-09-11T18:14:49.2287268Z with:
2025-09-11T18:14:49.2287426Z   ref: main
2025-09-11T18:14:49.2287610Z   repository: Boss-1s/scratchattach
2025-09-11T18:14:49.2287956Z   token: ***
2025-09-11T18:14:49.2288124Z   ssh-strict: true
2025-09-11T18:14:49.2288300Z   ssh-user: git
2025-09-11T18:14:49.2288484Z   persist-credentials: true
2025-09-11T18:14:49.2288684Z   clean: true
2025-09-11T18:14:49.2288873Z   sparse-checkout-cone-mode: true
2025-09-11T18:14:49.2289256Z   fetch-depth: 1
2025-09-11T18:14:49.2289434Z   fetch-tags: false
2025-09-11T18:14:49.2289614Z   show-progress: true
2025-09-11T18:14:49.2289789Z   lfs: false
2025-09-11T18:14:49.2289953Z   submodules: false
2025-09-11T18:14:49.2290135Z   set-safe-directory: true
2025-09-11T18:14:49.2290324Z env:
2025-09-11T18:14:49.2290550Z   pythonLocation: /opt/hostedtoolcache/Python/3.13.7/x64
2025-09-11T18:14:49.2290941Z   PKG_CONFIG_PATH: /opt/hostedtoolcache/Python/3.13.7/x64/lib/pkgconfig
2025-09-11T18:14:49.2291347Z   Python_ROOT_DIR: /opt/hostedtoolcache/Python/3.13.7/x64
2025-09-11T18:14:49.2291673Z   Python2_ROOT_DIR: /opt/hostedtoolcache/Python/3.13.7/x64
2025-09-11T18:14:49.2292001Z   Python3_ROOT_DIR: /opt/hostedtoolcache/Python/3.13.7/x64
2025-09-11T18:14:49.2292333Z   LD_LIBRARY_PATH: /opt/hostedtoolcache/Python/3.13.7/x64/lib
2025-09-11T18:14:49.2292609Z ##[endgroup]
2025-09-11T18:14:49.3072744Z Syncing repository: Boss-1s/scratchattach
2025-09-11T18:14:49.3073443Z ##[group]Getting Git version info
2025-09-11T18:14:49.3073843Z Working directory is '/home/runner/work/scratchattach/scratchattach'
2025-09-11T18:14:49.3107162Z [command]/usr/bin/git version
2025-09-11T18:14:49.3142535Z git version 2.51.0
2025-09-11T18:14:49.3162486Z ##[endgroup]
2025-09-11T18:14:49.3175481Z Temporarily overriding HOME='/home/runner/work/_temp/bb64c4bc-098e-4fd4-9169-4aa269116c6d' before making global git config changes
2025-09-11T18:14:49.3176359Z Adding repository directory to the temporary git global config as a safe directory
2025-09-11T18:14:49.3180732Z [command]/usr/bin/git config --global --add safe.directory /home/runner/work/scratchattach/scratchattach
2025-09-11T18:14:49.3217707Z [command]/usr/bin/git config --local --get remote.origin.url
2025-09-11T18:14:49.3240046Z https://github.com/Boss-1s/scratchattach
2025-09-11T18:14:49.3253388Z ##[group]Removing previously created refs, to avoid conflicts
2025-09-11T18:14:49.3257620Z [command]/usr/bin/git rev-parse --symbolic-full-name --verify --quiet HEAD
2025-09-11T18:14:49.3277655Z refs/heads/main
2025-09-11T18:14:49.3287348Z [command]/usr/bin/git checkout --detach
2025-09-11T18:14:49.4055175Z HEAD is now at fd295db [BOT] Download Logs
2025-09-11T18:14:49.4098891Z [command]/usr/bin/git branch --delete --force main
2025-09-11T18:14:49.4124026Z Deleted branch main (was fd295db).
2025-09-11T18:14:49.4158353Z ##[endgroup]
2025-09-11T18:14:49.4162290Z [command]/usr/bin/git submodule status
2025-09-11T18:14:49.4399480Z ##[group]Cleaning the repository
2025-09-11T18:14:49.4404106Z [command]/usr/bin/git clean -ffdx
2025-09-11T18:14:49.4441944Z [command]/usr/bin/git reset --hard HEAD
2025-09-11T18:14:49.4485452Z HEAD is now at fd295db [BOT] Download Logs
2025-09-11T18:14:49.4491510Z ##[endgroup]
2025-09-11T18:14:49.4493254Z ##[group]Disabling automatic garbage collection
2025-09-11T18:14:49.4497629Z [command]/usr/bin/git config --local gc.auto 0
2025-09-11T18:14:49.4523907Z ##[endgroup]
2025-09-11T18:14:49.4524653Z ##[group]Setting up auth
2025-09-11T18:14:49.4531227Z [command]/usr/bin/git config --local --name-only --get-regexp core\.sshCommand
2025-09-11T18:14:49.4561778Z [command]/usr/bin/git submodule foreach --recursive sh -c "git config --local --name-only --get-regexp 'core\.sshCommand' && git config --local --unset-all 'core.sshCommand' || :"
2025-09-11T18:14:49.4799630Z [command]/usr/bin/git config --local --name-only --get-regexp http\.https\:\/\/github\.com\/\.extraheader
2025-09-11T18:14:49.4821822Z http.https://github.com/.extraheader
2025-09-11T18:14:49.4831778Z [command]/usr/bin/git config --local --unset-all http.https://github.com/.extraheader
2025-09-11T18:14:49.4862911Z [command]/usr/bin/git submodule foreach --recursive sh -c "git config --local --name-only --get-regexp 'http\.https\:\/\/github\.com\/\.extraheader' && git config --local --unset-all 'http.https://github.com/.extraheader' || :"
2025-09-11T18:14:49.5106199Z [command]/usr/bin/git config --local http.https://github.com/.extraheader AUTHORIZATION: basic ***
2025-09-11T18:14:49.5148488Z ##[endgroup]
2025-09-11T18:14:49.5149075Z ##[group]Fetching the repository
2025-09-11T18:14:49.5158766Z [command]/usr/bin/git -c protocol.version=2 fetch --no-tags --prune --no-recurse-submodules --depth=1 origin +refs/heads/main*:refs/remotes/origin/main* +refs/tags/main*:refs/tags/main*
2025-09-11T18:14:49.7756981Z ##[endgroup]
2025-09-11T18:14:49.7757582Z ##[group]Determining the checkout info
2025-09-11T18:14:49.7763972Z [command]/usr/bin/git branch --list --remote origin/main
2025-09-11T18:14:49.7787845Z   origin/main
2025-09-11T18:14:49.7792238Z ##[endgroup]
2025-09-11T18:14:49.7797812Z [command]/usr/bin/git sparse-checkout disable
2025-09-11T18:14:49.7837146Z [command]/usr/bin/git config --local --unset-all extensions.worktreeConfig
2025-09-11T18:14:49.7862248Z ##[group]Checking out the ref
2025-09-11T18:14:49.7866708Z [command]/usr/bin/git checkout --progress --force -B main refs/remotes/origin/main
2025-09-11T18:14:49.7914174Z Switched to a new branch 'main'
2025-09-11T18:14:49.7917175Z branch 'main' set up to track 'origin/main'.
2025-09-11T18:14:49.7923062Z ##[endgroup]
2025-09-11T18:14:49.7957333Z [command]/usr/bin/git log -1 --format=%H
2025-09-11T18:14:49.7980918Z fd295db45b963623f40bde432675700738578dd7
2025-09-11T18:14:49.8087948Z ##[group]Run python3 aesthetic_prioritizing.py
2025-09-11T18:14:49.8088293Z [36;1mpython3 aesthetic_prioritizing.py[0m
2025-09-11T18:14:49.8119317Z shell: /usr/bin/bash -e {0}
2025-09-11T18:14:49.8119545Z env:
2025-09-11T18:14:49.8119788Z   pythonLocation: /opt/hostedtoolcache/Python/3.13.7/x64
2025-09-11T18:14:49.8120183Z   PKG_CONFIG_PATH: /opt/hostedtoolcache/Python/3.13.7/x64/lib/pkgconfig
2025-09-11T18:14:49.8120595Z   Python_ROOT_DIR: /opt/hostedtoolcache/Python/3.13.7/x64
2025-09-11T18:14:49.8120952Z   Python2_ROOT_DIR: /opt/hostedtoolcache/Python/3.13.7/x64
2025-09-11T18:14:49.8121291Z   Python3_ROOT_DIR: /opt/hostedtoolcache/Python/3.13.7/x64
2025-09-11T18:14:49.8121628Z   LD_LIBRARY_PATH: /opt/hostedtoolcache/Python/3.13.7/x64/lib
2025-09-11T18:14:49.8122086Z   PASS: ***
2025-09-11T18:14:49.8122255Z ##[endgroup]
2025-09-11T18:27:45.8637523Z Prioritizing: Attempt 1
2025-09-11T18:27:45.8638559Z Unfavorited project 1193158560
2025-09-11T18:27:45.8641314Z Favorited project 1193158560 to move it to the top
2025-09-11T18:27:45.8641913Z Unfavorited project 1193158559
2025-09-11T18:27:45.8642378Z Favorited project 1193158559 to move it to the top
2025-09-11T18:27:45.8642810Z Unfavorited project 1193158558
2025-09-11T18:27:45.8643211Z Favorited project 1193158558 to move it to the top
2025-09-11T18:27:45.8643614Z Unfavorited project 1193158567
2025-09-11T18:27:45.8643966Z Favorited project 1193158567 to move it to the top
2025-09-11T18:27:45.8644580Z Unfavorited project 1193158568
2025-09-11T18:27:45.8644939Z Favorited project 1193158568 to move it to the top
2025-09-11T18:27:45.8645350Z Prioritized projects in your favorite list.
2025-09-11T18:27:45.8645727Z Prioritizing: Attempt 1
2025-09-11T18:27:45.8646023Z Unfollowed stuido 50609120
2025-09-11T18:27:45.8646381Z Followed studio 50609120 to move it to the top
2025-09-11T18:27:45.8646755Z Unfollowed stuido 50609126
2025-09-11T18:27:45.8647087Z Followed studio 50609126 to move it to the top
2025-09-11T18:27:45.8647465Z Unfollowed stuido 50609128
2025-09-11T18:27:45.8647798Z Followed studio 50609128 to move it to the top
2025-09-11T18:27:45.8648181Z Unfollowed stuido 50609129
2025-09-11T18:27:45.8648525Z Followed studio 50609129 to move it to the top
2025-09-11T18:27:45.8648928Z Prioritized studios in your favorite list.
2025-09-11T18:27:45.8951663Z Post job cleanup.
2025-09-11T18:27:45.9713114Z [command]/usr/bin/git version
2025-09-11T18:27:45.9747852Z git version 2.51.0
2025-09-11T18:27:45.9785932Z Temporarily overriding HOME='/home/runner/work/_temp/09990fbf-ecc9-46ec-9072-a9ca672fc4d6' before making global git config changes
2025-09-11T18:27:45.9787193Z Adding repository directory to the temporary git global config as a safe directory
2025-09-11T18:27:45.9791738Z [command]/usr/bin/git config --global --add safe.directory /home/runner/work/scratchattach/scratchattach
2025-09-11T18:27:45.9827196Z [command]/usr/bin/git config --local --name-only --get-regexp core\.sshCommand
2025-09-11T18:27:45.9858768Z [command]/usr/bin/git submodule foreach --recursive sh -c "git config --local --name-only --get-regexp 'core\.sshCommand' && git config --local --unset-all 'core.sshCommand' || :"
2025-09-11T18:27:46.0085815Z [command]/usr/bin/git config --local --name-only --get-regexp http\.https\:\/\/github\.com\/\.extraheader
2025-09-11T18:27:46.0108921Z http.https://github.com/.extraheader
2025-09-11T18:27:46.0119221Z [command]/usr/bin/git config --local --unset-all http.https://github.com/.extraheader
2025-09-11T18:27:46.0153973Z [command]/usr/bin/git submodule foreach --recursive sh -c "git config --local --name-only --get-regexp 'http\.https\:\/\/github\.com\/\.extraheader' && git config --local --unset-all 'http.https://github.com/.extraheader' || :"
2025-09-11T18:27:46.0539528Z Post job cleanup.
2025-09-11T18:27:46.1710775Z (node:2487) [DEP0040] DeprecationWarning: The `punycode` module is deprecated. Please use a userland alternative instead.
2025-09-11T18:27:46.1711508Z (Use `node --trace-deprecation ...` to show where the warning was created)
2025-09-11T18:27:46.1821789Z Post job cleanup.
2025-09-11T18:27:46.2583365Z [command]/usr/bin/git version
2025-09-11T18:27:46.2619415Z git version 2.51.0
2025-09-11T18:27:46.2655557Z Temporarily overriding HOME='/home/runner/work/_temp/b2f3564d-dabb-4eeb-a48f-0f8b04be2ad1' before making global git config changes
2025-09-11T18:27:46.2656794Z Adding repository directory to the temporary git global config as a safe directory
2025-09-11T18:27:46.2660298Z [command]/usr/bin/git config --global --add safe.directory /home/runner/work/scratchattach/scratchattach
2025-09-11T18:27:46.2695617Z [command]/usr/bin/git config --local --name-only --get-regexp core\.sshCommand
2025-09-11T18:27:46.2727504Z [command]/usr/bin/git submodule foreach --recursive sh -c "git config --local --name-only --get-regexp 'core\.sshCommand' && git config --local --unset-all 'core.sshCommand' || :"
2025-09-11T18:27:46.2954856Z [command]/usr/bin/git config --local --name-only --get-regexp http\.https\:\/\/github\.com\/\.extraheader
2025-09-11T18:27:46.2987323Z [command]/usr/bin/git submodule foreach --recursive sh -c "git config --local --name-only --get-regexp 'http\.https\:\/\/github\.com\/\.extraheader' && git config --local --unset-all 'http.https://github.com/.extraheader' || :"
2025-09-11T18:27:46.3339295Z Cleaning up orphan processes
