2026-01-17T03:24:03.4235403Z Current runner version: '2.331.0'
2026-01-17T03:24:03.4259190Z ##[group]Runner Image Provisioner
2026-01-17T03:24:03.4260087Z Hosted Compute Agent
2026-01-17T03:24:03.4260619Z Version: 20251211.462
2026-01-17T03:24:03.4261227Z Commit: 6cbad8c2bb55d58165063d031ccabf57e2d2db61
2026-01-17T03:24:03.4261973Z Build Date: 2025-12-11T16:28:49Z
2026-01-17T03:24:03.4262610Z Worker ID: {a1e5b67e-c201-457b-b6d9-f94b3f9d18cb}
2026-01-17T03:24:03.4263324Z ##[endgroup]
2026-01-17T03:24:03.4263852Z ##[group]Operating System
2026-01-17T03:24:03.4264416Z Ubuntu
2026-01-17T03:24:03.4264874Z 24.04.3
2026-01-17T03:24:03.4265320Z LTS
2026-01-17T03:24:03.4265784Z ##[endgroup]
2026-01-17T03:24:03.4266618Z ##[group]Runner Image
2026-01-17T03:24:03.4267198Z Image: ubuntu-24.04
2026-01-17T03:24:03.4267734Z Version: 20260111.209.1
2026-01-17T03:24:03.4268744Z Included Software: https://github.com/actions/runner-images/blob/ubuntu24/20260111.209/images/ubuntu/Ubuntu2404-Readme.md
2026-01-17T03:24:03.4270290Z Image Release: https://github.com/actions/runner-images/releases/tag/ubuntu24%2F20260111.209
2026-01-17T03:24:03.4271292Z ##[endgroup]
2026-01-17T03:24:03.4272335Z ##[group]GITHUB_TOKEN Permissions
2026-01-17T03:24:03.4274339Z Contents: write
2026-01-17T03:24:03.4274972Z Metadata: read
2026-01-17T03:24:03.4275512Z ##[endgroup]
2026-01-17T03:24:03.4278043Z Secret source: Actions
2026-01-17T03:24:03.4279097Z Prepare workflow directory
2026-01-17T03:24:03.4605143Z Prepare all required actions
2026-01-17T03:24:03.4643622Z Getting action download info
2026-01-17T03:24:03.7682810Z Download action repository 'actions/checkout@v6.0.1' (SHA:8e8c483db84b4bee98b60c0593521ed34d9990e8)
2026-01-17T03:24:03.8576688Z Download action repository 'actions/setup-python@v6.1.0' (SHA:83679a892e2d95755f2dac6acb0bfd1e9ac5d548)
2026-01-17T03:24:04.0865615Z Complete job name: Run Prioritzing Handler
2026-01-17T03:24:04.1550232Z ##[group]Run actions/checkout@v6.0.1
2026-01-17T03:24:04.1551080Z with:
2026-01-17T03:24:04.1551453Z   ref: main
2026-01-17T03:24:04.1551866Z   repository: Boss-1s/scratchattach
2026-01-17T03:24:04.1552540Z   token: ***
2026-01-17T03:24:04.1552926Z   ssh-strict: true
2026-01-17T03:24:04.1553317Z   ssh-user: git
2026-01-17T03:24:04.1553708Z   persist-credentials: true
2026-01-17T03:24:04.1554145Z   clean: true
2026-01-17T03:24:04.1554538Z   sparse-checkout-cone-mode: true
2026-01-17T03:24:04.1555000Z   fetch-depth: 1
2026-01-17T03:24:04.1555377Z   fetch-tags: false
2026-01-17T03:24:04.1555766Z   show-progress: true
2026-01-17T03:24:04.1556373Z   lfs: false
2026-01-17T03:24:04.1556739Z   submodules: false
2026-01-17T03:24:04.1557134Z   set-safe-directory: true
2026-01-17T03:24:04.1557822Z ##[endgroup]
2026-01-17T03:24:04.2462091Z Syncing repository: Boss-1s/scratchattach
2026-01-17T03:24:04.2463810Z ##[group]Getting Git version info
2026-01-17T03:24:04.2464633Z Working directory is '/home/runner/work/scratchattach/scratchattach'
2026-01-17T03:24:04.2465631Z [command]/usr/bin/git version
2026-01-17T03:24:04.2543193Z git version 2.52.0
2026-01-17T03:24:04.2564248Z ##[endgroup]
2026-01-17T03:24:04.2578109Z Temporarily overriding HOME='/home/runner/work/_temp/fc627b91-fbf6-4479-8955-313948d0d2c0' before making global git config changes
2026-01-17T03:24:04.2579954Z Adding repository directory to the temporary git global config as a safe directory
2026-01-17T03:24:04.2583103Z [command]/usr/bin/git config --global --add safe.directory /home/runner/work/scratchattach/scratchattach
2026-01-17T03:24:04.2622829Z Deleting the contents of '/home/runner/work/scratchattach/scratchattach'
2026-01-17T03:24:04.2626688Z ##[group]Initializing the repository
2026-01-17T03:24:04.2631425Z [command]/usr/bin/git init /home/runner/work/scratchattach/scratchattach
2026-01-17T03:24:04.2726691Z hint: Using 'master' as the name for the initial branch. This default branch name
2026-01-17T03:24:04.2727962Z hint: will change to "main" in Git 3.0. To configure the initial branch name
2026-01-17T03:24:04.2728925Z hint: to use in all of your new repositories, which will suppress this warning,
2026-01-17T03:24:04.2729903Z hint: call:
2026-01-17T03:24:04.2730698Z hint:
2026-01-17T03:24:04.2731456Z hint: 	git config --global init.defaultBranch <name>
2026-01-17T03:24:04.2732052Z hint:
2026-01-17T03:24:04.2732968Z hint: Names commonly chosen instead of 'master' are 'main', 'trunk' and
2026-01-17T03:24:04.2734647Z hint: 'development'. The just-created branch can be renamed via this command:
2026-01-17T03:24:04.2735971Z hint:
2026-01-17T03:24:04.2736932Z hint: 	git branch -m <name>
2026-01-17T03:24:04.2737769Z hint:
2026-01-17T03:24:04.2738828Z hint: Disable this message with "git config set advice.defaultBranchName false"
2026-01-17T03:24:04.2740678Z Initialized empty Git repository in /home/runner/work/scratchattach/scratchattach/.git/
2026-01-17T03:24:04.2743615Z [command]/usr/bin/git remote add origin https://github.com/Boss-1s/scratchattach
2026-01-17T03:24:04.2778903Z ##[endgroup]
2026-01-17T03:24:04.2780109Z ##[group]Disabling automatic garbage collection
2026-01-17T03:24:04.2783294Z [command]/usr/bin/git config --local gc.auto 0
2026-01-17T03:24:04.2811378Z ##[endgroup]
2026-01-17T03:24:04.2812591Z ##[group]Setting up auth
2026-01-17T03:24:04.2813509Z Removing SSH command configuration
2026-01-17T03:24:04.2819328Z [command]/usr/bin/git config --local --name-only --get-regexp core\.sshCommand
2026-01-17T03:24:04.2850954Z [command]/usr/bin/git submodule foreach --recursive sh -c "git config --local --name-only --get-regexp 'core\.sshCommand' && git config --local --unset-all 'core.sshCommand' || :"
2026-01-17T03:24:04.3170334Z Removing HTTP extra header
2026-01-17T03:24:04.3175934Z [command]/usr/bin/git config --local --name-only --get-regexp http\.https\:\/\/github\.com\/\.extraheader
2026-01-17T03:24:04.3206934Z [command]/usr/bin/git submodule foreach --recursive sh -c "git config --local --name-only --get-regexp 'http\.https\:\/\/github\.com\/\.extraheader' && git config --local --unset-all 'http.https://github.com/.extraheader' || :"
2026-01-17T03:24:04.3418482Z Removing includeIf entries pointing to credentials config files
2026-01-17T03:24:04.3424003Z [command]/usr/bin/git config --local --name-only --get-regexp ^includeIf\.gitdir:
2026-01-17T03:24:04.3454147Z [command]/usr/bin/git submodule foreach --recursive git config --local --show-origin --name-only --get-regexp remote.origin.url
2026-01-17T03:24:04.3674847Z [command]/usr/bin/git config --file /home/runner/work/_temp/git-credentials-2007b9b2-2065-458d-b48a-6cae26b225f2.config http.https://github.com/.extraheader AUTHORIZATION: basic ***
2026-01-17T03:24:04.3710131Z [command]/usr/bin/git config --local includeIf.gitdir:/home/runner/work/scratchattach/scratchattach/.git.path /home/runner/work/_temp/git-credentials-2007b9b2-2065-458d-b48a-6cae26b225f2.config
2026-01-17T03:24:04.3738473Z [command]/usr/bin/git config --local includeIf.gitdir:/home/runner/work/scratchattach/scratchattach/.git/worktrees/*.path /home/runner/work/_temp/git-credentials-2007b9b2-2065-458d-b48a-6cae26b225f2.config
2026-01-17T03:24:04.3767605Z [command]/usr/bin/git config --local includeIf.gitdir:/github/workspace/.git.path /github/runner_temp/git-credentials-2007b9b2-2065-458d-b48a-6cae26b225f2.config
2026-01-17T03:24:04.3798614Z [command]/usr/bin/git config --local includeIf.gitdir:/github/workspace/.git/worktrees/*.path /github/runner_temp/git-credentials-2007b9b2-2065-458d-b48a-6cae26b225f2.config
2026-01-17T03:24:04.3823793Z ##[endgroup]
2026-01-17T03:24:04.3831749Z ##[group]Fetching the repository
2026-01-17T03:24:04.3833206Z [command]/usr/bin/git -c protocol.version=2 fetch --no-tags --prune --no-recurse-submodules --depth=1 origin +refs/heads/main*:refs/remotes/origin/main* +refs/tags/main*:refs/tags/main*
2026-01-17T03:24:41.7522356Z From https://github.com/Boss-1s/scratchattach
2026-01-17T03:24:41.7523252Z  * [new branch]      main       -> origin/main
2026-01-17T03:24:41.7551830Z ##[endgroup]
2026-01-17T03:24:41.7552693Z ##[group]Determining the checkout info
2026-01-17T03:24:41.7560023Z [command]/usr/bin/git branch --list --remote origin/main
2026-01-17T03:24:41.7620090Z   origin/main
2026-01-17T03:24:41.7624346Z ##[endgroup]
2026-01-17T03:24:41.7629156Z [command]/usr/bin/git sparse-checkout disable
2026-01-17T03:24:41.7670481Z [command]/usr/bin/git config --local --unset-all extensions.worktreeConfig
2026-01-17T03:24:41.7698585Z ##[group]Checking out the ref
2026-01-17T03:24:41.7703470Z [command]/usr/bin/git checkout --progress --force -B main refs/remotes/origin/main
2026-01-17T03:24:42.9653043Z Updating files:  83% (2611/3120)
2026-01-17T03:24:43.2304684Z Updating files:  84% (2621/3120)
2026-01-17T03:24:43.4148754Z Updating files:  85% (2652/3120)
2026-01-17T03:24:43.4193288Z Updating files:  86% (2684/3120)
2026-01-17T03:24:43.5481005Z Updating files:  87% (2715/3120)
2026-01-17T03:24:43.6215605Z Updating files:  88% (2746/3120)
2026-01-17T03:24:43.7534051Z Updating files:  89% (2777/3120)
2026-01-17T03:24:43.8080237Z Updating files:  90% (2808/3120)
2026-01-17T03:24:44.3759113Z Updating files:  90% (2812/3120)
2026-01-17T03:24:44.4348301Z Updating files:  91% (2840/3120)
2026-01-17T03:24:44.8100530Z Updating files:  92% (2871/3120)
2026-01-17T03:24:44.9386588Z Updating files:  92% (2898/3120)
2026-01-17T03:24:44.9899267Z Updating files:  93% (2902/3120)
2026-01-17T03:24:45.1569487Z Updating files:  94% (2933/3120)
2026-01-17T03:24:45.6548194Z Updating files:  95% (2964/3120)
2026-01-17T03:24:45.9009089Z Updating files:  96% (2996/3120)
2026-01-17T03:24:46.3699624Z Updating files:  96% (3004/3120)
2026-01-17T03:24:46.7930382Z Updating files:  97% (3027/3120)
2026-01-17T03:24:46.9685528Z Updating files:  97% (3049/3120)
2026-01-17T03:24:47.4584737Z Updating files:  98% (3058/3120)
2026-01-17T03:24:47.6601957Z Updating files:  99% (3089/3120)
2026-01-17T03:24:47.6602496Z Updating files: 100% (3120/3120)
2026-01-17T03:24:47.6602980Z Updating files: 100% (3120/3120), done.
2026-01-17T03:24:47.6637752Z Switched to a new branch 'main'
2026-01-17T03:24:47.6640769Z branch 'main' set up to track 'origin/main'.
2026-01-17T03:24:47.6792443Z ##[endgroup]
2026-01-17T03:24:47.6831101Z [command]/usr/bin/git log -1 --format=%H
2026-01-17T03:24:47.6854908Z c9b7d2342515f5dcba461ccc00fcd5723afb5d40
2026-01-17T03:24:47.7083554Z ##[group]Run actions/setup-python@v6.1.0
2026-01-17T03:24:47.7083868Z with:
2026-01-17T03:24:47.7084063Z   python-version: 3.13
2026-01-17T03:24:47.7084277Z   check-latest: false
2026-01-17T03:24:47.7084640Z   token: ***
2026-01-17T03:24:47.7084848Z   update-environment: true
2026-01-17T03:24:47.7085078Z   allow-prereleases: false
2026-01-17T03:24:47.7085304Z   freethreaded: false
2026-01-17T03:24:47.7085514Z ##[endgroup]
2026-01-17T03:24:47.8334903Z ##[group]Installed versions
2026-01-17T03:24:47.8894846Z (node:2126) [DEP0040] DeprecationWarning: The `punycode` module is deprecated. Please use a userland alternative instead.
2026-01-17T03:24:47.8896278Z (Use `node --trace-deprecation ...` to show where the warning was created)
2026-01-17T03:24:47.8898194Z Successfully set up CPython (3.13.11)
2026-01-17T03:24:47.8898997Z ##[endgroup]
2026-01-17T03:24:47.9031279Z ##[group]Run pip install -r requirements.txt
2026-01-17T03:24:47.9031694Z [36;1mpip install -r requirements.txt[0m
2026-01-17T03:24:47.9074970Z shell: /usr/bin/bash -e {0}
2026-01-17T03:24:47.9075226Z env:
2026-01-17T03:24:47.9075488Z   pythonLocation: /opt/hostedtoolcache/Python/3.13.11/x64
2026-01-17T03:24:47.9075924Z   PKG_CONFIG_PATH: /opt/hostedtoolcache/Python/3.13.11/x64/lib/pkgconfig
2026-01-17T03:24:47.9076605Z   Python_ROOT_DIR: /opt/hostedtoolcache/Python/3.13.11/x64
2026-01-17T03:24:47.9077011Z   Python2_ROOT_DIR: /opt/hostedtoolcache/Python/3.13.11/x64
2026-01-17T03:24:47.9077375Z   Python3_ROOT_DIR: /opt/hostedtoolcache/Python/3.13.11/x64
2026-01-17T03:24:47.9077739Z   LD_LIBRARY_PATH: /opt/hostedtoolcache/Python/3.13.11/x64/lib
2026-01-17T03:24:47.9078050Z ##[endgroup]
2026-01-17T03:24:50.4112265Z Collecting scratchattach>=2.1.15b0 (from -r requirements.txt (line 1))
2026-01-17T03:24:50.4716587Z   Downloading scratchattach-2.1.15b0-py3-none-any.whl.metadata (5.7 kB)
2026-01-17T03:24:50.4955977Z Collecting websocket-client (from scratchattach>=2.1.15b0->-r requirements.txt (line 1))
2026-01-17T03:24:50.4994993Z   Downloading websocket_client-1.9.0-py3-none-any.whl.metadata (8.3 kB)
2026-01-17T03:24:50.5292066Z Collecting requests (from scratchattach>=2.1.15b0->-r requirements.txt (line 1))
2026-01-17T03:24:50.5500156Z   Downloading requests-2.32.5-py3-none-any.whl.metadata (4.9 kB)
2026-01-17T03:24:50.5620065Z Collecting bs4 (from scratchattach>=2.1.15b0->-r requirements.txt (line 1))
2026-01-17T03:24:50.5679875Z   Downloading bs4-0.0.2-py2.py3-none-any.whl.metadata (411 bytes)
2026-01-17T03:24:50.6008130Z Collecting SimpleWebSocketServer (from scratchattach>=2.1.15b0->-r requirements.txt (line 1))
2026-01-17T03:24:50.6059458Z   Downloading SimpleWebSocketServer-0.1.2.tar.gz (10 kB)
2026-01-17T03:24:50.6135735Z   Installing build dependencies: started
2026-01-17T03:24:51.4651214Z   Installing build dependencies: finished with status 'done'
2026-01-17T03:24:51.4718705Z   Getting requirements to build wheel: started
2026-01-17T03:24:51.8730428Z   Getting requirements to build wheel: finished with status 'done'
2026-01-17T03:24:51.8740300Z   Preparing metadata (pyproject.toml): started
2026-01-17T03:24:52.0778478Z   Preparing metadata (pyproject.toml): finished with status 'done'
2026-01-17T03:24:52.0977209Z Collecting typing-extensions (from scratchattach>=2.1.15b0->-r requirements.txt (line 1))
2026-01-17T03:24:52.1029452Z   Downloading typing_extensions-4.15.0-py3-none-any.whl.metadata (3.3 kB)
2026-01-17T03:24:52.1182374Z Collecting browser_cookie3 (from scratchattach>=2.1.15b0->-r requirements.txt (line 1))
2026-01-17T03:24:52.1244918Z   Downloading browser_cookie3-0.20.1-py3-none-any.whl.metadata (713 bytes)
2026-01-17T03:24:52.2030504Z Collecting lz4 (from browser_cookie3->scratchattach>=2.1.15b0->-r requirements.txt (line 1))
2026-01-17T03:24:52.2089053Z   Downloading lz4-4.4.5-cp313-cp313-manylinux2014_x86_64.manylinux_2_17_x86_64.manylinux_2_28_x86_64.whl.metadata (3.8 kB)
2026-01-17T03:24:52.2879217Z Collecting pycryptodomex (from browser_cookie3->scratchattach>=2.1.15b0->-r requirements.txt (line 1))
2026-01-17T03:24:52.2925115Z   Downloading pycryptodomex-3.23.0-cp37-abi3-manylinux_2_17_x86_64.manylinux2014_x86_64.whl.metadata (3.4 kB)
2026-01-17T03:24:52.3061942Z Collecting jeepney (from browser_cookie3->scratchattach>=2.1.15b0->-r requirements.txt (line 1))
2026-01-17T03:24:52.3124541Z   Downloading jeepney-0.9.0-py3-none-any.whl.metadata (1.2 kB)
2026-01-17T03:24:52.3309272Z Collecting beautifulsoup4 (from bs4->scratchattach>=2.1.15b0->-r requirements.txt (line 1))
2026-01-17T03:24:52.3355564Z   Downloading beautifulsoup4-4.14.3-py3-none-any.whl.metadata (3.8 kB)
2026-01-17T03:24:52.4133670Z Collecting soupsieve>=1.6.1 (from beautifulsoup4->bs4->scratchattach>=2.1.15b0->-r requirements.txt (line 1))
2026-01-17T03:24:52.4177227Z   Downloading soupsieve-2.8.1-py3-none-any.whl.metadata (4.6 kB)
2026-01-17T03:24:54.3654475Z Collecting charset_normalizer<4,>=2 (from requests->scratchattach>=2.1.15b0->-r requirements.txt (line 1))
2026-01-17T03:24:54.3694105Z   Downloading charset_normalizer-3.4.4-cp313-cp313-manylinux2014_x86_64.manylinux_2_17_x86_64.manylinux_2_28_x86_64.whl.metadata (37 kB)
2026-01-17T03:24:54.9589353Z Collecting idna<4,>=2.5 (from requests->scratchattach>=2.1.15b0->-r requirements.txt (line 1))
2026-01-17T03:24:54.9625202Z   Downloading idna-3.11-py3-none-any.whl.metadata (8.4 kB)
2026-01-17T03:24:54.9908900Z Collecting urllib3<3,>=1.21.1 (from requests->scratchattach>=2.1.15b0->-r requirements.txt (line 1))
2026-01-17T03:24:54.9946509Z   Downloading urllib3-2.6.3-py3-none-any.whl.metadata (6.9 kB)
2026-01-17T03:24:55.0170543Z Collecting certifi>=2017.4.17 (from requests->scratchattach>=2.1.15b0->-r requirements.txt (line 1))
2026-01-17T03:24:55.0209581Z   Downloading certifi-2026.1.4-py3-none-any.whl.metadata (2.5 kB)
2026-01-17T03:24:55.0334307Z Downloading scratchattach-2.1.15b0-py3-none-any.whl (145 kB)
2026-01-17T03:24:55.0457042Z Downloading browser_cookie3-0.20.1-py3-none-any.whl (17 kB)
2026-01-17T03:24:55.0526357Z Downloading bs4-0.0.2-py2.py3-none-any.whl (1.2 kB)
2026-01-17T03:24:55.0582227Z Downloading beautifulsoup4-4.14.3-py3-none-any.whl (107 kB)
2026-01-17T03:24:55.0648062Z Downloading soupsieve-2.8.1-py3-none-any.whl (36 kB)
2026-01-17T03:24:55.0720447Z Downloading typing_extensions-4.15.0-py3-none-any.whl (44 kB)
2026-01-17T03:24:55.0828262Z Downloading jeepney-0.9.0-py3-none-any.whl (49 kB)
2026-01-17T03:24:55.0959357Z Downloading lz4-4.4.5-cp313-cp313-manylinux2014_x86_64.manylinux_2_17_x86_64.manylinux_2_28_x86_64.whl (1.4 MB)
2026-01-17T03:24:55.1165796Z    ━━━━━━━━━━━━━━━━━━━━━━━━━━━━━━━━━━━━━━━━ 1.4/1.4 MB 70.1 MB/s  0:00:00
2026-01-17T03:24:55.1232780Z Downloading pycryptodomex-3.23.0-cp37-abi3-manylinux_2_17_x86_64.manylinux2014_x86_64.whl (2.3 MB)
2026-01-17T03:24:55.1530909Z    ━━━━━━━━━━━━━━━━━━━━━━━━━━━━━━━━━━━━━━━━ 2.3/2.3 MB 91.6 MB/s  0:00:00
2026-01-17T03:24:55.1571886Z Downloading requests-2.32.5-py3-none-any.whl (64 kB)
2026-01-17T03:24:55.1649691Z Downloading charset_normalizer-3.4.4-cp313-cp313-manylinux2014_x86_64.manylinux_2_17_x86_64.manylinux_2_28_x86_64.whl (153 kB)
2026-01-17T03:24:55.1722532Z Downloading idna-3.11-py3-none-any.whl (71 kB)
2026-01-17T03:24:55.1793638Z Downloading urllib3-2.6.3-py3-none-any.whl (131 kB)
2026-01-17T03:24:55.1856795Z Downloading certifi-2026.1.4-py3-none-any.whl (152 kB)
2026-01-17T03:24:55.1921293Z Downloading websocket_client-1.9.0-py3-none-any.whl (82 kB)
2026-01-17T03:24:55.2140214Z Building wheels for collected packages: SimpleWebSocketServer
2026-01-17T03:24:55.2148396Z   Building wheel for SimpleWebSocketServer (pyproject.toml): started
2026-01-17T03:24:55.4335317Z   Building wheel for SimpleWebSocketServer (pyproject.toml): finished with status 'done'
2026-01-17T03:24:55.4342786Z   Created wheel for SimpleWebSocketServer: filename=simplewebsocketserver-0.1.2-py3-none-any.whl size=9715 sha256=d4a1800705336ccdf7f5babf9d03e59058d7cff71f1342c5d48f99378376d0f2
2026-01-17T03:24:55.4344941Z   Stored in directory: /home/runner/.cache/pip/wheels/c4/5b/e8/4f2c15a82edc4923058056f6681373168be02a0c00389a6dcf
2026-01-17T03:24:55.4363874Z Successfully built SimpleWebSocketServer
2026-01-17T03:24:55.4609898Z Installing collected packages: SimpleWebSocketServer, websocket-client, urllib3, typing-extensions, soupsieve, pycryptodomex, lz4, jeepney, idna, charset_normalizer, certifi, requests, browser_cookie3, beautifulsoup4, bs4, scratchattach
2026-01-17T03:24:56.5585423Z 
2026-01-17T03:24:56.5612196Z Successfully installed SimpleWebSocketServer-0.1.2 beautifulsoup4-4.14.3 browser_cookie3-0.20.1 bs4-0.0.2 certifi-2026.1.4 charset_normalizer-3.4.4 idna-3.11 jeepney-0.9.0 lz4-4.4.5 pycryptodomex-3.23.0 requests-2.32.5 scratchattach-2.1.15b0 soupsieve-2.8.1 typing-extensions-4.15.0 urllib3-2.6.3 websocket-client-1.9.0
2026-01-17T03:24:56.7544237Z ##[group]Run actions/checkout@v6.0.1
2026-01-17T03:24:56.7544526Z with:
2026-01-17T03:24:56.7544698Z   ref: main
2026-01-17T03:24:56.7544896Z   repository: Boss-1s/scratchattach
2026-01-17T03:24:56.7545275Z   token: ***
2026-01-17T03:24:56.7545457Z   ssh-strict: true
2026-01-17T03:24:56.7545654Z   ssh-user: git
2026-01-17T03:24:56.7545851Z   persist-credentials: true
2026-01-17T03:24:56.7546230Z   clean: true
2026-01-17T03:24:56.7546431Z   sparse-checkout-cone-mode: true
2026-01-17T03:24:56.7546676Z   fetch-depth: 1
2026-01-17T03:24:56.7546858Z   fetch-tags: false
2026-01-17T03:24:56.7547053Z   show-progress: true
2026-01-17T03:24:56.7547242Z   lfs: false
2026-01-17T03:24:56.7547414Z   submodules: false
2026-01-17T03:24:56.7547611Z   set-safe-directory: true
2026-01-17T03:24:56.7547814Z env:
2026-01-17T03:24:56.7548048Z   pythonLocation: /opt/hostedtoolcache/Python/3.13.11/x64
2026-01-17T03:24:56.7548457Z   PKG_CONFIG_PATH: /opt/hostedtoolcache/Python/3.13.11/x64/lib/pkgconfig
2026-01-17T03:24:56.7548892Z   Python_ROOT_DIR: /opt/hostedtoolcache/Python/3.13.11/x64
2026-01-17T03:24:56.7549246Z   Python2_ROOT_DIR: /opt/hostedtoolcache/Python/3.13.11/x64
2026-01-17T03:24:56.7549604Z   Python3_ROOT_DIR: /opt/hostedtoolcache/Python/3.13.11/x64
2026-01-17T03:24:56.7550152Z   LD_LIBRARY_PATH: /opt/hostedtoolcache/Python/3.13.11/x64/lib
2026-01-17T03:24:56.7550454Z ##[endgroup]
2026-01-17T03:24:56.8311261Z Syncing repository: Boss-1s/scratchattach
2026-01-17T03:24:56.8312632Z ##[group]Getting Git version info
2026-01-17T03:24:56.8313308Z Working directory is '/home/runner/work/scratchattach/scratchattach'
2026-01-17T03:24:56.8347919Z [command]/usr/bin/git version
2026-01-17T03:24:56.8382833Z git version 2.52.0
2026-01-17T03:24:56.8402776Z ##[endgroup]
2026-01-17T03:24:56.8415972Z Temporarily overriding HOME='/home/runner/work/_temp/1d2caed2-aca0-431a-a144-93357d2bc623' before making global git config changes
2026-01-17T03:24:56.8417407Z Adding repository directory to the temporary git global config as a safe directory
2026-01-17T03:24:56.8420853Z [command]/usr/bin/git config --global --add safe.directory /home/runner/work/scratchattach/scratchattach
2026-01-17T03:24:56.8458331Z [command]/usr/bin/git config --local --get remote.origin.url
2026-01-17T03:24:56.8480799Z https://github.com/Boss-1s/scratchattach
2026-01-17T03:24:56.8494349Z ##[group]Removing previously created refs, to avoid conflicts
2026-01-17T03:24:56.8499419Z [command]/usr/bin/git rev-parse --symbolic-full-name --verify --quiet HEAD
2026-01-17T03:24:56.8521368Z refs/heads/main
2026-01-17T03:24:56.8531468Z [command]/usr/bin/git checkout --detach
2026-01-17T03:24:57.4490709Z HEAD is now at c9b7d23 [BOT] Download Logs
2026-01-17T03:24:57.4544060Z [command]/usr/bin/git branch --delete --force main
2026-01-17T03:24:57.4572543Z Deleted branch main (was c9b7d23).
2026-01-17T03:24:57.4613817Z ##[endgroup]
2026-01-17T03:24:57.4618114Z [command]/usr/bin/git submodule status
2026-01-17T03:24:57.4845946Z ##[group]Cleaning the repository
2026-01-17T03:24:57.4850337Z [command]/usr/bin/git clean -ffdx
2026-01-17T03:24:57.4906453Z [command]/usr/bin/git reset --hard HEAD
2026-01-17T03:24:57.5017862Z HEAD is now at c9b7d23 [BOT] Download Logs
2026-01-17T03:24:57.5023093Z ##[endgroup]
2026-01-17T03:24:57.5025087Z ##[group]Disabling automatic garbage collection
2026-01-17T03:24:57.5029406Z [command]/usr/bin/git config --local gc.auto 0
2026-01-17T03:24:57.5055593Z ##[endgroup]
2026-01-17T03:24:57.5055948Z ##[group]Setting up auth
2026-01-17T03:24:57.5057592Z Removing SSH command configuration
2026-01-17T03:24:57.5063655Z [command]/usr/bin/git config --local --name-only --get-regexp core\.sshCommand
2026-01-17T03:24:57.5094684Z [command]/usr/bin/git submodule foreach --recursive sh -c "git config --local --name-only --get-regexp 'core\.sshCommand' && git config --local --unset-all 'core.sshCommand' || :"
2026-01-17T03:24:57.5319100Z Removing HTTP extra header
2026-01-17T03:24:57.5324376Z [command]/usr/bin/git config --local --name-only --get-regexp http\.https\:\/\/github\.com\/\.extraheader
2026-01-17T03:24:57.5352473Z [command]/usr/bin/git submodule foreach --recursive sh -c "git config --local --name-only --get-regexp 'http\.https\:\/\/github\.com\/\.extraheader' && git config --local --unset-all 'http.https://github.com/.extraheader' || :"
2026-01-17T03:24:57.5572732Z Removing includeIf entries pointing to credentials config files
2026-01-17T03:24:57.5578578Z [command]/usr/bin/git config --local --name-only --get-regexp ^includeIf\.gitdir:
2026-01-17T03:24:57.5636489Z includeif.gitdir:/home/runner/work/scratchattach/scratchattach/.git.path
2026-01-17T03:24:57.5637568Z includeif.gitdir:/home/runner/work/scratchattach/scratchattach/.git/worktrees/*.path
2026-01-17T03:24:57.5638082Z includeif.gitdir:/github/workspace/.git.path
2026-01-17T03:24:57.5638444Z includeif.gitdir:/github/workspace/.git/worktrees/*.path
2026-01-17T03:24:57.5645118Z [command]/usr/bin/git config --local --get-all includeif.gitdir:/home/runner/work/scratchattach/scratchattach/.git.path
2026-01-17T03:24:57.5666829Z /home/runner/work/_temp/git-credentials-2007b9b2-2065-458d-b48a-6cae26b225f2.config
2026-01-17T03:24:57.5677408Z [command]/usr/bin/git config --local --unset includeif.gitdir:/home/runner/work/scratchattach/scratchattach/.git.path /home/runner/work/_temp/git-credentials-2007b9b2-2065-458d-b48a-6cae26b225f2.config
2026-01-17T03:24:57.5707552Z [command]/usr/bin/git config --local --get-all includeif.gitdir:/home/runner/work/scratchattach/scratchattach/.git/worktrees/*.path
2026-01-17T03:24:57.5728461Z /home/runner/work/_temp/git-credentials-2007b9b2-2065-458d-b48a-6cae26b225f2.config
2026-01-17T03:24:57.5736951Z [command]/usr/bin/git config --local --unset includeif.gitdir:/home/runner/work/scratchattach/scratchattach/.git/worktrees/*.path /home/runner/work/_temp/git-credentials-2007b9b2-2065-458d-b48a-6cae26b225f2.config
2026-01-17T03:24:57.5765194Z [command]/usr/bin/git config --local --get-all includeif.gitdir:/github/workspace/.git.path
2026-01-17T03:24:57.5785242Z /github/runner_temp/git-credentials-2007b9b2-2065-458d-b48a-6cae26b225f2.config
2026-01-17T03:24:57.5795027Z [command]/usr/bin/git config --local --unset includeif.gitdir:/github/workspace/.git.path /github/runner_temp/git-credentials-2007b9b2-2065-458d-b48a-6cae26b225f2.config
2026-01-17T03:24:57.5826642Z [command]/usr/bin/git config --local --get-all includeif.gitdir:/github/workspace/.git/worktrees/*.path
2026-01-17T03:24:57.5848172Z /github/runner_temp/git-credentials-2007b9b2-2065-458d-b48a-6cae26b225f2.config
2026-01-17T03:24:57.5858256Z [command]/usr/bin/git config --local --unset includeif.gitdir:/github/workspace/.git/worktrees/*.path /github/runner_temp/git-credentials-2007b9b2-2065-458d-b48a-6cae26b225f2.config
2026-01-17T03:24:57.5891926Z [command]/usr/bin/git submodule foreach --recursive git config --local --show-origin --name-only --get-regexp remote.origin.url
2026-01-17T03:24:57.6111688Z Removing credentials config '/home/runner/work/_temp/git-credentials-2007b9b2-2065-458d-b48a-6cae26b225f2.config'
2026-01-17T03:24:57.6124283Z [command]/usr/bin/git config --file /home/runner/work/_temp/git-credentials-3c4ed044-3940-4364-91d5-591878242169.config http.https://github.com/.extraheader AUTHORIZATION: basic ***
2026-01-17T03:24:57.6160811Z [command]/usr/bin/git config --local includeIf.gitdir:/home/runner/work/scratchattach/scratchattach/.git.path /home/runner/work/_temp/git-credentials-3c4ed044-3940-4364-91d5-591878242169.config
2026-01-17T03:24:57.6190512Z [command]/usr/bin/git config --local includeIf.gitdir:/home/runner/work/scratchattach/scratchattach/.git/worktrees/*.path /home/runner/work/_temp/git-credentials-3c4ed044-3940-4364-91d5-591878242169.config
2026-01-17T03:24:57.6219678Z [command]/usr/bin/git config --local includeIf.gitdir:/github/workspace/.git.path /github/runner_temp/git-credentials-3c4ed044-3940-4364-91d5-591878242169.config
2026-01-17T03:24:57.6249849Z [command]/usr/bin/git config --local includeIf.gitdir:/github/workspace/.git/worktrees/*.path /github/runner_temp/git-credentials-3c4ed044-3940-4364-91d5-591878242169.config
2026-01-17T03:24:57.6274609Z ##[endgroup]
2026-01-17T03:24:57.6275065Z ##[group]Fetching the repository
2026-01-17T03:24:57.6284429Z [command]/usr/bin/git -c protocol.version=2 fetch --no-tags --prune --no-recurse-submodules --depth=1 origin +refs/heads/main*:refs/remotes/origin/main* +refs/tags/main*:refs/tags/main*
2026-01-17T03:24:57.8697803Z ##[endgroup]
2026-01-17T03:24:57.8698352Z ##[group]Determining the checkout info
2026-01-17T03:24:57.8705144Z [command]/usr/bin/git branch --list --remote origin/main
2026-01-17T03:24:57.8731792Z   origin/main
2026-01-17T03:24:57.8736218Z ##[endgroup]
2026-01-17T03:24:57.8741327Z [command]/usr/bin/git sparse-checkout disable
2026-01-17T03:24:57.8807432Z [command]/usr/bin/git config --local --unset-all extensions.worktreeConfig
2026-01-17T03:24:57.8833448Z ##[group]Checking out the ref
2026-01-17T03:24:57.8838043Z [command]/usr/bin/git checkout --progress --force -B main refs/remotes/origin/main
2026-01-17T03:24:57.8925526Z Switched to a new branch 'main'
2026-01-17T03:24:57.8928355Z branch 'main' set up to track 'origin/main'.
2026-01-17T03:24:57.8933864Z ##[endgroup]
2026-01-17T03:24:57.8969592Z [command]/usr/bin/git log -1 --format=%H
2026-01-17T03:24:57.8992599Z c9b7d2342515f5dcba461ccc00fcd5723afb5d40
2026-01-17T03:24:57.9102617Z ##[group]Run python3 aesthetic_prioritizing.py
2026-01-17T03:24:57.9102990Z [36;1mpython3 aesthetic_prioritizing.py[0m
2026-01-17T03:24:57.9136719Z shell: /usr/bin/bash -e {0}
2026-01-17T03:24:57.9136960Z env:
2026-01-17T03:24:57.9137215Z   pythonLocation: /opt/hostedtoolcache/Python/3.13.11/x64
2026-01-17T03:24:57.9137653Z   PKG_CONFIG_PATH: /opt/hostedtoolcache/Python/3.13.11/x64/lib/pkgconfig
2026-01-17T03:24:57.9138079Z   Python_ROOT_DIR: /opt/hostedtoolcache/Python/3.13.11/x64
2026-01-17T03:24:57.9138458Z   Python2_ROOT_DIR: /opt/hostedtoolcache/Python/3.13.11/x64
2026-01-17T03:24:57.9138827Z   Python3_ROOT_DIR: /opt/hostedtoolcache/Python/3.13.11/x64
2026-01-17T03:24:57.9139190Z   LD_LIBRARY_PATH: /opt/hostedtoolcache/Python/3.13.11/x64/lib
2026-01-17T03:24:57.9139600Z   PASS: ***
2026-01-17T03:24:57.9139785Z ##[endgroup]
2026-01-17T03:24:58.8560045Z Prioritizing: Attempt 1
2026-01-17T03:24:58.8566540Z Projects already on top. No prioritizing needed.
2026-01-17T03:24:58.8573681Z Prioritized projects in your favorite list.
2026-01-17T03:24:58.8579695Z Prioritizing: Attempt 1
2026-01-17T03:24:59.0269817Z Unfollowed stuido 50609120
2026-01-17T03:25:34.0282155Z Followed studio 50609120 to move it to the top
2026-01-17T03:26:19.3448334Z Unfollowed stuido 50609126
2026-01-17T03:26:54.3460464Z Followed studio 50609126 to move it to the top
2026-01-17T03:27:39.5677284Z Unfollowed stuido 50609128
2026-01-17T03:28:14.5690115Z Followed studio 50609128 to move it to the top
2026-01-17T03:28:59.8406954Z Unfollowed stuido 50609129
2026-01-17T03:29:34.8418882Z Followed studio 50609129 to move it to the top
2026-01-17T03:30:19.9030969Z Prioritized studios in your favorite list.
2026-01-17T03:30:19.9382478Z Post job cleanup.
2026-01-17T03:30:20.0154402Z [command]/usr/bin/git version
2026-01-17T03:30:20.0191443Z git version 2.52.0
2026-01-17T03:30:20.0230518Z Temporarily overriding HOME='/home/runner/work/_temp/2a4f672c-8f52-4954-b042-8575150a78f0' before making global git config changes
2026-01-17T03:30:20.0231887Z Adding repository directory to the temporary git global config as a safe directory
2026-01-17T03:30:20.0236752Z [command]/usr/bin/git config --global --add safe.directory /home/runner/work/scratchattach/scratchattach
2026-01-17T03:30:20.0268223Z Removing SSH command configuration
2026-01-17T03:30:20.0274293Z [command]/usr/bin/git config --local --name-only --get-regexp core\.sshCommand
2026-01-17T03:30:20.0331836Z [command]/usr/bin/git submodule foreach --recursive sh -c "git config --local --name-only --get-regexp 'core\.sshCommand' && git config --local --unset-all 'core.sshCommand' || :"
2026-01-17T03:30:20.0560038Z Removing HTTP extra header
2026-01-17T03:30:20.0565199Z [command]/usr/bin/git config --local --name-only --get-regexp http\.https\:\/\/github\.com\/\.extraheader
2026-01-17T03:30:20.0598834Z [command]/usr/bin/git submodule foreach --recursive sh -c "git config --local --name-only --get-regexp 'http\.https\:\/\/github\.com\/\.extraheader' && git config --local --unset-all 'http.https://github.com/.extraheader' || :"
2026-01-17T03:30:20.0830327Z Removing includeIf entries pointing to credentials config files
2026-01-17T03:30:20.0838069Z [command]/usr/bin/git config --local --name-only --get-regexp ^includeIf\.gitdir:
2026-01-17T03:30:20.0863043Z includeif.gitdir:/home/runner/work/scratchattach/scratchattach/.git.path
2026-01-17T03:30:20.0863930Z includeif.gitdir:/home/runner/work/scratchattach/scratchattach/.git/worktrees/*.path
2026-01-17T03:30:20.0864432Z includeif.gitdir:/github/workspace/.git.path
2026-01-17T03:30:20.0864817Z includeif.gitdir:/github/workspace/.git/worktrees/*.path
2026-01-17T03:30:20.0873368Z [command]/usr/bin/git config --local --get-all includeif.gitdir:/home/runner/work/scratchattach/scratchattach/.git.path
2026-01-17T03:30:20.0894822Z /home/runner/work/_temp/git-credentials-3c4ed044-3940-4364-91d5-591878242169.config
2026-01-17T03:30:20.0905195Z [command]/usr/bin/git config --local --unset includeif.gitdir:/home/runner/work/scratchattach/scratchattach/.git.path /home/runner/work/_temp/git-credentials-3c4ed044-3940-4364-91d5-591878242169.config
2026-01-17T03:30:20.0940988Z [command]/usr/bin/git config --local --get-all includeif.gitdir:/home/runner/work/scratchattach/scratchattach/.git/worktrees/*.path
2026-01-17T03:30:20.0963171Z /home/runner/work/_temp/git-credentials-3c4ed044-3940-4364-91d5-591878242169.config
2026-01-17T03:30:20.0973300Z [command]/usr/bin/git config --local --unset includeif.gitdir:/home/runner/work/scratchattach/scratchattach/.git/worktrees/*.path /home/runner/work/_temp/git-credentials-3c4ed044-3940-4364-91d5-591878242169.config
2026-01-17T03:30:20.1003664Z [command]/usr/bin/git config --local --get-all includeif.gitdir:/github/workspace/.git.path
2026-01-17T03:30:20.1024118Z /github/runner_temp/git-credentials-3c4ed044-3940-4364-91d5-591878242169.config
2026-01-17T03:30:20.1033123Z [command]/usr/bin/git config --local --unset includeif.gitdir:/github/workspace/.git.path /github/runner_temp/git-credentials-3c4ed044-3940-4364-91d5-591878242169.config
2026-01-17T03:30:20.1063651Z [command]/usr/bin/git config --local --get-all includeif.gitdir:/github/workspace/.git/worktrees/*.path
2026-01-17T03:30:20.1084242Z /github/runner_temp/git-credentials-3c4ed044-3940-4364-91d5-591878242169.config
2026-01-17T03:30:20.1093265Z [command]/usr/bin/git config --local --unset includeif.gitdir:/github/workspace/.git/worktrees/*.path /github/runner_temp/git-credentials-3c4ed044-3940-4364-91d5-591878242169.config
2026-01-17T03:30:20.1123880Z [command]/usr/bin/git submodule foreach --recursive git config --local --show-origin --name-only --get-regexp remote.origin.url
2026-01-17T03:30:20.1347013Z Removing credentials config '/home/runner/work/_temp/git-credentials-3c4ed044-3940-4364-91d5-591878242169.config'
2026-01-17T03:30:20.1495199Z Post job cleanup.
2026-01-17T03:30:20.2678708Z (node:2594) [DEP0040] DeprecationWarning: The `punycode` module is deprecated. Please use a userland alternative instead.
2026-01-17T03:30:20.2681951Z (Use `node --trace-deprecation ...` to show where the warning was created)
2026-01-17T03:30:20.2835885Z Post job cleanup.
2026-01-17T03:30:20.3643850Z [command]/usr/bin/git version
2026-01-17T03:30:20.3684609Z git version 2.52.0
2026-01-17T03:30:20.3721095Z Temporarily overriding HOME='/home/runner/work/_temp/62f7ba26-544f-4c4d-ab91-3d3764e5124d' before making global git config changes
2026-01-17T03:30:20.3722349Z Adding repository directory to the temporary git global config as a safe directory
2026-01-17T03:30:20.3726324Z [command]/usr/bin/git config --global --add safe.directory /home/runner/work/scratchattach/scratchattach
2026-01-17T03:30:20.3758046Z Removing SSH command configuration
2026-01-17T03:30:20.3764503Z [command]/usr/bin/git config --local --name-only --get-regexp core\.sshCommand
2026-01-17T03:30:20.3798048Z [command]/usr/bin/git submodule foreach --recursive sh -c "git config --local --name-only --get-regexp 'core\.sshCommand' && git config --local --unset-all 'core.sshCommand' || :"
2026-01-17T03:30:20.4028412Z Removing HTTP extra header
2026-01-17T03:30:20.4033574Z [command]/usr/bin/git config --local --name-only --get-regexp http\.https\:\/\/github\.com\/\.extraheader
2026-01-17T03:30:20.4064490Z [command]/usr/bin/git submodule foreach --recursive sh -c "git config --local --name-only --get-regexp 'http\.https\:\/\/github\.com\/\.extraheader' && git config --local --unset-all 'http.https://github.com/.extraheader' || :"
2026-01-17T03:30:20.4288562Z Removing includeIf entries pointing to credentials config files
2026-01-17T03:30:20.4296289Z [command]/usr/bin/git config --local --name-only --get-regexp ^includeIf\.gitdir:
2026-01-17T03:30:20.4327832Z [command]/usr/bin/git submodule foreach --recursive git config --local --show-origin --name-only --get-regexp remote.origin.url
2026-01-17T03:30:20.4694124Z Cleaning up orphan processes
