2025-09-08T01:25:15.5553661Z Current runner version: '2.328.0'
2025-09-08T01:25:15.5576487Z ##[group]Runner Image Provisioner
2025-09-08T01:25:15.5577258Z Hosted Compute Agent
2025-09-08T01:25:15.5577872Z Version: 20250829.383
2025-09-08T01:25:15.5578494Z Commit: 27cb235aab5b0e52e153a26cd86b4742e89dac5d
2025-09-08T01:25:15.5579165Z Build Date: 2025-08-29T13:48:48Z
2025-09-08T01:25:15.5579804Z ##[endgroup]
2025-09-08T01:25:15.5580351Z ##[group]Operating System
2025-09-08T01:25:15.5580912Z Ubuntu
2025-09-08T01:25:15.5581340Z 24.04.3
2025-09-08T01:25:15.5581871Z LTS
2025-09-08T01:25:15.5582297Z ##[endgroup]
2025-09-08T01:25:15.5582777Z ##[group]Runner Image
2025-09-08T01:25:15.5583416Z Image: ubuntu-24.04
2025-09-08T01:25:15.5583887Z Version: 20250831.1.0
2025-09-08T01:25:15.5585047Z Included Software: https://github.com/actions/runner-images/blob/ubuntu24/20250831.1/images/ubuntu/Ubuntu2404-Readme.md
2025-09-08T01:25:15.5586676Z Image Release: https://github.com/actions/runner-images/releases/tag/ubuntu24%2F20250831.1
2025-09-08T01:25:15.5587625Z ##[endgroup]
2025-09-08T01:25:15.5588697Z ##[group]GITHUB_TOKEN Permissions
2025-09-08T01:25:15.5590458Z Contents: write
2025-09-08T01:25:15.5591104Z Metadata: read
2025-09-08T01:25:15.5591570Z ##[endgroup]
2025-09-08T01:25:15.5593542Z Secret source: Actions
2025-09-08T01:25:15.5594271Z Prepare workflow directory
2025-09-08T01:25:15.6105627Z Prepare all required actions
2025-09-08T01:25:15.6142506Z Getting action download info
2025-09-08T01:25:16.0347458Z Download action repository 'actions/checkout@ff7abcd0c3c05ccf6adc123a8cd1fd4fb30fb493' (SHA:ff7abcd0c3c05ccf6adc123a8cd1fd4fb30fb493)
2025-09-08T01:25:16.2213487Z Download action repository 'actions/setup-python@v5' (SHA:a26af69be951a213d495a4c3e4e4022e16d87065)
2025-09-08T01:25:16.3318258Z Download action repository 'actions/cache@0400d5f644dc74513175e3cd8d07132dd4860809' (SHA:0400d5f644dc74513175e3cd8d07132dd4860809)
2025-09-08T01:25:16.4722599Z Download action repository 'actions/component-detection-dependency-submission-action@374343effede691df3a5ffaf36b4e7acab919590' (SHA:374343effede691df3a5ffaf36b4e7acab919590)
2025-09-08T01:25:17.4034510Z Complete job name: submit-pypi
2025-09-08T01:25:17.4769143Z ##[group]Run actions/checkout@ff7abcd0c3c05ccf6adc123a8cd1fd4fb30fb493
2025-09-08T01:25:17.4770881Z with:
2025-09-08T01:25:17.4771652Z   ref: refs/heads/scratch_chat_dev
2025-09-08T01:25:17.4772690Z   repository: Boss-1s/scratchattach
2025-09-08T01:25:17.4773956Z   token: ***
2025-09-08T01:25:17.4774730Z   ssh-strict: true
2025-09-08T01:25:17.4775677Z   ssh-user: git
2025-09-08T01:25:17.4776533Z   persist-credentials: true
2025-09-08T01:25:17.4777440Z   clean: true
2025-09-08T01:25:17.4778263Z   sparse-checkout-cone-mode: true
2025-09-08T01:25:17.4779258Z   fetch-depth: 1
2025-09-08T01:25:17.4780047Z   fetch-tags: false
2025-09-08T01:25:17.4780869Z   show-progress: true
2025-09-08T01:25:17.4781696Z   lfs: false
2025-09-08T01:25:17.4782443Z   submodules: false
2025-09-08T01:25:17.4783269Z   set-safe-directory: true
2025-09-08T01:25:17.4784398Z env:
2025-09-08T01:25:17.4785265Z   SKIP_CACHE: 
2025-09-08T01:25:17.4786019Z ##[endgroup]
2025-09-08T01:25:17.5729661Z Syncing repository: Boss-1s/scratchattach
2025-09-08T01:25:17.5732255Z ##[group]Getting Git version info
2025-09-08T01:25:17.5733718Z Working directory is '/home/runner/work/scratchattach/scratchattach'
2025-09-08T01:25:17.5736185Z [command]/usr/bin/git version
2025-09-08T01:25:17.5803023Z git version 2.51.0
2025-09-08T01:25:17.5825105Z ##[endgroup]
2025-09-08T01:25:17.5840567Z Temporarily overriding HOME='/home/runner/work/_temp/710a54d6-ea71-4fa3-aed4-833fa39f6ef4' before making global git config changes
2025-09-08T01:25:17.5845680Z Adding repository directory to the temporary git global config as a safe directory
2025-09-08T01:25:17.5849693Z [command]/usr/bin/git config --global --add safe.directory /home/runner/work/scratchattach/scratchattach
2025-09-08T01:25:17.5884652Z Deleting the contents of '/home/runner/work/scratchattach/scratchattach'
2025-09-08T01:25:17.5888584Z ##[group]Initializing the repository
2025-09-08T01:25:17.5893539Z [command]/usr/bin/git init /home/runner/work/scratchattach/scratchattach
2025-09-08T01:25:17.6023491Z hint: Using 'master' as the name for the initial branch. This default branch name
2025-09-08T01:25:17.6027350Z hint: is subject to change. To configure the initial branch name to use in all
2025-09-08T01:25:17.6030441Z hint: of your new repositories, which will suppress this warning, call:
2025-09-08T01:25:17.6032742Z hint:
2025-09-08T01:25:17.6034334Z hint: 	git config --global init.defaultBranch <name>
2025-09-08T01:25:17.6036595Z hint:
2025-09-08T01:25:17.6038460Z hint: Names commonly chosen instead of 'master' are 'main', 'trunk' and
2025-09-08T01:25:17.6041673Z hint: 'development'. The just-created branch can be renamed via this command:
2025-09-08T01:25:17.6044203Z hint:
2025-09-08T01:25:17.6045728Z hint: 	git branch -m <name>
2025-09-08T01:25:17.6047252Z hint:
2025-09-08T01:25:17.6049304Z hint: Disable this message with "git config set advice.defaultBranchName false"
2025-09-08T01:25:17.6053043Z Initialized empty Git repository in /home/runner/work/scratchattach/scratchattach/.git/
2025-09-08T01:25:17.6058964Z [command]/usr/bin/git remote add origin https://github.com/Boss-1s/scratchattach
2025-09-08T01:25:17.6083784Z ##[endgroup]
2025-09-08T01:25:17.6085514Z ##[group]Disabling automatic garbage collection
2025-09-08T01:25:17.6088340Z [command]/usr/bin/git config --local gc.auto 0
2025-09-08T01:25:17.6119848Z ##[endgroup]
2025-09-08T01:25:17.6121144Z ##[group]Setting up auth
2025-09-08T01:25:17.6128341Z [command]/usr/bin/git config --local --name-only --get-regexp core\.sshCommand
2025-09-08T01:25:17.6164616Z [command]/usr/bin/git submodule foreach --recursive sh -c "git config --local --name-only --get-regexp 'core\.sshCommand' && git config --local --unset-all 'core.sshCommand' || :"
2025-09-08T01:25:17.6546513Z [command]/usr/bin/git config --local --name-only --get-regexp http\.https\:\/\/github\.com\/\.extraheader
2025-09-08T01:25:17.6584432Z [command]/usr/bin/git submodule foreach --recursive sh -c "git config --local --name-only --get-regexp 'http\.https\:\/\/github\.com\/\.extraheader' && git config --local --unset-all 'http.https://github.com/.extraheader' || :"
2025-09-08T01:25:17.6804561Z [command]/usr/bin/git config --local http.https://github.com/.extraheader AUTHORIZATION: basic ***
2025-09-08T01:25:17.6839272Z ##[endgroup]
2025-09-08T01:25:17.6841678Z ##[group]Fetching the repository
2025-09-08T01:25:17.6850887Z [command]/usr/bin/git -c protocol.version=2 fetch --no-tags --prune --no-recurse-submodules --depth=1 origin +refs/heads/scratch_chat_dev:refs/remotes/origin/scratch_chat_dev
2025-09-08T01:25:18.6362522Z From https://github.com/Boss-1s/scratchattach
2025-09-08T01:25:18.6364524Z  * [new branch]      scratch_chat_dev -> origin/scratch_chat_dev
2025-09-08T01:25:18.6393292Z ##[endgroup]
2025-09-08T01:25:18.6394049Z ##[group]Determining the checkout info
2025-09-08T01:25:18.6396939Z ##[endgroup]
2025-09-08T01:25:18.6402147Z [command]/usr/bin/git sparse-checkout disable
2025-09-08T01:25:18.6442773Z [command]/usr/bin/git config --local --unset-all extensions.worktreeConfig
2025-09-08T01:25:18.6468945Z ##[group]Checking out the ref
2025-09-08T01:25:18.6473540Z [command]/usr/bin/git checkout --progress --force -B scratch_chat_dev refs/remotes/origin/scratch_chat_dev
2025-09-08T01:25:18.7168296Z Switched to a new branch 'scratch_chat_dev'
2025-09-08T01:25:18.7169419Z branch 'scratch_chat_dev' set up to track 'origin/scratch_chat_dev'.
2025-09-08T01:25:18.7181989Z ##[endgroup]
2025-09-08T01:25:18.7221651Z [command]/usr/bin/git log -1 --format=%H
2025-09-08T01:25:18.7245440Z 5e162eef15584f3676b247ed826e62b5689df867
2025-09-08T01:25:18.7464361Z ##[group]Run actions/setup-python@v5
2025-09-08T01:25:18.7464715Z with:
2025-09-08T01:25:18.7465098Z   check-latest: false
2025-09-08T01:25:18.7465508Z   token: ***
2025-09-08T01:25:18.7465748Z   update-environment: true
2025-09-08T01:25:18.7466021Z   allow-prereleases: false
2025-09-08T01:25:18.7466277Z   freethreaded: false
2025-09-08T01:25:18.7466754Z env:
2025-09-08T01:25:18.7466957Z   SKIP_CACHE: 
2025-09-08T01:25:18.7467166Z ##[endgroup]
2025-09-08T01:25:18.9137358Z [warning]Neither 'python-version' nor 'python-version-file' inputs were supplied. Attempting to find '.python-version' file.
2025-09-08T01:25:18.9138331Z [warning].python-version doesn't exist.
2025-09-08T01:25:18.9159889Z ##[warning]The `python-version` input is not set.  The version of Python currently in `PATH` will be used.
2025-09-08T01:25:18.9251614Z ##[group]Run version=$(python --version)
2025-09-08T01:25:18.9252042Z [36;1mversion=$(python --version)[0m
2025-09-08T01:25:18.9252409Z [36;1mecho "::notice::Using python version: $version"[0m
2025-09-08T01:25:18.9252770Z [36;1mpip_version=$(pip --version)[0m
2025-09-08T01:25:18.9253123Z [36;1mecho "::notice::Using pip version: $pip_version"[0m
2025-09-08T01:25:18.9253485Z [36;1mpip install pip-tools[0m
2025-09-08T01:25:18.9253812Z [36;1mpip_compile_version=$(pip-compile --version)[0m
2025-09-08T01:25:18.9254262Z [36;1mecho "::notice::Using pip-compile version: $pip_compile_version"[0m
2025-09-08T01:25:18.9311877Z shell: /usr/bin/bash --noprofile --norc -e -o pipefail {0}
2025-09-08T01:25:18.9312272Z env:
2025-09-08T01:25:18.9312482Z   SKIP_CACHE: 
2025-09-08T01:25:18.9312708Z ##[endgroup]
2025-09-08T01:25:18.9401168Z ##[notice]Using python version: Python 3.12.3
2025-09-08T01:25:20.5447476Z ##[notice]Using pip version: pip 24.0 from /usr/lib/python3/dist-packages/pip (python 3.12)
2025-09-08T01:25:21.3160818Z Defaulting to user installation because normal site-packages is not writeable
2025-09-08T01:25:22.1843584Z Collecting pip-tools
2025-09-08T01:25:22.2476347Z   Downloading pip_tools-7.5.0-py3-none-any.whl.metadata (26 kB)
2025-09-08T01:25:22.2943645Z Collecting build>=1.0.0 (from pip-tools)
2025-09-08T01:25:22.3046088Z   Downloading build-1.3.0-py3-none-any.whl.metadata (5.6 kB)
2025-09-08T01:25:22.3101665Z Requirement already satisfied: click>=8 in /usr/lib/python3/dist-packages (from pip-tools) (8.1.6)
2025-09-08T01:25:22.3110528Z Requirement already satisfied: pip>=22.2 in /usr/lib/python3/dist-packages (from pip-tools) (24.0)
2025-09-08T01:25:22.3304655Z Collecting pyproject_hooks (from pip-tools)
2025-09-08T01:25:22.3410982Z   Downloading pyproject_hooks-1.2.0-py3-none-any.whl.metadata (1.3 kB)
2025-09-08T01:25:22.3446123Z Requirement already satisfied: setuptools in /usr/lib/python3/dist-packages (from pip-tools) (68.1.2)
2025-09-08T01:25:22.3452328Z Requirement already satisfied: wheel in /usr/lib/python3/dist-packages (from pip-tools) (0.42.0)
2025-09-08T01:25:22.3541577Z Requirement already satisfied: packaging>=19.1 in /usr/lib/python3/dist-packages (from build>=1.0.0->pip-tools) (24.0)
2025-09-08T01:25:22.3769877Z Downloading pip_tools-7.5.0-py3-none-any.whl (65 kB)
2025-09-08T01:25:22.3882999Z    ━━━━━━━━━━━━━━━━━━━━━━━━━━━━━━━━━━━━━━━━ 65.1/65.1 kB 6.2 MB/s eta 0:00:00
2025-09-08T01:25:22.4005359Z Downloading build-1.3.0-py3-none-any.whl (23 kB)
2025-09-08T01:25:22.4148089Z Downloading pyproject_hooks-1.2.0-py3-none-any.whl (10 kB)
2025-09-08T01:25:22.7273244Z Installing collected packages: pyproject_hooks, build, pip-tools
2025-09-08T01:25:22.7947707Z Successfully installed build-1.3.0 pip-tools-7.5.0 pyproject_hooks-1.2.0
2025-09-08T01:25:23.2902467Z ##[notice]Using pip-compile version: pip-compile, version 7.5.0
2025-09-08T01:25:23.3025604Z ##[group]Run if [[ -n "" ]]; then
2025-09-08T01:25:23.3025977Z [36;1mif [[ -n "" ]]; then[0m
2025-09-08T01:25:23.3026340Z [36;1m  echo "Python cache disabled via 'GH_DEPENDENCY_SUBMISSION_SKIP_CACHE'"[0m
2025-09-08T01:25:23.3026698Z [36;1melse[0m
2025-09-08T01:25:23.3027135Z [36;1m  echo "Caching Python packages. Set 'GH_DEPENDENCY_SUBMISSION_SKIP_CACHE=true' to skip caching in future."[0m
2025-09-08T01:25:23.3027586Z [36;1mfi[0m
2025-09-08T01:25:23.3057806Z shell: /usr/bin/bash -e {0}
2025-09-08T01:25:23.3058057Z env:
2025-09-08T01:25:23.3058234Z   SKIP_CACHE: 
2025-09-08T01:25:23.3058441Z ##[endgroup]
2025-09-08T01:25:23.3107371Z Caching Python packages. Set 'GH_DEPENDENCY_SUBMISSION_SKIP_CACHE=true' to skip caching in future.
2025-09-08T01:25:23.4012350Z ##[group]Run actions/cache@0400d5f644dc74513175e3cd8d07132dd4860809
2025-09-08T01:25:23.4012718Z with:
2025-09-08T01:25:23.4012908Z   path: ~/.cache/pip
2025-09-08T01:25:23.4013302Z   key: Linux-pip-python-5a00fefc972129031f421abe69b90f4bbdcde70f32fc624502f11f9b2a1e2c79
2025-09-08T01:25:23.4013761Z   restore-keys: Linux-python-

2025-09-08T01:25:23.4014007Z   enableCrossOsArchive: false
2025-09-08T01:25:23.4014247Z   fail-on-cache-miss: false
2025-09-08T01:25:23.4014465Z   lookup-only: false
2025-09-08T01:25:23.4014657Z   save-always: false
2025-09-08T01:25:23.4015216Z env:
2025-09-08T01:25:23.4015421Z   SKIP_CACHE: 
2025-09-08T01:25:23.4015613Z ##[endgroup]
2025-09-08T01:25:23.7826322Z Cache hit for: Linux-pip-python-5a00fefc972129031f421abe69b90f4bbdcde70f32fc624502f11f9b2a1e2c79
2025-09-08T01:25:24.7387384Z Received 1474269 of 1474269 (100.0%), 2.2 MBs/sec
2025-09-08T01:25:24.7388053Z Cache Size: ~1 MB (1474269 B)
2025-09-08T01:25:24.7417475Z [command]/usr/bin/tar -xf /home/runner/work/_temp/dcd77d63-7ad7-4a85-88f3-58f2b198f205/cache.tzst -P -C /home/runner/work/scratchattach/scratchattach --use-compress-program unzstd
2025-09-08T01:25:24.7586458Z Cache restored successfully
2025-09-08T01:25:24.7685750Z Cache restored from key: Linux-pip-python-5a00fefc972129031f421abe69b90f4bbdcde70f32fc624502f11f9b2a1e2c79
2025-09-08T01:25:24.7758423Z ##[group]Run if pip-compile --dry-run -o requirements.out requirements.txt; then
2025-09-08T01:25:24.7758984Z [36;1mif pip-compile --dry-run -o requirements.out requirements.txt; then[0m
2025-09-08T01:25:24.7759414Z [36;1m  echo "::debug::Python validate no broken dependencies"[0m
2025-09-08T01:25:24.7759784Z [36;1m  echo "{valid-project}={true}" >> "$GITHUB_OUTPUT"[0m
2025-09-08T01:25:24.7760070Z [36;1melse[0m
2025-09-08T01:25:24.7760321Z [36;1m  echo "{valid-project}={false}" >> "$GITHUB_OUTPUT"[0m
2025-09-08T01:25:24.7760758Z [36;1m  echo "### :warning: Python validation failed in repository root" >> $GITHUB_STEP_SUMMARY[0m
2025-09-08T01:25:24.7761610Z [36;1m  echo "We were unable to validate a Python project in the repository root. If your repository requires additional setup steps, you may need to check in your own workflow." >> $GITHUB_STEP_SUMMARY[0m
2025-09-08T01:25:24.7762310Z [36;1m  echo "" >> $GITHUB_STEP_SUMMARY[0m
2025-09-08T01:25:24.7763197Z [36;1m  echo "For more information on submitting Python dependencies from your own workflow, refer to [the submission action](https://github.com/actions/component-detection-dependency-submission-action)" >> $GITHUB_STEP_SUMMARY[0m
2025-09-08T01:25:24.7764124Z [36;1m  echo "::warning::Python validation failed in the repository root."[0m
2025-09-08T01:25:24.7764455Z [36;1m  exit 1[0m
2025-09-08T01:25:24.7764637Z [36;1mfi[0m
2025-09-08T01:25:24.7794107Z shell: /usr/bin/bash -e {0}
2025-09-08T01:25:24.7794333Z env:
2025-09-08T01:25:24.7794503Z   SKIP_CACHE: 
2025-09-08T01:25:24.7794693Z ##[endgroup]
2025-09-08T01:25:26.5747203Z WARNING: --strip-extras is becoming the default in version 8.0.0. To silence this warning, either use --strip-extras to opt into the new default or use --no-strip-extras to retain the existing behavior.
2025-09-08T01:25:26.5748751Z #
2025-09-08T01:25:26.5749273Z # This file is autogenerated by pip-compile with Python 3.12
2025-09-08T01:25:26.5749935Z # by the following command:
2025-09-08T01:25:26.5750398Z #
2025-09-08T01:25:26.5750917Z #    pip-compile --output-file=requirements.out requirements.txt
2025-09-08T01:25:26.5751560Z #
2025-09-08T01:25:26.5751907Z beautifulsoup4==4.13.5
2025-09-08T01:25:26.5752321Z     # via bs4
2025-09-08T01:25:26.5752663Z bs4==0.0.2
2025-09-08T01:25:26.5753020Z     # via scratchattach
2025-09-08T01:25:26.5753450Z certifi==2025.8.3
2025-09-08T01:25:26.5753845Z     # via requests
2025-09-08T01:25:26.5754238Z charset-normalizer==3.4.3
2025-09-08T01:25:26.5754679Z     # via requests
2025-09-08T01:25:26.5755351Z idna==3.10
2025-09-08T01:25:26.5755940Z     # via requests
2025-09-08T01:25:26.5756248Z requests==2.32.5
2025-09-08T01:25:26.5756654Z     # via scratchattach
2025-09-08T01:25:26.5757007Z scratchattach==2.1.13
2025-09-08T01:25:26.5757355Z     # via -r requirements.txt
2025-09-08T01:25:26.5757772Z simplewebsocketserver==0.1.2
2025-09-08T01:25:26.5758170Z     # via scratchattach
2025-09-08T01:25:26.5758527Z soupsieve==2.8
2025-09-08T01:25:26.5758862Z     # via beautifulsoup4
2025-09-08T01:25:26.5759228Z typing-extensions==4.15.0
2025-09-08T01:25:26.5759643Z     # via
2025-09-08T01:25:26.5759963Z     #   beautifulsoup4
2025-09-08T01:25:26.5760330Z     #   scratchattach
2025-09-08T01:25:26.5760689Z urllib3==2.5.0
2025-09-08T01:25:26.5761025Z     # via requests
2025-09-08T01:25:26.5761363Z websocket-client==1.8.0
2025-09-08T01:25:26.5761729Z     # via scratchattach
2025-09-08T01:25:26.5762105Z Dry-run, so nothing updated.
2025-09-08T01:25:26.6506576Z ##[group]Run actions/component-detection-dependency-submission-action@374343effede691df3a5ffaf36b4e7acab919590
2025-09-08T01:25:26.6507137Z with:
2025-09-08T01:25:26.6507337Z   detectorsCategories: Python
2025-09-08T01:25:26.6507588Z   detectorsFilter: PipReport
2025-09-08T01:25:26.6507872Z   snapshot-sha: 5e162eef15584f3676b247ed826e62b5689df867
2025-09-08T01:25:26.6508185Z   snapshot-ref: refs/heads/scratch_chat_dev
2025-09-08T01:25:26.6508478Z   detector-name: Automatic Dependency Submission
2025-09-08T01:25:26.6508761Z   detector-version: 3b6330baf42b
2025-09-08T01:25:26.6509188Z   detector-url: https://github.com/actions/component-detection-dependency-submission-action
2025-09-08T01:25:26.6509744Z   token: ***
2025-09-08T01:25:26.6509918Z   filePath: .
2025-09-08T01:25:26.6510090Z env:
2025-09-08T01:25:26.6510253Z   SKIP_CACHE: 
2025-09-08T01:25:26.6510427Z ##[endgroup]
2025-09-08T01:25:27.7977297Z Running component-detection
2025-09-08T01:25:27.8019001Z [command]/home/runner/work/scratchattach/scratchattach/component-detection scan --SourceDirectory . --ManifestFile ./output.json --DetectorsFilter PipReport --DetectorCategories Python
2025-09-08T01:25:28.1382118Z [01:25:28 INF] Finding components...
2025-09-08T01:25:28.7806877Z [01:25:28 INF] Starting enumeration of /home/runner/work/scratchattach/scratchattach
2025-09-08T01:25:28.7990958Z [01:25:28 INF] Enumerated 19 files and 0 directories in 00:00:00.0184111
2025-09-08T01:25:28.8257355Z [01:25:28 INF] PipReport: Generating pip installation report for /home/runner/work/scratchattach/scratchattach/requirements.txt
2025-09-08T01:25:30.4422946Z [01:25:30 INF] PipReport: Pip installation report for /home/runner/work/scratchattach/scratchattach/requirements.txt completed in 1.615 seconds with 12 detected packages.
2025-09-08T01:25:30.5714065Z                                [38;5;7mDetection Summary[0m                                
2025-09-08T01:25:30.5715357Z ┌───────────────────┬───────────────────┬───────────────────┬──────────────────┐
2025-09-08T01:25:30.5716405Z │ [1mComponent [0m        │ [1mDetection Time[0m    │ [1m# Components [0m     │ [1m# Explicitly [0m    │
2025-09-08T01:25:30.5717535Z │ [1mDetector Id[0m       │                   │ [1mFound[0m             │ [1mReferenced[0m       │
2025-09-08T01:25:30.5718443Z ├───────────────────┼───────────────────┼───────────────────┼──────────────────┤
2025-09-08T01:25:30.5719327Z │ [38;5;14mPipReport[0m         │ 2.3 seconds       │ 12                │ 1                │
2025-09-08T01:25:30.5720225Z │ ───────────────── │ ───────────────── │ ───────────────── │ ──────────────── │
2025-09-08T01:25:30.5721070Z │ [1;4mTotal[0m             │ 2.3 seconds       │ 12                │ 1                │
2025-09-08T01:25:30.5721962Z └───────────────────┴───────────────────┴───────────────────┴──────────────────┘
2025-09-08T01:25:30.5750420Z [01:25:30 INF] 
2025-09-08T01:25:30.5751959Z [01:25:30 INF] 
2025-09-08T01:25:30.5765441Z [01:25:30 INF] Detection time: 2.3449767 seconds.
2025-09-08T01:25:30.6104470Z [01:25:30 INF] Scan Manifest file: /home/runner/work/scratchattach/scratchattach/output.json
2025-09-08T01:25:30.6680058Z Getting manifests from results
2025-09-08T01:25:30.6731989Z ##[notice]Submitting snapshot...
2025-09-08T01:25:30.6748711Z ##[notice]{
    "manifests": {
        "requirements.txt": {
            "resolved": {
                "pkg:pypi/requests@2.32.5": {
                    "package_url": "pkg:pypi/requests@2.32.5",
                    "relationship": "indirect",
                    "scope": "runtime",
                    "dependencies": []
                },
                "pkg:pypi/certifi@2025.8.3": {
                    "package_url": "pkg:pypi/certifi@2025.8.3",
                    "relationship": "indirect",
                    "scope": "runtime",
                    "dependencies": []
                },
                "pkg:pypi/urllib3@2.5.0": {
                    "package_url": "pkg:pypi/urllib3@2.5.0",
                    "relationship": "indirect",
                    "scope": "runtime",
                    "dependencies": []
                },
                "pkg:pypi/typing-extensions@4.15.0": {
                    "package_url": "pkg:pypi/typing-extensions@4.15.0",
                    "relationship": "indirect",
                    "scope": "runtime",
                    "dependencies": []
                },
                "pkg:pypi/beautifulsoup4@4.13.5": {
                    "package_url": "pkg:pypi/beautifulsoup4@4.13.5",
                    "relationship": "indirect",
                    "scope": "runtime",
                    "dependencies": []
                },
                "pkg:pypi/bs4@0.0.2": {
                    "package_url": "pkg:pypi/bs4@0.0.2",
                    "relationship": "indirect",
                    "scope": "runtime",
                    "dependencies": []
                },
                "pkg:pypi/websocket-client@1.8.0": {
                    "package_url": "pkg:pypi/websocket-client@1.8.0",
                    "relationship": "indirect",
                    "scope": "runtime",
                    "dependencies": []
                },
                "pkg:pypi/soupsieve@2.8": {
                    "package_url": "pkg:pypi/soupsieve@2.8",
                    "relationship": "indirect",
                    "scope": "runtime",
                    "dependencies": []
                },
                "pkg:pypi/simplewebsocketserver@0.1.2": {
                    "package_url": "pkg:pypi/simplewebsocketserver@0.1.2",
                    "relationship": "indirect",
                    "scope": "runtime",
                    "dependencies": []
                },
                "pkg:pypi/scratchattach@2.1.13": {
                    "package_url": "pkg:pypi/scratchattach@2.1.13",
                    "relationship": "direct",
                    "scope": "runtime",
                    "dependencies": [
                        "pkg:pypi/requests@2.32.5",
                        "pkg:pypi/certifi@2025.8.3",
                        "pkg:pypi/urllib3@2.5.0",
                        "pkg:pypi/typing-extensions@4.15.0",
                        "pkg:pypi/beautifulsoup4@4.13.5",
                        "pkg:pypi/bs4@0.0.2",
                        "pkg:pypi/websocket-client@1.8.0",
                        "pkg:pypi/soupsieve@2.8",
                        "pkg:pypi/simplewebsocketserver@0.1.2",
                        "pkg:pypi/idna@3.10",
                        "pkg:pypi/charset-normalizer@3.4.3"
                    ]
                },
                "pkg:pypi/idna@3.10": {
                    "package_url": "pkg:pypi/idna@3.10",
                    "relationship": "indirect",
                    "scope": "runtime",
                    "dependencies": []
                },
                "pkg:pypi/charset-normalizer@3.4.3": {
                    "package_url": "pkg:pypi/charset-normalizer@3.4.3",
                    "relationship": "indirect",
                    "scope": "runtime",
                    "dependencies": []
                }
            },
            "name": "requirements.txt",
            "file": {
                "source_location": "requirements.txt"
            }
        }
    },
    "version": 0,
    "job": {
        "correlator": "submit-pypi",
        "id": "17536901084"
    },
    "sha": 
2025-09-08T01:25:31.0887226Z ##[notice]Snapshot successfully created at 2025-09-08T01:25:30.981Z
2025-09-08T01:25:31.2603003Z Post job cleanup.
2025-09-08T01:25:31.3876307Z Cache hit occurred on the primary key Linux-pip-python-5a00fefc972129031f421abe69b90f4bbdcde70f32fc624502f11f9b2a1e2c79, not saving cache.
2025-09-08T01:25:31.3959003Z Post job cleanup.
2025-09-08T01:25:31.5595509Z Post job cleanup.
2025-09-08T01:25:31.6351612Z [command]/usr/bin/git version
2025-09-08T01:25:31.6387261Z git version 2.51.0
2025-09-08T01:25:31.6423483Z Temporarily overriding HOME='/home/runner/work/_temp/257d58fb-414c-4450-8578-22ae58c1a232' before making global git config changes
2025-09-08T01:25:31.6425083Z Adding repository directory to the temporary git global config as a safe directory
2025-09-08T01:25:31.6429432Z [command]/usr/bin/git config --global --add safe.directory /home/runner/work/scratchattach/scratchattach
2025-09-08T01:25:31.6464157Z [command]/usr/bin/git config --local --name-only --get-regexp core\.sshCommand
2025-09-08T01:25:31.6498012Z [command]/usr/bin/git submodule foreach --recursive sh -c "git config --local --name-only --get-regexp 'core\.sshCommand' && git config --local --unset-all 'core.sshCommand' || :"
2025-09-08T01:25:31.6725706Z [command]/usr/bin/git config --local --name-only --get-regexp http\.https\:\/\/github\.com\/\.extraheader
2025-09-08T01:25:31.6747150Z http.https://github.com/.extraheader
2025-09-08T01:25:31.6757087Z [command]/usr/bin/git config --local --unset-all http.https://github.com/.extraheader
2025-09-08T01:25:31.6786748Z [command]/usr/bin/git submodule foreach --recursive sh -c "git config --local --name-only --get-regexp 'http\.https\:\/\/github\.com\/\.extraheader' && git config --local --unset-all 'http.https://github.com/.extraheader' || :"
2025-09-08T01:25:31.7113125Z Cleaning up orphan processes
