2026-02-10T04:31:41.6872283Z Current runner version: '2.331.0'
2026-02-10T04:31:41.6894751Z ##[group]Runner Image Provisioner
2026-02-10T04:31:41.6895790Z Hosted Compute Agent
2026-02-10T04:31:41.6896393Z Version: 20260123.484
2026-02-10T04:31:41.6897001Z Commit: 6bd6555ca37d84114959e1c76d2c01448ff61c5d
2026-02-10T04:31:41.6897700Z Build Date: 2026-01-23T19:41:17Z
2026-02-10T04:31:41.6898380Z Worker ID: {f56dd84f-7edc-4d21-909a-beb726cc9a59}
2026-02-10T04:31:41.6899080Z Azure Region: westus
2026-02-10T04:31:41.6899659Z ##[endgroup]
2026-02-10T04:31:41.6901067Z ##[group]Operating System
2026-02-10T04:31:41.6901626Z Ubuntu
2026-02-10T04:31:41.6902154Z 24.04.3
2026-02-10T04:31:41.6902672Z LTS
2026-02-10T04:31:41.6903154Z ##[endgroup]
2026-02-10T04:31:41.6903752Z ##[group]Runner Image
2026-02-10T04:31:41.6904330Z Image: ubuntu-24.04
2026-02-10T04:31:41.6904819Z Version: 20260201.15.1
2026-02-10T04:31:41.6906265Z Included Software: https://github.com/actions/runner-images/blob/ubuntu24/20260201.15/images/ubuntu/Ubuntu2404-Readme.md
2026-02-10T04:31:41.6907754Z Image Release: https://github.com/actions/runner-images/releases/tag/ubuntu24%2F20260201.15
2026-02-10T04:31:41.6908714Z ##[endgroup]
2026-02-10T04:31:41.6909725Z ##[group]GITHUB_TOKEN Permissions
2026-02-10T04:31:41.6911583Z Contents: write
2026-02-10T04:31:41.6912285Z Metadata: read
2026-02-10T04:31:41.6912813Z ##[endgroup]
2026-02-10T04:31:41.6915161Z Secret source: Actions
2026-02-10T04:31:41.6915940Z Prepare workflow directory
2026-02-10T04:31:41.7232954Z Prepare all required actions
2026-02-10T04:31:41.7269375Z Getting action download info
2026-02-10T04:31:42.1536465Z Download action repository 'actions/checkout@v6.0.2' (SHA:de0fac2e4500dabe0009e67214ff5f5447ce83dd)
2026-02-10T04:31:42.2702356Z Download action repository 'actions/setup-python@v6.2.0' (SHA:a309ff8b426b58ec0e2a45f0f869d46889d02405)
2026-02-10T04:31:43.4630318Z Complete job name: Run Prioritzing Handler
2026-02-10T04:31:43.5351780Z ##[group]Run actions/checkout@v6.0.2
2026-02-10T04:31:43.5352745Z with:
2026-02-10T04:31:43.5353209Z   ref: main
2026-02-10T04:31:43.5353668Z   repository: Boss-1s/scratchattach
2026-02-10T04:31:43.5354406Z   token: ***
2026-02-10T04:31:43.5354860Z   ssh-strict: true
2026-02-10T04:31:43.5355540Z   ssh-user: git
2026-02-10T04:31:43.5356028Z   persist-credentials: true
2026-02-10T04:31:43.5356543Z   clean: true
2026-02-10T04:31:43.5357013Z   sparse-checkout-cone-mode: true
2026-02-10T04:31:43.5357570Z   fetch-depth: 1
2026-02-10T04:31:43.5358017Z   fetch-tags: false
2026-02-10T04:31:43.5358493Z   show-progress: true
2026-02-10T04:31:43.5358994Z   lfs: false
2026-02-10T04:31:43.5359432Z   submodules: false
2026-02-10T04:31:43.5359910Z   set-safe-directory: true
2026-02-10T04:31:43.5360683Z ##[endgroup]
2026-02-10T04:31:43.6266609Z Syncing repository: Boss-1s/scratchattach
2026-02-10T04:31:43.6268773Z ##[group]Getting Git version info
2026-02-10T04:31:43.6269752Z Working directory is '/home/runner/work/scratchattach/scratchattach'
2026-02-10T04:31:43.6271039Z [command]/usr/bin/git version
2026-02-10T04:31:43.6333814Z git version 2.52.0
2026-02-10T04:31:43.6356086Z ##[endgroup]
2026-02-10T04:31:43.6369570Z Temporarily overriding HOME='/home/runner/work/_temp/31fb3aff-9f46-4c4e-86d3-6f7360938377' before making global git config changes
2026-02-10T04:31:43.6371891Z Adding repository directory to the temporary git global config as a safe directory
2026-02-10T04:31:43.6374198Z [command]/usr/bin/git config --global --add safe.directory /home/runner/work/scratchattach/scratchattach
2026-02-10T04:31:43.6411469Z Deleting the contents of '/home/runner/work/scratchattach/scratchattach'
2026-02-10T04:31:43.6414755Z ##[group]Initializing the repository
2026-02-10T04:31:43.6419380Z [command]/usr/bin/git init /home/runner/work/scratchattach/scratchattach
2026-02-10T04:31:43.6530035Z hint: Using 'master' as the name for the initial branch. This default branch name
2026-02-10T04:31:43.6531538Z hint: will change to "main" in Git 3.0. To configure the initial branch name
2026-02-10T04:31:43.6533008Z hint: to use in all of your new repositories, which will suppress this warning,
2026-02-10T04:31:43.6534570Z hint: call:
2026-02-10T04:31:43.6535540Z hint:
2026-02-10T04:31:43.6536671Z hint: 	git config --global init.defaultBranch <name>
2026-02-10T04:31:43.6538079Z hint:
2026-02-10T04:31:43.6539390Z hint: Names commonly chosen instead of 'master' are 'main', 'trunk' and
2026-02-10T04:31:43.6541570Z hint: 'development'. The just-created branch can be renamed via this command:
2026-02-10T04:31:43.6543435Z hint:
2026-02-10T04:31:43.6544327Z hint: 	git branch -m <name>
2026-02-10T04:31:43.6545574Z hint:
2026-02-10T04:31:43.6547200Z hint: Disable this message with "git config set advice.defaultBranchName false"
2026-02-10T04:31:43.6549418Z Initialized empty Git repository in /home/runner/work/scratchattach/scratchattach/.git/
2026-02-10T04:31:43.6552506Z [command]/usr/bin/git remote add origin https://github.com/Boss-1s/scratchattach
2026-02-10T04:31:43.6582286Z ##[endgroup]
2026-02-10T04:31:43.6583123Z ##[group]Disabling automatic garbage collection
2026-02-10T04:31:43.6585770Z [command]/usr/bin/git config --local gc.auto 0
2026-02-10T04:31:43.6618533Z ##[endgroup]
2026-02-10T04:31:43.6619913Z ##[group]Setting up auth
2026-02-10T04:31:43.6620987Z Removing SSH command configuration
2026-02-10T04:31:43.6624081Z [command]/usr/bin/git config --local --name-only --get-regexp core\.sshCommand
2026-02-10T04:31:43.6657501Z [command]/usr/bin/git submodule foreach --recursive sh -c "git config --local --name-only --get-regexp 'core\.sshCommand' && git config --local --unset-all 'core.sshCommand' || :"
2026-02-10T04:31:43.7007168Z Removing HTTP extra header
2026-02-10T04:31:43.7011790Z [command]/usr/bin/git config --local --name-only --get-regexp http\.https\:\/\/github\.com\/\.extraheader
2026-02-10T04:31:43.7043146Z [command]/usr/bin/git submodule foreach --recursive sh -c "git config --local --name-only --get-regexp 'http\.https\:\/\/github\.com\/\.extraheader' && git config --local --unset-all 'http.https://github.com/.extraheader' || :"
2026-02-10T04:31:43.7252035Z Removing includeIf entries pointing to credentials config files
2026-02-10T04:31:43.7258574Z [command]/usr/bin/git config --local --name-only --get-regexp ^includeIf\.gitdir:
2026-02-10T04:31:43.7289686Z [command]/usr/bin/git submodule foreach --recursive git config --local --show-origin --name-only --get-regexp remote.origin.url
2026-02-10T04:31:43.7518607Z [command]/usr/bin/git config --file /home/runner/work/_temp/git-credentials-e2565032-2433-45b1-8d88-ac015b278073.config http.https://github.com/.extraheader AUTHORIZATION: basic ***
2026-02-10T04:31:43.7558391Z [command]/usr/bin/git config --local includeIf.gitdir:/home/runner/work/scratchattach/scratchattach/.git.path /home/runner/work/_temp/git-credentials-e2565032-2433-45b1-8d88-ac015b278073.config
2026-02-10T04:31:43.7592624Z [command]/usr/bin/git config --local includeIf.gitdir:/home/runner/work/scratchattach/scratchattach/.git/worktrees/*.path /home/runner/work/_temp/git-credentials-e2565032-2433-45b1-8d88-ac015b278073.config
2026-02-10T04:31:43.7624794Z [command]/usr/bin/git config --local includeIf.gitdir:/github/workspace/.git.path /github/runner_temp/git-credentials-e2565032-2433-45b1-8d88-ac015b278073.config
2026-02-10T04:31:43.7656645Z [command]/usr/bin/git config --local includeIf.gitdir:/github/workspace/.git/worktrees/*.path /github/runner_temp/git-credentials-e2565032-2433-45b1-8d88-ac015b278073.config
2026-02-10T04:31:43.7684746Z ##[endgroup]
2026-02-10T04:31:43.7686432Z ##[group]Fetching the repository
2026-02-10T04:31:43.7693251Z [command]/usr/bin/git -c protocol.version=2 fetch --no-tags --prune --no-recurse-submodules --depth=1 origin +refs/heads/main*:refs/remotes/origin/main* +refs/tags/main*:refs/tags/main*
2026-02-10T04:32:21.5876755Z From https://github.com/Boss-1s/scratchattach
2026-02-10T04:32:21.5877958Z  * [new branch]      main       -> origin/main
2026-02-10T04:32:21.5906067Z ##[endgroup]
2026-02-10T04:32:21.5906918Z ##[group]Determining the checkout info
2026-02-10T04:32:21.5912168Z [command]/usr/bin/git branch --list --remote origin/main
2026-02-10T04:32:21.5971511Z   origin/main
2026-02-10T04:32:21.5976080Z ##[endgroup]
2026-02-10T04:32:21.5980101Z [command]/usr/bin/git sparse-checkout disable
2026-02-10T04:32:21.6019988Z [command]/usr/bin/git config --local --unset-all extensions.worktreeConfig
2026-02-10T04:32:21.6045706Z ##[group]Checking out the ref
2026-02-10T04:32:21.6049258Z [command]/usr/bin/git checkout --progress --force -B main refs/remotes/origin/main
2026-02-10T04:32:22.7546043Z Updating files:  74% (2611/3490)
2026-02-10T04:32:23.1057705Z Updating files:  75% (2618/3490)
2026-02-10T04:32:23.2532987Z Updating files:  76% (2653/3490)
2026-02-10T04:32:23.2573811Z Updating files:  77% (2688/3490)
2026-02-10T04:32:23.4570303Z Updating files:  78% (2723/3490)
2026-02-10T04:32:23.4600806Z Updating files:  79% (2758/3490)
2026-02-10T04:32:23.6483922Z Updating files:  80% (2792/3490)
2026-02-10T04:32:23.9778987Z Updating files:  80% (2812/3490)
2026-02-10T04:32:24.2779373Z Updating files:  81% (2827/3490)
2026-02-10T04:32:24.6149953Z Updating files:  82% (2862/3490)
2026-02-10T04:32:24.8268001Z Updating files:  83% (2897/3490)
2026-02-10T04:32:25.0269028Z Updating files:  84% (2932/3490)
2026-02-10T04:32:25.6008764Z Updating files:  85% (2967/3490)
2026-02-10T04:32:25.7305943Z Updating files:  86% (3002/3490)
2026-02-10T04:32:26.4085330Z Updating files:  86% (3004/3490)
2026-02-10T04:32:26.6227217Z Updating files:  87% (3037/3490)
2026-02-10T04:32:26.9864878Z Updating files:  87% (3049/3490)
2026-02-10T04:32:27.6199812Z Updating files:  88% (3072/3490)
2026-02-10T04:32:28.2413191Z Updating files:  89% (3107/3490)
2026-02-10T04:32:28.6152848Z Updating files:  90% (3141/3490)
2026-02-10T04:32:28.8020380Z Updating files:  90% (3164/3490)
2026-02-10T04:32:28.8907539Z Updating files:  91% (3176/3490)
2026-02-10T04:32:28.9092334Z Updating files:  92% (3211/3490)
2026-02-10T04:32:28.9297942Z Updating files:  93% (3246/3490)
2026-02-10T04:32:28.9388433Z Updating files:  94% (3281/3490)
2026-02-10T04:32:28.9923589Z Updating files:  95% (3316/3490)
2026-02-10T04:32:29.6193069Z Updating files:  96% (3351/3490)
2026-02-10T04:32:29.6601129Z Updating files:  96% (3382/3490)
2026-02-10T04:32:30.1092375Z Updating files:  97% (3386/3490)
2026-02-10T04:32:30.2508716Z Updating files:  98% (3421/3490)
2026-02-10T04:32:30.3497358Z Updating files:  99% (3456/3490)
2026-02-10T04:32:30.3497813Z Updating files: 100% (3490/3490)
2026-02-10T04:32:30.3498226Z Updating files: 100% (3490/3490), done.
2026-02-10T04:32:30.4884677Z Switched to a new branch 'main'
2026-02-10T04:32:30.4896142Z branch 'main' set up to track 'origin/main'.
2026-02-10T04:32:30.5082074Z ##[endgroup]
2026-02-10T04:32:30.5122577Z [command]/usr/bin/git log -1 --format=%H
2026-02-10T04:32:30.5147757Z 080674f818e7a28b602b9f4826fc5de4d6c7cae4
2026-02-10T04:32:30.5368339Z ##[group]Run actions/setup-python@v6.2.0
2026-02-10T04:32:30.5368628Z with:
2026-02-10T04:32:30.5368810Z   python-version: 3.13
2026-02-10T04:32:30.5369060Z   check-latest: false
2026-02-10T04:32:30.5369403Z   token: ***
2026-02-10T04:32:30.5369588Z   update-environment: true
2026-02-10T04:32:30.5369806Z   allow-prereleases: false
2026-02-10T04:32:30.5370011Z   freethreaded: false
2026-02-10T04:32:30.5370203Z ##[endgroup]
2026-02-10T04:32:30.6582653Z ##[group]Installed versions
2026-02-10T04:32:30.6697594Z Successfully set up CPython (3.13.11)
2026-02-10T04:32:30.6698413Z ##[endgroup]
2026-02-10T04:32:30.6802903Z ##[group]Run pip install -r requirements.txt
2026-02-10T04:32:30.6803269Z [36;1mpip install -r requirements.txt[0m
2026-02-10T04:32:30.6852273Z shell: /usr/bin/bash -e {0}
2026-02-10T04:32:30.6852520Z env:
2026-02-10T04:32:30.6852766Z   pythonLocation: /opt/hostedtoolcache/Python/3.13.11/x64
2026-02-10T04:32:30.6853249Z   PKG_CONFIG_PATH: /opt/hostedtoolcache/Python/3.13.11/x64/lib/pkgconfig
2026-02-10T04:32:30.6853680Z   Python_ROOT_DIR: /opt/hostedtoolcache/Python/3.13.11/x64
2026-02-10T04:32:30.6854040Z   Python2_ROOT_DIR: /opt/hostedtoolcache/Python/3.13.11/x64
2026-02-10T04:32:30.6854400Z   Python3_ROOT_DIR: /opt/hostedtoolcache/Python/3.13.11/x64
2026-02-10T04:32:30.6855198Z   LD_LIBRARY_PATH: /opt/hostedtoolcache/Python/3.13.11/x64/lib
2026-02-10T04:32:30.6855594Z ##[endgroup]
2026-02-10T04:32:31.5947777Z Collecting scratchattach>=2.1.15b0 (from -r requirements.txt (line 1))
2026-02-10T04:32:31.6448131Z   Downloading scratchattach-3.0.0b2-py3-none-any.whl.metadata (5.6 kB)
2026-02-10T04:32:31.6739318Z Collecting websocket-client (from scratchattach>=2.1.15b0->-r requirements.txt (line 1))
2026-02-10T04:32:31.6769082Z   Downloading websocket_client-1.9.0-py3-none-any.whl.metadata (8.3 kB)
2026-02-10T04:32:31.7014056Z Collecting requests (from scratchattach>=2.1.15b0->-r requirements.txt (line 1))
2026-02-10T04:32:31.7045213Z   Downloading requests-2.32.5-py3-none-any.whl.metadata (4.9 kB)
2026-02-10T04:32:31.7192853Z Collecting bs4 (from scratchattach>=2.1.15b0->-r requirements.txt (line 1))
2026-02-10T04:32:31.7220846Z   Downloading bs4-0.0.2-py2.py3-none-any.whl.metadata (411 bytes)
2026-02-10T04:32:31.8200107Z Collecting SimpleWebSocketServer (from scratchattach>=2.1.15b0->-r requirements.txt (line 1))
2026-02-10T04:32:31.8242030Z   Downloading SimpleWebSocketServer-0.1.2.tar.gz (10 kB)
2026-02-10T04:32:31.8359059Z   Installing build dependencies: started
2026-02-10T04:32:32.5830624Z   Installing build dependencies: finished with status 'done'
2026-02-10T04:32:32.5836988Z   Getting requirements to build wheel: started
2026-02-10T04:32:32.9882229Z   Getting requirements to build wheel: finished with status 'done'
2026-02-10T04:32:32.9891329Z   Preparing metadata (pyproject.toml): started
2026-02-10T04:32:33.1819311Z   Preparing metadata (pyproject.toml): finished with status 'done'
2026-02-10T04:32:33.2188132Z Collecting typing-extensions (from scratchattach>=2.1.15b0->-r requirements.txt (line 1))
2026-02-10T04:32:33.2555610Z   Downloading typing_extensions-4.15.0-py3-none-any.whl.metadata (3.3 kB)
2026-02-10T04:32:33.2780576Z Collecting browser_cookie3 (from scratchattach>=2.1.15b0->-r requirements.txt (line 1))
2026-02-10T04:32:33.3152724Z   Downloading browser_cookie3-0.20.1-py3-none-any.whl.metadata (713 bytes)
2026-02-10T04:32:33.7603179Z Collecting aiohttp (from scratchattach>=2.1.15b0->-r requirements.txt (line 1))
2026-02-10T04:32:33.7727308Z   Downloading aiohttp-3.13.3-cp313-cp313-manylinux2014_x86_64.manylinux_2_17_x86_64.manylinux_2_28_x86_64.whl.metadata (8.1 kB)
2026-02-10T04:32:33.8082638Z Collecting rich (from scratchattach>=2.1.15b0->-r requirements.txt (line 1))
2026-02-10T04:32:33.8133063Z   Downloading rich-14.3.2-py3-none-any.whl.metadata (18 kB)
2026-02-10T04:32:33.8333564Z Collecting aiohappyeyeballs>=2.5.0 (from aiohttp->scratchattach>=2.1.15b0->-r requirements.txt (line 1))
2026-02-10T04:32:33.8608629Z   Downloading aiohappyeyeballs-2.6.1-py3-none-any.whl.metadata (5.9 kB)
2026-02-10T04:32:33.8801496Z Collecting aiosignal>=1.4.0 (from aiohttp->scratchattach>=2.1.15b0->-r requirements.txt (line 1))
2026-02-10T04:32:33.9237294Z   Downloading aiosignal-1.4.0-py3-none-any.whl.metadata (3.7 kB)
2026-02-10T04:32:33.9386170Z Collecting attrs>=17.3.0 (from aiohttp->scratchattach>=2.1.15b0->-r requirements.txt (line 1))
2026-02-10T04:32:33.9826553Z   Downloading attrs-25.4.0-py3-none-any.whl.metadata (10 kB)
2026-02-10T04:32:34.0457084Z Collecting frozenlist>=1.1.1 (from aiohttp->scratchattach>=2.1.15b0->-r requirements.txt (line 1))
2026-02-10T04:32:34.0748232Z   Downloading frozenlist-1.8.0-cp313-cp313-manylinux1_x86_64.manylinux_2_28_x86_64.manylinux_2_5_x86_64.whl.metadata (20 kB)
2026-02-10T04:32:34.2858932Z Collecting multidict<7.0,>=4.5 (from aiohttp->scratchattach>=2.1.15b0->-r requirements.txt (line 1))
2026-02-10T04:32:34.2923061Z   Downloading multidict-6.7.1-cp313-cp313-manylinux2014_x86_64.manylinux_2_17_x86_64.manylinux_2_28_x86_64.whl.metadata (5.3 kB)
2026-02-10T04:32:34.3422841Z Collecting propcache>=0.2.0 (from aiohttp->scratchattach>=2.1.15b0->-r requirements.txt (line 1))
2026-02-10T04:32:34.3465386Z   Downloading propcache-0.4.1-cp313-cp313-manylinux2014_x86_64.manylinux_2_17_x86_64.manylinux_2_28_x86_64.whl.metadata (13 kB)
2026-02-10T04:32:34.5689211Z Collecting yarl<2.0,>=1.17.0 (from aiohttp->scratchattach>=2.1.15b0->-r requirements.txt (line 1))
2026-02-10T04:32:34.5737166Z   Downloading yarl-1.22.0-cp313-cp313-manylinux2014_x86_64.manylinux_2_17_x86_64.manylinux_2_28_x86_64.whl.metadata (75 kB)
2026-02-10T04:32:34.5944770Z Collecting idna>=2.0 (from yarl<2.0,>=1.17.0->aiohttp->scratchattach>=2.1.15b0->-r requirements.txt (line 1))
2026-02-10T04:32:34.5980224Z   Downloading idna-3.11-py3-none-any.whl.metadata (8.4 kB)
2026-02-10T04:32:34.6646906Z Collecting lz4 (from browser_cookie3->scratchattach>=2.1.15b0->-r requirements.txt (line 1))
2026-02-10T04:32:34.6707036Z   Downloading lz4-4.4.5-cp313-cp313-manylinux2014_x86_64.manylinux_2_17_x86_64.manylinux_2_28_x86_64.whl.metadata (3.8 kB)
2026-02-10T04:32:34.7534721Z Collecting pycryptodomex (from browser_cookie3->scratchattach>=2.1.15b0->-r requirements.txt (line 1))
2026-02-10T04:32:34.7568339Z   Downloading pycryptodomex-3.23.0-cp37-abi3-manylinux_2_17_x86_64.manylinux2014_x86_64.whl.metadata (3.4 kB)
2026-02-10T04:32:34.8131870Z Collecting jeepney (from browser_cookie3->scratchattach>=2.1.15b0->-r requirements.txt (line 1))
2026-02-10T04:32:34.8168767Z   Downloading jeepney-0.9.0-py3-none-any.whl.metadata (1.2 kB)
2026-02-10T04:32:34.8401864Z Collecting beautifulsoup4 (from bs4->scratchattach>=2.1.15b0->-r requirements.txt (line 1))
2026-02-10T04:32:34.8455882Z   Downloading beautifulsoup4-4.14.3-py3-none-any.whl.metadata (3.8 kB)
2026-02-10T04:32:34.8617038Z Collecting soupsieve>=1.6.1 (from beautifulsoup4->bs4->scratchattach>=2.1.15b0->-r requirements.txt (line 1))
2026-02-10T04:32:34.8673052Z   Downloading soupsieve-2.8.3-py3-none-any.whl.metadata (4.6 kB)
2026-02-10T04:32:34.9466820Z Collecting charset_normalizer<4,>=2 (from requests->scratchattach>=2.1.15b0->-r requirements.txt (line 1))
2026-02-10T04:32:34.9601184Z   Downloading charset_normalizer-3.4.4-cp313-cp313-manylinux2014_x86_64.manylinux_2_17_x86_64.manylinux_2_28_x86_64.whl.metadata (37 kB)
2026-02-10T04:32:35.0482495Z Collecting urllib3<3,>=1.21.1 (from requests->scratchattach>=2.1.15b0->-r requirements.txt (line 1))
2026-02-10T04:32:35.0526574Z   Downloading urllib3-2.6.3-py3-none-any.whl.metadata (6.9 kB)
2026-02-10T04:32:35.1657754Z Collecting certifi>=2017.4.17 (from requests->scratchattach>=2.1.15b0->-r requirements.txt (line 1))
2026-02-10T04:32:35.1686492Z   Downloading certifi-2026.1.4-py3-none-any.whl.metadata (2.5 kB)
2026-02-10T04:32:35.2778197Z Collecting markdown-it-py>=2.2.0 (from rich->scratchattach>=2.1.15b0->-r requirements.txt (line 1))
2026-02-10T04:32:35.2805583Z   Downloading markdown_it_py-4.0.0-py3-none-any.whl.metadata (7.3 kB)
2026-02-10T04:32:35.3743588Z Collecting pygments<3.0.0,>=2.13.0 (from rich->scratchattach>=2.1.15b0->-r requirements.txt (line 1))
2026-02-10T04:32:35.3772420Z   Downloading pygments-2.19.2-py3-none-any.whl.metadata (2.5 kB)
2026-02-10T04:32:35.4359727Z Collecting mdurl~=0.1 (from markdown-it-py>=2.2.0->rich->scratchattach>=2.1.15b0->-r requirements.txt (line 1))
2026-02-10T04:32:35.4403567Z   Downloading mdurl-0.1.2-py3-none-any.whl.metadata (1.6 kB)
2026-02-10T04:32:35.4505176Z Downloading scratchattach-3.0.0b2-py3-none-any.whl (171 kB)
2026-02-10T04:32:35.4573028Z Downloading aiohttp-3.13.3-cp313-cp313-manylinux2014_x86_64.manylinux_2_17_x86_64.manylinux_2_28_x86_64.whl (1.7 MB)
2026-02-10T04:32:35.4683357Z    ━━━━━━━━━━━━━━━━━━━━━━━━━━━━━━━━━━━━━━━━ 1.7/1.7 MB 183.4 MB/s  0:00:00
2026-02-10T04:32:35.4726220Z Downloading multidict-6.7.1-cp313-cp313-manylinux2014_x86_64.manylinux_2_17_x86_64.manylinux_2_28_x86_64.whl (254 kB)
2026-02-10T04:32:35.4793171Z Downloading yarl-1.22.0-cp313-cp313-manylinux2014_x86_64.manylinux_2_17_x86_64.manylinux_2_28_x86_64.whl (377 kB)
2026-02-10T04:32:35.4885114Z Downloading aiohappyeyeballs-2.6.1-py3-none-any.whl (15 kB)
2026-02-10T04:32:35.4946357Z Downloading aiosignal-1.4.0-py3-none-any.whl (7.5 kB)
2026-02-10T04:32:35.4997256Z Downloading attrs-25.4.0-py3-none-any.whl (67 kB)
2026-02-10T04:32:35.5048816Z Downloading frozenlist-1.8.0-cp313-cp313-manylinux1_x86_64.manylinux_2_28_x86_64.manylinux_2_5_x86_64.whl (234 kB)
2026-02-10T04:32:35.5106675Z Downloading idna-3.11-py3-none-any.whl (71 kB)
2026-02-10T04:32:35.5158000Z Downloading propcache-0.4.1-cp313-cp313-manylinux2014_x86_64.manylinux_2_17_x86_64.manylinux_2_28_x86_64.whl (204 kB)
2026-02-10T04:32:35.5224129Z Downloading browser_cookie3-0.20.1-py3-none-any.whl (17 kB)
2026-02-10T04:32:35.5272829Z Downloading bs4-0.0.2-py2.py3-none-any.whl (1.2 kB)
2026-02-10T04:32:35.5323707Z Downloading beautifulsoup4-4.14.3-py3-none-any.whl (107 kB)
2026-02-10T04:32:35.5375655Z Downloading soupsieve-2.8.3-py3-none-any.whl (37 kB)
2026-02-10T04:32:35.5433269Z Downloading typing_extensions-4.15.0-py3-none-any.whl (44 kB)
2026-02-10T04:32:35.5487705Z Downloading jeepney-0.9.0-py3-none-any.whl (49 kB)
2026-02-10T04:32:35.5604326Z Downloading lz4-4.4.5-cp313-cp313-manylinux2014_x86_64.manylinux_2_17_x86_64.manylinux_2_28_x86_64.whl (1.4 MB)
2026-02-10T04:32:35.5719738Z    ━━━━━━━━━━━━━━━━━━━━━━━━━━━━━━━━━━━━━━━━ 1.4/1.4 MB 120.3 MB/s  0:00:00
2026-02-10T04:32:35.5777708Z Downloading pycryptodomex-3.23.0-cp37-abi3-manylinux_2_17_x86_64.manylinux2014_x86_64.whl (2.3 MB)
2026-02-10T04:32:35.5962379Z    ━━━━━━━━━━━━━━━━━━━━━━━━━━━━━━━━━━━━━━━━ 2.3/2.3 MB 152.1 MB/s  0:00:00
2026-02-10T04:32:35.6063272Z Downloading requests-2.32.5-py3-none-any.whl (64 kB)
2026-02-10T04:32:35.6175601Z Downloading charset_normalizer-3.4.4-cp313-cp313-manylinux2014_x86_64.manylinux_2_17_x86_64.manylinux_2_28_x86_64.whl (153 kB)
2026-02-10T04:32:35.6303927Z Downloading urllib3-2.6.3-py3-none-any.whl (131 kB)
2026-02-10T04:32:35.6382244Z Downloading certifi-2026.1.4-py3-none-any.whl (152 kB)
2026-02-10T04:32:35.6448860Z Downloading rich-14.3.2-py3-none-any.whl (309 kB)
2026-02-10T04:32:35.6514500Z Downloading pygments-2.19.2-py3-none-any.whl (1.2 MB)
2026-02-10T04:32:35.6620993Z    ━━━━━━━━━━━━━━━━━━━━━━━━━━━━━━━━━━━━━━━━ 1.2/1.2 MB 115.8 MB/s  0:00:00
2026-02-10T04:32:35.6648161Z Downloading markdown_it_py-4.0.0-py3-none-any.whl (87 kB)
2026-02-10T04:32:35.6698280Z Downloading mdurl-0.1.2-py3-none-any.whl (10.0 kB)
2026-02-10T04:32:35.6746387Z Downloading websocket_client-1.9.0-py3-none-any.whl (82 kB)
2026-02-10T04:32:35.7074356Z Building wheels for collected packages: SimpleWebSocketServer
2026-02-10T04:32:35.7082801Z   Building wheel for SimpleWebSocketServer (pyproject.toml): started
2026-02-10T04:32:35.9233812Z   Building wheel for SimpleWebSocketServer (pyproject.toml): finished with status 'done'
2026-02-10T04:32:35.9239323Z   Created wheel for SimpleWebSocketServer: filename=simplewebsocketserver-0.1.2-py3-none-any.whl size=9715 sha256=f21e53e03622fb44379f06f2d0b165722fe0b26fbf63ee4bffd7297d257d8551
2026-02-10T04:32:35.9241011Z   Stored in directory: /home/runner/.cache/pip/wheels/c4/5b/e8/4f2c15a82edc4923058056f6681373168be02a0c00389a6dcf
2026-02-10T04:32:35.9258794Z Successfully built SimpleWebSocketServer
2026-02-10T04:32:35.9716760Z Installing collected packages: SimpleWebSocketServer, websocket-client, urllib3, typing-extensions, soupsieve, pygments, pycryptodomex, propcache, multidict, mdurl, lz4, jeepney, idna, frozenlist, charset_normalizer, certifi, attrs, aiohappyeyeballs, yarl, requests, markdown-it-py, browser_cookie3, beautifulsoup4, aiosignal, rich, bs4, aiohttp, scratchattach
2026-02-10T04:32:38.3451763Z 
2026-02-10T04:32:38.3487588Z Successfully installed SimpleWebSocketServer-0.1.2 aiohappyeyeballs-2.6.1 aiohttp-3.13.3 aiosignal-1.4.0 attrs-25.4.0 beautifulsoup4-4.14.3 browser_cookie3-0.20.1 bs4-0.0.2 certifi-2026.1.4 charset_normalizer-3.4.4 frozenlist-1.8.0 idna-3.11 jeepney-0.9.0 lz4-4.4.5 markdown-it-py-4.0.0 mdurl-0.1.2 multidict-6.7.1 propcache-0.4.1 pycryptodomex-3.23.0 pygments-2.19.2 requests-2.32.5 rich-14.3.2 scratchattach-3.0.0b2 soupsieve-2.8.3 typing-extensions-4.15.0 urllib3-2.6.3 websocket-client-1.9.0 yarl-1.22.0
2026-02-10T04:32:38.4523693Z 
2026-02-10T04:32:38.4524159Z [notice] A new release of pip is available: 26.0 -> 26.0.1
2026-02-10T04:32:38.4525224Z [notice] To update, run: pip install --upgrade pip
2026-02-10T04:32:38.6887827Z ##[group]Run actions/checkout@v6.0.2
2026-02-10T04:32:38.6888096Z with:
2026-02-10T04:32:38.6888265Z   ref: main
2026-02-10T04:32:38.6888445Z   repository: Boss-1s/scratchattach
2026-02-10T04:32:38.6888794Z   token: ***
2026-02-10T04:32:38.6888970Z   ssh-strict: true
2026-02-10T04:32:38.6889141Z   ssh-user: git
2026-02-10T04:32:38.6889326Z   persist-credentials: true
2026-02-10T04:32:38.6889529Z   clean: true
2026-02-10T04:32:38.6889717Z   sparse-checkout-cone-mode: true
2026-02-10T04:32:38.6889947Z   fetch-depth: 1
2026-02-10T04:32:38.6890119Z   fetch-tags: false
2026-02-10T04:32:38.6890303Z   show-progress: true
2026-02-10T04:32:38.6890489Z   lfs: false
2026-02-10T04:32:38.6890650Z   submodules: false
2026-02-10T04:32:38.6890834Z   set-safe-directory: true
2026-02-10T04:32:38.6891026Z env:
2026-02-10T04:32:38.6891252Z   pythonLocation: /opt/hostedtoolcache/Python/3.13.11/x64
2026-02-10T04:32:38.6891655Z   PKG_CONFIG_PATH: /opt/hostedtoolcache/Python/3.13.11/x64/lib/pkgconfig
2026-02-10T04:32:38.6892105Z   Python_ROOT_DIR: /opt/hostedtoolcache/Python/3.13.11/x64
2026-02-10T04:32:38.6892460Z   Python2_ROOT_DIR: /opt/hostedtoolcache/Python/3.13.11/x64
2026-02-10T04:32:38.6892817Z   Python3_ROOT_DIR: /opt/hostedtoolcache/Python/3.13.11/x64
2026-02-10T04:32:38.6893174Z   LD_LIBRARY_PATH: /opt/hostedtoolcache/Python/3.13.11/x64/lib
2026-02-10T04:32:38.6893468Z ##[endgroup]
2026-02-10T04:32:38.7654260Z Syncing repository: Boss-1s/scratchattach
2026-02-10T04:32:38.7655339Z ##[group]Getting Git version info
2026-02-10T04:32:38.7656049Z Working directory is '/home/runner/work/scratchattach/scratchattach'
2026-02-10T04:32:38.7691829Z [command]/usr/bin/git version
2026-02-10T04:32:38.7727363Z git version 2.52.0
2026-02-10T04:32:38.7749751Z ##[endgroup]
2026-02-10T04:32:38.7763692Z Temporarily overriding HOME='/home/runner/work/_temp/285d4e87-8e59-4347-8eac-9b833573657f' before making global git config changes
2026-02-10T04:32:38.7765291Z Adding repository directory to the temporary git global config as a safe directory
2026-02-10T04:32:38.7769666Z [command]/usr/bin/git config --global --add safe.directory /home/runner/work/scratchattach/scratchattach
2026-02-10T04:32:38.7806609Z [command]/usr/bin/git config --local --get remote.origin.url
2026-02-10T04:32:38.7827041Z https://github.com/Boss-1s/scratchattach
2026-02-10T04:32:38.7839361Z ##[group]Removing previously created refs, to avoid conflicts
2026-02-10T04:32:38.7843128Z [command]/usr/bin/git rev-parse --symbolic-full-name --verify --quiet HEAD
2026-02-10T04:32:38.7863810Z refs/heads/main
2026-02-10T04:32:38.7873791Z [command]/usr/bin/git checkout --detach
2026-02-10T04:32:39.3247868Z HEAD is now at 080674f [BOT] Download Logs
2026-02-10T04:32:39.3295241Z [command]/usr/bin/git branch --delete --force main
2026-02-10T04:32:39.3320807Z Deleted branch main (was 080674f).
2026-02-10T04:32:39.3356986Z ##[endgroup]
2026-02-10T04:32:39.3361117Z [command]/usr/bin/git submodule status
2026-02-10T04:32:39.3588578Z ##[group]Cleaning the repository
2026-02-10T04:32:39.3593414Z [command]/usr/bin/git clean -ffdx
2026-02-10T04:32:39.3652931Z [command]/usr/bin/git reset --hard HEAD
2026-02-10T04:32:39.3772578Z HEAD is now at 080674f [BOT] Download Logs
2026-02-10T04:32:39.3778571Z ##[endgroup]
2026-02-10T04:32:39.3780085Z ##[group]Disabling automatic garbage collection
2026-02-10T04:32:39.3783868Z [command]/usr/bin/git config --local gc.auto 0
2026-02-10T04:32:39.3809917Z ##[endgroup]
2026-02-10T04:32:39.3810437Z ##[group]Setting up auth
2026-02-10T04:32:39.3811423Z Removing SSH command configuration
2026-02-10T04:32:39.3817487Z [command]/usr/bin/git config --local --name-only --get-regexp core\.sshCommand
2026-02-10T04:32:39.3846991Z [command]/usr/bin/git submodule foreach --recursive sh -c "git config --local --name-only --get-regexp 'core\.sshCommand' && git config --local --unset-all 'core.sshCommand' || :"
2026-02-10T04:32:39.4072203Z Removing HTTP extra header
2026-02-10T04:32:39.4074696Z [command]/usr/bin/git config --local --name-only --get-regexp http\.https\:\/\/github\.com\/\.extraheader
2026-02-10T04:32:39.4104811Z [command]/usr/bin/git submodule foreach --recursive sh -c "git config --local --name-only --get-regexp 'http\.https\:\/\/github\.com\/\.extraheader' && git config --local --unset-all 'http.https://github.com/.extraheader' || :"
2026-02-10T04:32:39.4323242Z Removing includeIf entries pointing to credentials config files
2026-02-10T04:32:39.4328949Z [command]/usr/bin/git config --local --name-only --get-regexp ^includeIf\.gitdir:
2026-02-10T04:32:39.4357223Z includeif.gitdir:/home/runner/work/scratchattach/scratchattach/.git.path
2026-02-10T04:32:39.4358185Z includeif.gitdir:/home/runner/work/scratchattach/scratchattach/.git/worktrees/*.path
2026-02-10T04:32:39.4358962Z includeif.gitdir:/github/workspace/.git.path
2026-02-10T04:32:39.4359493Z includeif.gitdir:/github/workspace/.git/worktrees/*.path
2026-02-10T04:32:39.4366245Z [command]/usr/bin/git config --local --get-all includeif.gitdir:/home/runner/work/scratchattach/scratchattach/.git.path
2026-02-10T04:32:39.4387499Z /home/runner/work/_temp/git-credentials-e2565032-2433-45b1-8d88-ac015b278073.config
2026-02-10T04:32:39.4398315Z [command]/usr/bin/git config --local --unset includeif.gitdir:/home/runner/work/scratchattach/scratchattach/.git.path /home/runner/work/_temp/git-credentials-e2565032-2433-45b1-8d88-ac015b278073.config
2026-02-10T04:32:39.4429157Z [command]/usr/bin/git config --local --get-all includeif.gitdir:/home/runner/work/scratchattach/scratchattach/.git/worktrees/*.path
2026-02-10T04:32:39.4449809Z /home/runner/work/_temp/git-credentials-e2565032-2433-45b1-8d88-ac015b278073.config
2026-02-10T04:32:39.4460072Z [command]/usr/bin/git config --local --unset includeif.gitdir:/home/runner/work/scratchattach/scratchattach/.git/worktrees/*.path /home/runner/work/_temp/git-credentials-e2565032-2433-45b1-8d88-ac015b278073.config
2026-02-10T04:32:39.4489375Z [command]/usr/bin/git config --local --get-all includeif.gitdir:/github/workspace/.git.path
2026-02-10T04:32:39.4509272Z /github/runner_temp/git-credentials-e2565032-2433-45b1-8d88-ac015b278073.config
2026-02-10T04:32:39.4516869Z [command]/usr/bin/git config --local --unset includeif.gitdir:/github/workspace/.git.path /github/runner_temp/git-credentials-e2565032-2433-45b1-8d88-ac015b278073.config
2026-02-10T04:32:39.4547646Z [command]/usr/bin/git config --local --get-all includeif.gitdir:/github/workspace/.git/worktrees/*.path
2026-02-10T04:32:39.4567781Z /github/runner_temp/git-credentials-e2565032-2433-45b1-8d88-ac015b278073.config
2026-02-10T04:32:39.4576522Z [command]/usr/bin/git config --local --unset includeif.gitdir:/github/workspace/.git/worktrees/*.path /github/runner_temp/git-credentials-e2565032-2433-45b1-8d88-ac015b278073.config
2026-02-10T04:32:39.4608556Z [command]/usr/bin/git submodule foreach --recursive git config --local --show-origin --name-only --get-regexp remote.origin.url
2026-02-10T04:32:39.4824472Z Removing credentials config '/home/runner/work/_temp/git-credentials-e2565032-2433-45b1-8d88-ac015b278073.config'
2026-02-10T04:32:39.4836198Z [command]/usr/bin/git config --file /home/runner/work/_temp/git-credentials-6fc7646e-011e-4e66-8d19-f620d45476ea.config http.https://github.com/.extraheader AUTHORIZATION: basic ***
2026-02-10T04:32:39.4869898Z [command]/usr/bin/git config --local includeIf.gitdir:/home/runner/work/scratchattach/scratchattach/.git.path /home/runner/work/_temp/git-credentials-6fc7646e-011e-4e66-8d19-f620d45476ea.config
2026-02-10T04:32:39.4899002Z [command]/usr/bin/git config --local includeIf.gitdir:/home/runner/work/scratchattach/scratchattach/.git/worktrees/*.path /home/runner/work/_temp/git-credentials-6fc7646e-011e-4e66-8d19-f620d45476ea.config
2026-02-10T04:32:39.4927525Z [command]/usr/bin/git config --local includeIf.gitdir:/github/workspace/.git.path /github/runner_temp/git-credentials-6fc7646e-011e-4e66-8d19-f620d45476ea.config
2026-02-10T04:32:39.4955585Z [command]/usr/bin/git config --local includeIf.gitdir:/github/workspace/.git/worktrees/*.path /github/runner_temp/git-credentials-6fc7646e-011e-4e66-8d19-f620d45476ea.config
2026-02-10T04:32:39.4981160Z ##[endgroup]
2026-02-10T04:32:39.4981567Z ##[group]Fetching the repository
2026-02-10T04:32:39.4990556Z [command]/usr/bin/git -c protocol.version=2 fetch --no-tags --prune --no-recurse-submodules --depth=1 origin +refs/heads/main*:refs/remotes/origin/main* +refs/tags/main*:refs/tags/main*
2026-02-10T04:32:39.9809060Z ##[endgroup]
2026-02-10T04:32:39.9809430Z ##[group]Determining the checkout info
2026-02-10T04:32:39.9815442Z [command]/usr/bin/git branch --list --remote origin/main
2026-02-10T04:32:39.9839400Z   origin/main
2026-02-10T04:32:39.9843736Z ##[endgroup]
2026-02-10T04:32:39.9848921Z [command]/usr/bin/git sparse-checkout disable
2026-02-10T04:32:39.9913663Z [command]/usr/bin/git config --local --unset-all extensions.worktreeConfig
2026-02-10T04:32:39.9941217Z ##[group]Checking out the ref
2026-02-10T04:32:39.9944735Z [command]/usr/bin/git checkout --progress --force -B main refs/remotes/origin/main
2026-02-10T04:32:40.0029529Z Switched to a new branch 'main'
2026-02-10T04:32:40.0031796Z branch 'main' set up to track 'origin/main'.
2026-02-10T04:32:40.0037092Z ##[endgroup]
2026-02-10T04:32:40.0072005Z [command]/usr/bin/git log -1 --format=%H
2026-02-10T04:32:40.0094682Z 080674f818e7a28b602b9f4826fc5de4d6c7cae4
2026-02-10T04:32:40.0202805Z ##[group]Run python3 aesthetic_prioritizing.py
2026-02-10T04:32:40.0203154Z [36;1mpython3 aesthetic_prioritizing.py[0m
2026-02-10T04:32:40.0234669Z shell: /usr/bin/bash -e {0}
2026-02-10T04:32:40.0234887Z env:
2026-02-10T04:32:40.0235274Z   pythonLocation: /opt/hostedtoolcache/Python/3.13.11/x64
2026-02-10T04:32:40.0235707Z   PKG_CONFIG_PATH: /opt/hostedtoolcache/Python/3.13.11/x64/lib/pkgconfig
2026-02-10T04:32:40.0236130Z   Python_ROOT_DIR: /opt/hostedtoolcache/Python/3.13.11/x64
2026-02-10T04:32:40.0236491Z   Python2_ROOT_DIR: /opt/hostedtoolcache/Python/3.13.11/x64
2026-02-10T04:32:40.0236846Z   Python3_ROOT_DIR: /opt/hostedtoolcache/Python/3.13.11/x64
2026-02-10T04:32:40.0237214Z   LD_LIBRARY_PATH: /opt/hostedtoolcache/Python/3.13.11/x64/lib
2026-02-10T04:32:40.0237608Z   PASS: ***
2026-02-10T04:32:40.0237774Z ##[endgroup]
2026-02-10T04:32:40.9413532Z /opt/hostedtoolcache/Python/3.13.11/x64/lib/python3.13/site-packages/scratchattach/site/user.py:1245: UserAuthenticationWarning: Warning: For methods that require authentication, use session.connect_user instead of get_user.
2026-02-10T04:32:40.9415883Z To ignore this warning, use warnings.filterwarnings('ignore', category=scratchattach.UserAuthenticationWarning).
2026-02-10T04:32:40.9417727Z To ignore all warnings of the type GetAuthenticationWarning, which includes this warning, use `warnings.filterwarnings('ignore', category=scratchattach.GetAuthenticationWarning)`.
2026-02-10T04:32:40.9419028Z   warnings.warn(
2026-02-10T04:32:41.2872745Z Prioritizing: Attempt 1
2026-02-10T04:32:41.2879690Z Projects already on top. No prioritizing needed.
2026-02-10T04:32:41.2886146Z Prioritized projects in your favorite list.
2026-02-10T04:32:41.3391248Z Post job cleanup.
2026-02-10T04:32:41.4175438Z [command]/usr/bin/git version
2026-02-10T04:32:41.4210626Z git version 2.52.0
2026-02-10T04:32:41.4248194Z Temporarily overriding HOME='/home/runner/work/_temp/0f2a2d7e-305d-4705-be0a-571d6d77526c' before making global git config changes
2026-02-10T04:32:41.4249889Z Adding repository directory to the temporary git global config as a safe directory
2026-02-10T04:32:41.4253345Z [command]/usr/bin/git config --global --add safe.directory /home/runner/work/scratchattach/scratchattach
2026-02-10T04:32:41.4281897Z Removing SSH command configuration
2026-02-10T04:32:41.4288365Z [command]/usr/bin/git config --local --name-only --get-regexp core\.sshCommand
2026-02-10T04:32:41.4321055Z [command]/usr/bin/git submodule foreach --recursive sh -c "git config --local --name-only --get-regexp 'core\.sshCommand' && git config --local --unset-all 'core.sshCommand' || :"
2026-02-10T04:32:41.4543951Z Removing HTTP extra header
2026-02-10T04:32:41.4548403Z [command]/usr/bin/git config --local --name-only --get-regexp http\.https\:\/\/github\.com\/\.extraheader
2026-02-10T04:32:41.4578780Z [command]/usr/bin/git submodule foreach --recursive sh -c "git config --local --name-only --get-regexp 'http\.https\:\/\/github\.com\/\.extraheader' && git config --local --unset-all 'http.https://github.com/.extraheader' || :"
2026-02-10T04:32:41.4794611Z Removing includeIf entries pointing to credentials config files
2026-02-10T04:32:41.4800459Z [command]/usr/bin/git config --local --name-only --get-regexp ^includeIf\.gitdir:
2026-02-10T04:32:41.4821232Z includeif.gitdir:/home/runner/work/scratchattach/scratchattach/.git.path
2026-02-10T04:32:41.4822122Z includeif.gitdir:/home/runner/work/scratchattach/scratchattach/.git/worktrees/*.path
2026-02-10T04:32:41.4822593Z includeif.gitdir:/github/workspace/.git.path
2026-02-10T04:32:41.4823011Z includeif.gitdir:/github/workspace/.git/worktrees/*.path
2026-02-10T04:32:41.4830779Z [command]/usr/bin/git config --local --get-all includeif.gitdir:/home/runner/work/scratchattach/scratchattach/.git.path
2026-02-10T04:32:41.4850580Z /home/runner/work/_temp/git-credentials-6fc7646e-011e-4e66-8d19-f620d45476ea.config
2026-02-10T04:32:41.4860108Z [command]/usr/bin/git config --local --unset includeif.gitdir:/home/runner/work/scratchattach/scratchattach/.git.path /home/runner/work/_temp/git-credentials-6fc7646e-011e-4e66-8d19-f620d45476ea.config
2026-02-10T04:32:41.4893931Z [command]/usr/bin/git config --local --get-all includeif.gitdir:/home/runner/work/scratchattach/scratchattach/.git/worktrees/*.path
2026-02-10T04:32:41.4914152Z /home/runner/work/_temp/git-credentials-6fc7646e-011e-4e66-8d19-f620d45476ea.config
2026-02-10T04:32:41.4923369Z [command]/usr/bin/git config --local --unset includeif.gitdir:/home/runner/work/scratchattach/scratchattach/.git/worktrees/*.path /home/runner/work/_temp/git-credentials-6fc7646e-011e-4e66-8d19-f620d45476ea.config
2026-02-10T04:32:41.4954152Z [command]/usr/bin/git config --local --get-all includeif.gitdir:/github/workspace/.git.path
2026-02-10T04:32:41.4973816Z /github/runner_temp/git-credentials-6fc7646e-011e-4e66-8d19-f620d45476ea.config
2026-02-10T04:32:41.4981719Z [command]/usr/bin/git config --local --unset includeif.gitdir:/github/workspace/.git.path /github/runner_temp/git-credentials-6fc7646e-011e-4e66-8d19-f620d45476ea.config
2026-02-10T04:32:41.5014143Z [command]/usr/bin/git config --local --get-all includeif.gitdir:/github/workspace/.git/worktrees/*.path
2026-02-10T04:32:41.5036416Z /github/runner_temp/git-credentials-6fc7646e-011e-4e66-8d19-f620d45476ea.config
2026-02-10T04:32:41.5048370Z [command]/usr/bin/git config --local --unset includeif.gitdir:/github/workspace/.git/worktrees/*.path /github/runner_temp/git-credentials-6fc7646e-011e-4e66-8d19-f620d45476ea.config
2026-02-10T04:32:41.5084236Z [command]/usr/bin/git submodule foreach --recursive git config --local --show-origin --name-only --get-regexp remote.origin.url
2026-02-10T04:32:41.5317965Z Removing credentials config '/home/runner/work/_temp/git-credentials-6fc7646e-011e-4e66-8d19-f620d45476ea.config'
2026-02-10T04:32:41.5459019Z Post job cleanup.
2026-02-10T04:32:41.6684396Z Post job cleanup.
2026-02-10T04:32:41.7441776Z [command]/usr/bin/git version
2026-02-10T04:32:41.7477782Z git version 2.52.0
2026-02-10T04:32:41.7517227Z Temporarily overriding HOME='/home/runner/work/_temp/a4314606-7c61-4720-b5fb-987db5efce37' before making global git config changes
2026-02-10T04:32:41.7518580Z Adding repository directory to the temporary git global config as a safe directory
2026-02-10T04:32:41.7523077Z [command]/usr/bin/git config --global --add safe.directory /home/runner/work/scratchattach/scratchattach
2026-02-10T04:32:41.7552479Z Removing SSH command configuration
2026-02-10T04:32:41.7558922Z [command]/usr/bin/git config --local --name-only --get-regexp core\.sshCommand
2026-02-10T04:32:41.7592774Z [command]/usr/bin/git submodule foreach --recursive sh -c "git config --local --name-only --get-regexp 'core\.sshCommand' && git config --local --unset-all 'core.sshCommand' || :"
2026-02-10T04:32:41.7816387Z Removing HTTP extra header
2026-02-10T04:32:41.7821289Z [command]/usr/bin/git config --local --name-only --get-regexp http\.https\:\/\/github\.com\/\.extraheader
2026-02-10T04:32:41.7851868Z [command]/usr/bin/git submodule foreach --recursive sh -c "git config --local --name-only --get-regexp 'http\.https\:\/\/github\.com\/\.extraheader' && git config --local --unset-all 'http.https://github.com/.extraheader' || :"
2026-02-10T04:32:41.8068558Z Removing includeIf entries pointing to credentials config files
2026-02-10T04:32:41.8074461Z [command]/usr/bin/git config --local --name-only --get-regexp ^includeIf\.gitdir:
2026-02-10T04:32:41.8103355Z [command]/usr/bin/git submodule foreach --recursive git config --local --show-origin --name-only --get-regexp remote.origin.url
2026-02-10T04:32:41.8429957Z Cleaning up orphan processes
