2025-11-25T06:56:34.2875525Z Current runner version: '2.329.0'
2025-11-25T06:56:34.2910545Z ##[group]Runner Image Provisioner
2025-11-25T06:56:34.2911901Z Hosted Compute Agent
2025-11-25T06:56:34.2912929Z Version: 20251016.436
2025-11-25T06:56:34.2913900Z Commit: 8ab8ac8bfd662a3739dab9fe09456aba92132568
2025-11-25T06:56:34.2915027Z Build Date: 2025-10-15T20:44:12Z
2025-11-25T06:56:34.2916028Z ##[endgroup]
2025-11-25T06:56:34.2917180Z ##[group]Operating System
2025-11-25T06:56:34.2918152Z Ubuntu
2025-11-25T06:56:34.2918936Z 24.04.3
2025-11-25T06:56:34.2919589Z LTS
2025-11-25T06:56:34.2920444Z ##[endgroup]
2025-11-25T06:56:34.2921464Z ##[group]Runner Image
2025-11-25T06:56:34.2922394Z Image: ubuntu-24.04
2025-11-25T06:56:34.2923259Z Version: 20251112.124.1
2025-11-25T06:56:34.2924986Z Included Software: https://github.com/actions/runner-images/blob/ubuntu24/20251112.124/images/ubuntu/Ubuntu2404-Readme.md
2025-11-25T06:56:34.2928046Z Image Release: https://github.com/actions/runner-images/releases/tag/ubuntu24%2F20251112.124
2025-11-25T06:56:34.2929799Z ##[endgroup]
2025-11-25T06:56:34.2934546Z ##[group]GITHUB_TOKEN Permissions
2025-11-25T06:56:34.2938265Z Actions: write
2025-11-25T06:56:34.2939186Z ArtifactMetadata: write
2025-11-25T06:56:34.2940154Z Attestations: write
2025-11-25T06:56:34.2941195Z Checks: write
2025-11-25T06:56:34.2942060Z Contents: write
2025-11-25T06:56:34.2943014Z Deployments: write
2025-11-25T06:56:34.2944048Z Discussions: write
2025-11-25T06:56:34.2945035Z Issues: write
2025-11-25T06:56:34.2945946Z Metadata: read
2025-11-25T06:56:34.2947228Z Models: read
2025-11-25T06:56:34.2948115Z Packages: write
2025-11-25T06:56:34.2949008Z Pages: write
2025-11-25T06:56:34.2949927Z PullRequests: write
2025-11-25T06:56:34.2950847Z RepositoryProjects: write
2025-11-25T06:56:34.2951972Z SecurityEvents: write
2025-11-25T06:56:34.2952922Z Statuses: write
2025-11-25T06:56:34.2953791Z ##[endgroup]
2025-11-25T06:56:34.2957173Z Secret source: Actions
2025-11-25T06:56:34.2958314Z Prepare workflow directory
2025-11-25T06:56:34.3436754Z Prepare all required actions
2025-11-25T06:56:34.3495163Z Getting action download info
2025-11-25T06:56:34.6537799Z Download action repository 'actions/checkout@v5.0.1' (SHA:93cb6efe18208431cddfb8368fd83d5badbf9bfd)
2025-11-25T06:56:35.0571415Z Download action repository 'actions/setup-python@v6.0.0' (SHA:e797f83bcb11b83ae66e0230d6156d7c80228e7c)
2025-11-25T06:56:35.1885312Z Download action repository 'bossOfCode/install-scratchattach@v1.0.3' (SHA:be17a7cf1ecb5a7040eb42ef26c2e1fbe72bb25a)
2025-11-25T06:56:35.5986174Z Complete job name: Run 1
2025-11-25T06:56:35.6702256Z ##[group]Run actions/checkout@v5.0.1
2025-11-25T06:56:35.6703193Z with:
2025-11-25T06:56:35.6703612Z   ref: main
2025-11-25T06:56:35.6704055Z   repository: Boss-1s/scratchattach
2025-11-25T06:56:35.6704779Z   token: ***
2025-11-25T06:56:35.6705211Z   ssh-strict: true
2025-11-25T06:56:35.6705656Z   ssh-user: git
2025-11-25T06:56:35.6706110Z   persist-credentials: true
2025-11-25T06:56:35.6706769Z   clean: true
2025-11-25T06:56:35.6707214Z   sparse-checkout-cone-mode: true
2025-11-25T06:56:35.6707780Z   fetch-depth: 1
2025-11-25T06:56:35.6708211Z   fetch-tags: false
2025-11-25T06:56:35.6708674Z   show-progress: true
2025-11-25T06:56:35.6709134Z   lfs: false
2025-11-25T06:56:35.6709597Z   submodules: false
2025-11-25T06:56:35.6710043Z   set-safe-directory: true
2025-11-25T06:56:35.6710793Z ##[endgroup]
2025-11-25T06:56:35.7630858Z Syncing repository: Boss-1s/scratchattach
2025-11-25T06:56:35.7632673Z ##[group]Getting Git version info
2025-11-25T06:56:35.7633570Z Working directory is '/home/runner/work/scratchattach/scratchattach'
2025-11-25T06:56:35.7634682Z [command]/usr/bin/git version
2025-11-25T06:56:35.8023513Z git version 2.51.2
2025-11-25T06:56:35.8044411Z ##[endgroup]
2025-11-25T06:56:35.8058926Z Temporarily overriding HOME='/home/runner/work/_temp/20d6d9c3-44e2-44b1-8a6e-6bfea8b5fddd' before making global git config changes
2025-11-25T06:56:35.8061201Z Adding repository directory to the temporary git global config as a safe directory
2025-11-25T06:56:35.8064168Z [command]/usr/bin/git config --global --add safe.directory /home/runner/work/scratchattach/scratchattach
2025-11-25T06:56:35.8103328Z Deleting the contents of '/home/runner/work/scratchattach/scratchattach'
2025-11-25T06:56:35.8107276Z ##[group]Initializing the repository
2025-11-25T06:56:35.8112185Z [command]/usr/bin/git init /home/runner/work/scratchattach/scratchattach
2025-11-25T06:56:35.8225423Z hint: Using 'master' as the name for the initial branch. This default branch name
2025-11-25T06:56:35.8227120Z hint: is subject to change. To configure the initial branch name to use in all
2025-11-25T06:56:35.8228659Z hint: of your new repositories, which will suppress this warning, call:
2025-11-25T06:56:35.8229812Z hint:
2025-11-25T06:56:35.8230683Z hint: 	git config --global init.defaultBranch <name>
2025-11-25T06:56:35.8231672Z hint:
2025-11-25T06:56:35.8232326Z hint: Names commonly chosen instead of 'master' are 'main', 'trunk' and
2025-11-25T06:56:35.8233774Z hint: 'development'. The just-created branch can be renamed via this command:
2025-11-25T06:56:35.8234863Z hint:
2025-11-25T06:56:35.8235575Z hint: 	git branch -m <name>
2025-11-25T06:56:35.8236180Z hint:
2025-11-25T06:56:35.8237114Z hint: Disable this message with "git config set advice.defaultBranchName false"
2025-11-25T06:56:35.8238238Z Initialized empty Git repository in /home/runner/work/scratchattach/scratchattach/.git/
2025-11-25T06:56:35.8241198Z [command]/usr/bin/git remote add origin https://github.com/Boss-1s/scratchattach
2025-11-25T06:56:35.8308821Z ##[endgroup]
2025-11-25T06:56:35.8310053Z ##[group]Disabling automatic garbage collection
2025-11-25T06:56:35.8311810Z [command]/usr/bin/git config --local gc.auto 0
2025-11-25T06:56:35.8345537Z ##[endgroup]
2025-11-25T06:56:35.8346304Z ##[group]Setting up auth
2025-11-25T06:56:35.8347311Z [command]/usr/bin/git config --local --name-only --get-regexp core\.sshCommand
2025-11-25T06:56:35.8375263Z [command]/usr/bin/git submodule foreach --recursive sh -c "git config --local --name-only --get-regexp 'core\.sshCommand' && git config --local --unset-all 'core.sshCommand' || :"
2025-11-25T06:56:35.8735682Z [command]/usr/bin/git config --local --name-only --get-regexp http\.https\:\/\/github\.com\/\.extraheader
2025-11-25T06:56:35.8767414Z [command]/usr/bin/git submodule foreach --recursive sh -c "git config --local --name-only --get-regexp 'http\.https\:\/\/github\.com\/\.extraheader' && git config --local --unset-all 'http.https://github.com/.extraheader' || :"
2025-11-25T06:56:35.8987856Z [command]/usr/bin/git config --local --name-only --get-regexp ^includeIf\.gitdir:
2025-11-25T06:56:35.9018528Z [command]/usr/bin/git submodule foreach --recursive git config --local --show-origin --name-only --get-regexp remote.origin.url
2025-11-25T06:56:35.9238842Z [command]/usr/bin/git config --local http.https://github.com/.extraheader AUTHORIZATION: basic ***
2025-11-25T06:56:35.9272277Z ##[endgroup]
2025-11-25T06:56:35.9273649Z ##[group]Fetching the repository
2025-11-25T06:56:35.9282054Z [command]/usr/bin/git -c protocol.version=2 fetch --no-tags --prune --no-recurse-submodules --depth=1 origin +refs/heads/main*:refs/remotes/origin/main* +refs/tags/main*:refs/tags/main*
2025-11-25T06:56:37.9455829Z From https://github.com/Boss-1s/scratchattach
2025-11-25T06:56:37.9457834Z  * [new branch]      main       -> origin/main
2025-11-25T06:56:37.9488148Z ##[endgroup]
2025-11-25T06:56:37.9488876Z ##[group]Determining the checkout info
2025-11-25T06:56:37.9495172Z [command]/usr/bin/git branch --list --remote origin/main
2025-11-25T06:56:37.9519147Z   origin/main
2025-11-25T06:56:37.9525635Z ##[endgroup]
2025-11-25T06:56:37.9530003Z [command]/usr/bin/git sparse-checkout disable
2025-11-25T06:56:37.9569593Z [command]/usr/bin/git config --local --unset-all extensions.worktreeConfig
2025-11-25T06:56:37.9595684Z ##[group]Checking out the ref
2025-11-25T06:56:37.9600222Z [command]/usr/bin/git checkout --progress --force -B main refs/remotes/origin/main
2025-11-25T06:56:38.4293152Z Switched to a new branch 'main'
2025-11-25T06:56:38.4294276Z branch 'main' set up to track 'origin/main'.
2025-11-25T06:56:38.4341168Z ##[endgroup]
2025-11-25T06:56:38.4387046Z [command]/usr/bin/git log -1 --format=%H
2025-11-25T06:56:38.4411688Z e22b6d72e2cf09a3d728e01aa91f26ad10578cb0
2025-11-25T06:56:38.4634838Z ##[group]Run actions/setup-python@v6.0.0
2025-11-25T06:56:38.4635150Z with:
2025-11-25T06:56:38.4635344Z   python-version: 3.13
2025-11-25T06:56:38.4635570Z   check-latest: false
2025-11-25T06:56:38.4635902Z   token: ***
2025-11-25T06:56:38.4636089Z   update-environment: true
2025-11-25T06:56:38.4636317Z   allow-prereleases: false
2025-11-25T06:56:38.4636766Z   freethreaded: false
2025-11-25T06:56:38.4636965Z ##[endgroup]
2025-11-25T06:56:38.5902476Z ##[group]Installed versions
2025-11-25T06:56:38.6007269Z (node:2081) [DEP0040] DeprecationWarning: The `punycode` module is deprecated. Please use a userland alternative instead.
2025-11-25T06:56:38.6008291Z (Use `node --trace-deprecation ...` to show where the warning was created)
2025-11-25T06:56:38.6009077Z Successfully set up CPython (3.13.9)
2025-11-25T06:56:38.6010016Z ##[endgroup]
2025-11-25T06:56:38.6147877Z ##[group]Run bossOfCode/install-scratchattach@v1.0.3
2025-11-25T06:56:38.6148228Z env:
2025-11-25T06:56:38.6148474Z   pythonLocation: /opt/hostedtoolcache/Python/3.13.9/x64
2025-11-25T06:56:38.6148886Z   PKG_CONFIG_PATH: /opt/hostedtoolcache/Python/3.13.9/x64/lib/pkgconfig
2025-11-25T06:56:38.6149274Z   Python_ROOT_DIR: /opt/hostedtoolcache/Python/3.13.9/x64
2025-11-25T06:56:38.6149629Z   Python2_ROOT_DIR: /opt/hostedtoolcache/Python/3.13.9/x64
2025-11-25T06:56:38.6149964Z   Python3_ROOT_DIR: /opt/hostedtoolcache/Python/3.13.9/x64
2025-11-25T06:56:38.6150301Z   LD_LIBRARY_PATH: /opt/hostedtoolcache/Python/3.13.9/x64/lib
2025-11-25T06:56:38.6150592Z ##[endgroup]
2025-11-25T06:56:38.6228826Z ##[group]Run python3 -m pip install --upgrade pip
2025-11-25T06:56:38.6229237Z [36;1mpython3 -m pip install --upgrade pip[0m
2025-11-25T06:56:38.6398474Z shell: /usr/bin/bash --noprofile --norc -e -o pipefail {0}
2025-11-25T06:56:38.6398950Z env:
2025-11-25T06:56:38.6399305Z   pythonLocation: /opt/hostedtoolcache/Python/3.13.9/x64
2025-11-25T06:56:38.6399802Z   PKG_CONFIG_PATH: /opt/hostedtoolcache/Python/3.13.9/x64/lib/pkgconfig
2025-11-25T06:56:38.6400267Z   Python_ROOT_DIR: /opt/hostedtoolcache/Python/3.13.9/x64
2025-11-25T06:56:38.6400682Z   Python2_ROOT_DIR: /opt/hostedtoolcache/Python/3.13.9/x64
2025-11-25T06:56:38.6401096Z   Python3_ROOT_DIR: /opt/hostedtoolcache/Python/3.13.9/x64
2025-11-25T06:56:38.6401508Z   LD_LIBRARY_PATH: /opt/hostedtoolcache/Python/3.13.9/x64/lib
2025-11-25T06:56:38.6401859Z ##[endgroup]
2025-11-25T06:56:41.7214900Z Requirement already satisfied: pip in /opt/hostedtoolcache/Python/3.13.9/x64/lib/python3.13/site-packages (25.3)
2025-11-25T06:56:41.9799842Z ##[group]Run pip install -U scratchattach
2025-11-25T06:56:41.9800155Z [36;1mpip install -U scratchattach[0m
2025-11-25T06:56:41.9833384Z shell: /usr/bin/bash --noprofile --norc -e -o pipefail {0}
2025-11-25T06:56:41.9833743Z env:
2025-11-25T06:56:41.9833996Z   pythonLocation: /opt/hostedtoolcache/Python/3.13.9/x64
2025-11-25T06:56:41.9834418Z   PKG_CONFIG_PATH: /opt/hostedtoolcache/Python/3.13.9/x64/lib/pkgconfig
2025-11-25T06:56:41.9834826Z   Python_ROOT_DIR: /opt/hostedtoolcache/Python/3.13.9/x64
2025-11-25T06:56:41.9835183Z   Python2_ROOT_DIR: /opt/hostedtoolcache/Python/3.13.9/x64
2025-11-25T06:56:41.9835546Z   Python3_ROOT_DIR: /opt/hostedtoolcache/Python/3.13.9/x64
2025-11-25T06:56:41.9835907Z   LD_LIBRARY_PATH: /opt/hostedtoolcache/Python/3.13.9/x64/lib
2025-11-25T06:56:41.9836208Z ##[endgroup]
2025-11-25T06:56:42.8521722Z Collecting scratchattach
2025-11-25T06:56:42.9583319Z   Downloading scratchattach-2.1.13-py3-none-any.whl.metadata (5.5 kB)
2025-11-25T06:56:42.9818335Z Collecting websocket-client (from scratchattach)
2025-11-25T06:56:43.0016674Z   Downloading websocket_client-1.9.0-py3-none-any.whl.metadata (8.3 kB)
2025-11-25T06:56:43.0322676Z Collecting requests (from scratchattach)
2025-11-25T06:56:43.0513507Z   Downloading requests-2.32.5-py3-none-any.whl.metadata (4.9 kB)
2025-11-25T06:56:43.0640617Z Collecting bs4 (from scratchattach)
2025-11-25T06:56:43.0829962Z   Downloading bs4-0.0.2-py2.py3-none-any.whl.metadata (411 bytes)
2025-11-25T06:56:43.1141080Z Collecting SimpleWebSocketServer (from scratchattach)
2025-11-25T06:56:43.1332409Z   Downloading SimpleWebSocketServer-0.1.2.tar.gz (10 kB)
2025-11-25T06:56:43.1435966Z   Installing build dependencies: started
2025-11-25T06:56:44.1648357Z   Installing build dependencies: finished with status 'done'
2025-11-25T06:56:44.1654454Z   Getting requirements to build wheel: started
2025-11-25T06:56:44.6063419Z   Getting requirements to build wheel: finished with status 'done'
2025-11-25T06:56:44.6072844Z   Preparing metadata (pyproject.toml): started
2025-11-25T06:56:44.8019955Z   Preparing metadata (pyproject.toml): finished with status 'done'
2025-11-25T06:56:44.8191370Z Collecting typing-extensions (from scratchattach)
2025-11-25T06:56:44.8387525Z   Downloading typing_extensions-4.15.0-py3-none-any.whl.metadata (3.3 kB)
2025-11-25T06:56:44.8574770Z Collecting beautifulsoup4 (from bs4->scratchattach)
2025-11-25T06:56:44.8765219Z   Downloading beautifulsoup4-4.14.2-py3-none-any.whl.metadata (3.8 kB)
2025-11-25T06:56:44.8954910Z Collecting soupsieve>1.2 (from beautifulsoup4->bs4->scratchattach)
2025-11-25T06:56:44.9144720Z   Downloading soupsieve-2.8-py3-none-any.whl.metadata (4.6 kB)
2025-11-25T06:56:45.0039758Z Collecting charset_normalizer<4,>=2 (from requests->scratchattach)
2025-11-25T06:56:45.0233116Z   Downloading charset_normalizer-3.4.4-cp313-cp313-manylinux2014_x86_64.manylinux_2_17_x86_64.manylinux_2_28_x86_64.whl.metadata (37 kB)
2025-11-25T06:56:45.0504130Z Collecting idna<4,>=2.5 (from requests->scratchattach)
2025-11-25T06:56:45.0699613Z   Downloading idna-3.11-py3-none-any.whl.metadata (8.4 kB)
2025-11-25T06:56:45.0983814Z Collecting urllib3<3,>=1.21.1 (from requests->scratchattach)
2025-11-25T06:56:45.1177070Z   Downloading urllib3-2.5.0-py3-none-any.whl.metadata (6.5 kB)
2025-11-25T06:56:45.1396722Z Collecting certifi>=2017.4.17 (from requests->scratchattach)
2025-11-25T06:56:45.1586745Z   Downloading certifi-2025.11.12-py3-none-any.whl.metadata (2.5 kB)
2025-11-25T06:56:45.1841623Z Downloading scratchattach-2.1.13-py3-none-any.whl (141 kB)
2025-11-25T06:56:45.2304413Z Downloading bs4-0.0.2-py2.py3-none-any.whl (1.2 kB)
2025-11-25T06:56:45.2513384Z Downloading beautifulsoup4-4.14.2-py3-none-any.whl (106 kB)
2025-11-25T06:56:45.2754608Z Downloading soupsieve-2.8-py3-none-any.whl (36 kB)
2025-11-25T06:56:45.2968281Z Downloading typing_extensions-4.15.0-py3-none-any.whl (44 kB)
2025-11-25T06:56:45.3184206Z Downloading requests-2.32.5-py3-none-any.whl (64 kB)
2025-11-25T06:56:45.3414328Z Downloading charset_normalizer-3.4.4-cp313-cp313-manylinux2014_x86_64.manylinux_2_17_x86_64.manylinux_2_28_x86_64.whl (153 kB)
2025-11-25T06:56:45.3684381Z Downloading idna-3.11-py3-none-any.whl (71 kB)
2025-11-25T06:56:45.3902126Z Downloading urllib3-2.5.0-py3-none-any.whl (129 kB)
2025-11-25T06:56:45.4138425Z Downloading certifi-2025.11.12-py3-none-any.whl (159 kB)
2025-11-25T06:56:45.4391326Z Downloading websocket_client-1.9.0-py3-none-any.whl (82 kB)
2025-11-25T06:56:45.4533788Z Building wheels for collected packages: SimpleWebSocketServer
2025-11-25T06:56:45.4541835Z   Building wheel for SimpleWebSocketServer (pyproject.toml): started
2025-11-25T06:56:45.6755981Z   Building wheel for SimpleWebSocketServer (pyproject.toml): finished with status 'done'
2025-11-25T06:56:45.6762003Z   Created wheel for SimpleWebSocketServer: filename=simplewebsocketserver-0.1.2-py3-none-any.whl size=9715 sha256=be7a61a17953e779ba621264ea1f554baa350e349e85a35009d9ddb1937785df
2025-11-25T06:56:45.6763479Z   Stored in directory: /home/runner/.cache/pip/wheels/c4/5b/e8/4f2c15a82edc4923058056f6681373168be02a0c00389a6dcf
2025-11-25T06:56:45.6782132Z Successfully built SimpleWebSocketServer
2025-11-25T06:56:45.6967252Z Installing collected packages: SimpleWebSocketServer, websocket-client, urllib3, typing-extensions, soupsieve, idna, charset_normalizer, certifi, requests, beautifulsoup4, bs4, scratchattach
2025-11-25T06:56:46.2927599Z 
2025-11-25T06:56:46.2949778Z Successfully installed SimpleWebSocketServer-0.1.2 beautifulsoup4-4.14.2 bs4-0.0.2 certifi-2025.11.12 charset_normalizer-3.4.4 idna-3.11 requests-2.32.5 scratchattach-2.1.13 soupsieve-2.8 typing-extensions-4.15.0 urllib3-2.5.0 websocket-client-1.9.0
2025-11-25T06:56:46.3767593Z ##[group]Run actions/checkout@v5.0.1
2025-11-25T06:56:46.3767854Z with:
2025-11-25T06:56:46.3768015Z   ref: main
2025-11-25T06:56:46.3768197Z   repository: Boss-1s/scratchattach
2025-11-25T06:56:46.3768536Z   token: ***
2025-11-25T06:56:46.3768709Z   ssh-strict: true
2025-11-25T06:56:46.3768888Z   ssh-user: git
2025-11-25T06:56:46.3769068Z   persist-credentials: true
2025-11-25T06:56:46.3769280Z   clean: true
2025-11-25T06:56:46.3769465Z   sparse-checkout-cone-mode: true
2025-11-25T06:56:46.3769691Z   fetch-depth: 1
2025-11-25T06:56:46.3769867Z   fetch-tags: false
2025-11-25T06:56:46.3770063Z   show-progress: true
2025-11-25T06:56:46.3770252Z   lfs: false
2025-11-25T06:56:46.3770416Z   submodules: false
2025-11-25T06:56:46.3770596Z   set-safe-directory: true
2025-11-25T06:56:46.3770792Z env:
2025-11-25T06:56:46.3771008Z   pythonLocation: /opt/hostedtoolcache/Python/3.13.9/x64
2025-11-25T06:56:46.3771392Z   PKG_CONFIG_PATH: /opt/hostedtoolcache/Python/3.13.9/x64/lib/pkgconfig
2025-11-25T06:56:46.3771786Z   Python_ROOT_DIR: /opt/hostedtoolcache/Python/3.13.9/x64
2025-11-25T06:56:46.3772119Z   Python2_ROOT_DIR: /opt/hostedtoolcache/Python/3.13.9/x64
2025-11-25T06:56:46.3772445Z   Python3_ROOT_DIR: /opt/hostedtoolcache/Python/3.13.9/x64
2025-11-25T06:56:46.3772768Z   LD_LIBRARY_PATH: /opt/hostedtoolcache/Python/3.13.9/x64/lib
2025-11-25T06:56:46.3773047Z ##[endgroup]
2025-11-25T06:56:46.4538511Z Syncing repository: Boss-1s/scratchattach
2025-11-25T06:56:46.4539476Z ##[group]Getting Git version info
2025-11-25T06:56:46.4540154Z Working directory is '/home/runner/work/scratchattach/scratchattach'
2025-11-25T06:56:46.4576820Z [command]/usr/bin/git version
2025-11-25T06:56:46.4612745Z git version 2.51.2
2025-11-25T06:56:46.4664011Z ##[endgroup]
2025-11-25T06:56:46.4678730Z Temporarily overriding HOME='/home/runner/work/_temp/f8fda105-197e-467b-a660-89ed00cc3cf0' before making global git config changes
2025-11-25T06:56:46.4680019Z Adding repository directory to the temporary git global config as a safe directory
2025-11-25T06:56:46.4684316Z [command]/usr/bin/git config --global --add safe.directory /home/runner/work/scratchattach/scratchattach
2025-11-25T06:56:46.4721654Z [command]/usr/bin/git config --local --get remote.origin.url
2025-11-25T06:56:46.4743063Z https://github.com/Boss-1s/scratchattach
2025-11-25T06:56:46.4756810Z ##[group]Removing previously created refs, to avoid conflicts
2025-11-25T06:56:46.4760882Z [command]/usr/bin/git rev-parse --symbolic-full-name --verify --quiet HEAD
2025-11-25T06:56:46.4780784Z refs/heads/main
2025-11-25T06:56:46.4790278Z [command]/usr/bin/git checkout --detach
2025-11-25T06:56:46.8376318Z HEAD is now at e22b6d7 [BOT] Download Logs
2025-11-25T06:56:46.8425373Z [command]/usr/bin/git branch --delete --force main
2025-11-25T06:56:46.8451340Z Deleted branch main (was e22b6d7).
2025-11-25T06:56:46.8486138Z ##[endgroup]
2025-11-25T06:56:46.8490184Z [command]/usr/bin/git submodule status
2025-11-25T06:56:46.8716007Z ##[group]Cleaning the repository
2025-11-25T06:56:46.8720917Z [command]/usr/bin/git clean -ffdx
2025-11-25T06:56:46.8764411Z [command]/usr/bin/git reset --hard HEAD
2025-11-25T06:56:46.8840725Z HEAD is now at e22b6d7 [BOT] Download Logs
2025-11-25T06:56:46.8846096Z ##[endgroup]
2025-11-25T06:56:46.8848312Z ##[group]Disabling automatic garbage collection
2025-11-25T06:56:46.8852565Z [command]/usr/bin/git config --local gc.auto 0
2025-11-25T06:56:46.8878231Z ##[endgroup]
2025-11-25T06:56:46.8878720Z ##[group]Setting up auth
2025-11-25T06:56:46.8885037Z [command]/usr/bin/git config --local --name-only --get-regexp core\.sshCommand
2025-11-25T06:56:46.8913766Z [command]/usr/bin/git submodule foreach --recursive sh -c "git config --local --name-only --get-regexp 'core\.sshCommand' && git config --local --unset-all 'core.sshCommand' || :"
2025-11-25T06:56:46.9140283Z [command]/usr/bin/git config --local --name-only --get-regexp http\.https\:\/\/github\.com\/\.extraheader
2025-11-25T06:56:46.9161865Z http.https://github.com/.extraheader
2025-11-25T06:56:46.9170902Z [command]/usr/bin/git config --local --unset-all http.https://github.com/.extraheader
2025-11-25T06:56:46.9199870Z [command]/usr/bin/git submodule foreach --recursive sh -c "git config --local --name-only --get-regexp 'http\.https\:\/\/github\.com\/\.extraheader' && git config --local --unset-all 'http.https://github.com/.extraheader' || :"
2025-11-25T06:56:46.9422753Z [command]/usr/bin/git config --local --name-only --get-regexp ^includeIf\.gitdir:
2025-11-25T06:56:46.9458787Z [command]/usr/bin/git submodule foreach --recursive git config --local --show-origin --name-only --get-regexp remote.origin.url
2025-11-25T06:56:46.9682141Z [command]/usr/bin/git config --local http.https://github.com/.extraheader AUTHORIZATION: basic ***
2025-11-25T06:56:46.9714213Z ##[endgroup]
2025-11-25T06:56:46.9714762Z ##[group]Fetching the repository
2025-11-25T06:56:46.9722601Z [command]/usr/bin/git -c protocol.version=2 fetch --no-tags --prune --no-recurse-submodules --depth=1 origin +refs/heads/main*:refs/remotes/origin/main* +refs/tags/main*:refs/tags/main*
2025-11-25T06:56:47.2248098Z ##[endgroup]
2025-11-25T06:56:47.2248683Z ##[group]Determining the checkout info
2025-11-25T06:56:47.2255335Z [command]/usr/bin/git branch --list --remote origin/main
2025-11-25T06:56:47.2278529Z   origin/main
2025-11-25T06:56:47.2282721Z ##[endgroup]
2025-11-25T06:56:47.2286965Z [command]/usr/bin/git sparse-checkout disable
2025-11-25T06:56:47.2335708Z [command]/usr/bin/git config --local --unset-all extensions.worktreeConfig
2025-11-25T06:56:47.2361602Z ##[group]Checking out the ref
2025-11-25T06:56:47.2365418Z [command]/usr/bin/git checkout --progress --force -B main refs/remotes/origin/main
2025-11-25T06:56:47.2427424Z Switched to a new branch 'main'
2025-11-25T06:56:47.2430529Z branch 'main' set up to track 'origin/main'.
2025-11-25T06:56:47.2438107Z ##[endgroup]
2025-11-25T06:56:47.2473285Z [command]/usr/bin/git log -1 --format=%H
2025-11-25T06:56:47.2495797Z e22b6d72e2cf09a3d728e01aa91f26ad10578cb0
2025-11-25T06:56:47.2603797Z ##[group]Run timeout 359m python3 message_viewer.py || { [[ $? -eq 124 ]] && exit 0; }
2025-11-25T06:56:47.2604337Z [36;1mtimeout 359m python3 message_viewer.py || { [[ $? -eq 124 ]] && exit 0; }[0m
2025-11-25T06:56:47.2638131Z shell: /usr/bin/bash -e {0}
2025-11-25T06:56:47.2638353Z env:
2025-11-25T06:56:47.2638591Z   pythonLocation: /opt/hostedtoolcache/Python/3.13.9/x64
2025-11-25T06:56:47.2638983Z   PKG_CONFIG_PATH: /opt/hostedtoolcache/Python/3.13.9/x64/lib/pkgconfig
2025-11-25T06:56:47.2639373Z   Python_ROOT_DIR: /opt/hostedtoolcache/Python/3.13.9/x64
2025-11-25T06:56:47.2639706Z   Python2_ROOT_DIR: /opt/hostedtoolcache/Python/3.13.9/x64
2025-11-25T06:56:47.2640045Z   Python3_ROOT_DIR: /opt/hostedtoolcache/Python/3.13.9/x64
2025-11-25T06:56:47.2640378Z   LD_LIBRARY_PATH: /opt/hostedtoolcache/Python/3.13.9/x64/lib
2025-11-25T06:56:47.2640821Z   PASS: ***
2025-11-25T06:56:47.2640996Z ##[endgroup]
2025-11-25T06:56:48.2116957Z Thanks for giving credit for CloudRequests!
2025-11-25T06:56:48.2124520Z Request handler is running
2025-11-25T07:46:58.2307951Z CloudEvents: Disconnected. Reconnecting ... 1764053899.3740304
2025-11-25T07:46:58.2308679Z CloudEvents: Reconnected. 1764053899.4741995
2025-11-25T07:46:58.2309212Z CloudEvents: Disconnected. Reconnecting ... 1764053899.6949987
2025-11-25T07:46:58.2309896Z CloudEvents: Reconnected. 1764053899.7951694
2025-11-25T07:46:58.2310584Z CloudEvents: Disconnected. Reconnecting ... 1764054349.805083
2025-11-25T07:46:58.2311128Z CloudEvents: Reconnected. 1764054349.905265
2025-11-25T07:46:58.2311558Z CloudEvents: Disconnected. Reconnecting ... 1764054350.172176
2025-11-25T07:46:58.2312405Z CloudEvents: Reconnected. 1764054350.2723455
2025-11-25T07:46:58.2312842Z CloudEvents: Disconnected. Reconnecting ... 1764054620.2805092
2025-11-25T07:46:58.2313282Z CloudEvents: Reconnected. 1764054620.380742
2025-11-25T07:46:58.2313701Z CloudEvents: Disconnected. Reconnecting ... 1764054756.9852605
2025-11-25T07:46:58.2314148Z CloudEvents: Reconnected. 1764054757.0854316
2025-11-25T07:46:58.2314585Z CloudEvents: Disconnected. Reconnecting ... 1764054758.7037148
2025-11-25T07:46:58.2314945Z CloudEvents: Reconnected. 1764054758.803901
2025-11-25T07:46:58.2315286Z CloudEvents: Disconnected. Reconnecting ... 1764054759.0375547
2025-11-25T07:46:58.2315641Z CloudEvents: Reconnected. 1764054759.1377194
2025-11-25T07:46:58.2315981Z CloudEvents: Disconnected. Reconnecting ... 1764054898.1133647
2025-11-25T07:46:58.2316334Z CloudEvents: Reconnected. 1764054898.2135267
2025-11-25T07:46:58.2316951Z CloudEvents: Disconnected. Reconnecting ... 1764054898.4695964
2025-11-25T07:46:58.2317316Z CloudEvents: Reconnected. 1764054898.5697773
2025-11-25T07:46:58.2317670Z CloudEvents: Disconnected. Reconnecting ... 1764054898.7987833
2025-11-25T07:46:58.2318017Z CloudEvents: Reconnected. 1764054898.8989542
2025-11-25T07:46:58.2318360Z CloudEvents: Disconnected. Reconnecting ... 1764055042.660035
2025-11-25T07:46:58.2318712Z CloudEvents: Reconnected. 1764055042.7602038
2025-11-25T07:46:58.2319058Z CloudEvents: Disconnected. Reconnecting ... 1764055043.0176322
2025-11-25T07:46:58.2319410Z CloudEvents: Reconnected. 1764055043.1178265
2025-11-25T07:46:58.2319768Z CloudEvents: Disconnected. Reconnecting ... 1764055043.3484192
2025-11-25T07:46:58.2320123Z CloudEvents: Reconnected. 1764055043.4485707
2025-11-25T07:46:58.2320474Z CloudEvents: Disconnected. Reconnecting ... 1764055110.8669655
2025-11-25T07:46:58.2320831Z CloudEvents: Reconnected. 1764055110.9671664
2025-11-25T07:46:58.2321172Z CloudEvents: Disconnected. Reconnecting ... 1764055111.204409
2025-11-25T07:46:58.2321523Z CloudEvents: Reconnected. 1764055111.3045695
2025-11-25T07:46:58.2321867Z CloudEvents: Disconnected. Reconnecting ... 1764055114.954471
2025-11-25T07:46:58.2322212Z CloudEvents: Reconnected. 1764055115.0546331
2025-11-25T07:46:58.2322558Z CloudEvents: Disconnected. Reconnecting ... 1764055121.3778608
2025-11-25T07:46:58.2322907Z CloudEvents: Reconnected. 1764055121.478061
2025-11-25T07:46:58.2323477Z CloudEvents: Disconnected. Reconnecting ... 1764055121.7053359
2025-11-25T07:46:58.2323833Z CloudEvents: Reconnected. 1764055121.8055048
2025-11-25T07:46:58.2324170Z CloudEvents: Disconnected. Reconnecting ... 1764055122.032213
2025-11-25T07:46:58.2324531Z CloudEvents: Reconnected. 1764055122.1323783
2025-11-25T07:46:58.2324874Z CloudEvents: Disconnected. Reconnecting ... 1764055124.7343075
2025-11-25T07:46:58.2325218Z CloudEvents: Reconnected. 1764055124.8345094
2025-11-25T07:46:58.2325534Z CloudEvents: Disconnected. Reconnecting ... 1764055125.0602722
2025-11-25T07:46:58.2325841Z CloudEvents: Reconnected. 1764055125.1604345
2025-11-25T07:46:58.2326140Z CloudEvents: Disconnected. Reconnecting ... 1764055125.4222856
2025-11-25T07:46:58.2326634Z CloudEvents: Reconnected. 1764055125.5224297
2025-11-25T07:46:58.2326947Z CloudEvents: Disconnected. Reconnecting ... 1764055128.9357696
2025-11-25T07:46:58.2327263Z CloudEvents: Reconnected. 1764055129.0359285
2025-11-25T07:46:58.2327570Z CloudEvents: Disconnected. Reconnecting ... 1764055129.2703025
2025-11-25T07:46:58.2327870Z CloudEvents: Reconnected. 1764055129.3704817
2025-11-25T07:46:58.2328169Z CloudEvents: Disconnected. Reconnecting ... 1764055129.6070087
2025-11-25T07:46:58.2328470Z CloudEvents: Reconnected. 1764055129.7071555
2025-11-25T07:46:58.2328764Z CloudEvents: Disconnected. Reconnecting ... 1764055133.241346
2025-11-25T07:46:58.2329070Z CloudEvents: Reconnected. 1764055133.3415298
2025-11-25T07:46:58.2329363Z CloudEvents: Disconnected. Reconnecting ... 1764055133.5644643
2025-11-25T07:46:58.2329660Z CloudEvents: Reconnected. 1764055133.6646621
2025-11-25T07:46:58.2329955Z CloudEvents: Disconnected. Reconnecting ... 1764055137.0890362
2025-11-25T07:46:58.2330387Z CloudEvents: Reconnected. 1764055137.1892142
2025-11-25T07:46:58.2330676Z CloudEvents: Disconnected. Reconnecting ... 1764055137.4172497
2025-11-25T07:46:58.2330977Z CloudEvents: Reconnected. 1764055137.51745
2025-11-25T07:46:58.2331278Z CloudEvents: Disconnected. Reconnecting ... 1764055137.7501109
2025-11-25T07:46:58.2331580Z CloudEvents: Reconnected. 1764055137.8502991
2025-11-25T07:46:58.2331878Z CloudEvents: Disconnected. Reconnecting ... 1764055142.6125493
2025-11-25T07:46:58.2332176Z CloudEvents: Reconnected. 1764055142.7127104
2025-11-25T07:46:58.2332472Z CloudEvents: Disconnected. Reconnecting ... 1764055142.944374
2025-11-25T07:46:58.2332845Z CloudEvents: Reconnected. 1764055143.044539
2025-11-25T07:46:58.2333177Z CloudEvents: Disconnected. Reconnecting ... 1764055149.2542677
2025-11-25T07:46:58.2333477Z CloudEvents: Reconnected. 1764055149.3544314
2025-11-25T07:46:58.2333774Z CloudEvents: Disconnected. Reconnecting ... 1764055149.5917995
2025-11-25T07:46:58.2334082Z CloudEvents: Reconnected. 1764055149.6919954
2025-11-25T07:46:58.2334370Z CloudEvents: Disconnected. Reconnecting ... 1764055149.915091
2025-11-25T07:46:58.2334678Z CloudEvents: Reconnected. 1764055150.0152266
2025-11-25T07:46:58.2334973Z CloudEvents: Disconnected. Reconnecting ... 1764055161.0597827
2025-11-25T07:46:58.2335272Z CloudEvents: Reconnected. 1764055161.159973
2025-11-25T07:46:58.2335570Z CloudEvents: Disconnected. Reconnecting ... 1764055161.381324
2025-11-25T07:46:58.2335866Z CloudEvents: Reconnected. 1764055161.4814947
2025-11-25T07:46:58.2336161Z CloudEvents: Disconnected. Reconnecting ... 1764055161.715807
2025-11-25T07:46:58.2336627Z CloudEvents: Reconnected. 1764055161.815993
2025-11-25T07:46:58.2336929Z CloudEvents: Disconnected. Reconnecting ... 1764055288.6219544
2025-11-25T07:46:58.2337250Z CloudEvents: Reconnected. 1764055288.722146
2025-11-25T07:46:58.2337561Z CloudEvents: Disconnected. Reconnecting ... 1764055288.9594324
2025-11-25T07:46:58.2337865Z CloudEvents: Reconnected. 1764055289.0596173
2025-11-25T07:46:58.2338162Z CloudEvents: Disconnected. Reconnecting ... 1764055289.280935
2025-11-25T07:46:58.2338466Z CloudEvents: Reconnected. 1764055289.3811173
2025-11-25T07:46:58.2338756Z CloudEvents: Disconnected. Reconnecting ... 1764055408.8079307
2025-11-25T07:46:58.2339057Z CloudEvents: Reconnected. 1764055408.9080741
2025-11-25T07:46:58.2339502Z CloudEvents: Disconnected. Reconnecting ... 1764055409.1556933
2025-11-25T07:46:58.2339804Z CloudEvents: Reconnected. 1764055409.2558405
2025-11-25T07:46:58.2340096Z CloudEvents: Disconnected. Reconnecting ... 1764055409.4775066
2025-11-25T07:46:58.2340393Z CloudEvents: Reconnected. 1764055409.5776718
2025-11-25T07:46:58.2340688Z CloudEvents: Disconnected. Reconnecting ... 1764055577.8406806
2025-11-25T07:46:58.2340993Z CloudEvents: Reconnected. 1764055577.9408536
2025-11-25T07:46:58.2341283Z CloudEvents: Disconnected. Reconnecting ... 1764055578.191533
2025-11-25T07:46:58.2341583Z CloudEvents: Reconnected. 1764055578.291721
2025-11-25T07:46:58.2341886Z CloudEvents: Disconnected. Reconnecting ... 1764055859.320336
2025-11-25T07:46:58.2342184Z CloudEvents: Reconnected. 1764055859.4204962
2025-11-25T07:46:58.2342477Z CloudEvents: Disconnected. Reconnecting ... 1764055859.6725774
2025-11-25T07:46:58.2342780Z CloudEvents: Reconnected. 1764055859.7727497
2025-11-25T07:46:58.2343075Z CloudEvents: Disconnected. Reconnecting ... 1764055863.0724945
2025-11-25T07:46:58.2343377Z CloudEvents: Reconnected. 1764055863.1726885
2025-11-25T07:46:58.2343676Z CloudEvents: Disconnected. Reconnecting ... 1764056012.7483258
2025-11-25T07:46:58.2343973Z CloudEvents: Reconnected. 1764056012.8484983
2025-11-25T07:46:58.2344268Z CloudEvents: Disconnected. Reconnecting ... 1764056013.1151133
2025-11-25T07:46:58.2344567Z CloudEvents: Reconnected. 1764056013.2152846
2025-11-25T07:46:58.2344863Z CloudEvents: Disconnected. Reconnecting ... 1764056013.4760377
2025-11-25T07:46:58.2345168Z CloudEvents: Reconnected. 1764056013.5762327
2025-11-25T07:46:58.2345578Z CloudEvents: Disconnected. Reconnecting ... 1764056030.9227054
2025-11-25T07:46:58.2345880Z CloudEvents: Reconnected. 1764056031.0228956
2025-11-25T07:46:58.2346183Z CloudEvents: Disconnected. Reconnecting ... 1764056031.2624598
2025-11-25T07:46:58.2346703Z CloudEvents: Reconnected. 1764056031.3626268
2025-11-25T07:46:58.2347016Z CloudEvents: Disconnected. Reconnecting ... 1764056031.5993524
2025-11-25T07:46:58.2347320Z CloudEvents: Reconnected. 1764056031.6995482
2025-11-25T07:46:58.2347608Z CloudEvents: Disconnected. Reconnecting ... 1764056036.5782912
2025-11-25T07:46:58.2347907Z CloudEvents: Reconnected. 1764056036.6784594
2025-11-25T07:46:58.2348203Z CloudEvents: Disconnected. Reconnecting ... 1764056036.9095514
2025-11-25T07:46:58.2348497Z CloudEvents: Reconnected. 1764056037.009741
2025-11-25T07:46:58.2348792Z CloudEvents: Disconnected. Reconnecting ... 1764056071.0726795
2025-11-25T07:46:58.2349086Z CloudEvents: Reconnected. 1764056071.172851
2025-11-25T07:46:58.2349379Z CloudEvents: Disconnected. Reconnecting ... 1764056071.450871
2025-11-25T07:46:58.2349689Z CloudEvents: Reconnected. 1764056071.5510757
2025-11-25T07:46:58.2349978Z CloudEvents: Disconnected. Reconnecting ... 1764056402.9218454
2025-11-25T07:46:58.2350280Z CloudEvents: Reconnected. 1764056403.022011
2025-11-25T07:46:58.2350573Z CloudEvents: Disconnected. Reconnecting ... 1764056403.2694438
2025-11-25T07:46:58.2350873Z CloudEvents: Reconnected. 1764056403.3696115
2025-11-25T07:46:58.2351171Z CloudEvents: Disconnected. Reconnecting ... 1764056562.1776946
2025-11-25T07:46:58.2351474Z CloudEvents: Reconnected. 1764056562.2778435
2025-11-25T07:46:58.2351766Z CloudEvents: Disconnected. Reconnecting ... 1764056562.528594
2025-11-25T07:46:58.2352066Z CloudEvents: Reconnected. 1764056562.6287649
2025-11-25T07:46:58.2352359Z CloudEvents: Disconnected. Reconnecting ... 1764056562.9211273
2025-11-25T07:46:58.2352660Z CloudEvents: Reconnected. 1764056563.0212698
2025-11-25T07:46:58.2352952Z CloudEvents: Disconnected. Reconnecting ... 1764056671.941144
2025-11-25T07:46:58.2353252Z CloudEvents: Reconnected. 1764056672.0413215
2025-11-25T07:46:58.2353550Z CloudEvents: Disconnected. Reconnecting ... 1764056672.2941632
2025-11-25T07:46:58.2353853Z CloudEvents: Reconnected. 1764056672.3943338
2025-11-25T07:46:58.2354143Z CloudEvents: Disconnected. Reconnecting ... 1764056680.0163891
2025-11-25T07:46:58.2354571Z CloudEvents: Reconnected. 1764056680.116592
2025-11-25T07:46:58.2354877Z CloudEvents: Disconnected. Reconnecting ... 1764056680.3398345
2025-11-25T07:46:58.2355175Z CloudEvents: Reconnected. 1764056680.4400105
2025-11-25T07:46:58.2355470Z CloudEvents: Disconnected. Reconnecting ... 1764056680.660549
2025-11-25T07:46:58.2355769Z CloudEvents: Reconnected. 1764056680.7607164
2025-11-25T07:46:58.2356058Z CloudEvents: Disconnected. Reconnecting ... 1764056734.573962
2025-11-25T07:46:58.2356497Z CloudEvents: Reconnected. 1764056734.6741314
2025-11-25T07:46:58.2356872Z CloudEvents: Disconnected. Reconnecting ... 1764056734.9351883
2025-11-25T07:46:58.2357176Z CloudEvents: Reconnected. 1764056735.035359
2025-11-25T07:46:58.2357473Z CloudEvents: Disconnected. Reconnecting ... 1764056770.4039612
2025-11-25T07:46:58.2357768Z CloudEvents: Reconnected. 1764056770.5041456
2025-11-25T07:46:58.2358064Z CloudEvents: Disconnected. Reconnecting ... 1764056770.7401721
2025-11-25T07:46:58.2358370Z CloudEvents: Reconnected. 1764056770.8403409
2025-11-25T07:46:58.2358659Z CloudEvents: Disconnected. Reconnecting ... 1764056771.0778356
2025-11-25T07:46:58.2358957Z CloudEvents: Reconnected. 1764056771.1780121
2025-11-25T07:46:58.2359251Z CloudEvents: Disconnected. Reconnecting ... 1764056817.8018157
2025-11-25T07:46:58.2359548Z CloudEvents: Reconnected. 1764056817.9019709
2025-11-25T08:18:40.7443720Z CloudEvents: Disconnected. Reconnecting ... 1764056818.230568
2025-11-25T08:18:40.7445628Z CloudEvents: Reconnected. 1764056818.3307638
2025-11-25T08:18:40.7446767Z CloudEvents: Disconnected. Reconnecting ... 1764056830.6628952
2025-11-25T08:18:40.7447336Z CloudEvents: Reconnected. 1764056830.7630343
2025-11-25T08:18:40.7448095Z CloudEvents: Disconnected. Reconnecting ... 1764056830.9869092
2025-11-25T08:18:40.7448483Z CloudEvents: Reconnected. 1764056831.0870671
2025-11-25T08:18:40.7448859Z CloudEvents: Disconnected. Reconnecting ... 1764056836.0764272
2025-11-25T08:18:40.7449236Z CloudEvents: Reconnected. 1764056836.1765895
2025-11-25T08:18:40.7449620Z CloudEvents: Disconnected. Reconnecting ... 1764056836.4124684
2025-11-25T08:18:40.7449999Z CloudEvents: Reconnected. 1764056836.512634
2025-11-25T08:18:40.7450366Z CloudEvents: Disconnected. Reconnecting ... 1764056836.75354
2025-11-25T08:18:40.7450740Z CloudEvents: Reconnected. 1764056836.8536792
2025-11-25T08:18:40.7451112Z CloudEvents: Disconnected. Reconnecting ... 1764056945.7564576
2025-11-25T08:18:40.7451487Z CloudEvents: Reconnected. 1764056945.8566043
2025-11-25T08:18:40.7451856Z CloudEvents: Disconnected. Reconnecting ... 1764056946.0960972
2025-11-25T08:18:40.7452227Z CloudEvents: Reconnected. 1764056946.196254
2025-11-25T08:18:40.7452611Z CloudEvents: Disconnected. Reconnecting ... 1764057306.796905
2025-11-25T08:18:40.7452988Z CloudEvents: Reconnected. 1764057306.8970947
2025-11-25T08:18:40.7453354Z CloudEvents: Disconnected. Reconnecting ... 1764057307.1525362
2025-11-25T08:18:40.7453732Z CloudEvents: Reconnected. 1764057307.2527363
2025-11-25T08:18:40.7454105Z CloudEvents: Disconnected. Reconnecting ... 1764057307.4934583
2025-11-25T08:18:40.7454476Z CloudEvents: Reconnected. 1764057307.593635
2025-11-25T08:18:40.7454846Z CloudEvents: Disconnected. Reconnecting ... 1764057365.1865005
2025-11-25T08:18:40.7455222Z CloudEvents: Reconnected. 1764057365.2866628
2025-11-25T08:18:40.7455585Z CloudEvents: Disconnected. Reconnecting ... 1764057365.5211384
2025-11-25T08:18:40.7455961Z CloudEvents: Reconnected. 1764057365.6212642
2025-11-25T08:18:40.7456333Z CloudEvents: Disconnected. Reconnecting ... 1764057365.889443
2025-11-25T08:18:40.7456902Z CloudEvents: Reconnected. 1764057365.9896066
2025-11-25T08:18:40.7457279Z CloudEvents: Disconnected. Reconnecting ... 1764057646.3861072
2025-11-25T08:18:40.7457658Z CloudEvents: Reconnected. 1764057646.486281
2025-11-25T08:18:40.7457989Z CloudEvents: Disconnected. Reconnecting ... 1764057646.7574208
2025-11-25T08:18:40.7458289Z CloudEvents: Reconnected. 1764057646.857594
2025-11-25T08:18:40.7458740Z CloudEvents: Disconnected. Reconnecting ... 1764057647.0800498
2025-11-25T08:18:40.7459055Z CloudEvents: Reconnected. 1764057647.1802409
2025-11-25T08:18:40.7459369Z CloudEvents: Disconnected. Reconnecting ... 1764057676.9334064
2025-11-25T08:18:40.7459669Z CloudEvents: Reconnected. 1764057677.0335724
2025-11-25T08:18:40.7459963Z CloudEvents: Disconnected. Reconnecting ... 1764057677.2800207
2025-11-25T08:18:40.7460267Z CloudEvents: Reconnected. 1764057677.3801723
2025-11-25T08:18:40.7460556Z CloudEvents: Disconnected. Reconnecting ... 1764057761.9034655
2025-11-25T08:18:40.7460864Z CloudEvents: Reconnected. 1764057762.0036688
2025-11-25T08:18:40.7461159Z CloudEvents: Disconnected. Reconnecting ... 1764057955.3085299
2025-11-25T08:18:40.7461461Z CloudEvents: Reconnected. 1764057955.4087114
2025-11-25T08:18:40.7461767Z CloudEvents: Disconnected. Reconnecting ... 1764057955.6550794
2025-11-25T08:18:40.7462070Z CloudEvents: Reconnected. 1764057955.7552161
2025-11-25T08:18:40.7462365Z CloudEvents: Disconnected. Reconnecting ... 1764057964.4723938
2025-11-25T08:18:40.7462674Z CloudEvents: Reconnected. 1764057964.5725896
2025-11-25T08:18:40.7462964Z CloudEvents: Disconnected. Reconnecting ... 1764057964.8438997
2025-11-25T08:18:40.7463264Z CloudEvents: Reconnected. 1764057964.9440422
2025-11-25T08:18:40.7463560Z CloudEvents: Disconnected. Reconnecting ... 1764057965.1943367
2025-11-25T08:18:40.7463856Z CloudEvents: Reconnected. 1764057965.2945063
2025-11-25T08:18:40.7464151Z CloudEvents: Disconnected. Reconnecting ... 1764057982.4907563
2025-11-25T08:18:40.7464451Z CloudEvents: Reconnected. 1764057982.5909324
2025-11-25T08:18:40.7464743Z CloudEvents: Disconnected. Reconnecting ... 1764057982.8286133
2025-11-25T08:18:40.7465171Z CloudEvents: Reconnected. 1764057982.928781
2025-11-25T08:18:40.7465467Z CloudEvents: Disconnected. Reconnecting ... 1764057983.164322
2025-11-25T08:18:40.7465764Z CloudEvents: Reconnected. 1764057983.2644863
2025-11-25T08:18:40.7466059Z CloudEvents: Disconnected. Reconnecting ... 1764057986.2332137
2025-11-25T08:18:40.7466467Z CloudEvents: Reconnected. 1764057986.3333755
2025-11-25T08:18:40.7466770Z CloudEvents: Disconnected. Reconnecting ... 1764058000.5365846
2025-11-25T08:18:40.7467092Z CloudEvents: Reconnected. 1764058000.636748
2025-11-25T08:18:40.7467387Z CloudEvents: Disconnected. Reconnecting ... 1764058000.9015877
2025-11-25T08:18:40.7467688Z CloudEvents: Reconnected. 1764058001.0017724
2025-11-25T08:18:40.7467980Z CloudEvents: Disconnected. Reconnecting ... 1764058010.585247
2025-11-25T08:18:40.7468274Z CloudEvents: Reconnected. 1764058010.6853988
2025-11-25T08:18:40.7468569Z CloudEvents: Disconnected. Reconnecting ... 1764058010.9125292
2025-11-25T08:18:40.7468868Z CloudEvents: Reconnected. 1764058011.0126987
2025-11-25T08:18:40.7469161Z CloudEvents: Disconnected. Reconnecting ... 1764058011.2350953
2025-11-25T08:18:40.7469460Z CloudEvents: Reconnected. 1764058011.3352656
2025-11-25T08:18:40.7469752Z CloudEvents: Disconnected. Reconnecting ... 1764058019.003065
2025-11-25T08:18:40.7470046Z CloudEvents: Reconnected. 1764058019.103224
2025-11-25T08:18:40.7470342Z CloudEvents: Disconnected. Reconnecting ... 1764058019.3257585
2025-11-25T08:18:40.7470638Z CloudEvents: Reconnected. 1764058019.4259195
2025-11-25T08:18:40.7470934Z CloudEvents: Disconnected. Reconnecting ... 1764058019.6617622
2025-11-25T08:18:40.7471235Z CloudEvents: Reconnected. 1764058019.7619364
2025-11-25T08:18:40.7471523Z CloudEvents: Disconnected. Reconnecting ... 1764058162.273016
2025-11-25T08:18:40.7471826Z CloudEvents: Reconnected. 1764058162.373217
2025-11-25T08:18:40.7472116Z CloudEvents: Disconnected. Reconnecting ... 1764058162.6241257
2025-11-25T08:18:40.7472451Z CloudEvents: Reconnected. 1764058162.7242713
2025-11-25T08:18:40.7472751Z CloudEvents: Disconnected. Reconnecting ... 1764058167.7384229
2025-11-25T08:18:40.7473050Z CloudEvents: Reconnected. 1764058167.8386006
2025-11-25T08:18:40.7473337Z CloudEvents: Disconnected. Reconnecting ... 1764058168.0681446
2025-11-25T08:18:40.7473637Z CloudEvents: Reconnected. 1764058168.1683197
2025-11-25T08:18:40.7475530Z CloudEvents: Disconnected. Reconnecting ... 1764058168.3843412
2025-11-25T08:18:40.7475925Z CloudEvents: Reconnected. 1764058168.4845088
2025-11-25T08:18:40.7476240Z CloudEvents: Disconnected. Reconnecting ... 1764058207.77379
2025-11-25T08:18:40.7476680Z CloudEvents: Reconnected. 1764058207.8739688
2025-11-25T08:18:40.7476992Z CloudEvents: Disconnected. Reconnecting ... 1764058212.8293688
2025-11-25T08:18:40.7477314Z CloudEvents: Reconnected. 1764058212.929563
2025-11-25T08:18:40.7477613Z CloudEvents: Disconnected. Reconnecting ... 1764058213.157535
2025-11-25T08:18:40.7477927Z CloudEvents: Reconnected. 1764058213.2577083
2025-11-25T08:18:40.7478238Z CloudEvents: Disconnected. Reconnecting ... 1764058213.4818816
2025-11-25T08:18:40.7478539Z CloudEvents: Reconnected. 1764058213.5820308
2025-11-25T08:18:40.7478835Z CloudEvents: Disconnected. Reconnecting ... 1764058217.0146246
2025-11-25T08:18:40.7479136Z CloudEvents: Reconnected. 1764058217.1148577
2025-11-25T08:18:40.7479433Z CloudEvents: Disconnected. Reconnecting ... 1764058217.3409905
2025-11-25T08:18:40.7479736Z CloudEvents: Reconnected. 1764058217.4411802
2025-11-25T08:18:40.7480036Z CloudEvents: Disconnected. Reconnecting ... 1764058217.6605694
2025-11-25T08:18:40.7480334Z CloudEvents: Reconnected. 1764058217.7607398
2025-11-25T08:18:40.7480627Z CloudEvents: Disconnected. Reconnecting ... 1764058219.9076269
2025-11-25T08:18:40.7480920Z CloudEvents: Reconnected. 1764058220.0078657
2025-11-25T08:18:40.7481215Z CloudEvents: Disconnected. Reconnecting ... 1764058220.2353911
2025-11-25T08:18:40.7481515Z CloudEvents: Reconnected. 1764058220.3355746
2025-11-25T08:18:40.7481804Z CloudEvents: Disconnected. Reconnecting ... 1764058220.5700586
2025-11-25T08:18:40.7482399Z CloudEvents: Reconnected. 1764058220.6702251
2025-11-25T08:18:40.7482690Z CloudEvents: Disconnected. Reconnecting ... 1764058222.5374718
2025-11-25T08:18:40.7482984Z CloudEvents: Reconnected. 1764058222.6376295
2025-11-25T08:18:40.7483279Z CloudEvents: Disconnected. Reconnecting ... 1764058225.8775642
2025-11-25T08:18:40.7483585Z CloudEvents: Reconnected. 1764058225.9777422
2025-11-25T08:18:40.7483876Z CloudEvents: Disconnected. Reconnecting ... 1764058226.197834
2025-11-25T08:18:40.7484179Z CloudEvents: Reconnected. 1764058226.298028
2025-11-25T08:18:40.7484472Z CloudEvents: Disconnected. Reconnecting ... 1764058226.534004
2025-11-25T08:18:40.7484765Z CloudEvents: Reconnected. 1764058226.634174
2025-11-25T08:18:40.7485058Z CloudEvents: Disconnected. Reconnecting ... 1764058268.4889302
2025-11-25T08:18:40.7485357Z CloudEvents: Reconnected. 1764058268.5890977
2025-11-25T08:18:40.7485651Z CloudEvents: Disconnected. Reconnecting ... 1764058268.8167267
2025-11-25T08:18:40.7485957Z CloudEvents: Reconnected. 1764058268.9168851
2025-11-25T08:18:40.7486247Z CloudEvents: Disconnected. Reconnecting ... 1764058269.14039
2025-11-25T08:18:40.7486844Z CloudEvents: Reconnected. 1764058269.2405407
2025-11-25T08:18:40.7487148Z CloudEvents: Disconnected. Reconnecting ... 1764058271.0628448
2025-11-25T08:18:40.7487460Z CloudEvents: Reconnected. 1764058271.1630082
2025-11-25T08:18:40.7487756Z CloudEvents: Disconnected. Reconnecting ... 1764058271.4035008
2025-11-25T08:18:40.7488073Z CloudEvents: Reconnected. 1764058271.5036836
2025-11-25T08:18:40.7488361Z CloudEvents: Disconnected. Reconnecting ... 1764058271.7170892
2025-11-25T08:18:40.7488661Z CloudEvents: Reconnected. 1764058271.8172514
2025-11-25T08:18:40.7488954Z CloudEvents: Disconnected. Reconnecting ... 1764058373.0774703
2025-11-25T08:18:40.7489248Z CloudEvents: Reconnected. 1764058373.177662
2025-11-25T08:18:40.7489545Z CloudEvents: Disconnected. Reconnecting ... 1764058376.973357
2025-11-25T08:18:40.7489850Z CloudEvents: Reconnected. 1764058377.0735462
2025-11-25T08:18:40.7490145Z CloudEvents: Disconnected. Reconnecting ... 1764058377.3057704
2025-11-25T08:18:40.7490498Z CloudEvents: Reconnected. 1764058377.4059627
2025-11-25T08:18:40.7490798Z CloudEvents: Disconnected. Reconnecting ... 1764058377.6255689
2025-11-25T08:18:40.7491229Z CloudEvents: Reconnected. 1764058377.7257159
2025-11-25T08:18:40.7491524Z CloudEvents: Disconnected. Reconnecting ... 1764058698.7015002
2025-11-25T08:18:40.7491824Z CloudEvents: Reconnected. 1764058698.8017108
2025-11-25T08:18:40.7492120Z CloudEvents: Disconnected. Reconnecting ... 1764058699.070562
2025-11-25T08:18:40.7492412Z CloudEvents: Reconnected. 1764058699.1707182
2025-11-25T08:18:40.7492707Z CloudEvents: Disconnected. Reconnecting ... 1764058699.4549475
2025-11-25T08:18:40.7493004Z CloudEvents: Reconnected. 1764058699.5551138
2025-11-25T08:18:40.7493298Z CloudEvents: Disconnected. Reconnecting ... 1764058707.8456948
2025-11-25T08:18:40.7493598Z CloudEvents: Reconnected. 1764058707.9458804
2025-11-25T08:18:40.7493889Z CloudEvents: Disconnected. Reconnecting ... 1764058708.1833067
2025-11-25T08:18:40.7494192Z CloudEvents: Reconnected. 1764058708.2834687
2025-11-25T08:18:40.7494486Z CloudEvents: Disconnected. Reconnecting ... 1764058712.1177363
2025-11-25T08:18:40.7494781Z CloudEvents: Reconnected. 1764058712.2179167
2025-11-25T08:18:40.7495080Z CloudEvents: Disconnected. Reconnecting ... 1764058712.4616108
2025-11-25T08:18:40.7495381Z CloudEvents: Reconnected. 1764058712.561802
2025-11-25T08:18:40.7495667Z CloudEvents: Disconnected. Reconnecting ... 1764058717.440564
2025-11-25T08:18:40.7495968Z CloudEvents: Reconnected. 1764058717.5407057
2025-11-25T08:18:40.7496262Z CloudEvents: Disconnected. Reconnecting ... 1764058717.7963378
2025-11-25T08:18:40.7496696Z CloudEvents: Reconnected. 1764058717.8964698
2025-11-25T08:18:40.7497002Z CloudEvents: Disconnected. Reconnecting ... 1764058718.1424768
2025-11-25T08:18:40.7497303Z CloudEvents: Reconnected. 1764058718.242617
2025-11-25T08:52:27.5802873Z CloudEvents: Disconnected. Reconnecting ... 1764058720.7440908
2025-11-25T08:52:27.5803615Z CloudEvents: Reconnected. 1764058720.844325
2025-11-25T08:52:27.5804229Z CloudEvents: Disconnected. Reconnecting ... 1764058721.088807
2025-11-25T08:52:27.5804655Z CloudEvents: Reconnected. 1764058721.188993
2025-11-25T08:52:27.5805072Z CloudEvents: Disconnected. Reconnecting ... 1764058721.424073
2025-11-25T08:52:27.5805462Z CloudEvents: Reconnected. 1764058721.52425
2025-11-25T08:52:27.5805854Z CloudEvents: Disconnected. Reconnecting ... 1764058729.1641228
2025-11-25T08:52:27.5806256Z CloudEvents: Reconnected. 1764058729.2642765
2025-11-25T08:52:27.5806870Z CloudEvents: Disconnected. Reconnecting ... 1764058729.5049634
2025-11-25T08:52:27.5807264Z CloudEvents: Reconnected. 1764058729.6051369
2025-11-25T08:52:27.5807651Z CloudEvents: Disconnected. Reconnecting ... 1764058731.3616254
2025-11-25T08:52:27.5808041Z CloudEvents: Reconnected. 1764058731.4618351
2025-11-25T08:52:27.5808353Z CloudEvents: Disconnected. Reconnecting ... 1764058731.6848428
2025-11-25T08:52:27.5808674Z CloudEvents: Reconnected. 1764058731.7850044
2025-11-25T08:52:27.5808977Z CloudEvents: Disconnected. Reconnecting ... 1764058732.0353148
2025-11-25T08:52:27.5809287Z CloudEvents: Reconnected. 1764058732.1354682
2025-11-25T08:52:27.5809596Z CloudEvents: Disconnected. Reconnecting ... 1764058734.7594802
2025-11-25T08:52:27.5809904Z CloudEvents: Reconnected. 1764058734.8596988
2025-11-25T08:52:27.5810207Z CloudEvents: Disconnected. Reconnecting ... 1764058735.0734997
2025-11-25T08:52:27.5810513Z CloudEvents: Reconnected. 1764058735.1736996
2025-11-25T08:52:27.5810815Z CloudEvents: Disconnected. Reconnecting ... 1764058735.4128745
2025-11-25T08:52:27.5811125Z CloudEvents: Reconnected. 1764058735.513039
2025-11-25T08:52:27.5811421Z CloudEvents: Disconnected. Reconnecting ... 1764058740.9262764
2025-11-25T08:52:27.5811734Z CloudEvents: Reconnected. 1764058741.0264442
2025-11-25T08:52:27.5812037Z CloudEvents: Disconnected. Reconnecting ... 1764058741.28513
2025-11-25T08:52:27.5812354Z CloudEvents: Reconnected. 1764058741.3853188
2025-11-25T08:52:27.5812658Z CloudEvents: Disconnected. Reconnecting ... 1764058741.7016282
2025-11-25T08:52:27.5812971Z CloudEvents: Reconnected. 1764058741.801839
2025-11-25T08:52:27.5813266Z CloudEvents: Disconnected. Reconnecting ... 1764058746.6182444
2025-11-25T08:52:27.5813932Z CloudEvents: Reconnected. 1764058746.7184393
2025-11-25T08:52:27.5814246Z CloudEvents: Disconnected. Reconnecting ... 1764058746.932071
2025-11-25T08:52:27.5814555Z CloudEvents: Reconnected. 1764058747.0322065
2025-11-25T08:52:27.5815023Z CloudEvents: Disconnected. Reconnecting ... 1764058747.2533169
2025-11-25T08:52:27.5815504Z CloudEvents: Reconnected. 1764058747.3534985
2025-11-25T08:52:27.5816051Z CloudEvents: Disconnected. Reconnecting ... 1764058750.7994633
2025-11-25T08:52:27.5816777Z CloudEvents: Reconnected. 1764058750.899633
2025-11-25T08:52:27.5817327Z CloudEvents: Disconnected. Reconnecting ... 1764058751.1227918
2025-11-25T08:52:27.5817867Z CloudEvents: Reconnected. 1764058751.2229595
2025-11-25T08:52:27.5818400Z CloudEvents: Disconnected. Reconnecting ... 1764058751.4469829
2025-11-25T08:52:27.5818955Z CloudEvents: Reconnected. 1764058751.5471592
2025-11-25T08:52:27.5819587Z CloudEvents: Disconnected. Reconnecting ... 1764058755.3030226
2025-11-25T08:52:27.5820093Z CloudEvents: Reconnected. 1764058755.403223
2025-11-25T08:52:27.5820392Z CloudEvents: Disconnected. Reconnecting ... 1764058755.6382494
2025-11-25T08:52:27.5820690Z CloudEvents: Reconnected. 1764058755.7384088
2025-11-25T08:52:27.5820991Z CloudEvents: Disconnected. Reconnecting ... 1764058755.9692996
2025-11-25T08:52:27.5821296Z CloudEvents: Reconnected. 1764058756.0694213
2025-11-25T08:52:27.5821598Z CloudEvents: Disconnected. Reconnecting ... 1764058758.0187712
2025-11-25T08:52:27.5821912Z CloudEvents: Reconnected. 1764058758.1189454
2025-11-25T08:52:27.5822217Z CloudEvents: Disconnected. Reconnecting ... 1764058758.362258
2025-11-25T08:52:27.5822526Z CloudEvents: Reconnected. 1764058758.462421
2025-11-25T08:52:27.5823027Z CloudEvents: Disconnected. Reconnecting ... 1764058758.7113097
2025-11-25T08:52:27.5823332Z CloudEvents: Reconnected. 1764058758.8114765
2025-11-25T08:52:27.5823634Z CloudEvents: Disconnected. Reconnecting ... 1764058760.8975587
2025-11-25T08:52:27.5823937Z CloudEvents: Reconnected. 1764058760.9977195
2025-11-25T08:52:27.5824233Z CloudEvents: Disconnected. Reconnecting ... 1764058797.380769
2025-11-25T08:52:27.5824538Z CloudEvents: Reconnected. 1764058797.4809406
2025-11-25T08:52:27.5824834Z CloudEvents: Disconnected. Reconnecting ... 1764058797.7035615
2025-11-25T08:52:27.5825178Z CloudEvents: Reconnected. 1764058797.8036933
2025-11-25T08:52:27.5825473Z CloudEvents: Disconnected. Reconnecting ... 1764058798.0767167
2025-11-25T08:52:27.5825769Z CloudEvents: Reconnected. 1764058798.1768944
2025-11-25T08:52:27.5826062Z CloudEvents: Disconnected. Reconnecting ... 1764058838.6047282
2025-11-25T08:52:27.5826512Z CloudEvents: Reconnected. 1764058838.7049134
2025-11-25T08:52:27.5826823Z CloudEvents: Disconnected. Reconnecting ... 1764058838.9570425
2025-11-25T08:52:27.5827132Z CloudEvents: Reconnected. 1764058839.0571697
2025-11-25T08:52:27.5827427Z CloudEvents: Disconnected. Reconnecting ... 1764058967.592473
2025-11-25T08:52:27.5827729Z CloudEvents: Reconnected. 1764058967.6926243
2025-11-25T08:52:27.5828026Z CloudEvents: Disconnected. Reconnecting ... 1764058967.9196124
2025-11-25T08:52:27.5828342Z CloudEvents: Reconnected. 1764058968.0198164
2025-11-25T08:52:27.5828637Z CloudEvents: Disconnected. Reconnecting ... 1764059046.7585533
2025-11-25T08:52:27.5828940Z CloudEvents: Reconnected. 1764059046.8587055
2025-11-25T08:52:27.5829234Z CloudEvents: Disconnected. Reconnecting ... 1764059047.447518
2025-11-25T08:52:27.5829530Z CloudEvents: Reconnected. 1764059047.5477102
2025-11-25T08:52:27.5829823Z CloudEvents: Disconnected. Reconnecting ... 1764059057.0010304
2025-11-25T08:52:27.5830122Z CloudEvents: Reconnected. 1764059057.1011982
2025-11-25T08:52:27.5830420Z CloudEvents: Disconnected. Reconnecting ... 1764059082.0770721
2025-11-25T08:52:27.5830724Z CloudEvents: Reconnected. 1764059082.17726
2025-11-25T08:52:27.5831016Z CloudEvents: Disconnected. Reconnecting ... 1764059082.4270692
2025-11-25T08:52:27.5831322Z CloudEvents: Reconnected. 1764059082.5272315
2025-11-25T08:52:27.5831743Z CloudEvents: Disconnected. Reconnecting ... 1764059176.2554243
2025-11-25T08:52:27.5832049Z CloudEvents: Reconnected. 1764059176.355604
2025-11-25T08:52:27.5832348Z CloudEvents: Disconnected. Reconnecting ... 1764059176.5812857
2025-11-25T08:52:27.5832650Z CloudEvents: Reconnected. 1764059176.6814406
2025-11-25T08:52:27.5832940Z CloudEvents: Disconnected. Reconnecting ... 1764059212.8608816
2025-11-25T08:52:27.5833239Z CloudEvents: Reconnected. 1764059212.9610453
2025-11-25T08:52:27.5833533Z CloudEvents: Disconnected. Reconnecting ... 1764059213.2236063
2025-11-25T08:52:27.5833828Z CloudEvents: Reconnected. 1764059213.3237712
2025-11-25T08:52:27.5834122Z CloudEvents: Disconnected. Reconnecting ... 1764059392.408596
2025-11-25T08:52:27.5834424Z CloudEvents: Reconnected. 1764059392.5087757
2025-11-25T08:52:27.5834718Z CloudEvents: Disconnected. Reconnecting ... 1764059392.790157
2025-11-25T08:52:27.5835019Z CloudEvents: Reconnected. 1764059392.890325
2025-11-25T08:52:27.5835310Z CloudEvents: Disconnected. Reconnecting ... 1764059393.1368182
2025-11-25T08:52:27.5835615Z CloudEvents: Reconnected. 1764059393.236983
2025-11-25T08:52:27.5835910Z CloudEvents: Disconnected. Reconnecting ... 1764059395.5987475
2025-11-25T08:52:27.5836205Z CloudEvents: Reconnected. 1764059395.698896
2025-11-25T08:52:27.5836619Z CloudEvents: Disconnected. Reconnecting ... 1764059395.9279037
2025-11-25T08:52:27.5836925Z CloudEvents: Reconnected. 1764059396.0280263
2025-11-25T08:52:27.5837215Z CloudEvents: Disconnected. Reconnecting ... 1764059400.6024344
2025-11-25T08:52:27.5837518Z CloudEvents: Reconnected. 1764059400.7026014
2025-11-25T08:52:27.5837817Z CloudEvents: Disconnected. Reconnecting ... 1764059400.9305775
2025-11-25T08:52:27.5838237Z CloudEvents: Reconnected. 1764059401.0307431
2025-11-25T08:52:27.5838542Z CloudEvents: Disconnected. Reconnecting ... 1764059564.6897159
2025-11-25T08:52:27.5838844Z CloudEvents: Reconnected. 1764059564.789884
2025-11-25T08:52:27.5839132Z CloudEvents: Disconnected. Reconnecting ... 1764059565.0559328
2025-11-25T08:52:27.5839438Z CloudEvents: Reconnected. 1764059565.156113
2025-11-25T08:52:27.5839723Z CloudEvents: Disconnected. Reconnecting ... 1764059565.3824494
2025-11-25T08:52:27.5840022Z CloudEvents: Reconnected. 1764059565.482588
2025-11-25T08:52:27.5840319Z CloudEvents: Disconnected. Reconnecting ... 1764059591.4053857
2025-11-25T08:52:27.5840616Z CloudEvents: Reconnected. 1764059591.5055468
2025-11-25T08:52:27.5840910Z CloudEvents: Disconnected. Reconnecting ... 1764059591.751608
2025-11-25T08:52:27.5841213Z CloudEvents: Reconnected. 1764059591.8517575
2025-11-25T08:52:27.5841503Z CloudEvents: Disconnected. Reconnecting ... 1764059592.1192524
2025-11-25T08:52:27.5841811Z CloudEvents: Reconnected. 1764059592.219413
2025-11-25T08:52:27.5842113Z CloudEvents: Disconnected. Reconnecting ... 1764059637.7982707
2025-11-25T08:52:27.5842410Z CloudEvents: Reconnected. 1764059637.89844
2025-11-25T08:52:27.5842704Z CloudEvents: Disconnected. Reconnecting ... 1764059638.144437
2025-11-25T08:52:27.5843010Z CloudEvents: Reconnected. 1764059638.2446027
2025-11-25T08:52:27.5843311Z CloudEvents: Disconnected. Reconnecting ... 1764059658.4063618
2025-11-25T08:52:27.5843615Z CloudEvents: Reconnected. 1764059658.5065327
2025-11-25T08:52:27.5843906Z CloudEvents: Disconnected. Reconnecting ... 1764059658.7418735
2025-11-25T08:52:27.5844207Z CloudEvents: Reconnected. 1764059658.842047
2025-11-25T08:52:27.5844500Z CloudEvents: Disconnected. Reconnecting ... 1764059659.1066775
2025-11-25T08:52:27.5844799Z CloudEvents: Reconnected. 1764059659.2068639
2025-11-25T08:52:27.5845097Z CloudEvents: Disconnected. Reconnecting ... 1764059664.1485448
2025-11-25T08:52:27.5845398Z CloudEvents: Reconnected. 1764059664.248744
2025-11-25T08:52:27.5845692Z CloudEvents: Disconnected. Reconnecting ... 1764059669.9199352
2025-11-25T08:52:27.5845993Z CloudEvents: Reconnected. 1764059670.0201032
2025-11-25T08:52:27.5846292Z CloudEvents: Disconnected. Reconnecting ... 1764059670.2417111
2025-11-25T08:52:27.5846706Z CloudEvents: Reconnected. 1764059670.341905
2025-11-25T08:52:27.5847111Z CloudEvents: Disconnected. Reconnecting ... 1764059693.7385705
2025-11-25T08:52:27.5847418Z CloudEvents: Reconnected. 1764059693.8387182
2025-11-25T08:52:27.5847707Z CloudEvents: Disconnected. Reconnecting ... 1764059702.1414895
2025-11-25T08:52:27.5848007Z CloudEvents: Reconnected. 1764059702.241699
2025-11-25T08:52:27.5848291Z CloudEvents: Disconnected. Reconnecting ... 1764059702.5744126
2025-11-25T08:52:27.5848604Z CloudEvents: Reconnected. 1764059702.6745923
2025-11-25T08:52:27.5848895Z CloudEvents: Disconnected. Reconnecting ... 1764059746.844446
2025-11-25T08:52:27.5849203Z CloudEvents: Reconnected. 1764059746.944625
2025-11-25T08:52:27.5849502Z CloudEvents: Disconnected. Reconnecting ... 1764059747.16761
2025-11-25T08:52:27.5849802Z CloudEvents: Reconnected. 1764059747.2677746
2025-11-25T08:52:27.5850094Z CloudEvents: Disconnected. Reconnecting ... 1764059747.5079153
2025-11-25T08:52:27.5850397Z CloudEvents: Reconnected. 1764059747.6081092
2025-11-25T08:52:27.5850697Z CloudEvents: Disconnected. Reconnecting ... 1764060094.112491
2025-11-25T08:52:27.5850993Z CloudEvents: Reconnected. 1764060094.2127252
2025-11-25T08:52:27.5851287Z CloudEvents: Disconnected. Reconnecting ... 1764060152.8270326
2025-11-25T08:52:27.5851589Z CloudEvents: Reconnected. 1764060152.9271953
2025-11-25T08:52:27.5851880Z CloudEvents: Disconnected. Reconnecting ... 1764060203.5099475
2025-11-25T08:52:27.5852180Z CloudEvents: Reconnected. 1764060203.6101308
2025-11-25T08:52:27.5852470Z CloudEvents: Disconnected. Reconnecting ... 1764060222.7321923
2025-11-25T08:52:27.5852769Z CloudEvents: Reconnected. 1764060222.832384
2025-11-25T08:52:27.5853060Z CloudEvents: Disconnected. Reconnecting ... 1764060582.296614
2025-11-25T08:52:27.5853474Z CloudEvents: Reconnected. 1764060582.3968136
2025-11-25T08:52:27.5853771Z CloudEvents: Disconnected. Reconnecting ... 1764060747.1137989
2025-11-25T08:52:27.5854073Z CloudEvents: Reconnected. 1764060747.2139385
2025-11-25T08:52:27.5854364Z CloudEvents: Disconnected. Reconnecting ... 1764060747.4798913
2025-11-25T09:25:07.3552134Z CloudEvents: Reconnected. 1764060747.5800405
2025-11-25T09:25:07.3552812Z CloudEvents: Disconnected. Reconnecting ... 1764060770.4992778
2025-11-25T09:25:07.3553257Z CloudEvents: Reconnected. 1764060770.5994565
2025-11-25T09:25:07.3553600Z CloudEvents: Disconnected. Reconnecting ... 1764060770.8633342
2025-11-25T09:25:07.3553938Z CloudEvents: Reconnected. 1764060770.9634871
2025-11-25T09:25:07.3554261Z CloudEvents: Disconnected. Reconnecting ... 1764060771.1849215
2025-11-25T09:25:07.3554596Z CloudEvents: Reconnected. 1764060771.2850583
2025-11-25T09:25:07.3554918Z CloudEvents: Disconnected. Reconnecting ... 1764060786.5347316
2025-11-25T09:25:07.3555269Z CloudEvents: Reconnected. 1764060786.6349256
2025-11-25T09:25:07.3555608Z CloudEvents: Disconnected. Reconnecting ... 1764060786.8551052
2025-11-25T09:25:07.3555939Z CloudEvents: Reconnected. 1764060786.9552839
2025-11-25T09:25:07.3556266Z CloudEvents: Disconnected. Reconnecting ... 1764060787.1774185
2025-11-25T09:25:07.3556942Z CloudEvents: Reconnected. 1764060787.2776184
2025-11-25T09:25:07.3557270Z CloudEvents: Disconnected. Reconnecting ... 1764060879.717967
2025-11-25T09:25:07.3557605Z CloudEvents: Reconnected. 1764060879.8181236
2025-11-25T09:25:07.3557925Z CloudEvents: Disconnected. Reconnecting ... 1764060880.087722
2025-11-25T09:25:07.3558248Z CloudEvents: Reconnected. 1764060880.1878932
2025-11-25T09:25:07.3558573Z CloudEvents: Disconnected. Reconnecting ... 1764060880.4621649
2025-11-25T09:25:07.3558902Z CloudEvents: Reconnected. 1764060880.5623226
2025-11-25T09:25:07.3559222Z CloudEvents: Disconnected. Reconnecting ... 1764061197.9566095
2025-11-25T09:25:07.3559567Z CloudEvents: Reconnected. 1764061198.056775
2025-11-25T09:25:07.3559885Z CloudEvents: Disconnected. Reconnecting ... 1764061201.353112
2025-11-25T09:25:07.3560207Z CloudEvents: Reconnected. 1764061201.4532552
2025-11-25T09:25:07.3560507Z CloudEvents: Disconnected. Reconnecting ... 1764061206.0817971
2025-11-25T09:25:07.3561208Z CloudEvents: Reconnected. 1764061206.1819558
2025-11-25T09:25:07.3561520Z CloudEvents: Disconnected. Reconnecting ... 1764061206.4789689
2025-11-25T09:25:07.3561827Z CloudEvents: Reconnected. 1764061206.579133
2025-11-25T09:25:07.3562127Z CloudEvents: Disconnected. Reconnecting ... 1764061303.673835
2025-11-25T09:25:07.3562433Z CloudEvents: Reconnected. 1764061303.7740107
2025-11-25T09:25:07.3562730Z CloudEvents: Disconnected. Reconnecting ... 1764061304.0051157
2025-11-25T09:25:07.3563034Z CloudEvents: Reconnected. 1764061304.1052902
2025-11-25T09:25:07.3563334Z CloudEvents: Disconnected. Reconnecting ... 1764061304.3533235
2025-11-25T09:25:07.3563638Z CloudEvents: Reconnected. 1764061304.4534886
2025-11-25T09:25:07.3563936Z CloudEvents: Disconnected. Reconnecting ... 1764061386.6587696
2025-11-25T09:25:07.3564238Z CloudEvents: Reconnected. 1764061386.7589407
2025-11-25T09:25:07.3564528Z CloudEvents: Disconnected. Reconnecting ... 1764061387.0100014
2025-11-25T09:25:07.3564831Z CloudEvents: Reconnected. 1764061387.1101797
2025-11-25T09:25:07.3565135Z CloudEvents: Disconnected. Reconnecting ... 1764061387.3688478
2025-11-25T09:25:07.3565434Z CloudEvents: Reconnected. 1764061387.4690194
2025-11-25T09:25:07.3565728Z CloudEvents: Disconnected. Reconnecting ... 1764061476.1427948
2025-11-25T09:25:07.3566031Z CloudEvents: Reconnected. 1764061476.2429552
2025-11-25T09:25:07.3566322Z CloudEvents: Disconnected. Reconnecting ... 1764061476.4941525
2025-11-25T09:25:07.3566834Z CloudEvents: Reconnected. 1764061476.594325
2025-11-25T09:25:07.3567128Z CloudEvents: Disconnected. Reconnecting ... 1764061476.838942
2025-11-25T09:25:07.3567427Z CloudEvents: Reconnected. 1764061476.9391096
2025-11-25T09:25:07.3567873Z CloudEvents: Disconnected. Reconnecting ... 1764061493.7149262
2025-11-25T09:25:07.3568175Z CloudEvents: Reconnected. 1764061493.8151007
2025-11-25T09:25:07.3568467Z CloudEvents: Disconnected. Reconnecting ... 1764061543.6679418
2025-11-25T09:25:07.3568768Z CloudEvents: Reconnected. 1764061543.768112
2025-11-25T09:25:07.3569072Z CloudEvents: Disconnected. Reconnecting ... 1764061544.0133162
2025-11-25T09:25:07.3569385Z CloudEvents: Reconnected. 1764061544.1134942
2025-11-25T09:25:07.3569692Z CloudEvents: Disconnected. Reconnecting ... 1764061544.342843
2025-11-25T09:25:07.3569999Z CloudEvents: Reconnected. 1764061544.4429946
2025-11-25T09:25:07.3570307Z CloudEvents: Disconnected. Reconnecting ... 1764061546.8683534
2025-11-25T09:25:07.3570619Z CloudEvents: Reconnected. 1764061546.9685204
2025-11-25T09:25:07.3570915Z CloudEvents: Disconnected. Reconnecting ... 1764061547.2316334
2025-11-25T09:25:07.3571224Z CloudEvents: Reconnected. 1764061547.331833
2025-11-25T09:25:07.3571522Z CloudEvents: Disconnected. Reconnecting ... 1764061605.8863506
2025-11-25T09:25:07.3571828Z CloudEvents: Reconnected. 1764061605.9865174
2025-11-25T09:25:07.3572125Z CloudEvents: Disconnected. Reconnecting ... 1764061606.2374253
2025-11-25T09:25:07.3572431Z CloudEvents: Reconnected. 1764061606.3375633
2025-11-25T09:25:07.3572726Z CloudEvents: Disconnected. Reconnecting ... 1764061606.5769913
2025-11-25T09:25:07.3573028Z CloudEvents: Reconnected. 1764061606.677164
2025-11-25T09:25:07.3573319Z CloudEvents: Disconnected. Reconnecting ... 1764061635.8681507
2025-11-25T09:25:07.3573623Z CloudEvents: Reconnected. 1764061635.9683313
2025-11-25T09:25:07.3573917Z CloudEvents: Disconnected. Reconnecting ... 1764061636.2042177
2025-11-25T09:25:07.3574215Z CloudEvents: Reconnected. 1764061636.3043897
2025-11-25T09:25:07.3574515Z CloudEvents: Disconnected. Reconnecting ... 1764061640.5590622
2025-11-25T09:25:07.3574818Z CloudEvents: Reconnected. 1764061640.6592135
2025-11-25T09:25:07.3575106Z CloudEvents: Disconnected. Reconnecting ... 1764061640.8949568
2025-11-25T09:25:07.3575417Z CloudEvents: Reconnected. 1764061640.9950976
2025-11-25T09:25:07.3575710Z CloudEvents: Disconnected. Reconnecting ... 1764061641.217739
2025-11-25T09:25:07.3576012Z CloudEvents: Reconnected. 1764061641.3178868
2025-11-25T09:25:07.3576306Z CloudEvents: Disconnected. Reconnecting ... 1764061671.9790864
2025-11-25T09:25:07.3576904Z CloudEvents: Reconnected. 1764061672.0792322
2025-11-25T09:25:07.3577203Z CloudEvents: Disconnected. Reconnecting ... 1764061672.319399
2025-11-25T09:25:07.3577507Z CloudEvents: Reconnected. 1764061672.4195251
2025-11-25T09:25:07.3577800Z CloudEvents: Disconnected. Reconnecting ... 1764061672.6739774
2025-11-25T09:25:07.3578102Z CloudEvents: Reconnected. 1764061672.774141
2025-11-25T09:25:07.3578395Z CloudEvents: Disconnected. Reconnecting ... 1764061719.5317507
2025-11-25T09:25:07.3578694Z CloudEvents: Reconnected. 1764061719.631944
2025-11-25T09:25:07.3578998Z CloudEvents: Disconnected. Reconnecting ... 1764061719.8891644
2025-11-25T09:25:07.3579315Z CloudEvents: Reconnected. 1764061719.9893322
2025-11-25T09:25:07.3579605Z CloudEvents: Disconnected. Reconnecting ... 1764061720.2187347
2025-11-25T09:25:07.3579909Z CloudEvents: Reconnected. 1764061720.3189163
2025-11-25T09:25:07.3580205Z CloudEvents: Disconnected. Reconnecting ... 1764061754.1063085
2025-11-25T09:25:07.3580506Z CloudEvents: Reconnected. 1764061754.2064745
2025-11-25T09:25:07.3580801Z CloudEvents: Disconnected. Reconnecting ... 1764061754.442505
2025-11-25T09:25:07.3581100Z CloudEvents: Reconnected. 1764061754.5426867
2025-11-25T09:25:07.3581390Z CloudEvents: Disconnected. Reconnecting ... 1764061875.4478574
2025-11-25T09:25:07.3581693Z CloudEvents: Reconnected. 1764061875.5480506
2025-11-25T09:25:07.3581984Z CloudEvents: Disconnected. Reconnecting ... 1764061875.7764757
2025-11-25T09:25:07.3582287Z CloudEvents: Reconnected. 1764061875.8766332
2025-11-25T09:25:07.3582584Z CloudEvents: Disconnected. Reconnecting ... 1764061918.2247903
2025-11-25T09:25:07.3582883Z CloudEvents: Reconnected. 1764061918.3249912
2025-11-25T09:25:07.3583299Z CloudEvents: Disconnected. Reconnecting ... 1764061918.5480828
2025-11-25T09:25:07.3583603Z CloudEvents: Reconnected. 1764061918.648269
2025-11-25T09:25:07.3583892Z CloudEvents: Disconnected. Reconnecting ... 1764061987.5745256
2025-11-25T09:25:07.3584198Z CloudEvents: Reconnected. 1764061987.67471
2025-11-25T09:25:07.3584498Z CloudEvents: Disconnected. Reconnecting ... 1764061987.9540124
2025-11-25T09:25:07.3584796Z CloudEvents: Reconnected. 1764061988.054206
2025-11-25T09:25:07.3585092Z CloudEvents: Disconnected. Reconnecting ... 1764062055.0055454
2025-11-25T09:25:07.3585410Z CloudEvents: Reconnected. 1764062055.1057014
2025-11-25T09:25:07.3585705Z CloudEvents: Disconnected. Reconnecting ... 1764062055.3770547
2025-11-25T09:25:07.3586008Z CloudEvents: Reconnected. 1764062055.4772513
2025-11-25T09:25:07.3586307Z CloudEvents: Disconnected. Reconnecting ... 1764062062.8901825
2025-11-25T09:25:07.3586778Z CloudEvents: Reconnected. 1764062062.9903657
2025-11-25T09:25:07.3587077Z CloudEvents: Disconnected. Reconnecting ... 1764062063.224372
2025-11-25T09:25:07.3587374Z CloudEvents: Reconnected. 1764062063.324551
2025-11-25T09:25:07.3587661Z CloudEvents: Disconnected. Reconnecting ... 1764062063.5735078
2025-11-25T09:25:07.3587960Z CloudEvents: Reconnected. 1764062063.673716
2025-11-25T09:25:07.3588261Z CloudEvents: Disconnected. Reconnecting ... 1764062089.3930514
2025-11-25T09:25:07.3588558Z CloudEvents: Reconnected. 1764062089.4932194
2025-11-25T09:25:07.3588857Z CloudEvents: Disconnected. Reconnecting ... 1764062089.7453072
2025-11-25T09:25:07.3589162Z CloudEvents: Reconnected. 1764062089.8454974
2025-11-25T09:25:07.3589451Z CloudEvents: Disconnected. Reconnecting ... 1764062118.893735
2025-11-25T09:25:07.3589751Z CloudEvents: Reconnected. 1764062118.993927
2025-11-25T09:25:07.3590042Z CloudEvents: Disconnected. Reconnecting ... 1764062119.2433786
2025-11-25T09:25:07.3590339Z CloudEvents: Reconnected. 1764062119.3435154
2025-11-25T09:25:07.3590630Z CloudEvents: Disconnected. Reconnecting ... 1764062119.598198
2025-11-25T09:25:07.3590929Z CloudEvents: Reconnected. 1764062119.698367
2025-11-25T09:25:07.3591221Z CloudEvents: Disconnected. Reconnecting ... 1764062256.8560622
2025-11-25T09:25:07.3591532Z CloudEvents: Reconnected. 1764062256.9562414
2025-11-25T09:25:07.3591941Z CloudEvents: Disconnected. Reconnecting ... 1764062257.1819038
2025-11-25T09:25:07.3592251Z CloudEvents: Reconnected. 1764062257.2820606
2025-11-25T09:25:07.3592548Z CloudEvents: Disconnected. Reconnecting ... 1764062262.2357106
2025-11-25T09:25:07.3592846Z CloudEvents: Reconnected. 1764062262.3359122
2025-11-25T09:25:07.3593140Z CloudEvents: Disconnected. Reconnecting ... 1764062262.5971003
2025-11-25T09:25:07.3593438Z CloudEvents: Reconnected. 1764062262.6972928
2025-11-25T09:25:07.3593727Z CloudEvents: Disconnected. Reconnecting ... 1764062262.9156125
2025-11-25T09:25:07.3594031Z CloudEvents: Reconnected. 1764062263.0157883
2025-11-25T09:25:07.3594323Z CloudEvents: Disconnected. Reconnecting ... 1764062266.247153
2025-11-25T09:25:07.3594626Z CloudEvents: Reconnected. 1764062266.347324
2025-11-25T09:25:07.3594991Z CloudEvents: Disconnected. Reconnecting ... 1764062266.5923367
2025-11-25T09:25:07.3595290Z CloudEvents: Reconnected. 1764062266.6924925
2025-11-25T09:25:07.3595587Z CloudEvents: Disconnected. Reconnecting ... 1764062266.9280872
2025-11-25T09:25:07.3595901Z CloudEvents: Reconnected. 1764062267.0282536
2025-11-25T09:25:07.3596189Z CloudEvents: Disconnected. Reconnecting ... 1764062286.0649953
2025-11-25T09:25:07.3596756Z CloudEvents: Reconnected. 1764062286.1651578
2025-11-25T09:25:07.3597069Z CloudEvents: Disconnected. Reconnecting ... 1764062307.4065704
2025-11-25T09:25:07.3597374Z CloudEvents: Reconnected. 1764062307.5067582
2025-11-25T09:25:07.3597672Z CloudEvents: Disconnected. Reconnecting ... 1764062493.1899467
2025-11-25T09:25:07.3597974Z CloudEvents: Reconnected. 1764062493.2901154
2025-11-25T09:25:07.3598263Z CloudEvents: Disconnected. Reconnecting ... 1764062493.5534143
2025-11-25T09:25:07.3600748Z CloudEvents: Reconnected. 1764062493.6535645
2025-11-25T09:25:07.3601078Z CloudEvents: Disconnected. Reconnecting ... 1764062493.8775854
2025-11-25T09:25:07.3601401Z CloudEvents: Reconnected. 1764062493.977728
2025-11-25T09:25:07.3601709Z CloudEvents: Disconnected. Reconnecting ... 1764062548.6301932
2025-11-25T09:25:07.3602022Z CloudEvents: Reconnected. 1764062548.730359
2025-11-25T09:25:07.3602322Z CloudEvents: Disconnected. Reconnecting ... 1764062548.9779637
2025-11-25T09:25:07.3602631Z CloudEvents: Reconnected. 1764062549.0781074
2025-11-25T09:25:07.3602934Z CloudEvents: Disconnected. Reconnecting ... 1764062707.0094192
2025-11-25T09:25:07.3603264Z CloudEvents: Reconnected. 1764062707.1096146
2025-11-25T10:09:31.2252264Z CloudEvents: Disconnected. Reconnecting ... 1764062707.3549528
2025-11-25T10:09:31.2252955Z CloudEvents: Reconnected. 1764062707.4551775
2025-11-25T10:09:31.2253414Z CloudEvents: Disconnected. Reconnecting ... 1764062707.712566
2025-11-25T10:09:31.2253907Z CloudEvents: Reconnected. 1764062707.8127234
2025-11-25T10:09:31.2254347Z CloudEvents: Disconnected. Reconnecting ... 1764062712.6361217
2025-11-25T10:09:31.2254785Z CloudEvents: Reconnected. 1764062712.736284
2025-11-25T10:09:31.2255216Z CloudEvents: Disconnected. Reconnecting ... 1764062712.966032
2025-11-25T10:09:31.2255649Z CloudEvents: Reconnected. 1764062713.066233
2025-11-25T10:09:31.2256082Z CloudEvents: Disconnected. Reconnecting ... 1764062713.3010461
2025-11-25T10:09:31.2256748Z CloudEvents: Reconnected. 1764062713.4012322
2025-11-25T10:09:31.2257179Z CloudEvents: Disconnected. Reconnecting ... 1764062760.2426946
2025-11-25T10:09:31.2257614Z CloudEvents: Reconnected. 1764062760.342889
2025-11-25T10:09:31.2258040Z CloudEvents: Disconnected. Reconnecting ... 1764062773.6309004
2025-11-25T10:09:31.2258474Z CloudEvents: Reconnected. 1764062773.7310655
2025-11-25T10:09:31.2258910Z CloudEvents: Disconnected. Reconnecting ... 1764062809.6379786
2025-11-25T10:09:31.2259360Z CloudEvents: Reconnected. 1764062809.7381625
2025-11-25T10:09:31.2259737Z CloudEvents: Disconnected. Reconnecting ... 1764062809.9907718
2025-11-25T10:09:31.2260092Z CloudEvents: Reconnected. 1764062810.0909307
2025-11-25T10:09:31.2260436Z CloudEvents: Disconnected. Reconnecting ... 1764062887.332534
2025-11-25T10:09:31.2260785Z CloudEvents: Reconnected. 1764062887.4327047
2025-11-25T10:09:31.2261572Z CloudEvents: Disconnected. Reconnecting ... 1764062887.6829367
2025-11-25T10:09:31.2261938Z CloudEvents: Reconnected. 1764062887.7830935
2025-11-25T10:09:31.2262277Z CloudEvents: Disconnected. Reconnecting ... 1764062925.5030847
2025-11-25T10:09:31.2262631Z CloudEvents: Reconnected. 1764062925.6032643
2025-11-25T10:09:31.2262974Z CloudEvents: Disconnected. Reconnecting ... 1764062925.841937
2025-11-25T10:09:31.2263317Z CloudEvents: Reconnected. 1764062925.9421244
2025-11-25T10:09:31.2263659Z CloudEvents: Disconnected. Reconnecting ... 1764063219.9668477
2025-11-25T10:09:31.2264006Z CloudEvents: Reconnected. 1764063220.0670438
2025-11-25T10:09:31.2264356Z CloudEvents: Disconnected. Reconnecting ... 1764063225.390956
2025-11-25T10:09:31.2264709Z CloudEvents: Reconnected. 1764063225.4911304
2025-11-25T10:09:31.2265046Z CloudEvents: Disconnected. Reconnecting ... 1764063225.749913
2025-11-25T10:09:31.2265395Z CloudEvents: Reconnected. 1764063225.8500524
2025-11-25T10:09:31.2265740Z CloudEvents: Disconnected. Reconnecting ... 1764063226.0920417
2025-11-25T10:09:31.2266091Z CloudEvents: Reconnected. 1764063226.1921823
2025-11-25T10:09:31.2266574Z CloudEvents: Disconnected. Reconnecting ... 1764063369.4962375
2025-11-25T10:09:31.2266933Z CloudEvents: Reconnected. 1764063369.5964096
2025-11-25T10:09:31.2267279Z CloudEvents: Disconnected. Reconnecting ... 1764063369.8473594
2025-11-25T10:09:31.2267628Z CloudEvents: Reconnected. 1764063369.9475298
2025-11-25T10:09:31.2267975Z CloudEvents: Disconnected. Reconnecting ... 1764063504.5059645
2025-11-25T10:09:31.2268321Z CloudEvents: Reconnected. 1764063504.6061106
2025-11-25T10:09:31.2268665Z CloudEvents: Disconnected. Reconnecting ... 1764063504.8587234
2025-11-25T10:09:31.2269169Z CloudEvents: Reconnected. 1764063504.958884
2025-11-25T10:09:31.2269508Z CloudEvents: Disconnected. Reconnecting ... 1764063505.2063441
2025-11-25T10:09:31.2269861Z CloudEvents: Reconnected. 1764063505.3065193
2025-11-25T10:09:31.2270212Z CloudEvents: Disconnected. Reconnecting ... 1764063538.5486343
2025-11-25T10:09:31.2270564Z CloudEvents: Reconnected. 1764063538.648853
2025-11-25T10:09:31.2270904Z CloudEvents: Disconnected. Reconnecting ... 1764063538.8808935
2025-11-25T10:09:31.2271253Z CloudEvents: Reconnected. 1764063538.9810252
2025-11-25T10:09:31.2271590Z CloudEvents: Disconnected. Reconnecting ... 1764063539.2369292
2025-11-25T10:09:31.2271941Z CloudEvents: Reconnected. 1764063539.3371089
2025-11-25T10:09:31.2272281Z CloudEvents: Disconnected. Reconnecting ... 1764063544.8290594
2025-11-25T10:09:31.2272625Z CloudEvents: Reconnected. 1764063544.9292285
2025-11-25T10:09:31.2272966Z CloudEvents: Disconnected. Reconnecting ... 1764063545.1653433
2025-11-25T10:09:31.2273321Z CloudEvents: Reconnected. 1764063545.2655184
2025-11-25T10:09:31.2273658Z CloudEvents: Disconnected. Reconnecting ... 1764063554.4215837
2025-11-25T10:09:31.2274008Z CloudEvents: Reconnected. 1764063554.5217378
2025-11-25T10:09:31.2274343Z CloudEvents: Disconnected. Reconnecting ... 1764063554.746398
2025-11-25T10:09:31.2274695Z CloudEvents: Reconnected. 1764063554.8465288
2025-11-25T10:09:31.2275037Z CloudEvents: Disconnected. Reconnecting ... 1764063591.4503834
2025-11-25T10:09:31.2275385Z CloudEvents: Reconnected. 1764063591.5505586
2025-11-25T10:09:31.2275734Z CloudEvents: Disconnected. Reconnecting ... 1764063591.7761755
2025-11-25T10:09:31.2276084Z CloudEvents: Reconnected. 1764063591.8763263
2025-11-25T10:09:31.2276518Z CloudEvents: Disconnected. Reconnecting ... 1764063592.1225848
2025-11-25T10:09:31.2276843Z CloudEvents: Reconnected. 1764063592.2227564
2025-11-25T10:09:31.2277142Z CloudEvents: Disconnected. Reconnecting ... 1764063676.4622602
2025-11-25T10:09:31.2277448Z CloudEvents: Reconnected. 1764063676.5624611
2025-11-25T10:09:31.2277742Z CloudEvents: Disconnected. Reconnecting ... 1764063676.8721843
2025-11-25T10:09:31.2278051Z CloudEvents: Reconnected. 1764063676.9723425
2025-11-25T10:09:31.2278343Z CloudEvents: Disconnected. Reconnecting ... 1764063682.1395268
2025-11-25T10:09:31.2278774Z CloudEvents: Reconnected. 1764063682.239705
2025-11-25T10:09:31.2279076Z CloudEvents: Disconnected. Reconnecting ... 1764063682.5090916
2025-11-25T10:09:31.2279378Z CloudEvents: Reconnected. 1764063682.6092246
2025-11-25T10:09:31.2279673Z CloudEvents: Disconnected. Reconnecting ... 1764063682.8286166
2025-11-25T10:09:31.2279971Z CloudEvents: Reconnected. 1764063682.9288135
2025-11-25T10:09:31.2280268Z CloudEvents: Disconnected. Reconnecting ... 1764063689.0546727
2025-11-25T10:09:31.2280579Z CloudEvents: Reconnected. 1764063689.1548402
2025-11-25T10:09:31.2280868Z CloudEvents: Disconnected. Reconnecting ... 1764063689.391993
2025-11-25T10:09:31.2281177Z CloudEvents: Reconnected. 1764063689.492169
2025-11-25T10:09:31.2281478Z CloudEvents: Disconnected. Reconnecting ... 1764063689.7434452
2025-11-25T10:09:31.2281773Z CloudEvents: Reconnected. 1764063689.8435922
2025-11-25T10:09:31.2282070Z CloudEvents: Disconnected. Reconnecting ... 1764063835.579094
2025-11-25T10:09:31.2282371Z CloudEvents: Reconnected. 1764063835.6792843
2025-11-25T10:09:31.2282665Z CloudEvents: Disconnected. Reconnecting ... 1764063835.946523
2025-11-25T10:09:31.2282970Z CloudEvents: Reconnected. 1764063836.0467036
2025-11-25T10:09:31.2283268Z CloudEvents: Disconnected. Reconnecting ... 1764063873.044543
2025-11-25T10:09:31.2283575Z CloudEvents: Reconnected. 1764063873.1447136
2025-11-25T10:09:31.2283878Z CloudEvents: Disconnected. Reconnecting ... 1764063873.3681452
2025-11-25T10:09:31.2284179Z CloudEvents: Reconnected. 1764063873.4683383
2025-11-25T10:09:31.2284478Z CloudEvents: Disconnected. Reconnecting ... 1764063873.7110422
2025-11-25T10:09:31.2284778Z CloudEvents: Reconnected. 1764063873.8112326
2025-11-25T10:09:31.2285185Z CloudEvents: Disconnected. Reconnecting ... 1764063985.3976302
2025-11-25T10:09:31.2285488Z CloudEvents: Reconnected. 1764063985.497848
2025-11-25T10:09:31.2285783Z CloudEvents: Disconnected. Reconnecting ... 1764063985.7542186
2025-11-25T10:09:31.2286082Z CloudEvents: Reconnected. 1764063985.8543904
2025-11-25T10:09:31.2286485Z CloudEvents: Disconnected. Reconnecting ... 1764063986.1202543
2025-11-25T10:09:31.2286792Z CloudEvents: Reconnected. 1764063986.2203977
2025-11-25T10:09:31.2287081Z CloudEvents: Disconnected. Reconnecting ... 1764064079.6537833
2025-11-25T10:09:31.2287382Z CloudEvents: Reconnected. 1764064079.7539563
2025-11-25T10:09:31.2287678Z CloudEvents: Disconnected. Reconnecting ... 1764064080.0248296
2025-11-25T10:09:31.2287975Z CloudEvents: Reconnected. 1764064080.124971
2025-11-25T10:09:31.2288267Z CloudEvents: Disconnected. Reconnecting ... 1764064080.3750768
2025-11-25T10:09:31.2288561Z CloudEvents: Reconnected. 1764064080.4752676
2025-11-25T10:09:31.2288857Z CloudEvents: Disconnected. Reconnecting ... 1764064144.2590764
2025-11-25T10:09:31.2289170Z CloudEvents: Reconnected. 1764064144.3592594
2025-11-25T10:09:31.2289461Z CloudEvents: Disconnected. Reconnecting ... 1764064144.6140552
2025-11-25T10:09:31.2289856Z CloudEvents: Reconnected. 1764064144.714229
2025-11-25T10:09:31.2290156Z CloudEvents: Disconnected. Reconnecting ... 1764064144.974314
2025-11-25T10:09:31.2290454Z CloudEvents: Reconnected. 1764064145.074448
2025-11-25T10:09:31.2290765Z CloudEvents: Disconnected. Reconnecting ... 1764064304.5637414
2025-11-25T10:09:31.2291072Z CloudEvents: Reconnected. 1764064304.663927
2025-11-25T10:09:31.2291366Z CloudEvents: Disconnected. Reconnecting ... 1764064304.8921301
2025-11-25T10:09:31.2291677Z CloudEvents: Reconnected. 1764064304.9922538
2025-11-25T10:09:31.2291981Z CloudEvents: Disconnected. Reconnecting ... 1764064305.2201812
2025-11-25T10:09:31.2292281Z CloudEvents: Reconnected. 1764064305.3203182
2025-11-25T10:09:31.2292584Z CloudEvents: Disconnected. Reconnecting ... 1764064361.1523793
2025-11-25T10:09:31.2292888Z CloudEvents: Reconnected. 1764064361.2525544
2025-11-25T10:09:31.2293187Z CloudEvents: Disconnected. Reconnecting ... 1764064361.4799397
2025-11-25T10:09:31.2293494Z CloudEvents: Reconnected. 1764064361.5801096
2025-11-25T10:09:31.2293786Z CloudEvents: Disconnected. Reconnecting ... 1764064361.8610585
2025-11-25T10:09:31.2294204Z CloudEvents: Reconnected. 1764064361.9611912
2025-11-25T10:09:31.2294506Z CloudEvents: Disconnected. Reconnecting ... 1764064591.7977595
2025-11-25T10:09:31.2294804Z CloudEvents: Reconnected. 1764064591.897928
2025-11-25T10:09:31.2295101Z CloudEvents: Disconnected. Reconnecting ... 1764064592.149044
2025-11-25T10:09:31.2295416Z CloudEvents: Reconnected. 1764064592.2492087
2025-11-25T10:09:31.2295718Z CloudEvents: Disconnected. Reconnecting ... 1764064592.4808064
2025-11-25T10:09:31.2296031Z CloudEvents: Reconnected. 1764064592.5809717
2025-11-25T10:09:31.2296334Z CloudEvents: Disconnected. Reconnecting ... 1764064716.1928246
2025-11-25T10:09:31.2296742Z CloudEvents: Reconnected. 1764064716.2929788
2025-11-25T10:09:31.2297040Z CloudEvents: Disconnected. Reconnecting ... 1764064716.5417554
2025-11-25T10:09:31.2297349Z CloudEvents: Reconnected. 1764064716.6419165
2025-11-25T10:09:31.2297645Z CloudEvents: Disconnected. Reconnecting ... 1764064716.8912427
2025-11-25T10:09:31.2297959Z CloudEvents: Reconnected. 1764064716.991367
2025-11-25T10:09:31.2298254Z CloudEvents: Disconnected. Reconnecting ... 1764064840.2180808
2025-11-25T10:09:31.2298557Z CloudEvents: Reconnected. 1764064840.318272
2025-11-25T10:09:31.2298853Z CloudEvents: Disconnected. Reconnecting ... 1764064840.5734375
2025-11-25T10:09:31.2299162Z CloudEvents: Reconnected. 1764064840.6735978
2025-11-25T10:09:31.2299459Z CloudEvents: Disconnected. Reconnecting ... 1764064840.9239337
2025-11-25T10:09:31.2299762Z CloudEvents: Reconnected. 1764064841.0240958
2025-11-25T10:09:31.2300062Z CloudEvents: Disconnected. Reconnecting ... 1764064873.257407
2025-11-25T10:09:31.2300367Z CloudEvents: Reconnected. 1764064873.3575718
2025-11-25T10:09:31.2300781Z CloudEvents: Disconnected. Reconnecting ... 1764064873.6233032
2025-11-25T10:09:31.2301087Z CloudEvents: Reconnected. 1764064873.7234457
2025-11-25T10:09:31.2301380Z CloudEvents: Disconnected. Reconnecting ... 1764064873.9888365
2025-11-25T10:09:31.2301678Z CloudEvents: Reconnected. 1764064874.0889673
2025-11-25T10:09:31.2301980Z CloudEvents: Disconnected. Reconnecting ... 1764065116.431914
2025-11-25T10:09:31.2302284Z CloudEvents: Reconnected. 1764065116.5320847
2025-11-25T10:09:31.2302577Z CloudEvents: Disconnected. Reconnecting ... 1764065116.7689805
2025-11-25T10:09:31.2302880Z CloudEvents: Reconnected. 1764065116.8691828
2025-11-25T10:09:31.2303178Z CloudEvents: Disconnected. Reconnecting ... 1764065370.5337794
2025-11-25T10:09:31.2303476Z CloudEvents: Reconnected. 1764065370.6339486
2025-11-25T10:09:31.2303778Z CloudEvents: Disconnected. Reconnecting ... 1764065370.89884
2025-11-25T10:09:31.2304081Z CloudEvents: Reconnected. 1764065370.9989784
2025-11-25T10:39:23.7436946Z CloudEvents: Disconnected. Reconnecting ... 1764065371.224982
2025-11-25T10:39:23.7437756Z CloudEvents: Reconnected. 1764065371.3251905
2025-11-25T10:39:23.7438514Z CloudEvents: Disconnected. Reconnecting ... 1764065418.364768
2025-11-25T10:39:23.7439204Z CloudEvents: Reconnected. 1764065418.4649308
2025-11-25T10:39:23.7439916Z CloudEvents: Disconnected. Reconnecting ... 1764065418.714849
2025-11-25T10:39:23.7440622Z CloudEvents: Reconnected. 1764065418.8149853
2025-11-25T10:39:23.7441196Z CloudEvents: Disconnected. Reconnecting ... 1764065485.647232
2025-11-25T10:39:23.7441744Z CloudEvents: Reconnected. 1764065485.747401
2025-11-25T10:39:23.7442287Z CloudEvents: Disconnected. Reconnecting ... 1764065486.0158682
2025-11-25T10:39:23.7442817Z CloudEvents: Reconnected. 1764065486.1160347
2025-11-25T10:39:23.7443170Z CloudEvents: Disconnected. Reconnecting ... 1764065486.3574767
2025-11-25T10:39:23.7443519Z CloudEvents: Reconnected. 1764065486.4576678
2025-11-25T10:39:23.7443879Z CloudEvents: Disconnected. Reconnecting ... 1764065493.0455656
2025-11-25T10:39:23.7444234Z CloudEvents: Reconnected. 1764065493.145736
2025-11-25T10:39:23.7444572Z CloudEvents: Disconnected. Reconnecting ... 1764065493.376373
2025-11-25T10:39:23.7444923Z CloudEvents: Reconnected. 1764065493.4765394
2025-11-25T10:39:23.7445643Z CloudEvents: Disconnected. Reconnecting ... 1764065493.7004235
2025-11-25T10:39:23.7452989Z CloudEvents: Reconnected. 1764065493.800588
2025-11-25T10:39:23.7453511Z CloudEvents: Disconnected. Reconnecting ... 1764065568.2253861
2025-11-25T10:39:23.7453866Z CloudEvents: Reconnected. 1764065568.3255346
2025-11-25T10:39:23.7454201Z CloudEvents: Disconnected. Reconnecting ... 1764065568.5482605
2025-11-25T10:39:23.7454524Z CloudEvents: Reconnected. 1764065568.648403
2025-11-25T10:39:23.7454834Z CloudEvents: Disconnected. Reconnecting ... 1764065568.8681927
2025-11-25T10:39:23.7455143Z CloudEvents: Reconnected. 1764065568.9683251
2025-11-25T10:39:23.7455453Z CloudEvents: Disconnected. Reconnecting ... 1764065596.8576062
2025-11-25T10:39:23.7455778Z CloudEvents: Reconnected. 1764065596.957778
2025-11-25T10:39:23.7456077Z CloudEvents: Disconnected. Reconnecting ... 1764065597.2315855
2025-11-25T10:39:23.7456608Z CloudEvents: Reconnected. 1764065597.3317616
2025-11-25T10:39:23.7456927Z CloudEvents: Disconnected. Reconnecting ... 1764065606.3272207
2025-11-25T10:39:23.7457246Z CloudEvents: Reconnected. 1764065606.427395
2025-11-25T10:39:23.7457543Z CloudEvents: Disconnected. Reconnecting ... 1764065606.6496146
2025-11-25T10:39:23.7457848Z CloudEvents: Reconnected. 1764065606.7497838
2025-11-25T10:39:23.7458163Z CloudEvents: Disconnected. Reconnecting ... 1764065731.9270663
2025-11-25T10:39:23.7458472Z CloudEvents: Reconnected. 1764065732.02728
2025-11-25T10:39:23.7458766Z CloudEvents: Disconnected. Reconnecting ... 1764065841.7414277
2025-11-25T10:39:23.7459069Z CloudEvents: Reconnected. 1764065841.8416276
2025-11-25T10:39:23.7459365Z CloudEvents: Disconnected. Reconnecting ... 1764065842.0732741
2025-11-25T10:39:23.7459892Z CloudEvents: Reconnected. 1764065842.1734157
2025-11-25T10:39:23.7460200Z CloudEvents: Disconnected. Reconnecting ... 1764065842.4007711
2025-11-25T10:39:23.7460508Z CloudEvents: Reconnected. 1764065842.5009465
2025-11-25T10:39:23.7460806Z CloudEvents: Disconnected. Reconnecting ... 1764065848.414595
2025-11-25T10:39:23.7461121Z CloudEvents: Reconnected. 1764065848.5147665
2025-11-25T10:39:23.7461414Z CloudEvents: Disconnected. Reconnecting ... 1764065848.7671568
2025-11-25T10:39:23.7461727Z CloudEvents: Reconnected. 1764065848.8673072
2025-11-25T10:39:23.7462027Z CloudEvents: Disconnected. Reconnecting ... 1764065849.0924084
2025-11-25T10:39:23.7462323Z CloudEvents: Reconnected. 1764065849.1926053
2025-11-25T10:39:23.7462618Z CloudEvents: Disconnected. Reconnecting ... 1764065949.9072502
2025-11-25T10:39:23.7462927Z CloudEvents: Reconnected. 1764065950.0074341
2025-11-25T10:39:23.7463223Z CloudEvents: Disconnected. Reconnecting ... 1764065950.2583377
2025-11-25T10:39:23.7463535Z CloudEvents: Reconnected. 1764065950.3585112
2025-11-25T10:39:23.7463833Z CloudEvents: Disconnected. Reconnecting ... 1764065950.6303713
2025-11-25T10:39:23.7464129Z CloudEvents: Reconnected. 1764065950.7305691
2025-11-25T10:39:23.7464427Z CloudEvents: Disconnected. Reconnecting ... 1764065974.6397574
2025-11-25T10:39:23.7464732Z CloudEvents: Reconnected. 1764065974.7399561
2025-11-25T10:39:23.7465026Z CloudEvents: Disconnected. Reconnecting ... 1764065974.9671657
2025-11-25T10:39:23.7465328Z CloudEvents: Reconnected. 1764065975.0673797
2025-11-25T10:39:23.7465620Z CloudEvents: Disconnected. Reconnecting ... 1764065975.3015504
2025-11-25T10:39:23.7465925Z CloudEvents: Reconnected. 1764065975.4017272
2025-11-25T10:39:23.7466221Z CloudEvents: Disconnected. Reconnecting ... 1764066094.1743848
2025-11-25T10:39:23.7466783Z CloudEvents: Reconnected. 1764066094.2745807
2025-11-25T10:39:23.7467092Z CloudEvents: Disconnected. Reconnecting ... 1764066094.5296834
2025-11-25T10:39:23.7467401Z CloudEvents: Reconnected. 1764066094.629861
2025-11-25T10:39:23.7467700Z CloudEvents: Disconnected. Reconnecting ... 1764066094.8474224
2025-11-25T10:39:23.7468003Z CloudEvents: Reconnected. 1764066094.947585
2025-11-25T10:39:23.7468300Z CloudEvents: Disconnected. Reconnecting ... 1764066235.9730322
2025-11-25T10:39:23.7468597Z CloudEvents: Reconnected. 1764066236.0732162
2025-11-25T10:39:23.7469037Z CloudEvents: Disconnected. Reconnecting ... 1764066236.3759727
2025-11-25T10:39:23.7469353Z CloudEvents: Reconnected. 1764066236.4761586
2025-11-25T10:39:23.7469651Z CloudEvents: Disconnected. Reconnecting ... 1764066236.6951265
2025-11-25T10:39:23.7469957Z CloudEvents: Reconnected. 1764066236.7952983
2025-11-25T10:39:23.7470255Z CloudEvents: Disconnected. Reconnecting ... 1764066329.5009866
2025-11-25T10:39:23.7470558Z CloudEvents: Reconnected. 1764066329.6011739
2025-11-25T10:39:23.7470857Z CloudEvents: Disconnected. Reconnecting ... 1764066329.856236
2025-11-25T10:39:23.7471157Z CloudEvents: Reconnected. 1764066329.9564078
2025-11-25T10:39:23.7471465Z CloudEvents: Disconnected. Reconnecting ... 1764066330.1832702
2025-11-25T10:39:23.7471773Z CloudEvents: Reconnected. 1764066330.2834408
2025-11-25T10:39:23.7472067Z CloudEvents: Disconnected. Reconnecting ... 1764066483.6235244
2025-11-25T10:39:23.7472376Z CloudEvents: Reconnected. 1764066483.7237153
2025-11-25T10:39:23.7472683Z CloudEvents: Disconnected. Reconnecting ... 1764066483.9694524
2025-11-25T10:39:23.7472986Z CloudEvents: Reconnected. 1764066484.0696325
2025-11-25T10:39:23.7473286Z CloudEvents: Disconnected. Reconnecting ... 1764066484.3467052
2025-11-25T10:39:23.7473591Z CloudEvents: Reconnected. 1764066484.4468648
2025-11-25T10:39:23.7473882Z CloudEvents: Disconnected. Reconnecting ... 1764066499.9016724
2025-11-25T10:39:23.7474187Z CloudEvents: Reconnected. 1764066500.001828
2025-11-25T10:39:23.7474479Z CloudEvents: Disconnected. Reconnecting ... 1764066500.229604
2025-11-25T10:39:23.7474781Z CloudEvents: Reconnected. 1764066500.329768
2025-11-25T10:39:23.7475081Z CloudEvents: Disconnected. Reconnecting ... 1764066500.5600848
2025-11-25T10:39:23.7475507Z CloudEvents: Reconnected. 1764066500.660226
2025-11-25T10:39:23.7475799Z CloudEvents: Disconnected. Reconnecting ... 1764066508.501462
2025-11-25T10:39:23.7476100Z CloudEvents: Reconnected. 1764066508.6017027
2025-11-25T10:39:23.7476588Z CloudEvents: Disconnected. Reconnecting ... 1764066508.8430662
2025-11-25T10:39:23.7476942Z CloudEvents: Reconnected. 1764066508.9431992
2025-11-25T10:39:23.7477251Z CloudEvents: Disconnected. Reconnecting ... 1764066509.1753519
2025-11-25T10:39:23.7477552Z CloudEvents: Reconnected. 1764066509.2755132
2025-11-25T10:39:23.7477847Z CloudEvents: Disconnected. Reconnecting ... 1764066512.790294
2025-11-25T10:39:23.7478150Z CloudEvents: Reconnected. 1764066512.8904445
2025-11-25T10:39:23.7478452Z CloudEvents: Disconnected. Reconnecting ... 1764066513.1193576
2025-11-25T10:39:23.7478771Z CloudEvents: Reconnected. 1764066513.2195444
2025-11-25T10:39:23.7479084Z CloudEvents: Disconnected. Reconnecting ... 1764066513.4536982
2025-11-25T10:39:23.7479395Z CloudEvents: Reconnected. 1764066513.5538626
2025-11-25T10:39:23.7479700Z CloudEvents: Disconnected. Reconnecting ... 1764066567.764216
2025-11-25T10:39:23.7480006Z CloudEvents: Reconnected. 1764066567.8643806
2025-11-25T10:39:23.7480310Z CloudEvents: Disconnected. Reconnecting ... 1764066568.0958683
2025-11-25T10:39:23.7480627Z CloudEvents: Reconnected. 1764066568.196025
2025-11-25T10:39:23.7480924Z CloudEvents: Disconnected. Reconnecting ... 1764066568.4406085
2025-11-25T10:39:23.7481272Z CloudEvents: Reconnected. 1764066568.5408027
2025-11-25T10:39:23.7481574Z CloudEvents: Disconnected. Reconnecting ... 1764066644.2837725
2025-11-25T10:39:23.7481871Z CloudEvents: Reconnected. 1764066644.3839047
2025-11-25T10:39:23.7482167Z CloudEvents: Disconnected. Reconnecting ... 1764066644.63249
2025-11-25T10:39:23.7482468Z CloudEvents: Reconnected. 1764066644.7326255
2025-11-25T10:39:23.7482762Z CloudEvents: Disconnected. Reconnecting ... 1764066644.968681
2025-11-25T10:39:23.7483071Z CloudEvents: Reconnected. 1764066645.0688608
2025-11-25T10:39:23.7483368Z CloudEvents: Disconnected. Reconnecting ... 1764066718.6366918
2025-11-25T10:39:23.7483672Z CloudEvents: Reconnected. 1764066718.736889
2025-11-25T10:39:23.7483971Z CloudEvents: Disconnected. Reconnecting ... 1764066718.969431
2025-11-25T10:39:23.7484416Z CloudEvents: Reconnected. 1764066719.069598
2025-11-25T10:39:23.7484724Z CloudEvents: Disconnected. Reconnecting ... 1764066719.327178
2025-11-25T10:39:23.7485030Z CloudEvents: Reconnected. 1764066719.4273806
2025-11-25T10:39:23.7485325Z CloudEvents: Disconnected. Reconnecting ... 1764066726.199371
2025-11-25T10:39:23.7485631Z CloudEvents: Reconnected. 1764066726.2995665
2025-11-25T10:39:23.7485928Z CloudEvents: Disconnected. Reconnecting ... 1764066726.551285
2025-11-25T10:39:23.7486224Z CloudEvents: Reconnected. 1764066726.6514812
2025-11-25T10:39:23.7486781Z CloudEvents: Disconnected. Reconnecting ... 1764066750.2866855
2025-11-25T10:39:23.7487103Z CloudEvents: Reconnected. 1764066750.386886
2025-11-25T10:39:23.7487409Z CloudEvents: Disconnected. Reconnecting ... 1764066750.6338189
2025-11-25T10:39:23.7487994Z CloudEvents: Reconnected. 1764066750.734014
2025-11-25T10:39:23.7488294Z CloudEvents: Disconnected. Reconnecting ... 1764066750.9590383
2025-11-25T10:39:23.7488599Z CloudEvents: Reconnected. 1764066751.0592191
2025-11-25T10:39:23.7489090Z CloudEvents: Disconnected. Reconnecting ... 1764066791.242982
2025-11-25T10:39:23.7489456Z CloudEvents: Reconnected. 1764066791.3431826
2025-11-25T10:39:23.7489761Z CloudEvents: Disconnected. Reconnecting ... 1764066841.0649095
2025-11-25T10:39:23.7490067Z CloudEvents: Reconnected. 1764066841.1651142
2025-11-25T10:39:23.7490360Z CloudEvents: Disconnected. Reconnecting ... 1764066931.9626987
2025-11-25T10:39:23.7490666Z CloudEvents: Reconnected. 1764066932.0629017
2025-11-25T10:39:23.7490975Z CloudEvents: Disconnected. Reconnecting ... 1764066932.2993383
2025-11-25T10:39:23.7491278Z CloudEvents: Reconnected. 1764066932.399501
2025-11-25T10:39:23.7491929Z CloudEvents: Disconnected. Reconnecting ... 1764066932.6289191
2025-11-25T10:39:23.7492249Z CloudEvents: Reconnected. 1764066932.7290902
2025-11-25T10:39:23.7492557Z CloudEvents: Disconnected. Reconnecting ... 1764066987.186199
2025-11-25T10:39:23.7492868Z CloudEvents: Reconnected. 1764066987.286397
2025-11-25T10:39:23.7493263Z CloudEvents: Disconnected. Reconnecting ... 1764066987.508471
2025-11-25T10:39:23.7493808Z CloudEvents: Reconnected. 1764066987.60862
2025-11-25T10:39:23.7494545Z CloudEvents: Disconnected. Reconnecting ... 1764066987.8549657
2025-11-25T10:39:23.7495180Z CloudEvents: Reconnected. 1764066987.9551182
2025-11-25T10:39:23.7495630Z CloudEvents: Disconnected. Reconnecting ... 1764066990.1468897
2025-11-25T10:39:23.7495938Z CloudEvents: Reconnected. 1764066990.247027
2025-11-25T10:39:23.7496233Z CloudEvents: Disconnected. Reconnecting ... 1764066990.5190532
2025-11-25T10:39:23.7496847Z CloudEvents: Reconnected. 1764066990.6192276
2025-11-25T10:39:23.7497155Z CloudEvents: Disconnected. Reconnecting ... 1764067073.9104152
2025-11-25T10:39:23.7497466Z CloudEvents: Reconnected. 1764067074.0105882
2025-11-25T10:39:23.7497765Z CloudEvents: Disconnected. Reconnecting ... 1764067074.2500162
2025-11-25T10:39:23.7498070Z CloudEvents: Reconnected. 1764067074.3501515
2025-11-25T10:39:23.7498366Z CloudEvents: Disconnected. Reconnecting ... 1764067163.6431713
2025-11-25T11:16:23.6781143Z CloudEvents: Reconnected. 1764067163.7433743
2025-11-25T11:16:23.6781870Z CloudEvents: Disconnected. Reconnecting ... 1764067163.9842474
2025-11-25T11:16:23.6782340Z CloudEvents: Reconnected. 1764067164.084454
2025-11-25T11:16:23.6782792Z CloudEvents: Disconnected. Reconnecting ... 1764067164.308761
2025-11-25T11:16:23.6783406Z CloudEvents: Reconnected. 1764067164.4089522
2025-11-25T11:16:23.6784069Z CloudEvents: Disconnected. Reconnecting ... 1764067172.896727
2025-11-25T11:16:23.6784733Z CloudEvents: Reconnected. 1764067172.9969282
2025-11-25T11:16:23.6785171Z CloudEvents: Disconnected. Reconnecting ... 1764067173.2188761
2025-11-25T11:16:23.6785637Z CloudEvents: Reconnected. 1764067173.319071
2025-11-25T11:16:23.6786066Z CloudEvents: Disconnected. Reconnecting ... 1764067173.5510883
2025-11-25T11:16:23.6786749Z CloudEvents: Reconnected. 1764067173.6512702
2025-11-25T11:16:23.6787104Z CloudEvents: Disconnected. Reconnecting ... 1764067175.4953213
2025-11-25T11:16:23.6787810Z CloudEvents: Reconnected. 1764067175.595502
2025-11-25T11:16:23.6788153Z CloudEvents: Disconnected. Reconnecting ... 1764067175.8174894
2025-11-25T11:16:23.6788508Z CloudEvents: Reconnected. 1764067175.9177277
2025-11-25T11:16:23.6788852Z CloudEvents: Disconnected. Reconnecting ... 1764067176.1598618
2025-11-25T11:16:23.6789201Z CloudEvents: Reconnected. 1764067176.2600534
2025-11-25T11:16:23.6789546Z CloudEvents: Disconnected. Reconnecting ... 1764067184.2917507
2025-11-25T11:16:23.6789897Z CloudEvents: Reconnected. 1764067184.3919294
2025-11-25T11:16:23.6790235Z CloudEvents: Disconnected. Reconnecting ... 1764067486.2762322
2025-11-25T11:16:23.6790589Z CloudEvents: Reconnected. 1764067486.3764217
2025-11-25T11:16:23.6790970Z CloudEvents: Disconnected. Reconnecting ... 1764067486.6070578
2025-11-25T11:16:23.6791313Z CloudEvents: Reconnected. 1764067486.707201
2025-11-25T11:16:23.6791656Z CloudEvents: Disconnected. Reconnecting ... 1764067486.9303463
2025-11-25T11:16:23.6792016Z CloudEvents: Reconnected. 1764067487.0304902
2025-11-25T11:16:23.6792355Z CloudEvents: Disconnected. Reconnecting ... 1764067690.994359
2025-11-25T11:16:23.6792705Z CloudEvents: Reconnected. 1764067691.0945606
2025-11-25T11:16:23.6793043Z CloudEvents: Disconnected. Reconnecting ... 1764067691.3451052
2025-11-25T11:16:23.6793401Z CloudEvents: Reconnected. 1764067691.4452958
2025-11-25T11:16:23.6793745Z CloudEvents: Disconnected. Reconnecting ... 1764067691.6749382
2025-11-25T11:16:23.6794090Z CloudEvents: Reconnected. 1764067691.775118
2025-11-25T11:16:23.6794428Z CloudEvents: Disconnected. Reconnecting ... 1764067698.8399754
2025-11-25T11:16:23.6794777Z CloudEvents: Reconnected. 1764067698.9401693
2025-11-25T11:16:23.6795301Z CloudEvents: Disconnected. Reconnecting ... 1764067699.2173629
2025-11-25T11:16:23.6795650Z CloudEvents: Reconnected. 1764067699.3175435
2025-11-25T11:16:23.6795992Z CloudEvents: Disconnected. Reconnecting ... 1764067759.8996105
2025-11-25T11:16:23.6796526Z CloudEvents: Reconnected. 1764067759.999792
2025-11-25T11:16:23.6796886Z CloudEvents: Disconnected. Reconnecting ... 1764067760.2501109
2025-11-25T11:16:23.6797204Z CloudEvents: Reconnected. 1764067760.3502908
2025-11-25T11:16:23.6797502Z CloudEvents: Disconnected. Reconnecting ... 1764067760.5967462
2025-11-25T11:16:23.6797810Z CloudEvents: Reconnected. 1764067760.6969182
2025-11-25T11:16:23.6798106Z CloudEvents: Disconnected. Reconnecting ... 1764068194.2789128
2025-11-25T11:16:23.6798405Z CloudEvents: Reconnected. 1764068194.379104
2025-11-25T11:16:23.6798696Z CloudEvents: Disconnected. Reconnecting ... 1764068194.6346924
2025-11-25T11:16:23.6798997Z CloudEvents: Reconnected. 1764068194.7348614
2025-11-25T11:16:23.6799292Z CloudEvents: Disconnected. Reconnecting ... 1764068194.9704356
2025-11-25T11:16:23.6799598Z CloudEvents: Reconnected. 1764068195.0705886
2025-11-25T11:16:23.6799896Z CloudEvents: Disconnected. Reconnecting ... 1764068201.7637281
2025-11-25T11:16:23.6800197Z CloudEvents: Reconnected. 1764068201.863931
2025-11-25T11:16:23.6800494Z CloudEvents: Disconnected. Reconnecting ... 1764068202.087694
2025-11-25T11:16:23.6800797Z CloudEvents: Reconnected. 1764068202.18787
2025-11-25T11:16:23.6801089Z CloudEvents: Disconnected. Reconnecting ... 1764068202.4729457
2025-11-25T11:16:23.6801397Z CloudEvents: Reconnected. 1764068202.5731447
2025-11-25T11:16:23.6801690Z CloudEvents: Disconnected. Reconnecting ... 1764068208.7722032
2025-11-25T11:16:23.6801995Z CloudEvents: Reconnected. 1764068208.8723786
2025-11-25T11:16:23.6802292Z CloudEvents: Disconnected. Reconnecting ... 1764068209.1020257
2025-11-25T11:16:23.6802587Z CloudEvents: Reconnected. 1764068209.202196
2025-11-25T11:16:23.6802886Z CloudEvents: Disconnected. Reconnecting ... 1764068209.4448185
2025-11-25T11:16:23.6803188Z CloudEvents: Reconnected. 1764068209.5450122
2025-11-25T11:16:23.6803475Z CloudEvents: Disconnected. Reconnecting ... 1764068215.7035992
2025-11-25T11:16:23.6803777Z CloudEvents: Reconnected. 1764068215.8037567
2025-11-25T11:16:23.6804193Z CloudEvents: Disconnected. Reconnecting ... 1764068216.0300677
2025-11-25T11:16:23.6804495Z CloudEvents: Reconnected. 1764068216.1302338
2025-11-25T11:16:23.6804790Z CloudEvents: Disconnected. Reconnecting ... 1764068224.1111784
2025-11-25T11:16:23.6805087Z CloudEvents: Reconnected. 1764068224.2113478
2025-11-25T11:16:23.6805374Z CloudEvents: Disconnected. Reconnecting ... 1764068224.4389184
2025-11-25T11:16:23.6805676Z CloudEvents: Reconnected. 1764068224.5390942
2025-11-25T11:16:23.6805962Z CloudEvents: Disconnected. Reconnecting ... 1764068261.288079
2025-11-25T11:16:23.6806264Z CloudEvents: Reconnected. 1764068261.3882616
2025-11-25T11:16:23.6806733Z CloudEvents: Disconnected. Reconnecting ... 1764068261.6660194
2025-11-25T11:16:23.6807048Z CloudEvents: Reconnected. 1764068261.7662113
2025-11-25T11:16:23.6807354Z CloudEvents: Disconnected. Reconnecting ... 1764068261.98653
2025-11-25T11:16:23.6807669Z CloudEvents: Reconnected. 1764068262.0866885
2025-11-25T11:16:23.6807967Z CloudEvents: Disconnected. Reconnecting ... 1764068298.052212
2025-11-25T11:16:23.6808281Z CloudEvents: Reconnected. 1764068298.1524062
2025-11-25T11:16:23.6808587Z CloudEvents: Disconnected. Reconnecting ... 1764068298.3737805
2025-11-25T11:16:23.6808896Z CloudEvents: Reconnected. 1764068298.4739208
2025-11-25T11:16:23.6809195Z CloudEvents: Disconnected. Reconnecting ... 1764068298.7081757
2025-11-25T11:16:23.6809503Z CloudEvents: Reconnected. 1764068298.808364
2025-11-25T11:16:23.6809797Z CloudEvents: Disconnected. Reconnecting ... 1764068347.6037936
2025-11-25T11:16:23.6810101Z CloudEvents: Reconnected. 1764068347.7039273
2025-11-25T11:16:23.6810395Z CloudEvents: Disconnected. Reconnecting ... 1764068347.9349775
2025-11-25T11:16:23.6810818Z CloudEvents: Reconnected. 1764068348.0351496
2025-11-25T11:16:23.6811114Z CloudEvents: Disconnected. Reconnecting ... 1764068356.605728
2025-11-25T11:16:23.6811413Z CloudEvents: Reconnected. 1764068356.7059042
2025-11-25T11:16:23.6811707Z CloudEvents: Disconnected. Reconnecting ... 1764068356.9362092
2025-11-25T11:16:23.6812011Z CloudEvents: Reconnected. 1764068357.036383
2025-11-25T11:16:23.6812303Z CloudEvents: Disconnected. Reconnecting ... 1764068403.2700446
2025-11-25T11:16:23.6812604Z CloudEvents: Reconnected. 1764068403.3702211
2025-11-25T11:16:23.6812897Z CloudEvents: Disconnected. Reconnecting ... 1764068403.8234007
2025-11-25T11:16:23.6813192Z CloudEvents: Reconnected. 1764068403.9235911
2025-11-25T11:16:23.6813490Z CloudEvents: Disconnected. Reconnecting ... 1764068437.8220322
2025-11-25T11:16:23.6813789Z CloudEvents: Reconnected. 1764068437.9221766
2025-11-25T11:16:23.6814082Z CloudEvents: Disconnected. Reconnecting ... 1764068438.1749647
2025-11-25T11:16:23.6814389Z CloudEvents: Reconnected. 1764068438.2751508
2025-11-25T11:16:23.6814677Z CloudEvents: Disconnected. Reconnecting ... 1764068438.4949372
2025-11-25T11:16:23.6814982Z CloudEvents: Reconnected. 1764068438.595096
2025-11-25T11:16:23.6815276Z CloudEvents: Disconnected. Reconnecting ... 1764068463.1354904
2025-11-25T11:16:23.6815572Z CloudEvents: Reconnected. 1764068463.2356834
2025-11-25T11:16:23.6815875Z CloudEvents: Disconnected. Reconnecting ... 1764068463.4804182
2025-11-25T11:16:23.6816186Z CloudEvents: Reconnected. 1764068463.580589
2025-11-25T11:16:23.6816692Z CloudEvents: Disconnected. Reconnecting ... 1764068489.0852332
2025-11-25T11:16:23.6817009Z CloudEvents: Reconnected. 1764068489.1854067
2025-11-25T11:16:23.6817306Z CloudEvents: Disconnected. Reconnecting ... 1764068489.410734
2025-11-25T11:16:23.6817603Z CloudEvents: Reconnected. 1764068489.5109084
2025-11-25T11:16:23.6817894Z CloudEvents: Disconnected. Reconnecting ... 1764068489.731974
2025-11-25T11:16:23.6818194Z CloudEvents: Reconnected. 1764068489.8321164
2025-11-25T11:16:23.6818488Z CloudEvents: Disconnected. Reconnecting ... 1764068580.7220888
2025-11-25T11:16:23.6818790Z CloudEvents: Reconnected. 1764068580.82231
2025-11-25T11:16:23.6819080Z CloudEvents: Disconnected. Reconnecting ... 1764068581.0831323
2025-11-25T11:16:23.6819382Z CloudEvents: Reconnected. 1764068581.183292
2025-11-25T11:16:23.6819795Z CloudEvents: Disconnected. Reconnecting ... 1764068581.43116
2025-11-25T11:16:23.6820096Z CloudEvents: Reconnected. 1764068581.5313358
2025-11-25T11:16:23.6820391Z CloudEvents: Disconnected. Reconnecting ... 1764068712.2584233
2025-11-25T11:16:23.6820693Z CloudEvents: Reconnected. 1764068712.358599
2025-11-25T11:16:23.6820981Z CloudEvents: Disconnected. Reconnecting ... 1764068712.6069345
2025-11-25T11:16:23.6821279Z CloudEvents: Reconnected. 1764068712.7070832
2025-11-25T11:16:23.6821572Z CloudEvents: Disconnected. Reconnecting ... 1764068712.9433315
2025-11-25T11:16:23.6821867Z CloudEvents: Reconnected. 1764068713.0434983
2025-11-25T11:16:23.6822166Z CloudEvents: Disconnected. Reconnecting ... 1764068719.250812
2025-11-25T11:16:23.6822476Z CloudEvents: Reconnected. 1764068719.3510005
2025-11-25T11:16:23.6822779Z CloudEvents: Disconnected. Reconnecting ... 1764068756.3491888
2025-11-25T11:16:23.6823089Z CloudEvents: Reconnected. 1764068756.449383
2025-11-25T11:16:23.6823395Z CloudEvents: Disconnected. Reconnecting ... 1764068912.8535862
2025-11-25T11:16:23.6823704Z CloudEvents: Reconnected. 1764068912.9537854
2025-11-25T11:16:23.6824007Z CloudEvents: Disconnected. Reconnecting ... 1764068913.22297
2025-11-25T11:16:23.6824305Z CloudEvents: Reconnected. 1764068913.323142
2025-11-25T11:16:23.6824603Z CloudEvents: Disconnected. Reconnecting ... 1764068913.5612926
2025-11-25T11:16:23.6824910Z CloudEvents: Reconnected. 1764068913.6614826
2025-11-25T11:16:23.6825201Z CloudEvents: Disconnected. Reconnecting ... 1764068964.7239408
2025-11-25T11:16:23.6825504Z CloudEvents: Reconnected. 1764068964.8241408
2025-11-25T11:16:23.6825799Z CloudEvents: Disconnected. Reconnecting ... 1764068965.0775867
2025-11-25T11:16:23.6826213Z CloudEvents: Reconnected. 1764068965.177775
2025-11-25T11:16:23.6826701Z CloudEvents: Disconnected. Reconnecting ... 1764068965.399585
2025-11-25T11:16:23.6827005Z CloudEvents: Reconnected. 1764068965.4997606
2025-11-25T11:16:23.6827300Z CloudEvents: Disconnected. Reconnecting ... 1764068969.9619927
2025-11-25T11:16:23.6827604Z CloudEvents: Reconnected. 1764068970.0621703
2025-11-25T11:16:23.6827899Z CloudEvents: Disconnected. Reconnecting ... 1764068970.2992773
2025-11-25T11:16:23.6828195Z CloudEvents: Reconnected. 1764068970.3994787
2025-11-25T11:16:23.6828491Z CloudEvents: Disconnected. Reconnecting ... 1764069073.7968178
2025-11-25T11:16:23.6828787Z CloudEvents: Reconnected. 1764069073.896997
2025-11-25T11:16:23.6829080Z CloudEvents: Disconnected. Reconnecting ... 1764069074.1441321
2025-11-25T11:16:23.6829384Z CloudEvents: Reconnected. 1764069074.2443056
2025-11-25T11:16:23.6829676Z CloudEvents: Disconnected. Reconnecting ... 1764069074.4904754
2025-11-25T11:16:23.6829981Z CloudEvents: Reconnected. 1764069074.590691
2025-11-25T11:16:23.6830272Z CloudEvents: Disconnected. Reconnecting ... 1764069121.1492927
2025-11-25T11:16:23.6830566Z CloudEvents: Reconnected. 1764069121.249482
2025-11-25T11:16:23.6830858Z CloudEvents: Disconnected. Reconnecting ... 1764069331.5492663
2025-11-25T11:16:23.6831159Z CloudEvents: Reconnected. 1764069331.649447
2025-11-25T11:16:23.6831448Z CloudEvents: Disconnected. Reconnecting ... 1764069331.9222972
2025-11-25T11:16:23.6831759Z CloudEvents: Reconnected. 1764069332.0225017
2025-11-25T11:16:23.6832060Z CloudEvents: Disconnected. Reconnecting ... 1764069332.249278
2025-11-25T11:16:23.6832360Z CloudEvents: Reconnected. 1764069332.3494143
2025-11-25T11:51:13.2621391Z CloudEvents: Disconnected. Reconnecting ... 1764069383.6778657
2025-11-25T11:51:13.2623622Z CloudEvents: Reconnected. 1764069383.7780836
2025-11-25T11:51:13.2624352Z CloudEvents: Disconnected. Reconnecting ... 1764069384.0358062
2025-11-25T11:51:13.2624866Z CloudEvents: Reconnected. 1764069384.1360097
2025-11-25T11:51:13.2625573Z CloudEvents: Disconnected. Reconnecting ... 1764069384.3601859
2025-11-25T11:51:13.2626337Z CloudEvents: Reconnected. 1764069384.46034
2025-11-25T11:51:13.2627138Z CloudEvents: Disconnected. Reconnecting ... 1764069505.8924885
2025-11-25T11:51:13.2628148Z CloudEvents: Reconnected. 1764069505.9926817
2025-11-25T11:51:13.2628808Z CloudEvents: Disconnected. Reconnecting ... 1764069506.266939
2025-11-25T11:51:13.2629517Z CloudEvents: Reconnected. 1764069506.367099
2025-11-25T11:51:13.2630153Z CloudEvents: Disconnected. Reconnecting ... 1764069506.5981205
2025-11-25T11:51:13.2630935Z CloudEvents: Reconnected. 1764069506.6982784
2025-11-25T11:51:13.2631534Z CloudEvents: Disconnected. Reconnecting ... 1764069738.6994438
2025-11-25T11:51:13.2632000Z CloudEvents: Reconnected. 1764069738.799617
2025-11-25T11:51:13.2632566Z CloudEvents: Disconnected. Reconnecting ... 1764069942.8613448
2025-11-25T11:51:13.2632952Z CloudEvents: Reconnected. 1764069942.9614995
2025-11-25T11:51:13.2633272Z CloudEvents: Disconnected. Reconnecting ... 1764069943.2264729
2025-11-25T11:51:13.2633585Z CloudEvents: Reconnected. 1764069943.3266127
2025-11-25T11:51:13.2633909Z CloudEvents: Disconnected. Reconnecting ... 1764070018.0810926
2025-11-25T11:51:13.2634230Z CloudEvents: Reconnected. 1764070018.1812463
2025-11-25T11:51:13.2634538Z CloudEvents: Disconnected. Reconnecting ... 1764070018.409797
2025-11-25T11:51:13.2634854Z CloudEvents: Reconnected. 1764070018.5099435
2025-11-25T11:51:13.2635154Z CloudEvents: Disconnected. Reconnecting ... 1764070018.7583847
2025-11-25T11:51:13.2635472Z CloudEvents: Reconnected. 1764070018.8585274
2025-11-25T11:51:13.2635780Z CloudEvents: Disconnected. Reconnecting ... 1764070279.3090208
2025-11-25T11:51:13.2636095Z CloudEvents: Reconnected. 1764070279.4092076
2025-11-25T11:51:13.2636641Z CloudEvents: Disconnected. Reconnecting ... 1764070279.6554184
2025-11-25T11:51:13.2636978Z CloudEvents: Reconnected. 1764070279.7555897
2025-11-25T11:51:13.2637741Z CloudEvents: Disconnected. Reconnecting ... 1764070279.995007
2025-11-25T11:51:13.2638293Z CloudEvents: Reconnected. 1764070280.0952117
2025-11-25T11:51:13.2638604Z CloudEvents: Disconnected. Reconnecting ... 1764070523.8163238
2025-11-25T11:51:13.2638911Z CloudEvents: Reconnected. 1764070523.9164996
2025-11-25T11:51:13.2639226Z CloudEvents: Disconnected. Reconnecting ... 1764070524.21556
2025-11-25T11:51:13.2639541Z CloudEvents: Reconnected. 1764070524.3157532
2025-11-25T11:51:13.2639841Z CloudEvents: Disconnected. Reconnecting ... 1764070633.254121
2025-11-25T11:51:13.2640152Z CloudEvents: Reconnected. 1764070633.3543012
2025-11-25T11:51:13.2640448Z CloudEvents: Disconnected. Reconnecting ... 1764070633.619375
2025-11-25T11:51:13.2640761Z CloudEvents: Reconnected. 1764070633.719571
2025-11-25T11:51:13.2641072Z CloudEvents: Disconnected. Reconnecting ... 1764070636.3938825
2025-11-25T11:51:13.2641379Z CloudEvents: Reconnected. 1764070636.494049
2025-11-25T11:51:13.2641682Z CloudEvents: Disconnected. Reconnecting ... 1764070636.7459943
2025-11-25T11:51:13.2642003Z CloudEvents: Reconnected. 1764070636.846144
2025-11-25T11:51:13.2642297Z CloudEvents: Disconnected. Reconnecting ... 1764070637.110968
2025-11-25T11:51:13.2642606Z CloudEvents: Reconnected. 1764070637.2111561
2025-11-25T11:51:13.2642899Z CloudEvents: Disconnected. Reconnecting ... 1764070722.879309
2025-11-25T11:51:13.2643205Z CloudEvents: Reconnected. 1764070722.9794888
2025-11-25T11:51:13.2643501Z CloudEvents: Disconnected. Reconnecting ... 1764070875.990427
2025-11-25T11:51:13.2643824Z CloudEvents: Reconnected. 1764070876.0905988
2025-11-25T11:51:13.2644119Z CloudEvents: Disconnected. Reconnecting ... 1764070876.3717875
2025-11-25T11:51:13.2644423Z CloudEvents: Reconnected. 1764070876.4719899
2025-11-25T11:51:13.2644718Z CloudEvents: Disconnected. Reconnecting ... 1764070876.7085896
2025-11-25T11:51:13.2645016Z CloudEvents: Reconnected. 1764070876.8087704
2025-11-25T11:51:13.2645312Z CloudEvents: Disconnected. Reconnecting ... 1764070934.0012534
2025-11-25T11:51:13.2645613Z CloudEvents: Reconnected. 1764070934.101409
2025-11-25T11:51:13.2645911Z CloudEvents: Disconnected. Reconnecting ... 1764070934.3309736
2025-11-25T11:51:13.2646216Z CloudEvents: Reconnected. 1764070934.431133
2025-11-25T11:51:13.2646776Z CloudEvents: Disconnected. Reconnecting ... 1764070934.6552882
2025-11-25T11:51:13.2647236Z CloudEvents: Reconnected. 1764070934.755437
2025-11-25T11:51:13.2647540Z CloudEvents: Disconnected. Reconnecting ... 1764070991.7838533
2025-11-25T11:51:13.2647842Z CloudEvents: Reconnected. 1764070991.8840168
2025-11-25T11:51:13.2648138Z CloudEvents: Disconnected. Reconnecting ... 1764071136.303315
2025-11-25T11:51:13.2648496Z CloudEvents: Reconnected. 1764071136.4035041
2025-11-25T11:51:13.2649022Z CloudEvents: Disconnected. Reconnecting ... 1764071136.670128
2025-11-25T11:51:13.2649576Z CloudEvents: Reconnected. 1764071136.770293
2025-11-25T11:51:13.2650133Z CloudEvents: Disconnected. Reconnecting ... 1764071142.616349
2025-11-25T11:51:13.2650450Z CloudEvents: Reconnected. 1764071142.716511
2025-11-25T11:51:13.2650749Z CloudEvents: Disconnected. Reconnecting ... 1764071146.1517348
2025-11-25T11:51:13.2651050Z CloudEvents: Reconnected. 1764071146.2519088
2025-11-25T11:51:13.2651351Z CloudEvents: Disconnected. Reconnecting ... 1764071146.4763772
2025-11-25T11:51:13.2651662Z CloudEvents: Reconnected. 1764071146.5765288
2025-11-25T11:51:13.2651958Z CloudEvents: Disconnected. Reconnecting ... 1764071186.9492946
2025-11-25T11:51:13.2652260Z CloudEvents: Reconnected. 1764071187.0494606
2025-11-25T11:51:13.2652554Z CloudEvents: Disconnected. Reconnecting ... 1764071187.291816
2025-11-25T11:51:13.2652852Z CloudEvents: Reconnected. 1764071187.391993
2025-11-25T11:51:13.2653149Z CloudEvents: Disconnected. Reconnecting ... 1764071187.6172092
2025-11-25T11:51:13.2653455Z CloudEvents: Reconnected. 1764071187.7173715
2025-11-25T11:51:13.2653750Z CloudEvents: Disconnected. Reconnecting ... 1764071205.7978468
2025-11-25T11:51:13.2654053Z CloudEvents: Reconnected. 1764071205.8979888
2025-11-25T11:51:13.2654517Z CloudEvents: Disconnected. Reconnecting ... 1764071206.1800177
2025-11-25T11:51:13.2654836Z CloudEvents: Reconnected. 1764071206.2801802
2025-11-25T11:51:13.2655137Z CloudEvents: Disconnected. Reconnecting ... 1764071206.4985363
2025-11-25T11:51:13.2655438Z CloudEvents: Reconnected. 1764071206.598681
2025-11-25T11:51:13.2655733Z CloudEvents: Disconnected. Reconnecting ... 1764071208.7729301
2025-11-25T11:51:13.2656036Z CloudEvents: Reconnected. 1764071208.8731382
2025-11-25T11:51:13.2656332Z CloudEvents: Disconnected. Reconnecting ... 1764071209.104884
2025-11-25T11:51:13.2656836Z CloudEvents: Reconnected. 1764071209.2050588
2025-11-25T11:51:13.2657135Z CloudEvents: Disconnected. Reconnecting ... 1764071209.43018
2025-11-25T11:51:13.2657443Z CloudEvents: Reconnected. 1764071209.5303478
2025-11-25T11:51:13.2657735Z CloudEvents: Disconnected. Reconnecting ... 1764071211.8748598
2025-11-25T11:51:13.2658039Z CloudEvents: Reconnected. 1764071211.9750354
2025-11-25T11:51:13.2658341Z CloudEvents: Disconnected. Reconnecting ... 1764071212.20623
2025-11-25T11:51:13.2658637Z CloudEvents: Reconnected. 1764071212.3064282
2025-11-25T11:51:13.2658933Z CloudEvents: Disconnected. Reconnecting ... 1764071212.5657115
2025-11-25T11:51:13.2659232Z CloudEvents: Reconnected. 1764071212.6658723
2025-11-25T11:51:13.2659534Z CloudEvents: Disconnected. Reconnecting ... 1764071214.691127
2025-11-25T11:51:13.2659835Z CloudEvents: Reconnected. 1764071214.791293
2025-11-25T11:51:13.2660129Z CloudEvents: Disconnected. Reconnecting ... 1764071215.0101013
2025-11-25T11:51:13.2660434Z CloudEvents: Reconnected. 1764071215.1102874
2025-11-25T11:51:13.2660734Z CloudEvents: Disconnected. Reconnecting ... 1764071215.3379865
2025-11-25T11:51:13.2661035Z CloudEvents: Reconnected. 1764071215.4381502
2025-11-25T11:51:13.2661334Z CloudEvents: Disconnected. Reconnecting ... 1764071218.3027012
2025-11-25T11:51:13.2661640Z CloudEvents: Reconnected. 1764071218.4028847
2025-11-25T11:51:13.2661942Z CloudEvents: Disconnected. Reconnecting ... 1764071218.6514275
2025-11-25T11:51:13.2662253Z CloudEvents: Reconnected. 1764071218.7515855
2025-11-25T11:51:13.2662552Z CloudEvents: Disconnected. Reconnecting ... 1764071218.9826207
2025-11-25T11:51:13.2662850Z CloudEvents: Reconnected. 1764071219.0827873
2025-11-25T11:51:13.2663271Z CloudEvents: Disconnected. Reconnecting ... 1764071221.437869
2025-11-25T11:51:13.2663572Z CloudEvents: Reconnected. 1764071221.5380523
2025-11-25T11:51:13.2663869Z CloudEvents: Disconnected. Reconnecting ... 1764071222.2692535
2025-11-25T11:51:13.2664173Z CloudEvents: Reconnected. 1764071222.3694336
2025-11-25T11:51:13.2664465Z CloudEvents: Disconnected. Reconnecting ... 1764071224.3157725
2025-11-25T11:51:13.2664767Z CloudEvents: Reconnected. 1764071224.4159288
2025-11-25T11:51:13.2665065Z CloudEvents: Disconnected. Reconnecting ... 1764071224.663035
2025-11-25T11:51:13.2665361Z CloudEvents: Reconnected. 1764071224.7631962
2025-11-25T11:51:13.2665658Z CloudEvents: Disconnected. Reconnecting ... 1764071227.6321967
2025-11-25T11:51:13.2665969Z CloudEvents: Reconnected. 1764071227.7323427
2025-11-25T11:51:13.2666261Z CloudEvents: Disconnected. Reconnecting ... 1764071227.9734395
2025-11-25T11:51:13.2666850Z CloudEvents: Reconnected. 1764071228.0736086
2025-11-25T11:51:13.2667155Z CloudEvents: Disconnected. Reconnecting ... 1764071228.3357186
2025-11-25T11:51:13.2667461Z CloudEvents: Reconnected. 1764071228.435877
2025-11-25T11:51:13.2667756Z CloudEvents: Disconnected. Reconnecting ... 1764071258.189579
2025-11-25T11:51:13.2668055Z CloudEvents: Reconnected. 1764071258.28974
2025-11-25T11:51:13.2668351Z CloudEvents: Disconnected. Reconnecting ... 1764071258.5241573
2025-11-25T11:51:13.2668656Z CloudEvents: Reconnected. 1764071258.6243267
2025-11-25T11:51:13.2668948Z CloudEvents: Disconnected. Reconnecting ... 1764071258.8581917
2025-11-25T11:51:13.2669251Z CloudEvents: Reconnected. 1764071258.9583576
2025-11-25T11:51:13.2669548Z CloudEvents: Disconnected. Reconnecting ... 1764071270.6910512
2025-11-25T11:51:13.2669981Z CloudEvents: Reconnected. 1764071270.7912061
2025-11-25T11:51:13.2670277Z CloudEvents: Disconnected. Reconnecting ... 1764071271.0270886
2025-11-25T11:51:13.2670585Z CloudEvents: Reconnected. 1764071271.1272593
2025-11-25T11:51:13.2670878Z CloudEvents: Disconnected. Reconnecting ... 1764071271.3598769
2025-11-25T11:51:13.2671182Z CloudEvents: Reconnected. 1764071271.46006
2025-11-25T11:51:13.2671478Z CloudEvents: Disconnected. Reconnecting ... 1764071291.1667092
2025-11-25T11:51:13.2671780Z CloudEvents: Reconnected. 1764071291.2668853
2025-11-25T11:51:13.2672075Z CloudEvents: Disconnected. Reconnecting ... 1764071291.4995983
2025-11-25T11:51:13.2672376Z CloudEvents: Reconnected. 1764071291.5997453
2025-11-25T11:51:13.2672675Z CloudEvents: Disconnected. Reconnecting ... 1764071291.8368254
2025-11-25T11:51:13.2672980Z CloudEvents: Reconnected. 1764071291.936991
2025-11-25T11:51:13.2673268Z CloudEvents: Disconnected. Reconnecting ... 1764071307.5159822
2025-11-25T11:51:13.2673575Z CloudEvents: Reconnected. 1764071307.616149
2025-11-25T11:51:13.2673876Z CloudEvents: Disconnected. Reconnecting ... 1764071307.849401
2025-11-25T11:51:13.2674177Z CloudEvents: Reconnected. 1764071307.9495685
2025-11-25T11:51:13.2674478Z CloudEvents: Disconnected. Reconnecting ... 1764071308.1798928
2025-11-25T11:51:13.2674785Z CloudEvents: Reconnected. 1764071308.2800224
2025-11-25T11:51:13.2675080Z CloudEvents: Disconnected. Reconnecting ... 1764071336.8758345
2025-11-25T11:51:13.2675384Z CloudEvents: Reconnected. 1764071336.9759943
2025-11-25T11:51:13.2675679Z CloudEvents: Disconnected. Reconnecting ... 1764071357.214481
2025-11-25T11:51:13.2675975Z CloudEvents: Reconnected. 1764071357.314678
2025-11-25T11:51:13.2676274Z CloudEvents: Disconnected. Reconnecting ... 1764071357.5356877
2025-11-25T11:51:13.2676823Z CloudEvents: Reconnected. 1764071357.6358545
2025-11-25T11:51:13.2677124Z CloudEvents: Disconnected. Reconnecting ... 1764071357.8769228
2025-11-25T11:51:13.2677426Z CloudEvents: Reconnected. 1764071357.977087
2025-11-25T11:51:13.2677720Z CloudEvents: Disconnected. Reconnecting ... 1764071473.1616983
2025-11-25T12:00:58.5102862Z CloudEvents: Reconnected. 1764071473.2618668
2025-11-25T12:00:58.5103590Z CloudEvents: Disconnected. Reconnecting ... 1764071473.5264208
2025-11-25T12:00:58.5104150Z CloudEvents: Reconnected. 1764071473.6265848
2025-11-25T12:00:58.5105098Z CloudEvents: Disconnected. Reconnecting ... 1764071473.8528247
2025-11-25T12:00:58.5105630Z CloudEvents: Reconnected. 1764071473.953016
2025-11-25T12:00:58.5106115Z CloudEvents: Disconnected. Reconnecting ... 1764071476.476832
2025-11-25T12:00:58.5106946Z CloudEvents: Reconnected. 1764071476.5770051
2025-11-25T12:00:58.5107366Z CloudEvents: Disconnected. Reconnecting ... 1764071476.793967
2025-11-25T12:00:58.5107782Z CloudEvents: Reconnected. 1764071476.894122
2025-11-25T12:00:58.5108186Z CloudEvents: Disconnected. Reconnecting ... 1764071526.2106204
2025-11-25T12:00:58.5108599Z CloudEvents: Reconnected. 1764071526.3107958
2025-11-25T12:00:58.5109009Z CloudEvents: Disconnected. Reconnecting ... 1764071526.5463285
2025-11-25T12:00:58.5109436Z CloudEvents: Reconnected. 1764071526.6464746
2025-11-25T12:00:58.5109836Z CloudEvents: Disconnected. Reconnecting ... 1764071526.8967783
2025-11-25T12:00:58.5110250Z CloudEvents: Reconnected. 1764071526.996947
2025-11-25T12:00:58.5110649Z CloudEvents: Disconnected. Reconnecting ... 1764071538.5341709
2025-11-25T12:00:58.5111141Z CloudEvents: Reconnected. 1764071538.6343367
2025-11-25T12:00:58.5111542Z CloudEvents: Disconnected. Reconnecting ... 1764071538.8637097
2025-11-25T12:00:58.5111959Z CloudEvents: Reconnected. 1764071538.9638681
2025-11-25T12:00:58.5112364Z CloudEvents: Disconnected. Reconnecting ... 1764071550.4717226
2025-11-25T12:00:58.5112774Z CloudEvents: Reconnected. 1764071550.5719042
2025-11-25T12:00:58.5113178Z CloudEvents: Disconnected. Reconnecting ... 1764071554.4550772
2025-11-25T12:00:58.5113591Z CloudEvents: Reconnected. 1764071554.5552535
2025-11-25T12:00:58.5113986Z CloudEvents: Disconnected. Reconnecting ... 1764071558.2150872
2025-11-25T12:00:58.5114567Z CloudEvents: Reconnected. 1764071558.3152559
2025-11-25T12:00:58.5114967Z CloudEvents: Disconnected. Reconnecting ... 1764071558.5447803
2025-11-25T12:00:58.5115382Z CloudEvents: Reconnected. 1764071558.6449463
2025-11-25T12:00:58.5115793Z CloudEvents: Disconnected. Reconnecting ... 1764071561.9185278
2025-11-25T12:00:58.5116207Z CloudEvents: Reconnected. 1764071562.0187328
2025-11-25T12:00:58.5116693Z CloudEvents: Disconnected. Reconnecting ... 1764071562.2918503
2025-11-25T12:00:58.5117003Z CloudEvents: Reconnected. 1764071562.3920414
2025-11-25T12:00:58.5117299Z CloudEvents: Disconnected. Reconnecting ... 1764071562.6372838
2025-11-25T12:00:58.5117599Z CloudEvents: Reconnected. 1764071562.7374787
2025-11-25T12:00:58.5117893Z CloudEvents: Disconnected. Reconnecting ... 1764071564.9876318
2025-11-25T12:00:58.5118229Z CloudEvents: Reconnected. 1764071565.0878656
2025-11-25T12:00:58.5118523Z CloudEvents: Disconnected. Reconnecting ... 1764071565.3215702
2025-11-25T12:00:58.5118837Z CloudEvents: Reconnected. 1764071565.4217381
2025-11-25T12:00:58.5119129Z CloudEvents: Disconnected. Reconnecting ... 1764071565.6748052
2025-11-25T12:00:58.5119434Z CloudEvents: Reconnected. 1764071565.7749703
2025-11-25T12:00:58.5119725Z CloudEvents: Disconnected. Reconnecting ... 1764071568.2415926
2025-11-25T12:00:58.5120033Z CloudEvents: Reconnected. 1764071568.3417683
2025-11-25T12:00:58.5120329Z CloudEvents: Disconnected. Reconnecting ... 1764071568.5597756
2025-11-25T12:00:58.5120625Z CloudEvents: Reconnected. 1764071568.6599572
2025-11-25T12:00:58.5120923Z CloudEvents: Disconnected. Reconnecting ... 1764071568.8920646
2025-11-25T12:00:58.5121225Z CloudEvents: Reconnected. 1764071568.992233
2025-11-25T12:00:58.5121515Z CloudEvents: Disconnected. Reconnecting ... 1764071623.2837973
2025-11-25T12:00:58.5121819Z CloudEvents: Reconnected. 1764071623.3839724
2025-11-25T12:00:58.5122114Z CloudEvents: Disconnected. Reconnecting ... 1764071626.0172837
2025-11-25T12:00:58.5122418Z CloudEvents: Reconnected. 1764071626.117487
2025-11-25T12:00:58.5122715Z CloudEvents: Disconnected. Reconnecting ... 1764071626.3520613
2025-11-25T12:00:58.5123017Z CloudEvents: Reconnected. 1764071626.4522552
2025-11-25T12:00:58.5123306Z CloudEvents: Disconnected. Reconnecting ... 1764071626.6956022
2025-11-25T12:00:58.5123608Z CloudEvents: Reconnected. 1764071626.7958071
2025-11-25T12:00:58.5124016Z CloudEvents: Disconnected. Reconnecting ... 1764071628.8858602
2025-11-25T12:00:58.5124326Z CloudEvents: Reconnected. 1764071628.9860477
2025-11-25T12:00:58.5124619Z CloudEvents: Disconnected. Reconnecting ... 1764071629.2208643
2025-11-25T12:00:58.5124914Z CloudEvents: Reconnected. 1764071629.3210547
2025-11-25T12:00:58.5125209Z CloudEvents: Disconnected. Reconnecting ... 1764071629.5399692
2025-11-25T12:00:58.5125509Z CloudEvents: Reconnected. 1764071629.6401558
2025-11-25T12:00:58.5125805Z CloudEvents: Disconnected. Reconnecting ... 1764071632.3000002
2025-11-25T12:00:58.5126111Z CloudEvents: Reconnected. 1764071632.4001667
2025-11-25T12:00:58.5126525Z CloudEvents: Disconnected. Reconnecting ... 1764071632.629617
2025-11-25T12:00:58.5126827Z CloudEvents: Reconnected. 1764071632.7298052
2025-11-25T12:00:58.5127120Z CloudEvents: Disconnected. Reconnecting ... 1764071632.9557009
2025-11-25T12:00:58.5127424Z CloudEvents: Reconnected. 1764071633.0558624
2025-11-25T12:00:58.5127715Z CloudEvents: Disconnected. Reconnecting ... 1764071634.919519
2025-11-25T12:00:58.5128016Z CloudEvents: Reconnected. 1764071635.0197198
2025-11-25T12:00:58.5128304Z CloudEvents: Disconnected. Reconnecting ... 1764071635.2474558
2025-11-25T12:00:58.5128602Z CloudEvents: Reconnected. 1764071635.3476229
2025-11-25T12:00:58.5128897Z CloudEvents: Disconnected. Reconnecting ... 1764071635.5811148
2025-11-25T12:00:58.5129191Z CloudEvents: Reconnected. 1764071635.6812832
2025-11-25T12:00:58.5129485Z CloudEvents: Disconnected. Reconnecting ... 1764071638.0281882
2025-11-25T12:00:58.5129787Z CloudEvents: Reconnected. 1764071638.1283581
2025-11-25T12:00:58.5130207Z CloudEvents: Disconnected. Reconnecting ... 1764071638.3692822
2025-11-25T12:00:58.5130512Z CloudEvents: Reconnected. 1764071638.4694514
2025-11-25T12:00:58.5130803Z CloudEvents: Disconnected. Reconnecting ... 1764071638.719715
2025-11-25T12:00:58.5131104Z CloudEvents: Reconnected. 1764071638.8198721
2025-11-25T12:00:58.5131405Z CloudEvents: Disconnected. Reconnecting ... 1764071642.7367375
2025-11-25T12:00:58.5131707Z CloudEvents: Reconnected. 1764071642.836927
2025-11-25T12:00:58.5131994Z CloudEvents: Disconnected. Reconnecting ... 1764071646.1254406
2025-11-25T12:00:58.5132294Z CloudEvents: Reconnected. 1764071646.225603
2025-11-25T12:00:58.5132580Z CloudEvents: Disconnected. Reconnecting ... 1764071646.4657323
2025-11-25T12:00:58.5132884Z CloudEvents: Reconnected. 1764071646.5659099
2025-11-25T12:00:58.5133180Z CloudEvents: Disconnected. Reconnecting ... 1764071646.7874575
2025-11-25T12:00:58.5133477Z CloudEvents: Reconnected. 1764071646.887604
2025-11-25T12:00:58.5133768Z CloudEvents: Disconnected. Reconnecting ... 1764071653.8462327
2025-11-25T12:00:58.5134094Z CloudEvents: Reconnected. 1764071653.9464138
2025-11-25T12:00:58.5134396Z CloudEvents: Disconnected. Reconnecting ... 1764071654.1800508
2025-11-25T12:00:58.5134705Z CloudEvents: Reconnected. 1764071654.2802224
2025-11-25T12:00:58.5135003Z CloudEvents: Disconnected. Reconnecting ... 1764071654.50101
2025-11-25T12:00:58.5135303Z CloudEvents: Reconnected. 1764071654.6011534
2025-11-25T12:00:58.5135603Z CloudEvents: Disconnected. Reconnecting ... 1764071718.022151
2025-11-25T12:00:58.5135907Z CloudEvents: Reconnected. 1764071718.1223187
2025-11-25T12:00:58.5136196Z CloudEvents: Disconnected. Reconnecting ... 1764071746.952456
2025-11-25T12:00:58.5136598Z CloudEvents: Reconnected. 1764071747.0526874
2025-11-25T12:00:58.5136893Z CloudEvents: Disconnected. Reconnecting ... 1764071747.2861536
2025-11-25T12:00:58.5137199Z CloudEvents: Reconnected. 1764071747.3863218
2025-11-25T12:00:58.5137499Z CloudEvents: Disconnected. Reconnecting ... 1764071747.6074393
2025-11-25T12:00:58.5137805Z CloudEvents: Reconnected. 1764071747.7076142
2025-11-25T12:00:58.5138099Z CloudEvents: Disconnected. Reconnecting ... 1764071764.5457842
2025-11-25T12:00:58.5138402Z CloudEvents: Reconnected. 1764071764.6459544
2025-11-25T12:00:58.5138694Z CloudEvents: Disconnected. Reconnecting ... 1764071778.5258555
2025-11-25T12:00:58.5139110Z CloudEvents: Reconnected. 1764071778.6260338
2025-11-25T12:00:58.5139410Z CloudEvents: Disconnected. Reconnecting ... 1764071778.9222453
2025-11-25T12:00:58.5139707Z CloudEvents: Reconnected. 1764071779.0223913
2025-11-25T12:00:58.5140002Z CloudEvents: Disconnected. Reconnecting ... 1764071817.235486
2025-11-25T12:00:58.5140302Z CloudEvents: Reconnected. 1764071817.335717
2025-11-25T12:00:58.5140593Z CloudEvents: Disconnected. Reconnecting ... 1764071817.5635073
2025-11-25T12:00:58.5140898Z CloudEvents: Reconnected. 1764071817.663677
2025-11-25T12:00:58.5141185Z CloudEvents: Disconnected. Reconnecting ... 1764071817.8903408
2025-11-25T12:00:58.5141495Z CloudEvents: Reconnected. 1764071817.990505
2025-11-25T12:00:58.5141786Z CloudEvents: Disconnected. Reconnecting ... 1764071820.5196223
2025-11-25T12:00:58.5142082Z CloudEvents: Reconnected. 1764071820.6198063
2025-11-25T12:00:58.5142380Z CloudEvents: Disconnected. Reconnecting ... 1764071820.837894
2025-11-25T12:00:58.5142688Z CloudEvents: Reconnected. 1764071820.9380634
2025-11-25T12:00:58.5142980Z CloudEvents: Disconnected. Reconnecting ... 1764071821.1620643
2025-11-25T12:00:58.5143287Z CloudEvents: Reconnected. 1764071821.2622054
2025-11-25T12:00:58.5143581Z CloudEvents: Disconnected. Reconnecting ... 1764071823.8585174
2025-11-25T12:00:58.5143878Z CloudEvents: Reconnected. 1764071823.9586773
2025-11-25T12:00:58.5144176Z CloudEvents: Disconnected. Reconnecting ... 1764071824.1952443
2025-11-25T12:00:58.5144473Z CloudEvents: Reconnected. 1764071824.295357
2025-11-25T12:00:58.5144781Z CloudEvents: Disconnected. Reconnecting ... 1764071827.370031
2025-11-25T12:00:58.5145086Z CloudEvents: Reconnected. 1764071827.4701958
2025-11-25T12:00:58.5145505Z CloudEvents: Disconnected. Reconnecting ... 1764071827.6927605
2025-11-25T12:00:58.5145810Z CloudEvents: Reconnected. 1764071827.7928915
2025-11-25T12:00:58.5146107Z CloudEvents: Disconnected. Reconnecting ... 1764071830.157968
2025-11-25T12:00:58.5146656Z CloudEvents: Reconnected. 1764071830.258137
2025-11-25T12:00:58.5147037Z CloudEvents: Disconnected. Reconnecting ... 1764071830.4912858
2025-11-25T12:00:58.5147345Z CloudEvents: Reconnected. 1764071830.5914392
2025-11-25T12:00:58.5147647Z CloudEvents: Disconnected. Reconnecting ... 1764071830.8099134
2025-11-25T12:00:58.5147945Z CloudEvents: Reconnected. 1764071830.910052
2025-11-25T12:00:58.5148236Z CloudEvents: Disconnected. Reconnecting ... 1764071832.997738
2025-11-25T12:00:58.5148541Z CloudEvents: Reconnected. 1764071833.0979097
2025-11-25T12:00:58.5148831Z CloudEvents: Disconnected. Reconnecting ... 1764071833.3270657
2025-11-25T12:00:58.5149132Z CloudEvents: Reconnected. 1764071833.4272373
2025-11-25T12:00:58.5149429Z CloudEvents: Disconnected. Reconnecting ... 1764071833.656885
2025-11-25T12:00:58.5149723Z CloudEvents: Reconnected. 1764071833.7570574
2025-11-25T12:00:58.5150015Z CloudEvents: Disconnected. Reconnecting ... 1764071836.850353
2025-11-25T12:00:58.5150309Z CloudEvents: Reconnected. 1764071836.9505217
2025-11-25T12:00:58.5150608Z CloudEvents: Disconnected. Reconnecting ... 1764071837.1745899
2025-11-25T12:00:58.5150911Z CloudEvents: Reconnected. 1764071837.2747726
2025-11-25T12:00:58.5151200Z CloudEvents: Disconnected. Reconnecting ... 1764071840.3060856
2025-11-25T12:00:58.5151504Z CloudEvents: Reconnected. 1764071840.40625
2025-11-25T12:00:58.5151803Z CloudEvents: Disconnected. Reconnecting ... 1764071840.6517076
2025-11-25T12:00:58.5152097Z CloudEvents: Reconnected. 1764071840.7518783
2025-11-25T12:00:58.5152392Z CloudEvents: Disconnected. Reconnecting ... 1764071840.9702647
2025-11-25T12:00:58.5152691Z CloudEvents: Reconnected. 1764071841.070401
2025-11-25T12:00:58.5152979Z CloudEvents: Disconnected. Reconnecting ... 1764071974.768931
2025-11-25T12:00:58.5153286Z CloudEvents: Reconnected. 1764071974.869079
2025-11-25T12:00:58.5153577Z CloudEvents: Disconnected. Reconnecting ... 1764071975.1138616
2025-11-25T12:00:58.5153870Z CloudEvents: Reconnected. 1764071975.213997
2025-11-25T12:00:58.5154288Z CloudEvents: Disconnected. Reconnecting ... 1764071975.459532
2025-11-25T12:00:58.5154593Z CloudEvents: Reconnected. 1764071975.5596952
2025-11-25T12:28:14.9441157Z CloudEvents: Disconnected. Reconnecting ... 1764072058.5100849
2025-11-25T12:28:14.9441968Z CloudEvents: Reconnected. 1764072058.6103296
2025-11-25T12:28:14.9442655Z CloudEvents: Disconnected. Reconnecting ... 1764072133.2771344
2025-11-25T12:28:14.9443335Z CloudEvents: Reconnected. 1764072133.377304
2025-11-25T12:28:14.9443995Z CloudEvents: Disconnected. Reconnecting ... 1764072133.623697
2025-11-25T12:28:14.9444676Z CloudEvents: Reconnected. 1764072133.7238293
2025-11-25T12:28:14.9445182Z CloudEvents: Disconnected. Reconnecting ... 1764072134.0021348
2025-11-25T12:28:14.9445626Z CloudEvents: Reconnected. 1764072134.1022928
2025-11-25T12:28:14.9446002Z CloudEvents: Disconnected. Reconnecting ... 1764072169.325875
2025-11-25T12:28:14.9446595Z CloudEvents: Reconnected. 1764072169.4260278
2025-11-25T12:28:14.9447041Z CloudEvents: Disconnected. Reconnecting ... 1764072177.6463387
2025-11-25T12:28:14.9447440Z CloudEvents: Reconnected. 1764072177.7465074
2025-11-25T12:28:14.9447827Z CloudEvents: Disconnected. Reconnecting ... 1764072210.0924416
2025-11-25T12:28:14.9448221Z CloudEvents: Reconnected. 1764072210.1926203
2025-11-25T12:28:14.9448599Z CloudEvents: Disconnected. Reconnecting ... 1764072210.4484954
2025-11-25T12:28:14.9448984Z CloudEvents: Reconnected. 1764072210.5486913
2025-11-25T12:28:14.9449356Z CloudEvents: Disconnected. Reconnecting ... 1764072219.6205373
2025-11-25T12:28:14.9449746Z CloudEvents: Reconnected. 1764072219.72072
2025-11-25T12:28:14.9450114Z CloudEvents: Disconnected. Reconnecting ... 1764072219.9482782
2025-11-25T12:28:14.9450943Z CloudEvents: Reconnected. 1764072220.048419
2025-11-25T12:28:14.9451317Z CloudEvents: Disconnected. Reconnecting ... 1764072242.903773
2025-11-25T12:28:14.9451700Z CloudEvents: Reconnected. 1764072243.0039833
2025-11-25T12:28:14.9452074Z CloudEvents: Disconnected. Reconnecting ... 1764072243.2310832
2025-11-25T12:28:14.9452453Z CloudEvents: Reconnected. 1764072243.3312495
2025-11-25T12:28:14.9452852Z CloudEvents: Disconnected. Reconnecting ... 1764072246.9984975
2025-11-25T12:28:14.9453289Z CloudEvents: Reconnected. 1764072247.098717
2025-11-25T12:28:14.9453650Z CloudEvents: Disconnected. Reconnecting ... 1764072247.343344
2025-11-25T12:28:14.9454029Z CloudEvents: Reconnected. 1764072247.443506
2025-11-25T12:28:14.9454398Z CloudEvents: Disconnected. Reconnecting ... 1764072247.6614614
2025-11-25T12:28:14.9454779Z CloudEvents: Reconnected. 1764072247.7616897
2025-11-25T12:28:14.9455162Z CloudEvents: Disconnected. Reconnecting ... 1764072396.1156964
2025-11-25T12:28:14.9455664Z CloudEvents: Reconnected. 1764072396.215889
2025-11-25T12:28:14.9456173Z CloudEvents: Disconnected. Reconnecting ... 1764072396.4414778
2025-11-25T12:28:14.9456883Z CloudEvents: Reconnected. 1764072396.5416636
2025-11-25T12:28:14.9457409Z CloudEvents: Disconnected. Reconnecting ... 1764072505.8558285
2025-11-25T12:28:14.9457999Z CloudEvents: Reconnected. 1764072505.9559977
2025-11-25T12:28:14.9458612Z CloudEvents: Disconnected. Reconnecting ... 1764072509.316961
2025-11-25T12:28:14.9459233Z CloudEvents: Reconnected. 1764072509.4171348
2025-11-25T12:28:14.9459776Z CloudEvents: Disconnected. Reconnecting ... 1764072509.6476882
2025-11-25T12:28:14.9460383Z CloudEvents: Reconnected. 1764072509.7478623
2025-11-25T12:28:14.9461034Z CloudEvents: Disconnected. Reconnecting ... 1764072509.968189
2025-11-25T12:28:14.9461787Z CloudEvents: Reconnected. 1764072510.0683565
2025-11-25T12:28:14.9462207Z CloudEvents: Disconnected. Reconnecting ... 1764072570.2410228
2025-11-25T12:28:14.9462595Z CloudEvents: Reconnected. 1764072570.3412132
2025-11-25T12:28:14.9462983Z CloudEvents: Disconnected. Reconnecting ... 1764072570.5894883
2025-11-25T12:28:14.9463373Z CloudEvents: Reconnected. 1764072570.6896684
2025-11-25T12:28:14.9463743Z CloudEvents: Disconnected. Reconnecting ... 1764072570.9185245
2025-11-25T12:28:14.9464111Z CloudEvents: Reconnected. 1764072571.0187244
2025-11-25T12:28:14.9464626Z CloudEvents: Disconnected. Reconnecting ... 1764072603.366319
2025-11-25T12:28:14.9464952Z CloudEvents: Reconnected. 1764072603.466519
2025-11-25T12:28:14.9465262Z CloudEvents: Disconnected. Reconnecting ... 1764072603.7293625
2025-11-25T12:28:14.9465618Z CloudEvents: Reconnected. 1764072603.8295195
2025-11-25T12:28:14.9465920Z CloudEvents: Disconnected. Reconnecting ... 1764072660.0707798
2025-11-25T12:28:14.9466227Z CloudEvents: Reconnected. 1764072660.1709645
2025-11-25T12:28:14.9466814Z CloudEvents: Disconnected. Reconnecting ... 1764072660.4238548
2025-11-25T12:28:14.9467131Z CloudEvents: Reconnected. 1764072660.5240397
2025-11-25T12:28:14.9467434Z CloudEvents: Disconnected. Reconnecting ... 1764072673.439403
2025-11-25T12:28:14.9467744Z CloudEvents: Reconnected. 1764072673.5395734
2025-11-25T12:28:14.9468045Z CloudEvents: Disconnected. Reconnecting ... 1764072673.7714307
2025-11-25T12:28:14.9468348Z CloudEvents: Reconnected. 1764072673.871631
2025-11-25T12:28:14.9468647Z CloudEvents: Disconnected. Reconnecting ... 1764072674.1055894
2025-11-25T12:28:14.9468954Z CloudEvents: Reconnected. 1764072674.2057471
2025-11-25T12:28:14.9469247Z CloudEvents: Disconnected. Reconnecting ... 1764072717.8435996
2025-11-25T12:28:14.9469552Z CloudEvents: Reconnected. 1764072717.9437966
2025-11-25T12:28:14.9469845Z CloudEvents: Disconnected. Reconnecting ... 1764072718.173049
2025-11-25T12:28:14.9470142Z CloudEvents: Reconnected. 1764072718.2732408
2025-11-25T12:28:14.9470438Z CloudEvents: Disconnected. Reconnecting ... 1764072829.953595
2025-11-25T12:28:14.9470740Z CloudEvents: Reconnected. 1764072830.053743
2025-11-25T12:28:14.9471034Z CloudEvents: Disconnected. Reconnecting ... 1764072912.7760482
2025-11-25T12:28:14.9471483Z CloudEvents: Reconnected. 1764072912.8762279
2025-11-25T12:28:14.9471783Z CloudEvents: Disconnected. Reconnecting ... 1764072913.1440012
2025-11-25T12:28:14.9472079Z CloudEvents: Reconnected. 1764072913.2441425
2025-11-25T12:28:14.9472377Z CloudEvents: Disconnected. Reconnecting ... 1764072923.0337958
2025-11-25T12:28:14.9472685Z CloudEvents: Reconnected. 1764072923.1339605
2025-11-25T12:28:14.9472981Z CloudEvents: Disconnected. Reconnecting ... 1764072925.4871113
2025-11-25T12:28:14.9473285Z CloudEvents: Reconnected. 1764072925.5873246
2025-11-25T12:28:14.9473579Z CloudEvents: Disconnected. Reconnecting ... 1764072928.9804952
2025-11-25T12:28:14.9473882Z CloudEvents: Reconnected. 1764072929.080732
2025-11-25T12:28:14.9474181Z CloudEvents: Disconnected. Reconnecting ... 1764072929.3303857
2025-11-25T12:28:14.9474478Z CloudEvents: Reconnected. 1764072929.4305925
2025-11-25T12:28:14.9474778Z CloudEvents: Disconnected. Reconnecting ... 1764072929.6636336
2025-11-25T12:28:14.9475088Z CloudEvents: Reconnected. 1764072929.7638361
2025-11-25T12:28:14.9475376Z CloudEvents: Disconnected. Reconnecting ... 1764073040.814604
2025-11-25T12:28:14.9475681Z CloudEvents: Reconnected. 1764073040.9148102
2025-11-25T12:28:14.9475983Z CloudEvents: Disconnected. Reconnecting ... 1764073041.198976
2025-11-25T12:28:14.9476282Z CloudEvents: Reconnected. 1764073041.299164
2025-11-25T12:28:14.9476757Z CloudEvents: Disconnected. Reconnecting ... 1764073059.4017024
2025-11-25T12:28:14.9477066Z CloudEvents: Reconnected. 1764073059.5018766
2025-11-25T12:28:14.9477371Z CloudEvents: Disconnected. Reconnecting ... 1764073059.7674613
2025-11-25T12:28:14.9477686Z CloudEvents: Reconnected. 1764073059.867664
2025-11-25T12:28:14.9477987Z CloudEvents: Disconnected. Reconnecting ... 1764073060.1328826
2025-11-25T12:28:14.9478298Z CloudEvents: Reconnected. 1764073060.2330508
2025-11-25T12:28:14.9478603Z CloudEvents: Disconnected. Reconnecting ... 1764073073.8911273
2025-11-25T12:28:14.9478906Z CloudEvents: Reconnected. 1764073073.9913006
2025-11-25T12:28:14.9479212Z CloudEvents: Disconnected. Reconnecting ... 1764073074.2265275
2025-11-25T12:28:14.9479517Z CloudEvents: Reconnected. 1764073074.3267224
2025-11-25T12:28:14.9479814Z CloudEvents: Disconnected. Reconnecting ... 1764073096.9899988
2025-11-25T12:28:14.9480120Z CloudEvents: Reconnected. 1764073097.0901732
2025-11-25T12:28:14.9480540Z CloudEvents: Disconnected. Reconnecting ... 1764073097.3226192
2025-11-25T12:28:14.9480844Z CloudEvents: Reconnected. 1764073097.4228098
2025-11-25T12:28:14.9481142Z CloudEvents: Disconnected. Reconnecting ... 1764073097.6570606
2025-11-25T12:28:14.9481448Z CloudEvents: Reconnected. 1764073097.7572272
2025-11-25T12:28:14.9481743Z CloudEvents: Disconnected. Reconnecting ... 1764073262.285388
2025-11-25T12:28:14.9482049Z CloudEvents: Reconnected. 1764073262.3855393
2025-11-25T12:28:14.9482343Z CloudEvents: Disconnected. Reconnecting ... 1764073262.6696208
2025-11-25T12:28:14.9482652Z CloudEvents: Reconnected. 1764073262.7697895
2025-11-25T12:28:14.9482954Z CloudEvents: Disconnected. Reconnecting ... 1764073281.5975118
2025-11-25T12:28:14.9483254Z CloudEvents: Reconnected. 1764073281.6976929
2025-11-25T12:28:14.9483564Z CloudEvents: Disconnected. Reconnecting ... 1764073281.9350326
2025-11-25T12:28:14.9483870Z CloudEvents: Reconnected. 1764073282.0351882
2025-11-25T12:28:14.9484328Z CloudEvents: Disconnected. Reconnecting ... 1764073455.5235665
2025-11-25T12:28:14.9484916Z CloudEvents: Reconnected. 1764073455.623733
2025-11-25T12:28:14.9485496Z CloudEvents: Disconnected. Reconnecting ... 1764073500.3944724
2025-11-25T12:28:14.9485838Z CloudEvents: Reconnected. 1764073500.4946594
2025-11-25T12:28:14.9486141Z CloudEvents: Disconnected. Reconnecting ... 1764073500.7290146
2025-11-25T12:28:14.9486655Z CloudEvents: Reconnected. 1764073500.829166
2025-11-25T12:28:14.9487203Z CloudEvents: Disconnected. Reconnecting ... 1764073501.0703652
2025-11-25T12:28:14.9487653Z CloudEvents: Reconnected. 1764073501.170548
2025-11-25T12:28:14.9488125Z CloudEvents: Disconnected. Reconnecting ... 1764073506.4317079
2025-11-25T12:28:14.9488430Z CloudEvents: Reconnected. 1764073506.5318823
2025-11-25T12:28:14.9488746Z CloudEvents: Disconnected. Reconnecting ... 1764073506.789544
2025-11-25T12:28:14.9489128Z CloudEvents: Reconnected. 1764073506.8896906
2025-11-25T12:28:14.9489432Z CloudEvents: Disconnected. Reconnecting ... 1764073520.873599
2025-11-25T12:28:14.9489739Z CloudEvents: Reconnected. 1764073520.9737759
2025-11-25T12:28:14.9490035Z CloudEvents: Disconnected. Reconnecting ... 1764073533.7483578
2025-11-25T12:28:14.9490339Z CloudEvents: Reconnected. 1764073533.8485622
2025-11-25T12:28:14.9490639Z CloudEvents: Disconnected. Reconnecting ... 1764073534.0850408
2025-11-25T12:28:14.9490942Z CloudEvents: Reconnected. 1764073534.185195
2025-11-25T12:28:14.9491238Z CloudEvents: Disconnected. Reconnecting ... 1764073543.358176
2025-11-25T12:28:14.9491542Z CloudEvents: Reconnected. 1764073543.4583633
2025-11-25T12:28:14.9491834Z CloudEvents: Disconnected. Reconnecting ... 1764073543.683576
2025-11-25T12:28:14.9492151Z CloudEvents: Reconnected. 1764073543.7837522
2025-11-25T12:28:14.9492452Z CloudEvents: Disconnected. Reconnecting ... 1764073549.3819647
2025-11-25T12:28:14.9492756Z CloudEvents: Reconnected. 1764073549.4821053
2025-11-25T12:28:14.9493057Z CloudEvents: Disconnected. Reconnecting ... 1764073549.714866
2025-11-25T12:28:14.9493356Z CloudEvents: Reconnected. 1764073549.8150358
2025-11-25T12:28:14.9493655Z CloudEvents: Disconnected. Reconnecting ... 1764073550.075706
2025-11-25T12:28:14.9493983Z CloudEvents: Reconnected. 1764073550.1758733
2025-11-25T12:28:14.9494276Z CloudEvents: Disconnected. Reconnecting ... 1764073556.8159323
2025-11-25T12:28:14.9494579Z CloudEvents: Reconnected. 1764073556.916084
2025-11-25T12:28:14.9494875Z CloudEvents: Disconnected. Reconnecting ... 1764073557.1510484
2025-11-25T12:28:14.9495177Z CloudEvents: Reconnected. 1764073557.2512279
2025-11-25T12:28:14.9495476Z CloudEvents: Disconnected. Reconnecting ... 1764073557.4788744
2025-11-25T12:28:14.9495783Z CloudEvents: Reconnected. 1764073557.5790455
2025-11-25T12:28:14.9496077Z CloudEvents: Disconnected. Reconnecting ... 1764073642.6971507
2025-11-25T12:28:14.9496594Z CloudEvents: Reconnected. 1764073642.7973323
2025-11-25T12:28:14.9496918Z CloudEvents: Disconnected. Reconnecting ... 1764073643.0343463
2025-11-25T12:28:14.9497355Z CloudEvents: Reconnected. 1764073643.1345432
2025-11-25T12:28:14.9497672Z CloudEvents: Disconnected. Reconnecting ... 1764073643.3715963
2025-11-25T12:28:14.9497980Z CloudEvents: Reconnected. 1764073643.4717512
2025-11-25T12:28:14.9498282Z CloudEvents: Disconnected. Reconnecting ... 1764073682.4622178
2025-11-25T12:28:14.9498590Z CloudEvents: Reconnected. 1764073682.5623918
2025-11-25T12:28:14.9498886Z CloudEvents: Disconnected. Reconnecting ... 1764073694.843691
2025-11-25T12:48:43.2786709Z CloudEvents: Reconnected. 1764073694.9438565
2025-11-25T12:48:43.2787340Z CloudEvents: Disconnected. Reconnecting ... 1764073777.9263458
2025-11-25T12:48:43.2787962Z CloudEvents: Reconnected. 1764073778.0264926
2025-11-25T12:48:43.2788488Z CloudEvents: Disconnected. Reconnecting ... 1764073890.9465125
2025-11-25T12:48:43.2789013Z CloudEvents: Reconnected. 1764073891.0466988
2025-11-25T12:48:43.2789529Z CloudEvents: Disconnected. Reconnecting ... 1764073891.2966657
2025-11-25T12:48:43.2790096Z CloudEvents: Reconnected. 1764073891.3968089
2025-11-25T12:48:43.2790642Z CloudEvents: Disconnected. Reconnecting ... 1764073891.659561
2025-11-25T12:48:43.2791298Z CloudEvents: Reconnected. 1764073891.7597263
2025-11-25T12:48:43.2791955Z CloudEvents: Disconnected. Reconnecting ... 1764073900.7342446
2025-11-25T12:48:43.2792523Z CloudEvents: Reconnected. 1764073900.8344357
2025-11-25T12:48:43.2793096Z CloudEvents: Disconnected. Reconnecting ... 1764073901.0683012
2025-11-25T12:48:43.2793686Z CloudEvents: Reconnected. 1764073901.168448
2025-11-25T12:48:43.2794256Z CloudEvents: Disconnected. Reconnecting ... 1764073901.4218357
2025-11-25T12:48:43.2794949Z CloudEvents: Reconnected. 1764073901.5220168
2025-11-25T12:48:43.2795955Z CloudEvents: Disconnected. Reconnecting ... 1764073916.929516
2025-11-25T12:48:43.2796760Z CloudEvents: Reconnected. 1764073917.0297487
2025-11-25T12:48:43.2797345Z CloudEvents: Disconnected. Reconnecting ... 1764073917.2540298
2025-11-25T12:48:43.2797733Z CloudEvents: Reconnected. 1764073917.3541994
2025-11-25T12:48:43.2798069Z CloudEvents: Disconnected. Reconnecting ... 1764073917.609609
2025-11-25T12:48:43.2798442Z CloudEvents: Reconnected. 1764073917.7097723
2025-11-25T12:48:43.2798997Z CloudEvents: Disconnected. Reconnecting ... 1764073937.790742
2025-11-25T12:48:43.2799630Z CloudEvents: Reconnected. 1764073937.8909504
2025-11-25T12:48:43.2800160Z CloudEvents: Disconnected. Reconnecting ... 1764073938.1428556
2025-11-25T12:48:43.2800736Z CloudEvents: Reconnected. 1764073938.2430224
2025-11-25T12:48:43.2801281Z CloudEvents: Disconnected. Reconnecting ... 1764073938.468223
2025-11-25T12:48:43.2801595Z CloudEvents: Reconnected. 1764073938.5683632
2025-11-25T12:48:43.2801913Z CloudEvents: Disconnected. Reconnecting ... 1764074014.6426344
2025-11-25T12:48:43.2802221Z CloudEvents: Reconnected. 1764074014.7428572
2025-11-25T12:48:43.2802512Z CloudEvents: Disconnected. Reconnecting ... 1764074014.9924672
2025-11-25T12:48:43.2802817Z CloudEvents: Reconnected. 1764074015.092673
2025-11-25T12:48:43.2803116Z CloudEvents: Disconnected. Reconnecting ... 1764074015.3196857
2025-11-25T12:48:43.2803426Z CloudEvents: Reconnected. 1764074015.4198587
2025-11-25T12:48:43.2803723Z CloudEvents: Disconnected. Reconnecting ... 1764074188.081143
2025-11-25T12:48:43.2804025Z CloudEvents: Reconnected. 1764074188.181351
2025-11-25T12:48:43.2804323Z CloudEvents: Disconnected. Reconnecting ... 1764074188.4237857
2025-11-25T12:48:43.2804627Z CloudEvents: Reconnected. 1764074188.5239828
2025-11-25T12:48:43.2805030Z CloudEvents: Disconnected. Reconnecting ... 1764074200.494433
2025-11-25T12:48:43.2805342Z CloudEvents: Reconnected. 1764074200.5946352
2025-11-25T12:48:43.2805636Z CloudEvents: Disconnected. Reconnecting ... 1764074200.861858
2025-11-25T12:48:43.2805939Z CloudEvents: Reconnected. 1764074200.9642599
2025-11-25T12:48:43.2806237Z CloudEvents: Disconnected. Reconnecting ... 1764074201.2037408
2025-11-25T12:48:43.2806804Z CloudEvents: Reconnected. 1764074201.3039322
2025-11-25T12:48:43.2807336Z CloudEvents: Disconnected. Reconnecting ... 1764074250.0710607
2025-11-25T12:48:43.2807643Z CloudEvents: Reconnected. 1764074250.171234
2025-11-25T12:48:43.2807937Z CloudEvents: Disconnected. Reconnecting ... 1764074250.4213948
2025-11-25T12:48:43.2808240Z CloudEvents: Reconnected. 1764074250.5215864
2025-11-25T12:48:43.2808530Z CloudEvents: Disconnected. Reconnecting ... 1764074259.8946893
2025-11-25T12:48:43.2808833Z CloudEvents: Reconnected. 1764074259.9948885
2025-11-25T12:48:43.2809127Z CloudEvents: Disconnected. Reconnecting ... 1764074260.2260783
2025-11-25T12:48:43.2809424Z CloudEvents: Reconnected. 1764074260.3262262
2025-11-25T12:48:43.2809719Z CloudEvents: Disconnected. Reconnecting ... 1764074260.5895686
2025-11-25T12:48:43.2810021Z CloudEvents: Reconnected. 1764074260.6897318
2025-11-25T12:48:43.2810317Z CloudEvents: Disconnected. Reconnecting ... 1764074267.4637923
2025-11-25T12:48:43.2810619Z CloudEvents: Reconnected. 1764074267.5639405
2025-11-25T12:48:43.2810911Z CloudEvents: Disconnected. Reconnecting ... 1764074288.4910061
2025-11-25T12:48:43.2811219Z CloudEvents: Reconnected. 1764074288.5911808
2025-11-25T12:48:43.2811515Z CloudEvents: Disconnected. Reconnecting ... 1764074288.8258085
2025-11-25T12:48:43.2811813Z CloudEvents: Reconnected. 1764074288.9259527
2025-11-25T12:48:43.2812108Z CloudEvents: Disconnected. Reconnecting ... 1764074289.152864
2025-11-25T12:48:43.2812411Z CloudEvents: Reconnected. 1764074289.2530537
2025-11-25T12:48:43.2812699Z CloudEvents: Disconnected. Reconnecting ... 1764074343.0359306
2025-11-25T12:48:43.2813001Z CloudEvents: Reconnected. 1764074343.1360633
2025-11-25T12:48:43.2813292Z CloudEvents: Disconnected. Reconnecting ... 1764074343.371906
2025-11-25T12:48:43.2813739Z CloudEvents: Reconnected. 1764074343.4720707
2025-11-25T12:48:43.2814035Z CloudEvents: Disconnected. Reconnecting ... 1764074343.7599223
2025-11-25T12:48:43.2814332Z CloudEvents: Reconnected. 1764074343.8600903
2025-11-25T12:48:43.2814627Z CloudEvents: Disconnected. Reconnecting ... 1764074461.632291
2025-11-25T12:48:43.2814932Z CloudEvents: Reconnected. 1764074461.732467
2025-11-25T12:48:43.2815228Z CloudEvents: Disconnected. Reconnecting ... 1764074488.6986918
2025-11-25T12:48:43.2815534Z CloudEvents: Reconnected. 1764074488.7988613
2025-11-25T12:48:43.2815826Z CloudEvents: Disconnected. Reconnecting ... 1764074489.0307324
2025-11-25T12:48:43.2816118Z CloudEvents: Reconnected. 1764074489.1308806
2025-11-25T12:48:43.2816621Z CloudEvents: Disconnected. Reconnecting ... 1764074543.7929387
2025-11-25T12:48:43.2816931Z CloudEvents: Reconnected. 1764074543.893106
2025-11-25T12:48:43.2817217Z CloudEvents: Disconnected. Reconnecting ... 1764074544.133841
2025-11-25T12:48:43.2817523Z CloudEvents: Reconnected. 1764074544.2339706
2025-11-25T12:48:43.2817826Z CloudEvents: Disconnected. Reconnecting ... 1764074544.4565928
2025-11-25T12:48:43.2818125Z CloudEvents: Reconnected. 1764074544.556759
2025-11-25T12:48:43.2818416Z CloudEvents: Disconnected. Reconnecting ... 1764074559.9013095
2025-11-25T12:48:43.2818718Z CloudEvents: Reconnected. 1764074560.0014646
2025-11-25T12:48:43.2819015Z CloudEvents: Disconnected. Reconnecting ... 1764074560.236157
2025-11-25T12:48:43.2819316Z CloudEvents: Reconnected. 1764074560.3362975
2025-11-25T12:48:43.2819601Z CloudEvents: Disconnected. Reconnecting ... 1764074560.578084
2025-11-25T12:48:43.2819898Z CloudEvents: Reconnected. 1764074560.678228
2025-11-25T12:48:43.2820190Z CloudEvents: Disconnected. Reconnecting ... 1764074607.1554396
2025-11-25T12:48:43.2820488Z CloudEvents: Reconnected. 1764074607.2555938
2025-11-25T12:48:43.2820780Z CloudEvents: Disconnected. Reconnecting ... 1764074607.479845
2025-11-25T12:48:43.2821079Z CloudEvents: Reconnected. 1764074607.5800104
2025-11-25T12:48:43.2821385Z CloudEvents: Disconnected. Reconnecting ... 1764074607.828253
2025-11-25T12:48:43.2821696Z CloudEvents: Reconnected. 1764074607.9284568
2025-11-25T12:48:43.2822004Z CloudEvents: Disconnected. Reconnecting ... 1764074615.9334912
2025-11-25T12:48:43.2822312Z CloudEvents: Reconnected. 1764074616.0336833
2025-11-25T12:48:43.2822734Z CloudEvents: Disconnected. Reconnecting ... 1764074616.2757072
2025-11-25T12:48:43.2823041Z CloudEvents: Reconnected. 1764074616.3758655
2025-11-25T12:48:43.2823338Z CloudEvents: Disconnected. Reconnecting ... 1764074616.6232824
2025-11-25T12:48:43.2823640Z CloudEvents: Reconnected. 1764074616.723479
2025-11-25T12:48:43.2823932Z CloudEvents: Disconnected. Reconnecting ... 1764074624.3366797
2025-11-25T12:48:43.2824235Z CloudEvents: Reconnected. 1764074624.436834
2025-11-25T12:48:43.2824538Z CloudEvents: Disconnected. Reconnecting ... 1764074624.7021248
2025-11-25T12:48:43.2824837Z CloudEvents: Reconnected. 1764074624.8023083
2025-11-25T12:48:43.2825134Z CloudEvents: Disconnected. Reconnecting ... 1764074631.0059643
2025-11-25T12:48:43.2825442Z CloudEvents: Reconnected. 1764074631.1061373
2025-11-25T12:48:43.2825735Z CloudEvents: Disconnected. Reconnecting ... 1764074631.340987
2025-11-25T12:48:43.2826036Z CloudEvents: Reconnected. 1764074631.4411428
2025-11-25T12:48:43.2826337Z CloudEvents: Disconnected. Reconnecting ... 1764074631.686576
2025-11-25T12:48:43.2826871Z CloudEvents: Reconnected. 1764074631.7867267
2025-11-25T12:48:43.2827185Z CloudEvents: Disconnected. Reconnecting ... 1764074635.7921305
2025-11-25T12:48:43.2827497Z CloudEvents: Reconnected. 1764074635.8922992
2025-11-25T12:48:43.2827801Z CloudEvents: Disconnected. Reconnecting ... 1764074636.1193604
2025-11-25T12:48:43.2828109Z CloudEvents: Reconnected. 1764074636.2194996
2025-11-25T12:48:43.2828404Z CloudEvents: Disconnected. Reconnecting ... 1764074657.038978
2025-11-25T12:48:43.2828708Z CloudEvents: Reconnected. 1764074657.1391513
2025-11-25T12:48:43.2829006Z CloudEvents: Disconnected. Reconnecting ... 1764074657.3665729
2025-11-25T12:48:43.2829437Z CloudEvents: Reconnected. 1764074657.4667487
2025-11-25T12:48:43.2829734Z CloudEvents: Disconnected. Reconnecting ... 1764074657.7136085
2025-11-25T12:48:43.2830037Z CloudEvents: Reconnected. 1764074657.8138103
2025-11-25T12:48:43.2830327Z CloudEvents: Disconnected. Reconnecting ... 1764074686.061995
2025-11-25T12:48:43.2830636Z CloudEvents: Reconnected. 1764074686.1621892
2025-11-25T12:48:43.2830933Z CloudEvents: Disconnected. Reconnecting ... 1764074686.4267054
2025-11-25T12:48:43.2831232Z CloudEvents: Reconnected. 1764074686.5268636
2025-11-25T12:48:43.2831537Z CloudEvents: Disconnected. Reconnecting ... 1764074756.8723483
2025-11-25T12:48:43.2831836Z CloudEvents: Reconnected. 1764074756.9725337
2025-11-25T12:48:43.2832132Z CloudEvents: Disconnected. Reconnecting ... 1764074757.2263258
2025-11-25T12:48:43.2832447Z CloudEvents: Reconnected. 1764074757.3265197
2025-11-25T12:48:43.2832742Z CloudEvents: Disconnected. Reconnecting ... 1764074796.7508724
2025-11-25T12:48:43.2833052Z CloudEvents: Reconnected. 1764074796.8510358
2025-11-25T12:48:43.2833349Z CloudEvents: Disconnected. Reconnecting ... 1764074797.0785007
2025-11-25T12:48:43.2833647Z CloudEvents: Reconnected. 1764074797.1786883
2025-11-25T12:48:43.2833943Z CloudEvents: Disconnected. Reconnecting ... 1764074805.3644488
2025-11-25T12:48:43.2834249Z CloudEvents: Reconnected. 1764074805.4645932
2025-11-25T12:48:43.2834540Z CloudEvents: Disconnected. Reconnecting ... 1764074805.721189
2025-11-25T12:48:43.2834840Z CloudEvents: Reconnected. 1764074805.8213713
2025-11-25T12:48:43.2835135Z CloudEvents: Disconnected. Reconnecting ... 1764074848.1615179
2025-11-25T12:48:43.2835441Z CloudEvents: Reconnected. 1764074848.2617095
2025-11-25T12:48:43.2835734Z CloudEvents: Disconnected. Reconnecting ... 1764074848.5128047
2025-11-25T12:48:43.2836031Z CloudEvents: Reconnected. 1764074848.6129646
2025-11-25T12:48:43.2836326Z CloudEvents: Disconnected. Reconnecting ... 1764074848.8480635
2025-11-25T12:48:43.2836847Z CloudEvents: Reconnected. 1764074848.9481974
2025-11-25T12:48:43.2837142Z CloudEvents: Disconnected. Reconnecting ... 1764074863.9001415
2025-11-25T12:48:43.2837443Z CloudEvents: Reconnected. 1764074864.0003514
2025-11-25T12:48:43.2837736Z CloudEvents: Disconnected. Reconnecting ... 1764074864.236115
2025-11-25T12:48:43.2838041Z CloudEvents: Reconnected. 1764074864.336302
2025-11-25T12:48:43.2838467Z CloudEvents: Disconnected. Reconnecting ... 1764074864.5693026
2025-11-25T12:48:43.2838775Z CloudEvents: Reconnected. 1764074864.6694922
2025-11-25T12:48:43.2839065Z CloudEvents: Disconnected. Reconnecting ... 1764074878.5135899
2025-11-25T12:48:43.2839367Z CloudEvents: Reconnected. 1764074878.6137662
2025-11-25T12:48:43.2839658Z CloudEvents: Disconnected. Reconnecting ... 1764074878.853796
2025-11-25T12:48:43.2839957Z CloudEvents: Reconnected. 1764074878.9539616
2025-11-25T12:48:43.2840256Z CloudEvents: Disconnected. Reconnecting ... 1764074879.1915133
2025-11-25T12:48:43.2840554Z CloudEvents: Reconnected. 1764074879.2917132
2025-11-25T12:48:43.2840853Z CloudEvents: Disconnected. Reconnecting ... 1764074923.177985
2025-11-25T12:55:47.2735152Z CloudEvents: Reconnected. 1764074923.2781687
2025-11-25T12:55:47.2799807Z Post job cleanup.
2025-11-25T12:55:47.3568997Z [command]/usr/bin/git version
2025-11-25T12:55:47.3608028Z git version 2.51.2
2025-11-25T12:55:47.3677231Z Temporarily overriding HOME='/home/runner/work/_temp/62dc7796-4b4c-4bc7-a3fe-32723003687e' before making global git config changes
2025-11-25T12:55:47.3678112Z Adding repository directory to the temporary git global config as a safe directory
2025-11-25T12:55:47.3682638Z [command]/usr/bin/git config --global --add safe.directory /home/runner/work/scratchattach/scratchattach
2025-11-25T12:55:47.3718355Z [command]/usr/bin/git config --local --name-only --get-regexp core\.sshCommand
2025-11-25T12:55:47.3750653Z [command]/usr/bin/git submodule foreach --recursive sh -c "git config --local --name-only --get-regexp 'core\.sshCommand' && git config --local --unset-all 'core.sshCommand' || :"
2025-11-25T12:55:47.3976981Z [command]/usr/bin/git config --local --name-only --get-regexp http\.https\:\/\/github\.com\/\.extraheader
2025-11-25T12:55:47.3998098Z http.https://github.com/.extraheader
2025-11-25T12:55:47.4008899Z [command]/usr/bin/git config --local --unset-all http.https://github.com/.extraheader
2025-11-25T12:55:47.4040604Z [command]/usr/bin/git submodule foreach --recursive sh -c "git config --local --name-only --get-regexp 'http\.https\:\/\/github\.com\/\.extraheader' && git config --local --unset-all 'http.https://github.com/.extraheader' || :"
2025-11-25T12:55:47.4281352Z [command]/usr/bin/git config --local --name-only --get-regexp ^includeIf\.gitdir:
2025-11-25T12:55:47.4312053Z [command]/usr/bin/git submodule foreach --recursive git config --local --show-origin --name-only --get-regexp remote.origin.url
2025-11-25T12:55:47.4669033Z Post job cleanup.
2025-11-25T12:55:47.6181760Z (node:5540) [DEP0040] DeprecationWarning: The `punycode` module is deprecated. Please use a userland alternative instead.
2025-11-25T12:55:47.6183000Z (Use `node --trace-deprecation ...` to show where the warning was created)
2025-11-25T12:55:47.6338069Z Post job cleanup.
2025-11-25T12:55:47.7142095Z [command]/usr/bin/git version
2025-11-25T12:55:47.7210129Z git version 2.51.2
2025-11-25T12:55:47.7247439Z Temporarily overriding HOME='/home/runner/work/_temp/fcc4e66e-4a2c-4be4-a662-8d61d9f3f713' before making global git config changes
2025-11-25T12:55:47.7248723Z Adding repository directory to the temporary git global config as a safe directory
2025-11-25T12:55:47.7253879Z [command]/usr/bin/git config --global --add safe.directory /home/runner/work/scratchattach/scratchattach
2025-11-25T12:55:47.7290383Z [command]/usr/bin/git config --local --name-only --get-regexp core\.sshCommand
2025-11-25T12:55:47.7325365Z [command]/usr/bin/git submodule foreach --recursive sh -c "git config --local --name-only --get-regexp 'core\.sshCommand' && git config --local --unset-all 'core.sshCommand' || :"
2025-11-25T12:55:47.7560123Z [command]/usr/bin/git config --local --name-only --get-regexp http\.https\:\/\/github\.com\/\.extraheader
2025-11-25T12:55:47.7592060Z [command]/usr/bin/git submodule foreach --recursive sh -c "git config --local --name-only --get-regexp 'http\.https\:\/\/github\.com\/\.extraheader' && git config --local --unset-all 'http.https://github.com/.extraheader' || :"
2025-11-25T12:55:47.7816533Z [command]/usr/bin/git config --local --name-only --get-regexp ^includeIf\.gitdir:
2025-11-25T12:55:47.7846931Z [command]/usr/bin/git submodule foreach --recursive git config --local --show-origin --name-only --get-regexp remote.origin.url
2025-11-25T12:55:47.8179055Z Cleaning up orphan processes
