2025-09-06T17:02:58.9829147Z Current runner version: '2.328.0'
2025-09-06T17:02:58.9864163Z ##[group]Runner Image Provisioner
2025-09-06T17:02:58.9865477Z Hosted Compute Agent
2025-09-06T17:02:58.9866730Z Version: 20250829.383
2025-09-06T17:02:58.9867778Z Commit: 27cb235aab5b0e52e153a26cd86b4742e89dac5d
2025-09-06T17:02:58.9868975Z Build Date: 2025-08-29T13:48:48Z
2025-09-06T17:02:58.9869979Z ##[endgroup]
2025-09-06T17:02:58.9870813Z ##[group]Operating System
2025-09-06T17:02:58.9871794Z Ubuntu
2025-09-06T17:02:58.9872552Z 24.04.3
2025-09-06T17:02:58.9873303Z LTS
2025-09-06T17:02:58.9873988Z ##[endgroup]
2025-09-06T17:02:58.9875002Z ##[group]Runner Image
2025-09-06T17:02:58.9876223Z Image: ubuntu-24.04
2025-09-06T17:02:58.9877032Z Version: 20250831.1.0
2025-09-06T17:02:58.9878964Z Included Software: https://github.com/actions/runner-images/blob/ubuntu24/20250831.1/images/ubuntu/Ubuntu2404-Readme.md
2025-09-06T17:02:58.9881623Z Image Release: https://github.com/actions/runner-images/releases/tag/ubuntu24%2F20250831.1
2025-09-06T17:02:58.9883349Z ##[endgroup]
2025-09-06T17:02:58.9885022Z ##[group]GITHUB_TOKEN Permissions
2025-09-06T17:02:58.9887933Z Contents: write
2025-09-06T17:02:58.9888852Z Metadata: read
2025-09-06T17:02:58.9889632Z ##[endgroup]
2025-09-06T17:02:58.9892791Z Secret source: Actions
2025-09-06T17:02:58.9893975Z Prepare workflow directory
2025-09-06T17:02:59.0416998Z Prepare all required actions
2025-09-06T17:02:59.0454654Z Getting action download info
2025-09-06T17:02:59.3893553Z Download action repository 'actions/checkout@ff7abcd0c3c05ccf6adc123a8cd1fd4fb30fb493' (SHA:ff7abcd0c3c05ccf6adc123a8cd1fd4fb30fb493)
2025-09-06T17:02:59.7619570Z Download action repository 'actions/setup-python@v5' (SHA:a26af69be951a213d495a4c3e4e4022e16d87065)
2025-09-06T17:03:00.0744201Z Download action repository 'actions/cache@0400d5f644dc74513175e3cd8d07132dd4860809' (SHA:0400d5f644dc74513175e3cd8d07132dd4860809)
2025-09-06T17:03:00.1716654Z Download action repository 'actions/component-detection-dependency-submission-action@374343effede691df3a5ffaf36b4e7acab919590' (SHA:374343effede691df3a5ffaf36b4e7acab919590)
2025-09-06T17:03:00.7420276Z Complete job name: submit-pypi
2025-09-06T17:03:00.8152068Z ##[group]Run actions/checkout@ff7abcd0c3c05ccf6adc123a8cd1fd4fb30fb493
2025-09-06T17:03:00.8153749Z with:
2025-09-06T17:03:00.8154485Z   ref: refs/heads/scratch_chat_dev
2025-09-06T17:03:00.8155469Z   repository: Boss-1s/scratchattach
2025-09-06T17:03:00.8156847Z   token: ***
2025-09-06T17:03:00.8157564Z   ssh-strict: true
2025-09-06T17:03:00.8158308Z   ssh-user: git
2025-09-06T17:03:00.8159090Z   persist-credentials: true
2025-09-06T17:03:00.8159943Z   clean: true
2025-09-06T17:03:00.8160728Z   sparse-checkout-cone-mode: true
2025-09-06T17:03:00.8161666Z   fetch-depth: 1
2025-09-06T17:03:00.8162407Z   fetch-tags: false
2025-09-06T17:03:00.8163179Z   show-progress: true
2025-09-06T17:03:00.8163952Z   lfs: false
2025-09-06T17:03:00.8164662Z   submodules: false
2025-09-06T17:03:00.8165450Z   set-safe-directory: true
2025-09-06T17:03:00.8166662Z env:
2025-09-06T17:03:00.8167375Z   SKIP_CACHE: 
2025-09-06T17:03:00.8168108Z ##[endgroup]
2025-09-06T17:03:00.9083523Z Syncing repository: Boss-1s/scratchattach
2025-09-06T17:03:00.9086333Z ##[group]Getting Git version info
2025-09-06T17:03:00.9087847Z Working directory is '/home/runner/work/scratchattach/scratchattach'
2025-09-06T17:03:00.9089787Z [command]/usr/bin/git version
2025-09-06T17:03:00.9148096Z git version 2.51.0
2025-09-06T17:03:00.9169199Z ##[endgroup]
2025-09-06T17:03:00.9183694Z Temporarily overriding HOME='/home/runner/work/_temp/effab2e6-fb64-46b9-94b3-785dcd943e92' before making global git config changes
2025-09-06T17:03:00.9187166Z Adding repository directory to the temporary git global config as a safe directory
2025-09-06T17:03:00.9190843Z [command]/usr/bin/git config --global --add safe.directory /home/runner/work/scratchattach/scratchattach
2025-09-06T17:03:00.9228831Z Deleting the contents of '/home/runner/work/scratchattach/scratchattach'
2025-09-06T17:03:00.9232088Z ##[group]Initializing the repository
2025-09-06T17:03:00.9236990Z [command]/usr/bin/git init /home/runner/work/scratchattach/scratchattach
2025-09-06T17:03:00.9344882Z hint: Using 'master' as the name for the initial branch. This default branch name
2025-09-06T17:03:00.9347907Z hint: is subject to change. To configure the initial branch name to use in all
2025-09-06T17:03:00.9350756Z hint: of your new repositories, which will suppress this warning, call:
2025-09-06T17:03:00.9353410Z hint:
2025-09-06T17:03:00.9355026Z hint: 	git config --global init.defaultBranch <name>
2025-09-06T17:03:00.9357175Z hint:
2025-09-06T17:03:00.9358958Z hint: Names commonly chosen instead of 'master' are 'main', 'trunk' and
2025-09-06T17:03:00.9362067Z hint: 'development'. The just-created branch can be renamed via this command:
2025-09-06T17:03:00.9364402Z hint:
2025-09-06T17:03:00.9365560Z hint: 	git branch -m <name>
2025-09-06T17:03:00.9367126Z hint:
2025-09-06T17:03:00.9368864Z hint: Disable this message with "git config set advice.defaultBranchName false"
2025-09-06T17:03:00.9371337Z Initialized empty Git repository in /home/runner/work/scratchattach/scratchattach/.git/
2025-09-06T17:03:00.9374606Z [command]/usr/bin/git remote add origin https://github.com/Boss-1s/scratchattach
2025-09-06T17:03:00.9406377Z ##[endgroup]
2025-09-06T17:03:00.9407817Z ##[group]Disabling automatic garbage collection
2025-09-06T17:03:00.9409552Z [command]/usr/bin/git config --local gc.auto 0
2025-09-06T17:03:00.9440000Z ##[endgroup]
2025-09-06T17:03:00.9442267Z ##[group]Setting up auth
2025-09-06T17:03:00.9446906Z [command]/usr/bin/git config --local --name-only --get-regexp core\.sshCommand
2025-09-06T17:03:00.9479322Z [command]/usr/bin/git submodule foreach --recursive sh -c "git config --local --name-only --get-regexp 'core\.sshCommand' && git config --local --unset-all 'core.sshCommand' || :"
2025-09-06T17:03:00.9801368Z [command]/usr/bin/git config --local --name-only --get-regexp http\.https\:\/\/github\.com\/\.extraheader
2025-09-06T17:03:00.9836600Z [command]/usr/bin/git submodule foreach --recursive sh -c "git config --local --name-only --get-regexp 'http\.https\:\/\/github\.com\/\.extraheader' && git config --local --unset-all 'http.https://github.com/.extraheader' || :"
2025-09-06T17:03:01.0078199Z [command]/usr/bin/git config --local http.https://github.com/.extraheader AUTHORIZATION: basic ***
2025-09-06T17:03:01.0113984Z ##[endgroup]
2025-09-06T17:03:01.0116449Z ##[group]Fetching the repository
2025-09-06T17:03:01.0126493Z [command]/usr/bin/git -c protocol.version=2 fetch --no-tags --prune --no-recurse-submodules --depth=1 origin +refs/heads/scratch_chat_dev:refs/remotes/origin/scratch_chat_dev
2025-09-06T17:03:01.5838125Z From https://github.com/Boss-1s/scratchattach
2025-09-06T17:03:01.5840649Z  * [new branch]      scratch_chat_dev -> origin/scratch_chat_dev
2025-09-06T17:03:01.5870293Z ##[endgroup]
2025-09-06T17:03:01.5872440Z ##[group]Determining the checkout info
2025-09-06T17:03:01.5874971Z ##[endgroup]
2025-09-06T17:03:01.5878958Z [command]/usr/bin/git sparse-checkout disable
2025-09-06T17:03:01.5922346Z [command]/usr/bin/git config --local --unset-all extensions.worktreeConfig
2025-09-06T17:03:01.5950352Z ##[group]Checking out the ref
2025-09-06T17:03:01.5954268Z [command]/usr/bin/git checkout --progress --force -B scratch_chat_dev refs/remotes/origin/scratch_chat_dev
2025-09-06T17:03:01.6508913Z Switched to a new branch 'scratch_chat_dev'
2025-09-06T17:03:01.6511674Z branch 'scratch_chat_dev' set up to track 'origin/scratch_chat_dev'.
2025-09-06T17:03:01.6523277Z ##[endgroup]
2025-09-06T17:03:01.6562071Z [command]/usr/bin/git log -1 --format=%H
2025-09-06T17:03:01.6585371Z 8e0ef7c4fd0d533254f11d6463b8867176f34f22
2025-09-06T17:03:01.6855915Z ##[group]Run actions/setup-python@v5
2025-09-06T17:03:01.6856883Z with:
2025-09-06T17:03:01.6857547Z   check-latest: false
2025-09-06T17:03:01.6858539Z   token: ***
2025-09-06T17:03:01.6859256Z   update-environment: true
2025-09-06T17:03:01.6860107Z   allow-prereleases: false
2025-09-06T17:03:01.6860924Z   freethreaded: false
2025-09-06T17:03:01.6861852Z env:
2025-09-06T17:03:01.6862473Z   SKIP_CACHE: 
2025-09-06T17:03:01.6863145Z ##[endgroup]
2025-09-06T17:03:01.8526149Z [warning]Neither 'python-version' nor 'python-version-file' inputs were supplied. Attempting to find '.python-version' file.
2025-09-06T17:03:01.8529503Z [warning].python-version doesn't exist.
2025-09-06T17:03:01.8552508Z ##[warning]The `python-version` input is not set.  The version of Python currently in `PATH` will be used.
2025-09-06T17:03:01.8666158Z ##[group]Run version=$(python --version)
2025-09-06T17:03:01.8667284Z [36;1mversion=$(python --version)[0m
2025-09-06T17:03:01.8668367Z [36;1mecho "::notice::Using python version: $version"[0m
2025-09-06T17:03:01.8669488Z [36;1mpip_version=$(pip --version)[0m
2025-09-06T17:03:01.8670576Z [36;1mecho "::notice::Using pip version: $pip_version"[0m
2025-09-06T17:03:01.8671702Z [36;1mpip install pip-tools[0m
2025-09-06T17:03:01.8672715Z [36;1mpip_compile_version=$(pip-compile --version)[0m
2025-09-06T17:03:01.8674127Z [36;1mecho "::notice::Using pip-compile version: $pip_compile_version"[0m
2025-09-06T17:03:01.8732428Z shell: /usr/bin/bash --noprofile --norc -e -o pipefail {0}
2025-09-06T17:03:01.8733564Z env:
2025-09-06T17:03:01.8734188Z   SKIP_CACHE: 
2025-09-06T17:03:01.8734868Z ##[endgroup]
2025-09-06T17:03:01.8830682Z ##[notice]Using python version: Python 3.12.3
2025-09-06T17:03:04.3767824Z ##[notice]Using pip version: pip 24.0 from /usr/lib/python3/dist-packages/pip (python 3.12)
2025-09-06T17:03:05.4275625Z Defaulting to user installation because normal site-packages is not writeable
2025-09-06T17:03:07.3329311Z Collecting pip-tools
2025-09-06T17:03:07.4081062Z   Downloading pip_tools-7.5.0-py3-none-any.whl.metadata (26 kB)
2025-09-06T17:03:07.4573139Z Collecting build>=1.0.0 (from pip-tools)
2025-09-06T17:03:07.4710773Z   Downloading build-1.3.0-py3-none-any.whl.metadata (5.6 kB)
2025-09-06T17:03:07.4760640Z Requirement already satisfied: click>=8 in /usr/lib/python3/dist-packages (from pip-tools) (8.1.6)
2025-09-06T17:03:07.4770517Z Requirement already satisfied: pip>=22.2 in /usr/lib/python3/dist-packages (from pip-tools) (24.0)
2025-09-06T17:03:07.5002195Z Collecting pyproject_hooks (from pip-tools)
2025-09-06T17:03:07.5136089Z   Downloading pyproject_hooks-1.2.0-py3-none-any.whl.metadata (1.3 kB)
2025-09-06T17:03:07.5173985Z Requirement already satisfied: setuptools in /usr/lib/python3/dist-packages (from pip-tools) (68.1.2)
2025-09-06T17:03:07.5181364Z Requirement already satisfied: wheel in /usr/lib/python3/dist-packages (from pip-tools) (0.42.0)
2025-09-06T17:03:07.5268094Z Requirement already satisfied: packaging>=19.1 in /usr/lib/python3/dist-packages (from build>=1.0.0->pip-tools) (24.0)
2025-09-06T17:03:07.5525979Z Downloading pip_tools-7.5.0-py3-none-any.whl (65 kB)
2025-09-06T17:03:07.5684307Z    ━━━━━━━━━━━━━━━━━━━━━━━━━━━━━━━━━━━━━━━━ 65.1/65.1 kB 4.1 MB/s eta 0:00:00
2025-09-06T17:03:07.5818180Z Downloading build-1.3.0-py3-none-any.whl (23 kB)
2025-09-06T17:03:07.5981849Z Downloading pyproject_hooks-1.2.0-py3-none-any.whl (10 kB)
2025-09-06T17:03:07.9152735Z Installing collected packages: pyproject_hooks, build, pip-tools
2025-09-06T17:03:07.9837758Z Successfully installed build-1.3.0 pip-tools-7.5.0 pyproject_hooks-1.2.0
2025-09-06T17:03:08.4857020Z ##[notice]Using pip-compile version: pip-compile, version 7.5.0
2025-09-06T17:03:08.4974936Z ##[group]Run if [[ -n "" ]]; then
2025-09-06T17:03:08.4975271Z [36;1mif [[ -n "" ]]; then[0m
2025-09-06T17:03:08.4975631Z [36;1m  echo "Python cache disabled via 'GH_DEPENDENCY_SUBMISSION_SKIP_CACHE'"[0m
2025-09-06T17:03:08.4976264Z [36;1melse[0m
2025-09-06T17:03:08.4976693Z [36;1m  echo "Caching Python packages. Set 'GH_DEPENDENCY_SUBMISSION_SKIP_CACHE=true' to skip caching in future."[0m
2025-09-06T17:03:08.4977152Z [36;1mfi[0m
2025-09-06T17:03:08.5008422Z shell: /usr/bin/bash -e {0}
2025-09-06T17:03:08.5008676Z env:
2025-09-06T17:03:08.5008855Z   SKIP_CACHE: 
2025-09-06T17:03:08.5009048Z ##[endgroup]
2025-09-06T17:03:08.5059911Z Caching Python packages. Set 'GH_DEPENDENCY_SUBMISSION_SKIP_CACHE=true' to skip caching in future.
2025-09-06T17:03:08.5937135Z ##[group]Run actions/cache@0400d5f644dc74513175e3cd8d07132dd4860809
2025-09-06T17:03:08.5937551Z with:
2025-09-06T17:03:08.5937753Z   path: ~/.cache/pip
2025-09-06T17:03:08.5938188Z   key: Linux-pip-python-5a00fefc972129031f421abe69b90f4bbdcde70f32fc624502f11f9b2a1e2c79
2025-09-06T17:03:08.5938713Z   restore-keys: Linux-python-

2025-09-06T17:03:08.5938982Z   enableCrossOsArchive: false
2025-09-06T17:03:08.5939243Z   fail-on-cache-miss: false
2025-09-06T17:03:08.5939482Z   lookup-only: false
2025-09-06T17:03:08.5939692Z   save-always: false
2025-09-06T17:03:08.5939897Z env:
2025-09-06T17:03:08.5940070Z   SKIP_CACHE: 
2025-09-06T17:03:08.5940265Z ##[endgroup]
2025-09-06T17:03:08.8919808Z Cache hit for: Linux-pip-python-5a00fefc972129031f421abe69b90f4bbdcde70f32fc624502f11f9b2a1e2c79
2025-09-06T17:03:09.3910206Z Received 1474269 of 1474269 (100.0%), 4.1 MBs/sec
2025-09-06T17:03:09.3911139Z Cache Size: ~1 MB (1474269 B)
2025-09-06T17:03:09.3940000Z [command]/usr/bin/tar -xf /home/runner/work/_temp/39c520c6-715b-413c-9916-a89d00f18e62/cache.tzst -P -C /home/runner/work/scratchattach/scratchattach --use-compress-program unzstd
2025-09-06T17:03:09.4111884Z Cache restored successfully
2025-09-06T17:03:09.4196491Z Cache restored from key: Linux-pip-python-5a00fefc972129031f421abe69b90f4bbdcde70f32fc624502f11f9b2a1e2c79
2025-09-06T17:03:09.4268526Z ##[group]Run if pip-compile --dry-run -o requirements.out requirements.txt; then
2025-09-06T17:03:09.4269084Z [36;1mif pip-compile --dry-run -o requirements.out requirements.txt; then[0m
2025-09-06T17:03:09.4269506Z [36;1m  echo "::debug::Python validate no broken dependencies"[0m
2025-09-06T17:03:09.4269874Z [36;1m  echo "{valid-project}={true}" >> "$GITHUB_OUTPUT"[0m
2025-09-06T17:03:09.4270178Z [36;1melse[0m
2025-09-06T17:03:09.4270433Z [36;1m  echo "{valid-project}={false}" >> "$GITHUB_OUTPUT"[0m
2025-09-06T17:03:09.4270894Z [36;1m  echo "### :warning: Python validation failed in repository root" >> $GITHUB_STEP_SUMMARY[0m
2025-09-06T17:03:09.4271776Z [36;1m  echo "We were unable to validate a Python project in the repository root. If your repository requires additional setup steps, you may need to check in your own workflow." >> $GITHUB_STEP_SUMMARY[0m
2025-09-06T17:03:09.4272503Z [36;1m  echo "" >> $GITHUB_STEP_SUMMARY[0m
2025-09-06T17:03:09.4273427Z [36;1m  echo "For more information on submitting Python dependencies from your own workflow, refer to [the submission action](https://github.com/actions/component-detection-dependency-submission-action)" >> $GITHUB_STEP_SUMMARY[0m
2025-09-06T17:03:09.4274393Z [36;1m  echo "::warning::Python validation failed in the repository root."[0m
2025-09-06T17:03:09.4274952Z [36;1m  exit 1[0m
2025-09-06T17:03:09.4275140Z [36;1mfi[0m
2025-09-06T17:03:09.4304541Z shell: /usr/bin/bash -e {0}
2025-09-06T17:03:09.4304771Z env:
2025-09-06T17:03:09.4304951Z   SKIP_CACHE: 
2025-09-06T17:03:09.4305136Z ##[endgroup]
2025-09-06T17:03:11.6573721Z WARNING: --strip-extras is becoming the default in version 8.0.0. To silence this warning, either use --strip-extras to opt into the new default or use --no-strip-extras to retain the existing behavior.
2025-09-06T17:03:11.6575097Z #
2025-09-06T17:03:11.6575588Z # This file is autogenerated by pip-compile with Python 3.12
2025-09-06T17:03:11.6576417Z # by the following command:
2025-09-06T17:03:11.6576863Z #
2025-09-06T17:03:11.6577352Z #    pip-compile --output-file=requirements.out requirements.txt
2025-09-06T17:03:11.6577958Z #
2025-09-06T17:03:11.6578282Z beautifulsoup4==4.13.5
2025-09-06T17:03:11.6578666Z     # via bs4
2025-09-06T17:03:11.6579010Z bs4==0.0.2
2025-09-06T17:03:11.6579341Z     # via scratchattach
2025-09-06T17:03:11.6579687Z certifi==2025.8.3
2025-09-06T17:03:11.6580007Z     # via requests
2025-09-06T17:03:11.6580346Z charset-normalizer==3.4.3
2025-09-06T17:03:11.6580703Z     # via requests
2025-09-06T17:03:11.6581014Z idna==3.10
2025-09-06T17:03:11.6581595Z     # via requests
2025-09-06T17:03:11.6581912Z requests==2.32.5
2025-09-06T17:03:11.6582258Z     # via scratchattach
2025-09-06T17:03:11.6582591Z scratchattach==2.1.13
2025-09-06T17:03:11.6582914Z     # via -r requirements.txt
2025-09-06T17:03:11.6583386Z simplewebsocketserver==0.1.2
2025-09-06T17:03:11.6583737Z     # via scratchattach
2025-09-06T17:03:11.6584040Z soupsieve==2.8
2025-09-06T17:03:11.6584338Z     # via beautifulsoup4
2025-09-06T17:03:11.6584668Z typing-extensions==4.15.0
2025-09-06T17:03:11.6584985Z     # via
2025-09-06T17:03:11.6585280Z     #   beautifulsoup4
2025-09-06T17:03:11.6585581Z     #   scratchattach
2025-09-06T17:03:11.6586080Z urllib3==2.5.0
2025-09-06T17:03:11.6586352Z     # via requests
2025-09-06T17:03:11.6586651Z websocket-client==1.8.0
2025-09-06T17:03:11.6586960Z     # via scratchattach
2025-09-06T17:03:11.6587291Z Dry-run, so nothing updated.
2025-09-06T17:03:11.7314762Z ##[group]Run actions/component-detection-dependency-submission-action@374343effede691df3a5ffaf36b4e7acab919590
2025-09-06T17:03:11.7315326Z with:
2025-09-06T17:03:11.7315524Z   detectorsCategories: Python
2025-09-06T17:03:11.7316059Z   detectorsFilter: PipReport
2025-09-06T17:03:11.7316416Z   snapshot-sha: 8e0ef7c4fd0d533254f11d6463b8867176f34f22
2025-09-06T17:03:11.7316735Z   snapshot-ref: refs/heads/scratch_chat_dev
2025-09-06T17:03:11.7317028Z   detector-name: Automatic Dependency Submission
2025-09-06T17:03:11.7317315Z   detector-version: 3b6330baf42b
2025-09-06T17:03:11.7317748Z   detector-url: https://github.com/actions/component-detection-dependency-submission-action
2025-09-06T17:03:11.7318308Z   token: ***
2025-09-06T17:03:11.7318488Z   filePath: .
2025-09-06T17:03:11.7318664Z env:
2025-09-06T17:03:11.7318827Z   SKIP_CACHE: 
2025-09-06T17:03:11.7319005Z ##[endgroup]
2025-09-06T17:03:12.7220620Z Running component-detection
2025-09-06T17:03:12.7272335Z [command]/home/runner/work/scratchattach/scratchattach/component-detection scan --SourceDirectory . --ManifestFile ./output.json --DetectorsFilter PipReport --DetectorCategories Python
2025-09-06T17:03:13.0538964Z [17:03:13 INF] Finding components...
2025-09-06T17:03:13.7145953Z [17:03:13 INF] Starting enumeration of /home/runner/work/scratchattach/scratchattach
2025-09-06T17:03:13.7326452Z [17:03:13 INF] Enumerated 19 files and 0 directories in 00:00:00.0182145
2025-09-06T17:03:13.7585552Z [17:03:13 INF] PipReport: Generating pip installation report for /home/runner/work/scratchattach/scratchattach/requirements.txt
2025-09-06T17:03:15.8522467Z [17:03:15 INF] PipReport: Pip installation report for /home/runner/work/scratchattach/scratchattach/requirements.txt completed in 2.092 seconds with 12 detected packages.
2025-09-06T17:03:15.9789075Z                                [38;5;7mDetection Summary[0m                                
2025-09-06T17:03:15.9790081Z ┌───────────────────┬───────────────────┬───────────────────┬──────────────────┐
2025-09-06T17:03:15.9791138Z │ [1mComponent [0m        │ [1mDetection Time[0m    │ [1m# Components [0m     │ [1m# Explicitly [0m    │
2025-09-06T17:03:15.9792288Z │ [1mDetector Id[0m       │                   │ [1mFound[0m             │ [1mReferenced[0m       │
2025-09-06T17:03:15.9793225Z ├───────────────────┼───────────────────┼───────────────────┼──────────────────┤
2025-09-06T17:03:15.9794132Z │ [38;5;14mPipReport[0m         │ 2.8 seconds       │ 12                │ 1                │
2025-09-06T17:03:15.9795061Z │ ───────────────── │ ───────────────── │ ───────────────── │ ──────────────── │
2025-09-06T17:03:15.9796134Z │ [1;4mTotal[0m             │ 2.8 seconds       │ 12                │ 1                │
2025-09-06T17:03:15.9797017Z └───────────────────┴───────────────────┴───────────────────┴──────────────────┘
2025-09-06T17:03:15.9825164Z [17:03:15 INF] 
2025-09-06T17:03:15.9827791Z [17:03:15 INF] 
2025-09-06T17:03:15.9838805Z [17:03:15 INF] Detection time: 2.8384168 seconds.
2025-09-06T17:03:16.0171522Z [17:03:16 INF] Scan Manifest file: /home/runner/work/scratchattach/scratchattach/output.json
2025-09-06T17:03:16.0735005Z Getting manifests from results
2025-09-06T17:03:16.0784890Z ##[notice]Submitting snapshot...
2025-09-06T17:03:16.0807859Z ##[notice]{
    "manifests": {
        "requirements.txt": {
            "resolved": {
                "pkg:pypi/requests@2.32.5": {
                    "package_url": "pkg:pypi/requests@2.32.5",
                    "relationship": "indirect",
                    "scope": "runtime",
                    "dependencies": []
                },
                "pkg:pypi/certifi@2025.8.3": {
                    "package_url": "pkg:pypi/certifi@2025.8.3",
                    "relationship": "indirect",
                    "scope": "runtime",
                    "dependencies": []
                },
                "pkg:pypi/urllib3@2.5.0": {
                    "package_url": "pkg:pypi/urllib3@2.5.0",
                    "relationship": "indirect",
                    "scope": "runtime",
                    "dependencies": []
                },
                "pkg:pypi/typing-extensions@4.15.0": {
                    "package_url": "pkg:pypi/typing-extensions@4.15.0",
                    "relationship": "indirect",
                    "scope": "runtime",
                    "dependencies": []
                },
                "pkg:pypi/beautifulsoup4@4.13.5": {
                    "package_url": "pkg:pypi/beautifulsoup4@4.13.5",
                    "relationship": "indirect",
                    "scope": "runtime",
                    "dependencies": []
                },
                "pkg:pypi/bs4@0.0.2": {
                    "package_url": "pkg:pypi/bs4@0.0.2",
                    "relationship": "indirect",
                    "scope": "runtime",
                    "dependencies": []
                },
                "pkg:pypi/websocket-client@1.8.0": {
                    "package_url": "pkg:pypi/websocket-client@1.8.0",
                    "relationship": "indirect",
                    "scope": "runtime",
                    "dependencies": []
                },
                "pkg:pypi/soupsieve@2.8": {
                    "package_url": "pkg:pypi/soupsieve@2.8",
                    "relationship": "indirect",
                    "scope": "runtime",
                    "dependencies": []
                },
                "pkg:pypi/simplewebsocketserver@0.1.2": {
                    "package_url": "pkg:pypi/simplewebsocketserver@0.1.2",
                    "relationship": "indirect",
                    "scope": "runtime",
                    "dependencies": []
                },
                "pkg:pypi/scratchattach@2.1.13": {
                    "package_url": "pkg:pypi/scratchattach@2.1.13",
                    "relationship": "direct",
                    "scope": "runtime",
                    "dependencies": [
                        "pkg:pypi/requests@2.32.5",
                        "pkg:pypi/certifi@2025.8.3",
                        "pkg:pypi/urllib3@2.5.0",
                        "pkg:pypi/typing-extensions@4.15.0",
                        "pkg:pypi/beautifulsoup4@4.13.5",
                        "pkg:pypi/bs4@0.0.2",
                        "pkg:pypi/websocket-client@1.8.0",
                        "pkg:pypi/soupsieve@2.8",
                        "pkg:pypi/simplewebsocketserver@0.1.2",
                        "pkg:pypi/idna@3.10",
                        "pkg:pypi/charset-normalizer@3.4.3"
                    ]
                },
                "pkg:pypi/idna@3.10": {
                    "package_url": "pkg:pypi/idna@3.10",
                    "relationship": "indirect",
                    "scope": "runtime",
                    "dependencies": []
                },
                "pkg:pypi/charset-normalizer@3.4.3": {
                    "package_url": "pkg:pypi/charset-normalizer@3.4.3",
                    "relationship": "indirect",
                    "scope": "runtime",
                    "dependencies": []
                }
            },
            "name": "requirements.txt",
            "file": {
                "source_location": "requirements.txt"
            }
        }
    },
    "version": 0,
    "job": {
        "correlator": "submit-pypi",
        "id": "17517184923"
    },
    "sha": 
2025-09-06T17:03:16.3759655Z ##[notice]Snapshot successfully created at 2025-09-06T17:03:16.306Z
2025-09-06T17:03:16.5395554Z Post job cleanup.
2025-09-06T17:03:16.6771765Z Cache hit occurred on the primary key Linux-pip-python-5a00fefc972129031f421abe69b90f4bbdcde70f32fc624502f11f9b2a1e2c79, not saving cache.
2025-09-06T17:03:16.6855366Z Post job cleanup.
2025-09-06T17:03:16.8537417Z Post job cleanup.
2025-09-06T17:03:16.9316580Z [command]/usr/bin/git version
2025-09-06T17:03:16.9351593Z git version 2.51.0
2025-09-06T17:03:16.9390282Z Temporarily overriding HOME='/home/runner/work/_temp/64e1cdc9-95f4-4a16-869b-47374045142d' before making global git config changes
2025-09-06T17:03:16.9391606Z Adding repository directory to the temporary git global config as a safe directory
2025-09-06T17:03:16.9396706Z [command]/usr/bin/git config --global --add safe.directory /home/runner/work/scratchattach/scratchattach
2025-09-06T17:03:16.9433124Z [command]/usr/bin/git config --local --name-only --get-regexp core\.sshCommand
2025-09-06T17:03:16.9465354Z [command]/usr/bin/git submodule foreach --recursive sh -c "git config --local --name-only --get-regexp 'core\.sshCommand' && git config --local --unset-all 'core.sshCommand' || :"
2025-09-06T17:03:16.9689253Z [command]/usr/bin/git config --local --name-only --get-regexp http\.https\:\/\/github\.com\/\.extraheader
2025-09-06T17:03:16.9710989Z http.https://github.com/.extraheader
2025-09-06T17:03:16.9720452Z [command]/usr/bin/git config --local --unset-all http.https://github.com/.extraheader
2025-09-06T17:03:16.9751555Z [command]/usr/bin/git submodule foreach --recursive sh -c "git config --local --name-only --get-regexp 'http\.https\:\/\/github\.com\/\.extraheader' && git config --local --unset-all 'http.https://github.com/.extraheader' || :"
2025-09-06T17:03:17.0085164Z Cleaning up orphan processes
