2025-10-12T19:57:59.4393662Z Current runner version: '2.328.0'
2025-10-12T19:57:59.4417022Z ##[group]Runner Image Provisioner
2025-10-12T19:57:59.4417823Z Hosted Compute Agent
2025-10-12T19:57:59.4418396Z Version: 20250912.392
2025-10-12T19:57:59.4419004Z Commit: d921fda672a98b64f4f82364647e2f10b2267d0b
2025-10-12T19:57:59.4419639Z Build Date: 2025-09-12T15:23:14Z
2025-10-12T19:57:59.4420264Z ##[endgroup]
2025-10-12T19:57:59.4421152Z ##[group]Operating System
2025-10-12T19:57:59.4421776Z Ubuntu
2025-10-12T19:57:59.4422293Z 24.04.3
2025-10-12T19:57:59.4422761Z LTS
2025-10-12T19:57:59.4423242Z ##[endgroup]
2025-10-12T19:57:59.4423671Z ##[group]Runner Image
2025-10-12T19:57:59.4424294Z Image: ubuntu-24.04
2025-10-12T19:57:59.4424748Z Version: 20250929.60.1
2025-10-12T19:57:59.4425726Z Included Software: https://github.com/actions/runner-images/blob/ubuntu24/20250929.60/images/ubuntu/Ubuntu2404-Readme.md
2025-10-12T19:57:59.4427414Z Image Release: https://github.com/actions/runner-images/releases/tag/ubuntu24%2F20250929.60
2025-10-12T19:57:59.4428429Z ##[endgroup]
2025-10-12T19:57:59.4429398Z ##[group]GITHUB_TOKEN Permissions
2025-10-12T19:57:59.4431417Z Contents: write
2025-10-12T19:57:59.4432076Z Metadata: read
2025-10-12T19:57:59.4432533Z ##[endgroup]
2025-10-12T19:57:59.4434526Z Secret source: Actions
2025-10-12T19:57:59.4435349Z Prepare workflow directory
2025-10-12T19:57:59.5002602Z Prepare all required actions
2025-10-12T19:57:59.5040399Z Getting action download info
2025-10-12T19:57:59.9001895Z Download action repository 'actions/checkout@ff7abcd0c3c05ccf6adc123a8cd1fd4fb30fb493' (SHA:ff7abcd0c3c05ccf6adc123a8cd1fd4fb30fb493)
2025-10-12T19:58:00.1252127Z Download action repository 'actions/setup-python@v5' (SHA:a26af69be951a213d495a4c3e4e4022e16d87065)
2025-10-12T19:58:00.2066229Z Download action repository 'actions/cache@0400d5f644dc74513175e3cd8d07132dd4860809' (SHA:0400d5f644dc74513175e3cd8d07132dd4860809)
2025-10-12T19:58:00.4208598Z Download action repository 'actions/component-detection-dependency-submission-action@374343effede691df3a5ffaf36b4e7acab919590' (SHA:374343effede691df3a5ffaf36b4e7acab919590)
2025-10-12T19:58:01.1836123Z Complete job name: submit-pypi
2025-10-12T19:58:01.2576446Z ##[group]Run actions/checkout@ff7abcd0c3c05ccf6adc123a8cd1fd4fb30fb493
2025-10-12T19:58:01.2578122Z with:
2025-10-12T19:58:01.2578798Z   ref: refs/heads/main
2025-10-12T19:58:01.2579632Z   repository: Boss-1s/scratchattach
2025-10-12T19:58:01.2581074Z   token: ***
2025-10-12T19:58:01.2581793Z   ssh-strict: true
2025-10-12T19:58:01.2582526Z   ssh-user: git
2025-10-12T19:58:01.2583282Z   persist-credentials: true
2025-10-12T19:58:01.2584415Z   clean: true
2025-10-12T19:58:01.2585274Z   sparse-checkout-cone-mode: true
2025-10-12T19:58:01.2586218Z   fetch-depth: 1
2025-10-12T19:58:01.2586957Z   fetch-tags: false
2025-10-12T19:58:01.2587721Z   show-progress: true
2025-10-12T19:58:01.2588479Z   lfs: false
2025-10-12T19:58:01.2589163Z   submodules: false
2025-10-12T19:58:01.2589920Z   set-safe-directory: true
2025-10-12T19:58:01.2591290Z env:
2025-10-12T19:58:01.2591988Z   SKIP_CACHE: 
2025-10-12T19:58:01.2592677Z ##[endgroup]
2025-10-12T19:58:01.3526733Z Syncing repository: Boss-1s/scratchattach
2025-10-12T19:58:01.3529273Z ##[group]Getting Git version info
2025-10-12T19:58:01.3530622Z Working directory is '/home/runner/work/scratchattach/scratchattach'
2025-10-12T19:58:01.3532896Z [command]/usr/bin/git version
2025-10-12T19:58:01.3587859Z git version 2.51.0
2025-10-12T19:58:01.3609778Z ##[endgroup]
2025-10-12T19:58:01.3624939Z Temporarily overriding HOME='/home/runner/work/_temp/3f9a2b7a-0ead-4c9a-9696-2d8ede35bebb' before making global git config changes
2025-10-12T19:58:01.3628054Z Adding repository directory to the temporary git global config as a safe directory
2025-10-12T19:58:01.3631245Z [command]/usr/bin/git config --global --add safe.directory /home/runner/work/scratchattach/scratchattach
2025-10-12T19:58:01.3667595Z Deleting the contents of '/home/runner/work/scratchattach/scratchattach'
2025-10-12T19:58:01.3671413Z ##[group]Initializing the repository
2025-10-12T19:58:01.3676701Z [command]/usr/bin/git init /home/runner/work/scratchattach/scratchattach
2025-10-12T19:58:01.3780241Z hint: Using 'master' as the name for the initial branch. This default branch name
2025-10-12T19:58:01.3782540Z hint: is subject to change. To configure the initial branch name to use in all
2025-10-12T19:58:01.3784933Z hint: of your new repositories, which will suppress this warning, call:
2025-10-12T19:58:01.3786263Z hint:
2025-10-12T19:58:01.3787125Z hint: 	git config --global init.defaultBranch <name>
2025-10-12T19:58:01.3788200Z hint:
2025-10-12T19:58:01.3789253Z hint: Names commonly chosen instead of 'master' are 'main', 'trunk' and
2025-10-12T19:58:01.3791804Z hint: 'development'. The just-created branch can be renamed via this command:
2025-10-12T19:58:01.3793189Z hint:
2025-10-12T19:58:01.3794397Z hint: 	git branch -m <name>
2025-10-12T19:58:01.3795577Z hint:
2025-10-12T19:58:01.3796683Z hint: Disable this message with "git config set advice.defaultBranchName false"
2025-10-12T19:58:01.3798656Z Initialized empty Git repository in /home/runner/work/scratchattach/scratchattach/.git/
2025-10-12T19:58:01.3802026Z [command]/usr/bin/git remote add origin https://github.com/Boss-1s/scratchattach
2025-10-12T19:58:01.3835111Z ##[endgroup]
2025-10-12T19:58:01.3836389Z ##[group]Disabling automatic garbage collection
2025-10-12T19:58:01.3837879Z [command]/usr/bin/git config --local gc.auto 0
2025-10-12T19:58:01.3866604Z ##[endgroup]
2025-10-12T19:58:01.3873723Z ##[group]Setting up auth
2025-10-12T19:58:01.3875844Z [command]/usr/bin/git config --local --name-only --get-regexp core\.sshCommand
2025-10-12T19:58:01.3907024Z [command]/usr/bin/git submodule foreach --recursive sh -c "git config --local --name-only --get-regexp 'core\.sshCommand' && git config --local --unset-all 'core.sshCommand' || :"
2025-10-12T19:58:01.4245502Z [command]/usr/bin/git config --local --name-only --get-regexp http\.https\:\/\/github\.com\/\.extraheader
2025-10-12T19:58:01.4278400Z [command]/usr/bin/git submodule foreach --recursive sh -c "git config --local --name-only --get-regexp 'http\.https\:\/\/github\.com\/\.extraheader' && git config --local --unset-all 'http.https://github.com/.extraheader' || :"
2025-10-12T19:58:01.4498638Z [command]/usr/bin/git config --local http.https://github.com/.extraheader AUTHORIZATION: basic ***
2025-10-12T19:58:01.4534509Z ##[endgroup]
2025-10-12T19:58:01.4546638Z ##[group]Fetching the repository
2025-10-12T19:58:01.4548934Z [command]/usr/bin/git -c protocol.version=2 fetch --no-tags --prune --no-recurse-submodules --depth=1 origin +refs/heads/main:refs/remotes/origin/main
2025-10-12T19:58:02.3491774Z From https://github.com/Boss-1s/scratchattach
2025-10-12T19:58:02.3494635Z  * [new branch]      main       -> origin/main
2025-10-12T19:58:02.3548374Z ##[endgroup]
2025-10-12T19:58:02.3549145Z ##[group]Determining the checkout info
2025-10-12T19:58:02.3552566Z ##[endgroup]
2025-10-12T19:58:02.3557725Z [command]/usr/bin/git sparse-checkout disable
2025-10-12T19:58:02.3599522Z [command]/usr/bin/git config --local --unset-all extensions.worktreeConfig
2025-10-12T19:58:02.3625869Z ##[group]Checking out the ref
2025-10-12T19:58:02.3630224Z [command]/usr/bin/git checkout --progress --force -B main refs/remotes/origin/main
2025-10-12T19:58:02.5816643Z Switched to a new branch 'main'
2025-10-12T19:58:02.5817886Z branch 'main' set up to track 'origin/main'.
2025-10-12T19:58:02.5845302Z ##[endgroup]
2025-10-12T19:58:02.5886724Z [command]/usr/bin/git log -1 --format=%H
2025-10-12T19:58:02.5910510Z b407120948a091c6bd4d7a03440c1c2e11113821
2025-10-12T19:58:02.6136790Z ##[group]Run actions/setup-python@v5
2025-10-12T19:58:02.6137211Z with:
2025-10-12T19:58:02.6137472Z   check-latest: false
2025-10-12T19:58:02.6137916Z   token: ***
2025-10-12T19:58:02.6138196Z   update-environment: true
2025-10-12T19:58:02.6138513Z   allow-prereleases: false
2025-10-12T19:58:02.6138834Z   freethreaded: false
2025-10-12T19:58:02.6139098Z env:
2025-10-12T19:58:02.6139331Z   SKIP_CACHE: 
2025-10-12T19:58:02.6139573Z ##[endgroup]
2025-10-12T19:58:02.7815360Z [warning]Neither 'python-version' nor 'python-version-file' inputs were supplied. Attempting to find '.python-version' file.
2025-10-12T19:58:02.7816568Z [warning].python-version doesn't exist.
2025-10-12T19:58:02.7837068Z ##[warning]The `python-version` input is not set.  The version of Python currently in `PATH` will be used.
2025-10-12T19:58:02.7930652Z ##[group]Run version=$(python --version)
2025-10-12T19:58:02.7931271Z [36;1mversion=$(python --version)[0m
2025-10-12T19:58:02.7931702Z [36;1mecho "::notice::Using python version: $version"[0m
2025-10-12T19:58:02.7932105Z [36;1mpip_version=$(pip --version)[0m
2025-10-12T19:58:02.7932511Z [36;1mecho "::notice::Using pip version: $pip_version"[0m
2025-10-12T19:58:02.7932943Z [36;1mpip install pip-tools[0m
2025-10-12T19:58:02.7933323Z [36;1mpip_compile_version=$(pip-compile --version)[0m
2025-10-12T19:58:02.7933826Z [36;1mecho "::notice::Using pip-compile version: $pip_compile_version"[0m
2025-10-12T19:58:02.7972989Z shell: /usr/bin/bash --noprofile --norc -e -o pipefail {0}
2025-10-12T19:58:02.7973418Z env:
2025-10-12T19:58:02.7973660Z   SKIP_CACHE: 
2025-10-12T19:58:02.7973907Z ##[endgroup]
2025-10-12T19:58:02.8066710Z ##[notice]Using python version: Python 3.12.3
2025-10-12T19:58:04.4347003Z ##[notice]Using pip version: pip 24.0 from /usr/lib/python3/dist-packages/pip (python 3.12)
2025-10-12T19:58:05.1764837Z Defaulting to user installation because normal site-packages is not writeable
2025-10-12T19:58:06.2259042Z Collecting pip-tools
2025-10-12T19:58:06.2974227Z   Downloading pip_tools-7.5.1-py3-none-any.whl.metadata (26 kB)
2025-10-12T19:58:06.3499721Z Collecting build>=1.0.0 (from pip-tools)
2025-10-12T19:58:06.3666267Z   Downloading build-1.3.0-py3-none-any.whl.metadata (5.6 kB)
2025-10-12T19:58:06.3713809Z Requirement already satisfied: click>=8 in /usr/lib/python3/dist-packages (from pip-tools) (8.1.6)
2025-10-12T19:58:06.3722261Z Requirement already satisfied: pip>=22.2 in /usr/lib/python3/dist-packages (from pip-tools) (24.0)
2025-10-12T19:58:06.4010501Z Collecting pyproject_hooks (from pip-tools)
2025-10-12T19:58:06.4167236Z   Downloading pyproject_hooks-1.2.0-py3-none-any.whl.metadata (1.3 kB)
2025-10-12T19:58:06.4210185Z Requirement already satisfied: setuptools in /usr/lib/python3/dist-packages (from pip-tools) (68.1.2)
2025-10-12T19:58:06.4217709Z Requirement already satisfied: wheel in /usr/lib/python3/dist-packages (from pip-tools) (0.42.0)
2025-10-12T19:58:06.4304929Z Requirement already satisfied: packaging>=19.1 in /usr/lib/python3/dist-packages (from build>=1.0.0->pip-tools) (24.0)
2025-10-12T19:58:06.4584178Z Downloading pip_tools-7.5.1-py3-none-any.whl (65 kB)
2025-10-12T19:58:06.4757709Z    ━━━━━━━━━━━━━━━━━━━━━━━━━━━━━━━━━━━━━━━━ 65.3/65.3 kB 3.7 MB/s eta 0:00:00
2025-10-12T19:58:06.4915066Z Downloading build-1.3.0-py3-none-any.whl (23 kB)
2025-10-12T19:58:06.5098589Z Downloading pyproject_hooks-1.2.0-py3-none-any.whl (10 kB)
2025-10-12T19:58:06.8151452Z Installing collected packages: pyproject_hooks, build, pip-tools
2025-10-12T19:58:06.8824907Z Successfully installed build-1.3.0 pip-tools-7.5.1 pyproject_hooks-1.2.0
2025-10-12T19:58:07.3698853Z ##[notice]Using pip-compile version: pip-compile, version 7.5.1
2025-10-12T19:58:07.3817932Z ##[group]Run if [[ -n "" ]]; then
2025-10-12T19:58:07.3818249Z [36;1mif [[ -n "" ]]; then[0m
2025-10-12T19:58:07.3818600Z [36;1m  echo "Python cache disabled via 'GH_DEPENDENCY_SUBMISSION_SKIP_CACHE'"[0m
2025-10-12T19:58:07.3818962Z [36;1melse[0m
2025-10-12T19:58:07.3819382Z [36;1m  echo "Caching Python packages. Set 'GH_DEPENDENCY_SUBMISSION_SKIP_CACHE=true' to skip caching in future."[0m
2025-10-12T19:58:07.3819828Z [36;1mfi[0m
2025-10-12T19:58:07.3853055Z shell: /usr/bin/bash -e {0}
2025-10-12T19:58:07.3853300Z env:
2025-10-12T19:58:07.3853476Z   SKIP_CACHE: 
2025-10-12T19:58:07.3853676Z ##[endgroup]
2025-10-12T19:58:07.3907656Z Caching Python packages. Set 'GH_DEPENDENCY_SUBMISSION_SKIP_CACHE=true' to skip caching in future.
2025-10-12T19:58:07.5352057Z ##[group]Run actions/cache@0400d5f644dc74513175e3cd8d07132dd4860809
2025-10-12T19:58:07.5352440Z with:
2025-10-12T19:58:07.5352631Z   path: ~/.cache/pip
2025-10-12T19:58:07.5353021Z   key: Linux-pip-python-5a00fefc972129031f421abe69b90f4bbdcde70f32fc624502f11f9b2a1e2c79
2025-10-12T19:58:07.5353481Z   restore-keys: Linux-python-

2025-10-12T19:58:07.5353732Z   enableCrossOsArchive: false
2025-10-12T19:58:07.5353960Z   fail-on-cache-miss: false
2025-10-12T19:58:07.5354176Z   lookup-only: false
2025-10-12T19:58:07.5354371Z   save-always: false
2025-10-12T19:58:07.5354556Z env:
2025-10-12T19:58:07.5354719Z   SKIP_CACHE: 
2025-10-12T19:58:07.5354899Z ##[endgroup]
2025-10-12T19:58:07.9894903Z Cache hit for: Linux-pip-python-5a00fefc972129031f421abe69b90f4bbdcde70f32fc624502f11f9b2a1e2c79
2025-10-12T19:58:08.4190460Z Received 1473765 of 1473765 (100.0%), 4.9 MBs/sec
2025-10-12T19:58:08.4191440Z Cache Size: ~1 MB (1473765 B)
2025-10-12T19:58:08.4218192Z [command]/usr/bin/tar -xf /home/runner/work/_temp/0265e649-dc1d-4b3c-b021-ac022904e339/cache.tzst -P -C /home/runner/work/scratchattach/scratchattach --use-compress-program unzstd
2025-10-12T19:58:08.4634165Z Cache restored successfully
2025-10-12T19:58:08.4718315Z Cache restored from key: Linux-pip-python-5a00fefc972129031f421abe69b90f4bbdcde70f32fc624502f11f9b2a1e2c79
2025-10-12T19:58:08.4794239Z ##[group]Run if pip-compile --dry-run -o requirements.out requirements.txt; then
2025-10-12T19:58:08.4794799Z [36;1mif pip-compile --dry-run -o requirements.out requirements.txt; then[0m
2025-10-12T19:58:08.4795219Z [36;1m  echo "::debug::Python validate no broken dependencies"[0m
2025-10-12T19:58:08.4795583Z [36;1m  echo "{valid-project}={true}" >> "$GITHUB_OUTPUT"[0m
2025-10-12T19:58:08.4795874Z [36;1melse[0m
2025-10-12T19:58:08.4796121Z [36;1m  echo "{valid-project}={false}" >> "$GITHUB_OUTPUT"[0m
2025-10-12T19:58:08.4796556Z [36;1m  echo "### :warning: Python validation failed in repository root" >> $GITHUB_STEP_SUMMARY[0m
2025-10-12T19:58:08.4797396Z [36;1m  echo "We were unable to validate a Python project in the repository root. If your repository requires additional setup steps, you may need to check in your own workflow." >> $GITHUB_STEP_SUMMARY[0m
2025-10-12T19:58:08.4798105Z [36;1m  echo "" >> $GITHUB_STEP_SUMMARY[0m
2025-10-12T19:58:08.4798984Z [36;1m  echo "For more information on submitting Python dependencies from your own workflow, refer to [the submission action](https://github.com/actions/component-detection-dependency-submission-action)" >> $GITHUB_STEP_SUMMARY[0m
2025-10-12T19:58:08.4799905Z [36;1m  echo "::warning::Python validation failed in the repository root."[0m
2025-10-12T19:58:08.4800244Z [36;1m  exit 1[0m
2025-10-12T19:58:08.4800429Z [36;1mfi[0m
2025-10-12T19:58:08.4832315Z shell: /usr/bin/bash -e {0}
2025-10-12T19:58:08.4832544Z env:
2025-10-12T19:58:08.4832721Z   SKIP_CACHE: 
2025-10-12T19:58:08.4832910Z ##[endgroup]
2025-10-12T19:58:10.3731765Z WARNING: --strip-extras is becoming the default in version 8.0.0. To silence this warning, either use --strip-extras to opt into the new default or use --no-strip-extras to retain the existing behavior.
2025-10-12T19:58:10.3732767Z #
2025-10-12T19:58:10.3733092Z # This file is autogenerated by pip-compile with Python 3.12
2025-10-12T19:58:10.3733641Z # by the following command:
2025-10-12T19:58:10.3734016Z #
2025-10-12T19:58:10.3734422Z #    pip-compile --output-file=requirements.out requirements.txt
2025-10-12T19:58:10.3734877Z #
2025-10-12T19:58:10.3735174Z beautifulsoup4==4.14.2
2025-10-12T19:58:10.3735480Z     # via bs4
2025-10-12T19:58:10.3735726Z bs4==0.0.2
2025-10-12T19:58:10.3736004Z     # via scratchattach
2025-10-12T19:58:10.3736326Z certifi==2025.10.5
2025-10-12T19:58:10.3736626Z     # via requests
2025-10-12T19:58:10.3736899Z charset-normalizer==3.4.3
2025-10-12T19:58:10.3737238Z     # via requests
2025-10-12T19:58:10.3737493Z idna==3.11
2025-10-12T19:58:10.3737815Z     # via requests
2025-10-12T19:58:10.3738054Z requests==2.32.5
2025-10-12T19:58:10.3738284Z     # via scratchattach
2025-10-12T19:58:10.3738762Z scratchattach==2.1.13
2025-10-12T19:58:10.3738998Z     # via -r requirements.txt
2025-10-12T19:58:10.3739264Z simplewebsocketserver==0.1.2
2025-10-12T19:58:10.3739520Z     # via scratchattach
2025-10-12T19:58:10.3739741Z soupsieve==2.8
2025-10-12T19:58:10.3739956Z     # via beautifulsoup4
2025-10-12T19:58:10.3740188Z typing-extensions==4.15.0
2025-10-12T19:58:10.3740438Z     # via
2025-10-12T19:58:10.3740631Z     #   beautifulsoup4
2025-10-12T19:58:10.3741099Z     #   scratchattach
2025-10-12T19:58:10.3741313Z urllib3==2.5.0
2025-10-12T19:58:10.3741511Z     # via requests
2025-10-12T19:58:10.3741717Z websocket-client==1.9.0
2025-10-12T19:58:10.3741945Z     # via scratchattach
2025-10-12T19:58:10.3742174Z Dry-run, so nothing updated.
2025-10-12T19:58:10.4528740Z ##[group]Run actions/component-detection-dependency-submission-action@374343effede691df3a5ffaf36b4e7acab919590
2025-10-12T19:58:10.4529293Z with:
2025-10-12T19:58:10.4529488Z   detectorsCategories: Python
2025-10-12T19:58:10.4529749Z   detectorsFilter: PipReport
2025-10-12T19:58:10.4530030Z   snapshot-sha: b407120948a091c6bd4d7a03440c1c2e11113821
2025-10-12T19:58:10.4530321Z   snapshot-ref: refs/heads/main
2025-10-12T19:58:10.4530586Z   detector-name: Automatic Dependency Submission
2025-10-12T19:58:10.4531139Z   detector-version: 63a6849b780e
2025-10-12T19:58:10.4531582Z   detector-url: https://github.com/actions/component-detection-dependency-submission-action
2025-10-12T19:58:10.4532221Z   token: ***
2025-10-12T19:58:10.4532405Z   filePath: .
2025-10-12T19:58:10.4532583Z env:
2025-10-12T19:58:10.4532742Z   SKIP_CACHE: 
2025-10-12T19:58:10.4532921Z ##[endgroup]
2025-10-12T19:58:11.5203838Z Running component-detection
2025-10-12T19:58:11.5253007Z [command]/home/runner/work/scratchattach/scratchattach/component-detection scan --SourceDirectory . --ManifestFile ./output.json --DetectorsFilter PipReport --DetectorCategories Python
2025-10-12T19:58:11.8509297Z [19:58:11 INF] Finding components...
2025-10-12T19:58:12.5141994Z [19:58:12 INF] Starting enumeration of /home/runner/work/scratchattach/scratchattach
2025-10-12T19:58:12.5321905Z [19:58:12 INF] Enumerated 20 files and 0 directories in 00:00:00.0185676
2025-10-12T19:58:12.5614382Z [19:58:12 INF] PipReport: Generating pip installation report for /home/runner/work/scratchattach/scratchattach/requirements.txt
2025-10-12T19:58:14.5092811Z [19:58:14 INF] PipReport: Pip installation report for /home/runner/work/scratchattach/scratchattach/requirements.txt completed in 1.946 seconds with 12 detected packages.
2025-10-12T19:58:14.6431786Z                                [38;5;7mDetection Summary[0m                                
2025-10-12T19:58:14.6432845Z ┌───────────────────┬───────────────────┬───────────────────┬──────────────────┐
2025-10-12T19:58:14.6433895Z │ [1mComponent [0m        │ [1mDetection Time[0m    │ [1m# Components [0m     │ [1m# Explicitly [0m    │
2025-10-12T19:58:14.6435032Z │ [1mDetector Id[0m       │                   │ [1mFound[0m             │ [1mReferenced[0m       │
2025-10-12T19:58:14.6435959Z ├───────────────────┼───────────────────┼───────────────────┼──────────────────┤
2025-10-12T19:58:14.6436855Z │ [38;5;14mPipReport[0m         │ 2.7 seconds       │ 12                │ 1                │
2025-10-12T19:58:14.6437773Z │ ───────────────── │ ───────────────── │ ───────────────── │ ──────────────── │
2025-10-12T19:58:14.6438604Z │ [1;4mTotal[0m             │ 2.7 seconds       │ 12                │ 1                │
2025-10-12T19:58:14.6439474Z └───────────────────┴───────────────────┴───────────────────┴──────────────────┘
2025-10-12T19:58:14.6468327Z [19:58:14 INF] 
2025-10-12T19:58:14.6469930Z [19:58:14 INF] 
2025-10-12T19:58:14.6482578Z [19:58:14 INF] Detection time: 2.7045618 seconds.
2025-10-12T19:58:14.6816111Z [19:58:14 INF] Scan Manifest file: /home/runner/work/scratchattach/scratchattach/output.json
2025-10-12T19:58:14.7397035Z Getting manifests from results
2025-10-12T19:58:14.7446418Z ##[notice]Submitting snapshot...
2025-10-12T19:58:14.7465546Z ##[notice]{
    "manifests": {
        "requirements.txt": {
            "resolved": {
                "pkg:pypi/requests@2.32.5": {
                    "package_url": "pkg:pypi/requests@2.32.5",
                    "relationship": "indirect",
                    "scope": "runtime",
                    "dependencies": []
                },
                "pkg:pypi/websocket-client@1.9.0": {
                    "package_url": "pkg:pypi/websocket-client@1.9.0",
                    "relationship": "indirect",
                    "scope": "runtime",
                    "dependencies": []
                },
                "pkg:pypi/certifi@2025.10.5": {
                    "package_url": "pkg:pypi/certifi@2025.10.5",
                    "relationship": "indirect",
                    "scope": "runtime",
                    "dependencies": []
                },
                "pkg:pypi/urllib3@2.5.0": {
                    "package_url": "pkg:pypi/urllib3@2.5.0",
                    "relationship": "indirect",
                    "scope": "runtime",
                    "dependencies": []
                },
                "pkg:pypi/typing-extensions@4.15.0": {
                    "package_url": "pkg:pypi/typing-extensions@4.15.0",
                    "relationship": "indirect",
                    "scope": "runtime",
                    "dependencies": []
                },
                "pkg:pypi/bs4@0.0.2": {
                    "package_url": "pkg:pypi/bs4@0.0.2",
                    "relationship": "indirect",
                    "scope": "runtime",
                    "dependencies": []
                },
                "pkg:pypi/beautifulsoup4@4.14.2": {
                    "package_url": "pkg:pypi/beautifulsoup4@4.14.2",
                    "relationship": "indirect",
                    "scope": "runtime",
                    "dependencies": []
                },
                "pkg:pypi/idna@3.11": {
                    "package_url": "pkg:pypi/idna@3.11",
                    "relationship": "indirect",
                    "scope": "runtime",
                    "dependencies": []
                },
                "pkg:pypi/soupsieve@2.8": {
                    "package_url": "pkg:pypi/soupsieve@2.8",
                    "relationship": "indirect",
                    "scope": "runtime",
                    "dependencies": []
                },
                "pkg:pypi/simplewebsocketserver@0.1.2": {
                    "package_url": "pkg:pypi/simplewebsocketserver@0.1.2",
                    "relationship": "indirect",
                    "scope": "runtime",
                    "dependencies": []
                },
                "pkg:pypi/scratchattach@2.1.13": {
                    "package_url": "pkg:pypi/scratchattach@2.1.13",
                    "relationship": "direct",
                    "scope": "runtime",
                    "dependencies": [
                        "pkg:pypi/requests@2.32.5",
                        "pkg:pypi/websocket-client@1.9.0",
                        "pkg:pypi/certifi@2025.10.5",
                        "pkg:pypi/urllib3@2.5.0",
                        "pkg:pypi/typing-extensions@4.15.0",
                        "pkg:pypi/bs4@0.0.2",
                        "pkg:pypi/beautifulsoup4@4.14.2",
                        "pkg:pypi/idna@3.11",
                        "pkg:pypi/soupsieve@2.8",
                        "pkg:pypi/simplewebsocketserver@0.1.2",
                        "pkg:pypi/charset-normalizer@3.4.3"
                    ]
                },
                "pkg:pypi/charset-normalizer@3.4.3": {
                    "package_url": "pkg:pypi/charset-normalizer@3.4.3",
                    "relationship": "indirect",
                    "scope": "runtime",
                    "dependencies": []
                }
            },
            "name": "requirements.txt",
            "file": {
                "source_location": "requirements.txt"
            }
        }
    },
    "version": 0,
    "job": {
        "correlator": "submit-pypi",
        "id": "18448775184"
    },
    "sha
2025-10-12T19:58:15.0832386Z ##[notice]Snapshot successfully created at 2025-10-12T19:58:14.967Z
2025-10-12T19:58:15.3056152Z Post job cleanup.
2025-10-12T19:58:15.4338729Z Cache hit occurred on the primary key Linux-pip-python-5a00fefc972129031f421abe69b90f4bbdcde70f32fc624502f11f9b2a1e2c79, not saving cache.
2025-10-12T19:58:15.4427972Z Post job cleanup.
2025-10-12T19:58:15.6061163Z Post job cleanup.
2025-10-12T19:58:15.6828181Z [command]/usr/bin/git version
2025-10-12T19:58:15.6866105Z git version 2.51.0
2025-10-12T19:58:15.6902766Z Temporarily overriding HOME='/home/runner/work/_temp/524742f8-6a42-4e73-9c2c-74862e6ac1ff' before making global git config changes
2025-10-12T19:58:15.6904326Z Adding repository directory to the temporary git global config as a safe directory
2025-10-12T19:58:15.6907865Z [command]/usr/bin/git config --global --add safe.directory /home/runner/work/scratchattach/scratchattach
2025-10-12T19:58:15.6944313Z [command]/usr/bin/git config --local --name-only --get-regexp core\.sshCommand
2025-10-12T19:58:15.6976093Z [command]/usr/bin/git submodule foreach --recursive sh -c "git config --local --name-only --get-regexp 'core\.sshCommand' && git config --local --unset-all 'core.sshCommand' || :"
2025-10-12T19:58:15.7201927Z [command]/usr/bin/git config --local --name-only --get-regexp http\.https\:\/\/github\.com\/\.extraheader
2025-10-12T19:58:15.7223417Z http.https://github.com/.extraheader
2025-10-12T19:58:15.7233584Z [command]/usr/bin/git config --local --unset-all http.https://github.com/.extraheader
2025-10-12T19:58:15.7266148Z [command]/usr/bin/git submodule foreach --recursive sh -c "git config --local --name-only --get-regexp 'http\.https\:\/\/github\.com\/\.extraheader' && git config --local --unset-all 'http.https://github.com/.extraheader' || :"
2025-10-12T19:58:15.7599398Z Cleaning up orphan processes
