2026-01-30T04:09:53.8357493Z Current runner version: '2.331.0'
2026-01-30T04:09:53.8381684Z ##[group]Runner Image Provisioner
2026-01-30T04:09:53.8382578Z Hosted Compute Agent
2026-01-30T04:09:53.8383145Z Version: 20260123.484
2026-01-30T04:09:53.8383847Z Commit: 6bd6555ca37d84114959e1c76d2c01448ff61c5d
2026-01-30T04:09:53.8384520Z Build Date: 2026-01-23T19:41:17Z
2026-01-30T04:09:53.8385184Z Worker ID: {f93d63dc-ec3e-4b20-99c0-00dc2ea6916d}
2026-01-30T04:09:53.8385984Z Azure Region: northcentralus
2026-01-30T04:09:53.8386544Z ##[endgroup]
2026-01-30T04:09:53.8387918Z ##[group]Operating System
2026-01-30T04:09:53.8388997Z Ubuntu
2026-01-30T04:09:53.8389454Z 24.04.3
2026-01-30T04:09:53.8389921Z LTS
2026-01-30T04:09:53.8390433Z ##[endgroup]
2026-01-30T04:09:53.8390959Z ##[group]Runner Image
2026-01-30T04:09:53.8391604Z Image: ubuntu-24.04
2026-01-30T04:09:53.8392142Z Version: 20260126.10.1
2026-01-30T04:09:53.8393391Z Included Software: https://github.com/actions/runner-images/blob/ubuntu24/20260126.10/images/ubuntu/Ubuntu2404-Readme.md
2026-01-30T04:09:53.8394961Z Image Release: https://github.com/actions/runner-images/releases/tag/ubuntu24%2F20260126.10
2026-01-30T04:09:53.8395877Z ##[endgroup]
2026-01-30T04:09:53.8396908Z ##[group]GITHUB_TOKEN Permissions
2026-01-30T04:09:53.8399147Z Contents: write
2026-01-30T04:09:53.8399690Z Metadata: read
2026-01-30T04:09:53.8400300Z ##[endgroup]
2026-01-30T04:09:53.8402340Z Secret source: Actions
2026-01-30T04:09:53.8403299Z Prepare workflow directory
2026-01-30T04:09:53.8737273Z Prepare all required actions
2026-01-30T04:09:53.8777812Z Getting action download info
2026-01-30T04:09:54.2056262Z Download action repository 'actions/checkout@v6.0.2' (SHA:de0fac2e4500dabe0009e67214ff5f5447ce83dd)
2026-01-30T04:09:54.3229814Z Download action repository 'actions/setup-python@v6.2.0' (SHA:a309ff8b426b58ec0e2a45f0f869d46889d02405)
2026-01-30T04:09:54.8406757Z Complete job name: Run Prioritzing Handler
2026-01-30T04:09:54.9089711Z ##[group]Run actions/checkout@v6.0.2
2026-01-30T04:09:54.9090589Z with:
2026-01-30T04:09:54.9091009Z   ref: main
2026-01-30T04:09:54.9091434Z   repository: Boss-1s/scratchattach
2026-01-30T04:09:54.9092101Z   token: ***
2026-01-30T04:09:54.9092521Z   ssh-strict: true
2026-01-30T04:09:54.9092941Z   ssh-user: git
2026-01-30T04:09:54.9093362Z   persist-credentials: true
2026-01-30T04:09:54.9093823Z   clean: true
2026-01-30T04:09:54.9094244Z   sparse-checkout-cone-mode: true
2026-01-30T04:09:54.9094741Z   fetch-depth: 1
2026-01-30T04:09:54.9095148Z   fetch-tags: false
2026-01-30T04:09:54.9095570Z   show-progress: true
2026-01-30T04:09:54.9095993Z   lfs: false
2026-01-30T04:09:54.9096378Z   submodules: false
2026-01-30T04:09:54.9096806Z   set-safe-directory: true
2026-01-30T04:09:54.9097462Z ##[endgroup]
2026-01-30T04:09:55.0032565Z Syncing repository: Boss-1s/scratchattach
2026-01-30T04:09:55.0034781Z ##[group]Getting Git version info
2026-01-30T04:09:55.0035653Z Working directory is '/home/runner/work/scratchattach/scratchattach'
2026-01-30T04:09:55.0036755Z [command]/usr/bin/git version
2026-01-30T04:09:55.0151799Z git version 2.52.0
2026-01-30T04:09:55.0175377Z ##[endgroup]
2026-01-30T04:09:55.0190087Z Temporarily overriding HOME='/home/runner/work/_temp/325a60ca-b124-4224-a1d2-47a3b780d4fc' before making global git config changes
2026-01-30T04:09:55.0192281Z Adding repository directory to the temporary git global config as a safe directory
2026-01-30T04:09:55.0195358Z [command]/usr/bin/git config --global --add safe.directory /home/runner/work/scratchattach/scratchattach
2026-01-30T04:09:55.0236058Z Deleting the contents of '/home/runner/work/scratchattach/scratchattach'
2026-01-30T04:09:55.0239938Z ##[group]Initializing the repository
2026-01-30T04:09:55.0244464Z [command]/usr/bin/git init /home/runner/work/scratchattach/scratchattach
2026-01-30T04:09:55.0363124Z hint: Using 'master' as the name for the initial branch. This default branch name
2026-01-30T04:09:55.0364444Z hint: will change to "main" in Git 3.0. To configure the initial branch name
2026-01-30T04:09:55.0365397Z hint: to use in all of your new repositories, which will suppress this warning,
2026-01-30T04:09:55.0367154Z hint: call:
2026-01-30T04:09:55.0367746Z hint:
2026-01-30T04:09:55.0368697Z hint: 	git config --global init.defaultBranch <name>
2026-01-30T04:09:55.0369529Z hint:
2026-01-30T04:09:55.0370127Z hint: Names commonly chosen instead of 'master' are 'main', 'trunk' and
2026-01-30T04:09:55.0371085Z hint: 'development'. The just-created branch can be renamed via this command:
2026-01-30T04:09:55.0371831Z hint:
2026-01-30T04:09:55.0372254Z hint: 	git branch -m <name>
2026-01-30T04:09:55.0372845Z hint:
2026-01-30T04:09:55.0373695Z hint: Disable this message with "git config set advice.defaultBranchName false"
2026-01-30T04:09:55.0374816Z Initialized empty Git repository in /home/runner/work/scratchattach/scratchattach/.git/
2026-01-30T04:09:55.0379090Z [command]/usr/bin/git remote add origin https://github.com/Boss-1s/scratchattach
2026-01-30T04:09:55.0413724Z ##[endgroup]
2026-01-30T04:09:55.0414470Z ##[group]Disabling automatic garbage collection
2026-01-30T04:09:55.0417040Z [command]/usr/bin/git config --local gc.auto 0
2026-01-30T04:09:55.0446213Z ##[endgroup]
2026-01-30T04:09:55.0447435Z ##[group]Setting up auth
2026-01-30T04:09:55.0448638Z Removing SSH command configuration
2026-01-30T04:09:55.0454093Z [command]/usr/bin/git config --local --name-only --get-regexp core\.sshCommand
2026-01-30T04:09:55.0485703Z [command]/usr/bin/git submodule foreach --recursive sh -c "git config --local --name-only --get-regexp 'core\.sshCommand' && git config --local --unset-all 'core.sshCommand' || :"
2026-01-30T04:09:55.0852143Z Removing HTTP extra header
2026-01-30T04:09:55.0858502Z [command]/usr/bin/git config --local --name-only --get-regexp http\.https\:\/\/github\.com\/\.extraheader
2026-01-30T04:09:55.0890035Z [command]/usr/bin/git submodule foreach --recursive sh -c "git config --local --name-only --get-regexp 'http\.https\:\/\/github\.com\/\.extraheader' && git config --local --unset-all 'http.https://github.com/.extraheader' || :"
2026-01-30T04:09:55.1106492Z Removing includeIf entries pointing to credentials config files
2026-01-30T04:09:55.1112406Z [command]/usr/bin/git config --local --name-only --get-regexp ^includeIf\.gitdir:
2026-01-30T04:09:55.1142131Z [command]/usr/bin/git submodule foreach --recursive git config --local --show-origin --name-only --get-regexp remote.origin.url
2026-01-30T04:09:55.1367747Z [command]/usr/bin/git config --file /home/runner/work/_temp/git-credentials-1ff2e286-00b7-466b-b21a-48bee27fa9b6.config http.https://github.com/.extraheader AUTHORIZATION: basic ***
2026-01-30T04:09:55.1404569Z [command]/usr/bin/git config --local includeIf.gitdir:/home/runner/work/scratchattach/scratchattach/.git.path /home/runner/work/_temp/git-credentials-1ff2e286-00b7-466b-b21a-48bee27fa9b6.config
2026-01-30T04:09:55.1435160Z [command]/usr/bin/git config --local includeIf.gitdir:/home/runner/work/scratchattach/scratchattach/.git/worktrees/*.path /home/runner/work/_temp/git-credentials-1ff2e286-00b7-466b-b21a-48bee27fa9b6.config
2026-01-30T04:09:55.1465478Z [command]/usr/bin/git config --local includeIf.gitdir:/github/workspace/.git.path /github/runner_temp/git-credentials-1ff2e286-00b7-466b-b21a-48bee27fa9b6.config
2026-01-30T04:09:55.1495788Z [command]/usr/bin/git config --local includeIf.gitdir:/github/workspace/.git/worktrees/*.path /github/runner_temp/git-credentials-1ff2e286-00b7-466b-b21a-48bee27fa9b6.config
2026-01-30T04:09:55.1523148Z ##[endgroup]
2026-01-30T04:09:55.1524416Z ##[group]Fetching the repository
2026-01-30T04:09:55.1532410Z [command]/usr/bin/git -c protocol.version=2 fetch --no-tags --prune --no-recurse-submodules --depth=1 origin +refs/heads/main*:refs/remotes/origin/main* +refs/tags/main*:refs/tags/main*
2026-01-30T04:10:47.3739522Z From https://github.com/Boss-1s/scratchattach
2026-01-30T04:10:47.3740454Z  * [new branch]      main       -> origin/main
2026-01-30T04:10:47.3770061Z ##[endgroup]
2026-01-30T04:10:47.3770763Z ##[group]Determining the checkout info
2026-01-30T04:10:47.3776141Z [command]/usr/bin/git branch --list --remote origin/main
2026-01-30T04:10:47.3805422Z   origin/main
2026-01-30T04:10:47.3810114Z ##[endgroup]
2026-01-30T04:10:47.3814071Z [command]/usr/bin/git sparse-checkout disable
2026-01-30T04:10:47.3856133Z [command]/usr/bin/git config --local --unset-all extensions.worktreeConfig
2026-01-30T04:10:47.3883051Z ##[group]Checking out the ref
2026-01-30T04:10:47.3887113Z [command]/usr/bin/git checkout --progress --force -B main refs/remotes/origin/main
2026-01-30T04:10:48.5283841Z Updating files:  77% (2611/3353)
2026-01-30T04:10:48.7881198Z Updating files:  78% (2616/3353)
2026-01-30T04:10:49.0503102Z Updating files:  79% (2649/3353)
2026-01-30T04:10:49.0550640Z Updating files:  80% (2683/3353)
2026-01-30T04:10:49.2513641Z Updating files:  81% (2716/3353)
2026-01-30T04:10:49.2542702Z Updating files:  82% (2750/3353)
2026-01-30T04:10:49.4416118Z Updating files:  83% (2783/3353)
2026-01-30T04:10:49.4763098Z Updating files:  83% (2812/3353)
2026-01-30T04:10:50.0272219Z Updating files:  84% (2817/3353)
2026-01-30T04:10:50.2435162Z Updating files:  85% (2851/3353)
2026-01-30T04:10:50.4126116Z Updating files:  86% (2884/3353)
2026-01-30T04:10:50.6350213Z Updating files:  86% (2897/3353)
2026-01-30T04:10:50.8004720Z Updating files:  87% (2918/3353)
2026-01-30T04:10:51.1156425Z Updating files:  88% (2951/3353)
2026-01-30T04:10:51.4030672Z Updating files:  89% (2985/3353)
2026-01-30T04:10:51.7432766Z Updating files:  89% (2999/3353)
2026-01-30T04:10:52.4257259Z Updating files:  90% (3018/3353)
2026-01-30T04:10:52.5657042Z Updating files:  90% (3040/3353)
2026-01-30T04:10:53.1407427Z Updating files:  91% (3052/3353)
2026-01-30T04:10:53.4071757Z Updating files:  92% (3085/3353)
2026-01-30T04:10:53.7205808Z Updating files:  92% (3105/3353)
2026-01-30T04:10:54.2108463Z Updating files:  93% (3119/3353)
2026-01-30T04:10:54.3973330Z Updating files:  94% (3152/3353)
2026-01-30T04:10:54.7647923Z Updating files:  94% (3159/3353)
2026-01-30T04:10:54.7826901Z Updating files:  95% (3186/3353)
2026-01-30T04:10:54.8010037Z Updating files:  96% (3219/3353)
2026-01-30T04:10:54.8195589Z Updating files:  97% (3253/3353)
2026-01-30T04:10:54.8272903Z Updating files:  98% (3286/3353)
2026-01-30T04:10:54.8348570Z Updating files:  99% (3320/3353)
2026-01-30T04:10:54.8349044Z Updating files: 100% (3353/3353)
2026-01-30T04:10:54.8349550Z Updating files: 100% (3353/3353), done.
2026-01-30T04:10:54.8705621Z Switched to a new branch 'main'
2026-01-30T04:10:54.8710260Z branch 'main' set up to track 'origin/main'.
2026-01-30T04:10:54.8885978Z ##[endgroup]
2026-01-30T04:10:54.8929483Z [command]/usr/bin/git log -1 --format=%H
2026-01-30T04:10:54.8954493Z 0bcf0ae36425797e920c6ed3512b388e2990e48f
2026-01-30T04:10:54.9186445Z ##[group]Run actions/setup-python@v6.2.0
2026-01-30T04:10:54.9186755Z with:
2026-01-30T04:10:54.9186951Z   python-version: 3.13
2026-01-30T04:10:54.9187163Z   check-latest: false
2026-01-30T04:10:54.9187494Z   token: ***
2026-01-30T04:10:54.9187694Z   update-environment: true
2026-01-30T04:10:54.9187929Z   allow-prereleases: false
2026-01-30T04:10:54.9188408Z   freethreaded: false
2026-01-30T04:10:54.9188616Z ##[endgroup]
2026-01-30T04:10:55.0438836Z ##[group]Installed versions
2026-01-30T04:10:55.0552724Z Successfully set up CPython (3.13.11)
2026-01-30T04:10:55.0553576Z ##[endgroup]
2026-01-30T04:10:55.0671145Z ##[group]Run pip install -r requirements.txt
2026-01-30T04:10:55.0671603Z [36;1mpip install -r requirements.txt[0m
2026-01-30T04:10:55.0936690Z shell: /usr/bin/bash -e {0}
2026-01-30T04:10:55.0936950Z env:
2026-01-30T04:10:55.0937207Z   pythonLocation: /opt/hostedtoolcache/Python/3.13.11/x64
2026-01-30T04:10:55.0937657Z   PKG_CONFIG_PATH: /opt/hostedtoolcache/Python/3.13.11/x64/lib/pkgconfig
2026-01-30T04:10:55.0938277Z   Python_ROOT_DIR: /opt/hostedtoolcache/Python/3.13.11/x64
2026-01-30T04:10:55.0938660Z   Python2_ROOT_DIR: /opt/hostedtoolcache/Python/3.13.11/x64
2026-01-30T04:10:55.0939046Z   Python3_ROOT_DIR: /opt/hostedtoolcache/Python/3.13.11/x64
2026-01-30T04:10:55.0939430Z   LD_LIBRARY_PATH: /opt/hostedtoolcache/Python/3.13.11/x64/lib
2026-01-30T04:10:55.0939986Z ##[endgroup]
2026-01-30T04:10:59.0338487Z Collecting scratchattach>=2.1.15b0 (from -r requirements.txt (line 1))
2026-01-30T04:10:59.1222305Z   Downloading scratchattach-2.1.15b0-py3-none-any.whl.metadata (5.7 kB)
2026-01-30T04:10:59.1454869Z Collecting websocket-client (from scratchattach>=2.1.15b0->-r requirements.txt (line 1))
2026-01-30T04:10:59.1601923Z   Downloading websocket_client-1.9.0-py3-none-any.whl.metadata (8.3 kB)
2026-01-30T04:10:59.1925850Z Collecting requests (from scratchattach>=2.1.15b0->-r requirements.txt (line 1))
2026-01-30T04:10:59.2065922Z   Downloading requests-2.32.5-py3-none-any.whl.metadata (4.9 kB)
2026-01-30T04:10:59.2195164Z Collecting bs4 (from scratchattach>=2.1.15b0->-r requirements.txt (line 1))
2026-01-30T04:10:59.2336204Z   Downloading bs4-0.0.2-py2.py3-none-any.whl.metadata (411 bytes)
2026-01-30T04:10:59.2462928Z Collecting SimpleWebSocketServer (from scratchattach>=2.1.15b0->-r requirements.txt (line 1))
2026-01-30T04:10:59.2611381Z   Downloading SimpleWebSocketServer-0.1.2.tar.gz (10 kB)
2026-01-30T04:10:59.2709480Z   Installing build dependencies: started
2026-01-30T04:11:00.7695517Z   Installing build dependencies: finished with status 'done'
2026-01-30T04:11:00.7701109Z   Getting requirements to build wheel: started
2026-01-30T04:11:01.6592076Z   Getting requirements to build wheel: finished with status 'done'
2026-01-30T04:11:01.6603301Z   Preparing metadata (pyproject.toml): started
2026-01-30T04:11:01.8596143Z   Preparing metadata (pyproject.toml): finished with status 'done'
2026-01-30T04:11:01.8770207Z Collecting typing-extensions (from scratchattach>=2.1.15b0->-r requirements.txt (line 1))
2026-01-30T04:11:01.8915268Z   Downloading typing_extensions-4.15.0-py3-none-any.whl.metadata (3.3 kB)
2026-01-30T04:11:01.9064022Z Collecting browser_cookie3 (from scratchattach>=2.1.15b0->-r requirements.txt (line 1))
2026-01-30T04:11:01.9214700Z   Downloading browser_cookie3-0.20.1-py3-none-any.whl.metadata (713 bytes)
2026-01-30T04:11:01.9896386Z Collecting lz4 (from browser_cookie3->scratchattach>=2.1.15b0->-r requirements.txt (line 1))
2026-01-30T04:11:02.0042185Z   Downloading lz4-4.4.5-cp313-cp313-manylinux2014_x86_64.manylinux_2_17_x86_64.manylinux_2_28_x86_64.whl.metadata (3.8 kB)
2026-01-30T04:11:02.0850499Z Collecting pycryptodomex (from browser_cookie3->scratchattach>=2.1.15b0->-r requirements.txt (line 1))
2026-01-30T04:11:02.1007143Z   Downloading pycryptodomex-3.23.0-cp37-abi3-manylinux_2_17_x86_64.manylinux2014_x86_64.whl.metadata (3.4 kB)
2026-01-30T04:11:02.1132154Z Collecting jeepney (from browser_cookie3->scratchattach>=2.1.15b0->-r requirements.txt (line 1))
2026-01-30T04:11:02.1273372Z   Downloading jeepney-0.9.0-py3-none-any.whl.metadata (1.2 kB)
2026-01-30T04:11:02.1458697Z Collecting beautifulsoup4 (from bs4->scratchattach>=2.1.15b0->-r requirements.txt (line 1))
2026-01-30T04:11:02.1605449Z   Downloading beautifulsoup4-4.14.3-py3-none-any.whl.metadata (3.8 kB)
2026-01-30T04:11:02.1797696Z Collecting soupsieve>=1.6.1 (from beautifulsoup4->bs4->scratchattach>=2.1.15b0->-r requirements.txt (line 1))
2026-01-30T04:11:02.2040964Z   Downloading soupsieve-2.8.3-py3-none-any.whl.metadata (4.6 kB)
2026-01-30T04:11:02.2981989Z Collecting charset_normalizer<4,>=2 (from requests->scratchattach>=2.1.15b0->-r requirements.txt (line 1))
2026-01-30T04:11:02.3129201Z   Downloading charset_normalizer-3.4.4-cp313-cp313-manylinux2014_x86_64.manylinux_2_17_x86_64.manylinux_2_28_x86_64.whl.metadata (37 kB)
2026-01-30T04:11:02.3391271Z Collecting idna<4,>=2.5 (from requests->scratchattach>=2.1.15b0->-r requirements.txt (line 1))
2026-01-30T04:11:02.3561606Z   Downloading idna-3.11-py3-none-any.whl.metadata (8.4 kB)
2026-01-30T04:11:02.3857426Z Collecting urllib3<3,>=1.21.1 (from requests->scratchattach>=2.1.15b0->-r requirements.txt (line 1))
2026-01-30T04:11:02.4006899Z   Downloading urllib3-2.6.3-py3-none-any.whl.metadata (6.9 kB)
2026-01-30T04:11:02.4228876Z Collecting certifi>=2017.4.17 (from requests->scratchattach>=2.1.15b0->-r requirements.txt (line 1))
2026-01-30T04:11:02.4372559Z   Downloading certifi-2026.1.4-py3-none-any.whl.metadata (2.5 kB)
2026-01-30T04:11:02.4593615Z Downloading scratchattach-2.1.15b0-py3-none-any.whl (145 kB)
2026-01-30T04:11:02.4923074Z Downloading browser_cookie3-0.20.1-py3-none-any.whl (17 kB)
2026-01-30T04:11:02.5088974Z Downloading bs4-0.0.2-py2.py3-none-any.whl (1.2 kB)
2026-01-30T04:11:02.5249608Z Downloading beautifulsoup4-4.14.3-py3-none-any.whl (107 kB)
2026-01-30T04:11:02.5436403Z Downloading soupsieve-2.8.3-py3-none-any.whl (37 kB)
2026-01-30T04:11:02.5600244Z Downloading typing_extensions-4.15.0-py3-none-any.whl (44 kB)
2026-01-30T04:11:02.5765129Z Downloading jeepney-0.9.0-py3-none-any.whl (49 kB)
2026-01-30T04:11:02.5929043Z Downloading lz4-4.4.5-cp313-cp313-manylinux2014_x86_64.manylinux_2_17_x86_64.manylinux_2_28_x86_64.whl (1.4 MB)
2026-01-30T04:11:02.6301642Z    ━━━━━━━━━━━━━━━━━━━━━━━━━━━━━━━━━━━━━━━━ 1.4/1.4 MB 51.3 MB/s  0:00:00
2026-01-30T04:11:02.6444537Z Downloading pycryptodomex-3.23.0-cp37-abi3-manylinux_2_17_x86_64.manylinux2014_x86_64.whl (2.3 MB)
2026-01-30T04:11:02.6646155Z    ━━━━━━━━━━━━━━━━━━━━━━━━━━━━━━━━━━━━━━━━ 2.3/2.3 MB 112.3 MB/s  0:00:00
2026-01-30T04:11:02.6788525Z Downloading requests-2.32.5-py3-none-any.whl (64 kB)
2026-01-30T04:11:02.6956745Z Downloading charset_normalizer-3.4.4-cp313-cp313-manylinux2014_x86_64.manylinux_2_17_x86_64.manylinux_2_28_x86_64.whl (153 kB)
2026-01-30T04:11:02.7128337Z Downloading idna-3.11-py3-none-any.whl (71 kB)
2026-01-30T04:11:02.7297107Z Downloading urllib3-2.6.3-py3-none-any.whl (131 kB)
2026-01-30T04:11:02.7465357Z Downloading certifi-2026.1.4-py3-none-any.whl (152 kB)
2026-01-30T04:11:02.7632625Z Downloading websocket_client-1.9.0-py3-none-any.whl (82 kB)
2026-01-30T04:11:02.7844979Z Building wheels for collected packages: SimpleWebSocketServer
2026-01-30T04:11:02.7853429Z   Building wheel for SimpleWebSocketServer (pyproject.toml): started
2026-01-30T04:11:03.0093423Z   Building wheel for SimpleWebSocketServer (pyproject.toml): finished with status 'done'
2026-01-30T04:11:03.0100805Z   Created wheel for SimpleWebSocketServer: filename=simplewebsocketserver-0.1.2-py3-none-any.whl size=9716 sha256=b6462005faf002167e975d2d227ecbb579ceafc4f1d2bb51da59e8e09199d005
2026-01-30T04:11:03.0103060Z   Stored in directory: /home/runner/.cache/pip/wheels/c4/5b/e8/4f2c15a82edc4923058056f6681373168be02a0c00389a6dcf
2026-01-30T04:11:03.0121212Z Successfully built SimpleWebSocketServer
2026-01-30T04:11:03.0362631Z Installing collected packages: SimpleWebSocketServer, websocket-client, urllib3, typing-extensions, soupsieve, pycryptodomex, lz4, jeepney, idna, charset_normalizer, certifi, requests, browser_cookie3, beautifulsoup4, bs4, scratchattach
2026-01-30T04:11:04.2145604Z 
2026-01-30T04:11:04.2172284Z Successfully installed SimpleWebSocketServer-0.1.2 beautifulsoup4-4.14.3 browser_cookie3-0.20.1 bs4-0.0.2 certifi-2026.1.4 charset_normalizer-3.4.4 idna-3.11 jeepney-0.9.0 lz4-4.4.5 pycryptodomex-3.23.0 requests-2.32.5 scratchattach-2.1.15b0 soupsieve-2.8.3 typing-extensions-4.15.0 urllib3-2.6.3 websocket-client-1.9.0
2026-01-30T04:11:04.4211829Z ##[group]Run actions/checkout@v6.0.2
2026-01-30T04:11:04.4212098Z with:
2026-01-30T04:11:04.4212255Z   ref: main
2026-01-30T04:11:04.4212434Z   repository: Boss-1s/scratchattach
2026-01-30T04:11:04.4212785Z   token: ***
2026-01-30T04:11:04.4212958Z   ssh-strict: true
2026-01-30T04:11:04.4213136Z   ssh-user: git
2026-01-30T04:11:04.4213323Z   persist-credentials: true
2026-01-30T04:11:04.4213527Z   clean: true
2026-01-30T04:11:04.4213715Z   sparse-checkout-cone-mode: true
2026-01-30T04:11:04.4213949Z   fetch-depth: 1
2026-01-30T04:11:04.4214125Z   fetch-tags: false
2026-01-30T04:11:04.4214308Z   show-progress: true
2026-01-30T04:11:04.4214490Z   lfs: false
2026-01-30T04:11:04.4214655Z   submodules: false
2026-01-30T04:11:04.4214840Z   set-safe-directory: true
2026-01-30T04:11:04.4215036Z env:
2026-01-30T04:11:04.4215267Z   pythonLocation: /opt/hostedtoolcache/Python/3.13.11/x64
2026-01-30T04:11:04.4215841Z   PKG_CONFIG_PATH: /opt/hostedtoolcache/Python/3.13.11/x64/lib/pkgconfig
2026-01-30T04:11:04.4216277Z   Python_ROOT_DIR: /opt/hostedtoolcache/Python/3.13.11/x64
2026-01-30T04:11:04.4216629Z   Python2_ROOT_DIR: /opt/hostedtoolcache/Python/3.13.11/x64
2026-01-30T04:11:04.4216981Z   Python3_ROOT_DIR: /opt/hostedtoolcache/Python/3.13.11/x64
2026-01-30T04:11:04.4217345Z   LD_LIBRARY_PATH: /opt/hostedtoolcache/Python/3.13.11/x64/lib
2026-01-30T04:11:04.4217642Z ##[endgroup]
2026-01-30T04:11:04.4973548Z Syncing repository: Boss-1s/scratchattach
2026-01-30T04:11:04.4974903Z ##[group]Getting Git version info
2026-01-30T04:11:04.4975849Z Working directory is '/home/runner/work/scratchattach/scratchattach'
2026-01-30T04:11:04.5012397Z [command]/usr/bin/git version
2026-01-30T04:11:04.5047895Z git version 2.52.0
2026-01-30T04:11:04.5072334Z ##[endgroup]
2026-01-30T04:11:04.5086617Z Temporarily overriding HOME='/home/runner/work/_temp/5b9cbe3e-eeb7-40bb-815b-90c5d3c4570d' before making global git config changes
2026-01-30T04:11:04.5088299Z Adding repository directory to the temporary git global config as a safe directory
2026-01-30T04:11:04.5092492Z [command]/usr/bin/git config --global --add safe.directory /home/runner/work/scratchattach/scratchattach
2026-01-30T04:11:04.5129530Z [command]/usr/bin/git config --local --get remote.origin.url
2026-01-30T04:11:04.5151610Z https://github.com/Boss-1s/scratchattach
2026-01-30T04:11:04.5165520Z ##[group]Removing previously created refs, to avoid conflicts
2026-01-30T04:11:04.5169847Z [command]/usr/bin/git rev-parse --symbolic-full-name --verify --quiet HEAD
2026-01-30T04:11:04.5190825Z refs/heads/main
2026-01-30T04:11:04.5200017Z [command]/usr/bin/git checkout --detach
2026-01-30T04:11:05.2574624Z HEAD is now at 0bcf0ae [BOT] Download Logs
2026-01-30T04:11:05.2639572Z [command]/usr/bin/git branch --delete --force main
2026-01-30T04:11:05.2670569Z Deleted branch main (was 0bcf0ae).
2026-01-30T04:11:05.2711134Z ##[endgroup]
2026-01-30T04:11:05.2715262Z [command]/usr/bin/git submodule status
2026-01-30T04:11:05.2955161Z ##[group]Cleaning the repository
2026-01-30T04:11:05.2959763Z [command]/usr/bin/git clean -ffdx
2026-01-30T04:11:05.3015143Z [command]/usr/bin/git reset --hard HEAD
2026-01-30T04:11:05.3132605Z HEAD is now at 0bcf0ae [BOT] Download Logs
2026-01-30T04:11:05.3138585Z ##[endgroup]
2026-01-30T04:11:05.3140251Z ##[group]Disabling automatic garbage collection
2026-01-30T04:11:05.3144158Z [command]/usr/bin/git config --local gc.auto 0
2026-01-30T04:11:05.3171613Z ##[endgroup]
2026-01-30T04:11:05.3172136Z ##[group]Setting up auth
2026-01-30T04:11:05.3173397Z Removing SSH command configuration
2026-01-30T04:11:05.3179276Z [command]/usr/bin/git config --local --name-only --get-regexp core\.sshCommand
2026-01-30T04:11:05.3208708Z [command]/usr/bin/git submodule foreach --recursive sh -c "git config --local --name-only --get-regexp 'core\.sshCommand' && git config --local --unset-all 'core.sshCommand' || :"
2026-01-30T04:11:05.3433952Z Removing HTTP extra header
2026-01-30T04:11:05.3438803Z [command]/usr/bin/git config --local --name-only --get-regexp http\.https\:\/\/github\.com\/\.extraheader
2026-01-30T04:11:05.3467732Z [command]/usr/bin/git submodule foreach --recursive sh -c "git config --local --name-only --get-regexp 'http\.https\:\/\/github\.com\/\.extraheader' && git config --local --unset-all 'http.https://github.com/.extraheader' || :"
2026-01-30T04:11:05.3688216Z Removing includeIf entries pointing to credentials config files
2026-01-30T04:11:05.3693819Z [command]/usr/bin/git config --local --name-only --get-regexp ^includeIf\.gitdir:
2026-01-30T04:11:05.3717357Z includeif.gitdir:/home/runner/work/scratchattach/scratchattach/.git.path
2026-01-30T04:11:05.3718637Z includeif.gitdir:/home/runner/work/scratchattach/scratchattach/.git/worktrees/*.path
2026-01-30T04:11:05.3719456Z includeif.gitdir:/github/workspace/.git.path
2026-01-30T04:11:05.3720053Z includeif.gitdir:/github/workspace/.git/worktrees/*.path
2026-01-30T04:11:05.3725580Z [command]/usr/bin/git config --local --get-all includeif.gitdir:/home/runner/work/scratchattach/scratchattach/.git.path
2026-01-30T04:11:05.3746441Z /home/runner/work/_temp/git-credentials-1ff2e286-00b7-466b-b21a-48bee27fa9b6.config
2026-01-30T04:11:05.3756908Z [command]/usr/bin/git config --local --unset includeif.gitdir:/home/runner/work/scratchattach/scratchattach/.git.path /home/runner/work/_temp/git-credentials-1ff2e286-00b7-466b-b21a-48bee27fa9b6.config
2026-01-30T04:11:05.3787573Z [command]/usr/bin/git config --local --get-all includeif.gitdir:/home/runner/work/scratchattach/scratchattach/.git/worktrees/*.path
2026-01-30T04:11:05.3808261Z /home/runner/work/_temp/git-credentials-1ff2e286-00b7-466b-b21a-48bee27fa9b6.config
2026-01-30T04:11:05.3816756Z [command]/usr/bin/git config --local --unset includeif.gitdir:/home/runner/work/scratchattach/scratchattach/.git/worktrees/*.path /home/runner/work/_temp/git-credentials-1ff2e286-00b7-466b-b21a-48bee27fa9b6.config
2026-01-30T04:11:05.3847360Z [command]/usr/bin/git config --local --get-all includeif.gitdir:/github/workspace/.git.path
2026-01-30T04:11:05.3867749Z /github/runner_temp/git-credentials-1ff2e286-00b7-466b-b21a-48bee27fa9b6.config
2026-01-30T04:11:05.3875043Z [command]/usr/bin/git config --local --unset includeif.gitdir:/github/workspace/.git.path /github/runner_temp/git-credentials-1ff2e286-00b7-466b-b21a-48bee27fa9b6.config
2026-01-30T04:11:05.3906837Z [command]/usr/bin/git config --local --get-all includeif.gitdir:/github/workspace/.git/worktrees/*.path
2026-01-30T04:11:05.3927105Z /github/runner_temp/git-credentials-1ff2e286-00b7-466b-b21a-48bee27fa9b6.config
2026-01-30T04:11:05.3938719Z [command]/usr/bin/git config --local --unset includeif.gitdir:/github/workspace/.git/worktrees/*.path /github/runner_temp/git-credentials-1ff2e286-00b7-466b-b21a-48bee27fa9b6.config
2026-01-30T04:11:05.3977005Z [command]/usr/bin/git submodule foreach --recursive git config --local --show-origin --name-only --get-regexp remote.origin.url
2026-01-30T04:11:05.4197496Z Removing credentials config '/home/runner/work/_temp/git-credentials-1ff2e286-00b7-466b-b21a-48bee27fa9b6.config'
2026-01-30T04:11:05.4210712Z [command]/usr/bin/git config --file /home/runner/work/_temp/git-credentials-ee787d04-ec40-49d5-832a-b2954e58d70e.config http.https://github.com/.extraheader AUTHORIZATION: basic ***
2026-01-30T04:11:05.4276938Z [command]/usr/bin/git config --local includeIf.gitdir:/home/runner/work/scratchattach/scratchattach/.git.path /home/runner/work/_temp/git-credentials-ee787d04-ec40-49d5-832a-b2954e58d70e.config
2026-01-30T04:11:05.4306528Z [command]/usr/bin/git config --local includeIf.gitdir:/home/runner/work/scratchattach/scratchattach/.git/worktrees/*.path /home/runner/work/_temp/git-credentials-ee787d04-ec40-49d5-832a-b2954e58d70e.config
2026-01-30T04:11:05.4335773Z [command]/usr/bin/git config --local includeIf.gitdir:/github/workspace/.git.path /github/runner_temp/git-credentials-ee787d04-ec40-49d5-832a-b2954e58d70e.config
2026-01-30T04:11:05.4364430Z [command]/usr/bin/git config --local includeIf.gitdir:/github/workspace/.git/worktrees/*.path /github/runner_temp/git-credentials-ee787d04-ec40-49d5-832a-b2954e58d70e.config
2026-01-30T04:11:05.4388885Z ##[endgroup]
2026-01-30T04:11:05.4389428Z ##[group]Fetching the repository
2026-01-30T04:11:05.4398358Z [command]/usr/bin/git -c protocol.version=2 fetch --no-tags --prune --no-recurse-submodules --depth=1 origin +refs/heads/main*:refs/remotes/origin/main* +refs/tags/main*:refs/tags/main*
2026-01-30T04:11:05.6711445Z ##[endgroup]
2026-01-30T04:11:05.6712090Z ##[group]Determining the checkout info
2026-01-30T04:11:05.6718209Z [command]/usr/bin/git branch --list --remote origin/main
2026-01-30T04:11:05.6743850Z   origin/main
2026-01-30T04:11:05.6747961Z ##[endgroup]
2026-01-30T04:11:05.6752689Z [command]/usr/bin/git sparse-checkout disable
2026-01-30T04:11:05.6817911Z [command]/usr/bin/git config --local --unset-all extensions.worktreeConfig
2026-01-30T04:11:05.6843739Z ##[group]Checking out the ref
2026-01-30T04:11:05.6847728Z [command]/usr/bin/git checkout --progress --force -B main refs/remotes/origin/main
2026-01-30T04:11:05.6938952Z Switched to a new branch 'main'
2026-01-30T04:11:05.6941384Z branch 'main' set up to track 'origin/main'.
2026-01-30T04:11:05.6946961Z ##[endgroup]
2026-01-30T04:11:05.6982474Z [command]/usr/bin/git log -1 --format=%H
2026-01-30T04:11:05.7004820Z 0bcf0ae36425797e920c6ed3512b388e2990e48f
2026-01-30T04:11:05.7116859Z ##[group]Run python3 aesthetic_prioritizing.py
2026-01-30T04:11:05.7117225Z [36;1mpython3 aesthetic_prioritizing.py[0m
2026-01-30T04:11:05.7151588Z shell: /usr/bin/bash -e {0}
2026-01-30T04:11:05.7151808Z env:
2026-01-30T04:11:05.7152048Z   pythonLocation: /opt/hostedtoolcache/Python/3.13.11/x64
2026-01-30T04:11:05.7152472Z   PKG_CONFIG_PATH: /opt/hostedtoolcache/Python/3.13.11/x64/lib/pkgconfig
2026-01-30T04:11:05.7152878Z   Python_ROOT_DIR: /opt/hostedtoolcache/Python/3.13.11/x64
2026-01-30T04:11:05.7153233Z   Python2_ROOT_DIR: /opt/hostedtoolcache/Python/3.13.11/x64
2026-01-30T04:11:05.7153599Z   Python3_ROOT_DIR: /opt/hostedtoolcache/Python/3.13.11/x64
2026-01-30T04:11:05.7153982Z   LD_LIBRARY_PATH: /opt/hostedtoolcache/Python/3.13.11/x64/lib
2026-01-30T04:11:05.7154380Z   PASS: ***
2026-01-30T04:11:05.7154547Z ##[endgroup]
2026-01-30T04:11:06.9192490Z Prioritizing: Attempt 1
2026-01-30T04:11:06.9199285Z Projects already on top. No prioritizing needed.
2026-01-30T04:11:06.9205576Z Prioritized projects in your favorite list.
2026-01-30T04:11:06.9207688Z Warning: For methods that require authentication, use session.connect_user instead of get_user
2026-01-30T04:11:06.9574916Z Post job cleanup.
2026-01-30T04:11:07.0350066Z [command]/usr/bin/git version
2026-01-30T04:11:07.0417806Z git version 2.52.0
2026-01-30T04:11:07.0457350Z Temporarily overriding HOME='/home/runner/work/_temp/317b3c70-3dda-439e-a816-1b95d4c2d22e' before making global git config changes
2026-01-30T04:11:07.0458940Z Adding repository directory to the temporary git global config as a safe directory
2026-01-30T04:11:07.0463606Z [command]/usr/bin/git config --global --add safe.directory /home/runner/work/scratchattach/scratchattach
2026-01-30T04:11:07.0493649Z Removing SSH command configuration
2026-01-30T04:11:07.0500630Z [command]/usr/bin/git config --local --name-only --get-regexp core\.sshCommand
2026-01-30T04:11:07.0533398Z [command]/usr/bin/git submodule foreach --recursive sh -c "git config --local --name-only --get-regexp 'core\.sshCommand' && git config --local --unset-all 'core.sshCommand' || :"
2026-01-30T04:11:07.0762218Z Removing HTTP extra header
2026-01-30T04:11:07.0767138Z [command]/usr/bin/git config --local --name-only --get-regexp http\.https\:\/\/github\.com\/\.extraheader
2026-01-30T04:11:07.0801055Z [command]/usr/bin/git submodule foreach --recursive sh -c "git config --local --name-only --get-regexp 'http\.https\:\/\/github\.com\/\.extraheader' && git config --local --unset-all 'http.https://github.com/.extraheader' || :"
2026-01-30T04:11:07.1023038Z Removing includeIf entries pointing to credentials config files
2026-01-30T04:11:07.1030015Z [command]/usr/bin/git config --local --name-only --get-regexp ^includeIf\.gitdir:
2026-01-30T04:11:07.1053756Z includeif.gitdir:/home/runner/work/scratchattach/scratchattach/.git.path
2026-01-30T04:11:07.1054848Z includeif.gitdir:/home/runner/work/scratchattach/scratchattach/.git/worktrees/*.path
2026-01-30T04:11:07.1055711Z includeif.gitdir:/github/workspace/.git.path
2026-01-30T04:11:07.1056375Z includeif.gitdir:/github/workspace/.git/worktrees/*.path
2026-01-30T04:11:07.1063856Z [command]/usr/bin/git config --local --get-all includeif.gitdir:/home/runner/work/scratchattach/scratchattach/.git.path
2026-01-30T04:11:07.1084863Z /home/runner/work/_temp/git-credentials-ee787d04-ec40-49d5-832a-b2954e58d70e.config
2026-01-30T04:11:07.1095404Z [command]/usr/bin/git config --local --unset includeif.gitdir:/home/runner/work/scratchattach/scratchattach/.git.path /home/runner/work/_temp/git-credentials-ee787d04-ec40-49d5-832a-b2954e58d70e.config
2026-01-30T04:11:07.1127704Z [command]/usr/bin/git config --local --get-all includeif.gitdir:/home/runner/work/scratchattach/scratchattach/.git/worktrees/*.path
2026-01-30T04:11:07.1149819Z /home/runner/work/_temp/git-credentials-ee787d04-ec40-49d5-832a-b2954e58d70e.config
2026-01-30T04:11:07.1158942Z [command]/usr/bin/git config --local --unset includeif.gitdir:/home/runner/work/scratchattach/scratchattach/.git/worktrees/*.path /home/runner/work/_temp/git-credentials-ee787d04-ec40-49d5-832a-b2954e58d70e.config
2026-01-30T04:11:07.1190182Z [command]/usr/bin/git config --local --get-all includeif.gitdir:/github/workspace/.git.path
2026-01-30T04:11:07.1212143Z /github/runner_temp/git-credentials-ee787d04-ec40-49d5-832a-b2954e58d70e.config
2026-01-30T04:11:07.1220772Z [command]/usr/bin/git config --local --unset includeif.gitdir:/github/workspace/.git.path /github/runner_temp/git-credentials-ee787d04-ec40-49d5-832a-b2954e58d70e.config
2026-01-30T04:11:07.1251485Z [command]/usr/bin/git config --local --get-all includeif.gitdir:/github/workspace/.git/worktrees/*.path
2026-01-30T04:11:07.1271994Z /github/runner_temp/git-credentials-ee787d04-ec40-49d5-832a-b2954e58d70e.config
2026-01-30T04:11:07.1282327Z [command]/usr/bin/git config --local --unset includeif.gitdir:/github/workspace/.git/worktrees/*.path /github/runner_temp/git-credentials-ee787d04-ec40-49d5-832a-b2954e58d70e.config
2026-01-30T04:11:07.1313489Z [command]/usr/bin/git submodule foreach --recursive git config --local --show-origin --name-only --get-regexp remote.origin.url
2026-01-30T04:11:07.1534162Z Removing credentials config '/home/runner/work/_temp/git-credentials-ee787d04-ec40-49d5-832a-b2954e58d70e.config'
2026-01-30T04:11:07.1710068Z Post job cleanup.
2026-01-30T04:11:07.2939933Z Post job cleanup.
2026-01-30T04:11:07.3702926Z [command]/usr/bin/git version
2026-01-30T04:11:07.3769945Z git version 2.52.0
2026-01-30T04:11:07.3807873Z Temporarily overriding HOME='/home/runner/work/_temp/89f049c1-0c5c-4641-a87b-29056d0cb574' before making global git config changes
2026-01-30T04:11:07.3809567Z Adding repository directory to the temporary git global config as a safe directory
2026-01-30T04:11:07.3813815Z [command]/usr/bin/git config --global --add safe.directory /home/runner/work/scratchattach/scratchattach
2026-01-30T04:11:07.3842644Z Removing SSH command configuration
2026-01-30T04:11:07.3848963Z [command]/usr/bin/git config --local --name-only --get-regexp core\.sshCommand
2026-01-30T04:11:07.3881089Z [command]/usr/bin/git submodule foreach --recursive sh -c "git config --local --name-only --get-regexp 'core\.sshCommand' && git config --local --unset-all 'core.sshCommand' || :"
2026-01-30T04:11:07.4106769Z Removing HTTP extra header
2026-01-30T04:11:07.4112119Z [command]/usr/bin/git config --local --name-only --get-regexp http\.https\:\/\/github\.com\/\.extraheader
2026-01-30T04:11:07.4143143Z [command]/usr/bin/git submodule foreach --recursive sh -c "git config --local --name-only --get-regexp 'http\.https\:\/\/github\.com\/\.extraheader' && git config --local --unset-all 'http.https://github.com/.extraheader' || :"
2026-01-30T04:11:07.4361582Z Removing includeIf entries pointing to credentials config files
2026-01-30T04:11:07.4367262Z [command]/usr/bin/git config --local --name-only --get-regexp ^includeIf\.gitdir:
2026-01-30T04:11:07.4397003Z [command]/usr/bin/git submodule foreach --recursive git config --local --show-origin --name-only --get-regexp remote.origin.url
2026-01-30T04:11:07.4733242Z Cleaning up orphan processes
