2025-12-23T15:08:47.1337638Z Current runner version: '2.330.0'
2025-12-23T15:08:47.1361849Z ##[group]Runner Image Provisioner
2025-12-23T15:08:47.1362683Z Hosted Compute Agent
2025-12-23T15:08:47.1363261Z Version: 20251211.462
2025-12-23T15:08:47.1363887Z Commit: 6cbad8c2bb55d58165063d031ccabf57e2d2db61
2025-12-23T15:08:47.1364544Z Build Date: 2025-12-11T16:28:49Z
2025-12-23T15:08:47.1365242Z Worker ID: {905b8432-4ca0-4b2a-b71c-23907b2b453f}
2025-12-23T15:08:47.1365968Z ##[endgroup]
2025-12-23T15:08:47.1366459Z ##[group]Operating System
2025-12-23T15:08:47.1367346Z Ubuntu
2025-12-23T15:08:47.1367841Z 24.04.3
2025-12-23T15:08:47.1368291Z LTS
2025-12-23T15:08:47.1368701Z ##[endgroup]
2025-12-23T15:08:47.1369293Z ##[group]Runner Image
2025-12-23T15:08:47.1369792Z Image: ubuntu-24.04
2025-12-23T15:08:47.1370278Z Version: 20251215.174.1
2025-12-23T15:08:47.1371346Z Included Software: https://github.com/actions/runner-images/blob/ubuntu24/20251215.174/images/ubuntu/Ubuntu2404-Readme.md
2025-12-23T15:08:47.1372846Z Image Release: https://github.com/actions/runner-images/releases/tag/ubuntu24%2F20251215.174
2025-12-23T15:08:47.1373895Z ##[endgroup]
2025-12-23T15:08:47.1376410Z ##[group]GITHUB_TOKEN Permissions
2025-12-23T15:08:47.1378900Z Actions: write
2025-12-23T15:08:47.1379472Z ArtifactMetadata: write
2025-12-23T15:08:47.1379980Z Attestations: write
2025-12-23T15:08:47.1380565Z Checks: write
2025-12-23T15:08:47.1381016Z Contents: write
2025-12-23T15:08:47.1381519Z Deployments: write
2025-12-23T15:08:47.1382128Z Discussions: write
2025-12-23T15:08:47.1382597Z Issues: write
2025-12-23T15:08:47.1383071Z Metadata: read
2025-12-23T15:08:47.1383556Z Models: read
2025-12-23T15:08:47.1384060Z Packages: write
2025-12-23T15:08:47.1384513Z Pages: write
2025-12-23T15:08:47.1385064Z PullRequests: write
2025-12-23T15:08:47.1385701Z RepositoryProjects: write
2025-12-23T15:08:47.1386223Z SecurityEvents: write
2025-12-23T15:08:47.1386777Z Statuses: write
2025-12-23T15:08:47.1387589Z ##[endgroup]
2025-12-23T15:08:47.1389726Z Secret source: Actions
2025-12-23T15:08:47.1390474Z Prepare workflow directory
2025-12-23T15:08:47.1719290Z Prepare all required actions
2025-12-23T15:08:47.1759401Z Getting action download info
2025-12-23T15:08:47.6139826Z Download action repository 'actions/checkout@v6.0.1' (SHA:8e8c483db84b4bee98b60c0593521ed34d9990e8)
2025-12-23T15:08:47.7397589Z Download action repository 'actions/setup-python@v6.1.0' (SHA:83679a892e2d95755f2dac6acb0bfd1e9ac5d548)
2025-12-23T15:08:47.9255118Z Complete job name: build (3.9, ubuntu-latest)
2025-12-23T15:08:47.9934276Z ##[group]Run actions/checkout@v6.0.1
2025-12-23T15:08:47.9935274Z with:
2025-12-23T15:08:47.9935647Z   ref: scratch_chat_dev
2025-12-23T15:08:47.9936088Z   repository: Boss-1s/scratchattach
2025-12-23T15:08:47.9936776Z   token: ***
2025-12-23T15:08:47.9937324Z   ssh-strict: true
2025-12-23T15:08:47.9937748Z   ssh-user: git
2025-12-23T15:08:47.9938140Z   persist-credentials: true
2025-12-23T15:08:47.9938572Z   clean: true
2025-12-23T15:08:47.9938959Z   sparse-checkout-cone-mode: true
2025-12-23T15:08:47.9939442Z   fetch-depth: 1
2025-12-23T15:08:47.9939812Z   fetch-tags: false
2025-12-23T15:08:47.9940198Z   show-progress: true
2025-12-23T15:08:47.9940576Z   lfs: false
2025-12-23T15:08:47.9940932Z   submodules: false
2025-12-23T15:08:47.9941330Z   set-safe-directory: true
2025-12-23T15:08:47.9942012Z ##[endgroup]
2025-12-23T15:08:48.0882099Z Syncing repository: Boss-1s/scratchattach
2025-12-23T15:08:48.0883829Z ##[group]Getting Git version info
2025-12-23T15:08:48.0884622Z Working directory is '/home/runner/work/scratchattach/scratchattach'
2025-12-23T15:08:48.0885621Z [command]/usr/bin/git version
2025-12-23T15:08:48.0974026Z git version 2.52.0
2025-12-23T15:08:48.0995220Z ##[endgroup]
2025-12-23T15:08:48.1009212Z Temporarily overriding HOME='/home/runner/work/_temp/fa8e329e-2b0c-4c28-8fbb-e4e15195521f' before making global git config changes
2025-12-23T15:08:48.1010694Z Adding repository directory to the temporary git global config as a safe directory
2025-12-23T15:08:48.1014410Z [command]/usr/bin/git config --global --add safe.directory /home/runner/work/scratchattach/scratchattach
2025-12-23T15:08:48.1056288Z Deleting the contents of '/home/runner/work/scratchattach/scratchattach'
2025-12-23T15:08:48.1060628Z ##[group]Initializing the repository
2025-12-23T15:08:48.1066045Z [command]/usr/bin/git init /home/runner/work/scratchattach/scratchattach
2025-12-23T15:08:48.1190159Z hint: Using 'master' as the name for the initial branch. This default branch name
2025-12-23T15:08:48.1191361Z hint: will change to "main" in Git 3.0. To configure the initial branch name
2025-12-23T15:08:48.1192344Z hint: to use in all of your new repositories, which will suppress this warning,
2025-12-23T15:08:48.1193229Z hint: call:
2025-12-23T15:08:48.1193839Z hint:
2025-12-23T15:08:48.1194486Z hint: 	git config --global init.defaultBranch <name>
2025-12-23T15:08:48.1195120Z hint:
2025-12-23T15:08:48.1195832Z hint: Names commonly chosen instead of 'master' are 'main', 'trunk' and
2025-12-23T15:08:48.1197602Z hint: 'development'. The just-created branch can be renamed via this command:
2025-12-23T15:08:48.1198911Z hint:
2025-12-23T15:08:48.1199497Z hint: 	git branch -m <name>
2025-12-23T15:08:48.1199978Z hint:
2025-12-23T15:08:48.1200584Z hint: Disable this message with "git config set advice.defaultBranchName false"
2025-12-23T15:08:48.1201678Z Initialized empty Git repository in /home/runner/work/scratchattach/scratchattach/.git/
2025-12-23T15:08:48.1205656Z [command]/usr/bin/git remote add origin https://github.com/Boss-1s/scratchattach
2025-12-23T15:08:48.1242919Z ##[endgroup]
2025-12-23T15:08:48.1244102Z ##[group]Disabling automatic garbage collection
2025-12-23T15:08:48.1247593Z [command]/usr/bin/git config --local gc.auto 0
2025-12-23T15:08:48.1276509Z ##[endgroup]
2025-12-23T15:08:48.1277911Z ##[group]Setting up auth
2025-12-23T15:08:48.1278805Z Removing SSH command configuration
2025-12-23T15:08:48.1284723Z [command]/usr/bin/git config --local --name-only --get-regexp core\.sshCommand
2025-12-23T15:08:48.1316875Z [command]/usr/bin/git submodule foreach --recursive sh -c "git config --local --name-only --get-regexp 'core\.sshCommand' && git config --local --unset-all 'core.sshCommand' || :"
2025-12-23T15:08:48.1679407Z Removing HTTP extra header
2025-12-23T15:08:48.1685546Z [command]/usr/bin/git config --local --name-only --get-regexp http\.https\:\/\/github\.com\/\.extraheader
2025-12-23T15:08:48.1718860Z [command]/usr/bin/git submodule foreach --recursive sh -c "git config --local --name-only --get-regexp 'http\.https\:\/\/github\.com\/\.extraheader' && git config --local --unset-all 'http.https://github.com/.extraheader' || :"
2025-12-23T15:08:48.1953461Z Removing includeIf entries pointing to credentials config files
2025-12-23T15:08:48.1963812Z [command]/usr/bin/git config --local --name-only --get-regexp ^includeIf\.gitdir:
2025-12-23T15:08:48.2002641Z [command]/usr/bin/git submodule foreach --recursive git config --local --show-origin --name-only --get-regexp remote.origin.url
2025-12-23T15:08:48.2253718Z [command]/usr/bin/git config --file /home/runner/work/_temp/git-credentials-0621d613-cf69-4059-ac14-ab6d72cfddd3.config http.https://github.com/.extraheader AUTHORIZATION: basic ***
2025-12-23T15:08:48.2294897Z [command]/usr/bin/git config --local includeIf.gitdir:/home/runner/work/scratchattach/scratchattach/.git.path /home/runner/work/_temp/git-credentials-0621d613-cf69-4059-ac14-ab6d72cfddd3.config
2025-12-23T15:08:48.2326026Z [command]/usr/bin/git config --local includeIf.gitdir:/home/runner/work/scratchattach/scratchattach/.git/worktrees/*.path /home/runner/work/_temp/git-credentials-0621d613-cf69-4059-ac14-ab6d72cfddd3.config
2025-12-23T15:08:48.2354762Z [command]/usr/bin/git config --local includeIf.gitdir:/github/workspace/.git.path /github/runner_temp/git-credentials-0621d613-cf69-4059-ac14-ab6d72cfddd3.config
2025-12-23T15:08:48.2384667Z [command]/usr/bin/git config --local includeIf.gitdir:/github/workspace/.git/worktrees/*.path /github/runner_temp/git-credentials-0621d613-cf69-4059-ac14-ab6d72cfddd3.config
2025-12-23T15:08:48.2411772Z ##[endgroup]
2025-12-23T15:08:48.2412919Z ##[group]Fetching the repository
2025-12-23T15:08:48.2422702Z [command]/usr/bin/git -c protocol.version=2 fetch --no-tags --prune --no-recurse-submodules --depth=1 origin +refs/heads/scratch_chat_dev*:refs/remotes/origin/scratch_chat_dev* +refs/tags/scratch_chat_dev*:refs/tags/scratch_chat_dev*
2025-12-23T15:08:51.7901300Z From https://github.com/Boss-1s/scratchattach
2025-12-23T15:08:51.7903884Z  * [new branch]      scratch_chat_dev -> origin/scratch_chat_dev
2025-12-23T15:08:51.7929095Z ##[endgroup]
2025-12-23T15:08:51.7930876Z ##[group]Determining the checkout info
2025-12-23T15:08:51.7939044Z [command]/usr/bin/git branch --list --remote origin/scratch_chat_dev
2025-12-23T15:08:51.7973814Z   origin/scratch_chat_dev
2025-12-23T15:08:51.7978893Z ##[endgroup]
2025-12-23T15:08:51.7982717Z [command]/usr/bin/git sparse-checkout disable
2025-12-23T15:08:51.8888145Z [command]/usr/bin/git config --local --unset-all extensions.worktreeConfig
2025-12-23T15:08:51.8926874Z ##[group]Checking out the ref
2025-12-23T15:08:51.8929244Z [command]/usr/bin/git checkout --progress --force -B scratch_chat_dev refs/remotes/origin/scratch_chat_dev
2025-12-23T15:08:52.7111456Z Switched to a new branch 'scratch_chat_dev'
2025-12-23T15:08:52.7112858Z branch 'scratch_chat_dev' set up to track 'origin/scratch_chat_dev'.
2025-12-23T15:08:52.7168896Z ##[endgroup]
2025-12-23T15:08:52.7208943Z [command]/usr/bin/git log -1 --format=%H
2025-12-23T15:08:52.7231912Z 5fcafa8b860e66a0b6afe9b31b264d684ecec2f0
2025-12-23T15:08:52.7454672Z ##[group]Run actions/setup-python@v6.1.0
2025-12-23T15:08:52.7455012Z with:
2025-12-23T15:08:52.7455229Z   python-version: 3.9
2025-12-23T15:08:52.7455471Z   check-latest: false
2025-12-23T15:08:52.7455831Z   token: ***
2025-12-23T15:08:52.7456057Z   update-environment: true
2025-12-23T15:08:52.7456307Z   allow-prereleases: false
2025-12-23T15:08:52.7456557Z   freethreaded: false
2025-12-23T15:08:52.7456781Z ##[endgroup]
2025-12-23T15:08:52.8870309Z ##[group]Installed versions
2025-12-23T15:08:53.0435697Z (node:2118) [DEP0040] DeprecationWarning: The `punycode` module is deprecated. Please use a userland alternative instead.
2025-12-23T15:08:53.0436602Z (Use `node --trace-deprecation ...` to show where the warning was created)
2025-12-23T15:08:53.0437376Z Successfully set up CPython (3.9.25)
2025-12-23T15:08:53.0438718Z ##[endgroup]
2025-12-23T15:08:53.0574002Z ##[group]Run cd test
2025-12-23T15:08:53.0574367Z [36;1mcd test[0m
2025-12-23T15:08:53.0574609Z [36;1mpython3 test5.py[0m
2025-12-23T15:08:53.0627597Z shell: /usr/bin/bash -e {0}
2025-12-23T15:08:53.0627893Z env:
2025-12-23T15:08:53.0628182Z   pythonLocation: /opt/hostedtoolcache/Python/3.9.25/x64
2025-12-23T15:08:53.0628634Z   PKG_CONFIG_PATH: /opt/hostedtoolcache/Python/3.9.25/x64/lib/pkgconfig
2025-12-23T15:08:53.0629082Z   Python_ROOT_DIR: /opt/hostedtoolcache/Python/3.9.25/x64
2025-12-23T15:08:53.0629464Z   Python2_ROOT_DIR: /opt/hostedtoolcache/Python/3.9.25/x64
2025-12-23T15:08:53.0629836Z   Python3_ROOT_DIR: /opt/hostedtoolcache/Python/3.9.25/x64
2025-12-23T15:08:53.0630250Z   LD_LIBRARY_PATH: /opt/hostedtoolcache/Python/3.9.25/x64/lib
2025-12-23T15:08:53.0630608Z ##[endgroup]
2025-12-23T15:08:53.1591674Z Traceback (most recent call last):
2025-12-23T15:08:53.1600332Z   File "/home/runner/work/scratchattach/scratchattach/test/test5.py", line 8, in <module>
2025-12-23T15:08:53.1601443Z     from key_multivalue_storage import Storage as s
2025-12-23T15:08:53.1602349Z   File "/home/runner/work/scratchattach/scratchattach/key_multivalue_storage.py", line 13, in <module>
2025-12-23T15:08:53.1603049Z     class _KeyNotFoundError(Exception):
2025-12-23T15:08:53.1603803Z   File "/home/runner/work/scratchattach/scratchattach/key_multivalue_storage.py", line 15, in _KeyNotFoundError
2025-12-23T15:08:53.1604635Z     def __init__(self, file: str, mkey: str | uuid.UUID, message="") -> None:
2025-12-23T15:08:53.1605224Z TypeError: unsupported operand type(s) for |: 'type' and 'type'
2025-12-23T15:08:53.1648799Z ##[error]Process completed with exit code 1.
2025-12-23T15:08:53.1750061Z Post job cleanup.
2025-12-23T15:08:53.2556214Z [command]/usr/bin/git version
2025-12-23T15:08:53.2592997Z git version 2.52.0
2025-12-23T15:08:53.2631471Z Temporarily overriding HOME='/home/runner/work/_temp/9a6967a5-5238-46a2-b3d9-cb74ebcaf9f6' before making global git config changes
2025-12-23T15:08:53.2632937Z Adding repository directory to the temporary git global config as a safe directory
2025-12-23T15:08:53.2637801Z [command]/usr/bin/git config --global --add safe.directory /home/runner/work/scratchattach/scratchattach
2025-12-23T15:08:53.2668721Z Removing SSH command configuration
2025-12-23T15:08:53.2675142Z [command]/usr/bin/git config --local --name-only --get-regexp core\.sshCommand
2025-12-23T15:08:53.2708711Z [command]/usr/bin/git submodule foreach --recursive sh -c "git config --local --name-only --get-regexp 'core\.sshCommand' && git config --local --unset-all 'core.sshCommand' || :"
2025-12-23T15:08:53.2943116Z Removing HTTP extra header
2025-12-23T15:08:53.3024232Z [command]/usr/bin/git config --local --name-only --get-regexp http\.https\:\/\/github\.com\/\.extraheader
2025-12-23T15:08:53.3028054Z [command]/usr/bin/git submodule foreach --recursive sh -c "git config --local --name-only --get-regexp 'http\.https\:\/\/github\.com\/\.extraheader' && git config --local --unset-all 'http.https://github.com/.extraheader' || :"
2025-12-23T15:08:53.3217923Z Removing includeIf entries pointing to credentials config files
2025-12-23T15:08:53.3225661Z [command]/usr/bin/git config --local --name-only --get-regexp ^includeIf\.gitdir:
2025-12-23T15:08:53.3249221Z includeif.gitdir:/home/runner/work/scratchattach/scratchattach/.git.path
2025-12-23T15:08:53.3250423Z includeif.gitdir:/home/runner/work/scratchattach/scratchattach/.git/worktrees/*.path
2025-12-23T15:08:53.3251371Z includeif.gitdir:/github/workspace/.git.path
2025-12-23T15:08:53.3252153Z includeif.gitdir:/github/workspace/.git/worktrees/*.path
2025-12-23T15:08:53.3260139Z [command]/usr/bin/git config --local --get-all includeif.gitdir:/home/runner/work/scratchattach/scratchattach/.git.path
2025-12-23T15:08:53.3281298Z /home/runner/work/_temp/git-credentials-0621d613-cf69-4059-ac14-ab6d72cfddd3.config
2025-12-23T15:08:53.3291257Z [command]/usr/bin/git config --local --unset includeif.gitdir:/home/runner/work/scratchattach/scratchattach/.git.path /home/runner/work/_temp/git-credentials-0621d613-cf69-4059-ac14-ab6d72cfddd3.config
2025-12-23T15:08:53.3325233Z [command]/usr/bin/git config --local --get-all includeif.gitdir:/home/runner/work/scratchattach/scratchattach/.git/worktrees/*.path
2025-12-23T15:08:53.3346721Z /home/runner/work/_temp/git-credentials-0621d613-cf69-4059-ac14-ab6d72cfddd3.config
2025-12-23T15:08:53.3356094Z [command]/usr/bin/git config --local --unset includeif.gitdir:/home/runner/work/scratchattach/scratchattach/.git/worktrees/*.path /home/runner/work/_temp/git-credentials-0621d613-cf69-4059-ac14-ab6d72cfddd3.config
2025-12-23T15:08:53.3388027Z [command]/usr/bin/git config --local --get-all includeif.gitdir:/github/workspace/.git.path
2025-12-23T15:08:53.3408425Z /github/runner_temp/git-credentials-0621d613-cf69-4059-ac14-ab6d72cfddd3.config
2025-12-23T15:08:53.3416664Z [command]/usr/bin/git config --local --unset includeif.gitdir:/github/workspace/.git.path /github/runner_temp/git-credentials-0621d613-cf69-4059-ac14-ab6d72cfddd3.config
2025-12-23T15:08:53.3447982Z [command]/usr/bin/git config --local --get-all includeif.gitdir:/github/workspace/.git/worktrees/*.path
2025-12-23T15:08:53.3468679Z /github/runner_temp/git-credentials-0621d613-cf69-4059-ac14-ab6d72cfddd3.config
2025-12-23T15:08:53.3477657Z [command]/usr/bin/git config --local --unset includeif.gitdir:/github/workspace/.git/worktrees/*.path /github/runner_temp/git-credentials-0621d613-cf69-4059-ac14-ab6d72cfddd3.config
2025-12-23T15:08:53.3510357Z [command]/usr/bin/git submodule foreach --recursive git config --local --show-origin --name-only --get-regexp remote.origin.url
2025-12-23T15:08:53.3733236Z Removing credentials config '/home/runner/work/_temp/git-credentials-0621d613-cf69-4059-ac14-ab6d72cfddd3.config'
2025-12-23T15:08:53.3854221Z Cleaning up orphan processes
