2025-08-29T20:50:10.4182514Z Current runner version: '2.328.0'
2025-08-29T20:50:10.4217040Z ##[group]Runner Image Provisioner
2025-08-29T20:50:10.4218272Z Hosted Compute Agent
2025-08-29T20:50:10.4219123Z Version: 20250829.383
2025-08-29T20:50:10.4220241Z Commit: 27cb235aab5b0e52e153a26cd86b4742e89dac5d
2025-08-29T20:50:10.4221377Z Build Date: 2025-08-29T13:48:48Z
2025-08-29T20:50:10.4222288Z ##[endgroup]
2025-08-29T20:50:10.4223648Z ##[group]Operating System
2025-08-29T20:50:10.4224493Z Ubuntu
2025-08-29T20:50:10.4225194Z 24.04.3
2025-08-29T20:50:10.4225887Z LTS
2025-08-29T20:50:10.4226577Z ##[endgroup]
2025-08-29T20:50:10.4227298Z ##[group]Runner Image
2025-08-29T20:50:10.4228442Z Image: ubuntu-24.04
2025-08-29T20:50:10.4229402Z Version: 20250824.1.0
2025-08-29T20:50:10.4231131Z Included Software: https://github.com/actions/runner-images/blob/ubuntu24/20250824.1/images/ubuntu/Ubuntu2404-Readme.md
2025-08-29T20:50:10.4233967Z Image Release: https://github.com/actions/runner-images/releases/tag/ubuntu24%2F20250824.1
2025-08-29T20:50:10.4235579Z ##[endgroup]
2025-08-29T20:50:10.4237322Z ##[group]GITHUB_TOKEN Permissions
2025-08-29T20:50:10.4240183Z Contents: write
2025-08-29T20:50:10.4241103Z Metadata: read
2025-08-29T20:50:10.4241864Z ##[endgroup]
2025-08-29T20:50:10.4245054Z Secret source: Actions
2025-08-29T20:50:10.4246222Z Prepare workflow directory
2025-08-29T20:50:10.4982588Z Prepare all required actions
2025-08-29T20:50:10.5040514Z Getting action download info
2025-08-29T20:50:10.7908144Z Download action repository 'actions/checkout@ff7abcd0c3c05ccf6adc123a8cd1fd4fb30fb493' (SHA:ff7abcd0c3c05ccf6adc123a8cd1fd4fb30fb493)
2025-08-29T20:50:10.9065935Z Download action repository 'actions/setup-python@v5' (SHA:a26af69be951a213d495a4c3e4e4022e16d87065)
2025-08-29T20:50:10.9849988Z Download action repository 'actions/cache@0400d5f644dc74513175e3cd8d07132dd4860809' (SHA:0400d5f644dc74513175e3cd8d07132dd4860809)
2025-08-29T20:50:11.0798247Z Download action repository 'actions/component-detection-dependency-submission-action@374343effede691df3a5ffaf36b4e7acab919590' (SHA:374343effede691df3a5ffaf36b4e7acab919590)
2025-08-29T20:50:11.4023390Z Complete job name: submit-pypi
2025-08-29T20:50:11.4714326Z ##[group]Run actions/checkout@ff7abcd0c3c05ccf6adc123a8cd1fd4fb30fb493
2025-08-29T20:50:11.4715507Z with:
2025-08-29T20:50:11.4715940Z   ref: refs/heads/scratch_chat_dev
2025-08-29T20:50:11.4716463Z   repository: Boss-1s/scratchattach
2025-08-29T20:50:11.4717210Z   token: ***
2025-08-29T20:50:11.4717607Z   ssh-strict: true
2025-08-29T20:50:11.4718016Z   ssh-user: git
2025-08-29T20:50:11.4718430Z   persist-credentials: true
2025-08-29T20:50:11.4718903Z   clean: true
2025-08-29T20:50:11.4719310Z   sparse-checkout-cone-mode: true
2025-08-29T20:50:11.4719801Z   fetch-depth: 1
2025-08-29T20:50:11.4720222Z   fetch-tags: false
2025-08-29T20:50:11.4720632Z   show-progress: true
2025-08-29T20:50:11.4721050Z   lfs: false
2025-08-29T20:50:11.4721455Z   submodules: false
2025-08-29T20:50:11.4721882Z   set-safe-directory: true
2025-08-29T20:50:11.4722552Z env:
2025-08-29T20:50:11.4723269Z   SKIP_CACHE: 
2025-08-29T20:50:11.4723658Z ##[endgroup]
2025-08-29T20:50:11.5715838Z Syncing repository: Boss-1s/scratchattach
2025-08-29T20:50:11.5718062Z ##[group]Getting Git version info
2025-08-29T20:50:11.5718979Z Working directory is '/home/runner/work/scratchattach/scratchattach'
2025-08-29T20:50:11.5720028Z [command]/usr/bin/git version
2025-08-29T20:50:11.5770410Z git version 2.51.0
2025-08-29T20:50:11.5793746Z ##[endgroup]
2025-08-29T20:50:11.5809417Z Temporarily overriding HOME='/home/runner/work/_temp/26f5e898-aeae-4711-9dbc-56a092ddbff8' before making global git config changes
2025-08-29T20:50:11.5811616Z Adding repository directory to the temporary git global config as a safe directory
2025-08-29T20:50:11.5815081Z [command]/usr/bin/git config --global --add safe.directory /home/runner/work/scratchattach/scratchattach
2025-08-29T20:50:11.5855949Z Deleting the contents of '/home/runner/work/scratchattach/scratchattach'
2025-08-29T20:50:11.5859821Z ##[group]Initializing the repository
2025-08-29T20:50:11.5865079Z [command]/usr/bin/git init /home/runner/work/scratchattach/scratchattach
2025-08-29T20:50:11.5947962Z hint: Using 'master' as the name for the initial branch. This default branch name
2025-08-29T20:50:11.5949872Z hint: is subject to change. To configure the initial branch name to use in all
2025-08-29T20:50:11.5951154Z hint: of your new repositories, which will suppress this warning, call:
2025-08-29T20:50:11.5952291Z hint:
2025-08-29T20:50:11.5953097Z hint: 	git config --global init.defaultBranch <name>
2025-08-29T20:50:11.5953719Z hint:
2025-08-29T20:50:11.5954288Z hint: Names commonly chosen instead of 'master' are 'main', 'trunk' and
2025-08-29T20:50:11.5955181Z hint: 'development'. The just-created branch can be renamed via this command:
2025-08-29T20:50:11.5955886Z hint:
2025-08-29T20:50:11.5956273Z hint: 	git branch -m <name>
2025-08-29T20:50:11.5956789Z hint:
2025-08-29T20:50:11.5957391Z hint: Disable this message with "git config set advice.defaultBranchName false"
2025-08-29T20:50:11.5959156Z Initialized empty Git repository in /home/runner/work/scratchattach/scratchattach/.git/
2025-08-29T20:50:11.5963874Z [command]/usr/bin/git remote add origin https://github.com/Boss-1s/scratchattach
2025-08-29T20:50:11.6003782Z ##[endgroup]
2025-08-29T20:50:11.6004991Z ##[group]Disabling automatic garbage collection
2025-08-29T20:50:11.6008550Z [command]/usr/bin/git config --local gc.auto 0
2025-08-29T20:50:11.6038024Z ##[endgroup]
2025-08-29T20:50:11.6039279Z ##[group]Setting up auth
2025-08-29T20:50:11.6045612Z [command]/usr/bin/git config --local --name-only --get-regexp core\.sshCommand
2025-08-29T20:50:11.6078030Z [command]/usr/bin/git submodule foreach --recursive sh -c "git config --local --name-only --get-regexp 'core\.sshCommand' && git config --local --unset-all 'core.sshCommand' || :"
2025-08-29T20:50:11.6397968Z [command]/usr/bin/git config --local --name-only --get-regexp http\.https\:\/\/github\.com\/\.extraheader
2025-08-29T20:50:11.6431751Z [command]/usr/bin/git submodule foreach --recursive sh -c "git config --local --name-only --get-regexp 'http\.https\:\/\/github\.com\/\.extraheader' && git config --local --unset-all 'http.https://github.com/.extraheader' || :"
2025-08-29T20:50:11.6658722Z [command]/usr/bin/git config --local http.https://github.com/.extraheader AUTHORIZATION: basic ***
2025-08-29T20:50:11.6696146Z ##[endgroup]
2025-08-29T20:50:11.6697046Z ##[group]Fetching the repository
2025-08-29T20:50:11.6705879Z [command]/usr/bin/git -c protocol.version=2 fetch --no-tags --prune --no-recurse-submodules --depth=1 origin +refs/heads/scratch_chat_dev:refs/remotes/origin/scratch_chat_dev
2025-08-29T20:50:11.8998024Z From https://github.com/Boss-1s/scratchattach
2025-08-29T20:50:11.8999777Z  * [new branch]      scratch_chat_dev -> origin/scratch_chat_dev
2025-08-29T20:50:11.9029321Z ##[endgroup]
2025-08-29T20:50:11.9030880Z ##[group]Determining the checkout info
2025-08-29T20:50:11.9032543Z ##[endgroup]
2025-08-29T20:50:11.9036378Z [command]/usr/bin/git sparse-checkout disable
2025-08-29T20:50:11.9076759Z [command]/usr/bin/git config --local --unset-all extensions.worktreeConfig
2025-08-29T20:50:11.9103652Z ##[group]Checking out the ref
2025-08-29T20:50:11.9108282Z [command]/usr/bin/git checkout --progress --force -B scratch_chat_dev refs/remotes/origin/scratch_chat_dev
2025-08-29T20:50:11.9169507Z Switched to a new branch 'scratch_chat_dev'
2025-08-29T20:50:11.9171854Z branch 'scratch_chat_dev' set up to track 'origin/scratch_chat_dev'.
2025-08-29T20:50:11.9179325Z ##[endgroup]
2025-08-29T20:50:11.9214518Z [command]/usr/bin/git log -1 --format=%H
2025-08-29T20:50:11.9237095Z c13cab6b344b811bc551efb421942fddd340307e
2025-08-29T20:50:11.9508699Z ##[group]Run actions/setup-python@v5
2025-08-29T20:50:11.9509660Z with:
2025-08-29T20:50:11.9510398Z   check-latest: false
2025-08-29T20:50:11.9511353Z   token: ***
2025-08-29T20:50:11.9512119Z   update-environment: true
2025-08-29T20:50:11.9513141Z   allow-prereleases: false
2025-08-29T20:50:11.9513964Z   freethreaded: false
2025-08-29T20:50:11.9515016Z env:
2025-08-29T20:50:11.9515708Z   SKIP_CACHE: 
2025-08-29T20:50:11.9516430Z ##[endgroup]
2025-08-29T20:50:12.1236437Z [warning]Neither 'python-version' nor 'python-version-file' inputs were supplied. Attempting to find '.python-version' file.
2025-08-29T20:50:12.1239364Z [warning].python-version doesn't exist.
2025-08-29T20:50:12.1258852Z ##[warning]The `python-version` input is not set.  The version of Python currently in `PATH` will be used.
2025-08-29T20:50:12.1365165Z ##[group]Run version=$(python --version)
2025-08-29T20:50:12.1366116Z [36;1mversion=$(python --version)[0m
2025-08-29T20:50:12.1367024Z [36;1mecho "::notice::Using python version: $version"[0m
2025-08-29T20:50:12.1367940Z [36;1mpip_version=$(pip --version)[0m
2025-08-29T20:50:12.1368811Z [36;1mecho "::notice::Using pip version: $pip_version"[0m
2025-08-29T20:50:12.1369703Z [36;1mpip install pip-tools[0m
2025-08-29T20:50:12.1370520Z [36;1mpip_compile_version=$(pip-compile --version)[0m
2025-08-29T20:50:12.1371585Z [36;1mecho "::notice::Using pip-compile version: $pip_compile_version"[0m
2025-08-29T20:50:12.1436446Z shell: /usr/bin/bash --noprofile --norc -e -o pipefail {0}
2025-08-29T20:50:12.1437380Z env:
2025-08-29T20:50:12.1438007Z   SKIP_CACHE: 
2025-08-29T20:50:12.1438663Z ##[endgroup]
2025-08-29T20:50:12.1541499Z ##[notice]Using python version: Python 3.12.3
2025-08-29T20:50:13.4582027Z ##[notice]Using pip version: pip 24.0 from /usr/lib/python3/dist-packages/pip (python 3.12)
2025-08-29T20:50:13.9166713Z Defaulting to user installation because normal site-packages is not writeable
2025-08-29T20:50:14.9501090Z Collecting pip-tools
2025-08-29T20:50:14.9955483Z   Downloading pip_tools-7.5.0-py3-none-any.whl.metadata (26 kB)
2025-08-29T20:50:15.0367859Z Collecting build>=1.0.0 (from pip-tools)
2025-08-29T20:50:15.0455738Z   Downloading build-1.3.0-py3-none-any.whl.metadata (5.6 kB)
2025-08-29T20:50:15.0510873Z Requirement already satisfied: click>=8 in /usr/lib/python3/dist-packages (from pip-tools) (8.1.6)
2025-08-29T20:50:15.0523729Z Requirement already satisfied: pip>=22.2 in /usr/lib/python3/dist-packages (from pip-tools) (24.0)
2025-08-29T20:50:15.0731236Z Collecting pyproject_hooks (from pip-tools)
2025-08-29T20:50:15.0806000Z   Downloading pyproject_hooks-1.2.0-py3-none-any.whl.metadata (1.3 kB)
2025-08-29T20:50:15.0846315Z Requirement already satisfied: setuptools in /usr/lib/python3/dist-packages (from pip-tools) (68.1.2)
2025-08-29T20:50:15.0853743Z Requirement already satisfied: wheel in /usr/lib/python3/dist-packages (from pip-tools) (0.42.0)
2025-08-29T20:50:15.0948656Z Requirement already satisfied: packaging>=19.1 in /usr/lib/python3/dist-packages (from build>=1.0.0->pip-tools) (24.0)
2025-08-29T20:50:15.1102238Z Downloading pip_tools-7.5.0-py3-none-any.whl (65 kB)
2025-08-29T20:50:15.1183720Z    ━━━━━━━━━━━━━━━━━━━━━━━━━━━━━━━━━━━━━━━━ 65.1/65.1 kB 10.1 MB/s eta 0:00:00
2025-08-29T20:50:15.1256391Z Downloading build-1.3.0-py3-none-any.whl (23 kB)
2025-08-29T20:50:15.1355765Z Downloading pyproject_hooks-1.2.0-py3-none-any.whl (10 kB)
2025-08-29T20:50:15.4035436Z Installing collected packages: pyproject_hooks, build, pip-tools
2025-08-29T20:50:15.4690984Z Successfully installed build-1.3.0 pip-tools-7.5.0 pyproject_hooks-1.2.0
2025-08-29T20:50:15.9539541Z ##[notice]Using pip-compile version: pip-compile, version 7.5.0
2025-08-29T20:50:15.9601156Z ##[group]Run if [[ -n "" ]]; then
2025-08-29T20:50:15.9601477Z [36;1mif [[ -n "" ]]; then[0m
2025-08-29T20:50:15.9601820Z [36;1m  echo "Python cache disabled via 'GH_DEPENDENCY_SUBMISSION_SKIP_CACHE'"[0m
2025-08-29T20:50:15.9602189Z [36;1melse[0m
2025-08-29T20:50:15.9602609Z [36;1m  echo "Caching Python packages. Set 'GH_DEPENDENCY_SUBMISSION_SKIP_CACHE=true' to skip caching in future."[0m
2025-08-29T20:50:15.9603302Z [36;1mfi[0m
2025-08-29T20:50:15.9633604Z shell: /usr/bin/bash -e {0}
2025-08-29T20:50:15.9633856Z env:
2025-08-29T20:50:15.9634033Z   SKIP_CACHE: 
2025-08-29T20:50:15.9634242Z ##[endgroup]
2025-08-29T20:50:15.9687824Z Caching Python packages. Set 'GH_DEPENDENCY_SUBMISSION_SKIP_CACHE=true' to skip caching in future.
2025-08-29T20:50:16.0468272Z ##[group]Run actions/cache@0400d5f644dc74513175e3cd8d07132dd4860809
2025-08-29T20:50:16.0468637Z with:
2025-08-29T20:50:16.0468823Z   path: ~/.cache/pip
2025-08-29T20:50:16.0469212Z   key: Linux-pip-python-5a00fefc972129031f421abe69b90f4bbdcde70f32fc624502f11f9b2a1e2c79
2025-08-29T20:50:16.0469660Z   restore-keys: Linux-python-

2025-08-29T20:50:16.0469893Z   enableCrossOsArchive: false
2025-08-29T20:50:16.0470119Z   fail-on-cache-miss: false
2025-08-29T20:50:16.0470330Z   lookup-only: false
2025-08-29T20:50:16.0470514Z   save-always: false
2025-08-29T20:50:16.0470687Z env:
2025-08-29T20:50:16.0470847Z   SKIP_CACHE: 
2025-08-29T20:50:16.0471018Z ##[endgroup]
2025-08-29T20:50:16.2991546Z Cache not found for input keys: Linux-pip-python-5a00fefc972129031f421abe69b90f4bbdcde70f32fc624502f11f9b2a1e2c79, Linux-python-
2025-08-29T20:50:16.3063057Z ##[group]Run if pip-compile --dry-run -o requirements.out requirements.txt; then
2025-08-29T20:50:16.3063679Z [36;1mif pip-compile --dry-run -o requirements.out requirements.txt; then[0m
2025-08-29T20:50:16.3064089Z [36;1m  echo "::debug::Python validate no broken dependencies"[0m
2025-08-29T20:50:16.3064435Z [36;1m  echo "{valid-project}={true}" >> "$GITHUB_OUTPUT"[0m
2025-08-29T20:50:16.3064711Z [36;1melse[0m
2025-08-29T20:50:16.3064942Z [36;1m  echo "{valid-project}={false}" >> "$GITHUB_OUTPUT"[0m
2025-08-29T20:50:16.3065376Z [36;1m  echo "### :warning: Python validation failed in repository root" >> $GITHUB_STEP_SUMMARY[0m
2025-08-29T20:50:16.3066214Z [36;1m  echo "We were unable to validate a Python project in the repository root. If your repository requires additional setup steps, you may need to check in your own workflow." >> $GITHUB_STEP_SUMMARY[0m
2025-08-29T20:50:16.3066917Z [36;1m  echo "" >> $GITHUB_STEP_SUMMARY[0m
2025-08-29T20:50:16.3067808Z [36;1m  echo "For more information on submitting Python dependencies from your own workflow, refer to [the submission action](https://github.com/actions/component-detection-dependency-submission-action)" >> $GITHUB_STEP_SUMMARY[0m
2025-08-29T20:50:16.3068743Z [36;1m  echo "::warning::Python validation failed in the repository root."[0m
2025-08-29T20:50:16.3069068Z [36;1m  exit 1[0m
2025-08-29T20:50:16.3069239Z [36;1mfi[0m
2025-08-29T20:50:16.3099829Z shell: /usr/bin/bash -e {0}
2025-08-29T20:50:16.3100060Z env:
2025-08-29T20:50:16.3100229Z   SKIP_CACHE: 
2025-08-29T20:50:16.3100403Z ##[endgroup]
2025-08-29T20:50:17.8272009Z WARNING: --strip-extras is becoming the default in version 8.0.0. To silence this warning, either use --strip-extras to opt into the new default or use --no-strip-extras to retain the existing behavior.
2025-08-29T20:50:17.8273615Z #
2025-08-29T20:50:17.8273958Z # This file is autogenerated by pip-compile with Python 3.12
2025-08-29T20:50:17.8274375Z # by the following command:
2025-08-29T20:50:17.8274627Z #
2025-08-29T20:50:17.8276151Z #    pip-compile --output-file=requirements.out requirements.txt
2025-08-29T20:50:17.8276708Z #
2025-08-29T20:50:17.8276999Z beautifulsoup4==4.13.5
2025-08-29T20:50:17.8277331Z     # via bs4
2025-08-29T20:50:17.8277594Z bs4==0.0.2
2025-08-29T20:50:17.8277887Z     # via scratchattach
2025-08-29T20:50:17.8278197Z certifi==2025.8.3
2025-08-29T20:50:17.8278485Z     # via requests
2025-08-29T20:50:17.8278787Z charset-normalizer==3.4.3
2025-08-29T20:50:17.8279117Z     # via requests
2025-08-29T20:50:17.8279398Z idna==3.10
2025-08-29T20:50:17.8279654Z     # via requests
2025-08-29T20:50:17.8279935Z requests==2.32.5
2025-08-29T20:50:17.8280227Z     # via scratchattach
2025-08-29T20:50:17.8280562Z scratchattach==2.1.13
2025-08-29T20:50:17.8280910Z     # via -r requirements.txt
2025-08-29T20:50:17.8281184Z simplewebsocketserver==0.1.2
2025-08-29T20:50:17.8281414Z     # via scratchattach
2025-08-29T20:50:17.8281610Z soupsieve==2.8
2025-08-29T20:50:17.8281818Z     # via beautifulsoup4
2025-08-29T20:50:17.8282034Z typing-extensions==4.15.0
2025-08-29T20:50:17.8282518Z     # via
2025-08-29T20:50:17.8282895Z     #   beautifulsoup4
2025-08-29T20:50:17.8283145Z     #   scratchattach
2025-08-29T20:50:17.8283330Z urllib3==2.5.0
2025-08-29T20:50:17.8283504Z     # via requests
2025-08-29T20:50:17.8283689Z websocket-client==1.8.0
2025-08-29T20:50:17.8283894Z     # via scratchattach
2025-08-29T20:50:17.8284091Z Dry-run, so nothing updated.
2025-08-29T20:50:17.9201626Z ##[group]Run actions/component-detection-dependency-submission-action@374343effede691df3a5ffaf36b4e7acab919590
2025-08-29T20:50:17.9202156Z with:
2025-08-29T20:50:17.9202349Z   detectorsCategories: Python
2025-08-29T20:50:17.9202588Z   detectorsFilter: PipReport
2025-08-29T20:50:17.9203022Z   snapshot-sha: c13cab6b344b811bc551efb421942fddd340307e
2025-08-29T20:50:17.9203333Z   snapshot-ref: refs/heads/scratch_chat_dev
2025-08-29T20:50:17.9203606Z   detector-name: Automatic Dependency Submission
2025-08-29T20:50:17.9203879Z   detector-version: 1c785ca52a5a
2025-08-29T20:50:17.9204290Z   detector-url: https://github.com/actions/component-detection-dependency-submission-action
2025-08-29T20:50:17.9204829Z   token: ***
2025-08-29T20:50:17.9204987Z   filePath: .
2025-08-29T20:50:17.9205150Z env:
2025-08-29T20:50:17.9205304Z   SKIP_CACHE: 
2025-08-29T20:50:17.9205465Z ##[endgroup]
2025-08-29T20:50:18.7118882Z Running component-detection
2025-08-29T20:50:18.7160598Z [command]/home/runner/work/scratchattach/scratchattach/component-detection scan --SourceDirectory . --ManifestFile ./output.json --DetectorsFilter PipReport --DetectorCategories Python
2025-08-29T20:50:19.0494737Z [20:50:19 INF] Finding components...
2025-08-29T20:50:20.1970917Z [20:50:20 INF] Starting enumeration of /home/runner/work/scratchattach/scratchattach
2025-08-29T20:50:20.2163478Z [20:50:20 INF] Enumerated 20 files and 0 directories in 00:00:00.0194026
2025-08-29T20:50:20.2453503Z [20:50:20 INF] PipReport: Generating pip installation report for /home/runner/work/scratchattach/scratchattach/requirements.txt
2025-08-29T20:50:22.1137532Z [20:50:22 INF] PipReport: Pip installation report for /home/runner/work/scratchattach/scratchattach/requirements.txt completed in 1.866 seconds with 12 detected packages.
2025-08-29T20:50:22.2463705Z                                [38;5;7mDetection Summary[0m                                
2025-08-29T20:50:22.2464715Z ┌───────────────────┬───────────────────┬───────────────────┬──────────────────┐
2025-08-29T20:50:22.2465916Z │ [1mComponent [0m        │ [1mDetection Time[0m    │ [1m# Components [0m     │ [1m# Explicitly [0m    │
2025-08-29T20:50:22.2467013Z │ [1mDetector Id[0m       │                   │ [1mFound[0m             │ [1mReferenced[0m       │
2025-08-29T20:50:22.2467919Z ├───────────────────┼───────────────────┼───────────────────┼──────────────────┤
2025-08-29T20:50:22.2468800Z │ [38;5;14mPipReport[0m         │ 2.6 seconds       │ 12                │ 1                │
2025-08-29T20:50:22.2469698Z │ ───────────────── │ ───────────────── │ ───────────────── │ ──────────────── │
2025-08-29T20:50:22.2470556Z │ [1;4mTotal[0m             │ 3.1 seconds       │ 12                │ 1                │
2025-08-29T20:50:22.2471368Z └───────────────────┴───────────────────┴───────────────────┴──────────────────┘
2025-08-29T20:50:22.2500140Z [20:50:22 INF] 
2025-08-29T20:50:22.2501129Z [20:50:22 INF] 
2025-08-29T20:50:22.2513979Z [20:50:22 INF] Detection time: 3.1082887 seconds.
2025-08-29T20:50:22.2842143Z [20:50:22 INF] Scan Manifest file: /home/runner/work/scratchattach/scratchattach/output.json
2025-08-29T20:50:22.3451271Z Getting manifests from results
2025-08-29T20:50:22.3503502Z ##[notice]Submitting snapshot...
2025-08-29T20:50:22.3531775Z ##[notice]{
    "manifests": {
        "requirements.txt": {
            "resolved": {
                "pkg:pypi/requests@2.32.5": {
                    "package_url": "pkg:pypi/requests@2.32.5",
                    "relationship": "indirect",
                    "scope": "runtime",
                    "dependencies": []
                },
                "pkg:pypi/certifi@2025.8.3": {
                    "package_url": "pkg:pypi/certifi@2025.8.3",
                    "relationship": "indirect",
                    "scope": "runtime",
                    "dependencies": []
                },
                "pkg:pypi/urllib3@2.5.0": {
                    "package_url": "pkg:pypi/urllib3@2.5.0",
                    "relationship": "indirect",
                    "scope": "runtime",
                    "dependencies": []
                },
                "pkg:pypi/typing-extensions@4.15.0": {
                    "package_url": "pkg:pypi/typing-extensions@4.15.0",
                    "relationship": "indirect",
                    "scope": "runtime",
                    "dependencies": []
                },
                "pkg:pypi/beautifulsoup4@4.13.5": {
                    "package_url": "pkg:pypi/beautifulsoup4@4.13.5",
                    "relationship": "indirect",
                    "scope": "runtime",
                    "dependencies": []
                },
                "pkg:pypi/bs4@0.0.2": {
                    "package_url": "pkg:pypi/bs4@0.0.2",
                    "relationship": "indirect",
                    "scope": "runtime",
                    "dependencies": []
                },
                "pkg:pypi/websocket-client@1.8.0": {
                    "package_url": "pkg:pypi/websocket-client@1.8.0",
                    "relationship": "indirect",
                    "scope": "runtime",
                    "dependencies": []
                },
                "pkg:pypi/soupsieve@2.8": {
                    "package_url": "pkg:pypi/soupsieve@2.8",
                    "relationship": "indirect",
                    "scope": "runtime",
                    "dependencies": []
                },
                "pkg:pypi/simplewebsocketserver@0.1.2": {
                    "package_url": "pkg:pypi/simplewebsocketserver@0.1.2",
                    "relationship": "indirect",
                    "scope": "runtime",
                    "dependencies": []
                },
                "pkg:pypi/scratchattach@2.1.13": {
                    "package_url": "pkg:pypi/scratchattach@2.1.13",
                    "relationship": "direct",
                    "scope": "runtime",
                    "dependencies": [
                        "pkg:pypi/requests@2.32.5",
                        "pkg:pypi/certifi@2025.8.3",
                        "pkg:pypi/urllib3@2.5.0",
                        "pkg:pypi/typing-extensions@4.15.0",
                        "pkg:pypi/beautifulsoup4@4.13.5",
                        "pkg:pypi/bs4@0.0.2",
                        "pkg:pypi/websocket-client@1.8.0",
                        "pkg:pypi/soupsieve@2.8",
                        "pkg:pypi/simplewebsocketserver@0.1.2",
                        "pkg:pypi/idna@3.10",
                        "pkg:pypi/charset-normalizer@3.4.3"
                    ]
                },
                "pkg:pypi/idna@3.10": {
                    "package_url": "pkg:pypi/idna@3.10",
                    "relationship": "indirect",
                    "scope": "runtime",
                    "dependencies": []
                },
                "pkg:pypi/charset-normalizer@3.4.3": {
                    "package_url": "pkg:pypi/charset-normalizer@3.4.3",
                    "relationship": "indirect",
                    "scope": "runtime",
                    "dependencies": []
                }
            },
            "name": "requirements.txt",
            "file": {
                "source_location": "requirements.txt"
            }
        }
    },
    "version": 0,
    "job": {
        "correlator": "submit-pypi",
        "id": "17333983773"
    },
    "sha": 
2025-08-29T20:50:22.6266831Z ##[notice]Snapshot successfully created at 2025-08-29T20:50:22.552Z
2025-08-29T20:50:22.7863826Z Post job cleanup.
2025-08-29T20:50:22.9276908Z [command]/usr/bin/tar --posix -cf cache.tzst --exclude cache.tzst -P -C /home/runner/work/scratchattach/scratchattach --files-from manifest.txt --use-compress-program zstdmt
2025-08-29T20:50:23.1733787Z Sent 1474269 of 1474269 (100.0%), 11.6 MBs/sec
2025-08-29T20:50:23.2393756Z Cache saved with key: Linux-pip-python-5a00fefc972129031f421abe69b90f4bbdcde70f32fc624502f11f9b2a1e2c79
2025-08-29T20:50:23.2484408Z Post job cleanup.
2025-08-29T20:50:23.4119122Z Post job cleanup.
2025-08-29T20:50:23.4897234Z [command]/usr/bin/git version
2025-08-29T20:50:23.4933492Z git version 2.51.0
2025-08-29T20:50:23.4971339Z Temporarily overriding HOME='/home/runner/work/_temp/42fe8bcf-d784-432d-a711-137b15c850ec' before making global git config changes
2025-08-29T20:50:23.4972890Z Adding repository directory to the temporary git global config as a safe directory
2025-08-29T20:50:23.4977350Z [command]/usr/bin/git config --global --add safe.directory /home/runner/work/scratchattach/scratchattach
2025-08-29T20:50:23.5014037Z [command]/usr/bin/git config --local --name-only --get-regexp core\.sshCommand
2025-08-29T20:50:23.5048625Z [command]/usr/bin/git submodule foreach --recursive sh -c "git config --local --name-only --get-regexp 'core\.sshCommand' && git config --local --unset-all 'core.sshCommand' || :"
2025-08-29T20:50:23.5275538Z [command]/usr/bin/git config --local --name-only --get-regexp http\.https\:\/\/github\.com\/\.extraheader
2025-08-29T20:50:23.5298506Z http.https://github.com/.extraheader
2025-08-29T20:50:23.5308979Z [command]/usr/bin/git config --local --unset-all http.https://github.com/.extraheader
2025-08-29T20:50:23.5339250Z [command]/usr/bin/git submodule foreach --recursive sh -c "git config --local --name-only --get-regexp 'http\.https\:\/\/github\.com\/\.extraheader' && git config --local --unset-all 'http.https://github.com/.extraheader' || :"
2025-08-29T20:50:23.5669809Z Cleaning up orphan processes
