2025-12-27T00:44:49.1870345Z Current runner version: '2.330.0'
2025-12-27T00:44:49.1895238Z ##[group]Runner Image Provisioner
2025-12-27T00:44:49.1896047Z Hosted Compute Agent
2025-12-27T00:44:49.1896561Z Version: 20251211.462
2025-12-27T00:44:49.1897479Z Commit: 6cbad8c2bb55d58165063d031ccabf57e2d2db61
2025-12-27T00:44:49.1898188Z Build Date: 2025-12-11T16:28:49Z
2025-12-27T00:44:49.1899112Z Worker ID: {089d9677-8d44-4397-acd4-4c5fcbafd3d2}
2025-12-27T00:44:49.1900324Z ##[endgroup]
2025-12-27T00:44:49.1901268Z ##[group]Operating System
2025-12-27T00:44:49.1902241Z Ubuntu
2025-12-27T00:44:49.1903188Z 24.04.3
2025-12-27T00:44:49.1904008Z LTS
2025-12-27T00:44:49.1904789Z ##[endgroup]
2025-12-27T00:44:49.1905850Z ##[group]Runner Image
2025-12-27T00:44:49.1906885Z Image: ubuntu-24.04
2025-12-27T00:44:49.1908020Z Version: 20251215.174.1
2025-12-27T00:44:49.1909794Z Included Software: https://github.com/actions/runner-images/blob/ubuntu24/20251215.174/images/ubuntu/Ubuntu2404-Readme.md
2025-12-27T00:44:49.1912475Z Image Release: https://github.com/actions/runner-images/releases/tag/ubuntu24%2F20251215.174
2025-12-27T00:44:49.1914146Z ##[endgroup]
2025-12-27T00:44:49.1916302Z ##[group]GITHUB_TOKEN Permissions
2025-12-27T00:44:49.1918873Z Actions: read
2025-12-27T00:44:49.1919620Z Contents: read
2025-12-27T00:44:49.1920129Z Metadata: read
2025-12-27T00:44:49.1920637Z Packages: read
2025-12-27T00:44:49.1921187Z SecurityEvents: write
2025-12-27T00:44:49.1921729Z ##[endgroup]
2025-12-27T00:44:49.1923735Z Secret source: Actions
2025-12-27T00:44:49.1924522Z Prepare workflow directory
2025-12-27T00:44:49.2686207Z Prepare all required actions
2025-12-27T00:44:49.2746309Z Getting action download info
2025-12-27T00:44:49.5477527Z Download action repository 'actions/checkout@v4' (SHA:34e114876b0b11c390a56381ad16ebd13914f8d5)
2025-12-27T00:44:49.6554740Z Download action repository 'github/codeql-action@v4' (SHA:5d4e8d1aca955e8d8589aabd499c5cae939e33c7)
2025-12-27T00:44:50.5323032Z Complete job name: Analyze (actions)
2025-12-27T00:44:50.6060613Z ##[group]Run actions/checkout@v4
2025-12-27T00:44:50.6062082Z with:
2025-12-27T00:44:50.6062855Z   repository: Boss-1s/scratchattach
2025-12-27T00:44:50.6064138Z   token: ***
2025-12-27T00:44:50.6064845Z   ssh-strict: true
2025-12-27T00:44:50.6065588Z   ssh-user: git
2025-12-27T00:44:50.6066371Z   persist-credentials: true
2025-12-27T00:44:50.6067222Z   clean: true
2025-12-27T00:44:50.6068142Z   sparse-checkout-cone-mode: true
2025-12-27T00:44:50.6069083Z   fetch-depth: 1
2025-12-27T00:44:50.6069806Z   fetch-tags: false
2025-12-27T00:44:50.6070569Z   show-progress: true
2025-12-27T00:44:50.6071317Z   lfs: false
2025-12-27T00:44:50.6072024Z   submodules: false
2025-12-27T00:44:50.6072803Z   set-safe-directory: true
2025-12-27T00:44:50.6073895Z env:
2025-12-27T00:44:50.6074586Z   CODE_SCANNING_REF: refs/heads/main
2025-12-27T00:44:50.6075576Z   CODE_SCANNING_BASE_BRANCH: 
2025-12-27T00:44:50.6076594Z   CODE_SCANNING_IS_ANALYZING_DEFAULT_BRANCH: true
2025-12-27T00:44:50.6078013Z   CODE_SCANNING_IS_STEADY_STATE_DEFAULT_SETUP: true
2025-12-27T00:44:50.6101328Z   CODE_SCANNING_WORKFLOW_FILE: H4sIAAAAAAAA/6RV32/bNhB+919x8AakfZDzsicBBaY4cuLNsFNJQZcVBUFTJ5mLTKr8kVTt8r8PFKVYWuM5Q/1kHj9+vLvv40nQPYYwncsc36+mE2VF4EM/f/sGJTc7u53hAwoz46K2Rs+YzJFoRoXgoiTKCuLw8PQ0kSKEvBF0z9lkguIhnADMN5cxSefRer1cX5EkXryaGAvH+W+GiyiNyUUSrefXr2XaUo1kq6hgu5cYlymJ1tHq7k+3uIwX0e0q+583cE2ooFXz1S1yLKitzH/fmGZxdHlH0izK4udL0zi7vQnBKIvfnfmwSX5frDYfyGK5il+b16NU90UlH0nBq1ahyV9yq50sPl10fwG83pEPwRvHvadG8S+ziorS0tKdfdtClRU6cDo7UKHk/rd0s37ToZUVAtVbXzJAjWrPteZSaH8PAGWmXYJCmncxJoVBYcbBmrJ7WuI4qJFZxU0TtCXrEB4VNzjpSbiwGEgRoFJShVDQSvtNbRQ1WDZ9FgXlVVBQbYYg6GruQQBcsMrmeAgABNB3JOxrGewCMHePVE0I58/Al3Bby6s82MscQxBS4GjTtzGEs49Tu7XC2KCiBrWZfjo7kkrdmJ0UJzN5AfZDiWiDdSdt0JlovkN2L60BhbXU3EjVdJRWOzW7ZpyzDvfrwy+TEcFScMNpxb8i+JE0Ou4tf+5c/rkKPNk5F7zl8cBHbnYHyVqfa66Dey5yHYI7GfTv4xnVd0h7X39v/slL/RpAD+EhOMcaRY6CNQGjbMdF6Q/5vs5QPHAlxR6FgXfv4MwXF+ykNpifDYk+W1TcZTedwk9w6QdMG21A2/4NdO+g4GUIfw+E7AZSoNHYOhwpLFU5DgC4IqrAvT8dwsdXDhovCGlPwdMTfBqQmp1CatrmVC1lt9srnrq0oFbySwOFVKCw5Nq4ejsSnod++7QVtKHKBC34mCMO9IQpzFE4u3XCa2QKjZ5dLbPr2wuSxFfLNEuWcUpuks0fd0NJDo/viGPGtr5BVUi17zztZ63m+nRF3aA+VNN9V/3PfSPer3x25HqTZl0d7mHO2jbMpDWtYO2KOHMNyxgR3GySkwS1VMcJ5hGZx0m2XCznURafomKUMFSGF9wNq6Okt8kqPUVlVaUPBGPBD5NwoFQfdIf+CQAA//+2RVGDAgkAAA==
2025-12-27T00:44:50.6124920Z ##[endgroup]
2025-12-27T00:44:50.7406361Z Syncing repository: Boss-1s/scratchattach
2025-12-27T00:44:50.7410267Z ##[group]Getting Git version info
2025-12-27T00:44:50.7412527Z Working directory is '/home/runner/work/scratchattach/scratchattach'
2025-12-27T00:44:50.7415527Z [command]/usr/bin/git version
2025-12-27T00:44:51.0324902Z git version 2.52.0
2025-12-27T00:44:51.0354140Z ##[endgroup]
2025-12-27T00:44:51.0379742Z Temporarily overriding HOME='/home/runner/work/_temp/00ec364e-2737-40ac-83c0-2d69a5f30065' before making global git config changes
2025-12-27T00:44:51.0381325Z Adding repository directory to the temporary git global config as a safe directory
2025-12-27T00:44:51.0386467Z [command]/usr/bin/git config --global --add safe.directory /home/runner/work/scratchattach/scratchattach
2025-12-27T00:44:51.0428405Z Deleting the contents of '/home/runner/work/scratchattach/scratchattach'
2025-12-27T00:44:51.0432442Z ##[group]Initializing the repository
2025-12-27T00:44:51.0437138Z [command]/usr/bin/git init /home/runner/work/scratchattach/scratchattach
2025-12-27T00:44:51.0535226Z hint: Using 'master' as the name for the initial branch. This default branch name
2025-12-27T00:44:51.0536127Z hint: will change to "main" in Git 3.0. To configure the initial branch name
2025-12-27T00:44:51.0536783Z hint: to use in all of your new repositories, which will suppress this warning,
2025-12-27T00:44:51.0537840Z hint: call:
2025-12-27T00:44:51.0538375Z hint:
2025-12-27T00:44:51.0538767Z hint: 	git config --global init.defaultBranch <name>
2025-12-27T00:44:51.0539137Z hint:
2025-12-27T00:44:51.0539686Z hint: Names commonly chosen instead of 'master' are 'main', 'trunk' and
2025-12-27T00:44:51.0541086Z hint: 'development'. The just-created branch can be renamed via this command:
2025-12-27T00:44:51.0541973Z hint:
2025-12-27T00:44:51.0542474Z hint: 	git branch -m <name>
2025-12-27T00:44:51.0543012Z hint:
2025-12-27T00:44:51.0543730Z hint: Disable this message with "git config set advice.defaultBranchName false"
2025-12-27T00:44:51.0544917Z Initialized empty Git repository in /home/runner/work/scratchattach/scratchattach/.git/
2025-12-27T00:44:51.0552852Z [command]/usr/bin/git remote add origin https://github.com/Boss-1s/scratchattach
2025-12-27T00:44:51.0591497Z ##[endgroup]
2025-12-27T00:44:51.0592574Z ##[group]Disabling automatic garbage collection
2025-12-27T00:44:51.0596915Z [command]/usr/bin/git config --local gc.auto 0
2025-12-27T00:44:51.0627562Z ##[endgroup]
2025-12-27T00:44:51.0628658Z ##[group]Setting up auth
2025-12-27T00:44:51.0635814Z [command]/usr/bin/git config --local --name-only --get-regexp core\.sshCommand
2025-12-27T00:44:51.0667902Z [command]/usr/bin/git submodule foreach --recursive sh -c "git config --local --name-only --get-regexp 'core\.sshCommand' && git config --local --unset-all 'core.sshCommand' || :"
2025-12-27T00:44:51.0999438Z [command]/usr/bin/git config --local --name-only --get-regexp http\.https\:\/\/github\.com\/\.extraheader
2025-12-27T00:44:51.1029525Z [command]/usr/bin/git submodule foreach --recursive sh -c "git config --local --name-only --get-regexp 'http\.https\:\/\/github\.com\/\.extraheader' && git config --local --unset-all 'http.https://github.com/.extraheader' || :"
2025-12-27T00:44:51.1254149Z [command]/usr/bin/git config --local --name-only --get-regexp ^includeIf\.gitdir:
2025-12-27T00:44:51.1287066Z [command]/usr/bin/git submodule foreach --recursive git config --local --show-origin --name-only --get-regexp remote.origin.url
2025-12-27T00:44:51.1524405Z [command]/usr/bin/git config --local http.https://github.com/.extraheader AUTHORIZATION: basic ***
2025-12-27T00:44:51.1570861Z ##[endgroup]
2025-12-27T00:44:51.1571861Z ##[group]Fetching the repository
2025-12-27T00:44:51.1581530Z [command]/usr/bin/git -c protocol.version=2 fetch --no-tags --prune --no-recurse-submodules --depth=1 origin +c3a4ac7db204f02b2ef97b3dcbba2af6b75959d3:refs/remotes/origin/main
2025-12-27T00:44:53.9074288Z From https://github.com/Boss-1s/scratchattach
2025-12-27T00:44:53.9076207Z  * [new ref]         c3a4ac7db204f02b2ef97b3dcbba2af6b75959d3 -> origin/main
2025-12-27T00:44:53.9108227Z ##[endgroup]
2025-12-27T00:44:53.9108799Z ##[group]Determining the checkout info
2025-12-27T00:44:53.9110745Z ##[endgroup]
2025-12-27T00:44:53.9115711Z [command]/usr/bin/git sparse-checkout disable
2025-12-27T00:44:53.9155937Z [command]/usr/bin/git config --local --unset-all extensions.worktreeConfig
2025-12-27T00:44:53.9182291Z ##[group]Checking out the ref
2025-12-27T00:44:53.9186330Z [command]/usr/bin/git checkout --progress --force -B main refs/remotes/origin/main
2025-12-27T00:44:54.6102104Z Switched to a new branch 'main'
2025-12-27T00:44:54.6103174Z branch 'main' set up to track 'origin/main'.
2025-12-27T00:44:54.6166969Z ##[endgroup]
2025-12-27T00:44:54.6211041Z [command]/usr/bin/git log -1 --format=%H
2025-12-27T00:44:54.6235521Z c3a4ac7db204f02b2ef97b3dcbba2af6b75959d3
2025-12-27T00:44:54.6525014Z ##[group]Run github/codeql-action/init@v4
2025-12-27T00:44:54.6525341Z with:
2025-12-27T00:44:54.6525530Z   analysis-kinds: code-scanning
2025-12-27T00:44:54.6525763Z   languages: actions
2025-12-27T00:44:54.6525954Z   build-mode: none
2025-12-27T00:44:54.6526152Z   dependency-caching: true
2025-12-27T00:44:54.6526477Z   config: default-setup:
  org:
    model-packs: [  ]
threat-models: [  ]

2025-12-27T00:44:54.6526976Z   token: ***
2025-12-27T00:44:54.6527563Z   matrix: {
  "language": "actions",
  "category": "/language:actions",
  "build-mode": "none",
  "runner": "[\"ubuntu-latest\"]"
}
2025-12-27T00:44:54.6528032Z   debug: false
2025-12-27T00:44:54.6528211Z env:
2025-12-27T00:44:54.6528401Z   CODE_SCANNING_REF: refs/heads/main
2025-12-27T00:44:54.6528663Z   CODE_SCANNING_BASE_BRANCH: 
2025-12-27T00:44:54.6528925Z   CODE_SCANNING_IS_ANALYZING_DEFAULT_BRANCH: true
2025-12-27T00:44:54.6529248Z   CODE_SCANNING_IS_STEADY_STATE_DEFAULT_SETUP: true
2025-12-27T00:44:54.6535141Z   CODE_SCANNING_WORKFLOW_FILE: H4sIAAAAAAAA/6RV32/bNhB+919x8AakfZDzsicBBaY4cuLNsFNJQZcVBUFTJ5mLTKr8kVTt8r8PFKVYWuM5Q/1kHj9+vLvv40nQPYYwncsc36+mE2VF4EM/f/sGJTc7u53hAwoz46K2Rs+YzJFoRoXgoiTKCuLw8PQ0kSKEvBF0z9lkguIhnADMN5cxSefRer1cX5EkXryaGAvH+W+GiyiNyUUSrefXr2XaUo1kq6hgu5cYlymJ1tHq7k+3uIwX0e0q+583cE2ooFXz1S1yLKitzH/fmGZxdHlH0izK4udL0zi7vQnBKIvfnfmwSX5frDYfyGK5il+b16NU90UlH0nBq1ahyV9yq50sPl10fwG83pEPwRvHvadG8S+ziorS0tKdfdtClRU6cDo7UKHk/rd0s37ToZUVAtVbXzJAjWrPteZSaH8PAGWmXYJCmncxJoVBYcbBmrJ7WuI4qJFZxU0TtCXrEB4VNzjpSbiwGEgRoFJShVDQSvtNbRQ1WDZ9FgXlVVBQbYYg6GruQQBcsMrmeAgABNB3JOxrGewCMHePVE0I58/Al3Bby6s82MscQxBS4GjTtzGEs49Tu7XC2KCiBrWZfjo7kkrdmJ0UJzN5AfZDiWiDdSdt0JlovkN2L60BhbXU3EjVdJRWOzW7ZpyzDvfrwy+TEcFScMNpxb8i+JE0Ou4tf+5c/rkKPNk5F7zl8cBHbnYHyVqfa66Dey5yHYI7GfTv4xnVd0h7X39v/slL/RpAD+EhOMcaRY6CNQGjbMdF6Q/5vs5QPHAlxR6FgXfv4MwXF+ykNpifDYk+W1TcZTedwk9w6QdMG21A2/4NdO+g4GUIfw+E7AZSoNHYOhwpLFU5DgC4IqrAvT8dwsdXDhovCGlPwdMTfBqQmp1CatrmVC1lt9srnrq0oFbySwOFVKCw5Nq4ejsSnod++7QVtKHKBC34mCMO9IQpzFE4u3XCa2QKjZ5dLbPr2wuSxFfLNEuWcUpuks0fd0NJDo/viGPGtr5BVUi17zztZ63m+nRF3aA+VNN9V/3PfSPer3x25HqTZl0d7mHO2jbMpDWtYO2KOHMNyxgR3GySkwS1VMcJ5hGZx0m2XCznURafomKUMFSGF9wNq6Okt8kqPUVlVaUPBGPBD5NwoFQfdIf+CQAA//+2RVGDAgkAAA==
2025-12-27T00:44:54.6541215Z ##[endgroup]
2025-12-27T00:44:55.1611024Z Job run UUID is ffc04193-fc16-4968-b0b2-38bd67a7fe87.
2025-12-27T00:44:55.5574442Z ##[group]Setup CodeQL tools
2025-12-27T00:44:55.5640874Z [command]/usr/bin/tar --version
2025-12-27T00:44:55.5685563Z tar (GNU tar) 1.35
2025-12-27T00:44:55.5686036Z Copyright (C) 2023 Free Software Foundation, Inc.
2025-12-27T00:44:55.5686813Z License GPLv3+: GNU GPL version 3 or later <https://gnu.org/licenses/gpl.html>.
2025-12-27T00:44:55.5687832Z This is free software: you are free to change and redistribute it.
2025-12-27T00:44:55.5688488Z There is NO WARRANTY, to the extent permitted by law.
2025-12-27T00:44:55.5688859Z 
2025-12-27T00:44:55.5689045Z Written by John Gilmore and Jay Fenlason.
2025-12-27T00:44:55.5697217Z Found gnu tar version 1.35.
2025-12-27T00:44:55.5874438Z Found CodeQL tools version 2.23.8 in the toolcache.
2025-12-27T00:44:55.5874995Z Using CodeQL CLI version 2.23.8 from toolcache at /opt/hostedtoolcache/CodeQL/2.23.8/x64
2025-12-27T00:44:59.3608408Z [command]/opt/hostedtoolcache/CodeQL/2.23.8/x64/codeql/codeql version --format=json
2025-12-27T00:45:00.0070978Z {
2025-12-27T00:45:00.0071417Z   "productName" : "CodeQL",
2025-12-27T00:45:00.0071812Z   "vendor" : "GitHub",
2025-12-27T00:45:00.0072150Z   "version" : "2.23.8",
2025-12-27T00:45:00.0072549Z   "sha" : "d1011989dbb0da337606a511d9a16ba52ef49122",
2025-12-27T00:45:00.0073021Z   "branches" : [
2025-12-27T00:45:00.0073376Z     "codeql-cli-2.23.8"
2025-12-27T00:45:00.0073728Z   ],
2025-12-27T00:45:00.0074097Z   "copyright" : "Copyright (C) 2019-2025 GitHub, Inc.",
2025-12-27T00:45:00.0074727Z   "unpackedLocation" : "/opt/hostedtoolcache/CodeQL/2.23.8/x64/codeql",
2025-12-27T00:45:00.0075494Z   "configFileLocation" : "/home/runner/.config/codeql/config",
2025-12-27T00:45:00.0076460Z   "configFileFound" : false,
2025-12-27T00:45:00.0076796Z   "overlayVersion" : 4,
2025-12-27T00:45:00.0077079Z   "features" : {
2025-12-27T00:45:00.0077801Z     "analysisSummaryV2Default" : true,
2025-12-27T00:45:00.0078246Z     "buildModeOption" : true,
2025-12-27T00:45:00.0078694Z     "bundleSupportsIncludeDiagnostics" : true,
2025-12-27T00:45:00.0079188Z     "bundleSupportsIncludeLogs" : true,
2025-12-27T00:45:00.0079781Z     "databaseInterpretResultsSupportsSarifRunProperty" : true,
2025-12-27T00:45:00.0080398Z     "featuresInVersionResult" : true,
2025-12-27T00:45:00.0080869Z     "indirectTracingSupportsStaticBinaries" : false,
2025-12-27T00:45:00.0081378Z     "informsAboutUnsupportedPathFilters" : true,
2025-12-27T00:45:00.0081870Z     "supportsPython312" : true,
2025-12-27T00:45:00.0082271Z     "mrvaPackCreate" : true,
2025-12-27T00:45:00.0082640Z     "threatModelOption" : true,
2025-12-27T00:45:00.0083063Z     "traceCommandUseBuildMode" : true,
2025-12-27T00:45:00.0083514Z     "v2ramSizing" : true,
2025-12-27T00:45:00.0083934Z     "mrvaPackCreateMultipleQueries" : true,
2025-12-27T00:45:00.0084589Z     "setsCodeqlRunnerEnvVar" : true,
2025-12-27T00:45:00.0085069Z     "sarifMergeRunsFromEqualCategory" : true,
2025-12-27T00:45:00.0085557Z     "forceOverwrite" : true,
2025-12-27T00:45:00.0085939Z     "generateSummarySymbolMap" : true,
2025-12-27T00:45:00.0086430Z     "pythonDefaultIsToNotExtractStdlib" : true,
2025-12-27T00:45:00.0086907Z     "queryServerRunQueries" : true,
2025-12-27T00:45:00.0087479Z     "queryServerTrimCacheWithMode" : true,
2025-12-27T00:45:00.0087984Z     "builtinExtractorsSpecifyDefaultQueries" : true,
2025-12-27T00:45:00.0088469Z     "bqrsDiffResultSets" : true
2025-12-27T00:45:00.0088828Z   }
2025-12-27T00:45:00.0089080Z }
2025-12-27T00:45:00.0211331Z ##[endgroup]
2025-12-27T00:45:00.0214328Z ##[group]Load language configuration
2025-12-27T00:45:00.0249515Z [command]/opt/hostedtoolcache/CodeQL/2.23.8/x64/codeql/codeql resolve languages --format=betterjson --extractor-options-verbosity=4 --extractor-include-aliases --filter-to-languages-with-queries
2025-12-27T00:45:01.4688833Z {
2025-12-27T00:45:01.4689507Z   "aliases" : {
2025-12-27T00:45:01.4690122Z     "c" : "cpp",
2025-12-27T00:45:01.4692607Z     "c++" : "cpp",
2025-12-27T00:45:01.4692942Z     "c-c++" : "cpp",
2025-12-27T00:45:01.4693283Z     "c-cpp" : "cpp",
2025-12-27T00:45:01.4693617Z     "c#" : "csharp",
2025-12-27T00:45:01.4693956Z     "java-kotlin" : "java",
2025-12-27T00:45:01.4694311Z     "kotlin" : "java",
2025-12-27T00:45:01.4694698Z     "javascript-typescript" : "javascript",
2025-12-27T00:45:01.4695163Z     "typescript" : "javascript"
2025-12-27T00:45:01.4695523Z   },
2025-12-27T00:45:01.4695788Z   "extractors" : {
2025-12-27T00:45:01.4696106Z     "rust" : [
2025-12-27T00:45:01.4696374Z       {
2025-12-27T00:45:01.4696827Z         "extractor_root" : "/opt/hostedtoolcache/CodeQL/2.23.8/x64/codeql/rust",
2025-12-27T00:45:01.4697620Z         "extractor_options" : {
2025-12-27T00:45:01.4698467Z           "trap" : {
2025-12-27T00:45:01.4698857Z             "title" : "Options pertaining to TRAP.",
2025-12-27T00:45:01.4699358Z             "description" : "Options pertaining to TRAP.",
2025-12-27T00:45:01.4699813Z             "type" : "object",
2025-12-27T00:45:01.4700147Z             "properties" : {
2025-12-27T00:45:01.4700498Z               "compression" : {
2025-12-27T00:45:01.4701056Z                 "title" : "Controls compression for the TRAP files written by the extractor.",
2025-12-27T00:45:01.4702649Z                 "description" : "This option is only intended for use in debugging the extractor. Accepted values are 'gzip' (to write gzip-compressed TRAP) 'zstd' (to write Zstandard-compressed TRAP) and 'none' (the default, to write uncompressed TRAP).\n",
2025-12-27T00:45:01.4704124Z                 "type" : "string",
2025-12-27T00:45:01.4704529Z                 "pattern" : "^(none|gzip|zstd)$"
2025-12-27T00:45:01.4704953Z               }
2025-12-27T00:45:01.4705248Z             }
2025-12-27T00:45:01.4705522Z           },
2025-12-27T00:45:01.4706205Z           "cargo_target_dir" : {
2025-12-27T00:45:01.4706664Z             "title" : "Directory to use for cargo output files.",
2025-12-27T00:45:01.4714182Z             "description" : "This value is an optional path to use as `CARGO_TARGET_DIR` for the internal cargo commands the extractor uses. Pointing it to a persistent directory may reduce execution time of consecutive extractor runs. By default, a new scratch directory is used for each run.\n",
2025-12-27T00:45:01.4715872Z             "type" : "string"
2025-12-27T00:45:01.4716219Z           },
2025-12-27T00:45:01.4716720Z           "cargo_target" : {
2025-12-27T00:45:01.4717150Z             "title" : "Target architecture",
2025-12-27T00:45:01.4718540Z             "description" : "Target architecture to use for analysis, analogous to `cargo --target`. By default the host architecture is used.\n",
2025-12-27T00:45:01.4719420Z             "type" : "string"
2025-12-27T00:45:01.4719767Z           },
2025-12-27T00:45:01.4720021Z           "cargo_features" : {
2025-12-27T00:45:01.4720368Z             "title" : "Cargo features to turn on",
2025-12-27T00:45:01.4721976Z             "description" : "Comma-separated list of features to turn on. By default all features are enabled. If any features are specified, then only those features are enabled. The `default` feature must be explicitly specified if only default features are desired. Can be repeated.\n",
2025-12-27T00:45:01.4723659Z             "type" : "array"
2025-12-27T00:45:01.4724015Z           },
2025-12-27T00:45:01.4724305Z           "cargo_cfg_overrides" : {
2025-12-27T00:45:01.4724724Z             "title" : "Cargo cfg overrides",
2025-12-27T00:45:01.4725451Z             "description" : "Comma-separated list of cfg settings to enable, or disable if prefixed with `-`. Can be repeated.\n",
2025-12-27T00:45:01.4726187Z             "type" : "array"
2025-12-27T00:45:01.4726529Z           },
2025-12-27T00:45:01.4726814Z           "logging" : {
2025-12-27T00:45:01.4727218Z             "title" : "Options pertaining to logging.",
2025-12-27T00:45:01.4727984Z             "description" : "Options pertaining to logging.",
2025-12-27T00:45:01.4728463Z             "type" : "object",
2025-12-27T00:45:01.4728916Z             "properties" : {
2025-12-27T00:45:01.4729288Z               "verbosity" : {
2025-12-27T00:45:01.4729714Z                 "title" : "Extractor logging verbosity level.",
2025-12-27T00:45:01.4731264Z                 "description" : "Controls the level of verbosity of the extractor. The supported levels are (in order of increasing verbosity):\n  - off\n  - errors\n  - warnings\n  - info or progress\n  - debug or progress+\n  - trace or progress++\n  - progress+++\n",
2025-12-27T00:45:01.4732716Z                 "type" : "string",
2025-12-27T00:45:01.4733503Z                 "pattern" : "^(off|errors|warnings|(info|progress)|(debug|progress\\+)|(trace|progress\\+\\+)|progress\\+\\+\\+)$"
2025-12-27T00:45:01.4734302Z               },
2025-12-27T00:45:01.4734968Z               "flamegraph" : {
2025-12-27T00:45:01.4735495Z                 "title" : "[Experimental] File path for write flame graph log",
2025-12-27T00:45:01.4736827Z                 "description" : "Collect flame graph data using the `tracing-flame` crate. To render a flame graph or chart, run the `inferno-flamegraph` command. See also: https://crates.io/crates/tracing-flame\n",
2025-12-27T00:45:01.4738294Z                 "type" : "string"
2025-12-27T00:45:01.4738653Z               }
2025-12-27T00:45:01.4739015Z             }
2025-12-27T00:45:01.4739287Z           },
2025-12-27T00:45:01.4739604Z           "extract_dependencies_as_source" : {
2025-12-27T00:45:01.4740112Z             "title" : "Extract dependencies as source code",
2025-12-27T00:45:01.4740870Z             "description" : "Extract the full source code of dependencies instead of only extracting signatures.\n",
2025-12-27T00:45:01.4741619Z             "type" : "string",
2025-12-27T00:45:01.4741985Z             "pattern" : "^(false|true)$"
2025-12-27T00:45:01.4742384Z           }
2025-12-27T00:45:01.4742889Z         }
2025-12-27T00:45:01.4743147Z       }
2025-12-27T00:45:01.4743369Z     ],
2025-12-27T00:45:01.4743591Z     "python" : [
2025-12-27T00:45:01.4743838Z       {
2025-12-27T00:45:01.4744216Z         "extractor_root" : "/opt/hostedtoolcache/CodeQL/2.23.8/x64/codeql/python",
2025-12-27T00:45:01.4744969Z         "extractor_options" : {
2025-12-27T00:45:01.4745314Z           "logging" : {
2025-12-27T00:45:01.4745700Z             "title" : "Options pertaining to logging.",
2025-12-27T00:45:01.4746239Z             "description" : "Options pertaining to logging.",
2025-12-27T00:45:01.4746744Z             "type" : "object",
2025-12-27T00:45:01.4747104Z             "properties" : {
2025-12-27T00:45:01.4747657Z               "verbosity" : {
2025-12-27T00:45:01.4748093Z                 "title" : "Python extractor logging verbosity level.",
2025-12-27T00:45:01.4749665Z                 "description" : "Controls the level of verbosity of the CodeQL Python extractor.\nThe supported levels are (in order of increasing verbosity):\n\n  - off\n  - errors\n  - warnings\n  - info or progress\n  - debug or progress+\n  - trace or progress++\n  - progress+++\n",
2025-12-27T00:45:01.4751254Z                 "type" : "string",
2025-12-27T00:45:01.4751976Z                 "pattern" : "^(off|errors|warnings|(info|progress)|(debug|progress\\+)|(trace|progress\\+\\+)|progress\\+\\+\\+)$"
2025-12-27T00:45:01.4752700Z               }
2025-12-27T00:45:01.4753058Z             }
2025-12-27T00:45:01.4753313Z           },
2025-12-27T00:45:01.4753608Z           "python_executable_name" : {
2025-12-27T00:45:01.4754194Z             "title" : "Controls the name of the Python executable used by the Python extractor.",
2025-12-27T00:45:01.4756535Z             "description" : "The Python extractor uses platform-dependent heuristics to determine the name of the Python executable to use. Specifying a value for this option overrides the name of the Python executable used by the extractor. Accepted values are py, python and python3. Use this setting with caution, the Python extractor requires Python 3 to run.\n",
2025-12-27T00:45:01.4758949Z             "type" : "string",
2025-12-27T00:45:01.4759363Z             "pattern" : "^(py|python|python3)$"
2025-12-27T00:45:01.4759787Z           }
2025-12-27T00:45:01.4760048Z         }
2025-12-27T00:45:01.4760313Z       }
2025-12-27T00:45:01.4760544Z     ],
2025-12-27T00:45:01.4760772Z     "cpp" : [
2025-12-27T00:45:01.4761026Z       {
2025-12-27T00:45:01.4761478Z         "extractor_root" : "/opt/hostedtoolcache/CodeQL/2.23.8/x64/codeql/cpp",
2025-12-27T00:45:01.4762073Z         "extractor_options" : {
2025-12-27T00:45:01.4762423Z           "trap" : {
2025-12-27T00:45:01.4762759Z             "title" : "TRAP options",
2025-12-27T00:45:01.4763313Z             "description" : "Options about how the extractor handles TRAP files",
2025-12-27T00:45:01.4763850Z             "type" : "object",
2025-12-27T00:45:01.4764519Z             "visibility" : 3,
2025-12-27T00:45:01.4764869Z             "properties" : {
2025-12-27T00:45:01.4765218Z               "cache" : {
2025-12-27T00:45:01.4765541Z                 "title" : "TRAP cache options",
2025-12-27T00:45:01.4766062Z                 "description" : "Options about how the extractor handles its TRAP cache",
2025-12-27T00:45:01.4766677Z                 "type" : "object",
2025-12-27T00:45:01.4767074Z                 "properties" : {
2025-12-27T00:45:01.4767655Z                   "dir" : {
2025-12-27T00:45:01.4768039Z                     "title" : "TRAP cache directory",
2025-12-27T00:45:01.4768548Z                     "description" : "The directory of the TRAP cache to use",
2025-12-27T00:45:01.4769034Z                     "type" : "string"
2025-12-27T00:45:01.4769383Z                   },
2025-12-27T00:45:01.4769676Z                   "bound" : {
2025-12-27T00:45:01.4770039Z                     "title" : "TRAP cache bound",
2025-12-27T00:45:01.4770561Z                     "description" : "A soft limit (in MB) on the size of the TRAP cache",
2025-12-27T00:45:01.4771446Z                     "type" : "string",
2025-12-27T00:45:01.4771868Z                     "pattern" : "[0-9]+"
2025-12-27T00:45:01.4772224Z                   },
2025-12-27T00:45:01.4772535Z                   "write" : {
2025-12-27T00:45:01.4772928Z                     "title" : "TRAP cache writeable",
2025-12-27T00:45:01.4773559Z                     "description" : "Whether to write to the TRAP cache as well as reading it",
2025-12-27T00:45:01.4774471Z                     "type" : "string",
2025-12-27T00:45:01.4774899Z                     "pattern" : "(true|TRUE|false|FALSE)"
2025-12-27T00:45:01.4775321Z                   }
2025-12-27T00:45:01.4775509Z                 }
2025-12-27T00:45:01.4775813Z               }
2025-12-27T00:45:01.4776090Z             }
2025-12-27T00:45:01.4776344Z           },
2025-12-27T00:45:01.4776600Z           "scale_timeouts" : {
2025-12-27T00:45:01.4776890Z             "title" : "Value to scale compiler introspection timeouts with",
2025-12-27T00:45:01.4778903Z             "description" : "The extractor attempts to determine what compiler the source code being extracted is compiled with. To this end the extractor makes additional calls to the compiler, some of which are expected to return within a certain fixed time (either 10s or 15s). On some systems that are under high load this time might be too short, and can be scaled up using this option.\n",
2025-12-27T00:45:01.4780110Z             "type" : "string",
2025-12-27T00:45:01.4780332Z             "pattern" : "[0-9]+"
2025-12-27T00:45:01.4780547Z           },
2025-12-27T00:45:01.4780726Z           "log_verbosity" : {
2025-12-27T00:45:01.4780988Z             "title" : "Verbosity of the extractor logging",
2025-12-27T00:45:01.4781535Z             "description" : "Set the verbosity of the extractor logging to 'quiet' (0), 'normal' (1), 'chatty' (2), or 'noisy' (3). The default is 'normal'.\n",
2025-12-27T00:45:01.4782047Z             "type" : "string",
2025-12-27T00:45:01.4782266Z             "pattern" : "[0-3]"
2025-12-27T00:45:01.4782465Z           },
2025-12-27T00:45:01.4782641Z           "frontend_options" : {
2025-12-27T00:45:01.4782888Z             "title" : "C/C++ extractor frontend options",
2025-12-27T00:45:01.4783425Z             "description" : "Set additional options that should be passed to the C/C++ extractor frontend.\n",
2025-12-27T00:45:01.4783844Z             "type" : "array",
2025-12-27T00:45:01.4784047Z             "visibility" : 3
2025-12-27T00:45:01.4784245Z           }
2025-12-27T00:45:01.4784395Z         }
2025-12-27T00:45:01.4784550Z       }
2025-12-27T00:45:01.4784704Z     ],
2025-12-27T00:45:01.4784862Z     "csharp" : [
2025-12-27T00:45:01.4785039Z       {
2025-12-27T00:45:01.4785302Z         "extractor_root" : "/opt/hostedtoolcache/CodeQL/2.23.8/x64/codeql/csharp",
2025-12-27T00:45:01.4785650Z         "extractor_options" : {
2025-12-27T00:45:01.4785855Z           "trap" : {
2025-12-27T00:45:01.4786072Z             "title" : "Options pertaining to TRAP.",
2025-12-27T00:45:01.4786597Z             "description" : "Options pertaining to TRAP.",
2025-12-27T00:45:01.4786864Z             "type" : "object",
2025-12-27T00:45:01.4787070Z             "properties" : {
2025-12-27T00:45:01.4787554Z               "compression" : {
2025-12-27T00:45:01.4787944Z                 "title" : "Controls compression for the TRAP files written by the extractor.",
2025-12-27T00:45:01.4788804Z                 "description" : "This option is only intended for use in debugging the extractor. Accepted values are 'brotli' (the default, to write brotli-compressed TRAP), 'gzip', and 'none' (to write uncompressed TRAP).\n",
2025-12-27T00:45:01.4789544Z                 "type" : "string",
2025-12-27T00:45:01.4789815Z                 "pattern" : "^(none|gzip|brotli)$"
2025-12-27T00:45:01.4790057Z               }
2025-12-27T00:45:01.4790221Z             }
2025-12-27T00:45:01.4790390Z           },
2025-12-27T00:45:01.4790562Z           "buildless" : {
2025-12-27T00:45:01.4791042Z             "title" : "DEPRECATED - Whether to use buildless (standalone) extraction.",
2025-12-27T00:45:01.4792686Z             "description" : "DEPRECATED: Use `--build-mode none` instead.\nA value indicating, which type of extraction the autobuilder should perform. If 'true', then the standalone extractor will be used, otherwise tracing extraction will be performed. The default is 'false'. Note that buildless extraction will generally yield less accurate analysis results, and should only be used in cases where it is not possible to build the code (for example if it uses inaccessible dependencies).\n",
2025-12-27T00:45:01.4794182Z             "type" : "string",
2025-12-27T00:45:01.4794397Z             "pattern" : "^(false|true)$"
2025-12-27T00:45:01.4794624Z           },
2025-12-27T00:45:01.4794785Z           "logging" : {
2025-12-27T00:45:01.4795010Z             "title" : "Options pertaining to logging.",
2025-12-27T00:45:01.4795327Z             "description" : "Options pertaining to logging.",
2025-12-27T00:45:01.4795606Z             "type" : "object",
2025-12-27T00:45:01.4795823Z             "properties" : {
2025-12-27T00:45:01.4796029Z               "verbosity" : {
2025-12-27T00:45:01.4796276Z                 "title" : "Extractor logging verbosity level.",
2025-12-27T00:45:01.4797139Z                 "description" : "Controls the level of verbosity of the extractor. The supported levels are (in order of increasing verbosity):\n  - off\n  - errors\n  - warnings\n  - info or progress\n  - debug or progress+\n  - trace or progress++\n  - progress+++\n",
2025-12-27T00:45:01.4798216Z                 "type" : "string",
2025-12-27T00:45:01.4798655Z                 "pattern" : "^(off|errors|warnings|(info|progress)|(debug|progress\\+)|(trace|progress\\+\\+)|progress\\+\\+\\+)$"
2025-12-27T00:45:01.4799104Z               }
2025-12-27T00:45:01.4799270Z             }
2025-12-27T00:45:01.4799432Z           },
2025-12-27T00:45:01.4799594Z           "binlog" : {
2025-12-27T00:45:01.4799793Z             "title" : "Binlog",
2025-12-27T00:45:01.4800406Z             "description" : "[EXPERIMENTAL] The value is a path to the MsBuild binary log file that should be extracted. This option only works when `--build-mode none` is also specified.\n",
2025-12-27T00:45:01.4801025Z             "type" : "array"
2025-12-27T00:45:01.4801221Z           },
2025-12-27T00:45:01.4801398Z           "buildless_dependency_dir" : {
2025-12-27T00:45:01.4801784Z             "title" : "The path where buildless (standalone) extraction should keep dependencies.",
2025-12-27T00:45:01.4802359Z             "description" : "If set, the buildless (standalone) extractor will store dependencies in this directory.\n",
2025-12-27T00:45:01.4802803Z             "type" : "string"
2025-12-27T00:45:01.4802999Z           }
2025-12-27T00:45:01.4803158Z         }
2025-12-27T00:45:01.4803317Z       }
2025-12-27T00:45:01.4803464Z     ],
2025-12-27T00:45:01.4803622Z     "java" : [
2025-12-27T00:45:01.4803782Z       {
2025-12-27T00:45:01.4804048Z         "extractor_root" : "/opt/hostedtoolcache/CodeQL/2.23.8/x64/codeql/java",
2025-12-27T00:45:01.4804545Z         "extractor_options" : {
2025-12-27T00:45:01.4804764Z           "exclude" : {
2025-12-27T00:45:01.4804988Z             "title" : "A glob excluding files from analysis.",
2025-12-27T00:45:01.4805642Z             "description" : "A glob indicating what files to exclude from the analysis. This accepts glob patterns that are supported by Java's 'getPathMatcher' implementation.\n",
2025-12-27T00:45:01.4806250Z             "type" : "string"
2025-12-27T00:45:01.4806439Z           },
2025-12-27T00:45:01.4806615Z           "add_prefer_source" : {
2025-12-27T00:45:01.4806915Z             "title" : "Whether to always prefer source files over class files.",
2025-12-27T00:45:01.4808163Z             "description" : "A value indicating whether source files should be preferred over class files. If set to 'true', the extraction adds '-Xprefer:source' to the javac command line. If set to 'false', the extraction uses the default javac behavior ('-Xprefer:newer'). The default is 'true'.\n",
2025-12-27T00:45:01.4809241Z             "type" : "string",
2025-12-27T00:45:01.4809470Z             "pattern" : "^(false|true)$"
2025-12-27T00:45:01.4809699Z           },
2025-12-27T00:45:01.4809861Z           "buildless" : {
2025-12-27T00:45:01.4810168Z             "title" : "Whether to use buildless (standalone) extraction (experimental).",
2025-12-27T00:45:01.4811646Z             "description" : "A value indicating, which type of extraction the autobuilder should perform. If 'true', then the standalone extractor will be used, otherwise tracing extraction will be performed. The default is 'false'. Note that buildless extraction will generally yield less accurate analysis results, and should only be used in cases where it is not possible to build the code (for example if it uses inaccessible dependencies).\n",
2025-12-27T00:45:01.4812996Z             "type" : "string",
2025-12-27T00:45:01.4813211Z             "pattern" : "^(false|true)$"
2025-12-27T00:45:01.4813435Z           },
2025-12-27T00:45:01.4813622Z           "buildless_dependency_dir" : {
2025-12-27T00:45:01.4813997Z             "title" : "The path where buildless (standalone) extraction should keep dependencies.",
2025-12-27T00:45:01.4814568Z             "description" : "If set, the buildless (standalone) extractor will store dependencies in this directory.\n",
2025-12-27T00:45:01.4814989Z             "type" : "string"
2025-12-27T00:45:01.4815185Z           },
2025-12-27T00:45:01.4815361Z           "minimize_dependency_jars" : {
2025-12-27T00:45:01.4815730Z             "title" : "Whether to rewrite and minimize downloaded JAR dependencies (experimental).",
2025-12-27T00:45:01.4816474Z             "description" : "If 'true', JAR dependencies downloaded during extraction will be rewritten to remove unneeded data, such as method bodies. The default is 'false'.\n",
2025-12-27T00:45:01.4817064Z             "type" : "string",
2025-12-27T00:45:01.4817496Z             "pattern" : "^(false|true)$"
2025-12-27T00:45:01.4817725Z           }
2025-12-27T00:45:01.4817885Z         }
2025-12-27T00:45:01.4818035Z       }
2025-12-27T00:45:01.4818191Z     ],
2025-12-27T00:45:01.4818341Z     "go" : [
2025-12-27T00:45:01.4818491Z       {
2025-12-27T00:45:01.4818744Z         "extractor_root" : "/opt/hostedtoolcache/CodeQL/2.23.8/x64/codeql/go",
2025-12-27T00:45:01.4819078Z         "extractor_options" : {
2025-12-27T00:45:01.4819297Z           "extract_tests" : {
2025-12-27T00:45:01.4819584Z             "title" : "Whether to include Go test files in the CodeQL database.",
2025-12-27T00:45:01.4820158Z             "description" : "A value indicating whether Go test files should be included in the CodeQL database. The default is 'false'.\n",
2025-12-27T00:45:01.4820642Z             "type" : "string",
2025-12-27T00:45:01.4820859Z             "pattern" : "^(false|true)$"
2025-12-27T00:45:01.4821082Z           },
2025-12-27T00:45:01.4821254Z           "extract_vendor_dirs" : {
2025-12-27T00:45:01.4821586Z             "title" : "Whether to include Go vendor directories in the CodeQL database.",
2025-12-27T00:45:01.4822458Z             "description" : "A value indicating whether Go vendor directories should be included in the CodeQL database. The default is 'false'.\n",
2025-12-27T00:45:01.4822978Z             "type" : "string",
2025-12-27T00:45:01.4823190Z             "pattern" : "^(false|true)$"
2025-12-27T00:45:01.4823416Z           }
2025-12-27T00:45:01.4823572Z         }
2025-12-27T00:45:01.4823719Z       }
2025-12-27T00:45:01.4823870Z     ],
2025-12-27T00:45:01.4824020Z     "actions" : [
2025-12-27T00:45:01.4824193Z       {
2025-12-27T00:45:01.4824449Z         "extractor_root" : "/opt/hostedtoolcache/CodeQL/2.23.8/x64/codeql/actions",
2025-12-27T00:45:01.4824792Z         "extractor_options" : {
2025-12-27T00:45:01.4824996Z           "trap" : {
2025-12-27T00:45:01.4825192Z             "title" : "TRAP options",
2025-12-27T00:45:01.4825509Z             "description" : "Options about how the extractor handles TRAP files",
2025-12-27T00:45:01.4825840Z             "type" : "object",
2025-12-27T00:45:01.4826167Z             "visibility" : 3,
2025-12-27T00:45:01.4826379Z             "properties" : {
2025-12-27T00:45:01.4826582Z               "cache" : {
2025-12-27T00:45:01.4826786Z                 "title" : "TRAP cache options",
2025-12-27T00:45:01.4827139Z                 "description" : "Options about how the extractor handles its TRAP cache",
2025-12-27T00:45:01.4827715Z                 "type" : "object",
2025-12-27T00:45:01.4827951Z                 "properties" : {
2025-12-27T00:45:01.4828159Z                   "dir" : {
2025-12-27T00:45:01.4828382Z                     "title" : "TRAP cache directory",
2025-12-27T00:45:01.4828693Z                     "description" : "The directory of the TRAP cache to use",
2025-12-27T00:45:01.4829020Z                     "type" : "string"
2025-12-27T00:45:01.4829235Z                   },
2025-12-27T00:45:01.4829414Z                   "bound" : {
2025-12-27T00:45:01.4829635Z                     "title" : "TRAP cache bound",
2025-12-27T00:45:01.4829970Z                     "description" : "A soft limit (in MB) on the size of the TRAP cache",
2025-12-27T00:45:01.4830295Z                     "type" : "string",
2025-12-27T00:45:01.4830522Z                     "pattern" : "[0-9]+"
2025-12-27T00:45:01.4830745Z                   },
2025-12-27T00:45:01.4830926Z                   "write" : {
2025-12-27T00:45:01.4831146Z                     "title" : "TRAP cache writeable",
2025-12-27T00:45:01.4831505Z                     "description" : "Whether to write to the TRAP cache as well as reading it",
2025-12-27T00:45:01.4831848Z                     "type" : "string",
2025-12-27T00:45:01.4832098Z                     "pattern" : "(true|TRUE|false|FALSE)"
2025-12-27T00:45:01.4832338Z                   }
2025-12-27T00:45:01.4832510Z                 }
2025-12-27T00:45:01.4832672Z               }
2025-12-27T00:45:01.4832838Z             }
2025-12-27T00:45:01.4832996Z           }
2025-12-27T00:45:01.4833160Z         }
2025-12-27T00:45:01.4833322Z       }
2025-12-27T00:45:01.4833470Z     ],
2025-12-27T00:45:01.4833637Z     "javascript" : [
2025-12-27T00:45:01.4833808Z       {
2025-12-27T00:45:01.4834089Z         "extractor_root" : "/opt/hostedtoolcache/CodeQL/2.23.8/x64/codeql/javascript",
2025-12-27T00:45:01.4834442Z         "extractor_options" : {
2025-12-27T00:45:01.4834658Z           "trap" : {
2025-12-27T00:45:01.4834842Z             "title" : "TRAP options",
2025-12-27T00:45:01.4835166Z             "description" : "Options about how the extractor handles TRAP files",
2025-12-27T00:45:01.4835490Z             "type" : "object",
2025-12-27T00:45:01.4835703Z             "visibility" : 3,
2025-12-27T00:45:01.4835912Z             "properties" : {
2025-12-27T00:45:01.4836110Z               "cache" : {
2025-12-27T00:45:01.4836324Z                 "title" : "TRAP cache options",
2025-12-27T00:45:01.4836664Z                 "description" : "Options about how the extractor handles its TRAP cache",
2025-12-27T00:45:01.4837003Z                 "type" : "object",
2025-12-27T00:45:01.4837935Z                 "properties" : {
2025-12-27T00:45:01.4838176Z                   "dir" : {
2025-12-27T00:45:01.4838405Z                     "title" : "TRAP cache directory",
2025-12-27T00:45:01.4838727Z                     "description" : "The directory of the TRAP cache to use",
2025-12-27T00:45:01.4839037Z                     "type" : "string"
2025-12-27T00:45:01.4839259Z                   },
2025-12-27T00:45:01.4839445Z                   "bound" : {
2025-12-27T00:45:01.4839663Z                     "title" : "TRAP cache bound",
2025-12-27T00:45:01.4840001Z                     "description" : "A soft limit (in MB) on the size of the TRAP cache",
2025-12-27T00:45:01.4840349Z                     "type" : "string",
2025-12-27T00:45:01.4840585Z                     "pattern" : "[0-9]+"
2025-12-27T00:45:01.4840814Z                   },
2025-12-27T00:45:01.4840996Z                   "write" : {
2025-12-27T00:45:01.4841218Z                     "title" : "TRAP cache writeable",
2025-12-27T00:45:01.4841925Z                     "description" : "Whether to write to the TRAP cache as well as reading it",
2025-12-27T00:45:01.4842313Z                     "type" : "string",
2025-12-27T00:45:01.4842573Z                     "pattern" : "(true|TRUE|false|FALSE)"
2025-12-27T00:45:01.4842814Z                   }
2025-12-27T00:45:01.4842993Z                 }
2025-12-27T00:45:01.4843156Z               }
2025-12-27T00:45:01.4843318Z             }
2025-12-27T00:45:01.4843469Z           },
2025-12-27T00:45:01.4843640Z           "skip_types" : {
2025-12-27T00:45:01.4843885Z             "title" : "Skip type extraction for TypeScript",
2025-12-27T00:45:01.4844299Z             "description" : "Whether to skip the extraction of types in a TypeScript application",
2025-12-27T00:45:01.4844664Z             "type" : "string",
2025-12-27T00:45:01.4844883Z             "pattern" : "^(false|true)$"
2025-12-27T00:45:01.4845106Z           }
2025-12-27T00:45:01.4845256Z         }
2025-12-27T00:45:01.4845416Z       }
2025-12-27T00:45:01.4845561Z     ],
2025-12-27T00:45:01.4845719Z     "swift" : [
2025-12-27T00:45:01.4845880Z       {
2025-12-27T00:45:01.4846135Z         "extractor_root" : "/opt/hostedtoolcache/CodeQL/2.23.8/x64/codeql/swift"
2025-12-27T00:45:01.4846451Z       }
2025-12-27T00:45:01.4846601Z     ],
2025-12-27T00:45:01.4846748Z     "ruby" : [
2025-12-27T00:45:01.4846909Z       {
2025-12-27T00:45:01.4847155Z         "extractor_root" : "/opt/hostedtoolcache/CodeQL/2.23.8/x64/codeql/ruby",
2025-12-27T00:45:01.4847659Z         "extractor_options" : {
2025-12-27T00:45:01.4847877Z           "trap" : {
2025-12-27T00:45:01.4848083Z             "title" : "Options pertaining to TRAP.",
2025-12-27T00:45:01.4848376Z             "description" : "Options pertaining to TRAP.",
2025-12-27T00:45:01.4848638Z             "type" : "object",
2025-12-27T00:45:01.4848851Z             "properties" : {
2025-12-27T00:45:01.4849057Z               "compression" : {
2025-12-27T00:45:01.4849392Z                 "title" : "Controls compression for the TRAP files written by the extractor.",
2025-12-27T00:45:01.4850343Z                 "description" : "This option is only intended for use in debugging the extractor. Accepted values are 'gzip' (the default, to write gzip-compressed TRAP) 'zstd' (to write Zstandard-compressed TRAP) and 'none' (to write uncompressed TRAP).\n",
2025-12-27T00:45:01.4851164Z                 "type" : "string",
2025-12-27T00:45:01.4851402Z                 "pattern" : "^(none|gzip|zstd)$"
2025-12-27T00:45:01.4851629Z               }
2025-12-27T00:45:01.4851790Z             }
2025-12-27T00:45:01.4851943Z           }
2025-12-27T00:45:01.4852096Z         }
2025-12-27T00:45:01.4852244Z       }
2025-12-27T00:45:01.4852393Z     ]
2025-12-27T00:45:01.4852538Z   }
2025-12-27T00:45:01.4852690Z }
2025-12-27T00:45:01.4976330Z Languages from configuration: actions
2025-12-27T00:45:01.4984097Z [command]/opt/hostedtoolcache/CodeQL/2.23.8/x64/codeql/codeql resolve languages --format=betterjson --extractor-options-verbosity=4 --extractor-include-aliases
2025-12-27T00:45:02.4465440Z {
2025-12-27T00:45:02.4468143Z   "aliases" : {
2025-12-27T00:45:02.4468479Z     "c" : "cpp",
2025-12-27T00:45:02.4468788Z     "c++" : "cpp",
2025-12-27T00:45:02.4469081Z     "c-c++" : "cpp",
2025-12-27T00:45:02.4469407Z     "c-cpp" : "cpp",
2025-12-27T00:45:02.4469715Z     "c#" : "csharp",
2025-12-27T00:45:02.4470042Z     "java-kotlin" : "java",
2025-12-27T00:45:02.4470407Z     "kotlin" : "java",
2025-12-27T00:45:02.4470788Z     "javascript-typescript" : "javascript",
2025-12-27T00:45:02.4471236Z     "typescript" : "javascript"
2025-12-27T00:45:02.4471593Z   },
2025-12-27T00:45:02.4471873Z   "extractors" : {
2025-12-27T00:45:02.4472174Z     "xml" : [
2025-12-27T00:45:02.4472454Z       {
2025-12-27T00:45:02.4472911Z         "extractor_root" : "/opt/hostedtoolcache/CodeQL/2.23.8/x64/codeql/xml"
2025-12-27T00:45:02.4473492Z       }
2025-12-27T00:45:02.4473747Z     ],
2025-12-27T00:45:02.4474027Z     "python" : [
2025-12-27T00:45:02.4474315Z       {
2025-12-27T00:45:02.4475219Z         "extractor_root" : "/opt/hostedtoolcache/CodeQL/2.23.8/x64/codeql/python",
2025-12-27T00:45:02.4475865Z         "extractor_options" : {
2025-12-27T00:45:02.4476242Z           "logging" : {
2025-12-27T00:45:02.4476628Z             "title" : "Options pertaining to logging.",
2025-12-27T00:45:02.4477176Z             "description" : "Options pertaining to logging.",
2025-12-27T00:45:02.4477897Z             "type" : "object",
2025-12-27T00:45:02.4478272Z             "properties" : {
2025-12-27T00:45:02.4478647Z               "verbosity" : {
2025-12-27T00:45:02.4479108Z                 "title" : "Python extractor logging verbosity level.",
2025-12-27T00:45:02.4480761Z                 "description" : "Controls the level of verbosity of the CodeQL Python extractor.\nThe supported levels are (in order of increasing verbosity):\n\n  - off\n  - errors\n  - warnings\n  - info or progress\n  - debug or progress+\n  - trace or progress++\n  - progress+++\n",
2025-12-27T00:45:02.4482390Z                 "type" : "string",
2025-12-27T00:45:02.4483164Z                 "pattern" : "^(off|errors|warnings|(info|progress)|(debug|progress\\+)|(trace|progress\\+\\+)|progress\\+\\+\\+)$"
2025-12-27T00:45:02.4483952Z               }
2025-12-27T00:45:02.4484239Z             }
2025-12-27T00:45:02.4484520Z           },
2025-12-27T00:45:02.4484825Z           "python_executable_name" : {
2025-12-27T00:45:02.4485478Z             "title" : "Controls the name of the Python executable used by the Python extractor.",
2025-12-27T00:45:02.4488111Z             "description" : "The Python extractor uses platform-dependent heuristics to determine the name of the Python executable to use. Specifying a value for this option overrides the name of the Python executable used by the extractor. Accepted values are py, python and python3. Use this setting with caution, the Python extractor requires Python 3 to run.\n",
2025-12-27T00:45:02.4490287Z             "type" : "string",
2025-12-27T00:45:02.4490697Z             "pattern" : "^(py|python|python3)$"
2025-12-27T00:45:02.4491120Z           }
2025-12-27T00:45:02.4491389Z         }
2025-12-27T00:45:02.4491652Z       }
2025-12-27T00:45:02.4491906Z     ],
2025-12-27T00:45:02.4492177Z     "javascript" : [
2025-12-27T00:45:02.4492483Z       {
2025-12-27T00:45:02.4492999Z         "extractor_root" : "/opt/hostedtoolcache/CodeQL/2.23.8/x64/codeql/javascript",
2025-12-27T00:45:02.4493653Z         "extractor_options" : {
2025-12-27T00:45:02.4494017Z           "trap" : {
2025-12-27T00:45:02.4494346Z             "title" : "TRAP options",
2025-12-27T00:45:02.4494927Z             "description" : "Options about how the extractor handles TRAP files",
2025-12-27T00:45:02.4495501Z             "type" : "object",
2025-12-27T00:45:02.4495872Z             "visibility" : 3,
2025-12-27T00:45:02.4496233Z             "properties" : {
2025-12-27T00:45:02.4496593Z               "cache" : {
2025-12-27T00:45:02.4496966Z                 "title" : "TRAP cache options",
2025-12-27T00:45:02.4497786Z                 "description" : "Options about how the extractor handles its TRAP cache",
2025-12-27T00:45:02.4498706Z                 "type" : "object",
2025-12-27T00:45:02.4499091Z                 "properties" : {
2025-12-27T00:45:02.4499457Z                   "dir" : {
2025-12-27T00:45:02.4499828Z                     "title" : "TRAP cache directory",
2025-12-27T00:45:02.4500379Z                     "description" : "The directory of the TRAP cache to use",
2025-12-27T00:45:02.4500906Z                     "type" : "string"
2025-12-27T00:45:02.4501293Z                   },
2025-12-27T00:45:02.4501602Z                   "bound" : {
2025-12-27T00:45:02.4501977Z                     "title" : "TRAP cache bound",
2025-12-27T00:45:02.4502577Z                     "description" : "A soft limit (in MB) on the size of the TRAP cache",
2025-12-27T00:45:02.4503155Z                     "type" : "string",
2025-12-27T00:45:02.4503576Z                     "pattern" : "[0-9]+"
2025-12-27T00:45:02.4503962Z                   },
2025-12-27T00:45:02.4504291Z                   "write" : {
2025-12-27T00:45:02.4504881Z                     "title" : "TRAP cache writeable",
2025-12-27T00:45:02.4505571Z                     "description" : "Whether to write to the TRAP cache as well as reading it",
2025-12-27T00:45:02.4506208Z                     "type" : "string",
2025-12-27T00:45:02.4506641Z                     "pattern" : "(true|TRUE|false|FALSE)"
2025-12-27T00:45:02.4507083Z                   }
2025-12-27T00:45:02.4507558Z                 }
2025-12-27T00:45:02.4507827Z               }
2025-12-27T00:45:02.4508080Z             }
2025-12-27T00:45:02.4508332Z           },
2025-12-27T00:45:02.4508609Z           "skip_types" : {
2025-12-27T00:45:02.4509031Z             "title" : "Skip type extraction for TypeScript",
2025-12-27T00:45:02.4509736Z             "description" : "Whether to skip the extraction of types in a TypeScript application",
2025-12-27T00:45:02.4510372Z             "type" : "string",
2025-12-27T00:45:02.4510721Z             "pattern" : "^(false|true)$"
2025-12-27T00:45:02.4511073Z           }
2025-12-27T00:45:02.4511340Z         }
2025-12-27T00:45:02.4511589Z       }
2025-12-27T00:45:02.4511849Z     ],
2025-12-27T00:45:02.4512098Z     "rust" : [
2025-12-27T00:45:02.4512374Z       {
2025-12-27T00:45:02.4512805Z         "extractor_root" : "/opt/hostedtoolcache/CodeQL/2.23.8/x64/codeql/rust",
2025-12-27T00:45:02.4513393Z         "extractor_options" : {
2025-12-27T00:45:02.4513746Z           "trap" : {
2025-12-27T00:45:02.4514093Z             "title" : "Options pertaining to TRAP.",
2025-12-27T00:45:02.4514584Z             "description" : "Options pertaining to TRAP.",
2025-12-27T00:45:02.4515035Z             "type" : "object",
2025-12-27T00:45:02.4515459Z             "properties" : {
2025-12-27T00:45:02.4515816Z               "compression" : {
2025-12-27T00:45:02.4516384Z                 "title" : "Controls compression for the TRAP files written by the extractor.",
2025-12-27T00:45:02.4518207Z                 "description" : "This option is only intended for use in debugging the extractor. Accepted values are 'gzip' (to write gzip-compressed TRAP) 'zstd' (to write Zstandard-compressed TRAP) and 'none' (the default, to write uncompressed TRAP).\n",
2025-12-27T00:45:02.4519673Z                 "type" : "string",
2025-12-27T00:45:02.4520078Z                 "pattern" : "^(none|gzip|zstd)$"
2025-12-27T00:45:02.4520474Z               }
2025-12-27T00:45:02.4520760Z             }
2025-12-27T00:45:02.4521020Z           },
2025-12-27T00:45:02.4521311Z           "cargo_target_dir" : {
2025-12-27T00:45:02.4521751Z             "title" : "Directory to use for cargo output files.",
2025-12-27T00:45:02.4523487Z             "description" : "This value is an optional path to use as `CARGO_TARGET_DIR` for the internal cargo commands the extractor uses. Pointing it to a persistent directory may reduce execution time of consecutive extractor runs. By default, a new scratch directory is used for each run.\n",
2025-12-27T00:45:02.4525139Z             "type" : "string"
2025-12-27T00:45:02.4525671Z           },
2025-12-27T00:45:02.4525960Z           "cargo_target" : {
2025-12-27T00:45:02.4526328Z             "title" : "Target architecture",
2025-12-27T00:45:02.4527229Z             "description" : "Target architecture to use for analysis, analogous to `cargo --target`. By default the host architecture is used.\n",
2025-12-27T00:45:02.4528254Z             "type" : "string"
2025-12-27T00:45:02.4528669Z           },
2025-12-27T00:45:02.4528962Z           "cargo_features" : {
2025-12-27T00:45:02.4529338Z             "title" : "Cargo features to turn on",
2025-12-27T00:45:02.4531001Z             "description" : "Comma-separated list of features to turn on. By default all features are enabled. If any features are specified, then only those features are enabled. The `default` feature must be explicitly specified if only default features are desired. Can be repeated.\n",
2025-12-27T00:45:02.4532622Z             "type" : "array"
2025-12-27T00:45:02.4532949Z           },
2025-12-27T00:45:02.4533240Z           "cargo_cfg_overrides" : {
2025-12-27T00:45:02.4533797Z             "title" : "Cargo cfg overrides",
2025-12-27T00:45:02.4534618Z             "description" : "Comma-separated list of cfg settings to enable, or disable if prefixed with `-`. Can be repeated.\n",
2025-12-27T00:45:02.4535406Z             "type" : "array"
2025-12-27T00:45:02.4535735Z           },
2025-12-27T00:45:02.4536001Z           "logging" : {
2025-12-27T00:45:02.4536370Z             "title" : "Options pertaining to logging.",
2025-12-27T00:45:02.4536889Z             "description" : "Options pertaining to logging.",
2025-12-27T00:45:02.4537511Z             "type" : "object",
2025-12-27T00:45:02.4537866Z             "properties" : {
2025-12-27T00:45:02.4538217Z               "verbosity" : {
2025-12-27T00:45:02.4538611Z                 "title" : "Extractor logging verbosity level.",
2025-12-27T00:45:02.4540127Z                 "description" : "Controls the level of verbosity of the extractor. The supported levels are (in order of increasing verbosity):\n  - off\n  - errors\n  - warnings\n  - info or progress\n  - debug or progress+\n  - trace or progress++\n  - progress+++\n",
2025-12-27T00:45:02.4541622Z                 "type" : "string",
2025-12-27T00:45:02.4542357Z                 "pattern" : "^(off|errors|warnings|(info|progress)|(debug|progress\\+)|(trace|progress\\+\\+)|progress\\+\\+\\+)$"
2025-12-27T00:45:02.4543075Z               },
2025-12-27T00:45:02.4543375Z               "flamegraph" : {
2025-12-27T00:45:02.4543844Z                 "title" : "[Experimental] File path for write flame graph log",
2025-12-27T00:45:02.4545215Z                 "description" : "Collect flame graph data using the `tracing-flame` crate. To render a flame graph or chart, run the `inferno-flamegraph` command. See also: https://crates.io/crates/tracing-flame\n",
2025-12-27T00:45:02.4546424Z                 "type" : "string"
2025-12-27T00:45:02.4546788Z               }
2025-12-27T00:45:02.4547066Z             }
2025-12-27T00:45:02.4547510Z           },
2025-12-27T00:45:02.4547839Z           "extract_dependencies_as_source" : {
2025-12-27T00:45:02.4548321Z             "title" : "Extract dependencies as source code",
2025-12-27T00:45:02.4549120Z             "description" : "Extract the full source code of dependencies instead of only extracting signatures.\n",
2025-12-27T00:45:02.4549860Z             "type" : "string",
2025-12-27T00:45:02.4550220Z             "pattern" : "^(false|true)$"
2025-12-27T00:45:02.4550590Z           }
2025-12-27T00:45:02.4550853Z         }
2025-12-27T00:45:02.4551087Z       }
2025-12-27T00:45:02.4551337Z     ],
2025-12-27T00:45:02.4551583Z     "csv" : [
2025-12-27T00:45:02.4551847Z       {
2025-12-27T00:45:02.4552265Z         "extractor_root" : "/opt/hostedtoolcache/CodeQL/2.23.8/x64/codeql/csv"
2025-12-27T00:45:02.4552795Z       }
2025-12-27T00:45:02.4553039Z     ],
2025-12-27T00:45:02.4553287Z     "cpp" : [
2025-12-27T00:45:02.4553552Z       {
2025-12-27T00:45:02.4553974Z         "extractor_root" : "/opt/hostedtoolcache/CodeQL/2.23.8/x64/codeql/cpp",
2025-12-27T00:45:02.4554732Z         "extractor_options" : {
2025-12-27T00:45:02.4555072Z           "trap" : {
2025-12-27T00:45:02.4555401Z             "title" : "TRAP options",
2025-12-27T00:45:02.4555950Z             "description" : "Options about how the extractor handles TRAP files",
2025-12-27T00:45:02.4556502Z             "type" : "object",
2025-12-27T00:45:02.4556853Z             "visibility" : 3,
2025-12-27T00:45:02.4557205Z             "properties" : {
2025-12-27T00:45:02.4557761Z               "cache" : {
2025-12-27T00:45:02.4558112Z                 "title" : "TRAP cache options",
2025-12-27T00:45:02.4558716Z                 "description" : "Options about how the extractor handles its TRAP cache",
2025-12-27T00:45:02.4559302Z                 "type" : "object",
2025-12-27T00:45:02.4559675Z                 "properties" : {
2025-12-27T00:45:02.4560037Z                   "dir" : {
2025-12-27T00:45:02.4560412Z                     "title" : "TRAP cache directory",
2025-12-27T00:45:02.4561155Z                     "description" : "The directory of the TRAP cache to use",
2025-12-27T00:45:02.4561686Z                     "type" : "string"
2025-12-27T00:45:02.4562049Z                   },
2025-12-27T00:45:02.4562352Z                   "bound" : {
2025-12-27T00:45:02.4562729Z                     "title" : "TRAP cache bound",
2025-12-27T00:45:02.4563291Z                     "description" : "A soft limit (in MB) on the size of the TRAP cache",
2025-12-27T00:45:02.4563863Z                     "type" : "string",
2025-12-27T00:45:02.4564256Z                     "pattern" : "[0-9]+"
2025-12-27T00:45:02.4564622Z                   },
2025-12-27T00:45:02.4564927Z                   "write" : {
2025-12-27T00:45:02.4565291Z                     "title" : "TRAP cache writeable",
2025-12-27T00:45:02.4565905Z                     "description" : "Whether to write to the TRAP cache as well as reading it",
2025-12-27T00:45:02.4566495Z                     "type" : "string",
2025-12-27T00:45:02.4566925Z                     "pattern" : "(true|TRUE|false|FALSE)"
2025-12-27T00:45:02.4567476Z                   }
2025-12-27T00:45:02.4567761Z                 }
2025-12-27T00:45:02.4568029Z               }
2025-12-27T00:45:02.4568303Z             }
2025-12-27T00:45:02.4568564Z           },
2025-12-27T00:45:02.4568847Z           "scale_timeouts" : {
2025-12-27T00:45:02.4569328Z             "title" : "Value to scale compiler introspection timeouts with",
2025-12-27T00:45:02.4571612Z             "description" : "The extractor attempts to determine what compiler the source code being extracted is compiled with. To this end the extractor makes additional calls to the compiler, some of which are expected to return within a certain fixed time (either 10s or 15s). On some systems that are under high load this time might be too short, and can be scaled up using this option.\n",
2025-12-27T00:45:02.4573742Z             "type" : "string",
2025-12-27T00:45:02.4574107Z             "pattern" : "[0-9]+"
2025-12-27T00:45:02.4574462Z           },
2025-12-27T00:45:02.4574760Z           "log_verbosity" : {
2025-12-27T00:45:02.4575176Z             "title" : "Verbosity of the extractor logging",
2025-12-27T00:45:02.4576120Z             "description" : "Set the verbosity of the extractor logging to 'quiet' (0), 'normal' (1), 'chatty' (2), or 'noisy' (3). The default is 'normal'.\n",
2025-12-27T00:45:02.4576998Z             "type" : "string",
2025-12-27T00:45:02.4577501Z             "pattern" : "[0-3]"
2025-12-27T00:45:02.4577832Z           },
2025-12-27T00:45:02.4578121Z           "frontend_options" : {
2025-12-27T00:45:02.4578547Z             "title" : "C/C++ extractor frontend options",
2025-12-27T00:45:02.4579307Z             "description" : "Set additional options that should be passed to the C/C++ extractor frontend.\n",
2025-12-27T00:45:02.4580031Z             "type" : "array",
2025-12-27T00:45:02.4580371Z             "visibility" : 3
2025-12-27T00:45:02.4580701Z           }
2025-12-27T00:45:02.4580964Z         }
2025-12-27T00:45:02.4581434Z       }
2025-12-27T00:45:02.4581676Z     ],
2025-12-27T00:45:02.4581943Z     "java" : [
2025-12-27T00:45:02.4582208Z       {
2025-12-27T00:45:02.4582647Z         "extractor_root" : "/opt/hostedtoolcache/CodeQL/2.23.8/x64/codeql/java",
2025-12-27T00:45:02.4583220Z         "extractor_options" : {
2025-12-27T00:45:02.4583564Z           "exclude" : {
2025-12-27T00:45:02.4583970Z             "title" : "A glob excluding files from analysis.",
2025-12-27T00:45:02.4585121Z             "description" : "A glob indicating what files to exclude from the analysis. This accepts glob patterns that are supported by Java's 'getPathMatcher' implementation.\n",
2025-12-27T00:45:02.4586206Z             "type" : "string"
2025-12-27T00:45:02.4586528Z           },
2025-12-27T00:45:02.4586824Z           "add_prefer_source" : {
2025-12-27T00:45:02.4587496Z             "title" : "Whether to always prefer source files over class files.",
2025-12-27T00:45:02.4589459Z             "description" : "A value indicating whether source files should be preferred over class files. If set to 'true', the extraction adds '-Xprefer:source' to the javac command line. If set to 'false', the extraction uses the default javac behavior ('-Xprefer:newer'). The default is 'true'.\n",
2025-12-27T00:45:02.4591129Z             "type" : "string",
2025-12-27T00:45:02.4591495Z             "pattern" : "^(false|true)$"
2025-12-27T00:45:02.4591878Z           },
2025-12-27T00:45:02.4592153Z           "buildless" : {
2025-12-27T00:45:02.4592668Z             "title" : "Whether to use buildless (standalone) extraction (experimental).",
2025-12-27T00:45:02.4595367Z             "description" : "A value indicating, which type of extraction the autobuilder should perform. If 'true', then the standalone extractor will be used, otherwise tracing extraction will be performed. The default is 'false'. Note that buildless extraction will generally yield less accurate analysis results, and should only be used in cases where it is not possible to build the code (for example if it uses inaccessible dependencies).\n",
2025-12-27T00:45:02.4597961Z             "type" : "string",
2025-12-27T00:45:02.4598334Z             "pattern" : "^(false|true)$"
2025-12-27T00:45:02.4598726Z           },
2025-12-27T00:45:02.4599025Z           "buildless_dependency_dir" : {
2025-12-27T00:45:02.4599679Z             "title" : "The path where buildless (standalone) extraction should keep dependencies.",
2025-12-27T00:45:02.4600676Z             "description" : "If set, the buildless (standalone) extractor will store dependencies in this directory.\n",
2025-12-27T00:45:02.4601442Z             "type" : "string"
2025-12-27T00:45:02.4601769Z           },
2025-12-27T00:45:02.4602065Z           "minimize_dependency_jars" : {
2025-12-27T00:45:02.4602707Z             "title" : "Whether to rewrite and minimize downloaded JAR dependencies (experimental).",
2025-12-27T00:45:02.4604039Z             "description" : "If 'true', JAR dependencies downloaded during extraction will be rewritten to remove unneeded data, such as method bodies. The default is 'false'.\n",
2025-12-27T00:45:02.4605125Z             "type" : "string",
2025-12-27T00:45:02.4605483Z             "pattern" : "^(false|true)$"
2025-12-27T00:45:02.4605876Z           }
2025-12-27T00:45:02.4606130Z         }
2025-12-27T00:45:02.4606385Z       }
2025-12-27T00:45:02.4606623Z     ],
2025-12-27T00:45:02.4606880Z     "html" : [
2025-12-27T00:45:02.4607154Z       {
2025-12-27T00:45:02.4607735Z         "extractor_root" : "/opt/hostedtoolcache/CodeQL/2.23.8/x64/codeql/html"
2025-12-27T00:45:02.4608289Z       }
2025-12-27T00:45:02.4608535Z     ],
2025-12-27T00:45:02.4608783Z     "yaml" : [
2025-12-27T00:45:02.4609053Z       {
2025-12-27T00:45:02.4609521Z         "extractor_root" : "/opt/hostedtoolcache/CodeQL/2.23.8/x64/codeql/yaml"
2025-12-27T00:45:02.4610058Z       }
2025-12-27T00:45:02.4610307Z     ],
2025-12-27T00:45:02.4610554Z     "swift" : [
2025-12-27T00:45:02.4610838Z       {
2025-12-27T00:45:02.4611263Z         "extractor_root" : "/opt/hostedtoolcache/CodeQL/2.23.8/x64/codeql/swift"
2025-12-27T00:45:02.4612094Z       }
2025-12-27T00:45:02.4612346Z     ],
2025-12-27T00:45:02.4612627Z     "properties" : [
2025-12-27T00:45:02.4612941Z       {
2025-12-27T00:45:02.4613411Z         "extractor_root" : "/opt/hostedtoolcache/CodeQL/2.23.8/x64/codeql/properties"
2025-12-27T00:45:02.4614006Z       }
2025-12-27T00:45:02.4614251Z     ],
2025-12-27T00:45:02.4614515Z     "ruby" : [
2025-12-27T00:45:02.4614785Z       {
2025-12-27T00:45:02.4615221Z         "extractor_root" : "/opt/hostedtoolcache/CodeQL/2.23.8/x64/codeql/ruby",
2025-12-27T00:45:02.4615862Z         "extractor_options" : {
2025-12-27T00:45:02.4616221Z           "trap" : {
2025-12-27T00:45:02.4616564Z             "title" : "Options pertaining to TRAP.",
2025-12-27T00:45:02.4617064Z             "description" : "Options pertaining to TRAP.",
2025-12-27T00:45:02.4617673Z             "type" : "object",
2025-12-27T00:45:02.4618025Z             "properties" : {
2025-12-27T00:45:02.4618379Z               "compression" : {
2025-12-27T00:45:02.4619119Z                 "title" : "Controls compression for the TRAP files written by the extractor.",
2025-12-27T00:45:02.4620823Z                 "description" : "This option is only intended for use in debugging the extractor. Accepted values are 'gzip' (the default, to write gzip-compressed TRAP) 'zstd' (to write Zstandard-compressed TRAP) and 'none' (to write uncompressed TRAP).\n",
2025-12-27T00:45:02.4622629Z                 "type" : "string",
2025-12-27T00:45:02.4623035Z                 "pattern" : "^(none|gzip|zstd)$"
2025-12-27T00:45:02.4623446Z               }
2025-12-27T00:45:02.4623720Z             }
2025-12-27T00:45:02.4623999Z           }
2025-12-27T00:45:02.4624250Z         }
2025-12-27T00:45:02.4624503Z       }
2025-12-27T00:45:02.4624736Z     ],
2025-12-27T00:45:02.4624992Z     "go" : [
2025-12-27T00:45:02.4625243Z       {
2025-12-27T00:45:02.4625674Z         "extractor_root" : "/opt/hostedtoolcache/CodeQL/2.23.8/x64/codeql/go",
2025-12-27T00:45:02.4626243Z         "extractor_options" : {
2025-12-27T00:45:02.4626623Z           "extract_tests" : {
2025-12-27T00:45:02.4627143Z             "title" : "Whether to include Go test files in the CodeQL database.",
2025-12-27T00:45:02.4628294Z             "description" : "A value indicating whether Go test files should be included in the CodeQL database. The default is 'false'.\n",
2025-12-27T00:45:02.4629167Z             "type" : "string",
2025-12-27T00:45:02.4629533Z             "pattern" : "^(false|true)$"
2025-12-27T00:45:02.4629931Z           },
2025-12-27T00:45:02.4630224Z           "extract_vendor_dirs" : {
2025-12-27T00:45:02.4630802Z             "title" : "Whether to include Go vendor directories in the CodeQL database.",
2025-12-27T00:45:02.4631906Z             "description" : "A value indicating whether Go vendor directories should be included in the CodeQL database. The default is 'false'.\n",
2025-12-27T00:45:02.4632818Z             "type" : "string",
2025-12-27T00:45:02.4633189Z             "pattern" : "^(false|true)$"
2025-12-27T00:45:02.4633574Z           }
2025-12-27T00:45:02.4633838Z         }
2025-12-27T00:45:02.4634097Z       }
2025-12-27T00:45:02.4634348Z     ],
2025-12-27T00:45:02.4634607Z     "csharp" : [
2025-12-27T00:45:02.4634901Z       {
2025-12-27T00:45:02.4635350Z         "extractor_root" : "/opt/hostedtoolcache/CodeQL/2.23.8/x64/codeql/csharp",
2025-12-27T00:45:02.4635955Z         "extractor_options" : {
2025-12-27T00:45:02.4636318Z           "trap" : {
2025-12-27T00:45:02.4636668Z             "title" : "Options pertaining to TRAP.",
2025-12-27T00:45:02.4637164Z             "description" : "Options pertaining to TRAP.",
2025-12-27T00:45:02.4637761Z             "type" : "object",
2025-12-27T00:45:02.4638118Z             "properties" : {
2025-12-27T00:45:02.4638472Z               "compression" : {
2025-12-27T00:45:02.4639043Z                 "title" : "Controls compression for the TRAP files written by the extractor.",
2025-12-27T00:45:02.4640562Z                 "description" : "This option is only intended for use in debugging the extractor. Accepted values are 'brotli' (the default, to write brotli-compressed TRAP), 'gzip', and 'none' (to write uncompressed TRAP).\n",
2025-12-27T00:45:02.4642051Z                 "type" : "string",
2025-12-27T00:45:02.4642462Z                 "pattern" : "^(none|gzip|brotli)$"
2025-12-27T00:45:02.4642869Z               }
2025-12-27T00:45:02.4643144Z             }
2025-12-27T00:45:02.4643406Z           },
2025-12-27T00:45:02.4643689Z           "buildless" : {
2025-12-27T00:45:02.4644210Z             "title" : "DEPRECATED - Whether to use buildless (standalone) extraction.",
2025-12-27T00:45:02.4647437Z             "description" : "DEPRECATED: Use `--build-mode none` instead.\nA value indicating, which type of extraction the autobuilder should perform. If 'true', then the standalone extractor will be used, otherwise tracing extraction will be performed. The default is 'false'. Note that buildless extraction will generally yield less accurate analysis results, and should only be used in cases where it is not possible to build the code (for example if it uses inaccessible dependencies).\n",
2025-12-27T00:45:02.4650184Z             "type" : "string",
2025-12-27T00:45:02.4650553Z             "pattern" : "^(false|true)$"
2025-12-27T00:45:02.4650932Z           },
2025-12-27T00:45:02.4651208Z           "logging" : {
2025-12-27T00:45:02.4675469Z             "title" : "Options pertaining to logging.",
2025-12-27T00:45:02.4676111Z             "description" : "Options pertaining to logging.",
2025-12-27T00:45:02.4676591Z             "type" : "object",
2025-12-27T00:45:02.4676966Z             "properties" : {
2025-12-27T00:45:02.4677479Z               "verbosity" : {
2025-12-27T00:45:02.4677903Z                 "title" : "Extractor logging verbosity level.",
2025-12-27T00:45:02.4679431Z                 "description" : "Controls the level of verbosity of the extractor. The supported levels are (in order of increasing verbosity):\n  - off\n  - errors\n  - warnings\n  - info or progress\n  - debug or progress+\n  - trace or progress++\n  - progress+++\n",
2025-12-27T00:45:02.4680889Z                 "type" : "string",
2025-12-27T00:45:02.4681644Z                 "pattern" : "^(off|errors|warnings|(info|progress)|(debug|progress\\+)|(trace|progress\\+\\+)|progress\\+\\+\\+)$"
2025-12-27T00:45:02.4682391Z               }
2025-12-27T00:45:02.4682677Z             }
2025-12-27T00:45:02.4682941Z           },
2025-12-27T00:45:02.4683221Z           "binlog" : {
2025-12-27T00:45:02.4683550Z             "title" : "Binlog",
2025-12-27T00:45:02.4684611Z             "description" : "[EXPERIMENTAL] The value is a path to the MsBuild binary log file that should be extracted. This option only works when `--build-mode none` is also specified.\n",
2025-12-27T00:45:02.4685723Z             "type" : "array"
2025-12-27T00:45:02.4686048Z           },
2025-12-27T00:45:02.4686369Z           "buildless_dependency_dir" : {
2025-12-27T00:45:02.4687041Z             "title" : "The path where buildless (standalone) extraction should keep dependencies.",
2025-12-27T00:45:02.4688233Z             "description" : "If set, the buildless (standalone) extractor will store dependencies in this directory.\n",
2025-12-27T00:45:02.4689004Z             "type" : "string"
2025-12-27T00:45:02.4689344Z           }
2025-12-27T00:45:02.4689619Z         }
2025-12-27T00:45:02.4689879Z       }
2025-12-27T00:45:02.4690143Z     ],
2025-12-27T00:45:02.4690412Z     "actions" : [
2025-12-27T00:45:02.4690696Z       {
2025-12-27T00:45:02.4691152Z         "extractor_root" : "/opt/hostedtoolcache/CodeQL/2.23.8/x64/codeql/actions",
2025-12-27T00:45:02.4691762Z         "extractor_options" : {
2025-12-27T00:45:02.4692118Z           "trap" : {
2025-12-27T00:45:02.4692452Z             "title" : "TRAP options",
2025-12-27T00:45:02.4693013Z             "description" : "Options about how the extractor handles TRAP files",
2025-12-27T00:45:02.4693592Z             "type" : "object",
2025-12-27T00:45:02.4693957Z             "visibility" : 3,
2025-12-27T00:45:02.4694554Z             "properties" : {
2025-12-27T00:45:02.4694913Z               "cache" : {
2025-12-27T00:45:02.4695277Z                 "title" : "TRAP cache options",
2025-12-27T00:45:02.4695896Z                 "description" : "Options about how the extractor handles its TRAP cache",
2025-12-27T00:45:02.4696484Z                 "type" : "object",
2025-12-27T00:45:02.4696866Z                 "properties" : {
2025-12-27T00:45:02.4697218Z                   "dir" : {
2025-12-27T00:45:02.4697744Z                     "title" : "TRAP cache directory",
2025-12-27T00:45:02.4698272Z                     "description" : "The directory of the TRAP cache to use",
2025-12-27T00:45:02.4698785Z                     "type" : "string"
2025-12-27T00:45:02.4699155Z                   },
2025-12-27T00:45:02.4699465Z                   "bound" : {
2025-12-27T00:45:02.4699828Z                     "title" : "TRAP cache bound",
2025-12-27T00:45:02.4700400Z                     "description" : "A soft limit (in MB) on the size of the TRAP cache",
2025-12-27T00:45:02.4700978Z                     "type" : "string",
2025-12-27T00:45:02.4701590Z                     "pattern" : "[0-9]+"
2025-12-27T00:45:02.4701981Z                   },
2025-12-27T00:45:02.4702287Z                   "write" : {
2025-12-27T00:45:02.4702657Z                     "title" : "TRAP cache writeable",
2025-12-27T00:45:02.4703280Z                     "description" : "Whether to write to the TRAP cache as well as reading it",
2025-12-27T00:45:02.4703872Z                     "type" : "string",
2025-12-27T00:45:02.4704296Z                     "pattern" : "(true|TRUE|false|FALSE)"
2025-12-27T00:45:02.4704702Z                   }
2025-12-27T00:45:02.4704986Z                 }
2025-12-27T00:45:02.4705258Z               }
2025-12-27T00:45:02.4705535Z             }
2025-12-27T00:45:02.4705802Z           }
2025-12-27T00:45:02.4706063Z         }
2025-12-27T00:45:02.4706330Z       }
2025-12-27T00:45:02.4706586Z     ]
2025-12-27T00:45:02.4706831Z   }
2025-12-27T00:45:02.4707077Z }
2025-12-27T00:45:02.4707580Z Found 1 languages that support TRAP caching
2025-12-27T00:45:02.4708164Z Analyzing default branch. Skipping downloading of TRAP caches.
2025-12-27T00:45:02.4709491Z Using overlay database mode: none without caching.
2025-12-27T00:45:02.4710606Z Not performing diff-informed analysis because we are not analyzing a pull request.
2025-12-27T00:45:02.4711511Z ##[endgroup]
2025-12-27T00:45:02.4712995Z While resolving threads, found a cgroup CPUs file with 4 CPUs in /sys/fs/cgroup/cpuset.cpus.effective.
2025-12-27T00:45:02.4714623Z Skipping download of dependency cache for actions as we have no caching configuration for it.
2025-12-27T00:45:02.4716069Z Writing augmented user configuration file to /home/runner/work/_temp/user-config.yaml
2025-12-27T00:45:02.4717024Z ##[group]Augmented user configuration file contents
2025-12-27T00:45:02.4727792Z default-setup:
2025-12-27T00:45:02.4729044Z   org:
2025-12-27T00:45:02.4729847Z     model-packs: []
2025-12-27T00:45:02.4730176Z threat-models: []
2025-12-27T00:45:02.4730387Z 
2025-12-27T00:45:02.4730739Z ##[endgroup]
2025-12-27T00:45:02.4733347Z [command]/opt/hostedtoolcache/CodeQL/2.23.8/x64/codeql/codeql database init --force-overwrite --db-cluster /home/runner/work/_temp/codeql_databases --source-root=/home/runner/work/scratchattach/scratchattach --calculate-language-specific-baseline --extractor-include-aliases --sublanguage-file-coverage --language=actions --codescanning-config=/home/runner/work/_temp/user-config.yaml --build-mode=none
2025-12-27T00:45:04.0768572Z Package install location: /home/runner/.codeql/packages
2025-12-27T00:45:04.0769264Z Nothing downloaded.
2025-12-27T00:45:04.7301771Z Calculating baseline information in /home/runner/work/scratchattach/scratchattach
2025-12-27T00:45:05.2888433Z Running command in /home/runner/work/scratchattach/scratchattach: [/opt/hostedtoolcache/CodeQL/2.23.8/x64/codeql/actions/tools/configure-baseline.sh]
2025-12-27T00:45:05.3088743Z Calculated baseline information for languages: actions, python (577ms).
2025-12-27T00:45:08.5894261Z Resolving extractor actions.
2025-12-27T00:45:08.5929118Z Successfully loaded extractor GitHub Actions (actions) from /opt/hostedtoolcache/CodeQL/2.23.8/x64/codeql/actions.
2025-12-27T00:45:08.6260181Z Created skeleton CodeQL database at /home/runner/work/_temp/codeql_databases/actions. This in-progress database is ready to be populated by an extractor.
2025-12-27T00:45:08.8259453Z ##[group]Run github/codeql-action/start-proxy@v4
2025-12-27T00:45:08.8259754Z with:
2025-12-27T00:45:08.8259928Z   language: actions
2025-12-27T00:45:08.8260113Z   registry_secrets: []
2025-12-27T00:45:08.8260420Z   token: ***
2025-12-27T00:45:08.8260823Z   matrix: {
  "language": "actions",
  "category": "/language:actions",
  "build-mode": "none",
  "runner": "[\"ubuntu-latest\"]"
}
2025-12-27T00:45:08.8261290Z env:
2025-12-27T00:45:08.8261467Z   CODE_SCANNING_REF: refs/heads/main
2025-12-27T00:45:08.8261707Z   CODE_SCANNING_BASE_BRANCH: 
2025-12-27T00:45:08.8261951Z   CODE_SCANNING_IS_ANALYZING_DEFAULT_BRANCH: true
2025-12-27T00:45:08.8262254Z   CODE_SCANNING_IS_STEADY_STATE_DEFAULT_SETUP: true
2025-12-27T00:45:08.8268477Z   CODE_SCANNING_WORKFLOW_FILE: H4sIAAAAAAAA/6RV32/bNhB+919x8AakfZDzsicBBaY4cuLNsFNJQZcVBUFTJ5mLTKr8kVTt8r8PFKVYWuM5Q/1kHj9+vLvv40nQPYYwncsc36+mE2VF4EM/f/sGJTc7u53hAwoz46K2Rs+YzJFoRoXgoiTKCuLw8PQ0kSKEvBF0z9lkguIhnADMN5cxSefRer1cX5EkXryaGAvH+W+GiyiNyUUSrefXr2XaUo1kq6hgu5cYlymJ1tHq7k+3uIwX0e0q+583cE2ooFXz1S1yLKitzH/fmGZxdHlH0izK4udL0zi7vQnBKIvfnfmwSX5frDYfyGK5il+b16NU90UlH0nBq1ahyV9yq50sPl10fwG83pEPwRvHvadG8S+ziorS0tKdfdtClRU6cDo7UKHk/rd0s37ToZUVAtVbXzJAjWrPteZSaH8PAGWmXYJCmncxJoVBYcbBmrJ7WuI4qJFZxU0TtCXrEB4VNzjpSbiwGEgRoFJShVDQSvtNbRQ1WDZ9FgXlVVBQbYYg6GruQQBcsMrmeAgABNB3JOxrGewCMHePVE0I58/Al3Bby6s82MscQxBS4GjTtzGEs49Tu7XC2KCiBrWZfjo7kkrdmJ0UJzN5AfZDiWiDdSdt0JlovkN2L60BhbXU3EjVdJRWOzW7ZpyzDvfrwy+TEcFScMNpxb8i+JE0Ou4tf+5c/rkKPNk5F7zl8cBHbnYHyVqfa66Dey5yHYI7GfTv4xnVd0h7X39v/slL/RpAD+EhOMcaRY6CNQGjbMdF6Q/5vs5QPHAlxR6FgXfv4MwXF+ykNpifDYk+W1TcZTedwk9w6QdMG21A2/4NdO+g4GUIfw+E7AZSoNHYOhwpLFU5DgC4IqrAvT8dwsdXDhovCGlPwdMTfBqQmp1CatrmVC1lt9srnrq0oFbySwOFVKCw5Nq4ejsSnod++7QVtKHKBC34mCMO9IQpzFE4u3XCa2QKjZ5dLbPr2wuSxFfLNEuWcUpuks0fd0NJDo/viGPGtr5BVUi17zztZ63m+nRF3aA+VNN9V/3PfSPer3x25HqTZl0d7mHO2jbMpDWtYO2KOHMNyxgR3GySkwS1VMcJ5hGZx0m2XCznURafomKUMFSGF9wNq6Okt8kqPUVlVaUPBGPBD5NwoFQfdIf+CQAA//+2RVGDAgkAAA==
2025-12-27T00:45:08.8274448Z   CODEQL_ACTION_FEATURE_MULTI_LANGUAGE: false
2025-12-27T00:45:08.8274718Z   CODEQL_ACTION_FEATURE_SANDWICH: false
2025-12-27T00:45:08.8274966Z   CODEQL_ACTION_FEATURE_SARIF_COMBINE: true
2025-12-27T00:45:08.8275227Z   CODEQL_ACTION_FEATURE_WILL_UPLOAD: true
2025-12-27T00:45:08.8275473Z   CODEQL_ACTION_VERSION: 4.31.9
2025-12-27T00:45:08.8275729Z   JOB_RUN_UUID: ffc04193-fc16-4968-b0b2-38bd67a7fe87
2025-12-27T00:45:08.8275994Z   CODEQL_ACTION_INIT_HAS_RUN: true
2025-12-27T00:45:08.8276317Z   CODEQL_ACTION_ANALYSIS_KEY: dynamic/github-code-scanning/codeql:analyze
2025-12-27T00:45:08.8276695Z   CODEQL_WORKFLOW_STARTED_AT: 2025-12-27T00:44:54.800Z
2025-12-27T00:45:08.8276957Z   CODEQL_RAM: 14581
2025-12-27T00:45:08.8277143Z   CODEQL_THREADS: 4
2025-12-27T00:45:08.8277430Z ##[endgroup]
2025-12-27T00:45:08.9811434Z Using registry_secrets input.
2025-12-27T00:45:08.9812648Z No credentials found, skipping proxy setup.
2025-12-27T00:45:08.9975594Z ##[group]Run github/codeql-action/analyze@v4
2025-12-27T00:45:08.9975884Z with:
2025-12-27T00:45:08.9976059Z   category: /language:actions
2025-12-27T00:45:08.9976272Z   output: ../results
2025-12-27T00:45:08.9976451Z   upload: always
2025-12-27T00:45:08.9976633Z   skip-queries: false
2025-12-27T00:45:08.9976896Z   checkout_path: /home/runner/work/scratchattach/scratchattach
2025-12-27T00:45:08.9977207Z   upload-database: true
2025-12-27T00:45:08.9977591Z   wait-for-processing: true
2025-12-27T00:45:08.9977942Z   token: ***
2025-12-27T00:45:08.9978349Z   matrix: {
  "language": "actions",
  "category": "/language:actions",
  "build-mode": "none",
  "runner": "[\"ubuntu-latest\"]"
}
2025-12-27T00:45:08.9978815Z   expect-error: false
2025-12-27T00:45:08.9979193Z env:
2025-12-27T00:45:08.9979358Z   CODE_SCANNING_REF: refs/heads/main
2025-12-27T00:45:08.9979603Z   CODE_SCANNING_BASE_BRANCH: 
2025-12-27T00:45:08.9979852Z   CODE_SCANNING_IS_ANALYZING_DEFAULT_BRANCH: true
2025-12-27T00:45:08.9980193Z   CODE_SCANNING_IS_STEADY_STATE_DEFAULT_SETUP: true
2025-12-27T00:45:08.9985934Z   CODE_SCANNING_WORKFLOW_FILE: H4sIAAAAAAAA/6RV32/bNhB+919x8AakfZDzsicBBaY4cuLNsFNJQZcVBUFTJ5mLTKr8kVTt8r8PFKVYWuM5Q/1kHj9+vLvv40nQPYYwncsc36+mE2VF4EM/f/sGJTc7u53hAwoz46K2Rs+YzJFoRoXgoiTKCuLw8PQ0kSKEvBF0z9lkguIhnADMN5cxSefRer1cX5EkXryaGAvH+W+GiyiNyUUSrefXr2XaUo1kq6hgu5cYlymJ1tHq7k+3uIwX0e0q+583cE2ooFXz1S1yLKitzH/fmGZxdHlH0izK4udL0zi7vQnBKIvfnfmwSX5frDYfyGK5il+b16NU90UlH0nBq1ahyV9yq50sPl10fwG83pEPwRvHvadG8S+ziorS0tKdfdtClRU6cDo7UKHk/rd0s37ToZUVAtVbXzJAjWrPteZSaH8PAGWmXYJCmncxJoVBYcbBmrJ7WuI4qJFZxU0TtCXrEB4VNzjpSbiwGEgRoFJShVDQSvtNbRQ1WDZ9FgXlVVBQbYYg6GruQQBcsMrmeAgABNB3JOxrGewCMHePVE0I58/Al3Bby6s82MscQxBS4GjTtzGEs49Tu7XC2KCiBrWZfjo7kkrdmJ0UJzN5AfZDiWiDdSdt0JlovkN2L60BhbXU3EjVdJRWOzW7ZpyzDvfrwy+TEcFScMNpxb8i+JE0Ou4tf+5c/rkKPNk5F7zl8cBHbnYHyVqfa66Dey5yHYI7GfTv4xnVd0h7X39v/slL/RpAD+EhOMcaRY6CNQGjbMdF6Q/5vs5QPHAlxR6FgXfv4MwXF+ykNpifDYk+W1TcZTedwk9w6QdMG21A2/4NdO+g4GUIfw+E7AZSoNHYOhwpLFU5DgC4IqrAvT8dwsdXDhovCGlPwdMTfBqQmp1CatrmVC1lt9srnrq0oFbySwOFVKCw5Nq4ejsSnod++7QVtKHKBC34mCMO9IQpzFE4u3XCa2QKjZ5dLbPr2wuSxFfLNEuWcUpuks0fd0NJDo/viGPGtr5BVUi17zztZ63m+nRF3aA+VNN9V/3PfSPer3x25HqTZl0d7mHO2jbMpDWtYO2KOHMNyxgR3GySkwS1VMcJ5hGZx0m2XCznURafomKUMFSGF9wNq6Okt8kqPUVlVaUPBGPBD5NwoFQfdIf+CQAA//+2RVGDAgkAAA==
2025-12-27T00:45:08.9992090Z   CODEQL_ACTION_FEATURE_MULTI_LANGUAGE: false
2025-12-27T00:45:08.9992363Z   CODEQL_ACTION_FEATURE_SANDWICH: false
2025-12-27T00:45:08.9992620Z   CODEQL_ACTION_FEATURE_SARIF_COMBINE: true
2025-12-27T00:45:08.9992887Z   CODEQL_ACTION_FEATURE_WILL_UPLOAD: true
2025-12-27T00:45:08.9993132Z   CODEQL_ACTION_VERSION: 4.31.9
2025-12-27T00:45:08.9993388Z   JOB_RUN_UUID: ffc04193-fc16-4968-b0b2-38bd67a7fe87
2025-12-27T00:45:08.9993655Z   CODEQL_ACTION_INIT_HAS_RUN: true
2025-12-27T00:45:08.9993989Z   CODEQL_ACTION_ANALYSIS_KEY: dynamic/github-code-scanning/codeql:analyze
2025-12-27T00:45:08.9994366Z   CODEQL_WORKFLOW_STARTED_AT: 2025-12-27T00:44:54.800Z
2025-12-27T00:45:08.9994630Z   CODEQL_RAM: 14581
2025-12-27T00:45:08.9994819Z   CODEQL_THREADS: 4
2025-12-27T00:45:08.9994996Z   CODEQL_PROXY_HOST: 
2025-12-27T00:45:08.9995184Z   CODEQL_PROXY_PORT: 
2025-12-27T00:45:08.9995374Z   CODEQL_PROXY_CA_CERTIFICATE: 
2025-12-27T00:45:08.9995593Z   CODEQL_PROXY_URLS: 
2025-12-27T00:45:08.9995769Z ##[endgroup]
2025-12-27T00:45:10.1062336Z While resolving threads, found a cgroup CPUs file with 4 CPUs in /sys/fs/cgroup/cpuset.cpus.effective.
2025-12-27T00:45:10.1101588Z Not performing diff-informed analysis because we are not analyzing a pull request.
2025-12-27T00:45:10.1145808Z ##[group]Extracting actions
2025-12-27T00:45:10.1152004Z [command]/opt/hostedtoolcache/CodeQL/2.23.8/x64/codeql/codeql database trace-command --use-build-mode --working-dir /home/runner/work/scratchattach/scratchattach -O=actions.trap.cache.dir=/home/runner/work/_temp/trapCaches/actions -O=actions.trap.cache.bound=1024 -O=actions.trap.cache.write=true /home/runner/work/_temp/codeql_databases/actions
2025-12-27T00:45:10.9843258Z Running command in /home/runner/work/scratchattach/scratchattach: [/opt/hostedtoolcache/CodeQL/2.23.8/x64/codeql/actions/tools/autobuild.sh]
2025-12-27T00:45:11.0041437Z [2025-12-27 00:45:11] [build-stdout] LGTM_INDEX_FILTERS not set. Using the default filters, and passing through to the JavaScript extractor.
2025-12-27T00:45:11.9242285Z [2025-12-27 00:45:11] [build-stdout] Found JavaScript extractor at '/opt/hostedtoolcache/CodeQL/2.23.8/x64/codeql/javascript'.
2025-12-27T00:45:11.9243791Z [2025-12-27 00:45:11] [build-stdout] Running JavaScript autobuilder at '/opt/hostedtoolcache/CodeQL/2.23.8/x64/codeql/javascript/tools/autobuild.sh'.
2025-12-27T00:45:12.3752689Z [2025-12-27 00:45:12] [build-stdout] Parallel extraction with 4 threads.
2025-12-27T00:45:12.4260989Z [2025-12-27 00:45:12] [build-stdout] Extracting /home/runner/work/scratchattach/scratchattach/.github/workflows/action1.yml
2025-12-27T00:45:12.4269670Z [2025-12-27 00:45:12] [build-stdout] Extracting /home/runner/work/scratchattach/scratchattach/.github/workflows/action2.yml
2025-12-27T00:45:12.4271268Z [2025-12-27 00:45:12] [build-stdout] Extracting /home/runner/work/scratchattach/scratchattach/.github/workflows/action3.yml
2025-12-27T00:45:12.4272544Z [2025-12-27 00:45:12] [build-stdout] Extracting /home/runner/work/scratchattach/scratchattach/.github/workflows/action4.yml
2025-12-27T00:45:12.5620839Z [2025-12-27 00:45:12] [build-stdout] Done extracting /home/runner/work/scratchattach/scratchattach/.github/workflows/action3.yml (132 ms)
2025-12-27T00:45:12.5622857Z [2025-12-27 00:45:12] [build-stdout] Extracting /home/runner/work/scratchattach/scratchattach/.github/workflows/test-multivalue.yml
2025-12-27T00:45:12.5854111Z [2025-12-27 00:45:12] [build-stdout] Done extracting /home/runner/work/scratchattach/scratchattach/.github/workflows/action4.yml (155 ms)
2025-12-27T00:45:12.5882327Z [2025-12-27 00:45:12] [build-stdout] Done extracting /home/runner/work/scratchattach/scratchattach/.github/workflows/test-multivalue.yml (23 ms)
2025-12-27T00:45:12.5891220Z [2025-12-27 00:45:12] [build-stdout] Done extracting /home/runner/work/scratchattach/scratchattach/.github/workflows/action2.yml (163 ms)
2025-12-27T00:45:12.5899879Z [2025-12-27 00:45:12] [build-stdout] Done extracting /home/runner/work/scratchattach/scratchattach/.github/workflows/action1.yml (162 ms)
2025-12-27T00:45:12.6234800Z ##[endgroup]
2025-12-27T00:45:12.6239481Z ##[group]Finalizing actions
2025-12-27T00:45:12.6241165Z [command]/opt/hostedtoolcache/CodeQL/2.23.8/x64/codeql/codeql database finalize --finalize-dataset --threads=4 --ram=14581 /home/runner/work/_temp/codeql_databases/actions
2025-12-27T00:45:13.4425202Z Running TRAP import for CodeQL database at /home/runner/work/_temp/codeql_databases/actions...
2025-12-27T00:45:14.4139374Z Importing TRAP files
2025-12-27T00:45:14.8601672Z Merging relations
2025-12-27T00:45:15.0031285Z Finished writing database (relations: 8.04 KiB; string pool: 2.05 MiB).
2025-12-27T00:45:15.0490401Z TRAP import complete (1.6s).
2025-12-27T00:45:15.2763702Z Finished zipping source archive (3.97 KiB).
2025-12-27T00:45:15.2994226Z ##[endgroup]
2025-12-27T00:45:15.2999276Z ##[group]Running queries for actions
2025-12-27T00:45:15.3001391Z [command]/opt/hostedtoolcache/CodeQL/2.23.8/x64/codeql/codeql database run-queries --ram=14581 --threads=4 --expect-discarded-cache /home/runner/work/_temp/codeql_databases/actions --min-disk-free=1024 -v
2025-12-27T00:45:16.0720435Z Writing logs to /home/runner/work/_temp/codeql_databases/actions/log/database-run-queries-20251227.004516.069.log.
2025-12-27T00:45:16.1242726Z Stringpool size measured as 2146714
2025-12-27T00:45:16.7337209Z Writing logs to /home/runner/work/_temp/codeql_databases/actions/log/execute-queries-20251227.004516.730.log.
2025-12-27T00:45:17.0689422Z Recording pack reference codeql/actions-queries at /opt/hostedtoolcache/CodeQL/2.23.8/x64/codeql/qlpacks/codeql/actions-queries/0.6.16.
2025-12-27T00:45:18.7564902Z Compiling in 3 threads due to RAM limits.
2025-12-27T00:45:19.2355553Z [1/18] Loaded /opt/hostedtoolcache/CodeQL/2.23.8/x64/codeql/qlpacks/codeql/actions-queries/0.6.16/Security/CWE-312/ExcessiveSecretsExposure.qlx.
2025-12-27T00:45:19.2357584Z [2/18] Loaded /opt/hostedtoolcache/CodeQL/2.23.8/x64/codeql/qlpacks/codeql/actions-queries/0.6.16/Security/CWE-312/UnmaskedSecretExposure.qlx.
2025-12-27T00:45:19.3132275Z [3/18] Loaded /opt/hostedtoolcache/CodeQL/2.23.8/x64/codeql/qlpacks/codeql/actions-queries/0.6.16/Security/CWE-312/SecretsInArtifacts.qlx.
2025-12-27T00:45:19.7988386Z [4/18] Loaded /opt/hostedtoolcache/CodeQL/2.23.8/x64/codeql/qlpacks/codeql/actions-queries/0.6.16/Security/CWE-829/ArtifactPoisoningCritical.qlx.
2025-12-27T00:45:19.8188172Z [5/18] Loaded /opt/hostedtoolcache/CodeQL/2.23.8/x64/codeql/qlpacks/codeql/actions-queries/0.6.16/Security/CWE-829/UntrustedCheckoutCritical.qlx.
2025-12-27T00:45:19.8383112Z [6/18] Loaded /opt/hostedtoolcache/CodeQL/2.23.8/x64/codeql/qlpacks/codeql/actions-queries/0.6.16/Security/CWE-829/UntrustedCheckoutHigh.qlx.
2025-12-27T00:45:19.8769650Z [7/18] Loaded /opt/hostedtoolcache/CodeQL/2.23.8/x64/codeql/qlpacks/codeql/actions-queries/0.6.16/Security/CWE-1395/UseOfKnownVulnerableAction.qlx.
2025-12-27T00:45:19.9897990Z [8/18] Loaded /opt/hostedtoolcache/CodeQL/2.23.8/x64/codeql/qlpacks/codeql/actions-queries/0.6.16/Security/CWE-094/CodeInjectionCritical.qlx.
2025-12-27T00:45:20.0172169Z [9/18] Loaded /opt/hostedtoolcache/CodeQL/2.23.8/x64/codeql/qlpacks/codeql/actions-queries/0.6.16/Security/CWE-367/UntrustedCheckoutTOCTOUCritical.qlx.
2025-12-27T00:45:20.0428279Z [10/18] Loaded /opt/hostedtoolcache/CodeQL/2.23.8/x64/codeql/qlpacks/codeql/actions-queries/0.6.16/Security/CWE-367/UntrustedCheckoutTOCTOUHigh.qlx.
2025-12-27T00:45:20.0434233Z [11/18] Loaded /opt/hostedtoolcache/CodeQL/2.23.8/x64/codeql/qlpacks/codeql/actions-queries/0.6.16/Security/CWE-275/MissingActionsPermissions.qlx.
2025-12-27T00:45:20.2308384Z [12/18] Loaded /opt/hostedtoolcache/CodeQL/2.23.8/x64/codeql/qlpacks/codeql/actions-queries/0.6.16/Security/CWE-285/ImproperAccessControl.qlx.
2025-12-27T00:45:20.3295460Z [13/18] Loaded /opt/hostedtoolcache/CodeQL/2.23.8/x64/codeql/qlpacks/codeql/actions-queries/0.6.16/Security/CWE-077/EnvVarInjectionCritical.qlx.
2025-12-27T00:45:20.3890273Z [14/18] Loaded /opt/hostedtoolcache/CodeQL/2.23.8/x64/codeql/qlpacks/codeql/actions-queries/0.6.16/Security/CWE-077/EnvPathInjectionCritical.qlx.
2025-12-27T00:45:20.4160854Z [15/18] Loaded /opt/hostedtoolcache/CodeQL/2.23.8/x64/codeql/qlpacks/codeql/actions-queries/0.6.16/Security/CWE-349/CachePoisoningViaCodeInjection.qlx.
2025-12-27T00:45:20.4431518Z [16/18] Loaded /opt/hostedtoolcache/CodeQL/2.23.8/x64/codeql/qlpacks/codeql/actions-queries/0.6.16/Diagnostics/SuccessfullyExtractedFiles.qlx.
2025-12-27T00:45:20.5811620Z [17/18] Loaded /opt/hostedtoolcache/CodeQL/2.23.8/x64/codeql/qlpacks/codeql/actions-queries/0.6.16/Security/CWE-349/CachePoisoningViaDirectCache.qlx.
2025-12-27T00:45:20.6036206Z [18/18] Loaded /opt/hostedtoolcache/CodeQL/2.23.8/x64/codeql/qlpacks/codeql/actions-queries/0.6.16/Security/CWE-349/CachePoisoningViaPoisonableStep.qlx.
2025-12-27T00:45:20.8766203Z Starting evaluation of codeql/actions-queries/Diagnostics/SuccessfullyExtractedFiles.ql.
2025-12-27T00:45:20.8768811Z Starting evaluation of codeql/actions-queries/Security/CWE-077/EnvPathInjectionCritical.ql.
2025-12-27T00:45:20.8782956Z Starting evaluation of codeql/actions-queries/Security/CWE-077/EnvVarInjectionCritical.ql.
2025-12-27T00:45:20.8789795Z Starting evaluation of codeql/actions-queries/Security/CWE-094/CodeInjectionCritical.ql.
2025-12-27T00:45:20.8850625Z Starting evaluation of codeql/actions-queries/Security/CWE-1395/UseOfKnownVulnerableAction.ql.
2025-12-27T00:45:20.8852001Z Starting evaluation of codeql/actions-queries/Security/CWE-275/MissingActionsPermissions.ql.
2025-12-27T00:45:20.8853968Z Starting evaluation of codeql/actions-queries/Security/CWE-285/ImproperAccessControl.ql.
2025-12-27T00:45:21.1157154Z [1/18 eval 228ms] Evaluation done; writing results to codeql/actions-queries/Diagnostics/SuccessfullyExtractedFiles.bqrs.
2025-12-27T00:45:21.1272810Z Starting evaluation of codeql/actions-queries/Security/CWE-312/ExcessiveSecretsExposure.ql.
2025-12-27T00:45:21.1280709Z Starting evaluation of codeql/actions-queries/Security/CWE-312/SecretsInArtifacts.ql.
2025-12-27T00:45:21.9375260Z [2/18 eval 1.1s] Evaluation done; writing results to codeql/actions-queries/Security/CWE-1395/UseOfKnownVulnerableAction.bqrs.
2025-12-27T00:45:21.9453594Z [3/18 eval 817ms] Evaluation done; writing results to codeql/actions-queries/Security/CWE-312/ExcessiveSecretsExposure.bqrs.
2025-12-27T00:45:22.1912100Z Starting evaluation of codeql/actions-queries/Security/CWE-312/UnmaskedSecretExposure.ql.
2025-12-27T00:45:22.1942147Z [4/18 eval 1.3s] Evaluation done; writing results to codeql/actions-queries/Security/CWE-285/ImproperAccessControl.bqrs.
2025-12-27T00:45:22.1946815Z Starting evaluation of codeql/actions-queries/Security/CWE-349/CachePoisoningViaCodeInjection.ql.
2025-12-27T00:45:22.1948558Z [5/18 eval 4ms] Evaluation done; writing results to codeql/actions-queries/Security/CWE-312/UnmaskedSecretExposure.bqrs.
2025-12-27T00:45:22.2096407Z [6/18 eval 1.1s] Evaluation done; writing results to codeql/actions-queries/Security/CWE-312/SecretsInArtifacts.bqrs.
2025-12-27T00:45:22.2129105Z Starting evaluation of codeql/actions-queries/Security/CWE-349/CachePoisoningViaDirectCache.ql.
2025-12-27T00:45:22.2175358Z [7/18 eval 1.3s] Evaluation done; writing results to codeql/actions-queries/Security/CWE-275/MissingActionsPermissions.bqrs.
2025-12-27T00:45:22.2246320Z Starting evaluation of codeql/actions-queries/Security/CWE-349/CachePoisoningViaPoisonableStep.ql.
2025-12-27T00:45:22.2250856Z Starting evaluation of codeql/actions-queries/Security/CWE-367/UntrustedCheckoutTOCTOUCritical.ql.
2025-12-27T00:45:22.2254211Z Starting evaluation of codeql/actions-queries/Security/CWE-367/UntrustedCheckoutTOCTOUHigh.ql.
2025-12-27T00:45:22.2468623Z Starting evaluation of codeql/actions-queries/Security/CWE-829/ArtifactPoisoningCritical.ql.
2025-12-27T00:45:22.2471340Z [8/18 eval 34ms] Evaluation done; writing results to codeql/actions-queries/Security/CWE-349/CachePoisoningViaDirectCache.bqrs.
2025-12-27T00:45:22.3734466Z Starting evaluation of codeql/actions-queries/Security/CWE-829/UntrustedCheckoutCritical.ql.
2025-12-27T00:45:22.3736071Z Starting evaluation of codeql/actions-queries/Security/CWE-829/UntrustedCheckoutHigh.ql.
2025-12-27T00:45:22.5927444Z [9/18 eval 1.7s] Evaluation done; writing results to codeql/actions-queries/Security/CWE-077/EnvPathInjectionCritical.bqrs.
2025-12-27T00:45:22.6168676Z [10/18 eval 1.7s] Evaluation done; writing results to codeql/actions-queries/Security/CWE-077/EnvVarInjectionCritical.bqrs.
2025-12-27T00:45:22.6257153Z [11/18 eval 1.7s] Evaluation done; writing results to codeql/actions-queries/Security/CWE-094/CodeInjectionCritical.bqrs.
2025-12-27T00:45:22.6423847Z [12/18 eval 270ms] Evaluation done; writing results to codeql/actions-queries/Security/CWE-829/UntrustedCheckoutHigh.bqrs.
2025-12-27T00:45:22.6556979Z [13/18 eval 432ms] Evaluation done; writing results to codeql/actions-queries/Security/CWE-367/UntrustedCheckoutTOCTOUCritical.bqrs.
2025-12-27T00:45:22.6560129Z [14/18 eval 431ms] Evaluation done; writing results to codeql/actions-queries/Security/CWE-367/UntrustedCheckoutTOCTOUHigh.bqrs.
2025-12-27T00:45:22.6685478Z [15/18 eval 474ms] Evaluation done; writing results to codeql/actions-queries/Security/CWE-349/CachePoisoningViaCodeInjection.bqrs.
2025-12-27T00:45:22.6803856Z [16/18 eval 456ms] Evaluation done; writing results to codeql/actions-queries/Security/CWE-349/CachePoisoningViaPoisonableStep.bqrs.
2025-12-27T00:45:22.6816121Z [17/18 eval 310ms] Evaluation done; writing results to codeql/actions-queries/Security/CWE-829/UntrustedCheckoutCritical.bqrs.
2025-12-27T00:45:22.7099987Z [18/18 eval 467ms] Evaluation done; writing results to codeql/actions-queries/Security/CWE-829/ArtifactPoisoningCritical.bqrs.
2025-12-27T00:45:22.7105597Z Shutting down query evaluator.
2025-12-27T00:45:22.7598462Z Interpreting code scanning results for actions
2025-12-27T00:45:23.5132801Z Writing logs to /home/runner/work/_temp/codeql_databases/actions/log/database-interpret-results-20251227.004523.509.log.
2025-12-27T00:45:23.6659265Z Recording pack reference codeql/actions-queries at /opt/hostedtoolcache/CodeQL/2.23.8/x64/codeql/qlpacks/codeql/actions-queries/0.6.16.
2025-12-27T00:45:23.6887879Z Resolving extensions
2025-12-27T00:45:24.5358916Z Interpreting /opt/hostedtoolcache/CodeQL/2.23.8/x64/codeql/qlpacks/codeql/actions-queries/0.6.16/Security/CWE-312/UnmaskedSecretExposure.ql...
2025-12-27T00:45:24.5672863Z  ... found results file at /home/runner/work/_temp/codeql_databases/actions/results/codeql/actions-queries/Security/CWE-312/UnmaskedSecretExposure.bqrs.
2025-12-27T00:45:24.5844414Z Interpreting /opt/hostedtoolcache/CodeQL/2.23.8/x64/codeql/qlpacks/codeql/actions-queries/0.6.16/Security/CWE-312/SecretsInArtifacts.ql...
2025-12-27T00:45:24.5992786Z  ... found results file at /home/runner/work/_temp/codeql_databases/actions/results/codeql/actions-queries/Security/CWE-312/SecretsInArtifacts.bqrs.
2025-12-27T00:45:24.6007851Z Interpreting /opt/hostedtoolcache/CodeQL/2.23.8/x64/codeql/qlpacks/codeql/actions-queries/0.6.16/Security/CWE-312/ExcessiveSecretsExposure.ql...
2025-12-27T00:45:24.6139970Z  ... found results file at /home/runner/work/_temp/codeql_databases/actions/results/codeql/actions-queries/Security/CWE-312/ExcessiveSecretsExposure.bqrs.
2025-12-27T00:45:24.6149372Z Interpreting /opt/hostedtoolcache/CodeQL/2.23.8/x64/codeql/qlpacks/codeql/actions-queries/0.6.16/Security/CWE-829/ArtifactPoisoningCritical.ql...
2025-12-27T00:45:24.6294299Z  ... found results file at /home/runner/work/_temp/codeql_databases/actions/results/codeql/actions-queries/Security/CWE-829/ArtifactPoisoningCritical.bqrs.
2025-12-27T00:45:24.6350565Z Interpreting /opt/hostedtoolcache/CodeQL/2.23.8/x64/codeql/qlpacks/codeql/actions-queries/0.6.16/Security/CWE-829/UntrustedCheckoutCritical.ql...
2025-12-27T00:45:24.6413656Z  ... found results file at /home/runner/work/_temp/codeql_databases/actions/results/codeql/actions-queries/Security/CWE-829/UntrustedCheckoutCritical.bqrs.
2025-12-27T00:45:24.6420916Z Interpreting /opt/hostedtoolcache/CodeQL/2.23.8/x64/codeql/qlpacks/codeql/actions-queries/0.6.16/Security/CWE-829/UntrustedCheckoutHigh.ql...
2025-12-27T00:45:24.6523216Z  ... found results file at /home/runner/work/_temp/codeql_databases/actions/results/codeql/actions-queries/Security/CWE-829/UntrustedCheckoutHigh.bqrs.
2025-12-27T00:45:24.6530428Z Interpreting /opt/hostedtoolcache/CodeQL/2.23.8/x64/codeql/qlpacks/codeql/actions-queries/0.6.16/Security/CWE-1395/UseOfKnownVulnerableAction.ql...
2025-12-27T00:45:24.6623775Z  ... found results file at /home/runner/work/_temp/codeql_databases/actions/results/codeql/actions-queries/Security/CWE-1395/UseOfKnownVulnerableAction.bqrs.
2025-12-27T00:45:24.6660869Z Interpreting /opt/hostedtoolcache/CodeQL/2.23.8/x64/codeql/qlpacks/codeql/actions-queries/0.6.16/Security/CWE-094/CodeInjectionCritical.ql...
2025-12-27T00:45:24.6720772Z  ... found results file at /home/runner/work/_temp/codeql_databases/actions/results/codeql/actions-queries/Security/CWE-094/CodeInjectionCritical.bqrs.
2025-12-27T00:45:24.6728689Z Interpreting /opt/hostedtoolcache/CodeQL/2.23.8/x64/codeql/qlpacks/codeql/actions-queries/0.6.16/Security/CWE-367/UntrustedCheckoutTOCTOUCritical.ql...
2025-12-27T00:45:24.6806778Z  ... found results file at /home/runner/work/_temp/codeql_databases/actions/results/codeql/actions-queries/Security/CWE-367/UntrustedCheckoutTOCTOUCritical.bqrs.
2025-12-27T00:45:24.6814058Z Interpreting /opt/hostedtoolcache/CodeQL/2.23.8/x64/codeql/qlpacks/codeql/actions-queries/0.6.16/Security/CWE-367/UntrustedCheckoutTOCTOUHigh.ql...
2025-12-27T00:45:24.6928541Z  ... found results file at /home/runner/work/_temp/codeql_databases/actions/results/codeql/actions-queries/Security/CWE-367/UntrustedCheckoutTOCTOUHigh.bqrs.
2025-12-27T00:45:24.6954693Z Interpreting /opt/hostedtoolcache/CodeQL/2.23.8/x64/codeql/qlpacks/codeql/actions-queries/0.6.16/Security/CWE-275/MissingActionsPermissions.ql...
2025-12-27T00:45:24.7006923Z  ... found results file at /home/runner/work/_temp/codeql_databases/actions/results/codeql/actions-queries/Security/CWE-275/MissingActionsPermissions.bqrs.
2025-12-27T00:45:24.7015963Z Interpreting /opt/hostedtoolcache/CodeQL/2.23.8/x64/codeql/qlpacks/codeql/actions-queries/0.6.16/Security/CWE-077/EnvVarInjectionCritical.ql...
2025-12-27T00:45:24.7096581Z  ... found results file at /home/runner/work/_temp/codeql_databases/actions/results/codeql/actions-queries/Security/CWE-077/EnvVarInjectionCritical.bqrs.
2025-12-27T00:45:24.7103988Z Interpreting /opt/hostedtoolcache/CodeQL/2.23.8/x64/codeql/qlpacks/codeql/actions-queries/0.6.16/Security/CWE-077/EnvPathInjectionCritical.ql...
2025-12-27T00:45:24.7182039Z  ... found results file at /home/runner/work/_temp/codeql_databases/actions/results/codeql/actions-queries/Security/CWE-077/EnvPathInjectionCritical.bqrs.
2025-12-27T00:45:24.7205062Z Interpreting /opt/hostedtoolcache/CodeQL/2.23.8/x64/codeql/qlpacks/codeql/actions-queries/0.6.16/Security/CWE-285/ImproperAccessControl.ql...
2025-12-27T00:45:24.7265896Z  ... found results file at /home/runner/work/_temp/codeql_databases/actions/results/codeql/actions-queries/Security/CWE-285/ImproperAccessControl.bqrs.
2025-12-27T00:45:24.7275605Z Interpreting /opt/hostedtoolcache/CodeQL/2.23.8/x64/codeql/qlpacks/codeql/actions-queries/0.6.16/Security/CWE-349/CachePoisoningViaCodeInjection.ql...
2025-12-27T00:45:24.7375764Z  ... found results file at /home/runner/work/_temp/codeql_databases/actions/results/codeql/actions-queries/Security/CWE-349/CachePoisoningViaCodeInjection.bqrs.
2025-12-27T00:45:24.7378979Z Interpreting /opt/hostedtoolcache/CodeQL/2.23.8/x64/codeql/qlpacks/codeql/actions-queries/0.6.16/Security/CWE-349/CachePoisoningViaPoisonableStep.ql...
2025-12-27T00:45:24.7438257Z  ... found results file at /home/runner/work/_temp/codeql_databases/actions/results/codeql/actions-queries/Security/CWE-349/CachePoisoningViaPoisonableStep.bqrs.
2025-12-27T00:45:24.7445230Z Interpreting /opt/hostedtoolcache/CodeQL/2.23.8/x64/codeql/qlpacks/codeql/actions-queries/0.6.16/Security/CWE-349/CachePoisoningViaDirectCache.ql...
2025-12-27T00:45:24.7517097Z  ... found results file at /home/runner/work/_temp/codeql_databases/actions/results/codeql/actions-queries/Security/CWE-349/CachePoisoningViaDirectCache.bqrs.
2025-12-27T00:45:24.7522262Z Interpreting /opt/hostedtoolcache/CodeQL/2.23.8/x64/codeql/qlpacks/codeql/actions-queries/0.6.16/Diagnostics/SuccessfullyExtractedFiles.ql...
2025-12-27T00:45:24.7595462Z  ... found results file at /home/runner/work/_temp/codeql_databases/actions/results/codeql/actions-queries/Diagnostics/SuccessfullyExtractedFiles.bqrs.
2025-12-27T00:45:24.8714417Z Interpreted problem query "Unmasked Secret Exposure" (actions/unmasked-secret-exposure) at path /home/runner/work/_temp/codeql_databases/actions/results/codeql/actions-queries/Security/CWE-312/UnmaskedSecretExposure.bqrs.
2025-12-27T00:45:24.8718506Z Interpreted problem query "Storage of sensitive information in GitHub Actions artifact" (actions/secrets-in-artifacts) at path /home/runner/work/_temp/codeql_databases/actions/results/codeql/actions-queries/Security/CWE-312/SecretsInArtifacts.bqrs.
2025-12-27T00:45:24.8721615Z Interpreted problem query "Excessive Secrets Exposure" (actions/excessive-secrets-exposure) at path /home/runner/work/_temp/codeql_databases/actions/results/codeql/actions-queries/Security/CWE-312/ExcessiveSecretsExposure.bqrs.
2025-12-27T00:45:24.8744228Z Interpreted pathproblem query "Artifact poisoning" (actions/artifact-poisoning/critical) at path /home/runner/work/_temp/codeql_databases/actions/results/codeql/actions-queries/Security/CWE-829/ArtifactPoisoningCritical.bqrs.
2025-12-27T00:45:24.8747764Z Interpreted pathproblem query "Checkout of untrusted code in a privileged context" (actions/untrusted-checkout/critical) at path /home/runner/work/_temp/codeql_databases/actions/results/codeql/actions-queries/Security/CWE-829/UntrustedCheckoutCritical.bqrs.
2025-12-27T00:45:24.8751949Z Interpreted problem query "Checkout of untrusted code in trusted context" (actions/untrusted-checkout/high) at path /home/runner/work/_temp/codeql_databases/actions/results/codeql/actions-queries/Security/CWE-829/UntrustedCheckoutHigh.bqrs.
2025-12-27T00:45:24.8788353Z Interpreted problem query "Use of a known vulnerable action" (actions/vulnerable-action) at path /home/runner/work/_temp/codeql_databases/actions/results/codeql/actions-queries/Security/CWE-1395/UseOfKnownVulnerableAction.bqrs.
2025-12-27T00:45:24.8791235Z Interpreted pathproblem query "Code injection" (actions/code-injection/critical) at path /home/runner/work/_temp/codeql_databases/actions/results/codeql/actions-queries/Security/CWE-094/CodeInjectionCritical.bqrs.
2025-12-27T00:45:24.8794844Z Interpreted pathproblem query "Untrusted Checkout TOCTOU" (actions/untrusted-checkout-toctou/critical) at path /home/runner/work/_temp/codeql_databases/actions/results/codeql/actions-queries/Security/CWE-367/UntrustedCheckoutTOCTOUCritical.bqrs.
2025-12-27T00:45:24.8799452Z Interpreted problem query "Untrusted Checkout TOCTOU" (actions/untrusted-checkout-toctou/high) at path /home/runner/work/_temp/codeql_databases/actions/results/codeql/actions-queries/Security/CWE-367/UntrustedCheckoutTOCTOUHigh.bqrs.
2025-12-27T00:45:24.8803012Z Interpreted problem query "Workflow does not contain permissions" (actions/missing-workflow-permissions) at path /home/runner/work/_temp/codeql_databases/actions/results/codeql/actions-queries/Security/CWE-275/MissingActionsPermissions.bqrs.
2025-12-27T00:45:24.8806349Z Interpreted pathproblem query "Environment variable built from user-controlled sources" (actions/envvar-injection/critical) at path /home/runner/work/_temp/codeql_databases/actions/results/codeql/actions-queries/Security/CWE-077/EnvVarInjectionCritical.bqrs.
2025-12-27T00:45:24.8815185Z Interpreted pathproblem query "PATH environment variable built from user-controlled sources" (actions/envpath-injection/critical) at path /home/runner/work/_temp/codeql_databases/actions/results/codeql/actions-queries/Security/CWE-077/EnvPathInjectionCritical.bqrs.
2025-12-27T00:45:24.8830965Z Interpreted problem query "Improper Access Control" (actions/improper-access-control) at path /home/runner/work/_temp/codeql_databases/actions/results/codeql/actions-queries/Security/CWE-285/ImproperAccessControl.bqrs.
2025-12-27T00:45:24.8834056Z Interpreted pathproblem query "Cache Poisoning via low-privileged code injection" (actions/cache-poisoning/code-injection) at path /home/runner/work/_temp/codeql_databases/actions/results/codeql/actions-queries/Security/CWE-349/CachePoisoningViaCodeInjection.bqrs.
2025-12-27T00:45:24.8837533Z Interpreted pathproblem query "Cache Poisoning via execution of untrusted code" (actions/cache-poisoning/poisonable-step) at path /home/runner/work/_temp/codeql_databases/actions/results/codeql/actions-queries/Security/CWE-349/CachePoisoningViaPoisonableStep.bqrs.
2025-12-27T00:45:24.8840763Z Interpreted pathproblem query "Cache Poisoning via caching of untrusted files" (actions/cache-poisoning/direct-cache) at path /home/runner/work/_temp/codeql_databases/actions/results/codeql/actions-queries/Security/CWE-349/CachePoisoningViaDirectCache.bqrs.
2025-12-27T00:45:24.8843802Z Interpreted diagnostic query "Extracted files" (actions/diagnostics/successfully-extracted-files) at path /home/runner/work/_temp/codeql_databases/actions/results/codeql/actions-queries/Diagnostics/SuccessfullyExtractedFiles.bqrs.
2025-12-27T00:45:24.8845680Z Reading source archive /home/runner/work/_temp/codeql_databases/actions/src.zip
2025-12-27T00:45:24.9911155Z Interpreting file coverage baseline information
2025-12-27T00:45:24.9919798Z Finished interpreting file coverage baseline information.
2025-12-27T00:45:24.9926195Z Interpreting diagnostic messages...
2025-12-27T00:45:25.0295027Z Found 3 raw diagnostic messages.
2025-12-27T00:45:25.0386179Z Processed diagnostic messages (removed 0 due to limits, created 0 summary diagnostics for status page).
2025-12-27T00:45:25.0412527Z Interpreted diagnostic messages (46ms).
2025-12-27T00:45:25.2535706Z Exporting results to SARIF...
2025-12-27T00:45:25.3987837Z Exported results to SARIF (145ms).
2025-12-27T00:45:25.4323439Z ##[endgroup]
2025-12-27T00:45:25.4324468Z CodeQL scanned 5 out of 5 GitHub Actions files in this invocation. Check the status page for overall coverage information: https://github.com/Boss-1s/scratchattach/security/code-scanning/tools/CodeQL/status/
2025-12-27T00:45:25.4325273Z 
2025-12-27T00:45:25.4336141Z Post-processing sarif files: ["/home/runner/work/scratchattach/results/actions.sarif"]
2025-12-27T00:45:25.4351966Z Adding fingerprints to SARIF file. See https://docs.github.com/en/enterprise-cloud@latest/code-security/code-scanning/integrating-with-code-scanning/sarif-support-for-code-scanning#providing-data-to-track-code-scanning-alerts-across-runs for more information.
2025-12-27T00:45:25.4415910Z ##[group]Uploading code scanning results
2025-12-27T00:45:25.4520822Z Uploading results
2025-12-27T00:45:25.6997122Z Successfully uploaded results
2025-12-27T00:45:25.6998013Z ##[endgroup]
2025-12-27T00:45:25.7003968Z ##[group]Cleaning up databases
2025-12-27T00:45:25.7005474Z [command]/opt/hostedtoolcache/CodeQL/2.23.8/x64/codeql/codeql database cleanup /home/runner/work/_temp/codeql_databases/actions --cache-cleanup=clear
2025-12-27T00:45:26.4193774Z Cleaning up existing TRAP files after import...
2025-12-27T00:45:26.4240414Z TRAP files cleaned up (3ms).
2025-12-27T00:45:26.4241136Z Cleaning up scratch directory...
2025-12-27T00:45:26.4258495Z Scratch directory cleaned up (0ms).
2025-12-27T00:45:26.4693841Z ##[endgroup]
2025-12-27T00:45:26.4704078Z [command]/opt/hostedtoolcache/CodeQL/2.23.8/x64/codeql/codeql database bundle /home/runner/work/_temp/codeql_databases/actions --output=/home/runner/work/_temp/codeql_databases/actions.zip --name=actions
2025-12-27T00:45:27.3602993Z Creating bundle metadata for /home/runner/work/_temp/codeql_databases/actions...
2025-12-27T00:45:27.7067564Z Creating zip file at /home/runner/work/_temp/codeql_databases/actions.zip.
2025-12-27T00:45:28.2854583Z Skipping upload of TRAP cache for actions as it is too small
2025-12-27T00:45:28.2859282Z Skipping upload of dependency cache for actions as we have no caching configuration for it.
2025-12-27T00:45:28.2861270Z ##[group]Waiting for processing to finish
2025-12-27T00:45:28.4415608Z Analysis upload status is complete.
2025-12-27T00:45:28.4416484Z ##[endgroup]
2025-12-27T00:45:28.6612298Z Post job cleanup.
2025-12-27T00:45:29.5534015Z Post job cleanup.
2025-12-27T00:45:29.7576821Z Post job cleanup.
2025-12-27T00:45:30.9296892Z CodeQL job status was success.
2025-12-27T00:45:30.9305992Z Sending status report for init-post step.
2025-12-27T00:45:31.0490138Z Status report sent for init-post step.
2025-12-27T00:45:31.0632661Z Post job cleanup.
2025-12-27T00:45:31.1606340Z [command]/usr/bin/git version
2025-12-27T00:45:31.1644309Z git version 2.52.0
2025-12-27T00:45:31.1691143Z Temporarily overriding HOME='/home/runner/work/_temp/e9240b50-e47d-49fc-9f65-397cf27c5eba' before making global git config changes
2025-12-27T00:45:31.1692421Z Adding repository directory to the temporary git global config as a safe directory
2025-12-27T00:45:31.1698201Z [command]/usr/bin/git config --global --add safe.directory /home/runner/work/scratchattach/scratchattach
2025-12-27T00:45:31.1737778Z [command]/usr/bin/git config --local --name-only --get-regexp core\.sshCommand
2025-12-27T00:45:31.1772301Z [command]/usr/bin/git submodule foreach --recursive sh -c "git config --local --name-only --get-regexp 'core\.sshCommand' && git config --local --unset-all 'core.sshCommand' || :"
2025-12-27T00:45:31.2012599Z [command]/usr/bin/git config --local --name-only --get-regexp http\.https\:\/\/github\.com\/\.extraheader
2025-12-27T00:45:31.2035520Z http.https://github.com/.extraheader
2025-12-27T00:45:31.2048231Z [command]/usr/bin/git config --local --unset-all http.https://github.com/.extraheader
2025-12-27T00:45:31.2080513Z [command]/usr/bin/git submodule foreach --recursive sh -c "git config --local --name-only --get-regexp 'http\.https\:\/\/github\.com\/\.extraheader' && git config --local --unset-all 'http.https://github.com/.extraheader' || :"
2025-12-27T00:45:31.2311069Z [command]/usr/bin/git config --local --name-only --get-regexp ^includeIf\.gitdir:
2025-12-27T00:45:31.2346492Z [command]/usr/bin/git submodule foreach --recursive git config --local --show-origin --name-only --get-regexp remote.origin.url
2025-12-27T00:45:31.2688124Z Cleaning up orphan processes
