2026-01-04T02:08:21.0668473Z Current runner version: '2.330.0'
2026-01-04T02:08:21.0701565Z ##[group]Runner Image Provisioner
2026-01-04T02:08:21.0702686Z Hosted Compute Agent
2026-01-04T02:08:21.0703530Z Version: 20251211.462
2026-01-04T02:08:21.0704697Z Commit: 6cbad8c2bb55d58165063d031ccabf57e2d2db61
2026-01-04T02:08:21.0706087Z Build Date: 2025-12-11T16:28:49Z
2026-01-04T02:08:21.0707186Z Worker ID: {49bbf9dd-e2d0-4c71-a956-634d315dd896}
2026-01-04T02:08:21.0708534Z ##[endgroup]
2026-01-04T02:08:21.0709380Z ##[group]Operating System
2026-01-04T02:08:21.0710229Z Ubuntu
2026-01-04T02:08:21.0711082Z 24.04.3
2026-01-04T02:08:21.0711749Z LTS
2026-01-04T02:08:21.0712490Z ##[endgroup]
2026-01-04T02:08:21.0713464Z ##[group]Runner Image
2026-01-04T02:08:21.0714489Z Image: ubuntu-24.04
2026-01-04T02:08:21.0715649Z Version: 20251215.174.1
2026-01-04T02:08:21.0717498Z Included Software: https://github.com/actions/runner-images/blob/ubuntu24/20251215.174/images/ubuntu/Ubuntu2404-Readme.md
2026-01-04T02:08:21.0720252Z Image Release: https://github.com/actions/runner-images/releases/tag/ubuntu24%2F20251215.174
2026-01-04T02:08:21.0722126Z ##[endgroup]
2026-01-04T02:08:21.0724183Z ##[group]GITHUB_TOKEN Permissions
2026-01-04T02:08:21.0727262Z Actions: read
2026-01-04T02:08:21.0728044Z Contents: read
2026-01-04T02:08:21.0728932Z Metadata: read
2026-01-04T02:08:21.0729716Z Packages: read
2026-01-04T02:08:21.0730586Z SecurityEvents: write
2026-01-04T02:08:21.0731521Z ##[endgroup]
2026-01-04T02:08:21.0734873Z Secret source: Actions
2026-01-04T02:08:21.0736504Z Prepare workflow directory
2026-01-04T02:08:21.1481735Z Prepare all required actions
2026-01-04T02:08:21.1539482Z Getting action download info
2026-01-04T02:08:21.3794613Z Download action repository 'actions/checkout@v4' (SHA:34e114876b0b11c390a56381ad16ebd13914f8d5)
2026-01-04T02:08:21.4759203Z Download action repository 'github/codeql-action@v4' (SHA:5d4e8d1aca955e8d8589aabd499c5cae939e33c7)
2026-01-04T02:08:22.6838419Z Complete job name: Analyze (actions)
2026-01-04T02:08:22.7735052Z ##[group]Run actions/checkout@v4
2026-01-04T02:08:22.7736586Z with:
2026-01-04T02:08:22.7737359Z   repository: Boss-1s/scratchattach
2026-01-04T02:08:22.7738639Z   token: ***
2026-01-04T02:08:22.7739376Z   ssh-strict: true
2026-01-04T02:08:22.7740135Z   ssh-user: git
2026-01-04T02:08:22.7740918Z   persist-credentials: true
2026-01-04T02:08:22.7741787Z   clean: true
2026-01-04T02:08:22.7742572Z   sparse-checkout-cone-mode: true
2026-01-04T02:08:22.7743547Z   fetch-depth: 1
2026-01-04T02:08:22.7744308Z   fetch-tags: false
2026-01-04T02:08:22.7745104Z   show-progress: true
2026-01-04T02:08:22.7746074Z   lfs: false
2026-01-04T02:08:22.7746833Z   submodules: false
2026-01-04T02:08:22.7747664Z   set-safe-directory: true
2026-01-04T02:08:22.7748787Z env:
2026-01-04T02:08:22.7749536Z   CODE_SCANNING_REF: refs/heads/main
2026-01-04T02:08:22.7750569Z   CODE_SCANNING_BASE_BRANCH: 
2026-01-04T02:08:22.7751608Z   CODE_SCANNING_IS_ANALYZING_DEFAULT_BRANCH: true
2026-01-04T02:08:22.7752928Z   CODE_SCANNING_IS_STEADY_STATE_DEFAULT_SETUP: true
2026-01-04T02:08:22.7777563Z   CODE_SCANNING_WORKFLOW_FILE: H4sIAAAAAAAA/6RV32/bNhB+919x8AakfZDzsicBBaY4cuLNsFNJQZcVBUFTJ5mLTKr8kVTt8r8PFKVYWuM5Q/1kHj9+vLvv40nQPYYwncsc36+mE2VF4EM/f/sGJTc7u53hAwoz46K2Rs+YzJFoRoXgoiTKCuLw8PQ0kSKEvBF0z9lkguIhnADMN5cxSefRer1cX5EkXryaGAvH+W+GiyiNyUUSrefXr2XaUo1kq6hgu5cYlymJ1tHq7k+3uIwX0e0q+583cE2ooFXz1S1yLKitzH/fmGZxdHlH0izK4udL0zi7vQnBKIvfnfmwSX5frDYfyGK5il+b16NU90UlH0nBq1ahyV9yq50sPl10fwG83pEPwRvHvadG8S+ziorS0tKdfdtClRU6cDo7UKHk/rd0s37ToZUVAtVbXzJAjWrPteZSaH8PAGWmXYJCmncxJoVBYcbBmrJ7WuI4qJFZxU0TtCXrEB4VNzjpSbiwGEgRoFJShVDQSvtNbRQ1WDZ9FgXlVVBQbYYg6GruQQBcsMrmeAgABNB3JOxrGewCMHePVE0I58/Al3Bby6s82MscQxBS4GjTtzGEs49Tu7XC2KCiBrWZfjo7kkrdmJ0UJzN5AfZDiWiDdSdt0JlovkN2L60BhbXU3EjVdJRWOzW7ZpyzDvfrwy+TEcFScMNpxb8i+JE0Ou4tf+5c/rkKPNk5F7zl8cBHbnYHyVqfa66Dey5yHYI7GfTv4xnVd0h7X39v/slL/RpAD+EhOMcaRY6CNQGjbMdF6Q/5vs5QPHAlxR6FgXfv4MwXF+ykNpifDYk+W1TcZTedwk9w6QdMG21A2/4NdO+g4GUIfw+E7AZSoNHYOhwpLFU5DgC4IqrAvT8dwsdXDhovCGlPwdMTfBqQmp1CatrmVC1lt9srnrq0oFbySwOFVKCw5Nq4ejsSnod++7QVtKHKBC34mCMO9IQpzFE4u3XCa2QKjZ5dLbPr2wuSxFfLNEuWcUpuks0fd0NJDo/viGPGtr5BVUi17zztZ63m+nRF3aA+VNN9V/3PfSPer3x25HqTZl0d7mHO2jbMpDWtYO2KOHMNyxgR3GySkwS1VMcJ5hGZx0m2XCznURafomKUMFSGF9wNq6Okt8kqPUVlVaUPBGPBD5NwoFQfdIf+CQAA//+2RVGDAgkAAA==
2026-01-04T02:08:22.7801260Z ##[endgroup]
2026-01-04T02:08:22.8988588Z Syncing repository: Boss-1s/scratchattach
2026-01-04T02:08:22.8992613Z ##[group]Getting Git version info
2026-01-04T02:08:22.8995104Z Working directory is '/home/runner/work/scratchattach/scratchattach'
2026-01-04T02:08:22.8998843Z [command]/usr/bin/git version
2026-01-04T02:08:22.9511657Z git version 2.52.0
2026-01-04T02:08:22.9550828Z ##[endgroup]
2026-01-04T02:08:22.9563329Z Temporarily overriding HOME='/home/runner/work/_temp/ac17a82c-defb-404e-b2a0-395f37e94aac' before making global git config changes
2026-01-04T02:08:22.9567089Z Adding repository directory to the temporary git global config as a safe directory
2026-01-04T02:08:22.9575130Z [command]/usr/bin/git config --global --add safe.directory /home/runner/work/scratchattach/scratchattach
2026-01-04T02:08:22.9912228Z Deleting the contents of '/home/runner/work/scratchattach/scratchattach'
2026-01-04T02:08:22.9916286Z ##[group]Initializing the repository
2026-01-04T02:08:22.9920433Z [command]/usr/bin/git init /home/runner/work/scratchattach/scratchattach
2026-01-04T02:08:23.2052313Z hint: Using 'master' as the name for the initial branch. This default branch name
2026-01-04T02:08:23.2055746Z hint: will change to "main" in Git 3.0. To configure the initial branch name
2026-01-04T02:08:23.2058746Z hint: to use in all of your new repositories, which will suppress this warning,
2026-01-04T02:08:23.2061095Z hint: call:
2026-01-04T02:08:23.2062398Z hint:
2026-01-04T02:08:23.2064009Z hint: 	git config --global init.defaultBranch <name>
2026-01-04T02:08:23.2066128Z hint:
2026-01-04T02:08:23.2067960Z hint: Names commonly chosen instead of 'master' are 'main', 'trunk' and
2026-01-04T02:08:23.2071291Z hint: 'development'. The just-created branch can be renamed via this command:
2026-01-04T02:08:23.2073867Z hint:
2026-01-04T02:08:23.2075206Z hint: 	git branch -m <name>
2026-01-04T02:08:23.2076844Z hint:
2026-01-04T02:08:23.2078772Z hint: Disable this message with "git config set advice.defaultBranchName false"
2026-01-04T02:08:23.2082200Z Initialized empty Git repository in /home/runner/work/scratchattach/scratchattach/.git/
2026-01-04T02:08:23.2086044Z [command]/usr/bin/git remote add origin https://github.com/Boss-1s/scratchattach
2026-01-04T02:08:23.2417135Z ##[endgroup]
2026-01-04T02:08:23.2418522Z ##[group]Disabling automatic garbage collection
2026-01-04T02:08:23.2422390Z [command]/usr/bin/git config --local gc.auto 0
2026-01-04T02:08:23.2462081Z ##[endgroup]
2026-01-04T02:08:23.2463579Z ##[group]Setting up auth
2026-01-04T02:08:23.2471674Z [command]/usr/bin/git config --local --name-only --get-regexp core\.sshCommand
2026-01-04T02:08:23.2506746Z [command]/usr/bin/git submodule foreach --recursive sh -c "git config --local --name-only --get-regexp 'core\.sshCommand' && git config --local --unset-all 'core.sshCommand' || :"
2026-01-04T02:08:23.7736216Z [command]/usr/bin/git config --local --name-only --get-regexp http\.https\:\/\/github\.com\/\.extraheader
2026-01-04T02:08:23.7768510Z [command]/usr/bin/git submodule foreach --recursive sh -c "git config --local --name-only --get-regexp 'http\.https\:\/\/github\.com\/\.extraheader' && git config --local --unset-all 'http.https://github.com/.extraheader' || :"
2026-01-04T02:08:23.7984874Z [command]/usr/bin/git config --local --name-only --get-regexp ^includeIf\.gitdir:
2026-01-04T02:08:23.8024605Z [command]/usr/bin/git submodule foreach --recursive git config --local --show-origin --name-only --get-regexp remote.origin.url
2026-01-04T02:08:23.8247286Z [command]/usr/bin/git config --local http.https://github.com/.extraheader AUTHORIZATION: basic ***
2026-01-04T02:08:23.8279660Z ##[endgroup]
2026-01-04T02:08:23.8280202Z ##[group]Fetching the repository
2026-01-04T02:08:23.8287601Z [command]/usr/bin/git -c protocol.version=2 fetch --no-tags --prune --no-recurse-submodules --depth=1 origin +f9867de43a96a0d9d31b27d91e826a37a90adc39:refs/remotes/origin/main
2026-01-04T02:08:31.4870553Z From https://github.com/Boss-1s/scratchattach
2026-01-04T02:08:31.4871436Z  * [new ref]         f9867de43a96a0d9d31b27d91e826a37a90adc39 -> origin/main
2026-01-04T02:08:31.4899466Z ##[endgroup]
2026-01-04T02:08:31.4899813Z ##[group]Determining the checkout info
2026-01-04T02:08:31.4901460Z ##[endgroup]
2026-01-04T02:08:31.4909440Z [command]/usr/bin/git sparse-checkout disable
2026-01-04T02:08:31.4973936Z [command]/usr/bin/git config --local --unset-all extensions.worktreeConfig
2026-01-04T02:08:31.5000511Z ##[group]Checking out the ref
2026-01-04T02:08:31.5006617Z [command]/usr/bin/git checkout --progress --force -B main refs/remotes/origin/main
2026-01-04T02:08:32.6524468Z Updating files:  91% (2611/2846)
2026-01-04T02:08:32.8567272Z Updating files:  92% (2619/2846)
2026-01-04T02:08:33.1415058Z Updating files:  93% (2647/2846)
2026-01-04T02:08:33.1446888Z Updating files:  94% (2676/2846)
2026-01-04T02:08:33.1481386Z Updating files:  95% (2704/2846)
2026-01-04T02:08:33.3411595Z Updating files:  96% (2733/2846)
2026-01-04T02:08:33.3438484Z Updating files:  97% (2761/2846)
2026-01-04T02:08:33.5292427Z Updating files:  98% (2790/2846)
2026-01-04T02:08:33.5633222Z Updating files:  98% (2812/2846)
2026-01-04T02:08:33.8557908Z Updating files:  99% (2818/2846)
2026-01-04T02:08:33.8558520Z Updating files: 100% (2846/2846)
2026-01-04T02:08:33.8559113Z Updating files: 100% (2846/2846), done.
2026-01-04T02:08:33.8591045Z Switched to a new branch 'main'
2026-01-04T02:08:33.8594603Z branch 'main' set up to track 'origin/main'.
2026-01-04T02:08:33.8694552Z ##[endgroup]
2026-01-04T02:08:33.8741720Z [command]/usr/bin/git log -1 --format=%H
2026-01-04T02:08:33.8765625Z f9867de43a96a0d9d31b27d91e826a37a90adc39
2026-01-04T02:08:33.9033320Z ##[group]Run github/codeql-action/init@v4
2026-01-04T02:08:33.9033607Z with:
2026-01-04T02:08:33.9033791Z   analysis-kinds: code-scanning
2026-01-04T02:08:33.9034047Z   languages: actions
2026-01-04T02:08:33.9034257Z   build-mode: none
2026-01-04T02:08:33.9034443Z   dependency-caching: true
2026-01-04T02:08:33.9034756Z   config: default-setup:
  org:
    model-packs: [  ]
threat-models: [  ]

2026-01-04T02:08:33.9035231Z   token: ***
2026-01-04T02:08:33.9035824Z   matrix: {
  "language": "actions",
  "category": "/language:actions",
  "build-mode": "none",
  "runner": "[\"ubuntu-latest\"]"
}
2026-01-04T02:08:33.9036282Z   debug: false
2026-01-04T02:08:33.9036441Z env:
2026-01-04T02:08:33.9036612Z   CODE_SCANNING_REF: refs/heads/main
2026-01-04T02:08:33.9036843Z   CODE_SCANNING_BASE_BRANCH: 
2026-01-04T02:08:33.9037088Z   CODE_SCANNING_IS_ANALYZING_DEFAULT_BRANCH: true
2026-01-04T02:08:33.9037386Z   CODE_SCANNING_IS_STEADY_STATE_DEFAULT_SETUP: true
2026-01-04T02:08:33.9043132Z   CODE_SCANNING_WORKFLOW_FILE: H4sIAAAAAAAA/6RV32/bNhB+919x8AakfZDzsicBBaY4cuLNsFNJQZcVBUFTJ5mLTKr8kVTt8r8PFKVYWuM5Q/1kHj9+vLvv40nQPYYwncsc36+mE2VF4EM/f/sGJTc7u53hAwoz46K2Rs+YzJFoRoXgoiTKCuLw8PQ0kSKEvBF0z9lkguIhnADMN5cxSefRer1cX5EkXryaGAvH+W+GiyiNyUUSrefXr2XaUo1kq6hgu5cYlymJ1tHq7k+3uIwX0e0q+583cE2ooFXz1S1yLKitzH/fmGZxdHlH0izK4udL0zi7vQnBKIvfnfmwSX5frDYfyGK5il+b16NU90UlH0nBq1ahyV9yq50sPl10fwG83pEPwRvHvadG8S+ziorS0tKdfdtClRU6cDo7UKHk/rd0s37ToZUVAtVbXzJAjWrPteZSaH8PAGWmXYJCmncxJoVBYcbBmrJ7WuI4qJFZxU0TtCXrEB4VNzjpSbiwGEgRoFJShVDQSvtNbRQ1WDZ9FgXlVVBQbYYg6GruQQBcsMrmeAgABNB3JOxrGewCMHePVE0I58/Al3Bby6s82MscQxBS4GjTtzGEs49Tu7XC2KCiBrWZfjo7kkrdmJ0UJzN5AfZDiWiDdSdt0JlovkN2L60BhbXU3EjVdJRWOzW7ZpyzDvfrwy+TEcFScMNpxb8i+JE0Ou4tf+5c/rkKPNk5F7zl8cBHbnYHyVqfa66Dey5yHYI7GfTv4xnVd0h7X39v/slL/RpAD+EhOMcaRY6CNQGjbMdF6Q/5vs5QPHAlxR6FgXfv4MwXF+ykNpifDYk+W1TcZTedwk9w6QdMG21A2/4NdO+g4GUIfw+E7AZSoNHYOhwpLFU5DgC4IqrAvT8dwsdXDhovCGlPwdMTfBqQmp1CatrmVC1lt9srnrq0oFbySwOFVKCw5Nq4ejsSnod++7QVtKHKBC34mCMO9IQpzFE4u3XCa2QKjZ5dLbPr2wuSxFfLNEuWcUpuks0fd0NJDo/viGPGtr5BVUi17zztZ63m+nRF3aA+VNN9V/3PfSPer3x25HqTZl0d7mHO2jbMpDWtYO2KOHMNyxgR3GySkwS1VMcJ5hGZx0m2XCznURafomKUMFSGF9wNq6Okt8kqPUVlVaUPBGPBD5NwoFQfdIf+CQAA//+2RVGDAgkAAA==
2026-01-04T02:08:33.9049265Z ##[endgroup]
2026-01-04T02:08:34.4140872Z Job run UUID is c458727b-7ff6-44f6-aec8-aeb6a7b09bc9.
2026-01-04T02:08:34.8669378Z ##[group]Setup CodeQL tools
2026-01-04T02:08:34.8728072Z [command]/usr/bin/tar --version
2026-01-04T02:08:34.8768450Z tar (GNU tar) 1.35
2026-01-04T02:08:34.8768914Z Copyright (C) 2023 Free Software Foundation, Inc.
2026-01-04T02:08:34.8769686Z License GPLv3+: GNU GPL version 3 or later <https://gnu.org/licenses/gpl.html>.
2026-01-04T02:08:34.8770502Z This is free software: you are free to change and redistribute it.
2026-01-04T02:08:34.8771149Z There is NO WARRANTY, to the extent permitted by law.
2026-01-04T02:08:34.8771554Z 
2026-01-04T02:08:34.8771756Z Written by John Gilmore and Jay Fenlason.
2026-01-04T02:08:34.8780519Z Found gnu tar version 1.35.
2026-01-04T02:08:34.8811121Z Found CodeQL tools version 2.23.8 in the toolcache.
2026-01-04T02:08:34.8811843Z Using CodeQL CLI version 2.23.8 from toolcache at /opt/hostedtoolcache/CodeQL/2.23.8/x64
2026-01-04T02:08:35.7912334Z [command]/opt/hostedtoolcache/CodeQL/2.23.8/x64/codeql/codeql version --format=json
2026-01-04T02:08:36.4224192Z {
2026-01-04T02:08:36.4224540Z   "productName" : "CodeQL",
2026-01-04T02:08:36.4224919Z   "vendor" : "GitHub",
2026-01-04T02:08:36.4225245Z   "version" : "2.23.8",
2026-01-04T02:08:36.4225781Z   "sha" : "d1011989dbb0da337606a511d9a16ba52ef49122",
2026-01-04T02:08:36.4226220Z   "branches" : [
2026-01-04T02:08:36.4226524Z     "codeql-cli-2.23.8"
2026-01-04T02:08:36.4226849Z   ],
2026-01-04T02:08:36.4227204Z   "copyright" : "Copyright (C) 2019-2025 GitHub, Inc.",
2026-01-04T02:08:36.4227896Z   "unpackedLocation" : "/opt/hostedtoolcache/CodeQL/2.23.8/x64/codeql",
2026-01-04T02:08:36.4228671Z   "configFileLocation" : "/home/runner/.config/codeql/config",
2026-01-04T02:08:36.4230060Z   "configFileFound" : false,
2026-01-04T02:08:36.4230518Z   "overlayVersion" : 4,
2026-01-04T02:08:36.4230865Z   "features" : {
2026-01-04T02:08:36.4231237Z     "analysisSummaryV2Default" : true,
2026-01-04T02:08:36.4231712Z     "buildModeOption" : true,
2026-01-04T02:08:36.4232174Z     "bundleSupportsIncludeDiagnostics" : true,
2026-01-04T02:08:36.4232684Z     "bundleSupportsIncludeLogs" : true,
2026-01-04T02:08:36.4233465Z     "databaseInterpretResultsSupportsSarifRunProperty" : true,
2026-01-04T02:08:36.4234114Z     "featuresInVersionResult" : true,
2026-01-04T02:08:36.4234634Z     "indirectTracingSupportsStaticBinaries" : false,
2026-01-04T02:08:36.4235217Z     "informsAboutUnsupportedPathFilters" : true,
2026-01-04T02:08:36.4236039Z     "supportsPython312" : true,
2026-01-04T02:08:36.4236438Z     "mrvaPackCreate" : true,
2026-01-04T02:08:36.4236821Z     "threatModelOption" : true,
2026-01-04T02:08:36.4237239Z     "traceCommandUseBuildMode" : true,
2026-01-04T02:08:36.4237661Z     "v2ramSizing" : true,
2026-01-04T02:08:36.4238072Z     "mrvaPackCreateMultipleQueries" : true,
2026-01-04T02:08:36.4238550Z     "setsCodeqlRunnerEnvVar" : true,
2026-01-04T02:08:36.4239001Z     "sarifMergeRunsFromEqualCategory" : true,
2026-01-04T02:08:36.4239463Z     "forceOverwrite" : true,
2026-01-04T02:08:36.4239856Z     "generateSummarySymbolMap" : true,
2026-01-04T02:08:36.4240358Z     "pythonDefaultIsToNotExtractStdlib" : true,
2026-01-04T02:08:36.4240892Z     "queryServerRunQueries" : true,
2026-01-04T02:08:36.4241401Z     "queryServerTrimCacheWithMode" : true,
2026-01-04T02:08:36.4241940Z     "builtinExtractorsSpecifyDefaultQueries" : true,
2026-01-04T02:08:36.4242464Z     "bqrsDiffResultSets" : true
2026-01-04T02:08:36.4242831Z   }
2026-01-04T02:08:36.4243072Z }
2026-01-04T02:08:36.4370448Z ##[endgroup]
2026-01-04T02:08:36.4374454Z ##[group]Load language configuration
2026-01-04T02:08:36.4408973Z [command]/opt/hostedtoolcache/CodeQL/2.23.8/x64/codeql/codeql resolve languages --format=betterjson --extractor-options-verbosity=4 --extractor-include-aliases --filter-to-languages-with-queries
2026-01-04T02:08:37.4423390Z {
2026-01-04T02:08:37.4425488Z   "aliases" : {
2026-01-04T02:08:37.4425805Z     "c" : "cpp",
2026-01-04T02:08:37.4426540Z     "c++" : "cpp",
2026-01-04T02:08:37.4426828Z     "c-c++" : "cpp",
2026-01-04T02:08:37.4427139Z     "c-cpp" : "cpp",
2026-01-04T02:08:37.4427449Z     "c#" : "csharp",
2026-01-04T02:08:37.4427755Z     "java-kotlin" : "java",
2026-01-04T02:08:37.4428090Z     "kotlin" : "java",
2026-01-04T02:08:37.4428447Z     "javascript-typescript" : "javascript",
2026-01-04T02:08:37.4428880Z     "typescript" : "javascript"
2026-01-04T02:08:37.4429226Z   },
2026-01-04T02:08:37.4429485Z   "extractors" : {
2026-01-04T02:08:37.4429765Z     "rust" : [
2026-01-04T02:08:37.4430039Z       {
2026-01-04T02:08:37.4430472Z         "extractor_root" : "/opt/hostedtoolcache/CodeQL/2.23.8/x64/codeql/rust",
2026-01-04T02:08:37.4431051Z         "extractor_options" : {
2026-01-04T02:08:37.4431394Z           "trap" : {
2026-01-04T02:08:37.4431754Z             "title" : "Options pertaining to TRAP.",
2026-01-04T02:08:37.4432241Z             "description" : "Options pertaining to TRAP.",
2026-01-04T02:08:37.4432687Z             "type" : "object",
2026-01-04T02:08:37.4433036Z             "properties" : {
2026-01-04T02:08:37.4433395Z               "compression" : {
2026-01-04T02:08:37.4433985Z                 "title" : "Controls compression for the TRAP files written by the extractor.",
2026-01-04T02:08:37.4436054Z                 "description" : "This option is only intended for use in debugging the extractor. Accepted values are 'gzip' (to write gzip-compressed TRAP) 'zstd' (to write Zstandard-compressed TRAP) and 'none' (the default, to write uncompressed TRAP).\n",
2026-01-04T02:08:37.4437938Z                 "type" : "string",
2026-01-04T02:08:37.4438646Z                 "pattern" : "^(none|gzip|zstd)$"
2026-01-04T02:08:37.4439226Z               }
2026-01-04T02:08:37.4439657Z             }
2026-01-04T02:08:37.4440175Z           },
2026-01-04T02:08:37.4440908Z           "cargo_target_dir" : {
2026-01-04T02:08:37.4441606Z             "title" : "Directory to use for cargo output files.",
2026-01-04T02:08:37.4446466Z             "description" : "This value is an optional path to use as `CARGO_TARGET_DIR` for the internal cargo commands the extractor uses. Pointing it to a persistent directory may reduce execution time of consecutive extractor runs. By default, a new scratch directory is used for each run.\n",
2026-01-04T02:08:37.4448128Z             "type" : "string"
2026-01-04T02:08:37.4448467Z           },
2026-01-04T02:08:37.4448723Z           "cargo_target" : {
2026-01-04T02:08:37.4449093Z             "title" : "Target architecture",
2026-01-04T02:08:37.4449964Z             "description" : "Target architecture to use for analysis, analogous to `cargo --target`. By default the host architecture is used.\n",
2026-01-04T02:08:37.4450851Z             "type" : "string"
2026-01-04T02:08:37.4451169Z           },
2026-01-04T02:08:37.4451459Z           "cargo_features" : {
2026-01-04T02:08:37.4451837Z             "title" : "Cargo features to turn on",
2026-01-04T02:08:37.4453414Z             "description" : "Comma-separated list of features to turn on. By default all features are enabled. If any features are specified, then only those features are enabled. The `default` feature must be explicitly specified if only default features are desired. Can be repeated.\n",
2026-01-04T02:08:37.4455046Z             "type" : "array"
2026-01-04T02:08:37.4455608Z           },
2026-01-04T02:08:37.4455920Z           "cargo_cfg_overrides" : {
2026-01-04T02:08:37.4456344Z             "title" : "Cargo cfg overrides",
2026-01-04T02:08:37.4457210Z             "description" : "Comma-separated list of cfg settings to enable, or disable if prefixed with `-`. Can be repeated.\n",
2026-01-04T02:08:37.4458061Z             "type" : "array"
2026-01-04T02:08:37.4458407Z           },
2026-01-04T02:08:37.4458715Z           "logging" : {
2026-01-04T02:08:37.4459083Z             "title" : "Options pertaining to logging.",
2026-01-04T02:08:37.4459600Z             "description" : "Options pertaining to logging.",
2026-01-04T02:08:37.4460050Z             "type" : "object",
2026-01-04T02:08:37.4460640Z             "properties" : {
2026-01-04T02:08:37.4460968Z               "verbosity" : {
2026-01-04T02:08:37.4461363Z                 "title" : "Extractor logging verbosity level.",
2026-01-04T02:08:37.4462593Z                 "description" : "Controls the level of verbosity of the extractor. The supported levels are (in order of increasing verbosity):\n  - off\n  - errors\n  - warnings\n  - info or progress\n  - debug or progress+\n  - trace or progress++\n  - progress+++\n",
2026-01-04T02:08:37.4463445Z                 "type" : "string",
2026-01-04T02:08:37.4463899Z                 "pattern" : "^(off|errors|warnings|(info|progress)|(debug|progress\\+)|(trace|progress\\+\\+)|progress\\+\\+\\+)$"
2026-01-04T02:08:37.4464329Z               },
2026-01-04T02:08:37.4464505Z               "flamegraph" : {
2026-01-04T02:08:37.4464789Z                 "title" : "[Experimental] File path for write flame graph log",
2026-01-04T02:08:37.4465984Z                 "description" : "Collect flame graph data using the `tracing-flame` crate. To render a flame graph or chart, run the `inferno-flamegraph` command. See also: https://crates.io/crates/tracing-flame\n",
2026-01-04T02:08:37.4466722Z                 "type" : "string"
2026-01-04T02:08:37.4466939Z               }
2026-01-04T02:08:37.4467105Z             }
2026-01-04T02:08:37.4467257Z           },
2026-01-04T02:08:37.4467441Z           "extract_dependencies_as_source" : {
2026-01-04T02:08:37.4467723Z             "title" : "Extract dependencies as source code",
2026-01-04T02:08:37.4468171Z             "description" : "Extract the full source code of dependencies instead of only extracting signatures.\n",
2026-01-04T02:08:37.4469052Z             "type" : "string",
2026-01-04T02:08:37.4469437Z             "pattern" : "^(false|true)$"
2026-01-04T02:08:37.4469838Z           }
2026-01-04T02:08:37.4470348Z         }
2026-01-04T02:08:37.4470597Z       }
2026-01-04T02:08:37.4470747Z     ],
2026-01-04T02:08:37.4470893Z     "python" : [
2026-01-04T02:08:37.4471063Z       {
2026-01-04T02:08:37.4471331Z         "extractor_root" : "/opt/hostedtoolcache/CodeQL/2.23.8/x64/codeql/python",
2026-01-04T02:08:37.4471672Z         "extractor_options" : {
2026-01-04T02:08:37.4471875Z           "logging" : {
2026-01-04T02:08:37.4472102Z             "title" : "Options pertaining to logging.",
2026-01-04T02:08:37.4472395Z             "description" : "Options pertaining to logging.",
2026-01-04T02:08:37.4472667Z             "type" : "object",
2026-01-04T02:08:37.4472862Z             "properties" : {
2026-01-04T02:08:37.4473062Z               "verbosity" : {
2026-01-04T02:08:37.4473312Z                 "title" : "Python extractor logging verbosity level.",
2026-01-04T02:08:37.4474241Z                 "description" : "Controls the level of verbosity of the CodeQL Python extractor.\nThe supported levels are (in order of increasing verbosity):\n\n  - off\n  - errors\n  - warnings\n  - info or progress\n  - debug or progress+\n  - trace or progress++\n  - progress+++\n",
2026-01-04T02:08:37.4475109Z                 "type" : "string",
2026-01-04T02:08:37.4475686Z                 "pattern" : "^(off|errors|warnings|(info|progress)|(debug|progress\\+)|(trace|progress\\+\\+)|progress\\+\\+\\+)$"
2026-01-04T02:08:37.4476110Z               }
2026-01-04T02:08:37.4476269Z             }
2026-01-04T02:08:37.4476413Z           },
2026-01-04T02:08:37.4476583Z           "python_executable_name" : {
2026-01-04T02:08:37.4476930Z             "title" : "Controls the name of the Python executable used by the Python extractor.",
2026-01-04T02:08:37.4478246Z             "description" : "The Python extractor uses platform-dependent heuristics to determine the name of the Python executable to use. Specifying a value for this option overrides the name of the Python executable used by the extractor. Accepted values are py, python and python3. Use this setting with caution, the Python extractor requires Python 3 to run.\n",
2026-01-04T02:08:37.4479392Z             "type" : "string",
2026-01-04T02:08:37.4479605Z             "pattern" : "^(py|python|python3)$"
2026-01-04T02:08:37.4479969Z           }
2026-01-04T02:08:37.4480109Z         }
2026-01-04T02:08:37.4480254Z       }
2026-01-04T02:08:37.4480392Z     ],
2026-01-04T02:08:37.4480540Z     "cpp" : [
2026-01-04T02:08:37.4480689Z       {
2026-01-04T02:08:37.4480931Z         "extractor_root" : "/opt/hostedtoolcache/CodeQL/2.23.8/x64/codeql/cpp",
2026-01-04T02:08:37.4481259Z         "extractor_options" : {
2026-01-04T02:08:37.4481463Z           "trap" : {
2026-01-04T02:08:37.4481646Z             "title" : "TRAP options",
2026-01-04T02:08:37.4482182Z             "description" : "Options about how the extractor handles TRAP files",
2026-01-04T02:08:37.4482609Z             "type" : "object",
2026-01-04T02:08:37.4482859Z             "visibility" : 3,
2026-01-04T02:08:37.4483158Z             "properties" : {
2026-01-04T02:08:37.4483360Z               "cache" : {
2026-01-04T02:08:37.4483566Z                 "title" : "TRAP cache options",
2026-01-04T02:08:37.4483904Z                 "description" : "Options about how the extractor handles its TRAP cache",
2026-01-04T02:08:37.4484247Z                 "type" : "object",
2026-01-04T02:08:37.4484456Z                 "properties" : {
2026-01-04T02:08:37.4484657Z                   "dir" : {
2026-01-04T02:08:37.4484868Z                     "title" : "TRAP cache directory",
2026-01-04T02:08:37.4485165Z                     "description" : "The directory of the TRAP cache to use",
2026-01-04T02:08:37.4485639Z                     "type" : "string"
2026-01-04T02:08:37.4485842Z                   },
2026-01-04T02:08:37.4486018Z                   "bound" : {
2026-01-04T02:08:37.4486225Z                     "title" : "TRAP cache bound",
2026-01-04T02:08:37.4486550Z                     "description" : "A soft limit (in MB) on the size of the TRAP cache",
2026-01-04T02:08:37.4487001Z                     "type" : "string",
2026-01-04T02:08:37.4487236Z                     "pattern" : "[0-9]+"
2026-01-04T02:08:37.4487450Z                   },
2026-01-04T02:08:37.4487621Z                   "write" : {
2026-01-04T02:08:37.4487841Z                     "title" : "TRAP cache writeable",
2026-01-04T02:08:37.4488184Z                     "description" : "Whether to write to the TRAP cache as well as reading it",
2026-01-04T02:08:37.4488523Z                     "type" : "string",
2026-01-04T02:08:37.4488754Z                     "pattern" : "(true|TRUE|false|FALSE)"
2026-01-04T02:08:37.4488987Z                   }
2026-01-04T02:08:37.4489142Z                 }
2026-01-04T02:08:37.4489303Z               }
2026-01-04T02:08:37.4489464Z             }
2026-01-04T02:08:37.4489612Z           },
2026-01-04T02:08:37.4489776Z           "scale_timeouts" : {
2026-01-04T02:08:37.4490055Z             "title" : "Value to scale compiler introspection timeouts with",
2026-01-04T02:08:37.4491354Z             "description" : "The extractor attempts to determine what compiler the source code being extracted is compiled with. To this end the extractor makes additional calls to the compiler, some of which are expected to return within a certain fixed time (either 10s or 15s). On some systems that are under high load this time might be too short, and can be scaled up using this option.\n",
2026-01-04T02:08:37.4492550Z             "type" : "string",
2026-01-04T02:08:37.4492753Z             "pattern" : "[0-9]+"
2026-01-04T02:08:37.4492951Z           },
2026-01-04T02:08:37.4493113Z           "log_verbosity" : {
2026-01-04T02:08:37.4493356Z             "title" : "Verbosity of the extractor logging",
2026-01-04T02:08:37.4493888Z             "description" : "Set the verbosity of the extractor logging to 'quiet' (0), 'normal' (1), 'chatty' (2), or 'noisy' (3). The default is 'normal'.\n",
2026-01-04T02:08:37.4494385Z             "type" : "string",
2026-01-04T02:08:37.4494579Z             "pattern" : "[0-3]"
2026-01-04T02:08:37.4494783Z           },
2026-01-04T02:08:37.4494949Z           "frontend_options" : {
2026-01-04T02:08:37.4495185Z             "title" : "C/C++ extractor frontend options",
2026-01-04T02:08:37.4495936Z             "description" : "Set additional options that should be passed to the C/C++ extractor frontend.\n",
2026-01-04T02:08:37.4496526Z             "type" : "array",
2026-01-04T02:08:37.4496872Z             "visibility" : 3
2026-01-04T02:08:37.4497182Z           }
2026-01-04T02:08:37.4497440Z         }
2026-01-04T02:08:37.4497621Z       }
2026-01-04T02:08:37.4497769Z     ],
2026-01-04T02:08:37.4497915Z     "csharp" : [
2026-01-04T02:08:37.4498079Z       {
2026-01-04T02:08:37.4498338Z         "extractor_root" : "/opt/hostedtoolcache/CodeQL/2.23.8/x64/codeql/csharp",
2026-01-04T02:08:37.4498669Z         "extractor_options" : {
2026-01-04T02:08:37.4498871Z           "trap" : {
2026-01-04T02:08:37.4499066Z             "title" : "Options pertaining to TRAP.",
2026-01-04T02:08:37.4499356Z             "description" : "Options pertaining to TRAP.",
2026-01-04T02:08:37.4499608Z             "type" : "object",
2026-01-04T02:08:37.4499806Z             "properties" : {
2026-01-04T02:08:37.4499998Z               "compression" : {
2026-01-04T02:08:37.4500331Z                 "title" : "Controls compression for the TRAP files written by the extractor.",
2026-01-04T02:08:37.4501180Z                 "description" : "This option is only intended for use in debugging the extractor. Accepted values are 'brotli' (the default, to write brotli-compressed TRAP), 'gzip', and 'none' (to write uncompressed TRAP).\n",
2026-01-04T02:08:37.4501884Z                 "type" : "string",
2026-01-04T02:08:37.4502116Z                 "pattern" : "^(none|gzip|brotli)$"
2026-01-04T02:08:37.4502341Z               }
2026-01-04T02:08:37.4502499Z             }
2026-01-04T02:08:37.4502645Z           },
2026-01-04T02:08:37.4502805Z           "buildless" : {
2026-01-04T02:08:37.4503233Z             "title" : "DEPRECATED - Whether to use buildless (standalone) extraction.",
2026-01-04T02:08:37.4504843Z             "description" : "DEPRECATED: Use `--build-mode none` instead.\nA value indicating, which type of extraction the autobuilder should perform. If 'true', then the standalone extractor will be used, otherwise tracing extraction will be performed. The default is 'false'. Note that buildless extraction will generally yield less accurate analysis results, and should only be used in cases where it is not possible to build the code (for example if it uses inaccessible dependencies).\n",
2026-01-04T02:08:37.4506603Z             "type" : "string",
2026-01-04T02:08:37.4506819Z             "pattern" : "^(false|true)$"
2026-01-04T02:08:37.4507032Z           },
2026-01-04T02:08:37.4507192Z           "logging" : {
2026-01-04T02:08:37.4507396Z             "title" : "Options pertaining to logging.",
2026-01-04T02:08:37.4507691Z             "description" : "Options pertaining to logging.",
2026-01-04T02:08:37.4507952Z             "type" : "object",
2026-01-04T02:08:37.4508157Z             "properties" : {
2026-01-04T02:08:37.4508361Z               "verbosity" : {
2026-01-04T02:08:37.4508583Z                 "title" : "Extractor logging verbosity level.",
2026-01-04T02:08:37.4509438Z                 "description" : "Controls the level of verbosity of the extractor. The supported levels are (in order of increasing verbosity):\n  - off\n  - errors\n  - warnings\n  - info or progress\n  - debug or progress+\n  - trace or progress++\n  - progress+++\n",
2026-01-04T02:08:37.4510245Z                 "type" : "string",
2026-01-04T02:08:37.4510661Z                 "pattern" : "^(off|errors|warnings|(info|progress)|(debug|progress\\+)|(trace|progress\\+\\+)|progress\\+\\+\\+)$"
2026-01-04T02:08:37.4511095Z               }
2026-01-04T02:08:37.4511252Z             }
2026-01-04T02:08:37.4511402Z           },
2026-01-04T02:08:37.4511563Z           "binlog" : {
2026-01-04T02:08:37.4511741Z             "title" : "Binlog",
2026-01-04T02:08:37.4512343Z             "description" : "[EXPERIMENTAL] The value is a path to the MsBuild binary log file that should be extracted. This option only works when `--build-mode none` is also specified.\n",
2026-01-04T02:08:37.4512954Z             "type" : "array"
2026-01-04T02:08:37.4513275Z           },
2026-01-04T02:08:37.4513444Z           "buildless_dependency_dir" : {
2026-01-04T02:08:37.4513816Z             "title" : "The path where buildless (standalone) extraction should keep dependencies.",
2026-01-04T02:08:37.4514372Z             "description" : "If set, the buildless (standalone) extractor will store dependencies in this directory.\n",
2026-01-04T02:08:37.4514789Z             "type" : "string"
2026-01-04T02:08:37.4514978Z           }
2026-01-04T02:08:37.4515120Z         }
2026-01-04T02:08:37.4515271Z       }
2026-01-04T02:08:37.4515630Z     ],
2026-01-04T02:08:37.4515779Z     "java" : [
2026-01-04T02:08:37.4515926Z       {
2026-01-04T02:08:37.4516174Z         "extractor_root" : "/opt/hostedtoolcache/CodeQL/2.23.8/x64/codeql/java",
2026-01-04T02:08:37.4516505Z         "extractor_options" : {
2026-01-04T02:08:37.4516700Z           "exclude" : {
2026-01-04T02:08:37.4516921Z             "title" : "A glob excluding files from analysis.",
2026-01-04T02:08:37.4517566Z             "description" : "A glob indicating what files to exclude from the analysis. This accepts glob patterns that are supported by Java's 'getPathMatcher' implementation.\n",
2026-01-04T02:08:37.4518169Z             "type" : "string"
2026-01-04T02:08:37.4518350Z           },
2026-01-04T02:08:37.4518514Z           "add_prefer_source" : {
2026-01-04T02:08:37.4518800Z             "title" : "Whether to always prefer source files over class files.",
2026-01-04T02:08:37.4519801Z             "description" : "A value indicating whether source files should be preferred over class files. If set to 'true', the extraction adds '-Xprefer:source' to the javac command line. If set to 'false', the extraction uses the default javac behavior ('-Xprefer:newer'). The default is 'true'.\n",
2026-01-04T02:08:37.4520844Z             "type" : "string",
2026-01-04T02:08:37.4521049Z             "pattern" : "^(false|true)$"
2026-01-04T02:08:37.4521263Z           },
2026-01-04T02:08:37.4521417Z           "buildless" : {
2026-01-04T02:08:37.4521716Z             "title" : "Whether to use buildless (standalone) extraction (experimental).",
2026-01-04T02:08:37.4523209Z             "description" : "A value indicating, which type of extraction the autobuilder should perform. If 'true', then the standalone extractor will be used, otherwise tracing extraction will be performed. The default is 'false'. Note that buildless extraction will generally yield less accurate analysis results, and should only be used in cases where it is not possible to build the code (for example if it uses inaccessible dependencies).\n",
2026-01-04T02:08:37.4524537Z             "type" : "string",
2026-01-04T02:08:37.4524738Z             "pattern" : "^(false|true)$"
2026-01-04T02:08:37.4524945Z           },
2026-01-04T02:08:37.4525120Z           "buildless_dependency_dir" : {
2026-01-04T02:08:37.4525685Z             "title" : "The path where buildless (standalone) extraction should keep dependencies.",
2026-01-04T02:08:37.4526240Z             "description" : "If set, the buildless (standalone) extractor will store dependencies in this directory.\n",
2026-01-04T02:08:37.4526665Z             "type" : "string"
2026-01-04T02:08:37.4526844Z           },
2026-01-04T02:08:37.4527011Z           "minimize_dependency_jars" : {
2026-01-04T02:08:37.4527369Z             "title" : "Whether to rewrite and minimize downloaded JAR dependencies (experimental).",
2026-01-04T02:08:37.4528098Z             "description" : "If 'true', JAR dependencies downloaded during extraction will be rewritten to remove unneeded data, such as method bodies. The default is 'false'.\n",
2026-01-04T02:08:37.4528691Z             "type" : "string",
2026-01-04T02:08:37.4528887Z             "pattern" : "^(false|true)$"
2026-01-04T02:08:37.4529097Z           }
2026-01-04T02:08:37.4529241Z         }
2026-01-04T02:08:37.4529390Z       }
2026-01-04T02:08:37.4529528Z     ],
2026-01-04T02:08:37.4529673Z     "go" : [
2026-01-04T02:08:37.4529817Z       {
2026-01-04T02:08:37.4530057Z         "extractor_root" : "/opt/hostedtoolcache/CodeQL/2.23.8/x64/codeql/go",
2026-01-04T02:08:37.4530506Z         "extractor_options" : {
2026-01-04T02:08:37.4530714Z           "extract_tests" : {
2026-01-04T02:08:37.4530992Z             "title" : "Whether to include Go test files in the CodeQL database.",
2026-01-04T02:08:37.4531549Z             "description" : "A value indicating whether Go test files should be included in the CodeQL database. The default is 'false'.\n",
2026-01-04T02:08:37.4532025Z             "type" : "string",
2026-01-04T02:08:37.4532223Z             "pattern" : "^(false|true)$"
2026-01-04T02:08:37.4532435Z           },
2026-01-04T02:08:37.4532600Z           "extract_vendor_dirs" : {
2026-01-04T02:08:37.4532924Z             "title" : "Whether to include Go vendor directories in the CodeQL database.",
2026-01-04T02:08:37.4533545Z             "description" : "A value indicating whether Go vendor directories should be included in the CodeQL database. The default is 'false'.\n",
2026-01-04T02:08:37.4534050Z             "type" : "string",
2026-01-04T02:08:37.4534253Z             "pattern" : "^(false|true)$"
2026-01-04T02:08:37.4534456Z           }
2026-01-04T02:08:37.4534601Z         }
2026-01-04T02:08:37.4534740Z       }
2026-01-04T02:08:37.4534881Z     ],
2026-01-04T02:08:37.4535028Z     "actions" : [
2026-01-04T02:08:37.4535184Z       {
2026-01-04T02:08:37.4535609Z         "extractor_root" : "/opt/hostedtoolcache/CodeQL/2.23.8/x64/codeql/actions",
2026-01-04T02:08:37.4535941Z         "extractor_options" : {
2026-01-04T02:08:37.4536143Z           "trap" : {
2026-01-04T02:08:37.4536327Z             "title" : "TRAP options",
2026-01-04T02:08:37.4536639Z             "description" : "Options about how the extractor handles TRAP files",
2026-01-04T02:08:37.4536952Z             "type" : "object",
2026-01-04T02:08:37.4537421Z             "visibility" : 3,
2026-01-04T02:08:37.4537806Z             "properties" : {
2026-01-04T02:08:37.4538173Z               "cache" : {
2026-01-04T02:08:37.4538542Z                 "title" : "TRAP cache options",
2026-01-04T02:08:37.4539111Z                 "description" : "Options about how the extractor handles its TRAP cache",
2026-01-04T02:08:37.4539453Z                 "type" : "object",
2026-01-04T02:08:37.4539670Z                 "properties" : {
2026-01-04T02:08:37.4539883Z                   "dir" : {
2026-01-04T02:08:37.4540096Z                     "title" : "TRAP cache directory",
2026-01-04T02:08:37.4540411Z                     "description" : "The directory of the TRAP cache to use",
2026-01-04T02:08:37.4540708Z                     "type" : "string"
2026-01-04T02:08:37.4540911Z                   },
2026-01-04T02:08:37.4541084Z                   "bound" : {
2026-01-04T02:08:37.4541288Z                     "title" : "TRAP cache bound",
2026-01-04T02:08:37.4541618Z                     "description" : "A soft limit (in MB) on the size of the TRAP cache",
2026-01-04T02:08:37.4541931Z                     "type" : "string",
2026-01-04T02:08:37.4542153Z                     "pattern" : "[0-9]+"
2026-01-04T02:08:37.4542365Z                   },
2026-01-04T02:08:37.4542535Z                   "write" : {
2026-01-04T02:08:37.4542742Z                     "title" : "TRAP cache writeable",
2026-01-04T02:08:37.4543149Z                     "description" : "Whether to write to the TRAP cache as well as reading it",
2026-01-04T02:08:37.4543482Z                     "type" : "string",
2026-01-04T02:08:37.4543712Z                     "pattern" : "(true|TRUE|false|FALSE)"
2026-01-04T02:08:37.4543944Z                   }
2026-01-04T02:08:37.4544098Z                 }
2026-01-04T02:08:37.4544256Z               }
2026-01-04T02:08:37.4544403Z             }
2026-01-04T02:08:37.4544553Z           }
2026-01-04T02:08:37.4544697Z         }
2026-01-04T02:08:37.4544839Z       }
2026-01-04T02:08:37.4544975Z     ],
2026-01-04T02:08:37.4545133Z     "javascript" : [
2026-01-04T02:08:37.4545533Z       {
2026-01-04T02:08:37.4545848Z         "extractor_root" : "/opt/hostedtoolcache/CodeQL/2.23.8/x64/codeql/javascript",
2026-01-04T02:08:37.4546715Z         "extractor_options" : {
2026-01-04T02:08:37.4546918Z           "trap" : {
2026-01-04T02:08:37.4547109Z             "title" : "TRAP options",
2026-01-04T02:08:37.4547422Z             "description" : "Options about how the extractor handles TRAP files",
2026-01-04T02:08:37.4547742Z             "type" : "object",
2026-01-04T02:08:37.4547940Z             "visibility" : 3,
2026-01-04T02:08:37.4548144Z             "properties" : {
2026-01-04T02:08:37.4548358Z               "cache" : {
2026-01-04T02:08:37.4548560Z                 "title" : "TRAP cache options",
2026-01-04T02:08:37.4548901Z                 "description" : "Options about how the extractor handles its TRAP cache",
2026-01-04T02:08:37.4549235Z                 "type" : "object",
2026-01-04T02:08:37.4549452Z                 "properties" : {
2026-01-04T02:08:37.4549660Z                   "dir" : {
2026-01-04T02:08:37.4549866Z                     "title" : "TRAP cache directory",
2026-01-04T02:08:37.4550173Z                     "description" : "The directory of the TRAP cache to use",
2026-01-04T02:08:37.4550471Z                     "type" : "string"
2026-01-04T02:08:37.4550681Z                   },
2026-01-04T02:08:37.4550850Z                   "bound" : {
2026-01-04T02:08:37.4551062Z                     "title" : "TRAP cache bound",
2026-01-04T02:08:37.4551379Z                     "description" : "A soft limit (in MB) on the size of the TRAP cache",
2026-01-04T02:08:37.4551686Z                     "type" : "string",
2026-01-04T02:08:37.4551908Z                     "pattern" : "[0-9]+"
2026-01-04T02:08:37.4552114Z                   },
2026-01-04T02:08:37.4552283Z                   "write" : {
2026-01-04T02:08:37.4552491Z                     "title" : "TRAP cache writeable",
2026-01-04T02:08:37.4552950Z                     "description" : "Whether to write to the TRAP cache as well as reading it",
2026-01-04T02:08:37.4553280Z                     "type" : "string",
2026-01-04T02:08:37.4553517Z                     "pattern" : "(true|TRUE|false|FALSE)"
2026-01-04T02:08:37.4553825Z                   }
2026-01-04T02:08:37.4554041Z                 }
2026-01-04T02:08:37.4554206Z               }
2026-01-04T02:08:37.4554353Z             }
2026-01-04T02:08:37.4554505Z           },
2026-01-04T02:08:37.4554658Z           "skip_types" : {
2026-01-04T02:08:37.4554890Z             "title" : "Skip type extraction for TypeScript",
2026-01-04T02:08:37.4555444Z             "description" : "Whether to skip the extraction of types in a TypeScript application",
2026-01-04T02:08:37.4556067Z             "type" : "string",
2026-01-04T02:08:37.4556300Z             "pattern" : "^(false|true)$"
2026-01-04T02:08:37.4556514Z           }
2026-01-04T02:08:37.4556664Z         }
2026-01-04T02:08:37.4556802Z       }
2026-01-04T02:08:37.4556944Z     ],
2026-01-04T02:08:37.4557092Z     "swift" : [
2026-01-04T02:08:37.4557250Z       {
2026-01-04T02:08:37.4557496Z         "extractor_root" : "/opt/hostedtoolcache/CodeQL/2.23.8/x64/codeql/swift"
2026-01-04T02:08:37.4557813Z       }
2026-01-04T02:08:37.4557947Z     ],
2026-01-04T02:08:37.4558105Z     "ruby" : [
2026-01-04T02:08:37.4558257Z       {
2026-01-04T02:08:37.4558505Z         "extractor_root" : "/opt/hostedtoolcache/CodeQL/2.23.8/x64/codeql/ruby",
2026-01-04T02:08:37.4558826Z         "extractor_options" : {
2026-01-04T02:08:37.4559023Z           "trap" : {
2026-01-04T02:08:37.4559226Z             "title" : "Options pertaining to TRAP.",
2026-01-04T02:08:37.4559506Z             "description" : "Options pertaining to TRAP.",
2026-01-04T02:08:37.4559766Z             "type" : "object",
2026-01-04T02:08:37.4559961Z             "properties" : {
2026-01-04T02:08:37.4560171Z               "compression" : {
2026-01-04T02:08:37.4560483Z                 "title" : "Controls compression for the TRAP files written by the extractor.",
2026-01-04T02:08:37.4561422Z                 "description" : "This option is only intended for use in debugging the extractor. Accepted values are 'gzip' (the default, to write gzip-compressed TRAP) 'zstd' (to write Zstandard-compressed TRAP) and 'none' (to write uncompressed TRAP).\n",
2026-01-04T02:08:37.4562414Z                 "type" : "string",
2026-01-04T02:08:37.4562644Z                 "pattern" : "^(none|gzip|zstd)$"
2026-01-04T02:08:37.4562873Z               }
2026-01-04T02:08:37.4563022Z             }
2026-01-04T02:08:37.4563175Z           }
2026-01-04T02:08:37.4563315Z         }
2026-01-04T02:08:37.4563463Z       }
2026-01-04T02:08:37.4563599Z     ]
2026-01-04T02:08:37.4563741Z   }
2026-01-04T02:08:37.4563879Z }
2026-01-04T02:08:37.4574267Z Languages from configuration: actions
2026-01-04T02:08:37.4581375Z [command]/opt/hostedtoolcache/CodeQL/2.23.8/x64/codeql/codeql resolve languages --format=betterjson --extractor-options-verbosity=4 --extractor-include-aliases
2026-01-04T02:08:38.3667038Z {
2026-01-04T02:08:38.3667896Z   "aliases" : {
2026-01-04T02:08:38.3668975Z     "c" : "cpp",
2026-01-04T02:08:38.3669599Z     "c++" : "cpp",
2026-01-04T02:08:38.3670515Z     "c-c++" : "cpp",
2026-01-04T02:08:38.3671206Z     "c-cpp" : "cpp",
2026-01-04T02:08:38.3671741Z     "c#" : "csharp",
2026-01-04T02:08:38.3672264Z     "java-kotlin" : "java",
2026-01-04T02:08:38.3672869Z     "kotlin" : "java",
2026-01-04T02:08:38.3673635Z     "javascript-typescript" : "javascript",
2026-01-04T02:08:38.3691092Z     "typescript" : "javascript"
2026-01-04T02:08:38.3691467Z   },
2026-01-04T02:08:38.3691712Z   "extractors" : {
2026-01-04T02:08:38.3692060Z     "xml" : [
2026-01-04T02:08:38.3692319Z       {
2026-01-04T02:08:38.3692752Z         "extractor_root" : "/opt/hostedtoolcache/CodeQL/2.23.8/x64/codeql/xml"
2026-01-04T02:08:38.3693304Z       }
2026-01-04T02:08:38.3693535Z     ],
2026-01-04T02:08:38.3693785Z     "python" : [
2026-01-04T02:08:38.3694056Z       {
2026-01-04T02:08:38.3694864Z         "extractor_root" : "/opt/hostedtoolcache/CodeQL/2.23.8/x64/codeql/python",
2026-01-04T02:08:38.3695748Z         "extractor_options" : {
2026-01-04T02:08:38.3696104Z           "logging" : {
2026-01-04T02:08:38.3696460Z             "title" : "Options pertaining to logging.",
2026-01-04T02:08:38.3696986Z             "description" : "Options pertaining to logging.",
2026-01-04T02:08:38.3697444Z             "type" : "object",
2026-01-04T02:08:38.3697783Z             "properties" : {
2026-01-04T02:08:38.3698042Z               "verbosity" : {
2026-01-04T02:08:38.3698294Z                 "title" : "Python extractor logging verbosity level.",
2026-01-04T02:08:38.3699250Z                 "description" : "Controls the level of verbosity of the CodeQL Python extractor.\nThe supported levels are (in order of increasing verbosity):\n\n  - off\n  - errors\n  - warnings\n  - info or progress\n  - debug or progress+\n  - trace or progress++\n  - progress+++\n",
2026-01-04T02:08:38.3700122Z                 "type" : "string",
2026-01-04T02:08:38.3700543Z                 "pattern" : "^(off|errors|warnings|(info|progress)|(debug|progress\\+)|(trace|progress\\+\\+)|progress\\+\\+\\+)$"
2026-01-04T02:08:38.3700963Z               }
2026-01-04T02:08:38.3701124Z             }
2026-01-04T02:08:38.3701273Z           },
2026-01-04T02:08:38.3701448Z           "python_executable_name" : {
2026-01-04T02:08:38.3701806Z             "title" : "Controls the name of the Python executable used by the Python extractor.",
2026-01-04T02:08:38.3703133Z             "description" : "The Python extractor uses platform-dependent heuristics to determine the name of the Python executable to use. Specifying a value for this option overrides the name of the Python executable used by the extractor. Accepted values are py, python and python3. Use this setting with caution, the Python extractor requires Python 3 to run.\n",
2026-01-04T02:08:38.3704264Z             "type" : "string",
2026-01-04T02:08:38.3704485Z             "pattern" : "^(py|python|python3)$"
2026-01-04T02:08:38.3704709Z           }
2026-01-04T02:08:38.3704860Z         }
2026-01-04T02:08:38.3704998Z       }
2026-01-04T02:08:38.3705139Z     ],
2026-01-04T02:08:38.3705447Z     "javascript" : [
2026-01-04T02:08:38.3705652Z       {
2026-01-04T02:08:38.3706102Z         "extractor_root" : "/opt/hostedtoolcache/CodeQL/2.23.8/x64/codeql/javascript",
2026-01-04T02:08:38.3706458Z         "extractor_options" : {
2026-01-04T02:08:38.3706663Z           "trap" : {
2026-01-04T02:08:38.3706853Z             "title" : "TRAP options",
2026-01-04T02:08:38.3707176Z             "description" : "Options about how the extractor handles TRAP files",
2026-01-04T02:08:38.3707498Z             "type" : "object",
2026-01-04T02:08:38.3707701Z             "visibility" : 3,
2026-01-04T02:08:38.3707902Z             "properties" : {
2026-01-04T02:08:38.3708105Z               "cache" : {
2026-01-04T02:08:38.3708311Z                 "title" : "TRAP cache options",
2026-01-04T02:08:38.3708654Z                 "description" : "Options about how the extractor handles its TRAP cache",
2026-01-04T02:08:38.3708994Z                 "type" : "object",
2026-01-04T02:08:38.3709209Z                 "properties" : {
2026-01-04T02:08:38.3709415Z                   "dir" : {
2026-01-04T02:08:38.3709630Z                     "title" : "TRAP cache directory",
2026-01-04T02:08:38.3709937Z                     "description" : "The directory of the TRAP cache to use",
2026-01-04T02:08:38.3710221Z                     "type" : "string"
2026-01-04T02:08:38.3710426Z                   },
2026-01-04T02:08:38.3710597Z                   "bound" : {
2026-01-04T02:08:38.3710803Z                     "title" : "TRAP cache bound",
2026-01-04T02:08:38.3711120Z                     "description" : "A soft limit (in MB) on the size of the TRAP cache",
2026-01-04T02:08:38.3711425Z                     "type" : "string",
2026-01-04T02:08:38.3711647Z                     "pattern" : "[0-9]+"
2026-01-04T02:08:38.3711851Z                   },
2026-01-04T02:08:38.3712021Z                   "write" : {
2026-01-04T02:08:38.3712374Z                     "title" : "TRAP cache writeable",
2026-01-04T02:08:38.3712725Z                     "description" : "Whether to write to the TRAP cache as well as reading it",
2026-01-04T02:08:38.3713060Z                     "type" : "string",
2026-01-04T02:08:38.3713294Z                     "pattern" : "(true|TRUE|false|FALSE)"
2026-01-04T02:08:38.3713522Z                   }
2026-01-04T02:08:38.3713678Z                 }
2026-01-04T02:08:38.3713840Z               }
2026-01-04T02:08:38.3713991Z             }
2026-01-04T02:08:38.3714142Z           },
2026-01-04T02:08:38.3714297Z           "skip_types" : {
2026-01-04T02:08:38.3714531Z             "title" : "Skip type extraction for TypeScript",
2026-01-04T02:08:38.3714922Z             "description" : "Whether to skip the extraction of types in a TypeScript application",
2026-01-04T02:08:38.3715450Z             "type" : "string",
2026-01-04T02:08:38.3715678Z             "pattern" : "^(false|true)$"
2026-01-04T02:08:38.3715887Z           }
2026-01-04T02:08:38.3716037Z         }
2026-01-04T02:08:38.3716177Z       }
2026-01-04T02:08:38.3716320Z     ],
2026-01-04T02:08:38.3716460Z     "rust" : [
2026-01-04T02:08:38.3716615Z       {
2026-01-04T02:08:38.3716864Z         "extractor_root" : "/opt/hostedtoolcache/CodeQL/2.23.8/x64/codeql/rust",
2026-01-04T02:08:38.3717207Z         "extractor_options" : {
2026-01-04T02:08:38.3717404Z           "trap" : {
2026-01-04T02:08:38.3717610Z             "title" : "Options pertaining to TRAP.",
2026-01-04T02:08:38.3717890Z             "description" : "Options pertaining to TRAP.",
2026-01-04T02:08:38.3718141Z             "type" : "object",
2026-01-04T02:08:38.3718343Z             "properties" : {
2026-01-04T02:08:38.3718537Z               "compression" : {
2026-01-04T02:08:38.3718854Z                 "title" : "Controls compression for the TRAP files written by the extractor.",
2026-01-04T02:08:38.3719785Z                 "description" : "This option is only intended for use in debugging the extractor. Accepted values are 'gzip' (to write gzip-compressed TRAP) 'zstd' (to write Zstandard-compressed TRAP) and 'none' (the default, to write uncompressed TRAP).\n",
2026-01-04T02:08:38.3720593Z                 "type" : "string",
2026-01-04T02:08:38.3720957Z                 "pattern" : "^(none|gzip|zstd)$"
2026-01-04T02:08:38.3721178Z               }
2026-01-04T02:08:38.3721337Z             }
2026-01-04T02:08:38.3721480Z           },
2026-01-04T02:08:38.3721643Z           "cargo_target_dir" : {
2026-01-04T02:08:38.3721888Z             "title" : "Directory to use for cargo output files.",
2026-01-04T02:08:38.3722861Z             "description" : "This value is an optional path to use as `CARGO_TARGET_DIR` for the internal cargo commands the extractor uses. Pointing it to a persistent directory may reduce execution time of consecutive extractor runs. By default, a new scratch directory is used for each run.\n",
2026-01-04T02:08:38.3723785Z             "type" : "string"
2026-01-04T02:08:38.3723971Z           },
2026-01-04T02:08:38.3724138Z           "cargo_target" : {
2026-01-04T02:08:38.3724355Z             "title" : "Target architecture",
2026-01-04T02:08:38.3725494Z             "description" : "Target architecture to use for analysis, analogous to `cargo --target`. By default the host architecture is used.\n",
2026-01-04T02:08:38.3726371Z             "type" : "string"
2026-01-04T02:08:38.3726570Z           },
2026-01-04T02:08:38.3726728Z           "cargo_features" : {
2026-01-04T02:08:38.3726949Z             "title" : "Cargo features to turn on",
2026-01-04T02:08:38.3728187Z             "description" : "Comma-separated list of features to turn on. By default all features are enabled. If any features are specified, then only those features are enabled. The `default` feature must be explicitly specified if only default features are desired. Can be repeated.\n",
2026-01-04T02:08:38.3729967Z             "type" : "array"
2026-01-04T02:08:38.3730289Z           },
2026-01-04T02:08:38.3730540Z           "cargo_cfg_overrides" : {
2026-01-04T02:08:38.3731153Z             "title" : "Cargo cfg overrides",
2026-01-04T02:08:38.3731967Z             "description" : "Comma-separated list of cfg settings to enable, or disable if prefixed with `-`. Can be repeated.\n",
2026-01-04T02:08:38.3732805Z             "type" : "array"
2026-01-04T02:08:38.3733137Z           },
2026-01-04T02:08:38.3733423Z           "logging" : {
2026-01-04T02:08:38.3733813Z             "title" : "Options pertaining to logging.",
2026-01-04T02:08:38.3734317Z             "description" : "Options pertaining to logging.",
2026-01-04T02:08:38.3734780Z             "type" : "object",
2026-01-04T02:08:38.3735119Z             "properties" : {
2026-01-04T02:08:38.3735682Z               "verbosity" : {
2026-01-04T02:08:38.3736064Z                 "title" : "Extractor logging verbosity level.",
2026-01-04T02:08:38.3737555Z                 "description" : "Controls the level of verbosity of the extractor. The supported levels are (in order of increasing verbosity):\n  - off\n  - errors\n  - warnings\n  - info or progress\n  - debug or progress+\n  - trace or progress++\n  - progress+++\n",
2026-01-04T02:08:38.3738948Z                 "type" : "string",
2026-01-04T02:08:38.3739688Z                 "pattern" : "^(off|errors|warnings|(info|progress)|(debug|progress\\+)|(trace|progress\\+\\+)|progress\\+\\+\\+)$"
2026-01-04T02:08:38.3740294Z               },
2026-01-04T02:08:38.3740462Z               "flamegraph" : {
2026-01-04T02:08:38.3740743Z                 "title" : "[Experimental] File path for write flame graph log",
2026-01-04T02:08:38.3741809Z                 "description" : "Collect flame graph data using the `tracing-flame` crate. To render a flame graph or chart, run the `inferno-flamegraph` command. See also: https://crates.io/crates/tracing-flame\n",
2026-01-04T02:08:38.3743083Z                 "type" : "string"
2026-01-04T02:08:38.3743453Z               }
2026-01-04T02:08:38.3743726Z             }
2026-01-04T02:08:38.3743992Z           },
2026-01-04T02:08:38.3744315Z           "extract_dependencies_as_source" : {
2026-01-04T02:08:38.3744823Z             "title" : "Extract dependencies as source code",
2026-01-04T02:08:38.3745836Z             "description" : "Extract the full source code of dependencies instead of only extracting signatures.\n",
2026-01-04T02:08:38.3746476Z             "type" : "string",
2026-01-04T02:08:38.3746681Z             "pattern" : "^(false|true)$"
2026-01-04T02:08:38.3746897Z           }
2026-01-04T02:08:38.3747047Z         }
2026-01-04T02:08:38.3747188Z       }
2026-01-04T02:08:38.3747328Z     ],
2026-01-04T02:08:38.3747471Z     "csv" : [
2026-01-04T02:08:38.3747627Z       {
2026-01-04T02:08:38.3747864Z         "extractor_root" : "/opt/hostedtoolcache/CodeQL/2.23.8/x64/codeql/csv"
2026-01-04T02:08:38.3748168Z       }
2026-01-04T02:08:38.3748304Z     ],
2026-01-04T02:08:38.3748451Z     "cpp" : [
2026-01-04T02:08:38.3748596Z       {
2026-01-04T02:08:38.3748836Z         "extractor_root" : "/opt/hostedtoolcache/CodeQL/2.23.8/x64/codeql/cpp",
2026-01-04T02:08:38.3749155Z         "extractor_options" : {
2026-01-04T02:08:38.3749362Z           "trap" : {
2026-01-04T02:08:38.3749551Z             "title" : "TRAP options",
2026-01-04T02:08:38.3749858Z             "description" : "Options about how the extractor handles TRAP files",
2026-01-04T02:08:38.3750180Z             "type" : "object",
2026-01-04T02:08:38.3750379Z             "visibility" : 3,
2026-01-04T02:08:38.3750583Z             "properties" : {
2026-01-04T02:08:38.3750773Z               "cache" : {
2026-01-04T02:08:38.3750979Z                 "title" : "TRAP cache options",
2026-01-04T02:08:38.3751311Z                 "description" : "Options about how the extractor handles its TRAP cache",
2026-01-04T02:08:38.3751645Z                 "type" : "object",
2026-01-04T02:08:38.3751866Z                 "properties" : {
2026-01-04T02:08:38.3752064Z                   "dir" : {
2026-01-04T02:08:38.3752277Z                     "title" : "TRAP cache directory",
2026-01-04T02:08:38.3752688Z                     "description" : "The directory of the TRAP cache to use",
2026-01-04T02:08:38.3752987Z                     "type" : "string"
2026-01-04T02:08:38.3753184Z                   },
2026-01-04T02:08:38.3753357Z                   "bound" : {
2026-01-04T02:08:38.3753562Z                     "title" : "TRAP cache bound",
2026-01-04T02:08:38.3753882Z                     "description" : "A soft limit (in MB) on the size of the TRAP cache",
2026-01-04T02:08:38.3754197Z                     "type" : "string",
2026-01-04T02:08:38.3754496Z                     "pattern" : "[0-9]+"
2026-01-04T02:08:38.3754855Z                   },
2026-01-04T02:08:38.3755137Z                   "write" : {
2026-01-04T02:08:38.3755913Z                     "title" : "TRAP cache writeable",
2026-01-04T02:08:38.3756301Z                     "description" : "Whether to write to the TRAP cache as well as reading it",
2026-01-04T02:08:38.3756657Z                     "type" : "string",
2026-01-04T02:08:38.3756901Z                     "pattern" : "(true|TRUE|false|FALSE)"
2026-01-04T02:08:38.3757146Z                   }
2026-01-04T02:08:38.3757310Z                 }
2026-01-04T02:08:38.3757470Z               }
2026-01-04T02:08:38.3757634Z             }
2026-01-04T02:08:38.3757794Z           },
2026-01-04T02:08:38.3757960Z           "scale_timeouts" : {
2026-01-04T02:08:38.3758240Z             "title" : "Value to scale compiler introspection timeouts with",
2026-01-04T02:08:38.3759523Z             "description" : "The extractor attempts to determine what compiler the source code being extracted is compiled with. To this end the extractor makes additional calls to the compiler, some of which are expected to return within a certain fixed time (either 10s or 15s). On some systems that are under high load this time might be too short, and can be scaled up using this option.\n",
2026-01-04T02:08:38.3760704Z             "type" : "string",
2026-01-04T02:08:38.3760908Z             "pattern" : "[0-9]+"
2026-01-04T02:08:38.3761108Z           },
2026-01-04T02:08:38.3761271Z           "log_verbosity" : {
2026-01-04T02:08:38.3761515Z             "title" : "Verbosity of the extractor logging",
2026-01-04T02:08:38.3762049Z             "description" : "Set the verbosity of the extractor logging to 'quiet' (0), 'normal' (1), 'chatty' (2), or 'noisy' (3). The default is 'normal'.\n",
2026-01-04T02:08:38.3762719Z             "type" : "string",
2026-01-04T02:08:38.3762922Z             "pattern" : "[0-3]"
2026-01-04T02:08:38.3763109Z           },
2026-01-04T02:08:38.3763276Z           "frontend_options" : {
2026-01-04T02:08:38.3763515Z             "title" : "C/C++ extractor frontend options",
2026-01-04T02:08:38.3763968Z             "description" : "Set additional options that should be passed to the C/C++ extractor frontend.\n",
2026-01-04T02:08:38.3764375Z             "type" : "array",
2026-01-04T02:08:38.3764578Z             "visibility" : 3
2026-01-04T02:08:38.3764760Z           }
2026-01-04T02:08:38.3764909Z         }
2026-01-04T02:08:38.3765051Z       }
2026-01-04T02:08:38.3765196Z     ],
2026-01-04T02:08:38.3765577Z     "java" : [
2026-01-04T02:08:38.3765743Z       {
2026-01-04T02:08:38.3765999Z         "extractor_root" : "/opt/hostedtoolcache/CodeQL/2.23.8/x64/codeql/java",
2026-01-04T02:08:38.3766330Z         "extractor_options" : {
2026-01-04T02:08:38.3766536Z           "exclude" : {
2026-01-04T02:08:38.3766757Z             "title" : "A glob excluding files from analysis.",
2026-01-04T02:08:38.3767402Z             "description" : "A glob indicating what files to exclude from the analysis. This accepts glob patterns that are supported by Java's 'getPathMatcher' implementation.\n",
2026-01-04T02:08:38.3767997Z             "type" : "string"
2026-01-04T02:08:38.3768185Z           },
2026-01-04T02:08:38.3768354Z           "add_prefer_source" : {
2026-01-04T02:08:38.3768647Z             "title" : "Whether to always prefer source files over class files.",
2026-01-04T02:08:38.3769791Z             "description" : "A value indicating whether source files should be preferred over class files. If set to 'true', the extraction adds '-Xprefer:source' to the javac command line. If set to 'false', the extraction uses the default javac behavior ('-Xprefer:newer'). The default is 'true'.\n",
2026-01-04T02:08:38.3770735Z             "type" : "string",
2026-01-04T02:08:38.3770951Z             "pattern" : "^(false|true)$"
2026-01-04T02:08:38.3771162Z           },
2026-01-04T02:08:38.3771324Z           "buildless" : {
2026-01-04T02:08:38.3771624Z             "title" : "Whether to use buildless (standalone) extraction (experimental).",
2026-01-04T02:08:38.3773094Z             "description" : "A value indicating, which type of extraction the autobuilder should perform. If 'true', then the standalone extractor will be used, otherwise tracing extraction will be performed. The default is 'false'. Note that buildless extraction will generally yield less accurate analysis results, and should only be used in cases where it is not possible to build the code (for example if it uses inaccessible dependencies).\n",
2026-01-04T02:08:38.3774433Z             "type" : "string",
2026-01-04T02:08:38.3774641Z             "pattern" : "^(false|true)$"
2026-01-04T02:08:38.3774849Z           },
2026-01-04T02:08:38.3775022Z           "buildless_dependency_dir" : {
2026-01-04T02:08:38.3775574Z             "title" : "The path where buildless (standalone) extraction should keep dependencies.",
2026-01-04T02:08:38.3776138Z             "description" : "If set, the buildless (standalone) extractor will store dependencies in this directory.\n",
2026-01-04T02:08:38.3776923Z             "type" : "string"
2026-01-04T02:08:38.3777250Z           },
2026-01-04T02:08:38.3777525Z           "minimize_dependency_jars" : {
2026-01-04T02:08:38.3778034Z             "title" : "Whether to rewrite and minimize downloaded JAR dependencies (experimental).",
2026-01-04T02:08:38.3778774Z             "description" : "If 'true', JAR dependencies downloaded during extraction will be rewritten to remove unneeded data, such as method bodies. The default is 'false'.\n",
2026-01-04T02:08:38.3779373Z             "type" : "string",
2026-01-04T02:08:38.3779578Z             "pattern" : "^(false|true)$"
2026-01-04T02:08:38.3779784Z           }
2026-01-04T02:08:38.3779933Z         }
2026-01-04T02:08:38.3780221Z       }
2026-01-04T02:08:38.3780366Z     ],
2026-01-04T02:08:38.3780509Z     "html" : [
2026-01-04T02:08:38.3780666Z       {
2026-01-04T02:08:38.3780916Z         "extractor_root" : "/opt/hostedtoolcache/CodeQL/2.23.8/x64/codeql/html"
2026-01-04T02:08:38.3781225Z       }
2026-01-04T02:08:38.3781368Z     ],
2026-01-04T02:08:38.3781508Z     "yaml" : [
2026-01-04T02:08:38.3781664Z       {
2026-01-04T02:08:38.3781935Z         "extractor_root" : "/opt/hostedtoolcache/CodeQL/2.23.8/x64/codeql/yaml"
2026-01-04T02:08:38.3782261Z       }
2026-01-04T02:08:38.3782397Z     ],
2026-01-04T02:08:38.3782547Z     "swift" : [
2026-01-04T02:08:38.3782702Z       {
2026-01-04T02:08:38.3782951Z         "extractor_root" : "/opt/hostedtoolcache/CodeQL/2.23.8/x64/codeql/swift"
2026-01-04T02:08:38.3783264Z       }
2026-01-04T02:08:38.3783404Z     ],
2026-01-04T02:08:38.3783559Z     "properties" : [
2026-01-04T02:08:38.3783727Z       {
2026-01-04T02:08:38.3783995Z         "extractor_root" : "/opt/hostedtoolcache/CodeQL/2.23.8/x64/codeql/properties"
2026-01-04T02:08:38.3784330Z       }
2026-01-04T02:08:38.3784471Z     ],
2026-01-04T02:08:38.3784609Z     "ruby" : [
2026-01-04T02:08:38.3784762Z       {
2026-01-04T02:08:38.3784998Z         "extractor_root" : "/opt/hostedtoolcache/CodeQL/2.23.8/x64/codeql/ruby",
2026-01-04T02:08:38.3785505Z         "extractor_options" : {
2026-01-04T02:08:38.3785714Z           "trap" : {
2026-01-04T02:08:38.3785921Z             "title" : "Options pertaining to TRAP.",
2026-01-04T02:08:38.3786213Z             "description" : "Options pertaining to TRAP.",
2026-01-04T02:08:38.3786470Z             "type" : "object",
2026-01-04T02:08:38.3786679Z             "properties" : {
2026-01-04T02:08:38.3786876Z               "compression" : {
2026-01-04T02:08:38.3787332Z                 "title" : "Controls compression for the TRAP files written by the extractor.",
2026-01-04T02:08:38.3788296Z                 "description" : "This option is only intended for use in debugging the extractor. Accepted values are 'gzip' (the default, to write gzip-compressed TRAP) 'zstd' (to write Zstandard-compressed TRAP) and 'none' (to write uncompressed TRAP).\n",
2026-01-04T02:08:38.3789106Z                 "type" : "string",
2026-01-04T02:08:38.3789338Z                 "pattern" : "^(none|gzip|zstd)$"
2026-01-04T02:08:38.3789560Z               }
2026-01-04T02:08:38.3789717Z             }
2026-01-04T02:08:38.3789863Z           }
2026-01-04T02:08:38.3790009Z         }
2026-01-04T02:08:38.3790147Z       }
2026-01-04T02:08:38.3790287Z     ],
2026-01-04T02:08:38.3790423Z     "go" : [
2026-01-04T02:08:38.3790571Z       {
2026-01-04T02:08:38.3790808Z         "extractor_root" : "/opt/hostedtoolcache/CodeQL/2.23.8/x64/codeql/go",
2026-01-04T02:08:38.3791130Z         "extractor_options" : {
2026-01-04T02:08:38.3791338Z           "extract_tests" : {
2026-01-04T02:08:38.3791626Z             "title" : "Whether to include Go test files in the CodeQL database.",
2026-01-04T02:08:38.3792199Z             "description" : "A value indicating whether Go test files should be included in the CodeQL database. The default is 'false'.\n",
2026-01-04T02:08:38.3792685Z             "type" : "string",
2026-01-04T02:08:38.3792896Z             "pattern" : "^(false|true)$"
2026-01-04T02:08:38.3793118Z           },
2026-01-04T02:08:38.3793336Z           "extract_vendor_dirs" : {
2026-01-04T02:08:38.3793655Z             "title" : "Whether to include Go vendor directories in the CodeQL database.",
2026-01-04T02:08:38.3794273Z             "description" : "A value indicating whether Go vendor directories should be included in the CodeQL database. The default is 'false'.\n",
2026-01-04T02:08:38.3794780Z             "type" : "string",
2026-01-04T02:08:38.3794984Z             "pattern" : "^(false|true)$"
2026-01-04T02:08:38.3795204Z           }
2026-01-04T02:08:38.3795539Z         }
2026-01-04T02:08:38.3795696Z       }
2026-01-04T02:08:38.3795832Z     ],
2026-01-04T02:08:38.3795980Z     "csharp" : [
2026-01-04T02:08:38.3796138Z       {
2026-01-04T02:08:38.3796390Z         "extractor_root" : "/opt/hostedtoolcache/CodeQL/2.23.8/x64/codeql/csharp",
2026-01-04T02:08:38.3797235Z         "extractor_options" : {
2026-01-04T02:08:38.3797590Z           "trap" : {
2026-01-04T02:08:38.3797950Z             "title" : "Options pertaining to TRAP.",
2026-01-04T02:08:38.3798465Z             "description" : "Options pertaining to TRAP.",
2026-01-04T02:08:38.3798944Z             "type" : "object",
2026-01-04T02:08:38.3799310Z             "properties" : {
2026-01-04T02:08:38.3799686Z               "compression" : {
2026-01-04T02:08:38.3816650Z                 "title" : "Controls compression for the TRAP files written by the extractor.",
2026-01-04T02:08:38.3817646Z                 "description" : "This option is only intended for use in debugging the extractor. Accepted values are 'brotli' (the default, to write brotli-compressed TRAP), 'gzip', and 'none' (to write uncompressed TRAP).\n",
2026-01-04T02:08:38.3818400Z                 "type" : "string",
2026-01-04T02:08:38.3818647Z                 "pattern" : "^(none|gzip|brotli)$"
2026-01-04T02:08:38.3818905Z               }
2026-01-04T02:08:38.3819067Z             }
2026-01-04T02:08:38.3819228Z           },
2026-01-04T02:08:38.3819391Z           "buildless" : {
2026-01-04T02:08:38.3819704Z             "title" : "DEPRECATED - Whether to use buildless (standalone) extraction.",
2026-01-04T02:08:38.3821472Z             "description" : "DEPRECATED: Use `--build-mode none` instead.\nA value indicating, which type of extraction the autobuilder should perform. If 'true', then the standalone extractor will be used, otherwise tracing extraction will be performed. The default is 'false'. Note that buildless extraction will generally yield less accurate analysis results, and should only be used in cases where it is not possible to build the code (for example if it uses inaccessible dependencies).\n",
2026-01-04T02:08:38.3822970Z             "type" : "string",
2026-01-04T02:08:38.3823193Z             "pattern" : "^(false|true)$"
2026-01-04T02:08:38.3823422Z           },
2026-01-04T02:08:38.3823588Z           "logging" : {
2026-01-04T02:08:38.3823799Z             "title" : "Options pertaining to logging.",
2026-01-04T02:08:38.3824102Z             "description" : "Options pertaining to logging.",
2026-01-04T02:08:38.3824373Z             "type" : "object",
2026-01-04T02:08:38.3824573Z             "properties" : {
2026-01-04T02:08:38.3824778Z               "verbosity" : {
2026-01-04T02:08:38.3825008Z                 "title" : "Extractor logging verbosity level.",
2026-01-04T02:08:38.3826133Z                 "description" : "Controls the level of verbosity of the extractor. The supported levels are (in order of increasing verbosity):\n  - off\n  - errors\n  - warnings\n  - info or progress\n  - debug or progress+\n  - trace or progress++\n  - progress+++\n",
2026-01-04T02:08:38.3826953Z                 "type" : "string",
2026-01-04T02:08:38.3827376Z                 "pattern" : "^(off|errors|warnings|(info|progress)|(debug|progress\\+)|(trace|progress\\+\\+)|progress\\+\\+\\+)$"
2026-01-04T02:08:38.3827816Z               }
2026-01-04T02:08:38.3827969Z             }
2026-01-04T02:08:38.3828124Z           },
2026-01-04T02:08:38.3828274Z           "binlog" : {
2026-01-04T02:08:38.3828554Z             "title" : "Binlog",
2026-01-04T02:08:38.3829492Z             "description" : "[EXPERIMENTAL] The value is a path to the MsBuild binary log file that should be extracted. This option only works when `--build-mode none` is also specified.\n",
2026-01-04T02:08:38.3830538Z             "type" : "array"
2026-01-04T02:08:38.3830867Z           },
2026-01-04T02:08:38.3831160Z           "buildless_dependency_dir" : {
2026-01-04T02:08:38.3831830Z             "title" : "The path where buildless (standalone) extraction should keep dependencies.",
2026-01-04T02:08:38.3832876Z             "description" : "If set, the buildless (standalone) extractor will store dependencies in this directory.\n",
2026-01-04T02:08:38.3833648Z             "type" : "string"
2026-01-04T02:08:38.3833963Z           }
2026-01-04T02:08:38.3834441Z         }
2026-01-04T02:08:38.3834680Z       }
2026-01-04T02:08:38.3834924Z     ],
2026-01-04T02:08:38.3835178Z     "actions" : [
2026-01-04T02:08:38.3835635Z       {
2026-01-04T02:08:38.3836074Z         "extractor_root" : "/opt/hostedtoolcache/CodeQL/2.23.8/x64/codeql/actions",
2026-01-04T02:08:38.3836647Z         "extractor_options" : {
2026-01-04T02:08:38.3836994Z           "trap" : {
2026-01-04T02:08:38.3837299Z             "title" : "TRAP options",
2026-01-04T02:08:38.3837858Z             "description" : "Options about how the extractor handles TRAP files",
2026-01-04T02:08:38.3838390Z             "type" : "object",
2026-01-04T02:08:38.3838715Z             "visibility" : 3,
2026-01-04T02:08:38.3839043Z             "properties" : {
2026-01-04T02:08:38.3839409Z               "cache" : {
2026-01-04T02:08:38.3839775Z                 "title" : "TRAP cache options",
2026-01-04T02:08:38.3840380Z                 "description" : "Options about how the extractor handles its TRAP cache",
2026-01-04T02:08:38.3840982Z                 "type" : "object",
2026-01-04T02:08:38.3841363Z                 "properties" : {
2026-01-04T02:08:38.3841728Z                   "dir" : {
2026-01-04T02:08:38.3842092Z                     "title" : "TRAP cache directory",
2026-01-04T02:08:38.3842637Z                     "description" : "The directory of the TRAP cache to use",
2026-01-04T02:08:38.3843165Z                     "type" : "string"
2026-01-04T02:08:38.3843550Z                   },
2026-01-04T02:08:38.3843859Z                   "bound" : {
2026-01-04T02:08:38.3844202Z                     "title" : "TRAP cache bound",
2026-01-04T02:08:38.3844786Z                     "description" : "A soft limit (in MB) on the size of the TRAP cache",
2026-01-04T02:08:38.3845947Z                     "type" : "string",
2026-01-04T02:08:38.3846601Z                     "pattern" : "[0-9]+"
2026-01-04T02:08:38.3847013Z                   },
2026-01-04T02:08:38.3847352Z                   "write" : {
2026-01-04T02:08:38.3847771Z                     "title" : "TRAP cache writeable",
2026-01-04T02:08:38.3848420Z                     "description" : "Whether to write to the TRAP cache as well as reading it",
2026-01-04T02:08:38.3849068Z                     "type" : "string",
2026-01-04T02:08:38.3849502Z                     "pattern" : "(true|TRUE|false|FALSE)"
2026-01-04T02:08:38.3849934Z                   }
2026-01-04T02:08:38.3850226Z                 }
2026-01-04T02:08:38.3850506Z               }
2026-01-04T02:08:38.3850758Z             }
2026-01-04T02:08:38.3851027Z           }
2026-01-04T02:08:38.3851284Z         }
2026-01-04T02:08:38.3851539Z       }
2026-01-04T02:08:38.3851796Z     ]
2026-01-04T02:08:38.3852051Z   }
2026-01-04T02:08:38.3852274Z }
2026-01-04T02:08:38.3852610Z Found 1 languages that support TRAP caching
2026-01-04T02:08:38.3853221Z Analyzing default branch. Skipping downloading of TRAP caches.
2026-01-04T02:08:38.3854586Z Using overlay database mode: none without caching.
2026-01-04T02:08:38.3855948Z Not performing diff-informed analysis because we are not analyzing a pull request.
2026-01-04T02:08:38.3856888Z ##[endgroup]
2026-01-04T02:08:38.3866111Z While resolving threads, found a cgroup CPUs file with 4 CPUs in /sys/fs/cgroup/cpuset.cpus.effective.
2026-01-04T02:08:38.3871239Z Skipping download of dependency cache for actions as we have no caching configuration for it.
2026-01-04T02:08:38.3880834Z Writing augmented user configuration file to /home/runner/work/_temp/user-config.yaml
2026-01-04T02:08:38.3881864Z ##[group]Augmented user configuration file contents
2026-01-04T02:08:38.3893530Z default-setup:
2026-01-04T02:08:38.3893860Z   org:
2026-01-04T02:08:38.3894177Z     model-packs: []
2026-01-04T02:08:38.3894528Z threat-models: []
2026-01-04T02:08:38.3894729Z 
2026-01-04T02:08:38.3895104Z ##[endgroup]
2026-01-04T02:08:38.3899222Z [command]/opt/hostedtoolcache/CodeQL/2.23.8/x64/codeql/codeql database init --force-overwrite --db-cluster /home/runner/work/_temp/codeql_databases --source-root=/home/runner/work/scratchattach/scratchattach --calculate-language-specific-baseline --extractor-include-aliases --sublanguage-file-coverage --language=actions --codescanning-config=/home/runner/work/_temp/user-config.yaml --build-mode=none
2026-01-04T02:08:40.5120667Z Package install location: /home/runner/.codeql/packages
2026-01-04T02:08:40.5123001Z Nothing downloaded.
2026-01-04T02:08:41.2486851Z Calculating baseline information in /home/runner/work/scratchattach/scratchattach
2026-01-04T02:08:41.5899688Z Running command in /home/runner/work/scratchattach/scratchattach: [/opt/hostedtoolcache/CodeQL/2.23.8/x64/codeql/actions/tools/configure-baseline.sh]
2026-01-04T02:08:41.6008603Z Calculated baseline information for languages: actions, python (351ms).
2026-01-04T02:08:44.7425938Z Resolving extractor actions.
2026-01-04T02:08:44.7459731Z Successfully loaded extractor GitHub Actions (actions) from /opt/hostedtoolcache/CodeQL/2.23.8/x64/codeql/actions.
2026-01-04T02:08:44.7778290Z Created skeleton CodeQL database at /home/runner/work/_temp/codeql_databases/actions. This in-progress database is ready to be populated by an extractor.
2026-01-04T02:08:45.0072535Z ##[group]Run github/codeql-action/start-proxy@v4
2026-01-04T02:08:45.0072840Z with:
2026-01-04T02:08:45.0073002Z   language: actions
2026-01-04T02:08:45.0073190Z   registry_secrets: []
2026-01-04T02:08:45.0073492Z   token: ***
2026-01-04T02:08:45.0073904Z   matrix: {
  "language": "actions",
  "category": "/language:actions",
  "build-mode": "none",
  "runner": "[\"ubuntu-latest\"]"
}
2026-01-04T02:08:45.0074356Z env:
2026-01-04T02:08:45.0074520Z   CODE_SCANNING_REF: refs/heads/main
2026-01-04T02:08:45.0074761Z   CODE_SCANNING_BASE_BRANCH: 
2026-01-04T02:08:45.0075001Z   CODE_SCANNING_IS_ANALYZING_DEFAULT_BRANCH: true
2026-01-04T02:08:45.0075538Z   CODE_SCANNING_IS_STEADY_STATE_DEFAULT_SETUP: true
2026-01-04T02:08:45.0081382Z   CODE_SCANNING_WORKFLOW_FILE: H4sIAAAAAAAA/6RV32/bNhB+919x8AakfZDzsicBBaY4cuLNsFNJQZcVBUFTJ5mLTKr8kVTt8r8PFKVYWuM5Q/1kHj9+vLvv40nQPYYwncsc36+mE2VF4EM/f/sGJTc7u53hAwoz46K2Rs+YzJFoRoXgoiTKCuLw8PQ0kSKEvBF0z9lkguIhnADMN5cxSefRer1cX5EkXryaGAvH+W+GiyiNyUUSrefXr2XaUo1kq6hgu5cYlymJ1tHq7k+3uIwX0e0q+583cE2ooFXz1S1yLKitzH/fmGZxdHlH0izK4udL0zi7vQnBKIvfnfmwSX5frDYfyGK5il+b16NU90UlH0nBq1ahyV9yq50sPl10fwG83pEPwRvHvadG8S+ziorS0tKdfdtClRU6cDo7UKHk/rd0s37ToZUVAtVbXzJAjWrPteZSaH8PAGWmXYJCmncxJoVBYcbBmrJ7WuI4qJFZxU0TtCXrEB4VNzjpSbiwGEgRoFJShVDQSvtNbRQ1WDZ9FgXlVVBQbYYg6GruQQBcsMrmeAgABNB3JOxrGewCMHePVE0I58/Al3Bby6s82MscQxBS4GjTtzGEs49Tu7XC2KCiBrWZfjo7kkrdmJ0UJzN5AfZDiWiDdSdt0JlovkN2L60BhbXU3EjVdJRWOzW7ZpyzDvfrwy+TEcFScMNpxb8i+JE0Ou4tf+5c/rkKPNk5F7zl8cBHbnYHyVqfa66Dey5yHYI7GfTv4xnVd0h7X39v/slL/RpAD+EhOMcaRY6CNQGjbMdF6Q/5vs5QPHAlxR6FgXfv4MwXF+ykNpifDYk+W1TcZTedwk9w6QdMG21A2/4NdO+g4GUIfw+E7AZSoNHYOhwpLFU5DgC4IqrAvT8dwsdXDhovCGlPwdMTfBqQmp1CatrmVC1lt9srnrq0oFbySwOFVKCw5Nq4ejsSnod++7QVtKHKBC34mCMO9IQpzFE4u3XCa2QKjZ5dLbPr2wuSxFfLNEuWcUpuks0fd0NJDo/viGPGtr5BVUi17zztZ63m+nRF3aA+VNN9V/3PfSPer3x25HqTZl0d7mHO2jbMpDWtYO2KOHMNyxgR3GySkwS1VMcJ5hGZx0m2XCznURafomKUMFSGF9wNq6Okt8kqPUVlVaUPBGPBD5NwoFQfdIf+CQAA//+2RVGDAgkAAA==
2026-01-04T02:08:45.0087314Z   CODEQL_ACTION_FEATURE_MULTI_LANGUAGE: false
2026-01-04T02:08:45.0087580Z   CODEQL_ACTION_FEATURE_SANDWICH: false
2026-01-04T02:08:45.0087843Z   CODEQL_ACTION_FEATURE_SARIF_COMBINE: true
2026-01-04T02:08:45.0088095Z   CODEQL_ACTION_FEATURE_WILL_UPLOAD: true
2026-01-04T02:08:45.0088342Z   CODEQL_ACTION_VERSION: 4.31.9
2026-01-04T02:08:45.0088590Z   JOB_RUN_UUID: c458727b-7ff6-44f6-aec8-aeb6a7b09bc9
2026-01-04T02:08:45.0088867Z   CODEQL_ACTION_INIT_HAS_RUN: true
2026-01-04T02:08:45.0089188Z   CODEQL_ACTION_ANALYSIS_KEY: dynamic/github-code-scanning/codeql:analyze
2026-01-04T02:08:45.0089554Z   CODEQL_WORKFLOW_STARTED_AT: 2026-01-04T02:08:34.064Z
2026-01-04T02:08:45.0089820Z   CODEQL_RAM: 14581
2026-01-04T02:08:45.0089991Z   CODEQL_THREADS: 4
2026-01-04T02:08:45.0090163Z ##[endgroup]
2026-01-04T02:08:45.1578657Z Using registry_secrets input.
2026-01-04T02:08:45.1579717Z No credentials found, skipping proxy setup.
2026-01-04T02:08:45.1706849Z ##[group]Run github/codeql-action/analyze@v4
2026-01-04T02:08:45.1707293Z with:
2026-01-04T02:08:45.1707475Z   category: /language:actions
2026-01-04T02:08:45.1707684Z   output: ../results
2026-01-04T02:08:45.1707867Z   upload: always
2026-01-04T02:08:45.1708042Z   skip-queries: false
2026-01-04T02:08:45.1708314Z   checkout_path: /home/runner/work/scratchattach/scratchattach
2026-01-04T02:08:45.1708614Z   upload-database: true
2026-01-04T02:08:45.1708821Z   wait-for-processing: true
2026-01-04T02:08:45.1709148Z   token: ***
2026-01-04T02:08:45.1709547Z   matrix: {
  "language": "actions",
  "category": "/language:actions",
  "build-mode": "none",
  "runner": "[\"ubuntu-latest\"]"
}
2026-01-04T02:08:45.1710019Z   expect-error: false
2026-01-04T02:08:45.1710200Z env:
2026-01-04T02:08:45.1710372Z   CODE_SCANNING_REF: refs/heads/main
2026-01-04T02:08:45.1710604Z   CODE_SCANNING_BASE_BRANCH: 
2026-01-04T02:08:45.1710851Z   CODE_SCANNING_IS_ANALYZING_DEFAULT_BRANCH: true
2026-01-04T02:08:45.1711172Z   CODE_SCANNING_IS_STEADY_STATE_DEFAULT_SETUP: true
2026-01-04T02:08:45.1717179Z   CODE_SCANNING_WORKFLOW_FILE: H4sIAAAAAAAA/6RV32/bNhB+919x8AakfZDzsicBBaY4cuLNsFNJQZcVBUFTJ5mLTKr8kVTt8r8PFKVYWuM5Q/1kHj9+vLvv40nQPYYwncsc36+mE2VF4EM/f/sGJTc7u53hAwoz46K2Rs+YzJFoRoXgoiTKCuLw8PQ0kSKEvBF0z9lkguIhnADMN5cxSefRer1cX5EkXryaGAvH+W+GiyiNyUUSrefXr2XaUo1kq6hgu5cYlymJ1tHq7k+3uIwX0e0q+583cE2ooFXz1S1yLKitzH/fmGZxdHlH0izK4udL0zi7vQnBKIvfnfmwSX5frDYfyGK5il+b16NU90UlH0nBq1ahyV9yq50sPl10fwG83pEPwRvHvadG8S+ziorS0tKdfdtClRU6cDo7UKHk/rd0s37ToZUVAtVbXzJAjWrPteZSaH8PAGWmXYJCmncxJoVBYcbBmrJ7WuI4qJFZxU0TtCXrEB4VNzjpSbiwGEgRoFJShVDQSvtNbRQ1WDZ9FgXlVVBQbYYg6GruQQBcsMrmeAgABNB3JOxrGewCMHePVE0I58/Al3Bby6s82MscQxBS4GjTtzGEs49Tu7XC2KCiBrWZfjo7kkrdmJ0UJzN5AfZDiWiDdSdt0JlovkN2L60BhbXU3EjVdJRWOzW7ZpyzDvfrwy+TEcFScMNpxb8i+JE0Ou4tf+5c/rkKPNk5F7zl8cBHbnYHyVqfa66Dey5yHYI7GfTv4xnVd0h7X39v/slL/RpAD+EhOMcaRY6CNQGjbMdF6Q/5vs5QPHAlxR6FgXfv4MwXF+ykNpifDYk+W1TcZTedwk9w6QdMG21A2/4NdO+g4GUIfw+E7AZSoNHYOhwpLFU5DgC4IqrAvT8dwsdXDhovCGlPwdMTfBqQmp1CatrmVC1lt9srnrq0oFbySwOFVKCw5Nq4ejsSnod++7QVtKHKBC34mCMO9IQpzFE4u3XCa2QKjZ5dLbPr2wuSxFfLNEuWcUpuks0fd0NJDo/viGPGtr5BVUi17zztZ63m+nRF3aA+VNN9V/3PfSPer3x25HqTZl0d7mHO2jbMpDWtYO2KOHMNyxgR3GySkwS1VMcJ5hGZx0m2XCznURafomKUMFSGF9wNq6Okt8kqPUVlVaUPBGPBD5NwoFQfdIf+CQAA//+2RVGDAgkAAA==
2026-01-04T02:08:45.1723036Z   CODEQL_ACTION_FEATURE_MULTI_LANGUAGE: false
2026-01-04T02:08:45.1723301Z   CODEQL_ACTION_FEATURE_SANDWICH: false
2026-01-04T02:08:45.1723553Z   CODEQL_ACTION_FEATURE_SARIF_COMBINE: true
2026-01-04T02:08:45.1723810Z   CODEQL_ACTION_FEATURE_WILL_UPLOAD: true
2026-01-04T02:08:45.1724049Z   CODEQL_ACTION_VERSION: 4.31.9
2026-01-04T02:08:45.1724296Z   JOB_RUN_UUID: c458727b-7ff6-44f6-aec8-aeb6a7b09bc9
2026-01-04T02:08:45.1724564Z   CODEQL_ACTION_INIT_HAS_RUN: true
2026-01-04T02:08:45.1724890Z   CODEQL_ACTION_ANALYSIS_KEY: dynamic/github-code-scanning/codeql:analyze
2026-01-04T02:08:45.1725419Z   CODEQL_WORKFLOW_STARTED_AT: 2026-01-04T02:08:34.064Z
2026-01-04T02:08:45.1725708Z   CODEQL_RAM: 14581
2026-01-04T02:08:45.1725894Z   CODEQL_THREADS: 4
2026-01-04T02:08:45.1726073Z   CODEQL_PROXY_HOST: 
2026-01-04T02:08:45.1726260Z   CODEQL_PROXY_PORT: 
2026-01-04T02:08:45.1726448Z   CODEQL_PROXY_CA_CERTIFICATE: 
2026-01-04T02:08:45.1726657Z   CODEQL_PROXY_URLS: 
2026-01-04T02:08:45.1726832Z ##[endgroup]
2026-01-04T02:08:46.2120763Z While resolving threads, found a cgroup CPUs file with 4 CPUs in /sys/fs/cgroup/cpuset.cpus.effective.
2026-01-04T02:08:46.2157172Z Not performing diff-informed analysis because we are not analyzing a pull request.
2026-01-04T02:08:46.2197982Z ##[group]Extracting actions
2026-01-04T02:08:46.2202993Z [command]/opt/hostedtoolcache/CodeQL/2.23.8/x64/codeql/codeql database trace-command --use-build-mode --working-dir /home/runner/work/scratchattach/scratchattach -O=actions.trap.cache.dir=/home/runner/work/_temp/trapCaches/actions -O=actions.trap.cache.bound=1024 -O=actions.trap.cache.write=true /home/runner/work/_temp/codeql_databases/actions
2026-01-04T02:08:47.0135868Z Running command in /home/runner/work/scratchattach/scratchattach: [/opt/hostedtoolcache/CodeQL/2.23.8/x64/codeql/actions/tools/autobuild.sh]
2026-01-04T02:08:47.0306675Z [2026-01-04 02:08:47] [build-stdout] LGTM_INDEX_FILTERS not set. Using the default filters, and passing through to the JavaScript extractor.
2026-01-04T02:08:47.9144393Z [2026-01-04 02:08:47] [build-stdout] Found JavaScript extractor at '/opt/hostedtoolcache/CodeQL/2.23.8/x64/codeql/javascript'.
2026-01-04T02:08:47.9145939Z [2026-01-04 02:08:47] [build-stdout] Running JavaScript autobuilder at '/opt/hostedtoolcache/CodeQL/2.23.8/x64/codeql/javascript/tools/autobuild.sh'.
2026-01-04T02:08:48.1919569Z [2026-01-04 02:08:48] [build-stdout] Parallel extraction with 4 threads.
2026-01-04T02:08:48.2237961Z [2026-01-04 02:08:48] [build-stdout] Extracting /home/runner/work/scratchattach/scratchattach/.github/workflows/action1.yml
2026-01-04T02:08:48.2239367Z [2026-01-04 02:08:48] [build-stdout] Extracting /home/runner/work/scratchattach/scratchattach/.github/workflows/action2.yml
2026-01-04T02:08:48.2240743Z [2026-01-04 02:08:48] [build-stdout] Extracting /home/runner/work/scratchattach/scratchattach/.github/workflows/action3.yml
2026-01-04T02:08:48.2249674Z [2026-01-04 02:08:48] [build-stdout] Extracting /home/runner/work/scratchattach/scratchattach/.github/workflows/action4.yml
2026-01-04T02:08:48.3224060Z [2026-01-04 02:08:48] [build-stdout] Done extracting /home/runner/work/scratchattach/scratchattach/.github/workflows/action3.yml (86 ms)
2026-01-04T02:08:48.3225837Z [2026-01-04 02:08:48] [build-stdout] Extracting /home/runner/work/scratchattach/scratchattach/.github/workflows/test-multivalue.yml
2026-01-04T02:08:48.3227251Z [2026-01-04 02:08:48] [build-stdout] Done extracting /home/runner/work/scratchattach/scratchattach/.github/workflows/action2.yml (93 ms)
2026-01-04T02:08:48.3228649Z [2026-01-04 02:08:48] [build-stdout] Done extracting /home/runner/work/scratchattach/scratchattach/.github/workflows/action1.yml (97 ms)
2026-01-04T02:08:48.3297609Z [2026-01-04 02:08:48] [build-stdout] Done extracting /home/runner/work/scratchattach/scratchattach/.github/workflows/action4.yml (102 ms)
2026-01-04T02:08:48.3331385Z [2026-01-04 02:08:48] [build-stdout] Done extracting /home/runner/work/scratchattach/scratchattach/.github/workflows/test-multivalue.yml (16 ms)
2026-01-04T02:08:48.3687686Z ##[endgroup]
2026-01-04T02:08:48.3693943Z ##[group]Finalizing actions
2026-01-04T02:08:48.3695993Z [command]/opt/hostedtoolcache/CodeQL/2.23.8/x64/codeql/codeql database finalize --finalize-dataset --threads=4 --ram=14581 /home/runner/work/_temp/codeql_databases/actions
2026-01-04T02:08:49.1311371Z Running TRAP import for CodeQL database at /home/runner/work/_temp/codeql_databases/actions...
2026-01-04T02:08:49.9516507Z Importing TRAP files
2026-01-04T02:08:50.2451489Z Merging relations
2026-01-04T02:08:50.3707738Z Finished writing database (relations: 8.15 KiB; string pool: 2.05 MiB).
2026-01-04T02:08:50.4141881Z TRAP import complete (1.3s).
2026-01-04T02:08:50.6087077Z Finished zipping source archive (3.96 KiB).
2026-01-04T02:08:50.6202943Z ##[endgroup]
2026-01-04T02:08:50.6208221Z ##[group]Running queries for actions
2026-01-04T02:08:50.6210270Z [command]/opt/hostedtoolcache/CodeQL/2.23.8/x64/codeql/codeql database run-queries --ram=14581 --threads=4 --expect-discarded-cache /home/runner/work/_temp/codeql_databases/actions --min-disk-free=1024 -v
2026-01-04T02:08:51.3496377Z Writing logs to /home/runner/work/_temp/codeql_databases/actions/log/database-run-queries-20260104.020851.346.log.
2026-01-04T02:08:51.3983110Z Stringpool size measured as 2146714
2026-01-04T02:08:51.9793281Z Writing logs to /home/runner/work/_temp/codeql_databases/actions/log/execute-queries-20260104.020851.975.log.
2026-01-04T02:08:52.3020434Z Recording pack reference codeql/actions-queries at /opt/hostedtoolcache/CodeQL/2.23.8/x64/codeql/qlpacks/codeql/actions-queries/0.6.16.
2026-01-04T02:08:54.0688826Z Compiling in 3 threads due to RAM limits.
2026-01-04T02:08:54.5178628Z [1/18] Loaded /opt/hostedtoolcache/CodeQL/2.23.8/x64/codeql/qlpacks/codeql/actions-queries/0.6.16/Security/CWE-312/ExcessiveSecretsExposure.qlx.
2026-01-04T02:08:54.5208756Z [2/18] Loaded /opt/hostedtoolcache/CodeQL/2.23.8/x64/codeql/qlpacks/codeql/actions-queries/0.6.16/Security/CWE-312/UnmaskedSecretExposure.qlx.
2026-01-04T02:08:54.6303640Z [3/18] Loaded /opt/hostedtoolcache/CodeQL/2.23.8/x64/codeql/qlpacks/codeql/actions-queries/0.6.16/Security/CWE-312/SecretsInArtifacts.qlx.
2026-01-04T02:08:55.3234424Z [4/18] Loaded /opt/hostedtoolcache/CodeQL/2.23.8/x64/codeql/qlpacks/codeql/actions-queries/0.6.16/Security/CWE-829/ArtifactPoisoningCritical.qlx.
2026-01-04T02:08:55.3511653Z [5/18] Loaded /opt/hostedtoolcache/CodeQL/2.23.8/x64/codeql/qlpacks/codeql/actions-queries/0.6.16/Security/CWE-829/UntrustedCheckoutCritical.qlx.
2026-01-04T02:08:55.3708343Z [6/18] Loaded /opt/hostedtoolcache/CodeQL/2.23.8/x64/codeql/qlpacks/codeql/actions-queries/0.6.16/Security/CWE-829/UntrustedCheckoutHigh.qlx.
2026-01-04T02:08:55.3889321Z [7/18] Loaded /opt/hostedtoolcache/CodeQL/2.23.8/x64/codeql/qlpacks/codeql/actions-queries/0.6.16/Security/CWE-1395/UseOfKnownVulnerableAction.qlx.
2026-01-04T02:08:55.5382746Z [8/18] Loaded /opt/hostedtoolcache/CodeQL/2.23.8/x64/codeql/qlpacks/codeql/actions-queries/0.6.16/Security/CWE-094/CodeInjectionCritical.qlx.
2026-01-04T02:08:55.5642237Z [9/18] Loaded /opt/hostedtoolcache/CodeQL/2.23.8/x64/codeql/qlpacks/codeql/actions-queries/0.6.16/Security/CWE-367/UntrustedCheckoutTOCTOUCritical.qlx.
2026-01-04T02:08:55.5737563Z [10/18] Loaded /opt/hostedtoolcache/CodeQL/2.23.8/x64/codeql/qlpacks/codeql/actions-queries/0.6.16/Security/CWE-367/UntrustedCheckoutTOCTOUHigh.qlx.
2026-01-04T02:08:55.6076882Z [11/18] Loaded /opt/hostedtoolcache/CodeQL/2.23.8/x64/codeql/qlpacks/codeql/actions-queries/0.6.16/Security/CWE-275/MissingActionsPermissions.qlx.
2026-01-04T02:08:55.7297180Z [12/18] Loaded /opt/hostedtoolcache/CodeQL/2.23.8/x64/codeql/qlpacks/codeql/actions-queries/0.6.16/Security/CWE-285/ImproperAccessControl.qlx.
2026-01-04T02:08:55.8700453Z [13/18] Loaded /opt/hostedtoolcache/CodeQL/2.23.8/x64/codeql/qlpacks/codeql/actions-queries/0.6.16/Security/CWE-077/EnvPathInjectionCritical.qlx.
2026-01-04T02:08:55.9001754Z [14/18] Loaded /opt/hostedtoolcache/CodeQL/2.23.8/x64/codeql/qlpacks/codeql/actions-queries/0.6.16/Security/CWE-077/EnvVarInjectionCritical.qlx.
2026-01-04T02:08:55.9011443Z [15/18] Loaded /opt/hostedtoolcache/CodeQL/2.23.8/x64/codeql/qlpacks/codeql/actions-queries/0.6.16/Security/CWE-349/CachePoisoningViaCodeInjection.qlx.
2026-01-04T02:08:55.9537452Z [16/18] Loaded /opt/hostedtoolcache/CodeQL/2.23.8/x64/codeql/qlpacks/codeql/actions-queries/0.6.16/Diagnostics/SuccessfullyExtractedFiles.qlx.
2026-01-04T02:08:56.0383316Z [17/18] Loaded /opt/hostedtoolcache/CodeQL/2.23.8/x64/codeql/qlpacks/codeql/actions-queries/0.6.16/Security/CWE-349/CachePoisoningViaPoisonableStep.qlx.
2026-01-04T02:08:56.0916213Z [18/18] Loaded /opt/hostedtoolcache/CodeQL/2.23.8/x64/codeql/qlpacks/codeql/actions-queries/0.6.16/Security/CWE-349/CachePoisoningViaDirectCache.qlx.
2026-01-04T02:08:56.4144545Z Starting evaluation of codeql/actions-queries/Diagnostics/SuccessfullyExtractedFiles.ql.
2026-01-04T02:08:56.4145890Z Starting evaluation of codeql/actions-queries/Security/CWE-077/EnvPathInjectionCritical.ql.
2026-01-04T02:08:56.4156578Z Starting evaluation of codeql/actions-queries/Security/CWE-077/EnvVarInjectionCritical.ql.
2026-01-04T02:08:56.4157669Z Starting evaluation of codeql/actions-queries/Security/CWE-094/CodeInjectionCritical.ql.
2026-01-04T02:08:56.4223135Z Starting evaluation of codeql/actions-queries/Security/CWE-1395/UseOfKnownVulnerableAction.ql.
2026-01-04T02:08:56.4224315Z Starting evaluation of codeql/actions-queries/Security/CWE-275/MissingActionsPermissions.ql.
2026-01-04T02:08:56.4225593Z Starting evaluation of codeql/actions-queries/Security/CWE-285/ImproperAccessControl.ql.
2026-01-04T02:08:56.6554874Z [1/18 eval 233ms] Evaluation done; writing results to codeql/actions-queries/Diagnostics/SuccessfullyExtractedFiles.bqrs.
2026-01-04T02:08:56.6817019Z Starting evaluation of codeql/actions-queries/Security/CWE-312/ExcessiveSecretsExposure.ql.
2026-01-04T02:08:57.4547874Z Starting evaluation of codeql/actions-queries/Security/CWE-312/SecretsInArtifacts.ql.
2026-01-04T02:08:57.4552472Z Starting evaluation of codeql/actions-queries/Security/CWE-312/UnmaskedSecretExposure.ql.
2026-01-04T02:08:57.4553886Z Starting evaluation of codeql/actions-queries/Security/CWE-349/CachePoisoningViaCodeInjection.ql.
2026-01-04T02:08:57.4781276Z [2/18 eval 26ms] Evaluation done; writing results to codeql/actions-queries/Security/CWE-312/UnmaskedSecretExposure.bqrs.
2026-01-04T02:08:57.4810145Z [3/18 eval 801ms] Evaluation done; writing results to codeql/actions-queries/Security/CWE-312/ExcessiveSecretsExposure.bqrs.
2026-01-04T02:08:57.4942929Z [4/18 eval 1.1s] Evaluation done; writing results to codeql/actions-queries/Security/CWE-1395/UseOfKnownVulnerableAction.bqrs.
2026-01-04T02:08:57.6770492Z [5/18 eval 1.3s] Evaluation done; writing results to codeql/actions-queries/Security/CWE-275/MissingActionsPermissions.bqrs.
2026-01-04T02:08:57.7244910Z [6/18 eval 1.3s] Evaluation done; writing results to codeql/actions-queries/Security/CWE-285/ImproperAccessControl.bqrs.
2026-01-04T02:08:57.7407049Z [7/18 eval 291ms] Evaluation done; writing results to codeql/actions-queries/Security/CWE-312/SecretsInArtifacts.bqrs.
2026-01-04T02:08:57.7414087Z Starting evaluation of codeql/actions-queries/Security/CWE-349/CachePoisoningViaDirectCache.ql.
2026-01-04T02:08:57.7569101Z Starting evaluation of codeql/actions-queries/Security/CWE-349/CachePoisoningViaPoisonableStep.ql.
2026-01-04T02:08:57.7881768Z [8/18 eval 46ms] Evaluation done; writing results to codeql/actions-queries/Security/CWE-349/CachePoisoningViaDirectCache.bqrs.
2026-01-04T02:08:57.8041271Z Starting evaluation of codeql/actions-queries/Security/CWE-367/UntrustedCheckoutTOCTOUCritical.ql.
2026-01-04T02:08:57.8074658Z Starting evaluation of codeql/actions-queries/Security/CWE-367/UntrustedCheckoutTOCTOUHigh.ql.
2026-01-04T02:08:57.9254939Z Starting evaluation of codeql/actions-queries/Security/CWE-829/ArtifactPoisoningCritical.ql.
2026-01-04T02:08:57.9794116Z Starting evaluation of codeql/actions-queries/Security/CWE-829/UntrustedCheckoutCritical.ql.
2026-01-04T02:08:57.9810451Z Starting evaluation of codeql/actions-queries/Security/CWE-829/UntrustedCheckoutHigh.ql.
2026-01-04T02:08:58.0743331Z [9/18 eval 1.7s] Evaluation done; writing results to codeql/actions-queries/Security/CWE-094/CodeInjectionCritical.bqrs.
2026-01-04T02:08:58.1136780Z [10/18 eval 662ms] Evaluation done; writing results to codeql/actions-queries/Security/CWE-349/CachePoisoningViaCodeInjection.bqrs.
2026-01-04T02:08:58.1517541Z [11/18 eval 171ms] Evaluation done; writing results to codeql/actions-queries/Security/CWE-829/UntrustedCheckoutHigh.bqrs.
2026-01-04T02:08:58.1575964Z [12/18 eval 350ms] Evaluation done; writing results to codeql/actions-queries/Security/CWE-367/UntrustedCheckoutTOCTOUHigh.bqrs.
2026-01-04T02:08:58.1732755Z [13/18 eval 1.8s] Evaluation done; writing results to codeql/actions-queries/Security/CWE-077/EnvPathInjectionCritical.bqrs.
2026-01-04T02:08:58.1777454Z [14/18 eval 1.8s] Evaluation done; writing results to codeql/actions-queries/Security/CWE-077/EnvVarInjectionCritical.bqrs.
2026-01-04T02:08:58.1876756Z [15/18 eval 383ms] Evaluation done; writing results to codeql/actions-queries/Security/CWE-367/UntrustedCheckoutTOCTOUCritical.bqrs.
2026-01-04T02:08:58.1878161Z [16/18 eval 207ms] Evaluation done; writing results to codeql/actions-queries/Security/CWE-829/UntrustedCheckoutCritical.bqrs.
2026-01-04T02:08:58.2046192Z [17/18 eval 449ms] Evaluation done; writing results to codeql/actions-queries/Security/CWE-349/CachePoisoningViaPoisonableStep.bqrs.
2026-01-04T02:08:58.2255835Z [18/18 eval 302ms] Evaluation done; writing results to codeql/actions-queries/Security/CWE-829/ArtifactPoisoningCritical.bqrs.
2026-01-04T02:08:58.2262968Z Shutting down query evaluator.
2026-01-04T02:08:58.2799154Z Interpreting code scanning results for actions
2026-01-04T02:08:59.0016174Z Writing logs to /home/runner/work/_temp/codeql_databases/actions/log/database-interpret-results-20260104.020858.998.log.
2026-01-04T02:08:59.1469194Z Recording pack reference codeql/actions-queries at /opt/hostedtoolcache/CodeQL/2.23.8/x64/codeql/qlpacks/codeql/actions-queries/0.6.16.
2026-01-04T02:08:59.1709375Z Resolving extensions
2026-01-04T02:08:59.9574950Z Interpreting /opt/hostedtoolcache/CodeQL/2.23.8/x64/codeql/qlpacks/codeql/actions-queries/0.6.16/Security/CWE-312/UnmaskedSecretExposure.ql...
2026-01-04T02:08:59.9889035Z  ... found results file at /home/runner/work/_temp/codeql_databases/actions/results/codeql/actions-queries/Security/CWE-312/UnmaskedSecretExposure.bqrs.
2026-01-04T02:09:00.0039093Z Interpreting /opt/hostedtoolcache/CodeQL/2.23.8/x64/codeql/qlpacks/codeql/actions-queries/0.6.16/Security/CWE-312/SecretsInArtifacts.ql...
2026-01-04T02:09:00.0175016Z  ... found results file at /home/runner/work/_temp/codeql_databases/actions/results/codeql/actions-queries/Security/CWE-312/SecretsInArtifacts.bqrs.
2026-01-04T02:09:00.0181590Z Interpreting /opt/hostedtoolcache/CodeQL/2.23.8/x64/codeql/qlpacks/codeql/actions-queries/0.6.16/Security/CWE-312/ExcessiveSecretsExposure.ql...
2026-01-04T02:09:00.0290888Z  ... found results file at /home/runner/work/_temp/codeql_databases/actions/results/codeql/actions-queries/Security/CWE-312/ExcessiveSecretsExposure.bqrs.
2026-01-04T02:09:00.0297418Z Interpreting /opt/hostedtoolcache/CodeQL/2.23.8/x64/codeql/qlpacks/codeql/actions-queries/0.6.16/Security/CWE-829/ArtifactPoisoningCritical.ql...
2026-01-04T02:09:00.0399426Z  ... found results file at /home/runner/work/_temp/codeql_databases/actions/results/codeql/actions-queries/Security/CWE-829/ArtifactPoisoningCritical.bqrs.
2026-01-04T02:09:00.0405990Z Interpreting /opt/hostedtoolcache/CodeQL/2.23.8/x64/codeql/qlpacks/codeql/actions-queries/0.6.16/Security/CWE-829/UntrustedCheckoutCritical.ql...
2026-01-04T02:09:00.0516837Z  ... found results file at /home/runner/work/_temp/codeql_databases/actions/results/codeql/actions-queries/Security/CWE-829/UntrustedCheckoutCritical.bqrs.
2026-01-04T02:09:00.0518793Z Interpreting /opt/hostedtoolcache/CodeQL/2.23.8/x64/codeql/qlpacks/codeql/actions-queries/0.6.16/Security/CWE-829/UntrustedCheckoutHigh.ql...
2026-01-04T02:09:00.0590552Z  ... found results file at /home/runner/work/_temp/codeql_databases/actions/results/codeql/actions-queries/Security/CWE-829/UntrustedCheckoutHigh.bqrs.
2026-01-04T02:09:00.0597935Z Interpreting /opt/hostedtoolcache/CodeQL/2.23.8/x64/codeql/qlpacks/codeql/actions-queries/0.6.16/Security/CWE-1395/UseOfKnownVulnerableAction.ql...
2026-01-04T02:09:00.0676783Z  ... found results file at /home/runner/work/_temp/codeql_databases/actions/results/codeql/actions-queries/Security/CWE-1395/UseOfKnownVulnerableAction.bqrs.
2026-01-04T02:09:00.0681296Z Interpreting /opt/hostedtoolcache/CodeQL/2.23.8/x64/codeql/qlpacks/codeql/actions-queries/0.6.16/Security/CWE-094/CodeInjectionCritical.ql...
2026-01-04T02:09:00.0764433Z  ... found results file at /home/runner/work/_temp/codeql_databases/actions/results/codeql/actions-queries/Security/CWE-094/CodeInjectionCritical.bqrs.
2026-01-04T02:09:00.0766815Z Interpreting /opt/hostedtoolcache/CodeQL/2.23.8/x64/codeql/qlpacks/codeql/actions-queries/0.6.16/Security/CWE-367/UntrustedCheckoutTOCTOUCritical.ql...
2026-01-04T02:09:00.0840274Z  ... found results file at /home/runner/work/_temp/codeql_databases/actions/results/codeql/actions-queries/Security/CWE-367/UntrustedCheckoutTOCTOUCritical.bqrs.
2026-01-04T02:09:00.0849939Z Interpreting /opt/hostedtoolcache/CodeQL/2.23.8/x64/codeql/qlpacks/codeql/actions-queries/0.6.16/Security/CWE-367/UntrustedCheckoutTOCTOUHigh.ql...
2026-01-04T02:09:00.0921149Z  ... found results file at /home/runner/work/_temp/codeql_databases/actions/results/codeql/actions-queries/Security/CWE-367/UntrustedCheckoutTOCTOUHigh.bqrs.
2026-01-04T02:09:00.0929634Z Interpreting /opt/hostedtoolcache/CodeQL/2.23.8/x64/codeql/qlpacks/codeql/actions-queries/0.6.16/Security/CWE-275/MissingActionsPermissions.ql...
2026-01-04T02:09:00.0998081Z  ... found results file at /home/runner/work/_temp/codeql_databases/actions/results/codeql/actions-queries/Security/CWE-275/MissingActionsPermissions.bqrs.
2026-01-04T02:09:00.0999810Z Interpreting /opt/hostedtoolcache/CodeQL/2.23.8/x64/codeql/qlpacks/codeql/actions-queries/0.6.16/Security/CWE-077/EnvVarInjectionCritical.ql...
2026-01-04T02:09:00.1066951Z  ... found results file at /home/runner/work/_temp/codeql_databases/actions/results/codeql/actions-queries/Security/CWE-077/EnvVarInjectionCritical.bqrs.
2026-01-04T02:09:00.1072693Z Interpreting /opt/hostedtoolcache/CodeQL/2.23.8/x64/codeql/qlpacks/codeql/actions-queries/0.6.16/Security/CWE-077/EnvPathInjectionCritical.ql...
2026-01-04T02:09:00.1141763Z  ... found results file at /home/runner/work/_temp/codeql_databases/actions/results/codeql/actions-queries/Security/CWE-077/EnvPathInjectionCritical.bqrs.
2026-01-04T02:09:00.1148138Z Interpreting /opt/hostedtoolcache/CodeQL/2.23.8/x64/codeql/qlpacks/codeql/actions-queries/0.6.16/Security/CWE-285/ImproperAccessControl.ql...
2026-01-04T02:09:00.1217550Z  ... found results file at /home/runner/work/_temp/codeql_databases/actions/results/codeql/actions-queries/Security/CWE-285/ImproperAccessControl.bqrs.
2026-01-04T02:09:00.1231684Z Interpreting /opt/hostedtoolcache/CodeQL/2.23.8/x64/codeql/qlpacks/codeql/actions-queries/0.6.16/Security/CWE-349/CachePoisoningViaCodeInjection.ql...
2026-01-04T02:09:00.1311358Z  ... found results file at /home/runner/work/_temp/codeql_databases/actions/results/codeql/actions-queries/Security/CWE-349/CachePoisoningViaCodeInjection.bqrs.
2026-01-04T02:09:00.1313364Z Interpreting /opt/hostedtoolcache/CodeQL/2.23.8/x64/codeql/qlpacks/codeql/actions-queries/0.6.16/Security/CWE-349/CachePoisoningViaPoisonableStep.ql...
2026-01-04T02:09:00.1358856Z  ... found results file at /home/runner/work/_temp/codeql_databases/actions/results/codeql/actions-queries/Security/CWE-349/CachePoisoningViaPoisonableStep.bqrs.
2026-01-04T02:09:00.1364736Z Interpreting /opt/hostedtoolcache/CodeQL/2.23.8/x64/codeql/qlpacks/codeql/actions-queries/0.6.16/Security/CWE-349/CachePoisoningViaDirectCache.ql...
2026-01-04T02:09:00.1420504Z  ... found results file at /home/runner/work/_temp/codeql_databases/actions/results/codeql/actions-queries/Security/CWE-349/CachePoisoningViaDirectCache.bqrs.
2026-01-04T02:09:00.1436618Z Interpreting /opt/hostedtoolcache/CodeQL/2.23.8/x64/codeql/qlpacks/codeql/actions-queries/0.6.16/Diagnostics/SuccessfullyExtractedFiles.ql...
2026-01-04T02:09:00.1490294Z  ... found results file at /home/runner/work/_temp/codeql_databases/actions/results/codeql/actions-queries/Diagnostics/SuccessfullyExtractedFiles.bqrs.
2026-01-04T02:09:00.2263694Z Interpreted problem query "Unmasked Secret Exposure" (actions/unmasked-secret-exposure) at path /home/runner/work/_temp/codeql_databases/actions/results/codeql/actions-queries/Security/CWE-312/UnmaskedSecretExposure.bqrs.
2026-01-04T02:09:00.2266793Z Interpreted problem query "Storage of sensitive information in GitHub Actions artifact" (actions/secrets-in-artifacts) at path /home/runner/work/_temp/codeql_databases/actions/results/codeql/actions-queries/Security/CWE-312/SecretsInArtifacts.bqrs.
2026-01-04T02:09:00.2269592Z Interpreted problem query "Excessive Secrets Exposure" (actions/excessive-secrets-exposure) at path /home/runner/work/_temp/codeql_databases/actions/results/codeql/actions-queries/Security/CWE-312/ExcessiveSecretsExposure.bqrs.
2026-01-04T02:09:00.2286965Z Interpreted pathproblem query "Artifact poisoning" (actions/artifact-poisoning/critical) at path /home/runner/work/_temp/codeql_databases/actions/results/codeql/actions-queries/Security/CWE-829/ArtifactPoisoningCritical.bqrs.
2026-01-04T02:09:00.2289740Z Interpreted pathproblem query "Checkout of untrusted code in a privileged context" (actions/untrusted-checkout/critical) at path /home/runner/work/_temp/codeql_databases/actions/results/codeql/actions-queries/Security/CWE-829/UntrustedCheckoutCritical.bqrs.
2026-01-04T02:09:00.2292907Z Interpreted problem query "Checkout of untrusted code in trusted context" (actions/untrusted-checkout/high) at path /home/runner/work/_temp/codeql_databases/actions/results/codeql/actions-queries/Security/CWE-829/UntrustedCheckoutHigh.bqrs.
2026-01-04T02:09:00.2301784Z Interpreted problem query "Use of a known vulnerable action" (actions/vulnerable-action) at path /home/runner/work/_temp/codeql_databases/actions/results/codeql/actions-queries/Security/CWE-1395/UseOfKnownVulnerableAction.bqrs.
2026-01-04T02:09:00.2327685Z Interpreted pathproblem query "Code injection" (actions/code-injection/critical) at path /home/runner/work/_temp/codeql_databases/actions/results/codeql/actions-queries/Security/CWE-094/CodeInjectionCritical.bqrs.
2026-01-04T02:09:00.2349177Z Interpreted pathproblem query "Untrusted Checkout TOCTOU" (actions/untrusted-checkout-toctou/critical) at path /home/runner/work/_temp/codeql_databases/actions/results/codeql/actions-queries/Security/CWE-367/UntrustedCheckoutTOCTOUCritical.bqrs.
2026-01-04T02:09:00.2352281Z Interpreted problem query "Untrusted Checkout TOCTOU" (actions/untrusted-checkout-toctou/high) at path /home/runner/work/_temp/codeql_databases/actions/results/codeql/actions-queries/Security/CWE-367/UntrustedCheckoutTOCTOUHigh.bqrs.
2026-01-04T02:09:00.2355240Z Interpreted problem query "Workflow does not contain permissions" (actions/missing-workflow-permissions) at path /home/runner/work/_temp/codeql_databases/actions/results/codeql/actions-queries/Security/CWE-275/MissingActionsPermissions.bqrs.
2026-01-04T02:09:00.2358518Z Interpreted pathproblem query "Environment variable built from user-controlled sources" (actions/envvar-injection/critical) at path /home/runner/work/_temp/codeql_databases/actions/results/codeql/actions-queries/Security/CWE-077/EnvVarInjectionCritical.bqrs.
2026-01-04T02:09:00.2361709Z Interpreted pathproblem query "PATH environment variable built from user-controlled sources" (actions/envpath-injection/critical) at path /home/runner/work/_temp/codeql_databases/actions/results/codeql/actions-queries/Security/CWE-077/EnvPathInjectionCritical.bqrs.
2026-01-04T02:09:00.2364576Z Interpreted problem query "Improper Access Control" (actions/improper-access-control) at path /home/runner/work/_temp/codeql_databases/actions/results/codeql/actions-queries/Security/CWE-285/ImproperAccessControl.bqrs.
2026-01-04T02:09:00.2383776Z Interpreted pathproblem query "Cache Poisoning via low-privileged code injection" (actions/cache-poisoning/code-injection) at path /home/runner/work/_temp/codeql_databases/actions/results/codeql/actions-queries/Security/CWE-349/CachePoisoningViaCodeInjection.bqrs.
2026-01-04T02:09:00.2387225Z Interpreted pathproblem query "Cache Poisoning via execution of untrusted code" (actions/cache-poisoning/poisonable-step) at path /home/runner/work/_temp/codeql_databases/actions/results/codeql/actions-queries/Security/CWE-349/CachePoisoningViaPoisonableStep.bqrs.
2026-01-04T02:09:00.2390385Z Interpreted pathproblem query "Cache Poisoning via caching of untrusted files" (actions/cache-poisoning/direct-cache) at path /home/runner/work/_temp/codeql_databases/actions/results/codeql/actions-queries/Security/CWE-349/CachePoisoningViaDirectCache.bqrs.
2026-01-04T02:09:00.2393369Z Interpreted diagnostic query "Extracted files" (actions/diagnostics/successfully-extracted-files) at path /home/runner/work/_temp/codeql_databases/actions/results/codeql/actions-queries/Diagnostics/SuccessfullyExtractedFiles.bqrs.
2026-01-04T02:09:00.2395249Z Reading source archive /home/runner/work/_temp/codeql_databases/actions/src.zip
2026-01-04T02:09:00.2979005Z Interpreting file coverage baseline information
2026-01-04T02:09:00.2985267Z Finished interpreting file coverage baseline information.
2026-01-04T02:09:00.2991873Z Interpreting diagnostic messages...
2026-01-04T02:09:00.3330728Z Found 3 raw diagnostic messages.
2026-01-04T02:09:00.3408787Z Processed diagnostic messages (removed 0 due to limits, created 0 summary diagnostics for status page).
2026-01-04T02:09:00.3437028Z Interpreted diagnostic messages (41ms).
2026-01-04T02:09:00.5155477Z Exporting results to SARIF...
2026-01-04T02:09:00.6448925Z Exported results to SARIF (129ms).
2026-01-04T02:09:00.6649429Z ##[endgroup]
2026-01-04T02:09:00.6650377Z CodeQL scanned 5 out of 5 GitHub Actions files in this invocation. Check the status page for overall coverage information: https://github.com/Boss-1s/scratchattach/security/code-scanning/tools/CodeQL/status/
2026-01-04T02:09:00.6651080Z 
2026-01-04T02:09:00.6660739Z Post-processing sarif files: ["/home/runner/work/scratchattach/results/actions.sarif"]
2026-01-04T02:09:00.6676101Z Adding fingerprints to SARIF file. See https://docs.github.com/en/enterprise-cloud@latest/code-security/code-scanning/integrating-with-code-scanning/sarif-support-for-code-scanning#providing-data-to-track-code-scanning-alerts-across-runs for more information.
2026-01-04T02:09:00.6736654Z ##[group]Uploading code scanning results
2026-01-04T02:09:00.6837832Z Uploading results
2026-01-04T02:09:00.9572311Z Successfully uploaded results
2026-01-04T02:09:00.9573006Z ##[endgroup]
2026-01-04T02:09:00.9578998Z ##[group]Cleaning up databases
2026-01-04T02:09:00.9580595Z [command]/opt/hostedtoolcache/CodeQL/2.23.8/x64/codeql/codeql database cleanup /home/runner/work/_temp/codeql_databases/actions --cache-cleanup=clear
2026-01-04T02:09:01.6370918Z Cleaning up existing TRAP files after import...
2026-01-04T02:09:01.6403286Z TRAP files cleaned up (3ms).
2026-01-04T02:09:01.6403975Z Cleaning up scratch directory...
2026-01-04T02:09:01.6405826Z Scratch directory cleaned up (0ms).
2026-01-04T02:09:01.6865779Z ##[endgroup]
2026-01-04T02:09:01.6874327Z [command]/opt/hostedtoolcache/CodeQL/2.23.8/x64/codeql/codeql database bundle /home/runner/work/_temp/codeql_databases/actions --output=/home/runner/work/_temp/codeql_databases/actions.zip --name=actions
2026-01-04T02:09:02.5217739Z Creating bundle metadata for /home/runner/work/_temp/codeql_databases/actions...
2026-01-04T02:09:02.7644984Z Creating zip file at /home/runner/work/_temp/codeql_databases/actions.zip.
2026-01-04T02:09:03.2778699Z Skipping upload of TRAP cache for actions as it is too small
2026-01-04T02:09:03.2782916Z Skipping upload of dependency cache for actions as we have no caching configuration for it.
2026-01-04T02:09:03.2784569Z ##[group]Waiting for processing to finish
2026-01-04T02:09:03.5591781Z Analysis upload status is complete.
2026-01-04T02:09:03.5592501Z ##[endgroup]
2026-01-04T02:09:03.7174730Z Post job cleanup.
2026-01-04T02:09:04.5262894Z Post job cleanup.
2026-01-04T02:09:04.7256629Z Post job cleanup.
2026-01-04T02:09:05.7284375Z CodeQL job status was success.
2026-01-04T02:09:05.7293054Z Sending status report for init-post step.
2026-01-04T02:09:05.8624220Z Status report sent for init-post step.
2026-01-04T02:09:05.8766057Z Post job cleanup.
2026-01-04T02:09:05.9696928Z [command]/usr/bin/git version
2026-01-04T02:09:05.9734027Z git version 2.52.0
2026-01-04T02:09:05.9777411Z Temporarily overriding HOME='/home/runner/work/_temp/8dbf522b-15cc-4b7c-80ad-494c2237b0c1' before making global git config changes
2026-01-04T02:09:05.9778632Z Adding repository directory to the temporary git global config as a safe directory
2026-01-04T02:09:05.9783373Z [command]/usr/bin/git config --global --add safe.directory /home/runner/work/scratchattach/scratchattach
2026-01-04T02:09:05.9818759Z [command]/usr/bin/git config --local --name-only --get-regexp core\.sshCommand
2026-01-04T02:09:05.9850657Z [command]/usr/bin/git submodule foreach --recursive sh -c "git config --local --name-only --get-regexp 'core\.sshCommand' && git config --local --unset-all 'core.sshCommand' || :"
2026-01-04T02:09:06.0076636Z [command]/usr/bin/git config --local --name-only --get-regexp http\.https\:\/\/github\.com\/\.extraheader
2026-01-04T02:09:06.0096438Z http.https://github.com/.extraheader
2026-01-04T02:09:06.0109559Z [command]/usr/bin/git config --local --unset-all http.https://github.com/.extraheader
2026-01-04T02:09:06.0140786Z [command]/usr/bin/git submodule foreach --recursive sh -c "git config --local --name-only --get-regexp 'http\.https\:\/\/github\.com\/\.extraheader' && git config --local --unset-all 'http.https://github.com/.extraheader' || :"
2026-01-04T02:09:06.0370992Z [command]/usr/bin/git config --local --name-only --get-regexp ^includeIf\.gitdir:
2026-01-04T02:09:06.0407450Z [command]/usr/bin/git submodule foreach --recursive git config --local --show-origin --name-only --get-regexp remote.origin.url
2026-01-04T02:09:06.0751966Z Cleaning up orphan processes
