2025-11-05T01:47:38.8864420Z Current runner version: '2.329.0'
2025-11-05T01:47:38.8887752Z ##[group]Runner Image Provisioner
2025-11-05T01:47:38.8888957Z Hosted Compute Agent
2025-11-05T01:47:38.8889611Z Version: 20251016.436
2025-11-05T01:47:38.8890173Z Commit: 8ab8ac8bfd662a3739dab9fe09456aba92132568
2025-11-05T01:47:38.8890867Z Build Date: 2025-10-15T20:44:12Z
2025-11-05T01:47:38.8891469Z ##[endgroup]
2025-11-05T01:47:38.8892045Z ##[group]Operating System
2025-11-05T01:47:38.8892566Z Ubuntu
2025-11-05T01:47:38.8893097Z 24.04.3
2025-11-05T01:47:38.8893535Z LTS
2025-11-05T01:47:38.8893986Z ##[endgroup]
2025-11-05T01:47:38.8894519Z ##[group]Runner Image
2025-11-05T01:47:38.8895069Z Image: ubuntu-24.04
2025-11-05T01:47:38.8895580Z Version: 20251030.96.2
2025-11-05T01:47:38.8896545Z Included Software: https://github.com/actions/runner-images/blob/ubuntu24/20251030.96/images/ubuntu/Ubuntu2404-Readme.md
2025-11-05T01:47:38.8898664Z Image Release: https://github.com/actions/runner-images/releases/tag/ubuntu24%2F20251030.96
2025-11-05T01:47:38.8899704Z ##[endgroup]
2025-11-05T01:47:38.8901015Z ##[group]GITHUB_TOKEN Permissions
2025-11-05T01:47:38.8902858Z Actions: read
2025-11-05T01:47:38.8903528Z Contents: read
2025-11-05T01:47:38.8904065Z Metadata: read
2025-11-05T01:47:38.8904571Z Packages: read
2025-11-05T01:47:38.8905220Z SecurityEvents: write
2025-11-05T01:47:38.8905849Z ##[endgroup]
2025-11-05T01:47:38.8908030Z Secret source: Actions
2025-11-05T01:47:38.8908840Z Prepare workflow directory
2025-11-05T01:47:38.9432479Z Prepare all required actions
2025-11-05T01:47:38.9470611Z Getting action download info
2025-11-05T01:47:39.3770347Z Download action repository 'actions/checkout@v4' (SHA:08eba0b27e820071cde6df949e0beb9ba4906955)
2025-11-05T01:47:39.7621650Z Download action repository 'github/codeql-action@v3' (SHA:5d5cd550d3e189c569da8f16ea8de2d821c9bf7a)
2025-11-05T01:47:40.7419384Z Complete job name: Analyze (python)
2025-11-05T01:47:40.8051413Z ##[group]Run actions/checkout@v4
2025-11-05T01:47:40.8052289Z with:
2025-11-05T01:47:40.8052732Z   repository: Boss-1s/scratchattach
2025-11-05T01:47:40.8053458Z   token: ***
2025-11-05T01:47:40.8053871Z   ssh-strict: true
2025-11-05T01:47:40.8054281Z   ssh-user: git
2025-11-05T01:47:40.8054702Z   persist-credentials: true
2025-11-05T01:47:40.8055169Z   clean: true
2025-11-05T01:47:40.8055592Z   sparse-checkout-cone-mode: true
2025-11-05T01:47:40.8056088Z   fetch-depth: 1
2025-11-05T01:47:40.8056501Z   fetch-tags: false
2025-11-05T01:47:40.8056914Z   show-progress: true
2025-11-05T01:47:40.8057341Z   lfs: false
2025-11-05T01:47:40.8057751Z   submodules: false
2025-11-05T01:47:40.8058351Z   set-safe-directory: true
2025-11-05T01:47:40.8059143Z env:
2025-11-05T01:47:40.8059555Z   CODE_SCANNING_REF: refs/heads/main
2025-11-05T01:47:40.8060077Z   CODE_SCANNING_BASE_BRANCH: 
2025-11-05T01:47:40.8060606Z   CODE_SCANNING_IS_ANALYZING_DEFAULT_BRANCH: true
2025-11-05T01:47:40.8061280Z   CODE_SCANNING_IS_STEADY_STATE_DEFAULT_SETUP: true
2025-11-05T01:47:40.8072679Z   CODE_SCANNING_WORKFLOW_FILE: H4sIAAAAAAAA/6RV32/bNhB+919x8AakfZDzsD0JKFDFkRNvhp1aCrqsKAiaOslcZFLlD6dql/99oCjF0hLPGeon8/jx4919H0+C7jCE8VRm+GExHikrAh/6+ft3KLjZ2s0E9yjMhIvKGj1hMkOiGRWCi4IoK4jDw+PjSIoQslrQHWejEYp9OAKYri5jkkyj5XK+vCLrePZqYswd578ZLqIkJhfraDm9fi3ThmokG0UF277EOE9ItIwWd3+6xWU8i24X6f+8gWtCBS3rb26RYU5taf77xiSNo8s7kqRRGj9dmsTp7U0IRll8dubjav37bLH6SGbzRfzavB6kus9L+UByXjYKjf6SG+1k8emi+wvg9Y58CN447h01in+dlFQUlhbu7NsGqqzQgdPZgXIld78lq+WbFq2sEKje+pIBKlQ7rjWXQvt7ACgzzRIU0qyNMSkMCjMMVpTd0wKHQY3MKm7qoClZh/CguMFRR8KFxUCKAJWSKoScltpvaqOowaLussgpL4OcatMHQVtzBwLggpU2w0MAIICuI2FXS28XgLl7pKpDOH8CvoTbWF5mwU5mGIKQAgebvo0hnH0a240VxgYlNajN+PPZkVSq2mylOJnJC7AfSkQbrFppg9ZE0y2ye2kNKKyk5kaquqW02qnZNuOctbj3+19HA4K54IbTkn9D8CNpcNxb/ty5/EsZeLJzLrh5v/+lBT5wsz1I1vhccx3cc5HpENzJoHsfT6iuQ9r7+rn5Ry/1qwc9hPvgDCsUGQpWB4yyLReFP+T7OkGx50qKHQoD797BmS8u2EptMDvrE32xqLjLbjyGn+DSD5gmWoO23Rto30HOixD+7gnZDqRAo7FVOFBYqmIYAHBFlIF7fzqET68cNF4Q0pyCx0f43CM1W4XUNM0pG8p2t1M8cWlBpeTXGnKpQGHBtXH1tiQ8C/32aStoQ5UJGvAxRxzoCVOYoXB2a4XXyBQaPbmap9e3F2QdX82TdD2PE3KzXv1x15fk8PiOOGZo6xtUuVS71tN+1mquT1fUDupDNe131f/cN+LDwmdHrldJ2tbhHuakacNEWtMI1qyIM1e/jAHBzWp9kqCS6jjBNCLTeJ3OZ/NplManqBglDJXhOXfD6ijp7XqRnKKyqtQHgqHgh0nYU6oLukP/BAAA//+FBaDZAgkAAA==
2025-11-05T01:47:40.8084745Z ##[endgroup]
2025-11-05T01:47:40.9154863Z Syncing repository: Boss-1s/scratchattach
2025-11-05T01:47:40.9156737Z ##[group]Getting Git version info
2025-11-05T01:47:40.9157577Z Working directory is '/home/runner/work/scratchattach/scratchattach'
2025-11-05T01:47:40.9158841Z [command]/usr/bin/git version
2025-11-05T01:47:40.9228990Z git version 2.51.2
2025-11-05T01:47:40.9254785Z ##[endgroup]
2025-11-05T01:47:40.9269277Z Temporarily overriding HOME='/home/runner/work/_temp/43d50e44-d0ce-45b7-a4a8-877fb43148c2' before making global git config changes
2025-11-05T01:47:40.9271501Z Adding repository directory to the temporary git global config as a safe directory
2025-11-05T01:47:40.9281997Z [command]/usr/bin/git config --global --add safe.directory /home/runner/work/scratchattach/scratchattach
2025-11-05T01:47:40.9319652Z Deleting the contents of '/home/runner/work/scratchattach/scratchattach'
2025-11-05T01:47:40.9323170Z ##[group]Initializing the repository
2025-11-05T01:47:40.9326976Z [command]/usr/bin/git init /home/runner/work/scratchattach/scratchattach
2025-11-05T01:47:40.9428136Z hint: Using 'master' as the name for the initial branch. This default branch name
2025-11-05T01:47:40.9429238Z hint: is subject to change. To configure the initial branch name to use in all
2025-11-05T01:47:40.9430140Z hint: of your new repositories, which will suppress this warning, call:
2025-11-05T01:47:40.9430939Z hint:
2025-11-05T01:47:40.9431786Z hint: 	git config --global init.defaultBranch <name>
2025-11-05T01:47:40.9432762Z hint:
2025-11-05T01:47:40.9433668Z hint: Names commonly chosen instead of 'master' are 'main', 'trunk' and
2025-11-05T01:47:40.9434943Z hint: 'development'. The just-created branch can be renamed via this command:
2025-11-05T01:47:40.9435938Z hint:
2025-11-05T01:47:40.9436576Z hint: 	git branch -m <name>
2025-11-05T01:47:40.9437229Z hint:
2025-11-05T01:47:40.9438218Z hint: Disable this message with "git config set advice.defaultBranchName false"
2025-11-05T01:47:40.9439338Z Initialized empty Git repository in /home/runner/work/scratchattach/scratchattach/.git/
2025-11-05T01:47:40.9442722Z [command]/usr/bin/git remote add origin https://github.com/Boss-1s/scratchattach
2025-11-05T01:47:40.9474776Z ##[endgroup]
2025-11-05T01:47:40.9475569Z ##[group]Disabling automatic garbage collection
2025-11-05T01:47:40.9478545Z [command]/usr/bin/git config --local gc.auto 0
2025-11-05T01:47:40.9510219Z ##[endgroup]
2025-11-05T01:47:40.9511545Z ##[group]Setting up auth
2025-11-05T01:47:40.9518193Z [command]/usr/bin/git config --local --name-only --get-regexp core\.sshCommand
2025-11-05T01:47:40.9551479Z [command]/usr/bin/git submodule foreach --recursive sh -c "git config --local --name-only --get-regexp 'core\.sshCommand' && git config --local --unset-all 'core.sshCommand' || :"
2025-11-05T01:47:40.9912547Z [command]/usr/bin/git config --local --name-only --get-regexp http\.https\:\/\/github\.com\/\.extraheader
2025-11-05T01:47:40.9947968Z [command]/usr/bin/git submodule foreach --recursive sh -c "git config --local --name-only --get-regexp 'http\.https\:\/\/github\.com\/\.extraheader' && git config --local --unset-all 'http.https://github.com/.extraheader' || :"
2025-11-05T01:47:41.0188016Z [command]/usr/bin/git config --local http.https://github.com/.extraheader AUTHORIZATION: basic ***
2025-11-05T01:47:41.0230021Z ##[endgroup]
2025-11-05T01:47:41.0230751Z ##[group]Fetching the repository
2025-11-05T01:47:41.0238648Z [command]/usr/bin/git -c protocol.version=2 fetch --no-tags --prune --no-recurse-submodules --depth=1 origin +9c7d8e30dd620147309669a00d9b7ca3cd10bcc8:refs/remotes/origin/main
2025-11-05T01:47:42.1039945Z From https://github.com/Boss-1s/scratchattach
2025-11-05T01:47:42.1042746Z  * [new ref]         9c7d8e30dd620147309669a00d9b7ca3cd10bcc8 -> origin/main
2025-11-05T01:47:42.1073132Z ##[endgroup]
2025-11-05T01:47:42.1074902Z ##[group]Determining the checkout info
2025-11-05T01:47:42.1077135Z ##[endgroup]
2025-11-05T01:47:42.1081502Z [command]/usr/bin/git sparse-checkout disable
2025-11-05T01:47:42.1122883Z [command]/usr/bin/git config --local --unset-all extensions.worktreeConfig
2025-11-05T01:47:42.1151629Z ##[group]Checking out the ref
2025-11-05T01:47:42.1155706Z [command]/usr/bin/git checkout --progress --force -B main refs/remotes/origin/main
2025-11-05T01:47:42.4513249Z Switched to a new branch 'main'
2025-11-05T01:47:42.4515320Z branch 'main' set up to track 'origin/main'.
2025-11-05T01:47:42.4556523Z ##[endgroup]
2025-11-05T01:47:42.4602198Z [command]/usr/bin/git log -1 --format=%H
2025-11-05T01:47:42.4626328Z 9c7d8e30dd620147309669a00d9b7ca3cd10bcc8
2025-11-05T01:47:42.4994983Z ##[group]Run github/codeql-action/init@v3
2025-11-05T01:47:42.4996099Z with:
2025-11-05T01:47:42.4996811Z   analysis-kinds: code-scanning
2025-11-05T01:47:42.4997760Z   languages: python
2025-11-05T01:47:42.4998673Z   build-mode: none
2025-11-05T01:47:42.4999458Z   dependency-caching: true
2025-11-05T01:47:42.5000804Z   config: default-setup:
  org:
    model-packs: [  ]
threat-models: [  ]

2025-11-05T01:47:42.5002573Z   token: ***
2025-11-05T01:47:42.5004316Z   matrix: {
  "language": "python",
  "category": "/language:python",
  "build-mode": "none",
  "runner": "[\"ubuntu-latest\"]"
}
2025-11-05T01:47:42.5006417Z   debug: false
2025-11-05T01:47:42.5007136Z env:
2025-11-05T01:47:42.5007969Z   CODE_SCANNING_REF: refs/heads/main
2025-11-05T01:47:42.5009036Z   CODE_SCANNING_BASE_BRANCH: 
2025-11-05T01:47:42.5010138Z   CODE_SCANNING_IS_ANALYZING_DEFAULT_BRANCH: true
2025-11-05T01:47:42.5011491Z   CODE_SCANNING_IS_STEADY_STATE_DEFAULT_SETUP: true
2025-11-05T01:47:42.5040395Z   CODE_SCANNING_WORKFLOW_FILE: H4sIAAAAAAAA/6RV32/bNhB+919x8AakfZDzsD0JKFDFkRNvhp1aCrqsKAiaOslcZFLlD6dql/99oCjF0hLPGeon8/jx4919H0+C7jCE8VRm+GExHikrAh/6+ft3KLjZ2s0E9yjMhIvKGj1hMkOiGRWCi4IoK4jDw+PjSIoQslrQHWejEYp9OAKYri5jkkyj5XK+vCLrePZqYswd578ZLqIkJhfraDm9fi3ThmokG0UF277EOE9ItIwWd3+6xWU8i24X6f+8gWtCBS3rb26RYU5taf77xiSNo8s7kqRRGj9dmsTp7U0IRll8dubjav37bLH6SGbzRfzavB6kus9L+UByXjYKjf6SG+1k8emi+wvg9Y58CN447h01in+dlFQUlhbu7NsGqqzQgdPZgXIld78lq+WbFq2sEKje+pIBKlQ7rjWXQvt7ACgzzRIU0qyNMSkMCjMMVpTd0wKHQY3MKm7qoClZh/CguMFRR8KFxUCKAJWSKoScltpvaqOowaLussgpL4OcatMHQVtzBwLggpU2w0MAIICuI2FXS28XgLl7pKpDOH8CvoTbWF5mwU5mGIKQAgebvo0hnH0a240VxgYlNajN+PPZkVSq2mylOJnJC7AfSkQbrFppg9ZE0y2ye2kNKKyk5kaquqW02qnZNuOctbj3+19HA4K54IbTkn9D8CNpcNxb/ty5/EsZeLJzLrh5v/+lBT5wsz1I1vhccx3cc5HpENzJoHsfT6iuQ9r7+rn5Ry/1qwc9hPvgDCsUGQpWB4yyLReFP+T7OkGx50qKHQoD797BmS8u2EptMDvrE32xqLjLbjyGn+DSD5gmWoO23Rto30HOixD+7gnZDqRAo7FVOFBYqmIYAHBFlIF7fzqET68cNF4Q0pyCx0f43CM1W4XUNM0pG8p2t1M8cWlBpeTXGnKpQGHBtXH1tiQ8C/32aStoQ5UJGvAxRxzoCVOYoXB2a4XXyBQaPbmap9e3F2QdX82TdD2PE3KzXv1x15fk8PiOOGZo6xtUuVS71tN+1mquT1fUDupDNe131f/cN+LDwmdHrldJ2tbhHuakacNEWtMI1qyIM1e/jAHBzWp9kqCS6jjBNCLTeJ3OZ/NplManqBglDJXhOXfD6ijp7XqRnKKyqtQHgqHgh0nYU6oLukP/BAAA//+FBaDZAgkAAA==
2025-11-05T01:47:42.5067958Z ##[endgroup]
2025-11-05T01:47:43.2310893Z Job run UUID is db300147-b052-45e5-a376-8ba79b93fd95.
2025-11-05T01:47:43.8085718Z ##[group]Setup CodeQL tools
2025-11-05T01:47:43.8161672Z [command]/usr/bin/tar --version
2025-11-05T01:47:43.8209056Z tar (GNU tar) 1.35
2025-11-05T01:47:43.8209674Z Copyright (C) 2023 Free Software Foundation, Inc.
2025-11-05T01:47:43.8210681Z License GPLv3+: GNU GPL version 3 or later <https://gnu.org/licenses/gpl.html>.
2025-11-05T01:47:43.8211429Z This is free software: you are free to change and redistribute it.
2025-11-05T01:47:43.8211801Z There is NO WARRANTY, to the extent permitted by law.
2025-11-05T01:47:43.8212024Z 
2025-11-05T01:47:43.8212143Z Written by John Gilmore and Jay Fenlason.
2025-11-05T01:47:43.8226834Z Found gnu tar version 1.35.
2025-11-05T01:47:43.8258612Z Found CodeQL tools version 2.23.3 in the toolcache.
2025-11-05T01:47:43.8259583Z Using CodeQL CLI version 2.23.3 from toolcache at /opt/hostedtoolcache/CodeQL/2.23.3/x64
2025-11-05T01:47:47.2217651Z [command]/opt/hostedtoolcache/CodeQL/2.23.3/x64/codeql/codeql version --format=json
2025-11-05T01:47:47.8426500Z {
2025-11-05T01:47:47.8427069Z   "productName" : "CodeQL",
2025-11-05T01:47:47.8427523Z   "vendor" : "GitHub",
2025-11-05T01:47:47.8431223Z   "version" : "2.23.3",
2025-11-05T01:47:47.8432904Z   "sha" : "280a80187d0ef522b286de41a57fe5d4b9bf9919",
2025-11-05T01:47:47.8433743Z   "branches" : [
2025-11-05T01:47:47.8434475Z     "codeql-cli-2.23.3"
2025-11-05T01:47:47.8435257Z   ],
2025-11-05T01:47:47.8435670Z   "copyright" : "Copyright (C) 2019-2025 GitHub, Inc.",
2025-11-05T01:47:47.8436384Z   "unpackedLocation" : "/opt/hostedtoolcache/CodeQL/2.23.3/x64/codeql",
2025-11-05T01:47:47.8437094Z   "configFileLocation" : "/home/runner/.config/codeql/config",
2025-11-05T01:47:47.8438350Z   "configFileFound" : false,
2025-11-05T01:47:47.8438834Z   "overlayVersion" : 4,
2025-11-05T01:47:47.8439168Z   "features" : {
2025-11-05T01:47:47.8439524Z     "analysisSummaryV2Default" : true,
2025-11-05T01:47:47.8440045Z     "buildModeOption" : true,
2025-11-05T01:47:47.8440513Z     "bundleSupportsIncludeDiagnostics" : true,
2025-11-05T01:47:47.8441152Z     "bundleSupportsIncludeLogs" : true,
2025-11-05T01:47:47.8441760Z     "databaseInterpretResultsSupportsSarifRunProperty" : true,
2025-11-05T01:47:47.8442379Z     "featuresInVersionResult" : true,
2025-11-05T01:47:47.8442895Z     "indirectTracingSupportsStaticBinaries" : false,
2025-11-05T01:47:47.8443501Z     "informsAboutUnsupportedPathFilters" : true,
2025-11-05T01:47:47.8444009Z     "supportsPython312" : true,
2025-11-05T01:47:47.8444415Z     "mrvaPackCreate" : true,
2025-11-05T01:47:47.8444776Z     "threatModelOption" : true,
2025-11-05T01:47:47.8445135Z     "traceCommandUseBuildMode" : true,
2025-11-05T01:47:47.8445567Z     "v2ramSizing" : true,
2025-11-05T01:47:47.8445976Z     "mrvaPackCreateMultipleQueries" : true,
2025-11-05T01:47:47.8446468Z     "setsCodeqlRunnerEnvVar" : true,
2025-11-05T01:47:47.8446911Z     "sarifMergeRunsFromEqualCategory" : true,
2025-11-05T01:47:47.8447407Z     "forceOverwrite" : true,
2025-11-05T01:47:47.8448028Z     "generateSummarySymbolMap" : true,
2025-11-05T01:47:47.8448623Z     "pythonDefaultIsToNotExtractStdlib" : true,
2025-11-05T01:47:47.8449048Z     "queryServerRunQueries" : true,
2025-11-05T01:47:47.8449422Z     "queryServerTrimCacheWithMode" : true,
2025-11-05T01:47:47.8449903Z     "builtinExtractorsSpecifyDefaultQueries" : true
2025-11-05T01:47:47.8450365Z   }
2025-11-05T01:47:47.8450649Z }
2025-11-05T01:47:47.8569419Z ##[endgroup]
2025-11-05T01:47:47.8648189Z ##[group]Load language configuration
2025-11-05T01:47:47.8650829Z [command]/opt/hostedtoolcache/CodeQL/2.23.3/x64/codeql/codeql resolve languages --format=betterjson --extractor-options-verbosity=4 --extractor-include-aliases --filter-to-languages-with-queries
2025-11-05T01:47:49.0739260Z {
2025-11-05T01:47:49.0740039Z   "aliases" : {
2025-11-05T01:47:49.0740494Z     "c" : "cpp",
2025-11-05T01:47:49.0741019Z     "c++" : "cpp",
2025-11-05T01:47:49.0741519Z     "c-c++" : "cpp",
2025-11-05T01:47:49.0744645Z     "c-cpp" : "cpp",
2025-11-05T01:47:49.0745008Z     "c#" : "csharp",
2025-11-05T01:47:49.0745360Z     "java-kotlin" : "java",
2025-11-05T01:47:49.0745718Z     "kotlin" : "java",
2025-11-05T01:47:49.0746090Z     "javascript-typescript" : "javascript",
2025-11-05T01:47:49.0746556Z     "typescript" : "javascript"
2025-11-05T01:47:49.0746920Z   },
2025-11-05T01:47:49.0747176Z   "extractors" : {
2025-11-05T01:47:49.0747470Z     "rust" : [
2025-11-05T01:47:49.0747747Z       {
2025-11-05T01:47:49.0748427Z         "extractor_root" : "/opt/hostedtoolcache/CodeQL/2.23.3/x64/codeql/rust",
2025-11-05T01:47:49.0749035Z         "extractor_options" : {
2025-11-05T01:47:49.0749424Z           "trap" : {
2025-11-05T01:47:49.0749785Z             "title" : "Options pertaining to TRAP.",
2025-11-05T01:47:49.0750329Z             "description" : "Options pertaining to TRAP.",
2025-11-05T01:47:49.0750724Z             "type" : "object",
2025-11-05T01:47:49.0751026Z             "properties" : {
2025-11-05T01:47:49.0751349Z               "compression" : {
2025-11-05T01:47:49.0751865Z                 "title" : "Controls compression for the TRAP files written by the extractor.",
2025-11-05T01:47:49.0753764Z                 "description" : "This option is only intended for use in debugging the extractor. Accepted values are 'gzip' (to write gzip-compressed TRAP) 'zstd' (to write Zstandard-compressed TRAP) and 'none' (the default, to write uncompressed TRAP).\n",
2025-11-05T01:47:49.0755177Z                 "type" : "string",
2025-11-05T01:47:49.0755566Z                 "pattern" : "^(none|gzip|zstd)$"
2025-11-05T01:47:49.0755978Z               }
2025-11-05T01:47:49.0756361Z             }
2025-11-05T01:47:49.0756645Z           },
2025-11-05T01:47:49.0756936Z           "cargo_target_dir" : {
2025-11-05T01:47:49.0757631Z             "title" : "Directory to use for cargo output files.",
2025-11-05T01:47:49.0759673Z             "description" : "This value is an optional path to use as `CARGO_TARGET_DIR` for the internal cargo commands the extractor uses. Pointing it to a persistent directory may reduce execution time of consecutive extractor runs. By default, a new scratch directory is used for each run.\n",
2025-11-05T01:47:49.0761429Z             "type" : "string"
2025-11-05T01:47:49.0761757Z           },
2025-11-05T01:47:49.0762039Z           "cargo_target" : {
2025-11-05T01:47:49.0762403Z             "title" : "Target architecture",
2025-11-05T01:47:49.0763318Z             "description" : "Target architecture to use for analysis, analogous to `cargo --target`. By default the host architecture is used.\n",
2025-11-05T01:47:49.0764212Z             "type" : "string"
2025-11-05T01:47:49.0764547Z           },
2025-11-05T01:47:49.0764846Z           "cargo_features" : {
2025-11-05T01:47:49.0765243Z             "title" : "Cargo features to turn on",
2025-11-05T01:47:49.0766932Z             "description" : "Comma-separated list of features to turn on. By default all features are enabled. If any features are specified, then only those features are enabled. The `default` feature must be explicitly specified if only default features are desired. Can be repeated.\n",
2025-11-05T01:47:49.0768852Z             "type" : "array"
2025-11-05T01:47:49.0769185Z           },
2025-11-05T01:47:49.0769485Z           "cargo_cfg_overrides" : {
2025-11-05T01:47:49.0769894Z             "title" : "Cargo cfg overrides",
2025-11-05T01:47:49.0770740Z             "description" : "Comma-separated list of cfg settings to enable, or disable if prefixed with `-`. Can be repeated.\n",
2025-11-05T01:47:49.0771564Z             "type" : "array"
2025-11-05T01:47:49.0771906Z           },
2025-11-05T01:47:49.0772176Z           "logging" : {
2025-11-05T01:47:49.0772539Z             "title" : "Options pertaining to logging.",
2025-11-05T01:47:49.0773074Z             "description" : "Options pertaining to logging.",
2025-11-05T01:47:49.0773559Z             "type" : "object",
2025-11-05T01:47:49.0773920Z             "properties" : {
2025-11-05T01:47:49.0774260Z               "verbosity" : {
2025-11-05T01:47:49.0774680Z                 "title" : "Extractor logging verbosity level.",
2025-11-05T01:47:49.0776275Z                 "description" : "Controls the level of verbosity of the extractor. The supported levels are (in order of increasing verbosity):\n  - off\n  - errors\n  - warnings\n  - info or progress\n  - debug or progress+\n  - trace or progress++\n  - progress+++\n",
2025-11-05T01:47:49.0777749Z                 "type" : "string",
2025-11-05T01:47:49.0778731Z                 "pattern" : "^(off|errors|warnings|(info|progress)|(debug|progress\\+)|(trace|progress\\+\\+)|progress\\+\\+\\+)$"
2025-11-05T01:47:49.0779492Z               },
2025-11-05T01:47:49.0779801Z               "flamegraph" : {
2025-11-05T01:47:49.0780336Z                 "title" : "[Experimental] File path for write flame graph log",
2025-11-05T01:47:49.0781775Z                 "description" : "Collect flame graph data using the `tracing-flame` crate. To render a flame graph or chart, run the `inferno-flamegraph` command. See also: https://crates.io/crates/tracing-flame\n",
2025-11-05T01:47:49.0783301Z                 "type" : "string"
2025-11-05T01:47:49.0783695Z               }
2025-11-05T01:47:49.0784040Z             }
2025-11-05T01:47:49.0784320Z           },
2025-11-05T01:47:49.0784649Z           "extract_dependencies_as_source" : {
2025-11-05T01:47:49.0785168Z             "title" : "Extract dependencies as source code",
2025-11-05T01:47:49.0785977Z             "description" : "Extract the full source code of dependencies instead of only extracting signatures.\n",
2025-11-05T01:47:49.0786774Z             "type" : "string",
2025-11-05T01:47:49.0787161Z             "pattern" : "^(false|true)$"
2025-11-05T01:47:49.0787557Z           }
2025-11-05T01:47:49.0788122Z         }
2025-11-05T01:47:49.0788641Z       }
2025-11-05T01:47:49.0788926Z     ],
2025-11-05T01:47:49.0789191Z     "python" : [
2025-11-05T01:47:49.0789500Z       {
2025-11-05T01:47:49.0789972Z         "extractor_root" : "/opt/hostedtoolcache/CodeQL/2.23.3/x64/codeql/python",
2025-11-05T01:47:49.0790620Z         "extractor_options" : {
2025-11-05T01:47:49.0791014Z           "logging" : {
2025-11-05T01:47:49.0791411Z             "title" : "Options pertaining to logging.",
2025-11-05T01:47:49.0791952Z             "description" : "Options pertaining to logging.",
2025-11-05T01:47:49.0792455Z             "type" : "object",
2025-11-05T01:47:49.0792824Z             "properties" : {
2025-11-05T01:47:49.0793194Z               "verbosity" : {
2025-11-05T01:47:49.0793666Z                 "title" : "Python extractor logging verbosity level.",
2025-11-05T01:47:49.0794665Z                 "description" : "Controls the level of verbosity of the CodeQL Python extractor.\nThe supported levels are (in order of increasing verbosity):\n\n  - off\n  - errors\n  - warnings\n  - info or progress\n  - debug or progress+\n  - trace or progress++\n  - progress+++\n",
2025-11-05T01:47:49.0795837Z                 "type" : "string",
2025-11-05T01:47:49.0796619Z                 "pattern" : "^(off|errors|warnings|(info|progress)|(debug|progress\\+)|(trace|progress\\+\\+)|progress\\+\\+\\+)$"
2025-11-05T01:47:49.0797421Z               }
2025-11-05T01:47:49.0797722Z             }
2025-11-05T01:47:49.0798172Z           },
2025-11-05T01:47:49.0798361Z           "python_executable_name" : {
2025-11-05T01:47:49.0798722Z             "title" : "Controls the name of the Python executable used by the Python extractor.",
2025-11-05T01:47:49.0800029Z             "description" : "The Python extractor uses platform-dependent heuristics to determine the name of the Python executable to use. Specifying a value for this option overrides the name of the Python executable used by the extractor. Accepted values are py, python and python3. Use this setting with caution, the Python extractor requires Python 3 to run.\n",
2025-11-05T01:47:49.0801182Z             "type" : "string",
2025-11-05T01:47:49.0801417Z             "pattern" : "^(py|python|python3)$"
2025-11-05T01:47:49.0801665Z           }
2025-11-05T01:47:49.0801810Z         }
2025-11-05T01:47:49.0801955Z       }
2025-11-05T01:47:49.0802091Z     ],
2025-11-05T01:47:49.0802247Z     "cpp" : [
2025-11-05T01:47:49.0802402Z       {
2025-11-05T01:47:49.0802658Z         "extractor_root" : "/opt/hostedtoolcache/CodeQL/2.23.3/x64/codeql/cpp",
2025-11-05T01:47:49.0802991Z         "extractor_options" : {
2025-11-05T01:47:49.0803195Z           "trap" : {
2025-11-05T01:47:49.0803388Z             "title" : "TRAP options",
2025-11-05T01:47:49.0803701Z             "description" : "Options about how the extractor handles TRAP files",
2025-11-05T01:47:49.0804025Z             "type" : "object",
2025-11-05T01:47:49.0804226Z             "visibility" : 3,
2025-11-05T01:47:49.0804436Z             "properties" : {
2025-11-05T01:47:49.0804628Z               "cache" : {
2025-11-05T01:47:49.0804837Z                 "title" : "TRAP cache options",
2025-11-05T01:47:49.0805187Z                 "description" : "Options about how the extractor handles its TRAP cache",
2025-11-05T01:47:49.0805517Z                 "type" : "object",
2025-11-05T01:47:49.0805742Z                 "properties" : {
2025-11-05T01:47:49.0806128Z                   "dir" : {
2025-11-05T01:47:49.0806344Z                     "title" : "TRAP cache directory",
2025-11-05T01:47:49.0806648Z                     "description" : "The directory of the TRAP cache to use",
2025-11-05T01:47:49.0806944Z                     "type" : "string"
2025-11-05T01:47:49.0807150Z                   },
2025-11-05T01:47:49.0807324Z                   "bound" : {
2025-11-05T01:47:49.0807534Z                     "title" : "TRAP cache bound",
2025-11-05T01:47:49.0807968Z                     "description" : "A soft limit (in MB) on the size of the TRAP cache",
2025-11-05T01:47:49.0808289Z                     "type" : "string",
2025-11-05T01:47:49.0808628Z                     "pattern" : "[0-9]+"
2025-11-05T01:47:49.0808849Z                   },
2025-11-05T01:47:49.0809014Z                   "write" : {
2025-11-05T01:47:49.0809229Z                     "title" : "TRAP cache writeable",
2025-11-05T01:47:49.0809574Z                     "description" : "Whether to write to the TRAP cache as well as reading it",
2025-11-05T01:47:49.0809912Z                     "type" : "string",
2025-11-05T01:47:49.0810145Z                     "pattern" : "(true|TRUE|false|FALSE)"
2025-11-05T01:47:49.0810371Z                   }
2025-11-05T01:47:49.0810532Z                 }
2025-11-05T01:47:49.0810684Z               }
2025-11-05T01:47:49.0810840Z             }
2025-11-05T01:47:49.0810987Z           },
2025-11-05T01:47:49.0811155Z           "scale_timeouts" : {
2025-11-05T01:47:49.0811424Z             "title" : "Value to scale compiler introspection timeouts with",
2025-11-05T01:47:49.0812688Z             "description" : "The extractor attempts to determine what compiler the source code being extracted is compiled with. To this end the extractor makes additional calls to the compiler, some of which are expected to return within a certain fixed time (either 10s or 15s). On some systems that are under high load this time might be too short, and can be scaled up using this option.\n",
2025-11-05T01:47:49.0813855Z             "type" : "string",
2025-11-05T01:47:49.0814057Z             "pattern" : "[0-9]+"
2025-11-05T01:47:49.0814257Z           },
2025-11-05T01:47:49.0814414Z           "log_verbosity" : {
2025-11-05T01:47:49.0814651Z             "title" : "Verbosity of the extractor logging",
2025-11-05T01:47:49.0815216Z             "description" : "Set the verbosity of the extractor logging to 'quiet' (0), 'normal' (1), 'chatty' (2), or 'noisy' (3). The default is 'normal'.\n",
2025-11-05T01:47:49.0815864Z             "type" : "string",
2025-11-05T01:47:49.0816193Z             "pattern" : "[0-3]"
2025-11-05T01:47:49.0816429Z           },
2025-11-05T01:47:49.0816607Z           "frontend_options" : {
2025-11-05T01:47:49.0816896Z             "title" : "C/C++ extractor frontend options",
2025-11-05T01:47:49.0817611Z             "description" : "Set additional options that should be passed to the C/C++ extractor frontend.\n",
2025-11-05T01:47:49.0818336Z             "type" : "array",
2025-11-05T01:47:49.0818654Z             "visibility" : 3
2025-11-05T01:47:49.0818915Z           }
2025-11-05T01:47:49.0819068Z         }
2025-11-05T01:47:49.0819207Z       }
2025-11-05T01:47:49.0819349Z     ],
2025-11-05T01:47:49.0819493Z     "csharp" : [
2025-11-05T01:47:49.0819656Z       {
2025-11-05T01:47:49.0819912Z         "extractor_root" : "/opt/hostedtoolcache/CodeQL/2.23.3/x64/codeql/csharp",
2025-11-05T01:47:49.0820243Z         "extractor_options" : {
2025-11-05T01:47:49.0820436Z           "trap" : {
2025-11-05T01:47:49.0820643Z             "title" : "Options pertaining to TRAP.",
2025-11-05T01:47:49.0820921Z             "description" : "Options pertaining to TRAP.",
2025-11-05T01:47:49.0821180Z             "type" : "object",
2025-11-05T01:47:49.0821380Z             "properties" : {
2025-11-05T01:47:49.0821571Z               "compression" : {
2025-11-05T01:47:49.0821888Z                 "title" : "Controls compression for the TRAP files written by the extractor.",
2025-11-05T01:47:49.0822718Z                 "description" : "This option is only intended for use in debugging the extractor. Accepted values are 'brotli' (the default, to write brotli-compressed TRAP), 'gzip', and 'none' (to write uncompressed TRAP).\n",
2025-11-05T01:47:49.0823585Z                 "type" : "string",
2025-11-05T01:47:49.0823809Z                 "pattern" : "^(none|gzip|brotli)$"
2025-11-05T01:47:49.0824036Z               }
2025-11-05T01:47:49.0824191Z             }
2025-11-05T01:47:49.0824334Z           },
2025-11-05T01:47:49.0824497Z           "buildless" : {
2025-11-05T01:47:49.0824790Z             "title" : "DEPRECATED - Whether to use buildless (standalone) extraction.",
2025-11-05T01:47:49.0826524Z             "description" : "DEPRECATED: Use `--build-mode none` instead.\nA value indicating, which type of extraction the autobuilder should perform. If 'true', then the standalone extractor will be used, otherwise tracing extraction will be performed. The default is 'false'. Note that buildless extraction will generally yield less accurate analysis results, and should only be used in cases where it is not possible to build the code (for example if it uses inaccessible dependencies).\n",
2025-11-05T01:47:49.0828238Z             "type" : "string",
2025-11-05T01:47:49.0828445Z             "pattern" : "^(false|true)$"
2025-11-05T01:47:49.0828661Z           },
2025-11-05T01:47:49.0828818Z           "logging" : {
2025-11-05T01:47:49.0829024Z             "title" : "Options pertaining to logging.",
2025-11-05T01:47:49.0829340Z             "description" : "Options pertaining to logging.",
2025-11-05T01:47:49.0829605Z             "type" : "object",
2025-11-05T01:47:49.0829808Z             "properties" : {
2025-11-05T01:47:49.0830008Z               "verbosity" : {
2025-11-05T01:47:49.0830244Z                 "title" : "Extractor logging verbosity level.",
2025-11-05T01:47:49.0831083Z                 "description" : "Controls the level of verbosity of the extractor. The supported levels are (in order of increasing verbosity):\n  - off\n  - errors\n  - warnings\n  - info or progress\n  - debug or progress+\n  - trace or progress++\n  - progress+++\n",
2025-11-05T01:47:49.0831878Z                 "type" : "string",
2025-11-05T01:47:49.0832300Z                 "pattern" : "^(off|errors|warnings|(info|progress)|(debug|progress\\+)|(trace|progress\\+\\+)|progress\\+\\+\\+)$"
2025-11-05T01:47:49.0832729Z               }
2025-11-05T01:47:49.0832883Z             }
2025-11-05T01:47:49.0833037Z           },
2025-11-05T01:47:49.0833187Z           "binlog" : {
2025-11-05T01:47:49.0833370Z             "title" : "Binlog",
2025-11-05T01:47:49.0833963Z             "description" : "[EXPERIMENTAL] The value is a path to the MsBuild binary log file that should be extracted. This option only works when `--build-mode none` is also specified.\n",
2025-11-05T01:47:49.0834568Z             "type" : "array"
2025-11-05T01:47:49.0834753Z           }
2025-11-05T01:47:49.0834896Z         }
2025-11-05T01:47:49.0835042Z       }
2025-11-05T01:47:49.0835178Z     ],
2025-11-05T01:47:49.0835328Z     "java" : [
2025-11-05T01:47:49.0835477Z       {
2025-11-05T01:47:49.0835729Z         "extractor_root" : "/opt/hostedtoolcache/CodeQL/2.23.3/x64/codeql/java",
2025-11-05T01:47:49.0836050Z         "extractor_options" : {
2025-11-05T01:47:49.0836251Z           "exclude" : {
2025-11-05T01:47:49.0836474Z             "title" : "A glob excluding files from analysis.",
2025-11-05T01:47:49.0837104Z             "description" : "A glob indicating what files to exclude from the analysis. This accepts glob patterns that are supported by Java's 'getPathMatcher' implementation.\n",
2025-11-05T01:47:49.0837695Z             "type" : "string"
2025-11-05T01:47:49.0838116Z           },
2025-11-05T01:47:49.0838294Z           "add_prefer_source" : {
2025-11-05T01:47:49.0838583Z             "title" : "Whether to always prefer source files over class files.",
2025-11-05T01:47:49.0839574Z             "description" : "A value indicating whether source files should be preferred over class files. If set to 'true', the extraction adds '-Xprefer:source' to the javac command line. If set to 'false', the extraction uses the default javac behavior ('-Xprefer:newer'). The default is 'true'.\n",
2025-11-05T01:47:49.0840645Z             "type" : "string",
2025-11-05T01:47:49.0840852Z             "pattern" : "^(false|true)$"
2025-11-05T01:47:49.0841066Z           },
2025-11-05T01:47:49.0841221Z           "buildless" : {
2025-11-05T01:47:49.0841522Z             "title" : "Whether to use buildless (standalone) extraction (experimental).",
2025-11-05T01:47:49.0843080Z             "description" : "A value indicating, which type of extraction the autobuilder should perform. If 'true', then the standalone extractor will be used, otherwise tracing extraction will be performed. The default is 'false'. Note that buildless extraction will generally yield less accurate analysis results, and should only be used in cases where it is not possible to build the code (for example if it uses inaccessible dependencies).\n",
2025-11-05T01:47:49.0844420Z             "type" : "string",
2025-11-05T01:47:49.0844630Z             "pattern" : "^(false|true)$"
2025-11-05T01:47:49.0844835Z           },
2025-11-05T01:47:49.0845008Z           "buildless_dependency_dir" : {
2025-11-05T01:47:49.0845380Z             "title" : "The path where buildless (standalone) extraction should keep dependencies.",
2025-11-05T01:47:49.0845936Z             "description" : "If set, the buildless (standalone) extractor will store dependencies in this directory.\n",
2025-11-05T01:47:49.0846362Z             "type" : "string"
2025-11-05T01:47:49.0846547Z           },
2025-11-05T01:47:49.0846720Z           "minimize_dependency_jars" : {
2025-11-05T01:47:49.0847084Z             "title" : "Whether to rewrite and minimize downloaded JAR dependencies (experimental).",
2025-11-05T01:47:49.0847975Z             "description" : "If 'true', JAR dependencies downloaded during extraction will be rewritten to remove unneeded data, such as method bodies. The default is 'false'.\n",
2025-11-05T01:47:49.0848568Z             "type" : "string",
2025-11-05T01:47:49.0848774Z             "pattern" : "^(false|true)$"
2025-11-05T01:47:49.0848989Z           }
2025-11-05T01:47:49.0849132Z         }
2025-11-05T01:47:49.0849279Z       }
2025-11-05T01:47:49.0849415Z     ],
2025-11-05T01:47:49.0849560Z     "go" : [
2025-11-05T01:47:49.0849703Z       {
2025-11-05T01:47:49.0849947Z         "extractor_root" : "/opt/hostedtoolcache/CodeQL/2.23.3/x64/codeql/go",
2025-11-05T01:47:49.0850270Z         "extractor_options" : {
2025-11-05T01:47:49.0850481Z           "extract_tests" : {
2025-11-05T01:47:49.0850770Z             "title" : "Whether to include Go test files in the CodeQL database.",
2025-11-05T01:47:49.0851340Z             "description" : "A value indicating whether Go test files should be included in the CodeQL database. The default is 'false'.\n",
2025-11-05T01:47:49.0851818Z             "type" : "string",
2025-11-05T01:47:49.0852020Z             "pattern" : "^(false|true)$"
2025-11-05T01:47:49.0852235Z           },
2025-11-05T01:47:49.0852402Z           "extract_vendor_dirs" : {
2025-11-05T01:47:49.0852727Z             "title" : "Whether to include Go vendor directories in the CodeQL database.",
2025-11-05T01:47:49.0853340Z             "description" : "A value indicating whether Go vendor directories should be included in the CodeQL database. The default is 'false'.\n",
2025-11-05T01:47:49.0853839Z             "type" : "string",
2025-11-05T01:47:49.0854044Z             "pattern" : "^(false|true)$"
2025-11-05T01:47:49.0854249Z           }
2025-11-05T01:47:49.0854398Z         }
2025-11-05T01:47:49.0854537Z       }
2025-11-05T01:47:49.0854678Z     ],
2025-11-05T01:47:49.0854821Z     "actions" : [
2025-11-05T01:47:49.0854989Z       {
2025-11-05T01:47:49.0855245Z         "extractor_root" : "/opt/hostedtoolcache/CodeQL/2.23.3/x64/codeql/actions",
2025-11-05T01:47:49.0855585Z         "extractor_options" : {
2025-11-05T01:47:49.0855785Z           "trap" : {
2025-11-05T01:47:49.0855968Z             "title" : "TRAP options",
2025-11-05T01:47:49.0856397Z             "description" : "Options about how the extractor handles TRAP files",
2025-11-05T01:47:49.0856704Z             "type" : "object",
2025-11-05T01:47:49.0856900Z             "visibility" : 3,
2025-11-05T01:47:49.0857095Z             "properties" : {
2025-11-05T01:47:49.0857295Z               "cache" : {
2025-11-05T01:47:49.0857495Z                 "title" : "TRAP cache options",
2025-11-05T01:47:49.0857988Z                 "description" : "Options about how the extractor handles its TRAP cache",
2025-11-05T01:47:49.0858324Z                 "type" : "object",
2025-11-05T01:47:49.0858531Z                 "properties" : {
2025-11-05T01:47:49.0858848Z                   "dir" : {
2025-11-05T01:47:49.0859063Z                     "title" : "TRAP cache directory",
2025-11-05T01:47:49.0859368Z                     "description" : "The directory of the TRAP cache to use",
2025-11-05T01:47:49.0859649Z                     "type" : "string"
2025-11-05T01:47:49.0859854Z                   },
2025-11-05T01:47:49.0860024Z                   "bound" : {
2025-11-05T01:47:49.0860230Z                     "title" : "TRAP cache bound",
2025-11-05T01:47:49.0860551Z                     "description" : "A soft limit (in MB) on the size of the TRAP cache",
2025-11-05T01:47:49.0860862Z                     "type" : "string",
2025-11-05T01:47:49.0861082Z                     "pattern" : "[0-9]+"
2025-11-05T01:47:49.0861290Z                   },
2025-11-05T01:47:49.0861462Z                   "write" : {
2025-11-05T01:47:49.0861667Z                     "title" : "TRAP cache writeable",
2025-11-05T01:47:49.0862021Z                     "description" : "Whether to write to the TRAP cache as well as reading it",
2025-11-05T01:47:49.0862356Z                     "type" : "string",
2025-11-05T01:47:49.0862590Z                     "pattern" : "(true|TRUE|false|FALSE)"
2025-11-05T01:47:49.0862826Z                   }
2025-11-05T01:47:49.0862984Z                 }
2025-11-05T01:47:49.0863144Z               }
2025-11-05T01:47:49.0863298Z             }
2025-11-05T01:47:49.0863450Z           }
2025-11-05T01:47:49.0863590Z         }
2025-11-05T01:47:49.0863732Z       }
2025-11-05T01:47:49.0863865Z     ],
2025-11-05T01:47:49.0864014Z     "javascript" : [
2025-11-05T01:47:49.0864176Z       {
2025-11-05T01:47:49.0864441Z         "extractor_root" : "/opt/hostedtoolcache/CodeQL/2.23.3/x64/codeql/javascript",
2025-11-05T01:47:49.0864784Z         "extractor_options" : {
2025-11-05T01:47:49.0864979Z           "trap" : {
2025-11-05T01:47:49.0865161Z             "title" : "TRAP options",
2025-11-05T01:47:49.0865463Z             "description" : "Options about how the extractor handles TRAP files",
2025-11-05T01:47:49.0865787Z             "type" : "object",
2025-11-05T01:47:49.0865982Z             "visibility" : 3,
2025-11-05T01:47:49.0866182Z             "properties" : {
2025-11-05T01:47:49.0866371Z               "cache" : {
2025-11-05T01:47:49.0866573Z                 "title" : "TRAP cache options",
2025-11-05T01:47:49.0866906Z                 "description" : "Options about how the extractor handles its TRAP cache",
2025-11-05T01:47:49.0867244Z                 "type" : "object",
2025-11-05T01:47:49.0867461Z                 "properties" : {
2025-11-05T01:47:49.0867658Z                   "dir" : {
2025-11-05T01:47:49.0868071Z                     "title" : "TRAP cache directory",
2025-11-05T01:47:49.0868370Z                     "description" : "The directory of the TRAP cache to use",
2025-11-05T01:47:49.0868658Z                     "type" : "string"
2025-11-05T01:47:49.0868857Z                   },
2025-11-05T01:47:49.0869027Z                   "bound" : {
2025-11-05T01:47:49.0869227Z                     "title" : "TRAP cache bound",
2025-11-05T01:47:49.0869550Z                     "description" : "A soft limit (in MB) on the size of the TRAP cache",
2025-11-05T01:47:49.0869863Z                     "type" : "string",
2025-11-05T01:47:49.0870081Z                     "pattern" : "[0-9]+"
2025-11-05T01:47:49.0870293Z                   },
2025-11-05T01:47:49.0870886Z                   "write" : {
2025-11-05T01:47:49.0871283Z                     "title" : "TRAP cache writeable",
2025-11-05T01:47:49.0871936Z                     "description" : "Whether to write to the TRAP cache as well as reading it",
2025-11-05T01:47:49.0872408Z                     "type" : "string",
2025-11-05T01:47:49.0872649Z                     "pattern" : "(true|TRUE|false|FALSE)"
2025-11-05T01:47:49.0872891Z                   }
2025-11-05T01:47:49.0873057Z                 }
2025-11-05T01:47:49.0873209Z               }
2025-11-05T01:47:49.0873363Z             }
2025-11-05T01:47:49.0873512Z           },
2025-11-05T01:47:49.0873676Z           "skip_types" : {
2025-11-05T01:47:49.0874307Z             "title" : "Skip type extraction for TypeScript",
2025-11-05T01:47:49.0874802Z             "description" : "Whether to skip the extraction of types in a TypeScript application",
2025-11-05T01:47:49.0875171Z             "type" : "string",
2025-11-05T01:47:49.0875388Z             "pattern" : "^(false|true)$"
2025-11-05T01:47:49.0875613Z           }
2025-11-05T01:47:49.0875756Z         }
2025-11-05T01:47:49.0875902Z       }
2025-11-05T01:47:49.0876038Z     ],
2025-11-05T01:47:49.0876191Z     "swift" : [
2025-11-05T01:47:49.0876342Z       {
2025-11-05T01:47:49.0876592Z         "extractor_root" : "/opt/hostedtoolcache/CodeQL/2.23.3/x64/codeql/swift"
2025-11-05T01:47:49.0876896Z       }
2025-11-05T01:47:49.0877037Z     ],
2025-11-05T01:47:49.0877177Z     "ruby" : [
2025-11-05T01:47:49.0877333Z       {
2025-11-05T01:47:49.0877570Z         "extractor_root" : "/opt/hostedtoolcache/CodeQL/2.23.3/x64/codeql/ruby",
2025-11-05T01:47:49.0878121Z         "extractor_options" : {
2025-11-05T01:47:49.0878336Z           "trap" : {
2025-11-05T01:47:49.0878538Z             "title" : "Options pertaining to TRAP.",
2025-11-05T01:47:49.0878825Z             "description" : "Options pertaining to TRAP.",
2025-11-05T01:47:49.0879081Z             "type" : "object",
2025-11-05T01:47:49.0879286Z             "properties" : {
2025-11-05T01:47:49.0879488Z               "compression" : {
2025-11-05T01:47:49.0879809Z                 "title" : "Controls compression for the TRAP files written by the extractor.",
2025-11-05T01:47:49.0880735Z                 "description" : "This option is only intended for use in debugging the extractor. Accepted values are 'gzip' (the default, to write gzip-compressed TRAP) 'zstd' (to write Zstandard-compressed TRAP) and 'none' (to write uncompressed TRAP).\n",
2025-11-05T01:47:49.0881535Z                 "type" : "string",
2025-11-05T01:47:49.0881768Z                 "pattern" : "^(none|gzip|zstd)$"
2025-11-05T01:47:49.0881995Z               }
2025-11-05T01:47:49.0882153Z             }
2025-11-05T01:47:49.0882302Z           }
2025-11-05T01:47:49.0882448Z         }
2025-11-05T01:47:49.0882584Z       }
2025-11-05T01:47:49.0882724Z     ]
2025-11-05T01:47:49.0882859Z   }
2025-11-05T01:47:49.0882998Z }
2025-11-05T01:47:49.1008449Z Languages from configuration: python
2025-11-05T01:47:49.1015263Z [command]/opt/hostedtoolcache/CodeQL/2.23.3/x64/codeql/codeql resolve languages --format=betterjson --extractor-options-verbosity=4 --extractor-include-aliases
2025-11-05T01:47:49.9850597Z {
2025-11-05T01:47:49.9852920Z   "aliases" : {
2025-11-05T01:47:49.9853768Z     "c" : "cpp",
2025-11-05T01:47:49.9854331Z     "c++" : "cpp",
2025-11-05T01:47:49.9854661Z     "c-c++" : "cpp",
2025-11-05T01:47:49.9855015Z     "c-cpp" : "cpp",
2025-11-05T01:47:49.9855328Z     "c#" : "csharp",
2025-11-05T01:47:49.9855675Z     "java-kotlin" : "java",
2025-11-05T01:47:49.9856044Z     "kotlin" : "java",
2025-11-05T01:47:49.9856426Z     "javascript-typescript" : "javascript",
2025-11-05T01:47:49.9856880Z     "typescript" : "javascript"
2025-11-05T01:47:49.9857264Z   },
2025-11-05T01:47:49.9857512Z   "extractors" : {
2025-11-05T01:47:49.9857996Z     "xml" : [
2025-11-05T01:47:49.9858280Z       {
2025-11-05T01:47:49.9858685Z         "extractor_root" : "/opt/hostedtoolcache/CodeQL/2.23.3/x64/codeql/xml"
2025-11-05T01:47:49.9859145Z       }
2025-11-05T01:47:49.9859755Z     ],
2025-11-05T01:47:49.9859975Z     "python" : [
2025-11-05T01:47:49.9860211Z       {
2025-11-05T01:47:49.9860651Z         "extractor_root" : "/opt/hostedtoolcache/CodeQL/2.23.3/x64/codeql/python",
2025-11-05T01:47:49.9861258Z         "extractor_options" : {
2025-11-05T01:47:49.9861634Z           "logging" : {
2025-11-05T01:47:49.9862001Z             "title" : "Options pertaining to logging.",
2025-11-05T01:47:49.9862541Z             "description" : "Options pertaining to logging.",
2025-11-05T01:47:49.9863045Z             "type" : "object",
2025-11-05T01:47:49.9863396Z             "properties" : {
2025-11-05T01:47:49.9863747Z               "verbosity" : {
2025-11-05T01:47:49.9864348Z                 "title" : "Python extractor logging verbosity level.",
2025-11-05T01:47:49.9866016Z                 "description" : "Controls the level of verbosity of the CodeQL Python extractor.\nThe supported levels are (in order of increasing verbosity):\n\n  - off\n  - errors\n  - warnings\n  - info or progress\n  - debug or progress+\n  - trace or progress++\n  - progress+++\n",
2025-11-05T01:47:49.9867659Z                 "type" : "string",
2025-11-05T01:47:49.9868630Z                 "pattern" : "^(off|errors|warnings|(info|progress)|(debug|progress\\+)|(trace|progress\\+\\+)|progress\\+\\+\\+)$"
2025-11-05T01:47:49.9869383Z               }
2025-11-05T01:47:49.9869667Z             }
2025-11-05T01:47:49.9869934Z           },
2025-11-05T01:47:49.9870216Z           "python_executable_name" : {
2025-11-05T01:47:49.9870743Z             "title" : "Controls the name of the Python executable used by the Python extractor.",
2025-11-05T01:47:49.9873030Z             "description" : "The Python extractor uses platform-dependent heuristics to determine the name of the Python executable to use. Specifying a value for this option overrides the name of the Python executable used by the extractor. Accepted values are py, python and python3. Use this setting with caution, the Python extractor requires Python 3 to run.\n",
2025-11-05T01:47:49.9875145Z             "type" : "string",
2025-11-05T01:47:49.9875485Z             "pattern" : "^(py|python|python3)$"
2025-11-05T01:47:49.9875935Z           }
2025-11-05T01:47:49.9876193Z         }
2025-11-05T01:47:49.9876439Z       }
2025-11-05T01:47:49.9876681Z     ],
2025-11-05T01:47:49.9876968Z     "javascript" : [
2025-11-05T01:47:49.9877274Z       {
2025-11-05T01:47:49.9877960Z         "extractor_root" : "/opt/hostedtoolcache/CodeQL/2.23.3/x64/codeql/javascript",
2025-11-05T01:47:49.9878523Z         "extractor_options" : {
2025-11-05T01:47:49.9878839Z           "trap" : {
2025-11-05T01:47:49.9879133Z             "title" : "TRAP options",
2025-11-05T01:47:49.9879643Z             "description" : "Options about how the extractor handles TRAP files",
2025-11-05T01:47:49.9880147Z             "type" : "object",
2025-11-05T01:47:49.9880477Z             "visibility" : 3,
2025-11-05T01:47:49.9880798Z             "properties" : {
2025-11-05T01:47:49.9881099Z               "cache" : {
2025-11-05T01:47:49.9881425Z                 "title" : "TRAP cache options",
2025-11-05T01:47:49.9882048Z                 "description" : "Options about how the extractor handles its TRAP cache",
2025-11-05T01:47:49.9882675Z                 "type" : "object",
2025-11-05T01:47:49.9883062Z                 "properties" : {
2025-11-05T01:47:49.9883448Z                   "dir" : {
2025-11-05T01:47:49.9883824Z                     "title" : "TRAP cache directory",
2025-11-05T01:47:49.9884379Z                     "description" : "The directory of the TRAP cache to use",
2025-11-05T01:47:49.9884906Z                     "type" : "string"
2025-11-05T01:47:49.9885278Z                   },
2025-11-05T01:47:49.9885569Z                   "bound" : {
2025-11-05T01:47:49.9885952Z                     "title" : "TRAP cache bound",
2025-11-05T01:47:49.9886539Z                     "description" : "A soft limit (in MB) on the size of the TRAP cache",
2025-11-05T01:47:49.9887110Z                     "type" : "string",
2025-11-05T01:47:49.9888174Z                     "pattern" : "[0-9]+"
2025-11-05T01:47:49.9888583Z                   },
2025-11-05T01:47:49.9888910Z                   "write" : {
2025-11-05T01:47:49.9889296Z                     "title" : "TRAP cache writeable",
2025-11-05T01:47:49.9889916Z                     "description" : "Whether to write to the TRAP cache as well as reading it",
2025-11-05T01:47:49.9890479Z                     "type" : "string",
2025-11-05T01:47:49.9890893Z                     "pattern" : "(true|TRUE|false|FALSE)"
2025-11-05T01:47:49.9891314Z                   }
2025-11-05T01:47:49.9891564Z                 }
2025-11-05T01:47:49.9891794Z               }
2025-11-05T01:47:49.9892042Z             }
2025-11-05T01:47:49.9892527Z           },
2025-11-05T01:47:49.9892838Z           "skip_types" : {
2025-11-05T01:47:49.9893253Z             "title" : "Skip type extraction for TypeScript",
2025-11-05T01:47:49.9893944Z             "description" : "Whether to skip the extraction of types in a TypeScript application",
2025-11-05T01:47:49.9894592Z             "type" : "string",
2025-11-05T01:47:49.9894976Z             "pattern" : "^(false|true)$"
2025-11-05T01:47:49.9895347Z           }
2025-11-05T01:47:49.9895614Z         }
2025-11-05T01:47:49.9895856Z       }
2025-11-05T01:47:49.9896094Z     ],
2025-11-05T01:47:49.9896329Z     "rust" : [
2025-11-05T01:47:49.9896564Z       {
2025-11-05T01:47:49.9896933Z         "extractor_root" : "/opt/hostedtoolcache/CodeQL/2.23.3/x64/codeql/rust",
2025-11-05T01:47:49.9897473Z         "extractor_options" : {
2025-11-05T01:47:49.9898008Z           "trap" : {
2025-11-05T01:47:49.9898368Z             "title" : "Options pertaining to TRAP.",
2025-11-05T01:47:49.9898881Z             "description" : "Options pertaining to TRAP.",
2025-11-05T01:47:49.9899342Z             "type" : "object",
2025-11-05T01:47:49.9899713Z             "properties" : {
2025-11-05T01:47:49.9900069Z               "compression" : {
2025-11-05T01:47:49.9900625Z                 "title" : "Controls compression for the TRAP files written by the extractor.",
2025-11-05T01:47:49.9902259Z                 "description" : "This option is only intended for use in debugging the extractor. Accepted values are 'gzip' (to write gzip-compressed TRAP) 'zstd' (to write Zstandard-compressed TRAP) and 'none' (the default, to write uncompressed TRAP).\n",
2025-11-05T01:47:49.9903759Z                 "type" : "string",
2025-11-05T01:47:49.9904135Z                 "pattern" : "^(none|gzip|zstd)$"
2025-11-05T01:47:49.9904536Z               }
2025-11-05T01:47:49.9904811Z             }
2025-11-05T01:47:49.9905063Z           },
2025-11-05T01:47:49.9905334Z           "cargo_target_dir" : {
2025-11-05T01:47:49.9905762Z             "title" : "Directory to use for cargo output files.",
2025-11-05T01:47:49.9907500Z             "description" : "This value is an optional path to use as `CARGO_TARGET_DIR` for the internal cargo commands the extractor uses. Pointing it to a persistent directory may reduce execution time of consecutive extractor runs. By default, a new scratch directory is used for each run.\n",
2025-11-05T01:47:49.9909359Z             "type" : "string"
2025-11-05T01:47:49.9909706Z           },
2025-11-05T01:47:49.9909998Z           "cargo_target" : {
2025-11-05T01:47:49.9910371Z             "title" : "Target architecture",
2025-11-05T01:47:49.9911251Z             "description" : "Target architecture to use for analysis, analogous to `cargo --target`. By default the host architecture is used.\n",
2025-11-05T01:47:49.9912150Z             "type" : "string"
2025-11-05T01:47:49.9912502Z           },
2025-11-05T01:47:49.9912802Z           "cargo_features" : {
2025-11-05T01:47:49.9913165Z             "title" : "Cargo features to turn on",
2025-11-05T01:47:49.9914797Z             "description" : "Comma-separated list of features to turn on. By default all features are enabled. If any features are specified, then only those features are enabled. The `default` feature must be explicitly specified if only default features are desired. Can be repeated.\n",
2025-11-05T01:47:49.9924956Z             "type" : "array"
2025-11-05T01:47:49.9925311Z           },
2025-11-05T01:47:49.9925602Z           "cargo_cfg_overrides" : {
2025-11-05T01:47:49.9925998Z             "title" : "Cargo cfg overrides",
2025-11-05T01:47:49.9926833Z             "description" : "Comma-separated list of cfg settings to enable, or disable if prefixed with `-`. Can be repeated.\n",
2025-11-05T01:47:49.9927638Z             "type" : "array"
2025-11-05T01:47:49.9928159Z           },
2025-11-05T01:47:49.9928404Z           "logging" : {
2025-11-05T01:47:49.9928745Z             "title" : "Options pertaining to logging.",
2025-11-05T01:47:49.9929266Z             "description" : "Options pertaining to logging.",
2025-11-05T01:47:49.9929573Z             "type" : "object",
2025-11-05T01:47:49.9929787Z             "properties" : {
2025-11-05T01:47:49.9929998Z               "verbosity" : {
2025-11-05T01:47:49.9930241Z                 "title" : "Extractor logging verbosity level.",
2025-11-05T01:47:49.9931087Z                 "description" : "Controls the level of verbosity of the extractor. The supported levels are (in order of increasing verbosity):\n  - off\n  - errors\n  - warnings\n  - info or progress\n  - debug or progress+\n  - trace or progress++\n  - progress+++\n",
2025-11-05T01:47:49.9931874Z                 "type" : "string",
2025-11-05T01:47:49.9932288Z                 "pattern" : "^(off|errors|warnings|(info|progress)|(debug|progress\\+)|(trace|progress\\+\\+)|progress\\+\\+\\+)$"
2025-11-05T01:47:49.9932703Z               },
2025-11-05T01:47:49.9932884Z               "flamegraph" : {
2025-11-05T01:47:49.9933161Z                 "title" : "[Experimental] File path for write flame graph log",
2025-11-05T01:47:49.9933956Z                 "description" : "Collect flame graph data using the `tracing-flame` crate. To render a flame graph or chart, run the `inferno-flamegraph` command. See also: https://crates.io/crates/tracing-flame\n",
2025-11-05T01:47:49.9935233Z                 "type" : "string"
2025-11-05T01:47:49.9935632Z               }
2025-11-05T01:47:49.9935911Z             }
2025-11-05T01:47:49.9936181Z           },
2025-11-05T01:47:49.9936500Z           "extract_dependencies_as_source" : {
2025-11-05T01:47:49.9937001Z             "title" : "Extract dependencies as source code",
2025-11-05T01:47:49.9938061Z             "description" : "Extract the full source code of dependencies instead of only extracting signatures.\n",
2025-11-05T01:47:49.9938852Z             "type" : "string",
2025-11-05T01:47:49.9939084Z             "pattern" : "^(false|true)$"
2025-11-05T01:47:49.9939303Z           }
2025-11-05T01:47:49.9939456Z         }
2025-11-05T01:47:49.9939596Z       }
2025-11-05T01:47:49.9939751Z     ],
2025-11-05T01:47:49.9939890Z     "csv" : [
2025-11-05T01:47:49.9940044Z       {
2025-11-05T01:47:49.9940289Z         "extractor_root" : "/opt/hostedtoolcache/CodeQL/2.23.3/x64/codeql/csv"
2025-11-05T01:47:49.9940597Z       }
2025-11-05T01:47:49.9940738Z     ],
2025-11-05T01:47:49.9940880Z     "cpp" : [
2025-11-05T01:47:49.9941035Z       {
2025-11-05T01:47:49.9941270Z         "extractor_root" : "/opt/hostedtoolcache/CodeQL/2.23.3/x64/codeql/cpp",
2025-11-05T01:47:49.9941599Z         "extractor_options" : {
2025-11-05T01:47:49.9941793Z           "trap" : {
2025-11-05T01:47:49.9941982Z             "title" : "TRAP options",
2025-11-05T01:47:49.9942295Z             "description" : "Options about how the extractor handles TRAP files",
2025-11-05T01:47:49.9942611Z             "type" : "object",
2025-11-05T01:47:49.9942812Z             "visibility" : 3,
2025-11-05T01:47:49.9943006Z             "properties" : {
2025-11-05T01:47:49.9943211Z               "cache" : {
2025-11-05T01:47:49.9943418Z                 "title" : "TRAP cache options",
2025-11-05T01:47:49.9943761Z                 "description" : "Options about how the extractor handles its TRAP cache",
2025-11-05T01:47:49.9944089Z                 "type" : "object",
2025-11-05T01:47:49.9944303Z                 "properties" : {
2025-11-05T01:47:49.9944693Z                   "dir" : {
2025-11-05T01:47:49.9944909Z                     "title" : "TRAP cache directory",
2025-11-05T01:47:49.9945206Z                     "description" : "The directory of the TRAP cache to use",
2025-11-05T01:47:49.9945493Z                     "type" : "string"
2025-11-05T01:47:49.9945698Z                   },
2025-11-05T01:47:49.9945862Z                   "bound" : {
2025-11-05T01:47:49.9946074Z                     "title" : "TRAP cache bound",
2025-11-05T01:47:49.9946386Z                     "description" : "A soft limit (in MB) on the size of the TRAP cache",
2025-11-05T01:47:49.9946696Z                     "type" : "string",
2025-11-05T01:47:49.9947138Z                     "pattern" : "[0-9]+"
2025-11-05T01:47:49.9947356Z                   },
2025-11-05T01:47:49.9947515Z                   "write" : {
2025-11-05T01:47:49.9947726Z                     "title" : "TRAP cache writeable",
2025-11-05T01:47:49.9948382Z                     "description" : "Whether to write to the TRAP cache as well as reading it",
2025-11-05T01:47:49.9948746Z                     "type" : "string",
2025-11-05T01:47:49.9948991Z                     "pattern" : "(true|TRUE|false|FALSE)"
2025-11-05T01:47:49.9949220Z                   }
2025-11-05T01:47:49.9949382Z                 }
2025-11-05T01:47:49.9949534Z               }
2025-11-05T01:47:49.9949693Z             }
2025-11-05T01:47:49.9949834Z           },
2025-11-05T01:47:49.9949995Z           "scale_timeouts" : {
2025-11-05T01:47:49.9950273Z             "title" : "Value to scale compiler introspection timeouts with",
2025-11-05T01:47:49.9951541Z             "description" : "The extractor attempts to determine what compiler the source code being extracted is compiled with. To this end the extractor makes additional calls to the compiler, some of which are expected to return within a certain fixed time (either 10s or 15s). On some systems that are under high load this time might be too short, and can be scaled up using this option.\n",
2025-11-05T01:47:49.9952717Z             "type" : "string",
2025-11-05T01:47:49.9952927Z             "pattern" : "[0-9]+"
2025-11-05T01:47:49.9953123Z           },
2025-11-05T01:47:49.9953287Z           "log_verbosity" : {
2025-11-05T01:47:49.9953516Z             "title" : "Verbosity of the extractor logging",
2025-11-05T01:47:49.9954051Z             "description" : "Set the verbosity of the extractor logging to 'quiet' (0), 'normal' (1), 'chatty' (2), or 'noisy' (3). The default is 'normal'.\n",
2025-11-05T01:47:49.9954531Z             "type" : "string",
2025-11-05T01:47:49.9954729Z             "pattern" : "[0-3]"
2025-11-05T01:47:49.9954915Z           },
2025-11-05T01:47:49.9955083Z           "frontend_options" : {
2025-11-05T01:47:49.9955318Z             "title" : "C/C++ extractor frontend options",
2025-11-05T01:47:49.9955749Z             "description" : "Set additional options that should be passed to the C/C++ extractor frontend.\n",
2025-11-05T01:47:49.9956149Z             "type" : "array",
2025-11-05T01:47:49.9956338Z             "visibility" : 3
2025-11-05T01:47:49.9956525Z           }
2025-11-05T01:47:49.9956663Z         }
2025-11-05T01:47:49.9956803Z       }
2025-11-05T01:47:49.9956939Z     ],
2025-11-05T01:47:49.9957079Z     "java" : [
2025-11-05T01:47:49.9957228Z       {
2025-11-05T01:47:49.9957476Z         "extractor_root" : "/opt/hostedtoolcache/CodeQL/2.23.3/x64/codeql/java",
2025-11-05T01:47:49.9958011Z         "extractor_options" : {
2025-11-05T01:47:49.9958226Z           "exclude" : {
2025-11-05T01:47:49.9958447Z             "title" : "A glob excluding files from analysis.",
2025-11-05T01:47:49.9959082Z             "description" : "A glob indicating what files to exclude from the analysis. This accepts glob patterns that are supported by Java's 'getPathMatcher' implementation.\n",
2025-11-05T01:47:49.9959668Z             "type" : "string"
2025-11-05T01:47:49.9959845Z           },
2025-11-05T01:47:49.9960009Z           "add_prefer_source" : {
2025-11-05T01:47:49.9960295Z             "title" : "Whether to always prefer source files over class files.",
2025-11-05T01:47:49.9961424Z             "description" : "A value indicating whether source files should be preferred over class files. If set to 'true', the extraction adds '-Xprefer:source' to the javac command line. If set to 'false', the extraction uses the default javac behavior ('-Xprefer:newer'). The default is 'true'.\n",
2025-11-05T01:47:49.9962321Z             "type" : "string",
2025-11-05T01:47:49.9962531Z             "pattern" : "^(false|true)$"
2025-11-05T01:47:49.9962753Z           },
2025-11-05T01:47:49.9962911Z           "buildless" : {
2025-11-05T01:47:49.9963215Z             "title" : "Whether to use buildless (standalone) extraction (experimental).",
2025-11-05T01:47:49.9964800Z             "description" : "A value indicating, which type of extraction the autobuilder should perform. If 'true', then the standalone extractor will be used, otherwise tracing extraction will be performed. The default is 'false'. Note that buildless extraction will generally yield less accurate analysis results, and should only be used in cases where it is not possible to build the code (for example if it uses inaccessible dependencies).\n",
2025-11-05T01:47:49.9966144Z             "type" : "string",
2025-11-05T01:47:49.9966362Z             "pattern" : "^(false|true)$"
2025-11-05T01:47:49.9966573Z           },
2025-11-05T01:47:49.9966750Z           "buildless_dependency_dir" : {
2025-11-05T01:47:49.9967121Z             "title" : "The path where buildless (standalone) extraction should keep dependencies.",
2025-11-05T01:47:49.9967683Z             "description" : "If set, the buildless (standalone) extractor will store dependencies in this directory.\n",
2025-11-05T01:47:49.9968299Z             "type" : "string"
2025-11-05T01:47:49.9968485Z           },
2025-11-05T01:47:49.9968658Z           "minimize_dependency_jars" : {
2025-11-05T01:47:49.9969018Z             "title" : "Whether to rewrite and minimize downloaded JAR dependencies (experimental).",
2025-11-05T01:47:49.9969751Z             "description" : "If 'true', JAR dependencies downloaded during extraction will be rewritten to remove unneeded data, such as method bodies. The default is 'false'.\n",
2025-11-05T01:47:49.9970338Z             "type" : "string",
2025-11-05T01:47:49.9970535Z             "pattern" : "^(false|true)$"
2025-11-05T01:47:49.9970745Z           }
2025-11-05T01:47:49.9970886Z         }
2025-11-05T01:47:49.9971030Z       }
2025-11-05T01:47:49.9971172Z     ],
2025-11-05T01:47:49.9971320Z     "html" : [
2025-11-05T01:47:49.9971470Z       {
2025-11-05T01:47:49.9971717Z         "extractor_root" : "/opt/hostedtoolcache/CodeQL/2.23.3/x64/codeql/html"
2025-11-05T01:47:49.9972020Z       }
2025-11-05T01:47:49.9972160Z     ],
2025-11-05T01:47:49.9972302Z     "yaml" : [
2025-11-05T01:47:49.9972453Z       {
2025-11-05T01:47:49.9972727Z         "extractor_root" : "/opt/hostedtoolcache/CodeQL/2.23.3/x64/codeql/yaml"
2025-11-05T01:47:49.9973023Z       }
2025-11-05T01:47:49.9973163Z     ],
2025-11-05T01:47:49.9973301Z     "swift" : [
2025-11-05T01:47:49.9973460Z       {
2025-11-05T01:47:49.9973696Z         "extractor_root" : "/opt/hostedtoolcache/CodeQL/2.23.3/x64/codeql/swift"
2025-11-05T01:47:49.9974001Z       }
2025-11-05T01:47:49.9974133Z     ],
2025-11-05T01:47:49.9974282Z     "properties" : [
2025-11-05T01:47:49.9974481Z       {
2025-11-05T01:47:49.9974740Z         "extractor_root" : "/opt/hostedtoolcache/CodeQL/2.23.3/x64/codeql/properties"
2025-11-05T01:47:49.9975062Z       }
2025-11-05T01:47:49.9975192Z     ],
2025-11-05T01:47:49.9975333Z     "ruby" : [
2025-11-05T01:47:49.9975478Z       {
2025-11-05T01:47:49.9975717Z         "extractor_root" : "/opt/hostedtoolcache/CodeQL/2.23.3/x64/codeql/ruby",
2025-11-05T01:47:49.9976035Z         "extractor_options" : {
2025-11-05T01:47:49.9976234Z           "trap" : {
2025-11-05T01:47:49.9976425Z             "title" : "Options pertaining to TRAP.",
2025-11-05T01:47:49.9976710Z             "description" : "Options pertaining to TRAP.",
2025-11-05T01:47:49.9976961Z             "type" : "object",
2025-11-05T01:47:49.9977288Z             "properties" : {
2025-11-05T01:47:49.9977487Z               "compression" : {
2025-11-05T01:47:49.9977962Z                 "title" : "Controls compression for the TRAP files written by the extractor.",
2025-11-05T01:47:49.9978907Z                 "description" : "This option is only intended for use in debugging the extractor. Accepted values are 'gzip' (the default, to write gzip-compressed TRAP) 'zstd' (to write Zstandard-compressed TRAP) and 'none' (to write uncompressed TRAP).\n",
2025-11-05T01:47:49.9979703Z                 "type" : "string",
2025-11-05T01:47:49.9979932Z                 "pattern" : "^(none|gzip|zstd)$"
2025-11-05T01:47:49.9980270Z               }
2025-11-05T01:47:49.9980425Z             }
2025-11-05T01:47:49.9980577Z           }
2025-11-05T01:47:49.9980718Z         }
2025-11-05T01:47:49.9980862Z       }
2025-11-05T01:47:49.9980996Z     ],
2025-11-05T01:47:49.9981137Z     "go" : [
2025-11-05T01:47:49.9981281Z       {
2025-11-05T01:47:49.9981522Z         "extractor_root" : "/opt/hostedtoolcache/CodeQL/2.23.3/x64/codeql/go",
2025-11-05T01:47:49.9981834Z         "extractor_options" : {
2025-11-05T01:47:49.9982038Z           "extract_tests" : {
2025-11-05T01:47:49.9982318Z             "title" : "Whether to include Go test files in the CodeQL database.",
2025-11-05T01:47:49.9982891Z             "description" : "A value indicating whether Go test files should be included in the CodeQL database. The default is 'false'.\n",
2025-11-05T01:47:49.9983371Z             "type" : "string",
2025-11-05T01:47:49.9983574Z             "pattern" : "^(false|true)$"
2025-11-05T01:47:49.9983792Z           },
2025-11-05T01:47:49.9983959Z           "extract_vendor_dirs" : {
2025-11-05T01:47:49.9984283Z             "title" : "Whether to include Go vendor directories in the CodeQL database.",
2025-11-05T01:47:49.9984889Z             "description" : "A value indicating whether Go vendor directories should be included in the CodeQL database. The default is 'false'.\n",
2025-11-05T01:47:49.9985397Z             "type" : "string",
2025-11-05T01:47:49.9985605Z             "pattern" : "^(false|true)$"
2025-11-05T01:47:49.9985813Z           }
2025-11-05T01:47:49.9985962Z         }
2025-11-05T01:47:49.9986098Z       }
2025-11-05T01:47:49.9986238Z     ],
2025-11-05T01:47:49.9986380Z     "csharp" : [
2025-11-05T01:47:49.9986539Z       {
2025-11-05T01:47:49.9986782Z         "extractor_root" : "/opt/hostedtoolcache/CodeQL/2.23.3/x64/codeql/csharp",
2025-11-05T01:47:49.9987114Z         "extractor_options" : {
2025-11-05T01:47:49.9987307Z           "trap" : {
2025-11-05T01:47:49.9987509Z             "title" : "Options pertaining to TRAP.",
2025-11-05T01:47:49.9987990Z             "description" : "Options pertaining to TRAP.",
2025-11-05T01:47:49.9988293Z             "type" : "object",
2025-11-05T01:47:49.9988496Z             "properties" : {
2025-11-05T01:47:49.9988690Z               "compression" : {
2025-11-05T01:47:49.9989008Z                 "title" : "Controls compression for the TRAP files written by the extractor.",
2025-11-05T01:47:49.9989849Z                 "description" : "This option is only intended for use in debugging the extractor. Accepted values are 'brotli' (the default, to write brotli-compressed TRAP), 'gzip', and 'none' (to write uncompressed TRAP).\n",
2025-11-05T01:47:49.9990559Z                 "type" : "string",
2025-11-05T01:47:49.9990789Z                 "pattern" : "^(none|gzip|brotli)$"
2025-11-05T01:47:49.9991014Z               }
2025-11-05T01:47:49.9991171Z             }
2025-11-05T01:47:49.9991315Z           },
2025-11-05T01:47:49.9991476Z           "buildless" : {
2025-11-05T01:47:49.9991778Z             "title" : "DEPRECATED - Whether to use buildless (standalone) extraction.",
2025-11-05T01:47:49.9993381Z             "description" : "DEPRECATED: Use `--build-mode none` instead.\nA value indicating, which type of extraction the autobuilder should perform. If 'true', then the standalone extractor will be used, otherwise tracing extraction will be performed. The default is 'false'. Note that buildless extraction will generally yield less accurate analysis results, and should only be used in cases where it is not possible to build the code (for example if it uses inaccessible dependencies).\n",
2025-11-05T01:47:49.9994979Z             "type" : "string",
2025-11-05T01:47:49.9995187Z             "pattern" : "^(false|true)$"
2025-11-05T01:47:49.9995399Z           },
2025-11-05T01:47:49.9995558Z           "logging" : {
2025-11-05T01:47:49.9995764Z             "title" : "Options pertaining to logging.",
2025-11-05T01:47:49.9996062Z             "description" : "Options pertaining to logging.",
2025-11-05T01:47:49.9996321Z             "type" : "object",
2025-11-05T01:47:49.9996742Z             "properties" : {
2025-11-05T01:47:49.9997144Z               "verbosity" : {
2025-11-05T01:47:49.9997580Z                 "title" : "Extractor logging verbosity level.",
2025-11-05T01:47:49.9999334Z                 "description" : "Controls the level of verbosity of the extractor. The supported levels are (in order of increasing verbosity):\n  - off\n  - errors\n  - warnings\n  - info or progress\n  - debug or progress+\n  - trace or progress++\n  - progress+++\n",
2025-11-05T01:47:50.0000748Z                 "type" : "string",
2025-11-05T01:47:50.0001189Z                 "pattern" : "^(off|errors|warnings|(info|progress)|(debug|progress\\+)|(trace|progress\\+\\+)|progress\\+\\+\\+)$"
2025-11-05T01:47:50.0001604Z               }
2025-11-05T01:47:50.0001768Z             }
2025-11-05T01:47:50.0001913Z           },
2025-11-05T01:47:50.0002070Z           "binlog" : {
2025-11-05T01:47:50.0002252Z             "title" : "Binlog",
2025-11-05T01:47:50.0002864Z             "description" : "[EXPERIMENTAL] The value is a path to the MsBuild binary log file that should be extracted. This option only works when `--build-mode none` is also specified.\n",
2025-11-05T01:47:50.0003479Z             "type" : "array"
2025-11-05T01:47:50.0003665Z           }
2025-11-05T01:47:50.0003814Z         }
2025-11-05T01:47:50.0003960Z       }
2025-11-05T01:47:50.0004102Z     ],
2025-11-05T01:47:50.0004245Z     "actions" : [
2025-11-05T01:47:50.0004411Z       {
2025-11-05T01:47:50.0004667Z         "extractor_root" : "/opt/hostedtoolcache/CodeQL/2.23.3/x64/codeql/actions",
2025-11-05T01:47:50.0005009Z         "extractor_options" : {
2025-11-05T01:47:50.0005210Z           "trap" : {
2025-11-05T01:47:50.0005392Z             "title" : "TRAP options",
2025-11-05T01:47:50.0005704Z             "description" : "Options about how the extractor handles TRAP files",
2025-11-05T01:47:50.0006012Z             "type" : "object",
2025-11-05T01:47:50.0006212Z             "visibility" : 3,
2025-11-05T01:47:50.0006406Z             "properties" : {
2025-11-05T01:47:50.0006602Z               "cache" : {
2025-11-05T01:47:50.0006800Z                 "title" : "TRAP cache options",
2025-11-05T01:47:50.0007142Z                 "description" : "Options about how the extractor handles its TRAP cache",
2025-11-05T01:47:50.0007478Z                 "type" : "object",
2025-11-05T01:47:50.0007690Z                 "properties" : {
2025-11-05T01:47:50.0008089Z                   "dir" : {
2025-11-05T01:47:50.0008296Z                     "title" : "TRAP cache directory",
2025-11-05T01:47:50.0008598Z                     "description" : "The directory of the TRAP cache to use",
2025-11-05T01:47:50.0008881Z                     "type" : "string"
2025-11-05T01:47:50.0009086Z                   },
2025-11-05T01:47:50.0009250Z                   "bound" : {
2025-11-05T01:47:50.0009458Z                     "title" : "TRAP cache bound",
2025-11-05T01:47:50.0009776Z                     "description" : "A soft limit (in MB) on the size of the TRAP cache",
2025-11-05T01:47:50.0010087Z                     "type" : "string",
2025-11-05T01:47:50.0010311Z                     "pattern" : "[0-9]+"
2025-11-05T01:47:50.0010519Z                   },
2025-11-05T01:47:50.0010688Z                   "write" : {
2025-11-05T01:47:50.0010893Z                     "title" : "TRAP cache writeable",
2025-11-05T01:47:50.0011421Z                     "description" : "Whether to write to the TRAP cache as well as reading it",
2025-11-05T01:47:50.0011750Z                     "type" : "string",
2025-11-05T01:47:50.0011988Z                     "pattern" : "(true|TRUE|false|FALSE)"
2025-11-05T01:47:50.0012221Z                   }
2025-11-05T01:47:50.0012376Z                 }
2025-11-05T01:47:50.0012531Z               }
2025-11-05T01:47:50.0012679Z             }
2025-11-05T01:47:50.0012859Z           }
2025-11-05T01:47:50.0013001Z         }
2025-11-05T01:47:50.0013144Z       }
2025-11-05T01:47:50.0013279Z     ]
2025-11-05T01:47:50.0013419Z   }
2025-11-05T01:47:50.0013555Z }
2025-11-05T01:47:50.0121092Z python does not support TRAP caching (missing option group)
2025-11-05T01:47:50.0122899Z Found 0 languages that support TRAP caching
2025-11-05T01:47:50.0127307Z Using overlay database mode: none without caching.
2025-11-05T01:47:50.0145458Z Not performing diff-informed analysis because we are not analyzing a pull request.
2025-11-05T01:47:50.0146388Z ##[endgroup]
2025-11-05T01:47:50.0147962Z While resolving threads, found a cgroup CPUs file with 4 CPUs in /sys/fs/cgroup/cpuset.cpus.effective.
2025-11-05T01:47:50.0159104Z Skipping download of dependency cache for python as we have no caching configuration for it.
2025-11-05T01:47:50.0160632Z Writing augmented user configuration file to /home/runner/work/_temp/user-config.yaml
2025-11-05T01:47:50.0161630Z ##[group]Augmented user configuration file contents
2025-11-05T01:47:50.0173085Z default-setup:
2025-11-05T01:47:50.0173401Z   org:
2025-11-05T01:47:50.0173685Z     model-packs: []
2025-11-05T01:47:50.0174007Z threat-models: []
2025-11-05T01:47:50.0174195Z 
2025-11-05T01:47:50.0175347Z ##[endgroup]
2025-11-05T01:47:50.0179600Z [command]/opt/hostedtoolcache/CodeQL/2.23.3/x64/codeql/codeql database init --force-overwrite --db-cluster /home/runner/work/_temp/codeql_databases --source-root=/home/runner/work/scratchattach/scratchattach --calculate-language-specific-baseline --extractor-include-aliases --sublanguage-file-coverage --language=python --codescanning-config=/home/runner/work/_temp/user-config.yaml --build-mode=none
2025-11-05T01:47:51.6816286Z Package install location: /home/runner/.codeql/packages
2025-11-05T01:47:51.6816832Z Nothing downloaded.
2025-11-05T01:47:54.5046942Z Calculating baseline information in /home/runner/work/scratchattach/scratchattach
2025-11-05T01:47:55.1376522Z Running command in /home/runner/work/scratchattach/scratchattach: [/opt/hostedtoolcache/CodeQL/2.23.3/x64/codeql/actions/tools/configure-baseline.sh]
2025-11-05T01:47:55.1654565Z Calculated baseline information for languages: actions, python (659ms).
2025-11-05T01:47:58.6563315Z Resolving extractor python.
2025-11-05T01:47:58.6593842Z Successfully loaded extractor Python (python) from /opt/hostedtoolcache/CodeQL/2.23.3/x64/codeql/python.
2025-11-05T01:47:58.7130966Z Created skeleton CodeQL database at /home/runner/work/_temp/codeql_databases/python. This in-progress database is ready to be populated by an extractor.
2025-11-05T01:47:59.0415376Z ##[group]Run github/codeql-action/start-proxy@v3
2025-11-05T01:47:59.0415680Z with:
2025-11-05T01:47:59.0415853Z   language: python
2025-11-05T01:47:59.0416037Z   registry_secrets: []
2025-11-05T01:47:59.0416333Z   token: ***
2025-11-05T01:47:59.0416727Z   matrix: {
  "language": "python",
  "category": "/language:python",
  "build-mode": "none",
  "runner": "[\"ubuntu-latest\"]"
}
2025-11-05T01:47:59.0417168Z env:
2025-11-05T01:47:59.0417338Z   CODE_SCANNING_REF: refs/heads/main
2025-11-05T01:47:59.0417575Z   CODE_SCANNING_BASE_BRANCH: 
2025-11-05T01:47:59.0418201Z   CODE_SCANNING_IS_ANALYZING_DEFAULT_BRANCH: true
2025-11-05T01:47:59.0418521Z   CODE_SCANNING_IS_STEADY_STATE_DEFAULT_SETUP: true
2025-11-05T01:47:59.0424616Z   CODE_SCANNING_WORKFLOW_FILE: H4sIAAAAAAAA/6RV32/bNhB+919x8AakfZDzsD0JKFDFkRNvhp1aCrqsKAiaOslcZFLlD6dql/99oCjF0hLPGeon8/jx4919H0+C7jCE8VRm+GExHikrAh/6+ft3KLjZ2s0E9yjMhIvKGj1hMkOiGRWCi4IoK4jDw+PjSIoQslrQHWejEYp9OAKYri5jkkyj5XK+vCLrePZqYswd578ZLqIkJhfraDm9fi3ThmokG0UF277EOE9ItIwWd3+6xWU8i24X6f+8gWtCBS3rb26RYU5taf77xiSNo8s7kqRRGj9dmsTp7U0IRll8dubjav37bLH6SGbzRfzavB6kus9L+UByXjYKjf6SG+1k8emi+wvg9Y58CN447h01in+dlFQUlhbu7NsGqqzQgdPZgXIld78lq+WbFq2sEKje+pIBKlQ7rjWXQvt7ACgzzRIU0qyNMSkMCjMMVpTd0wKHQY3MKm7qoClZh/CguMFRR8KFxUCKAJWSKoScltpvaqOowaLussgpL4OcatMHQVtzBwLggpU2w0MAIICuI2FXS28XgLl7pKpDOH8CvoTbWF5mwU5mGIKQAgebvo0hnH0a240VxgYlNajN+PPZkVSq2mylOJnJC7AfSkQbrFppg9ZE0y2ye2kNKKyk5kaquqW02qnZNuOctbj3+19HA4K54IbTkn9D8CNpcNxb/ty5/EsZeLJzLrh5v/+lBT5wsz1I1vhccx3cc5HpENzJoHsfT6iuQ9r7+rn5Ry/1qwc9hPvgDCsUGQpWB4yyLReFP+T7OkGx50qKHQoD797BmS8u2EptMDvrE32xqLjLbjyGn+DSD5gmWoO23Rto30HOixD+7gnZDqRAo7FVOFBYqmIYAHBFlIF7fzqET68cNF4Q0pyCx0f43CM1W4XUNM0pG8p2t1M8cWlBpeTXGnKpQGHBtXH1tiQ8C/32aStoQ5UJGvAxRxzoCVOYoXB2a4XXyBQaPbmap9e3F2QdX82TdD2PE3KzXv1x15fk8PiOOGZo6xtUuVS71tN+1mquT1fUDupDNe131f/cN+LDwmdHrldJ2tbhHuakacNEWtMI1qyIM1e/jAHBzWp9kqCS6jjBNCLTeJ3OZ/NplManqBglDJXhOXfD6ijp7XqRnKKyqtQHgqHgh0nYU6oLukP/BAAA//+FBaDZAgkAAA==
2025-11-05T01:47:59.0431208Z   CODEQL_ACTION_FEATURE_MULTI_LANGUAGE: false
2025-11-05T01:47:59.0431482Z   CODEQL_ACTION_FEATURE_SANDWICH: false
2025-11-05T01:47:59.0431745Z   CODEQL_ACTION_FEATURE_SARIF_COMBINE: true
2025-11-05T01:47:59.0431994Z   CODEQL_ACTION_FEATURE_WILL_UPLOAD: true
2025-11-05T01:47:59.0432237Z   CODEQL_ACTION_VERSION: 3.31.2
2025-11-05T01:47:59.0432478Z   JOB_RUN_UUID: db300147-b052-45e5-a376-8ba79b93fd95
2025-11-05T01:47:59.0432744Z   CODEQL_ACTION_INIT_HAS_RUN: true
2025-11-05T01:47:59.0433056Z   CODEQL_ACTION_ANALYSIS_KEY: dynamic/github-code-scanning/codeql:analyze
2025-11-05T01:47:59.0433421Z   CODEQL_WORKFLOW_STARTED_AT: 2025-11-05T01:47:42.647Z
2025-11-05T01:47:59.0433684Z   CODEQL_RAM: 14581
2025-11-05T01:47:59.0433853Z   CODEQL_THREADS: 4
2025-11-05T01:47:59.0434026Z ##[endgroup]
2025-11-05T01:47:59.1888782Z Using registry_secrets input.
2025-11-05T01:47:59.1889653Z No credentials found, skipping proxy setup.
2025-11-05T01:47:59.2042584Z ##[group]Run github/codeql-action/analyze@v3
2025-11-05T01:47:59.2042868Z with:
2025-11-05T01:47:59.2043068Z   category: /language:python
2025-11-05T01:47:59.2043284Z   output: ../results
2025-11-05T01:47:59.2043471Z   upload: always
2025-11-05T01:47:59.2043651Z   skip-queries: false
2025-11-05T01:47:59.2043924Z   checkout_path: /home/runner/work/scratchattach/scratchattach
2025-11-05T01:47:59.2044223Z   upload-database: true
2025-11-05T01:47:59.2044431Z   wait-for-processing: true
2025-11-05T01:47:59.2044747Z   token: ***
2025-11-05T01:47:59.2045132Z   matrix: {
  "language": "python",
  "category": "/language:python",
  "build-mode": "none",
  "runner": "[\"ubuntu-latest\"]"
}
2025-11-05T01:47:59.2045580Z   expect-error: false
2025-11-05T01:47:59.2045758Z env:
2025-11-05T01:47:59.2045924Z   CODE_SCANNING_REF: refs/heads/main
2025-11-05T01:47:59.2046153Z   CODE_SCANNING_BASE_BRANCH: 
2025-11-05T01:47:59.2046401Z   CODE_SCANNING_IS_ANALYZING_DEFAULT_BRANCH: true
2025-11-05T01:47:59.2046720Z   CODE_SCANNING_IS_STEADY_STATE_DEFAULT_SETUP: true
2025-11-05T01:47:59.2053181Z   CODE_SCANNING_WORKFLOW_FILE: H4sIAAAAAAAA/6RV32/bNhB+919x8AakfZDzsD0JKFDFkRNvhp1aCrqsKAiaOslcZFLlD6dql/99oCjF0hLPGeon8/jx4919H0+C7jCE8VRm+GExHikrAh/6+ft3KLjZ2s0E9yjMhIvKGj1hMkOiGRWCi4IoK4jDw+PjSIoQslrQHWejEYp9OAKYri5jkkyj5XK+vCLrePZqYswd578ZLqIkJhfraDm9fi3ThmokG0UF277EOE9ItIwWd3+6xWU8i24X6f+8gWtCBS3rb26RYU5taf77xiSNo8s7kqRRGj9dmsTp7U0IRll8dubjav37bLH6SGbzRfzavB6kus9L+UByXjYKjf6SG+1k8emi+wvg9Y58CN447h01in+dlFQUlhbu7NsGqqzQgdPZgXIld78lq+WbFq2sEKje+pIBKlQ7rjWXQvt7ACgzzRIU0qyNMSkMCjMMVpTd0wKHQY3MKm7qoClZh/CguMFRR8KFxUCKAJWSKoScltpvaqOowaLussgpL4OcatMHQVtzBwLggpU2w0MAIICuI2FXS28XgLl7pKpDOH8CvoTbWF5mwU5mGIKQAgebvo0hnH0a240VxgYlNajN+PPZkVSq2mylOJnJC7AfSkQbrFppg9ZE0y2ye2kNKKyk5kaquqW02qnZNuOctbj3+19HA4K54IbTkn9D8CNpcNxb/ty5/EsZeLJzLrh5v/+lBT5wsz1I1vhccx3cc5HpENzJoHsfT6iuQ9r7+rn5Ry/1qwc9hPvgDCsUGQpWB4yyLReFP+T7OkGx50qKHQoD797BmS8u2EptMDvrE32xqLjLbjyGn+DSD5gmWoO23Rto30HOixD+7gnZDqRAo7FVOFBYqmIYAHBFlIF7fzqET68cNF4Q0pyCx0f43CM1W4XUNM0pG8p2t1M8cWlBpeTXGnKpQGHBtXH1tiQ8C/32aStoQ5UJGvAxRxzoCVOYoXB2a4XXyBQaPbmap9e3F2QdX82TdD2PE3KzXv1x15fk8PiOOGZo6xtUuVS71tN+1mquT1fUDupDNe131f/cN+LDwmdHrldJ2tbhHuakacNEWtMI1qyIM1e/jAHBzWp9kqCS6jjBNCLTeJ3OZ/NplManqBglDJXhOXfD6ijp7XqRnKKyqtQHgqHgh0nYU6oLukP/BAAA//+FBaDZAgkAAA==
2025-11-05T01:47:59.2059755Z   CODEQL_ACTION_FEATURE_MULTI_LANGUAGE: false
2025-11-05T01:47:59.2060022Z   CODEQL_ACTION_FEATURE_SANDWICH: false
2025-11-05T01:47:59.2060271Z   CODEQL_ACTION_FEATURE_SARIF_COMBINE: true
2025-11-05T01:47:59.2060527Z   CODEQL_ACTION_FEATURE_WILL_UPLOAD: true
2025-11-05T01:47:59.2060769Z   CODEQL_ACTION_VERSION: 3.31.2
2025-11-05T01:47:59.2061016Z   JOB_RUN_UUID: db300147-b052-45e5-a376-8ba79b93fd95
2025-11-05T01:47:59.2061278Z   CODEQL_ACTION_INIT_HAS_RUN: true
2025-11-05T01:47:59.2061699Z   CODEQL_ACTION_ANALYSIS_KEY: dynamic/github-code-scanning/codeql:analyze
2025-11-05T01:47:59.2062222Z   CODEQL_WORKFLOW_STARTED_AT: 2025-11-05T01:47:42.647Z
2025-11-05T01:47:59.2062483Z   CODEQL_RAM: 14581
2025-11-05T01:47:59.2062667Z   CODEQL_THREADS: 4
2025-11-05T01:47:59.2062836Z   CODEQL_PROXY_HOST: 
2025-11-05T01:47:59.2063028Z   CODEQL_PROXY_PORT: 
2025-11-05T01:47:59.2063214Z   CODEQL_PROXY_CA_CERTIFICATE: 
2025-11-05T01:47:59.2063434Z   CODEQL_PROXY_URLS: 
2025-11-05T01:47:59.2063606Z ##[endgroup]
2025-11-05T01:48:00.3140514Z While resolving threads, found a cgroup CPUs file with 4 CPUs in /sys/fs/cgroup/cpuset.cpus.effective.
2025-11-05T01:48:00.3175958Z Not performing diff-informed analysis because we are not analyzing a pull request.
2025-11-05T01:48:00.3220635Z ##[group]Extracting python
2025-11-05T01:48:00.3225300Z [command]/opt/hostedtoolcache/CodeQL/2.23.3/x64/codeql/codeql database trace-command --use-build-mode --working-dir /home/runner/work/scratchattach/scratchattach /home/runner/work/_temp/codeql_databases/python
2025-11-05T01:48:01.1072099Z Running command in /home/runner/work/scratchattach/scratchattach: [/opt/hostedtoolcache/CodeQL/2.23.3/x64/codeql/python/tools/autobuild.sh]
2025-11-05T01:48:01.2619595Z [2025-11-05 01:48:01] [build-stderr] /bin/sh: 1: python2: not found
2025-11-05T01:48:01.3030063Z [2025-11-05 01:48:01] [build-stdout] Source root appears to be the real root.
2025-11-05T01:48:01.3031069Z [2025-11-05 01:48:01] [build-stdout] Will try to guess Python version, as it was not specified in `lgtm.yml`
2025-11-05T01:48:01.3032170Z [2025-11-05 01:48:01] [build-stdout] Trying to guess Python version based on Trove classifiers in setup.py
2025-11-05T01:48:01.3033350Z [2025-11-05 01:48:01] [build-stdout] Did not find setup.py (expected it to be at /home/runner/work/scratchattach/scratchattach/setup.py)
2025-11-05T01:48:01.3034388Z [2025-11-05 01:48:01] [build-stdout] Trying to guess Python version based on travis file
2025-11-05T01:48:01.3037587Z [2025-11-05 01:48:01] [build-stdout] Did not find any travis files (expected them at either ['/home/runner/work/scratchattach/scratchattach/.travis.yml', '/home/runner/work/scratchattach/scratchattach/travis.yml'])
2025-11-05T01:48:01.3043574Z [2025-11-05 01:48:01] [build-stdout] Trying to guess Python version based on installed versions
2025-11-05T01:48:01.3046052Z [2025-11-05 01:48:01] [build-stdout] Wanted to run Python 2, but it is not available. Using Python 3 instead
2025-11-05T01:48:01.3048561Z [2025-11-05 01:48:01] [build-stdout] This script is running Python 3, but Python 2 is also available (as 'python3')
2025-11-05T01:48:01.3049573Z [2025-11-05 01:48:01] [build-stdout] Could not guess Python version, will use default: Python 3
2025-11-05T01:48:01.3050882Z [2025-11-05 01:48:01] [build-stdout] Calling python3 -S /opt/hostedtoolcache/CodeQL/2.23.3/x64/codeql/python/tools/python_tracer.py --verbosity 3 -z all -c /home/runner/work/_temp/codeql_databases/python/working/trap_cache -R /home/runner/work/scratchattach/scratchattach
2025-11-05T01:48:01.8461426Z [2025-11-05 01:48:01] [build-stdout] INFO: The Python extractor has recently stopped extracting the standard library by default. If you encounter problems, please let us know by submitting an issue to https://github.com/github/codeql. It is possible to re-enable extraction of the standard library by setting the environment variable CODEQL_EXTRACTOR_PYTHON_EXTRACT_STDLIB.
2025-11-05T01:48:01.8476509Z [2025-11-05 01:48:01] [build-stdout] [INFO] Extraction will use the Python 3 standard library.
2025-11-05T01:48:01.8483805Z [2025-11-05 01:48:01] [build-stdout] [INFO] sys_path is: ['/opt/hostedtoolcache/CodeQL/2.23.3/x64/codeql/python/tools', '/usr/lib/python312.zip', '/usr/lib/python3.12', '/usr/lib/python3.12/lib-dynload']
2025-11-05T01:48:01.8488213Z [2025-11-05 01:48:01] [build-stdout] [INFO] Python version 3.12.3
2025-11-05T01:48:01.8488886Z [2025-11-05 01:48:01] [build-stdout] [INFO] Python extractor version 7.1.5
2025-11-05T01:48:01.9509541Z [2025-11-05 01:48:01] [build-stdout] [INFO] [2] Extracted file /home/runner/work/scratchattach/scratchattach/test2.py in 19ms
2025-11-05T01:48:01.9613883Z [2025-11-05 01:48:01] [build-stdout] [INFO] [4] Extracted file /home/runner/work/scratchattach/scratchattach/test1.py in 13ms
2025-11-05T01:48:01.9760775Z [2025-11-05 01:48:01] [build-stdout] [INFO] [4] Extracted file /home/runner/work/scratchattach/scratchattach/test3.py in 18ms
2025-11-05T01:48:01.9804119Z [2025-11-05 01:48:01] [build-stdout] [INFO] [1] Extracted file /home/runner/work/scratchattach/scratchattach/scratch_chat_db.py in 63ms
2025-11-05T01:48:01.9899460Z [2025-11-05 01:48:01] [build-stdout] [INFO] [1] Extracted file /home/runner/work/scratchattach/scratchattach/install.py in 5ms
2025-11-05T01:48:01.9930871Z [2025-11-05 01:48:01] [build-stdout] [INFO] [3] Extracted file /home/runner/work/scratchattach/scratchattach/scratch_chat_requests.py in 77ms
2025-11-05T01:48:01.9968727Z [2025-11-05 01:48:01] [build-stdout] [INFO] [3] Extracted folder /usr/lib/python3.12/json in 1ms
2025-11-05T01:48:01.9969616Z [2025-11-05 01:48:01] [build-stdout] [INFO] [3] Skipped built-in file /usr/lib/python3.12/os.py
2025-11-05T01:48:01.9970755Z [2025-11-05 01:48:01] [build-stdout] [INFO] [3] Skipped built-in file /usr/lib/python3.12/json/__init__.py
2025-11-05T01:48:01.9971565Z [2025-11-05 01:48:01] [build-stdout] [INFO] [3] Skipped built-in file /usr/lib/python3.12/warnings.py
2025-11-05T01:48:02.0074826Z [2025-11-05 01:48:02] [build-stdout] [INFO] [2] Extracted file /home/runner/work/scratchattach/scratchattach/message_viewer.py in 69ms
2025-11-05T01:48:02.0086150Z [2025-11-05 01:48:02] [build-stdout] [INFO] [3] Extracted module sys in 0ms
2025-11-05T01:48:02.0090263Z [2025-11-05 01:48:02] [build-stdout] [INFO] [1] Extracted file /home/runner/work/scratchattach/scratchattach/test4.py in 24ms
2025-11-05T01:48:02.0099311Z [2025-11-05 01:48:02] [build-stdout] [INFO] [2] Extracted folder /usr/lib/python3.12/logging in 1ms
2025-11-05T01:48:02.0113475Z [2025-11-05 01:48:02] [build-stdout] [INFO] [3] Skipped built-in file /usr/lib/python3.12/logging/__init__.py
2025-11-05T01:48:02.0170530Z [2025-11-05 01:48:02] [build-stdout] [INFO] [3] Extracted module time in 7ms
2025-11-05T01:48:02.0581260Z [2025-11-05 01:48:02] [build-stdout] [INFO] [4] Extracted file /home/runner/work/scratchattach/scratchattach/aesthetic_prioritizing.py in 81ms
2025-11-05T01:48:02.1035675Z [2025-11-05 01:48:02] [build-stdout] [INFO] Processed 17 modules in 0.25s
2025-11-05T01:48:02.1454418Z ##[endgroup]
2025-11-05T01:48:02.1462000Z ##[group]Finalizing python
2025-11-05T01:48:02.1463709Z [command]/opt/hostedtoolcache/CodeQL/2.23.3/x64/codeql/codeql database finalize --finalize-dataset --threads=4 --ram=14581 /home/runner/work/_temp/codeql_databases/python
2025-11-05T01:48:02.9296235Z Running pre-finalize script /opt/hostedtoolcache/CodeQL/2.23.3/x64/codeql/python/tools/pre-finalize.sh in /home/runner/work/scratchattach/scratchattach.
2025-11-05T01:48:03.0146827Z Running command in /home/runner/work/scratchattach/scratchattach: [/opt/hostedtoolcache/CodeQL/2.23.3/x64/codeql/python/tools/pre-finalize.sh]
2025-11-05T01:48:03.7709225Z [2025-11-05 01:48:03] [build-stderr] Scanning for files in /home/runner/work/scratchattach/scratchattach...
2025-11-05T01:48:03.8892423Z [2025-11-05 01:48:03] [build-stderr] /home/runner/work/_temp/codeql_databases/python: Indexing files in in /home/runner/work/scratchattach/scratchattach...
2025-11-05T01:48:03.9237149Z [2025-11-05 01:48:03] [build-stderr] Running command in /home/runner/work/scratchattach/scratchattach: [/opt/hostedtoolcache/CodeQL/2.23.3/x64/codeql/yaml/tools/index-files.sh, /home/runner/work/_temp/codeql_databases/python/working/files-to-index1550561108469151150.list]
2025-11-05T01:48:04.9031331Z Pre-finalize script /opt/hostedtoolcache/CodeQL/2.23.3/x64/codeql/python/tools/pre-finalize.sh completed in 1973 ms.
2025-11-05T01:48:04.9164285Z Running TRAP import for CodeQL database at /home/runner/work/_temp/codeql_databases/python...
2025-11-05T01:48:06.1467013Z Importing TRAP files
2025-11-05T01:48:07.2179606Z Merging relations
2025-11-05T01:48:07.5919123Z Finished writing database (relations: 98.84 KiB; string pool: 2.08 MiB).
2025-11-05T01:48:07.6268385Z TRAP import complete (2.7s).
2025-11-05T01:48:07.9200052Z Finished zipping source archive (11.48 KiB).
2025-11-05T01:48:07.9428840Z ##[endgroup]
2025-11-05T01:48:07.9433778Z ##[group]Running queries for python
2025-11-05T01:48:07.9435715Z [command]/opt/hostedtoolcache/CodeQL/2.23.3/x64/codeql/codeql database run-queries --ram=14581 --threads=4 --expect-discarded-cache /home/runner/work/_temp/codeql_databases/python --min-disk-free=1024 -v
2025-11-05T01:48:08.7097199Z Writing logs to /home/runner/work/_temp/codeql_databases/python/log/database-run-queries-20251105.014808.706.log.
2025-11-05T01:48:08.7592820Z Stringpool size measured as 2179482
2025-11-05T01:48:09.3851912Z Writing logs to /home/runner/work/_temp/codeql_databases/python/log/execute-queries-20251105.014809.379.log.
2025-11-05T01:48:09.7239174Z Recording pack reference codeql/python-queries at /opt/hostedtoolcache/CodeQL/2.23.3/x64/codeql/qlpacks/codeql/python-queries/1.6.7.
2025-11-05T01:48:12.1434998Z Compiling in 3 threads due to RAM limits.
2025-11-05T01:48:12.8360130Z [1/43] Loaded /opt/hostedtoolcache/CodeQL/2.23.3/x64/codeql/qlpacks/codeql/python-queries/1.6.7/Security/CWE-020/IncompleteUrlSubstringSanitization.qlx.
2025-11-05T01:48:13.3315995Z [2/43] Loaded /opt/hostedtoolcache/CodeQL/2.23.3/x64/codeql/qlpacks/codeql/python-queries/1.6.7/Security/CWE-020/IncompleteHostnameRegExp.qlx.
2025-11-05T01:48:13.4751051Z [3/43] Loaded /opt/hostedtoolcache/CodeQL/2.23.3/x64/codeql/qlpacks/codeql/python-queries/1.6.7/Security/CWE-020/OverlyLargeRange.qlx.
2025-11-05T01:48:13.4934410Z [4/43] Loaded /opt/hostedtoolcache/CodeQL/2.23.3/x64/codeql/qlpacks/codeql/python-queries/1.6.7/Security/CWE-312/CleartextLogging.qlx.
2025-11-05T01:48:13.5152131Z [5/43] Loaded /opt/hostedtoolcache/CodeQL/2.23.3/x64/codeql/qlpacks/codeql/python-queries/1.6.7/Security/CWE-312/CleartextStorage.qlx.
2025-11-05T01:48:13.6432121Z [6/43] Loaded /opt/hostedtoolcache/CodeQL/2.23.3/x64/codeql/qlpacks/codeql/python-queries/1.6.7/Security/CWE-326/WeakCryptoKey.qlx.
2025-11-05T01:48:13.8182244Z [7/43] Loaded /opt/hostedtoolcache/CodeQL/2.23.3/x64/codeql/qlpacks/codeql/python-queries/1.6.7/Security/CWE-776/XmlBomb.qlx.
2025-11-05T01:48:13.8239054Z [8/43] Loaded /opt/hostedtoolcache/CodeQL/2.23.3/x64/codeql/qlpacks/codeql/python-queries/1.6.7/Security/CWE-020/CookieInjection.qlx.
2025-11-05T01:48:13.8980890Z [9/43] Loaded /opt/hostedtoolcache/CodeQL/2.23.3/x64/codeql/qlpacks/codeql/python-queries/1.6.7/Security/CWE-113/HeaderInjection.qlx.
2025-11-05T01:48:13.9640609Z [10/43] Loaded /opt/hostedtoolcache/CodeQL/2.23.3/x64/codeql/qlpacks/codeql/python-queries/1.6.7/Security/CWE-295/MissingHostKeyValidation.qlx.
2025-11-05T01:48:14.0839478Z [11/43] Loaded /opt/hostedtoolcache/CodeQL/2.23.3/x64/codeql/qlpacks/codeql/python-queries/1.6.7/Security/CWE-078/CommandInjection.qlx.
2025-11-05T01:48:14.0871639Z [12/43] Loaded /opt/hostedtoolcache/CodeQL/2.23.3/x64/codeql/qlpacks/codeql/python-queries/1.6.7/Security/CWE-601/UrlRedirect.qlx.
2025-11-05T01:48:14.2789311Z [13/43] Loaded /opt/hostedtoolcache/CodeQL/2.23.3/x64/codeql/qlpacks/codeql/python-queries/1.6.7/Security/CWE-943/NoSqlInjection.qlx.
2025-11-05T01:48:14.3271498Z [14/43] Loaded /opt/hostedtoolcache/CodeQL/2.23.3/x64/codeql/qlpacks/codeql/python-queries/1.6.7/Security/CWE-643/XpathInjection.qlx.
2025-11-05T01:48:14.3570294Z [15/43] Loaded /opt/hostedtoolcache/CodeQL/2.23.3/x64/codeql/qlpacks/codeql/python-queries/1.6.7/Security/CWE-079/ReflectedXss.qlx.
2025-11-05T01:48:14.3910895Z [16/43] Loaded /opt/hostedtoolcache/CodeQL/2.23.3/x64/codeql/qlpacks/codeql/python-queries/1.6.7/Security/CVE-2018-1281/BindToAllInterfaces.qlx.
2025-11-05T01:48:14.4331996Z [17/43] Loaded /opt/hostedtoolcache/CodeQL/2.23.3/x64/codeql/qlpacks/codeql/python-queries/1.6.7/Security/CWE-089/SqlInjection.qlx.
2025-11-05T01:48:14.5210462Z [18/43] Loaded /opt/hostedtoolcache/CodeQL/2.23.3/x64/codeql/qlpacks/codeql/python-queries/1.6.7/Security/CWE-614/InsecureCookie.qlx.
2025-11-05T01:48:14.5392456Z [19/43] Loaded /opt/hostedtoolcache/CodeQL/2.23.3/x64/codeql/qlpacks/codeql/python-queries/1.6.7/Security/CWE-116/BadTagFilter.qlx.
2025-11-05T01:48:14.6464379Z [20/43] Loaded /opt/hostedtoolcache/CodeQL/2.23.3/x64/codeql/qlpacks/codeql/python-queries/1.6.7/Security/CWE-022/PathInjection.qlx.
2025-11-05T01:48:14.6477082Z [21/43] Loaded /opt/hostedtoolcache/CodeQL/2.23.3/x64/codeql/qlpacks/codeql/python-queries/1.6.7/Security/CWE-377/InsecureTemporaryFile.qlx.
2025-11-05T01:48:14.6849435Z [22/43] Loaded /opt/hostedtoolcache/CodeQL/2.23.3/x64/codeql/qlpacks/codeql/python-queries/1.6.7/Security/CWE-352/CSRFProtectionDisabled.qlx.
2025-11-05T01:48:14.7625054Z [23/43] Loaded /opt/hostedtoolcache/CodeQL/2.23.3/x64/codeql/qlpacks/codeql/python-queries/1.6.7/Security/CWE-730/ReDoS.qlx.
2025-11-05T01:48:14.9012993Z [24/43] Loaded /opt/hostedtoolcache/CodeQL/2.23.3/x64/codeql/qlpacks/codeql/python-queries/1.6.7/Security/CWE-730/RegexInjection.qlx.
2025-11-05T01:48:14.9194644Z [25/43] Loaded /opt/hostedtoolcache/CodeQL/2.23.3/x64/codeql/qlpacks/codeql/python-queries/1.6.7/Security/CWE-730/PolynomialReDoS.qlx.
2025-11-05T01:48:14.9640105Z [26/43] Loaded /opt/hostedtoolcache/CodeQL/2.23.3/x64/codeql/qlpacks/codeql/python-queries/1.6.7/Security/CWE-094/CodeInjection.qlx.
2025-11-05T01:48:14.9885437Z [27/43] Loaded /opt/hostedtoolcache/CodeQL/2.23.3/x64/codeql/qlpacks/codeql/python-queries/1.6.7/Security/CWE-215/FlaskDebug.qlx.
2025-11-05T01:48:15.0651803Z [28/43] Loaded /opt/hostedtoolcache/CodeQL/2.23.3/x64/codeql/qlpacks/codeql/python-queries/1.6.7/Security/CWE-502/UnsafeDeserialization.qlx.
2025-11-05T01:48:15.1085884Z [29/43] Loaded /opt/hostedtoolcache/CodeQL/2.23.3/x64/codeql/qlpacks/codeql/python-queries/1.6.7/Security/CWE-074/TemplateInjection.qlx.
2025-11-05T01:48:15.1437018Z [30/43] Loaded /opt/hostedtoolcache/CodeQL/2.23.3/x64/codeql/qlpacks/codeql/python-queries/1.6.7/Security/CWE-327/InsecureDefaultProtocol.qlx.
2025-11-05T01:48:15.1465167Z [31/43] Loaded /opt/hostedtoolcache/CodeQL/2.23.3/x64/codeql/qlpacks/codeql/python-queries/1.6.7/Security/CWE-327/InsecureProtocol.qlx.
2025-11-05T01:48:15.2177278Z [32/43] Loaded /opt/hostedtoolcache/CodeQL/2.23.3/x64/codeql/qlpacks/codeql/python-queries/1.6.7/Security/CWE-327/BrokenCryptoAlgorithm.qlx.
2025-11-05T01:48:15.4053697Z [33/43] Loaded /opt/hostedtoolcache/CodeQL/2.23.3/x64/codeql/qlpacks/codeql/python-queries/1.6.7/Security/CWE-327/WeakSensitiveDataHashing.qlx.
2025-11-05T01:48:15.4064426Z [34/43] Loaded /opt/hostedtoolcache/CodeQL/2.23.3/x64/codeql/qlpacks/codeql/python-queries/1.6.7/Security/CWE-918/FullServerSideRequestForgery.qlx.
2025-11-05T01:48:15.5145070Z [35/43] Loaded /opt/hostedtoolcache/CodeQL/2.23.3/x64/codeql/qlpacks/codeql/python-queries/1.6.7/Security/CWE-090/LdapInjection.qlx.
2025-11-05T01:48:15.6013148Z [36/43] Loaded /opt/hostedtoolcache/CodeQL/2.23.3/x64/codeql/qlpacks/codeql/python-queries/1.6.7/Security/CWE-209/StackTraceExposure.qlx.
2025-11-05T01:48:15.6283680Z [37/43] Loaded /opt/hostedtoolcache/CodeQL/2.23.3/x64/codeql/qlpacks/codeql/python-queries/1.6.7/Security/CWE-285/PamAuthorization.qlx.
2025-11-05T01:48:15.6516078Z [38/43] Loaded /opt/hostedtoolcache/CodeQL/2.23.3/x64/codeql/qlpacks/codeql/python-queries/1.6.7/Expressions/UseofInput.qlx.
2025-11-05T01:48:15.6521175Z [39/43] Loaded /opt/hostedtoolcache/CodeQL/2.23.3/x64/codeql/qlpacks/codeql/python-queries/1.6.7/Diagnostics/ExtractionWarnings.qlx.
2025-11-05T01:48:15.6739600Z [40/43] Loaded /opt/hostedtoolcache/CodeQL/2.23.3/x64/codeql/qlpacks/codeql/python-queries/1.6.7/Diagnostics/ExtractedFiles.qlx.
2025-11-05T01:48:15.6863415Z [41/43] Loaded /opt/hostedtoolcache/CodeQL/2.23.3/x64/codeql/qlpacks/codeql/python-queries/1.6.7/Summary/LinesOfUserCode.qlx.
2025-11-05T01:48:15.6950915Z [42/43] Loaded /opt/hostedtoolcache/CodeQL/2.23.3/x64/codeql/qlpacks/codeql/python-queries/1.6.7/Summary/LinesOfCode.qlx.
2025-11-05T01:48:15.7001798Z [43/43] Loaded /opt/hostedtoolcache/CodeQL/2.23.3/x64/codeql/qlpacks/codeql/python-queries/1.6.7/Security/CWE-611/Xxe.qlx.
2025-11-05T01:48:16.0407739Z Starting evaluation of codeql/python-queries/Diagnostics/ExtractedFiles.ql.
2025-11-05T01:48:16.0412610Z Starting evaluation of codeql/python-queries/Diagnostics/ExtractionWarnings.ql.
2025-11-05T01:48:16.0424128Z Starting evaluation of codeql/python-queries/Expressions/UseofInput.ql.
2025-11-05T01:48:16.0570505Z Starting evaluation of codeql/python-queries/Security/CVE-2018-1281/BindToAllInterfaces.ql.
2025-11-05T01:48:16.1892848Z Starting evaluation of codeql/python-queries/Security/CWE-020/CookieInjection.ql.
2025-11-05T01:48:16.2296117Z [1/43 eval 179ms] Evaluation done; writing results to codeql/python-queries/Diagnostics/ExtractionWarnings.bqrs.
2025-11-05T01:48:16.3165774Z [2/43 eval 276ms] Evaluation done; writing results to codeql/python-queries/Diagnostics/ExtractedFiles.bqrs.
2025-11-05T01:48:16.3681748Z Starting evaluation of codeql/python-queries/Security/CWE-020/IncompleteHostnameRegExp.ql.
2025-11-05T01:48:17.0939252Z Starting evaluation of codeql/python-queries/Security/CWE-020/IncompleteUrlSubstringSanitization.ql.
2025-11-05T01:48:17.1032654Z Starting evaluation of codeql/python-queries/Security/CWE-020/OverlyLargeRange.ql.
2025-11-05T01:48:17.1038433Z Starting evaluation of codeql/python-queries/Security/CWE-022/PathInjection.ql.
2025-11-05T01:48:17.1230596Z [3/43 eval 29ms] Evaluation done; writing results to codeql/python-queries/Security/CWE-020/IncompleteUrlSubstringSanitization.bqrs.
2025-11-05T01:48:17.1257535Z Starting evaluation of codeql/python-queries/Security/CWE-074/TemplateInjection.ql.
2025-11-05T01:48:17.2491486Z Starting evaluation of codeql/python-queries/Security/CWE-078/CommandInjection.ql.
2025-11-05T01:48:17.2811741Z Starting evaluation of codeql/python-queries/Security/CWE-079/ReflectedXss.ql.
2025-11-05T01:48:17.3150167Z Starting evaluation of codeql/python-queries/Security/CWE-089/SqlInjection.ql.
2025-11-05T01:48:17.3359293Z Starting evaluation of codeql/python-queries/Security/CWE-090/LdapInjection.ql.
2025-11-05T01:48:17.3692474Z Starting evaluation of codeql/python-queries/Security/CWE-094/CodeInjection.ql.
2025-11-05T01:48:17.3941433Z Starting evaluation of codeql/python-queries/Security/CWE-113/HeaderInjection.ql.
2025-11-05T01:48:17.4199479Z Starting evaluation of codeql/python-queries/Security/CWE-116/BadTagFilter.ql.
2025-11-05T01:48:17.4238872Z Starting evaluation of codeql/python-queries/Security/CWE-209/StackTraceExposure.ql.
2025-11-05T01:48:17.4334305Z Starting evaluation of codeql/python-queries/Security/CWE-215/FlaskDebug.ql.
2025-11-05T01:48:17.4431165Z Starting evaluation of codeql/python-queries/Security/CWE-285/PamAuthorization.ql.
2025-11-05T01:48:17.4436305Z Starting evaluation of codeql/python-queries/Security/CWE-295/MissingHostKeyValidation.ql.
2025-11-05T01:48:17.4562280Z Starting evaluation of codeql/python-queries/Security/CWE-312/CleartextLogging.ql.
2025-11-05T01:48:17.4734350Z Starting evaluation of codeql/python-queries/Security/CWE-312/CleartextStorage.ql.
2025-11-05T01:48:17.4973168Z Starting evaluation of codeql/python-queries/Security/CWE-326/WeakCryptoKey.ql.
2025-11-05T01:48:17.4980584Z Starting evaluation of codeql/python-queries/Security/CWE-327/BrokenCryptoAlgorithm.ql.
2025-11-05T01:48:17.5324137Z Starting evaluation of codeql/python-queries/Security/CWE-327/InsecureDefaultProtocol.ql.
2025-11-05T01:48:17.5325922Z Starting evaluation of codeql/python-queries/Security/CWE-327/InsecureProtocol.ql.
2025-11-05T01:48:17.5356563Z Starting evaluation of codeql/python-queries/Security/CWE-327/WeakSensitiveDataHashing.ql.
2025-11-05T01:48:17.5378928Z Starting evaluation of codeql/python-queries/Security/CWE-352/CSRFProtectionDisabled.ql.
2025-11-05T01:48:17.5508045Z [4/43 eval 9ms] Evaluation done; writing results to codeql/python-queries/Security/CWE-352/CSRFProtectionDisabled.bqrs.
2025-11-05T01:48:17.5509222Z Starting evaluation of codeql/python-queries/Security/CWE-377/InsecureTemporaryFile.ql.
2025-11-05T01:48:17.5766838Z Starting evaluation of codeql/python-queries/Security/CWE-502/UnsafeDeserialization.ql.
2025-11-05T01:48:17.5801579Z Starting evaluation of codeql/python-queries/Security/CWE-601/UrlRedirect.ql.
2025-11-05T01:48:17.5820352Z Starting evaluation of codeql/python-queries/Security/CWE-611/Xxe.ql.
2025-11-05T01:48:17.6244427Z Starting evaluation of codeql/python-queries/Security/CWE-614/InsecureCookie.ql.
2025-11-05T01:48:17.6256193Z Starting evaluation of codeql/python-queries/Security/CWE-643/XpathInjection.ql.
2025-11-05T01:48:17.6263747Z Starting evaluation of codeql/python-queries/Security/CWE-730/PolynomialReDoS.ql.
2025-11-05T01:48:17.6497636Z Starting evaluation of codeql/python-queries/Security/CWE-730/ReDoS.ql.
2025-11-05T01:48:17.6547708Z Starting evaluation of codeql/python-queries/Security/CWE-730/RegexInjection.ql.
2025-11-05T01:48:17.8734206Z Starting evaluation of codeql/python-queries/Security/CWE-776/XmlBomb.ql.
2025-11-05T01:48:17.8789131Z Starting evaluation of codeql/python-queries/Security/CWE-918/FullServerSideRequestForgery.ql.
2025-11-05T01:48:18.0046834Z Starting evaluation of codeql/python-queries/Security/CWE-943/NoSqlInjection.ql.
2025-11-05T01:48:18.0399961Z Starting evaluation of codeql/python-queries/Summary/LinesOfCode.ql.
2025-11-05T01:48:18.0406626Z Starting evaluation of codeql/python-queries/Summary/LinesOfUserCode.ql.
2025-11-05T01:48:18.0531147Z [5/43 eval 7ms] Evaluation done; writing results to codeql/python-queries/Summary/LinesOfCode.bqrs.
2025-11-05T01:48:18.0833167Z [6/43 eval 43ms] Evaluation done; writing results to codeql/python-queries/Summary/LinesOfUserCode.bqrs.
2025-11-05T01:48:18.1647261Z [7/43 eval 633ms] Evaluation done; writing results to codeql/python-queries/Security/CWE-327/InsecureDefaultProtocol.bqrs.
2025-11-05T01:48:18.2191890Z [8/43 eval 2.2s] Evaluation done; writing results to codeql/python-queries/Expressions/UseofInput.bqrs.
2025-11-05T01:48:18.2214528Z [9/43 eval 2.2s] Evaluation done; writing results to codeql/python-queries/Security/CVE-2018-1281/BindToAllInterfaces.bqrs.
2025-11-05T01:48:18.2239830Z [10/43 eval 783ms] Evaluation done; writing results to codeql/python-queries/Security/CWE-295/MissingHostKeyValidation.bqrs.
2025-11-05T01:48:18.3721906Z [11/43 eval 871ms] Evaluation done; writing results to codeql/python-queries/Security/CWE-327/BrokenCryptoAlgorithm.bqrs.
2025-11-05T01:48:18.3835596Z [12/43 eval 886ms] Evaluation done; writing results to codeql/python-queries/Security/CWE-326/WeakCryptoKey.bqrs.
2025-11-05T01:48:18.4420936Z [13/43 eval 905ms] Evaluation done; writing results to codeql/python-queries/Security/CWE-327/WeakSensitiveDataHashing.bqrs.
2025-11-05T01:48:18.8491395Z [14/43 eval 844ms] Evaluation done; writing results to codeql/python-queries/Security/CWE-943/NoSqlInjection.bqrs.
2025-11-05T01:48:18.8938648Z [15/43 eval 1.8s] Evaluation done; writing results to codeql/python-queries/Security/CWE-074/TemplateInjection.bqrs.
2025-11-05T01:48:18.9251653Z [16/43 eval 1.3s] Evaluation done; writing results to codeql/python-queries/Security/CWE-643/XpathInjection.bqrs.
2025-11-05T01:48:18.9467077Z [17/43 eval 1.4s] Evaluation done; writing results to codeql/python-queries/Security/CWE-601/UrlRedirect.bqrs.
2025-11-05T01:48:18.9843282Z [18/43 eval 2.6s] Evaluation done; writing results to codeql/python-queries/Security/CWE-020/IncompleteHostnameRegExp.bqrs.
2025-11-05T01:48:18.9862880Z [19/43 eval 1.6s] Evaluation done; writing results to codeql/python-queries/Security/CWE-116/BadTagFilter.bqrs.
2025-11-05T01:48:18.9864225Z [20/43 eval 1.9s] Evaluation done; writing results to codeql/python-queries/Security/CWE-020/OverlyLargeRange.bqrs.
2025-11-05T01:48:18.9865299Z [21/43 eval 1.3s] Evaluation done; writing results to codeql/python-queries/Security/CWE-730/ReDoS.bqrs.
2025-11-05T01:48:19.0042362Z [22/43 eval 1.4s] Evaluation done; writing results to codeql/python-queries/Security/CWE-730/PolynomialReDoS.bqrs.
2025-11-05T01:48:19.0569684Z [23/43 eval 1.7s] Evaluation done; writing results to codeql/python-queries/Security/CWE-094/CodeInjection.bqrs.
2025-11-05T01:48:19.0730613Z [24/43 eval 2.9s] Evaluation done; writing results to codeql/python-queries/Security/CWE-020/CookieInjection.bqrs.
2025-11-05T01:48:19.1273389Z [25/43 eval 2s] Evaluation done; writing results to codeql/python-queries/Security/CWE-022/PathInjection.bqrs.
2025-11-05T01:48:19.1468835Z [26/43 eval 1.9s] Evaluation done; writing results to codeql/python-queries/Security/CWE-078/CommandInjection.bqrs.
2025-11-05T01:48:19.1696791Z [27/43 eval 1.6s] Evaluation done; writing results to codeql/python-queries/Security/CWE-611/Xxe.bqrs.
2025-11-05T01:48:19.2081631Z [28/43 eval 1.9s] Evaluation done; writing results to codeql/python-queries/Security/CWE-089/SqlInjection.bqrs.
2025-11-05T01:48:19.2244390Z [29/43 eval 1.9s] Evaluation done; writing results to codeql/python-queries/Security/CWE-090/LdapInjection.bqrs.
2025-11-05T01:48:19.2807693Z [30/43 eval 2s] Evaluation done; writing results to codeql/python-queries/Security/CWE-079/ReflectedXss.bqrs.
2025-11-05T01:48:19.2931136Z [31/43 eval 1.9s] Evaluation done; writing results to codeql/python-queries/Security/CWE-285/PamAuthorization.bqrs.
2025-11-05T01:48:19.3091114Z [32/43 eval 1.9s] Evaluation done; writing results to codeql/python-queries/Security/CWE-113/HeaderInjection.bqrs.
2025-11-05T01:48:19.3266126Z [33/43 eval 1.9s] Evaluation done; writing results to codeql/python-queries/Security/CWE-209/StackTraceExposure.bqrs.
2025-11-05T01:48:19.3281135Z [34/43 eval 1.9s] Evaluation done; writing results to codeql/python-queries/Security/CWE-215/FlaskDebug.bqrs.
2025-11-05T01:48:19.3634337Z [35/43 eval 1.9s] Evaluation done; writing results to codeql/python-queries/Security/CWE-312/CleartextStorage.bqrs.
2025-11-05T01:48:19.3815806Z [36/43 eval 1.8s] Evaluation done; writing results to codeql/python-queries/Security/CWE-377/InsecureTemporaryFile.bqrs.
2025-11-05T01:48:19.4094204Z [37/43 eval 1.9s] Evaluation done; writing results to codeql/python-queries/Security/CWE-327/InsecureProtocol.bqrs.
2025-11-05T01:48:19.4136094Z [38/43 eval 1.8s] Evaluation done; writing results to codeql/python-queries/Security/CWE-502/UnsafeDeserialization.bqrs.
2025-11-05T01:48:19.4334428Z [39/43 eval 1.8s] Evaluation done; writing results to codeql/python-queries/Security/CWE-614/InsecureCookie.bqrs.
2025-11-05T01:48:19.4377184Z [40/43 eval 1.6s] Evaluation done; writing results to codeql/python-queries/Security/CWE-776/XmlBomb.bqrs.
2025-11-05T01:48:19.4535826Z [41/43 eval 2s] Evaluation done; writing results to codeql/python-queries/Security/CWE-312/CleartextLogging.bqrs.
2025-11-05T01:48:19.4755370Z [42/43 eval 1.8s] Evaluation done; writing results to codeql/python-queries/Security/CWE-730/RegexInjection.bqrs.
2025-11-05T01:48:19.4981871Z [43/43 eval 1.6s] Evaluation done; writing results to codeql/python-queries/Security/CWE-918/FullServerSideRequestForgery.bqrs.
2025-11-05T01:48:19.4987700Z Shutting down query evaluator.
2025-11-05T01:48:19.5707308Z Interpreting code scanning results for python
2025-11-05T01:48:20.3148978Z Writing logs to /home/runner/work/_temp/codeql_databases/python/log/database-interpret-results-20251105.014820.312.log.
2025-11-05T01:48:20.4742766Z Recording pack reference codeql/python-queries at /opt/hostedtoolcache/CodeQL/2.23.3/x64/codeql/qlpacks/codeql/python-queries/1.6.7.
2025-11-05T01:48:20.5022561Z Resolving extensions
2025-11-05T01:48:22.0651039Z Interpreting /opt/hostedtoolcache/CodeQL/2.23.3/x64/codeql/qlpacks/codeql/python-queries/1.6.7/Security/CWE-312/CleartextLogging.ql...
2025-11-05T01:48:22.0898439Z  ... found results file at /home/runner/work/_temp/codeql_databases/python/results/codeql/python-queries/Security/CWE-312/CleartextLogging.bqrs.
2025-11-05T01:48:22.1079182Z Interpreting /opt/hostedtoolcache/CodeQL/2.23.3/x64/codeql/qlpacks/codeql/python-queries/1.6.7/Security/CWE-312/CleartextStorage.ql...
2025-11-05T01:48:22.1233720Z  ... found results file at /home/runner/work/_temp/codeql_databases/python/results/codeql/python-queries/Security/CWE-312/CleartextStorage.bqrs.
2025-11-05T01:48:22.1238661Z Interpreting /opt/hostedtoolcache/CodeQL/2.23.3/x64/codeql/qlpacks/codeql/python-queries/1.6.7/Security/CWE-020/IncompleteUrlSubstringSanitization.ql...
2025-11-05T01:48:22.1344200Z  ... found results file at /home/runner/work/_temp/codeql_databases/python/results/codeql/python-queries/Security/CWE-020/IncompleteUrlSubstringSanitization.bqrs.
2025-11-05T01:48:22.1353893Z Interpreting /opt/hostedtoolcache/CodeQL/2.23.3/x64/codeql/qlpacks/codeql/python-queries/1.6.7/Security/CWE-020/IncompleteHostnameRegExp.ql...
2025-11-05T01:48:22.1461317Z  ... found results file at /home/runner/work/_temp/codeql_databases/python/results/codeql/python-queries/Security/CWE-020/IncompleteHostnameRegExp.bqrs.
2025-11-05T01:48:22.1490385Z Interpreting /opt/hostedtoolcache/CodeQL/2.23.3/x64/codeql/qlpacks/codeql/python-queries/1.6.7/Security/CWE-020/OverlyLargeRange.ql...
2025-11-05T01:48:22.1560898Z  ... found results file at /home/runner/work/_temp/codeql_databases/python/results/codeql/python-queries/Security/CWE-020/OverlyLargeRange.bqrs.
2025-11-05T01:48:22.1570785Z Interpreting /opt/hostedtoolcache/CodeQL/2.23.3/x64/codeql/qlpacks/codeql/python-queries/1.6.7/Security/CWE-020/CookieInjection.ql...
2025-11-05T01:48:22.1664573Z  ... found results file at /home/runner/work/_temp/codeql_databases/python/results/codeql/python-queries/Security/CWE-020/CookieInjection.bqrs.
2025-11-05T01:48:22.1674361Z Interpreting /opt/hostedtoolcache/CodeQL/2.23.3/x64/codeql/qlpacks/codeql/python-queries/1.6.7/Security/CWE-776/XmlBomb.ql...
2025-11-05T01:48:22.1758157Z  ... found results file at /home/runner/work/_temp/codeql_databases/python/results/codeql/python-queries/Security/CWE-776/XmlBomb.bqrs.
2025-11-05T01:48:22.1766077Z Interpreting /opt/hostedtoolcache/CodeQL/2.23.3/x64/codeql/qlpacks/codeql/python-queries/1.6.7/Security/CWE-326/WeakCryptoKey.ql...
2025-11-05T01:48:22.1859866Z  ... found results file at /home/runner/work/_temp/codeql_databases/python/results/codeql/python-queries/Security/CWE-326/WeakCryptoKey.bqrs.
2025-11-05T01:48:22.1861525Z Interpreting /opt/hostedtoolcache/CodeQL/2.23.3/x64/codeql/qlpacks/codeql/python-queries/1.6.7/Security/CWE-113/HeaderInjection.ql...
2025-11-05T01:48:22.1939969Z  ... found results file at /home/runner/work/_temp/codeql_databases/python/results/codeql/python-queries/Security/CWE-113/HeaderInjection.bqrs.
2025-11-05T01:48:22.1948709Z Interpreting /opt/hostedtoolcache/CodeQL/2.23.3/x64/codeql/qlpacks/codeql/python-queries/1.6.7/Security/CWE-601/UrlRedirect.ql...
2025-11-05T01:48:22.2030982Z  ... found results file at /home/runner/work/_temp/codeql_databases/python/results/codeql/python-queries/Security/CWE-601/UrlRedirect.bqrs.
2025-11-05T01:48:22.2035490Z Interpreting /opt/hostedtoolcache/CodeQL/2.23.3/x64/codeql/qlpacks/codeql/python-queries/1.6.7/Security/CWE-078/CommandInjection.ql...
2025-11-05T01:48:22.2114380Z  ... found results file at /home/runner/work/_temp/codeql_databases/python/results/codeql/python-queries/Security/CWE-078/CommandInjection.bqrs.
2025-11-05T01:48:22.2129699Z Interpreting /opt/hostedtoolcache/CodeQL/2.23.3/x64/codeql/qlpacks/codeql/python-queries/1.6.7/Security/CWE-295/MissingHostKeyValidation.ql...
2025-11-05T01:48:22.2227754Z  ... found results file at /home/runner/work/_temp/codeql_databases/python/results/codeql/python-queries/Security/CWE-295/MissingHostKeyValidation.bqrs.
2025-11-05T01:48:22.2229649Z Interpreting /opt/hostedtoolcache/CodeQL/2.23.3/x64/codeql/qlpacks/codeql/python-queries/1.6.7/Security/CWE-943/NoSqlInjection.ql...
2025-11-05T01:48:22.2296258Z  ... found results file at /home/runner/work/_temp/codeql_databases/python/results/codeql/python-queries/Security/CWE-943/NoSqlInjection.bqrs.
2025-11-05T01:48:22.2304400Z Interpreting /opt/hostedtoolcache/CodeQL/2.23.3/x64/codeql/qlpacks/codeql/python-queries/1.6.7/Security/CWE-643/XpathInjection.ql...
2025-11-05T01:48:22.2372427Z  ... found results file at /home/runner/work/_temp/codeql_databases/python/results/codeql/python-queries/Security/CWE-643/XpathInjection.bqrs.
2025-11-05T01:48:22.2380345Z Interpreting /opt/hostedtoolcache/CodeQL/2.23.3/x64/codeql/qlpacks/codeql/python-queries/1.6.7/Security/CWE-079/ReflectedXss.ql...
2025-11-05T01:48:22.2455549Z  ... found results file at /home/runner/work/_temp/codeql_databases/python/results/codeql/python-queries/Security/CWE-079/ReflectedXss.bqrs.
2025-11-05T01:48:22.2463860Z Interpreting /opt/hostedtoolcache/CodeQL/2.23.3/x64/codeql/qlpacks/codeql/python-queries/1.6.7/Security/CWE-089/SqlInjection.ql...
2025-11-05T01:48:22.2544577Z  ... found results file at /home/runner/work/_temp/codeql_databases/python/results/codeql/python-queries/Security/CWE-089/SqlInjection.bqrs.
2025-11-05T01:48:22.2550916Z Interpreting /opt/hostedtoolcache/CodeQL/2.23.3/x64/codeql/qlpacks/codeql/python-queries/1.6.7/Security/CVE-2018-1281/BindToAllInterfaces.ql...
2025-11-05T01:48:22.2622865Z  ... found results file at /home/runner/work/_temp/codeql_databases/python/results/codeql/python-queries/Security/CVE-2018-1281/BindToAllInterfaces.bqrs.
2025-11-05T01:48:22.2630839Z Interpreting /opt/hostedtoolcache/CodeQL/2.23.3/x64/codeql/qlpacks/codeql/python-queries/1.6.7/Security/CWE-022/PathInjection.ql...
2025-11-05T01:48:22.2710261Z  ... found results file at /home/runner/work/_temp/codeql_databases/python/results/codeql/python-queries/Security/CWE-022/PathInjection.bqrs.
2025-11-05T01:48:22.2715554Z Interpreting /opt/hostedtoolcache/CodeQL/2.23.3/x64/codeql/qlpacks/codeql/python-queries/1.6.7/Security/CWE-614/InsecureCookie.ql...
2025-11-05T01:48:22.2779289Z  ... found results file at /home/runner/work/_temp/codeql_databases/python/results/codeql/python-queries/Security/CWE-614/InsecureCookie.bqrs.
2025-11-05T01:48:22.2787958Z Interpreting /opt/hostedtoolcache/CodeQL/2.23.3/x64/codeql/qlpacks/codeql/python-queries/1.6.7/Security/CWE-116/BadTagFilter.ql...
2025-11-05T01:48:22.2862916Z  ... found results file at /home/runner/work/_temp/codeql_databases/python/results/codeql/python-queries/Security/CWE-116/BadTagFilter.bqrs.
2025-11-05T01:48:22.2873520Z Interpreting /opt/hostedtoolcache/CodeQL/2.23.3/x64/codeql/qlpacks/codeql/python-queries/1.6.7/Security/CWE-377/InsecureTemporaryFile.ql...
2025-11-05T01:48:22.2951385Z  ... found results file at /home/runner/work/_temp/codeql_databases/python/results/codeql/python-queries/Security/CWE-377/InsecureTemporaryFile.bqrs.
2025-11-05T01:48:22.2965700Z Interpreting /opt/hostedtoolcache/CodeQL/2.23.3/x64/codeql/qlpacks/codeql/python-queries/1.6.7/Security/CWE-352/CSRFProtectionDisabled.ql...
2025-11-05T01:48:22.3029032Z  ... found results file at /home/runner/work/_temp/codeql_databases/python/results/codeql/python-queries/Security/CWE-352/CSRFProtectionDisabled.bqrs.
2025-11-05T01:48:22.3032016Z Interpreting /opt/hostedtoolcache/CodeQL/2.23.3/x64/codeql/qlpacks/codeql/python-queries/1.6.7/Security/CWE-730/ReDoS.ql...
2025-11-05T01:48:22.3085849Z  ... found results file at /home/runner/work/_temp/codeql_databases/python/results/codeql/python-queries/Security/CWE-730/ReDoS.bqrs.
2025-11-05T01:48:22.3096660Z Interpreting /opt/hostedtoolcache/CodeQL/2.23.3/x64/codeql/qlpacks/codeql/python-queries/1.6.7/Security/CWE-730/PolynomialReDoS.ql...
2025-11-05T01:48:22.3157045Z  ... found results file at /home/runner/work/_temp/codeql_databases/python/results/codeql/python-queries/Security/CWE-730/PolynomialReDoS.bqrs.
2025-11-05T01:48:22.3164721Z Interpreting /opt/hostedtoolcache/CodeQL/2.23.3/x64/codeql/qlpacks/codeql/python-queries/1.6.7/Security/CWE-730/RegexInjection.ql...
2025-11-05T01:48:22.3225714Z  ... found results file at /home/runner/work/_temp/codeql_databases/python/results/codeql/python-queries/Security/CWE-730/RegexInjection.bqrs.
2025-11-05T01:48:22.3233724Z Interpreting /opt/hostedtoolcache/CodeQL/2.23.3/x64/codeql/qlpacks/codeql/python-queries/1.6.7/Security/CWE-094/CodeInjection.ql...
2025-11-05T01:48:22.3308510Z  ... found results file at /home/runner/work/_temp/codeql_databases/python/results/codeql/python-queries/Security/CWE-094/CodeInjection.bqrs.
2025-11-05T01:48:22.3310449Z Interpreting /opt/hostedtoolcache/CodeQL/2.23.3/x64/codeql/qlpacks/codeql/python-queries/1.6.7/Security/CWE-502/UnsafeDeserialization.ql...
2025-11-05T01:48:22.3359521Z  ... found results file at /home/runner/work/_temp/codeql_databases/python/results/codeql/python-queries/Security/CWE-502/UnsafeDeserialization.bqrs.
2025-11-05T01:48:22.3369183Z Interpreting /opt/hostedtoolcache/CodeQL/2.23.3/x64/codeql/qlpacks/codeql/python-queries/1.6.7/Security/CWE-215/FlaskDebug.ql...
2025-11-05T01:48:22.3417722Z  ... found results file at /home/runner/work/_temp/codeql_databases/python/results/codeql/python-queries/Security/CWE-215/FlaskDebug.bqrs.
2025-11-05T01:48:22.3425206Z Interpreting /opt/hostedtoolcache/CodeQL/2.23.3/x64/codeql/qlpacks/codeql/python-queries/1.6.7/Security/CWE-074/TemplateInjection.ql...
2025-11-05T01:48:22.3484300Z  ... found results file at /home/runner/work/_temp/codeql_databases/python/results/codeql/python-queries/Security/CWE-074/TemplateInjection.bqrs.
2025-11-05T01:48:22.3488953Z Interpreting /opt/hostedtoolcache/CodeQL/2.23.3/x64/codeql/qlpacks/codeql/python-queries/1.6.7/Security/CWE-327/InsecureProtocol.ql...
2025-11-05T01:48:22.3551575Z  ... found results file at /home/runner/work/_temp/codeql_databases/python/results/codeql/python-queries/Security/CWE-327/InsecureProtocol.bqrs.
2025-11-05T01:48:22.3559486Z Interpreting /opt/hostedtoolcache/CodeQL/2.23.3/x64/codeql/qlpacks/codeql/python-queries/1.6.7/Security/CWE-327/InsecureDefaultProtocol.ql...
2025-11-05T01:48:22.3613326Z  ... found results file at /home/runner/work/_temp/codeql_databases/python/results/codeql/python-queries/Security/CWE-327/InsecureDefaultProtocol.bqrs.
2025-11-05T01:48:22.3622174Z Interpreting /opt/hostedtoolcache/CodeQL/2.23.3/x64/codeql/qlpacks/codeql/python-queries/1.6.7/Security/CWE-327/WeakSensitiveDataHashing.ql...
2025-11-05T01:48:22.3687968Z  ... found results file at /home/runner/work/_temp/codeql_databases/python/results/codeql/python-queries/Security/CWE-327/WeakSensitiveDataHashing.bqrs.
2025-11-05T01:48:22.3693953Z Interpreting /opt/hostedtoolcache/CodeQL/2.23.3/x64/codeql/qlpacks/codeql/python-queries/1.6.7/Security/CWE-327/BrokenCryptoAlgorithm.ql...
2025-11-05T01:48:22.3754289Z  ... found results file at /home/runner/work/_temp/codeql_databases/python/results/codeql/python-queries/Security/CWE-327/BrokenCryptoAlgorithm.bqrs.
2025-11-05T01:48:22.3762573Z Interpreting /opt/hostedtoolcache/CodeQL/2.23.3/x64/codeql/qlpacks/codeql/python-queries/1.6.7/Security/CWE-918/FullServerSideRequestForgery.ql...
2025-11-05T01:48:22.3812116Z  ... found results file at /home/runner/work/_temp/codeql_databases/python/results/codeql/python-queries/Security/CWE-918/FullServerSideRequestForgery.bqrs.
2025-11-05T01:48:22.3823700Z Interpreting /opt/hostedtoolcache/CodeQL/2.23.3/x64/codeql/qlpacks/codeql/python-queries/1.6.7/Security/CWE-090/LdapInjection.ql...
2025-11-05T01:48:22.3875101Z  ... found results file at /home/runner/work/_temp/codeql_databases/python/results/codeql/python-queries/Security/CWE-090/LdapInjection.bqrs.
2025-11-05T01:48:22.3877145Z Interpreting /opt/hostedtoolcache/CodeQL/2.23.3/x64/codeql/qlpacks/codeql/python-queries/1.6.7/Security/CWE-285/PamAuthorization.ql...
2025-11-05T01:48:22.3925582Z  ... found results file at /home/runner/work/_temp/codeql_databases/python/results/codeql/python-queries/Security/CWE-285/PamAuthorization.bqrs.
2025-11-05T01:48:22.3927658Z Interpreting /opt/hostedtoolcache/CodeQL/2.23.3/x64/codeql/qlpacks/codeql/python-queries/1.6.7/Security/CWE-209/StackTraceExposure.ql...
2025-11-05T01:48:22.3977154Z  ... found results file at /home/runner/work/_temp/codeql_databases/python/results/codeql/python-queries/Security/CWE-209/StackTraceExposure.bqrs.
2025-11-05T01:48:22.3983417Z Interpreting /opt/hostedtoolcache/CodeQL/2.23.3/x64/codeql/qlpacks/codeql/python-queries/1.6.7/Security/CWE-611/Xxe.ql...
2025-11-05T01:48:22.4029603Z  ... found results file at /home/runner/work/_temp/codeql_databases/python/results/codeql/python-queries/Security/CWE-611/Xxe.bqrs.
2025-11-05T01:48:22.4034727Z Interpreting /opt/hostedtoolcache/CodeQL/2.23.3/x64/codeql/qlpacks/codeql/python-queries/1.6.7/Expressions/UseofInput.ql...
2025-11-05T01:48:22.4084483Z  ... found results file at /home/runner/work/_temp/codeql_databases/python/results/codeql/python-queries/Expressions/UseofInput.bqrs.
2025-11-05T01:48:22.4086169Z Interpreting /opt/hostedtoolcache/CodeQL/2.23.3/x64/codeql/qlpacks/codeql/python-queries/1.6.7/Diagnostics/ExtractionWarnings.ql...
2025-11-05T01:48:22.4136477Z  ... found results file at /home/runner/work/_temp/codeql_databases/python/results/codeql/python-queries/Diagnostics/ExtractionWarnings.bqrs.
2025-11-05T01:48:22.4141756Z Interpreting /opt/hostedtoolcache/CodeQL/2.23.3/x64/codeql/qlpacks/codeql/python-queries/1.6.7/Diagnostics/ExtractedFiles.ql...
2025-11-05T01:48:22.4209720Z  ... found results file at /home/runner/work/_temp/codeql_databases/python/results/codeql/python-queries/Diagnostics/ExtractedFiles.bqrs.
2025-11-05T01:48:22.4211727Z Interpreting /opt/hostedtoolcache/CodeQL/2.23.3/x64/codeql/qlpacks/codeql/python-queries/1.6.7/Summary/LinesOfUserCode.ql...
2025-11-05T01:48:22.4242029Z  ... found results file at /home/runner/work/_temp/codeql_databases/python/results/codeql/python-queries/Summary/LinesOfUserCode.bqrs.
2025-11-05T01:48:22.4249041Z Interpreting /opt/hostedtoolcache/CodeQL/2.23.3/x64/codeql/qlpacks/codeql/python-queries/1.6.7/Summary/LinesOfCode.ql...
2025-11-05T01:48:22.4320038Z  ... found results file at /home/runner/work/_temp/codeql_databases/python/results/codeql/python-queries/Summary/LinesOfCode.bqrs.
2025-11-05T01:48:22.5563147Z Interpreted pathproblem query "Clear-text logging of sensitive information" (py/clear-text-logging-sensitive-data) at path /home/runner/work/_temp/codeql_databases/python/results/codeql/python-queries/Security/CWE-312/CleartextLogging.bqrs.
2025-11-05T01:48:22.5571655Z Interpreted pathproblem query "Clear-text storage of sensitive information" (py/clear-text-storage-sensitive-data) at path /home/runner/work/_temp/codeql_databases/python/results/codeql/python-queries/Security/CWE-312/CleartextStorage.bqrs.
2025-11-05T01:48:22.5577738Z Interpreted problem query "Incomplete URL substring sanitization" (py/incomplete-url-substring-sanitization) at path /home/runner/work/_temp/codeql_databases/python/results/codeql/python-queries/Security/CWE-020/IncompleteUrlSubstringSanitization.bqrs.
2025-11-05T01:48:22.5600645Z Interpreted problem query "Incomplete regular expression for hostnames" (py/incomplete-hostname-regexp) at path /home/runner/work/_temp/codeql_databases/python/results/codeql/python-queries/Security/CWE-020/IncompleteHostnameRegExp.bqrs.
2025-11-05T01:48:22.5604523Z Interpreted problem query "Overly permissive regular expression range" (py/overly-large-range) at path /home/runner/work/_temp/codeql_databases/python/results/codeql/python-queries/Security/CWE-020/OverlyLargeRange.bqrs.
2025-11-05T01:48:22.5609230Z Interpreted pathproblem query "Construction of a cookie using user-supplied input" (py/cookie-injection) at path /home/runner/work/_temp/codeql_databases/python/results/codeql/python-queries/Security/CWE-020/CookieInjection.bqrs.
2025-11-05T01:48:22.5611635Z Interpreted pathproblem query "XML internal entity expansion" (py/xml-bomb) at path /home/runner/work/_temp/codeql_databases/python/results/codeql/python-queries/Security/CWE-776/XmlBomb.bqrs.
2025-11-05T01:48:22.5613806Z Interpreted problem query "Use of weak cryptographic key" (py/weak-crypto-key) at path /home/runner/work/_temp/codeql_databases/python/results/codeql/python-queries/Security/CWE-326/WeakCryptoKey.bqrs.
2025-11-05T01:48:22.5616364Z Interpreted pathproblem query "HTTP Response Splitting" (py/http-response-splitting) at path /home/runner/work/_temp/codeql_databases/python/results/codeql/python-queries/Security/CWE-113/HeaderInjection.bqrs.
2025-11-05T01:48:22.5641955Z Interpreted pathproblem query "URL redirection from remote source" (py/url-redirection) at path /home/runner/work/_temp/codeql_databases/python/results/codeql/python-queries/Security/CWE-601/UrlRedirect.bqrs.
2025-11-05T01:48:22.5644415Z Interpreted pathproblem query "Uncontrolled command line" (py/command-line-injection) at path /home/runner/work/_temp/codeql_databases/python/results/codeql/python-queries/Security/CWE-078/CommandInjection.bqrs.
2025-11-05T01:48:22.5647041Z Interpreted problem query "Accepting unknown SSH host keys when using Paramiko" (py/paramiko-missing-host-key-validation) at path /home/runner/work/_temp/codeql_databases/python/results/codeql/python-queries/Security/CWE-295/MissingHostKeyValidation.bqrs.
2025-11-05T01:48:22.5649679Z Interpreted pathproblem query "NoSQL Injection" (py/nosql-injection) at path /home/runner/work/_temp/codeql_databases/python/results/codeql/python-queries/Security/CWE-943/NoSqlInjection.bqrs.
2025-11-05T01:48:22.5651756Z Interpreted pathproblem query "XPath query built from user-controlled sources" (py/xpath-injection) at path /home/runner/work/_temp/codeql_databases/python/results/codeql/python-queries/Security/CWE-643/XpathInjection.bqrs.
2025-11-05T01:48:22.5654220Z Interpreted pathproblem query "Reflected server-side cross-site scripting" (py/reflective-xss) at path /home/runner/work/_temp/codeql_databases/python/results/codeql/python-queries/Security/CWE-079/ReflectedXss.bqrs.
2025-11-05T01:48:22.5656779Z Interpreted pathproblem query "SQL query built from user-controlled sources" (py/sql-injection) at path /home/runner/work/_temp/codeql_databases/python/results/codeql/python-queries/Security/CWE-089/SqlInjection.bqrs.
2025-11-05T01:48:22.5659456Z Interpreted problem query "Binding a socket to all network interfaces" (py/bind-socket-all-network-interfaces) at path /home/runner/work/_temp/codeql_databases/python/results/codeql/python-queries/Security/CVE-2018-1281/BindToAllInterfaces.bqrs.
2025-11-05T01:48:22.5662165Z Interpreted pathproblem query "Uncontrolled data used in path expression" (py/path-injection) at path /home/runner/work/_temp/codeql_databases/python/results/codeql/python-queries/Security/CWE-022/PathInjection.bqrs.
2025-11-05T01:48:22.5674837Z Interpreted problem query "Failure to use secure cookies" (py/insecure-cookie) at path /home/runner/work/_temp/codeql_databases/python/results/codeql/python-queries/Security/CWE-614/InsecureCookie.bqrs.
2025-11-05T01:48:22.5678249Z Interpreted problem query "Bad HTML filtering regexp" (py/bad-tag-filter) at path /home/runner/work/_temp/codeql_databases/python/results/codeql/python-queries/Security/CWE-116/BadTagFilter.bqrs.
2025-11-05T01:48:22.5680904Z Interpreted problem query "Insecure temporary file" (py/insecure-temporary-file) at path /home/runner/work/_temp/codeql_databases/python/results/codeql/python-queries/Security/CWE-377/InsecureTemporaryFile.bqrs.
2025-11-05T01:48:22.5684341Z Interpreted problem query "CSRF protection weakened or disabled" (py/csrf-protection-disabled) at path /home/runner/work/_temp/codeql_databases/python/results/codeql/python-queries/Security/CWE-352/CSRFProtectionDisabled.bqrs.
2025-11-05T01:48:22.5687682Z Interpreted problem query "Inefficient regular expression" (py/redos) at path /home/runner/work/_temp/codeql_databases/python/results/codeql/python-queries/Security/CWE-730/ReDoS.bqrs.
2025-11-05T01:48:22.5691134Z Interpreted pathproblem query "Polynomial regular expression used on uncontrolled data" (py/polynomial-redos) at path /home/runner/work/_temp/codeql_databases/python/results/codeql/python-queries/Security/CWE-730/PolynomialReDoS.bqrs.
2025-11-05T01:48:22.5700024Z Interpreted pathproblem query "Regular expression injection" (py/regex-injection) at path /home/runner/work/_temp/codeql_databases/python/results/codeql/python-queries/Security/CWE-730/RegexInjection.bqrs.
2025-11-05T01:48:22.5704865Z Interpreted pathproblem query "Code injection" (py/code-injection) at path /home/runner/work/_temp/codeql_databases/python/results/codeql/python-queries/Security/CWE-094/CodeInjection.bqrs.
2025-11-05T01:48:22.5707302Z Interpreted pathproblem query "Deserialization of user-controlled data" (py/unsafe-deserialization) at path /home/runner/work/_temp/codeql_databases/python/results/codeql/python-queries/Security/CWE-502/UnsafeDeserialization.bqrs.
2025-11-05T01:48:22.5710004Z Interpreted problem query "Flask app is run in debug mode" (py/flask-debug) at path /home/runner/work/_temp/codeql_databases/python/results/codeql/python-queries/Security/CWE-215/FlaskDebug.bqrs.
2025-11-05T01:48:22.5712365Z Interpreted pathproblem query "Server Side Template Injection" (py/template-injection) at path /home/runner/work/_temp/codeql_databases/python/results/codeql/python-queries/Security/CWE-074/TemplateInjection.bqrs.
2025-11-05T01:48:22.5714847Z Interpreted problem query "Use of insecure SSL/TLS version" (py/insecure-protocol) at path /home/runner/work/_temp/codeql_databases/python/results/codeql/python-queries/Security/CWE-327/InsecureProtocol.bqrs.
2025-11-05T01:48:22.5717567Z Interpreted problem query "Default version of SSL/TLS may be insecure" (py/insecure-default-protocol) at path /home/runner/work/_temp/codeql_databases/python/results/codeql/python-queries/Security/CWE-327/InsecureDefaultProtocol.bqrs.
2025-11-05T01:48:22.5742614Z Interpreted pathproblem query "Use of a broken or weak cryptographic hashing algorithm on sensitive data" (py/weak-sensitive-data-hashing) at path /home/runner/work/_temp/codeql_databases/python/results/codeql/python-queries/Security/CWE-327/WeakSensitiveDataHashing.bqrs.
2025-11-05T01:48:22.5745787Z Interpreted problem query "Use of a broken or weak cryptographic algorithm" (py/weak-cryptographic-algorithm) at path /home/runner/work/_temp/codeql_databases/python/results/codeql/python-queries/Security/CWE-327/BrokenCryptoAlgorithm.bqrs.
2025-11-05T01:48:22.5748655Z Interpreted pathproblem query "Full server-side request forgery" (py/full-ssrf) at path /home/runner/work/_temp/codeql_databases/python/results/codeql/python-queries/Security/CWE-918/FullServerSideRequestForgery.bqrs.
2025-11-05T01:48:22.5751231Z Interpreted pathproblem query "LDAP query built from user-controlled sources" (py/ldap-injection) at path /home/runner/work/_temp/codeql_databases/python/results/codeql/python-queries/Security/CWE-090/LdapInjection.bqrs.
2025-11-05T01:48:22.5763816Z Interpreted pathproblem query "PAM authorization bypass due to incorrect usage" (py/pam-auth-bypass) at path /home/runner/work/_temp/codeql_databases/python/results/codeql/python-queries/Security/CWE-285/PamAuthorization.bqrs.
2025-11-05T01:48:22.5766503Z Interpreted pathproblem query "Information exposure through an exception" (py/stack-trace-exposure) at path /home/runner/work/_temp/codeql_databases/python/results/codeql/python-queries/Security/CWE-209/StackTraceExposure.bqrs.
2025-11-05T01:48:22.5769048Z Interpreted pathproblem query "XML external entity expansion" (py/xxe) at path /home/runner/work/_temp/codeql_databases/python/results/codeql/python-queries/Security/CWE-611/Xxe.bqrs.
2025-11-05T01:48:22.5771169Z Interpreted problem query "'input' function used in Python 2" (py/use-of-input) at path /home/runner/work/_temp/codeql_databases/python/results/codeql/python-queries/Expressions/UseofInput.bqrs.
2025-11-05T01:48:22.5773527Z Interpreted diagnostic query "Python extraction warnings" (py/diagnostics/extraction-warnings) at path /home/runner/work/_temp/codeql_databases/python/results/codeql/python-queries/Diagnostics/ExtractionWarnings.bqrs.
2025-11-05T01:48:22.5776091Z Interpreted diagnostic query "Extracted Python files" (py/diagnostics/successfully-extracted-files) at path /home/runner/work/_temp/codeql_databases/python/results/codeql/python-queries/Diagnostics/ExtractedFiles.bqrs.
2025-11-05T01:48:22.5779148Z Interpreted metric query "Total lines of user written Python code in the database" (py/summary/lines-of-user-code) at path /home/runner/work/_temp/codeql_databases/python/results/codeql/python-queries/Summary/LinesOfUserCode.bqrs.
2025-11-05T01:48:22.5781583Z Interpreted metric query "Total lines of Python code in the database" (py/summary/lines-of-code) at path /home/runner/work/_temp/codeql_databases/python/results/codeql/python-queries/Summary/LinesOfCode.bqrs.
2025-11-05T01:48:22.5783182Z Reading source archive /home/runner/work/_temp/codeql_databases/python/src.zip
2025-11-05T01:48:22.7929925Z Interpreting file coverage baseline information
2025-11-05T01:48:22.7936541Z Finished interpreting file coverage baseline information.
2025-11-05T01:48:22.7944616Z Interpreting diagnostic messages...
2025-11-05T01:48:22.8328665Z Found 3 raw diagnostic messages.
2025-11-05T01:48:22.8389261Z Processed diagnostic messages (removed 0 due to limits, created 0 summary diagnostics for status page).
2025-11-05T01:48:22.8408240Z Interpreted diagnostic messages (44ms).
2025-11-05T01:48:23.0999608Z Exporting results to SARIF...
2025-11-05T01:48:23.2436911Z Exported results to SARIF (143ms).
2025-11-05T01:48:23.2658937Z ##[endgroup]
2025-11-05T01:48:23.2659817Z CodeQL scanned 9 out of 9 Python files and 4 out of 4 GitHub Actions files in this invocation. Check the status page for overall coverage information: https://github.com/Boss-1s/scratchattach/security/code-scanning/tools/CodeQL/status/
2025-11-05T01:48:23.2660562Z 
2025-11-05T01:48:23.2669671Z Post-processing sarif files: ["/home/runner/work/scratchattach/results/python.sarif"]
2025-11-05T01:48:23.2693195Z Adding fingerprints to SARIF file. See https://docs.github.com/en/enterprise-cloud@latest/code-security/code-scanning/integrating-with-code-scanning/sarif-support-for-code-scanning#providing-data-to-track-code-scanning-alerts-across-runs for more information.
2025-11-05T01:48:23.2695363Z ##[group]Uploading code scanning results
2025-11-05T01:48:23.2822898Z Uploading results
2025-11-05T01:48:24.0736172Z Successfully uploaded results
2025-11-05T01:48:24.0736957Z ##[endgroup]
2025-11-05T01:48:24.0742700Z ##[group]Cleaning up databases
2025-11-05T01:48:24.0744577Z [command]/opt/hostedtoolcache/CodeQL/2.23.3/x64/codeql/codeql database cleanup /home/runner/work/_temp/codeql_databases/python --cache-cleanup=clear
2025-11-05T01:48:24.7809194Z Cleaning up existing TRAP files after import...
2025-11-05T01:48:24.7862903Z TRAP files cleaned up (3ms).
2025-11-05T01:48:24.7863652Z Cleaning up scratch directory...
2025-11-05T01:48:24.7865275Z Scratch directory cleaned up (0ms).
2025-11-05T01:48:24.8495725Z ##[endgroup]
2025-11-05T01:48:24.8505474Z [command]/opt/hostedtoolcache/CodeQL/2.23.3/x64/codeql/codeql database bundle /home/runner/work/_temp/codeql_databases/python --output=/home/runner/work/_temp/codeql_databases/python.zip --name=python
2025-11-05T01:48:25.7562935Z Creating bundle metadata for /home/runner/work/_temp/codeql_databases/python...
2025-11-05T01:48:26.3232960Z Creating zip file at /home/runner/work/_temp/codeql_databases/python.zip.
2025-11-05T01:48:27.2343491Z Skipping upload of dependency cache for python as we have no caching configuration for it.
2025-11-05T01:48:27.2344836Z ##[group]Waiting for processing to finish
2025-11-05T01:48:27.4369536Z Analysis upload status is complete.
2025-11-05T01:48:27.4370483Z ##[endgroup]
2025-11-05T01:48:27.6698415Z Post job cleanup.
2025-11-05T01:48:28.4875388Z Post job cleanup.
2025-11-05T01:48:28.6763728Z Post job cleanup.
2025-11-05T01:48:29.7605955Z CodeQL job status was success.
2025-11-05T01:48:29.7616571Z Sending status report for init-post step.
2025-11-05T01:48:29.9383009Z Status report sent for init-post step.
2025-11-05T01:48:29.9497015Z Post job cleanup.
2025-11-05T01:48:30.0439203Z [command]/usr/bin/git version
2025-11-05T01:48:30.0482061Z git version 2.51.2
2025-11-05T01:48:30.0525922Z Temporarily overriding HOME='/home/runner/work/_temp/c5351dcc-8dab-4d4a-929f-7c07fcbefe0b' before making global git config changes
2025-11-05T01:48:30.0527490Z Adding repository directory to the temporary git global config as a safe directory
2025-11-05T01:48:30.0532826Z [command]/usr/bin/git config --global --add safe.directory /home/runner/work/scratchattach/scratchattach
2025-11-05T01:48:30.0568523Z [command]/usr/bin/git config --local --name-only --get-regexp core\.sshCommand
2025-11-05T01:48:30.0600467Z [command]/usr/bin/git submodule foreach --recursive sh -c "git config --local --name-only --get-regexp 'core\.sshCommand' && git config --local --unset-all 'core.sshCommand' || :"
2025-11-05T01:48:30.0829521Z [command]/usr/bin/git config --local --name-only --get-regexp http\.https\:\/\/github\.com\/\.extraheader
2025-11-05T01:48:30.0851456Z http.https://github.com/.extraheader
2025-11-05T01:48:30.0864242Z [command]/usr/bin/git config --local --unset-all http.https://github.com/.extraheader
2025-11-05T01:48:30.0894254Z [command]/usr/bin/git submodule foreach --recursive sh -c "git config --local --name-only --get-regexp 'http\.https\:\/\/github\.com\/\.extraheader' && git config --local --unset-all 'http.https://github.com/.extraheader' || :"
2025-11-05T01:48:30.1227237Z Cleaning up orphan processes
