2025-09-17T01:37:51.8638364Z Current runner version: '2.328.0'
2025-09-17T01:37:51.8662408Z ##[group]Runner Image Provisioner
2025-09-17T01:37:51.8663177Z Hosted Compute Agent
2025-09-17T01:37:51.8663779Z Version: 20250829.383
2025-09-17T01:37:51.8664372Z Commit: 27cb235aab5b0e52e153a26cd86b4742e89dac5d
2025-09-17T01:37:51.8665210Z Build Date: 2025-08-29T13:48:48Z
2025-09-17T01:37:51.8665872Z ##[endgroup]
2025-09-17T01:37:51.8666425Z ##[group]Operating System
2025-09-17T01:37:51.8666947Z Ubuntu
2025-09-17T01:37:51.8667451Z 24.04.3
2025-09-17T01:37:51.8667920Z LTS
2025-09-17T01:37:51.8668374Z ##[endgroup]
2025-09-17T01:37:51.8668949Z ##[group]Runner Image
2025-09-17T01:37:51.8669521Z Image: ubuntu-24.04
2025-09-17T01:37:51.8669991Z Version: 20250907.24.1
2025-09-17T01:37:51.8671024Z Included Software: https://github.com/actions/runner-images/blob/ubuntu24/20250907.24/images/ubuntu/Ubuntu2404-Readme.md
2025-09-17T01:37:51.8672516Z Image Release: https://github.com/actions/runner-images/releases/tag/ubuntu24%2F20250907.24
2025-09-17T01:37:51.8673579Z ##[endgroup]
2025-09-17T01:37:51.8674519Z ##[group]GITHUB_TOKEN Permissions
2025-09-17T01:37:51.8676877Z Contents: write
2025-09-17T01:37:51.8677389Z Metadata: read
2025-09-17T01:37:51.8677875Z ##[endgroup]
2025-09-17T01:37:51.8679988Z Secret source: Actions
2025-09-17T01:37:51.8681093Z Prepare workflow directory
2025-09-17T01:37:51.9002704Z Prepare all required actions
2025-09-17T01:37:51.9040654Z Getting action download info
2025-09-17T01:37:52.2789244Z Download action repository 'actions/checkout@v5.0.0' (SHA:08c6903cd8c0fde910a37f88322edcfb5dd907a8)
2025-09-17T01:37:52.4374807Z Download action repository 'pawanbahuguna/action-logs@v2.0.0' (SHA:2fb2206c1749d6d09b8799a05519c08ee503660d)
2025-09-17T01:37:52.8515209Z Complete job name: Download GH action logs
2025-09-17T01:37:52.9037899Z ##[group]Build container for action use: '/home/runner/work/_actions/pawanbahuguna/action-logs/v2.0.0/Dockerfile'.
2025-09-17T01:37:52.9089139Z ##[command]/usr/bin/docker build -t 96b329:81bc1b0ec61f4e10b5c94c0c23d72d49 -f "/home/runner/work/_actions/pawanbahuguna/action-logs/v2.0.0/Dockerfile" "/home/runner/work/_actions/pawanbahuguna/action-logs/v2.0.0"
2025-09-17T01:37:53.4533700Z #0 building with "default" instance using docker driver
2025-09-17T01:37:53.4534712Z 
2025-09-17T01:37:53.4535449Z #1 [internal] load build definition from Dockerfile
2025-09-17T01:37:53.4536485Z #1 transferring dockerfile: 347B done
2025-09-17T01:37:53.4537346Z #1 DONE 0.0s
2025-09-17T01:37:53.4537667Z 
2025-09-17T01:37:53.4538204Z #2 [auth] library/alpine:pull token for registry-1.docker.io
2025-09-17T01:37:53.6031232Z #2 DONE 0.0s
2025-09-17T01:37:53.6031776Z 
2025-09-17T01:37:53.6032367Z #3 [internal] load metadata for docker.io/library/alpine:latest
2025-09-17T01:37:53.8122484Z #3 DONE 0.4s
2025-09-17T01:37:53.9331061Z 
2025-09-17T01:37:53.9331906Z #4 [internal] load .dockerignore
2025-09-17T01:37:53.9332574Z #4 transferring context: 2B done
2025-09-17T01:37:53.9333156Z #4 DONE 0.0s
2025-09-17T01:37:53.9333392Z 
2025-09-17T01:37:53.9333628Z #5 [internal] load build context
2025-09-17T01:37:53.9334111Z #5 transferring context: 2.53kB done
2025-09-17T01:37:53.9334429Z #5 DONE 0.0s
2025-09-17T01:37:53.9334579Z 
2025-09-17T01:37:53.9335209Z #6 [1/4] FROM docker.io/library/alpine:latest@sha256:4bcff63911fcb4448bd4fdacec207030997caf25e9bea4045fa6c8c44de311d1
2025-09-17T01:37:53.9336132Z #6 resolve docker.io/library/alpine:latest@sha256:4bcff63911fcb4448bd4fdacec207030997caf25e9bea4045fa6c8c44de311d1 done
2025-09-17T01:37:53.9336981Z #6 sha256:4bcff63911fcb4448bd4fdacec207030997caf25e9bea4045fa6c8c44de311d1 9.22kB / 9.22kB done
2025-09-17T01:37:53.9337713Z #6 sha256:eafc1edb577d2e9b458664a15f23ea1c370214193226069eb22921169fc7e43f 1.02kB / 1.02kB done
2025-09-17T01:37:53.9338432Z #6 sha256:9234e8fb04c47cfe0f49931e4ac7eb76fa904e33b7f8576aec0501c085f02516 581B / 581B done
2025-09-17T01:37:53.9339134Z #6 sha256:9824c27679d3b27c5e1cb00a73adb6f4f8d556994111c12db3c5d61a0c843df8 3.15MB / 3.80MB 0.1s
2025-09-17T01:37:54.0483779Z #6 sha256:9824c27679d3b27c5e1cb00a73adb6f4f8d556994111c12db3c5d61a0c843df8 3.80MB / 3.80MB 0.1s done
2025-09-17T01:37:54.0485796Z #6 extracting sha256:9824c27679d3b27c5e1cb00a73adb6f4f8d556994111c12db3c5d61a0c843df8 0.1s done
2025-09-17T01:37:54.0486786Z #6 DONE 0.2s
2025-09-17T01:37:54.1798601Z 
2025-09-17T01:37:54.1799082Z #7 [2/4] RUN apk update && apk add --no-cache curl jq
2025-09-17T01:37:54.1799801Z #7 0.130 fetch https://dl-cdn.alpinelinux.org/alpine/v3.22/main/x86_64/APKINDEX.tar.gz
2025-09-17T01:37:54.3912223Z #7 0.342 fetch https://dl-cdn.alpinelinux.org/alpine/v3.22/community/x86_64/APKINDEX.tar.gz
2025-09-17T01:37:54.6802518Z #7 0.631 v3.22.1-419-g1db804adcdb [https://dl-cdn.alpinelinux.org/alpine/v3.22/main]
2025-09-17T01:37:54.6803316Z #7 0.631 v3.22.1-422-g430eaf13b7d [https://dl-cdn.alpinelinux.org/alpine/v3.22/community]
2025-09-17T01:37:54.6803845Z #7 0.631 OK: 26326 distinct packages available
2025-09-17T01:37:54.8143025Z #7 0.699 fetch https://dl-cdn.alpinelinux.org/alpine/v3.22/main/x86_64/APKINDEX.tar.gz
2025-09-17T01:37:54.8144440Z #7 0.765 fetch https://dl-cdn.alpinelinux.org/alpine/v3.22/community/x86_64/APKINDEX.tar.gz
2025-09-17T01:37:55.0924185Z #7 1.043 (1/11) Installing brotli-libs (1.1.0-r2)
2025-09-17T01:37:55.2640869Z #7 1.055 (2/11) Installing c-ares (1.34.5-r0)
2025-09-17T01:37:55.2641562Z #7 1.059 (3/11) Installing libunistring (1.3-r0)
2025-09-17T01:37:55.2643241Z #7 1.072 (4/11) Installing libidn2 (2.3.7-r0)
2025-09-17T01:37:55.2644716Z #7 1.076 (5/11) Installing nghttp2-libs (1.65.0-r0)
2025-09-17T01:37:55.2646599Z #7 1.080 (6/11) Installing libpsl (0.21.5-r3)
2025-09-17T01:37:55.2647189Z #7 1.084 (7/11) Installing zstd-libs (1.5.7-r0)
2025-09-17T01:37:55.2647736Z #7 1.091 (8/11) Installing libcurl (8.14.1-r1)
2025-09-17T01:37:55.2651859Z #7 1.098 (9/11) Installing curl (8.14.1-r1)
2025-09-17T01:37:55.2656507Z #7 1.103 (10/11) Installing oniguruma (6.9.10-r0)
2025-09-17T01:37:55.2657187Z #7 1.109 (11/11) Installing jq (1.8.0-r0)
2025-09-17T01:37:55.2657712Z #7 1.114 Executing busybox-1.37.0-r18.trigger
2025-09-17T01:37:55.2658091Z #7 1.124 OK: 13 MiB in 27 packages
2025-09-17T01:37:55.2658373Z #7 DONE 1.2s
2025-09-17T01:37:55.4087091Z 
2025-09-17T01:37:55.4087563Z #8 [3/4] COPY entrypoint.sh /entrypoint.sh
2025-09-17T01:37:55.4087983Z #8 DONE 0.0s
2025-09-17T01:37:55.4088143Z 
2025-09-17T01:37:55.4088254Z #9 [4/4] RUN chmod +x /entrypoint.sh
2025-09-17T01:37:55.4088576Z #9 DONE 0.1s
2025-09-17T01:37:55.5688851Z 
2025-09-17T01:37:55.5689255Z #10 exporting to image
2025-09-17T01:37:55.5689725Z #10 exporting layers
2025-09-17T01:37:56.0125124Z #10 exporting layers 0.6s done
2025-09-17T01:37:56.0336659Z #10 writing image sha256:671cd7e683b47081ad366242dfae1ad000b1dc0fd835feca1cdc4cee499c380c done
2025-09-17T01:37:56.0338591Z #10 naming to docker.io/library/96b329:81bc1b0ec61f4e10b5c94c0c23d72d49 done
2025-09-17T01:37:56.0339396Z #10 DONE 0.6s
2025-09-17T01:37:56.0422776Z ##[endgroup]
2025-09-17T01:37:56.0675343Z ##[group]Run actions/checkout@v5.0.0
2025-09-17T01:37:56.0675999Z with:
2025-09-17T01:37:56.0676235Z   repository: Boss-1s/scratchattach
2025-09-17T01:37:56.0676657Z   token: ***
2025-09-17T01:37:56.0676848Z   ssh-strict: true
2025-09-17T01:37:56.0677060Z   ssh-user: git
2025-09-17T01:37:56.0677251Z   persist-credentials: true
2025-09-17T01:37:56.0677468Z   clean: true
2025-09-17T01:37:56.0677658Z   sparse-checkout-cone-mode: true
2025-09-17T01:37:56.0677896Z   fetch-depth: 1
2025-09-17T01:37:56.0678081Z   fetch-tags: false
2025-09-17T01:37:56.0678266Z   show-progress: true
2025-09-17T01:37:56.0678454Z   lfs: false
2025-09-17T01:37:56.0678627Z   submodules: false
2025-09-17T01:37:56.0678811Z   set-safe-directory: true
2025-09-17T01:37:56.0679200Z ##[endgroup]
2025-09-17T01:37:56.1600267Z Syncing repository: Boss-1s/scratchattach
2025-09-17T01:37:56.1601541Z ##[group]Getting Git version info
2025-09-17T01:37:56.1602014Z Working directory is '/home/runner/work/scratchattach/scratchattach'
2025-09-17T01:37:56.1602847Z [command]/usr/bin/git version
2025-09-17T01:37:56.1603269Z git version 2.51.0
2025-09-17T01:37:56.1623678Z ##[endgroup]
2025-09-17T01:37:56.1638022Z Temporarily overriding HOME='/home/runner/work/_temp/c3b96f26-0f5b-4fc4-b232-b6122a432f7c' before making global git config changes
2025-09-17T01:37:56.1638779Z Adding repository directory to the temporary git global config as a safe directory
2025-09-17T01:37:56.1643216Z [command]/usr/bin/git config --global --add safe.directory /home/runner/work/scratchattach/scratchattach
2025-09-17T01:37:56.1681814Z Deleting the contents of '/home/runner/work/scratchattach/scratchattach'
2025-09-17T01:37:56.1685521Z ##[group]Initializing the repository
2025-09-17T01:37:56.1690500Z [command]/usr/bin/git init /home/runner/work/scratchattach/scratchattach
2025-09-17T01:37:56.1793528Z hint: Using 'master' as the name for the initial branch. This default branch name
2025-09-17T01:37:56.1794663Z hint: is subject to change. To configure the initial branch name to use in all
2025-09-17T01:37:56.1796108Z hint: of your new repositories, which will suppress this warning, call:
2025-09-17T01:37:56.1796719Z hint:
2025-09-17T01:37:56.1797157Z hint: 	git config --global init.defaultBranch <name>
2025-09-17T01:37:56.1797653Z hint:
2025-09-17T01:37:56.1798101Z hint: Names commonly chosen instead of 'master' are 'main', 'trunk' and
2025-09-17T01:37:56.1798875Z hint: 'development'. The just-created branch can be renamed via this command:
2025-09-17T01:37:56.1799486Z hint:
2025-09-17T01:37:56.1799783Z hint: 	git branch -m <name>
2025-09-17T01:37:56.1800072Z hint:
2025-09-17T01:37:56.1800381Z hint: Disable this message with "git config set advice.defaultBranchName false"
2025-09-17T01:37:56.1800957Z Initialized empty Git repository in /home/runner/work/scratchattach/scratchattach/.git/
2025-09-17T01:37:56.1809738Z [command]/usr/bin/git remote add origin https://github.com/Boss-1s/scratchattach
2025-09-17T01:37:56.1843396Z ##[endgroup]
2025-09-17T01:37:56.1843877Z ##[group]Disabling automatic garbage collection
2025-09-17T01:37:56.1848565Z [command]/usr/bin/git config --local gc.auto 0
2025-09-17T01:37:56.1874787Z ##[endgroup]
2025-09-17T01:37:56.1875426Z ##[group]Setting up auth
2025-09-17T01:37:56.1882590Z [command]/usr/bin/git config --local --name-only --get-regexp core\.sshCommand
2025-09-17T01:37:56.1912762Z [command]/usr/bin/git submodule foreach --recursive sh -c "git config --local --name-only --get-regexp 'core\.sshCommand' && git config --local --unset-all 'core.sshCommand' || :"
2025-09-17T01:37:56.2230455Z [command]/usr/bin/git config --local --name-only --get-regexp http\.https\:\/\/github\.com\/\.extraheader
2025-09-17T01:37:56.2258849Z [command]/usr/bin/git submodule foreach --recursive sh -c "git config --local --name-only --get-regexp 'http\.https\:\/\/github\.com\/\.extraheader' && git config --local --unset-all 'http.https://github.com/.extraheader' || :"
2025-09-17T01:37:56.2476693Z [command]/usr/bin/git config --local http.https://github.com/.extraheader AUTHORIZATION: basic ***
2025-09-17T01:37:56.2510603Z ##[endgroup]
2025-09-17T01:37:56.2519395Z ##[group]Fetching the repository
2025-09-17T01:37:56.2520427Z [command]/usr/bin/git -c protocol.version=2 fetch --no-tags --prune --no-recurse-submodules --depth=1 origin +ea1f11529f0bda8ddeebf1e64bbfdf85efc0a281:refs/remotes/origin/main
2025-09-17T01:37:56.7493856Z From https://github.com/Boss-1s/scratchattach
2025-09-17T01:37:56.7496426Z  * [new ref]         ea1f11529f0bda8ddeebf1e64bbfdf85efc0a281 -> origin/main
2025-09-17T01:37:56.7526503Z ##[endgroup]
2025-09-17T01:37:56.7527756Z ##[group]Determining the checkout info
2025-09-17T01:37:56.7528880Z ##[endgroup]
2025-09-17T01:37:56.7534524Z [command]/usr/bin/git sparse-checkout disable
2025-09-17T01:37:56.7576374Z [command]/usr/bin/git config --local --unset-all extensions.worktreeConfig
2025-09-17T01:37:56.7603429Z ##[group]Checking out the ref
2025-09-17T01:37:56.7608451Z [command]/usr/bin/git checkout --progress --force -B main refs/remotes/origin/main
2025-09-17T01:37:56.8669644Z Switched to a new branch 'main'
2025-09-17T01:37:56.8670424Z branch 'main' set up to track 'origin/main'.
2025-09-17T01:37:56.8687727Z ##[endgroup]
2025-09-17T01:37:56.8726591Z [command]/usr/bin/git log -1 --format=%H
2025-09-17T01:37:56.8749162Z ea1f11529f0bda8ddeebf1e64bbfdf85efc0a281
2025-09-17T01:37:56.8930909Z ##[group]Run pawanbahuguna/action-logs@v2.0.0
2025-09-17T01:37:56.8931208Z env:
2025-09-17T01:37:56.8931764Z   GH_TOKEN: ***
2025-09-17T01:37:56.8931963Z   GH_REPO: Boss-1s/scratchattach
2025-09-17T01:37:56.8932183Z   LOGS_DIR: .logs
2025-09-17T01:37:56.8932355Z ##[endgroup]
2025-09-17T01:37:56.9016246Z ##[command]/usr/bin/docker run --name b32981bc1b0ec61f4e10b5c94c0c23d72d49_f2b0b5 --label 96b329 --workdir /github/workspace --rm -e "GH_TOKEN" -e "GH_REPO" -e "LOGS_DIR" -e "HOME" -e "GITHUB_JOB" -e "GITHUB_REF" -e "GITHUB_SHA" -e "GITHUB_REPOSITORY" -e "GITHUB_REPOSITORY_OWNER" -e "GITHUB_REPOSITORY_OWNER_ID" -e "GITHUB_RUN_ID" -e "GITHUB_RUN_NUMBER" -e "GITHUB_RETENTION_DAYS" -e "GITHUB_RUN_ATTEMPT" -e "GITHUB_ACTOR_ID" -e "GITHUB_ACTOR" -e "GITHUB_WORKFLOW" -e "GITHUB_HEAD_REF" -e "GITHUB_BASE_REF" -e "GITHUB_EVENT_NAME" -e "GITHUB_SERVER_URL" -e "GITHUB_API_URL" -e "GITHUB_GRAPHQL_URL" -e "GITHUB_REF_NAME" -e "GITHUB_REF_PROTECTED" -e "GITHUB_REF_TYPE" -e "GITHUB_WORKFLOW_REF" -e "GITHUB_WORKFLOW_SHA" -e "GITHUB_REPOSITORY_ID" -e "GITHUB_TRIGGERING_ACTOR" -e "GITHUB_WORKSPACE" -e "GITHUB_ACTION" -e "GITHUB_EVENT_PATH" -e "GITHUB_ACTION_REPOSITORY" -e "GITHUB_ACTION_REF" -e "GITHUB_PATH" -e "GITHUB_ENV" -e "GITHUB_STEP_SUMMARY" -e "GITHUB_STATE" -e "GITHUB_OUTPUT" -e "RUNNER_OS" -e "RUNNER_ARCH" -e "RUNNER_NAME" -e "RUNNER_ENVIRONMENT" -e "RUNNER_TOOL_CACHE" -e "RUNNER_TEMP" -e "RUNNER_WORKSPACE" -e "ACTIONS_RUNTIME_URL" -e "ACTIONS_RUNTIME_TOKEN" -e "ACTIONS_CACHE_URL" -e "ACTIONS_RESULTS_URL" -e GITHUB_ACTIONS=true -e CI=true -v "/var/run/docker.sock":"/var/run/docker.sock" -v "/home/runner/work/_temp/_github_home":"/github/home" -v "/home/runner/work/_temp/_github_workflow":"/github/workflow" -v "/home/runner/work/_temp/_runner_file_commands":"/github/file_commands" -v "/home/runner/work/scratchattach/scratchattach":"/github/workspace" 96b329:81bc1b0ec61f4e10b5c94c0c23d72d49
2025-09-17T01:37:57.0820786Z Will only process 24hrs logs before or equal to 2025-09-16T01:37:57Z
2025-09-17T01:37:57.0821668Z Searching Workflow Runs
2025-09-17T01:37:59.8773121Z Fetching Job IDs
2025-09-17T01:38:01.4063613Z mkdir: can't create directory '.logs': File exists
2025-09-17T01:38:01.4069250Z Writing logs for job 50548008383
2025-09-17T01:38:01.5519908Z Writing logs for job 50515487978
2025-09-17T01:38:01.8767040Z Writing logs for job 50515480243
2025-09-17T01:38:02.1811529Z Writing logs for job 50451090220
2025-09-17T01:38:02.5321156Z Writing logs for job 50447588627
2025-09-17T01:38:02.8784486Z Writing logs for job 50447586648
2025-09-17T01:38:03.2645128Z Writing logs for job 50447586654
2025-09-17T01:38:03.7483991Z Logs Downloaded and saved!
2025-09-17T01:38:03.7484402Z Starting cleanup
2025-09-17T01:38:03.7491085Z cleanup Completed!!
2025-09-17T01:38:03.8310456Z ##[group]Run git config --global user.name 'Boss_1s [via Actions]'
2025-09-17T01:38:03.8310991Z [36;1mgit config --global user.name 'Boss_1s [via Actions]'[0m
2025-09-17T01:38:03.8311430Z [36;1mgit config --global user.email 'Boss-1s[auto]@users.noreply.github.com'[0m
2025-09-17T01:38:03.8311803Z [36;1m[0m
2025-09-17T01:38:03.8311991Z [36;1mgit pull origin main[0m
2025-09-17T01:38:03.8312213Z [36;1m[0m
2025-09-17T01:38:03.8312421Z [36;1mGIT_STATUS_OUTPUT=$(git status --porcelain)[0m
2025-09-17T01:38:03.8312689Z [36;1m[0m
2025-09-17T01:38:03.8312882Z [36;1mif [ -z "$GIT_STATUS_OUTPUT" ]; then[0m
2025-09-17T01:38:03.8313211Z [36;1m  echo "Git working tree is clean (no uncommitted changes)."[0m
2025-09-17T01:38:03.8313514Z [36;1m  exit 0[0m
2025-09-17T01:38:03.8313675Z [36;1melse[0m
2025-09-17T01:38:03.8313891Z [36;1m  echo "Git working tree has uncommitted changes:"[0m
2025-09-17T01:38:03.8314175Z [36;1m  echo "$GIT_STATUS_OUTPUT"[0m
2025-09-17T01:38:03.8314498Z [36;1m  echo "These changes will be pushed to the main branch."[0m
2025-09-17T01:38:03.8315579Z [36;1mfi[0m
2025-09-17T01:38:03.8315754Z [36;1m[0m
2025-09-17T01:38:03.8315907Z [36;1mgit add .[0m
2025-09-17T01:38:03.8316116Z [36;1mgit commit -m "[BOT] Download Logs"[0m
2025-09-17T01:38:03.8316377Z [36;1mgit push origin main[0m
2025-09-17T01:38:03.8370563Z shell: /usr/bin/bash -e {0}
2025-09-17T01:38:03.8370808Z ##[endgroup]
2025-09-17T01:38:04.0426141Z From https://github.com/Boss-1s/scratchattach
2025-09-17T01:38:04.0426684Z  * branch            main       -> FETCH_HEAD
2025-09-17T01:38:04.0493678Z Already up to date.
2025-09-17T01:38:04.1386191Z Git working tree has uncommitted changes:
2025-09-17T01:38:04.1386674Z ?? .logs/logs-50447586648-2025-09-17.txt
2025-09-17T01:38:04.1387086Z ?? .logs/logs-50447586654-2025-09-17.txt
2025-09-17T01:38:04.1387478Z ?? .logs/logs-50447588627-2025-09-17.txt
2025-09-17T01:38:04.1387871Z ?? .logs/logs-50451090220-2025-09-17.txt
2025-09-17T01:38:04.1388267Z ?? .logs/logs-50515480243-2025-09-17.txt
2025-09-17T01:38:04.1388647Z ?? .logs/logs-50515487978-2025-09-17.txt
2025-09-17T01:38:04.1389052Z ?? .logs/logs-50548008383-2025-09-17.txt
2025-09-17T01:38:04.1389419Z These changes will be pushed to the main branch.
2025-09-17T01:38:04.1602957Z [main 66cc821] [BOT] Download Logs
2025-09-17T01:38:04.1603427Z  7 files changed, 3954 insertions(+)
2025-09-17T01:38:04.1603945Z  create mode 100644 .logs/logs-50447586648-2025-09-17.txt
2025-09-17T01:38:04.1604540Z  create mode 100644 .logs/logs-50447586654-2025-09-17.txt
2025-09-17T01:38:04.1605495Z  create mode 100644 .logs/logs-50447588627-2025-09-17.txt
2025-09-17T01:38:04.1606107Z  create mode 100644 .logs/logs-50451090220-2025-09-17.txt
2025-09-17T01:38:04.1606735Z  create mode 100644 .logs/logs-50515480243-2025-09-17.txt
2025-09-17T01:38:04.1607288Z  create mode 100644 .logs/logs-50515487978-2025-09-17.txt
2025-09-17T01:38:04.1607851Z  create mode 100644 .logs/logs-50548008383-2025-09-17.txt
2025-09-17T01:38:04.7457305Z To https://github.com/Boss-1s/scratchattach
2025-09-17T01:38:04.7457952Z    ea1f115..66cc821  main -> main
2025-09-17T01:38:04.7563168Z Post job cleanup.
2025-09-17T01:38:04.8341584Z [command]/usr/bin/git version
2025-09-17T01:38:04.8377542Z git version 2.51.0
2025-09-17T01:38:04.8449255Z Copying '/home/runner/.gitconfig' to '/home/runner/work/_temp/7288e606-217e-424e-b4e8-9eb11e46078b/.gitconfig'
2025-09-17T01:38:04.8450370Z Temporarily overriding HOME='/home/runner/work/_temp/7288e606-217e-424e-b4e8-9eb11e46078b' before making global git config changes
2025-09-17T01:38:04.8451571Z Adding repository directory to the temporary git global config as a safe directory
2025-09-17T01:38:04.8452668Z [command]/usr/bin/git config --global --add safe.directory /home/runner/work/scratchattach/scratchattach
2025-09-17T01:38:04.8462335Z [command]/usr/bin/git config --local --name-only --get-regexp core\.sshCommand
2025-09-17T01:38:04.8497957Z [command]/usr/bin/git submodule foreach --recursive sh -c "git config --local --name-only --get-regexp 'core\.sshCommand' && git config --local --unset-all 'core.sshCommand' || :"
2025-09-17T01:38:04.8718883Z [command]/usr/bin/git config --local --name-only --get-regexp http\.https\:\/\/github\.com\/\.extraheader
2025-09-17T01:38:04.8740382Z http.https://github.com/.extraheader
2025-09-17T01:38:04.8749770Z [command]/usr/bin/git config --local --unset-all http.https://github.com/.extraheader
2025-09-17T01:38:04.8781275Z [command]/usr/bin/git submodule foreach --recursive sh -c "git config --local --name-only --get-regexp 'http\.https\:\/\/github\.com\/\.extraheader' && git config --local --unset-all 'http.https://github.com/.extraheader' || :"
2025-09-17T01:38:04.9113521Z Cleaning up orphan processes
