2026-02-17T04:21:17.5044240Z Current runner version: '2.331.0'
2026-02-17T04:21:17.5067188Z ##[group]Runner Image Provisioner
2026-02-17T04:21:17.5067935Z Hosted Compute Agent
2026-02-17T04:21:17.5068498Z Version: 20260123.484
2026-02-17T04:21:17.5069236Z Commit: 6bd6555ca37d84114959e1c76d2c01448ff61c5d
2026-02-17T04:21:17.5069880Z Build Date: 2026-01-23T19:41:17Z
2026-02-17T04:21:17.5070547Z Worker ID: {ebe395bd-5fc6-4558-a40a-03b734221f1d}
2026-02-17T04:21:17.5071145Z Azure Region: westus3
2026-02-17T04:21:17.5071618Z ##[endgroup]
2026-02-17T04:21:17.5072944Z ##[group]Operating System
2026-02-17T04:21:17.5073438Z Ubuntu
2026-02-17T04:21:17.5073880Z 24.04.3
2026-02-17T04:21:17.5074280Z LTS
2026-02-17T04:21:17.5074707Z ##[endgroup]
2026-02-17T04:21:17.5075155Z ##[group]Runner Image
2026-02-17T04:21:17.5075609Z Image: ubuntu-24.04
2026-02-17T04:21:17.5076081Z Version: 20260209.23.1
2026-02-17T04:21:17.5077107Z Included Software: https://github.com/actions/runner-images/blob/ubuntu24/20260209.23/images/ubuntu/Ubuntu2404-Readme.md
2026-02-17T04:21:17.5078386Z Image Release: https://github.com/actions/runner-images/releases/tag/ubuntu24%2F20260209.23
2026-02-17T04:21:17.5079319Z ##[endgroup]
2026-02-17T04:21:17.5080237Z ##[group]GITHUB_TOKEN Permissions
2026-02-17T04:21:17.5082087Z Contents: write
2026-02-17T04:21:17.5082612Z Metadata: read
2026-02-17T04:21:17.5083056Z ##[endgroup]
2026-02-17T04:21:17.5085028Z Secret source: Actions
2026-02-17T04:21:17.5085716Z Prepare workflow directory
2026-02-17T04:21:17.5402137Z Prepare all required actions
2026-02-17T04:21:17.5458630Z Getting action download info
2026-02-17T04:21:17.9263588Z Download action repository 'actions/checkout@v6.0.2' (SHA:de0fac2e4500dabe0009e67214ff5f5447ce83dd)
2026-02-17T04:21:18.0116199Z Download action repository 'actions/setup-python@v6.2.0' (SHA:a309ff8b426b58ec0e2a45f0f869d46889d02405)
2026-02-17T04:21:18.1663002Z Complete job name: Run Prioritzing Handler
2026-02-17T04:21:18.2277528Z ##[group]Run actions/checkout@v6.0.2
2026-02-17T04:21:18.2278452Z with:
2026-02-17T04:21:18.2279074Z   ref: main
2026-02-17T04:21:18.2279592Z   repository: Boss-1s/scratchattach
2026-02-17T04:21:18.2280281Z   token: ***
2026-02-17T04:21:18.2280699Z   ssh-strict: true
2026-02-17T04:21:18.2281143Z   ssh-user: git
2026-02-17T04:21:18.2281592Z   persist-credentials: true
2026-02-17T04:21:18.2282028Z   clean: true
2026-02-17T04:21:18.2282508Z   sparse-checkout-cone-mode: true
2026-02-17T04:21:18.2283007Z   fetch-depth: 1
2026-02-17T04:21:18.2283394Z   fetch-tags: false
2026-02-17T04:21:18.2283841Z   show-progress: true
2026-02-17T04:21:18.2284290Z   lfs: false
2026-02-17T04:21:18.2284662Z   submodules: false
2026-02-17T04:21:18.2285117Z   set-safe-directory: true
2026-02-17T04:21:18.2285853Z ##[endgroup]
2026-02-17T04:21:18.3170724Z Syncing repository: Boss-1s/scratchattach
2026-02-17T04:21:18.3172427Z ##[group]Getting Git version info
2026-02-17T04:21:18.3173394Z Working directory is '/home/runner/work/scratchattach/scratchattach'
2026-02-17T04:21:18.3174466Z [command]/usr/bin/git version
2026-02-17T04:21:18.3174964Z git version 2.52.0
2026-02-17T04:21:18.3209325Z ##[endgroup]
2026-02-17T04:21:18.3223115Z Temporarily overriding HOME='/home/runner/work/_temp/db8960f3-41da-4904-ab6d-753097690942' before making global git config changes
2026-02-17T04:21:18.3227492Z Adding repository directory to the temporary git global config as a safe directory
2026-02-17T04:21:18.3228921Z [command]/usr/bin/git config --global --add safe.directory /home/runner/work/scratchattach/scratchattach
2026-02-17T04:21:18.3262232Z Deleting the contents of '/home/runner/work/scratchattach/scratchattach'
2026-02-17T04:21:18.3265195Z ##[group]Initializing the repository
2026-02-17T04:21:18.3269151Z [command]/usr/bin/git init /home/runner/work/scratchattach/scratchattach
2026-02-17T04:21:18.3351982Z hint: Using 'master' as the name for the initial branch. This default branch name
2026-02-17T04:21:18.3353728Z hint: will change to "main" in Git 3.0. To configure the initial branch name
2026-02-17T04:21:18.3355297Z hint: to use in all of your new repositories, which will suppress this warning,
2026-02-17T04:21:18.3356405Z hint: call:
2026-02-17T04:21:18.3356854Z hint:
2026-02-17T04:21:18.3357347Z hint: 	git config --global init.defaultBranch <name>
2026-02-17T04:21:18.3357965Z hint:
2026-02-17T04:21:18.3358534Z hint: Names commonly chosen instead of 'master' are 'main', 'trunk' and
2026-02-17T04:21:18.3359799Z hint: 'development'. The just-created branch can be renamed via this command:
2026-02-17T04:21:18.3360826Z hint:
2026-02-17T04:21:18.3361205Z hint: 	git branch -m <name>
2026-02-17T04:21:18.3361749Z hint:
2026-02-17T04:21:18.3362346Z hint: Disable this message with "git config set advice.defaultBranchName false"
2026-02-17T04:21:18.3363560Z Initialized empty Git repository in /home/runner/work/scratchattach/scratchattach/.git/
2026-02-17T04:21:18.3365696Z [command]/usr/bin/git remote add origin https://github.com/Boss-1s/scratchattach
2026-02-17T04:21:18.3391281Z ##[endgroup]
2026-02-17T04:21:18.3495073Z ##[group]Disabling automatic garbage collection
2026-02-17T04:21:18.3496330Z [command]/usr/bin/git config --local gc.auto 0
2026-02-17T04:21:18.3498399Z ##[endgroup]
2026-02-17T04:21:18.3499266Z ##[group]Setting up auth
2026-02-17T04:21:18.3499796Z Removing SSH command configuration
2026-02-17T04:21:18.3500876Z [command]/usr/bin/git config --local --name-only --get-regexp core\.sshCommand
2026-02-17T04:21:18.3502943Z [command]/usr/bin/git submodule foreach --recursive sh -c "git config --local --name-only --get-regexp 'core\.sshCommand' && git config --local --unset-all 'core.sshCommand' || :"
2026-02-17T04:21:18.3714117Z Removing HTTP extra header
2026-02-17T04:21:18.3720186Z [command]/usr/bin/git config --local --name-only --get-regexp http\.https\:\/\/github\.com\/\.extraheader
2026-02-17T04:21:18.3743619Z [command]/usr/bin/git submodule foreach --recursive sh -c "git config --local --name-only --get-regexp 'http\.https\:\/\/github\.com\/\.extraheader' && git config --local --unset-all 'http.https://github.com/.extraheader' || :"
2026-02-17T04:21:18.3907273Z Removing includeIf entries pointing to credentials config files
2026-02-17T04:21:18.3912693Z [command]/usr/bin/git config --local --name-only --get-regexp ^includeIf\.gitdir:
2026-02-17T04:21:18.3938436Z [command]/usr/bin/git submodule foreach --recursive git config --local --show-origin --name-only --get-regexp remote.origin.url
2026-02-17T04:21:18.4110863Z [command]/usr/bin/git config --file /home/runner/work/_temp/git-credentials-bc6dd77e-a483-4429-8b9d-89ebf4d5e808.config http.https://github.com/.extraheader AUTHORIZATION: basic ***
2026-02-17T04:21:18.4139983Z [command]/usr/bin/git config --local includeIf.gitdir:/home/runner/work/scratchattach/scratchattach/.git.path /home/runner/work/_temp/git-credentials-bc6dd77e-a483-4429-8b9d-89ebf4d5e808.config
2026-02-17T04:21:18.4161734Z [command]/usr/bin/git config --local includeIf.gitdir:/home/runner/work/scratchattach/scratchattach/.git/worktrees/*.path /home/runner/work/_temp/git-credentials-bc6dd77e-a483-4429-8b9d-89ebf4d5e808.config
2026-02-17T04:21:18.4183399Z [command]/usr/bin/git config --local includeIf.gitdir:/github/workspace/.git.path /github/runner_temp/git-credentials-bc6dd77e-a483-4429-8b9d-89ebf4d5e808.config
2026-02-17T04:21:18.4205623Z [command]/usr/bin/git config --local includeIf.gitdir:/github/workspace/.git/worktrees/*.path /github/runner_temp/git-credentials-bc6dd77e-a483-4429-8b9d-89ebf4d5e808.config
2026-02-17T04:21:18.4225046Z ##[endgroup]
2026-02-17T04:21:18.4225667Z ##[group]Fetching the repository
2026-02-17T04:21:18.4232851Z [command]/usr/bin/git -c protocol.version=2 fetch --no-tags --prune --no-recurse-submodules --depth=1 origin +refs/heads/main*:refs/remotes/origin/main* +refs/tags/main*:refs/tags/main*
2026-02-17T04:21:58.9560609Z From https://github.com/Boss-1s/scratchattach
2026-02-17T04:21:58.9561561Z  * [new branch]      main       -> origin/main
2026-02-17T04:21:58.9585216Z ##[endgroup]
2026-02-17T04:21:58.9585812Z ##[group]Determining the checkout info
2026-02-17T04:21:58.9592150Z [command]/usr/bin/git branch --list --remote origin/main
2026-02-17T04:21:58.9622113Z   origin/main
2026-02-17T04:21:58.9625004Z ##[endgroup]
2026-02-17T04:21:58.9629195Z [command]/usr/bin/git sparse-checkout disable
2026-02-17T04:21:58.9661726Z [command]/usr/bin/git config --local --unset-all extensions.worktreeConfig
2026-02-17T04:21:58.9684168Z ##[group]Checking out the ref
2026-02-17T04:21:58.9686967Z [command]/usr/bin/git checkout --progress --force -B main refs/remotes/origin/main
2026-02-17T04:22:00.1070093Z Updating files:  72% (2612/3584)
2026-02-17T04:22:00.4710120Z Updating files:  73% (2617/3584)
2026-02-17T04:22:00.6283804Z Updating files:  74% (2653/3584)
2026-02-17T04:22:00.6320850Z Updating files:  75% (2688/3584)
2026-02-17T04:22:00.8497796Z Updating files:  76% (2724/3584)
2026-02-17T04:22:00.8524031Z Updating files:  77% (2760/3584)
2026-02-17T04:22:00.9942717Z Updating files:  78% (2796/3584)
2026-02-17T04:22:01.4031125Z Updating files:  78% (2808/3584)
2026-02-17T04:22:01.7145617Z Updating files:  79% (2832/3584)
2026-02-17T04:22:02.0037418Z Updating files:  80% (2868/3584)
2026-02-17T04:22:02.2951500Z Updating files:  80% (2896/3584)
2026-02-17T04:22:02.3022939Z Updating files:  81% (2904/3584)
2026-02-17T04:22:02.6678305Z Updating files:  82% (2939/3584)
2026-02-17T04:22:02.9850616Z Updating files:  83% (2975/3584)
2026-02-17T04:22:03.4314124Z Updating files:  83% (2993/3584)
2026-02-17T04:22:04.0258413Z Updating files:  84% (3011/3584)
2026-02-17T04:22:04.1385564Z Updating files:  84% (3038/3584)
2026-02-17T04:22:04.8249698Z Updating files:  85% (3047/3584)
2026-02-17T04:22:04.9915115Z Updating files:  86% (3083/3584)
2026-02-17T04:22:05.4600213Z Updating files:  86% (3095/3584)
2026-02-17T04:22:06.0000378Z Updating files:  87% (3119/3584)
2026-02-17T04:22:06.0567849Z Updating files:  87% (3153/3584)
2026-02-17T04:22:06.5271338Z Updating files:  88% (3154/3584)
2026-02-17T04:22:06.5448346Z Updating files:  89% (3190/3584)
2026-02-17T04:22:06.5649694Z Updating files:  90% (3226/3584)
2026-02-17T04:22:06.5819696Z Updating files:  91% (3262/3584)
2026-02-17T04:22:06.5922084Z Updating files:  92% (3298/3584)
2026-02-17T04:22:07.0294698Z Updating files:  93% (3334/3584)
2026-02-17T04:22:07.5302676Z Updating files:  94% (3369/3584)
2026-02-17T04:22:07.8364706Z Updating files:  95% (3405/3584)
2026-02-17T04:22:07.9850355Z Updating files:  96% (3441/3584)
2026-02-17T04:22:08.0199522Z Updating files:  96% (3464/3584)
2026-02-17T04:22:08.1660539Z Updating files:  97% (3477/3584)
2026-02-17T04:22:08.3110574Z Updating files:  98% (3513/3584)
2026-02-17T04:22:08.3991920Z Updating files:  99% (3549/3584)
2026-02-17T04:22:08.3992461Z Updating files: 100% (3584/3584)
2026-02-17T04:22:08.3992755Z Updating files: 100% (3584/3584), done.
2026-02-17T04:22:08.5996027Z Switched to a new branch 'main'
2026-02-17T04:22:08.5997771Z branch 'main' set up to track 'origin/main'.
2026-02-17T04:22:08.6101995Z ##[endgroup]
2026-02-17T04:22:08.6141373Z [command]/usr/bin/git log -1 --format=%H
2026-02-17T04:22:08.6163876Z f3d432a3a3216fe96c4704c8054ea13d8f6c2bd7
2026-02-17T04:22:08.6357820Z ##[group]Run actions/setup-python@v6.2.0
2026-02-17T04:22:08.6358089Z with:
2026-02-17T04:22:08.6358270Z   python-version: 3.13
2026-02-17T04:22:08.6358470Z   check-latest: false
2026-02-17T04:22:08.6359034Z   token: ***
2026-02-17T04:22:08.6359222Z   update-environment: true
2026-02-17T04:22:08.6359460Z   allow-prereleases: false
2026-02-17T04:22:08.6359679Z   freethreaded: false
2026-02-17T04:22:08.6359864Z ##[endgroup]
2026-02-17T04:22:08.7541450Z ##[group]Installed versions
2026-02-17T04:22:08.7628998Z Successfully set up CPython (3.13.12)
2026-02-17T04:22:08.7629751Z ##[endgroup]
2026-02-17T04:22:08.7715326Z ##[group]Run pip install -r requirements.txt
2026-02-17T04:22:08.7715804Z [36;1mpip install -r requirements.txt[0m
2026-02-17T04:22:08.7758294Z shell: /usr/bin/bash -e {0}
2026-02-17T04:22:08.7758540Z env:
2026-02-17T04:22:08.7759007Z   pythonLocation: /opt/hostedtoolcache/Python/3.13.12/x64
2026-02-17T04:22:08.7759420Z   PKG_CONFIG_PATH: /opt/hostedtoolcache/Python/3.13.12/x64/lib/pkgconfig
2026-02-17T04:22:08.7759997Z   Python_ROOT_DIR: /opt/hostedtoolcache/Python/3.13.12/x64
2026-02-17T04:22:08.7760350Z   Python2_ROOT_DIR: /opt/hostedtoolcache/Python/3.13.12/x64
2026-02-17T04:22:08.7760690Z   Python3_ROOT_DIR: /opt/hostedtoolcache/Python/3.13.12/x64
2026-02-17T04:22:08.7761024Z   LD_LIBRARY_PATH: /opt/hostedtoolcache/Python/3.13.12/x64/lib
2026-02-17T04:22:08.7761314Z ##[endgroup]
2026-02-17T04:22:10.0725370Z Collecting scratchattach>=2.1.15b0 (from -r requirements.txt (line 1))
2026-02-17T04:22:10.1501351Z   Downloading scratchattach-3.0.0b2-py3-none-any.whl.metadata (5.6 kB)
2026-02-17T04:22:10.1789363Z Collecting websocket-client (from scratchattach>=2.1.15b0->-r requirements.txt (line 1))
2026-02-17T04:22:10.1903475Z   Downloading websocket_client-1.9.0-py3-none-any.whl.metadata (8.3 kB)
2026-02-17T04:22:10.2238434Z Collecting requests (from scratchattach>=2.1.15b0->-r requirements.txt (line 1))
2026-02-17T04:22:10.2339807Z   Downloading requests-2.32.5-py3-none-any.whl.metadata (4.9 kB)
2026-02-17T04:22:10.2510884Z Collecting bs4 (from scratchattach>=2.1.15b0->-r requirements.txt (line 1))
2026-02-17T04:22:10.2616713Z   Downloading bs4-0.0.2-py2.py3-none-any.whl.metadata (411 bytes)
2026-02-17T04:22:10.3349084Z Collecting SimpleWebSocketServer (from scratchattach>=2.1.15b0->-r requirements.txt (line 1))
2026-02-17T04:22:10.3460625Z   Downloading SimpleWebSocketServer-0.1.2.tar.gz (10 kB)
2026-02-17T04:22:10.3547518Z   Installing build dependencies: started
2026-02-17T04:22:11.1539520Z   Installing build dependencies: finished with status 'done'
2026-02-17T04:22:11.1546407Z   Getting requirements to build wheel: started
2026-02-17T04:22:11.4842010Z   Getting requirements to build wheel: finished with status 'done'
2026-02-17T04:22:11.4849107Z   Preparing metadata (pyproject.toml): started
2026-02-17T04:22:11.6478431Z   Preparing metadata (pyproject.toml): finished with status 'done'
2026-02-17T04:22:11.6689243Z Collecting typing-extensions (from scratchattach>=2.1.15b0->-r requirements.txt (line 1))
2026-02-17T04:22:11.6794750Z   Downloading typing_extensions-4.15.0-py3-none-any.whl.metadata (3.3 kB)
2026-02-17T04:22:11.6996151Z Collecting browser_cookie3 (from scratchattach>=2.1.15b0->-r requirements.txt (line 1))
2026-02-17T04:22:11.7113933Z   Downloading browser_cookie3-0.20.1-py3-none-any.whl.metadata (713 bytes)
2026-02-17T04:22:12.1733854Z Collecting aiohttp (from scratchattach>=2.1.15b0->-r requirements.txt (line 1))
2026-02-17T04:22:12.1861178Z   Downloading aiohttp-3.13.3-cp313-cp313-manylinux2014_x86_64.manylinux_2_17_x86_64.manylinux_2_28_x86_64.whl.metadata (8.1 kB)
2026-02-17T04:22:12.2264945Z Collecting rich (from scratchattach>=2.1.15b0->-r requirements.txt (line 1))
2026-02-17T04:22:12.2366767Z   Downloading rich-14.3.2-py3-none-any.whl.metadata (18 kB)
2026-02-17T04:22:12.2608068Z Collecting aiohappyeyeballs>=2.5.0 (from aiohttp->scratchattach>=2.1.15b0->-r requirements.txt (line 1))
2026-02-17T04:22:12.2708621Z   Downloading aiohappyeyeballs-2.6.1-py3-none-any.whl.metadata (5.9 kB)
2026-02-17T04:22:12.2880723Z Collecting aiosignal>=1.4.0 (from aiohttp->scratchattach>=2.1.15b0->-r requirements.txt (line 1))
2026-02-17T04:22:12.2992354Z   Downloading aiosignal-1.4.0-py3-none-any.whl.metadata (3.7 kB)
2026-02-17T04:22:12.3212016Z Collecting attrs>=17.3.0 (from aiohttp->scratchattach>=2.1.15b0->-r requirements.txt (line 1))
2026-02-17T04:22:12.3347112Z   Downloading attrs-25.4.0-py3-none-any.whl.metadata (10 kB)
2026-02-17T04:22:12.4024726Z Collecting frozenlist>=1.1.1 (from aiohttp->scratchattach>=2.1.15b0->-r requirements.txt (line 1))
2026-02-17T04:22:12.4160606Z   Downloading frozenlist-1.8.0-cp313-cp313-manylinux1_x86_64.manylinux_2_28_x86_64.manylinux_2_5_x86_64.whl.metadata (20 kB)
2026-02-17T04:22:12.6270357Z Collecting multidict<7.0,>=4.5 (from aiohttp->scratchattach>=2.1.15b0->-r requirements.txt (line 1))
2026-02-17T04:22:12.6402622Z   Downloading multidict-6.7.1-cp313-cp313-manylinux2014_x86_64.manylinux_2_17_x86_64.manylinux_2_28_x86_64.whl.metadata (5.3 kB)
2026-02-17T04:22:12.6919343Z Collecting propcache>=0.2.0 (from aiohttp->scratchattach>=2.1.15b0->-r requirements.txt (line 1))
2026-02-17T04:22:12.7017450Z   Downloading propcache-0.4.1-cp313-cp313-manylinux2014_x86_64.manylinux_2_17_x86_64.manylinux_2_28_x86_64.whl.metadata (13 kB)
2026-02-17T04:22:12.9190716Z Collecting yarl<2.0,>=1.17.0 (from aiohttp->scratchattach>=2.1.15b0->-r requirements.txt (line 1))
2026-02-17T04:22:12.9303603Z   Downloading yarl-1.22.0-cp313-cp313-manylinux2014_x86_64.manylinux_2_17_x86_64.manylinux_2_28_x86_64.whl.metadata (75 kB)
2026-02-17T04:22:12.9662759Z Collecting idna>=2.0 (from yarl<2.0,>=1.17.0->aiohttp->scratchattach>=2.1.15b0->-r requirements.txt (line 1))
2026-02-17T04:22:12.9766655Z   Downloading idna-3.11-py3-none-any.whl.metadata (8.4 kB)
2026-02-17T04:22:13.0398382Z Collecting lz4 (from browser_cookie3->scratchattach>=2.1.15b0->-r requirements.txt (line 1))
2026-02-17T04:22:13.0509719Z   Downloading lz4-4.4.5-cp313-cp313-manylinux2014_x86_64.manylinux_2_17_x86_64.manylinux_2_28_x86_64.whl.metadata (3.8 kB)
2026-02-17T04:22:13.1222448Z Collecting pycryptodomex (from browser_cookie3->scratchattach>=2.1.15b0->-r requirements.txt (line 1))
2026-02-17T04:22:13.1337874Z   Downloading pycryptodomex-3.23.0-cp37-abi3-manylinux_2_17_x86_64.manylinux2014_x86_64.whl.metadata (3.4 kB)
2026-02-17T04:22:13.1831191Z Collecting jeepney (from browser_cookie3->scratchattach>=2.1.15b0->-r requirements.txt (line 1))
2026-02-17T04:22:13.1944180Z   Downloading jeepney-0.9.0-py3-none-any.whl.metadata (1.2 kB)
2026-02-17T04:22:13.2168341Z Collecting beautifulsoup4 (from bs4->scratchattach>=2.1.15b0->-r requirements.txt (line 1))
2026-02-17T04:22:13.2267980Z   Downloading beautifulsoup4-4.14.3-py3-none-any.whl.metadata (3.8 kB)
2026-02-17T04:22:13.2485053Z Collecting soupsieve>=1.6.1 (from beautifulsoup4->bs4->scratchattach>=2.1.15b0->-r requirements.txt (line 1))
2026-02-17T04:22:13.2593008Z   Downloading soupsieve-2.8.3-py3-none-any.whl.metadata (4.6 kB)
2026-02-17T04:22:13.3327330Z Collecting charset_normalizer<4,>=2 (from requests->scratchattach>=2.1.15b0->-r requirements.txt (line 1))
2026-02-17T04:22:13.3432007Z   Downloading charset_normalizer-3.4.4-cp313-cp313-manylinux2014_x86_64.manylinux_2_17_x86_64.manylinux_2_28_x86_64.whl.metadata (37 kB)
2026-02-17T04:22:13.3761124Z Collecting urllib3<3,>=1.21.1 (from requests->scratchattach>=2.1.15b0->-r requirements.txt (line 1))
2026-02-17T04:22:13.3861019Z   Downloading urllib3-2.6.3-py3-none-any.whl.metadata (6.9 kB)
2026-02-17T04:22:13.4104909Z Collecting certifi>=2017.4.17 (from requests->scratchattach>=2.1.15b0->-r requirements.txt (line 1))
2026-02-17T04:22:13.4214575Z   Downloading certifi-2026.1.4-py3-none-any.whl.metadata (2.5 kB)
2026-02-17T04:22:13.4426688Z Collecting markdown-it-py>=2.2.0 (from rich->scratchattach>=2.1.15b0->-r requirements.txt (line 1))
2026-02-17T04:22:13.4536225Z   Downloading markdown_it_py-4.0.0-py3-none-any.whl.metadata (7.3 kB)
2026-02-17T04:22:13.4770087Z Collecting pygments<3.0.0,>=2.13.0 (from rich->scratchattach>=2.1.15b0->-r requirements.txt (line 1))
2026-02-17T04:22:13.4873010Z   Downloading pygments-2.19.2-py3-none-any.whl.metadata (2.5 kB)
2026-02-17T04:22:13.5035791Z Collecting mdurl~=0.1 (from markdown-it-py>=2.2.0->rich->scratchattach>=2.1.15b0->-r requirements.txt (line 1))
2026-02-17T04:22:13.5137225Z   Downloading mdurl-0.1.2-py3-none-any.whl.metadata (1.6 kB)
2026-02-17T04:22:13.5318704Z Downloading scratchattach-3.0.0b2-py3-none-any.whl (171 kB)
2026-02-17T04:22:13.5528235Z Downloading aiohttp-3.13.3-cp313-cp313-manylinux2014_x86_64.manylinux_2_17_x86_64.manylinux_2_28_x86_64.whl (1.7 MB)
2026-02-17T04:22:13.5778942Z    ━━━━━━━━━━━━━━━━━━━━━━━━━━━━━━━━━━━━━━━━ 1.7/1.7 MB 72.4 MB/s  0:00:00
2026-02-17T04:22:13.5880833Z Downloading multidict-6.7.1-cp313-cp313-manylinux2014_x86_64.manylinux_2_17_x86_64.manylinux_2_28_x86_64.whl (254 kB)
2026-02-17T04:22:13.6015060Z Downloading yarl-1.22.0-cp313-cp313-manylinux2014_x86_64.manylinux_2_17_x86_64.manylinux_2_28_x86_64.whl (377 kB)
2026-02-17T04:22:13.6165190Z Downloading aiohappyeyeballs-2.6.1-py3-none-any.whl (15 kB)
2026-02-17T04:22:13.6298519Z Downloading aiosignal-1.4.0-py3-none-any.whl (7.5 kB)
2026-02-17T04:22:13.6416175Z Downloading attrs-25.4.0-py3-none-any.whl (67 kB)
2026-02-17T04:22:13.6548354Z Downloading frozenlist-1.8.0-cp313-cp313-manylinux1_x86_64.manylinux_2_28_x86_64.manylinux_2_5_x86_64.whl (234 kB)
2026-02-17T04:22:13.6676789Z Downloading idna-3.11-py3-none-any.whl (71 kB)
2026-02-17T04:22:13.6801564Z Downloading propcache-0.4.1-cp313-cp313-manylinux2014_x86_64.manylinux_2_17_x86_64.manylinux_2_28_x86_64.whl (204 kB)
2026-02-17T04:22:13.7013045Z Downloading browser_cookie3-0.20.1-py3-none-any.whl (17 kB)
2026-02-17T04:22:13.7136242Z Downloading bs4-0.0.2-py2.py3-none-any.whl (1.2 kB)
2026-02-17T04:22:13.7263021Z Downloading beautifulsoup4-4.14.3-py3-none-any.whl (107 kB)
2026-02-17T04:22:13.7389753Z Downloading soupsieve-2.8.3-py3-none-any.whl (37 kB)
2026-02-17T04:22:13.7511080Z Downloading typing_extensions-4.15.0-py3-none-any.whl (44 kB)
2026-02-17T04:22:13.7632134Z Downloading jeepney-0.9.0-py3-none-any.whl (49 kB)
2026-02-17T04:22:13.7781434Z Downloading lz4-4.4.5-cp313-cp313-manylinux2014_x86_64.manylinux_2_17_x86_64.manylinux_2_28_x86_64.whl (1.4 MB)
2026-02-17T04:22:13.7869174Z    ━━━━━━━━━━━━━━━━━━━━━━━━━━━━━━━━━━━━━━━━ 1.4/1.4 MB 169.5 MB/s  0:00:00
2026-02-17T04:22:13.8008930Z Downloading pycryptodomex-3.23.0-cp37-abi3-manylinux_2_17_x86_64.manylinux2014_x86_64.whl (2.3 MB)
2026-02-17T04:22:13.8135414Z    ━━━━━━━━━━━━━━━━━━━━━━━━━━━━━━━━━━━━━━━━ 2.3/2.3 MB 190.8 MB/s  0:00:00
2026-02-17T04:22:13.8239441Z Downloading requests-2.32.5-py3-none-any.whl (64 kB)
2026-02-17T04:22:14.2548971Z Downloading charset_normalizer-3.4.4-cp313-cp313-manylinux2014_x86_64.manylinux_2_17_x86_64.manylinux_2_28_x86_64.whl (153 kB)
2026-02-17T04:22:15.0579577Z Downloading urllib3-2.6.3-py3-none-any.whl (131 kB)
2026-02-17T04:22:16.0061321Z Downloading certifi-2026.1.4-py3-none-any.whl (152 kB)
2026-02-17T04:22:16.6564281Z Downloading rich-14.3.2-py3-none-any.whl (309 kB)
2026-02-17T04:22:16.6694661Z Downloading pygments-2.19.2-py3-none-any.whl (1.2 MB)
2026-02-17T04:22:16.6760394Z    ━━━━━━━━━━━━━━━━━━━━━━━━━━━━━━━━━━━━━━━━ 1.2/1.2 MB 214.4 MB/s  0:00:00
2026-02-17T04:22:16.6863228Z Downloading markdown_it_py-4.0.0-py3-none-any.whl (87 kB)
2026-02-17T04:22:16.6991226Z Downloading mdurl-0.1.2-py3-none-any.whl (10.0 kB)
2026-02-17T04:22:16.7155448Z Downloading websocket_client-1.9.0-py3-none-any.whl (82 kB)
2026-02-17T04:22:16.7483597Z Building wheels for collected packages: SimpleWebSocketServer
2026-02-17T04:22:16.7489724Z   Building wheel for SimpleWebSocketServer (pyproject.toml): started
2026-02-17T04:22:16.9451668Z   Building wheel for SimpleWebSocketServer (pyproject.toml): finished with status 'done'
2026-02-17T04:22:16.9458374Z   Created wheel for SimpleWebSocketServer: filename=simplewebsocketserver-0.1.2-py3-none-any.whl size=9715 sha256=e200712ec1115a83b60f525856c7f339d4fbf7e3d863f31d521c318bebefd56d
2026-02-17T04:22:16.9460476Z   Stored in directory: /home/runner/.cache/pip/wheels/c4/5b/e8/4f2c15a82edc4923058056f6681373168be02a0c00389a6dcf
2026-02-17T04:22:16.9477071Z Successfully built SimpleWebSocketServer
2026-02-17T04:22:16.9889050Z Installing collected packages: SimpleWebSocketServer, websocket-client, urllib3, typing-extensions, soupsieve, pygments, pycryptodomex, propcache, multidict, mdurl, lz4, jeepney, idna, frozenlist, charset_normalizer, certifi, attrs, aiohappyeyeballs, yarl, requests, markdown-it-py, browser_cookie3, beautifulsoup4, aiosignal, rich, bs4, aiohttp, scratchattach
2026-02-17T04:22:19.0784564Z 
2026-02-17T04:22:19.0816039Z Successfully installed SimpleWebSocketServer-0.1.2 aiohappyeyeballs-2.6.1 aiohttp-3.13.3 aiosignal-1.4.0 attrs-25.4.0 beautifulsoup4-4.14.3 browser_cookie3-0.20.1 bs4-0.0.2 certifi-2026.1.4 charset_normalizer-3.4.4 frozenlist-1.8.0 idna-3.11 jeepney-0.9.0 lz4-4.4.5 markdown-it-py-4.0.0 mdurl-0.1.2 multidict-6.7.1 propcache-0.4.1 pycryptodomex-3.23.0 pygments-2.19.2 requests-2.32.5 rich-14.3.2 scratchattach-3.0.0b2 soupsieve-2.8.3 typing-extensions-4.15.0 urllib3-2.6.3 websocket-client-1.9.0 yarl-1.22.0
2026-02-17T04:22:19.4442381Z ##[group]Run actions/checkout@v6.0.2
2026-02-17T04:22:19.4442619Z with:
2026-02-17T04:22:19.4442791Z   ref: main
2026-02-17T04:22:19.4442977Z   repository: Boss-1s/scratchattach
2026-02-17T04:22:19.4443344Z   token: ***
2026-02-17T04:22:19.4443527Z   ssh-strict: true
2026-02-17T04:22:19.4443704Z   ssh-user: git
2026-02-17T04:22:19.4443885Z   persist-credentials: true
2026-02-17T04:22:19.4444100Z   clean: true
2026-02-17T04:22:19.4444290Z   sparse-checkout-cone-mode: true
2026-02-17T04:22:19.4444514Z   fetch-depth: 1
2026-02-17T04:22:19.4444692Z   fetch-tags: false
2026-02-17T04:22:19.4444871Z   show-progress: true
2026-02-17T04:22:19.4445056Z   lfs: false
2026-02-17T04:22:19.4445221Z   submodules: false
2026-02-17T04:22:19.4445397Z   set-safe-directory: true
2026-02-17T04:22:19.4445592Z env:
2026-02-17T04:22:19.4445807Z   pythonLocation: /opt/hostedtoolcache/Python/3.13.12/x64
2026-02-17T04:22:19.4446200Z   PKG_CONFIG_PATH: /opt/hostedtoolcache/Python/3.13.12/x64/lib/pkgconfig
2026-02-17T04:22:19.4446625Z   Python_ROOT_DIR: /opt/hostedtoolcache/Python/3.13.12/x64
2026-02-17T04:22:19.4446951Z   Python2_ROOT_DIR: /opt/hostedtoolcache/Python/3.13.12/x64
2026-02-17T04:22:19.4447284Z   Python3_ROOT_DIR: /opt/hostedtoolcache/Python/3.13.12/x64
2026-02-17T04:22:19.4447620Z   LD_LIBRARY_PATH: /opt/hostedtoolcache/Python/3.13.12/x64/lib
2026-02-17T04:22:19.4447898Z ##[endgroup]
2026-02-17T04:22:19.5174806Z Syncing repository: Boss-1s/scratchattach
2026-02-17T04:22:19.5175649Z ##[group]Getting Git version info
2026-02-17T04:22:19.5176489Z Working directory is '/home/runner/work/scratchattach/scratchattach'
2026-02-17T04:22:19.5208882Z [command]/usr/bin/git version
2026-02-17T04:22:19.5240707Z git version 2.52.0
2026-02-17T04:22:19.5260940Z ##[endgroup]
2026-02-17T04:22:19.5272712Z Temporarily overriding HOME='/home/runner/work/_temp/718fdaea-20c3-4e31-a3c3-e6de19560993' before making global git config changes
2026-02-17T04:22:19.5273497Z Adding repository directory to the temporary git global config as a safe directory
2026-02-17T04:22:19.5277414Z [command]/usr/bin/git config --global --add safe.directory /home/runner/work/scratchattach/scratchattach
2026-02-17T04:22:19.5309614Z [command]/usr/bin/git config --local --get remote.origin.url
2026-02-17T04:22:19.5327529Z https://github.com/Boss-1s/scratchattach
2026-02-17T04:22:19.5338020Z ##[group]Removing previously created refs, to avoid conflicts
2026-02-17T04:22:19.5342366Z [command]/usr/bin/git rev-parse --symbolic-full-name --verify --quiet HEAD
2026-02-17T04:22:19.5359086Z refs/heads/main
2026-02-17T04:22:19.5366546Z [command]/usr/bin/git checkout --detach
2026-02-17T04:22:20.3135487Z HEAD is now at f3d432a [BOT] Download Logs
2026-02-17T04:22:20.3181754Z [command]/usr/bin/git branch --delete --force main
2026-02-17T04:22:20.3204246Z Deleted branch main (was f3d432a).
2026-02-17T04:22:20.3237166Z ##[endgroup]
2026-02-17T04:22:20.3241441Z [command]/usr/bin/git submodule status
2026-02-17T04:22:20.3424215Z ##[group]Cleaning the repository
2026-02-17T04:22:20.3430041Z [command]/usr/bin/git clean -ffdx
2026-02-17T04:22:20.3475930Z [command]/usr/bin/git reset --hard HEAD
2026-02-17T04:22:20.3564873Z HEAD is now at f3d432a [BOT] Download Logs
2026-02-17T04:22:20.3568572Z ##[endgroup]
2026-02-17T04:22:20.3571756Z ##[group]Disabling automatic garbage collection
2026-02-17T04:22:20.3576795Z [command]/usr/bin/git config --local gc.auto 0
2026-02-17T04:22:20.3599851Z ##[endgroup]
2026-02-17T04:22:20.3600364Z ##[group]Setting up auth
2026-02-17T04:22:20.3601908Z Removing SSH command configuration
2026-02-17T04:22:20.3607612Z [command]/usr/bin/git config --local --name-only --get-regexp core\.sshCommand
2026-02-17T04:22:20.3634349Z [command]/usr/bin/git submodule foreach --recursive sh -c "git config --local --name-only --get-regexp 'core\.sshCommand' && git config --local --unset-all 'core.sshCommand' || :"
2026-02-17T04:22:20.3816681Z Removing HTTP extra header
2026-02-17T04:22:20.3822097Z [command]/usr/bin/git config --local --name-only --get-regexp http\.https\:\/\/github\.com\/\.extraheader
2026-02-17T04:22:20.3847759Z [command]/usr/bin/git submodule foreach --recursive sh -c "git config --local --name-only --get-regexp 'http\.https\:\/\/github\.com\/\.extraheader' && git config --local --unset-all 'http.https://github.com/.extraheader' || :"
2026-02-17T04:22:20.4028158Z Removing includeIf entries pointing to credentials config files
2026-02-17T04:22:20.4034419Z [command]/usr/bin/git config --local --name-only --get-regexp ^includeIf\.gitdir:
2026-02-17T04:22:20.4062251Z includeif.gitdir:/home/runner/work/scratchattach/scratchattach/.git.path
2026-02-17T04:22:20.4063144Z includeif.gitdir:/home/runner/work/scratchattach/scratchattach/.git/worktrees/*.path
2026-02-17T04:22:20.4063656Z includeif.gitdir:/github/workspace/.git.path
2026-02-17T04:22:20.4064062Z includeif.gitdir:/github/workspace/.git/worktrees/*.path
2026-02-17T04:22:20.4071229Z [command]/usr/bin/git config --local --get-all includeif.gitdir:/home/runner/work/scratchattach/scratchattach/.git.path
2026-02-17T04:22:20.4089430Z /home/runner/work/_temp/git-credentials-bc6dd77e-a483-4429-8b9d-89ebf4d5e808.config
2026-02-17T04:22:20.4098367Z [command]/usr/bin/git config --local --unset includeif.gitdir:/home/runner/work/scratchattach/scratchattach/.git.path /home/runner/work/_temp/git-credentials-bc6dd77e-a483-4429-8b9d-89ebf4d5e808.config
2026-02-17T04:22:20.4123381Z [command]/usr/bin/git config --local --get-all includeif.gitdir:/home/runner/work/scratchattach/scratchattach/.git/worktrees/*.path
2026-02-17T04:22:20.4141963Z /home/runner/work/_temp/git-credentials-bc6dd77e-a483-4429-8b9d-89ebf4d5e808.config
2026-02-17T04:22:20.4148545Z [command]/usr/bin/git config --local --unset includeif.gitdir:/home/runner/work/scratchattach/scratchattach/.git/worktrees/*.path /home/runner/work/_temp/git-credentials-bc6dd77e-a483-4429-8b9d-89ebf4d5e808.config
2026-02-17T04:22:20.4174889Z [command]/usr/bin/git config --local --get-all includeif.gitdir:/github/workspace/.git.path
2026-02-17T04:22:20.4192684Z /github/runner_temp/git-credentials-bc6dd77e-a483-4429-8b9d-89ebf4d5e808.config
2026-02-17T04:22:20.4199385Z [command]/usr/bin/git config --local --unset includeif.gitdir:/github/workspace/.git.path /github/runner_temp/git-credentials-bc6dd77e-a483-4429-8b9d-89ebf4d5e808.config
2026-02-17T04:22:20.4225697Z [command]/usr/bin/git config --local --get-all includeif.gitdir:/github/workspace/.git/worktrees/*.path
2026-02-17T04:22:20.4242733Z /github/runner_temp/git-credentials-bc6dd77e-a483-4429-8b9d-89ebf4d5e808.config
2026-02-17T04:22:20.4251385Z [command]/usr/bin/git config --local --unset includeif.gitdir:/github/workspace/.git/worktrees/*.path /github/runner_temp/git-credentials-bc6dd77e-a483-4429-8b9d-89ebf4d5e808.config
2026-02-17T04:22:20.4279734Z [command]/usr/bin/git submodule foreach --recursive git config --local --show-origin --name-only --get-regexp remote.origin.url
2026-02-17T04:22:20.4455005Z Removing credentials config '/home/runner/work/_temp/git-credentials-bc6dd77e-a483-4429-8b9d-89ebf4d5e808.config'
2026-02-17T04:22:20.4467208Z [command]/usr/bin/git config --file /home/runner/work/_temp/git-credentials-330efec9-2bff-4489-88b1-39327fd261c8.config http.https://github.com/.extraheader AUTHORIZATION: basic ***
2026-02-17T04:22:20.4498389Z [command]/usr/bin/git config --local includeIf.gitdir:/home/runner/work/scratchattach/scratchattach/.git.path /home/runner/work/_temp/git-credentials-330efec9-2bff-4489-88b1-39327fd261c8.config
2026-02-17T04:22:20.4523408Z [command]/usr/bin/git config --local includeIf.gitdir:/home/runner/work/scratchattach/scratchattach/.git/worktrees/*.path /home/runner/work/_temp/git-credentials-330efec9-2bff-4489-88b1-39327fd261c8.config
2026-02-17T04:22:20.4548161Z [command]/usr/bin/git config --local includeIf.gitdir:/github/workspace/.git.path /github/runner_temp/git-credentials-330efec9-2bff-4489-88b1-39327fd261c8.config
2026-02-17T04:22:20.4573090Z [command]/usr/bin/git config --local includeIf.gitdir:/github/workspace/.git/worktrees/*.path /github/runner_temp/git-credentials-330efec9-2bff-4489-88b1-39327fd261c8.config
2026-02-17T04:22:20.4593404Z ##[endgroup]
2026-02-17T04:22:20.4593910Z ##[group]Fetching the repository
2026-02-17T04:22:20.4603636Z [command]/usr/bin/git -c protocol.version=2 fetch --no-tags --prune --no-recurse-submodules --depth=1 origin +refs/heads/main*:refs/remotes/origin/main* +refs/tags/main*:refs/tags/main*
2026-02-17T04:22:20.9027890Z ##[endgroup]
2026-02-17T04:22:20.9028456Z ##[group]Determining the checkout info
2026-02-17T04:22:20.9035215Z [command]/usr/bin/git branch --list --remote origin/main
2026-02-17T04:22:20.9056776Z   origin/main
2026-02-17T04:22:20.9060397Z ##[endgroup]
2026-02-17T04:22:20.9064938Z [command]/usr/bin/git sparse-checkout disable
2026-02-17T04:22:20.9124592Z [command]/usr/bin/git config --local --unset-all extensions.worktreeConfig
2026-02-17T04:22:20.9174488Z ##[group]Checking out the ref
2026-02-17T04:22:20.9179484Z [command]/usr/bin/git checkout --progress --force -B main refs/remotes/origin/main
2026-02-17T04:22:20.9249623Z Switched to a new branch 'main'
2026-02-17T04:22:20.9252661Z branch 'main' set up to track 'origin/main'.
2026-02-17T04:22:20.9254755Z ##[endgroup]
2026-02-17T04:22:20.9285347Z [command]/usr/bin/git log -1 --format=%H
2026-02-17T04:22:20.9305031Z f3d432a3a3216fe96c4704c8054ea13d8f6c2bd7
2026-02-17T04:22:20.9390921Z ##[group]Run python3 aesthetic_prioritizing.py
2026-02-17T04:22:20.9391253Z [36;1mpython3 aesthetic_prioritizing.py[0m
2026-02-17T04:22:20.9421513Z shell: /usr/bin/bash -e {0}
2026-02-17T04:22:20.9421742Z env:
2026-02-17T04:22:20.9421996Z   pythonLocation: /opt/hostedtoolcache/Python/3.13.12/x64
2026-02-17T04:22:20.9422398Z   PKG_CONFIG_PATH: /opt/hostedtoolcache/Python/3.13.12/x64/lib/pkgconfig
2026-02-17T04:22:20.9422776Z   Python_ROOT_DIR: /opt/hostedtoolcache/Python/3.13.12/x64
2026-02-17T04:22:20.9423121Z   Python2_ROOT_DIR: /opt/hostedtoolcache/Python/3.13.12/x64
2026-02-17T04:22:20.9423470Z   Python3_ROOT_DIR: /opt/hostedtoolcache/Python/3.13.12/x64
2026-02-17T04:22:20.9423802Z   LD_LIBRARY_PATH: /opt/hostedtoolcache/Python/3.13.12/x64/lib
2026-02-17T04:22:20.9424202Z   PASS: ***
2026-02-17T04:22:20.9424370Z ##[endgroup]
2026-02-17T04:22:22.0673882Z Prioritizing: Attempt 1
2026-02-17T04:22:22.0680083Z Projects already on top. No prioritizing needed.
2026-02-17T04:22:22.0685345Z Prioritized projects in your favorite list.
2026-02-17T04:22:22.1250984Z Post job cleanup.
2026-02-17T04:22:22.1983412Z [command]/usr/bin/git version
2026-02-17T04:22:22.2015354Z git version 2.52.0
2026-02-17T04:22:22.2050325Z Temporarily overriding HOME='/home/runner/work/_temp/c9f1975c-acde-4318-b0c6-9e7b8f78f62d' before making global git config changes
2026-02-17T04:22:22.2051545Z Adding repository directory to the temporary git global config as a safe directory
2026-02-17T04:22:22.2055957Z [command]/usr/bin/git config --global --add safe.directory /home/runner/work/scratchattach/scratchattach
2026-02-17T04:22:22.2081331Z Removing SSH command configuration
2026-02-17T04:22:22.2087072Z [command]/usr/bin/git config --local --name-only --get-regexp core\.sshCommand
2026-02-17T04:22:22.2115000Z [command]/usr/bin/git submodule foreach --recursive sh -c "git config --local --name-only --get-regexp 'core\.sshCommand' && git config --local --unset-all 'core.sshCommand' || :"
2026-02-17T04:22:22.2293567Z Removing HTTP extra header
2026-02-17T04:22:22.2298199Z [command]/usr/bin/git config --local --name-only --get-regexp http\.https\:\/\/github\.com\/\.extraheader
2026-02-17T04:22:22.2324724Z [command]/usr/bin/git submodule foreach --recursive sh -c "git config --local --name-only --get-regexp 'http\.https\:\/\/github\.com\/\.extraheader' && git config --local --unset-all 'http.https://github.com/.extraheader' || :"
2026-02-17T04:22:22.2494343Z Removing includeIf entries pointing to credentials config files
2026-02-17T04:22:22.2500315Z [command]/usr/bin/git config --local --name-only --get-regexp ^includeIf\.gitdir:
2026-02-17T04:22:22.2517864Z includeif.gitdir:/home/runner/work/scratchattach/scratchattach/.git.path
2026-02-17T04:22:22.2518644Z includeif.gitdir:/home/runner/work/scratchattach/scratchattach/.git/worktrees/*.path
2026-02-17T04:22:22.2519560Z includeif.gitdir:/github/workspace/.git.path
2026-02-17T04:22:22.2520067Z includeif.gitdir:/github/workspace/.git/worktrees/*.path
2026-02-17T04:22:22.2526662Z [command]/usr/bin/git config --local --get-all includeif.gitdir:/home/runner/work/scratchattach/scratchattach/.git.path
2026-02-17T04:22:22.2543962Z /home/runner/work/_temp/git-credentials-330efec9-2bff-4489-88b1-39327fd261c8.config
2026-02-17T04:22:22.2551837Z [command]/usr/bin/git config --local --unset includeif.gitdir:/home/runner/work/scratchattach/scratchattach/.git.path /home/runner/work/_temp/git-credentials-330efec9-2bff-4489-88b1-39327fd261c8.config
2026-02-17T04:22:22.2579877Z [command]/usr/bin/git config --local --get-all includeif.gitdir:/home/runner/work/scratchattach/scratchattach/.git/worktrees/*.path
2026-02-17T04:22:22.2598934Z /home/runner/work/_temp/git-credentials-330efec9-2bff-4489-88b1-39327fd261c8.config
2026-02-17T04:22:22.2607021Z [command]/usr/bin/git config --local --unset includeif.gitdir:/home/runner/work/scratchattach/scratchattach/.git/worktrees/*.path /home/runner/work/_temp/git-credentials-330efec9-2bff-4489-88b1-39327fd261c8.config
2026-02-17T04:22:22.2632122Z [command]/usr/bin/git config --local --get-all includeif.gitdir:/github/workspace/.git.path
2026-02-17T04:22:22.2648484Z /github/runner_temp/git-credentials-330efec9-2bff-4489-88b1-39327fd261c8.config
2026-02-17T04:22:22.2654660Z [command]/usr/bin/git config --local --unset includeif.gitdir:/github/workspace/.git.path /github/runner_temp/git-credentials-330efec9-2bff-4489-88b1-39327fd261c8.config
2026-02-17T04:22:22.2678056Z [command]/usr/bin/git config --local --get-all includeif.gitdir:/github/workspace/.git/worktrees/*.path
2026-02-17T04:22:22.2693865Z /github/runner_temp/git-credentials-330efec9-2bff-4489-88b1-39327fd261c8.config
2026-02-17T04:22:22.2701139Z [command]/usr/bin/git config --local --unset includeif.gitdir:/github/workspace/.git/worktrees/*.path /github/runner_temp/git-credentials-330efec9-2bff-4489-88b1-39327fd261c8.config
2026-02-17T04:22:22.2725054Z [command]/usr/bin/git submodule foreach --recursive git config --local --show-origin --name-only --get-regexp remote.origin.url
2026-02-17T04:22:22.2891186Z Removing credentials config '/home/runner/work/_temp/git-credentials-330efec9-2bff-4489-88b1-39327fd261c8.config'
2026-02-17T04:22:22.3064269Z Post job cleanup.
2026-02-17T04:22:22.4186217Z Post job cleanup.
2026-02-17T04:22:22.4914841Z [command]/usr/bin/git version
2026-02-17T04:22:22.4949396Z git version 2.52.0
2026-02-17T04:22:22.4984087Z Temporarily overriding HOME='/home/runner/work/_temp/97c29121-d76c-4095-9603-c67c3407d11c' before making global git config changes
2026-02-17T04:22:22.4986200Z Adding repository directory to the temporary git global config as a safe directory
2026-02-17T04:22:22.4989441Z [command]/usr/bin/git config --global --add safe.directory /home/runner/work/scratchattach/scratchattach
2026-02-17T04:22:22.5015455Z Removing SSH command configuration
2026-02-17T04:22:22.5021569Z [command]/usr/bin/git config --local --name-only --get-regexp core\.sshCommand
2026-02-17T04:22:22.5050777Z [command]/usr/bin/git submodule foreach --recursive sh -c "git config --local --name-only --get-regexp 'core\.sshCommand' && git config --local --unset-all 'core.sshCommand' || :"
2026-02-17T04:22:22.5244043Z Removing HTTP extra header
2026-02-17T04:22:22.5246737Z [command]/usr/bin/git config --local --name-only --get-regexp http\.https\:\/\/github\.com\/\.extraheader
2026-02-17T04:22:22.5273097Z [command]/usr/bin/git submodule foreach --recursive sh -c "git config --local --name-only --get-regexp 'http\.https\:\/\/github\.com\/\.extraheader' && git config --local --unset-all 'http.https://github.com/.extraheader' || :"
2026-02-17T04:22:22.5453255Z Removing includeIf entries pointing to credentials config files
2026-02-17T04:22:22.5459196Z [command]/usr/bin/git config --local --name-only --get-regexp ^includeIf\.gitdir:
2026-02-17T04:22:22.5484993Z [command]/usr/bin/git submodule foreach --recursive git config --local --show-origin --name-only --get-regexp remote.origin.url
2026-02-17T04:22:22.5773235Z Cleaning up orphan processes
