2026-01-29T03:03:15.0410790Z Current runner version: '2.331.0'
2026-01-29T03:03:15.0435891Z ##[group]Runner Image Provisioner
2026-01-29T03:03:15.0436693Z Hosted Compute Agent
2026-01-29T03:03:15.0437175Z Version: 20260115.477
2026-01-29T03:03:15.0437718Z Commit: 4b342d620503cbe250a3154040964899ea7c9b00
2026-01-29T03:03:15.0438348Z Build Date: 2026-01-15T22:32:41Z
2026-01-29T03:03:15.0438972Z Worker ID: {372aa3f3-a9be-48a1-9379-182c2e0962f0}
2026-01-29T03:03:15.0439606Z Azure Region: northcentralus
2026-01-29T03:03:15.0440114Z ##[endgroup]
2026-01-29T03:03:15.0441813Z ##[group]Operating System
2026-01-29T03:03:15.0442318Z Ubuntu
2026-01-29T03:03:15.0442814Z 24.04.3
2026-01-29T03:03:15.0443207Z LTS
2026-01-29T03:03:15.0443616Z ##[endgroup]
2026-01-29T03:03:15.0444018Z ##[group]Runner Image
2026-01-29T03:03:15.0444536Z Image: ubuntu-24.04
2026-01-29T03:03:15.0444987Z Version: 20260119.4.1
2026-01-29T03:03:15.0446435Z Included Software: https://github.com/actions/runner-images/blob/ubuntu24/20260119.4/images/ubuntu/Ubuntu2404-Readme.md
2026-01-29T03:03:15.0447737Z Image Release: https://github.com/actions/runner-images/releases/tag/ubuntu24%2F20260119.4
2026-01-29T03:03:15.0448519Z ##[endgroup]
2026-01-29T03:03:15.0449407Z ##[group]GITHUB_TOKEN Permissions
2026-01-29T03:03:15.0451754Z Contents: read
2026-01-29T03:03:15.0452318Z Metadata: read
2026-01-29T03:03:15.0452774Z ##[endgroup]
2026-01-29T03:03:15.0454722Z Secret source: Actions
2026-01-29T03:03:15.0455689Z Prepare workflow directory
2026-01-29T03:03:15.0834745Z Prepare all required actions
2026-01-29T03:03:15.0892481Z Getting action download info
2026-01-29T03:03:15.3809363Z Download action repository 'actions/checkout@v6.0.1' (SHA:8e8c483db84b4bee98b60c0593521ed34d9990e8)
2026-01-29T03:03:15.4462503Z Download action repository 'actions/setup-python@v6.1.0' (SHA:83679a892e2d95755f2dac6acb0bfd1e9ac5d548)
2026-01-29T03:03:15.6282940Z Complete job name: build (3.12, ubuntu-latest)
2026-01-29T03:03:15.6874488Z ##[group]Run actions/checkout@v6.0.1
2026-01-29T03:03:15.6875272Z with:
2026-01-29T03:03:15.6875723Z   repository: Boss-1s/scratchattach
2026-01-29T03:03:15.6876559Z   token: ***
2026-01-29T03:03:15.6876979Z   ssh-strict: true
2026-01-29T03:03:15.6877374Z   ssh-user: git
2026-01-29T03:03:15.6877871Z   persist-credentials: true
2026-01-29T03:03:15.6878332Z   clean: true
2026-01-29T03:03:15.6878732Z   sparse-checkout-cone-mode: true
2026-01-29T03:03:15.6879252Z   fetch-depth: 1
2026-01-29T03:03:15.6879637Z   fetch-tags: false
2026-01-29T03:03:15.6880083Z   show-progress: true
2026-01-29T03:03:15.6880508Z   lfs: false
2026-01-29T03:03:15.6881057Z   submodules: false
2026-01-29T03:03:15.6881469Z   set-safe-directory: true
2026-01-29T03:03:15.6882244Z ##[endgroup]
2026-01-29T03:03:15.7767476Z Syncing repository: Boss-1s/scratchattach
2026-01-29T03:03:15.7769169Z ##[group]Getting Git version info
2026-01-29T03:03:15.7770104Z Working directory is '/home/runner/work/scratchattach/scratchattach'
2026-01-29T03:03:15.7771516Z [command]/usr/bin/git version
2026-01-29T03:03:15.7816178Z git version 2.52.0
2026-01-29T03:03:15.7834257Z ##[endgroup]
2026-01-29T03:03:15.7847820Z Temporarily overriding HOME='/home/runner/work/_temp/812db3ed-33c1-4861-a87c-c87455ab436c' before making global git config changes
2026-01-29T03:03:15.7849173Z Adding repository directory to the temporary git global config as a safe directory
2026-01-29T03:03:15.7852961Z [command]/usr/bin/git config --global --add safe.directory /home/runner/work/scratchattach/scratchattach
2026-01-29T03:03:15.7886257Z Deleting the contents of '/home/runner/work/scratchattach/scratchattach'
2026-01-29T03:03:15.7889079Z ##[group]Initializing the repository
2026-01-29T03:03:15.7893483Z [command]/usr/bin/git init /home/runner/work/scratchattach/scratchattach
2026-01-29T03:03:15.7983515Z hint: Using 'master' as the name for the initial branch. This default branch name
2026-01-29T03:03:15.7985181Z hint: will change to "main" in Git 3.0. To configure the initial branch name
2026-01-29T03:03:15.7986593Z hint: to use in all of your new repositories, which will suppress this warning,
2026-01-29T03:03:15.7987997Z hint: call:
2026-01-29T03:03:15.7988425Z hint:
2026-01-29T03:03:15.7988948Z hint: 	git config --global init.defaultBranch <name>
2026-01-29T03:03:15.7989547Z hint:
2026-01-29T03:03:15.7990129Z hint: Names commonly chosen instead of 'master' are 'main', 'trunk' and
2026-01-29T03:03:15.7991403Z hint: 'development'. The just-created branch can be renamed via this command:
2026-01-29T03:03:15.7992112Z hint:
2026-01-29T03:03:15.7992534Z hint: 	git branch -m <name>
2026-01-29T03:03:15.7992967Z hint:
2026-01-29T03:03:15.7993582Z hint: Disable this message with "git config set advice.defaultBranchName false"
2026-01-29T03:03:15.7995194Z Initialized empty Git repository in /home/runner/work/scratchattach/scratchattach/.git/
2026-01-29T03:03:15.7996929Z [command]/usr/bin/git remote add origin https://github.com/Boss-1s/scratchattach
2026-01-29T03:03:15.8022578Z ##[endgroup]
2026-01-29T03:03:15.8023415Z ##[group]Disabling automatic garbage collection
2026-01-29T03:03:15.8025796Z [command]/usr/bin/git config --local gc.auto 0
2026-01-29T03:03:15.8047948Z ##[endgroup]
2026-01-29T03:03:15.8048900Z ##[group]Setting up auth
2026-01-29T03:03:15.8049429Z Removing SSH command configuration
2026-01-29T03:03:15.8054962Z [command]/usr/bin/git config --local --name-only --get-regexp core\.sshCommand
2026-01-29T03:03:15.8081027Z [command]/usr/bin/git submodule foreach --recursive sh -c "git config --local --name-only --get-regexp 'core\.sshCommand' && git config --local --unset-all 'core.sshCommand' || :"
2026-01-29T03:03:15.8336964Z Removing HTTP extra header
2026-01-29T03:03:15.8342618Z [command]/usr/bin/git config --local --name-only --get-regexp http\.https\:\/\/github\.com\/\.extraheader
2026-01-29T03:03:15.8368245Z [command]/usr/bin/git submodule foreach --recursive sh -c "git config --local --name-only --get-regexp 'http\.https\:\/\/github\.com\/\.extraheader' && git config --local --unset-all 'http.https://github.com/.extraheader' || :"
2026-01-29T03:03:15.8538060Z Removing includeIf entries pointing to credentials config files
2026-01-29T03:03:15.8543970Z [command]/usr/bin/git config --local --name-only --get-regexp ^includeIf\.gitdir:
2026-01-29T03:03:15.8570617Z [command]/usr/bin/git submodule foreach --recursive git config --local --show-origin --name-only --get-regexp remote.origin.url
2026-01-29T03:03:15.8746790Z [command]/usr/bin/git config --file /home/runner/work/_temp/git-credentials-7cc061de-4bda-4bef-9389-b4251d5faba1.config http.https://github.com/.extraheader AUTHORIZATION: basic ***
2026-01-29T03:03:15.8778745Z [command]/usr/bin/git config --local includeIf.gitdir:/home/runner/work/scratchattach/scratchattach/.git.path /home/runner/work/_temp/git-credentials-7cc061de-4bda-4bef-9389-b4251d5faba1.config
2026-01-29T03:03:15.8806193Z [command]/usr/bin/git config --local includeIf.gitdir:/home/runner/work/scratchattach/scratchattach/.git/worktrees/*.path /home/runner/work/_temp/git-credentials-7cc061de-4bda-4bef-9389-b4251d5faba1.config
2026-01-29T03:03:15.8830199Z [command]/usr/bin/git config --local includeIf.gitdir:/github/workspace/.git.path /github/runner_temp/git-credentials-7cc061de-4bda-4bef-9389-b4251d5faba1.config
2026-01-29T03:03:15.8855844Z [command]/usr/bin/git config --local includeIf.gitdir:/github/workspace/.git/worktrees/*.path /github/runner_temp/git-credentials-7cc061de-4bda-4bef-9389-b4251d5faba1.config
2026-01-29T03:03:15.8877046Z ##[endgroup]
2026-01-29T03:03:15.8878278Z ##[group]Fetching the repository
2026-01-29T03:03:15.8887713Z [command]/usr/bin/git -c protocol.version=2 fetch --no-tags --prune --no-recurse-submodules --depth=1 origin +dd327f91896e9b744ffde363c8b215e905c2438b:refs/remotes/origin/scratch_chat_dev
2026-01-29T03:03:35.0563492Z From https://github.com/Boss-1s/scratchattach
2026-01-29T03:03:35.0564522Z  * [new ref]         dd327f91896e9b744ffde363c8b215e905c2438b -> origin/scratch_chat_dev
2026-01-29T03:03:35.0587551Z ##[endgroup]
2026-01-29T03:03:35.0588379Z ##[group]Determining the checkout info
2026-01-29T03:03:35.0589713Z ##[endgroup]
2026-01-29T03:03:35.0595886Z [command]/usr/bin/git sparse-checkout disable
2026-01-29T03:03:35.0630472Z [command]/usr/bin/git config --local --unset-all extensions.worktreeConfig
2026-01-29T03:03:35.0654243Z ##[group]Checking out the ref
2026-01-29T03:03:35.0658154Z [command]/usr/bin/git checkout --progress --force -B scratch_chat_dev refs/remotes/origin/scratch_chat_dev
2026-01-29T03:03:36.2426217Z Updating files:  85% (2619/3055)
2026-01-29T03:03:36.5475339Z Updating files:  86% (2628/3055)
2026-01-29T03:03:36.7861522Z Updating files:  87% (2658/3055)
2026-01-29T03:03:36.7895820Z Updating files:  88% (2689/3055)
2026-01-29T03:03:36.7933247Z Updating files:  89% (2719/3055)
2026-01-29T03:03:37.0146827Z Updating files:  90% (2750/3055)
2026-01-29T03:03:37.0791492Z Updating files:  91% (2781/3055)
2026-01-29T03:03:37.0801971Z Updating files:  91% (2807/3055)
2026-01-29T03:03:37.6470063Z Updating files:  92% (2811/3055)
2026-01-29T03:03:37.9058913Z Updating files:  93% (2842/3055)
2026-01-29T03:03:38.0864443Z Updating files:  94% (2872/3055)
2026-01-29T03:03:38.1634915Z Updating files:  94% (2885/3055)
2026-01-29T03:03:38.5025824Z Updating files:  95% (2903/3055)
2026-01-29T03:03:38.6769808Z Updating files:  96% (2933/3055)
2026-01-29T03:03:39.0135891Z Updating files:  97% (2964/3055)
2026-01-29T03:03:39.0943751Z Updating files:  98% (2994/3055)
2026-01-29T03:03:39.6891951Z Updating files:  98% (2998/3055)
2026-01-29T03:03:40.0134366Z Updating files:  99% (3025/3055)
2026-01-29T03:03:40.0134922Z Updating files: 100% (3055/3055)
2026-01-29T03:03:40.0135261Z Updating files: 100% (3055/3055), done.
2026-01-29T03:03:40.0167227Z Switched to a new branch 'scratch_chat_dev'
2026-01-29T03:03:40.0168019Z branch 'scratch_chat_dev' set up to track 'origin/scratch_chat_dev'.
2026-01-29T03:03:40.0235741Z ##[endgroup]
2026-01-29T03:03:40.0276008Z [command]/usr/bin/git log -1 --format=%H
2026-01-29T03:03:40.0301363Z dd327f91896e9b744ffde363c8b215e905c2438b
2026-01-29T03:03:40.0517182Z ##[group]Run actions/setup-python@v6.1.0
2026-01-29T03:03:40.0517479Z with:
2026-01-29T03:03:40.0517663Z   python-version: 3.12
2026-01-29T03:03:40.0517866Z   check-latest: false
2026-01-29T03:03:40.0518199Z   token: ***
2026-01-29T03:03:40.0518389Z   update-environment: true
2026-01-29T03:03:40.0518602Z   allow-prereleases: false
2026-01-29T03:03:40.0518816Z   freethreaded: false
2026-01-29T03:03:40.0519004Z ##[endgroup]
2026-01-29T03:03:40.1769138Z ##[group]Installed versions
2026-01-29T03:03:40.1848487Z (node:2274) [DEP0040] DeprecationWarning: The `punycode` module is deprecated. Please use a userland alternative instead.
2026-01-29T03:03:40.1849585Z (Use `node --trace-deprecation ...` to show where the warning was created)
2026-01-29T03:03:40.1850178Z Successfully set up CPython (3.12.12)
2026-01-29T03:03:40.1850975Z ##[endgroup]
2026-01-29T03:03:40.1957583Z ##[group]Run cd test
2026-01-29T03:03:40.1957913Z [36;1mcd test[0m
2026-01-29T03:03:40.1958125Z [36;1mpython3 o_test1.py[0m
2026-01-29T03:03:40.1994854Z shell: /usr/bin/bash -e {0}
2026-01-29T03:03:40.1995137Z env:
2026-01-29T03:03:40.1995386Z   pythonLocation: /opt/hostedtoolcache/Python/3.12.12/x64
2026-01-29T03:03:40.1995788Z   PKG_CONFIG_PATH: /opt/hostedtoolcache/Python/3.12.12/x64/lib/pkgconfig
2026-01-29T03:03:40.1996173Z   Python_ROOT_DIR: /opt/hostedtoolcache/Python/3.12.12/x64
2026-01-29T03:03:40.1996509Z   Python2_ROOT_DIR: /opt/hostedtoolcache/Python/3.12.12/x64
2026-01-29T03:03:40.1996847Z   Python3_ROOT_DIR: /opt/hostedtoolcache/Python/3.12.12/x64
2026-01-29T03:03:40.1997193Z   LD_LIBRARY_PATH: /opt/hostedtoolcache/Python/3.12.12/x64/lib
2026-01-29T03:03:40.1997478Z ##[endgroup]
2026-01-29T03:03:42.2861248Z [key_multivalue_storage.py]  Delete.all: INFO: Deleted all data from otest.json sucessfully.
2026-01-29T03:03:42.2862122Z Sucessfully deleted all data from otest.json.
2026-01-29T03:03:42.2862515Z Begin test
2026-01-29T03:03:42.2863021Z --------------------
2026-01-29T03:03:42.2863425Z Part 1: Storing, Editing, and Deleting via JSON
2026-01-29T03:03:42.2863824Z --------------------
2026-01-29T03:03:42.2864832Z [key_multivalue_storage.py]  __setattr__: INFO: Attempting to set 'instance_id' to 'dc591fa1-62ac-4f31-9f04-130a307a083e'
2026-01-29T03:03:42.2865854Z [key_multivalue_storage.py]  __setattr__: INFO: Attempting to set 'key' to 'test_top_level_key'
2026-01-29T03:03:42.2866865Z [key_multivalue_storage.py]  __setattr__: INFO: Attempting to set 'values' to '{'sk1': 'val1', 'sk2': 'skibidi toilet'}'
2026-01-29T03:03:42.2867961Z [key_multivalue_storage.py]  store: INFO: Data for key 'test_top_level_key' stored successfully in 'otest.json'.
2026-01-29T03:03:42.2868979Z Sucessfully added values ['val1', 'skibidi toilet'] to subkeys ['sk1', 'sk2'], respectively.
2026-01-29T03:03:42.2869780Z [key_multivalue_storage.py]  Load.values: DEBUG: file_path=otest.json
2026-01-29T03:03:42.2870257Z [key_multivalue_storage.py]  Load.values: DEBUG: key=test_top_level_key
2026-01-29T03:03:42.2870651Z [key_multivalue_storage.py]  Load.values: DEBUG: keys=True
2026-01-29T03:03:42.2871217Z [key_multivalue_storage.py]  Load.values: DEBUG: raw=False
2026-01-29T03:03:42.2871824Z [key_multivalue_storage.py]  Load.values: DEBUG: loaded_data={'test_top_level_key': {'sk1': 23724622312, 'sk2': 240225226233226243226241234224226223242234}}
2026-01-29T03:03:42.2872484Z [key_multivalue_storage.py]  Load.values: DEBUG: key in loaded_data? True
2026-01-29T03:03:42.2873131Z [key_multivalue_storage.py]  Load.values: DEBUG: dict_to_load={'test_top_level_key': {'sk1': 23724622312, 'sk2': 240225226233226243226241234224226223242234}}
2026-01-29T03:03:42.2873947Z [key_multivalue_storage.py]  _from_dict: DEBUG: data_dict={'test_top_level_key': {'sk1': 23724622312, 'sk2': 240225226233226243226241234224226223242234}}
2026-01-29T03:03:42.2874546Z [key_multivalue_storage.py]  _from_dict: DEBUG: data_dict=False
2026-01-29T03:03:42.2874909Z [key_multivalue_storage.py]  _decode: DEBUG: totalchars 2
2026-01-29T03:03:42.2875261Z [key_multivalue_storage.py]  _decode: DEBUG: currentchar=37
2026-01-29T03:03:42.2875605Z [key_multivalue_storage.py]  _decode: DEBUG: totalchars 2
2026-01-29T03:03:42.2875943Z [key_multivalue_storage.py]  _decode: DEBUG: currentchar=46
2026-01-29T03:03:42.2876283Z [key_multivalue_storage.py]  _decode: DEBUG: totalchars 2
2026-01-29T03:03:42.2876609Z [key_multivalue_storage.py]  _decode: DEBUG: currentchar=23
2026-01-29T03:03:42.2876943Z [key_multivalue_storage.py]  _decode: DEBUG: totalchars 1
2026-01-29T03:03:42.2877270Z [key_multivalue_storage.py]  _decode: DEBUG: currentchar=2
2026-01-29T03:03:42.2877601Z [key_multivalue_storage.py]  _decode: DEBUG: totalchars 2
2026-01-29T03:03:42.2877957Z [key_multivalue_storage.py]  _decode: DEBUG: currentchar=40
2026-01-29T03:03:42.2878282Z [key_multivalue_storage.py]  _decode: DEBUG: totalchars 2
2026-01-29T03:03:42.2878804Z [key_multivalue_storage.py]  _decode: DEBUG: currentchar=25
2026-01-29T03:03:42.2879134Z [key_multivalue_storage.py]  _decode: DEBUG: totalchars 2
2026-01-29T03:03:42.2879470Z [key_multivalue_storage.py]  _decode: DEBUG: currentchar=26
2026-01-29T03:03:42.2879801Z [key_multivalue_storage.py]  _decode: DEBUG: totalchars 2
2026-01-29T03:03:42.2880135Z [key_multivalue_storage.py]  _decode: DEBUG: currentchar=33
2026-01-29T03:03:42.2880539Z [key_multivalue_storage.py]  _decode: DEBUG: totalchars 2
2026-01-29T03:03:42.2881182Z [key_multivalue_storage.py]  _decode: DEBUG: currentchar=26
2026-01-29T03:03:42.2881686Z [key_multivalue_storage.py]  _decode: DEBUG: totalchars 2
2026-01-29T03:03:42.2882035Z [key_multivalue_storage.py]  _decode: DEBUG: currentchar=43
2026-01-29T03:03:42.2882575Z [key_multivalue_storage.py]  _decode: DEBUG: totalchars 2
2026-01-29T03:03:42.2883113Z [key_multivalue_storage.py]  _decode: DEBUG: currentchar=26
2026-01-29T03:03:42.2883579Z [key_multivalue_storage.py]  _decode: DEBUG: totalchars 2
2026-01-29T03:03:42.2883920Z [key_multivalue_storage.py]  _decode: DEBUG: currentchar=41
2026-01-29T03:03:42.2884251Z [key_multivalue_storage.py]  _decode: DEBUG: totalchars 2
2026-01-29T03:03:42.2884586Z [key_multivalue_storage.py]  _decode: DEBUG: currentchar=34
2026-01-29T03:03:42.2885027Z [key_multivalue_storage.py]  _decode: DEBUG: totalchars 2
2026-01-29T03:03:42.2885363Z [key_multivalue_storage.py]  _decode: DEBUG: currentchar=24
2026-01-29T03:03:42.2885692Z [key_multivalue_storage.py]  _decode: DEBUG: totalchars 2
2026-01-29T03:03:42.2886035Z [key_multivalue_storage.py]  _decode: DEBUG: currentchar=26
2026-01-29T03:03:42.2886367Z [key_multivalue_storage.py]  _decode: DEBUG: totalchars 2
2026-01-29T03:03:42.2886695Z [key_multivalue_storage.py]  _decode: DEBUG: currentchar=23
2026-01-29T03:03:42.2887063Z [key_multivalue_storage.py]  _decode: DEBUG: totalchars 2
2026-01-29T03:03:42.2887607Z [key_multivalue_storage.py]  _decode: DEBUG: currentchar=42
2026-01-29T03:03:42.2887962Z [key_multivalue_storage.py]  _decode: DEBUG: totalchars 2
2026-01-29T03:03:42.2888286Z [key_multivalue_storage.py]  _decode: DEBUG: currentchar=34
2026-01-29T03:03:42.2888964Z [key_multivalue_storage.py]  __setattr__: INFO: Attempting to set 'instance_id' to 'afc78b3b-3ab4-4df9-8359-1e7e40f54f75'
2026-01-29T03:03:42.2889782Z [key_multivalue_storage.py]  __setattr__: INFO: Attempting to set 'key' to 'test_top_level_key'
2026-01-29T03:03:42.2890523Z [key_multivalue_storage.py]  __setattr__: INFO: Attempting to set 'values' to '{'sk1': 'val1', 'sk2': 'skibidi toilet'}'
2026-01-29T03:03:42.2891349Z [key_multivalue_storage.py]  Load.values: DEBUG: items.append(f'sk1: val1')
2026-01-29T03:03:42.2891821Z [key_multivalue_storage.py]  Load.values: DEBUG: items.append(f'sk2: skibidi toilet')
2026-01-29T03:03:42.2892297Z [key_multivalue_storage.py]  Load.values: DEBUG: file_path=otest.json
2026-01-29T03:03:42.2892717Z [key_multivalue_storage.py]  Load.values: DEBUG: key=test_top_level_key
2026-01-29T03:03:42.2893109Z [key_multivalue_storage.py]  Load.values: DEBUG: keys=False
2026-01-29T03:03:42.2893472Z [key_multivalue_storage.py]  Load.values: DEBUG: raw=False
2026-01-29T03:03:42.2894078Z [key_multivalue_storage.py]  Load.values: DEBUG: loaded_data={'test_top_level_key': {'sk1': 23724622312, 'sk2': 240225226233226243226241234224226223242234}}
2026-01-29T03:03:42.2894787Z [key_multivalue_storage.py]  Load.values: DEBUG: key in loaded_data? True
2026-01-29T03:03:42.2895412Z [key_multivalue_storage.py]  Load.values: DEBUG: dict_to_load={'test_top_level_key': {'sk1': 23724622312, 'sk2': 240225226233226243226241234224226223242234}}
2026-01-29T03:03:42.2896210Z [key_multivalue_storage.py]  _from_dict: DEBUG: data_dict={'test_top_level_key': {'sk1': 23724622312, 'sk2': 240225226233226243226241234224226223242234}}
2026-01-29T03:03:42.2896802Z [key_multivalue_storage.py]  _from_dict: DEBUG: data_dict=False
2026-01-29T03:03:42.2897163Z [key_multivalue_storage.py]  _decode: DEBUG: totalchars 2
2026-01-29T03:03:42.2897494Z [key_multivalue_storage.py]  _decode: DEBUG: currentchar=37
2026-01-29T03:03:42.2897987Z [key_multivalue_storage.py]  _decode: DEBUG: totalchars 2
2026-01-29T03:03:42.2898510Z [key_multivalue_storage.py]  _decode: DEBUG: currentchar=46
2026-01-29T03:03:42.2898902Z [key_multivalue_storage.py]  _decode: DEBUG: totalchars 2
2026-01-29T03:03:42.2899236Z [key_multivalue_storage.py]  _decode: DEBUG: currentchar=23
2026-01-29T03:03:42.2899572Z [key_multivalue_storage.py]  _decode: DEBUG: totalchars 1
2026-01-29T03:03:42.2899901Z [key_multivalue_storage.py]  _decode: DEBUG: currentchar=2
2026-01-29T03:03:42.2900248Z [key_multivalue_storage.py]  _decode: DEBUG: totalchars 2
2026-01-29T03:03:42.2900577Z [key_multivalue_storage.py]  _decode: DEBUG: currentchar=40
2026-01-29T03:03:42.2901101Z [key_multivalue_storage.py]  _decode: DEBUG: totalchars 2
2026-01-29T03:03:42.2901453Z [key_multivalue_storage.py]  _decode: DEBUG: currentchar=25
2026-01-29T03:03:42.2901787Z [key_multivalue_storage.py]  _decode: DEBUG: totalchars 2
2026-01-29T03:03:42.2902134Z [key_multivalue_storage.py]  _decode: DEBUG: currentchar=26
2026-01-29T03:03:42.2902469Z [key_multivalue_storage.py]  _decode: DEBUG: totalchars 2
2026-01-29T03:03:42.2902812Z [key_multivalue_storage.py]  _decode: DEBUG: currentchar=33
2026-01-29T03:03:42.2903233Z [key_multivalue_storage.py]  _decode: DEBUG: totalchars 2
2026-01-29T03:03:42.2903572Z [key_multivalue_storage.py]  _decode: DEBUG: currentchar=26
2026-01-29T03:03:42.2903902Z [key_multivalue_storage.py]  _decode: DEBUG: totalchars 2
2026-01-29T03:03:42.2904230Z [key_multivalue_storage.py]  _decode: DEBUG: currentchar=43
2026-01-29T03:03:42.2904573Z [key_multivalue_storage.py]  _decode: DEBUG: totalchars 2
2026-01-29T03:03:42.2904899Z [key_multivalue_storage.py]  _decode: DEBUG: currentchar=26
2026-01-29T03:03:42.2905235Z [key_multivalue_storage.py]  _decode: DEBUG: totalchars 2
2026-01-29T03:03:42.2905561Z [key_multivalue_storage.py]  _decode: DEBUG: currentchar=41
2026-01-29T03:03:42.2905900Z [key_multivalue_storage.py]  _decode: DEBUG: totalchars 2
2026-01-29T03:03:42.2906232Z [key_multivalue_storage.py]  _decode: DEBUG: currentchar=34
2026-01-29T03:03:42.2906564Z [key_multivalue_storage.py]  _decode: DEBUG: totalchars 2
2026-01-29T03:03:42.2906899Z [key_multivalue_storage.py]  _decode: DEBUG: currentchar=24
2026-01-29T03:03:42.2907229Z [key_multivalue_storage.py]  _decode: DEBUG: totalchars 2
2026-01-29T03:03:42.2907570Z [key_multivalue_storage.py]  _decode: DEBUG: currentchar=26
2026-01-29T03:03:42.2907900Z [key_multivalue_storage.py]  _decode: DEBUG: totalchars 2
2026-01-29T03:03:42.2908230Z [key_multivalue_storage.py]  _decode: DEBUG: currentchar=23
2026-01-29T03:03:42.2908561Z [key_multivalue_storage.py]  _decode: DEBUG: totalchars 2
2026-01-29T03:03:42.2908889Z [key_multivalue_storage.py]  _decode: DEBUG: currentchar=42
2026-01-29T03:03:42.2909220Z [key_multivalue_storage.py]  _decode: DEBUG: totalchars 2
2026-01-29T03:03:42.2909547Z [key_multivalue_storage.py]  _decode: DEBUG: currentchar=34
2026-01-29T03:03:42.2910067Z [key_multivalue_storage.py]  __setattr__: INFO: Attempting to set 'instance_id' to '9c0649fd-6682-4e03-97ae-e5d736ac25be'
2026-01-29T03:03:42.2910664Z [key_multivalue_storage.py]  __setattr__: INFO: Attempting to set 'key' to 'test_top_level_key'
2026-01-29T03:03:42.2911394Z [key_multivalue_storage.py]  __setattr__: INFO: Attempting to set 'values' to '{'sk1': 'val1', 'sk2': 'skibidi toilet'}'
2026-01-29T03:03:42.2911934Z [key_multivalue_storage.py]  Load.values: DEBUG: items.append(val1)
2026-01-29T03:03:42.2912356Z [key_multivalue_storage.py]  Load.values: DEBUG: items.append(skibidi toilet)
2026-01-29T03:03:42.2912921Z [key_multivalue_storage.py]  __setattr__: INFO: Attempting to set 'instance_id' to '130f4f31-7468-43fd-95f4-e8f8841ff051'
2026-01-29T03:03:42.2913524Z [key_multivalue_storage.py]  __setattr__: INFO: Attempting to set 'key' to 'test_top_level_key2'
2026-01-29T03:03:42.2914139Z [key_multivalue_storage.py]  __setattr__: INFO: Attempting to set 'values' to '{'sk1': 'val1', 'sk2': 'the fate of sigma'}'
2026-01-29T03:03:42.2914889Z [key_multivalue_storage.py]  store: INFO: Data for key 'test_top_level_key2' stored successfully in 'otest.json'.
2026-01-29T03:03:42.2915473Z Sucessfully added values ['val1', 'the fate of sigma'] to subkeys ['sk1', 'sk2'], respectively.
2026-01-29T03:03:42.2915953Z [key_multivalue_storage.py]  Load.values: DEBUG: file_path=otest.json
2026-01-29T03:03:42.2916362Z [key_multivalue_storage.py]  Load.values: DEBUG: key=test_top_level_key2
2026-01-29T03:03:42.2916758Z [key_multivalue_storage.py]  Load.values: DEBUG: keys=True
2026-01-29T03:03:42.2917106Z [key_multivalue_storage.py]  Load.values: DEBUG: raw=False
2026-01-29T03:03:42.2917974Z [key_multivalue_storage.py]  Load.values: DEBUG: loaded_data={'test_top_level_key': {'sk1': 23724622312, 'sk2': 240225226233226243226241234224226223242234}, 'test_top_level_key2': {'sk1': 23724622312, 'sk2': 234232242241235246234242241224235241240226238227246}}
2026-01-29T03:03:42.2918941Z [key_multivalue_storage.py]  Load.values: DEBUG: key in loaded_data? True
2026-01-29T03:03:42.2919593Z [key_multivalue_storage.py]  Load.values: DEBUG: dict_to_load={'test_top_level_key2': {'sk1': 23724622312, 'sk2': 234232242241235246234242241224235241240226238227246}}
2026-01-29T03:03:42.2920462Z [key_multivalue_storage.py]  _from_dict: DEBUG: data_dict={'test_top_level_key2': {'sk1': 23724622312, 'sk2': 234232242241235246234242241224235241240226238227246}}
2026-01-29T03:03:42.2921230Z [key_multivalue_storage.py]  _from_dict: DEBUG: data_dict=False
2026-01-29T03:03:42.2921582Z [key_multivalue_storage.py]  _decode: DEBUG: totalchars 2
2026-01-29T03:03:42.2921924Z [key_multivalue_storage.py]  _decode: DEBUG: currentchar=37
2026-01-29T03:03:42.2922263Z [key_multivalue_storage.py]  _decode: DEBUG: totalchars 2
2026-01-29T03:03:42.2922603Z [key_multivalue_storage.py]  _decode: DEBUG: currentchar=46
2026-01-29T03:03:42.2922950Z [key_multivalue_storage.py]  _decode: DEBUG: totalchars 2
2026-01-29T03:03:42.2923292Z [key_multivalue_storage.py]  _decode: DEBUG: currentchar=23
2026-01-29T03:03:42.2923646Z [key_multivalue_storage.py]  _decode: DEBUG: totalchars 1
2026-01-29T03:03:42.2923981Z [key_multivalue_storage.py]  _decode: DEBUG: currentchar=2
2026-01-29T03:03:42.2924321Z [key_multivalue_storage.py]  _decode: DEBUG: totalchars 2
2026-01-29T03:03:42.2924650Z [key_multivalue_storage.py]  _decode: DEBUG: currentchar=34
2026-01-29T03:03:42.2924990Z [key_multivalue_storage.py]  _decode: DEBUG: totalchars 2
2026-01-29T03:03:42.2925320Z [key_multivalue_storage.py]  _decode: DEBUG: currentchar=32
2026-01-29T03:03:42.2925649Z [key_multivalue_storage.py]  _decode: DEBUG: totalchars 2
2026-01-29T03:03:42.2925987Z [key_multivalue_storage.py]  _decode: DEBUG: currentchar=42
2026-01-29T03:03:42.2926316Z [key_multivalue_storage.py]  _decode: DEBUG: totalchars 2
2026-01-29T03:03:42.2926651Z [key_multivalue_storage.py]  _decode: DEBUG: currentchar=41
2026-01-29T03:03:42.2926979Z [key_multivalue_storage.py]  _decode: DEBUG: totalchars 2
2026-01-29T03:03:42.2927313Z [key_multivalue_storage.py]  _decode: DEBUG: currentchar=35
2026-01-29T03:03:42.2927653Z [key_multivalue_storage.py]  _decode: DEBUG: totalchars 2
2026-01-29T03:03:42.2927974Z [key_multivalue_storage.py]  _decode: DEBUG: currentchar=46
2026-01-29T03:03:42.2928312Z [key_multivalue_storage.py]  _decode: DEBUG: totalchars 2
2026-01-29T03:03:42.2928644Z [key_multivalue_storage.py]  _decode: DEBUG: currentchar=34
2026-01-29T03:03:42.2928976Z [key_multivalue_storage.py]  _decode: DEBUG: totalchars 2
2026-01-29T03:03:42.2929300Z [key_multivalue_storage.py]  _decode: DEBUG: currentchar=42
2026-01-29T03:03:42.2929633Z [key_multivalue_storage.py]  _decode: DEBUG: totalchars 2
2026-01-29T03:03:42.2929970Z [key_multivalue_storage.py]  _decode: DEBUG: currentchar=41
2026-01-29T03:03:42.2930297Z [key_multivalue_storage.py]  _decode: DEBUG: totalchars 2
2026-01-29T03:03:42.2930630Z [key_multivalue_storage.py]  _decode: DEBUG: currentchar=24
2026-01-29T03:03:42.2931022Z [key_multivalue_storage.py]  _decode: DEBUG: totalchars 2
2026-01-29T03:03:42.2931456Z [key_multivalue_storage.py]  _decode: DEBUG: currentchar=35
2026-01-29T03:03:42.2931788Z [key_multivalue_storage.py]  _decode: DEBUG: totalchars 2
2026-01-29T03:03:42.2932126Z [key_multivalue_storage.py]  _decode: DEBUG: currentchar=41
2026-01-29T03:03:42.2932458Z [key_multivalue_storage.py]  _decode: DEBUG: totalchars 2
2026-01-29T03:03:42.2932804Z [key_multivalue_storage.py]  _decode: DEBUG: currentchar=40
2026-01-29T03:03:42.2933142Z [key_multivalue_storage.py]  _decode: DEBUG: totalchars 2
2026-01-29T03:03:42.2933466Z [key_multivalue_storage.py]  _decode: DEBUG: currentchar=26
2026-01-29T03:03:42.2933801Z [key_multivalue_storage.py]  _decode: DEBUG: totalchars 2
2026-01-29T03:03:42.2934126Z [key_multivalue_storage.py]  _decode: DEBUG: currentchar=38
2026-01-29T03:03:42.2934468Z [key_multivalue_storage.py]  _decode: DEBUG: totalchars 2
2026-01-29T03:03:42.2934797Z [key_multivalue_storage.py]  _decode: DEBUG: currentchar=27
2026-01-29T03:03:42.2935137Z [key_multivalue_storage.py]  _decode: DEBUG: totalchars 2
2026-01-29T03:03:42.2935480Z [key_multivalue_storage.py]  _decode: DEBUG: currentchar=46
2026-01-29T03:03:42.2935988Z [key_multivalue_storage.py]  __setattr__: INFO: Attempting to set 'instance_id' to 'e741891d-f2fe-4270-8a8a-f9fb2b6ce3b5'
2026-01-29T03:03:42.2936705Z [key_multivalue_storage.py]  __setattr__: INFO: Attempting to set 'key' to 'test_top_level_key2'
2026-01-29T03:03:42.2937311Z [key_multivalue_storage.py]  __setattr__: INFO: Attempting to set 'values' to '{'sk1': 'val1', 'sk2': 'the fate of sigma'}'
2026-01-29T03:03:42.2937884Z [key_multivalue_storage.py]  Load.values: DEBUG: items.append(f'sk1: val1')
2026-01-29T03:03:42.2938363Z [key_multivalue_storage.py]  Load.values: DEBUG: items.append(f'sk2: the fate of sigma')
2026-01-29T03:03:42.2938821Z [key_multivalue_storage.py]  Load.values: DEBUG: file_path=otest.json
2026-01-29T03:03:42.2939238Z [key_multivalue_storage.py]  Load.values: DEBUG: key=test_top_level_key2
2026-01-29T03:03:42.2939625Z [key_multivalue_storage.py]  Load.values: DEBUG: keys=False
2026-01-29T03:03:42.2939975Z [key_multivalue_storage.py]  Load.values: DEBUG: raw=False
2026-01-29T03:03:42.2940974Z [key_multivalue_storage.py]  Load.values: DEBUG: loaded_data={'test_top_level_key': {'sk1': 23724622312, 'sk2': 240225226233226243226241234224226223242234}, 'test_top_level_key2': {'sk1': 23724622312, 'sk2': 234232242241235246234242241224235241240226238227246}}
2026-01-29T03:03:42.2942038Z [key_multivalue_storage.py]  Load.values: DEBUG: key in loaded_data? True
2026-01-29T03:03:42.2942699Z [key_multivalue_storage.py]  Load.values: DEBUG: dict_to_load={'test_top_level_key2': {'sk1': 23724622312, 'sk2': 234232242241235246234242241224235241240226238227246}}
2026-01-29T03:03:42.2943566Z [key_multivalue_storage.py]  _from_dict: DEBUG: data_dict={'test_top_level_key2': {'sk1': 23724622312, 'sk2': 234232242241235246234242241224235241240226238227246}}
2026-01-29T03:03:42.2944189Z [key_multivalue_storage.py]  _from_dict: DEBUG: data_dict=False
2026-01-29T03:03:42.2944565Z [key_multivalue_storage.py]  _decode: DEBUG: totalchars 2
2026-01-29T03:03:42.2944909Z [key_multivalue_storage.py]  _decode: DEBUG: currentchar=37
2026-01-29T03:03:42.2945264Z [key_multivalue_storage.py]  _decode: DEBUG: totalchars 2
2026-01-29T03:03:42.2945599Z [key_multivalue_storage.py]  _decode: DEBUG: currentchar=46
2026-01-29T03:03:42.2945949Z [key_multivalue_storage.py]  _decode: DEBUG: totalchars 2
2026-01-29T03:03:42.2946283Z [key_multivalue_storage.py]  _decode: DEBUG: currentchar=23
2026-01-29T03:03:42.2946627Z [key_multivalue_storage.py]  _decode: DEBUG: totalchars 1
2026-01-29T03:03:42.2946964Z [key_multivalue_storage.py]  _decode: DEBUG: currentchar=2
2026-01-29T03:03:42.2947291Z [key_multivalue_storage.py]  _decode: DEBUG: totalchars 2
2026-01-29T03:03:42.2947622Z [key_multivalue_storage.py]  _decode: DEBUG: currentchar=34
2026-01-29T03:03:42.2947950Z [key_multivalue_storage.py]  _decode: DEBUG: totalchars 2
2026-01-29T03:03:42.2948286Z [key_multivalue_storage.py]  _decode: DEBUG: currentchar=32
2026-01-29T03:03:42.2948795Z [key_multivalue_storage.py]  _decode: DEBUG: totalchars 2
2026-01-29T03:03:42.2949142Z [key_multivalue_storage.py]  _decode: DEBUG: currentchar=42
2026-01-29T03:03:42.2949472Z [key_multivalue_storage.py]  _decode: DEBUG: totalchars 2
2026-01-29T03:03:42.2949808Z [key_multivalue_storage.py]  _decode: DEBUG: currentchar=41
2026-01-29T03:03:42.2950136Z [key_multivalue_storage.py]  _decode: DEBUG: totalchars 2
2026-01-29T03:03:42.2950476Z [key_multivalue_storage.py]  _decode: DEBUG: currentchar=35
2026-01-29T03:03:42.2950884Z [key_multivalue_storage.py]  _decode: DEBUG: totalchars 2
2026-01-29T03:03:42.2951219Z [key_multivalue_storage.py]  _decode: DEBUG: currentchar=46
2026-01-29T03:03:42.2951552Z [key_multivalue_storage.py]  _decode: DEBUG: totalchars 2
2026-01-29T03:03:42.2951877Z [key_multivalue_storage.py]  _decode: DEBUG: currentchar=34
2026-01-29T03:03:42.2952214Z [key_multivalue_storage.py]  _decode: DEBUG: totalchars 2
2026-01-29T03:03:42.2952541Z [key_multivalue_storage.py]  _decode: DEBUG: currentchar=42
2026-01-29T03:03:42.2952875Z [key_multivalue_storage.py]  _decode: DEBUG: totalchars 2
2026-01-29T03:03:42.2953205Z [key_multivalue_storage.py]  _decode: DEBUG: currentchar=41
2026-01-29T03:03:42.2953547Z [key_multivalue_storage.py]  _decode: DEBUG: totalchars 2
2026-01-29T03:03:42.2954033Z [key_multivalue_storage.py]  _decode: DEBUG: currentchar=24
2026-01-29T03:03:42.2954365Z [key_multivalue_storage.py]  _decode: DEBUG: totalchars 2
2026-01-29T03:03:42.2954705Z [key_multivalue_storage.py]  _decode: DEBUG: currentchar=35
2026-01-29T03:03:42.2955035Z [key_multivalue_storage.py]  _decode: DEBUG: totalchars 2
2026-01-29T03:03:42.2955376Z [key_multivalue_storage.py]  _decode: DEBUG: currentchar=41
2026-01-29T03:03:42.2955729Z [key_multivalue_storage.py]  _decode: DEBUG: totalchars 2
2026-01-29T03:03:42.2956439Z [key_multivalue_storage.py]  _decode: DEBUG: currentchar=40
2026-01-29T03:03:42.2956952Z [key_multivalue_storage.py]  _decode: DEBUG: totalchars 2
2026-01-29T03:03:42.2957428Z [key_multivalue_storage.py]  _decode: DEBUG: currentchar=26
2026-01-29T03:03:42.2957987Z [key_multivalue_storage.py]  _decode: DEBUG: totalchars 2
2026-01-29T03:03:42.2958364Z [key_multivalue_storage.py]  _decode: DEBUG: currentchar=38
2026-01-29T03:03:42.2958708Z [key_multivalue_storage.py]  _decode: DEBUG: totalchars 2
2026-01-29T03:03:42.2959044Z [key_multivalue_storage.py]  _decode: DEBUG: currentchar=27
2026-01-29T03:03:42.2959388Z [key_multivalue_storage.py]  _decode: DEBUG: totalchars 2
2026-01-29T03:03:42.2959729Z [key_multivalue_storage.py]  _decode: DEBUG: currentchar=46
2026-01-29T03:03:42.2960292Z [key_multivalue_storage.py]  __setattr__: INFO: Attempting to set 'instance_id' to '24c92321-2127-4008-8e0b-f3bdd38895d8'
2026-01-29T03:03:42.2961033Z [key_multivalue_storage.py]  __setattr__: INFO: Attempting to set 'key' to 'test_top_level_key2'
2026-01-29T03:03:42.2961644Z [key_multivalue_storage.py]  __setattr__: INFO: Attempting to set 'values' to '{'sk1': 'val1', 'sk2': 'the fate of sigma'}'
2026-01-29T03:03:42.2962219Z [key_multivalue_storage.py]  Load.values: DEBUG: items.append(val1)
2026-01-29T03:03:42.2962667Z [key_multivalue_storage.py]  Load.values: DEBUG: items.append(the fate of sigma)
2026-01-29T03:03:42.2963244Z [key_multivalue_storage.py]  __setattr__: INFO: Attempting to set 'instance_id' to '045b96f3-ff2b-41d6-91fe-e06ff8ff36a6'
2026-01-29T03:03:42.2964698Z /home/runner/work/scratchattach/scratchattach/key_multivalue_storage.py:671: AdditionFailureWarning: __add__: WARNING: AdditionFailureWarning: WARNING! You are strongly advised against adding a Storage instance and a dict/list together, as it may break the Storage instance that is created.
2026-01-29T03:03:42.2965953Z   warnings.warn(self.AdditionFailureWarning("WARNING! You are strongly advised against adding a Storage "+
2026-01-29T03:03:42.2967318Z /home/runner/work/scratchattach/scratchattach/key_multivalue_storage.py:677: AdditionFailureWarning: __add__: WARNING: AdditionFailureWarning: WARNING! You are strongly advised against adding a Storage instance and a dict/list together, as it may break the Storage instance that is created.
2026-01-29T03:03:42.2968563Z   warnings.warn(self.AdditionFailureWarning("WARNING! You are strongly advised against adding a Storage "+
2026-01-29T03:03:42.2969168Z [key_multivalue_storage.py]  __setattr__: INFO: Attempting to set 'key' to 'test_top_level_key2'
2026-01-29T03:03:42.2969786Z [key_multivalue_storage.py]  __setattr__: INFO: Attempting to set 'values' to '{'sk3': 'val3', 'sk4': 'the fate of shard'}'
2026-01-29T03:03:42.2970452Z [key_multivalue_storage.py]  store: INFO: Data for key 'test_top_level_key2' stored successfully in 'otest.json'.
2026-01-29T03:03:42.2971101Z Sucessfully added values ['val3', 'the fate of shard'] to subkeys ['sk3', 'sk4'], respectively.
2026-01-29T03:03:42.2971585Z [key_multivalue_storage.py]  Load.values: DEBUG: file_path=otest.json
2026-01-29T03:03:42.2972012Z [key_multivalue_storage.py]  Load.values: DEBUG: key=test_top_level_key2
2026-01-29T03:03:42.2972392Z [key_multivalue_storage.py]  Load.values: DEBUG: keys=True
2026-01-29T03:03:42.2972738Z [key_multivalue_storage.py]  Load.values: DEBUG: raw=False
2026-01-29T03:03:42.2973608Z [key_multivalue_storage.py]  Load.values: DEBUG: loaded_data={'test_top_level_key': {'sk1': 23724622312, 'sk2': 240225226233226243226241234224226223242234}, 'test_top_level_key2': {'sk3': 23724622314, 'sk4': 234232242241235246234242241224235241240232246239243}}
2026-01-29T03:03:42.2974591Z [key_multivalue_storage.py]  Load.values: DEBUG: key in loaded_data? True
2026-01-29T03:03:42.2975257Z [key_multivalue_storage.py]  Load.values: DEBUG: dict_to_load={'test_top_level_key2': {'sk3': 23724622314, 'sk4': 234232242241235246234242241224235241240232246239243}}
2026-01-29T03:03:42.2976115Z [key_multivalue_storage.py]  _from_dict: DEBUG: data_dict={'test_top_level_key2': {'sk3': 23724622314, 'sk4': 234232242241235246234242241224235241240232246239243}}
2026-01-29T03:03:42.2976736Z [key_multivalue_storage.py]  _from_dict: DEBUG: data_dict=False
2026-01-29T03:03:42.2977101Z [key_multivalue_storage.py]  _decode: DEBUG: totalchars 2
2026-01-29T03:03:42.2977461Z [key_multivalue_storage.py]  _decode: DEBUG: currentchar=37
2026-01-29T03:03:42.2977805Z [key_multivalue_storage.py]  _decode: DEBUG: totalchars 2
2026-01-29T03:03:42.2978154Z [key_multivalue_storage.py]  _decode: DEBUG: currentchar=46
2026-01-29T03:03:42.2978502Z [key_multivalue_storage.py]  _decode: DEBUG: totalchars 2
2026-01-29T03:03:42.2979282Z [key_multivalue_storage.py]  _decode: DEBUG: currentchar=23
2026-01-29T03:03:42.2979659Z [key_multivalue_storage.py]  _decode: DEBUG: totalchars 1
2026-01-29T03:03:42.2979991Z [key_multivalue_storage.py]  _decode: DEBUG: currentchar=4
2026-01-29T03:03:42.2980331Z [key_multivalue_storage.py]  _decode: DEBUG: totalchars 2
2026-01-29T03:03:42.2980686Z [key_multivalue_storage.py]  _decode: DEBUG: currentchar=34
2026-01-29T03:03:42.2981293Z [key_multivalue_storage.py]  _decode: DEBUG: totalchars 2
2026-01-29T03:03:42.2981639Z [key_multivalue_storage.py]  _decode: DEBUG: currentchar=32
2026-01-29T03:03:42.2981983Z [key_multivalue_storage.py]  _decode: DEBUG: totalchars 2
2026-01-29T03:03:42.2982337Z [key_multivalue_storage.py]  _decode: DEBUG: currentchar=42
2026-01-29T03:03:42.2982670Z [key_multivalue_storage.py]  _decode: DEBUG: totalchars 2
2026-01-29T03:03:42.2983025Z [key_multivalue_storage.py]  _decode: DEBUG: currentchar=41
2026-01-29T03:03:42.2983366Z [key_multivalue_storage.py]  _decode: DEBUG: totalchars 2
2026-01-29T03:03:42.2983729Z [key_multivalue_storage.py]  _decode: DEBUG: currentchar=35
2026-01-29T03:03:42.2984063Z [key_multivalue_storage.py]  _decode: DEBUG: totalchars 2
2026-01-29T03:03:42.2984393Z [key_multivalue_storage.py]  _decode: DEBUG: currentchar=46
2026-01-29T03:03:42.2984731Z [key_multivalue_storage.py]  _decode: DEBUG: totalchars 2
2026-01-29T03:03:42.2985067Z [key_multivalue_storage.py]  _decode: DEBUG: currentchar=34
2026-01-29T03:03:42.2985405Z [key_multivalue_storage.py]  _decode: DEBUG: totalchars 2
2026-01-29T03:03:42.2985743Z [key_multivalue_storage.py]  _decode: DEBUG: currentchar=42
2026-01-29T03:03:42.2986216Z [key_multivalue_storage.py]  _decode: DEBUG: totalchars 2
2026-01-29T03:03:42.2986554Z [key_multivalue_storage.py]  _decode: DEBUG: currentchar=41
2026-01-29T03:03:42.2986885Z [key_multivalue_storage.py]  _decode: DEBUG: totalchars 2
2026-01-29T03:03:42.2987235Z [key_multivalue_storage.py]  _decode: DEBUG: currentchar=24
2026-01-29T03:03:42.2987588Z [key_multivalue_storage.py]  _decode: DEBUG: totalchars 2
2026-01-29T03:03:42.2987940Z [key_multivalue_storage.py]  _decode: DEBUG: currentchar=35
2026-01-29T03:03:42.2988282Z [key_multivalue_storage.py]  _decode: DEBUG: totalchars 2
2026-01-29T03:03:42.2988613Z [key_multivalue_storage.py]  _decode: DEBUG: currentchar=41
2026-01-29T03:03:42.2988956Z [key_multivalue_storage.py]  _decode: DEBUG: totalchars 2
2026-01-29T03:03:42.2989288Z [key_multivalue_storage.py]  _decode: DEBUG: currentchar=40
2026-01-29T03:03:42.2989628Z [key_multivalue_storage.py]  _decode: DEBUG: totalchars 2
2026-01-29T03:03:42.2989961Z [key_multivalue_storage.py]  _decode: DEBUG: currentchar=32
2026-01-29T03:03:42.2990300Z [key_multivalue_storage.py]  _decode: DEBUG: totalchars 2
2026-01-29T03:03:42.2990768Z [key_multivalue_storage.py]  _decode: DEBUG: currentchar=46
2026-01-29T03:03:42.2991376Z [key_multivalue_storage.py]  _decode: DEBUG: totalchars 2
2026-01-29T03:03:42.2991708Z [key_multivalue_storage.py]  _decode: DEBUG: currentchar=39
2026-01-29T03:03:42.2992040Z [key_multivalue_storage.py]  _decode: DEBUG: totalchars 2
2026-01-29T03:03:42.2992382Z [key_multivalue_storage.py]  _decode: DEBUG: currentchar=43
2026-01-29T03:03:42.2992899Z [key_multivalue_storage.py]  __setattr__: INFO: Attempting to set 'instance_id' to 'cb2b6ba4-7174-4b70-86b9-21c0a52f67d6'
2026-01-29T03:03:42.2993515Z [key_multivalue_storage.py]  __setattr__: INFO: Attempting to set 'key' to 'test_top_level_key2'
2026-01-29T03:03:42.2994127Z [key_multivalue_storage.py]  __setattr__: INFO: Attempting to set 'values' to '{'sk3': 'val3', 'sk4': 'the fate of shard'}'
2026-01-29T03:03:42.2994695Z [key_multivalue_storage.py]  Load.values: DEBUG: items.append(f'sk3: val3')
2026-01-29T03:03:42.2995168Z [key_multivalue_storage.py]  Load.values: DEBUG: items.append(f'sk4: the fate of shard')
2026-01-29T03:03:42.2995626Z [key_multivalue_storage.py]  Load.values: DEBUG: file_path=otest.json
2026-01-29T03:03:42.2996111Z [key_multivalue_storage.py]  Load.values: DEBUG: key=test_top_level_key2
2026-01-29T03:03:42.2996504Z [key_multivalue_storage.py]  Load.values: DEBUG: keys=False
2026-01-29T03:03:42.2996847Z [key_multivalue_storage.py]  Load.values: DEBUG: raw=False
2026-01-29T03:03:42.2997704Z [key_multivalue_storage.py]  Load.values: DEBUG: loaded_data={'test_top_level_key': {'sk1': 23724622312, 'sk2': 240225226233226243226241234224226223242234}, 'test_top_level_key2': {'sk3': 23724622314, 'sk4': 234232242241235246234242241224235241240232246239243}}
2026-01-29T03:03:42.2998616Z [key_multivalue_storage.py]  Load.values: DEBUG: key in loaded_data? True
2026-01-29T03:03:42.2999271Z [key_multivalue_storage.py]  Load.values: DEBUG: dict_to_load={'test_top_level_key2': {'sk3': 23724622314, 'sk4': 234232242241235246234242241224235241240232246239243}}
2026-01-29T03:03:42.3000127Z [key_multivalue_storage.py]  _from_dict: DEBUG: data_dict={'test_top_level_key2': {'sk3': 23724622314, 'sk4': 234232242241235246234242241224235241240232246239243}}
2026-01-29T03:03:42.3000735Z [key_multivalue_storage.py]  _from_dict: DEBUG: data_dict=False
2026-01-29T03:03:42.3001198Z [key_multivalue_storage.py]  _decode: DEBUG: totalchars 2
2026-01-29T03:03:42.3001533Z [key_multivalue_storage.py]  _decode: DEBUG: currentchar=37
2026-01-29T03:03:42.3001873Z [key_multivalue_storage.py]  _decode: DEBUG: totalchars 2
2026-01-29T03:03:42.3002208Z [key_multivalue_storage.py]  _decode: DEBUG: currentchar=46
2026-01-29T03:03:42.3002535Z [key_multivalue_storage.py]  _decode: DEBUG: totalchars 2
2026-01-29T03:03:42.3002876Z [key_multivalue_storage.py]  _decode: DEBUG: currentchar=23
2026-01-29T03:03:42.3003305Z [key_multivalue_storage.py]  _decode: DEBUG: totalchars 1
2026-01-29T03:03:42.3003647Z [key_multivalue_storage.py]  _decode: DEBUG: currentchar=4
2026-01-29T03:03:42.3003976Z [key_multivalue_storage.py]  _decode: DEBUG: totalchars 2
2026-01-29T03:03:42.3004318Z [key_multivalue_storage.py]  _decode: DEBUG: currentchar=34
2026-01-29T03:03:42.3004668Z [key_multivalue_storage.py]  _decode: DEBUG: totalchars 2
2026-01-29T03:03:42.3005001Z [key_multivalue_storage.py]  _decode: DEBUG: currentchar=32
2026-01-29T03:03:42.3005352Z [key_multivalue_storage.py]  _decode: DEBUG: totalchars 2
2026-01-29T03:03:42.3005689Z [key_multivalue_storage.py]  _decode: DEBUG: currentchar=42
2026-01-29T03:03:42.3006024Z [key_multivalue_storage.py]  _decode: DEBUG: totalchars 2
2026-01-29T03:03:42.3006360Z [key_multivalue_storage.py]  _decode: DEBUG: currentchar=41
2026-01-29T03:03:42.3006704Z [key_multivalue_storage.py]  _decode: DEBUG: totalchars 2
2026-01-29T03:03:42.3007041Z [key_multivalue_storage.py]  _decode: DEBUG: currentchar=35
2026-01-29T03:03:42.3007372Z [key_multivalue_storage.py]  _decode: DEBUG: totalchars 2
2026-01-29T03:03:42.3007717Z [key_multivalue_storage.py]  _decode: DEBUG: currentchar=46
2026-01-29T03:03:42.3008045Z [key_multivalue_storage.py]  _decode: DEBUG: totalchars 2
2026-01-29T03:03:42.3008456Z [key_multivalue_storage.py]  _decode: DEBUG: currentchar=34
2026-01-29T03:03:42.3008785Z [key_multivalue_storage.py]  _decode: DEBUG: totalchars 2
2026-01-29T03:03:42.3009122Z [key_multivalue_storage.py]  _decode: DEBUG: currentchar=42
2026-01-29T03:03:42.3009458Z [key_multivalue_storage.py]  _decode: DEBUG: totalchars 2
2026-01-29T03:03:42.3009786Z [key_multivalue_storage.py]  _decode: DEBUG: currentchar=41
2026-01-29T03:03:42.3010121Z [key_multivalue_storage.py]  _decode: DEBUG: totalchars 2
2026-01-29T03:03:42.3010449Z [key_multivalue_storage.py]  _decode: DEBUG: currentchar=24
2026-01-29T03:03:42.3010788Z [key_multivalue_storage.py]  _decode: DEBUG: totalchars 2
2026-01-29T03:03:42.3011203Z [key_multivalue_storage.py]  _decode: DEBUG: currentchar=35
2026-01-29T03:03:42.3011542Z [key_multivalue_storage.py]  _decode: DEBUG: totalchars 2
2026-01-29T03:03:42.3011871Z [key_multivalue_storage.py]  _decode: DEBUG: currentchar=41
2026-01-29T03:03:42.3012197Z [key_multivalue_storage.py]  _decode: DEBUG: totalchars 2
2026-01-29T03:03:42.3012537Z [key_multivalue_storage.py]  _decode: DEBUG: currentchar=40
2026-01-29T03:03:42.3012871Z [key_multivalue_storage.py]  _decode: DEBUG: totalchars 2
2026-01-29T03:03:42.3013208Z [key_multivalue_storage.py]  _decode: DEBUG: currentchar=32
2026-01-29T03:03:42.3013538Z [key_multivalue_storage.py]  _decode: DEBUG: totalchars 2
2026-01-29T03:03:42.3013874Z [key_multivalue_storage.py]  _decode: DEBUG: currentchar=46
2026-01-29T03:03:42.3014201Z [key_multivalue_storage.py]  _decode: DEBUG: totalchars 2
2026-01-29T03:03:42.3014534Z [key_multivalue_storage.py]  _decode: DEBUG: currentchar=39
2026-01-29T03:03:42.3014866Z [key_multivalue_storage.py]  _decode: DEBUG: totalchars 2
2026-01-29T03:03:42.3015263Z [key_multivalue_storage.py]  _decode: DEBUG: currentchar=43
2026-01-29T03:03:42.3016014Z [key_multivalue_storage.py]  __setattr__: INFO: Attempting to set 'instance_id' to '5e42b8fa-96a3-44a7-b0bd-60d490674bfe'
2026-01-29T03:03:42.3016907Z [key_multivalue_storage.py]  __setattr__: INFO: Attempting to set 'key' to 'test_top_level_key2'
2026-01-29T03:03:42.3017854Z [key_multivalue_storage.py]  __setattr__: INFO: Attempting to set 'values' to '{'sk3': 'val3', 'sk4': 'the fate of shard'}'
2026-01-29T03:03:42.3018587Z [key_multivalue_storage.py]  Load.values: DEBUG: items.append(val3)
2026-01-29T03:03:42.3019156Z [key_multivalue_storage.py]  Load.values: DEBUG: items.append(the fate of shard)
2026-01-29T03:03:42.3020119Z [key_multivalue_storage.py]  _from_dict: DEBUG: data_dict={'test_top_level_key': {'sk1': 23724622312, 'sk2': 240225226233226243226241234224226223242234}}
2026-01-29T03:03:42.3021220Z [key_multivalue_storage.py]  _from_dict: DEBUG: data_dict=False
2026-01-29T03:03:42.3021851Z [key_multivalue_storage.py]  _decode: DEBUG: totalchars 2
2026-01-29T03:03:42.3022589Z [key_multivalue_storage.py]  _decode: DEBUG: currentchar=37
2026-01-29T03:03:42.3023169Z [key_multivalue_storage.py]  _decode: DEBUG: totalchars 2
2026-01-29T03:03:42.3023766Z [key_multivalue_storage.py]  _decode: DEBUG: currentchar=46
2026-01-29T03:03:42.3024354Z [key_multivalue_storage.py]  _decode: DEBUG: totalchars 2
2026-01-29T03:03:42.3024947Z [key_multivalue_storage.py]  _decode: DEBUG: currentchar=23
2026-01-29T03:03:42.3025498Z [key_multivalue_storage.py]  _decode: DEBUG: totalchars 1
2026-01-29T03:03:42.3026149Z [key_multivalue_storage.py]  _decode: DEBUG: currentchar=2
2026-01-29T03:03:42.3026665Z [key_multivalue_storage.py]  _decode: DEBUG: totalchars 2
2026-01-29T03:03:42.3027159Z [key_multivalue_storage.py]  _decode: DEBUG: currentchar=40
2026-01-29T03:03:42.3027498Z [key_multivalue_storage.py]  _decode: DEBUG: totalchars 2
2026-01-29T03:03:42.3027828Z [key_multivalue_storage.py]  _decode: DEBUG: currentchar=25
2026-01-29T03:03:42.3028170Z [key_multivalue_storage.py]  _decode: DEBUG: totalchars 2
2026-01-29T03:03:42.3028507Z [key_multivalue_storage.py]  _decode: DEBUG: currentchar=26
2026-01-29T03:03:42.3028837Z [key_multivalue_storage.py]  _decode: DEBUG: totalchars 2
2026-01-29T03:03:42.3029321Z [key_multivalue_storage.py]  _decode: DEBUG: currentchar=33
2026-01-29T03:03:42.3029654Z [key_multivalue_storage.py]  _decode: DEBUG: totalchars 2
2026-01-29T03:03:42.3029994Z [key_multivalue_storage.py]  _decode: DEBUG: currentchar=26
2026-01-29T03:03:42.3030322Z [key_multivalue_storage.py]  _decode: DEBUG: totalchars 2
2026-01-29T03:03:42.3030660Z [key_multivalue_storage.py]  _decode: DEBUG: currentchar=43
2026-01-29T03:03:42.3031158Z [key_multivalue_storage.py]  _decode: DEBUG: totalchars 2
2026-01-29T03:03:42.3031493Z [key_multivalue_storage.py]  _decode: DEBUG: currentchar=26
2026-01-29T03:03:42.3031828Z [key_multivalue_storage.py]  _decode: DEBUG: totalchars 2
2026-01-29T03:03:42.3032159Z [key_multivalue_storage.py]  _decode: DEBUG: currentchar=41
2026-01-29T03:03:42.3032506Z [key_multivalue_storage.py]  _decode: DEBUG: totalchars 2
2026-01-29T03:03:42.3032833Z [key_multivalue_storage.py]  _decode: DEBUG: currentchar=34
2026-01-29T03:03:42.3033179Z [key_multivalue_storage.py]  _decode: DEBUG: totalchars 2
2026-01-29T03:03:42.3033513Z [key_multivalue_storage.py]  _decode: DEBUG: currentchar=24
2026-01-29T03:03:42.3033854Z [key_multivalue_storage.py]  _decode: DEBUG: totalchars 2
2026-01-29T03:03:42.3034191Z [key_multivalue_storage.py]  _decode: DEBUG: currentchar=26
2026-01-29T03:03:42.3034518Z [key_multivalue_storage.py]  _decode: DEBUG: totalchars 2
2026-01-29T03:03:42.3034857Z [key_multivalue_storage.py]  _decode: DEBUG: currentchar=23
2026-01-29T03:03:42.3035184Z [key_multivalue_storage.py]  _decode: DEBUG: totalchars 2
2026-01-29T03:03:42.3035518Z [key_multivalue_storage.py]  _decode: DEBUG: currentchar=42
2026-01-29T03:03:42.3035845Z [key_multivalue_storage.py]  _decode: DEBUG: totalchars 2
2026-01-29T03:03:42.3036182Z [key_multivalue_storage.py]  _decode: DEBUG: currentchar=34
2026-01-29T03:03:42.3036696Z [key_multivalue_storage.py]  __setattr__: INFO: Attempting to set 'instance_id' to '123a0f5a-241d-42a9-ab64-81999bd01c70'
2026-01-29T03:03:42.3037302Z [key_multivalue_storage.py]  __setattr__: INFO: Attempting to set 'key' to 'test_top_level_key'
2026-01-29T03:03:42.3037915Z [key_multivalue_storage.py]  __setattr__: INFO: Attempting to set 'values' to '{'sk1': 'val1', 'sk2': 'skibidi toilet'}'
2026-01-29T03:03:42.3038558Z [key_multivalue_storage.py]  __store: INFO: Data for key 'test_top_level_key' stored successfully in 'otest.json'.
2026-01-29T03:03:42.3039275Z [key_multivalue_storage.py]  Edit.propval: INFO: Sucessfully changed value skibidi toilet to sigma under key test_top_level_key.sk2.
2026-01-29T03:03:42.3039814Z Sucessfully set subkey sk2 to value sigma.
2026-01-29T03:03:42.3040144Z [key_multivalue_storage.py]  Load.values: DEBUG: file_path=otest.json
2026-01-29T03:03:42.3040560Z [key_multivalue_storage.py]  Load.values: DEBUG: key=test_top_level_key
2026-01-29T03:03:42.3041104Z [key_multivalue_storage.py]  Load.values: DEBUG: keys=True
2026-01-29T03:03:42.3041446Z [key_multivalue_storage.py]  Load.values: DEBUG: raw=False
2026-01-29T03:03:42.3042191Z [key_multivalue_storage.py]  Load.values: DEBUG: loaded_data={'test_top_level_key': {'sk1': 'val1', 'sk2': 'sigma'}, 'test_top_level_key2': {'sk3': 23724622314, 'sk4': 234232242241235246234242241224235241240232246239243}}
2026-01-29T03:03:42.3042973Z [key_multivalue_storage.py]  Load.values: DEBUG: key in loaded_data? True
2026-01-29T03:03:42.3043521Z [key_multivalue_storage.py]  Load.values: DEBUG: dict_to_load={'test_top_level_key': {'sk1': 'val1', 'sk2': 'sigma'}}
2026-01-29T03:03:42.3044149Z [key_multivalue_storage.py]  _from_dict: DEBUG: data_dict={'test_top_level_key': {'sk1': 'val1', 'sk2': 'sigma'}}
2026-01-29T03:03:42.3044661Z [key_multivalue_storage.py]  _from_dict: DEBUG: data_dict=False
2026-01-29T03:03:42.3045197Z [key_multivalue_storage.py]  __setattr__: INFO: Attempting to set 'instance_id' to '55361c10-ba76-4547-8bf6-b8bdfbe13321'
2026-01-29T03:03:42.3045807Z [key_multivalue_storage.py]  __setattr__: INFO: Attempting to set 'key' to 'test_top_level_key'
2026-01-29T03:03:42.3046386Z [key_multivalue_storage.py]  __setattr__: INFO: Attempting to set 'values' to '{'sk1': 'val1', 'sk2': 'sigma'}'
2026-01-29T03:03:42.3046977Z [key_multivalue_storage.py]  Load.values: DEBUG: items.append(f'sk1: val1')
2026-01-29T03:03:42.3047426Z [key_multivalue_storage.py]  Load.values: DEBUG: items.append(f'sk2: sigma')
2026-01-29T03:03:42.3048012Z [key_multivalue_storage.py]  Delete.by_key: DEBUG: loaded_data.keys()=dict_keys(['test_top_level_key', 'test_top_level_key2'])
2026-01-29T03:03:42.3048881Z [key_multivalue_storage.py]  Delete.by_key: DEBUG: loaded_data.values()=dict_values([{'sk1': 'val1', 'sk2': 'sigma'}, {'sk3': 23724622314, 'sk4': 234232242241235246234242241224235241240232246239243}])
2026-01-29T03:03:42.3049970Z [key_multivalue_storage.py]  Delete.by_key: DEBUG: loaded_data={'test_top_level_key': {'sk1': 'val1', 'sk2': 'sigma'}, 'test_top_level_key2': {'sk3': 23724622314, 'sk4': 234232242241235246234242241224235241240232246239243}}
2026-01-29T03:03:42.3050952Z [key_multivalue_storage.py]  Delete.by_key: INFO: Successfully deleted key 'test_top_level_key2' from 'otest.json'.
2026-01-29T03:03:42.3051498Z Sucessfully deleted key test_top_level_key2 and all its child data.
2026-01-29T03:03:42.3051971Z [key_multivalue_storage.py]  Delete.all: INFO: Deleted all data from otest.json sucessfully.
2026-01-29T03:03:42.3052384Z Sucessfully deleted all data from otest.json.
2026-01-29T03:03:42.3052649Z Part 1 passed.
2026-01-29T03:03:42.3052830Z --------------------
2026-01-29T03:03:42.3053090Z Part 2: Storing, Editing, and Deleting via dunder methods
2026-01-29T03:03:42.3053373Z --------------------
2026-01-29T03:03:42.3053787Z [key_multivalue_storage.py]  __setattr__: INFO: Attempting to set 'instance_id' to '1b9d1ec0-1a24-44c6-8732-dc0561cb9816'
2026-01-29T03:03:42.3054371Z [key_multivalue_storage.py]  __setattr__: INFO: Attempting to set 'key' to 'test1'
2026-01-29T03:03:42.3054900Z [key_multivalue_storage.py]  __setattr__: INFO: Attempting to set 'values' to '{'sk1': 'val1', 'sk2': 'val2'}'
2026-01-29T03:03:42.3055538Z [key_multivalue_storage.py]  __setattr__: INFO: Attempting to set 'instance_id' to '7a1bac25-4b58-4b38-8a50-65b129272c42'
2026-01-29T03:03:42.3056113Z [key_multivalue_storage.py]  __setattr__: INFO: Attempting to set 'key' to 'test1'
2026-01-29T03:03:42.3056676Z [key_multivalue_storage.py]  __setattr__: INFO: Attempting to set 'values' to '{'sk4': 'val1', 'sk6': 'val2', 'sk3': 'val3'}'
2026-01-29T03:03:42.3057346Z [key_multivalue_storage.py]  __setattr__: INFO: Attempting to set 'instance_id' to '185c3b03-58fa-4591-9293-de22320101a0'
2026-01-29T03:03:42.3057901Z [key_multivalue_storage.py]  __setattr__: INFO: Attempting to set 'key' to 'test2'
2026-01-29T03:03:42.3058469Z [key_multivalue_storage.py]  __setattr__: INFO: Attempting to set 'values' to '{'sk4': 'val1', 'sk6': 'val2', 'sk3': 'val3'}'
2026-01-29T03:03:42.3058999Z Part 2.1: Comparisons
2026-01-29T03:03:42.3059197Z Part 2.1 passed.
2026-01-29T03:03:42.3059380Z -----
2026-01-29T03:03:42.3059544Z Part 2.2: Arithmetic
2026-01-29T03:03:42.3059961Z [key_multivalue_storage.py]  __setattr__: INFO: Attempting to set 'instance_id' to 'c44e1e78-7d74-427b-9adb-25407f461ba5'
2026-01-29T03:03:42.3060524Z [key_multivalue_storage.py]  __setattr__: INFO: Attempting to set 'key' to 'test1'
2026-01-29T03:03:42.3061195Z [key_multivalue_storage.py]  __setattr__: INFO: Attempting to set 'values' to '{'sk1': 'val1', 'sk2': 'val2', 'sk7': '67', 'sk8': 'hehe'}'
2026-01-29T03:03:42.3061892Z [key_multivalue_storage.py]  __setattr__: INFO: Attempting to set 'instance_id' to '1a0f861e-31e0-4778-858c-31dc0489afc0'
2026-01-29T03:03:42.3062449Z [key_multivalue_storage.py]  __setattr__: INFO: Attempting to set 'key' to 'test1'
2026-01-29T03:03:42.3063129Z [key_multivalue_storage.py]  __setattr__: INFO: Attempting to set 'values' to '{'sk1': 'val1', 'sk2': 'val2', 'sk7': '67', 'sk8': 'hehe', 'sk4': 'val1', 'sk6': 'val2', 'sk3': 'val3'}'
2026-01-29T03:03:42.3063906Z [key_multivalue_storage.py]  __setattr__: INFO: Attempting to set 'instance_id' to '1bf940db-1f50-43e0-b454-874b47e115ae'
2026-01-29T03:03:42.3064468Z [key_multivalue_storage.py]  __setattr__: INFO: Attempting to set 'key' to 'test1'
2026-01-29T03:03:42.3065061Z [key_multivalue_storage.py]  __setattr__: INFO: Attempting to set 'values' to '{'sk1': 'val1', 'sk2': 'val2'}'
2026-01-29T03:03:42.3065695Z [key_multivalue_storage.py]  __setattr__: INFO: Attempting to set 'instance_id' to '44758541-b1e8-4ced-81b3-7964f22aa861'
2026-01-29T03:03:42.3066260Z [key_multivalue_storage.py]  __setattr__: INFO: Attempting to set 'key' to 'test1'
2026-01-29T03:03:42.3066872Z [key_multivalue_storage.py]  __setattr__: INFO: Attempting to set 'values' to '{'sk1': 'val1', 'sk2': 'val2', 'sk4': 'val1', 'sk6': 'val2', 'sk3': 'val3'}'
2026-01-29T03:03:42.3067608Z [key_multivalue_storage.py]  __setattr__: INFO: Attempting to set 'instance_id' to 'cd537d29-dc50-46b7-a56d-3cf2720a46dd'
2026-01-29T03:03:42.3068167Z [key_multivalue_storage.py]  __setattr__: INFO: Attempting to set 'key' to 'test1'
2026-01-29T03:03:42.3068684Z [key_multivalue_storage.py]  __setattr__: INFO: Attempting to set 'values' to '{'sk1': 'val1', 'sk2': 'val2'}'
2026-01-29T03:03:42.3069329Z [key_multivalue_storage.py]  __setattr__: INFO: Attempting to set 'instance_id' to 'acf2ef7f-2851-483e-a321-e57e0b854bb3'
2026-01-29T03:03:42.3069890Z [key_multivalue_storage.py]  __setattr__: INFO: Attempting to set 'key' to 'test1'
2026-01-29T03:03:42.3070488Z [key_multivalue_storage.py]  __setattr__: INFO: Attempting to set 'values' to '{'sk1': 'val1', 'sk2': 'val2', 'undefined': ['val1', 'val2']}'
2026-01-29T03:03:42.3071313Z [key_multivalue_storage.py]  __setattr__: INFO: Attempting to set 'instance_id' to 'f9e70a5a-bdac-4b00-a5a0-75102ceba275'
2026-01-29T03:03:42.3071877Z [key_multivalue_storage.py]  __setattr__: INFO: Attempting to set 'key' to 'test1'
2026-01-29T03:03:42.3072409Z [key_multivalue_storage.py]  __setattr__: INFO: Attempting to set 'values' to '{'sk1': 'val1', 'sk2': 'val2'}'
2026-01-29T03:03:42.3073041Z [key_multivalue_storage.py]  __setattr__: INFO: Attempting to set 'instance_id' to '9ac8b4eb-4d32-411e-8f32-6912e1338da2'
2026-01-29T03:03:42.3073614Z [key_multivalue_storage.py]  __setattr__: INFO: Attempting to set 'key' to 'test1'
2026-01-29T03:03:42.3074143Z [key_multivalue_storage.py]  __setattr__: INFO: Attempting to set 'values' to '{'sk1': 'val1', 'sk2': 'val2'}'
2026-01-29T03:03:42.3074768Z [key_multivalue_storage.py]  __setattr__: INFO: Attempting to set 'instance_id' to '932d9f81-78c0-44e9-b29f-2bd305680740'
2026-01-29T03:03:42.3075332Z [key_multivalue_storage.py]  __setattr__: INFO: Attempting to set 'key' to 'test1'
2026-01-29T03:03:42.3075891Z [key_multivalue_storage.py]  __setattr__: INFO: Attempting to set 'values' to '{'sk4': 'val1', 'sk6': 'val2', 'sk3': 'val3'}'
2026-01-29T03:03:42.3076652Z [key_multivalue_storage.py]  __setattr__: INFO: Attempting to set 'instance_id' to '7491e8ae-9ea9-45f3-84e4-59452838c7f5'
2026-01-29T03:03:42.3077224Z [key_multivalue_storage.py]  __setattr__: INFO: Attempting to set 'key' to 'test1'
2026-01-29T03:03:42.3077775Z [key_multivalue_storage.py]  __setattr__: INFO: Attempting to set 'values' to '{'sk4': 'val1', 'sk6': 'val2', 'sk3': 'val3'}'
2026-01-29T03:03:42.3078443Z [key_multivalue_storage.py]  __setattr__: INFO: Attempting to set 'instance_id' to 'e3c50037-deba-4151-9946-581589203041'
2026-01-29T03:03:42.3078998Z [key_multivalue_storage.py]  __setattr__: INFO: Attempting to set 'key' to 'test1'
2026-01-29T03:03:42.3079492Z [key_multivalue_storage.py]  __setattr__: INFO: Attempting to set 'values' to '{'sk1': 'val1'}'
2026-01-29T03:03:42.3080091Z [key_multivalue_storage.py]  __setattr__: INFO: Attempting to set 'instance_id' to 'e9107523-ed01-4b26-8987-e8ea306f34a7'
2026-01-29T03:03:42.3080642Z [key_multivalue_storage.py]  __setattr__: INFO: Attempting to set 'key' to 'test1'
2026-01-29T03:03:42.3081235Z [key_multivalue_storage.py]  __setattr__: INFO: Attempting to set 'values' to '{'sk2': 'val2'}'
2026-01-29T03:03:42.3081821Z [key_multivalue_storage.py]  __setattr__: INFO: Attempting to set 'instance_id' to '79e7e88f-6eeb-4f96-a5b2-ad5456be38f0'
2026-01-29T03:03:42.3082497Z [key_multivalue_storage.py]  __setattr__: INFO: Attempting to set 'key' to 'test1'
2026-01-29T03:03:42.3083020Z [key_multivalue_storage.py]  __setattr__: INFO: Attempting to set 'values' to '{'sk1': 'val1', 'sk2': 'val2'}'
2026-01-29T03:03:42.3083436Z Part 2.2 passed.
2026-01-29T03:03:42.3083642Z -----
2026-01-29T03:03:42.3083814Z Part 2.3: Bitwise Operators
2026-01-29T03:03:42.3084244Z [key_multivalue_storage.py]  __setattr__: INFO: Attempting to set 'instance_id' to '338f6396-cf49-4ff0-b2ee-2be022edc79b'
2026-01-29T03:03:42.3084797Z [key_multivalue_storage.py]  __setattr__: INFO: Attempting to set 'key' to 'test1'
2026-01-29T03:03:42.3085357Z [key_multivalue_storage.py]  __setattr__: INFO: Attempting to set 'values' to '{'sk4': 'val1', 'sk6': 'val2', 'sk5': 'val3'}'
2026-01-29T03:03:42.3086021Z [key_multivalue_storage.py]  __setattr__: INFO: Attempting to set 'instance_id' to '2a229a73-8992-427c-a064-938e6f37a3f1'
2026-01-29T03:03:42.3086574Z [key_multivalue_storage.py]  __setattr__: INFO: Attempting to set 'key' to 'test1'
2026-01-29T03:03:42.3087129Z [key_multivalue_storage.py]  __setattr__: INFO: Attempting to set 'values' to '{'sk4': 'val1', 'sk6': 'val2', 'sk3': 'val3'}'
2026-01-29T03:03:42.3087787Z [key_multivalue_storage.py]  __setattr__: INFO: Attempting to set 'instance_id' to 'ebd3d7e6-b510-431f-909d-939b2e192242'
2026-01-29T03:03:42.3088353Z [key_multivalue_storage.py]  __setattr__: INFO: Attempting to set 'key' to 'test1'
2026-01-29T03:03:42.3088876Z [key_multivalue_storage.py]  __setattr__: INFO: Attempting to set 'values' to '{'sk4': 'val1', 'sk6': 'val2'}'
2026-01-29T03:03:42.3089503Z [key_multivalue_storage.py]  __setattr__: INFO: Attempting to set 'instance_id' to '6d217bd7-5cb0-42f9-b507-14bbb0cc53ce'
2026-01-29T03:03:42.3090067Z [key_multivalue_storage.py]  __setattr__: INFO: Attempting to set 'key' to 'test1'
2026-01-29T03:03:42.3090587Z [key_multivalue_storage.py]  __setattr__: INFO: Attempting to set 'values' to '{'sk4': 'val1', 'sk6': 'val2'}'
2026-01-29T03:03:42.3091310Z [key_multivalue_storage.py]  __setattr__: INFO: Attempting to set 'instance_id' to 'c8809b50-ebba-4c64-bff6-91bc611d76e1'
2026-01-29T03:03:42.3091876Z [key_multivalue_storage.py]  __setattr__: INFO: Attempting to set 'key' to 'test1'
2026-01-29T03:03:42.3092456Z [key_multivalue_storage.py]  __setattr__: INFO: Attempting to set 'values' to '{'sk3': 'val3', 'sk4': 'val1', 'sk6': 'val2', 'sk5': 'val3'}'
2026-01-29T03:03:42.3093160Z [key_multivalue_storage.py]  __setattr__: INFO: Attempting to set 'instance_id' to '9e968dc0-0aed-4fa3-8ded-3acd305fd00c'
2026-01-29T03:03:42.3093718Z [key_multivalue_storage.py]  __setattr__: INFO: Attempting to set 'key' to 'test1'
2026-01-29T03:03:42.3094391Z [key_multivalue_storage.py]  __setattr__: INFO: Attempting to set 'values' to '{'sk3': 'val3', 'sk4': 'val1', 'sk6': 'val2', 'sk5': 'val3'}'
2026-01-29T03:03:42.3095092Z [key_multivalue_storage.py]  __setattr__: INFO: Attempting to set 'instance_id' to '58b49caa-a64e-4b8a-8002-d09c122136f3'
2026-01-29T03:03:42.3095648Z [key_multivalue_storage.py]  __setattr__: INFO: Attempting to set 'key' to 'test1'
2026-01-29T03:03:42.3096241Z [key_multivalue_storage.py]  __setattr__: INFO: Attempting to set 'values' to '{'sk3': 'val3', 'sk4': 'val1', 'sk6': 'val2', 'sk5': 'val3'}'
2026-01-29T03:03:42.3096937Z [key_multivalue_storage.py]  __setattr__: INFO: Attempting to set 'instance_id' to 'df7b307c-9958-4bc0-ae35-70849032cbde'
2026-01-29T03:03:42.3097491Z [key_multivalue_storage.py]  __setattr__: INFO: Attempting to set 'key' to 'test1'
2026-01-29T03:03:42.3098081Z [key_multivalue_storage.py]  __setattr__: INFO: Attempting to set 'values' to '{'sk3': 'val3', 'sk4': 'val1', 'sk6': 'val2', 'sk5': 'val3'}'
2026-01-29T03:03:42.3098768Z [key_multivalue_storage.py]  __setattr__: INFO: Attempting to set 'instance_id' to '05ddd706-9cd5-4282-8451-caa12a81c637'
2026-01-29T03:03:42.3099343Z [key_multivalue_storage.py]  __setattr__: INFO: Attempting to set 'key' to 'test1'
2026-01-29T03:03:42.3099935Z [key_multivalue_storage.py]  __setattr__: INFO: Attempting to set 'values' to '{'sk3': 'val3', 'sk4': 'val1', 'sk6': 'val2', 'sk5': 'val3'}'
2026-01-29T03:03:42.3100699Z [key_multivalue_storage.py]  __setattr__: INFO: Attempting to set 'instance_id' to 'ed84f3c4-654c-4b29-a3c2-a171fc3063e5'
2026-01-29T03:03:42.3101359Z [key_multivalue_storage.py]  __setattr__: INFO: Attempting to set 'key' to 'test1'
2026-01-29T03:03:42.3101940Z [key_multivalue_storage.py]  __setattr__: INFO: Attempting to set 'values' to '{'sk3': 'val3', 'sk4': 'val1', 'sk6': 'val2', 'sk5': 'val3'}'
2026-01-29T03:03:42.3102635Z [key_multivalue_storage.py]  __setattr__: INFO: Attempting to set 'instance_id' to '9b529990-ff7e-4ee1-b2bd-082c3ec9444a'
2026-01-29T03:03:42.3103200Z [key_multivalue_storage.py]  __setattr__: INFO: Attempting to set 'key' to 'test1'
2026-01-29T03:03:42.3103786Z [key_multivalue_storage.py]  __setattr__: INFO: Attempting to set 'values' to '{'sk3': 'val3', 'sk4': 'val1', 'sk6': 'val2', 'sk5': 'val3'}'
2026-01-29T03:03:42.3104473Z [key_multivalue_storage.py]  __setattr__: INFO: Attempting to set 'instance_id' to '14c136c9-f631-4444-a68e-bcb4077a0167'
2026-01-29T03:03:42.3105029Z [key_multivalue_storage.py]  __setattr__: INFO: Attempting to set 'key' to 'test1'
2026-01-29T03:03:42.3105620Z [key_multivalue_storage.py]  __setattr__: INFO: Attempting to set 'values' to '{'sk3': 'val3', 'sk4': 'val1', 'sk6': 'val2', 'sk5': 'val3'}'
2026-01-29T03:03:42.3106335Z [key_multivalue_storage.py]  __setattr__: INFO: Attempting to set 'instance_id' to '4f6b9325-6192-4efd-a13f-e05f28620ba6'
2026-01-29T03:03:42.3106898Z [key_multivalue_storage.py]  __setattr__: INFO: Attempting to set 'key' to 'test1'
2026-01-29T03:03:42.3107497Z [key_multivalue_storage.py]  __setattr__: INFO: Attempting to set 'values' to '{'sk3': 'val3', 'sk4': 'val1', 'sk6': 'val2', 'sk5': 'val3'}'
2026-01-29T03:03:42.3108194Z [key_multivalue_storage.py]  __setattr__: INFO: Attempting to set 'instance_id' to 'bcb3ac07-3688-4a5e-863c-ce2cb3ada1e8'
2026-01-29T03:03:42.3108751Z [key_multivalue_storage.py]  __setattr__: INFO: Attempting to set 'key' to 'test1'
2026-01-29T03:03:42.3109339Z [key_multivalue_storage.py]  __setattr__: INFO: Attempting to set 'values' to '{'sk3': 'val3', 'sk4': 'val1', 'sk6': 'val2', 'sk5': 'val3'}'
2026-01-29T03:03:42.3110029Z [key_multivalue_storage.py]  __setattr__: INFO: Attempting to set 'instance_id' to 'dfd46a06-0646-4344-959f-af62e42e1bd9'
2026-01-29T03:03:42.3110589Z [key_multivalue_storage.py]  __setattr__: INFO: Attempting to set 'key' to 'test1'
2026-01-29T03:03:42.3111201Z [key_multivalue_storage.py]  __setattr__: INFO: Attempting to set 'values' to '{'sk3': 'val3', 'sk5': 'val3'}'
2026-01-29T03:03:42.3111822Z [key_multivalue_storage.py]  __setattr__: INFO: Attempting to set 'instance_id' to '6a938707-121d-4db5-9034-b30038563c7f'
2026-01-29T03:03:42.3112462Z [key_multivalue_storage.py]  __setattr__: INFO: Attempting to set 'key' to 'test1'
2026-01-29T03:03:42.3112985Z [key_multivalue_storage.py]  __setattr__: INFO: Attempting to set 'values' to '{'sk3': 'val3', 'sk5': 'val3'}'
2026-01-29T03:03:42.3113623Z [key_multivalue_storage.py]  __setattr__: INFO: Attempting to set 'instance_id' to 'b178e176-9034-47ad-b658-dd13045ee517'
2026-01-29T03:03:42.3114188Z [key_multivalue_storage.py]  __setattr__: INFO: Attempting to set 'key' to 'test1'
2026-01-29T03:03:42.3114713Z [key_multivalue_storage.py]  __setattr__: INFO: Attempting to set 'values' to '{'sk6': 'val2', 'sk3': 'val3'}'
2026-01-29T03:03:42.3115348Z [key_multivalue_storage.py]  __setattr__: INFO: Attempting to set 'instance_id' to 'bc9420c5-87bb-45cd-84fb-7f5a93f510ae'
2026-01-29T03:03:42.3115899Z [key_multivalue_storage.py]  __setattr__: INFO: Attempting to set 'key' to 'test1'
2026-01-29T03:03:42.3116390Z [key_multivalue_storage.py]  __setattr__: INFO: Attempting to set 'values' to '{'sk4': 'val1'}'
2026-01-29T03:03:42.3116776Z Part 2.3 passed.
2026-01-29T03:03:42.3116949Z -----
2026-01-29T03:03:42.3117141Z Part 2.4: Collection and Container tests
2026-01-29T03:03:42.3117598Z [key_multivalue_storage.py]  __setattr__: INFO: Attempting to set 'instance_id' to '14aadbae-8e82-48da-9941-195ec2bad154'
2026-01-29T03:03:42.3118232Z [key_multivalue_storage.py]  __setattr__: INFO: Attempting to set 'key' to 'test1'
2026-01-29T03:03:42.3118826Z [key_multivalue_storage.py]  __setattr__: INFO: Attempting to set 'values' to '{'sk1': 'val1', 'sk2': 'val2'}'
2026-01-29T03:03:42.3119468Z [key_multivalue_storage.py]  __setattr__: INFO: Attempting to set 'instance_id' to 'a0765677-3d7e-4d73-977a-dcec8d14bdaa'
2026-01-29T03:03:42.3120032Z [key_multivalue_storage.py]  __setattr__: INFO: Attempting to set 'key' to 'test1'
2026-01-29T03:03:42.3120589Z [key_multivalue_storage.py]  __setattr__: INFO: Attempting to set 'values' to '{'sk4': 'val1', 'sk6': 'val2', 'sk3': 'val3'}'
2026-01-29T03:03:42.3121431Z [key_multivalue_storage.py]  __setattr__: INFO: Attempting to set 'instance_id' to 'd02dabaf-d32e-41a8-800e-25924599bd6c'
2026-01-29T03:03:42.3121991Z [key_multivalue_storage.py]  __setattr__: INFO: Attempting to set 'key' to 'test2'
2026-01-29T03:03:42.3122563Z [key_multivalue_storage.py]  __setattr__: INFO: Attempting to set 'values' to '{'sk4': 'val1', 'sk6': 'val2', 'sk3': 'val3'}'
2026-01-29T03:03:42.3123233Z [key_multivalue_storage.py]  __setattr__: INFO: Attempting to set 'instance_id' to '34b7d8c8-f5c9-4f07-8af1-8af883aa6640'
2026-01-29T03:03:42.3123799Z [key_multivalue_storage.py]  __setattr__: INFO: Attempting to set 'key' to 'test1'
2026-01-29T03:03:42.3124380Z [key_multivalue_storage.py]  __setattr__: INFO: Attempting to set 'values' to '{'sk1': 'hehe', 'sk2': 'val2', 'sk5': 'will be del'}'
2026-01-29T03:03:42.3124944Z [key_multivalue_storage.py]  __enter__: INFO: Acquring storage from object
2026-01-29T03:03:42.3125381Z [key_multivalue_storage.py]  __exit__: INFO: Releasing storage from object
2026-01-29T03:03:42.3125716Z Part 2.4 passed.
2026-01-29T03:03:42.3125890Z -----
2026-01-29T03:03:42.3126077Z Part 2.5: Built-in attributes
2026-01-29T03:03:42.3126290Z Part 2.5 passed.
2026-01-29T03:03:42.3126463Z -----
2026-01-29T03:03:42.3126646Z Part 2.6: Iteration Test (for loop)
2026-01-29T03:03:42.3126878Z Part 2.6 passed.
2026-01-29T03:03:42.3127043Z -----
2026-01-29T03:03:42.3127252Z Part 2.7: Miscellaneous Tests (__call__, __format__)
2026-01-29T03:03:42.3127519Z Part 2.7 passed.
2026-01-29T03:03:42.3127634Z 
2026-01-29T03:03:42.3127749Z Test passed sucessfully
2026-01-29T03:03:42.3199796Z Post job cleanup.
2026-01-29T03:03:42.4323328Z (node:2286) [DEP0040] DeprecationWarning: The `punycode` module is deprecated. Please use a userland alternative instead.
2026-01-29T03:03:42.4324005Z (Use `node --trace-deprecation ...` to show where the warning was created)
2026-01-29T03:03:42.4444330Z Post job cleanup.
2026-01-29T03:03:42.5220457Z [command]/usr/bin/git version
2026-01-29T03:03:42.5252023Z git version 2.52.0
2026-01-29T03:03:42.5286772Z Temporarily overriding HOME='/home/runner/work/_temp/d12de19f-a52f-4106-886c-cfbf78827f1f' before making global git config changes
2026-01-29T03:03:42.5287984Z Adding repository directory to the temporary git global config as a safe directory
2026-01-29T03:03:42.5292916Z [command]/usr/bin/git config --global --add safe.directory /home/runner/work/scratchattach/scratchattach
2026-01-29T03:03:42.5321341Z Removing SSH command configuration
2026-01-29T03:03:42.5327624Z [command]/usr/bin/git config --local --name-only --get-regexp core\.sshCommand
2026-01-29T03:03:42.5357497Z [command]/usr/bin/git submodule foreach --recursive sh -c "git config --local --name-only --get-regexp 'core\.sshCommand' && git config --local --unset-all 'core.sshCommand' || :"
2026-01-29T03:03:42.5548582Z Removing HTTP extra header
2026-01-29T03:03:42.5553628Z [command]/usr/bin/git config --local --name-only --get-regexp http\.https\:\/\/github\.com\/\.extraheader
2026-01-29T03:03:42.5582522Z [command]/usr/bin/git submodule foreach --recursive sh -c "git config --local --name-only --get-regexp 'http\.https\:\/\/github\.com\/\.extraheader' && git config --local --unset-all 'http.https://github.com/.extraheader' || :"
2026-01-29T03:03:42.5758445Z Removing includeIf entries pointing to credentials config files
2026-01-29T03:03:42.5765480Z [command]/usr/bin/git config --local --name-only --get-regexp ^includeIf\.gitdir:
2026-01-29T03:03:42.5784538Z includeif.gitdir:/home/runner/work/scratchattach/scratchattach/.git.path
2026-01-29T03:03:42.5785423Z includeif.gitdir:/home/runner/work/scratchattach/scratchattach/.git/worktrees/*.path
2026-01-29T03:03:42.5786102Z includeif.gitdir:/github/workspace/.git.path
2026-01-29T03:03:42.5786616Z includeif.gitdir:/github/workspace/.git/worktrees/*.path
2026-01-29T03:03:42.5793170Z [command]/usr/bin/git config --local --get-all includeif.gitdir:/home/runner/work/scratchattach/scratchattach/.git.path
2026-01-29T03:03:42.5809973Z /home/runner/work/_temp/git-credentials-7cc061de-4bda-4bef-9389-b4251d5faba1.config
2026-01-29T03:03:42.5818953Z [command]/usr/bin/git config --local --unset includeif.gitdir:/home/runner/work/scratchattach/scratchattach/.git.path /home/runner/work/_temp/git-credentials-7cc061de-4bda-4bef-9389-b4251d5faba1.config
2026-01-29T03:03:42.5846368Z [command]/usr/bin/git config --local --get-all includeif.gitdir:/home/runner/work/scratchattach/scratchattach/.git/worktrees/*.path
2026-01-29T03:03:42.5863877Z /home/runner/work/_temp/git-credentials-7cc061de-4bda-4bef-9389-b4251d5faba1.config
2026-01-29T03:03:42.5882382Z [command]/usr/bin/git config --local --unset includeif.gitdir:/home/runner/work/scratchattach/scratchattach/.git/worktrees/*.path /home/runner/work/_temp/git-credentials-7cc061de-4bda-4bef-9389-b4251d5faba1.config
2026-01-29T03:03:42.5899402Z [command]/usr/bin/git config --local --get-all includeif.gitdir:/github/workspace/.git.path
2026-01-29T03:03:42.5916320Z /github/runner_temp/git-credentials-7cc061de-4bda-4bef-9389-b4251d5faba1.config
2026-01-29T03:03:42.5924101Z [command]/usr/bin/git config --local --unset includeif.gitdir:/github/workspace/.git.path /github/runner_temp/git-credentials-7cc061de-4bda-4bef-9389-b4251d5faba1.config
2026-01-29T03:03:42.5951853Z [command]/usr/bin/git config --local --get-all includeif.gitdir:/github/workspace/.git/worktrees/*.path
2026-01-29T03:03:42.5969459Z /github/runner_temp/git-credentials-7cc061de-4bda-4bef-9389-b4251d5faba1.config
2026-01-29T03:03:42.5976534Z [command]/usr/bin/git config --local --unset includeif.gitdir:/github/workspace/.git/worktrees/*.path /github/runner_temp/git-credentials-7cc061de-4bda-4bef-9389-b4251d5faba1.config
2026-01-29T03:03:42.6004677Z [command]/usr/bin/git submodule foreach --recursive git config --local --show-origin --name-only --get-regexp remote.origin.url
2026-01-29T03:03:42.6272426Z Removing credentials config '/home/runner/work/_temp/git-credentials-7cc061de-4bda-4bef-9389-b4251d5faba1.config'
2026-01-29T03:03:42.6321940Z Cleaning up orphan processes
