2026-01-11T03:51:28.0510457Z Current runner version: '2.330.0'
2026-01-11T03:51:28.0534202Z ##[group]Runner Image Provisioner
2026-01-11T03:51:28.0535030Z Hosted Compute Agent
2026-01-11T03:51:28.0535661Z Version: 20251211.462
2026-01-11T03:51:28.0536291Z Commit: 6cbad8c2bb55d58165063d031ccabf57e2d2db61
2026-01-11T03:51:28.0536949Z Build Date: 2025-12-11T16:28:49Z
2026-01-11T03:51:28.0537644Z Worker ID: {f5315a04-3a5a-444d-b27f-18ca54e31e12}
2026-01-11T03:51:28.0538356Z ##[endgroup]
2026-01-11T03:51:28.0538831Z ##[group]Operating System
2026-01-11T03:51:28.0539405Z Ubuntu
2026-01-11T03:51:28.0539850Z 24.04.3
2026-01-11T03:51:28.0540297Z LTS
2026-01-11T03:51:28.0540795Z ##[endgroup]
2026-01-11T03:51:28.0541301Z ##[group]Runner Image
2026-01-11T03:51:28.0541843Z Image: ubuntu-24.04
2026-01-11T03:51:28.0542457Z Version: 20260105.202.1
2026-01-11T03:51:28.0543636Z Included Software: https://github.com/actions/runner-images/blob/ubuntu24/20260105.202/images/ubuntu/Ubuntu2404-Readme.md
2026-01-11T03:51:28.0545155Z Image Release: https://github.com/actions/runner-images/releases/tag/ubuntu24%2F20260105.202
2026-01-11T03:51:28.0546229Z ##[endgroup]
2026-01-11T03:51:28.0547197Z ##[group]GITHUB_TOKEN Permissions
2026-01-11T03:51:28.0549285Z Contents: write
2026-01-11T03:51:28.0549846Z Metadata: read
2026-01-11T03:51:28.0550298Z ##[endgroup]
2026-01-11T03:51:28.0552494Z Secret source: Actions
2026-01-11T03:51:28.0553397Z Prepare workflow directory
2026-01-11T03:51:28.0901985Z Prepare all required actions
2026-01-11T03:51:28.0958818Z Getting action download info
2026-01-11T03:51:28.5093670Z Download action repository 'actions/checkout@v6.0.1' (SHA:8e8c483db84b4bee98b60c0593521ed34d9990e8)
2026-01-11T03:51:28.6330114Z Download action repository 'actions/setup-python@v6.1.0' (SHA:83679a892e2d95755f2dac6acb0bfd1e9ac5d548)
2026-01-11T03:51:28.8549283Z Complete job name: Run Prioritzing Handler
2026-01-11T03:51:28.9245936Z ##[group]Run actions/checkout@v6.0.1
2026-01-11T03:51:28.9246787Z with:
2026-01-11T03:51:28.9247147Z   ref: main
2026-01-11T03:51:28.9247565Z   repository: Boss-1s/scratchattach
2026-01-11T03:51:28.9248241Z   token: ***
2026-01-11T03:51:28.9248610Z   ssh-strict: true
2026-01-11T03:51:28.9249000Z   ssh-user: git
2026-01-11T03:51:28.9249382Z   persist-credentials: true
2026-01-11T03:51:28.9249817Z   clean: true
2026-01-11T03:51:28.9250217Z   sparse-checkout-cone-mode: true
2026-01-11T03:51:28.9250676Z   fetch-depth: 1
2026-01-11T03:51:28.9251055Z   fetch-tags: false
2026-01-11T03:51:28.9251453Z   show-progress: true
2026-01-11T03:51:28.9251853Z   lfs: false
2026-01-11T03:51:28.9252218Z   submodules: false
2026-01-11T03:51:28.9252617Z   set-safe-directory: true
2026-01-11T03:51:28.9253471Z ##[endgroup]
2026-01-11T03:51:29.0204667Z Syncing repository: Boss-1s/scratchattach
2026-01-11T03:51:29.0206711Z ##[group]Getting Git version info
2026-01-11T03:51:29.0207664Z Working directory is '/home/runner/work/scratchattach/scratchattach'
2026-01-11T03:51:29.0209297Z [command]/usr/bin/git version
2026-01-11T03:51:29.0283002Z git version 2.52.0
2026-01-11T03:51:29.0311456Z ##[endgroup]
2026-01-11T03:51:29.0326555Z Temporarily overriding HOME='/home/runner/work/_temp/b1246518-7fe0-4764-9ed8-7dfb078f5837' before making global git config changes
2026-01-11T03:51:29.0327903Z Adding repository directory to the temporary git global config as a safe directory
2026-01-11T03:51:29.0332165Z [command]/usr/bin/git config --global --add safe.directory /home/runner/work/scratchattach/scratchattach
2026-01-11T03:51:29.0374683Z Deleting the contents of '/home/runner/work/scratchattach/scratchattach'
2026-01-11T03:51:29.0377934Z ##[group]Initializing the repository
2026-01-11T03:51:29.0383129Z [command]/usr/bin/git init /home/runner/work/scratchattach/scratchattach
2026-01-11T03:51:29.0551745Z hint: Using 'master' as the name for the initial branch. This default branch name
2026-01-11T03:51:29.0553042Z hint: will change to "main" in Git 3.0. To configure the initial branch name
2026-01-11T03:51:29.0554360Z hint: to use in all of your new repositories, which will suppress this warning,
2026-01-11T03:51:29.0555498Z hint: call:
2026-01-11T03:51:29.0556448Z hint:
2026-01-11T03:51:29.0557234Z hint: 	git config --global init.defaultBranch <name>
2026-01-11T03:51:29.0557972Z hint:
2026-01-11T03:51:29.0558809Z hint: Names commonly chosen instead of 'master' are 'main', 'trunk' and
2026-01-11T03:51:29.0560103Z hint: 'development'. The just-created branch can be renamed via this command:
2026-01-11T03:51:29.0560853Z hint:
2026-01-11T03:51:29.0561242Z hint: 	git branch -m <name>
2026-01-11T03:51:29.0561697Z hint:
2026-01-11T03:51:29.0562508Z hint: Disable this message with "git config set advice.defaultBranchName false"
2026-01-11T03:51:29.0564150Z Initialized empty Git repository in /home/runner/work/scratchattach/scratchattach/.git/
2026-01-11T03:51:29.0568595Z [command]/usr/bin/git remote add origin https://github.com/Boss-1s/scratchattach
2026-01-11T03:51:29.0642788Z ##[endgroup]
2026-01-11T03:51:29.0643852Z ##[group]Disabling automatic garbage collection
2026-01-11T03:51:29.0647183Z [command]/usr/bin/git config --local gc.auto 0
2026-01-11T03:51:29.0677519Z ##[endgroup]
2026-01-11T03:51:29.0678192Z ##[group]Setting up auth
2026-01-11T03:51:29.0679008Z Removing SSH command configuration
2026-01-11T03:51:29.0685924Z [command]/usr/bin/git config --local --name-only --get-regexp core\.sshCommand
2026-01-11T03:51:29.0717816Z [command]/usr/bin/git submodule foreach --recursive sh -c "git config --local --name-only --get-regexp 'core\.sshCommand' && git config --local --unset-all 'core.sshCommand' || :"
2026-01-11T03:51:29.1075692Z Removing HTTP extra header
2026-01-11T03:51:29.1081729Z [command]/usr/bin/git config --local --name-only --get-regexp http\.https\:\/\/github\.com\/\.extraheader
2026-01-11T03:51:29.1115137Z [command]/usr/bin/git submodule foreach --recursive sh -c "git config --local --name-only --get-regexp 'http\.https\:\/\/github\.com\/\.extraheader' && git config --local --unset-all 'http.https://github.com/.extraheader' || :"
2026-01-11T03:51:29.1351955Z Removing includeIf entries pointing to credentials config files
2026-01-11T03:51:29.1357257Z [command]/usr/bin/git config --local --name-only --get-regexp ^includeIf\.gitdir:
2026-01-11T03:51:29.1390682Z [command]/usr/bin/git submodule foreach --recursive git config --local --show-origin --name-only --get-regexp remote.origin.url
2026-01-11T03:51:29.1638767Z [command]/usr/bin/git config --file /home/runner/work/_temp/git-credentials-8e61a36d-3012-4c6a-bb87-024a75a4ab9b.config http.https://github.com/.extraheader AUTHORIZATION: basic ***
2026-01-11T03:51:29.1677334Z [command]/usr/bin/git config --local includeIf.gitdir:/home/runner/work/scratchattach/scratchattach/.git.path /home/runner/work/_temp/git-credentials-8e61a36d-3012-4c6a-bb87-024a75a4ab9b.config
2026-01-11T03:51:29.1707524Z [command]/usr/bin/git config --local includeIf.gitdir:/home/runner/work/scratchattach/scratchattach/.git/worktrees/*.path /home/runner/work/_temp/git-credentials-8e61a36d-3012-4c6a-bb87-024a75a4ab9b.config
2026-01-11T03:51:29.1736593Z [command]/usr/bin/git config --local includeIf.gitdir:/github/workspace/.git.path /github/runner_temp/git-credentials-8e61a36d-3012-4c6a-bb87-024a75a4ab9b.config
2026-01-11T03:51:29.1766402Z [command]/usr/bin/git config --local includeIf.gitdir:/github/workspace/.git/worktrees/*.path /github/runner_temp/git-credentials-8e61a36d-3012-4c6a-bb87-024a75a4ab9b.config
2026-01-11T03:51:29.1791274Z ##[endgroup]
2026-01-11T03:51:29.1791994Z ##[group]Fetching the repository
2026-01-11T03:51:29.1800613Z [command]/usr/bin/git -c protocol.version=2 fetch --no-tags --prune --no-recurse-submodules --depth=1 origin +refs/heads/main*:refs/remotes/origin/main* +refs/tags/main*:refs/tags/main*
2026-01-11T03:51:43.9852827Z From https://github.com/Boss-1s/scratchattach
2026-01-11T03:51:43.9853708Z  * [new branch]      main       -> origin/main
2026-01-11T03:51:43.9881479Z ##[endgroup]
2026-01-11T03:51:43.9882384Z ##[group]Determining the checkout info
2026-01-11T03:51:43.9889377Z [command]/usr/bin/git branch --list --remote origin/main
2026-01-11T03:51:43.9920119Z   origin/main
2026-01-11T03:51:43.9924781Z ##[endgroup]
2026-01-11T03:51:43.9928825Z [command]/usr/bin/git sparse-checkout disable
2026-01-11T03:51:43.9970126Z [command]/usr/bin/git config --local --unset-all extensions.worktreeConfig
2026-01-11T03:51:43.9996640Z ##[group]Checking out the ref
2026-01-11T03:51:44.0000048Z [command]/usr/bin/git checkout --progress --force -B main refs/remotes/origin/main
2026-01-11T03:51:45.3698870Z Updating files:  86% (2611/3030)
2026-01-11T03:51:45.6647047Z Updating files:  87% (2637/3030)
2026-01-11T03:51:45.6682177Z Updating files:  88% (2667/3030)
2026-01-11T03:51:45.6720173Z Updating files:  89% (2697/3030)
2026-01-11T03:51:45.8749700Z Updating files:  90% (2727/3030)
2026-01-11T03:51:45.8775762Z Updating files:  91% (2758/3030)
2026-01-11T03:51:46.0125960Z Updating files:  92% (2788/3030)
2026-01-11T03:51:46.1041160Z Updating files:  92% (2808/3030)
2026-01-11T03:51:46.6644392Z Updating files:  93% (2818/3030)
2026-01-11T03:51:46.8786026Z Updating files:  94% (2849/3030)
2026-01-11T03:51:47.0472717Z Updating files:  95% (2879/3030)
2026-01-11T03:51:47.2671455Z Updating files:  95% (2897/3030)
2026-01-11T03:51:47.2741975Z Updating files:  96% (2909/3030)
2026-01-11T03:51:47.4815647Z Updating files:  97% (2940/3030)
2026-01-11T03:51:48.0170703Z Updating files:  98% (2970/3030)
2026-01-11T03:51:48.0614617Z Updating files:  98% (2998/3030)
2026-01-11T03:51:48.3695891Z Updating files:  99% (3000/3030)
2026-01-11T03:51:48.3696456Z Updating files: 100% (3030/3030)
2026-01-11T03:51:48.3696945Z Updating files: 100% (3030/3030), done.
2026-01-11T03:51:48.3730742Z Switched to a new branch 'main'
2026-01-11T03:51:48.3734060Z branch 'main' set up to track 'origin/main'.
2026-01-11T03:51:48.3858275Z ##[endgroup]
2026-01-11T03:51:48.3903079Z [command]/usr/bin/git log -1 --format=%H
2026-01-11T03:51:48.3929179Z 3c202e389e75110248b43fb4e6a4763b615906e3
2026-01-11T03:51:48.4157134Z ##[group]Run actions/setup-python@v6.1.0
2026-01-11T03:51:48.4157450Z with:
2026-01-11T03:51:48.4157657Z   python-version: 3.13
2026-01-11T03:51:48.4157885Z   check-latest: false
2026-01-11T03:51:48.4158225Z   token: ***
2026-01-11T03:51:48.4158420Z   update-environment: true
2026-01-11T03:51:48.4158665Z   allow-prereleases: false
2026-01-11T03:51:48.4158881Z   freethreaded: false
2026-01-11T03:51:48.4159076Z ##[endgroup]
2026-01-11T03:51:48.5407126Z ##[group]Installed versions
2026-01-11T03:51:48.5982532Z (node:2113) [DEP0040] DeprecationWarning: The `punycode` module is deprecated. Please use a userland alternative instead.
2026-01-11T03:51:48.5984157Z (Use `node --trace-deprecation ...` to show where the warning was created)
2026-01-11T03:51:48.5984910Z Successfully set up CPython (3.13.11)
2026-01-11T03:51:48.5985662Z ##[endgroup]
2026-01-11T03:51:48.6196550Z ##[group]Run pip install -r requirements.txt
2026-01-11T03:51:48.6197017Z [36;1mpip install -r requirements.txt[0m
2026-01-11T03:51:48.6312053Z shell: /usr/bin/bash -e {0}
2026-01-11T03:51:48.6312316Z env:
2026-01-11T03:51:48.6312584Z   pythonLocation: /opt/hostedtoolcache/Python/3.13.11/x64
2026-01-11T03:51:48.6313061Z   PKG_CONFIG_PATH: /opt/hostedtoolcache/Python/3.13.11/x64/lib/pkgconfig
2026-01-11T03:51:48.6313648Z   Python_ROOT_DIR: /opt/hostedtoolcache/Python/3.13.11/x64
2026-01-11T03:51:48.6314006Z   Python2_ROOT_DIR: /opt/hostedtoolcache/Python/3.13.11/x64
2026-01-11T03:51:48.6314376Z   Python3_ROOT_DIR: /opt/hostedtoolcache/Python/3.13.11/x64
2026-01-11T03:51:48.6314753Z   LD_LIBRARY_PATH: /opt/hostedtoolcache/Python/3.13.11/x64/lib
2026-01-11T03:51:48.6315077Z ##[endgroup]
2026-01-11T03:51:51.3171262Z Collecting scratchattach>=2.1.15b0 (from -r requirements.txt (line 1))
2026-01-11T03:51:51.3757366Z   Downloading scratchattach-2.1.15b0-py3-none-any.whl.metadata (5.7 kB)
2026-01-11T03:51:51.4142192Z Collecting websocket-client (from scratchattach>=2.1.15b0->-r requirements.txt (line 1))
2026-01-11T03:51:51.4182672Z   Downloading websocket_client-1.9.0-py3-none-any.whl.metadata (8.3 kB)
2026-01-11T03:51:51.4487570Z Collecting requests (from scratchattach>=2.1.15b0->-r requirements.txt (line 1))
2026-01-11T03:51:51.4532546Z   Downloading requests-2.32.5-py3-none-any.whl.metadata (4.9 kB)
2026-01-11T03:51:51.4675662Z Collecting bs4 (from scratchattach>=2.1.15b0->-r requirements.txt (line 1))
2026-01-11T03:51:51.4710178Z   Downloading bs4-0.0.2-py2.py3-none-any.whl.metadata (411 bytes)
2026-01-11T03:51:51.4929380Z Collecting SimpleWebSocketServer (from scratchattach>=2.1.15b0->-r requirements.txt (line 1))
2026-01-11T03:51:51.5009031Z   Downloading SimpleWebSocketServer-0.1.2.tar.gz (10 kB)
2026-01-11T03:51:51.5089322Z   Installing build dependencies: started
2026-01-11T03:51:52.8028268Z   Installing build dependencies: finished with status 'done'
2026-01-11T03:51:52.8034350Z   Getting requirements to build wheel: started
2026-01-11T03:51:53.2252070Z   Getting requirements to build wheel: finished with status 'done'
2026-01-11T03:51:53.2261076Z   Preparing metadata (pyproject.toml): started
2026-01-11T03:51:53.4199954Z   Preparing metadata (pyproject.toml): finished with status 'done'
2026-01-11T03:51:53.4377035Z Collecting typing-extensions (from scratchattach>=2.1.15b0->-r requirements.txt (line 1))
2026-01-11T03:51:53.4418346Z   Downloading typing_extensions-4.15.0-py3-none-any.whl.metadata (3.3 kB)
2026-01-11T03:51:53.5263100Z Collecting browser_cookie3 (from scratchattach>=2.1.15b0->-r requirements.txt (line 1))
2026-01-11T03:51:53.5341421Z   Downloading browser_cookie3-0.20.1-py3-none-any.whl.metadata (713 bytes)
2026-01-11T03:51:53.6009616Z Collecting lz4 (from browser_cookie3->scratchattach>=2.1.15b0->-r requirements.txt (line 1))
2026-01-11T03:51:53.6067262Z   Downloading lz4-4.4.5-cp313-cp313-manylinux2014_x86_64.manylinux_2_17_x86_64.manylinux_2_28_x86_64.whl.metadata (3.8 kB)
2026-01-11T03:51:53.6875454Z Collecting pycryptodomex (from browser_cookie3->scratchattach>=2.1.15b0->-r requirements.txt (line 1))
2026-01-11T03:51:53.6913864Z   Downloading pycryptodomex-3.23.0-cp37-abi3-manylinux_2_17_x86_64.manylinux2014_x86_64.whl.metadata (3.4 kB)
2026-01-11T03:51:53.7053576Z Collecting jeepney (from browser_cookie3->scratchattach>=2.1.15b0->-r requirements.txt (line 1))
2026-01-11T03:51:53.7155272Z   Downloading jeepney-0.9.0-py3-none-any.whl.metadata (1.2 kB)
2026-01-11T03:51:53.7296548Z Collecting beautifulsoup4 (from bs4->scratchattach>=2.1.15b0->-r requirements.txt (line 1))
2026-01-11T03:51:53.7330782Z   Downloading beautifulsoup4-4.14.3-py3-none-any.whl.metadata (3.8 kB)
2026-01-11T03:51:53.7548009Z Collecting soupsieve>=1.6.1 (from beautifulsoup4->bs4->scratchattach>=2.1.15b0->-r requirements.txt (line 1))
2026-01-11T03:51:53.7580936Z   Downloading soupsieve-2.8.1-py3-none-any.whl.metadata (4.6 kB)
2026-01-11T03:51:53.8493985Z Collecting charset_normalizer<4,>=2 (from requests->scratchattach>=2.1.15b0->-r requirements.txt (line 1))
2026-01-11T03:51:53.8532246Z   Downloading charset_normalizer-3.4.4-cp313-cp313-manylinux2014_x86_64.manylinux_2_17_x86_64.manylinux_2_28_x86_64.whl.metadata (37 kB)
2026-01-11T03:51:53.8724949Z Collecting idna<4,>=2.5 (from requests->scratchattach>=2.1.15b0->-r requirements.txt (line 1))
2026-01-11T03:51:53.8756509Z   Downloading idna-3.11-py3-none-any.whl.metadata (8.4 kB)
2026-01-11T03:51:53.9058613Z Collecting urllib3<3,>=1.21.1 (from requests->scratchattach>=2.1.15b0->-r requirements.txt (line 1))
2026-01-11T03:51:53.9102061Z   Downloading urllib3-2.6.3-py3-none-any.whl.metadata (6.9 kB)
2026-01-11T03:51:53.9346087Z Collecting certifi>=2017.4.17 (from requests->scratchattach>=2.1.15b0->-r requirements.txt (line 1))
2026-01-11T03:51:53.9383433Z   Downloading certifi-2026.1.4-py3-none-any.whl.metadata (2.5 kB)
2026-01-11T03:51:53.9510194Z Downloading scratchattach-2.1.15b0-py3-none-any.whl (145 kB)
2026-01-11T03:51:53.9605916Z Downloading browser_cookie3-0.20.1-py3-none-any.whl (17 kB)
2026-01-11T03:51:53.9699348Z Downloading bs4-0.0.2-py2.py3-none-any.whl (1.2 kB)
2026-01-11T03:51:53.9761615Z Downloading beautifulsoup4-4.14.3-py3-none-any.whl (107 kB)
2026-01-11T03:51:53.9826996Z Downloading soupsieve-2.8.1-py3-none-any.whl (36 kB)
2026-01-11T03:51:53.9881863Z Downloading typing_extensions-4.15.0-py3-none-any.whl (44 kB)
2026-01-11T03:51:53.9939026Z Downloading jeepney-0.9.0-py3-none-any.whl (49 kB)
2026-01-11T03:51:54.0027016Z Downloading lz4-4.4.5-cp313-cp313-manylinux2014_x86_64.manylinux_2_17_x86_64.manylinux_2_28_x86_64.whl (1.4 MB)
2026-01-11T03:51:54.0161066Z    ━━━━━━━━━━━━━━━━━━━━━━━━━━━━━━━━━━━━━━━━ 1.4/1.4 MB 105.4 MB/s  0:00:00
2026-01-11T03:51:54.0195414Z Downloading pycryptodomex-3.23.0-cp37-abi3-manylinux_2_17_x86_64.manylinux2014_x86_64.whl (2.3 MB)
2026-01-11T03:51:54.0363832Z    ━━━━━━━━━━━━━━━━━━━━━━━━━━━━━━━━━━━━━━━━ 2.3/2.3 MB 160.5 MB/s  0:00:00
2026-01-11T03:51:54.0398889Z Downloading requests-2.32.5-py3-none-any.whl (64 kB)
2026-01-11T03:51:54.0454072Z Downloading charset_normalizer-3.4.4-cp313-cp313-manylinux2014_x86_64.manylinux_2_17_x86_64.manylinux_2_28_x86_64.whl (153 kB)
2026-01-11T03:51:54.0516773Z Downloading idna-3.11-py3-none-any.whl (71 kB)
2026-01-11T03:51:54.0582416Z Downloading urllib3-2.6.3-py3-none-any.whl (131 kB)
2026-01-11T03:51:54.0685255Z Downloading certifi-2026.1.4-py3-none-any.whl (152 kB)
2026-01-11T03:51:54.0770502Z Downloading websocket_client-1.9.0-py3-none-any.whl (82 kB)
2026-01-11T03:51:54.0986658Z Building wheels for collected packages: SimpleWebSocketServer
2026-01-11T03:51:54.0994976Z   Building wheel for SimpleWebSocketServer (pyproject.toml): started
2026-01-11T03:51:54.3239074Z   Building wheel for SimpleWebSocketServer (pyproject.toml): finished with status 'done'
2026-01-11T03:51:54.3245440Z   Created wheel for SimpleWebSocketServer: filename=simplewebsocketserver-0.1.2-py3-none-any.whl size=9715 sha256=63a190ffacfd6737b9886f95b4d55e2d7bee3dad5f0d129f2143123b48334bb1
2026-01-11T03:51:54.3247705Z   Stored in directory: /home/runner/.cache/pip/wheels/c4/5b/e8/4f2c15a82edc4923058056f6681373168be02a0c00389a6dcf
2026-01-11T03:51:54.3265737Z Successfully built SimpleWebSocketServer
2026-01-11T03:51:54.3513929Z Installing collected packages: SimpleWebSocketServer, websocket-client, urllib3, typing-extensions, soupsieve, pycryptodomex, lz4, jeepney, idna, charset_normalizer, certifi, requests, browser_cookie3, beautifulsoup4, bs4, scratchattach
2026-01-11T03:51:55.4407133Z 
2026-01-11T03:51:55.4432830Z Successfully installed SimpleWebSocketServer-0.1.2 beautifulsoup4-4.14.3 browser_cookie3-0.20.1 bs4-0.0.2 certifi-2026.1.4 charset_normalizer-3.4.4 idna-3.11 jeepney-0.9.0 lz4-4.4.5 pycryptodomex-3.23.0 requests-2.32.5 scratchattach-2.1.15b0 soupsieve-2.8.1 typing-extensions-4.15.0 urllib3-2.6.3 websocket-client-1.9.0
2026-01-11T03:51:55.6438695Z ##[group]Run actions/checkout@v6.0.1
2026-01-11T03:51:55.6438972Z with:
2026-01-11T03:51:55.6439141Z   ref: main
2026-01-11T03:51:55.6439323Z   repository: Boss-1s/scratchattach
2026-01-11T03:51:55.6439694Z   token: ***
2026-01-11T03:51:55.6439878Z   ssh-strict: true
2026-01-11T03:51:55.6440055Z   ssh-user: git
2026-01-11T03:51:55.6440255Z   persist-credentials: true
2026-01-11T03:51:55.6440473Z   clean: true
2026-01-11T03:51:55.6440679Z   sparse-checkout-cone-mode: true
2026-01-11T03:51:55.6440925Z   fetch-depth: 1
2026-01-11T03:51:55.6441112Z   fetch-tags: false
2026-01-11T03:51:55.6441299Z   show-progress: true
2026-01-11T03:51:55.6441490Z   lfs: false
2026-01-11T03:51:55.6441654Z   submodules: false
2026-01-11T03:51:55.6441844Z   set-safe-directory: true
2026-01-11T03:51:55.6442049Z env:
2026-01-11T03:51:55.6442272Z   pythonLocation: /opt/hostedtoolcache/Python/3.13.11/x64
2026-01-11T03:51:55.6442677Z   PKG_CONFIG_PATH: /opt/hostedtoolcache/Python/3.13.11/x64/lib/pkgconfig
2026-01-11T03:51:55.6443104Z   Python_ROOT_DIR: /opt/hostedtoolcache/Python/3.13.11/x64
2026-01-11T03:51:55.6443683Z   Python2_ROOT_DIR: /opt/hostedtoolcache/Python/3.13.11/x64
2026-01-11T03:51:55.6444028Z   Python3_ROOT_DIR: /opt/hostedtoolcache/Python/3.13.11/x64
2026-01-11T03:51:55.6444384Z   LD_LIBRARY_PATH: /opt/hostedtoolcache/Python/3.13.11/x64/lib
2026-01-11T03:51:55.6444698Z ##[endgroup]
2026-01-11T03:51:55.7206002Z Syncing repository: Boss-1s/scratchattach
2026-01-11T03:51:55.7206990Z ##[group]Getting Git version info
2026-01-11T03:51:55.7207514Z Working directory is '/home/runner/work/scratchattach/scratchattach'
2026-01-11T03:51:55.7238473Z [command]/usr/bin/git version
2026-01-11T03:51:55.7272862Z git version 2.52.0
2026-01-11T03:51:55.7293001Z ##[endgroup]
2026-01-11T03:51:55.7306276Z Temporarily overriding HOME='/home/runner/work/_temp/09f00c5c-f8ad-459d-84e5-6881f29f28b5' before making global git config changes
2026-01-11T03:51:55.7307580Z Adding repository directory to the temporary git global config as a safe directory
2026-01-11T03:51:55.7310909Z [command]/usr/bin/git config --global --add safe.directory /home/runner/work/scratchattach/scratchattach
2026-01-11T03:51:55.7348221Z [command]/usr/bin/git config --local --get remote.origin.url
2026-01-11T03:51:55.7369392Z https://github.com/Boss-1s/scratchattach
2026-01-11T03:51:55.7382037Z ##[group]Removing previously created refs, to avoid conflicts
2026-01-11T03:51:55.7386094Z [command]/usr/bin/git rev-parse --symbolic-full-name --verify --quiet HEAD
2026-01-11T03:51:55.7406978Z refs/heads/main
2026-01-11T03:51:55.7416164Z [command]/usr/bin/git checkout --detach
2026-01-11T03:51:56.1264175Z HEAD is now at 3c202e3 [BOT] Download Logs
2026-01-11T03:51:56.1313051Z [command]/usr/bin/git branch --delete --force main
2026-01-11T03:51:56.1339821Z Deleted branch main (was 3c202e3).
2026-01-11T03:51:56.1375162Z ##[endgroup]
2026-01-11T03:51:56.1379760Z [command]/usr/bin/git submodule status
2026-01-11T03:51:56.1609263Z ##[group]Cleaning the repository
2026-01-11T03:51:56.1614392Z [command]/usr/bin/git clean -ffdx
2026-01-11T03:51:56.1667467Z [command]/usr/bin/git reset --hard HEAD
2026-01-11T03:51:56.1778550Z HEAD is now at 3c202e3 [BOT] Download Logs
2026-01-11T03:51:56.1815091Z ##[endgroup]
2026-01-11T03:51:56.1816555Z ##[group]Disabling automatic garbage collection
2026-01-11T03:51:56.1820491Z [command]/usr/bin/git config --local gc.auto 0
2026-01-11T03:51:56.1846399Z ##[endgroup]
2026-01-11T03:51:56.1846991Z ##[group]Setting up auth
2026-01-11T03:51:56.1848129Z Removing SSH command configuration
2026-01-11T03:51:56.1853783Z [command]/usr/bin/git config --local --name-only --get-regexp core\.sshCommand
2026-01-11T03:51:56.1883718Z [command]/usr/bin/git submodule foreach --recursive sh -c "git config --local --name-only --get-regexp 'core\.sshCommand' && git config --local --unset-all 'core.sshCommand' || :"
2026-01-11T03:51:56.2107575Z Removing HTTP extra header
2026-01-11T03:51:56.2112525Z [command]/usr/bin/git config --local --name-only --get-regexp http\.https\:\/\/github\.com\/\.extraheader
2026-01-11T03:51:56.2142762Z [command]/usr/bin/git submodule foreach --recursive sh -c "git config --local --name-only --get-regexp 'http\.https\:\/\/github\.com\/\.extraheader' && git config --local --unset-all 'http.https://github.com/.extraheader' || :"
2026-01-11T03:51:56.2362718Z Removing includeIf entries pointing to credentials config files
2026-01-11T03:51:56.2369101Z [command]/usr/bin/git config --local --name-only --get-regexp ^includeIf\.gitdir:
2026-01-11T03:51:56.2392118Z includeif.gitdir:/home/runner/work/scratchattach/scratchattach/.git.path
2026-01-11T03:51:56.2393107Z includeif.gitdir:/home/runner/work/scratchattach/scratchattach/.git/worktrees/*.path
2026-01-11T03:51:56.2394171Z includeif.gitdir:/github/workspace/.git.path
2026-01-11T03:51:56.2394527Z includeif.gitdir:/github/workspace/.git/worktrees/*.path
2026-01-11T03:51:56.2407647Z [command]/usr/bin/git config --local --get-all includeif.gitdir:/home/runner/work/scratchattach/scratchattach/.git.path
2026-01-11T03:51:56.2428506Z /home/runner/work/_temp/git-credentials-8e61a36d-3012-4c6a-bb87-024a75a4ab9b.config
2026-01-11T03:51:56.2438328Z [command]/usr/bin/git config --local --unset includeif.gitdir:/home/runner/work/scratchattach/scratchattach/.git.path /home/runner/work/_temp/git-credentials-8e61a36d-3012-4c6a-bb87-024a75a4ab9b.config
2026-01-11T03:51:56.2469863Z [command]/usr/bin/git config --local --get-all includeif.gitdir:/home/runner/work/scratchattach/scratchattach/.git/worktrees/*.path
2026-01-11T03:51:56.2490524Z /home/runner/work/_temp/git-credentials-8e61a36d-3012-4c6a-bb87-024a75a4ab9b.config
2026-01-11T03:51:56.2498879Z [command]/usr/bin/git config --local --unset includeif.gitdir:/home/runner/work/scratchattach/scratchattach/.git/worktrees/*.path /home/runner/work/_temp/git-credentials-8e61a36d-3012-4c6a-bb87-024a75a4ab9b.config
2026-01-11T03:51:56.2527590Z [command]/usr/bin/git config --local --get-all includeif.gitdir:/github/workspace/.git.path
2026-01-11T03:51:56.2547521Z /github/runner_temp/git-credentials-8e61a36d-3012-4c6a-bb87-024a75a4ab9b.config
2026-01-11T03:51:56.2555240Z [command]/usr/bin/git config --local --unset includeif.gitdir:/github/workspace/.git.path /github/runner_temp/git-credentials-8e61a36d-3012-4c6a-bb87-024a75a4ab9b.config
2026-01-11T03:51:56.2585401Z [command]/usr/bin/git config --local --get-all includeif.gitdir:/github/workspace/.git/worktrees/*.path
2026-01-11T03:51:56.2605317Z /github/runner_temp/git-credentials-8e61a36d-3012-4c6a-bb87-024a75a4ab9b.config
2026-01-11T03:51:56.2615693Z [command]/usr/bin/git config --local --unset includeif.gitdir:/github/workspace/.git/worktrees/*.path /github/runner_temp/git-credentials-8e61a36d-3012-4c6a-bb87-024a75a4ab9b.config
2026-01-11T03:51:56.2647704Z [command]/usr/bin/git submodule foreach --recursive git config --local --show-origin --name-only --get-regexp remote.origin.url
2026-01-11T03:51:56.2867686Z Removing credentials config '/home/runner/work/_temp/git-credentials-8e61a36d-3012-4c6a-bb87-024a75a4ab9b.config'
2026-01-11T03:51:56.2881009Z [command]/usr/bin/git config --file /home/runner/work/_temp/git-credentials-a7d74584-1392-4155-89e6-9d9edf3c061d.config http.https://github.com/.extraheader AUTHORIZATION: basic ***
2026-01-11T03:51:56.2916417Z [command]/usr/bin/git config --local includeIf.gitdir:/home/runner/work/scratchattach/scratchattach/.git.path /home/runner/work/_temp/git-credentials-a7d74584-1392-4155-89e6-9d9edf3c061d.config
2026-01-11T03:51:56.2944425Z [command]/usr/bin/git config --local includeIf.gitdir:/home/runner/work/scratchattach/scratchattach/.git/worktrees/*.path /home/runner/work/_temp/git-credentials-a7d74584-1392-4155-89e6-9d9edf3c061d.config
2026-01-11T03:51:56.2974656Z [command]/usr/bin/git config --local includeIf.gitdir:/github/workspace/.git.path /github/runner_temp/git-credentials-a7d74584-1392-4155-89e6-9d9edf3c061d.config
2026-01-11T03:51:56.3004388Z [command]/usr/bin/git config --local includeIf.gitdir:/github/workspace/.git/worktrees/*.path /github/runner_temp/git-credentials-a7d74584-1392-4155-89e6-9d9edf3c061d.config
2026-01-11T03:51:56.3029909Z ##[endgroup]
2026-01-11T03:51:56.3030512Z ##[group]Fetching the repository
2026-01-11T03:51:56.3040088Z [command]/usr/bin/git -c protocol.version=2 fetch --no-tags --prune --no-recurse-submodules --depth=1 origin +refs/heads/main*:refs/remotes/origin/main* +refs/tags/main*:refs/tags/main*
2026-01-11T03:51:56.7469014Z ##[endgroup]
2026-01-11T03:51:56.7469649Z ##[group]Determining the checkout info
2026-01-11T03:51:56.7476747Z [command]/usr/bin/git branch --list --remote origin/main
2026-01-11T03:51:56.7500691Z   origin/main
2026-01-11T03:51:56.7504981Z ##[endgroup]
2026-01-11T03:51:56.7509793Z [command]/usr/bin/git sparse-checkout disable
2026-01-11T03:51:56.7624544Z [command]/usr/bin/git config --local --unset-all extensions.worktreeConfig
2026-01-11T03:51:56.7651154Z ##[group]Checking out the ref
2026-01-11T03:51:56.7656004Z [command]/usr/bin/git checkout --progress --force -B main refs/remotes/origin/main
2026-01-11T03:51:56.7736172Z Switched to a new branch 'main'
2026-01-11T03:51:56.7738520Z branch 'main' set up to track 'origin/main'.
2026-01-11T03:51:56.7743957Z ##[endgroup]
2026-01-11T03:51:56.7787492Z [command]/usr/bin/git log -1 --format=%H
2026-01-11T03:51:56.7810306Z 3c202e389e75110248b43fb4e6a4763b615906e3
2026-01-11T03:51:56.7918324Z ##[group]Run python3 aesthetic_prioritizing.py
2026-01-11T03:51:56.7918681Z [36;1mpython3 aesthetic_prioritizing.py[0m
2026-01-11T03:51:56.7954589Z shell: /usr/bin/bash -e {0}
2026-01-11T03:51:56.7954983Z env:
2026-01-11T03:51:56.7955223Z   pythonLocation: /opt/hostedtoolcache/Python/3.13.11/x64
2026-01-11T03:51:56.7955648Z   PKG_CONFIG_PATH: /opt/hostedtoolcache/Python/3.13.11/x64/lib/pkgconfig
2026-01-11T03:51:56.7956054Z   Python_ROOT_DIR: /opt/hostedtoolcache/Python/3.13.11/x64
2026-01-11T03:51:56.7956408Z   Python2_ROOT_DIR: /opt/hostedtoolcache/Python/3.13.11/x64
2026-01-11T03:51:56.7956766Z   Python3_ROOT_DIR: /opt/hostedtoolcache/Python/3.13.11/x64
2026-01-11T03:51:56.7957130Z   LD_LIBRARY_PATH: /opt/hostedtoolcache/Python/3.13.11/x64/lib
2026-01-11T03:51:56.7957522Z   PASS: ***
2026-01-11T03:51:56.7957695Z ##[endgroup]
2026-01-11T03:51:58.1784835Z Prioritizing: Attempt 1
2026-01-11T03:51:58.1791864Z Projects already on top. No prioritizing needed.
2026-01-11T03:51:58.1798284Z Prioritized projects in your favorite list.
2026-01-11T03:51:58.1804543Z Prioritizing: Attempt 1
2026-01-11T03:51:58.5901917Z Unfollowed stuido 50609120
2026-01-11T03:52:33.5912425Z Followed studio 50609120 to move it to the top
2026-01-11T03:53:19.1467627Z Unfollowed stuido 50609126
2026-01-11T03:53:54.1479531Z Followed studio 50609126 to move it to the top
2026-01-11T03:54:39.7495796Z Unfollowed stuido 50609128
2026-01-11T03:55:14.7506709Z Followed studio 50609128 to move it to the top
2026-01-11T03:56:00.3641272Z Unfollowed stuido 50609129
2026-01-11T03:56:35.3651459Z Followed studio 50609129 to move it to the top
2026-01-11T03:57:20.5082678Z Prioritized studios in your favorite list.
2026-01-11T03:57:20.5469623Z Post job cleanup.
2026-01-11T03:57:20.6286959Z [command]/usr/bin/git version
2026-01-11T03:57:20.6356059Z git version 2.52.0
2026-01-11T03:57:20.6394701Z Temporarily overriding HOME='/home/runner/work/_temp/564c9527-bec7-4d49-b635-432e1b757ba5' before making global git config changes
2026-01-11T03:57:20.6395720Z Adding repository directory to the temporary git global config as a safe directory
2026-01-11T03:57:20.6401715Z [command]/usr/bin/git config --global --add safe.directory /home/runner/work/scratchattach/scratchattach
2026-01-11T03:57:20.6434855Z Removing SSH command configuration
2026-01-11T03:57:20.6441490Z [command]/usr/bin/git config --local --name-only --get-regexp core\.sshCommand
2026-01-11T03:57:20.6477548Z [command]/usr/bin/git submodule foreach --recursive sh -c "git config --local --name-only --get-regexp 'core\.sshCommand' && git config --local --unset-all 'core.sshCommand' || :"
2026-01-11T03:57:20.6710169Z Removing HTTP extra header
2026-01-11T03:57:20.6715529Z [command]/usr/bin/git config --local --name-only --get-regexp http\.https\:\/\/github\.com\/\.extraheader
2026-01-11T03:57:20.6749227Z [command]/usr/bin/git submodule foreach --recursive sh -c "git config --local --name-only --get-regexp 'http\.https\:\/\/github\.com\/\.extraheader' && git config --local --unset-all 'http.https://github.com/.extraheader' || :"
2026-01-11T03:57:20.6977598Z Removing includeIf entries pointing to credentials config files
2026-01-11T03:57:20.6984923Z [command]/usr/bin/git config --local --name-only --get-regexp ^includeIf\.gitdir:
2026-01-11T03:57:20.7008696Z includeif.gitdir:/home/runner/work/scratchattach/scratchattach/.git.path
2026-01-11T03:57:20.7009643Z includeif.gitdir:/home/runner/work/scratchattach/scratchattach/.git/worktrees/*.path
2026-01-11T03:57:20.7010469Z includeif.gitdir:/github/workspace/.git.path
2026-01-11T03:57:20.7011078Z includeif.gitdir:/github/workspace/.git/worktrees/*.path
2026-01-11T03:57:20.7019294Z [command]/usr/bin/git config --local --get-all includeif.gitdir:/home/runner/work/scratchattach/scratchattach/.git.path
2026-01-11T03:57:20.7042606Z /home/runner/work/_temp/git-credentials-a7d74584-1392-4155-89e6-9d9edf3c061d.config
2026-01-11T03:57:20.7052888Z [command]/usr/bin/git config --local --unset includeif.gitdir:/home/runner/work/scratchattach/scratchattach/.git.path /home/runner/work/_temp/git-credentials-a7d74584-1392-4155-89e6-9d9edf3c061d.config
2026-01-11T03:57:20.7086069Z [command]/usr/bin/git config --local --get-all includeif.gitdir:/home/runner/work/scratchattach/scratchattach/.git/worktrees/*.path
2026-01-11T03:57:20.7108443Z /home/runner/work/_temp/git-credentials-a7d74584-1392-4155-89e6-9d9edf3c061d.config
2026-01-11T03:57:20.7118477Z [command]/usr/bin/git config --local --unset includeif.gitdir:/home/runner/work/scratchattach/scratchattach/.git/worktrees/*.path /home/runner/work/_temp/git-credentials-a7d74584-1392-4155-89e6-9d9edf3c061d.config
2026-01-11T03:57:20.7150799Z [command]/usr/bin/git config --local --get-all includeif.gitdir:/github/workspace/.git.path
2026-01-11T03:57:20.7172485Z /github/runner_temp/git-credentials-a7d74584-1392-4155-89e6-9d9edf3c061d.config
2026-01-11T03:57:20.7181270Z [command]/usr/bin/git config --local --unset includeif.gitdir:/github/workspace/.git.path /github/runner_temp/git-credentials-a7d74584-1392-4155-89e6-9d9edf3c061d.config
2026-01-11T03:57:20.7212777Z [command]/usr/bin/git config --local --get-all includeif.gitdir:/github/workspace/.git/worktrees/*.path
2026-01-11T03:57:20.7233657Z /github/runner_temp/git-credentials-a7d74584-1392-4155-89e6-9d9edf3c061d.config
2026-01-11T03:57:20.7243518Z [command]/usr/bin/git config --local --unset includeif.gitdir:/github/workspace/.git/worktrees/*.path /github/runner_temp/git-credentials-a7d74584-1392-4155-89e6-9d9edf3c061d.config
2026-01-11T03:57:20.7275310Z [command]/usr/bin/git submodule foreach --recursive git config --local --show-origin --name-only --get-regexp remote.origin.url
2026-01-11T03:57:20.7506785Z Removing credentials config '/home/runner/work/_temp/git-credentials-a7d74584-1392-4155-89e6-9d9edf3c061d.config'
2026-01-11T03:57:20.7668562Z Post job cleanup.
2026-01-11T03:57:20.8827908Z (node:2554) [DEP0040] DeprecationWarning: The `punycode` module is deprecated. Please use a userland alternative instead.
2026-01-11T03:57:20.8829129Z (Use `node --trace-deprecation ...` to show where the warning was created)
2026-01-11T03:57:20.8950730Z Post job cleanup.
2026-01-11T03:57:20.9745285Z [command]/usr/bin/git version
2026-01-11T03:57:20.9783450Z git version 2.52.0
2026-01-11T03:57:20.9821129Z Temporarily overriding HOME='/home/runner/work/_temp/002617b2-0fa7-4293-acf3-3902b3a2131e' before making global git config changes
2026-01-11T03:57:20.9822507Z Adding repository directory to the temporary git global config as a safe directory
2026-01-11T03:57:20.9826409Z [command]/usr/bin/git config --global --add safe.directory /home/runner/work/scratchattach/scratchattach
2026-01-11T03:57:20.9856691Z Removing SSH command configuration
2026-01-11T03:57:20.9863144Z [command]/usr/bin/git config --local --name-only --get-regexp core\.sshCommand
2026-01-11T03:57:20.9921699Z [command]/usr/bin/git submodule foreach --recursive sh -c "git config --local --name-only --get-regexp 'core\.sshCommand' && git config --local --unset-all 'core.sshCommand' || :"
2026-01-11T03:57:21.0153964Z Removing HTTP extra header
2026-01-11T03:57:21.0158813Z [command]/usr/bin/git config --local --name-only --get-regexp http\.https\:\/\/github\.com\/\.extraheader
2026-01-11T03:57:21.0192609Z [command]/usr/bin/git submodule foreach --recursive sh -c "git config --local --name-only --get-regexp 'http\.https\:\/\/github\.com\/\.extraheader' && git config --local --unset-all 'http.https://github.com/.extraheader' || :"
2026-01-11T03:57:21.0435898Z Removing includeIf entries pointing to credentials config files
2026-01-11T03:57:21.0443724Z [command]/usr/bin/git config --local --name-only --get-regexp ^includeIf\.gitdir:
2026-01-11T03:57:21.0477196Z [command]/usr/bin/git submodule foreach --recursive git config --local --show-origin --name-only --get-regexp remote.origin.url
2026-01-11T03:57:21.0848794Z Cleaning up orphan processes
