2025-09-14T03:02:35.7671531Z Current runner version: '2.328.0'
2025-09-14T03:02:35.7695611Z ##[group]Runner Image Provisioner
2025-09-14T03:02:35.7696385Z Hosted Compute Agent
2025-09-14T03:02:35.7697011Z Version: 20250829.383
2025-09-14T03:02:35.7697830Z Commit: 27cb235aab5b0e52e153a26cd86b4742e89dac5d
2025-09-14T03:02:35.7698511Z Build Date: 2025-08-29T13:48:48Z
2025-09-14T03:02:35.7699170Z ##[endgroup]
2025-09-14T03:02:35.7699736Z ##[group]Operating System
2025-09-14T03:02:35.7700244Z Ubuntu
2025-09-14T03:02:35.7700758Z 24.04.3
2025-09-14T03:02:35.7701211Z LTS
2025-09-14T03:02:35.7701632Z ##[endgroup]
2025-09-14T03:02:35.7702158Z ##[group]Runner Image
2025-09-14T03:02:35.7702717Z Image: ubuntu-24.04
2025-09-14T03:02:35.7703213Z Version: 20250907.24.1
2025-09-14T03:02:35.7704265Z Included Software: https://github.com/actions/runner-images/blob/ubuntu24/20250907.24/images/ubuntu/Ubuntu2404-Readme.md
2025-09-14T03:02:35.7705781Z Image Release: https://github.com/actions/runner-images/releases/tag/ubuntu24%2F20250907.24
2025-09-14T03:02:35.7706838Z ##[endgroup]
2025-09-14T03:02:35.7708145Z ##[group]GITHUB_TOKEN Permissions
2025-09-14T03:02:35.7710547Z Contents: write
2025-09-14T03:02:35.7711177Z Metadata: read
2025-09-14T03:02:35.7711684Z ##[endgroup]
2025-09-14T03:02:35.7714610Z Secret source: Actions
2025-09-14T03:02:35.7715704Z Prepare workflow directory
2025-09-14T03:02:35.8049339Z Prepare all required actions
2025-09-14T03:02:35.8087365Z Getting action download info
2025-09-14T03:02:36.1609429Z Download action repository 'actions/checkout@v5.0.0' (SHA:08c6903cd8c0fde910a37f88322edcfb5dd907a8)
2025-09-14T03:02:36.3580173Z Download action repository 'actions/setup-python@v6.0.0' (SHA:e797f83bcb11b83ae66e0230d6156d7c80228e7c)
2025-09-14T03:02:36.7607779Z Download action repository 'bossOfCode/install-scratchattach@v1.0.3' (SHA:be17a7cf1ecb5a7040eb42ef26c2e1fbe72bb25a)
2025-09-14T03:02:37.1873012Z Complete job name: Run Prioritzing Handler
2025-09-14T03:02:37.2576307Z ##[group]Run actions/checkout@v5.0.0
2025-09-14T03:02:37.2577244Z with:
2025-09-14T03:02:37.2577873Z   ref: main
2025-09-14T03:02:37.2578305Z   repository: Boss-1s/scratchattach
2025-09-14T03:02:37.2579003Z   token: ***
2025-09-14T03:02:37.2579414Z   ssh-strict: true
2025-09-14T03:02:37.2579837Z   ssh-user: git
2025-09-14T03:02:37.2580262Z   persist-credentials: true
2025-09-14T03:02:37.2580738Z   clean: true
2025-09-14T03:02:37.2581170Z   sparse-checkout-cone-mode: true
2025-09-14T03:02:37.2581692Z   fetch-depth: 1
2025-09-14T03:02:37.2582149Z   fetch-tags: false
2025-09-14T03:02:37.2582591Z   show-progress: true
2025-09-14T03:02:37.2583030Z   lfs: false
2025-09-14T03:02:37.2583443Z   submodules: false
2025-09-14T03:02:37.2583878Z   set-safe-directory: true
2025-09-14T03:02:37.2584620Z ##[endgroup]
2025-09-14T03:02:37.3492960Z Syncing repository: Boss-1s/scratchattach
2025-09-14T03:02:37.3494773Z ##[group]Getting Git version info
2025-09-14T03:02:37.3495663Z Working directory is '/home/runner/work/scratchattach/scratchattach'
2025-09-14T03:02:37.3496731Z [command]/usr/bin/git version
2025-09-14T03:02:37.3550347Z git version 2.51.0
2025-09-14T03:02:37.3572778Z ##[endgroup]
2025-09-14T03:02:37.3586636Z Temporarily overriding HOME='/home/runner/work/_temp/25b51ef0-3291-4bff-9f4c-2c2a749d8a27' before making global git config changes
2025-09-14T03:02:37.3588759Z Adding repository directory to the temporary git global config as a safe directory
2025-09-14T03:02:37.3591120Z [command]/usr/bin/git config --global --add safe.directory /home/runner/work/scratchattach/scratchattach
2025-09-14T03:02:37.3626231Z Deleting the contents of '/home/runner/work/scratchattach/scratchattach'
2025-09-14T03:02:37.3629811Z ##[group]Initializing the repository
2025-09-14T03:02:37.3634392Z [command]/usr/bin/git init /home/runner/work/scratchattach/scratchattach
2025-09-14T03:02:37.3754143Z hint: Using 'master' as the name for the initial branch. This default branch name
2025-09-14T03:02:37.3756043Z hint: is subject to change. To configure the initial branch name to use in all
2025-09-14T03:02:37.3757986Z hint: of your new repositories, which will suppress this warning, call:
2025-09-14T03:02:37.3759194Z hint:
2025-09-14T03:02:37.3759936Z hint: 	git config --global init.defaultBranch <name>
2025-09-14T03:02:37.3760633Z hint:
2025-09-14T03:02:37.3761288Z hint: Names commonly chosen instead of 'master' are 'main', 'trunk' and
2025-09-14T03:02:37.3762378Z hint: 'development'. The just-created branch can be renamed via this command:
2025-09-14T03:02:37.3763278Z hint:
2025-09-14T03:02:37.3763997Z hint: 	git branch -m <name>
2025-09-14T03:02:37.3764825Z hint:
2025-09-14T03:02:37.3765587Z hint: Disable this message with "git config set advice.defaultBranchName false"
2025-09-14T03:02:37.3766734Z Initialized empty Git repository in /home/runner/work/scratchattach/scratchattach/.git/
2025-09-14T03:02:37.3769598Z [command]/usr/bin/git remote add origin https://github.com/Boss-1s/scratchattach
2025-09-14T03:02:37.3805775Z ##[endgroup]
2025-09-14T03:02:37.3806567Z ##[group]Disabling automatic garbage collection
2025-09-14T03:02:37.3810977Z [command]/usr/bin/git config --local gc.auto 0
2025-09-14T03:02:37.3838645Z ##[endgroup]
2025-09-14T03:02:37.3840049Z ##[group]Setting up auth
2025-09-14T03:02:37.3845624Z [command]/usr/bin/git config --local --name-only --get-regexp core\.sshCommand
2025-09-14T03:02:37.3875595Z [command]/usr/bin/git submodule foreach --recursive sh -c "git config --local --name-only --get-regexp 'core\.sshCommand' && git config --local --unset-all 'core.sshCommand' || :"
2025-09-14T03:02:37.4183993Z [command]/usr/bin/git config --local --name-only --get-regexp http\.https\:\/\/github\.com\/\.extraheader
2025-09-14T03:02:37.4213570Z [command]/usr/bin/git submodule foreach --recursive sh -c "git config --local --name-only --get-regexp 'http\.https\:\/\/github\.com\/\.extraheader' && git config --local --unset-all 'http.https://github.com/.extraheader' || :"
2025-09-14T03:02:37.4431895Z [command]/usr/bin/git config --local http.https://github.com/.extraheader AUTHORIZATION: basic ***
2025-09-14T03:02:37.4465270Z ##[endgroup]
2025-09-14T03:02:37.4466128Z ##[group]Fetching the repository
2025-09-14T03:02:37.4474296Z [command]/usr/bin/git -c protocol.version=2 fetch --no-tags --prune --no-recurse-submodules --depth=1 origin +refs/heads/main*:refs/remotes/origin/main* +refs/tags/main*:refs/tags/main*
2025-09-14T03:02:38.0595134Z From https://github.com/Boss-1s/scratchattach
2025-09-14T03:02:38.0596392Z  * [new branch]      main       -> origin/main
2025-09-14T03:02:38.0640244Z ##[endgroup]
2025-09-14T03:02:38.0641573Z ##[group]Determining the checkout info
2025-09-14T03:02:38.0646688Z [command]/usr/bin/git branch --list --remote origin/main
2025-09-14T03:02:38.0670328Z   origin/main
2025-09-14T03:02:38.0675832Z ##[endgroup]
2025-09-14T03:02:38.0679728Z [command]/usr/bin/git sparse-checkout disable
2025-09-14T03:02:38.0718855Z [command]/usr/bin/git config --local --unset-all extensions.worktreeConfig
2025-09-14T03:02:38.0744993Z ##[group]Checking out the ref
2025-09-14T03:02:38.0748609Z [command]/usr/bin/git checkout --progress --force -B main refs/remotes/origin/main
2025-09-14T03:02:38.1748332Z Switched to a new branch 'main'
2025-09-14T03:02:38.1751352Z branch 'main' set up to track 'origin/main'.
2025-09-14T03:02:38.1766535Z ##[endgroup]
2025-09-14T03:02:38.1804292Z [command]/usr/bin/git log -1 --format=%H
2025-09-14T03:02:38.1827036Z 0b12872f7dd0c112f4d50d5123e719b7b1e158e8
2025-09-14T03:02:38.2135103Z ##[group]Run actions/setup-python@v6.0.0
2025-09-14T03:02:38.2136368Z with:
2025-09-14T03:02:38.2137221Z   python-version: 3.13
2025-09-14T03:02:38.2138351Z   check-latest: false
2025-09-14T03:02:38.2139591Z   token: ***
2025-09-14T03:02:38.2140504Z   update-environment: true
2025-09-14T03:02:38.2141581Z   allow-prereleases: false
2025-09-14T03:02:38.2142634Z   freethreaded: false
2025-09-14T03:02:38.2143610Z ##[endgroup]
2025-09-14T03:02:38.3407111Z ##[group]Installed versions
2025-09-14T03:02:38.3968004Z (node:2046) [DEP0040] DeprecationWarning: The `punycode` module is deprecated. Please use a userland alternative instead.
2025-09-14T03:02:38.3972143Z (Use `node --trace-deprecation ...` to show where the warning was created)
2025-09-14T03:02:38.3975180Z Successfully set up CPython (3.13.7)
2025-09-14T03:02:38.3978095Z ##[endgroup]
2025-09-14T03:02:38.4159101Z ##[group]Run bossOfCode/install-scratchattach@v1.0.3
2025-09-14T03:02:38.4160341Z env:
2025-09-14T03:02:38.4161294Z   pythonLocation: /opt/hostedtoolcache/Python/3.13.7/x64
2025-09-14T03:02:38.4162943Z   PKG_CONFIG_PATH: /opt/hostedtoolcache/Python/3.13.7/x64/lib/pkgconfig
2025-09-14T03:02:38.4164582Z   Python_ROOT_DIR: /opt/hostedtoolcache/Python/3.13.7/x64
2025-09-14T03:02:38.4166053Z   Python2_ROOT_DIR: /opt/hostedtoolcache/Python/3.13.7/x64
2025-09-14T03:02:38.4167774Z   Python3_ROOT_DIR: /opt/hostedtoolcache/Python/3.13.7/x64
2025-09-14T03:02:38.4169311Z   LD_LIBRARY_PATH: /opt/hostedtoolcache/Python/3.13.7/x64/lib
2025-09-14T03:02:38.4170565Z ##[endgroup]
2025-09-14T03:02:38.4266925Z ##[group]Run python3 -m pip install --upgrade pip
2025-09-14T03:02:38.4268467Z [36;1mpython3 -m pip install --upgrade pip[0m
2025-09-14T03:02:38.4526047Z shell: /usr/bin/bash --noprofile --norc -e -o pipefail {0}
2025-09-14T03:02:38.4527362Z env:
2025-09-14T03:02:38.4528662Z   pythonLocation: /opt/hostedtoolcache/Python/3.13.7/x64
2025-09-14T03:02:38.4530322Z   PKG_CONFIG_PATH: /opt/hostedtoolcache/Python/3.13.7/x64/lib/pkgconfig
2025-09-14T03:02:38.4531957Z   Python_ROOT_DIR: /opt/hostedtoolcache/Python/3.13.7/x64
2025-09-14T03:02:38.4533403Z   Python2_ROOT_DIR: /opt/hostedtoolcache/Python/3.13.7/x64
2025-09-14T03:02:38.4534851Z   Python3_ROOT_DIR: /opt/hostedtoolcache/Python/3.13.7/x64
2025-09-14T03:02:38.4536402Z   LD_LIBRARY_PATH: /opt/hostedtoolcache/Python/3.13.7/x64/lib
2025-09-14T03:02:38.4537839Z ##[endgroup]
2025-09-14T03:02:43.2952889Z Requirement already satisfied: pip in /opt/hostedtoolcache/Python/3.13.7/x64/lib/python3.13/site-packages (25.2)
2025-09-14T03:02:43.5173020Z ##[group]Run pip install -U scratchattach
2025-09-14T03:02:43.5173360Z [36;1mpip install -U scratchattach[0m
2025-09-14T03:02:43.5204030Z shell: /usr/bin/bash --noprofile --norc -e -o pipefail {0}
2025-09-14T03:02:43.5204345Z env:
2025-09-14T03:02:43.5204588Z   pythonLocation: /opt/hostedtoolcache/Python/3.13.7/x64
2025-09-14T03:02:43.5204978Z   PKG_CONFIG_PATH: /opt/hostedtoolcache/Python/3.13.7/x64/lib/pkgconfig
2025-09-14T03:02:43.5205375Z   Python_ROOT_DIR: /opt/hostedtoolcache/Python/3.13.7/x64
2025-09-14T03:02:43.5205726Z   Python2_ROOT_DIR: /opt/hostedtoolcache/Python/3.13.7/x64
2025-09-14T03:02:43.5206073Z   Python3_ROOT_DIR: /opt/hostedtoolcache/Python/3.13.7/x64
2025-09-14T03:02:43.5206428Z   LD_LIBRARY_PATH: /opt/hostedtoolcache/Python/3.13.7/x64/lib
2025-09-14T03:02:43.5206705Z ##[endgroup]
2025-09-14T03:02:44.4355846Z Collecting scratchattach
2025-09-14T03:02:44.5009452Z   Downloading scratchattach-2.1.13-py3-none-any.whl.metadata (5.5 kB)
2025-09-14T03:02:44.5231764Z Collecting websocket-client (from scratchattach)
2025-09-14T03:02:44.5371457Z   Downloading websocket_client-1.8.0-py3-none-any.whl.metadata (8.0 kB)
2025-09-14T03:02:44.5661064Z Collecting requests (from scratchattach)
2025-09-14T03:02:44.5799110Z   Downloading requests-2.32.5-py3-none-any.whl.metadata (4.9 kB)
2025-09-14T03:02:44.5943923Z Collecting bs4 (from scratchattach)
2025-09-14T03:02:44.6081117Z   Downloading bs4-0.0.2-py2.py3-none-any.whl.metadata (411 bytes)
2025-09-14T03:02:44.6209584Z Collecting SimpleWebSocketServer (from scratchattach)
2025-09-14T03:02:44.6353210Z   Downloading SimpleWebSocketServer-0.1.2.tar.gz (10 kB)
2025-09-14T03:02:44.6438137Z   Installing build dependencies: started
2025-09-14T03:02:45.9900846Z   Installing build dependencies: finished with status 'done'
2025-09-14T03:02:45.9906858Z   Getting requirements to build wheel: started
2025-09-14T03:02:46.4088565Z   Getting requirements to build wheel: finished with status 'done'
2025-09-14T03:02:46.4096983Z   Preparing metadata (pyproject.toml): started
2025-09-14T03:02:46.6010169Z   Preparing metadata (pyproject.toml): finished with status 'done'
2025-09-14T03:02:46.6174310Z Collecting typing-extensions (from scratchattach)
2025-09-14T03:02:46.6313406Z   Downloading typing_extensions-4.15.0-py3-none-any.whl.metadata (3.3 kB)
2025-09-14T03:02:46.6484959Z Collecting beautifulsoup4 (from bs4->scratchattach)
2025-09-14T03:02:46.6621860Z   Downloading beautifulsoup4-4.13.5-py3-none-any.whl.metadata (3.8 kB)
2025-09-14T03:02:46.6810209Z Collecting soupsieve>1.2 (from beautifulsoup4->bs4->scratchattach)
2025-09-14T03:02:46.6946331Z   Downloading soupsieve-2.8-py3-none-any.whl.metadata (4.6 kB)
2025-09-14T03:02:46.7789199Z Collecting charset_normalizer<4,>=2 (from requests->scratchattach)
2025-09-14T03:02:46.7930433Z   Downloading charset_normalizer-3.4.3-cp313-cp313-manylinux2014_x86_64.manylinux_2_17_x86_64.manylinux_2_28_x86_64.whl.metadata (36 kB)
2025-09-14T03:02:46.8176757Z Collecting idna<4,>=2.5 (from requests->scratchattach)
2025-09-14T03:02:46.8313484Z   Downloading idna-3.10-py3-none-any.whl.metadata (10 kB)
2025-09-14T03:02:46.8593187Z Collecting urllib3<3,>=1.21.1 (from requests->scratchattach)
2025-09-14T03:02:46.8735958Z   Downloading urllib3-2.5.0-py3-none-any.whl.metadata (6.5 kB)
2025-09-14T03:02:46.8975075Z Collecting certifi>=2017.4.17 (from requests->scratchattach)
2025-09-14T03:02:46.9111804Z   Downloading certifi-2025.8.3-py3-none-any.whl.metadata (2.4 kB)
2025-09-14T03:02:46.9310726Z Downloading scratchattach-2.1.13-py3-none-any.whl (141 kB)
2025-09-14T03:02:46.9634579Z Downloading bs4-0.0.2-py2.py3-none-any.whl (1.2 kB)
2025-09-14T03:02:46.9789324Z Downloading beautifulsoup4-4.13.5-py3-none-any.whl (105 kB)
2025-09-14T03:02:46.9969998Z Downloading soupsieve-2.8-py3-none-any.whl (36 kB)
2025-09-14T03:02:47.0131686Z Downloading typing_extensions-4.15.0-py3-none-any.whl (44 kB)
2025-09-14T03:02:47.0291308Z Downloading requests-2.32.5-py3-none-any.whl (64 kB)
2025-09-14T03:02:47.0453976Z Downloading charset_normalizer-3.4.3-cp313-cp313-manylinux2014_x86_64.manylinux_2_17_x86_64.manylinux_2_28_x86_64.whl (151 kB)
2025-09-14T03:02:47.0642583Z Downloading idna-3.10-py3-none-any.whl (70 kB)
2025-09-14T03:02:47.0810012Z Downloading urllib3-2.5.0-py3-none-any.whl (129 kB)
2025-09-14T03:02:47.0989696Z Downloading certifi-2025.8.3-py3-none-any.whl (161 kB)
2025-09-14T03:02:47.1172133Z Downloading websocket_client-1.8.0-py3-none-any.whl (58 kB)
2025-09-14T03:02:47.1305436Z Building wheels for collected packages: SimpleWebSocketServer
2025-09-14T03:02:47.1313863Z   Building wheel for SimpleWebSocketServer (pyproject.toml): started
2025-09-14T03:02:47.3542220Z   Building wheel for SimpleWebSocketServer (pyproject.toml): finished with status 'done'
2025-09-14T03:02:47.3547325Z   Created wheel for SimpleWebSocketServer: filename=simplewebsocketserver-0.1.2-py3-none-any.whl size=9715 sha256=8bbd141ccc42069b6ddf3105010c980715ab15df37f03dbb4cf45d2e48a51a57
2025-09-14T03:02:47.3549543Z   Stored in directory: /home/runner/.cache/pip/wheels/c4/5b/e8/4f2c15a82edc4923058056f6681373168be02a0c00389a6dcf
2025-09-14T03:02:47.3567741Z Successfully built SimpleWebSocketServer
2025-09-14T03:02:47.3748645Z Installing collected packages: SimpleWebSocketServer, websocket-client, urllib3, typing-extensions, soupsieve, idna, charset_normalizer, certifi, requests, beautifulsoup4, bs4, scratchattach
2025-09-14T03:02:47.9452488Z 
2025-09-14T03:02:47.9473768Z Successfully installed SimpleWebSocketServer-0.1.2 beautifulsoup4-4.13.5 bs4-0.0.2 certifi-2025.8.3 charset_normalizer-3.4.3 idna-3.10 requests-2.32.5 scratchattach-2.1.13 soupsieve-2.8 typing-extensions-4.15.0 urllib3-2.5.0 websocket-client-1.8.0
2025-09-14T03:02:48.0294792Z ##[group]Run actions/checkout@v5.0.0
2025-09-14T03:02:48.0295067Z with:
2025-09-14T03:02:48.0295237Z   ref: main
2025-09-14T03:02:48.0295429Z   repository: Boss-1s/scratchattach
2025-09-14T03:02:48.0295802Z   token: ***
2025-09-14T03:02:48.0295984Z   ssh-strict: true
2025-09-14T03:02:48.0296164Z   ssh-user: git
2025-09-14T03:02:48.0296352Z   persist-credentials: true
2025-09-14T03:02:48.0296558Z   clean: true
2025-09-14T03:02:48.0296751Z   sparse-checkout-cone-mode: true
2025-09-14T03:02:48.0297150Z   fetch-depth: 1
2025-09-14T03:02:48.0297328Z   fetch-tags: false
2025-09-14T03:02:48.0297925Z   show-progress: true
2025-09-14T03:02:48.0298212Z   lfs: false
2025-09-14T03:02:48.0298384Z   submodules: false
2025-09-14T03:02:48.0298579Z   set-safe-directory: true
2025-09-14T03:02:48.0298773Z env:
2025-09-14T03:02:48.0299002Z   pythonLocation: /opt/hostedtoolcache/Python/3.13.7/x64
2025-09-14T03:02:48.0299384Z   PKG_CONFIG_PATH: /opt/hostedtoolcache/Python/3.13.7/x64/lib/pkgconfig
2025-09-14T03:02:48.0299788Z   Python_ROOT_DIR: /opt/hostedtoolcache/Python/3.13.7/x64
2025-09-14T03:02:48.0300120Z   Python2_ROOT_DIR: /opt/hostedtoolcache/Python/3.13.7/x64
2025-09-14T03:02:48.0300451Z   Python3_ROOT_DIR: /opt/hostedtoolcache/Python/3.13.7/x64
2025-09-14T03:02:48.0300787Z   LD_LIBRARY_PATH: /opt/hostedtoolcache/Python/3.13.7/x64/lib
2025-09-14T03:02:48.0301059Z ##[endgroup]
2025-09-14T03:02:48.1095604Z Syncing repository: Boss-1s/scratchattach
2025-09-14T03:02:48.1096460Z ##[group]Getting Git version info
2025-09-14T03:02:48.1097144Z Working directory is '/home/runner/work/scratchattach/scratchattach'
2025-09-14T03:02:48.1132100Z [command]/usr/bin/git version
2025-09-14T03:02:48.1166712Z git version 2.51.0
2025-09-14T03:02:48.1188126Z ##[endgroup]
2025-09-14T03:02:48.1201552Z Temporarily overriding HOME='/home/runner/work/_temp/391e3d1d-ab63-4325-be5c-86376349c65d' before making global git config changes
2025-09-14T03:02:48.1202780Z Adding repository directory to the temporary git global config as a safe directory
2025-09-14T03:02:48.1206254Z [command]/usr/bin/git config --global --add safe.directory /home/runner/work/scratchattach/scratchattach
2025-09-14T03:02:48.1244366Z [command]/usr/bin/git config --local --get remote.origin.url
2025-09-14T03:02:48.1265588Z https://github.com/Boss-1s/scratchattach
2025-09-14T03:02:48.1279933Z ##[group]Removing previously created refs, to avoid conflicts
2025-09-14T03:02:48.1284495Z [command]/usr/bin/git rev-parse --symbolic-full-name --verify --quiet HEAD
2025-09-14T03:02:48.1304694Z refs/heads/main
2025-09-14T03:02:48.1314689Z [command]/usr/bin/git checkout --detach
2025-09-14T03:02:48.2159084Z HEAD is now at 0b12872 [BOT] Download Logs
2025-09-14T03:02:48.2204216Z [command]/usr/bin/git branch --delete --force main
2025-09-14T03:02:48.2229366Z Deleted branch main (was 0b12872).
2025-09-14T03:02:48.2262931Z ##[endgroup]
2025-09-14T03:02:48.2266685Z [command]/usr/bin/git submodule status
2025-09-14T03:02:48.2488138Z ##[group]Cleaning the repository
2025-09-14T03:02:48.2493086Z [command]/usr/bin/git clean -ffdx
2025-09-14T03:02:48.2527438Z [command]/usr/bin/git reset --hard HEAD
2025-09-14T03:02:48.2569884Z HEAD is now at 0b12872 [BOT] Download Logs
2025-09-14T03:02:48.2575369Z ##[endgroup]
2025-09-14T03:02:48.2577053Z ##[group]Disabling automatic garbage collection
2025-09-14T03:02:48.2581552Z [command]/usr/bin/git config --local gc.auto 0
2025-09-14T03:02:48.2606711Z ##[endgroup]
2025-09-14T03:02:48.2607224Z ##[group]Setting up auth
2025-09-14T03:02:48.2615378Z [command]/usr/bin/git config --local --name-only --get-regexp core\.sshCommand
2025-09-14T03:02:48.2644838Z [command]/usr/bin/git submodule foreach --recursive sh -c "git config --local --name-only --get-regexp 'core\.sshCommand' && git config --local --unset-all 'core.sshCommand' || :"
2025-09-14T03:02:48.2862504Z [command]/usr/bin/git config --local --name-only --get-regexp http\.https\:\/\/github\.com\/\.extraheader
2025-09-14T03:02:48.2883305Z http.https://github.com/.extraheader
2025-09-14T03:02:48.2892071Z [command]/usr/bin/git config --local --unset-all http.https://github.com/.extraheader
2025-09-14T03:02:48.2920901Z [command]/usr/bin/git submodule foreach --recursive sh -c "git config --local --name-only --get-regexp 'http\.https\:\/\/github\.com\/\.extraheader' && git config --local --unset-all 'http.https://github.com/.extraheader' || :"
2025-09-14T03:02:48.3140191Z [command]/usr/bin/git config --local http.https://github.com/.extraheader AUTHORIZATION: basic ***
2025-09-14T03:02:48.3179172Z ##[endgroup]
2025-09-14T03:02:48.3179711Z ##[group]Fetching the repository
2025-09-14T03:02:48.3187062Z [command]/usr/bin/git -c protocol.version=2 fetch --no-tags --prune --no-recurse-submodules --depth=1 origin +refs/heads/main*:refs/remotes/origin/main* +refs/tags/main*:refs/tags/main*
2025-09-14T03:02:48.5838627Z ##[endgroup]
2025-09-14T03:02:48.5839192Z ##[group]Determining the checkout info
2025-09-14T03:02:48.5845990Z [command]/usr/bin/git branch --list --remote origin/main
2025-09-14T03:02:48.5870959Z   origin/main
2025-09-14T03:02:48.5875493Z ##[endgroup]
2025-09-14T03:02:48.5880457Z [command]/usr/bin/git sparse-checkout disable
2025-09-14T03:02:48.5924084Z [command]/usr/bin/git config --local --unset-all extensions.worktreeConfig
2025-09-14T03:02:48.5951124Z ##[group]Checking out the ref
2025-09-14T03:02:48.5955555Z [command]/usr/bin/git checkout --progress --force -B main refs/remotes/origin/main
2025-09-14T03:02:48.6004529Z Switched to a new branch 'main'
2025-09-14T03:02:48.6007999Z branch 'main' set up to track 'origin/main'.
2025-09-14T03:02:48.6014957Z ##[endgroup]
2025-09-14T03:02:48.6052323Z [command]/usr/bin/git log -1 --format=%H
2025-09-14T03:02:48.6082372Z 0b12872f7dd0c112f4d50d5123e719b7b1e158e8
2025-09-14T03:02:48.6216542Z ##[group]Run python3 aesthetic_prioritizing.py
2025-09-14T03:02:48.6217124Z [36;1mpython3 aesthetic_prioritizing.py[0m
2025-09-14T03:02:48.6261203Z shell: /usr/bin/bash -e {0}
2025-09-14T03:02:48.6261574Z env:
2025-09-14T03:02:48.6261970Z   pythonLocation: /opt/hostedtoolcache/Python/3.13.7/x64
2025-09-14T03:02:48.6262645Z   PKG_CONFIG_PATH: /opt/hostedtoolcache/Python/3.13.7/x64/lib/pkgconfig
2025-09-14T03:02:48.6263311Z   Python_ROOT_DIR: /opt/hostedtoolcache/Python/3.13.7/x64
2025-09-14T03:02:48.6263923Z   Python2_ROOT_DIR: /opt/hostedtoolcache/Python/3.13.7/x64
2025-09-14T03:02:48.6264521Z   Python3_ROOT_DIR: /opt/hostedtoolcache/Python/3.13.7/x64
2025-09-14T03:02:48.6265153Z   LD_LIBRARY_PATH: /opt/hostedtoolcache/Python/3.13.7/x64/lib
2025-09-14T03:02:48.6265810Z   PASS: ***
2025-09-14T03:02:48.6266086Z ##[endgroup]
2025-09-14T03:05:20.8481605Z Prioritizing: Attempt 1
2025-09-14T03:05:20.8483657Z Unfavorited project 1193158560
2025-09-14T03:05:20.8484407Z Favorited project 1193158560 to move it to the top
2025-09-14T03:05:20.8484927Z Unfavorited project 1193158559
2025-09-14T03:05:20.8485383Z Favorited project 1193158559 to move it to the top
2025-09-14T03:05:20.8485907Z Expecting value: line 2 column 1 (char 1)
2025-09-14T03:05:20.8486397Z Prioritized projects in your favorite list.
2025-09-14T03:05:20.9166724Z Traceback (most recent call last):
2025-09-14T03:05:20.9255830Z   File "/opt/hostedtoolcache/Python/3.13.7/x64/lib/python3.13/site-packages/requests/models.py", line 976, in json
2025-09-14T03:05:20.9256673Z     return complexjson.loads(self.text, **kwargs)
2025-09-14T03:05:20.9257074Z            ~~~~~~~~~~~~~~~~~^^^^^^^^^^^^^^^^^^^^^
2025-09-14T03:05:20.9257998Z   File "/opt/hostedtoolcache/Python/3.13.7/x64/lib/python3.13/json/__init__.py", line 346, in loads
2025-09-14T03:05:20.9258673Z     return _default_decoder.decode(s)
2025-09-14T03:05:20.9259013Z            ~~~~~~~~~~~~~~~~~~~~~~~^^^
2025-09-14T03:05:20.9259634Z   File "/opt/hostedtoolcache/Python/3.13.7/x64/lib/python3.13/json/decoder.py", line 345, in decode
2025-09-14T03:05:20.9260296Z     obj, end = self.raw_decode(s, idx=_w(s, 0).end())
2025-09-14T03:05:20.9260679Z                ~~~~~~~~~~~~~~~^^^^^^^^^^^^^^^^^^^^^^^
2025-09-14T03:05:20.9261333Z   File "/opt/hostedtoolcache/Python/3.13.7/x64/lib/python3.13/json/decoder.py", line 363, in raw_decode
2025-09-14T03:05:20.9262007Z     raise JSONDecodeError("Expecting value", s, err.value) from None
2025-09-14T03:05:20.9262442Z json.decoder.JSONDecodeError: Expecting value: line 2 column 1 (char 1)
2025-09-14T03:05:20.9262719Z 
2025-09-14T03:05:20.9262897Z During handling of the above exception, another exception occurred:
2025-09-14T03:05:20.9263146Z 
2025-09-14T03:05:20.9263236Z Traceback (most recent call last):
2025-09-14T03:05:20.9263742Z   File "/home/runner/work/scratchattach/scratchattach/aesthetic_prioritizing.py", line 81, in prioritize
2025-09-14T03:05:20.9264491Z     project.favorite()
2025-09-14T03:05:20.9264678Z     ~~~~~~~~~~~~~~~~^^
2025-09-14T03:05:20.9265201Z   File "/opt/hostedtoolcache/Python/3.13.7/x64/lib/python3.13/site-packages/scratchattach/site/project.py", line 430, in favorite
2025-09-14T03:05:20.9265710Z     ).json()
2025-09-14T03:05:20.9265863Z       ~~~~^^
2025-09-14T03:05:20.9266299Z   File "/opt/hostedtoolcache/Python/3.13.7/x64/lib/python3.13/site-packages/requests/models.py", line 980, in json
2025-09-14T03:05:20.9266834Z     raise RequestsJSONDecodeError(e.msg, e.doc, e.pos)
2025-09-14T03:05:20.9267248Z requests.exceptions.JSONDecodeError: Expecting value: line 2 column 1 (char 1)
2025-09-14T03:05:20.9267816Z 
2025-09-14T03:05:20.9268017Z During handling of the above exception, another exception occurred:
2025-09-14T03:05:20.9268275Z 
2025-09-14T03:05:20.9268362Z Traceback (most recent call last):
2025-09-14T03:05:20.9268861Z   File "/home/runner/work/scratchattach/scratchattach/aesthetic_prioritizing.py", line 145, in <module>
2025-09-14T03:05:20.9269334Z     prioritize(atmp, max_atmp)
2025-09-14T03:05:20.9269784Z     ~~~~~~~~~~^^^^^^^^^^^^^^^^
2025-09-14T03:05:20.9270257Z   File "/home/runner/work/scratchattach/scratchattach/aesthetic_prioritizing.py", line 87, in prioritize
2025-09-14T03:05:20.9270710Z     sys.exit(1)
2025-09-14T03:05:20.9270875Z     ^^^
2025-09-14T03:05:20.9271125Z NameError: name 'sys' is not defined. Did you forget to import 'sys'?
2025-09-14T03:05:20.9506714Z ##[error]Process completed with exit code 1.
2025-09-14T03:05:20.9575170Z Post job cleanup.
2025-09-14T03:05:21.0362664Z [command]/usr/bin/git version
2025-09-14T03:05:21.0398505Z git version 2.51.0
2025-09-14T03:05:21.0436615Z Temporarily overriding HOME='/home/runner/work/_temp/d2c3ac88-cdac-4b84-a2de-6168f27a8a2c' before making global git config changes
2025-09-14T03:05:21.0438189Z Adding repository directory to the temporary git global config as a safe directory
2025-09-14T03:05:21.0442877Z [command]/usr/bin/git config --global --add safe.directory /home/runner/work/scratchattach/scratchattach
2025-09-14T03:05:21.0479363Z [command]/usr/bin/git config --local --name-only --get-regexp core\.sshCommand
2025-09-14T03:05:21.0510067Z [command]/usr/bin/git submodule foreach --recursive sh -c "git config --local --name-only --get-regexp 'core\.sshCommand' && git config --local --unset-all 'core.sshCommand' || :"
2025-09-14T03:05:21.0736728Z [command]/usr/bin/git config --local --name-only --get-regexp http\.https\:\/\/github\.com\/\.extraheader
2025-09-14T03:05:21.0758648Z http.https://github.com/.extraheader
2025-09-14T03:05:21.0767843Z [command]/usr/bin/git config --local --unset-all http.https://github.com/.extraheader
2025-09-14T03:05:21.0799108Z [command]/usr/bin/git submodule foreach --recursive sh -c "git config --local --name-only --get-regexp 'http\.https\:\/\/github\.com\/\.extraheader' && git config --local --unset-all 'http.https://github.com/.extraheader' || :"
2025-09-14T03:05:21.1165866Z Post job cleanup.
2025-09-14T03:05:21.1926538Z [command]/usr/bin/git version
2025-09-14T03:05:21.1964371Z git version 2.51.0
2025-09-14T03:05:21.2003137Z Temporarily overriding HOME='/home/runner/work/_temp/fd075255-2dfd-4971-9240-63643dc2c3c5' before making global git config changes
2025-09-14T03:05:21.2004446Z Adding repository directory to the temporary git global config as a safe directory
2025-09-14T03:05:21.2009244Z [command]/usr/bin/git config --global --add safe.directory /home/runner/work/scratchattach/scratchattach
2025-09-14T03:05:21.2045022Z [command]/usr/bin/git config --local --name-only --get-regexp core\.sshCommand
2025-09-14T03:05:21.2078308Z [command]/usr/bin/git submodule foreach --recursive sh -c "git config --local --name-only --get-regexp 'core\.sshCommand' && git config --local --unset-all 'core.sshCommand' || :"
2025-09-14T03:05:21.2306714Z [command]/usr/bin/git config --local --name-only --get-regexp http\.https\:\/\/github\.com\/\.extraheader
2025-09-14T03:05:21.2342530Z [command]/usr/bin/git submodule foreach --recursive sh -c "git config --local --name-only --get-regexp 'http\.https\:\/\/github\.com\/\.extraheader' && git config --local --unset-all 'http.https://github.com/.extraheader' || :"
2025-09-14T03:05:21.2719223Z Cleaning up orphan processes
