2025-12-25T18:34:29.3326584Z Current runner version: '2.330.0'
2025-12-25T18:34:29.3351983Z ##[group]Runner Image Provisioner
2025-12-25T18:34:29.3352841Z Hosted Compute Agent
2025-12-25T18:34:29.3353324Z Version: 20251211.462
2025-12-25T18:34:29.3353875Z Commit: 6cbad8c2bb55d58165063d031ccabf57e2d2db61
2025-12-25T18:34:29.3354498Z Build Date: 2025-12-11T16:28:49Z
2025-12-25T18:34:29.3355121Z Worker ID: {88a6d170-1364-4572-89ac-351f406b497b}
2025-12-25T18:34:29.3355696Z ##[endgroup]
2025-12-25T18:34:29.3356161Z ##[group]Operating System
2025-12-25T18:34:29.3356696Z Microsoft Windows Server 2025
2025-12-25T18:34:29.3357184Z 10.0.26100
2025-12-25T18:34:29.3357890Z Datacenter
2025-12-25T18:34:29.3358346Z ##[endgroup]
2025-12-25T18:34:29.3358986Z ##[group]Runner Image
2025-12-25T18:34:29.3359435Z Image: windows-2025
2025-12-25T18:34:29.3359870Z Version: 20251216.149.1
2025-12-25T18:34:29.3361146Z Included Software: https://github.com/actions/runner-images/blob/win25/20251216.149/images/windows/Windows2025-Readme.md
2025-12-25T18:34:29.3362519Z Image Release: https://github.com/actions/runner-images/releases/tag/win25%2F20251216.149
2025-12-25T18:34:29.3363305Z ##[endgroup]
2025-12-25T18:34:29.3364199Z ##[group]GITHUB_TOKEN Permissions
2025-12-25T18:34:29.3365942Z Contents: read
2025-12-25T18:34:29.3366397Z Metadata: read
2025-12-25T18:34:29.3366835Z ##[endgroup]
2025-12-25T18:34:29.3368849Z Secret source: Actions
2025-12-25T18:34:29.3369458Z Prepare workflow directory
2025-12-25T18:34:29.3701242Z Prepare all required actions
2025-12-25T18:34:29.3739644Z Getting action download info
2025-12-25T18:34:29.7757315Z Download action repository 'actions/checkout@v6.0.1' (SHA:8e8c483db84b4bee98b60c0593521ed34d9990e8)
2025-12-25T18:34:29.8938747Z Download action repository 'actions/setup-python@v6.1.0' (SHA:83679a892e2d95755f2dac6acb0bfd1e9ac5d548)
2025-12-25T18:34:30.1581849Z Complete job name: build (3.13, windows-latest)
2025-12-25T18:34:30.2835588Z ##[group]Run actions/checkout@v6.0.1
2025-12-25T18:34:30.2836657Z with:
2025-12-25T18:34:30.2837163Z   ref: scratch_chat_dev
2025-12-25T18:34:30.2837720Z   repository: Boss-1s/scratchattach
2025-12-25T18:34:30.2838566Z   token: ***
2025-12-25T18:34:30.2839040Z   ssh-strict: true
2025-12-25T18:34:30.2839515Z   ssh-user: git
2025-12-25T18:34:30.2840011Z   persist-credentials: true
2025-12-25T18:34:30.2841033Z   clean: true
2025-12-25T18:34:30.2841549Z   sparse-checkout-cone-mode: true
2025-12-25T18:34:30.2842182Z   fetch-depth: 1
2025-12-25T18:34:30.2842670Z   fetch-tags: false
2025-12-25T18:34:30.2843168Z   show-progress: true
2025-12-25T18:34:30.2843663Z   lfs: false
2025-12-25T18:34:30.2844105Z   submodules: false
2025-12-25T18:34:30.2844592Z   set-safe-directory: true
2025-12-25T18:34:30.2845459Z ##[endgroup]
2025-12-25T18:34:30.4476062Z Syncing repository: Boss-1s/scratchattach
2025-12-25T18:34:30.4479401Z ##[group]Getting Git version info
2025-12-25T18:34:30.4480813Z Working directory is 'D:\a\scratchattach\scratchattach'
2025-12-25T18:34:30.5253474Z [command]"C:\Program Files\Git\bin\git.exe" version
2025-12-25T18:34:30.6795085Z git version 2.52.0.windows.1
2025-12-25T18:34:30.6842088Z ##[endgroup]
2025-12-25T18:34:30.6863591Z Temporarily overriding HOME='D:\a\_temp\f34fa5a6-25f5-4148-9743-5f75d917e739' before making global git config changes
2025-12-25T18:34:30.6866571Z Adding repository directory to the temporary git global config as a safe directory
2025-12-25T18:34:30.6874974Z [command]"C:\Program Files\Git\bin\git.exe" config --global --add safe.directory D:\a\scratchattach\scratchattach
2025-12-25T18:34:30.7218241Z Deleting the contents of 'D:\a\scratchattach\scratchattach'
2025-12-25T18:34:30.7224341Z ##[group]Initializing the repository
2025-12-25T18:34:30.7232388Z [command]"C:\Program Files\Git\bin\git.exe" init D:\a\scratchattach\scratchattach
2025-12-25T18:34:30.7692183Z Initialized empty Git repository in D:/a/scratchattach/scratchattach/.git/
2025-12-25T18:34:30.7730813Z [command]"C:\Program Files\Git\bin\git.exe" remote add origin https://github.com/Boss-1s/scratchattach
2025-12-25T18:34:30.8043512Z ##[endgroup]
2025-12-25T18:34:30.8044333Z ##[group]Disabling automatic garbage collection
2025-12-25T18:34:30.8052774Z [command]"C:\Program Files\Git\bin\git.exe" config --local gc.auto 0
2025-12-25T18:34:30.8332295Z ##[endgroup]
2025-12-25T18:34:30.8332961Z ##[group]Setting up auth
2025-12-25T18:34:30.8333725Z Removing SSH command configuration
2025-12-25T18:34:30.8345030Z [command]"C:\Program Files\Git\bin\git.exe" config --local --name-only --get-regexp core\.sshCommand
2025-12-25T18:34:30.8628652Z [command]"C:\Program Files\Git\bin\git.exe" submodule foreach --recursive "sh -c \"git config --local --name-only --get-regexp 'core\.sshCommand' && git config --local --unset-all 'core.sshCommand' || :\""
2025-12-25T18:34:31.6665504Z Removing HTTP extra header
2025-12-25T18:34:31.6679717Z [command]"C:\Program Files\Git\bin\git.exe" config --local --name-only --get-regexp http\.https\:\/\/github\.com\/\.extraheader
2025-12-25T18:34:31.6975749Z [command]"C:\Program Files\Git\bin\git.exe" submodule foreach --recursive "sh -c \"git config --local --name-only --get-regexp 'http\.https\:\/\/github\.com\/\.extraheader' && git config --local --unset-all 'http.https://github.com/.extraheader' || :\""
2025-12-25T18:34:32.1972543Z Removing includeIf entries pointing to credentials config files
2025-12-25T18:34:32.1984386Z [command]"C:\Program Files\Git\bin\git.exe" config --local --name-only --get-regexp ^includeIf\.gitdir:
2025-12-25T18:34:32.2293822Z [command]"C:\Program Files\Git\bin\git.exe" submodule foreach --recursive "git config --local --show-origin --name-only --get-regexp remote.origin.url"
2025-12-25T18:34:32.7674186Z [command]"C:\Program Files\Git\bin\git.exe" config --file D:\a\_temp\git-credentials-828425bc-5287-40cd-9682-e7992e4b29b5.config http.https://github.com/.extraheader "AUTHORIZATION: basic ***"
2025-12-25T18:34:32.7986536Z [command]"C:\Program Files\Git\bin\git.exe" config --local includeIf.gitdir:D:/a/scratchattach/scratchattach/.git.path D:\a\_temp\git-credentials-828425bc-5287-40cd-9682-e7992e4b29b5.config
2025-12-25T18:34:32.8287376Z [command]"C:\Program Files\Git\bin\git.exe" config --local includeIf.gitdir:D:/a/scratchattach/scratchattach/.git/worktrees/*.path D:\a\_temp\git-credentials-828425bc-5287-40cd-9682-e7992e4b29b5.config
2025-12-25T18:34:32.8593682Z [command]"C:\Program Files\Git\bin\git.exe" config --local includeIf.gitdir:/github/workspace/.git.path /github/runner_temp/git-credentials-828425bc-5287-40cd-9682-e7992e4b29b5.config
2025-12-25T18:34:32.8911720Z [command]"C:\Program Files\Git\bin\git.exe" config --local includeIf.gitdir:/github/workspace/.git/worktrees/*.path /github/runner_temp/git-credentials-828425bc-5287-40cd-9682-e7992e4b29b5.config
2025-12-25T18:34:32.9222035Z ##[endgroup]
2025-12-25T18:34:32.9222802Z ##[group]Fetching the repository
2025-12-25T18:34:32.9236927Z [command]"C:\Program Files\Git\bin\git.exe" -c protocol.version=2 fetch --no-tags --prune --no-recurse-submodules --depth=1 origin +refs/heads/scratch_chat_dev*:refs/remotes/origin/scratch_chat_dev* +refs/tags/scratch_chat_dev*:refs/tags/scratch_chat_dev*
2025-12-25T18:34:36.3584554Z From https://github.com/Boss-1s/scratchattach
2025-12-25T18:34:36.3585329Z  * [new branch]      scratch_chat_dev -> origin/scratch_chat_dev
2025-12-25T18:34:36.3800592Z ##[endgroup]
2025-12-25T18:34:36.3801002Z ##[group]Determining the checkout info
2025-12-25T18:34:36.3815173Z [command]"C:\Program Files\Git\bin\git.exe" branch --list --remote origin/scratch_chat_dev
2025-12-25T18:34:36.4088507Z   origin/scratch_chat_dev
2025-12-25T18:34:36.4123758Z ##[endgroup]
2025-12-25T18:34:36.4132204Z [command]"C:\Program Files\Git\bin\git.exe" sparse-checkout disable
2025-12-25T18:34:36.4492760Z [command]"C:\Program Files\Git\bin\git.exe" config --local --unset-all extensions.worktreeConfig
2025-12-25T18:34:36.4787884Z ##[group]Checking out the ref
2025-12-25T18:34:36.4797457Z [command]"C:\Program Files\Git\bin\git.exe" checkout --progress --force -B scratch_chat_dev refs/remotes/origin/scratch_chat_dev
2025-12-25T18:34:37.5763465Z Updating files:  77% (1902/2463)
2025-12-25T18:34:37.5844127Z Updating files:  78% (1922/2463)
2025-12-25T18:34:37.5952428Z Updating files:  79% (1946/2463)
2025-12-25T18:34:37.6045020Z Updating files:  80% (1971/2463)
2025-12-25T18:34:37.6133427Z Updating files:  81% (1996/2463)
2025-12-25T18:34:37.6223319Z Updating files:  82% (2020/2463)
2025-12-25T18:34:37.6323852Z Updating files:  83% (2045/2463)
2025-12-25T18:34:37.6430426Z Updating files:  84% (2069/2463)
2025-12-25T18:34:37.6527316Z Updating files:  85% (2094/2463)
2025-12-25T18:34:37.6618972Z Updating files:  86% (2119/2463)
2025-12-25T18:34:37.6703864Z Updating files:  87% (2143/2463)
2025-12-25T18:34:37.6816236Z Updating files:  88% (2168/2463)
2025-12-25T18:34:37.6972582Z Updating files:  89% (2193/2463)
2025-12-25T18:34:37.7121873Z Updating files:  90% (2217/2463)
2025-12-25T18:34:37.7263631Z Updating files:  91% (2242/2463)
2025-12-25T18:34:37.7356256Z Updating files:  92% (2266/2463)
2025-12-25T18:34:37.7439764Z Updating files:  93% (2291/2463)
2025-12-25T18:34:37.7511086Z Updating files:  94% (2316/2463)
2025-12-25T18:34:37.7583415Z Updating files:  95% (2340/2463)
2025-12-25T18:34:37.7652965Z Updating files:  96% (2365/2463)
2025-12-25T18:34:37.7797556Z Updating files:  97% (2390/2463)
2025-12-25T18:34:37.7895775Z Updating files:  98% (2414/2463)
2025-12-25T18:34:37.7966591Z Updating files:  99% (2439/2463)
2025-12-25T18:34:37.7967117Z Updating files: 100% (2463/2463)
2025-12-25T18:34:37.7968761Z Updating files: 100% (2463/2463), done.
2025-12-25T18:34:37.8140644Z branch 'scratch_chat_dev' set up to track 'origin/scratch_chat_dev'.
2025-12-25T18:34:37.8155220Z Switched to a new branch 'scratch_chat_dev'
2025-12-25T18:34:37.8288527Z ##[endgroup]
2025-12-25T18:34:37.8632812Z [command]"C:\Program Files\Git\bin\git.exe" log -1 --format=%H
2025-12-25T18:34:37.8897108Z f26b60aecc760d5272d36d182f68367aa02c71e2
2025-12-25T18:34:37.9306375Z ##[group]Run actions/setup-python@v6.1.0
2025-12-25T18:34:37.9306714Z with:
2025-12-25T18:34:37.9306885Z   python-version: 3.13
2025-12-25T18:34:37.9307100Z   check-latest: false
2025-12-25T18:34:37.9307418Z   token: ***
2025-12-25T18:34:37.9307605Z   update-environment: true
2025-12-25T18:34:37.9307823Z   allow-prereleases: false
2025-12-25T18:34:37.9308021Z   freethreaded: false
2025-12-25T18:34:37.9308197Z ##[endgroup]
2025-12-25T18:34:38.0893071Z ##[group]Installed versions
2025-12-25T18:34:38.1002907Z (node:7596) [DEP0040] DeprecationWarning: The `punycode` module is deprecated. Please use a userland alternative instead.
2025-12-25T18:34:38.1004071Z (Use `node --trace-deprecation ...` to show where the warning was created)
2025-12-25T18:34:38.1004864Z Successfully set up CPython (3.13.11)
2025-12-25T18:34:38.1006262Z ##[endgroup]
2025-12-25T18:34:38.1289392Z ##[group]Run cd test
2025-12-25T18:34:38.1289680Z [36;1mcd test[0m
2025-12-25T18:34:38.1289861Z [36;1mpython3 test5.py[0m
2025-12-25T18:34:38.1425006Z shell: C:\Program Files\PowerShell\7\pwsh.EXE -command ". '{0}'"
2025-12-25T18:34:38.1425331Z env:
2025-12-25T18:34:38.1425585Z   pythonLocation: C:\hostedtoolcache\windows\Python\3.13.11\x64
2025-12-25T18:34:38.1426029Z   PKG_CONFIG_PATH: C:\hostedtoolcache\windows\Python\3.13.11\x64/lib/pkgconfig
2025-12-25T18:34:38.1426464Z   Python_ROOT_DIR: C:\hostedtoolcache\windows\Python\3.13.11\x64
2025-12-25T18:34:38.1426842Z   Python2_ROOT_DIR: C:\hostedtoolcache\windows\Python\3.13.11\x64
2025-12-25T18:34:38.1427204Z   Python3_ROOT_DIR: C:\hostedtoolcache\windows\Python\3.13.11\x64
2025-12-25T18:34:38.1427484Z ##[endgroup]
2025-12-25T18:34:42.5769630Z Traceback (most recent call last):
2025-12-25T18:34:42.5877081Z   File "D:\a\scratchattach\scratchattach\test\test5.py", line 8, in <module>
2025-12-25T18:34:42.5878091Z     from key_multivalue_storage import Storage as s
2025-12-25T18:34:42.5878690Z   File "D:\a\scratchattach\scratchattach\key_multivalue_storage.py", line 214
2025-12-25T18:34:42.5879500Z     if ".json" not in file_path:
2025-12-25T18:34:42.5879889Z TabError: inconsistent use of tabs and spaces in indentation
2025-12-25T18:34:42.8253153Z ##[error]Process completed with exit code 1.
2025-12-25T18:34:42.8466980Z Post job cleanup.
2025-12-25T18:34:43.0324904Z [command]"C:\Program Files\Git\bin\git.exe" version
2025-12-25T18:34:43.0588728Z git version 2.52.0.windows.1
2025-12-25T18:34:43.0653833Z Temporarily overriding HOME='D:\a\_temp\1f338769-d0b7-4dee-9ec6-28c549209ff2' before making global git config changes
2025-12-25T18:34:43.0654880Z Adding repository directory to the temporary git global config as a safe directory
2025-12-25T18:34:43.0665174Z [command]"C:\Program Files\Git\bin\git.exe" config --global --add safe.directory D:\a\scratchattach\scratchattach
2025-12-25T18:34:43.0953280Z Removing SSH command configuration
2025-12-25T18:34:43.0964263Z [command]"C:\Program Files\Git\bin\git.exe" config --local --name-only --get-regexp core\.sshCommand
2025-12-25T18:34:43.1260729Z [command]"C:\Program Files\Git\bin\git.exe" submodule foreach --recursive "sh -c \"git config --local --name-only --get-regexp 'core\.sshCommand' && git config --local --unset-all 'core.sshCommand' || :\""
2025-12-25T18:34:43.6977785Z Removing HTTP extra header
2025-12-25T18:34:43.6987735Z [command]"C:\Program Files\Git\bin\git.exe" config --local --name-only --get-regexp http\.https\:\/\/github\.com\/\.extraheader
2025-12-25T18:34:43.7276868Z [command]"C:\Program Files\Git\bin\git.exe" submodule foreach --recursive "sh -c \"git config --local --name-only --get-regexp 'http\.https\:\/\/github\.com\/\.extraheader' && git config --local --unset-all 'http.https://github.com/.extraheader' || :\""
2025-12-25T18:34:44.2363088Z Removing includeIf entries pointing to credentials config files
2025-12-25T18:34:44.2375189Z [command]"C:\Program Files\Git\bin\git.exe" config --local --name-only --get-regexp ^includeIf\.gitdir:
2025-12-25T18:34:44.2629208Z includeif.gitdir:D:/a/scratchattach/scratchattach/.git.path
2025-12-25T18:34:44.2630028Z includeif.gitdir:D:/a/scratchattach/scratchattach/.git/worktrees/*.path
2025-12-25T18:34:44.2630706Z includeif.gitdir:/github/workspace/.git.path
2025-12-25T18:34:44.2631285Z includeif.gitdir:/github/workspace/.git/worktrees/*.path
2025-12-25T18:34:44.2669860Z [command]"C:\Program Files\Git\bin\git.exe" config --local --get-all includeif.gitdir:D:/a/scratchattach/scratchattach/.git.path
2025-12-25T18:34:44.2916567Z D:\a\_temp\git-credentials-828425bc-5287-40cd-9682-e7992e4b29b5.config
2025-12-25T18:34:44.2957690Z [command]"C:\Program Files\Git\bin\git.exe" config --local --unset includeif.gitdir:D:/a/scratchattach/scratchattach/.git.path D:\a\_temp\git-credentials-828425bc-5287-40cd-9682-e7992e4b29b5.config
2025-12-25T18:34:44.3243382Z [command]"C:\Program Files\Git\bin\git.exe" config --local --get-all includeif.gitdir:D:/a/scratchattach/scratchattach/.git/worktrees/*.path
2025-12-25T18:34:44.3488082Z D:\a\_temp\git-credentials-828425bc-5287-40cd-9682-e7992e4b29b5.config
2025-12-25T18:34:44.3525739Z [command]"C:\Program Files\Git\bin\git.exe" config --local --unset includeif.gitdir:D:/a/scratchattach/scratchattach/.git/worktrees/*.path D:\a\_temp\git-credentials-828425bc-5287-40cd-9682-e7992e4b29b5.config
2025-12-25T18:34:44.3808654Z [command]"C:\Program Files\Git\bin\git.exe" config --local --get-all includeif.gitdir:/github/workspace/.git.path
2025-12-25T18:34:44.4062779Z /github/runner_temp/git-credentials-828425bc-5287-40cd-9682-e7992e4b29b5.config
2025-12-25T18:34:44.4104741Z [command]"C:\Program Files\Git\bin\git.exe" config --local --unset includeif.gitdir:/github/workspace/.git.path /github/runner_temp/git-credentials-828425bc-5287-40cd-9682-e7992e4b29b5.config
2025-12-25T18:34:44.4414617Z [command]"C:\Program Files\Git\bin\git.exe" config --local --get-all includeif.gitdir:/github/workspace/.git/worktrees/*.path
2025-12-25T18:34:44.4659177Z /github/runner_temp/git-credentials-828425bc-5287-40cd-9682-e7992e4b29b5.config
2025-12-25T18:34:44.4698217Z [command]"C:\Program Files\Git\bin\git.exe" config --local --unset includeif.gitdir:/github/workspace/.git/worktrees/*.path /github/runner_temp/git-credentials-828425bc-5287-40cd-9682-e7992e4b29b5.config
2025-12-25T18:34:44.4980453Z [command]"C:\Program Files\Git\bin\git.exe" submodule foreach --recursive "git config --local --show-origin --name-only --get-regexp remote.origin.url"
2025-12-25T18:34:45.0267979Z Removing credentials config 'D:\a\_temp\git-credentials-828425bc-5287-40cd-9682-e7992e4b29b5.config'
2025-12-25T18:34:45.0436404Z Cleaning up orphan processes
