2025-12-23T14:58:19.3265244Z Current runner version: '2.330.0'
2025-12-23T14:58:19.3291069Z ##[group]Runner Image Provisioner
2025-12-23T14:58:19.3291878Z Hosted Compute Agent
2025-12-23T14:58:19.3292805Z Version: 20251211.462
2025-12-23T14:58:19.3293396Z Commit: 6cbad8c2bb55d58165063d031ccabf57e2d2db61
2025-12-23T14:58:19.3294094Z Build Date: 2025-12-11T16:28:49Z
2025-12-23T14:58:19.3294865Z Worker ID: {bee9d0e1-0d01-490b-8791-1e7ad7ee1565}
2025-12-23T14:58:19.3295533Z ##[endgroup]
2025-12-23T14:58:19.3296094Z ##[group]Operating System
2025-12-23T14:58:19.3296688Z Ubuntu
2025-12-23T14:58:19.3297162Z 24.04.3
2025-12-23T14:58:19.3297574Z LTS
2025-12-23T14:58:19.3298069Z ##[endgroup]
2025-12-23T14:58:19.3298569Z ##[group]Runner Image
2025-12-23T14:58:19.3299105Z Image: ubuntu-24.04
2025-12-23T14:58:19.3299656Z Version: 20251215.174.1
2025-12-23T14:58:19.3300689Z Included Software: https://github.com/actions/runner-images/blob/ubuntu24/20251215.174/images/ubuntu/Ubuntu2404-Readme.md
2025-12-23T14:58:19.3302566Z Image Release: https://github.com/actions/runner-images/releases/tag/ubuntu24%2F20251215.174
2025-12-23T14:58:19.3303630Z ##[endgroup]
2025-12-23T14:58:19.3306357Z ##[group]GITHUB_TOKEN Permissions
2025-12-23T14:58:19.3308681Z Actions: write
2025-12-23T14:58:19.3309233Z ArtifactMetadata: write
2025-12-23T14:58:19.3309914Z Attestations: write
2025-12-23T14:58:19.3310444Z Checks: write
2025-12-23T14:58:19.3310904Z Contents: write
2025-12-23T14:58:19.3311456Z Deployments: write
2025-12-23T14:58:19.3311993Z Discussions: write
2025-12-23T14:58:19.3312830Z Issues: write
2025-12-23T14:58:19.3313294Z Metadata: read
2025-12-23T14:58:19.3313863Z Models: read
2025-12-23T14:58:19.3314316Z Packages: write
2025-12-23T14:58:19.3314861Z Pages: write
2025-12-23T14:58:19.3315415Z PullRequests: write
2025-12-23T14:58:19.3316040Z RepositoryProjects: write
2025-12-23T14:58:19.3316589Z SecurityEvents: write
2025-12-23T14:58:19.3317157Z Statuses: write
2025-12-23T14:58:19.3317643Z ##[endgroup]
2025-12-23T14:58:19.3320088Z Secret source: Actions
2025-12-23T14:58:19.3321195Z Prepare workflow directory
2025-12-23T14:58:19.3651151Z Prepare all required actions
2025-12-23T14:58:19.3693251Z Getting action download info
2025-12-23T14:58:19.7378419Z Download action repository 'actions/checkout@v6.0.1' (SHA:8e8c483db84b4bee98b60c0593521ed34d9990e8)
2025-12-23T14:58:19.8914857Z Download action repository 'actions/setup-python@v6.1.0' (SHA:83679a892e2d95755f2dac6acb0bfd1e9ac5d548)
2025-12-23T14:58:20.1213434Z Complete job name: build (3.12, ubuntu-latest)
2025-12-23T14:58:20.1931386Z ##[group]Run actions/checkout@v6.0.1
2025-12-23T14:58:20.1932485Z with:
2025-12-23T14:58:20.1932981Z   ref: scratch_chat_dev
2025-12-23T14:58:20.1933433Z   repository: Boss-1s/scratchattach
2025-12-23T14:58:20.1934134Z   token: ***
2025-12-23T14:58:20.1934522Z   ssh-strict: true
2025-12-23T14:58:20.1934907Z   ssh-user: git
2025-12-23T14:58:20.1935306Z   persist-credentials: true
2025-12-23T14:58:20.1935744Z   clean: true
2025-12-23T14:58:20.1936143Z   sparse-checkout-cone-mode: true
2025-12-23T14:58:20.1936644Z   fetch-depth: 1
2025-12-23T14:58:20.1937029Z   fetch-tags: false
2025-12-23T14:58:20.1937420Z   show-progress: true
2025-12-23T14:58:20.1937812Z   lfs: false
2025-12-23T14:58:20.1938177Z   submodules: false
2025-12-23T14:58:20.1938572Z   set-safe-directory: true
2025-12-23T14:58:20.1939309Z ##[endgroup]
2025-12-23T14:58:20.2920150Z Syncing repository: Boss-1s/scratchattach
2025-12-23T14:58:20.2922115Z ##[group]Getting Git version info
2025-12-23T14:58:20.2923180Z Working directory is '/home/runner/work/scratchattach/scratchattach'
2025-12-23T14:58:20.2924216Z [command]/usr/bin/git version
2025-12-23T14:58:20.3051976Z git version 2.52.0
2025-12-23T14:58:20.3076862Z ##[endgroup]
2025-12-23T14:58:20.3091319Z Temporarily overriding HOME='/home/runner/work/_temp/526de75d-2a71-4f68-ab14-bf80c56e405d' before making global git config changes
2025-12-23T14:58:20.3092946Z Adding repository directory to the temporary git global config as a safe directory
2025-12-23T14:58:20.3097440Z [command]/usr/bin/git config --global --add safe.directory /home/runner/work/scratchattach/scratchattach
2025-12-23T14:58:20.3142554Z Deleting the contents of '/home/runner/work/scratchattach/scratchattach'
2025-12-23T14:58:20.3146045Z ##[group]Initializing the repository
2025-12-23T14:58:20.3151312Z [command]/usr/bin/git init /home/runner/work/scratchattach/scratchattach
2025-12-23T14:58:20.3284923Z hint: Using 'master' as the name for the initial branch. This default branch name
2025-12-23T14:58:20.3286715Z hint: will change to "main" in Git 3.0. To configure the initial branch name
2025-12-23T14:58:20.3288047Z hint: to use in all of your new repositories, which will suppress this warning,
2025-12-23T14:58:20.3289426Z hint: call:
2025-12-23T14:58:20.3290108Z hint:
2025-12-23T14:58:20.3291104Z hint: 	git config --global init.defaultBranch <name>
2025-12-23T14:58:20.3292263Z hint:
2025-12-23T14:58:20.3293506Z hint: Names commonly chosen instead of 'master' are 'main', 'trunk' and
2025-12-23T14:58:20.3295113Z hint: 'development'. The just-created branch can be renamed via this command:
2025-12-23T14:58:20.3296564Z hint:
2025-12-23T14:58:20.3297324Z hint: 	git branch -m <name>
2025-12-23T14:58:20.3298248Z hint:
2025-12-23T14:58:20.3299397Z hint: Disable this message with "git config set advice.defaultBranchName false"
2025-12-23T14:58:20.3301261Z Initialized empty Git repository in /home/runner/work/scratchattach/scratchattach/.git/
2025-12-23T14:58:20.3304423Z [command]/usr/bin/git remote add origin https://github.com/Boss-1s/scratchattach
2025-12-23T14:58:20.3344041Z ##[endgroup]
2025-12-23T14:58:20.3345183Z ##[group]Disabling automatic garbage collection
2025-12-23T14:58:20.3349095Z [command]/usr/bin/git config --local gc.auto 0
2025-12-23T14:58:20.3381242Z ##[endgroup]
2025-12-23T14:58:20.3382684Z ##[group]Setting up auth
2025-12-23T14:58:20.3383605Z Removing SSH command configuration
2025-12-23T14:58:20.3389823Z [command]/usr/bin/git config --local --name-only --get-regexp core\.sshCommand
2025-12-23T14:58:20.3424549Z [command]/usr/bin/git submodule foreach --recursive sh -c "git config --local --name-only --get-regexp 'core\.sshCommand' && git config --local --unset-all 'core.sshCommand' || :"
2025-12-23T14:58:20.3854000Z Removing HTTP extra header
2025-12-23T14:58:20.3862006Z [command]/usr/bin/git config --local --name-only --get-regexp http\.https\:\/\/github\.com\/\.extraheader
2025-12-23T14:58:20.3904274Z [command]/usr/bin/git submodule foreach --recursive sh -c "git config --local --name-only --get-regexp 'http\.https\:\/\/github\.com\/\.extraheader' && git config --local --unset-all 'http.https://github.com/.extraheader' || :"
2025-12-23T14:58:20.4146894Z Removing includeIf entries pointing to credentials config files
2025-12-23T14:58:20.4153047Z [command]/usr/bin/git config --local --name-only --get-regexp ^includeIf\.gitdir:
2025-12-23T14:58:20.4189356Z [command]/usr/bin/git submodule foreach --recursive git config --local --show-origin --name-only --get-regexp remote.origin.url
2025-12-23T14:58:20.4423146Z [command]/usr/bin/git config --file /home/runner/work/_temp/git-credentials-43b92eaa-267a-4972-bb75-766512e87ed9.config http.https://github.com/.extraheader AUTHORIZATION: basic ***
2025-12-23T14:58:20.4464251Z [command]/usr/bin/git config --local includeIf.gitdir:/home/runner/work/scratchattach/scratchattach/.git.path /home/runner/work/_temp/git-credentials-43b92eaa-267a-4972-bb75-766512e87ed9.config
2025-12-23T14:58:20.4497215Z [command]/usr/bin/git config --local includeIf.gitdir:/home/runner/work/scratchattach/scratchattach/.git/worktrees/*.path /home/runner/work/_temp/git-credentials-43b92eaa-267a-4972-bb75-766512e87ed9.config
2025-12-23T14:58:20.4527808Z [command]/usr/bin/git config --local includeIf.gitdir:/github/workspace/.git.path /github/runner_temp/git-credentials-43b92eaa-267a-4972-bb75-766512e87ed9.config
2025-12-23T14:58:20.4557875Z [command]/usr/bin/git config --local includeIf.gitdir:/github/workspace/.git/worktrees/*.path /github/runner_temp/git-credentials-43b92eaa-267a-4972-bb75-766512e87ed9.config
2025-12-23T14:58:20.4584425Z ##[endgroup]
2025-12-23T14:58:20.4585184Z ##[group]Fetching the repository
2025-12-23T14:58:20.4594649Z [command]/usr/bin/git -c protocol.version=2 fetch --no-tags --prune --no-recurse-submodules --depth=1 origin +refs/heads/scratch_chat_dev*:refs/remotes/origin/scratch_chat_dev* +refs/tags/scratch_chat_dev*:refs/tags/scratch_chat_dev*
2025-12-23T14:58:23.3853449Z From https://github.com/Boss-1s/scratchattach
2025-12-23T14:58:23.3855114Z  * [new branch]      scratch_chat_dev -> origin/scratch_chat_dev
2025-12-23T14:58:23.3888078Z ##[endgroup]
2025-12-23T14:58:23.3890993Z ##[group]Determining the checkout info
2025-12-23T14:58:23.3895591Z [command]/usr/bin/git branch --list --remote origin/scratch_chat_dev
2025-12-23T14:58:23.3931583Z   origin/scratch_chat_dev
2025-12-23T14:58:23.3937029Z ##[endgroup]
2025-12-23T14:58:23.3943732Z [command]/usr/bin/git sparse-checkout disable
2025-12-23T14:58:23.3992481Z [command]/usr/bin/git config --local --unset-all extensions.worktreeConfig
2025-12-23T14:58:23.4022883Z ##[group]Checking out the ref
2025-12-23T14:58:23.4028667Z [command]/usr/bin/git checkout --progress --force -B scratch_chat_dev refs/remotes/origin/scratch_chat_dev
2025-12-23T14:58:24.0445847Z Switched to a new branch 'scratch_chat_dev'
2025-12-23T14:58:24.0447518Z branch 'scratch_chat_dev' set up to track 'origin/scratch_chat_dev'.
2025-12-23T14:58:24.0502168Z ##[endgroup]
2025-12-23T14:58:24.0541268Z [command]/usr/bin/git log -1 --format=%H
2025-12-23T14:58:24.0565795Z 687746c41cf69b14c466aa39e6cd8107e9948add
2025-12-23T14:58:24.0834149Z ##[group]Run actions/setup-python@v6.1.0
2025-12-23T14:58:24.0835086Z with:
2025-12-23T14:58:24.0835835Z   python-version: 3.12
2025-12-23T14:58:24.0836618Z   check-latest: false
2025-12-23T14:58:24.0837561Z   token: ***
2025-12-23T14:58:24.0838321Z   update-environment: true
2025-12-23T14:58:24.0839138Z   allow-prereleases: false
2025-12-23T14:58:24.0839951Z   freethreaded: false
2025-12-23T14:58:24.0840709Z ##[endgroup]
2025-12-23T14:58:24.2128582Z ##[group]Installed versions
2025-12-23T14:58:24.2712120Z (node:2114) [DEP0040] DeprecationWarning: The `punycode` module is deprecated. Please use a userland alternative instead.
2025-12-23T14:58:24.2713204Z (Use `node --trace-deprecation ...` to show where the warning was created)
2025-12-23T14:58:24.2714581Z Successfully set up CPython (3.12.12)
2025-12-23T14:58:24.2715343Z ##[endgroup]
2025-12-23T14:58:24.2844890Z ##[group]Run cd test
2025-12-23T14:58:24.2845410Z [36;1mcd test[0m
2025-12-23T14:58:24.2845644Z [36;1mpython3 test5.py[0m
2025-12-23T14:58:24.2939792Z shell: /usr/bin/bash -e {0}
2025-12-23T14:58:24.2940104Z env:
2025-12-23T14:58:24.2940421Z   pythonLocation: /opt/hostedtoolcache/Python/3.12.12/x64
2025-12-23T14:58:24.2940923Z   PKG_CONFIG_PATH: /opt/hostedtoolcache/Python/3.12.12/x64/lib/pkgconfig
2025-12-23T14:58:24.2941403Z   Python_ROOT_DIR: /opt/hostedtoolcache/Python/3.12.12/x64
2025-12-23T14:58:24.2941829Z   Python2_ROOT_DIR: /opt/hostedtoolcache/Python/3.12.12/x64
2025-12-23T14:58:24.2942487Z   Python3_ROOT_DIR: /opt/hostedtoolcache/Python/3.12.12/x64
2025-12-23T14:58:24.2942971Z   LD_LIBRARY_PATH: /opt/hostedtoolcache/Python/3.12.12/x64/lib
2025-12-23T14:58:24.2943357Z ##[endgroup]
2025-12-23T14:58:24.5433921Z Traceback (most recent call last):
2025-12-23T14:58:24.5440294Z   File "/home/runner/work/scratchattach/scratchattach/test/test5.py", line 1, in <module>
2025-12-23T14:58:24.5441052Z     from key_multivalue_storage import Storage as s
2025-12-23T14:58:24.5441507Z ModuleNotFoundError: No module named 'key_multivalue_storage'
2025-12-23T14:58:24.5474426Z ##[error]Process completed with exit code 1.
2025-12-23T14:58:24.5582228Z Post job cleanup.
2025-12-23T14:58:24.6361880Z [command]/usr/bin/git version
2025-12-23T14:58:24.6398611Z git version 2.52.0
2025-12-23T14:58:24.6468452Z Temporarily overriding HOME='/home/runner/work/_temp/a1210dd0-3fcf-40f0-8e4f-3e1d82380224' before making global git config changes
2025-12-23T14:58:24.6469842Z Adding repository directory to the temporary git global config as a safe directory
2025-12-23T14:58:24.6474870Z [command]/usr/bin/git config --global --add safe.directory /home/runner/work/scratchattach/scratchattach
2025-12-23T14:58:24.6506037Z Removing SSH command configuration
2025-12-23T14:58:24.6512769Z [command]/usr/bin/git config --local --name-only --get-regexp core\.sshCommand
2025-12-23T14:58:24.6546882Z [command]/usr/bin/git submodule foreach --recursive sh -c "git config --local --name-only --get-regexp 'core\.sshCommand' && git config --local --unset-all 'core.sshCommand' || :"
2025-12-23T14:58:24.6802566Z Removing HTTP extra header
2025-12-23T14:58:24.6807835Z [command]/usr/bin/git config --local --name-only --get-regexp http\.https\:\/\/github\.com\/\.extraheader
2025-12-23T14:58:24.6841461Z [command]/usr/bin/git submodule foreach --recursive sh -c "git config --local --name-only --get-regexp 'http\.https\:\/\/github\.com\/\.extraheader' && git config --local --unset-all 'http.https://github.com/.extraheader' || :"
2025-12-23T14:58:24.7068658Z Removing includeIf entries pointing to credentials config files
2025-12-23T14:58:24.7075506Z [command]/usr/bin/git config --local --name-only --get-regexp ^includeIf\.gitdir:
2025-12-23T14:58:24.7098739Z includeif.gitdir:/home/runner/work/scratchattach/scratchattach/.git.path
2025-12-23T14:58:24.7099615Z includeif.gitdir:/home/runner/work/scratchattach/scratchattach/.git/worktrees/*.path
2025-12-23T14:58:24.7100103Z includeif.gitdir:/github/workspace/.git.path
2025-12-23T14:58:24.7100475Z includeif.gitdir:/github/workspace/.git/worktrees/*.path
2025-12-23T14:58:24.7109026Z [command]/usr/bin/git config --local --get-all includeif.gitdir:/home/runner/work/scratchattach/scratchattach/.git.path
2025-12-23T14:58:24.7131124Z /home/runner/work/_temp/git-credentials-43b92eaa-267a-4972-bb75-766512e87ed9.config
2025-12-23T14:58:24.7142065Z [command]/usr/bin/git config --local --unset includeif.gitdir:/home/runner/work/scratchattach/scratchattach/.git.path /home/runner/work/_temp/git-credentials-43b92eaa-267a-4972-bb75-766512e87ed9.config
2025-12-23T14:58:24.7175295Z [command]/usr/bin/git config --local --get-all includeif.gitdir:/home/runner/work/scratchattach/scratchattach/.git/worktrees/*.path
2025-12-23T14:58:24.7197248Z /home/runner/work/_temp/git-credentials-43b92eaa-267a-4972-bb75-766512e87ed9.config
2025-12-23T14:58:24.7206760Z [command]/usr/bin/git config --local --unset includeif.gitdir:/home/runner/work/scratchattach/scratchattach/.git/worktrees/*.path /home/runner/work/_temp/git-credentials-43b92eaa-267a-4972-bb75-766512e87ed9.config
2025-12-23T14:58:24.7238767Z [command]/usr/bin/git config --local --get-all includeif.gitdir:/github/workspace/.git.path
2025-12-23T14:58:24.7259292Z /github/runner_temp/git-credentials-43b92eaa-267a-4972-bb75-766512e87ed9.config
2025-12-23T14:58:24.7267120Z [command]/usr/bin/git config --local --unset includeif.gitdir:/github/workspace/.git.path /github/runner_temp/git-credentials-43b92eaa-267a-4972-bb75-766512e87ed9.config
2025-12-23T14:58:24.7297691Z [command]/usr/bin/git config --local --get-all includeif.gitdir:/github/workspace/.git/worktrees/*.path
2025-12-23T14:58:24.7319501Z /github/runner_temp/git-credentials-43b92eaa-267a-4972-bb75-766512e87ed9.config
2025-12-23T14:58:24.7329222Z [command]/usr/bin/git config --local --unset includeif.gitdir:/github/workspace/.git/worktrees/*.path /github/runner_temp/git-credentials-43b92eaa-267a-4972-bb75-766512e87ed9.config
2025-12-23T14:58:24.7361398Z [command]/usr/bin/git submodule foreach --recursive git config --local --show-origin --name-only --get-regexp remote.origin.url
2025-12-23T14:58:24.7586622Z Removing credentials config '/home/runner/work/_temp/git-credentials-43b92eaa-267a-4972-bb75-766512e87ed9.config'
2025-12-23T14:58:24.7708889Z Cleaning up orphan processes
