2026-01-19T03:51:56.1611244Z Current runner version: '2.331.0'
2026-01-19T03:51:56.1645447Z ##[group]Runner Image Provisioner
2026-01-19T03:51:56.1646877Z Hosted Compute Agent
2026-01-19T03:51:56.1647809Z Version: 20251211.462
2026-01-19T03:51:56.1648730Z Commit: 6cbad8c2bb55d58165063d031ccabf57e2d2db61
2026-01-19T03:51:56.1649934Z Build Date: 2025-12-11T16:28:49Z
2026-01-19T03:51:56.1651056Z Worker ID: {999e8f4d-604a-4449-a4ec-098208faeb5d}
2026-01-19T03:51:56.1652271Z ##[endgroup]
2026-01-19T03:51:56.1653333Z ##[group]Operating System
2026-01-19T03:51:56.1654255Z Ubuntu
2026-01-19T03:51:56.1655280Z 24.04.3
2026-01-19T03:51:56.1656283Z LTS
2026-01-19T03:51:56.1656993Z ##[endgroup]
2026-01-19T03:51:56.1658039Z ##[group]Runner Image
2026-01-19T03:51:56.1659072Z Image: ubuntu-24.04
2026-01-19T03:51:56.1660012Z Version: 20260111.209.1
2026-01-19T03:51:56.1661961Z Included Software: https://github.com/actions/runner-images/blob/ubuntu24/20260111.209/images/ubuntu/Ubuntu2404-Readme.md
2026-01-19T03:51:56.1664720Z Image Release: https://github.com/actions/runner-images/releases/tag/ubuntu24%2F20260111.209
2026-01-19T03:51:56.1667177Z ##[endgroup]
2026-01-19T03:51:56.1669105Z ##[group]GITHUB_TOKEN Permissions
2026-01-19T03:51:56.1672098Z Contents: write
2026-01-19T03:51:56.1673008Z Metadata: read
2026-01-19T03:51:56.1673817Z ##[endgroup]
2026-01-19T03:51:56.1677097Z Secret source: Actions
2026-01-19T03:51:56.1678280Z Prepare workflow directory
2026-01-19T03:51:56.2057095Z Prepare all required actions
2026-01-19T03:51:56.2113303Z Getting action download info
2026-01-19T03:51:56.5383155Z Download action repository 'actions/checkout@v6.0.1' (SHA:8e8c483db84b4bee98b60c0593521ed34d9990e8)
2026-01-19T03:51:56.6427252Z Download action repository 'actions/setup-python@v6.1.0' (SHA:83679a892e2d95755f2dac6acb0bfd1e9ac5d548)
2026-01-19T03:51:56.8740988Z Complete job name: Run Prioritzing Handler
2026-01-19T03:51:56.9447988Z ##[group]Run actions/checkout@v6.0.1
2026-01-19T03:51:56.9448859Z with:
2026-01-19T03:51:56.9449231Z   ref: main
2026-01-19T03:51:56.9449668Z   repository: Boss-1s/scratchattach
2026-01-19T03:51:56.9450366Z   token: ***
2026-01-19T03:51:56.9450758Z   ssh-strict: true
2026-01-19T03:51:56.9451164Z   ssh-user: git
2026-01-19T03:51:56.9451570Z   persist-credentials: true
2026-01-19T03:51:56.9452029Z   clean: true
2026-01-19T03:51:56.9452447Z   sparse-checkout-cone-mode: true
2026-01-19T03:51:56.9452933Z   fetch-depth: 1
2026-01-19T03:51:56.9453333Z   fetch-tags: false
2026-01-19T03:51:56.9453755Z   show-progress: true
2026-01-19T03:51:56.9454169Z   lfs: false
2026-01-19T03:51:56.9454542Z   submodules: false
2026-01-19T03:51:56.9454950Z   set-safe-directory: true
2026-01-19T03:51:56.9455863Z ##[endgroup]
2026-01-19T03:51:57.0394303Z Syncing repository: Boss-1s/scratchattach
2026-01-19T03:51:57.0396452Z ##[group]Getting Git version info
2026-01-19T03:51:57.0397320Z Working directory is '/home/runner/work/scratchattach/scratchattach'
2026-01-19T03:51:57.0398600Z [command]/usr/bin/git version
2026-01-19T03:51:57.0463011Z git version 2.52.0
2026-01-19T03:51:57.0484397Z ##[endgroup]
2026-01-19T03:51:57.0498884Z Temporarily overriding HOME='/home/runner/work/_temp/e5cc1325-7ba0-4228-99e9-922c5078ea97' before making global git config changes
2026-01-19T03:51:57.0500744Z Adding repository directory to the temporary git global config as a safe directory
2026-01-19T03:51:57.0503949Z [command]/usr/bin/git config --global --add safe.directory /home/runner/work/scratchattach/scratchattach
2026-01-19T03:51:57.0544467Z Deleting the contents of '/home/runner/work/scratchattach/scratchattach'
2026-01-19T03:51:57.0548202Z ##[group]Initializing the repository
2026-01-19T03:51:57.0553008Z [command]/usr/bin/git init /home/runner/work/scratchattach/scratchattach
2026-01-19T03:51:57.0679628Z hint: Using 'master' as the name for the initial branch. This default branch name
2026-01-19T03:51:57.0681607Z hint: will change to "main" in Git 3.0. To configure the initial branch name
2026-01-19T03:51:57.0683317Z hint: to use in all of your new repositories, which will suppress this warning,
2026-01-19T03:51:57.0684908Z hint: call:
2026-01-19T03:51:57.0686011Z hint:
2026-01-19T03:51:57.0686896Z hint: 	git config --global init.defaultBranch <name>
2026-01-19T03:51:57.0687662Z hint:
2026-01-19T03:51:57.0688273Z hint: Names commonly chosen instead of 'master' are 'main', 'trunk' and
2026-01-19T03:51:57.0689610Z hint: 'development'. The just-created branch can be renamed via this command:
2026-01-19T03:51:57.0690444Z hint:
2026-01-19T03:51:57.0691067Z hint: 	git branch -m <name>
2026-01-19T03:51:57.0691639Z hint:
2026-01-19T03:51:57.0692240Z hint: Disable this message with "git config set advice.defaultBranchName false"
2026-01-19T03:51:57.0693309Z Initialized empty Git repository in /home/runner/work/scratchattach/scratchattach/.git/
2026-01-19T03:51:57.0696538Z [command]/usr/bin/git remote add origin https://github.com/Boss-1s/scratchattach
2026-01-19T03:51:57.0734892Z ##[endgroup]
2026-01-19T03:51:57.0735961Z ##[group]Disabling automatic garbage collection
2026-01-19T03:51:57.0739054Z [command]/usr/bin/git config --local gc.auto 0
2026-01-19T03:51:57.0770337Z ##[endgroup]
2026-01-19T03:51:57.0771556Z ##[group]Setting up auth
2026-01-19T03:51:57.0772466Z Removing SSH command configuration
2026-01-19T03:51:57.0778825Z [command]/usr/bin/git config --local --name-only --get-regexp core\.sshCommand
2026-01-19T03:51:57.0811668Z [command]/usr/bin/git submodule foreach --recursive sh -c "git config --local --name-only --get-regexp 'core\.sshCommand' && git config --local --unset-all 'core.sshCommand' || :"
2026-01-19T03:51:57.1160423Z Removing HTTP extra header
2026-01-19T03:51:57.1166860Z [command]/usr/bin/git config --local --name-only --get-regexp http\.https\:\/\/github\.com\/\.extraheader
2026-01-19T03:51:57.1199485Z [command]/usr/bin/git submodule foreach --recursive sh -c "git config --local --name-only --get-regexp 'http\.https\:\/\/github\.com\/\.extraheader' && git config --local --unset-all 'http.https://github.com/.extraheader' || :"
2026-01-19T03:51:57.1422561Z Removing includeIf entries pointing to credentials config files
2026-01-19T03:51:57.1429596Z [command]/usr/bin/git config --local --name-only --get-regexp ^includeIf\.gitdir:
2026-01-19T03:51:57.1462622Z [command]/usr/bin/git submodule foreach --recursive git config --local --show-origin --name-only --get-regexp remote.origin.url
2026-01-19T03:51:57.1691831Z [command]/usr/bin/git config --file /home/runner/work/_temp/git-credentials-df97b61d-424e-4083-83d1-31436da07ec7.config http.https://github.com/.extraheader AUTHORIZATION: basic ***
2026-01-19T03:51:57.1731295Z [command]/usr/bin/git config --local includeIf.gitdir:/home/runner/work/scratchattach/scratchattach/.git.path /home/runner/work/_temp/git-credentials-df97b61d-424e-4083-83d1-31436da07ec7.config
2026-01-19T03:51:57.1766806Z [command]/usr/bin/git config --local includeIf.gitdir:/home/runner/work/scratchattach/scratchattach/.git/worktrees/*.path /home/runner/work/_temp/git-credentials-df97b61d-424e-4083-83d1-31436da07ec7.config
2026-01-19T03:51:57.1799997Z [command]/usr/bin/git config --local includeIf.gitdir:/github/workspace/.git.path /github/runner_temp/git-credentials-df97b61d-424e-4083-83d1-31436da07ec7.config
2026-01-19T03:51:57.1833612Z [command]/usr/bin/git config --local includeIf.gitdir:/github/workspace/.git/worktrees/*.path /github/runner_temp/git-credentials-df97b61d-424e-4083-83d1-31436da07ec7.config
2026-01-19T03:51:57.1862772Z ##[endgroup]
2026-01-19T03:51:57.1864272Z ##[group]Fetching the repository
2026-01-19T03:51:57.1873531Z [command]/usr/bin/git -c protocol.version=2 fetch --no-tags --prune --no-recurse-submodules --depth=1 origin +refs/heads/main*:refs/remotes/origin/main* +refs/tags/main*:refs/tags/main*
2026-01-19T03:52:43.3766443Z From https://github.com/Boss-1s/scratchattach
2026-01-19T03:52:43.3767254Z  * [new branch]      main       -> origin/main
2026-01-19T03:52:43.3793631Z ##[endgroup]
2026-01-19T03:52:43.3794182Z ##[group]Determining the checkout info
2026-01-19T03:52:43.3801218Z [command]/usr/bin/git branch --list --remote origin/main
2026-01-19T03:52:43.3824889Z   origin/main
2026-01-19T03:52:43.3829402Z ##[endgroup]
2026-01-19T03:52:43.3833670Z [command]/usr/bin/git sparse-checkout disable
2026-01-19T03:52:43.3875955Z [command]/usr/bin/git config --local --unset-all extensions.worktreeConfig
2026-01-19T03:52:43.3901676Z ##[group]Checking out the ref
2026-01-19T03:52:43.3905542Z [command]/usr/bin/git checkout --progress --force -B main refs/remotes/origin/main
2026-01-19T03:52:44.4478191Z Updating files:  82% (2611/3149)
2026-01-19T03:52:44.7659778Z Updating files:  83% (2614/3149)
2026-01-19T03:52:45.0661390Z Updating files:  84% (2646/3149)
2026-01-19T03:52:45.0703018Z Updating files:  85% (2677/3149)
2026-01-19T03:52:45.0742614Z Updating files:  86% (2709/3149)
2026-01-19T03:52:45.2718939Z Updating files:  87% (2740/3149)
2026-01-19T03:52:45.3283129Z Updating files:  88% (2772/3149)
2026-01-19T03:52:45.4104625Z Updating files:  89% (2803/3149)
2026-01-19T03:52:45.8763794Z Updating files:  89% (2808/3149)
2026-01-19T03:52:46.1152740Z Updating files:  90% (2835/3149)
2026-01-19T03:52:46.3996139Z Updating files:  91% (2866/3149)
2026-01-19T03:52:46.4951915Z Updating files:  91% (2896/3149)
2026-01-19T03:52:46.6776080Z Updating files:  92% (2898/3149)
2026-01-19T03:52:46.8448771Z Updating files:  93% (2929/3149)
2026-01-19T03:52:47.2802095Z Updating files:  94% (2961/3149)
2026-01-19T03:52:47.4346928Z Updating files:  95% (2992/3149)
2026-01-19T03:52:48.0417756Z Updating files:  95% (2998/3149)
2026-01-19T03:52:48.4031596Z Updating files:  96% (3024/3149)
2026-01-19T03:52:48.6241463Z Updating files:  96% (3039/3149)
2026-01-19T03:52:49.1932230Z Updating files:  97% (3055/3149)
2026-01-19T03:52:49.4189570Z Updating files:  98% (3087/3149)
2026-01-19T03:52:49.7342497Z Updating files:  98% (3101/3149)
2026-01-19T03:52:49.9970753Z Updating files:  99% (3118/3149)
2026-01-19T03:52:49.9971680Z Updating files: 100% (3149/3149)
2026-01-19T03:52:49.9972131Z Updating files: 100% (3149/3149), done.
2026-01-19T03:52:50.0006769Z Switched to a new branch 'main'
2026-01-19T03:52:50.0009532Z branch 'main' set up to track 'origin/main'.
2026-01-19T03:52:50.0178717Z ##[endgroup]
2026-01-19T03:52:50.0219604Z [command]/usr/bin/git log -1 --format=%H
2026-01-19T03:52:50.0243217Z c2e761492588c40de9da3252d2c0c9b5d2b82e29
2026-01-19T03:52:50.0469040Z ##[group]Run actions/setup-python@v6.1.0
2026-01-19T03:52:50.0469345Z with:
2026-01-19T03:52:50.0469529Z   python-version: 3.13
2026-01-19T03:52:50.0469731Z   check-latest: false
2026-01-19T03:52:50.0470090Z   token: ***
2026-01-19T03:52:50.0470281Z   update-environment: true
2026-01-19T03:52:50.0470504Z   allow-prereleases: false
2026-01-19T03:52:50.0470721Z   freethreaded: false
2026-01-19T03:52:50.0470922Z ##[endgroup]
2026-01-19T03:52:50.1729866Z ##[group]Installed versions
2026-01-19T03:52:50.2368282Z (node:2127) [DEP0040] DeprecationWarning: The `punycode` module is deprecated. Please use a userland alternative instead.
2026-01-19T03:52:50.2369782Z (Use `node --trace-deprecation ...` to show where the warning was created)
2026-01-19T03:52:50.2370884Z Successfully set up CPython (3.13.11)
2026-01-19T03:52:50.2371583Z ##[endgroup]
2026-01-19T03:52:50.2501555Z ##[group]Run pip install -r requirements.txt
2026-01-19T03:52:50.2501971Z [36;1mpip install -r requirements.txt[0m
2026-01-19T03:52:50.2546174Z shell: /usr/bin/bash -e {0}
2026-01-19T03:52:50.2546430Z env:
2026-01-19T03:52:50.2546698Z   pythonLocation: /opt/hostedtoolcache/Python/3.13.11/x64
2026-01-19T03:52:50.2547164Z   PKG_CONFIG_PATH: /opt/hostedtoolcache/Python/3.13.11/x64/lib/pkgconfig
2026-01-19T03:52:50.2547573Z   Python_ROOT_DIR: /opt/hostedtoolcache/Python/3.13.11/x64
2026-01-19T03:52:50.2547927Z   Python2_ROOT_DIR: /opt/hostedtoolcache/Python/3.13.11/x64
2026-01-19T03:52:50.2548286Z   Python3_ROOT_DIR: /opt/hostedtoolcache/Python/3.13.11/x64
2026-01-19T03:52:50.2548643Z   LD_LIBRARY_PATH: /opt/hostedtoolcache/Python/3.13.11/x64/lib
2026-01-19T03:52:50.2548943Z ##[endgroup]
2026-01-19T03:52:52.6758596Z Collecting scratchattach>=2.1.15b0 (from -r requirements.txt (line 1))
2026-01-19T03:52:52.8202754Z   Downloading scratchattach-2.1.15b0-py3-none-any.whl.metadata (5.7 kB)
2026-01-19T03:52:52.8590144Z Collecting websocket-client (from scratchattach>=2.1.15b0->-r requirements.txt (line 1))
2026-01-19T03:52:52.8889318Z   Downloading websocket_client-1.9.0-py3-none-any.whl.metadata (8.3 kB)
2026-01-19T03:52:52.9381626Z Collecting requests (from scratchattach>=2.1.15b0->-r requirements.txt (line 1))
2026-01-19T03:52:52.9734883Z   Downloading requests-2.32.5-py3-none-any.whl.metadata (4.9 kB)
2026-01-19T03:52:52.9933044Z Collecting bs4 (from scratchattach>=2.1.15b0->-r requirements.txt (line 1))
2026-01-19T03:52:53.0230180Z   Downloading bs4-0.0.2-py2.py3-none-any.whl.metadata (411 bytes)
2026-01-19T03:52:53.0469959Z Collecting SimpleWebSocketServer (from scratchattach>=2.1.15b0->-r requirements.txt (line 1))
2026-01-19T03:52:53.0767505Z   Downloading SimpleWebSocketServer-0.1.2.tar.gz (10 kB)
2026-01-19T03:52:53.0876396Z   Installing build dependencies: started
2026-01-19T03:52:54.1153153Z   Installing build dependencies: finished with status 'done'
2026-01-19T03:52:54.1160545Z   Getting requirements to build wheel: started
2026-01-19T03:52:54.5260977Z   Getting requirements to build wheel: finished with status 'done'
2026-01-19T03:52:54.5270703Z   Preparing metadata (pyproject.toml): started
2026-01-19T03:52:55.1509695Z   Preparing metadata (pyproject.toml): finished with status 'done'
2026-01-19T03:52:55.2739722Z Collecting typing-extensions (from scratchattach>=2.1.15b0->-r requirements.txt (line 1))
2026-01-19T03:52:55.3037452Z   Downloading typing_extensions-4.15.0-py3-none-any.whl.metadata (3.3 kB)
2026-01-19T03:52:56.3757098Z Collecting browser_cookie3 (from scratchattach>=2.1.15b0->-r requirements.txt (line 1))
2026-01-19T03:52:56.4055374Z   Downloading browser_cookie3-0.20.1-py3-none-any.whl.metadata (713 bytes)
2026-01-19T03:52:56.8652734Z Collecting lz4 (from browser_cookie3->scratchattach>=2.1.15b0->-r requirements.txt (line 1))
2026-01-19T03:52:56.8950130Z   Downloading lz4-4.4.5-cp313-cp313-manylinux2014_x86_64.manylinux_2_17_x86_64.manylinux_2_28_x86_64.whl.metadata (3.8 kB)
2026-01-19T03:52:57.0097049Z Collecting pycryptodomex (from browser_cookie3->scratchattach>=2.1.15b0->-r requirements.txt (line 1))
2026-01-19T03:52:57.0394299Z   Downloading pycryptodomex-3.23.0-cp37-abi3-manylinux_2_17_x86_64.manylinux2014_x86_64.whl.metadata (3.4 kB)
2026-01-19T03:52:57.0676131Z Collecting jeepney (from browser_cookie3->scratchattach>=2.1.15b0->-r requirements.txt (line 1))
2026-01-19T03:52:57.0971000Z   Downloading jeepney-0.9.0-py3-none-any.whl.metadata (1.2 kB)
2026-01-19T03:52:57.1374699Z Collecting beautifulsoup4 (from bs4->scratchattach>=2.1.15b0->-r requirements.txt (line 1))
2026-01-19T03:52:57.1668932Z   Downloading beautifulsoup4-4.14.3-py3-none-any.whl.metadata (3.8 kB)
2026-01-19T03:52:57.2013143Z Collecting soupsieve>=1.6.1 (from beautifulsoup4->bs4->scratchattach>=2.1.15b0->-r requirements.txt (line 1))
2026-01-19T03:52:57.2306551Z   Downloading soupsieve-2.8.2-py3-none-any.whl.metadata (4.6 kB)
2026-01-19T03:52:57.3547725Z Collecting charset_normalizer<4,>=2 (from requests->scratchattach>=2.1.15b0->-r requirements.txt (line 1))
2026-01-19T03:52:57.3843984Z   Downloading charset_normalizer-3.4.4-cp313-cp313-manylinux2014_x86_64.manylinux_2_17_x86_64.manylinux_2_28_x86_64.whl.metadata (37 kB)
2026-01-19T03:52:57.4263552Z Collecting idna<4,>=2.5 (from requests->scratchattach>=2.1.15b0->-r requirements.txt (line 1))
2026-01-19T03:52:57.4564901Z   Downloading idna-3.11-py3-none-any.whl.metadata (8.4 kB)
2026-01-19T03:52:57.5019577Z Collecting urllib3<3,>=1.21.1 (from requests->scratchattach>=2.1.15b0->-r requirements.txt (line 1))
2026-01-19T03:52:57.5313487Z   Downloading urllib3-2.6.3-py3-none-any.whl.metadata (6.9 kB)
2026-01-19T03:52:57.5691082Z Collecting certifi>=2017.4.17 (from requests->scratchattach>=2.1.15b0->-r requirements.txt (line 1))
2026-01-19T03:52:57.5984618Z   Downloading certifi-2026.1.4-py3-none-any.whl.metadata (2.5 kB)
2026-01-19T03:52:57.6366284Z Downloading scratchattach-2.1.15b0-py3-none-any.whl (145 kB)
2026-01-19T03:52:57.7037402Z Downloading browser_cookie3-0.20.1-py3-none-any.whl (17 kB)
2026-01-19T03:52:57.7356508Z Downloading bs4-0.0.2-py2.py3-none-any.whl (1.2 kB)
2026-01-19T03:52:57.7684367Z Downloading beautifulsoup4-4.14.3-py3-none-any.whl (107 kB)
2026-01-19T03:52:57.8050944Z Downloading soupsieve-2.8.2-py3-none-any.whl (37 kB)
2026-01-19T03:52:57.8386176Z Downloading typing_extensions-4.15.0-py3-none-any.whl (44 kB)
2026-01-19T03:52:57.8711655Z Downloading jeepney-0.9.0-py3-none-any.whl (49 kB)
2026-01-19T03:52:57.9042938Z Downloading lz4-4.4.5-cp313-cp313-manylinux2014_x86_64.manylinux_2_17_x86_64.manylinux_2_28_x86_64.whl (1.4 MB)
2026-01-19T03:52:57.9790283Z    ━━━━━━━━━━━━━━━━━━━━━━━━━━━━━━━━━━━━━━━━ 1.4/1.4 MB 24.8 MB/s  0:00:00
2026-01-19T03:52:58.0088902Z Downloading pycryptodomex-3.23.0-cp37-abi3-manylinux_2_17_x86_64.manylinux2014_x86_64.whl (2.3 MB)
2026-01-19T03:52:58.0464734Z    ━━━━━━━━━━━━━━━━━━━━━━━━━━━━━━━━━━━━━━━━ 2.3/2.3 MB 57.9 MB/s  0:00:00
2026-01-19T03:52:58.0770269Z Downloading requests-2.32.5-py3-none-any.whl (64 kB)
2026-01-19T03:52:58.1099491Z Downloading charset_normalizer-3.4.4-cp313-cp313-manylinux2014_x86_64.manylinux_2_17_x86_64.manylinux_2_28_x86_64.whl (153 kB)
2026-01-19T03:52:58.1420650Z Downloading idna-3.11-py3-none-any.whl (71 kB)
2026-01-19T03:52:58.1744261Z Downloading urllib3-2.6.3-py3-none-any.whl (131 kB)
2026-01-19T03:52:58.2070150Z Downloading certifi-2026.1.4-py3-none-any.whl (152 kB)
2026-01-19T03:52:58.2391532Z Downloading websocket_client-1.9.0-py3-none-any.whl (82 kB)
2026-01-19T03:52:58.2607606Z Building wheels for collected packages: SimpleWebSocketServer
2026-01-19T03:52:58.2616372Z   Building wheel for SimpleWebSocketServer (pyproject.toml): started
2026-01-19T03:52:58.4875520Z   Building wheel for SimpleWebSocketServer (pyproject.toml): finished with status 'done'
2026-01-19T03:52:58.4882529Z   Created wheel for SimpleWebSocketServer: filename=simplewebsocketserver-0.1.2-py3-none-any.whl size=9715 sha256=19b30205c775658acb8fd2c29385a4729f9ba191290bd07acb80f41e50333e05
2026-01-19T03:52:58.4884406Z   Stored in directory: /home/runner/.cache/pip/wheels/c4/5b/e8/4f2c15a82edc4923058056f6681373168be02a0c00389a6dcf
2026-01-19T03:52:58.4903152Z Successfully built SimpleWebSocketServer
2026-01-19T03:52:58.5146694Z Installing collected packages: SimpleWebSocketServer, websocket-client, urllib3, typing-extensions, soupsieve, pycryptodomex, lz4, jeepney, idna, charset_normalizer, certifi, requests, browser_cookie3, beautifulsoup4, bs4, scratchattach
2026-01-19T03:52:59.6100139Z 
2026-01-19T03:52:59.6126691Z Successfully installed SimpleWebSocketServer-0.1.2 beautifulsoup4-4.14.3 browser_cookie3-0.20.1 bs4-0.0.2 certifi-2026.1.4 charset_normalizer-3.4.4 idna-3.11 jeepney-0.9.0 lz4-4.4.5 pycryptodomex-3.23.0 requests-2.32.5 scratchattach-2.1.15b0 soupsieve-2.8.2 typing-extensions-4.15.0 urllib3-2.6.3 websocket-client-1.9.0
2026-01-19T03:52:59.8437970Z ##[group]Run actions/checkout@v6.0.1
2026-01-19T03:52:59.8438263Z with:
2026-01-19T03:52:59.8438426Z   ref: main
2026-01-19T03:52:59.8438611Z   repository: Boss-1s/scratchattach
2026-01-19T03:52:59.8438958Z   token: ***
2026-01-19T03:52:59.8439127Z   ssh-strict: true
2026-01-19T03:52:59.8439304Z   ssh-user: git
2026-01-19T03:52:59.8439490Z   persist-credentials: true
2026-01-19T03:52:59.8439698Z   clean: true
2026-01-19T03:52:59.8439884Z   sparse-checkout-cone-mode: true
2026-01-19T03:52:59.8440122Z   fetch-depth: 1
2026-01-19T03:52:59.8440304Z   fetch-tags: false
2026-01-19T03:52:59.8440493Z   show-progress: true
2026-01-19T03:52:59.8440672Z   lfs: false
2026-01-19T03:52:59.8440836Z   submodules: false
2026-01-19T03:52:59.8441020Z   set-safe-directory: true
2026-01-19T03:52:59.8441216Z env:
2026-01-19T03:52:59.8441442Z   pythonLocation: /opt/hostedtoolcache/Python/3.13.11/x64
2026-01-19T03:52:59.8441841Z   PKG_CONFIG_PATH: /opt/hostedtoolcache/Python/3.13.11/x64/lib/pkgconfig
2026-01-19T03:52:59.8442276Z   Python_ROOT_DIR: /opt/hostedtoolcache/Python/3.13.11/x64
2026-01-19T03:52:59.8442824Z   Python2_ROOT_DIR: /opt/hostedtoolcache/Python/3.13.11/x64
2026-01-19T03:52:59.8443184Z   Python3_ROOT_DIR: /opt/hostedtoolcache/Python/3.13.11/x64
2026-01-19T03:52:59.8443542Z   LD_LIBRARY_PATH: /opt/hostedtoolcache/Python/3.13.11/x64/lib
2026-01-19T03:52:59.8443842Z ##[endgroup]
2026-01-19T03:52:59.9249323Z Syncing repository: Boss-1s/scratchattach
2026-01-19T03:52:59.9250085Z ##[group]Getting Git version info
2026-01-19T03:52:59.9250669Z Working directory is '/home/runner/work/scratchattach/scratchattach'
2026-01-19T03:52:59.9284214Z [command]/usr/bin/git version
2026-01-19T03:52:59.9319618Z git version 2.52.0
2026-01-19T03:52:59.9340493Z ##[endgroup]
2026-01-19T03:52:59.9353515Z Temporarily overriding HOME='/home/runner/work/_temp/0573d307-11a0-42d0-9e47-0c1b378beb07' before making global git config changes
2026-01-19T03:52:59.9354749Z Adding repository directory to the temporary git global config as a safe directory
2026-01-19T03:52:59.9358766Z [command]/usr/bin/git config --global --add safe.directory /home/runner/work/scratchattach/scratchattach
2026-01-19T03:52:59.9395556Z [command]/usr/bin/git config --local --get remote.origin.url
2026-01-19T03:52:59.9417413Z https://github.com/Boss-1s/scratchattach
2026-01-19T03:52:59.9430582Z ##[group]Removing previously created refs, to avoid conflicts
2026-01-19T03:52:59.9434411Z [command]/usr/bin/git rev-parse --symbolic-full-name --verify --quiet HEAD
2026-01-19T03:52:59.9456256Z refs/heads/main
2026-01-19T03:52:59.9465276Z [command]/usr/bin/git checkout --detach
2026-01-19T03:53:00.8196030Z HEAD is now at c2e7614 [BOT] Download Logs
2026-01-19T03:53:00.8243894Z [command]/usr/bin/git branch --delete --force main
2026-01-19T03:53:00.8271261Z Deleted branch main (was c2e7614).
2026-01-19T03:53:00.8307191Z ##[endgroup]
2026-01-19T03:53:00.8311738Z [command]/usr/bin/git submodule status
2026-01-19T03:53:00.8545870Z ##[group]Cleaning the repository
2026-01-19T03:53:00.8551594Z [command]/usr/bin/git clean -ffdx
2026-01-19T03:53:00.8607426Z [command]/usr/bin/git reset --hard HEAD
2026-01-19T03:53:00.8720925Z HEAD is now at c2e7614 [BOT] Download Logs
2026-01-19T03:53:00.8726788Z ##[endgroup]
2026-01-19T03:53:00.8728746Z ##[group]Disabling automatic garbage collection
2026-01-19T03:53:00.8732775Z [command]/usr/bin/git config --local gc.auto 0
2026-01-19T03:53:00.8758969Z ##[endgroup]
2026-01-19T03:53:00.8759499Z ##[group]Setting up auth
2026-01-19T03:53:00.8761102Z Removing SSH command configuration
2026-01-19T03:53:00.8767049Z [command]/usr/bin/git config --local --name-only --get-regexp core\.sshCommand
2026-01-19T03:53:00.8798177Z [command]/usr/bin/git submodule foreach --recursive sh -c "git config --local --name-only --get-regexp 'core\.sshCommand' && git config --local --unset-all 'core.sshCommand' || :"
2026-01-19T03:53:00.9022186Z Removing HTTP extra header
2026-01-19T03:53:00.9027492Z [command]/usr/bin/git config --local --name-only --get-regexp http\.https\:\/\/github\.com\/\.extraheader
2026-01-19T03:53:00.9058247Z [command]/usr/bin/git submodule foreach --recursive sh -c "git config --local --name-only --get-regexp 'http\.https\:\/\/github\.com\/\.extraheader' && git config --local --unset-all 'http.https://github.com/.extraheader' || :"
2026-01-19T03:53:00.9278416Z Removing includeIf entries pointing to credentials config files
2026-01-19T03:53:00.9284956Z [command]/usr/bin/git config --local --name-only --get-regexp ^includeIf\.gitdir:
2026-01-19T03:53:00.9315694Z includeif.gitdir:/home/runner/work/scratchattach/scratchattach/.git.path
2026-01-19T03:53:00.9316689Z includeif.gitdir:/home/runner/work/scratchattach/scratchattach/.git/worktrees/*.path
2026-01-19T03:53:00.9317715Z includeif.gitdir:/github/workspace/.git.path
2026-01-19T03:53:00.9318536Z includeif.gitdir:/github/workspace/.git/worktrees/*.path
2026-01-19T03:53:00.9325478Z [command]/usr/bin/git config --local --get-all includeif.gitdir:/home/runner/work/scratchattach/scratchattach/.git.path
2026-01-19T03:53:00.9346199Z /home/runner/work/_temp/git-credentials-df97b61d-424e-4083-83d1-31436da07ec7.config
2026-01-19T03:53:00.9357015Z [command]/usr/bin/git config --local --unset includeif.gitdir:/home/runner/work/scratchattach/scratchattach/.git.path /home/runner/work/_temp/git-credentials-df97b61d-424e-4083-83d1-31436da07ec7.config
2026-01-19T03:53:00.9386522Z [command]/usr/bin/git config --local --get-all includeif.gitdir:/home/runner/work/scratchattach/scratchattach/.git/worktrees/*.path
2026-01-19T03:53:00.9406367Z /home/runner/work/_temp/git-credentials-df97b61d-424e-4083-83d1-31436da07ec7.config
2026-01-19T03:53:00.9414583Z [command]/usr/bin/git config --local --unset includeif.gitdir:/home/runner/work/scratchattach/scratchattach/.git/worktrees/*.path /home/runner/work/_temp/git-credentials-df97b61d-424e-4083-83d1-31436da07ec7.config
2026-01-19T03:53:00.9443530Z [command]/usr/bin/git config --local --get-all includeif.gitdir:/github/workspace/.git.path
2026-01-19T03:53:00.9463222Z /github/runner_temp/git-credentials-df97b61d-424e-4083-83d1-31436da07ec7.config
2026-01-19T03:53:00.9470128Z [command]/usr/bin/git config --local --unset includeif.gitdir:/github/workspace/.git.path /github/runner_temp/git-credentials-df97b61d-424e-4083-83d1-31436da07ec7.config
2026-01-19T03:53:00.9502529Z [command]/usr/bin/git config --local --get-all includeif.gitdir:/github/workspace/.git/worktrees/*.path
2026-01-19T03:53:00.9525311Z /github/runner_temp/git-credentials-df97b61d-424e-4083-83d1-31436da07ec7.config
2026-01-19T03:53:00.9536341Z [command]/usr/bin/git config --local --unset includeif.gitdir:/github/workspace/.git/worktrees/*.path /github/runner_temp/git-credentials-df97b61d-424e-4083-83d1-31436da07ec7.config
2026-01-19T03:53:00.9579238Z [command]/usr/bin/git submodule foreach --recursive git config --local --show-origin --name-only --get-regexp remote.origin.url
2026-01-19T03:53:00.9821486Z Removing credentials config '/home/runner/work/_temp/git-credentials-df97b61d-424e-4083-83d1-31436da07ec7.config'
2026-01-19T03:53:00.9836357Z [command]/usr/bin/git config --file /home/runner/work/_temp/git-credentials-bf9d8664-1ef2-4f37-b8b9-9ea87cb236a5.config http.https://github.com/.extraheader AUTHORIZATION: basic ***
2026-01-19T03:53:00.9878535Z [command]/usr/bin/git config --local includeIf.gitdir:/home/runner/work/scratchattach/scratchattach/.git.path /home/runner/work/_temp/git-credentials-bf9d8664-1ef2-4f37-b8b9-9ea87cb236a5.config
2026-01-19T03:53:00.9909869Z [command]/usr/bin/git config --local includeIf.gitdir:/home/runner/work/scratchattach/scratchattach/.git/worktrees/*.path /home/runner/work/_temp/git-credentials-bf9d8664-1ef2-4f37-b8b9-9ea87cb236a5.config
2026-01-19T03:53:00.9941780Z [command]/usr/bin/git config --local includeIf.gitdir:/github/workspace/.git.path /github/runner_temp/git-credentials-bf9d8664-1ef2-4f37-b8b9-9ea87cb236a5.config
2026-01-19T03:53:00.9973121Z [command]/usr/bin/git config --local includeIf.gitdir:/github/workspace/.git/worktrees/*.path /github/runner_temp/git-credentials-bf9d8664-1ef2-4f37-b8b9-9ea87cb236a5.config
2026-01-19T03:53:01.0001828Z ##[endgroup]
2026-01-19T03:53:01.0002397Z ##[group]Fetching the repository
2026-01-19T03:53:01.0013397Z [command]/usr/bin/git -c protocol.version=2 fetch --no-tags --prune --no-recurse-submodules --depth=1 origin +refs/heads/main*:refs/remotes/origin/main* +refs/tags/main*:refs/tags/main*
2026-01-19T03:53:01.3391152Z ##[endgroup]
2026-01-19T03:53:01.3391734Z ##[group]Determining the checkout info
2026-01-19T03:53:01.3398320Z [command]/usr/bin/git branch --list --remote origin/main
2026-01-19T03:53:01.3424838Z   origin/main
2026-01-19T03:53:01.3435349Z ##[endgroup]
2026-01-19T03:53:01.3437378Z [command]/usr/bin/git sparse-checkout disable
2026-01-19T03:53:01.3507433Z [command]/usr/bin/git config --local --unset-all extensions.worktreeConfig
2026-01-19T03:53:01.3538315Z ##[group]Checking out the ref
2026-01-19T03:53:01.3542321Z [command]/usr/bin/git checkout --progress --force -B main refs/remotes/origin/main
2026-01-19T03:53:01.3630553Z Switched to a new branch 'main'
2026-01-19T03:53:01.3631072Z branch 'main' set up to track 'origin/main'.
2026-01-19T03:53:01.3637811Z ##[endgroup]
2026-01-19T03:53:01.3679215Z [command]/usr/bin/git log -1 --format=%H
2026-01-19T03:53:01.3703751Z c2e761492588c40de9da3252d2c0c9b5d2b82e29
2026-01-19T03:53:01.3822489Z ##[group]Run python3 aesthetic_prioritizing.py
2026-01-19T03:53:01.3822849Z [36;1mpython3 aesthetic_prioritizing.py[0m
2026-01-19T03:53:01.3856485Z shell: /usr/bin/bash -e {0}
2026-01-19T03:53:01.3856707Z env:
2026-01-19T03:53:01.3856953Z   pythonLocation: /opt/hostedtoolcache/Python/3.13.11/x64
2026-01-19T03:53:01.3857382Z   PKG_CONFIG_PATH: /opt/hostedtoolcache/Python/3.13.11/x64/lib/pkgconfig
2026-01-19T03:53:01.3857795Z   Python_ROOT_DIR: /opt/hostedtoolcache/Python/3.13.11/x64
2026-01-19T03:53:01.3858155Z   Python2_ROOT_DIR: /opt/hostedtoolcache/Python/3.13.11/x64
2026-01-19T03:53:01.3858509Z   Python3_ROOT_DIR: /opt/hostedtoolcache/Python/3.13.11/x64
2026-01-19T03:53:01.3858860Z   LD_LIBRARY_PATH: /opt/hostedtoolcache/Python/3.13.11/x64/lib
2026-01-19T03:53:01.3859273Z   PASS: ***
2026-01-19T03:53:01.3859459Z ##[endgroup]
2026-01-19T03:53:02.4547688Z Prioritizing: Attempt 1
2026-01-19T03:53:02.7408154Z Unfavorited project 1193158560
2026-01-19T03:53:47.7420196Z Favorited project 1193158560 to move it to the top
2026-01-19T03:54:33.1334817Z Unfavorited project 1193158559
2026-01-19T03:55:18.1346800Z Favorited project 1193158559 to move it to the top
2026-01-19T03:56:03.5665302Z Unfavorited project 1193158558
2026-01-19T03:56:48.5676732Z Favorited project 1193158558 to move it to the top
2026-01-19T03:57:33.9797864Z Unfavorited project 1193158567
2026-01-19T03:58:18.9809243Z Favorited project 1193158567 to move it to the top
2026-01-19T03:59:04.4364505Z Unfavorited project 1193158568
2026-01-19T03:59:49.4375834Z Favorited project 1193158568 to move it to the top
2026-01-19T03:59:49.5914588Z Process failed, retying. Error: Make sure all provided arguments are valid
2026-01-19T03:59:49.6080784Z Prioritizing: Attempt 2
2026-01-19T03:59:49.8853217Z Unfavorited project 1193158560
2026-01-19T04:00:34.8865810Z Favorited project 1193158560 to move it to the top
2026-01-19T04:01:20.3085402Z Unfavorited project 1193158559
2026-01-19T04:02:05.3096660Z Favorited project 1193158559 to move it to the top
2026-01-19T04:02:50.7299685Z Unfavorited project 1193158558
2026-01-19T04:03:35.7311181Z Favorited project 1193158558 to move it to the top
2026-01-19T04:04:21.1518798Z Unfavorited project 1193158567
2026-01-19T04:05:06.1530420Z Favorited project 1193158567 to move it to the top
2026-01-19T04:05:51.5815817Z Unfavorited project 1193158568
2026-01-19T04:06:36.5827010Z Favorited project 1193158568 to move it to the top
2026-01-19T04:07:21.7375261Z Prioritized projects in your favorite list.
2026-01-19T04:07:21.7381605Z Prioritizing: Attempt 1
2026-01-19T04:07:21.9971585Z Unfollowed stuido 50609120
2026-01-19T04:07:56.9984178Z Followed studio 50609120 to move it to the top
2026-01-19T04:08:42.2779052Z Unfollowed stuido 50609126
2026-01-19T04:09:17.2790796Z Followed studio 50609126 to move it to the top
2026-01-19T04:10:02.5529116Z Unfollowed stuido 50609128
2026-01-19T04:10:37.5540472Z Followed studio 50609128 to move it to the top
2026-01-19T04:11:30.7374207Z Unfollowed stuido 50609129
2026-01-19T04:12:05.7386448Z Followed studio 50609129 to move it to the top
2026-01-19T04:12:50.8818702Z Prioritized studios in your favorite list.
2026-01-19T04:12:50.9175607Z Post job cleanup.
2026-01-19T04:12:50.9943999Z [command]/usr/bin/git version
2026-01-19T04:12:50.9979828Z git version 2.52.0
2026-01-19T04:12:51.0018606Z Temporarily overriding HOME='/home/runner/work/_temp/ff49cec3-cd95-4d31-9178-29b1b7298272' before making global git config changes
2026-01-19T04:12:51.0019932Z Adding repository directory to the temporary git global config as a safe directory
2026-01-19T04:12:51.0024444Z [command]/usr/bin/git config --global --add safe.directory /home/runner/work/scratchattach/scratchattach
2026-01-19T04:12:51.0053447Z Removing SSH command configuration
2026-01-19T04:12:51.0060645Z [command]/usr/bin/git config --local --name-only --get-regexp core\.sshCommand
2026-01-19T04:12:51.0097973Z [command]/usr/bin/git submodule foreach --recursive sh -c "git config --local --name-only --get-regexp 'core\.sshCommand' && git config --local --unset-all 'core.sshCommand' || :"
2026-01-19T04:12:51.0343998Z Removing HTTP extra header
2026-01-19T04:12:51.0348758Z [command]/usr/bin/git config --local --name-only --get-regexp http\.https\:\/\/github\.com\/\.extraheader
2026-01-19T04:12:51.0383119Z [command]/usr/bin/git submodule foreach --recursive sh -c "git config --local --name-only --get-regexp 'http\.https\:\/\/github\.com\/\.extraheader' && git config --local --unset-all 'http.https://github.com/.extraheader' || :"
2026-01-19T04:12:51.0625814Z Removing includeIf entries pointing to credentials config files
2026-01-19T04:12:51.0633720Z [command]/usr/bin/git config --local --name-only --get-regexp ^includeIf\.gitdir:
2026-01-19T04:12:51.0659493Z includeif.gitdir:/home/runner/work/scratchattach/scratchattach/.git.path
2026-01-19T04:12:51.0660487Z includeif.gitdir:/home/runner/work/scratchattach/scratchattach/.git/worktrees/*.path
2026-01-19T04:12:51.0660990Z includeif.gitdir:/github/workspace/.git.path
2026-01-19T04:12:51.0661445Z includeif.gitdir:/github/workspace/.git/worktrees/*.path
2026-01-19T04:12:51.0671453Z [command]/usr/bin/git config --local --get-all includeif.gitdir:/home/runner/work/scratchattach/scratchattach/.git.path
2026-01-19T04:12:51.0694490Z /home/runner/work/_temp/git-credentials-bf9d8664-1ef2-4f37-b8b9-9ea87cb236a5.config
2026-01-19T04:12:51.0707752Z [command]/usr/bin/git config --local --unset includeif.gitdir:/home/runner/work/scratchattach/scratchattach/.git.path /home/runner/work/_temp/git-credentials-bf9d8664-1ef2-4f37-b8b9-9ea87cb236a5.config
2026-01-19T04:12:51.0749769Z [command]/usr/bin/git config --local --get-all includeif.gitdir:/home/runner/work/scratchattach/scratchattach/.git/worktrees/*.path
2026-01-19T04:12:51.0775495Z /home/runner/work/_temp/git-credentials-bf9d8664-1ef2-4f37-b8b9-9ea87cb236a5.config
2026-01-19T04:12:51.0787254Z [command]/usr/bin/git config --local --unset includeif.gitdir:/home/runner/work/scratchattach/scratchattach/.git/worktrees/*.path /home/runner/work/_temp/git-credentials-bf9d8664-1ef2-4f37-b8b9-9ea87cb236a5.config
2026-01-19T04:12:51.0822040Z [command]/usr/bin/git config --local --get-all includeif.gitdir:/github/workspace/.git.path
2026-01-19T04:12:51.0844463Z /github/runner_temp/git-credentials-bf9d8664-1ef2-4f37-b8b9-9ea87cb236a5.config
2026-01-19T04:12:51.0854161Z [command]/usr/bin/git config --local --unset includeif.gitdir:/github/workspace/.git.path /github/runner_temp/git-credentials-bf9d8664-1ef2-4f37-b8b9-9ea87cb236a5.config
2026-01-19T04:12:51.0888003Z [command]/usr/bin/git config --local --get-all includeif.gitdir:/github/workspace/.git/worktrees/*.path
2026-01-19T04:12:51.0910286Z /github/runner_temp/git-credentials-bf9d8664-1ef2-4f37-b8b9-9ea87cb236a5.config
2026-01-19T04:12:51.0921414Z [command]/usr/bin/git config --local --unset includeif.gitdir:/github/workspace/.git/worktrees/*.path /github/runner_temp/git-credentials-bf9d8664-1ef2-4f37-b8b9-9ea87cb236a5.config
2026-01-19T04:12:51.0957083Z [command]/usr/bin/git submodule foreach --recursive git config --local --show-origin --name-only --get-regexp remote.origin.url
2026-01-19T04:12:51.1197737Z Removing credentials config '/home/runner/work/_temp/git-credentials-bf9d8664-1ef2-4f37-b8b9-9ea87cb236a5.config'
2026-01-19T04:12:51.1330866Z Post job cleanup.
2026-01-19T04:12:51.2487528Z (node:2774) [DEP0040] DeprecationWarning: The `punycode` module is deprecated. Please use a userland alternative instead.
2026-01-19T04:12:51.2488267Z (Use `node --trace-deprecation ...` to show where the warning was created)
2026-01-19T04:12:51.2610666Z Post job cleanup.
2026-01-19T04:12:51.3388151Z [command]/usr/bin/git version
2026-01-19T04:12:51.3423276Z git version 2.52.0
2026-01-19T04:12:51.3460217Z Temporarily overriding HOME='/home/runner/work/_temp/b4edadfe-a3d5-4963-b51a-1fe6f27e4843' before making global git config changes
2026-01-19T04:12:51.3461923Z Adding repository directory to the temporary git global config as a safe directory
2026-01-19T04:12:51.3465722Z [command]/usr/bin/git config --global --add safe.directory /home/runner/work/scratchattach/scratchattach
2026-01-19T04:12:51.3496796Z Removing SSH command configuration
2026-01-19T04:12:51.3503969Z [command]/usr/bin/git config --local --name-only --get-regexp core\.sshCommand
2026-01-19T04:12:51.3539481Z [command]/usr/bin/git submodule foreach --recursive sh -c "git config --local --name-only --get-regexp 'core\.sshCommand' && git config --local --unset-all 'core.sshCommand' || :"
2026-01-19T04:12:51.3765457Z Removing HTTP extra header
2026-01-19T04:12:51.3770543Z [command]/usr/bin/git config --local --name-only --get-regexp http\.https\:\/\/github\.com\/\.extraheader
2026-01-19T04:12:51.3803211Z [command]/usr/bin/git submodule foreach --recursive sh -c "git config --local --name-only --get-regexp 'http\.https\:\/\/github\.com\/\.extraheader' && git config --local --unset-all 'http.https://github.com/.extraheader' || :"
2026-01-19T04:12:51.4024636Z Removing includeIf entries pointing to credentials config files
2026-01-19T04:12:51.4031143Z [command]/usr/bin/git config --local --name-only --get-regexp ^includeIf\.gitdir:
2026-01-19T04:12:51.4062238Z [command]/usr/bin/git submodule foreach --recursive git config --local --show-origin --name-only --get-regexp remote.origin.url
2026-01-19T04:12:51.4415069Z Cleaning up orphan processes
