2025-11-21T12:42:14.2249415Z Current runner version: '2.329.0'
2025-11-21T12:42:14.2276323Z ##[group]Runner Image Provisioner
2025-11-21T12:42:14.2277181Z Hosted Compute Agent
2025-11-21T12:42:14.2278180Z Version: 20251016.436
2025-11-21T12:42:14.2279115Z Commit: 8ab8ac8bfd662a3739dab9fe09456aba92132568
2025-11-21T12:42:14.2279845Z Build Date: 2025-10-15T20:44:12Z
2025-11-21T12:42:14.2280527Z ##[endgroup]
2025-11-21T12:42:14.2281073Z ##[group]Operating System
2025-11-21T12:42:14.2281635Z Ubuntu
2025-11-21T12:42:14.2282109Z 24.04.3
2025-11-21T12:42:14.2282595Z LTS
2025-11-21T12:42:14.2283069Z ##[endgroup]
2025-11-21T12:42:14.2283563Z ##[group]Runner Image
2025-11-21T12:42:14.2284163Z Image: ubuntu-24.04
2025-11-21T12:42:14.2284691Z Version: 20251112.124.1
2025-11-21T12:42:14.2285717Z Included Software: https://github.com/actions/runner-images/blob/ubuntu24/20251112.124/images/ubuntu/Ubuntu2404-Readme.md
2025-11-21T12:42:14.2287301Z Image Release: https://github.com/actions/runner-images/releases/tag/ubuntu24%2F20251112.124
2025-11-21T12:42:14.2288390Z ##[endgroup]
2025-11-21T12:42:14.2291400Z ##[group]GITHUB_TOKEN Permissions
2025-11-21T12:42:14.2293801Z Actions: write
2025-11-21T12:42:14.2294410Z ArtifactMetadata: write
2025-11-21T12:42:14.2294970Z Attestations: write
2025-11-21T12:42:14.2295500Z Checks: write
2025-11-21T12:42:14.2296044Z Contents: write
2025-11-21T12:42:14.2296642Z Deployments: write
2025-11-21T12:42:14.2297180Z Discussions: write
2025-11-21T12:42:14.2297716Z Issues: write
2025-11-21T12:42:14.2298181Z Metadata: read
2025-11-21T12:42:14.2299040Z Models: read
2025-11-21T12:42:14.2299617Z Packages: write
2025-11-21T12:42:14.2300100Z Pages: write
2025-11-21T12:42:14.2300683Z PullRequests: write
2025-11-21T12:42:14.2301245Z RepositoryProjects: write
2025-11-21T12:42:14.2301892Z SecurityEvents: write
2025-11-21T12:42:14.2302482Z Statuses: write
2025-11-21T12:42:14.2303016Z ##[endgroup]
2025-11-21T12:42:14.2305106Z Secret source: Actions
2025-11-21T12:42:14.2306150Z Prepare workflow directory
2025-11-21T12:42:14.2649901Z Prepare all required actions
2025-11-21T12:42:14.2691546Z Getting action download info
2025-11-21T12:42:14.6641245Z Download action repository 'actions/checkout@v5.0.1' (SHA:93cb6efe18208431cddfb8368fd83d5badbf9bfd)
2025-11-21T12:42:15.1865278Z Download action repository 'actions/setup-python@v6.0.0' (SHA:e797f83bcb11b83ae66e0230d6156d7c80228e7c)
2025-11-21T12:42:15.3384257Z Download action repository 'bossOfCode/install-scratchattach@v1.0.3' (SHA:be17a7cf1ecb5a7040eb42ef26c2e1fbe72bb25a)
2025-11-21T12:42:15.8827478Z Complete job name: Run 1
2025-11-21T12:42:15.9641207Z ##[group]Run actions/checkout@v5.0.1
2025-11-21T12:42:15.9642618Z with:
2025-11-21T12:42:15.9643369Z   ref: main
2025-11-21T12:42:15.9644194Z   repository: Boss-1s/scratchattach
2025-11-21T12:42:15.9645547Z   token: ***
2025-11-21T12:42:15.9646339Z   ssh-strict: true
2025-11-21T12:42:15.9647161Z   ssh-user: git
2025-11-21T12:42:15.9648010Z   persist-credentials: true
2025-11-21T12:42:15.9649138Z   clean: true
2025-11-21T12:42:15.9649990Z   sparse-checkout-cone-mode: true
2025-11-21T12:42:15.9651056Z   fetch-depth: 1
2025-11-21T12:42:15.9651896Z   fetch-tags: false
2025-11-21T12:42:15.9652768Z   show-progress: true
2025-11-21T12:42:15.9653650Z   lfs: false
2025-11-21T12:42:15.9654444Z   submodules: false
2025-11-21T12:42:15.9655318Z   set-safe-directory: true
2025-11-21T12:42:15.9656630Z ##[endgroup]
2025-11-21T12:42:16.0621106Z Syncing repository: Boss-1s/scratchattach
2025-11-21T12:42:16.0623936Z ##[group]Getting Git version info
2025-11-21T12:42:16.0625634Z Working directory is '/home/runner/work/scratchattach/scratchattach'
2025-11-21T12:42:16.0627870Z [command]/usr/bin/git version
2025-11-21T12:42:16.0669753Z git version 2.51.2
2025-11-21T12:42:16.0692892Z ##[endgroup]
2025-11-21T12:42:16.0710244Z Temporarily overriding HOME='/home/runner/work/_temp/594be4e4-3600-407f-bb6f-35699542d6d3' before making global git config changes
2025-11-21T12:42:16.0713406Z Adding repository directory to the temporary git global config as a safe directory
2025-11-21T12:42:16.0717308Z [command]/usr/bin/git config --global --add safe.directory /home/runner/work/scratchattach/scratchattach
2025-11-21T12:42:16.0754105Z Deleting the contents of '/home/runner/work/scratchattach/scratchattach'
2025-11-21T12:42:16.0757427Z ##[group]Initializing the repository
2025-11-21T12:42:16.0762200Z [command]/usr/bin/git init /home/runner/work/scratchattach/scratchattach
2025-11-21T12:42:16.0869990Z hint: Using 'master' as the name for the initial branch. This default branch name
2025-11-21T12:42:16.0873531Z hint: is subject to change. To configure the initial branch name to use in all
2025-11-21T12:42:16.0875852Z hint: of your new repositories, which will suppress this warning, call:
2025-11-21T12:42:16.0877273Z hint:
2025-11-21T12:42:16.0878282Z hint: 	git config --global init.defaultBranch <name>
2025-11-21T12:42:16.0879870Z hint:
2025-11-21T12:42:16.0881656Z hint: Names commonly chosen instead of 'master' are 'main', 'trunk' and
2025-11-21T12:42:16.0883531Z hint: 'development'. The just-created branch can be renamed via this command:
2025-11-21T12:42:16.0885867Z hint:
2025-11-21T12:42:16.0887149Z hint: 	git branch -m <name>
2025-11-21T12:42:16.0888884Z hint:
2025-11-21T12:42:16.0890171Z hint: Disable this message with "git config set advice.defaultBranchName false"
2025-11-21T12:42:16.0892276Z Initialized empty Git repository in /home/runner/work/scratchattach/scratchattach/.git/
2025-11-21T12:42:16.0895763Z [command]/usr/bin/git remote add origin https://github.com/Boss-1s/scratchattach
2025-11-21T12:42:16.0957226Z ##[endgroup]
2025-11-21T12:42:16.0959482Z ##[group]Disabling automatic garbage collection
2025-11-21T12:42:16.0961629Z [command]/usr/bin/git config --local gc.auto 0
2025-11-21T12:42:16.0994395Z ##[endgroup]
2025-11-21T12:42:16.0995902Z ##[group]Setting up auth
2025-11-21T12:42:16.1000423Z [command]/usr/bin/git config --local --name-only --get-regexp core\.sshCommand
2025-11-21T12:42:16.1032992Z [command]/usr/bin/git submodule foreach --recursive sh -c "git config --local --name-only --get-regexp 'core\.sshCommand' && git config --local --unset-all 'core.sshCommand' || :"
2025-11-21T12:42:16.1371504Z [command]/usr/bin/git config --local --name-only --get-regexp http\.https\:\/\/github\.com\/\.extraheader
2025-11-21T12:42:16.1403006Z [command]/usr/bin/git submodule foreach --recursive sh -c "git config --local --name-only --get-regexp 'http\.https\:\/\/github\.com\/\.extraheader' && git config --local --unset-all 'http.https://github.com/.extraheader' || :"
2025-11-21T12:42:16.1630406Z [command]/usr/bin/git config --local --name-only --get-regexp ^includeIf\.gitdir:
2025-11-21T12:42:16.1661747Z [command]/usr/bin/git submodule foreach --recursive git config --local --show-origin --name-only --get-regexp remote.origin.url
2025-11-21T12:42:16.1887606Z [command]/usr/bin/git config --local http.https://github.com/.extraheader AUTHORIZATION: basic ***
2025-11-21T12:42:16.1922959Z ##[endgroup]
2025-11-21T12:42:16.1924457Z ##[group]Fetching the repository
2025-11-21T12:42:16.1933414Z [command]/usr/bin/git -c protocol.version=2 fetch --no-tags --prune --no-recurse-submodules --depth=1 origin +refs/heads/main*:refs/remotes/origin/main* +refs/tags/main*:refs/tags/main*
2025-11-21T12:42:18.1922144Z From https://github.com/Boss-1s/scratchattach
2025-11-21T12:42:18.1923310Z  * [new branch]      main       -> origin/main
2025-11-21T12:42:18.1954629Z ##[endgroup]
2025-11-21T12:42:18.1955449Z ##[group]Determining the checkout info
2025-11-21T12:42:18.1962887Z [command]/usr/bin/git branch --list --remote origin/main
2025-11-21T12:42:18.1987080Z   origin/main
2025-11-21T12:42:18.1992657Z ##[endgroup]
2025-11-21T12:42:18.1997394Z [command]/usr/bin/git sparse-checkout disable
2025-11-21T12:42:18.2035916Z [command]/usr/bin/git config --local --unset-all extensions.worktreeConfig
2025-11-21T12:42:18.2062750Z ##[group]Checking out the ref
2025-11-21T12:42:18.2067700Z [command]/usr/bin/git checkout --progress --force -B main refs/remotes/origin/main
2025-11-21T12:42:18.6563387Z Switched to a new branch 'main'
2025-11-21T12:42:18.6565093Z branch 'main' set up to track 'origin/main'.
2025-11-21T12:42:18.6612216Z ##[endgroup]
2025-11-21T12:42:18.6659935Z [command]/usr/bin/git log -1 --format=%H
2025-11-21T12:42:18.6683890Z ba05bf7b5d85268b88a1ecf1065416a75ba2b506
2025-11-21T12:42:18.6903960Z ##[group]Run actions/setup-python@v6.0.0
2025-11-21T12:42:18.6904273Z with:
2025-11-21T12:42:18.6904476Z   python-version: 3.13
2025-11-21T12:42:18.6904713Z   check-latest: false
2025-11-21T12:42:18.6905047Z   token: ***
2025-11-21T12:42:18.6905250Z   update-environment: true
2025-11-21T12:42:18.6905487Z   allow-prereleases: false
2025-11-21T12:42:18.6905708Z   freethreaded: false
2025-11-21T12:42:18.6905914Z ##[endgroup]
2025-11-21T12:42:18.8187431Z ##[group]Installed versions
2025-11-21T12:42:18.8291570Z (node:2079) [DEP0040] DeprecationWarning: The `punycode` module is deprecated. Please use a userland alternative instead.
2025-11-21T12:42:18.8292514Z (Use `node --trace-deprecation ...` to show where the warning was created)
2025-11-21T12:42:18.8293374Z Successfully set up CPython (3.13.9)
2025-11-21T12:42:18.8294165Z ##[endgroup]
2025-11-21T12:42:18.8436271Z ##[group]Run bossOfCode/install-scratchattach@v1.0.3
2025-11-21T12:42:18.8436630Z env:
2025-11-21T12:42:18.8436891Z   pythonLocation: /opt/hostedtoolcache/Python/3.13.9/x64
2025-11-21T12:42:18.8437314Z   PKG_CONFIG_PATH: /opt/hostedtoolcache/Python/3.13.9/x64/lib/pkgconfig
2025-11-21T12:42:18.8437712Z   Python_ROOT_DIR: /opt/hostedtoolcache/Python/3.13.9/x64
2025-11-21T12:42:18.8438078Z   Python2_ROOT_DIR: /opt/hostedtoolcache/Python/3.13.9/x64
2025-11-21T12:42:18.8438440Z   Python3_ROOT_DIR: /opt/hostedtoolcache/Python/3.13.9/x64
2025-11-21T12:42:18.8439201Z   LD_LIBRARY_PATH: /opt/hostedtoolcache/Python/3.13.9/x64/lib
2025-11-21T12:42:18.8439510Z ##[endgroup]
2025-11-21T12:42:18.8521184Z ##[group]Run python3 -m pip install --upgrade pip
2025-11-21T12:42:18.8521605Z [36;1mpython3 -m pip install --upgrade pip[0m
2025-11-21T12:42:18.8609268Z shell: /usr/bin/bash --noprofile --norc -e -o pipefail {0}
2025-11-21T12:42:18.8609648Z env:
2025-11-21T12:42:18.8609945Z   pythonLocation: /opt/hostedtoolcache/Python/3.13.9/x64
2025-11-21T12:42:18.8610355Z   PKG_CONFIG_PATH: /opt/hostedtoolcache/Python/3.13.9/x64/lib/pkgconfig
2025-11-21T12:42:18.8610764Z   Python_ROOT_DIR: /opt/hostedtoolcache/Python/3.13.9/x64
2025-11-21T12:42:18.8611123Z   Python2_ROOT_DIR: /opt/hostedtoolcache/Python/3.13.9/x64
2025-11-21T12:42:18.8611482Z   Python3_ROOT_DIR: /opt/hostedtoolcache/Python/3.13.9/x64
2025-11-21T12:42:18.8611835Z   LD_LIBRARY_PATH: /opt/hostedtoolcache/Python/3.13.9/x64/lib
2025-11-21T12:42:18.8612138Z ##[endgroup]
2025-11-21T12:42:21.1609060Z Requirement already satisfied: pip in /opt/hostedtoolcache/Python/3.13.9/x64/lib/python3.13/site-packages (25.3)
2025-11-21T12:42:21.4804778Z ##[group]Run pip install -U scratchattach
2025-11-21T12:42:21.4805121Z [36;1mpip install -U scratchattach[0m
2025-11-21T12:42:21.4839263Z shell: /usr/bin/bash --noprofile --norc -e -o pipefail {0}
2025-11-21T12:42:21.4839607Z env:
2025-11-21T12:42:21.4839860Z   pythonLocation: /opt/hostedtoolcache/Python/3.13.9/x64
2025-11-21T12:42:21.4840273Z   PKG_CONFIG_PATH: /opt/hostedtoolcache/Python/3.13.9/x64/lib/pkgconfig
2025-11-21T12:42:21.4840675Z   Python_ROOT_DIR: /opt/hostedtoolcache/Python/3.13.9/x64
2025-11-21T12:42:21.4841034Z   Python2_ROOT_DIR: /opt/hostedtoolcache/Python/3.13.9/x64
2025-11-21T12:42:21.4841391Z   Python3_ROOT_DIR: /opt/hostedtoolcache/Python/3.13.9/x64
2025-11-21T12:42:21.4841729Z   LD_LIBRARY_PATH: /opt/hostedtoolcache/Python/3.13.9/x64/lib
2025-11-21T12:42:21.4842017Z ##[endgroup]
2025-11-21T12:42:22.4693981Z Collecting scratchattach
2025-11-21T12:42:22.5490199Z   Downloading scratchattach-2.1.13-py3-none-any.whl.metadata (5.5 kB)
2025-11-21T12:42:22.5868091Z Collecting websocket-client (from scratchattach)
2025-11-21T12:42:22.5977198Z   Downloading websocket_client-1.9.0-py3-none-any.whl.metadata (8.3 kB)
2025-11-21T12:42:22.6479653Z Collecting requests (from scratchattach)
2025-11-21T12:42:22.6590010Z   Downloading requests-2.32.5-py3-none-any.whl.metadata (4.9 kB)
2025-11-21T12:42:22.6887084Z Collecting bs4 (from scratchattach)
2025-11-21T12:42:22.6993355Z   Downloading bs4-0.0.2-py2.py3-none-any.whl.metadata (411 bytes)
2025-11-21T12:42:22.7559014Z Collecting SimpleWebSocketServer (from scratchattach)
2025-11-21T12:42:22.7682683Z   Downloading SimpleWebSocketServer-0.1.2.tar.gz (10 kB)
2025-11-21T12:42:22.7778084Z   Installing build dependencies: started
2025-11-21T12:42:24.1211307Z   Installing build dependencies: finished with status 'done'
2025-11-21T12:42:24.1216725Z   Getting requirements to build wheel: started
2025-11-21T12:42:24.5308771Z   Getting requirements to build wheel: finished with status 'done'
2025-11-21T12:42:24.5317620Z   Preparing metadata (pyproject.toml): started
2025-11-21T12:42:24.7293514Z   Preparing metadata (pyproject.toml): finished with status 'done'
2025-11-21T12:42:24.7617002Z Collecting typing-extensions (from scratchattach)
2025-11-21T12:42:24.7725218Z   Downloading typing_extensions-4.15.0-py3-none-any.whl.metadata (3.3 kB)
2025-11-21T12:42:24.8054468Z Collecting beautifulsoup4 (from bs4->scratchattach)
2025-11-21T12:42:24.8162617Z   Downloading beautifulsoup4-4.14.2-py3-none-any.whl.metadata (3.8 kB)
2025-11-21T12:42:24.8499271Z Collecting soupsieve>1.2 (from beautifulsoup4->bs4->scratchattach)
2025-11-21T12:42:24.8610475Z   Downloading soupsieve-2.8-py3-none-any.whl.metadata (4.6 kB)
2025-11-21T12:42:24.9920431Z Collecting charset_normalizer<4,>=2 (from requests->scratchattach)
2025-11-21T12:42:25.0030627Z   Downloading charset_normalizer-3.4.4-cp313-cp313-manylinux2014_x86_64.manylinux_2_17_x86_64.manylinux_2_28_x86_64.whl.metadata (37 kB)
2025-11-21T12:42:25.0384607Z Collecting idna<4,>=2.5 (from requests->scratchattach)
2025-11-21T12:42:25.0493725Z   Downloading idna-3.11-py3-none-any.whl.metadata (8.4 kB)
2025-11-21T12:42:25.0945529Z Collecting urllib3<3,>=1.21.1 (from requests->scratchattach)
2025-11-21T12:42:25.1055952Z   Downloading urllib3-2.5.0-py3-none-any.whl.metadata (6.5 kB)
2025-11-21T12:42:25.1420145Z Collecting certifi>=2017.4.17 (from requests->scratchattach)
2025-11-21T12:42:25.1532860Z   Downloading certifi-2025.11.12-py3-none-any.whl.metadata (2.5 kB)
2025-11-21T12:42:25.1714822Z Downloading scratchattach-2.1.13-py3-none-any.whl (141 kB)
2025-11-21T12:42:25.1943505Z Downloading bs4-0.0.2-py2.py3-none-any.whl (1.2 kB)
2025-11-21T12:42:25.2070988Z Downloading beautifulsoup4-4.14.2-py3-none-any.whl (106 kB)
2025-11-21T12:42:25.2236158Z Downloading soupsieve-2.8-py3-none-any.whl (36 kB)
2025-11-21T12:42:25.2365241Z Downloading typing_extensions-4.15.0-py3-none-any.whl (44 kB)
2025-11-21T12:42:25.2492290Z Downloading requests-2.32.5-py3-none-any.whl (64 kB)
2025-11-21T12:42:25.2623467Z Downloading charset_normalizer-3.4.4-cp313-cp313-manylinux2014_x86_64.manylinux_2_17_x86_64.manylinux_2_28_x86_64.whl (153 kB)
2025-11-21T12:42:25.2787735Z Downloading idna-3.11-py3-none-any.whl (71 kB)
2025-11-21T12:42:25.2922611Z Downloading urllib3-2.5.0-py3-none-any.whl (129 kB)
2025-11-21T12:42:25.3055676Z Downloading certifi-2025.11.12-py3-none-any.whl (159 kB)
2025-11-21T12:42:25.3200341Z Downloading websocket_client-1.9.0-py3-none-any.whl (82 kB)
2025-11-21T12:42:25.3364999Z Building wheels for collected packages: SimpleWebSocketServer
2025-11-21T12:42:25.3373861Z   Building wheel for SimpleWebSocketServer (pyproject.toml): started
2025-11-21T12:42:25.5707649Z   Building wheel for SimpleWebSocketServer (pyproject.toml): finished with status 'done'
2025-11-21T12:42:25.5713184Z   Created wheel for SimpleWebSocketServer: filename=simplewebsocketserver-0.1.2-py3-none-any.whl size=9715 sha256=f7e0b79b725a7140f282b74bbc71ef1a1de029a4dab76fadcb3b9786ecfad65c
2025-11-21T12:42:25.5715360Z   Stored in directory: /home/runner/.cache/pip/wheels/c4/5b/e8/4f2c15a82edc4923058056f6681373168be02a0c00389a6dcf
2025-11-21T12:42:25.5733731Z Successfully built SimpleWebSocketServer
2025-11-21T12:42:25.5919423Z Installing collected packages: SimpleWebSocketServer, websocket-client, urllib3, typing-extensions, soupsieve, idna, charset_normalizer, certifi, requests, beautifulsoup4, bs4, scratchattach
2025-11-21T12:42:26.1884208Z 
2025-11-21T12:42:26.1906295Z Successfully installed SimpleWebSocketServer-0.1.2 beautifulsoup4-4.14.2 bs4-0.0.2 certifi-2025.11.12 charset_normalizer-3.4.4 idna-3.11 requests-2.32.5 scratchattach-2.1.13 soupsieve-2.8 typing-extensions-4.15.0 urllib3-2.5.0 websocket-client-1.9.0
2025-11-21T12:42:26.2771548Z ##[group]Run actions/checkout@v5.0.1
2025-11-21T12:42:26.2771815Z with:
2025-11-21T12:42:26.2771988Z   ref: main
2025-11-21T12:42:26.2772177Z   repository: Boss-1s/scratchattach
2025-11-21T12:42:26.2772519Z   token: ***
2025-11-21T12:42:26.2772706Z   ssh-strict: true
2025-11-21T12:42:26.2772896Z   ssh-user: git
2025-11-21T12:42:26.2773084Z   persist-credentials: true
2025-11-21T12:42:26.2773304Z   clean: true
2025-11-21T12:42:26.2773496Z   sparse-checkout-cone-mode: true
2025-11-21T12:42:26.2773728Z   fetch-depth: 1
2025-11-21T12:42:26.2773910Z   fetch-tags: false
2025-11-21T12:42:26.2774108Z   show-progress: true
2025-11-21T12:42:26.2774300Z   lfs: false
2025-11-21T12:42:26.2774473Z   submodules: false
2025-11-21T12:42:26.2774662Z   set-safe-directory: true
2025-11-21T12:42:26.2774865Z env:
2025-11-21T12:42:26.2775089Z   pythonLocation: /opt/hostedtoolcache/Python/3.13.9/x64
2025-11-21T12:42:26.2775476Z   PKG_CONFIG_PATH: /opt/hostedtoolcache/Python/3.13.9/x64/lib/pkgconfig
2025-11-21T12:42:26.2775885Z   Python_ROOT_DIR: /opt/hostedtoolcache/Python/3.13.9/x64
2025-11-21T12:42:26.2776223Z   Python2_ROOT_DIR: /opt/hostedtoolcache/Python/3.13.9/x64
2025-11-21T12:42:26.2776560Z   Python3_ROOT_DIR: /opt/hostedtoolcache/Python/3.13.9/x64
2025-11-21T12:42:26.2776893Z   LD_LIBRARY_PATH: /opt/hostedtoolcache/Python/3.13.9/x64/lib
2025-11-21T12:42:26.2777179Z ##[endgroup]
2025-11-21T12:42:26.3547662Z Syncing repository: Boss-1s/scratchattach
2025-11-21T12:42:26.3548780Z ##[group]Getting Git version info
2025-11-21T12:42:26.3549483Z Working directory is '/home/runner/work/scratchattach/scratchattach'
2025-11-21T12:42:26.3585868Z [command]/usr/bin/git version
2025-11-21T12:42:26.3621556Z git version 2.51.2
2025-11-21T12:42:26.3642231Z ##[endgroup]
2025-11-21T12:42:26.3657011Z Temporarily overriding HOME='/home/runner/work/_temp/feab5e13-3d99-4ffc-86bf-6b2328f5e4ed' before making global git config changes
2025-11-21T12:42:26.3658320Z Adding repository directory to the temporary git global config as a safe directory
2025-11-21T12:42:26.3662838Z [command]/usr/bin/git config --global --add safe.directory /home/runner/work/scratchattach/scratchattach
2025-11-21T12:42:26.3701781Z [command]/usr/bin/git config --local --get remote.origin.url
2025-11-21T12:42:26.3723515Z https://github.com/Boss-1s/scratchattach
2025-11-21T12:42:26.3737217Z ##[group]Removing previously created refs, to avoid conflicts
2025-11-21T12:42:26.3741610Z [command]/usr/bin/git rev-parse --symbolic-full-name --verify --quiet HEAD
2025-11-21T12:42:26.3762665Z refs/heads/main
2025-11-21T12:42:26.3772119Z [command]/usr/bin/git checkout --detach
2025-11-21T12:42:26.7504121Z HEAD is now at ba05bf7 [BOT] Download Logs
2025-11-21T12:42:26.7557098Z [command]/usr/bin/git branch --delete --force main
2025-11-21T12:42:26.7586110Z Deleted branch main (was ba05bf7).
2025-11-21T12:42:26.7625743Z ##[endgroup]
2025-11-21T12:42:26.7630244Z [command]/usr/bin/git submodule status
2025-11-21T12:42:26.7881325Z ##[group]Cleaning the repository
2025-11-21T12:42:26.7886449Z [command]/usr/bin/git clean -ffdx
2025-11-21T12:42:26.7935753Z [command]/usr/bin/git reset --hard HEAD
2025-11-21T12:42:26.8014482Z HEAD is now at ba05bf7 [BOT] Download Logs
2025-11-21T12:42:26.8021436Z ##[endgroup]
2025-11-21T12:42:26.8023085Z ##[group]Disabling automatic garbage collection
2025-11-21T12:42:26.8028106Z [command]/usr/bin/git config --local gc.auto 0
2025-11-21T12:42:26.8058207Z ##[endgroup]
2025-11-21T12:42:26.8059139Z ##[group]Setting up auth
2025-11-21T12:42:26.8065497Z [command]/usr/bin/git config --local --name-only --get-regexp core\.sshCommand
2025-11-21T12:42:26.8096253Z [command]/usr/bin/git submodule foreach --recursive sh -c "git config --local --name-only --get-regexp 'core\.sshCommand' && git config --local --unset-all 'core.sshCommand' || :"
2025-11-21T12:42:26.8352834Z [command]/usr/bin/git config --local --name-only --get-regexp http\.https\:\/\/github\.com\/\.extraheader
2025-11-21T12:42:26.8378002Z http.https://github.com/.extraheader
2025-11-21T12:42:26.8387924Z [command]/usr/bin/git config --local --unset-all http.https://github.com/.extraheader
2025-11-21T12:42:26.8421620Z [command]/usr/bin/git submodule foreach --recursive sh -c "git config --local --name-only --get-regexp 'http\.https\:\/\/github\.com\/\.extraheader' && git config --local --unset-all 'http.https://github.com/.extraheader' || :"
2025-11-21T12:42:26.8658213Z [command]/usr/bin/git config --local --name-only --get-regexp ^includeIf\.gitdir:
2025-11-21T12:42:26.8689757Z [command]/usr/bin/git submodule foreach --recursive git config --local --show-origin --name-only --get-regexp remote.origin.url
2025-11-21T12:42:26.8917872Z [command]/usr/bin/git config --local http.https://github.com/.extraheader AUTHORIZATION: basic ***
2025-11-21T12:42:26.8956037Z ##[endgroup]
2025-11-21T12:42:26.8956678Z ##[group]Fetching the repository
2025-11-21T12:42:26.8965398Z [command]/usr/bin/git -c protocol.version=2 fetch --no-tags --prune --no-recurse-submodules --depth=1 origin +refs/heads/main*:refs/remotes/origin/main* +refs/tags/main*:refs/tags/main*
2025-11-21T12:42:27.2250985Z ##[endgroup]
2025-11-21T12:42:27.2251646Z ##[group]Determining the checkout info
2025-11-21T12:42:27.2259248Z [command]/usr/bin/git branch --list --remote origin/main
2025-11-21T12:42:27.2283838Z   origin/main
2025-11-21T12:42:27.2289773Z ##[endgroup]
2025-11-21T12:42:27.2294406Z [command]/usr/bin/git sparse-checkout disable
2025-11-21T12:42:27.2345719Z [command]/usr/bin/git config --local --unset-all extensions.worktreeConfig
2025-11-21T12:42:27.2373779Z ##[group]Checking out the ref
2025-11-21T12:42:27.2378141Z [command]/usr/bin/git checkout --progress --force -B main refs/remotes/origin/main
2025-11-21T12:42:27.2442000Z Switched to a new branch 'main'
2025-11-21T12:42:27.2447735Z branch 'main' set up to track 'origin/main'.
2025-11-21T12:42:27.2452832Z ##[endgroup]
2025-11-21T12:42:27.2489263Z [command]/usr/bin/git log -1 --format=%H
2025-11-21T12:42:27.2512059Z ba05bf7b5d85268b88a1ecf1065416a75ba2b506
2025-11-21T12:42:27.2623973Z ##[group]Run timeout 359m python3 message_viewer.py || { [[ $? -eq 124 ]] && exit 0; }
2025-11-21T12:42:27.2624542Z [36;1mtimeout 359m python3 message_viewer.py || { [[ $? -eq 124 ]] && exit 0; }[0m
2025-11-21T12:42:27.2657365Z shell: /usr/bin/bash -e {0}
2025-11-21T12:42:27.2657595Z env:
2025-11-21T12:42:27.2657835Z   pythonLocation: /opt/hostedtoolcache/Python/3.13.9/x64
2025-11-21T12:42:27.2658253Z   PKG_CONFIG_PATH: /opt/hostedtoolcache/Python/3.13.9/x64/lib/pkgconfig
2025-11-21T12:42:27.2658797Z   Python_ROOT_DIR: /opt/hostedtoolcache/Python/3.13.9/x64
2025-11-21T12:42:27.2659139Z   Python2_ROOT_DIR: /opt/hostedtoolcache/Python/3.13.9/x64
2025-11-21T12:42:27.2659496Z   Python3_ROOT_DIR: /opt/hostedtoolcache/Python/3.13.9/x64
2025-11-21T12:42:27.2659838Z   LD_LIBRARY_PATH: /opt/hostedtoolcache/Python/3.13.9/x64/lib
2025-11-21T12:42:27.2660282Z   PASS: ***
2025-11-21T12:42:27.2660461Z ##[endgroup]
2025-11-21T12:42:28.3317795Z Traceback (most recent call last):
2025-11-21T12:42:28.3376736Z   File "/home/runner/work/scratchattach/scratchattach/message_viewer.py", line 20, in <module>
2025-11-21T12:42:28.3377355Z     client = cloud.requests()
2025-11-21T12:42:28.3378082Z   File "/opt/hostedtoolcache/Python/3.13.9/x64/lib/python3.13/site-packages/scratchattach/cloud/_base.py", line 101, in requests
2025-11-21T12:42:28.3379440Z     return CloudRequests(self, used_cloud_vars=used_cloud_vars, no_packet_loss=no_packet_loss,
2025-11-21T12:42:28.3379975Z                          respond_order=respond_order, debug=debug)
2025-11-21T12:42:28.3380804Z   File "/opt/hostedtoolcache/Python/3.13.9/x64/lib/python3.13/site-packages/scratchattach/eventhandlers/cloud_requests.py", line 67, in __init__
2025-11-21T12:42:28.3381878Z     super().__init__(cloud)
2025-11-21T12:42:28.3382136Z     ~~~~~~~~~~~~~~~~^^^^^^^
2025-11-21T12:42:28.3382850Z   File "/opt/hostedtoolcache/Python/3.13.9/x64/lib/python3.13/site-packages/scratchattach/eventhandlers/cloud_events.py", line 19, in __init__
2025-11-21T12:42:28.3383634Z     self.source_stream = cloud.create_event_stream()
2025-11-21T12:42:28.3383978Z                          ~~~~~~~~~~~~~~~~~~~~~~~~~^^
2025-11-21T12:42:28.3384715Z   File "/opt/hostedtoolcache/Python/3.13.9/x64/lib/python3.13/site-packages/scratchattach/cloud/_base.py", line 442, in create_event_stream
2025-11-21T12:42:28.3385455Z     self.event_stream = WebSocketEventStream(self)
2025-11-21T12:42:28.3385807Z                         ~~~~~~~~~~~~~~~~~~~~^^^^^^
2025-11-21T12:42:28.3386488Z   File "/opt/hostedtoolcache/Python/3.13.9/x64/lib/python3.13/site-packages/scratchattach/cloud/_base.py", line 125, in __init__
2025-11-21T12:42:28.3387146Z     self.source_cloud.connect()
2025-11-21T12:42:28.3387415Z     ~~~~~~~~~~~~~~~~~~~~~~~~~^^
2025-11-21T12:42:28.3388067Z   File "/opt/hostedtoolcache/Python/3.13.9/x64/lib/python3.13/site-packages/scratchattach/cloud/cloud.py", line 29, in connect
2025-11-21T12:42:28.3389062Z     super().connect()
2025-11-21T12:42:28.3389279Z     ~~~~~~~~~~~~~~~^^
2025-11-21T12:42:28.3389788Z   File "/opt/hostedtoolcache/Python/3.13.9/x64/lib/python3.13/site-packages/scratchattach/cloud/_base.py", line 305, in connect
2025-11-21T12:42:28.3390312Z     self.websocket.connect(
2025-11-21T12:42:28.3390521Z     ~~~~~~~~~~~~~~~~~~~~~~^
2025-11-21T12:42:28.3390727Z         self.cloud_host,
2025-11-21T12:42:28.3390921Z         ^^^^^^^^^^^^^^^^
2025-11-21T12:42:28.3391108Z     ...<4 lines>...
2025-11-21T12:42:28.3391298Z         header=self.header
2025-11-21T12:42:28.3391494Z         ^^^^^^^^^^^^^^^^^^
2025-11-21T12:42:28.3391682Z     )
2025-11-21T12:42:28.3391832Z     ^
2025-11-21T12:42:28.3392285Z   File "/opt/hostedtoolcache/Python/3.13.9/x64/lib/python3.13/site-packages/websocket/_core.py", line 268, in connect
2025-11-21T12:42:28.3392909Z     self.handshake_response = handshake(self.sock, url, *addrs, **options)
2025-11-21T12:42:28.3393269Z                               ~~~~~~~~~^^^^^^^^^^^^^^^^^^^^^^^^^^^^^^^^^^^
2025-11-21T12:42:28.3394082Z   File "/opt/hostedtoolcache/Python/3.13.9/x64/lib/python3.13/site-packages/websocket/_handshake.py", line 66, in handshake
2025-11-21T12:42:28.3394656Z     status, resp = _get_resp_headers(sock)
2025-11-21T12:42:28.3394909Z                    ~~~~~~~~~~~~~~~~~^^^^^^
2025-11-21T12:42:28.3395475Z   File "/opt/hostedtoolcache/Python/3.13.9/x64/lib/python3.13/site-packages/websocket/_handshake.py", line 158, in _get_resp_headers
2025-11-21T12:42:28.3396050Z     raise WebSocketBadStatusException(
2025-11-21T12:42:28.3396300Z     ...<5 lines>...
2025-11-21T12:42:28.3396469Z     )
2025-11-21T12:42:28.3397755Z websocket._exceptions.WebSocketBadStatusException: Handshake status 500 Internal Server Error -+-+- {'date': 'Fri, 21 Nov 2025 12:42:28 GMT', 'content-type': 'text/html', 'content-length': '177', 'connection': 'keep-alive', 'server': 'nginx/1.22.1'} -+-+- b'<html>\r\n<head><title>500 Internal Server Error</title></head>\r\n<body>\r\n<center><h1>500 Internal Server Error</h1></center>\r\n<hr><center>nginx/1.22.1</center>\r\n</body>\r\n</html>\r\n'
2025-11-21T12:42:28.3666357Z ##[error]Process completed with exit code 1.
2025-11-21T12:42:28.3736668Z Post job cleanup.
2025-11-21T12:42:28.4545043Z [command]/usr/bin/git version
2025-11-21T12:42:28.4613348Z git version 2.51.2
2025-11-21T12:42:28.4653910Z Temporarily overriding HOME='/home/runner/work/_temp/089dc01e-0bfb-4842-9a80-fc921959b902' before making global git config changes
2025-11-21T12:42:28.4655201Z Adding repository directory to the temporary git global config as a safe directory
2025-11-21T12:42:28.4660509Z [command]/usr/bin/git config --global --add safe.directory /home/runner/work/scratchattach/scratchattach
2025-11-21T12:42:28.4698091Z [command]/usr/bin/git config --local --name-only --get-regexp core\.sshCommand
2025-11-21T12:42:28.4732250Z [command]/usr/bin/git submodule foreach --recursive sh -c "git config --local --name-only --get-regexp 'core\.sshCommand' && git config --local --unset-all 'core.sshCommand' || :"
2025-11-21T12:42:28.4972598Z [command]/usr/bin/git config --local --name-only --get-regexp http\.https\:\/\/github\.com\/\.extraheader
2025-11-21T12:42:28.4997850Z http.https://github.com/.extraheader
2025-11-21T12:42:28.5008176Z [command]/usr/bin/git config --local --unset-all http.https://github.com/.extraheader
2025-11-21T12:42:28.5041761Z [command]/usr/bin/git submodule foreach --recursive sh -c "git config --local --name-only --get-regexp 'http\.https\:\/\/github\.com\/\.extraheader' && git config --local --unset-all 'http.https://github.com/.extraheader' || :"
2025-11-21T12:42:28.5282439Z [command]/usr/bin/git config --local --name-only --get-regexp ^includeIf\.gitdir:
2025-11-21T12:42:28.5315118Z [command]/usr/bin/git submodule foreach --recursive git config --local --show-origin --name-only --get-regexp remote.origin.url
2025-11-21T12:42:28.5677594Z Post job cleanup.
2025-11-21T12:42:28.6523607Z [command]/usr/bin/git version
2025-11-21T12:42:28.6592255Z git version 2.51.2
2025-11-21T12:42:28.6630905Z Temporarily overriding HOME='/home/runner/work/_temp/18e747a3-5c13-4391-8360-92752ff9f45f' before making global git config changes
2025-11-21T12:42:28.6632200Z Adding repository directory to the temporary git global config as a safe directory
2025-11-21T12:42:28.6636458Z [command]/usr/bin/git config --global --add safe.directory /home/runner/work/scratchattach/scratchattach
2025-11-21T12:42:28.6675628Z [command]/usr/bin/git config --local --name-only --get-regexp core\.sshCommand
2025-11-21T12:42:28.6710640Z [command]/usr/bin/git submodule foreach --recursive sh -c "git config --local --name-only --get-regexp 'core\.sshCommand' && git config --local --unset-all 'core.sshCommand' || :"
2025-11-21T12:42:28.6942426Z [command]/usr/bin/git config --local --name-only --get-regexp http\.https\:\/\/github\.com\/\.extraheader
2025-11-21T12:42:28.6976350Z [command]/usr/bin/git submodule foreach --recursive sh -c "git config --local --name-only --get-regexp 'http\.https\:\/\/github\.com\/\.extraheader' && git config --local --unset-all 'http.https://github.com/.extraheader' || :"
2025-11-21T12:42:28.7208193Z [command]/usr/bin/git config --local --name-only --get-regexp ^includeIf\.gitdir:
2025-11-21T12:42:28.7241596Z [command]/usr/bin/git submodule foreach --recursive git config --local --show-origin --name-only --get-regexp remote.origin.url
2025-11-21T12:42:28.7617959Z Cleaning up orphan processes
