2025-09-06T18:13:40.6965119Z Current runner version: '2.328.0'
2025-09-06T18:13:40.6988533Z ##[group]Runner Image Provisioner
2025-09-06T18:13:40.6989372Z Hosted Compute Agent
2025-09-06T18:13:40.6989928Z Version: 20250829.383
2025-09-06T18:13:40.6990537Z Commit: 27cb235aab5b0e52e153a26cd86b4742e89dac5d
2025-09-06T18:13:40.6991252Z Build Date: 2025-08-29T13:48:48Z
2025-09-06T18:13:40.6991807Z ##[endgroup]
2025-09-06T18:13:40.6992409Z ##[group]Operating System
2025-09-06T18:13:40.6992975Z Ubuntu
2025-09-06T18:13:40.6993404Z 24.04.3
2025-09-06T18:13:40.6993877Z LTS
2025-09-06T18:13:40.6994349Z ##[endgroup]
2025-09-06T18:13:40.6994801Z ##[group]Runner Image
2025-09-06T18:13:40.6995403Z Image: ubuntu-24.04
2025-09-06T18:13:40.6996229Z Version: 20250831.1.0
2025-09-06T18:13:40.6997300Z Included Software: https://github.com/actions/runner-images/blob/ubuntu24/20250831.1/images/ubuntu/Ubuntu2404-Readme.md
2025-09-06T18:13:40.6998918Z Image Release: https://github.com/actions/runner-images/releases/tag/ubuntu24%2F20250831.1
2025-09-06T18:13:40.6999915Z ##[endgroup]
2025-09-06T18:13:40.7000967Z ##[group]GITHUB_TOKEN Permissions
2025-09-06T18:13:40.7002754Z Contents: write
2025-09-06T18:13:40.7003396Z Metadata: read
2025-09-06T18:13:40.7003891Z ##[endgroup]
2025-09-06T18:13:40.7006411Z Secret source: Actions
2025-09-06T18:13:40.7007286Z Prepare workflow directory
2025-09-06T18:13:40.7322896Z Prepare all required actions
2025-09-06T18:13:40.7360220Z Getting action download info
2025-09-06T18:13:41.2348605Z Download action repository 'actions/checkout@v5.0.0' (SHA:08c6903cd8c0fde910a37f88322edcfb5dd907a8)
2025-09-06T18:13:41.4786774Z Download action repository 'actions/setup-python@v6.0.0' (SHA:e797f83bcb11b83ae66e0230d6156d7c80228e7c)
2025-09-06T18:13:42.0299354Z Download action repository 'bossOfCode/install-scratchattach@v1.0.3' (SHA:be17a7cf1ecb5a7040eb42ef26c2e1fbe72bb25a)
2025-09-06T18:13:42.5564881Z Complete job name: Run Prioritzing Handler
2025-09-06T18:13:42.6260254Z ##[group]Run actions/checkout@v5.0.0
2025-09-06T18:13:42.6261178Z with:
2025-09-06T18:13:42.6261737Z   ref: main
2025-09-06T18:13:42.6262159Z   repository: Boss-1s/scratchattach
2025-09-06T18:13:42.6262869Z   token: ***
2025-09-06T18:13:42.6263285Z   ssh-strict: true
2025-09-06T18:13:42.6263702Z   ssh-user: git
2025-09-06T18:13:42.6264134Z   persist-credentials: true
2025-09-06T18:13:42.6264613Z   clean: true
2025-09-06T18:13:42.6265042Z   sparse-checkout-cone-mode: true
2025-09-06T18:13:42.6265551Z   fetch-depth: 1
2025-09-06T18:13:42.6266148Z   fetch-tags: false
2025-09-06T18:13:42.6266596Z   show-progress: true
2025-09-06T18:13:42.6267045Z   lfs: false
2025-09-06T18:13:42.6267455Z   submodules: false
2025-09-06T18:13:42.6267895Z   set-safe-directory: true
2025-09-06T18:13:42.6268633Z ##[endgroup]
2025-09-06T18:13:42.7257141Z Syncing repository: Boss-1s/scratchattach
2025-09-06T18:13:42.7259339Z ##[group]Getting Git version info
2025-09-06T18:13:42.7260380Z Working directory is '/home/runner/work/scratchattach/scratchattach'
2025-09-06T18:13:42.7261481Z [command]/usr/bin/git version
2025-09-06T18:13:42.7360737Z git version 2.51.0
2025-09-06T18:13:42.7381279Z ##[endgroup]
2025-09-06T18:13:42.7394981Z Temporarily overriding HOME='/home/runner/work/_temp/dae64021-3d54-497e-b4fd-a6e991b20c84' before making global git config changes
2025-09-06T18:13:42.7397019Z Adding repository directory to the temporary git global config as a safe directory
2025-09-06T18:13:42.7399717Z [command]/usr/bin/git config --global --add safe.directory /home/runner/work/scratchattach/scratchattach
2025-09-06T18:13:42.7435891Z Deleting the contents of '/home/runner/work/scratchattach/scratchattach'
2025-09-06T18:13:42.7439284Z ##[group]Initializing the repository
2025-09-06T18:13:42.7443196Z [command]/usr/bin/git init /home/runner/work/scratchattach/scratchattach
2025-09-06T18:13:42.7553725Z hint: Using 'master' as the name for the initial branch. This default branch name
2025-09-06T18:13:42.7554809Z hint: is subject to change. To configure the initial branch name to use in all
2025-09-06T18:13:42.7556223Z hint: of your new repositories, which will suppress this warning, call:
2025-09-06T18:13:42.7557977Z hint:
2025-09-06T18:13:42.7558929Z hint: 	git config --global init.defaultBranch <name>
2025-09-06T18:13:42.7559915Z hint:
2025-09-06T18:13:42.7560851Z hint: Names commonly chosen instead of 'master' are 'main', 'trunk' and
2025-09-06T18:13:42.7561931Z hint: 'development'. The just-created branch can be renamed via this command:
2025-09-06T18:13:42.7563063Z hint:
2025-09-06T18:13:42.7563574Z hint: 	git branch -m <name>
2025-09-06T18:13:42.7564072Z hint:
2025-09-06T18:13:42.7564886Z hint: Disable this message with "git config set advice.defaultBranchName false"
2025-09-06T18:13:42.7566860Z Initialized empty Git repository in /home/runner/work/scratchattach/scratchattach/.git/
2025-09-06T18:13:42.7574566Z [command]/usr/bin/git remote add origin https://github.com/Boss-1s/scratchattach
2025-09-06T18:13:42.7748298Z ##[endgroup]
2025-09-06T18:13:42.7749181Z ##[group]Disabling automatic garbage collection
2025-09-06T18:13:42.7763405Z [command]/usr/bin/git config --local gc.auto 0
2025-09-06T18:13:42.7796737Z ##[endgroup]
2025-09-06T18:13:42.7798047Z ##[group]Setting up auth
2025-09-06T18:13:42.7806249Z [command]/usr/bin/git config --local --name-only --get-regexp core\.sshCommand
2025-09-06T18:13:42.7841119Z [command]/usr/bin/git submodule foreach --recursive sh -c "git config --local --name-only --get-regexp 'core\.sshCommand' && git config --local --unset-all 'core.sshCommand' || :"
2025-09-06T18:13:42.8315489Z [command]/usr/bin/git config --local --name-only --get-regexp http\.https\:\/\/github\.com\/\.extraheader
2025-09-06T18:13:42.8346127Z [command]/usr/bin/git submodule foreach --recursive sh -c "git config --local --name-only --get-regexp 'http\.https\:\/\/github\.com\/\.extraheader' && git config --local --unset-all 'http.https://github.com/.extraheader' || :"
2025-09-06T18:13:42.8563090Z [command]/usr/bin/git config --local http.https://github.com/.extraheader AUTHORIZATION: basic ***
2025-09-06T18:13:42.8597673Z ##[endgroup]
2025-09-06T18:13:42.8606501Z ##[group]Fetching the repository
2025-09-06T18:13:42.8607965Z [command]/usr/bin/git -c protocol.version=2 fetch --no-tags --prune --no-recurse-submodules --depth=1 origin +refs/heads/main*:refs/remotes/origin/main* +refs/tags/main*:refs/tags/main*
2025-09-06T18:13:43.5721332Z From https://github.com/Boss-1s/scratchattach
2025-09-06T18:13:43.5722547Z  * [new branch]      main       -> origin/main
2025-09-06T18:13:43.5750616Z ##[endgroup]
2025-09-06T18:13:43.5751685Z ##[group]Determining the checkout info
2025-09-06T18:13:43.5757663Z [command]/usr/bin/git branch --list --remote origin/main
2025-09-06T18:13:43.5780741Z   origin/main
2025-09-06T18:13:43.5786140Z ##[endgroup]
2025-09-06T18:13:43.5789765Z [command]/usr/bin/git sparse-checkout disable
2025-09-06T18:13:43.5827901Z [command]/usr/bin/git config --local --unset-all extensions.worktreeConfig
2025-09-06T18:13:43.5855251Z ##[group]Checking out the ref
2025-09-06T18:13:43.5859186Z [command]/usr/bin/git checkout --progress --force -B main refs/remotes/origin/main
2025-09-06T18:13:43.6413745Z Switched to a new branch 'main'
2025-09-06T18:13:43.6415237Z branch 'main' set up to track 'origin/main'.
2025-09-06T18:13:43.6426998Z ##[endgroup]
2025-09-06T18:13:43.6467841Z [command]/usr/bin/git log -1 --format=%H
2025-09-06T18:13:43.6490662Z f1ed98adf584154ad9c58e10cdf31d572c6bcc04
2025-09-06T18:13:43.6798284Z ##[group]Run actions/setup-python@v6.0.0
2025-09-06T18:13:43.6799529Z with:
2025-09-06T18:13:43.6800365Z   python-version: 3.12.5
2025-09-06T18:13:43.6801378Z   check-latest: false
2025-09-06T18:13:43.6802601Z   token: ***
2025-09-06T18:13:43.6803492Z   update-environment: true
2025-09-06T18:13:43.6804552Z   allow-prereleases: false
2025-09-06T18:13:43.6805598Z   freethreaded: false
2025-09-06T18:13:43.6806801Z ##[endgroup]
2025-09-06T18:13:43.8089177Z ##[group]Installed versions
2025-09-06T18:13:43.8207930Z Version 3.12.5 was not found in the local cache
2025-09-06T18:13:43.8378542Z (node:2075) [DEP0040] DeprecationWarning: The `punycode` module is deprecated. Please use a userland alternative instead.
2025-09-06T18:13:43.8384856Z (Use `node --trace-deprecation ...` to show where the warning was created)
2025-09-06T18:13:44.4417176Z Version 3.12.5 is available for downloading
2025-09-06T18:13:44.4419793Z Download from "https://github.com/actions/python-versions/releases/download/3.12.5-10375840348/python-3.12.5-linux-24.04-x64.tar.gz"
2025-09-06T18:13:45.4798951Z Extract downloaded archive
2025-09-06T18:13:45.4939941Z [command]/usr/bin/tar xz --warning=no-unknown-keyword --overwrite -C /home/runner/work/_temp/5d8fd23b-08bb-481c-b6e3-098a65594b97 -f /home/runner/work/_temp/3870c06b-9e98-4194-845a-7adb7bb8c701
2025-09-06T18:13:47.4894764Z Execute installation script
2025-09-06T18:13:47.5000130Z Check if Python hostedtoolcache folder exist...
2025-09-06T18:13:47.5001947Z Create Python 3.12.5 folder
2025-09-06T18:13:47.5014389Z Copy Python binaries to hostedtoolcache folder
2025-09-06T18:13:48.0492052Z Create additional symlinks (Required for the UsePythonVersion Azure Pipelines task and the setup-python GitHub Action)
2025-09-06T18:13:48.0534418Z Upgrading pip...
2025-09-06T18:13:50.4814232Z Looking in links: /tmp/tmp4ayc_mhs
2025-09-06T18:13:50.4817632Z Requirement already satisfied: pip in /opt/hostedtoolcache/Python/3.12.5/x64/lib/python3.12/site-packages (24.2)
2025-09-06T18:13:51.9411169Z Collecting pip
2025-09-06T18:13:51.9756396Z Downloading pip-25.2-py3-none-any.whl.metadata (4.7 kB)
2025-09-06T18:13:51.9827937Z Downloading pip-25.2-py3-none-any.whl (1.8 MB)
2025-09-06T18:13:52.0306528Z ━━━━━━━━━━━━━━━━━━━━━━━━━━━━━━━━━━━━━━━━ 1.8/1.8 MB 84.3 MB/s eta 0:00:00
2025-09-06T18:13:52.0308509Z 
2025-09-06T18:13:52.0504466Z Installing collected packages: pip
2025-09-06T18:13:52.0507034Z Attempting uninstall: pip
2025-09-06T18:13:52.0528207Z Found existing installation: pip 24.2
2025-09-06T18:13:52.0888021Z Uninstalling pip-24.2:
2025-09-06T18:13:52.0943183Z Successfully uninstalled pip-24.2
2025-09-06T18:13:52.9698716Z Successfully installed pip-25.2
2025-09-06T18:13:53.0154301Z Create complete file
2025-09-06T18:13:53.0194826Z Successfully set up CPython (3.12.5)
2025-09-06T18:13:53.0195606Z ##[endgroup]
2025-09-06T18:13:53.0374804Z ##[group]Run bossOfCode/install-scratchattach@v1.0.3
2025-09-06T18:13:53.0375138Z env:
2025-09-06T18:13:53.0375384Z   pythonLocation: /opt/hostedtoolcache/Python/3.12.5/x64
2025-09-06T18:13:53.0376055Z   PKG_CONFIG_PATH: /opt/hostedtoolcache/Python/3.12.5/x64/lib/pkgconfig
2025-09-06T18:13:53.0376454Z   Python_ROOT_DIR: /opt/hostedtoolcache/Python/3.12.5/x64
2025-09-06T18:13:53.0376807Z   Python2_ROOT_DIR: /opt/hostedtoolcache/Python/3.12.5/x64
2025-09-06T18:13:53.0377155Z   Python3_ROOT_DIR: /opt/hostedtoolcache/Python/3.12.5/x64
2025-09-06T18:13:53.0377522Z   LD_LIBRARY_PATH: /opt/hostedtoolcache/Python/3.12.5/x64/lib
2025-09-06T18:13:53.0377805Z ##[endgroup]
2025-09-06T18:13:53.0519521Z ##[group]Run python3 -m pip install --upgrade pip
2025-09-06T18:13:53.0519932Z [36;1mpython3 -m pip install --upgrade pip[0m
2025-09-06T18:13:53.0579338Z shell: /usr/bin/bash --noprofile --norc -e -o pipefail {0}
2025-09-06T18:13:53.0579692Z env:
2025-09-06T18:13:53.0579971Z   pythonLocation: /opt/hostedtoolcache/Python/3.12.5/x64
2025-09-06T18:13:53.0580369Z   PKG_CONFIG_PATH: /opt/hostedtoolcache/Python/3.12.5/x64/lib/pkgconfig
2025-09-06T18:13:53.0580741Z   Python_ROOT_DIR: /opt/hostedtoolcache/Python/3.12.5/x64
2025-09-06T18:13:53.0581068Z   Python2_ROOT_DIR: /opt/hostedtoolcache/Python/3.12.5/x64
2025-09-06T18:13:53.0581407Z   Python3_ROOT_DIR: /opt/hostedtoolcache/Python/3.12.5/x64
2025-09-06T18:13:53.0581746Z   LD_LIBRARY_PATH: /opt/hostedtoolcache/Python/3.12.5/x64/lib
2025-09-06T18:13:53.0582047Z ##[endgroup]
2025-09-06T18:13:53.4415909Z Requirement already satisfied: pip in /opt/hostedtoolcache/Python/3.12.5/x64/lib/python3.12/site-packages (25.2)
2025-09-06T18:13:53.6121532Z ##[group]Run pip install -U scratchattach
2025-09-06T18:13:53.6121855Z [36;1mpip install -U scratchattach[0m
2025-09-06T18:13:53.6152564Z shell: /usr/bin/bash --noprofile --norc -e -o pipefail {0}
2025-09-06T18:13:53.6153030Z env:
2025-09-06T18:13:53.6153274Z   pythonLocation: /opt/hostedtoolcache/Python/3.12.5/x64
2025-09-06T18:13:53.6153664Z   PKG_CONFIG_PATH: /opt/hostedtoolcache/Python/3.12.5/x64/lib/pkgconfig
2025-09-06T18:13:53.6154049Z   Python_ROOT_DIR: /opt/hostedtoolcache/Python/3.12.5/x64
2025-09-06T18:13:53.6154382Z   Python2_ROOT_DIR: /opt/hostedtoolcache/Python/3.12.5/x64
2025-09-06T18:13:53.6154720Z   Python3_ROOT_DIR: /opt/hostedtoolcache/Python/3.12.5/x64
2025-09-06T18:13:53.6155058Z   LD_LIBRARY_PATH: /opt/hostedtoolcache/Python/3.12.5/x64/lib
2025-09-06T18:13:53.6155336Z ##[endgroup]
2025-09-06T18:13:54.1277328Z Collecting scratchattach
2025-09-06T18:13:54.1591277Z   Downloading scratchattach-2.1.13-py3-none-any.whl.metadata (5.5 kB)
2025-09-06T18:13:54.1850371Z Collecting websocket-client (from scratchattach)
2025-09-06T18:13:54.1893143Z   Downloading websocket_client-1.8.0-py3-none-any.whl.metadata (8.0 kB)
2025-09-06T18:13:54.2179961Z Collecting requests (from scratchattach)
2025-09-06T18:13:54.2217935Z   Downloading requests-2.32.5-py3-none-any.whl.metadata (4.9 kB)
2025-09-06T18:13:54.2344173Z Collecting bs4 (from scratchattach)
2025-09-06T18:13:54.2391004Z   Downloading bs4-0.0.2-py2.py3-none-any.whl.metadata (411 bytes)
2025-09-06T18:13:54.3163858Z Collecting SimpleWebSocketServer (from scratchattach)
2025-09-06T18:13:54.3206291Z   Downloading SimpleWebSocketServer-0.1.2.tar.gz (10 kB)
2025-09-06T18:13:54.3311192Z   Installing build dependencies: started
2025-09-06T18:13:55.1012445Z   Installing build dependencies: finished with status 'done'
2025-09-06T18:13:55.1018241Z   Getting requirements to build wheel: started
2025-09-06T18:13:55.4545575Z   Getting requirements to build wheel: finished with status 'done'
2025-09-06T18:13:55.4554450Z   Preparing metadata (pyproject.toml): started
2025-09-06T18:13:55.6369857Z   Preparing metadata (pyproject.toml): finished with status 'done'
2025-09-06T18:13:55.6561723Z Collecting typing-extensions (from scratchattach)
2025-09-06T18:13:55.6598534Z   Downloading typing_extensions-4.15.0-py3-none-any.whl.metadata (3.3 kB)
2025-09-06T18:13:55.6781110Z Collecting beautifulsoup4 (from bs4->scratchattach)
2025-09-06T18:13:55.6806434Z   Downloading beautifulsoup4-4.13.5-py3-none-any.whl.metadata (3.8 kB)
2025-09-06T18:13:55.7010513Z Collecting soupsieve>1.2 (from beautifulsoup4->bs4->scratchattach)
2025-09-06T18:13:55.7043356Z   Downloading soupsieve-2.8-py3-none-any.whl.metadata (4.6 kB)
2025-09-06T18:13:55.8009628Z Collecting charset_normalizer<4,>=2 (from requests->scratchattach)
2025-09-06T18:13:55.8040701Z   Downloading charset_normalizer-3.4.3-cp312-cp312-manylinux2014_x86_64.manylinux_2_17_x86_64.manylinux_2_28_x86_64.whl.metadata (36 kB)
2025-09-06T18:13:55.8225482Z Collecting idna<4,>=2.5 (from requests->scratchattach)
2025-09-06T18:13:55.8255552Z   Downloading idna-3.10-py3-none-any.whl.metadata (10 kB)
2025-09-06T18:13:55.8559948Z Collecting urllib3<3,>=1.21.1 (from requests->scratchattach)
2025-09-06T18:13:55.8586598Z   Downloading urllib3-2.5.0-py3-none-any.whl.metadata (6.5 kB)
2025-09-06T18:13:55.8811860Z Collecting certifi>=2017.4.17 (from requests->scratchattach)
2025-09-06T18:13:55.8841102Z   Downloading certifi-2025.8.3-py3-none-any.whl.metadata (2.4 kB)
2025-09-06T18:13:55.8942615Z Downloading scratchattach-2.1.13-py3-none-any.whl (141 kB)
2025-09-06T18:13:55.9060862Z Downloading bs4-0.0.2-py2.py3-none-any.whl (1.2 kB)
2025-09-06T18:13:55.9127661Z Downloading beautifulsoup4-4.13.5-py3-none-any.whl (105 kB)
2025-09-06T18:13:55.9184078Z Downloading soupsieve-2.8-py3-none-any.whl (36 kB)
2025-09-06T18:13:55.9239883Z Downloading typing_extensions-4.15.0-py3-none-any.whl (44 kB)
2025-09-06T18:13:55.9294623Z Downloading requests-2.32.5-py3-none-any.whl (64 kB)
2025-09-06T18:13:55.9351882Z Downloading charset_normalizer-3.4.3-cp312-cp312-manylinux2014_x86_64.manylinux_2_17_x86_64.manylinux_2_28_x86_64.whl (151 kB)
2025-09-06T18:13:55.9411803Z Downloading idna-3.10-py3-none-any.whl (70 kB)
2025-09-06T18:13:55.9466689Z Downloading urllib3-2.5.0-py3-none-any.whl (129 kB)
2025-09-06T18:13:55.9520768Z Downloading certifi-2025.8.3-py3-none-any.whl (161 kB)
2025-09-06T18:13:55.9586382Z Downloading websocket_client-1.8.0-py3-none-any.whl (58 kB)
2025-09-06T18:13:55.9733867Z Building wheels for collected packages: SimpleWebSocketServer
2025-09-06T18:13:55.9744407Z   Building wheel for SimpleWebSocketServer (pyproject.toml): started
2025-09-06T18:13:56.1956345Z   Building wheel for SimpleWebSocketServer (pyproject.toml): finished with status 'done'
2025-09-06T18:13:56.1961822Z   Created wheel for SimpleWebSocketServer: filename=simplewebsocketserver-0.1.2-py3-none-any.whl size=9715 sha256=4704c93c31eb3ec2630d086dd2216886ab7fe3804cae6a1cf925d9ee9619b6cd
2025-09-06T18:13:56.1963519Z   Stored in directory: /home/runner/.cache/pip/wheels/81/fd/d8/f145b47bedceb5dff96b76e404a4ee9be956a4f8f150cd8133
2025-09-06T18:13:56.1982587Z Successfully built SimpleWebSocketServer
2025-09-06T18:13:56.2155315Z Installing collected packages: SimpleWebSocketServer, websocket-client, urllib3, typing-extensions, soupsieve, idna, charset_normalizer, certifi, requests, beautifulsoup4, bs4, scratchattach
2025-09-06T18:13:56.7862545Z 
2025-09-06T18:13:56.7882465Z Successfully installed SimpleWebSocketServer-0.1.2 beautifulsoup4-4.13.5 bs4-0.0.2 certifi-2025.8.3 charset_normalizer-3.4.3 idna-3.10 requests-2.32.5 scratchattach-2.1.13 soupsieve-2.8 typing-extensions-4.15.0 urllib3-2.5.0 websocket-client-1.8.0
2025-09-06T18:13:56.8650395Z ##[group]Run actions/checkout@v5.0.0
2025-09-06T18:13:56.8650656Z with:
2025-09-06T18:13:56.8650822Z   ref: main
2025-09-06T18:13:56.8651007Z   repository: Boss-1s/scratchattach
2025-09-06T18:13:56.8651362Z   token: ***
2025-09-06T18:13:56.8651544Z   ssh-strict: true
2025-09-06T18:13:56.8651726Z   ssh-user: git
2025-09-06T18:13:56.8651908Z   persist-credentials: true
2025-09-06T18:13:56.8652120Z   clean: true
2025-09-06T18:13:56.8652304Z   sparse-checkout-cone-mode: true
2025-09-06T18:13:56.8652533Z   fetch-depth: 1
2025-09-06T18:13:56.8652727Z   fetch-tags: false
2025-09-06T18:13:56.8652907Z   show-progress: true
2025-09-06T18:13:56.8653090Z   lfs: false
2025-09-06T18:13:56.8653252Z   submodules: false
2025-09-06T18:13:56.8653434Z   set-safe-directory: true
2025-09-06T18:13:56.8653630Z env:
2025-09-06T18:13:56.8653853Z   pythonLocation: /opt/hostedtoolcache/Python/3.12.5/x64
2025-09-06T18:13:56.8654240Z   PKG_CONFIG_PATH: /opt/hostedtoolcache/Python/3.12.5/x64/lib/pkgconfig
2025-09-06T18:13:56.8654639Z   Python_ROOT_DIR: /opt/hostedtoolcache/Python/3.12.5/x64
2025-09-06T18:13:56.8654992Z   Python2_ROOT_DIR: /opt/hostedtoolcache/Python/3.12.5/x64
2025-09-06T18:13:56.8655333Z   Python3_ROOT_DIR: /opt/hostedtoolcache/Python/3.12.5/x64
2025-09-06T18:13:56.8655837Z   LD_LIBRARY_PATH: /opt/hostedtoolcache/Python/3.12.5/x64/lib
2025-09-06T18:13:56.8656142Z ##[endgroup]
2025-09-06T18:13:56.9436553Z Syncing repository: Boss-1s/scratchattach
2025-09-06T18:13:56.9437466Z ##[group]Getting Git version info
2025-09-06T18:13:56.9438147Z Working directory is '/home/runner/work/scratchattach/scratchattach'
2025-09-06T18:13:56.9473409Z [command]/usr/bin/git version
2025-09-06T18:13:56.9508170Z git version 2.51.0
2025-09-06T18:13:56.9528792Z ##[endgroup]
2025-09-06T18:13:56.9541848Z Temporarily overriding HOME='/home/runner/work/_temp/090c326e-aa97-4b16-82f7-30806bdb7a0e' before making global git config changes
2025-09-06T18:13:56.9542769Z Adding repository directory to the temporary git global config as a safe directory
2025-09-06T18:13:56.9546732Z [command]/usr/bin/git config --global --add safe.directory /home/runner/work/scratchattach/scratchattach
2025-09-06T18:13:56.9582298Z [command]/usr/bin/git config --local --get remote.origin.url
2025-09-06T18:13:56.9603369Z https://github.com/Boss-1s/scratchattach
2025-09-06T18:13:56.9616427Z ##[group]Removing previously created refs, to avoid conflicts
2025-09-06T18:13:56.9620676Z [command]/usr/bin/git rev-parse --symbolic-full-name --verify --quiet HEAD
2025-09-06T18:13:56.9641577Z refs/heads/main
2025-09-06T18:13:56.9650690Z [command]/usr/bin/git checkout --detach
2025-09-06T18:13:57.0109718Z HEAD is now at f1ed98a Update action2.yml
2025-09-06T18:13:57.0151384Z [command]/usr/bin/git branch --delete --force main
2025-09-06T18:13:57.0176315Z Deleted branch main (was f1ed98a).
2025-09-06T18:13:57.0210361Z ##[endgroup]
2025-09-06T18:13:57.0214296Z [command]/usr/bin/git submodule status
2025-09-06T18:13:57.0434750Z ##[group]Cleaning the repository
2025-09-06T18:13:57.0439506Z [command]/usr/bin/git clean -ffdx
2025-09-06T18:13:57.0473163Z [command]/usr/bin/git reset --hard HEAD
2025-09-06T18:13:57.0510213Z HEAD is now at f1ed98a Update action2.yml
2025-09-06T18:13:57.0516126Z ##[endgroup]
2025-09-06T18:13:57.0517983Z ##[group]Disabling automatic garbage collection
2025-09-06T18:13:57.0521785Z [command]/usr/bin/git config --local gc.auto 0
2025-09-06T18:13:57.0547388Z ##[endgroup]
2025-09-06T18:13:57.0547740Z ##[group]Setting up auth
2025-09-06T18:13:57.0554050Z [command]/usr/bin/git config --local --name-only --get-regexp core\.sshCommand
2025-09-06T18:13:57.0582695Z [command]/usr/bin/git submodule foreach --recursive sh -c "git config --local --name-only --get-regexp 'core\.sshCommand' && git config --local --unset-all 'core.sshCommand' || :"
2025-09-06T18:13:57.0823509Z [command]/usr/bin/git config --local --name-only --get-regexp http\.https\:\/\/github\.com\/\.extraheader
2025-09-06T18:13:57.0846552Z http.https://github.com/.extraheader
2025-09-06T18:13:57.0858718Z [command]/usr/bin/git config --local --unset-all http.https://github.com/.extraheader
2025-09-06T18:13:57.0890521Z [command]/usr/bin/git submodule foreach --recursive sh -c "git config --local --name-only --get-regexp 'http\.https\:\/\/github\.com\/\.extraheader' && git config --local --unset-all 'http.https://github.com/.extraheader' || :"
2025-09-06T18:13:57.1132070Z [command]/usr/bin/git config --local http.https://github.com/.extraheader AUTHORIZATION: basic ***
2025-09-06T18:13:57.1170785Z ##[endgroup]
2025-09-06T18:13:57.1171429Z ##[group]Fetching the repository
2025-09-06T18:13:57.1180032Z [command]/usr/bin/git -c protocol.version=2 fetch --no-tags --prune --no-recurse-submodules --depth=1 origin +refs/heads/main*:refs/remotes/origin/main* +refs/tags/main*:refs/tags/main*
2025-09-06T18:13:57.5652118Z ##[endgroup]
2025-09-06T18:13:57.5652743Z ##[group]Determining the checkout info
2025-09-06T18:13:57.5659588Z [command]/usr/bin/git branch --list --remote origin/main
2025-09-06T18:13:57.5682475Z   origin/main
2025-09-06T18:13:57.5687426Z ##[endgroup]
2025-09-06T18:13:57.5691630Z [command]/usr/bin/git sparse-checkout disable
2025-09-06T18:13:57.5731621Z [command]/usr/bin/git config --local --unset-all extensions.worktreeConfig
2025-09-06T18:13:57.5758225Z ##[group]Checking out the ref
2025-09-06T18:13:57.5762661Z [command]/usr/bin/git checkout --progress --force -B main refs/remotes/origin/main
2025-09-06T18:13:57.5809863Z Switched to a new branch 'main'
2025-09-06T18:13:57.5812303Z branch 'main' set up to track 'origin/main'.
2025-09-06T18:13:57.5819138Z ##[endgroup]
2025-09-06T18:13:57.5853954Z [command]/usr/bin/git log -1 --format=%H
2025-09-06T18:13:57.5877633Z f1ed98adf584154ad9c58e10cdf31d572c6bcc04
2025-09-06T18:13:57.5984936Z ##[group]Run python3 aesthetic_prioritizing.py
2025-09-06T18:13:57.5985269Z [36;1mpython3 aesthetic_prioritizing.py[0m
2025-09-06T18:13:57.6017070Z shell: /usr/bin/bash -e {0}
2025-09-06T18:13:57.6017300Z env:
2025-09-06T18:13:57.6017544Z   pythonLocation: /opt/hostedtoolcache/Python/3.12.5/x64
2025-09-06T18:13:57.6017935Z   PKG_CONFIG_PATH: /opt/hostedtoolcache/Python/3.12.5/x64/lib/pkgconfig
2025-09-06T18:13:57.6018320Z   Python_ROOT_DIR: /opt/hostedtoolcache/Python/3.12.5/x64
2025-09-06T18:13:57.6018652Z   Python2_ROOT_DIR: /opt/hostedtoolcache/Python/3.12.5/x64
2025-09-06T18:13:57.6018976Z   Python3_ROOT_DIR: /opt/hostedtoolcache/Python/3.12.5/x64
2025-09-06T18:13:57.6019306Z   LD_LIBRARY_PATH: /opt/hostedtoolcache/Python/3.12.5/x64/lib
2025-09-06T18:13:57.6019760Z   PASS: ***
2025-09-06T18:13:57.6020115Z ##[endgroup]
2025-09-06T18:17:00.0133600Z Prioritizing: Attempt 1
2025-09-06T18:17:00.0134199Z Projects already on top. No prioritizing needed.
2025-09-06T18:17:00.0134891Z Prioritized projects in your favorite list.
2025-09-06T18:17:00.0135438Z Prioritizing: Attempt 1
2025-09-06T18:17:00.0136221Z Followed studio 50609129 because it was never followed
2025-09-06T18:17:00.0136961Z Followed studio 50609128 because it was never followed
2025-09-06T18:17:00.0137669Z Followed studio 50609126 because it was never followed
2025-09-06T18:17:00.0138417Z Followed studio 50609120 because it was never followed
2025-09-06T18:17:00.0139130Z Prioritized studios in your favorite list.
2025-09-06T18:17:00.0426153Z Post job cleanup.
2025-09-06T18:17:00.1187249Z [command]/usr/bin/git version
2025-09-06T18:17:00.1222182Z git version 2.51.0
2025-09-06T18:17:00.1260491Z Temporarily overriding HOME='/home/runner/work/_temp/1e912f85-fc3e-4e78-a8c2-3a66d58965bf' before making global git config changes
2025-09-06T18:17:00.1261774Z Adding repository directory to the temporary git global config as a safe directory
2025-09-06T18:17:00.1266428Z [command]/usr/bin/git config --global --add safe.directory /home/runner/work/scratchattach/scratchattach
2025-09-06T18:17:00.1300562Z [command]/usr/bin/git config --local --name-only --get-regexp core\.sshCommand
2025-09-06T18:17:00.1331683Z [command]/usr/bin/git submodule foreach --recursive sh -c "git config --local --name-only --get-regexp 'core\.sshCommand' && git config --local --unset-all 'core.sshCommand' || :"
2025-09-06T18:17:00.1555541Z [command]/usr/bin/git config --local --name-only --get-regexp http\.https\:\/\/github\.com\/\.extraheader
2025-09-06T18:17:00.1577658Z http.https://github.com/.extraheader
2025-09-06T18:17:00.1586844Z [command]/usr/bin/git config --local --unset-all http.https://github.com/.extraheader
2025-09-06T18:17:00.1618298Z [command]/usr/bin/git submodule foreach --recursive sh -c "git config --local --name-only --get-regexp 'http\.https\:\/\/github\.com\/\.extraheader' && git config --local --unset-all 'http.https://github.com/.extraheader' || :"
2025-09-06T18:17:00.1963458Z Post job cleanup.
2025-09-06T18:17:00.3103400Z (node:2481) [DEP0040] DeprecationWarning: The `punycode` module is deprecated. Please use a userland alternative instead.
2025-09-06T18:17:00.3104167Z (Use `node --trace-deprecation ...` to show where the warning was created)
2025-09-06T18:17:00.3218606Z Post job cleanup.
2025-09-06T18:17:00.4076963Z [command]/usr/bin/git version
2025-09-06T18:17:00.4117775Z git version 2.51.0
2025-09-06T18:17:00.4188032Z Temporarily overriding HOME='/home/runner/work/_temp/717be414-8c91-4839-ba44-48984eb24e57' before making global git config changes
2025-09-06T18:17:00.4189276Z Adding repository directory to the temporary git global config as a safe directory
2025-09-06T18:17:00.4194007Z [command]/usr/bin/git config --global --add safe.directory /home/runner/work/scratchattach/scratchattach
2025-09-06T18:17:00.4232270Z [command]/usr/bin/git config --local --name-only --get-regexp core\.sshCommand
2025-09-06T18:17:00.4266184Z [command]/usr/bin/git submodule foreach --recursive sh -c "git config --local --name-only --get-regexp 'core\.sshCommand' && git config --local --unset-all 'core.sshCommand' || :"
2025-09-06T18:17:00.4513034Z [command]/usr/bin/git config --local --name-only --get-regexp http\.https\:\/\/github\.com\/\.extraheader
2025-09-06T18:17:00.4544442Z [command]/usr/bin/git submodule foreach --recursive sh -c "git config --local --name-only --get-regexp 'http\.https\:\/\/github\.com\/\.extraheader' && git config --local --unset-all 'http.https://github.com/.extraheader' || :"
2025-09-06T18:17:00.4873217Z Cleaning up orphan processes
