2025-08-30T18:14:23.8817640Z Current runner version: '2.328.0'
2025-08-30T18:14:23.8850305Z ##[group]Runner Image Provisioner
2025-08-30T18:14:23.8851606Z Hosted Compute Agent
2025-08-30T18:14:23.8852482Z Version: 20250821.380
2025-08-30T18:14:23.8853838Z Commit: 438d12cb4fe092871db9867344e3bc0bc5319035
2025-08-30T18:14:23.8855226Z Build Date: 2025-08-21T20:49:43Z
2025-08-30T18:14:23.8856247Z ##[endgroup]
2025-08-30T18:14:23.8857098Z ##[group]Operating System
2025-08-30T18:14:23.8857989Z Ubuntu
2025-08-30T18:14:23.8858721Z 24.04.3
2025-08-30T18:14:23.8859415Z LTS
2025-08-30T18:14:23.8860123Z ##[endgroup]
2025-08-30T18:14:23.8860906Z ##[group]Runner Image
2025-08-30T18:14:23.8861750Z Image: ubuntu-24.04
2025-08-30T18:14:23.8862597Z Version: 20250824.1.0
2025-08-30T18:14:23.8864490Z Included Software: https://github.com/actions/runner-images/blob/ubuntu24/20250824.1/images/ubuntu/Ubuntu2404-Readme.md
2025-08-30T18:14:23.8866928Z Image Release: https://github.com/actions/runner-images/releases/tag/ubuntu24%2F20250824.1
2025-08-30T18:14:23.8868579Z ##[endgroup]
2025-08-30T18:14:23.8870271Z ##[group]GITHUB_TOKEN Permissions
2025-08-30T18:14:23.8873284Z Contents: write
2025-08-30T18:14:23.8874169Z Metadata: read
2025-08-30T18:14:23.8875105Z ##[endgroup]
2025-08-30T18:14:23.8877994Z Secret source: Actions
2025-08-30T18:14:23.8879412Z Prepare workflow directory
2025-08-30T18:14:23.9239241Z Prepare all required actions
2025-08-30T18:14:23.9296155Z Getting action download info
2025-08-30T18:14:24.2639617Z Download action repository 'actions/checkout@v5' (SHA:08c6903cd8c0fde910a37f88322edcfb5dd907a8)
2025-08-30T18:14:24.6798150Z Download action repository 'actions/setup-python@v5.6.0' (SHA:a26af69be951a213d495a4c3e4e4022e16d87065)
2025-08-30T18:14:24.7944946Z Download action repository 'bossOfCode/install-scratchattach@v1.0.3' (SHA:be17a7cf1ecb5a7040eb42ef26c2e1fbe72bb25a)
2025-08-30T18:14:25.2607780Z Complete job name: Run Prioritzing Handler
2025-08-30T18:14:25.3306508Z ##[group]Run actions/checkout@v5
2025-08-30T18:14:25.3307739Z with:
2025-08-30T18:14:25.3308212Z   ref: main
2025-08-30T18:14:25.3308640Z   repository: Boss-1s/scratchattach
2025-08-30T18:14:25.3309351Z   token: ***
2025-08-30T18:14:25.3309779Z   ssh-strict: true
2025-08-30T18:14:25.3310210Z   ssh-user: git
2025-08-30T18:14:25.3310655Z   persist-credentials: true
2025-08-30T18:14:25.3311142Z   clean: true
2025-08-30T18:14:25.3311573Z   sparse-checkout-cone-mode: true
2025-08-30T18:14:25.3312118Z   fetch-depth: 1
2025-08-30T18:14:25.3312545Z   fetch-tags: false
2025-08-30T18:14:25.3313142Z   show-progress: true
2025-08-30T18:14:25.3313592Z   lfs: false
2025-08-30T18:14:25.3314002Z   submodules: false
2025-08-30T18:14:25.3314440Z   set-safe-directory: true
2025-08-30T18:14:25.3315218Z ##[endgroup]
2025-08-30T18:14:25.4207770Z Syncing repository: Boss-1s/scratchattach
2025-08-30T18:14:25.4209615Z ##[group]Getting Git version info
2025-08-30T18:14:25.4210499Z Working directory is '/home/runner/work/scratchattach/scratchattach'
2025-08-30T18:14:25.4211620Z [command]/usr/bin/git version
2025-08-30T18:14:25.5065680Z git version 2.51.0
2025-08-30T18:14:25.5087949Z ##[endgroup]
2025-08-30T18:14:25.5103848Z Temporarily overriding HOME='/home/runner/work/_temp/baf48ea3-988a-4e3a-a219-c1500dae1269' before making global git config changes
2025-08-30T18:14:25.5105389Z Adding repository directory to the temporary git global config as a safe directory
2025-08-30T18:14:25.5108815Z [command]/usr/bin/git config --global --add safe.directory /home/runner/work/scratchattach/scratchattach
2025-08-30T18:14:25.5190146Z Deleting the contents of '/home/runner/work/scratchattach/scratchattach'
2025-08-30T18:14:25.5193748Z ##[group]Initializing the repository
2025-08-30T18:14:25.5198865Z [command]/usr/bin/git init /home/runner/work/scratchattach/scratchattach
2025-08-30T18:14:25.6057826Z hint: Using 'master' as the name for the initial branch. This default branch name
2025-08-30T18:14:25.6059077Z hint: is subject to change. To configure the initial branch name to use in all
2025-08-30T18:14:25.6060035Z hint: of your new repositories, which will suppress this warning, call:
2025-08-30T18:14:25.6061056Z hint:
2025-08-30T18:14:25.6061598Z hint: 	git config --global init.defaultBranch <name>
2025-08-30T18:14:25.6062220Z hint:
2025-08-30T18:14:25.6062826Z hint: Names commonly chosen instead of 'master' are 'main', 'trunk' and
2025-08-30T18:14:25.6064152Z hint: 'development'. The just-created branch can be renamed via this command:
2025-08-30T18:14:25.6064911Z hint:
2025-08-30T18:14:25.6065341Z hint: 	git branch -m <name>
2025-08-30T18:14:25.6065828Z hint:
2025-08-30T18:14:25.6066483Z hint: Disable this message with "git config set advice.defaultBranchName false"
2025-08-30T18:14:25.6101287Z Initialized empty Git repository in /home/runner/work/scratchattach/scratchattach/.git/
2025-08-30T18:14:25.6114218Z [command]/usr/bin/git remote add origin https://github.com/Boss-1s/scratchattach
2025-08-30T18:14:25.6234646Z ##[endgroup]
2025-08-30T18:14:25.6235963Z ##[group]Disabling automatic garbage collection
2025-08-30T18:14:25.6237223Z [command]/usr/bin/git config --local gc.auto 0
2025-08-30T18:14:25.6262488Z ##[endgroup]
2025-08-30T18:14:25.6264032Z ##[group]Setting up auth
2025-08-30T18:14:25.6269733Z [command]/usr/bin/git config --local --name-only --get-regexp core\.sshCommand
2025-08-30T18:14:25.6303393Z [command]/usr/bin/git submodule foreach --recursive sh -c "git config --local --name-only --get-regexp 'core\.sshCommand' && git config --local --unset-all 'core.sshCommand' || :"
2025-08-30T18:14:25.7884587Z [command]/usr/bin/git config --local --name-only --get-regexp http\.https\:\/\/github\.com\/\.extraheader
2025-08-30T18:14:25.7916558Z [command]/usr/bin/git submodule foreach --recursive sh -c "git config --local --name-only --get-regexp 'http\.https\:\/\/github\.com\/\.extraheader' && git config --local --unset-all 'http.https://github.com/.extraheader' || :"
2025-08-30T18:14:25.8138335Z [command]/usr/bin/git config --local http.https://github.com/.extraheader AUTHORIZATION: basic ***
2025-08-30T18:14:25.8172083Z ##[endgroup]
2025-08-30T18:14:25.8174351Z ##[group]Fetching the repository
2025-08-30T18:14:25.8184203Z [command]/usr/bin/git -c protocol.version=2 fetch --no-tags --prune --no-recurse-submodules --depth=1 origin +refs/heads/main*:refs/remotes/origin/main* +refs/tags/main*:refs/tags/main*
2025-08-30T18:14:26.3964993Z From https://github.com/Boss-1s/scratchattach
2025-08-30T18:14:26.3966417Z  * [new branch]      main       -> origin/main
2025-08-30T18:14:26.4065100Z ##[endgroup]
2025-08-30T18:14:26.4067182Z ##[group]Determining the checkout info
2025-08-30T18:14:26.4072633Z [command]/usr/bin/git branch --list --remote origin/main
2025-08-30T18:14:26.4096242Z   origin/main
2025-08-30T18:14:26.4101570Z ##[endgroup]
2025-08-30T18:14:26.4105324Z [command]/usr/bin/git sparse-checkout disable
2025-08-30T18:14:26.4194990Z [command]/usr/bin/git config --local --unset-all extensions.worktreeConfig
2025-08-30T18:14:26.4222753Z ##[group]Checking out the ref
2025-08-30T18:14:26.4225609Z [command]/usr/bin/git checkout --progress --force -B main refs/remotes/origin/main
2025-08-30T18:14:26.4508559Z Switched to a new branch 'main'
2025-08-30T18:14:26.4511331Z branch 'main' set up to track 'origin/main'.
2025-08-30T18:14:26.4519361Z ##[endgroup]
2025-08-30T18:14:26.4553800Z [command]/usr/bin/git log -1 --format=%H
2025-08-30T18:14:26.4576397Z 944d135f6e88c6740b07f4b30b36b0af64714671
2025-08-30T18:14:26.4878211Z ##[group]Run actions/setup-python@v5.6.0
2025-08-30T18:14:26.4879467Z with:
2025-08-30T18:14:26.4880285Z   python-version: 3.12.5
2025-08-30T18:14:26.4881284Z   check-latest: false
2025-08-30T18:14:26.4882465Z   token: ***
2025-08-30T18:14:26.4883537Z   update-environment: true
2025-08-30T18:14:26.4884584Z   allow-prereleases: false
2025-08-30T18:14:26.4885597Z   freethreaded: false
2025-08-30T18:14:26.4886478Z ##[endgroup]
2025-08-30T18:14:26.6541894Z ##[group]Installed versions
2025-08-30T18:14:26.6669002Z Version 3.12.5 was not found in the local cache
2025-08-30T18:14:27.2236120Z Version 3.12.5 is available for downloading
2025-08-30T18:14:27.2237615Z Download from "https://github.com/actions/python-versions/releases/download/3.12.5-10375840348/python-3.12.5-linux-24.04-x64.tar.gz"
2025-08-30T18:14:28.3837439Z Extract downloaded archive
2025-08-30T18:14:28.3962649Z [command]/usr/bin/tar xz --warning=no-unknown-keyword --overwrite -C /home/runner/work/_temp/96689133-ef87-443a-a37b-0c80afc425b8 -f /home/runner/work/_temp/b48fd5be-84bf-4fb5-a706-a65504c871a0
2025-08-30T18:14:30.3819038Z Execute installation script
2025-08-30T18:14:30.3908075Z Check if Python hostedtoolcache folder exist...
2025-08-30T18:14:30.3908619Z Create Python 3.12.5 folder
2025-08-30T18:14:30.3958331Z Copy Python binaries to hostedtoolcache folder
2025-08-30T18:14:31.1096566Z Create additional symlinks (Required for the UsePythonVersion Azure Pipelines task and the setup-python GitHub Action)
2025-08-30T18:14:31.1136377Z Upgrading pip...
2025-08-30T18:14:33.4940698Z Looking in links: /tmp/tmp9bfv6wfh
2025-08-30T18:14:33.4944972Z Requirement already satisfied: pip in /opt/hostedtoolcache/Python/3.12.5/x64/lib/python3.12/site-packages (24.2)
2025-08-30T18:14:35.0538287Z Collecting pip
2025-08-30T18:14:35.1577239Z Downloading pip-25.2-py3-none-any.whl.metadata (4.7 kB)
2025-08-30T18:14:35.1857311Z Downloading pip-25.2-py3-none-any.whl (1.8 MB)
2025-08-30T18:14:35.3066781Z ━━━━━━━━━━━━━━━━━━━━━━━━━━━━━━━━━━━━━━━━ 1.8/1.8 MB 24.0 MB/s eta 0:00:00
2025-08-30T18:14:35.3364567Z 
2025-08-30T18:14:35.3364881Z Installing collected packages: pip
2025-08-30T18:14:35.3366619Z Attempting uninstall: pip
2025-08-30T18:14:35.3387667Z Found existing installation: pip 24.2
2025-08-30T18:14:35.3750677Z Uninstalling pip-24.2:
2025-08-30T18:14:35.3808306Z Successfully uninstalled pip-24.2
2025-08-30T18:14:36.2371014Z Successfully installed pip-25.2
2025-08-30T18:14:36.2837288Z Create complete file
2025-08-30T18:14:36.2870769Z Successfully set up CPython (3.12.5)
2025-08-30T18:14:36.2871998Z ##[endgroup]
2025-08-30T18:14:36.3008084Z ##[group]Run bossOfCode/install-scratchattach@v1.0.3
2025-08-30T18:14:36.3008433Z env:
2025-08-30T18:14:36.3008678Z   pythonLocation: /opt/hostedtoolcache/Python/3.12.5/x64
2025-08-30T18:14:36.3009111Z   PKG_CONFIG_PATH: /opt/hostedtoolcache/Python/3.12.5/x64/lib/pkgconfig
2025-08-30T18:14:36.3009525Z   Python_ROOT_DIR: /opt/hostedtoolcache/Python/3.12.5/x64
2025-08-30T18:14:36.3009885Z   Python2_ROOT_DIR: /opt/hostedtoolcache/Python/3.12.5/x64
2025-08-30T18:14:36.3010227Z   Python3_ROOT_DIR: /opt/hostedtoolcache/Python/3.12.5/x64
2025-08-30T18:14:36.3010570Z   LD_LIBRARY_PATH: /opt/hostedtoolcache/Python/3.12.5/x64/lib
2025-08-30T18:14:36.3010859Z ##[endgroup]
2025-08-30T18:14:36.3087174Z ##[group]Run python3 -m pip install --upgrade pip
2025-08-30T18:14:36.3087565Z [36;1mpython3 -m pip install --upgrade pip[0m
2025-08-30T18:14:36.3238799Z shell: /usr/bin/bash --noprofile --norc -e -o pipefail {0}
2025-08-30T18:14:36.3239146Z env:
2025-08-30T18:14:36.3302778Z   pythonLocation: /opt/hostedtoolcache/Python/3.12.5/x64
2025-08-30T18:14:36.3303512Z   PKG_CONFIG_PATH: /opt/hostedtoolcache/Python/3.12.5/x64/lib/pkgconfig
2025-08-30T18:14:36.3303971Z   Python_ROOT_DIR: /opt/hostedtoolcache/Python/3.12.5/x64
2025-08-30T18:14:36.3304377Z   Python2_ROOT_DIR: /opt/hostedtoolcache/Python/3.12.5/x64
2025-08-30T18:14:36.3304742Z   Python3_ROOT_DIR: /opt/hostedtoolcache/Python/3.12.5/x64
2025-08-30T18:14:36.3305083Z   LD_LIBRARY_PATH: /opt/hostedtoolcache/Python/3.12.5/x64/lib
2025-08-30T18:14:36.3305371Z ##[endgroup]
2025-08-30T18:14:37.1239488Z Requirement already satisfied: pip in /opt/hostedtoolcache/Python/3.12.5/x64/lib/python3.12/site-packages (25.2)
2025-08-30T18:14:37.3547786Z ##[group]Run pip install -U scratchattach
2025-08-30T18:14:37.3548104Z [36;1mpip install -U scratchattach[0m
2025-08-30T18:14:37.3578424Z shell: /usr/bin/bash --noprofile --norc -e -o pipefail {0}
2025-08-30T18:14:37.3578735Z env:
2025-08-30T18:14:37.3578977Z   pythonLocation: /opt/hostedtoolcache/Python/3.12.5/x64
2025-08-30T18:14:37.3579375Z   PKG_CONFIG_PATH: /opt/hostedtoolcache/Python/3.12.5/x64/lib/pkgconfig
2025-08-30T18:14:37.3579944Z   Python_ROOT_DIR: /opt/hostedtoolcache/Python/3.12.5/x64
2025-08-30T18:14:37.3580279Z   Python2_ROOT_DIR: /opt/hostedtoolcache/Python/3.12.5/x64
2025-08-30T18:14:37.3580617Z   Python3_ROOT_DIR: /opt/hostedtoolcache/Python/3.12.5/x64
2025-08-30T18:14:37.3580954Z   LD_LIBRARY_PATH: /opt/hostedtoolcache/Python/3.12.5/x64/lib
2025-08-30T18:14:37.3581235Z ##[endgroup]
2025-08-30T18:14:37.8538904Z Collecting scratchattach
2025-08-30T18:14:37.9447418Z   Downloading scratchattach-2.1.13-py3-none-any.whl.metadata (5.5 kB)
2025-08-30T18:14:37.9817422Z Collecting websocket-client (from scratchattach)
2025-08-30T18:14:38.0044609Z   Downloading websocket_client-1.8.0-py3-none-any.whl.metadata (8.0 kB)
2025-08-30T18:14:38.0503238Z Collecting requests (from scratchattach)
2025-08-30T18:14:38.0732166Z   Downloading requests-2.32.5-py3-none-any.whl.metadata (4.9 kB)
2025-08-30T18:14:38.0980043Z Collecting bs4 (from scratchattach)
2025-08-30T18:14:38.1206066Z   Downloading bs4-0.0.2-py2.py3-none-any.whl.metadata (411 bytes)
2025-08-30T18:14:38.1437779Z Collecting SimpleWebSocketServer (from scratchattach)
2025-08-30T18:14:38.1669522Z   Downloading SimpleWebSocketServer-0.1.2.tar.gz (10 kB)
2025-08-30T18:14:38.1773512Z   Installing build dependencies: started
2025-08-30T18:14:39.1693921Z   Installing build dependencies: finished with status 'done'
2025-08-30T18:14:39.1700867Z   Getting requirements to build wheel: started
2025-08-30T18:14:39.5283523Z   Getting requirements to build wheel: finished with status 'done'
2025-08-30T18:14:39.5292538Z   Preparing metadata (pyproject.toml): started
2025-08-30T18:14:39.7130848Z   Preparing metadata (pyproject.toml): finished with status 'done'
2025-08-30T18:14:39.7433553Z Collecting typing-extensions (from scratchattach)
2025-08-30T18:14:39.7661478Z   Downloading typing_extensions-4.15.0-py3-none-any.whl.metadata (3.3 kB)
2025-08-30T18:14:39.7967735Z Collecting beautifulsoup4 (from bs4->scratchattach)
2025-08-30T18:14:39.8194830Z   Downloading beautifulsoup4-4.13.5-py3-none-any.whl.metadata (3.8 kB)
2025-08-30T18:14:39.8515265Z Collecting soupsieve>1.2 (from beautifulsoup4->bs4->scratchattach)
2025-08-30T18:14:39.8740421Z   Downloading soupsieve-2.8-py3-none-any.whl.metadata (4.6 kB)
2025-08-30T18:14:40.0021927Z Collecting charset_normalizer<4,>=2 (from requests->scratchattach)
2025-08-30T18:14:40.0252322Z   Downloading charset_normalizer-3.4.3-cp312-cp312-manylinux2014_x86_64.manylinux_2_17_x86_64.manylinux_2_28_x86_64.whl.metadata (36 kB)
2025-08-30T18:14:40.0647964Z Collecting idna<4,>=2.5 (from requests->scratchattach)
2025-08-30T18:14:40.0906702Z   Downloading idna-3.10-py3-none-any.whl.metadata (10 kB)
2025-08-30T18:14:40.1347141Z Collecting urllib3<3,>=1.21.1 (from requests->scratchattach)
2025-08-30T18:14:40.1573851Z   Downloading urllib3-2.5.0-py3-none-any.whl.metadata (6.5 kB)
2025-08-30T18:14:40.1926991Z Collecting certifi>=2017.4.17 (from requests->scratchattach)
2025-08-30T18:14:40.2158487Z   Downloading certifi-2025.8.3-py3-none-any.whl.metadata (2.4 kB)
2025-08-30T18:14:40.2454351Z Downloading scratchattach-2.1.13-py3-none-any.whl (141 kB)
2025-08-30T18:14:40.2976176Z Downloading bs4-0.0.2-py2.py3-none-any.whl (1.2 kB)
2025-08-30T18:14:40.3221706Z Downloading beautifulsoup4-4.13.5-py3-none-any.whl (105 kB)
2025-08-30T18:14:40.3508872Z Downloading soupsieve-2.8-py3-none-any.whl (36 kB)
2025-08-30T18:14:40.3757056Z Downloading typing_extensions-4.15.0-py3-none-any.whl (44 kB)
2025-08-30T18:14:40.4015612Z Downloading requests-2.32.5-py3-none-any.whl (64 kB)
2025-08-30T18:14:40.4285010Z Downloading charset_normalizer-3.4.3-cp312-cp312-manylinux2014_x86_64.manylinux_2_17_x86_64.manylinux_2_28_x86_64.whl (151 kB)
2025-08-30T18:14:40.4592188Z Downloading idna-3.10-py3-none-any.whl (70 kB)
2025-08-30T18:14:40.4850841Z Downloading urllib3-2.5.0-py3-none-any.whl (129 kB)
2025-08-30T18:14:40.5128177Z Downloading certifi-2025.8.3-py3-none-any.whl (161 kB)
2025-08-30T18:14:40.5420868Z Downloading websocket_client-1.8.0-py3-none-any.whl (58 kB)
2025-08-30T18:14:40.5559243Z Building wheels for collected packages: SimpleWebSocketServer
2025-08-30T18:14:40.5567432Z   Building wheel for SimpleWebSocketServer (pyproject.toml): started
2025-08-30T18:14:40.7778515Z   Building wheel for SimpleWebSocketServer (pyproject.toml): finished with status 'done'
2025-08-30T18:14:40.7783760Z   Created wheel for SimpleWebSocketServer: filename=simplewebsocketserver-0.1.2-py3-none-any.whl size=9715 sha256=518e4682ee17529f227d89df3a8b7e5612d8893432bfaa27abbbc3dc932ff5c3
2025-08-30T18:14:40.7785536Z   Stored in directory: /home/runner/.cache/pip/wheels/81/fd/d8/f145b47bedceb5dff96b76e404a4ee9be956a4f8f150cd8133
2025-08-30T18:14:40.7804572Z Successfully built SimpleWebSocketServer
2025-08-30T18:14:40.7978078Z Installing collected packages: SimpleWebSocketServer, websocket-client, urllib3, typing-extensions, soupsieve, idna, charset_normalizer, certifi, requests, beautifulsoup4, bs4, scratchattach
2025-08-30T18:14:41.3641929Z 
2025-08-30T18:14:41.3662026Z Successfully installed SimpleWebSocketServer-0.1.2 beautifulsoup4-4.13.5 bs4-0.0.2 certifi-2025.8.3 charset_normalizer-3.4.3 idna-3.10 requests-2.32.5 scratchattach-2.1.13 soupsieve-2.8 typing-extensions-4.15.0 urllib3-2.5.0 websocket-client-1.8.0
2025-08-30T18:14:41.4448750Z ##[group]Run actions/checkout@v5
2025-08-30T18:14:41.4448997Z with:
2025-08-30T18:14:41.4449158Z   ref: main
2025-08-30T18:14:41.4449332Z   repository: Boss-1s/scratchattach
2025-08-30T18:14:41.4449686Z   token: ***
2025-08-30T18:14:41.4449862Z   ssh-strict: true
2025-08-30T18:14:41.4450038Z   ssh-user: git
2025-08-30T18:14:41.4450224Z   persist-credentials: true
2025-08-30T18:14:41.4450427Z   clean: true
2025-08-30T18:14:41.4450617Z   sparse-checkout-cone-mode: true
2025-08-30T18:14:41.4450844Z   fetch-depth: 1
2025-08-30T18:14:41.4451016Z   fetch-tags: false
2025-08-30T18:14:41.4451205Z   show-progress: true
2025-08-30T18:14:41.4451393Z   lfs: false
2025-08-30T18:14:41.4451553Z   submodules: false
2025-08-30T18:14:41.4451743Z   set-safe-directory: true
2025-08-30T18:14:41.4451955Z env:
2025-08-30T18:14:41.4452186Z   pythonLocation: /opt/hostedtoolcache/Python/3.12.5/x64
2025-08-30T18:14:41.4452572Z   PKG_CONFIG_PATH: /opt/hostedtoolcache/Python/3.12.5/x64/lib/pkgconfig
2025-08-30T18:14:41.4453207Z   Python_ROOT_DIR: /opt/hostedtoolcache/Python/3.12.5/x64
2025-08-30T18:14:41.4453586Z   Python2_ROOT_DIR: /opt/hostedtoolcache/Python/3.12.5/x64
2025-08-30T18:14:41.4453927Z   Python3_ROOT_DIR: /opt/hostedtoolcache/Python/3.12.5/x64
2025-08-30T18:14:41.4454264Z   LD_LIBRARY_PATH: /opt/hostedtoolcache/Python/3.12.5/x64/lib
2025-08-30T18:14:41.4454539Z ##[endgroup]
2025-08-30T18:14:41.5198148Z Syncing repository: Boss-1s/scratchattach
2025-08-30T18:14:41.5199893Z ##[group]Getting Git version info
2025-08-30T18:14:41.5200434Z Working directory is '/home/runner/work/scratchattach/scratchattach'
2025-08-30T18:14:41.5235876Z [command]/usr/bin/git version
2025-08-30T18:14:41.5271522Z git version 2.51.0
2025-08-30T18:14:41.5292285Z ##[endgroup]
2025-08-30T18:14:41.5306610Z Temporarily overriding HOME='/home/runner/work/_temp/bbc4a3ec-63db-4512-8769-096e17fdb2cf' before making global git config changes
2025-08-30T18:14:41.5307921Z Adding repository directory to the temporary git global config as a safe directory
2025-08-30T18:14:41.5312171Z [command]/usr/bin/git config --global --add safe.directory /home/runner/work/scratchattach/scratchattach
2025-08-30T18:14:41.5348413Z [command]/usr/bin/git config --local --get remote.origin.url
2025-08-30T18:14:41.5368957Z https://github.com/Boss-1s/scratchattach
2025-08-30T18:14:41.5381650Z ##[group]Removing previously created refs, to avoid conflicts
2025-08-30T18:14:41.5386213Z [command]/usr/bin/git rev-parse --symbolic-full-name --verify --quiet HEAD
2025-08-30T18:14:41.5407341Z refs/heads/main
2025-08-30T18:14:41.5416786Z [command]/usr/bin/git checkout --detach
2025-08-30T18:14:41.5571381Z HEAD is now at 944d135 Update action3.yml
2025-08-30T18:14:41.5613445Z [command]/usr/bin/git branch --delete --force main
2025-08-30T18:14:41.5638479Z Deleted branch main (was 944d135).
2025-08-30T18:14:41.5671659Z ##[endgroup]
2025-08-30T18:14:41.5675304Z [command]/usr/bin/git submodule status
2025-08-30T18:14:41.5931245Z ##[group]Cleaning the repository
2025-08-30T18:14:41.5936177Z [command]/usr/bin/git clean -ffdx
2025-08-30T18:14:41.5968023Z [command]/usr/bin/git reset --hard HEAD
2025-08-30T18:14:41.6001043Z HEAD is now at 944d135 Update action3.yml
2025-08-30T18:14:41.6006394Z ##[endgroup]
2025-08-30T18:14:41.6008001Z ##[group]Disabling automatic garbage collection
2025-08-30T18:14:41.6012434Z [command]/usr/bin/git config --local gc.auto 0
2025-08-30T18:14:41.6037946Z ##[endgroup]
2025-08-30T18:14:41.6038507Z ##[group]Setting up auth
2025-08-30T18:14:41.6045520Z [command]/usr/bin/git config --local --name-only --get-regexp core\.sshCommand
2025-08-30T18:14:41.6075037Z [command]/usr/bin/git submodule foreach --recursive sh -c "git config --local --name-only --get-regexp 'core\.sshCommand' && git config --local --unset-all 'core.sshCommand' || :"
2025-08-30T18:14:41.6295992Z [command]/usr/bin/git config --local --name-only --get-regexp http\.https\:\/\/github\.com\/\.extraheader
2025-08-30T18:14:41.6316307Z http.https://github.com/.extraheader
2025-08-30T18:14:41.6325110Z [command]/usr/bin/git config --local --unset-all http.https://github.com/.extraheader
2025-08-30T18:14:41.6355355Z [command]/usr/bin/git submodule foreach --recursive sh -c "git config --local --name-only --get-regexp 'http\.https\:\/\/github\.com\/\.extraheader' && git config --local --unset-all 'http.https://github.com/.extraheader' || :"
2025-08-30T18:14:41.6575830Z [command]/usr/bin/git config --local http.https://github.com/.extraheader AUTHORIZATION: basic ***
2025-08-30T18:14:41.6644508Z ##[endgroup]
2025-08-30T18:14:41.6645156Z ##[group]Fetching the repository
2025-08-30T18:14:41.6653330Z [command]/usr/bin/git -c protocol.version=2 fetch --no-tags --prune --no-recurse-submodules --depth=1 origin +refs/heads/main*:refs/remotes/origin/main* +refs/tags/main*:refs/tags/main*
2025-08-30T18:14:41.9674878Z ##[endgroup]
2025-08-30T18:14:41.9675432Z ##[group]Determining the checkout info
2025-08-30T18:14:41.9684921Z [command]/usr/bin/git branch --list --remote origin/main
2025-08-30T18:14:41.9711197Z   origin/main
2025-08-30T18:14:41.9722296Z ##[endgroup]
2025-08-30T18:14:41.9722693Z [command]/usr/bin/git sparse-checkout disable
2025-08-30T18:14:41.9760837Z [command]/usr/bin/git config --local --unset-all extensions.worktreeConfig
2025-08-30T18:14:41.9786652Z ##[group]Checking out the ref
2025-08-30T18:14:41.9790532Z [command]/usr/bin/git checkout --progress --force -B main refs/remotes/origin/main
2025-08-30T18:14:41.9827706Z Switched to a new branch 'main'
2025-08-30T18:14:41.9830485Z branch 'main' set up to track 'origin/main'.
2025-08-30T18:14:41.9837141Z ##[endgroup]
2025-08-30T18:14:41.9874520Z [command]/usr/bin/git log -1 --format=%H
2025-08-30T18:14:41.9898476Z 944d135f6e88c6740b07f4b30b36b0af64714671
2025-08-30T18:14:42.0019281Z ##[group]Run python3 aesthetic_prioritizing.py
2025-08-30T18:14:42.0019632Z [36;1mpython3 aesthetic_prioritizing.py[0m
2025-08-30T18:14:42.0050803Z shell: /usr/bin/bash -e {0}
2025-08-30T18:14:42.0051030Z env:
2025-08-30T18:14:42.0051267Z   pythonLocation: /opt/hostedtoolcache/Python/3.12.5/x64
2025-08-30T18:14:42.0051674Z   PKG_CONFIG_PATH: /opt/hostedtoolcache/Python/3.12.5/x64/lib/pkgconfig
2025-08-30T18:14:42.0052062Z   Python_ROOT_DIR: /opt/hostedtoolcache/Python/3.12.5/x64
2025-08-30T18:14:42.0052396Z   Python2_ROOT_DIR: /opt/hostedtoolcache/Python/3.12.5/x64
2025-08-30T18:14:42.0052738Z   Python3_ROOT_DIR: /opt/hostedtoolcache/Python/3.12.5/x64
2025-08-30T18:14:42.0053322Z   LD_LIBRARY_PATH: /opt/hostedtoolcache/Python/3.12.5/x64/lib
2025-08-30T18:14:42.0053866Z   PASS: ***
2025-08-30T18:14:42.0054043Z ##[endgroup]
2025-08-30T18:14:43.2851154Z Prioritizing: Attempt 1
2025-08-30T18:14:43.2851632Z Projects already on top. No prioritizing needed.
2025-08-30T18:14:43.2852190Z Prioritized projects in your favorite list.
2025-08-30T18:14:43.3156913Z Post job cleanup.
2025-08-30T18:14:43.3907624Z [command]/usr/bin/git version
2025-08-30T18:14:43.3943329Z git version 2.51.0
2025-08-30T18:14:43.3980092Z Temporarily overriding HOME='/home/runner/work/_temp/d8255a44-d7c7-425b-988b-bc06312bdcb3' before making global git config changes
2025-08-30T18:14:43.3981361Z Adding repository directory to the temporary git global config as a safe directory
2025-08-30T18:14:43.3985908Z [command]/usr/bin/git config --global --add safe.directory /home/runner/work/scratchattach/scratchattach
2025-08-30T18:14:43.4021397Z [command]/usr/bin/git config --local --name-only --get-regexp core\.sshCommand
2025-08-30T18:14:43.4053386Z [command]/usr/bin/git submodule foreach --recursive sh -c "git config --local --name-only --get-regexp 'core\.sshCommand' && git config --local --unset-all 'core.sshCommand' || :"
2025-08-30T18:14:43.4275108Z [command]/usr/bin/git config --local --name-only --get-regexp http\.https\:\/\/github\.com\/\.extraheader
2025-08-30T18:14:43.4296914Z http.https://github.com/.extraheader
2025-08-30T18:14:43.4306492Z [command]/usr/bin/git config --local --unset-all http.https://github.com/.extraheader
2025-08-30T18:14:43.4336856Z [command]/usr/bin/git submodule foreach --recursive sh -c "git config --local --name-only --get-regexp 'http\.https\:\/\/github\.com\/\.extraheader' && git config --local --unset-all 'http.https://github.com/.extraheader' || :"
2025-08-30T18:14:43.4664174Z Post job cleanup.
2025-08-30T18:14:43.6358843Z Post job cleanup.
2025-08-30T18:14:43.7116496Z [command]/usr/bin/git version
2025-08-30T18:14:43.7152505Z git version 2.51.0
2025-08-30T18:14:43.7189809Z Temporarily overriding HOME='/home/runner/work/_temp/35342774-0181-4ed5-83a6-073f332d8a36' before making global git config changes
2025-08-30T18:14:43.7191056Z Adding repository directory to the temporary git global config as a safe directory
2025-08-30T18:14:43.7195799Z [command]/usr/bin/git config --global --add safe.directory /home/runner/work/scratchattach/scratchattach
2025-08-30T18:14:43.7230199Z [command]/usr/bin/git config --local --name-only --get-regexp core\.sshCommand
2025-08-30T18:14:43.7262406Z [command]/usr/bin/git submodule foreach --recursive sh -c "git config --local --name-only --get-regexp 'core\.sshCommand' && git config --local --unset-all 'core.sshCommand' || :"
2025-08-30T18:14:43.7484302Z [command]/usr/bin/git config --local --name-only --get-regexp http\.https\:\/\/github\.com\/\.extraheader
2025-08-30T18:14:43.7514536Z [command]/usr/bin/git submodule foreach --recursive sh -c "git config --local --name-only --get-regexp 'http\.https\:\/\/github\.com\/\.extraheader' && git config --local --unset-all 'http.https://github.com/.extraheader' || :"
2025-08-30T18:14:43.7838289Z Cleaning up orphan processes
