2026-01-06T22:12:03.5852992Z Current runner version: '2.330.0'
2026-01-06T22:12:03.5875843Z ##[group]Runner Image Provisioner
2026-01-06T22:12:03.5876578Z Hosted Compute Agent
2026-01-06T22:12:03.5877113Z Version: 20251211.462
2026-01-06T22:12:03.5877647Z Commit: 6cbad8c2bb55d58165063d031ccabf57e2d2db61
2026-01-06T22:12:03.5878277Z Build Date: 2025-12-11T16:28:49Z
2026-01-06T22:12:03.5878817Z Worker ID: {a02fc859-2392-4b4e-b0db-da4d79298fa9}
2026-01-06T22:12:03.5879480Z ##[endgroup]
2026-01-06T22:12:03.5879955Z ##[group]Operating System
2026-01-06T22:12:03.5880421Z Ubuntu
2026-01-06T22:12:03.5880880Z 24.04.3
2026-01-06T22:12:03.5881256Z LTS
2026-01-06T22:12:03.5881652Z ##[endgroup]
2026-01-06T22:12:03.5882347Z ##[group]Runner Image
2026-01-06T22:12:03.5882841Z Image: ubuntu-24.04
2026-01-06T22:12:03.5883273Z Version: 20251215.174.1
2026-01-06T22:12:03.5884222Z Included Software: https://github.com/actions/runner-images/blob/ubuntu24/20251215.174/images/ubuntu/Ubuntu2404-Readme.md
2026-01-06T22:12:03.5885580Z Image Release: https://github.com/actions/runner-images/releases/tag/ubuntu24%2F20251215.174
2026-01-06T22:12:03.5886487Z ##[endgroup]
2026-01-06T22:12:03.5888771Z ##[group]GITHUB_TOKEN Permissions
2026-01-06T22:12:03.5890716Z Actions: write
2026-01-06T22:12:03.5891166Z ArtifactMetadata: write
2026-01-06T22:12:03.5891650Z Attestations: write
2026-01-06T22:12:03.5892288Z Checks: write
2026-01-06T22:12:03.5892737Z Contents: write
2026-01-06T22:12:03.5893189Z Deployments: write
2026-01-06T22:12:03.5893613Z Discussions: write
2026-01-06T22:12:03.5894072Z Issues: write
2026-01-06T22:12:03.5894471Z Metadata: read
2026-01-06T22:12:03.5894929Z Models: read
2026-01-06T22:12:03.5895339Z Packages: write
2026-01-06T22:12:03.5895792Z Pages: write
2026-01-06T22:12:03.5896179Z PullRequests: write
2026-01-06T22:12:03.5896776Z RepositoryProjects: write
2026-01-06T22:12:03.5897287Z SecurityEvents: write
2026-01-06T22:12:03.5897745Z Statuses: write
2026-01-06T22:12:03.5898235Z ##[endgroup]
2026-01-06T22:12:03.5900182Z Secret source: Actions
2026-01-06T22:12:03.5900783Z Prepare workflow directory
2026-01-06T22:12:03.6208478Z Prepare all required actions
2026-01-06T22:12:03.6248569Z Getting action download info
2026-01-06T22:12:04.0603860Z Download action repository 'actions/checkout@v4' (SHA:34e114876b0b11c390a56381ad16ebd13914f8d5)
2026-01-06T22:12:04.1250062Z Download action repository 'Boss-1s/generate-uuid@v1.4' (SHA:144b2c798ad89eaf56b3e3c2e67c8e7b7d3b02d9)
2026-01-06T22:12:04.6243743Z Download action repository 'peter-evans/create-pull-request@v6' (SHA:c5a7806660adbe173f04e3e038b0ccdcd758773c)
2026-01-06T22:12:05.3000061Z Getting action download info
2026-01-06T22:12:05.5057798Z Download action repository 'actions/checkout@v6.0.1' (SHA:8e8c483db84b4bee98b60c0593521ed34d9990e8)
2026-01-06T22:12:05.5329796Z Download action repository 'actions/setup-python@v6' (SHA:83679a892e2d95755f2dac6acb0bfd1e9ac5d548)
2026-01-06T22:12:05.6889918Z Complete job name: ruff-check
2026-01-06T22:12:05.7697712Z ##[group]Run actions/checkout@v4
2026-01-06T22:12:05.7698859Z with:
2026-01-06T22:12:05.7699601Z   repository: Boss-1s/scratchattach
2026-01-06T22:12:05.7700736Z   token: ***
2026-01-06T22:12:05.7701400Z   ssh-strict: true
2026-01-06T22:12:05.7702209Z   ssh-user: git
2026-01-06T22:12:05.7702914Z   persist-credentials: true
2026-01-06T22:12:05.7703680Z   clean: true
2026-01-06T22:12:05.7704399Z   sparse-checkout-cone-mode: true
2026-01-06T22:12:05.7705235Z   fetch-depth: 1
2026-01-06T22:12:05.7705902Z   fetch-tags: false
2026-01-06T22:12:05.7706595Z   show-progress: true
2026-01-06T22:12:05.7707286Z   lfs: false
2026-01-06T22:12:05.7707938Z   submodules: false
2026-01-06T22:12:05.7708636Z   set-safe-directory: true
2026-01-06T22:12:05.7709613Z ##[endgroup]
2026-01-06T22:12:05.8706694Z Syncing repository: Boss-1s/scratchattach
2026-01-06T22:12:05.8708992Z ##[group]Getting Git version info
2026-01-06T22:12:05.8710263Z Working directory is '/home/runner/work/scratchattach/scratchattach'
2026-01-06T22:12:05.8712074Z [command]/usr/bin/git version
2026-01-06T22:12:05.8749173Z git version 2.52.0
2026-01-06T22:12:05.8772243Z ##[endgroup]
2026-01-06T22:12:05.8792836Z Temporarily overriding HOME='/home/runner/work/_temp/9746e29e-452a-4617-9f8a-c9a2e2796392' before making global git config changes
2026-01-06T22:12:05.8795111Z Adding repository directory to the temporary git global config as a safe directory
2026-01-06T22:12:05.8797668Z [command]/usr/bin/git config --global --add safe.directory /home/runner/work/scratchattach/scratchattach
2026-01-06T22:12:05.8832440Z Deleting the contents of '/home/runner/work/scratchattach/scratchattach'
2026-01-06T22:12:05.8835469Z ##[group]Initializing the repository
2026-01-06T22:12:05.8839189Z [command]/usr/bin/git init /home/runner/work/scratchattach/scratchattach
2026-01-06T22:12:05.8921556Z hint: Using 'master' as the name for the initial branch. This default branch name
2026-01-06T22:12:05.8924981Z hint: will change to "main" in Git 3.0. To configure the initial branch name
2026-01-06T22:12:05.8926519Z hint: to use in all of your new repositories, which will suppress this warning,
2026-01-06T22:12:05.8927738Z hint: call:
2026-01-06T22:12:05.8928543Z hint:
2026-01-06T22:12:05.8929532Z hint: 	git config --global init.defaultBranch <name>
2026-01-06T22:12:05.8930496Z hint:
2026-01-06T22:12:05.8931407Z hint: Names commonly chosen instead of 'master' are 'main', 'trunk' and
2026-01-06T22:12:05.8933066Z hint: 'development'. The just-created branch can be renamed via this command:
2026-01-06T22:12:05.8934636Z hint:
2026-01-06T22:12:05.8935271Z hint: 	git branch -m <name>
2026-01-06T22:12:05.8936014Z hint:
2026-01-06T22:12:05.8937000Z hint: Disable this message with "git config set advice.defaultBranchName false"
2026-01-06T22:12:05.8938680Z Initialized empty Git repository in /home/runner/work/scratchattach/scratchattach/.git/
2026-01-06T22:12:05.8941407Z [command]/usr/bin/git remote add origin https://github.com/Boss-1s/scratchattach
2026-01-06T22:12:05.8961690Z ##[endgroup]
2026-01-06T22:12:05.8963062Z ##[group]Disabling automatic garbage collection
2026-01-06T22:12:05.8965308Z [command]/usr/bin/git config --local gc.auto 0
2026-01-06T22:12:05.8988144Z ##[endgroup]
2026-01-06T22:12:05.8989282Z ##[group]Setting up auth
2026-01-06T22:12:05.8994084Z [command]/usr/bin/git config --local --name-only --get-regexp core\.sshCommand
2026-01-06T22:12:05.9021522Z [command]/usr/bin/git submodule foreach --recursive sh -c "git config --local --name-only --get-regexp 'core\.sshCommand' && git config --local --unset-all 'core.sshCommand' || :"
2026-01-06T22:12:05.9273641Z [command]/usr/bin/git config --local --name-only --get-regexp http\.https\:\/\/github\.com\/\.extraheader
2026-01-06T22:12:05.9298991Z [command]/usr/bin/git submodule foreach --recursive sh -c "git config --local --name-only --get-regexp 'http\.https\:\/\/github\.com\/\.extraheader' && git config --local --unset-all 'http.https://github.com/.extraheader' || :"
2026-01-06T22:12:05.9466073Z [command]/usr/bin/git config --local --name-only --get-regexp ^includeIf\.gitdir:
2026-01-06T22:12:05.9495867Z [command]/usr/bin/git submodule foreach --recursive git config --local --show-origin --name-only --get-regexp remote.origin.url
2026-01-06T22:12:05.9664113Z [command]/usr/bin/git config --local http.https://github.com/.extraheader AUTHORIZATION: basic ***
2026-01-06T22:12:05.9692257Z ##[endgroup]
2026-01-06T22:12:05.9693471Z ##[group]Fetching the repository
2026-01-06T22:12:05.9700551Z [command]/usr/bin/git -c protocol.version=2 fetch --no-tags --prune --no-recurse-submodules --depth=1 origin +854341ee9930fbac6f9a297e3f56dfda3331b596:refs/remotes/origin/scratch_chat_dev
2026-01-06T22:12:14.8834165Z From https://github.com/Boss-1s/scratchattach
2026-01-06T22:12:14.8834822Z  * [new ref]         854341ee9930fbac6f9a297e3f56dfda3331b596 -> origin/scratch_chat_dev
2026-01-06T22:12:14.8862680Z ##[endgroup]
2026-01-06T22:12:14.8863371Z ##[group]Determining the checkout info
2026-01-06T22:12:14.8864405Z ##[endgroup]
2026-01-06T22:12:14.8870358Z [command]/usr/bin/git sparse-checkout disable
2026-01-06T22:12:14.8908046Z [command]/usr/bin/git config --local --unset-all extensions.worktreeConfig
2026-01-06T22:12:14.8937218Z ##[group]Checking out the ref
2026-01-06T22:12:14.8937847Z [command]/usr/bin/git checkout --progress --force -B scratch_chat_dev refs/remotes/origin/scratch_chat_dev
2026-01-06T22:12:15.9328123Z Updating files:  90% (2620/2880)
2026-01-06T22:12:16.2553941Z Updating files:  91% (2621/2880)
2026-01-06T22:12:16.5698979Z Updating files:  92% (2650/2880)
2026-01-06T22:12:16.5729133Z Updating files:  93% (2679/2880)
2026-01-06T22:12:16.5760660Z Updating files:  94% (2708/2880)
2026-01-06T22:12:16.7963269Z Updating files:  95% (2736/2880)
2026-01-06T22:12:16.7989786Z Updating files:  96% (2765/2880)
2026-01-06T22:12:16.9047184Z Updating files:  97% (2794/2880)
2026-01-06T22:12:17.0401630Z Updating files:  97% (2815/2880)
2026-01-06T22:12:17.6244607Z Updating files:  98% (2823/2880)
2026-01-06T22:12:17.6261721Z Updating files:  99% (2852/2880)
2026-01-06T22:12:17.6262295Z Updating files: 100% (2880/2880)
2026-01-06T22:12:17.6262707Z Updating files: 100% (2880/2880), done.
2026-01-06T22:12:17.6305802Z Switched to a new branch 'scratch_chat_dev'
2026-01-06T22:12:17.6307961Z branch 'scratch_chat_dev' set up to track 'origin/scratch_chat_dev'.
2026-01-06T22:12:17.6394066Z ##[endgroup]
2026-01-06T22:12:17.6429780Z [command]/usr/bin/git log -1 --format=%H
2026-01-06T22:12:17.6449135Z 854341ee9930fbac6f9a297e3f56dfda3331b596
2026-01-06T22:12:17.6602460Z ##[group]Run pip install ruff
2026-01-06T22:12:17.6602802Z [36;1mpip install ruff[0m
2026-01-06T22:12:17.6625368Z shell: /usr/bin/bash -e {0}
2026-01-06T22:12:17.6625668Z ##[endgroup]
2026-01-06T22:12:18.5747065Z Defaulting to user installation because normal site-packages is not writeable
2026-01-06T22:12:19.6898358Z Collecting ruff
2026-01-06T22:12:19.7716472Z   Downloading ruff-0.14.10-py3-none-manylinux_2_17_x86_64.manylinux2014_x86_64.whl.metadata (26 kB)
2026-01-06T22:12:19.8001013Z Downloading ruff-0.14.10-py3-none-manylinux_2_17_x86_64.manylinux2014_x86_64.whl (14.2 MB)
2026-01-06T22:12:19.9626283Z    ━━━━━━━━━━━━━━━━━━━━━━━━━━━━━━━━━━━━━━━━ 14.2/14.2 MB 183.6 MB/s eta 0:00:00
2026-01-06T22:12:20.2098933Z Installing collected packages: ruff
2026-01-06T22:12:20.3793015Z Successfully installed ruff-0.14.10
2026-01-06T22:12:20.4753478Z ##[group]Run ruff check --fix --per-file-ignores "test/*:S101,D" --per-file-ignores "scratch_chat.py:F811" --per-file-ignores ".archive/*:ALL" --per-file-ignores "scratch_chat.py:F811"
2026-01-06T22:12:20.4754574Z [36;1mruff check --fix --per-file-ignores "test/*:S101,D" --per-file-ignores "scratch_chat.py:F811" --per-file-ignores ".archive/*:ALL" --per-file-ignores "scratch_chat.py:F811"[0m
2026-01-06T22:12:20.4755200Z [36;1mruff format .[0m
2026-01-06T22:12:20.4773970Z shell: /usr/bin/bash -e {0}
2026-01-06T22:12:20.4774213Z ##[endgroup]
2026-01-06T22:12:20.4839595Z error: invalid value 'D' for '--per-file-ignores <PER_FILE_IGNORES>': Expected <FilePattern>:<RuleCode> pattern
2026-01-06T22:12:20.4839986Z 
2026-01-06T22:12:20.4840095Z For more information, try '--help'.
2026-01-06T22:12:20.4854038Z ##[error]Process completed with exit code 2.
2026-01-06T22:12:20.4956881Z Post job cleanup.
2026-01-06T22:12:20.5801839Z [command]/usr/bin/git version
2026-01-06T22:12:20.5833215Z git version 2.52.0
2026-01-06T22:12:20.5869811Z Temporarily overriding HOME='/home/runner/work/_temp/0ebc1118-1125-4133-a1ce-39365313190d' before making global git config changes
2026-01-06T22:12:20.5870568Z Adding repository directory to the temporary git global config as a safe directory
2026-01-06T22:12:20.5882395Z [command]/usr/bin/git config --global --add safe.directory /home/runner/work/scratchattach/scratchattach
2026-01-06T22:12:20.5910332Z [command]/usr/bin/git config --local --name-only --get-regexp core\.sshCommand
2026-01-06T22:12:20.5936930Z [command]/usr/bin/git submodule foreach --recursive sh -c "git config --local --name-only --get-regexp 'core\.sshCommand' && git config --local --unset-all 'core.sshCommand' || :"
2026-01-06T22:12:20.6182847Z [command]/usr/bin/git config --local --name-only --get-regexp http\.https\:\/\/github\.com\/\.extraheader
2026-01-06T22:12:20.6204539Z http.https://github.com/.extraheader
2026-01-06T22:12:20.6217993Z [command]/usr/bin/git config --local --unset-all http.https://github.com/.extraheader
2026-01-06T22:12:20.6314536Z [command]/usr/bin/git submodule foreach --recursive sh -c "git config --local --name-only --get-regexp 'http\.https\:\/\/github\.com\/\.extraheader' && git config --local --unset-all 'http.https://github.com/.extraheader' || :"
2026-01-06T22:12:20.6514944Z [command]/usr/bin/git config --local --name-only --get-regexp ^includeIf\.gitdir:
2026-01-06T22:12:20.6539017Z [command]/usr/bin/git submodule foreach --recursive git config --local --show-origin --name-only --get-regexp remote.origin.url
2026-01-06T22:12:20.6800536Z Cleaning up orphan processes
