2025-09-05T01:39:41.7009037Z Current runner version: '2.328.0'
2025-09-05T01:39:41.7033055Z ##[group]Runner Image Provisioner
2025-09-05T01:39:41.7033957Z Hosted Compute Agent
2025-09-05T01:39:41.7034510Z Version: 20250829.383
2025-09-05T01:39:41.7035296Z Commit: 27cb235aab5b0e52e153a26cd86b4742e89dac5d
2025-09-05T01:39:41.7035942Z Build Date: 2025-08-29T13:48:48Z
2025-09-05T01:39:41.7036623Z ##[endgroup]
2025-09-05T01:39:41.7037186Z ##[group]Operating System
2025-09-05T01:39:41.7037702Z Ubuntu
2025-09-05T01:39:41.7038239Z 24.04.3
2025-09-05T01:39:41.7038700Z LTS
2025-09-05T01:39:41.7039097Z ##[endgroup]
2025-09-05T01:39:41.7039655Z ##[group]Runner Image
2025-09-05T01:39:41.7040201Z Image: ubuntu-24.04
2025-09-05T01:39:41.7040694Z Version: 20250831.1.0
2025-09-05T01:39:41.7041763Z Included Software: https://github.com/actions/runner-images/blob/ubuntu24/20250831.1/images/ubuntu/Ubuntu2404-Readme.md
2025-09-05T01:39:41.7043283Z Image Release: https://github.com/actions/runner-images/releases/tag/ubuntu24%2F20250831.1
2025-09-05T01:39:41.7044295Z ##[endgroup]
2025-09-05T01:39:41.7045501Z ##[group]GITHUB_TOKEN Permissions
2025-09-05T01:39:41.7047342Z Contents: write
2025-09-05T01:39:41.7047904Z Metadata: read
2025-09-05T01:39:41.7048383Z ##[endgroup]
2025-09-05T01:39:41.7050762Z Secret source: Actions
2025-09-05T01:39:41.7051762Z Prepare workflow directory
2025-09-05T01:39:41.7369303Z Prepare all required actions
2025-09-05T01:39:41.7406635Z Getting action download info
2025-09-05T01:39:42.2181726Z Download action repository 'actions/checkout@v5.0.0' (SHA:08c6903cd8c0fde910a37f88322edcfb5dd907a8)
2025-09-05T01:39:42.2920623Z Download action repository 'pawanbahuguna/action-logs@v2.0.0' (SHA:2fb2206c1749d6d09b8799a05519c08ee503660d)
2025-09-05T01:39:42.8212199Z Complete job name: Download GH action logs
2025-09-05T01:39:42.8741231Z ##[group]Build container for action use: '/home/runner/work/_actions/pawanbahuguna/action-logs/v2.0.0/Dockerfile'.
2025-09-05T01:39:42.8792376Z ##[command]/usr/bin/docker build -t 304f38:8e3ef2dbaac7421f98ca81f3ffd8859c -f "/home/runner/work/_actions/pawanbahuguna/action-logs/v2.0.0/Dockerfile" "/home/runner/work/_actions/pawanbahuguna/action-logs/v2.0.0"
2025-09-05T01:39:45.1480747Z #0 building with "default" instance using docker driver
2025-09-05T01:39:45.1481347Z 
2025-09-05T01:39:45.1481648Z #1 [internal] load build definition from Dockerfile
2025-09-05T01:39:45.1482259Z #1 transferring dockerfile: 347B done
2025-09-05T01:39:45.1482775Z #1 DONE 0.0s
2025-09-05T01:39:45.1483005Z 
2025-09-05T01:39:45.1483315Z #2 [internal] load metadata for docker.io/library/alpine:latest
2025-09-05T01:39:45.3758520Z #2 ...
2025-09-05T01:39:45.3758898Z 
2025-09-05T01:39:45.3759214Z #3 [auth] library/alpine:pull token for registry-1.docker.io
2025-09-05T01:39:45.3759838Z #3 DONE 0.0s
2025-09-05T01:39:45.5250448Z 
2025-09-05T01:39:45.5251197Z #2 [internal] load metadata for docker.io/library/alpine:latest
2025-09-05T01:39:46.0229037Z #2 DONE 1.0s
2025-09-05T01:39:46.1478756Z 
2025-09-05T01:39:46.1479169Z #4 [internal] load .dockerignore
2025-09-05T01:39:46.1479893Z #4 transferring context: 2B done
2025-09-05T01:39:46.1480223Z #4 DONE 0.0s
2025-09-05T01:39:46.1480436Z 
2025-09-05T01:39:46.1480610Z #5 [internal] load build context
2025-09-05T01:39:46.1480959Z #5 transferring context: 2.53kB done
2025-09-05T01:39:46.1481285Z #5 DONE 0.0s
2025-09-05T01:39:46.1481433Z 
2025-09-05T01:39:46.1481883Z #6 [1/4] FROM docker.io/library/alpine:latest@sha256:4bcff63911fcb4448bd4fdacec207030997caf25e9bea4045fa6c8c44de311d1
2025-09-05T01:39:46.1482866Z #6 resolve docker.io/library/alpine:latest@sha256:4bcff63911fcb4448bd4fdacec207030997caf25e9bea4045fa6c8c44de311d1 done
2025-09-05T01:39:46.1483755Z #6 sha256:9824c27679d3b27c5e1cb00a73adb6f4f8d556994111c12db3c5d61a0c843df8 0B / 3.80MB 0.1s
2025-09-05T01:39:46.1484809Z #6 sha256:4bcff63911fcb4448bd4fdacec207030997caf25e9bea4045fa6c8c44de311d1 9.22kB / 9.22kB done
2025-09-05T01:39:46.1485615Z #6 sha256:eafc1edb577d2e9b458664a15f23ea1c370214193226069eb22921169fc7e43f 1.02kB / 1.02kB done
2025-09-05T01:39:46.1486990Z #6 sha256:9234e8fb04c47cfe0f49931e4ac7eb76fa904e33b7f8576aec0501c085f02516 581B / 581B done
2025-09-05T01:39:46.2729013Z #6 sha256:9824c27679d3b27c5e1cb00a73adb6f4f8d556994111c12db3c5d61a0c843df8 3.80MB / 3.80MB 0.1s done
2025-09-05T01:39:46.2732821Z #6 extracting sha256:9824c27679d3b27c5e1cb00a73adb6f4f8d556994111c12db3c5d61a0c843df8 0.1s done
2025-09-05T01:39:46.4306879Z #6 DONE 0.3s
2025-09-05T01:39:46.4307221Z 
2025-09-05T01:39:46.4307409Z #7 [2/4] RUN apk update && apk add --no-cache curl jq
2025-09-05T01:39:46.4308187Z #7 0.133 fetch https://dl-cdn.alpinelinux.org/alpine/v3.22/main/x86_64/APKINDEX.tar.gz
2025-09-05T01:39:46.6250104Z #7 0.328 fetch https://dl-cdn.alpinelinux.org/alpine/v3.22/community/x86_64/APKINDEX.tar.gz
2025-09-05T01:39:46.9380611Z #7 0.641 v3.22.1-346-g2c6bef23b74 [https://dl-cdn.alpinelinux.org/alpine/v3.22/main]
2025-09-05T01:39:46.9381544Z #7 0.641 v3.22.1-353-gbb78115f18a [https://dl-cdn.alpinelinux.org/alpine/v3.22/community]
2025-09-05T01:39:46.9382145Z #7 0.641 OK: 26322 distinct packages available
2025-09-05T01:39:47.0803020Z #7 0.711 fetch https://dl-cdn.alpinelinux.org/alpine/v3.22/main/x86_64/APKINDEX.tar.gz
2025-09-05T01:39:47.0804218Z #7 0.783 fetch https://dl-cdn.alpinelinux.org/alpine/v3.22/community/x86_64/APKINDEX.tar.gz
2025-09-05T01:39:47.3729339Z #7 1.076 (1/11) Installing brotli-libs (1.1.0-r2)
2025-09-05T01:39:47.5487891Z #7 1.087 (2/11) Installing c-ares (1.34.5-r0)
2025-09-05T01:39:47.5488711Z #7 1.092 (3/11) Installing libunistring (1.3-r0)
2025-09-05T01:39:47.5489437Z #7 1.103 (4/11) Installing libidn2 (2.3.7-r0)
2025-09-05T01:39:47.5489975Z #7 1.107 (5/11) Installing nghttp2-libs (1.65.0-r0)
2025-09-05T01:39:47.5490459Z #7 1.110 (6/11) Installing libpsl (0.21.5-r3)
2025-09-05T01:39:47.5491543Z #7 1.113 (7/11) Installing zstd-libs (1.5.7-r0)
2025-09-05T01:39:47.5492131Z #7 1.121 (8/11) Installing libcurl (8.14.1-r1)
2025-09-05T01:39:47.5492634Z #7 1.128 (9/11) Installing curl (8.14.1-r1)
2025-09-05T01:39:47.5493164Z #7 1.133 (10/11) Installing oniguruma (6.9.10-r0)
2025-09-05T01:39:47.5493657Z #7 1.138 (11/11) Installing jq (1.8.0-r0)
2025-09-05T01:39:47.5494153Z #7 1.157 Executing busybox-1.37.0-r18.trigger
2025-09-05T01:39:47.5494825Z #7 1.163 OK: 13 MiB in 27 packages
2025-09-05T01:39:47.5495240Z #7 DONE 1.3s
2025-09-05T01:39:47.6875378Z 
2025-09-05T01:39:47.6877817Z #8 [3/4] COPY entrypoint.sh /entrypoint.sh
2025-09-05T01:39:47.6878921Z #8 DONE 0.0s
2025-09-05T01:39:47.6879161Z 
2025-09-05T01:39:47.6879297Z #9 [4/4] RUN chmod +x /entrypoint.sh
2025-09-05T01:39:47.6879672Z #9 DONE 0.1s
2025-09-05T01:39:47.8399492Z 
2025-09-05T01:39:47.8399796Z #10 exporting to image
2025-09-05T01:39:48.0111785Z #10 exporting layers
2025-09-05T01:39:48.0112258Z #10 exporting layers 0.3s done
2025-09-05T01:39:48.0293438Z #10 writing image sha256:b448b85f12373441bd3cdbddccb83d708abf8cb33fa4e4b52c9bd7e421331243 done
2025-09-05T01:39:48.0294717Z #10 naming to docker.io/library/304f38:8e3ef2dbaac7421f98ca81f3ffd8859c done
2025-09-05T01:39:48.0295313Z #10 DONE 0.3s
2025-09-05T01:39:48.0389773Z ##[endgroup]
2025-09-05T01:39:48.0640407Z ##[group]Run actions/checkout@v5.0.0
2025-09-05T01:39:48.0640958Z with:
2025-09-05T01:39:48.0641163Z   repository: Boss-1s/scratchattach
2025-09-05T01:39:48.0641580Z   token: ***
2025-09-05T01:39:48.0641755Z   ssh-strict: true
2025-09-05T01:39:48.0641931Z   ssh-user: git
2025-09-05T01:39:48.0642112Z   persist-credentials: true
2025-09-05T01:39:48.0642321Z   clean: true
2025-09-05T01:39:48.0642503Z   sparse-checkout-cone-mode: true
2025-09-05T01:39:48.0642725Z   fetch-depth: 1
2025-09-05T01:39:48.0642896Z   fetch-tags: false
2025-09-05T01:39:48.0643066Z   show-progress: true
2025-09-05T01:39:48.0643244Z   lfs: false
2025-09-05T01:39:48.0643406Z   submodules: false
2025-09-05T01:39:48.0643580Z   set-safe-directory: true
2025-09-05T01:39:48.0643967Z ##[endgroup]
2025-09-05T01:39:48.1579077Z Syncing repository: Boss-1s/scratchattach
2025-09-05T01:39:48.1580330Z ##[group]Getting Git version info
2025-09-05T01:39:48.1580799Z Working directory is '/home/runner/work/scratchattach/scratchattach'
2025-09-05T01:39:48.1581625Z [command]/usr/bin/git version
2025-09-05T01:39:48.1582605Z git version 2.51.0
2025-09-05T01:39:48.1603202Z ##[endgroup]
2025-09-05T01:39:48.1616866Z Temporarily overriding HOME='/home/runner/work/_temp/7b87637b-3f95-4f0a-ba6c-1d5228c39139' before making global git config changes
2025-09-05T01:39:48.1617749Z Adding repository directory to the temporary git global config as a safe directory
2025-09-05T01:39:48.1621880Z [command]/usr/bin/git config --global --add safe.directory /home/runner/work/scratchattach/scratchattach
2025-09-05T01:39:48.1656543Z Deleting the contents of '/home/runner/work/scratchattach/scratchattach'
2025-09-05T01:39:48.1661089Z ##[group]Initializing the repository
2025-09-05T01:39:48.1665165Z [command]/usr/bin/git init /home/runner/work/scratchattach/scratchattach
2025-09-05T01:39:48.1732047Z hint: Using 'master' as the name for the initial branch. This default branch name
2025-09-05T01:39:48.1732906Z hint: is subject to change. To configure the initial branch name to use in all
2025-09-05T01:39:48.1733712Z hint: of your new repositories, which will suppress this warning, call:
2025-09-05T01:39:48.1734296Z hint:
2025-09-05T01:39:48.1734947Z hint: 	git config --global init.defaultBranch <name>
2025-09-05T01:39:48.1735437Z hint:
2025-09-05T01:39:48.1735894Z hint: Names commonly chosen instead of 'master' are 'main', 'trunk' and
2025-09-05T01:39:48.1736653Z hint: 'development'. The just-created branch can be renamed via this command:
2025-09-05T01:39:48.1737243Z hint:
2025-09-05T01:39:48.1737536Z hint: 	git branch -m <name>
2025-09-05T01:39:48.1737871Z hint:
2025-09-05T01:39:48.1738360Z hint: Disable this message with "git config set advice.defaultBranchName false"
2025-09-05T01:39:48.1739132Z Initialized empty Git repository in /home/runner/work/scratchattach/scratchattach/.git/
2025-09-05T01:39:48.1747565Z [command]/usr/bin/git remote add origin https://github.com/Boss-1s/scratchattach
2025-09-05T01:39:48.1780129Z ##[endgroup]
2025-09-05T01:39:48.1780627Z ##[group]Disabling automatic garbage collection
2025-09-05T01:39:48.1785182Z [command]/usr/bin/git config --local gc.auto 0
2025-09-05T01:39:48.1812774Z ##[endgroup]
2025-09-05T01:39:48.1813288Z ##[group]Setting up auth
2025-09-05T01:39:48.1819528Z [command]/usr/bin/git config --local --name-only --get-regexp core\.sshCommand
2025-09-05T01:39:48.1850233Z [command]/usr/bin/git submodule foreach --recursive sh -c "git config --local --name-only --get-regexp 'core\.sshCommand' && git config --local --unset-all 'core.sshCommand' || :"
2025-09-05T01:39:48.2133523Z [command]/usr/bin/git config --local --name-only --get-regexp http\.https\:\/\/github\.com\/\.extraheader
2025-09-05T01:39:48.2162128Z [command]/usr/bin/git submodule foreach --recursive sh -c "git config --local --name-only --get-regexp 'http\.https\:\/\/github\.com\/\.extraheader' && git config --local --unset-all 'http.https://github.com/.extraheader' || :"
2025-09-05T01:39:48.2382577Z [command]/usr/bin/git config --local http.https://github.com/.extraheader AUTHORIZATION: basic ***
2025-09-05T01:39:48.2416898Z ##[endgroup]
2025-09-05T01:39:48.2417440Z ##[group]Fetching the repository
2025-09-05T01:39:48.2425821Z [command]/usr/bin/git -c protocol.version=2 fetch --no-tags --prune --no-recurse-submodules --depth=1 origin +a27bdf9235b2792aee5239bdfe2eb176cc65282c:refs/remotes/origin/main
2025-09-05T01:39:48.7541930Z From https://github.com/Boss-1s/scratchattach
2025-09-05T01:39:48.7542456Z  * [new ref]         a27bdf9235b2792aee5239bdfe2eb176cc65282c -> origin/main
2025-09-05T01:39:48.7574233Z ##[endgroup]
2025-09-05T01:39:48.7575022Z ##[group]Determining the checkout info
2025-09-05T01:39:48.7577300Z ##[endgroup]
2025-09-05T01:39:48.7582357Z [command]/usr/bin/git sparse-checkout disable
2025-09-05T01:39:48.7660174Z [command]/usr/bin/git config --local --unset-all extensions.worktreeConfig
2025-09-05T01:39:48.7686817Z ##[group]Checking out the ref
2025-09-05T01:39:48.7691177Z [command]/usr/bin/git checkout --progress --force -B main refs/remotes/origin/main
2025-09-05T01:39:48.8169253Z Switched to a new branch 'main'
2025-09-05T01:39:48.8171386Z branch 'main' set up to track 'origin/main'.
2025-09-05T01:39:48.8182417Z ##[endgroup]
2025-09-05T01:39:48.8224442Z [command]/usr/bin/git log -1 --format=%H
2025-09-05T01:39:48.8248035Z a27bdf9235b2792aee5239bdfe2eb176cc65282c
2025-09-05T01:39:48.8433654Z ##[group]Run pawanbahuguna/action-logs@v2.0.0
2025-09-05T01:39:48.8433952Z env:
2025-09-05T01:39:48.8434480Z   GH_TOKEN: ***
2025-09-05T01:39:48.8435020Z   GH_REPO: Boss-1s/scratchattach
2025-09-05T01:39:48.8435254Z   LOGS_DIR: .logs
2025-09-05T01:39:48.8435422Z ##[endgroup]
2025-09-05T01:39:48.8520748Z ##[command]/usr/bin/docker run --name f388e3ef2dbaac7421f98ca81f3ffd8859c_5bec20 --label 304f38 --workdir /github/workspace --rm -e "GH_TOKEN" -e "GH_REPO" -e "LOGS_DIR" -e "HOME" -e "GITHUB_JOB" -e "GITHUB_REF" -e "GITHUB_SHA" -e "GITHUB_REPOSITORY" -e "GITHUB_REPOSITORY_OWNER" -e "GITHUB_REPOSITORY_OWNER_ID" -e "GITHUB_RUN_ID" -e "GITHUB_RUN_NUMBER" -e "GITHUB_RETENTION_DAYS" -e "GITHUB_RUN_ATTEMPT" -e "GITHUB_ACTOR_ID" -e "GITHUB_ACTOR" -e "GITHUB_WORKFLOW" -e "GITHUB_HEAD_REF" -e "GITHUB_BASE_REF" -e "GITHUB_EVENT_NAME" -e "GITHUB_SERVER_URL" -e "GITHUB_API_URL" -e "GITHUB_GRAPHQL_URL" -e "GITHUB_REF_NAME" -e "GITHUB_REF_PROTECTED" -e "GITHUB_REF_TYPE" -e "GITHUB_WORKFLOW_REF" -e "GITHUB_WORKFLOW_SHA" -e "GITHUB_REPOSITORY_ID" -e "GITHUB_TRIGGERING_ACTOR" -e "GITHUB_WORKSPACE" -e "GITHUB_ACTION" -e "GITHUB_EVENT_PATH" -e "GITHUB_ACTION_REPOSITORY" -e "GITHUB_ACTION_REF" -e "GITHUB_PATH" -e "GITHUB_ENV" -e "GITHUB_STEP_SUMMARY" -e "GITHUB_STATE" -e "GITHUB_OUTPUT" -e "RUNNER_OS" -e "RUNNER_ARCH" -e "RUNNER_NAME" -e "RUNNER_ENVIRONMENT" -e "RUNNER_TOOL_CACHE" -e "RUNNER_TEMP" -e "RUNNER_WORKSPACE" -e "ACTIONS_RUNTIME_URL" -e "ACTIONS_RUNTIME_TOKEN" -e "ACTIONS_CACHE_URL" -e "ACTIONS_RESULTS_URL" -e GITHUB_ACTIONS=true -e CI=true -v "/var/run/docker.sock":"/var/run/docker.sock" -v "/home/runner/work/_temp/_github_home":"/github/home" -v "/home/runner/work/_temp/_github_workflow":"/github/workflow" -v "/home/runner/work/_temp/_runner_file_commands":"/github/file_commands" -v "/home/runner/work/scratchattach/scratchattach":"/github/workspace" 304f38:8e3ef2dbaac7421f98ca81f3ffd8859c
2025-09-05T01:39:49.0426382Z Will only process 24hrs logs before or equal to 2025-09-04T01:39:49Z
2025-09-05T01:39:49.0427128Z Searching Workflow Runs
2025-09-05T01:39:51.7618727Z Fetching Job IDs
2025-09-05T01:40:02.9012166Z mkdir: can't create directory '.logs': File exists
2025-09-05T01:40:02.9018656Z Writing logs for job 49651774097
2025-09-05T01:40:03.1440202Z Writing logs for job 49650869222
2025-09-05T01:40:03.3671102Z Writing logs for job 49649940614
2025-09-05T01:40:03.9855133Z Writing logs for job 49638524851
2025-09-05T01:40:04.6123996Z Writing logs for job 49633987414
2025-09-05T01:40:05.3739440Z Writing logs for job 49633987429
2025-09-05T01:40:06.1011990Z Writing logs for job 49633987441
2025-09-05T01:40:06.6557935Z Writing logs for job 49633842926
2025-09-05T01:40:07.3342963Z Writing logs for job 49633842788
2025-09-05T01:40:08.0913097Z Writing logs for job 49633842809
2025-09-05T01:40:08.8799043Z Writing logs for job 49633821100
2025-09-05T01:40:09.5471432Z Writing logs for job 49633820315
2025-09-05T01:40:10.3083155Z Writing logs for job 49633820317
2025-09-05T01:40:11.1041170Z Writing logs for job 49633678327
2025-09-05T01:40:11.8105848Z Writing logs for job 49633678339
2025-09-05T01:40:12.5438884Z Writing logs for job 49633678733
2025-09-05T01:40:13.1290671Z Writing logs for job 49633648570
2025-09-05T01:40:13.8375525Z Writing logs for job 49633613549
2025-09-05T01:40:14.6613900Z Writing logs for job 49633613582
2025-09-05T01:40:15.4013301Z Writing logs for job 49633613579
2025-09-05T01:40:16.0287955Z Writing logs for job 49630000331
2025-09-05T01:40:16.6671814Z Writing logs for job 49628658525
2025-09-05T01:40:17.2466310Z Writing logs for job 49627938765
2025-09-05T01:40:17.8546462Z Writing logs for job 49626317399
2025-09-05T01:40:18.4385926Z Writing logs for job 49625739429
2025-09-05T01:40:19.0758034Z Writing logs for job 49620677187
2025-09-05T01:40:19.6767427Z Writing logs for job 49620616388
2025-09-05T01:40:20.3246124Z Writing logs for job 49620609517
2025-09-05T01:40:20.9130400Z Writing logs for job 49610271435
2025-09-05T01:40:21.5749497Z Writing logs for job 49597735282
2025-09-05T01:40:22.1348551Z Writing logs for job 49595054121
2025-09-05T01:40:22.7343487Z Writing logs for job 49594177814
2025-09-05T01:40:23.4499768Z Writing logs for job 49579407290
2025-09-05T01:40:24.0700263Z Writing logs for job 49570941484
2025-09-05T01:40:24.7230089Z Writing logs for job 49569371351
2025-09-05T01:40:25.3666969Z Writing logs for job 49568801952
2025-09-05T01:40:25.9756839Z Writing logs for job 49567509730
2025-09-05T01:40:26.6843900Z Writing logs for job 49567084427
2025-09-05T01:40:27.3144783Z Writing logs for job 49559427659
2025-09-05T01:40:27.9305794Z Logs Downloaded and saved!
2025-09-05T01:40:27.9306318Z Starting cleanup
2025-09-05T01:40:27.9312864Z cleanup Completed!!
2025-09-05T01:40:28.0043960Z ##[group]Run git config --global user.name 'Boss_1s [via Actions]'
2025-09-05T01:40:28.0044485Z [36;1mgit config --global user.name 'Boss_1s [via Actions]'[0m
2025-09-05T01:40:28.0045482Z [36;1mgit config --global user.email 'Boss-1s[auto]@users.noreply.github.com'[0m
2025-09-05T01:40:28.0045890Z [36;1m[0m
2025-09-05T01:40:28.0046062Z [36;1mgit pull origin main[0m
2025-09-05T01:40:28.0046268Z [36;1m[0m
2025-09-05T01:40:28.0046463Z [36;1mGIT_STATUS_OUTPUT=$(git status --porcelain)[0m
2025-09-05T01:40:28.0046716Z [36;1m[0m
2025-09-05T01:40:28.0046894Z [36;1mif [ -z "$GIT_STATUS_OUTPUT" ]; then[0m
2025-09-05T01:40:28.0047210Z [36;1m  echo "Git working tree is clean (no uncommitted changes)."[0m
2025-09-05T01:40:28.0047503Z [36;1m  exit 0[0m
2025-09-05T01:40:28.0047660Z [36;1melse[0m
2025-09-05T01:40:28.0047871Z [36;1m  echo "Git working tree has uncommitted changes:"[0m
2025-09-05T01:40:28.0048167Z [36;1m  echo "$GIT_STATUS_OUTPUT"[0m
2025-09-05T01:40:28.0048510Z [36;1m  echo "These changes will be pushed to the main branch."[0m
2025-09-05T01:40:28.0048791Z [36;1mfi[0m
2025-09-05T01:40:28.0048950Z [36;1m[0m
2025-09-05T01:40:28.0049100Z [36;1mgit add .[0m
2025-09-05T01:40:28.0049294Z [36;1mgit commit -m "[BOT] Download Logs"[0m
2025-09-05T01:40:28.0049540Z [36;1mgit push origin main[0m
2025-09-05T01:40:28.0098475Z shell: /usr/bin/bash -e {0}
2025-09-05T01:40:28.0098708Z ##[endgroup]
2025-09-05T01:40:28.3438175Z From https://github.com/Boss-1s/scratchattach
2025-09-05T01:40:28.3438659Z  * branch            main       -> FETCH_HEAD
2025-09-05T01:40:28.3509145Z Already up to date.
2025-09-05T01:40:28.3874796Z Git working tree has uncommitted changes:
2025-09-05T01:40:28.3875317Z ?? .logs/logs-49559427659-2025-09-05.txt
2025-09-05T01:40:28.3875718Z ?? .logs/logs-49567084427-2025-09-05.txt
2025-09-05T01:40:28.3876092Z ?? .logs/logs-49567509730-2025-09-05.txt
2025-09-05T01:40:28.3876369Z ?? .logs/logs-49568801952-2025-09-05.txt
2025-09-05T01:40:28.3876649Z ?? .logs/logs-49569371351-2025-09-05.txt
2025-09-05T01:40:28.3876880Z ?? .logs/logs-49570941484-2025-09-05.txt
2025-09-05T01:40:28.3877096Z ?? .logs/logs-49579407290-2025-09-05.txt
2025-09-05T01:40:28.3877303Z ?? .logs/logs-49594177814-2025-09-05.txt
2025-09-05T01:40:28.3877515Z ?? .logs/logs-49595054121-2025-09-05.txt
2025-09-05T01:40:28.3877728Z ?? .logs/logs-49597735282-2025-09-05.txt
2025-09-05T01:40:28.3877935Z ?? .logs/logs-49610271435-2025-09-05.txt
2025-09-05T01:40:28.3878146Z ?? .logs/logs-49620609517-2025-09-05.txt
2025-09-05T01:40:28.3878368Z ?? .logs/logs-49620616388-2025-09-05.txt
2025-09-05T01:40:28.3878581Z ?? .logs/logs-49620677187-2025-09-05.txt
2025-09-05T01:40:28.3878794Z ?? .logs/logs-49625739429-2025-09-05.txt
2025-09-05T01:40:28.3878999Z ?? .logs/logs-49626317399-2025-09-05.txt
2025-09-05T01:40:28.3879211Z ?? .logs/logs-49627938765-2025-09-05.txt
2025-09-05T01:40:28.3879422Z ?? .logs/logs-49628658525-2025-09-05.txt
2025-09-05T01:40:28.3879627Z ?? .logs/logs-49630000331-2025-09-05.txt
2025-09-05T01:40:28.3880049Z ?? .logs/logs-49633613549-2025-09-05.txt
2025-09-05T01:40:28.3880253Z ?? .logs/logs-49633613579-2025-09-05.txt
2025-09-05T01:40:28.3880465Z ?? .logs/logs-49633613582-2025-09-05.txt
2025-09-05T01:40:28.3880678Z ?? .logs/logs-49633648570-2025-09-05.txt
2025-09-05T01:40:28.3880882Z ?? .logs/logs-49633678327-2025-09-05.txt
2025-09-05T01:40:28.3881095Z ?? .logs/logs-49633678339-2025-09-05.txt
2025-09-05T01:40:28.3881309Z ?? .logs/logs-49633678733-2025-09-05.txt
2025-09-05T01:40:28.3881514Z ?? .logs/logs-49633820315-2025-09-05.txt
2025-09-05T01:40:28.3881728Z ?? .logs/logs-49633820317-2025-09-05.txt
2025-09-05T01:40:28.3881933Z ?? .logs/logs-49633821100-2025-09-05.txt
2025-09-05T01:40:28.3882150Z ?? .logs/logs-49633842788-2025-09-05.txt
2025-09-05T01:40:28.3882360Z ?? .logs/logs-49633842809-2025-09-05.txt
2025-09-05T01:40:28.3882566Z ?? .logs/logs-49633842926-2025-09-05.txt
2025-09-05T01:40:28.3882786Z ?? .logs/logs-49633987414-2025-09-05.txt
2025-09-05T01:40:28.3883155Z ?? .logs/logs-49633987429-2025-09-05.txt
2025-09-05T01:40:28.3883387Z ?? .logs/logs-49633987441-2025-09-05.txt
2025-09-05T01:40:28.3883599Z ?? .logs/logs-49638524851-2025-09-05.txt
2025-09-05T01:40:28.3883804Z ?? .logs/logs-49649940614-2025-09-05.txt
2025-09-05T01:40:28.3884013Z ?? .logs/logs-49650869222-2025-09-05.txt
2025-09-05T01:40:28.3884220Z ?? .logs/logs-49651774097-2025-09-05.txt
2025-09-05T01:40:28.3884462Z These changes will be pushed to the main branch.
2025-09-05T01:40:28.4418322Z [main 407ce2c] [BOT] Download Logs
2025-09-05T01:40:28.4418752Z  39 files changed, 24206 insertions(+)
2025-09-05T01:40:28.4419233Z  create mode 100644 .logs/logs-49559427659-2025-09-05.txt
2025-09-05T01:40:28.4419789Z  create mode 100644 .logs/logs-49567084427-2025-09-05.txt
2025-09-05T01:40:28.4420332Z  create mode 100644 .logs/logs-49567509730-2025-09-05.txt
2025-09-05T01:40:28.4420854Z  create mode 100644 .logs/logs-49568801952-2025-09-05.txt
2025-09-05T01:40:28.4421380Z  create mode 100644 .logs/logs-49569371351-2025-09-05.txt
2025-09-05T01:40:28.4421931Z  create mode 100644 .logs/logs-49570941484-2025-09-05.txt
2025-09-05T01:40:28.4422519Z  create mode 100644 .logs/logs-49579407290-2025-09-05.txt
2025-09-05T01:40:28.4423040Z  create mode 100644 .logs/logs-49594177814-2025-09-05.txt
2025-09-05T01:40:28.4423568Z  create mode 100644 .logs/logs-49595054121-2025-09-05.txt
2025-09-05T01:40:28.4424102Z  create mode 100644 .logs/logs-49597735282-2025-09-05.txt
2025-09-05T01:40:28.4424841Z  create mode 100644 .logs/logs-49610271435-2025-09-05.txt
2025-09-05T01:40:28.4425376Z  create mode 100644 .logs/logs-49620609517-2025-09-05.txt
2025-09-05T01:40:28.4425905Z  create mode 100644 .logs/logs-49620616388-2025-09-05.txt
2025-09-05T01:40:28.4426440Z  create mode 100644 .logs/logs-49620677187-2025-09-05.txt
2025-09-05T01:40:28.4426973Z  create mode 100644 .logs/logs-49625739429-2025-09-05.txt
2025-09-05T01:40:28.4427555Z  create mode 100644 .logs/logs-49626317399-2025-09-05.txt
2025-09-05T01:40:28.4428074Z  create mode 100644 .logs/logs-49627938765-2025-09-05.txt
2025-09-05T01:40:28.4428497Z  create mode 100644 .logs/logs-49628658525-2025-09-05.txt
2025-09-05T01:40:28.4428829Z  create mode 100644 .logs/logs-49630000331-2025-09-05.txt
2025-09-05T01:40:28.4429161Z  create mode 100644 .logs/logs-49633613549-2025-09-05.txt
2025-09-05T01:40:28.4429479Z  create mode 100644 .logs/logs-49633613579-2025-09-05.txt
2025-09-05T01:40:28.4430008Z  create mode 100644 .logs/logs-49633613582-2025-09-05.txt
2025-09-05T01:40:28.4430561Z  create mode 100644 .logs/logs-49633648570-2025-09-05.txt
2025-09-05T01:40:28.4431120Z  create mode 100644 .logs/logs-49633678327-2025-09-05.txt
2025-09-05T01:40:28.4431659Z  create mode 100644 .logs/logs-49633678339-2025-09-05.txt
2025-09-05T01:40:28.4432185Z  create mode 100644 .logs/logs-49633678733-2025-09-05.txt
2025-09-05T01:40:28.4432716Z  create mode 100644 .logs/logs-49633820315-2025-09-05.txt
2025-09-05T01:40:28.4433249Z  create mode 100644 .logs/logs-49633820317-2025-09-05.txt
2025-09-05T01:40:28.4433928Z  create mode 100644 .logs/logs-49633821100-2025-09-05.txt
2025-09-05T01:40:28.4499320Z  create mode 100644 .logs/logs-49633842788-2025-09-05.txt
2025-09-05T01:40:28.4499996Z  create mode 100644 .logs/logs-49633842809-2025-09-05.txt
2025-09-05T01:40:28.4500595Z  create mode 100644 .logs/logs-49633842926-2025-09-05.txt
2025-09-05T01:40:28.4501164Z  create mode 100644 .logs/logs-49633987414-2025-09-05.txt
2025-09-05T01:40:28.4501779Z  create mode 100644 .logs/logs-49633987429-2025-09-05.txt
2025-09-05T01:40:28.4502363Z  create mode 100644 .logs/logs-49633987441-2025-09-05.txt
2025-09-05T01:40:28.4502939Z  create mode 100644 .logs/logs-49638524851-2025-09-05.txt
2025-09-05T01:40:28.4503461Z  create mode 100644 .logs/logs-49649940614-2025-09-05.txt
2025-09-05T01:40:28.4504002Z  create mode 100644 .logs/logs-49650869222-2025-09-05.txt
2025-09-05T01:40:28.4504312Z  create mode 100644 .logs/logs-49651774097-2025-09-05.txt
2025-09-05T01:40:29.4035043Z To https://github.com/Boss-1s/scratchattach
2025-09-05T01:40:29.4035932Z    a27bdf9..407ce2c  main -> main
2025-09-05T01:40:29.4140809Z Post job cleanup.
2025-09-05T01:40:29.4896508Z [command]/usr/bin/git version
2025-09-05T01:40:29.4931462Z git version 2.51.0
2025-09-05T01:40:29.4963554Z Copying '/home/runner/.gitconfig' to '/home/runner/work/_temp/74a34515-6e7e-4cff-a995-a2e98e97e0c4/.gitconfig'
2025-09-05T01:40:29.4972255Z Temporarily overriding HOME='/home/runner/work/_temp/74a34515-6e7e-4cff-a995-a2e98e97e0c4' before making global git config changes
2025-09-05T01:40:29.4973500Z Adding repository directory to the temporary git global config as a safe directory
2025-09-05T01:40:29.4977906Z [command]/usr/bin/git config --global --add safe.directory /home/runner/work/scratchattach/scratchattach
2025-09-05T01:40:29.5012045Z [command]/usr/bin/git config --local --name-only --get-regexp core\.sshCommand
2025-09-05T01:40:29.5045644Z [command]/usr/bin/git submodule foreach --recursive sh -c "git config --local --name-only --get-regexp 'core\.sshCommand' && git config --local --unset-all 'core.sshCommand' || :"
2025-09-05T01:40:29.5264734Z [command]/usr/bin/git config --local --name-only --get-regexp http\.https\:\/\/github\.com\/\.extraheader
2025-09-05T01:40:29.5286413Z http.https://github.com/.extraheader
2025-09-05T01:40:29.5297283Z [command]/usr/bin/git config --local --unset-all http.https://github.com/.extraheader
2025-09-05T01:40:29.5328219Z [command]/usr/bin/git submodule foreach --recursive sh -c "git config --local --name-only --get-regexp 'http\.https\:\/\/github\.com\/\.extraheader' && git config --local --unset-all 'http.https://github.com/.extraheader' || :"
2025-09-05T01:40:29.5656086Z Cleaning up orphan processes
