2025-12-31T15:46:40.6078808Z Current runner version: '2.330.0'
2025-12-31T15:46:40.6103134Z ##[group]Runner Image Provisioner
2025-12-31T15:46:40.6103993Z Hosted Compute Agent
2025-12-31T15:46:40.6104582Z Version: 20251211.462
2025-12-31T15:46:40.6105202Z Commit: 6cbad8c2bb55d58165063d031ccabf57e2d2db61
2025-12-31T15:46:40.6105905Z Build Date: 2025-12-11T16:28:49Z
2025-12-31T15:46:40.6106615Z Worker ID: {2a80f4f8-5401-4e5f-822e-0908765befea}
2025-12-31T15:46:40.6107275Z ##[endgroup]
2025-12-31T15:46:40.6107804Z ##[group]Operating System
2025-12-31T15:46:40.6108401Z Ubuntu
2025-12-31T15:46:40.6108872Z 24.04.3
2025-12-31T15:46:40.6109382Z LTS
2025-12-31T15:46:40.6109798Z ##[endgroup]
2025-12-31T15:46:40.6110546Z ##[group]Runner Image
2025-12-31T15:46:40.6111089Z Image: ubuntu-24.04
2025-12-31T15:46:40.6111595Z Version: 20251215.174.1
2025-12-31T15:46:40.6112655Z Included Software: https://github.com/actions/runner-images/blob/ubuntu24/20251215.174/images/ubuntu/Ubuntu2404-Readme.md
2025-12-31T15:46:40.6114233Z Image Release: https://github.com/actions/runner-images/releases/tag/ubuntu24%2F20251215.174
2025-12-31T15:46:40.6115332Z ##[endgroup]
2025-12-31T15:46:40.6116304Z ##[group]GITHUB_TOKEN Permissions
2025-12-31T15:46:40.6118152Z Contents: read
2025-12-31T15:46:40.6118771Z Metadata: read
2025-12-31T15:46:40.6119245Z ##[endgroup]
2025-12-31T15:46:40.6121953Z Secret source: Actions
2025-12-31T15:46:40.6122982Z Prepare workflow directory
2025-12-31T15:46:40.6434883Z Prepare all required actions
2025-12-31T15:46:40.6472339Z Getting action download info
2025-12-31T15:46:40.9260541Z Download action repository 'actions/checkout@v6.0.1' (SHA:8e8c483db84b4bee98b60c0593521ed34d9990e8)
2025-12-31T15:46:41.0178304Z Download action repository 'actions/setup-python@v6.1.0' (SHA:83679a892e2d95755f2dac6acb0bfd1e9ac5d548)
2025-12-31T15:46:41.2416854Z Complete job name: build (3.11, ubuntu-latest)
2025-12-31T15:46:41.3096020Z ##[group]Run actions/checkout@v6.0.1
2025-12-31T15:46:41.3096881Z with:
2025-12-31T15:46:41.3097277Z   ref: scratch_chat_dev
2025-12-31T15:46:41.3097755Z   repository: Boss-1s/scratchattach
2025-12-31T15:46:41.3098423Z   token: ***
2025-12-31T15:46:41.3098813Z   ssh-strict: true
2025-12-31T15:46:41.3099207Z   ssh-user: git
2025-12-31T15:46:41.3099635Z   persist-credentials: true
2025-12-31T15:46:41.3100082Z   clean: true
2025-12-31T15:46:41.3100855Z   sparse-checkout-cone-mode: true
2025-12-31T15:46:41.3101387Z   fetch-depth: 1
2025-12-31T15:46:41.3101815Z   fetch-tags: false
2025-12-31T15:46:41.3102259Z   show-progress: true
2025-12-31T15:46:41.3102704Z   lfs: false
2025-12-31T15:46:41.3103097Z   submodules: false
2025-12-31T15:46:41.3103533Z   set-safe-directory: true
2025-12-31T15:46:41.3104329Z ##[endgroup]
2025-12-31T15:46:41.4010972Z Syncing repository: Boss-1s/scratchattach
2025-12-31T15:46:41.4012713Z ##[group]Getting Git version info
2025-12-31T15:46:41.4013554Z Working directory is '/home/runner/work/scratchattach/scratchattach'
2025-12-31T15:46:41.4014559Z [command]/usr/bin/git version
2025-12-31T15:46:41.4073572Z git version 2.52.0
2025-12-31T15:46:41.4127156Z ##[endgroup]
2025-12-31T15:46:41.4143913Z Temporarily overriding HOME='/home/runner/work/_temp/f1e3fcf7-a2f4-4302-b6cd-0544bf33697c' before making global git config changes
2025-12-31T15:46:41.4146252Z Adding repository directory to the temporary git global config as a safe directory
2025-12-31T15:46:41.4149979Z [command]/usr/bin/git config --global --add safe.directory /home/runner/work/scratchattach/scratchattach
2025-12-31T15:46:41.4190244Z Deleting the contents of '/home/runner/work/scratchattach/scratchattach'
2025-12-31T15:46:41.4194324Z ##[group]Initializing the repository
2025-12-31T15:46:41.4199003Z [command]/usr/bin/git init /home/runner/work/scratchattach/scratchattach
2025-12-31T15:46:41.4297872Z hint: Using 'master' as the name for the initial branch. This default branch name
2025-12-31T15:46:41.4298897Z hint: will change to "main" in Git 3.0. To configure the initial branch name
2025-12-31T15:46:41.4299839Z hint: to use in all of your new repositories, which will suppress this warning,
2025-12-31T15:46:41.4301542Z hint: call:
2025-12-31T15:46:41.4301931Z hint:
2025-12-31T15:46:41.4302667Z hint: 	git config --global init.defaultBranch <name>
2025-12-31T15:46:41.4303694Z hint:
2025-12-31T15:46:41.4304684Z hint: Names commonly chosen instead of 'master' are 'main', 'trunk' and
2025-12-31T15:46:41.4306296Z hint: 'development'. The just-created branch can be renamed via this command:
2025-12-31T15:46:41.4307627Z hint:
2025-12-31T15:46:41.4308310Z hint: 	git branch -m <name>
2025-12-31T15:46:41.4309049Z hint:
2025-12-31T15:46:41.4310034Z hint: Disable this message with "git config set advice.defaultBranchName false"
2025-12-31T15:46:41.4312073Z Initialized empty Git repository in /home/runner/work/scratchattach/scratchattach/.git/
2025-12-31T15:46:41.4314959Z [command]/usr/bin/git remote add origin https://github.com/Boss-1s/scratchattach
2025-12-31T15:46:41.4346421Z ##[endgroup]
2025-12-31T15:46:41.4347599Z ##[group]Disabling automatic garbage collection
2025-12-31T15:46:41.4350989Z [command]/usr/bin/git config --local gc.auto 0
2025-12-31T15:46:41.4377705Z ##[endgroup]
2025-12-31T15:46:41.4378904Z ##[group]Setting up auth
2025-12-31T15:46:41.4379784Z Removing SSH command configuration
2025-12-31T15:46:41.4385457Z [command]/usr/bin/git config --local --name-only --get-regexp core\.sshCommand
2025-12-31T15:46:41.4416598Z [command]/usr/bin/git submodule foreach --recursive sh -c "git config --local --name-only --get-regexp 'core\.sshCommand' && git config --local --unset-all 'core.sshCommand' || :"
2025-12-31T15:46:41.4776681Z Removing HTTP extra header
2025-12-31T15:46:41.4782672Z [command]/usr/bin/git config --local --name-only --get-regexp http\.https\:\/\/github\.com\/\.extraheader
2025-12-31T15:46:41.4813365Z [command]/usr/bin/git submodule foreach --recursive sh -c "git config --local --name-only --get-regexp 'http\.https\:\/\/github\.com\/\.extraheader' && git config --local --unset-all 'http.https://github.com/.extraheader' || :"
2025-12-31T15:46:41.5029672Z Removing includeIf entries pointing to credentials config files
2025-12-31T15:46:41.5034867Z [command]/usr/bin/git config --local --name-only --get-regexp ^includeIf\.gitdir:
2025-12-31T15:46:41.5072575Z [command]/usr/bin/git submodule foreach --recursive git config --local --show-origin --name-only --get-regexp remote.origin.url
2025-12-31T15:46:41.5349322Z [command]/usr/bin/git config --file /home/runner/work/_temp/git-credentials-42b80456-5d33-4688-a321-64ab9f1cc730.config http.https://github.com/.extraheader AUTHORIZATION: basic ***
2025-12-31T15:46:41.5389448Z [command]/usr/bin/git config --local includeIf.gitdir:/home/runner/work/scratchattach/scratchattach/.git.path /home/runner/work/_temp/git-credentials-42b80456-5d33-4688-a321-64ab9f1cc730.config
2025-12-31T15:46:41.5421727Z [command]/usr/bin/git config --local includeIf.gitdir:/home/runner/work/scratchattach/scratchattach/.git/worktrees/*.path /home/runner/work/_temp/git-credentials-42b80456-5d33-4688-a321-64ab9f1cc730.config
2025-12-31T15:46:41.5452253Z [command]/usr/bin/git config --local includeIf.gitdir:/github/workspace/.git.path /github/runner_temp/git-credentials-42b80456-5d33-4688-a321-64ab9f1cc730.config
2025-12-31T15:46:41.5921938Z [command]/usr/bin/git config --local includeIf.gitdir:/github/workspace/.git/worktrees/*.path /github/runner_temp/git-credentials-42b80456-5d33-4688-a321-64ab9f1cc730.config
2025-12-31T15:46:41.5957764Z ##[endgroup]
2025-12-31T15:46:41.5959774Z ##[group]Fetching the repository
2025-12-31T15:46:41.5968614Z [command]/usr/bin/git -c protocol.version=2 fetch --no-tags --prune --no-recurse-submodules --depth=1 origin +refs/heads/scratch_chat_dev*:refs/remotes/origin/scratch_chat_dev* +refs/tags/scratch_chat_dev*:refs/tags/scratch_chat_dev*
2025-12-31T15:46:44.8897892Z From https://github.com/Boss-1s/scratchattach
2025-12-31T15:46:44.8902562Z  * [new branch]      scratch_chat_dev -> origin/scratch_chat_dev
2025-12-31T15:46:44.8928321Z ##[endgroup]
2025-12-31T15:46:44.8929432Z ##[group]Determining the checkout info
2025-12-31T15:46:44.8935692Z [command]/usr/bin/git branch --list --remote origin/scratch_chat_dev
2025-12-31T15:46:44.8965426Z   origin/scratch_chat_dev
2025-12-31T15:46:44.8970615Z ##[endgroup]
2025-12-31T15:46:44.8974226Z [command]/usr/bin/git sparse-checkout disable
2025-12-31T15:46:44.9014563Z [command]/usr/bin/git config --local --unset-all extensions.worktreeConfig
2025-12-31T15:46:44.9040890Z ##[group]Checking out the ref
2025-12-31T15:46:44.9044238Z [command]/usr/bin/git checkout --progress --force -B scratch_chat_dev refs/remotes/origin/scratch_chat_dev
2025-12-31T15:46:45.5892553Z Switched to a new branch 'scratch_chat_dev'
2025-12-31T15:46:45.5893433Z branch 'scratch_chat_dev' set up to track 'origin/scratch_chat_dev'.
2025-12-31T15:46:45.5953267Z ##[endgroup]
2025-12-31T15:46:45.5991515Z [command]/usr/bin/git log -1 --format=%H
2025-12-31T15:46:45.6014943Z 024069c85aed8c1108645d8c8d0db417da117aa1
2025-12-31T15:46:45.6232903Z ##[group]Run actions/setup-python@v6.1.0
2025-12-31T15:46:45.6233250Z with:
2025-12-31T15:46:45.6233480Z   python-version: 3.11
2025-12-31T15:46:45.6233725Z   check-latest: false
2025-12-31T15:46:45.6234117Z   token: ***
2025-12-31T15:46:45.6234349Z   update-environment: true
2025-12-31T15:46:45.6234606Z   allow-prereleases: false
2025-12-31T15:46:45.6234861Z   freethreaded: false
2025-12-31T15:46:45.6235089Z ##[endgroup]
2025-12-31T15:46:45.7496236Z ##[group]Installed versions
2025-12-31T15:46:45.7600643Z (node:2118) [DEP0040] DeprecationWarning: The `punycode` module is deprecated. Please use a userland alternative instead.
2025-12-31T15:46:45.7601971Z (Use `node --trace-deprecation ...` to show where the warning was created)
2025-12-31T15:46:45.7602807Z Successfully set up CPython (3.11.14)
2025-12-31T15:46:45.7603810Z ##[endgroup]
2025-12-31T15:46:45.7734826Z ##[group]Run cd test
2025-12-31T15:46:45.7735173Z [36;1mcd test[0m
2025-12-31T15:46:45.7735423Z [36;1mpython3 o_test1.py[0m
2025-12-31T15:46:45.7869808Z shell: /usr/bin/bash -e {0}
2025-12-31T15:46:45.7870105Z env:
2025-12-31T15:46:45.7870609Z   pythonLocation: /opt/hostedtoolcache/Python/3.11.14/x64
2025-12-31T15:46:45.7871070Z   PKG_CONFIG_PATH: /opt/hostedtoolcache/Python/3.11.14/x64/lib/pkgconfig
2025-12-31T15:46:45.7871497Z   Python_ROOT_DIR: /opt/hostedtoolcache/Python/3.11.14/x64
2025-12-31T15:46:45.7871885Z   Python2_ROOT_DIR: /opt/hostedtoolcache/Python/3.11.14/x64
2025-12-31T15:46:45.7872267Z   Python3_ROOT_DIR: /opt/hostedtoolcache/Python/3.11.14/x64
2025-12-31T15:46:45.7872657Z   LD_LIBRARY_PATH: /opt/hostedtoolcache/Python/3.11.14/x64/lib
2025-12-31T15:46:45.7872984Z ##[endgroup]
2025-12-31T15:46:46.2186832Z File otest.json not found. Creating a new one.
2025-12-31T15:46:46.2195484Z Data for key test_top_level_key stored successfully in otest.json.
2025-12-31T15:46:46.2197369Z Traceback (most recent call last):
2025-12-31T15:46:46.2197766Z File 'otest.json' not found. Creating a new one.
2025-12-31T15:46:46.2198313Z Data for key 'test_top_level_key' stored successfully in 'otest.json'.
2025-12-31T15:46:46.2198873Z Sucessfully added values ['val1', 'skibidi toilet'] to subkeys ['sk1', 'sk2'], respectively.
2025-12-31T15:46:46.2205159Z   File "/home/runner/work/scratchattach/scratchattach/test/o_test1.py", line 76, in <module>
2025-12-31T15:46:46.2205878Z     assert db_get_keys("otest.json") == "test_top_level_key", "failed at debug point 1"
2025-12-31T15:46:46.2206304Z            ^^^^^^^^^^^^^^^^^^^^^^^^^^^^^^^^^^^^^^^^^^^^^^^^^
2025-12-31T15:46:46.2206621Z AssertionError: failed at debug point 1
2025-12-31T15:46:46.2268791Z ##[error]Process completed with exit code 1.
2025-12-31T15:46:46.2381498Z Post job cleanup.
2025-12-31T15:46:46.3206909Z [command]/usr/bin/git version
2025-12-31T15:46:46.3243598Z git version 2.52.0
2025-12-31T15:46:46.3281840Z Temporarily overriding HOME='/home/runner/work/_temp/6f1c32c1-1114-45f9-b183-226b5d99e95f' before making global git config changes
2025-12-31T15:46:46.3283197Z Adding repository directory to the temporary git global config as a safe directory
2025-12-31T15:46:46.3287824Z [command]/usr/bin/git config --global --add safe.directory /home/runner/work/scratchattach/scratchattach
2025-12-31T15:46:46.3317846Z Removing SSH command configuration
2025-12-31T15:46:46.3324557Z [command]/usr/bin/git config --local --name-only --get-regexp core\.sshCommand
2025-12-31T15:46:46.3358955Z [command]/usr/bin/git submodule foreach --recursive sh -c "git config --local --name-only --get-regexp 'core\.sshCommand' && git config --local --unset-all 'core.sshCommand' || :"
2025-12-31T15:46:46.3589692Z Removing HTTP extra header
2025-12-31T15:46:46.3594471Z [command]/usr/bin/git config --local --name-only --get-regexp http\.https\:\/\/github\.com\/\.extraheader
2025-12-31T15:46:46.3629550Z [command]/usr/bin/git submodule foreach --recursive sh -c "git config --local --name-only --get-regexp 'http\.https\:\/\/github\.com\/\.extraheader' && git config --local --unset-all 'http.https://github.com/.extraheader' || :"
2025-12-31T15:46:46.3850145Z Removing includeIf entries pointing to credentials config files
2025-12-31T15:46:46.3856847Z [command]/usr/bin/git config --local --name-only --get-regexp ^includeIf\.gitdir:
2025-12-31T15:46:46.3879147Z includeif.gitdir:/home/runner/work/scratchattach/scratchattach/.git.path
2025-12-31T15:46:46.3879961Z includeif.gitdir:/home/runner/work/scratchattach/scratchattach/.git/worktrees/*.path
2025-12-31T15:46:46.3881317Z includeif.gitdir:/github/workspace/.git.path
2025-12-31T15:46:46.3881875Z includeif.gitdir:/github/workspace/.git/worktrees/*.path
2025-12-31T15:46:46.3920460Z [command]/usr/bin/git config --local --get-all includeif.gitdir:/home/runner/work/scratchattach/scratchattach/.git.path
2025-12-31T15:46:46.3941315Z /home/runner/work/_temp/git-credentials-42b80456-5d33-4688-a321-64ab9f1cc730.config
2025-12-31T15:46:46.3951336Z [command]/usr/bin/git config --local --unset includeif.gitdir:/home/runner/work/scratchattach/scratchattach/.git.path /home/runner/work/_temp/git-credentials-42b80456-5d33-4688-a321-64ab9f1cc730.config
2025-12-31T15:46:46.3983571Z [command]/usr/bin/git config --local --get-all includeif.gitdir:/home/runner/work/scratchattach/scratchattach/.git/worktrees/*.path
2025-12-31T15:46:46.4004322Z /home/runner/work/_temp/git-credentials-42b80456-5d33-4688-a321-64ab9f1cc730.config
2025-12-31T15:46:46.4013324Z [command]/usr/bin/git config --local --unset includeif.gitdir:/home/runner/work/scratchattach/scratchattach/.git/worktrees/*.path /home/runner/work/_temp/git-credentials-42b80456-5d33-4688-a321-64ab9f1cc730.config
2025-12-31T15:46:46.4044271Z [command]/usr/bin/git config --local --get-all includeif.gitdir:/github/workspace/.git.path
2025-12-31T15:46:46.4064142Z /github/runner_temp/git-credentials-42b80456-5d33-4688-a321-64ab9f1cc730.config
2025-12-31T15:46:46.4071446Z [command]/usr/bin/git config --local --unset includeif.gitdir:/github/workspace/.git.path /github/runner_temp/git-credentials-42b80456-5d33-4688-a321-64ab9f1cc730.config
2025-12-31T15:46:46.4100901Z [command]/usr/bin/git config --local --get-all includeif.gitdir:/github/workspace/.git/worktrees/*.path
2025-12-31T15:46:46.4122910Z /github/runner_temp/git-credentials-42b80456-5d33-4688-a321-64ab9f1cc730.config
2025-12-31T15:46:46.4130845Z [command]/usr/bin/git config --local --unset includeif.gitdir:/github/workspace/.git/worktrees/*.path /github/runner_temp/git-credentials-42b80456-5d33-4688-a321-64ab9f1cc730.config
2025-12-31T15:46:46.4162023Z [command]/usr/bin/git submodule foreach --recursive git config --local --show-origin --name-only --get-regexp remote.origin.url
2025-12-31T15:46:46.4398306Z Removing credentials config '/home/runner/work/_temp/git-credentials-42b80456-5d33-4688-a321-64ab9f1cc730.config'
2025-12-31T15:46:46.4531278Z Cleaning up orphan processes
