2025-09-02T06:26:59.0123200Z Current runner version: '2.328.0'
2025-09-02T06:26:59.0156305Z ##[group]Runner Image Provisioner
2025-09-02T06:26:59.0157656Z Hosted Compute Agent
2025-09-02T06:26:59.0158797Z Version: 20250821.380
2025-09-02T06:26:59.0160099Z Commit: 438d12cb4fe092871db9867344e3bc0bc5319035
2025-09-02T06:26:59.0161412Z Build Date: 2025-08-21T20:49:43Z
2025-09-02T06:26:59.0162436Z ##[endgroup]
2025-09-02T06:26:59.0163316Z ##[group]Operating System
2025-09-02T06:26:59.0164280Z Ubuntu
2025-09-02T06:26:59.0165058Z 24.04.3
2025-09-02T06:26:59.0165815Z LTS
2025-09-02T06:26:59.0166668Z ##[endgroup]
2025-09-02T06:26:59.0167416Z ##[group]Runner Image
2025-09-02T06:26:59.0168286Z Image: ubuntu-24.04
2025-09-02T06:26:59.0169084Z Version: 20250824.1.0
2025-09-02T06:26:59.0170937Z Included Software: https://github.com/actions/runner-images/blob/ubuntu24/20250824.1/images/ubuntu/Ubuntu2404-Readme.md
2025-09-02T06:26:59.0173792Z Image Release: https://github.com/actions/runner-images/releases/tag/ubuntu24%2F20250824.1
2025-09-02T06:26:59.0175463Z ##[endgroup]
2025-09-02T06:26:59.0180128Z ##[group]GITHUB_TOKEN Permissions
2025-09-02T06:26:59.0182913Z Actions: write
2025-09-02T06:26:59.0183990Z Attestations: write
2025-09-02T06:26:59.0185017Z Checks: write
2025-09-02T06:26:59.0185813Z Contents: write
2025-09-02T06:26:59.0186810Z Deployments: write
2025-09-02T06:26:59.0187697Z Discussions: write
2025-09-02T06:26:59.0188639Z Issues: write
2025-09-02T06:26:59.0189831Z Metadata: read
2025-09-02T06:26:59.0190696Z Models: read
2025-09-02T06:26:59.0191767Z Packages: write
2025-09-02T06:26:59.0192701Z Pages: write
2025-09-02T06:26:59.0193523Z PullRequests: write
2025-09-02T06:26:59.0194595Z RepositoryProjects: write
2025-09-02T06:26:59.0195675Z SecurityEvents: write
2025-09-02T06:26:59.0196727Z Statuses: write
2025-09-02T06:26:59.0197772Z ##[endgroup]
2025-09-02T06:26:59.0201306Z Secret source: Actions
2025-09-02T06:26:59.0202551Z Prepare workflow directory
2025-09-02T06:26:59.0676963Z Prepare all required actions
2025-09-02T06:26:59.0732768Z Getting action download info
2025-09-02T06:26:59.2863463Z Download action repository 'actions/checkout@v5' (SHA:08c6903cd8c0fde910a37f88322edcfb5dd907a8)
2025-09-02T06:26:59.3650175Z Download action repository 'actions/setup-python@v5.6.0' (SHA:a26af69be951a213d495a4c3e4e4022e16d87065)
2025-09-02T06:26:59.4429523Z Download action repository 'bossOfCode/install-scratchattach@v1.0.3' (SHA:be17a7cf1ecb5a7040eb42ef26c2e1fbe72bb25a)
2025-09-02T06:26:59.7755980Z Complete job name: Run 1
2025-09-02T06:26:59.8530221Z ##[group]Run actions/checkout@v5
2025-09-02T06:26:59.8531153Z with:
2025-09-02T06:26:59.8531547Z   ref: main
2025-09-02T06:26:59.8531952Z   repository: Boss-1s/scratchattach
2025-09-02T06:26:59.8532623Z   token: ***
2025-09-02T06:26:59.8533024Z   ssh-strict: true
2025-09-02T06:26:59.8533431Z   ssh-user: git
2025-09-02T06:26:59.8533854Z   persist-credentials: true
2025-09-02T06:26:59.8534318Z   clean: true
2025-09-02T06:26:59.8534736Z   sparse-checkout-cone-mode: true
2025-09-02T06:26:59.8535245Z   fetch-depth: 1
2025-09-02T06:26:59.8535697Z   fetch-tags: false
2025-09-02T06:26:59.8536116Z   show-progress: true
2025-09-02T06:26:59.8536532Z   lfs: false
2025-09-02T06:26:59.8536911Z   submodules: false
2025-09-02T06:26:59.8537338Z   set-safe-directory: true
2025-09-02T06:26:59.8537986Z ##[endgroup]
2025-09-02T06:26:59.9454915Z Syncing repository: Boss-1s/scratchattach
2025-09-02T06:26:59.9456607Z ##[group]Getting Git version info
2025-09-02T06:26:59.9457427Z Working directory is '/home/runner/work/scratchattach/scratchattach'
2025-09-02T06:26:59.9458469Z [command]/usr/bin/git version
2025-09-02T06:27:00.1785890Z git version 2.51.0
2025-09-02T06:27:00.1807550Z ##[endgroup]
2025-09-02T06:27:00.1824296Z Temporarily overriding HOME='/home/runner/work/_temp/24e10b85-4b3c-44eb-a28d-17202689c219' before making global git config changes
2025-09-02T06:27:00.1826580Z Adding repository directory to the temporary git global config as a safe directory
2025-09-02T06:27:00.1830569Z [command]/usr/bin/git config --global --add safe.directory /home/runner/work/scratchattach/scratchattach
2025-09-02T06:27:00.1866411Z Deleting the contents of '/home/runner/work/scratchattach/scratchattach'
2025-09-02T06:27:00.1870314Z ##[group]Initializing the repository
2025-09-02T06:27:00.1874958Z [command]/usr/bin/git init /home/runner/work/scratchattach/scratchattach
2025-09-02T06:27:00.1949902Z hint: Using 'master' as the name for the initial branch. This default branch name
2025-09-02T06:27:00.1950972Z hint: is subject to change. To configure the initial branch name to use in all
2025-09-02T06:27:00.1951859Z hint: of your new repositories, which will suppress this warning, call:
2025-09-02T06:27:00.1952948Z hint:
2025-09-02T06:27:00.1953705Z hint: 	git config --global init.defaultBranch <name>
2025-09-02T06:27:00.1954301Z hint:
2025-09-02T06:27:00.1955251Z hint: Names commonly chosen instead of 'master' are 'main', 'trunk' and
2025-09-02T06:27:00.1956865Z hint: 'development'. The just-created branch can be renamed via this command:
2025-09-02T06:27:00.1958205Z hint:
2025-09-02T06:27:00.1958928Z hint: 	git branch -m <name>
2025-09-02T06:27:00.1959934Z hint:
2025-09-02T06:27:00.1960986Z hint: Disable this message with "git config set advice.defaultBranchName false"
2025-09-02T06:27:00.1962753Z Initialized empty Git repository in /home/runner/work/scratchattach/scratchattach/.git/
2025-09-02T06:27:00.1965641Z [command]/usr/bin/git remote add origin https://github.com/Boss-1s/scratchattach
2025-09-02T06:27:00.1999619Z ##[endgroup]
2025-09-02T06:27:00.2000847Z ##[group]Disabling automatic garbage collection
2025-09-02T06:27:00.2003723Z [command]/usr/bin/git config --local gc.auto 0
2025-09-02T06:27:00.2031816Z ##[endgroup]
2025-09-02T06:27:00.2033018Z ##[group]Setting up auth
2025-09-02T06:27:00.2038539Z [command]/usr/bin/git config --local --name-only --get-regexp core\.sshCommand
2025-09-02T06:27:00.2069513Z [command]/usr/bin/git submodule foreach --recursive sh -c "git config --local --name-only --get-regexp 'core\.sshCommand' && git config --local --unset-all 'core.sshCommand' || :"
2025-09-02T06:27:00.2363813Z [command]/usr/bin/git config --local --name-only --get-regexp http\.https\:\/\/github\.com\/\.extraheader
2025-09-02T06:27:00.2393194Z [command]/usr/bin/git submodule foreach --recursive sh -c "git config --local --name-only --get-regexp 'http\.https\:\/\/github\.com\/\.extraheader' && git config --local --unset-all 'http.https://github.com/.extraheader' || :"
2025-09-02T06:27:00.2608464Z [command]/usr/bin/git config --local http.https://github.com/.extraheader AUTHORIZATION: basic ***
2025-09-02T06:27:00.2641992Z ##[endgroup]
2025-09-02T06:27:00.2649885Z ##[group]Fetching the repository
2025-09-02T06:27:00.2651276Z [command]/usr/bin/git -c protocol.version=2 fetch --no-tags --prune --no-recurse-submodules --depth=1 origin +refs/heads/main*:refs/remotes/origin/main* +refs/tags/main*:refs/tags/main*
2025-09-02T06:27:00.5770309Z From https://github.com/Boss-1s/scratchattach
2025-09-02T06:27:00.5772159Z  * [new branch]      main       -> origin/main
2025-09-02T06:27:00.5799110Z ##[endgroup]
2025-09-02T06:27:00.5801130Z ##[group]Determining the checkout info
2025-09-02T06:27:00.5807061Z [command]/usr/bin/git branch --list --remote origin/main
2025-09-02T06:27:00.5829998Z   origin/main
2025-09-02T06:27:00.5835211Z ##[endgroup]
2025-09-02T06:27:00.5839220Z [command]/usr/bin/git sparse-checkout disable
2025-09-02T06:27:00.5875080Z [command]/usr/bin/git config --local --unset-all extensions.worktreeConfig
2025-09-02T06:27:00.5903055Z ##[group]Checking out the ref
2025-09-02T06:27:00.5907052Z [command]/usr/bin/git checkout --progress --force -B main refs/remotes/origin/main
2025-09-02T06:27:00.6235880Z Switched to a new branch 'main'
2025-09-02T06:27:00.6237896Z branch 'main' set up to track 'origin/main'.
2025-09-02T06:27:00.6247530Z ##[endgroup]
2025-09-02T06:27:00.6283558Z [command]/usr/bin/git log -1 --format=%H
2025-09-02T06:27:00.6305678Z 7805618378438c87c31f9b226207fa051673afb1
2025-09-02T06:27:00.6601675Z ##[group]Run actions/setup-python@v5.6.0
2025-09-02T06:27:00.6603082Z with:
2025-09-02T06:27:00.6603830Z   python-version: 3.12.5
2025-09-02T06:27:00.6604767Z   check-latest: false
2025-09-02T06:27:00.6605890Z   token: ***
2025-09-02T06:27:00.6606687Z   update-environment: true
2025-09-02T06:27:00.6607652Z   allow-prereleases: false
2025-09-02T06:27:00.6608601Z   freethreaded: false
2025-09-02T06:27:00.6609592Z ##[endgroup]
2025-09-02T06:27:00.8258668Z ##[group]Installed versions
2025-09-02T06:27:00.8280258Z Version 3.12.5 was not found in the local cache
2025-09-02T06:27:01.1871198Z Version 3.12.5 is available for downloading
2025-09-02T06:27:01.1872814Z Download from "https://github.com/actions/python-versions/releases/download/3.12.5-10375840348/python-3.12.5-linux-24.04-x64.tar.gz"
2025-09-02T06:27:01.8926074Z Extract downloaded archive
2025-09-02T06:27:01.9035135Z [command]/usr/bin/tar xz --warning=no-unknown-keyword --overwrite -C /home/runner/work/_temp/af40ad7a-bcf8-49e5-933d-a3728d98ad71 -f /home/runner/work/_temp/b748bd05-49ef-481a-a1c6-0f3df8228323
2025-09-02T06:27:03.8874863Z Execute installation script
2025-09-02T06:27:03.8965164Z Check if Python hostedtoolcache folder exist...
2025-09-02T06:27:03.8965919Z Create Python 3.12.5 folder
2025-09-02T06:27:03.8986982Z Copy Python binaries to hostedtoolcache folder
2025-09-02T06:27:04.5612445Z Create additional symlinks (Required for the UsePythonVersion Azure Pipelines task and the setup-python GitHub Action)
2025-09-02T06:27:04.5652384Z Upgrading pip...
2025-09-02T06:27:06.7415969Z Looking in links: /tmp/tmpab20oook
2025-09-02T06:27:06.7421344Z Requirement already satisfied: pip in /opt/hostedtoolcache/Python/3.12.5/x64/lib/python3.12/site-packages (24.2)
2025-09-02T06:27:07.8139516Z Collecting pip
2025-09-02T06:27:07.8484977Z Downloading pip-25.2-py3-none-any.whl.metadata (4.7 kB)
2025-09-02T06:27:07.8569878Z Downloading pip-25.2-py3-none-any.whl (1.8 MB)
2025-09-02T06:27:07.8914229Z ━━━━━━━━━━━━━━━━━━━━━━━━━━━━━━━━━━━━━━━━ 1.8/1.8 MB 98.2 MB/s eta 0:00:00
2025-09-02T06:27:07.8914730Z 
2025-09-02T06:27:07.9120603Z Installing collected packages: pip
2025-09-02T06:27:07.9123417Z Attempting uninstall: pip
2025-09-02T06:27:07.9143846Z Found existing installation: pip 24.2
2025-09-02T06:27:07.9493670Z Uninstalling pip-24.2:
2025-09-02T06:27:07.9548501Z Successfully uninstalled pip-24.2
2025-09-02T06:27:08.8465136Z Successfully installed pip-25.2
2025-09-02T06:27:08.8956102Z Create complete file
2025-09-02T06:27:08.8992429Z Successfully set up CPython (3.12.5)
2025-09-02T06:27:08.8993580Z ##[endgroup]
2025-09-02T06:27:08.9173877Z ##[group]Run bossOfCode/install-scratchattach@v1.0.3
2025-09-02T06:27:08.9174211Z env:
2025-09-02T06:27:08.9174455Z   pythonLocation: /opt/hostedtoolcache/Python/3.12.5/x64
2025-09-02T06:27:08.9174877Z   PKG_CONFIG_PATH: /opt/hostedtoolcache/Python/3.12.5/x64/lib/pkgconfig
2025-09-02T06:27:08.9175272Z   Python_ROOT_DIR: /opt/hostedtoolcache/Python/3.12.5/x64
2025-09-02T06:27:08.9175620Z   Python2_ROOT_DIR: /opt/hostedtoolcache/Python/3.12.5/x64
2025-09-02T06:27:08.9175986Z   Python3_ROOT_DIR: /opt/hostedtoolcache/Python/3.12.5/x64
2025-09-02T06:27:08.9176364Z   LD_LIBRARY_PATH: /opt/hostedtoolcache/Python/3.12.5/x64/lib
2025-09-02T06:27:08.9176673Z ##[endgroup]
2025-09-02T06:27:08.9324526Z ##[group]Run python3 -m pip install --upgrade pip
2025-09-02T06:27:08.9324952Z [36;1mpython3 -m pip install --upgrade pip[0m
2025-09-02T06:27:08.9379194Z shell: /usr/bin/bash --noprofile --norc -e -o pipefail {0}
2025-09-02T06:27:08.9379829Z env:
2025-09-02T06:27:08.9380133Z   pythonLocation: /opt/hostedtoolcache/Python/3.12.5/x64
2025-09-02T06:27:08.9380525Z   PKG_CONFIG_PATH: /opt/hostedtoolcache/Python/3.12.5/x64/lib/pkgconfig
2025-09-02T06:27:08.9380908Z   Python_ROOT_DIR: /opt/hostedtoolcache/Python/3.12.5/x64
2025-09-02T06:27:08.9381250Z   Python2_ROOT_DIR: /opt/hostedtoolcache/Python/3.12.5/x64
2025-09-02T06:27:08.9381582Z   Python3_ROOT_DIR: /opt/hostedtoolcache/Python/3.12.5/x64
2025-09-02T06:27:08.9381929Z   LD_LIBRARY_PATH: /opt/hostedtoolcache/Python/3.12.5/x64/lib
2025-09-02T06:27:08.9382227Z ##[endgroup]
2025-09-02T06:27:09.3424232Z Requirement already satisfied: pip in /opt/hostedtoolcache/Python/3.12.5/x64/lib/python3.12/site-packages (25.2)
2025-09-02T06:27:09.5130077Z ##[group]Run pip install -U scratchattach
2025-09-02T06:27:09.5130406Z [36;1mpip install -U scratchattach[0m
2025-09-02T06:27:09.5160985Z shell: /usr/bin/bash --noprofile --norc -e -o pipefail {0}
2025-09-02T06:27:09.5161300Z env:
2025-09-02T06:27:09.5161554Z   pythonLocation: /opt/hostedtoolcache/Python/3.12.5/x64
2025-09-02T06:27:09.5161959Z   PKG_CONFIG_PATH: /opt/hostedtoolcache/Python/3.12.5/x64/lib/pkgconfig
2025-09-02T06:27:09.5162355Z   Python_ROOT_DIR: /opt/hostedtoolcache/Python/3.12.5/x64
2025-09-02T06:27:09.5162690Z   Python2_ROOT_DIR: /opt/hostedtoolcache/Python/3.12.5/x64
2025-09-02T06:27:09.5163034Z   Python3_ROOT_DIR: /opt/hostedtoolcache/Python/3.12.5/x64
2025-09-02T06:27:09.5163384Z   LD_LIBRARY_PATH: /opt/hostedtoolcache/Python/3.12.5/x64/lib
2025-09-02T06:27:09.5163670Z ##[endgroup]
2025-09-02T06:27:09.9643414Z Collecting scratchattach
2025-09-02T06:27:09.9975199Z   Downloading scratchattach-2.1.13-py3-none-any.whl.metadata (5.5 kB)
2025-09-02T06:27:10.0184052Z Collecting websocket-client (from scratchattach)
2025-09-02T06:27:10.0219053Z   Downloading websocket_client-1.8.0-py3-none-any.whl.metadata (8.0 kB)
2025-09-02T06:27:10.0504652Z Collecting requests (from scratchattach)
2025-09-02T06:27:10.0540210Z   Downloading requests-2.32.5-py3-none-any.whl.metadata (4.9 kB)
2025-09-02T06:27:10.0651509Z Collecting bs4 (from scratchattach)
2025-09-02T06:27:10.0685114Z   Downloading bs4-0.0.2-py2.py3-none-any.whl.metadata (411 bytes)
2025-09-02T06:27:10.0780080Z Collecting SimpleWebSocketServer (from scratchattach)
2025-09-02T06:27:10.0819487Z   Downloading SimpleWebSocketServer-0.1.2.tar.gz (10 kB)
2025-09-02T06:27:10.0901218Z   Installing build dependencies: started
2025-09-02T06:27:10.8479054Z   Installing build dependencies: finished with status 'done'
2025-09-02T06:27:10.8484290Z   Getting requirements to build wheel: started
2025-09-02T06:27:11.1970492Z   Getting requirements to build wheel: finished with status 'done'
2025-09-02T06:27:11.1979969Z   Preparing metadata (pyproject.toml): started
2025-09-02T06:27:11.3804791Z   Preparing metadata (pyproject.toml): finished with status 'done'
2025-09-02T06:27:11.3978249Z Collecting typing-extensions (from scratchattach)
2025-09-02T06:27:11.4014125Z   Downloading typing_extensions-4.15.0-py3-none-any.whl.metadata (3.3 kB)
2025-09-02T06:27:11.4186145Z Collecting beautifulsoup4 (from bs4->scratchattach)
2025-09-02T06:27:11.4219109Z   Downloading beautifulsoup4-4.13.5-py3-none-any.whl.metadata (3.8 kB)
2025-09-02T06:27:11.4404573Z Collecting soupsieve>1.2 (from beautifulsoup4->bs4->scratchattach)
2025-09-02T06:27:11.4440785Z   Downloading soupsieve-2.8-py3-none-any.whl.metadata (4.6 kB)
2025-09-02T06:27:11.5411610Z Collecting charset_normalizer<4,>=2 (from requests->scratchattach)
2025-09-02T06:27:11.5449015Z   Downloading charset_normalizer-3.4.3-cp312-cp312-manylinux2014_x86_64.manylinux_2_17_x86_64.manylinux_2_28_x86_64.whl.metadata (36 kB)
2025-09-02T06:27:11.5934515Z Collecting idna<4,>=2.5 (from requests->scratchattach)
2025-09-02T06:27:11.5971010Z   Downloading idna-3.10-py3-none-any.whl.metadata (10 kB)
2025-09-02T06:27:11.6633315Z Collecting urllib3<3,>=1.21.1 (from requests->scratchattach)
2025-09-02T06:27:11.6668839Z   Downloading urllib3-2.5.0-py3-none-any.whl.metadata (6.5 kB)
2025-09-02T06:27:11.8518363Z Collecting certifi>=2017.4.17 (from requests->scratchattach)
2025-09-02T06:27:11.8556900Z   Downloading certifi-2025.8.3-py3-none-any.whl.metadata (2.4 kB)
2025-09-02T06:27:12.0624101Z Downloading scratchattach-2.1.13-py3-none-any.whl (141 kB)
2025-09-02T06:27:12.0725215Z Downloading bs4-0.0.2-py2.py3-none-any.whl (1.2 kB)
2025-09-02T06:27:12.0799581Z Downloading beautifulsoup4-4.13.5-py3-none-any.whl (105 kB)
2025-09-02T06:27:12.0974017Z Downloading soupsieve-2.8-py3-none-any.whl (36 kB)
2025-09-02T06:27:12.1894122Z Downloading typing_extensions-4.15.0-py3-none-any.whl (44 kB)
2025-09-02T06:27:12.1966004Z Downloading requests-2.32.5-py3-none-any.whl (64 kB)
2025-09-02T06:27:12.2891992Z Downloading charset_normalizer-3.4.3-cp312-cp312-manylinux2014_x86_64.manylinux_2_17_x86_64.manylinux_2_28_x86_64.whl (151 kB)
2025-09-02T06:27:12.2967730Z Downloading idna-3.10-py3-none-any.whl (70 kB)
2025-09-02T06:27:12.3367022Z Downloading urllib3-2.5.0-py3-none-any.whl (129 kB)
2025-09-02T06:27:12.3803779Z Downloading certifi-2025.8.3-py3-none-any.whl (161 kB)
2025-09-02T06:27:12.3873084Z Downloading websocket_client-1.8.0-py3-none-any.whl (58 kB)
2025-09-02T06:27:12.5027538Z Building wheels for collected packages: SimpleWebSocketServer
2025-09-02T06:27:12.5036408Z   Building wheel for SimpleWebSocketServer (pyproject.toml): started
2025-09-02T06:27:12.7209912Z   Building wheel for SimpleWebSocketServer (pyproject.toml): finished with status 'done'
2025-09-02T06:27:12.7215279Z   Created wheel for SimpleWebSocketServer: filename=simplewebsocketserver-0.1.2-py3-none-any.whl size=9715 sha256=ee9e0bb1a4644125a8117466ff43f29c49d4ba764af33e403b2884ef30051841
2025-09-02T06:27:12.7217079Z   Stored in directory: /home/runner/.cache/pip/wheels/81/fd/d8/f145b47bedceb5dff96b76e404a4ee9be956a4f8f150cd8133
2025-09-02T06:27:12.7235120Z Successfully built SimpleWebSocketServer
2025-09-02T06:27:12.7407960Z Installing collected packages: SimpleWebSocketServer, websocket-client, urllib3, typing-extensions, soupsieve, idna, charset_normalizer, certifi, requests, beautifulsoup4, bs4, scratchattach
2025-09-02T06:27:13.2865068Z 
2025-09-02T06:27:13.2884363Z Successfully installed SimpleWebSocketServer-0.1.2 beautifulsoup4-4.13.5 bs4-0.0.2 certifi-2025.8.3 charset_normalizer-3.4.3 idna-3.10 requests-2.32.5 scratchattach-2.1.13 soupsieve-2.8 typing-extensions-4.15.0 urllib3-2.5.0 websocket-client-1.8.0
2025-09-02T06:27:13.3667054Z ##[group]Run actions/checkout@v5
2025-09-02T06:27:13.3667303Z with:
2025-09-02T06:27:13.3667486Z   ref: main
2025-09-02T06:27:13.3667671Z   repository: Boss-1s/scratchattach
2025-09-02T06:27:13.3668026Z   token: ***
2025-09-02T06:27:13.3668205Z   ssh-strict: true
2025-09-02T06:27:13.3668382Z   ssh-user: git
2025-09-02T06:27:13.3668564Z   persist-credentials: true
2025-09-02T06:27:13.3668771Z   clean: true
2025-09-02T06:27:13.3668954Z   sparse-checkout-cone-mode: true
2025-09-02T06:27:13.3669183Z   fetch-depth: 1
2025-09-02T06:27:13.3669506Z   fetch-tags: false
2025-09-02T06:27:13.3669691Z   show-progress: true
2025-09-02T06:27:13.3669874Z   lfs: false
2025-09-02T06:27:13.3670033Z   submodules: false
2025-09-02T06:27:13.3670219Z   set-safe-directory: true
2025-09-02T06:27:13.3670415Z env:
2025-09-02T06:27:13.3670633Z   pythonLocation: /opt/hostedtoolcache/Python/3.12.5/x64
2025-09-02T06:27:13.3671015Z   PKG_CONFIG_PATH: /opt/hostedtoolcache/Python/3.12.5/x64/lib/pkgconfig
2025-09-02T06:27:13.3671421Z   Python_ROOT_DIR: /opt/hostedtoolcache/Python/3.12.5/x64
2025-09-02T06:27:13.3671757Z   Python2_ROOT_DIR: /opt/hostedtoolcache/Python/3.12.5/x64
2025-09-02T06:27:13.3672087Z   Python3_ROOT_DIR: /opt/hostedtoolcache/Python/3.12.5/x64
2025-09-02T06:27:13.3672422Z   LD_LIBRARY_PATH: /opt/hostedtoolcache/Python/3.12.5/x64/lib
2025-09-02T06:27:13.3672715Z ##[endgroup]
2025-09-02T06:27:13.4424856Z Syncing repository: Boss-1s/scratchattach
2025-09-02T06:27:13.4426141Z ##[group]Getting Git version info
2025-09-02T06:27:13.4426683Z Working directory is '/home/runner/work/scratchattach/scratchattach'
2025-09-02T06:27:13.4462432Z [command]/usr/bin/git version
2025-09-02T06:27:13.4498899Z git version 2.51.0
2025-09-02T06:27:13.4518769Z ##[endgroup]
2025-09-02T06:27:13.4533268Z Temporarily overriding HOME='/home/runner/work/_temp/3cba97c4-ceed-42a2-a94e-90a76fee48b3' before making global git config changes
2025-09-02T06:27:13.4534572Z Adding repository directory to the temporary git global config as a safe directory
2025-09-02T06:27:13.4538918Z [command]/usr/bin/git config --global --add safe.directory /home/runner/work/scratchattach/scratchattach
2025-09-02T06:27:13.4575898Z [command]/usr/bin/git config --local --get remote.origin.url
2025-09-02T06:27:13.4596294Z https://github.com/Boss-1s/scratchattach
2025-09-02T06:27:13.4608929Z ##[group]Removing previously created refs, to avoid conflicts
2025-09-02T06:27:13.4612892Z [command]/usr/bin/git rev-parse --symbolic-full-name --verify --quiet HEAD
2025-09-02T06:27:13.4632979Z refs/heads/main
2025-09-02T06:27:13.4642208Z [command]/usr/bin/git checkout --detach
2025-09-02T06:27:13.4927256Z HEAD is now at 7805618 [BOT] Download Logs
2025-09-02T06:27:13.4971713Z [command]/usr/bin/git branch --delete --force main
2025-09-02T06:27:13.4997098Z Deleted branch main (was 7805618).
2025-09-02T06:27:13.5032366Z ##[endgroup]
2025-09-02T06:27:13.5036140Z [command]/usr/bin/git submodule status
2025-09-02T06:27:13.5256783Z ##[group]Cleaning the repository
2025-09-02T06:27:13.5261033Z [command]/usr/bin/git clean -ffdx
2025-09-02T06:27:13.5292685Z [command]/usr/bin/git reset --hard HEAD
2025-09-02T06:27:13.5326705Z HEAD is now at 7805618 [BOT] Download Logs
2025-09-02T06:27:13.5332341Z ##[endgroup]
2025-09-02T06:27:13.5333992Z ##[group]Disabling automatic garbage collection
2025-09-02T06:27:13.5338289Z [command]/usr/bin/git config --local gc.auto 0
2025-09-02T06:27:13.5363829Z ##[endgroup]
2025-09-02T06:27:13.5364390Z ##[group]Setting up auth
2025-09-02T06:27:13.5371179Z [command]/usr/bin/git config --local --name-only --get-regexp core\.sshCommand
2025-09-02T06:27:13.5401312Z [command]/usr/bin/git submodule foreach --recursive sh -c "git config --local --name-only --get-regexp 'core\.sshCommand' && git config --local --unset-all 'core.sshCommand' || :"
2025-09-02T06:27:13.5618740Z [command]/usr/bin/git config --local --name-only --get-regexp http\.https\:\/\/github\.com\/\.extraheader
2025-09-02T06:27:13.5641085Z http.https://github.com/.extraheader
2025-09-02T06:27:13.5650798Z [command]/usr/bin/git config --local --unset-all http.https://github.com/.extraheader
2025-09-02T06:27:13.5681573Z [command]/usr/bin/git submodule foreach --recursive sh -c "git config --local --name-only --get-regexp 'http\.https\:\/\/github\.com\/\.extraheader' && git config --local --unset-all 'http.https://github.com/.extraheader' || :"
2025-09-02T06:27:13.5921488Z [command]/usr/bin/git config --local http.https://github.com/.extraheader AUTHORIZATION: basic ***
2025-09-02T06:27:13.5961747Z ##[endgroup]
2025-09-02T06:27:13.5962113Z ##[group]Fetching the repository
2025-09-02T06:27:13.5971223Z [command]/usr/bin/git -c protocol.version=2 fetch --no-tags --prune --no-recurse-submodules --depth=1 origin +refs/heads/main*:refs/remotes/origin/main* +refs/tags/main*:refs/tags/main*
2025-09-02T06:27:13.7830479Z ##[endgroup]
2025-09-02T06:27:13.7830869Z ##[group]Determining the checkout info
2025-09-02T06:27:13.7837354Z [command]/usr/bin/git branch --list --remote origin/main
2025-09-02T06:27:13.7860699Z   origin/main
2025-09-02T06:27:13.7865592Z ##[endgroup]
2025-09-02T06:27:13.7871539Z [command]/usr/bin/git sparse-checkout disable
2025-09-02T06:27:13.7912405Z [command]/usr/bin/git config --local --unset-all extensions.worktreeConfig
2025-09-02T06:27:13.7940182Z ##[group]Checking out the ref
2025-09-02T06:27:13.7945296Z [command]/usr/bin/git checkout --progress --force -B main refs/remotes/origin/main
2025-09-02T06:27:13.7984972Z Switched to a new branch 'main'
2025-09-02T06:27:13.7987334Z branch 'main' set up to track 'origin/main'.
2025-09-02T06:27:13.7994762Z ##[endgroup]
2025-09-02T06:27:13.8032584Z [command]/usr/bin/git log -1 --format=%H
2025-09-02T06:27:13.8052931Z 7805618378438c87c31f9b226207fa051673afb1
2025-09-02T06:27:13.8170917Z ##[group]Run timeout 359m python3 message_viewer.py || { [[ $? -eq 124 ]] && exit 0; }
2025-09-02T06:27:13.8171469Z [36;1mtimeout 359m python3 message_viewer.py || { [[ $? -eq 124 ]] && exit 0; }[0m
2025-09-02T06:27:13.8204159Z shell: /usr/bin/bash -e {0}
2025-09-02T06:27:13.8204375Z env:
2025-09-02T06:27:13.8204615Z   pythonLocation: /opt/hostedtoolcache/Python/3.12.5/x64
2025-09-02T06:27:13.8205016Z   PKG_CONFIG_PATH: /opt/hostedtoolcache/Python/3.12.5/x64/lib/pkgconfig
2025-09-02T06:27:13.8205573Z   Python_ROOT_DIR: /opt/hostedtoolcache/Python/3.12.5/x64
2025-09-02T06:27:13.8205908Z   Python2_ROOT_DIR: /opt/hostedtoolcache/Python/3.12.5/x64
2025-09-02T06:27:13.8206238Z   Python3_ROOT_DIR: /opt/hostedtoolcache/Python/3.12.5/x64
2025-09-02T06:27:13.8206582Z   LD_LIBRARY_PATH: /opt/hostedtoolcache/Python/3.12.5/x64/lib
2025-09-02T06:27:13.8206975Z   PASS: ***
2025-09-02T06:27:13.8207143Z ##[endgroup]
2025-09-02T06:27:15.2477926Z Thanks for giving credit for CloudRequests!
2025-09-02T06:27:15.2478449Z Request handler is running
2025-09-02T06:27:15.2485298Z Request handler is running
2025-09-02T12:26:13.8357885Z Post job cleanup.
2025-09-02T12:26:13.9122722Z [command]/usr/bin/git version
2025-09-02T12:26:13.9158874Z git version 2.51.0
2025-09-02T12:26:13.9196187Z Temporarily overriding HOME='/home/runner/work/_temp/ce1dbcc4-aba5-4f57-b3e6-1533980a4ad5' before making global git config changes
2025-09-02T12:26:13.9197507Z Adding repository directory to the temporary git global config as a safe directory
2025-09-02T12:26:13.9201833Z [command]/usr/bin/git config --global --add safe.directory /home/runner/work/scratchattach/scratchattach
2025-09-02T12:26:13.9237954Z [command]/usr/bin/git config --local --name-only --get-regexp core\.sshCommand
2025-09-02T12:26:13.9271165Z [command]/usr/bin/git submodule foreach --recursive sh -c "git config --local --name-only --get-regexp 'core\.sshCommand' && git config --local --unset-all 'core.sshCommand' || :"
2025-09-02T12:26:13.9498021Z [command]/usr/bin/git config --local --name-only --get-regexp http\.https\:\/\/github\.com\/\.extraheader
2025-09-02T12:26:13.9521131Z http.https://github.com/.extraheader
2025-09-02T12:26:13.9531037Z [command]/usr/bin/git config --local --unset-all http.https://github.com/.extraheader
2025-09-02T12:26:13.9561565Z [command]/usr/bin/git submodule foreach --recursive sh -c "git config --local --name-only --get-regexp 'http\.https\:\/\/github\.com\/\.extraheader' && git config --local --unset-all 'http.https://github.com/.extraheader' || :"
2025-09-02T12:26:13.9896541Z Post job cleanup.
2025-09-02T12:26:14.1566851Z Post job cleanup.
2025-09-02T12:26:14.2356814Z [command]/usr/bin/git version
2025-09-02T12:26:14.2393917Z git version 2.51.0
2025-09-02T12:26:14.2431905Z Temporarily overriding HOME='/home/runner/work/_temp/8bd90400-ea3f-4b98-8991-c0e95bb6683e' before making global git config changes
2025-09-02T12:26:14.2433181Z Adding repository directory to the temporary git global config as a safe directory
2025-09-02T12:26:14.2437895Z [command]/usr/bin/git config --global --add safe.directory /home/runner/work/scratchattach/scratchattach
2025-09-02T12:26:14.2475090Z [command]/usr/bin/git config --local --name-only --get-regexp core\.sshCommand
2025-09-02T12:26:14.2507824Z [command]/usr/bin/git submodule foreach --recursive sh -c "git config --local --name-only --get-regexp 'core\.sshCommand' && git config --local --unset-all 'core.sshCommand' || :"
2025-09-02T12:26:14.2734211Z [command]/usr/bin/git config --local --name-only --get-regexp http\.https\:\/\/github\.com\/\.extraheader
2025-09-02T12:26:14.2766753Z [command]/usr/bin/git submodule foreach --recursive sh -c "git config --local --name-only --get-regexp 'http\.https\:\/\/github\.com\/\.extraheader' && git config --local --unset-all 'http.https://github.com/.extraheader' || :"
2025-09-02T12:26:14.3111875Z Cleaning up orphan processes
