2026-01-08T21:34:03.1268676Z Current runner version: '2.330.0'
2026-01-08T21:34:03.1293084Z ##[group]Runner Image Provisioner
2026-01-08T21:34:03.1293953Z Hosted Compute Agent
2026-01-08T21:34:03.1294519Z Version: 20251211.462
2026-01-08T21:34:03.1295374Z Commit: 6cbad8c2bb55d58165063d031ccabf57e2d2db61
2026-01-08T21:34:03.1296143Z Build Date: 2025-12-11T16:28:49Z
2026-01-08T21:34:03.1296759Z Worker ID: {a3ca15c9-a0d8-4f6c-9fd8-f7f1e24552e0}
2026-01-08T21:34:03.1297561Z ##[endgroup]
2026-01-08T21:34:03.1298096Z ##[group]Operating System
2026-01-08T21:34:03.1298621Z Ubuntu
2026-01-08T21:34:03.1299149Z 24.04.3
2026-01-08T21:34:03.1299613Z LTS
2026-01-08T21:34:03.1300087Z ##[endgroup]
2026-01-08T21:34:03.1300632Z ##[group]Runner Image
2026-01-08T21:34:03.1301153Z Image: ubuntu-24.04
2026-01-08T21:34:03.1301654Z Version: 20260105.202.1
2026-01-08T21:34:03.1302713Z Included Software: https://github.com/actions/runner-images/blob/ubuntu24/20260105.202/images/ubuntu/Ubuntu2404-Readme.md
2026-01-08T21:34:03.1304261Z Image Release: https://github.com/actions/runner-images/releases/tag/ubuntu24%2F20260105.202
2026-01-08T21:34:03.1305653Z ##[endgroup]
2026-01-08T21:34:03.1306615Z ##[group]GITHUB_TOKEN Permissions
2026-01-08T21:34:03.1308674Z Contents: write
2026-01-08T21:34:03.1309391Z Metadata: read
2026-01-08T21:34:03.1309897Z ##[endgroup]
2026-01-08T21:34:03.1312238Z Secret source: Actions
2026-01-08T21:34:03.1313566Z Prepare workflow directory
2026-01-08T21:34:03.1639581Z Prepare all required actions
2026-01-08T21:34:03.1676971Z Getting action download info
2026-01-08T21:34:03.5000377Z Download action repository 'actions/checkout@v6.0.1' (SHA:8e8c483db84b4bee98b60c0593521ed34d9990e8)
2026-01-08T21:34:03.6089202Z Download action repository 'actions/setup-python@v6.1.0' (SHA:83679a892e2d95755f2dac6acb0bfd1e9ac5d548)
2026-01-08T21:34:03.8929665Z Complete job name: Run Request/Database Handler
2026-01-08T21:34:03.9614925Z ##[group]Run actions/checkout@v6.0.1
2026-01-08T21:34:03.9615801Z with:
2026-01-08T21:34:03.9616187Z   ref: scratch_chat_dev
2026-01-08T21:34:03.9616656Z   repository: Boss-1s/scratchattach
2026-01-08T21:34:03.9617293Z   token: ***
2026-01-08T21:34:03.9617674Z   ssh-strict: true
2026-01-08T21:34:03.9618061Z   ssh-user: git
2026-01-08T21:34:03.9618456Z   persist-credentials: true
2026-01-08T21:34:03.9618901Z   clean: true
2026-01-08T21:34:03.9619292Z   sparse-checkout-cone-mode: true
2026-01-08T21:34:03.9619764Z   fetch-depth: 1
2026-01-08T21:34:03.9620141Z   fetch-tags: false
2026-01-08T21:34:03.9620529Z   show-progress: true
2026-01-08T21:34:03.9620920Z   lfs: false
2026-01-08T21:34:03.9621276Z   submodules: false
2026-01-08T21:34:03.9621676Z   set-safe-directory: true
2026-01-08T21:34:03.9622313Z ##[endgroup]
2026-01-08T21:34:04.0553448Z Syncing repository: Boss-1s/scratchattach
2026-01-08T21:34:04.0555429Z ##[group]Getting Git version info
2026-01-08T21:34:04.0556262Z Working directory is '/home/runner/work/scratchattach/scratchattach'
2026-01-08T21:34:04.0557311Z [command]/usr/bin/git version
2026-01-08T21:34:04.0603304Z git version 2.52.0
2026-01-08T21:34:04.0655831Z ##[endgroup]
2026-01-08T21:34:04.0671459Z Temporarily overriding HOME='/home/runner/work/_temp/c053c5b6-da04-439e-bdb6-a18e7ef9614e' before making global git config changes
2026-01-08T21:34:04.0673839Z Adding repository directory to the temporary git global config as a safe directory
2026-01-08T21:34:04.0677147Z [command]/usr/bin/git config --global --add safe.directory /home/runner/work/scratchattach/scratchattach
2026-01-08T21:34:04.0717621Z Deleting the contents of '/home/runner/work/scratchattach/scratchattach'
2026-01-08T21:34:04.0721256Z ##[group]Initializing the repository
2026-01-08T21:34:04.0725942Z [command]/usr/bin/git init /home/runner/work/scratchattach/scratchattach
2026-01-08T21:34:04.0837615Z hint: Using 'master' as the name for the initial branch. This default branch name
2026-01-08T21:34:04.0839370Z hint: will change to "main" in Git 3.0. To configure the initial branch name
2026-01-08T21:34:04.0841012Z hint: to use in all of your new repositories, which will suppress this warning,
2026-01-08T21:34:04.0842762Z hint: call:
2026-01-08T21:34:04.0843318Z hint:
2026-01-08T21:34:04.0843822Z hint: 	git config --global init.defaultBranch <name>
2026-01-08T21:34:04.0844435Z hint:
2026-01-08T21:34:04.0845223Z hint: Names commonly chosen instead of 'master' are 'main', 'trunk' and
2026-01-08T21:34:04.0846177Z hint: 'development'. The just-created branch can be renamed via this command:
2026-01-08T21:34:04.0846923Z hint:
2026-01-08T21:34:04.0847313Z hint: 	git branch -m <name>
2026-01-08T21:34:04.0847771Z hint:
2026-01-08T21:34:04.0848675Z hint: Disable this message with "git config set advice.defaultBranchName false"
2026-01-08T21:34:04.0849883Z Initialized empty Git repository in /home/runner/work/scratchattach/scratchattach/.git/
2026-01-08T21:34:04.0853295Z [command]/usr/bin/git remote add origin https://github.com/Boss-1s/scratchattach
2026-01-08T21:34:04.0886767Z ##[endgroup]
2026-01-08T21:34:04.0887474Z ##[group]Disabling automatic garbage collection
2026-01-08T21:34:04.0890260Z [command]/usr/bin/git config --local gc.auto 0
2026-01-08T21:34:04.0918394Z ##[endgroup]
2026-01-08T21:34:04.0919056Z ##[group]Setting up auth
2026-01-08T21:34:04.0919892Z Removing SSH command configuration
2026-01-08T21:34:04.0925493Z [command]/usr/bin/git config --local --name-only --get-regexp core\.sshCommand
2026-01-08T21:34:04.0957896Z [command]/usr/bin/git submodule foreach --recursive sh -c "git config --local --name-only --get-regexp 'core\.sshCommand' && git config --local --unset-all 'core.sshCommand' || :"
2026-01-08T21:34:04.1327501Z Removing HTTP extra header
2026-01-08T21:34:04.1332285Z [command]/usr/bin/git config --local --name-only --get-regexp http\.https\:\/\/github\.com\/\.extraheader
2026-01-08T21:34:04.1366797Z [command]/usr/bin/git submodule foreach --recursive sh -c "git config --local --name-only --get-regexp 'http\.https\:\/\/github\.com\/\.extraheader' && git config --local --unset-all 'http.https://github.com/.extraheader' || :"
2026-01-08T21:34:04.1600721Z Removing includeIf entries pointing to credentials config files
2026-01-08T21:34:04.1606936Z [command]/usr/bin/git config --local --name-only --get-regexp ^includeIf\.gitdir:
2026-01-08T21:34:04.1640470Z [command]/usr/bin/git submodule foreach --recursive git config --local --show-origin --name-only --get-regexp remote.origin.url
2026-01-08T21:34:04.1887823Z [command]/usr/bin/git config --file /home/runner/work/_temp/git-credentials-a95e15b7-083c-496a-b263-5ddaf627c122.config http.https://github.com/.extraheader AUTHORIZATION: basic ***
2026-01-08T21:34:04.1927374Z [command]/usr/bin/git config --local includeIf.gitdir:/home/runner/work/scratchattach/scratchattach/.git.path /home/runner/work/_temp/git-credentials-a95e15b7-083c-496a-b263-5ddaf627c122.config
2026-01-08T21:34:04.1960570Z [command]/usr/bin/git config --local includeIf.gitdir:/home/runner/work/scratchattach/scratchattach/.git/worktrees/*.path /home/runner/work/_temp/git-credentials-a95e15b7-083c-496a-b263-5ddaf627c122.config
2026-01-08T21:34:04.1991087Z [command]/usr/bin/git config --local includeIf.gitdir:/github/workspace/.git.path /github/runner_temp/git-credentials-a95e15b7-083c-496a-b263-5ddaf627c122.config
2026-01-08T21:34:04.2021439Z [command]/usr/bin/git config --local includeIf.gitdir:/github/workspace/.git/worktrees/*.path /github/runner_temp/git-credentials-a95e15b7-083c-496a-b263-5ddaf627c122.config
2026-01-08T21:34:04.2046938Z ##[endgroup]
2026-01-08T21:34:04.2048106Z ##[group]Fetching the repository
2026-01-08T21:34:04.2057338Z [command]/usr/bin/git -c protocol.version=2 fetch --no-tags --prune --no-recurse-submodules --depth=1 origin +refs/heads/scratch_chat_dev*:refs/remotes/origin/scratch_chat_dev* +refs/tags/scratch_chat_dev*:refs/tags/scratch_chat_dev*
2026-01-08T21:34:12.8589171Z From https://github.com/Boss-1s/scratchattach
2026-01-08T21:34:12.8591031Z  * [new branch]      scratch_chat_dev -> origin/scratch_chat_dev
2026-01-08T21:34:12.8622195Z ##[endgroup]
2026-01-08T21:34:12.8623538Z ##[group]Determining the checkout info
2026-01-08T21:34:12.8629793Z [command]/usr/bin/git branch --list --remote origin/scratch_chat_dev
2026-01-08T21:34:12.8661576Z   origin/scratch_chat_dev
2026-01-08T21:34:12.8667353Z ##[endgroup]
2026-01-08T21:34:12.8671771Z [command]/usr/bin/git sparse-checkout disable
2026-01-08T21:34:12.8714370Z [command]/usr/bin/git config --local --unset-all extensions.worktreeConfig
2026-01-08T21:34:12.8742500Z ##[group]Checking out the ref
2026-01-08T21:34:12.8747399Z [command]/usr/bin/git checkout --progress --force -B scratch_chat_dev refs/remotes/origin/scratch_chat_dev
2026-01-08T21:34:13.9325121Z Updating files:  90% (2619/2880)
2026-01-08T21:34:14.2513852Z Updating files:  91% (2621/2880)
2026-01-08T21:34:14.5450821Z Updating files:  92% (2650/2880)
2026-01-08T21:34:14.5487724Z Updating files:  93% (2679/2880)
2026-01-08T21:34:14.5520968Z Updating files:  94% (2708/2880)
2026-01-08T21:34:14.7509806Z Updating files:  95% (2736/2880)
2026-01-08T21:34:14.7535152Z Updating files:  96% (2765/2880)
2026-01-08T21:34:14.8891332Z Updating files:  97% (2794/2880)
2026-01-08T21:34:14.9869244Z Updating files:  97% (2816/2880)
2026-01-08T21:34:15.5590991Z Updating files:  98% (2823/2880)
2026-01-08T21:34:15.5623412Z Updating files:  99% (2852/2880)
2026-01-08T21:34:15.5624134Z Updating files: 100% (2880/2880)
2026-01-08T21:34:15.5624954Z Updating files: 100% (2880/2880), done.
2026-01-08T21:34:15.5679489Z Switched to a new branch 'scratch_chat_dev'
2026-01-08T21:34:15.5683542Z branch 'scratch_chat_dev' set up to track 'origin/scratch_chat_dev'.
2026-01-08T21:34:15.5834133Z ##[endgroup]
2026-01-08T21:34:15.5878512Z [command]/usr/bin/git log -1 --format=%H
2026-01-08T21:34:15.5902596Z 47b2ee588901504c7b4a44b6e19569d29a925ae9
2026-01-08T21:34:15.6128386Z ##[group]Run actions/setup-python@v6.1.0
2026-01-08T21:34:15.6128713Z with:
2026-01-08T21:34:15.6128916Z   python-version: 3.14
2026-01-08T21:34:15.6129122Z   check-latest: true
2026-01-08T21:34:15.6129437Z   token: ***
2026-01-08T21:34:15.6129628Z   update-environment: true
2026-01-08T21:34:15.6129886Z   allow-prereleases: false
2026-01-08T21:34:15.6130096Z   freethreaded: false
2026-01-08T21:34:15.6130294Z ##[endgroup]
2026-01-08T21:34:15.7417864Z ##[group]Installed versions
2026-01-08T21:34:15.7602053Z (node:2104) [DEP0040] DeprecationWarning: The `punycode` module is deprecated. Please use a userland alternative instead.
2026-01-08T21:34:15.7603242Z (Use `node --trace-deprecation ...` to show where the warning was created)
2026-01-08T21:34:16.3689753Z Resolved as '3.14.2'
2026-01-08T21:34:16.3724323Z Successfully set up CPython (3.14.2)
2026-01-08T21:34:16.3725414Z ##[endgroup]
2026-01-08T21:34:16.3921143Z ##[group]Run pip install -r requirements.txt
2026-01-08T21:34:16.3921599Z [36;1mpip install -r requirements.txt[0m
2026-01-08T21:34:16.3968883Z shell: /usr/bin/bash -e {0}
2026-01-08T21:34:16.3969155Z env:
2026-01-08T21:34:16.3969421Z   pythonLocation: /opt/hostedtoolcache/Python/3.14.2/x64
2026-01-08T21:34:16.3969896Z   PKG_CONFIG_PATH: /opt/hostedtoolcache/Python/3.14.2/x64/lib/pkgconfig
2026-01-08T21:34:16.3970375Z   Python_ROOT_DIR: /opt/hostedtoolcache/Python/3.14.2/x64
2026-01-08T21:34:16.3970765Z   Python2_ROOT_DIR: /opt/hostedtoolcache/Python/3.14.2/x64
2026-01-08T21:34:16.3971162Z   Python3_ROOT_DIR: /opt/hostedtoolcache/Python/3.14.2/x64
2026-01-08T21:34:16.3971569Z   LD_LIBRARY_PATH: /opt/hostedtoolcache/Python/3.14.2/x64/lib
2026-01-08T21:34:16.3971916Z ##[endgroup]
2026-01-08T21:34:18.6472745Z Collecting scratchattach>=2.1.15b0 (from -r requirements.txt (line 1))
2026-01-08T21:34:18.7419554Z   Downloading scratchattach-2.1.15b0-py3-none-any.whl.metadata (5.7 kB)
2026-01-08T21:34:18.7778750Z Collecting websocket-client (from scratchattach>=2.1.15b0->-r requirements.txt (line 1))
2026-01-08T21:34:18.7945386Z   Downloading websocket_client-1.9.0-py3-none-any.whl.metadata (8.3 kB)
2026-01-08T21:34:18.8407343Z Collecting requests (from scratchattach>=2.1.15b0->-r requirements.txt (line 1))
2026-01-08T21:34:18.8571268Z   Downloading requests-2.32.5-py3-none-any.whl.metadata (4.9 kB)
2026-01-08T21:34:18.8808428Z Collecting bs4 (from scratchattach>=2.1.15b0->-r requirements.txt (line 1))
2026-01-08T21:34:18.8980580Z   Downloading bs4-0.0.2-py2.py3-none-any.whl.metadata (411 bytes)
2026-01-08T21:34:18.9187669Z Collecting SimpleWebSocketServer (from scratchattach>=2.1.15b0->-r requirements.txt (line 1))
2026-01-08T21:34:18.9362565Z   Downloading SimpleWebSocketServer-0.1.2.tar.gz (10 kB)
2026-01-08T21:34:18.9459068Z   Installing build dependencies: started
2026-01-08T21:34:20.0629310Z   Installing build dependencies: finished with status 'done'
2026-01-08T21:34:20.0636311Z   Getting requirements to build wheel: started
2026-01-08T21:34:20.9416631Z   Getting requirements to build wheel: finished with status 'done'
2026-01-08T21:34:20.9425167Z   Preparing metadata (pyproject.toml): started
2026-01-08T21:34:21.1459123Z   Preparing metadata (pyproject.toml): finished with status 'done'
2026-01-08T21:34:21.1755829Z Collecting typing-extensions (from scratchattach>=2.1.15b0->-r requirements.txt (line 1))
2026-01-08T21:34:21.1921277Z   Downloading typing_extensions-4.15.0-py3-none-any.whl.metadata (3.3 kB)
2026-01-08T21:34:21.2172573Z Collecting browser_cookie3 (from scratchattach>=2.1.15b0->-r requirements.txt (line 1))
2026-01-08T21:34:21.2382430Z   Downloading browser_cookie3-0.20.1-py3-none-any.whl.metadata (713 bytes)
2026-01-08T21:34:21.3324591Z Collecting lz4 (from browser_cookie3->scratchattach>=2.1.15b0->-r requirements.txt (line 1))
2026-01-08T21:34:21.3499282Z   Downloading lz4-4.4.5-cp314-cp314-manylinux2014_x86_64.manylinux_2_17_x86_64.manylinux_2_28_x86_64.whl.metadata (3.8 kB)
2026-01-08T21:34:21.4581415Z Collecting pycryptodomex (from browser_cookie3->scratchattach>=2.1.15b0->-r requirements.txt (line 1))
2026-01-08T21:34:21.4743862Z   Downloading pycryptodomex-3.23.0-cp37-abi3-manylinux_2_17_x86_64.manylinux2014_x86_64.whl.metadata (3.4 kB)
2026-01-08T21:34:21.4964067Z Collecting jeepney (from browser_cookie3->scratchattach>=2.1.15b0->-r requirements.txt (line 1))
2026-01-08T21:34:21.5125642Z   Downloading jeepney-0.9.0-py3-none-any.whl.metadata (1.2 kB)
2026-01-08T21:34:21.5414937Z Collecting beautifulsoup4 (from bs4->scratchattach>=2.1.15b0->-r requirements.txt (line 1))
2026-01-08T21:34:21.5578572Z   Downloading beautifulsoup4-4.14.3-py3-none-any.whl.metadata (3.8 kB)
2026-01-08T21:34:21.5876024Z Collecting soupsieve>=1.6.1 (from beautifulsoup4->bs4->scratchattach>=2.1.15b0->-r requirements.txt (line 1))
2026-01-08T21:34:21.6038715Z   Downloading soupsieve-2.8.1-py3-none-any.whl.metadata (4.6 kB)
2026-01-08T21:34:21.7213207Z Collecting charset_normalizer<4,>=2 (from requests->scratchattach>=2.1.15b0->-r requirements.txt (line 1))
2026-01-08T21:34:21.7381855Z   Downloading charset_normalizer-3.4.4-cp314-cp314-manylinux2014_x86_64.manylinux_2_17_x86_64.manylinux_2_28_x86_64.whl.metadata (37 kB)
2026-01-08T21:34:21.7728402Z Collecting idna<4,>=2.5 (from requests->scratchattach>=2.1.15b0->-r requirements.txt (line 1))
2026-01-08T21:34:21.7887820Z   Downloading idna-3.11-py3-none-any.whl.metadata (8.4 kB)
2026-01-08T21:34:21.8304886Z Collecting urllib3<3,>=1.21.1 (from requests->scratchattach>=2.1.15b0->-r requirements.txt (line 1))
2026-01-08T21:34:21.8465339Z   Downloading urllib3-2.6.3-py3-none-any.whl.metadata (6.9 kB)
2026-01-08T21:34:21.8810060Z Collecting certifi>=2017.4.17 (from requests->scratchattach>=2.1.15b0->-r requirements.txt (line 1))
2026-01-08T21:34:21.8974640Z   Downloading certifi-2026.1.4-py3-none-any.whl.metadata (2.5 kB)
2026-01-08T21:34:21.9221538Z Downloading scratchattach-2.1.15b0-py3-none-any.whl (145 kB)
2026-01-08T21:34:21.9664218Z Downloading browser_cookie3-0.20.1-py3-none-any.whl (17 kB)
2026-01-08T21:34:21.9859532Z Downloading bs4-0.0.2-py2.py3-none-any.whl (1.2 kB)
2026-01-08T21:34:22.0041344Z Downloading beautifulsoup4-4.14.3-py3-none-any.whl (107 kB)
2026-01-08T21:34:22.0401570Z Downloading soupsieve-2.8.1-py3-none-any.whl (36 kB)
2026-01-08T21:34:22.0620372Z Downloading typing_extensions-4.15.0-py3-none-any.whl (44 kB)
2026-01-08T21:34:22.0847880Z Downloading jeepney-0.9.0-py3-none-any.whl (49 kB)
2026-01-08T21:34:22.1128894Z Downloading lz4-4.4.5-cp314-cp314-manylinux2014_x86_64.manylinux_2_17_x86_64.manylinux_2_28_x86_64.whl (1.4 MB)
2026-01-08T21:34:22.2868883Z    ━━━━━━━━━━━━━━━━━━━━━━━━━━━━━━━━━━━━━━━━ 1.4/1.4 MB 8.5 MB/s  0:00:00
2026-01-08T21:34:22.3033883Z Downloading pycryptodomex-3.23.0-cp37-abi3-manylinux_2_17_x86_64.manylinux2014_x86_64.whl (2.3 MB)
2026-01-08T21:34:22.4729742Z    ━━━━━━━━━━━━━━━━━━━━━━━━━━━━━━━━━━━━━━━━ 2.3/2.3 MB 13.9 MB/s  0:00:00
2026-01-08T21:34:22.4891545Z Downloading requests-2.32.5-py3-none-any.whl (64 kB)
2026-01-08T21:34:22.5096730Z Downloading charset_normalizer-3.4.4-cp314-cp314-manylinux2014_x86_64.manylinux_2_17_x86_64.manylinux_2_28_x86_64.whl (152 kB)
2026-01-08T21:34:22.5342223Z Downloading idna-3.11-py3-none-any.whl (71 kB)
2026-01-08T21:34:22.5559498Z Downloading urllib3-2.6.3-py3-none-any.whl (131 kB)
2026-01-08T21:34:22.5787078Z Downloading certifi-2026.1.4-py3-none-any.whl (152 kB)
2026-01-08T21:34:22.6026043Z Downloading websocket_client-1.9.0-py3-none-any.whl (82 kB)
2026-01-08T21:34:22.6267047Z Building wheels for collected packages: SimpleWebSocketServer
2026-01-08T21:34:22.6274944Z   Building wheel for SimpleWebSocketServer (pyproject.toml): started
2026-01-08T21:34:22.8649978Z   Building wheel for SimpleWebSocketServer (pyproject.toml): finished with status 'done'
2026-01-08T21:34:22.8655719Z   Created wheel for SimpleWebSocketServer: filename=simplewebsocketserver-0.1.2-py3-none-any.whl size=9715 sha256=063677f690afc066061e97456651e5cedabd353607e06c820cd371955106fa42
2026-01-08T21:34:22.8657429Z   Stored in directory: /home/runner/.cache/pip/wheels/5a/5b/20/48ef42cb119fe12cb5ea0267429e2c7bba29ccf56933420a51
2026-01-08T21:34:22.8675341Z Successfully built SimpleWebSocketServer
2026-01-08T21:34:22.8911062Z Installing collected packages: SimpleWebSocketServer, websocket-client, urllib3, typing-extensions, soupsieve, pycryptodomex, lz4, jeepney, idna, charset_normalizer, certifi, requests, browser_cookie3, beautifulsoup4, bs4, scratchattach
2026-01-08T21:34:24.2560406Z 
2026-01-08T21:34:24.2586458Z Successfully installed SimpleWebSocketServer-0.1.2 beautifulsoup4-4.14.3 browser_cookie3-0.20.1 bs4-0.0.2 certifi-2026.1.4 charset_normalizer-3.4.4 idna-3.11 jeepney-0.9.0 lz4-4.4.5 pycryptodomex-3.23.0 requests-2.32.5 scratchattach-2.1.15b0 soupsieve-2.8.1 typing-extensions-4.15.0 urllib3-2.6.3 websocket-client-1.9.0
2026-01-08T21:34:24.5046358Z ##[group]Run actions/checkout@v6.0.1
2026-01-08T21:34:24.5046634Z with:
2026-01-08T21:34:24.5046808Z   ref: scratch_chat_dev
2026-01-08T21:34:24.5047028Z   repository: Boss-1s/scratchattach
2026-01-08T21:34:24.5047388Z   token: ***
2026-01-08T21:34:24.5047562Z   ssh-strict: true
2026-01-08T21:34:24.5047740Z   ssh-user: git
2026-01-08T21:34:24.5047929Z   persist-credentials: true
2026-01-08T21:34:24.5048142Z   clean: true
2026-01-08T21:34:24.5048335Z   sparse-checkout-cone-mode: true
2026-01-08T21:34:24.5048585Z   fetch-depth: 1
2026-01-08T21:34:24.5048769Z   fetch-tags: false
2026-01-08T21:34:24.5048973Z   show-progress: true
2026-01-08T21:34:24.5049157Z   lfs: false
2026-01-08T21:34:24.5049328Z   submodules: false
2026-01-08T21:34:24.5049523Z   set-safe-directory: true
2026-01-08T21:34:24.5049722Z env:
2026-01-08T21:34:24.5049954Z   pythonLocation: /opt/hostedtoolcache/Python/3.14.2/x64
2026-01-08T21:34:24.5050388Z   PKG_CONFIG_PATH: /opt/hostedtoolcache/Python/3.14.2/x64/lib/pkgconfig
2026-01-08T21:34:24.5050786Z   Python_ROOT_DIR: /opt/hostedtoolcache/Python/3.14.2/x64
2026-01-08T21:34:24.5051130Z   Python2_ROOT_DIR: /opt/hostedtoolcache/Python/3.14.2/x64
2026-01-08T21:34:24.5051476Z   Python3_ROOT_DIR: /opt/hostedtoolcache/Python/3.14.2/x64
2026-01-08T21:34:24.5051831Z   LD_LIBRARY_PATH: /opt/hostedtoolcache/Python/3.14.2/x64/lib
2026-01-08T21:34:24.5052128Z ##[endgroup]
2026-01-08T21:34:24.5824497Z Syncing repository: Boss-1s/scratchattach
2026-01-08T21:34:24.5825722Z ##[group]Getting Git version info
2026-01-08T21:34:24.5826514Z Working directory is '/home/runner/work/scratchattach/scratchattach'
2026-01-08T21:34:24.5862406Z [command]/usr/bin/git version
2026-01-08T21:34:24.5898493Z git version 2.52.0
2026-01-08T21:34:24.5951063Z ##[endgroup]
2026-01-08T21:34:24.5964481Z Temporarily overriding HOME='/home/runner/work/_temp/c9e561c1-e99a-49fc-b5fb-c02142e8a07d' before making global git config changes
2026-01-08T21:34:24.5965601Z Adding repository directory to the temporary git global config as a safe directory
2026-01-08T21:34:24.5969842Z [command]/usr/bin/git config --global --add safe.directory /home/runner/work/scratchattach/scratchattach
2026-01-08T21:34:24.6008212Z [command]/usr/bin/git config --local --get remote.origin.url
2026-01-08T21:34:24.6032236Z https://github.com/Boss-1s/scratchattach
2026-01-08T21:34:24.6045916Z ##[group]Removing previously created refs, to avoid conflicts
2026-01-08T21:34:24.6050226Z [command]/usr/bin/git rev-parse --symbolic-full-name --verify --quiet HEAD
2026-01-08T21:34:24.6072367Z refs/heads/scratch_chat_dev
2026-01-08T21:34:24.6082779Z [command]/usr/bin/git checkout --detach
2026-01-08T21:34:25.1185997Z HEAD is now at 47b2ee5 Update scratch_chat.py
2026-01-08T21:34:25.1245688Z [command]/usr/bin/git branch --delete --force scratch_chat_dev
2026-01-08T21:34:25.1275901Z Deleted branch scratch_chat_dev (was 47b2ee5).
2026-01-08T21:34:25.1312721Z ##[endgroup]
2026-01-08T21:34:25.1316528Z [command]/usr/bin/git submodule status
2026-01-08T21:34:25.1549979Z ##[group]Cleaning the repository
2026-01-08T21:34:25.1555170Z [command]/usr/bin/git clean -ffdx
2026-01-08T21:34:25.1608849Z [command]/usr/bin/git reset --hard HEAD
2026-01-08T21:34:25.1716704Z HEAD is now at 47b2ee5 Update scratch_chat.py
2026-01-08T21:34:25.1722657Z ##[endgroup]
2026-01-08T21:34:25.1724275Z ##[group]Disabling automatic garbage collection
2026-01-08T21:34:25.1728625Z [command]/usr/bin/git config --local gc.auto 0
2026-01-08T21:34:25.1755096Z ##[endgroup]
2026-01-08T21:34:25.1755639Z ##[group]Setting up auth
2026-01-08T21:34:25.1756909Z Removing SSH command configuration
2026-01-08T21:34:25.1762662Z [command]/usr/bin/git config --local --name-only --get-regexp core\.sshCommand
2026-01-08T21:34:25.1792640Z [command]/usr/bin/git submodule foreach --recursive sh -c "git config --local --name-only --get-regexp 'core\.sshCommand' && git config --local --unset-all 'core.sshCommand' || :"
2026-01-08T21:34:25.2016549Z Removing HTTP extra header
2026-01-08T21:34:25.2021943Z [command]/usr/bin/git config --local --name-only --get-regexp http\.https\:\/\/github\.com\/\.extraheader
2026-01-08T21:34:25.2052231Z [command]/usr/bin/git submodule foreach --recursive sh -c "git config --local --name-only --get-regexp 'http\.https\:\/\/github\.com\/\.extraheader' && git config --local --unset-all 'http.https://github.com/.extraheader' || :"
2026-01-08T21:34:25.2275186Z Removing includeIf entries pointing to credentials config files
2026-01-08T21:34:25.2281777Z [command]/usr/bin/git config --local --name-only --get-regexp ^includeIf\.gitdir:
2026-01-08T21:34:25.2308367Z includeif.gitdir:/home/runner/work/scratchattach/scratchattach/.git.path
2026-01-08T21:34:25.2309383Z includeif.gitdir:/home/runner/work/scratchattach/scratchattach/.git/worktrees/*.path
2026-01-08T21:34:25.2310241Z includeif.gitdir:/github/workspace/.git.path
2026-01-08T21:34:25.2310894Z includeif.gitdir:/github/workspace/.git/worktrees/*.path
2026-01-08T21:34:25.2317968Z [command]/usr/bin/git config --local --get-all includeif.gitdir:/home/runner/work/scratchattach/scratchattach/.git.path
2026-01-08T21:34:25.2339321Z /home/runner/work/_temp/git-credentials-a95e15b7-083c-496a-b263-5ddaf627c122.config
2026-01-08T21:34:25.2349426Z [command]/usr/bin/git config --local --unset includeif.gitdir:/home/runner/work/scratchattach/scratchattach/.git.path /home/runner/work/_temp/git-credentials-a95e15b7-083c-496a-b263-5ddaf627c122.config
2026-01-08T21:34:25.2380845Z [command]/usr/bin/git config --local --get-all includeif.gitdir:/home/runner/work/scratchattach/scratchattach/.git/worktrees/*.path
2026-01-08T21:34:25.2401345Z /home/runner/work/_temp/git-credentials-a95e15b7-083c-496a-b263-5ddaf627c122.config
2026-01-08T21:34:25.2410018Z [command]/usr/bin/git config --local --unset includeif.gitdir:/home/runner/work/scratchattach/scratchattach/.git/worktrees/*.path /home/runner/work/_temp/git-credentials-a95e15b7-083c-496a-b263-5ddaf627c122.config
2026-01-08T21:34:25.2439170Z [command]/usr/bin/git config --local --get-all includeif.gitdir:/github/workspace/.git.path
2026-01-08T21:34:25.2459066Z /github/runner_temp/git-credentials-a95e15b7-083c-496a-b263-5ddaf627c122.config
2026-01-08T21:34:25.2466529Z [command]/usr/bin/git config --local --unset includeif.gitdir:/github/workspace/.git.path /github/runner_temp/git-credentials-a95e15b7-083c-496a-b263-5ddaf627c122.config
2026-01-08T21:34:25.2498535Z [command]/usr/bin/git config --local --get-all includeif.gitdir:/github/workspace/.git/worktrees/*.path
2026-01-08T21:34:25.2518956Z /github/runner_temp/git-credentials-a95e15b7-083c-496a-b263-5ddaf627c122.config
2026-01-08T21:34:25.2528506Z [command]/usr/bin/git config --local --unset includeif.gitdir:/github/workspace/.git/worktrees/*.path /github/runner_temp/git-credentials-a95e15b7-083c-496a-b263-5ddaf627c122.config
2026-01-08T21:34:25.2561973Z [command]/usr/bin/git submodule foreach --recursive git config --local --show-origin --name-only --get-regexp remote.origin.url
2026-01-08T21:34:25.2784501Z Removing credentials config '/home/runner/work/_temp/git-credentials-a95e15b7-083c-496a-b263-5ddaf627c122.config'
2026-01-08T21:34:25.2799062Z [command]/usr/bin/git config --file /home/runner/work/_temp/git-credentials-3b70b787-ab18-40f1-83d2-88ca01300e77.config http.https://github.com/.extraheader AUTHORIZATION: basic ***
2026-01-08T21:34:25.2834205Z [command]/usr/bin/git config --local includeIf.gitdir:/home/runner/work/scratchattach/scratchattach/.git.path /home/runner/work/_temp/git-credentials-3b70b787-ab18-40f1-83d2-88ca01300e77.config
2026-01-08T21:34:25.2864165Z [command]/usr/bin/git config --local includeIf.gitdir:/home/runner/work/scratchattach/scratchattach/.git/worktrees/*.path /home/runner/work/_temp/git-credentials-3b70b787-ab18-40f1-83d2-88ca01300e77.config
2026-01-08T21:34:25.2893841Z [command]/usr/bin/git config --local includeIf.gitdir:/github/workspace/.git.path /github/runner_temp/git-credentials-3b70b787-ab18-40f1-83d2-88ca01300e77.config
2026-01-08T21:34:25.2923998Z [command]/usr/bin/git config --local includeIf.gitdir:/github/workspace/.git/worktrees/*.path /github/runner_temp/git-credentials-3b70b787-ab18-40f1-83d2-88ca01300e77.config
2026-01-08T21:34:25.2948890Z ##[endgroup]
2026-01-08T21:34:25.2949431Z ##[group]Fetching the repository
2026-01-08T21:34:25.2958980Z [command]/usr/bin/git -c protocol.version=2 fetch --no-tags --prune --no-recurse-submodules --depth=1 origin +refs/heads/scratch_chat_dev*:refs/remotes/origin/scratch_chat_dev* +refs/tags/scratch_chat_dev*:refs/tags/scratch_chat_dev*
2026-01-08T21:34:25.5860951Z ##[endgroup]
2026-01-08T21:34:25.5861540Z ##[group]Determining the checkout info
2026-01-08T21:34:25.5868843Z [command]/usr/bin/git branch --list --remote origin/scratch_chat_dev
2026-01-08T21:34:25.5896240Z   origin/scratch_chat_dev
2026-01-08T21:34:25.5902105Z ##[endgroup]
2026-01-08T21:34:25.5907116Z [command]/usr/bin/git sparse-checkout disable
2026-01-08T21:34:25.5968571Z [command]/usr/bin/git config --local --unset-all extensions.worktreeConfig
2026-01-08T21:34:25.5995044Z ##[group]Checking out the ref
2026-01-08T21:34:25.5999499Z [command]/usr/bin/git checkout --progress --force -B scratch_chat_dev refs/remotes/origin/scratch_chat_dev
2026-01-08T21:34:25.6080673Z Switched to a new branch 'scratch_chat_dev'
2026-01-08T21:34:25.6083123Z branch 'scratch_chat_dev' set up to track 'origin/scratch_chat_dev'.
2026-01-08T21:34:25.6096583Z ##[endgroup]
2026-01-08T21:34:25.6133123Z [command]/usr/bin/git log -1 --format=%H
2026-01-08T21:34:25.6157968Z 47b2ee588901504c7b4a44b6e19569d29a925ae9
2026-01-08T21:34:25.6272879Z ##[group]Run git config --global user.name 'Boss-1s [via Actions]'
2026-01-08T21:34:25.6273359Z [36;1mgit config --global user.name 'Boss-1s [via Actions]'[0m
2026-01-08T21:34:25.6274017Z [36;1mgit config --global user.email 'Boss-1s[auto]@users.noreply.github.com'[0m
2026-01-08T21:34:25.6274519Z [36;1mtimeout 3m python3 scratch_chat.py || { [[ $? -eq 124 ]] && exit 0; }[0m
2026-01-08T21:34:25.6309536Z shell: /usr/bin/bash -e {0}
2026-01-08T21:34:25.6309770Z env:
2026-01-08T21:34:25.6310013Z   pythonLocation: /opt/hostedtoolcache/Python/3.14.2/x64
2026-01-08T21:34:25.6310424Z   PKG_CONFIG_PATH: /opt/hostedtoolcache/Python/3.14.2/x64/lib/pkgconfig
2026-01-08T21:34:25.6310839Z   Python_ROOT_DIR: /opt/hostedtoolcache/Python/3.14.2/x64
2026-01-08T21:34:25.6311218Z   Python2_ROOT_DIR: /opt/hostedtoolcache/Python/3.14.2/x64
2026-01-08T21:34:25.6311591Z   Python3_ROOT_DIR: /opt/hostedtoolcache/Python/3.14.2/x64
2026-01-08T21:34:25.6312008Z   LD_LIBRARY_PATH: /opt/hostedtoolcache/Python/3.14.2/x64/lib
2026-01-08T21:34:25.6312452Z   PASS: ***
2026-01-08T21:34:25.6312633Z ##[endgroup]
2026-01-08T21:34:26.8368863Z /opt/hostedtoolcache/Python/3.14.2/x64/lib/python3.14/site-packages/scratchattach/cloud/_base.py:129: UnexpectedWebsocketEventWarning: Initial cloud connection attempt failed, retrying...
2026-01-08T21:34:26.8371099Z   warnings.warn("Initial cloud connection attempt failed, retrying...", exceptions.UnexpectedWebsocketEventWarning)
2026-01-08T21:34:27.0067332Z If you use cloud requests or cloud storages, please credit TimMcCool!
2026-01-08T21:34:27.0068281Z [scratch_chat.py]  Request handler is running
2026-01-08T21:35:56.8033148Z ##[error]The operation was canceled.
2026-01-08T21:35:56.8071755Z ##[group]Run bash push.sh
2026-01-08T21:35:56.8072022Z [36;1mbash push.sh[0m
2026-01-08T21:35:56.8107401Z shell: /usr/bin/bash -e {0}
2026-01-08T21:35:56.8107639Z env:
2026-01-08T21:35:56.8107896Z   pythonLocation: /opt/hostedtoolcache/Python/3.14.2/x64
2026-01-08T21:35:56.8108328Z   PKG_CONFIG_PATH: /opt/hostedtoolcache/Python/3.14.2/x64/lib/pkgconfig
2026-01-08T21:35:56.8108750Z   Python_ROOT_DIR: /opt/hostedtoolcache/Python/3.14.2/x64
2026-01-08T21:35:56.8109141Z   Python2_ROOT_DIR: /opt/hostedtoolcache/Python/3.14.2/x64
2026-01-08T21:35:56.8109513Z   Python3_ROOT_DIR: /opt/hostedtoolcache/Python/3.14.2/x64
2026-01-08T21:35:56.8109881Z   LD_LIBRARY_PATH: /opt/hostedtoolcache/Python/3.14.2/x64/lib
2026-01-08T21:35:56.8110192Z ##[endgroup]
2026-01-08T21:35:57.0335081Z From https://github.com/Boss-1s/scratchattach
2026-01-08T21:35:57.0335695Z  * branch            scratch_chat_dev -> FETCH_HEAD
2026-01-08T21:35:57.0409665Z Already up to date.
2026-01-08T21:35:57.0490185Z Git working tree is clean (no uncommitted changes).
2026-01-08T21:35:57.0557655Z Post job cleanup.
2026-01-08T21:35:57.1350009Z [command]/usr/bin/git version
2026-01-08T21:35:57.1417971Z git version 2.52.0
2026-01-08T21:35:57.1450173Z Copying '/home/runner/.gitconfig' to '/home/runner/work/_temp/63a60fd4-3c24-431d-ab05-c24f5dd323e6/.gitconfig'
2026-01-08T21:35:57.1459058Z Temporarily overriding HOME='/home/runner/work/_temp/63a60fd4-3c24-431d-ab05-c24f5dd323e6' before making global git config changes
2026-01-08T21:35:57.1460228Z Adding repository directory to the temporary git global config as a safe directory
2026-01-08T21:35:57.1464795Z [command]/usr/bin/git config --global --add safe.directory /home/runner/work/scratchattach/scratchattach
2026-01-08T21:35:57.1494449Z Removing SSH command configuration
2026-01-08T21:35:57.1500904Z [command]/usr/bin/git config --local --name-only --get-regexp core\.sshCommand
2026-01-08T21:35:57.1534874Z [command]/usr/bin/git submodule foreach --recursive sh -c "git config --local --name-only --get-regexp 'core\.sshCommand' && git config --local --unset-all 'core.sshCommand' || :"
2026-01-08T21:35:57.1808046Z Removing HTTP extra header
2026-01-08T21:35:57.1808902Z [command]/usr/bin/git config --local --name-only --get-regexp http\.https\:\/\/github\.com\/\.extraheader
2026-01-08T21:35:57.1811973Z [command]/usr/bin/git submodule foreach --recursive sh -c "git config --local --name-only --get-regexp 'http\.https\:\/\/github\.com\/\.extraheader' && git config --local --unset-all 'http.https://github.com/.extraheader' || :"
2026-01-08T21:35:57.2029460Z Removing includeIf entries pointing to credentials config files
2026-01-08T21:35:57.2035136Z [command]/usr/bin/git config --local --name-only --get-regexp ^includeIf\.gitdir:
2026-01-08T21:35:57.2057495Z includeif.gitdir:/home/runner/work/scratchattach/scratchattach/.git.path
2026-01-08T21:35:57.2058474Z includeif.gitdir:/home/runner/work/scratchattach/scratchattach/.git/worktrees/*.path
2026-01-08T21:35:57.2059312Z includeif.gitdir:/github/workspace/.git.path
2026-01-08T21:35:57.2059990Z includeif.gitdir:/github/workspace/.git/worktrees/*.path
2026-01-08T21:35:57.2067769Z [command]/usr/bin/git config --local --get-all includeif.gitdir:/home/runner/work/scratchattach/scratchattach/.git.path
2026-01-08T21:35:57.2089937Z /home/runner/work/_temp/git-credentials-3b70b787-ab18-40f1-83d2-88ca01300e77.config
2026-01-08T21:35:57.2099525Z [command]/usr/bin/git config --local --unset includeif.gitdir:/home/runner/work/scratchattach/scratchattach/.git.path /home/runner/work/_temp/git-credentials-3b70b787-ab18-40f1-83d2-88ca01300e77.config
2026-01-08T21:35:57.2131211Z [command]/usr/bin/git config --local --get-all includeif.gitdir:/home/runner/work/scratchattach/scratchattach/.git/worktrees/*.path
2026-01-08T21:35:57.2182837Z /home/runner/work/_temp/git-credentials-3b70b787-ab18-40f1-83d2-88ca01300e77.config
2026-01-08T21:35:57.2193224Z [command]/usr/bin/git config --local --unset includeif.gitdir:/home/runner/work/scratchattach/scratchattach/.git/worktrees/*.path /home/runner/work/_temp/git-credentials-3b70b787-ab18-40f1-83d2-88ca01300e77.config
2026-01-08T21:35:57.2199131Z [command]/usr/bin/git config --local --get-all includeif.gitdir:/github/workspace/.git.path
2026-01-08T21:35:57.2220702Z /github/runner_temp/git-credentials-3b70b787-ab18-40f1-83d2-88ca01300e77.config
2026-01-08T21:35:57.2229828Z [command]/usr/bin/git config --local --unset includeif.gitdir:/github/workspace/.git.path /github/runner_temp/git-credentials-3b70b787-ab18-40f1-83d2-88ca01300e77.config
2026-01-08T21:35:57.2259988Z [command]/usr/bin/git config --local --get-all includeif.gitdir:/github/workspace/.git/worktrees/*.path
2026-01-08T21:35:57.2280204Z /github/runner_temp/git-credentials-3b70b787-ab18-40f1-83d2-88ca01300e77.config
2026-01-08T21:35:57.2289597Z [command]/usr/bin/git config --local --unset includeif.gitdir:/github/workspace/.git/worktrees/*.path /github/runner_temp/git-credentials-3b70b787-ab18-40f1-83d2-88ca01300e77.config
2026-01-08T21:35:57.2320933Z [command]/usr/bin/git submodule foreach --recursive git config --local --show-origin --name-only --get-regexp remote.origin.url
2026-01-08T21:35:57.2545446Z Removing credentials config '/home/runner/work/_temp/git-credentials-3b70b787-ab18-40f1-83d2-88ca01300e77.config'
2026-01-08T21:35:57.2683416Z Post job cleanup.
2026-01-08T21:35:57.3465909Z [command]/usr/bin/git version
2026-01-08T21:35:57.3502753Z git version 2.52.0
2026-01-08T21:35:57.3534113Z Copying '/home/runner/.gitconfig' to '/home/runner/work/_temp/bf74e644-bf01-4bec-aaf8-0cc417fdb12a/.gitconfig'
2026-01-08T21:35:57.3543962Z Temporarily overriding HOME='/home/runner/work/_temp/bf74e644-bf01-4bec-aaf8-0cc417fdb12a' before making global git config changes
2026-01-08T21:35:57.3546189Z Adding repository directory to the temporary git global config as a safe directory
2026-01-08T21:35:57.3550144Z [command]/usr/bin/git config --global --add safe.directory /home/runner/work/scratchattach/scratchattach
2026-01-08T21:35:57.3580427Z Removing SSH command configuration
2026-01-08T21:35:57.3586494Z [command]/usr/bin/git config --local --name-only --get-regexp core\.sshCommand
2026-01-08T21:35:57.3644107Z [command]/usr/bin/git submodule foreach --recursive sh -c "git config --local --name-only --get-regexp 'core\.sshCommand' && git config --local --unset-all 'core.sshCommand' || :"
2026-01-08T21:35:57.3870187Z Removing HTTP extra header
2026-01-08T21:35:57.3875108Z [command]/usr/bin/git config --local --name-only --get-regexp http\.https\:\/\/github\.com\/\.extraheader
2026-01-08T21:35:57.3907154Z [command]/usr/bin/git submodule foreach --recursive sh -c "git config --local --name-only --get-regexp 'http\.https\:\/\/github\.com\/\.extraheader' && git config --local --unset-all 'http.https://github.com/.extraheader' || :"
2026-01-08T21:35:57.4134630Z Removing includeIf entries pointing to credentials config files
2026-01-08T21:35:57.4140226Z [command]/usr/bin/git config --local --name-only --get-regexp ^includeIf\.gitdir:
2026-01-08T21:35:57.4172786Z [command]/usr/bin/git submodule foreach --recursive git config --local --show-origin --name-only --get-regexp remote.origin.url
2026-01-08T21:35:57.4539015Z Cleaning up orphan processes
2026-01-08T21:35:57.4744158Z Terminate orphan process: pid (2347) (timeout)
2026-01-08T21:35:57.4761766Z Terminate orphan process: pid (2348) (python3)
