2025-09-03T06:55:41.4270911Z Current runner version: '2.328.0'
2025-09-03T06:55:41.4293695Z ##[group]Runner Image Provisioner
2025-09-03T06:55:41.4294742Z Hosted Compute Agent
2025-09-03T06:55:41.4295316Z Version: 20250829.383
2025-09-03T06:55:41.4295915Z Commit: 27cb235aab5b0e52e153a26cd86b4742e89dac5d
2025-09-03T06:55:41.4296635Z Build Date: 2025-08-29T13:48:48Z
2025-09-03T06:55:41.4297251Z ##[endgroup]
2025-09-03T06:55:41.4297771Z ##[group]Operating System
2025-09-03T06:55:41.4298366Z Ubuntu
2025-09-03T06:55:41.4298838Z 24.04.3
2025-09-03T06:55:41.4299244Z LTS
2025-09-03T06:55:41.4299730Z ##[endgroup]
2025-09-03T06:55:41.4300264Z ##[group]Runner Image
2025-09-03T06:55:41.4300750Z Image: ubuntu-24.04
2025-09-03T06:55:41.4301292Z Version: 20250831.1.0
2025-09-03T06:55:41.4302313Z Included Software: https://github.com/actions/runner-images/blob/ubuntu24/20250831.1/images/ubuntu/Ubuntu2404-Readme.md
2025-09-03T06:55:41.4303754Z Image Release: https://github.com/actions/runner-images/releases/tag/ubuntu24%2F20250831.1
2025-09-03T06:55:41.4305175Z ##[endgroup]
2025-09-03T06:55:41.4307566Z ##[group]GITHUB_TOKEN Permissions
2025-09-03T06:55:41.4309608Z Actions: write
2025-09-03T06:55:41.4310124Z Attestations: write
2025-09-03T06:55:41.4310731Z Checks: write
2025-09-03T06:55:41.4311247Z Contents: write
2025-09-03T06:55:41.4311748Z Deployments: write
2025-09-03T06:55:41.4312302Z Discussions: write
2025-09-03T06:55:41.4312793Z Issues: write
2025-09-03T06:55:41.4313279Z Metadata: read
2025-09-03T06:55:41.4313797Z Models: read
2025-09-03T06:55:41.4314460Z Packages: write
2025-09-03T06:55:41.4314960Z Pages: write
2025-09-03T06:55:41.4315500Z PullRequests: write
2025-09-03T06:55:41.4316013Z RepositoryProjects: write
2025-09-03T06:55:41.4316576Z SecurityEvents: write
2025-09-03T06:55:41.4317230Z Statuses: write
2025-09-03T06:55:41.4317762Z ##[endgroup]
2025-09-03T06:55:41.4320006Z Secret source: Actions
2025-09-03T06:55:41.4320841Z Prepare workflow directory
2025-09-03T06:55:41.4646095Z Prepare all required actions
2025-09-03T06:55:41.4682576Z Getting action download info
2025-09-03T06:55:41.8486749Z Download action repository 'actions/checkout@v5' (SHA:08c6903cd8c0fde910a37f88322edcfb5dd907a8)
2025-09-03T06:55:42.0114810Z Download action repository 'actions/setup-python@v5.6.0' (SHA:a26af69be951a213d495a4c3e4e4022e16d87065)
2025-09-03T06:55:42.0900405Z Download action repository 'bossOfCode/install-scratchattach@v1.0.3' (SHA:be17a7cf1ecb5a7040eb42ef26c2e1fbe72bb25a)
2025-09-03T06:55:42.5972202Z Complete job name: Run 1
2025-09-03T06:55:42.6631423Z ##[group]Run actions/checkout@v5
2025-09-03T06:55:42.6632227Z with:
2025-09-03T06:55:42.6632590Z   ref: main
2025-09-03T06:55:42.6632974Z   repository: Boss-1s/scratchattach
2025-09-03T06:55:42.6633616Z   token: ***
2025-09-03T06:55:42.6633991Z   ssh-strict: true
2025-09-03T06:55:42.6634541Z   ssh-user: git
2025-09-03T06:55:42.6634933Z   persist-credentials: true
2025-09-03T06:55:42.6635373Z   clean: true
2025-09-03T06:55:42.6635768Z   sparse-checkout-cone-mode: true
2025-09-03T06:55:42.6636281Z   fetch-depth: 1
2025-09-03T06:55:42.6636675Z   fetch-tags: false
2025-09-03T06:55:42.6637072Z   show-progress: true
2025-09-03T06:55:42.6637475Z   lfs: false
2025-09-03T06:55:42.6637832Z   submodules: false
2025-09-03T06:55:42.6638235Z   set-safe-directory: true
2025-09-03T06:55:42.6638924Z ##[endgroup]
2025-09-03T06:55:42.7560310Z Syncing repository: Boss-1s/scratchattach
2025-09-03T06:55:42.7562285Z ##[group]Getting Git version info
2025-09-03T06:55:42.7563123Z Working directory is '/home/runner/work/scratchattach/scratchattach'
2025-09-03T06:55:42.7564253Z [command]/usr/bin/git version
2025-09-03T06:55:42.7621772Z git version 2.51.0
2025-09-03T06:55:42.7642762Z ##[endgroup]
2025-09-03T06:55:42.7656392Z Temporarily overriding HOME='/home/runner/work/_temp/06c15645-1d72-4368-b933-3a4822436e0d' before making global git config changes
2025-09-03T06:55:42.7660549Z Adding repository directory to the temporary git global config as a safe directory
2025-09-03T06:55:42.7662252Z [command]/usr/bin/git config --global --add safe.directory /home/runner/work/scratchattach/scratchattach
2025-09-03T06:55:42.7695716Z Deleting the contents of '/home/runner/work/scratchattach/scratchattach'
2025-09-03T06:55:42.7699141Z ##[group]Initializing the repository
2025-09-03T06:55:42.7703035Z [command]/usr/bin/git init /home/runner/work/scratchattach/scratchattach
2025-09-03T06:55:42.7804656Z hint: Using 'master' as the name for the initial branch. This default branch name
2025-09-03T06:55:42.7806286Z hint: is subject to change. To configure the initial branch name to use in all
2025-09-03T06:55:42.7807186Z hint: of your new repositories, which will suppress this warning, call:
2025-09-03T06:55:42.7807829Z hint:
2025-09-03T06:55:42.7808546Z hint: 	git config --global init.defaultBranch <name>
2025-09-03T06:55:42.7809527Z hint:
2025-09-03T06:55:42.7810080Z hint: Names commonly chosen instead of 'master' are 'main', 'trunk' and
2025-09-03T06:55:42.7811688Z hint: 'development'. The just-created branch can be renamed via this command:
2025-09-03T06:55:42.7813017Z hint:
2025-09-03T06:55:42.7813737Z hint: 	git branch -m <name>
2025-09-03T06:55:42.7814735Z hint:
2025-09-03T06:55:42.7815835Z hint: Disable this message with "git config set advice.defaultBranchName false"
2025-09-03T06:55:42.7817662Z Initialized empty Git repository in /home/runner/work/scratchattach/scratchattach/.git/
2025-09-03T06:55:42.7821427Z [command]/usr/bin/git remote add origin https://github.com/Boss-1s/scratchattach
2025-09-03T06:55:42.7857760Z ##[endgroup]
2025-09-03T06:55:42.7858957Z ##[group]Disabling automatic garbage collection
2025-09-03T06:55:42.7861976Z [command]/usr/bin/git config --local gc.auto 0
2025-09-03T06:55:42.7889590Z ##[endgroup]
2025-09-03T06:55:42.7890782Z ##[group]Setting up auth
2025-09-03T06:55:42.7896696Z [command]/usr/bin/git config --local --name-only --get-regexp core\.sshCommand
2025-09-03T06:55:42.7927771Z [command]/usr/bin/git submodule foreach --recursive sh -c "git config --local --name-only --get-regexp 'core\.sshCommand' && git config --local --unset-all 'core.sshCommand' || :"
2025-09-03T06:55:42.8267415Z [command]/usr/bin/git config --local --name-only --get-regexp http\.https\:\/\/github\.com\/\.extraheader
2025-09-03T06:55:42.8294976Z [command]/usr/bin/git submodule foreach --recursive sh -c "git config --local --name-only --get-regexp 'http\.https\:\/\/github\.com\/\.extraheader' && git config --local --unset-all 'http.https://github.com/.extraheader' || :"
2025-09-03T06:55:42.8509491Z [command]/usr/bin/git config --local http.https://github.com/.extraheader AUTHORIZATION: basic ***
2025-09-03T06:55:42.8542427Z ##[endgroup]
2025-09-03T06:55:42.8543268Z ##[group]Fetching the repository
2025-09-03T06:55:42.8551894Z [command]/usr/bin/git -c protocol.version=2 fetch --no-tags --prune --no-recurse-submodules --depth=1 origin +refs/heads/main*:refs/remotes/origin/main* +refs/tags/main*:refs/tags/main*
2025-09-03T06:55:43.4751670Z From https://github.com/Boss-1s/scratchattach
2025-09-03T06:55:43.4755944Z  * [new branch]      main       -> origin/main
2025-09-03T06:55:43.4784806Z ##[endgroup]
2025-09-03T06:55:43.4786025Z ##[group]Determining the checkout info
2025-09-03T06:55:43.4791346Z [command]/usr/bin/git branch --list --remote origin/main
2025-09-03T06:55:43.4814608Z   origin/main
2025-09-03T06:55:43.4820873Z ##[endgroup]
2025-09-03T06:55:43.4825744Z [command]/usr/bin/git sparse-checkout disable
2025-09-03T06:55:43.4867631Z [command]/usr/bin/git config --local --unset-all extensions.worktreeConfig
2025-09-03T06:55:43.4896041Z ##[group]Checking out the ref
2025-09-03T06:55:43.4900490Z [command]/usr/bin/git checkout --progress --force -B main refs/remotes/origin/main
2025-09-03T06:55:43.5272866Z Switched to a new branch 'main'
2025-09-03T06:55:43.5275143Z branch 'main' set up to track 'origin/main'.
2025-09-03T06:55:43.5284245Z ##[endgroup]
2025-09-03T06:55:43.5326584Z [command]/usr/bin/git log -1 --format=%H
2025-09-03T06:55:43.5350519Z 00676d5627fb895633b963fa027217c9b38c324b
2025-09-03T06:55:43.5591108Z ##[group]Run actions/setup-python@v5.6.0
2025-09-03T06:55:43.5591831Z with:
2025-09-03T06:55:43.5592197Z   python-version: 3.12.5
2025-09-03T06:55:43.5592605Z   check-latest: false
2025-09-03T06:55:43.5593154Z   token: ***
2025-09-03T06:55:43.5593517Z   update-environment: true
2025-09-03T06:55:43.5593944Z   allow-prereleases: false
2025-09-03T06:55:43.5594512Z   freethreaded: false
2025-09-03T06:55:43.5594886Z ##[endgroup]
2025-09-03T06:55:43.7281602Z ##[group]Installed versions
2025-09-03T06:55:43.7300980Z Version 3.12.5 was not found in the local cache
2025-09-03T06:55:44.4522963Z Version 3.12.5 is available for downloading
2025-09-03T06:55:44.4524934Z Download from "https://github.com/actions/python-versions/releases/download/3.12.5-10375840348/python-3.12.5-linux-24.04-x64.tar.gz"
2025-09-03T06:55:45.3203743Z Extract downloaded archive
2025-09-03T06:55:45.3307962Z [command]/usr/bin/tar xz --warning=no-unknown-keyword --overwrite -C /home/runner/work/_temp/18f6b8f7-677c-4b29-9318-f7ed7ac03626 -f /home/runner/work/_temp/22ab21f6-f3b7-478a-9f3e-d4190a66d616
2025-09-03T06:55:47.3108821Z Execute installation script
2025-09-03T06:55:47.3200134Z Check if Python hostedtoolcache folder exist...
2025-09-03T06:55:47.3200733Z Create Python 3.12.5 folder
2025-09-03T06:55:47.3217757Z Copy Python binaries to hostedtoolcache folder
2025-09-03T06:55:47.8683481Z Create additional symlinks (Required for the UsePythonVersion Azure Pipelines task and the setup-python GitHub Action)
2025-09-03T06:55:47.8724468Z Upgrading pip...
2025-09-03T06:55:49.9181475Z Looking in links: /tmp/tmpcmi9dm_3
2025-09-03T06:55:49.9186582Z Requirement already satisfied: pip in /opt/hostedtoolcache/Python/3.12.5/x64/lib/python3.12/site-packages (24.2)
2025-09-03T06:55:51.0039181Z Collecting pip
2025-09-03T06:55:51.0788784Z Downloading pip-25.2-py3-none-any.whl.metadata (4.7 kB)
2025-09-03T06:55:51.0987300Z Downloading pip-25.2-py3-none-any.whl (1.8 MB)
2025-09-03T06:55:51.1708345Z ━━━━━━━━━━━━━━━━━━━━━━━━━━━━━━━━━━━━━━━━ 1.8/1.8 MB 40.2 MB/s eta 0:00:00
2025-09-03T06:55:51.1708829Z 
2025-09-03T06:55:51.1915099Z Installing collected packages: pip
2025-09-03T06:55:51.1917254Z Attempting uninstall: pip
2025-09-03T06:55:51.1951997Z Found existing installation: pip 24.2
2025-09-03T06:55:51.2366233Z Uninstalling pip-24.2:
2025-09-03T06:55:51.2421061Z Successfully uninstalled pip-24.2
2025-09-03T06:55:52.0962388Z Successfully installed pip-25.2
2025-09-03T06:55:52.1409520Z Create complete file
2025-09-03T06:55:52.1444964Z Successfully set up CPython (3.12.5)
2025-09-03T06:55:52.1445855Z ##[endgroup]
2025-09-03T06:55:52.1616420Z ##[group]Run bossOfCode/install-scratchattach@v1.0.3
2025-09-03T06:55:52.1616768Z env:
2025-09-03T06:55:52.1617015Z   pythonLocation: /opt/hostedtoolcache/Python/3.12.5/x64
2025-09-03T06:55:52.1617419Z   PKG_CONFIG_PATH: /opt/hostedtoolcache/Python/3.12.5/x64/lib/pkgconfig
2025-09-03T06:55:52.1617811Z   Python_ROOT_DIR: /opt/hostedtoolcache/Python/3.12.5/x64
2025-09-03T06:55:52.1618147Z   Python2_ROOT_DIR: /opt/hostedtoolcache/Python/3.12.5/x64
2025-09-03T06:55:52.1618501Z   Python3_ROOT_DIR: /opt/hostedtoolcache/Python/3.12.5/x64
2025-09-03T06:55:52.1618865Z   LD_LIBRARY_PATH: /opt/hostedtoolcache/Python/3.12.5/x64/lib
2025-09-03T06:55:52.1619170Z ##[endgroup]
2025-09-03T06:55:52.1765965Z ##[group]Run python3 -m pip install --upgrade pip
2025-09-03T06:55:52.1766582Z [36;1mpython3 -m pip install --upgrade pip[0m
2025-09-03T06:55:52.1829454Z shell: /usr/bin/bash --noprofile --norc -e -o pipefail {0}
2025-09-03T06:55:52.1829774Z env:
2025-09-03T06:55:52.1830056Z   pythonLocation: /opt/hostedtoolcache/Python/3.12.5/x64
2025-09-03T06:55:52.1830441Z   PKG_CONFIG_PATH: /opt/hostedtoolcache/Python/3.12.5/x64/lib/pkgconfig
2025-09-03T06:55:52.1830828Z   Python_ROOT_DIR: /opt/hostedtoolcache/Python/3.12.5/x64
2025-09-03T06:55:52.1831168Z   Python2_ROOT_DIR: /opt/hostedtoolcache/Python/3.12.5/x64
2025-09-03T06:55:52.1831496Z   Python3_ROOT_DIR: /opt/hostedtoolcache/Python/3.12.5/x64
2025-09-03T06:55:52.1831862Z   LD_LIBRARY_PATH: /opt/hostedtoolcache/Python/3.12.5/x64/lib
2025-09-03T06:55:52.1832149Z ##[endgroup]
2025-09-03T06:55:52.5616825Z Requirement already satisfied: pip in /opt/hostedtoolcache/Python/3.12.5/x64/lib/python3.12/site-packages (25.2)
2025-09-03T06:55:52.8073979Z ##[group]Run pip install -U scratchattach
2025-09-03T06:55:52.8074478Z [36;1mpip install -U scratchattach[0m
2025-09-03T06:55:52.8106086Z shell: /usr/bin/bash --noprofile --norc -e -o pipefail {0}
2025-09-03T06:55:52.8106410Z env:
2025-09-03T06:55:52.8106665Z   pythonLocation: /opt/hostedtoolcache/Python/3.12.5/x64
2025-09-03T06:55:52.8107068Z   PKG_CONFIG_PATH: /opt/hostedtoolcache/Python/3.12.5/x64/lib/pkgconfig
2025-09-03T06:55:52.8107453Z   Python_ROOT_DIR: /opt/hostedtoolcache/Python/3.12.5/x64
2025-09-03T06:55:52.8107804Z   Python2_ROOT_DIR: /opt/hostedtoolcache/Python/3.12.5/x64
2025-09-03T06:55:52.8108152Z   Python3_ROOT_DIR: /opt/hostedtoolcache/Python/3.12.5/x64
2025-09-03T06:55:52.8108505Z   LD_LIBRARY_PATH: /opt/hostedtoolcache/Python/3.12.5/x64/lib
2025-09-03T06:55:52.8108803Z ##[endgroup]
2025-09-03T06:55:53.2900222Z Collecting scratchattach
2025-09-03T06:55:53.3433882Z   Downloading scratchattach-2.1.13-py3-none-any.whl.metadata (5.5 kB)
2025-09-03T06:55:53.3746811Z Collecting websocket-client (from scratchattach)
2025-09-03T06:55:53.3851066Z   Downloading websocket_client-1.8.0-py3-none-any.whl.metadata (8.0 kB)
2025-09-03T06:55:53.4262770Z Collecting requests (from scratchattach)
2025-09-03T06:55:53.4367555Z   Downloading requests-2.32.5-py3-none-any.whl.metadata (4.9 kB)
2025-09-03T06:55:53.4571219Z Collecting bs4 (from scratchattach)
2025-09-03T06:55:53.4676303Z   Downloading bs4-0.0.2-py2.py3-none-any.whl.metadata (411 bytes)
2025-09-03T06:55:53.4877707Z Collecting SimpleWebSocketServer (from scratchattach)
2025-09-03T06:55:53.5003782Z   Downloading SimpleWebSocketServer-0.1.2.tar.gz (10 kB)
2025-09-03T06:55:53.5096022Z   Installing build dependencies: started
2025-09-03T06:55:54.3937144Z   Installing build dependencies: finished with status 'done'
2025-09-03T06:55:54.3942292Z   Getting requirements to build wheel: started
2025-09-03T06:55:54.7918220Z   Getting requirements to build wheel: finished with status 'done'
2025-09-03T06:55:54.7926864Z   Preparing metadata (pyproject.toml): started
2025-09-03T06:55:54.9738429Z   Preparing metadata (pyproject.toml): finished with status 'done'
2025-09-03T06:55:55.0046070Z Collecting typing-extensions (from scratchattach)
2025-09-03T06:55:55.0158991Z   Downloading typing_extensions-4.15.0-py3-none-any.whl.metadata (3.3 kB)
2025-09-03T06:55:55.0443613Z Collecting beautifulsoup4 (from bs4->scratchattach)
2025-09-03T06:55:55.0546942Z   Downloading beautifulsoup4-4.13.5-py3-none-any.whl.metadata (3.8 kB)
2025-09-03T06:55:55.0843785Z Collecting soupsieve>1.2 (from beautifulsoup4->bs4->scratchattach)
2025-09-03T06:55:55.0949031Z   Downloading soupsieve-2.8-py3-none-any.whl.metadata (4.6 kB)
2025-09-03T06:55:55.2130967Z Collecting charset_normalizer<4,>=2 (from requests->scratchattach)
2025-09-03T06:55:55.2239003Z   Downloading charset_normalizer-3.4.3-cp312-cp312-manylinux2014_x86_64.manylinux_2_17_x86_64.manylinux_2_28_x86_64.whl.metadata (36 kB)
2025-09-03T06:55:55.2552765Z Collecting idna<4,>=2.5 (from requests->scratchattach)
2025-09-03T06:55:55.2656697Z   Downloading idna-3.10-py3-none-any.whl.metadata (10 kB)
2025-09-03T06:55:55.3053671Z Collecting urllib3<3,>=1.21.1 (from requests->scratchattach)
2025-09-03T06:55:55.3159388Z   Downloading urllib3-2.5.0-py3-none-any.whl.metadata (6.5 kB)
2025-09-03T06:55:55.3479668Z Collecting certifi>=2017.4.17 (from requests->scratchattach)
2025-09-03T06:55:55.3591478Z   Downloading certifi-2025.8.3-py3-none-any.whl.metadata (2.4 kB)
2025-09-03T06:55:55.3775685Z Downloading scratchattach-2.1.13-py3-none-any.whl (141 kB)
2025-09-03T06:55:55.4003542Z Downloading bs4-0.0.2-py2.py3-none-any.whl (1.2 kB)
2025-09-03T06:55:55.4137822Z Downloading beautifulsoup4-4.13.5-py3-none-any.whl (105 kB)
2025-09-03T06:55:55.4269398Z Downloading soupsieve-2.8-py3-none-any.whl (36 kB)
2025-09-03T06:55:55.4393130Z Downloading typing_extensions-4.15.0-py3-none-any.whl (44 kB)
2025-09-03T06:55:55.4522037Z Downloading requests-2.32.5-py3-none-any.whl (64 kB)
2025-09-03T06:55:55.4660549Z Downloading charset_normalizer-3.4.3-cp312-cp312-manylinux2014_x86_64.manylinux_2_17_x86_64.manylinux_2_28_x86_64.whl (151 kB)
2025-09-03T06:55:55.4806993Z Downloading idna-3.10-py3-none-any.whl (70 kB)
2025-09-03T06:55:55.4932381Z Downloading urllib3-2.5.0-py3-none-any.whl (129 kB)
2025-09-03T06:55:55.5070215Z Downloading certifi-2025.8.3-py3-none-any.whl (161 kB)
2025-09-03T06:55:55.5211297Z Downloading websocket_client-1.8.0-py3-none-any.whl (58 kB)
2025-09-03T06:55:55.5344743Z Building wheels for collected packages: SimpleWebSocketServer
2025-09-03T06:55:55.5352768Z   Building wheel for SimpleWebSocketServer (pyproject.toml): started
2025-09-03T06:55:55.7510055Z   Building wheel for SimpleWebSocketServer (pyproject.toml): finished with status 'done'
2025-09-03T06:55:55.7516304Z   Created wheel for SimpleWebSocketServer: filename=simplewebsocketserver-0.1.2-py3-none-any.whl size=9715 sha256=1db930e8a71316e94ceee1f207bda12f7e8c9fee10efc11148e96f9d8071321f
2025-09-03T06:55:55.7518146Z   Stored in directory: /home/runner/.cache/pip/wheels/81/fd/d8/f145b47bedceb5dff96b76e404a4ee9be956a4f8f150cd8133
2025-09-03T06:55:55.7536345Z Successfully built SimpleWebSocketServer
2025-09-03T06:55:55.7709125Z Installing collected packages: SimpleWebSocketServer, websocket-client, urllib3, typing-extensions, soupsieve, idna, charset_normalizer, certifi, requests, beautifulsoup4, bs4, scratchattach
2025-09-03T06:55:56.3400356Z 
2025-09-03T06:55:56.3420329Z Successfully installed SimpleWebSocketServer-0.1.2 beautifulsoup4-4.13.5 bs4-0.0.2 certifi-2025.8.3 charset_normalizer-3.4.3 idna-3.10 requests-2.32.5 scratchattach-2.1.13 soupsieve-2.8 typing-extensions-4.15.0 urllib3-2.5.0 websocket-client-1.8.0
2025-09-03T06:55:56.4190688Z ##[group]Run actions/checkout@v5
2025-09-03T06:55:56.4190936Z with:
2025-09-03T06:55:56.4191102Z   ref: main
2025-09-03T06:55:56.4191288Z   repository: Boss-1s/scratchattach
2025-09-03T06:55:56.4191648Z   token: ***
2025-09-03T06:55:56.4191821Z   ssh-strict: true
2025-09-03T06:55:56.4192000Z   ssh-user: git
2025-09-03T06:55:56.4192181Z   persist-credentials: true
2025-09-03T06:55:56.4192393Z   clean: true
2025-09-03T06:55:56.4192579Z   sparse-checkout-cone-mode: true
2025-09-03T06:55:56.4192807Z   fetch-depth: 1
2025-09-03T06:55:56.4192986Z   fetch-tags: false
2025-09-03T06:55:56.4193166Z   show-progress: true
2025-09-03T06:55:56.4193349Z   lfs: false
2025-09-03T06:55:56.4193510Z   submodules: false
2025-09-03T06:55:56.4193697Z   set-safe-directory: true
2025-09-03T06:55:56.4193894Z env:
2025-09-03T06:55:56.4194254Z   pythonLocation: /opt/hostedtoolcache/Python/3.12.5/x64
2025-09-03T06:55:56.4194652Z   PKG_CONFIG_PATH: /opt/hostedtoolcache/Python/3.12.5/x64/lib/pkgconfig
2025-09-03T06:55:56.4195067Z   Python_ROOT_DIR: /opt/hostedtoolcache/Python/3.12.5/x64
2025-09-03T06:55:56.4195401Z   Python2_ROOT_DIR: /opt/hostedtoolcache/Python/3.12.5/x64
2025-09-03T06:55:56.4195729Z   Python3_ROOT_DIR: /opt/hostedtoolcache/Python/3.12.5/x64
2025-09-03T06:55:56.4196060Z   LD_LIBRARY_PATH: /opt/hostedtoolcache/Python/3.12.5/x64/lib
2025-09-03T06:55:56.4196339Z ##[endgroup]
2025-09-03T06:55:56.4943015Z Syncing repository: Boss-1s/scratchattach
2025-09-03T06:55:56.4944953Z ##[group]Getting Git version info
2025-09-03T06:55:56.4945642Z Working directory is '/home/runner/work/scratchattach/scratchattach'
2025-09-03T06:55:56.4985517Z [command]/usr/bin/git version
2025-09-03T06:55:56.5021402Z git version 2.51.0
2025-09-03T06:55:56.5041543Z ##[endgroup]
2025-09-03T06:55:56.5055618Z Temporarily overriding HOME='/home/runner/work/_temp/a3e49262-a957-41c1-b9d4-489d7710c209' before making global git config changes
2025-09-03T06:55:56.5056926Z Adding repository directory to the temporary git global config as a safe directory
2025-09-03T06:55:56.5061292Z [command]/usr/bin/git config --global --add safe.directory /home/runner/work/scratchattach/scratchattach
2025-09-03T06:55:56.5097456Z [command]/usr/bin/git config --local --get remote.origin.url
2025-09-03T06:55:56.5117776Z https://github.com/Boss-1s/scratchattach
2025-09-03T06:55:56.5130239Z ##[group]Removing previously created refs, to avoid conflicts
2025-09-03T06:55:56.5134347Z [command]/usr/bin/git rev-parse --symbolic-full-name --verify --quiet HEAD
2025-09-03T06:55:56.5153691Z refs/heads/main
2025-09-03T06:55:56.5163227Z [command]/usr/bin/git checkout --detach
2025-09-03T06:55:56.5473175Z HEAD is now at 00676d5 [BOT] Download Logs
2025-09-03T06:55:56.5518621Z [command]/usr/bin/git branch --delete --force main
2025-09-03T06:55:56.5543328Z Deleted branch main (was 00676d5).
2025-09-03T06:55:56.5577092Z ##[endgroup]
2025-09-03T06:55:56.5580779Z [command]/usr/bin/git submodule status
2025-09-03T06:55:56.5798924Z ##[group]Cleaning the repository
2025-09-03T06:55:56.5803901Z [command]/usr/bin/git clean -ffdx
2025-09-03T06:55:56.5835825Z [command]/usr/bin/git reset --hard HEAD
2025-09-03T06:55:56.5869951Z HEAD is now at 00676d5 [BOT] Download Logs
2025-09-03T06:55:56.5874833Z ##[endgroup]
2025-09-03T06:55:56.5876549Z ##[group]Disabling automatic garbage collection
2025-09-03T06:55:56.5880372Z [command]/usr/bin/git config --local gc.auto 0
2025-09-03T06:55:56.5906897Z ##[endgroup]
2025-09-03T06:55:56.5907478Z ##[group]Setting up auth
2025-09-03T06:55:56.5914200Z [command]/usr/bin/git config --local --name-only --get-regexp core\.sshCommand
2025-09-03T06:55:56.5942055Z [command]/usr/bin/git submodule foreach --recursive sh -c "git config --local --name-only --get-regexp 'core\.sshCommand' && git config --local --unset-all 'core.sshCommand' || :"
2025-09-03T06:55:56.6166570Z [command]/usr/bin/git config --local --name-only --get-regexp http\.https\:\/\/github\.com\/\.extraheader
2025-09-03T06:55:56.6190376Z http.https://github.com/.extraheader
2025-09-03T06:55:56.6203088Z [command]/usr/bin/git config --local --unset-all http.https://github.com/.extraheader
2025-09-03T06:55:56.6236502Z [command]/usr/bin/git submodule foreach --recursive sh -c "git config --local --name-only --get-regexp 'http\.https\:\/\/github\.com\/\.extraheader' && git config --local --unset-all 'http.https://github.com/.extraheader' || :"
2025-09-03T06:55:56.6473327Z [command]/usr/bin/git config --local http.https://github.com/.extraheader AUTHORIZATION: basic ***
2025-09-03T06:55:56.6517451Z ##[endgroup]
2025-09-03T06:55:56.6518035Z ##[group]Fetching the repository
2025-09-03T06:55:56.6526871Z [command]/usr/bin/git -c protocol.version=2 fetch --no-tags --prune --no-recurse-submodules --depth=1 origin +refs/heads/main*:refs/remotes/origin/main* +refs/tags/main*:refs/tags/main*
2025-09-03T06:55:57.0112338Z ##[endgroup]
2025-09-03T06:55:57.0112968Z ##[group]Determining the checkout info
2025-09-03T06:55:57.0120165Z [command]/usr/bin/git branch --list --remote origin/main
2025-09-03T06:55:57.0143705Z   origin/main
2025-09-03T06:55:57.0148139Z ##[endgroup]
2025-09-03T06:55:57.0152714Z [command]/usr/bin/git sparse-checkout disable
2025-09-03T06:55:57.0190957Z [command]/usr/bin/git config --local --unset-all extensions.worktreeConfig
2025-09-03T06:55:57.0216371Z ##[group]Checking out the ref
2025-09-03T06:55:57.0220464Z [command]/usr/bin/git checkout --progress --force -B main refs/remotes/origin/main
2025-09-03T06:55:57.0259279Z Switched to a new branch 'main'
2025-09-03T06:55:57.0261696Z branch 'main' set up to track 'origin/main'.
2025-09-03T06:55:57.0267575Z ##[endgroup]
2025-09-03T06:55:57.0302147Z [command]/usr/bin/git log -1 --format=%H
2025-09-03T06:55:57.0325961Z 00676d5627fb895633b963fa027217c9b38c324b
2025-09-03T06:55:57.0436566Z ##[group]Run timeout 359m python3 message_viewer.py || { [[ $? -eq 124 ]] && exit 0; }
2025-09-03T06:55:57.0437150Z [36;1mtimeout 359m python3 message_viewer.py || { [[ $? -eq 124 ]] && exit 0; }[0m
2025-09-03T06:55:57.0468259Z shell: /usr/bin/bash -e {0}
2025-09-03T06:55:57.0468483Z env:
2025-09-03T06:55:57.0468735Z   pythonLocation: /opt/hostedtoolcache/Python/3.12.5/x64
2025-09-03T06:55:57.0469157Z   PKG_CONFIG_PATH: /opt/hostedtoolcache/Python/3.12.5/x64/lib/pkgconfig
2025-09-03T06:55:57.0469730Z   Python_ROOT_DIR: /opt/hostedtoolcache/Python/3.12.5/x64
2025-09-03T06:55:57.0470081Z   Python2_ROOT_DIR: /opt/hostedtoolcache/Python/3.12.5/x64
2025-09-03T06:55:57.0470416Z   Python3_ROOT_DIR: /opt/hostedtoolcache/Python/3.12.5/x64
2025-09-03T06:55:57.0470763Z   LD_LIBRARY_PATH: /opt/hostedtoolcache/Python/3.12.5/x64/lib
2025-09-03T06:55:57.0471166Z   PASS: ***
2025-09-03T06:55:57.0471336Z ##[endgroup]
2025-09-03T06:55:58.3498395Z Thanks for giving credit for CloudRequests!
2025-09-03T06:55:58.3498990Z Request handler is running
2025-09-03T06:55:58.3506092Z Request handler is running
2025-09-03T12:54:57.0617559Z Post job cleanup.
2025-09-03T12:54:57.1371126Z [command]/usr/bin/git version
2025-09-03T12:54:57.1409413Z git version 2.51.0
2025-09-03T12:54:57.1446269Z Temporarily overriding HOME='/home/runner/work/_temp/398e6fbb-5828-4eac-9ed1-5c3a5c516823' before making global git config changes
2025-09-03T12:54:57.1447549Z Adding repository directory to the temporary git global config as a safe directory
2025-09-03T12:54:57.1451967Z [command]/usr/bin/git config --global --add safe.directory /home/runner/work/scratchattach/scratchattach
2025-09-03T12:54:57.1487347Z [command]/usr/bin/git config --local --name-only --get-regexp core\.sshCommand
2025-09-03T12:54:57.1517630Z [command]/usr/bin/git submodule foreach --recursive sh -c "git config --local --name-only --get-regexp 'core\.sshCommand' && git config --local --unset-all 'core.sshCommand' || :"
2025-09-03T12:54:57.1736676Z [command]/usr/bin/git config --local --name-only --get-regexp http\.https\:\/\/github\.com\/\.extraheader
2025-09-03T12:54:57.1758435Z http.https://github.com/.extraheader
2025-09-03T12:54:57.1768030Z [command]/usr/bin/git config --local --unset-all http.https://github.com/.extraheader
2025-09-03T12:54:57.1798421Z [command]/usr/bin/git submodule foreach --recursive sh -c "git config --local --name-only --get-regexp 'http\.https\:\/\/github\.com\/\.extraheader' && git config --local --unset-all 'http.https://github.com/.extraheader' || :"
2025-09-03T12:54:57.2120821Z Post job cleanup.
2025-09-03T12:54:57.3751219Z Post job cleanup.
2025-09-03T12:54:57.4528946Z [command]/usr/bin/git version
2025-09-03T12:54:57.4570333Z git version 2.51.0
2025-09-03T12:54:57.4607865Z Temporarily overriding HOME='/home/runner/work/_temp/a052ec89-5150-4f67-bce3-55b22f9352f1' before making global git config changes
2025-09-03T12:54:57.4609286Z Adding repository directory to the temporary git global config as a safe directory
2025-09-03T12:54:57.4613883Z [command]/usr/bin/git config --global --add safe.directory /home/runner/work/scratchattach/scratchattach
2025-09-03T12:54:57.4650901Z [command]/usr/bin/git config --local --name-only --get-regexp core\.sshCommand
2025-09-03T12:54:57.4684707Z [command]/usr/bin/git submodule foreach --recursive sh -c "git config --local --name-only --get-regexp 'core\.sshCommand' && git config --local --unset-all 'core.sshCommand' || :"
2025-09-03T12:54:57.4918637Z [command]/usr/bin/git config --local --name-only --get-regexp http\.https\:\/\/github\.com\/\.extraheader
2025-09-03T12:54:57.4953127Z [command]/usr/bin/git submodule foreach --recursive sh -c "git config --local --name-only --get-regexp 'http\.https\:\/\/github\.com\/\.extraheader' && git config --local --unset-all 'http.https://github.com/.extraheader' || :"
2025-09-03T12:54:57.5316861Z Cleaning up orphan processes
