2026-01-01T17:18:15.5570210Z Current runner version: '2.330.0'
2026-01-01T17:18:15.5584970Z ##[group]Runner Image Provisioner
2026-01-01T17:18:15.5585450Z Hosted Compute Agent
2026-01-01T17:18:15.5585770Z Version: 20251211.462
2026-01-01T17:18:15.5586150Z Commit: 6cbad8c2bb55d58165063d031ccabf57e2d2db61
2026-01-01T17:18:15.5586580Z Build Date: 2025-12-11T16:28:49Z
2026-01-01T17:18:15.5586970Z Worker ID: {2a9b41e1-fd2d-4428-8407-ce3d647f3c64}
2026-01-01T17:18:15.5587390Z ##[endgroup]
2026-01-01T17:18:15.5587710Z ##[group]Operating System
2026-01-01T17:18:15.5588060Z macOS
2026-01-01T17:18:15.5588330Z 15.7.2
2026-01-01T17:18:15.5588600Z 24G325
2026-01-01T17:18:15.5588870Z ##[endgroup]
2026-01-01T17:18:15.5589180Z ##[group]Runner Image
2026-01-01T17:18:15.5589500Z Image: macos-15-arm64
2026-01-01T17:18:15.5589820Z Version: 20251215.0075.1
2026-01-01T17:18:15.5590510Z Included Software: https://github.com/actions/runner-images/blob/macos-15-arm64/20251215.0075/images/macos/macos-15-arm64-Readme.md
2026-01-01T17:18:15.5591530Z Image Release: https://github.com/actions/runner-images/releases/tag/macos-15-arm64%2F20251215.0075
2026-01-01T17:18:15.5592150Z ##[endgroup]
2026-01-01T17:18:15.5592770Z ##[group]GITHUB_TOKEN Permissions
2026-01-01T17:18:15.5593680Z Contents: read
2026-01-01T17:18:15.5593980Z Metadata: read
2026-01-01T17:18:15.5594290Z ##[endgroup]
2026-01-01T17:18:15.5595570Z Secret source: Actions
2026-01-01T17:18:15.5595950Z Prepare workflow directory
2026-01-01T17:18:15.5826770Z Prepare all required actions
2026-01-01T17:18:15.5859250Z Getting action download info
2026-01-01T17:18:15.9271700Z Download action repository 'actions/checkout@v6.0.1' (SHA:8e8c483db84b4bee98b60c0593521ed34d9990e8)
2026-01-01T17:18:16.1456040Z Download action repository 'actions/setup-python@v6.1.0' (SHA:83679a892e2d95755f2dac6acb0bfd1e9ac5d548)
2026-01-01T17:18:16.3209960Z Complete job name: build (3.12, macos-latest)
2026-01-01T17:18:16.3607420Z ##[group]Run actions/checkout@v6.0.1
2026-01-01T17:18:16.3607930Z with:
2026-01-01T17:18:16.3608200Z   ref: scratch_chat_dev
2026-01-01T17:18:16.3608530Z   repository: Boss-1s/scratchattach
2026-01-01T17:18:16.3609030Z   token: ***
2026-01-01T17:18:16.3609290Z   ssh-strict: true
2026-01-01T17:18:16.3609600Z   ssh-user: git
2026-01-01T17:18:16.3609900Z   persist-credentials: true
2026-01-01T17:18:16.3610210Z   clean: true
2026-01-01T17:18:16.3610500Z   sparse-checkout-cone-mode: true
2026-01-01T17:18:16.3610830Z   fetch-depth: 1
2026-01-01T17:18:16.3611110Z   fetch-tags: false
2026-01-01T17:18:16.3611400Z   show-progress: true
2026-01-01T17:18:16.3611690Z   lfs: false
2026-01-01T17:18:16.3611950Z   submodules: false
2026-01-01T17:18:16.3612250Z   set-safe-directory: true
2026-01-01T17:18:16.3612720Z ##[endgroup]
2026-01-01T17:18:16.6958550Z Syncing repository: Boss-1s/scratchattach
2026-01-01T17:18:16.6962730Z ##[group]Getting Git version info
2026-01-01T17:18:16.6968400Z Working directory is '/Users/runner/work/scratchattach/scratchattach'
2026-01-01T17:18:16.6974430Z [command]/opt/homebrew/bin/git version
2026-01-01T17:18:16.7501820Z git version 2.50.1
2026-01-01T17:18:16.7511630Z ##[endgroup]
2026-01-01T17:18:16.7517940Z Copying '/Users/runner/.gitconfig' to '/Users/runner/work/_temp/96428d9a-95fb-4959-8812-7dd7361354cd/.gitconfig'
2026-01-01T17:18:16.7524630Z Temporarily overriding HOME='/Users/runner/work/_temp/96428d9a-95fb-4959-8812-7dd7361354cd' before making global git config changes
2026-01-01T17:18:16.7525660Z Adding repository directory to the temporary git global config as a safe directory
2026-01-01T17:18:16.7528310Z [command]/opt/homebrew/bin/git config --global --add safe.directory /Users/runner/work/scratchattach/scratchattach
2026-01-01T17:18:16.7696140Z Deleting the contents of '/Users/runner/work/scratchattach/scratchattach'
2026-01-01T17:18:16.7697860Z ##[group]Initializing the repository
2026-01-01T17:18:16.7698950Z [command]/opt/homebrew/bin/git init /Users/runner/work/scratchattach/scratchattach
2026-01-01T17:18:16.7839670Z hint: Using 'master' as the name for the initial branch. This default branch name
2026-01-01T17:18:16.7850460Z hint: is subject to change. To configure the initial branch name to use in all
2026-01-01T17:18:16.7866470Z hint: of your new repositories, which will suppress this warning, call:
2026-01-01T17:18:16.7867100Z hint:
2026-01-01T17:18:16.7867550Z hint: 	git config --global init.defaultBranch <name>
2026-01-01T17:18:16.7868020Z hint:
2026-01-01T17:18:16.7868490Z hint: Names commonly chosen instead of 'master' are 'main', 'trunk' and
2026-01-01T17:18:16.7869160Z hint: 'development'. The just-created branch can be renamed via this command:
2026-01-01T17:18:16.7869720Z hint:
2026-01-01T17:18:16.7870140Z hint: 	git branch -m <name>
2026-01-01T17:18:16.7870570Z hint:
2026-01-01T17:18:16.7871080Z hint: Disable this message with "git config set advice.defaultBranchName false"
2026-01-01T17:18:16.7872290Z Initialized empty Git repository in /Users/runner/work/scratchattach/scratchattach/.git/
2026-01-01T17:18:16.7873950Z [command]/opt/homebrew/bin/git remote add origin https://github.com/Boss-1s/scratchattach
2026-01-01T17:18:16.7935400Z ##[endgroup]
2026-01-01T17:18:16.7935970Z ##[group]Disabling automatic garbage collection
2026-01-01T17:18:16.7937570Z [command]/opt/homebrew/bin/git config --local gc.auto 0
2026-01-01T17:18:16.7997280Z ##[endgroup]
2026-01-01T17:18:16.7997800Z ##[group]Setting up auth
2026-01-01T17:18:16.7998170Z Removing SSH command configuration
2026-01-01T17:18:16.8002370Z [command]/opt/homebrew/bin/git config --local --name-only --get-regexp core\.sshCommand
2026-01-01T17:18:16.8096510Z [command]/opt/homebrew/bin/git submodule foreach --recursive sh -c "git config --local --name-only --get-regexp 'core\.sshCommand' && git config --local --unset-all 'core.sshCommand' || :"
2026-01-01T17:18:16.9096100Z Removing HTTP extra header
2026-01-01T17:18:16.9100270Z [command]/opt/homebrew/bin/git config --local --name-only --get-regexp http\.https\:\/\/github\.com\/\.extraheader
2026-01-01T17:18:16.9156290Z [command]/opt/homebrew/bin/git submodule foreach --recursive sh -c "git config --local --name-only --get-regexp 'http\.https\:\/\/github\.com\/\.extraheader' && git config --local --unset-all 'http.https://github.com/.extraheader' || :"
2026-01-01T17:18:17.0138610Z Removing includeIf entries pointing to credentials config files
2026-01-01T17:18:17.0140680Z [command]/opt/homebrew/bin/git config --local --name-only --get-regexp ^includeIf\.gitdir:
2026-01-01T17:18:17.0148300Z [command]/opt/homebrew/bin/git submodule foreach --recursive git config --local --show-origin --name-only --get-regexp remote.origin.url
2026-01-01T17:18:17.1513280Z [command]/opt/homebrew/bin/git config --file /Users/runner/work/_temp/git-credentials-232d680b-63df-47e1-9b28-028590666346.config http.https://github.com/.extraheader AUTHORIZATION: basic ***
2026-01-01T17:18:17.1643990Z [command]/opt/homebrew/bin/git config --local includeIf.gitdir:/Users/runner/work/scratchattach/scratchattach/.git.path /Users/runner/work/_temp/git-credentials-232d680b-63df-47e1-9b28-028590666346.config
2026-01-01T17:18:17.1646480Z [command]/opt/homebrew/bin/git config --local includeIf.gitdir:/Users/runner/work/scratchattach/scratchattach/.git/worktrees/*.path /Users/runner/work/_temp/git-credentials-232d680b-63df-47e1-9b28-028590666346.config
2026-01-01T17:18:17.1654110Z [command]/opt/homebrew/bin/git config --local includeIf.gitdir:/github/workspace/.git.path /github/runner_temp/git-credentials-232d680b-63df-47e1-9b28-028590666346.config
2026-01-01T17:18:17.1703430Z [command]/opt/homebrew/bin/git config --local includeIf.gitdir:/github/workspace/.git/worktrees/*.path /github/runner_temp/git-credentials-232d680b-63df-47e1-9b28-028590666346.config
2026-01-01T17:18:17.1715210Z ##[endgroup]
2026-01-01T17:18:17.1715750Z ##[group]Fetching the repository
2026-01-01T17:18:17.1717010Z [command]/opt/homebrew/bin/git -c protocol.version=2 fetch --no-tags --prune --no-recurse-submodules --depth=1 origin +refs/heads/scratch_chat_dev*:refs/remotes/origin/scratch_chat_dev* +refs/tags/scratch_chat_dev*:refs/tags/scratch_chat_dev*
2026-01-01T17:18:19.8601910Z From https://github.com/Boss-1s/scratchattach
2026-01-01T17:18:19.8603370Z  * [new branch]      scratch_chat_dev -> origin/scratch_chat_dev
2026-01-01T17:18:19.8683680Z ##[endgroup]
2026-01-01T17:18:19.8684350Z ##[group]Determining the checkout info
2026-01-01T17:18:19.8687900Z [command]/opt/homebrew/bin/git branch --list --remote origin/scratch_chat_dev
2026-01-01T17:18:19.8780740Z   origin/scratch_chat_dev
2026-01-01T17:18:19.8782730Z ##[endgroup]
2026-01-01T17:18:19.8786370Z [command]/opt/homebrew/bin/git sparse-checkout disable
2026-01-01T17:18:19.8875960Z [command]/opt/homebrew/bin/git config --local --unset-all extensions.worktreeConfig
2026-01-01T17:18:19.8936270Z ##[group]Checking out the ref
2026-01-01T17:18:19.8938270Z [command]/opt/homebrew/bin/git checkout --progress --force -B scratch_chat_dev refs/remotes/origin/scratch_chat_dev
2026-01-01T17:18:20.9725230Z Updating files:  86% (2219/2552)
2026-01-01T17:18:20.9822650Z Updating files:  87% (2221/2552)
2026-01-01T17:18:21.0005030Z Updating files:  88% (2246/2552)
2026-01-01T17:18:21.0160240Z Updating files:  89% (2272/2552)
2026-01-01T17:18:21.0210810Z Updating files:  90% (2297/2552)
2026-01-01T17:18:21.0302690Z Updating files:  91% (2323/2552)
2026-01-01T17:18:21.0444560Z Updating files:  92% (2348/2552)
2026-01-01T17:18:21.0463280Z Updating files:  93% (2374/2552)
2026-01-01T17:18:21.0579130Z Updating files:  94% (2399/2552)
2026-01-01T17:18:21.0638870Z Updating files:  95% (2425/2552)
2026-01-01T17:18:21.0811730Z Updating files:  96% (2450/2552)
2026-01-01T17:18:21.0848910Z Updating files:  97% (2476/2552)
2026-01-01T17:18:21.0950070Z Updating files:  98% (2501/2552)
2026-01-01T17:18:21.1010320Z Updating files:  99% (2527/2552)
2026-01-01T17:18:21.1012160Z Updating files: 100% (2552/2552)
2026-01-01T17:18:21.1023510Z Updating files: 100% (2552/2552), done.
2026-01-01T17:18:21.1109310Z Switched to a new branch 'scratch_chat_dev'
2026-01-01T17:18:21.1144830Z branch 'scratch_chat_dev' set up to track 'origin/scratch_chat_dev'.
2026-01-01T17:18:21.1224550Z ##[endgroup]
2026-01-01T17:18:21.1357700Z [command]/opt/homebrew/bin/git log -1 --format=%H
2026-01-01T17:18:21.1449900Z a1d83958ce82cd3e085bc60f05ba015479948590
2026-01-01T17:18:21.1888330Z ##[group]Run actions/setup-python@v6.1.0
2026-01-01T17:18:21.1889240Z with:
2026-01-01T17:18:21.1889870Z   python-version: 3.12
2026-01-01T17:18:21.1890540Z   check-latest: false
2026-01-01T17:18:21.1891530Z   token: ***
2026-01-01T17:18:21.1892230Z   update-environment: true
2026-01-01T17:18:21.1893060Z   allow-prereleases: false
2026-01-01T17:18:21.1893840Z   freethreaded: false
2026-01-01T17:18:21.1894530Z ##[endgroup]
2026-01-01T17:18:21.4140250Z ##[group]Installed versions
2026-01-01T17:18:21.4218070Z (node:1589) [DEP0040] DeprecationWarning: The `punycode` module is deprecated. Please use a userland alternative instead.
2026-01-01T17:18:21.4220290Z Successfully set up CPython (3.12.10)
2026-01-01T17:18:21.4222590Z ##[endgroup]
2026-01-01T17:18:21.4267920Z (Use `node --trace-deprecation ...` to show where the warning was created)
2026-01-01T17:18:21.4380300Z ##[group]Run cd test
2026-01-01T17:18:21.4381060Z [36;1mcd test[0m
2026-01-01T17:18:21.4383010Z [36;1mpython3 o_test1.py[0m
2026-01-01T17:18:21.4541390Z shell: /bin/bash -e {0}
2026-01-01T17:18:21.4542280Z env:
2026-01-01T17:18:21.4543150Z   pythonLocation: /Users/runner/hostedtoolcache/Python/3.12.10/arm64
2026-01-01T17:18:21.4544660Z   PKG_CONFIG_PATH: /Users/runner/hostedtoolcache/Python/3.12.10/arm64/lib/pkgconfig
2026-01-01T17:18:21.4547590Z   Python_ROOT_DIR: /Users/runner/hostedtoolcache/Python/3.12.10/arm64
2026-01-01T17:18:21.4548880Z   Python2_ROOT_DIR: /Users/runner/hostedtoolcache/Python/3.12.10/arm64
2026-01-01T17:18:21.4552190Z   Python3_ROOT_DIR: /Users/runner/hostedtoolcache/Python/3.12.10/arm64
2026-01-01T17:18:21.4554980Z ##[endgroup]
2026-01-01T17:18:21.8353360Z File otest.json not found. Creating a new one.
2026-01-01T17:18:21.8455990Z Data for key test_top_level_key stored successfully in otest.json.
2026-01-01T17:18:21.8557360Z Data for key test_top_level_key2 stored successfully in otest.json.
2026-01-01T17:18:21.8624160Z Traceback (most recent call last):
2026-01-01T17:18:21.8660500Z Data for key test_top_level_key2 stored successfully in otest.json.
2026-01-01T17:18:21.8730050Z   File "/Users/runner/work/scratchattach/scratchattach/test/o_test1.py", line 79, in <module>
2026-01-01T17:18:21.8762930Z File 'otest.json' not found. Creating a new one.
2026-01-01T17:18:21.8828960Z     assert db_get_subkeys_values(file, "test_top_level_key2") == ["sk1: val1","sk2: the fate of sigma","sk3: val3","sk4: the fate of shard"],"Adding subkey-value pairs has failed. Try checking the store method."
2026-01-01T17:18:21.8858890Z Data for key 'test_top_level_key' stored successfully in 'otest.json'.
2026-01-01T17:18:21.8859810Z            ^^^^^^^^^^^^^^^^^^^^^^^^^^^^^^^^^^^^^^^^^^^^^^^^^^^^^^^^^^^^^^^^^^^^^^^^^^^^^^^^^^^^^^^^^^^^^^^^^^^^^^^^^^^^^^^^^^^^^^^^^^^^^^^^^
2026-01-01T17:18:21.8860440Z Sucessfully added values ['val1', 'skibidi toilet'] to subkeys ['sk1', 'sk2'], respectively.
2026-01-01T17:18:21.8861060Z AssertionError: Adding subkey-value pairs has failed. Try checking the store method.
2026-01-01T17:18:21.8861580Z Data for key 'test_top_level_key2' stored successfully in 'otest.json'.
2026-01-01T17:18:21.8862860Z Sucessfully added values ['val1', 'the fate of sigma'] to subkeys ['sk1', 'sk2'], respectively.
2026-01-01T17:18:21.8863500Z Data for key 'test_top_level_key2' stored successfully in 'otest.json'.
2026-01-01T17:18:21.8864190Z Sucessfully added values ['val3', 'the fate of shard'] to subkeys ['sk3', 'sk4'], respectively.
2026-01-01T17:18:21.8875050Z ##[error]Process completed with exit code 1.
2026-01-01T17:18:21.8982530Z Post job cleanup.
2026-01-01T17:18:22.0436550Z [command]/opt/homebrew/bin/git version
2026-01-01T17:18:22.0542280Z git version 2.50.1
2026-01-01T17:18:22.1051560Z Copying '/Users/runner/.gitconfig' to '/Users/runner/work/_temp/123c7dc8-768b-4700-abd5-d1da554274b3/.gitconfig'
2026-01-01T17:18:22.1156210Z Temporarily overriding HOME='/Users/runner/work/_temp/123c7dc8-768b-4700-abd5-d1da554274b3' before making global git config changes
2026-01-01T17:18:22.1256290Z Adding repository directory to the temporary git global config as a safe directory
2026-01-01T17:18:22.1358480Z [command]/opt/homebrew/bin/git config --global --add safe.directory /Users/runner/work/scratchattach/scratchattach
2026-01-01T17:18:22.1619140Z Removing SSH command configuration
2026-01-01T17:18:22.1626390Z [command]/opt/homebrew/bin/git config --local --name-only --get-regexp core\.sshCommand
2026-01-01T17:18:22.1899290Z [command]/opt/homebrew/bin/git submodule foreach --recursive sh -c "git config --local --name-only --get-regexp 'core\.sshCommand' && git config --local --unset-all 'core.sshCommand' || :"
2026-01-01T17:18:22.2833010Z Removing HTTP extra header
2026-01-01T17:18:22.2934700Z [command]/opt/homebrew/bin/git config --local --name-only --get-regexp http\.https\:\/\/github\.com\/\.extraheader
2026-01-01T17:18:22.3238770Z [command]/opt/homebrew/bin/git submodule foreach --recursive sh -c "git config --local --name-only --get-regexp 'http\.https\:\/\/github\.com\/\.extraheader' && git config --local --unset-all 'http.https://github.com/.extraheader' || :"
2026-01-01T17:18:22.3937410Z Removing includeIf entries pointing to credentials config files
2026-01-01T17:18:22.3938240Z [command]/opt/homebrew/bin/git config --local --name-only --get-regexp ^includeIf\.gitdir:
2026-01-01T17:18:22.3988490Z includeif.gitdir:/Users/runner/work/scratchattach/scratchattach/.git.path
2026-01-01T17:18:22.3992730Z includeif.gitdir:/Users/runner/work/scratchattach/scratchattach/.git/worktrees/*.path
2026-01-01T17:18:22.3993370Z includeif.gitdir:/github/workspace/.git.path
2026-01-01T17:18:22.3993990Z includeif.gitdir:/github/workspace/.git/worktrees/*.path
2026-01-01T17:18:22.3995770Z [command]/opt/homebrew/bin/git config --local --get-all includeif.gitdir:/Users/runner/work/scratchattach/scratchattach/.git.path
2026-01-01T17:18:22.4047830Z /Users/runner/work/_temp/git-credentials-232d680b-63df-47e1-9b28-028590666346.config
2026-01-01T17:18:22.4054590Z [command]/opt/homebrew/bin/git config --local --unset includeif.gitdir:/Users/runner/work/scratchattach/scratchattach/.git.path /Users/runner/work/_temp/git-credentials-232d680b-63df-47e1-9b28-028590666346.config
2026-01-01T17:18:22.4115490Z [command]/opt/homebrew/bin/git config --local --get-all includeif.gitdir:/Users/runner/work/scratchattach/scratchattach/.git/worktrees/*.path
2026-01-01T17:18:22.4168390Z /Users/runner/work/_temp/git-credentials-232d680b-63df-47e1-9b28-028590666346.config
2026-01-01T17:18:22.4173160Z [command]/opt/homebrew/bin/git config --local --unset includeif.gitdir:/Users/runner/work/scratchattach/scratchattach/.git/worktrees/*.path /Users/runner/work/_temp/git-credentials-232d680b-63df-47e1-9b28-028590666346.config
2026-01-01T17:18:22.4491050Z [command]/opt/homebrew/bin/git config --local --get-all includeif.gitdir:/github/workspace/.git.path
2026-01-01T17:18:22.4569730Z /github/runner_temp/git-credentials-232d680b-63df-47e1-9b28-028590666346.config
2026-01-01T17:18:22.4574070Z [command]/opt/homebrew/bin/git config --local --unset includeif.gitdir:/github/workspace/.git.path /github/runner_temp/git-credentials-232d680b-63df-47e1-9b28-028590666346.config
2026-01-01T17:18:22.4577540Z [command]/opt/homebrew/bin/git config --local --get-all includeif.gitdir:/github/workspace/.git/worktrees/*.path
2026-01-01T17:18:22.4632030Z /github/runner_temp/git-credentials-232d680b-63df-47e1-9b28-028590666346.config
2026-01-01T17:18:22.4675010Z [command]/opt/homebrew/bin/git config --local --unset includeif.gitdir:/github/workspace/.git/worktrees/*.path /github/runner_temp/git-credentials-232d680b-63df-47e1-9b28-028590666346.config
2026-01-01T17:18:22.4717910Z [command]/opt/homebrew/bin/git submodule foreach --recursive git config --local --show-origin --name-only --get-regexp remote.origin.url
2026-01-01T17:18:22.6112030Z Removing credentials config '/Users/runner/work/_temp/git-credentials-232d680b-63df-47e1-9b28-028590666346.config'
2026-01-01T17:18:22.6470050Z Cleaning up orphan processes
